Running main() from gmock_main.cc
[==========] Running 1 test from 1 test suite.
[----------] Global test environment set-up.
[----------] 1 test from BPlusTreeConcurrentTest
[ DISABLED ] BPlusTreeConcurrentTest.DISABLED_InsertTest1
[ DISABLED ] BPlusTreeConcurrentTest.DISABLED_InsertTest2
[ DISABLED ] BPlusTreeConcurrentTest.DISABLED_DeleteTest1
[ DISABLED ] BPlusTreeConcurrentTest.DISABLED_DeleteTest2
[ DISABLED ] BPlusTreeConcurrentTest.DISABLED_MixTest1
[ RUN      ] BPlusTreeConcurrentTest.MixTest2
leaf_max_size 254
Insert  tid 105929
Insert  tid 105929
new root page id: 1 tid 105929
Insert  tid 105929
FindTargetPageId rootid 1 tid 105929
1 tid 105929
Insert  tid 105929
FindTargetPageId rootid 1 tid 105929
2 tid 105929
Insert  tid 105929
FindTargetPageId rootid 1 tid 105929
3 tid 105929
Insert  tid 105929
FindTargetPageId rootid 1 tid 105929
4 tid 105929
Insert  tid 105929
FindTargetPageId rootid 1 tid 105929
5 tid 105929
Insert  tid 105929
FindTargetPageId rootid 1 tid 105929
6 tid 105929
Insert  tid 105929
FindTargetPageId rootid 1 tid 105929
7 tid 105929
Insert  tid 105929
FindTargetPageId rootid 1 tid 105929
8 tid 105929
Insert  tid 105929
FindTargetPageId rootid 1 tid 105929
9 tid 105929
Insert  tid 105929
FindTargetPageId rootid 1 tid 105929
10 tid 105929
Insert  tid 105929
FindTargetPageId rootid 1 tid 105929
11 tid 105929
Insert  tid 105929
FindTargetPageId rootid 1 tid 105929
12 tid 105929
Insert  tid 105929
FindTargetPageId rootid 1 tid 105929
13 tid 105929
Insert  tid 105929
FindTargetPageId rootid 1 tid 105929
14 tid 105929
Insert  tid 105929
FindTargetPageId rootid 1 tid 105929
15 tid 105929
Insert  tid 105929
FindTargetPageId rootid 1 tid 105929
16 tid 105929
Insert  tid 105929
FindTargetPageId rootid 1 tid 105929
17 tid 105929
Insert  tid 105929
FindTargetPageId rootid 1 tid 105929
18 tid 105929
Insert  tid 105929
FindTargetPageId rootid 1 tid 105929
19 tid 105929
Insert  tid 105929
FindTargetPageId rootid 1 tid 105929
20 tid 105929
Insert  tid 105929
FindTargetPageId rootid 1 tid 105929
21 tid 105929
Insert  tid 105929
FindTargetPageId rootid 1 tid 105929
22 tid 105929
Insert  tid 105929
FindTargetPageId rootid 1 tid 105929
23 tid 105929
Insert  tid 105929
FindTargetPageId rootid 1 tid 105929
24 tid 105929
Insert  tid 105929
FindTargetPageId rootid 1 tid 105929
25 tid 105929
Insert  tid 105929
FindTargetPageId rootid 1 tid 105929
26 tid 105929
Insert  tid 105929
FindTargetPageId rootid 1 tid 105929
27 tid 105929
Insert  tid 105929
FindTargetPageId rootid 1 tid 105929
28 tid 105929
Insert  tid 105929
FindTargetPageId rootid 1 tid 105929
29 tid 105929
Insert  tid 105929
FindTargetPageId rootid 1 tid 105929
30 tid 105929
Insert  tid 105929
FindTargetPageId rootid 1 tid 105929
31 tid 105929
Insert  tid 105929
FindTargetPageId rootid 1 tid 105929
32 tid 105929
Insert  tid 105929
FindTargetPageId rootid 1 tid 105929
33 tid 105929
Insert  tid 105929
FindTargetPageId rootid 1 tid 105929
34 tid 105929
Insert  tid 105929
FindTargetPageId rootid 1 tid 105929
35 tid 105929
Insert  tid 105929
FindTargetPageId rootid 1 tid 105929
36 tid 105929
Insert  tid 105929
FindTargetPageId rootid 1 tid 105929
37 tid 105929
Insert  tid 105929
FindTargetPageId rootid 1 tid 105929
38 tid 105929
Insert  tid 105929
FindTargetPageId rootid 1 tid 105929
39 tid 105929
Insert  tid 105929
FindTargetPageId rootid 1 tid 105929
40 tid 105929
Insert  tid 105929
FindTargetPageId rootid 1 tid 105929
41 tid 105929
Insert  tid 105929
FindTargetPageId rootid 1 tid 105929
42 tid 105929
Insert  tid 105929
FindTargetPageId rootid 1 tid 105929
43 tid 105929
Insert  tid 105929
FindTargetPageId rootid 1 tid 105929
44 tid 105929
Insert  tid 105929
FindTargetPageId rootid 1 tid 105929
45 tid 105929
Insert  tid 105929
FindTargetPageId rootid 1 tid 105929
46 tid 105929
Insert  tid 105929
FindTargetPageId rootid 1 tid 105929
47 tid 105929
Insert  tid 105929
FindTargetPageId rootid 1 tid 105929
48 tid 105929
Insert  tid 105929
FindTargetPageId rootid 1 tid 105929
49 tid 105929
Insert  tid 105929
FindTargetPageId rootid 1 tid 105929
50 tid 105929
Insert  tid 105929
FindTargetPageId rootid 1 tid 105929
51 tid 105929
Insert  tid 105929
FindTargetPageId rootid 1 tid 105929
52 tid 105929
Insert  tid 105929
FindTargetPageId rootid 1 tid 105929
53 tid 105929
Insert  tid 105929
FindTargetPageId rootid 1 tid 105929
54 tid 105929
Insert  tid 105929
FindTargetPageId rootid 1 tid 105929
55 tid 105929
Insert  tid 105929
FindTargetPageId rootid 1 tid 105929
56 tid 105929
Insert  tid 105929
FindTargetPageId rootid 1 tid 105929
57 tid 105929
Insert  tid 105929
FindTargetPageId rootid 1 tid 105929
58 tid 105929
Insert  tid 105929
FindTargetPageId rootid 1 tid 105929
59 tid 105929
Insert  tid 105929
FindTargetPageId rootid 1 tid 105929
60 tid 105929
Insert  tid 105929
FindTargetPageId rootid 1 tid 105929
61 tid 105929
Insert  tid 105929
FindTargetPageId rootid 1 tid 105929
62 tid 105929
Insert  tid 105929
FindTargetPageId rootid 1 tid 105929
63 tid 105929
Insert  tid 105929
FindTargetPageId rootid 1 tid 105929
64 tid 105929
Insert  tid 105929
FindTargetPageId rootid 1 tid 105929
65 tid 105929
Insert  tid 105929
FindTargetPageId rootid 1 tid 105929
66 tid 105929
Insert  tid 105929
FindTargetPageId rootid 1 tid 105929
67 tid 105929
Insert  tid 105929
FindTargetPageId rootid 1 tid 105929
68 tid 105929
Insert  tid 105929
FindTargetPageId rootid 1 tid 105929
69 tid 105929
Insert  tid 105929
FindTargetPageId rootid 1 tid 105929
70 tid 105929
Insert  tid 105929
FindTargetPageId rootid 1 tid 105929
71 tid 105929
Insert  tid 105929
FindTargetPageId rootid 1 tid 105929
72 tid 105929
Insert  tid 105929
FindTargetPageId rootid 1 tid 105929
73 tid 105929
Insert  tid 105929
FindTargetPageId rootid 1 tid 105929
74 tid 105929
Insert  tid 105929
FindTargetPageId rootid 1 tid 105929
75 tid 105929
Insert  tid 105929
FindTargetPageId rootid 1 tid 105929
76 tid 105929
Insert  tid 105929
FindTargetPageId rootid 1 tid 105929
77 tid 105929
Insert  tid 105929
FindTargetPageId rootid 1 tid 105929
78 tid 105929
Insert  tid 105929
FindTargetPageId rootid 1 tid 105929
79 tid 105929
Insert  tid 105929
FindTargetPageId rootid 1 tid 105929
80 tid 105929
Insert  tid 105929
FindTargetPageId rootid 1 tid 105929
81 tid 105929
Insert  tid 105929
FindTargetPageId rootid 1 tid 105929
82 tid 105929
Insert  tid 105929
FindTargetPageId rootid 1 tid 105929
83 tid 105929
Insert  tid 105929
FindTargetPageId rootid 1 tid 105929
84 tid 105929
Insert  tid 105929
FindTargetPageId rootid 1 tid 105929
85 tid 105929
Insert  tid 105929
FindTargetPageId rootid 1 tid 105929
86 tid 105929
Insert  tid 105929
FindTargetPageId rootid 1 tid 105929
87 tid 105929
Insert  tid 105929
FindTargetPageId rootid 1 tid 105929
88 tid 105929
Insert  tid 105929
FindTargetPageId rootid 1 tid 105929
89 tid 105929
Insert  tid 105929
FindTargetPageId rootid 1 tid 105929
90 tid 105929
Insert  tid 105929
FindTargetPageId rootid 1 tid 105929
91 tid 105929
Insert  tid 105929
FindTargetPageId rootid 1 tid 105929
92 tid 105929
Insert  tid 105929
FindTargetPageId rootid 1 tid 105929
93 tid 105929
Insert  tid 105929
FindTargetPageId rootid 1 tid 105929
94 tid 105929
Insert  tid 105929
FindTargetPageId rootid 1 tid 105929
95 tid 105929
Insert  tid 105929
FindTargetPageId rootid 1 tid 105929
96 tid 105929
Insert  tid 105929
FindTargetPageId rootid 1 tid 105929
97 tid 105929
Insert  tid 105929
FindTargetPageId rootid 1 tid 105929
98 tid 105929
Insert  tid 105929
FindTargetPageId rootid 1 tid 105929
99 tid 105929
Insert  tid 105929
FindTargetPageId rootid 1 tid 105929
100 tid 105929
Insert  tid 105929
FindTargetPageId rootid 1 tid 105929
101 tid 105929
Insert  tid 105929
FindTargetPageId rootid 1 tid 105929
102 tid 105929
Insert  tid 105929
FindTargetPageId rootid 1 tid 105929
103 tid 105929
Insert  tid 105929
FindTargetPageId rootid 1 tid 105929
104 tid 105929
Insert  tid 105929
FindTargetPageId rootid 1 tid 105929
105 tid 105929
Insert  tid 105929
FindTargetPageId rootid 1 tid 105929
106 tid 105929
Insert  tid 105929
FindTargetPageId rootid 1 tid 105929
107 tid 105929
Insert  tid 105929
FindTargetPageId rootid 1 tid 105929
108 tid 105929
Insert  tid 105929
FindTargetPageId rootid 1 tid 105929
109 tid 105929
Insert  tid 105929
FindTargetPageId rootid 1 tid 105929
110 tid 105929
Insert  tid 105929
FindTargetPageId rootid 1 tid 105929
111 tid 105929
Insert  tid 105929
FindTargetPageId rootid 1 tid 105929
112 tid 105929
Insert  tid 105929
FindTargetPageId rootid 1 tid 105929
113 tid 105929
Insert  tid 105929
FindTargetPageId rootid 1 tid 105929
114 tid 105929
Insert  tid 105929
FindTargetPageId rootid 1 tid 105929
115 tid 105929
Insert  tid 105929
FindTargetPageId rootid 1 tid 105929
116 tid 105929
Insert  tid 105929
FindTargetPageId rootid 1 tid 105929
117 tid 105929
Insert  tid 105929
FindTargetPageId rootid 1 tid 105929
118 tid 105929
Insert  tid 105929
FindTargetPageId rootid 1 tid 105929
119 tid 105929
Insert  tid 105929
FindTargetPageId rootid 1 tid 105929
120 tid 105929
Insert  tid 105929
FindTargetPageId rootid 1 tid 105929
121 tid 105929
Insert  tid 105929
FindTargetPageId rootid 1 tid 105929
122 tid 105929
Insert  tid 105929
FindTargetPageId rootid 1 tid 105929
123 tid 105929
Insert  tid 105929
FindTargetPageId rootid 1 tid 105929
124 tid 105929
Insert  tid 105929
FindTargetPageId rootid 1 tid 105929
125 tid 105929
Insert  tid 105929
FindTargetPageId rootid 1 tid 105929
126 tid 105929
Insert  tid 105929
FindTargetPageId rootid 1 tid 105929
127 tid 105929
Insert  tid 105929
FindTargetPageId rootid 1 tid 105929
128 tid 105929
Insert  tid 105929
FindTargetPageId rootid 1 tid 105929
129 tid 105929
Insert  tid 105929
FindTargetPageId rootid 1 tid 105929
130 tid 105929
Insert  tid 105929
FindTargetPageId rootid 1 tid 105929
131 tid 105929
Insert  tid 105929
FindTargetPageId rootid 1 tid 105929
132 tid 105929
Insert  tid 105929
FindTargetPageId rootid 1 tid 105929
133 tid 105929
Insert  tid 105929
FindTargetPageId rootid 1 tid 105929
134 tid 105929
Insert  tid 105929
FindTargetPageId rootid 1 tid 105929
135 tid 105929
Insert  tid 105929
FindTargetPageId rootid 1 tid 105929
136 tid 105929
Insert  tid 105929
FindTargetPageId rootid 1 tid 105929
137 tid 105929
Insert  tid 105929
FindTargetPageId rootid 1 tid 105929
138 tid 105929
Insert  tid 105929
FindTargetPageId rootid 1 tid 105929
139 tid 105929
Insert  tid 105929
FindTargetPageId rootid 1 tid 105929
140 tid 105929
Insert  tid 105929
FindTargetPageId rootid 1 tid 105929
141 tid 105929
Insert  tid 105929
FindTargetPageId rootid 1 tid 105929
142 tid 105929
Insert  tid 105929
FindTargetPageId rootid 1 tid 105929
143 tid 105929
Insert  tid 105929
FindTargetPageId rootid 1 tid 105929
144 tid 105929
Insert  tid 105929
FindTargetPageId rootid 1 tid 105929
145 tid 105929
Insert  tid 105929
FindTargetPageId rootid 1 tid 105929
146 tid 105929
Insert  tid 105929
FindTargetPageId rootid 1 tid 105929
147 tid 105929
Insert  tid 105929
FindTargetPageId rootid 1 tid 105929
148 tid 105929
Insert  tid 105929
FindTargetPageId rootid 1 tid 105929
149 tid 105929
Insert  tid 105929
FindTargetPageId rootid 1 tid 105929
150 tid 105929
Insert  tid 105929
FindTargetPageId rootid 1 tid 105929
151 tid 105929
Insert  tid 105929
FindTargetPageId rootid 1 tid 105929
152 tid 105929
Insert  tid 105929
FindTargetPageId rootid 1 tid 105929
153 tid 105929
Insert  tid 105929
FindTargetPageId rootid 1 tid 105929
154 tid 105929
Insert  tid 105929
FindTargetPageId rootid 1 tid 105929
155 tid 105929
Insert  tid 105929
FindTargetPageId rootid 1 tid 105929
156 tid 105929
Insert  tid 105929
FindTargetPageId rootid 1 tid 105929
157 tid 105929
Insert  tid 105929
FindTargetPageId rootid 1 tid 105929
158 tid 105929
Insert  tid 105929
FindTargetPageId rootid 1 tid 105929
159 tid 105929
Insert  tid 105929
FindTargetPageId rootid 1 tid 105929
160 tid 105929
Insert  tid 105929
FindTargetPageId rootid 1 tid 105929
161 tid 105929
Insert  tid 105929
FindTargetPageId rootid 1 tid 105929
162 tid 105929
Insert  tid 105929
FindTargetPageId rootid 1 tid 105929
163 tid 105929
Insert  tid 105929
FindTargetPageId rootid 1 tid 105929
164 tid 105929
Insert  tid 105929
FindTargetPageId rootid 1 tid 105929
165 tid 105929
Insert  tid 105929
FindTargetPageId rootid 1 tid 105929
166 tid 105929
Insert  tid 105929
FindTargetPageId rootid 1 tid 105929
167 tid 105929
Insert  tid 105929
FindTargetPageId rootid 1 tid 105929
168 tid 105929
Insert  tid 105929
FindTargetPageId rootid 1 tid 105929
169 tid 105929
Insert  tid 105929
FindTargetPageId rootid 1 tid 105929
170 tid 105929
Insert  tid 105929
FindTargetPageId rootid 1 tid 105929
171 tid 105929
Insert  tid 105929
FindTargetPageId rootid 1 tid 105929
172 tid 105929
Insert  tid 105929
FindTargetPageId rootid 1 tid 105929
173 tid 105929
Insert  tid 105929
FindTargetPageId rootid 1 tid 105929
174 tid 105929
Insert  tid 105929
FindTargetPageId rootid 1 tid 105929
175 tid 105929
Insert  tid 105929
FindTargetPageId rootid 1 tid 105929
176 tid 105929
Insert  tid 105929
FindTargetPageId rootid 1 tid 105929
177 tid 105929
Insert  tid 105929
FindTargetPageId rootid 1 tid 105929
178 tid 105929
Insert  tid 105929
FindTargetPageId rootid 1 tid 105929
179 tid 105929
Insert  tid 105929
FindTargetPageId rootid 1 tid 105929
180 tid 105929
Insert  tid 105929
FindTargetPageId rootid 1 tid 105929
181 tid 105929
Insert  tid 105929
FindTargetPageId rootid 1 tid 105929
182 tid 105929
Insert  tid 105929
FindTargetPageId rootid 1 tid 105929
183 tid 105929
Insert  tid 105929
FindTargetPageId rootid 1 tid 105929
184 tid 105929
Insert  tid 105929
FindTargetPageId rootid 1 tid 105929
185 tid 105929
Insert  tid 105929
FindTargetPageId rootid 1 tid 105929
186 tid 105929
Insert  tid 105929
FindTargetPageId rootid 1 tid 105929
187 tid 105929
Insert  tid 105929
FindTargetPageId rootid 1 tid 105929
188 tid 105929
Insert  tid 105929
FindTargetPageId rootid 1 tid 105929
189 tid 105929
Insert  tid 105929
FindTargetPageId rootid 1 tid 105929
190 tid 105929
Insert  tid 105929
FindTargetPageId rootid 1 tid 105929
191 tid 105929
Insert  tid 105929
FindTargetPageId rootid 1 tid 105929
192 tid 105929
Insert  tid 105929
FindTargetPageId rootid 1 tid 105929
193 tid 105929
Insert  tid 105929
FindTargetPageId rootid 1 tid 105929
194 tid 105929
Insert  tid 105929
FindTargetPageId rootid 1 tid 105929
195 tid 105929
Insert  tid 105929
FindTargetPageId rootid 1 tid 105929
196 tid 105929
Insert  tid 105929
FindTargetPageId rootid 1 tid 105929
197 tid 105929
Insert  tid 105929
FindTargetPageId rootid 1 tid 105929
198 tid 105929
Insert  tid 105929
FindTargetPageId rootid 1 tid 105929
199 tid 105929
Insert  tid 105932
Insert  tid 105932
FindTargetPageId rootid 1 tid 105932
200 tid 105932
Remove  tid 105933
Insert  tid 105932
FindTargetPageId rootid 1 tid 105932
201 tid 105932
Insert  tid 105932
FindTargetPageId rootid 1 tid 105932
202 tid 105932
Insert  tid 105932
FindTargetPageId rootid 1 tid 105932
203 tid 105932
Insert  tid 105932
FindTargetPageId rootid 1 tid 105932
204 tid 105932
Insert  tid 105932
FindTargetPageId rootid 1 tid 105932
205 tid 105932
Insert  tid 105932
FindTargetPageId rootid 1 tid 105932
206 tid 105932
Insert  tid 105932
FindTargetPageId rootid 1 tid 105932
207 tid 105932
Insert  tid 105932
FindTargetPageId rootid 1 tid 105932
208 tid 105932
Insert  tid 105934
Insert  tid 105932
Remove  tid 105933
FindTargetPageId rootid 1 tid 105932
209 tid 105932
Insert  tid 105934
Insert  tid 105932
FindTargetPageId rootid 1 tid 105932
210 tid 105932
Insert  tid 105932
FindTargetPageId rootid 1 tid 105932
211 tid 105932
Insert  tid 105932
FindTargetPageId rootid 1 tid 105932
212 tid 105932
Insert  tid 105932
FindTargetPageId rootid 1 tid 105933
213 tid 105933
Remove  tid 105933
FindTargetPageId rootid 1 tid 105933
212 tid 105933
Remove  tid 105933
FindTargetPageId rootid 1 tid 105933
211 tid 105933
Remove  tid 105933
FindTargetPageId rootid 1 tid 105933
210 tid 105933
Remove  tid 105933
FindTargetPageId rootid 1 tid 105933
209 tid 105933
Remove  tid 105933
FindTargetPageId rootid 1 tid 105933
208 tid 105933
FindTargetPageId rootid 1 tid 105932
207 tid 105932
Remove  tid 105933
Insert  tid 105932FindTargetPageId rootid 
1 tid 105933
208 tid 105933
Remove  tid 105933
FindTargetPageId rootid 1 tid 105933
207 tid 105933
Remove  tid 105933
FindTargetPageId rootid 1 tid 105933
206 tid 105933
Remove  tid 105933
FindTargetPageId rootid 1 tid 105933
205 tid 105933
Remove  tid 105933
FindTargetPageId rootid 1 tid 105933
204 tid 105933
Remove  tid 105933
FindTargetPageId rootid 1 tid 105933
203 tid 105933
Remove  tid 105933
FindTargetPageId rootid 1 tid 105934
202 tid 105934
Insert  tid 105934
FindTargetPageId rootid 1 tid 105934
203 tid 105934
Insert  tid 105934
FindTargetPageId rootid 1 tid 105934
204 tid 105934
Insert  tid 105934
FindTargetPageId rootid 1 tid 105933
205 tid 105933
Remove  tid 105933
FindTargetPageId rootid 1 tid 105933
204 tid 105933
Remove  tid 105933
FindTargetPageId rootid 1 tid 105933
203 tid 105933
Remove  tid 105933
FindTargetPageId rootid 1 tid 105933
203 tid 105933
Remove  tid 105933
FindTargetPageId rootid 1 tid 105933
203 tid 105933
Remove  tid 105933
FindTargetPageId rootid 1 tid 105933
203 tid 105933
Remove  tid 105933
FindTargetPageId rootid 1 tid 105933
203 tid 105933
Remove  tid 105933
FindTargetPageId rootid 1 tid 105933
203 tid 105933
Remove  tid 105933
FindTargetPageId rootid 1 tid 105933
203 tid 105933
Remove  tid 105933
FindTargetPageId rootid 1 tid 105933
203 tid 105933
Remove  tid 105933
FindTargetPageId rootid 1 tid 105933
203 tid 105933
Remove  tid 105933
FindTargetPageId rootid 1 tid 105933
203 tid 105933
Remove  tid 105933
FindTargetPageId rootid 1 tid 105933
203 tid 105933
Remove  tid 105933
FindTargetPageId rootid 1 tid 105933
203 tid 105933
Remove  tid 105933
FindTargetPageId rootid 1 tid 105933
203 tid 105933
Remove  tid 105933
FindTargetPageId rootid 1 tid 105933
203 tid 105933
Remove  tid 105933
FindTargetPageId rootid 1 tid 105933
203 tid 105933
Remove  tid 105933
FindTargetPageId rootid 1 tid 105933
203 tid 105933
Remove  tid 105933
FindTargetPageId rootid 1 tid 105933
203 tid 105933
Remove  tid 105933
FindTargetPageId rootid 1 tid 105933
203 tid 105933
Remove  tid 105933
FindTargetPageId rootid 1 tid 105933
203 tid 105933
Remove  tid 105933
FindTargetPageId rootid 1 tid 105933
203 tid 105933
Remove  tid 105933
FindTargetPageId rootid 1 tid 105934
203 tid 105934
Insert  tid 105934
FindTargetPageId rootid 1 tid 105934
204 tid 105934
Insert  tid 105934
FindTargetPageId rootid 1 tid 105934
205 tid 105934
Insert  tid 105934
FindTargetPageId rootid 1 tid 105934
206 tid 105934
Insert  tid 105934
FindTargetPageId rootid 1 tid 105934
207 tid 105934
Insert  tid 105934
FindTargetPageId rootid 1 tid 105934
208 tid 105934
Insert  tid 105934
FindTargetPageId rootid 1 tid 105934
209 tid 105934
Insert  tid 105934
FindTargetPageId rootid 1 tid 105934
210 tid 105934
Insert  tid 105934
FindTargetPageId rootid 1 tid 105934
211 tid 105934
Insert  tid 105934
FindTargetPageId rootid 1 tid 105934
212 tid 105934
Insert  tid 105934
FindTargetPageId rootid 1 tid 105934
213 tid 105934
Insert  tid 105934
FindTargetPageId rootid 1 tid 105934
214 tid 105934
Insert  tid 105934
FindTargetPageId rootid 1 tid 105934
215 tid 105934
Insert  tid 105934
FindTargetPageId rootid 1 tid 105932
216 tid 105932
Insert  tid 105932
FindTargetPageId rootid 1 tid 105932
216 tid 105932
Insert  tid 105932
FindTargetPageId rootid 1 tid 105932
216 tid 105932
Insert  tid 105932
FindTargetPageId rootid 1 tid 105932
217 tid 105932
Insert  tid 105932
FindTargetPageId rootid 1 tid 105932
218 tid 105932
FindTargetPageId rootid 1 tid 105933
219 tid 105933
Remove  tid 105933
FindTargetPageId rootid 1 tid 105933
219 tid 105933
Insert  tid 105932
Remove  tid 105933
FindTargetPageId rootid 1 tid 105932
219 tid 105932
Insert  tid 105932
FindTargetPageId rootid 1 tid 105932
220 tid 105932
Insert  tid 105932
FindTargetPageId rootid 1 tid 105932
221 tid 105932
Insert  tid 105932
FindTargetPageId rootid 1 tid 105934
222 tid 105934
Insert  tid 105934
FindTargetPageId rootid 1 tid 105934
222 tid 105934
Insert  tid 105934
FindTargetPageId rootid 1 tid 105934
222 tid 105934
Insert  tid 105934
FindTargetPageId rootid 1 tid 105934
222 tid 105934
Insert  tid 105934
FindTargetPageId rootid 1 tid 105934
222 tid 105934
Insert  tid 105934
FindTargetPageId rootid 1 tid 105934
222 tid 105934
Insert  tid 105934
FindTargetPageId rootid 1 tid 105933
222 tid 105933
Remove  tid 105933
FindTargetPageId rootid 1 tid 105933
222 tid 105933
Remove  tid 105933
FindTargetPageId rootid 1 tid 105933
222 tid 105933
Remove  tid 105933
FindTargetPageId rootid 1 tid 105933
222 tid 105933
Remove  tid 105933
FindTargetPageId rootid 1 tid 105933
222 tid 105933
Remove  tid 105933
FindTargetPageId rootid 1 tid 105934
222 tid 105934
Insert  tid 105934
FindTargetPageId rootid 1 tid 105934
223 tid 105934
Insert  tid 105934
FindTargetPageId rootid 1 tid 105934
224 tid 105934
Insert  tid 105934
FindTargetPageId rootid 1 tid 105934
225 tid 105934
Insert  tid 105934
FindTargetPageId rootid 1 tid 105933
226 tid 105933
Remove  tid 105933
FindTargetPageId rootid 1 tid 105933
226 tid 105933
Remove  tid 105933
FindTargetPageId rootid 1 tid 105933
226 tid 105933
Remove  tid 105933
FindTargetPageId rootid 1 tid 105933
226 tid 105933
Remove  tid 105933
FindTargetPageId rootid 1 tid 105933
226 tid 105933
Remove  tid 105933
FindTargetPageId rootid 1 tid 105933
226 tid 105933
Remove  tid 105933
FindTargetPageId rootid 1 tid 105933
226 tid 105933
Remove  tid 105933
FindTargetPageId rootid 1 tid 105932
226 tid 105932
Insert  tid 105932
FindTargetPageId rootid 1 tid 105932
226 tid 105932
Insert  tid 105932
FindTargetPageId rootid 1 tid 105934
226 tid 105934
Insert  tid 105934
FindTargetPageId rootid 1 tid 105934
227 tid 105934
Insert  tid 105934
FindTargetPageId rootid 1 tid 105934
228 tid 105934
Insert  tid 105934
FindTargetPageId rootid 1 tid 105933
229 tid 105933
Remove  tid 105933
FindTargetPageId rootid 1 tid 105933
229 tid 105933
Remove  tid 105933
FindTargetPageId rootid 1 tid 105933
229 tid 105933
FindTargetPageId rootid 1 tid 105932
229 tid 105932
Insert  tid 105932
FindTargetPageId rootid 1 tid 105932
229 tid 105932
Insert  tid 105932
FindTargetPageId rootid 1 tid 105932
229 tid 105932
Insert  tid 105932
FindTargetPageId rootid 1 tid 105932
229 tid 105932
Insert  tid 105932
FindTargetPageId rootid 1 tid 105932
229 tid 105932
Insert  tid 105932
FindTargetPageId rootid 1 tid 105932
229 tid 105932
Insert  tid 105932
FindTargetPageId rootid 1 tid 105932
230 tid 105932
Insert  tid 105932
FindTargetPageId rootid 1 tid 105932
231 tid 105932
Insert  tid 105932
FindTargetPageId rootid 1 tid 105934
232 tid 105934
Remove  tid 105933
Insert  tid 105934
FindTargetPageId rootid 1 tid 105932
232 tid 105932
Insert  tid 105932
FindTargetPageId rootid 1 tid 105933
233 tid 105933
Remove  tid 105933
FindTargetPageId rootid 1 tid 105932
233 tid 105932
Insert  tid 105932
FindTargetPageId rootid 1 tid 105934
234 tid 105934
Insert  tid 105934
FindTargetPageId rootid 1 tid 105933
234 tid 105933
FindTargetPageId rootid 1 tid 105932
234 tid 105932
Remove  tid 105933
Insert  tid 105932
FindTargetPageId rootid 1 tid 105933
235 tid 105933
Remove  tid 105933
FindTargetPageId rootid 1 tid 105933
235 tid 105933
Remove  tid 105933
FindTargetPageId rootid 1 tid 105933
235 tid 105933
Remove  tid 105933
FindTargetPageId rootid 1 tid 105933
235 tid 105933
Remove  tid 105933
FindTargetPageId rootid 1 tid 105932
235 tid 105932
Insert  tid 105932
FindTargetPageId rootid 1 tid 105933
236 tid 105933
Remove  tid 105933
FindTargetPageId rootid 1 tid 105933
236 tid 105933
Remove  tid 105933
FindTargetPageId rootid 1 tid 105932
236 tid 105932
Insert  tid 105932
FindTargetPageId rootid 1 tid 105934
237 tid 105934
FindTargetPageId rootid 1 tid 105933
237 tid 105933
Insert  tid 105934
Remove  tid 105933
FindTargetPageId rootid 1 tid 105932
237 tid 105932
Insert  tid 105932
FindTargetPageId rootid 1 tid 105934
238 tid 105934
Insert  tid 105934
FindTargetPageId rootid 1 tid 105934
238 tid 105934
Insert  tid 105934
FindTargetPageId rootid 1 tid 105932
238 tid 105932
Insert  tid 105932
FindTargetPageId rootid 1 tid 105932
239 tid 105932
Insert  tid 105932
FindTargetPageId rootid 1 tid 105934
240 tid 105934
Insert  tid 105934
FindTargetPageId rootid 1 tid 105934
240 tid 105934
Insert  tid 105934
FindTargetPageId rootid 1 tid 105933
240 tid 105933
Remove  tid 105933
FindTargetPageId rootid 1 tid 105932
240 tid 105932
Insert  tid 105932
FindTargetPageId rootid 1 tid 105934
241 tid 105934
Insert  tid 105934
FindTargetPageId rootid 1 tid 105933
241 tid 105933
Remove  tid 105933
FindTargetPageId rootid 1 tid 105932
241 tid 105932
Insert  tid 105932
FindTargetPageId rootid 1 tid 105934
242 tid 105934
Insert  tid 105934
FindTargetPageId rootid 1 tid 105934
242 tid 105934
Insert  tid 105934
FindTargetPageId rootid 1 tid 105934
242 tid 105934
Insert  tid 105934
FindTargetPageId rootid 1 tid 105934
242 tid 105934
Insert  tid 105934
FindTargetPageId rootid 1 tid 105934
242 tid 105934
Insert  tid 105934
FindTargetPageId rootid 1 tid 105934
242 tid 105934
Insert  tid 105934
FindTargetPageId rootid 1 tid 105934
243 tid 105934
Insert  tid 105934
FindTargetPageId rootid 1 tid 105933
244 tid 105933
FindTargetPageId rootid 1 tid 105932
Remove  tid 105933
244 tid 105932
Insert  tid 105932
FindTargetPageId rootid 1 tid 105934
244 tid 105934
Insert  tid 105934
FindTargetPageId rootid 1 tid 105933
245 tid 105933
Remove  tid 105933
FindTargetPageId rootid 1 tid 105932
245 tid 105932
Insert  tid 105932
FindTargetPageId rootid 1 tid 105932
245 tid 105932
Insert  tid 105932
FindTargetPageId rootid 1 tid 105933
245 tid 105933
Remove  tid 105933
FindTargetPageId rootid 1 tid 105934
245 tid 105934
FindTargetPageId rootid 1 tid 105932
246 tid 105932
Insert  tid 105934
Insert  tid 105932
FindTargetPageId rootid 1 tid 105932
246 tid 105932
Insert  tid 105932
FindTargetPageId rootid 1 tid 105933
247 tid 105933
Remove  tid 105933
FindTargetPageId rootid 1 tid 105934
247 tid 105934
Insert  tid 105934
FindTargetPageId rootid 1 tid 105932
247 tid 105932
Insert  tid 105932
FindTargetPageId rootid 1 tid 105933
248 tid 105933
Remove  tid 105933
FindTargetPageId rootid 1 tid 105934
248 tid 105934
Insert  tid 105934
FindTargetPageId rootid 1 tid 105932
248 tid 105932
Insert  tid 105932
FindTargetPageId rootid 1 tid 105933
249 tid 105933
Remove  tid 105933
FindTargetPageId rootid 1 tid 105934
249 tid 105934
Insert  tid 105934
FindTargetPageId rootid 1 tid 105932
249 tid 105932
Insert  tid 105932
FindTargetPageId rootid 1 tid 105933
250 tid 105933
Remove  tid 105933
FindTargetPageId rootid 1 tid 105934
250 tid 105934
Insert  tid 105934
FindTargetPageId rootid 1 tid 105932
250 tid 105932
Insert  tid 105932
FindTargetPageId rootid 1 tid 105933
251 tid 105933
Remove  tid 105933
FindTargetPageId rootid 1 tid 105934
251 tid 105934
FindTargetPageId rootid 1 tid 105932
251 tid 105932
Insert  tid 105934
Insert  tid 105932
FindTargetPageId rootid 1 tid 105934
252 tid 105934
Insert  tid 105934
FindTargetPageId rootid 1 tid 105933
252 tid 105933
Remove  tid 105933
FindTargetPageId rootid 1 tid 105932
252 tid 105932
Insert  tid 105932
FindTargetPageId rootid 1 tid 105934
253 tid 105934
Insert  tid 105934
FindTargetPageId rootid 1 tid 105933
253 tid 105933
Remove  tid 105933
FindTargetPageId rootid 1 tid 105932
253 tid 105932
Insert  tid 105932
FindTargetPageId rootid 1 tid 105934
254 tid 105934
Insert  tid 105934
FindTargetPageId rootid 1 tid 105933
254 tid 105933
Remove  tid 105933
FindTargetPageId rootid 1 tid 105932
254 tid 105932
Insert  tid 105932
FindTargetPageId rootid 3 tid 105934
target_page_id id: 1 tid 105934
0 1 tid 105934
365 2 tid 105934
127 tid 105934
Insert  tid 105934
FindTargetPageId rootid 3 tid 105933
target_page_id id: 1 tid 105933
0 1 tid 105933
365 2 tid 105933
127 tid 105933
Remove  tid 105933
FindTargetPageId rootid 3 tid 105933
target_page_id id: 1 tid 105933
0 1 tid 105933
365 2 tid 105933
127 tid 105933
Remove  tid 105933
FindTargetPageId rootid 3 tid 105933
target_page_id id: 1 tid 105933
0 1 tid 105933
365 2 tid 105933
127 tid 105933
Remove  tid 105933
FindTargetPageId rootid 3 tid 105933
target_page_id id: 1 tid 105933
0 1 tid 105933
365 2 tid 105933
127 tid 105933
Remove  tid 105933
FindTargetPageId rootid 3 tid 105933
target_page_id id: 1 tid 105933
0 1 tid 105933
365 2 tid 105933
127 tid 105933
Remove  tid 105933
FindTargetPageId rootid 3 tid 105933
target_page_id id: 1 tid 105933
0 1 tid 105933
365 2 tid 105933
127 tid 105933
Remove  tid 105933
FindTargetPageId rootid 3 tid 105932
target_page_id id: 1 tid 105932
0 1 tid 105932
365 2 tid 105932
127 tid 105932
Insert  tid 105932
FindTargetPageId rootid 3 tid 105934
target_page_id id: 1 tid 105934
0 1 tid 105934
365 2 tid 105934
128 tid 105934
Insert  tid 105934
FindTargetPageId rootid 3 tid 105934
target_page_id id: 1 tid 105934
0 1 tid 105934
365 2 tid 105934
128 tid 105934
Insert  tid 105934
FindTargetPageId rootid 3 tid 105932
target_page_id id: 1 tid 105932
0 1 tid 105932
365 2 tid 105932
129 tid 105932
Insert  tid 105932
FindTargetPageId rootid 3 tid 105933
target_page_id id: 1 tid 105933
0 1 tid 105933
365 2 tid 105933
129 tid 105933
Remove  tid 105933
FindTargetPageId rootid 3 tid 105934
target_page_id id: 1 tid 105934
0 1 tid 105934
365 2 tid 105934
129 tid 105934
Insert  tid 105934
FindTargetPageId rootid 3 tid 105932
target_page_id id: 1 tid 105932
0 1 tid 105932
365 2 tid 105932
130 tid 105932
Insert  tid 105932
FindTargetPageId rootid 3 tid 105932
target_page_id id: 1 tid 105932
0 1 tid 105932
365 2 tid 105932
130 tid 105932
Insert  tid 105932
FindTargetPageId rootid 3 tid 105934
target_page_id id: 1 tid 105934
0 1 tid 105934
365 2 tid 105934
131 tid 105934
Insert  tid 105934
FindTargetPageId rootid 3 tid 105934
target_page_id id: 1 tid 105934
0 1 tid 105934
365 2 tid 105934
131 tid 105934
Insert  tid 105934
FindTargetPageId rootid 3 tid 105932
target_page_id id: 1 tid 105932
0 1 tid 105932
365 2 tid 105932
132 tid 105932
Insert  tid 105932
FindTargetPageId rootid 3 tid 105933
target_page_id id: 1 tid 105933
0 1 tid 105933
365 2 tid 105933
132 tid 105933
Remove  tid 105933
FindTargetPageId rootid 3 tid 105934
target_page_id id: 1 tid 105934
0 1 tid 105934
365 2 tid 105934
132 tid 105934
Insert  tid 105934
FindTargetPageId rootid 3 tid 105934
target_page_id id: 1 tid 105934
0 1 tid 105934
365 2 tid 105934
133 tid 105934
Insert  tid 105934
FindTargetPageId rootid 3 tid 105933
target_page_id id: 1 tid 105933
0 1 tid 105933
365 2 tid 105933
134 tid 105933
Remove  tid 105933
FindTargetPageId rootid 3 tid 105932
target_page_id id: 1 tid 105932
0 1 tid 105932
365 2 tid 105932
134 tid 105932
Insert  tid 105932
FindTargetPageId rootid 3 tid 105932
target_page_id id: 1 tid 105932
0 1 tid 105932
365 2 tid 105932
134 tid 105932
Insert  tid 105932
FindTargetPageId rootid 3 tid 105932
target_page_id id: 1 tid 105932
0 1 tid 105932
365 2 tid 105932
134 tid 105932
Insert  tid 105932
FindTargetPageId rootid 3 tid 105934
target_page_id id: 1 tid 105934
0 1 tid 105934
365 2 tid 105934
135 tid 105934
Insert  tid 105934
FindTargetPageId rootid 3 tid 105934
target_page_id id: 1 tid 105934
0 1 tid 105934
365 2 tid 105934
135 tid 105934
Insert  tid 105934
FindTargetPageId rootid 3 tid 105934
target_page_id id: 1 tid 105934
0 1 tid 105934
365 2 tid 105934
136 tid 105934
Insert  tid 105934
FindTargetPageId rootid 3 tid 105934
target_page_id id: 1 tid 105934
0 1 tid 105934
365 2 tid 105934
137 tid 105934
Insert  tid 105934
FindTargetPageId rootid 3 tid 105934
target_page_id id: 1 tid 105934
0 1 tid 105934
365 2 tid 105934
138 tid 105934
Insert  tid 105934
FindTargetPageId rootid 3 tid 105934
target_page_id id: 1 tid 105934
0 1 tid 105934
365 2 tid 105934
139 tid 105934
Insert  tid 105934
FindTargetPageId rootid 3 tid 105934
target_page_id id: 1 tid 105934
0 1 tid 105934
365 2 tid 105934
140 tid 105934
Insert  tid 105934
FindTargetPageId rootid 3 tid 105934
target_page_id id: 1 tid 105934
0 1 tid 105934
365 2 tid 105934
141 tid 105934
Insert  tid 105934
FindTargetPageId rootid 3 tid 105934
target_page_id id: 1 tid 105934
0 1 tid 105934
365 2 tid 105934
142 tid 105934
Insert  tid 105934
FindTargetPageId rootid 3 tid 105934
target_page_id id: 1 tid 105934
0 1 tid 105934
365 2 tid 105934
143 tid 105934
Insert  tid 105934
FindTargetPageId rootid 3 tid 105934
target_page_id id: 1 tid 105934
0 1 tid 105934
365 2 tid 105934
144 tid 105934
Insert  tid 105934
FindTargetPageId rootid 3 tid 105934
target_page_id id: 1 tid 105934
0 1 tid 105934
365 2 tid 105934
145 tid 105934
Insert  tid 105934
FindTargetPageId rootid 3 tid 105932
target_page_id id: 1 tid 105932
0 1 tid 105932
365 2 tid 105932
146 tid 105932
Insert  tid 105932
FindTargetPageId rootid 3 tid 105933
target_page_id id: 1 tid 105933
0 1 tid 105933
365 2 tid 105933
146 tid 105933
Remove  tid 105933
FindTargetPageId rootid 3 tid 105934
target_page_id id: 1 tid 105934
0 1 tid 105934
365 2 tid 105934
146 tid 105934
FindTargetPageId rootid 3 tid 105932
target_page_id id: 1 tid 105932
0 1 tid 105932
365 2 tid 105932
147 tid 105932
Insert  tid 105932
FindTargetPageId rootid 3 tid 105933
Insert  tid 105934
target_page_id id: 1 tid 105933
0 1 tid 105933
365 2 tid 105933
147 tid 105933
Remove  tid 105933
FindTargetPageId rootid 3 tid 105932
target_page_id id: 1 tid 105932
0 1 tid 105932
365 2 tid 105932
147 tid 105932
Insert  tid 105932
FindTargetPageId rootid 3 tid 105932
target_page_id id: 1 tid 105932
0 1 tid 105932
365 2 tid 105932
147 tid 105932
Insert  tid 105932
FindTargetPageId rootid 3 tid 105933
target_page_id id: 1 tid 105933
0 1 tid 105933
365 2 tid 105933
147 tid 105933
Remove  tid 105933
FindTargetPageId rootid 3 tid 105934
target_page_id id: 1 tid 105934
0 1 tid 105934
365 2 tid 105934
147 tid 105934
Insert  tid 105934
FindTargetPageId rootid 3 tid 105934
target_page_id id: 1 tid 105934
0 1 tid 105934
365 2 tid 105934
148 tid 105934
Insert  tid 105934
FindTargetPageId rootid 3 tid 105934
target_page_id id: 1 tid 105934
0 1 tid 105934
365 2 tid 105934
149 tid 105934
Insert  tid 105934
FindTargetPageId rootid 3 tid 105932
target_page_id id: 1 tid 105932
0 1 tid 105932
365 2 tid 105932
150 tid 105932
Insert  tid 105932
FindTargetPageId rootid 3 tid 105933
target_page_id id: 1 tid 105933
0 1 tid 105933
365 2 tid 105933
150 tid 105933
Remove  tid 105933
FindTargetPageId rootid 3 tid 105934
target_page_id id: 1 tid 105934
0 1 tid 105934
365 2 tid 105934
150 tid 105934
Insert  tid 105934
FindTargetPageId rootid 3 tid 105932
target_page_id id: 1 tid 105932
0 1 tid 105932
365 2 tid 105932
151 tid 105932
Insert  tid 105932
FindTargetPageId rootid 3 tid 105934
target_page_id id: 1 tid 105934
0 1 tid 105934
365 2 tid 105934
151 tid 105934
Insert  tid 105934
FindTargetPageId rootid 3 tid 105933
target_page_id id: 1 tid 105933
0 1 tid 105933
365 2 tid 105933
152 tid 105933
Remove  tid 105933
FindTargetPageId rootid 3 tid 105933
target_page_id id: 1 tid 105933
0 1 tid 105933
365 2 tid 105933
152 tid 105933
Remove  tid 105933
FindTargetPageId rootid 3 tid 105933
target_page_id id: 1 tid 105933
0 1 tid 105933
365 2 tid 105933
152 tid 105933
Remove  tid 105933
FindTargetPageId rootid 3 tid 105934
target_page_id id: 1 tid 105934
0 1 tid 105934
365 2 tid 105934
152 tid 105934
Insert  tid 105934
FindTargetPageId rootid 3 tid 105932
target_page_id id: 1 tid 105932
0 1 tid 105932
365 2 tid 105932
153 tid 105932
Insert  tid 105932
FindTargetPageId rootid 3 tid 105933
target_page_id id: 1 tid 105933
0 1 tid 105933
365 2 tid 105933
153 tid 105933
Remove  tid 105933
FindTargetPageId rootid 3 tid 105934
target_page_id id: 1 tid 105934
0 1 tid 105934
365 2 tid 105934
153 tid 105934
Insert  tid 105934
FindTargetPageId rootid 3 tid 105932
target_page_id id: 1 tid 105932
0 1 tid 105932
365 2 tid 105932
154 tid 105932
Insert  tid 105932
FindTargetPageId rootid 3 tid 105933
target_page_id id: 1 tid 105933
0 1 tid 105933
365 2 tid 105933
154 tid 105933
Remove  tid 105933
FindTargetPageId rootid 3 tid 105934
target_page_id id: 1 tid 105934
0 1 tid 105934
365 2 tid 105934
154 tid 105934
Insert  tid 105934
FindTargetPageId rootid 3 tid 105932
target_page_id id: 1 tid 105932
0 1 tid 105932
365 2 tid 105932
155 tid 105932
FindTargetPageId rootid 3 tid 105933
target_page_id id: 1 tid 105933
0 1 tid 105933
365 2 tid 105933
Insert  tid 105932
155 tid 105933
Remove  tid 105933
FindTargetPageId rootid 3 tid 105933
target_page_id id: 1 tid 105933
0 1 tid 105933
365 2 tid 105933
155 tid 105933
Remove  tid 105933
FindTargetPageId rootid 3 tid 105933
target_page_id id: 1 tid 105933
0 1 tid 105933
365 2 tid 105933
155 tid 105933
Remove  tid 105933
FindTargetPageId rootid 3 tid 105933
target_page_id id: 1 tid 105933
0 1 tid 105933
365 2 tid 105933
155 tid 105933
Remove  tid 105933
FindTargetPageId rootid 3 tid 105933
target_page_id id: 1 tid 105933
0 1 tid 105933
365 2 tid 105933
155 tid 105933
Remove  tid 105933
FindTargetPageId rootid 3 tid 105933
target_page_id id: 1 tid 105933
0 1 tid 105933
365 2 tid 105933
155 tid 105933
Remove  tid 105933
FindTargetPageId rootid 3 tid 105933
target_page_id id: 1 tid 105933
0 1 tid 105933
365 2 tid 105933
155 tid 105933
Remove  tid 105933
FindTargetPageId rootid 3 tid 105933
target_page_id id: 1 tid 105933
0 1 tid 105933
365 2 tid 105933
155 tid 105933
Remove  tid 105933
FindTargetPageId rootid 3 tid 105933
target_page_id id: 1 tid 105933
0 1 tid 105933
365 2 tid 105933
155 tid 105933
Remove  tid 105933
FindTargetPageId rootid 3 tid 105933
target_page_id id: 1 tid 105933
0 1 tid 105933
365 2 tid 105933
155 tid 105933
Remove  tid 105933
FindTargetPageId rootid 3 tid 105933
target_page_id id: 1 tid 105933
0 1 tid 105933
365 2 tid 105933
155 tid 105933
Remove  tid 105933
FindTargetPageId rootid 3 tid 105933
target_page_id id: 1 tid 105933
0 1 tid 105933
365 2 tid 105933
155 tid 105933
Remove  tid 105933
FindTargetPageId rootid 3 tid 105933
target_page_id id: 1 tid 105933
0 1 tid 105933
365 2 tid 105933
155 tid 105933
Remove  tid 105933
FindTargetPageId rootid 3 tid 105933
target_page_id id: 1 tid 105933
0 1 tid 105933
365 2 tid 105933
155 tid 105933
Remove  tid 105933
FindTargetPageId rootid 3 tid 105933
target_page_id id: 1 tid 105933
0 1 tid 105933
365 2 tid 105933
155 tid 105933
Remove  tid 105933
FindTargetPageId rootid 3 tid 105933
target_page_id id: 1 tid 105933
0 1 tid 105933
365 2 tid 105933
155 tid 105933
Remove  tid 105933
FindTargetPageId rootid 3 tid 105932
target_page_id id: 1 tid 105932
0 1 tid 105932
365 2 tid 105932
155 tid 105932
Insert  tid 105932
FindTargetPageId rootid 3 tid 105934
target_page_id id: 1 tid 105934
0 1 tid 105934
365 2 tid 105934
155 tid 105934
Insert  tid 105934
FindTargetPageId rootid 3 tid 105933
target_page_id id: 1 tid 105933
0 1 tid 105933
365 2 tid 105933
156 tid 105933
Remove  tid 105933
FindTargetPageId rootid 3 tid 105932
target_page_id id: 1 tid 105932
0 1 tid 105932
365 2 tid 105932
156 tid 105932
Insert  tid 105932
FindTargetPageId rootid 3 tid 105932
target_page_id id: 1 tid 105932
0 1 tid 105932
365 2 tid 105932
156 tid 105932
Insert  tid 105932
FindTargetPageId rootid 3 tid 105933
target_page_id id: 1 tid 105933
0 1 tid 105933
365 2 tid 105933
156 tid 105933
Remove  tid 105933
FindTargetPageId rootid 3 tid 105934
target_page_id id: 1 tid 105934
0 1 tid 105934
365 2 tid 105934
156 tid 105934
Insert  tid 105934
FindTargetPageId rootid 3 tid 105934
target_page_id id: 1 tid 105934
0 1 tid 105934
365 2 tid 105934
157 tid 105934
FindTargetPageId rootid 3 tid 105932
target_page_id id: 1 tid 105932
0 1 tid 105932
365 2 tid 105932
Insert  tid 105934
158 tid 105932
Insert  tid 105932
FindTargetPageId rootid 3 tid 105933
target_page_id id: 1 tid 105933
0 1 tid 105933
365 2 tid 105933
158 tid 105933
Remove  tid 105933
FindTargetPageId rootid 3 tid 105934
target_page_id id: 1 tid 105934
0 1 tid 105934
365 2 tid 105934
158 tid 105934
Insert  tid 105934
FindTargetPageId rootid 3 tid 105932
target_page_id id: 1 tid 105932
0 1 tid 105932
365 2 tid 105932
159 tid 105932
Insert  tid 105932
FindTargetPageId rootid 3 tid 105933
target_page_id id: 1 tid 105933
0 1 tid 105933
365 2 tid 105933
159 tid 105933
Remove  tid 105933
FindTargetPageId rootid 3 tid 105934
target_page_id id: 1 tid 105934
0 1 tid 105934
365 2 tid 105934
159 tid 105934
Insert  tid 105934
FindTargetPageId rootid 3 tid 105932
target_page_id id: 1 tid 105932
0 1 tid 105932
365 2 tid 105932
160 tid 105932
Insert  tid 105932
FindTargetPageId rootid 3 tid 105932
target_page_id id: 1 tid 105932
0 1 tid 105932
365 2 tid 105932
160 tid 105932
Insert  tid 105932
FindTargetPageId rootid 3 tid 105934
target_page_id id: 1 tid 105934
0 1 tid 105934
365 2 tid 105934
160 tid 105934
Insert  tid 105934
FindTargetPageId rootid 3 tid 105933
target_page_id id: 1 tid 105933
0 1 tid 105933
365 2 tid 105933
161 tid 105933
Remove  tid 105933
FindTargetPageId rootid 3 tid 105932
target_page_id id: 1 tid 105932
0 1 tid 105932
365 2 tid 105932
161 tid 105932
Insert  tid 105932
FindTargetPageId rootid 3 tid 105932
target_page_id id: 1 tid 105932
0 1 tid 105932
365 2 tid 105932
161 tid 105932
Insert  tid 105932
FindTargetPageId rootid 3 tid 105932
target_page_id id: 1 tid 105932
0 1 tid 105932
365 2 tid 105932
161 tid 105932
Insert  tid 105932
FindTargetPageId rootid 3 tid 105934
target_page_id id: 1 tid 105934
0 1 tid 105934
365 2 tid 105934
161 tid 105934
Insert  tid 105934
FindTargetPageId rootid 3 tid 105933
target_page_id id: 1 tid 105933
0 1 tid 105933
365 2 tid 105933
162 tid 105933
Remove  tid 105933
FindTargetPageId rootid 3 tid 105932
target_page_id id: 1 tid 105932
0 1 tid 105932
365 2 tid 105932
162 tid 105932
Insert  tid 105932
FindTargetPageId rootid 3 tid 105932
target_page_id id: 1 tid 105932
0 1 tid 105932
365 2 tid 105932
162 tid 105932
Insert  tid 105932
FindTargetPageId rootid 3 tid 105932
target_page_id id: 1 tid 105932
0 1 tid 105932
365 2 tid 105932
162 tid 105932
Insert  tid 105932
FindTargetPageId rootid 3 tid 105934
target_page_id id: 1 tid 105934
0 1 tid 105934
365 2 tid 105934
162 tid 105934
Insert  tid 105934
FindTargetPageId rootid 3 tid 105933
target_page_id id: 1 tid 105933
0 1 tid 105933
365 2 tid 105933
163 tid 105933
Remove  tid 105933
FindTargetPageId rootid 3 tid 105932
target_page_id id: 1 tid 105932
0 1 tid 105932
365 2 tid 105932
163 tid 105932
Insert  tid 105932
FindTargetPageId rootid 3 tid 105934
target_page_id id: 1 tid 105934
0 1 tid 105934
365 2 tid 105934
163 tid 105934
Insert  tid 105934
FindTargetPageId rootid 3 tid 105933
target_page_id id: 1 tid 105933
0 1 tid 105933
365 2 tid 105933
164 tid 105933
Remove  tid 105933
FindTargetPageId rootid 3 tid 105932
target_page_id id: 1 tid 105932
0 1 tid 105932
365 2 tid 105932
164 tid 105932
Insert  tid 105932
FindTargetPageId rootid 3 tid 105932
target_page_id id: 1 tid 105932
0 1 tid 105932
365 2 tid 105932
164 tid 105932
Insert  tid 105932
FindTargetPageId rootid 3 tid 105932
target_page_id id: 1 tid 105932
0 1 tid 105932
365 2 tid 105932
164 tid 105932
FindTargetPageId rootid 3 tid 105934
target_page_id id: 1 tid 105934
0 1 tid 105934
365 2 tid 105934
164 tid 105934
Insert  tid 105932
FindTargetPageId rootid 3 tid 105932
target_page_id id: 1 tid 105932
0 1 tid 105932
365 2 tid 105932
165 tid 105932
Insert  tid 105934
FindTargetPageId rootid 3 tid 105933
target_page_id id: 1 tid 105933
0 1 tid 105933
365 2 tid 105933
165 tid 105933
Insert  tid 105932
Remove  tid 105933
FindTargetPageId rootid 3 tid 105932
target_page_id id: 1 tid 105932
0 1 tid 105932
365 2 tid 105932
165 tid 105932
Insert  tid 105932
FindTargetPageId rootid 3 tid 105933
target_page_id id: 1 tid 105933
0 1 tid 105933
365 2 tid 105933
165 tid 105933
Remove  tid 105933
FindTargetPageId rootid 3 tid 105934
target_page_id id: 1 tid 105934
0 1 tid 105934
365 2 tid 105934
165 tid 105934
Insert  tid 105934
FindTargetPageId rootid 3 tid 105932
target_page_id id: 1 tid 105932
0 1 tid 105932
365 2 tid 105932
166 tid 105932
Insert  tid 105932
FindTargetPageId rootid 3 tid 105933
target_page_id id: 1 tid 105933
0 1 tid 105933
365 2 tid 105933
166 tid 105933
FindTargetPageId rootid 3 tid 105934
target_page_id id: 1 tid 105934
0 Remove  tid 105933
1 tid 105934
365 2 tid 105934
166 tid 105934
Insert  tid 105934
FindTargetPageId rootid 3 tid 105934
target_page_id id: 1 tid 105934
0 1 tid 105934
365 2 tid 105934
167 tid 105934
Insert  tid 105934
FindTargetPageId rootid 3 tid 105934
target_page_id id: 1 tid 105934
0 1 tid 105934
365 2 tid 105934
168 tid 105934
Insert  tid 105934
FindTargetPageId rootid 3 tid 105932
target_page_id id: 1 tid 105932
0 1 tid 105932
365 2 tid 105932
169 tid 105932
Insert  tid 105932
FindTargetPageId rootid 3 tid 105932
target_page_id id: 1 tid 105932
0 1 tid 105932
365 2 tid 105932
169 tid 105932
Insert  tid 105932
FindTargetPageId rootid 3 tid 105934
target_page_id id: 1 tid 105934
0 1 tid 105934
365 2 tid 105934
169 tid 105934
Insert  tid 105934
FindTargetPageId rootid 3 tid 105934
target_page_id id: 1 tid 105934
0 1 tid 105934
365 2 tid 105934
170 tid 105934
Insert  tid 105934
FindTargetPageId rootid 3 tid 105932
target_page_id id: 1 tid 105932
0 1 tid 105932
365 2 tid 105932
171 tid 105932
Insert  tid 105932
FindTargetPageId rootid 3 tid 105932
target_page_id id: 1 tid 105932
0 1 tid 105932
365 2 tid 105932
171 tid 105932
Insert  tid 105932
FindTargetPageId rootid 3 tid 105932
target_page_id id: 1 tid 105932
0 1 tid 105932
365 2 tid 105932
171 tid 105932
Insert  tid 105932
FindTargetPageId rootid 3 tid 105932
target_page_id id: 1 tid 105932
0 1 tid 105932
365 2 tid 105932
171 tid 105932
Insert  tid 105932
FindTargetPageId rootid 3 tid 105932
target_page_id id: 1 tid 105932
0 1 tid 105932
365 2 tid 105932
171 tid 105932
Insert  tid 105932
FindTargetPageId rootid 3 tid 105932
target_page_id id: 1 tid 105932
0 1 tid 105932
365 2 tid 105932
171 tid 105932
Insert  tid 105932
FindTargetPageId rootid 3 tid 105932
target_page_id id: 1 tid 105932
0 1 tid 105932
365 2 tid 105932
172 tid 105932
Insert  tid 105932
FindTargetPageId rootid 3 tid 105932
target_page_id id: 1 tid 105932
0 1 tid 105932
365 2 tid 105932
173 tid 105932
Insert  tid 105932
FindTargetPageId rootid 3 tid 105932
target_page_id id: 1 tid 105932
0 1 tid 105932
365 2 tid 105932
174 tid 105932
Insert  tid 105932
FindTargetPageId rootid 3 tid 105933
target_page_id id: 1 tid 105933
0 1 tid 105933
365 2 tid 105933
175 tid 105933
Remove  tid 105933
FindTargetPageId rootid 3 tid 105933
target_page_id id: 1 tid 105933
0 1 tid 105933
365 2 tid 105933
175 tid 105933
Remove  tid 105933
FindTargetPageId rootid 3 tid 105932
target_page_id id: 1 tid 105932
0 1 tid 105932
365 2 tid 105932
175 tid 105932
Insert  tid 105932
FindTargetPageId rootid 3 tid 105932
target_page_id id: 1 tid 105932
0 1 tid 105932
365 2 tid 105932
176 tid 105932
Insert  tid 105932
FindTargetPageId rootid 3 tid 105934
target_page_id id: 1 tid 105934
0 1 tid 105934
365 2 tid 105934
177 tid 105934
Insert  tid 105934
FindTargetPageId rootid 3 tid 105934
target_page_id id: 1 tid 105934
0 1 tid 105934
365 2 tid 105934
177 tid 105934
Insert  tid 105934
FindTargetPageId rootid 3 tid 105934
target_page_id id: 1 tid 105934
0 1 tid 105934
365 2 tid 105934
177 tid 105934
Insert  tid 105934
FindTargetPageId rootid 3 tid 105934
target_page_id id: 1 tid 105934
0 1 tid 105934
365 2 tid 105934
177 tid 105934
Insert  tid 105934
FindTargetPageId rootid 3 tid 105934
target_page_id id: 1 tid 105934
0 1 tid 105934
365 2 tid 105934
177 tid 105934
Insert  tid 105934
FindTargetPageId rootid 3 tid 105934
target_page_id id: 1 tid 105934
0 1 tid 105934
365 2 tid 105934
177 tid 105934
Insert  tid 105934
FindTargetPageId rootid 3 tid 105934
target_page_id id: 1 tid 105934
0 1 tid 105934
365 2 tid 105934
177 tid 105934
Insert  tid 105934
FindTargetPageId rootid 3 tid 105933
target_page_id id: 1 tid 105933
0 1 tid 105933
365 2 tid 105933
178 tid 105933
Remove  tid 105933
FindTargetPageId rootid 3 tid 105932
target_page_id id: 1 tid 105932
0 1 tid 105932
365 2 tid 105932
178 tid 105932
Insert  tid 105932
FindTargetPageId rootid 3 tid 105934
target_page_id id: 1 tid 105934
0 1 tid 105934
365 2 tid 105934
178 tid 105934
Insert  tid 105934
FindTargetPageId rootid 3 tid 105933
target_page_id id: 1 tid 105933
0 1 tid 105933
365 2 tid 105933
179 tid 105933
Remove  tid 105933
FindTargetPageId rootid 3 tid 105932
target_page_id id: 1 tid 105932
0 1 tid 105932
365 2 tid 105932
179 tid 105932
Insert  tid 105932
FindTargetPageId rootid 3 tid 105932
target_page_id id: 1 tid 105932
0 1 tid 105932
365 2 tid 105932
179 tid 105932
Insert  tid 105932
FindTargetPageId rootid 3 tid 105932
target_page_id id: 1 tid 105932
0 1 tid 105932
365 2 tid 105932
180 tid 105932
Insert  tid 105932
FindTargetPageId rootid 3 tid 105932
target_page_id id: 1 tid 105932
0 1 tid 105932
365 2 tid 105932
181 tid 105932
Insert  tid 105932
FindTargetPageId rootid 3 tid 105932
target_page_id id: 1 tid 105932
0 1 tid 105932
365 2 tid 105932
182 tid 105932
Insert  tid 105932
FindTargetPageId rootid 3 tid 105932
target_page_id id: 1 tid 105932
0 1 tid 105932
365 2 tid 105932
183 tid 105932
Insert  tid 105932
FindTargetPageId rootid 3 tid 105934
target_page_id id: 1 tid 105934
0 1 tid 105934
365 2 tid 105934
184 tid 105934
Insert  tid 105934
FindTargetPageId rootid 3 tid 105933
target_page_id id: 1 tid 105933
0 1 tid 105933
365 2 tid 105933
184 tid 105933
Remove  tid 105933
FindTargetPageId rootid 3 tid 105932
target_page_id id: 1 tid 105932
0 1 tid 105932
365 2 tid 105932
184 tid 105932
Insert  tid 105932
FindTargetPageId rootid 3 tid 105932
target_page_id id: 1 tid 105932
0 1 tid 105932
365 2 tid 105932
185 tid 105932
Insert  tid 105932
FindTargetPageId rootid 3 tid 105932
target_page_id id: 1 tid 105932
0 1 tid 105932
365 2 tid 105932
186 tid 105932
Insert  tid 105932
FindTargetPageId rootid 3 tid 105933
target_page_id id: 1 tid 105933
0 1 tid 105933
365 2 tid 105933
187 tid 105933
Remove  tid 105933
FindTargetPageId rootid 3 tid 105934
target_page_id id: 1 tid 105934
0 1 tid 105934
365 2 tid 105934
187 tid 105934
Insert  tid 105934
FindTargetPageId rootid 3 tid 105934
target_page_id id: 1 tid 105934
0 1 tid 105934
365 2 tid 105934
187 tid 105934
Insert  tid 105934
FindTargetPageId rootid 3 tid 105934
target_page_id id: 1 tid 105934
0 1 tid 105934
365 2 tid 105934
187 tid 105934
Insert  tid 105934
FindTargetPageId rootid 3 tid 105934
target_page_id id: 1 tid 105934
0 1 tid 105934
365 2 tid 105934
187 tid 105934
Insert  tid 105934
FindTargetPageId rootid 3 tid 105934
target_page_id id: 1 tid 105934
0 1 tid 105934
365 2 tid 105934
187 tid 105934
Insert  tid 105934
FindTargetPageId rootid 3 tid 105934
target_page_id id: 1 tid 105934
0 1 tid 105934
365 2 tid 105934
187 tid 105934
Insert  tid 105934
FindTargetPageId rootid 3 tid 105934
target_page_id id: 1 tid 105934
0 1 tid 105934
365 2 tid 105934
187 tid 105934
Insert  tid 105934
FindTargetPageId rootid 3 tid 105934
target_page_id id: 1 tid 105934
0 1 tid 105934
365 2 tid 105934
187 tid 105934
Insert  tid 105934
FindTargetPageId rootid 3 tid 105934
target_page_id id: 1 tid 105934
0 1 tid 105934
365 2 tid 105934
188 tid 105934
Insert  tid 105934
FindTargetPageId rootid 3 tid 105934
target_page_id id: 1 tid 105934
0 1 tid 105934
365 2 tid 105934
189 tid 105934
Insert  tid 105934
FindTargetPageId rootid 3 tid 105934
target_page_id id: 1 tid 105934
0 1 tid 105934
365 2 tid 105934
190 tid 105934
Insert  tid 105934
FindTargetPageId rootid 3 tid 105934
target_page_id id: 1 tid 105934
0 1 tid 105934
365 2 tid 105934
191 tid 105934
Insert  tid 105934
FindTargetPageId rootid 3 tid 105934
target_page_id id: 1 tid 105934
0 1 tid 105934
365 2 tid 105934
192 tid 105934
Insert  tid 105934
FindTargetPageId rootid 3 tid 105934
target_page_id id: 1 tid 105934
0 1 tid 105934
365 2 tid 105934
193 tid 105934
Insert  tid 105934
FindTargetPageId rootid 3 tid 105934
target_page_id id: 1 tid 105934
0 1 tid 105934
365 2 tid 105934
194 tid 105934
Insert  tid 105934
FindTargetPageId rootid 3 tid 105934
target_page_id id: 1 tid 105934
0 1 tid 105934
365 2 tid 105934
195 tid 105934
Insert  tid 105934
FindTargetPageId rootid 3 tid 105934
target_page_id id: 1 tid 105934
0 1 tid 105934
365 2 tid 105934
196 tid 105934
Insert  tid 105934
FindTargetPageId rootid 3 tid 105934
target_page_id id: 1 tid 105934
0 1 tid 105934
365 2 tid 105934
197 tid 105934
Insert  tid 105934
FindTargetPageId rootid 3 tid 105934
target_page_id id: 1 tid 105934
0 1 tid 105934
365 2 tid 105934
198 tid 105934
Insert  tid 105934
FindTargetPageId rootid 3 tid 105934
target_page_id id: 1 tid 105934
0 1 tid 105934
365 2 tid 105934
199 tid 105934
Insert  tid 105934
FindTargetPageId rootid 3 tid 105934
target_page_id id: 1 tid 105934
0 1 tid 105934
365 2 tid 105934
200 tid 105934
Insert  tid 105934
FindTargetPageId rootid 3 tid 105934
target_page_id id: 1 tid 105934
0 1 tid 105934
365 2 tid 105934
201 tid 105934
Insert  tid 105934
FindTargetPageId rootid 3 tid 105934
target_page_id id: 1 tid 105934
0 1 tid 105934
365 2 tid 105934
202 tid 105934
Insert  tid 105934
FindTargetPageId rootid 3 tid 105934
target_page_id id: 1 tid 105934
0 1 tid 105934
365 2 tid 105934
203 tid 105934
Insert  tid 105934
FindTargetPageId rootid 3 tid 105934
target_page_id id: 1 tid 105934
0 1 tid 105934
365 2 tid 105934
204 tid 105934
Insert  tid 105934
FindTargetPageId rootid 3 tid 105932
target_page_id id: 1 tid 105932
0 1 tid 105932
365 2 tid 105932
205 tid 105932
Insert  tid 105932
FindTargetPageId rootid 3 tid 105933
target_page_id id: 1 tid 105933
0 1 tid 105933
365 2 tid 105933
205 tid 105933
Remove  tid 105933
FindTargetPageId rootid 3 tid 105934
target_page_id id: 1 tid 105934
0 1 tid 105934
365 2 tid 105934
204 tid 105934
Insert  tid 105934
FindTargetPageId rootid 3 tid 105932
target_page_id id: 1 tid 105932
0 1 tid 105932
365 2 tid 105932
205 tid 105932
Insert  tid 105932
FindTargetPageId rootid 3 tid 105932
target_page_id id: 1 tid 105932
0 1 tid 105932
365 2 tid 105932
205 tid 105932
Insert  tid 105932
FindTargetPageId rootid 3 tid 105932
target_page_id id: 1 tid 105932
0 1 tid 105932
365 2 tid 105932
205 tid 105932
Insert  tid 105932
FindTargetPageId rootid 3 tid 105932
target_page_id id: 1 tid 105932
0 1 tid 105932
365 2 tid 105932
205 tid 105932
Insert  tid 105932
FindTargetPageId rootid 3 tid 105932
target_page_id id: 1 tid 105932
0 1 tid 105932
365 2 tid 105932
205 tid 105932
Insert  tid 105932
FindTargetPageId rootid 3 tid 105932
target_page_id id: 1 tid 105932
0 1 tid 105932
365 2 tid 105932
205 tid 105932
Insert  tid 105932
FindTargetPageId rootid 3 tid 105932
target_page_id id: 1 tid 105932
0 1 tid 105932
365 2 tid 105932
205 tid 105932
Insert  tid 105932
FindTargetPageId rootid 3 tid 105933
target_page_id id: 1 tid 105933
0 1 tid 105933
365 2 tid 105933
205 tid 105933
Remove  tid 105933
FindTargetPageId rootid 3 tid 105933
target_page_id id: 1 tid 105933
0 1 tid 105933
365 2 tid 105933
204 tid 105933
Remove  tid 105933
FindTargetPageId rootid 3 tid 105932
target_page_id id: 1 tid 105932
0 1 tid 105932
365 2 tid 105932
203 tid 105932
Insert  tid 105932
FindTargetPageId rootid 3 tid 105934
target_page_id id: 1 tid 105934
0 1 tid 105934
365 2 tid 105934
203 tid 105934
Insert  tid 105934
FindTargetPageId rootid 3 tid 105933
target_page_id id: 1 tid 105933
0 1 tid 105933
365 2 tid 105933
204 tid 105933
Remove  tid 105933
FindTargetPageId rootid 3 tid 105932
target_page_id id: 1 tid 105932
0 1 tid 105932
365 2 tid 105932
203 tid 105932
Insert  tid 105932
FindTargetPageId rootid 3 tid 105932
target_page_id id: 1 tid 105932
0 1 tid 105932
365 2 tid 105932
204 tid 105932
Insert  tid 105932
FindTargetPageId rootid 3 tid 105932
target_page_id id: 1 tid 105932
0 1 tid 105932
365 2 tid 105932
205 tid 105932
Insert  tid 105932
FindTargetPageId rootid 3 tid 105932
target_page_id id: 1 tid 105932
0 1 tid 105932
365 2 tid 105932
206 tid 105932
Insert  tid 105932
FindTargetPageId rootid 3 tid 105932
target_page_id id: 1 tid 105932
0 1 tid 105932
365 2 tid 105932
207 tid 105932
Insert  tid 105932
FindTargetPageId rootid 3 tid 105932
target_page_id id: 1 tid 105932
0 1 tid 105932
365 2 tid 105932
207 tid 105932
Insert  tid 105932
FindTargetPageId rootid 3 tid 105932
target_page_id id: 1 tid 105932
0 1 tid 105932
365 2 tid 105932
207 tid 105932
Insert  tid 105932
FindTargetPageId rootid 3 tid 105934
target_page_id id: 1 tid 105934
0 1 tid 105934
365 2 tid 105934
207 tid 105934
FindTargetPageId rootid 3 tid 105933
target_page_id id: 1 tid 105933
0 1 tid 105933
365 2 tid 105933
208 tid 105933
Insert  tid 105934
Remove FindTargetPageId rootid 3 tid 105932
target_page_id id: 1 tid 105932
0 1 tid 105932
365 2 tid 105932
207 tid 105932
Insert  tid 105932
FindTargetPageId rootid 3 tid 105932
target_page_id id: 1 tid 105932
0 1 tid 105932
365 2 tid 105932
 tid 207 tid 105932
105933
Insert  tid 105932
FindTargetPageId rootid 3 tid 105934
target_page_id id: 1 tid 105934
0 1 tid 105934
365 2 tid 105934
207 tid 105934
FindTargetPageId rootid 3 tid 105933
target_page_id id: 1 tid 105933
0 1 tid 105933
365 2 tid 105933
208 tid 105933
Insert  tid 105934
Remove  tid 105933
FindTargetPageId rootid 3 tid 105932
target_page_id id: 1 tid 105932
0 1 tid 105932
365 2 tid 105932
207 tid 105932
Insert  tid 105932
FindTargetPageId rootid 3 tid 105932
target_page_id id: 1 tid 105932
0 1 tid 105932
365 2 tid 105932
207 tid 105932
Insert  tid 105932
FindTargetPageId rootid 3 tid 105932
target_page_id id: 1 tid 105932
0 1 tid 105932
365 2 tid 105932
207 tid 105932
Insert  tid 105932
FindTargetPageId rootid 3 tid 105932
target_page_id id: 1 tid 105932
0 1 tid 105932
365 2 tid 105932
207 tid 105932
Insert  tid 105932
FindTargetPageId rootid 3 tid 105932
target_page_id id: 1 tid 105932
0 1 tid 105932
365 2 tid 105932
207 tid 105932
Insert  tid 105932
FindTargetPageId rootid 3 tid 105932
target_page_id id: 1 tid 105932
0 1 tid 105932
365 2 tid 105932
208 tid 105932
Insert  tid 105932
FindTargetPageId rootid 3 tid 105932
target_page_id id: 1 tid 105932
0 1 tid 105932
365 2 tid 105932
209 tid 105932
Insert  tid 105932
FindTargetPageId rootid 3 tid 105932
target_page_id id: 1 tid 105932
0 1 tid 105932
365 2 tid 105932
210 tid 105932
Insert  tid 105932
FindTargetPageId rootid 3 tid 105932
target_page_id id: 1 tid 105932
0 1 tid 105932
365 2 tid 105932
211 tid 105932
Insert  tid 105932
FindTargetPageId rootid 3 tid 105932
target_page_id id: 1 tid 105932
0 1 tid 105932
365 2 tid 105932
212 tid 105932
Insert  tid 105932
FindTargetPageId rootid 3 tid 105932
target_page_id id: 1 tid 105932
0 1 tid 105932
365 2 tid 105932
213 tid 105932
Insert  tid 105932
FindTargetPageId rootid 3 tid 105932
target_page_id id: 1 tid 105932
0 1 tid 105932
365 2 tid 105932
214 tid 105932
Insert  tid 105932
FindTargetPageId rootid 3 tid 105932
target_page_id id: 1 tid 105932
0 1 tid 105932
365 2 tid 105932
215 tid 105932
Insert  tid 105932
FindTargetPageId rootid 3 tid 105932
target_page_id id: 1 tid 105932
0 1 tid 105932
365 2 tid 105932
216 tid 105932
Insert  tid 105932
FindTargetPageId rootid 3 tid 105932
target_page_id id: 1 tid 105932
0 1 tid 105932
365 2 tid 105932
217 tid 105932
Insert  tid 105932
FindTargetPageId rootid 3 tid 105932
target_page_id id: 1 tid 105932
0 1 tid 105932
365 2 tid 105932
218 tid 105932
Insert  tid 105932
FindTargetPageId rootid 3 tid 105934
target_page_id id: 1 tid 105934
0 1 tid 105934
365 2 tid 105934
219 tid 105934
Insert  tid 105934
FindTargetPageId rootid 3 tid 105933
target_page_id id: 1 tid 105933
0 1 tid 105933
365 2 tid 105933
219 tid 105933
Remove  tid 105933
FindTargetPageId rootid 3 tid 105933
target_page_id id: 1 tid 105933
0 1 tid 105933
365 2 tid 105933
218 tid 105933
Remove  tid 105933
FindTargetPageId rootid 3 tid 105933
target_page_id id: 1 tid 105933
0 1 tid 105933
365 2 tid 105933
217 tid 105933
Remove  tid 105933
FindTargetPageId rootid 3 tid 105933
target_page_id id: 1 tid 105933
0 1 tid 105933
365 2 tid 105933
216 tid 105933
Remove  tid 105933
FindTargetPageId rootid 3 tid 105933
target_page_id id: 1 tid 105933
0 1 tid 105933
365 2 tid 105933
215 tid 105933
Remove  tid 105933
FindTargetPageId rootid 3 tid 105933
target_page_id id: 1 tid 105933
0 1 tid 105933
365 2 tid 105933
214 tid 105933
Remove  tid 105933
FindTargetPageId rootid 3 tid 105933
target_page_id id: 1 tid 105933
0 1 tid 105933
365 2 tid 105933
213 tid 105933
Remove  tid 105933
FindTargetPageId rootid 3 tid 105933
target_page_id id: 1 tid 105933
0 1 tid 105933
365 2 tid 105933
212 tid 105933
Remove  tid 105933
FindTargetPageId rootid 3 tid 105933
target_page_id id: 1 tid 105933
0 1 tid 105933
365 2 tid 105933
211 tid 105933
Remove  tid 105933
FindTargetPageId rootid 3 tid 105933
target_page_id id: 1 tid 105933
0 1 tid 105933
365 2 tid 105933
210 tid 105933
Remove  tid 105933
FindTargetPageId rootid 3 tid 105933
target_page_id id: 1 tid 105933
0 1 tid 105933
365 2 tid 105933
209 tid 105933
Remove  tid 105933
FindTargetPageId rootid 3 tid 105933
target_page_id id: 1 tid 105933
0 1 tid 105933
365 2 tid 105933
208 tid 105933
Remove  tid 105933
FindTargetPageId rootid 3 tid 105933
target_page_id id: 1 tid 105933
0 1 tid 105933
365 2 tid 105933
207 tid 105933
Remove  tid 105933
FindTargetPageId rootid 3 tid 105933
target_page_id id: 1 tid 105933
0 1 tid 105933
365 2 tid 105933
206 tid 105933
Remove  tid 105933
FindTargetPageId rootid 3 tid 105933
target_page_id id: 1 tid 105933
0 1 tid 105933
365 2 tid 105933
205 tid 105933
Remove  tid 105933
FindTargetPageId rootid 3 tid 105933
target_page_id id: 1 tid 105933
0 1 tid 105933
365 2 tid 105933
204 tid 105933
Remove  tid 105933
FindTargetPageId rootid 3 tid 105933
target_page_id id: 1 tid 105933
0 1 tid 105933
365 2 tid 105933
203 tid 105933
Remove  tid 105933
FindTargetPageId rootid 3 tid 105933
target_page_id id: 1 tid 105933
0 1 tid 105933
365 2 tid 105933
202 tid 105933
Remove  tid 105933
FindTargetPageId rootid 3 tid 105933
target_page_id id: 1 tid 105933
0 1 tid 105933
365 2 tid 105933
201 tid 105933
Remove  tid 105933
FindTargetPageId rootid 3 tid 105934
target_page_id id: 1 tid 105934
0 1 tid 105934
365 2 tid 105934
200 tid 105934
Insert  tid 105934
FindTargetPageId rootid 3 tid 105932
target_page_id id: 1 tid 105932
0 1 tid 105932
365 2 tid 105932
201 tid 105932
Insert  tid 105932
FindTargetPageId rootid 3 tid 105933
target_page_id id: 1 tid 105933
0 1 tid 105933
365 2 tid 105933
202 tid 105933
Remove  tid 105933
FindTargetPageId rootid 3 tid 105934
target_page_id id: 1 tid 105934
0 1 tid 105934
365 2 tid 105934
201 tid 105934
Insert  tid 105934
FindTargetPageId rootid 3 tid 105932
target_page_id id: 1 tid 105932
0 1 tid 105932
365 2 tid 105932
202 tid 105932
Insert  tid 105932
FindTargetPageId rootid 3 tid 105932
target_page_id id: 1 tid 105932
0 1 tid 105932
365 2 tid 105932
203 tid 105932
Insert  tid 105932
FindTargetPageId rootid 3 tid 105934
target_page_id id: 1 tid 105934
0 1 tid 105934
365 2 tid 105934
204 tid 105934
Insert  tid 105934
FindTargetPageId rootid 3 tid 105933
target_page_id id: 1 tid 105933
0 1 tid 105933
365 2 tid 105933
205 tid 105933
Remove  tid 105933
FindTargetPageId rootid 3 tid 105932
target_page_id id: 1 tid 105932
0 1 tid 105932
365 2 tid 105932
204 tid 105932
FindTargetPageId rootid 3 tid 105934
target_page_id id: 1 tid 105934
0 1 tid 105934
365 2 tid 105934
205 tid 105934
Insert  tid 105932
Insert  tid 105934
FindTargetPageId rootid 3 tid 105933
target_page_id id: 1 tid 105933
0 1 tid 105933
365 2 tid 105933
206 tid 105933
Remove  tid 105933
FindTargetPageId rootid 3 tid 105934
target_page_id id: 1 tid 105934
0 1 tid 105934
365 2 tid 105934
205 tid 105934
Insert  tid 105934
FindTargetPageId rootid 3 tid 105934
target_page_id id: 1 tid 105934
0 1 tid 105934
365 2 tid 105934
206 tid 105934
Insert  tid 105934
FindTargetPageId rootid 3 tid 105934
target_page_id id: 1 tid 105934
0 1 tid 105934
365 2 tid 105934
207 tid 105934
Insert  tid 105934
FindTargetPageId rootid 3 tid 105934
target_page_id id: 1 tid 105934
0 1 tid 105934
365 2 tid 105934
208 tid 105934
Insert  tid 105934
FindTargetPageId rootid 3 tid 105934
target_page_id id: 1 tid 105934
0 1 tid 105934
365 2 tid 105934
209 tid 105934
Insert  tid 105934
FindTargetPageId rootid 3 tid 105934
target_page_id id: 1 tid 105934
0 1 tid 105934
365 2 tid 105934
210 tid 105934
Insert  tid 105934
FindTargetPageId rootid 3 tid 105934
target_page_id id: 1 tid 105934
0 1 tid 105934
365 2 tid 105934
211 tid 105934
Insert  tid 105934
FindTargetPageId rootid 3 tid 105934
target_page_id id: 1 tid 105934
0 1 tid 105934
365 2 tid 105934
212 tid 105934
Insert  tid 105934
FindTargetPageId rootid 3 tid 105934
target_page_id id: 1 tid 105934
0 1 tid 105934
365 2 tid 105934
213 tid 105934
Insert  tid 105934
FindTargetPageId rootid 3 tid 105932
target_page_id id: 1 tid 105932
0 1 tid 105932
365 2 tid 105932
214 tid 105932
Insert  tid 105932
FindTargetPageId rootid 3 tid 105932
target_page_id id: 1 tid 105932
0 1 tid 105932
365 2 tid 105932
215 tid 105932
Insert  tid 105932
FindTargetPageId rootid 3 tid 105932
target_page_id id: 1 tid 105932
0 1 tid 105932
365 2 tid 105932
216 tid 105932
Insert  tid 105932
FindTargetPageId rootid 3 tid 105933
target_page_id id: 1 tid 105933
0 1 tid 105933
365 2 tid 105933
217 tid 105933
Remove  tid 105933FindTargetPageId rootid 
3 tid 105934
target_page_id id: 1 tid 105934
0 1 tid 105934
365 2 tid 105934
216 tid 105934
Insert  tid 105934
FindTargetPageId rootid 3 tid 105934
target_page_id id: 1 tid 105934
0 1 tid 105934
365 2 tid 105934
217 tid 105934
Insert  tid 105934
FindTargetPageId rootid 3 tid 105934
target_page_id id: 1 tid 105934
0 1 tid 105934
365 2 tid 105934
218 tid 105934
Insert  tid 105934
FindTargetPageId rootid 3 tid 105933
target_page_id id: 1 tid 105933
0 1 tid 105933
365 2 tid 105933
218 tid 105933
Remove  tid 105933
FindTargetPageId rootid 3 tid 105933
target_page_id id: 1 tid 105933
0 1 tid 105933
365 2 tid 105933
217 tid 105933
Remove  tid 105933
FindTargetPageId rootid 3 tid 105932
target_page_id id: 1 tid 105932
0 1 tid 105932
365 2 tid 105932
216 tid 105932
Insert  tid 105932
FindTargetPageId rootid 3 tid 105934
target_page_id id: 1 tid 105934
0 1 tid 105934
365 2 tid 105934
217 tid 105934
Insert  tid 105934
FindTargetPageId rootid 3 tid 105933
target_page_id id: 1 tid 105933
0 1 tid 105933
365 2 tid 105933
218 tid 105933
Remove  tid 105933
FindTargetPageId rootid 3 tid 105932
target_page_id id: 1 tid 105932
0 1 tid 105932
365 2 tid 105932
217 tid 105932
Insert  tid 105932
FindTargetPageId rootid 3 tid 105934
target_page_id id: 1 tid 105934
0 1 tid 105934
365 2 tid 105934
218 tid 105934
Insert  tid 105934
FindTargetPageId rootid 3 tid 105934
target_page_id id: 1 tid 105934
0 1 tid 105934
365 2 tid 105934
219 tid 105934
Insert  tid 105934
FindTargetPageId rootid 3 tid 105934
target_page_id id: 1 tid 105934
0 1 tid 105934
365 2 tid 105934
219 tid 105934
Insert  tid 105934
FindTargetPageId rootid 3 tid 105933
target_page_id id: 1 tid 105933
0 1 tid 105933
365 2 tid 105933
219 tid 105933
Remove  tid 105933
FindTargetPageId rootid 3 tid 105932
target_page_id id: 1 tid 105932
0 1 tid 105932
365 2 tid 105932
218 tid 105932
Insert  tid 105932
FindTargetPageId rootid 3 tid 105934
target_page_id id: 1 tid 105934
0 1 tid 105934
365 2 tid 105934
219 tid 105934
Insert  tid 105934
FindTargetPageId rootid 3 tid 105933
target_page_id id: 1 tid 105933
0 1 tid 105933
365 2 tid 105933
219 tid 105933
Remove  tid 105933
FindTargetPageId rootid 3 tid 105932
target_page_id id: 1 tid 105932
0 1 tid 105932
365 2 tid 105932
218 tid 105932
Insert  tid 105932
FindTargetPageId rootid 3 tid 105932
target_page_id id: 1 tid 105932
0 1 tid 105932
365 2 tid 105932
219 tid 105932
Insert  tid 105932
FindTargetPageId rootid 3 tid 105932
target_page_id id: 1 tid 105932
0 1 tid 105932
365 2 tid 105932
220 tid 105932
Insert  tid 105932
FindTargetPageId rootid 3 tid 105934
target_page_id id: 1 tid 105934
0 1 tid 105934
365 2 tid 105934
221 tid 105934
FindTargetPageId rootid 3 tid 105933
target_page_id id: 1 tid 105933
0 1 tid 105933
365 2 tid 105933
221 tid 105933
Remove  tid 105933
FindTargetPageId rootid 3 tid 105932
Insert  tid target_page_id id: 105934
1 tid 105932
0 1 tid 105932
365 2 tid 105932
220 tid 105932
Insert  tid 105932
FindTargetPageId rootid 3 tid 105933
target_page_id id: 1 tid 105933
0 1 tid 105933
365 2 tid 105933
221 tid 105933
Remove  tid 105933
FindTargetPageId rootid 3 tid 105933
target_page_id id: 1 tid 105933
0 1 tid 105933
365 2 tid 105933
220 tid 105933
Remove  tid 105933
FindTargetPageId rootid 3 tid 105933
target_page_id id: 1 tid 105933
0 1 tid 105933
365 2 tid 105933
219 tid 105933
Remove  tid 105933
FindTargetPageId rootid 3 tid 105932
target_page_id id: 1 tid 105932
0 1 tid 105932
365 2 tid 105932
218 tid 105932
Insert  tid 105932
FindTargetPageId rootid 3 tid 105933
target_page_id id: 1 tid 105933
0 1 tid 105933
365 2 tid 105933
219 tid 105933
Remove  tid 105933
FindTargetPageId rootid 3 tid 105934
target_page_id id: 1 tid 105934
0 1 tid 105934
365 2 tid 105934
218 tid 105934
Insert  tid 105934
FindTargetPageId rootid 3 tid 105934
target_page_id id: 1 tid 105934
0 1 tid 105934
365 2 tid 105934
219 tid 105934
Insert  tid 105934
FindTargetPageId rootid 3 tid 105934
target_page_id id: 1 tid 105934
0 1 tid 105934
365 2 tid 105934
220 tid 105934
Insert  tid 105934
FindTargetPageId rootid 3 tid 105934
target_page_id id: 1 tid 105934
0 1 tid 105934
365 2 tid 105934
221 tid 105934
Insert  tid 105934
FindTargetPageId rootid 3 tid 105934
target_page_id id: 1 tid 105934
0 1 tid 105934
365 2 tid 105934
221 tid 105934
Insert  tid 105934
FindTargetPageId rootid 3 tid 105934
target_page_id id: 1 tid 105934
0 1 tid 105934
365 2 tid 105934
222 tid 105934
Insert  tid 105934
FindTargetPageId rootid 3 tid 105934
target_page_id id: 1 tid 105934
0 1 tid 105934
365 2 tid 105934
223 tid 105934
Insert  tid 105934
FindTargetPageId rootid 3 tid 105933
target_page_id id: 1 tid 105933
0 1 tid 105933
365 2 tid 105933
224 tid 105933
Remove  tid 105933
FindTargetPageId rootid 3 tid 105933
target_page_id id: 1 tid 105933
0 1 tid 105933
365 2 tid 105933
223 tid 105933
Remove  tid 105933
FindTargetPageId rootid 3 tid 105934
target_page_id id: 1 tid 105934
0 1 tid 105934
365 2 tid 105934
222 tid 105934
Insert  tid 105934
FindTargetPageId rootid 3 tid 105932
target_page_id id: 1 tid 105932
0 1 tid 105932
365 2 tid 105932
223 tid 105932
Insert  tid 105932
FindTargetPageId rootid 3 tid 105932
target_page_id id: 1 tid 105932
0 1 tid 105932
365 2 tid 105932
224 tid 105932
Insert  tid 105932
FindTargetPageId rootid 3 tid 105932
target_page_id id: 1 tid 105932
0 1 tid 105932
365 2 tid 105932
224 tid 105932
Insert  tid 105932
FindTargetPageId rootid 3 tid 105932
target_page_id id: 1 tid 105932
0 1 tid 105932
365 2 tid 105932
224 tid 105932
Insert  tid 105932
FindTargetPageId rootid 3 tid 105932
target_page_id id: 1 tid 105932
0 1 tid 105932
365 2 tid 105932
224 tid 105932
Insert  tid 105932
FindTargetPageId rootid 3 tid 105933
target_page_id id: 1 tid 105933
0 1 tid 105933
365 2 tid 105933
225 tid 105933
Remove  tid 105933
FindTargetPageId rootid 3 tid 105934
target_page_id id: 1 tid 105934
0 1 tid 105934
365 2 tid 105934
224 tid 105934
Insert  tid 105934
FindTargetPageId rootid 3 tid 105932
target_page_id id: 1 tid 105932
0 1 tid 105932
365 2 tid 105932
224 tid 105932
Insert  tid 105932
FindTargetPageId rootid 3 tid 105932
target_page_id id: 1 tid 105932
0 1 tid 105932
365 2 tid 105932
225 tid 105932
Insert  tid 105932
FindTargetPageId rootid 3 tid 105932
target_page_id id: 1 tid 105932
0 1 tid 105932
365 2 tid 105932
226 tid 105932
Insert  tid 105932
FindTargetPageId rootid 3 tid 105932
target_page_id id: 1 tid 105932
0 1 tid 105932
365 2 tid 105932
227 tid 105932
Insert  tid 105932
FindTargetPageId rootid 3 tid 105932
target_page_id id: 1 tid 105932
0 1 tid 105932
365 2 tid 105932
228 tid 105932
Insert  tid 105932
FindTargetPageId rootid 3 tid 105934
target_page_id id: 1 tid 105934
0 1 tid 105934
365 2 tid 105934
229 tid 105934
Insert  tid 105934
FindTargetPageId rootid 3 tid 105934
target_page_id id: 1 tid 105934
0 1 tid 105934
365 2 tid 105934
229 tid 105934
Insert  tid 105934
FindTargetPageId rootid 3 tid 105934
target_page_id id: 1 tid 105934
0 1 tid 105934
365 2 tid 105934
229 tid 105934
Insert  tid 105934
FindTargetPageId rootid 3 tid 105934
target_page_id id: 1 tid 105934
0 1 tid 105934
365 2 tid 105934
229 tid 105934
Insert  tid 105934
FindTargetPageId rootid 3 tid 105934
target_page_id id: 1 tid 105934
0 1 tid 105934
365 2 tid 105934
229 tid 105934
Insert  tid 105934
FindTargetPageId rootid 3 tid 105933
target_page_id id: 1 tid 105933
0 1 tid 105933
365 2 tid 105933
229 tid 105933
Remove  tid 105933
FindTargetPageId rootid 3 tid 105933
target_page_id id: 1 tid 105933
0 1 tid 105933
365 2 tid 105933
228 tid 105933
Remove  tid 105933
FindTargetPageId rootid 3 tid 105933
target_page_id id: 1 tid 105933
0 1 tid 105933
365 2 tid 105933
227 tid 105933
Remove  tid 105933
FindTargetPageId rootid 3 tid 105934
target_page_id id: 1 tid 105934
0 1 tid 105934
365 2 tid 105934
226 tid 105934
Insert  tid 105934
FindTargetPageId rootid 3 tid 105932
target_page_id id: 1 tid 105932
0 1 tid 105932
365 2 tid 105932
227 tid 105932
Insert  tid 105932
FindTargetPageId rootid 3 tid 105932
target_page_id id: 1 tid 105932
0 1 tid 105932
365 2 tid 105932
227 tid 105932
Insert  tid 105932
FindTargetPageId rootid 3 tid 105932
target_page_id id: 1 tid 105932
0 1 tid 105932
365 2 tid 105932
228 tid 105932
Insert  tid 105932
FindTargetPageId rootid 3 tid 105932
target_page_id id: 1 tid 105932
0 1 tid 105932
365 2 tid 105932
229 tid 105932
Insert  tid 105932
FindTargetPageId rootid 3 tid 105932
target_page_id id: 1 tid 105932
0 1 tid 105932
365 2 tid 105932
230 tid 105932
Insert  tid 105932
FindTargetPageId rootid 3 tid 105932
target_page_id id: 1 tid 105932
0 1 tid 105932
365 2 tid 105932
231 tid 105932
Insert  tid 105932
FindTargetPageId rootid 3 tid 105932
target_page_id id: 1 tid 105932
0 1 tid 105932
365 2 tid 105932
232 tid 105932
Insert  tid 105932
FindTargetPageId rootid 3 tid 105932
target_page_id id: 1 tid 105932
0 1 tid 105932
365 2 tid 105932
233 tid 105932
Insert  tid 105932
FindTargetPageId rootid 3 tid 105934
target_page_id id: 1 tid 105934
0 1 tid 105934
365 2 tid 105934
234 tid 105934
Insert  tid 105934
FindTargetPageId rootid 3 tid 105933
target_page_id id: 1 tid 105933
0 1 tid 105933
365 2 tid 105933
234 tid 105933
Remove  tid 105933
FindTargetPageId rootid 3 tid 105932
target_page_id id: 1 tid 105932
0 1 tid 105932
365 2 tid 105932
233 tid 105932
Insert  tid 105932
FindTargetPageId rootid 3 tid 105934
target_page_id id: 1 tid 105934
0 1 tid 105934
365 2 tid 105934
234 tid 105934
Insert  tid 105934
FindTargetPageId rootid 3 tid 105933
target_page_id id: 1 tid 105933
0 1 tid 105933
365 2 tid 105933
234 tid 105933
Remove  tid 105933
FindTargetPageId rootid 3 tid 105932
target_page_id id: 1 tid 105932
0 1 tid 105932
365 2 tid 105932
233 tid 105932
Insert  tid 105932
FindTargetPageId rootid 3 tid 105932
target_page_id id: 1 tid 105932
0 1 tid 105932
365 2 tid 105932
234 tid 105932
Insert  tid 105932
FindTargetPageId rootid 3 tid 105934
target_page_id id: 1 tid 105934
0 1 tid 105934
365 2 tid 105934
235 tid 105934
Insert FindTargetPageId rootid  tid 3 tid 105933
105934
target_page_id id: 1 tid 105933
0 1 tid 105933
365 2 tid 105933
235 tid 105933
FindTargetPageId rootid 3 tid 105932
target_page_id id: 1 tid Remove 105932
0 tid  1 tid 105932
365 2 tid 105932
234 tid 105932
105933
Insert  tid 105932
FindTargetPageId rootid 3 tid 105934
target_page_id id: 1 tid 105934
0 1 tid 105934
365 2 tid 105934
235 tid 105934
Insert  tid 105934
FindTargetPageId rootid 3 tid 105934
target_page_id id: 1 tid 105934
0 1 tid 105934
365 2 tid 105934
235 tid 105934
Insert  tid 105934
FindTargetPageId rootid 3 tid 105934
target_page_id id: 1 tid 105934
0 1 tid 105934
365 2 tid 105934
235 tid 105934
Insert  tid 105934
FindTargetPageId rootid 3 tid 105934
target_page_id id: 1 tid 105934
0 1 tid 105934
365 2 tid 105934
235 tid 105934
Insert  tid 105934
FindTargetPageId rootid 3 tid 105932
target_page_id id: 1 tid 105932
0 1 tid 105932
365 2 tid 105932
235 tid 105932
Insert  tid 105932
FindTargetPageId rootid 3 tid 105933
target_page_id id: 1 tid 105933
0 1 tid 105933
365 2 tid 105933
236 tid 105933
Remove  tid 105933
FindTargetPageId rootid 3 tid 105933
target_page_id id: 1 tid 105933
0 1 tid 105933
365 2 tid 105933
235 tid 105933
Remove  tid 105933
FindTargetPageId rootid 3 tid 105932
target_page_id id: 1 tid 105932
0 1 tid 105932
365 2 tid 105932
234 tid 105932
Insert  tid 105932
FindTargetPageId rootid 3 tid 105934
target_page_id id: 1 tid 105934
0 1 tid 105934
365 2 tid 105934
235 tid 105934
Insert  tid 105934
FindTargetPageId rootid 3 tid 105933
target_page_id id: 1 tid 105933
0 1 tid 105933
365 2 tid 105933
235 tid 105933
Remove FindTargetPageId rootid  tid 3 tid 105932105933

target_page_id id: 1 tid 105932
0 1 tid 105932
365 2 tid 105932
234 tid 105932
Insert  tid 105932
FindTargetPageId rootid 3 tid 105932
target_page_id id: 1 tid 105932
0 1 tid 105932
365 2 tid 105932
235 tid 105932
Insert  tid 105932
FindTargetPageId rootid 3 tid 105932
target_page_id id: 1 tid 105932
0 1 tid 105932
365 2 tid 105932
236 tid 105932
FindTargetPageId rootid 3 tid 105934
Insert  tid target_page_id id: 1 tid 105934
0 1 tid 105934
365 2 tid 105934105932

237 tid 105934
Insert  tid 105934
FindTargetPageId rootid 3 tid 105933
target_page_id id: 1 tid 105933
0 1 tid 105933
365 2 tid 105933
237 tid 105933
Remove  tid 105933
FindTargetPageId rootid 3 tid 105932
target_page_id id: 1 tid 105932
0 1 tid 105932
365 2 tid 105932
236 tid 105932
Insert  tid 105932
FindTargetPageId rootid 3 tid 105932
target_page_id id: 1 tid 105932
0 1 tid 105932
365 2 tid 105932
237 tid 105932
Insert  tid 105932
FindTargetPageId rootid 3 tid 105932
target_page_id id: 1 tid 105932
0 1 tid 105932
365 2 tid 105932
238 tid 105932
Insert  tid 105932
FindTargetPageId rootid 3 tid 105932
target_page_id id: 1 tid 105932
0 1 tid 105932
365 2 tid 105932
239 tid 105932
Insert  tid 105932
FindTargetPageId rootid 3 tid 105932
target_page_id id: 1 tid 105932
0 1 tid 105932
365 2 tid 105932
240 tid 105932
Insert  tid 105932
FindTargetPageId rootid 3 tid 105932
target_page_id id: 1 tid 105932
0 1 tid 105932
365 2 tid 105932
241 tid 105932
Insert  tid 105932
FindTargetPageId rootid 3 tid 105932
target_page_id id: 1 tid 105932
0 1 tid 105932
365 2 tid 105932
242 tid 105932
Insert  tid 105932
FindTargetPageId rootid 3 tid 105932
target_page_id id: 1 tid 105932
0 1 tid 105932
365 2 tid 105932
243 tid 105932
Insert  tid 105932
FindTargetPageId rootid 3 tid 105932
target_page_id id: 1 tid 105932
0 1 tid 105932
365 2 tid 105932
244 tid 105932
Insert  tid 105932
FindTargetPageId rootid 3 tid 105932
target_page_id id: 1 tid 105932
0 1 tid 105932
365 2 tid 105932
245 tid 105932
Insert  tid 105932
FindTargetPageId rootid 3 tid 105932
target_page_id id: 1 tid 105932
0 1 tid 105932
365 2 tid 105932
246 tid 105932
Insert  tid 105932
FindTargetPageId rootid 3 tid 105932
target_page_id id: 1 tid 105932
0 1 tid 105932
365 2 tid 105932
247 tid 105932
Insert  tid 105932
FindTargetPageId rootid 3 tid 105932
target_page_id id: 1 tid 105932
0 1 tid 105932
365 2 tid 105932
248 tid 105932
Insert  tid 105932
FindTargetPageId rootid 3 tid 105933
target_page_id id: 1 tid 105933
0 1 tid 105933
365 2 tid 105933
249 tid 105933
Remove  tid 105933
FindTargetPageId rootid 3 tid 105934
target_page_id id: 1 tid 105934
0 1 tid 105934
365 2 tid 105934
248 tid 105934
FindTargetPageId rootid 3 tid 105932
target_page_id id: 1 tid 105932
0 1 tid 105932
365 2 tid 105932
248 tid 105932
Insert  tid 105934
Insert  tid 105932
FindTargetPageId rootid 3 tid 105934
target_page_id id: 1 tid 105934
0 1 tid 105934
365 2 tid 105934
249 tid 105934
Insert  tid 105934
FindTargetPageId rootid 3 tid 105932
target_page_id id: 1 tid 105932
0 1 tid 105932
365 2 tid 105932
249 tid 105932
Insert  tid 105932
FindTargetPageId rootid 3 tid 105932
target_page_id id: 1 tid 105932
0 1 tid 105932
365 2 tid 105932
250 tid 105932
Insert  tid 105932
FindTargetPageId rootid 3 tid 105933
target_page_id id: 1 tid 105933
0 1 tid 105933
365 2 tid 105933
251 tid 105933
FindTargetPageId rootid 3 tid 105934
target_page_id id: 1 tid 105934
0 1 tid 105934
365 2 tid 105934
Remove  tid 105933
250 tid 105934
Insert  tid 105934
FindTargetPageId rootid 3 tid 105932
target_page_id id: 1 tid 105932
0 1 tid 105932
365 2 tid 105932
250 tid 105932
Insert  tid 105932
FindTargetPageId rootid 3 tid 105932
target_page_id id: 1 tid 105932
0 1 tid 105932
365 2 tid 105932
251 tid 105932
Insert  tid 105932
FindTargetPageId rootid 3 tid 105932
target_page_id id: 1 tid 105932
0 1 tid 105932
365 2 tid 105932
252 tid 105932
Insert  tid 105932
FindTargetPageId rootid 3 tid 105933
target_page_id id: 1 tid 105933
0 1 tid 105933
365 2 tid 105933
253 tid 105933
Remove  tid 105933
FindTargetPageId rootid 3 tid 105934
target_page_id id: 1 tid 105934
0 1 tid 105934
365 2 tid 105934
252 tid 105934
Insert  tid 105934
FindTargetPageId rootid 3 tid 105934
target_page_id id: 1 tid 105934
0 1 tid 105934
365 2 tid 105934
252 tid 105934
Insert  tid 105934
FindTargetPageId rootid 3 tid 105934
target_page_id id: 1 tid 105934
0 1 tid 105934
365 2 tid 105934
252 tid 105934
Insert  tid 105934
FindTargetPageId rootid 3 tid 105934
target_page_id id: 1 tid 105934
0 1 tid 105934
365 2 tid 105934
252 tid 105934
Insert  tid 105934
FindTargetPageId rootid 3 tid 105934
target_page_id id: 1 tid 105934
0 1 tid 105934
365 2 tid 105934
252 tid 105934
Insert  tid 105934
FindTargetPageId rootid 3 tid 105933
target_page_id id: 1 tid 105933
0 1 tid 105933
365 2 tid 105933
252 tid 105933
Remove  tid 105933
FindTargetPageId rootid 3 tid 105932
target_page_id id: 1 tid 105932
0 1 tid 105932
365 2 tid 105932
251 tid 105932
Insert  tid 105932
FindTargetPageId rootid 3 tid 105934
target_page_id id: 1 tid 105934
0 1 tid 105934
365 2 tid 105934
252 tid 105934
Insert  tid 105934
FindTargetPageId rootid 3 tid 105933
target_page_id id: 1 tid 105933
0 1 tid 105933
365 2 tid 105933
252 tid 105933
Remove  tid 105933
FindTargetPageId rootid 3 tid 105932
target_page_id id: 1 tid 105932
0 1 tid 105932
365 2 tid 105932
251 tid 105932
FindTargetPageId rootid 3 tid 105934
target_page_id id: 1 tid 105934
0 1 tid 105934
365 2 tid 105934
252 tid 105934
Insert  tid 105934
FindTargetPageId rootid 3 tid 105933
target_page_id id: 1 tid 105933
0 1 tid 105933
365 2 tid 105933
Insert  tid 105932
252 tid 105933
Remove  tid 105933
FindTargetPageId rootid 3 tid 105934
target_page_id id: 1 tid 105934
0 1 tid 105934
365 2 tid 105934
251 tid 105934
Insert  tid 105934
FindTargetPageId rootid 3 tid 105934
target_page_id id: 1 tid 105934
0 1 tid 105934
365 2 tid 105934
251 tid 105934
Insert  tid 105934
FindTargetPageId rootid 3 tid 105933
target_page_id id: 1 tid 105933
0 1 tid 105933
365 2 tid 105933
251 tid 105933
Remove  tid 105933
FindTargetPageId rootid 3 tid 105932
target_page_id id: 1 tid 105932
0 1 tid 105932
365 2 tid 105932
250 tid 105932
FindTargetPageId rootid 3 tid 105934
target_page_id id: 1 tid 105934
0 1 tid 105934
365 2 tid 105934
251 tid 105934
Insert  tid 105934
FindTargetPageId rootid 3 tid 105934
target_page_id id: 1 tid 105934
0 1 tid 105934
365 2 tid 105934
251 tid 105934
Insert  tid 105934
Insert  tid 105932
FindTargetPageId rootid 3 tid 105934
target_page_id id: 1 tid 105934
0 1 tid 105934
365 2 tid 105934
251 tid 105934
Insert  tid 105934
FindTargetPageId rootid 3 tid 105933
target_page_id id: 1 tid 105933
0 1 tid 105933
365 2 tid 105933
251 tid 105933
Remove  tid 105933
FindTargetPageId rootid 3 tid 105932
target_page_id id: 1 tid 105932
0 1 tid 105932
365 2 tid 105932
250 tid 105932
Insert  tid 105932
FindTargetPageId rootid 3 tid 105932
target_page_id id: 1 tid 105932
0 1 tid 105932
365 2 tid 105932
251 tid 105932
Insert  tid 105932
FindTargetPageId rootid 3 tid 105932
target_page_id id: 1 tid 105932
0 1 tid 105932
365 2 tid 105932
252 tid 105932
Insert  tid 105932
FindTargetPageId rootid 3 tid 105932
target_page_id id: 1 tid 105932
0 1 tid 105932
365 2 tid 105932
253 tid 105932
Insert  tid 105932
FindTargetPageId rootid 3 tid 105933
target_page_id id: 1 tid 105933
0 1 tid 105933
365 2 tid 105933
254 tid 105933
Remove  tid 105933
FindTargetPageId rootid 3 tid 105933
target_page_id id: 1 tid 105933
0 1 tid 105933
365 2 tid 105933
253 tid 105933
Remove  tid 105933
FindTargetPageId rootid 3 tid 105933
target_page_id id: 1 tid 105933
0 1 tid 105933
365 2 tid 105933
252 tid 105933
Remove  tid 105933
FindTargetPageId rootid 3 tid 105933
target_page_id id: 1 tid 105933
0 1 tid 105933
365 2 tid 105933
251 tid 105933
Remove  tid 105933
FindTargetPageId rootid 3 tid 105934
target_page_id id: 1 tid 105934
0 1 tid 105934
365 2 tid 105934
250 tid 105934
Insert  tid 105934
FindTargetPageId rootid 3 tid 105932
target_page_id id: 1 tid 105932
0 1 tid 105932
365 2 tid 105932
250 tid 105932
Insert  tid 105932
FindTargetPageId rootid 3 tid 105933
target_page_id id: 1 tid 105933
0 1 tid 105933
365 2 tid 105933
251 tid 105933
Remove  tid 105933
FindTargetPageId rootid 3 tid 105934
target_page_id id: 1 tid 105934
0 1 tid 105934
365 2 tid 105934
250 tid 105934
Insert  tid 105934
FindTargetPageId rootid 3 tid 105932
target_page_id id: 1 tid 105932
0 1 tid 105932
365 2 tid 105932
250 tid 105932
Insert  tid 105932
FindTargetPageId rootid 3 tid 105932
target_page_id id: 1 tid 105932
0 1 tid 105932
365 2 tid 105932
251 tid 105932
Insert  tid 105932
FindTargetPageId rootid 3 tid 105932
target_page_id id: 1 tid 105932
0 1 tid 105932
365 2 tid 105932
252 tid 105932
Insert  tid 105932
FindTargetPageId rootid 3 tid 105933
target_page_id id: 1 tid 105933
0 1 tid 105933
365 2 tid 105933
253 tid 105933
Remove  tid 105933
FindTargetPageId rootid 3 tid 105934
target_page_id id: 1 tid 105934
0 1 tid 105934
365 2 tid 105934
252 tid 105934
Insert  tid 105934
FindTargetPageId rootid 3 tid 105932
target_page_id id: 1 tid 105932
0 1 tid 105932
365 2 tid 105932
252 tid 105932
Insert  tid 105932
FindTargetPageId rootid 3 tid 105932
target_page_id id: 1 tid 105932
0 1 tid 105932
365 2 tid 105932
253 tid 105932
Insert  tid 105932
FindTargetPageId rootid 3 tid 105934
target_page_id id: 1 tid 105934
0 1 tid 105934
365 2 tid 105934
254 tid 105934
Insert  tid 105934
FindTargetPageId rootid 3 tid 105933
target_page_id id: 1 tid 105933
0 1 tid 105933
365 2 tid 105933
254 tid 105933
Remove  tid 105933
FindTargetPageId rootid 3 tid 105933
target_page_id id: 1 tid 105933
0 1 tid 105933
365 2 tid 105933
253 tid 105933
Remove  tid 105933
FindTargetPageId rootid 3 tid 105934
target_page_id id: 1 tid 105934
0 1 tid 105934
365 2 tid 105934
252 tid 105934
FindTargetPageId rootid 3 tid 105932
target_page_id id: 1 tid 105932
0 1 tid 105932
365Insert  tid  1059342
 tid 105932
252 tid 105932
Insert  tid 105932
FindTargetPageId rootid 3 tid 105933
target_page_id id: 1 tid 105933
0 1 tid 105933
365 2 tid 105933
253 tid 105933
Remove  tid 105933
FindTargetPageId rootid 3 tid 105934
target_page_id id: 1 tid 105934
0 1 tid 105934
365 2 tid 105934
252 tid 105934
Insert  tid 105934
FindTargetPageId rootid 3 tid 105932
target_page_id id: 1 tid 105932
0 1 tid 105932
365 2 tid 105932
252 tid 105932
Insert  tid 105932
FindTargetPageId rootid 3 tid 105933
target_page_id id: 1 tid 105933
0 1 tid 105933
365 2 tid 105933
253 tid 105933
Remove  tid 105933
FindTargetPageId rootid 3 tid 105934
target_page_id id: 1 tid 105934
0 1 tid 105934
365 2 tid 105934
252 tid 105934
Insert  tid 105934
FindTargetPageId rootid 3 tid 105932
target_page_id id: 1 tid 105932
0 1 tid 105932
365 2 tid 105932
252 tid 105932
Insert  tid 105932
FindTargetPageId rootid 3 tid 105932
target_page_id id: 1 tid 105932
0 1 tid 105932
365 2 tid 105932
253 tid 105932
Insert  tid 105932
FindTargetPageId rootid 3 tid 105934
target_page_id id: 1 tid 105934
0 1 tid 105934
365 2 tid 105934
254 tid 105934
Insert  tid 105934
FindTargetPageId rootid 3 tid 105934
target_page_id id: 1 tid 105934
0 1 tid 105934
365 2 tid 105934
254 tid 105934
Insert  tid 105934
FindTargetPageId rootid 3 tid 105934
target_page_id id: 1 tid 105934
0 1 tid 105934
365 2 tid 105934
254 tid 105934
Insert  tid 105934
FindTargetPageId rootid 3 tid 105934
target_page_id id: 1 tid 105934
0 1 tid 105934
365 2 tid 105934
254 tid 105934
Insert  tid 105934
FindTargetPageId rootid 3 tid 105934
target_page_id id: 1 tid 105934
0 1 tid 105934
365 2 tid 105934
254 tid 105934
Insert  tid 105934
FindTargetPageId rootid 3 tid 105934
target_page_id id: 1 tid 105934
0 1 tid 105934
365 2 tid 105934
254 tid 105934
Insert  tid 105934
FindTargetPageId rootid 3 tid 105934
target_page_id id: 1 tid 105934
0 1 tid 105934
365 2 tid 105934
254 tid 105934
Insert  tid 105934
FindTargetPageId rootid 3 tid 105934
target_page_id id: 1 tid 105934
0 1 tid 105934
365 2 tid 105934
254 tid 105934
Insert  tid 105934
FindTargetPageId rootid 3 tid 105934
target_page_id id: 1 tid 105934
0 1 tid 105934
365 2 tid 105934
254 tid 105934
Insert  tid 105934
FindTargetPageId rootid 3 tid 105934
target_page_id id: 1 tid 105934
0 1 tid 105934
365 2 tid 105934
254 tid 105934
Insert  tid 105934
FindTargetPageId rootid 3 tid 105934
target_page_id id: 1 tid 105934
0 1 tid 105934
365 2 tid 105934
254 tid 105934
Insert  tid 105934
FindTargetPageId rootid 3 tid 105932
target_page_id id: 1 tid 105932
0 1 tid 105932
365 2 tid 105932
254 tid 105932
Insert  tid 105932
FindTargetPageId rootid 3 tid 105933
target_page_id id: 4 tid 105933
0 1 tid 105933
128 4 tid 105933
365 2 tid 105933
128 tid 105933
Remove  tid 105933
FindTargetPageId rootid 3 tid 105933
target_page_id id: 4 tid 105933
0 1 tid 105933
128 4 tid 105933
365 2 tid 105933
127 tid 105933
Remove  tid 105933
FindTargetPageId rootid 3 tid 105933
target_page_id id: 1 tid 105933
0 1 tid 105933
365 2 tid 105933
253 tid 105933
Remove  tid 105933
FindTargetPageId rootid 3 tid 105933
target_page_id id: 1 tid 105933
0 1 tid 105933
365 2 tid 105933
252 tid 105933
Remove  tid 105933
FindTargetPageId rootid 3 tid 105933
target_page_id id: 1 tid 105933
0 1 tid 105933
365 2 tid 105933
251 tid 105933
Remove  tid 105933
FindTargetPageId rootid 3 tid 105933
target_page_id id: 1 tid 105933
0 1 tid 105933
365 2 tid 105933
250 tid 105933
Remove  tid 105933
FindTargetPageId rootid 3 tid 105933
target_page_id id: 1 tid 105933
0 1 tid 105933
365 2 tid 105933
249 tid 105933
Remove  tid 105933
FindTargetPageId rootid 3 tid 105933
target_page_id id: 1 tid 105933
0 1 tid 105933
365 2 tid 105933
248 tid 105933
Remove  tid 105933
FindTargetPageId rootid 3 tid 105933
target_page_id id: 1 tid 105933
0 1 tid 105933
365 2 tid 105933
247 tid 105933
Remove  tid 105933
FindTargetPageId rootid 3 tid 105934
target_page_id id: 1 tid 105934
0 1 tid 105934
365 2 tid 105934
246 tid 105934
Insert  tid 105934
FindTargetPageId rootid 3 tid 105932
target_page_id id: 1 tid 105932
0 1 tid 105932
365 2 tid 105932
246 tid 105932
Insert  tid 105932
FindTargetPageId rootid 3 tid 105933
target_page_id id: 1 tid 105933
0 1 tid 105933
365 2 tid 105933
247 tid 105933
FindTargetPageId rootid 3 tid 105934
target_page_id id: 1 tid 105934
0 1 tid 105934
365 2 tid 105934
246 tid 105934
Remove  tid Insert  tid 105933
105934FindTargetPageId rootid 3 tid 105932
target_page_id id: 1 tid 105932
0 1 tid 105932
365 2 tid 105932
246 tid 105932
Insert  tid 105932

FindTargetPageId rootid 3 tid 105932
target_page_id id: 1 tid 105932
0 1 tid 105932
365 2 tid 105932
247 tid 105932
Insert  tid 105932
FindTargetPageId rootid 3 tid 105932
target_page_id id: 1 tid 105932
0 1 tid 105932
365 2 tid 105932
248 tid 105932
Insert  tid 105932
FindTargetPageId rootid 3 tid 105932
target_page_id id: 1 tid 105932
0 1 tid 105932
365 2 tid 105932
249 tid 105932
Insert  tid 105932
FindTargetPageId rootid 3 tid 105933
target_page_id id: 1 tid 105933
0 1 tid 105933
365 2 tid 105933
250 tid 105933
Remove  tid 105933
FindTargetPageId rootid 3 tid 105933
target_page_id id: 1 tid 105933
0 1 tid 105933
365 2 tid 105933
249 tid 105933
Remove  tid 105933
FindTargetPageId rootid 3 tid 105933
target_page_id id: 1 tid 105933
0 1 tid 105933
365 2 tid 105933
248 tid 105933
Remove  tid 105933
FindTargetPageId rootid 3 tid 105933
target_page_id id: 1 tid 105933
0 1 tid 105933
365 2 tid 105933
247 tid 105933
Remove  tid 105933
FindTargetPageId rootid 3 tid 105932
target_page_id id: 1 tid 105932
0 1 tid 105932
365 2 tid 105932
246 tid 105932
Insert  tid 105932
FindTargetPageId rootid 3 tid 105932
target_page_id id: 1 tid 105932
0 1 tid 105932
365 2 tid 105932
247 tid 105932
Insert  tid 105932
FindTargetPageId rootid 3 tid 105932
target_page_id id: 1 tid 105932
0 1 tid 105932
365 2 tid 105932
248 tid 105932
Insert  tid 105932
FindTargetPageId rootid 3 tid 105934
target_page_id id: 1 tid 105934
0 1 tid 105934
365 2 tid 105934
249 tid 105934
Insert  tid 105934
FindTargetPageId rootid 3 tid 105933
target_page_id id: 1 tid 105933
0 1 tid 105933
365 2 tid 105933
249 tid 105933
Remove  tid 105933
FindTargetPageId rootid 3 tid 105933
target_page_id id: 1 tid 105933
0 1 tid 105933
365 2 tid 105933
248 tid 105933
Remove  tid 105933
FindTargetPageId rootid 3 tid 105933
target_page_id id: 1 tid 105933
0 1 tid 105933
365 2 tid 105933
247 tid 105933
Remove  tid 105933
FindTargetPageId rootid 3 tid 105932
target_page_id id: 1 tid 105932
0 1 tid 105932
365 2 tid 105932
246 tid 105932
Insert  tid 105932
FindTargetPageId rootid 3 tid 105932
target_page_id id: 1 tid 105932
0 1 tid 105932
365 2 tid 105932
247 tid 105932
Insert  tid 105932
FindTargetPageId rootid 3 tid 105932
target_page_id id: 1 tid 105932
0 1 tid 105932
365 2 tid 105932
248 tid 105932
Insert  tid 105932
FindTargetPageId rootid 3 tid 105932
target_page_id id: 1 tid 105932
0 1 tid 105932
365 2 tid 105932
249 tid 105932
Insert  tid 105932
FindTargetPageId rootid 3 tid 105932
target_page_id id: 1 tid 105932
0 1 tid 105932
365 2 tid 105932
250 tid 105932
Insert  tid 105932
FindTargetPageId rootid 3 tid 105932
target_page_id id: 1 tid 105932
0 1 tid 105932
365 2 tid 105932
251 tid 105932
Insert  tid 105932
FindTargetPageId rootid 3 tid 105932
target_page_id id: 1 tid 105932
0 1 tid 105932
365 2 tid 105932
252 tid 105932
Insert  tid 105932
FindTargetPageId rootid 3 tid 105932
target_page_id id: 1 tid 105932
0 1 tid 105932
365 2 tid 105932
253 tid 105932
Insert  tid 105932
FindTargetPageId rootid 3 tid 105932
target_page_id id: 1 tid 105932
0 1 tid 105932
365 2 tid 105932
254 tid 105932
Insert  tid 105932
FindTargetPageId rootid 3 tid 105933
target_page_id id: 5 tid 105933
0 1 tid 105933
128 5 tid 105933
365 2 tid 105933
128 tid 105933
Remove  tid 105933
FindTargetPageId rootid 3 tid 105934
target_page_id id: 5 tid 105934
0 1 tid 105934
128 5 tid 105934
365 2 tid 105934
127 tid 105934
Insert  tid 105934
FindTargetPageId rootid 3 tid 105932
target_page_id id: 5 tid 105932
0 1 tid 105932
128 5 tid 105932
365 2 tid 105932
127 tid 105932
Insert  tid 105932
FindTargetPageId rootid 3 tid 105933
target_page_id id: 5 tid 105933
0 1 tid 105933
128 5 tid 105933
365 2 tid 105933
128 tid 105933
Remove  tid 105933
FindTargetPageId rootid 3 tid 105933
target_page_id id: 5 tid 105933
0 1 tid 105933
128 5 tid 105933
365 2 tid 105933
127 tid 105933
Remove  tid 105933
FindTargetPageId rootid 3 tid 105933
target_page_id id: 1 tid 105933
0 1 tid 105933
365 2 tid 105933
253 tid 105933
Remove  tid 105933
FindTargetPageId rootid 3 tid 105933
target_page_id id: 1 tid 105933
0 1 tid 105933
365 2 tid 105933
252 tid 105933
Remove  tid 105933
FindTargetPageId rootid 3 tid 105933
target_page_id id: 1 tid 105933
0 1 tid 105933
365 2 tid 105933
251 tid 105933
Remove  tid 105933
FindTargetPageId rootid 3 tid 105933
target_page_id id: 1 tid 105933
0 1 tid 105933
365 2 tid 105933
250 tid 105933
Remove  tid 105933
FindTargetPageId rootid 3 tid 105933
target_page_id id: 1 tid 105933
0 1 tid 105933
365 2 tid 105933
249 tid 105933
Remove  tid 105933
FindTargetPageId rootid 3 tid 105933
target_page_id id: 1 tid 105933
0 1 tid 105933
365 2 tid 105933
248 tid 105933
Remove  tid 105933
FindTargetPageId rootid 3 tid 105933
target_page_id id: 1 tid 105933
0 1 tid 105933
365 2 tid 105933
247 tid 105933
Remove  tid 105933
FindTargetPageId rootid 3 tid 105933
target_page_id id: 1 tid 105933
0 1 tid 105933
365 2 tid 105933
246 tid 105933
Remove  tid 105933
FindTargetPageId rootid 3 tid 105933
target_page_id id: 1 tid 105933
0 1 tid 105933
365 2 tid 105933
245 tid 105933
Remove  tid 105933
FindTargetPageId rootid 3 tid 105933
target_page_id id: 1 tid 105933
0 1 tid 105933
365 2 tid 105933
244 tid 105933
Remove  tid 105933
FindTargetPageId rootid 3 tid 105933
target_page_id id: 1 tid 105933
0 1 tid 105933
365 2 tid 105933
243 tid 105933
Remove  tid 105933
FindTargetPageId rootid 3 tid 105933
target_page_id id: 1 tid 105933
0 1 tid 105933
365 2 tid 105933
242 tid 105933
Remove  tid 105933
FindTargetPageId rootid 3 tid 105933
target_page_id id: 1 tid 105933
0 1 tid 105933
365 2 tid 105933
241 tid 105933
Remove  tid 105933
FindTargetPageId rootid 3 tid 105933
target_page_id id: 1 tid 105933
0 1 tid 105933
365 2 tid 105933
240 tid 105933
Remove  tid 105933
FindTargetPageId rootid 3 tid 105933
target_page_id id: 1 tid 105933
0 1 tid 105933
365 2 tid 105933
239 tid 105933
Remove  tid 105933
FindTargetPageId rootid 3 tid 105933
target_page_id id: 1 tid 105933
0 1 tid 105933
365 2 tid 105933
238 tid 105933
Remove  tid 105933
FindTargetPageId rootid 3 tid 105933
target_page_id id: 1 tid 105933
0 1 tid 105933
365 2 tid 105933
237 tid 105933
Remove  tid 105933
FindTargetPageId rootid 3 tid 105933
target_page_id id: 1 tid 105933
0 1 tid 105933
365 2 tid 105933
236 tid 105933
Remove  tid 105933
FindTargetPageId rootid 3 tid 105933
target_page_id id: 1 tid 105933
0 1 tid 105933
365 2 tid 105933
235 tid 105933
Remove  tid 105933
FindTargetPageId rootid 3 tid 105933
target_page_id id: 1 tid 105933
0 1 tid 105933
365 2 tid 105933
234 tid 105933
Remove  tid 105933
FindTargetPageId rootid 3 tid 105933
target_page_id id: 1 tid 105933
0 1 tid 105933
365 2 tid 105933
233 tid 105933
Remove  tid 105933
FindTargetPageId rootid 3 tid 105933
target_page_id id: 1 tid 105933
0 1 tid 105933
365 2 tid 105933
232 tid 105933
Remove  tid 105933
FindTargetPageId rootid 3 tid 105933
target_page_id id: 1 tid 105933
0 1 tid 105933
365 2 tid 105933
231 tid 105933
Remove  tid 105933
FindTargetPageId rootid 3 tid 105933
target_page_id id: 1 tid 105933
0 1 tid 105933
365 2 tid 105933
230 tid 105933
Remove  tid 105933
FindTargetPageId rootid 3 tid 105933
target_page_id id: 1 tid 105933
0 1 tid 105933
365 2 tid 105933
229 tid 105933
Remove  tid 105933
FindTargetPageId rootid 3 tid 105933
target_page_id id: 1 tid 105933
0 1 tid 105933
365 2 tid 105933
228 tid 105933
Remove  tid 105933
FindTargetPageId rootid 3 tid 105933
target_page_id id: 1 tid 105933
0 1 tid 105933
365 2 tid 105933
227 tid 105933
Remove  tid 105933
FindTargetPageId rootid 3 tid 105933
target_page_id id: 1 tid 105933
0 1 tid 105933
365 2 tid 105933
226 tid 105933
Remove  tid 105933
FindTargetPageId rootid 3 tid 105934
target_page_id id: 1 tid 105934
0 1 tid 105934
365 2 tid 105934
225 tid 105934
Insert  tid 105934
FindTargetPageId rootid 3 tid 105934
target_page_id id: 1 tid 105934
0 1 tid 105934
365 2 tid 105934
226 tid 105934
Insert  tid 105934
FindTargetPageId rootid 3 tid 105934
target_page_id id: 1 tid 105934
0 1 tid 105934
365 2 tid 105934
227 tid 105934
Insert  tid 105934
FindTargetPageId rootid 3 tid 105934
target_page_id id: 1 tid 105934
0 1 tid 105934
365 2 tid 105934
228 tid 105934
Insert  tid 105934
FindTargetPageId rootid 3 tid 105934
target_page_id id: 1 tid 105934
0 1 tid 105934
365 2 tid 105934
229 tid 105934
Insert  tid 105934
FindTargetPageId rootid 3 tid 105932
target_page_id id: 1 tid 105932
0 1 tid 105932
365 2 tid 105932
230 tid 105932
Insert  tid 105932
FindTargetPageId rootid 3 tid 105932
target_page_id id: 1 tid 105932
0 1 tid 105932
365 2 tid 105932
231 tid 105932
Insert  tid 105932
FindTargetPageId rootid 3 tid 105932
target_page_id id: 1 tid 105932
0 1 tid 105932
365 2 tid 105932
232 tid 105932
Insert  tid 105932
FindTargetPageId rootid 3 tid 105932
target_page_id id: 1 tid 105932
0 1 tid 105932
365 2 tid 105932
233 tid 105932
Insert  tid 105932
FindTargetPageId rootid 3 tid 105933
target_page_id id: 1 tid 105933
0 1 tid 105933
365 2 tid 105933
234 tid 105933
Remove  tid 105933
FindTargetPageId rootid 3 tid 105933
target_page_id id: 1 tid 105933
0 1 tid 105933
365 2 tid 105933
233 tid 105933
Remove  tid 105933
FindTargetPageId rootid 3 tid 105933
target_page_id id: 1 tid 105933
0 1 tid 105933
365 2 tid 105933
232 tid 105933
FindTargetPageId rootid 3 tid 105934
target_page_id id: 1 tid 105934
0 1 tid 105934
365 2 tid 105934
231 tid 105934
Remove  tid 105933
Insert  tid 105934
FindTargetPageId rootid 3 tid 105933
target_page_id id: 1 tid 105933
0 1 tid 105933
365 2 tid 105933
232 tid 105933
Remove  tid 105933
FindTargetPageId rootid 3 tid 105932
target_page_id id: 1 tid 105932
0 1 tid 105932
365 2 tid 105932
231 tid 105932
Insert  tid 105932
FindTargetPageId rootid 3 tid 105934
target_page_id id: 1 tid 105934
0 1 tid 105934
365 2 tid 105934
232 tid 105934
Insert  tid 105934FindTargetPageId rootid 3 tid 105933
target_page_id id: 1 tid 105933

0 1 tid 105933
365 2 tid 105933
233 tid 105933
Remove  tid 105933
FindTargetPageId rootid 3 tid 105932
target_page_id id: 1 tid 105932
0 1 tid 105932
365 2 tid 105932
232 tid 105932
Insert  tid 105932
FindTargetPageId rootid 3 tid 105934
target_page_id id: 1 tid 105934
0 1 tid 105934
365 2 tid 105934
233 tid 105934
Insert  tid 105934
FindTargetPageId rootid 3 tid 105934
target_page_id id: 1 tid 105934
0 1 tid 105934
365 2 tid 105934
234 tid 105934
Insert  tid 105934
FindTargetPageId rootid 3 tid 105932
target_page_id id: 1 tid 105932
0 1 tid 105932
365 2 tid 105932
235 tid 105932
Insert  tid 105932
FindTargetPageId rootid 3 tid 105932
target_page_id id: 1 tid 105932
0 1 tid 105932
365 2 tid 105932
236 tid 105932
FindTargetPageId rootid 3 tid 105934
target_page_id id: 1 tid 105934
0 1 tid 105934
365 2 tid 105934
237 tid 105934
Insert  tid 105932
FindTargetPageId rootid 3 tid 105933
target_page_id id: 1 tid 105933
0 1 tid 105933
365 2 tid 105933
238 tid 105933
Remove  tid 105933
FindTargetPageId rootid 3 tid 105933
target_page_id id: 1 tid 105933
0 1 tid 105933
365 2 tid 105933
237 tid 105933
Remove  tid 105933
FindTargetPageId rootid 3 tid 105933
target_page_id id: 1 tid 105933
0 1 tid 105933
365 2 tid 105933
236 tid 105933
Remove  tid 105933
FindTargetPageId rootid 3 tid 105933
target_page_id id: 1 tid 105933
0 1 tid 105933
365 2 tid 105933
235 tid 105933
Remove  tid 105933
FindTargetPageId rootid 3 tid 105933
target_page_id id: 1 tid 105933
0 1 tid 105933
365 2 tid 105933
234 tid 105933
Remove  tid 105933
FindTargetPageId rootid 3 tid 105933
target_page_id id: 1 tid 105933
0 1 tid 105933
365 2 tid 105933
233 tid 105933
Remove  tid 105933
FindTargetPageId rootid 3 tid 105933
target_page_id id: 1 tid 105933
0 1 tid 105933
365 2 tid 105933
232 tid 105933
Remove  tid 105933
FindTargetPageId rootid 3 tid 105933
target_page_id id: 1 tid 105933
0 1 tid 105933
365 2 tid 105933
231 tid 105933
Remove  tid 105933
FindTargetPageId rootid 3 tid 105933
target_page_id id: 1 tid 105933
0 1 tid 105933
365 2 tid 105933
231 tid 105933
Remove  tid 105933
FindTargetPageId rootid 3 tid 105933
target_page_id id: 1 tid 105933
0 1 tid 105933
365 2 tid 105933
231 tid 105933
Insert Remove  tid 105934
 tid FindTargetPageId rootid 3 tid 105932
target_page_id id: 1 tid 105932
0 1 tid 105932
365 2 tid 105932
231 tid 105932
105933
FindTargetPageId rootid 3 tid 105933
Insert  tid 105932
target_page_id id: 1 tid 105933
0 1 tid 105933
365 2 tid 105933
232 tid 105933
FindTargetPageId rootid 3 tid 105934
target_page_id id: 1 tid 105934
0 1 tid 105934
365 2 tid 105934
Remove  tid 105933232 tid 
105934
Insert  tid 105934
FindTargetPageId rootid 3 tid 105932
target_page_id id: 1 tid 105932
0 1 tid 105932
365 2 tid 105932
233 tid 105932
Insert  tid 105932
FindTargetPageId rootid 3 tid 105932
target_page_id id: 1 tid 105932
0 1 tid 105932
365 2 tid 105932
234 tid 105932
Insert  tid 105932
FindTargetPageId rootid 3 tid 105932
target_page_id id: 1 tid 105932
0 1 tid 105932
365 2 tid 105932
235 tid 105932
Insert  tid 105932
FindTargetPageId rootid 3 tid 105932
target_page_id id: 1 tid 105932
0 1 tid 105932
365 2 tid 105932
236 tid 105932
Insert  tid 105932
FindTargetPageId rootid 3 tid 105932
target_page_id id: 1 tid 105932
0 1 tid 105932
365 2 tid 105932
237 tid 105932
Insert  tid 105932
FindTargetPageId rootid 3 tid 105932
target_page_id id: 1 tid 105932
0 1 tid 105932
365 2 tid 105932
238 tid 105932
Insert  tid 105932
FindTargetPageId rootid 3 tid 105932
target_page_id id: 1 tid 105932
0 1 tid 105932
365 2 tid 105932
239 tid 105932
Insert  tid 105932
FindTargetPageId rootid 3 tid 105932
target_page_id id: 1 tid 105932
0 1 tid 105932
365 2 tid 105932
240 tid 105932
Insert  tid 105932
FindTargetPageId rootid 3 tid 105932
target_page_id id: 1 tid 105932
0 1 tid 105932
365 2 tid 105932
241 tid 105932
Insert  tid 105932
FindTargetPageId rootid 3 tid 105932
target_page_id id: 1 tid 105932
0 1 tid 105932
365 2 tid 105932
242 tid 105932
Insert  tid 105932
FindTargetPageId rootid 3 tid 105932
target_page_id id: 1 tid 105932
0 1 tid 105932
365 2 tid 105932
243 tid 105932
Insert  tid 105932
FindTargetPageId rootid 3 tid 105933
target_page_id id: 1 tid 105933
0 1 tid 105933
365 2 tid 105933
244 tid 105933
Remove  tid 105933
FindTargetPageId rootid 3 tid 105934
target_page_id id: 1 tid 105934
0 1 tid 105934
365 2 tid 105934
243 tid 105934
Insert  tid 105934
FindTargetPageId rootid 3 tid 105932
target_page_id id: 1 tid 105932
0 1 tid 105932
365 2 tid 105932
244 tid 105932
Insert  tid 105932
FindTargetPageId rootid 3 tid 105932
target_page_id id: 1 tid 105932
0 1 tid 105932
365 2 tid 105932
245 tid 105932
Insert  tid 105932
FindTargetPageId rootid 3 tid 105932
target_page_id id: 1 tid 105932
0 1 tid 105932
365 2 tid 105932
246 tid 105932
Insert  tid 105932
FindTargetPageId rootid 3 tid 105932
target_page_id id: 1 tid 105932
0 1 tid 105932
365 2 tid 105932
247 tid 105932
Insert  tid 105932
FindTargetPageId rootid 3 tid 105934
target_page_id id: 1 tid 105934
0 1 tid 105934
365 2 tid 105934
248 tid 105934
Insert  tid 105934
FindTargetPageId rootid 3 tid 105933
target_page_id id: 1 tid 105933
0 1 tid 105933
365 2 tid 105933
249 tid 105933
Remove  tid 105933
FindTargetPageId rootid 3 tid 105933
target_page_id id: 1 tid 105933
0 1 tid 105933
365 2 tid 105933
248 tid 105933
Remove  tid 105933
FindTargetPageId rootid 3 tid 105933
target_page_id id: 1 tid 105933
0 1 tid 105933
365 2 tid 105933
247 tid 105933
Remove  tid 105933
FindTargetPageId rootid 3 tid 105933
target_page_id id: 1 tid 105933
0 1 tid 105933
365 2 tid 105933
246 tid 105933
Remove  tid 105933
FindTargetPageId rootid 3 tid 105934
target_page_id id: 1 tid 105934
0 1 tid 105934
365 2 tid 105934
245 tid 105934
Insert  tid 105934
FindTargetPageId rootid 3 tid 105932
target_page_id id: 1 tid 105932
0 1 tid 105932
365 2 tid 105932
246 tid 105932
Insert  tid 105932
FindTargetPageId rootid 3 tid 105932
target_page_id id: 1 tid 105932
0 1 tid 105932
365 2 tid 105932
247 tid 105932
Insert  tid 105932
FindTargetPageId rootid 3 tid 105932
target_page_id id: 1 tid 105932
0 1 tid 105932
365 2 tid 105932
248 tid 105932
Insert  tid 105932
FindTargetPageId rootid 3 tid 105932
target_page_id id: 1 tid 105932
0 1 tid 105932
365 2 tid 105932
249 tid 105932
Insert  tid 105932
FindTargetPageId rootid 3 tid 105932
target_page_id id: 1 tid 105932
0 1 tid 105932
365 2 tid 105932
250 tid 105932
Insert  tid 105932
FindTargetPageId rootid 3 tid 105932
target_page_id id: 1 tid 105932
0 1 tid 105932
365 2 tid 105932
251 tid 105932
Insert  tid 105932
FindTargetPageId rootid 3 tid 105932
target_page_id id: 1 tid 105932
0 1 tid 105932
365 2 tid 105932
252 tid 105932
Insert  tid 105932
FindTargetPageId rootid 3 tid 105932
target_page_id id: 1 tid 105932
0 1 tid 105932
365 2 tid 105932
253 tid 105932
Insert  tid 105932
FindTargetPageId rootid 3 tid 105932
target_page_id id: 1 tid 105932
0 1 tid 105932
365 2 tid 105932
254 tid 105932
Insert  tid 105932
FindTargetPageId rootid 3 tid 105934
target_page_id id: 6 tid 105934
0 1 tid 105934
128 6 tid 105934
365 2 tid 105934
128 tid 105934
Insert  tid 105934
FindTargetPageId rootid 3 tid 105933
target_page_id id: 6 tid 105933
0 1 tid 105933
128 6 tid 105933
365 2 tid 105933
129 tid 105933
Remove  tid 105933
FindTargetPageId rootid 3 tid 105933
target_page_id id: 6 tid 105933
0 1 tid 105933
128 6 tid 105933
365 2 tid 105933
128 tid 105933
Remove  tid 105933
FindTargetPageId rootid 3 tid 105933
target_page_id id: 6 tid 105933
0 1 tid 105933
128 6 tid 105933
365 2 tid 105933
127 tid 105933
Remove  tid 105933
FindTargetPageId rootid 3 tid 105933
target_page_id id: 1 tid 105933
0 1 tid 105933
365 2 tid 105933
253 tid 105933
Remove  tid 105933
FindTargetPageId rootid 3 tid 105933
target_page_id id: 1 tid 105933
0 1 tid 105933
365 2 tid 105933
252 tid 105933
Remove  tid 105933
FindTargetPageId rootid 3 tid 105933
target_page_id id: 1 tid 105933
0 1 tid 105933
365 2 tid 105933
251 tid 105933
Remove  tid 105933
FindTargetPageId rootid 3 tid 105933
target_page_id id: 1 tid 105933
0 1 tid 105933
365 2 tid 105933
250 tid 105933
Remove  tid 105933
FindTargetPageId rootid 3 tid 105933
target_page_id id: 1 tid 105933
0 1 tid 105933
365 2 tid 105933
249 tid 105933
Remove  tid 105933
FindTargetPageId rootid 3 tid 105933
target_page_id id: 1 tid 105933
0 1 tid 105933
365 2 tid 105933
248 tid 105933
Remove  tid 105933
FindTargetPageId rootid 3 tid 105933
target_page_id id: 1 tid 105933
0 1 tid 105933
365 2 tid 105933
247 tid 105933
Remove  tid 105933
FindTargetPageId rootid 3 tid 105933
target_page_id id: 1 tid 105933
0 1 tid 105933
365 2 tid 105933
246 tid 105933
Remove  tid 105933
FindTargetPageId rootid 3 tid 105933
target_page_id id: 1 tid 105933
0 1 tid 105933
365 2 tid 105933
245 tid 105933
Remove  tid 105933
FindTargetPageId rootid 3 tid 105933
target_page_id id: 1 tid 105933
0 1 tid 105933
365 2 tid 105933
244 tid 105933
Remove  tid 105933
FindTargetPageId rootid 3 tid 105933
target_page_id id: 1 tid 105933
0 1 tid 105933
365 2 tid 105933
243 tid 105933
Remove  tid 105933
FindTargetPageId rootid 3 tid 105933
target_page_id id: 1 tid 105933
0 1 tid 105933
365 2 tid 105933
242 tid 105933
Remove  tid 105933
FindTargetPageId rootid 3 tid 105933
target_page_id id: 1 tid 105933
0 1 tid 105933
365 2 tid 105933
241 tid 105933
Remove  tid 105933
FindTargetPageId rootid 3 tid 105933
target_page_id id: 1 tid 105933
0 1 tid 105933
365 2 tid 105933
240 tid 105933
Remove  tid 105933
FindTargetPageId rootid 3 tid 105933
target_page_id id: 1 tid 105933
0 1 tid 105933
365 2 tid 105933
240 tid 105933
Remove  tid 105933
FindTargetPageId rootid 3 tid 105933
target_page_id id: 1 tid 105933
0 1 tid 105933
365 2 tid 105933
240 tid 105933
Remove  tid 105933
FindTargetPageId rootid 3 tid 105933
target_page_id id: 1 tid 105933
0 1 tid 105933
365 2 tid 105933
240 tid 105933
Remove  tid 105933
FindTargetPageId rootid 3 tid 105933
target_page_id id: 1 tid 105933
0 1 tid 105933
365 2 tid 105933
240 tid 105933
Remove  tid 105933
FindTargetPageId rootid 3 tid 105933
target_page_id id: 1 tid 105933
0 1 tid 105933
365 2 tid 105933
240 tid 105933
Remove  tid 105933
FindTargetPageId rootid 3 tid 105933
target_page_id id: 1 tid 105933
0 1 tid 105933
365 2 tid 105933
240 tid 105933
Remove  tid 105933
FindTargetPageId rootid 3 tid 105933
target_page_id id: 1 tid 105933
0 1 tid 105933
365 2 tid 105933
240 tid 105933
Remove  tid 105933
FindTargetPageId rootid 3 tid 105933
target_page_id id: 1 tid 105933
0 1 tid 105933
365 2 tid 105933
240 tid 105933
Remove  tid 105933
FindTargetPageId rootid 3 tid 105934
target_page_id id: 1 tid 105934
0 1 tid 105934
365 2 tid 105934
240 tid 105934
Insert  tid 105934
FindTargetPageId rootid 3 tid 105932
target_page_id id: 1 tid 105932
0 1 tid 105932
365 2 tid 105932
241 tid 105932
Insert  tid 105932
FindTargetPageId rootid 3 tid 105933
target_page_id id: 1 tid 105933
0 1 tid 105933
365 2 tid 105933
242 tid 105933
Remove  tid 105933
FindTargetPageId rootid 3 tid 105934
target_page_id id: 1 tid 105934
0 1 tid 105934
365 2 tid 105934
242 tid 105934
Insert  tid 105934
FindTargetPageId rootid 3 tid 105932
target_page_id id: 1 tid 105932
0 1 tid 105932
365 2 tid 105932
243 tid 105932
Insert  tid 105932
FindTargetPageId rootid 3 tid 105933
target_page_id id: 1 tid 105933
0 1 tid 105933
365 2 tid 105933
244 tid 105933
Remove  tid 105933
FindTargetPageId rootid 3 tid 105934
target_page_id id: 1 tid 105934
0 1 tid 105934
365 2 tid 105934
244 tid 105934
Insert  tid 105934
FindTargetPageId rootid 3 tid 105932
target_page_id id: 1 tid 105932
0 1 tid 105932
365 2 tid 105932
245 tid 105932
FindTargetPageId rootid 3 tid 105933
target_page_id id: 1 tid 105933
0 1 tid 105933
365 2 tid 105933
246 tid 105933
Remove  tid 105933
FindTargetPageId rootid 3 tid 105933
target_page_id id: 1 tid 105933
0 1 tid 105933
365 2 tid 105933
246 tid 105933
Remove  tid 105933
Insert  tid 105932
FindTargetPageId rootid 3 tid 105934
target_page_id id: 1 tid 105934
0 1 tid 105934
365 2 tid 105934
246 tid 105934
Insert  tid 105934
FindTargetPageId rootid 3 tid 105933
target_page_id id: 2 tid 105933
0 1 tid 105933
365 2 tid 105933
128 tid 105933
Remove  tid 105933
FindTargetPageId rootid 3 tid 105932
target_page_id id: 1 tid 105932
0 1 tid 105932
365 2 tid 105932
247 tid 105932
Insert  tid 105932
FindTargetPageId rootid 3 tid 105932
target_page_id id: 1 tid 105932
0 1 tid 105932
365 2 tid 105932
248 tid 105932
Insert  tid FindTargetPageId rootid 105932
3 tid 105933
target_page_id id: 2 tid 105933
0 1 tid 105933
365 2 tid 105933
128 tid 105933
Remove  tid 105933
FindTargetPageId rootid 3 tid 105934
target_page_id id: 1 tid 105934
0 1 tid 105934
365 2 tid 105934
249 tid 105934
Insert  tid 105934
FindTargetPageId rootid 3 tid 105932
target_page_id id: 1 tid 105932
0 1 tid 105932
365 2 tid 105932
250 tid 105932
Insert  tid 105932
FindTargetPageId rootid 3 tid 105933
target_page_id id: 2 tid 105933
0 1 tid 105933
365 2 tid 105933
128 tid 105933
Remove  tid 105933
FindTargetPageId rootid 3 tid 105933
target_page_id id: 2 tid 105933
0 1 tid 105933
365 2 tid 105933
128 tid 105933
Remove  tid 105933
FindTargetPageId rootid 3 tid 105933
target_page_id id: 2 tid 105933
0 1 tid 105933
365 2 tid 105933
128 tid 105933
Remove  tid 105933
FindTargetPageId rootid 3 tid 105933
target_page_id id: 2 tid 105933
0 1 tid 105933
365 2 tid 105933
128 tid 105933
Remove  tid 105933
FindTargetPageId rootid 3 tid 105934
target_page_id id: 1 tid 105934
0 1 tid 105934
365 2 tid 105934
251 tid 105934
Insert  tid 105934
FindTargetPageId rootid 3 tid 105932
target_page_id id: 1 tid 105932
0 1 tid 105932
365 2 tid 105932
252 tid 105932
Insert  tid 105932
FindTargetPageId rootid 3 tid 105932
target_page_id id: 1 tid 105932
0 1 tid 105932
365 2 tid 105932
253 tid 105932
Insert  tid 105932
FindTargetPageId rootid 3 tid 105932
target_page_id id: 1 tid 105932
0 1 tid 105932
365 2 tid 105932
254 tid 105932
Insert  tid 105932
FindTargetPageId rootid 3 tid 105933
target_page_id id: 2 tid 105933
0 1 tid 105933
128 7 tid 105933
365 2 tid 105933
128 tid 105933
Remove  tid 105933
FindTargetPageId rootid 3 tid 105933
target_page_id id: 2 tid 105933
0 1 tid 105933
128 7 tid 105933
365 2 tid 105933
128 tid 105933
FindTargetPageId rootid 3 tid 105932
target_page_id id: 7 tid 105932
0 1 tid 105932
128 7 tid 105932
365 2 tid 105932
128 tid 105932
Insert  tid 105932
FindTargetPageId rootid 3 tid 105932
target_page_id id: 7 tid 105932
0 1 tid 105932
128 7 tid 105932
365 2 tid 105932
129 tid 105932
Insert  tid 105932
FindTargetPageId rootid 3 tid 105934
target_page_id id: 7 tid 105934
0 1 tid 105934
128 7 tid 105934
365 2 tid 105934
130 tid 105934
Insert  tid 105934
FindTargetPageId rootid 3 tid 105934
target_page_id id: 7 tid 105934
0 1 tid 105934
128 7 tid 105934
365 2 tid 105934
Remove 131 tid 105934
 tid 105933
Insert  tid 105934
FindTargetPageId rootid 3 tid 105932
target_page_id id: 7 tid 105932
0 1 tid 105932
128 7 tid 105932
365 2 tid 105932
132 tid 105932
Insert  tid 105932
FindTargetPageId rootid 3 tid 105932
target_page_id id: 7 tid 105932
0 1 tid 105932
128 7 tid 105932
365 2 tid 105932
133 tid 105932
Insert  tid 105932
FindTargetPageId rootid 3 tid 105932
target_page_id id: 2 tid 105932
0 1 tid 105932
128 7 tid 105932
365 2 tid 105932
128 tid 105932
Insert  tid 105932
FindTargetPageId rootid 3 tid 105932
target_page_id id: 2 tid 105932
0 1 tid 105932
128 7 tid 105932
365 2 tid 105932
129 tid 105932
Insert  tid 105932
FindTargetPageId rootid 3 tid 105932
target_page_id id: 2 tid 105932
0 1 tid 105932
128 7 tid 105932
365 2 tid 105932
130 tid 105932
Insert  tid 105932
FindTargetPageId rootid 3 tid 105932
target_page_id id: 2 tid 105932
0 1 tid 105932
128 7 tid 105932
365 2 tid 105932
131 tid 105932
Insert  tid 105932
FindTargetPageId rootid 3 tid 105932
target_page_id id: 2 tid 105932
0 1 tid 105932
128 7 tid 105932
365 2 tid 105932
132 tid 105932
Insert  tid 105932
FindTargetPageId rootid 3 tid 105932
target_page_id id: 2 tid 105932
0 1 tid 105932
128 7 tid 105932
365 2 tid 105932
133 tid 105932
Insert  tid 105932
FindTargetPageId rootid 3 tid 105932
target_page_id id: 2 tid 105932
0 1 tid 105932
128 7 tid 105932
365 2 tid 105932
134 tid 105932
Insert  tid 105932
FindTargetPageId rootid 3 tid 105932
target_page_id id: 2 tid 105932
0 1 tid 105932
128 7 tid 105932
365 2 tid 105932
135 tid 105932
Insert  tid 105932
FindTargetPageId rootid 3 tid 105932
target_page_id id: 2 tid 105932
0 1 tid 105932
128 7 tid 105932
365 2 tid 105932
136 tid 105932
Insert  tid 105932
FindTargetPageId rootid 3 tid 105932
target_page_id id: 2 tid 105932
0 1 tid 105932
128 7 tid 105932
365 2 tid 105932
137 tid 105932
Insert  tid 105932
FindTargetPageId rootid 3 tid 105932
target_page_id id: 2 tid 105932
0 1 tid 105932
128 7 tid 105932
365 2 tid 105932
138 tid 105932
Insert  tid 105932
FindTargetPageId rootid 3 tid 105932
target_page_id id: 2 tid 105932
0 1 tid 105932
128 7 tid 105932
365 2 tid 105932
139 tid 105932
Insert  tid 105932
FindTargetPageId rootid 3 tid 105932
target_page_id id: 2 tid 105932
0 1 tid 105932
128 7 tid 105932
365 2 tid 105932
140 tid 105932
Insert  tid 105932
FindTargetPageId rootid 3 tid 105932
target_page_id id: 2 tid 105932
0 1 tid 105932
128 7 tid 105932
365 2 tid 105932
141 tid 105932
Insert  tid 105932
FindTargetPageId rootid 3 tid 105932
target_page_id id: 2 tid 105932
0 1 tid 105932
128 7 tid 105932
365 2 tid 105932
142 tid 105932
Insert  tid 105932
FindTargetPageId rootid 3 tid 105932
target_page_id id: 2 tid 105932
0 1 tid 105932
128 7 tid 105932
365 2 tid 105932
143 tid 105932
Insert  tid 105932
FindTargetPageId rootid 3 tid 105932
target_page_id id: 2 tid 105932
0 1 tid 105932
128 7 tid 105932
365 2 tid 105932
144 tid 105932
Insert  tid 105932
FindTargetPageId rootid 3 tid 105932
target_page_id id: 2 tid 105932
0 1 tid 105932
128 7 tid 105932
365 2 tid 105932
145 tid 105932
Insert  tid 105932
FindTargetPageId rootid 3 tid 105932
target_page_id id: 2 tid 105932
0 1 tid 105932
128 7 tid 105932
365 2 tid 105932
146 tid 105932
Insert  tid 105932
FindTargetPageId rootid 3 tid 105932
target_page_id id: 2 tid 105932
0 1 tid 105932
128 7 tid 105932
365 2 tid 105932
147 tid 105932
Insert  tid 105932
FindTargetPageId rootid 3 tid 105932
target_page_id id: 2 tid 105932
0 1 tid 105932
128 7 tid 105932
365 2 tid 105932
148 tid 105932
Insert  tid 105932
FindTargetPageId rootid 3 tid 105932
target_page_id id: 2 tid 105932
0 1 tid 105932
128 7 tid 105932
365 2 tid 105932
149 tid 105932
Insert  tid 105932
FindTargetPageId rootid 3 tid 105932
target_page_id id: 2 tid 105932
0 1 tid 105932
128 7 tid 105932
365 2 tid 105932
150 tid 105932
Insert  tid 105932
FindTargetPageId rootid 3 tid 105932
target_page_id id: 2 tid 105932
0 1 tid 105932
128 7 tid 105932
365 2 tid 105932
151 tid 105932
Insert  tid 105932
FindTargetPageId rootid 3 tid 105932
target_page_id id: 2 tid 105932
0 1 tid 105932
128 7 tid 105932
365 2 tid 105932
152 tid 105932
Insert  tid 105932
FindTargetPageId rootid 3 tid 105932
target_page_id id: 2 tid 105932
0 1 tid 105932
128 7 tid 105932
365 2 tid 105932
153 tid 105932
Insert  tid 105932
FindTargetPageId rootid 3 tid 105932
target_page_id id: 2 tid 105932
0 1 tid 105932
128 7 tid 105932
365 2 tid 105932
154 tid 105932
Insert  tid 105932
FindTargetPageId rootid 3 tid 105932
target_page_id id: 2 tid 105932
0 1 tid 105932
128 7 tid 105932
365 2 tid 105932
155 tid 105932
Insert  tid 105932
FindTargetPageId rootid 3 tid 105932
target_page_id id: 2 tid 105932
0 1 tid 105932
128 7 tid 105932
365 2 tid 105932
156 tid 105932
Insert  tid 105932
FindTargetPageId rootid 3 tid 105932
target_page_id id: 2 tid 105932
0 1 tid 105932
128 7 tid 105932
365 2 tid 105932
157 tid 105932
Insert  tid 105932
FindTargetPageId rootid 3 tid 105933
target_page_id id: 2 tid 105933
0 1 tid 105933
128 7 tid 105933
365 2 tid 105933
158 tid 105933
Remove  tid 105933
FindTargetPageId rootid 3 tid 105934
target_page_id id: 7 tid 105934
0 1 tid 105934
128 7 tid 105934
365 2 tid 105934
134 tid 105934
Insert  tid 105934
FindTargetPageId rootid 3 tid 105934
target_page_id id: 7 tid 105934
0 1 tid 105934
128 7 tid 105934
365 2 tid 105934
135 tid 105934
Insert  tid 105934
FindTargetPageId rootid 3 tid 105934
target_page_id id: 7 tid 105934
0 1 tid 105934
128 7 tid 105934
365 2 tid 105934
136 tid 105934
Insert  tid 105934
FindTargetPageId rootid 3 tid 105934
target_page_id id: 7 tid 105934
0 1 tid 105934
128 7 tid 105934
365 2 tid 105934
137 tid 105934
Insert  tid 105934
FindTargetPageId rootid 3 tid 105934
target_page_id id: 7 tid 105934
0 1 tid 105934
128 7 tid 105934
365 2 tid 105934
138 tid 105934
Insert  tid 105934
FindTargetPageId rootid 3 tid 105934
target_page_id id: 7 tid 105934
0 1 tid 105934
128 7 tid 105934
365 2 tid 105934
139 tid 105934
Insert  tid 105934
FindTargetPageId rootid 3 tid 105934
target_page_id id: 7 tid 105934
0 1 tid 105934
128 7 tid 105934
365 2 tid 105934
140 tid 105934
Insert  tid 105934
FindTargetPageId rootid 3 tid 105934
target_page_id id: 7 tid 105934
0 1 tid 105934
128 7 tid 105934
365 2 tid 105934
141 tid 105934
Insert  tid 105934
FindTargetPageId rootid 3 tid 105934
target_page_id id: 7 tid 105934
0 1 tid 105934
128 7 tid 105934
365 2 tid 105934
142 tid 105934
Insert  tid 105934
FindTargetPageId rootid 3 tid 105934
target_page_id id: 7 tid 105934
0 1 tid 105934
128 7 tid 105934
365 2 tid 105934
143 tid 105934
Insert  tid 105934
FindTargetPageId rootid 3 tid 105934
target_page_id id: 7 tid 105934
0 1 tid 105934
128 7 tid 105934
365 2 tid 105934
144 tid 105934
Insert  tid 105934
FindTargetPageId rootid 3 tid 105934
target_page_id id: 7 tid 105934
0 1 tid 105934
128 7 tid 105934
365 2 tid 105934
144 tid 105934
Insert  tid 105934
FindTargetPageId rootid 3 tid 105933
target_page_id id: 2 tid 105933
0 1 tid 105933
128 7 tid 105933
365 2 tid 105933
157 tid 105933
Remove  tid 105933
FindTargetPageId rootid 3 tid 105933
target_page_id id: 2 tid 105933
0 1 tid 105933
128 7 tid 105933
365 2 tid 105933
156 tid 105933
Remove  tid 105933
FindTargetPageId rootid 3 tid 105933
target_page_id id: 2 tid 105933
0 1 tid 105933
128 7 tid 105933
365 2 tid 105933
155 tid 105933
Remove  tid 105933
FindTargetPageId rootid 3 tid 105933
target_page_id id: 2 tid 105933
0 1 tid 105933
128 7 tid 105933
365 2 tid 105933
154 tid 105933
Remove  tid 105933
FindTargetPageId rootid 3 tid 105933
target_page_id id: 2 tid 105933
0 1 tid 105933
128 7 tid 105933
365 2 tid 105933
153 tid 105933
Remove  tid 105933
FindTargetPageId rootid 3 tid 105933
target_page_id id: 2 tid 105933
0 1 tid 105933
128 7 tid 105933
365 2 tid 105933
152 tid 105933
Remove  tid 105933
FindTargetPageId rootid 3 tid 105933
target_page_id id: 2 tid 105933
0 1 tid 105933
128 7 tid 105933
365 2 tid 105933
151 tid 105933
Remove  tid 105933
FindTargetPageId rootid 3 tid 105933
target_page_id id: 2 tid 105933
0 1 tid 105933
128 7 tid 105933
365 2 tid 105933
150 tid 105933
Remove  tid 105933
FindTargetPageId rootid 3 tid 105933
target_page_id id: 2 tid 105933
0 1 tid 105933
128 7 tid 105933
365 2 tid 105933
149 tid 105933
Remove  tid 105933
FindTargetPageId rootid 3 tid 105933
target_page_id id: 2 tid 105933
0 1 tid 105933
128 7 tid 105933
365 2 tid 105933
148 tid 105933
Remove  tid 105933
FindTargetPageId rootid 3 tid 105933
target_page_id id: 2 tid 105933
0 1 tid 105933
128 7 tid 105933
365 2 tid 105933
147 tid 105933
Remove  tid 105933
FindTargetPageId rootid 3 tid 105933
target_page_id id: 2 tid 105933
0 1 tid 105933
128 7 tid 105933
365 2 tid 105933
146 tid 105933
Remove  tid 105933
FindTargetPageId rootid 3 tid 105933
target_page_id id: 2 tid 105933
0 1 tid 105933
128 7 tid 105933
365 2 tid 105933
145 tid 105933
Remove  tid 105933
FindTargetPageId rootid 3 tid 105933
target_page_id id: 2 tid 105933
0 1 tid 105933
128 7 tid 105933
365 2 tid 105933
144 tid 105933
Remove  tid 105933
FindTargetPageId rootid 3 tid 105933
target_page_id id: 2 tid 105933
0 1 tid 105933
128 7 tid 105933
365 2 tid 105933
143 tid 105933
Remove  tid 105933
FindTargetPageId rootid 3 tid 105933
target_page_id id: 2 tid 105933
0 1 tid 105933
128 7 tid 105933
365 2 tid 105933
142 tid 105933
Remove  tid 105933
FindTargetPageId rootid 3 tid 105933
target_page_id id: 2 tid 105933
0 1 tid 105933
128 7 tid 105933
365 2 tid 105933
141 tid 105933
Remove  tid 105933
FindTargetPageId rootid 3 tid 105933
target_page_id id: 2 tid 105933
0 1 tid 105933
128 7 tid 105933
365 2 tid 105933
140 tid 105933
Remove  tid 105933
FindTargetPageId rootid 3 tid 105933
target_page_id id: 2 tid 105933
0 1 tid 105933
128 7 tid 105933
365 2 tid 105933
139 tid 105933
Remove  tid 105933
FindTargetPageId rootid 3 tid 105933
target_page_id id: 2 tid 105933
0 1 tid 105933
128 7 tid 105933
365 2 tid 105933
138 tid 105933
Remove  tid 105933
FindTargetPageId rootid 3 tid 105933
target_page_id id: 2 tid 105933
0 1 tid 105933
128 7 tid 105933
365 2 tid 105933
137 tid 105933
FindTargetPageId rootid 3 tid Remove  tid 105933105932

target_page_id id: 2 tid 105932
0 1 tid 105932
128 7 tid 105932
365 2 tid 105932
136 tid 105932
Insert  tid 105932
FindTargetPageId rootid 3 tid 105932
target_page_id id: 2 tid 105932
0 1 tid 105932
128 7 tid 105932
365 2 tid 105932
137 tid 105932
Insert  tid 105932
FindTargetPageId rootid 3 tid 105932
target_page_id id: 2 tid 105932
0 1 tid 105932
128 7 tid 105932
365 2 tid 105932
138 tid 105932
Insert  tid 105932
FindTargetPageId rootid 3 tid 105932
target_page_id id: 2 tid 105932
0 1 tid 105932
128 7 tid 105932
365 2 tid 105932
139 tid 105932
Insert  tid 105932
FindTargetPageId rootid 3 tid 105932
target_page_id id: 2 tid 105932
0 1 tid 105932
128 7 tid 105932
365 2 tid 105932
140 tid 105932
Insert  tid 105932
FindTargetPageId rootid 3 tid 105932
target_page_id id: 2 tid 105932
0 1 tid 105932
128 7 tid 105932
365 2 tid 105932
141 tid 105932
Insert  tid 105932
FindTargetPageId rootid 3 tid 105932
target_page_id id: 2 tid 105932
0 1 tid 105932
128 7 tid 105932
365 2 tid 105932
142 tid 105932
Insert  tid 105932
FindTargetPageId rootid 3 tid 105932
target_page_id id: 2 tid 105932
0 1 tid 105932
128 7 tid 105932
365 2 tid 105932
143 tid 105932
Insert  tid 105932
FindTargetPageId rootid 3 tid 105933
target_page_id id: 2 tid 105933
0 1 tid 105933
128 7 tid 105933
365 2 tid 105933
144 tid 105933
Remove  tid 105933
FindTargetPageId rootid 3 tid 105933
target_page_id id: 2 tid 105933
0 1 tid 105933
128 7 tid 105933
365 2 tid 105933
143 tid 105933
Remove  tid 105933
FindTargetPageId rootid 3 tid 105933
target_page_id id: 2 tid 105933
0 1 tid 105933
128 7 tid 105933
365 2 tid 105933
142 tid 105933
Remove  tid 105933
FindTargetPageId rootid 3 tid 105934
target_page_id id: 7 tid 105934
0 1 tid 105934
128 7 tid 105934
365 2 tid 105934
144 tid 105934
Insert  tid 105934
FindTargetPageId rootid 3 tid 105932
target_page_id id: 2 tid 105932
0 1 tid 105932
128 7 tid 105932
365 2 tid 105932
141 tid 105932
Insert  tid 105932
FindTargetPageId rootid 3 tid 105933
target_page_id id: 2 tid 105933
0 1 tid 105933
128 7 tid 105933
365 2 tid 105933
142 tid 105933
Remove  tid 105933
FindTargetPageId rootid 3 tid 105933
target_page_id id: 2 tid 105933
0 1 tid 105933
128 7 tid 105933
365 2 tid 105933
141 tid 105933
Remove  tid 105933
FindTargetPageId rootid 3 tid 105933
target_page_id id: 2 tid 105933
0 1 tid 105933
128 7 tid 105933
365 2 tid 105933
140 tid 105933
Remove  tid 105933
FindTargetPageId rootid 3 tid 105933
target_page_id id: 2 tid 105933
0 1 tid 105933
128 7 tid 105933
365 2 tid 105933
139 tid 105933
Remove  tid 105933
FindTargetPageId rootid 3 tid 105932
target_page_id id: 2 tid 105932
0 1 tid 105932
128 7 tid 105932
365 2 tid 105932
138 tid 105932
Insert  tid 105932
FindTargetPageId rootid 3 tid 105932
target_page_id id: 2 tid 105932
0 1 tid 105932
128 7 tid 105932
365 2 tid 105932
139 tid 105932
Insert  tid FindTargetPageId rootid 3 tid 105932105933

target_page_id id: 2 tid 105933
0 1 tid 105933
128 7 tid 105933
365 2 tid 105933
140 tid 105933
Remove  tid 105933
FindTargetPageId rootid 3 tid 105933
target_page_id id: 2 tid 105933
0 1 tid 105933
128 7 tid 105933
365 2 tid 105933
139 tid 105933
Remove  tid 105933
FindTargetPageId rootid 3 tid 105933
target_page_id id: 2 tid 105933
0 1 tid 105933
128 7 tid 105933
365 2 tid 105933
138 tid 105933
Remove  tid 105933
FindTargetPageId rootid 3 tid 105933
target_page_id id: 2 tid 105933
0 1 tid 105933
128 7 tid 105933
365 2 tid 105933
137 tid 105933
Remove  tid 105933
FindTargetPageId rootid 3 tid 105933
target_page_id id: 2 tid 105933
0 1 tid 105933
128 7 tid 105933
365 2 tid 105933
136 tid 105933
Remove  tid 105933
FindTargetPageId rootid 3 tid 105932
target_page_id id: 2 tid 105932
0 1 tid 105932
128 7 tid 105932
365 2 tid 105932
136 tid 105932
Insert  tid 105932
FindTargetPageId rootid 3 tid 105934
target_page_id id: 7 tid 105934
0 1 tid 105934
128 7 tid 105934
365 2 tid 105934
144 tid 105934
FindTargetPageId rootid 3 tid 105933
target_page_id id: 2 tid 105933
0 1 tid 105933
128 7 tid 105933Insert 
365 2 tid 105933
137 tid 105933
Remove  tid 105933
FindTargetPageId rootid 3 tid 105933
target_page_id id: 2 tid 105933
0 1 tid 105933
128 7 tid 105933
365 2 tid 105933
137 tid 105933
Remove  tid 105933
 tid 105934
FindTargetPageId rootid 3 tid 105933
target_page_id id: 2 tid 105933
0 1 tid 105933
128 7 tid 105933
365 2 tid 105933
137 tid 105933
Remove  tid 105933
FindTargetPageId rootid 3 tid 105932
target_page_id id: 2 tid 105932
0 1 tid 105932
128 7 tid 105932
365 2 tid 105932
137 tid 105932
Insert  tid 105932
FindTargetPageId rootid 3 tid 105932
target_page_id id: 2 tid 105932
0 1 tid 105932
128 7 tid 105932
365 2 tid 105932
138 tid 105932
Insert  tid 105932
FindTargetPageId rootid 3 tid 105932
target_page_id id: 2 tid 105932
0 1 tid 105932
128 7 tid 105932
365 2 tid 105932
139 tid 105932
Insert  tid 105932
FindTargetPageId rootid 3 tid 105932
target_page_id id: 2 tid 105932
0 1 tid 105932
128 7 tid 105932
365 2 tid 105932
140 tid 105932
Insert  tid 105932
FindTargetPageId rootid 3 tid 105933
target_page_id id: 2 tid 105933
0 1 tid 105933
128 7 tid 105933
365 2 tid 105933
141 tid 105933
Remove  tid 105933
FindTargetPageId rootid 3 tid 105934
target_page_id id: 7 tid 105934
0 1 tid 105934
128 7 tid 105934
365 2 tid 105934
144 tid 105934
Insert  tid 105934
FindTargetPageId rootid 3 tid 105932
target_page_id id: 2 tid 105932
0 1 tid 105932
128 7 tid 105932
365 2 tid 105932
140 tid 105932
FindTargetPageId rootid 3 tid 105933
Insert  tid target_page_id id: 2 tid 105933
0 1 tid 105933
105932
128 7 tid 105933
365 2 tid 105933
141 tid 105933
Remove  tid 105933
FindTargetPageId rootid 3 tid 105934
target_page_id id: 7 tid 105934
0 1 tid 105934
128 7 tid 105934
365 2 tid 105934
145 tid 105934
Insert  tid 105934
FindTargetPageId rootid 3 tid 105932
target_page_id id: 2 tid 105932
0 1 tid 105932
128 7 tid 105932
365 2 tid 105932
140 tid 105932
FindTargetPageId rootid 3 tid 105933
target_page_id id: 2 tid 105933
0 1 tid 105933
128 7 tid 105933
365 2 tid 105933
Insert  tid 105932
141 tid 105933
Remove  tid 105933
FindTargetPageId rootid 3 tid 105933
target_page_id id: 2 tid 105933
0 1 tid 105933
128 7 tid 105933
365 2 tid 105933
140 tid 105933
Remove  tid 105933
FindTargetPageId rootid 3 tid 105933
target_page_id id: 2 tid 105933
0 1 tid 105933
128 7 tid 105933
365 2 tid 105933
140 tid 105933
Remove  tid 105933
FindTargetPageId rootid 3 tid 105933
target_page_id id: 2 tid 105933
0 1 tid 105933
128 7 tid 105933
365 2 tid 105933
140 tid 105933
Remove  tid 105933
FindTargetPageId rootid 3 tid 105934
target_page_id id: 7 tid 105934
0 1 tid 105934
128 7 tid 105934
365 2 tid 105934
146 tid 105934
Insert  tid 105934
FindTargetPageId rootid 3 tid 105932
target_page_id id: 2 tid 105932
0 1 tid 105932
128 7 tid 105932
365 2 tid 105932
140 tid 105932
Insert  tid 105932
FindTargetPageId rootid 3 tid 105933
target_page_id id: 2 tid 105933
0 1 tid 105933
128 7 tid 105933
365 2 tid 105933
141 tid 105933
Remove  tid 105933
FindTargetPageId rootid 3 tid 105933
target_page_id id: 2 tid 105933
0 1 tid 105933
128 7 tid 105933
365 2 tid 105933
141 tid 105933
Remove  tid 105933
FindTargetPageId rootid 3 tid 105934
target_page_id id: 7 tid 105934
0 1 tid 105934
128 7 tid 105934
365 2 tid 105934
147 tid 105934
Insert  tid 105934
FindTargetPageId rootid 3 tid 105932
target_page_id id: 2 tid 105932
0 1 tid 105932
128 7 tid 105932
365 2 tid 105932
141 tid 105932
Insert  tid 105932
FindTargetPageId rootid 3 tid 105933
target_page_id id: 2 tid 105933
0 1 tid 105933
128 7 tid 105933
365 2 tid 105933
142 tid 105933
Remove  tid 105933
FindTargetPageId rootid 3 tid 105933
target_page_id id: 2 tid 105933
0 1 tid 105933
128 7 tid 105933
365 2 tid 105933
142 tid 105933
Remove  tid 105933
FindTargetPageId rootid 3 tid 105932
target_page_id id: 2 tid 105932
0 1 tid 105932
128 7 tid 105932
365 2 tid 105932
142 tid 105932
Insert  tid 105932
FindTargetPageId rootid 3 tid 105934
target_page_id id: 7 tid 105934
0 1 tid 105934
128 7 tid 105934
365 2 tid 105934
148 tid 105934
Insert  tid 105934
FindTargetPageId rootid 3 tid 105933
target_page_id id: 2 tid 105933
0 1 tid 105933
128 7 tid 105933
365 2 tid 105933
143 tid 105933
Remove  tid 105933
FindTargetPageId rootid 3 tid 105932
target_page_id id: 2 tid 105932
0 1 tid 105932
128 7 tid 105932
365 2 tid 105932
143 tid 105932
Insert  tid 105932
FindTargetPageId rootid 3 tid 105934
target_page_id id: 7 tid 105934
0 1 tid 105934
128 7 tid 105934
365 2 tid 105934
149 tid 105934
Insert  tid 105934
FindTargetPageId rootid 3 tid 105933
target_page_id id: 2 tid 105933
0 1 tid 105933
128 7 tid 105933
365 2 tid 105933
144 tid 105933
Remove  tid 105933
FindTargetPageId rootid 3 tid 105932
target_page_id id: 2 tid 105932
0 1 tid 105932
128 7 tid 105932
365 2 tid 105932
144 tid 105932
Insert  tid 105932
FindTargetPageId rootid 3 tid 105934
target_page_id id: 7 tid 105934
0 1 tid 105934
128 7 tid 105934
365 2 tid 105934
150 tid 105934
Insert  tid 105934
FindTargetPageId rootid 3 tid 105933
target_page_id id: 2 tid 105933
0 1 tid 105933
128 7 tid 105933
365 2 tid 105933
145 tid 105933
Remove  tid 105933
FindTargetPageId rootid 3 tid 105932
target_page_id id: 2 tid 105932
0 1 tid 105932
128 7 tid 105932
365 2 tid 105932
145 tid 105932
Insert  tid 105932
FindTargetPageId rootid 3 tid 105934
target_page_id id: 7 tid 105934
0 1 tid 105934
128 7 tid 105934
365 2 tid 105934
151 tid 105934
Insert  tid 105934
FindTargetPageId rootid 3 tid 105933
target_page_id id: 2 tid 105933
0 1 tid 105933
128 7 tid 105933
365 2 tid 105933
146 tid 105933
Remove  tid 105933
FindTargetPageId rootid 3 tid 105932
target_page_id id: 2 tid 105932
0 1 tid 105932
128 7 tid 105932
365 2 tid 105932
146 tid 105932
Insert  tid 105932
FindTargetPageId rootid 3 tid 105934
target_page_id id: 7 tid 105934
0 1 tid 105934
128 7 tid 105934
365 2 tid 105934
152 tid 105934
Insert  tid 105934
FindTargetPageId rootid 3 tid 105933
target_page_id id: 2 tid 105933
0 1 tid 105933
128 7 tid 105933
365 2 tid 105933
147 tid 105933
Remove  tid 105933
FindTargetPageId rootid 3 tid 105932
target_page_id id: 2 tid 105932
0 1 tid 105932
128 7 tid 105932
365 2 tid 105932
147 tid 105932
Insert  tid 105932
FindTargetPageId rootid 3 tid 105934
target_page_id id: 7 tid 105934
0 1 tid 105934
128 7 tid 105934
365 2 tid 105934
153 tid 105934
Insert  tid 105934
FindTargetPageId rootid 3 tid 105933
target_page_id id: 2 tid 105933
0 1 tid 105933
128 7 tid 105933
365 2 tid 105933
148 tid 105933
Remove  tid 105933
FindTargetPageId rootid 3 tid 105932
target_page_id id: 2 tid 105932
0 1 tid 105932
128 7 tid 105932
365 2 tid 105932
148 tid 105932
Insert  tid 105932
FindTargetPageId rootid 3 tid 105934
target_page_id id: 7 tid 105934
0 1 tid 105934
128 7 tid 105934
365 2 tid 105934
154 tid 105934
Insert  tid FindTargetPageId rootid 3 tid 105934
105933
target_page_id id: 2 tid 105933
0 1 tid 105933
128 7 tid 105933
365 2 tid 105933
149 tid 105933
Remove  tid 105933
FindTargetPageId rootid 3 tid 105932
target_page_id id: 2 tid 105932
0 1 tid 105932
128 7 tid 105932
365 2 tid 105932
149 tid 105932
Insert  tid 105932
FindTargetPageId rootid 3 tid 105934
target_page_id id: 7 tid 105934
0 1 tid 105934
128 7 tid 105934
365 2 tid 105934
155 tid 105934
Insert  tid 105934
FindTargetPageId rootid 3 tid 105933
target_page_id id: 2 tid 105933
0 1 tid 105933
128 7 tid 105933
365 2 tid 105933
150 tid 105933
Remove  tid 105933
FindTargetPageId rootid 3 tid 105932
target_page_id id: 2 tid 105932
0 1 tid 105932
128 7 tid 105932
365 2 tid 105932
150 tid 105932
FindTargetPageId rootid 3 tid 105934
target_page_id id: 7 tid 105934
0 1 tid 105934
128 7 tid 105934
Insert  tid 105932
365 2 tid 105934
156 tid 105934
Insert  tid 105934
FindTargetPageId rootid 3 tid 105933
target_page_id id: 2 tid 105933
0 1 tid 105933
128 7 tid 105933
365 2 tid 105933
151 tid 105933
Remove  tid 105933
FindTargetPageId rootid 3 tid 105932
target_page_id id: 2 tid 105932
0 1 tid 105932
128 7 tid 105932
365 2 tid 105932
151 tid 105932
Insert  tid 105932
FindTargetPageId rootid 3 tid 105934
target_page_id id: 7 tid 105934
0 1 tid 105934
128 7 tid 105934
365 2 tid 105934
157 tid 105934
FindTargetPageId rootid 3 tid 105933
target_page_id id: 2 tid 105933
0 1 tid 105933
128 7 tid 105933
365 2 tid 105933
152 tid 105933
Insert  tid 105934
FindTargetPageId rootid 3 tid 105934
target_page_id id: 7 tid 105934
0 1 tid 105934
128 7 tid 105934
365 2 tid 105934
Remove  tid 105933
158 tid 105934
Insert  tid 105934
FindTargetPageId rootid 3 tid 105932
target_page_id id: 2 tid 105932
0 1 tid 105932
128 7 tid 105932
365 2 tid 105932
152 tid 105932
Insert  tid 105932
FindTargetPageId rootid 3 tid 105932
target_page_id id: 2 tid 105932
0 1 tid 105932
128 7 tid 105932
365 2 tid 105932
153 tid 105932
FindTargetPageId rootid 3 tid 105934
target_page_id id: 7 tid 105934
0 1 tid 105934
128 7 tid 105934
365 2 tid 105934
159 tid 105934
Insert  tid 105932
FindTargetPageId rootid 3 tid 105932
target_page_id id: 2 tid 105932
0 1 tid 105932
128 7 tid 105932
365 2 tid 105932
154 tid 105932
Insert  tid 105934
Insert  tid 105932
FindTargetPageId rootid 3 tid 105933
target_page_id id: 2 tid 105933
0 1 tid 105933
128 7 tid 105933
365 2 tid 105933
155 tid 105933
Remove  tid 105933
FindTargetPageId rootid 3 tid 105934
target_page_id id: 7 tid 105934
0 1 tid 105934
128 7 tid 105934
365 2 tid 105934
160 tid 105934
Insert  tid 105934
FindTargetPageId rootid 3 tid 105932
target_page_id id: 2 tid 105932
0 1 tid 105932
128 7 tid 105932
365 2 tid 105932
155 tid 105932
Insert  tid 105932
FindTargetPageId rootid 3 tid 105933
target_page_id id: 2 tid 105933
0 1 tid 105933
128 7 tid 105933
365 2 tid 105933
156 tid 105933
Remove  tid 105933
FindTargetPageId rootid 3 tid 105934
target_page_id id: 7 tid 105934
0 1 tid 105934
128 7 tid 105934
365 2 tid 105934
161 tid 105934
Insert  tid 105934
FindTargetPageId rootid 3 tid 105932
target_page_id id: 2 tid 105932
0 1 tid 105932
128 7 tid 105932
365 2 tid 105932
156 tid 105932
FindTargetPageId rootid 3 tid 105933
target_page_id id: 2 tid 105933
0 1 tid 105933
128 7 tid 105933
365 2 tid 105933
157 tid 105933
Insert  tid 105932
FindTargetPageId rootid 3 tid 105932
Remove  tid target_page_id id: 2 tid 105932
0 1 tid 105932
128 7 tid 105932
365 2 tid 105932
157 tid 105933
105932
Insert  tid 105932
FindTargetPageId rootid 3 tid 105934
target_page_id id: 7 tid 105934
0 1 tid 105934
128 7 tid 105934
365 2 tid 105934
162 tid 105934
Insert  tid 105934
FindTargetPageId rootid 3 tid 105933
target_page_id id: 2 tid 105933
0 1 tid 105933
128 7 tid 105933
365 2 tid 105933
158 tid 105933
FindTargetPageId rootid 3 tid 105932
target_page_id id: 2 tid 105932
0 1 tid 105932
128 7 tid 105932
365 2 tid 105932
Remove  tid 105933
158 tid 105932
Insert  tid 105932
FindTargetPageId rootid 3 tid 105934
target_page_id id: 7 tid 105934
0 1 tid 105934
128 7 tid 105934
365 2 tid 105934
163 tid 105934
Insert  tid 105934
FindTargetPageId rootid 3 tid 105933
target_page_id id: 2 tid 105933
0 1 tid 105933
128 7 tid 105933
365 2 tid 105933
159 tid 105933
Remove  tid 105933
FindTargetPageId rootid 3 tid 105932
target_page_id id: 2 tid 105932
0 1 tid 105932
128 7 tid 105932
365 2 tid 105932
159 tid 105932
Insert  tid 105932
FindTargetPageId rootid 3 tid 105934
target_page_id id: 7 tid 105934
0 1 tid 105934
128 7 tid 105934
365 2 tid 105934
164 tid 105934
Insert  tid 105934
FindTargetPageId rootid 3 tid 105933
target_page_id id: 2 tid 105933
0 1 tid 105933
128 7 tid 105933
365 2 tid 105933
160 tid 105933
Remove  tid 105933
FindTargetPageId rootid 3 tid 105932
target_page_id id: 2 tid 105932
0 1 tid 105932
128 7 tid 105932
365 2 tid 105932
160 tid 105932
Insert  tid 105932
FindTargetPageId rootid 3 tid 105934
target_page_id id: 7 tid 105934
0 1 tid 105934
128 7 tid 105934
365 2 tid 105934
165 tid 105934
Insert  tid 105934
FindTargetPageId rootid 3 tid 105933
target_page_id id: 2 tid 105933
0 1 tid 105933
128 7 tid 105933
365 2 tid 105933
161 tid 105933
Remove  tid 105933
FindTargetPageId rootid 3 tid 105932
target_page_id id: 2 tid 105932
0 1 tid 105932
128 7 tid 105932
365 2 tid 105932
161 tid 105932
Insert  tid 105932
FindTargetPageId rootid 3 tid 105934
target_page_id id: 7 tid 105934
0 1 tid 105934
128 7 tid 105934
365 2 tid 105934
165 tid 105934
Insert  tid 105934
FindTargetPageId rootid 3 tid 105933
target_page_id id: 2 tid 105933
0 1 tid 105933
128 7 tid 105933
365 2 tid 105933
162 tid 105933
Remove  tid 105933
FindTargetPageId rootid 3 tid 105932
target_page_id id: 2 tid 105932
0 1 tid 105932
128 7 tid 105932
365 2 tid 105932
162 tid 105932
Insert  tid 105932
FindTargetPageId rootid 3 tid 105934
target_page_id id: 7 tid 105934
0 1 tid 105934
128 7 tid 105934
365 2 tid 105934
165 tid 105934
Insert  tid 105934
FindTargetPageId rootid 3 tid 105933
target_page_id id: 2 tid 105933
0 1 tid 105933
128 7 tid 105933
365 2 tid 105933
163 tid 105933
Remove  tid 105933
FindTargetPageId rootid 3 tid 105933
target_page_id id: 2 tid 105933
0 1 tid 105933
128 7 tid 105933
365 2 tid 105933
163 tid 105933
Remove  tid 105933
FindTargetPageId rootid 3 tid 105934
target_page_id id: 7 tid 105934
0 1 tid 105934
128 7 tid 105934
365 2 tid 105934
165 tid 105934
Insert  tid 105934
FindTargetPageId rootid 3 tid 105932
target_page_id id: 2 tid 105932
0 1 tid 105932
128 7 tid 105932
365 2 tid 105932
163 tid 105932
Insert  tid 105932
FindTargetPageId rootid 3 tid 105933
target_page_id id: 2 tid 105933
0 1 tid 105933
128 7 tid 105933
365 2 tid 105933
164 tid 105933
Remove  tid 105933
FindTargetPageId rootid 3 tid 105934
target_page_id id: 7 tid 105934
0 1 tid 105934
128 7 tid 105934
365 2 tid 105934
165 tid 105934
Insert  tid 105934
FindTargetPageId rootid 3 tid 105932
target_page_id id: 2 tid 105932
0 1 tid 105932
128 7 tid 105932
365 2 tid 105932
164 tid 105932
Insert  tid 105932
FindTargetPageId rootid 3 tid 105933
target_page_id id: 2 tid 105933
0 1 tid 105933
128 7 tid 105933
365 2 tid 105933
165 tid 105933
Remove  tid 105933
FindTargetPageId rootid 3 tid 105934
target_page_id id: 7 tid 105934
0 1 tid 105934
128 7 tid 105934
365 2 tid 105934
165 tid 105934
Insert  tid 105934
FindTargetPageId rootid 3 tid 105932
target_page_id id: 2 tid 105932
0 1 tid 105932
128 7 tid 105932
365 2 tid 105932
165 tid 105932
Insert  tid 105932
FindTargetPageId rootid 3 tid 105933
target_page_id id: 2 tid 105933
0 1 tid 105933
128 7 tid 105933
365 2 tid 105933
166 tid 105933
Remove  tid 105933
FindTargetPageId rootid 3 tid 105934
target_page_id id: 7 tid 105934
0 1 tid 105934
128 7 tid 105934
365 2 tid 105934
165 tid 105934
Insert  tid 105934
FindTargetPageId rootid 3 tid 105934
target_page_id id: 7 tid 105934
0 1 tid 105934
128 7 tid 105934
365 2 tid 105934
165 tid 105934
Insert  tid 105934
FindTargetPageId rootid 3 tid 105934
target_page_id id: 7 tid 105934
0 1 tid 105934
128 7 tid 105934
365 2 tid 105934
165 tid 105934
Insert  tid 105934
FindTargetPageId rootid 3 tid 105934
target_page_id id: 7 tid 105934
0 1 tid 105934
128 7 tid 105934
365 2 tid 105934
165 tid 105934
Insert  tid 105934
FindTargetPageId rootid 3 tid 105934
target_page_id id: 7 tid 105934
0 1 tid 105934
128 7 tid 105934
365 2 tid 105934
165 tid 105934
Insert  tid 105934
FindTargetPageId rootid 3 tid 105934
target_page_id id: 7 tid 105934
0 1 tid 105934
128 7 tid 105934
365 2 tid 105934
165 tid 105934
Insert  tid 105934
FindTargetPageId rootid 3 tid 105934
target_page_id id: 7 tid 105934
0 1 tid 105934
128 7 tid 105934
365 2 tid 105934
165 tid 105934
Insert  tid 105934
FindTargetPageId rootid 3 tid 105934
target_page_id id: 2 tid 105934
0 1 tid 105934
128 7 tid 105934
365 2 tid 105934
166 tid 105934
Insert  tid 105934
FindTargetPageId rootid 3 tid 105933
target_page_id id: 2 tid 105933
0 1 tid 105933
128 7 tid 105933
365 2 tid 105933
166 tid 105933
Remove  tid 105933
FindTargetPageId rootid 3 tid 105933
target_page_id id: 2 tid 105933
0 1 tid 105933
128 7 tid 105933
365 2 tid 105933
166 tid 105933
Remove  tid 105933
FindTargetPageId rootid 3 tid 105933
target_page_id id: 2 tid 105933
0 1 tid 105933
128 7 tid 105933
365 2 tid 105933
166 tid 105933
Remove  tid 105933
FindTargetPageId rootid 3 tid 105934
target_page_id id: 2 tid 105934
0 1 tid 105934
128 7 tid 105934
365 2 tid 105934
166 tid 105934
Insert  tid 105934
FindTargetPageId rootid 3 tid 105934
target_page_id id: 2 tid 105934
0 1 tid 105934
128 7 tid 105934
365 2 tid 105934
166 tid 105934
Insert  tid 105934
FindTargetPageId rootid 3 tid 105934
target_page_id id: 2 tid 105934
0 1 tid 105934
128 7 tid 105934
365 2 tid 105934
166 tid 105934
Insert  tid 105934
FindTargetPageId rootid 3 tid 105932
target_page_id id: 2 tid 105932
0 1 tid 105932
128 7 tid 105932
365 2 tid 105932
166 tid 105932
Insert  tid 105932
FindTargetPageId rootid 3 tid 105932
target_page_id id: 2 tid 105932
0 1 tid 105932
128 7 tid 105932
365 2 tid 105932
167 tid 105932
Insert  tid 105932
FindTargetPageId rootid 3 tid 105932
target_page_id id: 2 tid 105932
0 1 tid 105932
128 7 tid 105932
365 2 tid 105932
168 tid 105932
Insert  tid 105932
FindTargetPageId rootid 3 tid 105932
target_page_id id: 2 tid 105932
0 1 tid 105932
128 7 tid 105932
365 2 tid 105932
169 tid 105932
Insert  tid 105932
FindTargetPageId rootid 3 tid 105932
target_page_id id: 2 tid 105932
0 1 tid 105932
128 7 tid 105932
365 2 tid 105932
170 tid 105932
Insert  tid 105932
FindTargetPageId rootid 3 tid 105932
target_page_id id: 2 tid 105932
0 1 tid 105932
128 7 tid 105932
365 2 tid 105932
171 tid 105932
Insert  tid 105932
FindTargetPageId rootid 3 tid 105932
target_page_id id: 2 tid 105932
0 1 tid 105932
128 7 tid 105932
365 2 tid 105932
172 tid 105932
Insert  tid 105932
FindTargetPageId rootid 3 tid 105933
target_page_id id: 2 tid 105933
0 1 tid 105933
128 7 tid 105933
365 2 tid 105933
173 tid 105933
Remove  tid 105933
FindTargetPageId rootid 3 tid 105933
target_page_id id: 2 tid 105933
0 1 tid 105933
128 7 tid 105933
365 2 tid 105933
173 tid 105933
Remove  tid 105933
FindTargetPageId rootid 3 tid 105932
target_page_id id: 2 tid 105932
0 1 tid 105932
128 7 tid 105932
365 2 tid 105932
173 tid 105932
Insert  tid 105932
FindTargetPageId rootid 3 tid 105932
target_page_id id: 2 tid 105932
0 1 tid 105932
128 7 tid 105932
365 2 tid 105932
174 tid 105932
Insert  tid 105932
FindTargetPageId rootid 3 tid 105934
target_page_id id: 2 tid 105934
0 1 tid 105934
128 7 tid 105934
365 2 tid 105934
175 tid 105934
FindTargetPageId rootid 3 tid 105933
Insert target_page_id id: 2 tid  tid 105933
0 1 tid 105933
128 7 tid 105933
365 2 tid 105933
105934175 tid 105933

Remove  tid 105933
FindTargetPageId rootid 3 tid 105932
target_page_id id: 2 tid 105932
0 1 tid 105932
128 7 tid 105932
365 2 tid 105932
175 tid 105932
Insert  tid 105932
FindTargetPageId rootid 3 tid 105932
target_page_id id: 2 tid 105932
0 1 tid 105932
128 7 tid 105932
365 2 tid 105932
176 tid 105932
Insert  tid 105932
FindTargetPageId rootid 3 tid 105932
target_page_id id: 2 tid 105932
0 1 tid 105932
128 7 tid 105932
365 2 tid 105932
177 tid 105932
Insert  tid 105932
FindTargetPageId rootid 3 tid 105932
target_page_id id: 2 tid 105932
0 1 tid 105932
128 7 tid 105932
365 2 tid 105932
178 tid 105932
Insert  tid 105932
FindTargetPageId rootid 3 tid 105932
target_page_id id: 2 tid 105932
0 1 tid 105932
128 7 tid 105932
365 2 tid 105932
179 tid 105932
Insert  tid 105932
FindTargetPageId rootid 3 tid 105932
target_page_id id: 2 tid 105932
0 1 tid 105932
128 7 tid 105932
365 2 tid 105932
180 tid 105932
Insert  tid 105932
FindTargetPageId rootid 3 tid 105932
target_page_id id: 2 tid 105932
0 1 tid 105932
128 7 tid 105932
365 2 tid 105932
181 tid 105932
Insert  tid 105932
FindTargetPageId rootid 3 tid 105932
target_page_id id: 2 tid 105932
0 1 tid 105932
128 7 tid 105932
365 2 tid 105932
182 tid 105932
Insert  tid 105932
FindTargetPageId rootid 3 tid 105932
target_page_id id: 2 tid 105932
0 1 tid 105932
128 7 tid 105932
365 2 tid 105932
183 tid 105932
Insert  tid 105932
FindTargetPageId rootid 3 tid 105932
target_page_id id: 2 tid 105932
0 1 tid 105932
128 7 tid 105932
365 2 tid 105932
184 tid 105932
Insert  tid 105932
FindTargetPageId rootid 3 tid 105932
target_page_id id: 2 tid 105932
0 1 tid 105932
128 7 tid 105932
365 2 tid 105932
185 tid 105932
Insert  tid 105932
FindTargetPageId rootid 3 tid 105932
target_page_id id: 2 tid 105932
0 1 tid 105932
128 7 tid 105932
365 2 tid 105932
186 tid 105932
Insert  tid 105932
FindTargetPageId rootid 3 tid 105932
target_page_id id: 2 tid 105932
0 1 tid 105932
128 7 tid 105932
365 2 tid 105932
187 tid 105932
Insert  tid 105932
FindTargetPageId rootid 3 tid 105932
target_page_id id: 2 tid 105932
0 1 tid 105932
128 7 tid 105932
365 2 tid 105932
188 tid 105932
Insert  tid 105932
FindTargetPageId rootid 3 tid 105932
target_page_id id: 2 tid 105932
0 1 tid 105932
128 7 tid 105932
365 2 tid 105932
189 tid 105932
Insert  tid 105932
FindTargetPageId rootid 3 tid 105932
target_page_id id: 2 tid 105932
0 1 tid 105932
128 7 tid 105932
365 2 tid 105932
190 tid 105932
Insert  tid 105932
FindTargetPageId rootid 3 tid 105932
target_page_id id: 2 tid 105932
0 1 tid 105932
128 7 tid 105932
365 2 tid 105932
191 tid 105932
Insert  tid 105932
FindTargetPageId rootid 3 tid 105932
target_page_id id: 2 tid 105932
0 1 tid 105932
128 7 tid 105932
365 2 tid 105932
192 tid 105932
Insert  tid 105932
FindTargetPageId rootid 3 tid 105932
target_page_id id: 2 tid 105932
0 1 tid 105932
128 7 tid 105932
365 2 tid 105932
193 tid 105932
Insert  tid 105932
FindTargetPageId rootid 3 tid 105932
target_page_id id: 2 tid 105932
0 1 tid 105932
128 7 tid 105932
365 2 tid 105932
194 tid 105932
Insert  tid 105932
FindTargetPageId rootid 3 tid 105932
target_page_id id: 2 tid 105932
0 1 tid 105932
128 7 tid 105932
365 2 tid 105932
195 tid 105932
Insert  tid 105932
FindTargetPageId rootid 3 tid 105932
target_page_id id: 2 tid 105932
0 1 tid 105932
128 7 tid 105932
365 2 tid 105932
196 tid 105932
Insert  tid 105932
FindTargetPageId rootid 3 tid 105932
target_page_id id: 2 tid 105932
0 1 tid 105932
128 7 tid 105932
365 2 tid 105932
197 tid 105932
Insert  tid 105932
FindTargetPageId rootid 3 tid 105932
target_page_id id: 2 tid 105932
0 1 tid 105932
128 7 tid 105932
365 2 tid 105932
198 tid 105932
Insert  tid 105932
FindTargetPageId rootid 3 tid 105932
target_page_id id: 2 tid 105932
0 1 tid 105932
128 7 tid 105932
365 2 tid 105932
199 tid 105932
Insert  tid 105932
FindTargetPageId rootid 3 tid 105932
target_page_id id: 2 tid 105932
0 1 tid 105932
128 7 tid 105932
365 2 tid 105932
200 tid 105932
Insert  tid 105932
FindTargetPageId rootid 3 tid 105932
target_page_id id: 2 tid 105932
0 1 tid 105932
128 7 tid 105932
365 2 tid 105932
201 tid 105932
Insert  tid 105932
FindTargetPageId rootid 3 tid 105932
target_page_id id: 2 tid 105932
0 1 tid 105932
128 7 tid 105932
365 2 tid 105932
202 tid 105932
Insert  tid 105932
FindTargetPageId rootid 3 tid 105932
target_page_id id: 2 tid 105932
0 1 tid 105932
128 7 tid 105932
365 2 tid 105932
203 tid 105932
Insert  tid 105932
FindTargetPageId rootid 3 tid 105932
target_page_id id: 2 tid 105932
0 1 tid 105932
128 7 tid 105932
365 2 tid 105932
204 tid 105932
Insert  tid 105932
FindTargetPageId rootid 3 tid 105933
target_page_id id: 2 tid 105933
0 1 tid 105933
128 7 tid 105933
365 2 tid 105933
205 tid 105933
Remove  tid 105933
FindTargetPageId rootid 3 tid 105932
target_page_id id: 2 tid 105932
0 1 tid 105932
128 7 tid 105932
365 2 tid 105932
204 tid 105932
Insert  tid 105932
FindTargetPageId rootid 3 tid 105932
target_page_id id: 2 tid 105932
0 1 tid 105932
128 7 tid 105932
365 2 tid 105932
205 tid 105932
Insert  tid 105932
FindTargetPageId rootid 3 tid 105932
target_page_id id: 2 tid 105932
0 1 tid 105932
128 7 tid 105932
365 2 tid 105932
206 tid 105932
Insert  tid 105932
FindTargetPageId rootid 3 tid 105932
target_page_id id: 2 tid 105932
0 1 tid 105932
128 7 tid 105932
365 2 tid 105932
207 tid 105932
Insert  tid 105932
FindTargetPageId rootid 3 tid 105932
target_page_id id: 2 tid 105932
0 1 tid 105932
128 7 tid 105932
365 2 tid 105932
208 tid 105932
Insert  tid 105932
FindTargetPageId rootid 3 tid 105932
target_page_id id: 2 tid 105932
0 1 tid 105932
128 7 tid 105932
365 2 tid 105932
209 tid 105932
Insert  tid 105932
FindTargetPageId rootid 3 tid 105932
target_page_id id: 2 tid 105932
0 1 tid 105932
128 7 tid 105932
365 2 tid 105932
210 tid 105932
Insert  tid 105932
FindTargetPageId rootid 3 tid 105932
target_page_id id: 2 tid 105932
0 1 tid 105932
128 7 tid 105932
365 2 tid 105932
211 tid 105932
Insert  tid 105932
FindTargetPageId rootid 3 tid 105932
target_page_id id: 2 tid 105932
0 1 tid 105932
128 7 tid 105932
365 2 tid 105932
212 tid 105932
Insert  tid 105932
FindTargetPageId rootid 3 tid 105932
target_page_id id: 2 tid 105932
0 1 tid 105932
128 7 tid 105932
365 2 tid 105932
213 tid 105932
Insert  tid 105932
FindTargetPageId rootid 3 tid 105932
target_page_id id: 2 tid 105932
0 1 tid 105932
128 7 tid 105932
365 2 tid 105932
214 tid 105932
Insert  tid 105932
FindTargetPageId rootid 3 tid 105932
target_page_id id: 2 tid 105932
0 1 tid 105932
128 7 tid 105932
365 2 tid 105932
215 tid 105932
Insert  tid 105932
FindTargetPageId rootid 3 tid 105932
target_page_id id: 2 tid 105932
0 1 tid 105932
128 7 tid 105932
365 2 tid 105932
216 tid 105932
Insert  tid 105932
FindTargetPageId rootid 3 tid 105932
target_page_id id: 2 tid 105932
0 1 tid 105932
128 7 tid 105932
365 2 tid 105932
217 tid 105932
Insert  tid 105932
FindTargetPageId rootid 3 tid 105932
target_page_id id: 2 tid 105932
0 1 tid 105932
128 7 tid 105932
365 2 tid 105932
218 tid 105932
Insert  tid 105932
FindTargetPageId rootid 3 tid 105932
target_page_id id: 2 tid 105932
0 1 tid 105932
128 7 tid 105932
365 2 tid 105932
219 tid 105932
Insert  tid 105932
FindTargetPageId rootid 3 tid 105932
target_page_id id: 2 tid 105932
0 1 tid 105932
128 7 tid 105932
365 2 tid 105932
220 tid 105932
Insert  tid 105932
FindTargetPageId rootid 3 tid 105932
target_page_id id: 2 tid 105932
0 1 tid 105932
128 7 tid 105932
365 2 tid 105932
221 tid 105932
Insert  tid 105932
FindTargetPageId rootid 3 tid 105932
target_page_id id: 2 tid 105932
0 1 tid 105932
128 7 tid 105932
365 2 tid 105932
222 tid 105932
Insert  tid 105932
FindTargetPageId rootid 3 tid 105932
target_page_id id: 2 tid 105932
0 1 tid 105932
128 7 tid 105932
365 2 tid 105932
223 tid 105932
Insert  tid 105932
FindTargetPageId rootid 3 tid 105932
target_page_id id: 2 tid 105932
0 1 tid 105932
128 7 tid 105932
365 2 tid 105932
224 tid 105932
Insert  tid 105932
FindTargetPageId rootid 3 tid 105932
target_page_id id: 2 tid 105932
0 1 tid 105932
128 7 tid 105932
365 2 tid 105932
225 tid 105932
Insert  tid 105932
FindTargetPageId rootid 3 tid 105932
target_page_id id: 2 tid 105932
0 1 tid 105932
128 7 tid 105932
365 2 tid 105932
226 tid 105932
Insert  tid 105932
FindTargetPageId rootid 3 tid 105932
target_page_id id: 2 tid 105932
0 1 tid 105932
128 7 tid 105932
365 2 tid 105932
227 tid 105932
Insert  tid 105932
FindTargetPageId rootid 3 tid 105932
target_page_id id: 2 tid 105932
0 1 tid 105932
128 7 tid 105932
365 2 tid 105932
228 tid 105932
Insert  tid 105932
FindTargetPageId rootid 3 tid 105932
target_page_id id: 2 tid 105932
0 1 tid 105932
128 7 tid 105932
365 2 tid 105932
229 tid 105932
Insert  tid 105932
FindTargetPageId rootid 3 tid 105932
target_page_id id: 2 tid 105932
0 1 tid 105932
128 7 tid 105932
365 2 tid 105932
230 tid 105932
Insert  tid 105932
FindTargetPageId rootid 3 tid 105932
target_page_id id: 2 tid 105932
0 1 tid 105932
128 7 tid 105932
365 2 tid 105932
231 tid 105932
Insert  tid 105932
FindTargetPageId rootid 3 tid 105932
target_page_id id: 2 tid 105932
0 1 tid 105932
128 7 tid 105932
365 2 tid 105932
232 tid 105932
Insert  tid 105932
FindTargetPageId rootid 3 tid 105932
target_page_id id: 2 tid 105932
0 1 tid 105932
128 7 tid 105932
365 2 tid 105932
233 tid 105932
Insert  tid 105932
FindTargetPageId rootid 3 tid 105932
target_page_id id: 2 tid 105932
0 1 tid 105932
128 7 tid 105932
365 2 tid 105932
234 tid 105932
Insert  tid 105932
FindTargetPageId rootid 3 tid 105932
target_page_id id: 2 tid 105932
0 1 tid 105932
128 7 tid 105932
365 2 tid 105932
235 tid 105932
Insert  tid 105932
FindTargetPageId rootid 3 tid 105932
target_page_id id: 2 tid 105932
0 1 tid 105932
128 7 tid 105932
365 2 tid 105932
236 tid 105932
Insert  tid 105932
FindTargetPageId rootid 3 tid 105932
target_page_id id: 2 tid 105932
0 1 tid 105932
128 7 tid 105932
365 2 tid 105932
237 tid 105932
Insert  tid 105932
FindTargetPageId rootid 3 tid 105932
target_page_id id: 2 tid 105932
0 1 tid 105932
128 7 tid 105932
365 2 tid 105932
238 tid 105932
Insert  tid 105932
FindTargetPageId rootid 3 tid 105932
target_page_id id: 2 tid 105932
0 1 tid 105932
128 7 tid 105932
365 2 tid 105932
239 tid 105932
Insert  tid 105932
FindTargetPageId rootid 3 tid 105932
target_page_id id: 2 tid 105932
0 1 tid 105932
128 7 tid 105932
365 2 tid 105932
240 tid 105932
Insert  tid 105932
FindTargetPageId rootid 3 tid 105932
target_page_id id: 2 tid 105932
0 1 tid 105932
128 7 tid 105932
365 2 tid 105932
241 tid 105932
Insert  tid 105932
FindTargetPageId rootid 3 tid 105932
target_page_id id: 2 tid 105932
0 1 tid 105932
128 7 tid 105932
365 2 tid 105932
242 tid 105932
Insert  tid 105932
FindTargetPageId rootid 3 tid 105932
target_page_id id: 2 tid 105932
0 1 tid 105932
128 7 tid 105932
365 2 tid 105932
243 tid 105932
Insert  tid 105932
FindTargetPageId rootid 3 tid 105932
target_page_id id: 2 tid 105932
0 1 tid 105932
128 7 tid 105932
365 2 tid 105932
244 tid 105932
Insert  tid 105932
FindTargetPageId rootid 3 tid 105932
target_page_id id: 2 tid 105932
0 1 tid 105932
128 7 tid 105932
365 2 tid 105932
245 tid 105932
Insert  tid 105932
FindTargetPageId rootid 3 tid 105932
target_page_id id: 2 tid 105932
0 1 tid 105932
128 7 tid 105932
365 2 tid 105932
246 tid 105932
Insert  tid 105932
FindTargetPageId rootid 3 tid 105932
target_page_id id: 2 tid 105932
0 1 tid 105932
128 7 tid 105932
365 2 tid 105932
247 tid 105932
Insert  tid 105932
FindTargetPageId rootid 3 tid 105932
target_page_id id: 2 tid 105932
0 1 tid 105932
128 7 tid 105932
365 2 tid 105932
248 tid 105932
Insert  tid 105932
FindTargetPageId rootid 3 tid 105932
target_page_id id: 2 tid 105932
0 1 tid 105932
128 7 tid 105932
365 2 tid 105932
249 tid 105932
Insert  tid 105932
FindTargetPageId rootid 3 tid 105932
target_page_id id: 2 tid 105932
0 1 tid 105932
128 7 tid 105932
365 2 tid 105932
250 tid 105932
Insert  tid 105932
FindTargetPageId rootid 3 tid 105932
target_page_id id: 2 tid 105932
0 1 tid 105932
128 7 tid 105932
365 2 tid 105932
251 tid 105932
Insert  tid 105932
FindTargetPageId rootid 3 tid 105932
target_page_id id: 2 tid 105932
0 1 tid 105932
128 7 tid 105932
365 2 tid 105932
252 tid 105932
Insert  tid 105932
FindTargetPageId rootid 3 tid 105932
target_page_id id: 2 tid 105932
0 1 tid 105932
128 7 tid 105932
365 2 tid 105932
253 tid 105932
Insert  tid 105932
FindTargetPageId rootid 3 tid 105932
target_page_id id: 2 tid 105932
0 1 tid 105932
128 7 tid 105932
365 2 tid 105932
254 tid 105932
Insert  tid 105932
FindTargetPageId rootid 3 tid 105933
target_page_id id: 2 tid 105933
0 1 tid 105933
128 7 tid 105933
365 2 tid 105933
529 8 tid 105933
127 tid 105933
Remove  tid 105933
FindTargetPageId rootid 3 tid 105934
target_page_id id: 2 tid 105934
0 1 tid 105934
128 7 tid 105934
364 2 tid 105934
529 8 tid 105934
127 tid 105934
Insert  tid 105934
FindTargetPageId rootid 3 tid 105932
target_page_id id: 8 tid 105932
0 1 tid 105932
128 7 tid 105932
364 2 tid 105932
529 8 tid 105932
128 tid 105932
Insert  tid 105932
FindTargetPageId rootid 3 tid 105932
target_page_id id: 8 tid 105932
0 1 tid 105932
128 7 tid 105932
364 2 tid 105932
529 8 tid 105932
129 tid 105932
Insert  tid 105932
FindTargetPageId rootid 3 tid 105932
target_page_id id: 8 tid 105932
0 1 tid 105932
128 7 tid 105932
364 2 tid 105932
529 8 tid 105932
130 tid 105932
Insert  tid 105932
FindTargetPageId rootid 3 tid 105932
target_page_id id: 8 tid 105932
0 1 tid 105932
128 7 tid 105932
364 2 tid 105932
529 8 tid 105932
131 tid 105932
Insert  tid 105932
FindTargetPageId rootid 3 tid 105932
target_page_id id: 8 tid 105932
0 1 tid 105932
128 7 tid 105932
364 2 tid 105932
529 8 tid 105932
132 tid 105932
Insert  tid 105932
FindTargetPageId rootid 3 tid 105932
target_page_id id: 8 tid 105932
0 1 tid 105932
128 7 tid 105932
364 2 tid 105932
529 8 tid 105932
133 tid 105932
Insert  tid 105932
FindTargetPageId rootid 3 tid 105932
target_page_id id: 8 tid 105932
0 1 tid 105932
128 7 tid 105932
364 2 tid 105932
529 8 tid 105932
134 tid 105932
Insert  tid 105932
FindTargetPageId rootid 3 tid 105932
target_page_id id: 8 tid 105932
0 1 tid 105932
128 7 tid 105932
364 2 tid 105932
529 8 tid 105932
135 tid 105932
Insert  tid 105932
FindTargetPageId rootid 3 tid 105932
target_page_id id: 8 tid 105932
0 1 tid 105932
128 7 tid 105932
364 2 tid 105932
529 8 tid 105932
136 tid 105932
Insert  tid 105932
FindTargetPageId rootid 3 tid 105932
target_page_id id: 8 tid 105932
0 1 tid 105932
128 7 tid 105932
364 2 tid 105932
529 8 tid 105932
137 tid 105932
Insert  tid 105932
FindTargetPageId rootid 3 tid 105932
target_page_id id: 8 tid 105932
0 1 tid 105932
128 7 tid 105932
364 2 tid 105932
529 8 tid 105932
138 tid 105932
Insert  tid 105932
FindTargetPageId rootid 3 tid 105932
target_page_id id: 8 tid 105932
0 1 tid 105932
128 7 tid 105932
364 2 tid 105932
529 8 tid 105932
139 tid 105932
Insert  tid 105932
FindTargetPageId rootid 3 tid 105932
target_page_id id: 8 tid 105932
0 1 tid 105932
128 7 tid 105932
364 2 tid 105932
529 8 tid 105932
140 tid 105932
Insert  tid 105932
FindTargetPageId rootid 3 tid 105932
target_page_id id: 8 tid 105932
0 1 tid 105932
128 7 tid 105932
364 2 tid 105932
529 8 tid 105932
141 tid 105932
Insert  tid 105932
FindTargetPageId rootid 3 tid 105932
target_page_id id: 8 tid 105932
0 1 tid 105932
128 7 tid 105932
364 2 tid 105932
529 8 tid 105932
142 tid 105932
Insert  tid 105932
FindTargetPageId rootid 3 tid 105932
target_page_id id: 8 tid 105932
0 1 tid 105932
128 7 tid 105932
364 2 tid 105932
529 8 tid 105932
143 tid 105932
Insert  tid 105932
FindTargetPageId rootid 3 tid 105932
target_page_id id: 8 tid 105932
0 1 tid 105932
128 7 tid 105932
364 2 tid 105932
529 8 tid 105932
144 tid 105932
Insert  tid 105932
FindTargetPageId rootid 3 tid 105932
target_page_id id: 8 tid 105932
0 1 tid 105932
128 7 tid 105932
364 2 tid 105932
529 8 tid 105932
145 tid 105932
Insert  tid 105932
FindTargetPageId rootid 3 tid 105934
target_page_id id: 2 tid 105934
0 1 tid 105934
128 7 tid 105934
364 2 tid 105934
529 8 tid 105934
127 tid 105934
Insert  tid 105934
FindTargetPageId rootid 3 tid 105933
target_page_id id: 2 tid 105933
0 1 tid 105933
128 7 tid 105933
364 2 tid 105933
529 8 tid 105933
127 tid 105933
Remove  tid 105933
FindTargetPageId rootid 3 tid 105933
target_page_id id: 2 tid 105933
0 1 tid 105933
128 7 tid 105933
363 2 tid 105933
529 8 tid 105933
127 tid 105933
Remove  tid 105933
FindTargetPageId rootid 3 tid 105933
target_page_id id: 2 tid 105933
0 1 tid 105933
128 7 tid 105933
362 2 tid 105933
529 8 tid 105933
127 tid 105933
Remove  tid 105933
FindTargetPageId rootid 3 tid 105933
target_page_id id: 2 tid 105933
0 1 tid 105933
128 7 tid 105933
361 2 tid 105933
529 8 tid 105933
127 tid 105933
Remove  tid 105933
FindTargetPageId rootid 3 tid 105933
target_page_id id: 2 tid 105933
0 1 tid 105933
128 7 tid 105933
360 2 tid 105933
529 8 tid 105933
127 tid 105933
Remove  tid 105933
FindTargetPageId rootid 3 tid 105932
target_page_id id: 8 tid 105932
0 1 tid 105932
128 7 tid 105932
359 2 tid 105932
529 8 tid 105932
146 tid 105932
Insert  tid 105932
FindTargetPageId rootid 3 tid 105934
target_page_id id: 2 tid 105934
0 1 tid 105934
128 7 tid 105934
359 2 tid 105934
529 8 tid 105934
127 tid 105934
Insert  tid 105934
FindTargetPageId rootid 3 tid 105933
target_page_id id: 2 tid 105933
0 1 tid 105933
128 7 tid 105933
359 2 tid 105933
529 8 tid 105933
127 tid 105933
Remove  tid 105933
FindTargetPageId rootid 3 tid 105932
target_page_id id: 8 tid 105932
0 1 tid 105932
128 7 tid 105932
358 2 tid 105932
529 8 tid 105932
147 tid 105932
Insert  tid 105932
FindTargetPageId rootid 3 tid 105932
target_page_id id: 8 tid 105932
0 1 tid 105932
128 7 tid 105932
358 2 tid 105932
529 8 tid 105932
148 tid 105932
Insert  tid 105932
FindTargetPageId rootid 3 tid 105933
target_page_id id: 2 tid 105933
0 1 tid 105933
128 7 tid 105933
358 2 tid 105933
529 8 tid 105933
127 tid 105933
Remove  tid 105933
FindTargetPageId rootid 3 tid 105934
target_page_id id: 2 tid 105934
0 1 tid 105934
128 7 tid 105934
357 2 tid 105934
529 8 tid 105934
127 tid 105934
Insert  tid 105934
FindTargetPageId rootid 3 tid 105932
target_page_id id: 8 tid 105932
0 1 tid 105932
128 7 tid 105932
357 2 tid 105932
529 8 tid 105932
149 tid 105932
Insert  tid 105932
FindTargetPageId rootid 3 tid 105933
target_page_id id: 2 tid 105933
0 1 tid 105933
128 7 tid 105933
357 2 tid 105933
529 8 tid 105933
128 tid 105933
Remove  tid 105933
FindTargetPageId rootid 3 tid 105934
target_page_id id: 2 tid 105934
0 1 tid 105934
128 7 tid 105934
357 2 tid 105934
529 8 tid 105934
127 tid 105934
Insert  tid 105934
FindTargetPageId rootid 3 tid 105932
target_page_id id: 8 tid 105932
0 1 tid 105932
128 7 tid 105932
357 2 tid 105932
529 8 tid 105932
150 tid 105932
Insert  tid 105932
FindTargetPageId rootid 3 tid 105933
target_page_id id: 2 tid 105933
0 1 tid 105933
128 7 tid 105933
357 2 tid 105933
529 8 tid 105933
128 tid 105933
Remove  tid 105933
FindTargetPageId rootid 3 tid 105934
target_page_id id: 2 tid 105934
0 1 tid 105934
128 7 tid 105934
357 2 tid 105934
529 8 tid 105934
127 tid 105934
FindTargetPageId rootid 3 tid 105932
target_page_id id: 8 tid 105932
0 1 tid 105932
128 7 tid 105932
357 2 tid 105932
529 8 tid 105932
Insert  tid 151105934
 tid 105932
Insert  tid 105932
FindTargetPageId rootid 3 tid 105933
target_page_id id: 2 tid 105933
0 1 tid 105933
128 7 tid 105933
357 2 tid 105933
529 8 tid 105933
128 tid 105933
Remove  tid 105933
FindTargetPageId rootid 3 tid 105933
target_page_id id: 2 tid 105933
0 1 tid 105933
128 7 tid 105933
357 2 tid 105933
529 8 tid 105933
127 tid 105933
Remove  tid 105933
FindTargetPageId rootid 3 tid 105933
target_page_id id: 2 tid 105933
0 1 tid 105933
128 7 tid 105933
356 2 tid 105933
529 8 tid 105933
127 tid 105933
Remove  tid 105933
FindTargetPageId rootid 3 tid 105933
target_page_id id: 2 tid 105933
0 1 tid 105933
128 7 tid 105933
355 2 tid 105933
529 8 tid 105933
127 tid 105933
Remove  tid 105933
FindTargetPageId rootid 3 tid 105933
target_page_id id: 2 tid 105933
0 1 tid 105933
128 7 tid 105933
354 2 tid 105933
529 8 tid 105933
127 tid 105933
Remove  tid 105933
FindTargetPageId rootid 3 tid 105933
target_page_id id: 2 tid 105933
0 1 tid 105933
128 7 tid 105933
353 2 tid 105933
529 8 tid 105933
127 tid 105933
Remove  tid 105933
FindTargetPageId rootid 3 tid 105934
target_page_id id: 2 tid 105934
0 1 tid 105934
128 7 tid 105934
352 2 tid 105934
529 8 tid 105934
127 tid 105934
FindTargetPageId rootid 3 tid 105932
target_page_id id: 8 tid 105932
0 1 tid 105932
128 7 tid 105932
352 2 tid 105932
529 8 tid 105932
152 tid 105932
Insert  tid 105934
Insert  tid 105932
FindTargetPageId rootid 3 tid 105933
target_page_id id: 2 tid 105933
0 1 tid 105933
128 7 tid 105933
352 2 tid 105933
529 8 tid 105933
128 tid 105933
Remove  tid 105933
FindTargetPageId rootid 3 tid 105934
target_page_id id: 2 tid 105934
0 1 tid 105934
128 7 tid 105934
352 2 tid 105934
529 8 tid 105934
127 tid 105934
FindTargetPageId rootid 3 tid 105932
target_page_id id: 8 tid 105932
0 1 tid 105932
128 7 tid 105932
352 2 tid 105932
529 8 tid 105932
153 tid 105932
Insert  tid 105934
Insert  tid 105932
FindTargetPageId rootid 3 tid 105934
target_page_id id: 2 tid 105934
0 1 tid 105934
128 7 tid 105934
352 2 tid 105934
529 8 tid 105934
128 tid 105934
FindTargetPageId rootid 3 tid 105932
target_page_id id: 8 tid 105932
0 1 tid 105932
128 7 tid 105932
352 2 tid 105932
529Insert   tid 105934
8 tid 105932
154 tid 105932
Insert  tid 105932
FindTargetPageId rootid 3 tid 105933
target_page_id id: 2 tid 105933
0 1 tid 105933
128 7 tid 105933
352 2 tid 105933
529 8 tid 105933
129 tid 105933
Remove  tid 105933
FindTargetPageId rootid 3 tid 105934
target_page_id id: 2 tid 105934
0 1 tid 105934
128 7 tid 105934
352 2 tid 105934
529 8 tid 105934
128 tid 105934
Insert  tid 105934
FindTargetPageId rootid 3 tid 105932
target_page_id id: 8 tid 105932
0 1 tid 105932
128 7 tid 105932
352 2 tid 105932
529 8 tid 105932
155 tid 105932
Insert  tid 105932
FindTargetPageId rootid 3 tid 105932
target_page_id id: 8 tid 105932
0 1 tid 105932
128 7 tid 105932
352 2 tid 105932
529 8 tid 105932
156 tid 105932
Insert  tid 105932
FindTargetPageId rootid 3 tid 105932
target_page_id id: 8 tid 105932
0 1 tid 105932
128 7 tid 105932
352 2 tid 105932
529 8 tid 105932
157 tid 105932
Insert  tid 105932
FindTargetPageId rootid 3 tid 105932
target_page_id id: 8 tid 105932
0 1 tid 105932
128 7 tid 105932
352 2 tid 105932
529 8 tid 105932
158 tid 105932
Insert  tid 105932
FindTargetPageId rootid 3 tid 105932
target_page_id id: 8 tid 105932
0 1 tid 105932
128 7 tid 105932
352 2 tid 105932
529 8 tid 105932
159 tid 105932
Insert  tid 105932
FindTargetPageId rootid 3 tid 105932
target_page_id id: 8 tid 105932
0 1 tid 105932
128 7 tid 105932
352 2 tid 105932
529 8 tid 105932
160 tid 105932
Insert  tid 105932
FindTargetPageId rootid 3 tid 105932
target_page_id id: 8 tid 105932
0 1 tid 105932
128 7 tid 105932
352 2 tid 105932
529 8 tid 105932
161 tid 105932
Insert  tid 105932
FindTargetPageId rootid 3 tid 105932
target_page_id id: 8 tid 105932
0 1 tid 105932
128 7 tid 105932
352 2 tid 105932
529 8 tid 105932
162 tid 105932
Insert  tid 105932
FindTargetPageId rootid 3 tid 105932
target_page_id id: 8 tid 105932
0 1 tid 105932
128 7 tid 105932
352 2 tid 105932
529 8 tid 105932
163 tid 105932
Insert  tid 105932
FindTargetPageId rootid 3 tid 105932
target_page_id id: 8 tid 105932
0 1 tid 105932
128 7 tid 105932
352 2 tid 105932
529 8 tid 105932
164 tid 105932
Insert  tid 105932
FindTargetPageId rootid 3 tid 105932
target_page_id id: 8 tid 105932
0 1 tid 105932
128 7 tid 105932
352 2 tid 105932
529 8 tid 105932
165 tid 105932
Insert  tid 105932
FindTargetPageId rootid 3 tid 105932
target_page_id id: 8 tid 105932
0 1 tid 105932
128 7 tid 105932
352 2 tid 105932
529 8 tid 105932
166 tid 105932
Insert  tid 105932
FindTargetPageId rootid 3 tid 105933
target_page_id id: 2 tid 105933
0 1 tid 105933
128 7 tid 105933
352 2 tid 105933
529 8 tid 105933
129 tid 105933
Remove  tid 105933
FindTargetPageId rootid 3 tid 105933
target_page_id id: 2 tid 105933
0 1 tid 105933
128 7 tid 105933
352 2 tid 105933
529 8 tid 105933
128 tid 105933
Remove  tid 105933
FindTargetPageId rootid 3 tid 105933
target_page_id id: 2 tid 105933
0 1 tid 105933
128 7 tid 105933
352 2 tid 105933
529 8 tid 105933
127 tid 105933
Remove  tid 105933
FindTargetPageId rootid 3 tid 105934
target_page_id id: 2 tid 105934
0 1 tid 105934
128 7 tid 105934
351 2 tid 105934
529 8 tid 105934
127 tid 105934
Insert  tid 105934
FindTargetPageId rootid 3 tid 105932
target_page_id id: 8 tid 105932
0 1 tid 105932
128 7 tid 105932
351 2 tid 105932
529 8 tid 105932
167 tid 105932
Insert  tid 105932
FindTargetPageId rootid 3 tid 105933
target_page_id id: 2 tid 105933
0 1 tid 105933
128 7 tid 105933
351 2 tid 105933
529 8 tid 105933
128 tid 105933
Remove  tid 105933
FindTargetPageId rootid 3 tid 105933
target_page_id id: 2 tid 105933
0 1 tid 105933
128 7 tid 105933
351 2 tid 105933
529 8 tid 105933
127 tid 105933
Remove  tid 105933
FindTargetPageId rootid 3 tid 105933
target_page_id id: 2 tid 105933
0 1 tid 105933
128 7 tid 105933
350 2 tid 105933
529 8 tid 105933
127 tid 105933
Remove  tid 105933
FindTargetPageId rootid 3 tid 105932
target_page_id id: 8 tid 105932
0 1 tid 105932
128 7 tid 105932
349 2 tid 105932
529 8 tid 105932
168 tid 105932
Insert  tid 105932
FindTargetPageId rootid 3 tid 105934
target_page_id id: 2 tid 105934
0 1 tid 105934
128 7 tid 105934
349 2 tid 105934
529 8 tid 105934
127 tid 105934
Insert  tid 105934
FindTargetPageId rootid 3 tid 105933
target_page_id id: 2 tid 105933
0 1 tid 105933
128 7 tid 105933
349 2 tid 105933
529 8 tid 105933
128 tid 105933
Remove  tid 105933
FindTargetPageId rootid 3 tid 105933
target_page_id id: 2 tid 105933
0 1 tid 105933
128 7 tid 105933
349 2 tid 105933
529 8 tid 105933
127 tid 105933
Remove  tid 105933
FindTargetPageId rootid 3 tid 105933
target_page_id id: 2 tid 105933
0 1 tid 105933
128 7 tid 105933
348 2 tid 105933
529 8 tid 105933
127 tid 105933
Remove  tid 105933
FindTargetPageId rootid 3 tid 105933
target_page_id id: 2 tid 105933
0 1 tid 105933
128 7 tid 105933
347 2 tid 105933
529 8 tid 105933
127 tid 105933
Remove  tid 105933
FindTargetPageId rootid 3 tid 105933
target_page_id id: 2 tid 105933
0 1 tid 105933
128 7 tid 105933
346 2 tid 105933
529 8 tid 105933
127 tid 105933
Remove  tid 105933
FindTargetPageId rootid 3 tid 105933
target_page_id id: 2 tid 105933
0 1 tid 105933
128 7 tid 105933
345 2 tid 105933
529 8 tid 105933
127 tid 105933
Remove  tid 105933
FindTargetPageId rootid 3 tid 105933
target_page_id id: 2 tid 105933
0 1 tid 105933
128 7 tid 105933
344 2 tid 105933
529 8 tid 105933
127 tid 105933
Remove  tid 105933
FindTargetPageId rootid 3 tid 105933
target_page_id id: 2 tid 105933
0 1 tid 105933
128 7 tid 105933
343 2 tid 105933
529 8 tid 105933
127 tid 105933
Remove  tid 105933
FindTargetPageId rootid 3 tid 105934
target_page_id id: 2 tid 105934
0 1 tid 105934
128 7 tid 105934
342 2 tid 105934
529 8 tid 105934
127 tid 105934
Insert  tid 105934
FindTargetPageId rootid 3 tid 105934
target_page_id id: 2 tid 105934
0 1 tid 105934
128 7 tid 105934
342 2 tid 105934
529 8 tid 105934
128 tid 105934
Insert  tid 105934
FindTargetPageId rootid 3 tid 105934
target_page_id id: 2 tid 105934
0 1 tid 105934
128 7 tid 105934
342 2 tid 105934
529 8 tid 105934
129 tid 105934
Insert  tid 105934
FindTargetPageId rootid 3 tid 105934
target_page_id id: 2 tid 105934
0 1 tid 105934
128 7 tid 105934
342 2 tid 105934
529 8 tid 105934
130 tid 105934
Insert  tid 105934
FindTargetPageId rootid 3 tid 105934
target_page_id id: 2 tid 105934
0 1 tid 105934
128 7 tid 105934
342 2 tid 105934
529 8 tid 105934
131 tid 105934
Insert  tid 105934
FindTargetPageId rootid 3 tid 105932
target_page_id id: 8 tid 105932
0 1 tid 105932
128 7 tid 105932
342 2 tid 105932
529 8 tid 105932
169 tid 105932
Insert  tid 105932
FindTargetPageId rootid 3 tid 105932
target_page_id id: 8 tid 105932
0 1 tid 105932
128 7 tid 105932
342 2 tid 105932
529 8 tid 105932
170 tid 105932
Insert  tid 105932
FindTargetPageId rootid 3 tid 105932
target_page_id id: 8 tid 105932
0 1 tid 105932
128 7 tid 105932
342 2 tid 105932
529 8 tid 105932
171 tid 105932
Insert  tid 105932
FindTargetPageId rootid 3 tid 105932
target_page_id id: 8 tid 105932
0 1 tid 105932
128 7 tid 105932
342 2 tid 105932
529 8 tid 105932
172 tid 105932
Insert  tid 105932
FindTargetPageId rootid 3 tid 105932
target_page_id id: 8 tid 105932
0 1 tid 105932
128 7 tid 105932
342 2 tid 105932
529 8 tid 105932
173 tid 105932
Insert  tid 105932
FindTargetPageId rootid 3 tid 105932
target_page_id id: 8 tid 105932
0 1 tid 105932
128 7 tid 105932
342 2 tid 105932
529 8 tid 105932
174 tid 105932
Insert  tid 105932
FindTargetPageId rootid 3 tid 105932
target_page_id id: 8 tid 105932
0 1 tid 105932
128 7 tid 105932
342 2 tid 105932
529 8 tid 105932
175 tid 105932
Insert  tid 105932
FindTargetPageId rootid 3 tid 105932
target_page_id id: 8 tid 105932
0 1 tid 105932
128 7 tid 105932
342 2 tid 105932
529 8 tid 105932
176 tid 105932
Insert  tid 105932
FindTargetPageId rootid 3 tid 105932
target_page_id id: 8 tid 105932
0 1 tid 105932
128 7 tid 105932
342 2 tid 105932
529 8 tid 105932
177 tid 105932
Insert  tid 105932
FindTargetPageId rootid 3 tid 105932
target_page_id id: 8 tid 105932
0 1 tid 105932
128 7 tid 105932
342 2 tid 105932
529 8 tid 105932
178 tid 105932
Insert  tid 105932
FindTargetPageId rootid 3 tid 105932
target_page_id id: 8 tid 105932
0 1 tid 105932
128 7 tid 105932
342 2 tid 105932
529 8 tid 105932
179 tid 105932
Insert  tid 105932
FindTargetPageId rootid 3 tid 105932
target_page_id id: 8 tid 105932
0 1 tid 105932
128 7 tid 105932
342 2 tid 105932
529 8 tid 105932
180 tid 105932
Insert  tid 105932
FindTargetPageId rootid 3 tid 105932
target_page_id id: 8 tid 105932
0 1 tid 105932
128 7 tid 105932
342 2 tid 105932
529 8 tid 105932
181 tid 105932
Insert  tid 105932
FindTargetPageId rootid 3 tid 105932
target_page_id id: 8 tid 105932
0 1 tid 105932
128 7 tid 105932
342 2 tid 105932
529 8 tid 105932
182 tid 105932
Insert  tid 105932
FindTargetPageId rootid 3 tid 105932
target_page_id id: 8 tid 105932
0 1 tid 105932
128 7 tid 105932
342 2 tid 105932
529 8 tid 105932
183 tid 105932
Insert  tid 105932
FindTargetPageId rootid 3 tid 105934
target_page_id id: 2 tid 105934
0 1 tid 105934
128 7 tid 105934
342 2 tid 105934
529 8 tid 105934
132 tid 105934
Insert  tid 105934
FindTargetPageId rootid 3 tid 105933
target_page_id id: 2 tid 105933
0 1 tid 105933
128 7 tid 105933
342 2 tid 105933
529 8 tid 105933
133 tid 105933
Remove  tid 105933
FindTargetPageId rootid 3 tid 105933
target_page_id id: 2 tid 105933
0 1 tid 105933
128 7 tid 105933
342 2 tid 105933
529 8 tid 105933
132 tid 105933
Remove  tid 105933
FindTargetPageId rootid 3 tid 105933
target_page_id id: 2 tid 105933
0 1 tid 105933
128 7 tid 105933
342 2 tid 105933
529 8 tid 105933
131 tid 105933
Remove  tid FindTargetPageId rootid 105933
3 tid 105934
target_page_id id: 2 tid 105934
0 1 tid 105934
128 7 tid 105934
342 2 tid 105934
529 8 tid 105934
130 tid 105934
Insert  tid 105934
FindTargetPageId rootid 3 tid 105933
target_page_id id: 2 tid 105933
0 1 tid 105933
128 7 tid 105933
342 2 tid 105933
529 8 tid 105933
131 tid 105933
Remove  tid 105933
FindTargetPageId rootid 3 tid 105933
target_page_id id: 2 tid 105933
0 1 tid 105933
128 7 tid 105933
342 2 tid 105933
529 8 tid 105933
130 tid 105933
Remove  tid 105933
FindTargetPageId rootid 3 tid 105933
target_page_id id: 2 tid 105933
0 1 tid 105933
128 7 tid 105933
342 2 tid 105933
529 8 tid 105933
129 tid 105933
Remove  tid 105933
FindTargetPageId rootid 3 tid 105934
target_page_id id: 2 tid 105934
0 1 tid 105934
128 7 tid 105934
342 2 tid 105934
529 8 tid 105934
128 tid 105934
Insert  tid 105934
FindTargetPageId rootid 3 tid 105932
target_page_id id: 8 tid 105932
0 1 tid 105932
128 7 tid 105932
342 2 tid 105932
529 8 tid 105932
184 tid 105932
Insert  tid 105932
FindTargetPageId rootid 3 tid 105932
target_page_id id: 8 tid 105932
0 1 tid 105932
128 7 tid 105932
342 2 tid 105932
529 8 tid 105932
185 tid 105932
Insert  tid 105932
FindTargetPageId rootid 3 tid 105932
target_page_id id: 8 tid 105932
0 1 tid 105932
128 7 tid 105932
342 2 tid 105932
529 8 tid 105932
186 tid 105932
Insert  tid 105932
FindTargetPageId rootid 3 tid 105934
target_page_id id: 2 tid 105934
0 1 tid 105934
128 7 tid 105934
342 2 tid 105934
529 8 tid 105934
129 tid 105934
Insert  tid 105934
FindTargetPageId rootid 3 tid 105934
target_page_id id: 2 tid 105934
0 1 tid 105934
128 7 tid 105934
342 2 tid 105934
529 8 tid 105934
130 tid 105934
Insert  tid 105934
FindTargetPageId rootid 3 tid 105934
target_page_id id: 2 tid 105934
0 1 tid 105934
128 7 tid 105934
342 2 tid 105934
529 8 tid 105934
131 tid 105934
Insert  tid 105934
FindTargetPageId rootid 3 tid 105934
target_page_id id: 2 tid 105934
0 1 tid 105934
128 7 tid 105934
342 2 tid 105934
529 8 tid 105934
132 tid 105934
Insert  tid 105934
FindTargetPageId rootid 3 tid 105934
target_page_id id: 2 tid 105934
0 1 tid 105934
128 7 tid 105934
342 2 tid 105934
529 8 tid 105934
133 tid 105934
Insert  tid 105934
FindTargetPageId rootid 3 tid 105934
target_page_id id: 2 tid 105934
0 1 tid 105934
128 7 tid 105934
342 2 tid 105934
529 8 tid 105934
134 tid 105934
Insert  tid 105934
FindTargetPageId rootid 3 tid 105934
target_page_id id: 2 tid 105934
0 1 tid 105934
128 7 tid 105934
342 2 tid 105934
529 8 tid 105934
135 tid 105934
Insert  tid 105934
FindTargetPageId rootid 3 tid 105932
target_page_id id: 8 tid 105932
0 1 tid 105932
128 7 tid 105932
342 2 tid 105932
529 8 tid 105932
187 tid 105932
Insert  tid 105932
FindTargetPageId rootid 3 tid 105933
target_page_id id: 2 tid 105933
0 1 tid 105933
128 7 tid 105933
342 2 tid 105933
529 8 tid 105933
136 tid 105933
Remove  tid 105933
FindTargetPageId rootid 3 tid 105933
target_page_id id: 2 tid 105933
0 1 tid 105933
128 7 tid 105933
342 2 tid 105933
529 8 tid 105933
135 tid 105933
Remove  tid 105933
FindTargetPageId rootid 3 tid 105932
target_page_id id: 8 tid 105932
0 1 tid 105932
128 7 tid 105932
342 2 tid 105932
529 8 tid 105932
188 tid 105932
Insert  tid 105932
FindTargetPageId rootid 3 tid 105932
target_page_id id: 8 tid 105932
0 1 tid 105932
128 7 tid 105932
342 2 tid 105932
529 8 tid 105932
189 tid 105932
Insert  tid 105932
FindTargetPageId rootid 3 tid 105932
target_page_id id: 8 tid 105932
0 1 tid 105932
128 7 tid 105932
342 2 tid 105932
529 8 tid 105932
190 tid 105932
Insert  tid 105932
FindTargetPageId rootid 3 tid 105932
target_page_id id: 8 tid 105932
0 1 tid 105932
128 7 tid 105932
342 2 tid 105932
529 8 tid 105932
191 tid 105932
Insert  tid 105932
FindTargetPageId rootid 3 tid 105932
target_page_id id: 8 tid 105932
0 1 tid 105932
128 7 tid 105932
342 2 tid 105932
529 8 tid 105932
192 tid 105932
Insert  tid 105932
FindTargetPageId rootid 3 tid 105932
target_page_id id: 8 tid 105932
0 1 tid 105932
128 7 tid 105932
342 2 tid 105932
529 8 tid 105932
193 tid 105932
Insert  tid 105932
FindTargetPageId rootid 3 tid 105932
target_page_id id: 8 tid 105932
0 1 tid 105932
128 7 tid 105932
342 2 tid 105932
529 8 tid 105932
194 tid 105932
Insert  tid 105932
FindTargetPageId rootid 3 tid 105934
target_page_id id: 2 tid 105934
0 1 tid 105934
128 7 tid 105934
342 2 tid 105934
529 8 tid 105934
134 tid 105934
Insert  tid 105934
FindTargetPageId rootid 3 tid 105934
target_page_id id: 2 tid 105934
0 1 tid 105934
128 7 tid 105934
342 2 tid 105934
529 8 tid 105934
135 tid 105934
Insert  tid 105934
FindTargetPageId rootid 3 tid 105934
target_page_id id: 2 tid 105934
0 1 tid 105934
128 7 tid 105934
342 2 tid 105934
529 8 tid 105934
136 tid 105934
Insert  tid 105934
FindTargetPageId rootid 3 tid 105934
target_page_id id: 2 tid 105934
0 1 tid 105934
128 7 tid 105934
342 2 tid 105934
529 8 tid 105934
137 tid 105934
Insert  tid 105934
FindTargetPageId rootid 3 tid 105934
target_page_id id: 2 tid 105934
0 1 tid 105934
128 7 tid 105934
342 2 tid 105934
529 8 tid 105934
138 tid 105934
Insert  tid 105934
FindTargetPageId rootid 3 tid 105933
target_page_id id: 2 tid 105933
0 1 tid 105933
128 7 tid 105933
342 2 tid 105933
529 8 tid 105933
139 tid 105933
Remove  tid 105933
FindTargetPageId rootid 3 tid 105933
target_page_id id: 2 tid 105933
0 1 tid 105933
128 7 tid 105933
342 2 tid 105933
529 8 tid 105933
138 tid 105933
Remove  tid 105933
FindTargetPageId rootid 3 tid 105933
target_page_id id: 2 tid 105933
0 1 tid 105933
128 7 tid 105933
342 2 tid 105933
529 8 tid 105933
137 tid 105933
Remove  tid 105933
FindTargetPageId rootid 3 tid 105933
target_page_id id: 2 tid 105933
0 1 tid 105933
128 7 tid 105933
342 2 tid 105933
529 8 tid 105933
136 tid 105933
Remove  tid 105933
FindTargetPageId rootid 3 tid 105933
target_page_id id: 2 tid 105933
0 1 tid 105933
128 7 tid 105933
342 2 tid 105933
529 8 tid 105933
135 tid 105933
Remove  tid 105933
FindTargetPageId rootid 3 tid 105934
target_page_id id: 2 tid 105934
0 1 tid 105934
128 7 tid 105934
342 2 tid 105934
529 8 tid 105934
134 tid 105934
Insert  tid 105934
FindTargetPageId rootid 3 tid 105934
target_page_id id: 2 tid 105934
0 1 tid 105934
128 7 tid 105934
342 2 tid 105934
529 8 tid 105934
135 tid 105934
Insert  tid 105934
FindTargetPageId rootid 3 tid 105933
target_page_id id: 2 tid 105933
0 1 tid 105933
128 7 tid 105933
342 2 tid 105933
529 8 tid 105933
136 tid 105933
Remove  tid 105933
FindTargetPageId rootid 3 tid 105932
target_page_id id: 8 tid 105932
0 1 tid 105932
128 7 tid 105932
342 2 tid 105932
529 8 tid 105932
195 tid 105932
Insert  tid 105932
FindTargetPageId rootid 3 tid 105932
target_page_id id: 8 tid 105932
0 1 tid 105932
128 7 tid 105932
342 2 tid 105932
529 8 tid 105932
196 tid 105932
Insert  tid 105932
FindTargetPageId rootid 3 tid 105934
target_page_id id: 2 tid 105934
0 1 tid 105934
128 7 tid 105934
342 2 tid 105934
529 8 tid 105934
135 tid 105934
Insert  tid 105934
FindTargetPageId rootid 3 tid 105933
target_page_id id: 8 tid 105933
0 1 tid 105933
128 7 tid 105933
342 2 tid 105933
529 8 tid 105933
197 tid 105933
Remove  tid 105933
FindTargetPageId rootid 3 tid 105932
target_page_id id: 8 tid 105932
0 1 tid 105932
128 7 tid 105932
342 2 tid 105932
529 8 tid 105932
196 tid 105932
Insert  tid 105932
FindTargetPageId rootid 3 tid 105934
target_page_id id: 2 tid 105934
0 1 tid 105934
128 7 tid 105934
342 2 tid 105934
529 8 tid 105934
136 tid 105934
Insert  tid 105934
FindTargetPageId rootid 3 tid 105934
target_page_id id: 2 tid 105934
0 1 tid 105934
128 7 tid 105934
342 2 tid 105934
529 8 tid 105934
137 tid 105934
Insert  tid 105934
FindTargetPageId rootid 3 tid 105932
target_page_id id: 8 tid 105932
0 1 tid 105932
128 7 tid 105932
342 2 tid 105932
529 8 tid 105932
197 tid 105932
Insert  tid 105932
FindTargetPageId rootid 3 tid 105933
target_page_id id: 8 tid 105933
0 1 tid 105933
128 7 tid 105933
342 2 tid 105933
529 8 tid 105933
198 tid 105933
Remove  tid 105933
FindTargetPageId rootid 3 tid 105934
target_page_id id: 2 tid 105934
0 1 tid 105934
128 7 tid 105934
342 2 tid 105934
529 8 tid 105934
137 tid 105934
Insert  tid 105934
FindTargetPageId rootid 3 tid 105932
target_page_id id: 8 tid 105932
0 1 tid 105932
128 7 tid 105932
342 2 tid 105932
529 8 tid 105932
197 tid 105932
Insert  tid 105932
FindTargetPageId rootid 3 tid 105933
target_page_id id: 8 tid 105933
0 1 tid 105933
128 7 tid 105933
342 2 tid 105933
529 8 tid 105933
198 tid 105933
Remove  tid 105933
FindTargetPageId rootid 3 tid 105934
target_page_id id: 2 tid 105934
0 1 tid 105934
128 7 tid 105934
342 2 tid 105934
529 8 tid 105934
137 tid 105934
FindTargetPageId rootid 3 tid 105932
target_page_id id: 8 tid 105932
0 1 tid 105932
128 7 tid 105932
342 2 tid 105932
529 8 tid 105932
197 tid 105932
Insert  tid 105932
FindTargetPageId rootid 3 tid 105932
Insert  tid 105934
target_page_id id: 8 tid 105932
0 1 tid 105932
128 7 tid 105932
342 2 tid 105932
529 8 tid 105932
198 tid 105932
Insert  tid 105932
FindTargetPageId rootid 3 tid 105932
target_page_id id: 8 tid 105932
0 1 tid 105932
128 7 tid 105932
342 2 tid 105932
529 8 tid 105932
199 tid 105932
Insert  tid 105932
FindTargetPageId rootid 3 tid 105934
target_page_id id: 2 tid 105934
0 1 tid 105934
128 7 tid 105934
342 2 tid 105934
529 8 tid 105934
137 tid 105934
Insert  tid 105934
FindTargetPageId rootid 3 tid 105934
target_page_id id: 2 tid 105934
0 1 tid 105934
128 7 tid 105934
342 2 tid 105934
529 8 tid 105934
137 tid 105934
Insert  tid 105934
FindTargetPageId rootid 3 tid 105932
target_page_id id: 8 tid 105932
0 1 tid 105932
128 7 tid 105932
342 2 tid 105932
529 8 tid 105932
200 tid 105932
Insert  tid 105932
FindTargetPageId rootid 3 tid 105932
target_page_id id: 8 tid 105932
0 1 tid 105932
128 7 tid 105932
342 2 tid 105932
529 8 tid 105932
201 tid 105932
Insert  tid 105932
FindTargetPageId rootid 3 tid 105932
target_page_id id: 8 tid 105932
0 1 tid 105932
128 7 tid 105932
342 2 tid 105932
529 8 tid 105932
202 tid 105932
Insert  tid 105932
FindTargetPageId rootid 3 tid 105932
target_page_id id: 8 tid 105932
0 1 tid 105932
128 7 tid 105932
342 2 tid 105932
529 8 tid 105932
203 tid 105932
Insert  tid 105932
FindTargetPageId rootid 3 tid 105932
target_page_id id: 8 tid 105932
0 1 tid 105932
128 7 tid 105932
342 2 tid 105932
529 8 tid 105932
204 tid 105932
Insert  tid 105932
FindTargetPageId rootid 3 tid 105932
target_page_id id: 8 tid 105932
0 1 tid 105932
128 7 tid 105932
342 2 tid 105932
529 8 tid 105932
205 tid 105932
Insert  tid 105932
FindTargetPageId rootid 3 tid 105932
target_page_id id: 8 tid 105932
0 1 tid 105932
128 7 tid 105932
342 2 tid 105932
529 8 tid 105932
206 tid 105932
Insert  tid 105932
FindTargetPageId rootid 3 tid 105932
target_page_id id: 8 tid 105932
0 1 tid 105932
128 7 tid 105932
342 2 tid 105932
529 8 tid 105932
207 tid 105932
Insert  tid 105932
FindTargetPageId rootid 3 tid 105932
target_page_id id: 8 tid 105932
0 1 tid 105932
128 7 tid 105932
342 2 tid 105932
529 8 tid 105932
208 tid 105932
Insert  tid 105932
FindTargetPageId rootid 3 tid 105932
target_page_id id: 8 tid 105932
0 1 tid 105932
128 7 tid 105932
342 2 tid 105932
529 8 tid 105932
209 tid 105932
Insert  tid 105932
FindTargetPageId rootid 3 tid 105932
target_page_id id: 8 tid 105932
0 1 tid 105932
128 7 tid 105932
342 2 tid 105932
529 8 tid 105932
210 tid 105932
Insert  tid 105932
FindTargetPageId rootid 3 tid 105933
target_page_id id: 8 tid 105933
0 1 tid 105933
128 7 tid 105933
342 2 tid 105933
529 8 tid 105933
211 tid 105933
Remove  tid 105933
FindTargetPageId rootid 3 tid 105934
target_page_id id: 2 tid 105934
0 1 tid 105934
128 7 tid 105934
342 2 tid 105934
529 8 tid 105934
138 tid 105934
Insert  tid 105934
FindTargetPageId rootid 3 tid 105934
target_page_id id: 2 tid 105934
0 1 tid 105934
128 7 tid 105934
342 2 tid 105934
529 8 tid 105934
139 tid 105934
Insert  tid 105934
FindTargetPageId rootid 3 tid 105934
target_page_id id: 2 tid 105934
0 1 tid 105934
128 7 tid 105934
342 2 tid 105934
529 8 tid 105934
140 tid 105934
Insert  tid 105934
FindTargetPageId rootid 3 tid 105934
target_page_id id: 2 tid 105934
0 1 tid 105934
128 7 tid 105934
342 2 tid 105934
529 8 tid 105934
140 tid 105934
Insert  tid 105934
FindTargetPageId rootid 3 tid 105934
target_page_id id: 2 tid 105934
0 1 tid 105934
128 7 tid 105934
342 2 tid 105934
529 8 tid 105934
140 tid 105934
Insert  tid 105934
FindTargetPageId rootid 3 tid 105934
target_page_id id: 2 tid 105934
0 1 tid 105934
128 7 tid 105934
342 2 tid 105934
529 8 tid 105934
140 tid 105934
Insert  tid 105934
FindTargetPageId rootid 3 tid 105934
target_page_id id: 2 tid 105934
0 1 tid 105934
128 7 tid 105934
342 2 tid 105934
529 8 tid 105934
140 tid 105934
Insert  tid 105934
FindTargetPageId rootid 3 tid 105934
target_page_id id: 2 tid 105934
0 1 tid 105934
128 7 tid 105934
342 2 tid 105934
529 8 tid 105934
140 tid 105934
Insert  tid 105934
FindTargetPageId rootid 3 tid 105934
target_page_id id: 2 tid 105934
0 1 tid 105934
128 7 tid 105934
342 2 tid 105934
529 8 tid 105934
140 tid 105934
Insert  tid 105934
FindTargetPageId rootid 3 tid 105934
target_page_id id: 2 tid 105934
0 1 tid 105934
128 7 tid 105934
342 2 tid 105934
529 8 tid 105934
140 tid 105934
Insert  tid 105934
FindTargetPageId rootid 3 tid 105933
target_page_id id: 8 tid 105933
0 1 tid 105933
128 7 tid 105933
342 2 tid 105933
529 8 tid 105933
210 tid 105933
Remove  tid 105933
FindTargetPageId rootid 3 tid 105932
target_page_id id: 8 tid 105932
0 1 tid 105932
128 7 tid 105932
342 2 tid 105932
529 8 tid 105932
209 tid 105932
Insert  tid 105932
FindTargetPageId rootid 3 tid 105934
target_page_id id: 2 tid 105934
0 1 tid 105934
128 7 tid 105934
342 2 tid 105934
529 8 tid 105934
140 tid 105934
Insert  tid 105934
FindTargetPageId rootid 3 tid 105934
target_page_id id: 2 tid 105934
0 1 tid 105934
128 7 tid 105934
342 2 tid 105934
529 8 tid 105934
140 tid 105934
Insert  tid 105934
FindTargetPageId rootid 3 tid 105934
target_page_id id: 2 tid 105934
0 1 tid 105934
128 7 tid 105934
342 2 tid 105934
529 8 tid 105934
140 tid 105934
Insert  tid 105934
FindTargetPageId rootid 3 tid 105934
target_page_id id: 2 tid 105934
0 1 tid 105934
128 7 tid 105934
342 2 tid 105934
529 8 tid 105934
140 tid 105934
Insert  tid 105934
FindTargetPageId rootid 3 tid 105932
target_page_id id: 8 tid 105932
0 1 tid 105932
128 7 tid 105932
342 2 tid 105932
529 8 tid 105932
210 tid 105932
Insert  tid 105932
FindTargetPageId rootid 3 tid 105932
target_page_id id: 8 tid 105932
0 1 tid 105932
128 7 tid 105932
342 2 tid 105932
529 8 tid 105932
211 tid 105932
Insert  tid 105932
FindTargetPageId rootid 3 tid 105932
target_page_id id: 8 tid 105932
0 1 tid 105932
128 7 tid 105932
342 2 tid 105932
529 8 tid 105932
212 tid 105932
Insert  tid 105932
FindTargetPageId rootid 3 tid 105932
target_page_id id: 8 tid 105932
0 1 tid 105932
128 7 tid 105932
342 2 tid 105932
529 8 tid 105932
213 tid 105932
Insert  tid 105932
FindTargetPageId rootid 3 tid 105933
target_page_id id: 8 tid 105933
0 1 tid 105933
128 7 tid 105933
342 2 tid 105933
529 8 tid 105933
214 tid 105933
Remove  tid 105933
FindTargetPageId rootid 3 tid 105934
target_page_id id: 2 tid 105934
0 1 tid 105934
128 7 tid 105934
342 2 tid 105934
529 8 tid 105934
140 tid 105934
Insert  tid 105934
FindTargetPageId rootid 3 tid 105934
target_page_id id: 2 tid 105934
0 1 tid 105934
128 7 tid 105934
342 2 tid 105934
529 8 tid 105934
140 tid 105934
FindTargetPageId rootid 3 tid 105933
target_page_id id: 8 tid 105933
0 1 tid 105933
128 7 tid 105933
Insert 342 2 tid  tid 105933
105934
529 8 tid 105933
213 tid 105933
Remove  tid 105933
FindTargetPageId rootid 3 tid 105932
target_page_id id: 8 tid 105932
0 1 tid 105932
128 7 tid 105932
342 2 tid 105932
529 8 tid 105932
212 tid 105932
Insert  tid 105932
FindTargetPageId rootid 3 tid 105932
target_page_id id: 8 tid 105932
0 1 tid 105932
128 7 tid 105932
342 2 tid 105932
529 8 tid 105932
213 tid 105932
Insert  tid 105932
FindTargetPageId rootid 3 tid 105932
target_page_id id: 8 tid 105932
0 1 tid 105932
128 7 tid 105932
342 2 tid 105932
529 8 tid 105932
214 tid 105932
Insert  tid 105932
FindTargetPageId rootid 3 tid 105932
target_page_id id: 8 tid 105932
0 1 tid 105932
128 7 tid 105932
342 2 tid 105932
529 8 tid 105932
215 tid 105932
Insert  tid 105932
FindTargetPageId rootid 3 tid 105934
target_page_id id: 2 tid 105934
0 1 tid 105934
128 7 tid 105934
342 2 tid 105934
529 8 tid 105934
140 tid 105934
Insert  tid 105934
FindTargetPageId rootid 3 tid 105934
target_page_id id: 2 tid 105934
0 1 tid 105934
128 7 tid 105934
342 2 tid 105934
529 8 tid 105934
140 tid 105934
Insert  tid 105934
FindTargetPageId rootid 3 tid 105934
target_page_id id: 2 tid 105934
0 1 tid 105934
128 7 tid 105934
342 2 tid 105934
529 8 tid 105934
140 tid 105934
Insert  tid 105934
FindTargetPageId rootid 3 tid 105934
target_page_id id: 2 tid 105934
0 1 tid 105934
128 7 tid 105934
342 2 tid 105934
529 8 tid 105934
140 tid 105934
Insert  tid 105934
FindTargetPageId rootid 3 tid 105934
target_page_id id: 2 tid 105934
0 1 tid 105934
128 7 tid 105934
342 2 tid 105934
529 8 tid 105934
140 tid 105934
Insert  tid 105934
FindTargetPageId rootid 3 tid 105934
target_page_id id: 2 tid 105934
0 1 tid 105934
128 7 tid 105934
342 2 tid 105934
529 8 tid 105934
140 tid 105934
Insert  tid 105934
FindTargetPageId rootid 3 tid 105934
target_page_id id: 2 tid 105934
0 1 tid 105934
128 7 tid 105934
342 2 tid 105934
529 8 tid 105934
140 tid 105934
Insert  tid 105934
FindTargetPageId rootid 3 tid 105934
target_page_id id: 2 tid 105934
0 1 tid 105934
128 7 tid 105934
342 2 tid 105934
529 8 tid 105934
140 tid 105934
Insert  tid 105934
FindTargetPageId rootid 3 tid 105934
target_page_id id: 2 tid 105934
0 1 tid 105934
128 7 tid 105934
342 2 tid 105934
529 8 tid 105934
140 tid 105934
Insert  tid 105934
FindTargetPageId rootid 3 tid 105933
target_page_id id: 8 tid 105933
0 1 tid 105933
128 7 tid 105933
342 2 tid 105933
529 8 tid 105933
216 tid 105933
Remove  tid 105933
FindTargetPageId rootid 3 tid 105933
target_page_id id: 8 tid 105933
0 1 tid 105933
128 7 tid 105933
342 2 tid 105933
529 8 tid 105933
215 tid 105933
Remove  tid 105933
FindTargetPageId rootid 3 tid 105933
target_page_id id: 8 tid 105933
0 1 tid 105933
128 7 tid 105933
342 2 tid 105933
529 8 tid 105933
214 tid 105933
Remove  tid 105933
FindTargetPageId rootid 3 tid 105933
target_page_id id: 8 tid 105933
0 1 tid 105933
128 7 tid 105933
342 2 tid 105933
529 8 tid 105933
213 tid 105933
Remove  tid 105933
FindTargetPageId rootid 3 tid 105934
target_page_id id: 2 tid 105934
0 1 tid 105934
128 7 tid 105934
342 2 tid 105934
529 8 tid 105934
140 tid 105934
Insert  tid 105934
FindTargetPageId rootid 3 tid 105934
target_page_id id: 2 tid 105934
0 1 tid 105934
128 7 tid 105934
342 2 tid 105934
529 8 tid 105934
140 tid 105934
Insert  tid 105934
FindTargetPageId rootid 3 tid 105934
target_page_id id: 2 tid 105934
0 1 tid 105934
128 7 tid 105934
342 2 tid 105934
529 8 tid 105934
140 tid 105934
Insert  tid 105934
FindTargetPageId rootid 3 tid 105934
target_page_id id: 2 tid 105934
0 1 tid 105934
128 7 tid 105934
342 2 tid 105934
529 8 tid 105934
140 tid 105934
Insert  tid 105934
FindTargetPageId rootid 3 tid 105934
target_page_id id: 2 tid 105934
0 1 tid 105934
128 7 tid 105934
342 2 tid 105934
529 8 tid 105934
140 tid 105934
Insert  tid 105934
FindTargetPageId rootid 3 tid 105934
target_page_id id: 2 tid 105934
0 1 tid 105934
128 7 tid 105934
342 2 tid 105934
529 8 tid 105934
140 tid 105934
Insert  tid 105934
FindTargetPageId rootid 3 tid 105934
target_page_id id: 2 tid 105934
0 1 tid 105934
128 7 tid 105934
342 2 tid 105934
529 8 tid 105934
140 tid 105934
Insert  tid 105934
FindTargetPageId rootid 3 tid 105934
target_page_id id: 2 tid 105934
0 1 tid 105934
128 7 tid 105934
342 2 tid 105934
529 8 tid 105934
140 tid 105934
Insert  tid 105934
FindTargetPageId rootid 3 tid 105934
target_page_id id: 2 tid 105934
0 1 tid 105934
128 7 tid 105934
342 2 tid 105934
529 8 tid 105934
140 tid 105934
Insert  tid 105934
FindTargetPageId rootid 3 tid 105934
target_page_id id: 2 tid 105934
0 1 tid 105934
128 7 tid 105934
342 2 tid 105934
529 8 tid 105934
140 tid 105934
Insert  tid 105934
FindTargetPageId rootid 3 tid 105934
target_page_id id: 2 tid 105934
0 1 tid 105934
128 7 tid 105934
342 2 tid 105934
529 8 tid 105934
140 tid 105934
Insert  tid 105934
FindTargetPageId rootid 3 tid 105934
target_page_id id: 2 tid 105934
0 1 tid 105934
128 7 tid 105934
342 2 tid 105934
529 8 tid 105934
140 tid 105934
Insert  tid 105934
FindTargetPageId rootid 3 tid 105934
target_page_id id: 2 tid 105934
0 1 tid 105934
128 7 tid 105934
342 2 tid 105934
529 8 tid 105934
140 tid 105934
Insert  tid 105934
FindTargetPageId rootid 3 tid 105934
target_page_id id: 2 tid 105934
0 1 tid 105934
128 7 tid 105934
342 2 tid 105934
529 8 tid 105934
140 tid 105934
Insert  tid 105934
FindTargetPageId rootid 3 tid 105934
target_page_id id: 2 tid 105934
0 1 tid 105934
128 7 tid 105934
342 2 tid 105934
529 8 tid 105934
141 tid 105934
Insert  tid 105934
FindTargetPageId rootid 3 tid 105934
target_page_id id: 2 tid 105934
0 1 tid 105934
128 7 tid 105934
342 2 tid 105934
529 8 tid 105934
142 tid 105934
Insert  tid 105934
FindTargetPageId rootid 3 tid 105934
target_page_id id: 2 tid 105934
0 1 tid 105934
128 7 tid 105934
342 2 tid 105934
529 8 tid 105934
143 tid 105934
Insert  tid 105934
FindTargetPageId rootid 3 tid 105932
target_page_id id: 8 tid 105932
0 1 tid 105932
128 7 tid 105932
342 2 tid 105932
529 8 tid 105932
212 tid 105932
Insert  tid 105932
FindTargetPageId rootid 3 tid 105933
target_page_id id: 8 tid 105933
0 1 tid 105933
128 7 tid 105933
342 2 tid 105933
529 8 tid 105933
213 tid 105933
Remove  tid 105933
FindTargetPageId rootid 3 tid 105934
target_page_id id: 2 tid 105934
0 1 tid 105934
128 7 tid 105934
342 2 tid 105934
529 8 tid 105934
144 tid 105934
Insert  tid 105934
FindTargetPageId rootid 3 tid 105934
target_page_id id: 2 tid 105934
0 1 tid 105934
128 7 tid 105934
342 2 tid 105934
529 8 tid 105934
145 tid 105934
Insert  tid 105934
FindTargetPageId rootid 3 tid 105932
target_page_id id: 8 tid 105932
0 1 tid 105932
128 7 tid 105932
342 2 tid 105932
529 8 tid 105932
212 tid 105932
Insert  tid 105932
FindTargetPageId rootid 3 tid 105932
target_page_id id: 8 tid 105932
0 1 tid 105932
128 7 tid 105932
342 2 tid 105932
529 8 tid 105932
213 tid 105932
Insert  tid 105932
FindTargetPageId rootid 3 tid 105932
target_page_id id: 8 tid 105932
0 1 tid 105932
128 7 tid 105932
342 2 tid 105932
529 8 tid 105932
214 tid 105932
Insert  tid 105932
FindTargetPageId rootid 3 tid 105932
target_page_id id: 8 tid 105932
0 1 tid 105932
128 7 tid 105932
342 2 tid 105932
529 8 tid 105932
215 tid 105932
Insert  tid 105932
FindTargetPageId rootid 3 tid 105933
target_page_id id: 8 tid 105933
0 1 tid 105933
128 7 tid 105933
342 2 tid 105933
529 8 tid 105933
216 tid 105933
Remove  tid 105933
FindTargetPageId rootid 3 tid 105933
target_page_id id: 8 tid 105933
0 1 tid 105933
128 7 tid 105933
342 2 tid 105933
529 8 tid 105933
215 tid 105933
Remove  tid 105933
FindTargetPageId rootid 3 tid 105934
target_page_id id: 2 tid 105934
0 1 tid 105934
128 7 tid 105934
342 2 tid 105934
529 8 tid 105934
146 tid 105934
Insert  tid 105934
FindTargetPageId rootid 3 tid 105932
target_page_id id: 8 tid 105932
0 1 tid 105932
128 7 tid 105932
342 2 tid 105932
529 8 tid 105932
214 tid 105932
Insert  tid 105932
FindTargetPageId rootid 3 tid 105933
target_page_id id: 8 tid 105933
0 1 tid 105933
128 7 tid 105933
342 2 tid 105933
529 8 tid 105933
215 tid 105933
Remove  tid 105933
FindTargetPageId rootid 3 tid 105934
target_page_id id: 2 tid 105934
0 1 tid 105934
128 7 tid 105934
342 2 tid 105934
529 8 tid 105934
147 tid 105934
Insert  tid 105934
FindTargetPageId rootid 3 tid 105932
target_page_id id: 8 tid 105932
0 1 tid 105932
128 7 tid 105932
342 2 tid 105932
529 8 tid 105932
214 tid 105932
Insert  tid 105932
FindTargetPageId rootid 3 tid 105933
target_page_id id: 8 tid 105933
0 1 tid 105933
128 7 tid 105933
342 2 tid 105933
529 8 tid 105933
215 tid 105933
Remove  tid 105933
FindTargetPageId rootid 3 tid 105933
target_page_id id: 8 tid 105933
0 1 tid 105933
128 7 tid 105933
342 2 tid 105933
529 8 tid 105933
214 tid 105933
Remove  tid 105933
FindTargetPageId rootid 3 tid 105933
target_page_id id: 8 tid 105933
0 1 tid 105933
128 7 tid 105933
342 2 tid 105933
529 8 tid 105933
213 tid 105933
Remove  tid 105933
FindTargetPageId rootid 3 tid 105933
target_page_id id: 8 tid 105933
0 1 tid 105933
128 7 tid 105933
342 2 tid 105933
529 8 tid 105933
212 tid 105933
Remove  tid 105933
FindTargetPageId rootid 3 tid 105933
target_page_id id: 8 tid 105933
0 1 tid 105933
128 7 tid 105933
342 2 tid 105933
529 8 tid 105933
211 tid 105933
Remove  tid 105933
FindTargetPageId rootid 3 tid 105933
target_page_id id: 8 tid 105933
0 1 tid 105933
128 7 tid 105933
342 2 tid 105933
529 8 tid 105933
210 tid 105933
Remove  tid 105933
FindTargetPageId rootid 3 tid 105933
target_page_id id: 8 tid 105933
0 1 tid 105933
128 7 tid 105933
342 2 tid 105933
529 8 tid 105933
209 tid 105933
Remove  tid 105933
FindTargetPageId rootid 3 tid 105933
target_page_id id: 8 tid 105933
0 1 tid 105933
128 7 tid 105933
342 2 tid 105933
529 8 tid 105933
208 tid 105933
Remove  tid 105933
FindTargetPageId rootid 3 tid 105933
target_page_id id: 8 tid 105933
0 1 tid 105933
128 7 tid 105933
342 2 tid 105933
529 8 tid 105933
207 tid 105933
Remove  tid 105933
FindTargetPageId rootid 3 tid 105933
target_page_id id: 8 tid 105933
0 1 tid 105933
128 7 tid 105933
342 2 tid 105933
529 8 tid 105933
206 tid 105933
Remove  tid 105933
FindTargetPageId rootid 3 tid 105933
target_page_id id: 8 tid 105933
0 1 tid 105933
128 7 tid 105933
342 2 tid 105933
529 8 tid 105933
205 tid 105933
Remove  tid 105933
FindTargetPageId rootid 3 tid 105934
target_page_id id: 2 tid 105934
0 1 tid 105934
128 7 tid 105934
342 2 tid 105934
529 8 tid 105934
148 tid 105934
Insert  tid 105934
FindTargetPageId rootid 3 tid 105934
target_page_id id: 2 tid 105934
0 1 tid 105934
128 7 tid 105934
342 2 tid 105934
529 8 tid 105934
149 tid 105934
Insert  tid 105934
FindTargetPageId rootid 3 tid 105934
target_page_id id: 2 tid 105934
0 1 tid 105934
128 7 tid 105934
342 2 tid 105934
529 8 tid 105934
150 tid 105934
Insert  tid 105934
FindTargetPageId rootid 3 tid 105932
target_page_id id: 8 tid 105932
0 1 tid 105932
128 7 tid 105932
342 2 tid 105932
529 8 tid 105932
204 tid 105932
Insert  tid 105932
FindTargetPageId rootid 3 tid 105933
target_page_id id: 8 tid 105933
0 1 tid 105933
128 7 tid 105933
342 2 tid 105933
529 8 tid 105933
205 tid 105933
FindTargetPageId rootid 3 tid 105934
target_page_id id: 2 tid 105934
0 1 tid 105934
128 7 tid 105934
342 2 tid 105934
529 8 tid 105934
151 tid 105934
Insert  tid 105934
FindTargetPageId rootid 3 tid 105934
target_page_id id: 2 tid 105934
0 1 tid 105934
128 7 tid 105934
342 2 tid 105934
529 8 tid 105934
152 tid 105934
Insert  tid 105934
FindTargetPageId rootid 3 tid 105934
target_page_id id: 2 tid 105934
0 1 tid 105934
128 7 tid 105934
342 2 tid 105934
529 8 tid 105934
153 tid 105934
Insert  tid 105934
FindTargetPageId rootid 3 tid 105932
Remove target_page_id id: 8 tid  tid 105932
0 1 tid 105932
128 7 tid 105932
342 2 tid 105932
105933
529 8 tid 105932
204 tid 105932
FindTargetPageId rootid 3 tid 105934
target_page_id id: 2 tid 105934
0 1 tid 105934
128 7 tid 105934
342 2 tid 105934
529 8 tid 105934
154 tid 105934
Insert  tid 105934
FindTargetPageId rootid 3 tid 105934
target_page_id id: 2 tid 105934
0 1 tid 105934
128 7 tid 105934
342 2 tid 105934
529 8 tid 105934
155 tid 105934
Insert  tid 105934
FindTargetPageId rootid 3 tid 105934
target_page_id id: 2 tid 105934
0 1 tid 105934
128 7 tid 105934
342 2 tid 105934
529 8 tid 105934
156 tid 105934
Insert  tid 105934
FindTargetPageId rootid 3 tid 105934
target_page_id id: 2 tid 105934
0 1 tid 105934
128 7 tid 105934
342 2 tid 105934
529 8 tid 105934
157 tid 105934
Insert  tid 105934
FindTargetPageId rootid 3 tid 105934
target_page_id id: 2 tid 105934
0 1 tid 105934
128 7 tid 105934
342 2 tid 105934
529 8 tid 105934
158 tid 105934
Insert  tid 105934
FindTargetPageId rootid 3 tid 105934
target_page_id id: 2 tid 105934
0 1 tid 105934
128 7 tid 105934
342 2 tid 105934
529 8 tid 105934
159 tid 105934
Insert  tid 105934
FindTargetPageId rootid 3 tid 105934
target_page_id id: 2 tid 105934
0 1 tid 105934
128 7 tid 105934
342 2 tid 105934
529 8 tid 105934
160 tid 105934
Insert  tid 105934
FindTargetPageId rootid 3 tid 105934
target_page_id id: 2 tid 105934
0 1 tid 105934
128 7 tid 105934
342 2 tid 105934
529 8 tid 105934
161 tid 105934
Insert  tid 105934
FindTargetPageId rootid 3 tid 105934
target_page_id id: 2 tid 105934
0 1 tid 105934
128 7 tid 105934
342 2 tid 105934
529 8 tid 105934
162 tid 105934
Insert  tid 105934
FindTargetPageId rootid 3 tid Insert  tid 105932
105934
target_page_id id: 2 tid 105934
0 1 tid 105934
128 7 tid 105934
342 2 tid 105934
529 8 tid 105934
163 tid 105934
Insert  tid 105934
FindTargetPageId rootid 3 tid 105932
target_page_id id: 8 tid 105932
0 1 tid 105932
128 7 tid 105932
342 2 tid 105932
529 8 tid 105932
205 tid 105932
Insert  tid 105932
FindTargetPageId rootid 3 tid 105933
target_page_id id: 8 tid 105933
0 1 tid 105933
128 7 tid 105933
342 2 tid 105933
529 8 tid 105933
206 tid 105933
Remove  tid 105933
FindTargetPageId rootid 3 tid 105934
target_page_id id: 2 tid 105934
0 1 tid 105934
128 7 tid 105934
342 2 tid 105934
529 8 tid 105934
164 tid 105934
Insert  tid 105934
FindTargetPageId rootid 3 tid 105934
target_page_id id: 2 tid 105934
0 1 tid 105934
128 7 tid 105934
342 2 tid 105934
529 8 tid 105934
165 tid 105934
Insert  tid 105934
FindTargetPageId rootid 3 tid 105934
target_page_id id: 2 tid 105934
0 1 tid 105934
128 7 tid 105934
342 2 tid 105934
529 8 tid 105934
166 tid 105934
Insert  tid 105934
FindTargetPageId rootid 3 tid 105934
target_page_id id: 2 tid 105934
0 1 tid 105934
128 7 tid 105934
342 2 tid 105934
529 8 tid 105934
167 tid 105934
Insert  tid 105934
FindTargetPageId rootid 3 tid 105934
target_page_id id: 2 tid 105934
0 1 tid 105934
128 7 tid 105934
342 2 tid 105934
529 8 tid 105934
168 tid 105934
Insert  tid 105934
FindTargetPageId rootid 3 tid 105934
target_page_id id: 2 tid 105934
0 1 tid 105934
128 7 tid 105934
342 2 tid 105934
529 8 tid 105934
169 tid 105934
Insert  tid 105934
FindTargetPageId rootid 3 tid 105934
target_page_id id: 2 tid 105934
0 1 tid 105934
128 7 tid 105934
342 2 tid 105934
529 8 tid 105934
170 tid 105934
Insert  tid 105934
FindTargetPageId rootid 3 tid 105934
target_page_id id: 2 tid 105934
0 1 tid 105934
128 7 tid 105934
342 2 tid 105934
529 8 tid 105934
171 tid 105934
Insert  tid 105934
FindTargetPageId rootid 3 tid 105932
target_page_id id: 8 tid 105932
0 1 tid 105932
128 7 tid 105932
342 2 tid 105932
529 8 tid 105932
205 tid 105932
Insert  tid 105932
FindTargetPageId rootid 3 tid 105933
target_page_id id: 8 tid 105933
0 1 tid 105933
128 7 tid 105933
342 2 tid 105933
529 8 tid 105933
206 tid 105933
Remove  tid 105933
FindTargetPageId rootid 3 tid 105933
target_page_id id: 8 tid 105933
0 1 tid 105933
128 7 tid 105933
342 2 tid 105933
529 8 tid 105933
205 tid 105933
Remove  tid 105933
FindTargetPageId rootid 3 tid 105933
target_page_id id: 8 tid 105933
0 1 tid 105933
128 7 tid 105933
342 2 tid 105933
529 8 tid 105933
204 tid 105933
Remove  tid 105933
FindTargetPageId rootid 3 tid 105933
target_page_id id: 8 tid 105933
0 1 tid 105933
128 7 tid 105933
342 2 tid 105933
529 8 tid 105933
203 tid 105933
Remove  tid 105933
FindTargetPageId rootid 3 tid 105933
target_page_id id: 8 tid 105933
0 1 tid 105933
128 7 tid 105933
342 2 tid 105933
529 8 tid 105933
202 tid 105933
Remove  tid 105933
FindTargetPageId rootid 3 tid 105933
target_page_id id: 8 tid 105933
0 1 tid 105933
128 7 tid 105933
342 2 tid 105933
529 8 tid 105933
201 tid 105933
Remove  tid 105933
FindTargetPageId rootid 3 tid 105933
target_page_id id: 8 tid 105933
0 1 tid 105933
128 7 tid 105933
342 2 tid 105933
529 8 tid 105933
200 tid 105933
Remove  tid 105933
FindTargetPageId rootid 3 tid 105933
target_page_id id: 8 tid 105933
0 1 tid 105933
128 7 tid 105933
342 2 tid 105933
529 8 tid 105933
199 tid 105933
Remove  tid 105933
FindTargetPageId rootid 3 tid 105934
target_page_id id: 2 tid 105934
0 1 tid 105934
128 7 tid 105934
342 2 tid 105934
529 8 tid 105934
172 tid 105934
Insert  tid 105934
FindTargetPageId rootid 3 tid 105932
target_page_id id: 8 tid 105932
0 1 tid 105932
128 7 tid 105932
342 2 tid 105932
529 8 tid 105932
198 tid 105932
Insert  tid 105932
FindTargetPageId rootid 3 tid 105932
target_page_id id: 8 tid 105932
0 1 tid 105932
128 7 tid 105932
342 2 tid 105932
529 8 tid 105932
199 tid 105932
Insert  tid 105932
FindTargetPageId rootid 3 tid 105932
target_page_id id: 8 tid 105932
0 1 tid 105932
128 7 tid 105932
342 2 tid 105932
529 8 tid 105932
200 tid 105932
Insert  tid 105932
FindTargetPageId rootid 3 tid 105932
target_page_id id: 8 tid 105932
0 1 tid 105932
128 7 tid 105932
342 2 tid 105932
529 8 tid 105932
201 tid 105932
Insert  tid 105932
FindTargetPageId rootid 3 tid 105934
target_page_id id: 2 tid 105934
0 1 tid 105934
128 7 tid 105934
342 2 tid 105934
529 8 tid 105934
173 tid 105934
Insert  tid 105934
FindTargetPageId rootid 3 tid 105933
target_page_id id: 8 tid 105933
0 1 tid 105933
128 7 tid 105933
342 2 tid 105933
529 8 tid 105933
202 tid 105933
Remove  tid 105933
FindTargetPageId rootid 3 tid 105932
target_page_id id: 8 tid 105932
0 1 tid 105932
128 7 tid 105932
342 2 tid 105932
529 8 tid 105932
201 tid 105932
Insert  tid 105932
FindTargetPageId rootid 3 tid 105932
target_page_id id: 8 tid 105932
0 1 tid 105932
128 7 tid 105932
342 2 tid 105932
529 8 tid 105932
202 tid 105932
Insert  tid 105932
FindTargetPageId rootid 3 tid 105932
target_page_id id: 8 tid 105932
0 1 tid 105932
128 7 tid 105932
342 2 tid 105932
529 8 tid 105932
203 tid 105932
Insert  tid 105932
FindTargetPageId rootid 3 tid 105932
target_page_id id: 8 tid 105932
0 1 tid 105932
128 7 tid 105932
342 2 tid 105932
529 8 tid 105932
204 tid 105932
FindTargetPageId rootid 3 tid 105934
target_page_id id: 2 tid 105934
0 1 tid 105934
128 7 tid 105934
342 2 tid 105934
529 8 tid 105934
174 tid 105934
FindTargetPageId rootid 3 tid 105933
target_page_id id: 8 tid 105933
0 1 tid 105933
128 7 tid 105933
342 2 tid 105933
529 8 tid 105933
205 tid 105933
Remove  tid 105933
FindTargetPageId rootid 3 tid 105933
target_page_id id: 8 tid 105933
0 1 tid 105933
128 7 tid 105933
342 2 tid 105933
529 8 tid 105933
204 tid 105933
Remove  tid 105933
FindTargetPageId rootid 3 tid 105933
target_page_id id: 8 tid 105933
0 1 tid 105933
128 7 tid 105933
342 2 tid 105933
529 8 tid 105933
203 tid 105933
Remove  tid 105933
FindTargetPageId rootid 3 tid 105933
target_page_id id: 8 tid 105933
0 1 tid 105933
128 7 tid 105933
342 2 tid 105933
529 8 tid 105933
202 tid 105933
Remove  tid 105933
FindTargetPageId rootid 3 tid 105933
target_page_id id: 8 tid 105933
0 1 tid 105933
128 7 tid 105933
342 2 tid 105933
529 8 tid 105933
201 tid 105933
Remove  tid 105933
FindTargetPageId rootid 3 tid 105933
target_page_id id: 8 tid 105933
0 1 tid 105933
128 7 tid 105933
342 2 tid 105933
529 8 tid 105933
200 tid 105933
Remove  tid 105933
FindTargetPageId rootid 3 tid 105933
target_page_id id: 8 tid 105933
0 1 tid 105933
128 7 tid 105933
342 2 tid 105933
529 8 tid 105933
199 tid 105933
Remove  tid 105933
FindTargetPageId rootid 3 tid 105933
target_page_id id: 8 tid 105933
0 1 tid 105933
128 7 tid 105933
342 2 tid 105933
529 8 tid 105933
198 tid 105933
Remove  tid 105933
FindTargetPageId rootid 3 tid 105933
target_page_id id: 8 tid 105933
0 1 tid 105933
128 7 tid 105933
342 2 tid 105933
529 8 tid 105933
197 tid 105933
Remove  tid 105933
FindTargetPageId rootid 3 tid 105933
target_page_id id: 8 tid 105933
0 1 tid 105933
128 7 tid 105933
342 2 tid 105933
529 8 tid 105933
196 tid 105933
Remove  tid 105933
FindTargetPageId rootid 3 tid 105933
target_page_id id: 8 tid 105933
0 1 tid 105933
128 7 tid 105933
342 2 tid 105933
529 8 tid 105933
195 tid 105933
Remove  tid 105933
FindTargetPageId rootid 3 tid 105933
target_page_id id: 8 tid 105933
0 1 tid 105933
128 7 tid 105933
342 2 tid 105933
529 8 tid 105933
194 tid 105933
Remove  tid 105933
Insert FindTargetPageId rootid 3 tid 105933
target_page_id id: 8 tid 105933
0 1 tid 105933
128 7 tid 105933
342 2 tid 105933
529 8 tid 105933
193 tid 105933
 tid 105934
Remove  tid 105933
FindTargetPageId rootid 3 tid 105934
target_page_id id: 2 tid 105934
0 1 tid 105934
128 7 tid 105934
342 2 tid 105934
529 8 tid 105934
175 tid 105934
Insert Insert  tid 105934
FindTargetPageId rootid 3 tid 105934
 tid target_page_id id: 2 tid 105934
1059320 1 tid 105934
128 7 tid 105934
342 2 tid 105934
529 8 tid 105934
176 tid 105934
Insert  tid 105934

FindTargetPageId rootid 3 tid 105933
target_page_id id: 8 tid 105933
0 1 tid 105933
128 7 tid 105933
342 2 tid 105933
529 8 tid 105933
192 tid 105933
Remove  tid 105933
FindTargetPageId rootid 3 tid 105933
target_page_id id: 8 tid 105933
0 1 tid 105933
128 7 tid 105933
342 2 tid 105933
529 8 tid 105933
191 tid 105933
Remove  tid 105933
FindTargetPageId rootid 3 tid 105933
target_page_id id: 8 tid 105933
0 1 tid 105933
128 7 tid 105933
342 2 tid 105933
529 8 tid 105933
190 tid 105933
Remove  tid 105933
FindTargetPageId rootid 3 tid 105933
target_page_id id: 8 tid 105933
0 1 tid 105933
128 7 tid 105933
342 2 tid 105933
529 8 tid 105933
189 tid 105933
Remove  tid 105933
FindTargetPageId rootid 3 tid 105933
target_page_id id: 8 tid 105933
0 1 tid 105933
128 7 tid 105933
342 2 tid 105933
529 8 tid 105933
188 tid 105933
Remove  tid 105933
FindTargetPageId rootid 3 tid 105932
target_page_id id: 8 tid 105932
0 1 tid 105932
128 7 tid 105932
342 2 tid 105932
529 8 tid 105932
187 tid 105932
Insert  tid 105932
FindTargetPageId rootid 3 tid 105932
target_page_id id: 8 tid 105932
0 1 tid 105932
128 7 tid 105932
342 2 tid 105932
529 8 tid 105932
188 tid 105932
Insert  tid 105932
FindTargetPageId rootid 3 tid 105932
target_page_id id: 8 tid 105932
0 1 tid 105932
128 7 tid 105932
342 2 tid 105932
529 8 tid 105932
189 tid 105932
Insert  tid 105932
FindTargetPageId rootid 3 tid 105932
target_page_id id: 8 tid 105932
0 1 tid 105932
128 7 tid 105932
342 2 tid 105932
529 8 tid 105932
190 tid 105932
Insert  tid 105932
FindTargetPageId rootid 3 tid 105932
target_page_id id: 8 tid 105932
0 1 tid 105932
128 7 tid 105932
342 2 tid 105932
529 8 tid 105932
191 tid 105932
Insert  tid 105932
FindTargetPageId rootid 3 tid 105932
target_page_id id: 8 tid 105932
0 1 tid 105932
128 7 tid 105932
342 2 tid 105932
529 8 tid 105932
192 tid 105932
Insert  tid 105932
FindTargetPageId rootid 3 tid 105932
target_page_id id: 8 tid 105932
0 1 tid 105932
128 7 tid 105932
342 2 tid 105932
529 8 tid 105932
193 tid 105932
Insert  tid 105932
FindTargetPageId rootid 3 tid 105932
target_page_id id: 8 tid 105932
0 1 tid 105932
128 7 tid 105932
342 2 tid 105932
529 8 tid 105932
194 tid 105932
Insert  tid 105932
FindTargetPageId rootid 3 tid 105932
target_page_id id: 8 tid 105932
0 1 tid 105932
128 7 tid 105932
342 2 tid 105932
529 8 tid 105932
195 tid 105932
Insert  tid 105932
FindTargetPageId rootid 3 tid 105932
target_page_id id: 8 tid 105932
0 1 tid 105932
128 7 tid 105932
342 2 tid 105932
529 8 tid 105932
196 tid 105932
Insert  tid 105932
FindTargetPageId rootid 3 tid 105932
target_page_id id: 8 tid 105932
0 1 tid 105932
128 7 tid 105932
342 2 tid 105932
529 8 tid 105932
197 tid 105932
Insert  tid 105932
FindTargetPageId rootid 3 tid 105932
target_page_id id: 8 tid 105932
0 1 tid 105932
128 7 tid 105932
342 2 tid 105932
529 8 tid 105932
198 tid 105932
Insert  tid 105932
FindTargetPageId rootid 3 tid 105932
target_page_id id: 8 tid 105932
0 1 tid 105932
128 7 tid 105932
342 2 tid 105932
529 8 tid 105932
199 tid 105932
Insert  tid 105932
FindTargetPageId rootid 3 tid 105932
target_page_id id: 8 tid 105932
0 1 tid 105932
128 7 tid 105932
342 2 tid 105932
529 8 tid 105932
200 tid 105932
Insert  tid 105932
FindTargetPageId rootid 3 tid 105932
target_page_id id: 8 tid 105932
0 1 tid 105932
128 7 tid 105932
342 2 tid 105932
529 8 tid 105932
201 tid 105932
Insert  tid 105932
FindTargetPageId rootid 3 tid 105932
target_page_id id: 8 tid 105932
0 1 tid 105932
128 7 tid 105932
342 2 tid 105932
529 8 tid 105932
202 tid 105932
Insert  tid 105932
FindTargetPageId rootid 3 tid 105932
target_page_id id: 8 tid 105932
0 1 tid 105932
128 7 tid 105932
342 2 tid 105932
529 8 tid 105932
203 tid 105932
Insert  tid 105932
FindTargetPageId rootid 3 tid 105932
target_page_id id: 8 tid 105932
0 1 tid 105932
128 7 tid 105932
342 2 tid 105932
529 8 tid 105932
204 tid 105932
Insert  tid 105932
FindTargetPageId rootid 3 tid 105932
target_page_id id: 8 tid 105932
0 1 tid 105932
128 7 tid 105932
342 2 tid 105932
529 8 tid 105932
205 tid 105932
Insert  tid 105932
FindTargetPageId rootid 3 tid 105932
target_page_id id: 8 tid 105932
0 1 tid 105932
128 7 tid 105932
342 2 tid 105932
529 8 tid 105932
206 tid 105932
Insert  tid 105932
FindTargetPageId rootid 3 tid 105932
target_page_id id: 8 tid 105932
0 1 tid 105932
128 7 tid 105932
342 2 tid 105932
529 8 tid 105932
207 tid 105932
Insert  tid 105932
FindTargetPageId rootid 3 tid 105932
target_page_id id: 8 tid 105932
0 1 tid 105932
128 7 tid 105932
342 2 tid 105932
529 8 tid 105932
208 tid 105932
Insert  tid 105932
FindTargetPageId rootid 3 tid 105932
target_page_id id: 8 tid 105932
0 1 tid 105932
128 7 tid 105932
342 2 tid 105932
529 8 tid 105932
209 tid 105932
Insert  tid 105932
FindTargetPageId rootid 3 tid 105932
target_page_id id: 8 tid 105932
0 1 tid 105932
128 7 tid 105932
342 2 tid 105932
529 8 tid 105932
210 tid 105932
Insert  tid 105932
FindTargetPageId rootid 3 tid 105934
target_page_id id: 2 tid 105934
0 1 tid 105934
128 7 tid 105934
342 2 tid 105934
529 8 tid 105934
177 tid 105934
Insert  tid 105934
FindTargetPageId rootid 3 tid 105934
target_page_id id: 2 tid 105934
0 1 tid 105934
128 7 tid 105934
342 2 tid 105934
529 8 tid 105934
178 tid 105934
Insert  tid 105934
FindTargetPageId rootid 3 tid 105934
target_page_id id: 2 tid 105934
0 1 tid 105934
128 7 tid 105934
342 2 tid 105934
529 8 tid 105934
179 tid 105934
Insert  tid 105934
FindTargetPageId rootid 3 tid 105934
target_page_id id: 2 tid 105934
0 1 tid 105934
128 7 tid 105934
342 2 tid 105934
529 8 tid 105934
180 tid 105934
Insert  tid 105934
FindTargetPageId rootid 3 tid 105934
target_page_id id: 2 tid 105934
0 1 tid 105934
128 7 tid 105934
342 2 tid 105934
529 8 tid 105934
181 tid 105934
Insert  tid 105934
FindTargetPageId rootid 3 tid 105932
target_page_id id: 8 tid 105932
0 1 tid 105932
128 7 tid 105932
342 2 tid 105932
529 8 tid 105932
211 tid 105932
Insert  tid 105932
FindTargetPageId rootid 3 tid 105932
target_page_id id: 8 tid 105932
0 1 tid 105932
128 7 tid 105932
342 2 tid 105932
529 8 tid 105932
212 tid 105932
Insert  tid 105932
FindTargetPageId rootid 3 tid 105932
target_page_id id: 8 tid 105932
0 1 tid 105932
128 7 tid 105932
342 2 tid 105932
529 8 tid 105932
213 tid 105932
Insert  tid 105932
FindTargetPageId rootid 3 tid 105932
target_page_id id: 8 tid 105932
0 1 tid 105932
128 7 tid 105932
342 2 tid 105932
529 8 tid 105932
214 tid 105932
Insert FindTargetPageId rootid 3 tid 105934
 tid 105932
target_page_id id: 2 tid 105934
0 1 tid 105934
128 7 tid 105934
342 2 tid 105934
529 8 tid 105934
182 tid 105934
Insert  tid 105934
FindTargetPageId rootid 3 tid 105933
target_page_id id: 8 tid 105933
0 1 tid 105933
128 7 tid 105933
342 2 tid 105933
529 8 tid 105933
215 tid 105933
Remove  tid 105933
FindTargetPageId rootid 3 tid 105933
target_page_id id: 8 tid 105933
0 1 tid 105933
128 7 tid 105933
342 2 tid 105933
529 8 tid 105933
214 tid 105933
Remove  tid 105933
FindTargetPageId rootid 3 tid 105933
target_page_id id: 8 tid 105933
0 1 tid 105933
128 7 tid 105933
342 2 tid 105933
529 8 tid 105933
213 tid 105933
Remove  tid 105933
FindTargetPageId rootid 3 tid 105932
target_page_id id: 8 tid 105932
0 1 tid 105932
128 7 tid 105932
342 2 tid 105932
529 8 tid 105932
212 tid 105932
Insert  tid 105932
FindTargetPageId rootid 3 tid 105932
target_page_id id: 8 tid 105932
0 1 tid 105932
128 7 tid 105932
342 2 tid 105932
529 8 tid 105932
213 tid 105932
Insert  tid 105932
FindTargetPageId rootid 3 tid 105932
target_page_id id: 8 tid 105932
0 1 tid 105932
128 7 tid 105932
342 2 tid 105932
529 8 tid 105932
214 tid 105932
Insert  tid 105932
FindTargetPageId rootid 3 tid 105932
target_page_id id: 8 tid 105932
0 1 tid 105932
128 7 tid 105932
342 2 tid 105932
529 8 tid 105932
215 tid 105932
Insert  tid 105932
FindTargetPageId rootid 3 tid 105932
target_page_id id: 8 tid 105932
0 1 tid 105932
128 7 tid 105932
342 2 tid 105932
529 8 tid 105932
216 tid 105932
Insert  tid 105932
FindTargetPageId rootid 3 tid 105932
target_page_id id: 8 tid 105932
0 1 tid 105932
128 7 tid 105932
342 2 tid 105932
529 8 tid 105932
217 tid 105932
Insert  tid 105932
FindTargetPageId rootid 3 tid 105932
target_page_id id: 8 tid 105932
0 1 tid 105932
128 7 tid 105932
342 2 tid 105932
529 8 tid 105932
218 tid 105932
Insert  tid 105932
FindTargetPageId rootid 3 tid 105933
target_page_id id: 8 tid 105933
0 1 tid 105933
128 7 tid 105933
342 2 tid 105933
529 8 tid 105933
219 tid 105933
Remove  tid 105933
FindTargetPageId rootid 3 tid 105933
target_page_id id: 8 tid 105933
0 1 tid 105933
128 7 tid 105933
342 2 tid 105933
529 8 tid 105933
218 tid 105933
Remove  tid 105933
FindTargetPageId rootid 3 tid 105933
target_page_id id: 8 tid 105933
0 1 tid 105933
128 7 tid 105933
342 2 tid 105933
529 8 tid 105933
217 tid 105933
Remove  tid 105933
FindTargetPageId rootid 3 tid 105933
target_page_id id: 8 tid 105933
0 1 tid 105933
128 7 tid 105933
342 2 tid 105933
529 8 tid 105933
216 tid 105933
Remove  tid 105933
FindTargetPageId rootid 3 tid 105933
target_page_id id: 8 tid 105933
0 1 tid 105933
128 7 tid 105933
342 2 tid 105933
529 8 tid 105933
215 tid 105933
Remove  tid 105933
FindTargetPageId rootid 3 tid 105933
target_page_id id: 8 tid 105933
0 1 tid 105933
128 7 tid 105933
342 2 tid 105933
529 8 tid 105933
214 tid 105933
Remove  tid 105933
FindTargetPageId rootid 3 tid 105933
target_page_id id: 8 tid 105933
0 1 tid 105933
128 7 tid 105933
342 2 tid 105933
529 8 tid 105933
213 tid 105933
Remove  tid 105933
FindTargetPageId rootid 3 tid 105933
target_page_id id: 8 tid 105933
0 1 tid 105933
128 7 tid 105933
342 2 tid 105933
529 8 tid 105933
212 tid 105933
Remove  tid 105933
FindTargetPageId rootid 3 tid 105933
target_page_id id: 8 tid 105933
0 1 tid 105933
128 7 tid 105933
342 2 tid 105933
529 8 tid 105933
211 tid 105933
Remove  tid 105933
FindTargetPageId rootid 3 tid 105933
target_page_id id: 8 tid 105933
0 1 tid 105933
128 7 tid 105933
342 2 tid 105933
529 8 tid 105933
210 tid 105933
Remove  tid 105933
FindTargetPageId rootid 3 tid 105933
target_page_id id: 8 tid 105933
0 1 tid 105933
128 7 tid 105933
342 2 tid 105933
529 8 tid 105933
209 tid 105933
Remove  tid 105933
FindTargetPageId rootid 3 tid 105933
target_page_id id: 8 tid 105933
0 1 tid 105933
128 7 tid 105933
342 2 tid 105933
529 8 tid 105933
208 tid 105933
Remove  tid 105933
FindTargetPageId rootid 3 tid 105933
target_page_id id: 8 tid 105933
0 1 tid 105933
128 7 tid 105933
342 2 tid 105933
529 8 tid 105933
207 tid 105933
Remove  tid 105933
FindTargetPageId rootid 3 tid 105933
target_page_id id: 8 tid 105933
0 1 tid 105933
128 7 tid 105933
342 2 tid 105933
529 8 tid 105933
206 tid 105933
Remove  tid 105933
FindTargetPageId rootid 3 tid 105933
target_page_id id: 8 tid 105933
0 1 tid 105933
128 7 tid 105933
342 2 tid 105933
529 8 tid 105933
205 tid 105933
Remove  tid 105933
FindTargetPageId rootid 3 tid 105933
target_page_id id: 8 tid 105933
0 1 tid 105933
128 7 tid 105933
342 2 tid 105933
529 8 tid 105933
204 tid 105933
Remove  tid 105933
FindTargetPageId rootid 3 tid 105933
target_page_id id: 8 tid 105933
0 1 tid 105933
128 7 tid 105933
342 2 tid 105933
529 8 tid 105933
203 tid 105933
Remove  tid 105933
FindTargetPageId rootid 3 tid 105933
target_page_id id: 8 tid 105933
0 1 tid 105933
128 7 tid 105933
342 2 tid 105933
529 8 tid 105933
202 tid 105933
Remove  tid 105933
FindTargetPageId rootid 3 tid 105933
target_page_id id: 8 tid 105933
0 1 tid 105933
128 7 tid 105933
342 2 tid 105933
529 8 tid 105933
201 tid 105933
Remove  tid 105933
FindTargetPageId rootid 3 tid 105933
target_page_id id: 8 tid 105933
0 1 tid 105933
128 7 tid 105933
342 2 tid 105933
529 8 tid 105933
200 tid 105933
Remove  tid 105933
FindTargetPageId rootid 3 tid 105933
target_page_id id: 8 tid 105933
0 1 tid 105933
128 7 tid 105933
342 2 tid 105933
529 8 tid 105933
199 tid 105933
Remove  tid 105933
FindTargetPageId rootid 3 tid 105933
target_page_id id: 8 tid 105933
0 1 tid 105933
128 7 tid 105933
342 2 tid 105933
529 8 tid 105933
198 tid 105933
Remove  tid 105933
FindTargetPageId rootid 3 tid 105933
target_page_id id: 8 tid 105933
0 1 tid 105933
128 7 tid 105933
342 2 tid 105933
529 8 tid 105933
197 tid 105933
FindTargetPageId rootid 3 tid 105934
target_page_id id: 2 tid 105934
0 1 tid 105934
128 7 tid 105934
342 2 tid 105934
529 8 tid 105934
183 tid 105934
Insert  tid 105934
FindTargetPageId rootid 3 tid 105934
target_page_id id: 2 tid 105934
0 1 tid 105934
128 7 tid 105934
342 2 tid 105934
529 8 tid 105934
184 tid 105934
Insert  tid 105934
FindTargetPageId rootid 3 tid 105934
target_page_id id: 2 tid 105934
0 1 tid 105934
128 7 tid 105934
342 2 tid 105934
529 8 tid 105934
185 tid 105934
Insert  tid 105934
FindTargetPageId rootid 3 tid 105934
target_page_id id: 2 tid 105934
0 1 tid 105934
128 7 tid 105934
342 2 tid 105934
529 8 tid 105934
186 tid 105934
Insert  tid 105934
FindTargetPageId rootid 3 tid 105934
target_page_id id: 8 tid 105934
0 1 tid 105934
128 7 tid 105934
342 2 tid 105934
529 8 tid 105934
196 tid 105934
Insert  tid 105934
FindTargetPageId rootid 3 tid 105934
target_page_id id: 8 tid 105934
0 1 tid 105934
128 7 tid 105934
342 2 tid 105934
529 8 tid 105934
197 tid 105934
Insert  tid 105934
FindTargetPageId rootid 3 tid 105934
target_page_id id: 8 tid 105934
0 1 tid 105934
Remove 128 7 tid  tid 105934
342 2 tid 105934
529 8 tid 105934
198 tid 105934
Insert  tid 105934
105933
FindTargetPageId rootid 3 tid 105932
target_page_id id: 8 tid 105932
0 1 tid 105932
128 7 tid 105932
342 2 tid 105932
529 8 tid 105932
199 tid 105932
Insert  tid 105932
FindTargetPageId rootid 3 tid 105934
target_page_id id: 8 tid 105934
0 1 tid 105934
128 7 tid 105934
342 2 tid 105934
529 8 tid 105934
200 tid 105934
Insert  tid 105934
FindTargetPageId rootid 3 tid 105934
target_page_id id: 8 tid 105934
0 1 tid 105934
128 7 tid 105934
342 2 tid 105934
529 8 tid 105934
201 tid 105934
Insert  tid 105934
FindTargetPageId rootid 3 tid 105934
target_page_id id: 8 tid 105934
0 1 tid 105934
128 7 tid 105934
342 2 tid 105934
529 8 tid 105934
202 tid 105934
Insert  tid 105934
FindTargetPageId rootid 3 tid 105934
target_page_id id: 8 tid 105934
0 1 tid 105934
128 7 tid 105934
342 2 tid 105934
529 8 tid 105934
203 tid 105934
Insert  tid 105934
FindTargetPageId rootid 3 tid 105934
target_page_id id: 8 tid 105934
0 1 tid 105934
128 7 tid 105934
342 2 tid 105934
529 8 tid 105934
204 tid 105934
Insert  tid 105934
FindTargetPageId rootid 3 tid 105934
target_page_id id: 8 tid 105934
0 1 tid 105934
128 7 tid 105934
342 2 tid 105934
529 8 tid 105934
205 tid 105934
Insert  tid 105934
FindTargetPageId rootid 3 tid 105933
target_page_id id: 8 tid 105933
0 1 tid 105933
128 7 tid 105933
342 2 tid 105933
529 8 tid 105933
206 tid 105933
Remove  tid 105933
FindTargetPageId rootid 3 tid 105933
target_page_id id: 8 tid 105933
0 1 tid 105933
128 7 tid 105933
342 2 tid 105933
529 8 tid 105933
205 tid 105933
Remove  tid 105933
FindTargetPageId rootid 3 tid 105933
target_page_id id: 8 tid 105933
0 1 tid 105933
128 7 tid 105933
342 2 tid 105933
529 8 tid 105933
204 tid 105933
Remove  tid 105933
FindTargetPageId rootid 3 tid 105932
target_page_id id: 8 tid 105932
0 1 tid 105932
128 7 tid 105932
342 2 tid 105932
529 8 tid 105932
203 tid 105932
Insert  tid 105932
FindTargetPageId rootid 3 tid 105934
target_page_id id: 8 tid 105934
0 1 tid 105934
128 7 tid 105934
342 2 tid 105934
529 8 tid 105934
204 tid 105934
Insert  tid 105934
FindTargetPageId rootid 3 tid 105933
target_page_id id: 8 tid 105933
0 1 tid 105933
128 7 tid 105933
342 2 tid 105933
529 8 tid 105933
205 tid 105933
Remove  tid 105933
FindTargetPageId rootid 3 tid 105933
target_page_id id: 8 tid 105933
0 1 tid 105933
128 7 tid 105933
342 2 tid 105933
529 8 tid 105933
204 tid 105933
Remove  tid 105933
FindTargetPageId rootid 3 tid 105933
target_page_id id: 8 tid 105933
0 1 tid 105933
128 7 tid 105933
342 2 tid 105933
529 8 tid 105933
203 tid 105933
Remove  tid 105933
FindTargetPageId rootid 3 tid 105934
target_page_id id: 8 tid 105934
0 1 tid 105934
128 7 tid 105934
342 2 tid 105934
529 8 tid 105934
202 tid 105934
Insert  tid 105934
FindTargetPageId rootid 3 tid 105934
target_page_id id: 8 tid 105934
0 1 tid 105934
128 7 tid 105934
342 2 tid 105934
529 8 tid 105934
203 tid 105934
Insert  tid 105934
FindTargetPageId rootid 3 tid 105934
target_page_id id: 8 tid 105934
0 1 tid 105934
128 7 tid 105934
342 2 tid 105934
529 8 tid 105934
204 tid 105934
Insert  tid 105934
FindTargetPageId rootid 3 tid 105934
target_page_id id: 8 tid 105934
0 1 tid 105934
128 7 tid 105934
342 2 tid 105934
529 8 tid 105934
205 tid 105934
Insert  tid 105934
FindTargetPageId rootid 3 tid 105934
target_page_id id: 8 tid 105934
0 1 tid 105934
128 7 tid 105934
342 2 tid 105934
529 8 tid 105934
206 tid 105934
Insert  tid 105934
FindTargetPageId rootid 3 tid 105932
target_page_id id: 8 tid 105932
0 1 tid 105932
128 7 tid 105932
342 2 tid 105932
529 8 tid 105932
207 tid 105932
Insert  tid 105932
FindTargetPageId rootid 3 tid 105932
target_page_id id: 8 tid 105932
0 1 tid 105932
128 7 tid 105932
342 2 tid 105932
529 8 tid 105932
208 tid 105932
Insert  tid 105932
FindTargetPageId rootid 3 tid 105932
target_page_id id: 8 tid 105932
0 1 tid 105932
128 7 tid 105932
342 2 tid 105932
529 8 tid 105932
209 tid 105932
Insert  tid 105932
FindTargetPageId rootid 3 tid 105932
target_page_id id: 8 tid 105932
0 1 tid 105932
128 7 tid 105932
342 2 tid 105932
529 8 tid 105932
210 tid 105932
Insert  tid 105932
FindTargetPageId rootid 3 tid 105932
target_page_id id: 8 tid 105932
0 1 tid 105932
128 7 tid 105932
342 2 tid 105932
529 8 tid 105932
211 tid 105932
Insert  tid 105932
FindTargetPageId rootid 3 tid 105932
target_page_id id: 8 tid 105932
0 1 tid 105932
128 7 tid 105932
342 2 tid 105932
529 8 tid 105932
212 tid 105932
Insert  tid 105932
FindTargetPageId rootid 3 tid 105932
target_page_id id: 8 tid 105932
0 1 tid 105932
128 7 tid 105932
342 2 tid 105932
529 8 tid 105932
213 tid 105932
Insert  tid 105932
FindTargetPageId rootid 3 tid 105932
target_page_id id: 8 tid 105932
0 1 tid 105932
128 7 tid 105932
342 2 tid 105932
529 8 tid 105932
214 tid 105932
Insert  tid 105932
FindTargetPageId rootid 3 tid 105932
target_page_id id: 8 tid 105932
0 1 tid 105932
128 7 tid 105932
342 2 tid 105932
529 8 tid 105932
215 tid 105932
Insert  tid 105932
FindTargetPageId rootid 3 tid 105933
target_page_id id: 8 tid 105933
0 1 tid 105933
128 7 tid 105933
342 2 tid 105933
529 8 tid 105933
216 tid 105933
Remove  tid 105933
FindTargetPageId rootid 3 tid 105934
target_page_id id: 8 tid 105934
0 1 tid 105934
128 7 tid 105934
342 2 tid 105934
529 8 tid 105934
215 tid 105934
Insert  tid 105934
FindTargetPageId rootid 3 tid 105932
target_page_id id: 8 tid 105932
0 1 tid 105932
128 7 tid 105932
342 2 tid 105932
529 8 tid 105932
216 tid 105932
FindTargetPageId rootid 3 tid 105933
target_page_id id: 8 tid 105933
0 1 tid 105933
128 7 tid 105933
342 2 tid 105933
529 8 tid 105933
Insert 217 tid 105933
 tid 105932
Remove  tid 105933
FindTargetPageId rootid 3 tid 105932
target_page_id id: 8 tid 105932
0 1 tid 105932
128 7 tid 105932
342 2 tid 105932
529 8 tid 105932
216 tid 105932
FindTargetPageId rootid 3 tid 105933
target_page_id id: 8 tid 105933
0 1 tid 105933
128 7 tid 105933
342 2 tid 105933
529 8 tid 105933
217 tid 105933
Remove  tid 105933
FindTargetPageId rootid 3 tid 105934
target_page_id id: 8 tid 105934
0 1 tid 105934
128 7 tid 105934
342 2 tid 105934
529 8 tid 105934
216 tid 105934
Insert  tid 105934
Insert  tid 105932
FindTargetPageId rootid 3 tid 105933
target_page_id id: 8 tid 105933
0 1 tid 105933
128 7 tid 105933
342 2 tid 105933
529 8 tid 105933
217 tid 105933
Remove  tid 105933
FindTargetPageId rootid 3 tid 105933
target_page_id id: 8 tid 105933
0 1 tid 105933
128 7 tid 105933
342 2 tid 105933
529 8 tid 105933
216 tid 105933
Remove  tid 105933
FindTargetPageId rootid 3 tid 105933
target_page_id id: 8 tid 105933
0 1 tid 105933
128 7 tid 105933
342 2 tid 105933
529 8 tid 105933
215 tid 105933
Remove  tid 105933
FindTargetPageId rootid 3 tid 105933
target_page_id id: 8 tid 105933
0 1 tid 105933
128 7 tid 105933
342 2 tid 105933
529 8 tid 105933
214 tid 105933
Remove  tid 105933
FindTargetPageId rootid 3 tid 105933
target_page_id id: 8 tid 105933
0 1 tid 105933
128 7 tid 105933
342 2 tid 105933
529 8 tid 105933
213 tid 105933
Remove  tid 105933
FindTargetPageId rootid 3 tid 105933
target_page_id id: 8 tid 105933
0 1 tid 105933
128 7 tid 105933
342 2 tid 105933
529 8 tid 105933
212 tid 105933
Remove  tid 105933
FindTargetPageId rootid 3 tid 105933
target_page_id id: 8 tid 105933
0 1 tid 105933
128 7 tid 105933
342 2 tid 105933
529 8 tid 105933
211 tid 105933
FindTargetPageId rootid 3 tid 105932
target_page_id id: 8 tid 105932
0 1 tid 105932
128 7 tid 105932
342 2 tid 105932
529 8 tid 105932
210 tid 105932
Insert  tid 105932
FindTargetPageId rootid 3 tid 105934
target_page_id id: 8 tid 105934
Remove 0 1 tid 105934
128 7 tid 105934
342 2 tid 105934
529 8 tid 105934
 tid 105933
211 tid 105934
Insert  tid 105934
FindTargetPageId rootid 3 tid 105932
target_page_id id: 8 tid 105932
0 1 tid 105932
128 7 tid 105932
342 2 tid 105932
529 8 tid 105932
212 tid 105932
Insert  tid 105932
FindTargetPageId rootid 3 tid 105933
target_page_id id: 8 tid 105933
0 1 tid 105933
128 7 tid 105933
342 2 tid 105933
529 8 tid 105933
213 tid 105933
Remove  tid 105933
FindTargetPageId rootid 3 tid 105934
target_page_id id: 8 tid 105934
0 1 tid 105934
128 7 tid 105934
342 2 tid 105934
529 8 tid 105934
212 tid 105934
Insert  tid 105934
FindTargetPageId rootid 3 tid 105934
target_page_id id: 8 tid 105934
0 1 tid 105934
128 7 tid 105934
342 2 tid 105934
529 8 tid 105934
213 tid 105934
Insert  tid 105934
FindTargetPageId rootid 3 tid 105933
target_page_id id: 8 tid 105933
0 1 tid 105933
128 7 tid 105933
342 2 tid 105933
529 8 tid 105933
214 tid 105933
Remove  tid 105933
FindTargetPageId rootid 3 tid 105932
target_page_id id: 8 tid 105932
0 1 tid 105932
128 7 tid 105932
342 2 tid 105932
529 8 tid 105932
213 tid 105932
FindTargetPageId rootid 3 tid 105934
target_page_id id: 8 tid 105934
0 1 tid 105934
128 7 tid 105934
342 2 tid 105934
529 8 tid 105934
214 tid Insert  tid 105932
105934
Insert  tid 105934
FindTargetPageId rootid 3 tid 105934
target_page_id id: 8 tid 105934
0 1 tid 105934
128 7 tid 105934
342 2 tid 105934
529 8 tid 105934
215 tid 105934
Insert  tid 105934
FindTargetPageId rootid 3 tid 105934
target_page_id id: 8 tid 105934
0 1 tid 105934
128 7 tid 105934
342 2 tid 105934
529 8 tid 105934
216 tid 105934
Insert  tid 105934
FindTargetPageId rootid 3 tid 105932
target_page_id id: 8 tid 105932
0 1 tid 105932
128 7 tid 105932
342 2 tid 105932
529 8 tid 105932
217 tid 105932
Insert  tid 105932
FindTargetPageId rootid 3 tid 105933
target_page_id id: 8 tid 105933
0 1 tid 105933
128 7 tid 105933
342 2 tid 105933
529 8 tid 105933
218 tid 105933
Remove  tid 105933
FindTargetPageId rootid 3 tid 105933
target_page_id id: 8 tid 105933
0 1 tid 105933
128 7 tid 105933
342 2 tid 105933
529 8 tid 105933
217 tid 105933
Remove  tid 105933
FindTargetPageId rootid 3 tid 105933
target_page_id id: 8 tid 105933
0 1 tid 105933
128 7 tid 105933
342 2 tid 105933
529 8 tid 105933
216 tid 105933
Remove  tid 105933
FindTargetPageId rootid 3 tid 105933
target_page_id id: 8 tid 105933
0 1 tid 105933
128 7 tid 105933
342 2 tid 105933
529 8 tid 105933
215 tid 105933
Remove  tid 105933
FindTargetPageId rootid 3 tid 105933
target_page_id id: 8 tid 105933
0 1 tid 105933
128 7 tid 105933
342 2 tid 105933
529 8 tid 105933
214 tid 105933
Remove  tid 105933
FindTargetPageId rootid 3 tid 105933
target_page_id id: 8 tid 105933
0 1 tid 105933
128 7 tid 105933
342 2 tid 105933
529 8 tid 105933
213 tid 105933
Remove  tid 105933
FindTargetPageId rootid 3 tid 105933
target_page_id id: 8 tid 105933
0 1 tid 105933
128 7 tid 105933
342 2 tid 105933
529 8 tid 105933
212 tid 105933
Remove  tid 105933
FindTargetPageId rootid 3 tid 105933
target_page_id id: 8 tid 105933
0 1 tid 105933
128 7 tid 105933
342 2 tid 105933
529 8 tid 105933
211 tid 105933
Remove  tid 105933
FindTargetPageId rootid 3 tid 105933
target_page_id id: 8 tid 105933
0 1 tid 105933
128 7 tid 105933
342 2 tid 105933
529 8 tid 105933
210 tid 105933
Remove  tid 105933
FindTargetPageId rootid 3 tid 105933
target_page_id id: 8 tid 105933
0 1 tid 105933
128 7 tid 105933
342 2 tid 105933
529 8 tid 105933
209 tid 105933
Remove  tid 105933
FindTargetPageId rootid 3 tid 105933
target_page_id id: 8 tid 105933
0 1 tid 105933
128 7 tid 105933
342 2 tid 105933
529 8 tid 105933
208 tid 105933
Remove  tid 105933
FindTargetPageId rootid 3 tid 105933
target_page_id id: 8 tid 105933
0 1 tid 105933
128 7 tid 105933
342 2 tid 105933
529 8 tid 105933
207 tid 105933
Remove  tid 105933
FindTargetPageId rootid 3 tid 105933
target_page_id id: 8 tid 105933
0 1 tid 105933
128 7 tid 105933
342 2 tid 105933
529 8 tid 105933
206 tid 105933
Remove  tid 105933
FindTargetPageId rootid 3 tid 105934
target_page_id id: 8 tid 105934
0 1 tid 105934
128 7 tid 105934
342 2 tid 105934
529 8 tid 105934
205 tid 105934
Insert  tid 105934
FindTargetPageId rootid 3 tid 105932
target_page_id id: 8 tid 105932
0 1 tid 105932
128 7 tid 105932
342 2 tid 105932
529 8 tid 105932
206 tid 105932
Insert  tid 105932
FindTargetPageId rootid 3 tid 105933
target_page_id id: 8 tid 105933
0 1 tid 105933
128 7 tid 105933
342 2 tid 105933
529 8 tid 105933
207 tid 105933
Remove  tid 105933
FindTargetPageId rootid 3 tid 105933
target_page_id id: 8 tid 105933
0 1 tid 105933
128 7 tid 105933
342 2 tid 105933
529 8 tid 105933
206 tid 105933
Remove  tid 105933
FindTargetPageId rootid 3 tid 105933
target_page_id id: 8 tid 105933
0 1 tid 105933
128 7 tid 105933
342 2 tid 105933
529 8 tid 105933
205 tid 105933
Remove  tid 105933
FindTargetPageId rootid 3 tid 105933
target_page_id id: 8 tid 105933
0 1 tid 105933
128 7 tid 105933
342 2 tid 105933
529 8 tid 105933
204 tid 105933
Remove  tid 105933
FindTargetPageId rootid 3 tid 105933
target_page_id id: 8 tid 105933
0 1 tid 105933
128 7 tid 105933
342 2 tid 105933
529 8 tid 105933
203 tid 105933
Remove  tid 105933
FindTargetPageId rootid 3 tid 105933
target_page_id id: 8 tid 105933
0 1 tid 105933
128 7 tid 105933
342 2 tid 105933
529 8 tid 105933
202 tid 105933
Remove  tid 105933
FindTargetPageId rootid 3 tid 105933
target_page_id id: 8 tid 105933
0 1 tid 105933
128 7 tid 105933
342 2 tid 105933
529 8 tid 105933
201 tid 105933
Remove  tid 105933
FindTargetPageId rootid 3 tid 105933
target_page_id id: 8 tid 105933
0 1 tid 105933
128 7 tid 105933
342 2 tid 105933
529 8 tid 105933
200 tid 105933
Remove  tid 105933
FindTargetPageId rootid 3 tid 105932
target_page_id id: 8 tid 105932
0 1 tid 105932
128 7 tid 105932
342 2 tid 105932
529 8 tid 105932
199 tid 105932
Insert  tid 105932
FindTargetPageId rootid 3 tid 105932
target_page_id id: 8 tid 105932
0 1 tid 105932
128 7 tid 105932
342 2 tid 105932
529 8 tid 105932
200 tid 105932
Insert  tid 105932
FindTargetPageId rootid 3 tid 105932
target_page_id id: 8 tid 105932
0 1 tid 105932
128 7 tid 105932
342 2 tid 105932
529 8 tid 105932
201 tid 105932
Insert  tid 105932
FindTargetPageId rootid 3 tid 105932
target_page_id id: 8 tid 105932
0 1 tid 105932
128 7 tid 105932
342 2 tid 105932
529 8 tid 105932
202 tid 105932
Insert  tid 105932
FindTargetPageId rootid 3 tid 105932
target_page_id id: 8 tid 105932
0 1 tid 105932
128 7 tid 105932
342 2 tid 105932
529 8 tid 105932
203 tid 105932
Insert  tid 105932
FindTargetPageId rootid 3 tid 105932
target_page_id id: 8 tid 105932
0 1 tid 105932
128 7 tid 105932
342 2 tid 105932
529 8 tid 105932
204 tid 105932
Insert  tid 105932
FindTargetPageId rootid 3 tid 105932
target_page_id id: 8 tid 105932
0 1 tid 105932
128 7 tid 105932
342 2 tid 105932
529 8 tid 105932
205 tid 105932
Insert  tid 105932
FindTargetPageId rootid 3 tid 105932
target_page_id id: 8 tid 105932
0 1 tid 105932
128 7 tid 105932
342 2 tid 105932
529 8 tid 105932
206 tid 105932
Insert  tid 105932
FindTargetPageId rootid 3 tid 105932
target_page_id id: 8 tid 105932
0 1 tid 105932
128 7 tid 105932
342 2 tid 105932
529 8 tid 105932
207 tid 105932
Insert  tid 105932
FindTargetPageId rootid 3 tid 105932
target_page_id id: 8 tid 105932
0 1 tid 105932
128 7 tid 105932
342 2 tid 105932
529 8 tid 105932
208 tid 105932
Insert  tid 105932
FindTargetPageId rootid 3 tid 105932
target_page_id id: 8 tid 105932
0 1 tid 105932
128 7 tid 105932
342 2 tid 105932
529 8 tid 105932
209 tid 105932
FindTargetPageId rootid 3 tid 105933
target_page_id id: 8 tid 105933
0 1 tid 105933
128 7 tid 105933
342 2 tid 105933
529 8 tid 105933
210 tid 105933
Remove  tid 105933
Insert  tid 105932
FindTargetPageId rootid 3 tid 105934
target_page_id id: 8 tid 105934
0 1 tid 105934
128 7 tid 105934
342 2 tid 105934
529 8 tid 105934
209 tid 105934
Insert  tid 105934
FindTargetPageId rootid 3 tid 105933
target_page_id id: 8 tid 105933
0 1 tid 105933
128 7 tid 105933
342 2 tid 105933
529 8 tid 105933
210 tid 105933
Remove  tid 105933
FindTargetPageId rootid 3 tid 105933
target_page_id id: 8 tid 105933
0 1 tid 105933
128 7 tid 105933
342 2 tid 105933
529 8 tid 105933
209 tid 105933
FindTargetPageId rootid 3 tid 105934
target_page_id id: 8 tid 105934
0 1 tid 105934
128 7 tid 105934
342 2 tid 105934
529 8 tid 105934
208 tid 105934
Remove  tid 105933
Insert  tid 105934
FindTargetPageId rootid 3 tid 105932
target_page_id id: 8 tid 105932
0 1 tid 105932
128 7 tid 105932
342 2 tid 105932
529 8 tid 105932
209 tid 105932
Insert  tid 105932
FindTargetPageId rootid 3 tid 105933
target_page_id id: 8 tid 105933
0 1 tid 105933
128 7 tid 105933
342 2 tid 105933
529 8 tid 105933
210 tid 105933
FindTargetPageId rootid 3 tid 105934
target_page_id id: 8 tid 105934
0 1 tid 105934
128 7 tid 105934
342 2 tid 105934
529 8 tid 105934
209 tid 105934
Insert  tid 105934
FindTargetPageId rootid 3 tid 105934
target_page_id id: 8 tid 105934
0 1 tid 105934
128 7 tid 105934
342 2 tid 105934
529 8 tid 105934
210 tid 105934
Remove  tid 105933
Insert  tid 105934
FindTargetPageId rootid 3 tid 105933
target_page_id id: 8 tid 105933
0 1 tid 105933
128 7 tid 105933
342 2 tid 105933
529 8 tid 105933
211 tid 105933
FindTargetPageId rootid 3 tid 105934
target_page_id id: 8 tid 105934
0 1 tid 105934
128 7 tid 105934
342 2 tid 105934
529 8 tid 105934
210 tid 105934
Insert  tid 105934
FindTargetPageId rootid 3 tid 105934
target_page_id id: 8 tid 105934
0 1 tid 105934
128 7 tid 105934
342 2 tid 105934
529 8 tid 105934
211 tid 105934
Insert  tid 105934
Remove  tid 105933
FindTargetPageId rootid 3 tid 105934
target_page_id id: 8 tid 105934
0 1 tid 105934
128 7 tid 105934
342 2 tid 105934
529 8 tid 105934
212 tid 105934
Insert  tid 105934
FindTargetPageId rootid 3 tid 105934
target_page_id id: 8 tid 105934
0 1 tid 105934
128 7 tid 105934
342 2 tid 105934
529 8 tid 105934
213 tid 105934
Insert  tid 105934
FindTargetPageId rootid 3 tid 105934
target_page_id id: 8 tid 105934
0 1 tid 105934
128 7 tid 105934
342 2 tid 105934
529 8 tid 105934
214 tid 105934
Insert  tid 105934
FindTargetPageId rootid 3 tid 105934
target_page_id id: 8 tid 105934
0 1 tid 105934
128 7 tid 105934
342 2 tid 105934
529 8 tid 105934
215 tid 105934
Insert  tid 105934
FindTargetPageId rootid 3 tid 105934
target_page_id id: 8 tid 105934
0 1 tid 105934
128 7 tid 105934
342 2 tid 105934
529 8 tid 105934
216 tid 105934
Insert  tid 105934
FindTargetPageId rootid 3 tid 105934
target_page_id id: 8 tid 105934
0 1 tid 105934
128 7 tid 105934
342 2 tid 105934
529 8 tid 105934
217 tid 105934
Insert  tid 105934
FindTargetPageId rootid 3 tid 105934
target_page_id id: 8 tid 105934
0 1 tid 105934
128 7 tid 105934
342 2 tid 105934
529 8 tid 105934
218 tid 105934
Insert  tid 105934
FindTargetPageId rootid 3 tid 105934
target_page_id id: 8 tid 105934
0 1 tid 105934
128 7 tid 105934
342 2 tid 105934
529 8 tid 105934
219 tid 105934
Insert  tid 105934
FindTargetPageId rootid 3 tid 105934
target_page_id id: 8 tid 105934
0 1 tid 105934
128 7 tid 105934
342 2 tid 105934
529 8 tid 105934
220 tid 105934
Insert  tid 105934
FindTargetPageId rootid 3 tid 105934
target_page_id id: 8 tid 105934
0 1 tid 105934
128 7 tid 105934
342 2 tid 105934
529 8 tid 105934
221 tid 105934
Insert  tid 105934
FindTargetPageId rootid 3 tid 105934
target_page_id id: 8 tid 105934
0 1 tid 105934
128 7 tid 105934
342 2 tid 105934
529 8 tid 105934
222 tid 105934
Insert  tid 105934
FindTargetPageId rootid 3 tid 105934
target_page_id id: 8 tid 105934
0 1 tid 105934
128 7 tid 105934
342 2 tid 105934
529 8 tid 105934
223 tid 105934
Insert  tid 105934
FindTargetPageId rootid 3 tid 105934
target_page_id id: 8 tid 105934
0 1 tid 105934
128 7 tid 105934
342 2 tid 105934
529 8 tid 105934
224 tid 105934
Insert  tid 105934
FindTargetPageId rootid 3 tid 105934
target_page_id id: 8 tid 105934
0 1 tid 105934
128 7 tid 105934
342 2 tid 105934
529 8 tid 105934
225 tid 105934
Insert  tid 105934
FindTargetPageId rootid 3 tid 105934
target_page_id id: 8 tid 105934
0 1 tid 105934
128 7 tid 105934
342 2 tid 105934
529 8 tid 105934
226 tid 105934
Insert  tid 105934
FindTargetPageId rootid 3 tid 105934
target_page_id id: 8 tid 105934
0 1 tid 105934
128 7 tid 105934
342 2 tid 105934
529 8 tid 105934
227 tid 105934
Insert  tid 105934
FindTargetPageId rootid 3 tid 105934
target_page_id id: 8 tid 105934
0 1 tid 105934
128 7 tid 105934
342 2 tid 105934
529 8 tid 105934
228 tid 105934
Insert  tid 105934
FindTargetPageId rootid 3 tid 105934
target_page_id id: 8 tid 105934
0 1 tid 105934
128 7 tid 105934
342 2 tid 105934
529 8 tid 105934
229 tid 105934
Insert  tid 105934
FindTargetPageId rootid 3 tid 105934
target_page_id id: 8 tid 105934
0 1 tid 105934
128 7 tid 105934
342 2 tid 105934
529 8 tid 105934
230 tid 105934
Insert  tid 105934
FindTargetPageId rootid 3 tid 105934
target_page_id id: 8 tid 105934
0 1 tid 105934
128 7 tid 105934
342 2 tid 105934
529 8 tid 105934
231 tid 105934
Insert  tid 105934
FindTargetPageId rootid 3 tid 105934
target_page_id id: 8 tid 105934
0 1 tid 105934
128 7 tid 105934
342 2 tid 105934
529 8 tid 105934
232 tid 105934
Insert  tid 105934
FindTargetPageId rootid 3 tid 105934
target_page_id id: 8 tid 105934
0 1 tid 105934
128 7 tid 105934
342 2 tid 105934
529 8 tid 105934
233 tid 105934
Insert  tid 105934
FindTargetPageId rootid 3 tid 105934
target_page_id id: 8 tid 105934
0 1 tid 105934
128 7 tid 105934
342 2 tid 105934
529 8 tid 105934
234 tid 105934
Insert  tid 105934
FindTargetPageId rootid 3 tid 105934
target_page_id id: 8 tid 105934
0 1 tid 105934
128 7 tid 105934
342 2 tid 105934
529 8 tid 105934
235 tid 105934
Insert  tid 105934
FindTargetPageId rootid 3 tid 105934
target_page_id id: 8 tid 105934
0 1 tid 105934
128 7 tid 105934
342 2 tid 105934
529 8 tid 105934
236 tid 105934
Insert  tid 105934
FindTargetPageId rootid 3 tid 105933
target_page_id id: 8 tid 105933
0 1 tid 105933
128 7 tid 105933
342 2 tid 105933
529 8 tid 105933
237 tid 105933
Remove  tid 105933
FindTargetPageId rootid 3 tid 105933
target_page_id id: 8 tid 105933
0 1 tid 105933
128 7 tid 105933
342 2 tid 105933
529 8 tid 105933
236 tid 105933
Remove  tid 105933
FindTargetPageId rootid 3 tid 105933
target_page_id id: 8 tid 105933
0 1 tid 105933
128 7 tid 105933
342 2 tid 105933
529 8 tid 105933
235 tid 105933
Remove  tid 105933
FindTargetPageId rootid 3 tid 105933
target_page_id id: 8 tid 105933
0 1 tid 105933
128 7 tid 105933
342 2 tid 105933
529 8 tid 105933
234 tid 105933
Remove  tid 105933
FindTargetPageId rootid 3 tid 105933
target_page_id id: 8 tid 105933
0 1 tid 105933
128 7 tid 105933
342 2 tid 105933
529 8 tid 105933
233 tid 105933
Remove  tid 105933
FindTargetPageId rootid 3 tid 105933
target_page_id id: 8 tid 105933
0 1 tid 105933
128 7 tid 105933
342 2 tid 105933
529 8 tid 105933
232 tid 105933
Remove  tid 105933
FindTargetPageId rootid 3 tid 105933
target_page_id id: 8 tid 105933
0 1 tid 105933
128 7 tid 105933
342 2 tid 105933
529 8 tid 105933
231 tid 105933
Remove  tid 105933
FindTargetPageId rootid 3 tid 105933
target_page_id id: 8 tid 105933
0 1 tid 105933
128 7 tid 105933
342 2 tid 105933
529 8 tid 105933
230 tid 105933
Remove  tid 105933
FindTargetPageId rootid 3 tid 105933
target_page_id id: 8 tid 105933
0 1 tid 105933
128 7 tid 105933
342 2 tid 105933
529 8 tid 105933
229 tid 105933
Remove  tid 105933
FindTargetPageId rootid 3 tid 105933
target_page_id id: 8 tid 105933
0 1 tid 105933
128 7 tid 105933
342 2 tid 105933
529 8 tid 105933
228 tid 105933
Remove  tid 105933
FindTargetPageId rootid 3 tid 105933
target_page_id id: 8 tid 105933
0 1 tid 105933
128 7 tid 105933
342 2 tid 105933
529 8 tid 105933
227 tid 105933
Remove  tid 105933
FindTargetPageId rootid 3 tid 105933
target_page_id id: 8 tid 105933
0 1 tid 105933
128 7 tid 105933
342 2 tid 105933
529 8 tid 105933
226 tid 105933
Remove  tid 105933
FindTargetPageId rootid 3 tid 105933
target_page_id id: 8 tid 105933
0 1 tid 105933
128 7 tid 105933
342 2 tid 105933
529 8 tid 105933
225 tid 105933
FindTargetPageId rootid 3 tid 105932
target_page_id id: 8 tid 105932
0 1 tid 105932
128 7 tid 105932
342 2 tid 105932
529 8 tid 105932
Remove  tid 105933
224 tid 105932
FindTargetPageId rootid 3 tid 105934Insert 
 tid target_page_id id: 8 tid 105934
0 1 tid 105934
128 7 tid 105934
342 2 tid 105934
529 8 tid 105934
225 tid 105934
105932
Insert  tid 105934
FindTargetPageId rootid 3 tid 105932
target_page_id id: 8 tid 105932
0 1 tid 105932
128 7 tid 105932
342 2 tid 105932
529 8 tid 105932
226 tid 105932
FindTargetPageId rootid Insert 3 tid  tid 105932105933

target_page_id id: 8 tid 105933
0 1 tid 105933
128 7 tid 105933
342 2 tid 105933
529 8 tid 105933
227 tid 105933
Remove  tid 105933
FindTargetPageId rootid 3 tid 105933
target_page_id id: 8 tid 105933
0 1 tid 105933
128 7 tid 105933
342 2 tid 105933
529 8 tid 105933
226 tid 105933
FindTargetPageId rootid 3 tid 105932
target_page_id id: 8 tid 105932
0 1 tid 105932
128 7 tid 105932
342 2 tid 105932
529 8 tid 105932
225 tid 105932
Remove  tid Insert 105933 tid 
FindTargetPageId rootid 3 tid 105933
target_page_id id: 8 tid 105933
0 1 tid 105933
128 7 tid 105933
342 2 tid 105933
529 8 tid 105933
226 tid 105933
Remove  tid 105933
FindTargetPageId rootid 3 tid 105933
target_page_id id: 8 tid 105933
0 1 tid 105933
128 7 tid 105933
342 2 tid 105933
529 8 tid 105933
225 tid 105933
105932Remove  tid 105933
FindTargetPageId rootid 3 tid 105933
target_page_id id: 8 tid 105933
0 1 tid 105933
128 7 tid 105933
342 2 tid 105933

529 8 tid 105933
224 tid 105933
Remove  tid 105933
FindTargetPageId rootid 3 tid 105934
target_page_id id: 8 tid 105934
0 1 tid 105934
128 7 tid 105934
342 2 tid 105934
529 8 tid 105934
223 tid 105934
Insert  tid 105934
FindTargetPageId rootid 3 tid 105932
target_page_id id: 8 tid 105932
0 1 tid 105932
128 7 tid 105932
342 2 tid 105932
529 8 tid 105932
224 tid 105932
Insert  tid 105932
FindTargetPageId rootid 3 tid 105932
target_page_id id: 8 tid 105932
0 1 tid 105932
128 7 tid 105932
342 2 tid 105932
529 8 tid 105932
225 tid 105932
Insert  tid 105932
FindTargetPageId rootid 3 tid 105933
target_page_id id: 8 tid 105933
0 1 tid 105933
128 7 tid 105933
342 2 tid 105933
529 8 tid 105933
226 tid 105933
Remove  tid 105933
FindTargetPageId rootid 3 tid 105933
target_page_id id: 8 tid 105933
0 1 tid 105933
128 7 tid 105933
342 2 tid 105933
529 8 tid 105933
225 tid 105933
Remove  tid 105933
FindTargetPageId rootid 3 tid 105933
target_page_id id: 8 tid 105933
0 1 tid 105933
128 7 tid 105933
342 2 tid 105933
529 8 tid 105933
224 tid 105933
Remove  tid 105933
FindTargetPageId rootid 3 tid 105933
target_page_id id: 8 tid 105933
0 1 tid 105933
128 7 tid 105933
342 2 tid 105933
529 8 tid 105933
223 tid 105933
Remove  tid 105933
FindTargetPageId rootid 3 tid 105933
target_page_id id: 8 tid 105933
0 1 tid 105933
128 7 tid 105933
342 2 tid 105933
529 8 tid 105933
222 tid 105933
Remove  tid 105933
FindTargetPageId rootid 3 tid 105933
target_page_id id: 8 tid 105933
0 1 tid 105933
128 7 tid 105933
342 2 tid 105933
529 8 tid 105933
221 tid 105933
Remove  tid 105933
FindTargetPageId rootid 3 tid 105933
target_page_id id: 8 tid 105933
0 1 tid 105933
128 7 tid 105933
342 2 tid 105933
529 8 tid 105933
220 tid 105933
Remove  tid 105933
FindTargetPageId rootid 3 tid 105933
target_page_id id: 8 tid 105933
0 1 tid 105933
128 7 tid 105933
342 2 tid 105933
529 8 tid 105933
219 tid 105933
Remove  tid 105933
FindTargetPageId rootid 3 tid 105933
target_page_id id: 8 tid 105933
0 1 tid 105933
128 7 tid 105933
342 2 tid 105933
529 8 tid 105933
218 tid 105933
Remove  tid 105933
FindTargetPageId rootid 3 tid 105933
target_page_id id: 8 tid 105933
0 1 tid 105933
128 7 tid 105933
342 2 tid 105933
529 8 tid 105933
217 tid 105933
Remove  tid 105933
FindTargetPageId rootid 3 tid 105932
target_page_id id: 8 tid 105932
0 1 tid 105932
128 7 tid 105932
342 2 tid 105932
529 8 tid 105932
216 tid 105932
Insert  tid 105932
FindTargetPageId rootid 3 tid 105932
target_page_id id: 8 tid 105932
0 1 tid 105932
128 7 tid 105932
342 2 tid 105932
529 8 tid 105932
217 tid 105932
Insert  tid 105932
FindTargetPageId rootid 3 tid 105933
target_page_id id: 8 tid 105933
0 1 tid 105933
128 7 tid 105933
342 2 tid 105933
529 8 tid 105933
218 tid 105933
Remove  tid 105933
FindTargetPageId rootid 3 tid 105934
target_page_id id: 8 tid 105934
0 1 tid 105934
128 7 tid 105934
342 2 tid 105934
529 8 tid 105934
217 tid 105934
Insert  tid 105934
FindTargetPageId rootid 3 tid 105932
target_page_id id: 8 tid 105932
0 1 tid 105932
128 7 tid 105932
342 2 tid 105932
529 8 tid 105932
218 tid 105932
Insert  tid 105932
FindTargetPageId rootid 3 tid 105933
target_page_id id: 8 tid 105933
0 1 tid 105933
128 7 tid 105933
342 2 tid 105933
529 8 tid 105933
219 tid 105933
Remove  tid 105933
FindTargetPageId rootid 3 tid 105933
target_page_id id: 8 tid 105933
0 1 tid 105933
128 7 tid 105933
342 2 tid 105933
529 8 tid 105933
218 tid 105933
Remove  tid 105933
FindTargetPageId rootid 3 tid 105933
target_page_id id: 8 tid 105933
0 1 tid 105933
128 7 tid 105933
342 2 tid 105933
529 8 tid 105933
217 tid 105933
Remove  tid 105933
FindTargetPageId rootid 3 tid 105933
target_page_id id: 8 tid 105933
0 1 tid 105933
128 7 tid 105933
342 2 tid 105933
529 8 tid 105933
216 tid 105933
Remove  tid 105933
FindTargetPageId rootid 3 tid 105933
target_page_id id: 8 tid 105933
0 1 tid 105933
128 7 tid 105933
342 2 tid 105933
529 8 tid 105933
215 tid 105933
Remove  tid 105933
FindTargetPageId rootid 3 tid 105933
target_page_id id: 8 tid 105933
0 1 tid 105933
128 7 tid 105933
342 2 tid 105933
529 8 tid 105933
214 tid 105933
Remove  tid 105933
FindTargetPageId rootid 3 tid 105933
target_page_id id: 8 tid 105933
0 1 tid 105933
128 7 tid 105933
342 2 tid 105933
529 8 tid 105933
213 tid 105933
Remove  tid 105933
FindTargetPageId rootid 3 tid 105933
target_page_id id: 8 tid 105933
0 1 tid 105933
128 7 tid 105933
342 2 tid 105933
529 8 tid 105933
212 tid 105933
Remove  tid 105933
FindTargetPageId rootid 3 tid 105933
target_page_id id: 8 tid 105933
0 1 tid 105933
128 7 tid 105933
342 2 tid 105933
529 8 tid 105933
211 tid 105933
Remove  tid 105933
FindTargetPageId rootid 3 tid 105933
target_page_id id: 8 tid 105933
0 1 tid 105933
128 7 tid 105933
342 2 tid 105933
529 8 tid 105933
210 tid 105933
Remove  tid 105933
FindTargetPageId rootid 3 tid 105933
target_page_id id: 8 tid 105933
0 1 tid 105933
128 7 tid 105933
342 2 tid 105933
529 8 tid 105933
209 tid 105933
Remove  tid 105933
FindTargetPageId rootid 3 tid 105933
target_page_id id: 8 tid 105933
0 1 tid 105933
128 7 tid 105933
342 2 tid 105933
529 8 tid 105933
208 tid 105933
Remove  tid 105933
FindTargetPageId rootid 3 tid 105933
target_page_id id: 8 tid 105933
0 1 tid 105933
128 7 tid 105933
342 2 tid 105933
529 8 tid 105933
207 tid 105933
Remove  tid 105933
FindTargetPageId rootid 3 tid 105933
target_page_id id: 8 tid 105933
0 1 tid 105933
128 7 tid 105933
342 2 tid 105933
529 8 tid 105933
206 tid 105933
Remove  tid 105933
FindTargetPageId rootid 3 tid 105933
target_page_id id: 8 tid 105933
0 1 tid 105933
128 7 tid 105933
342 2 tid 105933
529 8 tid 105933
205 tid 105933
Remove  tid 105933
FindTargetPageId rootid 3 tid 105933
target_page_id id: 8 tid 105933
0 1 tid 105933
128 7 tid 105933
342 2 tid 105933
529 8 tid 105933
204 tid 105933
Remove  tid 105933
FindTargetPageId rootid 3 tid 105933
target_page_id id: 8 tid 105933
0 1 tid 105933
128 7 tid 105933
342 2 tid 105933
529 8 tid 105933
203 tid 105933
Remove  tid 105933
FindTargetPageId rootid 3 tid 105933
target_page_id id: 8 tid 105933
0 1 tid 105933
128 7 tid 105933
342 2 tid 105933
529 8 tid 105933
202 tid 105933
Remove  tid 105933
FindTargetPageId rootid 3 tid 105933
target_page_id id: 8 tid 105933
0 1 tid 105933
128 7 tid 105933
342 2 tid 105933
529 8 tid 105933
201 tid 105933
Remove  tid 105933
FindTargetPageId rootid 3 tid 105933
target_page_id id: 8 tid 105933
0 1 tid 105933
128 7 tid 105933
342 2 tid 105933
529 8 tid 105933
200 tid 105933
Remove  tid 105933
FindTargetPageId rootid 3 tid 105933
target_page_id id: 8 tid 105933
0 1 tid 105933
128 7 tid 105933
342 2 tid 105933
529 8 tid 105933
199 tid 105933
Remove  tid 105933
FindTargetPageId rootid 3 tid 105932
target_page_id id: 8 tid 105932
0 1 tid 105932
128 7 tid 105932
342 2 tid 105932
529 8 tid 105932
198 tid 105932
Insert  tid 105932
FindTargetPageId rootid 3 tid 105932
target_page_id id: 8 tid 105932
0 1 tid 105932
128 7 tid 105932
342 2 tid 105932
529 8 tid 105932
199 tid 105932
Insert  tid 105932
FindTargetPageId rootid 3 tid 105933
target_page_id id: 8 tid 105933
0 1 tid 105933
128 7 tid 105933
342 2 tid 105933
529 8 tid 105933
200 tid 105933
Remove  tid 105933
FindTargetPageId rootid 3 tid 105934
target_page_id id: 8 tid 105934
0 1 tid 105934
128 7 tid 105934
342 2 tid 105934
529 8 tid 105934
199 tid 105934
Insert  tid 105934
FindTargetPageId rootid 3 tid 105932
target_page_id id: 8 tid 105932
0 1 tid 105932
128 7 tid 105932
342 2 tid 105932
529 8 tid 105932
200 tid 105932
Insert  tid 105932
FindTargetPageId rootid 3 tid 105933
target_page_id id: 8 tid 105933
0 1 tid 105933
128 7 tid 105933
342 2 tid 105933
529 8 tid 105933
201 tid 105933
Remove  tid 105933
FindTargetPageId rootid 3 tid 105933
target_page_id id: 8 tid 105933
0 1 tid 105933
128 7 tid 105933
342 2 tid 105933
529 8 tid 105933
200 tid 105933
Remove  tid 105933
FindTargetPageId rootid 3 tid 105933
target_page_id id: 8 tid 105933
0 1 tid 105933
128 7 tid 105933
342 2 tid 105933
529 8 tid 105933
199 tid 105933
Remove  tid 105933
FindTargetPageId rootid 3 tid 105933
target_page_id id: 8 tid 105933
0 1 tid 105933
128 7 tid 105933
342 2 tid 105933
529 8 tid 105933
198 tid 105933
Remove  tid 105933
FindTargetPageId rootid 3 tid 105933
target_page_id id: 8 tid 105933
0 1 tid 105933
128 7 tid 105933
342 2 tid 105933
529 8 tid 105933
197 tid 105933
Remove  tid 105933
FindTargetPageId rootid 3 tid 105932
target_page_id id: 8 tid 105932
0 1 tid 105932
128 7 tid 105932
342 2 tid 105932
529 8 tid 105932
196 tid 105932
Insert  tid 105932
FindTargetPageId rootid 3 tid 105933
target_page_id id: 8 tid 105933
0 1 tid 105933
128 7 tid 105933
342 2 tid 105933
529 8 tid 105933
197 tid 105933
Remove  tid 105933
FindTargetPageId rootid 3 tid 105933
target_page_id id: 8 tid 105933
0 1 tid 105933
128 7 tid 105933
342 2 tid 105933
529 8 tid 105933
196 tid 105933
Remove  tid 105933
FindTargetPageId rootid 3 tid 105933
target_page_id id: 8 tid 105933
0 1 tid 105933
128 7 tid 105933
342 2 tid 105933
529 8 tid 105933
195 tid 105933
Remove  tid 105933
FindTargetPageId rootid 3 tid 105934
target_page_id id: 8 tid 105934
0 1 tid 105934
128 7 tid 105934
342 2 tid 105934
529 8 tid 105934
194 tid 105934
Insert  tid 105934
FindTargetPageId rootid 3 tid 105932
target_page_id id: 8 tid 105932
0 1 tid 105932
128 7 tid 105932
342 2 tid 105932
529 8 tid 105932
195 tid 105932
Insert  tid 105932
FindTargetPageId rootid 3 tid 105932
target_page_id id: 8 tid 105932
0 1 tid 105932
128 7 tid 105932
342 2 tid 105932
529 8 tid 105932
196 tid 105932
Insert  tid 105932
FindTargetPageId rootid 3 tid 105932
target_page_id id: 8 tid 105932
0 1 tid 105932
128 7 tid 105932
342 2 tid 105932
529 8 tid 105932
197 tid 105932
Insert  tid 105932
FindTargetPageId rootid 3 tid 105933
target_page_id id: 8 tid 105933
0 1 tid 105933
128 7 tid 105933
342 2 tid 105933
529 8 tid 105933
198 tid 105933
Remove  tid 105933
FindTargetPageId rootid 3 tid 105933
target_page_id id: 8 tid 105933
0 1 tid 105933
128 7 tid 105933
342 2 tid 105933
529 8 tid 105933
197 tid 105933
Remove  tid 105933
FindTargetPageId rootid 3 tid 105933
target_page_id id: 8 tid 105933
0 1 tid 105933
128 7 tid 105933
342 2 tid 105933
529 8 tid 105933
196 tid 105933
Remove  tid 105933
FindTargetPageId rootid 3 tid 105933
target_page_id id: 8 tid 105933
0 1 tid 105933
128 7 tid 105933
342 2 tid 105933
529 8 tid 105933
195 tid 105933
Remove  tid 105933
FindTargetPageId rootid 3 tid 105933
target_page_id id: 8 tid 105933
0 1 tid 105933
128 7 tid 105933
342 2 tid 105933
529 8 tid 105933
194 tid 105933
Remove  tid 105933
FindTargetPageId rootid 3 tid 105933
target_page_id id: 8 tid 105933
0 1 tid 105933
128 7 tid 105933
342 2 tid 105933
529 8 tid 105933
193 tid 105933
Remove  tid 105933
FindTargetPageId rootid 3 tid 105933
target_page_id id: 8 tid 105933
0 1 tid 105933
128 7 tid 105933
342 2 tid 105933
529 8 tid 105933
192 tid 105933
Remove  tid 105933
FindTargetPageId rootid 3 tid 105933
target_page_id id: 8 tid 105933
0 1 tid 105933
128 7 tid 105933
342 2 tid 105933
529 8 tid 105933
191 tid 105933
Remove  tid 105933
FindTargetPageId rootid 3 tid 105933
target_page_id id: 8 tid 105933
0 1 tid 105933
128 7 tid 105933
342 2 tid 105933
529 8 tid 105933
190 tid 105933
Remove  tid 105933
FindTargetPageId rootid 3 tid 105933
target_page_id id: 8 tid 105933
0 1 tid 105933
128 7 tid 105933
342 2 tid 105933
529 8 tid 105933
189 tid 105933
Remove  tid 105933
FindTargetPageId rootid 3 tid 105933
target_page_id id: 8 tid 105933
0 1 tid 105933
128 7 tid 105933
342 2 tid 105933
529 8 tid 105933
188 tid 105933
Remove  tid 105933
FindTargetPageId rootid 3 tid 105933
target_page_id id: 8 tid 105933
0 1 tid 105933
128 7 tid 105933
342 2 tid 105933
529 8 tid 105933
187 tid 105933
Remove  tid 105933
FindTargetPageId rootid 3 tid 105933
target_page_id id: 8 tid 105933
0 1 tid 105933
128 7 tid 105933
342 2 tid 105933
529 8 tid 105933
186 tid 105933
Remove  tid 105933
FindTargetPageId rootid 3 tid 105933
target_page_id id: 8 tid 105933
0 1 tid 105933
128 7 tid 105933
342 2 tid 105933
529 8 tid 105933
185 tid 105933
Remove  tid 105933
FindTargetPageId rootid 3 tid 105932
target_page_id id: 8 tid 105932
0 1 tid 105932
128 7 tid 105932
342 2 tid 105932
529 8 tid 105932
184 tid 105932
Insert  tid 105932
FindTargetPageId rootid 3 tid 105932
target_page_id id: 8 tid 105932
0 1 tid 105932
128 7 tid 105932
342 2 tid 105932
529 8 tid 105932
185 tid 105932
Insert  tid 105932
FindTargetPageId rootid 3 tid 105933
target_page_id id: 8 tid 105933
0 1 tid 105933
128 7 tid 105933
342 2 tid 105933
529 8 tid 105933
186 tid 105933
Remove  tid 105933
FindTargetPageId rootid 3 tid 105933
target_page_id id: 8 tid 105933
0 1 tid 105933
128 7 tid 105933
342 2 tid 105933
529 8 tid 105933
185 tid 105933
Remove  tid 105933
FindTargetPageId rootid 3 tid 105933
target_page_id id: 8 tid 105933
0 1 tid 105933
128 7 tid 105933
342 2 tid 105933
529 8 tid 105933
184 tid 105933
Remove  tid 105933
FindTargetPageId rootid 3 tid 105934
target_page_id id: 8 tid 105934
0 1 tid 105934
128 7 tid 105934
342 2 tid 105934
529 8 tid 105934
183 tid 105934
Insert  tid 105934
FindTargetPageId rootid 3 tid 105932
target_page_id id: 8 tid 105932
0 1 tid 105932
128 7 tid 105932
342 2 tid 105932
529 8 tid 105932
184 tid 105932
Insert  tid 105932
FindTargetPageId rootid 3 tid 105932
target_page_id id: 8 tid 105932
0 1 tid 105932
128 7 tid 105932
342 2 tid 105932
529 8 tid 105932
185 tid 105932
Insert  tid 105932
FindTargetPageId rootid 3 tid 105933
target_page_id id: 8 tid 105933
0 1 tid 105933
128 7 tid 105933
342 2 tid 105933
529 8 tid 105933
186 tid 105933
Remove FindTargetPageId rootid  tid 3 tid 105934
target_page_id id: 8 tid 105934
0 1 tid 105934
128 7 tid 105934
342 2 tid 105934
529 8 tid 105934
185 tid 105934
105933
Insert  tid 105934
FindTargetPageId rootid 3 tid 105933
target_page_id id: 8 tid 105933
0 1 tid 105933
128 7 tid 105933
342 2 tid 105933
529 8 tid 105933
186 tid 105933
Remove  tid 105933
FindTargetPageId rootid 3 tid 105932
target_page_id id: 8 tid 105932
0 1 tid 105932
128 7 tid 105932
342 2 tid 105932
529 8 tid 105932
185 tid 105932
Insert  tid 105932
FindTargetPageId rootid 3 tid 105934
target_page_id id: 8 tid 105934
0 1 tid 105934
128 7 tid 105934
342 2 tid 105934
529 8 tid 105934
186 tid 105934
Insert  tid 105934
FindTargetPageId rootid 3 tid 105933
target_page_id id: 8 tid 105933
0 1 tid 105933
128 7 tid 105933
342 2 tid 105933
529 8 tid 105933
187 tid 105933
Remove  tid 105933
FindTargetPageId rootid 3 tid 105932
target_page_id id: 8 tid 105932
0 1 tid 105932
128 7 tid 105932
342 2 tid 105932
529 8 tid 105932
186 tid 105932
Insert  tid 105932
FindTargetPageId rootid 3 tid 105934
target_page_id id: 8 tid 105934
0 1 tid 105934
128 7 tid 105934
342 2 tid 105934
529 8 tid 105934
187 tid 105934
Insert  tid 105934
FindTargetPageId rootid 3 tid 105933
target_page_id id: 8 tid 105933
0 1 tid 105933
128 7 tid 105933
342 2 tid 105933
529 8 tid 105933
188 tid 105933
Remove  tid 105933
FindTargetPageId rootid 3 tid 105932
target_page_id id: 8 tid 105932
0 1 tid 105932
128 7 tid 105932
342 2 tid 105932
529 8 tid 105932
187 tid 105932
Insert  tid 105932
FindTargetPageId rootid 3 tid 105934
target_page_id id: 8 tid 105934
0 1 tid 105934
128 7 tid 105934
342 2 tid 105934
529 8 tid 105934
188 tid 105934
Insert  tid 105934
FindTargetPageId rootid 3 tid 105933
target_page_id id: 8 tid 105933
0 1 tid 105933
128 7 tid 105933
342 2 tid 105933
529 8 tid 105933
189 tid 105933
Remove  tid 105933
FindTargetPageId rootid 3 tid 105933
target_page_id id: 8 tid 105933
0 1 tid 105933
128 7 tid 105933
342 2 tid 105933
529 8 tid 105933
188 tid 105933
Remove  tid 105933
FindTargetPageId rootid 3 tid 105933
target_page_id id: 8 tid 105933
0 1 tid 105933
128 7 tid 105933
342 2 tid 105933
529 8 tid 105933
187 tid 105933
Remove  tid 105933
FindTargetPageId rootid 3 tid 105933
target_page_id id: 8 tid 105933
0 1 tid 105933
128 7 tid 105933
342 2 tid 105933
529 8 tid 105933
186 tid 105933
Remove  tid 105933
FindTargetPageId rootid 3 tid 105933
target_page_id id: 8 tid 105933
0 1 tid 105933
128 7 tid 105933
342 2 tid 105933
529 8 tid 105933
185 tid 105933
Remove  tid 105933
FindTargetPageId rootid 3 tid 105933
target_page_id id: 8 tid 105933
0 1 tid 105933
128 7 tid 105933
342 2 tid 105933
529 8 tid 105933
184 tid 105933
Remove  tid 105933
FindTargetPageId rootid 3 tid 105932
target_page_id id: 8 tid 105932
0 1 tid 105932
128 7 tid 105932
342 2 tid 105932
529 8 tid 105932
183 tid 105932
Insert  tid 105932
FindTargetPageId rootid 3 tid 105934
target_page_id id: 8 tid 105934
0 1 tid 105934
128 7 tid 105934
342 2 tid 105934
529 8 tid 105934
184 tid 105934
FindTargetPageId rootid 3 tid 105933
target_page_id id: 8 tid 105933
0 1 tid 105933
128 7 tid 105933
342 2 tid 105933
529 8 tid 105933
185 tid 105933
Remove  tid 105933
FindTargetPageId rootid 3 tid 105933
target_page_id id: 8 tid 105933
0 1 tid 105933
128 7 tid 105933
342 2 tid 105933
529 8 tid 105933
184 tid 105933
Remove  tid 105933
FindTargetPageId rootid 3 tid 105933
target_page_id id: 8 tid 105933
0 1 tid 105933
128 7 tid 105933
342 2 tid 105933
529 8 tid 105933
183 tid 105933
Insert  tid Remove  tid 105934105933

FindTargetPageId rootid 3 tid 105933
target_page_id id: 8 tid 105933
0 1 tid 105933
128 7 tid 105933
342 2 tid 105933
529 8 tid 105933
182 tid 105933
Remove  tid 105933
FindTargetPageId rootid 3 tid 105933
target_page_id id: 8 tid 105933
0 1 tid 105933
128 7 tid 105933
342 2 tid 105933
529 8 tid 105933
181 tid 105933
Remove  tid 105933
FindTargetPageId rootid 3 tid 105932
target_page_id id: 8 tid 105932
0 1 tid 105932
128 7 tid 105932
342 2 tid 105932
529 8 tid 105932
180 tid 105932
Insert  tid 105932
FindTargetPageId rootid 3 tid 105932
target_page_id id: 8 tid 105932
0 1 tid 105932
128 7 tid 105932
342 2 tid 105932
529 8 tid 105932
181 tid 105932
Insert  tid 105932
FindTargetPageId rootid 3 tid 105934
target_page_id id: 8 tid 105934
0 1 tid 105934
128 7 tid 105934
342 2 tid 105934
529 8 tid 105934
182 tid 105934
Insert  tid 105934
FindTargetPageId rootid 3 tid 105933
target_page_id id: 8 tid 105933
0 1 tid 105933
128 7 tid 105933
342 2 tid 105933
529 8 tid 105933
183 tid 105933
Remove  tid 105933
FindTargetPageId rootid 3 tid 105932
target_page_id id: 8 tid 105932
0 1 tid 105932
128 7 tid 105932
342 2 tid 105932
529 8 tid 105932
182 tid 105932
Insert  tid 105932
FindTargetPageId rootid 3 tid 105932
target_page_id id: 8 tid 105932
0 1 tid 105932
128 7 tid 105932
342 2 tid 105932
529 8 tid 105932
183 tid 105932
FindTargetPageId rootid 3 tid 105934
target_page_id id: 8 tid 105934
0 1 tid 105934
128 7 tid 105934
342 2 tid 105934
529 8 tid 105934
184 tid 105934
Insert  tid 105932Insert 
 tid 105934
FindTargetPageId rootid 3 tid 105933
target_page_id id: 8 tid 105933
0 1 tid 105933
128 7 tid 105933
342 2 tid 105933
529 8 tid 105933
185 tid 105933
Remove  tid 105933
FindTargetPageId rootid 3 tid 105932
target_page_id id: 8 tid 105932
0 1 tid 105932
128 7 tid 105932
342 2 tid 105932
529 8 tid 105932
184 tid 105932
Insert  tid 105932
FindTargetPageId rootid 3 tid 105932
target_page_id id: 8 tid 105932
0 1 tid 105932
128 7 tid 105932
342 2 tid 105932
529 8 tid 105932
185 tid 105932
Insert  tid 105932
FindTargetPageId rootid 3 tid 105932
target_page_id id: 8 tid 105932
0 1 tid 105932
128 7 tid 105932
342 2 tid 105932
529 8 tid 105932
186 tid 105932
Insert  tid 105932
FindTargetPageId rootid 3 tid 105934
target_page_id id: 8 tid 105934
0 1 tid 105934
128 7 tid 105934
342 2 tid 105934
529 8 tid 105934
187 tid 105934
Insert  tid 105934
FindTargetPageId rootid 3 tid 105933
target_page_id id: 8 tid 105933
0 1 tid 105933
128 7 tid 105933
342 2 tid 105933
529 8 tid 105933
188 tid 105933
Remove  tid 105933
FindTargetPageId rootid 3 tid 105933
target_page_id id: 8 tid 105933
0 1 tid 105933
128 7 tid 105933
342 2 tid 105933
529 8 tid 105933
187 tid 105933
Remove  tid 105933
FindTargetPageId rootid 3 tid 105933
target_page_id id: 8 tid 105933
0 1 tid 105933
128 7 tid 105933
342 2 tid 105933
529 8 tid 105933
186 tid 105933
Remove  tid 105933
FindTargetPageId rootid 3 tid 105934
target_page_id id: 8 tid 105934
0 1 tid 105934
128 7 tid 105934
342 2 tid 105934
529 8 tid 105934
185 tid 105934
Insert  tid 105934
FindTargetPageId rootid 3 tid 105932
target_page_id id: 8 tid 105932
0 1 tid 105932
128 7 tid 105932
342 2 tid 105932
529 8 tid 105932
186 tid 105932
FindTargetPageId rootid 3 tid 105933
target_page_id id: 8 tid 105933
0 1 tid 105933
128 7 tid 105933
342 2 tid 105933
529 8 tid 105933
187 tid 105933
Insert  tid 105932
Remove  tid 105933
FindTargetPageId rootid 3 tid 105932
target_page_id id: 8 tid 105932
0 1 tid 105932
128 7 tid 105932
342 2 tid 105932
529 8 tid 105932
186 tid 105932
Insert  tid 105932
FindTargetPageId rootid 3 tid 105933
target_page_id id: 8 tid 105933
0 1 tid 105933
128 7 tid 105933
342 2 tid 105933
529 8 tid 105933
187 tid 105933
Remove  tid 105933
FindTargetPageId rootid 3 tid 105932
target_page_id id: 8 tid 105932
0 1 tid 105932
128 7 tid 105932
342 2 tid 105932
529 8 tid 105932
186 tid 105932
Insert  tid 105932
FindTargetPageId rootid 3 tid 105932
target_page_id id: 8 tid 105932
0 1 tid 105932
128 7 tid 105932
342 2 tid 105932
529 8 tid 105932
187 tid 105932
Insert  tid 105932
FindTargetPageId rootid 3 tid 105932
target_page_id id: 8 tid 105932
0 1 tid 105932
128 7 tid 105932
342 2 tid 105932
529 8 tid 105932
188 tid 105932
Insert  tid 105932
FindTargetPageId rootid 3 tid 105933
target_page_id id: 8 tid 105933
0 1 tid 105933
128 7 tid 105933
342 2 tid 105933
529 8 tid 105933
189 tid 105933
Remove  tid 105933
FindTargetPageId rootid 3 tid 105933
target_page_id id: 8 tid 105933
0 1 tid 105933
128 7 tid 105933
342 2 tid 105933
529 8 tid 105933
188 tid 105933
Remove  tid 105933
FindTargetPageId rootid 3 tid 105933
target_page_id id: 8 tid 105933
0 1 tid 105933
128 7 tid 105933
342 2 tid 105933
529 8 tid 105933
187 tid 105933
Remove  tid 105933
FindTargetPageId rootid 3 tid 105933
target_page_id id: 8 tid 105933
0 1 tid 105933
128 7 tid 105933
342 2 tid 105933
529 8 tid 105933
186 tid 105933
Remove  tid 105933
FindTargetPageId rootid 3 tid 105933
target_page_id id: 8 tid 105933
0 1 tid 105933
128 7 tid 105933
342 2 tid 105933
529 8 tid 105933
185 tid 105933
Remove  tid 105933
FindTargetPageId rootid 3 tid 105933
target_page_id id: 8 tid 105933
0 1 tid 105933
128 7 tid 105933
342 2 tid 105933
529 8 tid 105933
184 tid 105933
Remove  tid 105933
FindTargetPageId rootid 3 tid 105933
target_page_id id: 8 tid 105933
0 1 tid 105933
128 7 tid 105933
342 2 tid 105933
529 8 tid 105933
183 tid 105933
Remove  tid 105933
FindTargetPageId rootid 3 tid 105933
target_page_id id: 8 tid 105933
0 1 tid 105933
128 7 tid 105933
342 2 tid 105933
529 8 tid 105933
182 tid 105933
Remove  tid 105933
FindTargetPageId rootid 3 tid 105932
target_page_id id: 8 tid 105932
0 1 tid 105932
128 7 tid 105932
342 2 tid 105932
529 8 tid 105932
181 tid 105932
Insert  tid 105932
FindTargetPageId rootid 3 tid 105934
target_page_id id: 8 tid 105934
0 1 tid 105934
128 7 tid 105934
342 2 tid 105934
529 8 tid 105934
182 tid 105934
Insert  tid 105934
FindTargetPageId rootid 3 tid 105934
target_page_id id: 8 tid 105934
0 1 tid 105934
128 7 tid 105934
342 2 tid 105934
529 8 tid 105934
183 tid 105934
Insert  tid 105934
FindTargetPageId rootid 3 tid 105934
target_page_id id: 8 tid 105934
0 1 tid 105934
128 7 tid 105934
342 2 tid 105934
529 8 tid 105934
184 tid 105934
Insert  tid 105934
FindTargetPageId rootid 3 tid 105934
target_page_id id: 8 tid 105934
0 1 tid 105934
128 7 tid 105934
342 2 tid 105934
529 8 tid 105934
185 tid 105934
Insert  tid 105934
FindTargetPageId rootid 3 tid 105933
target_page_id id: 8 tid 105933
0 1 tid 105933
128 7 tid 105933
342 2 tid 105933
529 8 tid 105933
186 tid 105933
Remove  tid 105933
FindTargetPageId rootid 3 tid 105933
target_page_id id: 8 tid 105933
0 1 tid 105933
128 7 tid 105933
342 2 tid 105933
529 8 tid 105933
185 tid 105933
Remove  tid 105933
FindTargetPageId rootid 3 tid 105933
target_page_id id: 8 tid 105933
0 1 tid 105933
128 7 tid 105933
342 2 tid 105933
529 8 tid 105933
184 tid 105933
Remove  tid 105933
FindTargetPageId rootid 3 tid 105933
target_page_id id: 8 tid 105933
0 1 tid 105933
128 7 tid 105933
342 2 tid 105933
529 8 tid 105933
183 tid 105933
Remove  tid 105933
FindTargetPageId rootid 3 tid 105933
target_page_id id: 8 tid 105933
0 1 tid 105933
128 7 tid 105933
342 2 tid 105933
529 8 tid 105933
182 tid 105933
Remove  tid 105933
FindTargetPageId rootid 3 tid 105933
target_page_id id: 8 tid 105933
0 1 tid 105933
128 7 tid 105933
342 2 tid 105933
529 8 tid 105933
181 tid 105933
Remove  tid 105933
FindTargetPageId rootid 3 tid 105933
target_page_id id: 8 tid 105933
0 1 tid 105933
128 7 tid 105933
342 2 tid 105933
529 8 tid 105933
180 tid 105933
Remove  tid 105933
FindTargetPageId rootid 3 tid 105932
target_page_id id: 8 tid 105932
0 1 tid 105932
128 7 tid 105932
342 2 tid 105932
529 8 tid 105932
179 tid 105932
Insert  tid 105932
FindTargetPageId rootid 3 tid 105934
target_page_id id: 8 tid 105934
0 1 tid 105934
128 7 tid 105934
342 2 tid 105934
529 8 tid 105934
180 tid 105934
Insert  tid 105934
FindTargetPageId rootid 3 tid 105933
target_page_id id: 8 tid 105933
0 1 tid 105933
128 7 tid 105933
342 2 tid 105933
529 8 tid 105933
181 tid 105933
Remove  tid 105933
FindTargetPageId rootid 3 tid 105932
target_page_id id: 8 tid 105932
0 1 tid 105932
128 7 tid 105932
342 2 tid 105932
529 8 tid 105932
180 tid 105932
Insert  tid 105932
FindTargetPageId rootid 3 tid 105932
target_page_id id: 8 tid 105932
0 1 tid 105932
128 7 tid 105932
342 2 tid 105932
529 8 tid 105932
181 tid 105932
Insert  tid 105932
FindTargetPageId rootid 3 tid 105932
target_page_id id: 8 tid 105932
0 1 tid 105932
128 7 tid 105932
342 2 tid 105932
529 8 tid 105932
182 tid 105932
Insert  tid 105932
FindTargetPageId rootid 3 tid 105932
target_page_id id: 8 tid 105932
0 1 tid 105932
128 7 tid 105932
342 2 tid 105932
529 8 tid 105932
183 tid 105932
Insert  tid 105932
FindTargetPageId rootid 3 tid 105932
target_page_id id: 8 tid 105932
0 1 tid 105932
128 7 tid 105932
342 2 tid 105932
529 8 tid 105932
184 tid 105932
Insert  tid 105932
FindTargetPageId rootid 3 tid 105932
target_page_id id: 8 tid 105932
0 1 tid 105932
128 7 tid 105932
342 2 tid 105932
529 8 tid 105932
185 tid 105932
Insert  tid 105932
FindTargetPageId rootid 3 tid 105933
target_page_id id: 8 tid 105933
0 1 tid 105933
128 7 tid 105933
342 2 tid 105933
529 8 tid 105933
186 tid 105933
FindTargetPageId rootid 3 tid 105934
target_page_id id: 8 tid 105934
0 1 tid 105934
128 7 tid 105934
Remove 342 2 tid  tid 105934
529 8 tid 105934
105933
185 tid 105934
Insert  tid 105934
FindTargetPageId rootid 3 tid 105932
target_page_id id: 8 tid 105932
0 1 tid 105932
128 7 tid 105932
342 2 tid 105932
529 8 tid 105932
186 tid 105932
Insert  tid 105932
FindTargetPageId rootid 3 tid 105932
target_page_id id: 8 tid 105932
0 1 tid 105932
128 7 tid 105932
342 2 tid 105932
529 8 tid 105932
187 tid 105932
Insert  tid 105932
FindTargetPageId rootid 3 tid 105932
target_page_id id: 8 tid 105932
0 1 tid 105932
128 7 tid 105932
342 2 tid 105932
529 8 tid 105932
188 tid 105932
Insert  tid 105932
FindTargetPageId rootid 3 tid 105932
target_page_id id: 8 tid 105932
0 1 tid 105932
128 7 tid 105932
342 2 tid 105932
529 8 tid 105932
189 tid 105932
Insert  tid 105932
FindTargetPageId rootid 3 tid 105932
target_page_id id: 8 tid 105932
0 1 tid 105932
128 7 tid 105932
342 2 tid 105932
529 8 tid 105932
190 tid 105932
Insert  tid 105932
FindTargetPageId rootid 3 tid 105932
target_page_id id: 8 tid 105932
0 1 tid 105932
128 7 tid 105932
342 2 tid 105932
529 8 tid 105932
191 tid 105932
Insert  tid 105932
FindTargetPageId rootid 3 tid 105932
target_page_id id: 8 tid 105932
0 1 tid 105932
128 7 tid 105932
342 2 tid 105932
529 8 tid 105932
192 tid 105932
Insert  tid 105932
FindTargetPageId rootid 3 tid 105932
target_page_id id: 8 tid 105932
0 1 tid 105932
128 7 tid 105932
342 2 tid 105932
529 8 tid 105932
193 tid 105932
Insert  tid 105932
FindTargetPageId rootid 3 tid 105932
target_page_id id: 8 tid 105932
0 1 tid 105932
128 7 tid 105932
342 2 tid 105932
529 8 tid 105932
194 tid 105932
Insert  tid 105932
FindTargetPageId rootid 3 tid 105932
target_page_id id: 8 tid 105932
0 1 tid 105932
128 7 tid 105932
342 2 tid 105932
529 8 tid 105932
195 tid 105932
Insert  tid 105932
FindTargetPageId rootid 3 tid 105933
target_page_id id: 8 tid 105933
0 1 tid 105933
128 7 tid 105933
342 2 tid 105933
529 8 tid 105933
196 tid 105933
Remove  tid FindTargetPageId rootid 105933
3 tid 105932
target_page_id id: 8 tid 105932
0 1 tid 105932
128 7 tid 105932
342 2 tid 105932
529 8 tid 105932
195 tid 105932
Insert  tid 105932
FindTargetPageId rootid 3 tid 105933
target_page_id id: 8 tid 105933
0 1 tid 105933
128 7 tid 105933
342 2 tid 105933
529 8 tid 105933
196 tid 105933
Remove  tid 105933
FindTargetPageId rootid 3 tid 105934
target_page_id id: 8 tid 105934
0 1 tid 105934
128 7 tid 105934
342 2 tid 105934
529 8 tid 105934
195 tid 105934
Insert  tid 105934
FindTargetPageId rootid 3 tid 105934
target_page_id id: 8 tid 105934
0 1 tid 105934
128 7 tid 105934
342 2 tid 105934
529 8 tid 105934
196 tid 105934
Insert  tid 105934
FindTargetPageId rootid 3 tid 105933
target_page_id id: 8 tid 105933
0 1 tid 105933
128 7 tid 105933
342 2 tid 105933
529 8 tid 105933
197 tid 105933
Remove  tid 105933
FindTargetPageId rootid 3 tid 105932
target_page_id id: 8 tid 105932
0 1 tid 105932
128 7 tid 105932
342 2 tid 105932
529 8 tid 105932
196 tid 105932
Insert  tid 105932
FindTargetPageId rootid 3 tid 105932
target_page_id id: 8 tid 105932
0 1 tid 105932
128 7 tid 105932
342 2 tid 105932
529 8 tid 105932
197 tid 105932
Insert  tid 105932
FindTargetPageId rootid 3 tid 105932
target_page_id id: 8 tid 105932
0 1 tid 105932
128 7 tid 105932
342 2 tid 105932
529 8 tid 105932
198 tid 105932
Insert  tid 105932
FindTargetPageId rootid 3 tid 105932
target_page_id id: 8 tid 105932
0 1 tid 105932
128 7 tid 105932
342 2 tid 105932
529 8 tid 105932
199 tid 105932
Insert  tid 105932
FindTargetPageId rootid 3 tid 105932
target_page_id id: 8 tid 105932
0 1 tid 105932
128 7 tid 105932
342 2 tid 105932
529 8 tid 105932
200 tid 105932
Insert  tid 105932
FindTargetPageId rootid 3 tid 105932
target_page_id id: 8 tid 105932
0 1 tid 105932
128 7 tid 105932
342 2 tid 105932
529 8 tid 105932
201 tid 105932
Insert  tid 105932
FindTargetPageId rootid 3 tid 105932
target_page_id id: 8 tid 105932
0 1 tid 105932
128 7 tid 105932
342 2 tid 105932
529 8 tid 105932
202 tid 105932
Insert  tid 105932
FindTargetPageId rootid 3 tid 105933
target_page_id id: 8 tid 105933
0 1 tid 105933
128 7 tid 105933
342 2 tid 105933
529 8 tid 105933
203 tid 105933
Remove  tid 105933
FindTargetPageId rootid 3 tid 105934
target_page_id id: 8 tid 105934
0 1 tid 105934
128 7 tid 105934
342 2 tid 105934
529 8 tid 105934
202 tid 105934
Insert  tid 105934
FindTargetPageId rootid 3 tid 105934
target_page_id id: 8 tid 105934
0 1 tid 105934
128 7 tid 105934
342 2 tid 105934
529 8 tid 105934
203 tid 105934
Insert  tid 105934
FindTargetPageId rootid 3 tid 105934
target_page_id id: 8 tid 105934
0 1 tid 105934
128 7 tid 105934
342 2 tid 105934
529 8 tid 105934
204 tid 105934
Insert  tid 105934
FindTargetPageId rootid 3 tid 105934
target_page_id id: 8 tid 105934
0 1 tid 105934
128 7 tid 105934
342 2 tid 105934
529 8 tid 105934
205 tid 105934
Insert  tid 105934
FindTargetPageId rootid 3 tid 105933
target_page_id id: 8 tid 105933
0 1 tid 105933
128 7 tid 105933
342 2 tid 105933
529 8 tid 105933
206 tid 105933
Remove  tid 105933
FindTargetPageId rootid 3 tid 105932
target_page_id id: 8 tid 105932
0 1 tid 105932
128 7 tid 105932
342 2 tid 105932
529 8 tid 105932
205 tid 105932
Insert  tid 105932
FindTargetPageId rootid 3 tid 105934
target_page_id id: 8 tid 105934
0 1 tid 105934
128 7 tid 105934
342 2 tid 105934
529 8 tid 105934
206 tid 105934
Insert  tid 105934
FindTargetPageId rootid 3 tid 105933
target_page_id id: 8 tid 105933
0 1 tid 105933
128 7 tid 105933
342 2 tid 105933
529 8 tid 105933
207 tid 105933
Remove  tid 105933
FindTargetPageId rootid 3 tid 105932
target_page_id id: 8 tid 105932
0 1 tid 105932
128 7 tid 105932
342 2 tid 105932
529 8 tid 105932
206 tid 105932
Insert  tid 105932
FindTargetPageId rootid 3 tid 105934
target_page_id id: 8 tid 105934
0 1 tid 105934
128 7 tid 105934
342 2 tid 105934
529 8 tid 105934
207 tid 105934
Insert  tid 105934
FindTargetPageId rootid 3 tid 105933
target_page_id id: 8 tid 105933
0 1 tid 105933
128 7 tid 105933
342 2 tid 105933
529 8 tid 105933
208 tid 105933
Remove  tid 105933
FindTargetPageId rootid 3 tid 105932
target_page_id id: 8 tid 105932
0 1 tid 105932
128 7 tid 105932
342 2 tid 105932
529 8 tid 105932
207 tid 105932
Insert  tid 105932
FindTargetPageId rootid 3 tid 105934
target_page_id id: 8 tid 105934
0 1 tid 105934
128 7 tid 105934
342 2 tid 105934
529 8 tid 105934
208 tid 105934
Insert  tid 105934
FindTargetPageId rootid 3 tid 105933
target_page_id id: 8 tid 105933
0 1 tid 105933
128 7 tid 105933
342 2 tid 105933
529 8 tid 105933
209 tid 105933
Remove  tid 105933
FindTargetPageId rootid 3 tid 105932
target_page_id id: 8 tid 105932
0 1 tid 105932
128 7 tid 105932
342 2 tid 105932
529 8 tid 105932
208 tid 105932
FindTargetPageId rootid 3 tid 105934
target_page_id id: 8 tid 105934
0 1 tid 105934
128 7 tid 105934
342 2 tid 105934
529 8 tid 105934
209 tid 105934
Insert  tid 105934
FindTargetPageId rootid 3 tid 105934
Insert target_page_id id: 8 tid 105934
0 1 tid 105934
128 7 tid 105934
342 2 tid 105934
529 8 tid 105934
210 tid 105934
 tid 105932
FindTargetPageId rootid 3 tid 105933
target_page_id id: 8 tid 105933
0 1 tid 105933
Insert 128  tid 7105934
 tid 105933
342 2 tid 105933
529 8 tid 105933
211 tid 105933
Remove  tid 105933
FindTargetPageId rootid 3 tid 105932
target_page_id id: 8 tid 105932
0 1 tid 105932
128 7 tid 105932
342 2 tid 105932
529 8 tid 105932
210 tid 105932
Insert  tid 105932
FindTargetPageId rootid 3 tid 105934
target_page_id id: 8 tid 105934
0 1 tid 105934
128 7 tid 105934
342 2 tid 105934
529 8 tid 105934
211 tid 105934
Insert  tid 105934
FindTargetPageId rootid 3 tid 105934
target_page_id id: 8 tid 105934
0 1 tid 105934
128 7 tid 105934
342 2 tid 105934
529 8 tid 105934
212 tid 105934
Insert  tid 105934
FindTargetPageId rootid 3 tid 105934
target_page_id id: 8 tid 105934
0 1 tid 105934
128 7 tid 105934
342 2 tid 105934
529 8 tid 105934
213 tid 105934
Insert  tid 105934
FindTargetPageId rootid 3 tid 105934
target_page_id id: 8 tid 105934
0 1 tid 105934
128 7 tid 105934
342 2 tid 105934
529 8 tid 105934
214 tid 105934
Insert  tid 105934
FindTargetPageId rootid 3 tid 105934
target_page_id id: 8 tid 105934
0 1 tid 105934
128 7 tid 105934
342 2 tid 105934
529 8 tid 105934
215 tid 105934
Insert  tid 105934
FindTargetPageId rootid 3 tid 105934
target_page_id id: 8 tid 105934
0 1 tid 105934
128 7 tid 105934
342 2 tid 105934
529 8 tid 105934
216 tid 105934
Insert  tid 105934
FindTargetPageId rootid 3 tid 105934
target_page_id id: 8 tid 105934
0 1 tid 105934
128 7 tid 105934
342 2 tid 105934
529 8 tid 105934
217 tid 105934
Insert  tid 105934
FindTargetPageId rootid 3 tid 105934
target_page_id id: 8 tid 105934
0 1 tid 105934
128 7 tid 105934
342 2 tid 105934
529 8 tid 105934
218 tid 105934
Insert  tid 105934
FindTargetPageId rootid 3 tid 105934
target_page_id id: 8 tid 105934
0 1 tid 105934
128 7 tid 105934
342 2 tid 105934
529 8 tid 105934
219 tid 105934
Insert  tid 105934
FindTargetPageId rootid 3 tid 105934
target_page_id id: 8 tid 105934
0 1 tid 105934
128 7 tid 105934
342 2 tid 105934
529 8 tid 105934
220 tid 105934
Insert  tid 105934
FindTargetPageId rootid 3 tid 105934
target_page_id id: 8 tid 105934
0 1 tid 105934
128 7 tid 105934
342 2 tid 105934
529 8 tid 105934
221 tid 105934
Insert  tid 105934
FindTargetPageId rootid 3 tid 105934
target_page_id id: 8 tid 105934
0 1 tid 105934
128 7 tid 105934
342 2 tid 105934
529 8 tid 105934
222 tid 105934
Insert  tid 105934
FindTargetPageId rootid 3 tid 105934
target_page_id id: 8 tid 105934
0 1 tid 105934
128 7 tid 105934
342 2 tid 105934
529 8 tid 105934
223 tid 105934
Insert  tid 105934
FindTargetPageId rootid 3 tid 105934
target_page_id id: 8 tid 105934
0 1 tid 105934
128 7 tid 105934
342 2 tid 105934
529 8 tid 105934
224 tid 105934
Insert  tid 105934
FindTargetPageId rootid 3 tid 105934
target_page_id id: 8 tid 105934
0 1 tid 105934
128 7 tid 105934
342 2 tid 105934
529 8 tid 105934
225 tid 105934
Insert  tid 105934
FindTargetPageId rootid 3 tid 105934
target_page_id id: 8 tid 105934
0 1 tid 105934
128 7 tid 105934
342 2 tid 105934
529 8 tid 105934
226 tid 105934
Insert  tid 105934
FindTargetPageId rootid 3 tid 105934
target_page_id id: 8 tid 105934
0 1 tid 105934
128 7 tid 105934
342 2 tid 105934
529 8 tid 105934
227 tid 105934
Insert  tid 105934
FindTargetPageId rootid 3 tid 105934
target_page_id id: 8 tid 105934
0 1 tid 105934
128 7 tid 105934
342 2 tid 105934
529 8 tid 105934
228 tid 105934
Insert  tid 105934
FindTargetPageId rootid 3 tid 105934
target_page_id id: 8 tid 105934
0 1 tid 105934
128 7 tid 105934
342 2 tid 105934
529 8 tid 105934
229 tid 105934
Insert  tid 105934
FindTargetPageId rootid 3 tid 105934
target_page_id id: 8 tid 105934
0 1 tid 105934
128 7 tid 105934
342 2 tid 105934
529 8 tid 105934
230 tid 105934
Insert  tid 105934
FindTargetPageId rootid 3 tid 105934
target_page_id id: 8 tid 105934
0 1 tid 105934
128 7 tid 105934
342 2 tid 105934
529 8 tid 105934
231 tid 105934
Insert  tid 105934
FindTargetPageId rootid 3 tid 105934
target_page_id id: 8 tid 105934
0 1 tid 105934
128 7 tid 105934
342 2 tid 105934
529 8 tid 105934
232 tid 105934
Insert  tid 105934
FindTargetPageId rootid 3 tid 105932
target_page_id id: 8 tid 105932
0 1 tid 105932
128 7 tid 105932
342 2 tid 105932
529 8 tid 105932
233 tid 105932
Insert  tid 105932
FindTargetPageId rootid 3 tid 105932
target_page_id id: 8 tid 105932
0 1 tid 105932
128 7 tid 105932
342 2 tid 105932
529 8 tid 105932
234 tid 105932
Insert  tid 105932
FindTargetPageId rootid 3 tid 105933
target_page_id id: 8 tid 105933
0 1 tid 105933
128 7 tid 105933
342 2 tid 105933
529 8 tid 105933
235 tid 105933
Remove  tid 105933
FindTargetPageId rootid 3 tid 105933
target_page_id id: 8 tid 105933
0 1 tid 105933
128 7 tid 105933
342 2 tid 105933
529 8 tid 105933
234 tid 105933
Remove  tid 105933
FindTargetPageId rootid 3 tid 105933
target_page_id id: 8 tid 105933
0 1 tid 105933
128 7 tid 105933
342 2 tid 105933
529 8 tid 105933
233 tid 105933
Remove  tid 105933
FindTargetPageId rootid 3 tid 105933
target_page_id id: 8 tid 105933
0 1 tid 105933
128 7 tid 105933
342 2 tid 105933
529 8 tid 105933
232 tid 105933
Remove  tid 105933
FindTargetPageId rootid 3 tid 105933
target_page_id id: 8 tid 105933
0 1 tid 105933
128 7 tid 105933
342 2 tid 105933
529 8 tid 105933
231 tid 105933
Remove  tid 105933
FindTargetPageId rootid 3 tid 105933
target_page_id id: 8 tid 105933
0 1 tid 105933
128 7 tid 105933
342 2 tid 105933
529 8 tid 105933
230 tid 105933
Remove  tid 105933
FindTargetPageId rootid 3 tid 105934
target_page_id id: 8 tid 105934
0 1 tid 105934
128 7 tid 105934
342 2 tid 105934
529 8 tid 105934
229 tid 105934
Insert  tid 105934
FindTargetPageId rootid 3 tid 105932
target_page_id id: 8 tid 105932
0 1 tid 105932
128 7 tid 105932
342 2 tid 105932
529 8 tid 105932
230 tid 105932
Insert  tid 105932
FindTargetPageId rootid 3 tid 105933
target_page_id id: 8 tid 105933
0 1 tid 105933
128 7 tid 105933
342 2 tid 105933
529 8 tid 105933
231 tid 105933
Remove  tid 105933
FindTargetPageId rootid 3 tid 105934
target_page_id id: 8 tid 105934
0 1 tid 105934
128 7 tid 105934
342 2 tid 105934
529 8 tid 105934
230 tid 105934
Insert  tid 105934
FindTargetPageId rootid 3 tid 105932
target_page_id id: 8 tid 105932
0 1 tid 105932
128 7 tid 105932
342 2 tid 105932
529 8 tid 105932
231 tid 105932
Insert  tid 105932
FindTargetPageId rootid 3 tid 105932
target_page_id id: 8 tid 105932
0 1 tid 105932
128 7 tid 105932
342 2 tid 105932
529 8 tid 105932
232 tid 105932
Insert  tid 105932
FindTargetPageId rootid 3 tid 105934
target_page_id id: 8 tid 105934
0 1 tid 105934
128 7 tid 105934
342 2 tid 105934
529 8 tid 105934
233 tid 105934
Insert  tid 105934
FindTargetPageId rootid 3 tid 105933
target_page_id id: 8 tid 105933
0 1 tid 105933
128 7 tid 105933
342 2 tid 105933
529 8 tid 105933
234 tid 105933
Remove  tid 105933
FindTargetPageId rootid 3 tid 105932
target_page_id id: 8 tid 105932
0 1 tid 105932
128 7 tid 105932
342 2 tid 105932
529 8 tid 105932
233 tid 105932
Insert  tid 105932
FindTargetPageId rootid 3 tid 105932
target_page_id id: 8 tid 105932
0 1 tid 105932
128 7 tid 105932
342 2 tid 105932
529 8 tid 105932
234 tid 105932
Insert  tid 105932
FindTargetPageId rootid 3 tid 105933
target_page_id id: 8 tid 105933
0 1 tid 105933
128 7 tid 105933
342 2 tid 105933
529 8 tid 105933
235 tid 105933
Remove  tid 105933
FindTargetPageId rootid 3 tid 105934
target_page_id id: 8 tid 105934
0 1 tid 105934
128 7 tid 105934
342 2 tid 105934
529 8 tid 105934
234 tid 105934
Insert  tid 105934
FindTargetPageId rootid 3 tid 105932
target_page_id id: 8 tid 105932
0 1 tid 105932
128 7 tid 105932
342 2 tid 105932
529 8 tid 105932
235 tid 105932
Insert  tid 105932
FindTargetPageId rootid 3 tid 105933
target_page_id id: 8 tid 105933
0 1 tid 105933
128 7 tid 105933
342 2 tid 105933
529 8 tid 105933
236 tid 105933
Remove  tid 105933
FindTargetPageId rootid 3 tid 105934
target_page_id id: 8 tid 105934
0 1 tid 105934
128 7 tid 105934
342 2 tid 105934
529 8 tid 105934
235 tid 105934
Insert  tid 105934
FindTargetPageId rootid 3 tid 105932
target_page_id id: 8 tid 105932
0 1 tid 105932
128 7 tid 105932
342 2 tid 105932
529 8 tid 105932
236 tid 105932
Insert  tid 105932
FindTargetPageId rootid 3 tid 105933
target_page_id id: 8 tid 105933
0 1 tid 105933
128 7 tid 105933
342 2 tid 105933
529 8 tid 105933
237 tid 105933
Remove  tid 105933
FindTargetPageId rootid 3 tid 105934
target_page_id id: 8 tid 105934
0 1 tid 105934
128 7 tid 105934
342 2 tid 105934
529 8 tid 105934
236 tid 105934
Insert  tid 105934
FindTargetPageId rootid 3 tid 105932
target_page_id id: 8 tid 105932
0 1 tid 105932
128 7 tid 105932
342 2 tid 105932
529 8 tid 105932
237 tid 105932
Insert  tid 105932
FindTargetPageId rootid 3 tid 105933
target_page_id id: 8 tid 105933
0 1 tid 105933
128 7 tid 105933
342 2 tid 105933
529 8 tid 105933
238 tid 105933
Remove  tid 105933
FindTargetPageId rootid 3 tid 105933
target_page_id id: 8 tid 105933
0 1 tid 105933
128 7 tid 105933
342 2 tid 105933
529 8 tid 105933
237 tid 105933
Remove  tid 105933
FindTargetPageId rootid 3 tid 105932
target_page_id id: 8 tid 105932
0 1 tid 105932
128 7 tid 105932
342 2 tid 105932
529 8 tid 105932
236 tid 105932
Insert  tid 105932
FindTargetPageId rootid 3 tid 105934
target_page_id id: 8 tid 105934
0 1 tid 105934
128 7 tid 105934
342 2 tid 105934
529 8 tid 105934
237 tid 105934
Insert  tid 105934
FindTargetPageId rootid 3 tid 105934
target_page_id id: 8 tid 105934
0 1 tid 105934
128 7 tid 105934
342 2 tid 105934
529 8 tid 105934
238 tid 105934
Insert  tid 105934
FindTargetPageId rootid 3 tid 105932
target_page_id id: 8 tid 105932
0 1 tid 105932
128 7 tid 105932
342 2 tid 105932
529 8 tid 105932
239 tid 105932
Insert  tid 105932
FindTargetPageId rootid 3 tid 105933
target_page_id id: 8 tid 105933
0 1 tid 105933
128 7 tid 105933
342 2 tid 105933
529 8 tid 105933
240 tid 105933
Remove  tid 105933
FindTargetPageId rootid 3 tid 105933
target_page_id id: 8 tid 105933
0 1 tid 105933
128 7 tid 105933
342 2 tid 105933
529 8 tid 105933
239 tid 105933
Remove  tid 105933
FindTargetPageId rootid 3 tid 105933
target_page_id id: 8 tid 105933
0 1 tid 105933
128 7 tid 105933
342 2 tid 105933
529 8 tid 105933
238 tid 105933
Remove  tid 105933
FindTargetPageId rootid 3 tid 105933
target_page_id id: 8 tid 105933
0 1 tid 105933
128 7 tid 105933
342 2 tid 105933
529 8 tid 105933
237 tid 105933
Remove  tid 105933
FindTargetPageId rootid 3 tid 105933
target_page_id id: 8 tid 105933
0 1 tid 105933
128 7 tid 105933
342 2 tid 105933
529 8 tid 105933
236 tid 105933
Remove  tid 105933
FindTargetPageId rootid 3 tid 105934
target_page_id id: 8 tid 105934
0 1 tid 105934
128 7 tid 105934
342 2 tid 105934
529 8 tid 105934
235 tid 105934
Insert  tid 105934
FindTargetPageId rootid 3 tid 105934
target_page_id id: 8 tid 105934
0 1 tid 105934
128 7 tid 105934
342 2 tid 105934
529 8 tid 105934
236 tid 105934
Insert  tid 105934
FindTargetPageId rootid 3 tid 105934
target_page_id id: 8 tid 105934
0 1 tid 105934
128 7 tid 105934
342 2 tid 105934
529 8 tid 105934
237 tid 105934
Insert  tid 105934
FindTargetPageId rootid 3 tid 105934
target_page_id id: 8 tid 105934
0 1 tid 105934
128 7 tid 105934
342 2 tid 105934
529 8 tid 105934
238 tid 105934
Insert  tid 105934
FindTargetPageId rootid 3 tid 105934
target_page_id id: 8 tid 105934
0 1 tid 105934
128 7 tid 105934
342 2 tid 105934
529 8 tid 105934
239 tid 105934
Insert  tid 105934
FindTargetPageId rootid 3 tid 105934
target_page_id id: 8 tid 105934
0 1 tid 105934
128 7 tid 105934
342 2 tid 105934
529 8 tid 105934
240 tid 105934
Insert  tid 105934
FindTargetPageId rootid 3 tid 105934
target_page_id id: 8 tid 105934
0 1 tid 105934
128 7 tid 105934
342 2 tid 105934
529 8 tid 105934
241 tid 105934
Insert  tid 105934
FindTargetPageId rootid 3 tid 105934
target_page_id id: 8 tid 105934
0 1 tid 105934
128 7 tid 105934
342 2 tid 105934
529 8 tid 105934
242 tid 105934
Insert  tid 105934
FindTargetPageId rootid 3 tid 105934
target_page_id id: 8 tid 105934
0 1 tid 105934
128 7 tid 105934
342 2 tid 105934
529 8 tid 105934
243 tid 105934
Insert  tid 105934
FindTargetPageId rootid 3 tid 105934
target_page_id id: 8 tid 105934
0 1 tid 105934
128 7 tid 105934
342 2 tid 105934
529 8 tid 105934
244 tid 105934
Insert  tid 105934
FindTargetPageId rootid 3 tid 105934
target_page_id id: 8 tid 105934
0 1 tid 105934
128 7 tid 105934
342 2 tid 105934
529 8 tid 105934
245 tid 105934
Insert  tid 105934
FindTargetPageId rootid 3 tid 105934
target_page_id id: 8 tid 105934
0 1 tid 105934
128 7 tid 105934
342 2 tid 105934
529 8 tid 105934
246 tid 105934
Insert  tid 105934
FindTargetPageId rootid 3 tid 105933
target_page_id id: 8 tid 105933
0 1 tid 105933
128 7 tid 105933
342 2 tid 105933
529 8 tid 105933
247 tid 105933
Remove  tid 105933
FindTargetPageId rootid 3 tid 105932
target_page_id id: 8 tid 105932
0 1 tid 105932
128 7 tid 105932
342 2 tid 105932
529 8 tid 105932
246 tid 105932
Insert  tid 105932
FindTargetPageId rootid 3 tid 105934
target_page_id id: 8 tid 105934
0 1 tid 105934
128 7 tid 105934
342 2 tid 105934
529 8 tid 105934
247 tid 105934
Insert  tid 105934
FindTargetPageId rootid 3 tid 105934
target_page_id id: 8 tid 105934
0 1 tid 105934
128 7 tid 105934
342 2 tid 105934
529 8 tid 105934
248 tid 105934
Insert  tid 105934
FindTargetPageId rootid 3 tid 105934
target_page_id id: 8 tid 105934
0 1 tid 105934
128 7 tid 105934
342 2 tid 105934
529 8 tid 105934
249 tid 105934
Insert  tid 105934
FindTargetPageId rootid 3 tid 105932
target_page_id id: 8 tid 105932
0 1 tid 105932
128 7 tid 105932
342 2 tid 105932
529 8 tid 105932
250 tid 105932
Insert  tid 105932
FindTargetPageId rootid 3 tid 105933
target_page_id id: 8 tid 105933
0 1 tid 105933
128 7 tid 105933
342 2 tid 105933
529 8 tid 105933
251 tid 105933
FindTargetPageId rootid 3 tid 105934
target_page_id id: 8 tid 105934
0 1 tid 105934
128 7 tid 105934
342 2 tid 105934
529 8 tid 105934
250 tid 105934
Remove  tid 105933
Insert  tid 105934
FindTargetPageId rootid 3 tid 105933
target_page_id id: 8 tid 105933
0 1 tid 105933
128 7 tid 105933
342 2 tid 105933
529 8 tid 105933
251 tid 105933
Remove  tid 105933
FindTargetPageId rootid 3 tid 105934
target_page_id id: 8 tid 105934
0 1 tid 105934
128 7 tid 105934
342 2 tid 105934
529 8 tid 105934
250 tid 105934
Insert  tid 105934
FindTargetPageId rootid 3 tid 105932
target_page_id id: 8 tid 105932
0 1 tid 105932
128 7 tid 105932
342 2 tid 105932
529 8 tid 105932
251 tid 105932
Insert  tid 105932
FindTargetPageId rootid 3 tid 105933
target_page_id id: 8 tid 105933
0 1 tid 105933
128 7 tid 105933
342 2 tid 105933
529 8 tid 105933
252 tid 105933
Remove  tid 105933
FindTargetPageId rootid 3 tid 105933
target_page_id id: 8 tid 105933
0 1 tid 105933
128 7 tid 105933
342 2 tid 105933
529 8 tid 105933
251 tid 105933
Remove  tid 105933
FindTargetPageId rootid 3 tid 105934
target_page_id id: 8 tid 105934
0 1 tid 105934
128 7 tid 105934
342 2 tid 105934
529 8 tid 105934
250 tid 105934
Insert  tid 105934
FindTargetPageId rootid 3 tid 105932
target_page_id id: 8 tid 105932
0 1 tid 105932
128 7 tid 105932
342 2 tid 105932
529 8 tid 105932
251 tid 105932
Insert  tid 105932
FindTargetPageId rootid 3 tid 105933
target_page_id id: 8 tid 105933
0 1 tid 105933
128 7 tid 105933
342 2 tid 105933
529 8 tid 105933
252 tid 105933
Remove  tid 105933
FindTargetPageId rootid 3 tid 105933
target_page_id id: 8 tid 105933
0 1 tid 105933
128 7 tid 105933
342 2 tid 105933
529 8 tid 105933
251 tid 105933
Remove  tid 105933
FindTargetPageId rootid 3 tid 105933
target_page_id id: 8 tid 105933
0 1 tid 105933
128 7 tid 105933
342 2 tid 105933
529 8 tid 105933
250 tid 105933
Remove  tid 105933
FindTargetPageId rootid 3 tid 105934
target_page_id id: 8 tid 105934
0 1 tid 105934
128 7 tid 105934
342 2 tid 105934
529 8 tid 105934
249 tid 105934
Insert  tid 105934
FindTargetPageId rootid 3 tid 105932
target_page_id id: 8 tid 105932
0 1 tid 105932
128 7 tid 105932
342 2 tid 105932
529 8 tid 105932
250 tid 105932
Insert  tid 105932
FindTargetPageId rootid 3 tid 105933
target_page_id id: 8 tid 105933
0 1 tid 105933
128 7 tid 105933
342 2 tid 105933
529 8 tid 105933
251 tid 105933
Remove  tid 105933
FindTargetPageId rootid 3 tid 105933
target_page_id id: 8 tid 105933
0 1 tid 105933
128 7 tid 105933
342 2 tid 105933
529 8 tid 105933
250 tid 105933
Remove  tid 105933
FindTargetPageId rootid 3 tid 105933
target_page_id id: 8 tid 105933
0 1 tid 105933
128 7 tid 105933
342 2 tid 105933
529 8 tid 105933
249 tid 105933
Remove  tid 105933
FindTargetPageId rootid 3 tid 105934
target_page_id id: 8 tid 105934
0 1 tid 105934
128 7 tid 105934
342 2 tid 105934
529 8 tid 105934
248 tid 105934
Insert  tid 105934
FindTargetPageId rootid 3 tid 105932
target_page_id id: 8 tid 105932
0 1 tid 105932
128 7 tid 105932
342 2 tid 105932
529 8 tid 105932
249 tid 105932
Insert  tid 105932
FindTargetPageId rootid 3 tid 105932
target_page_id id: 8 tid 105932
0 1 tid 105932
128 7 tid 105932
342 2 tid 105932
529 8 tid 105932
250 tid 105932
FindTargetPageId rootid 3 tid Insert  tid 105934
target_page_id id: 8 tid 105934
0 1 tid 105934
128 7 tid 105934
342 2 tid 105934
529 8 tid 105934
251 tid 105934
105932
FindTargetPageId rootid 3 tid 105932
target_page_id id: 8 tid 105932
0 1 tid 105932
128 7 tid 105932
342 2 tid 105932
529 8 tid 105932
Insert  tid 105934
252 tid 105932
Insert  tid 105932
FindTargetPageId rootid 3 tid 105933
target_page_id id: 8 tid 105933
0 1 tid 105933
128 7 tid 105933
342 2 tid 105933
529 8 tid 105933
253 tid 105933
Remove  tid 105933
FindTargetPageId rootid 3 tid 105934
target_page_id id: 8 tid 105934
0 1 tid 105934
128 7 tid 105934
342 2 tid 105934
529 8 tid 105934
252 tid 105934
Insert  tid 105934
FindTargetPageId rootid 3 tid 105934
target_page_id id: 8 tid 105934
0 1 tid 105934
128 7 tid 105934
342 2 tid 105934
529 8 tid 105934
253 tid 105934
Insert  tid 105934
FindTargetPageId rootid 3 tid 105934
target_page_id id: 8 tid 105934
0 1 tid 105934
128 7 tid 105934
342 2 tid 105934
529 8 tid 105934
254 tid 105934
Insert  tid 105934
FindTargetPageId rootid 3 tid 105933
target_page_id id: 9 tid 105933
0 1 tid 105933
128 7 tid 105933
342 2 tid 105933
529 8 tid 105933
656 9 tid 105933
128 tid 105933
Remove  tid 105933
FindTargetPageId rootid 3 tid 105932
target_page_id id: 9 tid 105932
0 1 tid 105932
128 7 tid 105932
342 2 tid 105932
529 8 tid 105932
656 9 tid 105932
127 tid 105932
Insert  tid 105932
FindTargetPageId rootid 3 tid 105934
target_page_id id: 9 tid 105934
0 1 tid 105934
128 7 tid 105934
342 2 tid 105934
529 8 tid 105934
656 9 tid 105934
128 tid 105934
Insert  tid 105934
FindTargetPageId rootid 3 tid 105934
target_page_id id: 9 tid 105934
0 1 tid 105934
128 7 tid 105934
342 2 tid 105934
529 8 tid 105934
656 9 tid 105934
129 tid 105934
Insert  tid 105934
FindTargetPageId rootid 3 tid 105934
target_page_id id: 9 tid 105934
0 1 tid 105934
128 7 tid 105934
342 2 tid 105934
529 8 tid 105934
656 9 tid 105934
130 tid 105934
Insert  tid 105934
FindTargetPageId rootid 3 tid 105932
target_page_id id: 9 tid 105932
0 1 tid 105932
128 7 tid 105932
342 2 tid 105932
529 8 tid 105932
656 9 tid 105932
131 tid 105932
Insert  tid 105932
FindTargetPageId rootid 3 tid 105933
target_page_id id: 9 tid 105933
0 1 tid 105933
128 7 tid 105933
342 2 tid 105933
529 8 tid 105933
656 9 tid 105933
132 tid 105933
FindTargetPageId rootid 3 tid 105934
target_page_id id: 9 tid 105934
0 1 tid 105934
128 7 tid 105934
342 2 tid 105934
529 8 tid 105934
656 9 tid 105934
131 tid 105934
Insert  tid 105934
FindTargetPageId rootid 3 tid 105934
target_page_id id: 9 tid 105934
0 1 tid 105934
128 7 tid 105934
342 2 tid 105934
529 8 tid 105934
656 9 tid 105934
Remove 132 tid  tid 105934
105933
FindTargetPageId rootid 3 tid 105932
target_page_id id: 9 tid Insert 105932
0 1 tid 105932
128 7 tid 105932
342 2 tid 105932
529 8 tid 105932
656 9 tid 105932
133 tid 105932
Insert  tid 105932
FindTargetPageId rootid 3 tid 105933
target_page_id id: 9 tid 105933
0 1 tid 105933
128 7 tid 105933
342 2 tid 105933
529 8 tid 105933
656 9 tid 105933
134 tid 105933
Remove  tid 105933
FindTargetPageId rootid 3 tid 105933
target_page_id id: 9 tid 105933
0 1 tid 105933
128 7 tid 105933
342 2 tid 105933
529 8 tid 105933
656 9 tid 105933
133 tid 105933
Remove  tid 105933
FindTargetPageId rootid 3 tid 105933
target_page_id id: 9 tid 105933
0 1 tid 105933
128 7 tid 105933
342 2 tid 105933
 tid 529 8 tid 105933
656 9 tid 105933
132 tid 105933
105934
FindTargetPageId rootid 3 tid 105934
target_page_id id: 9 tid 105934
0 1 tid 105934
128 7 tid 105934
342 2 tid 105934
529 8 tid 105934
656 9 tid 105934
131 tid 105934
Remove  tid 105933
FindTargetPageId rootid 3 tid 105933
Insert  tid 105934
target_page_id id: 9 tid 105933
0 1 tid 105933
128 7 tid 105933
342 2 tid 105933
529 8 tid 105933
656 9 tid 105933
132 tid 105933
Remove  tid 105933
FindTargetPageId rootid 3 tid 105933
target_page_id id: 9 tid 105933
0 1 tid 105933
128 7 tid 105933
342 2 tid 105933
529 8 tid 105933
656 9 tid 105933
131 tid 105933
Remove  tid 105933
FindTargetPageId rootid 3 tid 105933
target_page_id id: 9 tid 105933
0 1 tid 105933
128 7 tid 105933
342 2 tid 105933
529 8 tid 105933
656 9 tid 105933
130 tid 105933
Remove  tid 105933
FindTargetPageId rootid 3 tid 105933
target_page_id id: 9 tid 105933
0 1 tid 105933
128 7 tid 105933
342 2 tid 105933
529 8 tid 105933
656 9 tid 105933
129 tid 105933
Remove  tid 105933
FindTargetPageId rootid 3 tid 105933
target_page_id id: 9 tid 105933
0 1 tid 105933
128 7 tid 105933
342 2 tid 105933
529 8 tid 105933
656 9 tid 105933
128 tid 105933
Remove  tid 105933
FindTargetPageId rootid 3 tid 105933
target_page_id id: 9 tid 105933
0 1 tid 105933
128 7 tid 105933
342 2 tid 105933
529 8 tid 105933
656 9 tid 105933
127 tid 105933
Remove  tid 105933
FindTargetPageId rootid 3 tid 105933
target_page_id id: 8 tid 105933
0 1 tid 105933
128 7 tid 105933
342 2 tid 105933
529 8 tid 105933
253 tid 105933
Remove  tid 105933
FindTargetPageId rootid 3 tid 105932
target_page_id id: 8 tid 105932
0 1 tid 105932
128 7 tid 105932
342 2 tid 105932
529 8 tid 105932
252 tid 105932
Insert  tid 105932
FindTargetPageId rootid 3 tid 105932
target_page_id id: 8 tid 105932
0 1 tid 105932
128 7 tid 105932
342 2 tid 105932
529 8 tid 105932
253 tid 105932
Insert  tid 105932
FindTargetPageId rootid 3 tid 105932
target_page_id id: 8 tid 105932
0 1 tid 105932
128 7 tid 105932
342 2 tid 105932
529 8 tid 105932
254 tid 105932
Insert  tid 105932
FindTargetPageId rootid 3 tid 105934
target_page_id id: 10 tid 105934
0 1 tid 105934
128 7 tid 105934
342 2 tid 105934
529 8 tid 105934
656 10 tid 105934
128 tid 105934
Insert  tid 105934
FindTargetPageId rootid 3 tid 105933
target_page_id id: 10 tid 105933
0 1 tid 105933
128 7 tid 105933
342 2 tid 105933
529 8 tid 105933
656 10 tid 105933
129 tid 105933
Remove  tid 105933
FindTargetPageId rootid 3 tid 105932
target_page_id id: 10 tid 105932
0 1 tid 105932
128 7 tid 105932
342 2 tid 105932
529 8 tid 105932
656 10 tid 105932
128 tid 105932
Insert  tid 105932
FindTargetPageId rootid 3 tid 105932
target_page_id id: 10 tid 105932
0 1 tid 105932
128 7 tid 105932
342 2 tid 105932
529 8 tid 105932
656 10 tid 105932
129 tid 105932
Insert  tid 105932
FindTargetPageId rootid 3 tid 105932
target_page_id id: 10 tid 105932
0 1 tid 105932
128 7 tid 105932
342 2 tid 105932
529 8 tid 105932
656 10 tid 105932
130 tid 105932
Insert  tid 105932
FindTargetPageId rootid 3 tid 105932
target_page_id id: 10 tid 105932
0 1 tid 105932
128 7 tid 105932
342 2 tid 105932
529 8 tid 105932
656 10 tid 105932
131 tid 105932
Insert  tid 105932
FindTargetPageId rootid 3 tid 105932
target_page_id id: 10 tid 105932
0 1 tid 105932
128 7 tid 105932
342 2 tid 105932
529 8 tid 105932
656 10 tid 105932
132 tid 105932
Insert  tid 105932
FindTargetPageId rootid 3 tid 105934
target_page_id id: 10 tid 105934
0 1 tid 105934
128 7 tid 105934
342 2 tid 105934
529 8 tid 105934
656 10 tid 105934
133 tid 105934
Insert  tid 105934
FindTargetPageId rootid 3 tid 105934
target_page_id id: 10 tid 105934
0 1 tid 105934
128 7 tid 105934
342 2 tid 105934
529 8 tid 105934
656 10 tid 105934
134 tid 105934
Insert  tid 105934
FindTargetPageId rootid 3 tid 105932
target_page_id id: 10 tid 105932
0 1 tid 105932
128 7 tid 105932
342 2 tid 105932
529 8 tid 105932
656 10 tid 105932
135 tid 105932
Insert  tid 105932
FindTargetPageId rootid 3 tid 105933
target_page_id id: 10 tid 105933
0 1 tid 105933
128 7 tid 105933
342 2 tid 105933
529 8 tid 105933
656 10 tid 105933
136 tid 105933
Remove  tid 105933
FindTargetPageId rootid 3 tid 105934
target_page_id id: 10 tid 105934
0 1 tid 105934
128 7 tid 105934
342 2 tid 105934
529 8 tid 105934
656 10 tid 105934
135 tid 105934
Insert  tid 105934
FindTargetPageId rootid 3 tid 105934
target_page_id id: 10 tid 105934
0 1 tid 105934
128 7 tid 105934
342 2 tid 105934
529 8 tid 105934
656 10 tid 105934
136 tid 105934
Insert  tid 105934
FindTargetPageId rootid 3 tid 105934
target_page_id id: 10 tid 105934
0 1 tid 105934
128 7 tid 105934
342 2 tid 105934
529 8 tid 105934
656 10 tid 105934
137 tid 105934
Insert  tid 105934
FindTargetPageId rootid 3 tid 105934
target_page_id id: 10 tid 105934
0 1 tid 105934
128 7 tid 105934
342 2 tid 105934
529 8 tid 105934
656 10 tid 105934
138 tid 105934
Insert  tid 105934
FindTargetPageId rootid 3 tid 105932
target_page_id id: 10 tid 105932
0 1 tid 105932
128 7 tid 105932
342 2 tid 105932
529 8 tid 105932
656 10 tid 105932
139 tid 105932
Insert  tid 105932
FindTargetPageId rootid 3 tid 105932
target_page_id id: 10 tid 105932
0 1 tid 105932
128 7 tid 105932
342 2 tid 105932
529 8 tid 105932
656 10 tid 105932
140 tid 105932
Insert  tid 105932
FindTargetPageId rootid 3 tid 105932
target_page_id id: 10 tid 105932
0 1 tid 105932
128 7 tid 105932
342 2 tid 105932
529 8 tid 105932
656 10 tid 105932
141 tid 105932
Insert  tid 105932
FindTargetPageId rootid 3 tid 105932
target_page_id id: 10 tid 105932
0 1 tid 105932
128 7 tid 105932
342 2 tid 105932
529 8 tid 105932
656 10 tid 105932
142 tid 105932
Insert  tid 105932
FindTargetPageId rootid 3 tid 105932
target_page_id id: 10 tid 105932
0 1 tid 105932
128 7 tid 105932
342 2 tid 105932
529 8 tid 105932
656 10 tid 105932
143 tid 105932
Insert  tid 105932
FindTargetPageId rootid 3 tid 105933
target_page_id id: 10 tid 105933
0 1 tid 105933
128 7 tid 105933
342 2 tid 105933
529 8 tid 105933
656 10 tid 105933
144 tid 105933
Remove  tid 105933
FindTargetPageId rootid 3 tid 105934
target_page_id id: 10 tid 105934
0 1 tid 105934
128 7 tid 105934
342 2 tid 105934
529 8 tid 105934
656 10 tid 105934
143 tid 105934
Insert  tid 105934
FindTargetPageId rootid 3 tid 105934
target_page_id id: 10 tid 105934
0 1 tid 105934
128 7 tid 105934
342 2 tid 105934
529 8 tid 105934
656 10 tid 105934
144 tid 105934
Insert  tid 105934
FindTargetPageId rootid 3 tid 105933
target_page_id id: 10 tid 105933
0 1 tid 105933
128 7 tid 105933
342 2 tid 105933
529 8 tid 105933
656 10 tid 105933
145 tid 105933
Remove  tid 105933
FindTargetPageId rootid 3 tid 105933
target_page_id id: 10 tid 105933
0 1 tid 105933
128 7 tid 105933
342 2 tid 105933
529 8 tid 105933
656 10 tid 105933
144 tid 105933
Remove  tid 105933
FindTargetPageId rootid 3 tid 105933
target_page_id id: 10 tid 105933
0 1 tid 105933
128 7 tid 105933
342 2 tid 105933
529 8 tid 105933
656 10 tid 105933
143 tid 105933
Remove  tid 105933
FindTargetPageId rootid 3 tid 105933
target_page_id id: 10 tid 105933
0 1 tid 105933
128 7 tid 105933
342 2 tid 105933
529 8 tid 105933
656 10 tid 105933
142 tid 105933
Remove  tid 105933
FindTargetPageId rootid 3 tid 105933
target_page_id id: 10 tid 105933
0 1 tid 105933
128 7 tid 105933
342 2 tid 105933
529 8 tid 105933
656 10 tid 105933
141 tid 105933
Remove  tid 105933
FindTargetPageId rootid 3 tid 105933
target_page_id id: 10 tid 105933
0 1 tid 105933
128 7 tid 105933
342 2 tid 105933
529 8 tid 105933
656 10 tid 105933
140 tid 105933
Remove  tid 105933
FindTargetPageId rootid 3 tid 105933
target_page_id id: 10 tid 105933
0 1 tid 105933
128 7 tid 105933
342 2 tid 105933
529 8 tid 105933
656 10 tid 105933
139 tid 105933
Remove  tid 105933
FindTargetPageId rootid 3 tid 105933
target_page_id id: 10 tid 105933
0 1 tid 105933
128 7 tid 105933
342 2 tid 105933
529 8 tid 105933
656 10 tid 105933
138 tid 105933
Remove  tid 105933
FindTargetPageId rootid 3 tid 105933
target_page_id id: 10 tid 105933
0 1 tid 105933
128 7 tid 105933
342 2 tid 105933
529 8 tid 105933
656 10 tid 105933
137 tid 105933
Remove  tid 105933
FindTargetPageId rootid 3 tid 105933
target_page_id id: 10 tid 105933
0 1 tid 105933
128 7 tid 105933
342 2 tid 105933
529 8 tid 105933
656 10 tid 105933
136 tid 105933
Remove  tid 105933
FindTargetPageId rootid 3 tid 105933
target_page_id id: 10 tid 105933
0 1 tid 105933
128 7 tid 105933
342 2 tid 105933
529 8 tid 105933
656 10 tid 105933
135 tid 105933
Remove  tid 105933
FindTargetPageId rootid 3 tid 105933
target_page_id id: 10 tid 105933
0 1 tid 105933
128 7 tid 105933
342 2 tid 105933
529 8 tid 105933
656 10 tid 105933
134 tid 105933
Remove  tid 105933
FindTargetPageId rootid 3 tid 105933
target_page_id id: 10 tid 105933
0 1 tid 105933
128 7 tid 105933
342 2 tid 105933
529 8 tid 105933
656 10 tid 105933
133 tid 105933
Remove  tid 105933
FindTargetPageId rootid 3 tid 105933
target_page_id id: 10 tid 105933
0 1 tid 105933
128 7 tid 105933
342 2 tid 105933
529 8 tid 105933
656 10 tid 105933
132 tid 105933
Remove  tid 105933
FindTargetPageId rootid 3 tid 105933
target_page_id id: 10 tid 105933
0 1 tid 105933
128 7 tid 105933
342 2 tid 105933
529 8 tid 105933
656 10 tid 105933
131 tid 105933
Remove  tid 105933
FindTargetPageId rootid 3 tid 105933
target_page_id id: 10 tid 105933
0 1 tid 105933
128 7 tid 105933
342 2 tid 105933
529 8 tid 105933
656 10 tid 105933
130 tid 105933
Remove  tid 105933
FindTargetPageId rootid 3 tid 105932
target_page_id id: 10 tid 105932
0 1 tid 105932
128 7 tid 105932
342 2 tid 105932
529 8 tid 105932
656 10 tid 105932
129 tid 105932
FindTargetPageId rootid Insert 3 tid  tid 105934
target_page_id id: 10 tid 105934
0 1 tid 105934
128 7 tid 105934
342 2 tid 105934
529 8 tid 105934
656 10 tid 105934
105932
130 tid 105934
Insert  tid 105934
FindTargetPageId rootid 3 tid 105934
target_page_id id: 10 tid 105934
0 1 tid 105934
128 7 tid 105934
342 2 tid 105934
529 8 tid 105934
656 10 tid 105934
131 tid 105934
Insert  tid 105934
FindTargetPageId rootid 3 tid 105934
target_page_id id: 10 tid 105934
0 1 tid 105934
128 7 tid 105934
342 2 tid 105934
529 8 tid 105934
656 10 tid 105934
132 tid 105934
Insert  tid 105934
FindTargetPageId rootid 3 tid 105934
target_page_id id: 10 tid 105934
0 1 tid 105934
128 7 tid 105934
342 2 tid 105934
529 8 tid 105934
656 10 tid 105934
133 tid 105934
Insert  tid 105934
FindTargetPageId rootid 3 tid 105934
target_page_id id: 10 tid 105934
0 1 tid 105934
128 7 tid 105934
342 2 tid 105934
529 8 tid 105934
656 10 tid 105934
134 tid 105934
Insert  tid 105934
FindTargetPageId rootid 3 tid 105932
target_page_id id: 10 tid 105932
0 1 tid 105932
128 7 tid 105932
342 2 tid 105932
529 8 tid 105932
656 10 tid 105932
135 tid 105932
Insert  tid 105932
FindTargetPageId rootid 3 tid 105933
target_page_id id: 10 tid 105933
0 1 tid 105933
128 7 tid 105933
342 2 tid 105933
529 8 tid 105933
656 10 tid 105933
136 tid 105933
Remove  tid 105933
FindTargetPageId rootid 3 tid 105934
target_page_id id: 10 tid 105934
0 1 tid 105934
128 7 tid 105934
342 2 tid 105934
529 8 tid 105934
656 10 tid 105934
135 tid 105934
Insert  tid 105934
FindTargetPageId rootid 3 tid 105932
target_page_id id: 10 tid 105932
0 1 tid 105932
128 7 tid 105932
342 2 tid 105932
529 8 tid 105932
656 10 tid 105932
136 tid 105932
Insert  tid 105932
FindTargetPageId rootid 3 tid 105933
target_page_id id: 10 tid 105933
0 1 tid 105933
128 7 tid 105933
342 2 tid 105933
529 8 tid 105933
656 10 tid 105933
137 tid 105933
Remove  tid 105933
FindTargetPageId rootid 3 tid 105934
target_page_id id: 10 tid 105934
0 1 tid 105934
128 7 tid 105934
342 2 tid 105934
529 8 tid 105934
656 10 tid 105934
136 tid 105934
Insert  tid 105934
FindTargetPageId rootid 3 tid 105932
target_page_id id: 10 tid 105932
0 1 tid 105932
128 7 tid 105932
342 2 tid 105932
529 8 tid 105932
656 10 tid 105932
137 tid 105932
Insert  tid 105932
FindTargetPageId rootid 3 tid 105933
target_page_id id: 10 tid 105933
0 1 tid 105933
128 7 tid 105933
342 2 tid 105933
529 8 tid 105933
656 10 tid 105933
138 tid 105933
Remove  tid 105933
FindTargetPageId rootid 3 tid 105934
target_page_id id: 10 tid 105934
0 1 tid 105934
128 7 tid 105934
342 2 tid 105934
529 8 tid 105934
656 10 tid 105934
137 tid 105934
Insert  tid 105934
FindTargetPageId rootid 3 tid 105934
target_page_id id: 10 tid 105934
0 1 tid 105934
128 7 tid 105934
342 2 tid 105934
529 8 tid 105934
656 10 tid 105934
138 tid 105934
Insert  tid 105934
FindTargetPageId rootid 3 tid 105933
target_page_id id: 10 tid 105933
0 1 tid 105933
128 7 tid 105933
342 2 tid 105933
529 8 tid 105933
656 10 tid 105933
139 tid 105933
Remove  tid 105933
FindTargetPageId rootid 3 tid 105932
target_page_id id: 10 tid 105932
0 1 tid 105932
128 7 tid 105932
342 2 tid 105932
529 8 tid 105932
656 10 tid 105932
138 tid 105932
Insert  tid 105932
FindTargetPageId rootid 3 tid 105934
target_page_id id: 10 tid 105934
0 1 tid 105934
128 7 tid 105934
342 2 tid 105934
529 8 tid 105934
656 10 tid 105934
139 tid 105934
Insert  tid FindTargetPageId rootid 3 tid 105933
target_page_id id: 10 tid 105933
0 1 tid 105933
128 7 tid 105933
342 2 tid 105933
529 8 tid 105933
656 10 tid 105933
140 tid 105933
105934
Remove  tid 105933
FindTargetPageId rootid 3 tid 105934
target_page_id id: 10 tid 105934
0 1 tid 105934
128 7 tid 105934
342 2 tid 105934
529 8 tid 105934
656 10 tid 105934
139 tid 105934
Insert  tid 105934
FindTargetPageId rootid 3 tid 105934
target_page_id id: 10 tid 105934
0 1 tid 105934
128 7 tid 105934
342 2 tid 105934
529 8 tid 105934
656 10 tid 105934
140 tid 105934
Insert  tid 105934
FindTargetPageId rootid 3 tid 105934
target_page_id id: 10 tid 105934
0 1 tid 105934
128 7 tid 105934
342 2 tid 105934
529 8 tid 105934
656 10 tid 105934
141 tid 105934
Insert  tid 105934
FindTargetPageId rootid 3 tid 105934
target_page_id id: 10 tid 105934
0 1 tid 105934
128 7 tid 105934
342 2 tid 105934
529 8 tid 105934
656 10 tid 105934
142 tid 105934
Insert  tid 105934
FindTargetPageId rootid 3 tid 105934
target_page_id id: 10 tid 105934
0 1 tid 105934
128 7 tid 105934
342 2 tid 105934
529 8 tid 105934
656 10 tid 105934
143 tid 105934
Insert  tid 105934
FindTargetPageId rootid 3 tid 105934
target_page_id id: 10 tid 105934
0 1 tid 105934
128 7 tid 105934
342 2 tid 105934
529 8 tid 105934
656 10 tid 105934
144 tid 105934
Insert  tid 105934
FindTargetPageId rootid 3 tid 105934
target_page_id id: 10 tid 105934
0 1 tid 105934
128 7 tid 105934
342 2 tid 105934
529 8 tid 105934
656 10 tid 105934
145 tid 105934
Insert  tid 105934
FindTargetPageId rootid 3 tid 105934
target_page_id id: 10 tid 105934
0 1 tid 105934
128 7 tid 105934
342 2 tid 105934
529 8 tid 105934
656 10 tid 105934
146 tid 105934
Insert  tid 105934
FindTargetPageId rootid 3 tid 105934
target_page_id id: 10 tid 105934
0 1 tid 105934
128 7 tid 105934
342 2 tid 105934
529 8 tid 105934
656 10 tid 105934
147 tid 105934
Insert  tid 105934
FindTargetPageId rootid 3 tid 105934
target_page_id id: 10 tid 105934
0 1 tid 105934
128 7 tid 105934
342 2 tid 105934
529 8 tid 105934
656 10 tid 105934
148 tid 105934
Insert  tid 105934
FindTargetPageId rootid 3 tid 105932
target_page_id id: 10 tid 105932
0 1 tid 105932
128 7 tid 105932
342 2 tid 105932
529 8 tid 105932
656 10 tid 105932
149 tid 105932
Insert  tid 105932
FindTargetPageId rootid 3 tid 105932
target_page_id id: 10 tid 105932
0 1 tid 105932
128 7 tid 105932
342 2 tid 105932
529 8 tid 105932
656 10 tid 105932
150 tid 105932
Insert  tid 105932
FindTargetPageId rootid 3 tid 105933
target_page_id id: 10 tid 105933
0 1 tid 105933
128 7 tid 105933
342 2 tid 105933
529 8 tid 105933
656 10 tid 105933
151 tid 105933
Remove  tid 105933
FindTargetPageId rootid 3 tid 105933
target_page_id id: 10 tid 105933
0 1 tid 105933
128 7 tid 105933
342 2 tid 105933
529 8 tid 105933
656 10 tid 105933
150 tid 105933
Remove  tid 105933
FindTargetPageId rootid 3 tid 105932
target_page_id id: 10 tid 105932
0 1 tid 105932
128 7 tid 105932
342 2 tid 105932
529 8 tid 105932
656 10 tid 105932
149 tid 105932
Insert  tid 105932
FindTargetPageId rootid 3 tid 105932
target_page_id id: 10 tid 105932
0 1 tid 105932
128 7 tid 105932
342 2 tid 105932
529 8 tid 105932
656 10 tid 105932
150 tid 105932
Insert  tid 105932
FindTargetPageId rootid 3 tid 105932
target_page_id id: 10 tid 105932
0 1 tid 105932
128 7 tid 105932
342 2 tid 105932
529 8 tid 105932
656 10 tid 105932
151 tid 105932
Insert  tid 105932
FindTargetPageId rootid 3 tid 105934
target_page_id id: 10 tid 105934
0 1 tid 105934
128 7 tid 105934
342 2 tid 105934
529 8 tid 105934
656 10 tid 105934
152 tid 105934
Insert  tid 105934
FindTargetPageId rootid 3 tid 105934
target_page_id id: 10 tid 105934
0 1 tid 105934
128 7 tid 105934
342 2 tid 105934
529 8 tid 105934
656 10 tid 105934
153 tid 105934
Insert  tid 105934
FindTargetPageId rootid 3 tid 105934
target_page_id id: 10 tid 105934
0 1 tid 105934
128 7 tid 105934
342 2 tid 105934
529 8 tid 105934
656 10 tid 105934
154 tid 105934
Insert  tid 105934
FindTargetPageId rootid 3 tid 105933
target_page_id id: 10 tid 105933
0 1 tid 105933
128 7 tid 105933
342 2 tid 105933
529 8 tid 105933
656 10 tid 105933
155 tid 105933
Remove  tid 105933
FindTargetPageId rootid 3 tid 105933
target_page_id id: 10 tid 105933
0 1 tid 105933
128 7 tid 105933
342 2 tid 105933
529 8 tid 105933
656 10 tid 105933
154 tid 105933
Remove  tid 105933
FindTargetPageId rootid 3 tid 105932
target_page_id id: 10 tid 105932
0 1 tid 105932
128 7 tid 105932
342 2 tid 105932
529 8 tid 105932
656 10 tid 105932
153 tid 105932
Insert  tid 105932
FindTargetPageId rootid 3 tid 105934
target_page_id id: 10 tid 105934
0 1 tid 105934
128 7 tid 105934
342 2 tid 105934
529 8 tid 105934
656 10 tid 105934
154 tid 105934
Insert  tid 105934
FindTargetPageId rootid 3 tid 105933
target_page_id id: 10 tid 105933
0 1 tid 105933
128 7 tid 105933
342 2 tid 105933
529 8 tid 105933
656 10 tid 105933
155 tid 105933
Remove  tid 105933
FindTargetPageId rootid 3 tid 105932
target_page_id id: 10 tid 105932
0 1 tid 105932
128 7 tid 105932
342 2 tid 105932
529 8 tid 105932
656 10 tid 105932
154 tid 105932
Insert  tid 105932
FindTargetPageId rootid 3 tid 105934
target_page_id id: 10 tid 105934
0 1 tid 105934
128 7 tid 105934
342 2 tid 105934
529 8 tid 105934
656 10 tid 105934
155 tid 105934
Insert  tid 105934
FindTargetPageId rootid 3 tid 105933
target_page_id id: 10 tid 105933
0 1 tid 105933
128 7 tid 105933
342 2 tid 105933
529 8 tid 105933
656 10 tid 105933
156 tid 105933
Remove  tid 105933
FindTargetPageId rootid 3 tid 105933
target_page_id id: 10 tid 105933
0 1 tid 105933
128 7 tid 105933
342 2 tid 105933
529 8 tid 105933
656 10 tid 105933
155 tid 105933
Remove  tid 105933
FindTargetPageId rootid 3 tid 105933
target_page_id id: 10 tid 105933
0 1 tid 105933
128 7 tid 105933
342 2 tid 105933
529 8 tid 105933
656 10 tid 105933
154 tid 105933
Remove  tid 105933
FindTargetPageId rootid 3 tid 105933
target_page_id id: 10 tid 105933
0 1 tid 105933
128 7 tid 105933
342 2 tid 105933
529 8 tid 105933
656 10 tid 105933
153 tid 105933
Remove  tid 105933
FindTargetPageId rootid 3 tid 105933
target_page_id id: 10 tid 105933
0 1 tid 105933
128 7 tid 105933
342 2 tid 105933
529 8 tid 105933
656 10 tid 105933
152 tid 105933
Remove  tid 105933
FindTargetPageId rootid 3 tid 105932
target_page_id id: 10 tid 105932
0 1 tid 105932
128 7 tid 105932
342 2 tid 105932
529 8 tid 105932
656 10 tid 105932
151 tid 105932
Insert  tid 105932
FindTargetPageId rootid 3 tid 105934
target_page_id id: 10 tid 105934
0 1 tid 105934
128 7 tid 105934
342 2 tid 105934
529 8 tid 105934
656 10 tid 105934
152 tid 105934
Insert  tid 105934
FindTargetPageId rootid 3 tid 105933
target_page_id id: 10 tid 105933
0 1 tid 105933
128 7 tid 105933
342 2 tid 105933
529 8 tid 105933
656 10 tid 105933
153 tid 105933
Remove  tid 105933
FindTargetPageId rootid 3 tid 105932
target_page_id id: 10 tid 105932
0 1 tid 105932
128 7 tid 105932
342 2 tid 105932
529 8 tid 105932
656 10 tid 105932
152 tid 105932
FindTargetPageId rootid 3 tid 105934
Insert target_page_id id:  tid 10 tid 105934
0 1 tid 105934
128 7 tid 105934
342 2 tid 105934
529 8 tid 105934
656 10 tid 105934
105932
153 tid 105934
Insert  tid 105934
FindTargetPageId rootid 3 tid 105933
target_page_id id: 10 tid 105933
0 1 tid 105933
128 7 tid 105933
342 2 tid 105933
529 8 tid 105933
656 10 tid 105933
154 tid 105933
Remove  tid 105933
FindTargetPageId rootid 3 tid 105933
target_page_id id: 10 tid 105933
0 1 tid 105933
128 7 tid 105933
342 2 tid 105933
529 8 tid 105933
656 10 tid 105933
153 tid 105933
Remove  tid 105933
FindTargetPageId rootid 3 tid 105933
target_page_id id: 10 tid 105933
0 1 tid 105933
128 7 tid 105933
342 2 tid 105933
529 8 tid 105933
656 10 tid 105933
152 tid 105933
Remove  tid 105933
FindTargetPageId rootid 3 tid 105932
target_page_id id: 10 tid 105932
0 1 tid 105932
128 7 tid 105932
342 2 tid 105932
529 8 tid 105932
656 10 tid 105932
151 tid 105932
Insert  tid 105932
FindTargetPageId rootid 3 tid 105934
target_page_id id: 10 tid 105934
0 1 tid 105934
128 7 tid 105934
342 2 tid 105934
529 8 tid 105934
656 10 tid 105934
152 tid 105934
Insert  tid 105934
FindTargetPageId rootid 3 tid 105933
target_page_id id: 10 tid 105933
0 1 tid 105933
128 7 tid 105933
342 2 tid 105933
529 8 tid 105933
656 10 tid 105933
153 tid 105933
Remove  tid 105933
FindTargetPageId rootid 3 tid 105932
target_page_id id: 10 tid 105932
0 1 tid 105932
128 7 tid 105932
342 2 tid 105932
529 8 tid 105932
656 10 tid 105932
152 tid 105932
Insert  tid 105932
FindTargetPageId rootid 3 tid 105932
target_page_id id: 10 tid 105932
0 1 tid 105932
128 7 tid 105932
342 2 tid 105932
529 8 tid 105932
656 10 tid 105932
153 tid 105932
Insert  tid 105932
FindTargetPageId rootid 3 tid 105932
target_page_id id: 10 tid 105932
0 1 tid 105932
128 7 tid 105932
342 2 tid 105932
529 8 tid 105932
656 10 tid 105932
154 tid 105932
Insert  tid 105932
FindTargetPageId rootid 3 tid 105934
target_page_id id: 10 tid 105934
0 1 tid 105934
128 7 tid 105934
342 2 tid 105934
529 8 tid 105934
656 10 tid 105934
155 tid 105934
Insert  tid 105934
FindTargetPageId rootid 3 tid 105934
target_page_id id: 10 tid 105934
0 1 tid 105934
128 7 tid 105934
342 2 tid 105934
529 8 tid 105934
656 10 tid 105934
156 tid 105934
Insert  tid 105934
FindTargetPageId rootid 3 tid 105933
target_page_id id: 10 tid 105933
0 1 tid 105933
128 7 tid 105933
342 2 tid 105933
529 8 tid 105933
656 10 tid 105933
157 tid 105933
Remove  tid 105933
FindTargetPageId rootid 3 tid 105932
target_page_id id: 10 tid 105932
0 1 tid 105932
128 7 tid 105932
342 2 tid 105932
529 8 tid 105932
656 10 tid 105932
156 tid 105932
Insert  tid 105932
FindTargetPageId rootid 3 tid 105934
target_page_id id: 10 tid 105934
0 1 tid 105934
128 7 tid 105934
342 2 tid 105934
529 8 tid 105934
656 10 tid 105934
157 tid 105934
Insert  tid 105934
FindTargetPageId rootid 3 tid 105934
target_page_id id: 10 tid 105934
0 1 tid 105934
128 7 tid 105934
342 2 tid 105934
529 8 tid 105934
656 10 tid 105934
158 tid 105934
Insert  tid 105934
FindTargetPageId rootid 3 tid 105934
target_page_id id: 10 tid 105934
0 1 tid 105934
128 7 tid 105934
342 2 tid 105934
529 8 tid 105934
656 10 tid 105934
159 tid 105934
Insert  tid 105934
FindTargetPageId rootid 3 tid 105934
target_page_id id: 10 tid 105934
0 1 tid 105934
128 7 tid 105934
342 2 tid 105934
529 8 tid 105934
656 10 tid 105934
160 tid 105934
Insert  tid 105934
FindTargetPageId rootid 3 tid 105934
target_page_id id: 10 tid 105934
0 1 tid 105934
128 7 tid 105934
342 2 tid 105934
529 8 tid 105934
656 10 tid 105934
161 tid 105934
Insert  tid 105934
FindTargetPageId rootid 3 tid 105934
target_page_id id: 10 tid 105934
0 1 tid 105934
128 7 tid 105934
342 2 tid 105934
529 8 tid 105934
656 10 tid 105934
162 tid 105934
Insert  tid 105934
FindTargetPageId rootid 3 tid 105933
target_page_id id: 10 tid 105933
0 1 tid 105933
128 7 tid 105933
342 2 tid 105933
529 8 tid 105933
656 10 tid 105933
163 tid 105933
Remove  tid 105933
FindTargetPageId rootid 3 tid 105932
target_page_id id: 10 tid 105932
0 1 tid 105932
128 7 tid 105932
342 2 tid 105932
529 8 tid 105932
656 10 tid 105932
162 tid 105932
Insert  tid 105932
FindTargetPageId rootid 3 tid 105934
target_page_id id: 10 tid 105934
0 1 tid 105934
128 7 tid 105934
342 2 tid 105934
529 8 tid 105934
656 10 tid 105934
163 tid 105934
Insert  tid 105934
FindTargetPageId rootid 3 tid 105933
target_page_id id: 10 tid 105933
0 1 tid 105933
128 7 tid 105933
342 2 tid 105933
529 8 tid 105933
656 10 tid 105933
164 tid 105933
Remove  tid 105933
FindTargetPageId rootid 3 tid 105933
target_page_id id: 10 tid 105933
0 1 tid 105933
128 7 tid 105933
342 2 tid 105933
529 8 tid 105933
656 10 tid 105933
163 tid 105933
Remove  tid 105933
FindTargetPageId rootid 3 tid 105933
target_page_id id: 10 tid 105933
0 1 tid 105933
128 7 tid 105933
342 2 tid 105933
529 8 tid 105933
656 10 tid 105933
162 tid 105933
Remove  tid 105933
FindTargetPageId rootid 3 tid 105934
target_page_id id: 10 tid 105934
0 1 tid 105934
128 7 tid 105934
342 2 tid 105934
529 8 tid 105934
656 10 tid 105934
161 tid 105934
Insert  tid 105934
FindTargetPageId rootid 3 tid 105932
target_page_id id: 10 tid 105932
0 1 tid 105932
128 7 tid 105932
342 2 tid 105932
529 8 tid 105932
656 10 tid 105932
162 tid 105932
Insert  tid 105932
FindTargetPageId rootid 3 tid 105933
target_page_id id: 10 tid 105933
0 1 tid 105933
128 7 tid 105933
342 2 tid 105933
529 8 tid 105933
656 10 tid 105933
163 tid 105933
Remove  tid 105933
FindTargetPageId rootid 3 tid 105933
target_page_id id: 10 tid 105933
0 1 tid 105933
128 7 tid 105933
342 2 tid 105933
529 8 tid 105933
656 10 tid 105933
162 tid 105933
Remove  tid 105933
FindTargetPageId rootid 3 tid 105933
target_page_id id: 10 tid 105933
0 1 tid 105933
128 7 tid 105933
342 2 tid 105933
529 8 tid 105933
656 10 tid 105933
162 tid 105933
Remove  tid 105933
FindTargetPageId rootid 3 tid 105933
target_page_id id: 10 tid 105933
0 1 tid 105933
128 7 tid 105933
342 2 tid 105933
529 8 tid 105933
656 10 tid 105933
162 tid 105933
Remove  tid 105933
FindTargetPageId rootid 3 tid 105933
target_page_id id: 10 tid 105933
0 1 tid 105933
128 7 tid 105933
342 2 tid 105933
529 8 tid 105933
656 10 tid 105933
162 tid 105933
Remove  tid 105933
FindTargetPageId rootid 3 tid 105934
target_page_id id: 10 tid 105934
0 1 tid 105934
128 7 tid 105934
342 2 tid 105934
529 8 tid 105934
656 10 tid 105934
162 tid 105934
Insert  tid 105934
FindTargetPageId rootid 3 tid 105932
target_page_id id: 10 tid 105932
0 1 tid 105932
128 7 tid 105932
342 2 tid 105932
529 8 tid 105932
656 10 tid 105932
163 tid 105932
Insert  tid 105932
FindTargetPageId rootid 3 tid 105933
target_page_id id: 10 tid 105933
0 1 tid 105933
128 7 tid 105933
342 2 tid 105933
529 8 tid 105933
656 10 tid 105933
164 tid 105933
Remove  tid 105933
FindTargetPageId rootid 3 tid 105934
target_page_id id: 10 tid 105934
0 1 tid 105934
128 7 tid 105934
342 2 tid 105934
529 8 tid 105934
656 10 tid 105934
164 tid 105934
Insert  tid 105934
FindTargetPageId rootid 3 tid 105932
target_page_id id: 10 tid 105932
0 1 tid 105932
128 7 tid 105932
342 2 tid 105932
529 8 tid 105932
656 10 tid 105932
165 tid 105932
Insert  tid 105932
FindTargetPageId rootid 3 tid 105933
target_page_id id: 10 tid 105933
0 1 tid 105933
128 7 tid 105933
342 2 tid 105933
529 8 tid 105933
656 10 tid 105933
166 tid 105933
FindTargetPageId rootid 3 tid 105934
target_page_id id: 10 tid 105934
0 1 tid 105934
128 7 tid 105934
342 2 tid 105934
529 8 tid 105934
656 10 tid 105934
Remove 166 tid 105934
 tid 105933
FindTargetPageId rootid 3 tid 105933
target_page_id id: 10 tid 105933
0 1 tid 105933
128 7 tid 105933
342 2 tid 105933
529 8 tid 105933
656 10 tid 105933
167 tid 105933
Insert  tid 105934
Remove  tid 105933
FindTargetPageId rootid 3 tid 105932
target_page_id id: 10 tid 105932
0 1 tid 105932
128 7 tid 105932
342 2 tid 105932
529 8 tid 105932
656 10 tid 105932
167 tid 105932
Insert  tid 105932
FindTargetPageId rootid 3 tid 105932
target_page_id id: 10 tid 105932
0 1 tid 105932
128 7 tid 105932
342 2 tid 105932
529 8 tid 105932
656 10 tid 105932
168 tid 105932
Insert  tid 105932
FindTargetPageId rootid 3 tid 105933
target_page_id id: 10 tid 105933
0 1 tid 105933
128 7 tid 105933
342 2 tid 105933
529 8 tid 105933
656 10 tid 105933
169 tid 105933
Remove  tid 105933
FindTargetPageId rootid 3 tid 105933
target_page_id id: 10 tid 105933
0 1 tid 105933
128 7 tid 105933
342 2 tid 105933
529 8 tid 105933
656 10 tid 105933
169 tid 105933
Remove  tid 105933
FindTargetPageId rootid 3 tid 105934
target_page_id id: 10 tid 105934
0 1 tid 105934
128 7 tid 105934
342 2 tid 105934
529 8 tid 105934
656 10 tid 105934
169 tid 105934
Insert  tid 105934
FindTargetPageId rootid 3 tid 105932
target_page_id id: 10 tid 105932
0 1 tid 105932
128 7 tid 105932
342 2 tid 105932
529 8 tid 105932
656 10 tid 105932
170 tid 105932
FindTargetPageId rootid 3 tid 105933
target_page_id id: 10 tid 105933
0 1 tid 105933
128 7 tid 105933
342 2 tid 105933
529 8 tid 105933
656 10 tid 105933
Insert  tid 105932
171 tid 105933
Remove  tid 105933
FindTargetPageId rootid 3 tid 105934
target_page_id id: 10 tid 105934
0 1 tid 105934
128 7 tid 105934
342 2 tid 105934
529 8 tid 105934
656 10 tid 105934
171 tid 105934
Insert  tid 105934
FindTargetPageId rootid 3 tid 105932
target_page_id id: 10 tid 105932
0 1 tid 105932
128 7 tid 105932
342 2 tid 105932
529 8 tid 105932
656 10 tid 105932
172 tid 105932
Insert  tid 105932
FindTargetPageId rootid 3 tid 105933
target_page_id id: 10 tid 105933
0 1 tid 105933
128 7 tid 105933
342 2 tid 105933
529 8 tid 105933
656 10 tid 105933
173 tid 105933
Remove  tid 105933
FindTargetPageId rootid 3 tid 105933
target_page_id id: 10 tid 105933
0 1 tid 105933
128 7 tid 105933
342 2 tid 105933
529 8 tid 105933
656 10 tid 105933
173 tid 105933
Remove  tid 105933
FindTargetPageId rootid 3 tid 105933
target_page_id id: 10 tid 105933
0 1 tid 105933
128 7 tid 105933
342 2 tid 105933
529 8 tid 105933
656 10 tid 105933
173 tid 105933
Remove  tid 105933
FindTargetPageId rootid 3 tid 105933
target_page_id id: 10 tid 105933
0 1 tid 105933
128 7 tid 105933
342 2 tid 105933
529 8 tid 105933
656 10 tid 105933
173 tid 105933
Remove  tid 105933
FindTargetPageId rootid 3 tid 105933
target_page_id id: 10 tid 105933
0 1 tid 105933
128 7 tid 105933
342 2 tid 105933
529 8 tid 105933
656 10 tid 105933
173 tid 105933
Remove  tid 105933
FindTargetPageId rootid 3 tid 105933
target_page_id id: 10 tid 105933
0 1 tid 105933
128 7 tid 105933
342 2 tid 105933
529 8 tid 105933
656 10 tid 105933
173 tid 105933
Remove  tid 105933
FindTargetPageId rootid 3 tid 105933
target_page_id id: 10 tid 105933
0 1 tid 105933
128 7 tid 105933
342 2 tid 105933
529 8 tid 105933
656 10 tid 105933
173 tid 105933
Remove  tid 105933
FindTargetPageId rootid 3 tid 105933
target_page_id id: 10 tid 105933
0 1 tid 105933
128 7 tid 105933
342 2 tid 105933
529 8 tid 105933
656 10 tid 105933
173 tid 105933
Remove  tid 105933
FindTargetPageId rootid 3 tid 105933
target_page_id id: 10 tid 105933
0 1 tid 105933
128 7 tid 105933
342 2 tid 105933
529 8 tid 105933
656 10 tid 105933
173 tid 105933
Remove  tid 105933
FindTargetPageId rootid 3 tid 105933
target_page_id id: 10 tid 105933
0 1 tid 105933
128 7 tid 105933
342 2 tid 105933
529 8 tid 105933
656 10 tid 105933
173 tid 105933
Remove  tid 105933
FindTargetPageId rootid 3 tid 105933
target_page_id id: 10 tid 105933
0 1 tid 105933
128 7 tid 105933
342 2 tid 105933
529 8 tid 105933
656 10 tid 105933
173 tid 105933
Remove  tid 105933
FindTargetPageId rootid 3 tid 105933
target_page_id id: 10 tid 105933
0 1 tid 105933
128 7 tid 105933
342 2 tid 105933
529 8 tid 105933
656 10 tid 105933
173 tid 105933
Remove  tid 105933
FindTargetPageId rootid 3 tid 105933
target_page_id id: 10 tid 105933
0 1 tid 105933
128 7 tid 105933
342 2 tid 105933
529 8 tid 105933
656 10 tid 105933
173 tid 105933
Remove  tid 105933
FindTargetPageId rootid 3 tid 105933
target_page_id id: 10 tid 105933
0 1 tid 105933
128 7 tid 105933
342 2 tid 105933
529 8 tid 105933
656 10 tid 105933
173 tid 105933
Remove  tid 105933
FindTargetPageId rootid 3 tid 105933
target_page_id id: 10 tid 105933
0 1 tid 105933
128 7 tid 105933
342 2 tid 105933
529 8 tid 105933
656 10 tid 105933
173 tid 105933
Remove  tid 105933
FindTargetPageId rootid 3 tid 105933
target_page_id id: 10 tid 105933
0 1 tid 105933
128 7 tid 105933
342 2 tid 105933
529 8 tid 105933
656 10 tid 105933
173 tid 105933
Remove  tid 105933
FindTargetPageId rootid 3 tid 105933
target_page_id id: 10 tid 105933
0 1 tid 105933
128 7 tid 105933
342 2 tid 105933
529 8 tid 105933
656 10 tid 105933
173 tid 105933
Remove  tid 105933
FindTargetPageId rootid 3 tid 105933
target_page_id id: 10 tid 105933
0 1 tid 105933
128 7 tid 105933
342 2 tid 105933
529 8 tid 105933
656 10 tid 105933
173 tid 105933
Remove  tid 105933
FindTargetPageId rootid 3 tid 105933
target_page_id id: 10 tid 105933
0 1 tid 105933
128 7 tid 105933
342 2 tid 105933
529 8 tid 105933
656 10 tid 105933
173 tid 105933
Remove  tid 105933
FindTargetPageId rootid 3 tid 105933
target_page_id id: 10 tid 105933
0 1 tid 105933
128 7 tid 105933
342 2 tid 105933
529 8 tid 105933
656 10 tid 105933
173 tid 105933
Remove  tid 105933
FindTargetPageId rootid 3 tid 105933
target_page_id id: 10 tid 105933
0 1 tid 105933
128 7 tid 105933
342 2 tid 105933
529 8 tid 105933
656 10 tid 105933
173 tid 105933
Remove  tid 105933
FindTargetPageId rootid 3 tid 105933
target_page_id id: 10 tid 105933
0 1 tid 105933
128 7 tid 105933
342 2 tid 105933
529 8 tid 105933
656 10 tid 105933
173 tid 105933
Remove  tid 105933
FindTargetPageId rootid 3 tid 105932
target_page_id id: 10 tid 105932
0 1 tid 105932
128 7 tid 105932
342 2 tid 105932
529 8 tid 105932
656 10 tid 105932
173 tid 105932
Insert  tid 105932
FindTargetPageId rootid 3 tid 105932
target_page_id id: 10 tid 105932
0 1 tid 105932
128 7 tid 105932
342 2 tid 105932
529 8 tid 105932
656 10 tid 105932
174 tid 105932
Insert  tid 105932
FindTargetPageId rootid 3 tid 105932
target_page_id id: 10 tid 105932
0 1 tid 105932
128 7 tid 105932
342 2 tid 105932
529 8 tid 105932
656 10 tid 105932
175 tid 105932
Insert  tid 105932
FindTargetPageId rootid 3 tid 105932
target_page_id id: 10 tid 105932
0 1 tid 105932
128 7 tid 105932
342 2 tid 105932
529 8 tid 105932
656 10 tid 105932
176 tid 105932
FindTargetPageId rootid 3 tid 105933
target_page_id id: 10 tid 105933
0 1 tid 105933
128 7 tid 105933
342 2 tid 105933
529 8 tid 105933
656 10 tid 105933
177 tid 105933
Remove  tid 105933
FindTargetPageId rootid 3 tid 105934
target_page_id id: 10 tid 105934
0 1 tid 105934
128 7 tid 105934
342 2 tid 105934
529 8 tid 105934
656 10 tid 105934
177 tid 105934
Insert  tid 105934
FindTargetPageId rootid 3 tid 105934
target_page_id id: 10 tid 105934
0 1 tid 105934
128 7 tid 105934
342 2 tid 105934
529 8 tid 105934
656 10 tid 105934
178 tid 105934
Insert  tid 105934
Insert FindTargetPageId rootid 3 tid 105934
 tid target_page_id id: 10 tid 105934
1059320 1 tid 
105934
128 7 tid 105934
342 2 tid 105934
529 8 tid 105934
656 10 tid 105934
179 tid 105934
Insert  tid 105934
FindTargetPageId rootid 3 tid 105933
target_page_id id: 10 tid 105933
0 1 tid 105933
128 7 tid 105933
342 2 tid 105933
529 8 tid 105933
656 10 tid 105933
180 tid 105933
Remove  tid 105933
FindTargetPageId rootid 3 tid 105933
target_page_id id: 10 tid 105933
0 1 tid 105933
128 7 tid 105933
342 2 tid 105933
529 8 tid 105933
656 10 tid 105933
180 tid 105933
Remove  tid 105933
FindTargetPageId rootid 3 tid 105933
target_page_id id: 10 tid 105933
0 1 tid 105933
128 7 tid 105933
342 2 tid 105933
529 8 tid 105933
656 10 tid 105933
180 tid 105933
Remove  tid 105933
FindTargetPageId rootid 3 tid 105934
target_page_id id: 10 tid 105934
0 1 tid 105934
128 7 tid 105934
342 2 tid 105934
529 8 tid 105934
656 10 tid 105934
180 tid 105934
Insert  tid 105934
FindTargetPageId rootid 3 tid 105934
target_page_id id: 10 tid 105934
0 1 tid 105934
128 7 tid 105934
342 2 tid 105934
529 8 tid 105934
656 10 tid 105934
181 tid 105934
Insert  tid 105934
FindTargetPageId rootid 3 tid 105934
target_page_id id: 10 tid 105934
0 1 tid 105934
128 7 tid 105934
342 2 tid 105934
529 8 tid 105934
656 10 tid 105934
182 tid 105934
Insert  tid 105934
FindTargetPageId rootid 3 tid 105934
target_page_id id: 10 tid 105934
0 1 tid 105934
128 7 tid 105934
342 2 tid 105934
529 8 tid 105934
656 10 tid 105934
183 tid 105934
Insert  tid 105934
FindTargetPageId rootid 3 tid 105934
target_page_id id: 10 tid 105934
0 1 tid 105934
128 7 tid 105934
342 2 tid 105934
529 8 tid 105934
656 10 tid 105934
184 tid 105934
Insert  tid 105934
FindTargetPageId rootid 3 tid 105934
target_page_id id: 10 tid 105934
0 1 tid 105934
128 7 tid 105934
342 2 tid 105934
529 8 tid 105934
656 10 tid 105934
185 tid 105934
Insert  tid 105934
FindTargetPageId rootid 3 tid 105934
target_page_id id: 10 tid 105934
0 1 tid 105934
128 7 tid 105934
342 2 tid 105934
529 8 tid 105934
656 10 tid 105934
186 tid 105934
Insert  tid 105934
FindTargetPageId rootid 3 tid 105934
target_page_id id: 10 tid 105934
0 1 tid 105934
128 7 tid 105934
342 2 tid 105934
529 8 tid 105934
656 10 tid 105934
187 tid 105934
Insert  tid 105934
FindTargetPageId rootid 3 tid 105934
target_page_id id: 10 tid 105934
0 1 tid 105934
128 7 tid 105934
342 2 tid 105934
529 8 tid 105934
656 10 tid 105934
188 tid 105934
Insert  tid 105934
FindTargetPageId rootid 3 tid 105934
target_page_id id: 10 tid 105934
0 1 tid 105934
128 7 tid 105934
342 2 tid 105934
529 8 tid 105934
656 10 tid 105934
189 tid 105934
Insert  tid 105934
FindTargetPageId rootid 3 tid 105934
target_page_id id: 10 tid 105934
0 1 tid 105934
128 7 tid 105934
342 2 tid 105934
529 8 tid 105934
656 10 tid 105934
190 tid 105934
Insert  tid 105934
FindTargetPageId rootid 3 tid 105934
target_page_id id: 10 tid 105934
0 1 tid 105934
128 7 tid 105934
342 2 tid 105934
529 8 tid 105934
656 10 tid 105934
191 tid 105934
Insert  tid 105934
FindTargetPageId rootid 3 tid 105934
target_page_id id: 10 tid 105934
0 1 tid 105934
128 7 tid 105934
342 2 tid 105934
529 8 tid 105934
656 10 tid 105934
192 tid 105934
Insert  tid 105934
FindTargetPageId rootid 3 tid 105934
target_page_id id: 10 tid 105934
0 1 tid 105934
128 7 tid 105934
342 2 tid 105934
529 8 tid 105934
656 10 tid 105934
193 tid 105934
Insert  tid 105934
FindTargetPageId rootid 3 tid 105934
target_page_id id: 10 tid 105934
0 1 tid 105934
128 7 tid 105934
342 2 tid 105934
529 8 tid 105934
656 10 tid 105934
194 tid 105934
Insert  tid 105934
FindTargetPageId rootid 3 tid 105934
target_page_id id: 10 tid 105934
0 1 tid 105934
128 7 tid 105934
342 2 tid 105934
529 8 tid 105934
656 10 tid 105934
195 tid 105934
Insert  tid 105934
FindTargetPageId rootid 3 tid 105934
target_page_id id: 10 tid 105934
0 1 tid 105934
128 7 tid 105934
342 2 tid 105934
529 8 tid 105934
656 10 tid 105934
196 tid 105934
Insert  tid 105934
FindTargetPageId rootid 3 tid 105934
target_page_id id: 10 tid 105934
0 1 tid 105934
128 7 tid 105934
342 2 tid 105934
529 8 tid 105934
656 10 tid 105934
197 tid 105934
Insert  tid 105934
FindTargetPageId rootid 3 tid 105932
target_page_id id: 10 tid 105932
0 1 tid 105932
128 7 tid 105932
342 2 tid 105932
529 8 tid 105932
656 10 tid 105932
198 tid 105932
Insert  tid 105932
FindTargetPageId rootid 3 tid 105932
target_page_id id: 10 tid 105932
0 1 tid 105932
128 7 tid 105932
342 2 tid 105932
529 8 tid 105932
656 10 tid 105932
199 tid 105932
Insert  tid 105932
FindTargetPageId rootid 3 tid 105932
target_page_id id: 10 tid 105932
0 1 tid 105932
128 7 tid 105932
342 2 tid 105932
529 8 tid 105932
656 10 tid 105932
200 tid 105932
Insert  tid 105932
FindTargetPageId rootid 3 tid 105932
target_page_id id: 10 tid 105932
0 1 tid 105932
128 7 tid 105932
342 2 tid 105932
529 8 tid 105932
656 10 tid 105932
201 tid 105932
Insert  tid 105932
FindTargetPageId rootid 3 tid 105932
target_page_id id: 10 tid 105932
0 1 tid 105932
128 7 tid 105932
342 2 tid 105932
529 8 tid 105932
656 10 tid 105932
202 tid 105932
Insert  tid 105932
FindTargetPageId rootid 3 tid 105932
target_page_id id: 10 tid 105932
0 1 tid 105932
128 7 tid 105932
342 2 tid 105932
529 8 tid 105932
656 10 tid 105932
203 tid 105932
Insert  tid 105932
FindTargetPageId rootid 3 tid 105932
target_page_id id: 10 tid 105932
0 1 tid 105932
128 7 tid 105932
342 2 tid 105932
529 8 tid 105932
656 10 tid 105932
204 tid 105932
Insert  tid 105932
FindTargetPageId rootid 3 tid 105932
target_page_id id: 10 tid 105932
0 1 tid 105932
128 7 tid 105932
342 2 tid 105932
529 8 tid 105932
656 10 tid 105932
205 tid 105932
Insert  tid 105932
FindTargetPageId rootid 3 tid 105932
target_page_id id: 10 tid 105932
0 1 tid 105932
128 7 tid 105932
342 2 tid 105932
529 8 tid 105932
656 10 tid 105932
206 tid 105932
Insert  tid 105932
FindTargetPageId rootid 3 tid 105932
target_page_id id: 10 tid 105932
0 1 tid 105932
128 7 tid 105932
342 2 tid 105932
529 8 tid 105932
656 10 tid 105932
207 tid 105932
Insert  tid 105932
FindTargetPageId rootid 3 tid 105932
target_page_id id: 10 tid 105932
0 1 tid 105932
128 7 tid 105932
342 2 tid 105932
529 8 tid 105932
656 10 tid 105932
208 tid 105932
Insert  tid 105932
FindTargetPageId rootid 3 tid 105932
target_page_id id: 10 tid 105932
0 1 tid 105932
128 7 tid 105932
342 2 tid 105932
529 8 tid 105932
656 10 tid 105932
209 tid 105932
Insert  tid 105932
FindTargetPageId rootid 3 tid 105932
target_page_id id: 10 tid 105932
0 1 tid 105932
128 7 tid 105932
342 2 tid 105932
529 8 tid 105932
656 10 tid 105932
210 tid 105932
Insert  tid 105932
FindTargetPageId rootid 3 tid 105932
target_page_id id: 10 tid 105932
0 1 tid 105932
128 7 tid 105932
342 2 tid 105932
529 8 tid 105932
656 10 tid 105932
211 tid 105932
Insert  tid 105932
FindTargetPageId rootid 3 tid 105932
target_page_id id: 10 tid 105932
0 1 tid 105932
128 7 tid 105932
342 2 tid 105932
529 8 tid 105932
656 10 tid 105932
212 tid 105932
Insert  tid 105932
FindTargetPageId rootid 3 tid 105932
target_page_id id: 10 tid 105932
0 1 tid 105932
128 7 tid 105932
342 2 tid 105932
529 8 tid 105932
656 10 tid 105932
213 tid 105932
Insert  tid 105932
FindTargetPageId rootid 3 tid 105932
target_page_id id: 10 tid 105932
0 1 tid 105932
128 7 tid 105932
342 2 tid 105932
529 8 tid 105932
656 10 tid 105932
214 tid 105932
Insert  tid 105932
FindTargetPageId rootid 3 tid 105932
target_page_id id: 10 tid 105932
0 1 tid 105932
128 7 tid 105932
342 2 tid 105932
529 8 tid 105932
656 10 tid 105932
215 tid 105932
Insert  tid 105932
FindTargetPageId rootid 3 tid 105932
target_page_id id: 10 tid 105932
0 1 tid 105932
128 7 tid 105932
342 2 tid 105932
529 8 tid 105932
656 10 tid 105932
216 tid 105932
Insert  tid 105932
FindTargetPageId rootid 3 tid 105932
target_page_id id: 10 tid 105932
0 1 tid 105932
128 7 tid 105932
342 2 tid 105932
529 8 tid 105932
656 10 tid 105932
217 tid 105932
Insert  tid 105932
FindTargetPageId rootid 3 tid 105932
target_page_id id: 10 tid 105932
0 1 tid 105932
128 7 tid 105932
342 2 tid 105932
529 8 tid 105932
656 10 tid 105932
218 tid 105932
Insert  tid 105932
FindTargetPageId rootid 3 tid 105932
target_page_id id: 10 tid 105932
0 1 tid 105932
128 7 tid 105932
342 2 tid 105932
529 8 tid 105932
656 10 tid 105932
219 tid 105932
Insert  tid 105932
FindTargetPageId rootid 3 tid 105932
target_page_id id: 10 tid 105932
0 1 tid 105932
128 7 tid 105932
342 2 tid 105932
529 8 tid 105932
656 10 tid 105932
220 tid 105932
Insert  tid 105932
FindTargetPageId rootid 3 tid 105932
target_page_id id: 10 tid 105932
0 1 tid 105932
128 7 tid 105932
342 2 tid 105932
529 8 tid 105932
656 10 tid 105932
221 tid 105932
Insert  tid 105932
FindTargetPageId rootid 3 tid 105932
target_page_id id: 10 tid 105932
0 1 tid 105932
128 7 tid 105932
342 2 tid 105932
529 8 tid 105932
656 10 tid 105932
222 tid 105932
Insert  tid 105932
FindTargetPageId rootid 3 tid 105932
target_page_id id: 10 tid 105932
0 1 tid 105932
128 7 tid 105932
342 2 tid 105932
529 8 tid 105932
656 10 tid 105932
223 tid 105932
Insert  tid 105932
FindTargetPageId rootid 3 tid 105934
target_page_id id: 10 tid 105934
0 1 tid 105934
128 7 tid 105934
342 2 tid 105934
529 8 tid 105934
656 10 tid 105934
224 tid 105934
Insert  tid 105934
FindTargetPageId rootid 3 tid 105934
target_page_id id: 10 tid 105934
0 1 tid 105934
128 7 tid 105934
342 2 tid 105934
529 8 tid 105934
656 10 tid 105934
225 tid 105934
Insert  tid 105934
FindTargetPageId rootid 3 tid 105934
target_page_id id: 10 tid 105934
0 1 tid 105934
128 7 tid 105934
342 2 tid 105934
529 8 tid 105934
656 10 tid 105934
226 tid 105934
Insert  tid 105934
FindTargetPageId rootid 3 tid 105934
target_page_id id: 10 tid 105934
0 1 tid 105934
128 7 tid 105934
342 2 tid 105934
529 8 tid 105934
656 10 tid 105934
227 tid 105934
Insert  tid 105934
FindTargetPageId rootid 3 tid 105934
target_page_id id: 10 tid 105934
0 1 tid 105934
128 7 tid 105934
342 2 tid 105934
529 8 tid 105934
656 10 tid 105934
228 tid 105934
Insert  tid 105934
FindTargetPageId rootid 3 tid 105934
target_page_id id: 10 tid 105934
0 1 tid 105934
128 7 tid 105934
342 2 tid 105934
529 8 tid 105934
656 10 tid 105934
229 tid 105934
Insert  tid 105934
FindTargetPageId rootid 3 tid 105934
target_page_id id: 10 tid 105934
0 1 tid 105934
128 7 tid 105934
342 2 tid 105934
529 8 tid 105934
656 10 tid 105934
230 tid 105934
Insert  tid 105934
FindTargetPageId rootid 3 tid 105934
target_page_id id: 10 tid 105934
0 1 tid 105934
128 7 tid 105934
342 2 tid 105934
529 8 tid 105934
656 10 tid 105934
231 tid 105934
Insert  tid 105934
FindTargetPageId rootid 3 tid 105934
target_page_id id: 10 tid 105934
0 1 tid 105934
128 7 tid 105934
342 2 tid 105934
529 8 tid 105934
656 10 tid 105934
232 tid 105934
Insert  tid 105934
FindTargetPageId rootid 3 tid 105933
target_page_id id: 10 tid 105933
0 1 tid 105933
128 7 tid 105933
342 2 tid 105933
529 8 tid 105933
656 10 tid 105933
233 tid 105933
Remove  tid 105933
FindTargetPageId rootid 3 tid 105933
target_page_id id: 10 tid 105933
0 1 tid 105933
128 7 tid 105933
342 2 tid 105933
529 8 tid 105933
656 10 tid 105933
233 tid 105933
Remove  tid 105933
FindTargetPageId rootid 3 tid 105932
target_page_id id: 10 tid 105932
0 1 tid 105932
128 7 tid 105932
342 2 tid 105932
529 8 tid 105932
656 10 tid 105932
233 tid 105932
Insert  tid 105932
FindTargetPageId rootid 3 tid 105932
target_page_id id: 10 tid 105932
0 1 tid 105932
128 7 tid 105932
342 2 tid 105932
529 8 tid 105932
656 10 tid 105932
234 tid 105932
Insert  tid 105932
FindTargetPageId rootid 3 tid 105932
target_page_id id: 10 tid 105932
0 1 tid 105932
128 7 tid 105932
342 2 tid 105932
529 8 tid 105932
656 10 tid 105932
235 tid 105932
Insert  tid 105932
FindTargetPageId rootid 3 tid 105932
target_page_id id: 10 tid 105932
0 1 tid 105932
128 7 tid 105932
342 2 tid 105932
529 8 tid 105932
656 10 tid 105932
236 tid 105932
Insert  tid 105932
FindTargetPageId rootid 3 tid 105932
target_page_id id: 10 tid 105932
0 1 tid 105932
128 7 tid 105932
342 2 tid 105932
529 8 tid 105932
656 10 tid 105932
237 tid 105932
FindTargetPageId rootid 3 tid 105933
target_page_id id: 10 tid 105933
0 1 tid 105933
128 7 tid 105933
342 2 tid 105933
529 8 tid 105933
656 10 tid 105933
238 tid 105933
Remove  tid 105933
FindTargetPageId rootid 3 tid 105933
target_page_id id: 10 tid 105933
0 1 tid 105933
128 7 tid 105933
342 2 tid 105933
529 8 tid 105933
656 10 tid 105933
237 tid 105933
Remove  tid 105933
FindTargetPageId rootid 3 tid 105933
target_page_id id: 10 tid 105933
0 1 tid 105933
128 7 tid 105933
342 2 tid 105933
529 8 tid 105933
656 10 tid 105933
236 tid 105933
FindTargetPageId rootid 3 tid 105934
target_page_id id: 10 tid 105934
0 1 tid 105934
128 7 tid 105934
342 2 tid 105934
529 8 tid 105934
656 10 tid 105934
235 tid 105934
Insert  tid 105934
FindTargetPageId rootid 3 tid 105934
target_page_id id: 10 tid 105934
0 1 tid 105934
128 7 tid 105934
342 2 tid 105934
529 8 tid 105934
656 10 tid 105934
236 tid 105934
Insert  tid 105934
FindTargetPageId rootid 3 tid 105934
target_page_id id: 10 tid 105934
0 1 tid 105934
128 7 tid 105934
342 2 tid 105934
529 8 tid 105934
656 10 tid 105934
237 tid 105934
Insert  tid 105934
FindTargetPageId rootid 3 tid 105934
target_page_id id: 10 tid 105934
0 1 tid 105934
128 7 tid 105934
342 2 tid 105934
529 8 tid 105934
656 10 tid 105934
238 tid 105934
Insert  tid 105934
FindTargetPageId rootid 3 tid 105934
target_page_id id: 10 tid 105934
0 1 tid 105934
128 7 tid 105934
342 2 tid 105934
529 8 tid 105934
656 10 tid 105934
239 tid 105934
Insert  tid 105934
FindTargetPageId rootid 3 tid 105934
target_page_id id: 10 tid 105934
0 1 tid 105934
128 7 tid 105934
342 2 tid 105934
529 8 tid 105934
656 10 tid 105934
240 tid 105934
Insert  tid 105934
FindTargetPageId rootid 3 tid 105934
target_page_id id: 10 tid 105934
0 1 tid 105934
128 7 tid 105934
342 2 tid 105934
529 8 tid 105934
656 10 tid 105934
241 tid 105934
Insert  tid 105934
FindTargetPageId rootid 3 tid 105934
target_page_id id: 10 tid 105934
0 1 tid 105934
128 7 tid 105934
342 2 tid 105934
529 8 tid 105934
656 10 tid 105934
242 tid 105934
Insert  tid 105934
FindTargetPageId rootid 3 tid 105934
target_page_id id: 10 tid 105934
0 1 tid 105934
128 7 tid 105934
342 2 tid 105934
529 8 tid 105934
656 10 tid 105934
243 tid 105934
Insert  tid 105934
FindTargetPageId rootid 3 tid 105934
target_page_id id: 10 tid 105934
0 1 tid 105934
128 7 tid 105934
342 2 tid 105934
529 8 tid 105934
656 10 tid 105934
244 tid 105934
Insert  tid 105934
FindTargetPageId rootid 3 tid 105934
target_page_id id: 10 tid 105934
0 1 tid 105934
128 7 tid 105934
342 2 tid 105934
529 8 tid 105934
656 10 tid 105934
245 tid 105934
Insert  tid 105934
FindTargetPageId rootid 3 tid 105934
target_page_id id: 10 tid 105934
0 1 tid 105934
128 7 tid 105934
342 2 tid 105934
529 8 tid 105934
656 10 tid 105934
246 tid 105934
Insert  tid 105934
FindTargetPageId rootid 3 tid 105934
target_page_id id: 10 tid 105934
0 1 tid 105934
128 7 tid 105934
342 2 tid 105934
529 8 tid 105934
656 10 tid 105934
247 tid 105934
Insert  tid 105934
FindTargetPageId rootid 3 tid 105934
target_page_id id: 10 tid 105934
0 1 tid 105934
128 7 tid 105934
342 2 tid 105934
529 8 tid 105934
656 10 tid 105934
248 tid 105934
Insert  tid 105934
FindTargetPageId rootid 3 tid 105934
target_page_id id: 10 tid 105934
0 1 tid 105934
128 7 tid 105934
342 2 tid 105934
529 8 tid 105934
656 10 tid 105934
249 tid 105934
Insert  tid 105934
FindTargetPageId rootid 3 tid 105934
target_page_id id: 10 tid 105934
0 1 tid 105934
128 7 tid 105934
342 2 tid 105934
529 8 tid 105934
656 10 tid 105934
250 tid 105934
Insert  tid 105934
FindTargetPageId rootid 3 tid 105934
target_page_id id: 10 tid 105934
0 1 tid 105934
128 7 tid 105934
342 2 tid 105934
529 8 tid 105934
656 10 tid 105934
251 tid 105934
Insert  tid 105934
FindTargetPageId rootid 3 tid 105934
target_page_id id: 10 tid 105934
0 1 tid 105934
128 7 tid 105934
342 2 tid 105934
529 8 tid 105934
656 10 tid 105934
252 tid 105934
Insert  tid 105934
FindTargetPageId rootid 3 tid 105934
target_page_id id: 10 tid 105934
0 1 tid 105934
128 7 tid 105934
342 2 tid 105934
529 8 tid 105934
656 10 tid 105934
253 tid 105934
Insert  tid 105934
FindTargetPageId rootid 3 tid 105934
target_page_id id: 10 tid 105934
0 1 tid 105934
128 7 tid 105934
342 2 tid 105934
529 8 tid 105934
656 10 tid 105934
254 tid 105934
Insert  tid 105934
FindTargetPageId rootid 3 tid 105934
target_page_id id: 11 tid 105934
0 1 tid 105934
128 7 tid 105934
342 2 tid 105934
529 8 tid 105934
656 10 tid 105934
783 11 tid 105934
128 tid 105934
Insert  tid 105934
FindTargetPageId rootid 3 tid 105934
target_page_id id: 11 tid 105934
0 1 tid 105934
128 7 tid 105934
342 2 tid 105934
529 8 tid 105934
656 10 tid 105934
783 11 tid 105934
129 tid 105934
Insert  tid 105934
FindTargetPageId rootid 3 tid 105934
target_page_id id: 11 tid 105934
0 1 tid 105934
128 7 tid 105934
342 2 tid 105934
529 8 tid 105934
656 10 tid 105934
783 11 tid 105934
130 tid 105934
Insert  tid 105934
FindTargetPageId rootid 3 tid 105934
target_page_id id: 11 tid 105934
0 1 tid 105934
128 7 tid 105934
342 2 tid 105934
529 8 tid 105934
656 10 tid 105934
783 11 tid 105934
131 tid 105934
Insert  tid 105934
FindTargetPageId rootid 3 tid 105934
target_page_id id: 11 tid 105934
0 1 tid 105934
128 7 tid 105934
342 2 tid 105934
529 8 tid 105934
656 10 tid 105934
783 11 tid 105934
132 tid 105934
Insert  tid 105934
FindTargetPageId rootid 3 tid 105934
target_page_id id: 11 tid 105934
0 1 tid 105934
128 7 tid 105934
342 2 tid 105934
529 8 tid 105934
656 10 tid 105934
783 11 tid 105934
133 tid 105934
Insert  tid 105934
FindTargetPageId rootid 3 tid 105934
target_page_id id: 11 tid 105934
0 1 tid 105934
128 7 tid 105934
342 2 tid 105934
529 8 tid 105934
656 10 tid 105934
783 11 tid 105934
134 tid 105934
Insert  tid 105934
FindTargetPageId rootid 3 tid 105934
target_page_id id: 11 tid 105934
0 1 tid 105934
128 7 tid 105934
342 2 tid 105934
529 8 tid 105934
656 10 tid 105934
783 11 tid 105934
135 tid 105934
Insert  tid 105934
FindTargetPageId rootid 3 tid 105934
target_page_id id: 11 tid 105934
0 1 tid 105934
128 7 tid 105934
342 2 tid 105934
529 8 tid 105934
656 10 tid 105934
783 11 tid 105934
136 tid 105934
Insert  tid 105934
FindTargetPageId rootid 3 tid 105934
target_page_id id: 11 tid 105934
0 1 tid 105934
128 7 tid 105934
342 2 tid 105934
529 8 tid 105934
656 10 tid 105934
783 11 tid 105934
137 tid 105934
Insert  tid 105934
FindTargetPageId rootid 3 tid 105934
target_page_id id: 11 tid 105934
0 1 tid 105934
128 7 tid 105934
342 2 tid 105934
529 8 tid 105934
656 10 tid 105934
783 11 tid 105934
138 tid 105934
Insert  tid 105934
FindTargetPageId rootid 3 tid 105934
target_page_id id: 11 tid 105934
0 1 tid 105934
128 7 tid 105934
342 2 tid 105934
529 8 tid 105934
656 10 tid 105934
783 11 tid 105934
139 tid 105934
Insert  tid 105934
FindTargetPageId rootid 3 tid 105934
target_page_id id: 11 tid 105934
0 1 tid 105934
128 7 tid 105934
342 2 tid 105934
529 8 tid 105934
656 10 tid 105934
783 11 tid 105934
140 tid 105934
Insert  tid 105934
FindTargetPageId rootid 3 tid 105934
target_page_id id: 11 tid 105934
0 1 tid 105934
128 7 tid 105934
342 2 tid 105934
529 8 tid 105934
656 10 tid 105934
783 11 tid 105934
141 tid 105934
Insert  tid 105934
FindTargetPageId rootid 3 tid 105934
target_page_id id: 11 tid 105934
0 1 tid 105934
128 7 tid 105934
342 2 tid 105934
529 8 tid 105934
656 10 tid 105934
783 11 tid 105934
142 tid 105934
Insert  tid 105934
FindTargetPageId rootid 3 tid 105934
target_page_id id: 11 tid 105934
0 1 tid 105934
128 7 tid 105934
342 2 tid 105934
529 8 tid 105934
656 10 tid 105934
783 11 tid 105934
143 tid 105934
Insert  tid 105934
FindTargetPageId rootid 3 tid 105934
target_page_id id: 11 tid 105934
0 1 tid 105934
128 7 tid 105934
342 2 tid 105934
529 8 tid 105934
656 10 tid 105934
783 11 tid 105934
144 tid 105934
Insert  tid 105934
FindTargetPageId rootid 3 tid 105934
target_page_id id: 11 tid 105934
0 1 tid 105934
128 7 tid 105934
342 2 tid 105934
529 8 tid 105934
656 10 tid 105934
783 11 tid 105934
145 tid 105934
Insert  tid 105934
FindTargetPageId rootid 3 tid 105934
target_page_id id: 11 tid 105934
0 1 tid 105934
128 7 tid 105934
342 2 tid 105934
529 8 tid 105934
656 10 tid 105934
783 11 tid 105934
146 tid 105934
Insert  tid 105934
FindTargetPageId rootid 3 tid 105934
target_page_id id: 11 tid 105934
0 1 tid 105934
128 7 tid 105934
342 2 tid 105934
529 8 tid 105934
656 10 tid 105934
783 11 tid 105934
147 tid 105934
Insert  tid 105934
FindTargetPageId rootid 3 tid 105934
target_page_id id: 11 tid 105934
0 1 tid 105934
128 7 tid 105934
342 2 tid 105934
529 8 tid 105934
656 10 tid 105934
783 11 tid 105934
148 tid 105934
Insert  tid 105934
FindTargetPageId rootid 3 tid 105934
target_page_id id: 11 tid 105934
0 1 tid 105934
128 7 tid 105934
342 2 tid 105934
529 8 tid 105934
656 10 tid 105934
783 11 tid 105934
149 tid 105934
Insert  tid 105934
FindTargetPageId rootid 3 tid 105934
target_page_id id: 11 tid 105934
0 1 tid 105934
128 7 tid 105934
342 2 tid 105934
529 8 tid 105934
656 10 tid 105934
783 11 tid 105934
150 tid 105934
Insert  tid 105934
FindTargetPageId rootid 3 tid 105934
target_page_id id: 11 tid 105934
0 1 tid 105934
128 7 tid 105934
342 2 tid 105934
529 8 tid 105934
656 10 tid 105934
783 11 tid 105934
151 tid 105934
Insert  tid 105934
FindTargetPageId rootid 3 tid 105934
target_page_id id: 11 tid 105934
0 1 tid 105934
128 7 tid 105934
342 2 tid 105934
529 8 tid 105934
656 10 tid 105934
783 11 tid 105934
152 tid 105934
Insert  tid 105934
FindTargetPageId rootid 3 tid 105934
target_page_id id: 11 tid 105934
0 1 tid 105934
128 7 tid 105934
342 2 tid 105934
529 8 tid 105934
656 10 tid 105934
783 11 tid 105934
153 tid 105934
Insert  tid 105934
FindTargetPageId rootid 3 tid 105934
target_page_id id: 11 tid 105934
0 1 tid 105934
128 7 tid 105934
342 2 tid 105934
529 8 tid 105934
656 10 tid 105934
783 11 tid 105934
154 tid 105934
Insert  tid 105934
FindTargetPageId rootid 3 tid 105934
target_page_id id: 11 tid 105934
0 1 tid 105934
128 7 tid 105934
342 2 tid 105934
529 8 tid 105934
656 10 tid 105934
783 11 tid 105934
155 tid 105934
Insert  tid 105934
FindTargetPageId rootid 3 tid 105934
target_page_id id: 11 tid 105934
0 1 tid 105934
128 7 tid 105934
342 2 tid 105934
529 8 tid 105934
656 10 tid 105934
783 11 tid 105934
156 tid 105934
Insert  tid 105934
FindTargetPageId rootid 3 tid 105934
target_page_id id: 11 tid 105934
0 1 tid 105934
128 7 tid 105934
342 2 tid 105934
529 8 tid 105934
656 10 tid 105934
783 11 tid 105934
157 tid 105934
Insert  tid 105934
FindTargetPageId rootid 3 tid 105934
target_page_id id: 11 tid 105934
0 1 tid 105934
128 7 tid 105934
342 2 tid 105934
529 8 tid 105934
656 10 tid 105934
783 11 tid 105934
158 tid 105934
Insert  tid 105934
FindTargetPageId rootid 3 tid 105934
target_page_id id: 11 tid 105934
0 1 tid 105934
128 7 tid 105934
342 2 tid 105934
529 8 tid 105934
656 10 tid 105934
783 11 tid 105934
159 tid 105934
Insert  tid 105934
FindTargetPageId rootid 3 tid 105934
target_page_id id: 11 tid 105934
0 1 tid 105934
128 7 tid 105934
342 2 tid 105934
529 8 tid 105934
656 10 tid 105934
783 11 tid 105934
160 tid 105934
Insert  tid 105934
FindTargetPageId rootid 3 tid 105934
target_page_id id: 11 tid 105934
0 1 tid 105934
128 7 tid 105934
342 2 tid 105934
529 8 tid 105934
656 10 tid 105934
783 11 tid 105934
161 tid 105934
Insert  tid 105934
FindTargetPageId rootid 3 tid 105934
target_page_id id: 11 tid 105934
0 1 tid 105934
128 7 tid 105934
342 2 tid 105934
529 8 tid 105934
656 10 tid 105934
783 11 tid 105934
162 tid 105934
Insert  tid 105934
FindTargetPageId rootid 3 tid 105934
target_page_id id: 11 tid 105934
0 1 tid 105934
128 7 tid 105934
342 2 tid 105934
529 8 tid 105934
656 10 tid 105934
783 11 tid 105934
163 tid 105934
Insert  tid 105934
FindTargetPageId rootid 3 tid 105934
target_page_id id: 11 tid 105934
0 1 tid 105934
128 7 tid 105934
342 2 tid 105934
529 8 tid 105934
656 10 tid 105934
783 11 tid 105934
164 tid 105934
Insert  tid 105934
FindTargetPageId rootid 3 tid 105934
target_page_id id: 11 tid 105934
0 1 tid 105934
128 7 tid 105934
342 2 tid 105934
529 8 tid 105934
656 10 tid 105934
783 11 tid 105934
165 tid 105934
Insert  tid 105934
FindTargetPageId rootid 3 tid 105934
target_page_id id: 11 tid 105934
0 1 tid 105934
128 7 tid 105934
342 2 tid 105934
529 8 tid 105934
656 10 tid 105934
783 11 tid 105934
166 tid 105934
Insert  tid 105934
FindTargetPageId rootid 3 tid 105934
target_page_id id: 11 tid 105934
0 1 tid 105934
128 7 tid 105934
342 2 tid 105934
529 8 tid 105934
656 10 tid 105934
783 11 tid 105934
167 tid 105934
Insert  tid 105934
FindTargetPageId rootid 3 tid 105934
target_page_id id: 11 tid 105934
0 1 tid 105934
128 7 tid 105934
342 2 tid 105934
529 8 tid 105934
656 10 tid 105934
783 11 tid 105934
168 tid 105934
Insert  tid 105934
FindTargetPageId rootid 3 tid 105934
target_page_id id: 11 tid 105934
0 1 tid 105934
128 7 tid 105934
342 2 tid 105934
529 8 tid 105934
656 10 tid 105934
783 11 tid 105934
169 tid 105934
Insert  tid 105934
FindTargetPageId rootid 3 tid 105934
target_page_id id: 11 tid 105934
0 1 tid 105934
128 7 tid 105934
342 2 tid 105934
529 8 tid 105934
656 10 tid 105934
783 11 tid 105934
170 tid 105934
Insert  tid 105934
FindTargetPageId rootid 3 tid 105934
target_page_id id: 11 tid 105934
0 1 tid 105934
128 7 tid 105934
342 2 tid 105934
529 8 tid 105934
656 10 tid 105934
783 11 tid 105934
171 tid 105934
Insert  tid 105934
FindTargetPageId rootid 3 tid 105934
target_page_id id: 11 tid 105934
0 1 tid 105934
128 7 tid 105934
342 2 tid 105934
529 8 tid 105934
656 10 tid 105934
783 11 tid 105934
172 tid 105934
Insert  tid 105934
FindTargetPageId rootid 3 tid 105934
target_page_id id: 11 tid 105934
0 1 tid 105934
128 7 tid 105934
342 2 tid 105934
529 8 tid 105934
656 10 tid 105934
783 11 tid 105934
173 tid 105934
Insert  tid 105934
FindTargetPageId rootid 3 tid 105934
target_page_id id: 11 tid 105934
0 1 tid 105934
128 7 tid 105934
342 2 tid 105934
529 8 tid 105934
656 10 tid 105934
783 11 tid 105934
174 tid 105934
Insert  tid 105934
FindTargetPageId rootid 3 tid 105934
target_page_id id: 11 tid 105934
0 1 tid 105934
128 7 tid 105934
342 2 tid 105934
529 8 tid 105934
656 10 tid 105934
783 11 tid 105934
175 tid 105934
Insert  tid 105934
FindTargetPageId rootid 3 tid 105934
target_page_id id: 11 tid 105934
0 1 tid 105934
128 7 tid 105934
342 2 tid 105934
529 8 tid 105934
656 10 tid 105934
783 11 tid 105934
176 tid 105934
Insert  tid 105934
FindTargetPageId rootid 3 tid 105934
target_page_id id: 11 tid 105934
0 1 tid 105934
128 7 tid 105934
342 2 tid 105934
529 8 tid 105934
656 10 tid 105934
783 11 tid 105934
177 tid 105934
Insert  tid 105934
FindTargetPageId rootid 3 tid 105934
target_page_id id: 11 tid 105934
0 1 tid 105934
128 7 tid 105934
342 2 tid 105934
529 8 tid 105934
656 10 tid 105934
783 11 tid 105934
178 tid 105934
Insert  tid 105934
FindTargetPageId rootid 3 tid 105934
target_page_id id: 11 tid 105934
0 1 tid 105934
128 7 tid 105934
342 2 tid 105934
529 8 tid 105934
656 10 tid 105934
783 11 tid 105934
179 tid 105934
Insert  tid 105934
FindTargetPageId rootid 3 tid 105934
target_page_id id: 11 tid 105934
0 1 tid 105934
128 7 tid 105934
342 2 tid 105934
529 8 tid 105934
656 10 tid 105934
783 11 tid 105934
180 tid 105934
Insert  tid 105934
FindTargetPageId rootid 3 tid 105934
target_page_id id: 11 tid 105934
0 1 tid 105934
128 7 tid 105934
342 2 tid 105934
529 8 tid 105934
656 10 tid 105934
783 11 tid 105934
181 tid 105934
Insert  tid 105934
FindTargetPageId rootid 3 tid 105934
target_page_id id: 11 tid 105934
0 1 tid 105934
128 7 tid 105934
342 2 tid 105934
529 8 tid 105934
656 10 tid 105934
783 11 tid 105934
182 tid 105934
Insert  tid 105934
FindTargetPageId rootid 3 tid 105934
target_page_id id: 11 tid 105934
0 1 tid 105934
128 7 tid 105934
342 2 tid 105934
529 8 tid 105934
656 10 tid 105934
783 11 tid 105934
183 tid 105934
Insert  tid 105934
FindTargetPageId rootid 3 tid 105934
target_page_id id: 11 tid 105934
0 1 tid 105934
128 7 tid 105934
342 2 tid 105934
529 8 tid 105934
656 10 tid 105934
783 11 tid 105934
184 tid 105934
Insert  tid 105934
FindTargetPageId rootid 3 tid 105934
target_page_id id: 11 tid 105934
0 1 tid 105934
128 7 tid 105934
342 2 tid 105934
529 8 tid 105934
656 10 tid 105934
783 11 tid 105934
185 tid 105934
Insert  tid 105934
FindTargetPageId rootid 3 tid 105934
target_page_id id: 11 tid 105934
0 1 tid 105934
128 7 tid 105934
342 2 tid 105934
529 8 tid 105934
656 10 tid 105934
783 11 tid 105934
186 tid 105934
Insert  tid 105934
FindTargetPageId rootid 3 tid 105934
target_page_id id: 11 tid 105934
0 1 tid 105934
128 7 tid 105934
342 2 tid 105934
529 8 tid 105934
656 10 tid 105934
783 11 tid 105934
187 tid 105934
Insert  tid 105934
FindTargetPageId rootid 3 tid 105934
target_page_id id: 11 tid 105934
0 1 tid 105934
128 7 tid 105934
342 2 tid 105934
529 8 tid 105934
656 10 tid 105934
783 11 tid 105934
188 tid 105934
Insert  tid 105934
FindTargetPageId rootid 3 tid 105934
target_page_id id: 11 tid 105934
0 1 tid 105934
128 7 tid 105934
342 2 tid 105934
529 8 tid 105934
656 10 tid 105934
783 11 tid 105934
189 tid 105934
Insert  tid 105934
FindTargetPageId rootid 3 tid 105934
target_page_id id: 11 tid 105934
0 1 tid 105934
128 7 tid 105934
342 2 tid 105934
529 8 tid 105934
656 10 tid 105934
783 11 tid 105934
190 tid 105934
Insert  tid 105934
FindTargetPageId rootid 3 tid 105934
target_page_id id: 11 tid 105934
0 1 tid 105934
128 7 tid 105934
342 2 tid 105934
529 8 tid 105934
656 10 tid 105934
783 11 tid 105934
191 tid 105934
Insert  tid 105934
FindTargetPageId rootid 3 tid 105934
target_page_id id: 11 tid 105934
0 1 tid 105934
128 7 tid 105934
342 2 tid 105934
529 8 tid 105934
656 10 tid 105934
783 11 tid 105934
192 tid 105934
Insert  tid 105934
FindTargetPageId rootid 3 tid 105934
target_page_id id: 11 tid 105934
0 1 tid 105934
128 7 tid 105934
342 2 tid 105934
529 8 tid 105934
656 10 tid 105934
783 11 tid 105934
193 tid 105934
Insert  tid 105934
FindTargetPageId rootid 3 tid 105934
target_page_id id: 11 tid 105934
0 1 tid 105934
128 7 tid 105934
342 2 tid 105934
529 8 tid 105934
656 10 tid 105934
783 11 tid 105934
194 tid 105934
Insert  tid 105934
FindTargetPageId rootid 3 tid 105934
target_page_id id: 11 tid 105934
0 1 tid 105934
128 7 tid 105934
342 2 tid 105934
529 8 tid 105934
656 10 tid 105934
783 11 tid 105934
195 tid 105934
Insert  tid 105934
FindTargetPageId rootid 3 tid 105934
target_page_id id: 11 tid 105934
0 1 tid 105934
128 7 tid 105934
342 2 tid 105934
529 8 tid 105934
656 10 tid 105934
783 11 tid 105934
196 tid 105934
Insert  tid 105934
FindTargetPageId rootid 3 tid 105934
target_page_id id: 11 tid 105934
0 1 tid 105934
128 7 tid 105934
342 2 tid 105934
529 8 tid 105934
656 10 tid 105934
783 11 tid 105934
197 tid 105934
Insert  tid 105934
FindTargetPageId rootid 3 tid 105934
target_page_id id: 11 tid 105934
0 1 tid 105934
128 7 tid 105934
342 2 tid 105934
529 8 tid 105934
656 10 tid 105934
783 11 tid 105934
198 tid 105934
Insert  tid 105934
FindTargetPageId rootid 3 tid 105934
target_page_id id: 11 tid 105934
0 1 tid 105934
128 7 tid 105934
342 2 tid 105934
529 8 tid 105934
656 10 tid 105934
783 11 tid 105934
199 tid 105934
Insert  tid 105934
FindTargetPageId rootid 3 tid 105934
target_page_id id: 11 tid 105934
0 1 tid 105934
128 7 tid 105934
342 2 tid 105934
529 8 tid 105934
656 10 tid 105934
783 11 tid 105934
200 tid 105934
Insert  tid 105934
FindTargetPageId rootid 3 tid 105934
target_page_id id: 11 tid 105934
0 1 tid 105934
128 7 tid 105934
342 2 tid 105934
529 8 tid 105934
656 10 tid 105934
783 11 tid 105934
201 tid 105934
Insert  tid 105934
FindTargetPageId rootid 3 tid 105934
target_page_id id: 11 tid 105934
0 1 tid 105934
128 7 tid 105934
342 2 tid 105934
529 8 tid 105934
656 10 tid 105934
783 11 tid 105934
202 tid 105934
Insert  tid 105934
FindTargetPageId rootid 3 tid 105934
target_page_id id: 11 tid 105934
0 1 tid 105934
128 7 tid 105934
342 2 tid 105934
529 8 tid 105934
656 10 tid 105934
783 11 tid 105934
203 tid 105934
Insert  tid 105934
FindTargetPageId rootid 3 tid 105934
target_page_id id: 11 tid 105934
0 1 tid 105934
128 7 tid 105934
342 2 tid 105934
529 8 tid 105934
656 10 tid 105934
783 11 tid 105934
204 tid 105934
Insert  tid 105934
FindTargetPageId rootid 3 tid 105934
target_page_id id: 11 tid 105934
0 1 tid 105934
128 7 tid 105934
342 2 tid 105934
529 8 tid 105934
656 10 tid 105934
783 11 tid 105934
205 tid 105934
Insert  tid 105934
FindTargetPageId rootid 3 tid 105934
target_page_id id: 11 tid 105934
0 1 tid 105934
128 7 tid 105934
342 2 tid 105934
529 8 tid 105934
656 10 tid 105934
783 11 tid 105934
206 tid 105934
Insert  tid 105934
FindTargetPageId rootid 3 tid 105934
target_page_id id: 11 tid 105934
0 1 tid 105934
128 7 tid 105934
342 2 tid 105934
529 8 tid 105934
656 10 tid 105934
783 11 tid 105934
207 tid 105934
Insert  tid 105934
FindTargetPageId rootid 3 tid 105934
target_page_id id: 11 tid 105934
0 1 tid 105934
128 7 tid 105934
342 2 tid 105934
529 8 tid 105934
656 10 tid 105934
783 11 tid 105934
208 tid 105934
Insert  tid 105934
FindTargetPageId rootid 3 tid 105934
target_page_id id: 11 tid 105934
0 1 tid 105934
128 7 tid 105934
342 2 tid 105934
529 8 tid 105934
656 10 tid 105934
783 11 tid 105934
209 tid 105934
Insert  tid 105934
FindTargetPageId rootid 3 tid 105934
target_page_id id: 11 tid 105934
0 1 tid 105934
128 7 tid 105934
342 2 tid 105934
529 8 tid 105934
656 10 tid 105934
783 11 tid 105934
210 tid 105934
Insert  tid 105934
FindTargetPageId rootid 3 tid 105934
target_page_id id: 11 tid 105934
0 1 tid 105934
128 7 tid 105934
342 2 tid 105934
529 8 tid 105934
656 10 tid 105934
783 11 tid 105934
211 tid 105934
Insert  tid 105934
FindTargetPageId rootid 3 tid 105934
target_page_id id: 11 tid 105934
0 1 tid 105934
128 7 tid 105934
342 2 tid 105934
529 8 tid 105934
656 10 tid 105934
783 11 tid 105934
212 tid 105934
Insert  tid 105934
FindTargetPageId rootid 3 tid 105934
target_page_id id: 11 tid 105934
0 1 tid 105934
128 7 tid 105934
342 2 tid 105934
529 8 tid 105934
656 10 tid 105934
783 11 tid 105934
213 tid 105934
Insert  tid 105934
FindTargetPageId rootid 3 tid 105934
target_page_id id: 11 tid 105934
0 1 tid 105934
128 7 tid 105934
342 2 tid 105934
529 8 tid 105934
656 10 tid 105934
783 11 tid 105934
214 tid 105934
Insert  tid 105934
FindTargetPageId rootid 3 tid 105934
target_page_id id: 11 tid 105934
0 1 tid 105934
128 7 tid 105934
342 2 tid 105934
529 8 tid 105934
656 10 tid 105934
783 11 tid 105934
215 tid 105934
Insert  tid 105934
FindTargetPageId rootid 3 tid 105934
target_page_id id: 11 tid 105934
0 1 tid 105934
128 7 tid 105934
342 2 tid 105934
529 8 tid 105934
656 10 tid 105934
783 11 tid 105934
215 tid 105934
Insert  tid 105934
FindTargetPageId rootid 3 tid 105934
target_page_id id: 11 tid 105934
0 1 tid 105934
128 7 tid 105934
342 2 tid 105934
529 8 tid 105934
656 10 tid 105934
783 11 tid 105934
215 tid 105934
Insert  tid 105934
FindTargetPageId rootid 3 tid 105934
target_page_id id: 11 tid 105934
0 1 tid 105934
128 7 tid 105934
342 2 tid 105934
529 8 tid 105934
656 10 tid 105934
783 11 tid 105934
215 tid 105934
Insert  tid 105934
FindTargetPageId rootid 3 tid 105934
target_page_id id: 11 tid 105934
0 1 tid 105934
128 7 tid 105934
342 2 tid 105934
529 8 tid 105934
656 10 tid 105934
783 11 tid 105934
215 tid 105934
Insert  tid 105934
FindTargetPageId rootid 3 tid 105934
target_page_id id: 11 tid 105934
0 1 tid 105934
128 7 tid 105934
342 2 tid 105934
529 8 tid 105934
656 10 tid 105934
783 11 tid 105934
215 tid 105934
Insert  tid 105934
FindTargetPageId rootid 3 tid 105934
target_page_id id: 11 tid 105934
0 1 tid 105934
128 7 tid 105934
342 2 tid 105934
529 8 tid 105934
656 10 tid 105934
783 11 tid 105934
215 tid 105934
Insert  tid 105934
FindTargetPageId rootid 3 tid 105934
target_page_id id: 11 tid 105934
0 1 tid 105934
128 7 tid 105934
342 2 tid 105934
529 8 tid 105934
656 10 tid 105934
783 11 tid 105934
215 tid 105934
Insert  tid 105934
FindTargetPageId rootid 3 tid 105934
target_page_id id: 11 tid 105934
0 1 tid 105934
128 7 tid 105934
342 2 tid 105934
529 8 tid 105934
656 10 tid 105934
783 11 tid 105934
215 tid 105934
Insert  tid 105934
FindTargetPageId rootid 3 tid 105934
target_page_id id: 11 tid 105934
0 1 tid 105934
128 7 tid 105934
342 2 tid 105934
529 8 tid 105934
656 10 tid 105934
783 11 tid 105934
215 tid 105934
Insert  tid 105934
FindTargetPageId rootid 3 tid 105934
target_page_id id: 11 tid 105934
0 1 tid 105934
128 7 tid 105934
342 2 tid 105934
529 8 tid 105934
656 10 tid 105934
783 11 tid 105934
215 tid 105934
Insert  tid 105934
FindTargetPageId rootid 3 tid 105934
target_page_id id: 11 tid 105934
0 1 tid 105934
128 7 tid 105934
342 2 tid 105934
529 8 tid 105934
656 10 tid 105934
783 11 tid 105934
215 tid 105934
Insert  tid 105934
FindTargetPageId rootid 3 tid 105934
target_page_id id: 11 tid 105934
0 1 tid 105934
128 7 tid 105934
342 2 tid 105934
529 8 tid 105934
656 10 tid 105934
783 11 tid 105934
215 tid 105934
Insert  tid 105934
FindTargetPageId rootid 3 tid 105934
target_page_id id: 11 tid 105934
0 1 tid 105934
128 7 tid 105934
342 2 tid 105934
529 8 tid 105934
656 10 tid 105934
783 11 tid 105934
215 tid 105934
Insert  tid 105934
FindTargetPageId rootid 3 tid 105934
target_page_id id: 11 tid 105934
0 1 tid 105934
128 7 tid 105934
342 2 tid 105934
529 8 tid 105934
656 10 tid 105934
783 11 tid 105934
215 tid 105934
Insert  tid 105934
FindTargetPageId rootid 3 tid 105934
target_page_id id: 11 tid 105934
0 1 tid 105934
128 7 tid 105934
342 2 tid 105934
529 8 tid 105934
656 10 tid 105934
783 11 tid 105934
215 tid 105934
Insert  tid 105934
FindTargetPageId rootid 3 tid 105934
target_page_id id: 11 tid 105934
0 1 tid 105934
128 7 tid 105934
342 2 tid 105934
529 8 tid 105934
656 10 tid 105934
783 11 tid 105934
215 tid 105934
Insert  tid 105934
FindTargetPageId rootid 3 tid 105934
target_page_id id: 11 tid 105934
0 1 tid 105934
128 7 tid 105934
342 2 tid 105934
529 8 tid 105934
656 10 tid 105934
783 11 tid 105934
215 tid 105934
Insert  tid 105934
FindTargetPageId rootid 3 tid 105934
target_page_id id: 11 tid 105934
0 1 tid 105934
128 7 tid 105934
342 2 tid 105934
529 8 tid 105934
656 10 tid 105934
783 11 tid 105934
215 tid 105934
Insert  tid 105934
FindTargetPageId rootid 3 tid 105934
target_page_id id: 11 tid 105934
0 1 tid 105934
128 7 tid 105934
342 2 tid 105934
529 8 tid 105934
656 10 tid 105934
783 11 tid 105934
215 tid 105934
Insert  tid 105934
FindTargetPageId rootid 3 tid 105934
target_page_id id: 11 tid 105934
0 1 tid 105934
128 7 tid 105934
342 2 tid 105934
529 8 tid 105934
656 10 tid 105934
783 11 tid 105934
215 tid 105934
Insert  tid 105934
FindTargetPageId rootid 3 tid 105934
target_page_id id: 11 tid 105934
0 1 tid 105934
128 7 tid 105934
342 2 tid 105934
529 8 tid 105934
656 10 tid 105934
783 11 tid 105934
215 tid 105934
Insert  tid 105934
FindTargetPageId rootid 3 tid 105934
target_page_id id: 11 tid 105934
0 1 tid 105934
128 7 tid 105934
342 2 tid 105934
529 8 tid 105934
656 10 tid 105934
783 11 tid 105934
215 tid 105934
Insert  tid 105934
FindTargetPageId rootid 3 tid 105934
target_page_id id: 11 tid 105934
0 1 tid 105934
128 7 tid 105934
342 2 tid 105934
529 8 tid 105934
656 10 tid 105934
783 11 tid 105934
215 tid 105934
Insert  tid 105934
FindTargetPageId rootid 3 tid 105934
target_page_id id: 11 tid 105934
0 1 tid 105934
128 7 tid 105934
342 2 tid 105934
529 8 tid 105934
656 10 tid 105934
783 11 tid 105934
215 tid 105934
Insert  tid 105934
FindTargetPageId rootid 3 tid 105934
target_page_id id: 11 tid 105934
0 1 tid 105934
128 7 tid 105934
342 2 tid 105934
529 8 tid 105934
656 10 tid 105934
783 11 tid 105934
215 tid 105934
Insert  tid 105934
FindTargetPageId rootid 3 tid 105934
target_page_id id: 11 tid 105934
0 1 tid 105934
128 7 tid 105934
342 2 tid 105934
529 8 tid 105934
656 10 tid 105934
783 11 tid 105934
215 tid 105934
Insert  tid 105934
FindTargetPageId rootid 3 tid 105934
target_page_id id: 11 tid 105934
0 1 tid 105934
128 7 tid 105934
342 2 tid 105934
529 8 tid 105934
656 10 tid 105934
783 11 tid 105934
215 tid 105934
Insert  tid 105934
FindTargetPageId rootid 3 tid 105934
target_page_id id: 11 tid 105934
0 1 tid 105934
128 7 tid 105934
342 2 tid 105934
529 8 tid 105934
656 10 tid 105934
783 11 tid 105934
215 tid 105934
Insert  tid 105934
FindTargetPageId rootid 3 tid 105934
target_page_id id: 11 tid 105934
0 1 tid 105934
128 7 tid 105934
342 2 tid 105934
529 8 tid 105934
656 10 tid 105934
783 11 tid 105934
215 tid 105934
Insert  tid 105934
FindTargetPageId rootid 3 tid 105934
target_page_id id: 11 tid 105934
0 1 tid 105934
128 7 tid 105934
342 2 tid 105934
529 8 tid 105934
656 10 tid 105934
783 11 tid 105934
215 tid 105934
Insert  tid 105934
FindTargetPageId rootid 3 tid 105934
target_page_id id: 11 tid 105934
0 1 tid 105934
128 7 tid 105934
342 2 tid 105934
529 8 tid 105934
656 10 tid 105934
783 11 tid 105934
215 tid 105934
Insert  tid 105934
FindTargetPageId rootid 3 tid 105934
target_page_id id: 11 tid 105934
0 1 tid 105934
128 7 tid 105934
342 2 tid 105934
529 8 tid 105934
656 10 tid 105934
783 11 tid 105934
215 tid 105934
Insert  tid 105934
FindTargetPageId rootid 3 tid 105934
target_page_id id: 11 tid 105934
0 1 tid 105934
128 7 tid 105934
342 2 tid 105934
529 8 tid 105934
656 10 tid 105934
783 11 tid 105934
215 tid 105934
Insert  tid 105934
FindTargetPageId rootid 3 tid 105934
target_page_id id: 11 tid 105934
0 1 tid 105934
128 7 tid 105934
342 2 tid 105934
529 8 tid 105934
656 10 tid 105934
783 11 tid 105934
215 tid 105934
Insert  tid 105934
FindTargetPageId rootid 3 tid 105934
target_page_id id: 11 tid 105934
0 1 tid 105934
128 7 tid 105934
342 2 tid 105934
529 8 tid 105934
656 10 tid 105934
783 11 tid 105934
215 tid 105934
Insert  tid 105934
FindTargetPageId rootid 3 tid 105934
target_page_id id: 11 tid 105934
0 1 tid 105934
128 7 tid 105934
342 2 tid 105934
529 8 tid 105934
656 10 tid 105934
783 11 tid 105934
215 tid 105934
Insert  tid 105934
FindTargetPageId rootid 3 tid 105934
target_page_id id: 11 tid 105934
0 1 tid 105934
128 7 tid 105934
342 2 tid 105934
529 8 tid 105934
656 10 tid 105934
783 11 tid 105934
215 tid 105934
Insert  tid 105934
FindTargetPageId rootid 3 tid 105934
target_page_id id: 11 tid 105934
0 1 tid 105934
128 7 tid 105934
342 2 tid 105934
529 8 tid 105934
656 10 tid 105934
783 11 tid 105934
215 tid 105934
Insert  tid 105934
FindTargetPageId rootid 3 tid 105934
target_page_id id: 11 tid 105934
0 1 tid 105934
128 7 tid 105934
342 2 tid 105934
529 8 tid 105934
656 10 tid 105934
783 11 tid 105934
216 tid 105934
Insert  tid 105934
FindTargetPageId rootid 3 tid 105934
target_page_id id: 11 tid 105934
0 1 tid 105934
128 7 tid 105934
342 2 tid 105934
529 8 tid 105934
656 10 tid 105934
783 11 tid 105934
217 tid 105934
leaf_max_size 254
Insert  tid 105929
Insert  tid 105929
new root page id: 1 tid 105929
Insert  tid 105929
FindTargetPageId rootid 1 tid 105929
1 tid 105929
Insert  tid 105929
FindTargetPageId rootid 1 tid 105929
2 tid 105929
Insert  tid 105929
FindTargetPageId rootid 1 tid 105929
3 tid 105929
Insert  tid 105929
FindTargetPageId rootid 1 tid 105929
4 tid 105929
Insert  tid 105929
FindTargetPageId rootid 1 tid 105929
5 tid 105929
Insert  tid 105929
FindTargetPageId rootid 1 tid 105929
6 tid 105929
Insert  tid 105929
FindTargetPageId rootid 1 tid 105929
7 tid 105929
Insert  tid 105929
FindTargetPageId rootid 1 tid 105929
8 tid 105929
Insert  tid 105929
FindTargetPageId rootid 1 tid 105929
9 tid 105929
Insert  tid 105929
FindTargetPageId rootid 1 tid 105929
10 tid 105929
Insert  tid 105929
FindTargetPageId rootid 1 tid 105929
11 tid 105929
Insert  tid 105929
FindTargetPageId rootid 1 tid 105929
12 tid 105929
Insert  tid 105929
FindTargetPageId rootid 1 tid 105929
13 tid 105929
Insert  tid 105929
FindTargetPageId rootid 1 tid 105929
14 tid 105929
Insert  tid 105929
FindTargetPageId rootid 1 tid 105929
15 tid 105929
Insert  tid 105929
FindTargetPageId rootid 1 tid 105929
16 tid 105929
Insert  tid 105929
FindTargetPageId rootid 1 tid 105929
17 tid 105929
Insert  tid 105929
FindTargetPageId rootid 1 tid 105929
18 tid 105929
Insert  tid 105929
FindTargetPageId rootid 1 tid 105929
19 tid 105929
Insert  tid 105929
FindTargetPageId rootid 1 tid 105929
20 tid 105929
Insert  tid 105929
FindTargetPageId rootid 1 tid 105929
21 tid 105929
Insert  tid 105929
FindTargetPageId rootid 1 tid 105929
22 tid 105929
Insert  tid 105929
FindTargetPageId rootid 1 tid 105929
23 tid 105929
Insert  tid 105929
FindTargetPageId rootid 1 tid 105929
24 tid 105929
Insert  tid 105929
FindTargetPageId rootid 1 tid 105929
25 tid 105929
Insert  tid 105929
FindTargetPageId rootid 1 tid 105929
26 tid 105929
Insert  tid 105929
FindTargetPageId rootid 1 tid 105929
27 tid 105929
Insert  tid 105929
FindTargetPageId rootid 1 tid 105929
28 tid 105929
Insert  tid 105929
FindTargetPageId rootid 1 tid 105929
29 tid 105929
Insert  tid 105929
FindTargetPageId rootid 1 tid 105929
30 tid 105929
Insert  tid 105929
FindTargetPageId rootid 1 tid 105929
31 tid 105929
Insert  tid 105929
FindTargetPageId rootid 1 tid 105929
32 tid 105929
Insert  tid 105929
FindTargetPageId rootid 1 tid 105929
33 tid 105929
Insert  tid 105929
FindTargetPageId rootid 1 tid 105929
34 tid 105929
Insert  tid 105929
FindTargetPageId rootid 1 tid 105929
35 tid 105929
Insert  tid 105929
FindTargetPageId rootid 1 tid 105929
36 tid 105929
Insert  tid 105929
FindTargetPageId rootid 1 tid 105929
37 tid 105929
Insert  tid 105929
FindTargetPageId rootid 1 tid 105929
38 tid 105929
Insert  tid 105929
FindTargetPageId rootid 1 tid 105929
39 tid 105929
Insert  tid 105929
FindTargetPageId rootid 1 tid 105929
40 tid 105929
Insert  tid 105929
FindTargetPageId rootid 1 tid 105929
41 tid 105929
Insert  tid 105929
FindTargetPageId rootid 1 tid 105929
42 tid 105929
Insert  tid 105929
FindTargetPageId rootid 1 tid 105929
43 tid 105929
Insert  tid 105929
FindTargetPageId rootid 1 tid 105929
44 tid 105929
Insert  tid 105929
FindTargetPageId rootid 1 tid 105929
45 tid 105929
Insert  tid 105929
FindTargetPageId rootid 1 tid 105929
46 tid 105929
Insert  tid 105929
FindTargetPageId rootid 1 tid 105929
47 tid 105929
Insert  tid 105929
FindTargetPageId rootid 1 tid 105929
48 tid 105929
Insert  tid 105929
FindTargetPageId rootid 1 tid 105929
49 tid 105929
Insert  tid 105929
FindTargetPageId rootid 1 tid 105929
50 tid 105929
Insert  tid 105929
FindTargetPageId rootid 1 tid 105929
51 tid 105929
Insert  tid 105929
FindTargetPageId rootid 1 tid 105929
52 tid 105929
Insert  tid 105929
FindTargetPageId rootid 1 tid 105929
53 tid 105929
Insert  tid 105929
FindTargetPageId rootid 1 tid 105929
54 tid 105929
Insert  tid 105929
FindTargetPageId rootid 1 tid 105929
55 tid 105929
Insert  tid 105929
FindTargetPageId rootid 1 tid 105929
56 tid 105929
Insert  tid 105929
FindTargetPageId rootid 1 tid 105929
57 tid 105929
Insert  tid 105929
FindTargetPageId rootid 1 tid 105929
58 tid 105929
Insert  tid 105929
FindTargetPageId rootid 1 tid 105929
59 tid 105929
Insert  tid 105929
FindTargetPageId rootid 1 tid 105929
60 tid 105929
Insert  tid 105929
FindTargetPageId rootid 1 tid 105929
61 tid 105929
Insert  tid 105929
FindTargetPageId rootid 1 tid 105929
62 tid 105929
Insert  tid 105929
FindTargetPageId rootid 1 tid 105929
63 tid 105929
Insert  tid 105929
FindTargetPageId rootid 1 tid 105929
64 tid 105929
Insert  tid 105929
FindTargetPageId rootid 1 tid 105929
65 tid 105929
Insert  tid 105929
FindTargetPageId rootid 1 tid 105929
66 tid 105929
Insert  tid 105929
FindTargetPageId rootid 1 tid 105929
67 tid 105929
Insert  tid 105929
FindTargetPageId rootid 1 tid 105929
68 tid 105929
Insert  tid 105929
FindTargetPageId rootid 1 tid 105929
69 tid 105929
Insert  tid 105929
FindTargetPageId rootid 1 tid 105929
70 tid 105929
Insert  tid 105929
FindTargetPageId rootid 1 tid 105929
71 tid 105929
Insert  tid 105929
FindTargetPageId rootid 1 tid 105929
72 tid 105929
Insert  tid 105929
FindTargetPageId rootid 1 tid 105929
73 tid 105929
Insert  tid 105929
FindTargetPageId rootid 1 tid 105929
74 tid 105929
Insert  tid 105929
FindTargetPageId rootid 1 tid 105929
75 tid 105929
Insert  tid 105929
FindTargetPageId rootid 1 tid 105929
76 tid 105929
Insert  tid 105929
FindTargetPageId rootid 1 tid 105929
77 tid 105929
Insert  tid 105929
FindTargetPageId rootid 1 tid 105929
78 tid 105929
Insert  tid 105929
FindTargetPageId rootid 1 tid 105929
79 tid 105929
Insert  tid 105929
FindTargetPageId rootid 1 tid 105929
80 tid 105929
Insert  tid 105929
FindTargetPageId rootid 1 tid 105929
81 tid 105929
Insert  tid 105929
FindTargetPageId rootid 1 tid 105929
82 tid 105929
Insert  tid 105929
FindTargetPageId rootid 1 tid 105929
83 tid 105929
Insert  tid 105929
FindTargetPageId rootid 1 tid 105929
84 tid 105929
Insert  tid 105929
FindTargetPageId rootid 1 tid 105929
85 tid 105929
Insert  tid 105929
FindTargetPageId rootid 1 tid 105929
86 tid 105929
Insert  tid 105929
FindTargetPageId rootid 1 tid 105929
87 tid 105929
Insert  tid 105929
FindTargetPageId rootid 1 tid 105929
88 tid 105929
Insert  tid 105929
FindTargetPageId rootid 1 tid 105929
89 tid 105929
Insert  tid 105929
FindTargetPageId rootid 1 tid 105929
90 tid 105929
Insert  tid 105929
FindTargetPageId rootid 1 tid 105929
91 tid 105929
Insert  tid 105929
FindTargetPageId rootid 1 tid 105929
92 tid 105929
Insert  tid 105929
FindTargetPageId rootid 1 tid 105929
93 tid 105929
Insert  tid 105929
FindTargetPageId rootid 1 tid 105929
94 tid 105929
Insert  tid 105929
FindTargetPageId rootid 1 tid 105929
95 tid 105929
Insert  tid 105929
FindTargetPageId rootid 1 tid 105929
96 tid 105929
Insert  tid 105929
FindTargetPageId rootid 1 tid 105929
97 tid 105929
Insert  tid 105929
FindTargetPageId rootid 1 tid 105929
98 tid 105929
Insert  tid 105929
FindTargetPageId rootid 1 tid 105929
99 tid 105929
Insert  tid 105929
FindTargetPageId rootid 1 tid 105929
100 tid 105929
Insert  tid 105929
FindTargetPageId rootid 1 tid 105929
101 tid 105929
Insert  tid 105929
FindTargetPageId rootid 1 tid 105929
102 tid 105929
Insert  tid 105929
FindTargetPageId rootid 1 tid 105929
103 tid 105929
Insert  tid 105929
FindTargetPageId rootid 1 tid 105929
104 tid 105929
Insert  tid 105929
FindTargetPageId rootid 1 tid 105929
105 tid 105929
Insert  tid 105929
FindTargetPageId rootid 1 tid 105929
106 tid 105929
Insert  tid 105929
FindTargetPageId rootid 1 tid 105929
107 tid 105929
Insert  tid 105929
FindTargetPageId rootid 1 tid 105929
108 tid 105929
Insert  tid 105929
FindTargetPageId rootid 1 tid 105929
109 tid 105929
Insert  tid 105929
FindTargetPageId rootid 1 tid 105929
110 tid 105929
Insert  tid 105929
FindTargetPageId rootid 1 tid 105929
111 tid 105929
Insert  tid 105929
FindTargetPageId rootid 1 tid 105929
112 tid 105929
Insert  tid 105929
FindTargetPageId rootid 1 tid 105929
113 tid 105929
Insert  tid 105929
FindTargetPageId rootid 1 tid 105929
114 tid 105929
Insert  tid 105929
FindTargetPageId rootid 1 tid 105929
115 tid 105929
Insert  tid 105929
FindTargetPageId rootid 1 tid 105929
116 tid 105929
Insert  tid 105929
FindTargetPageId rootid 1 tid 105929
117 tid 105929
Insert  tid 105929
FindTargetPageId rootid 1 tid 105929
118 tid 105929
Insert  tid 105929
FindTargetPageId rootid 1 tid 105929
119 tid 105929
Insert  tid 105929
FindTargetPageId rootid 1 tid 105929
120 tid 105929
Insert  tid 105929
FindTargetPageId rootid 1 tid 105929
121 tid 105929
Insert  tid 105929
FindTargetPageId rootid 1 tid 105929
122 tid 105929
Insert  tid 105929
FindTargetPageId rootid 1 tid 105929
123 tid 105929
Insert  tid 105929
FindTargetPageId rootid 1 tid 105929
124 tid 105929
Insert  tid 105929
FindTargetPageId rootid 1 tid 105929
125 tid 105929
Insert  tid 105929
FindTargetPageId rootid 1 tid 105929
126 tid 105929
Insert  tid 105929
FindTargetPageId rootid 1 tid 105929
127 tid 105929
Insert  tid 105929
FindTargetPageId rootid 1 tid 105929
128 tid 105929
Insert  tid 105929
FindTargetPageId rootid 1 tid 105929
129 tid 105929
Insert  tid 105929
FindTargetPageId rootid 1 tid 105929
130 tid 105929
Insert  tid 105929
FindTargetPageId rootid 1 tid 105929
131 tid 105929
Insert  tid 105929
FindTargetPageId rootid 1 tid 105929
132 tid 105929
Insert  tid 105929
FindTargetPageId rootid 1 tid 105929
133 tid 105929
Insert  tid 105929
FindTargetPageId rootid 1 tid 105929
134 tid 105929
Insert  tid 105929
FindTargetPageId rootid 1 tid 105929
135 tid 105929
Insert  tid 105929
FindTargetPageId rootid 1 tid 105929
136 tid 105929
Insert  tid 105929
FindTargetPageId rootid 1 tid 105929
137 tid 105929
Insert  tid 105929
FindTargetPageId rootid 1 tid 105929
138 tid 105929
Insert  tid 105929
FindTargetPageId rootid 1 tid 105929
139 tid 105929
Insert  tid 105929
FindTargetPageId rootid 1 tid 105929
140 tid 105929
Insert  tid 105929
FindTargetPageId rootid 1 tid 105929
141 tid 105929
Insert  tid 105929
FindTargetPageId rootid 1 tid 105929
142 tid 105929
Insert  tid 105929
FindTargetPageId rootid 1 tid 105929
143 tid 105929
Insert  tid 105929
FindTargetPageId rootid 1 tid 105929
144 tid 105929
Insert  tid 105929
FindTargetPageId rootid 1 tid 105929
145 tid 105929
Insert  tid 105929
FindTargetPageId rootid 1 tid 105929
146 tid 105929
Insert  tid 105929
FindTargetPageId rootid 1 tid 105929
147 tid 105929
Insert  tid 105929
FindTargetPageId rootid 1 tid 105929
148 tid 105929
Insert  tid 105929
FindTargetPageId rootid 1 tid 105929
149 tid 105929
Insert  tid 105929
FindTargetPageId rootid 1 tid 105929
150 tid 105929
Insert  tid 105929
FindTargetPageId rootid 1 tid 105929
151 tid 105929
Insert  tid 105929
FindTargetPageId rootid 1 tid 105929
152 tid 105929
Insert  tid 105929
FindTargetPageId rootid 1 tid 105929
153 tid 105929
Insert  tid 105929
FindTargetPageId rootid 1 tid 105929
154 tid 105929
Insert  tid 105929
FindTargetPageId rootid 1 tid 105929
155 tid 105929
Insert  tid 105929
FindTargetPageId rootid 1 tid 105929
156 tid 105929
Insert  tid 105929
FindTargetPageId rootid 1 tid 105929
157 tid 105929
Insert  tid 105929
FindTargetPageId rootid 1 tid 105929
158 tid 105929
Insert  tid 105929
FindTargetPageId rootid 1 tid 105929
159 tid 105929
Insert  tid 105929
FindTargetPageId rootid 1 tid 105929
160 tid 105929
Insert  tid 105929
FindTargetPageId rootid 1 tid 105929
161 tid 105929
Insert  tid 105929
FindTargetPageId rootid 1 tid 105929
162 tid 105929
Insert  tid 105929
FindTargetPageId rootid 1 tid 105929
163 tid 105929
Insert  tid 105929
FindTargetPageId rootid 1 tid 105929
164 tid 105929
Insert  tid 105929
FindTargetPageId rootid 1 tid 105929
165 tid 105929
Insert  tid 105929
FindTargetPageId rootid 1 tid 105929
166 tid 105929
Insert  tid 105929
FindTargetPageId rootid 1 tid 105929
167 tid 105929
Insert  tid 105929
FindTargetPageId rootid 1 tid 105929
168 tid 105929
Insert  tid 105929
FindTargetPageId rootid 1 tid 105929
169 tid 105929
Insert  tid 105929
FindTargetPageId rootid 1 tid 105929
170 tid 105929
Insert  tid 105929
FindTargetPageId rootid 1 tid 105929
171 tid 105929
Insert  tid 105929
FindTargetPageId rootid 1 tid 105929
172 tid 105929
Insert  tid 105929
FindTargetPageId rootid 1 tid 105929
173 tid 105929
Insert  tid 105929
FindTargetPageId rootid 1 tid 105929
174 tid 105929
Insert  tid 105929
FindTargetPageId rootid 1 tid 105929
175 tid 105929
Insert  tid 105929
FindTargetPageId rootid 1 tid 105929
176 tid 105929
Insert  tid 105929
FindTargetPageId rootid 1 tid 105929
177 tid 105929
Insert  tid 105929
FindTargetPageId rootid 1 tid 105929
178 tid 105929
Insert  tid 105929
FindTargetPageId rootid 1 tid 105929
179 tid 105929
Insert  tid 105929
FindTargetPageId rootid 1 tid 105929
180 tid 105929
Insert  tid 105929
FindTargetPageId rootid 1 tid 105929
181 tid 105929
Insert  tid 105929
FindTargetPageId rootid 1 tid 105929
182 tid 105929
Insert  tid 105929
FindTargetPageId rootid 1 tid 105929
183 tid 105929
Insert  tid 105929
FindTargetPageId rootid 1 tid 105929
184 tid 105929
Insert  tid 105929
FindTargetPageId rootid 1 tid 105929
185 tid 105929
Insert  tid 105929
FindTargetPageId rootid 1 tid 105929
186 tid 105929
Insert  tid 105929
FindTargetPageId rootid 1 tid 105929
187 tid 105929
Insert  tid 105929
FindTargetPageId rootid 1 tid 105929
188 tid 105929
Insert  tid 105929
FindTargetPageId rootid 1 tid 105929
189 tid 105929
Insert  tid 105929
FindTargetPageId rootid 1 tid 105929
190 tid 105929
Insert  tid 105929
FindTargetPageId rootid 1 tid 105929
191 tid 105929
Insert  tid 105929
FindTargetPageId rootid 1 tid 105929
192 tid 105929
Insert  tid 105929
FindTargetPageId rootid 1 tid 105929
193 tid 105929
Insert  tid 105929
FindTargetPageId rootid 1 tid 105929
194 tid 105929
Insert  tid 105929
FindTargetPageId rootid 1 tid 105929
195 tid 105929
Insert  tid 105929
FindTargetPageId rootid 1 tid 105929
196 tid 105929
Insert  tid 105929
FindTargetPageId rootid 1 tid 105929
197 tid 105929
Insert  tid 105929
FindTargetPageId rootid 1 tid 105929
198 tid 105929
Insert  tid 105929
FindTargetPageId rootid 1 tid 105929
199 tid 105929
Insert  tid 105941
Insert  tid 105941
FindTargetPageId rootid 1 tid 105941
200 tid 105941
Insert  tid 105941
Remove  tid 105942
FindTargetPageId rootid 1 tid 105941
201 tid 105941
Insert  tid 105941
Remove  tid 105942
FindTargetPageId rootid 1 tid 105941
202 tid 105941
Insert  tid 105941
FindTargetPageId rootid 1 tid 105941
203 tid 105941
Insert  tid 105941
FindTargetPageId rootid 1 tid 105941
204 tid 105941
Insert  tid 105941
FindTargetPageId rootid 1 tid 105942
205 tid 105942
Remove  tid 105942
Insert  tid 105943
FindTargetPageId rootid 1 tid Insert  tid 105943
105942
204 tid 105942
Remove  tid 105942
FindTargetPageId rootid 1 tid 105942
203 tid 105942
Remove  tid 105942
FindTargetPageId rootid 1 tid 105942
202 tid 105942
Remove  tid 105942
FindTargetPageId rootid 1 tid 105942
201 tid 105942
Remove  tid 105942
FindTargetPageId rootid 1 tid 105942
200 tid 105942
Remove  tid 105942
FindTargetPageId rootid 1 tid 105942
200 tid 105942
Remove  tid 105942
FindTargetPageId rootid 1 tid 105942
200 tid 105942
Remove  tid 105942
FindTargetPageId rootid 1 tid 105942
200 tid 105942
Remove  tid 105942
FindTargetPageId rootid 1 tid 105942
200 tid 105942
Remove  tid 105942
FindTargetPageId rootid 1 tid 105943
200 tid 105943
Insert  tid 105943
FindTargetPageId rootid 1 tid 105943
201 tid 105943
Insert  tid 105943
FindTargetPageId rootid 1 tid 105941
202 tid 105941
Insert  tid 105941
FindTargetPageId rootid 1 tid 105941
203 tid 105941
Insert  tid 105941
FindTargetPageId rootid 1 tid 105941
204 tid 105941
Insert  tid 105941
FindTargetPageId rootid 1 tid 105941
205 tid 105941
Insert  tid 105941
FindTargetPageId rootid 1 tid 105942
206 tid 105942
Remove  tid 105942
FindTargetPageId rootid 1 tid 105942
206 tid 105942
Remove  tid 105942
FindTargetPageId rootid 1 tid 105942
206 tid 105942
Remove  tid 105942
FindTargetPageId rootid 1 tid 105942
206 tid 105942
Remove  tid 105942
FindTargetPageId rootid 1 tid 105942
206 tid 105942
Remove  tid 105942
FindTargetPageId rootid 1 tid 105942
206 tid 105942
Remove  tid 105942
FindTargetPageId rootid 1 tid 105942
206 tid 105942
Remove  tid 105942
FindTargetPageId rootid 1 tid 105942
206 tid 105942
Remove  tid 105942
FindTargetPageId rootid 1 tid 105942
206 tid 105942
Remove  tid 105942
FindTargetPageId rootid 1 tid 105942
206 tid 105942
Remove  tid 105942
FindTargetPageId rootid 1 tid 105942
206 tid 105942
Remove  tid 105942
FindTargetPageId rootid 1 tid 105942
206 tid 105942
Remove  tid 105942
FindTargetPageId rootid 1 tid 105942
206 tid 105942
Remove  tid 105942
FindTargetPageId rootid 1 tid 105941
206 tid 105941
Insert  tid 105941
FindTargetPageId rootid 1 tid 105943
207 tid 105943
Insert  tid 105943
FindTargetPageId rootid 1 tid 105942
208 tid 105942
Remove  tid 105942
FindTargetPageId rootid 1 tid 105941
208 tid 105941
Insert  tid 105941
FindTargetPageId rootid 1 tid 105943
209 tid 105943
Insert  tid 105943
FindTargetPageId rootid 1 tid 105943
210 tid 105943
Insert  tid 105943
FindTargetPageId rootid 1 tid 105941
211 tid 105941
Insert  tid 105941
FindTargetPageId rootid 1 tid 105942
212 tid 105942
Remove  tid 105942
FindTargetPageId rootid 1 tid 105943
212 tid 105943
Insert  tid 105943
FindTargetPageId rootid 1 tid 105941
212 tid 105941
Insert  tid 105941
FindTargetPageId rootid 1 tid 105942
213 tid 105942
Remove  tid 105942
FindTargetPageId rootid 1 tid 105943
213 tid 105943
Insert  tid 105943
FindTargetPageId rootid 1 tid 105943
213 tid 105943
Insert  tid 105943
FindTargetPageId rootid 1 tid 105943
213 tid 105943
Insert  tid 105943
FindTargetPageId rootid 1 tid 105943
213 tid 105943
Insert  tid 105943
FindTargetPageId rootid 1 tid 105941
213 tid 105941
Insert  tid 105941
FindTargetPageId rootid 1 tid 105941
214 tid 105941
Insert  tid 105941
FindTargetPageId rootid 1 tid 105941
215 tid 105941
FindTargetPageId rootid 1 tid 105942
216 tid 105942
Insert  tid 105941
Remove  tid 105942
FindTargetPageId rootid 1 tid 105943
216 tid 105943
Insert  tid 105943
FindTargetPageId rootid 1 tid 105943
216 tid 105943
Insert  tid 105943
FindTargetPageId rootid 1 tid 105942
216 tid 105942
Remove  tid 105942
FindTargetPageId rootid 1 tid 105941
216 tid 105941
Insert  tid 105941
FindTargetPageId rootid 1 tid 105943
217 tid 105943
Insert  tid 105943
FindTargetPageId rootid 1 tid 105942
217 tid 105942
Remove  tid 105942
FindTargetPageId rootid 1 tid 105941
217 tid 105941
Insert  tid 105941
FindTargetPageId rootid 1 tid 105941
218 tid 105941
Insert  tid 105941
FindTargetPageId rootid 1 tid 105942
219 tid 105942
Remove  tid 105942
FindTargetPageId rootid 1 tid 105943
219 tid 105943
Insert  tid 105943
FindTargetPageId rootid 1 tid 105941
219 tid 105941
Insert  tid 105941
FindTargetPageId rootid 1 tid 105941
220 tid 105941
Insert  tid 105941
FindTargetPageId rootid 1 tid 105941
221 tid 105941
Insert  tid 105941
FindTargetPageId rootid 1 tid 105943
222 tid 105943
Insert  tid 105943
FindTargetPageId rootid 1 tid 105942
222 tid 105942
Remove  tid 105942
FindTargetPageId rootid 1 tid 105941
222 tid 105941
Insert  tid 105941
FindTargetPageId rootid 1 tid 105941
223 tid 105941
Insert  tid 105941
FindTargetPageId rootid 1 tid 105943
224 tid 105943
Insert  tid 105943
FindTargetPageId rootid 1 tid 105942
224 tid 105942
Remove  tid 105942
FindTargetPageId rootid 1 tid 105941
224 tid 105941
Insert  tid 105941
FindTargetPageId rootid 1 tid 105943
225 tid 105943
Insert  tid 105943
FindTargetPageId rootid 1 tid 105942
225 tid 105942
Remove  tid 105942
FindTargetPageId rootid 1 tid 105941
225 tid 105941
Insert  tid 105941
FindTargetPageId rootid 1 tid 105941
226 tid 105941
Insert  tid 105941
FindTargetPageId rootid 1 tid 105942
227 tid 105942
Remove  tid 105942
FindTargetPageId rootid 1 tid 105943
227 tid 105943
Insert  tid 105943
FindTargetPageId rootid 1 tid 105943
227 tid 105943
Insert  tid 105943
FindTargetPageId rootid 1 tid 105942
227 tid 105942
FindTargetPageId rootid 1 tid 105941
227 tid 105941
Remove  tid 105942
FindTargetPageId rootid 1 tid 105943
228 tid 105943
Insert  tid 105941
FindTargetPageId rootid 1 tid 105941
228 tid 105941
Insert  tid 105943
Insert  tid 105941
FindTargetPageId rootid 1 tid 105942
229 tid 105942
Remove  tid 105942
FindTargetPageId rootid 1 tid 105943
229 tid 105943
Insert  tid 105943
FindTargetPageId rootid 1 tid 105941
229 tid 105941
Insert  tid 105941
FindTargetPageId rootid 1 tid 105942
230 tid 105942
Remove  tid FindTargetPageId rootid 1 tid 105942105943

230 tid 105943
Insert  tid 105943
FindTargetPageId rootid 1 tid 105943
230 tid 105943
Insert  tid 105943
FindTargetPageId rootid 1 tid 105943
230 tid 105943
Insert  tid 105943
FindTargetPageId rootid 1 tid 105943
230 tid 105943
Insert  tid 105943
FindTargetPageId rootid 1 tid 105942
230 tid 105942
Remove  tid 105942
FindTargetPageId rootid 1 tid 105941
230 tid 105941
Insert  tid 105941
FindTargetPageId rootid 1 tid 105943
231 tid 105943
Insert  tid 105943
FindTargetPageId rootid 1 tid 105942
231 tid 105942
Remove  tid 105942
FindTargetPageId rootid 1 tid 105942
231 tid 105942
Remove  tid 105942
FindTargetPageId rootid 1 tid 105941
231 tid 105941
Insert  tid 105941
FindTargetPageId rootid 1 tid 105943
232 tid 105943
Insert  tid 105943
FindTargetPageId rootid 1 tid 105942
232 tid 105942
Remove  tid 105942
FindTargetPageId rootid 1 tid 105941
232 tid 105941
Insert  tid 105941
FindTargetPageId rootid 1 tid 105943
233 tid 105943
Insert  tid 105943
FindTargetPageId rootid 1 tid 105943
233 tid 105943
Insert  tid 105943
FindTargetPageId rootid 1 tid 105941
233 tid 105941
Insert  tid 105941
FindTargetPageId rootid 1 tid 105941
234 tid 105941
Insert  tid 105941
FindTargetPageId rootid 1 tid 105943
235 tid 105943
Insert  tid 105943
FindTargetPageId rootid 1 tid 105943
235 tid 105943
Insert  tid 105943
FindTargetPageId rootid 1 tid 105943
235 tid 105943
Insert  tid 105943
FindTargetPageId rootid 1 tid 105941
235 tid 105941
Insert  tid 105941
FindTargetPageId rootid 1 tid 105941
236 tid 105941
Insert  tid 105941
FindTargetPageId rootid 1 tid 105943
237 tid 105943
Insert  tid 105943
FindTargetPageId rootid 1 tid 105942
237 tid 105942
Remove  tid 105942
FindTargetPageId rootid 1 tid 105941
237 tid 105941
Insert  tid 105941
FindTargetPageId rootid 1 tid 105943
238 tid 105943
Insert  tid 105943
FindTargetPageId rootid 1 tid 105942
238 tid 105942
Remove  tid 105942
FindTargetPageId rootid 1 tid 105942
238 tid 105942
Remove  tid 105942
FindTargetPageId rootid 1 tid 105942
238 tid 105942
Remove  tid 105942
FindTargetPageId rootid 1 tid 105942
238 tid 105942
Remove  tid 105942
FindTargetPageId rootid 1 tid 105942
238 tid 105942
Remove  tid 105942
FindTargetPageId rootid 1 tid 105942
238 tid 105942
Remove  tid 105942
FindTargetPageId rootid 1 tid 105943
238 tid 105943
Insert  tid 105943
FindTargetPageId rootid 1 tid 105941
238 tid 105941
Insert  tid 105941
FindTargetPageId rootid 1 tid 105941
239 tid 105941
Insert  tid 105941
FindTargetPageId rootid 1 tid 105941
240 tid 105941
Insert  tid 105941
FindTargetPageId rootid 1 tid 105943
241 tid 105943
Insert  tid 105943
FindTargetPageId rootid 1 tid 105943
241 tid 105943
Insert  tid 105943
FindTargetPageId rootid 1 tid 105943
241 tid 105943
Insert  tid 105943
FindTargetPageId rootid 1 tid 105943
241 tid 105943
Insert  tid 105943
FindTargetPageId rootid 1 tid 105943
241 tid 105943
Insert  tid 105943
FindTargetPageId rootid 1 tid 105943
241 tid 105943
Insert  tid 105943
FindTargetPageId rootid 1 tid 105942
241 tid 105942
Remove  tid 105942
FindTargetPageId rootid 1 tid 105942
241 tid 105942
Remove  tid 105942
FindTargetPageId rootid 1 tid 105942
241 tid 105942
Remove  tid 105942
FindTargetPageId rootid 1 tid 105942
241 tid 105942
Remove  tid 105942
FindTargetPageId rootid 1 tid 105942
241 tid 105942
Remove  tid 105942
FindTargetPageId rootid 1 tid 105942
241 tid 105942
Remove  tid 105942
FindTargetPageId rootid 1 tid 105942
241 tid 105942
Remove  tid 105942
FindTargetPageId rootid 1 tid 105942
241 tid 105942
Remove  tid 105942
FindTargetPageId rootid 1 tid 105943
241 tid 105943
Insert  tid 105943
FindTargetPageId rootid 1 tid 105941
242 tid 105941
Insert  tid 105941
FindTargetPageId rootid 1 tid 105942
242 tid 105942
Remove  tid 105942
FindTargetPageId rootid 1 tid 105943
242 tid 105943
Insert  tid 105943
FindTargetPageId rootid 1 tid 105943
243 tid 105943
Insert  tid 105943
FindTargetPageId rootid 1 tid 105941
244 tid 105941
Insert  tid 105941
FindTargetPageId rootid 1 tid 105942
244 tid 105942
Remove  tid 105942
FindTargetPageId rootid 1 tid 105942
244 tid 105942
Remove  tid 105942
FindTargetPageId rootid 1 tid 105942
244 tid 105942
Remove  tid 105942
FindTargetPageId rootid 1 tid 105942
244 tid 105942
Remove  tid 105942
FindTargetPageId rootid 1 tid 105942
244 tid 105942
Remove  tid 105942
FindTargetPageId rootid 1 tid 105942
244 tid 105942
FindTargetPageId rootid 1 tid 105943
244 tid 105943
Remove  tid 105942
Insert  tid 105943
FindTargetPageId rootid 1 tid 105942
245 tid 105942
Remove  tid 105942
FindTargetPageId rootid 1 tid 105942
245 tid 105942
Remove  tid 105942
FindTargetPageId rootid 1 tid 105942
245 tid 105942
Remove  tid 105942
FindTargetPageId rootid 1 tid 105942
245 tid 105942
Remove  tid 105942
FindTargetPageId rootid 1 tid 105942
245 tid 105942
Remove  tid 105942
FindTargetPageId rootid 1 tid 105942
245 tid 105942
Remove  tid 105942
FindTargetPageId rootid 1 tid 105942
245 tid 105942
Remove  tid 105942
FindTargetPageId rootid 1 tid 105942
245 tid 105942
Remove  tid 105942
FindTargetPageId rootid 1 tid 105942
245 tid 105942
Remove  tid 105942
FindTargetPageId rootid 1 tid 105942
245 tid 105942
Remove  tid 105942
FindTargetPageId rootid 1 tid 105942
245 tid 105942
Remove  tid 105942
FindTargetPageId rootid 1 tid 105942
245 tid 105942
Remove  tid 105942
FindTargetPageId rootid 1 tid 105942
245 tid 105942
Remove  tid 105942
FindTargetPageId rootid 1 tid 105942
245 tid 105942
Remove  tid 105942
FindTargetPageId rootid 1 tid 105942
245 tid 105942
Remove  tid 105942
FindTargetPageId rootid 1 tid 105942
245 tid 105942
Remove  tid 105942
FindTargetPageId rootid 1 tid 105943
245 tid 105943
Insert  tid 105943
FindTargetPageId rootid 1 tid 105941
246 tid 105941
Insert  tid 105941
FindTargetPageId rootid 1 tid 105942
246 tid 105942
Remove  tid 105942
FindTargetPageId rootid 1 tid 105943
246 tid 105943
Insert  tid 105943
FindTargetPageId rootid 1 tid 105943
247 tid 105943
Insert  tid 105943
FindTargetPageId rootid 1 tid 105943
248 tid 105943
Insert  tid 105943
FindTargetPageId rootid 1 tid 105943
249 tid 105943
Insert  tid 105943
FindTargetPageId rootid 1 tid 105943
250 tid 105943
Insert  tid 105943
FindTargetPageId rootid 1 tid 105943
251 tid 105943
Insert  tid 105943
FindTargetPageId rootid 1 tid 105943
252 tid 105943
Insert  tid 105943
FindTargetPageId rootid 1 tid 105943
253 tid 105943
Insert  tid 105943
FindTargetPageId rootid 1 tid 105942
254 tid 105942
Remove  tid 105942
FindTargetPageId rootid 1 tid 105941
254 tid 105941
Insert  tid 105941
FindTargetPageId rootid 1 tid 105943
254 tid 105943
Insert  tid 105943
FindTargetPageId rootid 3 tid 105942
target_page_id id: 1 tid 105942
0 1 tid 105942
365 2 tid 105942
127 tid 105942
Remove  tid 105942
FindTargetPageId rootid 3 tid 105942
target_page_id id: 1 tid 105942
0 1 tid 105942
365 2 tid 105942
127 tid 105942
Remove  tid 105942
FindTargetPageId rootid 3 tid 105943
target_page_id id: 1 tid 105943
0 1 tid 105943
365 2 tid 105943
127 tid 105943
Insert  tid 105943
FindTargetPageId rootid 3 tid 105943
target_page_id id: 1 tid 105943
0 1 tid 105943
365 2 tid 105943
128 tid 105943
Insert  tid 105943
FindTargetPageId rootid 3 tid 105943
target_page_id id: 1 tid 105943
0 1 tid 105943
365 2 tid 105943
129 tid 105943
Insert  tid 105943
FindTargetPageId rootid 3 tid 105943
target_page_id id: 1 tid 105943
0 1 tid 105943
365 2 tid 105943
130 tid 105943
Insert  tid 105943
FindTargetPageId rootid 3 tid 105942
target_page_id id: 1 tid 105942
0 1 tid 105942
365 2 tid 105942
131 tid 105942
Remove  tid 105942
FindTargetPageId rootid 3 tid 105941
target_page_id id: 1 tid 105941
0 1 tid 105941
365 2 tid 105941
131 tid 105941
Insert  tid 105941
FindTargetPageId rootid 3 tid 105941
target_page_id id: 1 tid 105941
0 1 tid 105941
365 2 tid 105941
131 tid 105941
Insert  tid 105941
FindTargetPageId rootid 3 tid 105941
target_page_id id: 1 tid 105941
0 1 tid 105941
365 2 tid 105941
131 tid 105941
Insert  tid 105941
FindTargetPageId rootid 3 tid 105941
target_page_id id: 1 tid 105941
0 1 tid 105941
365 2 tid 105941
131 tid 105941
Insert  tid 105941
FindTargetPageId rootid 3 tid 105942
target_page_id id: 1 tid 105942
0 1 tid 105942
365 2 tid 105942
131 tid 105942
Remove  tid 105942
FindTargetPageId rootid 3 tid 105942
target_page_id id: 1 tid 105942
0 1 tid 105942
365 2 tid 105942
131 tid 105942
Remove  tid 105942
FindTargetPageId rootid 3 tid 105942
target_page_id id: 1 tid 105942
0 1 tid 105942
365 2 tid 105942
131 tid 105942
Remove  tid 105942
FindTargetPageId rootid 3 tid 105942
target_page_id id: 1 tid 105942
0 1 tid 105942
365 2 tid 105942
131 tid 105942
Remove  tid 105942
FindTargetPageId rootid 3 tid 105942
target_page_id id: 1 tid 105942
0 1 tid 105942
365 2 tid 105942
131 tid 105942
FindTargetPageId rootid 3 tid 105941
target_page_id id: 1 tid 105941
Remove 0  tid 1 tid 105941
365 2 tid 105941
131 tid 105941
105942
FindTargetPageId rootid 3 tid 105943
target_page_id id: 1 tid 105943
0 1 tid 105943
365 2 tid 105943
Insert  tid 105941
131 tid 105943
Insert  tid 105943
FindTargetPageId rootid 3 tid 105943
target_page_id id: 1 tid 105943
0 1 tid 105943
365 2 tid 105943
132 tid 105943
Insert  tid 105943
FindTargetPageId rootid 3 tid 105941
target_page_id id: 1 tid 105941
0 1 tid 105941
365 2 tid 105941
133 tid 105941
FindTargetPageId rootid 3 tid 105942
target_page_id id: 1 tid 105942
0 1 tid 105942
365 2 tid 105942
133 tid 105942
Insert  tid 105941
FindTargetPageId rootid 3 tid 105943
Remove target_page_id id:  tid 1 tid 105942
105943
0 1 tid 105943
365 2 tid 105943
133 tid 105943
Insert  tid 105943
FindTargetPageId rootid 3 tid 105941
target_page_id id: 1 tid 105941
0 1 tid 105941
365 2 tid 105941
134 tid 105941
Insert  tid 105941
FindTargetPageId rootid 3 tid 105942
target_page_id id: 1 tid 105942
0 1 tid 105942
365 2 tid 105942
134 tid 105942
Remove  tid 105942
FindTargetPageId rootid 3 tid 105942
target_page_id id: 1 tid 105942
0 1 tid 105942
365 2 tid 105942
134 tid 105942
Remove  tid 105942
FindTargetPageId rootid 3 tid 105942
target_page_id id: 1 tid 105942
0 1 tid 105942
365 2 tid 105942
134 tid 105942
Remove  tid 105942
FindTargetPageId rootid 3 tid 105943
target_page_id id: 1 tid 105943
0 1 tid 105943
365 2 tid 105943
134 tid 105943
Insert  tid 105943
FindTargetPageId rootid 3 tid 105941
target_page_id id: 1 tid 105941
0 1 tid 105941
365 2 tid 105941
135 tid 105941
Insert  tid 105941
FindTargetPageId rootid 3 tid 105942
target_page_id id: 1 tid 105942
0 1 tid 105942
365 2 tid 105942
135 tid 105942
Remove  tid 105942
FindTargetPageId rootid 3 tid 105943
target_page_id id: 1 tid 105943
0 1 tid 105943
365 2 tid 105943
135 tid 105943
Insert  tid 105943
FindTargetPageId rootid 3 tid 105943
target_page_id id: 1 tid 105943
0 1 tid 105943
365 2 tid 105943
136 tid 105943
Insert  tid 105943
FindTargetPageId rootid 3 tid 105941
target_page_id id: 1 tid 105941
0 1 tid 105941
365 2 tid 105941
137 tid 105941
Insert  tid 105941
FindTargetPageId rootid 3 tid 105941
target_page_id id: 1 tid 105941
0 1 tid 105941
365 2 tid 105941
137 tid 105941
Insert  tid 105941
FindTargetPageId rootid 3 tid 105941
target_page_id id: 1 tid 105941
0 1 tid 105941
365 2 tid 105941
137 tid 105941
Insert  tid 105941
FindTargetPageId rootid 3 tid 105941
target_page_id id: 1 tid 105941
0 1 tid 105941
365 2 tid 105941
137 tid 105941
Insert  tid 105941
FindTargetPageId rootid 3 tid 105941
target_page_id id: 1 tid 105941
0 1 tid 105941
365 2 tid 105941
137 tid 105941
Insert  tid 105941
FindTargetPageId rootid 3 tid 105941
target_page_id id: 1 tid 105941
0 1 tid 105941
365 2 tid 105941
137 tid 105941
Insert  tid 105941
FindTargetPageId rootid 3 tid 105941
target_page_id id: 1 tid 105941
0 1 tid 105941
365 2 tid 105941
137 tid 105941
Insert  tid 105941
FindTargetPageId rootid 3 tid 105943
target_page_id id: 1 tid 105943
0 1 tid 105943
365 2 tid 105943
137 tid 105943
Insert  tid 105943
FindTargetPageId rootid 3 tid 105942
target_page_id id: 1 tid 105942
0 1 tid 105942
365 2 tid 105942
138 tid 105942
Remove  tid 105942
FindTargetPageId rootid 3 tid 105941
target_page_id id: 1 tid 105941
0 1 tid 105941
365 2 tid 105941
138 tid 105941
Insert  tid 105941
FindTargetPageId rootid 3 tid 105941
target_page_id id: 1 tid 105941
0 1 tid 105941
365 2 tid 105941
138 tid 105941
Insert  tid 105941
FindTargetPageId rootid 3 tid 105941
target_page_id id: 1 tid 105941
0 1 tid 105941
365 2 tid 105941
138 tid 105941
Insert  tid 105941
FindTargetPageId rootid 3 tid 105941
target_page_id id: 1 tid 105941
0 1 tid 105941
365 2 tid 105941
138 tid 105941
Insert  tid 105941
FindTargetPageId rootid 3 tid 105943
target_page_id id: 1 tid 105943
0 1 tid 105943
365 2 tid 105943
138 tid 105943
Insert  tid 105943
FindTargetPageId rootid 3 tid 105943
target_page_id id: 1 tid 105943
0 1 tid 105943
365 2 tid 105943
139 tid 105943
Insert  tid 105943
FindTargetPageId rootid 3 tid 105943
target_page_id id: 1 tid 105943
0 1 tid 105943
365 2 tid 105943
140 tid 105943
Insert  tid 105943
FindTargetPageId rootid 3 tid 105943
target_page_id id: 1 tid 105943
0 1 tid 105943
365 2 tid 105943
141 tid 105943
Insert  tid 105943
FindTargetPageId rootid 3 tid 105943
target_page_id id: 1 tid 105943
0 1 tid 105943
365 2 tid 105943
142 tid 105943
Insert  tid 105943
FindTargetPageId rootid 3 tid 105943
target_page_id id: 1 tid 105943
0 1 tid 105943
365 2 tid 105943
143 tid 105943
Insert  tid 105943
FindTargetPageId rootid 3 tid 105943
target_page_id id: 1 tid 105943
0 1 tid 105943
365 2 tid 105943
144 tid 105943
Insert  tid 105943
FindTargetPageId rootid 3 tid 105943
target_page_id id: 1 tid 105943
0 1 tid 105943
365 2 tid 105943
145 tid 105943
Insert  tid 105943
FindTargetPageId rootid 3 tid 105942
target_page_id id: 1 tid 105942
0 1 tid 105942
365 2 tid 105942
146 tid 105942
Remove  tid 105942
FindTargetPageId rootid 3 tid 105941
target_page_id id: 1 tid 105941
0 1 tid 105941
365 2 tid 105941
146 tid 105941
Insert  tid 105941
FindTargetPageId rootid 3 tid 105941
target_page_id id: 1 tid 105941
0 1 tid 105941
365 2 tid 105941
146 tid 105941
Insert  tid 105941
FindTargetPageId rootid 3 tid 105941
target_page_id id: 1 tid 105941
0 1 tid 105941
365 2 tid 105941
146 tid 105941
Insert  tid 105941
FindTargetPageId rootid 3 tid 105943
target_page_id id: 1 tid 105943
0 1 tid 105943
365 2 tid 105943
146 tid 105943
Insert  tid 105943
FindTargetPageId rootid 3 tid 105942
target_page_id id: 1 tid 105942
0 1 tid 105942
365 2 tid 105942
147 tid 105942
Remove  tid 105942
FindTargetPageId rootid 3 tid 105941
target_page_id id: 1 tid 105941
0 1 tid 105941
365 2 tid 105941
147 tid 105941
Insert  tid 105941
FindTargetPageId rootid 3 tid 105941
target_page_id id: 1 tid 105941
0 1 tid 105941
365 2 tid 105941
147 tid 105941
Insert  tid 105941
FindTargetPageId rootid 3 tid 105941
target_page_id id: 1 tid 105941
0 1 tid 105941
365 2 tid 105941
147 tid 105941
Insert  tid 105941
FindTargetPageId rootid 3 tid 105941
target_page_id id: 1 tid 105941
0 1 tid 105941
365 2 tid 105941
147 tid 105941
Insert  tid 105941
FindTargetPageId rootid 3 tid 105941
target_page_id id: 1 tid 105941
0 1 tid 105941
365 2 tid 105941
147 tid 105941
Insert  tid 105941
FindTargetPageId rootid 3 tid 105941
target_page_id id: 1 tid 105941
0 1 tid 105941
365 2 tid 105941
147 tid 105941
Insert  tid 105941
FindTargetPageId rootid 3 tid 105941
target_page_id id: 1 tid 105941
0 1 tid 105941
365 2 tid 105941
147 tid 105941
Insert  tid 105941
FindTargetPageId rootid 3 tid 105941
target_page_id id: 1 tid 105941
0 1 tid 105941
365 2 tid 105941
147 tid 105941
Insert  tid 105941
FindTargetPageId rootid 3 tid 105941
target_page_id id: 1 tid 105941
0 1 tid 105941
365 2 tid 105941
147 tid 105941
Insert  tid 105941
FindTargetPageId rootid 3 tid 105941
target_page_id id: 1 tid 105941
0 1 tid 105941
365 2 tid 105941
148 tid 105941
Insert  tid 105941
FindTargetPageId rootid 3 tid 105941
target_page_id id: 1 tid 105941
0 1 tid 105941
365 2 tid 105941
149 tid 105941
Insert  tid 105941
FindTargetPageId rootid 3 tid 105942
target_page_id id: 1 tid 105942
0 1 tid 105942
365 2 tid 105942
150 tid 105942
Remove  tid 105942
FindTargetPageId rootid 3 tid 105942
target_page_id id: 1 tid 105942
0 1 tid 105942
365 2 tid 105942
150 tid 105942
Remove  tid 105942
FindTargetPageId rootid 3 tid 105942
target_page_id id: 1 tid 105942
0 1 tid 105942
365 2 tid 105942
150 tid 105942
Remove  tid 105942
FindTargetPageId rootid 3 tid 105941
target_page_id id: 1 tid 105941
0 1 tid 105941
365 2 tid 105941
150 tid 105941
Insert  tid 105941
FindTargetPageId rootid 3 tid 105943
target_page_id id: 1 tid 105943
0 1 tid 105943
365 2 tid 105943
151 tid 105943
Insert  tid 105943
FindTargetPageId rootid 3 tid 105943
target_page_id id: 1 tid 105943
0 1 tid 105943
365 2 tid 105943
151 tid 105943
Insert  tid 105943
FindTargetPageId rootid 3 tid 105943
target_page_id id: 1 tid 105943
0 1 tid 105943
365 2 tid 105943
151 tid 105943
Insert  tid 105943
FindTargetPageId rootid 3 tid 105943
target_page_id id: 1 tid 105943
0 1 tid 105943
365 2 tid 105943
151 tid 105943
Insert  tid 105943
FindTargetPageId rootid 3 tid 105943
target_page_id id: 1 tid 105943
0 1 tid 105943
365 2 tid 105943
151 tid 105943
Insert  tid 105943
FindTargetPageId rootid 3 tid 105943
target_page_id id: 1 tid 105943
0 1 tid 105943
365 2 tid 105943
152 tid 105943
Insert  tid 105943
FindTargetPageId rootid 3 tid 105941
target_page_id id: 1 tid 105941
0 1 tid 105941
365 2 tid 105941
153 tid 105941
Insert  tid 105941
FindTargetPageId rootid 3 tid 105942
target_page_id id: 1 tid 105942
0 1 tid 105942
365 2 tid 105942
153 tid 105942
Remove  tid 105942
FindTargetPageId rootid 3 tid 105943
target_page_id id: 1 tid 105943
0 1 tid 105943
365 2 tid 105943
153 tid 105943
FindTargetPageId rootid 3 tid 105941
target_page_id id: 1 tid 105941
0 1 tid 105941
365 2 tid 105941
154 tid Insert 105941
 tid 105943
Insert  tid 105941
FindTargetPageId rootid 3 tid 105943
target_page_id id: 1 tid 105943
0 1 tid 105943
365 2 tid 105943
154 tid 105943
Insert  tid FindTargetPageId rootid 3 tid 105942105943

target_page_id id: 1 tid 105942
0 1 tid 105942
365 2 tid 105942
155 tid 105942
FindTargetPageId rootid 3 tid 105943
target_page_id id: 1 tid 105943
0 1 tid 105943
365 2 tid 105943
Remove 155 tid 105943
 tid 105942
FindTargetPageId rootid 3 tid 105941
target_page_id id: 1 tid 105941
0 1 tid 105941
365 2 tid 105941
156 tid 105941
Insert Insert  tid  tid 105941
FindTargetPageId rootid 3 tid 105941
target_page_id id: 1 tid 105941
0 1 tid 105941
365 2 tid 105941
156 tid 105941
105943
Insert  tid 105941
FindTargetPageId rootid 3 tid 105942
target_page_id id: 1 tid 105942
0 1 tid 105942
365 2 tid 105942
156 tid 105942
Remove  tid 105942
FindTargetPageId rootid 3 tid 105943
target_page_id id: 1 tid 105943
0 1 tid 105943
365 2 tid 105943
156 tid 105943
Insert  tid 105943
FindTargetPageId rootid 3 tid 105941
target_page_id id: 1 tid 105941
0 1 tid 105941
365 2 tid 105941
157 tid 105941
Insert  tid 105941
FindTargetPageId rootid 3 tid 105942
target_page_id id: 1 tid 105942
0 1 tid 105942
365 2 tid 105942
157 tid 105942
Remove  tid 105942
FindTargetPageId rootid 3 tid 105942
target_page_id id: 1 tid 105942
0 1 tid 105942
365 2 tid 105942
157 tid 105942
Remove  tid 105942
FindTargetPageId rootid 3 tid 105942
target_page_id id: 1 tid 105942
0 1 tid 105942
365 2 tid 105942
157 tid 105942
Remove  tid 105942
FindTargetPageId rootid 3 tid 105942
target_page_id id: 1 tid 105942
0 1 tid 105942
365 2 tid 105942
157 tid 105942
Remove  tid 105942
FindTargetPageId rootid 3 tid 105942
target_page_id id: 1 tid 105942
0 1 tid 105942
365 2 tid 105942
157 tid 105942
Remove  tid 105942
FindTargetPageId rootid 3 tid 105942
target_page_id id: 1 tid 105942
0 1 tid 105942
365 2 tid 105942
157 tid 105942
Remove  tid 105942
FindTargetPageId rootid 3 tid 105941
target_page_id id: 1 tid 105941
0 1 tid 105941
365 2 tid 105941
157 tid 105941
Insert  tid 105941
FindTargetPageId rootid 3 tid 105943
target_page_id id: 1 tid 105943
0 1 tid 105943
365 2 tid 105943
157 tid 105943
Insert  tid 105943
FindTargetPageId rootid 3 tid 105942
target_page_id id: 1 tid 105942
0 1 tid 105942
365 2 tid 105942
158 tid 105942
Remove  tid 105942
FindTargetPageId rootid 3 tid 105942
target_page_id id: 1 tid 105942
0 1 tid 105942
365 2 tid 105942
158 tid 105942
Remove  tid 105942
FindTargetPageId rootid 3 tid 105942
target_page_id id: 1 tid 105942
0 1 tid 105942
365 2 tid 105942
158 tid 105942
Remove  tid 105942
FindTargetPageId rootid 3 tid 105941
target_page_id id: 1 tid 105941
0 1 tid 105941
365 2 tid 105941
158 tid 105941
Insert  tid 105941
FindTargetPageId rootid 3 tid 105943
target_page_id id: 1 tid 105943
0 1 tid 105943
365 2 tid 105943
158 tid 105943
Insert  tid 105943
FindTargetPageId rootid 3 tid 105943
target_page_id id: 1 tid 105943
0 1 tid 105943
365 2 tid 105943
159 tid 105943
Insert  tid 105943
FindTargetPageId rootid 3 tid 105943
target_page_id id: 1 tid 105943
0 1 tid 105943
365 2 tid 105943
160 tid 105943
Insert  tid 105943
FindTargetPageId rootid 3 tid 105943
target_page_id id: 1 tid 105943
0 1 tid 105943
365 2 tid 105943
161 tid 105943
Insert  tid 105943
FindTargetPageId rootid 3 tid 105942
target_page_id id: 1 tid 105942
0 1 tid 105942
365 2 tid 105942
162 tid 105942
Remove  tid 105942
FindTargetPageId rootid 3 tid 105941
target_page_id id: 1 tid 105941
0 1 tid 105941
365 2 tid 105941
162 tid 105941
Insert  tid 105941
FindTargetPageId rootid 3 tid 105943
target_page_id id: 1 tid 105943
0 1 tid 105943
365 2 tid 105943
162 tid 105943
Insert  tid 105943
FindTargetPageId rootid 3 tid 105942
target_page_id id: 1 tid 105942
0 1 tid 105942
365 2 tid 105942
163 tid 105942
Remove  tid 105942
FindTargetPageId rootid 3 tid 105942
target_page_id id: 1 tid 105942
0 1 tid 105942
365 2 tid 105942
163 tid 105942
Remove  tid 105942
FindTargetPageId rootid 3 tid 105942
target_page_id id: 1 tid 105942
0 1 tid 105942
365 2 tid 105942
163 tid 105942
Remove  tid 105942
FindTargetPageId rootid 3 tid 105943
target_page_id id: 1 tid 105943
0 1 tid 105943
365 2 tid 105943
163 tid 105943
Insert  tid 105943
FindTargetPageId rootid 3 tid 105943
target_page_id id: 1 tid 105943
0 1 tid 105943
365 2 tid 105943
164 tid 105943
Insert  tid 105943
FindTargetPageId rootid 3 tid 105943
target_page_id id: 1 tid 105943
0 1 tid 105943
365 2 tid 105943
165 tid 105943
Insert  tid 105943
FindTargetPageId rootid 3 tid 105941
target_page_id id: 1 tid 105941
0 1 tid 105941
365 2 tid 105941
166 tid 105941
Insert  tid 105941
FindTargetPageId rootid 3 tid 105942
target_page_id id: 1 tid 105942
0 1 tid 105942
365 2 tid 105942
166 tid 105942
Remove  tid 105942
FindTargetPageId rootid 3 tid 105943
target_page_id id: 1 tid 105943
0 1 tid 105943
365 2 tid 105943
166 tid 105943
Insert  tid 105943
FindTargetPageId rootid 3 tid 105941
target_page_id id: 1 tid 105941
0 1 tid 105941
365 2 tid 105941
167 tid 105941
Insert  tid 105941
FindTargetPageId rootid 3 tid 105941
target_page_id id: 1 tid 105941
0 1 tid 105941
365 2 tid 105941
167 tid 105941
Insert  tid 105941
FindTargetPageId rootid 3 tid 105943
target_page_id id: 1 tid 105943
0 1 tid 105943
365 2 tid 105943
167 tid 105943
Insert  tid 105943
FindTargetPageId rootid 3 tid 105942
target_page_id id: 1 tid 105942
0 1 tid 105942
365 2 tid 105942
168 tid 105942
Remove  tid 105942
FindTargetPageId rootid 3 tid 105941
target_page_id id: 1 tid 105941
0 1 tid 105941
365 2 tid 105941
168 tid 105941
Insert  tid 105941
FindTargetPageId rootid 3 tid 105943
target_page_id id: 1 tid 105943
0 1 tid 105943
365 2 tid 105943
168 tid 105943
Insert  tid 105943
FindTargetPageId rootid 3 tid 105942
target_page_id id: 1 tid 105942
0 1 tid 105942
365 2 tid 105942
169 tid 105942
Remove  tid 105942
FindTargetPageId rootid 3 tid 105941
target_page_id id: 1 tid 105941
0 1 tid 105941
365 2 tid 105941
169 tid 105941
Insert  tid 105941
FindTargetPageId rootid 3 tid 105943
target_page_id id: 1 tid 105943
0 1 tid 105943
365 2 tid 105943
169 tid 105943
Insert  tid 105943
FindTargetPageId rootid 3 tid 105943
target_page_id id: 1 tid 105943
0 1 tid 105943
365 2 tid 105943
170 tid 105943
Insert  tid 105943
FindTargetPageId rootid 3 tid 105943
target_page_id id: 1 tid 105943
0 1 tid 105943
365 2 tid 105943
171 tid 105943
Insert  tid 105943
FindTargetPageId rootid 3 tid 105943
target_page_id id: 1 tid 105943
0 1 tid 105943
365 2 tid 105943
172 tid 105943
Insert  tid 105943
FindTargetPageId rootid 3 tid 105943
target_page_id id: 1 tid 105943
0 1 tid 105943
365 2 tid 105943
173 tid 105943
Insert  tid 105943
FindTargetPageId rootid 3 tid 105943
target_page_id id: 1 tid 105943
0 1 tid 105943
365 2 tid 105943
174 tid 105943
Insert  tid 105943
FindTargetPageId rootid 3 tid 105943
target_page_id id: 1 tid 105943
0 1 tid 105943
365 2 tid 105943
175 tid 105943
Insert  tid 105943
FindTargetPageId rootid 3 tid 105941
target_page_id id: 1 tid 105941
0 1 tid 105941
365 2 tid 105941
176 tid 105941
Insert  tid 105941
FindTargetPageId rootid 3 tid 105941
target_page_id id: 1 tid 105941
0 1 tid 105941
365 2 tid 105941
176 tid 105941
Insert  tid 105941
FindTargetPageId rootid 3 tid 105941
target_page_id id: 1 tid 105941
0 1 tid 105941
365 2 tid 105941
176 tid 105941
Insert  tid 105941
FindTargetPageId rootid 3 tid 105941
target_page_id id: 1 tid 105941
0 1 tid 105941
365 2 tid 105941
176 tid 105941
Insert  tid 105941
FindTargetPageId rootid 3 tid 105941
target_page_id id: 1 tid 105941
0 1 tid 105941
365 2 tid 105941
176 tid 105941
Insert  tid 105941
FindTargetPageId rootid 3 tid 105941
target_page_id id: 1 tid 105941
0 1 tid 105941
365 2 tid 105941
176 tid 105941
Insert  tid 105941
FindTargetPageId rootid 3 tid 105941
target_page_id id: 1 tid 105941
0 1 tid 105941
365 2 tid 105941
176 tid 105941
Insert  tid 105941
FindTargetPageId rootid 3 tid 105941
target_page_id id: 1 tid 105941
0 1 tid 105941
365 2 tid 105941
176 tid 105941
Insert  tid 105941
FindTargetPageId rootid 3 tid 105942
target_page_id id: 1 tid 105942
0 1 tid 105942
365 2 tid 105942
176 tid 105942
Remove  tid 105942
FindTargetPageId rootid 3 tid 105943
target_page_id id: 1 tid 105943
0 1 tid 105943
365 2 tid 105943
176 tid 105943
Insert  tid 105943
FindTargetPageId rootid 3 tid 105941
target_page_id id: 1 tid 105941
0 1 tid 105941
365 2 tid 105941
177 tid 105941
Insert  tid 105941
FindTargetPageId rootid 3 tid 105941
target_page_id id: 1 tid 105941
0 1 tid 105941
365 2 tid 105941
177 tid 105941
FindTargetPageId rootid 3 tid 105942
target_page_id id: 1 tid 105942
0 1 tid 105942
365 2 tid 105942
177 tid 105942
Insert  tid 105941
FindTargetPageId rootid 3 tid 105941
target_page_id id: 1 tid 105941
0 1 tid 105941
365 2 tid 105941
177 tid 105941
Insert  tid 105941
FindTargetPageId rootid 3 tid 105941
target_page_id id: 1 tid 105941
0 1 tid 105941
365 2 tid 105941
177 tid 105941
Insert  tid 105941
FindTargetPageId rootid 3 tid 105941
target_page_id id: 1 tid 105941
0 1 tid 105941
Remove 365 tid  2 tid 105941
105942
177 tid 105941
Insert  tid 105941
FindTargetPageId rootid 3 tid 105941
target_page_id id: 1 tid 105941
0 1 tid 105941
365 2 tid 105941
177 tid 105941
Insert  tid 105941
FindTargetPageId rootid 3 tid 105943
target_page_id id: 1 tid 105943
0 1 tid 105943
365 2 tid 105943
178 tid 105943
Insert  tid 105943
FindTargetPageId rootid 3 tid 105942
target_page_id id: 1 tid 105942
0 1 tid 105942
365 2 tid 105942
178 tid 105942
Remove  tid FindTargetPageId rootid 1059423 tid 
105941
target_page_id id: 1 tid 105941
0 1 tid 105941
365 2 tid 105941
178 tid 105941
Insert  tid 105941
FindTargetPageId rootid 3 tid 105943
target_page_id id: 1 tid 105943
0 1 tid 105943
365 2 tid 105943
179 tid 105943
Insert  tid 105943
FindTargetPageId rootid 3 tid 105943
target_page_id id: 1 tid 105943
0 1 tid 105943
365 2 tid 105943
179 tid 105943
Insert  tid 105943
FindTargetPageId rootid 3 tid 105941
target_page_id id: 1 tid 105941
0 1 tid 105941
365 2 tid 105941
180 tid 105941
Insert  tid 105941
FindTargetPageId rootid 3 tid 105942
target_page_id id: 1 tid 105942
0 1 tid 105942
365 2 tid 105942
180 tid 105942
Remove  tid 105942
FindTargetPageId rootid 3 tid 105943
target_page_id id: 1 tid 105943
0 1 tid 105943
365 2 tid 105943
180 tid 105943
Insert  tid 105943
FindTargetPageId rootid 3 tid 105941
target_page_id id: 1 tid 105941
0 1 tid 105941
365 2 tid 105941
181 tid 105941
Insert  tid 105941
FindTargetPageId rootid 3 tid 105942
target_page_id id: 1 tid 105942
0 1 tid 105942
365 2 tid 105942
181 tid 105942
Remove  tid 105942
FindTargetPageId rootid 3 tid 105942
target_page_id id: 1 tid 105942
0 1 tid 105942
365 2 tid 105942
181 tid 105942
Remove  tid 105942
FindTargetPageId rootid 3 tid 105942
target_page_id id: 1 tid 105942
0 1 tid 105942
365 2 tid 105942
181 tid 105942
Remove  tid 105942
FindTargetPageId rootid 3 tid 105942
target_page_id id: 1 tid 105942
0 1 tid 105942
365 2 tid 105942
181 tid 105942
Remove  tid 105942
FindTargetPageId rootid 3 tid 105942
target_page_id id: 1 tid 105942
0 1 tid 105942
365 2 tid 105942
181 tid 105942
Remove  tid 105942
FindTargetPageId rootid 3 tid 105941
target_page_id id: 1 tid 105941
0 1 tid 105941
365 2 tid 105941
181 tid 105941
Insert  tid 105941
FindTargetPageId rootid 3 tid 105943
target_page_id id: 1 tid 105943
0 1 tid 105943
365 2 tid 105943
182 tid 105943
Insert  tid 105943
FindTargetPageId rootid 3 tid 105943
target_page_id id: 1 tid 105943
0 1 tid 105943
365 2 tid 105943
182 tid 105943
Insert  tid 105943
FindTargetPageId rootid 3 tid 105943
target_page_id id: 1 tid 105943
0 1 tid 105943
365 2 tid 105943
183 tid 105943
Insert  tid 105943
FindTargetPageId rootid 3 tid 105943
target_page_id id: 1 tid 105943
0 1 tid 105943
365 2 tid 105943
184 tid 105943
Insert  tid 105943
FindTargetPageId rootid 3 tid 105941
target_page_id id: 1 tid 105941
0 1 tid 105941
365 2 tid 105941
185 tid 105941
Insert  tid 105941
FindTargetPageId rootid 3 tid 105941
target_page_id id: 1 tid 105941
0 1 tid 105941
365 2 tid 105941
185 tid 105941
Insert  tid 105941
FindTargetPageId rootid 3 tid 105941
target_page_id id: 1 tid 105941
0 1 tid 105941
365 2 tid 105941
185 tid 105941
Insert  tid 105941
FindTargetPageId rootid 3 tid 105942
target_page_id id: 1 tid 105942
0 1 tid 105942
365 2 tid 105942
185 tid 105942
Remove  tid 105942
FindTargetPageId rootid 3 tid 105942
target_page_id id: 1 tid 105942
0 1 tid 105942
365 2 tid 105942
185 tid 105942
Remove  tid 105942
FindTargetPageId rootid 3 tid 105942
target_page_id id: 1 tid 105942
0 1 tid 105942
365 2 tid 105942
185 tid 105942
Remove  tid 105942
FindTargetPageId rootid 3 tid 105942
target_page_id id: 1 tid 105942
0 1 tid 105942
365 2 tid 105942
185 tid 105942
Remove  tid 105942
FindTargetPageId rootid 3 tid 105941
target_page_id id: 1 tid 105941
0 1 tid 105941
365 2 tid 105941
185 tid 105941
Insert  tid 105941
FindTargetPageId rootid 3 tid 105941
target_page_id id: 1 tid 105941
0 1 tid 105941
365 2 tid 105941
186 tid 105941
Insert  tid 105941
FindTargetPageId rootid 3 tid 105941
target_page_id id: 1 tid 105941
0 1 tid 105941
365 2 tid 105941
187 tid 105941
Insert  tid 105941
FindTargetPageId rootid 3 tid 105941
target_page_id id: 1 tid 105941
0 1 tid 105941
365 2 tid 105941
188 tid 105941
Insert  tid 105941
FindTargetPageId rootid 3 tid 105941
target_page_id id: 1 tid 105941
0 1 tid 105941
365 2 tid 105941
189 tid 105941
Insert  tid 105941
FindTargetPageId rootid 3 tid 105941
target_page_id id: 1 tid 105941
0 1 tid 105941
365 2 tid 105941
190 tid 105941
Insert  tid 105941
FindTargetPageId rootid 3 tid 105941
target_page_id id: 1 tid 105941
0 1 tid 105941
365 2 tid 105941
191 tid 105941
Insert  tid 105941
FindTargetPageId rootid 3 tid 105941
target_page_id id: 1 tid 105941
0 1 tid 105941
365 2 tid 105941
192 tid 105941
Insert  tid 105941
FindTargetPageId rootid 3 tid 105941
target_page_id id: 1 tid 105941
0 1 tid 105941
365 2 tid 105941
193 tid 105941
Insert  tid 105941
FindTargetPageId rootid 3 tid 105943
target_page_id id: 1 tid 105943
0 1 tid 105943
365 2 tid 105943
194 tid 105943
Insert  tid 105943
FindTargetPageId rootid 3 tid 105943
target_page_id id: 1 tid 105943
0 1 tid 105943
365 2 tid 105943
194 tid 105943
Insert  tid 105943
FindTargetPageId rootid 3 tid 105943
target_page_id id: 1 tid 105943
0 1 tid 105943
365 2 tid 105943
194 tid 105943
Insert  tid 105943
FindTargetPageId rootid 3 tid 105943
target_page_id id: 1 tid 105943
0 1 tid 105943
365 2 tid 105943
194 tid 105943
Insert  tid 105943
FindTargetPageId rootid 3 tid 105943
target_page_id id: 1 tid 105943
0 1 tid 105943
365 2 tid 105943
194 tid 105943
Insert  tid 105943
FindTargetPageId rootid 3 tid 105943
target_page_id id: 1 tid 105943
0 1 tid 105943
365 2 tid 105943
194 tid 105943
Insert  tid 105943
FindTargetPageId rootid 3 tid 105943
target_page_id id: 1 tid 105943
0 1 tid 105943
365 2 tid 105943
194 tid 105943
Insert  tid 105943
FindTargetPageId rootid 3 tid 105942
target_page_id id: 1 tid 105942
0 1 tid 105942
365 2 tid 105942
194 tid 105942
Remove  tid 105942
FindTargetPageId rootid 3 tid 105941
target_page_id id: 1 tid 105941
0 1 tid 105941
365 2 tid 105941
194 tid 105941
Insert  tid 105941
FindTargetPageId rootid 3 tid 105943
target_page_id id: 1 tid 105943
0 1 tid 105943
365 2 tid 105943
195 tid 105943
Insert  tid 105943
FindTargetPageId rootid 3 tid 105942
target_page_id id: 1 tid 105942
0 1 tid 105942
365 2 tid 105942
195 tid 105942
Remove  tid 105942
FindTargetPageId rootid 3 tid 105941
target_page_id id: 1 tid 105941
0 1 tid 105941
365 2 tid 105941
195 tid 105941
Insert  tid 105941
FindTargetPageId rootid 3 tid 105943
target_page_id id: 1 tid 105943
0 1 tid 105943
365 2 tid 105943
196 tid 105943
Insert  tid 105943
FindTargetPageId rootid 3 tid 105943
target_page_id id: 1 tid 105943
0 1 tid 105943
365 2 tid 105943
196 tid 105943
Insert  tid 105943
FindTargetPageId rootid 3 tid 105943
target_page_id id: 1 tid 105943
0 1 tid 105943
365 2 tid 105943
196 tid 105943
Insert  tid 105943
FindTargetPageId rootid 3 tid 105943
target_page_id id: 1 tid 105943
0 1 tid 105943
365 2 tid 105943
196 tid 105943
Insert  tid 105943
FindTargetPageId rootid 3 tid 105941
target_page_id id: 1 tid 105941
0 1 tid 105941
365 2 tid 105941
197 tid 105941
Insert  tid 105941
FindTargetPageId rootid 3 tid 105941
target_page_id id: 1 tid 105941
0 1 tid 105941
365 2 tid 105941
197 tid 105941
Insert  tid 105941
FindTargetPageId rootid 3 tid 105941
target_page_id id: 1 tid 105941
0 1 tid 105941
365 2 tid 105941
198 tid 105941
Insert  tid 105941
FindTargetPageId rootid 3 tid 105942
target_page_id id: 1 tid 105942
0 1 tid 105942
365 2 tid 105942
199 tid 105942
Remove  tid 105942
FindTargetPageId rootid 3 tid 105942
target_page_id id: 1 tid 105942
0 1 tid 105942
365 2 tid 105942
199 tid 105942
Remove  tid 105942
FindTargetPageId rootid 3 tid 105942
target_page_id id: 1 tid 105942
0 1 tid 105942
365 2 tid 105942
199 tid 105942
Remove  tid 105942
FindTargetPageId rootid 3 tid 105941
target_page_id id: 1 tid 105941
0 1 tid 105941
365 2 tid 105941
199 tid 105941
Insert  tid 105941
FindTargetPageId rootid 3 tid 105943
target_page_id id: 1 tid 105943
0 1 tid 105943
365 2 tid 105943
200 tid 105943
Insert  tid 105943
FindTargetPageId rootid 3 tid 105942
target_page_id id: 1 tid 105942
0 1 tid 105942
365 2 tid 105942
200 tid 105942
Remove  tid 105942
FindTargetPageId rootid 3 tid 105942
target_page_id id: 1 tid 105942
0 1 tid 105942
365 2 tid 105942
200 tid 105942
Remove  tid 105942
FindTargetPageId rootid 3 tid 105942
target_page_id id: 1 tid 105942
0 1 tid 105942
365 2 tid 105942
200 tid 105942
Remove  tid 105942
FindTargetPageId rootid 3 tid 105941
target_page_id id: 1 tid 105941
0 1 tid 105941
365 2 tid 105941
200 tid 105941
Insert  tid 105941
FindTargetPageId rootid 3 tid 105941
target_page_id id: 1 tid 105941
0 1 tid 105941
365 2 tid 105941
201 tid 105941
Insert  tid 105941
FindTargetPageId rootid 3 tid 105943
target_page_id id: 1 tid 105943
0 1 tid 105943
365 2 tid 105943
202 tid 105943
Insert  tid 105943
FindTargetPageId rootid 3 tid 105943
target_page_id id: 1 tid 105943
0 1 tid 105943
365 2 tid 105943
202 tid 105943
Insert  tid 105943
FindTargetPageId rootid 3 tid 105942
target_page_id id: 1 tid 105942
0 1 tid 105942
365 2 tid 105942
202 tid 105942
Remove  tid 105942
FindTargetPageId rootid 3 tid 105942
target_page_id id: 1 tid 105942
0 1 tid 105942
365 2 tid 105942
202 tid 105942
Remove  tid 105942
FindTargetPageId rootid 3 tid 105942
target_page_id id: 1 tid 105942
0 1 tid 105942
365 2 tid 105942
202 tid 105942
Remove  tid 105942
FindTargetPageId rootid 3 tid 105942
target_page_id id: 1 tid 105942
0 1 tid 105942
365 2 tid 105942
202 tid 105942
Remove  tid 105942
FindTargetPageId rootid 3 tid 105942
target_page_id id: 1 tid 105942
0 1 tid 105942
365 2 tid 105942
202 tid 105942
Remove  tid 105942
FindTargetPageId rootid 3 tid 105942
target_page_id id: 1 tid 105942
0 1 tid 105942
365 2 tid 105942
202 tid 105942
Remove  tid 105942
FindTargetPageId rootid 3 tid 105941
target_page_id id: 1 tid 105941
0 1 tid 105941
365 2 tid 105941
202 tid 105941
Insert  tid 105941
FindTargetPageId rootid 3 tid 105941
target_page_id id: 1 tid 105941
0 1 tid 105941
365 2 tid 105941
203 tid 105941
Insert  tid 105941
FindTargetPageId rootid 3 tid 105942
target_page_id id: 1 tid 105942
0 1 tid 105942
365 2 tid 105942
204 tid 105942
Remove  tid 105942
FindTargetPageId rootid 3 tid 105942
target_page_id id: 1 tid 105942
0 1 tid 105942
365 2 tid 105942
204 tid 105942
Remove  tid 105942
FindTargetPageId rootid 3 tid 105942
target_page_id id: 1 tid 105942
0 1 tid 105942
365 2 tid 105942
204 tid 105942
Remove  tid 105942
FindTargetPageId rootid 3 tid 105942
target_page_id id: 1 tid 105942
0 1 tid 105942
365 2 tid 105942
204 tid 105942
Remove  tid 105942
FindTargetPageId rootid 3 tid 105942
target_page_id id: 1 tid 105942
0 1 tid 105942
365 2 tid 105942
204 tid 105942
Remove  tid 105942
FindTargetPageId rootid 3 tid 105943
target_page_id id: 1 tid 105943
0 1 tid 105943
365 2 tid 105943
204 tid 105943
Insert  tid 105943
FindTargetPageId rootid 3 tid 105943
target_page_id id: 1 tid 105943
0 1 tid 105943
365 2 tid 105943
204 tid 105943
FindTargetPageId rootid 3 tid 105941
target_page_id id: 1 tid 105941
0 1 tid 105941
365 2 tid 105941
Insert 204 tid 105941
 tid 105943
Insert  tid 105941
FindTargetPageId rootid 3 tid 105942
target_page_id id: 1 tid 105942
0 1 tid 105942
365 2 tid 105942
205 tid 105942
Remove  tid 105942
FindTargetPageId rootid 3 tid 105941
target_page_id id: 1 tid 105941
0 1 tid 105941
365 2 tid 105941
205 tid 105941
Insert  tid 105941
FindTargetPageId rootid 3 tid 105943
target_page_id id: 1 tid 105943
0 1 tid 105943
365 2 tid 105943
206 tid 105943
Insert  tid 105943
FindTargetPageId rootid 3 tid 105942
target_page_id id: 1 tid 105942
0 1 tid 105942
365 2 tid 105942
206 tid 105942
FindTargetPageId rootid 3 tid 105941
Remove  tid 105942
target_page_id id: 1 tid 105941
0 1 tid 105941
365 2 tid 105941
206 tid 105941
Insert  tid 105941
FindTargetPageId rootid 3 tid 105941
target_page_id id: 1 tid 105941
0 1 tid 105941
365 2 tid 105941
207 tid 105941
Insert  tid 105941
FindTargetPageId rootid 3 tid 105941
target_page_id id: 1 tid 105941
0 1 tid 105941
365 2 tid 105941
208 tid 105941
Insert  tid 105941
FindTargetPageId rootid 3 tid 105941
target_page_id id: 1 tid 105941
0 1 tid 105941
365 2 tid 105941
209 tid 105941
Insert  tid 105941
FindTargetPageId rootid 3 tid 105941
target_page_id id: 1 tid 105941
0 1 tid 105941
365 2 tid 105941
210 tid 105941
Insert  tid 105941
FindTargetPageId rootid 3 tid 105941
target_page_id id: 1 tid 105941
0 1 tid 105941
365 2 tid 105941
211 tid 105941
Insert  tid 105941
FindTargetPageId rootid 3 tid 105941
target_page_id id: 1 tid 105941
0 1 tid 105941
365 2 tid 105941
212 tid 105941
Insert  tid 105941
FindTargetPageId rootid 3 tid 105942
target_page_id id: 1 tid 105942
0 1 tid 105942
365 2 tid 105942
213 tid 105942
Remove  tid 105942
FindTargetPageId rootid 3 tid 105943
target_page_id id: 1 tid 105943
0 1 tid 105943
365 2 tid 105943
213 tid 105943
Insert  tid 105943
FindTargetPageId rootid 3 tid 105941
target_page_id id: 1 tid 105941
0 1 tid 105941
365 2 tid 105941
213 tid 105941
Insert  tid 105941
FindTargetPageId rootid 3 tid 105942
target_page_id id: 1 tid 105942
0 1 tid 105942
365 2 tid 105942
214 tid 105942
Remove  tid 105942
FindTargetPageId rootid 3 tid 105943
target_page_id id: 1 tid 105943
0 1 tid 105943
365 2 tid 105943
214 tid 105943
Insert  tid 105943
FindTargetPageId rootid 3 tid 105941
target_page_id id: 1 tid 105941
0 1 tid 105941
365 2 tid 105941
214 tid 105941
Insert  tid 105941
FindTargetPageId rootid 3 tid 105942
target_page_id id: 1 tid 105942
0 1 tid 105942
365 2 tid 105942
215 tid 105942
Remove  tid 105942
FindTargetPageId rootid 3 tid 105942
target_page_id id: 1 tid 105942
0 1 tid 105942
365 2 tid 105942
215 tid 105942
Remove  tid 105942
FindTargetPageId rootid 3 tid 105942
target_page_id id: 1 tid 105942
0 1 tid 105942
365 2 tid 105942
215 tid 105942
Remove  tid 105942
FindTargetPageId rootid 3 tid 105943
target_page_id id: 1 tid 105943
0 1 tid 105943
365 2 tid 105943
215 tid 105943
Insert  tid 105943
FindTargetPageId rootid 3 tid 105941
target_page_id id: 1 tid 105941
0 1 tid 105941
365 2 tid 105941
215 tid 105941
Insert  tid 105941
FindTargetPageId rootid 3 tid 105942
target_page_id id: 1 tid 105942
0 1 tid 105942
365 2 tid 105942
216 tid 105942
Remove  tid 105942
FindTargetPageId rootid 3 tid 105943
target_page_id id: 1 tid 105943
0 1 tid 105943
365 2 tid 105943
216 tid 105943
Insert  tid 105943
FindTargetPageId rootid 3 tid 105941
target_page_id id: 1 tid 105941
0 1 tid 105941
365 2 tid 105941
216 tid 105941
Insert  tid 105941
FindTargetPageId rootid 3 tid 105941
target_page_id id: 1 tid 105941
0 1 tid 105941
365 2 tid 105941
217 tid 105941
Insert  tid 105941
FindTargetPageId rootid 3 tid 105941
target_page_id id: 1 tid 105941
0 1 tid 105941
365 2 tid 105941
218 tid 105941
Insert  tid 105941
FindTargetPageId rootid 3 tid 105943
target_page_id id: 1 tid 105943
0 1 tid 105943
365 2 tid 105943
219 tid 105943
Insert  tid 105943
FindTargetPageId rootid 3 tid 105942
target_page_id id: 1 tid 105942
0 1 tid 105942
365 2 tid 105942
219 tid 105942
Remove  tid 105942
FindTargetPageId rootid 3 tid 105942
target_page_id id: 1 tid 105942
0 1 tid 105942
365 2 tid 105942
219 tid 105942
Remove  tid 105942
FindTargetPageId rootid 3 tid 105942
target_page_id id: 1 tid 105942
0 1 tid 105942
365 2 tid 105942
219 tid 105942
Remove  tid 105942
FindTargetPageId rootid 3 tid 105942
target_page_id id: 1 tid 105942
0 1 tid 105942
365 2 tid 105942
219 tid 105942
Remove  tid 105942
FindTargetPageId rootid 3 tid 105942
target_page_id id: 1 tid 105942
0 1 tid 105942
365 2 tid 105942
219 tid 105942
Remove  tid 105942
FindTargetPageId rootid 3 tid 105942
target_page_id id: 1 tid 105942
0 1 tid 105942
365 2 tid 105942
219 tid 105942
Remove  tid 105942
FindTargetPageId rootid 3 tid 105942
target_page_id id: 1 tid 105942
0 1 tid 105942
365 2 tid 105942
219 tid 105942
Remove  tid 105942
FindTargetPageId rootid 3 tid 105942
target_page_id id: 1 tid 105942
0 1 tid 105942
365 2 tid 105942
219 tid 105942
Remove  tid 105942
FindTargetPageId rootid 3 tid 105942
target_page_id id: 1 tid 105942
0 1 tid 105942
365 2 tid 105942
219 tid 105942
Remove  tid 105942
FindTargetPageId rootid 3 tid 105941
target_page_id id: 1 tid 105941
0 1 tid 105941
365 2 tid 105941
219 tid 105941
Insert  tid 105941
FindTargetPageId rootid 3 tid 105941
target_page_id id: 1 tid 105941
0 1 tid 105941
365 2 tid 105941
220 tid 105941
Insert  tid 105941
FindTargetPageId rootid 3 tid 105941
target_page_id id: 1 tid 105941
0 1 tid 105941
365 2 tid 105941
221 tid 105941
Insert  tid 105941
FindTargetPageId rootid 3 tid 105941
target_page_id id: 1 tid 105941
0 1 tid 105941
365 2 tid 105941
222 tid 105941
Insert  tid 105941
FindTargetPageId rootid 3 tid 105942
target_page_id id: 1 tid 105942
0 1 tid 105942
365 2 tid 105942
223 tid 105942
Remove  tid 105942
FindTargetPageId rootid 3 tid 105942
target_page_id id: 1 tid 105942
0 1 tid 105942
365 2 tid 105942
223 tid 105942
Remove  tid 105942
FindTargetPageId rootid 3 tid 105941
target_page_id id: 1 tid 105941
0 1 tid 105941
365 2 tid 105941
223 tid 105941
Insert  tid 105941
FindTargetPageId rootid 3 tid 105943
target_page_id id: 1 tid 105943
0 1 tid 105943
365 2 tid 105943
224 tid 105943
Insert  tid 105943
FindTargetPageId rootid 3 tid 105943
target_page_id id: 1 tid 105943
0 1 tid 105943
365 2 tid 105943
224 tid 105943
Insert  tid 105943
FindTargetPageId rootid 3 tid 105943
target_page_id id: 1 tid 105943
0 1 tid 105943
365 2 tid 105943
224 tid 105943
Insert  tid 105943
FindTargetPageId rootid 3 tid 105941
target_page_id id: 1 tid 105941
0 1 tid 105941
365 2 tid 105941
224 tid 105941
Insert  tid 105941
FindTargetPageId rootid 3 tid 105942
target_page_id id: 1 tid 105942
0 1 tid 105942
365 2 tid 105942
225 tid 105942
Remove  tid 105942
FindTargetPageId rootid 3 tid 105942
target_page_id id: 1 tid 105942
0 1 tid 105942
365 2 tid 105942
225 tid 105942
Remove  tid 105942
FindTargetPageId rootid 3 tid 105943
target_page_id id: 1 tid 105943
0 1 tid 105943
365 2 tid 105943
225 tid 105943
Insert  tid 105943
FindTargetPageId rootid 3 tid 105943
target_page_id id: 1 tid 105943
0 1 tid 105943
365 2 tid 105943
225 tid 105943
Insert  tid 105943
FindTargetPageId rootid 3 tid 105943
target_page_id id: 1 tid 105943
0 1 tid 105943
365 2 tid 105943
225 tid 105943
Insert  tid 105943
FindTargetPageId rootid 3 tid 105943
target_page_id id: 1 tid 105943
0 1 tid 105943
365 2 tid 105943
225 tid 105943
Insert  tid 105943
FindTargetPageId rootid 3 tid 105943
target_page_id id: 1 tid 105943
0 1 tid 105943
365 2 tid 105943
225 tid 105943
Insert  tid 105943
FindTargetPageId rootid 3 tid 105943
target_page_id id: 1 tid 105943
0 1 tid 105943
365 2 tid 105943
225 tid 105943
Insert  tid 105943
FindTargetPageId rootid 3 tid 105943
target_page_id id: 1 tid 105943
0 1 tid 105943
365 2 tid 105943
225 tid 105943
Insert  tid 105943
FindTargetPageId rootid 3 tid 105943
target_page_id id: 1 tid 105943
0 1 tid 105943
365 2 tid 105943
225 tid 105943
Insert  tid 105943
FindTargetPageId rootid 3 tid 105943
target_page_id id: 1 tid 105943
0 1 tid 105943
365 2 tid 105943
225 tid 105943
Insert  tid 105943
FindTargetPageId rootid 3 tid 105942
target_page_id id: 1 tid 105942
0 1 tid 105942
365 2 tid 105942
225 tid 105942
Remove  tid 105942
FindTargetPageId rootid 3 tid 105941
target_page_id id: 1 tid 105941
0 1 tid 105941
365 2 tid 105941
225 tid 105941
Insert  tid 105941
FindTargetPageId rootid 3 tid 105943
target_page_id id: 1 tid 105943
0 1 tid 105943
365 2 tid 105943
226 tid 105943
Insert  tid 105943
FindTargetPageId rootid 3 tid 105942
target_page_id id: 1 tid 105942
0 1 tid 105942
365 2 tid 105942
226 tid 105942
Remove  tid 105942
FindTargetPageId rootid 3 tid 105942
target_page_id id: 1 tid 105942
0 1 tid 105942
365 2 tid 105942
226 tid 105942
Remove  tid 105942
FindTargetPageId rootid 3 tid 105943
target_page_id id: 1 tid 105943
0 1 tid 105943
365 2 tid 105943
226 tid 105943
Insert  tid 105943
FindTargetPageId rootid 3 tid 105941
target_page_id id: 1 tid 105941
0 1 tid 105941
365 2 tid 105941
226 tid 105941
Insert  tid 105941
FindTargetPageId rootid 3 tid 105941
target_page_id id: 1 tid 105941
0 1 tid 105941
365 2 tid 105941
227 tid 105941
Insert  tid 105941
FindTargetPageId rootid 3 tid 105943
target_page_id id: 1 tid 105943
0 1 tid 105943
365 2 tid 105943
228 tid 105943
Insert  tid 105943
FindTargetPageId rootid 3 tid 105943
target_page_id id: 1 tid 105943
0 1 tid 105943
365 2 tid 105943
228 tid 105943
Insert  tid 105943
FindTargetPageId rootid 3 tid 105943
target_page_id id: 1 tid 105943
0 1 tid 105943
365 2 tid 105943
228 tid 105943
Insert  tid 105943
FindTargetPageId rootid 3 tid 105943
target_page_id id: 1 tid 105943
0 1 tid 105943
365 2 tid 105943
228 tid 105943
Insert  tid 105943
FindTargetPageId rootid 3 tid 105943
target_page_id id: 1 tid 105943
0 1 tid 105943
365 2 tid 105943
228 tid 105943
Insert  tid 105943
FindTargetPageId rootid 3 tid 105943
target_page_id id: 1 tid 105943
0 1 tid 105943
365 2 tid 105943
228 tid 105943
Insert  tid 105943
FindTargetPageId rootid 3 tid 105943
target_page_id id: 1 tid 105943
0 1 tid 105943
365 2 tid 105943
228 tid 105943
Insert  tid 105943
FindTargetPageId rootid 3 tid 105943
target_page_id id: 1 tid 105943
0 1 tid 105943
365 2 tid 105943
229 tid 105943
Insert  tid 105943
FindTargetPageId rootid 3 tid 105943
target_page_id id: 1 tid 105943
0 1 tid 105943
365 2 tid 105943
230 tid 105943
Insert  tid 105943
FindTargetPageId rootid 3 tid 105942
target_page_id id: 1 tid 105942
0 1 tid 105942
365 2 tid 105942
231 tid 105942
Remove  tid 105942
FindTargetPageId rootid 3 tid 105942
target_page_id id: 1 tid 105942
0 1 tid 105942
365 2 tid 105942
231 tid 105942
Remove  tid 105942
FindTargetPageId rootid 3 tid 105942
target_page_id id: 1 tid 105942
0 1 tid 105942
365 2 tid 105942
231 tid 105942
Remove  tid 105942
FindTargetPageId rootid 3 tid 105941
target_page_id id: 1 tid 105941
0 1 tid 105941
365 2 tid 105941
231 tid 105941
Insert  tid 105941
FindTargetPageId rootid 3 tid 105943
target_page_id id: 1 tid 105943
0 1 tid 105943
365 2 tid 105943
231 tid 105943
Insert  tid 105943
FindTargetPageId rootid 3 tid 105943
target_page_id id: 1 tid 105943
0 1 tid 105943
365 2 tid 105943
232 tid 105943
Insert  tid 105943
FindTargetPageId rootid 3 tid 105943
target_page_id id: 1 tid 105943
0 1 tid 105943
365 2 tid 105943
233 tid 105943
Insert  tid 105943
FindTargetPageId rootid 3 tid 105942
target_page_id id: 1 tid 105942
0 1 tid 105942
365 2 tid 105942
234 tid 105942
Remove  tid 105942
FindTargetPageId rootid 3 tid 105942
target_page_id id: 1 tid 105942
0 1 tid 105942
365 2 tid 105942
234 tid 105942
Remove  tid 105942
FindTargetPageId rootid 3 tid 105942
target_page_id id: 1 tid 105942
0 1 tid 105942
365 2 tid 105942
234 tid 105942
Remove  tid 105942
FindTargetPageId rootid 3 tid 105941
target_page_id id: 1 tid 105941
0 1 tid 105941
365 2 tid 105941
234 tid 105941
Insert  tid 105941
FindTargetPageId rootid 3 tid 105943
target_page_id id: 1 tid 105943
0 1 tid 105943
365 2 tid 105943
234 tid 105943
Insert  tid 105943
FindTargetPageId rootid 3 tid 105942
target_page_id id: 1 tid 105942
0 1 tid 105942
365 2 tid 105942
235 tid 105942
Remove  tid 105942
FindTargetPageId rootid 3 tid 105941
target_page_id id: 1 tid 105941
0 1 tid 105941
365 2 tid 105941
235 tid 105941
Insert  tid 105941
FindTargetPageId rootid 3 tid 105941
target_page_id id: 1 tid 105941
0 1 tid 105941
365 2 tid 105941
235 tid 105941
Insert  tid 105941
FindTargetPageId rootid 3 tid 105941
target_page_id id: 1 tid 105941
0 1 tid 105941
365 2 tid 105941
235 tid 105941
Insert  tid 105941
FindTargetPageId rootid 3 tid 105941
target_page_id id: 1 tid 105941
0 1 tid 105941
365 2 tid 105941
235 tid 105941
Insert  tid 105941
FindTargetPageId rootid 3 tid 105942
target_page_id id: 1 tid 105942
0 1 tid 105942
365 2 tid 105942
235 tid 105942
Remove  tid 105942
FindTargetPageId rootid 3 tid 105943
target_page_id id: 1 tid 105943
0 1 tid 105943
365 2 tid 105943
235 tid 105943
Insert  tid 105943
FindTargetPageId rootid 3 tid 105943
target_page_id id: 1 tid 105943
0 1 tid 105943
365 2 tid 105943
236 tid 105943
Insert  tid 105943
FindTargetPageId rootid 3 tid 105943
target_page_id id: 1 tid 105943
0 1 tid 105943
365 2 tid 105943
237 tid 105943
Insert  tid 105943
FindTargetPageId rootid 3 tid 105941
target_page_id id: 1 tid 105941
0 1 tid 105941
365 2 tid 105941
238 tid 105941
Insert  tid 105941
FindTargetPageId rootid 3 tid 105941
target_page_id id: 1 tid 105941
0 1 tid 105941
365 2 tid 105941
238 tid 105941
Insert  tid 105941
FindTargetPageId rootid 3 tid 105941
target_page_id id: 1 tid 105941
0 1 tid 105941
365 2 tid 105941
238 tid 105941
Insert  tid 105941
FindTargetPageId rootid 3 tid 105942
target_page_id id: 1 tid 105942
0 1 tid 105942
365 2 tid 105942
238 tid 105942
Remove  tid 105942
FindTargetPageId rootid 3 tid 105942
target_page_id id: 1 tid 105942
0 1 tid 105942
365 2 tid 105942
238 tid 105942
Remove  tid 105942
FindTargetPageId rootid 3 tid 105942
target_page_id id: 1 tid 105942
0 1 tid 105942
365 2 tid 105942
238 tid 105942
Remove  tid 105942
FindTargetPageId rootid 3 tid 105943
target_page_id id: 1 tid 105943
0 1 tid 105943
365 2 tid 105943
238 tid 105943
Insert  tid 105943
FindTargetPageId rootid 3 tid 105943
target_page_id id: 1 tid 105943
0 1 tid 105943
365 2 tid 105943
239 tid 105943
Insert  tid 105943
FindTargetPageId rootid 3 tid 105941
target_page_id id: 1 tid 105941
0 1 tid 105941
365 2 tid 105941
240 tid 105941
Insert  tid 105941
FindTargetPageId rootid 3 tid 105942
target_page_id id: 1 tid 105942
0 1 tid 105942
365 2 tid 105942
240 tid 105942
Remove  tid 105942
FindTargetPageId rootid 3 tid 105942
target_page_id id: 1 tid 105942
0 1 tid 105942
365 2 tid 105942
240 tid 105942
Remove  tid 105942
FindTargetPageId rootid 3 tid 105943
target_page_id id: 1 tid 105943
0 1 tid 105943
365 2 tid 105943
240 tid 105943
Insert  tid 105943
FindTargetPageId rootid 3 tid 105943
target_page_id id: 1 tid 105943
0 1 tid 105943
365 2 tid 105943
241 tid 105943
Insert  tid 105943
FindTargetPageId rootid 3 tid 105943
target_page_id id: 1 tid 105943
0 1 tid 105943
365 2 tid 105943
242 tid 105943
Insert  tid 105943
FindTargetPageId rootid 3 tid 105943
target_page_id id: 1 tid 105943
0 1 tid 105943
365 2 tid 105943
243 tid 105943
Insert  tid 105943
FindTargetPageId rootid 3 tid 105941
target_page_id id: 1 tid 105941
0 1 tid 105941
365 2 tid 105941
244 tid 105941
Insert  tid 105941
FindTargetPageId rootid 3 tid 105943
target_page_id id: 1 tid 105943
0 1 tid 105943
365 2 tid 105943
244 tid 105943
Insert  tid 105943
FindTargetPageId rootid 3 tid 105942
target_page_id id: 1 tid 105942
0 1 tid 105942
365 2 tid 105942
245 tid 105942
Remove  tid 105942
FindTargetPageId rootid 3 tid 105942
target_page_id id: 1 tid 105942
0 1 tid 105942
365 2 tid 105942
245 tid 105942
Remove  tid 105942
FindTargetPageId rootid 3 tid 105943
target_page_id id: 1 tid 105943
0 1 tid 105943
365 2 tid 105943
245 tid 105943
Insert  tid 105943
FindTargetPageId rootid 3 tid 105943
target_page_id id: 1 tid 105943
0 1 tid 105943
365 2 tid 105943
246 tid 105943
Insert  tid 105943
FindTargetPageId rootid 3 tid 105942
target_page_id id: 1 tid 105942
0 1 tid 105942
365 2 tid 105942
247 tid 105942
Remove  tid 105942
FindTargetPageId rootid 3 tid 105941
target_page_id id: 1 tid 105941
0 1 tid 105941
365 2 tid 105941
247 tid 105941
Insert  tid 105941
FindTargetPageId rootid 3 tid 105941
target_page_id id: 1 tid 105941
0 1 tid 105941
365 2 tid 105941
247 tid 105941
Insert  tid 105941
FindTargetPageId rootid 3 tid 105941
target_page_id id: 1 tid 105941
0 1 tid 105941
365 2 tid 105941
247 tid 105941
Insert  tid 105941
FindTargetPageId rootid 3 tid 105943
target_page_id id: 1 tid 105943
0 1 tid 105943
365 2 tid 105943
247 tid 105943
Insert  tid 105943
FindTargetPageId rootid 3 tid 105942
target_page_id id: 1 tid 105942
0 1 tid 105942
365 2 tid 105942
248 tid 105942
Remove  tid 105942
FindTargetPageId rootid 3 tid 105942
target_page_id id: 1 tid 105942
0 1 tid 105942
365 2 tid 105942
248 tid 105942
Remove  tid 105942
FindTargetPageId rootid 3 tid 105943
target_page_id id: 1 tid 105943
0 1 tid 105943
365 2 tid 105943
248 tid 105943
Insert  tid 105943
FindTargetPageId rootid 3 tid 105941
target_page_id id: 1 tid 105941
0 1 tid 105941
365 2 tid 105941
249 tid 105941
Insert  tid 105941
FindTargetPageId rootid 3 tid 105941
target_page_id id: 1 tid 105941
0 1 tid 105941
365 2 tid 105941
249 tid 105941
Insert  tid 105941
FindTargetPageId rootid 3 tid 105941
target_page_id id: 1 tid 105941
0 1 tid 105941
365 2 tid 105941
249 tid 105941
Insert  tid 105941
FindTargetPageId rootid 3 tid 105942
target_page_id id: 1 tid 105942
0 1 tid 105942
365 2 tid 105942
249 tid 105942
Remove  tid 105942
FindTargetPageId rootid 3 tid 105943
target_page_id id: 1 tid 105943
0 1 tid 105943
365 2 tid 105943
249 tid 105943
Insert  tid 105943
FindTargetPageId rootid 3 tid 105941
target_page_id id: 1 tid 105941
0 1 tid 105941
365 2 tid 105941
250 tid 105941
Insert  tid 105941
FindTargetPageId rootid 3 tid 105942
target_page_id id: 1 tid 105942
0 1 tid 105942
365 2 tid 105942
250 tid 105942
Remove  tid 105942
FindTargetPageId rootid 3 tid 105943
target_page_id id: 1 tid 105943
0 1 tid 105943
365 2 tid 105943
250 tid 105943
Insert  tid 105943
FindTargetPageId rootid 3 tid 105941
target_page_id id: 1 tid 105941
0 1 tid 105941
365 2 tid 105941
251 tid 105941
Insert  tid 105941
FindTargetPageId rootid 3 tid 105943
target_page_id id: 1 tid 105943
0 1 tid 105943
365 2 tid 105943
251 tid 105943
Insert  tid 105943
FindTargetPageId rootid 3 tid 105942
target_page_id id: 1 tid 105942
0 1 tid 105942
365 2 tid 105942
252 tid 105942
Remove  tid 105942
FindTargetPageId rootid 3 tid 105941
target_page_id id: 1 tid 105941
0 1 tid 105941
365 2 tid 105941
252 tid 105941
Insert  tid 105941
FindTargetPageId rootid 3 tid 105943
target_page_id id: 1 tid 105943
0 1 tid 105943
365 2 tid 105943
252 tid 105943
Insert  tid 105943
FindTargetPageId rootid 3 tid 105942
target_page_id id: 1 tid 105942
0 1 tid 105942
365 2 tid 105942
253 tid 105942
Remove  tid 105942
FindTargetPageId rootid 3 tid 105941
target_page_id id: 1 tid 105941
0 1 tid 105941
365 2 tid 105941
253 tid 105941
Insert  tid 105941
FindTargetPageId rootid 3 tid 105943
target_page_id id: 1 tid 105943
0 1 tid 105943
365 2 tid 105943
253 tid 105943
Insert  tid 105943
FindTargetPageId rootid 3 tid 105942
target_page_id id: 1 tid 105942
0 1 tid 105942
365 2 tid 105942
254 tid 105942
Remove  tid 105942
FindTargetPageId rootid 3 tid 105941
target_page_id id: 1 tid 105941
0 1 tid 105941
365 2 tid 105941
254 tid 105941
Insert  tid 105941
FindTargetPageId rootid 3 tid 105943
target_page_id id: 1 tid 105943
0 1 tid 105943
365 2 tid 105943
254 tid 105943
Insert  tid 105943
FindTargetPageId rootid 3 tid 105942
target_page_id id: 4 tid 105942
0 1 tid 105942
128 4 tid 105942
365 2 tid 105942
128 tid 105942
Remove  tid 105942
FindTargetPageId rootid 3 tid 105941
target_page_id id: 4 tid 105941
0 1 tid 105941
128 4 tid 105941
365 2 tid 105941
128 tid 105941
Insert  tid 105941
FindTargetPageId rootid 3 tid 105941
target_page_id id: 4 tid 105941
0 1 tid 105941
128 4 tid 105941
365 2 tid 105941
128 tid 105941
Insert  tid 105941
FindTargetPageId rootid 3 tid 105942
target_page_id id: 4 tid 105942
0 1 tid 105942
128 4 tid 105942
365 2 tid 105942
128 tid 105942
Remove  tid 105942
FindTargetPageId rootid 3 tid 105943
target_page_id id: 4 tid 105943
0 1 tid 105943
128 4 tid 105943
365 2 tid 105943
128 tid 105943
Insert  tid 105943
FindTargetPageId rootid 3 tid 105941
target_page_id id: 4 tid 105941
0 1 tid 105941
128 4 tid 105941
365 2 tid 105941
129 tid 105941
Insert  tid 105941
FindTargetPageId rootid 3 tid 105941
target_page_id id: 4 tid 105941
0 1 tid 105941
128 4 tid 105941
365 2 tid 105941
129 tid 105941
Insert  tid 105941
FindTargetPageId rootid 3 tid 105941
target_page_id id: 4 tid 105941
0 1 tid 105941
128 4 tid 105941
365 2 tid 105941
129 tid 105941
Insert  tid 105941
FindTargetPageId rootid 3 tid 105941
target_page_id id: 4 tid 105941
0 1 tid 105941
128 4 tid 105941
365 2 tid 105941
129 tid 105941
Insert  tid 105941
FindTargetPageId rootid 3 tid 105943
target_page_id id: 4 tid 105943
0 1 tid 105943
128 4 tid 105943
365 2 tid 105943
129 tid 105943
Insert  tid 105943
FindTargetPageId rootid 3 tid 105942
target_page_id id: 4 tid 105942
0 1 tid 105942
128 4 tid 105942
365 2 tid 105942
130 tid 105942
Remove  tid 105942
FindTargetPageId rootid 3 tid 105941
target_page_id id: 4 tid 105941
0 1 tid 105941
128 4 tid 105941
365 2 tid 105941
130 tid 105941
Insert  tid 105941
FindTargetPageId rootid 3 tid 105943
target_page_id id: 4 tid 105943
0 1 tid 105943
128 4 tid 105943
365 2 tid 105943
130 tid 105943
Insert  tid 105943
FindTargetPageId rootid 3 tid 105942
target_page_id id: 4 tid 105942
0 1 tid 105942
128 4 tid 105942
365 2 tid 105942
131 tid 105942
Remove  tid 105942
FindTargetPageId rootid 3 tid 105941
target_page_id id: 4 tid 105941
0 1 tid 105941
128 4 tid 105941
365 2 tid 105941
131 tid 105941
Insert  tid 105941
FindTargetPageId rootid 3 tid 105941
target_page_id id: 4 tid 105941
0 1 tid 105941
128 4 tid 105941
365 2 tid 105941
131 tid 105941
Insert  tid 105941
FindTargetPageId rootid 3 tid 105942
target_page_id id: 4 tid 105942
0 1 tid 105942
128 4 tid 105942
365 2 tid 105942
132 tid 105942
Remove  tid 105942
FindTargetPageId rootid 3 tid 105943
target_page_id id: 4 tid 105943
0 1 tid 105943
128 4 tid 105943
365 2 tid 105943
132 tid 105943
Insert  tid 105943
FindTargetPageId rootid 3 tid 105943
target_page_id id: 4 tid 105943
0 1 tid 105943
128 4 tid 105943
365 2 tid 105943
132 tid 105943
Insert  tid 105943
FindTargetPageId rootid 3 tid 105943
target_page_id id: 4 tid 105943
0 1 tid 105943
128 4 tid 105943
365 2 tid 105943
133 tid 105943
Insert  tid 105943
FindTargetPageId rootid 3 tid 105943
target_page_id id: 4 tid 105943
0 1 tid 105943
128 4 tid 105943
365 2 tid 105943
134 tid 105943
Insert  tid 105943
FindTargetPageId rootid 3 tid 105943
target_page_id id: 4 tid 105943
0 1 tid 105943
128 4 tid 105943
365 2 tid 105943
135 tid 105943
Insert  tid 105943
FindTargetPageId rootid 3 tid 105943
target_page_id id: 4 tid 105943
0 1 tid 105943
128 4 tid 105943
365 2 tid 105943
136 tid 105943
Insert  tid 105943
FindTargetPageId rootid 3 tid 105943
target_page_id id: 4 tid 105943
0 1 tid 105943
128 4 tid 105943
365 2 tid 105943
137 tid 105943
Insert  tid 105943
FindTargetPageId rootid 3 tid 105943
target_page_id id: 4 tid 105943
0 1 tid 105943
128 4 tid 105943
365 2 tid 105943
138 tid 105943
Insert  tid 105943
FindTargetPageId rootid 3 tid 105943
target_page_id id: 4 tid 105943
0 1 tid 105943
128 4 tid 105943
365 2 tid 105943
139 tid 105943
Insert  tid 105943
FindTargetPageId rootid 3 tid 105943
target_page_id id: 4 tid 105943
0 1 tid 105943
128 4 tid 105943
365 2 tid 105943
140 tid 105943
Insert  tid 105943
FindTargetPageId rootid 3 tid 105941
target_page_id id: 4 tid 105941
0 1 tid 105941
128 4 tid 105941
365 2 tid 105941
141 tid 105941
Insert  tid 105941
FindTargetPageId rootid 3 tid 105942
target_page_id id: 4 tid 105942
0 1 tid 105942
128 4 tid 105942
365 2 tid 105942
141 tid 105942
Remove  tid 105942
FindTargetPageId rootid 3 tid 105943
target_page_id id: 4 tid 105943
0 1 tid 105943
128 4 tid 105943
365 2 tid 105943
141 tid 105943
Insert  tid 105943
FindTargetPageId rootid 3 tid 105943
target_page_id id: 4 tid 105943
0 1 tid 105943
128 4 tid 105943
365 2 tid 105943
142 tid 105943
Insert  tid 105943
FindTargetPageId rootid 3 tid 105943
target_page_id id: 4 tid 105943
0 1 tid 105943
128 4 tid 105943
365 2 tid 105943
143 tid 105943
Insert  tid 105943
FindTargetPageId rootid 3 tid 105943
target_page_id id: 4 tid 105943
0 1 tid 105943
128 4 tid 105943
365 2 tid 105943
144 tid 105943
Insert  tid 105943
FindTargetPageId rootid 3 tid 105943
target_page_id id: 4 tid 105943
0 1 tid 105943
128 4 tid 105943
365 2 tid 105943
145 tid 105943
Insert  tid 105943
FindTargetPageId rootid 3 tid 105943
target_page_id id: 4 tid 105943
0 1 tid 105943
128 4 tid 105943
365 2 tid 105943
146 tid 105943
Insert  tid 105943
FindTargetPageId rootid 3 tid 105942
target_page_id id: 4 tid 105942
0 1 tid 105942
128 4 tid 105942
365 2 tid 105942
147 tid 105942
Remove  tid 105942
FindTargetPageId rootid 3 tid 105941
target_page_id id: 4 tid 105941
0 1 tid 105941
128 4 tid 105941
365 2 tid 105941
147 tid 105941
Insert  tid 105941
FindTargetPageId rootid 3 tid 105943
target_page_id id: 4 tid 105943
0 1 tid 105943
128 4 tid 105943
365 2 tid 105943
147 tid 105943
Insert  tid 105943
FindTargetPageId rootid 3 tid 105943
target_page_id id: 4 tid 105943
0 1 tid 105943
128 4 tid 105943
365 2 tid 105943
148 tid 105943
FindTargetPageId rootid 3 tid 105942
target_page_id id: 4 tid 105942
0 1 tid 105942
128 4 tid 105942
365 2 tid 105942
149 tid 105942
Remove  tid 105942
FindTargetPageId rootid 3 tid 105942
target_page_id id: 4 tid 105942
0 1 tid 105942
128 4 tid 105942
365 2 tid 105942
149 tid 105942
Remove  tid 105942
FindTargetPageId rootid 3 tid 105942
target_page_id id: 4 tid 105942
0 1 tid 105942
128 4 tid 105942
365 2 tid 105942
149 tid 105942
Remove  tid 105942
FindTargetPageId rootid 3 tid 105942
target_page_id id: 4 tid 105942
0 1 tid 105942
128 4 tid 105942
365 2 tid 105942
149 tid 105942
Remove  tid 105942
FindTargetPageId rootid 3 tid 105942
target_page_id id: 4 tid 105942
0 1 tid 105942
128 4 tid 105942
365 2 tid 105942
149 tid 105942
Remove  tid 105942
FindTargetPageId rootid 3 tid 105942
target_page_id id: 4 tid 105942
0 1 tid 105942
128 4 tid 105942
365 2 tid 105942
149 tid 105942
Remove  tid 105942
FindTargetPageId rootid 3 tid 105942
Insert target_page_id id: 4 tid 105942
 tid 0 1 tid 105942
105943
128 4 tid 105942
365 2 tid 105942
149 tid 105942
FindTargetPageId rootid Remove 3 tid 105941 tid 
target_page_id id: 4 tid 105941
0 1 tid 105941
128 4 tid 105941
365 2 tid 105941
149 tid 105941
105942
FindTargetPageId rootid 3 tid 105943
target_page_id id: 4 tid 105943
0 1 tid 105943
128 4 tid 105943
365 2 tid 105943
149 tid 105943
Insert  tid 105943
FindTargetPageId rootid 3 tid 105943
target_page_id id: 4 tid 105943
0 1 tid 105943
128 4 tid 105943
365 2 tid 105943
150 tid 105943
Insert  tid 105941
FindTargetPageId rootid 3 tid 105941
target_page_id id: 4 tid 105941
0 1 tid 105941
128 4 tid 105941
365 2 tid 105941
151 tid 105941
Insert  tid 105941
FindTargetPageId rootid 3 tid 105941
target_page_id id: 4 tid 105941
0 1 tid 105941
128 4 tid 105941
365 2 tid 105941
151 tid 105941
Insert  tid 105941
FindTargetPageId rootid 3 tid 105941
target_page_id id: 4 tid 105941
0 1 tid 105941
128 4 tid 105941
365 2 tid 105941
151 tid 105941
Insert  tid 105941
FindTargetPageId rootid 3 tid 105941
target_page_id id: 4 tid 105941
0 1 tid 105941
128 4 tid 105941
365 2 tid 105941
151 tid 105941
Insert  tid 105943
Insert  tid 105941
FindTargetPageId rootid 3 tid 105943
target_page_id id: 4 tid 105943
0 1 tid 105943
128 4 tid 105943
365 2 tid 105943
151 tid 105943
Insert  tid 105943
FindTargetPageId rootid 3 tid 105943
target_page_id id: 4 tid 105943
0 1 tid 105943
128 4 tid 105943
365 2 tid 105943
152 tid 105943
Insert  tid 105943
FindTargetPageId rootid 3 tid 105943
target_page_id id: 4 tid 105943
0 1 tid 105943
128 4 tid 105943
365 2 tid 105943
153 tid 105943
Insert  tid 105943
FindTargetPageId rootid 3 tid 105943
target_page_id id: 4 tid 105943
0 1 tid 105943
128 4 tid 105943
365 2 tid 105943
154 tid 105943
Insert  tid 105943
FindTargetPageId rootid 3 tid 105943
target_page_id id: 4 tid 105943
0 1 tid 105943
128 4 tid 105943
365 2 tid 105943
155 tid 105943
Insert  tid 105943
FindTargetPageId rootid 3 tid 105943
target_page_id id: 4 tid 105943
0 1 tid 105943
128 4 tid 105943
365 2 tid 105943
156 tid 105943
Insert  tid 105943
FindTargetPageId rootid 3 tid 105943
target_page_id id: 4 tid 105943
0 1 tid 105943
128 4 tid 105943
365 2 tid 105943
157 tid 105943
Insert  tid 105943
FindTargetPageId rootid 3 tid 105943
target_page_id id: 4 tid 105943
0 1 tid 105943
128 4 tid 105943
365 2 tid 105943
158 tid 105943
Insert  tid 105943
FindTargetPageId rootid 3 tid 105943
target_page_id id: 4 tid 105943
0 1 tid 105943
128 4 tid 105943
365 2 tid 105943
159 tid 105943
Insert  tid 105943
FindTargetPageId rootid 3 tid 105943
target_page_id id: 4 tid 105943
0 1 tid 105943
128 4 tid 105943
365 2 tid 105943
160 tid 105943
Insert  tid 105943
FindTargetPageId rootid 3 tid 105943
target_page_id id: 4 tid 105943
0 1 tid 105943
128 4 tid 105943
365 2 tid 105943
161 tid 105943
Insert  tid 105943
FindTargetPageId rootid 3 tid 105943
target_page_id id: 4 tid 105943
0 1 tid 105943
128 4 tid 105943
365 2 tid 105943
162 tid 105943
Insert  tid 105943
FindTargetPageId rootid 3 tid 105943
target_page_id id: 4 tid 105943
0 1 tid 105943
128 4 tid 105943
365 2 tid 105943
163 tid 105943
Insert  tid 105943
FindTargetPageId rootid 3 tid 105943
target_page_id id: 4 tid 105943
0 1 tid 105943
128 4 tid 105943
365 2 tid 105943
164 tid 105943
Insert  tid 105943
FindTargetPageId rootid 3 tid 105943
target_page_id id: 4 tid 105943
0 1 tid 105943
128 4 tid 105943
365 2 tid 105943
165 tid 105943
Insert  tid 105943
FindTargetPageId rootid 3 tid 105943
target_page_id id: 4 tid 105943
0 1 tid 105943
128 4 tid 105943
365 2 tid 105943
166 tid 105943
Insert  tid 105943
FindTargetPageId rootid 3 tid 105943
target_page_id id: 4 tid 105943
0 1 tid 105943
128 4 tid 105943
365 2 tid 105943
167 tid 105943
Insert  tid 105943
FindTargetPageId rootid 3 tid 105943
target_page_id id: 4 tid 105943
0 1 tid 105943
128 4 tid 105943
365 2 tid 105943
168 tid 105943
Insert  tid 105943
FindTargetPageId rootid 3 tid 105943
target_page_id id: 4 tid 105943
0 1 tid 105943
128 4 tid 105943
365 2 tid 105943
169 tid 105943
Insert  tid 105943
FindTargetPageId rootid 3 tid 105943
target_page_id id: 4 tid 105943
0 1 tid 105943
128 4 tid 105943
365 2 tid 105943
170 tid 105943
Insert  tid 105943
FindTargetPageId rootid 3 tid 105942
target_page_id id: 4 tid 105942
0 1 tid 105942
128 4 tid 105942
365 2 tid 105942
171 tid 105942
Remove  tid 105942
FindTargetPageId rootid 3 tid 105942
target_page_id id: 4 tid 105942
0 1 tid 105942
128 4 tid 105942
365 2 tid 105942
170 tid 105942
Remove  tid 105942
FindTargetPageId rootid 3 tid 105942
target_page_id id: 4 tid 105942
0 1 tid 105942
128 4 tid 105942
365 2 tid 105942
169 tid 105942
Remove  tid 105942
FindTargetPageId rootid 3 tid 105942
target_page_id id: 4 tid 105942
0 1 tid 105942
128 4 tid 105942
365 2 tid 105942
168 tid 105942
Remove  tid 105942
FindTargetPageId rootid 3 tid 105941
target_page_id id: 4 tid 105941
0 1 tid 105941
128 4 tid 105941
365 2 tid 105941
167 tid 105941
Insert  tid 105941
FindTargetPageId rootid 3 tid 105941
target_page_id id: 4 tid 105941
0 1 tid 105941
128 4 tid 105941
365 2 tid 105941
167 tid 105941
Insert  tid 105941
FindTargetPageId rootid 3 tid 105941
target_page_id id: 4 tid 105941
0 1 tid 105941
128 4 tid 105941
365 2 tid 105941
167 tid 105941
Insert  tid 105941
FindTargetPageId rootid 3 tid 105941
target_page_id id: 4 tid 105941
0 1 tid 105941
128 4 tid 105941
365 2 tid 105941
167 tid 105941
Insert  tid 105941
FindTargetPageId rootid 3 tid 105941
target_page_id id: 4 tid 105941
0 1 tid 105941
128 4 tid 105941
365 2 tid 105941
167 tid 105941
Insert  tid 105941
FindTargetPageId rootid 3 tid 105941
target_page_id id: 4 tid 105941
0 1 tid 105941
128 4 tid 105941
365 2 tid 105941
167 tid 105941
Insert  tid 105941
FindTargetPageId rootid 3 tid 105943
target_page_id id: 4 tid 105943
0 1 tid 105943
128 4 tid 105943
365 2 tid 105943
167 tid 105943
Insert  tid 105943
FindTargetPageId rootid 3 tid 105943
target_page_id id: 4 tid 105943
0 1 tid 105943
128 4 tid 105943
365 2 tid 105943
168 tid 105943
Insert  tid 105943
FindTargetPageId rootid 3 tid 105943
target_page_id id: 4 tid 105943
0 1 tid 105943
128 4 tid 105943
365 2 tid 105943
169 tid 105943
Insert  tid 105943
FindTargetPageId rootid 3 tid 105942
target_page_id id: 4 tid 105942
0 1 tid 105942
128 4 tid 105942
365 2 tid 105942
170 tid 105942
Remove  tid 105942
FindTargetPageId rootid 3 tid 105941
target_page_id id: 4 tid 105941
0 1 tid 105941
128 4 tid 105941
365 2 tid 105941
169 tid 105941
Insert  tid 105941
FindTargetPageId rootid 3 tid 105941
target_page_id id: 4 tid 105941
0 1 tid 105941
128 4 tid 105941
365 2 tid 105941
169 tid 105941
Insert  tid 105941
FindTargetPageId rootid 3 tid 105941
target_page_id id: 4 tid 105941
0 1 tid 105941
128 4 tid 105941
365 2 tid 105941
169 tid 105941
Insert  tid 105941
FindTargetPageId rootid 3 tid 105941
target_page_id id: 4 tid 105941
0 1 tid 105941
128 4 tid 105941
365 2 tid 105941
169 tid 105941
Insert  tid 105941
FindTargetPageId rootid 3 tid 105941
target_page_id id: 4 tid 105941
0 1 tid 105941
128 4 tid 105941
365 2 tid 105941
169 tid 105941
Insert  tid 105941
FindTargetPageId rootid 3 tid 105943
target_page_id id: 4 tid 105943
0 1 tid 105943
128 4 tid 105943
365 2 tid 105943
169 tid 105943
Insert  tid 105943
FindTargetPageId rootid 3 tid 105942
target_page_id id: 4 tid 105942
0 1 tid 105942
128 4 tid 105942
365 2 tid 105942
170 tid 105942
Remove  tid 105942
FindTargetPageId rootid 3 tid 105942
target_page_id id: 4 tid 105942
0 1 tid 105942
128 4 tid 105942
365 2 tid 105942
169 tid 105942
Remove  tid 105942
FindTargetPageId rootid 3 tid 105942
target_page_id id: 4 tid 105942
0 1 tid 105942
128 4 tid 105942
365 2 tid 105942
168 tid 105942
Remove  tid 105942
FindTargetPageId rootid 3 tid 105942
target_page_id id: 4 tid 105942
0 1 tid 105942
128 4 tid 105942
365 2 tid 105942
167 tid 105942
Remove  tid 105942
FindTargetPageId rootid 3 tid 105942
target_page_id id: 4 tid 105942
0 1 tid 105942
128 4 tid 105942
365 2 tid 105942
166 tid 105942
Remove  tid 105942
FindTargetPageId rootid 3 tid 105942
target_page_id id: 4 tid 105942
0 1 tid 105942
128 4 tid 105942
365 2 tid 105942
165 tid 105942
Remove  tid 105942
FindTargetPageId rootid 3 tid 105942
target_page_id id: 4 tid 105942
0 1 tid 105942
128 4 tid 105942
365 2 tid 105942
164 tid 105942
Remove  tid 105942
FindTargetPageId rootid 3 tid 105942
target_page_id id: 4 tid 105942
0 1 tid 105942
128 4 tid 105942
365 2 tid 105942
163 tid 105942
Remove  tid 105942
FindTargetPageId rootid 3 tid 105942
target_page_id id: 4 tid 105942
0 1 tid 105942
128 4 tid 105942
365 2 tid 105942
162 tid 105942
Remove  tid 105942
FindTargetPageId rootid 3 tid 105942
target_page_id id: 4 tid 105942
0 1 tid 105942
128 4 tid 105942
365 2 tid 105942
161 tid 105942
Remove  tid 105942
FindTargetPageId rootid 3 tid 105942
target_page_id id: 4 tid 105942
0 1 tid 105942
128 4 tid 105942
365 2 tid 105942
160 tid 105942
Remove  tid 105942
FindTargetPageId rootid 3 tid 105942
target_page_id id: 4 tid 105942
0 1 tid 105942
128 4 tid 105942
365 2 tid 105942
159 tid 105942
Remove  tid 105942
FindTargetPageId rootid 3 tid 105942
target_page_id id: 4 tid 105942
0 1 tid 105942
128 4 tid 105942
365 2 tid 105942
158 tid 105942
Remove  tid 105942
FindTargetPageId rootid 3 tid 105942
target_page_id id: 4 tid 105942
0 1 tid 105942
128 4 tid 105942
365 2 tid 105942
157 tid 105942
Remove  tid 105942
FindTargetPageId rootid 3 tid 105942
target_page_id id: 4 tid 105942
0 1 tid 105942
128 4 tid 105942
365 2 tid 105942
157 tid 105942
Remove  tid 105942
FindTargetPageId rootid 3 tid 105942
target_page_id id: 4 tid 105942
0 1 tid 105942
128 4 tid 105942
365 2 tid 105942
157 tid 105942
Remove  tid 105942
FindTargetPageId rootid 3 tid 105942
target_page_id id: 4 tid 105942
0 1 tid 105942
128 4 tid 105942
365 2 tid 105942
157 tid 105942
Remove  tid 105942
FindTargetPageId rootid 3 tid 105942
target_page_id id: 4 tid 105942
0 1 tid 105942
128 4 tid 105942
365 2 tid 105942
157 tid 105942
Remove  tid 105942
FindTargetPageId rootid 3 tid 105942
target_page_id id: 4 tid 105942
0 1 tid 105942
128 4 tid 105942
365 2 tid 105942
157 tid 105942
Remove  tid 105942
FindTargetPageId rootid 3 tid 105942
target_page_id id: 4 tid 105942
0 1 tid 105942
128 4 tid 105942
365 2 tid 105942
157 tid 105942
Remove  tid 105942
FindTargetPageId rootid 3 tid 105942
target_page_id id: 4 tid 105942
0 1 tid 105942
128 4 tid 105942
365 2 tid 105942
157 tid 105942
Remove  tid 105942
FindTargetPageId rootid 3 tid 105942
target_page_id id: 4 tid 105942
0 1 tid 105942
128 4 tid 105942
365 2 tid 105942
157 tid 105942
Remove  tid 105942
FindTargetPageId rootid 3 tid 105943
target_page_id id: 4 tid 105943
0 1 tid 105943
128 4 tid 105943
365 2 tid 105943
157 tid 105943
Insert  tid 105943
FindTargetPageId rootid 3 tid 105941
target_page_id id: 4 tid 105941
0 1 tid 105941
128 4 tid 105941
365 2 tid 105941
158 tid 105941
Insert  tid 105941
FindTargetPageId rootid 3 tid 105941
target_page_id id: 4 tid 105941
0 1 tid 105941
128 4 tid 105941
365 2 tid 105941
158 tid 105941
Insert  tid 105941
FindTargetPageId rootid 3 tid 105943
target_page_id id: 4 tid 105943
0 1 tid 105943
128 4 tid 105943
365 2 tid 105943
158 tid 105943
Insert  tid 105943
FindTargetPageId rootid 3 tid 105943
target_page_id id: 4 tid 105943
0 1 tid 105943
128 4 tid 105943
365 2 tid 105943
159 tid 105943
Insert  tid 105943
FindTargetPageId rootid 3 tid 105943
target_page_id id: 4 tid 105943
0 1 tid 105943
128 4 tid 105943
365 2 tid 105943
160 tid 105943
Insert  tid 105943
FindTargetPageId rootid 3 tid 105943
target_page_id id: 4 tid 105943
0 1 tid 105943
128 4 tid 105943
365 2 tid 105943
161 tid 105943
Insert  tid 105943
FindTargetPageId rootid 3 tid 105941
target_page_id id: 4 tid 105941
0 1 tid 105941
128 4 tid 105941
365 2 tid 105941
162 tid 105941
Insert  tid 105941
FindTargetPageId rootid 3 tid 105941
target_page_id id: 4 tid 105941
0 1 tid 105941
128 4 tid 105941
365 2 tid 105941
162 tid 105941
Insert  tid 105941
FindTargetPageId rootid 3 tid 105941
target_page_id id: 4 tid 105941
0 1 tid 105941
128 4 tid 105941
365 2 tid 105941
162 tid 105941
Insert  tid 105941
FindTargetPageId rootid 3 tid 105941
target_page_id id: 4 tid 105941
0 1 tid 105941
128 4 tid 105941
365 2 tid 105941
162 tid 105941
Insert  tid 105941
FindTargetPageId rootid 3 tid 105941
target_page_id id: 4 tid 105941
0 1 tid 105941
128 4 tid 105941
365 2 tid 105941
162 tid 105941
Insert  tid 105941
FindTargetPageId rootid 3 tid 105941
target_page_id id: 4 tid 105941
0 1 tid 105941
128 4 tid 105941
365 2 tid 105941
162 tid 105941
Insert  tid 105941
FindTargetPageId rootid 3 tid 105941
target_page_id id: 4 tid 105941
0 1 tid 105941
128 4 tid 105941
365 2 tid 105941
163 tid 105941
Insert  tid 105941
FindTargetPageId rootid 3 tid 105941
target_page_id id: 4 tid 105941
0 1 tid 105941
128 4 tid 105941
365 2 tid 105941
164 tid 105941
Insert  tid 105941
FindTargetPageId rootid 3 tid 105941
target_page_id id: 4 tid 105941
0 1 tid 105941
128 4 tid 105941
365 2 tid 105941
165 tid 105941
Insert  tid 105941
FindTargetPageId rootid 3 tid 105941
target_page_id id: 4 tid 105941
0 1 tid 105941
128 4 tid 105941
365 2 tid 105941
166 tid 105941
Insert  tid 105941
FindTargetPageId rootid 3 tid 105941
target_page_id id: 4 tid 105941
0 1 tid 105941
128 4 tid 105941
365 2 tid 105941
167 tid 105941
Insert  tid 105941
FindTargetPageId rootid 3 tid 105941
target_page_id id: 4 tid 105941
0 1 tid 105941
128 4 tid 105941
365 2 tid 105941
168 tid 105941
Insert  tid 105941
FindTargetPageId rootid 3 tid 105941
target_page_id id: 4 tid 105941
0 1 tid 105941
128 4 tid 105941
365 2 tid 105941
169 tid 105941
Insert  tid 105941
FindTargetPageId rootid 3 tid 105941
target_page_id id: 4 tid 105941
0 1 tid 105941
128 4 tid 105941
365 2 tid 105941
170 tid 105941
Insert  tid 105941
FindTargetPageId rootid 3 tid 105941
target_page_id id: 4 tid 105941
0 1 tid 105941
128 4 tid 105941
365 2 tid 105941
171 tid 105941
Insert  tid 105941
FindTargetPageId rootid 3 tid 105941
target_page_id id: 4 tid 105941
0 1 tid 105941
128 4 tid 105941
365 2 tid 105941
172 tid 105941
Insert  tid 105941
FindTargetPageId rootid 3 tid 105941
target_page_id id: 4 tid 105941
0 1 tid 105941
128 4 tid 105941
365 2 tid 105941
173 tid 105941
Insert  tid 105941
FindTargetPageId rootid 3 tid 105941
target_page_id id: 4 tid 105941
0 1 tid 105941
128 4 tid 105941
365 2 tid 105941
174 tid 105941
Insert  tid 105941
FindTargetPageId rootid 3 tid 105941
target_page_id id: 4 tid 105941
0 1 tid 105941
128 4 tid 105941
365 2 tid 105941
175 tid 105941
Insert  tid 105941
FindTargetPageId rootid 3 tid 105941
target_page_id id: 4 tid 105941
0 1 tid 105941
128 4 tid 105941
365 2 tid 105941
176 tid 105941
Insert  tid 105941
FindTargetPageId rootid 3 tid 105941
target_page_id id: 4 tid 105941
0 1 tid 105941
128 4 tid 105941
365 2 tid 105941
177 tid 105941
Insert  tid 105941
FindTargetPageId rootid 3 tid 105941
target_page_id id: 4 tid 105941
0 1 tid 105941
128 4 tid 105941
365 2 tid 105941
178 tid 105941
Insert  tid 105941
FindTargetPageId rootid 3 tid 105941
target_page_id id: 4 tid 105941
0 1 tid 105941
128 4 tid 105941
365 2 tid 105941
179 tid 105941
Insert  tid 105941
FindTargetPageId rootid 3 tid 105941
target_page_id id: 4 tid 105941
0 1 tid 105941
128 4 tid 105941
365 2 tid 105941
180 tid 105941
Insert  tid 105941
FindTargetPageId rootid 3 tid 105941
target_page_id id: 4 tid 105941
0 1 tid 105941
128 4 tid 105941
365 2 tid 105941
180 tid 105941
Insert  tid 105941
FindTargetPageId rootid 3 tid 105941
target_page_id id: 4 tid 105941
0 1 tid 105941
128 4 tid 105941
365 2 tid 105941
180 tid 105941
Insert  tid 105941
FindTargetPageId rootid 3 tid 105941
target_page_id id: 4 tid 105941
0 1 tid 105941
128 4 tid 105941
365 2 tid 105941
180 tid 105941
Insert  tid 105941
FindTargetPageId rootid 3 tid 105941
target_page_id id: 4 tid 105941
0 1 tid 105941
128 4 tid 105941
365 2 tid 105941
180 tid 105941
Insert  tid 105941
FindTargetPageId rootid 3 tid 105941
target_page_id id: 4 tid 105941
0 1 tid 105941
128 4 tid 105941
365 2 tid 105941
180 tid 105941
Insert  tid 105941
FindTargetPageId rootid 3 tid 105942
target_page_id id: 4 tid 105942
0 1 tid 105942
128 4 tid 105942
365 2 tid 105942
181 tid 105942
Remove  tid 105942
FindTargetPageId rootid 3 tid 105942
target_page_id id: 4 tid 105942
0 1 tid 105942
128 4 tid 105942
365 2 tid 105942
181 tid 105942
Remove  tid 105942
FindTargetPageId rootid 3 tid 105942
target_page_id id: 4 tid 105942
0 1 tid 105942
128 4 tid 105942
365 2 tid 105942
181 tid 105942
Remove  tid 105942
FindTargetPageId rootid 3 tid 105943
target_page_id id: 4 tid 105943
0 1 tid 105943
128 4 tid 105943
365 2 tid 105943
181 tid 105943
Insert  tid 105943
FindTargetPageId rootid 3 tid 105943
target_page_id id: 4 tid 105943
0 1 tid 105943
128 4 tid 105943
365 2 tid 105943
181 tid 105943
Insert  tid 105943
FindTargetPageId rootid 3 tid 105943
target_page_id id: 4 tid 105943
0 1 tid 105943
128 4 tid 105943
365 2 tid 105943
182 tid 105943
Insert  tid 105943
FindTargetPageId rootid 3 tid 105941
target_page_id id: 4 tid 105941
0 1 tid 105941
128 4 tid 105941
365 2 tid 105941
183 tid 105941
Insert  tid 105941
FindTargetPageId rootid 3 tid 105941
target_page_id id: 4 tid 105941
0 1 tid 105941
128 4 tid 105941
365 2 tid 105941
183 tid 105941
Insert  tid 105941
FindTargetPageId rootid 3 tid 105942
target_page_id id: 4 tid 105942
0 1 tid 105942
128 4 tid 105942
365 2 tid 105942
183 tid 105942
Remove  tid 105942
FindTargetPageId rootid 3 tid 105942
target_page_id id: 4 tid 105942
0 1 tid 105942
128 4 tid 105942
365 2 tid 105942
183 tid 105942
Remove  tid 105942
FindTargetPageId rootid 3 tid 105942
target_page_id id: 4 tid 105942
0 1 tid 105942
128 4 tid 105942
365 2 tid 105942
183 tid 105942
Remove  tid 105942
FindTargetPageId rootid 3 tid 105942
target_page_id id: 4 tid 105942
0 1 tid 105942
128 4 tid 105942
365 2 tid 105942
183 tid 105942
Remove  tid 105942
FindTargetPageId rootid 3 tid 105942
target_page_id id: 4 tid 105942
0 1 tid 105942
128 4 tid 105942
365 2 tid 105942
183 tid 105942
Remove  tid 105942
FindTargetPageId rootid 3 tid 105942
target_page_id id: 4 tid 105942
0 1 tid 105942
128 4 tid 105942
365 2 tid 105942
183 tid 105942
Remove  tid 105942
FindTargetPageId rootid 3 tid 105942
target_page_id id: 4 tid 105942
0 1 tid 105942
128 4 tid 105942
365 2 tid 105942
183 tid 105942
Remove  tid 105942
FindTargetPageId rootid 3 tid 105942
target_page_id id: 4 tid 105942
0 1 tid 105942
128 4 tid 105942
365 2 tid 105942
183 tid 105942
Remove  tid 105942
FindTargetPageId rootid 3 tid 105942
target_page_id id: 4 tid 105942
0 1 tid 105942
128 4 tid 105942
365 2 tid 105942
183 tid 105942
Remove  tid 105942
FindTargetPageId rootid 3 tid 105943
target_page_id id: 4 tid 105943
0 1 tid 105943
128 4 tid 105943
365 2 tid 105943
183 tid 105943
Insert  tid 105943
FindTargetPageId rootid 3 tid 105943
target_page_id id: 4 tid 105943
0 1 tid 105943
128 4 tid 105943
365 2 tid 105943
184 tid 105943
Insert  tid 105943
FindTargetPageId rootid 3 tid 105943
target_page_id id: 4 tid 105943
0 1 tid 105943
128 4 tid 105943
365 2 tid 105943
185 tid 105943
Insert  tid 105943
FindTargetPageId rootid 3 tid 105941
target_page_id id: 4 tid 105941
0 1 tid 105941
128 4 tid 105941
365 2 tid 105941
186 tid 105941
Insert  tid 105941
FindTargetPageId rootid 3 tid 105941
target_page_id id: 4 tid 105941
0 1 tid 105941
128 4 tid 105941
365 2 tid 105941
186 tid 105941
Insert  tid 105941
FindTargetPageId rootid 3 tid 105941
target_page_id id: 4 tid 105941
0 1 tid 105941
128 4 tid 105941
365 2 tid 105941
186 tid 105941
Insert  tid 105941
FindTargetPageId rootid 3 tid 105941
target_page_id id: 4 tid 105941
0 1 tid 105941
128 4 tid 105941
365 2 tid 105941
186 tid 105941
Insert  tid 105941
FindTargetPageId rootid 3 tid 105941
target_page_id id: 4 tid 105941
0 1 tid 105941
128 4 tid 105941
365 2 tid 105941
187 tid 105941
Insert  tid 105941
FindTargetPageId rootid 3 tid 105941
target_page_id id: 4 tid 105941
0 1 tid 105941
128 4 tid 105941
365 2 tid 105941
188 tid 105941
Insert  tid 105941
FindTargetPageId rootid 3 tid 105941
target_page_id id: 4 tid 105941
0 1 tid 105941
128 4 tid 105941
365 2 tid 105941
189 tid 105941
Insert  tid 105941
FindTargetPageId rootid 3 tid 105941
target_page_id id: 4 tid 105941
0 1 tid 105941
128 4 tid 105941
365 2 tid 105941
190 tid 105941
Insert  tid 105941
FindTargetPageId rootid 3 tid 105941
target_page_id id: 4 tid 105941
0 1 tid 105941
128 4 tid 105941
365 2 tid 105941
191 tid 105941
Insert  tid 105941
FindTargetPageId rootid 3 tid 105941
target_page_id id: 4 tid 105941
0 1 tid 105941
128 4 tid 105941
365 2 tid 105941
192 tid 105941
Insert  tid 105941
FindTargetPageId rootid 3 tid 105941
target_page_id id: 4 tid 105941
0 1 tid 105941
128 4 tid 105941
365 2 tid 105941
193 tid 105941
Insert  tid 105941
FindTargetPageId rootid 3 tid 105941
target_page_id id: 4 tid 105941
0 1 tid 105941
128 4 tid 105941
365 2 tid 105941
194 tid 105941
Insert  tid 105941
FindTargetPageId rootid 3 tid 105941
target_page_id id: 4 tid 105941
0 1 tid 105941
128 4 tid 105941
365 2 tid 105941
195 tid 105941
Insert  tid 105941
FindTargetPageId rootid 3 tid 105941
target_page_id id: 4 tid 105941
0 1 tid 105941
128 4 tid 105941
365 2 tid 105941
196 tid 105941
Insert  tid 105941
FindTargetPageId rootid 3 tid 105942
target_page_id id: 4 tid 105942
0 1 tid 105942
128 4 tid 105942
365 2 tid 105942
197 tid 105942
Remove  tid 105942
FindTargetPageId rootid 3 tid 105942
target_page_id id: 4 tid 105942
0 1 tid 105942
128 4 tid 105942
365 2 tid 105942
196 tid 105942
Remove  tid 105942
FindTargetPageId rootid 3 tid 105941
target_page_id id: 4 tid 105941
0 1 tid 105941
128 4 tid 105941
365 2 tid 105941
196 tid 105941
Insert  tid 105941
FindTargetPageId rootid 3 tid 105941
target_page_id id: 4 tid 105941
0 1 tid 105941
128 4 tid 105941
365 2 tid 105941
197 tid 105941
Insert  tid 105941
FindTargetPageId rootid 3 tid 105941
target_page_id id: 4 tid 105941
0 1 tid 105941
128 4 tid 105941
365 2 tid 105941
198 tid 105941
Insert  tid 105941
FindTargetPageId rootid 3 tid 105943
target_page_id id: 4 tid 105943
0 1 tid 105943
128 4 tid 105943
365 2 tid 105943
199 tid 105943
Insert  tid 105943
FindTargetPageId rootid 3 tid 105943
target_page_id id: 4 tid 105943
0 1 tid 105943
128 4 tid 105943
365 2 tid 105943
199 tid 105943
Insert  tid 105943
FindTargetPageId rootid 3 tid 105942
target_page_id id: 4 tid 105942
0 1 tid 105942
128 4 tid 105942
365 2 tid 105942
199 tid 105942
Remove  tid 105942
FindTargetPageId rootid 3 tid 105942
target_page_id id: 4 tid 105942
0 1 tid 105942
128 4 tid 105942
365 2 tid 105942
198 tid 105942
Remove  tid 105942
FindTargetPageId rootid 3 tid 105942
target_page_id id: 4 tid 105942
0 1 tid 105942
128 4 tid 105942
365 2 tid 105942
197 tid 105942
Remove  tid 105942
FindTargetPageId rootid 3 tid 105942
target_page_id id: 4 tid 105942
0 1 tid 105942
128 4 tid 105942
365 2 tid 105942
197 tid 105942
Remove  tid 105942
FindTargetPageId rootid 3 tid 105942
target_page_id id: 4 tid 105942
0 1 tid 105942
128 4 tid 105942
365 2 tid 105942
197 tid 105942
Remove  tid 105942
FindTargetPageId rootid 3 tid 105942
target_page_id id: 4 tid 105942
0 1 tid 105942
128 4 tid 105942
365 2 tid 105942
197 tid 105942
Remove  tid 105942
FindTargetPageId rootid 3 tid 105942
target_page_id id: 4 tid 105942
0 1 tid 105942
128 4 tid 105942
365 2 tid 105942
197 tid 105942
Remove  tid 105942
FindTargetPageId rootid 3 tid 105942
target_page_id id: 4 tid 105942
0 1 tid 105942
128 4 tid 105942
365 2 tid 105942
197 tid 105942
Remove  tid 105942
FindTargetPageId rootid 3 tid 105942
target_page_id id: 4 tid 105942
0 1 tid 105942
128 4 tid 105942
365 2 tid 105942
197 tid 105942
Remove  tid 105942
FindTargetPageId rootid 3 tid 105942
target_page_id id: 4 tid 105942
0 1 tid 105942
128 4 tid 105942
365 2 tid 105942
197 tid 105942
Remove  tid 105942
FindTargetPageId rootid 3 tid 105942
target_page_id id: 4 tid 105942
0 1 tid 105942
128 4 tid 105942
365 2 tid 105942
197 tid 105942
Remove  tid 105942
FindTargetPageId rootid 3 tid 105942
target_page_id id: 4 tid 105942
0 1 tid 105942
128 4 tid 105942
365 2 tid 105942
197 tid 105942
Remove  tid 105942
FindTargetPageId rootid 3 tid 105942
target_page_id id: 4 tid 105942
0 1 tid 105942
128 4 tid 105942
365 2 tid 105942
197 tid 105942
Remove  tid 105942
FindTargetPageId rootid 3 tid 105942
target_page_id id: 4 tid 105942
0 1 tid 105942
128 4 tid 105942
365 2 tid 105942
197 tid 105942
Remove  tid 105942
FindTargetPageId rootid 3 tid 105942
target_page_id id: 4 tid 105942
0 1 tid 105942
128 4 tid 105942
365 2 tid 105942
197 tid 105942
Remove  tid 105942
FindTargetPageId rootid 3 tid 105942
target_page_id id: 4 tid 105942
0 1 tid 105942
128 4 tid 105942
365 2 tid 105942
197 tid 105942
Remove  tid 105942
FindTargetPageId rootid 3 tid 105942
target_page_id id: 4 tid 105942
0 1 tid 105942
128 4 tid 105942
365 2 tid 105942
197 tid 105942
Remove  tid 105942
FindTargetPageId rootid 3 tid 105942
target_page_id id: 4 tid 105942
0 1 tid 105942
128 4 tid 105942
365 2 tid 105942
197 tid 105942
Remove  tid 105942
FindTargetPageId rootid 3 tid 105942
target_page_id id: 4 tid 105942
0 1 tid 105942
128 4 tid 105942
365 2 tid 105942
197 tid 105942
Remove  tid 105942
FindTargetPageId rootid 3 tid 105942
target_page_id id: 4 tid 105942
0 1 tid 105942
128 4 tid 105942
365 2 tid 105942
197 tid 105942
Remove  tid 105942
FindTargetPageId rootid 3 tid 105942
target_page_id id: 4 tid 105942
0 1 tid 105942
128 4 tid 105942
365 2 tid 105942
197 tid 105942
Remove  tid 105942
FindTargetPageId rootid 3 tid 105942
target_page_id id: 4 tid 105942
0 1 tid 105942
128 4 tid 105942
365 2 tid 105942
197 tid 105942
Remove  tid 105942
FindTargetPageId rootid 3 tid 105942
target_page_id id: 4 tid 105942
0 1 tid 105942
128 4 tid 105942
365 2 tid 105942
197 tid 105942
Remove  tid 105942
FindTargetPageId rootid 3 tid 105942
target_page_id id: 4 tid 105942
0 1 tid 105942
128 4 tid 105942
365 2 tid 105942
197 tid 105942
Remove  tid 105942
FindTargetPageId rootid 3 tid 105942
target_page_id id: 4 tid 105942
0 1 tid 105942
128 4 tid 105942
365 2 tid 105942
197 tid 105942
Remove  tid 105942
FindTargetPageId rootid 3 tid 105942
target_page_id id: 4 tid 105942
0 1 tid 105942
128 4 tid 105942
365 2 tid 105942
197 tid 105942
Remove  tid 105942
FindTargetPageId rootid 3 tid 105942
target_page_id id: 4 tid 105942
0 1 tid 105942
128 4 tid 105942
365 2 tid 105942
197 tid 105942
Remove  tid 105942
FindTargetPageId rootid 3 tid 105942
target_page_id id: 4 tid 105942
0 1 tid 105942
128 4 tid 105942
365 2 tid 105942
197 tid 105942
Remove  tid FindTargetPageId rootid 105942
3 tid 105941
target_page_id id: 4 tid 105941
0 1 tid 105941
128 4 tid 105941
365 2 tid 105941
197 tid 105941
Insert  tid 105941
FindTargetPageId rootid 3 tid 105942
target_page_id id: 4 tid 105942
0 1 tid 105942
128 4 tid 105942
365 2 tid 105942
198 tid 105942
Remove  tid 105942
FindTargetPageId rootid 3 tid 105943
target_page_id id: 4 tid 105943
0 1 tid 105943
128 4 tid 105943
365 2 tid 105943
198 tid 105943
Insert  tid 105943
FindTargetPageId rootid 3 tid 105941
target_page_id id: 4 tid 105941
0 1 tid 105941
128 4 tid 105941
365 2 tid 105941
198 tid 105941
Insert  tid 105941
FindTargetPageId rootid 3 tid 105941
target_page_id id: 4 tid 105941
0 1 tid 105941
128 4 tid 105941
365 2 tid 105941
199 tid 105941
Insert  tid 105941
FindTargetPageId rootid 3 tid 105943
target_page_id id: 4 tid 105943
0 1 tid 105943
128 4 tid 105943
365 2 tid 105943
200 tid 105943
Insert  tid 105943
FindTargetPageId rootid 3 tid 105942
target_page_id id: 4 tid 105942
0 1 tid 105942
128 4 tid 105942
365 2 tid 105942
200 tid 105942
Remove  tid 105942
FindTargetPageId rootid 3 tid 105941
target_page_id id: 4 tid 105941
0 1 tid 105941
128 4 tid 105941
365 2 tid 105941
200 tid 105941
Insert  tid 105941
FindTargetPageId rootid 3 tid 105941
target_page_id id: 4 tid 105941
0 1 tid 105941
128 4 tid 105941
365 2 tid 105941
201 tid 105941
Insert  tid 105941
FindTargetPageId rootid 3 tid 105942
target_page_id id: 4 tid 105942
0 1 tid 105942
128 4 tid 105942
365 2 tid 105942
202 tid 105942
Remove  tid 105942
FindTargetPageId rootid 3 tid 105943
target_page_id id: 4 tid 105943
0 1 tid 105943
128 4 tid 105943
365 2 tid 105943
202 tid 105943
Insert  tid 105943
FindTargetPageId rootid 3 tid 105941
target_page_id id: 4 tid 105941
0 1 tid 105941
128 4 tid 105941
365 2 tid 105941
202 tid 105941
Insert  tid 105941
FindTargetPageId rootid 3 tid 105942
target_page_id id: 4 tid 105942
0 1 tid 105942
128 4 tid 105942
365 2 tid 105942
203 tid 105942
Remove  tid 105942
FindTargetPageId rootid 3 tid 105943
target_page_id id: 4 tid 105943
0 1 tid 105943
128 4 tid 105943
365 2 tid 105943
203 tid 105943
Insert  tid 105943
FindTargetPageId rootid 3 tid 105941
target_page_id id: 4 tid 105941
0 1 tid 105941
128 4 tid 105941
365 2 tid 105941
203 tid 105941
Insert  tid 105941
FindTargetPageId rootid 3 tid 105942
target_page_id id: 4 tid 105942
0 1 tid 105942
128 4 tid 105942
365 2 tid 105942
204 tid 105942
Remove  tid 105942
FindTargetPageId rootid 3 tid 105943
target_page_id id: 4 tid 105943
0 1 tid 105943
128 4 tid 105943
365 2 tid 105943
204 tid 105943
Insert  tid 105943
FindTargetPageId rootid 3 tid 105941
target_page_id id: 4 tid 105941
0 1 tid 105941
128 4 tid 105941
365 2 tid 105941
204 tid 105941
Insert  tid 105941
FindTargetPageId rootid 3 tid 105942
target_page_id id: 4 tid 105942
0 1 tid 105942
128 4 tid 105942
365 2 tid 105942
205 tid 105942
Remove  tid 105942
FindTargetPageId rootid 3 tid 105943
target_page_id id: 4 tid 105943
0 1 tid 105943
128 4 tid 105943
365 2 tid 105943
205 tid 105943
Insert  tid 105943
FindTargetPageId rootid 3 tid 105941
target_page_id id: 4 tid 105941
0 1 tid 105941
128 4 tid 105941
365 2 tid 105941
205 tid 105941
Insert  tid 105941
FindTargetPageId rootid 3 tid 105942
target_page_id id: 4 tid 105942
0 1 tid 105942
128 4 tid 105942
365 2 tid 105942
206 tid 105942
Remove  tid 105942
FindTargetPageId rootid 3 tid 105943
target_page_id id: 4 tid 105943
0 1 tid 105943
128 4 tid 105943
365 2 tid 105943
206 tid 105943
Insert  tid 105943
FindTargetPageId rootid 3 tid 105943
target_page_id id: 4 tid 105943
0 1 tid 105943
128 4 tid 105943
365 2 tid 105943
206 tid 105943
Insert  tid 105943
FindTargetPageId rootid 3 tid 105942
target_page_id id: 4 tid 105942
0 1 tid 105942
128 4 tid 105942
365 2 tid 105942
206 tid 105942
Remove  tid 105942
FindTargetPageId rootid 3 tid 105941
target_page_id id: 4 tid 105941
0 1 tid 105941
128 4 tid 105941
365 2 tid 105941
206 tid 105941
Insert  tid 105941
FindTargetPageId rootid 3 tid 105941
target_page_id id: 4 tid 105941
0 1 tid 105941
128 4 tid 105941
365 2 tid 105941
207 tid 105941
Insert  tid 105941
FindTargetPageId rootid 3 tid 105941
target_page_id id: 4 tid 105941
0 1 tid 105941
128 4 tid 105941
365 2 tid 105941
208 tid 105941
Insert  tid 105941
FindTargetPageId rootid 3 tid 105941
target_page_id id: 4 tid 105941
0 1 tid 105941
128 4 tid 105941
365 2 tid 105941
209 tid 105941
FindTargetPageId rootid 3 tid 105943
target_page_id id: 4 tid 105943
0 1 tid 105943
128 4 tid 105943
365 2 tid 105943
210 tid 105943
Insert  tid 105943
FindTargetPageId rootid 3 tid 105943
target_page_id id: 4 tid 105943
0 1 tid 105943
128 4 tid 105943
365 2 tid 105943
211 tid 105943
Insert  tid 105943
FindTargetPageId rootid 3 tid 105943
target_page_id id: 4 tid 105943
0 1 tid 105943
128 4 tid 105943
365 2 tid 105943
211 tid 105943
Insert  tid 105943
FindTargetPageId rootid 3 tid 105943
target_page_id id: 4 tid 105943
0 1 tid 105943
128 4 tid 105943
365 2 tid 105943
212 tid 105943
Insert  tid 105943
FindTargetPageId rootid 3 tid 105943
target_page_id id: 4 tid 105943
0 1 tid 105943
128 4 tid 105943
365 2 tid 105943
213 tid 105943
Insert  tid 105943
FindTargetPageId rootid 3 tid 105943
target_page_id id: 4 tid 105943
0 1 tid 105943
128 4 tid 105943
365 2 tid 105943
213 tid 105943
Insert  tid 105943
FindTargetPageId rootid 3 tid 105943
target_page_id id: 4 tid 105943
0 1 tid 105943
128 4 tid 105943
365 2 tid 105943
213 tid 105943
Insert  tid 105943
FindTargetPageId rootid 3 tid 105943
target_page_id id: 4 tid 105943
0 1 tid 105943
128 4 tid 105943
365 2 tid 105943
Insert 213 tid 105943
Insert  tid 105943
FindTargetPageId rootid 3 tid 105943
target_page_id id: 4 tid 105943
 tid 1059410 
1 tid 105943
128 4 tid 105943
365 2 tid 105943
213 tid 105943
Insert  tid 105943
FindTargetPageId rootid 3 tid 105943
target_page_id id: 4 tid 105943
0 1 tid 105943
128 4 tid 105943
365 2 tid 105943
213 tid 105943
Insert  tid 105943
FindTargetPageId rootid 3 tid 105943
target_page_id id: 4 tid 105943
0 1 tid 105943
128 4 tid 105943
365 2 tid 105943
213 tid 105943
Insert  tid 105943
FindTargetPageId rootid 3 tid 105943
target_page_id id: 4 tid 105943
0 1 tid 105943
128 4 tid 105943
365 2 tid 105943
213 tid 105943
Insert  tid 105943
FindTargetPageId rootid 3 tid 105943
target_page_id id: 4 tid 105943
0 1 tid 105943
128 4 tid 105943
365 2 tid 105943
213 tid 105943
Insert  tid 105943
FindTargetPageId rootid 3 tid 105943
target_page_id id: 4 tid 105943
0 1 tid 105943
128 4 tid 105943
365 2 tid 105943
213 tid 105943
Insert  tid 105943
FindTargetPageId rootid 3 tid 105942
target_page_id id: 4 tid 105942
0 1 tid 105942
128 4 tid 105942
365 2 tid 105942
213 tid 105942
Remove  tid 105942
FindTargetPageId rootid 3 tid 105942
target_page_id id: 4 tid 105942
0 1 tid 105942
128 4 tid 105942
365 2 tid 105942
213 tid 105942
Remove  tid 105942
FindTargetPageId rootid 3 tid 105942
target_page_id id: 4 tid 105942
0 1 tid 105942
128 4 tid 105942
365 2 tid 105942
213 tid 105942
Remove  tid 105942
FindTargetPageId rootid 3 tid 105941
target_page_id id: 4 tid 105941
0 1 tid 105941
128 4 tid 105941
365 2 tid 105941
213 tid 105941
Insert  tid 105941
FindTargetPageId rootid 3 tid 105941
target_page_id id: 4 tid 105941
0 1 tid 105941
128 4 tid 105941
365 2 tid 105941
214 tid 105941
Insert  tid 105941
FindTargetPageId rootid 3 tid 105941
target_page_id id: 4 tid 105941
0 1 tid 105941
128 4 tid 105941
365 2 tid 105941
215 tid 105941
Insert  tid 105941
FindTargetPageId rootid 3 tid 105941
target_page_id id: 4 tid 105941
0 1 tid 105941
128 4 tid 105941
365 2 tid 105941
216 tid 105941
Insert  tid 105941
FindTargetPageId rootid 3 tid 105941
target_page_id id: 4 tid 105941
0 1 tid 105941
128 4 tid 105941
365 2 tid 105941
217 tid 105941
Insert  tid 105941
FindTargetPageId rootid 3 tid 105941
target_page_id id: 4 tid 105941
0 1 tid 105941
128 4 tid 105941
365 2 tid 105941
218 tid 105941
Insert  tid 105941
FindTargetPageId rootid 3 tid 105941
target_page_id id: 4 tid 105941
0 1 tid 105941
128 4 tid 105941
365 2 tid 105941
219 tid 105941
Insert  tid 105941
FindTargetPageId rootid 3 tid 105943
target_page_id id: 4 tid 105943
0 1 tid 105943
128 4 tid 105943
365 2 tid 105943
220 tid 105943
Insert  tid 105943
FindTargetPageId rootid 3 tid 105942
target_page_id id: 2 tid 105942
0 1 tid 105942
128 4 tid 105942
365 2 tid 105942
128 tid 105942
Remove  tid 105942
FindTargetPageId rootid 3 tid 105942
target_page_id id: 2 tid 105942
0 1 tid 105942
128 4 tid 105942
365 2 tid 105942
128 tid 105942
Remove  tid 105942
FindTargetPageId rootid 3 tid 105943
target_page_id id: 4 tid 105943
0 1 tid 105943
128 4 tid 105943
365 2 tid 105943
220 tid 105943
Insert  tid 105943
FindTargetPageId rootid 3 tid 105941
target_page_id id: 4 tid 105941
0 1 tid 105941
128 4 tid 105941
365 2 tid 105941
220 tid 105941
Insert  tid 105941
FindTargetPageId rootid 3 tid 105942
target_page_id id: 2 tid 105942
0 1 tid 105942
128 4 tid 105942
365 2 tid 105942
128 tid 105942
Remove  tid 105942
FindTargetPageId rootid 3 tid 105943
target_page_id id: 4 tid 105943
0 1 tid 105943
128 4 tid 105943
365 2 tid 105943
221 tid 105943
Insert  tid 105943
FindTargetPageId rootid 3 tid 105941
target_page_id id: 4 tid 105941
0 1 tid 105941
128 4 tid 105941
365 2 tid 105941
221 tid 105941
Insert  tid 105941
FindTargetPageId rootid 3 tid 105942
target_page_id id: 2 tid 105942
0 1 tid 105942
128 4 tid 105942
365 2 tid 105942
128 tid 105942
Remove  tid 105942
FindTargetPageId rootid 3 tid 105943
target_page_id id: 4 tid 105943
0 1 tid 105943
128 4 tid 105943
365 2 tid 105943
222 tid 105943
Insert  tid 105943
FindTargetPageId rootid 3 tid 105941
target_page_id id: 4 tid 105941
0 1 tid 105941
128 4 tid 105941
365 2 tid 105941
222 tid 105941
Insert  tid 105941
FindTargetPageId rootid 3 tid 105942
target_page_id id: 2 tid 105942
0 1 tid 105942
128 4 tid 105942
365 2 tid 105942
128 tid 105942
Remove  tid 105942
FindTargetPageId rootid 3 tid 105943
target_page_id id: 4 tid 105943
0 1 tid 105943
128 4 tid 105943
365 2 tid 105943
223 tid 105943
Insert  tid 105943
FindTargetPageId rootid 3 tid 105941
target_page_id id: 4 tid 105941
0 1 tid 105941
128 4 tid 105941
365 2 tid 105941
223 tid 105941
Insert  tid 105941
FindTargetPageId rootid 3 tid 105942
target_page_id id: 2 tid 105942
0 1 tid 105942
128 4 tid 105942
365 2 tid 105942
128 tid 105942
Remove  tid 105942
FindTargetPageId rootid 3 tid 105943
target_page_id id: 4 tid 105943
0 1 tid 105943
128 4 tid 105943
365 2 tid 105943
224 tid 105943
Insert  tid 105943
FindTargetPageId rootid 3 tid 105941
target_page_id id: 4 tid 105941
0 1 tid 105941
128 4 tid 105941
365 2 tid 105941
224 tid 105941
Insert  tid 105941
FindTargetPageId rootid 3 tid 105942
target_page_id id: 2 tid 105942
0 1 tid 105942
128 4 tid 105942
365 2 tid 105942
128 tid 105942
Remove  tid 105942
FindTargetPageId rootid 3 tid 105943
target_page_id id: 4 tid 105943
0 1 tid 105943
128 4 tid 105943
365 2 tid 105943
225 tid 105943
Insert  tid 105943
FindTargetPageId rootid 3 tid 105941
target_page_id id: 4 tid 105941
0 1 tid 105941
128 4 tid 105941
365 2 tid 105941
225 tid 105941
Insert  tid 105941
FindTargetPageId rootid 3 tid 105942
target_page_id id: 2 tid 105942
0 1 tid 105942
128 4 tid 105942
365 2 tid 105942
128 tid 105942
Remove  tid 105942
FindTargetPageId rootid 3 tid 105942
target_page_id id: 2 tid 105942
0 1 tid 105942
128 4 tid 105942
365 2 tid 105942
128 tid 105942
Remove  tid 105942
FindTargetPageId rootid 3 tid 105942
target_page_id id: 2 tid 105942
0 1 tid 105942
128 4 tid 105942
365 2 tid 105942
128 tid 105942
Remove  tid 105942
FindTargetPageId rootid 3 tid 105942
target_page_id id: 2 tid 105942
0 1 tid 105942
128 4 tid 105942
365 2 tid 105942
128 tid 105942
Remove  tid 105942
FindTargetPageId rootid 3 tid 105942
target_page_id id: 2 tid 105942
0 1 tid 105942
128 4 tid 105942
365 2 tid 105942
128 tid 105942
Remove  tid 105942
FindTargetPageId rootid 3 tid 105942
target_page_id id: 2 tid 105942
0 1 tid 105942
128 4 tid 105942
365 2 tid 105942
128 tid 105942
Remove  tid 105942
FindTargetPageId rootid 3 tid 105942
target_page_id id: 2 tid 105942
0 1 tid 105942
128 4 tid 105942
365 2 tid 105942
128 tid 105942
Remove  tid 105942
FindTargetPageId rootid 3 tid 105942
target_page_id id: 2 tid 105942
0 1 tid 105942
128 4 tid 105942
365 2 tid 105942
128 tid 105942
Remove  tid 105942
FindTargetPageId rootid 3 tid 105942
target_page_id id: 2 tid 105942
0 1 tid 105942
128 4 tid 105942
365 2 tid 105942
128 tid 105942
Remove  tid 105942
FindTargetPageId rootid 3 tid 105942
target_page_id id: 2 tid 105942
0 1 tid 105942
128 4 tid 105942
365 2 tid 105942
128 tid 105942
Remove  tid 105942
FindTargetPageId rootid 3 tid 105942
target_page_id id: 2 tid 105942
0 1 tid 105942
128 4 tid 105942
365 2 tid 105942
128 tid 105942
Remove  tid 105942
FindTargetPageId rootid 3 tid 105942
target_page_id id: 2 tid 105942
0 1 tid 105942
128 4 tid 105942
365 2 tid 105942
128 tid 105942
Remove  tid 105942
FindTargetPageId rootid 3 tid 105942
target_page_id id: 2 tid 105942
0 1 tid 105942
128 4 tid 105942
365 2 tid 105942
128 tid 105942
Remove  tid 105942
FindTargetPageId rootid 3 tid 105942
target_page_id id: 2 tid 105942
0 1 tid 105942
128 4 tid 105942
365 2 tid 105942
128 tid 105942
Remove  tid 105942
FindTargetPageId rootid 3 tid 105942
target_page_id id: 2 tid 105942
0 1 tid 105942
128 4 tid 105942
365 2 tid 105942
128 tid 105942
Remove  tid 105942
FindTargetPageId rootid 3 tid 105942
target_page_id id: 2 tid 105942
0 1 tid 105942
128 4 tid 105942
365 2 tid 105942
128 tid 105942
Remove  tid 105942
FindTargetPageId rootid 3 tid 105942
target_page_id id: 2 tid 105942
0 1 tid 105942
128 4 tid 105942
365 2 tid 105942
128 tid 105942
Remove  tid 105942
FindTargetPageId rootid 3 tid 105942
target_page_id id: 2 tid 105942
0 1 tid 105942
128 4 tid 105942
365 2 tid 105942
128 tid 105942
Remove  tid 105942
FindTargetPageId rootid 3 tid 105942
target_page_id id: 2 tid 105942
0 1 tid 105942
128 4 tid 105942
365 2 tid 105942
128 tid 105942
Remove  tid 105942
FindTargetPageId rootid 3 tid 105942
target_page_id id: 2 tid 105942
0 1 tid 105942
128 4 tid 105942
365 2 tid 105942
128 tid 105942
Remove  tid 105942
FindTargetPageId rootid 3 tid 105941
target_page_id id: 4 tid 105941
0 1 tid 105941
128 4 tid 105941
365 2 tid 105941
226 tid 105941
Insert  tid 105941
FindTargetPageId rootid 3 tid 105943
target_page_id id: 4 tid 105943
0 1 tid 105943
128 4 tid 105943
365 2 tid 105943
227 tid 105943
Insert  tid 105943
FindTargetPageId rootid 3 tid 105943
target_page_id id: 4 tid 105943
0 1 tid 105943
128 4 tid 105943
365 2 tid 105943
227 tid 105943
Insert  tid 105943
FindTargetPageId rootid 3 tid 105943
target_page_id id: 4 tid 105943
0 1 tid 105943
128 4 tid 105943
365 2 tid 105943
227 tid 105943
Insert  tid 105943
FindTargetPageId rootid 3 tid 105943
target_page_id id: 4 tid 105943
0 1 tid 105943
128 4 tid 105943
365 2 tid 105943
227 tid 105943
Insert  tid 105943
FindTargetPageId rootid 3 tid 105942
target_page_id id: 2 tid 105942
0 1 tid 105942
128 4 tid 105942
365 2 tid 105942
128 tid 105942
Remove  tid 105942
FindTargetPageId rootid 3 tid 105941
target_page_id id: 4 tid 105941
0 1 tid 105941
128 4 tid 105941
365 2 tid 105941
227 tid 105941
Insert  tid 105941
FindTargetPageId rootid 3 tid 105943
target_page_id id: 4 tid 105943
0 1 tid 105943
128 4 tid 105943
365 2 tid 105943
228 tid 105943
Insert  tid 105943
FindTargetPageId rootid 3 tid 105942
target_page_id id: 2 tid 105942
0 1 tid 105942
128 4 tid 105942
365 2 tid 105942
128 tid 105942
Remove  tid 105942
FindTargetPageId rootid 3 tid 105941
target_page_id id: 4 tid 105941
0 1 tid 105941
128 4 tid 105941
365 2 tid 105941
228 tid 105941
Insert  tid 105941
FindTargetPageId rootid 3 tid 105943
target_page_id id: 4 tid 105943
0 1 tid 105943
128 4 tid 105943
365 2 tid 105943
229 tid 105943
Insert  tid 105943
FindTargetPageId rootid 3 tid 105942
target_page_id id: 2 tid 105942
0 1 tid 105942
128 4 tid 105942
365 2 tid 105942
128 tid 105942
Remove  tid 105942
FindTargetPageId rootid 3 tid 105941
target_page_id id: 4 tid 105941
0 1 tid 105941
128 4 tid 105941
365 2 tid 105941
229 tid 105941
Insert  tid 105941
FindTargetPageId rootid 3 tid 105943
target_page_id id: 4 tid 105943
0 1 tid 105943
128 4 tid 105943
365 2 tid 105943
230 tid 105943
Insert  tid 105943
FindTargetPageId rootid 3 tid 105942
target_page_id id: 2 tid 105942
0 1 tid 105942
128 4 tid 105942
365 2 tid 105942
128 tid 105942
Remove  tid 105942
FindTargetPageId rootid 3 tid 105941
target_page_id id: 4 tid 105941
0 1 tid 105941
128 4 tid 105941
365 2 tid 105941
230 tid 105941
Insert  tid 105941
FindTargetPageId rootid 3 tid 105943
target_page_id id: 4 tid 105943
0 1 tid 105943
128 4 tid 105943
365 2 tid 105943
231 tid 105943
Insert  tid 105943
FindTargetPageId rootid 3 tid 105942
target_page_id id: 2 tid 105942
0 1 tid 105942
128 4 tid 105942
365 2 tid 105942
128 tid 105942
Remove  tid 105942
FindTargetPageId rootid 3 tid 105941
target_page_id id: 4 tid 105941
0 1 tid 105941
128 4 tid 105941
365 2 tid 105941
231 tid 105941
Insert  tid 105941
FindTargetPageId rootid 3 tid 105943
target_page_id id: 4 tid 105943
0 1 tid 105943
128 4 tid 105943
365 2 tid 105943
232 tid 105943
Insert  tid 105943
FindTargetPageId rootid 3 tid 105942
target_page_id id: 2 tid 105942
0 1 tid 105942
128 4 tid 105942
365 2 tid 105942
128 tid 105942
Remove  tid 105942
FindTargetPageId rootid 3 tid 105941
target_page_id id: 4 tid 105941
0 1 tid 105941
128 4 tid 105941
365 2 tid 105941
232 tid 105941
Insert  tid 105941
FindTargetPageId rootid 3 tid 105943
target_page_id id: 4 tid 105943
0 1 tid 105943
128 4 tid 105943
365 2 tid 105943
233 tid 105943
Insert  tid 105943
FindTargetPageId rootid 3 tid 105942
target_page_id id: 2 tid 105942
0 1 tid 105942
128 4 tid 105942
365 2 tid 105942
128 tid 105942
Remove  tid 105942
FindTargetPageId rootid 3 tid 105941
target_page_id id: 4 tid 105941
0 1 tid 105941
128 4 tid 105941
365 2 tid 105941
233 tid 105941
Insert  tid 105941
FindTargetPageId rootid 3 tid 105943
target_page_id id: 4 tid 105943
0 1 tid 105943
128 4 tid 105943
365 2 tid 105943
234 tid 105943
Insert  tid 105943
FindTargetPageId rootid 3 tid 105943
target_page_id id: 4 tid 105943
0 1 tid 105943
128 4 tid 105943
365 2 tid 105943
234 tid 105943
Insert  tid 105943
FindTargetPageId rootid 3 tid 105941
target_page_id id: 4 tid 105941
0 1 tid 105941
128 4 tid 105941
365 2 tid 105941
234 tid 105941
Insert  tid 105941
FindTargetPageId rootid 3 tid 105942
target_page_id id: 2 tid 105942
0 1 tid 105942
128 4 tid 105942
365 2 tid 105942
128 tid 105942
Remove  tid 105942
FindTargetPageId rootid 3 tid 105943
target_page_id id: 4 tid 105943
0 1 tid 105943
128 4 tid 105943
365 2 tid 105943
235 tid 105943
Insert  tid 105943
FindTargetPageId rootid 3 tid 105941
target_page_id id: 4 tid 105941
0 1 tid 105941
128 4 tid 105941
365 2 tid 105941
235 tid 105941
Insert  tid 105941
FindTargetPageId rootid 3 tid 105942
target_page_id id: 2 tid 105942
0 1 tid 105942
128 4 tid 105942
365 2 tid 105942
128 tid 105942
FindTargetPageId rootid 3 tid 105943
Remove target_page_id id: 4 tid 105943
0 1 tid 105943
128 4 tid 105943
365 2 tid 105943
236 tid 105943
Insert  tid 105943
 tid 105942
FindTargetPageId rootid 3 tid 105941
target_page_id id: 4 tid 105941
0 1 tid 105941
128 4 tid 105941
365 2 tid 105941
236 tid 105941
Insert  tid 105941
FindTargetPageId rootid 3 tid 105943
target_page_id id: 4 tid 105943
0 1 tid 105943
128 4 tid 105943
365 2 tid 105943
237 tid 105943
Insert  tid 105943
FindTargetPageId rootid 3 tid 105942
target_page_id id: 2 tid 105942
0 1 tid 105942
128 4 tid 105942
365 2 tid 105942
128 tid 105942
Remove  tid 105942
FindTargetPageId rootid 3 tid 105941
target_page_id id: 2 tid 105941
0 1 tid 105941
128 4 tid 105941
365 2 tid 105941
128 tid 105941
Insert  tid 105941
FindTargetPageId rootid 3 tid 105943
target_page_id id: 4 tid 105943
0 1 tid 105943
128 4 tid 105943
365 2 tid 105943
237 tid 105943
Insert  tid 105943
FindTargetPageId rootid 3 tid 105942
target_page_id id: 2 tid 105942
0 1 tid 105942
128 4 tid 105942
365 2 tid 105942
129 tid 105942
Remove  tid 105942
FindTargetPageId rootid 3 tid 105942
target_page_id id: 2 tid 105942
0 1 tid 105942
128 4 tid 105942
365 2 tid 105942
129 tid 105942
Remove  tid 105942
FindTargetPageId rootid 3 tid 105942
target_page_id id: 2 tid 105942
0 1 tid 105942
128 4 tid 105942
365 2 tid 105942
129 tid 105942
Remove  tid 105942
FindTargetPageId rootid 3 tid 105942
target_page_id id: 2 tid 105942
0 1 tid 105942
128 4 tid 105942
365 2 tid 105942
129 tid 105942
Remove  tid 105942
FindTargetPageId rootid 3 tid 105942
target_page_id id: 2 tid 105942
0 1 tid 105942
128 4 tid 105942
365 2 tid 105942
129 tid 105942
Remove  tid 105942
FindTargetPageId rootid 3 tid 105942
target_page_id id: 2 tid 105942
0 1 tid 105942
128 4 tid 105942
365 2 tid 105942
129 tid 105942
Remove  tid 105942
FindTargetPageId rootid 3 tid 105942
target_page_id id: 2 tid 105942
0 1 tid 105942
128 4 tid 105942
365 2 tid 105942
129 tid 105942
Remove  tid 105942
FindTargetPageId rootid 3 tid 105941
target_page_id id: 2 tid 105941
0 1 tid 105941
128 4 tid 105941
365 2 tid 105941
129 tid 105941
Insert  tid 105941
FindTargetPageId rootid 3 tid 105943
target_page_id id: 4 tid 105943
0 1 tid 105943
128 4 tid 105943
365 2 tid 105943
237 tid 105943
Insert  tid 105943
FindTargetPageId rootid 3 tid 105942
target_page_id id: 2 tid 105942
0 1 tid 105942
128 4 tid 105942
365 2 tid 105942
130 tid 105942
Remove  tid 105942
FindTargetPageId rootid 3 tid 105941
target_page_id id: 2 tid 105941
0 1 tid 105941
128 4 tid 105941
365 2 tid 105941
130 tid 105941
Insert  tid 105941
FindTargetPageId rootid 3 tid 105943
target_page_id id: 4 tid 105943
0 1 tid 105943
128 4 tid 105943
365 2 tid 105943
237 tid 105943
Insert  tid 105943
FindTargetPageId rootid 3 tid 105942
target_page_id id: 2 tid 105942
0 1 tid 105942
128 4 tid 105942
365 2 tid 105942
131 tid 105942
Remove  tid 105942
FindTargetPageId rootid 3 tid 105941
target_page_id id: 2 tid 105941
0 1 tid 105941
128 4 tid 105941
365 2 tid 105941
131 tid 105941
Insert  tid 105941
FindTargetPageId rootid 3 tid 105943
target_page_id id: 4 tid 105943
0 1 tid 105943
128 4 tid 105943
365 2 tid 105943
237 tid 105943
Insert  tid 105943
FindTargetPageId rootid 3 tid 105942
target_page_id id: 2 tid 105942
0 1 tid 105942
128 4 tid 105942
365 2 tid 105942
132 tid 105942
Remove  tid 105942
FindTargetPageId rootid 3 tid 105941
target_page_id id: 2 tid 105941
0 1 tid 105941
128 4 tid 105941
365 2 tid 105941
132 tid 105941
Insert  tid 105941
FindTargetPageId rootid 3 tid 105943
target_page_id id: 4 tid 105943
0 1 tid 105943
128 4 tid 105943
365 2 tid 105943
237 tid 105943
Insert  tid 105943
FindTargetPageId rootid 3 tid 105942
target_page_id id: 2 tid 105942
0 1 tid 105942
128 4 tid 105942
365 2 tid 105942
133 tid 105942
Remove  tid 105942
FindTargetPageId rootid 3 tid 105941
target_page_id id: 2 tid 105941
0 1 tid 105941
128 4 tid 105941
365 2 tid 105941
133 tid 105941
Insert  tid 105941
FindTargetPageId rootid 3 tid 105943
target_page_id id: 2 tid 105943
0 1 tid 105943
128 4 tid 105943
365 2 tid 105943
134 tid 105943
Insert  tid 105943
FindTargetPageId rootid 3 tid 105942
target_page_id id: 2 tid 105942
0 1 tid 105942
128 4 tid 105942
365 2 tid 105942
134 tid 105942
Remove  tid 105942
FindTargetPageId rootid 3 tid 105941
target_page_id id: 2 tid 105941
0 1 tid 105941
128 4 tid 105941
365 2 tid 105941
134 tid 105941
Insert  tid 105941
FindTargetPageId rootid 3 tid 105943
target_page_id id: 2 tid 105943
0 1 tid 105943
128 4 tid 105943
365 2 tid 105943
135 tid 105943
Insert  tid 105943
FindTargetPageId rootid 3 tid 105942
target_page_id id: 2 tid 105942
0 1 tid 105942
128 4 tid 105942
365 2 tid 105942
135 tid 105942
Remove  tid 105942
FindTargetPageId rootid 3 tid 105941
target_page_id id: 2 tid 105941
0 1 tid 105941
128 4 tid 105941
365 2 tid 105941
135 tid 105941
Insert  tid 105941
FindTargetPageId rootid 3 tid 105943
target_page_id id: 2 tid 105943
0 1 tid 105943
128 4 tid 105943
365 2 tid 105943
136 tid 105943
Insert  tid 105943
FindTargetPageId rootid 3 tid 105942
target_page_id id: 2 tid 105942
0 1 tid 105942
128 4 tid 105942
365 2 tid 105942
136 tid 105942
Remove  tid 105942
FindTargetPageId rootid 3 tid 105941
target_page_id id: 2 tid 105941
0 1 tid 105941
128 4 tid 105941
365 2 tid 105941
136 tid 105941
Insert  tid 105941
FindTargetPageId rootid 3 tid 105943
target_page_id id: 2 tid 105943
0 1 tid 105943
128 4 tid 105943
365 2 tid 105943
137 tid 105943
Insert  tid 105943
FindTargetPageId rootid 3 tid 105942
target_page_id id: 2 tid 105942
0 1 tid 105942
128 4 tid 105942
365 2 tid 105942
137 tid 105942
Remove  tid 105942
FindTargetPageId rootid 3 tid 105941
target_page_id id: 2 tid 105941
0 1 tid 105941
128 4 tid 105941
365 2 tid 105941
137 tid 105941
Insert  tid 105941
FindTargetPageId rootid 3 tid 105941
target_page_id id: 2 tid 105941
0 1 tid 105941
128 4 tid 105941
365 2 tid 105941
138 tid 105941
Insert  tid 105941
FindTargetPageId rootid 3 tid 105941
target_page_id id: 2 tid 105941
0 1 tid 105941
128 4 tid 105941
365 2 tid 105941
139 tid 105941
Insert  tid 105941
FindTargetPageId rootid 3 tid 105941
target_page_id id: 2 tid 105941
0 1 tid 105941
128 4 tid 105941
365 2 tid 105941
140 tid 105941
Insert  tid 105941
FindTargetPageId rootid 3 tid 105941
target_page_id id: 2 tid 105941
0 1 tid 105941
128 4 tid 105941
365 2 tid 105941
141 tid 105941
Insert  tid 105941
FindTargetPageId rootid 3 tid 105943
target_page_id id: 2 tid 105943
0 1 tid 105943
128 4 tid 105943
365 2 tid 105943
142 tid 105943
Insert  tid 105943
FindTargetPageId rootid 3 tid 105943
target_page_id id: 2 tid 105943
0 1 tid 105943
128 4 tid 105943
365 2 tid 105943
142 tid 105943
Insert  tid 105943
FindTargetPageId rootid 3 tid 105942
target_page_id id: 2 tid 105942
0 1 tid 105942
128 4 tid 105942
365 2 tid 105942
142 tid 105942
Remove  tid 105942
FindTargetPageId rootid 3 tid 105942
target_page_id id: 2 tid 105942
0 1 tid 105942
128 4 tid 105942
365 2 tid 105942
142 tid 105942
Remove  tid 105942
FindTargetPageId rootid 3 tid 105941
target_page_id id: 2 tid 105941
0 1 tid 105941
128 4 tid 105941
365 2 tid 105941
142 tid 105941
Insert  tid 105941
FindTargetPageId rootid 3 tid 105941
target_page_id id: 2 tid 105941
0 1 tid 105941
128 4 tid 105941
365 2 tid 105941
143 tid 105941
Insert  tid 105941
FindTargetPageId rootid 3 tid 105941
target_page_id id: 2 tid 105941
0 1 tid 105941
128 4 tid 105941
365 2 tid 105941
144 tid 105941
Insert  tid 105941
FindTargetPageId rootid 3 tid 105941
target_page_id id: 2 tid 105941
0 1 tid 105941
128 4 tid 105941
365 2 tid 105941
145 tid 105941
Insert  tid 105941
FindTargetPageId rootid 3 tid 105941
target_page_id id: 2 tid 105941
0 1 tid 105941
128 4 tid 105941
365 2 tid 105941
146 tid 105941
Insert  tid 105941
FindTargetPageId rootid 3 tid 105941
target_page_id id: 2 tid 105941
0 1 tid 105941
128 4 tid 105941
365 2 tid 105941
147 tid 105941
Insert  tid 105941
FindTargetPageId rootid 3 tid 105942
target_page_id id: 2 tid 105942
0 1 tid 105942
128 4 tid 105942
365 2 tid 105942
148 tid 105942
Remove  tid 105942
FindTargetPageId rootid 3 tid 105942
target_page_id id: 2 tid 105942
0 1 tid 105942
128 4 tid 105942
365 2 tid 105942
148 tid 105942
Remove  tid 105942
FindTargetPageId rootid 3 tid 105942
target_page_id id: 2 tid 105942
0 1 tid 105942
128 4 tid 105942
365 2 tid 105942
148 tid 105942
Remove  tid 105942
FindTargetPageId rootid 3 tid 105942
target_page_id id: 2 tid 105942
0 1 tid 105942
128 4 tid 105942
365 2 tid 105942
148 tid 105942
Remove  tid 105942
FindTargetPageId rootid 3 tid 105942
target_page_id id: 2 tid 105942
0 1 tid 105942
128 4 tid 105942
365 2 tid 105942
148 tid 105942
Remove  tid 105942
FindTargetPageId rootid 3 tid 105942
target_page_id id: 2 tid 105942
0 1 tid 105942
128 4 tid 105942
365 2 tid 105942
148 tid 105942
Remove  tid 105942
FindTargetPageId rootid 3 tid 105942
target_page_id id: 2 tid 105942
0 1 tid 105942
128 4 tid 105942
365 2 tid 105942
148 tid 105942
Remove  tid 105942
FindTargetPageId rootid 3 tid 105942
target_page_id id: 2 tid 105942
0 1 tid 105942
128 4 tid 105942
365 2 tid 105942
148 tid 105942
Remove  tid 105942
FindTargetPageId rootid 3 tid 105942
target_page_id id: 2 tid 105942
0 1 tid 105942
128 4 tid 105942
365 2 tid 105942
148 tid 105942
Remove  tid 105942
FindTargetPageId rootid 3 tid 105942
target_page_id id: 2 tid 105942
0 1 tid 105942
128 4 tid 105942
365 2 tid 105942
148 tid 105942
Remove  tid 105942
FindTargetPageId rootid 3 tid 105941
target_page_id id: 2 tid 105941
0 1 tid 105941
128 4 tid 105941
365 2 tid 105941
148 tid 105941
Insert  tid 105941
FindTargetPageId rootid 3 tid 105943
target_page_id id: 2 tid 105943
0 1 tid 105943
128 4 tid 105943
365 2 tid 105943
149 tid 105943
Insert  tid 105943
FindTargetPageId rootid 3 tid 105942
target_page_id id: 2 tid 105942
0 1 tid 105942
128 4 tid 105942
365 2 tid 105942
149 tid 105942
FindTargetPageId rootid 3 tid 105941
target_page_id id: 2 tid 105941
0 1 tid 105941
128 4 tid 105941
365 2 tid 105941
149 tid 105941
Remove  tid 105942
Insert  tid 105941
FindTargetPageId rootid 3 tid 105943
target_page_id id: 2 tid 105943
0 1 tid 105943
128 4 tid 105943
365 2 tid 105943
150 tid 105943
Insert  tid 105943
FindTargetPageId rootid 3 tid 105943
target_page_id id: 2 tid 105943
0 1 tid 105943
128 4 tid 105943
365 2 tid 105943
150 tid 105943
Insert  tid 105943
FindTargetPageId rootid 3 tid 105941
target_page_id id: 2 tid 105941
0 1 tid 105941
128 4 tid 105941
365 2 tid 105941
150 tid 105941
Insert  tid 105941
FindTargetPageId rootid 3 tid 105942
target_page_id id: 2 tid 105942
0 1 tid 105942
128 4 tid 105942
365 2 tid 105942
151 tid 105942
Remove  tid 105942
FindTargetPageId rootid 3 tid 105943
target_page_id id: 2 tid 105943
0 1 tid 105943
128 4 tid 105943
365 2 tid 105943
151 tid 105943
Insert  tid 105943
FindTargetPageId rootid 3 tid 105941
target_page_id id: 2 tid 105941
0 1 tid 105941
128 4 tid 105941
365 2 tid 105941
151 tid 105941
Insert  tid 105941
FindTargetPageId rootid 3 tid 105942
target_page_id id: 2 tid 105942
0 1 tid 105942
128 4 tid 105942
365 2 tid 105942
152 tid 105942
Remove  tid 105942
FindTargetPageId rootid 3 tid 105943
target_page_id id: 2 tid 105943
0 1 tid 105943
128 4 tid 105943
365 2 tid 105943
152 tid 105943
Insert  tid 105943
FindTargetPageId rootid 3 tid 105941
target_page_id id: 2 tid 105941
0 1 tid 105941
128 4 tid 105941
365 2 tid 105941
152 tid 105941
Insert  tid 105941
FindTargetPageId rootid 3 tid 105942
target_page_id id: 2 tid 105942
0 1 tid 105942
128 4 tid 105942
365 2 tid 105942
153 tid 105942
Remove  tid 105942
FindTargetPageId rootid 3 tid 105943
target_page_id id: 2 tid 105943
0 1 tid 105943
128 4 tid 105943
365 2 tid 105943
153 tid 105943
Insert  tid 105943
FindTargetPageId rootid 3 tid 105941
target_page_id id: 2 tid 105941
0 1 tid 105941
128 4 tid 105941
365 2 tid 105941
153 tid 105941
Insert  tid 105941
FindTargetPageId rootid 3 tid 105942
target_page_id id: 2 tid 105942
0 1 tid 105942
128 4 tid 105942
365 2 tid 105942
154 tid 105942
Remove  tid 105942
FindTargetPageId rootid 3 tid 105942
target_page_id id: 2 tid 105942
0 1 tid 105942
128 4 tid 105942
365 2 tid 105942
154 tid 105942
Remove  tid 105942
FindTargetPageId rootid 3 tid 105942
target_page_id id: 2 tid 105942
0 1 tid 105942
128 4 tid 105942
365 2 tid 105942
154 tid 105942
Remove  tid 105942
FindTargetPageId rootid 3 tid 105943
target_page_id id: 2 tid 105943
0 1 tid 105943
128 4 tid 105943
365 2 tid 105943
154 tid 105943
Insert  tid 105943
FindTargetPageId rootid 3 tid 105941
target_page_id id: 2 tid 105941
0 1 tid 105941
128 4 tid 105941
365 2 tid 105941
154 tid 105941
Insert  tid 105941
FindTargetPageId rootid 3 tid 105942
target_page_id id: 2 tid 105942
0 1 tid 105942
128 4 tid 105942
365 2 tid 105942
155 tid 105942
Remove  tid 105942
FindTargetPageId rootid 3 tid 105943
target_page_id id: 2 tid 105943
0 1 tid 105943
128 4 tid 105943
365 2 tid 105943
155 tid 105943
FindTargetPageId rootid 3 tid 105941
target_page_id id: 2 tid 105941
0 1 tid 105941
128 4 tid 105941
365 2 tid 105941
Insert 155 tid 105941
 tid 105943
Insert  tid 105941
FindTargetPageId rootid 3 tid 105942
target_page_id id: 2 tid 105942
0 1 tid 105942
128 4 tid 105942
365 2 tid 105942
156 tid 105942
Remove  tid 105942
FindTargetPageId rootid 3 tid 105943
target_page_id id: 2 tid 105943
0 1 tid 105943
128 4 tid 105943
365 2 tid 105943
156 tid 105943
Insert  tid 105943
FindTargetPageId rootid 3 tid 105941
target_page_id id: 2 tid 105941
0 1 tid 105941
128 4 tid 105941
365 2 tid 105941
156 tid 105941
Insert  tid 105941
FindTargetPageId rootid 3 tid 105942
target_page_id id: 2 tid 105942
0 1 tid 105942
128 4 tid 105942
365 2 tid 105942
157 tid 105942
FindTargetPageId rootid 3 tid 105943
target_page_id id: 2 tid 105943
0 1 tid 105943
128 4 tid 105943
365 2 tid 105943
Remove  tid 105942157
 tid 105943
Insert  tid 105943
FindTargetPageId rootid 3 tid 105941
target_page_id id: 2 tid 105941
0 1 tid 105941
128 4 tid 105941
365 2 tid 105941
157 tid 105941
Insert  tid 105941
FindTargetPageId rootid 3 tid 105942
target_page_id id: 2 tid 105942
0 1 tid 105942
128 4 tid 105942
365 2 tid 105942
158 tid 105942
Remove  tid 105942
FindTargetPageId rootid 3 tid 105943
target_page_id id: 2 tid 105943
0 1 tid 105943
128 4 tid 105943
365 2 tid 105943
158 tid 105943
Insert  tid 105943
FindTargetPageId rootid 3 tid 105941
target_page_id id: 2 tid 105941
0 1 tid 105941
128 4 tid 105941
365 2 tid 105941
158 tid 105941
Insert  tid 105941
FindTargetPageId rootid 3 tid 105942
target_page_id id: 2 tid 105942
0 1 tid 105942
128 4 tid 105942
365 2 tid 105942
159 tid 105942
Remove  tid 105942
FindTargetPageId rootid 3 tid 105943
target_page_id id: 2 tid 105943
0 1 tid 105943
128 4 tid 105943
365 2 tid 105943
159 tid 105943
Insert  tid 105943
FindTargetPageId rootid 3 tid 105941
target_page_id id: 2 tid 105941
0 1 tid 105941
128 4 tid 105941
365 2 tid 105941
159 tid 105941
Insert  tid 105941
FindTargetPageId rootid 3 tid 105942
target_page_id id: 2 tid 105942
0 1 tid 105942
128 4 tid 105942
365 2 tid 105942
160 tid 105942
Remove  tid 105942
FindTargetPageId rootid 3 tid 105943
target_page_id id: 2 tid 105943
0 1 tid 105943
128 4 tid 105943
365 2 tid 105943
160 tid 105943
Insert  tid 105943
FindTargetPageId rootid 3 tid 105941
target_page_id id: 2 tid 105941
0 1 tid 105941
128 4 tid 105941
365 2 tid 105941
160 tid 105941
Insert  tid 105941
FindTargetPageId rootid 3 tid 105942
target_page_id id: 2 tid 105942
0 1 tid 105942
128 4 tid 105942
365 2 tid 105942
161 tid 105942
Remove  tid 105942
FindTargetPageId rootid 3 tid 105943
target_page_id id: 2 tid 105943
0 1 tid 105943
128 4 tid 105943
365 2 tid 105943
161 tid 105943
Insert  tid 105943
FindTargetPageId rootid 3 tid 105941
target_page_id id: 2 tid 105941
0 1 tid 105941
128 4 tid 105941
365 2 tid 105941
161 tid 105941
Insert  tid 105941
FindTargetPageId rootid 3 tid 105942
target_page_id id: 2 tid 105942
0 1 tid 105942
128 4 tid 105942
365 2 tid 105942
162 tid 105942
Remove  tid 105942
FindTargetPageId rootid 3 tid 105942
target_page_id id: 2 tid 105942
0 1 tid 105942
128 4 tid 105942
365 2 tid 105942
162 tid 105942
Remove  tid 105942
FindTargetPageId rootid 3 tid 105941
target_page_id id: 2 tid 105941
0 1 tid 105941
128 4 tid 105941
365 2 tid 105941
162 tid 105941
Insert  tid 105941
FindTargetPageId rootid 3 tid 105943
target_page_id id: 2 tid 105943
0 1 tid 105943
128 4 tid 105943
365 2 tid 105943
163 tid 105943
Insert  tid 105943
FindTargetPageId rootid 3 tid 105942
target_page_id id: 2 tid 105942
0 1 tid 105942
128 4 tid 105942
365 2 tid 105942
163 tid 105942
Remove  tid 105942
FindTargetPageId rootid 3 tid 105941
target_page_id id: 2 tid 105941
0 1 tid 105941
128 4 tid 105941
365 2 tid 105941
163 tid 105941
Insert  tid 105941
FindTargetPageId rootid 3 tid 105943
target_page_id id: 2 tid 105943
0 1 tid 105943
128 4 tid 105943
365 2 tid 105943
164 tid 105943
Insert  tid 105943
FindTargetPageId rootid 3 tid 105942
target_page_id id: 2 tid 105942
0 1 tid 105942
128 4 tid 105942
365 2 tid 105942
164 tid 105942
Remove  tid 105942
FindTargetPageId rootid 3 tid 105941
target_page_id id: 2 tid 105941
0 1 tid 105941
128 4 tid 105941
365 2 tid 105941
164 tid 105941
Insert  tid 105941
FindTargetPageId rootid 3 tid 105943
target_page_id id: 2 tid 105943
0 1 tid 105943
128 4 tid 105943
365 2 tid 105943
165 tid 105943
Insert  tid 105943
FindTargetPageId rootid 3 tid 105942
target_page_id id: 2 tid 105942
0 1 tid 105942
128 4 tid 105942
365 2 tid 105942
165 tid 105942
Remove  tid 105942
FindTargetPageId rootid 3 tid 105941
target_page_id id: 2 tid 105941
0 1 tid 105941
128 4 tid 105941
365 2 tid 105941
165 tid 105941
Insert  tid 105941
FindTargetPageId rootid 3 tid 105943
target_page_id id: 2 tid 105943
0 1 tid 105943
128 4 tid 105943
365 2 tid 105943
166 tid 105943
Insert  tid 105943
FindTargetPageId rootid 3 tid 105942
target_page_id id: 2 tid 105942
0 1 tid 105942
128 4 tid 105942
365 2 tid 105942
166 tid 105942
Remove  tid 105942
FindTargetPageId rootid 3 tid 105942
target_page_id id: 2 tid 105942
0 1 tid 105942
128 4 tid 105942
365 2 tid 105942
166 tid 105942
Remove  tid 105942
FindTargetPageId rootid 3 tid 105943
target_page_id id: 2 tid 105943
0 1 tid 105943
128 4 tid 105943
365 2 tid 105943
166 tid 105943
Insert  tid 105943
FindTargetPageId rootid 3 tid 105941
target_page_id id: 2 tid 105941
0 1 tid 105941
128 4 tid 105941
365 2 tid 105941
166 tid 105941
Insert  tid 105941
FindTargetPageId rootid 3 tid 105942
target_page_id id: 2 tid 105942
0 1 tid 105942
128 4 tid 105942
365 2 tid 105942
167 tid 105942
Remove  tid 105942
FindTargetPageId rootid 3 tid 105943
target_page_id id: 2 tid 105943
0 1 tid 105943
128 4 tid 105943
365 2 tid 105943
167 tid 105943
Insert  tid FindTargetPageId rootid 105943
3 tid 105941
target_page_id id: 2 tid 105941
0 1 tid 105941
128 4 tid 105941
365 2 tid 105941
167 tid 105941
Insert  tid 105941
FindTargetPageId rootid 3 tid 105942
target_page_id id: 2 tid 105942
0 1 tid 105942
128 4 tid 105942
365 2 tid 105942
168 tid 105942
Remove  tid 105942
FindTargetPageId rootid 3 tid 105943
target_page_id id: 2 tid 105943
0 1 tid 105943
128 4 tid 105943
365 2 tid 105943
168 tid 105943
Insert  tid 105943
FindTargetPageId rootid 3 tid 105941
target_page_id id: 2 tid 105941
0 1 tid 105941
128 4 tid 105941
365 2 tid 105941
168 tid 105941
Insert  tid 105941
FindTargetPageId rootid 3 tid 105942
target_page_id id: 2 tid 105942
0 1 tid 105942
128 4 tid 105942
365 2 tid 105942
169 tid 105942
Remove  tid 105942
FindTargetPageId rootid 3 tid 105943
target_page_id id: 2 tid 105943
0 1 tid 105943
128 4 tid 105943
365 2 tid 105943
169 tid 105943
Insert  tid 105943
FindTargetPageId rootid 3 tid 105941
target_page_id id: 2 tid 105941
0 1 tid 105941
128 4 tid 105941
365 2 tid 105941
169 tid 105941
Insert  tid 105941
FindTargetPageId rootid 3 tid 105942
target_page_id id: 2 tid 105942
0 1 tid 105942
128 4 tid 105942
365 2 tid 105942
170 tid 105942
Remove  tid 105942
FindTargetPageId rootid 3 tid 105943
target_page_id id: 2 tid 105943
0 1 tid 105943
128 4 tid 105943
365 2 tid 105943
170 tid 105943
Insert  tid 105943
FindTargetPageId rootid 3 tid 105941
target_page_id id: 2 tid 105941
0 1 tid 105941
128 4 tid 105941
365 2 tid 105941
170 tid 105941
Insert  tid 105941
FindTargetPageId rootid 3 tid 105941
target_page_id id: 2 tid 105941
0 1 tid 105941
128 4 tid 105941
365 2 tid 105941
171 tid 105941
Insert  tid 105941
FindTargetPageId rootid 3 tid 105942
target_page_id id: 2 tid 105942
0 1 tid 105942
128 4 tid 105942
365 2 tid 105942
172 tid 105942
Remove  tid 105942
FindTargetPageId rootid 3 tid 105943
target_page_id id: 2 tid 105943
0 1 tid 105943
128 4 tid 105943
365 2 tid 105943
172 tid 105943
Insert  tid 105943
FindTargetPageId rootid 3 tid 105941
target_page_id id: 2 tid 105941
0 1 tid 105941
128 4 tid 105941
365 2 tid 105941
172 tid 105941
Insert  tid 105941
FindTargetPageId rootid 3 tid 105942
target_page_id id: 2 tid 105942
0 1 tid 105942
128 4 tid 105942
365 2 tid 105942
173 tid 105942
Remove  tid 105942
FindTargetPageId rootid 3 tid 105943
target_page_id id: 2 tid 105943
0 1 tid 105943
128 4 tid 105943
365 2 tid 105943
173 tid 105943
Insert  tid 105943
FindTargetPageId rootid 3 tid 105941
target_page_id id: 2 tid 105941
0 1 tid 105941
128 4 tid 105941
365 2 tid 105941
173 tid 105941
Insert  tid 105941
FindTargetPageId rootid 3 tid 105942
target_page_id id: 2 tid 105942
0 1 tid 105942
128 4 tid 105942
365 2 tid 105942
174 tid 105942
Remove  tid 105942
FindTargetPageId rootid 3 tid 105943
target_page_id id: 2 tid 105943
0 1 tid 105943
128 4 tid 105943
365 2 tid 105943
174 tid 105943
Insert  tid 105943
FindTargetPageId rootid 3 tid 105941
target_page_id id: 2 tid 105941
0 1 tid 105941
128 4 tid 105941
365 2 tid 105941
174 tid 105941
Insert  tid 105941
FindTargetPageId rootid 3 tid 105942
target_page_id id: 2 tid 105942
0 1 tid 105942
128 4 tid 105942
365 2 tid 105942
175 tid 105942
Remove  tid 105942
FindTargetPageId rootid 3 tid 105943
target_page_id id: 2 tid 105943
0 1 tid 105943
128 4 tid 105943
365 2 tid 105943
175 tid 105943
Insert  tid 105943
FindTargetPageId rootid 3 tid 105941
target_page_id id: 2 tid 105941
0 1 tid 105941
128 4 tid 105941
365 2 tid 105941
175 tid 105941
Insert  tid 105941
FindTargetPageId rootid 3 tid 105942
target_page_id id: 2 tid 105942
0 1 tid 105942
128 4 tid 105942
365 2 tid 105942
176 tid 105942
Remove  tid 105942
FindTargetPageId rootid 3 tid 105943
target_page_id id: 2 tid 105943
0 1 tid 105943
128 4 tid 105943
365 2 tid 105943
176 tid 105943
Insert  tid 105943
FindTargetPageId rootid 3 tid 105943
target_page_id id: 2 tid 105943
0 1 tid 105943
128 4 tid 105943
365 2 tid 105943
176 tid 105943
Insert  tid 105943
FindTargetPageId rootid 3 tid 105943
target_page_id id: 2 tid 105943
0 1 tid 105943
128 4 tid 105943
365 2 tid 105943
176 tid 105943
Insert  tid 105943
FindTargetPageId rootid 3 tid 105941
target_page_id id: 2 tid 105941
0 1 tid 105941
128 4 tid 105941
365 2 tid 105941
176 tid 105941
FindTargetPageId rootid 3 tid 105942
target_page_id id: 2 tid 105942
0 1 tid 105942
128 4 tid 105942
365 2 tid 105942
Insert  tid 105941
177 tid 105942
Remove  tid 105942
FindTargetPageId rootid 3 tid 105943
target_page_id id: 2 tid 105943
0 1 tid 105943
128 4 tid 105943
365 2 tid 105943
177 tid 105943
Insert  tid 105943
FindTargetPageId rootid 3 tid 105941
target_page_id id: 2 tid 105941
0 1 tid 105941
128 4 tid 105941
365 2 tid 105941
177 tid 105941
Insert  tid 105941
FindTargetPageId rootid 3 tid 105942
target_page_id id: 2 tid 105942
0 1 tid 105942
128 4 tid 105942
365 2 tid 105942
178 tid 105942
Remove  tid 105942
FindTargetPageId rootid 3 tid 105943
target_page_id id: 2 tid 105943
0 1 tid 105943
128 4 tid 105943
365 2 tid 105943
178 tid 105943
Insert  tid 105943
FindTargetPageId rootid 3 tid 105941
target_page_id id: 2 tid 105941
0 1 tid 105941
128 4 tid 105941
365 2 tid 105941
178 tid 105941
Insert  tid 105941
FindTargetPageId rootid 3 tid 105942
target_page_id id: 2 tid 105942
0 1 tid 105942
128 4 tid 105942
365 2 tid 105942
179 tid 105942
Remove  tid 105942
FindTargetPageId rootid 3 tid 105943
target_page_id id: 2 tid 105943
0 1 tid 105943
128 4 tid 105943
365 2 tid 105943
179 tid 105943
Insert  tid 105943
FindTargetPageId rootid 3 tid 105941
target_page_id id: 2 tid 105941
0 1 tid 105941
128 4 tid 105941
365 2 tid 105941
179 tid 105941
Insert  tid 105941
FindTargetPageId rootid 3 tid 105941
target_page_id id: 2 tid 105941
0 1 tid 105941
128 4 tid 105941
365 2 tid 105941
180 tid 105941
Insert  tid 105941
FindTargetPageId rootid 3 tid 105942
target_page_id id: 2 tid 105942
0 1 tid 105942
128 4 tid 105942
365 2 tid 105942
181 tid 105942
Remove  tid 105942
FindTargetPageId rootid 3 tid 105942
target_page_id id: 2 tid 105942
0 1 tid 105942
128 4 tid 105942
365 2 tid 105942
181 tid 105942
Remove  tid 105942
FindTargetPageId rootid 3 tid 105942
target_page_id id: 2 tid 105942
0 1 tid 105942
128 4 tid 105942
365 2 tid 105942
181 tid 105942
Remove  tid 105942
FindTargetPageId rootid 3 tid 105942
target_page_id id: 2 tid 105942
0 1 tid 105942
128 4 tid 105942
365 2 tid 105942
181 tid 105942
Remove  tid 105942
FindTargetPageId rootid 3 tid 105942
target_page_id id: 2 tid 105942
0 1 tid 105942
128 4 tid 105942
365 2 tid 105942
181 tid 105942
Remove  tid 105942
FindTargetPageId rootid 3 tid 105942
target_page_id id: 2 tid 105942
0 1 tid 105942
128 4 tid 105942
365 2 tid 105942
181 tid 105942
Remove  tid 105942
FindTargetPageId rootid 3 tid 105942
target_page_id id: 2 tid 105942
0 1 tid 105942
128 4 tid 105942
365 2 tid 105942
181 tid 105942
Remove  tid 105942
FindTargetPageId rootid 3 tid 105942
target_page_id id: 2 tid 105942
0 1 tid 105942
128 4 tid 105942
365 2 tid 105942
181 tid 105942
Remove  tid 105942
FindTargetPageId rootid 3 tid 105942
target_page_id id: 2 tid 105942
0 1 tid 105942
128 4 tid 105942
365 2 tid 105942
181 tid 105942
Remove  tid 105942
FindTargetPageId rootid 3 tid 105942
target_page_id id: 2 tid 105942
0 1 tid 105942
128 4 tid 105942
365 2 tid 105942
181 tid 105942
Remove  tid 105942
FindTargetPageId rootid 3 tid 105942
target_page_id id: 2 tid 105942
0 1 tid 105942
128 4 tid 105942
365 2 tid 105942
181 tid 105942
Remove  tid 105942
FindTargetPageId rootid 3 tid 105942
target_page_id id: 2 tid 105942
0 1 tid 105942
128 4 tid 105942
365 2 tid 105942
181 tid 105942
Remove  tid 105942
FindTargetPageId rootid 3 tid 105942
target_page_id id: 2 tid 105942
0 1 tid 105942
128 4 tid 105942
365 2 tid 105942
181 tid 105942
Remove  tid 105942
FindTargetPageId rootid 3 tid 105942
target_page_id id: 2 tid 105942
0 1 tid 105942
128 4 tid 105942
365 2 tid 105942
181 tid 105942
Remove  tid 105942
FindTargetPageId rootid 3 tid 105942
target_page_id id: 2 tid 105942
0 1 tid 105942
128 4 tid 105942
365 2 tid 105942
181 tid 105942
Remove  tid 105942
FindTargetPageId rootid 3 tid 105942
target_page_id id: 2 tid 105942
0 1 tid 105942
128 4 tid 105942
365 2 tid 105942
181 tid 105942
Remove  tid 105942
FindTargetPageId rootid 3 tid 105943
target_page_id id: 2 tid 105943
0 1 tid 105943
128 4 tid 105943
365 2 tid 105943
181 tid 105943
Insert  tid 105943
FindTargetPageId rootid 3 tid 105941
target_page_id id: 2 tid 105941
0 1 tid 105941
128 4 tid 105941
365 2 tid 105941
181 tid 105941
Insert  tid 105941
FindTargetPageId rootid 3 tid 105942
target_page_id id: 2 tid 105942
0 1 tid 105942
128 4 tid 105942
365 2 tid 105942
182 tid 105942
Remove  tid 105942
FindTargetPageId rootid 3 tid 105943
target_page_id id: 2 tid 105943
0 1 tid 105943
128 4 tid 105943
365 2 tid 105943
182 tid 105943
Insert  tid 105943
FindTargetPageId rootid 3 tid 105941
target_page_id id: 2 tid 105941
0 1 tid 105941
128 4 tid 105941
365 2 tid 105941
182 tid 105941
Insert  tid 105941
FindTargetPageId rootid 3 tid 105942
target_page_id id: 2 tid 105942
0 1 tid 105942
128 4 tid 105942
365 2 tid 105942
183 tid 105942
Remove  tid 105942
FindTargetPageId rootid 3 tid 105943
target_page_id id: 2 tid 105943
0 1 tid 105943
128 4 tid 105943
365 2 tid 105943
183 tid 105943
Insert  tid 105943
FindTargetPageId rootid 3 tid 105941
target_page_id id: 2 tid 105941
0 1 tid 105941
128 4 tid 105941
365 2 tid 105941
183 tid 105941
Insert  tid 105941
FindTargetPageId rootid 3 tid 105942
target_page_id id: 2 tid 105942
0 1 tid 105942
128 4 tid 105942
365 2 tid 105942
184 tid 105942
FindTargetPageId rootid 3 tid 105943
target_page_id id: 2 tid 105943
0 1 tid 105943
128 4 tid 105943
365 2 tid 105943
Remove 184 tid  tid 105943
105942
Insert  tid 105943
FindTargetPageId rootid 3 tid 105941
target_page_id id: 2 tid 105941
0 1 tid 105941
128 4 tid 105941
365 2 tid 105941
184 tid 105941
Insert  tid 105941
FindTargetPageId rootid 3 tid 105942
target_page_id id: 2 tid 105942
0 1 tid 105942
128 4 tid 105942
365 2 tid 105942
185 tid 105942
Remove  tid 105942
FindTargetPageId rootid 3 tid 105943
target_page_id id: 2 tid 105943
0 1 tid 105943
128 4 tid 105943
365 2 tid 105943
185 tid 105943
Insert  tid 105943
FindTargetPageId rootid 3 tid 105941
target_page_id id: 2 tid 105941
0 1 tid 105941
128 4 tid 105941
365 2 tid 105941
185 tid 105941
Insert  tid 105941
FindTargetPageId rootid 3 tid 105942
target_page_id id: 2 tid 105942
0 1 tid 105942
128 4 tid 105942
365 2 tid 105942
186 tid 105942
Remove  tid 105942
FindTargetPageId rootid 3 tid 105943
target_page_id id: 2 tid 105943
0 1 tid 105943
128 4 tid 105943
365 2 tid 105943
186 tid 105943
Insert  tid 105943
FindTargetPageId rootid 3 tid 105941
target_page_id id: 2 tid 105941
0 1 tid 105941
128 4 tid 105941
365 2 tid 105941
186 tid 105941
Insert  tid 105941
FindTargetPageId rootid 3 tid 105942
target_page_id id: 2 tid 105942
0 1 tid 105942
128 4 tid 105942
365 2 tid 105942
187 tid 105942
Remove  tid 105942
FindTargetPageId rootid 3 tid 105943
target_page_id id: 2 tid 105943
0 1 tid 105943
128 4 tid 105943
365 2 tid 105943
187 tid 105943
Insert  tid 105943
FindTargetPageId rootid 3 tid 105941
target_page_id id: 2 tid 105941
0 1 tid 105941
128 4 tid 105941
365 2 tid 105941
187 tid 105941
Insert  tid 105941
FindTargetPageId rootid 3 tid 105942
target_page_id id: 2 tid 105942
0 1 tid 105942
128 4 tid 105942
365 2 tid 105942
188 tid 105942
Remove  tid 105942
FindTargetPageId rootid 3 tid 105943
target_page_id id: 2 tid 105943
0 1 tid 105943
128 4 tid 105943
365 2 tid 105943
188 tid 105943
Insert  tid 105943
FindTargetPageId rootid 3 tid 105941
target_page_id id: 2 tid 105941
0 1 tid 105941
128 4 tid 105941
365 2 tid 105941
188 tid 105941
Insert  tid 105941
FindTargetPageId rootid 3 tid 105942
target_page_id id: 2 tid 105942
0 1 tid 105942
128 4 tid 105942
365 2 tid 105942
189 tid 105942
Remove  tid 105942
FindTargetPageId rootid 3 tid 105943
target_page_id id: 2 tid 105943
0 1 tid 105943
128 4 tid 105943
365 2 tid 105943
189 tid 105943
Insert  tid FindTargetPageId rootid 105943
3 tid 105941
target_page_id id: 2 tid 105941
0 1 tid 105941
128 4 tid 105941
365 2 tid 105941
189 tid 105941
Insert  tid 105941
FindTargetPageId rootid 3 tid 105942
target_page_id id: 2 tid 105942
0 1 tid 105942
128 4 tid 105942
365 2 tid 105942
190 tid 105942
Remove  tid 105942
FindTargetPageId rootid 3 tid 105943
target_page_id id: 2 tid 105943
0 1 tid 105943
128 4 tid 105943
365 2 tid 105943
190 tid 105943
Insert  tid 105943
FindTargetPageId rootid 3 tid 105941
target_page_id id: 2 tid 105941
0 1 tid 105941
128 4 tid 105941
365 2 tid 105941
190 tid 105941
Insert  tid 105941
FindTargetPageId rootid 3 tid 105941
target_page_id id: 2 tid 105941
0 1 tid 105941
128 4 tid 105941
365 2 tid 105941
191 tid 105941
Insert  tid 105941
FindTargetPageId rootid 3 tid 105942
target_page_id id: 2 tid 105942
0 1 tid 105942
128 4 tid 105942
365 2 tid 105942
192 tid 105942
Remove  tid 105942
FindTargetPageId rootid 3 tid 105942
target_page_id id: 2 tid 105942
0 1 tid 105942
128 4 tid 105942
365 2 tid 105942
192 tid 105942
Remove  tid 105942
FindTargetPageId rootid 3 tid 105942
target_page_id id: 2 tid 105942
0 1 tid 105942
128 4 tid 105942
365 2 tid 105942
192 tid 105942
Remove  tid 105942
FindTargetPageId rootid 3 tid 105942
target_page_id id: 2 tid 105942
0 1 tid 105942
128 4 tid 105942
365 2 tid 105942
192 tid 105942
Remove  tid 105942
FindTargetPageId rootid 3 tid 105943
target_page_id id: 2 tid 105943
0 1 tid 105943
128 4 tid 105943
365 2 tid 105943
192 tid 105943
Insert  tid 105943
FindTargetPageId rootid 3 tid 105941
target_page_id id: 2 tid 105941
0 1 tid 105941
128 4 tid 105941
365 2 tid 105941
192 tid 105941
Insert  tid 105941
FindTargetPageId rootid 3 tid 105942
target_page_id id: 2 tid 105942
0 1 tid 105942
128 4 tid 105942
365 2 tid 105942
193 tid 105942
Remove  tid 105942
FindTargetPageId rootid 3 tid 105943
target_page_id id: 2 tid 105943
0 1 tid 105943
128 4 tid 105943
365 2 tid 105943
193 tid 105943
Insert  tid 105943
FindTargetPageId rootid 3 tid 105941
target_page_id id: 2 tid 105941
0 1 tid 105941
128 4 tid 105941
365 2 tid 105941
193 tid 105941
Insert  tid 105941
FindTargetPageId rootid 3 tid 105942
target_page_id id: 2 tid 105942
0 1 tid 105942
128 4 tid 105942
365 2 tid 105942
194 tid 105942
Remove  tid 105942
FindTargetPageId rootid 3 tid 105943
target_page_id id: 2 tid 105943
0 1 tid 105943
128 4 tid 105943
365 2 tid 105943
194 tid 105943
Insert  tid 105943
FindTargetPageId rootid 3 tid 105941
target_page_id id: 2 tid 105941
0 1 tid 105941
128 4 tid 105941
365 2 tid 105941
194 tid 105941
Insert  tid 105941
FindTargetPageId rootid 3 tid 105942
target_page_id id: 2 tid 105942
0 1 tid 105942
128 4 tid 105942
365 2 tid 105942
195 tid 105942
Remove  tid 105942
FindTargetPageId rootid 3 tid 105943
target_page_id id: 2 tid 105943
0 1 tid 105943
128 4 tid 105943
365 2 tid 105943
195 tid 105943
Insert  tid 105943
FindTargetPageId rootid 3 tid 105941
target_page_id id: 2 tid 105941
0 1 tid 105941
128 4 tid 105941
365 2 tid 105941
195 tid 105941
Insert  tid 105941
FindTargetPageId rootid 3 tid 105942
target_page_id id: 2 tid 105942
0 1 tid 105942
128 4 tid 105942
365 2 tid 105942
196 tid 105942
Remove  tid 105942
FindTargetPageId rootid 3 tid 105943
target_page_id id: 2 tid 105943
0 1 tid 105943
128 4 tid 105943
365 2 tid 105943
196 tid 105943
Insert  tid 105943
FindTargetPageId rootid 3 tid 105941
target_page_id id: 2 tid 105941
0 1 tid 105941
128 4 tid 105941
365 2 tid 105941
196 tid 105941
Insert  tid 105941
FindTargetPageId rootid 3 tid 105941
target_page_id id: 2 tid 105941
0 1 tid 105941
128 4 tid 105941
365 2 tid 105941
197 tid 105941
Insert  tid 105941
FindTargetPageId rootid 3 tid 105943
target_page_id id: 2 tid 105943
0 1 tid 105943
128 4 tid 105943
365 2 tid 105943
198 tid 105943
Insert  tid 105943
FindTargetPageId rootid 3 tid 105942
target_page_id id: 2 tid 105942
0 1 tid 105942
128 4 tid 105942
365 2 tid 105942
198 tid 105942
Remove  tid 105942
FindTargetPageId rootid 3 tid 105942
target_page_id id: 2 tid 105942
0 1 tid 105942
128 4 tid 105942
365 2 tid 105942
198 tid 105942
Remove  tid 105942
FindTargetPageId rootid 3 tid 105943
target_page_id id: 2 tid 105943
0 1 tid 105943
128 4 tid 105943
365 2 tid 105943
198 tid 105943
Insert  tid 105943
FindTargetPageId rootid 3 tid 105941
target_page_id id: 2 tid 105941
0 1 tid 105941
128 4 tid 105941
365 2 tid 105941
198 tid 105941
Insert  tid 105941
FindTargetPageId rootid 3 tid 105942
target_page_id id: 2 tid 105942
0 1 tid 105942
128 4 tid 105942
365 2 tid 105942
199 tid 105942
Remove  tid 105942
FindTargetPageId rootid 3 tid 105943
target_page_id id: 2 tid 105943
0 1 tid 105943
128 4 tid 105943
365 2 tid 105943
199 tid 105943
Insert  tid 105943
FindTargetPageId rootid 3 tid 105941
target_page_id id: 2 tid 105941
0 1 tid 105941
128 4 tid 105941
365 2 tid 105941
199 tid 105941
Insert  tid 105941
FindTargetPageId rootid 3 tid 105942
target_page_id id: 2 tid 105942
0 1 tid 105942
128 4 tid 105942
365 2 tid 105942
200 tid 105942
Remove  tid 105942
FindTargetPageId rootid 3 tid 105943
target_page_id id: 2 tid 105943
0 1 tid 105943
128 4 tid 105943
365 2 tid 105943
200 tid 105943
Insert  tid 105943
FindTargetPageId rootid 3 tid 105941
target_page_id id: 2 tid 105941
0 1 tid 105941
128 4 tid 105941
365 2 tid 105941
200 tid 105941
Insert  tid 105941
FindTargetPageId rootid 3 tid 105941
target_page_id id: 2 tid 105941
0 1 tid 105941
128 4 tid 105941
365 2 tid 105941
201 tid 105941
Insert  tid 105941
FindTargetPageId rootid 3 tid 105942
target_page_id id: 2 tid 105942
0 1 tid 105942
128 4 tid 105942
365 2 tid 105942
202 tid 105942
Remove  tid 105942
FindTargetPageId rootid 3 tid 105943
target_page_id id: 2 tid 105943
0 1 tid 105943
128 4 tid 105943
365 2 tid 105943
202 tid 105943
Insert  tid 105943
FindTargetPageId rootid 3 tid 105941
target_page_id id: 2 tid 105941
0 1 tid 105941
128 4 tid 105941
365 2 tid 105941
202 tid 105941
Insert  tid 105941
FindTargetPageId rootid 3 tid 105942
target_page_id id: 2 tid 105942
0 1 tid 105942
128 4 tid 105942
365 2 tid 105942
203 tid 105942
Remove  tid 105942
FindTargetPageId rootid 3 tid 105943
target_page_id id: 2 tid 105943
0 1 tid 105943
128 4 tid 105943
365 2 tid 105943
203 tid 105943
Insert  tid 105943
FindTargetPageId rootid 3 tid 105943
target_page_id id: 2 tid 105943
0 1 tid 105943
128 4 tid 105943
365 2 tid 105943
203 tid 105943
Insert  tid FindTargetPageId rootid 105943
3 tid 105941
target_page_id id: 2 tid 105941
0 1 tid 105941
128 4 tid 105941
365 2 tid 105941
203 tid 105941
Insert  tid 105941
FindTargetPageId rootid 3 tid 105942
target_page_id id: 2 tid 105942
0 1 tid 105942
128 4 tid 105942
365 2 tid 105942
204 tid 105942
Remove  tid 105942
FindTargetPageId rootid 3 tid 105943
target_page_id id: 2 tid 105943
0 1 tid 105943
128 4 tid 105943
365 2 tid 105943
204 tid 105943
Insert  tid 105943
FindTargetPageId rootid 3 tid 105941
target_page_id id: 2 tid 105941
0 1 tid 105941
128 4 tid 105941
365 2 tid 105941
204 tid 105941
Insert  tid 105941
FindTargetPageId rootid 3 tid 105942
target_page_id id: 2 tid 105942
0 1 tid 105942
128 4 tid 105942
365 2 tid 105942
205 tid 105942
Remove  tid 105942
FindTargetPageId rootid 3 tid 105943
target_page_id id: 2 tid 105943
0 1 tid 105943
128 4 tid 105943
365 2 tid 105943
205 tid 105943
Insert  tid 105943
FindTargetPageId rootid 3 tid 105941
target_page_id id: 2 tid 105941
0 1 tid 105941
128 4 tid 105941
365 2 tid 105941
205 tid 105941
Insert  tid 105941
FindTargetPageId rootid 3 tid 105942
target_page_id id: 2 tid 105942
0 1 tid 105942
128 4 tid 105942
365 2 tid 105942
206 tid 105942
Remove  tid 105942
FindTargetPageId rootid 3 tid 105943
target_page_id id: 2 tid 105943
0 1 tid 105943
128 4 tid 105943
365 2 tid 105943
206 tid 105943
Insert  tid 105943
FindTargetPageId rootid 3 tid 105941
target_page_id id: 2 tid 105941
0 1 tid 105941
128 4 tid 105941
365 2 tid 105941
206 tid 105941
Insert  tid 105941
FindTargetPageId rootid 3 tid 105942
target_page_id id: 2 tid 105942
0 1 tid 105942
128 4 tid 105942
365 2 tid 105942
207 tid 105942
Remove  tid 105942
FindTargetPageId rootid 3 tid 105943
target_page_id id: 2 tid 105943
0 1 tid 105943
128 4 tid 105943
365 2 tid 105943
207 tid 105943
FindTargetPageId rootid 3 tid 105941
target_page_id id: 2 tid 105941
0 Insert  tid 1105943
 tid 105941
128 4 tid 105941
365 2 tid 105941
207 tid 105941
Insert  tid 105941
FindTargetPageId rootid 3 tid 105942
target_page_id id: 2 tid 105942
0 1 tid 105942
128 4 tid 105942
365 2 tid 105942
208 tid 105942
Remove  tid 105942
FindTargetPageId rootid 3 tid 105943
target_page_id id: 2 tid 105943
0 1 tid 105943
128 4 tid 105943
365 2 tid 105943
208 tid 105943
Insert  tid 105943
FindTargetPageId rootid 3 tid 105943
target_page_id id: 2 tid 105943
0 1 tid 105943
128 4 tid 105943
365 2 tid 105943
208 tid 105943
Insert  tid 105943
FindTargetPageId rootid 3 tid 105943
target_page_id id: 2 tid 105943
0 1 tid 105943
128 4 tid 105943
365 2 tid 105943
208 tid 105943
Insert  tid 105943
FindTargetPageId rootid 3 tid 105943
target_page_id id: 2 tid 105943
0 1 tid 105943
128 4 tid 105943
365 2 tid 105943
208 tid 105943
Insert  tid 105943
FindTargetPageId rootid 3 tid 105943
target_page_id id: 2 tid 105943
0 1 tid 105943
128 4 tid 105943
365 2 tid 105943
208 tid 105943
Insert  tid 105943
FindTargetPageId rootid 3 tid 105943
target_page_id id: 2 tid 105943
0 1 tid 105943
128 4 tid 105943
365 2 tid 105943
208 tid 105943
Insert  tid 105943
FindTargetPageId rootid 3 tid 105941
target_page_id id: 2 tid 105941
0 1 tid 105941
128 4 tid 105941
365 2 tid 105941
208 tid 105941
Insert  tid 105941
FindTargetPageId rootid 3 tid 105942
target_page_id id: 2 tid 105942
0 1 tid 105942
128 4 tid 105942
365 2 tid 105942
209 tid 105942
FindTargetPageId rootid 3 tid 105943
target_page_id id: 2 tid 105943
0 1 tid Remove  tid 105942
105943
128 4 tid 105943
365 2 tid 105943
209 tid 105943
Insert  tid 105943
FindTargetPageId rootid 3 tid 105943
target_page_id id: 2 tid 105943
0 1 tid 105943
128 4 tid 105943
365 2 tid 105943
209 tid 105943
Insert  tid 105943
FindTargetPageId rootid 3 tid 105943
target_page_id id: 2 tid 105943
0 1 tid 105943
128 4 tid 105943
365 2 tid 105943
209 tid 105943
Insert  tid 105943
FindTargetPageId rootid 3 tid 105941
target_page_id id: 2 tid 105941
0 1 tid 105941
128 4 tid 105941
365 2 tid 105941
209 tid 105941
Insert  tid 105941
FindTargetPageId rootid 3 tid 105942
target_page_id id: 2 tid 105942
0 1 tid 105942
128 4 tid 105942
365 2 tid 105942
210 tid 105942
Remove  tid 105942
FindTargetPageId rootid 3 tid 105943
target_page_id id: 2 tid 105943
0 1 tid 105943
128 4 tid 105943
365 2 tid 105943
210 tid 105943
Insert  tid 105943
FindTargetPageId rootid 3 tid 105941
target_page_id id: 2 tid 105941
0 1 tid 105941
128 4 tid 105941
365 2 tid 105941
210 tid 105941
Insert  tid 105941
FindTargetPageId rootid 3 tid 105942
target_page_id id: 2 tid 105942
0 1 tid 105942
128 4 tid 105942
365 2 tid 105942
211 tid 105942
Remove  tid 105942
FindTargetPageId rootid 3 tid 105943
target_page_id id: 2 tid 105943
0 1 tid 105943
128 4 tid 105943
365 2 tid 105943
211 tid 105943
Insert  tid 105943
FindTargetPageId rootid 3 tid 105941
target_page_id id: 2 tid 105941
0 1 tid 105941
128 4 tid 105941
365 2 tid 105941
211 tid 105941
Insert  tid 105941
FindTargetPageId rootid 3 tid 105942
target_page_id id: 2 tid 105942
0 1 tid 105942
128 4 tid 105942
365 2 tid 105942
212 tid 105942
Remove  tid 105942
FindTargetPageId rootid 3 tid 105943
target_page_id id: 2 tid 105943
0 1 tid 105943
128 4 tid 105943
365 2 tid 105943
212 tid 105943
Insert  tid 105943
FindTargetPageId rootid 3 tid 105941
target_page_id id: 2 tid 105941
0 1 tid 105941
128 4 tid 105941
365 2 tid 105941
212 tid 105941
Insert  tid 105941
FindTargetPageId rootid 3 tid 105942
target_page_id id: 2 tid 105942
0 1 tid 105942
128 4 tid 105942
365 2 tid 105942
213 tid 105942
Remove  tid 105942
FindTargetPageId rootid 3 tid 105942
target_page_id id: 2 tid 105942
0 1 tid 105942
128 4 tid 105942
365 2 tid 105942
213 tid 105942
Remove  tid 105942
FindTargetPageId rootid 3 tid 105942
target_page_id id: 2 tid 105942
0 1 tid 105942
128 4 tid 105942
365 2 tid 105942
213 tid 105942
Remove  tid 105942
FindTargetPageId rootid 3 tid 105943
target_page_id id: 2 tid 105943
0 1 tid 105943
128 4 tid 105943
365 2 tid 105943
213 tid 105943
Insert  tid 105943
FindTargetPageId rootid 3 tid 105941
target_page_id id: 2 tid 105941
0 1 tid 105941
128 4 tid 105941
365 2 tid 105941
213 tid 105941
Insert  tid 105941
FindTargetPageId rootid 3 tid 105942
target_page_id id: 2 tid 105942
0 1 tid 105942
128 4 tid 105942
365 2 tid 105942
214 tid 105942
Remove  tid 105942
FindTargetPageId rootid 3 tid 105943
target_page_id id: 2 tid 105943
0 1 tid 105943
128 4 tid 105943
365 2 tid 105943
214 tid 105943
Insert  tid 105943
FindTargetPageId rootid 3 tid 105941
target_page_id id: 2 tid 105941
0 1 tid 105941
128 4 tid 105941
365 2 tid 105941
214 tid 105941
Insert  tid 105941
FindTargetPageId rootid 3 tid 105942
target_page_id id: 2 tid 105942
0 1 tid 105942
128 4 tid 105942
365 2 tid 105942
215 tid 105942
Remove  tid 105942
FindTargetPageId rootid 3 tid 105942
target_page_id id: 2 tid 105942
0 1 tid 105942
128 4 tid 105942
365 2 tid 105942
215 tid 105942
Remove  tid 105942
FindTargetPageId rootid 3 tid 105942
target_page_id id: 2 tid 105942
0 1 tid 105942
128 4 tid 105942
365 2 tid 105942
215 tid 105942
Remove  tid 105942
FindTargetPageId rootid 3 tid 105942
target_page_id id: 2 tid 105942
0 1 tid 105942
128 4 tid 105942
365 2 tid 105942
215 tid 105942
Remove  tid 105942
FindTargetPageId rootid 3 tid 105942
target_page_id id: 2 tid 105942
0 1 tid 105942
128 4 tid 105942
365 2 tid 105942
215 tid 105942
Remove  tid 105942
FindTargetPageId rootid 3 tid 105942
target_page_id id: 2 tid 105942
0 1 tid 105942
128 4 tid 105942
365 2 tid 105942
215 tid 105942
Remove  tid 105942
FindTargetPageId rootid 3 tid 105942
target_page_id id: 2 tid 105942
0 1 tid 105942
128 4 tid 105942
365 2 tid 105942
215 tid 105942
Remove  tid 105942
FindTargetPageId rootid 3 tid 105941
target_page_id id: 2 tid 105941
0 1 tid 105941
128 4 tid 105941
365 2 tid 105941
215 tid 105941
Insert  tid 105941
FindTargetPageId rootid 3 tid 105943
target_page_id id: 2 tid 105943
0 1 tid 105943
128 4 tid 105943
365 2 tid 105943
216 tid 105943
Insert  tid 105943
FindTargetPageId rootid 3 tid 105943
target_page_id id: 2 tid 105943
0 1 tid 105943
128 4 tid 105943
365 2 tid 105943
216 tid 105943
Insert  tid 105943
FindTargetPageId rootid 3 tid 105943
target_page_id id: 2 tid 105943
0 1 tid 105943
128 4 tid 105943
365 2 tid 105943
216 tid 105943
Insert  tid 105943
FindTargetPageId rootid 3 tid 105943
target_page_id id: 2 tid 105943
0 1 tid 105943
128 4 tid 105943
365 2 tid 105943
216 tid 105943
Insert  tid 105943
FindTargetPageId rootid 3 tid 105942
target_page_id id: 2 tid 105942
0 1 tid 105942
128 4 tid 105942
365 2 tid 105942
216 tid 105942
Remove  tid 105942
FindTargetPageId rootid 3 tid 105942
target_page_id id: 2 tid 105942
0 1 tid 105942
128 4 tid 105942
365 2 tid 105942
216 tid 105942
Remove  tid 105942
FindTargetPageId rootid 3 tid 105942
target_page_id id: 2 tid 105942
0 1 tid 105942
128 4 tid 105942
365 2 tid 105942
216 tid 105942
Remove  tid 105942
FindTargetPageId rootid 3 tid 105942
target_page_id id: 2 tid 105942
0 1 tid 105942
128 4 tid 105942
365 2 tid 105942
216 tid 105942
Remove  tid 105942
FindTargetPageId rootid 3 tid 105942
target_page_id id: 2 tid 105942
0 1 tid 105942
128 4 tid 105942
365 2 tid 105942
216 tid 105942
Remove  tid 105942
FindTargetPageId rootid 3 tid 105942
target_page_id id: 2 tid 105942
0 1 tid 105942
128 4 tid 105942
365 2 tid 105942
216 tid 105942
Remove  tid 105942
FindTargetPageId rootid 3 tid 105942
target_page_id id: 2 tid 105942
0 1 tid 105942
128 4 tid 105942
365 2 tid 105942
216 tid 105942
Remove  tid 105942
FindTargetPageId rootid 3 tid 105942
target_page_id id: 2 tid 105942
0 1 tid 105942
128 4 tid 105942
365 2 tid 105942
216 tid 105942
Remove  tid 105942
FindTargetPageId rootid 3 tid 105942
target_page_id id: 2 tid 105942
0 1 tid 105942
128 4 tid 105942
365 2 tid 105942
216 tid 105942
Remove  tid 105942
FindTargetPageId rootid 3 tid 105942
target_page_id id: 2 tid 105942
0 1 tid 105942
128 4 tid 105942
365 2 tid 105942
216 tid 105942
Remove  tid 105942
FindTargetPageId rootid 3 tid 105942
target_page_id id: 2 tid 105942
0 1 tid 105942
128 4 tid 105942
365 2 tid 105942
216 tid 105942
Remove  tid 105942
FindTargetPageId rootid 3 tid 105941
target_page_id id: 2 tid 105941
0 1 tid 105941
128 4 tid 105941
365 2 tid 105941
216 tid 105941
Insert  tid 105941
FindTargetPageId rootid 3 tid 105943
target_page_id id: 2 tid 105943
0 1 tid 105943
128 4 tid 105943
365 2 tid 105943
217 tid 105943
Insert  tid 105943
FindTargetPageId rootid 3 tid 105943
target_page_id id: 2 tid 105943
0 1 tid 105943
128 4 tid 105943
365 2 tid 105943
217 tid 105943
Insert  tid 105943
FindTargetPageId rootid 3 tid 105943
target_page_id id: 2 tid 105943
0 1 tid 105943
128 4 tid 105943
365 2 tid 105943
217 tid 105943
Insert  tid 105943
FindTargetPageId rootid 3 tid 105943
target_page_id id: 2 tid 105943
0 1 tid 105943
128 4 tid 105943
365 2 tid 105943
217 tid 105943
Insert  tid 105943
FindTargetPageId rootid 3 tid 105943
target_page_id id: 2 tid 105943
0 1 tid 105943
128 4 tid 105943
365 2 tid 105943
217 tid 105943
Insert  tid 105943
FindTargetPageId rootid 3 tid 105943
target_page_id id: 2 tid 105943
0 1 tid 105943
128 4 tid 105943
365 2 tid 105943
217 tid 105943
Insert  tid 105943
FindTargetPageId rootid 3 tid 105943
target_page_id id: 2 tid 105943
0 1 tid 105943
128 4 tid 105943
365 2 tid 105943
217 tid 105943
Insert  tid 105943
FindTargetPageId rootid 3 tid 105943
target_page_id id: 2 tid 105943
0 1 tid 105943
128 4 tid 105943
365 2 tid 105943
218 tid 105943
Insert  tid 105943
FindTargetPageId rootid 3 tid 105943
target_page_id id: 2 tid 105943
0 1 tid 105943
128 4 tid 105943
365 2 tid 105943
219 tid 105943
Insert  tid 105943
FindTargetPageId rootid 3 tid 105943
target_page_id id: 2 tid 105943
0 1 tid 105943
128 4 tid 105943
365 2 tid 105943
220 tid 105943
Insert  tid 105943
FindTargetPageId rootid 3 tid 105943
target_page_id id: 2 tid 105943
0 1 tid 105943
128 4 tid 105943
365 2 tid 105943
221 tid 105943
Insert  tid 105943
FindTargetPageId rootid 3 tid 105943
target_page_id id: 2 tid 105943
0 1 tid 105943
128 4 tid 105943
365 2 tid 105943
222 tid 105943
Insert  tid 105943
FindTargetPageId rootid 3 tid 105941
target_page_id id: 2 tid 105941
0 1 tid 105941
128 4 tid 105941
365 2 tid 105941
223 tid 105941
Insert  tid 105941
FindTargetPageId rootid 3 tid 105942
target_page_id id: 2 tid 105942
0 1 tid 105942
128 4 tid 105942
365 2 tid 105942
223 tid 105942
Remove  tid 105942
FindTargetPageId rootid 3 tid 105942
target_page_id id: 2 tid 105942
0 1 tid 105942
128 4 tid 105942
365 2 tid 105942
223 tid 105942
Remove  tid 105942
FindTargetPageId rootid 3 tid 105942
target_page_id id: 2 tid 105942
0 1 tid 105942
128 4 tid 105942
365 2 tid 105942
223 tid 105942
Remove  tid 105942
FindTargetPageId rootid 3 tid 105942
target_page_id id: 2 tid 105942
0 1 tid 105942
128 4 tid 105942
365 2 tid 105942
223 tid 105942
Remove  tid 105942
FindTargetPageId rootid 3 tid 105942
target_page_id id: 2 tid 105942
0 1 tid 105942
128 4 tid 105942
365 2 tid 105942
223 tid 105942
Remove  tid 105942
FindTargetPageId rootid 3 tid 105942
target_page_id id: 2 tid 105942
0 1 tid 105942
128 4 tid 105942
365 2 tid 105942
223 tid 105942
Remove  tid 105942
FindTargetPageId rootid 3 tid 105942
target_page_id id: 2 tid 105942
0 1 tid 105942
128 4 tid 105942
365 2 tid 105942
223 tid 105942
Remove  tid 105942
FindTargetPageId rootid 3 tid 105942
target_page_id id: 2 tid 105942
0 1 tid 105942
128 4 tid 105942
365 2 tid 105942
223 tid 105942
Remove  tid 105942
FindTargetPageId rootid 3 tid 105942
target_page_id id: 2 tid 105942
0 1 tid 105942
128 4 tid 105942
365 2 tid 105942
223 tid 105942
Remove  tid 105942
FindTargetPageId rootid 3 tid 105942
target_page_id id: 2 tid 105942
0 1 tid 105942
128 4 tid 105942
365 2 tid 105942
223 tid 105942
Remove  tid 105942
FindTargetPageId rootid 3 tid 105942
target_page_id id: 2 tid 105942
0 1 tid 105942
128 4 tid 105942
365 2 tid 105942
223 tid 105942
Remove  tid 105942
FindTargetPageId rootid 3 tid 105942
target_page_id id: 2 tid 105942
0 1 tid 105942
128 4 tid 105942
365 2 tid 105942
223 tid 105942
Remove  tid 105942
FindTargetPageId rootid 3 tid 105943
target_page_id id: 2 tid 105943
0 1 tid 105943
128 4 tid 105943
365 2 tid 105943
223 tid 105943
Insert  tid 105943
FindTargetPageId rootid 3 tid 105941
target_page_id id: 2 tid 105941
0 1 tid 105941
128 4 tid 105941
365 2 tid 105941
224 tid 105941
Insert  tid 105941
FindTargetPageId rootid 3 tid 105942
target_page_id id: 2 tid 105942
0 1 tid 105942
128 4 tid 105942
365 2 tid 105942
224 tid 105942
Remove  tid 105942
FindTargetPageId rootid 3 tid 105942
target_page_id id: 2 tid 105942
0 1 tid 105942
128 4 tid 105942
365 2 tid 105942
224 tid 105942
Remove  tid 105942
FindTargetPageId rootid 3 tid 105943
target_page_id id: 2 tid 105943
0 1 tid 105943
128 4 tid 105943
365 2 tid 105943
224 tid 105943
Insert  tid 105943
FindTargetPageId rootid 3 tid 105943
target_page_id id: 2 tid 105943
0 1 tid 105943
128 4 tid 105943
365 2 tid 105943
225 tid 105943
Insert  tid 105943
FindTargetPageId rootid 3 tid 105942
target_page_id id: 2 tid 105942
0 1 tid 105942
128 4 tid 105942
365 2 tid 105942
226 tid 105942
Remove  tid 105942
FindTargetPageId rootid 3 tid 105942
target_page_id id: 2 tid 105942
0 1 tid 105942
128 4 tid 105942
365 2 tid 105942
226 tid 105942
Remove  tid 105942
FindTargetPageId rootid 3 tid 105942
target_page_id id: 2 tid 105942
0 1 tid 105942
128 4 tid 105942
365 2 tid 105942
226 tid 105942
Remove  tid 105942
FindTargetPageId rootid 3 tid 105942
target_page_id id: 2 tid 105942
0 1 tid 105942
128 4 tid 105942
365 2 tid 105942
226 tid 105942
Remove  tid 105942
FindTargetPageId rootid 3 tid 105942
target_page_id id: 2 tid 105942
0 1 tid 105942
128 4 tid 105942
365 2 tid 105942
226 tid 105942
Remove  tid 105942
FindTargetPageId rootid 3 tid 105942
target_page_id id: 2 tid 105942
0 1 tid 105942
128 4 tid 105942
365 2 tid 105942
226 tid 105942
Remove  tid 105942
FindTargetPageId rootid 3 tid 105941
target_page_id id: 2 tid 105941
0 1 tid 105941
128 4 tid 105941
365 2 tid 105941
226 tid 105941
Insert  tid 105941
FindTargetPageId rootid 3 tid 105943
target_page_id id: 2 tid 105943
0 1 tid 105943
128 4 tid 105943
365 2 tid 105943
226 tid 105943
Insert  tid 105943
FindTargetPageId rootid 3 tid 105942
target_page_id id: 2 tid 105942
0 1 tid 105942
128 4 tid 105942
365 2 tid 105942
227 tid 105942
Remove  tid 105942
FindTargetPageId rootid 3 tid 105941
target_page_id id: 2 tid 105941
0 1 tid 105941
128 4 tid 105941
365 2 tid 105941
227 tid 105941
Insert  tid 105941
FindTargetPageId rootid 3 tid 105943
target_page_id id: 2 tid 105943
0 1 tid 105943
128 4 tid 105943
365 2 tid 105943
227 tid 105943
Insert  tid 105943
FindTargetPageId rootid 3 tid 105942
target_page_id id: 2 tid 105942
0 1 tid 105942
128 4 tid 105942
365 2 tid 105942
228 tid 105942
Remove  tid 105942
FindTargetPageId rootid 3 tid 105941
target_page_id id: 2 tid 105941
0 1 tid 105941
128 4 tid 105941
365 2 tid 105941
228 tid 105941
Insert  tid 105941
FindTargetPageId rootid 3 tid 105943
target_page_id id: 2 tid 105943
0 1 tid 105943
128 4 tid 105943
365 2 tid 105943
228 tid 105943
Insert  tid 105943
FindTargetPageId rootid 3 tid 105942
target_page_id id: 2 tid 105942
0 1 tid 105942
128 4 tid 105942
365 2 tid 105942
229 tid 105942
Remove  tid 105942
FindTargetPageId rootid 3 tid 105941
target_page_id id: 2 tid 105941
0 1 tid 105941
128 4 tid 105941
365 2 tid 105941
229 tid 105941
Insert  tid 105941
FindTargetPageId rootid 3 tid 105943
target_page_id id: 2 tid 105943
0 1 tid 105943
128 4 tid 105943
365 2 tid 105943
229 tid 105943
Insert  tid 105943
FindTargetPageId rootid 3 tid 105942
target_page_id id: 2 tid 105942
0 1 tid 105942
128 4 tid 105942
365 2 tid 105942
230 tid 105942
Remove  tid 105942
FindTargetPageId rootid 3 tid 105941
target_page_id id: 2 tid 105941
0 1 tid 105941
128 4 tid 105941
365 2 tid 105941
230 tid 105941
Insert  tid 105941
FindTargetPageId rootid 3 tid 105941
target_page_id id: 2 tid 105941
0 1 tid 105941
128 4 tid 105941
365 2 tid 105941
230 tid 105941
Insert  tid 105941
FindTargetPageId rootid 3 tid 105942
target_page_id id: 2 tid 105942
0 1 tid 105942
128 4 tid 105942
365 2 tid 105942
230 tid 105942
Remove  tid 105942
FindTargetPageId rootid 3 tid 105943
target_page_id id: 2 tid 105943
0 1 tid 105943
128 4 tid 105943
365 2 tid 105943
230 tid 105943
Insert  tid 105943
FindTargetPageId rootid 3 tid 105941
target_page_id id: 2 tid 105941
0 1 tid 105941
128 4 tid 105941
365 2 tid 105941
231 tid 105941
Insert  tid 105941
FindTargetPageId rootid 3 tid 105942
target_page_id id: 2 tid 105942
0 1 tid 105942
128 4 tid 105942
365 2 tid 105942
231 tid 105942
Remove  tid 105942
FindTargetPageId rootid 3 tid 105943
target_page_id id: 2 tid 105943
0 1 tid 105943
128 4 tid 105943
365 2 tid 105943
231 tid 105943
Insert  tid 105943
FindTargetPageId rootid 3 tid 105941
target_page_id id: 2 tid 105941
0 1 tid 105941
128 4 tid 105941
365 2 tid 105941
232 tid 105941
Insert  tid 105941
FindTargetPageId rootid 3 tid 105941
target_page_id id: 2 tid 105941
0 1 tid 105941
128 4 tid 105941
365 2 tid 105941
232 tid 105941
Insert  tid 105941
FindTargetPageId rootid 3 tid 105942
target_page_id id: 2 tid 105942
0 1 tid 105942
128 4 tid 105942
365 2 tid 105942
232 tid 105942
Remove  tid 105942
FindTargetPageId rootid 3 tid 105943
target_page_id id: 2 tid 105943
0 1 tid 105943
128 4 tid 105943
365 2 tid 105943
232 tid 105943
Insert  tid 105943
FindTargetPageId rootid 3 tid 105941
target_page_id id: 2 tid 105941
0 1 tid 105941
128 4 tid 105941
365 2 tid 105941
233 tid 105941
Insert  tid 105941
FindTargetPageId rootid 3 tid 105942
target_page_id id: 2 tid 105942
0 1 tid 105942
128 4 tid 105942
365 2 tid 105942
233 tid 105942
Remove  tid 105942
FindTargetPageId rootid 3 tid 105943
target_page_id id: 2 tid 105943
0 1 tid 105943
128 4 tid 105943
365 2 tid 105943
233 tid 105943
Insert  tid 105943
FindTargetPageId rootid 3 tid 105941
target_page_id id: 2 tid 105941
0 1 tid 105941
128 4 tid 105941
365 2 tid 105941
234 tid 105941
Insert  tid 105941
FindTargetPageId rootid 3 tid 105942
target_page_id id: 2 tid 105942
0 1 tid 105942
128 4 tid 105942
365 2 tid 105942
234 tid 105942
Remove  tid 105942
FindTargetPageId rootid 3 tid 105942
target_page_id id: 2 tid 105942
0 1 tid 105942
128 4 tid 105942
365 2 tid 105942
234 tid 105942
Remove  tid 105942
FindTargetPageId rootid 3 tid 105941
target_page_id id: 2 tid 105941
0 1 tid 105941
128 4 tid 105941
365 2 tid 105941
234 tid 105941
Insert  tid 105941
FindTargetPageId rootid 3 tid 105941
target_page_id id: 2 tid 105941
0 1 tid 105941
128 4 tid 105941
365 2 tid 105941
234 tid 105941
Insert  tid 105941
FindTargetPageId rootid 3 tid 105941
target_page_id id: 2 tid 105941
0 1 tid 105941
128 4 tid 105941
365 2 tid 105941
234 tid 105941
Insert  tid 105941
FindTargetPageId rootid 3 tid 105943
target_page_id id: 2 tid 105943
0 1 tid 105943
128 4 tid 105943
365 2 tid 105943
234 tid 105943
Insert  tid 105943
FindTargetPageId rootid 3 tid 105943
target_page_id id: 2 tid 105943
0 1 tid 105943
128 4 tid 105943
365 2 tid 105943
235 tid 105943
Insert  tid 105943
FindTargetPageId rootid 3 tid 105941
target_page_id id: 2 tid 105941
0 1 tid 105941
128 4 tid 105941
365 2 tid 105941
236 tid 105941
Insert  tid 105941
FindTargetPageId rootid 3 tid 105942
target_page_id id: 2 tid 105942
0 1 tid 105942
128 4 tid 105942
365 2 tid 105942
236 tid 105942
Remove  tid 105942
FindTargetPageId rootid 3 tid 105943
target_page_id id: 2 tid 105943
0 1 tid 105943
128 4 tid 105943
365 2 tid 105943
236 tid 105943
Insert  tid 105943
FindTargetPageId rootid 3 tid 105941
target_page_id id: 2 tid 105941
0 1 tid 105941
128 4 tid 105941
365 2 tid 105941
237 tid 105941
Insert  tid 105941
FindTargetPageId rootid 3 tid 105942
target_page_id id: 2 tid 105942
0 1 tid 105942
128 4 tid 105942
365 2 tid 105942
237 tid 105942
Remove  tid 105942
FindTargetPageId rootid 3 tid 105942
target_page_id id: 2 tid 105942
0 1 tid 105942
128 4 tid 105942
365 2 tid 105942
237 tid 105942
Remove  tid 105942
FindTargetPageId rootid 3 tid 105941
target_page_id id: 2 tid 105941
0 1 tid 105941
128 4 tid 105941
365 2 tid 105941
237 tid 105941
Insert  tid 105941
FindTargetPageId rootid 3 tid 105943
target_page_id id: 2 tid 105943
0 1 tid 105943
128 4 tid 105943
365 2 tid 105943
237 tid 105943
Insert  tid 105943
FindTargetPageId rootid 3 tid 105942
target_page_id id: 2 tid 105942
0 1 tid 105942
128 4 tid 105942
365 2 tid 105942
238 tid 105942
Remove  tid 105942
FindTargetPageId rootid 3 tid 105941
target_page_id id: 2 tid 105941
0 1 tid 105941
128 4 tid 105941
365 2 tid 105941
238 tid 105941
Insert  tid 105941
FindTargetPageId rootid 3 tid 105943
target_page_id id: 2 tid 105943
0 1 tid 105943
128 4 tid 105943
365 2 tid 105943
238 tid 105943
Insert  tid 105943
FindTargetPageId rootid 3 tid 105942
target_page_id id: 2 tid 105942
0 1 tid 105942
128 4 tid 105942
365 2 tid 105942
239 tid 105942
Remove  tid 105942
FindTargetPageId rootid 3 tid 105941
target_page_id id: 2 tid 105941
0 1 tid 105941
128 4 tid 105941
365 2 tid 105941
239 tid 105941
Insert  tid 105941
FindTargetPageId rootid 3 tid 105943
target_page_id id: 2 tid 105943
0 1 tid 105943
128 4 tid 105943
365 2 tid 105943
239 tid 105943
Insert  tid 105943
FindTargetPageId rootid 3 tid 105942
target_page_id id: 2 tid 105942
0 1 tid 105942
128 4 tid 105942
365 2 tid 105942
240 tid 105942
Remove  tid 105942
FindTargetPageId rootid 3 tid 105942
target_page_id id: 2 tid 105942
0 1 tid 105942
128 4 tid 105942
365 2 tid 105942
240 tid 105942
Remove  tid 105942
FindTargetPageId rootid 3 tid 105943
target_page_id id: 2 tid 105943
0 1 tid 105943
128 4 tid 105943
365 2 tid 105943
240 tid 105943
Insert  tid 105943
FindTargetPageId rootid 3 tid 105941
target_page_id id: 2 tid 105941
0 1 tid 105941
128 4 tid 105941
365 2 tid 105941
241 tid 105941
Insert  tid 105941
FindTargetPageId rootid 3 tid 105941
target_page_id id: 2 tid 105941
0 1 tid 105941
128 4 tid 105941
365 2 tid 105941
241 tid 105941
Insert  tid 105941
FindTargetPageId rootid 3 tid 105941
target_page_id id: 2 tid 105941
0 1 tid 105941
128 4 tid 105941
365 2 tid 105941
241 tid 105941
Insert  tid 105941
FindTargetPageId rootid 3 tid 105942
target_page_id id: 2 tid 105942
0 1 tid 105942
128 4 tid 105942
365 2 tid 105942
241 tid 105942
Remove  tid 105942
FindTargetPageId rootid 3 tid 105943
target_page_id id: 2 tid 105943
0 1 tid 105943
128 4 tid 105943
365 2 tid 105943
241 tid 105943
Insert  tid 105943
FindTargetPageId rootid 3 tid 105941
target_page_id id: 2 tid 105941
0 1 tid 105941
128 4 tid 105941
365 2 tid 105941
242 tid 105941
Insert  tid 105941
FindTargetPageId rootid 3 tid 105941
target_page_id id: 2 tid 105941
0 1 tid 105941
128 4 tid 105941
365 2 tid 105941
242 tid 105941
Insert  tid 105941
FindTargetPageId rootid 3 tid 105941
target_page_id id: 2 tid 105941
0 1 tid 105941
128 4 tid 105941
365 2 tid 105941
243 tid 105941
FindTargetPageId rootid 3 tid 105942
target_page_id id: 2 tid 105942
0 1 tid 105942
128 4 tid 105942
365 2 tid 105942
244 tid 105942
Insert  tid 105941
FindTargetPageId rootid 3 tid 105943
target_page_id id: 2 tid 105943
0 1 tid 105943
128 4 tid 105943
365 2 tid 105943
244 tid 105943
Remove  tid 105942
Insert  tid 105943
FindTargetPageId rootid 3 tid 105942
target_page_id id: 2 tid 105942
0 1 tid 105942
128 4 tid 105942
365 2 tid 105942
244 tid 105942
Remove  tid 105942
FindTargetPageId rootid 3 tid 105941
target_page_id id: 2 tid 105941
0 1 tid 105941
128 4 tid 105941
365 2 tid 105941
244 tid 105941
Insert  tid 105941
FindTargetPageId rootid 3 tid 105943
target_page_id id: 2 tid 105943
0 1 tid 105943
128 4 tid 105943
365 2 tid 105943
245 tid 105943
FindTargetPageId rootid 3 tid 105942
target_page_id id: Insert 2 tid 105942
0 1 tid 105942
128 4 tid 105942
365 2 tid 105942
 tid 105943
245 tid 105942
Remove  tid 105942
FindTargetPageId rootid 3 tid 105941
target_page_id id: 2 tid 105941
0 1 tid 105941
128 4 tid 105941
365 2 tid 105941
245 tid 105941
Insert  tid 105941
FindTargetPageId rootid 3 tid 105943
target_page_id id: 2 tid 105943
0 1 tid 105943
128 4 tid 105943
365 2 tid 105943
246 tid 105943
Insert  tid 105943
FindTargetPageId rootid 3 tid 105943
target_page_id id: 2 tid 105943
0 1 tid 105943
128 4 tid 105943
365 2 tid 105943
246 tid 105943
Insert  tid 105943
FindTargetPageId rootid 3 tid 105943
target_page_id id: 2 tid 105943
0 1 tid 105943
128 4 tid 105943
365 2 tid 105943
246 tid 105943
Insert  tid 105943
FindTargetPageId rootid 3 tid 105943
target_page_id id: 2 tid 105943
0 1 tid 105943
128 4 tid 105943
365 2 tid 105943
247 tid 105943
Insert  tid 105943
FindTargetPageId rootid 3 tid 105943
target_page_id id: 2 tid 105943
0 1 tid 105943
128 4 tid 105943
365 2 tid 105943
248 tid 105943
Insert  tid 105943
FindTargetPageId rootid 3 tid 105942
target_page_id id: 2 tid 105942
0 1 tid 105942
128 4 tid 105942
365 2 tid 105942
249 tid 105942
Remove  tid 105942
FindTargetPageId rootid 3 tid 105941
target_page_id id: 2 tid 105941
0 1 tid 105941
128 4 tid 105941
365 2 tid 105941
249 tid 105941
Insert  tid 105941
FindTargetPageId rootid 3 tid 105943
target_page_id id: 2 tid 105943
0 1 tid 105943
128 4 tid 105943
365 2 tid 105943
249 tid 105943
Insert  tid 105943
FindTargetPageId rootid 3 tid 105942
target_page_id id: 2 tid 105942
0 1 tid 105942
128 4 tid 105942
365 2 tid 105942
250 tid 105942
Remove  tid 105942
FindTargetPageId rootid 3 tid 105941
target_page_id id: 2 tid 105941
0 1 tid 105941
128 4 tid 105941
365 2 tid 105941
250 tid 105941
Insert  tid 105941
FindTargetPageId rootid 3 tid 105943
target_page_id id: 2 tid 105943
0 1 tid 105943
128 4 tid 105943
365 2 tid 105943
250 tid 105943
Insert  tid 105943
FindTargetPageId rootid 3 tid 105942
target_page_id id: 2 tid 105942
0 1 tid 105942
128 4 tid 105942
365 2 tid 105942
251 tid 105942
Remove  tid 105942
FindTargetPageId rootid 3 tid 105941
target_page_id id: 2 tid 105941
0 1 tid 105941
128 4 tid 105941
365 2 tid 105941
251 tid 105941
Insert  tid 105941
FindTargetPageId rootid 3 tid 105943
target_page_id id: 2 tid 105943
0 1 tid 105943
128 4 tid 105943
365 2 tid 105943
251 tid 105943
Insert  tid 105943
FindTargetPageId rootid 3 tid 105942
target_page_id id: 2 tid 105942
0 1 tid 105942
128 4 tid 105942
365 2 tid 105942
252 tid 105942
Remove  tid 105942
FindTargetPageId rootid 3 tid 105941
target_page_id id: 2 tid 105941
0 1 tid 105941
128 4 tid 105941
365 2 tid 105941
252 tid 105941
Insert  tid 105941
FindTargetPageId rootid 3 tid 105941
target_page_id id: 2 tid 105941
0 1 tid 105941
128 4 tid 105941
365 2 tid 105941
252 tid 105941
Insert  tid 105941
FindTargetPageId rootid 3 tid 105941
target_page_id id: 2 tid 105941
0 1 tid 105941
128 4 tid 105941
365 2 tid 105941
252 tid 105941
Insert  tid 105941
FindTargetPageId rootid 3 tid 105942
target_page_id id: 2 tid 105942
0 1 tid 105942
128 4 tid 105942
365 2 tid 105942
252 tid 105942
Remove  tid 105942
FindTargetPageId rootid 3 tid 105942
target_page_id id: 2 tid 105942
0 1 tid 105942
128 4 tid 105942
365 2 tid 105942
252 tid 105942
Remove  tid 105942
FindTargetPageId rootid 3 tid 105942
target_page_id id: 2 tid 105942
0 1 tid 105942
128 4 tid 105942
365 2 tid 105942
252 tid 105942
Remove  tid 105942
FindTargetPageId rootid 3 tid 105942
target_page_id id: 2 tid 105942
0 1 tid 105942
128 4 tid 105942
365 2 tid 105942
252 tid 105942
Remove  tid 105942
FindTargetPageId rootid 3 tid 105943
target_page_id id: 2 tid 105943
0 1 tid 105943
128 4 tid 105943
365 2 tid 105943
252 tid 105943
Insert  tid 105943
FindTargetPageId rootid 3 tid 105941
target_page_id id: 2 tid 105941
0 1 tid 105941
128 4 tid 105941
365 2 tid 105941
253 tid 105941
Insert  tid 105941
FindTargetPageId rootid 3 tid 105942
target_page_id id: 2 tid 105942
0 1 tid 105942
128 4 tid 105942
365 2 tid 105942
253 tid 105942
Remove  tid 105942
FindTargetPageId rootid 3 tid 105942
target_page_id id: 2 tid 105942
0 1 tid 105942
128 4 tid 105942
365 2 tid 105942
253 tid 105942
FindTargetPageId rootid 3 tid 105941
target_page_id id: 2 tid 105941
0 1 tid 105941
128 4 tid 105941
365 2 tid 105941
253 tid 105941
Remove  tid Insert 105942 tid 
105941
FindTargetPageId rootid 3 tid 105943
target_page_id id: 2 tid 105943
0 1 tid 105943
128 4 tid 105943
365 2 tid 105943
254 tid 105943
Insert  tid 105943
FindTargetPageId rootid 3 tid 105942
target_page_id id: 2 tid 105942
0 1 tid 105942
128 4 tid 105942
365 2 tid 105942
254 tid 105942
Remove  tid 105942
FindTargetPageId rootid 3 tid 105941
target_page_id id: 2 tid 105941
0 1 tid 105941
128 4 tid 105941
365 2 tid 105941
254 tid 105941
Insert  tid 105941
FindTargetPageId rootid 3 tid 105943
target_page_id id: 5 tid 105943
0 1 tid 105943
128 4 tid 105943
365 2 tid 105943
492 5 tid 105943
128 tid 105943
Insert  tid 105943
FindTargetPageId rootid 3 tid 105942
target_page_id id: 5 tid 105942
0 1 tid 105942
128 4 tid 105942
365 2 tid 105942
492 5 tid 105942
128 tid 105942
FindTargetPageId rootid 3 tid 105941
target_page_id id: 5 tid 105941
0 1 tid 105941
128 4 tid 105941
365 2 tid 105941
492 5 tid 105941
128 tid 105941
Insert  tid 105941
FindTargetPageId rootid 3 tid 105941
target_page_id id: 5 tid 105941
0 1 tid 105941
128 4 tid 105941
365 2 tid 105941
492 5 tid 105941
129 tid 105941
Remove  tid 105942
Insert  tid 105941
FindTargetPageId rootid 3 tid 105943
target_page_id id: 5 tid 105943
0 1 tid 105943
128 4 tid 105943
365 2 tid 105943
492 5 tid 105943
130 tid 105943
Insert  tid 105943
FindTargetPageId rootid 3 tid 105942
target_page_id id: 5 tid 105942
0 1 tid 105942
128 4 tid 105942
365 2 tid 105942
492 5 tid 105942
130 tid 105942
Remove  tid 105942
FindTargetPageId rootid 3 tid 105941
target_page_id id: 5 tid 105941
0 1 tid 105941
128 4 tid 105941
365 2 tid 105941
492 5 tid 105941
130 tid 105941
Insert  tid 105941
FindTargetPageId rootid 3 tid 105943
target_page_id id: 5 tid 105943
0 1 tid 105943
128 4 tid 105943
365 2 tid 105943
492 5 tid 105943
131 tid 105943
Insert  tid 105943
FindTargetPageId rootid 3 tid 105942
target_page_id id: 5 tid 105942
0 1 tid 105942
128 4 tid 105942
365 2 tid 105942
492 5 tid 105942
131 tid 105942
Remove  tid 105942
FindTargetPageId rootid 3 tid 105941
target_page_id id: 5 tid 105941
0 1 tid 105941
128 4 tid 105941
365 2 tid 105941
492 5 tid 105941
131 tid 105941
Insert  tid 105941
FindTargetPageId rootid 3 tid 105943
target_page_id id: 5 tid 105943
0 1 tid 105943
128 4 tid 105943
365 2 tid 105943
492 5 tid 105943
132 tid 105943
Insert  tid 105943
FindTargetPageId rootid 3 tid 105942
target_page_id id: 5 tid 105942
0 1 tid 105942
128 4 tid 105942
365 2 tid 105942
492 5 tid 105942
132 tid 105942
Remove  tid 105942
FindTargetPageId rootid 3 tid 105942
target_page_id id: 5 tid 105942
0 1 tid 105942
128 4 tid 105942
365 2 tid 105942
492 5 tid 105942
132 tid 105942
Remove  tid 105942
FindTargetPageId rootid 3 tid 105943
target_page_id id: 5 tid 105943
0 1 tid 105943
128 4 tid 105943
365 2 tid 105943
492 5 tid 105943
132 tid 105943
Insert  tid 105943
FindTargetPageId rootid 3 tid 105941
target_page_id id: 5 tid 105941
0 1 tid 105941
128 4 tid 105941
365 2 tid 105941
492 5 tid 105941
132 tid 105941
Insert  tid 105941
FindTargetPageId rootid 3 tid 105942
target_page_id id: 5 tid 105942
0 1 tid 105942
128 4 tid 105942
365 2 tid 105942
492 5 tid 105942
133 tid 105942
Remove  tid 105942
FindTargetPageId rootid 3 tid 105943
target_page_id id: 5 tid 105943
0 1 tid 105943
128 4 tid 105943
365 2 tid 105943
492 5 tid 105943
133 tid 105943
Insert  tid 105943
FindTargetPageId rootid 3 tid 105941
target_page_id id: 5 tid 105941
0 1 tid 105941
128 4 tid 105941
365 2 tid 105941
492 5 tid 105941
133 tid 105941
Insert  tid 105941
FindTargetPageId rootid 3 tid 105942
target_page_id id: 5 tid 105942
0 1 tid 105942
128 4 tid 105942
365 2 tid 105942
492 5 tid 105942
134 tid 105942
Remove  tid 105942
FindTargetPageId rootid 3 tid 105943
target_page_id id: 5 tid 105943
0 1 tid 105943
128 4 tid 105943
365 2 tid 105943
492 5 tid 105943
134 tid 105943
Insert  tid 105943
FindTargetPageId rootid 3 tid 105941
target_page_id id: 5 tid 105941
0 1 tid 105941
128 4 tid 105941
365 2 tid 105941
492 5 tid 105941
134 tid 105941
Insert  tid 105941
FindTargetPageId rootid 3 tid 105942
target_page_id id: 5 tid 105942
0 1 tid 105942
128 4 tid 105942
365 2 tid 105942
492 5 tid 105942
135 tid 105942
Remove  tid 105942
FindTargetPageId rootid 3 tid 105943
target_page_id id: 5 tid 105943
0 1 tid 105943
128 4 tid 105943
365 2 tid 105943
492 5 tid 105943
135 tid 105943
Insert  tid 105943
FindTargetPageId rootid 3 tid 105941
target_page_id id: 5 tid 105941
0 1 tid 105941
128 4 tid 105941
365 2 tid 105941
492 5 tid 105941
135 tid 105941
Insert  tid 105941
FindTargetPageId rootid 3 tid 105942
target_page_id id: 5 tid 105942
0 1 tid 105942
128 4 tid 105942
365 2 tid 105942
492 5 tid 105942
136 tid 105942
Remove  tid 105942
FindTargetPageId rootid 3 tid 105943
target_page_id id: 5 tid 105943
0 1 tid 105943
128 4 tid 105943
365 2 tid 105943
492 5 tid 105943
136 tid 105943
Insert  tid 105943
FindTargetPageId rootid 3 tid 105941
target_page_id id: 5 tid 105941
0 1 tid 105941
128 4 tid 105941
365 2 tid 105941
492 5 tid 105941
136 tid 105941
Insert  tid 105941
FindTargetPageId rootid 3 tid 105942
target_page_id id: 5 tid 105942
0 1 tid 105942
128 4 tid 105942
365 2 tid 105942
492 5 tid 105942
137 tid 105942
Remove  tid 105942
FindTargetPageId rootid 3 tid 105943
target_page_id id: 5 tid 105943
0 1 tid 105943
128 4 tid 105943
365 2 tid 105943
492 5 tid 105943
137 tid 105943
Insert  tid 105943
FindTargetPageId rootid 3 tid 105941
target_page_id id: 5 tid 105941
0 1 tid 105941
128 4 tid 105941
365 2 tid 105941
492 5 tid 105941
137 tid 105941
Insert  tid 105941
FindTargetPageId rootid 3 tid 105942
target_page_id id: 5 tid 105942
0 1 tid 105942
128 4 tid 105942
365 2 tid 105942
492 5 tid 105942
138 tid 105942
Remove  tid 105942
FindTargetPageId rootid 3 tid 105943
target_page_id id: 5 tid 105943
0 1 tid 105943
128 4 tid 105943
365 2 tid 105943
492 5 tid 105943
138 tid 105943
Insert  tid 105943
FindTargetPageId rootid 3 tid 105943
target_page_id id: 5 tid 105943
0 1 tid 105943
128 4 tid 105943
365 2 tid 105943
492 5 tid 105943
138 tid 105943
Insert  tid 105943
FindTargetPageId rootid 3 tid 105942
target_page_id id: 5 tid 105942
0 1 tid 105942
128 4 tid 105942
365 2 tid 105942
492 5 tid 105942
139 tid 105942
Remove  tid 105942
FindTargetPageId rootid 3 tid 105941
target_page_id id: 5 tid 105941
0 1 tid 105941
128 4 tid 105941
365 2 tid 105941
492 5 tid 105941
139 tid 105941
Insert  tid 105941
FindTargetPageId rootid 3 tid 105943
target_page_id id: 5 tid 105943
0 1 tid 105943
128 4 tid 105943
365 2 tid 105943
492 5 tid 105943
139 tid 105943
Insert  tid 105943
FindTargetPageId rootid 3 tid 105943
target_page_id id: 5 tid 105943
0 1 tid 105943
128 4 tid 105943
365 2 tid 105943
492 5 tid 105943
140 tid 105943
Insert  tid 105943
FindTargetPageId rootid 3 tid 105943
target_page_id id: 5 tid 105943
0 1 tid 105943
128 4 tid 105943
365 2 tid 105943
492 5 tid 105943
141 tid 105943
Insert  tid 105943
FindTargetPageId rootid 3 tid 105942
target_page_id id: 5 tid 105942
0 1 tid 105942
128 4 tid 105942
365 2 tid 105942
492 5 tid 105942
142 tid 105942
Remove  tid 105942
FindTargetPageId rootid 3 tid 105942
target_page_id id: 5 tid 105942
0 1 tid 105942
128 4 tid 105942
365 2 tid 105942
492 5 tid 105942
142 tid 105942
Remove  tid 105942
FindTargetPageId rootid 3 tid 105943
target_page_id id: 5 tid 105943
0 1 tid 105943
128 4 tid 105943
365 2 tid 105943
492 5 tid 105943
142 tid 105943
Insert  tid 105943
FindTargetPageId rootid 3 tid 105941
target_page_id id: 5 tid 105941
0 1 tid 105941
128 4 tid 105941
365 2 tid 105941
492 5 tid 105941
143 tid 105941
Insert  tid 105941
FindTargetPageId rootid 3 tid 105941
target_page_id id: 5 tid 105941
0 1 tid 105941
128 4 tid 105941
365 2 tid 105941
492 5 tid 105941
143 tid 105941
Insert  tid 105941
FindTargetPageId rootid 3 tid 105943
target_page_id id: 5 tid 105943
0 1 tid 105943
128 4 tid 105943
365 2 tid 105943
492 5 tid 105943
143 tid 105943
Insert  tid 105943
FindTargetPageId rootid 3 tid 105942
target_page_id id: 5 tid 105942
0 1 tid 105942
128 4 tid 105942
365 2 tid 105942
492 5 tid 105942
144 tid 105942
Remove  tid 105942
FindTargetPageId rootid 3 tid 105941
target_page_id id: 5 tid 105941
0 1 tid 105941
128 4 tid 105941
365 2 tid 105941
492 5 tid 105941
144 tid 105941
Insert  tid 105941
FindTargetPageId rootid 3 tid 105943
target_page_id id: 5 tid 105943
0 1 tid 105943
128 4 tid 105943
365 2 tid 105943
492 5 tid 105943
144 tid 105943
Insert  tid 105943
FindTargetPageId rootid 3 tid 105942
target_page_id id: 5 tid 105942
0 1 tid 105942
128 4 tid 105942
365 2 tid 105942
492 5 tid 105942
145 tid 105942
Remove  tid 105942
FindTargetPageId rootid 3 tid 105941
target_page_id id: 5 tid 105941
0 1 tid 105941
128 4 tid 105941
365 2 tid 105941
492 5 tid 105941
145 tid 105941
Insert  tid 105941
FindTargetPageId rootid 3 tid 105943
target_page_id id: 5 tid 105943
0 1 tid 105943
128 4 tid 105943
365 2 tid 105943
492 5 tid 105943
145 tid 105943
Insert  tid 105943
FindTargetPageId rootid 3 tid 105942
target_page_id id: 5 tid 105942
0 1 tid 105942
128 4 tid 105942
365 2 tid 105942
492 5 tid 105942
146 tid 105942
Remove  tid 105942
FindTargetPageId rootid 3 tid 105941
target_page_id id: 5 tid 105941
0 1 tid 105941
128 4 tid 105941
365 2 tid 105941
492 5 tid 105941
146 tid 105941
Insert  tid 105941
FindTargetPageId rootid 3 tid 105943
target_page_id id: 5 tid 105943
0 1 tid 105943
128 4 tid 105943
365 2 tid 105943
492 5 tid 105943
146 tid 105943
Insert  tid 105943
FindTargetPageId rootid 3 tid 105942
target_page_id id: 5 tid 105942
0 1 tid 105942
128 4 tid 105942
365 2 tid 105942
492 5 tid 105942
147 tid 105942
Remove  tid 105942
FindTargetPageId rootid 3 tid 105941
target_page_id id: 5 tid 105941
0 1 tid 105941
128 4 tid 105941
365 2 tid 105941
492 5 tid 105941
147 tid 105941
Insert  tid 105941
FindTargetPageId rootid 3 tid 105943
target_page_id id: 5 tid 105943
0 1 tid 105943
128 4 tid 105943
365 2 tid 105943
492 5 tid 105943
147 tid 105943
Insert  tid 105943
FindTargetPageId rootid 3 tid 105942
target_page_id id: 5 tid 105942
0 1 tid 105942
128 4 tid 105942
365 2 tid 105942
492 5 tid 105942
148 tid 105942
Remove  tid 105942
FindTargetPageId rootid 3 tid 105941
target_page_id id: 5 tid 105941
0 1 tid 105941
128 4 tid 105941
365 2 tid 105941
492 5 tid 105941
148 tid 105941
Insert  tid 105941
FindTargetPageId rootid 3 tid 105943
target_page_id id: 5 tid 105943
0 1 tid 105943
128 4 tid 105943
365 2 tid 105943
492 5 tid 105943
148 tid 105943
Insert  tid 105943
FindTargetPageId rootid 3 tid 105942
target_page_id id: 5 tid 105942
0 1 tid 105942
128 4 tid 105942
365 2 tid 105942
492 5 tid 105942
149 tid 105942
Remove  tid 105942
FindTargetPageId rootid 3 tid 105941
target_page_id id: 5 tid 105941
0 1 tid 105941
128 4 tid 105941
365 2 tid 105941
492 5 tid 105941
149 tid 105941
Insert  tid 105941
FindTargetPageId rootid 3 tid 105943
target_page_id id: 5 tid 105943
0 1 tid 105943
128 4 tid 105943
365 2 tid 105943
492 5 tid 105943
149 tid 105943
Insert  tid 105943
FindTargetPageId rootid 3 tid 105942
target_page_id id: 5 tid 105942
0 1 tid 105942
128 4 tid 105942
365 2 tid 105942
492 5 tid 105942
150 tid 105942
Remove  tid 105942
FindTargetPageId rootid 3 tid 105941
target_page_id id: 5 tid 105941
0 1 tid 105941
128 4 tid 105941
365 2 tid 105941
492 5 tid 105941
150 tid 105941
Insert  tid 105941
FindTargetPageId rootid 3 tid 105943
target_page_id id: 5 tid 105943
0 1 tid 105943
128 4 tid 105943
365 2 tid 105943
492 5 tid 105943
150 tid 105943
Insert  tid 105943
FindTargetPageId rootid 3 tid 105942
target_page_id id: 5 tid 105942
0 1 tid 105942
128 4 tid 105942
365 2 tid 105942
492 5 tid 105942
151 tid 105942
Remove  tid 105942
FindTargetPageId rootid 3 tid 105941
target_page_id id: 5 tid 105941
0 1 tid 105941
128 4 tid 105941
365 2 tid 105941
492 5 tid 105941
151 tid 105941
Insert  tid 105941
FindTargetPageId rootid 3 tid 105941
target_page_id id: 5 tid 105941
0 1 tid 105941
128 4 tid 105941
365 2 tid 105941
492 5 tid 105941
151 tid 105941
Insert  tid 105941
FindTargetPageId rootid 3 tid 105942
target_page_id id: 5 tid 105942
0 1 tid 105942
128 4 tid 105942
365 2 tid 105942
492 5 tid 105942
151 tid 105942
Remove  tid 105942
FindTargetPageId rootid 3 tid 105943
target_page_id id: 5 tid 105943
0 1 tid 105943
128 4 tid 105943
365 2 tid 105943
492 5 tid 105943
151 tid 105943
Insert  tid 105943
FindTargetPageId rootid 3 tid 105941
target_page_id id: 5 tid 105941
0 1 tid 105941
128 4 tid 105941
365 2 tid 105941
492 5 tid 105941
152 tid 105941
Insert  tid 105941
FindTargetPageId rootid 3 tid 105941
target_page_id id: 5 tid 105941
0 1 tid 105941
128 4 tid 105941
365 2 tid 105941
492 5 tid 105941
152 tid 105941
Insert  tid 105941
FindTargetPageId rootid 3 tid 105943
target_page_id id: 5 tid 105943
0 1 tid 105943
128 4 tid 105943
365 2 tid 105943
492 5 tid 105943
152 tid 105943
Insert  tid 105943
FindTargetPageId rootid 3 tid 105942
target_page_id id: 5 tid 105942
0 1 tid 105942
128 4 tid 105942
365 2 tid 105942
492 5 tid 105942
153 tid 105942
Remove  tid 105942
FindTargetPageId rootid 3 tid 105941
target_page_id id: 5 tid 105941
0 1 tid 105941
128 4 tid 105941
365 2 tid 105941
492 5 tid 105941
153 tid 105941
Insert  tid 105941
FindTargetPageId rootid 3 tid 105941
target_page_id id: 5 tid 105941
0 1 tid 105941
128 4 tid 105941
365 2 tid 105941
492 5 tid 105941
153 tid 105941
Insert  tid 105941
FindTargetPageId rootid 3 tid 105942
target_page_id id: 5 tid 105942
0 1 tid 105942
128 4 tid 105942
365 2 tid 105942
492 5 tid 105942
154 tid 105942
Remove  tid 105942
FindTargetPageId rootid 3 tid 105942
target_page_id id: 5 tid 105942
0 1 tid 105942
128 4 tid 105942
365 2 tid 105942
492 5 tid 105942
154 tid 105942
Remove  tid 105942
FindTargetPageId rootid 3 tid 105942
target_page_id id: 5 tid 105942
0 1 tid 105942
128 4 tid 105942
365 2 tid 105942
492 5 tid 105942
154 tid 105942
Remove  tid 105942
FindTargetPageId rootid 3 tid 105943
target_page_id id: 5 tid 105943
0 1 tid 105943
128 4 tid 105943
365 2 tid 105943
492 5 tid 105943
154 tid 105943
Insert  tid 105943
FindTargetPageId rootid 3 tid 105941
target_page_id id: 5 tid 105941
0 1 tid 105941
128 4 tid 105941
365 2 tid 105941
492 5 tid 105941
154 tid 105941
Insert  tid 105941
FindTargetPageId rootid 3 tid 105942
target_page_id id: 5 tid 105942
0 1 tid 105942
128 4 tid 105942
365 2 tid 105942
492 5 tid 105942
155 tid 105942
Remove  tid 105942
FindTargetPageId rootid 3 tid 105942
target_page_id id: 5 tid 105942
0 1 tid 105942
128 4 tid 105942
365 2 tid 105942
492 5 tid 105942
155 tid 105942
Remove  tid 105942
FindTargetPageId rootid 3 tid 105941
target_page_id id: 5 tid 105941
0 1 tid 105941
128 4 tid 105941
365 2 tid 105941
492 5 tid 105941
155 tid 105941
Insert  tid 105941
FindTargetPageId rootid 3 tid 105943
target_page_id id: 5 tid 105943
0 1 tid 105943
128 4 tid 105943
365 2 tid 105943
492 5 tid 105943
156 tid 105943
FindTargetPageId rootid 3 tid 105942
Insert  tid 105943
target_page_id id: 5 tid 105942
0 1 tid 105942
128 4 tid 105942
365 2 tid 105942
492 5 tid 105942
156 tid 105942
Remove  tid 105942
FindTargetPageId rootid 3 tid 105941
target_page_id id: 5 tid 105941
0 1 tid 105941
128 4 tid 105941
365 2 tid 105941
492 5 tid 105941
156 tid 105941
Insert  tid 105941
FindTargetPageId rootid 3 tid 105941
target_page_id id: 5 tid 105941
0 1 tid 105941
128 4 tid 105941
365 2 tid 105941
492 5 tid 105941
157 tid 105941
Insert  tid 105941
FindTargetPageId rootid 3 tid 105942
target_page_id id: 5 tid 105942
0 1 tid 105942
128 4 tid 105942
365 2 tid 105942
492 5 tid 105942
158 tid 105942
Remove  tid 105942
FindTargetPageId rootid 3 tid 105943
target_page_id id: 5 tid 105943
0 1 tid 105943
128 4 tid 105943
365 2 tid 105943
492 5 tid 105943
158 tid 105943
Insert  tid 105943
FindTargetPageId rootid 3 tid 105941
target_page_id id: 5 tid 105941
0 1 tid 105941
128 4 tid 105941
365 2 tid 105941
492 5 tid 105941
158 tid 105941
Insert  tid 105941
FindTargetPageId rootid 3 tid 105942
target_page_id id: 5 tid 105942
0 1 tid 105942
128 4 tid 105942
365 2 tid 105942
492 5 tid 105942
159 tid 105942
Remove  tid 105942
FindTargetPageId rootid 3 tid 105942
target_page_id id: 5 tid 105942
0 1 tid 105942
128 4 tid 105942
365 2 tid 105942
492 5 tid 105942
159 tid 105942
Remove  tid 105942
FindTargetPageId rootid 3 tid 105942
target_page_id id: 5 tid 105942
0 1 tid 105942
128 4 tid 105942
365 2 tid 105942
492 5 tid 105942
159 tid 105942
Remove  tid 105942
FindTargetPageId rootid 3 tid 105942
target_page_id id: 5 tid 105942
0 1 tid 105942
128 4 tid 105942
365 2 tid 105942
492 5 tid 105942
159 tid 105942
Remove  tid 105942
FindTargetPageId rootid 3 tid 105942
target_page_id id: 5 tid 105942
0 1 tid 105942
128 4 tid 105942
365 2 tid 105942
492 5 tid 105942
159 tid 105942
Remove  tid 105942
FindTargetPageId rootid 3 tid 105942
target_page_id id: 5 tid 105942
0 1 tid 105942
128 4 tid 105942
365 2 tid 105942
492 5 tid 105942
159 tid 105942
Remove  tid 105942
FindTargetPageId rootid 3 tid 105942
target_page_id id: 5 tid 105942
0 1 tid 105942
128 4 tid 105942
365 2 tid 105942
492 5 tid 105942
159 tid 105942
Remove  tid 105942
FindTargetPageId rootid 3 tid 105942
target_page_id id: 5 tid 105942
0 1 tid 105942
128 4 tid 105942
365 2 tid 105942
492 5 tid 105942
159 tid 105942
Remove  tid 105942
FindTargetPageId rootid 3 tid 105942
target_page_id id: 5 tid 105942
0 1 tid 105942
128 4 tid 105942
365 2 tid 105942
492 5 tid 105942
159 tid 105942
Remove  tid 105942
FindTargetPageId rootid 3 tid 105942
target_page_id id: 5 tid 105942
0 1 tid 105942
128 4 tid 105942
365 2 tid 105942
492 5 tid 105942
159 tid 105942
Remove  tid 105942
FindTargetPageId rootid 3 tid 105942
target_page_id id: 5 tid 105942
0 1 tid 105942
128 4 tid 105942
365 2 tid 105942
492 5 tid 105942
159 tid 105942
Remove  tid 105942
FindTargetPageId rootid 3 tid 105943
target_page_id id: 5 tid 105943
0 1 tid 105943
128 4 tid 105943
365 2 tid 105943
492 5 tid 105943
159 tid 105943
Insert  tid 105943
FindTargetPageId rootid 3 tid 105941
target_page_id id: 5 tid 105941
0 1 tid 105941
128 4 tid 105941
365 2 tid 105941
492 5 tid 105941
159 tid 105941
Insert  tid 105941
FindTargetPageId rootid 3 tid 105941
target_page_id id: 5 tid 105941
0 1 tid 105941
128 4 tid 105941
365 2 tid 105941
492 5 tid 105941
160 tid 105941
Insert  tid 105941
FindTargetPageId rootid 3 tid 105942
target_page_id id: 5 tid 105942
0 1 tid 105942
128 4 tid 105942
365 2 tid 105942
492 5 tid 105942
161 tid 105942
Remove  tid 105942
FindTargetPageId rootid 3 tid 105943
target_page_id id: 5 tid 105943
0 1 tid 105943
128 4 tid 105943
365 2 tid 105943
492 5 tid 105943
161 tid 105943
Insert  tid 105943
FindTargetPageId rootid 3 tid 105943
target_page_id id: 5 tid 105943
0 1 tid 105943
128 4 tid 105943
365 2 tid 105943
492 5 tid 105943
161 tid 105943
Insert  tid 105943
FindTargetPageId rootid 3 tid 105941
target_page_id id: 5 tid 105941
0 1 tid 105941
128 4 tid 105941
365 2 tid 105941
492 5 tid 105941
161 tid 105941
Insert  tid 105941
FindTargetPageId rootid 3 tid 105942
target_page_id id: 5 tid 105942
0 1 tid 105942
128 4 tid 105942
365 2 tid 105942
492 5 tid 105942
162 tid 105942
Remove  tid 105942
FindTargetPageId rootid 3 tid 105943
target_page_id id: 5 tid 105943
0 1 tid 105943
128 4 tid 105943
365 2 tid 105943
492 5 tid 105943
162 tid 105943
Insert  tid 105943
FindTargetPageId rootid 3 tid 105941
target_page_id id: 5 tid 105941
0 1 tid 105941
128 4 tid 105941
365 2 tid 105941
492 5 tid 105941
162 tid 105941
Insert  tid 105941
FindTargetPageId rootid 3 tid 105942
target_page_id id: 5 tid 105942
0 1 tid 105942
128 4 tid 105942
365 2 tid 105942
492 5 tid 105942
163 tid 105942
Remove  tid 105942
FindTargetPageId rootid 3 tid 105942
target_page_id id: 5 tid 105942
0 1 tid 105942
128 4 tid 105942
365 2 tid 105942
492 5 tid 105942
163 tid 105942
Remove  tid 105942
FindTargetPageId rootid 3 tid 105941
target_page_id id: 5 tid 105941
0 1 tid 105941
128 4 tid 105941
365 2 tid 105941
492 5 tid 105941
163 tid 105941
Insert  tid 105941
FindTargetPageId rootid 3 tid 105941
target_page_id id: 5 tid 105941
0 1 tid 105941
128 4 tid 105941
365 2 tid 105941
492 5 tid 105941
164 tid 105941
Insert  tid 105941
FindTargetPageId rootid 3 tid 105941
target_page_id id: 5 tid 105941
0 1 tid 105941
128 4 tid 105941
365 2 tid 105941
492 5 tid 105941
165 tid 105941
Insert  tid 105941
FindTargetPageId rootid 3 tid 105941
target_page_id id: 5 tid 105941
0 1 tid 105941
128 4 tid 105941
365 2 tid 105941
492 5 tid 105941
166 tid 105941
FindTargetPageId rootid 3 tid 105942
target_page_id id: 5 tid 105942
0 1 tid 105942
128 4 tid 105942
365 2 tid 105942
492 5 tid 105942
167 tid 105942
Insert Remove  tid 105942
FindTargetPageId rootid 3 tid 105942
target_page_id id: 5 tid 105942
0 1 tid 105942
128 4 tid 105942
365 2 tid 105942
492 5 tid 105942
167 tid 105942
 tid 105941
Remove  tid 105942
FindTargetPageId rootid 3 tid 105943
target_page_id id: 5 tid 105943
0 1 tid 105943
128 4 tid 105943
365 2 tid 105943
492 5 tid 105943
167 tid 105943
Insert  tid 105943
FindTargetPageId rootid 3 tid 105941
target_page_id id: 5 tid 105941
0 1 tid 105941
128 4 tid 105941
365 2 tid 105941
492 5 tid 105941
167 tid 105941
FindTargetPageId rootid 3 tid 105942
target_page_id id: 5 tid 105942
0 1 tid 105942
128 4 tid 105942
365 2 tid 105942
492 5 tid 105942
168 tid 105942
Remove  tid 105942
FindTargetPageId rootid 3 tid 105942
Insert  tid 105941
target_page_id id: 5 tid 105942
0 1 tid 105942
128 4 tid 105942
365 2 tid 105942
492 5 tid 105942
168 tid 105942
FindTargetPageId rootid 3 tid 105943
target_page_id id: 5 tid 105943
0 1 tid 105943
128 4 tid 105943
365 2 tid 105943
492 5 tid 105943
168 tid 105943
Insert  tid 105943
FindTargetPageId rootid 3 tid 105943
target_page_id id: 5 tid 105943
0 1 tid 105943
128 4 tid 105943
365 2 tid 105943
492 5 tid 105943
168 tid 105943
Insert  tid 105943
FindTargetPageId rootid 3 tid 105943
target_page_id id: 5 tid 105943
0 1 tid 105943
128 4 tid 105943
365 2 tid 105943
492 5 tid 105943
Remove 168 tid 105943
 tid 105942
FindTargetPageId rootid 3 tid 105941
target_page_id id: 5Insert  tid 105941
 tid 0 1 tid 105941
128 4 tid 105941
365 2 tid 105941
492 5 tid 105941
168 tid 105941
105943
Insert  tid 105941
FindTargetPageId rootid 3 tid 105942
target_page_id id: 5 tid 105942
0 1 tid 105942
128 4 tid 105942
365 2 tid 105942
492 5 tid 105942
169 tid 105942
Remove  tid 105942
FindTargetPageId rootid 3 tid 105943
target_page_id id: 5 tid 105943
0 1 tid 105943
128 4 tid 105943
365 2 tid 105943
492 5 tid 105943
169 tid 105943
Insert  tid 105943
FindTargetPageId rootid 3 tid 105941
target_page_id id: 5 tid 105941
0 1 tid 105941
128 4 tid 105941
365 2 tid 105941
492 5 tid 105941
169 tid 105941
Insert  tid 105941
FindTargetPageId rootid 3 tid 105942
target_page_id id: 5 tid 105942
0 1 tid 105942
128 4 tid 105942
365 2 tid 105942
492 5 tid 105942
170 tid 105942
Remove  tid 105942
FindTargetPageId rootid 3 tid 105942
target_page_id id: 5 tid 105942
0 1 tid 105942
128 4 tid 105942
365 2 tid 105942
492 5 tid 105942
170 tid 105942
Remove  tid 105942
FindTargetPageId rootid 3 tid 105942
target_page_id id: 5 tid 105942
0 1 tid 105942
128 4 tid 105942
365 2 tid 105942
492 5 tid 105942
170 tid 105942
Remove  tid 105942
FindTargetPageId rootid 3 tid 105942
target_page_id id: 5 tid 105942
0 1 tid 105942
128 4 tid 105942
365 2 tid 105942
492 5 tid 105942
170 tid 105942
Remove  tid 105942
FindTargetPageId rootid 3 tid 105942
target_page_id id: 5 tid 105942
0 1 tid 105942
128 4 tid 105942
365 2 tid 105942
492 5 tid 105942
170 tid 105942
Remove  tid 105942
FindTargetPageId rootid 3 tid 105942
target_page_id id: 5 tid 105942
0 1 tid 105942
128 4 tid 105942
365 2 tid 105942
492 5 tid 105942
170 tid 105942
Remove  tid 105942
FindTargetPageId rootid 3 tid 105943
target_page_id id: 5 tid 105943
0 1 tid 105943
128 4 tid 105943
365 2 tid 105943
492 5 tid 105943
170 tid 105943
Insert  tid 105943
FindTargetPageId rootid 3 tid 105941
target_page_id id: 5 tid 105941
0 1 tid 105941
128 4 tid 105941
365 2 tid 105941
492 5 tid 105941
170 tid 105941
Insert  tid 105941
FindTargetPageId rootid 3 tid 105942
target_page_id id: 5 tid 105942
0 1 tid 105942
128 4 tid 105942
365 2 tid 105942
492 5 tid 105942
171 tid 105942
Remove  tid 105942
FindTargetPageId rootid 3 tid 105943
target_page_id id: 5 tid 105943
0 1 tid 105943
128 4 tid 105943
365 2 tid 105943
492 5 tid 105943
171 tid 105943
Insert  tid 105943
FindTargetPageId rootid 3 tid 105941
target_page_id id: 5 tid 105941
0 1 tid 105941
128 4 tid 105941
365 2 tid 105941
492 5 tid 105941
171 tid 105941
Insert  tid 105941
FindTargetPageId rootid 3 tid 105942
target_page_id id: 5 tid 105942
0 1 tid 105942
128 4 tid 105942
365 2 tid 105942
492 5 tid 105942
172 tid 105942
Remove  tid 105942
FindTargetPageId rootid 3 tid 105943
target_page_id id: 5 tid 105943
0 1 tid 105943
128 4 tid 105943
365 2 tid 105943
492 5 tid 105943
172 tid 105943
FindTargetPageId rootid 3 tid 105941
Insert  tid target_page_id id: 1059435 tid 
105941
0 1 tid 105941
128 4 tid 105941
365 2 tid 105941
492 5 tid 105941
172 tid 105941
Insert  tid 105941
FindTargetPageId rootid 3 tid 105941
target_page_id id: 5 tid 105941
0 1 tid 105941
128 4 tid 105941
365 2 tid 105941
492 5 tid 105941
173 tid 105941
Insert  tid 105941
FindTargetPageId rootid 3 tid 105941
target_page_id id: 5 tid 105941
0 1 tid 105941
128 4 tid 105941
365 2 tid 105941
492 5 tid 105941
174 tid 105941
Insert  tid 105941
FindTargetPageId rootid 3 tid 105941
target_page_id id: 5 tid 105941
0 1 tid 105941
128 4 tid 105941
365 2 tid 105941
492 5 tid 105941
175 tid 105941
Insert  tid 105941
FindTargetPageId rootid 3 tid 105941
target_page_id id: 5 tid 105941
0 1 tid 105941
128 4 tid 105941
365 2 tid 105941
492 5 tid 105941
176 tid 105941
Insert  tid 105941
FindTargetPageId rootid 3 tid 105941
target_page_id id: 5 tid 105941
0 1 tid 105941
128 4 tid 105941
365 2 tid 105941
492 5 tid 105941
177 tid 105941
Insert  tid 105941
FindTargetPageId rootid 3 tid 105941
target_page_id id: 5 tid 105941
0 1 tid 105941
128 4 tid 105941
365 2 tid 105941
492 5 tid 105941
178 tid 105941
Insert  tid 105941
FindTargetPageId rootid 3 tid 105941
target_page_id id: 5 tid 105941
0 1 tid 105941
128 4 tid 105941
365 2 tid 105941
492 5 tid 105941
179 tid 105941
Insert  tid 105941
FindTargetPageId rootid 3 tid 105941
target_page_id id: 5 tid 105941
0 1 tid 105941
128 4 tid 105941
365 2 tid 105941
492 5 tid 105941
180 tid 105941
Insert  tid 105941
FindTargetPageId rootid 3 tid 105941
target_page_id id: 5 tid 105941
0 1 tid 105941
128 4 tid 105941
365 2 tid 105941
492 5 tid 105941
181 tid 105941
Insert  tid 105941
FindTargetPageId rootid 3 tid 105941
target_page_id id: 5 tid 105941
0 1 tid 105941
128 4 tid 105941
365 2 tid 105941
492 5 tid 105941
182 tid 105941
Insert  tid 105941
FindTargetPageId rootid 3 tid 105941
target_page_id id: 5 tid 105941
0 1 tid 105941
128 4 tid 105941
365 2 tid 105941
492 5 tid 105941
183 tid 105941
Insert  tid 105941
FindTargetPageId rootid 3 tid 105943
target_page_id id: 5 tid 105943
0 1 tid 105943
128 4 tid 105943
365 2 tid 105943
492 5 tid 105943
184 tid 105943
Insert  tid 105943
FindTargetPageId rootid 3 tid 105942
target_page_id id: 5 tid 105942
0 1 tid 105942
128 4 tid 105942
365 2 tid 105942
492 5 tid 105942
184 tid 105942
Remove  tid 105942
FindTargetPageId rootid 3 tid 105941
target_page_id id: 5 tid 105941
0 1 tid 105941
128 4 tid 105941
365 2 tid 105941
492 5 tid 105941
184 tid 105941
Insert  tid 105941
FindTargetPageId rootid 3 tid 105943
target_page_id id: 5 tid 105943
0 1 tid 105943
128 4 tid 105943
365 2 tid 105943
492 5 tid 105943
185 tid 105943
Insert  tid 105943
FindTargetPageId rootid 3 tid 105943
target_page_id id: 5 tid 105943
0 1 tid 105943
128 4 tid 105943
365 2 tid 105943
492 5 tid 105943
185 tid 105943
Insert  tid 105943
FindTargetPageId rootid 3 tid 105943
target_page_id id: 5 tid 105943
0 1 tid 105943
128 4 tid 105943
365 2 tid 105943
492 5 tid 105943
185 tid 105943
Insert  tid 105943
FindTargetPageId rootid 3 tid 105943
target_page_id id: 5 tid 105943
0 1 tid 105943
128 4 tid 105943
365 2 tid 105943
492 5 tid 105943
185 tid 105943
Insert  tid 105943
FindTargetPageId rootid 3 tid 105943
target_page_id id: 5 tid 105943
0 1 tid 105943
128 4 tid 105943
365 2 tid 105943
492 5 tid 105943
185 tid 105943
Insert  tid 105943
FindTargetPageId rootid 3 tid 105943
target_page_id id: 5 tid 105943
0 1 tid 105943
128 4 tid 105943
365 2 tid 105943
492 5 tid 105943
185 tid 105943
Insert  tid 105943
FindTargetPageId rootid 3 tid 105941
target_page_id id: 5 tid 105941
0 1 tid 105941
128 4 tid 105941
365 2 tid 105941
492 5 tid 105941
185 tid 105941
Insert  tid 105941
FindTargetPageId rootid 3 tid 105942
target_page_id id: 5 tid 105942
0 1 tid 105942
128 4 tid 105942
365 2 tid 105942
492 5 tid 105942
186 tid 105942
Remove  tid 105942
FindTargetPageId rootid 3 tid 105942
target_page_id id: 5 tid 105942
0 1 tid 105942
128 4 tid 105942
365 2 tid 105942
492 5 tid 105942
186 tid 105942
Remove  tid 105942
FindTargetPageId rootid 3 tid 105941
target_page_id id: 5 tid 105941
0 1 tid 105941
128 4 tid 105941
365 2 tid 105941
492 5 tid 105941
186 tid 105941
Insert  tid 105941
FindTargetPageId rootid 3 tid 105943
target_page_id id: 5 tid 105943
0 1 tid 105943
128 4 tid 105943
365 2 tid 105943
492 5 tid 105943
187 tid 105943
Insert  tid 105943
FindTargetPageId rootid 3 tid 105943
target_page_id id: 5 tid 105943
0 1 tid 105943
128 4 tid 105943
365 2 tid 105943
492 5 tid 105943
187 tid 105943
Insert  tid 105943
FindTargetPageId rootid 3 tid 105941
target_page_id id: 5 tid 105941
0 1 tid 105941
128 4 tid 105941
365 2 tid 105941
492 5 tid 105941
187 tid 105941
Insert  tid 105941
FindTargetPageId rootid 3 tid 105942
target_page_id id: 5 tid 105942
0 1 tid 105942
128 4 tid 105942
365 2 tid 105942
492 5 tid 105942
188 tid 105942
Remove  tid 105942
FindTargetPageId rootid 3 tid 105943
target_page_id id: 5 tid 105943
0 1 tid 105943
128 4 tid 105943
365 2 tid 105943
492 5 tid 105943
188 tid 105943
Insert  tid 105943
FindTargetPageId rootid 3 tid 105941
target_page_id id: 5 tid 105941
0 1 tid 105941
128 4 tid 105941
365 2 tid 105941
492 5 tid 105941
188 tid 105941
Insert  tid 105941
FindTargetPageId rootid 3 tid 105942
target_page_id id: 5 tid 105942
0 1 tid 105942
128 4 tid 105942
365 2 tid 105942
492 5 tid 105942
189 tid 105942
Remove  tid 105942
FindTargetPageId rootid 3 tid 105943
target_page_id id: 5 tid 105943
0 1 tid 105943
128 4 tid 105943
365 2 tid 105943
492 5 tid 105943
189 tid 105943
Insert  tid 105943
FindTargetPageId rootid 3 tid 105941
target_page_id id: 5 tid 105941
0 1 tid 105941
128 4 tid 105941
365 2 tid 105941
492 5 tid 105941
189 tid 105941
Insert  tid 105941
FindTargetPageId rootid 3 tid 105942
target_page_id id: 5 tid 105942
0 1 tid 105942
128 4 tid 105942
365 2 tid 105942
492 5 tid 105942
190 tid 105942
FindTargetPageId rootid 3 tid 105943
target_page_id id: 5 tid 105943
0 1 tid 105943
128 4 tid 105943
365 2 tid 105943
492 5 tid Remove  tid 105943105942

190 tid 105943
Insert  tid 105943
FindTargetPageId rootid 3 tid 105942
target_page_id id: 5 tid 105942
0 1 tid 105942
128 4 tid 105942
365 2 tid 105942
492 5 tid 105942
190 tid 105942
Remove  tid 105942
FindTargetPageId rootid 3 tid 105941
target_page_id id: 5 tid 105941
0 1 tid 105941
128 4 tid 105941
365 2 tid 105941
492 5 tid 105941
190 tid 105941
Insert  tid 105941
FindTargetPageId rootid 3 tid 105943
target_page_id id: 5 tid 105943
0 1 tid 105943
128 4 tid 105943
365 2 tid 105943
492 5 tid 105943
191 tid 105943
Insert  tid 105943
FindTargetPageId rootid 3 tid 105942
target_page_id id: 5 tid 105942
0 1 tid 105942
128 4 tid 105942
365 2 tid 105942
492 5 tid 105942
191 tid 105942
Remove  tid 105942
FindTargetPageId rootid 3 tid 105941
target_page_id id: 5 tid 105941
0 1 tid 105941
128 4 tid 105941
365 2 tid 105941
492 5 tid 105941
191 tid 105941
Insert  tid 105941
FindTargetPageId rootid 3 tid 105943
target_page_id id: 5 tid 105943
0 1 tid 105943
128 4 tid 105943
365 2 tid 105943
492 5 tid 105943
192 tid 105943
Insert  tid 105943
FindTargetPageId rootid 3 tid 105942
target_page_id id: 5 tid 105942
0 1 tid 105942
128 4 tid 105942
365 2 tid 105942
492 5 tid 105942
192 tid 105942
Remove  tid 105942
FindTargetPageId rootid 3 tid 105941
target_page_id id: 5 tid 105941
0 1 tid 105941
128 4 tid 105941
365 2 tid 105941
492 5 tid 105941
192 tid 105941
Insert  tid 105941
FindTargetPageId rootid 3 tid 105943
target_page_id id: 5 tid 105943
0 1 tid 105943
128 4 tid 105943
365 2 tid 105943
492 5 tid 105943
193 tid 105943
Insert  tid 105943
FindTargetPageId rootid 3 tid 105942
target_page_id id: 5 tid 105942
0 1 tid 105942
128 4 tid 105942
365 2 tid 105942
492 5 tid 105942
193 tid 105942
Remove  tid 105942
FindTargetPageId rootid 3 tid 105941
target_page_id id: 5 tid 105941
0 1 tid 105941
128 4 tid 105941
365 2 tid 105941
492 5 tid 105941
193 tid 105941
Insert  tid 105941
FindTargetPageId rootid 3 tid 105943
target_page_id id: 5 tid 105943
0 1 tid 105943
128 4 tid 105943
365 2 tid 105943
492 5 tid 105943
194 tid 105943
Insert  tid 105943
FindTargetPageId rootid 3 tid 105942
target_page_id id: 5 tid 105942
0 1 tid 105942
128 4 tid 105942
365 2 tid 105942
492 5 tid 105942
194 tid 105942
Remove  tid 105942
FindTargetPageId rootid 3 tid 105941
target_page_id id: 5 tid 105941
0 1 tid 105941
128 4 tid 105941
365 2 tid 105941
492 5 tid 105941
194 tid 105941
Insert  tid 105941
FindTargetPageId rootid 3 tid 105943
target_page_id id: 5 tid 105943
0 1 tid 105943
128 4 tid 105943
365 2 tid 105943
492 5 tid 105943
195 tid 105943
Insert  tid 105943
FindTargetPageId rootid 3 tid 105942
target_page_id id: 5 tid 105942
0 1 tid 105942
128 4 tid 105942
365 2 tid 105942
492 5 tid 105942
195 tid 105942
Remove  tid 105942
FindTargetPageId rootid 3 tid 105941
target_page_id id: 5 tid 105941
0 1 tid 105941
128 4 tid 105941
365 2 tid 105941
492 5 tid 105941
195 tid 105941
Insert  tid 105941
FindTargetPageId rootid 3 tid 105943
target_page_id id: 5 tid 105943
0 1 tid 105943
128 4 tid 105943
365 2 tid 105943
492 5 tid 105943
196 tid 105943
Insert  tid 105943
FindTargetPageId rootid 3 tid 105942
target_page_id id: 5 tid 105942
0 1 tid 105942
128 4 tid 105942
365 2 tid 105942
492 5 tid 105942
196 tid 105942
Remove  tid 105942
FindTargetPageId rootid 3 tid 105942
target_page_id id: 5 tid 105942
0 1 tid 105942
128 4 tid 105942
365 2 tid 105942
492 5 tid 105942
196 tid 105942
Remove  tid 105942
FindTargetPageId rootid 3 tid 105942
target_page_id id: 5 tid 105942
0 1 tid 105942
128 4 tid 105942
365 2 tid 105942
492 5 tid 105942
196 tid 105942
Remove  tid 105942
FindTargetPageId rootid 3 tid 105941
target_page_id id: 5 tid 105941
0 1 tid 105941
128 4 tid 105941
365 2 tid 105941
492 5 tid 105941
196 tid 105941
Insert  tid 105941
FindTargetPageId rootid 3 tid 105943
target_page_id id: 5 tid 105943
0 1 tid 105943
128 4 tid 105943
365 2 tid 105943
492 5 tid 105943
197 tid 105943
Insert  tid 105943
FindTargetPageId rootid 3 tid 105942
target_page_id id: 5 tid 105942
0 1 tid 105942
128 4 tid 105942
365 2 tid 105942
492 5 tid 105942
197 tid 105942
Remove  tid 105942
FindTargetPageId rootid 3 tid 105941
target_page_id id: 5 tid 105941
0 1 tid 105941
128 4 tid 105941
365 2 tid 105941
492 5 tid 105941
197 tid 105941
Insert  tid 105941
FindTargetPageId rootid 3 tid 105943
target_page_id id: 5 tid 105943
0 1 tid 105943
128 4 tid 105943
365 2 tid 105943
492 5 tid 105943
198 tid 105943
Insert  tid 105943
FindTargetPageId rootid 3 tid 105942
target_page_id id: 5 tid 105942
0 1 tid 105942
128 4 tid 105942
365 2 tid 105942
492 5 tid 105942
198 tid 105942
Remove  tid 105942
FindTargetPageId rootid 3 tid 105941
target_page_id id: 5 tid 105941
0 1 tid 105941
128 4 tid 105941
365 2 tid 105941
492 5 tid 105941
198 tid 105941
Insert  tid 105941
FindTargetPageId rootid 3 tid 105943
target_page_id id: 5 tid 105943
0 1 tid 105943
128 4 tid 105943
365 2 tid 105943
492 5 tid 105943
199 tid 105943
Insert  tid 105943
FindTargetPageId rootid 3 tid 105942
target_page_id id: 5 tid 105942
0 1 tid 105942
128 4 tid 105942
365 2 tid 105942
492 5 tid 105942
199 tid 105942
Remove  tid 105942
FindTargetPageId rootid 3 tid 105941
target_page_id id: 5 tid 105941
0 1 tid 105941
128 4 tid 105941
365 2 tid 105941
492 5 tid 105941
199 tid 105941
Insert  tid 105941
FindTargetPageId rootid 3 tid 105943
target_page_id id: 5 tid 105943
0 1 tid 105943
128 4 tid 105943
365 2 tid 105943
492 5 tid 105943
200 tid 105943
Insert  tid 105943
FindTargetPageId rootid 3 tid 105942
target_page_id id: 5 tid 105942
0 1 tid 105942
128 4 tid 105942
365 2 tid 105942
492 5 tid 105942
200 tid 105942
Remove  tid 105942
FindTargetPageId rootid 3 tid 105941
target_page_id id: 5 tid 105941
0 1 tid 105941
128 4 tid 105941
365 2 tid 105941
492 5 tid 105941
200 tid 105941
Insert  tid 105941
FindTargetPageId rootid 3 tid 105943
target_page_id id: 5 tid 105943
0 1 tid 105943
128 4 tid 105943
365 2 tid 105943
492 5 tid 105943
201 tid 105943
Insert  tid 105943
FindTargetPageId rootid 3 tid 105942
target_page_id id: 5 tid 105942
0 1 tid 105942
128 4 tid 105942
365 2 tid 105942
492 5 tid 105942
201 tid 105942
Remove  tid 105942
FindTargetPageId rootid 3 tid 105941
target_page_id id: 5 tid 105941
0 1 tid 105941
128 4 tid 105941
365 2 tid 105941
492 5 tid 105941
201 tid 105941
Insert  tid 105941
FindTargetPageId rootid 3 tid 105943
target_page_id id: 5 tid 105943
0 1 tid 105943
128 4 tid 105943
365 2 tid 105943
492 5 tid 105943
202 tid 105943
Insert  tid 105943
FindTargetPageId rootid 3 tid 105942
target_page_id id: 5 tid 105942
0 1 tid 105942
128 4 tid 105942
365 2 tid 105942
492 5 tid 105942
202 tid 105942
Remove  tid 105942
FindTargetPageId rootid 3 tid 105941
target_page_id id: 5 tid 105941
0 1 tid 105941
128 4 tid 105941
365 2 tid 105941
492 5 tid 105941
202 tid 105941
Insert  tid 105941
FindTargetPageId rootid 3 tid 105943
target_page_id id: 5 tid 105943
0 1 tid 105943
128 4 tid 105943
365 2 tid 105943
492 5 tid 105943
203 tid 105943
Insert  tid 105943
FindTargetPageId rootid 3 tid 105942
target_page_id id: 5 tid 105942
0 1 tid 105942
128 4 tid 105942
365 2 tid 105942
492 5 tid 105942
203 tid 105942
Remove  tid 105942
FindTargetPageId rootid 3 tid 105941
target_page_id id: 5 tid 105941
0 1 tid 105941
128 4 tid 105941
365 2 tid 105941
492 5 tid 105941
203 tid 105941
Insert  tid 105941
FindTargetPageId rootid 3 tid 105941
target_page_id id: 5 tid 105941
0 1 tid 105941
128 4 tid 105941
365 2 tid 105941
492 5 tid 105941
204 tid 105941
Insert  tid 105941
FindTargetPageId rootid 3 tid 105941
target_page_id id: 5 tid 105941
0 1 tid 105941
128 4 tid 105941
365 2 tid 105941
492 5 tid 105941
205 tid 105941
Insert  tid 105941
FindTargetPageId rootid 3 tid 105941
target_page_id id: 5 tid 105941
0 1 tid 105941
128 4 tid 105941
365 2 tid 105941
492 5 tid 105941
206 tid 105941
Insert  tid 105941
FindTargetPageId rootid 3 tid 105941
target_page_id id: 5 tid 105941
0 1 tid 105941
128 4 tid 105941
365 2 tid 105941
492 5 tid 105941
207 tid 105941
Insert  tid 105941
FindTargetPageId rootid 3 tid 105941
target_page_id id: 5 tid 105941
0 1 tid 105941
128 4 tid 105941
365 2 tid 105941
492 5 tid 105941
208 tid 105941
Insert  tid 105941
FindTargetPageId rootid 3 tid 105941
target_page_id id: 5 tid 105941
0 1 tid 105941
128 4 tid 105941
365 2 tid 105941
492 5 tid 105941
209 tid 105941
Insert  tid 105941
FindTargetPageId rootid 3 tid 105941
target_page_id id: 5 tid 105941
0 1 tid 105941
128 4 tid 105941
365 2 tid 105941
492 5 tid 105941
210 tid 105941
Insert  tid 105941
FindTargetPageId rootid 3 tid 105941
target_page_id id: 5 tid 105941
0 1 tid 105941
128 4 tid 105941
365 2 tid 105941
492 5 tid 105941
211 tid 105941
Insert  tid 105941
FindTargetPageId rootid 3 tid 105941
target_page_id id: 5 tid 105941
0 1 tid 105941
128 4 tid 105941
365 2 tid 105941
492 5 tid 105941
212 tid 105941
Insert  tid 105941
FindTargetPageId rootid 3 tid 105941
target_page_id id: 5 tid 105941
0 1 tid 105941
128 4 tid 105941
365 2 tid 105941
492 5 tid 105941
213 tid 105941
Insert  tid 105941
FindTargetPageId rootid 3 tid 105943
target_page_id id: 5 tid 105943
0 1 tid 105943
128 4 tid 105943
365 2 tid 105943
492 5 tid 105943
214 tid 105943
Insert  tid 105943
FindTargetPageId rootid 3 tid 105943
target_page_id id: 5 tid 105943
0 1 tid 105943
128 4 tid 105943
365 2 tid 105943
492 5 tid 105943
214 tid 105943
Insert  tid 105943
FindTargetPageId rootid 3 tid 105942
target_page_id id: 5 tid 105942
0 1 tid 105942
128 4 tid 105942
365 2 tid 105942
492 5 tid 105942
214 tid 105942
Remove  tid 105942
FindTargetPageId rootid 3 tid 105941
target_page_id id: 5 tid 105941
0 1 tid 105941
128 4 tid 105941
365 2 tid 105941
492 5 tid 105941
214 tid 105941
Insert  tid 105941
FindTargetPageId rootid 3 tid 105941
target_page_id id: 5 tid 105941
0 1 tid 105941
128 4 tid 105941
365 2 tid 105941
492 5 tid 105941
215 tid 105941
Insert  tid 105941
FindTargetPageId rootid 3 tid 105943
target_page_id id: 5 tid 105943
0 1 tid 105943
128 4 tid 105943
365 2 tid 105943
492 5 tid 105943
216 tid 105943
Insert  tid 105943
FindTargetPageId rootid 3 tid 105943
target_page_id id: 5 tid 105943
0 1 tid 105943
128 4 tid 105943
365 2 tid 105943
492 5 tid 105943
216 tid 105943
Insert  tid 105943
FindTargetPageId rootid 3 tid 105943
target_page_id id: 5 tid 105943
0 1 tid 105943
128 4 tid 105943
365 2 tid 105943
492 5 tid 105943
216 tid 105943
Insert  tid 105943
FindTargetPageId rootid 3 tid 105943
target_page_id id: 5 tid 105943
0 1 tid 105943
128 4 tid 105943
365 2 tid 105943
492 5 tid 105943
216 tid 105943
Insert  tid 105943
FindTargetPageId rootid 3 tid 105943
target_page_id id: 5 tid 105943
0 1 tid 105943
128 4 tid 105943
365 2 tid 105943
492 5 tid 105943
216 tid 105943
Insert  tid 105943
FindTargetPageId rootid 3 tid 105943
target_page_id id: 5 tid 105943
0 1 tid 105943
128 4 tid 105943
365 2 tid 105943
492 5 tid 105943
216 tid 105943
Insert  tid 105943
FindTargetPageId rootid 3 tid 105943
target_page_id id: 5 tid 105943
0 1 tid 105943
128 4 tid 105943
365 2 tid 105943
492 5 tid 105943
216 tid 105943
Insert  tid 105943
FindTargetPageId rootid 3 tid 105943
target_page_id id: 5 tid 105943
0 1 tid 105943
128 4 tid 105943
365 2 tid 105943
492 5 tid 105943
216 tid 105943
Insert  tid 105943
FindTargetPageId rootid 3 tid 105942
target_page_id id: 5 tid 105942
0 1 tid 105942
128 4 tid 105942
365 2 tid 105942
492 5 tid 105942
216 tid 105942
Remove  tid 105942
FindTargetPageId rootid 3 tid 105942
target_page_id id: 5 tid 105942
0 1 tid 105942
128 4 tid 105942
365 2 tid 105942
492 5 tid 105942
216 tid 105942
Remove  tid 105942
FindTargetPageId rootid 3 tid 105941
target_page_id id: 5 tid 105941
0 1 tid 105941
128 4 tid 105941
365 2 tid 105941
492 5 tid 105941
216 tid 105941
Insert  tid 105941
FindTargetPageId rootid 3 tid 105941
target_page_id id: 5 tid 105941
0 1 tid 105941
128 4 tid 105941
365 2 tid 105941
492 5 tid 105941
217 tid 105941
Insert  tid 105941
FindTargetPageId rootid 3 tid 105941
target_page_id id: 5 tid 105941
0 1 tid 105941
128 4 tid 105941
365 2 tid 105941
492 5 tid 105941
218 tid 105941
Insert  tid 105941
FindTargetPageId rootid 3 tid 105943
target_page_id id: 5 tid 105943
0 1 tid 105943
128 4 tid 105943
365 2 tid 105943
492 5 tid 105943
219 tid 105943
Insert  tid 105943
FindTargetPageId rootid 3 tid 105943
target_page_id id: 5 tid 105943
0 1 tid 105943
128 4 tid 105943
365 2 tid 105943
492 5 tid 105943
219 tid 105943
Insert  tid 105943
FindTargetPageId rootid 3 tid 105941
target_page_id id: 5 tid 105941
0 1 tid 105941
128 4 tid 105941
365 2 tid 105941
492 5 tid 105941
219 tid 105941
Insert  tid 105941
FindTargetPageId rootid 3 tid 105942
target_page_id id: 5 tid 105942
0 1 tid 105942
128 4 tid 105942
365 2 tid 105942
492 5 tid 105942
220 tid 105942
Remove  tid 105942
FindTargetPageId rootid 3 tid 105943
target_page_id id: 5 tid 105943
0 1 tid 105943
128 4 tid 105943
365 2 tid 105943
492 5 tid 105943
220 tid 105943
Insert  tid 105943
FindTargetPageId rootid 3 tid 105941
target_page_id id: 5 tid 105941
0 1 tid 105941
128 4 tid 105941
365 2 tid 105941
492 5 tid 105941
220 tid 105941
Insert  tid 105941
FindTargetPageId rootid 3 tid 105942
target_page_id id: 5 tid 105942
0 1 tid 105942
128 4 tid 105942
365 2 tid 105942
492 5 tid 105942
221 tid 105942
Remove  tid 105942
FindTargetPageId rootid 3 tid 105943
target_page_id id: 5 tid 105943
0 1 tid 105943
128 4 tid 105943
365 2 tid 105943
492 5 tid 105943
221 tid 105943
Insert  tid 105943
FindTargetPageId rootid 3 tid 105941
target_page_id id: 5 tid 105941
0 1 tid 105941
128 4 tid 105941
365 2 tid 105941
492 5 tid 105941
221 tid 105941
Insert  tid 105941
FindTargetPageId rootid 3 tid 105942
target_page_id id: 5 tid 105942
0 1 tid 105942
128 4 tid 105942
365 2 tid 105942
492 5 tid 105942
222 tid 105942
Remove  tid 105942
FindTargetPageId rootid 3 tid 105943
target_page_id id: 5 tid 105943
0 1 tid 105943
128 4 tid 105943
365 2 tid 105943
492 5 tid 105943
222 tid 105943
Insert  tid 105943
FindTargetPageId rootid 3 tid 105941
target_page_id id: 5 tid 105941
0 1 tid 105941
128 4 tid 105941
365 2 tid 105941
492 5 tid 105941
222 tid 105941
Insert  tid 105941
FindTargetPageId rootid 3 tid 105942
target_page_id id: 5 tid 105942
0 1 tid 105942
128 4 tid 105942
365 2 tid 105942
492 5 tid 105942
223 tid 105942
Remove  tid 105942FindTargetPageId rootid 
3 tid 105943
target_page_id id: 5 tid 105943
0 1 tid 105943
128 4 tid 105943
365 2 tid 105943
492 5 tid 105943
223 tid 105943
Insert  tid 105943
FindTargetPageId rootid 3 tid 105941
target_page_id id: 5 tid 105941
0 1 tid 105941
128 4 tid 105941
365 2 tid 105941
492 5 tid 105941
223 tid 105941
Insert  tid 105941
FindTargetPageId rootid 3 tid 105942
target_page_id id: 5 tid 105942
0 1 tid 105942
128 4 tid 105942
365 2 tid 105942
492 5 tid 105942
224 tid 105942
Remove  tid 105942
FindTargetPageId rootid 3 tid 105943
target_page_id id: 5 tid 105943
0 1 tid 105943
128 4 tid 105943
365 2 tid 105943
492 5 tid 105943
224 tid 105943
Insert  tid 105943
FindTargetPageId rootid 3 tid 105941
target_page_id id: 5 tid 105941
0 1 tid 105941
128 4 tid 105941
365 2 tid 105941
492 5 tid 105941
224 tid 105941
Insert  tid 105941
FindTargetPageId rootid 3 tid 105942
target_page_id id: 5 tid 105942
0 1 tid 105942
128 4 tid 105942
365 2 tid 105942
492 5 tid 105942
225 tid 105942
Remove  tid 105942
FindTargetPageId rootid 3 tid 105943
target_page_id id: 5 tid 105943
0 1 tid 105943
128 4 tid 105943
365 2 tid 105943
492 5 tid 105943
225 tid 105943
Insert  tid 105943
FindTargetPageId rootid 3 tid 105941
target_page_id id: 5 tid 105941
0 1 tid 105941
128 4 tid 105941
365 2 tid 105941
492 5 tid 105941
225 tid 105941
Insert  tid 105941
FindTargetPageId rootid 3 tid 105942
target_page_id id: 5 tid 105942
0 1 tid 105942
128 4 tid 105942
365 2 tid 105942
492 5 tid 105942
226 tid 105942
Remove  tid 105942
FindTargetPageId rootid 3 tid 105943
target_page_id id: 5 tid 105943
0 1 tid 105943
128 4 tid 105943
365 2 tid 105943
492 5 tid 105943
226 tid 105943
Insert  tid 105943
FindTargetPageId rootid 3 tid 105941
target_page_id id: 5 tid 105941
0 1 tid 105941
128 4 tid 105941
365 2 tid 105941
492 5 tid 105941
226 tid 105941
Insert  tid 105941
FindTargetPageId rootid 3 tid 105942
target_page_id id: 5 tid 105942
0 1 tid 105942
128 4 tid 105942
365 2 tid 105942
492 5 tid 105942
227 tid 105942
Remove  tid 105942
FindTargetPageId rootid 3 tid 105943
target_page_id id: 5 tid 105943
0 1 tid 105943
128 4 tid 105943
365 2 tid 105943
492 5 tid 105943
227 tid 105943
Insert  tid 105943
FindTargetPageId rootid 3 tid 105941
target_page_id id: 5 tid 105941
0 1 tid 105941
128 4 tid 105941
365 2 tid 105941
492 5 tid 105941
227 tid 105941
Insert  tid 105941
FindTargetPageId rootid 3 tid 105941
target_page_id id: 5 tid 105941
0 1 tid 105941
128 4 tid 105941
365 2 tid 105941
492 5 tid 105941
228 tid 105941
Insert  tid FindTargetPageId rootid 105941
3 tid 105943
target_page_id id: 5 tid 105943
0 1 tid 105943
128 4 tid 105943
365 2 tid 105943
492 5 tid 105943
229 tid 105943
Insert  tid 105943
FindTargetPageId rootid 3 tid 105942
target_page_id id: 5 tid 105942
0 1 tid 105942
128 4 tid 105942
365 2 tid 105942
492 5 tid 105942
229 tid 105942
Remove  tid 105942
FindTargetPageId rootid 3 tid 105941
target_page_id id: 5 tid 105941
0 1 tid 105941
128 4 tid 105941
365 2 tid 105941
492 5 tid 105941
229 tid 105941
Insert  tid 105941
FindTargetPageId rootid 3 tid 105941
target_page_id id: 5 tid 105941
0 1 tid 105941
128 4 tid 105941
365 2 tid 105941
492 5 tid 105941
230 tid 105941
Insert  tid 105941
FindTargetPageId rootid 3 tid 105942
target_page_id id: 5 tid 105942
0 1 tid 105942
128 4 tid 105942
365 2 tid 105942
492 5 tid 105942
231 tid 105942
Remove  tid 105942
FindTargetPageId rootid 3 tid 105942
target_page_id id: 5 tid 105942
0 1 tid 105942
128 4 tid 105942
365 2 tid 105942
492 5 tid 105942
231 tid 105942
Remove  tid 105942
FindTargetPageId rootid 3 tid 105942
target_page_id id: 5 tid 105942
0 1 tid 105942
128 4 tid 105942
365 2 tid 105942
492 5 tid 105942
231 tid 105942
Remove  tid 105942
FindTargetPageId rootid 3 tid 105942
target_page_id id: 5 tid 105942
0 1 tid 105942
128 4 tid 105942
365 2 tid 105942
492 5 tid 105942
231 tid 105942
Remove  tid 105942
FindTargetPageId rootid 3 tid 105942
target_page_id id: 5 tid 105942
0 1 tid 105942
128 4 tid 105942
365 2 tid 105942
492 5 tid 105942
231 tid 105942
Remove  tid 105942
FindTargetPageId rootid 3 tid 105941
target_page_id id: 5 tid 105941
0 1 tid 105941
128 4 tid 105941
365 2 tid 105941
492 5 tid 105941
231 tid 105941
Insert  tid 105941
FindTargetPageId rootid 3 tid 105943
target_page_id id: 5 tid 105943
0 1 tid 105943
128 4 tid 105943
365 2 tid 105943
492 5 tid 105943
232 tid 105943
Insert  tid 105943
FindTargetPageId rootid 3 tid 105942
target_page_id id: 5 tid 105942
0 1 tid 105942
128 4 tid 105942
365 2 tid 105942
492 5 tid 105942
232 tid 105942
Remove  tid 105942
FindTargetPageId rootid 3 tid 105941
target_page_id id: 5 tid 105941
0 1 tid 105941
128 4 tid 105941
365 2 tid 105941
492 5 tid 105941
232 tid 105941
Insert  tid 105941
FindTargetPageId rootid 3 tid 105943
target_page_id id: 5 tid 105943
0 1 tid 105943
128 4 tid 105943
365 2 tid 105943
492 5 tid 105943
233 tid 105943
Insert  tid 105943
FindTargetPageId rootid 3 tid 105942
target_page_id id: 5 tid 105942
0 1 tid 105942
128 4 tid 105942
365 2 tid 105942
492 5 tid 105942
233 tid 105942
Remove  tid 105942
FindTargetPageId rootid 3 tid 105941
target_page_id id: 5 tid 105941
0 1 tid 105941
128 4 tid 105941
365 2 tid 105941
492 5 tid 105941
233 tid 105941
Insert  tid 105941
FindTargetPageId rootid 3 tid 105943
target_page_id id: 5 tid 105943
0 1 tid 105943
128 4 tid 105943
365 2 tid 105943
492 5 tid 105943
234 tid 105943
Insert  tid 105943
FindTargetPageId rootid 3 tid 105942
target_page_id id: 5 tid 105942
0 1 tid 105942
128 4 tid 105942
365 2 tid 105942
492 5 tid 105942
234 tid 105942
FindTargetPageId rootid 3 tid 105941
target_page_id id: 5 tid 105941
0 1 tid 105941
128 4 tid 105941
365 2 tid 105941
492 5 tid 105941
Remove  tid 105942
234 tid 105941
Insert  tid 105941
FindTargetPageId rootid 3 tid 105943
target_page_id id: 5 tid 105943
0 1 tid 105943
128 4 tid 105943
365 2 tid 105943
492 5 tid 105943
235 tid 105943
Insert  tid 105943
FindTargetPageId rootid 3 tid 105943
target_page_id id: 5 tid 105943
0 1 tid 105943
128 4 tid 105943
365 2 tid 105943
492 5 tid 105943
235 tid 105943
Insert  tid 105943
FindTargetPageId rootid 3 tid 105941
target_page_id id: 5 tid 105941
0 1 tid 105941
128 4 tid 105941
365 2 tid 105941
492 5 tid 105941
235 tid 105941
Insert  tid 105941
FindTargetPageId rootid 3 tid 105942
target_page_id id: 5 tid 105942
0 1 tid 105942
128 4 tid 105942
365 2 tid 105942
492 5 tid 105942
236 tid 105942
Remove  tid 105942
FindTargetPageId rootid 3 tid 105943
target_page_id id: 5 tid 105943
0 1 tid 105943
128 4 tid 105943
365 2 tid 105943
492 5 tid 105943
236 tid 105943
Insert  tid 105943
FindTargetPageId rootid 3 tid 105943
target_page_id id: 5 tid 105943
0 1 tid 105943
128 4 tid 105943
365 2 tid 105943
492 5 tid 105943
236 tid 105943
Insert  tid 105943
FindTargetPageId rootid 3 tid 105942
target_page_id id: 5 tid 105942
0 1 tid 105942
128 4 tid 105942
365 2 tid 105942
492 5 tid 105942
236 tid 105942
Remove  tid 105942
FindTargetPageId rootid 3 tid 105942
target_page_id id: 5 tid 105942
0 1 tid 105942
128 4 tid 105942
365 2 tid 105942
492 5 tid 105942
236 tid 105942
Remove  tid 105942
FindTargetPageId rootid 3 tid 105943
target_page_id id: 5 tid 105943
0 1 tid 105943
128 4 tid 105943
365 2 tid 105943
492 5 tid 105943
236 tid 105943
Insert  tid 105943
FindTargetPageId rootid 3 tid 105941
target_page_id id: 5 tid 105941
0 1 tid 105941
128 4 tid 105941
365 2 tid 105941
492 5 tid 105941
236 tid 105941
Insert  tid 105941
FindTargetPageId rootid 3 tid 105942
target_page_id id: 5 tid 105942
0 1 tid 105942
128 4 tid 105942
365 2 tid 105942
492 5 tid 105942
237 tid 105942
Remove  tid 105942
FindTargetPageId rootid 3 tid 105943
target_page_id id: 5 tid 105943
0 1 tid 105943
128 4 tid 105943
365 2 tid 105943
492 5 tid 105943
237 tid 105943
Insert  tid 105943
FindTargetPageId rootid 3 tid 105941
target_page_id id: 5 tid 105941
0 1 tid 105941
128 4 tid 105941
365 2 tid 105941
492 5 tid 105941
237 tid 105941
Insert  tid 105941
FindTargetPageId rootid 3 tid 105941
target_page_id id: 5 tid 105941
0 1 tid 105941
128 4 tid 105941
365 2 tid 105941
492 5 tid 105941
238 tid 105941
Insert  tid 105941
FindTargetPageId rootid 3 tid 105943
target_page_id id: 5 tid 105943
0 1 tid 105943
128 4 tid 105943
365 2 tid 105943
492 5 tid 105943
239 tid 105943
Insert  tid 105943
FindTargetPageId rootid 3 tid 105943
target_page_id id: 5 tid 105943
0 1 tid 105943
128 4 tid 105943
365 2 tid 105943
492 5 tid 105943
239 tid 105943
Insert  tid 105943
FindTargetPageId rootid 3 tid 105941
target_page_id id: 5 tid 105941
0 1 tid 105941
128 4 tid 105941
365 2 tid 105941
492 5 tid 105941
239 tid 105941
Insert  tid 105941
FindTargetPageId rootid 3 tid 105942
target_page_id id: 5 tid 105942
0 1 tid 105942
128 4 tid 105942
365 2 tid 105942
492 5 tid 105942
240 tid 105942
Remove  tid 105942
FindTargetPageId rootid 3 tid 105943
target_page_id id: 5 tid 105943
0 1 tid 105943
128 4 tid 105943
365 2 tid 105943
492 5 tid 105943
240 tid 105943
Insert  tid 105943
FindTargetPageId rootid 3 tid 105941
target_page_id id: 5 tid 105941
0 1 tid 105941
128 4 tid 105941
365 2 tid 105941
492 5 tid 105941
240 tid 105941
Insert  tid 105941
FindTargetPageId rootid 3 tid 105942
target_page_id id: 5 tid 105942
0 1 tid 105942
128 4 tid 105942
365 2 tid 105942
492 5 tid 105942
241 tid 105942
Remove  tid 105942
FindTargetPageId rootid 3 tid 105943
target_page_id id: 5 tid 105943
0 1 tid 105943
128 4 tid 105943
365 2 tid 105943
492 5 tid 105943
241 tid 105943
Insert  tid 105943
FindTargetPageId rootid 3 tid 105941
target_page_id id: 5 tid 105941
0 1 tid 105941
128 4 tid 105941
365 2 tid 105941
492 5 tid 105941
241 tid 105941
Insert  tid 105941
FindTargetPageId rootid 3 tid 105942
target_page_id id: 5 tid 105942
0 1 tid 105942
128 4 tid 105942
365 2 tid 105942
492 5 tid 105942
242 tid 105942
Remove  tid 105942
FindTargetPageId rootid 3 tid 105943
target_page_id id: 5 tid 105943
0 1 tid 105943
128 4 tid 105943
365 2 tid 105943
492 5 tid 105943
242 tid 105943
Insert  tid 105943
FindTargetPageId rootid 3 tid 105941
target_page_id id: 5 tid 105941
0 1 tid 105941
128 4 tid 105941
365 2 tid 105941
492 5 tid 105941
242 tid 105941
Insert  tid 105941
FindTargetPageId rootid 3 tid 105941
target_page_id id: 5 tid 105941
0 1 tid 105941
128 4 tid 105941
365 2 tid 105941
492 5 tid 105941
243 tid 105941
Insert  tid 105941
FindTargetPageId rootid 3 tid 105943
target_page_id id: 5 tid 105943
0 1 tid 105943
128 4 tid 105943
365 2 tid 105943
492 5 tid 105943
244 tid 105943
Insert  tid 105943
FindTargetPageId rootid 3 tid 105942
target_page_id id: 5 tid 105942
0 1 tid 105942
128 4 tid 105942
365 2 tid 105942
492 5 tid 105942
244 tid 105942
Remove  tid 105942
FindTargetPageId rootid 3 tid 105942
target_page_id id: 5 tid 105942
0 1 tid 105942
128 4 tid 105942
365 2 tid 105942
492 5 tid 105942
244 tid 105942
Remove  tid 105942
FindTargetPageId rootid 3 tid 105942
target_page_id id: 5 tid 105942
0 1 tid 105942
128 4 tid 105942
365 2 tid 105942
492 5 tid 105942
244 tid 105942
Remove  tid 105942
FindTargetPageId rootid 3 tid 105941
target_page_id id: 5 tid 105941
0 1 tid 105941
128 4 tid 105941
365 2 tid 105941
492 5 tid 105941
244 tid 105941
Insert  tid 105941
FindTargetPageId rootid 3 tid 105943
target_page_id id: 5 tid 105943
0 1 tid 105943
128 4 tid 105943
365 2 tid 105943
492 5 tid 105943
245 tid 105943
Insert  tid 105943
FindTargetPageId rootid 3 tid 105942
target_page_id id: 5 tid 105942
0 1 tid 105942
128 4 tid 105942
365 2 tid 105942
492 5 tid 105942
245 tid 105942
Remove  tid 105942
FindTargetPageId rootid 3 tid 105941
target_page_id id: 5 tid 105941
0 1 tid 105941
128 4 tid 105941
365 2 tid 105941
492 5 tid 105941
245 tid 105941
Insert  tid 105941
FindTargetPageId rootid 3 tid 105943
target_page_id id: 5 tid 105943
0 1 tid 105943
128 4 tid 105943
365 2 tid 105943
492 5 tid 105943
246 tid 105943
Insert  tid 105943
FindTargetPageId rootid 3 tid 105942
target_page_id id: 5 tid 105942
0 1 tid 105942
128 4 tid 105942
365 2 tid 105942
492 5 tid 105942
246 tid 105942
Remove  tid 105942
FindTargetPageId rootid 3 tid 105941
target_page_id id: 5 tid 105941
0 1 tid 105941
128 4 tid 105941
365 2 tid 105941
492 5 tid 105941
246 tid 105941
Insert  tid 105941
FindTargetPageId rootid 3 tid 105943
target_page_id id: 5 tid 105943
0 1 tid 105943
128 4 tid 105943
365 2 tid 105943
492 5 tid 105943
247 tid 105943
Insert  tid 105943
FindTargetPageId rootid 3 tid 105942
target_page_id id: 5 tid 105942
0 1 tid 105942
128 4 tid 105942
365 2 tid 105942
492 5 tid 105942
247 tid 105942
Remove  tid 105942
FindTargetPageId rootid 3 tid 105941
target_page_id id: 5 tid 105941
0 1 tid 105941
128 4 tid 105941
365 2 tid 105941
492 5 tid 105941
247 tid 105941
Insert  tid 105941
FindTargetPageId rootid 3 tid 105943
target_page_id id: 5 tid 105943
0 1 tid 105943
128 4 tid 105943
365 2 tid 105943
492 5 tid 105943
248 tid 105943
Insert  tid 105943
FindTargetPageId rootid 3 tid 105942
target_page_id id: 5 tid 105942
0 1 tid 105942
128 4 tid 105942
365 2 tid 105942
492 5 tid 105942
248 tid 105942
Remove  tid 105942
FindTargetPageId rootid 3 tid 105942
target_page_id id: 5 tid 105942
0 1 tid 105942
128 4 tid 105942
365 2 tid 105942
492 5 tid 105942
248 tid 105942
Remove  tid 105942
FindTargetPageId rootid 3 tid 105943
target_page_id id: 5 tid 105943
0 1 tid 105943
128 4 tid 105943
365 2 tid 105943
492 5 tid 105943
248 tid 105943
Insert  tid 105943
FindTargetPageId rootid 3 tid 105941
target_page_id id: 5 tid 105941
0 1 tid 105941
128 4 tid 105941
365 2 tid 105941
492 5 tid 105941
248 tid 105941
Insert  tid 105941
FindTargetPageId rootid 3 tid 105942
target_page_id id: 5 tid 105942
0 1 tid 105942
128 4 tid 105942
365 2 tid 105942
492 5 tid 105942
249 tid 105942
Remove  tid 105942
FindTargetPageId rootid 3 tid 105942
target_page_id id: 5 tid 105942
0 1 tid 105942
128 4 tid 105942
365 2 tid 105942
492 5 tid 105942
249 tid 105942
Remove  tid 105942
FindTargetPageId rootid 3 tid 105942
target_page_id id: 5 tid 105942
0 1 tid 105942
128 4 tid 105942
365 2 tid 105942
492 5 tid 105942
249 tid 105942
Remove  tid 105942
FindTargetPageId rootid 3 tid 105942
target_page_id id: 5 tid 105942
0 1 tid 105942
128 4 tid 105942
365 2 tid 105942
492 5 tid 105942
249 tid 105942
Remove  tid 105942
FindTargetPageId rootid 3 tid 105942
target_page_id id: 5 tid 105942
0 1 tid 105942
128 4 tid 105942
365 2 tid 105942
492 5 tid 105942
249 tid 105942
Remove  tid 105942
FindTargetPageId rootid 3 tid 105942
target_page_id id: 5 tid 105942
0 1 tid 105942
128 4 tid 105942
365 2 tid 105942
492 5 tid 105942
249 tid 105942
Remove  tid 105942
FindTargetPageId rootid 3 tid 105942
target_page_id id: 5 tid 105942
0 1 tid 105942
128 4 tid 105942
365 2 tid 105942
492 5 tid 105942
249 tid 105942
Remove  tid 105942
FindTargetPageId rootid 3 tid 105942
target_page_id id: 5 tid 105942
0 1 tid 105942
128 4 tid 105942
365 2 tid 105942
492 5 tid 105942
249 tid 105942
Remove  tid 105942
FindTargetPageId rootid 3 tid 105942
target_page_id id: 5 tid 105942
0 1 tid 105942
128 4 tid 105942
365 2 tid 105942
492 5 tid 105942
249 tid 105942
Remove  tid 105942
FindTargetPageId rootid 3 tid 105942
target_page_id id: 5 tid 105942
0 1 tid 105942
128 4 tid 105942
365 2 tid 105942
492 5 tid 105942
249 tid 105942
Remove  tid 105942
FindTargetPageId rootid 3 tid 105942
target_page_id id: 5 tid 105942
0 1 tid 105942
128 4 tid 105942
365 2 tid 105942
492 5 tid 105942
249 tid 105942
Remove  tid 105942
FindTargetPageId rootid 3 tid 105941
target_page_id id: 5 tid 105941
0 1 tid 105941
128 4 tid 105941
365 2 tid 105941
492 5 tid 105941
249 tid 105941
Insert  tid 105941
FindTargetPageId rootid 3 tid 105941
target_page_id id: 5 tid 105941
0 1 tid 105941
128 4 tid 105941
365 2 tid 105941
492 5 tid 105941
250 tid 105941
Insert  tid 105941
FindTargetPageId rootid 3 tid 105941
target_page_id id: 5 tid 105941
0 1 tid 105941
128 4 tid 105941
365 2 tid 105941
492 5 tid 105941
251 tid 105941
Insert  tid 105941
FindTargetPageId rootid 3 tid 105943
target_page_id id: 5 tid 105943
0 1 tid 105943
128 4 tid 105943
365 2 tid 105943
492 5 tid 105943
252 tid 105943
Insert  tid 105943
FindTargetPageId rootid 3 tid 105942
target_page_id id: 5 tid 105942
0 1 tid 105942
128 4 tid 105942
365 2 tid 105942
492 5 tid 105942
252 tid 105942
Remove  tid 105942
FindTargetPageId rootid 3 tid 105942
target_page_id id: 5 tid 105942
0 1 tid 105942
128 4 tid 105942
365 2 tid 105942
492 5 tid 105942
252 tid 105942
FindTargetPageId rootid 3 tid 105941
target_page_id id: 5 tid 105941
0 1 tid 105941
128 4 tid 105941
365 2 tid 105941
492 5 tid 105941
252 tid 105941
Insert  tid 105941
FindTargetPageId rootid 3 tid 105941
target_page_id id: 5 tid 105941
0 1 tid 105941
128 4 tid 105941
365 2 tid 105941
492 5 tid 105941
253 tid 105941
Remove  tid 105942
Insert  tid 105941
FindTargetPageId rootid 3 tid 105942
target_page_id id: 5 tid 105942
0 1 tid 105942
128 4 tid 105942
365 2 tid 105942
492 5 tid 105942
254 tid 105942
Remove  tid 105942
FindTargetPageId rootid 3 tid 105943
target_page_id id: 5 tid 105943
0 1 tid 105943
128 4 tid 105943
365 2 tid 105943
492 5 tid 105943
254 tid 105943
Insert  tid 105943
FindTargetPageId rootid 3 tid 105941
target_page_id id: 5 tid 105941
0 1 tid 105941
128 4 tid 105941
365 2 tid 105941
492 5 tid 105941
254 tid 105941
Insert  tid 105941
FindTargetPageId rootid 3 tid 105942
target_page_id id: 6 tid 105942
0 1 tid 105942
128 4 tid 105942
365 2 tid 105942
492 5 tid 105942
619 6 tid 105942
128 tid 105942
Remove  tid 105942
FindTargetPageId rootid 3 tid 105943
target_page_id id: 6 tid 105943
0 1 tid 105943
128 4 tid 105943
365 2 tid 105943
492 5 tid 105943
619 6 tid 105943
128 tid 105943
Insert  tid 105943
FindTargetPageId rootid 3 tid 105941
target_page_id id: 6 tid 105941
0 1 tid 105941
128 4 tid 105941
365 2 tid 105941
492 5 tid 105941
619 6 tid 105941
128 tid 105941
Insert  tid 105941
FindTargetPageId rootid 3 tid 105942
target_page_id id: 6 tid 105942
0 1 tid 105942
128 4 tid 105942
365 2 tid 105942
492 5 tid 105942
619 6 tid 105942
129 tid 105942
Remove  tid 105942
FindTargetPageId rootid 3 tid 105943
target_page_id id: 6 tid 105943
0 1 tid 105943
128 4 tid 105943
365 2 tid 105943
492 5 tid 105943
619 6 tid 105943
129 tid 105943
FindTargetPageId rootid 3 tid 105941
target_page_id id: 6 tid 105941
0 1 tid 105941
128 4 tid 105941
365 2 tid 105941
492 5 tid 105941
619 6 tid 105941
Insert  tid 105943
129 tid 105941
Insert  tid 105941
FindTargetPageId rootid 3 tid 105942
target_page_id id: 6 tid 105942
0 1 tid 105942
128 4 tid 105942
365 2 tid 105942
492 5 tid 105942
619 6 tid 105942
130 tid 105942
Remove  tid 105942
FindTargetPageId rootid 3 tid 105943
target_page_id id: 6 tid 105943
0 1 tid 105943
128 4 tid 105943
365 2 tid 105943
492 5 tid 105943
619 6 tid 105943
130 tid 105943
Insert  tid 105943
FindTargetPageId rootid 3 tid 105941
target_page_id id: 6 tid 105941
0 1 tid 105941
128 4 tid 105941
365 2 tid 105941
492 5 tid 105941
619 6 tid 105941
130 tid 105941
Insert  tid 105941
FindTargetPageId rootid 3 tid 105942
target_page_id id: 6 tid 105942
0 1 tid 105942
128 4 tid 105942
365 2 tid 105942
492 5 tid 105942
619 6 tid 105942
131 tid 105942
Remove  tid 105942
FindTargetPageId rootid 3 tid 105943
target_page_id id: 6 tid 105943
0 1 tid 105943
128 4 tid 105943
365 2 tid 105943
492 5 tid 105943
619 6 tid 105943
131 tid 105943
Insert  tid 105943
FindTargetPageId rootid 3 tid 105941
target_page_id id: 6 tid 105941
0 1 tid 105941
128 4 tid 105941
365 2 tid 105941
492 5 tid 105941
619 6 tid 105941
131 tid 105941
Insert  tid 105941
FindTargetPageId rootid 3 tid 105941
target_page_id id: 6 tid 105941
0 1 tid 105941
128 4 tid 105941
365 2 tid 105941
492 5 tid 105941
619 6 tid 105941
132 tid 105941
Insert  tid 105941
FindTargetPageId rootid 3 tid 105943
target_page_id id: 6 tid 105943
0 1 tid 105943
128 4 tid 105943
365 2 tid 105943
492 5 tid 105943
619 6 tid 105943
133 tid 105943
Insert  tid 105943
FindTargetPageId rootid 3 tid 105942
target_page_id id: 6 tid 105942
0 1 tid 105942
128 4 tid 105942
365 2 tid 105942
492 5 tid 105942
619 6 tid 105942
133 tid 105942
Remove  tid 105942
FindTargetPageId rootid 3 tid 105941
target_page_id id: 6 tid 105941
0 1 tid 105941
128 4 tid 105941
365 2 tid 105941
492 5 tid 105941
619 6 tid 105941
133 tid 105941
Insert  tid 105941
FindTargetPageId rootid 3 tid 105943
target_page_id id: 6 tid 105943
0 1 tid 105943
128 4 tid 105943
365 2 tid 105943
492 5 tid 105943
619 6 tid 105943
134 tid 105943
Insert  tid 105943
FindTargetPageId rootid 3 tid 105942
target_page_id id: 6 tid 105942
0 1 tid 105942
128 4 tid 105942
365 2 tid 105942
492 5 tid 105942
619 6 tid 105942
134 tid 105942
Remove  tid 105942
FindTargetPageId rootid 3 tid 105941
target_page_id id: 6 tid 105941
0 1 tid 105941
128 4 tid 105941
365 2 tid 105941
492 5 tid 105941
619 6 tid 105941
134 tid 105941
Insert  tid 105941
FindTargetPageId rootid 3 tid 105943
target_page_id id: 6 tid 105943
0 1 tid 105943
128 4 tid 105943
365 2 tid 105943
492 5 tid 105943
619 6 tid 105943
135 tid 105943
Insert  tid 105943
FindTargetPageId rootid 3 tid 105942
target_page_id id: 6 tid 105942
0 1 tid 105942
128 4 tid 105942
365 2 tid 105942
492 5 tid 105942
619 6 tid 105942
135 tid 105942
Remove  tid 105942
FindTargetPageId rootid 3 tid 105941
target_page_id id: 6 tid 105941
0 1 tid 105941
128 4 tid 105941
365 2 tid 105941
492 5 tid 105941
619 6 tid 105941
135 tid 105941
Insert  tid 105941
FindTargetPageId rootid 3 tid 105943
target_page_id id: 6 tid 105943
0 1 tid 105943
128 4 tid 105943
365 2 tid 105943
492 5 tid 105943
619 6 tid 105943
136 tid 105943
Insert  tid 105943
FindTargetPageId rootid 3 tid 105942
target_page_id id: 6 tid 105942
0 1 tid 105942
128 4 tid 105942
365 2 tid 105942
492 5 tid 105942
619 6 tid 105942
136 tid 105942
Remove  tid 105942
FindTargetPageId rootid 3 tid 105941
target_page_id id: 6 tid 105941
0 1 tid 105941
128 4 tid 105941
365 2 tid 105941
492 5 tid 105941
619 6 tid 105941
136 tid 105941
Insert  tid 105941
FindTargetPageId rootid 3 tid 105943
target_page_id id: 6 tid 105943
0 1 tid 105943
128 4 tid 105943
365 2 tid 105943
492 5 tid 105943
619 6 tid 105943
137 tid 105943
Insert  tid 105943
FindTargetPageId rootid 3 tid 105943
target_page_id id: 6 tid 105943
0 1 tid 105943
128 4 tid 105943
365 2 tid 105943
492 5 tid 105943
619 6 tid 105943
137 tid 105943
Insert  tid 105943
FindTargetPageId rootid 3 tid 105941
target_page_id id: 6 tid 105941
0 1 tid 105941
128 4 tid 105941
365 2 tid 105941
492 5 tid 105941
619 6 tid 105941
137 tid 105941
Insert  tid 105941
FindTargetPageId rootid 3 tid 105942
target_page_id id: 6 tid 105942
0 1 tid 105942
128 4 tid 105942
365 2 tid 105942
492 5 tid 105942
619 6 tid 105942
138 tid 105942
Remove  tid 105942
FindTargetPageId rootid 3 tid 105943
target_page_id id: 6 tid 105943
0 1 tid 105943
128 4 tid 105943
365 2 tid 105943
492 5 tid 105943
619 6 tid 105943
138 tid 105943
Insert  tid 105943
FindTargetPageId rootid 3 tid 105941
target_page_id id: 6 tid 105941
0 1 tid 105941
128 4 tid 105941
365 2 tid 105941
492 5 tid 105941
619 6 tid 105941
138 tid 105941
Insert  tid 105941
FindTargetPageId rootid 3 tid 105942
target_page_id id: 6 tid 105942
0 1 tid 105942
128 4 tid 105942
365 2 tid 105942
492 5 tid 105942
619 6 tid 105942
139 tid 105942
Remove  tid 105942
FindTargetPageId rootid 3 tid 105943
target_page_id id: 6 tid 105943
0 1 tid 105943
128 4 tid 105943
365 2 tid 105943
492 5 tid 105943
619 6 tid 105943
139 tid 105943
Insert  tid 105943
FindTargetPageId rootid 3 tid 105941
target_page_id id: 6 tid 105941
0 1 tid 105941
128 4 tid 105941
365 2 tid 105941
492 5 tid 105941
619 6 tid 105941
139 tid 105941
Insert  tid 105941
FindTargetPageId rootid 3 tid 105942
target_page_id id: 6 tid 105942
0 1 tid 105942
128 4 tid 105942
365 2 tid 105942
492 5 tid 105942
619 6 tid 105942
140 tid 105942
Remove  tid 105942
FindTargetPageId rootid 3 tid 105942
target_page_id id: 6 tid 105942
0 1 tid 105942
128 4 tid 105942
365 2 tid 105942
492 5 tid 105942
619 6 tid 105942
140 tid 105942
Remove  tid 105942
FindTargetPageId rootid 3 tid 105943
target_page_id id: 6 tid 105943
0 1 tid 105943
128 4 tid 105943
365 2 tid 105943
492 5 tid 105943
619 6 tid 105943
140 tid 105943
Insert  tid 105943
FindTargetPageId rootid 3 tid 105943
target_page_id id: 6 tid 105943
0 1 tid 105943
128 4 tid 105943
365 2 tid 105943
492 5 tid 105943
619 6 tid 105943
140 tid 105943
Insert  tid 105943
FindTargetPageId rootid 3 tid 105942
target_page_id id: 6 tid 105942
0 1 tid 105942
128 4 tid 105942
365 2 tid 105942
492 5 tid 105942
619 6 tid 105942
140 tid 105942
FindTargetPageId rootid 3 tid 105941
target_page_id id: 6 tid 105941
0 1 tid 105941
128 4 tid 105941
365 2 tid 105941
492 5 tid 105941
619 6 tid 105941
Remove  tid 105942
140 tid 105941
Insert  tid 105941
FindTargetPageId rootid 3 tid 105943
target_page_id id: 6 tid 105943
0 1 tid 105943
128 4 tid 105943
365 2 tid 105943
492 5 tid 105943
619 6 tid 105943
141 tid 105943
Insert  tid 105943
FindTargetPageId rootid 3 tid 105942
target_page_id id: 6 tid 105942
0 1 tid 105942
128 4 tid 105942
365 2 tid 105942
492 5 tid 105942
619 6 tid 105942
141 tid 105942
Remove  tid 105942
FindTargetPageId rootid 3 tid 105941
target_page_id id: 6 tid 105941
0 1 tid 105941
128 4 tid 105941
365 2 tid 105941
492 5 tid 105941
619 6 tid 105941
141 tid 105941
Insert  tid 105941
FindTargetPageId rootid 3 tid 105943
target_page_id id: 6 tid 105943
0 1 tid 105943
128 4 tid 105943
365 2 tid 105943
492 5 tid 105943
619 6 tid 105943
142 tid 105943
Insert  tid 105943
FindTargetPageId rootid 3 tid 105942
target_page_id id: 6 tid 105942
0 1 tid 105942
128 4 tid 105942
365 2 tid 105942
492 5 tid 105942
619 6 tid 105942
142 tid 105942
Remove  tid 105942
FindTargetPageId rootid 3 tid 105941
target_page_id id: 6 tid 105941
0 1 tid 105941
128 4 tid 105941
365 2 tid 105941
492 5 tid 105941
619 6 tid 105941
142 tid 105941
FindTargetPageId rootid 3 tid 105943
Insert  tid target_page_id id: 6 tid 105943105941

0 1 tid 105943
128 4 tid 105943
365 2 tid 105943
492 5 tid 105943
619 6 tid 105943
143 tid 105943
Insert  tid 105943
FindTargetPageId rootid 3 tid 105942
target_page_id id: 6 tid 105942
0 1 tid 105942
128 4 tid 105942
365 2 tid 105942
492 5 tid 105942
619 6 tid 105942
143 tid 105942
Remove  tid 105942
FindTargetPageId rootid 3 tid 105941
target_page_id id: 6 tid 105941
0 1 tid 105941
128 4 tid 105941
365 2 tid 105941
492 5 tid 105941
619 6 tid 105941
143 tid 105941
Insert  tid 105941
FindTargetPageId rootid 3 tid 105943
target_page_id id: 6 tid 105943
0 1 tid 105943
128 4 tid 105943
365 2 tid 105943
492 5 tid 105943
619 6 tid 105943
144 tid 105943
Insert  tid 105943
FindTargetPageId rootid 3 tid 105942
target_page_id id: 6 tid 105942
0 1 tid 105942
128 4 tid 105942
365 2 tid 105942
492 5 tid 105942
619 6 tid 105942
144 tid 105942
Remove  tid 105942
FindTargetPageId rootid 3 tid 105941
target_page_id id: 6 tid 105941
0 1 tid 105941
128 4 tid 105941
365 2 tid 105941
492 5 tid 105941
619 6 tid 105941
144 tid 105941
Insert  tid 105941
FindTargetPageId rootid 3 tid 105943
target_page_id id: 6 tid 105943
0 1 tid 105943
128 4 tid 105943
365 2 tid 105943
492 5 tid 105943
619 6 tid 105943
145 tid 105943
Insert  tid 105943
FindTargetPageId rootid 3 tid 105942
target_page_id id: 6 tid 105942
0 1 tid 105942
128 4 tid 105942
365 2 tid 105942
492 5 tid 105942
619 6 tid 105942
145 tid 105942
Remove  tid 105942
FindTargetPageId rootid 3 tid 105942
target_page_id id: 6 tid 105942
0 1 tid 105942
128 4 tid 105942
365 2 tid 105942
492 5 tid 105942
619 6 tid 105942
145 tid 105942
Remove  tid 105942
FindTargetPageId rootid 3 tid 105942
target_page_id id: 6 tid 105942
0 1 tid 105942
128 4 tid 105942
365 2 tid 105942
492 5 tid 105942
619 6 tid 105942
145 tid 105942
Remove  tid 105942
FindTargetPageId rootid 3 tid 105941
target_page_id id: 6 tid 105941
0 1 tid 105941
128 4 tid 105941
365 2 tid 105941
492 5 tid 105941
619 6 tid 105941
145 tid 105941
FindTargetPageId rootid 3 tid 105943
target_page_id id: 6 tid 105943
0 1 tid 105943
128 4 tid 105943
365 2 tid 105943
492 5 tid 105943
619 6 tid 105943
146 tid 105943
Insert  tid 105943
Insert FindTargetPageId rootid 3 tid 105943
 tid 105941
target_page_id id: 6 tid 105943
0 1 tid 105943
128 4 tid 105943
365 2 tid 105943
492 5 tid 105943
619 6 tid 105943
146 tid 105943
FindTargetPageId rootid 3 tid 105942
target_page_id id: 6 tid 105942
0 1 tid 105942
128 4 tid 105942
365 2 tid 105942
492 5 tid 105942
619 6 tid 105942
146 tid 105942
Remove  tid 105942
FindTargetPageId rootid 3 tid 105942
target_page_id id: 6 tid 105942
0 1 tid 105942
128 4 tid 105942
365 2 tid 105942
492 5 tid 105942
619 6 tid 105942
Insert 146 tid  tid 105943
105942
Remove  tid 105942
FindTargetPageId rootid 3 tid 105941
target_page_id id: 6 tid 105941
0 1 tid 105941
128 4 tid 105941
365 2 tid 105941
492 5 tid 105941
619 6 tid 105941
146 tid 105941
Insert  tid 105941
FindTargetPageId rootid 3 tid 105943
target_page_id id: 6 tid 105943
0 1 tid 105943
128 4 tid 105943
365 2 tid 105943
492 5 tid 105943
619 6 tid 105943
147 tid 105943
Insert  tid 105943
FindTargetPageId rootid 3 tid 105942
target_page_id id: 6 tid 105942
0 1 tid 105942
128 4 tid 105942
365 2 tid 105942
492 5 tid 105942
619 6 tid 105942
147 tid 105942
Remove  tid 105942
FindTargetPageId rootid 3 tid 105941
target_page_id id: 6 tid 105941
0 1 tid 105941
128 4 tid 105941
365 2 tid 105941
492 5 tid 105941
619 6 tid 105941
147 tid 105941
Insert  tid 105941
FindTargetPageId rootid 3 tid 105943
target_page_id id: 6 tid 105943
0 1 tid 105943
128 4 tid 105943
365 2 tid 105943
492 5 tid 105943
619 6 tid 105943
148 tid 105943
Insert  tid 105943
FindTargetPageId rootid 3 tid 105943
target_page_id id: 6 tid 105943
0 1 tid 105943
128 4 tid 105943
365 2 tid 105943
492 5 tid 105943
619 6 tid 105943
148 tid 105943
Insert  tid 105943
FindTargetPageId rootid 3 tid 105942
target_page_id id: 6 tid 105942
0 1 tid 105942
128 4 tid 105942
365 2 tid 105942
492 5 tid 105942
619 6 tid 105942
148 tid 105942
Remove  tid 105942
FindTargetPageId rootid 3 tid 105941
target_page_id id: 6 tid 105941
0 1 tid 105941
128 4 tid 105941
365 2 tid 105941
492 5 tid 105941
619 6 tid 105941
148 tid 105941
Insert  tid 105941
FindTargetPageId rootid 3 tid 105943
target_page_id id: 6 tid 105943
0 1 tid 105943
128 4 tid 105943
365 2 tid 105943
492 5 tid 105943
619 6 tid 105943
149 tid 105943
Insert  tid 105943
FindTargetPageId rootid 3 tid 105942
target_page_id id: 6 tid 105942
0 1 tid 105942
128 4 tid 105942
365 2 tid 105942
492 5 tid 105942
619 6 tid 105942
149 tid 105942
Remove  tid 105942
FindTargetPageId rootid 3 tid 105942
target_page_id id: 6 tid 105942
0 1 tid 105942
128 4 tid 105942
365 2 tid 105942
492 5 tid 105942
619 6 tid 105942
149 tid 105942
Remove  tid 105942
FindTargetPageId rootid 3 tid 105942
target_page_id id: 6 tid 105942
0 1 tid 105942
128 4 tid 105942
365 2 tid 105942
492 5 tid 105942
619 6 tid 105942
149 tid 105942
Remove  tid 105942
FindTargetPageId rootid 3 tid 105942
target_page_id id: 6 tid 105942
0 1 tid 105942
128 4 tid 105942
365 2 tid 105942
492 5 tid 105942
619 6 tid 105942
149 tid 105942
Remove  tid 105942
FindTargetPageId rootid 3 tid 105942
target_page_id id: 6 tid 105942
0 1 tid 105942
128 4 tid 105942
365 2 tid 105942
492 5 tid 105942
619 6 tid 105942
149 tid 105942
Remove  tid 105942
FindTargetPageId rootid 3 tid 105942
target_page_id id: 6 tid 105942
0 1 tid 105942
128 4 tid 105942
365 2 tid 105942
492 5 tid 105942
619 6 tid 105942
149 tid 105942
Remove  tid 105942
FindTargetPageId rootid 3 tid 105942
target_page_id id: 6 tid 105942
0 1 tid 105942
128 4 tid 105942
365 2 tid 105942
492 5 tid 105942
619 6 tid 105942
149 tid 105942
Remove  tid 105942
FindTargetPageId rootid 3 tid 105942
target_page_id id: 6 tid 105942
0 1 tid 105942
128 4 tid 105942
365 2 tid 105942
492 5 tid 105942
619 6 tid 105942
149 tid 105942
Remove  tid 105942
FindTargetPageId rootid 3 tid 105942
target_page_id id: 6 tid 105942
0 1 tid 105942
128 4 tid 105942
365 2 tid 105942
492 5 tid 105942
619 6 tid 105942
149 tid 105942
Remove  tid 105942
FindTargetPageId rootid 3 tid 105942
target_page_id id: 6 tid 105942
0 1 tid 105942
128 4 tid 105942
365 2 tid 105942
492 5 tid 105942
619 6 tid 105942
149 tid 105942
Remove  tid 105942
FindTargetPageId rootid 3 tid 105942
target_page_id id: 6 tid 105942
0 1 tid 105942
128 4 tid 105942
365 2 tid 105942
492 5 tid 105942
619 6 tid 105942
149 tid 105942
Remove  tid 105942
FindTargetPageId rootid 3 tid 105942
target_page_id id: 6 tid 105942
0 1 tid 105942
128 4 tid 105942
365 2 tid 105942
492 5 tid 105942
619 6 tid 105942
149 tid 105942
Remove  tid 105942
FindTargetPageId rootid 3 tid 105942
target_page_id id: 6 tid 105942
0 1 tid 105942
128 4 tid 105942
365 2 tid 105942
492 5 tid 105942
619 6 tid 105942
149 tid 105942
Remove  tid 105942
FindTargetPageId rootid 3 tid 105942
target_page_id id: 6 tid 105942
0 1 tid 105942
128 4 tid 105942
365 2 tid 105942
492 5 tid 105942
619 6 tid 105942
149 tid 105942
Remove  tid 105942
FindTargetPageId rootid 3 tid 105942
target_page_id id: 6 tid 105942
0 1 tid 105942
128 4 tid 105942
365 2 tid 105942
492 5 tid 105942
619 6 tid 105942
149 tid 105942
Remove  tid 105942
FindTargetPageId rootid 3 tid 105942
target_page_id id: 6 tid 105942
0 1 tid 105942
128 4 tid 105942
365 2 tid 105942
492 5 tid 105942
619 6 tid 105942
149 tid 105942
Remove  tid 105942
FindTargetPageId rootid 3 tid 105942
target_page_id id: 6 tid 105942
0 1 tid 105942
128 4 tid 105942
365 2 tid 105942
492 5 tid 105942
619 6 tid 105942
149 tid 105942
Remove  tid 105942
FindTargetPageId rootid 3 tid 105942
target_page_id id: 6 tid 105942
0 1 tid 105942
128 4 tid 105942
365 2 tid 105942
492 5 tid 105942
619 6 tid 105942
149 tid 105942
Remove  tid 105942
FindTargetPageId rootid 3 tid 105942
target_page_id id: 6 tid 105942
0 1 tid 105942
128 4 tid 105942
365 2 tid 105942
492 5 tid 105942
619 6 tid 105942
149 tid 105942
Remove  tid 105942
FindTargetPageId rootid 3 tid 105942
target_page_id id: 6 tid 105942
0 1 tid 105942
128 4 tid 105942
365 2 tid 105942
492 5 tid 105942
619 6 tid 105942
149 tid 105942
Remove  tid 105942
FindTargetPageId rootid 3 tid 105943
target_page_id id: 6 tid 105943
0 1 tid 105943
128 4 tid 105943
365 2 tid 105943
492 5 tid 105943
619 6 tid 105943
149 tid 105943
Insert  tid 105943
FindTargetPageId rootid 3 tid 105941
target_page_id id: 6 tid 105941
0 1 tid 105941
128 4 tid 105941
365 2 tid 105941
492 5 tid 105941
619 6 tid 105941
149 tid 105941
Insert  tid 105941
FindTargetPageId rootid 3 tid 105942
target_page_id id: 6 tid 105942
0 1 tid 105942
128 4 tid 105942
365 2 tid 105942
492 5 tid 105942
619 6 tid 105942
150 tid 105942
Remove  tid 105942
FindTargetPageId rootid 3 tid 105943
target_page_id id: 6 tid 105943
0 1 tid 105943
128 4 tid 105943
365 2 tid 105943
492 5 tid 105943
619 6 tid 105943
150 tid 105943
Insert  tid 105943
FindTargetPageId rootid 3 tid 105941
target_page_id id: 6 tid 105941
0 1 tid 105941
128 4 tid 105941
365 2 tid 105941
492 5 tid 105941
619 6 tid 105941
150 tid 105941
Insert  tid 105941
FindTargetPageId rootid 3 tid 105942
target_page_id id: 6 tid 105942
0 1 tid 105942
128 4 tid 105942
365 2 tid 105942
492 5 tid 105942
619 6 tid 105942
151 tid 105942
Remove  tid 105942
FindTargetPageId rootid 3 tid 105943
target_page_id id: 6 tid 105943
0 1 tid 105943
128 4 tid 105943
365 2 tid 105943
492 5 tid 105943
619 6 tid 105943
151 tid 105943
Insert  tid 105943
FindTargetPageId rootid 3 tid 105941
target_page_id id: 6 tid 105941
0 1 tid 105941
128 4 tid 105941
365 2 tid 105941
492 5 tid 105941
619 6 tid 105941
151 tid 105941
Insert  tid 105941
FindTargetPageId rootid 3 tid 105942
target_page_id id: 6 tid 105942
0 1 tid 105942
128 4 tid 105942
365 2 tid 105942
492 5 tid 105942
619 6 tid 105942
152 tid 105942
Remove  tid 105942
FindTargetPageId rootid 3 tid 105943
target_page_id id: 6 tid 105943
0 1 tid 105943
128 4 tid 105943
365 2 tid 105943
492 5 tid 105943
619 6 tid 105943
152 tid 105943
Insert  tid 105943
FindTargetPageId rootid 3 tid 105943
target_page_id id: 6 tid 105943
0 1 tid 105943
128 4 tid 105943
365 2 tid 105943
492 5 tid 105943
619 6 tid 105943
152 tid 105943
Insert  tid 105943
FindTargetPageId rootid 3 tid 105942
target_page_id id: 6 tid 105942
0 1 tid 105942
128 4 tid 105942
365 2 tid 105942
492 5 tid 105942
619 6 tid 105942
152 tid 105942
Remove  tid 105942
FindTargetPageId rootid 3 tid 105941
target_page_id id: 6 tid 105941
0 1 tid 105941
128 4 tid 105941
365 2 tid 105941
492 5 tid 105941
619 6 tid 105941
152 tid 105941
Insert  tid 105941
FindTargetPageId rootid 3 tid 105943
target_page_id id: 6 tid 105943
0 1 tid 105943
128 4 tid 105943
365 2 tid 105943
492 5 tid 105943
619 6 tid 105943
153 tid 105943
Insert  tid 105943
FindTargetPageId rootid 3 tid 105942
target_page_id id: 6 tid 105942
0 1 tid 105942
128 4 tid 105942
365 2 tid 105942
492 5 tid 105942
619 6 tid 105942
153 tid 105942
Remove  tid 105942
FindTargetPageId rootid 3 tid 105941
target_page_id id: 6 tid 105941
0 1 tid 105941
128 4 tid 105941
365 2 tid 105941
492 5 tid 105941
619 6 tid 105941
153 tid 105941
Insert  tid 105941
FindTargetPageId rootid 3 tid 105943
target_page_id id: 6 tid 105943
0 1 tid 105943
128 4 tid 105943
365 2 tid 105943
492 5 tid 105943
619 6 tid 105943
154 tid 105943
Insert  tid 105943
FindTargetPageId rootid 3 tid 105942
target_page_id id: 6 tid 105942
0 1 tid 105942
128 4 tid 105942
365 2 tid 105942
492 5 tid 105942
619 6 tid 105942
154 tid 105942
Remove  tid 105942
FindTargetPageId rootid 3 tid 105941
target_page_id id: 6 tid 105941
0 1 tid 105941
128 4 tid 105941
365 2 tid 105941
492 5 tid 105941
619 6 tid 105941
154 tid 105941
Insert  tid 105941
FindTargetPageId rootid 3 tid 105943
target_page_id id: 6 tid 105943
0 1 tid 105943
128 4 tid 105943
365 2 tid 105943
492 5 tid 105943
619 6 tid 105943
155 tid 105943
Insert  tid 105943
FindTargetPageId rootid 3 tid 105942
target_page_id id: 6 tid 105942
0 1 tid 105942
128 4 tid 105942
365 2 tid 105942
492 5 tid 105942
619 6 tid 105942
155 tid 105942
Remove  tid 105942
FindTargetPageId rootid 3 tid 105941
target_page_id id: 6 tid 105941
0 1 tid 105941
128 4 tid 105941
365 2 tid 105941
492 5 tid 105941
619 6 tid 105941
155 tid 105941
Insert  tid 105941
FindTargetPageId rootid 3 tid 105943
target_page_id id: 6 tid 105943
0 1 tid 105943
128 4 tid 105943
365 2 tid 105943
492 5 tid 105943
619 6 tid 105943
156 tid 105943
Insert  tid 105943
FindTargetPageId rootid 3 tid 105943
target_page_id id: 6 tid 105943
0 1 tid 105943
128 4 tid 105943
365 2 tid 105943
492 5 tid 105943
619 6 tid 105943
156 tid 105943
Insert  tid 105943
FindTargetPageId rootid 3 tid 105943
target_page_id id: 6 tid 105943
0 1 tid 105943
128 4 tid 105943
365 2 tid 105943
492 5 tid 105943
619 6 tid 105943
156 tid 105943
Insert  tid 105943
FindTargetPageId rootid 3 tid 105943
target_page_id id: 6 tid 105943
0 1 tid 105943
128 4 tid 105943
365 2 tid 105943
492 5 tid 105943
619 6 tid 105943
156 tid 105943
Insert  tid 105943
FindTargetPageId rootid 3 tid 105943
target_page_id id: 6 tid 105943
0 1 tid 105943
128 4 tid 105943
365 2 tid 105943
492 5 tid 105943
619 6 tid 105943
156 tid 105943
Insert  tid 105943
FindTargetPageId rootid 3 tid 105943
target_page_id id: 6 tid 105943
0 1 tid 105943
128 4 tid 105943
365 2 tid 105943
492 5 tid 105943
619 6 tid 105943
156 tid 105943
Insert  tid 105943
FindTargetPageId rootid 3 tid 105943
target_page_id id: 6 tid 105943
0 1 tid 105943
128 4 tid 105943
365 2 tid 105943
492 5 tid 105943
619 6 tid 105943
156 tid 105943
Insert  tid 105943
FindTargetPageId rootid 3 tid 105943
target_page_id id: 6 tid 105943
0 1 tid 105943
128 4 tid 105943
365 2 tid 105943
492 5 tid 105943
619 6 tid 105943
156 tid 105943
Insert  tid 105943
FindTargetPageId rootid 3 tid 105943
target_page_id id: 6 tid 105943
0 1 tid 105943
128 4 tid 105943
365 2 tid 105943
492 5 tid 105943
619 6 tid 105943
156 tid 105943
Insert  tid 105943
FindTargetPageId rootid 3 tid 105943
target_page_id id: 6 tid 105943
0 1 tid 105943
128 4 tid 105943
365 2 tid 105943
492 5 tid 105943
619 6 tid 105943
156 tid 105943
Insert  tid 105943
FindTargetPageId rootid 3 tid 105943
target_page_id id: 6 tid 105943
0 1 tid 105943
128 4 tid 105943
365 2 tid 105943
492 5 tid 105943
619 6 tid 105943
156 tid 105943
Insert  tid 105943
FindTargetPageId rootid 3 tid 105943
target_page_id id: 6 tid 105943
0 1 tid 105943
128 4 tid 105943
365 2 tid 105943
492 5 tid 105943
619 6 tid 105943
156 tid 105943
Insert  tid 105943
FindTargetPageId rootid 3 tid 105943
target_page_id id: 6 tid 105943
0 1 tid 105943
128 4 tid 105943
365 2 tid 105943
492 5 tid 105943
619 6 tid 105943
156 tid 105943
Insert  tid 105943
FindTargetPageId rootid 3 tid 105943
target_page_id id: 6 tid 105943
0 1 tid 105943
128 4 tid 105943
365 2 tid 105943
492 5 tid 105943
619 6 tid 105943
156 tid 105943
Insert  tid 105943
FindTargetPageId rootid 3 tid 105943
target_page_id id: 6 tid 105943
0 1 tid 105943
128 4 tid 105943
365 2 tid 105943
492 5 tid 105943
619 6 tid 105943
156 tid 105943
Insert  tid 105943
FindTargetPageId rootid 3 tid 105942
target_page_id id: 6 tid 105942
0 1 tid 105942
128 4 tid 105942
365 2 tid 105942
492 5 tid 105942
619 6 tid 105942
157 tid 105942
Remove  tid 105942
FindTargetPageId rootid 3 tid 105942
target_page_id id: 6 tid 105942
0 1 tid 105942
128 4 tid 105942
365 2 tid 105942
492 5 tid 105942
619 6 tid 105942
157 tid 105942
Remove  tid 105942
FindTargetPageId rootid 3 tid 105943
target_page_id id: 6 tid 105943
0 1 tid 105943
128 4 tid 105943
365 2 tid 105943
492 5 tid 105943
619 6 tid 105943
157 tid 105943
Insert  tid 105943
FindTargetPageId rootid 3 tid 105941
target_page_id id: 6 tid 105941
0 1 tid 105941
128 4 tid 105941
365 2 tid 105941
492 5 tid 105941
619 6 tid 105941
158 tid 105941
FindTargetPageId rootid 3 tid 105942
target_page_id id: 6 tid 105942
0 1 tid 105942
128 4 tid 105942
365 2 tid 105942
492 5 tid 105942
619 6 tid 105942
158 tid 105942
Insert  tid Remove  tid 105942105941

FindTargetPageId rootid 3 tid 105943
target_page_id id: 6 tid 105943
0 1 tid 105943
128 4 tid 105943
365 2 tid 105943
492 5 tid 105943
619 6 tid 105943
158 tid 105943
FindTargetPageId rootid 3 tid 105942
target_page_id id: 6 tid 105942
0 1 tid 105942
128 4 tid 105942
365 2 tid 105942
492 5 tid 105942
619 6 tid 105942
159 tid 105942
Remove  tid 105942
FindTargetPageId rootid 3 tid 105942
target_page_id id: 6 tid 105942
0 1 tid 105942
128 4 tid 105942
365 2 tid Insert 105942
492 5 tid 105942
 tid 105943
619 6 tid 105942
159 tid 105942
Remove  tid 105942
FindTargetPageId rootid 3 tid 105941
target_page_id id: 6 tid 105941
0 1 tid 105941
128 4 tid 105941
365 2 tid 105941
492 5 tid 105941
619 6 tid 105941
159 tid 105941
Insert  tid 105941
FindTargetPageId rootid 3 tid 105943
target_page_id id: 6 tid 105943
0 1 tid 105943
128 4 tid 105943
365 2 tid 105943
492 5 tid 105943
619 6 tid 105943
159 tid 105943
Insert  tid 105943
FindTargetPageId rootid 3 tid 105943
target_page_id id: 6 tid 105943
0 1 tid 105943
128 4 tid 105943
365 2 tid 105943
492 5 tid 105943
619 6 tid 105943
160 tid 105943
Insert  tid 105943
FindTargetPageId rootid 3 tid 105941
target_page_id id: 6 tid 105941
0 1 tid 105941
128 4 tid 105941
365 2 tid 105941
492 5 tid 105941
619 6 tid 105941
161 tid 105941
Insert  tid 105941
FindTargetPageId rootid 3 tid 105942
target_page_id id: 6 tid 105942
0 1 tid 105942
128 4 tid 105942
365 2 tid 105942
492 5 tid 105942
619 6 tid 105942
161 tid 105942
Remove  tid 105942
FindTargetPageId rootid 3 tid 105943
target_page_id id: 6 tid 105943
0 1 tid 105943
128 4 tid 105943
365 2 tid 105943
492 5 tid 105943
619 6 tid 105943
161 tid 105943
Insert  tid 105943
FindTargetPageId rootid 3 tid 105941
target_page_id id: 6 tid 105941
0 1 tid 105941
128 4 tid 105941
365 2 tid 105941
492 5 tid 105941
619 6 tid 105941
162 tid 105941
Insert  tid 105941
FindTargetPageId rootid 3 tid 105942
target_page_id id: 6 tid 105942
0 1 tid 105942
128 4 tid 105942
365 2 tid 105942
492 5 tid 105942
619 6 tid 105942
162 tid 105942
Remove  tid 105942
FindTargetPageId rootid 3 tid 105943
target_page_id id: 6 tid 105943
0 1 tid 105943
128 4 tid 105943
365 2 tid 105943
492 5 tid 105943
619 6 tid 105943
162 tid 105943
Insert  tid 105943
FindTargetPageId rootid 3 tid 105941
target_page_id id: 6 tid 105941
0 1 tid 105941
128 4 tid 105941
365 2 tid 105941
492 5 tid 105941
619 6 tid 105941
163 tid 105941
Insert  tid 105941
FindTargetPageId rootid 3 tid 105942
target_page_id id: 6 tid 105942
0 1 tid 105942
128 4 tid 105942
365 2 tid 105942
492 5 tid 105942
619 6 tid 105942
163 tid 105942
Remove  tid 105942
FindTargetPageId rootid 3 tid 105943
target_page_id id: 6 tid 105943
0 1 tid 105943
128 4 tid 105943
365 2 tid 105943
492 5 tid 105943
619 6 tid 105943
163 tid 105943
Insert  tid 105943
FindTargetPageId rootid 3 tid 105941
target_page_id id: 6 tid 105941
0 1 tid 105941
128 4 tid 105941
365 2 tid 105941
492 5 tid 105941
619 6 tid 105941
164 tid 105941
Insert  tid 105941
FindTargetPageId rootid 3 tid 105942
target_page_id id: 6 tid 105942
0 1 tid 105942
128 4 tid 105942
365 2 tid 105942
492 5 tid 105942
619 6 tid 105942
164 tid 105942
Remove  tid 105942
FindTargetPageId rootid 3 tid 105943
target_page_id id: 6 tid 105943
0 1 tid 105943
128 4 tid 105943
365 2 tid 105943
492 5 tid 105943
619 6 tid 105943
164 tid 105943
Insert  tid FindTargetPageId rootid 1059433 tid 
105941
target_page_id id: 6 tid 105941
0 1 tid 105941
128 4 tid 105941
365 2 tid 105941
492 5 tid 105941
619 6 tid 105941
165 tid 105941
Insert  tid 105941
FindTargetPageId rootid 3 tid 105942
target_page_id id: 6 tid 105942
0 1 tid 105942
128 4 tid 105942
365 2 tid 105942
492 5 tid 105942
619 6 tid 105942
165 tid 105942
Remove  tid 105942
FindTargetPageId rootid 3 tid 105943
target_page_id id: 6 tid 105943
0 1 tid 105943
128 4 tid 105943
365 2 tid 105943
492 5 tid 105943
619 6 tid 105943
165 tid 105943
Insert  tid 105943
FindTargetPageId rootid 3 tid 105941
target_page_id id: 6 tid 105941
0 1 tid 105941
128 4 tid 105941
365 2 tid 105941
492 5 tid 105941
619 6 tid 105941
166 tid 105941
Insert  tid 105941
FindTargetPageId rootid 3 tid 105942
target_page_id id: 6 tid 105942
0 1 tid 105942
128 4 tid 105942
365 2 tid 105942
492 5 tid 105942
619 6 tid 105942
166 tid 105942
Remove  tid 105942
FindTargetPageId rootid 3 tid 105943
target_page_id id: 6 tid 105943
0 1 tid 105943
128 4 tid 105943
365 2 tid 105943
492 5 tid 105943
619 6 tid 105943
166 tid 105943
Insert  tid 105943
FindTargetPageId rootid 3 tid 105941
target_page_id id: 6 tid 105941
0 1 tid 105941
128 4 tid 105941
365 2 tid 105941
492 5 tid 105941
619 6 tid 105941
167 tid 105941
Insert  tid 105941
FindTargetPageId rootid 3 tid 105942
target_page_id id: 6 tid 105942
0 1 tid 105942
128 4 tid 105942
365 2 tid 105942
492 5 tid 105942
619 6 tid 105942
167 tid 105942
Remove  tid 105942
FindTargetPageId rootid 3 tid 105943
target_page_id id: 6 tid 105943
0 1 tid 105943
128 4 tid 105943
365 2 tid 105943
492 5 tid 105943
619 6 tid 105943
167 tid 105943
Insert  tid 105943
FindTargetPageId rootid 3 tid 105941
target_page_id id: 6 tid 105941
0 1 tid 105941
128 4 tid 105941
365 2 tid 105941
492 5 tid 105941
619 6 tid 105941
168 tid 105941
Insert  tid 105941
FindTargetPageId rootid 3 tid 105942
target_page_id id: 6 tid 105942
0 1 tid 105942
128 4 tid 105942
365 2 tid 105942
492 5 tid 105942
619 6 tid 105942
168 tid 105942
Remove  tid 105942
FindTargetPageId rootid 3 tid 105943
target_page_id id: 6 tid 105943
0 1 tid 105943
128 4 tid 105943
365 2 tid 105943
492 5 tid 105943
619 6 tid 105943
168 tid 105943
Insert  tid 105943
FindTargetPageId rootid 3 tid 105941
target_page_id id: 6 tid 105941
0 1 tid 105941
128 4 tid 105941
365 2 tid 105941
492 5 tid 105941
619 6 tid 105941
169 tid 105941
Insert  tid 105941
FindTargetPageId rootid 3 tid 105942
target_page_id id: 6 tid 105942
0 1 tid 105942
128 4 tid 105942
365 2 tid 105942
492 5 tid 105942
619 6 tid 105942
169 tid 105942
Remove  tid 105942
FindTargetPageId rootid 3 tid 105943
target_page_id id: 6 tid 105943
0 1 tid 105943
128 4 tid 105943
365 2 tid 105943
492 5 tid 105943
619 6 tid 105943
169 tid 105943
Insert  tid 105943
FindTargetPageId rootid 3 tid 105941
target_page_id id: 6 tid 105941
0 1 tid 105941
128 4 tid 105941
365 2 tid 105941
492 5 tid 105941
619 6 tid 105941
170 tid 105941
Insert  tid 105941
FindTargetPageId rootid 3 tid 105942
target_page_id id: 6 tid 105942
0 1 tid 105942
128 4 tid 105942
365 2 tid 105942
492 5 tid 105942
619 6 tid 105942
170 tid 105942
Remove  tid 105942
FindTargetPageId rootid 3 tid 105942
target_page_id id: 6 tid 105942
0 1 tid 105942
128 4 tid 105942
365 2 tid 105942
492 5 tid 105942
619 6 tid 105942
170 tid 105942
Remove  tid 105942
FindTargetPageId rootid 3 tid 105943
target_page_id id: 6 tid 105943
0 1 tid 105943
128 4 tid 105943
365 2 tid 105943
492 5 tid 105943
619 6 tid 105943
170 tid 105943
Insert  tid 105943
FindTargetPageId rootid 3 tid 105941
target_page_id id: 6 tid 105941
0 1 tid 105941
128 4 tid 105941
365 2 tid 105941
492 5 tid 105941
619 6 tid 105941
171 tid 105941
Insert  tid 105941
FindTargetPageId rootid 3 tid 105941
target_page_id id: 6 tid 105941
0 1 tid 105941
128 4 tid 105941
365 2 tid 105941
492 5 tid 105941
619 6 tid 105941
171 tid 105941
Insert  tid 105941
FindTargetPageId rootid 3 tid 105941
target_page_id id: 6 tid 105941
0 1 tid 105941
128 4 tid 105941
365 2 tid 105941
492 5 tid 105941
619 6 tid 105941
171 tid 105941
Insert  tid 105941
FindTargetPageId rootid 3 tid 105942
target_page_id id: 6 tid 105942
0 1 tid 105942
128 4 tid 105942
365 2 tid 105942
492 5 tid 105942
619 6 tid 105942
171 tid 105942
Remove  tid 105942
FindTargetPageId rootid 3 tid 105943
target_page_id id: 6 tid 105943
0 1 tid 105943
128 4 tid 105943
365 2 tid 105943
492 5 tid 105943
619 6 tid 105943
171 tid 105943
Insert  tid 105943
FindTargetPageId rootid 3 tid 105941
target_page_id id: 6 tid 105941
0 1 tid 105941
128 4 tid 105941
365 2 tid 105941
492 5 tid 105941
619 6 tid 105941
172 tid 105941
Insert  tid 105941
FindTargetPageId rootid 3 tid 105942
target_page_id id: 6 tid 105942
0 1 tid 105942
128 4 tid 105942
365 2 tid 105942
492 5 tid 105942
619 6 tid 105942
172 tid 105942
Remove  tid 105942
FindTargetPageId rootid 3 tid 105943
target_page_id id: 6 tid 105943
0 1 tid 105943
128 4 tid 105943
365 2 tid 105943
492 5 tid 105943
619 6 tid 105943
172 tid 105943
Insert  tid 105943
FindTargetPageId rootid 3 tid 105943
target_page_id id: 6 tid 105943
0 1 tid 105943
128 4 tid 105943
365 2 tid 105943
492 5 tid 105943
619 6 tid 105943
173 tid 105943
FindTargetPageId rootid 3 tid 105942
target_page_id id: 6 tid 105942
0 1 tid 105942
128 4 tid 105942
365 2 tid 105942
492 5 tid 105942
619 6 tid 105942
174 tid 105942
Insert  tid 105943
Remove  tid 105942
FindTargetPageId rootid 3 tid 105943
target_page_id id: 6 tid 105943
0 1 tid 105943
128 4 tid 105943
365 2 tid 105943
492 5 tid 105943
619 6 tid 105943
174 tid 105943
FindTargetPageId rootid 3 tid 105941
target_page_id id: 6 tid 105941
0 1 tid 105941
128 4 tid 105941
365 2 tid 105941
492 5 tid 105941
619 6 tid 105941
Insert  tid 105943
175 tid 105941
Insert  tid 105941
FindTargetPageId rootid 3 tid 105942
target_page_id id: 6 tid 105942
0 1 tid 105942
128 4 tid 105942
365 2 tid 105942
492 5 tid 105942
619 6 tid 105942
175 tid 105942
Remove  tid 105942
FindTargetPageId rootid 3 tid 105943
target_page_id id: 6 tid 105943
0 1 tid 105943
128 4 tid 105943
365 2 tid 105943
492 5 tid 105943
619 6 tid 105943
175 tid 105943
Insert  tid 105943
FindTargetPageId rootid 3 tid 105941
target_page_id id: 6 tid 105941
0 1 tid 105941
128 4 tid 105941
365 2 tid 105941
492 5 tid 105941
619 6 tid 105941
176 tid 105941
Insert  tid 105941
FindTargetPageId rootid 3 tid 105942
target_page_id id: 6 tid 105942
0 1 tid 105942
128 4 tid 105942
365 2 tid 105942
492 5 tid 105942
619 6 tid 105942
176 tid 105942
Remove  tid 105942
FindTargetPageId rootid 3 tid 105943
target_page_id id: 6 tid 105943
0 1 tid 105943
128 4 tid 105943
365 2 tid 105943
492 5 tid 105943
619 6 tid 105943
176 tid 105943
Insert  tid 105943
FindTargetPageId rootid 3 tid 105941
target_page_id id: 6 tid 105941
0 1 tid 105941
128 4 tid 105941
365 2 tid 105941
492 5 tid 105941
619 6 tid 105941
177 tid 105941
Insert  tid 105941
FindTargetPageId rootid 3 tid 105942
target_page_id id: 6 tid 105942
0 1 tid 105942
128 4 tid 105942
365 2 tid 105942
492 5 tid 105942
619 6 tid 105942
177 tid 105942
FindTargetPageId rootid 3 tid 105943
target_page_id id: 6 tid 105943
0 1 tid 105943
128 4 tid 105943
365 2 tid 105943
Remove  tid 105942
492 5 tid 105943
619 6 tid 105943
177 tid 105943
Insert  tid 105943
FindTargetPageId rootid 3 tid 105941
target_page_id id: 6 tid 105941
0 1 tid 105941
128 4 tid 105941
365 2 tid 105941
492 5 tid 105941
619 6 tid 105941
178 tid 105941
Insert  tid 105941
FindTargetPageId rootid 3 tid 105942
target_page_id id: 6 tid 105942
0 1 tid 105942
128 4 tid 105942
365 2 tid 105942
492 5 tid 105942
619 6 tid 105942
178 tid 105942
Remove  tid 105942
FindTargetPageId rootid 3 tid 105943
target_page_id id: 6 tid 105943
0 1 tid 105943
128 4 tid 105943
365 2 tid 105943
492 5 tid 105943
619 6 tid 105943
178 tid 105943
Insert  tid 105943
FindTargetPageId rootid 3 tid 105941
target_page_id id: 6 tid 105941
0 1 tid 105941
128 4 tid 105941
365 2 tid 105941
492 5 tid 105941
619 6 tid 105941
179 tid 105941
Insert  tid 105941
FindTargetPageId rootid 3 tid 105942
target_page_id id: 6 tid 105942
0 1 tid 105942
128 4 tid 105942
365 2 tid 105942
492 5 tid 105942
619 6 tid 105942
179 tid 105942
Remove  tid 105942
FindTargetPageId rootid 3 tid 105943
target_page_id id: 6 tid 105943
0 1 tid 105943
128 4 tid 105943
365 2 tid 105943
492 5 tid 105943
619 6 tid 105943
179 tid 105943
Insert  tid 105943
FindTargetPageId rootid 3 tid 105941
target_page_id id: 6 tid 105941
0 1 tid 105941
128 4 tid 105941
365 2 tid 105941
492 5 tid 105941
619 6 tid 105941
180 tid 105941
Insert  tid 105941
FindTargetPageId rootid 3 tid 105942
target_page_id id: 6 tid 105942
0 1 tid 105942
128 4 tid 105942
365 2 tid 105942
492 5 tid 105942
619 6 tid 105942
180 tid 105942
Remove  tid 105942
FindTargetPageId rootid 3 tid 105943
target_page_id id: 6 tid 105943
0 1 tid 105943
128 4 tid 105943
365 2 tid 105943
492 5 tid 105943
619 6 tid 105943
180 tid 105943
Insert  tid 105943
FindTargetPageId rootid 3 tid 105941
target_page_id id: 6 tid 105941
0 1 tid 105941
128 4 tid 105941
365 2 tid 105941
492 5 tid 105941
619 6 tid 105941
181 tid 105941
Insert  tid 105941
FindTargetPageId rootid 3 tid 105942
target_page_id id: 6 tid 105942
0 1 tid 105942
128 4 tid 105942
365 2 tid 105942
492 5 tid 105942
619 6 tid 105942
181 tid 105942
Remove  tid 105942
FindTargetPageId rootid 3 tid 105942
target_page_id id: 6 tid 105942
0 1 tid 105942
128 4 tid 105942
365 2 tid 105942
492 5 tid 105942
619 6 tid 105942
181 tid 105942
Remove  tid 105942
FindTargetPageId rootid 3 tid 105941
target_page_id id: 6 tid 105941
0 1 tid 105941
128 4 tid 105941
365 2 tid 105941
492 5 tid 105941
619 6 tid 105941
181 tid 105941
Insert  tid 105941
FindTargetPageId rootid 3 tid 105941
target_page_id id: 6 tid 105941
0 1 tid 105941
128 4 tid 105941
365 2 tid 105941
492 5 tid 105941
619 6 tid 105941
181 tid 105941
Insert  tid 105941
FindTargetPageId rootid 3 tid 105942
target_page_id id: 6 tid 105942
0 1 tid 105942
128 4 tid 105942
365 2 tid 105942
492 5 tid 105942
619 6 tid 105942
181 tid 105942
Remove  tid 105942
FindTargetPageId rootid 3 tid 105943
target_page_id id: 6 tid 105943
0 1 tid 105943
128 4 tid 105943
365 2 tid 105943
492 5 tid 105943
619 6 tid 105943
181 tid 105943
Insert  tid 105943
FindTargetPageId rootid 3 tid 105941
target_page_id id: 6 tid 105941
0 1 tid 105941
128 4 tid 105941
365 2 tid 105941
492 5 tid 105941
619 6 tid 105941
182 tid 105941
Insert  tid 105941
FindTargetPageId rootid 3 tid 105942
target_page_id id: 6 tid 105942
0 1 tid 105942
128 4 tid 105942
365 2 tid 105942
492 5 tid 105942
619 6 tid 105942
182 tid 105942
Remove  tid 105942
FindTargetPageId rootid 3 tid 105943
target_page_id id: 6 tid 105943
0 1 tid 105943
128 4 tid 105943
365 2 tid 105943
492 5 tid 105943
619 6 tid 105943
182 tid 105943
Insert  tid 105943
FindTargetPageId rootid 3 tid 105941
target_page_id id: 6 tid 105941
0 1 tid 105941
128 4 tid 105941
365 2 tid 105941
492 5 tid 105941
619 6 tid 105941
183 tid 105941
Insert  tid 105941
FindTargetPageId rootid 3 tid 105942
target_page_id id: 6 tid 105942
0 1 tid 105942
128 4 tid 105942
365 2 tid 105942
492 5 tid 105942
619 6 tid 105942
183 tid 105942
Remove  tid 105942
FindTargetPageId rootid 3 tid 105943
target_page_id id: 6 tid 105943
0 1 tid 105943
128 4 tid 105943
365 2 tid 105943
492 5 tid 105943
619 6 tid 105943
183 tid 105943
Insert  tid 105943
FindTargetPageId rootid 3 tid 105941
target_page_id id: 6 tid 105941
0 1 tid 105941
128 4 tid 105941
365 2 tid 105941
492 5 tid 105941
619 6 tid 105941
184 tid 105941
Insert  tid 105941
FindTargetPageId rootid 3 tid 105942
target_page_id id: 6 tid 105942
0 1 tid 105942
128 4 tid 105942
365 2 tid 105942
492 5 tid 105942
619 6 tid 105942
184 tid 105942
Remove  tid 105942
FindTargetPageId rootid 3 tid 105943
target_page_id id: 6 tid 105943
0 1 tid 105943
128 4 tid 105943
365 2 tid 105943
492 5 tid 105943
619 6 tid 105943
184 tid 105943
FindTargetPageId rootid 3 tid 105941
target_page_id id: 6 tid 105941
0 1 tid 105941
128 4 tid 105941
365 2 tid 105941
492 5 tid 105941
619 6 tid 105941
185 tid 105941
Insert  tid 105943
FindTargetPageId rootid 3 tid 105942
target_page_id id: 6 tid 105942
0 1 tid 105942
128 4 tid 105942
365 2 tid 105942
492 5 tid 105942Insert  tid 105941

619 6 tid 105942
185 tid 105942
Remove  tid 105942
FindTargetPageId rootid 3 tid 105943
target_page_id id: 6 tid 105943
0 1 tid 105943
128 4 tid 105943
365 2 tid 105943
492 5 tid 105943
619 6 tid 105943
185 tid 105943
Insert  tid 105943
FindTargetPageId rootid 3 tid 105941
target_page_id id: 6 tid 105941
0 1 tid 105941
128 4 tid 105941
365 2 tid 105941
492 5 tid 105941
619 6 tid 105941
186 tid 105941
Insert  tid 105941
FindTargetPageId rootid 3 tid 105941
target_page_id id: 6 tid 105941
0 1 tid 105941
128 4 tid 105941
365 2 tid 105941
492 5 tid 105941
619 6 tid 105941
186 tid 105941
Insert  tid 105941
FindTargetPageId rootid 3 tid 105943
target_page_id id: 6 tid 105943
0 1 tid 105943
128 4 tid 105943
365 2 tid 105943
492 5 tid 105943
619 6 tid 105943
187 tid 105943
Insert  tid 105943
FindTargetPageId rootid 3 tid 105942
target_page_id id: 6 tid 105942
0 1 tid 105942
128 4 tid 105942
365 2 tid 105942
492 5 tid 105942
619 6 tid 105942
187 tid 105942
Remove  tid 105942
FindTargetPageId rootid 3 tid 105941
target_page_id id: 6 tid 105941
0 1 tid 105941
128 4 tid 105941
365 2 tid 105941
492 5 tid 105941
619 6 tid 105941
187 tid 105941
Insert  tid 105941
FindTargetPageId rootid 3 tid 105943
target_page_id id: 6 tid 105943
0 1 tid 105943
128 4 tid 105943
365 2 tid 105943
492 5 tid 105943
619 6 tid 105943
188 tid 105943
Insert  tid 105943
FindTargetPageId rootid 3 tid 105942
target_page_id id: 6 tid 105942
0 1 tid 105942
128 4 tid 105942
365 2 tid 105942
492 5 tid 105942
619 6 tid 105942
188 tid 105942
Remove  tid 105942
FindTargetPageId rootid 3 tid 105941
target_page_id id: 6 tid 105941
0 1 tid 105941
128 4 tid 105941
365 2 tid 105941
492 5 tid 105941
619 6 tid 105941
188 tid 105941
Insert  tid 105941
FindTargetPageId rootid 3 tid 105943
target_page_id id: 6 tid 105943
0 1 tid 105943
128 4 tid 105943
365 2 tid 105943
492 5 tid 105943
619 6 tid 105943
189 tid 105943
Insert  tid 105943
FindTargetPageId rootid 3 tid 105943
target_page_id id: 6 tid 105943
0 1 tid 105943
128 4 tid 105943
365 2 tid 105943
492 5 tid 105943
619 6 tid 105943
189 tid 105943
Insert  tid 105943
FindTargetPageId rootid 3 tid 105943
target_page_id id: 6 tid 105943
0 1 tid 105943
128 4 tid 105943
365 2 tid 105943
492 5 tid 105943
619 6 tid 105943
190 tid 105943
Insert  tid 105943
FindTargetPageId rootid 3 tid 105943
target_page_id id: 6 tid 105943
0 1 tid 105943
128 4 tid 105943
365 2 tid 105943
492 5 tid 105943
619 6 tid 105943
191 tid 105943
Insert  tid 105943
FindTargetPageId rootid 3 tid 105943
target_page_id id: 6 tid 105943
0 1 tid 105943
128 4 tid 105943
365 2 tid 105943
492 5 tid 105943
619 6 tid 105943
192 tid 105943
Insert  tid 105943
FindTargetPageId rootid 3 tid 105943
target_page_id id: 6 tid 105943
0 1 tid 105943
128 4 tid 105943
365 2 tid 105943
492 5 tid 105943
619 6 tid 105943
193 tid 105943
Insert  tid 105943
FindTargetPageId rootid 3 tid 105943
target_page_id id: 6 tid 105943
0 1 tid 105943
128 4 tid 105943
365 2 tid 105943
492 5 tid 105943
619 6 tid 105943
194 tid 105943
Insert  tid 105943
FindTargetPageId rootid 3 tid 105942
target_page_id id: 6 tid 105942
0 1 tid 105942
128 4 tid 105942
365 2 tid 105942
492 5 tid 105942
619 6 tid 105942
195 tid 105942
Remove  tid 105942
FindTargetPageId rootid 3 tid 105941
target_page_id id: 6 tid 105941
0 1 tid 105941
128 4 tid 105941
365 2 tid 105941
492 5 tid 105941
619 6 tid 105941
195 tid 105941
Insert  tid 105941
FindTargetPageId rootid 3 tid 105943
target_page_id id: 6 tid 105943
0 1 tid 105943
128 4 tid 105943
365 2 tid 105943
492 5 tid 105943
619 6 tid 105943
195 tid 105943
Insert  tid 105943
FindTargetPageId rootid 3 tid 105943
target_page_id id: 6 tid 105943
0 1 tid 105943
128 4 tid 105943
365 2 tid 105943
492 5 tid 105943
619 6 tid 105943
196 tid 105943
Insert  tid 105943
FindTargetPageId rootid 3 tid 105941
target_page_id id: 6 tid 105941
0 1 tid 105941
128 4 tid 105941
365 2 tid 105941
492 5 tid 105941
619 6 tid 105941
197 tid 105941
Insert  tid 105941
FindTargetPageId rootid 3 tid 105941
target_page_id id: 6 tid 105941
0 1 tid 105941
128 4 tid 105941
365 2 tid 105941
492 5 tid 105941
619 6 tid 105941
197 tid 105941
Insert  tid 105941
FindTargetPageId rootid 3 tid 105943
target_page_id id: 6 tid 105943
0 1 tid 105943
128 4 tid 105943
365 2 tid 105943
492 5 tid 105943
619 6 tid 105943
197 tid 105943
Insert  tid 105943
FindTargetPageId rootid 3 tid 105942
target_page_id id: 6 tid 105942
0 1 tid 105942
128 4 tid 105942
365 2 tid 105942
492 5 tid 105942
619 6 tid 105942
198 tid 105942
Remove  tid 105942
FindTargetPageId rootid 3 tid 105941
target_page_id id: 6 tid 105941
0 1 tid 105941
128 4 tid 105941
365 2 tid 105941
492 5 tid 105941
619 6 tid 105941
198 tid 105941
Insert  tid 105941
FindTargetPageId rootid 3 tid 105943
target_page_id id: 6 tid 105943
0 1 tid 105943
128 4 tid 105943
365 2 tid 105943
492 5 tid 105943
619 6 tid 105943
198 tid 105943
Insert  tid 105943
FindTargetPageId rootid 3 tid 105942
target_page_id id: 6 tid 105942
0 1 tid 105942
128 4 tid 105942
365 2 tid 105942
492 5 tid 105942
619 6 tid 105942
199 tid 105942
Remove  tid 105942
FindTargetPageId rootid 3 tid 105941
target_page_id id: 6 tid 105941
0 1 tid 105941
128 4 tid 105941
365 2 tid 105941
492 5 tid 105941
619 6 tid 105941
199 tid 105941
FindTargetPageId rootid 3 tid 105943
Insert  tid target_page_id id: 1059416 tid 
105943
0 1 tid 105943
128 4 tid 105943
365 2 tid 105943
492 5 tid 105943
619 6 tid 105943
199 tid 105943
Insert  tid 105943
FindTargetPageId rootid 3 tid 105942
target_page_id id: 6 tid 105942
0 1 tid 105942
128 4 tid 105942
365 2 tid 105942
492 5 tid 105942
619 6 tid 105942
200 tid 105942
Remove  tid 105942
FindTargetPageId rootid 3 tid 105942
target_page_id id: 6 tid 105942
0 1 tid 105942
128 4 tid 105942
365 2 tid 105942
492 5 tid 105942
619 6 tid 105942
200 tid 105942
Remove  tid 105942
FindTargetPageId rootid 3 tid 105942
target_page_id id: 6 tid 105942
0 1 tid 105942
128 4 tid 105942
365 2 tid 105942
492 5 tid 105942
619 6 tid 105942
200 tid 105942
Remove  tid 105942
FindTargetPageId rootid 3 tid 105942
target_page_id id: 6 tid 105942
0 1 tid 105942
128 4 tid 105942
365 2 tid 105942
492 5 tid 105942
619 6 tid 105942
200 tid 105942
Remove  tid 105942
FindTargetPageId rootid 3 tid 105942
target_page_id id: 6 tid 105942
0 1 tid 105942
128 4 tid 105942
365 2 tid 105942
492 5 tid 105942
619 6 tid 105942
200 tid 105942
Remove  tid 105942
FindTargetPageId rootid 3 tid 105942
target_page_id id: 6 tid 105942
0 1 tid 105942
128 4 tid 105942
365 2 tid 105942
492 5 tid 105942
619 6 tid 105942
200 tid 105942
Remove  tid 105942
FindTargetPageId rootid 3 tid 105942
target_page_id id: 6 tid 105942
0 1 tid 105942
128 4 tid 105942
365 2 tid 105942
492 5 tid 105942
619 6 tid 105942
200 tid 105942
Remove  tid 105942
FindTargetPageId rootid 3 tid 105942
target_page_id id: 6 tid 105942
0 1 tid 105942
128 4 tid 105942
365 2 tid 105942
492 5 tid 105942
619 6 tid 105942
200 tid 105942
Remove  tid 105942
FindTargetPageId rootid 3 tid 105942
target_page_id id: 6 tid 105942
0 1 tid 105942
128 4 tid 105942
365 2 tid 105942
492 5 tid 105942
619 6 tid 105942
200 tid 105942
Remove  tid 105942
FindTargetPageId rootid 3 tid 105942
target_page_id id: 6 tid 105942
0 1 tid 105942
128 4 tid 105942
365 2 tid 105942
492 5 tid 105942
619 6 tid 105942
200 tid 105942
Remove  tid 105942
FindTargetPageId rootid 3 tid 105942
target_page_id id: 6 tid 105942
0 1 tid 105942
128 4 tid 105942
365 2 tid 105942
492 5 tid 105942
619 6 tid 105942
200 tid 105942
Remove  tid 105942
FindTargetPageId rootid 3 tid 105942
target_page_id id: 6 tid 105942
0 1 tid 105942
128 4 tid 105942
365 2 tid 105942
492 5 tid 105942
619 6 tid 105942
200 tid 105942
Remove  tid 105942
FindTargetPageId rootid 3 tid 105942
target_page_id id: 6 tid 105942
0 1 tid 105942
128 4 tid 105942
365 2 tid 105942
492 5 tid 105942
619 6 tid 105942
200 tid 105942
Remove  tid 105942
FindTargetPageId rootid 3 tid 105941
target_page_id id: 6 tid 105941
0 1 tid 105941
128 4 tid 105941
365 2 tid 105941
492 5 tid 105941
619 6 tid 105941
200 tid 105941
Insert  tid 105941
FindTargetPageId rootid 3 tid 105943
target_page_id id: 6 tid 105943
0 1 tid 105943
128 4 tid 105943
365 2 tid 105943
492 5 tid 105943
619 6 tid 105943
200 tid 105943
Insert  tid 105943
FindTargetPageId rootid 3 tid 105942
target_page_id id: 6 tid 105942
0 1 tid 105942
128 4 tid 105942
365 2 tid 105942
492 5 tid 105942
619 6 tid 105942
201 tid 105942
Remove  tid 105942
FindTargetPageId rootid 3 tid 105941
target_page_id id: 6 tid 105941
0 1 tid 105941
128 4 tid 105941
365 2 tid 105941
492 5 tid 105941
619 6 tid 105941
201 tid 105941
Insert  tid 105941
FindTargetPageId rootid 3 tid 105943
target_page_id id: 6 tid 105943
0 1 tid 105943
128 4 tid 105943
365 2 tid 105943
492 5 tid 105943
619 6 tid 105943
201 tid 105943
Insert  tid 105943
FindTargetPageId rootid 3 tid 105942
target_page_id id: 6 tid 105942
0 1 tid 105942
128 4 tid 105942
365 2 tid 105942
492 5 tid 105942
619 6 tid 105942
202 tid 105942
Remove  tid 105942
FindTargetPageId rootid 3 tid 105941
target_page_id id: 6 tid 105941
0 1 tid 105941
128 4 tid 105941
365 2 tid 105941
492 5 tid 105941
619 6 tid 105941
202 tid 105941
Insert  tid 105941
FindTargetPageId rootid 3 tid 105941
target_page_id id: 6 tid 105941
0 1 tid 105941
128 4 tid 105941
365 2 tid 105941
492 5 tid 105941
619 6 tid 105941
202 tid 105941
Insert  tid 105941
FindTargetPageId rootid 3 tid 105941
target_page_id id: 6 tid 105941
0 1 tid 105941
128 4 tid 105941
365 2 tid 105941
492 5 tid 105941
619 6 tid 105941
202 tid 105941
Insert  tid 105941
FindTargetPageId rootid 3 tid 105941
target_page_id id: 6 tid 105941
0 1 tid 105941
128 4 tid 105941
365 2 tid 105941
492 5 tid 105941
619 6 tid 105941
202 tid 105941
Insert  tid 105941
FindTargetPageId rootid 3 tid 105941
target_page_id id: 6 tid 105941
0 1 tid 105941
128 4 tid 105941
365 2 tid 105941
492 5 tid 105941
619 6 tid 105941
202 tid 105941
Insert  tid 105941
FindTargetPageId rootid 3 tid 105941
target_page_id id: 6 tid 105941
0 1 tid 105941
128 4 tid 105941
365 2 tid 105941
492 5 tid 105941
619 6 tid 105941
202 tid 105941
Insert  tid 105941
FindTargetPageId rootid 3 tid 105941
target_page_id id: 6 tid 105941
0 1 tid 105941
128 4 tid 105941
365 2 tid 105941
492 5 tid 105941
619 6 tid 105941
202 tid 105941
Insert  tid 105941
FindTargetPageId rootid 3 tid 105942
target_page_id id: 6 tid 105942
0 1 tid 105942
128 4 tid 105942
365 2 tid 105942
492 5 tid 105942
619 6 tid 105942
203 tid 105942
Remove  tid 105942
FindTargetPageId rootid 3 tid 105943
target_page_id id: 6 tid 105943
0 1 tid 105943
128 4 tid 105943
365 2 tid 105943
492 5 tid 105943
619 6 tid 105943
203 tid 105943
Insert  tid 105943
FindTargetPageId rootid 3 tid 105941
target_page_id id: 6 tid 105941
0 1 tid 105941
128 4 tid 105941
365 2 tid 105941
492 5 tid 105941
619 6 tid 105941
203 tid 105941
Insert  tid 105941
FindTargetPageId rootid 3 tid 105942
target_page_id id: 6 tid 105942
0 1 tid 105942
128 4 tid 105942
365 2 tid 105942
492 5 tid 105942
619 6 tid 105942
204 tid 105942
Remove  tid 105942FindTargetPageId rootid 
3 tid 105943
target_page_id id: 6 tid 105943
0 1 tid 105943
128 4 tid 105943
365 2 tid 105943
492 5 tid 105943
619 6 tid 105943
204 tid 105943
Insert  tid 105943
FindTargetPageId rootid 3 tid 105941
target_page_id id: 6 tid 105941
0 1 tid 105941
128 4 tid 105941
365 2 tid 105941
492 5 tid 105941
619 6 tid 105941
204 tid 105941
Insert  tid 105941
FindTargetPageId rootid 3 tid 105942
target_page_id id: 6 tid 105942
0 1 tid 105942
128 4 tid 105942
365 2 tid 105942
492 5 tid 105942
619 6 tid 105942
205 tid 105942
Remove  tid 105942
FindTargetPageId rootid 3 tid 105943
target_page_id id: 6 tid 105943
0 1 tid 105943
128 4 tid 105943
365 2 tid 105943
492 5 tid 105943
619 6 tid 105943
205 tid 105943
Insert  tid 105943
FindTargetPageId rootid 3 tid 105943
target_page_id id: 6 tid 105943
0 1 tid 105943
128 4 tid 105943
365 2 tid 105943
492 5 tid 105943
619 6 tid 105943
205 tid 105943
Insert  tid 105943
FindTargetPageId rootid 3 tid 105943
target_page_id id: 6 tid 105943
0 1 tid 105943
128 4 tid 105943
365 2 tid 105943
492 5 tid 105943
619 6 tid 105943
206 tid 105943
Insert  tid 105943
FindTargetPageId rootid 3 tid 105941
target_page_id id: 6 tid 105941
0 1 tid 105941
128 4 tid 105941
365 2 tid 105941
492 5 tid 105941
619 6 tid 105941
207 tid 105941
Insert  tid 105941
FindTargetPageId rootid 3 tid 105942
target_page_id id: 6 tid 105942
0 1 tid 105942
128 4 tid 105942
365 2 tid 105942
492 5 tid 105942
619 6 tid 105942
207 tid 105942
Remove  tid 105942
FindTargetPageId rootid 3 tid 105943
target_page_id id: 6 tid 105943
0 1 tid 105943
128 4 tid 105943
365 2 tid 105943
492 5 tid 105943
619 6 tid 105943
207 tid 105943
Insert  tid 105943
FindTargetPageId rootid 3 tid 105941
target_page_id id: 6 tid 105941
0 1 tid 105941
128 4 tid 105941
365 2 tid 105941
492 5 tid 105941
619 6 tid 105941
208 tid 105941
Insert  tid 105941
FindTargetPageId rootid 3 tid 105942
target_page_id id: 6 tid 105942
0 1 tid 105942
128 4 tid 105942
365 2 tid 105942
492 5 tid 105942
619 6 tid 105942
208 tid 105942
Remove  tid 105942
FindTargetPageId rootid 3 tid 105943
target_page_id id: 6 tid 105943
0 1 tid 105943
128 4 tid 105943
365 2 tid 105943
492 5 tid 105943
619 6 tid 105943
208 tid 105943
Insert  tid 105943
FindTargetPageId rootid 3 tid 105941
target_page_id id: 6 tid 105941
0 1 tid 105941
128 4 tid 105941
365 2 tid 105941
492 5 tid 105941
619 6 tid 105941
209 tid 105941
Insert  tid 105941
FindTargetPageId rootid 3 tid 105942
target_page_id id: 6 tid 105942
0 1 tid 105942
128 4 tid 105942
365 2 tid 105942
492 5 tid 105942
619 6 tid 105942
209 tid 105942
Remove  tid 105942
FindTargetPageId rootid 3 tid 105943
target_page_id id: 6 tid 105943
0 1 tid 105943
128 4 tid 105943
365 2 tid 105943
492 5 tid 105943
619 6 tid 105943
209 tid 105943
Insert  tid 105943
FindTargetPageId rootid 3 tid 105941
target_page_id id: 6 tid 105941
0 1 tid 105941
128 4 tid 105941
365 2 tid 105941
492 5 tid 105941
619 6 tid 105941
210 tid 105941
Insert  tid 105941
FindTargetPageId rootid 3 tid 105942
target_page_id id: 6 tid 105942
0 1 tid 105942
128 4 tid 105942
365 2 tid 105942
492 5 tid 105942
619 6 tid 105942
210 tid 105942
Remove  tid 105942
FindTargetPageId rootid 3 tid 105943
target_page_id id: 6 tid 105943
0 1 tid 105943
128 4 tid 105943
365 2 tid 105943
492 5 tid 105943
619 6 tid 105943
210 tid 105943
Insert  tid 105943
FindTargetPageId rootid 3 tid 105941
target_page_id id: 6 tid 105941
0 1 tid 105941
128 4 tid 105941
365 2 tid 105941
492 5 tid 105941
619 6 tid 105941
211 tid 105941
Insert  tid 105941
FindTargetPageId rootid 3 tid 105942
target_page_id id: 6 tid 105942
0 1 tid 105942
128 4 tid 105942
365 2 tid 105942
492 5 tid 105942
619 6 tid 105942
211 tid 105942
Remove  tid 105942
FindTargetPageId rootid 3 tid 105943
target_page_id id: 6 tid 105943
0 1 tid 105943
128 4 tid 105943
365 2 tid 105943
492 5 tid 105943
619 6 tid 105943
211 tid 105943
Insert  tid 105943
FindTargetPageId rootid 3 tid 105941
target_page_id id: 6 tid 105941
0 1 tid 105941
128 4 tid 105941
365 2 tid 105941
492 5 tid 105941
619 6 tid 105941
212 tid 105941
Insert  tid 105941
FindTargetPageId rootid 3 tid 105942
target_page_id id: 6 tid 105942
0 1 tid 105942
128 4 tid 105942
365 2 tid 105942
492 5 tid 105942
619 6 tid 105942
212 tid 105942
Remove  tid 105942
FindTargetPageId rootid 3 tid 105943
target_page_id id: 6 tid 105943
0 1 tid 105943
128 4 tid 105943
365 2 tid 105943
492 5 tid 105943
619 6 tid 105943
212 tid 105943
Insert  tid 105943
FindTargetPageId rootid 3 tid 105941
target_page_id id: 6 tid 105941
0 1 tid 105941
128 4 tid 105941
365 2 tid 105941
492 5 tid 105941
619 6 tid 105941
213 tid 105941
Insert  tid 105941
FindTargetPageId rootid 3 tid 105942
target_page_id id: 6 tid 105942
0 1 tid 105942
128 4 tid 105942
365 2 tid 105942
492 5 tid 105942
619 6 tid 105942
213 tid 105942
Remove  tid 105942
FindTargetPageId rootid 3 tid 105943
target_page_id id: 6 tid 105943
0 1 tid 105943
128 4 tid 105943
365 2 tid 105943
492 5 tid 105943
619 6 tid 105943
213 tid 105943
Insert  tid 105943
FindTargetPageId rootid 3 tid 105941
target_page_id id: 6 tid 105941
0 1 tid 105941
128 4 tid 105941
365 2 tid 105941
492 5 tid 105941
619 6 tid 105941
214 tid 105941
Insert  tid 105941
FindTargetPageId rootid 3 tid 105942
target_page_id id: 6 tid 105942
0 1 tid 105942
128 4 tid 105942
365 2 tid 105942
492 5 tid 105942
619 6 tid 105942
214 tid 105942
Remove  tid 105942
FindTargetPageId rootid 3 tid 105943
target_page_id id: 6 tid 105943
0 1 tid 105943
128 4 tid 105943
365 2 tid 105943
492 5 tid 105943
619 6 tid 105943
214 tid 105943
Insert  tid 105943
FindTargetPageId rootid 3 tid 105941
target_page_id id: 6 tid 105941
0 1 tid 105941
128 4 tid 105941
365 2 tid 105941
492 5 tid 105941
619 6 tid 105941
215 tid 105941
Insert  tid 105941
FindTargetPageId rootid 3 tid 105942
target_page_id id: 6 tid 105942
0 1 tid 105942
128 4 tid 105942
365 2 tid 105942
492 5 tid 105942
619 6 tid 105942
215 tid 105942
Remove  tid 105942
FindTargetPageId rootid 3 tid 105943
target_page_id id: 6 tid 105943
0 1 tid 105943
128 4 tid 105943
365 2 tid 105943
492 5 tid 105943
619 6 tid 105943
215 tid 105943
Insert  tid 105943
FindTargetPageId rootid 3 tid 105941
target_page_id id: 6 tid 105941
0 1 tid 105941
128 4 tid 105941
365 2 tid 105941
492 5 tid 105941
619 6 tid 105941
216 tid 105941
Insert  tid 105941
FindTargetPageId rootid 3 tid 105942
target_page_id id: 6 tid 105942
0 1 tid 105942
128 4 tid 105942
365 2 tid 105942
492 5 tid 105942
619 6 tid 105942
216 tid 105942
Remove  tid 105942
FindTargetPageId rootid 3 tid 105943
target_page_id id: 6 tid 105943
0 1 tid 105943
128 4 tid 105943
365 2 tid 105943
492 5 tid 105943
619 6 tid 105943
216 tid 105943
Insert  tid 105943
FindTargetPageId rootid 3 tid 105941
target_page_id id: 6 tid 105941
0 1 tid 105941
128 4 tid 105941
365 2 tid 105941
492 5 tid 105941
619 6 tid 105941
217 tid 105941
Insert  tid 105941
FindTargetPageId rootid 3 tid 105942
target_page_id id: 6 tid 105942
0 1 tid 105942
128 4 tid 105942
365 2 tid 105942
492 5 tid 105942
619 6 tid 105942
217 tid 105942
Remove  tid 105942
FindTargetPageId rootid 3 tid 105943
target_page_id id: 6 tid 105943
0 1 tid 105943
128 4 tid 105943
365 2 tid 105943
492 5 tid 105943
619 6 tid 105943
217 tid 105943
Insert  tid 105943
FindTargetPageId rootid 3 tid 105941
target_page_id id: 6 tid 105941
0 1 tid 105941
128 4 tid 105941
365 2 tid 105941
492 5 tid 105941
619 6 tid 105941
218 tid 105941
Insert  tid 105941
FindTargetPageId rootid 3 tid 105942
target_page_id id: 6 tid 105942
0 1 tid 105942
128 4 tid 105942
365 2 tid 105942
492 5 tid 105942
619 6 tid 105942
218 tid 105942
Remove  tid 105942
FindTargetPageId rootid 3 tid 105943
target_page_id id: 6 tid 105943
0 1 tid 105943
128 4 tid 105943
365 2 tid 105943
492 5 tid 105943
619 6 tid 105943
218 tid 105943
Insert  tid 105943
FindTargetPageId rootid 3 tid 105941
target_page_id id: 6 tid 105941
0 1 tid 105941
128 4 tid 105941
365 2 tid 105941
492 5 tid 105941
619 6 tid 105941
219 tid 105941
Insert  tid 105941
FindTargetPageId rootid 3 tid 105942
target_page_id id: 6 tid 105942
0 1 tid 105942
128 4 tid 105942
365 2 tid 105942
492 5 tid 105942
619 6 tid 105942
219 tid 105942
Remove  tid 105942
FindTargetPageId rootid 3 tid 105943
target_page_id id: 6 tid 105943
0 1 tid 105943
128 4 tid 105943
365 2 tid 105943
492 5 tid 105943
619 6 tid 105943
219 tid 105943
Insert  tid 105943
FindTargetPageId rootid 3 tid 105941
target_page_id id: 6 tid 105941
0 1 tid 105941
128 4 tid 105941
365 2 tid 105941
492 5 tid 105941
619 6 tid 105941
220 tid 105941
Insert  tid 105941
FindTargetPageId rootid 3 tid 105942
target_page_id id: 6 tid 105942
0 1 tid 105942
128 4 tid 105942
365 2 tid 105942
492 5 tid 105942
619 6 tid 105942
220 tid 105942
Remove  tid FindTargetPageId rootid 105942
3 tid 105943
target_page_id id: 6 tid 105943
0 1 tid 105943
128 4 tid 105943
365 2 tid 105943
492 5 tid 105943
619 6 tid 105943
220 tid 105943
Insert  tid 105943
FindTargetPageId rootid 3 tid 105941
target_page_id id: 6 tid 105941
0 1 tid 105941
128 4 tid 105941
365 2 tid 105941
492 5 tid 105941
619 6 tid 105941
221 tid 105941
Insert  tid 105941
FindTargetPageId rootid 3 tid 105942
target_page_id id: 6 tid 105942
0 1 tid 105942
128 4 tid 105942
365 2 tid 105942
492 5 tid 105942
619 6 tid 105942
221 tid 105942
Remove  tid 105942
FindTargetPageId rootid 3 tid 105943
target_page_id id: 6 tid 105943
0 1 tid 105943
128 4 tid 105943
365 2 tid 105943
492 5 tid 105943
619 6 tid 105943
221 tid 105943
Insert  tid 105943
FindTargetPageId rootid 3 tid 105941
target_page_id id: 6 tid 105941
0 1 tid 105941
128 4 tid 105941
365 2 tid 105941
492 5 tid 105941
619 6 tid 105941
222 tid 105941
FindTargetPageId rootid Insert  tid 3 tid 105941
105942
target_page_id id: 6 tid 105942
0 1 tid 105942
128 4 tid 105942
365 2 tid 105942
492 5 tid 105942
619 6 tid 105942
222 tid 105942
Remove  tid 105942
FindTargetPageId rootid 3 tid 105943
target_page_id id: 6 tid 105943
0 1 tid 105943
128 4 tid 105943
365 2 tid 105943
492 5 tid 105943
619 6 tid 105943
222 tid 105943
Insert  tid 105943
FindTargetPageId rootid 3 tid 105941
target_page_id id: 6 tid 105941
0 1 tid 105941
128 4 tid 105941
365 2 tid 105941
492 5 tid 105941
619 6 tid 105941
223 tid 105941
FindTargetPageId rootid 3 tid 105942
target_page_id id: 6 tid 105942
0 1 tid 105942
128 4 tid 105942
365 2 tid 105942
492 5 tid 105942
619 6 tid 105942
223 tid 105942
Remove  tid 105942
FindTargetPageId rootid 3 tid 105942
target_page_id id: 6 tid 105942
0 1 tid Insert 105942
128 4 tid 105942
365 2 tid 105942
492 5 tid 105942
619 6 tid 105942
223 tid 105942
 tid 105941
FindTargetPageId rootid 3 tid 105943
target_page_id id: 6 tid 105943
0 1 tid 105943
128 4 tid Remove  tid 105942
105943
365 2 tid 105943
492 5 tid 105943
619 6 tid 105943
223 tid 105943
Insert  tid 105943
FindTargetPageId rootid 3 tid 105941
target_page_id id: 6 tid 105941
0 1 tid 105941
128 4 tid 105941
365 2 tid 105941
492 5 tid 105941
619 6 tid 105941
224 tid 105941
Insert  tid 105941
FindTargetPageId rootid 3 tid 105942
target_page_id id: 6 tid 105942
0 1 tid 105942
128 4 tid 105942
365 2 tid 105942
492 5 tid 105942
619 6 tid 105942
224 tid 105942
Remove  tid 105942
FindTargetPageId rootid 3 tid 105943
target_page_id id: 6 tid 105943
0 1 tid 105943
128 4 tid 105943
365 2 tid 105943
492 5 tid 105943
619 6 tid 105943
224 tid 105943
Insert  tid 105943
FindTargetPageId rootid 3 tid 105943
target_page_id id: 6 tid 105943
0 1 tid 105943
128 4 tid 105943
365 2 tid 105943
492 5 tid 105943
619 6 tid 105943
225 tid 105943
Insert  tid 105943
FindTargetPageId rootid 3 tid 105942
target_page_id id: 6 tid 105942
0 1 tid 105942
128 4 tid 105942
365 2 tid 105942
492 5 tid 105942
619 6 tid 105942
226 tid 105942
Remove  tid 105942
FindTargetPageId rootid 3 tid 105941
target_page_id id: 6 tid 105941
0 1 tid 105941
128 4 tid 105941
365 2 tid 105941
492 5 tid 105941
619 6 tid 105941
226 tid 105941
Insert  tid 105941
FindTargetPageId rootid 3 tid 105943
target_page_id id: 6 tid 105943
0 1 tid 105943
128 4 tid 105943
365 2 tid 105943
492 5 tid 105943
619 6 tid 105943
226 tid 105943
Insert  tid 105943
FindTargetPageId rootid 3 tid 105942
target_page_id id: 6 tid 105942
0 1 tid 105942
128 4 tid 105942
365 2 tid 105942
492 5 tid 105942
619 6 tid 105942
227 tid 105942
Remove  tid 105942
FindTargetPageId rootid 3 tid 105941
target_page_id id: 6 tid 105941
0 1 tid 105941
128 4 tid 105941
365 2 tid 105941
492 5 tid 105941
619 6 tid 105941
227 tid 105941
Insert  tid 105941
FindTargetPageId rootid 3 tid 105941
target_page_id id: 6 tid 105941
0 1 tid 105941
128 4 tid 105941
365 2 tid 105941
492 5 tid 105941
619 6 tid 105941
227 tid 105941
Insert  tid 105941
FindTargetPageId rootid 3 tid 105941
target_page_id id: 6 tid 105941
0 1 tid 105941
128 4 tid 105941
365 2 tid 105941
492 5 tid 105941
619 6 tid 105941
227 tid 105941
Insert  tid 105941
FindTargetPageId rootid 3 tid 105941
target_page_id id: 6 tid 105941
0 1 tid 105941
128 4 tid 105941
365 2 tid 105941
492 5 tid 105941
619 6 tid 105941
227 tid 105941
Insert  tid 105941
FindTargetPageId rootid 3 tid 105942
target_page_id id: 6 tid 105942
0 1 tid 105942
128 4 tid 105942
365 2 tid 105942
492 5 tid 105942
619 6 tid 105942
228 tid 105942
Remove  tid 105942
FindTargetPageId rootid 3 tid 105942
target_page_id id: 6 tid 105942
0 1 tid 105942
128 4 tid 105942
365 2 tid 105942
492 5 tid 105942
619 6 tid 105942
228 tid 105942
Remove  tid 105942
FindTargetPageId rootid 3 tid 105941
target_page_id id: 6 tid 105941
0 1 tid 105941
128 4 tid 105941
365 2 tid 105941
492 5 tid 105941
619 6 tid 105941
228 tid 105941
Insert  tid 105941
FindTargetPageId rootid 3 tid 105943
target_page_id id: 6 tid 105943
0 1 tid 105943
128 4 tid 105943
365 2 tid 105943
492 5 tid 105943
619 6 tid 105943
229 tid 105943
Insert  tid 105943
FindTargetPageId rootid 3 tid 105942
target_page_id id: 6 tid 105942
0 1 tid 105942
128 4 tid 105942
365 2 tid 105942
492 5 tid 105942
619 6 tid 105942
229 tid 105942
Remove  tid 105942
FindTargetPageId rootid 3 tid 105941
target_page_id id: 6 tid 105941
0 1 tid 105941
128 4 tid 105941
365 2 tid 105941
492 5 tid 105941
619 6 tid 105941
229 tid 105941
Insert  tid 105941
FindTargetPageId rootid 3 tid 105943
target_page_id id: 6 tid 105943
0 1 tid 105943
128 4 tid 105943
365 2 tid 105943
492 5 tid 105943
619 6 tid 105943
230 tid 105943
Insert  tid 105943
FindTargetPageId rootid 3 tid 105942
target_page_id id: 6 tid 105942
0 1 tid 105942
128 4 tid 105942
365 2 tid 105942
492 5 tid 105942
619 6 tid 105942
230 tid 105942
Remove  tid 105942
FindTargetPageId rootid 3 tid 105941
target_page_id id: 6 tid 105941
0 1 tid 105941
128 4 tid 105941
365 2 tid 105941
492 5 tid 105941
619 6 tid 105941
230 tid 105941
Insert  tid 105941
FindTargetPageId rootid 3 tid 105943
target_page_id id: 6 tid 105943
0 1 tid 105943
128 4 tid 105943
365 2 tid 105943
492 5 tid 105943
619 6 tid 105943
231 tid 105943
Insert  tid 105943
FindTargetPageId rootid 3 tid 105943
target_page_id id: 6 tid 105943
0 1 tid 105943
128 4 tid 105943
365 2 tid 105943
492 5 tid 105943
619 6 tid 105943
231 tid 105943
Insert  tid 105943
FindTargetPageId rootid 3 tid 105943
target_page_id id: 6 tid 105943
0 1 tid 105943
128 4 tid 105943
365 2 tid 105943
492 5 tid 105943
619 6 tid 105943
231 tid 105943
Insert  tid 105943
FindTargetPageId rootid 3 tid 105942
target_page_id id: 6 tid 105942
0 1 tid 105942
128 4 tid 105942
365 2 tid 105942
492 5 tid 105942
619 6 tid 105942
232 tid 105942
Remove  tid 105942
FindTargetPageId rootid 3 tid 105941
target_page_id id: 6 tid 105941
0 1 tid 105941
128 4 tid 105941
365 2 tid 105941
492 5 tid 105941
619 6 tid 105941
232 tid 105941
Insert  tid 105941
FindTargetPageId rootid 3 tid 105943
target_page_id id: 6 tid 105943
0 1 tid 105943
128 4 tid 105943
365 2 tid 105943
492 5 tid 105943
619 6 tid 105943
232 tid 105943
Insert  tid 105943
FindTargetPageId rootid 3 tid 105942
target_page_id id: 6 tid 105942
0 1 tid 105942
128 4 tid 105942
365 2 tid 105942
492 5 tid 105942
619 6 tid 105942
233 tid 105942
Remove  tid 105942
FindTargetPageId rootid 3 tid 105941
target_page_id id: 6 tid 105941
0 1 tid 105941
128 4 tid 105941
365 2 tid 105941
492 5 tid 105941
619 6 tid 105941
233 tid 105941
Insert  tid 105941
FindTargetPageId rootid 3 tid 105943
target_page_id id: 6 tid 105943
0 1 tid 105943
128 4 tid 105943
365 2 tid 105943
492 5 tid 105943
619 6 tid 105943
233 tid 105943
Insert  tid 105943
FindTargetPageId rootid 3 tid 105942
target_page_id id: 6 tid 105942
0 1 tid 105942
128 4 tid 105942
365 2 tid 105942
492 5 tid 105942
619 6 tid 105942
234 tid 105942
Remove  tid 105942
FindTargetPageId rootid 3 tid 105941
target_page_id id: 6 tid 105941
0 1 tid 105941
128 4 tid 105941
365 2 tid 105941
492 5 tid 105941
619 6 tid 105941
234 tid 105941
Insert  tid 105941
FindTargetPageId rootid 3 tid 105943
target_page_id id: 6 tid 105943
0 1 tid 105943
128 4 tid 105943
365 2 tid 105943
492 5 tid 105943
619 6 tid 105943
234 tid 105943
Insert  tid 105943
FindTargetPageId rootid 3 tid 105943
target_page_id id: 6 tid 105943
0 1 tid 105943
128 4 tid 105943
365 2 tid 105943
492 5 tid 105943
619 6 tid 105943
235 tid 105943
Insert  tid 105943
FindTargetPageId rootid 3 tid 105943
target_page_id id: 6 tid 105943
0 1 tid 105943
128 4 tid 105943
365 2 tid 105943
492 5 tid 105943
619 6 tid 105943
236 tid 105943
Insert  tid 105943
FindTargetPageId rootid 3 tid 105941
target_page_id id: 6 tid 105941
0 1 tid 105941
128 4 tid 105941
365 2 tid 105941
492 5 tid 105941
619 6 tid 105941
237 tid 105941
Insert  tid 105941
FindTargetPageId rootid 3 tid 105942
target_page_id id: 6 tid 105942
0 1 tid 105942
128 4 tid 105942
365 2 tid 105942
492 5 tid 105942
619 6 tid 105942
237 tid 105942
Remove  tid 105942
FindTargetPageId rootid 3 tid 105943
target_page_id id: 6 tid 105943
0 1 tid 105943
128 4 tid 105943
365 2 tid 105943
492 5 tid 105943
619 6 tid 105943
237 tid 105943
Insert  tid 105943
FindTargetPageId rootid 3 tid 105941
target_page_id id: 6 tid 105941
0 1 tid 105941
128 4 tid 105941
365 2 tid 105941
492 5 tid 105941
619 6 tid 105941
238 tid 105941
Insert  tid 105941
FindTargetPageId rootid 3 tid 105942
target_page_id id: 6 tid 105942
0 1 tid 105942
128 4 tid 105942
365 2 tid 105942
492 5 tid 105942
619 6 tid 105942
238 tid 105942
Remove  tid 105942
FindTargetPageId rootid 3 tid 105943
target_page_id id: 6 tid 105943
0 1 tid 105943
128 4 tid 105943
365 2 tid 105943
492 5 tid 105943
619 6 tid 105943
238 tid 105943
Insert  tid 105943
FindTargetPageId rootid 3 tid 105941
target_page_id id: 6 tid 105941
0 1 tid 105941
128 4 tid 105941
365 2 tid 105941
492 5 tid 105941
619 6 tid 105941
239 tid 105941
Insert  tid 105941
FindTargetPageId rootid 3 tid 105942
target_page_id id: 6 tid 105942
0 1 tid 105942
128 4 tid 105942
365 2 tid 105942
492 5 tid 105942
619 6 tid 105942
239 tid 105942
Remove  tid 105942
FindTargetPageId rootid 3 tid 105943
target_page_id id: 6 tid 105943
0 1 tid 105943
128 4 tid 105943
365 2 tid 105943
492 5 tid 105943
619 6 tid 105943
239 tid 105943
Insert  tid 105943
FindTargetPageId rootid 3 tid 105941
target_page_id id: 6 tid 105941
0 1 tid 105941
128 4 tid 105941
365 2 tid 105941
492 5 tid 105941
619 6 tid 105941
240 tid 105941
Insert  tid 105941
FindTargetPageId rootid 3 tid 105942
target_page_id id: 6 tid 105942
0 1 tid 105942
128 4 tid 105942
365 2 tid 105942
492 5 tid 105942
619 6 tid 105942
240 tid 105942
Remove  tid 105942
FindTargetPageId rootid 3 tid 105943
target_page_id id: 6 tid 105943
0 1 tid 105943
128 4 tid 105943
365 2 tid 105943
492 5 tid 105943
619 6 tid 105943
240 tid 105943
Insert  tid 105943
FindTargetPageId rootid 3 tid 105941
target_page_id id: 6 tid 105941
0 1 tid 105941
128 4 tid 105941
365 2 tid 105941
492 5 tid 105941
619 6 tid 105941
241 tid 105941
Insert  tid 105941
FindTargetPageId rootid 3 tid 105942
target_page_id id: 6 tid 105942
0 1 tid 105942
128 4 tid 105942
365 2 tid 105942
492 5 tid 105942
619 6 tid 105942
241 tid 105942
Remove  tid 105942
FindTargetPageId rootid 3 tid 105943
target_page_id id: 6 tid 105943
0 1 tid 105943
128 4 tid 105943
365 2 tid 105943
492 5 tid 105943
619 6 tid 105943
241 tid 105943
Insert  tid 105943
FindTargetPageId rootid 3 tid 105941
target_page_id id: 6 tid 105941
0 1 tid 105941
128 4 tid 105941
365 2 tid 105941
492 5 tid 105941
619 6 tid 105941
242 tid 105941
Insert  tid 105941
FindTargetPageId rootid 3 tid 105942
target_page_id id: 6 tid 105942
0 1 tid 105942
128 4 tid 105942
365 2 tid 105942
492 5 tid 105942
619 6 tid 105942
242 tid 105942
Remove  tid 105942
FindTargetPageId rootid 3 tid 105943
target_page_id id: 6 tid 105943
0 1 tid 105943
128 4 tid 105943
365 2 tid 105943
492 5 tid 105943
619 6 tid 105943
242 tid 105943
Insert  tid 105943
FindTargetPageId rootid 3 tid 105941
target_page_id id: 6 tid 105941
0 1 tid 105941
128 4 tid 105941
365 2 tid 105941
492 5 tid 105941
619 6 tid 105941
243 tid 105941
Insert  tid 105941
FindTargetPageId rootid 3 tid 105942
target_page_id id: 6 tid 105942
0 1 tid 105942
128 4 tid 105942
365 2 tid 105942
492 5 tid 105942
619 6 tid 105942
243 tid 105942
Remove  tid 105942
FindTargetPageId rootid 3 tid 105943
target_page_id id: 6 tid 105943
0 1 tid 105943
128 4 tid 105943
365 2 tid 105943
492 5 tid 105943
619 6 tid 105943
243 tid 105943
Insert  tid 105943
FindTargetPageId rootid 3 tid 105941
target_page_id id: 6 tid 105941
0 1 tid 105941
128 4 tid 105941
365 2 tid 105941
492 5 tid 105941
619 6 tid 105941
244 tid 105941
Insert  tid 105941
FindTargetPageId rootid 3 tid 105942
target_page_id id: 6 tid 105942
0 1 tid 105942
128 4 tid 105942
365 2 tid 105942
492 5 tid 105942
619 6 tid 105942
244 tid 105942
Remove  tid 105942
FindTargetPageId rootid 3 tid 105943
target_page_id id: 6 tid 105943
0 1 tid 105943
128 4 tid 105943
365 2 tid 105943
492 5 tid 105943
619 6 tid 105943
244 tid 105943
FindTargetPageId rootid 3 tid 105941
Insert  tid 105943
target_page_id id: 6 tid 105941
0 1 tid 105941
128 4 tid 105941
365 2 tid 105941
492 5 tid 105941
619 6 tid 105941
245 tid 105941
Insert  tid 105941
FindTargetPageId rootid 3 tid 105941
target_page_id id: 6 tid 105941
0 1 tid 105941
128 4 tid 105941
365 2 tid 105941
492 5 tid 105941
619 6 tid 105941
245 tid 105941
Insert  tid 105941
FindTargetPageId rootid 3 tid 105941
target_page_id id: 6 tid 105941
0 1 tid 105941
128 4 tid 105941
365 2 tid 105941
492 5 tid 105941
619 6 tid 105941
245 tid 105941
FindTargetPageId rootid 3 tid 105942
target_page_id id: 6 tid 105942
0 1 tid 105942
128 4 tid 105942
365 2 tid 105942
492 5 tid 105942
619 6 tid 105942
Insert 245 tid 105942
 tid 105941
Remove  tid 105942
FindTargetPageId rootid 3 tid 105943
target_page_id id: 6 tid 105943
0 1 tid 105943
128 4 tid 105943
365 2 tid 105943
492 5 tid 105943
619 6 tid 105943
245 tid 105943
Insert  tid 105943
FindTargetPageId rootid 3 tid 105941
target_page_id id: 6 tid 105941
0 1 tid 105941
128 4 tid 105941
365 2 tid 105941
492 5 tid 105941
619 6 tid 105941
246 tid 105941
Insert  tid 105941
FindTargetPageId rootid 3 tid 105942
target_page_id id: 6 tid 105942
0 1 tid 105942
128 4 tid 105942
365 2 tid 105942
492 5 tid 105942
619 6 tid 105942
246 tid 105942
Remove  tid 105942
FindTargetPageId rootid 3 tid 105943
target_page_id id: 6 tid 105943
0 1 tid 105943
128 4 tid 105943
365 2 tid 105943
492 5 tid 105943
619 6 tid 105943
246 tid 105943
Insert  tid 105943
FindTargetPageId rootid 3 tid 105941
target_page_id id: 6 tid 105941
0 1 tid 105941
128 4 tid 105941
365 2 tid 105941
492 5 tid 105941
619 6 tid 105941
247 tid 105941
Insert  tid 105941
FindTargetPageId rootid 3 tid 105942
target_page_id id: 6 tid 105942
0 1 tid 105942
128 4 tid 105942
365 2 tid 105942
492 5 tid 105942
619 6 tid 105942
247 tid 105942
Remove  tid 105942
FindTargetPageId rootid 3 tid 105943
target_page_id id: 6 tid 105943
0 1 tid 105943
128 4 tid 105943
365 2 tid 105943
492 5 tid 105943
619 6 tid 105943
247 tid 105943
Insert  tid 105943
FindTargetPageId rootid 3 tid 105941
target_page_id id: 6 tid 105941
0 1 tid 105941
128 4 tid 105941
365 2 tid 105941
492 5 tid 105941
619 6 tid 105941
248 tid 105941
Insert  tid 105941
FindTargetPageId rootid 3 tid 105942
target_page_id id: 6 tid 105942
0 1 tid 105942
128 4 tid 105942
365 2 tid 105942
492 5 tid 105942
619 6 tid 105942
248 tid 105942
Remove  tid 105942
FindTargetPageId rootid 3 tid 105942
target_page_id id: 6 tid 105942
0 1 tid 105942
128 4 tid 105942
365 2 tid 105942
492 5 tid 105942
619 6 tid 105942
248 tid 105942
Remove  tid 105942
FindTargetPageId rootid 3 tid 105942
target_page_id id: 6 tid 105942
0 1 tid 105942
128 4 tid 105942
365 2 tid 105942
492 5 tid 105942
619 6 tid 105942
248 tid 105942
Remove  tid 105942
FindTargetPageId rootid 3 tid 105941
target_page_id id: 6 tid 105941
0 1 tid 105941
128 4 tid 105941
365 2 tid 105941
492 5 tid 105941
619 6 tid 105941
248 tid 105941
Insert  tid 105941
FindTargetPageId rootid 3 tid 105943
target_page_id id: 6 tid 105943
0 1 tid 105943
128 4 tid 105943
365 2 tid 105943
492 5 tid 105943
619 6 tid 105943
249 tid 105943
Insert  tid 105943
FindTargetPageId rootid 3 tid 105942
target_page_id id: 6 tid 105942
0 1 tid 105942
128 4 tid 105942
365 2 tid 105942
492 5 tid 105942
619 6 tid 105942
249 tid 105942
FindTargetPageId rootid 3 tid 105941
target_page_id id: 6 tid 105941
0 1 tid 105941
128 4 tid 105941
365 2 tid 105941
492 5 tid 105941
619 6 tid 105941
249 tid 105941
Insert  tid 105941
FindTargetPageId rootid 3 tid 105941
target_page_id id: 6 tid 105941
0 1 tid 105941
128 4 tid 105941
365 2 tid 105941
492 5 tid 105941
619 6 tid 105941
250 tid 105941
Remove  tid 105942
Insert  tid 105941
FindTargetPageId rootid 3 tid 105943
target_page_id id: 6 tid 105943
0 1 tid 105943
128 4 tid 105943
365 2 tid 105943
492 5 tid 105943
619 6 tid 105943
251 tid 105943
Insert  tid 105943
FindTargetPageId rootid 3 tid 105943
target_page_id id: 6 tid 105943
0 1 tid 105943
128 4 tid 105943
365 2 tid 105943
492 5 tid 105943
619 6 tid 105943
251 tid 105943
Insert  tid 105943
FindTargetPageId rootid 3 tid 105941
target_page_id id: 6 tid 105941
0 1 tid 105941
128 4 tid 105941
365 2 tid 105941
492 5 tid 105941
619 6 tid 105941
251 tid 105941
Insert  tid 105941
FindTargetPageId rootid 3 tid 105942
target_page_id id: 6 tid 105942
0 1 tid 105942
128 4 tid 105942
365 2 tid 105942
492 5 tid 105942
619 6 tid 105942
252 tid 105942
Remove  tid 105942
FindTargetPageId rootid 3 tid 105943
target_page_id id: 6 tid 105943
0 1 tid 105943
128 4 tid 105943
365 2 tid 105943
492 5 tid 105943
619 6 tid 105943
252 tid 105943
Insert  tid 105943
FindTargetPageId rootid 3 tid 105941
target_page_id id: 6 tid 105941
0 1 tid 105941
128 4 tid 105941
365 2 tid 105941
492 5 tid 105941
619 6 tid 105941
252 tid 105941
Insert  tid 105941
FindTargetPageId rootid 3 tid 105942
target_page_id id: 6 tid 105942
0 1 tid 105942
128 4 tid 105942
365 2 tid 105942
492 5 tid 105942
619 6 tid 105942
253 tid 105942
Remove  tid 105942
FindTargetPageId rootid 3 tid 105943
target_page_id id: 6 tid 105943
0 1 tid 105943
128 4 tid 105943
365 2 tid 105943
492 5 tid 105943
619 6 tid 105943
253 tid 105943
Insert  tid 105943
FindTargetPageId rootid 3 tid 105941
target_page_id id: 6 tid 105941
0 1 tid 105941
128 4 tid 105941
365 2 tid 105941
492 5 tid 105941
619 6 tid 105941
253 tid 105941
FindTargetPageId rootid 3 tid Insert  tid 105942
target_page_id id: 6 tid 105942
0 1 tid 105942
128 4 tid 105942
365 2 tid 105942
492 5 tid 105942
619 6 tid 105942
105941254 tid 105942

Remove  tid 105942
FindTargetPageId rootid 3 tid 105943
target_page_id id: 6 tid 105943
0 1 tid 105943
128 4 tid 105943
365 2 tid 105943
492 5 tid 105943
619 6 tid 105943
254 tid 105943
Insert  tid 105943
FindTargetPageId rootid 3 tid 105941
target_page_id id: 6 tid 105941
0 1 tid 105941
128 4 tid 105941
365 2 tid 105941
492 5 tid 105941
619 6 tid 105941
254 tid 105941
Insert  tid 105941
FindTargetPageId rootid 3 tid 105942
target_page_id id: 7 tid 105942
0 1 tid 105942
128 4 tid 105942
365 2 tid 105942
492 5 tid 105942
619 6 tid 105942
746 7 tid 105942
128 tid 105942
Remove  tid 105942
FindTargetPageId rootid 3 tid 105943
target_page_id id: 7 tid 105943
0 1 tid 105943
128 4 tid 105943
365 2 tid 105943
492 5 tid 105943
619 6 tid 105943
746 7 tid 105943
128 tid 105943
Insert  tid 105943
FindTargetPageId rootid 3 tid 105941
target_page_id id: 7 tid 105941
0 1 tid 105941
128 4 tid 105941
365 2 tid 105941
492 5 tid 105941
619 6 tid 105941
746 7 tid 105941
128 tid 105941
Insert  tid 105941
FindTargetPageId rootid 3 tid 105942
target_page_id id: 7 tid 105942
0 1 tid 105942
128 4 tid 105942
365 2 tid 105942
492 5 tid 105942
619 6 tid 105942
746 7 tid 105942
129 tid 105942
Remove  tid 105942
FindTargetPageId rootid 3 tid 105943
target_page_id id: 7 tid 105943
0 1 tid 105943
128 4 tid 105943
365 2 tid 105943
492 5 tid 105943
619 6 tid 105943
746 7 tid 105943
129 tid 105943
Insert  tid 105943
FindTargetPageId rootid 3 tid 105941
target_page_id id: 7 tid 105941
0 1 tid 105941
128 4 tid 105941
365 2 tid 105941
492 5 tid 105941
619 6 tid 105941
746 7 tid 105941
129 tid 105941
Insert  tid 105941
FindTargetPageId rootid 3 tid 105942
target_page_id id: 7 tid 105942
0 1 tid 105942
128 4 tid 105942
365 2 tid 105942
492 5 tid 105942
619 6 tid 105942
746 7 tid 105942
130 tid 105942
Remove  tid 105942
FindTargetPageId rootid 3 tid 105943
target_page_id id: 7 tid 105943
0 1 tid 105943
128 4 tid 105943
365 2 tid 105943
492 5 tid 105943
619 6 tid 105943
746 7 tid 105943
130 tid 105943
Insert  tid 105943
FindTargetPageId rootid 3 tid 105941
target_page_id id: 7 tid 105941
0 1 tid 105941
128 4 tid 105941
365 2 tid 105941
492 5 tid 105941
619 6 tid 105941
746 7 tid 105941
130 tid 105941
Insert  tid 105941
FindTargetPageId rootid 3 tid 105942
target_page_id id: 7 tid 105942
0 1 tid 105942
128 4 tid 105942
365 2 tid 105942
492 5 tid 105942
619 6 tid 105942
746 7 tid 105942
131 tid 105942
Remove  tid 105942
FindTargetPageId rootid 3 tid 105943
target_page_id id: 7 tid 105943
0 1 tid 105943
128 4 tid 105943
365 2 tid 105943
492 5 tid 105943
619 6 tid 105943
746 7 tid 105943
131 tid 105943
Insert  tid 105943
FindTargetPageId rootid 3 tid 105941
target_page_id id: 7 tid 105941
0 1 tid 105941
128 4 tid 105941
365 2 tid 105941
492 5 tid 105941
619 6 tid 105941
746 7 tid 105941
131 tid 105941
Insert  tid 105941
FindTargetPageId rootid 3 tid 105942
target_page_id id: 7 tid 105942
0 1 tid 105942
128 4 tid 105942
365 2 tid 105942
492 5 tid 105942
619 6 tid 105942
746 7 tid 105942
132 tid 105942
Remove  tid 105942
FindTargetPageId rootid 3 tid 105943
target_page_id id: 7 tid 105943
0 1 tid 105943
128 4 tid 105943
365 2 tid 105943
492 5 tid 105943
619 6 tid 105943
746 7 tid 105943
132 tid 105943
Insert  tid 105943
FindTargetPageId rootid 3 tid 105941
target_page_id id: 7 tid 105941
0 1 tid 105941
128 4 tid 105941
365 2 tid 105941
492 5 tid 105941
619 6 tid 105941
746 7 tid 105941
132 tid 105941
Insert  tid 105941
FindTargetPageId rootid 3 tid 105942
target_page_id id: 7 tid 105942
0 1 tid 105942
128 4 tid 105942
365 2 tid 105942
492 5 tid 105942
619 6 tid 105942
746 7 tid 105942
133 tid 105942
Remove  tid 105942
FindTargetPageId rootid 3 tid 105943
target_page_id id: 7 tid 105943
0 1 tid 105943
128 4 tid 105943
365 2 tid 105943
492 5 tid 105943
619 6 tid 105943
746 7 tid 105943
133 tid 105943
Insert  tid 105943
FindTargetPageId rootid 3 tid 105941
target_page_id id: 7 tid 105941
0 1 tid 105941
128 4 tid 105941
365 2 tid 105941
492 5 tid 105941
619 6 tid 105941
746 7 tid 105941
133 tid 105941
Insert  tid 105941
FindTargetPageId rootid 3 tid 105942
target_page_id id: 7 tid 105942
0 1 tid 105942
128 4 tid 105942
365 2 tid 105942
492 5 tid 105942
619 6 tid 105942
746 7 tid 105942
134 tid 105942
FindTargetPageId rootid 3 tid 105943
target_page_id id: 7 tid 105943
0 1 tid 105943
128 4 tid 105943
365 2 tid 105943
492 5 tid 105943
619 6 tid 105943
746 7 tid 105943
134 tid 105943
Insert  tid 105943
FindTargetPageId rootid 3 tid 105941
target_page_id id: 7 tid 105941
0 1 tid 105941
128 4 tid 105941
365 2 tid 105941
492 5 tid 105941
619 6 tid 105941
746 7 tid 105941
134 tid 105941
Insert  tid 105941
FindTargetPageId rootid 3 tid 105943
target_page_id id: 7 tid 105943
0 1 tid 105943
128 4 tid 105943
365 2 tid 105943
492 5 tid 105943
619 6 tid 105943
746 7 tid 105943
135 tid 105943
Insert  tid 105943
FindTargetPageId rootid 3 tid 105941
target_page_id id: 7 tid 105941
0 1 tid 105941
128 4 tid 105941
365 2 tid 105941
492 5 tid 105941
619 6 tid 105941
746 7 tid 105941
135 tid 105941
Insert  tid 105941
FindTargetPageId rootid 3 tid 105943
target_page_id id: 7 tid 105943
0 1 tid 105943
128 4 tid 105943
365 2 tid 105943
492 5 tid 105943
619 6 tid 105943
746 7 tid 105943
136 tid 105943
Insert  tid 105943
FindTargetPageId rootid 3 tid 105943
target_page_id id: 7 tid 105943
0 1 tid 105943
128 4 tid 105943
365 2 tid 105943
492 5 tid 105943
619 6 tid 105943
746 7 tid 105943
136 tid 105943
Insert  tid 105943
FindTargetPageId rootid 3 tid 105943
target_page_id id: 7 tid 105943
0 1 tid 105943
128 4 tid 105943
365 2 tid 105943
492 5 tid 105943
619 6 tid 105943
746 7 tid 105943
137 tid 105943
Insert  tid 105943
FindTargetPageId rootid 3 tid 105943
target_page_id id: 7 tid 105943
0 1 tid 105943
128 4 tid 105943
365 2 tid 105943
492 5 tid 105943
619 6 tid 105943
746 7 tid 105943
138 tid 105943
Insert  tid 105943
FindTargetPageId rootid 3 tid 105943
target_page_id id: 7 tid 105943
0 1 tid 105943
128 4 tid 105943
365 2 tid 105943
492 5 tid 105943
619 6 tid 105943
746 7 tid 105943
139 tid 105943
Insert  tid 105943
FindTargetPageId rootid 3 tid 105943
target_page_id id: 7 tid 105943
0 1 tid 105943
128 4 tid 105943
365 2 tid 105943
492 5 tid 105943
619 6 tid 105943
746 7 tid 105943
140 tid 105943
Insert  tid 105943
FindTargetPageId rootid 3 tid 105943
target_page_id id: 7 tid 105943
0 1 tid 105943
128 4 tid 105943
365 2 tid 105943
492 5 tid 105943
619 6 tid 105943
746 7 tid 105943
141 tid 105943
Insert  tid 105943
FindTargetPageId rootid 3 tid 105943
target_page_id id: 7 tid 105943
0 1 tid 105943
128 4 tid 105943
365 2 tid 105943
492 5 tid 105943
619 6 tid 105943
746 7 tid 105943
142 tid 105943
Insert  tid 105943
FindTargetPageId rootid 3 tid 105943
target_page_id id: 7 tid 105943
0 1 tid 105943
128 4 tid 105943
365 2 tid 105943
492 5 tid 105943
619 6 tid 105943
746 7 tid 105943
143 tid 105943
Insert  tid 105943
FindTargetPageId rootid 3 tid 105943
target_page_id id: 7 tid 105943
0 1 tid 105943
128 4 tid 105943
365 2 tid 105943
492 5 tid 105943
619 6 tid 105943
746 7 tid 105943
144 tid 105943
Insert  tid 105943
FindTargetPageId rootid 3 tid 105943
target_page_id id: 7 tid 105943
0 1 tid 105943
128 4 tid 105943
365 2 tid 105943
492 5 tid 105943
619 6 tid 105943
746 7 tid 105943
145 tid 105943
Insert  tid 105943
FindTargetPageId rootid 3 tid 105943
target_page_id id: 7 tid 105943
0 1 tid 105943
128 4 tid 105943
365 2 tid 105943
492 5 tid 105943
619 6 tid 105943
746 7 tid 105943
146 tid 105943
Insert  tid 105943
FindTargetPageId rootid 3 tid 105943
target_page_id id: 7 tid 105943
0 1 tid 105943
128 4 tid 105943
365 2 tid 105943
492 5 tid 105943
619 6 tid 105943
746 7 tid 105943
147 tid 105943
Insert  tid 105943
FindTargetPageId rootid 3 tid 105943
target_page_id id: 7 tid 105943
0 1 tid 105943
128 4 tid 105943
365 2 tid 105943
492 5 tid 105943
619 6 tid 105943
746 7 tid 105943
148 tid 105943
Insert  tid 105943
FindTargetPageId rootid 3 tid 105943
target_page_id id: 7 tid 105943
0 1 tid 105943
128 4 tid 105943
365 2 tid 105943
492 5 tid 105943
619 6 tid 105943
746 7 tid 105943
149 tid 105943
Insert  tid 105943
FindTargetPageId rootid 3 tid 105941
target_page_id id: 7 tid 105941
0 1 tid 105941
128 4 tid 105941
365 2 tid 105941
492 5 tid 105941
619 6 tid 105941
746 7 tid 105941
150 tid 105941
Insert  tid 105941
FindTargetPageId rootid 3 tid 105941
target_page_id id: 7 tid 105941
0 1 tid 105941
128 4 tid 105941
365 2 tid 105941
492 5 tid 105941
619 6 tid 105941
746 7 tid 105941
150 tid 105941
Insert  tid 105941
FindTargetPageId rootid 3 tid 105941
target_page_id id: 7 tid 105941
0 1 tid 105941
128 4 tid 105941
365 2 tid 105941
492 5 tid 105941
619 6 tid 105941
746 7 tid 105941
150 tid 105941
Insert  tid 105941
FindTargetPageId rootid 3 tid 105941
target_page_id id: 7 tid 105941
0 1 tid 105941
128 4 tid 105941
365 2 tid 105941
492 5 tid 105941
619 6 tid 105941
746 7 tid 105941
150 tid 105941
Insert  tid 105941
FindTargetPageId rootid 3 tid 105941
target_page_id id: 7 tid 105941
0 1 tid 105941
128 4 tid 105941
365 2 tid 105941
492 5 tid 105941
619 6 tid 105941
746 7 tid 105941
150 tid 105941
Insert  tid 105941
FindTargetPageId rootid 3 tid 105941
target_page_id id: 7 tid 105941
0 1 tid 105941
128 4 tid 105941
365 2 tid 105941
492 5 tid 105941
619 6 tid 105941
746 7 tid 105941
150 tid 105941
Insert  tid 105941
FindTargetPageId rootid 3 tid 105941
target_page_id id: 7 tid 105941
0 1 tid 105941
128 4 tid 105941
365 2 tid 105941
492 5 tid 105941
619 6 tid 105941
746 7 tid 105941
150 tid 105941
Insert  tid 105941
FindTargetPageId rootid 3 tid 105943
target_page_id id: 7 tid 105943
0 1 tid 105943
128 4 tid 105943
365 2 tid 105943
492 5 tid 105943
619 6 tid 105943
746 7 tid 105943
150 tid 105943
Insert  tid 105943
FindTargetPageId rootid 3 tid 105943
target_page_id id: 7 tid 105943
0 1 tid 105943
128 4 tid 105943
365 2 tid 105943
492 5 tid 105943
619 6 tid 105943
746 7 tid 105943
151 tid 105943
Insert  tid 105943
FindTargetPageId rootid 3 tid 105943
target_page_id id: 7 tid 105943
0 1 tid 105943
128 4 tid 105943
365 2 tid 105943
492 5 tid 105943
619 6 tid 105943
746 7 tid 105943
152 tid 105943
Insert  tid 105943
FindTargetPageId rootid 3 tid 105943
target_page_id id: 7 tid 105943
0 1 tid 105943
128 4 tid 105943
365 2 tid 105943
492 5 tid 105943
619 6 tid 105943
746 7 tid 105943
153 tid 105943
Insert  tid 105943
FindTargetPageId rootid 3 tid 105943
target_page_id id: 7 tid 105943
0 1 tid 105943
128 4 tid 105943
365 2 tid 105943
492 5 tid 105943
619 6 tid 105943
746 7 tid 105943
154 tid 105943
Insert  tid 105943
FindTargetPageId rootid 3 tid 105943
target_page_id id: 7 tid 105943
0 1 tid 105943
128 4 tid 105943
365 2 tid 105943
492 5 tid 105943
619 6 tid 105943
746 7 tid 105943
155 tid 105943
Insert  tid 105943
FindTargetPageId rootid 3 tid 105941
target_page_id id: 7 tid 105941
0 1 tid 105941
128 4 tid 105941
365 2 tid 105941
492 5 tid 105941
619 6 tid 105941
746 7 tid 105941
156 tid 105941
Insert  tid 105941
FindTargetPageId rootid 3 tid 105943
target_page_id id: 7 tid 105943
0 1 tid 105943
128 4 tid 105943
365 2 tid 105943
492 5 tid 105943
619 6 tid 105943
746 7 tid 105943
156 tid 105943
Insert  tid 105943
FindTargetPageId rootid 3 tid 105943
target_page_id id: 7 tid 105943
0 1 tid 105943
128 4 tid 105943
365 2 tid 105943
492 5 tid 105943
619 6 tid 105943
746 7 tid 105943
157 tid 105943
Insert  tid 105943
FindTargetPageId rootid 3 tid 105943
target_page_id id: 7 tid 105943
0 1 tid 105943
128 4 tid 105943
365 2 tid 105943
492 5 tid 105943
619 6 tid 105943
746 7 tid 105943
158 tid 105943
Insert  tid 105943
FindTargetPageId rootid 3 tid 105943
target_page_id id: 7 tid 105943
0 1 tid 105943
128 4 tid 105943
365 2 tid 105943
492 5 tid 105943
619 6 tid 105943
746 7 tid 105943
159 tid 105943
Insert  tid 105943
FindTargetPageId rootid 3 tid 105941
target_page_id id: 7 tid 105941
0 1 tid 105941
128 4 tid 105941
365 2 tid 105941
492 5 tid 105941
619 6 tid 105941
746 7 tid 105941
160 tid 105941
Insert  tid 105941
FindTargetPageId rootid 3 tid 105943
target_page_id id: 7 tid 105943
0 1 tid 105943
128 4 tid 105943
365 2 tid 105943
492 5 tid 105943
619 6 tid 105943
746 7 tid 105943
160 tid 105943
Insert  tid 105943
FindTargetPageId rootid 3 tid 105941
target_page_id id: 7 tid 105941
0 1 tid 105941
128 4 tid 105941
365 2 tid 105941
492 5 tid 105941
619 6 tid 105941
746 7 tid 105941
161 tid 105941
Insert  tid 105941
FindTargetPageId rootid 3 tid 105943
target_page_id id: 7 tid 105943
0 1 tid 105943
128 4 tid 105943
365 2 tid 105943
492 5 tid 105943
619 6 tid 105943
746 7 tid 105943
161 tid 105943
Insert  tid 105943
FindTargetPageId rootid 3 tid 105941
target_page_id id: 7 tid 105941
0 1 tid 105941
128 4 tid 105941
365 2 tid 105941
492 5 tid 105941
619 6 tid 105941
746 7 tid 105941
162 tid 105941
Insert  tid 105941
FindTargetPageId rootid 3 tid 105943
target_page_id id: 7 tid 105943
0 1 tid 105943
128 4 tid 105943
365 2 tid 105943
492 5 tid 105943
619 6 tid 105943
746 7 tid 105943
162 tid 105943
Insert  tid 105943
FindTargetPageId rootid 3 tid 105941
target_page_id id: 7 tid 105941
0 1 tid 105941
128 4 tid 105941
365 2 tid 105941
492 5 tid 105941
619 6 tid 105941
746 7 tid 105941
163 tid 105941
Insert  tid 105941
FindTargetPageId rootid 3 tid 105943
target_page_id id: 7 tid 105943
0 1 tid 105943
128 4 tid 105943
365 2 tid 105943
492 5 tid 105943
619 6 tid 105943
746 7 tid 105943
163 tid 105943
Insert  tid 105943
FindTargetPageId rootid 3 tid 105941
target_page_id id: 7 tid 105941
0 1 tid 105941
128 4 tid 105941
365 2 tid 105941
492 5 tid 105941
619 6 tid 105941
746 7 tid 105941
164 tid 105941
Insert  tid 105941
FindTargetPageId rootid 3 tid 105943
target_page_id id: 7 tid 105943
0 1 tid 105943
128 4 tid 105943
365 2 tid 105943
492 5 tid 105943
619 6 tid 105943
746 7 tid 105943
164 tid 105943
Insert  tid 105943
FindTargetPageId rootid 3 tid 105943
target_page_id id: 7 tid 105943
0 1 tid 105943
128 4 tid 105943
365 2 tid 105943
492 5 tid 105943
619 6 tid 105943
746 7 tid 105943
165 tid 105943
Insert  tid 105943
FindTargetPageId rootid 3 tid 105943
target_page_id id: 7 tid 105943
0 1 tid 105943
128 4 tid 105943
365 2 tid 105943
492 5 tid 105943
619 6 tid 105943
746 7 tid 105943
166 tid 105943
Insert  tid 105943
FindTargetPageId rootid 3 tid 105941
target_page_id id: 7 tid 105941
0 1 tid 105941
128 4 tid 105941
365 2 tid 105941
492 5 tid 105941
619 6 tid 105941
746 7 tid 105941
167 tid 105941
Insert  tid 105941
FindTargetPageId rootid 3 tid 105943
target_page_id id: 7 tid 105943
0 1 tid 105943
128 4 tid 105943
365 2 tid 105943
492 5 tid 105943
619 6 tid 105943
746 7 tid 105943
167 tid 105943
Insert  tid 105943
FindTargetPageId rootid 3 tid 105941
target_page_id id: 7 tid 105941
0 1 tid 105941
128 4 tid 105941
365 2 tid 105941
492 5 tid 105941
619 6 tid 105941
746 7 tid 105941
168 tid 105941
Insert  tid 105941
FindTargetPageId rootid 3 tid 105943
target_page_id id: 7 tid 105943
0 1 tid 105943
128 4 tid 105943
365 2 tid 105943
492 5 tid 105943
619 6 tid 105943
746 7 tid 105943
168 tid 105943
FindTargetPageId rootid 3 tid 105941
target_page_id id: 7 tid 105941
0 1 tid 105941
128 4 tid 105941
365 2 tid 105941
492 5 tid 105941
619 6 tid 105941
746 7 tid 105941
Insert  tid 105943
169 tid 105941
Insert  tid 105941
FindTargetPageId rootid 3 tid 105943
target_page_id id: 7 tid 105943
0 1 tid 105943
128 4 tid 105943
365 2 tid 105943
492 5 tid 105943
619 6 tid 105943
746 7 tid 105943
169 tid 105943
Insert  tid 105943
FindTargetPageId rootid 3 tid 105941
target_page_id id: 7 tid 105941
0 1 tid 105941
128 4 tid 105941
365 2 tid 105941
492 5 tid 105941
619 6 tid 105941
746 7 tid 105941
170 tid 105941
Insert  tid 105941
FindTargetPageId rootid 3 tid 105943
target_page_id id: 7 tid 105943
0 1 tid 105943
128 4 tid 105943
365 2 tid 105943
492 5 tid 105943
619 6 tid 105943
746 7 tid 105943
170 tid 105943
Insert  tid 105943
FindTargetPageId rootid 3 tid 105941
target_page_id id: 7 tid 105941
0 1 tid 105941
128 4 tid 105941
365 2 tid 105941
492 5 tid 105941
619 6 tid 105941
746 7 tid 105941
171 tid 105941
Insert  tid 105941
FindTargetPageId rootid 3 tid 105943
target_page_id id: 7 tid 105943
0 1 tid 105943
128 4 tid 105943
365 2 tid 105943
492 5 tid 105943
619 6 tid 105943
746 7 tid 105943
171 tid 105943
Insert  tid 105943
FindTargetPageId rootid 3 tid 105941
target_page_id id: 7 tid 105941
0 1 tid 105941
128 4 tid 105941
365 2 tid 105941
492 5 tid 105941
619 6 tid 105941
746 7 tid 105941
172 tid 105941
Insert  tid 105941
FindTargetPageId rootid 3 tid 105943
target_page_id id: 7 tid 105943
0 1 tid 105943
128 4 tid 105943
365 2 tid 105943
492 5 tid 105943
619 6 tid 105943
746 7 tid 105943
172 tid 105943
Insert  tid 105943
FindTargetPageId rootid 3 tid 105941
target_page_id id: 7 tid 105941
0 1 tid 105941
128 4 tid 105941
365 2 tid 105941
492 5 tid 105941
619 6 tid 105941
746 7 tid 105941
173 tid 105941
Insert  tid 105941
FindTargetPageId rootid 3 tid 105943
target_page_id id: 7 tid 105943
0 1 tid 105943
128 4 tid 105943
365 2 tid 105943
492 5 tid 105943
619 6 tid 105943
746 7 tid 105943
173 tid 105943
Insert  tid 105943
FindTargetPageId rootid 3 tid 105941
target_page_id id: 7 tid 105941
0 1 tid 105941
128 4 tid 105941
365 2 tid 105941
492 5 tid 105941
619 6 tid 105941
746 7 tid 105941
174 tid 105941
Insert  tid 105941
FindTargetPageId rootid 3 tid 105943
target_page_id id: 7 tid 105943
0 1 tid 105943
128 4 tid 105943
365 2 tid 105943
492 5 tid 105943
619 6 tid 105943
746 7 tid 105943
174 tid 105943
Insert  tid 105943
FindTargetPageId rootid 3 tid 105941
target_page_id id: 7 tid 105941
0 1 tid 105941
128 4 tid 105941
365 2 tid 105941
492 5 tid 105941
619 6 tid 105941
746 7 tid 105941
175 tid 105941
Insert  tid 105941
FindTargetPageId rootid 3 tid 105943
target_page_id id: 7 tid 105943
0 1 tid 105943
128 4 tid 105943
365 2 tid 105943
492 5 tid 105943
619 6 tid 105943
746 7 tid 105943
175 tid 105943
Insert  tid 105943
FindTargetPageId rootid 3 tid 105941
target_page_id id: 7 tid 105941
0 1 tid 105941
128 4 tid 105941
365 2 tid 105941
492 5 tid 105941
619 6 tid 105941
746 7 tid 105941
176 tid 105941
Insert  tid 105941
FindTargetPageId rootid 3 tid 105943
target_page_id id: 7 tid 105943
0 1 tid 105943
128 4 tid 105943
365 2 tid 105943
492 5 tid 105943
619 6 tid 105943
746 7 tid 105943
176 tid 105943
Insert  tid 105943
FindTargetPageId rootid 3 tid 105941
target_page_id id: 7 tid 105941
0 1 tid 105941
128 4 tid 105941
365 2 tid 105941
492 5 tid 105941
619 6 tid 105941
746 7 tid 105941
177 tid 105941
Insert  tid 105941
FindTargetPageId rootid 3 tid 105943
target_page_id id: 7 tid 105943
0 1 tid 105943
128 4 tid 105943
365 2 tid 105943
492 5 tid 105943
619 6 tid 105943
746 7 tid 105943
177 tid 105943
FindTargetPageId rootid 3 tid Insert 105941
 tid target_page_id id: 7 tid 105941
0 1 tid 105941
128 4 tid 105941
365 2 tid 105941
492 5 tid 105941
619 6 tid 105941
746 7 tid 105941
105943
178 tid 105941
Insert  tid 105941
FindTargetPageId rootid 3 tid 105941
target_page_id id: 7 tid 105941
0 1 tid 105941
128 4 tid 105941
365 2 tid 105941
492 5 tid 105941
619 6 tid 105941
746 7 tid 105941
178 tid 105941
Insert  tid 105941
FindTargetPageId rootid 3 tid 105943
target_page_id id: 7 tid 105943
0 1 tid 105943
128 4 tid 105943
365 2 tid 105943
492 5 tid 105943
619 6 tid 105943
746 7 tid 105943
178 tid 105943
Insert  tid 105943
FindTargetPageId rootid 3 tid 105941
target_page_id id: 7 tid 105941
0 1 tid 105941
128 4 tid 105941
365 2 tid 105941
492 5 tid 105941
619 6 tid 105941
746 7 tid 105941
179 tid 105941
Insert  tid 105941
FindTargetPageId rootid 3 tid 105943
target_page_id id: 7 tid 105943
0 1 tid 105943
128 4 tid 105943
365 2 tid 105943
492 5 tid 105943
619 6 tid 105943
746 7 tid 105943
179 tid 105943
Insert  tid 105943
FindTargetPageId rootid 3 tid 105941
target_page_id id: 7 tid 105941
0 1 tid 105941
128 4 tid 105941
365 2 tid 105941
492 5 tid 105941
619 6 tid 105941
746 7 tid 105941
180 tid 105941
Insert  tid 105941
FindTargetPageId rootid 3 tid 105943
target_page_id id: 7 tid 105943
0 1 tid 105943
128 4 tid 105943
365 2 tid 105943
492 5 tid 105943
619 6 tid 105943
746 7 tid 105943
180 tid 105943
Insert  tid 105943
FindTargetPageId rootid 3 tid 105941
target_page_id id: 7 tid 105941
0 1 tid 105941
128 4 tid 105941
365 2 tid 105941
492 5 tid 105941
619 6 tid 105941
746 7 tid 105941
181 tid 105941
Insert  tid 105941
FindTargetPageId rootid 3 tid 105943
target_page_id id: 7 tid 105943
0 1 tid 105943
128 4 tid 105943
365 2 tid 105943
492 5 tid 105943
619 6 tid 105943
746 7 tid 105943
181 tid 105943
Insert  tid 105943
FindTargetPageId rootid 3 tid 105941
target_page_id id: 7 tid 105941
0 1 tid 105941
128 4 tid 105941
365 2 tid 105941
492 5 tid 105941
619 6 tid 105941
746 7 tid 105941
182 tid 105941
Insert  tid 105941
FindTargetPageId rootid 3 tid 105943
target_page_id id: 7 tid 105943
0 1 tid 105943
128 4 tid 105943
365 2 tid 105943
492 5 tid 105943
619 6 tid 105943
746 7 tid 105943
182 tid 105943
Insert  tid 105943
FindTargetPageId rootid 3 tid 105941
target_page_id id: 7 tid 105941
0 1 tid 105941
128 4 tid 105941
365 2 tid 105941
492 5 tid 105941
619 6 tid 105941
746 7 tid 105941
183 tid 105941
Insert  tid 105941
FindTargetPageId rootid 3 tid 105943
target_page_id id: 7 tid 105943
0 1 tid 105943
128 4 tid 105943
365 2 tid 105943
492 5 tid 105943
619 6 tid 105943
746 7 tid 105943
183 tid 105943
Insert  tid 105943
FindTargetPageId rootid 3 tid 105941
target_page_id id: 7 tid 105941
0 1 tid 105941
128 4 tid 105941
365 2 tid 105941
492 5 tid 105941
619 6 tid 105941
746 7 tid 105941
184 tid 105941
Insert  tid 105941
FindTargetPageId rootid 3 tid 105943
target_page_id id: 7 tid 105943
0 1 tid 105943
128 4 tid 105943
365 2 tid 105943
492 5 tid 105943
619 6 tid 105943
746 7 tid 105943
184 tid 105943
Insert  tid 105943
FindTargetPageId rootid 3 tid 105941
target_page_id id: 7 tid 105941
0 1 tid 105941
128 4 tid 105941
365 2 tid 105941
492 5 tid 105941
619 6 tid 105941
746 7 tid 105941
185 tid 105941
Insert  tid 105941
FindTargetPageId rootid 3 tid 105943
target_page_id id: 7 tid 105943
0 1 tid 105943
128 4 tid 105943
365 2 tid 105943
492 5 tid 105943
619 6 tid 105943
746 7 tid 105943
185 tid 105943
Insert  tid 105943
FindTargetPageId rootid 3 tid 105941
target_page_id id: 7 tid 105941
0 1 tid 105941
128 4 tid 105941
365 2 tid 105941
492 5 tid 105941
619 6 tid 105941
746 7 tid 105941
186 tid 105941
Insert  tid 105941
FindTargetPageId rootid 3 tid 105943
target_page_id id: 7 tid 105943
0 1 tid 105943
128 4 tid 105943
365 2 tid 105943
492 5 tid 105943
619 6 tid 105943
746 7 tid 105943
186 tid 105943
Insert  tid 105943
FindTargetPageId rootid 3 tid 105941
target_page_id id: 7 tid 105941
0 1 tid 105941
128 4 tid 105941
365 2 tid 105941
492 5 tid 105941
619 6 tid 105941
746 7 tid 105941
187 tid 105941
Insert  tid 105941
FindTargetPageId rootid 3 tid 105943
target_page_id id: 7 tid 105943
0 1 tid 105943
128 4 tid 105943
365 2 tid 105943
492 5 tid 105943
619 6 tid 105943
746 7 tid 105943
187 tid 105943
Insert  tid 105943
FindTargetPageId rootid 3 tid 105941
target_page_id id: 7 tid 105941
0 1 tid 105941
128 4 tid 105941
365 2 tid 105941
492 5 tid 105941
619 6 tid 105941
746 7 tid 105941
188 tid 105941
Insert  tid 105941
FindTargetPageId rootid 3 tid 105943
target_page_id id: 7 tid 105943
0 1 tid 105943
128 4 tid 105943
365 2 tid 105943
492 5 tid 105943
619 6 tid 105943
746 7 tid 105943
188 tid 105943
Insert  tid 105943
FindTargetPageId rootid 3 tid 105941
target_page_id id: 7 tid 105941
0 1 tid 105941
128 4 tid 105941
365 2 tid 105941
492 5 tid 105941
619 6 tid 105941
746 7 tid 105941
189 tid 105941
Insert  tid 105941
FindTargetPageId rootid 3 tid 105943
target_page_id id: 7 tid 105943
0 1 tid 105943
128 4 tid 105943
365 2 tid 105943
492 5 tid 105943
619 6 tid 105943
746 7 tid 105943
189 tid 105943
Insert  tid 105943
FindTargetPageId rootid 3 tid 105941
target_page_id id: 7 tid 105941
0 1 tid 105941
128 4 tid 105941
365 2 tid 105941
492 5 tid 105941
619 6 tid 105941
746 7 tid 105941
190 tid 105941
Insert  tid 105941
FindTargetPageId rootid 3 tid 105943
target_page_id id: 7 tid 105943
0 1 tid 105943
128 4 tid 105943
365 2 tid 105943
492 5 tid 105943
619 6 tid 105943
746 7 tid 105943
190 tid 105943
Insert  tid 105943
FindTargetPageId rootid 3 tid 105941
target_page_id id: 7 tid 105941
0 1 tid 105941
128 4 tid 105941
365 2 tid 105941
492 5 tid 105941
619 6 tid 105941
746 7 tid 105941
191 tid 105941
Insert  tid 105941
FindTargetPageId rootid 3 tid 105943
target_page_id id: 7 tid 105943
0 1 tid 105943
128 4 tid 105943
365 2 tid 105943
492 5 tid 105943
619 6 tid 105943
746 7 tid 105943
191 tid 105943
Insert  tid 105943
FindTargetPageId rootid 3 tid 105941
target_page_id id: 7 tid 105941
0 1 tid 105941
128 4 tid 105941
365 2 tid 105941
492 5 tid 105941
619 6 tid 105941
746 7 tid 105941
192 tid 105941
Insert  tid 105941
FindTargetPageId rootid 3 tid 105943
target_page_id id: 7 tid 105943
0 1 tid 105943
128 4 tid 105943
365 2 tid 105943
492 5 tid 105943
619 6 tid 105943
746 7 tid 105943
192 tid 105943
Insert  tid 105943
FindTargetPageId rootid 3 tid 105943
target_page_id id: 7 tid 105943
0 1 tid 105943
128 4 tid 105943
365 2 tid 105943
492 5 tid 105943
619 6 tid 105943
746 7 tid 105943
193 tid 105943
Insert  tid 105943
FindTargetPageId rootid 3 tid 105941
target_page_id id: 7 tid 105941
0 1 tid 105941
128 4 tid 105941
365 2 tid 105941
492 5 tid 105941
619 6 tid 105941
746 7 tid 105941
194 tid 105941
Insert  tid 105941
FindTargetPageId rootid 3 tid 105943
target_page_id id: 7 tid 105943
0 1 tid 105943
128 4 tid 105943
365 2 tid 105943
492 5 tid 105943
619 6 tid 105943
746 7 tid 105943
194 tid 105943
Insert  tid 105943
FindTargetPageId rootid 3 tid 105941
target_page_id id: 7 tid 105941
0 1 tid 105941
128 4 tid 105941
365 2 tid 105941
492 5 tid 105941
619 6 tid 105941
746 7 tid 105941
195 tid 105941
Insert  tid 105941
FindTargetPageId rootid 3 tid 105943
target_page_id id: 7 tid 105943
0 1 tid 105943
128 4 tid 105943
365 2 tid 105943
492 5 tid 105943
619 6 tid 105943
746 7 tid 105943
195 tid 105943
Insert  tid 105943
FindTargetPageId rootid 3 tid 105941
target_page_id id: 7 tid 105941
0 1 tid 105941
128 4 tid 105941
365 2 tid 105941
492 5 tid 105941
619 6 tid 105941
746 7 tid 105941
196 tid 105941
Insert  tid 105941
FindTargetPageId rootid 3 tid 105943
target_page_id id: 7 tid 105943
0 1 tid 105943
128 4 tid 105943
365 2 tid 105943
492 5 tid 105943
619 6 tid 105943
746 7 tid 105943
196 tid 105943
Insert  tid 105943
FindTargetPageId rootid 3 tid 105941
target_page_id id: 7 tid 105941
0 1 tid 105941
128 4 tid 105941
365 2 tid 105941
492 5 tid 105941
619 6 tid 105941
746 7 tid 105941
197 tid 105941
Insert  tid 105941
FindTargetPageId rootid 3 tid 105943
target_page_id id: 7 tid 105943
0 1 tid 105943
128 4 tid 105943
365 2 tid 105943
492 5 tid 105943
619 6 tid 105943
746 7 tid 105943
197 tid 105943
Insert  tid 105943
FindTargetPageId rootid 3 tid 105941
target_page_id id: 7 tid 105941
0 1 tid 105941
128 4 tid 105941
365 2 tid 105941
492 5 tid 105941
619 6 tid 105941
746 7 tid 105941
198 tid 105941
Insert  tid 105941
FindTargetPageId rootid 3 tid 105943
target_page_id id: 7 tid 105943
0 1 tid 105943
128 4 tid 105943
365 2 tid 105943
492 5 tid 105943
619 6 tid 105943
746 7 tid 105943
198 tid 105943
Insert  tid 105943
FindTargetPageId rootid 3 tid 105941
target_page_id id: 7 tid 105941
0 1 tid 105941
128 4 tid 105941
365 2 tid 105941
492 5 tid 105941
619 6 tid 105941
746 7 tid 105941
199 tid 105941
Insert  tid 105941
FindTargetPageId rootid 3 tid 105943
target_page_id id: 7 tid 105943
0 1 tid 105943
128 4 tid 105943
365 2 tid 105943
492 5 tid 105943
619 6 tid 105943
746 7 tid 105943
199 tid 105943
Insert  tid 105943
FindTargetPageId rootid 3 tid 105941
target_page_id id: 7 tid 105941
0 1 tid 105941
128 4 tid 105941
365 2 tid 105941
492 5 tid 105941
619 6 tid 105941
746 7 tid 105941
200 tid 105941
Insert  tid 105941
FindTargetPageId rootid 3 tid 105943
target_page_id id: 7 tid 105943
0 1 tid 105943
128 4 tid 105943
365 2 tid 105943
492 5 tid 105943
619 6 tid 105943
746 7 tid 105943
200 tid 105943
Insert  tid 105943
FindTargetPageId rootid 3 tid 105941
target_page_id id: 7 tid 105941
0 1 tid 105941
128 4 tid 105941
365 2 tid 105941
492 5 tid 105941
619 6 tid 105941
746 7 tid 105941
201 tid 105941
Insert  tid 105941
FindTargetPageId rootid 3 tid 105943
target_page_id id: 7 tid 105943
0 1 tid 105943
128 4 tid 105943
365 2 tid 105943
492 5 tid 105943
619 6 tid 105943
746 7 tid 105943
201 tid 105943
Insert  tid 105943
FindTargetPageId rootid 3 tid 105941
target_page_id id: 7 tid 105941
0 1 tid 105941
128 4 tid 105941
365 2 tid 105941
492 5 tid 105941
619 6 tid 105941
746 7 tid 105941
202 tid 105941
Insert  tid 105941
FindTargetPageId rootid 3 tid 105943
target_page_id id: 7 tid 105943
0 1 tid 105943
128 4 tid 105943
365 2 tid 105943
492 5 tid 105943
619 6 tid 105943
746 7 tid 105943
202 tid 105943
Insert  tid 105943
FindTargetPageId rootid 3 tid 105941
target_page_id id: 7 tid 105941
0 1 tid 105941
128 4 tid 105941
365 2 tid 105941
492 5 tid 105941
619 6 tid 105941
746 7 tid 105941
203 tid 105941
Insert  tid 105941
FindTargetPageId rootid 3 tid 105943
target_page_id id: 7 tid 105943
0 1 tid 105943
128 4 tid 105943
365 2 tid 105943
492 5 tid 105943
619 6 tid 105943
746 7 tid 105943
203 tid 105943
Insert  tid 105943
FindTargetPageId rootid 3 tid 105941
target_page_id id: 7 tid 105941
0 1 tid 105941
128 4 tid 105941
365 2 tid 105941
492 5 tid 105941
619 6 tid 105941
746 7 tid 105941
204 tid 105941
Insert  tid 105941
FindTargetPageId rootid 3 tid 105943
target_page_id id: 7 tid 105943
0 1 tid 105943
128 4 tid 105943
365 2 tid 105943
492 5 tid 105943
619 6 tid 105943
746 7 tid 105943
204 tid 105943
Insert  tid 105943
FindTargetPageId rootid 3 tid 105943
target_page_id id: 7 tid 105943
0 1 tid 105943
128 4 tid 105943
365 2 tid 105943
492 5 tid 105943
619 6 tid 105943
746 7 tid 105943
205 tid 105943
Insert  tid 105943
FindTargetPageId rootid 3 tid 105943
target_page_id id: 7 tid 105943
0 1 tid 105943
128 4 tid 105943
365 2 tid 105943
492 5 tid 105943
619 6 tid 105943
746 7 tid 105943
206 tid 105943
Insert  tid 105943
FindTargetPageId rootid 3 tid 105943
target_page_id id: 7 tid 105943
0 1 tid 105943
128 4 tid 105943
365 2 tid 105943
492 5 tid 105943
619 6 tid 105943
746 7 tid 105943
207 tid 105943
Insert  tid 105943
FindTargetPageId rootid 3 tid 105941
target_page_id id: 7 tid 105941
0 1 tid 105941
128 4 tid 105941
365 2 tid 105941
492 5 tid 105941
619 6 tid 105941
746 7 tid 105941
208 tid 105941
Insert  tid 105941
FindTargetPageId rootid 3 tid 105941
target_page_id id: 7 tid 105941
0 1 tid 105941
128 4 tid 105941
365 2 tid 105941
492 5 tid 105941
619 6 tid 105941
746 7 tid 105941
208 tid 105941
Insert  tid 105941
FindTargetPageId rootid 3 tid 105941
target_page_id id: 7 tid 105941
0 1 tid 105941
128 4 tid 105941
365 2 tid 105941
492 5 tid 105941
619 6 tid 105941
746 7 tid 105941
208 tid 105941
Insert  tid 105941
FindTargetPageId rootid 3 tid 105941
target_page_id id: 7 tid 105941
0 1 tid 105941
128 4 tid 105941
365 2 tid 105941
492 5 tid 105941
619 6 tid 105941
746 7 tid 105941
208 tid 105941
Insert  tid 105941
FindTargetPageId rootid 3 tid 105941
target_page_id id: 7 tid 105941
0 1 tid 105941
128 4 tid 105941
365 2 tid 105941
492 5 tid 105941
619 6 tid 105941
746 7 tid 105941
208 tid 105941
Insert  tid 105941
FindTargetPageId rootid 3 tid 105941
target_page_id id: 7 tid 105941
0 1 tid 105941
128 4 tid 105941
365 2 tid 105941
492 5 tid 105941
619 6 tid 105941
746 7 tid 105941
208 tid 105941
Insert  tid 105941
FindTargetPageId rootid 3 tid 105941
target_page_id id: 7 tid 105941
0 1 tid 105941
128 4 tid 105941
365 2 tid 105941
492 5 tid 105941
619 6 tid 105941
746 7 tid 105941
208 tid 105941
Insert  tid 105941
FindTargetPageId rootid 3 tid 105941
target_page_id id: 7 tid 105941
0 1 tid 105941
128 4 tid 105941
365 2 tid 105941
492 5 tid 105941
619 6 tid 105941
746 7 tid 105941
208 tid 105941
Insert  tid 105941
FindTargetPageId rootid 3 tid 105941
target_page_id id: 7 tid 105941
0 1 tid 105941
128 4 tid 105941
365 2 tid 105941
492 5 tid 105941
619 6 tid 105941
746 7 tid 105941
208 tid 105941
Insert  tid 105941
FindTargetPageId rootid 3 tid 105941
target_page_id id: 7 tid 105941
0 1 tid 105941
128 4 tid 105941
365 2 tid 105941
492 5 tid 105941
619 6 tid 105941
746 7 tid 105941
208 tid 105941
Insert  tid 105941
FindTargetPageId rootid 3 tid 105941
target_page_id id: 7 tid 105941
0 1 tid 105941
128 4 tid 105941
365 2 tid 105941
492 5 tid 105941
619 6 tid 105941
746 7 tid 105941
208 tid 105941
Insert  tid 105941
FindTargetPageId rootid 3 tid 105941
target_page_id id: 7 tid 105941
0 1 tid 105941
128 4 tid 105941
365 2 tid 105941
492 5 tid 105941
619 6 tid 105941
746 7 tid 105941
208 tid 105941
Insert  tid 105941
FindTargetPageId rootid 3 tid 105941
target_page_id id: 7 tid 105941
0 1 tid 105941
128 4 tid 105941
365 2 tid 105941
492 5 tid 105941
619 6 tid 105941
746 7 tid 105941
208 tid 105941
Insert  tid 105941
FindTargetPageId rootid 3 tid 105941
target_page_id id: 7 tid 105941
0 1 tid 105941
128 4 tid 105941
365 2 tid 105941
492 5 tid 105941
619 6 tid 105941
746 7 tid 105941
208 tid 105941
Insert  tid 105941
FindTargetPageId rootid 3 tid 105941
target_page_id id: 7 tid 105941
0 1 tid 105941
128 4 tid 105941
365 2 tid 105941
492 5 tid 105941
619 6 tid 105941
746 7 tid 105941
208 tid 105941
Insert  tid 105941
FindTargetPageId rootid 3 tid 105941
target_page_id id: 7 tid 105941
0 1 tid 105941
128 4 tid 105941
365 2 tid 105941
492 5 tid 105941
619 6 tid 105941
746 7 tid 105941
208 tid 105941
Insert  tid 105941
FindTargetPageId rootid 3 tid 105941
target_page_id id: 7 tid 105941
0 1 tid 105941
128 4 tid 105941
365 2 tid 105941
492 5 tid 105941
619 6 tid 105941
746 7 tid 105941
208 tid 105941
Insert  tid 105941
FindTargetPageId rootid 3 tid 105941
target_page_id id: 7 tid 105941
0 1 tid 105941
128 4 tid 105941
365 2 tid 105941
492 5 tid 105941
619 6 tid 105941
746 7 tid 105941
208 tid 105941
Insert  tid 105941
FindTargetPageId rootid 3 tid 105941
target_page_id id: 7 tid 105941
0 1 tid 105941
128 4 tid 105941
365 2 tid 105941
492 5 tid 105941
619 6 tid 105941
746 7 tid 105941
208 tid 105941
Insert  tid 105941
FindTargetPageId rootid 3 tid 105941
target_page_id id: 7 tid 105941
0 1 tid 105941
128 4 tid 105941
365 2 tid 105941
492 5 tid 105941
619 6 tid 105941
746 7 tid 105941
208 tid 105941
Insert  tid 105941
FindTargetPageId rootid 3 tid 105941
target_page_id id: 7 tid 105941
0 1 tid 105941
128 4 tid 105941
365 2 tid 105941
492 5 tid 105941
619 6 tid 105941
746 7 tid 105941
208 tid 105941
Insert  tid 105941
FindTargetPageId rootid 3 tid 105943
target_page_id id: 7 tid 105943
0 1 tid 105943
128 4 tid 105943
365 2 tid 105943
492 5 tid 105943
619 6 tid 105943
746 7 tid 105943
208 tid 105943
Insert  tid 105943
FindTargetPageId rootid 3 tid 105943
target_page_id id: 7 tid 105943
0 1 tid 105943
128 4 tid 105943
365 2 tid 105943
492 5 tid 105943
619 6 tid 105943
746 7 tid 105943
209 tid 105943
Insert  tid 105943
FindTargetPageId rootid 3 tid 105943
target_page_id id: 7 tid 105943
0 1 tid 105943
128 4 tid 105943
365 2 tid 105943
492 5 tid 105943
619 6 tid 105943
746 7 tid 105943
210 tid 105943
Insert  tid 105943
FindTargetPageId rootid 3 tid 105941
target_page_id id: 7 tid 105941
0 1 tid 105941
128 4 tid 105941
365 2 tid 105941
492 5 tid 105941
619 6 tid 105941
746 7 tid 105941
211 tid 105941
Insert  tid 105941
FindTargetPageId rootid 3 tid 105943
target_page_id id: 7 tid 105943
0 1 tid 105943
128 4 tid 105943
365 2 tid 105943
492 5 tid 105943
619 6 tid 105943
746 7 tid 105943
211 tid 105943
Insert  tid 105943
FindTargetPageId rootid 3 tid 105943
target_page_id id: 7 tid 105943
0 1 tid 105943
128 4 tid 105943
365 2 tid 105943
492 5 tid 105943
619 6 tid 105943
746 7 tid 105943
212 tid 105943
Insert  tid 105943
FindTargetPageId rootid 3 tid 105941
target_page_id id: 7 tid 105941
0 1 tid 105941
128 4 tid 105941
365 2 tid 105941
492 5 tid 105941
619 6 tid 105941
746 7 tid 105941
213 tid 105941
Insert  tid 105941
FindTargetPageId rootid 3 tid 105943
target_page_id id: 7 tid 105943
0 1 tid 105943
128 4 tid 105943
365 2 tid 105943
492 5 tid 105943
619 6 tid 105943
746 7 tid 105943
213 tid 105943
Insert  tid 105943
FindTargetPageId rootid 3 tid 105941
target_page_id id: 7 tid 105941
0 1 tid 105941
128 4 tid 105941
365 2 tid 105941
492 5 tid 105941
619 6 tid 105941
746 7 tid 105941
214 tid 105941
Insert  tid 105941
FindTargetPageId rootid 3 tid 105943
target_page_id id: 7 tid 105943
0 1 tid 105943
128 4 tid 105943
365 2 tid 105943
492 5 tid 105943
619 6 tid 105943
746 7 tid 105943
214 tid 105943
Insert  tid 105943
FindTargetPageId rootid 3 tid 105941
target_page_id id: 7 tid 105941
0 1 tid 105941
128 4 tid 105941
365 2 tid 105941
492 5 tid 105941
619 6 tid 105941
746 7 tid 105941
215 tid 105941
Insert  tid 105941
FindTargetPageId rootid 3 tid 105943
target_page_id id: 7 tid 105943
0 1 tid 105943
128 4 tid 105943
365 2 tid 105943
492 5 tid 105943
619 6 tid 105943
746 7 tid 105943
215 tid 105943
Insert  tid 105943
FindTargetPageId rootid 3 tid 105941
target_page_id id: 7 tid 105941
0 1 tid 105941
128 4 tid 105941
365 2 tid 105941
492 5 tid 105941
619 6 tid 105941
746 7 tid 105941
216 tid 105941
Insert  tid 105941
FindTargetPageId rootid 3 tid 105943
target_page_id id: 7 tid 105943
0 1 tid 105943
128 4 tid 105943
365 2 tid 105943
492 5 tid 105943
619 6 tid 105943
746 7 tid 105943
216 tid 105943
Insert  tid 105943
FindTargetPageId rootid 3 tid 105941
target_page_id id: 7 tid 105941
0 1 tid 105941
128 4 tid 105941
365 2 tid 105941
492 5 tid 105941
619 6 tid 105941
746 7 tid 105941
217 tid 105941
Insert  tid 105941
FindTargetPageId rootid 3 tid 105943
target_page_id id: 7 tid 105943
0 1 tid 105943
128 4 tid 105943
365 2 tid 105943
492 5 tid 105943
619 6 tid 105943
746 7 tid 105943
217 tid 105943
Insert  tid 105943
FindTargetPageId rootid 3 tid 105941
target_page_id id: 7 tid 105941
0 1 tid 105941
128 4 tid 105941
365 2 tid 105941
492 5 tid 105941
619 6 tid 105941
746 7 tid 105941
218 tid 105941
Insert  tid 105941
FindTargetPageId rootid 3 tid 105943
target_page_id id: 7 tid 105943
0 1 tid 105943
128 4 tid 105943
365 2 tid 105943
492 5 tid 105943
619 6 tid 105943
746 7 tid 105943
218 tid 105943
Insert  tid 105943
FindTargetPageId rootid 3 tid 105941
target_page_id id: 7 tid 105941
0 1 tid 105941
128 4 tid 105941
365 2 tid 105941
492 5 tid 105941
619 6 tid 105941
746 7 tid 105941
219 tid 105941
Insert  tid 105941
FindTargetPageId rootid 3 tid 105943
target_page_id id: 7 tid 105943
0 1 tid 105943
128 4 tid 105943
365 2 tid 105943
492 5 tid 105943
619 6 tid 105943
746 7 tid 105943
219 tid 105943
FindTargetPageId rootid 3 tid 105941
target_page_id id: 7 tid 105941
0 1 tid 105941
128 4 tid 105941
365 2 tid 105941
492 5 tid 105941
619 6 tid 105941
746 7 tid 105941
220 tid 105941
Insert  tid 105943
FindTargetPageId rootid 3 tid 105943
target_page_id id: 7 tid 105943
0 1 tid 105943
128 4 tid 105943
365 2 tid 105943
492 5 tid 105943
619 6 tid 105943
746Insert  tid 105941
 7 tid 105943
220 tid 105943
Insert  tid 105943
FindTargetPageId rootid 3 tid 105941
target_page_id id: 7 tid 105941
0 1 tid 105941
128 4 tid 105941
365 2 tid 105941
492 5 tid 105941
619 6 tid 105941
746 7 tid 105941
221 tid 105941
Insert  tid 105941
FindTargetPageId rootid 3 tid 105943
target_page_id id: 7 tid 105943
0 1 tid 105943
128 4 tid 105943
365 2 tid 105943
492 5 tid 105943
619 6 tid 105943
746 7 tid 105943
221 tid 105943
Insert  tid 105943
FindTargetPageId rootid 3 tid 105941
target_page_id id: 7 tid 105941
0 1 tid 105941
128 4 tid 105941
365 2 tid 105941
492 5 tid 105941
619 6 tid 105941
746 7 tid 105941
222 tid 105941
Insert  tid 105941
FindTargetPageId rootid 3 tid 105943
target_page_id id: 7 tid 105943
0 1 tid 105943
128 4 tid 105943
365 2 tid 105943
492 5 tid 105943
619 6 tid 105943
746 7 tid 105943
222 tid 105943
Insert  tid 105943
FindTargetPageId rootid 3 tid 105941
target_page_id id: 7 tid 105941
0 1 tid 105941
128 4 tid 105941
365 2 tid 105941
492 5 tid 105941
619 6 tid 105941
746 7 tid 105941
223 tid 105941
FindTargetPageId rootid 3 tid 105943
Insert  tid 105941
target_page_id id: 7 tid 105943
0 1 tid 105943
128 4 tid 105943
365 2 tid 105943
492 5 tid 105943
619 6 tid 105943
746 7 tid 105943
223 tid 105943
Insert  tid 105943
FindTargetPageId rootid 3 tid 105943
target_page_id id: 7 tid 105943
0 1 tid 105943
128 4 tid 105943
365 2 tid 105943
492 5 tid 105943
619 6 tid 105943
746 7 tid 105943
224 tid 105943
Insert  tid 105943
FindTargetPageId rootid 3 tid 105941
target_page_id id: 7 tid 105941
0 1 tid 105941
128 4 tid 105941
365 2 tid 105941
492 5 tid 105941
619 6 tid 105941
746 7 tid 105941
225 tid 105941
Insert  tid 105941
FindTargetPageId rootid 3 tid 105943
target_page_id id: 7 tid 105943
0 1 tid 105943
128 4 tid 105943
365 2 tid 105943
492 5 tid 105943
619 6 tid 105943
746 7 tid 105943
225 tid 105943
Insert  tid 105943
FindTargetPageId rootid 3 tid 105941
target_page_id id: 7 tid 105941
0 1 tid 105941
128 4 tid 105941
365 2 tid 105941
492 5 tid 105941
619 6 tid 105941
746 7 tid 105941
226 tid 105941
Insert  tid 105941
FindTargetPageId rootid 3 tid 105943
target_page_id id: 7 tid 105943
0 1 tid 105943
128 4 tid 105943
365 2 tid 105943
492 5 tid 105943
619 6 tid 105943
746 7 tid 105943
226 tid 105943
Insert  tid 105943
FindTargetPageId rootid 3 tid 105941
target_page_id id: 7 tid 105941
0 1 tid 105941
128 4 tid 105941
365 2 tid 105941
492 5 tid 105941
619 6 tid 105941
746 7 tid 105941
227 tid 105941
Insert  tid 105941
FindTargetPageId rootid 3 tid 105943
target_page_id id: 7 tid 105943
0 1 tid 105943
128 4 tid 105943
365 2 tid 105943
492 5 tid 105943
619 6 tid 105943
746 7 tid 105943
227 tid 105943
Insert  tid 105943
FindTargetPageId rootid 3 tid 105941
target_page_id id: 7 tid 105941
0 1 tid 105941
128 4 tid 105941
365 2 tid 105941
492 5 tid 105941
619 6 tid 105941
746 7 tid 105941
228 tid 105941
Insert  tid 105941
FindTargetPageId rootid 3 tid 105943
target_page_id id: 7 tid 105943
0 1 tid 105943
128 4 tid 105943
365 2 tid 105943
492 5 tid 105943
619 6 tid 105943
746 7 tid 105943
228 tid 105943
Insert  tid 105943
FindTargetPageId rootid 3 tid 105941
target_page_id id: 7 tid 105941
0 1 tid 105941
128 4 tid 105941
365 2 tid 105941
492 5 tid 105941
619 6 tid 105941
746 7 tid 105941
229 tid 105941
Insert  tid 105941
FindTargetPageId rootid 3 tid 105943
target_page_id id: 7 tid 105943
0 1 tid 105943
128 4 tid 105943
365 2 tid 105943
492 5 tid 105943
619 6 tid 105943
746 7 tid 105943
229 tid 105943
Insert  tid 105943
FindTargetPageId rootid 3 tid 105941
target_page_id id: 7 tid 105941
0 1 tid 105941
128 4 tid 105941
365 2 tid 105941
492 5 tid 105941
619 6 tid 105941
746 7 tid 105941
230 tid 105941
Insert  tid 105941
FindTargetPageId rootid 3 tid 105943
target_page_id id: 7 tid 105943
0 1 tid 105943
128 4 tid 105943
365 2 tid 105943
492 5 tid 105943
619 6 tid 105943
746 7 tid 105943
230 tid 105943
Insert  tid 105943
FindTargetPageId rootid 3 tid 105941
target_page_id id: 7 tid 105941
0 1 tid 105941
128 4 tid 105941
365 2 tid 105941
492 5 tid 105941
619 6 tid 105941
746 7 tid 105941
231 tid 105941
Insert  tid 105941
FindTargetPageId rootid 3 tid 105941
target_page_id id: 7 tid 105941
0 1 tid 105941
128 4 tid 105941
365 2 tid 105941
492 5 tid 105941
619 6 tid 105941
746 7 tid 105941
231 tid 105941
Insert  tid 105941
FindTargetPageId rootid 3 tid 105943
target_page_id id: 7 tid 105943
0 1 tid 105943
128 4 tid 105943
365 2 tid 105943
492 5 tid 105943
619 6 tid 105943
746 7 tid 105943
231 tid 105943
Insert  tid 105943
FindTargetPageId rootid 3 tid 105943
target_page_id id: 7 tid 105943
0 1 tid 105943
128 4 tid 105943
365 2 tid 105943
492 5 tid 105943
619 6 tid 105943
746 7 tid 105943
232 tid 105943
Insert  tid 105943
FindTargetPageId rootid 3 tid 105941
target_page_id id: 7 tid 105941
0 1 tid 105941
128 4 tid 105941
365 2 tid 105941
492 5 tid 105941
619 6 tid 105941
746 7 tid 105941
233 tid 105941
Insert  tid 105941
FindTargetPageId rootid 3 tid 105943
target_page_id id: 7 tid 105943
0 1 tid 105943
128 4 tid 105943
365 2 tid 105943
492 5 tid 105943
619 6 tid 105943
746 7 tid 105943
233 tid 105943
Insert  tid 105943
FindTargetPageId rootid 3 tid 105941
target_page_id id: 7 tid 105941
0 1 tid 105941
128 4 tid 105941
365 2 tid 105941
492 5 tid 105941
619 6 tid 105941
746 7 tid 105941
234 tid 105941
FindTargetPageId rootid 3 tid 105943
target_page_id id: 7 tid 105943
0 1 tid 105943
128 4 tid 105943
365 2 tid 105943
492 5 tid 105943
619 6 tid 105943
746 7 tid 105943
234 tid 105943
Insert  tid 105943
FindTargetPageId rootid 3 tid 105943
target_page_id id: 7 tid 105943
0 1 tid 105943
128 4 tid 105943
365 2 tid 105943
492 5 tid 105943
619 6 tid 105943
746 7 tid 105943
235 tid 105943
Insert  tid 105941
FindTargetPageId rootid 3 tid 105941
target_page_id id: 7 tid 105941
0 1 tid 105941
128 4 tid 105941
365 2 tid 105941
492 5 tid 105941
619 6 tid 105941
746 7 tid 105941
Insert  tid 236 tid 105941105943

Insert  tid 105941
FindTargetPageId rootid 3 tid 105941
target_page_id id: 7 tid 105941
0 1 tid 105941
128 4 tid 105941
365 2 tid 105941
492 5 tid 105941
619 6 tid 105941
746 7 tid 105941
236 tid 105941
Insert  tid 105941
FindTargetPageId rootid 3 tid 105943
target_page_id id: 7 tid 105943
0 1 tid 105943
128 4 tid 105943
365 2 tid 105943
492 5 tid 105943
619 6 tid 105943
746 7 tid 105943
236 tid 105943
Insert  tid 105943
FindTargetPageId rootid 3 tid 105941
target_page_id id: 7 tid 105941
0 1 tid 105941
128 4 tid 105941
365 2 tid 105941
492 5 tid 105941
619 6 tid 105941
746 7 tid 105941
237 tid 105941
Insert  tid 105941
FindTargetPageId rootid 3 tid 105943
target_page_id id: 7 tid 105943
0 1 tid 105943
128 4 tid 105943
365 2 tid 105943
492 5 tid 105943
619 6 tid 105943
746 7 tid 105943
237 tid 105943
Insert  tid 105943
FindTargetPageId rootid 3 tid 105941
target_page_id id: 7 tid 105941
0 1 tid 105941
128 4 tid 105941
365 2 tid 105941
492 5 tid 105941
619 6 tid 105941
746 7 tid 105941
238 tid 105941
Insert  tid 105941
FindTargetPageId rootid 3 tid 105943
target_page_id id: 7 tid 105943
0 1 tid 105943
128 4 tid 105943
365 2 tid 105943
492 5 tid 105943
619 6 tid 105943
746 7 tid 105943
238 tid 105943
FindTargetPageId rootid 3 tid 105941
target_page_id id: 7 tid 105941
0 1 tid 105941
128 4 tid 105941
365 2 tid 105941
492 5 tid 105941
619 6 tid 105941
746 7 tid 105941
Insert  tid 105943
239 tid 105941
Insert  tid 105941
FindTargetPageId rootid 3 tid 105941
target_page_id id: 7 tid 105941
0 1 tid 105941
128 4 tid 105941
365 2 tid 105941
492 5 tid 105941
619 6 tid 105941
746 7 tid 105941
239 tid 105941
Insert  tid 105941
FindTargetPageId rootid 3 tid 105941
target_page_id id: 7 tid 105941
0 1 tid 105941
128 4 tid 105941
365 2 tid 105941
492 5 tid 105941
619 6 tid 105941
746 7 tid 105941
239 tid 105941
Insert  tid 105941
FindTargetPageId rootid 3 tid 105943
target_page_id id: 7 tid 105943
0 1 tid 105943
128 4 tid 105943
365 2 tid 105943
492 5 tid 105943
619 6 tid 105943
746 7 tid 105943
239 tid 105943
Insert  tid 105943
FindTargetPageId rootid 3 tid 105941
target_page_id id: 7 tid 105941
0 1 tid 105941
128 4 tid 105941
365 2 tid 105941
492 5 tid 105941
619 6 tid 105941
746 7 tid 105941
240 tid 105941
Insert  tid 105941
FindTargetPageId rootid 3 tid 105943
target_page_id id: 7 tid 105943
0 1 tid 105943
128 4 tid 105943
365 2 tid 105943
492 5 tid 105943
619 6 tid 105943
746 7 tid 105943
240 tid 105943
Insert  tid 105943
FindTargetPageId rootid 3 tid 105941
target_page_id id: 7 tid 105941
0 1 tid 105941
128 4 tid 105941
365 2 tid 105941
492 5 tid 105941
619 6 tid 105941
746 7 tid 105941
241 tid 105941
Insert  tid 105941
FindTargetPageId rootid 3 tid 105943
target_page_id id: 7 tid 105943
0 1 tid 105943
128 4 tid 105943
365 2 tid 105943
492 5 tid 105943
619 6 tid 105943
746 7 tid 105943
241 tid 105943
Insert  tid 105943
FindTargetPageId rootid 3 tid 105941
target_page_id id: 7 tid 105941
0 1 tid 105941
128 4 tid 105941
365 2 tid 105941
492 5 tid 105941
619 6 tid 105941
746 7 tid 105941
242 tid 105941
Insert  tid 105941
FindTargetPageId rootid 3 tid 105943
target_page_id id: 7 tid 105943
0 1 tid 105943
128 4 tid 105943
365 2 tid 105943
492 5 tid 105943
619 6 tid 105943
746 7 tid 105943
242 tid 105943
Insert  tid 105943
FindTargetPageId rootid 3 tid 105941
target_page_id id: 7 tid 105941
0 1 tid 105941
128 4 tid 105941
365 2 tid 105941
492 5 tid 105941
619 6 tid 105941
746 7 tid 105941
243 tid 105941
Insert  tid 105941
FindTargetPageId rootid 3 tid 105943
target_page_id id: 7 tid 105943
0 1 tid 105943
128 4 tid 105943
365 2 tid 105943
492 5 tid 105943
619 6 tid 105943
746 7 tid 105943
243 tid 105943
Insert  tid 105943
FindTargetPageId rootid 3 tid 105941
target_page_id id: 7 tid 105941
0 1 tid 105941
128 4 tid 105941
365 2 tid 105941
492 5 tid 105941
619 6 tid 105941
746 7 tid 105941
244 tid 105941
Insert  tid 105941
FindTargetPageId rootid 3 tid 105941
target_page_id id: 7 tid 105941
0 1 tid 105941
128 4 tid 105941
365 2 tid 105941
492 5 tid 105941
619 6 tid 105941
746 7 tid 105941
244 tid 105941
Insert  tid 105941
FindTargetPageId rootid 3 tid 105941
target_page_id id: 7 tid 105941
0 1 tid 105941
128 4 tid 105941
365 2 tid 105941
492 5 tid 105941
619 6 tid 105941
746 7 tid 105941
244 tid 105941
Insert  tid 105941
FindTargetPageId rootid 3 tid 105943
target_page_id id: 7 tid 105943
0 1 tid 105943
128 4 tid 105943
365 2 tid 105943
492 5 tid 105943
619 6 tid 105943
746 7 tid 105943
244 tid 105943
Insert  tid 105943
FindTargetPageId rootid 3 tid 105941
target_page_id id: 7 tid 105941
0 1 tid 105941
128 4 tid 105941
365 2 tid 105941
492 5 tid 105941
619 6 tid 105941
746 7 tid 105941
245 tid 105941
Insert  tid 105941
FindTargetPageId rootid 3 tid 105943
target_page_id id: 7 tid 105943
0 1 tid 105943
128 4 tid 105943
365 2 tid 105943
492 5 tid 105943
619 6 tid 105943
746 7 tid 105943
245 tid 105943
Insert  tid 105943
FindTargetPageId rootid 3 tid 105941
target_page_id id: 7 tid 105941
0 1 tid 105941
128 4 tid 105941
365 2 tid 105941
492 5 tid 105941
619 6 tid 105941
746 7 tid 105941
246 tid 105941
Insert  tid 105941
FindTargetPageId rootid 3 tid 105943
target_page_id id: 7 tid 105943
0 1 tid 105943
128 4 tid 105943
365 2 tid 105943
492 5 tid 105943
619 6 tid 105943
746 7 tid 105943
246 tid 105943
Insert  tid 105943
FindTargetPageId rootid 3 tid 105941
target_page_id id: 7 tid 105941
0 1 tid 105941
128 4 tid 105941
365 2 tid 105941
492 5 tid 105941
619 6 tid 105941
746 7 tid 105941
247 tid 105941
Insert  tid 105941
FindTargetPageId rootid 3 tid 105943
target_page_id id: 7 tid 105943
0 1 tid 105943
128 4 tid 105943
365 2 tid 105943
492 5 tid 105943
619 6 tid 105943
746 7 tid 105943
247 tid 105943
Insert  tid 105943
FindTargetPageId rootid 3 tid 105941
target_page_id id: 7 tid 105941
0 1 tid 105941
128 4 tid 105941
365 2 tid 105941
492 5 tid 105941
619 6 tid 105941
746 7 tid 105941
248 tid 105941
Insert  tid 105941
FindTargetPageId rootid 3 tid 105943
target_page_id id: 7 tid 105943
0 1 tid 105943
128 4 tid 105943
365 2 tid 105943
492 5 tid 105943
619 6 tid 105943
746 7 tid 105943
248 tid 105943
FindTargetPageId rootid 3 tid Insert 105941 tid 
target_page_id id: 7 tid 105941
0 1 tid 105941
128 4 tid 105941
365 2 tid 105941
492 5 tid 105941
619 6 tid 105941
746 7 tid 105941
105943
249 tid 105941
Insert  tid 105941
FindTargetPageId rootid 3 tid 105943
target_page_id id: 7 tid 105943
0 1 tid 105943
128 4 tid 105943
365 2 tid 105943
492 5 tid 105943
619 6 tid 105943
746 7 tid 105943
249 tid 105943
Insert  tid 105943
FindTargetPageId rootid 3 tid 105941
target_page_id id: 7 tid 105941
0 1 tid 105941
128 4 tid 105941
365 2 tid 105941
492 5 tid 105941
619 6 tid 105941
746 7 tid 105941
250 tid 105941
Insert  tid 105941
FindTargetPageId rootid 3 tid 105943
target_page_id id: 7 tid 105943
0 1 tid 105943
128 4 tid 105943
365 2 tid 105943
492 5 tid 105943
619 6 tid 105943
746 7 tid 105943
250 tid 105943
Insert  tid 105943
FindTargetPageId rootid 3 tid 105941
target_page_id id: 7 tid 105941
0 1 tid 105941
128 4 tid 105941
365 2 tid 105941
492 5 tid 105941
619 6 tid 105941
746 7 tid 105941
251 tid 105941
Insert  tid 105941
FindTargetPageId rootid 3 tid 105943
target_page_id id: 7 tid 105943
0 1 tid 105943
128 4 tid 105943
365 2 tid 105943
492 5 tid 105943
619 6 tid 105943
746 7 tid 105943
251 tid 105943
FindTargetPageId rootid 3 tid 105941
target_page_id id: 7 tid 105941
0 1 tid 105941
128 4 tid 105941
365 2 tid 105941
492 5 tid 105941
619 6 tid 105941
746 7 tid 105941
Insert  tid 252 tid 105941
105943Insert 
 tid FindTargetPageId rootid 3 tid 105943
target_page_id id: 7 tid 105943
0 1 tid 105943
128 4 tid 105943
365 2 tid 105943
492 5 tid 105943
619 6 tid 105943
746 7 tid 105943
105941
252 tid 105943
Insert  tid 105943
FindTargetPageId rootid 3 tid 105943
target_page_id id: 7 tid 105943
0 1 tid 105943
128 4 tid 105943
365 2 tid 105943
492 5 tid 105943
619 6 tid 105943
746 7 tid 105943
253 tid 105943
Insert  tid 105943
FindTargetPageId rootid 3 tid 105941
target_page_id id: 7 tid 105941
0 1 tid 105941
128 4 tid 105941
365 2 tid 105941
492 5 tid 105941
619 6 tid 105941
746 7 tid 105941
254 tid 105941
Insert  tid 105941
FindTargetPageId rootid 3 tid 105943
target_page_id id: 7 tid 105943
0 1 tid 105943
128 4 tid 105943
365 2 tid 105943
492 5 tid 105943
619 6 tid 105943
746 7 tid 105943
254 tid 105943
FindTargetPageId rootid 3 tid 105941
target_page_id id: 8 tid 105941
0 1 tid 105941
128 4 tid 105941
365 2 tid 105941
492 5 tid 105941
619 6 tid 105941
746 7 tid 105941
873 8 tid 105941
128 tid 105941
Insert  tid 105941
FindTargetPageId rootid 3 tid 105941
target_page_id id: 8 tid 105941
0 1 tid 105941
128 4 tid 105941
365 2 tid 105941
492 5 tid 105941
619 6 tid 105941
746 7 tid 105941
873 8 tid 105941
128 tid 105941
leaf_max_size 254
Insert  tid 105929
Insert  tid 105929
new root page id: 1 tid 105929
Insert  tid 105929
FindTargetPageId rootid 1 tid 105929
1 tid 105929
Insert  tid 105929
FindTargetPageId rootid 1 tid 105929
2 tid 105929
Insert  tid 105929
FindTargetPageId rootid 1 tid 105929
3 tid 105929
Insert  tid 105929
FindTargetPageId rootid 1 tid 105929
4 tid 105929
Insert  tid 105929
FindTargetPageId rootid 1 tid 105929
5 tid 105929
Insert  tid 105929
FindTargetPageId rootid 1 tid 105929
6 tid 105929
Insert  tid 105929
FindTargetPageId rootid 1 tid 105929
7 tid 105929
Insert  tid 105929
FindTargetPageId rootid 1 tid 105929
8 tid 105929
Insert  tid 105929
FindTargetPageId rootid 1 tid 105929
9 tid 105929
Insert  tid 105929
FindTargetPageId rootid 1 tid 105929
10 tid 105929
Insert  tid 105929
FindTargetPageId rootid 1 tid 105929
11 tid 105929
Insert  tid 105929
FindTargetPageId rootid 1 tid 105929
12 tid 105929
Insert  tid 105929
FindTargetPageId rootid 1 tid 105929
13 tid 105929
Insert  tid 105929
FindTargetPageId rootid 1 tid 105929
14 tid 105929
Insert  tid 105929
FindTargetPageId rootid 1 tid 105929
15 tid 105929
Insert  tid 105929
FindTargetPageId rootid 1 tid 105929
16 tid 105929
Insert  tid 105929
FindTargetPageId rootid 1 tid 105929
17 tid 105929
Insert  tid 105929
FindTargetPageId rootid 1 tid 105929
18 tid 105929
Insert  tid 105929
FindTargetPageId rootid 1 tid 105929
19 tid 105929
Insert  tid 105929
FindTargetPageId rootid 1 tid 105929
20 tid 105929
Insert  tid 105929
FindTargetPageId rootid 1 tid 105929
21 tid 105929
Insert  tid 105929
FindTargetPageId rootid 1 tid 105929
22 tid 105929
Insert  tid 105929
FindTargetPageId rootid 1 tid 105929
23 tid 105929
Insert  tid 105929
FindTargetPageId rootid 1 tid 105929
24 tid 105929
Insert  tid 105929
FindTargetPageId rootid 1 tid 105929
25 tid 105929
Insert  tid 105929
FindTargetPageId rootid 1 tid 105929
26 tid 105929
Insert  tid 105929
FindTargetPageId rootid 1 tid 105929
27 tid 105929
Insert  tid 105929
FindTargetPageId rootid 1 tid 105929
28 tid 105929
Insert  tid 105929
FindTargetPageId rootid 1 tid 105929
29 tid 105929
Insert  tid 105929
FindTargetPageId rootid 1 tid 105929
30 tid 105929
Insert  tid 105929
FindTargetPageId rootid 1 tid 105929
31 tid 105929
Insert  tid 105929
FindTargetPageId rootid 1 tid 105929
32 tid 105929
Insert  tid 105929
FindTargetPageId rootid 1 tid 105929
33 tid 105929
Insert  tid 105929
FindTargetPageId rootid 1 tid 105929
34 tid 105929
Insert  tid 105929
FindTargetPageId rootid 1 tid 105929
35 tid 105929
Insert  tid 105929
FindTargetPageId rootid 1 tid 105929
36 tid 105929
Insert  tid 105929
FindTargetPageId rootid 1 tid 105929
37 tid 105929
Insert  tid 105929
FindTargetPageId rootid 1 tid 105929
38 tid 105929
Insert  tid 105929
FindTargetPageId rootid 1 tid 105929
39 tid 105929
Insert  tid 105929
FindTargetPageId rootid 1 tid 105929
40 tid 105929
Insert  tid 105929
FindTargetPageId rootid 1 tid 105929
41 tid 105929
Insert  tid 105929
FindTargetPageId rootid 1 tid 105929
42 tid 105929
Insert  tid 105929
FindTargetPageId rootid 1 tid 105929
43 tid 105929
Insert  tid 105929
FindTargetPageId rootid 1 tid 105929
44 tid 105929
Insert  tid 105929
FindTargetPageId rootid 1 tid 105929
45 tid 105929
Insert  tid 105929
FindTargetPageId rootid 1 tid 105929
46 tid 105929
Insert  tid 105929
FindTargetPageId rootid 1 tid 105929
47 tid 105929
Insert  tid 105929
FindTargetPageId rootid 1 tid 105929
48 tid 105929
Insert  tid 105929
FindTargetPageId rootid 1 tid 105929
49 tid 105929
Insert  tid 105929
FindTargetPageId rootid 1 tid 105929
50 tid 105929
Insert  tid 105929
FindTargetPageId rootid 1 tid 105929
51 tid 105929
Insert  tid 105929
FindTargetPageId rootid 1 tid 105929
52 tid 105929
Insert  tid 105929
FindTargetPageId rootid 1 tid 105929
53 tid 105929
Insert  tid 105929
FindTargetPageId rootid 1 tid 105929
54 tid 105929
Insert  tid 105929
FindTargetPageId rootid 1 tid 105929
55 tid 105929
Insert  tid 105929
FindTargetPageId rootid 1 tid 105929
56 tid 105929
Insert  tid 105929
FindTargetPageId rootid 1 tid 105929
57 tid 105929
Insert  tid 105929
FindTargetPageId rootid 1 tid 105929
58 tid 105929
Insert  tid 105929
FindTargetPageId rootid 1 tid 105929
59 tid 105929
Insert  tid 105929
FindTargetPageId rootid 1 tid 105929
60 tid 105929
Insert  tid 105929
FindTargetPageId rootid 1 tid 105929
61 tid 105929
Insert  tid 105929
FindTargetPageId rootid 1 tid 105929
62 tid 105929
Insert  tid 105929
FindTargetPageId rootid 1 tid 105929
63 tid 105929
Insert  tid 105929
FindTargetPageId rootid 1 tid 105929
64 tid 105929
Insert  tid 105929
FindTargetPageId rootid 1 tid 105929
65 tid 105929
Insert  tid 105929
FindTargetPageId rootid 1 tid 105929
66 tid 105929
Insert  tid 105929
FindTargetPageId rootid 1 tid 105929
67 tid 105929
Insert  tid 105929
FindTargetPageId rootid 1 tid 105929
68 tid 105929
Insert  tid 105929
FindTargetPageId rootid 1 tid 105929
69 tid 105929
Insert  tid 105929
FindTargetPageId rootid 1 tid 105929
70 tid 105929
Insert  tid 105929
FindTargetPageId rootid 1 tid 105929
71 tid 105929
Insert  tid 105929
FindTargetPageId rootid 1 tid 105929
72 tid 105929
Insert  tid 105929
FindTargetPageId rootid 1 tid 105929
73 tid 105929
Insert  tid 105929
FindTargetPageId rootid 1 tid 105929
74 tid 105929
Insert  tid 105929
FindTargetPageId rootid 1 tid 105929
75 tid 105929
Insert  tid 105929
FindTargetPageId rootid 1 tid 105929
76 tid 105929
Insert  tid 105929
FindTargetPageId rootid 1 tid 105929
77 tid 105929
Insert  tid 105929
FindTargetPageId rootid 1 tid 105929
78 tid 105929
Insert  tid 105929
FindTargetPageId rootid 1 tid 105929
79 tid 105929
Insert  tid 105929
FindTargetPageId rootid 1 tid 105929
80 tid 105929
Insert  tid 105929
FindTargetPageId rootid 1 tid 105929
81 tid 105929
Insert  tid 105929
FindTargetPageId rootid 1 tid 105929
82 tid 105929
Insert  tid 105929
FindTargetPageId rootid 1 tid 105929
83 tid 105929
Insert  tid 105929
FindTargetPageId rootid 1 tid 105929
84 tid 105929
Insert  tid 105929
FindTargetPageId rootid 1 tid 105929
85 tid 105929
Insert  tid 105929
FindTargetPageId rootid 1 tid 105929
86 tid 105929
Insert  tid 105929
FindTargetPageId rootid 1 tid 105929
87 tid 105929
Insert  tid 105929
FindTargetPageId rootid 1 tid 105929
88 tid 105929
Insert  tid 105929
FindTargetPageId rootid 1 tid 105929
89 tid 105929
Insert  tid 105929
FindTargetPageId rootid 1 tid 105929
90 tid 105929
Insert  tid 105929
FindTargetPageId rootid 1 tid 105929
91 tid 105929
Insert  tid 105929
FindTargetPageId rootid 1 tid 105929
92 tid 105929
Insert  tid 105929
FindTargetPageId rootid 1 tid 105929
93 tid 105929
Insert  tid 105929
FindTargetPageId rootid 1 tid 105929
94 tid 105929
Insert  tid 105929
FindTargetPageId rootid 1 tid 105929
95 tid 105929
Insert  tid 105929
FindTargetPageId rootid 1 tid 105929
96 tid 105929
Insert  tid 105929
FindTargetPageId rootid 1 tid 105929
97 tid 105929
Insert  tid 105929
FindTargetPageId rootid 1 tid 105929
98 tid 105929
Insert  tid 105929
FindTargetPageId rootid 1 tid 105929
99 tid 105929
Insert  tid 105929
FindTargetPageId rootid 1 tid 105929
100 tid 105929
Insert  tid 105929
FindTargetPageId rootid 1 tid 105929
101 tid 105929
Insert  tid 105929
FindTargetPageId rootid 1 tid 105929
102 tid 105929
Insert  tid 105929
FindTargetPageId rootid 1 tid 105929
103 tid 105929
Insert  tid 105929
FindTargetPageId rootid 1 tid 105929
104 tid 105929
Insert  tid 105929
FindTargetPageId rootid 1 tid 105929
105 tid 105929
Insert  tid 105929
FindTargetPageId rootid 1 tid 105929
106 tid 105929
Insert  tid 105929
FindTargetPageId rootid 1 tid 105929
107 tid 105929
Insert  tid 105929
FindTargetPageId rootid 1 tid 105929
108 tid 105929
Insert  tid 105929
FindTargetPageId rootid 1 tid 105929
109 tid 105929
Insert  tid 105929
FindTargetPageId rootid 1 tid 105929
110 tid 105929
Insert  tid 105929
FindTargetPageId rootid 1 tid 105929
111 tid 105929
Insert  tid 105929
FindTargetPageId rootid 1 tid 105929
112 tid 105929
Insert  tid 105929
FindTargetPageId rootid 1 tid 105929
113 tid 105929
Insert  tid 105929
FindTargetPageId rootid 1 tid 105929
114 tid 105929
Insert  tid 105929
FindTargetPageId rootid 1 tid 105929
115 tid 105929
Insert  tid 105929
FindTargetPageId rootid 1 tid 105929
116 tid 105929
Insert  tid 105929
FindTargetPageId rootid 1 tid 105929
117 tid 105929
Insert  tid 105929
FindTargetPageId rootid 1 tid 105929
118 tid 105929
Insert  tid 105929
FindTargetPageId rootid 1 tid 105929
119 tid 105929
Insert  tid 105929
FindTargetPageId rootid 1 tid 105929
120 tid 105929
Insert  tid 105929
FindTargetPageId rootid 1 tid 105929
121 tid 105929
Insert  tid 105929
FindTargetPageId rootid 1 tid 105929
122 tid 105929
Insert  tid 105929
FindTargetPageId rootid 1 tid 105929
123 tid 105929
Insert  tid 105929
FindTargetPageId rootid 1 tid 105929
124 tid 105929
Insert  tid 105929
FindTargetPageId rootid 1 tid 105929
125 tid 105929
Insert  tid 105929
FindTargetPageId rootid 1 tid 105929
126 tid 105929
Insert  tid 105929
FindTargetPageId rootid 1 tid 105929
127 tid 105929
Insert  tid 105929
FindTargetPageId rootid 1 tid 105929
128 tid 105929
Insert  tid 105929
FindTargetPageId rootid 1 tid 105929
129 tid 105929
Insert  tid 105929
FindTargetPageId rootid 1 tid 105929
130 tid 105929
Insert  tid 105929
FindTargetPageId rootid 1 tid 105929
131 tid 105929
Insert  tid 105929
FindTargetPageId rootid 1 tid 105929
132 tid 105929
Insert  tid 105929
FindTargetPageId rootid 1 tid 105929
133 tid 105929
Insert  tid 105929
FindTargetPageId rootid 1 tid 105929
134 tid 105929
Insert  tid 105929
FindTargetPageId rootid 1 tid 105929
135 tid 105929
Insert  tid 105929
FindTargetPageId rootid 1 tid 105929
136 tid 105929
Insert  tid 105929
FindTargetPageId rootid 1 tid 105929
137 tid 105929
Insert  tid 105929
FindTargetPageId rootid 1 tid 105929
138 tid 105929
Insert  tid 105929
FindTargetPageId rootid 1 tid 105929
139 tid 105929
Insert  tid 105929
FindTargetPageId rootid 1 tid 105929
140 tid 105929
Insert  tid 105929
FindTargetPageId rootid 1 tid 105929
141 tid 105929
Insert  tid 105929
FindTargetPageId rootid 1 tid 105929
142 tid 105929
Insert  tid 105929
FindTargetPageId rootid 1 tid 105929
143 tid 105929
Insert  tid 105929
FindTargetPageId rootid 1 tid 105929
144 tid 105929
Insert  tid 105929
FindTargetPageId rootid 1 tid 105929
145 tid 105929
Insert  tid 105929
FindTargetPageId rootid 1 tid 105929
146 tid 105929
Insert  tid 105929
FindTargetPageId rootid 1 tid 105929
147 tid 105929
Insert  tid 105929
FindTargetPageId rootid 1 tid 105929
148 tid 105929
Insert  tid 105929
FindTargetPageId rootid 1 tid 105929
149 tid 105929
Insert  tid 105929
FindTargetPageId rootid 1 tid 105929
150 tid 105929
Insert  tid 105929
FindTargetPageId rootid 1 tid 105929
151 tid 105929
Insert  tid 105929
FindTargetPageId rootid 1 tid 105929
152 tid 105929
Insert  tid 105929
FindTargetPageId rootid 1 tid 105929
153 tid 105929
Insert  tid 105929
FindTargetPageId rootid 1 tid 105929
154 tid 105929
Insert  tid 105929
FindTargetPageId rootid 1 tid 105929
155 tid 105929
Insert  tid 105929
FindTargetPageId rootid 1 tid 105929
156 tid 105929
Insert  tid 105929
FindTargetPageId rootid 1 tid 105929
157 tid 105929
Insert  tid 105929
FindTargetPageId rootid 1 tid 105929
158 tid 105929
Insert  tid 105929
FindTargetPageId rootid 1 tid 105929
159 tid 105929
Insert  tid 105929
FindTargetPageId rootid 1 tid 105929
160 tid 105929
Insert  tid 105929
FindTargetPageId rootid 1 tid 105929
161 tid 105929
Insert  tid 105929
FindTargetPageId rootid 1 tid 105929
162 tid 105929
Insert  tid 105929
FindTargetPageId rootid 1 tid 105929
163 tid 105929
Insert  tid 105929
FindTargetPageId rootid 1 tid 105929
164 tid 105929
Insert  tid 105929
FindTargetPageId rootid 1 tid 105929
165 tid 105929
Insert  tid 105929
FindTargetPageId rootid 1 tid 105929
166 tid 105929
Insert  tid 105929
FindTargetPageId rootid 1 tid 105929
167 tid 105929
Insert  tid 105929
FindTargetPageId rootid 1 tid 105929
168 tid 105929
Insert  tid 105929
FindTargetPageId rootid 1 tid 105929
169 tid 105929
Insert  tid 105929
FindTargetPageId rootid 1 tid 105929
170 tid 105929
Insert  tid 105929
FindTargetPageId rootid 1 tid 105929
171 tid 105929
Insert  tid 105929
FindTargetPageId rootid 1 tid 105929
172 tid 105929
Insert  tid 105929
FindTargetPageId rootid 1 tid 105929
173 tid 105929
Insert  tid 105929
FindTargetPageId rootid 1 tid 105929
174 tid 105929
Insert  tid 105929
FindTargetPageId rootid 1 tid 105929
175 tid 105929
Insert  tid 105929
FindTargetPageId rootid 1 tid 105929
176 tid 105929
Insert  tid 105929
FindTargetPageId rootid 1 tid 105929
177 tid 105929
Insert  tid 105929
FindTargetPageId rootid 1 tid 105929
178 tid 105929
Insert  tid 105929
FindTargetPageId rootid 1 tid 105929
179 tid 105929
Insert  tid 105929
FindTargetPageId rootid 1 tid 105929
180 tid 105929
Insert  tid 105929
FindTargetPageId rootid 1 tid 105929
181 tid 105929
Insert  tid 105929
FindTargetPageId rootid 1 tid 105929
182 tid 105929
Insert  tid 105929
FindTargetPageId rootid 1 tid 105929
183 tid 105929
Insert  tid 105929
FindTargetPageId rootid 1 tid 105929
184 tid 105929
Insert  tid 105929
FindTargetPageId rootid 1 tid 105929
185 tid 105929
Insert  tid 105929
FindTargetPageId rootid 1 tid 105929
186 tid 105929
Insert  tid 105929
FindTargetPageId rootid 1 tid 105929
187 tid 105929
Insert  tid 105929
FindTargetPageId rootid 1 tid 105929
188 tid 105929
Insert  tid 105929
FindTargetPageId rootid 1 tid 105929
189 tid 105929
Insert  tid 105929
FindTargetPageId rootid 1 tid 105929
190 tid 105929
Insert  tid 105929
FindTargetPageId rootid 1 tid 105929
191 tid 105929
Insert  tid 105929
FindTargetPageId rootid 1 tid 105929
192 tid 105929
Insert  tid 105929
FindTargetPageId rootid 1 tid 105929
193 tid 105929
Insert  tid 105929
FindTargetPageId rootid 1 tid 105929
194 tid 105929
Insert  tid 105929
FindTargetPageId rootid 1 tid 105929
195 tid 105929
Insert  tid 105929
FindTargetPageId rootid 1 tid 105929
196 tid 105929
Insert  tid 105929
FindTargetPageId rootid 1 tid 105929
197 tid 105929
Insert  tid 105929
FindTargetPageId rootid 1 tid 105929
198 tid 105929
Insert  tid 105929
FindTargetPageId rootid 1 tid 105929
199 tid 105929
Insert  tid 105945
Insert  tid 105945
FindTargetPageId rootid 1 tid 105945
200 tid 105945
Insert  tid 105945
FindTargetPageId rootid 1 tid 105945
201 tid 105945
Remove  tid 105946
Insert  tid 105945
Remove  tid Insert 105946 tid 
FindTargetPageId rootid 1 tid 105945
202 tid 105945
105947
Insert  tid 105945
FindTargetPageId rootid 1 tid 105945
203 tid 105945
Insert  tid 105945
FindTargetPageId rootid 1 tid 105946
204 tid 105946
Remove  tid 105946
Insert  tid 105947
FindTargetPageId rootid 1 tid 105946
203 tid 105946
Remove  tid 105946
FindTargetPageId rootid 1 tid 105947
202 tid 105947
Insert  tid 105947
FindTargetPageId rootid 1 tid 105947
203 tid 105947
Insert  tid 105947
FindTargetPageId rootid 1 tid 105947
204 tid 105947
Insert  tid 105947
FindTargetPageId rootid 1 tid 105947
204 tid 105947
Insert  tid 105947
FindTargetPageId rootid 1 tid 105947
204 tid 105947
Insert  tid 105947
FindTargetPageId rootid 1 tid 105947
205 tid 105947
Insert  tid 105947
FindTargetPageId rootid 1 tid 105946
206 tid 105946
Remove  tid 105946
FindTargetPageId rootid 1 tid 105945
205 tid 105945
Insert  tid 105945
FindTargetPageId rootid 1 tid 105945
205 tid 105945
Insert  tid 105945
FindTargetPageId rootid 1 tid 105945
205 tid 105945
Insert  tid 105945
FindTargetPageId rootid 1 tid 105945
206 tid 105945
Insert  tid 105945
FindTargetPageId rootid 1 tid 105947
207 tid 105947
Insert  tid 105947
FindTargetPageId rootid 1 tid 105947
207 tid 105947
Insert  tid 105947
FindTargetPageId rootid 1 tid 105947
207 tid 105947
Insert  tid 105947
FindTargetPageId rootid 1 tid 105945
208 tid 105945
Insert  tid 105945
FindTargetPageId rootid 1 tid 105946
208 tid 105946
Remove  tid 105946
FindTargetPageId rootid 1 tid 105947
207 tid 105947
Insert  tid 105947
FindTargetPageId rootid 1 tid 105945
208 tid 105945
Insert  tid 105945
FindTargetPageId rootid 1 tid 105945
208 tid 105945
Insert  tid 105945
FindTargetPageId rootid 1 tid 105946
209 tid 105946
Remove  tid 105946
FindTargetPageId rootid 1 tid 105946
208 tid 105946
Remove  tid 105946
FindTargetPageId rootid 1 tid 105946
207 tid 105946
Remove  tid 105946
FindTargetPageId rootid 1 tid 105946
206 tid 105946
Remove  tid 105946
FindTargetPageId rootid 1 tid 105946
205 tid 105946
Remove  tid 105946
FindTargetPageId rootid 1 tid 105946
204 tid 105946
Remove  tid 105946
FindTargetPageId rootid 1 tid 105946
203 tid 105946
Remove  tid 105946
FindTargetPageId rootid 1 tid 105946
202 tid 105946
Remove  tid 105946
FindTargetPageId rootid 1 tid 105947
202 tid 105947
Insert  tid 105947
FindTargetPageId rootid 1 tid 105945
203 tid 105945
Insert  tid 105945
FindTargetPageId rootid 1 tid 105947
204 tid 105947
Insert  tid 105947
FindTargetPageId rootid 1 tid 105945
204 tid 105945
Insert  tid 105945
FindTargetPageId rootid 1 tid 105946
205 tid 105946
Remove  tid 105946
FindTargetPageId rootid 1 tid 105947
204 tid 105947
Insert  tid 105947
FindTargetPageId rootid 1 tid 105945
205 tid 105945
Insert  tid 105945
FindTargetPageId rootid 1 tid 105945
206 tid 105945
Insert  tid 105945
FindTargetPageId rootid 1 tid 105945
207 tid 105945
Insert  tid 105945
FindTargetPageId rootid 1 tid 105947
208 tid 105947
Insert  tid 105947
FindTargetPageId rootid 1 tid 105946
208 tid 105946
Remove  tid 105946
FindTargetPageId rootid 1 tid 105945
207 tid 105945
Insert  tid 105945
FindTargetPageId rootid 1 tid 105947
208 tid 105947
Insert  tid 105947
FindTargetPageId rootid 1 tid 105946
208 tid 105946
Remove  tid 105946
FindTargetPageId rootid 1 tid 105945
207 tid 105945
Insert  tid 105945
FindTargetPageId rootid 1 tid 105947
208 tid 105947
Insert  tid 105947
FindTargetPageId rootid 1 tid 105946
208 tid 105946
Remove  tid 105946
FindTargetPageId rootid 1 tid 105945
207 tid 105945
Insert  tid 105945
FindTargetPageId rootid 1 tid 105947
208 tid 105947
Insert  tid 105947
FindTargetPageId rootid 1 tid 105946
208 tid 105946
Remove  tid 105946
FindTargetPageId rootid 1 tid 105945
207 tid 105945
Insert  tid 105945
FindTargetPageId rootid 1 tid 105947
208 tid 105947
Insert  tid 105947
FindTargetPageId rootid 1 tid 105947
208 tid 105947
Insert  tid 105947
FindTargetPageId rootid 1 tid 105945
208 tid 105945
Insert  tid 105945
FindTargetPageId rootid 1 tid 105946
209 tid 105946
Remove  tid 105946
FindTargetPageId rootid 1 tid 105947
208 tid 105947
Insert  tid 105947
FindTargetPageId rootid 1 tid 105945
208 tid 105945
Insert  tid 105945
FindTargetPageId rootid 1 tid 105946
209 tid 105946
Remove  tid 105946
FindTargetPageId rootid 1 tid 105947
208 tid 105947
Insert  tid 105947
FindTargetPageId rootid 1 tid 105945
208 tid 105945
Insert  tid 105945
FindTargetPageId rootid 1 tid 105946
209 tid 105946
Remove  tid 105946
FindTargetPageId rootid 1 tid 105947
208 tid 105947
Insert  tid 105947
FindTargetPageId rootid 1 tid 105945
208 tid 105945
Insert  tid 105945
FindTargetPageId rootid 1 tid 105945
209 tid 105945
Insert  tid 105945
FindTargetPageId rootid 1 tid 105945
210 tid 105945
Insert  tid 105945
FindTargetPageId rootid 1 tid 105946
211 tid 105946
Remove  tid 105946
FindTargetPageId rootid 1 tid 105946
210 tid 105946
Remove  tid 105946
FindTargetPageId rootid 1 tid 105945
209 tid 105945
Insert  tid 105945
FindTargetPageId rootid 1 tid 105945
210 tid 105945
Insert  tid 105945
FindTargetPageId rootid 1 tid 105945
211 tid 105945
Insert  tid 105945
FindTargetPageId rootid 1 tid 105945
212 tid 105945
Insert  tid 105945
FindTargetPageId rootid 1 tid 105945
213 tid 105945
FindTargetPageId rootid 1 tid 105946
214 tid 105946
Remove  tid 105946
FindTargetPageId rootid 1 tid 105946
213 tid 105946
Remove  tid 105946
FindTargetPageId rootid 1 tid 105946
212 tid 105946
Remove  tid 105946
FindTargetPageId rootid 1 tid 105946
211 tid 105946
Remove  tid 105946
FindTargetPageId rootid 1 tid 105946
210 tid 105946
Remove  tid 105946
FindTargetPageId rootid 1 tid 105946
209 tid 105946
Remove  tid 105946
FindTargetPageId rootid 1 tid 105946
208 tid 105946
Remove  tid 105946
FindTargetPageId rootid 1 tid 105947
207 tid 105947
Insert  tid 105947
Insert  tid 105945
FindTargetPageId rootid 1 tid 105947
208 tid 105947
Insert  tid 105947
FindTargetPageId rootid 1 tid 105947
209 tid 105947
Insert  tid 105947
FindTargetPageId rootid 1 tid 105947
210 tid 105947
Insert  tid 105947
FindTargetPageId rootid 1 tid 105946
211 tid 105946
Remove  tid 105946
FindTargetPageId rootid 1 tid 105945
210 tid 105945
Insert  tid 105945
FindTargetPageId rootid 1 tid 105945
211 tid 105945
Insert  tid 105945
FindTargetPageId rootid 1 tid 105945
212 tid 105945
Insert  tid 105945
FindTargetPageId rootid 1 tid 105947
213 tid 105947
Insert  tid 105947
FindTargetPageId rootid 1 tid 105947
214 tid 105947
Insert  tid 105947
FindTargetPageId rootid 1 tid 105947
215 tid 105947
Insert  tid 105947
FindTargetPageId rootid 1 tid 105947
216 tid 105947
Insert  tid 105947
FindTargetPageId rootid 1 tid 105945
217 tid 105945
Insert  tid 105945
FindTargetPageId rootid 1 tid 105946
218 tid 105946
Remove  tid 105946
FindTargetPageId rootid 1 tid 105947
217 tid 105947
Insert  tid 105947
FindTargetPageId rootid 1 tid 105947
218 tid 105947
Insert  tid 105947
FindTargetPageId rootid 1 tid 105945
218 tid 105945
Insert  tid 105945
FindTargetPageId rootid 1 tid 105945
219 tid 105945
Insert  tid 105945
FindTargetPageId rootid 1 tid 105945
220 tid 105945
Insert  tid 105945
FindTargetPageId rootid 1 tid 105945
221 tid 105945
Insert  tid 105945
FindTargetPageId rootid 1 tid 105945
222 tid 105945
Insert  tid 105945
FindTargetPageId rootid 1 tid 105945
223 tid 105945
Insert  tid 105945
FindTargetPageId rootid 1 tid 105947
224 tid 105947
Insert  tid 105947
FindTargetPageId rootid 1 tid 105947
224 tid 105947
Insert  tid 105947
FindTargetPageId rootid 1 tid 105947
224 tid 105947
Insert  tid 105947
FindTargetPageId rootid 1 tid 105946
224 tid 105946
Remove  tid 105946
FindTargetPageId rootid 1 tid 105945
223 tid 105945
Insert  tid 105945
FindTargetPageId rootid 1 tid 105947
224 tid 105947
Insert  tid 105947
FindTargetPageId rootid 1 tid 105946
224 tid 105946
Remove  tid 105946
FindTargetPageId rootid 1 tid 105946
223 tid 105946
Remove  tid 105946
FindTargetPageId rootid 1 tid 105946
222 tid 105946
Remove  tid 105946
FindTargetPageId rootid 1 tid 105945
221 tid 105945
Insert  tid 105945
FindTargetPageId rootid 1 tid 105947
222 tid 105947
Insert  tid 105947
FindTargetPageId rootid 1 tid 105946
222 tid 105946
Remove  tid 105946
FindTargetPageId rootid 1 tid 105946
221 tid 105946
Remove  tid 105946
FindTargetPageId rootid 1 tid 105946
220 tid 105946
Remove  tid 105946
FindTargetPageId rootid 1 tid 105946
219 tid 105946
Remove  tid 105946
FindTargetPageId rootid 1 tid 105947
218 tid 105947
Insert  tid 105947
FindTargetPageId rootid 1 tid 105947
219 tid 105947
Insert  tid 105947
FindTargetPageId rootid 1 tid 105947
220 tid 105947
Insert  tid 105947
FindTargetPageId rootid 1 tid 105947
220 tid 105947
Insert  tid 105947
FindTargetPageId rootid 1 tid 105947
220 tid 105947
Insert  tid 105947
FindTargetPageId rootid 1 tid 105945
220 tid 105945
Insert  tid 105945
FindTargetPageId rootid 1 tid 105945
221 tid 105945
Insert  tid 105945
FindTargetPageId rootid 1 tid 105945
222 tid 105945
Insert  tid 105945
FindTargetPageId rootid 1 tid 105945
223 tid 105945
Insert  tid 105945
FindTargetPageId rootid 1 tid 105945
224 tid 105945
Insert  tid 105945
FindTargetPageId rootid 1 tid 105945
225 tid 105945
Insert  tid 105945
FindTargetPageId rootid 1 tid 105946
226 tid 105946
Remove  tid 105946
FindTargetPageId rootid 1 tid 105946
225 tid 105946
Remove  tid 105946
FindTargetPageId rootid 1 tid 105946
224 tid 105946
Remove  tid 105946
FindTargetPageId rootid 1 tid 105946
223 tid 105946
Remove  tid 105946
FindTargetPageId rootid 1 tid 105946
222 tid 105946
Remove  tid 105946
FindTargetPageId rootid 1 tid 105946
221 tid 105946
Remove  tid 105946
FindTargetPageId rootid 1 tid 105946
220 tid 105946
Remove  tid 105946
FindTargetPageId rootid 1 tid 105946
219 tid 105946
Remove  tid 105946
FindTargetPageId rootid 1 tid 105946
218 tid 105946
Remove  tid 105946
FindTargetPageId rootid 1 tid 105946
217 tid 105946
Remove  tid 105946
FindTargetPageId rootid 1 tid 105946
216 tid 105946
Remove  tid 105946
FindTargetPageId rootid 1 tid 105946
216 tid 105946
Remove  tid 105946
FindTargetPageId rootid 1 tid 105945
216 tid 105945
Insert  tid 105945
FindTargetPageId rootid 1 tid 105947
217 tid 105947
Insert  tid 105947
FindTargetPageId rootid 1 tid 105947
218 tid 105947
Insert  tid 105947
FindTargetPageId rootid 1 tid 105946
219 tid 105946
Remove  tid 105946
FindTargetPageId rootid 1 tid 105946
219 tid 105946
Remove  tid 105946
FindTargetPageId rootid 1 tid 105946
219 tid 105946
Remove  tid 105946
FindTargetPageId rootid 1 tid 105947
219 tid 105947
Insert  tid 105947
FindTargetPageId rootid 1 tid 105947
220 tid 105947
Insert  tid 105947
FindTargetPageId rootid 1 tid 105947
221 tid 105947
Insert  tid 105947
FindTargetPageId rootid 1 tid 105947
222 tid 105947
Insert  tid 105947
FindTargetPageId rootid 1 tid 105947
223 tid 105947
Insert  tid 105947
FindTargetPageId rootid 1 tid 105947
224 tid 105947
Insert  tid 105947
FindTargetPageId rootid 1 tid 105947
224 tid 105947
FindTargetPageId rootid 1 tid 105945
225 tid 105945
Insert  tid 105947
FindTargetPageId rootid 1 tid 105946
225 tid 105946
Remove  tid 105946
FindTargetPageId rootid 1 tid 105946
225 tid 105946
Remove  tid 105946
Insert  tid FindTargetPageId rootid 1059451 tid 
105946
225 tid 105946
Remove  tid 105946
FindTargetPageId rootid 1 tid 105947
225 tid 105947
Insert  tid 105947
FindTargetPageId rootid 1 tid 105945
226 tid 105945
Insert  tid 105945
FindTargetPageId rootid 1 tid 105946
226 tid 105946
Remove  tid 105946
FindTargetPageId rootid 1 tid 105947
226 tid 105947
Insert  tid 105947
FindTargetPageId rootid 1 tid 105947
227 tid 105947
Insert  tid 105947
FindTargetPageId rootid 1 tid 105946
228 tid 105946
Remove  tid 105946
FindTargetPageId rootid 1 tid 105946
228 tid 105946
Remove  tid 105946
FindTargetPageId rootid 1 tid 105946
228 tid 105946
Remove  tid 105946
FindTargetPageId rootid 1 tid 105947
228 tid 105947
Insert  tid 105947
FindTargetPageId rootid 1 tid 105945
229 tid 105945
Insert  tid 105945
FindTargetPageId rootid 1 tid 105946
229 tid 105946
Remove  tid 105946
FindTargetPageId rootid 1 tid 105946
229 tid 105946
Remove  tid 105946
FindTargetPageId rootid 1 tid 105946
229 tid 105946
Remove  tid 105946
FindTargetPageId rootid 1 tid 105946
229 tid 105946
Remove  tid 105946
FindTargetPageId rootid 1 tid 105946
229 tid 105946
Remove  tid 105946
FindTargetPageId rootid 1 tid 105946
229 tid 105946
Remove  tid 105946
FindTargetPageId rootid 1 tid 105947
229 tid 105947
Insert  tid 105947
FindTargetPageId rootid 1 tid 105947
230 tid 105947
Insert  tid 105947
FindTargetPageId rootid 1 tid 105947
231 tid 105947
Insert  tid 105947
FindTargetPageId rootid 1 tid 105947
232 tid 105947
Insert  tid 105947
FindTargetPageId rootid 1 tid 105947
233 tid 105947
Insert  tid 105947
FindTargetPageId rootid 1 tid 105946
234 tid 105946
Remove  tid 105946
FindTargetPageId rootid 1 tid 105946
234 tid 105946
Remove  tid 105946
FindTargetPageId rootid 1 tid 105946
234 tid 105946
Remove  tid 105946
FindTargetPageId rootid 1 tid 105945
234 tid 105945
Insert  tid 105945
FindTargetPageId rootid 1 tid 105945
234 tid 105945
Insert  tid 105945
FindTargetPageId rootid 1 tid 105945
234 tid 105945
Insert  tid 105945
FindTargetPageId rootid 1 tid 105945
234 tid 105945
Insert  tid 105945
FindTargetPageId rootid 1 tid 105945
234 tid 105945
Insert  tid 105945
FindTargetPageId rootid 1 tid 105945
234 tid 105945
Insert  tid 105945
FindTargetPageId rootid 1 tid 105945
234 tid 105945
Insert  tid 105945
FindTargetPageId rootid 1 tid 105945
234 tid 105945
Insert  tid 105945
FindTargetPageId rootid 1 tid 105947
235 tid 105947
Insert  tid 105947
FindTargetPageId rootid 1 tid 105947
235 tid 105947
Insert  tid 105947
FindTargetPageId rootid 1 tid 105947
236 tid 105947
Insert  tid 105947
FindTargetPageId rootid 1 tid 105945
237 tid 105945
Insert  tid 105945
FindTargetPageId rootid 1 tid 105945
237 tid 105945
Insert  tid 105945
FindTargetPageId rootid 1 tid 105945
237 tid 105945
Insert  tid 105945
FindTargetPageId rootid 1 tid 105946
238 tid 105946
Remove  tid 105946
FindTargetPageId rootid 1 tid 105947
238 tid 105947
Insert  tid 105947
FindTargetPageId rootid 1 tid 105945
238 tid 105945
Insert  tid 105945
FindTargetPageId rootid 1 tid 105946
239 tid 105946
Remove  tid 105946
FindTargetPageId rootid 1 tid 105946
239 tid 105946
Remove  tid 105946
FindTargetPageId rootid 1 tid 105946
239 tid 105946
Remove  tid 105946
FindTargetPageId rootid 1 tid 105946
239 tid 105946
Remove  tid 105946
FindTargetPageId rootid 1 tid 105946
239 tid 105946
Remove  tid 105946
FindTargetPageId rootid 1 tid 105946
239 tid 105946
Remove  tid 105946
FindTargetPageId rootid 1 tid 105946
239 tid 105946
Remove  tid 105946
FindTargetPageId rootid 1 tid 105946
239 tid 105946
Remove  tid 105946
FindTargetPageId rootid 1 tid 105946
239 tid 105946
Remove  tid 105946
FindTargetPageId rootid 1 tid 105945
239 tid 105945
Insert  tid 105945
FindTargetPageId rootid 1 tid 105947
240 tid 105947
Insert  tid 105947
FindTargetPageId rootid 1 tid 105947
240 tid 105947
Insert  tid 105947
FindTargetPageId rootid 1 tid 105946
240 tid 105946
Remove  tid 105946
FindTargetPageId rootid 1 tid 105945
240 tid 105945
FindTargetPageId rootid 1 tid 105947
241 tid 105947
Insert  tid 105947
FindTargetPageId rootid 1 tid 105947
241 tid 105947
Insert  tid 105947
FindTargetPageId rootid 1 tid 105947
242 tid 105947
Insert  tid 105947
FindTargetPageId rootid 1 tid 105947
243 tid 105947
Insert  tid 105947
FindTargetPageId rootid 1 tid 105947
244 tid 105947
Insert  tid 105945
Insert  tid 105947
FindTargetPageId rootid 1 tid 105945
245 tid 105945
Insert  tid 105945
FindTargetPageId rootid 1 tid 105945
245 tid 105945
Insert  tid 105945
FindTargetPageId rootid 1 tid 105945
245 tid 105945
Insert  tid 105945
FindTargetPageId rootid 1 tid 105945
245 tid 105945
Insert  tid 105945
FindTargetPageId rootid 1 tid 105945
245 tid 105945
Insert  tid 105945
FindTargetPageId rootid 1 tid 105945
246 tid 105945
Insert  tid 105945
FindTargetPageId rootid 1 tid 105945
247 tid 105945
Insert  tid 105945
FindTargetPageId rootid 1 tid 105945
248 tid 105945
Insert  tid 105945
FindTargetPageId rootid 1 tid 105945
249 tid 105945
Insert  tid 105945
FindTargetPageId rootid 1 tid 105945
250 tid 105945
Insert  tid 105945
FindTargetPageId rootid 1 tid 105945
251 tid 105945
Insert  tid 105945
FindTargetPageId rootid 1 tid 105945
252 tid 105945
Insert  tid 105945
FindTargetPageId rootid 1 tid 105945
253 tid 105945
Insert  tid 105945
FindTargetPageId rootid 1 tid 105945
254 tid 105945
Insert  tid 105945
FindTargetPageId rootid 3 tid 105946
target_page_id id: 1 tid 105946
0 1 tid 105946
365 2 tid 105946
127 tid 105946
Remove  tid 105946
FindTargetPageId rootid 3 tid 105947
target_page_id id: 1 tid 105947
0 1 tid 105947
365 2 tid 105947
127 tid 105947
Insert  tid 105947
FindTargetPageId rootid 3 tid 105947
target_page_id id: 1 tid 105947
0 1 tid 105947
365 2 tid 105947
127 tid 105947
Insert  tid 105947
FindTargetPageId rootid 3 tid 105946
target_page_id id: 1 tid 105946
0 1 tid 105946
365 2 tid 105946
127 tid 105946
Remove  tid 105946
FindTargetPageId rootid 3 tid 105945
target_page_id id: 1 tid 105945
0 1 tid 105945
365 2 tid 105945
127 tid 105945
Insert  tid 105945
FindTargetPageId rootid 3 tid 105945
target_page_id id: 1 tid 105945
0 1 tid 105945
365 2 tid 105945
128 tid 105945
Insert  tid 105945
FindTargetPageId rootid 3 tid 105946
target_page_id id: 1 tid 105946
0 1 tid 105946
365 2 tid 105946
129 tid 105946
Remove  tid 105946
FindTargetPageId rootid 3 tid 105947
target_page_id id: 1 tid 105947
0 1 tid 105947
365 2 tid 105947
129 tid 105947
Insert  tid 105947
FindTargetPageId rootid 3 tid 105945
target_page_id id: 1 tid 105945
0 1 tid 105945
365 2 tid 105945
129 tid 105945
Insert  tid 105945
FindTargetPageId rootid 3 tid 105946
target_page_id id: 1 tid 105946
0 1 tid 105946
365 2 tid 105946
130 tid 105946
Remove  tid 105946
FindTargetPageId rootid 3 tid 105946
target_page_id id: 1 tid 105946
0 1 tid 105946
365 2 tid 105946
130 tid 105946
Remove  tid 105946
FindTargetPageId rootid 3 tid 105945
target_page_id id: 1 tid 105945
0 1 tid 105945
365 2 tid 105945
130 tid 105945
Insert  tid 105945
FindTargetPageId rootid 3 tid 105947
target_page_id id: 1 tid 105947
0 1 tid 105947
365 2 tid 105947
131 tid 105947
Insert  tid 105947
FindTargetPageId rootid 3 tid 105947
target_page_id id: 1 tid 105947
0 1 tid 105947
365 2 tid 105947
131 tid 105947
Insert  tid 105947
FindTargetPageId rootid 3 tid 105945
target_page_id id: 1 tid 105945
0 1 tid 105945
365 2 tid 105945
131 tid 105945
Insert  tid 105945
FindTargetPageId rootid 3 tid 105946
target_page_id id: 1 tid 105946
0 1 tid 105946
365 2 tid 105946
132 tid 105946
Remove  tid 105946
FindTargetPageId rootid 3 tid 105946
target_page_id id: 1 tid 105946
0 1 tid 105946
365 2 tid 105946
132 tid 105946
Remove  tid 105946
FindTargetPageId rootid 3 tid 105945
target_page_id id: 1 tid 105945
0 1 tid 105945
365 2 tid 105945
132 tid 105945
Insert  tid 105945
FindTargetPageId rootid 3 tid 105945
target_page_id id: 1 tid 105945
0 1 tid 105945
365 2 tid 105945
133 tid 105945
Insert  tid 105945
FindTargetPageId rootid 3 tid 105945
target_page_id id: 1 tid 105945
0 1 tid 105945
365 2 tid 105945
134 tid 105945
Insert  tid 105945
FindTargetPageId rootid 3 tid 105945
target_page_id id: 1 tid 105945
0 1 tid 105945
365 2 tid 105945
135 tid 105945
Insert  tid 105945
FindTargetPageId rootid 3 tid 105945
target_page_id id: 1 tid 105945
0 1 tid 105945
365 2 tid 105945
136 tid 105945
Insert  tid 105945
FindTargetPageId rootid 3 tid 105945
target_page_id id: 1 tid 105945
0 1 tid 105945
365 2 tid 105945
137 tid 105945
Insert  tid 105945
FindTargetPageId rootid 3 tid 105947
target_page_id id: 1 tid 105947
0 1 tid 105947
365 2 tid 105947
138 tid 105947
Insert  tid 105947
FindTargetPageId rootid 3 tid 105947
target_page_id id: 1 tid 105947
0 1 tid 105947
365 2 tid 105947
138 tid 105947
Insert  tid 105947
FindTargetPageId rootid 3 tid 105945
target_page_id id: 1 tid 105945
0 1 tid 105945
365 2 tid 105945
138 tid 105945
Insert  tid 105945
FindTargetPageId rootid 3 tid 105945
target_page_id id: 1 tid 105945
0 1 tid 105945
365 2 tid 105945
139 tid 105945
Insert  tid 105945
FindTargetPageId rootid 3 tid 105945
target_page_id id: 1 tid 105945
0 1 tid 105945
365 2 tid 105945
140 tid 105945
Insert  tid 105945
FindTargetPageId rootid 3 tid 105945
target_page_id id: 1 tid 105945
0 1 tid 105945
365 2 tid 105945
141 tid 105945
Insert  tid 105945
FindTargetPageId rootid 3 tid 105945
target_page_id id: 1 tid 105945
0 1 tid 105945
365 2 tid 105945
142 tid 105945
Insert  tid 105945
FindTargetPageId rootid 3 tid 105945
target_page_id id: 1 tid 105945
0 1 tid 105945
365 2 tid 105945
143 tid 105945
Insert  tid 105945
FindTargetPageId rootid 3 tid 105945
target_page_id id: 1 tid 105945
0 1 tid 105945
365 2 tid 105945
144 tid 105945
Insert  tid 105945
FindTargetPageId rootid 3 tid 105945
target_page_id id: 1 tid 105945
0 1 tid 105945
365 2 tid 105945
145 tid 105945
Insert  tid 105945
FindTargetPageId rootid 3 tid 105945
target_page_id id: 1 tid 105945
0 1 tid 105945
365 2 tid 105945
146 tid 105945
Insert  tid 105945
FindTargetPageId rootid 3 tid 105946
target_page_id id: 1 tid 105946
0 1 tid 105946
365 2 tid 105946
147 tid 105946
Remove  tid 105946
FindTargetPageId rootid 3 tid 105945
target_page_id id: 1 tid 105945
0 1 tid 105945
365 2 tid 105945
146 tid 105945
Insert  tid 105945
FindTargetPageId rootid 3 tid 105947
target_page_id id: 1 tid 105947
0 1 tid 105947
365 2 tid 105947
147 tid 105947
Insert  tid 105947
FindTargetPageId rootid 3 tid 105946
target_page_id id: 1 tid 105946
0 1 tid 105946
365 2 tid 105946
147 tid 105946
Remove  tid 105946
FindTargetPageId rootid 3 tid 105945
target_page_id id: 1 tid 105945
0 1 tid 105945
365 2 tid 105945
146 tid 105945
Insert  tid 105945
FindTargetPageId rootid 3 tid 105947
target_page_id id: 1 tid 105947
0 1 tid 105947
365 2 tid 105947
147 tid 105947
Insert  tid 105947
FindTargetPageId rootid 3 tid 105945
target_page_id id: 1 tid 105945
0 1 tid 105945
365 2 tid 105945
147 tid 105945
Insert  tid 105945
FindTargetPageId rootid 3 tid 105946
target_page_id id: 1 tid 105946
0 1 tid 105946
365 2 tid 105946
148 tid 105946
Remove  tid 105946
FindTargetPageId rootid 3 tid 105947
target_page_id id: 1 tid 105947
0 1 tid 105947
365 2 tid 105947
147 tid 105947
Insert  tid 105947
FindTargetPageId rootid 3 tid 105945
target_page_id id: 1 tid 105945
0 1 tid 105945
365 2 tid 105945
147 tid 105945
Insert  tid 105945
FindTargetPageId rootid 3 tid 105946
target_page_id id: 1 tid 105946
0 1 tid 105946
365 2 tid 105946
148 tid 105946
Remove  tid 105946
FindTargetPageId rootid 3 tid 105947
target_page_id id: 1 tid 105947
0 1 tid 105947
365 2 tid 105947
147 tid 105947
Insert  tid 105947
FindTargetPageId rootid 3 tid 105947
target_page_id id: 1 tid 105947
0 1 tid 105947
365 2 tid 105947
147 tid 105947
Insert  tid 105947
FindTargetPageId rootid 3 tid 105947
target_page_id id: 1 tid 105947
0 1 tid 105947
365 2 tid 105947
147 tid 105947
Insert  tid 105947
FindTargetPageId rootid 3 tid 105947
target_page_id id: 1 tid 105947
0 1 tid 105947
365 2 tid 105947
147 tid 105947
Insert  tid 105947
FindTargetPageId rootid 3 tid 105947
target_page_id id: 1 tid 105947
0 1 tid 105947
365 2 tid 105947
147 tid 105947
Insert  tid 105947
FindTargetPageId rootid 3 tid 105947
target_page_id id: 1 tid 105947
0 1 tid 105947
365 2 tid 105947
147 tid 105947
Insert  tid 105947
FindTargetPageId rootid 3 tid 105945
target_page_id id: 1 tid 105945
0 1 tid 105945
365 2 tid 105945
147 tid 105945
Insert  tid 105945
FindTargetPageId rootid 3 tid 105946
target_page_id id: 1 tid 105946
0 1 tid 105946
365 2 tid 105946
148 tid 105946
Remove  tid 105946
FindTargetPageId rootid 3 tid 105947
target_page_id id: 1 tid 105947
0 1 tid 105947
365 2 tid 105947
147 tid 105947
Insert  tid 105947
FindTargetPageId rootid 3 tid 105947
target_page_id id: 1 tid 105947
0 1 tid 105947
365 2 tid 105947
147 tid 105947
Insert  tid 105947
FindTargetPageId rootid 3 tid 105947
target_page_id id: 1 tid 105947
0 1 tid 105947
365 2 tid 105947
148 tid 105947
Insert  tid 105947
FindTargetPageId rootid 3 tid 105947
target_page_id id: 1 tid 105947
0 1 tid 105947
365 2 tid 105947
149 tid 105947
Insert  tid 105947
FindTargetPageId rootid 3 tid 105947
target_page_id id: 1 tid 105947
0 1 tid 105947
365 2 tid 105947
150 tid 105947
Insert  tid 105947
FindTargetPageId rootid 3 tid 105947
target_page_id id: 1 tid 105947
0 1 tid 105947
365 2 tid 105947
151 tid 105947
Insert  tid 105947
FindTargetPageId rootid 3 tid 105947
target_page_id id: 1 tid 105947
0 1 tid 105947
365 2 tid 105947
152 tid 105947
FindTargetPageId rootid Insert 3 tid  tid 105946
target_page_id id: 1 tid 105946
0 1 tid 105946
365 2 tid 105946
152 tid 105946
Remove  tid 105946
FindTargetPageId rootid 3 tid 105946
target_page_id id: 1 tid 105946
0 1 tid 105946
365 2 tid 105946
151 tid 105946
Remove  tid 105946
FindTargetPageId rootid 3 tid 105946
target_page_id id: 1 tid 105946
0 1 tid 105946
365 2 tid 105946
150 tid 105946
105947Remove  tid 105946

FindTargetPageId rootid 3 tid 105946
target_page_id id: 1 tid 105946
0 1 tid 105946
365 2 tid 105946
149 tid 105946
Remove  tid 105946
FindTargetPageId rootid 3 tid 105946
target_page_id id: 1 tid 105946
0 1 tid 105946
365 2 tid 105946
148 tid 105946
Remove  tid 105946
FindTargetPageId rootid 3 tid 105946
target_page_id id: 1 tid 105946
0 1 tid 105946
365 2 tid 105946
147 tid 105946
Remove  tid 105946
FindTargetPageId rootid 3 tid 105945
target_page_id id: 1 tid 105945
0 1 tid 105945
365 2 tid 105945
146 tid 105945
Insert  tid 105945
FindTargetPageId rootid 3 tid 105947
target_page_id id: 1 tid 105947
0 1 tid 105947
365 2 tid 105947
147 tid 105947
Insert  tid 105947
FindTargetPageId rootid 3 tid 105946
target_page_id id: 1 tid 105946
0 1 tid 105946
365 2 tid 105946
148 tid 105946
Remove  tid 105946
FindTargetPageId rootid 3 tid 105946
target_page_id id: 1 tid 105946
0 1 tid 105946
365 2 tid 105946
147 tid 105946
Remove  tid 105946
FindTargetPageId rootid 3 tid 105946
target_page_id id: 1 tid 105946
0 1 tid 105946
365 2 tid 105946
146 tid 105946
Remove  tid 105946
FindTargetPageId rootid 3 tid 105946
target_page_id id: 1 tid 105946
0 1 tid 105946
365 2 tid 105946
145 tid 105946
Remove  tid 105946
FindTargetPageId rootid 3 tid 105946
target_page_id id: 1 tid 105946
0 1 tid 105946
365 2 tid 105946
144 tid 105946
Remove  tid 105946
FindTargetPageId rootid 3 tid 105946
target_page_id id: 1 tid 105946
0 1 tid 105946
365 2 tid 105946
143 tid 105946
Remove  tid 105946
FindTargetPageId rootid 3 tid 105946
target_page_id id: 1 tid 105946
0 1 tid 105946
365 2 tid 105946
142 tid 105946
Remove  tid 105946
FindTargetPageId rootid 3 tid 105946
target_page_id id: 1 tid 105946
0 1 tid 105946
365 2 tid 105946
141 tid 105946
Remove  tid 105946
FindTargetPageId rootid 3 tid 105946
target_page_id id: 1 tid 105946
0 1 tid 105946
365 2 tid 105946
140 tid 105946
Remove  tid 105946
FindTargetPageId rootid 3 tid 105946
target_page_id id: 1 tid 105946
0 1 tid 105946
365 2 tid 105946
140 tid 105946
Remove  tid 105946
FindTargetPageId rootid 3 tid 105946
target_page_id id: 1 tid 105946
0 1 tid 105946
365 2 tid 105946
140 tid 105946
Remove  tid 105946
FindTargetPageId rootid 3 tid 105946
target_page_id id: 1 tid 105946
0 1 tid 105946
365 2 tid 105946
140 tid 105946
Remove  tid 105946
FindTargetPageId rootid 3 tid 105946
target_page_id id: 1 tid 105946
0 1 tid 105946
365 2 tid 105946
140 tid 105946
Remove  tid 105946
FindTargetPageId rootid 3 tid 105947
target_page_id id: 1 tid 105947
0 1 tid 105947
365 2 tid 105947
140 tid 105947
Insert  tid 105947
FindTargetPageId rootid 3 tid 105945
target_page_id id: 1 tid 105945
0 1 tid 105945
365 2 tid 105945
141 tid 105945
Insert  tid FindTargetPageId rootid 1059453 tid 
105946
target_page_id id: 1 tid 105946
0 1 tid 105946
365 2 tid 105946
142 tid 105946
Remove  tid 105946
FindTargetPageId rootid 3 tid 105947
target_page_id id: 1 tid 105947
0 1 tid 105947
365 2 tid 105947
142 tid 105947
Insert  tid 105947
FindTargetPageId rootid 3 tid 105945
target_page_id id: 1 tid 105945
0 1 tid 105945
365 2 tid 105945
143 tid 105945
Insert  tid 105945
FindTargetPageId rootid 3 tid 105946
target_page_id id: 1 tid 105946
0 1 tid 105946
365 2 tid 105946
144 tid 105946
Remove  tid 105946
FindTargetPageId rootid 3 tid 105946
target_page_id id: 1 tid 105946
0 1 tid 105946
365 2 tid 105946
144 tid 105946
Remove  tid 105946
FindTargetPageId rootid 3 tid 105947
target_page_id id: 1 tid 105947
0 1 tid 105947
365 2 tid 105947
144 tid 105947
Insert  tid 105947
FindTargetPageId rootid 3 tid 105945
target_page_id id: 1 tid 105945
0 1 tid 105945
365 2 tid 105945
145 tid 105945
Insert  tid 105945
FindTargetPageId rootid 3 tid 105945
target_page_id id: 1 tid 105945
0 1 tid 105945
365 2 tid 105945
146 tid 105945
Insert  tid 105945
FindTargetPageId rootid 3 tid 105945
target_page_id id: 1 tid 105945
0 1 tid 105945
365 2 tid 105945
147 tid 105945
Insert  tid 105945
FindTargetPageId rootid 3 tid 105945
target_page_id id: 1 tid 105945
0 1 tid 105945
365 2 tid 105945
148 tid 105945
Insert  tid 105945
FindTargetPageId rootid 3 tid 105945
target_page_id id: 1 tid 105945
0 1 tid 105945
365 2 tid 105945
149 tid 105945
Insert  tid 105945
FindTargetPageId rootid 3 tid 105945
target_page_id id: 1 tid 105945
0 1 tid 105945
365 2 tid 105945
150 tid 105945
Insert  tid 105945
FindTargetPageId rootid 3 tid 105946
target_page_id id: 1 tid 105946
0 1 tid 105946
365 2 tid 105946
151 tid 105946
Remove  tid 105946
FindTargetPageId rootid 3 tid 105947
target_page_id id: 1 tid 105947
0 1 tid 105947
365 2 tid 105947
151 tid 105947
Insert  tid 105947
FindTargetPageId rootid 3 tid 105945
target_page_id id: 1 tid 105945
0 1 tid 105945
365 2 tid 105945
152 tid 105945
Insert  tid 105945
FindTargetPageId rootid 3 tid 105946
target_page_id id: 1 tid 105946
0 1 tid 105946
365 2 tid 105946
153 tid 105946
Remove  tid 105946
FindTargetPageId rootid 3 tid 105947
target_page_id id: 1 tid 105947
0 1 tid 105947
365 2 tid 105947
153 tid 105947
Insert  tid 105947
FindTargetPageId rootid 3 tid 105947
target_page_id id: 1 tid 105947
0 1 tid 105947
365 2 tid 105947
154 tid 105947
Insert  tid 105947
FindTargetPageId rootid 3 tid 105947
target_page_id id: 1 tid 105947
0 1 tid 105947
365 2 tid 105947
155 tid 105947
Insert  tid 105947
FindTargetPageId rootid 3 tid 105945
target_page_id id: 1 tid 105945
0 1 tid 105945
365 2 tid 105945
156 tid 105945
Insert  tid 105945
FindTargetPageId rootid 3 tid 105946
target_page_id id: 1 tid 105946
0 1 tid 105946
365 2 tid 105946
157 tid 105946
Remove  tid 105946
FindTargetPageId rootid 3 tid 105947
target_page_id id: 1 tid 105947
0 1 tid 105947
365 2 tid 105947
157 tid 105947
Insert  tid 105947
FindTargetPageId rootid 3 tid 105945
target_page_id id: 1 tid 105945
0 1 tid 105945
365 2 tid 105945
158 tid 105945
Insert  tid 105945
FindTargetPageId rootid 3 tid 105946
target_page_id id: 1 tid 105946
0 1 tid 105946
365 2 tid 105946
159 tid 105946
Remove  tid 105946
FindTargetPageId rootid 3 tid 105947
target_page_id id: 1 tid 105947
0 1 tid 105947
365 2 tid 105947
159 tid 105947
Insert  tid 105947
FindTargetPageId rootid 3 tid 105945
target_page_id id: 1 tid 105945
0 1 tid 105945
365 2 tid 105945
160 tid 105945
Insert  tid 105945
FindTargetPageId rootid 3 tid 105945
target_page_id id: 1 tid 105945
0 1 tid 105945
365 2 tid 105945
161 tid 105945
Insert  tid 105945
FindTargetPageId rootid 3 tid 105945
target_page_id id: 1 tid 105945
0 1 tid 105945
365 2 tid 105945
162 tid 105945
Insert  tid 105945
FindTargetPageId rootid 3 tid 105945
target_page_id id: 1 tid 105945
0 1 tid 105945
365 2 tid 105945
163 tid 105945
Insert  tid 105945
FindTargetPageId rootid 3 tid 105947
target_page_id id: 1 tid 105947
0 1 tid 105947
365 2 tid 105947
164 tid 105947
Insert  tid 105947
FindTargetPageId rootid 3 tid 105946
target_page_id id: 1 tid 105946
0 1 tid 105946
365 2 tid 105946
165 tid 105946
Remove  tid 105946
FindTargetPageId rootid 3 tid 105946
target_page_id id: 1 tid 105946
0 1 tid 105946
365 2 tid 105946
164 tid 105946
Remove  tid 105946
FindTargetPageId rootid 3 tid 105946
target_page_id id: 1 tid 105946
0 1 tid 105946
365 2 tid 105946
163 tid 105946
Remove  tid 105946
FindTargetPageId rootid 3 tid 105946
target_page_id id: 1 tid 105946
0 1 tid 105946
365 2 tid 105946
162 tid 105946
Remove  tid 105946
FindTargetPageId rootid 3 tid 105946
target_page_id id: 1 tid 105946
0 1 tid 105946
365 2 tid 105946
162 tid 105946
Remove  tid 105946
FindTargetPageId rootid 3 tid 105945
target_page_id id: 1 tid 105945
0 1 tid 105945
365 2 tid 105945
162 tid 105945
FindTargetPageId rootid 3 tid Insert  tid 105946
target_page_id id: 1 tid 105946
0 1 tid 105946
105945
365 2 tid 105946
163 tid 105946
Remove  tid 105946
FindTargetPageId rootid 3 tid 105947
target_page_id id: 1 tid 105947
0 1 tid 105947
365 2 tid 105947
163 tid 105947
Insert  tid 105947
FindTargetPageId rootid 3 tid 105945
target_page_id id: 1 tid 105945
0 1 tid 105945
365 2 tid 105945
164 tid 105945
Insert  tid 105945
FindTargetPageId rootid 3 tid 105946
target_page_id id: 1 tid 105946
0 1 tid 105946
365 2 tid 105946
165 tid 105946
Remove  tid 105946
FindTargetPageId rootid 3 tid 105946
target_page_id id: 1 tid 105946
0 1 tid 105946
365 2 tid 105946
165 tid 105946
Remove  tid 105946
FindTargetPageId rootid 3 tid 105945
target_page_id id: 1 tid 105945
0 1 tid 105945
365 2 tid 105945
165 tid 105945
Insert  tid 105945
FindTargetPageId rootid 3 tid 105947
target_page_id id: 1 tid 105947
0 1 tid 105947
365 2 tid 105947
166 tid 105947
Insert  tid 105947
FindTargetPageId rootid 3 tid 105946
target_page_id id: 1 tid 105946
0 1 tid 105946
365 2 tid 105946
167 tid 105946
Remove  tid 105946
FindTargetPageId rootid 3 tid 105945
target_page_id id: 1 tid 105945
0 1 tid 105945
365 2 tid 105945
167 tid 105945
Insert  tid 105945
FindTargetPageId rootid 3 tid 105945
target_page_id id: 1 tid 105945
0 1 tid 105945
365 2 tid 105945
168 tid 105945
Insert  tid 105945
FindTargetPageId rootid 3 tid 105946
target_page_id id: 1 tid 105946
0 1 tid 105946
365 2 tid 105946
169 tid 105946
Remove  tid 105946
FindTargetPageId rootid 3 tid 105946
target_page_id id: 1 tid 105946
0 1 tid 105946
365 2 tid 105946
169 tid 105946
Remove  tid 105946
FindTargetPageId rootid 3 tid 105946
target_page_id id: 1 tid 105946
0 1 tid 105946
365 2 tid 105946
169 tid 105946
Remove  tid 105946
FindTargetPageId rootid 3 tid 105946
target_page_id id: 1 tid 105946
0 1 tid 105946
365 2 tid 105946
169 tid 105946
Remove  tid 105946
FindTargetPageId rootid 3 tid 105946
target_page_id id: 1 tid 105946
0 1 tid 105946
365 2 tid 105946
169 tid 105946
Remove  tid 105946
FindTargetPageId rootid 3 tid 105947
target_page_id id: 1 tid 105947
0 1 tid 105947
365 2 tid 105947
169 tid 105947
Insert  tid 105947
FindTargetPageId rootid 3 tid 105945
target_page_id id: 1 tid 105945
0 1 tid 105945
365 2 tid 105945
169 tid 105945
Insert  tid 105945
FindTargetPageId rootid 3 tid 105946
target_page_id id: 1 tid 105946
0 1 tid 105946
365 2 tid 105946
170 tid 105946
Remove  tid 105946
FindTargetPageId rootid 3 tid 105946
target_page_id id: 1 tid 105946
0 1 tid 105946
365 2 tid 105946
170 tid 105946
Remove  tid 105946
FindTargetPageId rootid 3 tid 105946
target_page_id id: 1 tid 105946
0 1 tid 105946
365 2 tid 105946
170 tid 105946
Remove  tid 105946
FindTargetPageId rootid 3 tid 105946
target_page_id id: 1 tid 105946
0 1 tid 105946
365 2 tid 105946
170 tid 105946
Remove  tid 105946
FindTargetPageId rootid 3 tid 105947
target_page_id id: 1 tid 105947
0 1 tid 105947
365 2 tid 105947
170 tid 105947
Insert  tid 105947
FindTargetPageId rootid 3 tid 105947
target_page_id id: 1 tid 105947
0 1 tid 105947
365 2 tid 105947
170 tid 105947
Insert  tid 105947
FindTargetPageId rootid 3 tid 105946
target_page_id id: 1 tid 105946
0 1 tid 105946
365 2 tid 105946
170 tid 105946
Remove  tid 105946
FindTargetPageId rootid 3 tid 105946
target_page_id id: 1 tid 105946
0 1 tid 105946
365 2 tid 105946
170 tid 105946
Remove  tid 105946
FindTargetPageId rootid 3 tid 105946
target_page_id id: 1 tid 105946
0 1 tid 105946
365 2 tid 105946
170 tid 105946
Remove  tid 105946
FindTargetPageId rootid 3 tid 105946
target_page_id id: 1 tid 105946
0 1 tid 105946
365 2 tid 105946
170 tid 105946
Remove  tid 105946
FindTargetPageId rootid 3 tid 105946
target_page_id id: 1 tid 105946
0 1 tid 105946
365 2 tid 105946
170 tid 105946
Remove  tid 105946
FindTargetPageId rootid 3 tid 105947
target_page_id id: 1 tid 105947
0 1 tid 105947
365 2 tid 105947
170 tid 105947
Insert  tid 105947
FindTargetPageId rootid 3 tid 105947
target_page_id id: 1 tid 105947
0 1 tid 105947
365 2 tid 105947
170 tid 105947
Insert  tid 105947
FindTargetPageId rootid 3 tid 105947
target_page_id id: 1 tid 105947
0 1 tid 105947
365 2 tid 105947
170 tid 105947
Insert  tid 105947
FindTargetPageId rootid 3 tid 105946
target_page_id id: 1 tid 105946
0 1 tid 105946
365 2 tid 105946
170 tid 105946
Remove  tid 105946
FindTargetPageId rootid 3 tid 105946
target_page_id id: 1 tid 105946
0 1 tid 105946
365 2 tid 105946
170 tid 105946
Remove  tid 105946
FindTargetPageId rootid 3 tid 105946
target_page_id id: 1 tid 105946
0 1 tid 105946
365 2 tid 105946
170 tid 105946
Remove  tid 105946
FindTargetPageId rootid 3 tid 105946
target_page_id id: 1 tid 105946
0 1 tid 105946
365 2 tid 105946
170 tid 105946
Remove  tid 105946
FindTargetPageId rootid 3 tid 105946
target_page_id id: 1 tid 105946
0 1 tid 105946
365 2 tid 105946
170 tid 105946
Remove  tid 105946
FindTargetPageId rootid 3 tid 105946
target_page_id id: 1 tid 105946
0 1 tid 105946
365 2 tid 105946
170 tid 105946
Remove  tid 105946
FindTargetPageId rootid 3 tid 105946
target_page_id id: 1 tid 105946
0 1 tid 105946
365 2 tid 105946
170 tid 105946
Remove  tid 105946
FindTargetPageId rootid 3 tid 105946
target_page_id id: 1 tid 105946
0 1 tid 105946
365 2 tid 105946
170 tid 105946
Remove  tid 105946
FindTargetPageId rootid 3 tid 105946
target_page_id id: 1 tid 105946
0 1 tid 105946
365 2 tid 105946
170 tid 105946
Remove  tid 105946
FindTargetPageId rootid 3 tid 105946
target_page_id id: 1 tid 105946
0 1 tid 105946
365 2 tid 105946
170 tid 105946
Remove  tid 105946
FindTargetPageId rootid 3 tid 105947
target_page_id id: 1 tid 105947
0 1 tid 105947
365 2 tid 105947
170 tid 105947
Insert  tid 105947
FindTargetPageId rootid 3 tid 105945
target_page_id id: 1 tid 105945
0 1 tid 105945
365 2 tid 105945
170 tid 105945
Insert  tid 105945
FindTargetPageId rootid 3 tid 105945
target_page_id id: 1 tid 105945
0 1 tid 105945
365 2 tid 105945
171 tid 105945
Insert  tid 105945
FindTargetPageId rootid 3 tid 105945
target_page_id id: 1 tid 105945
0 1 tid 105945
365 2 tid 105945
172 tid 105945
Insert  tid 105945
FindTargetPageId rootid 3 tid 105945
target_page_id id: 1 tid 105945
0 1 tid 105945
365 2 tid 105945
173 tid 105945
Insert  tid 105945
FindTargetPageId rootid 3 tid 105945
target_page_id id: 1 tid 105945
0 1 tid 105945
365 2 tid 105945
174 tid 105945
Insert  tid 105945
FindTargetPageId rootid 3 tid 105945
target_page_id id: 1 tid 105945
0 1 tid 105945
365 2 tid 105945
175 tid 105945
Insert  tid 105945
FindTargetPageId rootid 3 tid 105945
target_page_id id: 1 tid 105945
0 1 tid 105945
365 2 tid 105945
176 tid 105945
Insert  tid 105945
FindTargetPageId rootid 3 tid 105945
target_page_id id: 1 tid 105945
0 1 tid 105945
365 2 tid 105945
177 tid 105945
Insert  tid 105945
FindTargetPageId rootid 3 tid 105945
target_page_id id: 1 tid 105945
0 1 tid 105945
365 2 tid 105945
178 tid 105945
Insert  tid 105945
FindTargetPageId rootid 3 tid 105947
target_page_id id: 1 tid 105947
0 1 tid 105947
365 2 tid 105947
179 tid 105947
Insert  tid 105947
FindTargetPageId rootid 3 tid 105947
target_page_id id: 1 tid 105947
0 1 tid 105947
365 2 tid 105947
179 tid 105947
Insert  tid 105947
FindTargetPageId rootid 3 tid 105946
target_page_id id: 1 tid 105946
0 1 tid 105946
365 2 tid 105946
179 tid 105946
Remove  tid 105946
FindTargetPageId rootid 3 tid 105946
target_page_id id: 1 tid 105946
0 1 tid 105946
365 2 tid 105946
179 tid 105946
Remove  tid 105946
FindTargetPageId rootid 3 tid 105946
target_page_id id: 1 tid 105946
0 1 tid 105946
365 2 tid 105946
179 tid 105946
Remove  tid 105946
FindTargetPageId rootid 3 tid 105945
target_page_id id: 1 tid 105945
0 1 tid 105945
365 2 tid 105945
179 tid 105945
Insert  tid 105945
FindTargetPageId rootid 3 tid 105945
target_page_id id: 1 tid 105945
0 1 tid 105945
365 2 tid 105945
180 tid 105945
Insert  tid 105945
FindTargetPageId rootid 3 tid 105946
target_page_id id: 1 tid 105946
0 1 tid 105946
365 2 tid 105946
181 tid 105946
Remove  tid 105946
FindTargetPageId rootid 3 tid 105946
target_page_id id: 1 tid 105946
0 1 tid 105946
365 2 tid 105946
181 tid 105946
Remove  tid 105946
FindTargetPageId rootid 3 tid 105946
target_page_id id: 1 tid 105946
0 1 tid 105946
365 2 tid 105946
181 tid 105946
Remove  tid 105946
FindTargetPageId rootid 3 tid 105946
target_page_id id: 1 tid 105946
0 1 tid 105946
365 2 tid 105946
181 tid 105946
Remove  tid 105946
FindTargetPageId rootid 3 tid 105946
target_page_id id: 1 tid 105946
0 1 tid 105946
365 2 tid 105946
181 tid 105946
Remove  tid 105946
FindTargetPageId rootid 3 tid 105946
target_page_id id: 1 tid 105946
0 1 tid 105946
365 2 tid 105946
181 tid 105946
Remove  tid 105946
FindTargetPageId rootid 3 tid 105946
target_page_id id: 1 tid 105946
0 1 tid 105946
365 2 tid 105946
181 tid 105946
Remove  tid 105946
FindTargetPageId rootid 3 tid 105947
target_page_id id: 1 tid 105947
0 1 tid 105947
365 2 tid 105947
181 tid 105947
Insert  tid 105947
FindTargetPageId rootid 3 tid 105947
target_page_id id: 1 tid 105947
0 1 tid 105947
365 2 tid 105947
181 tid 105947
Insert  tid 105947
FindTargetPageId rootid 3 tid 105945
target_page_id id: 1 tid 105945
0 1 tid 105945
365 2 tid 105945
181 tid 105945
Insert  tid 105945
FindTargetPageId rootid 3 tid 105945
target_page_id id: 1 tid 105945
0 1 tid 105945
365 2 tid 105945
182 tid 105945
Insert  tid 105945
FindTargetPageId rootid 3 tid 105945
target_page_id id: 1 tid 105945
0 1 tid 105945
365 2 tid 105945
183 tid 105945
Insert  tid 105945
FindTargetPageId rootid 3 tid 105945
target_page_id id: 1 tid 105945
0 1 tid 105945
365 2 tid 105945
184 tid 105945
Insert  tid 105945
FindTargetPageId rootid 3 tid 105946
target_page_id id: 1 tid 105946
0 1 tid 105946
365 2 tid 105946
185 tid 105946
Remove  tid 105946
FindTargetPageId rootid 3 tid 105946
target_page_id id: 1 tid 105946
0 1 tid 105946
365 2 tid 105946
185 tid 105946
Remove  tid 105946
FindTargetPageId rootid 3 tid 105946
target_page_id id: 1 tid 105946
0 1 tid 105946
365 2 tid 105946
185 tid 105946
Remove  tid 105946
FindTargetPageId rootid 3 tid 105946
target_page_id id: 1 tid 105946
0 1 tid 105946
365 2 tid 105946
185 tid 105946
Remove  tid 105946
FindTargetPageId rootid 3 tid 105946
target_page_id id: 1 tid 105946
0 1 tid 105946
365 2 tid 105946
185 tid 105946
Remove  tid 105946
FindTargetPageId rootid 3 tid 105947
target_page_id id: 1 tid 105947
0 1 tid 105947
365 2 tid 105947
185 tid 105947
Insert  tid 105947
FindTargetPageId rootid 3 tid 105945
target_page_id id: 1 tid 105945
0 1 tid 105945
365 2 tid 105945
185 tid 105945
Insert  tid 105945
FindTargetPageId rootid 3 tid 105945
target_page_id id: 1 tid 105945
0 1 tid 105945
365 2 tid 105945
186 tid 105945
Insert  tid 105945
FindTargetPageId rootid 3 tid 105945
target_page_id id: 1 tid 105945
0 1 tid 105945
365 2 tid 105945
187 tid 105945
Insert  tid 105945
FindTargetPageId rootid 3 tid 105945
target_page_id id: 1 tid 105945
0 1 tid 105945
365 2 tid 105945
188 tid 105945
Insert  tid 105945
FindTargetPageId rootid 3 tid 105947
target_page_id id: 1 tid 105947
0 1 tid 105947
365 2 tid 105947
189 tid 105947
Insert  tid 105947
FindTargetPageId rootid 3 tid 105947
target_page_id id: 1 tid 105947
0 1 tid 105947
365 2 tid 105947
190 tid 105947
Insert  tid 105947
FindTargetPageId rootid 3 tid 105947
target_page_id id: 1 tid 105947
0 1 tid 105947
365 2 tid 105947
191 tid 105947
Insert  tid 105947
FindTargetPageId rootid 3 tid 105946
target_page_id id: 1 tid 105946
0 1 tid 105946
365 2 tid 105946
192 tid 105946
Remove  tid 105946
FindTargetPageId rootid 3 tid 105946
target_page_id id: 1 tid 105946
0 1 tid 105946
365 2 tid 105946
192 tid 105946
Remove  tid 105946
FindTargetPageId rootid 3 tid 105946
target_page_id id: 1 tid 105946
0 1 tid 105946
365 2 tid 105946
192 tid 105946
Remove  tid 105946
FindTargetPageId rootid 3 tid 105946
target_page_id id: 1 tid 105946
0 1 tid 105946
365 2 tid 105946
192 tid 105946
Remove  tid 105946
FindTargetPageId rootid 3 tid 105946
target_page_id id: 1 tid 105946
0 1 tid 105946
365 2 tid 105946
192 tid 105946
Remove  tid 105946
FindTargetPageId rootid 3 tid 105946
target_page_id id: 1 tid 105946
0 1 tid 105946
365 2 tid 105946
192 tid 105946
Remove  tid 105946
FindTargetPageId rootid 3 tid 105946
target_page_id id: 1 tid 105946
0 1 tid 105946
365 2 tid 105946
192 tid 105946
Remove  tid 105946
FindTargetPageId rootid 3 tid 105946
target_page_id id: 1 tid 105946
0 1 tid 105946
365 2 tid 105946
192 tid 105946
Remove  tid 105946
FindTargetPageId rootid 3 tid 105946
target_page_id id: 1 tid 105946
0 1 tid 105946
365 2 tid 105946
192 tid 105946
Remove  tid 105946
FindTargetPageId rootid 3 tid 105946
target_page_id id: 1 tid 105946
0 1 tid 105946
365 2 tid 105946
192 tid 105946
Remove  tid 105946
FindTargetPageId rootid 3 tid 105946
target_page_id id: 1 tid 105946
0 1 tid 105946
365 2 tid 105946
192 tid 105946
Remove  tid 105946
FindTargetPageId rootid 3 tid 105945
target_page_id id: 1 tid 105945
0 1 tid 105945
365 2 tid 105945
192 tid 105945
Insert  tid 105945
FindTargetPageId rootid 3 tid 105947
target_page_id id: 1 tid 105947
0 1 tid 105947
365 2 tid 105947
193 tid 105947
Insert  tid 105947
FindTargetPageId rootid 3 tid 105946
target_page_id id: 1 tid 105946
0 1 tid 105946
365 2 tid 105946
193 tid 105946
Remove  tid 105946
FindTargetPageId rootid 3 tid 105946
target_page_id id: 1 tid 105946
0 1 tid 105946
365 2 tid 105946
193 tid 105946
Remove  tid 105946
FindTargetPageId rootid 3 tid 105946
target_page_id id: 1 tid 105946
0 1 tid 105946
365 2 tid 105946
193 tid 105946
Remove  tid 105946
FindTargetPageId rootid 3 tid 105946
target_page_id id: 1 tid 105946
0 1 tid 105946
365 2 tid 105946
193 tid 105946
Remove  tid 105946
FindTargetPageId rootid 3 tid 105946
target_page_id id: 1 tid 105946
0 1 tid 105946
365 2 tid 105946
193 tid 105946
Remove  tid 105946
FindTargetPageId rootid 3 tid 105946
target_page_id id: 1 tid 105946
0 1 tid 105946
365 2 tid 105946
193 tid 105946
Remove  tid 105946
FindTargetPageId rootid 3 tid 105946
target_page_id id: 1 tid 105946
0 1 tid 105946
365 2 tid 105946
193 tid 105946
Remove  tid 105946
FindTargetPageId rootid 3 tid 105946
target_page_id id: 1 tid 105946
0 1 tid 105946
365 2 tid 105946
193 tid 105946
Remove  tid 105946
FindTargetPageId rootid 3 tid 105946
target_page_id id: 1 tid 105946
0 1 tid 105946
365 2 tid 105946
193 tid 105946
Remove  tid 105946
FindTargetPageId rootid 3 tid 105946
target_page_id id: 1 tid 105946
0 1 tid 105946
365 2 tid 105946
193 tid 105946
Remove  tid 105946
FindTargetPageId rootid 3 tid 105946
target_page_id id: 1 tid 105946
0 1 tid 105946
365 2 tid 105946
193 tid 105946
Remove  tid 105946
FindTargetPageId rootid 3 tid 105947
target_page_id id: 1 tid 105947
0 1 tid 105947
365 2 tid 105947
193 tid 105947
FindTargetPageId rootid 3 tid 105945
target_page_id id: 1 tid 105945
0 1 tid 105945
365 2 tid 105945
193 tid 105945
Insert  tid 105945
FindTargetPageId rootid 3 tid 105945
target_page_id id: 1 tid 105945
0 1 tid 105945
365 2 tid 105945
194 tid 105945
Insert  tid 105945
FindTargetPageId rootid 3 tid 105945
target_page_id id: 1 tid 105945
0 1 tid 105945
365 2 tid 105945
195 tid 105945
Insert  tid 105945
FindTargetPageId rootid 3 tid 105945
target_page_id id: 1 tid 105945
0 1 tid 105945
365 2 tid 105945
196 tid 105945
Insert  tid 105945
FindTargetPageId rootid 3 tid 105945
target_page_id id: 1 tid 105945
0 1 tid 105945
365 2 tid 105945
197 tid 105945
Insert  tid 105945
Insert FindTargetPageId rootid 3 tid  tid 105946
target_page_id id: 1 tid 105946
0 1 tid 105946
365 2 tid 105946
105947
198 tid 105946
Remove  tid 105946
FindTargetPageId rootid 3 tid 105946
target_page_id id: 1 tid 105946
0 1 tid 105946
365 2 tid 105946
198 tid 105946
Remove  tid 105946
FindTargetPageId rootid 3 tid 105946
target_page_id id: 1 tid 105946
0 1 tid 105946
365 2 tid 105946
198 tid 105946
Remove  tid 105946
FindTargetPageId rootid 3 tid 105945
target_page_id id: 1 tid 105945
0 1 tid 105945
365 2 tid 105945
198 tid 105945
Insert  tid 105945
FindTargetPageId rootid 3 tid 105947
target_page_id id: 1 tid 105947
0 1 tid 105947
365 2 tid 105947
199 tid 105947
Insert  tid 105947
FindTargetPageId rootid 3 tid 105947
target_page_id id: 1 tid 105947
0 1 tid 105947
365 2 tid 105947
199 tid 105947
Insert  tid 105947
FindTargetPageId rootid 3 tid 105947
target_page_id id: 1 tid 105947
0 1 tid 105947
365 2 tid 105947
199 tid 105947
Insert  tid 105947
FindTargetPageId rootid 3 tid 105945
target_page_id id: 1 tid 105945
0 1 tid 105945
365 2 tid 105945
199 tid 105945
Insert  tid 105945
FindTargetPageId rootid 3 tid 105946
target_page_id id: 1 tid 105946
0 1 tid 105946
365 2 tid 105946
200 tid 105946
Remove  tid 105946
FindTargetPageId rootid 3 tid 105946
target_page_id id: 1 tid 105946
0 1 tid 105946
365 2 tid 105946
200 tid 105946
Remove  tid 105946
FindTargetPageId rootid 3 tid 105945
target_page_id id: 1 tid 105945
0 1 tid 105945
365 2 tid 105945
200 tid 105945
Insert  tid 105945
FindTargetPageId rootid 3 tid 105947
target_page_id id: 1 tid 105947
0 1 tid 105947
365 2 tid 105947
201 tid 105947
Insert  tid 105947
FindTargetPageId rootid 3 tid 105946
target_page_id id: 1 tid 105946
0 1 tid 105946
365 2 tid 105946
201 tid 105946
Remove  tid 105946
FindTargetPageId rootid 3 tid 105946
target_page_id id: 1 tid 105946
0 1 tid 105946
365 2 tid 105946
201 tid 105946
Remove  tid 105946
FindTargetPageId rootid 3 tid 105947
target_page_id id: 1 tid 105947
0 1 tid 105947
365 2 tid 105947
201 tid 105947
Insert  tid 105947
FindTargetPageId rootid 3 tid 105945
target_page_id id: 1 tid 105945
0 1 tid 105945
365 2 tid 105945
201 tid 105945
Insert  tid 105945
FindTargetPageId rootid 3 tid 105946
target_page_id id: 1 tid 105946
0 1 tid 105946
365 2 tid 105946
202 tid 105946
Remove  tid 105946
FindTargetPageId rootid 3 tid 105946
target_page_id id: 1 tid 105946
0 1 tid 105946
365 2 tid 105946
202 tid 105946
Remove  tid 105946
FindTargetPageId rootid 3 tid 105946
target_page_id id: 1 tid 105946
0 1 tid 105946
365 2 tid 105946
202 tid 105946
Remove  tid 105946
FindTargetPageId rootid 3 tid 105946
target_page_id id: 1 tid 105946
0 1 tid 105946
365 2 tid 105946
202 tid 105946
Remove  tid 105946
FindTargetPageId rootid 3 tid 105946
target_page_id id: 1 tid 105946
0 1 tid 105946
365 2 tid 105946
202 tid 105946
Remove  tid 105946
FindTargetPageId rootid 3 tid 105946
target_page_id id: 1 tid 105946
0 1 tid 105946
365 2 tid 105946
202 tid 105946
Remove  tid 105946
FindTargetPageId rootid 3 tid 105946
target_page_id id: 1 tid 105946
0 1 tid 105946
365 2 tid 105946
202 tid 105946
Remove  tid 105946
FindTargetPageId rootid 3 tid 105946
target_page_id id: 1 tid 105946
0 1 tid 105946
365 2 tid 105946
202 tid 105946
Remove  tid 105946
FindTargetPageId rootid 3 tid 105946
target_page_id id: 1 tid 105946
0 1 tid 105946
365 2 tid 105946
202 tid 105946
Remove  tid 105946
FindTargetPageId rootid 3 tid 105945
target_page_id id: 1 tid 105945
0 1 tid 105945
365 2 tid 105945
202 tid 105945
Insert  tid 105945
FindTargetPageId rootid 3 tid 105947
target_page_id id: 1 tid 105947
0 1 tid 105947
365 2 tid 105947
203 tid 105947
Insert  tid 105947
FindTargetPageId rootid 3 tid 105946
target_page_id id: 1 tid 105946
0 1 tid 105946
365 2 tid 105946
203 tid 105946
Remove  tid 105946
FindTargetPageId rootid 3 tid 105947
target_page_id id: 1 tid 105947
0 1 tid 105947
365 2 tid 105947
203 tid 105947
Insert  tid 105947
FindTargetPageId rootid 3 tid 105946
target_page_id id: 1 tid 105946
0 1 tid 105946
365 2 tid 105946
203 tid 105946
FindTargetPageId rootid 3 tid 105945
target_page_id id: 1 tid 105945
0 1 tid 105945
365 2 tid 105945
203 tid 105945
Remove  tid 105946
Insert  tid 105945
FindTargetPageId rootid 3 tid 105946
target_page_id id: 1 tid 105946
0 1 tid 105946
365 2 tid 105946
204 tid 105946
Remove  tid 105946
FindTargetPageId rootid 3 tid 105946
target_page_id id: 1 tid 105946
0 1 tid 105946
365 2 tid 105946
204 tid 105946
Remove  tid 105946
FindTargetPageId rootid 3 tid 105947
target_page_id id: 1 tid 105947
0 1 tid 105947
365 2 tid 105947
204 tid 105947
Insert  tid 105947
FindTargetPageId rootid 3 tid 105945
target_page_id id: 1 tid 105945
0 1 tid 105945
365 2 tid 105945
204 tid 105945
Insert  tid 105945
FindTargetPageId rootid 3 tid 105946
target_page_id id: 1 tid 105946
0 1 tid 105946
365 2 tid 105946
205 tid 105946
Remove  tid 105946
FindTargetPageId rootid 3 tid 105947
target_page_id id: 1 tid 105947
0 1 tid 105947
365 2 tid 105947
205 tid 105947
Insert  tid 105947
FindTargetPageId rootid 3 tid 105945
target_page_id id: 1 tid 105945
0 1 tid 105945
365 2 tid 105945
205 tid 105945
Insert  tid 105945
FindTargetPageId rootid 3 tid 105946
target_page_id id: 1 tid 105946
0 1 tid 105946
365 2 tid 105946
206 tid 105946
Remove  tid 105946
FindTargetPageId rootid 3 tid 105947
target_page_id id: 1 tid 105947
0 1 tid 105947
365 2 tid 105947
206 tid 105947
Insert  tid 105947
FindTargetPageId rootid 3 tid 105945
target_page_id id: 1 tid 105945
0 1 tid 105945
365 2 tid 105945
206 tid 105945
Insert  tid 105945
FindTargetPageId rootid 3 tid 105945
target_page_id id: 1 tid 105945
0 1 tid 105945
365 2 tid 105945
207 tid 105945
Insert  tid 105945
FindTargetPageId rootid 3 tid 105945
target_page_id id: 1 tid 105945
0 1 tid 105945
365 2 tid 105945
208 tid 105945
Insert  tid 105945
FindTargetPageId rootid 3 tid 105945
target_page_id id: 1 tid 105945
0 1 tid 105945
365 2 tid 105945
209 tid 105945
Insert  tid 105945
FindTargetPageId rootid 3 tid 105945
target_page_id id: 1 tid 105945
0 1 tid 105945
365 2 tid 105945
210 tid 105945
Insert  tid 105945
FindTargetPageId rootid 3 tid 105945
target_page_id id: 1 tid 105945
0 1 tid 105945
365 2 tid 105945
211 tid 105945
Insert  tid 105945
FindTargetPageId rootid 3 tid 105945
target_page_id id: 1 tid 105945
0 1 tid 105945
365 2 tid 105945
212 tid 105945
Insert  tid 105945
FindTargetPageId rootid 3 tid 105946
target_page_id id: 1 tid 105946
0 1 tid 105946
365 2 tid 105946
213 tid 105946
Remove  tid 105946
FindTargetPageId rootid 3 tid 105947
target_page_id id: 1 tid 105947
0 1 tid 105947
365 2 tid 105947
213 tid 105947
Insert  tid 105947
FindTargetPageId rootid 3 tid 105945
target_page_id id: 1 tid 105945
0 1 tid 105945
365 2 tid 105945
213 tid 105945
Insert  tid 105945
FindTargetPageId rootid 3 tid 105945
target_page_id id: 1 tid 105945
0 1 tid 105945
365 2 tid 105945
214 tid 105945
Insert  tid 105945
FindTargetPageId rootid 3 tid 105945
target_page_id id: 1 tid 105945
0 1 tid 105945
365 2 tid 105945
215 tid 105945
Insert  tid 105945
FindTargetPageId rootid 3 tid 105945
target_page_id id: 1 tid 105945
0 1 tid 105945
365 2 tid 105945
216 tid 105945
Insert  tid 105945
FindTargetPageId rootid 3 tid 105945
target_page_id id: 1 tid 105945
0 1 tid 105945
365 2 tid 105945
217 tid 105945
Insert  tid 105945
FindTargetPageId rootid 3 tid 105945
target_page_id id: 1 tid 105945
0 1 tid 105945
365 2 tid 105945
218 tid 105945
Insert  tid 105945
FindTargetPageId rootid 3 tid 105947
target_page_id id: 1 tid 105947
0 1 tid 105947
365 2 tid 105947
219 tid 105947
Insert  tid 105947
FindTargetPageId rootid 3 tid 105946
target_page_id id: 1 tid 105946
0 1 tid 105946
365 2 tid 105946
219 tid 105946
Remove  tid 105946
FindTargetPageId rootid 3 tid 105946
target_page_id id: 1 tid 105946
0 1 tid 105946
365 2 tid 105946
219 tid 105946
Remove  tid 105946
FindTargetPageId rootid 3 tid 105946
target_page_id id: 1 tid 105946
0 1 tid 105946
365 2 tid 105946
219 tid 105946
Remove  tid 105946
FindTargetPageId rootid 3 tid 105946
target_page_id id: 1 tid 105946
0 1 tid 105946
365 2 tid 105946
219 tid 105946
Remove  tid 105946
FindTargetPageId rootid 3 tid 105946
target_page_id id: 1 tid 105946
0 1 tid 105946
365 2 tid 105946
219 tid 105946
Remove  tid 105946
FindTargetPageId rootid 3 tid 105945
target_page_id id: 1 tid 105945
0 1 tid 105945
365 2 tid 105945
219 tid 105945
Insert  tid 105945
FindTargetPageId rootid 3 tid 105947
target_page_id id: 1 tid 105947
0 1 tid 105947
365 2 tid 105947
220 tid 105947
Insert  tid 105947
FindTargetPageId rootid 3 tid 105946
target_page_id id: 1 tid 105946
0 1 tid 105946
365 2 tid 105946
220 tid 105946
Remove  tid 105946
FindTargetPageId rootid 3 tid 105946
target_page_id id: 1 tid 105946
0 1 tid 105946
365 2 tid 105946
220 tid 105946
Remove  tid 105946
FindTargetPageId rootid 3 tid 105947
target_page_id id: 1 tid 105947
0 1 tid 105947
365 2 tid 105947
220 tid 105947
Insert  tid 105947
FindTargetPageId rootid 3 tid 105945
target_page_id id: 1 tid 105945
0 1 tid 105945
365 2 tid 105945
220 tid 105945
Insert  tid 105945
FindTargetPageId rootid 3 tid 105946
target_page_id id: 1 tid 105946
0 1 tid 105946
365 2 tid 105946
221 tid 105946
Remove  tid 105946
FindTargetPageId rootid 3 tid 105947
target_page_id id: 1 tid 105947
0 1 tid 105947
365 2 tid 105947
221 tid 105947
Insert  tid 105947
FindTargetPageId rootid 3 tid 105947
target_page_id id: 1 tid 105947
0 1 tid 105947
365 2 tid 105947
221 tid 105947
Insert  tid 105947
FindTargetPageId rootid 3 tid 105947
target_page_id id: 1 tid 105947
0 1 tid 105947
365 2 tid 105947
221 tid 105947
Insert  tid 105947
FindTargetPageId rootid 3 tid 105947
target_page_id id: 1 tid 105947
0 1 tid 105947
365 2 tid 105947
221 tid 105947
Insert  tid 105947
FindTargetPageId rootid 3 tid 105947
target_page_id id: 1 tid 105947
0 1 tid 105947
365 2 tid 105947
221 tid 105947
Insert  tid 105947
FindTargetPageId rootid 3 tid 105947
target_page_id id: 1 tid 105947
0 1 tid 105947
365 2 tid 105947
221 tid 105947
Insert  tid 105947
FindTargetPageId rootid 3 tid 105947
target_page_id id: 1 tid 105947
0 1 tid 105947
365 2 tid 105947
221 tid 105947
Insert  tid 105947
FindTargetPageId rootid 3 tid 105947
target_page_id id: 1 tid 105947
0 1 tid 105947
365 2 tid 105947
221 tid 105947
Insert  tid 105947
FindTargetPageId rootid 3 tid 105947
target_page_id id: 1 tid 105947
0 1 tid 105947
365 2 tid 105947
221 tid 105947
Insert  tid 105947
FindTargetPageId rootid 3 tid 105947
target_page_id id: 1 tid 105947
0 1 tid 105947
365 2 tid 105947
221 tid 105947
Insert  tid 105947
FindTargetPageId rootid 3 tid 105947
target_page_id id: 1 tid 105947
0 1 tid 105947
365 2 tid 105947
221 tid 105947
Insert  tid 105947
FindTargetPageId rootid 3 tid 105947
target_page_id id: 1 tid 105947
0 1 tid 105947
365 2 tid 105947
221 tid 105947
Insert  tid 105947
FindTargetPageId rootid 3 tid 105947
target_page_id id: 1 tid 105947
0 1 tid 105947
365 2 tid 105947
221 tid 105947
Insert  tid 105947
FindTargetPageId rootid 3 tid 105947
target_page_id id: 1 tid 105947
0 1 tid 105947
365 2 tid 105947
221 tid 105947
Insert  tid 105947
FindTargetPageId rootid 3 tid 105947
target_page_id id: 1 tid 105947
0 1 tid 105947
365 2 tid 105947
221 tid 105947
Insert  tid 105947
FindTargetPageId rootid 3 tid 105947
target_page_id id: 1 tid 105947
0 1 tid 105947
365 2 tid 105947
221 tid 105947
Insert  tid 105947
FindTargetPageId rootid 3 tid 105947
target_page_id id: 1 tid 105947
0 1 tid 105947
365 2 tid 105947
221 tid 105947
Insert  tid 105947
FindTargetPageId rootid 3 tid 105947
target_page_id id: 1 tid 105947
0 1 tid 105947
365 2 tid 105947
221 tid 105947
Insert  tid 105947
FindTargetPageId rootid 3 tid 105947
target_page_id id: 1 tid 105947
0 1 tid 105947
365 2 tid 105947
221 tid 105947
Insert  tid 105947
FindTargetPageId rootid 3 tid 105947
target_page_id id: 1 tid 105947
0 1 tid 105947
365 2 tid 105947
221 tid 105947
Insert  tid 105947
FindTargetPageId rootid 3 tid 105947
target_page_id id: 1 tid 105947
0 1 tid 105947
365 2 tid 105947
221 tid 105947
Insert  tid 105947
FindTargetPageId rootid 3 tid 105947
target_page_id id: 1 tid 105947
0 1 tid 105947
365 2 tid 105947
221 tid 105947
Insert  tid 105947
FindTargetPageId rootid 3 tid 105947
target_page_id id: 1 tid 105947
0 1 tid 105947
365 2 tid 105947
221 tid 105947
Insert  tid 105947
FindTargetPageId rootid 3 tid 105947
target_page_id id: 1 tid 105947
0 1 tid 105947
365 2 tid 105947
221 tid 105947
Insert  tid 105947
FindTargetPageId rootid 3 tid 105947
target_page_id id: 1 tid 105947
0 1 tid 105947
365 2 tid 105947
221 tid 105947
Insert  tid 105947
FindTargetPageId rootid 3 tid 105947
target_page_id id: 1 tid 105947
0 1 tid 105947
365 2 tid 105947
221 tid 105947
Insert  tid 105947
FindTargetPageId rootid 3 tid 105947
target_page_id id: 1 tid 105947
0 1 tid 105947
365 2 tid 105947
221 tid 105947
Insert  tid 105947
FindTargetPageId rootid 3 tid 105947
target_page_id id: 1 tid 105947
0 1 tid 105947
365 2 tid 105947
221 tid 105947
Insert  tid 105947
FindTargetPageId rootid 3 tid 105947
target_page_id id: 1 tid 105947
0 1 tid 105947
365 2 tid 105947
221 tid 105947
Insert  tid 105947
FindTargetPageId rootid 3 tid 105947
target_page_id id: 1 tid 105947
0 1 tid 105947
365 2 tid 105947
221 tid 105947
Insert  tid 105947
FindTargetPageId rootid 3 tid 105947
target_page_id id: 1 tid 105947
0 1 tid 105947
365 2 tid 105947
221 tid 105947
Insert  tid 105947
FindTargetPageId rootid 3 tid 105947
target_page_id id: 1 tid 105947
0 1 tid 105947
365 2 tid 105947
221 tid 105947
Insert  tid 105947
FindTargetPageId rootid 3 tid 105947
target_page_id id: 1 tid 105947
0 1 tid 105947
365 2 tid 105947
221 tid 105947
Insert  tid 105947
FindTargetPageId rootid 3 tid 105947
target_page_id id: 1 tid 105947
0 1 tid 105947
365 2 tid 105947
221 tid 105947
Insert  tid 105947
FindTargetPageId rootid 3 tid 105947
target_page_id id: 1 tid 105947
0 1 tid 105947
365 2 tid 105947
221 tid 105947
Insert  tid 105947
FindTargetPageId rootid 3 tid 105947
target_page_id id: 1 tid 105947
0 1 tid 105947
365 2 tid 105947
221 tid 105947
Insert  tid 105947
FindTargetPageId rootid 3 tid 105947
target_page_id id: 1 tid 105947
0 1 tid 105947
365 2 tid 105947
221 tid 105947
Insert  tid 105947
FindTargetPageId rootid 3 tid 105947
target_page_id id: 1 tid 105947
0 1 tid 105947
365 2 tid 105947
221 tid 105947
Insert  tid 105947
FindTargetPageId rootid 3 tid 105947
target_page_id id: 1 tid 105947
0 1 tid 105947
365 2 tid 105947
221 tid 105947
Insert  tid 105947
FindTargetPageId rootid 3 tid 105947
target_page_id id: 1 tid 105947
0 1 tid 105947
365 2 tid 105947
222 tid 105947
Insert  tid 105947
FindTargetPageId rootid 3 tid 105945
target_page_id id: 1 tid 105945
0 1 tid 105945
365 2 tid 105945
223 tid 105945
Insert  tid 105945
FindTargetPageId rootid 3 tid 105945
target_page_id id: 1 tid 105945
0 1 tid 105945
365 2 tid 105945
223 tid 105945
Insert  tid 105945
FindTargetPageId rootid 3 tid 105945
target_page_id id: 1 tid 105945
0 1 tid 105945
365 2 tid 105945
223 tid 105945
Insert  tid 105945
FindTargetPageId rootid 3 tid 105945
target_page_id id: 1 tid 105945
0 1 tid 105945
365 2 tid 105945
224 tid 105945
Insert  tid 105945
FindTargetPageId rootid 3 tid 105945
target_page_id id: 1 tid 105945
0 1 tid 105945
365 2 tid 105945
225 tid 105945
Insert  tid 105945
FindTargetPageId rootid 3 tid 105946
target_page_id id: 1 tid 105946
0 1 tid 105946
365 2 tid 105946
226 tid 105946
Remove  tid 105946
FindTargetPageId rootid 3 tid 105947
target_page_id id: 1 tid 105947
0 1 tid 105947
365 2 tid 105947
226 tid 105947
Insert  tid 105947
FindTargetPageId rootid 3 tid 105947
target_page_id id: 1 tid 105947
0 1 tid 105947
365 2 tid 105947
226 tid 105947
Insert  tid 105947
FindTargetPageId rootid 3 tid 105947
target_page_id id: 1 tid 105947
0 1 tid 105947
365 2 tid 105947
226 tid 105947
Insert  tid 105947
FindTargetPageId rootid 3 tid 105947
target_page_id id: 1 tid 105947
0 1 tid 105947
365 2 tid 105947
226 tid 105947
Insert  tid 105947
FindTargetPageId rootid 3 tid 105947
target_page_id id: 1 tid 105947
0 1 tid 105947
365 2 tid 105947
227 tid 105947
Insert  tid 105947
FindTargetPageId rootid 3 tid 105947
target_page_id id: 1 tid 105947
0 1 tid 105947
365 2 tid 105947
228 tid 105947
Insert  tid 105947
FindTargetPageId rootid 3 tid 105947
target_page_id id: 1 tid 105947
0 1 tid 105947
365 2 tid 105947
229 tid 105947
Insert  tid 105947
FindTargetPageId rootid 3 tid 105946
target_page_id id: 1 tid 105946
0 1 tid 105946
365 2 tid 105946
230 tid 105946
Remove  tid 105946
FindTargetPageId rootid 3 tid 105946
target_page_id id: 1 tid 105946
0 1 tid 105946
365 2 tid 105946
230 tid 105946
Remove  tid 105946
FindTargetPageId rootid 3 tid 105945
target_page_id id: 1 tid 105945
0 1 tid 105945
365 2 tid 105945
230 tid 105945
Insert  tid 105945
FindTargetPageId rootid 3 tid 105945
target_page_id id: 1 tid 105945
0 1 tid 105945
365 2 tid 105945
230 tid 105945
Insert  tid 105945
FindTargetPageId rootid 3 tid 105945
target_page_id id: 1 tid 105945
0 1 tid 105945
365 2 tid 105945
230 tid 105945
Insert  tid 105945
FindTargetPageId rootid 3 tid 105947
target_page_id id: 1 tid 105947
0 1 tid 105947
365 2 tid 105947
230 tid 105947
Insert  tid 105947
FindTargetPageId rootid 3 tid 105947
target_page_id id: 1 tid 105947
0 1 tid 105947
365 2 tid 105947
231 tid 105947
Insert  tid 105947
FindTargetPageId rootid 3 tid 105947
target_page_id id: 1 tid 105947
0 1 tid 105947
365 2 tid 105947
232 tid 105947
Insert  tid 105947
FindTargetPageId rootid 3 tid 105947
target_page_id id: 1 tid 105947
0 1 tid 105947
365 2 tid 105947
233 tid 105947
Insert  tid 105947
FindTargetPageId rootid 3 tid 105947
target_page_id id: 1 tid 105947
0 1 tid 105947
365 2 tid 105947
234 tid 105947
Insert  tid 105947
FindTargetPageId rootid 3 tid 105946
target_page_id id: 1 tid 105946
0 1 tid 105946
365 2 tid 105946
235 tid 105946
Remove  tid 105946
FindTargetPageId rootid 3 tid 105946
target_page_id id: 1 tid 105946
0 1 tid 105946
365 2 tid 105946
235 tid 105946
FindTargetPageId rootid 3 tid 105945
target_page_id id: 1 tid 105945
0 1 tid 105945
365 2 tid 105945
Remove  tid 105946
235 tid 105945
Insert  tid 105945
FindTargetPageId rootid 3 tid 105947
target_page_id id: 1 tid 105947
0 1 tid 105947
365 2 tid 105947
235 tid 105947
Insert  tid 105947
FindTargetPageId rootid 3 tid 105946
target_page_id id: 1 tid 105946
0 1 tid 105946
365 2 tid 105946
236 tid 105946
FindTargetPageId rootid 3 tid 105945
Remove  tid 105946
target_page_id id: 1 tid 105945
0 1 tid 105945
365 2 tid 105945
236 tid 105945
Insert  tid 105945
FindTargetPageId rootid 3 tid 105945
target_page_id id: 1 tid 105945
0 1 tid 105945
365 2 tid 105945
236 tid 105945
Insert  tid 105945
FindTargetPageId rootid 3 tid 105945
target_page_id id: 1 tid 105945
0 1 tid 105945
365 2 tid 105945
236 tid 105945
Insert  tid 105945
FindTargetPageId rootid 3 tid 105946
target_page_id id: 1 tid 105946
0 1 tid 105946
365 2 tid 105946
236 tid 105946
Remove  tid 105946
FindTargetPageId rootid 3 tid 105945
target_page_id id: 1 tid 105945
0 1 tid 105945
365 2 tid 105945
236 tid 105945
Insert  tid 105945
FindTargetPageId rootid 3 tid 105947
target_page_id id: 1 tid 105947
0 1 tid 105947
365 2 tid 105947
236 tid 105947
Insert  tid 105947
FindTargetPageId rootid 3 tid 105947
target_page_id id: 1 tid 105947
0 1 tid 105947
365 2 tid 105947
237 tid 105947
Insert  tid 105947
FindTargetPageId rootid 3 tid 105947
target_page_id id: 1 tid 105947
0 1 tid 105947
365 2 tid 105947
238 tid 105947
Insert  tid 105947
FindTargetPageId rootid 3 tid 105946
target_page_id id: 1 tid 105946
0 1 tid 105946
365 2 tid 105946
239 tid 105946
Remove  tid 105946
FindTargetPageId rootid 3 tid 105946
target_page_id id: 1 tid 105946
0 1 tid 105946
365 2 tid 105946
239 tid 105946
Remove  tid 105946
FindTargetPageId rootid 3 tid 105945
target_page_id id: 1 tid 105945
0 1 tid 105945
365 2 tid 105945
239 tid 105945
Insert  tid 105945
FindTargetPageId rootid 3 tid 105945
target_page_id id: 1 tid 105945
0 1 tid 105945
365 2 tid 105945
239 tid 105945
Insert  tid 105945
FindTargetPageId rootid 3 tid 105947
target_page_id id: 1 tid 105947
0 1 tid 105947
365 2 tid 105947
239 tid 105947
Insert  tid 105947
FindTargetPageId rootid 3 tid 105947
target_page_id id: 1 tid 105947
0 1 tid 105947
365 2 tid 105947
240 tid 105947
Insert  tid 105947
FindTargetPageId rootid 3 tid 105947
target_page_id id: 1 tid 105947
0 1 tid 105947
365 2 tid 105947
241 tid 105947
Insert  tid 105947
FindTargetPageId rootid 3 tid 105946
target_page_id id: 1 tid 105946
0 1 tid 105946
365 2 tid 105946
242 tid 105946
Remove  tid 105946
FindTargetPageId rootid 3 tid 105945
target_page_id id: 1 tid 105945
0 1 tid 105945
365 2 tid 105945
242 tid 105945
Insert  tid 105945
FindTargetPageId rootid 3 tid 105945
target_page_id id: 1 tid 105945
0 1 tid 105945
365 2 tid 105945
242 tid 105945
Insert  tid 105945
FindTargetPageId rootid 3 tid 105945
target_page_id id: 1 tid 105945
0 1 tid 105945
365 2 tid 105945
242 tid 105945
Insert  tid 105945
FindTargetPageId rootid 3 tid 105945
target_page_id id: 1 tid 105945
0 1 tid 105945
365 2 tid 105945
242 tid 105945
Insert  tid 105945
FindTargetPageId rootid 3 tid 105945
target_page_id id: 1 tid 105945
0 1 tid 105945
365 2 tid 105945
242 tid 105945
Insert  tid 105945
FindTargetPageId rootid 3 tid 105945
target_page_id id: 1 tid 105945
0 1 tid 105945
365 2 tid 105945
242 tid 105945
Insert  tid 105945
FindTargetPageId rootid 3 tid 105946
target_page_id id: 1 tid 105946
0 1 tid 105946
365 2 tid 105946
242 tid 105946
Remove  tid 105946
FindTargetPageId rootid 3 tid 105946
target_page_id id: 1 tid 105946
0 1 tid 105946
365 2 tid 105946
242 tid 105946
Remove  tid 105946
FindTargetPageId rootid 3 tid 105946
target_page_id id: 1 tid 105946
0 1 tid 105946
365 2 tid 105946
242 tid 105946
Remove  tid 105946
FindTargetPageId rootid 3 tid 105946
target_page_id id: 1 tid 105946
0 1 tid 105946
365 2 tid 105946
242 tid 105946
Remove  tid 105946
FindTargetPageId rootid 3 tid 105946
target_page_id id: 1 tid 105946
0 1 tid 105946
365 2 tid 105946
242 tid 105946
Remove  tid 105946
FindTargetPageId rootid 3 tid 105946
target_page_id id: 1 tid 105946
0 1 tid 105946
365 2 tid 105946
242 tid 105946
Remove  tid 105946
FindTargetPageId rootid 3 tid 105945
target_page_id id: 1 tid 105945
0 1 tid 105945
365 2 tid 105945
242 tid 105945
Insert  tid 105945
FindTargetPageId rootid 3 tid 105947
target_page_id id: 1 tid 105947
0 1 tid 105947
365 2 tid 105947
243 tid 105947
Insert  tid 105947
FindTargetPageId rootid 3 tid 105946
target_page_id id: 1 tid 105946
0 1 tid 105946
365 2 tid 105946
243 tid 105946
Remove  tid 105946
FindTargetPageId rootid 3 tid 105945
target_page_id id: 1 tid 105945
0 1 tid 105945
365 2 tid 105945
243 tid 105945
FindTargetPageId rootid 3 tid 105947
target_page_id id: 1 tid 105947
0 1 tid 105947
365 2 tid 105947
244 tid 105947
Insert  tid 105947
FindTargetPageId rootid 3 tid 105947
target_page_id id: 1 tid 105947
0 1 tid 105947
365 2 tid 105947
244 tid 105947
Insert  tid 105947
FindTargetPageId rootid 3 tid 105947
target_page_id id: 1 tid 105947
0 1 tid 105947
365 2 tid 105947
245 tid 105947
Insert  tid Insert  tid 105947
105945
FindTargetPageId rootid 3 tid 105946
target_page_id id: 1 tid 105946
0 1 tid 105946
365 2 tid 105946
246 tid 105946
Remove  tid 105946
FindTargetPageId rootid 3 tid 105946
target_page_id id: 1 tid 105946
0 1 tid 105946
365 2 tid 105946
246 tid 105946
Remove  tid 105946
FindTargetPageId rootid 3 tid 105946
target_page_id id: 1 tid 105946
0 1 tid 105946
365 2 tid 105946
246 tid 105946
Remove  tid 105946
FindTargetPageId rootid 3 tid 105947
target_page_id id: 1 tid 105947
0 1 tid 105947
365 2 tid 105947
246 tid 105947
Insert  tid 105947
FindTargetPageId rootid 3 tid 105947
target_page_id id: 1 tid 105947
0 1 tid 105947
365 2 tid 105947
247 tid 105947
Insert  tid 105947
FindTargetPageId rootid 3 tid 105947
target_page_id id: 1 tid 105947
0 1 tid 105947
365 2 tid 105947
248 tid 105947
Insert  tid 105947
FindTargetPageId rootid 3 tid 105945
target_page_id id: 1 tid 105945
0 1 tid 105945
365 2 tid 105945
249 tid 105945
Insert  tid 105945
FindTargetPageId rootid 3 tid 105946
target_page_id id: 1 tid 105946
0 1 tid 105946
365 2 tid 105946
249 tid 105946
Remove  tid 105946
FindTargetPageId rootid 3 tid 105946
target_page_id id: 1 tid 105946
0 1 tid 105946
365 2 tid 105946
249 tid 105946
Remove  tid 105946
FindTargetPageId rootid 3 tid 105946
target_page_id id: 1 tid 105946
0 1 tid 105946
365 2 tid 105946
249 tid 105946
Remove  tid 105946
FindTargetPageId rootid 3 tid 105946
target_page_id id: 1 tid 105946
0 1 tid 105946
365 2 tid 105946
249 tid 105946
Remove  tid 105946
FindTargetPageId rootid 3 tid 105946
target_page_id id: 1 tid 105946
0 1 tid 105946
365 2 tid 105946
249 tid 105946
Remove  tid 105946
FindTargetPageId rootid 3 tid 105946
target_page_id id: 1 tid 105946
0 1 tid 105946
365 2 tid 105946
249 tid 105946
Remove  tid 105946
FindTargetPageId rootid 3 tid 105946
target_page_id id: 1 tid 105946
0 1 tid 105946
365 2 tid 105946
249 tid 105946
FindTargetPageId rootid 3 tid 105947
target_page_id id: 1 tid 105947
0 1 tid 105947
365 2 tid 105947
Remove 249 tid  tid 105947
105946
FindTargetPageId rootid 3 tid 105945
target_page_id id: 1 tid 105945
0 1 tid 105945
365 2 tid 105945
250 tid 105945
Insert  tid 105947
Insert  tid 105945
FindTargetPageId rootid 3 tid 105946
target_page_id id: 1 tid 105946
0 1 tid 105946
365 2 tid 105946
250 tid 105946
Remove  tid 105946
FindTargetPageId rootid 3 tid 105947
target_page_id id: 1 tid 105947
0 1 tid 105947
365 2 tid 105947
250 tid 105947
Insert  tid 105947
FindTargetPageId rootid 3 tid 105945
target_page_id id: 1 tid 105945
0 1 tid 105945
365 2 tid 105945
251 tid 105945
Insert  tid 105945
FindTargetPageId rootid 3 tid 105945
target_page_id id: 1 tid 105945
0 1 tid 105945
365 2 tid 105945
251 tid 105945
Insert  tid 105945
FindTargetPageId rootid 3 tid 105945
target_page_id id: 1 tid 105945
0 1 tid 105945
365 2 tid 105945
251 tid 105945
Insert  tid 105945
FindTargetPageId rootid 3 tid 105946
target_page_id id: 1 tid 105946
0 1 tid 105946
365 2 tid 105946
251 tid 105946
Remove  tid FindTargetPageId rootid 1059463
 tid 105947
target_page_id id: 1 tid 105947
0 1 tid 105947
365 2 tid 105947
251 tid 105947
Insert  tid 105947
FindTargetPageId rootid 3 tid 105945
target_page_id id: 1 tid 105945
0 1 tid 105945
365 2 tid 105945
252 tid 105945
Insert  tid 105945
FindTargetPageId rootid 3 tid 105946
target_page_id id: 1 tid 105946
0 1 tid 105946
365 2 tid 105946
252 tid 105946
Remove  tid 105946
FindTargetPageId rootid 3 tid 105946
target_page_id id: 1 tid 105946
0 1 tid 105946
365 2 tid 105946
252 tid 105946
Remove  tid 105946
FindTargetPageId rootid 3 tid 105946
target_page_id id: 1 tid 105946
0 1 tid 105946
365 2 tid 105946
252 tid 105946
Remove  tid 105946
FindTargetPageId rootid 3 tid 105946
target_page_id id: 1 tid 105946
0 1 tid 105946
365 2 tid 105946
252 tid 105946
Remove  tid 105946
FindTargetPageId rootid 3 tid 105946
target_page_id id: 1 tid 105946
0 1 tid 105946
365 2 tid 105946
252 tid 105946
Remove  tid 105946
FindTargetPageId rootid 3 tid 105946
target_page_id id: 1 tid 105946
0 1 tid 105946
365 2 tid 105946
252 tid 105946
Remove  tid 105946
FindTargetPageId rootid 3 tid 105946
target_page_id id: 1 tid 105946
0 1 tid 105946
365 2 tid 105946
252 tid 105946
Remove  tid 105946
FindTargetPageId rootid 3 tid 105946
target_page_id id: 1 tid 105946
0 1 tid 105946
365 2 tid 105946
252 tid 105946
Remove  tid 105946
FindTargetPageId rootid 3 tid 105945
target_page_id id: 1 tid 105945
0 1 tid 105945
365 2 tid 105945
252 tid 105945
Insert  tid 105945
FindTargetPageId rootid 3 tid 105947
target_page_id id: 1 tid 105947
0 1 tid 105947
365 2 tid 105947
252 tid 105947
Insert  tid 105947
FindTargetPageId rootid 3 tid 105946
target_page_id id: 1 tid 105946
0 1 tid 105946
365 2 tid 105946
253 tid 105946
Remove  tid 105946
FindTargetPageId rootid 3 tid 105945
target_page_id id: 1 tid 105945
0 1 tid 105945
365 2 tid 105945
253 tid 105945
Insert  tid 105945
FindTargetPageId rootid 3 tid 105945
target_page_id id: 1 tid 105945
0 1 tid 105945
365 2 tid 105945
253 tid 105945
Insert  tid 105945
FindTargetPageId rootid 3 tid 105947
target_page_id id: 1 tid 105947
0 1 tid 105947
365 2 tid 105947
253 tid 105947
Insert  tid 105947
FindTargetPageId rootid 3 tid 105947
target_page_id id: 1 tid 105947
0 1 tid 105947
365 2 tid 105947
254 tid 105947
Insert  tid 105947
FindTargetPageId rootid 3 tid 105945
target_page_id id: 4 tid 105945
0 1 tid 105945
155 4 tid 105945
365 2 tid 105945
128 tid 105945
Insert  tid 105945
FindTargetPageId rootid 3 tid 105946
target_page_id id: 4 tid 105946
0 1 tid 105946
155 4 tid 105946
365 2 tid 105946
128 tid 105946
Remove  tid 105946
FindTargetPageId rootid 3 tid 105947
target_page_id id: 4 tid 105947
0 1 tid 105947
155 4 tid 105947
365 2 tid 105947
128 tid 105947
Insert  tid 105947
FindTargetPageId rootid 3 tid 105945
target_page_id id: 4 tid 105945
0 1 tid 105945
155 4 tid 105945
365 2 tid 105945
129 tid 105945
Insert  tid 105945
FindTargetPageId rootid 3 tid 105946
target_page_id id: 4 tid 105946
0 1 tid 105946
155 4 tid 105946
365 2 tid 105946
129 tid 105946
Remove  tid 105946
FindTargetPageId rootid 3 tid 105947
target_page_id id: 4 tid 105947
0 1 tid 105947
155 4 tid 105947
365 2 tid 105947
129 tid 105947
Insert  tid 105947
FindTargetPageId rootid 3 tid 105945
target_page_id id: 4 tid 105945
0 1 tid 105945
155 4 tid 105945
365 2 tid 105945
130 tid 105945
Insert  tid 105945
FindTargetPageId rootid 3 tid 105946
target_page_id id: 4 tid 105946
0 1 tid 105946
155 4 tid 105946
365 2 tid 105946
130 tid 105946
Remove  tid 105946
FindTargetPageId rootid 3 tid 105947
target_page_id id: 4 tid 105947
0 1 tid 105947
155 4 tid 105947
365 2 tid 105947
130 tid 105947
Insert  tid 105947
FindTargetPageId rootid 3 tid 105947
target_page_id id: 4 tid 105947
0 1 tid 105947
155 4 tid 105947
365 2 tid 105947
131 tid 105947
Insert  tid 105947
FindTargetPageId rootid 3 tid 105947
target_page_id id: 4 tid 105947
0 1 tid 105947
155 4 tid 105947
365 2 tid 105947
132 tid 105947
Insert  tid 105947
FindTargetPageId rootid 3 tid 105945
target_page_id id: 4 tid 105945
0 1 tid 105945
155 4 tid 105945
365 2 tid 105945
133 tid 105945
Insert  tid 105945
FindTargetPageId rootid 3 tid 105946
target_page_id id: 4 tid 105946
0 1 tid 105946
155 4 tid 105946
365 2 tid 105946
133 tid 105946
Remove  tid 105946
FindTargetPageId rootid 3 tid 105946
target_page_id id: 4 tid 105946
0 1 tid 105946
155 4 tid 105946
365 2 tid 105946
133 tid 105946
Remove  tid 105946
FindTargetPageId rootid 3 tid 105945
target_page_id id: 4 tid 105945
0 1 tid 105945
155 4 tid 105945
365 2 tid 105945
133 tid 105945
Insert  tid 105945
FindTargetPageId rootid 3 tid 105947
target_page_id id: 4 tid 105947
0 1 tid 105947
155 4 tid 105947
365 2 tid 105947
133 tid 105947
Insert  tid 105947
FindTargetPageId rootid 3 tid 105946
target_page_id id: 4 tid 105946
0 1 tid 105946
155 4 tid 105946
365 2 tid 105946
134 tid 105946
Remove  tid 105946
FindTargetPageId rootid 3 tid 105945
target_page_id id: 4 tid 105945
0 1 tid 105945
155 4 tid 105945
365 2 tid 105945
134 tid 105945
Insert  tid 105945
FindTargetPageId rootid 3 tid 105947
target_page_id id: 4 tid 105947
0 1 tid 105947
155 4 tid 105947
365 2 tid 105947
134 tid 105947
Insert  tid 105947
FindTargetPageId rootid 3 tid 105946
target_page_id id: 4 tid 105946
0 1 tid 105946
155 4 tid 105946
365 2 tid 105946
135 tid 105946
Remove  tid 105946
FindTargetPageId rootid 3 tid 105946
target_page_id id: 4 tid 105946
0 1 tid 105946
155 4 tid 105946
365 2 tid 105946
135 tid 105946
Remove  tid 105946
FindTargetPageId rootid 3 tid 105947
target_page_id id: 4 tid 105947
0 1 tid 105947
155 4 tid 105947
365 2 tid 105947
135 tid 105947
Insert  tid 105947
FindTargetPageId rootid 3 tid 105945
target_page_id id: 4 tid 105945
0 1 tid 105945
155 4 tid 105945
365 2 tid 105945
136 tid 105945
Insert  tid 105945
FindTargetPageId rootid 3 tid 105946
target_page_id id: 4 tid 105946
0 1 tid 105946
155 4 tid 105946
365 2 tid 105946
136 tid 105946
Remove  tid 105946
FindTargetPageId rootid 3 tid 105946
target_page_id id: 4 tid 105946
0 1 tid 105946
155 4 tid 105946
365 2 tid 105946
136 tid 105946
Remove  tid 105946
FindTargetPageId rootid 3 tid 105946
target_page_id id: 4 tid 105946
0 1 tid 105946
155 4 tid 105946
365 2 tid 105946
136 tid 105946
Remove  tid 105946
FindTargetPageId rootid 3 tid 105945
target_page_id id: 4 tid 105945
0 1 tid 105945
155 4 tid 105945
365 2 tid 105945
136 tid 105945
Insert FindTargetPageId rootid  tid 3 tid 105947
target_page_id id: 4 tid 105947
0 1 tid 105947
155 4 tid 105947
365 2 tid 105947
136 tid 105947
105945
Insert  tid 105947
FindTargetPageId rootid 3 tid 105945
target_page_id id: 4 tid 105945
0 1 tid 105945
155 4 tid 105945
365 2 tid 105945
137 tid 105945
Insert  tid 105945
FindTargetPageId rootid 3 tid 105946
target_page_id id: 4 tid 105946
0 1 tid 105946
155 4 tid 105946
365 2 tid 105946
137 tid 105946
Remove  tid 105946
FindTargetPageId rootid 3 tid 105947
target_page_id id: 4 tid 105947
0 1 tid 105947
155 4 tid 105947
365 2 tid 105947
137 tid 105947
Insert  tid 105947
FindTargetPageId rootid 3 tid 105945
target_page_id id: 4 tid 105945
0 1 tid 105945
155 4 tid 105945
365 2 tid 105945
138 tid 105945
Insert  tid 105945
FindTargetPageId rootid 3 tid 105946
target_page_id id: 4 tid 105946
0 1 tid 105946
155 4 tid 105946
365 2 tid 105946
138 tid 105946
Remove  tid 105946
FindTargetPageId rootid 3 tid 105947
target_page_id id: 4 tid 105947
0 1 tid 105947
155 4 tid 105947
365 2 tid 105947
138 tid 105947
Insert  tid 105947
FindTargetPageId rootid 3 tid 105945
target_page_id id: 4 tid 105945
0 1 tid 105945
155 4 tid 105945
365 2 tid 105945
139 tid 105945
Insert  tid 105945
FindTargetPageId rootid 3 tid 105946
target_page_id id: 4 tid 105946
0 1 tid 105946
155 4 tid 105946
365 2 tid 105946
139 tid 105946
Remove  tid 105946
FindTargetPageId rootid 3 tid 105946
target_page_id id: 4 tid 105946
0 1 tid 105946
155 4 tid 105946
365 2 tid 105946
139 tid 105946
Remove  tid 105946
FindTargetPageId rootid 3 tid 105946
target_page_id id: 4 tid 105946
0 1 tid 105946
155 4 tid 105946
365 2 tid 105946
139 tid 105946
Remove  tid 105946
FindTargetPageId rootid 3 tid 105946
target_page_id id: 4 tid 105946
0 1 tid 105946
155 4 tid 105946
365 2 tid 105946
139 tid 105946
Remove  tid 105946
FindTargetPageId rootid 3 tid 105945
target_page_id id: 4 tid 105945
0 1 tid 105945
155 4 tid 105945
365 2 tid 105945
139 tid 105945
Insert  tid 105945
FindTargetPageId rootid 3 tid 105945
target_page_id id: 4 tid 105945
0 1 tid 105945
155 4 tid 105945
365 2 tid 105945
139 tid 105945
Insert  tid 105945
FindTargetPageId rootid 3 tid 105945
target_page_id id: 4 tid 105945
0 1 tid 105945
155 4 tid 105945
365 2 tid 105945
139 tid 105945
Insert  tid 105945
FindTargetPageId rootid 3 tid 105945
target_page_id id: 4 tid 105945
0 1 tid 105945
155 4 tid 105945
365 2 tid 105945
140 tid 105945
Insert  tid 105945
FindTargetPageId rootid 3 tid 105945
target_page_id id: 4 tid 105945
0 1 tid 105945
155 4 tid 105945
365 2 tid 105945
141 tid 105945
Insert  tid 105945
FindTargetPageId rootid 3 tid 105945
target_page_id id: 4 tid 105945
0 1 tid 105945
155 4 tid 105945
365 2 tid 105945
142 tid 105945
Insert  tid 105945
FindTargetPageId rootid 3 tid 105945
target_page_id id: 4 tid 105945
0 1 tid 105945
155 4 tid 105945
365 2 tid 105945
143 tid 105945
Insert  tid 105945
FindTargetPageId rootid 3 tid 105947
target_page_id id: 4 tid 105947
0 1 tid 105947
155 4 tid 105947
365 2 tid 105947
144 tid 105947
Insert  tid 105947
FindTargetPageId rootid 3 tid 105946
target_page_id id: 4 tid 105946
0 1 tid 105946
155 4 tid 105946
365 2 tid 105946
144 tid 105946
Remove  tid 105946
FindTargetPageId rootid 3 tid 105945
target_page_id id: 4 tid 105945
0 1 tid 105945
155 4 tid 105945
365 2 tid 105945
144 tid 105945
Insert  tid 105945
FindTargetPageId rootid 3 tid 105947
target_page_id id: 4 tid 105947
0 1 tid 105947
155 4 tid 105947
365 2 tid 105947
145 tid 105947
Insert  tid 105947
FindTargetPageId rootid 3 tid 105946
target_page_id id: 4 tid 105946
0 1 tid 105946
155 4 tid 105946
365 2 tid 105946
145 tid 105946
Remove  tid 105946
FindTargetPageId rootid 3 tid 105946
target_page_id id: 4 tid 105946
0 1 tid 105946
155 4 tid 105946
365 2 tid 105946
145 tid 105946
Remove  tid 105946
FindTargetPageId rootid 3 tid 105946
target_page_id id: 4 tid 105946
0 1 tid 105946
155 4 tid 105946
365 2 tid 105946
145 tid 105946
Remove  tid 105946
FindTargetPageId rootid 3 tid 105946
target_page_id id: 4 tid 105946
0 1 tid 105946
155 4 tid 105946
365 2 tid 105946
145 tid 105946
Remove  tid 105946
FindTargetPageId rootid 3 tid 105947
target_page_id id: 4 tid 105947
0 1 tid 105947
155 4 tid 105947
365 2 tid 105947
145 tid 105947
Insert  tid 105947
FindTargetPageId rootid 3 tid 105945
target_page_id id: 4 tid 105945
0 1 tid 105945
155 4 tid 105945
365 2 tid 105945
145 tid 105945
Insert  tid 105945
FindTargetPageId rootid 3 tid 105946
target_page_id id: 4 tid 105946
0 1 tid 105946
155 4 tid 105946
365 2 tid 105946
146 tid 105946
Remove  tid 105946
FindTargetPageId rootid 3 tid 105947
target_page_id id: 4 tid 105947
0 1 tid 105947
155 4 tid 105947
365 2 tid 105947
146 tid 105947
Insert  tid 105947
FindTargetPageId rootid 3 tid 105945
target_page_id id: 4 tid 105945
0 1 tid 105945
155 4 tid 105945
365 2 tid 105945
146 tid 105945
Insert  tid 105945
FindTargetPageId rootid 3 tid 105946
target_page_id id: 4 tid 105946
0 1 tid 105946
155 4 tid 105946
365 2 tid 105946
147 tid 105946
Remove  tid 105946
FindTargetPageId rootid 3 tid 105946
target_page_id id: 4 tid 105946
0 1 tid 105946
155 4 tid 105946
365 2 tid 105946
147 tid 105946
Remove  tid 105946
FindTargetPageId rootid 3 tid 105946
target_page_id id: 4 tid 105946
0 1 tid 105946
155 4 tid 105946
365 2 tid 105946
147 tid 105946
Remove  tid 105946
FindTargetPageId rootid 3 tid 105946
target_page_id id: 4 tid 105946
0 1 tid 105946
155 4 tid 105946
365 2 tid 105946
147 tid 105946
Remove  tid 105946
FindTargetPageId rootid 3 tid 105946
target_page_id id: 4 tid 105946
0 1 tid 105946
155 4 tid 105946
365 2 tid 105946
147 tid 105946
Remove  tid 105946
FindTargetPageId rootid 3 tid 105946
target_page_id id: 4 tid 105946
0 1 tid 105946
155 4 tid 105946
365 2 tid 105946
147 tid 105946
Remove  tid 105946
FindTargetPageId rootid 3 tid 105946
target_page_id id: 4 tid 105946
0 1 tid 105946
155 4 tid 105946
365 2 tid 105946
147 tid 105946
Remove  tid 105946
FindTargetPageId rootid 3 tid 105946
target_page_id id: 4 tid 105946
0 1 tid 105946
155 4 tid 105946
365 2 tid 105946
147 tid 105946
Remove  tid 105946
FindTargetPageId rootid 3 tid 105946
target_page_id id: 4 tid 105946
0 1 tid 105946
155 4 tid 105946
365 2 tid 105946
147 tid 105946
Remove  tid 105946
FindTargetPageId rootid 3 tid 105946
target_page_id id: 4 tid 105946
0 1 tid 105946
155 4 tid 105946
365 2 tid 105946
147 tid 105946
Remove  tid 105946
FindTargetPageId rootid 3 tid 105946
target_page_id id: 4 tid 105946
0 1 tid 105946
155 4 tid 105946
365 2 tid 105946
147 tid 105946
Remove  tid 105946
FindTargetPageId rootid 3 tid 105946
target_page_id id: 2 tid 105946
0 1 tid 105946
155 4 tid 105946
365 2 tid 105946
128 tid 105946
Remove  tid 105946
FindTargetPageId rootid 3 tid 105946
target_page_id id: 2 tid 105946
0 1 tid 105946
155 4 tid 105946
365 2 tid 105946
128 tid 105946
Remove  tid 105946
FindTargetPageId rootid 3 tid 105947
target_page_id id: 4 tid 105947
0 1 tid 105947
155 4 tid 105947
365 2 tid 105947
147 tid 105947
Insert  tid 105947
FindTargetPageId rootid 3 tid 105945
target_page_id id: 4 tid 105945
0 1 tid 105945
155 4 tid 105945
365 2 tid 105945
147 tid 105945
Insert  tid 105945
FindTargetPageId rootid 3 tid 105945
target_page_id id: 4 tid 105945
0 1 tid 105945
155 4 tid 105945
365 2 tid 105945
148 tid 105945
Insert  tid 105945
FindTargetPageId rootid 3 tid 105945
target_page_id id: 4 tid 105945
0 1 tid 105945
155 4 tid 105945
365 2 tid 105945
149 tid 105945
Insert  tid 105945
FindTargetPageId rootid 3 tid 105946
target_page_id id: 2 tid 105946
0 1 tid 105946
155 4 tid 105946
365 2 tid 105946
128 tid 105946
Remove  tid 105946
FindTargetPageId rootid 3 tid 105947
target_page_id id: 4 tid 105947
0 1 tid 105947
155 4 tid 105947
365 2 tid 105947
150 tid 105947
Insert  tid 105947
FindTargetPageId rootid 3 tid 105945
target_page_id id: 4 tid 105945
0 1 tid 105945
155 4 tid 105945
365 2 tid 105945
150 tid 105945
Insert  tid 105945
FindTargetPageId rootid 3 tid 105945
target_page_id id: 4 tid 105945
0 1 tid 105945
155 4 tid 105945
365 2 tid 105945
151 tid 105945
Insert  tid 105945
FindTargetPageId rootid 3 tid 105945
target_page_id id: 4 tid 105945
0 1 tid 105945
155 4 tid 105945
365 2 tid 105945
152 tid 105945
Insert  tid 105945
FindTargetPageId rootid 3 tid 105947
target_page_id id: 4 tid 105947
0 1 tid 105947
155 4 tid 105947
365 2 tid 105947
153 tid 105947
Insert  tid 105947
FindTargetPageId rootid 3 tid 105947
target_page_id id: 4 tid 105947
0 1 tid 105947
155 4 tid 105947
365 2 tid 105947
153 tid 105947
Insert  tid 105947
FindTargetPageId rootid 3 tid 105946
target_page_id id: 2 tid 105946
0 1 tid 105946
155 4 tid 105946
365 2 tid 105946
128 tid 105946
Remove  tid 105946
FindTargetPageId rootid 3 tid 105946
target_page_id id: 2 tid 105946
0 1 tid 105946
155 4 tid 105946
365 2 tid 105946
128 tid 105946
Remove  tid 105946
FindTargetPageId rootid 3 tid 105946
target_page_id id: 2 tid 105946
0 1 tid 105946
155 4 tid 105946
365 2 tid 105946
128 tid 105946
Remove  tid 105946
FindTargetPageId rootid 3 tid 105946
target_page_id id: 2 tid 105946
0 1 tid 105946
155 4 tid 105946
365 2 tid 105946
128 tid 105946
Remove  tid 105946
FindTargetPageId rootid 3 tid 105947
target_page_id id: 4 tid 105947
0 1 tid 105947
155 4 tid 105947
365 2 tid 105947
153 tid 105947
Insert  tid 105947
FindTargetPageId rootid 3 tid 105947
target_page_id id: 4 tid 105947
0 1 tid 105947
155 4 tid 105947
365 2 tid 105947
153 tid 105947
Insert  tid 105947
FindTargetPageId rootid 3 tid 105947
target_page_id id: 4 tid 105947
0 1 tid 105947
155 4 tid 105947
365 2 tid 105947
153 tid 105947
Insert  tid 105947
FindTargetPageId rootid 3 tid 105947
target_page_id id: 4 tid 105947
0 1 tid 105947
155 4 tid 105947
365 2 tid 105947
153 tid 105947
Insert  tid 105947
FindTargetPageId rootid 3 tid 105945
target_page_id id: 4 tid 105945
0 1 tid 105945
155 4 tid 105945
365 2 tid 105945
153 tid 105945
Insert  tid 105945
FindTargetPageId rootid 3 tid 105946
target_page_id id: 2 tid 105946
0 1 tid 105946
155 4 tid 105946
365 2 tid 105946
128 tid 105946
Remove  tid 105946
FindTargetPageId rootid 3 tid 105946
target_page_id id: 2 tid 105946
0 1 tid 105946
155 4 tid 105946
365 2 tid 105946
128 tid 105946
Remove  tid 105946
FindTargetPageId rootid 3 tid 105946
target_page_id id: 2 tid 105946
0 1 tid 105946
155 4 tid 105946
365 2 tid 105946
128 tid 105946
Remove  tid 105946
FindTargetPageId rootid 3 tid 105946
target_page_id id: 2 tid 105946
0 1 tid 105946
155 4 tid 105946
365 2 tid 105946
128 tid 105946
Remove  tid 105946
FindTargetPageId rootid 3 tid 105946
target_page_id id: 2 tid 105946
0 1 tid 105946
155 4 tid 105946
365 2 tid 105946
128 tid 105946
Remove  tid 105946
FindTargetPageId rootid 3 tid 105946
target_page_id id: 2 tid 105946
0 1 tid 105946
155 4 tid 105946
365 2 tid 105946
128 tid 105946
Remove  tid 105946
FindTargetPageId rootid 3 tid 105946
target_page_id id: 2 tid 105946
0 1 tid 105946
155 4 tid 105946
365 2 tid 105946
128 tid 105946
Remove  tid 105946
FindTargetPageId rootid 3 tid 105946
target_page_id id: 2 tid 105946
0 1 tid 105946
155 4 tid 105946
365 2 tid 105946
128 tid 105946
Remove  tid 105946
FindTargetPageId rootid 3 tid 105946
target_page_id id: 2 tid 105946
0 1 tid 105946
155 4 tid 105946
365 2 tid 105946
128 tid 105946
Remove  tid 105946
FindTargetPageId rootid 3 tid 105946
target_page_id id: 2 tid 105946
0 1 tid 105946
155 4 tid 105946
365 2 tid 105946
128 tid 105946
Remove  tid 105946
FindTargetPageId rootid 3 tid 105946
target_page_id id: 2 tid 105946
0 1 tid 105946
155 4 tid 105946
365 2 tid 105946
128 tid 105946
Remove  tid 105946
FindTargetPageId rootid 3 tid 105946
target_page_id id: 2 tid 105946
0 1 tid 105946
155 4 tid 105946
365 2 tid 105946
128 tid 105946
Remove  tid 105946
FindTargetPageId rootid 3 tid 105946
target_page_id id: 2 tid 105946
0 1 tid 105946
155 4 tid 105946
365 2 tid 105946
128 tid 105946
Remove  tid 105946
FindTargetPageId rootid 3 tid 105946
target_page_id id: 2 tid 105946
0 1 tid 105946
155 4 tid 105946
365 2 tid 105946
128 tid 105946
Remove  tid 105946
FindTargetPageId rootid 3 tid 105946
target_page_id id: 2 tid 105946
0 1 tid 105946
155 4 tid 105946
365 2 tid 105946
128 tid 105946
Remove  tid 105946
FindTargetPageId rootid 3 tid 105946
target_page_id id: 2 tid 105946
0 1 tid 105946
155 4 tid 105946
365 2 tid 105946
128 tid 105946
Remove  tid 105946
FindTargetPageId rootid 3 tid 105946
target_page_id id: 2 tid 105946
0 1 tid 105946
155 4 tid 105946
365 2 tid 105946
128 tid 105946
Remove  tid 105946
FindTargetPageId rootid 3 tid 105946
target_page_id id: 2 tid 105946
0 1 tid 105946
155 4 tid 105946
365 2 tid 105946
128 tid 105946
Remove  tid 105946
FindTargetPageId rootid 3 tid 105946
target_page_id id: 2 tid 105946
0 1 tid 105946
155 4 tid 105946
365 2 tid 105946
128 tid 105946
Remove  tid 105946
FindTargetPageId rootid 3 tid 105946
target_page_id id: 2 tid 105946
0 1 tid 105946
155 4 tid 105946
365 2 tid 105946
128 tid 105946
Remove  tid 105946
FindTargetPageId rootid 3 tid 105946
target_page_id id: 2 tid 105946
0 1 tid 105946
155 4 tid 105946
365 2 tid 105946
128 tid 105946
Remove  tid 105946
FindTargetPageId rootid 3 tid 105946
target_page_id id: 2 tid 105946
0 1 tid 105946
155 4 tid 105946
365 2 tid 105946
128 tid 105946
Remove  tid 105946
FindTargetPageId rootid 3 tid 105946
target_page_id id: 2 tid 105946
0 1 tid 105946
155 4 tid 105946
365 2 tid 105946
128 tid 105946
Remove  tid 105946
FindTargetPageId rootid 3 tid 105946
target_page_id id: 2 tid 105946
0 1 tid 105946
155 4 tid 105946
365 2 tid 105946
128 tid 105946
Remove  tid 105946
FindTargetPageId rootid 3 tid 105946
target_page_id id: 2 tid 105946
0 1 tid 105946
155 4 tid 105946
365 2 tid 105946
128 tid 105946
Remove  tid 105946
FindTargetPageId rootid 3 tid 105946
target_page_id id: 2 tid 105946
0 1 tid 105946
155 4 tid 105946
365 2 tid 105946
128 tid 105946
Remove  tid 105946
FindTargetPageId rootid 3 tid 105946
target_page_id id: 2 tid 105946
0 1 tid 105946
155 4 tid 105946
365 2 tid 105946
128 tid 105946
Remove  tid 105946
FindTargetPageId rootid 3 tid 105946
target_page_id id: 2 tid 105946
0 1 tid 105946
155 4 tid 105946
365 2 tid 105946
128 tid 105946
Remove  tid 105946
FindTargetPageId rootid 3 tid 105946
target_page_id id: 2 tid 105946
0 1 tid 105946
155 4 tid 105946
365 2 tid 105946
128 tid 105946
Remove  tid 105946
FindTargetPageId rootid 3 tid 105946
target_page_id id: 2 tid 105946
0 1 tid 105946
155 4 tid 105946
365 2 tid 105946
128 tid 105946
Remove  tid 105946
FindTargetPageId rootid 3 tid 105946
target_page_id id: 2 tid 105946
0 1 tid 105946
155 4 tid 105946
365 2 tid 105946
128 tid 105946
Remove  tid 105946
FindTargetPageId rootid 3 tid 105946
target_page_id id: 2 tid 105946
0 1 tid 105946
155 4 tid 105946
365 2 tid 105946
128 tid 105946
Remove  tid 105946
FindTargetPageId rootid 3 tid 105946
target_page_id id: 2 tid 105946
0 1 tid 105946
155 4 tid 105946
365 2 tid 105946
128 tid 105946
Remove  tid 105946
FindTargetPageId rootid 3 tid 105946
target_page_id id: 2 tid 105946
0 1 tid 105946
155 4 tid 105946
365 2 tid 105946
128 tid 105946
Remove  tid 105946
FindTargetPageId rootid 3 tid 105946
target_page_id id: 2 tid 105946
0 1 tid 105946
155 4 tid 105946
365 2 tid 105946
128 tid 105946
Remove  tid 105946
FindTargetPageId rootid 3 tid 105946
target_page_id id: 2 tid 105946
0 1 tid 105946
155 4 tid 105946
365 2 tid 105946
128 tid 105946
Remove  tid 105946
FindTargetPageId rootid 3 tid 105946
target_page_id id: 2 tid 105946
0 1 tid 105946
155 4 tid 105946
365 2 tid 105946
128 tid 105946
Remove  tid 105946
FindTargetPageId rootid 3 tid 105946
target_page_id id: 2 tid 105946
0 1 tid 105946
155 4 tid 105946
365 2 tid 105946
128 tid 105946
Remove  tid 105946
FindTargetPageId rootid 3 tid 105946
target_page_id id: 2 tid 105946
0 1 tid 105946
155 4 tid 105946
365 2 tid 105946
128 tid 105946
Remove  tid 105946
FindTargetPageId rootid 3 tid 105946
target_page_id id: 2 tid 105946
0 1 tid 105946
155 4 tid 105946
365 2 tid 105946
128 tid 105946
Remove  tid 105946
FindTargetPageId rootid 3 tid 105946
target_page_id id: 2 tid 105946
0 1 tid 105946
155 4 tid 105946
365 2 tid 105946
128 tid 105946
Remove  tid 105946
FindTargetPageId rootid 3 tid 105946
target_page_id id: 2 tid 105946
0 1 tid 105946
155 4 tid 105946
365 2 tid 105946
128 tid 105946
Remove  tid 105946
FindTargetPageId rootid 3 tid 105946
target_page_id id: 2 tid 105946
0 1 tid 105946
155 4 tid 105946
365 2 tid 105946
128 tid 105946
Remove  tid 105946
FindTargetPageId rootid 3 tid 105946
target_page_id id: 2 tid 105946
0 1 tid 105946
155 4 tid 105946
365 2 tid 105946
128 tid 105946
Remove  tid 105946
FindTargetPageId rootid 3 tid 105946
target_page_id id: 2 tid 105946
0 1 tid 105946
155 4 tid 105946
365 2 tid 105946
128 tid 105946
Remove  tid 105946
FindTargetPageId rootid 3 tid 105946
target_page_id id: 2 tid 105946
0 1 tid 105946
155 4 tid 105946
365 2 tid 105946
128 tid 105946
Remove  tid 105946
FindTargetPageId rootid 3 tid 105946
target_page_id id: 2 tid 105946
0 1 tid 105946
155 4 tid 105946
365 2 tid 105946
128 tid 105946
Remove  tid 105946
FindTargetPageId rootid 3 tid 105946
target_page_id id: 2 tid 105946
0 1 tid 105946
155 4 tid 105946
365 2 tid 105946
128 tid 105946
Remove  tid 105946
FindTargetPageId rootid 3 tid 105946
target_page_id id: 2 tid 105946
0 1 tid 105946
155 4 tid 105946
365 2 tid 105946
128 tid 105946
Remove  tid 105946
FindTargetPageId rootid 3 tid 105946
target_page_id id: 2 tid 105946
0 1 tid 105946
155 4 tid 105946
365 2 tid 105946
128 tid 105946
Remove  tid 105946
FindTargetPageId rootid 3 tid 105946
target_page_id id: 2 tid 105946
0 1 tid 105946
155 4 tid 105946
365 2 tid 105946
128 tid 105946
Remove  tid 105946
FindTargetPageId rootid 3 tid 105946
target_page_id id: 2 tid 105946
0 1 tid 105946
155 4 tid 105946
365 2 tid 105946
128 tid 105946
Remove  tid 105946
FindTargetPageId rootid 3 tid 105946
target_page_id id: 2 tid 105946
0 1 tid 105946
155 4 tid 105946
365 2 tid 105946
128 tid 105946
Remove  tid 105946
FindTargetPageId rootid 3 tid 105946
target_page_id id: 2 tid 105946
0 1 tid 105946
155 4 tid 105946
365 2 tid 105946
128 tid 105946
Remove  tid 105946
FindTargetPageId rootid 3 tid 105946
target_page_id id: 2 tid 105946
0 1 tid 105946
155 4 tid 105946
365 2 tid 105946
128 tid 105946
Remove  tid 105946
FindTargetPageId rootid 3 tid 105946
target_page_id id: 2 tid 105946
0 1 tid 105946
155 4 tid 105946
365 2 tid 105946
128 tid 105946
Remove  tid 105946
FindTargetPageId rootid 3 tid 105946
target_page_id id: 2 tid 105946
0 1 tid 105946
155 4 tid 105946
365 2 tid 105946
128 tid 105946
Remove  tid 105946
FindTargetPageId rootid 3 tid 105946
target_page_id id: 2 tid 105946
0 1 tid 105946
155 4 tid 105946
365 2 tid 105946
128 tid 105946
Remove  tid 105946
FindTargetPageId rootid 3 tid 105946
target_page_id id: 2 tid 105946
0 1 tid 105946
155 4 tid 105946
365 2 tid 105946
128 tid 105946
Remove  tid 105946
FindTargetPageId rootid 3 tid 105946
target_page_id id: 2 tid 105946
0 1 tid 105946
155 4 tid 105946
365 2 tid 105946
128 tid 105946
Remove  tid 105946
FindTargetPageId rootid 3 tid 105945
target_page_id id: 4 tid 105945
0 1 tid 105945
155 4 tid 105945
365 2 tid 105945
154 tid 105945
Insert  tid 105945
FindTargetPageId rootid 3 tid 105945
target_page_id id: 4 tid 105945
0 1 tid 105945
155 4 tid 105945
365 2 tid 105945
155 tid 105945
Insert  tid 105945
FindTargetPageId rootid 3 tid 105945
target_page_id id: 4 tid 105945
0 1 tid 105945
155 4 tid 105945
365 2 tid 105945
156 tid 105945
Insert  tid 105945
FindTargetPageId rootid 3 tid 105945
target_page_id id: 4 tid 105945
0 1 tid 105945
155 4 tid 105945
365 2 tid 105945
157 tid 105945
FindTargetPageId rootid 3 tid 105947
target_page_id id: 4 tid 105947
0 1 tid 105947
Insert 155 4 tid 105947
365 2 tid 105947
 tid 105945
158 tid 105947
Insert  tid 105947
FindTargetPageId rootid 3 tid 105946
target_page_id id: 2 tid 105946
0 1 tid 105946
155 4 tid 105946
365 2 tid 105946
128 tid 105946
Remove  tid 105946
FindTargetPageId rootid 3 tid 105946
target_page_id id: 2 tid 105946
0 1 tid 105946
155 4 tid 105946
365 2 tid 105946
128 tid 105946
Remove  tid 105946
FindTargetPageId rootid 3 tid 105946
target_page_id id: 2 tid 105946
0 1 tid 105946
155 4 tid 105946
365 2 tid 105946
128 tid 105946
Remove  tid 105946
FindTargetPageId rootid 3 tid 105946
target_page_id id: 2 tid 105946
0 1 tid 105946
155 4 tid 105946
365 2 tid 105946
128 tid 105946
Remove  tid 105946
FindTargetPageId rootid 3 tid 105947
target_page_id id: 4 tid 105947
0 1 tid 105947
155 4 tid 105947
365 2 tid 105947
158 tid 105947
Insert  tid 105947
FindTargetPageId rootid 3 tid 105947
target_page_id id: 4 tid 105947
0 1 tid 105947
155 4 tid 105947
365 2 tid 105947
158 tid 105947
Insert  tid 105947
FindTargetPageId rootid 3 tid 105947
target_page_id id: 4 tid 105947
0 1 tid 105947
155 4 tid 105947
365 2 tid 105947
158 tid 105947
Insert  tid 105947
FindTargetPageId rootid 3 tid 105947
target_page_id id: 4 tid 105947
0 1 tid 105947
155 4 tid 105947
365 2 tid 105947
158 tid 105947
Insert  tid 105947
FindTargetPageId rootid 3 tid 105947
target_page_id id: 4 tid 105947
0 1 tid 105947
155 4 tid 105947
365 2 tid 105947
158 tid 105947
Insert  tid 105947
FindTargetPageId rootid 3 tid 105945
target_page_id id: 4 tid 105945
0 1 tid 105945
155 4 tid 105945
365 2 tid 105945
158 tid 105945
Insert  tid 105945
FindTargetPageId rootid 3 tid 105946
target_page_id id: 2 tid 105946
0 1 tid 105946
155 4 tid 105946
365 2 tid 105946
128 tid 105946
Remove  tid 105946
FindTargetPageId rootid 3 tid 105947
target_page_id id: 4 tid 105947
0 1 tid 105947
155 4 tid 105947
365 2 tid 105947
159 tid 105947
Insert  tid 105947
FindTargetPageId rootid 3 tid 105945
target_page_id id: 4 tid 105945
0 1 tid 105945
155 4 tid 105945
365 2 tid 105945
159 tid 105945
Insert  tid 105945
FindTargetPageId rootid 3 tid 105946
target_page_id id: 2 tid 105946
0 1 tid 105946
155 4 tid 105946
365 2 tid 105946
128 tid 105946
Remove  tid 105946
FindTargetPageId rootid 3 tid 105947
target_page_id id: 4 tid 105947
0 1 tid 105947
155 4 tid 105947
365 2 tid 105947
160 tid 105947
Insert  tid 105947
FindTargetPageId rootid 3 tid 105945
target_page_id id: 4 tid 105945
0 1 tid 105945
155 4 tid 105945
365 2 tid 105945
160 tid 105945
Insert  tid 105945
FindTargetPageId rootid 3 tid 105945
target_page_id id: 4 tid 105945
0 1 tid 105945
155 4 tid 105945
365 2 tid 105945
161 tid 105945
Insert  tid 105945
FindTargetPageId rootid 3 tid 105945
target_page_id id: 4 tid 105945
0 1 tid 105945
155 4 tid 105945
365 2 tid 105945
162 tid 105945
Insert  tid 105945
FindTargetPageId rootid 3 tid 105945
target_page_id id: 4 tid 105945
0 1 tid 105945
155 4 tid 105945
365 2 tid 105945
163 tid 105945
Insert  tid 105945
FindTargetPageId rootid 3 tid 105945
target_page_id id: 4 tid 105945
0 1 tid 105945
155 4 tid 105945
365 2 tid 105945
164 tid 105945
Insert  tid 105945
FindTargetPageId rootid 3 tid 105945
target_page_id id: 4 tid 105945
0 1 tid 105945
155 4 tid 105945
365 2 tid 105945
165 tid 105945
Insert  tid 105945
FindTargetPageId rootid 3 tid 105945
target_page_id id: 4 tid 105945
0 1 tid 105945
155 4 tid 105945
365 2 tid 105945
166 tid 105945
Insert  tid 105945
FindTargetPageId rootid 3 tid 105945
target_page_id id: 4 tid 105945
0 1 tid 105945
155 4 tid 105945
365 2 tid 105945
167 tid 105945
Insert  tid 105945
FindTargetPageId rootid 3 tid 105945
target_page_id id: 4 tid 105945
0 1 tid 105945
155 4 tid 105945
365 2 tid 105945
168 tid 105945
Insert  tid 105945
FindTargetPageId rootid 3 tid 105945
target_page_id id: 4 tid 105945
0 1 tid 105945
155 4 tid 105945
365 2 tid 105945
169 tid 105945
Insert  tid 105945
FindTargetPageId rootid 3 tid 105945
target_page_id id: 4 tid 105945
0 1 tid 105945
155 4 tid 105945
365 2 tid 105945
170 tid 105945
Insert  tid 105945
FindTargetPageId rootid 3 tid 105945
target_page_id id: 4 tid 105945
0 1 tid 105945
155 4 tid 105945
365 2 tid 105945
171 tid 105945
Insert  tid 105945
FindTargetPageId rootid 3 tid 105945
target_page_id id: 4 tid 105945
0 1 tid 105945
155 4 tid 105945
365 2 tid 105945
172 tid 105945
Insert  tid 105945
FindTargetPageId rootid 3 tid 105945
target_page_id id: 4 tid 105945
0 1 tid 105945
155 4 tid 105945
365 2 tid 105945
173 tid 105945
Insert  tid 105945
FindTargetPageId rootid 3 tid 105945
target_page_id id: 4 tid 105945
0 1 tid 105945
155 4 tid 105945
365 2 tid 105945
174 tid 105945
Insert  tid 105945
FindTargetPageId rootid 3 tid 105945
target_page_id id: 4 tid 105945
0 1 tid 105945
155 4 tid 105945
365 2 tid 105945
175 tid 105945
Insert  tid 105945
FindTargetPageId rootid 3 tid 105945
target_page_id id: 4 tid 105945
0 1 tid 105945
155 4 tid 105945
365 2 tid 105945
176 tid 105945
Insert  tid 105945
FindTargetPageId rootid 3 tid 105945
target_page_id id: 4 tid 105945
0 1 tid 105945
155 4 tid 105945
365 2 tid 105945
177 tid 105945
Insert  tid 105945
FindTargetPageId rootid 3 tid 105946
target_page_id id: 2 tid 105946
0 1 tid 105946
155 4 tid 105946
365 2 tid 105946
128 tid 105946
Remove  tid 105946
FindTargetPageId rootid 3 tid 105947
target_page_id id: 4 tid 105947
0 1 tid 105947
155 4 tid 105947
365 2 tid 105947
178 tid 105947
Insert  tid 105947
FindTargetPageId rootid 3 tid 105945
target_page_id id: 4 tid 105945
0 1 tid 105945
155 4 tid 105945
365 2 tid 105945
178 tid 105945
Insert  tid 105945
FindTargetPageId rootid 3 tid 105946
target_page_id id: 2 tid 105946
0 1 tid 105946
155 4 tid 105946
365 2 tid 105946
128 tid 105946
Remove  tid 105946
FindTargetPageId rootid 3 tid 105946
target_page_id id: 2 tid 105946
0 1 tid 105946
155 4 tid 105946
365 2 tid 105946
128 tid 105946
Remove  tid 105946
FindTargetPageId rootid 3 tid 105946
target_page_id id: 2 tid 105946
0 1 tid 105946
155 4 tid 105946
365 2 tid 105946
128 tid 105946
Remove  tid 105946
FindTargetPageId rootid 3 tid 105945
target_page_id id: 4 tid 105945
0 1 tid 105945
155 4 tid 105945
365 2 tid 105945
179 tid 105945
Insert  tid 105945
FindTargetPageId rootid 3 tid 105947
target_page_id id: 4 tid 105947
0 1 tid 105947
155 4 tid 105947
365 2 tid 105947
180 tid 105947
Insert  tid 105947
FindTargetPageId rootid 3 tid 105946
target_page_id id: 2 tid 105946
0 1 tid 105946
155 4 tid 105946
365 2 tid 105946
128 tid 105946
Remove  tid 105946
FindTargetPageId rootid 3 tid 105946
target_page_id id: 2 tid 105946
0 1 tid 105946
155 4 tid 105946
365 2 tid 105946
128 tid 105946
Remove  tid 105946
FindTargetPageId rootid 3 tid 105947
target_page_id id: 4 tid 105947
0 1 tid 105947
155 4 tid 105947
365 2 tid 105947
180 tid 105947
Insert  tid 105947
FindTargetPageId rootid 3 tid 105947
target_page_id id: 4 tid 105947
0 1 tid 105947
155 4 tid 105947
365 2 tid 105947
180 tid 105947
Insert  tid 105947
FindTargetPageId rootid 3 tid 105946
target_page_id id: 2 tid 105946
0 1 tid 105946
155 4 tid 105946
365 2 tid 105946
128 tid 105946
Remove  tid 105946
FindTargetPageId rootid 3 tid 105946
target_page_id id: 2 tid 105946
0 1 tid 105946
155 4 tid 105946
365 2 tid 105946
128 tid 105946
Remove  tid 105946
FindTargetPageId rootid 3 tid 105946
target_page_id id: 2 tid 105946
0 1 tid 105946
155 4 tid 105946
365 2 tid 105946
128 tid 105946
Remove  tid 105946
FindTargetPageId rootid 3 tid 105947
target_page_id id: 4 tid 105947
0 1 tid 105947
155 4 tid 105947
365 2 tid 105947
180 tid 105947
Insert  tid 105947
FindTargetPageId rootid 3 tid 105945
target_page_id id: 4 tid 105945
0 1 tid 105945
155 4 tid 105945
365 2 tid 105945
180 tid 105945
Insert  tid 105945
FindTargetPageId rootid 3 tid 105946
target_page_id id: 2 tid 105946
0 1 tid 105946
155 4 tid 105946
365 2 tid 105946
128 tid 105946
Remove  tid 105946
FindTargetPageId rootid 3 tid 105947
target_page_id id: 4 tid 105947
0 1 tid 105947
155 4 tid 105947
365 2 tid 105947
181 tid 105947
Insert  tid 105947
FindTargetPageId rootid 3 tid 105945
target_page_id id: 4 tid 105945
0 1 tid 105945
155 4 tid 105945
365 2 tid 105945
181 tid 105945
Insert  tid 105945
FindTargetPageId rootid 3 tid 105946
target_page_id id: 2 tid 105946
0 1 tid 105946
155 4 tid 105946
365 2 tid 105946
128 tid 105946
Remove  tid 105946
FindTargetPageId rootid 3 tid 105947
target_page_id id: 4 tid 105947
0 1 tid 105947
155 4 tid 105947
365 2 tid 105947
182 tid 105947
Insert  tid 105947
FindTargetPageId rootid 3 tid 105947
target_page_id id: 4 tid 105947
0 1 tid 105947
155 4 tid 105947
365 2 tid 105947
182 tid 105947
Insert  tid 105947
FindTargetPageId rootid 3 tid 105947
target_page_id id: 4 tid 105947
0 1 tid 105947
155 4 tid 105947
365 2 tid 105947
182 tid 105947
Insert  tid 105947
FindTargetPageId rootid 3 tid 105947
target_page_id id: 4 tid 105947
0 1 tid 105947
155 4 tid 105947
365 2 tid 105947
182 tid 105947
Insert  tid 105947
FindTargetPageId rootid 3 tid 105947
target_page_id id: 4 tid 105947
0 1 tid 105947
155 4 tid 105947
365 2 tid 105947
182 tid 105947
Insert  tid 105947
FindTargetPageId rootid 3 tid 105947
target_page_id id: 4 tid 105947
0 1 tid 105947
155 4 tid 105947
365 2 tid 105947
182 tid 105947
Insert  tid 105947
FindTargetPageId rootid 3 tid 105947
target_page_id id: 4 tid 105947
0 1 tid 105947
155 4 tid 105947
365 2 tid 105947
182 tid 105947
Insert  tid 105947
FindTargetPageId rootid 3 tid 105945
target_page_id id: 4 tid 105945
0 1 tid 105945
155 4 tid 105945
365 2 tid 105945
182 tid 105945
Insert  tid 105945
FindTargetPageId rootid 3 tid 105945
target_page_id id: 4 tid 105945
0 1 tid 105945
155 4 tid 105945
365 2 tid 105945
183 tid 105945
Insert  tid 105945
FindTargetPageId rootid 3 tid 105945
target_page_id id: 4 tid 105945
0 1 tid 105945
155 4 tid 105945
365 2 tid 105945
184 tid 105945
Insert  tid 105945
FindTargetPageId rootid 3 tid 105945
target_page_id id: 4 tid 105945
0 1 tid 105945
155 4 tid 105945
365 2 tid 105945
185 tid 105945
Insert  tid 105945
FindTargetPageId rootid 3 tid 105945
target_page_id id: 4 tid 105945
0 1 tid 105945
155 4 tid 105945
365 2 tid 105945
186 tid 105945
Insert  tid 105945
FindTargetPageId rootid 3 tid 105945
target_page_id id: 4 tid 105945
0 1 tid 105945
155 4 tid 105945
365 2 tid 105945
187 tid 105945
Insert  tid 105945
FindTargetPageId rootid 3 tid 105945
target_page_id id: 4 tid 105945
0 1 tid 105945
155 4 tid 105945
365 2 tid 105945
188 tid 105945
Insert  tid 105945
FindTargetPageId rootid 3 tid 105945
target_page_id id: 4 tid 105945
0 1 tid 105945
155 4 tid 105945
365 2 tid 105945
189 tid 105945
Insert  tid 105945
FindTargetPageId rootid 3 tid 105945
target_page_id id: 4 tid 105945
0 1 tid 105945
155 4 tid 105945
365 2 tid 105945
190 tid 105945
Insert  tid 105945
FindTargetPageId rootid 3 tid 105947
target_page_id id: 4 tid 105947
0 1 tid 105947
155 4 tid 105947
365 2 tid 105947
191 tid 105947
Insert  tid 105947
FindTargetPageId rootid 3 tid 105947
target_page_id id: 4 tid 105947
0 1 tid 105947
155 4 tid 105947
365 2 tid 105947
191 tid 105947
Insert  tid 105947
FindTargetPageId rootid 3 tid 105947
target_page_id id: 4 tid 105947
0 1 tid 105947
155 4 tid 105947
365 2 tid 105947
191 tid 105947
Insert  tid 105947
FindTargetPageId rootid 3 tid 105947
target_page_id id: 4 tid 105947
0 1 tid 105947
155 4 tid 105947
365 2 tid 105947
191 tid 105947
Insert  tid 105947
FindTargetPageId rootid 3 tid 105947
target_page_id id: 4 tid 105947
0 1 tid 105947
155 4 tid 105947
365 2 tid 105947
191 tid 105947
Insert  tid 105947
FindTargetPageId rootid 3 tid 105947
target_page_id id: 4 tid 105947
0 1 tid 105947
155 4 tid 105947
365 2 tid 105947
191 tid 105947
Insert  tid 105947
FindTargetPageId rootid 3 tid 105947
target_page_id id: 4 tid 105947
0 1 tid 105947
155 4 tid 105947
365 2 tid 105947
191 tid 105947
Insert  tid 105947
FindTargetPageId rootid 3 tid 105947
target_page_id id: 4 tid 105947
0 1 tid 105947
155 4 tid 105947
365 2 tid 105947
191 tid 105947
Insert  tid 105947
FindTargetPageId rootid 3 tid 105945
target_page_id id: 4 tid 105945
0 1 tid 105945
155 4 tid 105945
365 2 tid 105945
191 tid 105945
Insert  tid 105945
FindTargetPageId rootid 3 tid 105946
target_page_id id: 2 tid 105946
0 1 tid 105946
155 4 tid 105946
365 2 tid 105946
128 tid 105946
Remove  tid 105946
FindTargetPageId rootid 3 tid 105947
target_page_id id: 4 tid 105947
0 1 tid 105947
155 4 tid 105947
365 2 tid 105947
192 tid 105947
Insert  tid 105947
FindTargetPageId rootid 3 tid 105945
target_page_id id: 4 tid 105945
0 1 tid 105945
155 4 tid 105945
365 2 tid 105945
192 tid 105945
Insert  tid 105945
FindTargetPageId rootid 3 tid 105946
target_page_id id: 2 tid 105946
0 1 tid 105946
155 4 tid 105946
365 2 tid 105946
128 tid 105946
Remove  tid 105946
FindTargetPageId rootid 3 tid 105947
target_page_id id: 4 tid 105947
0 1 tid 105947
155 4 tid 105947
365 2 tid 105947
193 tid 105947
Insert  tid 105947
FindTargetPageId rootid 3 tid 105947
target_page_id id: 4 tid 105947
0 1 tid 105947
155 4 tid 105947
365 2 tid 105947
193 tid 105947
Insert  tid 105947
FindTargetPageId rootid 3 tid 105946
target_page_id id: 2 tid 105946
0 1 tid 105946
155 4 tid 105946
365 2 tid 105946
128 tid 105946
Remove  tid 105946
FindTargetPageId rootid 3 tid 105945
target_page_id id: 4 tid 105945
0 1 tid 105945
155 4 tid 105945
365 2 tid 105945
193 tid 105945
Insert  tid 105945
FindTargetPageId rootid 3 tid 105945
target_page_id id: 4 tid 105945
0 1 tid 105945
155 4 tid 105945
365 2 tid 105945
194 tid 105945
Insert  tid 105945
FindTargetPageId rootid 3 tid 105946
target_page_id id: 2 tid 105946
0 1 tid 105946
155 4 tid 105946
365 2 tid 105946
128 tid 105946
Remove  tid 105946
FindTargetPageId rootid 3 tid 105947
target_page_id id: 4 tid 105947
0 1 tid 105947
155 4 tid 105947
365 2 tid 105947
195 tid 105947
Insert  tid 105947
FindTargetPageId rootid 3 tid 105945
target_page_id id: 4 tid 105945
0 1 tid 105945
155 4 tid 105945
365 2 tid 105945
195 tid 105945
Insert  tid 105945
FindTargetPageId rootid 3 tid 105946
target_page_id id: 2 tid 105946
0 1 tid 105946
155 4 tid 105946
365 2 tid 105946
128 tid 105946
Remove  tid 105946
FindTargetPageId rootid 3 tid 105947
target_page_id id: 4 tid 105947
0 1 tid 105947
155 4 tid 105947
365 2 tid 105947
196 tid 105947
Insert  tid 105947
FindTargetPageId rootid 3 tid 105947
target_page_id id: 4 tid 105947
0 1 tid 105947
155 4 tid 105947
365 2 tid 105947
196 tid 105947
Insert  tid 105947
FindTargetPageId rootid 3 tid 105947
target_page_id id: 4 tid 105947
0 1 tid 105947
155 4 tid 105947
365 2 tid 105947
196 tid 105947
Insert  tid 105947
FindTargetPageId rootid 3 tid 105947
target_page_id id: 4 tid 105947
0 1 tid 105947
155 4 tid 105947
365 2 tid 105947
196 tid 105947
Insert  tid 105947
FindTargetPageId rootid 3 tid 105947
target_page_id id: 4 tid 105947
0 1 tid 105947
155 4 tid 105947
365 2 tid 105947
196 tid 105947
Insert  tid 105947
FindTargetPageId rootid 3 tid 105947
target_page_id id: 4 tid 105947
0 1 tid 105947
155 4 tid 105947
365 2 tid 105947
196 tid 105947
Insert  tid 105947
FindTargetPageId rootid 3 tid 105947
target_page_id id: 4 tid 105947
0 1 tid 105947
155 4 tid 105947
365 2 tid 105947
196 tid 105947
Insert  tid 105947
FindTargetPageId rootid 3 tid 105947
target_page_id id: 4 tid 105947
0 1 tid 105947
155 4 tid 105947
365 2 tid 105947
196 tid 105947
Insert  tid 105947
FindTargetPageId rootid 3 tid 105947
target_page_id id: 4 tid 105947
0 1 tid 105947
155 4 tid 105947
365 2 tid 105947
196 tid 105947
Insert  tid 105947
FindTargetPageId rootid 3 tid 105947
target_page_id id: 4 tid 105947
0 1 tid 105947
155 4 tid 105947
365 2 tid 105947
196 tid 105947
Insert  tid 105947
FindTargetPageId rootid 3 tid 105947
target_page_id id: 4 tid 105947
0 1 tid 105947
155 4 tid 105947
365 2 tid 105947
196 tid 105947
Insert  tid 105947
FindTargetPageId rootid 3 tid 105947
target_page_id id: 4 tid 105947
0 1 tid 105947
155 4 tid 105947
365 2 tid 105947
196 tid 105947
Insert  tid 105947
FindTargetPageId rootid 3 tid 105947
target_page_id id: 4 tid 105947
0 1 tid 105947
155 4 tid 105947
365 2 tid 105947
196 tid 105947
Insert  tid 105947
FindTargetPageId rootid 3 tid 105947
target_page_id id: 4 tid 105947
0 1 tid 105947
155 4 tid 105947
365 2 tid 105947
197 tid 105947
Insert  tid 105947
FindTargetPageId rootid 3 tid 105947
target_page_id id: 4 tid 105947
0 1 tid 105947
155 4 tid 105947
365 2 tid 105947
198 tid 105947
Insert  tid 105947
FindTargetPageId rootid 3 tid 105947
target_page_id id: 4 tid 105947
0 1 tid 105947
155 4 tid 105947
365 2 tid 105947
199 tid 105947
Insert  tid 105947
FindTargetPageId rootid 3 tid 105947
target_page_id id: 4 tid 105947
0 1 tid 105947
155 4 tid 105947
365 2 tid 105947
200 tid 105947
Insert  tid 105947
FindTargetPageId rootid 3 tid 105947
target_page_id id: 4 tid 105947
0 1 tid 105947
155 4 tid 105947
365 2 tid 105947
201 tid 105947
Insert  tid 105947
FindTargetPageId rootid 3 tid 105947
target_page_id id: 4 tid 105947
0 1 tid 105947
155 4 tid 105947
365 2 tid 105947
202 tid 105947
Insert  tid 105947
FindTargetPageId rootid 3 tid 105947
target_page_id id: 4 tid 105947
0 1 tid 105947
155 4 tid 105947
365 2 tid 105947
203 tid 105947
Insert  tid 105947
FindTargetPageId rootid 3 tid 105947
target_page_id id: 4 tid 105947
0 1 tid 105947
155 4 tid 105947
365 2 tid 105947
204 tid 105947
Insert  tid 105947
FindTargetPageId rootid 3 tid 105947
target_page_id id: 4 tid 105947
0 1 tid 105947
155 4 tid 105947
365 2 tid 105947
205 tid 105947
Insert  tid 105947
FindTargetPageId rootid 3 tid 105947
target_page_id id: 4 tid 105947
0 1 tid 105947
155 4 tid 105947
365 2 tid 105947
206 tid 105947
Insert  tid 105947
FindTargetPageId rootid 3 tid 105947
target_page_id id: 4 tid 105947
0 1 tid 105947
155 4 tid 105947
365 2 tid 105947
207 tid 105947
Insert  tid 105947
FindTargetPageId rootid 3 tid 105947
target_page_id id: 4 tid 105947
0 1 tid 105947
155 4 tid 105947
365 2 tid 105947
208 tid 105947
Insert  tid 105947
FindTargetPageId rootid 3 tid 105947
target_page_id id: 4 tid 105947
0 1 tid 105947
155 4 tid 105947
365 2 tid 105947
209 tid 105947
Insert  tid 105947
FindTargetPageId rootid 3 tid 105947
target_page_id id: 2 tid 105947
0 1 tid 105947
155 4 tid 105947
365 2 tid 105947
128 tid 105947
Insert  tid 105947
FindTargetPageId rootid 3 tid 105947
target_page_id id: 2 tid 105947
0 1 tid 105947
155 4 tid 105947
365 2 tid 105947
129 tid 105947
Insert  tid 105947
FindTargetPageId rootid 3 tid 105947
target_page_id id: 2 tid 105947
0 1 tid 105947
155 4 tid 105947
365 2 tid 105947
130 tid 105947
Insert  tid 105947
FindTargetPageId rootid 3 tid 105947
target_page_id id: 2 tid 105947
0 1 tid 105947
155 4 tid 105947
365 2 tid 105947
131 tid 105947
FindTargetPageId rootid 3 tid Insert  tid 105945105947

target_page_id id: 4 tid 105945
0 1 tid 105945
155 4 tid 105945
365 2 tid 105945
210 tid 105945
Insert  tid 105945
FindTargetPageId rootid 3 tid 105945
target_page_id id: 4 tid 105945
0 1 tid 105945
155 4 tid 105945
365 2 tid 105945
210 tid 105945
Insert  tid 105945
FindTargetPageId rootid 3 tid 105945
target_page_id id: 4 tid 105945
0 1 tid 105945
155 4 tid 105945
365 2 tid 105945
210 tid 105945
Insert  tid 105945
FindTargetPageId rootid 3 tid 105945
target_page_id id: 4 tid 105945
0 1 tid 105945
155 4 tid 105945
365 2 tid 105945
210 tid 105945
Insert  tid 105945
FindTargetPageId rootid 3 tid 105945
target_page_id id: 4 tid 105945
0 1 tid 105945
155 4 tid 105945
365 2 tid 105945
210 tid 105945
Insert  tid 105945
FindTargetPageId rootid 3 tid 105945
target_page_id id: 4 tid 105945
0 1 tid 105945
155 4 tid 105945
365 2 tid 105945
210 tid 105945
Insert  tid 105945
FindTargetPageId rootid 3 tid 105946
target_page_id id: 2 tid 105946
0 1 tid 105946
155 4 tid 105946
365 2 tid 105946
132 tid 105946
Remove  tid 105946
FindTargetPageId rootid 3 tid 105947
target_page_id id: 2 tid 105947
0 1 tid 105947
155 4 tid 105947
365 2 tid 105947
132 tid 105947
Insert  tid 105947
FindTargetPageId rootid 3 tid 105945
target_page_id id: 4 tid 105945
0 1 tid 105945
155 4 tid 105945
365 2 tid 105945
210 tid 105945
Insert  tid 105945
FindTargetPageId rootid 3 tid 105945
target_page_id id: 4 tid 105945
0 1 tid 105945
155 4 tid 105945
365 2 tid 105945
210 tid 105945
Insert  tid 105945
FindTargetPageId rootid 3 tid 105945
target_page_id id: 4 tid 105945
0 1 tid 105945
155 4 tid 105945
365 2 tid 105945
210 tid 105945
Insert  tid 105945
FindTargetPageId rootid 3 tid 105945
target_page_id id: 4 tid 105945
0 1 tid 105945
155 4 tid 105945
365 2 tid 105945
210 tid 105945
Insert  tid 105945
FindTargetPageId rootid 3 tid 105945
target_page_id id: 4 tid 105945
0 1 tid 105945
155 4 tid 105945
365 2 tid 105945
210 tid 105945
Insert  tid 105945
FindTargetPageId rootid 3 tid 105946
target_page_id id: 2 tid 105946
0 1 tid 105946
155 4 tid 105946
365 2 tid 105946
133 tid 105946
Remove  tid 105946
FindTargetPageId rootid 3 tid 105946
target_page_id id: 2 tid 105946
0 1 tid 105946
155 4 tid 105946
365 2 tid 105946
133 tid 105946
Remove  tid 105946
FindTargetPageId rootid 3 tid 105946
target_page_id id: 2 tid 105946
0 1 tid 105946
155 4 tid 105946
365 2 tid 105946
133 tid 105946
Remove  tid 105946
FindTargetPageId rootid 3 tid 105946
target_page_id id: 2 tid 105946
0 1 tid 105946
155 4 tid 105946
365 2 tid 105946
133 tid 105946
Remove  tid 105946
FindTargetPageId rootid 3 tid 105946
target_page_id id: 2 tid 105946
0 1 tid 105946
155 4 tid 105946
365 2 tid 105946
133 tid 105946
Remove  tid 105946
FindTargetPageId rootid 3 tid 105946
target_page_id id: 2 tid 105946
0 1 tid 105946
155 4 tid 105946
365 2 tid 105946
133 tid 105946
Remove  tid 105946
FindTargetPageId rootid 3 tid 105946
target_page_id id: 2 tid 105946
0 1 tid 105946
155 4 tid 105946
365 2 tid 105946
133 tid 105946
Remove  tid 105946
FindTargetPageId rootid 3 tid 105946
target_page_id id: 2 tid 105946
0 1 tid 105946
155 4 tid 105946
365 2 tid 105946
133 tid 105946
Remove  tid 105946
FindTargetPageId rootid 3 tid 105946
target_page_id id: 2 tid 105946
0 1 tid 105946
155 4 tid 105946
365 2 tid 105946
133 tid 105946
Remove  tid 105946
FindTargetPageId rootid 3 tid 105946
target_page_id id: 2 tid 105946
0 1 tid 105946
155 4 tid 105946
365 2 tid 105946
133 tid 105946
Remove  tid 105946
FindTargetPageId rootid 3 tid 105946
target_page_id id: 2 tid 105946
0 1 tid 105946
155 4 tid 105946
365 2 tid 105946
133 tid 105946
Remove  tid 105946
FindTargetPageId rootid 3 tid 105946
target_page_id id: 2 tid 105946
0 1 tid 105946
155 4 tid 105946
365 2 tid 105946
133 tid 105946
Remove  tid 105946
FindTargetPageId rootid 3 tid 105946
target_page_id id: 2 tid 105946
0 1 tid 105946
155 4 tid 105946
365 2 tid 105946
133 tid 105946
Remove  tid 105946
FindTargetPageId rootid 3 tid 105946
target_page_id id: 2 tid 105946
0 1 tid 105946
155 4 tid 105946
365 2 tid 105946
133 tid 105946
Remove  tid 105946
FindTargetPageId rootid 3 tid 105946
target_page_id id: 2 tid 105946
0 1 tid 105946
155 4 tid 105946
365 2 tid 105946
133 tid 105946
Remove  tid 105946
FindTargetPageId rootid 3 tid 105946
target_page_id id: 2 tid 105946
0 1 tid 105946
155 4 tid 105946
365 2 tid 105946
133 tid 105946
Remove  tid 105946
FindTargetPageId rootid 3 tid 105946
target_page_id id: 2 tid 105946
0 1 tid 105946
155 4 tid 105946
365 2 tid 105946
133 tid 105946
Remove  tid 105946
FindTargetPageId rootid 3 tid 105946
target_page_id id: 2 tid 105946
0 1 tid 105946
155 4 tid 105946
365 2 tid 105946
133 tid 105946
Remove  tid 105946
FindTargetPageId rootid 3 tid 105946
target_page_id id: 2 tid 105946
0 1 tid 105946
155 4 tid 105946
365 2 tid 105946
133 tid 105946
Remove  tid 105946
FindTargetPageId rootid 3 tid 105947
target_page_id id: 2 tid 105947
0 1 tid 105947
155 4 tid 105947
365 2 tid 105947
133 tid 105947
Insert  tid 105947
FindTargetPageId rootid 3 tid 105947
target_page_id id: 2 tid 105947
0 1 tid 105947
155 4 tid 105947
365 2 tid 105947
134 tid 105947
Insert  tid 105947
FindTargetPageId rootid 3 tid 105946
target_page_id id: 2 tid 105946
0 1 tid 105946
155 4 tid 105946
365 2 tid 105946
135 tid 105946
Remove  tid 105946
FindTargetPageId rootid 3 tid 105946
target_page_id id: 2 tid 105946
0 1 tid 105946
155 4 tid 105946
365 2 tid 105946
135 tid 105946
Remove  tid 105946
FindTargetPageId rootid 3 tid 105946
target_page_id id: 2 tid 105946
0 1 tid 105946
155 4 tid 105946
365 2 tid 105946
135 tid 105946
Remove  tid 105946
FindTargetPageId rootid 3 tid 105946
target_page_id id: 2 tid 105946
0 1 tid 105946
155 4 tid 105946
365 2 tid 105946
135 tid 105946
Remove  tid 105946
FindTargetPageId rootid 3 tid 105946
target_page_id id: 2 tid 105946
0 1 tid 105946
155 4 tid 105946
365 2 tid 105946
135 tid 105946
Remove  tid 105946
FindTargetPageId rootid 3 tid 105946
target_page_id id: 2 tid 105946
0 1 tid 105946
155 4 tid 105946
365 2 tid 105946
135 tid 105946
Remove  tid 105946
FindTargetPageId rootid 3 tid 105946
target_page_id id: 2 tid 105946
0 1 tid 105946
155 4 tid 105946
365 2 tid 105946
135 tid 105946
Remove  tid 105946
FindTargetPageId rootid 3 tid 105945
target_page_id id: 4 tid 105945
0 1 tid 105945
155 4 tid 105945
365 2 tid 105945
210 tid 105945
FindTargetPageId rootid 3 tid 105947
target_page_id id: 2 tid 105947
0 1 tid 105947
155 4 tid 105947
365 2 tid 105947
135 tid 105947
Insert  tid 105945
Insert  tid 105947
FindTargetPageId rootid 3 tid 105945
target_page_id id: 4 tid 105945
0 1 tid 105945
155 4 tid 105945
365 2 tid 105945
210 tid 105945
Insert  tid 105945
FindTargetPageId rootid 3 tid 105947
target_page_id id: 2 tid 105947
0 1 tid 105947
155 4 tid 105947
365 2 tid 105947
136 tid 105947
Insert  tid 105947
FindTargetPageId rootid 3 tid 105946
target_page_id id: 2 tid 105946
0 1 tid 105946
155 4 tid 105946
365 2 tid 105946
137 tid 105946
Remove  tid 105946
FindTargetPageId rootid 3 tid 105945
target_page_id id: 4 tid 105945
0 1 tid 105945
155 4 tid 105945
365 2 tid 105945
210 tid 105945
Insert  tid 105945
FindTargetPageId rootid 3 tid 105947
target_page_id id: 2 tid 105947
0 1 tid 105947
155 4 tid 105947
365 2 tid 105947
137 tid 105947
Insert  tid 105947
FindTargetPageId rootid 3 tid 105947
target_page_id id: 2 tid 105947
0 1 tid 105947
155 4 tid 105947
365 2 tid 105947
138 tid 105947
Insert  tid 105947
FindTargetPageId rootid 3 tid 105947
target_page_id id: 2 tid 105947
0 1 tid 105947
155 4 tid 105947
365 2 tid 105947
139 tid 105947
Insert  tid 105947
FindTargetPageId rootid 3 tid 105947
target_page_id id: 2 tid 105947
0 1 tid 105947
155 4 tid 105947
365 2 tid 105947
140 tid 105947
Insert  tid 105947
FindTargetPageId rootid 3 tid 105947
target_page_id id: 2 tid 105947
0 1 tid 105947
155 4 tid 105947
365 2 tid 105947
141 tid 105947
Insert  tid 105947
FindTargetPageId rootid 3 tid 105946
target_page_id id: 2 tid 105946
0 1 tid 105946
155 4 tid 105946
365 2 tid 105946
142 tid 105946
Remove  tid 105946
FindTargetPageId rootid 3 tid 105945
target_page_id id: 2 tid 105945
0 1 tid 105945
155 4 tid 105945
365 2 tid 105945
142 tid 105945
FindTargetPageId rootid Insert 3 tid  tid 105947
target_page_id id: 2 tid 105947
0 1 tid 105947
155 4 tid 105947
365 2 tid 105947
142 tid 105947
Insert  tid 105947
FindTargetPageId rootid 3 tid 105947
target_page_id id: 2 tid 105947
0 1 tid 105947
155 4 tid 105947
365 2 tid 105947
143 tid 105947
Insert  tid 105947
105945FindTargetPageId rootid 3 tid 105947

target_page_id id: 2 tid 105947
0 1 tid 105947
155 4 tid 105947
365 2 tid 105947
144 tid 105947
Insert  tid 105947
FindTargetPageId rootid 3 tid 105946
target_page_id id: 2 tid 105946
0 1 tid 105946
155 4 tid 105946
365 2 tid 105946
145 tid 105946
Remove  tid 105946
FindTargetPageId rootid 3 tid 105946
target_page_id id: 2 tid 105946
0 1 tid 105946
155 4 tid 105946
365 2 tid 105946
145 tid 105946
Remove  tid 105946
FindTargetPageId rootid 3 tid 105946
target_page_id id: 2 tid 105946
0 1 tid 105946
155 4 tid 105946
365 2 tid 105946
145 tid 105946
Remove  tid 105946
FindTargetPageId rootid 3 tid 105946
target_page_id id: 2 tid 105946
0 1 tid 105946
155 4 tid 105946
365 2 tid 105946
145 tid 105946
Remove  tid 105946
FindTargetPageId rootid 3 tid 105946
target_page_id id: 2 tid 105946
0 1 tid 105946
155 4 tid 105946
365 2 tid 105946
145 tid 105946
Remove  tid 105946
FindTargetPageId rootid 3 tid 105946
target_page_id id: 2 tid 105946
0 1 tid 105946
155 4 tid 105946
365 2 tid 105946
145 tid 105946
Remove  tid 105946
FindTargetPageId rootid 3 tid 105946
target_page_id id: 2 tid 105946
0 1 tid 105946
155 4 tid 105946
365 2 tid 105946
145 tid 105946
Remove  tid 105946
FindTargetPageId rootid 3 tid 105946
target_page_id id: 2 tid 105946
0 1 tid 105946
155 4 tid 105946
365 2 tid 105946
145 tid 105946
Remove  tid 105946
FindTargetPageId rootid 3 tid 105945
target_page_id id: 2 tid 105945
0 1 tid 105945
155 4 tid 105945
365 2 tid 105945
145 tid 105945
Insert  tid 105945
FindTargetPageId rootid 3 tid 105945
target_page_id id: 2 tid 105945
0 1 tid 105945
155 4 tid 105945
365 2 tid 105945
145 tid 105945
Insert  tid 105945
FindTargetPageId rootid 3 tid 105946
target_page_id id: 2 tid 105946
0 1 tid 105946
155 4 tid 105946
365 2 tid 105946
145 tid 105946
Remove  tid 105946
FindTargetPageId rootid 3 tid 105946
target_page_id id: 2 tid 105946
0 1 tid 105946
155 4 tid 105946
365 2 tid 105946
145 tid 105946
Remove  tid 105946
FindTargetPageId rootid 3 tid 105946
target_page_id id: 2 tid 105946
0 1 tid 105946
155 4 tid 105946
365 2 tid 105946
145 tid 105946
Remove  tid 105946
FindTargetPageId rootid 3 tid 105947
target_page_id id: 2 tid 105947
0 1 tid 105947
155 4 tid 105947
365 2 tid 105947
145 tid 105947
Insert  tid 105947
FindTargetPageId rootid 3 tid 105947
target_page_id id: 2 tid 105947
0 1 tid 105947
155 4 tid 105947
365 2 tid 105947
146 tid 105947
Insert  tid 105947
FindTargetPageId rootid 3 tid 105947
target_page_id id: 2 tid 105947
0 1 tid 105947
155 4 tid 105947
365 2 tid 105947
147 tid 105947
Insert  tid 105947
FindTargetPageId rootid 3 tid 105947
target_page_id id: 2 tid 105947
0 1 tid 105947
155 4 tid 105947
365 2 tid 105947
148 tid 105947
Insert  tid 105947
FindTargetPageId rootid 3 tid 105947
target_page_id id: 2 tid 105947
0 1 tid 105947
155 4 tid 105947
365 2 tid 105947
149 tid 105947
Insert  tid 105947
FindTargetPageId rootid 3 tid 105947
target_page_id id: 2 tid 105947
0 1 tid 105947
155 4 tid 105947
365 2 tid 105947
150 tid 105947
Insert  tid 105947
FindTargetPageId rootid 3 tid 105946
target_page_id id: 2 tid 105946
0 1 tid 105946
155 4 tid 105946
365 2 tid 105946
151 tid 105946
Remove  tid 105946
FindTargetPageId rootid 3 tid 105946
target_page_id id: 2 tid 105946
0 1 tid 105946
155 4 tid 105946
365 2 tid 105946
151 tid 105946
Remove  tid 105946
FindTargetPageId rootid 3 tid 105946
target_page_id id: 2 tid 105946
0 1 tid 105946
155 4 tid 105946
365 2 tid 105946
151 tid 105946
Remove  tid 105946
FindTargetPageId rootid 3 tid 105946
target_page_id id: 2 tid 105946
0 1 tid 105946
155 4 tid 105946
365 2 tid 105946
151 tid 105946
Remove  tid 105946
FindTargetPageId rootid 3 tid 105946
target_page_id id: 2 tid 105946
0 1 tid 105946
155 4 tid 105946
365 2 tid 105946
151 tid 105946
Remove  tid 105946
FindTargetPageId rootid 3 tid 105946
target_page_id id: 2 tid 105946
0 1 tid 105946
155 4 tid 105946
365 2 tid 105946
151 tid 105946
Remove  tid 105946
FindTargetPageId rootid 3 tid 105946
target_page_id id: 2 tid 105946
0 1 tid 105946
155 4 tid 105946
365 2 tid 105946
151 tid 105946
Remove  tid 105946
FindTargetPageId rootid 3 tid 105946
target_page_id id: 2 tid 105946
0 1 tid 105946
155 4 tid 105946
365 2 tid 105946
151 tid 105946
Remove  tid 105946
FindTargetPageId rootid 3 tid 105946
target_page_id id: 2 tid 105946
0 1 tid 105946
155 4 tid 105946
365 2 tid 105946
151 tid 105946
Remove  tid 105946
FindTargetPageId rootid 3 tid 105945
target_page_id id: 2 tid 105945
0 1 tid 105945
155 4 tid 105945
365 2 tid 105945
151 tid 105945
Insert  tid 105945
FindTargetPageId rootid 3 tid 105945
target_page_id id: 2 tid 105945
0 1 tid 105945
155 4 tid 105945
365 2 tid 105945
151 tid 105945
Insert  tid 105945
FindTargetPageId rootid 3 tid 105945
target_page_id id: 2 tid 105945
0 1 tid 105945
155 4 tid 105945
365 2 tid 105945
151 tid 105945
Insert  tid 105945
FindTargetPageId rootid 3 tid 105945
target_page_id id: 2 tid 105945
0 1 tid 105945
155 4 tid 105945
365 2 tid 105945
151 tid 105945
Insert  tid 105945
FindTargetPageId rootid 3 tid 105945
target_page_id id: 2 tid 105945
0 1 tid 105945
155 4 tid 105945
365 2 tid 105945
151 tid 105945
Insert  tid 105945
FindTargetPageId rootid 3 tid 105945
target_page_id id: 2 tid 105945
0 1 tid 105945
155 4 tid 105945
365 2 tid 105945
151 tid 105945
Insert  tid 105945
FindTargetPageId rootid 3 tid 105945
target_page_id id: 2 tid 105945
0 1 tid 105945
155 4 tid 105945
365 2 tid 105945
151 tid 105945
Insert  tid 105945
FindTargetPageId rootid 3 tid 105945
target_page_id id: 2 tid 105945
0 1 tid 105945
155 4 tid 105945
365 2 tid 105945
151 tid 105945
Insert  tid 105945
FindTargetPageId rootid 3 tid 105945
target_page_id id: 2 tid 105945
0 1 tid 105945
155 4 tid 105945
365 2 tid 105945
151 tid 105945
Insert  tid 105945
FindTargetPageId rootid 3 tid 105945
target_page_id id: 2 tid 105945
0 1 tid 105945
155 4 tid 105945
365 2 tid 105945
151 tid 105945
Insert  tid 105945
FindTargetPageId rootid 3 tid 105945
target_page_id id: 2 tid 105945
0 1 tid 105945
155 4 tid 105945
365 2 tid 105945
151 tid 105945
Insert  tid 105945
FindTargetPageId rootid 3 tid 105945
target_page_id id: 2 tid 105945
0 1 tid 105945
155 4 tid 105945
365 2 tid 105945
151 tid 105945
Insert  tid 105945
FindTargetPageId rootid 3 tid 105945
target_page_id id: 2 tid 105945
0 1 tid 105945
155 4 tid 105945
365 2 tid 105945
151 tid 105945
Insert  tid 105945
FindTargetPageId rootid 3 tid 105945
target_page_id id: 2 tid 105945
0 1 tid 105945
155 4 tid 105945
365 2 tid 105945
151 tid 105945
Insert  tid 105945
FindTargetPageId rootid 3 tid 105945
target_page_id id: 2 tid 105945
0 1 tid 105945
155 4 tid 105945
365 2 tid 105945
151 tid 105945
Insert  tid 105945
FindTargetPageId rootid 3 tid 105945
target_page_id id: 2 tid 105945
0 1 tid 105945
155 4 tid 105945
365 2 tid 105945
151 tid 105945
Insert  tid 105945
FindTargetPageId rootid 3 tid 105945
target_page_id id: 2 tid 105945
0 1 tid 105945
155 4 tid 105945
365 2 tid 105945
151 tid 105945
Insert  tid 105945
FindTargetPageId rootid 3 tid 105945
target_page_id id: 2 tid 105945
0 1 tid 105945
155 4 tid 105945
365 2 tid 105945
151 tid 105945
Insert  tid 105945
FindTargetPageId rootid 3 tid 105945
target_page_id id: 2 tid 105945
0 1 tid 105945
155 4 tid 105945
365 2 tid 105945
151 tid 105945
Insert  tid 105945
FindTargetPageId rootid 3 tid 105945
target_page_id id: 2 tid 105945
0 1 tid 105945
155 4 tid 105945
365 2 tid 105945
151 tid 105945
Insert  tid 105945
FindTargetPageId rootid 3 tid 105945
target_page_id id: 2 tid 105945
0 1 tid 105945
155 4 tid 105945
365 2 tid 105945
151 tid 105945
Insert  tid 105945
FindTargetPageId rootid 3 tid 105945
target_page_id id: 2 tid 105945
0 1 tid 105945
155 4 tid 105945
365 2 tid 105945
152 tid 105945
Insert  tid 105945
FindTargetPageId rootid 3 tid 105945
target_page_id id: 2 tid 105945
0 1 tid 105945
155 4 tid 105945
365 2 tid 105945
153 tid 105945
Insert  tid 105945
FindTargetPageId rootid 3 tid 105947
target_page_id id: 2 tid 105947
0 1 tid 105947
155 4 tid 105947
365 2 tid 105947
154 tid 105947
Insert  tid 105947
FindTargetPageId rootid 3 tid 105947
target_page_id id: 2 tid 105947
0 1 tid 105947
155 4 tid 105947
365 2 tid 105947
154 tid 105947
Insert  tid 105947
FindTargetPageId rootid 3 tid 105947
target_page_id id: 2 tid 105947
0 1 tid 105947
155 4 tid 105947
365 2 tid 105947
154 tid 105947
Insert  tid 105947
FindTargetPageId rootid 3 tid 105946
target_page_id id: 2 tid 105946
0 1 tid 105946
155 4 tid 105946
365 2 tid 105946
154 tid 105946
Remove  tid 105946
FindTargetPageId rootid 3 tid 105946
target_page_id id: 2 tid 105946
0 1 tid 105946
155 4 tid 105946
365 2 tid 105946
154 tid 105946
Remove  tid 105946
FindTargetPageId rootid 3 tid 105946
target_page_id id: 2 tid 105946
0 1 tid 105946
155 4 tid 105946
365 2 tid 105946
154 tid 105946
Remove  tid 105946
FindTargetPageId rootid 3 tid 105947
target_page_id id: 2 tid 105947
0 1 tid 105947
155 4 tid 105947
365 2 tid 105947
154 tid 105947
Insert  tid 105947
FindTargetPageId rootid 3 tid 105947
target_page_id id: 2 tid 105947
0 1 tid 105947
155 4 tid 105947
365 2 tid 105947
155 tid 105947
Insert  tid 105947
FindTargetPageId rootid 3 tid 105947
target_page_id id: 2 tid 105947
0 1 tid 105947
155 4 tid 105947
365 2 tid 105947
156 tid 105947
Insert  tid 105947
FindTargetPageId rootid 3 tid 105946
target_page_id id: 2 tid 105946
0 1 tid 105946
155 4 tid 105946
365 2 tid 105946
157 tid 105946
Remove  tid 105946
FindTargetPageId rootid 3 tid 105946
target_page_id id: 2 tid 105946
0 1 tid 105946
155 4 tid 105946
365 2 tid 105946
157 tid 105946
Remove  tid 105946
FindTargetPageId rootid 3 tid 105945
target_page_id id: 2 tid 105945
0 1 tid 105945
155 4 tid 105945
365 2 tid 105945
157 tid 105945
Insert  tid 105945
FindTargetPageId rootid 3 tid 105945
target_page_id id: 2 tid 105945
0 1 tid 105945
155 4 tid 105945
365 2 tid 105945
157 tid 105945
Insert  tid 105945
FindTargetPageId rootid 3 tid 105945
target_page_id id: 2 tid 105945
0 1 tid 105945
155 4 tid 105945
365 2 tid 105945
157 tid 105945
Insert  tid 105945
FindTargetPageId rootid 3 tid 105945
target_page_id id: 2 tid 105945
0 1 tid 105945
155 4 tid 105945
365 2 tid 105945
157 tid 105945
Insert  tid 105945
FindTargetPageId rootid 3 tid 105945
target_page_id id: 2 tid 105945
0 1 tid 105945
155 4 tid 105945
365 2 tid 105945
158 tid 105945
Insert  tid 105945
FindTargetPageId rootid 3 tid 105945
target_page_id id: 2 tid 105945
0 1 tid 105945
155 4 tid 105945
365 2 tid 105945
159 tid 105945
Insert  tid 105945
FindTargetPageId rootid 3 tid 105945
target_page_id id: 2 tid 105945
0 1 tid 105945
155 4 tid 105945
365 2 tid 105945
160 tid 105945
Insert  tid 105945
FindTargetPageId rootid 3 tid 105945
target_page_id id: 2 tid 105945
0 1 tid 105945
155 4 tid 105945
365 2 tid 105945
161 tid 105945
Insert  tid 105945
FindTargetPageId rootid 3 tid 105945
target_page_id id: 2 tid 105945
0 1 tid 105945
155 4 tid 105945
365 2 tid 105945
162 tid 105945
Insert  tid 105945
FindTargetPageId rootid 3 tid 105945
target_page_id id: 2 tid 105945
0 1 tid 105945
155 4 tid 105945
365 2 tid 105945
163 tid 105945
Insert  tid 105945
FindTargetPageId rootid 3 tid 105945
target_page_id id: 2 tid 105945
0 1 tid 105945
155 4 tid 105945
365 2 tid 105945
164 tid 105945
Insert  tid 105945
FindTargetPageId rootid 3 tid 105945
target_page_id id: 2 tid 105945
0 1 tid 105945
155 4 tid 105945
365 2 tid 105945
165 tid 105945
Insert  tid 105945
FindTargetPageId rootid 3 tid 105945
target_page_id id: 2 tid 105945
0 1 tid 105945
155 4 tid 105945
365 2 tid 105945
166 tid 105945
Insert  tid 105945
FindTargetPageId rootid 3 tid 105945
target_page_id id: 2 tid 105945
0 1 tid 105945
155 4 tid 105945
365 2 tid 105945
167 tid 105945
Insert  tid 105945
FindTargetPageId rootid 3 tid 105945
target_page_id id: 2 tid 105945
0 1 tid 105945
155 4 tid 105945
365 2 tid 105945
168 tid 105945
Insert  tid 105945
FindTargetPageId rootid 3 tid 105945
target_page_id id: 2 tid 105945
0 1 tid 105945
155 4 tid 105945
365 2 tid 105945
169 tid 105945
Insert  tid 105945
FindTargetPageId rootid 3 tid 105945
target_page_id id: 2 tid 105945
0 1 tid 105945
155 4 tid 105945
365 2 tid 105945
170 tid 105945
Insert  tid 105945
FindTargetPageId rootid 3 tid 105945
target_page_id id: 2 tid 105945
0 1 tid 105945
155 4 tid 105945
365 2 tid 105945
171 tid 105945
Insert  tid 105945
FindTargetPageId rootid 3 tid 105945
target_page_id id: 2 tid 105945
0 1 tid 105945
155 4 tid 105945
365 2 tid 105945
172 tid 105945
Insert  tid 105945
FindTargetPageId rootid 3 tid 105945
target_page_id id: 2 tid 105945
0 1 tid 105945
155 4 tid 105945
365 2 tid 105945
173 tid 105945
Insert  tid 105945
FindTargetPageId rootid 3 tid 105945
target_page_id id: 2 tid 105945
0 1 tid 105945
155 4 tid 105945
365 2 tid 105945
174 tid 105945
Insert  tid 105945
FindTargetPageId rootid 3 tid 105945
target_page_id id: 2 tid 105945
0 1 tid 105945
155 4 tid 105945
365 2 tid 105945
175 tid 105945
Insert  tid 105945
FindTargetPageId rootid 3 tid 105945
target_page_id id: 2 tid 105945
0 1 tid 105945
155 4 tid 105945
365 2 tid 105945
176 tid 105945
Insert  tid 105945
FindTargetPageId rootid 3 tid 105945
target_page_id id: 2 tid 105945
0 1 tid 105945
155 4 tid 105945
365 2 tid 105945
177 tid 105945
Insert  tid 105945
FindTargetPageId rootid 3 tid 105945
target_page_id id: 2 tid 105945
0 1 tid 105945
155 4 tid 105945
365 2 tid 105945
178 tid 105945
Insert  tid 105945
FindTargetPageId rootid 3 tid 105945
target_page_id id: 2 tid 105945
0 1 tid 105945
155 4 tid 105945
365 2 tid 105945
179 tid 105945
Insert  tid 105945
FindTargetPageId rootid 3 tid 105945
target_page_id id: 2 tid 105945
0 1 tid 105945
155 4 tid 105945
365 2 tid 105945
180 tid 105945
Insert  tid 105945
FindTargetPageId rootid 3 tid 105945
target_page_id id: 2 tid 105945
0 1 tid 105945
155 4 tid 105945
365 2 tid 105945
181 tid 105945
Insert  tid 105945
FindTargetPageId rootid 3 tid 105946
target_page_id id: 2 tid 105946
0 1 tid 105946
155 4 tid 105946
365 2 tid 105946
182 tid 105946
Remove  tid 105946
FindTargetPageId rootid 3 tid 105946
target_page_id id: 2 tid 105946
0 1 tid 105946
155 4 tid 105946
365 2 tid 105946
182 tid 105946
Remove  tid 105946
FindTargetPageId rootid 3 tid 105945
target_page_id id: 2 tid 105945
0 1 tid 105945
155 4 tid 105945
365 2 tid 105945
182 tid 105945
Insert  tid 105945
FindTargetPageId rootid 3 tid 105945
target_page_id id: 2 tid 105945
0 1 tid 105945
155 4 tid 105945
365 2 tid 105945
183 tid 105945
Insert  tid 105945
FindTargetPageId rootid 3 tid 105945
target_page_id id: 2 tid 105945
0 1 tid 105945
155 4 tid 105945
365 2 tid 105945
184 tid 105945
Insert  tid 105945
FindTargetPageId rootid 3 tid 105945
target_page_id id: 2 tid 105945
0 1 tid 105945
155 4 tid 105945
365 2 tid 105945
185 tid 105945
Insert  tid 105945
FindTargetPageId rootid 3 tid 105946
target_page_id id: 2 tid 105946
0 1 tid 105946
155 4 tid 105946
365 2 tid 105946
186 tid 105946
Remove  tid 105946
FindTargetPageId rootid 3 tid 105946
target_page_id id: 2 tid 105946
0 1 tid 105946
155 4 tid 105946
365 2 tid 105946
186 tid 105946
Remove  tid 105946
FindTargetPageId rootid 3 tid 105946
target_page_id id: 2 tid 105946
0 1 tid 105946
155 4 tid 105946
365 2 tid 105946
186 tid 105946
Remove  tid 105946
FindTargetPageId rootid 3 tid 105946
target_page_id id: 2 tid 105946
0 1 tid 105946
155 4 tid 105946
365 2 tid 105946
186 tid 105946
Remove  tid 105946
FindTargetPageId rootid 3 tid 105946
target_page_id id: 2 tid 105946
0 1 tid 105946
155 4 tid 105946
365 2 tid 105946
186 tid 105946
Remove  tid 105946
FindTargetPageId rootid 3 tid 105946
target_page_id id: 2 tid 105946
0 1 tid 105946
155 4 tid 105946
365 2 tid 105946
186 tid 105946
Remove  tid 105946
FindTargetPageId rootid 3 tid 105946
target_page_id id: 2 tid 105946
0 1 tid 105946
155 4 tid 105946
365 2 tid 105946
186 tid 105946
Remove  tid 105946
FindTargetPageId rootid 3 tid 105946
target_page_id id: 2 tid 105946
0 1 tid 105946
155 4 tid 105946
365 2 tid 105946
186 tid 105946
Remove  tid 105946
FindTargetPageId rootid 3 tid 105946
target_page_id id: 2 tid 105946
0 1 tid 105946
155 4 tid 105946
365 2 tid 105946
186 tid 105946
Remove  tid 105946
FindTargetPageId rootid 3 tid 105946
target_page_id id: 2 tid 105946
0 1 tid 105946
155 4 tid 105946
365 2 tid 105946
186 tid 105946
Remove  tid 105946
FindTargetPageId rootid 3 tid 105946
target_page_id id: 2 tid 105946
0 1 tid 105946
155 4 tid 105946
365 2 tid 105946
186 tid 105946
Remove  tid 105946
FindTargetPageId rootid 3 tid 105946
target_page_id id: 2 tid 105946
0 1 tid 105946
155 4 tid 105946
365 2 tid 105946
186 tid 105946
Remove  tid 105946
FindTargetPageId rootid 3 tid 105946
target_page_id id: 2 tid 105946
0 1 tid 105946
155 4 tid 105946
365 2 tid 105946
186 tid 105946
Remove  tid 105946
FindTargetPageId rootid 3 tid 105946
target_page_id id: 2 tid 105946
0 1 tid 105946
155 4 tid 105946
365 2 tid 105946
186 tid 105946
Remove  tid 105946
FindTargetPageId rootid 3 tid 105946
target_page_id id: 2 tid 105946
0 1 tid 105946
155 4 tid 105946
365 2 tid 105946
186 tid 105946
Remove  tid 105946
FindTargetPageId rootid 3 tid 105947
target_page_id id: 2 tid 105947
0 1 tid 105947
155 4 tid 105947
365 2 tid 105947
186 tid 105947
Insert  tid 105947
FindTargetPageId rootid 3 tid 105945
target_page_id id: 2 tid 105945
0 1 tid 105945
155 4 tid 105945
365 2 tid 105945
186 tid 105945
Insert  tid 105945
FindTargetPageId rootid 3 tid 105946
target_page_id id: 2 tid 105946
0 1 tid 105946
155 4 tid 105946
365 2 tid 105946
187 tid 105946
Remove FindTargetPageId rootid  tid 3 tid 105947105946
target_page_id id: 2 tid 105947
0 1 tid 105947
155 4 tid 
105947
365 2 tid 105947
187 tid 105947
Insert  tid 105947
FindTargetPageId rootid 3 tid 105945
target_page_id id: 2 tid 105945
0 1 tid 105945
155 4 tid 105945
365 2 tid 105945
187 tid 105945
Insert  tid 105945
FindTargetPageId rootid 3 tid 105945
target_page_id id: 2 tid 105945
0 1 tid 105945
155 4 tid 105945
365 2 tid 105945
188 tid 105945
Insert  tid 105945
FindTargetPageId rootid 3 tid 105945
target_page_id id: 2 tid 105945
0 1 tid 105945
155 4 tid 105945
365 2 tid 105945
189 tid 105945
Insert  tid 105945
FindTargetPageId rootid 3 tid 105945
target_page_id id: 2 tid 105945
0 1 tid 105945
155 4 tid 105945
365 2 tid 105945
190 tid 105945
Insert  tid 105945
FindTargetPageId rootid 3 tid 105945
target_page_id id: 2 tid 105945
0 1 tid 105945
155 4 tid 105945
365 2 tid 105945
191 tid 105945
Insert  tid 105945
FindTargetPageId rootid 3 tid 105945
target_page_id id: 2 tid 105945
0 1 tid 105945
155 4 tid 105945
365 2 tid 105945
192 tid 105945
Insert  tid 105945
FindTargetPageId rootid 3 tid 105947
target_page_id id: 2 tid 105947
0 1 tid 105947
155 4 tid 105947
365 2 tid 105947
193 tid 105947
Insert  tid 105947
FindTargetPageId rootid 3 tid 105947
target_page_id id: 2 tid 105947
0 1 tid 105947
155 4 tid 105947
365 2 tid 105947
193 tid 105947
Insert  tid 105947
FindTargetPageId rootid 3 tid 105946
target_page_id id: 2 tid 105946
0 1 tid 105946
155 4 tid 105946
365 2 tid 105946
193 tid 105946
Remove  tid 105946
FindTargetPageId rootid 3 tid 105946
target_page_id id: 2 tid 105946
0 1 tid 105946
155 4 tid 105946
365 2 tid 105946
193 tid 105946
Remove  tid 105946
FindTargetPageId rootid 3 tid 105946
target_page_id id: 2 tid 105946
0 1 tid 105946
155 4 tid 105946
365 2 tid 105946
193 tid 105946
Remove  tid 105946
FindTargetPageId rootid 3 tid 105946
target_page_id id: 2 tid 105946
0 1 tid 105946
155 4 tid 105946
365 2 tid 105946
193 tid 105946
Remove  tid 105946
FindTargetPageId rootid 3 tid 105947
target_page_id id: 2 tid 105947
0 1 tid 105947
155 4 tid 105947
365 2 tid 105947
193 tid 105947
Insert  tid 105947
FindTargetPageId rootid 3 tid 105947
target_page_id id: 2 tid 105947
0 1 tid 105947
155 4 tid 105947
365 2 tid 105947
193 tid 105947
Insert  tid 105947
FindTargetPageId rootid 3 tid 105947
target_page_id id: 2 tid 105947
0 1 tid 105947
155 4 tid 105947
365 2 tid 105947
193 tid 105947
Insert  tid 105947
FindTargetPageId rootid 3 tid 105947
target_page_id id: 2 tid 105947
0 1 tid 105947
155 4 tid 105947
365 2 tid 105947
193 tid 105947
Insert  tid 105947
FindTargetPageId rootid 3 tid 105945
target_page_id id: 2 tid 105945
0 1 tid 105945
155 4 tid 105945
365 2 tid 105945
193 tid 105945
Insert  tid 105945
FindTargetPageId rootid 3 tid 105946
target_page_id id: 2 tid 105946
0 1 tid 105946
155 4 tid 105946
365 2 tid 105946
194 tid 105946
Remove  tid 105946
FindTargetPageId rootid 3 tid 105946
target_page_id id: 2 tid 105946
0 1 tid 105946
155 4 tid 105946
365 2 tid 105946
194 tid 105946
Remove  tid 105946
FindTargetPageId rootid 3 tid 105947
target_page_id id: 2 tid 105947
0 1 tid 105947
155 4 tid 105947
365 2 tid 105947
194 tid 105947
Insert  tid 105947
FindTargetPageId rootid 3 tid 105947
target_page_id id: 2 tid 105947
0 1 tid 105947
155 4 tid 105947
365 2 tid 105947
194 tid 105947
Insert  tid 105947
FindTargetPageId rootid 3 tid 105947
target_page_id id: 2 tid 105947
0 1 tid 105947
155 4 tid 105947
365 2 tid 105947
194 tid 105947
Insert  tid 105947
FindTargetPageId rootid 3 tid 105945
target_page_id id: 2 tid 105945
0 1 tid 105945
155 4 tid 105945
365 2 tid 105945
194 tid 105945
Insert  tid 105945
FindTargetPageId rootid 3 tid 105946
target_page_id id: 2 tid 105946
0 1 tid 105946
155 4 tid 105946
365 2 tid 105946
195 tid 105946
Remove  tid 105946
FindTargetPageId rootid 3 tid 105947
target_page_id id: 2 tid 105947
0 1 tid 105947
155 4 tid 105947
365 2 tid 105947
195 tid 105947
Insert  tid 105947
FindTargetPageId rootid 3 tid 105945
target_page_id id: 2 tid 105945
0 1 tid 105945
155 4 tid 105945
365 2 tid 105945
195 tid 105945
Insert  tid 105945
FindTargetPageId rootid 3 tid 105945
target_page_id id: 2 tid 105945
0 1 tid 105945
155 4 tid 105945
365 2 tid 105945
196 tid 105945
Insert  tid 105945
FindTargetPageId rootid 3 tid 105945
target_page_id id: 2 tid 105945
0 1 tid 105945
155 4 tid 105945
365 2 tid 105945
197 tid 105945
Insert  tid 105945
FindTargetPageId rootid 3 tid 105946
target_page_id id: 2 tid 105946
0 1 tid 105946
155 4 tid 105946
365 2 tid 105946
198 tid 105946
Remove  tid 105946
FindTargetPageId rootid 3 tid 105947
target_page_id id: 2 tid 105947
0 1 tid 105947
155 4 tid 105947
365 2 tid 105947
198 tid 105947
Insert  tid 105947
FindTargetPageId rootid 3 tid 105945
target_page_id id: 2 tid 105945
0 1 tid 105945
155 4 tid 105945
365 2 tid 105945
198 tid 105945
Insert  tid 105945
FindTargetPageId rootid 3 tid 105945
target_page_id id: 2 tid 105945
0 1 tid 105945
155 4 tid 105945
365 2 tid 105945
199 tid 105945
Insert  tid 105945
FindTargetPageId rootid 3 tid 105945
target_page_id id: 2 tid 105945
0 1 tid 105945
155 4 tid 105945
365 2 tid 105945
200 tid 105945
Insert  tid 105945
FindTargetPageId rootid 3 tid 105946
target_page_id id: 2 tid 105946
0 1 tid 105946
155 4 tid 105946
365 2 tid 105946
201 tid 105946
Remove  tid 105946
FindTargetPageId rootid 3 tid 105947
target_page_id id: 2 tid 105947
0 1 tid 105947
155 4 tid 105947
365 2 tid 105947
201 tid 105947
Insert  tid 105947
FindTargetPageId rootid 3 tid 105945
target_page_id id: 2 tid 105945
0 1 tid 105945
155 4 tid 105945
365 2 tid 105945
201 tid 105945
Insert  tid 105945
FindTargetPageId rootid 3 tid 105945
target_page_id id: 2 tid 105945
0 1 tid 105945
155 4 tid 105945
365 2 tid 105945
202 tid 105945
Insert  tid 105945
FindTargetPageId rootid 3 tid 105945
target_page_id id: 2 tid 105945
0 1 tid 105945
155 4 tid 105945
365 2 tid 105945
203 tid 105945
Insert  tid 105945
FindTargetPageId rootid 3 tid 105945
target_page_id id: 2 tid 105945
0 1 tid 105945
155 4 tid 105945
365 2 tid 105945
204 tid 105945
Insert  tid 105945
FindTargetPageId rootid 3 tid 105947
target_page_id id: 2 tid 105947
0 1 tid 105947
155 4 tid 105947
365 2 tid 105947
205 tid 105947
Insert  tid 105947
FindTargetPageId rootid 3 tid 105946
target_page_id id: 2 tid 105946
0 1 tid 105946
155 4 tid 105946
365 2 tid 105946
205 tid 105946
Remove  tid 105946
FindTargetPageId rootid 3 tid 105946
target_page_id id: 2 tid 105946
0 1 tid 105946
155 4 tid 105946
365 2 tid 105946
205 tid 105946
Remove  tid 105946
FindTargetPageId rootid 3 tid 105946
target_page_id id: 2 tid 105946
0 1 tid 105946
155 4 tid 105946
365 2 tid 105946
205 tid 105946
Remove  tid 105946
FindTargetPageId rootid 3 tid 105945
target_page_id id: 2 tid 105945
0 1 tid 105945
155 4 tid 105945
365 2 tid 105945
205 tid 105945
Insert  tid 105945
FindTargetPageId rootid 3 tid 105947
target_page_id id: 2 tid 105947
0 1 tid 105947
155 4 tid 105947
365 2 tid 105947
206 tid 105947
Insert  tid 105947
FindTargetPageId rootid 3 tid 105946
target_page_id id: 2 tid 105946
0 1 tid 105946
155 4 tid 105946
365 2 tid 105946
206 tid 105946
Remove  tid 105946
FindTargetPageId rootid 3 tid 105945
target_page_id id: 2 tid 105945
0 1 tid 105945
155 4 tid 105945
365 2 tid 105945
206 tid 105945
Insert  tid 105945
FindTargetPageId rootid 3 tid 105947
target_page_id id: 2 tid 105947
0 1 tid 105947
155 4 tid 105947
365 2 tid 105947
207 tid 105947
Insert  tid 105947
FindTargetPageId rootid 3 tid 105946
target_page_id id: 2 tid 105946
0 1 tid 105946
155 4 tid 105946
365 2 tid 105946
207 tid 105946
Remove  tid 105946
FindTargetPageId rootid 3 tid 105946
target_page_id id: 2 tid 105946
0 1 tid 105946
155 4 tid 105946
365 2 tid 105946
207 tid 105946
Remove  tid 105946
FindTargetPageId rootid 3 tid 105946
target_page_id id: 2 tid 105946
0 1 tid 105946
155 4 tid 105946
365 2 tid 105946
207 tid 105946
Remove  tid 105946
FindTargetPageId rootid 3 tid 105945
target_page_id id: 2 tid 105945
0 1 tid 105945
155 4 tid 105945
365 2 tid 105945
207 tid 105945
Insert  tid 105945
FindTargetPageId rootid 3 tid 105945
target_page_id id: 2 tid 105945
0 1 tid 105945
155 4 tid 105945
365 2 tid 105945
208 tid 105945
Insert  tid 105945
FindTargetPageId rootid 3 tid 105946
target_page_id id: 2 tid 105946
0 1 tid 105946
155 4 tid 105946
365 2 tid 105946
209 tid 105946
Remove  tid 105946
FindTargetPageId rootid 3 tid 105947
target_page_id id: 2 tid 105947
0 1 tid 105947
155 4 tid 105947
365 2 tid 105947
209 tid 105947
Insert  tid 105947
FindTargetPageId rootid 3 tid 105947
target_page_id id: 2 tid 105947
0 1 tid 105947
155 4 tid 105947
365 2 tid 105947
209 tid 105947
Insert  tid 105947
FindTargetPageId rootid 3 tid 105947
target_page_id id: 2 tid 105947
0 1 tid 105947
155 4 tid 105947
365 2 tid 105947
209 tid 105947
Insert  tid 105947
FindTargetPageId rootid 3 tid 105946
target_page_id id: 2 tid 105946
0 1 tid 105946
155 4 tid 105946
365 2 tid 105946
209 tid 105946
Remove  tid 105946
FindTargetPageId rootid 3 tid 105946
target_page_id id: 2 tid 105946
0 1 tid 105946
155 4 tid 105946
365 2 tid 105946
209 tid 105946
Remove  tid 105946
FindTargetPageId rootid 3 tid 105946
target_page_id id: 2 tid 105946
0 1 tid 105946
155 4 tid 105946
365 2 tid 105946
209 tid 105946
Remove  tid 105946
FindTargetPageId rootid 3 tid 105946
target_page_id id: 2 tid 105946
0 1 tid 105946
155 4 tid 105946
365 2 tid 105946
209 tid 105946
Remove  tid 105946
FindTargetPageId rootid 3 tid 105946
target_page_id id: 2 tid 105946
0 1 tid 105946
155 4 tid 105946
365 2 tid 105946
209 tid 105946
Remove  tid 105946
FindTargetPageId rootid 3 tid 105946
target_page_id id: 2 tid 105946
0 1 tid 105946
155 4 tid 105946
365 2 tid 105946
209 tid 105946
Remove  tid 105946
FindTargetPageId rootid 3 tid 105946
target_page_id id: 2 tid 105946
0 1 tid 105946
155 4 tid 105946
365 2 tid 105946
209 tid 105946
Remove  tid 105946
FindTargetPageId rootid 3 tid 105946
target_page_id id: 2 tid 105946
0 1 tid 105946
155 4 tid 105946
365 2 tid 105946
209 tid 105946
Remove  tid 105946
FindTargetPageId rootid 3 tid 105946
target_page_id id: 2 tid 105946
0 1 tid 105946
155 4 tid 105946
365 2 tid 105946
209 tid 105946
Remove  tid 105946
FindTargetPageId rootid 3 tid 105946
target_page_id id: 2 tid 105946
0 1 tid 105946
155 4 tid 105946
365 2 tid 105946
209 tid 105946
Remove  tid 105946
FindTargetPageId rootid 3 tid 105946
target_page_id id: 2 tid 105946
0 1 tid 105946
155 4 tid 105946
365 2 tid 105946
209 tid 105946
Remove  tid 105946
FindTargetPageId rootid 3 tid 105946
target_page_id id: 2 tid 105946
0 1 tid 105946
155 4 tid 105946
365 2 tid 105946
209 tid 105946
Remove  tid 105946
FindTargetPageId rootid 3 tid 105946
target_page_id id: 2 tid 105946
0 1 tid 105946
155 4 tid 105946
365 2 tid 105946
209 tid 105946
Remove  tid 105946
FindTargetPageId rootid 3 tid 105946
target_page_id id: 2 tid 105946
0 1 tid 105946
155 4 tid 105946
365 2 tid 105946
209 tid 105946
Remove  tid 105946
FindTargetPageId rootid 3 tid 105946
target_page_id id: 2 tid 105946
0 1 tid 105946
155 4 tid 105946
365 2 tid 105946
209 tid 105946
Remove  tid 105946
FindTargetPageId rootid 3 tid 105946
target_page_id id: 2 tid 105946
0 1 tid 105946
155 4 tid 105946
365 2 tid 105946
209 tid 105946
Remove  tid 105946
FindTargetPageId rootid 3 tid 105946
target_page_id id: 2 tid 105946
0 1 tid 105946
155 4 tid 105946
365 2 tid 105946
209 tid 105946
Remove  tid 105946
FindTargetPageId rootid 3 tid 105946
target_page_id id: 2 tid 105946
0 1 tid 105946
155 4 tid 105946
365 2 tid 105946
209 tid 105946
Remove  tid 105946
FindTargetPageId rootid 3 tid 105946
target_page_id id: 2 tid 105946
0 1 tid 105946
155 4 tid 105946
365 2 tid 105946
209 tid 105946
Remove  tid 105946
FindTargetPageId rootid 3 tid 105946
target_page_id id: 2 tid 105946
0 1 tid 105946
155 4 tid 105946
365 2 tid 105946
209 tid 105946
Remove  tid 105946
FindTargetPageId rootid 3 tid 105947
target_page_id id: 2 tid 105947
0 1 tid 105947
155 4 tid 105947
365 2 tid 105947
209 tid 105947
Insert  tid 105947
FindTargetPageId rootid 3 tid 105945
target_page_id id: 2 tid 105945
0 1 tid 105945
155 4 tid 105945
365 2 tid 105945
209 tid 105945
Insert  tid 105945
FindTargetPageId rootid 3 tid 105946
target_page_id id: 2 tid 105946
0 1 tid 105946
155 4 tid 105946
365 2 tid 105946
210 tid 105946
Remove  tid 105946
FindTargetPageId rootid 3 tid 105946
target_page_id id: 2 tid 105946
0 1 tid 105946
155 4 tid 105946
365 2 tid 105946
210 tid 105946
Remove  tid 105946
FindTargetPageId rootid 3 tid 105946
target_page_id id: 2 tid 105946
0 1 tid 105946
155 4 tid 105946
365 2 tid 105946
210 tid 105946
Remove  tid 105946
FindTargetPageId rootid 3 tid 105946
target_page_id id: 2 tid 105946
0 1 tid 105946
155 4 tid 105946
365 2 tid 105946
210 tid 105946
Remove  tid 105946
FindTargetPageId rootid 3 tid 105946
target_page_id id: 2 tid 105946
0 1 tid 105946
155 4 tid 105946
365 2 tid 105946
210 tid 105946
Remove  tid 105946
FindTargetPageId rootid 3 tid 105946
target_page_id id: 2 tid 105946
0 1 tid 105946
155 4 tid 105946
365 2 tid 105946
210 tid 105946
Remove  tid 105946
FindTargetPageId rootid 3 tid 105946
target_page_id id: 2 tid 105946
0 1 tid 105946
155 4 tid 105946
365 2 tid 105946
210 tid 105946
Remove  tid 105946
FindTargetPageId rootid 3 tid 105945
target_page_id id: 2 tid 105945
0 1 tid 105945
155 4 tid 105945
365 2 tid 105945
210 tid 105945
Insert  tid 105945
FindTargetPageId rootid 3 tid 105947
target_page_id id: 2 tid 105947
0 1 tid 105947
155 4 tid 105947
365 2 tid 105947
211 tid 105947
Insert  tid 105947
FindTargetPageId rootid 3 tid 105946
target_page_id id: 2 tid 105946
0 1 tid 105946
155 4 tid 105946
365 2 tid 105946
211 tid 105946
Remove  tid 105946
FindTargetPageId rootid 3 tid 105945
target_page_id id: 2 tid 105945
0 1 tid 105945
155 4 tid 105945
365 2 tid 105945
211 tid 105945
Insert  tid 105945
FindTargetPageId rootid 3 tid 105945
target_page_id id: 2 tid 105945
0 1 tid 105945
155 4 tid 105945
365 2 tid 105945
212 tid 105945
Insert  tid 105945
FindTargetPageId rootid 3 tid 105945
target_page_id id: 2 tid 105945
0 1 tid 105945
155 4 tid 105945
365 2 tid 105945
213 tid 105945
Insert  tid 105945
FindTargetPageId rootid 3 tid 105945
target_page_id id: 2 tid 105945
0 1 tid 105945
155 4 tid 105945
365 2 tid 105945
214 tid 105945
Insert  tid 105945
FindTargetPageId rootid 3 tid 105945
target_page_id id: 2 tid 105945
0 1 tid 105945
155 4 tid 105945
365 2 tid 105945
215 tid 105945
Insert  tid 105945
FindTargetPageId rootid 3 tid 105945
target_page_id id: 2 tid 105945
0 1 tid 105945
155 4 tid 105945
365 2 tid 105945
216 tid 105945
Insert  tid 105945
FindTargetPageId rootid 3 tid 105946
target_page_id id: 2 tid 105946
0 1 tid 105946
155 4 tid 105946
365 2 tid 105946
217 tid 105946
Remove  tid 105946
FindTargetPageId rootid 3 tid 105946
target_page_id id: 2 tid 105946
0 1 tid 105946
155 4 tid 105946
365 2 tid 105946
217 tid 105946
Remove  tid 105946
FindTargetPageId rootid 3 tid 105946
target_page_id id: 2 tid 105946
0 1 tid 105946
155 4 tid 105946
365 2 tid 105946
217 tid 105946
Remove  tid 105946
FindTargetPageId rootid 3 tid 105946
target_page_id id: 2 tid 105946
0 1 tid 105946
155 4 tid 105946
365 2 tid 105946
217 tid 105946
Remove  tid 105946
FindTargetPageId rootid 3 tid 105946
target_page_id id: 2 tid 105946
0 1 tid 105946
155 4 tid 105946
365 2 tid 105946
217 tid 105946
Remove  tid 105946
FindTargetPageId rootid 3 tid 105946
target_page_id id: 2 tid 105946
0 1 tid 105946
155 4 tid 105946
365 2 tid 105946
217 tid 105946
Remove  tid 105946
FindTargetPageId rootid 3 tid 105946
target_page_id id: 2 tid 105946
0 1 tid 105946
155 4 tid 105946
365 2 tid 105946
217 tid 105946
Remove  tid 105946
FindTargetPageId rootid 3 tid 105945
target_page_id id: 2 tid 105945
0 1 tid 105945
155 4 tid 105945
365 2 tid 105945
217 tid 105945
Insert  tid 105945
FindTargetPageId rootid 3 tid 105945
target_page_id id: 2 tid 105945
0 1 tid 105945
155 4 tid 105945
365 2 tid 105945
218 tid 105945
Insert  tid 105945
FindTargetPageId rootid 3 tid 105945
target_page_id id: 2 tid 105945
0 1 tid 105945
155 4 tid 105945
365 2 tid 105945
219 tid 105945
Insert  tid 105945
FindTargetPageId rootid 3 tid 105946
target_page_id id: 2 tid 105946
0 1 tid 105946
155 4 tid 105946
365 2 tid 105946
220 tid 105946
Remove  tid 105946
FindTargetPageId rootid 3 tid 105947
target_page_id id: 2 tid 105947
0 1 tid 105947
155 4 tid 105947
365 2 tid 105947
220 tid 105947
Insert  tid 105947
FindTargetPageId rootid 3 tid 105945
target_page_id id: 2 tid 105945
0 1 tid 105945
155 4 tid 105945
365 2 tid 105945
220 tid 105945
Insert  tid 105945
FindTargetPageId rootid 3 tid 105946
target_page_id id: 2 tid 105946
0 1 tid 105946
155 4 tid 105946
365 2 tid 105946
221 tid 105946
FindTargetPageId rootid 3 tid 105947
target_page_id id: 2 tid 105947
0 1 tid 105947
155 4 tid 105947
365 2 tid 105947
221 tid 105947
Insert  tid 105947
FindTargetPageId rootid 3 tid 105947
target_page_id id: 2 tid 105947
0 1 tid 105947
155 4 tid 105947
365 2 tid 105947
221 tid 105947
Remove  tid 105946
Insert  tid 105947
FindTargetPageId rootid 3 tid 105945
target_page_id id: 2 tid 105945
0 1 tid 105945
155 4 tid 105945
365 2 tid 105945
221 tid 105945
FindTargetPageId rootid 3 tid Insert 105946 tid 
target_page_id id: 2 tid 105946
0 1 tid 105946
155 4 tid 105946
365 2 tid 105946
222 tid 105946
Remove  tid 105946
FindTargetPageId rootid 3 tid 105946
target_page_id id: 2 tid 105946
105945
0 1 tid 105946
155 4 tid 105946
365 2 tid 105946
222 tid 105946
Remove  tid 105946
FindTargetPageId rootid 3 tid 105946
target_page_id id: 2 tid 105946
0 1 tid 105946
155 4 tid 105946
365 2 tid 105946
222 tid 105946
Remove  tid 105946
FindTargetPageId rootid 3 tid 105947
target_page_id id: 2 tid 105947
0 1 tid 105947
155 4 tid 105947
365 2 tid 105947
222 tid 105947
Insert  tid 105947
FindTargetPageId rootid 3 tid 105945
target_page_id id: 2 tid 105945
0 1 tid 105945
155 4 tid 105945
365 2 tid 105945
222 tid 105945
Insert  tid 105945
FindTargetPageId rootid 3 tid 105946
target_page_id id: 2 tid 105946
0 1 tid 105946
155 4 tid 105946
365 2 tid 105946
223 tid 105946
Remove  tid 105946
FindTargetPageId rootid 3 tid 105947
target_page_id id: 2 tid 105947
0 1 tid 105947
155 4 tid 105947
365 2 tid 105947
223 tid 105947
Insert  tid 105947
FindTargetPageId rootid 3 tid 105945
target_page_id id: 2 tid 105945
0 1 tid 105945
155 4 tid 105945
365 2 tid 105945
223 tid 105945
Insert  tid 105945
FindTargetPageId rootid 3 tid 105946
target_page_id id: 2 tid 105946
0 1 tid 105946
155 4 tid 105946
365 2 tid 105946
224 tid 105946
FindTargetPageId rootid 3 tid 105947
target_page_id id: 2 tid 105947
0 1 tid 105947
155 4 tid 105947
365 2 tid 105947
224 tid 105947
Remove  tid 105946
Insert  tid 105947
FindTargetPageId rootid 3 tid 105945
target_page_id id: 2 tid 105945
0 1 tid 105945
155 4 tid 105945
365 2 tid 105945
224 tid 105945
Insert  tid 105945
FindTargetPageId rootid 3 tid 105946
target_page_id id: 2 tid 105946
0 1 tid 105946
155 4 tid 105946
365 2 tid 105946
225 tid 105946
Remove  tid 105946
FindTargetPageId rootid 3 tid 105946
target_page_id id: 2 tid 105946
0 1 tid 105946
155 4 tid 105946
365 2 tid 105946
225 tid 105946
Remove  tid 105946
FindTargetPageId rootid 3 tid 105945
target_page_id id: 2 tid 105945
0 1 tid 105945
155 4 tid 105945
365 2 tid 105945
225 tid 105945
FindTargetPageId rootid 3 tid 105947
target_page_id id: 2 tid 105947
0 1 tid 105947
155 4 tid 105947
365 2 tid 105947
226 tid 105947
Insert  tid 105947
FindTargetPageId rootid 3 tid 105947
target_page_id id: 2 tid 105947
0 1 tid 105947
155 4 tid 105947
365 2 tid 105947
226 tid 105947
Insert  tid 105945
Insert  tid 105947
FindTargetPageId rootid 3 tid 105946
target_page_id id: 2 tid 105946
0 1 tid 105946
155 4 tid 105946
365 2 tid 105946
226 tid 105946
Remove  tid 105946
FindTargetPageId rootid 3 tid 105946
target_page_id id: 2 tid 105946
0 1 tid 105946
155 4 tid 105946
365 2 tid 105946
226 tid 105946
Remove  tid 105946
FindTargetPageId rootid 3 tid 105945
target_page_id id: 2 tid 105945
0 1 tid 105945
155 4 tid 105945
365 2 tid 105945
226 tid 105945
Insert  tid 105945
FindTargetPageId rootid 3 tid 105945
target_page_id id: 2 tid 105945
0 1 tid 105945
155 4 tid 105945
365 2 tid 105945
227 tid 105945
FindTargetPageId rootid 3 tid 105947
target_page_id id: 2 tid 105947
0 1 tid 105947
155 4 tid 105947
365 2 tid 105947
228 tid 105947
Insert  tid 105947
FindTargetPageId rootid 3 tid 105947
target_page_id id: 2 tid 105947
0 1 tid 105947
155 4 tid 105947
365 2 tid 105947
228 tid 105947
Insert  tid 105947
FindTargetPageId rootid 3 tid 105947
target_page_id id: 2 tid 105947
0 1 tid 105947
155 4 tid 105947
365 2 tid 105947
228 tid 105947
Insert  tid 105947
FindTargetPageId rootid 3 tid 105947
target_page_id id: 2 tid 105947
0 1 tid 105947
155 4 tid 105947
365 2 tid 105947
228 tid 105947
Insert  tid 105947
FindTargetPageId rootid 3 tid 105947
target_page_id id: 2 tid 105947
0 1 tid 105947
155 4 tid 105947
365 2 tid 105947
228 tid 105947
Insert  tid 105947
FindTargetPageId rootid 3 tid 105947
target_page_id id: 2 tid 105947
0 1 tid 105947
155 4 tid 105947
365 2 tid 105947
228 tid 105947
Insert  tid 105947
FindTargetPageId rootid 3 tid 105947
target_page_id id: 2 tid 105947
0 1 tid 105947
155 4 tid 105947
365 2 tid 105947
228 tid 105947
Insert  tid 105947
FindTargetPageId rootid 3 tid 105947
target_page_id id: 2 tid 105947
0 1 tid 105947
155 4 tid 105947
365 2 tid 105947
228 tid 105947
Insert  tid 105947
FindTargetPageId rootid 3 tid 105947
target_page_id id: 2 tid 105947
0 1 tid 105947
155 4 tid 105947
365 2 tid 105947
228 tid 105947
Insert  tid 105947
FindTargetPageId rootid 3 tid 105947
target_page_id id: 2 tid 105947
0 1 tid 105947
155 4 tid 105947
365 2 tid 105947
228 tid 105947
Insert  tid 105947
FindTargetPageId rootid 3 tid 105947
target_page_id id: 2 tid 105947
0 1 tid 105947
155 4 tid 105947
365 2 tid 105947
228 tid 105947
Insert  tid 105947
FindTargetPageId rootid 3 tid 105947
target_page_id id: 2 tid 105947
0 1 tid 105947
155 4 tid 105947
365 2 tid 105947
Insert  tid 105945
228 tid 105947
FindTargetPageId rootid 3 tid 105946
target_page_id id: 2 tid 105946
0 1 tid 105946
155 4 tid 105946
365 2 tid 105946
228 tid 105946
Insert  tid 105947
Remove  tid 105946
FindTargetPageId rootid 3 tid 105945
target_page_id id: 2 tid 105945
0 1 tid 105945
155 4 tid 105945
365 2 tid 105945
228 tid 105945
Insert  tid 105945
FindTargetPageId rootid 3 tid 105945
target_page_id id: 2 tid 105945
0 1 tid 105945
155 4 tid 105945
365 2 tid 105945
229 tid 105945
Insert  tid 105945
FindTargetPageId rootid 3 tid 105945
target_page_id id: 2 tid 105945
0 1 tid 105945
155 4 tid 105945
365 2 tid 105945
230 tid 105945
Insert  tid 105945
FindTargetPageId rootid 3 tid 105946
target_page_id id: 2 tid 105946
0 1 tid 105946
155 4 tid 105946
365 2 tid 105946
231 tid 105946
Remove  tid 105946
FindTargetPageId rootid 3 tid 105946
target_page_id id: 2 tid 105946
0 1 tid 105946
155 4 tid 105946
365 2 tid 105946
231 tid 105946
Remove  tid 105946
FindTargetPageId rootid 3 tid 105947
target_page_id id: 2 tid 105947
0 1 tid 105947
155 4 tid 105947
365 2 tid 105947
231 tid 105947
Insert  tid 105947
FindTargetPageId rootid 3 tid 105947
target_page_id id: 2 tid 105947
0 1 tid 105947
155 4 tid 105947
365 2 tid 105947
231 tid 105947
Insert  tid 105947
FindTargetPageId rootid 3 tid 105947
target_page_id id: 2 tid 105947
0 1 tid 105947
155 4 tid 105947
365 2 tid 105947
231 tid 105947
Insert  tid 105947
FindTargetPageId rootid 3 tid 105947
target_page_id id: 2 tid 105947
0 1 tid 105947
155 4 tid 105947
365 2 tid 105947
231 tid 105947
Insert  tid 105947
FindTargetPageId rootid 3 tid 105945
target_page_id id: 2 tid 105945
0 1 tid 105945
155 4 tid 105945
365 2 tid 105945
231 tid 105945
Insert  tid 105945
FindTargetPageId rootid 3 tid 105945
target_page_id id: 2 tid 105945
0 1 tid 105945
155 4 tid 105945
365 2 tid 105945
232 tid 105945
Insert  tid 105945
FindTargetPageId rootid 3 tid 105945
target_page_id id: 2 tid 105945
0 1 tid 105945
155 4 tid 105945
365 2 tid 105945
233 tid 105945
Insert  tid 105945
FindTargetPageId rootid 3 tid 105947
target_page_id id: 2 tid 105947
0 1 tid 105947
155 4 tid 105947
365 2 tid 105947
234 tid 105947
Insert  tid 105947
FindTargetPageId rootid 3 tid 105946
target_page_id id: 2 tid 105946
0 1 tid 105946
155 4 tid 105946
365 2 tid 105946
234 tid 105946
Remove  tid 105946
FindTargetPageId rootid 3 tid 105945
target_page_id id: 2 tid 105945
0 1 tid 105945
155 4 tid 105945
365 2 tid 105945
234 tid 105945
Insert  tid 105945
FindTargetPageId rootid 3 tid 105947
target_page_id id: 2 tid 105947
0 1 tid 105947
155 4 tid 105947
365 2 tid 105947
235 tid 105947
Insert  tid 105947
FindTargetPageId rootid 3 tid 105946
target_page_id id: 2 tid 105946
0 1 tid 105946
155 4 tid 105946
365 2 tid 105946
235 tid 105946
Remove  tid 105946
FindTargetPageId rootid 3 tid 105945
target_page_id id: 2 tid 105945
0 1 tid 105945
155 4 tid 105945
365 2 tid 105945
235 tid 105945
Insert  tid 105945
FindTargetPageId rootid 3 tid 105947
target_page_id id: 2 tid 105947
0 1 tid 105947
155 4 tid 105947
365 2 tid 105947
236 tid 105947
Insert  tid 105947
FindTargetPageId rootid 3 tid 105946
target_page_id id: 2 tid 105946
0 1 tid 105946
155 4 tid 105946
365 2 tid 105946
236 tid 105946
Remove  tid 105946
FindTargetPageId rootid 3 tid 105946
target_page_id id: 2 tid 105946
0 1 tid 105946
155 4 tid 105946
365 2 tid 105946
236 tid 105946
Remove  tid 105946
FindTargetPageId rootid 3 tid 105946
target_page_id id: 2 tid 105946
0 1 tid 105946
155 4 tid 105946
365 2 tid 105946
236 tid 105946
Remove  tid 105946
FindTargetPageId rootid 3 tid 105946
target_page_id id: 2 tid 105946
0 1 tid 105946
155 4 tid 105946
365 2 tid 105946
236 tid 105946
Remove  tid 105946
FindTargetPageId rootid 3 tid 105946
target_page_id id: 2 tid 105946
0 1 tid 105946
155 4 tid 105946
365 2 tid 105946
236 tid 105946
Remove  tid 105946
FindTargetPageId rootid 3 tid 105946
target_page_id id: 2 tid 105946
0 1 tid 105946
155 4 tid 105946
365 2 tid 105946
236 tid 105946
Remove  tid 105946
FindTargetPageId rootid 3 tid 105946
target_page_id id: 2 tid 105946
0 1 tid 105946
155 4 tid 105946
365 2 tid 105946
236 tid 105946
FindTargetPageId rootid 3 tid 105947
target_page_id id: 2 tid 105947
0 1 tid 105947
155 4 tid 105947
365 2 tid 105947
Remove  tid 105946
236 tid 105947
Insert  tid 105947
FindTargetPageId rootid 3 tid 105945
target_page_id id: 2 tid 105945
0 1 tid 105945
155 4 tid 105945
365 2 tid 105945
236 tid 105945
Insert  tid 105945
FindTargetPageId rootid 3 tid 105946
target_page_id id: 2 tid 105946
0 1 tid 105946
155 4 tid 105946
365 2 tid 105946
237 tid 105946
Remove  tid 105946
FindTargetPageId rootid 3 tid 105946
target_page_id id: 2 tid 105946
0 1 tid 105946
155 4 tid 105946
365 2 tid 105946
237 tid 105946
Remove  tid 105946
FindTargetPageId rootid 3 tid 105946
target_page_id id: 2 tid 105946
0 1 tid 105946
155 4 tid 105946
365 2 tid 105946
237 tid 105946
Remove  tid 105946
FindTargetPageId rootid 3 tid 105946
target_page_id id: 2 tid 105946
0 1 tid 105946
155 4 tid 105946
365 2 tid 105946
237 tid 105946
Remove  tid 105946
FindTargetPageId rootid 3 tid 105946
target_page_id id: 2 tid 105946
0 1 tid 105946
155 4 tid 105946
365 2 tid 105946
237 tid 105946
Remove  tid 105946
FindTargetPageId rootid 3 tid 105946
target_page_id id: 2 tid 105946
0 1 tid 105946
155 4 tid 105946
365 2 tid 105946
237 tid 105946
Remove  tid 105946
FindTargetPageId rootid 3 tid 105946
target_page_id id: 2 tid 105946
0 1 tid 105946
155 4 tid 105946
365 2 tid 105946
237 tid 105946
Remove  tid 105946
FindTargetPageId rootid 3 tid 105946
target_page_id id: 2 tid 105946
0 1 tid 105946
155 4 tid 105946
365 2 tid 105946
237 tid 105946
Remove  tid 105946
FindTargetPageId rootid 3 tid 105946
target_page_id id: 2 tid 105946
0 1 tid 105946
155 4 tid 105946
365 2 tid 105946
237 tid 105946
Remove  tid 105946
FindTargetPageId rootid 3 tid 105946
target_page_id id: 2 tid 105946
0 1 tid 105946
155 4 tid 105946
365 2 tid 105946
237 tid 105946
Remove  tid 105946
FindTargetPageId rootid 3 tid 105946
target_page_id id: 2 tid 105946
0 1 tid 105946
155 4 tid 105946
365 2 tid 105946
237 tid 105946
Remove  tid 105946
FindTargetPageId rootid 3 tid 105947
target_page_id id: 2 tid 105947
0 1 tid 105947
155 4 tid 105947
365 2 tid 105947
237 tid 105947
Insert  tid 105947
FindTargetPageId rootid 3 tid 105945
target_page_id id: 2 tid 105945
0 1 tid 105945
155 4 tid 105945
365 2 tid 105945
237 tid 105945
Insert  tid 105945
FindTargetPageId rootid 3 tid 105945
target_page_id id: 2 tid 105945
0 1 tid 105945
155 4 tid 105945
365 2 tid 105945
238 tid 105945
Insert  tid 105945
FindTargetPageId rootid 3 tid 105945
target_page_id id: 2 tid 105945
0 1 tid 105945
155 4 tid 105945
365 2 tid 105945
239 tid 105945
Insert  tid 105945
FindTargetPageId rootid 3 tid 105945
target_page_id id: 2 tid 105945
0 1 tid 105945
155 4 tid 105945
365 2 tid 105945
240 tid 105945
Insert  tid 105945
FindTargetPageId rootid 3 tid 105945
target_page_id id: 2 tid 105945
0 1 tid 105945
155 4 tid 105945
365 2 tid 105945
241 tid 105945
Insert  tid 105945
FindTargetPageId rootid 3 tid 105945
target_page_id id: 2 tid 105945
0 1 tid 105945
155 4 tid 105945
365 2 tid 105945
242 tid 105945
Insert  tid 105945
FindTargetPageId rootid 3 tid 105945
target_page_id id: 2 tid 105945
0 1 tid 105945
155 4 tid 105945
365 2 tid 105945
243 tid 105945
Insert  tid 105945
FindTargetPageId rootid 3 tid 105947
target_page_id id: 2 tid 105947
0 1 tid 105947
155 4 tid 105947
365 2 tid 105947
244 tid 105947
Insert  tid 105947
FindTargetPageId rootid 3 tid 105946
target_page_id id: 2 tid 105946
0 1 tid 105946
155 4 tid 105946
365 2 tid 105946
244 tid 105946
Remove  tid 105946
FindTargetPageId rootid 3 tid 105945
target_page_id id: 2 tid 105945
0 1 tid 105945
155 4 tid 105945
365 2 tid 105945
244 tid 105945
Insert  tid 105945
FindTargetPageId rootid 3 tid 105947
target_page_id id: 2 tid 105947
0 1 tid 105947
155 4 tid 105947
365 2 tid 105947
245 tid 105947
Insert  tid 105947
FindTargetPageId rootid 3 tid 105947
target_page_id id: 2 tid 105947
0 1 tid 105947
155 4 tid 105947
365 2 tid 105947
245 tid 105947
Insert  tid 105947
FindTargetPageId rootid 3 tid 105947
target_page_id id: 2 tid 105947
0 1 tid 105947
155 4 tid 105947
365 2 tid 105947
245 tid 105947
Insert  tid 105947
FindTargetPageId rootid 3 tid 105947
target_page_id id: 2 tid 105947
0 1 tid 105947
155 4 tid 105947
365 2 tid 105947
245 tid 105947
Insert  tid 105947
FindTargetPageId rootid 3 tid 105947
target_page_id id: 2 tid 105947
0 1 tid 105947
155 4 tid 105947
365 2 tid 105947
245 tid 105947
Insert  tid 105947
FindTargetPageId rootid 3 tid 105947
target_page_id id: 2 tid 105947
0 1 tid 105947
155 4 tid 105947
365 2 tid 105947
245 tid 105947
Insert  tid 105947
FindTargetPageId rootid 3 tid 105947
target_page_id id: 2 tid 105947
0 1 tid 105947
155 4 tid 105947
365 2 tid 105947
245 tid 105947
Insert  tid 105947
FindTargetPageId rootid 3 tid 105947
target_page_id id: 2 tid 105947
0 1 tid 105947
155 4 tid 105947
365 2 tid 105947
245 tid 105947
Insert  tid 105947
FindTargetPageId rootid 3 tid 105947
target_page_id id: 2 tid 105947
0 1 tid 105947
155 4 tid 105947
365 2 tid 105947
245 tid 105947
Insert  tid 105947
FindTargetPageId rootid 3 tid 105947
target_page_id id: 2 tid 105947
0 1 tid 105947
155 4 tid 105947
365 2 tid 105947
245 tid 105947
Insert  tid 105947
FindTargetPageId rootid 3 tid 105947
target_page_id id: 2 tid 105947
0 1 tid 105947
155 4 tid 105947
365 2 tid 105947
245 tid 105947
Insert  tid 105947
FindTargetPageId rootid 3 tid 105947
target_page_id id: 2 tid 105947
0 1 tid 105947
155 4 tid 105947
365 2 tid 105947
245 tid 105947
Insert  tid 105947
FindTargetPageId rootid 3 tid 105947
target_page_id id: 2 tid 105947
0 1 tid 105947
155 4 tid 105947
365 2 tid 105947
245 tid 105947
Insert  tid 105947
FindTargetPageId rootid 3 tid 105946
target_page_id id: 2 tid 105946
0 1 tid 105946
155 4 tid 105946
365 2 tid 105946
245 tid 105946
Remove  tid 105946
FindTargetPageId rootid 3 tid 105945
target_page_id id: 2 tid 105945
0 1 tid 105945
155 4 tid 105945
365 2 tid 105945
245 tid 105945
Insert  tid 105945
FindTargetPageId rootid 3 tid 105947
target_page_id id: 2 tid 105947
0 1 tid 105947
155 4 tid 105947
365 2 tid 105947
246 tid 105947
Insert  tid 105947
FindTargetPageId rootid 3 tid 105946
target_page_id id: 2 tid 105946
0 1 tid 105946
155 4 tid 105946
365 2 tid 105946
246 tid 105946
Remove  tid 105946
FindTargetPageId rootid 3 tid 105945
target_page_id id: 2 tid 105945
0 1 tid 105945
155 4 tid 105945
365 2 tid 105945
246 tid 105945
Insert  tid 105945
FindTargetPageId rootid 3 tid 105947
target_page_id id: 2 tid 105947
0 1 tid 105947
155 4 tid 105947
365 2 tid 105947
247 tid 105947
Insert  tid 105947
FindTargetPageId rootid 3 tid 105946
target_page_id id: 2 tid 105946
0 1 tid 105946
155 4 tid 105946
365 2 tid 105946
247 tid 105946
Remove  tid 105946
FindTargetPageId rootid 3 tid 105946
target_page_id id: 2 tid 105946
0 1 tid 105946
155 4 tid 105946
365 2 tid 105946
247 tid 105946
Remove  tid 105946
FindTargetPageId rootid 3 tid 105946
target_page_id id: 2 tid 105946
0 1 tid 105946
155 4 tid 105946
365 2 tid 105946
247 tid 105946
Remove  tid 105946
FindTargetPageId rootid 3 tid 105945
target_page_id id: 2 tid 105945
0 1 tid 105945
155 4 tid 105945
365 2 tid 105945
247 tid 105945
Insert  tid 105945
FindTargetPageId rootid 3 tid 105947
target_page_id id: 2 tid 105947
0 1 tid 105947
155 4 tid 105947
365 2 tid 105947
248 tid 105947
Insert  tid 105947
FindTargetPageId rootid 3 tid 105946
target_page_id id: 2 tid 105946
0 1 tid 105946
155 4 tid 105946
365 2 tid 105946
248 tid 105946
Remove  tid 105946
FindTargetPageId rootid 3 tid 105945
target_page_id id: 2 tid 105945
0 1 tid 105945
155 4 tid 105945
365 2 tid 105945
248 tid 105945
Insert  tid 105945
FindTargetPageId rootid 3 tid 105947
target_page_id id: 2 tid 105947
0 1 tid 105947
155 4 tid 105947
365 2 tid 105947
249 tid 105947
Insert  tid 105947
FindTargetPageId rootid 3 tid 105946
target_page_id id: 2 tid 105946
0 1 tid 105946
155 4 tid 105946
365 2 tid 105946
249 tid 105946
FindTargetPageId rootid 3 tid 105945
target_page_id id: 2 tid 105945
0 1 tid 105945
155 4 tid 105945
365 2 tid 105945
Remove  tid 105946
249 tid 105945
Insert  tid 105945
FindTargetPageId rootid 3 tid 105947
target_page_id id: 2 tid 105947
0 1 tid 105947
155 4 tid 105947
365 2 tid 105947
250 tid 105947
Insert  tid 105947
FindTargetPageId rootid 3 tid 105946
target_page_id id: 2 tid 105946
0 1 tid 105946
155 4 tid 105946
365 2 tid 105946
250 tid 105946
Remove  tid 105946
FindTargetPageId rootid 3 tid 105946
target_page_id id: 2 tid 105946
0 1 tid 105946
155 4 tid 105946
365 2 tid 105946
250 tid 105946
Remove  tid 105946
FindTargetPageId rootid 3 tid 105946
target_page_id id: 2 tid 105946
0 1 tid 105946
155 4 tid 105946
365 2 tid 105946
250 tid 105946
Remove  tid 105946
FindTargetPageId rootid 3 tid 105946
target_page_id id: 2 tid 105946
0 1 tid 105946
155 4 tid 105946
365 2 tid 105946
250 tid 105946
Remove  tid 105946
FindTargetPageId rootid 3 tid 105946
target_page_id id: 2 tid 105946
0 1 tid 105946
155 4 tid 105946
365 2 tid 105946
250 tid 105946
Remove  tid 105946
FindTargetPageId rootid 3 tid 105947
target_page_id id: 2 tid 105947
0 1 tid 105947
155 4 tid 105947
365 2 tid 105947
250 tid 105947
Insert  tid 105947
FindTargetPageId rootid 3 tid 105947
target_page_id id: 2 tid 105947
0 1 tid 105947
155 4 tid 105947
365 2 tid 105947
250 tid 105947
Insert  tid 105947
FindTargetPageId rootid 3 tid 105947
target_page_id id: 2 tid 105947
0 1 tid 105947
155 4 tid 105947
365 2 tid 105947
250 tid 105947
Insert  tid 105947
FindTargetPageId rootid 3 tid 105945
target_page_id id: 2 tid 105945
0 1 tid 105945
155 4 tid 105945
365 2 tid 105945
250 tid 105945
Insert  tid 105945
FindTargetPageId rootid 3 tid 105946
target_page_id id: 2 tid 105946
0 1 tid 105946
155 4 tid 105946
365 2 tid 105946
251 tid 105946
Remove  tid 105946
FindTargetPageId rootid 3 tid 105946
target_page_id id: 2 tid 105946
0 1 tid 105946
155 4 tid 105946
365 2 tid 105946
251 tid 105946
Remove  tid 105946
FindTargetPageId rootid 3 tid 105946
target_page_id id: 2 tid 105946
0 1 tid 105946
155 4 tid 105946
365 2 tid 105946
251 tid 105946
Remove  tid 105946
FindTargetPageId rootid 3 tid 105946
target_page_id id: 2 tid 105946
0 1 tid 105946
155 4 tid 105946
365 2 tid 105946
251 tid 105946
Remove  tid 105946
FindTargetPageId rootid 3 tid 105946
target_page_id id: 2 tid 105946
0 1 tid 105946
155 4 tid 105946
365 2 tid 105946
251 tid 105946
Remove  tid 105946
FindTargetPageId rootid 3 tid 105946
target_page_id id: 2 tid 105946
0 1 tid 105946
155 4 tid 105946
365 2 tid 105946
251 tid 105946
FindTargetPageId rootid Remove 3 tid  tid 105946
105945
target_page_id id: 2 tid 105945
0 1 tid 105945
155 4 tid 105945
365 2 tid 105945
251 tid 105945
Insert  tid 105945
FindTargetPageId rootid 3 tid 105946
target_page_id id: 2 tid 105946
0 1 tid 105946
155 4 tid 105946
365 2 tid 105946
252 tid 105946
Remove  tid 105946
FindTargetPageId rootid 3 tid 105947
target_page_id id: 2 tid 105947
0 1 tid 105947
155 4 tid 105947
365 2 tid 105947
252 tid 105947
Insert  tid 105947
FindTargetPageId rootid 3 tid 105947
target_page_id id: 2 tid 105947
0 1 tid 105947
155 4 tid 105947
365 2 tid 105947
252 tid 105947
Insert  tid 105947
FindTargetPageId rootid 3 tid 105947
target_page_id id: 2 tid 105947
0 1 tid 105947
155 4 tid 105947
365 2 tid 105947
252 tid 105947
Insert  tid 105947
FindTargetPageId rootid 3 tid 105947
target_page_id id: 2 tid 105947
0 1 tid 105947
155 4 tid 105947
365 2 tid 105947
252 tid 105947
Insert  tid 105947
FindTargetPageId rootid 3 tid 105947
target_page_id id: 2 tid 105947
0 1 tid 105947
155 4 tid 105947
365 2 tid 105947
252 tid 105947
Insert  tid 105947
FindTargetPageId rootid 3 tid 105947
target_page_id id: 2 tid 105947
0 1 tid 105947
155 4 tid 105947
365 2 tid 105947
252 tid 105947
Insert  tid 105947
FindTargetPageId rootid 3 tid 105947
target_page_id id: 2 tid 105947
0 1 tid 105947
155 4 tid 105947
365 2 tid 105947
252 tid 105947
Insert  tid 105947
FindTargetPageId rootid 3 tid 105947
target_page_id id: 2 tid 105947
0 1 tid 105947
155 4 tid 105947
365 2 tid 105947
252 tid 105947
Insert  tid 105947
FindTargetPageId rootid 3 tid 105945
target_page_id id: 2 tid 105945
0 1 tid 105945
155 4 tid 105945
365 2 tid 105945
252 tid 105945
Insert  tid 105945
FindTargetPageId rootid 3 tid 105946
target_page_id id: 2 tid 105946
0 1 tid 105946
155 4 tid 105946
365 2 tid 105946
253 tid 105946
Remove  tid 105946
FindTargetPageId rootid 3 tid 105947
target_page_id id: 2 tid 105947
0 1 tid 105947
155 4 tid 105947
365 2 tid 105947
253 tid 105947
Insert  tid 105947
FindTargetPageId rootid 3 tid 105947
target_page_id id: 2 tid 105947
0 1 tid 105947
155 4 tid 105947
365 2 tid 105947
253 tid 105947
Insert  tid 105947
FindTargetPageId rootid 3 tid 105947
target_page_id id: 2 tid 105947
0 1 tid 105947
155 4 tid 105947
365 2 tid 105947
253 tid 105947
Insert  tid 105947
FindTargetPageId rootid 3 tid 105947
target_page_id id: 2 tid 105947
0 1 tid 105947
155 4 tid 105947
365 2 tid 105947
253 tid 105947
Insert  tid 105947
FindTargetPageId rootid 3 tid 105947
target_page_id id: 2 tid 105947
0 1 tid 105947
155 4 tid 105947
365 2 tid 105947
253 tid 105947
Insert  tid 105947
FindTargetPageId rootid 3 tid 105947
target_page_id id: 2 tid 105947
0 1 tid 105947
155 4 tid 105947
365 2 tid 105947
253 tid 105947
Insert  tid 105947
FindTargetPageId rootid 3 tid 105945
target_page_id id: 2 tid 105945
0 1 tid 105945
155 4 tid 105945
365 2 tid 105945
253 tid 105945
Insert  tid 105945
FindTargetPageId rootid 3 tid 105945
target_page_id id: 2 tid 105945
0 1 tid 105945
155 4 tid 105945
365 2 tid 105945
254 tid 105945
Insert  tid 105945
FindTargetPageId rootid 3 tid 105947
target_page_id id: 5 tid 105947
0 1 tid 105947
155 4 tid 105947
365 2 tid 105947
492 5 tid 105947
128 tid 105947
Insert  tid 105947
FindTargetPageId rootid 3 tid 105946
target_page_id id: 5 tid 105946
0 1 tid 105946
155 4 tid 105946
365 2 tid 105946
492 5 tid 105946
128 tid 105946
FindTargetPageId rootid 3 tid 105945
target_page_id id: 5 tid 105945
0 1 tid 105945
155 4 tid 105945
365 2 tid 105945
492 5 tid 105945
Remove  tid 105946
128 tid 105945
FindTargetPageId rootid 3 tid 105947
target_page_id id: 5 tid 105947
0 1 tid 105947
155 4 tid 105947
365 2 tid 105947
492 5 tid 105947
129 tid 105947
Insert  tid 105945
Insert  tid 105947
FindTargetPageId rootid 3 tid 105946
target_page_id id: 5 tid 105946
0 1 tid 105946
155 4 tid 105946
365 2 tid 105946
492 5 tid 105946
129 tid 105946
Remove  tid 105946
FindTargetPageId rootid 3 tid 105945
target_page_id id: 5 tid 105945
0 1 tid 105945
155 4 tid 105945
365 2 tid 105945
492 5 tid 105945
129 tid 105945
Insert  tid 105945
FindTargetPageId rootid 3 tid 105947
target_page_id id: 5 tid 105947
0 1 tid 105947
155 4 tid 105947
365 2 tid 105947
492 5 tid 105947
130 tid 105947
FindTargetPageId rootid 3 tid 105946
target_page_id id: 5 tid 105946
0 1 tid 105946
155 4 tid 105946
365 2 tid 105946
492 5 tid 105946
Insert 130 tid 105946
 tid 105947
Remove  tid 105946
FindTargetPageId rootid 3 tid 105945
target_page_id id: 5 tid 105945
0 1 tid 105945
155 4 tid 105945
365 2 tid 105945
492 5 tid 105945
130 tid 105945
Insert  tid 105945
FindTargetPageId rootid 3 tid 105947
target_page_id id: 5 tid 105947
0 1 tid 105947
155 4 tid 105947
365 2 tid 105947
492 5 tid 105947
131 tid 105947
Insert  tid 105947
FindTargetPageId rootid 3 tid 105946
target_page_id id: 5 tid 105946
0 1 tid 105946
155 4 tid 105946
365 2 tid 105946
492 5 tid 105946
131 tid 105946
Remove  tid 105946
FindTargetPageId rootid 3 tid 105945
target_page_id id: 5 tid 105945
0 1 tid 105945
155 4 tid 105945
365 2 tid 105945
492 5 tid 105945
131 tid 105945
Insert  tid 105945
FindTargetPageId rootid 3 tid 105945
target_page_id id: 5 tid 105945
0 1 tid 105945
155 4 tid 105945
365 2 tid 105945
492 5 tid 105945
132 tid 105945
Insert  tid 105945
FindTargetPageId rootid 3 tid 105947
target_page_id id: 5 tid 105947
0 1 tid 105947
155 4 tid 105947
365 2 tid 105947
492 5 tid 105947
133 tid 105947
Insert  tid 105947
FindTargetPageId rootid 3 tid 105946
target_page_id id: 5 tid 105946
0 1 tid 105946
155 4 tid 105946
365 2 tid 105946
492 5 tid 105946
133 tid 105946
Remove  tid 105946
FindTargetPageId rootid 3 tid 105945
target_page_id id: 5 tid 105945
0 1 tid 105945
155 4 tid 105945
365 2 tid 105945
492 5 tid 105945
133 tid 105945
FindTargetPageId rootid 3 tid 105947
target_page_id id: 5 tid 105947
0 1 tid 105947
155 4 tid 105947
365 2 tid 105947
492 5 tid 105947
134 tid 105947
Insert  tid 105947
Insert FindTargetPageId rootid 3 tid 105947
target_page_id id: 5 tid 105947
 tid 0 1 tid 105947
155 4 tid 105947
365 2 tid 105947
105945492 5 tid 105947

134 tid 105947
Insert  tid 105947
FindTargetPageId rootid 3 tid 105946
target_page_id id: 5 tid 105946
0 1 tid 105946
155 4 tid 105946
365 2 tid 105946
492 5 tid 105946
134 tid 105946
Remove  tid 105946
FindTargetPageId rootid 3 tid 105946
target_page_id id: 5 tid 105946
0 1 tid 105946
155 4 tid 105946
365 2 tid 105946
492 5 tid 105946
134 tid 105946
Remove  tid 105946
FindTargetPageId rootid 3 tid 105946
target_page_id id: 5 tid 105946
0 1 tid 105946
155 4 tid 105946
365 2 tid 105946
492 5 tid 105946
134 tid 105946
Remove  tid 105946
FindTargetPageId rootid 3 tid 105946
target_page_id id: 5 tid 105946
0 1 tid 105946
155 4 tid 105946
365 2 tid 105946
492 5 tid 105946
134 tid 105946
Remove  tid 105946
FindTargetPageId rootid 3 tid 105946
target_page_id id: 5 tid 105946
0 1 tid 105946
155 4 tid 105946
365 2 tid 105946
492 5 tid 105946
134 tid 105946
Remove  tid 105946
FindTargetPageId rootid 3 tid 105946
target_page_id id: 5 tid 105946
0 1 tid 105946
155 4 tid 105946
365 2 tid 105946
492 5 tid 105946
134 tid 105946
Remove  tid 105946
FindTargetPageId rootid 3 tid 105946
target_page_id id: 5 tid 105946
0 1 tid 105946
155 4 tid 105946
365 2 tid 105946
492 5 tid 105946
134 tid 105946
Remove  tid 105946
FindTargetPageId rootid 3 tid 105946
target_page_id id: 5 tid 105946
0 1 tid 105946
155 4 tid 105946
365 2 tid 105946
492 5 tid 105946
134 tid 105946
Remove  tid 105946
FindTargetPageId rootid 3 tid 105946
target_page_id id: 5 tid 105946
0 1 tid 105946
155 4 tid 105946
365 2 tid 105946
492 5 tid 105946
134 tid 105946
Remove  tid 105946
FindTargetPageId rootid 3 tid 105946
target_page_id id: 5 tid 105946
0 1 tid 105946
155 4 tid 105946
365 2 tid 105946
492 5 tid 105946
134 tid 105946
Remove  tid 105946
FindTargetPageId rootid 3 tid 105946
target_page_id id: 5 tid 105946
0 1 tid 105946
155 4 tid 105946
365 2 tid 105946
492 5 tid 105946
134 tid 105946
Remove  tid 105946
FindTargetPageId rootid 3 tid 105946
target_page_id id: 5 tid 105946
0 1 tid 105946
155 4 tid 105946
365 2 tid 105946
492 5 tid 105946
134 tid 105946
Remove  tid 105946
FindTargetPageId rootid 3 tid 105946
target_page_id id: 5 tid 105946
0 1 tid 105946
155 4 tid 105946
365 2 tid 105946
492 5 tid 105946
134 tid 105946
Remove  tid 105946
FindTargetPageId rootid 3 tid 105946
target_page_id id: 5 tid 105946
0 1 tid 105946
155 4 tid 105946
365 2 tid 105946
492 5 tid 105946
134 tid 105946
Remove  tid 105946
FindTargetPageId rootid 3 tid 105946
target_page_id id: 5 tid 105946
0 1 tid 105946
155 4 tid 105946
365 2 tid 105946
492 5 tid 105946
134 tid 105946
Remove  tid 105946
FindTargetPageId rootid 3 tid 105946
target_page_id id: 5 tid 105946
0 1 tid 105946
155 4 tid 105946
365 2 tid 105946
492 5 tid 105946
134 tid 105946
Remove  tid 105946
FindTargetPageId rootid 3 tid 105946
target_page_id id: 5 tid 105946
0 1 tid 105946
155 4 tid 105946
365 2 tid 105946
492 5 tid 105946
134 tid 105946
Remove  tid 105946
FindTargetPageId rootid 3 tid 105946
target_page_id id: 5 tid 105946
0 1 tid 105946
155 4 tid 105946
365 2 tid 105946
492 5 tid 105946
134 tid 105946
Remove  tid 105946
FindTargetPageId rootid 3 tid 105946
target_page_id id: 5 tid 105946
0 1 tid 105946
155 4 tid 105946
365 2 tid 105946
492 5 tid 105946
134 tid 105946
Remove  tid 105946
FindTargetPageId rootid 3 tid 105946
target_page_id id: 5 tid 105946
0 1 tid 105946
155 4 tid 105946
365 2 tid 105946
492 5 tid 105946
134 tid 105946
Remove  tid 105946
FindTargetPageId rootid 3 tid 105946
target_page_id id: 5 tid 105946
0 1 tid 105946
155 4 tid 105946
365 2 tid 105946
492 5 tid 105946
134 tid 105946
Remove  tid 105946
FindTargetPageId rootid 3 tid 105946
target_page_id id: 5 tid 105946
0 1 tid 105946
155 4 tid 105946
365 2 tid 105946
492 5 tid 105946
134 tid 105946
Remove  tid 105946
FindTargetPageId rootid 3 tid 105946
target_page_id id: 5 tid 105946
0 1 tid 105946
155 4 tid 105946
365 2 tid 105946
492 5 tid 105946
134 tid 105946
Remove  tid 105946
FindTargetPageId rootid 3 tid 105946
target_page_id id: 5 tid 105946
0 1 tid 105946
155 4 tid 105946
365 2 tid 105946
492 5 tid 105946
134 tid 105946
Remove  tid 105946
FindTargetPageId rootid 3 tid 105946
target_page_id id: 5 tid 105946
0 1 tid 105946
155 4 tid 105946
365 2 tid 105946
492 5 tid 105946
134 tid 105946
Remove  tid 105946
FindTargetPageId rootid 3 tid 105946
target_page_id id: 5 tid 105946
0 1 tid 105946
155 4 tid 105946
365 2 tid 105946
492 5 tid 105946
134 tid 105946
Remove  tid 105946
FindTargetPageId rootid 3 tid 105946
target_page_id id: 5 tid 105946
0 1 tid 105946
155 4 tid 105946
365 2 tid 105946
492 5 tid 105946
134 tid 105946
Remove  tid 105946
FindTargetPageId rootid 3 tid 105946
target_page_id id: 5 tid 105946
0 1 tid 105946
155 4 tid 105946
365 2 tid 105946
492 5 tid 105946
134 tid 105946
Remove  tid 105946
FindTargetPageId rootid 3 tid 105946
target_page_id id: 5 tid 105946
0 1 tid 105946
155 4 tid 105946
365 2 tid 105946
492 5 tid 105946
134 tid 105946
Remove  tid 105946
FindTargetPageId rootid 3 tid 105946
target_page_id id: 5 tid 105946
0 1 tid 105946
155 4 tid 105946
365 2 tid 105946
492 5 tid 105946
134 tid 105946
Remove  tid 105946
FindTargetPageId rootid 3 tid 105946
target_page_id id: 5 tid 105946
0 1 tid 105946
155 4 tid 105946
365 2 tid 105946
492 5 tid 105946
134 tid 105946
Remove  tid 105946
FindTargetPageId rootid 3 tid 105946
target_page_id id: 5 tid 105946
0 1 tid 105946
155 4 tid 105946
365 2 tid 105946
492 5 tid 105946
134 tid 105946
Remove  tid 105946
FindTargetPageId rootid 3 tid 105947
target_page_id id: 5 tid 105947
0 1 tid 105947
155 4 tid 105947
365 2 tid 105947
492 5 tid 105947
134 tid 105947
Insert  tid 105947
FindTargetPageId rootid 3 tid 105945
target_page_id id: 5 tid 105945
0 1 tid 105945
155 4 tid 105945
365 2 tid 105945
492 5 tid 105945
134 tid 105945
Insert  tid 105945
FindTargetPageId rootid 3 tid 105945
target_page_id id: 5 tid 105945
0 1 tid 105945
155 4 tid 105945
365 2 tid 105945
492 5 tid 105945
135 tid 105945
Insert  tid 105945
FindTargetPageId rootid 3 tid 105945
target_page_id id: 5 tid 105945
0 1 tid 105945
155 4 tid 105945
365 2 tid 105945
492 5 tid 105945
136 tid 105945
Insert  tid 105945
FindTargetPageId rootid 3 tid 105945
target_page_id id: 5 tid 105945
0 1 tid 105945
155 4 tid 105945
365 2 tid 105945
492 5 tid 105945
137 tid 105945
Insert  tid 105945
FindTargetPageId rootid 3 tid 105945
target_page_id id: 5 tid 105945
0 1 tid 105945
155 4 tid 105945
365 2 tid 105945
492 5 tid 105945
138 tid 105945
Insert  tid 105945
FindTargetPageId rootid 3 tid 105946
target_page_id id: 5 tid 105946
0 1 tid 105946
155 4 tid 105946
365 2 tid 105946
492 5 tid 105946
139 tid 105946
Remove  tid 105946
FindTargetPageId rootid 3 tid 105946
target_page_id id: 5 tid 105946
0 1 tid 105946
155 4 tid 105946
365 2 tid 105946
492 5 tid 105946
139 tid 105946
Remove  tid 105946
FindTargetPageId rootid 3 tid 105945
target_page_id id: 5 tid 105945
0 1 tid 105945
155 4 tid 105945
365 2 tid 105945
492 5 tid 105945
139 tid 105945
Insert  tid 105945
FindTargetPageId rootid 3 tid 105947
target_page_id id: 5 tid 105947
0 1 tid 105947
155 4 tid 105947
365 2 tid 105947
492 5 tid 105947
140 tid 105947
Insert  tid 105947
FindTargetPageId rootid 3 tid 105947
target_page_id id: 5 tid 105947
0 1 tid 105947
155 4 tid 105947
365 2 tid 105947
492 5 tid 105947
140 tid 105947
Insert  tid 105947
FindTargetPageId rootid 3 tid 105947
target_page_id id: 5 tid 105947
0 1 tid 105947
155 4 tid 105947
365 2 tid 105947
492 5 tid 105947
140 tid 105947
Insert  tid 105947
FindTargetPageId rootid 3 tid 105947
target_page_id id: 5 tid 105947
0 1 tid 105947
155 4 tid 105947
365 2 tid 105947
492 5 tid 105947
140 tid 105947
Insert  tid 105947
FindTargetPageId rootid 3 tid 105947
target_page_id id: 5 tid 105947
0 1 tid 105947
155 4 tid 105947
365 2 tid 105947
492 5 tid 105947
140 tid 105947
Insert  tid 105947
FindTargetPageId rootid 3 tid 105947
target_page_id id: 5 tid 105947
0 1 tid 105947
155 4 tid 105947
365 2 tid 105947
492 5 tid 105947
140 tid 105947
Insert  tid 105947
FindTargetPageId rootid 3 tid 105947
target_page_id id: 5 tid 105947
0 1 tid 105947
155 4 tid 105947
365 2 tid 105947
492 5 tid 105947
140 tid 105947
Insert  tid 105947
FindTargetPageId rootid 3 tid 105947
target_page_id id: 5 tid 105947
0 1 tid 105947
155 4 tid 105947
365 2 tid 105947
492 5 tid 105947
140 tid 105947
Insert  tid 105947
FindTargetPageId rootid 3 tid 105947
target_page_id id: 5 tid 105947
0 1 tid 105947
155 4 tid 105947
365 2 tid 105947
492 5 tid 105947
140 tid 105947
Insert  tid 105947
FindTargetPageId rootid 3 tid 105947
target_page_id id: 5 tid 105947
0 1 tid 105947
155 4 tid 105947
365 2 tid 105947
492 5 tid 105947
140 tid 105947
Insert  tid 105947
FindTargetPageId rootid 3 tid 105947
target_page_id id: 5 tid 105947
0 1 tid 105947
155 4 tid 105947
365 2 tid 105947
492 5 tid 105947
140 tid 105947
Insert  tid 105947
FindTargetPageId rootid 3 tid 105947
target_page_id id: 5 tid 105947
0 1 tid 105947
155 4 tid 105947
365 2 tid 105947
492 5 tid 105947
140 tid 105947
Insert  tid 105947
FindTargetPageId rootid 3 tid 105947
target_page_id id: 5 tid 105947
0 1 tid 105947
155 4 tid 105947
365 2 tid 105947
492 5 tid 105947
140 tid 105947
Insert  tid 105947
FindTargetPageId rootid 3 tid 105947
target_page_id id: 5 tid 105947
0 1 tid 105947
155 4 tid 105947
365 2 tid 105947
492 5 tid 105947
140 tid 105947
Insert  tid 105947
FindTargetPageId rootid 3 tid 105946
target_page_id id: 5 tid 105946
0 1 tid 105946
155 4 tid 105946
365 2 tid 105946
492 5 tid 105946
140 tid 105946
Remove  tid 105946
FindTargetPageId rootid 3 tid 105945
target_page_id id: 5 tid 105945
0 1 tid 105945
155 4 tid 105945
365 2 tid 105945
492 5 tid 105945
140 tid 105945
Insert  tid 105945
FindTargetPageId rootid 3 tid 105947
target_page_id id: 5 tid 105947
0 1 tid 105947
155 4 tid 105947
365 2 tid 105947
492 5 tid 105947
141 tid 105947
Insert  tid 105947
FindTargetPageId rootid 3 tid 105946
target_page_id id: 5 tid 105946
0 1 tid 105946
155 4 tid 105946
365 2 tid 105946
492 5 tid 105946
141 tid 105946
Remove  tid 105946
FindTargetPageId rootid 3 tid 105945
target_page_id id: 5 tid 105945
0 1 tid 105945
155 4 tid 105945
365 2 tid 105945
492 5 tid 105945
141 tid 105945
Insert  tid 105945
FindTargetPageId rootid 3 tid 105945
target_page_id id: 5 tid 105945
0 1 tid 105945
155 4 tid 105945
365 2 tid 105945
492 5 tid 105945
142 tid 105945
Insert  tid 105945
FindTargetPageId rootid 3 tid 105945
target_page_id id: 5 tid 105945
0 1 tid 105945
155 4 tid 105945
365 2 tid 105945
492 5 tid 105945
143 tid 105945
Insert  tid 105945
FindTargetPageId rootid 3 tid 105945
target_page_id id: 5 tid 105945
0 1 tid 105945
155 4 tid 105945
365 2 tid 105945
492 5 tid 105945
144 tid 105945
Insert  tid 105945
FindTargetPageId rootid 3 tid 105945
target_page_id id: 5 tid 105945
0 1 tid 105945
155 4 tid 105945
365 2 tid 105945
492 5 tid 105945
145 tid 105945
Insert  tid 105945
FindTargetPageId rootid 3 tid 105945
target_page_id id: 5 tid 105945
0 1 tid 105945
155 4 tid 105945
365 2 tid 105945
492 5 tid 105945
146 tid 105945
Insert  tid 105945
FindTargetPageId rootid 3 tid 105945
target_page_id id: 5 tid 105945
0 1 tid 105945
155 4 tid 105945
365 2 tid 105945
492 5 tid 105945
147 tid 105945
Insert  tid 105945
FindTargetPageId rootid 3 tid 105945
target_page_id id: 5 tid 105945
0 1 tid 105945
155 4 tid 105945
365 2 tid 105945
492 5 tid 105945
148 tid 105945
Insert  tid 105945
FindTargetPageId rootid 3 tid 105945
target_page_id id: 5 tid 105945
0 1 tid 105945
155 4 tid 105945
365 2 tid 105945
492 5 tid 105945
149 tid 105945
Insert  tid 105945
FindTargetPageId rootid 3 tid 105945
target_page_id id: 5 tid 105945
0 1 tid 105945
155 4 tid 105945
365 2 tid 105945
492 5 tid 105945
150 tid 105945
Insert  tid 105945
FindTargetPageId rootid 3 tid 105945
target_page_id id: 5 tid 105945
0 1 tid 105945
155 4 tid 105945
365 2 tid 105945
492 5 tid 105945
151 tid 105945
Insert  tid 105945
FindTargetPageId rootid 3 tid 105945
target_page_id id: 5 tid 105945
0 1 tid 105945
155 4 tid 105945
365 2 tid 105945
492 5 tid 105945
152 tid 105945
Insert  tid 105945
FindTargetPageId rootid 3 tid 105945
target_page_id id: 5 tid 105945
0 1 tid 105945
155 4 tid 105945
365 2 tid 105945
492 5 tid 105945
153 tid 105945
Insert  tid 105945
FindTargetPageId rootid 3 tid 105945
target_page_id id: 5 tid 105945
0 1 tid 105945
155 4 tid 105945
365 2 tid 105945
492 5 tid 105945
154 tid 105945
Insert  tid 105945
FindTargetPageId rootid 3 tid 105945
target_page_id id: 5 tid 105945
0 1 tid 105945
155 4 tid 105945
365 2 tid 105945
492 5 tid 105945
155 tid 105945
Insert  tid 105945
FindTargetPageId rootid 3 tid 105945
target_page_id id: 5 tid 105945
0 1 tid 105945
155 4 tid 105945
365 2 tid 105945
492 5 tid 105945
156 tid 105945
Insert  tid 105945
FindTargetPageId rootid 3 tid 105945
target_page_id id: 5 tid 105945
0 1 tid 105945
155 4 tid 105945
365 2 tid 105945
492 5 tid 105945
157 tid 105945
Insert  tid 105945
FindTargetPageId rootid 3 tid 105945
target_page_id id: 5 tid 105945
0 1 tid 105945
155 4 tid 105945
365 2 tid 105945
492 5 tid 105945
158 tid 105945
Insert  tid 105945
FindTargetPageId rootid 3 tid 105947
target_page_id id: 5 tid 105947
0 1 tid 105947
155 4 tid 105947
365 2 tid 105947
492 5 tid 105947
159 tid 105947
Insert  tid 105947
FindTargetPageId rootid 3 tid 105947
target_page_id id: 5 tid 105947
0 1 tid 105947
155 4 tid 105947
365 2 tid 105947
492 5 tid 105947
159 tid 105947
Insert  tid 105947
FindTargetPageId rootid 3 tid 105947
target_page_id id: 5 tid 105947
0 1 tid 105947
155 4 tid 105947
365 2 tid 105947
492 5 tid 105947
159 tid 105947
Insert  tid 105947
FindTargetPageId rootid 3 tid 105947
target_page_id id: 5 tid 105947
0 1 tid 105947
155 4 tid 105947
365 2 tid 105947
492 5 tid 105947
159 tid 105947
Insert  tid 105947
FindTargetPageId rootid 3 tid 105947
target_page_id id: 5 tid 105947
0 1 tid 105947
155 4 tid 105947
365 2 tid 105947
492 5 tid 105947
159 tid 105947
Insert  tid 105947
FindTargetPageId rootid 3 tid 105947
target_page_id id: 5 tid 105947
0 1 tid 105947
155 4 tid 105947
365 2 tid 105947
492 5 tid 105947
159 tid 105947
Insert  tid 105947
FindTargetPageId rootid 3 tid 105947
target_page_id id: 5 tid 105947
0 1 tid 105947
155 4 tid 105947
365 2 tid 105947
492 5 tid 105947
159 tid 105947
Insert  tid 105947
FindTargetPageId rootid 3 tid 105947
target_page_id id: 5 tid 105947
0 1 tid 105947
155 4 tid 105947
365 2 tid 105947
492 5 tid 105947
159 tid 105947
Insert  tid 105947
FindTargetPageId rootid 3 tid 105947
target_page_id id: 5 tid 105947
0 1 tid 105947
155 4 tid 105947
365 2 tid 105947
492 5 tid 105947
159 tid 105947
Insert  tid 105947
FindTargetPageId rootid 3 tid 105945
target_page_id id: 5 tid 105945
0 1 tid 105945
155 4 tid 105945
365 2 tid 105945
492 5 tid 105945
159 tid 105945
Insert  tid 105945
FindTargetPageId rootid 3 tid 105945
target_page_id id: 5 tid 105945
0 1 tid 105945
155 4 tid 105945
365 2 tid 105945
492 5 tid 105945
160 tid 105945
Insert  tid 105945
FindTargetPageId rootid 3 tid 105945
target_page_id id: 5 tid 105945
0 1 tid 105945
155 4 tid 105945
365 2 tid 105945
492 5 tid 105945
161 tid 105945
Insert  tid 105945
FindTargetPageId rootid 3 tid 105945
target_page_id id: 5 tid 105945
0 1 tid 105945
155 4 tid 105945
365 2 tid 105945
492 5 tid 105945
162 tid 105945
Insert  tid 105945
FindTargetPageId rootid 3 tid 105945
target_page_id id: 5 tid 105945
0 1 tid 105945
155 4 tid 105945
365 2 tid 105945
492 5 tid 105945
163 tid 105945
Insert  tid 105945
FindTargetPageId rootid 3 tid 105945
target_page_id id: 5 tid 105945
0 1 tid 105945
155 4 tid 105945
365 2 tid 105945
492 5 tid 105945
164 tid 105945
Insert  tid 105945
FindTargetPageId rootid 3 tid 105945
target_page_id id: 5 tid 105945
0 1 tid 105945
155 4 tid 105945
365 2 tid 105945
492 5 tid 105945
165 tid 105945
Insert  tid 105945
FindTargetPageId rootid 3 tid 105945
target_page_id id: 5 tid 105945
0 1 tid 105945
155 4 tid 105945
365 2 tid 105945
492 5 tid 105945
166 tid 105945
Insert  tid 105945
FindTargetPageId rootid 3 tid 105945
target_page_id id: 5 tid 105945
0 1 tid 105945
155 4 tid 105945
365 2 tid 105945
492 5 tid 105945
167 tid 105945
Insert  tid 105945
FindTargetPageId rootid 3 tid 105947
target_page_id id: 5 tid 105947
0 1 tid 105947
155 4 tid 105947
365 2 tid 105947
492 5 tid 105947
168 tid 105947
Insert  tid 105947
FindTargetPageId rootid 3 tid 105947
target_page_id id: 5 tid 105947
0 1 tid 105947
155 4 tid 105947
365 2 tid 105947
492 5 tid 105947
168 tid 105947
Insert  tid 105947
FindTargetPageId rootid 3 tid 105947
target_page_id id: 5 tid 105947
0 1 tid 105947
155 4 tid 105947
365 2 tid 105947
492 5 tid 105947
168 tid 105947
Insert  tid 105947
FindTargetPageId rootid 3 tid 105947
target_page_id id: 5 tid 105947
0 1 tid 105947
155 4 tid 105947
365 2 tid 105947
492 5 tid 105947
168 tid 105947
Insert  tid 105947
FindTargetPageId rootid 3 tid 105946
target_page_id id: 5 tid 105946
0 1 tid 105946
155 4 tid 105946
365 2 tid 105946
492 5 tid 105946
168 tid 105946
Remove  tid 105946
FindTargetPageId rootid 3 tid 105946
target_page_id id: 5 tid 105946
0 1 tid 105946
155 4 tid 105946
365 2 tid 105946
492 5 tid 105946
168 tid 105946
Remove  tid 105946
FindTargetPageId rootid 3 tid 105946
target_page_id id: 5 tid 105946
0 1 tid 105946
155 4 tid 105946
365 2 tid 105946
492 5 tid 105946
168 tid 105946
Remove  tid 105946
FindTargetPageId rootid 3 tid 105945
target_page_id id: 5 tid 105945
0 1 tid 105945
155 4 tid 105945
365 2 tid 105945
492 5 tid 105945
168 tid 105945
Insert  tid 105945
FindTargetPageId rootid 3 tid 105947
target_page_id id: 5 tid 105947
0 1 tid 105947
155 4 tid 105947
365 2 tid 105947
492 5 tid 105947
169 tid 105947
Insert  tid 105947
FindTargetPageId rootid 3 tid 105947
target_page_id id: 5 tid 105947
0 1 tid 105947
155 4 tid 105947
365 2 tid 105947
492 5 tid 105947
169 tid 105947
Insert  tid 105947
FindTargetPageId rootid 3 tid 105947
target_page_id id: 5 tid 105947
0 1 tid 105947
155 4 tid 105947
365 2 tid 105947
492 5 tid 105947
169 tid 105947
Insert  tid 105947
FindTargetPageId rootid 3 tid 105947
target_page_id id: 5 tid 105947
0 1 tid 105947
155 4 tid 105947
365 2 tid 105947
492 5 tid 105947
169 tid 105947
Insert  tid 105947
FindTargetPageId rootid 3 tid 105947
target_page_id id: 5 tid 105947
0 1 tid 105947
155 4 tid 105947
365 2 tid 105947
492 5 tid 105947
169 tid 105947
Insert  tid 105947
FindTargetPageId rootid 3 tid 105947
target_page_id id: 5 tid 105947
0 1 tid 105947
155 4 tid 105947
365 2 tid 105947
492 5 tid 105947
169 tid 105947
Insert  tid 105947
FindTargetPageId rootid 3 tid 105947
target_page_id id: 5 tid 105947
0 1 tid 105947
155 4 tid 105947
365 2 tid 105947
492 5 tid 105947
169 tid 105947
Insert  tid 105947
FindTargetPageId rootid 3 tid 105947
target_page_id id: 5 tid 105947
0 1 tid 105947
155 4 tid 105947
365 2 tid 105947
492 5 tid 105947
169 tid 105947
Insert  tid 105947
FindTargetPageId rootid 3 tid 105947
target_page_id id: 5 tid 105947
0 1 tid 105947
155 4 tid 105947
365 2 tid 105947
492 5 tid 105947
169 tid 105947
Insert  tid 105947
FindTargetPageId rootid 3 tid 105947
target_page_id id: 5 tid 105947
0 1 tid 105947
155 4 tid 105947
365 2 tid 105947
492 5 tid 105947
169 tid 105947
Insert  tid 105947
FindTargetPageId rootid 3 tid 105947
target_page_id id: 5 tid 105947
0 1 tid 105947
155 4 tid 105947
365 2 tid 105947
492 5 tid 105947
169 tid 105947
Insert  tid 105947
FindTargetPageId rootid 3 tid 105947
target_page_id id: 5 tid 105947
0 1 tid 105947
155 4 tid 105947
365 2 tid 105947
492 5 tid 105947
169 tid 105947
Insert  tid 105947
FindTargetPageId rootid 3 tid 105947
target_page_id id: 5 tid 105947
0 1 tid 105947
155 4 tid 105947
365 2 tid 105947
492 5 tid 105947
169 tid 105947
Insert  tid 105947
FindTargetPageId rootid 3 tid 105947
target_page_id id: 5 tid 105947
0 1 tid 105947
155 4 tid 105947
365 2 tid 105947
492 5 tid 105947
169 tid 105947
Insert  tid 105947
FindTargetPageId rootid 3 tid 105947
target_page_id id: 5 tid 105947
0 1 tid 105947
155 4 tid 105947
365 2 tid 105947
492 5 tid 105947
169 tid 105947
Insert  tid 105947
FindTargetPageId rootid 3 tid 105947
target_page_id id: 5 tid 105947
0 1 tid 105947
155 4 tid 105947
365 2 tid 105947
492 5 tid 105947
169 tid 105947
Insert  tid 105947
FindTargetPageId rootid 3 tid 105947
target_page_id id: 5 tid 105947
0 1 tid 105947
155 4 tid 105947
365 2 tid 105947
492 5 tid 105947
169 tid 105947
Insert  tid 105947
FindTargetPageId rootid 3 tid 105947
target_page_id id: 5 tid 105947
0 1 tid 105947
155 4 tid 105947
365 2 tid 105947
492 5 tid 105947
170 tid 105947
Insert  tid 105947
FindTargetPageId rootid 3 tid 105947
target_page_id id: 5 tid 105947
0 1 tid 105947
155 4 tid 105947
365 2 tid 105947
492 5 tid 105947
171 tid 105947
Insert  tid 105947
FindTargetPageId rootid 3 tid 105945
target_page_id id: 5 tid 105945
0 1 tid 105945
155 4 tid 105945
365 2 tid 105945
492 5 tid 105945
172 tid 105945
Insert  tid 105945
FindTargetPageId rootid 3 tid 105946
target_page_id id: 5 tid 105946
0 1 tid 105946
155 4 tid 105946
365 2 tid 105946
492 5 tid 105946
172 tid 105946
Remove  tid 105946
FindTargetPageId rootid 3 tid 105946
target_page_id id: 5 tid 105946
0 1 tid 105946
155 4 tid 105946
365 2 tid 105946
492 5 tid 105946
172 tid 105946
Remove  tid 105946
FindTargetPageId rootid 3 tid 105946
target_page_id id: 5 tid 105946
0 1 tid 105946
155 4 tid 105946
365 2 tid 105946
492 5 tid 105946
172 tid 105946
Remove  tid 105946
FindTargetPageId rootid 3 tid 105946
target_page_id id: 5 tid 105946
0 1 tid 105946
155 4 tid 105946
365 2 tid 105946
492 5 tid 105946
172 tid 105946
Remove  tid 105946
FindTargetPageId rootid 3 tid 105946
target_page_id id: 5 tid 105946
0 1 tid 105946
155 4 tid 105946
365 2 tid 105946
492 5 tid 105946
172 tid 105946
Remove  tid 105946
FindTargetPageId rootid 3 tid 105946
target_page_id id: 5 tid 105946
0 1 tid 105946
155 4 tid 105946
365 2 tid 105946
492 5 tid 105946
172 tid 105946
Remove  tid 105946
FindTargetPageId rootid 3 tid 105946
target_page_id id: 5 tid 105946
0 1 tid 105946
155 4 tid 105946
365 2 tid 105946
492 5 tid 105946
172 tid 105946
Remove  tid 105946
FindTargetPageId rootid 3 tid 105946
target_page_id id: 5 tid 105946
0 1 tid 105946
155 4 tid 105946
365 2 tid 105946
492 5 tid 105946
172 tid 105946
Remove  tid 105946
FindTargetPageId rootid 3 tid 105946
target_page_id id: 5 tid 105946
0 1 tid 105946
155 4 tid 105946
365 2 tid 105946
492 5 tid 105946
172 tid 105946
Remove  tid 105946
FindTargetPageId rootid 3 tid 105946
target_page_id id: 5 tid 105946
0 1 tid 105946
155 4 tid 105946
365 2 tid 105946
492 5 tid 105946
172 tid 105946
Remove  tid 105946
FindTargetPageId rootid 3 tid 105946
target_page_id id: 5 tid 105946
0 1 tid 105946
155 4 tid 105946
365 2 tid 105946
492 5 tid 105946
172 tid 105946
Remove  tid 105946
FindTargetPageId rootid 3 tid 105946
target_page_id id: 5 tid 105946
0 1 tid 105946
155 4 tid 105946
365 2 tid 105946
492 5 tid 105946
172 tid 105946
Remove  tid 105946
FindTargetPageId rootid 3 tid 105946
target_page_id id: 5 tid 105946
0 1 tid 105946
155 4 tid 105946
365 2 tid 105946
492 5 tid 105946
172 tid 105946
Remove  tid 105946
FindTargetPageId rootid 3 tid 105946
target_page_id id: 5 tid 105946
0 1 tid 105946
155 4 tid 105946
365 2 tid 105946
492 5 tid 105946
172 tid 105946
Remove  tid 105946
FindTargetPageId rootid 3 tid 105946
target_page_id id: 5 tid 105946
0 1 tid 105946
155 4 tid 105946
365 2 tid 105946
492 5 tid 105946
172 tid 105946
Remove  tid 105946
FindTargetPageId rootid 3 tid 105946
target_page_id id: 5 tid 105946
0 1 tid 105946
155 4 tid 105946
365 2 tid 105946
492 5 tid 105946
172 tid 105946
Remove  tid 105946
FindTargetPageId rootid 3 tid 105946
target_page_id id: 5 tid 105946
0 1 tid 105946
155 4 tid 105946
365 2 tid 105946
492 5 tid 105946
172 tid 105946
Remove  tid 105946
FindTargetPageId rootid 3 tid 105946
target_page_id id: 5 tid 105946
0 1 tid 105946
155 4 tid 105946
365 2 tid 105946
492 5 tid 105946
172 tid 105946
Remove  tid 105946
FindTargetPageId rootid 3 tid 105946
target_page_id id: 5 tid 105946
0 1 tid 105946
155 4 tid 105946
365 2 tid 105946
492 5 tid 105946
172 tid 105946
Remove  tid 105946
FindTargetPageId rootid 3 tid 105946
target_page_id id: 5 tid 105946
0 1 tid 105946
155 4 tid 105946
365 2 tid 105946
492 5 tid 105946
172 tid 105946
Remove  tid 105946
FindTargetPageId rootid 3 tid 105946
target_page_id id: 5 tid 105946
0 1 tid 105946
155 4 tid 105946
365 2 tid 105946
492 5 tid 105946
172 tid 105946
Remove  tid 105946
FindTargetPageId rootid 3 tid 105946
target_page_id id: 5 tid 105946
0 1 tid 105946
155 4 tid 105946
365 2 tid 105946
492 5 tid 105946
172 tid 105946
Remove  tid 105946
FindTargetPageId rootid 3 tid 105946
target_page_id id: 5 tid 105946
0 1 tid 105946
155 4 tid 105946
365 2 tid 105946
492 5 tid 105946
172 tid 105946
Remove  tid 105946
FindTargetPageId rootid 3 tid 105946
target_page_id id: 5 tid 105946
0 1 tid 105946
155 4 tid 105946
365 2 tid 105946
492 5 tid 105946
172 tid 105946
Remove  tid 105946
FindTargetPageId rootid 3 tid 105946
target_page_id id: 5 tid 105946
0 1 tid 105946
155 4 tid 105946
365 2 tid 105946
492 5 tid 105946
172 tid 105946
Remove  tid 105946
FindTargetPageId rootid 3 tid 105946
target_page_id id: 5 tid 105946
0 1 tid 105946
155 4 tid 105946
365 2 tid 105946
492 5 tid 105946
172 tid 105946
Remove  tid 105946
FindTargetPageId rootid 3 tid 105946
target_page_id id: 5 tid 105946
0 1 tid 105946
155 4 tid 105946
365 2 tid 105946
492 5 tid 105946
172 tid 105946
Remove  tid 105946
FindTargetPageId rootid 3 tid 105946
target_page_id id: 5 tid 105946
0 1 tid 105946
155 4 tid 105946
365 2 tid 105946
492 5 tid 105946
172 tid 105946
Remove  tid 105946
FindTargetPageId rootid 3 tid 105946
target_page_id id: 5 tid 105946
0 1 tid 105946
155 4 tid 105946
365 2 tid 105946
492 5 tid 105946
172 tid 105946
Remove  tid 105946
FindTargetPageId rootid 3 tid 105946
target_page_id id: 5 tid 105946
0 1 tid 105946
155 4 tid 105946
365 2 tid 105946
492 5 tid 105946
172 tid 105946
Remove  tid 105946
FindTargetPageId rootid 3 tid 105946
target_page_id id: 5 tid 105946
0 1 tid 105946
155 4 tid 105946
365 2 tid 105946
492 5 tid 105946
172 tid 105946
Remove  tid 105946
FindTargetPageId rootid 3 tid 105946
target_page_id id: 5 tid 105946
0 1 tid 105946
155 4 tid 105946
365 2 tid 105946
492 5 tid 105946
172 tid 105946
Remove  tid 105946
FindTargetPageId rootid 3 tid 105946
target_page_id id: 5 tid 105946
0 1 tid 105946
155 4 tid 105946
365 2 tid 105946
492 5 tid 105946
172 tid 105946
Remove  tid 105946
FindTargetPageId rootid 3 tid 105946
target_page_id id: 5 tid 105946
0 1 tid 105946
155 4 tid 105946
365 2 tid 105946
492 5 tid 105946
172 tid 105946
Remove  tid 105946
FindTargetPageId rootid 3 tid 105946
target_page_id id: 5 tid 105946
0 1 tid 105946
155 4 tid 105946
365 2 tid 105946
492 5 tid 105946
172 tid 105946
Remove  tid 105946
FindTargetPageId rootid 3 tid 105946
target_page_id id: 5 tid 105946
0 1 tid 105946
155 4 tid 105946
365 2 tid 105946
492 5 tid 105946
172 tid 105946
Remove  tid 105946
FindTargetPageId rootid 3 tid 105946
target_page_id id: 5 tid 105946
0 1 tid 105946
155 4 tid 105946
365 2 tid 105946
492 5 tid 105946
172 tid 105946
Remove  tid 105946
FindTargetPageId rootid 3 tid 105946
target_page_id id: 5 tid 105946
0 1 tid 105946
155 4 tid 105946
365 2 tid 105946
492 5 tid 105946
172 tid 105946
Remove  tid 105946
FindTargetPageId rootid 3 tid 105946
target_page_id id: 5 tid 105946
0 1 tid 105946
155 4 tid 105946
365 2 tid 105946
492 5 tid 105946
172 tid 105946
Remove  tid 105946
FindTargetPageId rootid 3 tid 105946
target_page_id id: 5 tid 105946
0 1 tid 105946
155 4 tid 105946
365 2 tid 105946
492 5 tid 105946
172 tid 105946
Remove  tid 105946
FindTargetPageId rootid 3 tid 105946
target_page_id id: 5 tid 105946
0 1 tid 105946
155 4 tid 105946
365 2 tid 105946
492 5 tid 105946
172 tid 105946
Remove  tid 105946
FindTargetPageId rootid 3 tid 105946
target_page_id id: 5 tid 105946
0 1 tid 105946
155 4 tid 105946
365 2 tid 105946
492 5 tid 105946
172 tid 105946
Remove  tid 105946
FindTargetPageId rootid 3 tid 105946
target_page_id id: 5 tid 105946
0 1 tid 105946
155 4 tid 105946
365 2 tid 105946
492 5 tid 105946
172 tid 105946
Remove  tid 105946
FindTargetPageId rootid 3 tid 105946
target_page_id id: 5 tid 105946
0 1 tid 105946
155 4 tid 105946
365 2 tid 105946
492 5 tid 105946
172 tid 105946
Remove  tid 105946
FindTargetPageId rootid 3 tid 105946
target_page_id id: 5 tid 105946
0 1 tid 105946
155 4 tid 105946
365 2 tid 105946
492 5 tid 105946
172 tid 105946
Remove  tid 105946
FindTargetPageId rootid 3 tid 105946
target_page_id id: 5 tid 105946
0 1 tid 105946
155 4 tid 105946
365 2 tid 105946
492 5 tid 105946
172 tid 105946
Remove  tid 105946
FindTargetPageId rootid 3 tid 105946
target_page_id id: 5 tid 105946
0 1 tid 105946
155 4 tid 105946
365 2 tid 105946
492 5 tid 105946
172 tid 105946
Remove  tid 105946
FindTargetPageId rootid 3 tid 105946
target_page_id id: 5 tid 105946
0 1 tid 105946
155 4 tid 105946
365 2 tid 105946
492 5 tid 105946
172 tid 105946
Remove  tid 105946
FindTargetPageId rootid 3 tid 105946
target_page_id id: 5 tid 105946
0 1 tid 105946
155 4 tid 105946
365 2 tid 105946
492 5 tid 105946
172 tid 105946
Remove  tid 105946
FindTargetPageId rootid 3 tid 105946
target_page_id id: 5 tid 105946
0 1 tid 105946
155 4 tid 105946
365 2 tid 105946
492 5 tid 105946
172 tid 105946
Remove  tid 105946
FindTargetPageId rootid 3 tid 105946
target_page_id id: 5 tid 105946
0 1 tid 105946
155 4 tid 105946
365 2 tid 105946
492 5 tid 105946
172 tid 105946
Remove  tid 105946
FindTargetPageId rootid 3 tid 105946
target_page_id id: 5 tid 105946
0 1 tid 105946
155 4 tid 105946
365 2 tid 105946
492 5 tid 105946
172 tid 105946
Remove  tid 105946
FindTargetPageId rootid 3 tid 105945
target_page_id id: 5 tid 105945
0 1 tid 105945
155 4 tid 105945
365 2 tid 105945
492 5 tid 105945
172 tid 105945
Insert  tid 105945
FindTargetPageId rootid 3 tid 105947
target_page_id id: 5 tid 105947
0 1 tid 105947
155 4 tid 105947
365 2 tid 105947
492 5 tid 105947
172 tid 105947
Insert  tid 105947
FindTargetPageId rootid 3 tid 105946
target_page_id id: 5 tid 105946
0 1 tid 105946
155 4 tid 105946
365 2 tid 105946
492 5 tid 105946
173 tid 105946
Remove  tid 105946
FindTargetPageId rootid 3 tid 105945
target_page_id id: 5 tid 105945
0 1 tid 105945
155 4 tid 105945
365 2 tid 105945
492 5 tid 105945
173 tid 105945
Insert  tid 105945
FindTargetPageId rootid 3 tid 105945
target_page_id id: 5 tid 105945
0 1 tid 105945
155 4 tid 105945
365 2 tid 105945
492 5 tid 105945
173 tid 105945
Insert  tid 105945
FindTargetPageId rootid 3 tid 105945
target_page_id id: 5 tid 105945
0 1 tid 105945
155 4 tid 105945
365 2 tid 105945
492 5 tid 105945
173 tid 105945
Insert  tid 105945
FindTargetPageId rootid 3 tid 105945
target_page_id id: 5 tid 105945
0 1 tid 105945
155 4 tid 105945
365 2 tid 105945
492 5 tid 105945
174 tid 105945
Insert  tid 105945
FindTargetPageId rootid 3 tid 105945
target_page_id id: 5 tid 105945
0 1 tid 105945
155 4 tid 105945
365 2 tid 105945
492 5 tid 105945
175 tid 105945
Insert  tid 105945
FindTargetPageId rootid 3 tid 105945
target_page_id id: 5 tid 105945
0 1 tid 105945
155 4 tid 105945
365 2 tid 105945
492 5 tid 105945
176 tid 105945
Insert  tid 105945
FindTargetPageId rootid 3 tid 105947
target_page_id id: 5 tid 105947
0 1 tid 105947
155 4 tid 105947
365 2 tid 105947
492 5 tid 105947
177 tid 105947
Insert  tid 105947
FindTargetPageId rootid 3 tid 105947
target_page_id id: 5 tid 105947
0 1 tid 105947
155 4 tid 105947
365 2 tid 105947
492 5 tid 105947
177 tid 105947
Insert  tid 105947
FindTargetPageId rootid 3 tid 105947
target_page_id id: 5 tid 105947
0 1 tid 105947
155 4 tid 105947
365 2 tid 105947
492 5 tid 105947
177 tid 105947
Insert  tid 105947
FindTargetPageId rootid 3 tid 105947
target_page_id id: 5 tid 105947
0 1 tid 105947
155 4 tid 105947
365 2 tid 105947
492 5 tid 105947
177 tid 105947
Insert  tid 105947
FindTargetPageId rootid 3 tid 105947
target_page_id id: 5 tid 105947
0 1 tid 105947
155 4 tid 105947
365 2 tid 105947
492 5 tid 105947
177 tid 105947
Insert  tid 105947
FindTargetPageId rootid 3 tid 105945
target_page_id id: 5 tid 105945
0 1 tid 105945
155 4 tid 105945
365 2 tid 105945
492 5 tid 105945
178 tid 105945
Insert  tid 105945
FindTargetPageId rootid 3 tid 105945
target_page_id id: 5 tid 105945
0 1 tid 105945
155 4 tid 105945
365 2 tid 105945
492 5 tid 105945
178 tid 105945
Insert  tid 105945
FindTargetPageId rootid 3 tid 105945
target_page_id id: 5 tid 105945
0 1 tid 105945
155 4 tid 105945
365 2 tid 105945
492 5 tid 105945
179 tid 105945
Insert  tid 105945
FindTargetPageId rootid 3 tid 105945
target_page_id id: 5 tid 105945
0 1 tid 105945
155 4 tid 105945
365 2 tid 105945
492 5 tid 105945
180 tid 105945
Insert  tid 105945
FindTargetPageId rootid 3 tid 105945
target_page_id id: 5 tid 105945
0 1 tid 105945
155 4 tid 105945
365 2 tid 105945
492 5 tid 105945
181 tid 105945
Insert  tid 105945
FindTargetPageId rootid 3 tid 105945
target_page_id id: 5 tid 105945
0 1 tid 105945
155 4 tid 105945
365 2 tid 105945
492 5 tid 105945
182 tid 105945
Insert  tid 105945
FindTargetPageId rootid 3 tid 105945
target_page_id id: 5 tid 105945
0 1 tid 105945
155 4 tid 105945
365 2 tid 105945
492 5 tid 105945
183 tid 105945
Insert  tid 105945
FindTargetPageId rootid 3 tid 105945
target_page_id id: 5 tid 105945
0 1 tid 105945
155 4 tid 105945
365 2 tid 105945
492 5 tid 105945
184 tid 105945
Insert  tid 105945
FindTargetPageId rootid 3 tid 105945
target_page_id id: 5 tid 105945
0 1 tid 105945
155 4 tid 105945
365 2 tid 105945
492 5 tid 105945
185 tid 105945
Insert  tid 105945
FindTargetPageId rootid 3 tid 105945
target_page_id id: 5 tid 105945
0 1 tid 105945
155 4 tid 105945
365 2 tid 105945
492 5 tid 105945
186 tid 105945
Insert  tid 105945
FindTargetPageId rootid 3 tid 105945
target_page_id id: 5 tid 105945
0 1 tid 105945
155 4 tid 105945
365 2 tid 105945
492 5 tid 105945
187 tid 105945
Insert  tid 105945
FindTargetPageId rootid 3 tid 105945
target_page_id id: 5 tid 105945
0 1 tid 105945
155 4 tid 105945
365 2 tid 105945
492 5 tid 105945
188 tid 105945
Insert  tid 105945
FindTargetPageId rootid 3 tid 105945
target_page_id id: 5 tid 105945
0 1 tid 105945
155 4 tid 105945
365 2 tid 105945
492 5 tid 105945
189 tid 105945
Insert  tid 105945
FindTargetPageId rootid 3 tid 105945
target_page_id id: 5 tid 105945
0 1 tid 105945
155 4 tid 105945
365 2 tid 105945
492 5 tid 105945
190 tid 105945
Insert  tid 105945
FindTargetPageId rootid 3 tid 105945
target_page_id id: 5 tid 105945
0 1 tid 105945
155 4 tid 105945
365 2 tid 105945
492 5 tid 105945
191 tid 105945
Insert  tid 105945
FindTargetPageId rootid 3 tid 105945
target_page_id id: 5 tid 105945
0 1 tid 105945
155 4 tid 105945
365 2 tid 105945
492 5 tid 105945
192 tid 105945
Insert  tid 105945
FindTargetPageId rootid 3 tid 105945
target_page_id id: 5 tid 105945
0 1 tid 105945
155 4 tid 105945
365 2 tid 105945
492 5 tid 105945
193 tid 105945
Insert  tid 105945
FindTargetPageId rootid 3 tid 105945
target_page_id id: 5 tid 105945
0 1 tid 105945
155 4 tid 105945
365 2 tid 105945
492 5 tid 105945
194 tid 105945
Insert  tid 105945
FindTargetPageId rootid 3 tid 105945
target_page_id id: 5 tid 105945
0 1 tid 105945
155 4 tid 105945
365 2 tid 105945
492 5 tid 105945
195 tid 105945
Insert  tid 105945
FindTargetPageId rootid 3 tid 105947
target_page_id id: 5 tid 105947
0 1 tid 105947
155 4 tid 105947
365 2 tid 105947
492 5 tid 105947
196 tid 105947
Insert  tid 105947
FindTargetPageId rootid 3 tid 105947
target_page_id id: 5 tid 105947
0 1 tid 105947
155 4 tid 105947
365 2 tid 105947
492 5 tid 105947
196 tid 105947
Insert  tid 105947
FindTargetPageId rootid 3 tid 105947
target_page_id id: 5 tid 105947
0 1 tid 105947
155 4 tid 105947
365 2 tid 105947
492 5 tid 105947
196 tid 105947
Insert  tid 105947
FindTargetPageId rootid 3 tid 105947
target_page_id id: 5 tid 105947
0 1 tid 105947
155 4 tid 105947
365 2 tid 105947
492 5 tid 105947
196 tid 105947
Insert  tid 105947
FindTargetPageId rootid 3 tid 105947
target_page_id id: 5 tid 105947
0 1 tid 105947
155 4 tid 105947
365 2 tid 105947
492 5 tid 105947
196 tid 105947
Insert  tid 105947
FindTargetPageId rootid 3 tid 105947
target_page_id id: 5 tid 105947
0 1 tid 105947
155 4 tid 105947
365 2 tid 105947
492 5 tid 105947
196 tid 105947
Insert  tid 105947
FindTargetPageId rootid 3 tid 105947
target_page_id id: 5 tid 105947
0 1 tid 105947
155 4 tid 105947
365 2 tid 105947
492 5 tid 105947
196 tid 105947
Insert  tid 105947
FindTargetPageId rootid 3 tid 105947
target_page_id id: 5 tid 105947
0 1 tid 105947
155 4 tid 105947
365 2 tid 105947
492 5 tid 105947
196 tid 105947
Insert  tid 105947
FindTargetPageId rootid 3 tid 105947
target_page_id id: 5 tid 105947
0 1 tid 105947
155 4 tid 105947
365 2 tid 105947
492 5 tid 105947
196 tid 105947
Insert  tid 105947
FindTargetPageId rootid 3 tid 105947
target_page_id id: 5 tid 105947
0 1 tid 105947
155 4 tid 105947
365 2 tid 105947
492 5 tid 105947
196 tid 105947
Insert  tid 105947
FindTargetPageId rootid 3 tid 105947
target_page_id id: 5 tid 105947
0 1 tid 105947
155 4 tid 105947
365 2 tid 105947
492 5 tid 105947
196 tid 105947
Insert  tid 105947
FindTargetPageId rootid 3 tid 105947
target_page_id id: 5 tid 105947
0 1 tid 105947
155 4 tid 105947
365 2 tid 105947
492 5 tid 105947
196 tid 105947
Insert  tid 105947
FindTargetPageId rootid 3 tid 105947
target_page_id id: 5 tid 105947
0 1 tid 105947
155 4 tid 105947
365 2 tid 105947
492 5 tid 105947
196 tid 105947
Insert  tid 105947
FindTargetPageId rootid 3 tid 105947
target_page_id id: 5 tid 105947
0 1 tid 105947
155 4 tid 105947
365 2 tid 105947
492 5 tid 105947
196 tid 105947
Insert  tid 105947
FindTargetPageId rootid 3 tid 105945
target_page_id id: 5 tid 105945
0 1 tid 105945
155 4 tid 105945
365 2 tid 105945
492 5 tid 105945
196 tid 105945
Insert  tid 105945
FindTargetPageId rootid 3 tid 105946
target_page_id id: 5 tid 105946
0 1 tid 105946
155 4 tid 105946
365 2 tid 105946
492 5 tid 105946
197 tid 105946
Remove  tid 105946
FindTargetPageId rootid 3 tid 105946
target_page_id id: 5 tid 105946
0 1 tid 105946
155 4 tid 105946
365 2 tid 105946
492 5 tid 105946
197 tid 105946
Remove  tid 105946
FindTargetPageId rootid 3 tid 105946
target_page_id id: 5 tid 105946
0 1 tid 105946
155 4 tid 105946
365 2 tid 105946
492 5 tid 105946
197 tid 105946
Remove  tid 105946
FindTargetPageId rootid 3 tid 105947
target_page_id id: 5 tid 105947
0 1 tid 105947
155 4 tid 105947
365 2 tid 105947
492 5 tid 105947
197 tid 105947
Insert  tid 105947
FindTargetPageId rootid 3 tid 105946
target_page_id id: 5 tid 105946
0 1 tid 105946
155 4 tid 105946
365 2 tid 105946
492 5 tid 105946
197 tid 105946
Remove  tid 105946
FindTargetPageId rootid 3 tid 105946
target_page_id id: 5 tid 105946
0 1 tid 105946
155 4 tid 105946
365 2 tid 105946
492 5 tid 105946
197 tid 105946
Remove  tid 105946
FindTargetPageId rootid 3 tid 105946
target_page_id id: 5 tid 105946
0 1 tid 105946
155 4 tid 105946
365 2 tid 105946
492 5 tid 105946
197 tid 105946
Remove  tid 105946
FindTargetPageId rootid 3 tid 105946
target_page_id id: 5 tid 105946
0 1 tid 105946
155 4 tid 105946
365 2 tid 105946
492 5 tid 105946
197 tid 105946
Remove  tid 105946
FindTargetPageId rootid 3 tid 105945
target_page_id id: 5 tid 105945
0 1 tid 105945
155 4 tid 105945
365 2 tid 105945
492 5 tid 105945
197 tid 105945
Insert  tid 105945
FindTargetPageId rootid 3 tid 105947
target_page_id id: 5 tid 105947
0 1 tid 105947
155 4 tid 105947
365 2 tid 105947
492 5 tid 105947
198 tid 105947
Insert  tid 105947
FindTargetPageId rootid 3 tid 105946
target_page_id id: 5 tid 105946
0 1 tid 105946
155 4 tid 105946
365 2 tid 105946
492 5 tid 105946
198 tid 105946
Remove  tid 105946
FindTargetPageId rootid 3 tid 105946
target_page_id id: 5 tid 105946
0 1 tid 105946
155 4 tid 105946
365 2 tid 105946
492 5 tid 105946
198 tid 105946
Remove  tid 105946
FindTargetPageId rootid 3 tid 105946
target_page_id id: 5 tid 105946
0 1 tid 105946
155 4 tid 105946
365 2 tid 105946
492 5 tid 105946
198 tid 105946
Remove  tid 105946
FindTargetPageId rootid 3 tid 105946
target_page_id id: 5 tid 105946
0 1 tid 105946
155 4 tid 105946
365 2 tid 105946
492 5 tid 105946
198 tid 105946
Remove  tid 105946
FindTargetPageId rootid 3 tid 105946
target_page_id id: 5 tid 105946
0 1 tid 105946
155 4 tid 105946
365 2 tid 105946
492 5 tid 105946
198 tid 105946
Remove  tid 105946
FindTargetPageId rootid 3 tid 105946
target_page_id id: 5 tid 105946
0 1 tid 105946
155 4 tid 105946
365 2 tid 105946
492 5 tid 105946
198 tid 105946
Remove  tid 105946
FindTargetPageId rootid 3 tid 105945
target_page_id id: 5 tid 105945
0 1 tid 105945
155 4 tid 105945
365 2 tid 105945
492 5 tid 105945
198 tid 105945
Insert  tid 105945
FindTargetPageId rootid 3 tid 105947
target_page_id id: 5 tid 105947
0 1 tid 105947
155 4 tid 105947
365 2 tid 105947
492 5 tid 105947
199 tid 105947
Insert  tid 105947
FindTargetPageId rootid 3 tid 105947
target_page_id id: 5 tid 105947
0 1 tid 105947
155 4 tid 105947
365 2 tid 105947
492 5 tid 105947
199 tid 105947
Insert  tid 105947
FindTargetPageId rootid 3 tid 105947
target_page_id id: 5 tid 105947
0 1 tid 105947
155 4 tid 105947
365 2 tid 105947
492 5 tid 105947
199 tid 105947
Insert  tid 105947
FindTargetPageId rootid 3 tid 105947
target_page_id id: 5 tid 105947
0 1 tid 105947
155 4 tid 105947
365 2 tid 105947
492 5 tid 105947
199 tid 105947
Insert  tid 105947
FindTargetPageId rootid 3 tid 105947
target_page_id id: 5 tid 105947
0 1 tid 105947
155 4 tid 105947
365 2 tid 105947
492 5 tid 105947
199 tid 105947
Insert  tid 105947
FindTargetPageId rootid 3 tid 105946
target_page_id id: 5 tid 105946
0 1 tid 105946
155 4 tid 105946
365 2 tid 105946
492 5 tid 105946
199 tid 105946
Remove  tid 105946
FindTargetPageId rootid 3 tid 105946
target_page_id id: 5 tid 105946
0 1 tid 105946
155 4 tid 105946
365 2 tid 105946
492 5 tid 105946
199 tid 105946
Remove  tid 105946
FindTargetPageId rootid 3 tid 105946
target_page_id id: 5 tid 105946
0 1 tid 105946
155 4 tid 105946
365 2 tid 105946
492 5 tid 105946
199 tid 105946
Remove  tid 105946
FindTargetPageId rootid 3 tid 105946
target_page_id id: 5 tid 105946
0 1 tid 105946
155 4 tid 105946
365 2 tid 105946
492 5 tid 105946
199 tid 105946
Remove  tid 105946
FindTargetPageId rootid 3 tid 105946
target_page_id id: 5 tid 105946
0 1 tid 105946
155 4 tid 105946
365 2 tid 105946
492 5 tid 105946
199 tid 105946
Remove  tid 105946
FindTargetPageId rootid 3 tid 105946
target_page_id id: 5 tid 105946
0 1 tid 105946
155 4 tid 105946
365 2 tid 105946
492 5 tid 105946
199 tid 105946
Remove  tid 105946
FindTargetPageId rootid 3 tid 105946
target_page_id id: 5 tid 105946
0 1 tid 105946
155 4 tid 105946
365 2 tid 105946
492 5 tid 105946
199 tid 105946
Remove  tid 105946
FindTargetPageId rootid 3 tid 105945
target_page_id id: 5 tid 105945
0 1 tid 105945
155 4 tid 105945
365 2 tid 105945
492 5 tid 105945
199 tid 105945
Insert  tid 105945
FindTargetPageId rootid 3 tid 105947
target_page_id id: 5 tid 105947
0 1 tid 105947
155 4 tid 105947
365 2 tid 105947
492 5 tid 105947
200 tid 105947
Insert  tid 105947
FindTargetPageId rootid 3 tid 105946
target_page_id id: 5 tid 105946
0 1 tid 105946
155 4 tid 105946
365 2 tid 105946
492 5 tid 105946
200 tid 105946
Remove  tid 105946
FindTargetPageId rootid 3 tid 105946
target_page_id id: 5 tid 105946
0 1 tid 105946
155 4 tid 105946
365 2 tid 105946
492 5 tid 105946
200 tid 105946
Remove  tid 105946
FindTargetPageId rootid 3 tid 105946
target_page_id id: 5 tid 105946
0 1 tid 105946
155 4 tid 105946
365 2 tid 105946
492 5 tid 105946
200 tid 105946
Remove  tid 105946
FindTargetPageId rootid 3 tid 105946
target_page_id id: 5 tid 105946
0 1 tid 105946
155 4 tid 105946
365 2 tid 105946
492 5 tid 105946
200 tid 105946
Remove  tid 105946
FindTargetPageId rootid 3 tid 105946
target_page_id id: 5 tid 105946
0 1 tid 105946
155 4 tid 105946
365 2 tid 105946
492 5 tid 105946
200 tid 105946
Remove  tid 105946
FindTargetPageId rootid 3 tid 105946
target_page_id id: 5 tid 105946
0 1 tid 105946
155 4 tid 105946
365 2 tid 105946
492 5 tid 105946
200 tid 105946
Remove  tid 105946
FindTargetPageId rootid 3 tid 105946
target_page_id id: 5 tid 105946
0 1 tid 105946
155 4 tid 105946
365 2 tid 105946
492 5 tid 105946
200 tid 105946
Remove  tid 105946
FindTargetPageId rootid 3 tid 105946
target_page_id id: 5 tid 105946
0 1 tid 105946
155 4 tid 105946
365 2 tid 105946
492 5 tid 105946
200 tid 105946
Remove  tid 105946
FindTargetPageId rootid 3 tid 105947
target_page_id id: 5 tid 105947
0 1 tid 105947
155 4 tid 105947
365 2 tid 105947
492 5 tid 105947
200 tid 105947
FindTargetPageId rootid 3 tid 105945
target_page_id id: 5 tid 105945
0 1 tid 105945
155 4 tid 105945
365 2 tid 105945
492 5 tid 105945
201 tid 105945
Insert  tid 105947
Insert  tid 105945
FindTargetPageId rootid 3 tid 105947
target_page_id id: 5 tid 105947
0 1 tid 105947
155 4 tid 105947
365 2 tid 105947
492 5 tid 105947
201 tid 105947
Insert  tid 105947
FindTargetPageId rootid 3 tid 105946
target_page_id id: 5 tid 105946
0 1 tid 105946
155 4 tid 105946
365 2 tid 105946
492 5 tid 105946
202 tid 105946
Remove  tid 105946
FindTargetPageId rootid 3 tid 105946
target_page_id id: 5 tid 105946
0 1 tid 105946
155 4 tid 105946
365 2 tid 105946
492 5 tid 105946
202 tid 105946
Remove  tid 105946
FindTargetPageId rootid 3 tid 105945
target_page_id id: 5 tid 105945
0 1 tid 105945
155 4 tid 105945
365 2 tid 105945
492 5 tid 105945
202 tid 105945
Insert  tid 105945
FindTargetPageId rootid 3 tid 105945
target_page_id id: 5 tid 105945
0 1 tid 105945
155 4 tid 105945
365 2 tid 105945
492 5 tid 105945
202 tid 105945
Insert  tid 105945
FindTargetPageId rootid 3 tid 105945
target_page_id id: 5 tid 105945
0 1 tid 105945
155 4 tid 105945
365 2 tid 105945
492 5 tid 105945
203 tid 105945
Insert  tid 105945
FindTargetPageId rootid 3 tid 105947
target_page_id id: 5 tid 105947
0 1 tid 105947
155 4 tid 105947
365 2 tid 105947
492 5 tid 105947
204 tid 105947
Insert  tid 105947
FindTargetPageId rootid 3 tid 105946
target_page_id id: 5 tid 105946
0 1 tid 105946
155 4 tid 105946
365 2 tid 105946
492 5 tid 105946
204 tid 105946
Remove  tid 105946
FindTargetPageId rootid 3 tid 105945
target_page_id id: 5 tid 105945
0 1 tid 105945
155 4 tid 105945
365 2 tid 105945
492 5 tid 105945
204 tid 105945
Insert  tid 105945
FindTargetPageId rootid 3 tid 105947
target_page_id id: 5 tid 105947
0 1 tid 105947
155 4 tid 105947
365 2 tid 105947
492 5 tid 105947
205 tid 105947
Insert  tid 105947
FindTargetPageId rootid 3 tid 105946
target_page_id id: 5 tid 105946
0 1 tid 105946
155 4 tid 105946
365 2 tid 105946
492 5 tid 105946
205 tid 105946
Remove  tid 105946
FindTargetPageId rootid 3 tid 105946
target_page_id id: 5 tid 105946
0 1 tid 105946
155 4 tid 105946
365 2 tid 105946
492 5 tid 105946
205 tid 105946
Remove  tid 105946
FindTargetPageId rootid 3 tid 105946
target_page_id id: 5 tid 105946
0 1 tid 105946
155 4 tid 105946
365 2 tid 105946
492 5 tid 105946
205 tid 105946
Remove  tid 105946
FindTargetPageId rootid 3 tid 105945
target_page_id id: 5 tid 105945
0 1 tid 105945
155 4 tid 105945
365 2 tid 105945
492 5 tid 105945
205 tid 105945
Insert  tid 105945
FindTargetPageId rootid 3 tid 105947
target_page_id id: 5 tid 105947
0 1 tid 105947
155 4 tid 105947
365 2 tid 105947
492 5 tid 105947
206 tid 105947
Insert  tid 105947
FindTargetPageId rootid 3 tid 105947
target_page_id id: 5 tid 105947
0 1 tid 105947
155 4 tid 105947
365 2 tid 105947
492 5 tid 105947
206 tid 105947
Insert  tid 105947
FindTargetPageId rootid 3 tid 105947
target_page_id id: 5 tid 105947
0 1 tid 105947
155 4 tid 105947
365 2 tid 105947
492 5 tid 105947
206 tid 105947
Insert  tid 105947
FindTargetPageId rootid 3 tid 105947
target_page_id id: 5 tid 105947
0 1 tid 105947
155 4 tid 105947
365 2 tid 105947
492 5 tid 105947
207 tid 105947
Insert  tid 105947
FindTargetPageId rootid 3 tid 105947
target_page_id id: 5 tid 105947
0 1 tid 105947
155 4 tid 105947
365 2 tid 105947
492 5 tid 105947
208 tid 105947
Insert  tid 105947
FindTargetPageId rootid 3 tid 105947
target_page_id id: 5 tid 105947
0 1 tid 105947
155 4 tid 105947
365 2 tid 105947
492 5 tid 105947
209 tid 105947
Insert  tid 105947
FindTargetPageId rootid 3 tid 105947
target_page_id id: 5 tid 105947
0 1 tid 105947
155 4 tid 105947
365 2 tid 105947
492 5 tid 105947
210 tid 105947
Insert  tid 105947
FindTargetPageId rootid 3 tid 105947
target_page_id id: 5 tid 105947
0 1 tid 105947
155 4 tid 105947
365 2 tid 105947
492 5 tid 105947
211 tid 105947
Insert  tid 105947
FindTargetPageId rootid 3 tid 105947
target_page_id id: 5 tid 105947
0 1 tid 105947
155 4 tid 105947
365 2 tid 105947
492 5 tid 105947
212 tid 105947
Insert  tid 105947
FindTargetPageId rootid 3 tid 105947
target_page_id id: 5 tid 105947
0 1 tid 105947
155 4 tid 105947
365 2 tid 105947
492 5 tid 105947
213 tid 105947
Insert  tid 105947
FindTargetPageId rootid 3 tid 105947
target_page_id id: 5 tid 105947
0 1 tid 105947
155 4 tid 105947
365 2 tid 105947
492 5 tid 105947
214 tid 105947
Insert  tid 105947
FindTargetPageId rootid 3 tid 105947
target_page_id id: 5 tid 105947
0 1 tid 105947
155 4 tid 105947
365 2 tid 105947
492 5 tid 105947
215 tid 105947
Insert  tid 105947
FindTargetPageId rootid 3 tid 105947
target_page_id id: 5 tid 105947
0 1 tid 105947
155 4 tid 105947
365 2 tid 105947
492 5 tid 105947
216 tid 105947
Insert  tid 105947
FindTargetPageId rootid 3 tid 105947
target_page_id id: 5 tid 105947
0 1 tid 105947
155 4 tid 105947
365 2 tid 105947
492 5 tid 105947
217 tid 105947
Insert  tid 105947
FindTargetPageId rootid 3 tid 105947
target_page_id id: 5 tid 105947
0 1 tid 105947
155 4 tid 105947
365 2 tid 105947
492 5 tid 105947
218 tid 105947
Insert  tid 105947
FindTargetPageId rootid 3 tid 105947
target_page_id id: 5 tid 105947
0 1 tid 105947
155 4 tid 105947
365 2 tid 105947
492 5 tid 105947
219 tid 105947
FindTargetPageId rootid 3 tid 105946
target_page_id id: 5 tid 105946
0 1 tid 105946
155 4 tid 105946
365 2 tid 105946
492 5 tid 105946
220 tid 105946
Insert  tid 105947
FindTargetPageId rootid 3 tid 105945
target_page_id id: 5 tid 105945
0 1 tid 105945
155 4 tid 105945
365 2 tid 105945
492 5 tid 105945
220 tid 105945
Insert  tid 105945
FindTargetPageId rootid 3 tid 105945
target_page_id id: 5 tid 105945
0 1 tid 105945
155 4 tid 105945
365 2 tid 105945
492 5 tid 105945
220 tid 105945
Insert  tid 105945
FindTargetPageId rootid 3 tid 105945
target_page_id id: 5 tid 105945
0 1 tid 105945
155 4 tid 105945
365 2 tid 105945
492 5 tid 105945
Remove  tid 105946
220 tid 105945
Insert  tid 105945
FindTargetPageId rootid 3 tid 105945
target_page_id id: 5 tid 105945
0 1 tid 105945
155 4 tid 105945
365 2 tid 105945
492 5 tid 105945
220 tid 105945
Insert  tid 105945
FindTargetPageId rootid 3 tid 105945
target_page_id id: 5 tid 105945
0 1 tid 105945
155 4 tid 105945
365 2 tid 105945
492 5 tid 105945
220 tid 105945
Insert  tid 105945
FindTargetPageId rootid 3 tid 105945
target_page_id id: 5 tid 105945
0 1 tid 105945
155 4 tid 105945
365 2 tid 105945
492 5 tid 105945
220 tid 105945
Insert  tid 105945
FindTargetPageId rootid 3 tid 105945
target_page_id id: 5 tid 105945
0 1 tid 105945
155 4 tid 105945
365 2 tid 105945
492 5 tid 105945
220 tid 105945
Insert  tid 105945
FindTargetPageId rootid 3 tid 105945
target_page_id id: 5 tid 105945
0 1 tid 105945
155 4 tid 105945
365 2 tid 105945
492 5 tid 105945
220 tid 105945
Insert  tid 105945
FindTargetPageId rootid 3 tid 105945
target_page_id id: 5 tid 105945
0 1 tid 105945
155 4 tid 105945
365 2 tid 105945
492 5 tid 105945
220 tid 105945
Insert  tid 105945
FindTargetPageId rootid 3 tid 105947
target_page_id id: 5 tid 105947
0 1 tid 105947
155 4 tid 105947
365 2 tid 105947
492 5 tid 105947
220 tid 105947
Insert  tid 105947
FindTargetPageId rootid 3 tid 105947
target_page_id id: 5 tid 105947
0 1 tid 105947
155 4 tid 105947
365 2 tid 105947
492 5 tid 105947
221 tid 105947
Insert  tid 105947
FindTargetPageId rootid 3 tid 105946
target_page_id id: 5 tid 105946
0 1 tid 105946
155 4 tid 105946
365 2 tid 105946
492 5 tid 105946
222 tid 105946
Remove  tid 105946
FindTargetPageId rootid 3 tid 105946
target_page_id id: 5 tid 105946
0 1 tid 105946
155 4 tid 105946
365 2 tid 105946
492 5 tid 105946
222 tid 105946
Remove  tid 105946
FindTargetPageId rootid 3 tid 105946
target_page_id id: 5 tid 105946
0 1 tid 105946
155 4 tid 105946
365 2 tid 105946
492 5 tid 105946
222 tid 105946
Remove  tid 105946
FindTargetPageId rootid 3 tid 105946
target_page_id id: 5 tid 105946
0 1 tid 105946
155 4 tid 105946
365 2 tid 105946
492 5 tid 105946
222 tid 105946
Remove  tid 105946
FindTargetPageId rootid 3 tid 105946
target_page_id id: 5 tid 105946
0 1 tid 105946
155 4 tid 105946
365 2 tid 105946
492 5 tid 105946
222 tid 105946
Remove  tid 105946
FindTargetPageId rootid 3 tid 105946
target_page_id id: 5 tid 105946
0 1 tid 105946
155 4 tid 105946
365 2 tid 105946
492 5 tid 105946
222 tid 105946
Remove  tid 105946
FindTargetPageId rootid 3 tid 105946
target_page_id id: 5 tid 105946
0 1 tid 105946
155 4 tid 105946
365 2 tid 105946
492 5 tid 105946
222 tid 105946
Remove  tid 105946
FindTargetPageId rootid 3 tid 105946
target_page_id id: 5 tid 105946
0 1 tid 105946
155 4 tid 105946
365 2 tid 105946
492 5 tid 105946
222 tid 105946
Remove  tid 105946
FindTargetPageId rootid 3 tid 105946
target_page_id id: 5 tid 105946
0 1 tid 105946
155 4 tid 105946
365 2 tid 105946
492 5 tid 105946
222 tid 105946
Remove  tid 105946
FindTargetPageId rootid 3 tid 105946
target_page_id id: 5 tid 105946
0 1 tid 105946
155 4 tid 105946
365 2 tid 105946
492 5 tid 105946
222 tid 105946
Remove  tid 105946
FindTargetPageId rootid 3 tid 105946
target_page_id id: 5 tid 105946
0 1 tid 105946
155 4 tid 105946
365 2 tid 105946
492 5 tid 105946
222 tid 105946
Remove  tid 105946
FindTargetPageId rootid 3 tid 105946
target_page_id id: 5 tid 105946
0 1 tid 105946
155 4 tid 105946
365 2 tid 105946
492 5 tid 105946
222 tid 105946
Remove  tid 105946
FindTargetPageId rootid 3 tid 105946
target_page_id id: 5 tid 105946
0 1 tid 105946
155 4 tid 105946
365 2 tid 105946
492 5 tid 105946
222 tid 105946
Remove  tid 105946
FindTargetPageId rootid 3 tid 105946
target_page_id id: 5 tid 105946
0 1 tid 105946
155 4 tid 105946
365 2 tid 105946
492 5 tid 105946
222 tid 105946
Remove  tid 105946
FindTargetPageId rootid 3 tid 105946
target_page_id id: 5 tid 105946
0 1 tid 105946
155 4 tid 105946
365 2 tid 105946
492 5 tid 105946
222 tid 105946
Remove  tid 105946
FindTargetPageId rootid 3 tid 105946
target_page_id id: 5 tid 105946
0 1 tid 105946
155 4 tid 105946
365 2 tid 105946
492 5 tid 105946
222 tid 105946
Remove  tid 105946
FindTargetPageId rootid 3 tid 105946
target_page_id id: 5 tid 105946
0 1 tid 105946
155 4 tid 105946
365 2 tid 105946
492 5 tid 105946
222 tid 105946
Remove  tid 105946
FindTargetPageId rootid 3 tid 105946
target_page_id id: 5 tid 105946
0 1 tid 105946
155 4 tid 105946
365 2 tid 105946
492 5 tid 105946
222 tid 105946
Remove  tid 105946
FindTargetPageId rootid 3 tid 105946
target_page_id id: 5 tid 105946
0 1 tid 105946
155 4 tid 105946
365 2 tid 105946
492 5 tid 105946
222 tid 105946
Remove  tid 105946
FindTargetPageId rootid 3 tid 105946
target_page_id id: 5 tid 105946
0 1 tid 105946
155 4 tid 105946
365 2 tid 105946
492 5 tid 105946
222 tid 105946
Remove  tid 105946
FindTargetPageId rootid 3 tid 105946
target_page_id id: 5 tid 105946
0 1 tid 105946
155 4 tid 105946
365 2 tid 105946
492 5 tid 105946
222 tid 105946
Remove  tid 105946
FindTargetPageId rootid 3 tid 105946
target_page_id id: 5 tid 105946
0 1 tid 105946
155 4 tid 105946
365 2 tid 105946
492 5 tid 105946
222 tid 105946
Remove  tid 105946
FindTargetPageId rootid 3 tid 105947
target_page_id id: 5 tid 105947
0 1 tid 105947
155 4 tid 105947
365 2 tid 105947
492 5 tid 105947
222 tid 105947
Insert  tid 105947
FindTargetPageId rootid 3 tid 105947
target_page_id id: 5 tid 105947
0 1 tid 105947
155 4 tid 105947
365 2 tid 105947
492 5 tid 105947
223 tid 105947
Insert  tid 105947
FindTargetPageId rootid 3 tid 105947
target_page_id id: 5 tid 105947
0 1 tid 105947
155 4 tid 105947
365 2 tid 105947
492 5 tid 105947
224 tid 105947
Insert  tid 105947
FindTargetPageId rootid 3 tid 105946
target_page_id id: 5 tid 105946
0 1 tid 105946
155 4 tid 105946
365 2 tid 105946
492 5 tid 105946
225 tid 105946
Remove  tid 105946
FindTargetPageId rootid 3 tid 105946
target_page_id id: 5 tid 105946
0 1 tid 105946
155 4 tid 105946
365 2 tid 105946
492 5 tid 105946
225 tid 105946
Remove  tid 105946
FindTargetPageId rootid 3 tid 105946
target_page_id id: 5 tid 105946
0 1 tid 105946
155 4 tid 105946
365 2 tid 105946
492 5 tid 105946
225 tid 105946
Remove  tid 105946
FindTargetPageId rootid 3 tid 105945
target_page_id id: 5 tid 105945
0 1 tid 105945
155 4 tid 105945
365 2 tid 105945
492 5 tid 105945
225 tid 105945
Insert  tid 105945
FindTargetPageId rootid 3 tid 105945
target_page_id id: 5 tid 105945
0 1 tid 105945
155 4 tid 105945
365 2 tid 105945
492 5 tid 105945
225 tid 105945
Insert  tid 105945
FindTargetPageId rootid 3 tid 105945
target_page_id id: 5 tid 105945
0 1 tid 105945
155 4 tid 105945
365 2 tid 105945
492 5 tid 105945
225 tid 105945
Insert  tid 105945
FindTargetPageId rootid 3 tid 105945
target_page_id id: 5 tid 105945
0 1 tid 105945
155 4 tid 105945
365 2 tid 105945
492 5 tid 105945
225 tid 105945
Insert  tid 105945
FindTargetPageId rootid 3 tid 105945
target_page_id id: 5 tid 105945
0 1 tid 105945
155 4 tid 105945
365 2 tid 105945
492 5 tid 105945
225 tid 105945
Insert  tid 105945
FindTargetPageId rootid 3 tid 105946
target_page_id id: 5 tid 105946
0 1 tid 105946
155 4 tid 105946
365 2 tid 105946
492 5 tid 105946
225 tid 105946
Remove  tid 105946
FindTargetPageId rootid 3 tid 105946
target_page_id id: 5 tid 105946
0 1 tid 105946
155 4 tid 105946
365 2 tid 105946
492 5 tid 105946
225 tid 105946
Remove  tid 105946
FindTargetPageId rootid 3 tid 105945
target_page_id id: 5 tid 105945
0 1 tid 105945
155 4 tid 105945
365 2 tid 105945
492 5 tid 105945
225 tid 105945
Insert  tid 105945
FindTargetPageId rootid 3 tid 105947
target_page_id id: 5 tid 105947
0 1 tid 105947
155 4 tid 105947
365 2 tid 105947
492 5 tid 105947
225 tid 105947
Insert  tid 105947
FindTargetPageId rootid 3 tid 105946
target_page_id id: 5 tid 105946
0 1 tid 105946
155 4 tid 105946
365 2 tid 105946
492 5 tid 105946
226 tid 105946
Remove  tid 105946
FindTargetPageId rootid 3 tid 105945
target_page_id id: 5 tid 105945
0 1 tid 105945
155 4 tid 105945
365 2 tid 105945
492 5 tid 105945
226 tid 105945
Insert  tid 105945
FindTargetPageId rootid 3 tid 105947
target_page_id id: 5 tid 105947
0 1 tid 105947
155 4 tid 105947
365 2 tid 105947
492 5 tid 105947
226 tid 105947
Insert  tid 105947
FindTargetPageId rootid 3 tid 105946
target_page_id id: 5 tid 105946
0 1 tid 105946
155 4 tid 105946
365 2 tid 105946
492 5 tid 105946
227 tid 105946
Remove  tid 105946
FindTargetPageId rootid 3 tid 105946
target_page_id id: 5 tid 105946
0 1 tid 105946
155 4 tid 105946
365 2 tid 105946
492 5 tid 105946
227 tid 105946
Remove  tid 105946
FindTargetPageId rootid 3 tid 105946
target_page_id id: 5 tid 105946
0 1 tid 105946
155 4 tid 105946
365 2 tid 105946
492 5 tid 105946
227 tid 105946
Remove  tid 105946
FindTargetPageId rootid 3 tid 105947
target_page_id id: 5 tid 105947
0 1 tid 105947
155 4 tid 105947
365 2 tid 105947
492 5 tid 105947
227 tid 105947
Insert  tid 105947
FindTargetPageId rootid 3 tid 105945
target_page_id id: 5 tid 105945
0 1 tid 105945
155 4 tid 105945
365 2 tid 105945
492 5 tid 105945
228 tid 105945
Insert  tid 105945
FindTargetPageId rootid 3 tid 105946
target_page_id id: 5 tid 105946
0 1 tid 105946
155 4 tid 105946
365 2 tid 105946
492 5 tid 105946
228 tid 105946
Remove  tid 105946
FindTargetPageId rootid 3 tid 105946
target_page_id id: 5 tid 105946
0 1 tid 105946
155 4 tid 105946
365 2 tid 105946
492 5 tid 105946
228 tid 105946
Remove  tid 105946
FindTargetPageId rootid 3 tid 105947
target_page_id id: 5 tid 105947
0 1 tid 105947
155 4 tid 105947
365 2 tid 105947
492 5 tid 105947
228 tid 105947
Insert  tid 105947
FindTargetPageId rootid 3 tid 105945
target_page_id id: 5 tid 105945
0 1 tid 105945
155 4 tid 105945
365 2 tid 105945
492 5 tid 105945
229 tid 105945
Insert  tid 105945
FindTargetPageId rootid 3 tid 105945
target_page_id id: 5 tid 105945
0 1 tid 105945
155 4 tid 105945
365 2 tid 105945
492 5 tid 105945
229 tid 105945
Insert  tid 105945
FindTargetPageId rootid 3 tid 105945
target_page_id id: 5 tid 105945
0 1 tid 105945
155 4 tid 105945
365 2 tid 105945
492 5 tid 105945
229 tid 105945
Insert  tid 105945
FindTargetPageId rootid 3 tid 105945
target_page_id id: 5 tid 105945
0 1 tid 105945
155 4 tid 105945
365 2 tid 105945
492 5 tid 105945
229 tid 105945
Insert  tid 105945
FindTargetPageId rootid 3 tid 105945
target_page_id id: 5 tid 105945
0 1 tid 105945
155 4 tid 105945
365 2 tid 105945
492 5 tid 105945
229 tid 105945
Insert  tid 105945
FindTargetPageId rootid 3 tid 105945
target_page_id id: 5 tid 105945
0 1 tid 105945
155 4 tid 105945
365 2 tid 105945
492 5 tid 105945
229 tid 105945
Insert  tid 105945
FindTargetPageId rootid 3 tid 105945
target_page_id id: 5 tid 105945
0 1 tid 105945
155 4 tid 105945
365 2 tid 105945
492 5 tid 105945
229 tid 105945
FindTargetPageId rootid 3 tid 105946
target_page_id id: 5 tid 105946
0 1 tid 105946
155 4 tid 105946
365 2 tid 105946
492 5 tid 105946
230 tid 105946
Insert  tid 105945
Remove FindTargetPageId rootid  tid 3 tid 105946
105947
target_page_id id: 5 tid 105947
0 1 tid 105947
155 4 tid 105947
365 2 tid 105947
492 5 tid 105947
230 tid 105947
Insert  tid 105947
FindTargetPageId rootid 3 tid 105946
target_page_id id: 5 tid 105946
0 1 tid 105946
155 4 tid 105946
365 2 tid 105946
492 5 tid 105946
230 tid 105946
Remove  tid 105946
FindTargetPageId rootid 3 tid 105946
target_page_id id: 5 tid 105946
0 1 tid 105946
155 4 tid 105946
365 2 tid 105946
492 5 tid 105946
230 tid 105946
Remove  tid 105946
FindTargetPageId rootid 3 tid 105946
target_page_id id: 5 tid 105946
0 1 tid 105946
155 4 tid 105946
365 2 tid 105946
492 5 tid 105946
230 tid 105946
Remove  tid 105946
FindTargetPageId rootid 3 tid 105946
target_page_id id: 5 tid 105946
0 1 tid 105946
155 4 tid 105946
365 2 tid 105946
492 5 tid 105946
230 tid 105946
Remove  tid 105946
FindTargetPageId rootid 3 tid 105946
target_page_id id: 5 tid 105946
0 1 tid 105946
155 4 tid 105946
365 2 tid 105946
492 5 tid 105946
230 tid 105946
Remove  tid 105946
FindTargetPageId rootid 3 tid 105946
target_page_id id: 5 tid 105946
0 1 tid 105946
155 4 tid 105946
365 2 tid 105946
492 5 tid 105946
230 tid 105946
Remove  tid 105946
FindTargetPageId rootid 3 tid 105946
target_page_id id: 5 tid 105946
0 1 tid 105946
155 4 tid 105946
365 2 tid 105946
492 5 tid 105946
230 tid 105946
Remove  tid 105946
FindTargetPageId rootid 3 tid 105946
target_page_id id: 5 tid 105946
0 1 tid 105946
155 4 tid 105946
365 2 tid 105946
492 5 tid 105946
230 tid 105946
Remove  tid 105946
FindTargetPageId rootid 3 tid 105946
target_page_id id: 5 tid 105946
0 1 tid 105946
155 4 tid 105946
365 2 tid 105946
492 5 tid 105946
230 tid 105946
Remove  tid 105946
FindTargetPageId rootid 3 tid 105946
target_page_id id: 5 tid 105946
0 1 tid 105946
155 4 tid 105946
365 2 tid 105946
492 5 tid 105946
230 tid 105946
Remove  tid 105946
FindTargetPageId rootid 3 tid 105946
target_page_id id: 5 tid 105946
0 1 tid 105946
155 4 tid 105946
365 2 tid 105946
492 5 tid 105946
230 tid 105946
Remove  tid 105946
FindTargetPageId rootid 3 tid 105946
target_page_id id: 5 tid 105946
0 1 tid 105946
155 4 tid 105946
365 2 tid 105946
492 5 tid 105946
230 tid 105946
Remove  tid 105946
FindTargetPageId rootid 3 tid 105946
target_page_id id: 5 tid 105946
0 1 tid 105946
155 4 tid 105946
365 2 tid 105946
492 5 tid 105946
230 tid 105946
Remove  tid 105946
FindTargetPageId rootid 3 tid 105946
target_page_id id: 5 tid 105946
0 1 tid 105946
155 4 tid 105946
365 2 tid 105946
492 5 tid 105946
230 tid 105946
Remove  tid 105946
FindTargetPageId rootid 3 tid 105946
target_page_id id: 5 tid 105946
0 1 tid 105946
155 4 tid 105946
365 2 tid 105946
492 5 tid 105946
230 tid 105946
Remove  tid 105946
FindTargetPageId rootid 3 tid 105946
target_page_id id: 5 tid 105946
0 1 tid 105946
155 4 tid 105946
365 2 tid 105946
492 5 tid 105946
230 tid 105946
Remove  tid 105946
FindTargetPageId rootid 3 tid 105946
target_page_id id: 5 tid 105946
0 1 tid 105946
155 4 tid 105946
365 2 tid 105946
492 5 tid 105946
230 tid 105946
Remove  tid 105946
FindTargetPageId rootid 3 tid 105945
target_page_id id: 5 tid 105945
0 1 tid 105945
155 4 tid 105945
365 2 tid 105945
492 5 tid 105945
230 tid 105945
Insert  tid 105945
FindTargetPageId rootid 3 tid 105945
target_page_id id: 5 tid 105945
0 1 tid 105945
155 4 tid 105945
365 2 tid 105945
492 5 tid 105945
231 tid 105945
Insert  tid 105945
FindTargetPageId rootid 3 tid 105945
target_page_id id: 5 tid 105945
0 1 tid 105945
155 4 tid 105945
365 2 tid 105945
492 5 tid 105945
232 tid 105945
Insert  tid 105945
FindTargetPageId rootid 3 tid 105947
target_page_id id: 5 tid 105947
0 1 tid 105947
155 4 tid 105947
365 2 tid 105947
492 5 tid 105947
233 tid 105947
Insert  tid 105947
FindTargetPageId rootid 3 tid 105947
target_page_id id: 5 tid 105947
0 1 tid 105947
155 4 tid 105947
365 2 tid 105947
492 5 tid 105947
233 tid 105947
Insert  tid 105947
FindTargetPageId rootid 3 tid 105947
target_page_id id: 5 tid 105947
0 1 tid 105947
155 4 tid 105947
365 2 tid 105947
492 5 tid 105947
233 tid 105947
Insert  tid 105947
FindTargetPageId rootid 3 tid 105947
target_page_id id: 5 tid 105947
0 1 tid 105947
155 4 tid 105947
365 2 tid 105947
492 5 tid 105947
233 tid 105947
Insert  tid 105947
FindTargetPageId rootid 3 tid 105947
target_page_id id: 5 tid 105947
0 1 tid 105947
155 4 tid 105947
365 2 tid 105947
492 5 tid 105947
234 tid 105947
Insert  tid 105947
FindTargetPageId rootid 3 tid 105947
target_page_id id: 5 tid 105947
0 1 tid 105947
155 4 tid 105947
365 2 tid 105947
492 5 tid 105947
235 tid 105947
Insert  tid 105947
FindTargetPageId rootid 3 tid 105947
target_page_id id: 5 tid 105947
0 1 tid 105947
155 4 tid 105947
365 2 tid 105947
492 5 tid 105947
236 tid 105947
Insert  tid 105947
FindTargetPageId rootid 3 tid 105947
target_page_id id: 5 tid 105947
0 1 tid 105947
155 4 tid 105947
365 2 tid 105947
492 5 tid 105947
237 tid 105947
Insert  tid 105947
FindTargetPageId rootid 3 tid 105947
target_page_id id: 5 tid 105947
0 1 tid 105947
155 4 tid 105947
365 2 tid 105947
492 5 tid 105947
238 tid 105947
Insert  tid 105947
FindTargetPageId rootid 3 tid 105947
target_page_id id: 5 tid 105947
0 1 tid 105947
155 4 tid 105947
365 2 tid 105947
492 5 tid 105947
239 tid 105947
Insert  tid 105947
FindTargetPageId rootid 3 tid 105947
target_page_id id: 5 tid 105947
0 1 tid 105947
155 4 tid 105947
365 2 tid 105947
492 5 tid 105947
240 tid 105947
Insert  tid 105947
FindTargetPageId rootid 3 tid 105947
target_page_id id: 5 tid 105947
0 1 tid 105947
155 4 tid 105947
365 2 tid 105947
492 5 tid 105947
241 tid 105947
Insert  tid 105947
FindTargetPageId rootid 3 tid 105947
target_page_id id: 5 tid 105947
0 1 tid 105947
155 4 tid 105947
365 2 tid 105947
492 5 tid 105947
242 tid 105947
Insert  tid 105947
FindTargetPageId rootid 3 tid 105947
target_page_id id: 5 tid 105947
0 1 tid 105947
155 4 tid 105947
365 2 tid 105947
492 5 tid 105947
243 tid 105947
Insert  tid 105947
FindTargetPageId rootid 3 tid 105947
target_page_id id: 5 tid 105947
0 1 tid 105947
155 4 tid 105947
365 2 tid 105947
492 5 tid 105947
244 tid 105947
Insert  tid 105947
FindTargetPageId rootid 3 tid 105947
target_page_id id: 5 tid 105947
0 1 tid 105947
155 4 tid 105947
365 2 tid 105947
492 5 tid 105947
245 tid 105947
Insert  tid 105947
FindTargetPageId rootid 3 tid 105947
target_page_id id: 5 tid 105947
0 1 tid 105947
155 4 tid 105947
365 2 tid 105947
492 5 tid 105947
246 tid 105947
Insert  tid 105947
FindTargetPageId rootid 3 tid 105947
target_page_id id: 5 tid 105947
0 1 tid 105947
155 4 tid 105947
365 2 tid 105947
492 5 tid 105947
247 tid 105947
Insert  tid 105947
FindTargetPageId rootid 3 tid 105947
target_page_id id: 5 tid 105947
0 1 tid 105947
155 4 tid 105947
365 2 tid 105947
492 5 tid 105947
248 tid 105947
Insert  tid 105947
FindTargetPageId rootid 3 tid 105947
target_page_id id: 5 tid 105947
0 1 tid 105947
155 4 tid 105947
365 2 tid 105947
492 5 tid 105947
249 tid 105947
Insert  tid 105947
FindTargetPageId rootid 3 tid 105947
target_page_id id: 5 tid 105947
0 1 tid 105947
155 4 tid 105947
365 2 tid 105947
492 5 tid 105947
250 tid 105947
Insert  tid 105947
FindTargetPageId rootid 3 tid 105947
target_page_id id: 5 tid 105947
0 1 tid 105947
155 4 tid 105947
365 2 tid 105947
492 5 tid 105947
251 tid 105947
Insert  tid 105947
FindTargetPageId rootid 3 tid 105947
target_page_id id: 5 tid 105947
0 1 tid 105947
155 4 tid 105947
365 2 tid 105947
492 5 tid 105947
252 tid 105947
Insert  tid 105947
FindTargetPageId rootid 3 tid 105947
target_page_id id: 5 tid 105947
0 1 tid 105947
155 4 tid 105947
365 2 tid 105947
492 5 tid 105947
253 tid 105947
Insert  tid 105947
FindTargetPageId rootid 3 tid 105947
target_page_id id: 5 tid 105947
0 1 tid 105947
155 4 tid 105947
365 2 tid 105947
492 5 tid 105947
254 tid 105947
Insert  tid 105947
FindTargetPageId rootid 3 tid 105945
target_page_id id: 6 tid 105945
0 1 tid 105945
155 4 tid 105945
365 2 tid 105945
492 5 tid 105945
619 6 tid 105945
128 tid 105945
Insert  tid 105945
FindTargetPageId rootid 3 tid 105945
target_page_id id: 6 tid 105945
0 1 tid 105945
155 4 tid 105945
365 2 tid 105945
492 5 tid 105945
619 6 tid 105945
128 tid 105945
Insert  tid 105945
FindTargetPageId rootid 3 tid 105945
target_page_id id: 6 tid 105945
0 1 tid 105945
155 4 tid 105945
365 2 tid 105945
492 5 tid 105945
619 6 tid 105945
128 tid 105945
Insert  tid 105945
FindTargetPageId rootid 3 tid 105945
target_page_id id: 6 tid 105945
0 1 tid 105945
155 4 tid 105945
365 2 tid 105945
492 5 tid 105945
619 6 tid 105945
128 tid 105945
Insert  tid 105945
FindTargetPageId rootid 3 tid 105945
target_page_id id: 6 tid 105945
0 1 tid 105945
155 4 tid 105945
365 2 tid 105945
492 5 tid 105945
619 6 tid 105945
128 tid 105945
Insert  tid 105945
FindTargetPageId rootid 3 tid 105947
target_page_id id: 6 tid 105947
0 1 tid 105947
155 4 tid 105947
365 2 tid 105947
492 5 tid 105947
619 6 tid 105947
128 tid 105947
Insert  tid 105947
FindTargetPageId rootid 3 tid 105946
target_page_id id: 6 tid 105946
0 1 tid 105946
155 4 tid 105946
365 2 tid 105946
492 5 tid 105946
619 6 tid 105946
129 tid 105946
Remove  tid 105946
FindTargetPageId rootid 3 tid 105946
target_page_id id: 6 tid 105946
0 1 tid 105946
155 4 tid 105946
365 2 tid 105946
492 5 tid 105946
619 6 tid 105946
129 tid 105946
Remove  tid 105946
FindTargetPageId rootid 3 tid 105947
target_page_id id: 6 tid 105947
0 1 tid 105947
155 4 tid 105947
365 2 tid 105947
492 5 tid 105947
619 6 tid 105947
129 tid 105947
Insert  tid 105947
FindTargetPageId rootid 3 tid 105945
target_page_id id: 6 tid 105945
0 1 tid 105945
155 4 tid 105945
365 2 tid 105945
492 5 tid 105945
619 6 tid 105945
130 tid 105945
Insert  tid 105945
FindTargetPageId rootid 3 tid 105946
target_page_id id: 6 tid 105946
0 1 tid 105946
155 4 tid 105946
365 2 tid 105946
492 5 tid 105946
619 6 tid 105946
130 tid 105946
Remove  tid 105946
FindTargetPageId rootid 3 tid 105947
target_page_id id: 6 tid 105947
0 1 tid 105947
155 4 tid 105947
365 2 tid 105947
492 5 tid 105947
619 6 tid 105947
130 tid 105947
Insert  tid 105947
FindTargetPageId rootid 3 tid 105947
target_page_id id: 6 tid 105947
0 1 tid 105947
155 4 tid 105947
365 2 tid 105947
492 5 tid 105947
619 6 tid 105947
131 tid 105947
Insert  tid 105947
FindTargetPageId rootid 3 tid 105947
target_page_id id: 6 tid 105947
0 1 tid 105947
155 4 tid 105947
365 2 tid 105947
492 5 tid 105947
619 6 tid 105947
132 tid 105947
Insert  tid 105947
FindTargetPageId rootid 3 tid 105947
target_page_id id: 6 tid 105947
0 1 tid 105947
155 4 tid 105947
365 2 tid 105947
492 5 tid 105947
619 6 tid 105947
133 tid 105947
Insert  tid 105947
FindTargetPageId rootid 3 tid 105947
target_page_id id: 6 tid 105947
0 1 tid 105947
155 4 tid 105947
365 2 tid 105947
492 5 tid 105947
619 6 tid 105947
134 tid 105947
Insert  tid 105947
FindTargetPageId rootid 3 tid 105947
target_page_id id: 6 tid 105947
0 1 tid 105947
155 4 tid 105947
365 2 tid 105947
492 5 tid 105947
619 6 tid 105947
135 tid 105947
Insert  tid 105947
FindTargetPageId rootid 3 tid 105947
target_page_id id: 6 tid 105947
0 1 tid 105947
155 4 tid 105947
365 2 tid 105947
492 5 tid 105947
619 6 tid 105947
136 tid 105947
Insert  tid 105947
FindTargetPageId rootid 3 tid 105947
target_page_id id: 6 tid 105947
0 1 tid 105947
155 4 tid 105947
365 2 tid 105947
492 5 tid 105947
619 6 tid 105947
137 tid 105947
Insert  tid 105947
FindTargetPageId rootid 3 tid 105947
target_page_id id: 6 tid 105947
0 1 tid 105947
155 4 tid 105947
365 2 tid 105947
492 5 tid 105947
619 6 tid 105947
138 tid 105947
Insert  tid 105947
FindTargetPageId rootid 3 tid 105947
target_page_id id: 6 tid 105947
0 1 tid 105947
155 4 tid 105947
365 2 tid 105947
492 5 tid 105947
619 6 tid 105947
139 tid 105947
Insert  tid 105947
FindTargetPageId rootid 3 tid 105947
target_page_id id: 6 tid 105947
0 1 tid 105947
155 4 tid 105947
365 2 tid 105947
492 5 tid 105947
619 6 tid 105947
140 tid 105947
Insert  tid 105947
FindTargetPageId rootid 3 tid 105947
target_page_id id: 6 tid 105947
0 1 tid 105947
155 4 tid 105947
365 2 tid 105947
492 5 tid 105947
619 6 tid 105947
141 tid 105947
Insert  tid 105947
FindTargetPageId rootid 3 tid 105946
target_page_id id: 6 tid 105946
0 1 tid 105946
155 4 tid 105946
365 2 tid 105946
492 5 tid 105946
619 6 tid 105946
142 tid 105946
Remove  tid 105946
FindTargetPageId rootid 3 tid 105946
target_page_id id: 6 tid 105946
0 1 tid 105946
155 4 tid 105946
365 2 tid 105946
492 5 tid 105946
619 6 tid 105946
142 tid 105946
Remove  tid 105946
FindTargetPageId rootid 3 tid 105945
target_page_id id: 6 tid 105945
0 1 tid 105945
155 4 tid 105945
365 2 tid 105945
492 5 tid 105945
619 6 tid 105945
142 tid 105945
Insert  tid 105945
FindTargetPageId rootid 3 tid 105945
target_page_id id: 6 tid 105945
0 1 tid 105945
155 4 tid 105945
365 2 tid 105945
492 5 tid 105945
619 6 tid 105945
142 tid 105945
Insert  tid 105945
FindTargetPageId rootid 3 tid 105946
target_page_id id: 6 tid 105946
0 1 tid 105946
155 4 tid 105946
365 2 tid 105946
492 5 tid 105946
619 6 tid 105946
142 tid 105946
Remove  tid 105946
FindTargetPageId rootid 3 tid 105945
target_page_id id: 6 tid 105945
0 1 tid 105945
155 4 tid 105945
365 2 tid 105945
492 5 tid 105945
619 6 tid 105945
142 tid 105945
Insert  tid 105945
FindTargetPageId rootid 3 tid 105946
target_page_id id: 6 tid 105946
0 1 tid 105946
155 4 tid 105946
365 2 tid 105946
492 5 tid 105946
619 6 tid 105946
142 tid 105946
Remove  tid 105946
FindTargetPageId rootid 3 tid 105947
target_page_id id: 6 tid 105947
0 1 tid 105947
155 4 tid 105947
365 2 tid 105947
492 5 tid 105947
619 6 tid 105947
142 tid 105947
FindTargetPageId rootid 3 tid 105946
target_page_id id: 6 tid 105946
Insert  tid 105947
0 1 tid 105946
155 4 tid 105946
365 2 tid 105946
492 5 tid 105946
619 6 tid 105946
143 tid 105946
Remove  tid 105946
FindTargetPageId rootid 3 tid 105946
target_page_id id: 6 tid 105946
0 1 tid 105946
155 4 tid 105946
365 2 tid 105946
492 5 tid 105946
619 6 tid 105946
143 tid 105946
Remove  tid 105946
FindTargetPageId rootid 3 tid 105947
target_page_id id: 6 tid 105947
0 1 tid 105947
155 4 tid 105947
365 2 tid 105947
492 5 tid 105947
619 6 tid 105947
143 tid 105947
Insert  tid 105947
FindTargetPageId rootid 3 tid 105947
target_page_id id: 6 tid 105947
0 1 tid 105947
155 4 tid 105947
365 2 tid 105947
492 5 tid 105947
619 6 tid 105947
144 tid 105947
Insert  tid 105947
FindTargetPageId rootid 3 tid 105947
target_page_id id: 6 tid 105947
0 1 tid 105947
155 4 tid 105947
365 2 tid 105947
492 5 tid 105947
619 6 tid 105947
145 tid 105947
Insert  tid 105947
FindTargetPageId rootid 3 tid 105946
target_page_id id: 6 tid 105946
0 1 tid 105946
155 4 tid 105946
365 2 tid 105946
492 5 tid 105946
619 6 tid 105946
146 tid 105946
Remove  tid 105946
FindTargetPageId rootid 3 tid 105945
target_page_id id: 6 tid 105945
0 1 tid 105945
155 4 tid 105945
365 2 tid 105945
492 5 tid 105945
619 6 tid 105945
146 tid 105945
Insert  tid 105945
FindTargetPageId rootid 3 tid 105947
target_page_id id: 6 tid 105947
0 1 tid 105947
155 4 tid 105947
365 2 tid 105947
492 5 tid 105947
619 6 tid 105947
146 tid 105947
Insert  tid 105947
FindTargetPageId rootid 3 tid 105947
target_page_id id: 6 tid 105947
0 1 tid 105947
155 4 tid 105947
365 2 tid 105947
492 5 tid 105947
619 6 tid 105947
147 tid 105947
Insert  tid 105947
FindTargetPageId rootid 3 tid 105947
target_page_id id: 6 tid 105947
0 1 tid 105947
155 4 tid 105947
365 2 tid 105947
492 5 tid 105947
619 6 tid 105947
148 tid 105947
Insert  tid 105947
FindTargetPageId rootid 3 tid 105947
target_page_id id: 6 tid 105947
0 1 tid 105947
155 4 tid 105947
365 2 tid 105947
492 5 tid 105947
619 6 tid 105947
149 tid 105947
Insert  tid 105947
FindTargetPageId rootid 3 tid 105947
target_page_id id: 6 tid 105947
0 1 tid 105947
155 4 tid 105947
365 2 tid 105947
492 5 tid 105947
619 6 tid 105947
150 tid 105947
Insert  tid 105947
FindTargetPageId rootid 3 tid 105947
target_page_id id: 6 tid 105947
0 1 tid 105947
155 4 tid 105947
365 2 tid 105947
492 5 tid 105947
619 6 tid 105947
151 tid 105947
Insert  tid 105947
FindTargetPageId rootid 3 tid 105946
target_page_id id: 6 tid 105946
0 1 tid 105946
155 4 tid 105946
365 2 tid 105946
492 5 tid 105946
619 6 tid 105946
152 tid 105946
Remove  tid 105946
FindTargetPageId rootid 3 tid 105946
target_page_id id: 6 tid 105946
0 1 tid 105946
155 4 tid 105946
365 2 tid 105946
492 5 tid 105946
619 6 tid 105946
152 tid 105946
Remove  tid 105946
FindTargetPageId rootid 3 tid 105946
target_page_id id: 6 tid 105946
0 1 tid 105946
155 4 tid 105946
365 2 tid 105946
492 5 tid 105946
619 6 tid 105946
152 tid 105946
Remove  tid 105946
FindTargetPageId rootid 3 tid 105946
target_page_id id: 6 tid 105946
0 1 tid 105946
155 4 tid 105946
365 2 tid 105946
492 5 tid 105946
619 6 tid 105946
152 tid 105946
Remove  tid 105946
FindTargetPageId rootid 3 tid 105946
target_page_id id: 6 tid 105946
0 1 tid 105946
155 4 tid 105946
365 2 tid 105946
492 5 tid 105946
619 6 tid 105946
152 tid 105946
Remove  tid 105946
FindTargetPageId rootid 3 tid 105946
target_page_id id: 6 tid 105946
0 1 tid 105946
155 4 tid 105946
365 2 tid 105946
492 5 tid 105946
619 6 tid 105946
152 tid 105946
Remove  tid 105946
FindTargetPageId rootid 3 tid 105947
target_page_id id: 6 tid 105947
0 1 tid 105947
155 4 tid 105947
365 2 tid 105947
492 5 tid 105947
619 6 tid 105947
152 tid 105947
Insert  tid 105947
FindTargetPageId rootid 3 tid 105947
target_page_id id: 6 tid 105947
0 1 tid 105947
155 4 tid 105947
365 2 tid 105947
492 5 tid 105947
619 6 tid 105947
153 tid 105947
Insert  tid 105947
FindTargetPageId rootid 3 tid 105946
target_page_id id: 6 tid 105946
0 1 tid 105946
155 4 tid 105946
365 2 tid 105946
492 5 tid 105946
619 6 tid 105946
154 tid 105946
Remove  tid 105946
FindTargetPageId rootid 3 tid 105946
target_page_id id: 6 tid 105946
0 1 tid 105946
155 4 tid 105946
365 2 tid 105946
492 5 tid 105946
619 6 tid 105946
154 tid 105946
Remove  tid 105946
FindTargetPageId rootid 3 tid 105946
target_page_id id: 6 tid 105946
0 1 tid 105946
155 4 tid 105946
365 2 tid 105946
492 5 tid 105946
619 6 tid 105946
154 tid 105946
Remove  tid 105946
FindTargetPageId rootid 3 tid 105946
target_page_id id: 6 tid 105946
0 1 tid 105946
155 4 tid 105946
365 2 tid 105946
492 5 tid 105946
619 6 tid 105946
154 tid 105946
Remove  tid 105946
FindTargetPageId rootid 3 tid 105946
target_page_id id: 6 tid 105946
0 1 tid 105946
155 4 tid 105946
365 2 tid 105946
492 5 tid 105946
619 6 tid 105946
154 tid 105946
Remove  tid 105946
FindTargetPageId rootid 3 tid 105946
target_page_id id: 6 tid 105946
0 1 tid 105946
155 4 tid 105946
365 2 tid 105946
492 5 tid 105946
619 6 tid 105946
154 tid 105946
Remove  tid 105946
FindTargetPageId rootid 3 tid 105946
target_page_id id: 6 tid 105946
0 1 tid 105946
155 4 tid 105946
365 2 tid 105946
492 5 tid 105946
619 6 tid 105946
154 tid 105946
Remove  tid 105946
FindTargetPageId rootid 3 tid 105946
target_page_id id: 6 tid 105946
0 1 tid 105946
155 4 tid 105946
365 2 tid 105946
492 5 tid 105946
619 6 tid 105946
154 tid 105946
Remove  tid 105946
FindTargetPageId rootid 3 tid 105946
target_page_id id: 6 tid 105946
0 1 tid 105946
155 4 tid 105946
365 2 tid 105946
492 5 tid 105946
619 6 tid 105946
154 tid 105946
Remove  tid 105946
FindTargetPageId rootid 3 tid 105946
target_page_id id: 6 tid 105946
0 1 tid 105946
155 4 tid 105946
365 2 tid 105946
492 5 tid 105946
619 6 tid 105946
154 tid 105946
Remove  tid 105946
FindTargetPageId rootid 3 tid 105946
target_page_id id: 6 tid 105946
0 1 tid 105946
155 4 tid 105946
365 2 tid 105946
492 5 tid 105946
619 6 tid 105946
154 tid 105946
Remove  tid 105946
FindTargetPageId rootid 3 tid 105946
target_page_id id: 6 tid 105946
0 1 tid 105946
155 4 tid 105946
365 2 tid 105946
492 5 tid 105946
619 6 tid 105946
154 tid 105946
Remove  tid 105946
FindTargetPageId rootid 3 tid 105947
target_page_id id: 6 tid 105947
0 1 tid 105947
155 4 tid 105947
365 2 tid 105947
492 5 tid 105947
619 6 tid 105947
154 tid 105947
Insert  tid 105947
FindTargetPageId rootid 3 tid 105945
target_page_id id: 6 tid 105945
0 1 tid 105945
155 4 tid 105945
365 2 tid 105945
492 5 tid 105945
619 6 tid 105945
155 tid 105945
Insert  tid 105945
FindTargetPageId rootid 3 tid 105945
target_page_id id: 6 tid 105945
0 1 tid 105945
155 4 tid 105945
365 2 tid 105945
492 5 tid 105945
619 6 tid 105945
155 tid 105945
Insert  tid 105945
FindTargetPageId rootid 3 tid 105945
target_page_id id: 6 tid 105945
0 1 tid 105945
155 4 tid 105945
365 2 tid 105945
492 5 tid 105945
619 6 tid 105945
155 tid 105945
Insert  tid 105945
FindTargetPageId rootid 3 tid 105945
target_page_id id: 6 tid 105945
0 1 tid 105945
155 4 tid 105945
365 2 tid 105945
492 5 tid 105945
619 6 tid 105945
155 tid 105945
Insert  tid 105945
FindTargetPageId rootid 3 tid 105945
target_page_id id: 6 tid 105945
0 1 tid 105945
155 4 tid 105945
365 2 tid 105945
492 5 tid 105945
619 6 tid 105945
155 tid 105945
Insert  tid 105945
FindTargetPageId rootid 3 tid 105945
target_page_id id: 6 tid 105945
0 1 tid 105945
155 4 tid 105945
365 2 tid 105945
492 5 tid 105945
619 6 tid 105945
155 tid 105945
Insert  tid 105945
FindTargetPageId rootid 3 tid 105945
target_page_id id: 6 tid 105945
0 1 tid 105945
155 4 tid 105945
365 2 tid 105945
492 5 tid 105945
619 6 tid 105945
155 tid 105945
Insert  tid 105945
FindTargetPageId rootid 3 tid 105945
target_page_id id: 6 tid 105945
0 1 tid 105945
155 4 tid 105945
365 2 tid 105945
492 5 tid 105945
619 6 tid 105945
155 tid 105945
Insert  tid 105945
FindTargetPageId rootid 3 tid 105945
target_page_id id: 6 tid 105945
0 1 tid 105945
155 4 tid 105945
365 2 tid 105945
492 5 tid 105945
619 6 tid 105945
155 tid 105945
Insert  tid 105945
FindTargetPageId rootid 3 tid 105945
target_page_id id: 6 tid 105945
0 1 tid 105945
155 4 tid 105945
365 2 tid 105945
492 5 tid 105945
619 6 tid 105945
155 tid 105945
Insert  tid 105945
FindTargetPageId rootid 3 tid 105945
target_page_id id: 6 tid 105945
0 1 tid 105945
155 4 tid 105945
365 2 tid 105945
492 5 tid 105945
619 6 tid 105945
155 tid 105945
Insert  tid 105945
FindTargetPageId rootid 3 tid 105945
target_page_id id: 6 tid 105945
0 1 tid 105945
155 4 tid 105945
365 2 tid 105945
492 5 tid 105945
619 6 tid 105945
155 tid 105945
Insert  tid 105945
FindTargetPageId rootid 3 tid 105945
target_page_id id: 6 tid 105945
0 1 tid 105945
155 4 tid 105945
365 2 tid 105945
492 5 tid 105945
619 6 tid 105945
155 tid 105945
Insert  tid 105945
FindTargetPageId rootid 3 tid 105945
target_page_id id: 6 tid 105945
0 1 tid 105945
155 4 tid 105945
365 2 tid 105945
492 5 tid 105945
619 6 tid 105945
155 tid 105945
Insert  tid 105945
FindTargetPageId rootid 3 tid 105945
target_page_id id: 6 tid 105945
0 1 tid 105945
155 4 tid 105945
365 2 tid 105945
492 5 tid 105945
619 6 tid 105945
155 tid 105945
Insert  tid 105945
FindTargetPageId rootid 3 tid 105945
target_page_id id: 6 tid 105945
0 1 tid 105945
155 4 tid 105945
365 2 tid 105945
492 5 tid 105945
619 6 tid 105945
155 tid 105945
Insert  tid 105945
FindTargetPageId rootid 3 tid 105945
target_page_id id: 6 tid 105945
0 1 tid 105945
155 4 tid 105945
365 2 tid 105945
492 5 tid 105945
619 6 tid 105945
155 tid 105945
Insert  tid 105945
FindTargetPageId rootid 3 tid 105945
target_page_id id: 6 tid 105945
0 1 tid 105945
155 4 tid 105945
365 2 tid 105945
492 5 tid 105945
619 6 tid 105945
155 tid 105945
Insert  tid 105945
FindTargetPageId rootid 3 tid 105945
target_page_id id: 6 tid 105945
0 1 tid 105945
155 4 tid 105945
365 2 tid 105945
492 5 tid 105945
619 6 tid 105945
155 tid 105945
Insert  tid 105945
FindTargetPageId rootid 3 tid 105945
target_page_id id: 6 tid 105945
0 1 tid 105945
155 4 tid 105945
365 2 tid 105945
492 5 tid 105945
619 6 tid 105945
155 tid 105945
Insert  tid 105945
FindTargetPageId rootid 3 tid 105945
target_page_id id: 6 tid 105945
0 1 tid 105945
155 4 tid 105945
365 2 tid 105945
492 5 tid 105945
619 6 tid 105945
155 tid 105945
Insert  tid 105945
FindTargetPageId rootid 3 tid 105945
target_page_id id: 6 tid 105945
0 1 tid 105945
155 4 tid 105945
365 2 tid 105945
492 5 tid 105945
619 6 tid 105945
155 tid 105945
Insert  tid 105945
FindTargetPageId rootid 3 tid 105945
target_page_id id: 6 tid 105945
0 1 tid 105945
155 4 tid 105945
365 2 tid 105945
492 5 tid 105945
619 6 tid 105945
155 tid 105945
Insert  tid 105945
FindTargetPageId rootid 3 tid 105945
target_page_id id: 6 tid 105945
0 1 tid 105945
155 4 tid 105945
365 2 tid 105945
492 5 tid 105945
619 6 tid 105945
155 tid 105945
Insert  tid 105945
FindTargetPageId rootid 3 tid 105945
target_page_id id: 6 tid 105945
0 1 tid 105945
155 4 tid 105945
365 2 tid 105945
492 5 tid 105945
619 6 tid 105945
155 tid 105945
Insert  tid 105945
FindTargetPageId rootid 3 tid 105945
target_page_id id: 6 tid 105945
0 1 tid 105945
155 4 tid 105945
365 2 tid 105945
492 5 tid 105945
619 6 tid 105945
155 tid 105945
Insert  tid 105945
FindTargetPageId rootid 3 tid 105945
target_page_id id: 6 tid 105945
0 1 tid 105945
155 4 tid 105945
365 2 tid 105945
492 5 tid 105945
619 6 tid 105945
155 tid 105945
Insert  tid 105945
FindTargetPageId rootid 3 tid 105947
target_page_id id: 6 tid 105947
0 1 tid 105947
155 4 tid 105947
365 2 tid 105947
492 5 tid 105947
619 6 tid 105947
155 tid 105947
Insert  tid 105947
FindTargetPageId rootid 3 tid 105947
target_page_id id: 6 tid 105947
0 1 tid 105947
155 4 tid 105947
365 2 tid 105947
492 5 tid 105947
619 6 tid 105947
156 tid 105947
Insert  tid 105947
FindTargetPageId rootid 3 tid 105947
target_page_id id: 6 tid 105947
0 1 tid 105947
155 4 tid 105947
365 2 tid 105947
492 5 tid 105947
619 6 tid 105947
157 tid 105947
Insert  tid 105947
FindTargetPageId rootid 3 tid 105945
target_page_id id: 6 tid 105945
0 1 tid 105945
155 4 tid 105945
365 2 tid 105945
492 5 tid 105945
619 6 tid 105945
158 tid 105945
Insert  tid 105945
FindTargetPageId rootid 3 tid 105945
target_page_id id: 6 tid 105945
0 1 tid 105945
155 4 tid 105945
365 2 tid 105945
492 5 tid 105945
619 6 tid 105945
158 tid 105945
Insert  tid 105945
FindTargetPageId rootid 3 tid 105945
target_page_id id: 6 tid 105945
0 1 tid 105945
155 4 tid 105945
365 2 tid 105945
492 5 tid 105945
619 6 tid 105945
158 tid 105945
Insert  tid 105945
FindTargetPageId rootid 3 tid 105947
target_page_id id: 6 tid 105947
0 1 tid 105947
155 4 tid 105947
365 2 tid 105947
492 5 tid 105947
619 6 tid 105947
158 tid 105947
Insert  tid 105947
FindTargetPageId rootid 3 tid 105947
target_page_id id: 6 tid 105947
0 1 tid 105947
155 4 tid 105947
365 2 tid 105947
492 5 tid 105947
619 6 tid 105947
159 tid 105947
Insert  tid 105947
FindTargetPageId rootid 3 tid 105947
target_page_id id: 6 tid 105947
0 1 tid 105947
155 4 tid 105947
365 2 tid 105947
492 5 tid 105947
619 6 tid 105947
160 tid 105947
Insert  tid 105947
FindTargetPageId rootid 3 tid 105947
target_page_id id: 6 tid 105947
0 1 tid 105947
155 4 tid 105947
365 2 tid 105947
492 5 tid 105947
619 6 tid 105947
161 tid 105947
Insert  tid 105947
FindTargetPageId rootid 3 tid 105946
target_page_id id: 6 tid 105946
0 1 tid 105946
155 4 tid 105946
365 2 tid 105946
492 5 tid 105946
619 6 tid 105946
162 tid 105946
Remove  tid 105946
FindTargetPageId rootid 3 tid 105946
target_page_id id: 6 tid 105946
0 1 tid 105946
155 4 tid 105946
365 2 tid 105946
492 5 tid 105946
619 6 tid 105946
162 tid 105946
Remove  tid 105946
FindTargetPageId rootid 3 tid 105946
target_page_id id: 6 tid 105946
0 1 tid 105946
155 4 tid 105946
365 2 tid 105946
492 5 tid 105946
619 6 tid 105946
162 tid 105946
Remove  tid 105946
FindTargetPageId rootid 3 tid 105946
target_page_id id: 6 tid 105946
0 1 tid 105946
155 4 tid 105946
365 2 tid 105946
492 5 tid 105946
619 6 tid 105946
162 tid 105946
Remove  tid 105946
FindTargetPageId rootid 3 tid 105946
target_page_id id: 6 tid 105946
0 1 tid 105946
155 4 tid 105946
365 2 tid 105946
492 5 tid 105946
619 6 tid 105946
162 tid 105946
Remove  tid 105946
FindTargetPageId rootid 3 tid 105946
target_page_id id: 6 tid 105946
0 1 tid 105946
155 4 tid 105946
365 2 tid 105946
492 5 tid 105946
619 6 tid 105946
162 tid 105946
Remove  tid 105946
FindTargetPageId rootid 3 tid 105945
target_page_id id: 6 tid 105945
0 1 tid 105945
155 4 tid 105945
365 2 tid 105945
492 5 tid 105945
619 6 tid 105945
162 tid 105945
Insert  tid 105945
FindTargetPageId rootid 3 tid 105947
target_page_id id: 6 tid 105947
0 1 tid 105947
155 4 tid 105947
365 2 tid 105947
492 5 tid 105947
619 6 tid 105947
162 tid 105947
Insert  tid 105947
FindTargetPageId rootid 3 tid 105947
target_page_id id: 6 tid 105947
0 1 tid 105947
155 4 tid 105947
365 2 tid 105947
492 5 tid 105947
619 6 tid 105947
163 tid 105947
Insert  tid 105947
FindTargetPageId rootid 3 tid 105947
target_page_id id: 6 tid 105947
0 1 tid 105947
155 4 tid 105947
365 2 tid 105947
492 5 tid 105947
619 6 tid 105947
164 tid 105947
Insert  tid 105947
FindTargetPageId rootid 3 tid 105946
target_page_id id: 6 tid 105946
0 1 tid 105946
155 4 tid 105946
365 2 tid 105946
492 5 tid 105946
619 6 tid 105946
165 tid 105946
Remove  tid 105946
FindTargetPageId rootid 3 tid 105946
target_page_id id: 6 tid 105946
0 1 tid 105946
155 4 tid 105946
365 2 tid 105946
492 5 tid 105946
619 6 tid 105946
165 tid 105946
Remove  tid 105946
FindTargetPageId rootid 3 tid 105946
target_page_id id: 6 tid 105946
0 1 tid 105946
155 4 tid 105946
365 2 tid 105946
492 5 tid 105946
619 6 tid 105946
165 tid 105946
Remove  tid 105946
FindTargetPageId rootid 3 tid 105946
target_page_id id: 6 tid 105946
0 1 tid 105946
155 4 tid 105946
365 2 tid 105946
492 5 tid 105946
619 6 tid 105946
165 tid 105946
Remove  tid 105946
FindTargetPageId rootid 3 tid 105947
target_page_id id: 6 tid 105947
0 1 tid 105947
155 4 tid 105947
365 2 tid 105947
492 5 tid 105947
619 6 tid 105947
165 tid 105947
Insert  tid 105947
FindTargetPageId rootid 3 tid 105945
target_page_id id: 6 tid 105945
0 1 tid 105945
155 4 tid 105945
365 2 tid 105945
492 5 tid 105945
619 6 tid 105945
166 tid 105945
Insert  tid 105945
FindTargetPageId rootid 3 tid 105946
target_page_id id: 6 tid 105946
0 1 tid 105946
155 4 tid 105946
365 2 tid 105946
492 5 tid 105946
619 6 tid 105946
166 tid 105946
Remove  tid 105946
FindTargetPageId rootid 3 tid 105947
target_page_id id: 6 tid 105947
0 1 tid 105947
155 4 tid 105947
365 2 tid 105947
492 5 tid 105947
619 6 tid 105947
166 tid 105947
Insert  tid 105947
FindTargetPageId rootid 3 tid 105945
target_page_id id: 6 tid 105945
0 1 tid 105945
155 4 tid 105945
365 2 tid 105945
492 5 tid 105945
619 6 tid 105945
167 tid 105945
Insert  tid 105945
FindTargetPageId rootid 3 tid 105946
target_page_id id: 6 tid 105946
0 1 tid 105946
155 4 tid 105946
365 2 tid 105946
492 5 tid 105946
619 6 tid 105946
167 tid 105946
Remove  tid 105946
FindTargetPageId rootid 3 tid 105947
target_page_id id: 6 tid 105947
0 1 tid 105947
155 4 tid 105947
365 2 tid 105947
492 5 tid 105947
619 6 tid 105947
167 tid 105947
Insert  tid 105947
FindTargetPageId rootid 3 tid 105947
target_page_id id: 6 tid 105947
0 1 tid 105947
155 4 tid 105947
365 2 tid 105947
492 5 tid 105947
619 6 tid 105947
168 tid 105947
Insert  tid 105947
FindTargetPageId rootid 3 tid 105947
target_page_id id: 6 tid 105947
0 1 tid 105947
155 4 tid 105947
365 2 tid 105947
492 5 tid 105947
619 6 tid 105947
169 tid 105947
Insert  tid 105947
FindTargetPageId rootid 3 tid 105947
target_page_id id: 6 tid 105947
0 1 tid 105947
155 4 tid 105947
365 2 tid 105947
492 5 tid 105947
619 6 tid 105947
170 tid 105947
FindTargetPageId rootid 3 tid 105945
target_page_id id: 6 tid 105945
0 1 tid 105945
155 4 tid 105945
365 2 tid 105945
492 5 tid 105945
619 6 tid 105945
171 tid 105945
Insert  tid 105945
FindTargetPageId rootid 3 tid 105945
target_page_id id: 6 tid 105945
0 1 tid 105945
155 4 tid 105945
365 2 tid 105945
492 5 tid 105945
619 6 tid 105945
171 tid 105945
Insert  tid 105945
FindTargetPageId rootid 3 tid 105945
target_page_id id: 6 tid 105945
0 1 tid 105945
155 4 tid 105945
365 2 tid 105945
492 5 tid 105945
619 6 tid 105945
171 tid 105945
Insert FindTargetPageId rootid 3 tid 105946
target_page_id id: 6 tid 105946
0 1 tid 105946
155 4 tid 105946
365 2 tid 105946
492 5 tid 105946
619 6 tid 105946
171 tid 105946
 tid 105947
Insert  tid 105945
Remove  tid 105946
FindTargetPageId rootid 3 tid 105947
target_page_id id: 6 tid 105947
0 1 tid 105947
155 4 tid 105947
365 2 tid 105947
492 5 tid 105947
619 6 tid 105947
171 tid 105947
Insert  tid 105947
FindTargetPageId rootid 3 tid 105945
target_page_id id: 6 tid 105945
0 1 tid 105945
155 4 tid 105945
365 2 tid 105945
492 5 tid 105945
619 6 tid 105945
172 tid 105945
Insert  tid 105945
FindTargetPageId rootid 3 tid 105946
target_page_id id: 6 tid 105946
0 1 tid 105946
155 4 tid 105946
365 2 tid 105946
492 5 tid 105946
619 6 tid 105946
172 tid 105946
Remove  tid 105946
FindTargetPageId rootid 3 tid 105946
target_page_id id: 6 tid 105946
0 1 tid 105946
155 4 tid 105946
365 2 tid 105946
492 5 tid 105946
619 6 tid 105946
172 tid 105946
Remove  tid 105946
FindTargetPageId rootid 3 tid 105946
target_page_id id: 6 tid 105946
0 1 tid 105946
155 4 tid 105946
365 2 tid 105946
492 5 tid 105946
619 6 tid 105946
172 tid 105946
Remove  tid 105946
FindTargetPageId rootid 3 tid 105946
target_page_id id: 6 tid 105946
0 1 tid 105946
155 4 tid 105946
365 2 tid 105946
492 5 tid 105946
619 6 tid 105946
172 tid 105946
Remove  tid 105946
FindTargetPageId rootid 3 tid 105946
target_page_id id: 6 tid 105946
0 1 tid 105946
155 4 tid 105946
365 2 tid 105946
492 5 tid 105946
619 6 tid 105946
172 tid 105946
Remove  tid 105946
FindTargetPageId rootid 3 tid 105946
target_page_id id: 6 tid 105946
0 1 tid 105946
155 4 tid 105946
365 2 tid 105946
492 5 tid 105946
619 6 tid 105946
172 tid 105946
Remove  tid 105946
FindTargetPageId rootid 3 tid 105947
target_page_id id: 6 tid 105947
0 1 tid 105947
155 4 tid 105947
365 2 tid 105947
492 5 tid 105947
619 6 tid 105947
172 tid 105947
Insert  tid 105947
FindTargetPageId rootid 3 tid 105945
target_page_id id: 6 tid 105945
0 1 tid 105945
155 4 tid 105945
365 2 tid 105945
492 5 tid 105945
619 6 tid 105945
173 tid 105945
Insert  tid 105945
FindTargetPageId rootid 3 tid 105945
target_page_id id: 6 tid 105945
0 1 tid 105945
155 4 tid 105945
365 2 tid 105945
492 5 tid 105945
619 6 tid 105945
173 tid 105945
Insert  tid 105945
FindTargetPageId rootid 3 tid 105947
target_page_id id: 6 tid 105947
0 1 tid 105947
155 4 tid 105947
365 2 tid 105947
492 5 tid 105947
619 6 tid 105947
173 tid 105947
Insert  tid 105947
FindTargetPageId rootid 3 tid 105946
target_page_id id: 6 tid 105946
0 1 tid 105946
155 4 tid 105946
365 2 tid 105946
492 5 tid 105946
619 6 tid 105946
174 tid 105946
Remove  tid 105946
FindTargetPageId rootid 3 tid 105945
target_page_id id: 6 tid 105945
0 1 tid 105945
155 4 tid 105945
365 2 tid 105945
492 5 tid 105945
619 6 tid 105945
174 tid 105945
Insert  tid 105945
FindTargetPageId rootid 3 tid 105947
target_page_id id: 6 tid 105947
0 1 tid 105947
155 4 tid 105947
365 2 tid 105947
492 5 tid 105947
619 6 tid 105947
174 tid 105947
Insert  tid 105947
FindTargetPageId rootid 3 tid 105946
target_page_id id: 6 tid 105946
0 1 tid 105946
155 4 tid 105946
365 2 tid 105946
492 5 tid 105946
619 6 tid 105946
175 tid 105946
Remove  tid 105946
FindTargetPageId rootid 3 tid 105946
target_page_id id: 6 tid 105946
0 1 tid 105946
155 4 tid 105946
365 2 tid 105946
492 5 tid 105946
619 6 tid 105946
175 tid 105946
Remove  tid 105946
FindTargetPageId rootid 3 tid 105947
target_page_id id: 6 tid 105947
0 1 tid 105947
155 4 tid 105947
365 2 tid 105947
492 5 tid 105947
619 6 tid 105947
175 tid 105947
Insert  tid 105947
FindTargetPageId rootid 3 tid 105945
target_page_id id: 6 tid 105945
0 1 tid 105945
155 4 tid 105945
365 2 tid 105945
492 5 tid 105945
619 6 tid 105945
176 tid 105945
Insert  tid 105945
FindTargetPageId rootid 3 tid 105946
target_page_id id: 6 tid 105946
0 1 tid 105946
155 4 tid 105946
365 2 tid 105946
492 5 tid 105946
619 6 tid 105946
176 tid 105946
Remove  tid 105946
FindTargetPageId rootid 3 tid 105946
target_page_id id: 6 tid 105946
0 1 tid 105946
155 4 tid 105946
365 2 tid 105946
492 5 tid 105946
619 6 tid 105946
176 tid 105946
Remove  tid 105946
FindTargetPageId rootid 3 tid 105946
target_page_id id: 6 tid 105946
0 1 tid 105946
155 4 tid 105946
365 2 tid 105946
492 5 tid 105946
619 6 tid 105946
176 tid 105946
Remove  tid 105946
FindTargetPageId rootid 3 tid 105946
target_page_id id: 6 tid 105946
0 1 tid 105946
155 4 tid 105946
365 2 tid 105946
492 5 tid 105946
619 6 tid 105946
176 tid 105946
Remove  tid 105946
FindTargetPageId rootid 3 tid 105946
target_page_id id: 6 tid 105946
0 1 tid 105946
155 4 tid 105946
365 2 tid 105946
492 5 tid 105946
619 6 tid 105946
176 tid 105946
Remove  tid 105946
FindTargetPageId rootid 3 tid 105946
target_page_id id: 6 tid 105946
0 1 tid 105946
155 4 tid 105946
365 2 tid 105946
492 5 tid 105946
619 6 tid 105946
176 tid 105946
Remove  tid 105946
FindTargetPageId rootid 3 tid 105946
target_page_id id: 6 tid 105946
0 1 tid 105946
155 4 tid 105946
365 2 tid 105946
492 5 tid 105946
619 6 tid 105946
176 tid 105946
FindTargetPageId rootid 3 tid 105947
target_page_id id: 6 tid 105947
0 1 tid 105947
155 4 tid 105947
365 2 tid 105947
492 5 tid 105947
619 6 tid 105947
176 tid 105947
Insert  tid 105947
FindTargetPageId rootid 3 tid 105945
target_page_id id: 6 tid 105945
0 1 tid 105945
155 4 tid 105945
365 2 tid 105945
492 5 tid 105945
619 6 tid 105945
177 tid 105945
Insert  tid 105945
FindTargetPageId rootid 3 tid 105945
target_page_id id: 6 tid 105945
0 1 tid 105945
155 4 tid 105945
365 2 tid 105945
492 5 tid 105945
619 6 tid 105945
177 tid 105945
Insert  tid 105945
FindTargetPageId rootid 3 tid 105945
target_page_id id: 6 tid 105945
0 1 tid 105945
155 4 tid 105945
365 2 tid 105945
492 5 tid 105945
619 6 tid 105945
177 tid 105945
Insert  tid 105945
FindTargetPageId rootid 3 tid 105947
target_page_id id: 6 tid 105947
0 1 tid 105947
155 4 tid 105947
365 2 tid 105947
492 5 tid 105947
619 6 tid 105947
177 tid 105947
FindTargetPageId rootid 3 tid 105945
target_page_id id: 6 tid 105945
0 1 tid 105945
155 4 tid 105945
365 2 tid 105945
492 5 tid 105945
619 6 tid 105945
178 tid 105945
Insert  tid 105945
FindTargetPageId rootid 3 tid 105945
target_page_id id: 6 tid 105945
0 1 tid 105945
155 4 tid 105945
365 2 tid 105945
492 5 tid 105945
619 6 tid 105945
178 tid 105945
Insert  tid 105945
FindTargetPageId rootid 3 tid 105945
target_page_id id: 6 tid 105945
0 1 tid 105945
155 4 tid 105945
365 2 tid 105945
492 5 tid 105945
619 6 tid 105945
178 tid 105945
Insert  tid 105945
Insert FindTargetPageId rootid 3 tid 105945
 tid target_page_id id: 6 tid 105945
0 1 tid 105945
155 4 tid 105945
365 2 tid 105945
492 5 tid 105945
619 6 tid 105945
105947178 tid 
105945
Insert  tid 105945
FindTargetPageId rootid 3 tid 105947
target_page_id id: 6 tid 105947
0 1 tid 105947
155 4 tid 105947
365 2 tid 105947
492 5 tid 105947
619 6 tid 105947
178 tid 105947
Insert  tid 105947
FindTargetPageId rootid 3 tid 105945
target_page_id id: 6 tid 105945
0 1 tid 105945
155 4 tid 105945
365 2 tid 105945
492 5 tid 105945
619 6 tid 105945
179 tid 105945
Insert  tid 105945
FindTargetPageId rootid 3 tid 105947
target_page_id id: 6 tid 105947
0 1 tid 105947
155 4 tid 105947
365 2 tid 105947
492 5 tid 105947
619 6 tid 105947
179 tid 105947
Insert  tid 105947
FindTargetPageId rootid 3 tid 105947
target_page_id id: 6 tid 105947
0 1 tid 105947
155 4 tid 105947
365 2 tid 105947
492 5 tid 105947
619 6 tid 105947
180 tid 105947
Insert  tid 105947
FindTargetPageId rootid 3 tid 105947
target_page_id id: 6 tid 105947
0 1 tid 105947
155 4 tid 105947
365 2 tid 105947
492 5 tid 105947
619 6 tid 105947
181 tid 105947
Insert  tid 105947
FindTargetPageId rootid 3 tid 105947
target_page_id id: 6 tid 105947
0 1 tid 105947
155 4 tid 105947
365 2 tid 105947
492 5 tid 105947
619 6 tid 105947
182 tid 105947
Insert  tid 105947
FindTargetPageId rootid 3 tid 105947
target_page_id id: 6 tid 105947
0 1 tid 105947
155 4 tid 105947
365 2 tid 105947
492 5 tid 105947
619 6 tid 105947
183 tid 105947
Insert  tid 105947
FindTargetPageId rootid 3 tid 105947
target_page_id id: 6 tid 105947
0 1 tid 105947
155 4 tid 105947
365 2 tid 105947
492 5 tid 105947
619 6 tid 105947
184 tid 105947
Insert  tid 105947
FindTargetPageId rootid 3 tid 105947
target_page_id id: 6 tid 105947
0 1 tid 105947
155 4 tid 105947
365 2 tid 105947
492 5 tid 105947
619 6 tid 105947
185 tid 105947
Insert  tid 105947
FindTargetPageId rootid 3 tid 105947
target_page_id id: 6 tid 105947
0 1 tid 105947
155 4 tid 105947
365 2 tid 105947
492 5 tid 105947
619 6 tid 105947
186 tid 105947
Insert  tid 105947
FindTargetPageId rootid 3 tid 105945
target_page_id id: 6 tid 105945
0 1 tid 105945
155 4 tid 105945
365 2 tid 105945
492 5 tid 105945
619 6 tid 105945
187 tid 105945
Insert  tid 105945
FindTargetPageId rootid 3 tid 105947
target_page_id id: 6 tid 105947
0 1 tid 105947
155 4 tid 105947
365 2 tid 105947
492 5 tid 105947
619 6 tid 105947
187 tid 105947
Insert  tid 105947
FindTargetPageId rootid 3 tid 105945
target_page_id id: 6 tid 105945
0 1 tid 105945
155 4 tid 105945
365 2 tid 105945
492 5 tid 105945
619 6 tid 105945
188 tid 105945
Insert  tid 105945
FindTargetPageId rootid 3 tid 105947
target_page_id id: 6 tid 105947
0 1 tid 105947
155 4 tid 105947
365 2 tid 105947
492 5 tid 105947
619 6 tid 105947
188 tid 105947
Insert  tid 105947
FindTargetPageId rootid 3 tid 105947
target_page_id id: 6 tid 105947
0 1 tid 105947
155 4 tid 105947
365 2 tid 105947
492 5 tid 105947
619 6 tid 105947
189 tid 105947
Insert  tid 105947
FindTargetPageId rootid 3 tid 105947
target_page_id id: 6 tid 105947
0 1 tid 105947
155 4 tid 105947
365 2 tid 105947
492 5 tid 105947
619 6 tid 105947
190 tid 105947
Insert  tid 105947
FindTargetPageId rootid 3 tid 105947
target_page_id id: 6 tid 105947
0 1 tid 105947
155 4 tid 105947
365 2 tid 105947
492 5 tid 105947
619 6 tid 105947
191 tid 105947
Insert  tid 105947
FindTargetPageId rootid 3 tid 105947
target_page_id id: 6 tid 105947
0 1 tid 105947
155 4 tid 105947
365 2 tid 105947
492 5 tid 105947
619 6 tid 105947
192 tid 105947
Insert  tid 105947
FindTargetPageId rootid 3 tid 105945
target_page_id id: 6 tid 105945
0 1 tid 105945
155 4 tid 105945
365 2 tid 105945
492 5 tid 105945
619 6 tid 105945
193 tid 105945
Insert  tid 105945
FindTargetPageId rootid 3 tid 105947
target_page_id id: 6 tid 105947
0 1 tid 105947
155 4 tid 105947
365 2 tid 105947
492 5 tid 105947
619 6 tid 105947
193 tid 105947
Insert  tid 105947
FindTargetPageId rootid 3 tid 105945
target_page_id id: 6 tid 105945
0 1 tid 105945
155 4 tid 105945
365 2 tid 105945
492 5 tid 105945
619 6 tid 105945
194 tid 105945
Insert  tid 105945
FindTargetPageId rootid 3 tid 105947
target_page_id id: 6 tid 105947
0 1 tid 105947
155 4 tid 105947
365 2 tid 105947
492 5 tid 105947
619 6 tid 105947
194 tid 105947
Insert  tid 105947
FindTargetPageId rootid 3 tid 105947
target_page_id id: 6 tid 105947
0 1 tid 105947
155 4 tid 105947
365 2 tid 105947
492 5 tid 105947
619 6 tid 105947
195 tid 105947
Insert  tid 105947
FindTargetPageId rootid 3 tid 105947
target_page_id id: 6 tid 105947
0 1 tid 105947
155 4 tid 105947
365 2 tid 105947
492 5 tid 105947
619 6 tid 105947
196 tid 105947
Insert  tid 105947
FindTargetPageId rootid 3 tid 105947
target_page_id id: 6 tid 105947
0 1 tid 105947
155 4 tid 105947
365 2 tid 105947
492 5 tid 105947
619 6 tid 105947
197 tid 105947
Insert  tid 105947
FindTargetPageId rootid 3 tid 105947
target_page_id id: 6 tid 105947
0 1 tid 105947
155 4 tid 105947
365 2 tid 105947
492 5 tid 105947
619 6 tid 105947
198 tid 105947
Insert  tid 105947
FindTargetPageId rootid 3 tid 105945
target_page_id id: 6 tid 105945
0 1 tid 105945
155 4 tid 105945
365 2 tid 105945
492 5 tid 105945
619 6 tid 105945
199 tid 105945
Insert  tid 105945
FindTargetPageId rootid 3 tid 105947
target_page_id id: 6 tid 105947
0 1 tid 105947
155 4 tid 105947
365 2 tid 105947
492 5 tid 105947
619 6 tid 105947
199 tid 105947
Insert  tid 105947
FindTargetPageId rootid 3 tid 105945
target_page_id id: 6 tid 105945
0 1 tid 105945
155 4 tid 105945
365 2 tid 105945
492 5 tid 105945
619 6 tid 105945
200 tid 105945
Insert  tid 105945
FindTargetPageId rootid 3 tid 105947
target_page_id id: 6 tid 105947
0 1 tid 105947
155 4 tid 105947
365 2 tid 105947
492 5 tid 105947
619 6 tid 105947
200 tid 105947
Insert  tid 105947
FindTargetPageId rootid 3 tid 105945
target_page_id id: 6 tid 105945
0 1 tid 105945
155 4 tid 105945
365 2 tid 105945
492 5 tid 105945
619 6 tid 105945
201 tid 105945
Insert  tid 105945
FindTargetPageId rootid 3 tid 105945
target_page_id id: 6 tid 105945
0 1 tid 105945
155 4 tid 105945
365 2 tid 105945
492 5 tid 105945
619 6 tid 105945
201 tid 105945
Insert  tid 105945
FindTargetPageId rootid 3 tid 105947
target_page_id id: 6 tid 105947
0 1 tid 105947
155 4 tid 105947
365 2 tid 105947
492 5 tid 105947
619 6 tid 105947
201 tid 105947
Insert  tid 105947
FindTargetPageId rootid 3 tid 105945
target_page_id id: 6 tid 105945
0 1 tid 105945
155 4 tid 105945
365 2 tid 105945
492 5 tid 105945
619 6 tid 105945
202 tid 105945
Insert  tid 105945
FindTargetPageId rootid 3 tid 105947
target_page_id id: 6 tid 105947
0 1 tid 105947
155 4 tid 105947
365 2 tid 105947
492 5 tid 105947
619 6 tid 105947
202 tid 105947
Insert  tid 105947
FindTargetPageId rootid 3 tid 105945
target_page_id id: 6 tid 105945
0 1 tid 105945
155 4 tid 105945
365 2 tid 105945
492 5 tid 105945
619 6 tid 105945
203 tid 105945
Insert  tid 105945
FindTargetPageId rootid 3 tid 105947
target_page_id id: 6 tid 105947
0 1 tid 105947
155 4 tid 105947
365 2 tid 105947
492 5 tid 105947
619 6 tid 105947
203 tid 105947
Insert  tid 105947
FindTargetPageId rootid 3 tid 105945
target_page_id id: 6 tid 105945
0 1 tid 105945
155 4 tid 105945
365 2 tid 105945
492 5 tid 105945
619 6 tid 105945
204 tid 105945
Insert  tid 105945
FindTargetPageId rootid 3 tid 105947
target_page_id id: 6 tid 105947
0 1 tid 105947
155 4 tid 105947
365 2 tid 105947
492 5 tid 105947
619 6 tid 105947
204 tid 105947
Insert  tid 105947
FindTargetPageId rootid 3 tid 105945
target_page_id id: 6 tid 105945
0 1 tid 105945
155 4 tid 105945
365 2 tid 105945
492 5 tid 105945
619 6 tid 105945
205 tid 105945
Insert  tid 105945
FindTargetPageId rootid 3 tid 105945
target_page_id id: 6 tid 105945
0 1 tid 105945
155 4 tid 105945
365 2 tid 105945
492 5 tid 105945
619 6 tid 105945
205 tid 105945
Insert  tid 105945
FindTargetPageId rootid 3 tid 105945
target_page_id id: 6 tid 105945
0 1 tid 105945
155 4 tid 105945
365 2 tid 105945
492 5 tid 105945
619 6 tid 105945
205 tid 105945
Insert  tid 105945
FindTargetPageId rootid 3 tid 105945
target_page_id id: 6 tid 105945
0 1 tid 105945
155 4 tid 105945
365 2 tid 105945
492 5 tid 105945
619 6 tid 105945
205 tid 105945
Insert  tid 105945
FindTargetPageId rootid 3 tid 105945
target_page_id id: 6 tid 105945
0 1 tid 105945
155 4 tid 105945
365 2 tid 105945
492 5 tid 105945
619 6 tid 105945
205 tid 105945
Insert  tid 105945
FindTargetPageId rootid 3 tid 105945
target_page_id id: 6 tid 105945
0 1 tid 105945
155 4 tid 105945
365 2 tid 105945
492 5 tid 105945
619 6 tid 105945
205 tid 105945
Insert  tid 105945
FindTargetPageId rootid 3 tid 105945
target_page_id id: 6 tid 105945
0 1 tid 105945
155 4 tid 105945
365 2 tid 105945
492 5 tid 105945
619 6 tid 105945
205 tid 105945
Insert  tid 105945
FindTargetPageId rootid 3 tid 105945
target_page_id id: 6 tid 105945
0 1 tid 105945
155 4 tid 105945
365 2 tid 105945
492 5 tid 105945
619 6 tid 105945
205 tid 105945
Insert  tid 105945
FindTargetPageId rootid 3 tid 105945
target_page_id id: 6 tid 105945
0 1 tid 105945
155 4 tid 105945
365 2 tid 105945
492 5 tid 105945
619 6 tid 105945
205 tid 105945
Insert  tid 105945
FindTargetPageId rootid 3 tid 105945
target_page_id id: 6 tid 105945
0 1 tid 105945
155 4 tid 105945
365 2 tid 105945
492 5 tid 105945
619 6 tid 105945
205 tid 105945
Insert  tid 105945
FindTargetPageId rootid 3 tid 105945
target_page_id id: 6 tid 105945
0 1 tid 105945
155 4 tid 105945
365 2 tid 105945
492 5 tid 105945
619 6 tid 105945
205 tid 105945
Insert  tid 105945
FindTargetPageId rootid 3 tid 105945
target_page_id id: 6 tid 105945
0 1 tid 105945
155 4 tid 105945
365 2 tid 105945
492 5 tid 105945
619 6 tid 105945
205 tid 105945
Insert  tid 105945
FindTargetPageId rootid 3 tid 105947
target_page_id id: 6 tid 105947
0 1 tid 105947
155 4 tid 105947
365 2 tid 105947
492 5 tid 105947
619 6 tid 105947
205 tid 105947
Insert  tid 105947
FindTargetPageId rootid 3 tid 105945
target_page_id id: 6 tid 105945
0 1 tid 105945
155 4 tid 105945
365 2 tid 105945
492 5 tid 105945
619 6 tid 105945
206 tid 105945
Insert  tid 105945
FindTargetPageId rootid 3 tid 105947
target_page_id id: 6 tid 105947
0 1 tid 105947
155 4 tid 105947
365 2 tid 105947
492 5 tid 105947
619 6 tid 105947
206 tid 105947
Insert  tid 105947
FindTargetPageId rootid 3 tid 105947
target_page_id id: 6 tid 105947
0 1 tid 105947
155 4 tid 105947
365 2 tid 105947
492 5 tid 105947
619 6 tid 105947
207 tid 105947
Insert  tid 105947
FindTargetPageId rootid 3 tid 105945
target_page_id id: 6 tid 105945
0 1 tid 105945
155 4 tid 105945
365 2 tid 105945
492 5 tid 105945
619 6 tid 105945
208 tid 105945
FindTargetPageId rootid 3 tid 105947
target_page_id id: 6 tid 105947
0 1 tid 105947
155 4 tid 105947
365 2 tid 105947
492 5 tid 105947
619 6 tid 105947
208 tid 105947
Insert  tid 105947
FindTargetPageId rootid 3 tid 105947
target_page_id id: 6 tid 105947
0 1 tid 105947
155 4 tid 105947
365 2 tid 105947
492 5 tid 105947
619 6 tid Insert 105947 tid 
209 tid 105947
Insert  tid 105947
FindTargetPageId rootid 3 tid 105947
105945target_page_id id: 6 tid 105947

0 1 tid 105947
155 4 tid 105947
365 2 tid 105947
492 5 tid 105947
619 6 tid 105947
210 tid 105947
Insert  tid 105947
FindTargetPageId rootid 3 tid 105947
target_page_id id: 6 tid 105947
0 1 tid 105947
155 4 tid 105947
365 2 tid 105947
492 5 tid 105947
619 6 tid 105947
211 tid 105947
Insert  tid 105947
FindTargetPageId rootid 3 tid 105947
target_page_id id: 6 tid 105947
0 1 tid 105947
155 4 tid 105947
365 2 tid 105947
492 5 tid 105947
619 6 tid 105947
212 tid 105947
Insert  tid 105947
FindTargetPageId rootid 3 tid 105947
target_page_id id: 6 tid 105947
0 1 tid 105947
155 4 tid 105947
365 2 tid 105947
492 5 tid 105947
619 6 tid 105947
213 tid 105947
Insert  tid 105947
FindTargetPageId rootid 3 tid 105947
target_page_id id: 6 tid 105947
0 1 tid 105947
155 4 tid 105947
365 2 tid 105947
492 5 tid 105947
619 6 tid 105947
214 tid 105947
Insert  tid 105947
FindTargetPageId rootid 3 tid 105945
target_page_id id: 6 tid 105945
0 1 tid 105945
155 4 tid 105945
365 2 tid 105945
492 5 tid 105945
619 6 tid 105945
215 tid 105945
Insert  tid 105945
FindTargetPageId rootid 3 tid 105947
target_page_id id: 6 tid 105947
0 1 tid 105947
155 4 tid 105947
365 2 tid 105947
492 5 tid 105947
619 6 tid 105947
215 tid 105947
Insert  tid 105947
FindTargetPageId rootid 3 tid 105945
target_page_id id: 6 tid 105945
0 1 tid 105945
155 4 tid 105945
365 2 tid 105945
492 5 tid 105945
619 6 tid 105945
216 tid 105945
Insert  tid 105945
FindTargetPageId rootid 3 tid 105947
target_page_id id: 6 tid 105947
0 1 tid 105947
155 4 tid 105947
365 2 tid 105947
492 5 tid 105947
619 6 tid 105947
216 tid 105947
Insert  tid 105947
FindTargetPageId rootid 3 tid 105945
target_page_id id: 6 tid 105945
0 1 tid 105945
155 4 tid 105945
365 2 tid 105945
492 5 tid 105945
619 6 tid 105945
217 tid 105945
Insert  tid 105945
FindTargetPageId rootid 3 tid 105947
target_page_id id: 6 tid 105947
0 1 tid 105947
155 4 tid 105947
365 2 tid 105947
492 5 tid 105947
619 6 tid 105947
217 tid 105947
Insert  tid 105947
FindTargetPageId rootid 3 tid 105947
target_page_id id: 6 tid 105947
0 1 tid 105947
155 4 tid 105947
365 2 tid 105947
492 5 tid 105947
619 6 tid 105947
218 tid 105947
Insert  tid 105947
FindTargetPageId rootid 3 tid 105947
target_page_id id: 6 tid 105947
0 1 tid 105947
155 4 tid 105947
365 2 tid 105947
492 5 tid 105947
619 6 tid 105947
219 tid 105947
Insert  tid 105947
FindTargetPageId rootid 3 tid 105947
target_page_id id: 6 tid 105947
0 1 tid 105947
155 4 tid 105947
365 2 tid 105947
492 5 tid 105947
619 6 tid 105947
220 tid 105947
Insert  tid 105947
FindTargetPageId rootid 3 tid 105945
target_page_id id: 6 tid 105945
0 1 tid 105945
155 4 tid 105945
365 2 tid 105945
492 5 tid 105945
619 6 tid 105945
221 tid 105945
FindTargetPageId rootid 3 tid 105947
target_page_id id: 6 tid 105947
0 1 tid 105947
155 4 tid 105947
365 2 tid 105947
492 5 tid 105947
619 6 tid 105947
221 tid 105947
Insert  tid 105947
Insert  tid 105945
FindTargetPageId rootid 3 tid 105947
target_page_id id: 6 tid 105947
0 1 tid 105947
155 4 tid 105947
365 2 tid 105947
492 5 tid 105947
619 6 tid 105947
222 tid 105947
Insert  tid 105947
FindTargetPageId rootid 3 tid 105947
target_page_id id: 6 tid 105947
0 1 tid 105947
155 4 tid 105947
365 2 tid 105947
492 5 tid 105947
619 6 tid 105947
223 tid 105947
Insert  tid 105947
FindTargetPageId rootid 3 tid 105945
target_page_id id: 6 tid 105945
0 1 tid 105945
155 4 tid 105945
365 2 tid 105945
492 5 tid 105945
619 6 tid 105945
224 tid 105945
Insert  tid 105945
FindTargetPageId rootid 3 tid 105947
target_page_id id: 6 tid 105947
0 1 tid 105947
155 4 tid 105947
365 2 tid 105947
492 5 tid 105947
619 6 tid 105947
224 tid 105947
Insert  tid 105947
FindTargetPageId rootid 3 tid 105945
target_page_id id: 6 tid 105945
0 1 tid 105945
155 4 tid 105945
365 2 tid 105945
492 5 tid 105945
619 6 tid 105945
225 tid 105945
Insert  tid 105945
FindTargetPageId rootid 3 tid 105945
target_page_id id: 6 tid 105945
0 1 tid 105945
155 4 tid 105945
365 2 tid 105945
492 5 tid 105945
619 6 tid 105945
225 tid 105945
Insert  tid 105945
FindTargetPageId rootid 3 tid 105945
target_page_id id: 6 tid 105945
0 1 tid 105945
155 4 tid 105945
365 2 tid 105945
492 5 tid 105945
619 6 tid 105945
225 tid 105945
Insert  tid 105945
FindTargetPageId rootid 3 tid 105945
target_page_id id: 6 tid 105945
0 1 tid 105945
155 4 tid 105945
365 2 tid 105945
492 5 tid 105945
619 6 tid 105945
225 tid 105945
Insert  tid 105945
FindTargetPageId rootid 3 tid 105947
target_page_id id: 6 tid 105947
0 1 tid 105947
155 4 tid 105947
365 2 tid 105947
492 5 tid 105947
619 6 tid 105947
225 tid 105947
Insert  tid 105947FindTargetPageId rootid 
3 tid 105945
target_page_id id: 6 tid 105945
0 1 tid 105945
155 4 tid 105945
365 2 tid 105945
492 5 tid 105945
619 6 tid 105945
226 tid 105945
Insert  tid 105945
FindTargetPageId rootid 3 tid 105945
target_page_id id: 6 tid 105945
0 1 tid 105945
155 4 tid 105945
365 2 tid 105945
492 5 tid 105945
619 6 tid 105945
226 tid 105945
Insert  tid 105945
FindTargetPageId rootid 3 tid 105945
target_page_id id: 6 tid 105945
0 1 tid 105945
155 4 tid 105945
365 2 tid 105945
492 5 tid 105945
619 6 tid 105945
226 tid 105945
Insert  tid 105945
FindTargetPageId rootid 3 tid 105945
target_page_id id: 6 tid 105945
0 1 tid 105945
155 4 tid 105945
365 2 tid 105945
492 5 tid 105945
619 6 tid 105945
226 tid 105945
Insert  tid 105945
FindTargetPageId rootid 3 tid 105945
target_page_id id: 6 tid 105945
0 1 tid 105945
155 4 tid 105945
365 2 tid 105945
492 5 tid 105945
619 6 tid 105945
226 tid 105945
Insert  tid 105945
FindTargetPageId rootid 3 tid 105945
target_page_id id: 6 tid 105945
0 1 tid 105945
155 4 tid 105945
365 2 tid 105945
492 5 tid 105945
619 6 tid 105945
226 tid 105945
Insert  tid 105945
FindTargetPageId rootid 3 tid 105945
target_page_id id: 6 tid 105945
0 1 tid 105945
155 4 tid 105945
365 2 tid 105945
492 5 tid 105945
619 6 tid 105945
226 tid 105945
Insert  tid 105945
FindTargetPageId rootid 3 tid 105945
target_page_id id: 6 tid 105945
0 1 tid 105945
155 4 tid 105945
365 2 tid 105945
492 5 tid 105945
619 6 tid 105945
226 tid 105945
Insert  tid 105945
FindTargetPageId rootid 3 tid 105945
target_page_id id: 6 tid 105945
0 1 tid 105945
155 4 tid 105945
365 2 tid 105945
492 5 tid 105945
619 6 tid 105945
226 tid 105945
Insert  tid 105945
FindTargetPageId rootid 3 tid 105945
target_page_id id: 6 tid 105945
0 1 tid 105945
155 4 tid 105945
365 2 tid 105945
492 5 tid 105945
619 6 tid 105945
226 tid 105945
Insert  tid 105945
FindTargetPageId rootid 3 tid 105945
target_page_id id: 6 tid 105945
0 1 tid 105945
155 4 tid 105945
365 2 tid 105945
492 5 tid 105945
619 6 tid 105945
226 tid 105945
Insert  tid 105945
FindTargetPageId rootid 3 tid 105945
target_page_id id: 6 tid 105945
0 1 tid 105945
155 4 tid 105945
365 2 tid 105945
492 5 tid 105945
619 6 tid 105945
226 tid 105945
Insert  tid 105945
FindTargetPageId rootid 3 tid 105945
target_page_id id: 6 tid 105945
0 1 tid 105945
155 4 tid 105945
365 2 tid 105945
492 5 tid 105945
619 6 tid 105945
226 tid 105945
Insert  tid 105945
FindTargetPageId rootid 3 tid 105945
target_page_id id: 6 tid 105945
0 1 tid 105945
155 4 tid 105945
365 2 tid 105945
492 5 tid 105945
619 6 tid 105945
226 tid 105945
Insert  tid 105945
FindTargetPageId rootid 3 tid 105945
target_page_id id: 6 tid 105945
0 1 tid 105945
155 4 tid 105945
365 2 tid 105945
492 5 tid 105945
619 6 tid 105945
226 tid 105945
Insert  tid 105945
FindTargetPageId rootid 3 tid 105945
target_page_id id: 6 tid 105945
0 1 tid 105945
155 4 tid 105945
365 2 tid 105945
492 5 tid 105945
619 6 tid 105945
226 tid 105945
Insert  tid 105945
FindTargetPageId rootid 3 tid 105945
target_page_id id: 6 tid 105945
0 1 tid 105945
155 4 tid 105945
365 2 tid 105945
492 5 tid 105945
619 6 tid 105945
226 tid 105945
Insert  tid 105945
FindTargetPageId rootid 3 tid 105945
target_page_id id: 6 tid 105945
0 1 tid 105945
155 4 tid 105945
365 2 tid 105945
492 5 tid 105945
619 6 tid 105945
226 tid 105945
Insert  tid 105945
FindTargetPageId rootid 3 tid 105945
target_page_id id: 6 tid 105945
0 1 tid 105945
155 4 tid 105945
365 2 tid 105945
492 5 tid 105945
619 6 tid 105945
226 tid 105945
Insert  tid 105945
FindTargetPageId rootid 3 tid 105945
target_page_id id: 6 tid 105945
0 1 tid 105945
155 4 tid 105945
365 2 tid 105945
492 5 tid 105945
619 6 tid 105945
226 tid 105945
Insert  tid 105945
FindTargetPageId rootid 3 tid 105945
target_page_id id: 6 tid 105945
0 1 tid 105945
155 4 tid 105945
365 2 tid 105945
492 5 tid 105945
619 6 tid 105945
226 tid 105945
Insert  tid 105945
FindTargetPageId rootid 3 tid 105945
target_page_id id: 6 tid 105945
0 1 tid 105945
155 4 tid 105945
365 2 tid 105945
492 5 tid 105945
619 6 tid 105945
226 tid 105945
Insert  tid 105945
FindTargetPageId rootid 3 tid 105945
target_page_id id: 6 tid 105945
0 1 tid 105945
155 4 tid 105945
365 2 tid 105945
492 5 tid 105945
619 6 tid 105945
226 tid 105945
Insert  tid 105945
FindTargetPageId rootid 3 tid 105945
target_page_id id: 6 tid 105945
0 1 tid 105945
155 4 tid 105945
365 2 tid 105945
492 5 tid 105945
619 6 tid 105945
226 tid 105945
Insert  tid 105945
FindTargetPageId rootid 3 tid 105945
target_page_id id: 6 tid 105945
0 1 tid 105945
155 4 tid 105945
365 2 tid 105945
492 5 tid 105945
619 6 tid 105945
226 tid 105945
Insert  tid 105945
FindTargetPageId rootid 3 tid 105945
target_page_id id: 6 tid 105945
0 1 tid 105945
155 4 tid 105945
365 2 tid 105945
492 5 tid 105945
619 6 tid 105945
226 tid 105945
Insert  tid 105945
FindTargetPageId rootid 3 tid 105945
target_page_id id: 6 tid 105945
0 1 tid 105945
155 4 tid 105945
365 2 tid 105945
492 5 tid 105945
619 6 tid 105945
226 tid 105945
Insert  tid 105945
FindTargetPageId rootid 3 tid 105945
target_page_id id: 6 tid 105945
0 1 tid 105945
155 4 tid 105945
365 2 tid 105945
492 5 tid 105945
619 6 tid 105945
226 tid 105945
Insert  tid 105945
FindTargetPageId rootid 3 tid 105945
target_page_id id: 6 tid 105945
0 1 tid 105945
155 4 tid 105945
365 2 tid 105945
492 5 tid 105945
619 6 tid 105945
227 tid 105945
Insert  tid 105945
FindTargetPageId rootid 3 tid 105945
target_page_id id: 6 tid 105945
0 1 tid 105945
155 4 tid 105945
365 2 tid 105945
492 5 tid 105945
619 6 tid 105945
228 tid 105945
Insert  tid 105945
FindTargetPageId rootid 3 tid 105947
target_page_id id: 6 tid 105947
0 1 tid 105947
155 4 tid 105947
365 2 tid 105947
492 5 tid 105947
619 6 tid 105947
229 tid 105947
Insert  tid 105947
FindTargetPageId rootid 3 tid 105947
target_page_id id: 6 tid 105947
0 1 tid 105947
155 4 tid 105947
365 2 tid 105947
492 5 tid 105947
619 6 tid 105947
229 tid 105947
Insert  tid 105947
FindTargetPageId rootid 3 tid 105947
target_page_id id: 6 tid 105947
0 1 tid 105947
155 4 tid 105947
365 2 tid 105947
492 5 tid 105947
619 6 tid 105947
229 tid 105947
Insert  tid 105947
FindTargetPageId rootid 3 tid 105945
target_page_id id: 6 tid 105945
0 1 tid 105945
155 4 tid 105945
365 2 tid 105945
492 5 tid 105945
619 6 tid 105945
229 tid 105945
Insert  tid 105945
FindTargetPageId rootid 3 tid 105947
target_page_id id: 6 tid 105947
0 1 tid 105947
155 4 tid 105947
365 2 tid 105947
492 5 tid 105947
619 6 tid 105947
230 tid 105947
Insert  tid 105947
FindTargetPageId rootid 3 tid 105945
target_page_id id: 6 tid 105945
0 1 tid 105945
155 4 tid 105945
365 2 tid 105945
492 5 tid 105945
619 6 tid 105945
230 tid 105945
Insert  tid 105945
FindTargetPageId rootid 3 tid 105947
target_page_id id: 6 tid 105947
0 1 tid 105947
155 4 tid 105947
365 2 tid 105947
492 5 tid 105947
619 6 tid 105947
231 tid 105947
Insert  tid 105947
FindTargetPageId rootid 3 tid 105945
target_page_id id: 6 tid 105945
0 1 tid 105945
155 4 tid 105945
365 2 tid 105945
492 5 tid 105945
619 6 tid 105945
231 tid 105945
Insert  tid 105945
FindTargetPageId rootid 3 tid 105945
target_page_id id: 6 tid 105945
0 1 tid 105945
155 4 tid 105945
365 2 tid 105945
492 5 tid 105945
619 6 tid 105945
232 tid 105945
Insert  tid 105945
FindTargetPageId rootid 3 tid 105945
target_page_id id: 6 tid 105945
0 1 tid 105945
155 4 tid 105945
365 2 tid 105945
492 5 tid 105945
619 6 tid 105945
233 tid 105945
Insert  tid 105945
FindTargetPageId rootid 3 tid 105947
target_page_id id: 6 tid 105947
0 1 tid 105947
155 4 tid 105947
365 2 tid 105947
492 5 tid 105947
619 6 tid 105947
234 tid 105947
Insert  tid 105947
FindTargetPageId rootid 3 tid 105945
target_page_id id: 6 tid 105945
0 1 tid 105945
155 4 tid 105945
365 2 tid 105945
492 5 tid 105945
619 6 tid 105945
234 tid 105945
Insert  tid 105945
FindTargetPageId rootid 3 tid 105947
target_page_id id: 6 tid 105947
0 1 tid 105947
155 4 tid 105947
365 2 tid 105947
492 5 tid 105947
619 6 tid 105947
235 tid 105947
Insert  tid 105947
FindTargetPageId rootid 3 tid 105945
target_page_id id: 6 tid 105945
0 1 tid 105945
155 4 tid 105945
365 2 tid 105945
492 5 tid 105945
619 6 tid 105945
235 tid 105945
Insert  tid 105945
FindTargetPageId rootid 3 tid 105947
target_page_id id: 6 tid 105947
0 1 tid 105947
155 4 tid 105947
365 2 tid 105947
492 5 tid 105947
619 6 tid 105947
236 tid 105947
Insert  tid 105947
FindTargetPageId rootid 3 tid 105947
target_page_id id: 6 tid 105947
0 1 tid 105947
155 4 tid 105947
365 2 tid 105947
492 5 tid 105947
619 6 tid 105947
236 tid 105947
Insert  tid 105947
FindTargetPageId rootid 3 tid 105947
target_page_id id: 6 tid 105947
0 1 tid 105947
155 4 tid 105947
365 2 tid 105947
492 5 tid 105947
619 6 tid 105947
236 tid 105947
Insert  tid 105947
FindTargetPageId rootid 3 tid 105947
target_page_id id: 6 tid 105947
0 1 tid 105947
155 4 tid 105947
365 2 tid 105947
492 5 tid 105947
619 6 tid 105947
236 tid 105947
Insert  tid 105947
FindTargetPageId rootid 3 tid 105947
target_page_id id: 6 tid 105947
0 1 tid 105947
155 4 tid 105947
365 2 tid 105947
492 5 tid 105947
619 6 tid 105947
237 tid 105947
Insert  tid 105947
FindTargetPageId rootid 3 tid 105945
target_page_id id: 6 tid 105945
0 1 tid 105945
155 4 tid 105945
365 2 tid 105945
492 5 tid 105945
619 6 tid 105945
238 tid 105945
Insert  tid 105945
FindTargetPageId rootid 3 tid 105945
target_page_id id: 6 tid 105945
0 1 tid 105945
155 4 tid 105945
365 2 tid 105945
492 5 tid 105945
619 6 tid 105945
238 tid 105945
Insert  tid 105945
FindTargetPageId rootid 3 tid 105945
target_page_id id: 6 tid 105945
0 1 tid 105945
155 4 tid 105945
365 2 tid 105945
492 5 tid 105945
619 6 tid 105945
238 tid 105945
Insert  tid 105945
FindTargetPageId rootid 3 tid 105947
target_page_id id: 6 tid 105947
0 1 tid 105947
155 4 tid 105947
365 2 tid 105947
492 5 tid 105947
619 6 tid 105947
239 tid 105947
Insert  tid 105947
FindTargetPageId rootid 3 tid 105945
target_page_id id: 6 tid 105945
0 1 tid 105945
155 4 tid 105945
365 2 tid 105945
492 5 tid 105945
619 6 tid 105945
239 tid 105945
Insert  tid 105945
FindTargetPageId rootid 3 tid 105945
target_page_id id: 6 tid 105945
0 1 tid 105945
155 4 tid 105945
365 2 tid 105945
492 5 tid 105945
619 6 tid 105945
240 tid 105945
Insert  tid 105945
FindTargetPageId rootid 3 tid 105947
target_page_id id: 6 tid 105947
0 1 tid 105947
155 4 tid 105947
365 2 tid 105947
492 5 tid 105947
619 6 tid 105947
241 tid 105947
Insert  tid 105947
FindTargetPageId rootid 3 tid 105947
target_page_id id: 6 tid 105947
0 1 tid 105947
155 4 tid 105947
365 2 tid 105947
492 5 tid 105947
619 6 tid 105947
241 tid 105947
Insert  tid 105947
FindTargetPageId rootid 3 tid 105945
target_page_id id: 6 tid 105945
0 1 tid 105945
155 4 tid 105945
365 2 tid 105945
492 5 tid 105945
619 6 tid 105945
241 tid 105945
Insert  tid 105945
FindTargetPageId rootid 3 tid 105945
target_page_id id: 6 tid 105945
0 1 tid 105945
155 4 tid 105945
365 2 tid 105945
492 5 tid 105945
619 6 tid 105945
242 tid 105945
Insert  tid 105945
FindTargetPageId rootid 3 tid 105947
target_page_id id: 6 tid 105947
0 1 tid 105947
155 4 tid 105947
365 2 tid 105947
492 5 tid 105947
619 6 tid 105947
243 tid 105947
Insert  tid 105947
FindTargetPageId rootid 3 tid 105947
target_page_id id: 6 tid 105947
0 1 tid 105947
155 4 tid 105947
365 2 tid 105947
492 5 tid 105947
619 6 tid 105947
243 tid 105947
Insert  tid 105947
FindTargetPageId rootid 3 tid 105947
target_page_id id: 6 tid 105947
0 1 tid 105947
155 4 tid 105947
365 2 tid 105947
492 5 tid 105947
619 6 tid 105947
243 tid 105947
Insert  tid 105947
FindTargetPageId rootid 3 tid 105947
target_page_id id: 6 tid 105947
0 1 tid 105947
155 4 tid 105947
365 2 tid 105947
492 5 tid 105947
619 6 tid 105947
244 tid 105947
Insert  tid 105947
FindTargetPageId rootid 3 tid 105947
target_page_id id: 6 tid 105947
0 1 tid 105947
155 4 tid 105947
365 2 tid 105947
492 5 tid 105947
619 6 tid 105947
245 tid 105947
Insert  tid 105947
FindTargetPageId rootid 3 tid 105947
target_page_id id: 6 tid 105947
0 1 tid 105947
155 4 tid 105947
365 2 tid 105947
492 5 tid 105947
619 6 tid 105947
246 tid 105947
Insert  tid 105947
FindTargetPageId rootid 3 tid 105947
target_page_id id: 6 tid 105947
0 1 tid 105947
155 4 tid 105947
365 2 tid 105947
492 5 tid 105947
619 6 tid 105947
247 tid 105947
Insert  tid 105947
FindTargetPageId rootid 3 tid 105945
target_page_id id: 6 tid 105945
0 1 tid 105945
155 4 tid 105945
365 2 tid 105945
492 5 tid 105945
619 6 tid 105945
248 tid 105945
Insert  tid 105945
FindTargetPageId rootid 3 tid 105947
target_page_id id: 6 tid 105947
0 1 tid 105947
155 4 tid 105947
365 2 tid 105947
492 5 tid 105947
619 6 tid 105947
248 tid 105947
Insert  tid 105947
FindTargetPageId rootid 3 tid 105947
target_page_id id: 6 tid 105947
0 1 tid 105947
155 4 tid 105947
365 2 tid 105947
492 5 tid 105947
619 6 tid 105947
249 tid 105947
Insert  tid 105947
FindTargetPageId rootid 3 tid 105947
target_page_id id: 6 tid 105947
0 1 tid 105947
155 4 tid 105947
365 2 tid 105947
492 5 tid 105947
619 6 tid 105947
250 tid 105947
FindTargetPageId rootid 3 tid 105945
target_page_id id: 6 tid 105945
0 1 tid 105945
155 4 tid 105945
365 2 tid 105945
492 5 tid 105945
619 6 tid 105945
251 tid 105945
Insert  tid 105945
Insert FindTargetPageId rootid 3 tid 105945
 tid target_page_id id: 6 tid 105945
105947
0 1 tid 105945
155 4 tid 105945
365 2 tid 105945
492 5 tid 105945
619 6 tid 105945
251 tid 105945
Insert  tid 105945
FindTargetPageId rootid 3 tid 105945
target_page_id id: 6 tid 105945
0 1 tid 105945
155 4 tid 105945
365 2 tid 105945
492 5 tid 105945
619 6 tid 105945
251 tid 105945
Insert  tid 105945
FindTargetPageId rootid 3 tid 105947
target_page_id id: 6 tid 105947
0 1 tid 105947
155 4 tid 105947
365 2 tid 105947
492 5 tid 105947
619 6 tid 105947
251 tid 105947
Insert  tid 105947
FindTargetPageId rootid 3 tid 105945
target_page_id id: 6 tid 105945
0 1 tid 105945
155 4 tid 105945
365 2 tid 105945
492 5 tid 105945
619 6 tid 105945
252 tid 105945
Insert  tid 105945
FindTargetPageId rootid 3 tid 105947
target_page_id id: 6 tid 105947
0 1 tid 105947
155 4 tid 105947
365 2 tid 105947
492 5 tid 105947
619 6 tid 105947
252 tid 105947
Insert  tid 105947
FindTargetPageId rootid 3 tid 105947
target_page_id id: 6 tid 105947
0 1 tid 105947
155 4 tid 105947
365 2 tid 105947
492 5 tid 105947
619 6 tid 105947
253 tid 105947
Insert  tid 105947
FindTargetPageId rootid 3 tid 105945
target_page_id id: 6 tid 105945
0 1 tid 105945
155 4 tid 105945
365 2 tid 105945
492 5 tid 105945
619 6 tid 105945
254 tid 105945
Insert  tid 105945
FindTargetPageId rootid 3 tid 105947
target_page_id id: 6 tid 105947
0 1 tid 105947
155 4 tid 105947
365 2 tid 105947
492 5 tid 105947
619 6 tid 105947
254 tid 105947
Insert  tid 105947
FindTargetPageId rootid 3 tid 105945
target_page_id id: 7 tid 105945
0 1 tid 105945
155 4 tid 105945
365 2 tid 105945
492 5 tid 105945
619 6 tid 105945
746 7 tid 105945
128 tid 105945
Insert  tid 105945
FindTargetPageId rootid 3 tid 105945
target_page_id id: 7 tid 105945
0 1 tid 105945
155 4 tid 105945
365 2 tid 105945
492 5 tid 105945
619 6 tid 105945
746 7 tid 105945
128 tid 105945
Insert  tid 105945
FindTargetPageId rootid 3 tid 105947
target_page_id id: 7 tid 105947
0 1 tid 105947
155 4 tid 105947
365 2 tid 105947
492 5 tid 105947
619 6 tid 105947
746 7 tid 105947
128 tid 105947
Insert  tid 105947
FindTargetPageId rootid 3 tid 105945
target_page_id id: 7 tid 105945
0 1 tid 105945
155 4 tid 105945
365 2 tid 105945
492 5 tid 105945
619 6 tid 105945
746 7 tid 105945
129 tid 105945
Insert  tid 105945
FindTargetPageId rootid 3 tid 105945
target_page_id id: 7 tid 105945
0 1 tid 105945
155 4 tid 105945
365 2 tid 105945
492 5 tid 105945
619 6 tid 105945
746 7 tid 105945
129 tid 105945
Insert  tid 105945
FindTargetPageId rootid 3 tid 105947
target_page_id id: 7 tid 105947
0 1 tid 105947
155 4 tid 105947
365 2 tid 105947
492 5 tid 105947
619 6 tid 105947
746 7 tid 105947
129 tid 105947
Insert  tid 105947
FindTargetPageId rootid 3 tid 105945
target_page_id id: 7 tid 105945
0 1 tid 105945
155 4 tid 105945
365 2 tid 105945
492 5 tid 105945
619 6 tid 105945
746 7 tid 105945
130 tid 105945
Insert  tid 105945
FindTargetPageId rootid 3 tid 105947
target_page_id id: 7 tid 105947
0 1 tid 105947
155 4 tid 105947
365 2 tid 105947
492 5 tid 105947
619 6 tid 105947
746 7 tid 105947
130 tid 105947
Insert  tid 105947
FindTargetPageId rootid 3 tid 105947
target_page_id id: 7 tid 105947
0 1 tid 105947
155 4 tid 105947
365 2 tid 105947
492 5 tid 105947
619 6 tid 105947
746 7 tid 105947
131 tid 105947
Insert  tid 105947
FindTargetPageId rootid 3 tid 105947
target_page_id id: 7 tid 105947
0 1 tid 105947
155 4 tid 105947
365 2 tid 105947
492 5 tid 105947
619 6 tid 105947
746 7 tid 105947
132 tid 105947
Insert  tid 105947
FindTargetPageId rootid 3 tid 105945
target_page_id id: 7 tid 105945
0 1 tid 105945
155 4 tid 105945
365 2 tid 105945
492 5 tid 105945
619 6 tid 105945
746 7 tid 105945
133 tid 105945
Insert  tid 105945
FindTargetPageId rootid 3 tid 105947
target_page_id id: 7 tid 105947
0 1 tid 105947
155 4 tid 105947
365 2 tid 105947
492 5 tid 105947
619 6 tid 105947
746 7 tid 105947
133 tid 105947
Insert  tid 105947
FindTargetPageId rootid 3 tid 105945
target_page_id id: 7 tid 105945
0 1 tid 105945
155 4 tid 105945
365 2 tid 105945
492 5 tid 105945
619 6 tid 105945
746 7 tid 105945
134 tid 105945
Insert  tid 105945
FindTargetPageId rootid 3 tid 105947
target_page_id id: 7 tid 105947
0 1 tid 105947
155 4 tid 105947
365 2 tid 105947
492 5 tid 105947
619 6 tid 105947
746 7 tid 105947
134 tid 105947
Insert  tid 105947
FindTargetPageId rootid 3 tid 105945
target_page_id id: 7 tid 105945
0 1 tid 105945
155 4 tid 105945
365 2 tid 105945
492 5 tid 105945
619 6 tid 105945
746 7 tid 105945
135 tid 105945
Insert  tid 105945
FindTargetPageId rootid 3 tid 105947
target_page_id id: 7 tid 105947
0 1 tid 105947
155 4 tid 105947
365 2 tid 105947
492 5 tid 105947
619 6 tid 105947
746 7 tid 105947
135 tid 105947
Insert  tid 105947
FindTargetPageId rootid 3 tid 105945
target_page_id id: 7 tid 105945
0 1 tid 105945
155 4 tid 105945
365 2 tid 105945
492 5 tid 105945
619 6 tid 105945
746 7 tid 105945
136 tid 105945
Insert  tid 105945
FindTargetPageId rootid 3 tid 105947
target_page_id id: 7 tid 105947
0 1 tid 105947
155 4 tid 105947
365 2 tid 105947
492 5 tid 105947
619 6 tid 105947
746 7 tid 105947
136 tid 105947
Insert  tid 105947
FindTargetPageId rootid 3 tid 105947
target_page_id id: 7 tid 105947
0 1 tid 105947
155 4 tid 105947
365 2 tid 105947
492 5 tid 105947
619 6 tid 105947
746 7 tid 105947
137 tid 105947
Insert  tid 105947
FindTargetPageId rootid 3 tid 105947
target_page_id id: 7 tid 105947
0 1 tid 105947
155 4 tid 105947
365 2 tid 105947
492 5 tid 105947
619 6 tid 105947
746 7 tid 105947
138 tid 105947
Insert  tid 105947
FindTargetPageId rootid 3 tid 105945
target_page_id id: 7 tid 105945
0 1 tid 105945
155 4 tid 105945
365 2 tid 105945
492 5 tid 105945
619 6 tid 105945
746 7 tid 105945
139 tid 105945
Insert  tid 105945
FindTargetPageId rootid 3 tid 105947
target_page_id id: 7 tid 105947
0 1 tid 105947
155 4 tid 105947
365 2 tid 105947
492 5 tid 105947
619 6 tid 105947
746 7 tid 105947
139 tid 105947
Insert  tid 105947
FindTargetPageId rootid 3 tid 105947
target_page_id id: 7 tid 105947
0 1 tid 105947
155 4 tid 105947
365 2 tid 105947
492 5 tid 105947
619 6 tid 105947
746 7 tid 105947
140 tid 105947
Insert  tid 105947
FindTargetPageId rootid 3 tid 105945
target_page_id id: 7 tid 105945
0 1 tid 105945
155 4 tid 105945
365 2 tid 105945
492 5 tid 105945
619 6 tid 105945
746 7 tid 105945
141 tid 105945
Insert  tid 105945
FindTargetPageId rootid 3 tid 105945
target_page_id id: 7 tid 105945
0 1 tid 105945
155 4 tid 105945
365 2 tid 105945
492 5 tid 105945
619 6 tid 105945
746 7 tid 105945
141 tid 105945
Insert  tid 105945
FindTargetPageId rootid 3 tid 105947
target_page_id id: 7 tid 105947
0 1 tid 105947
155 4 tid 105947
365 2 tid 105947
492 5 tid 105947
619 6 tid 105947
746 7 tid 105947
141 tid 105947
Insert  tid 105947
FindTargetPageId rootid 3 tid 105947
target_page_id id: 7 tid 105947
0 1 tid 105947
155 4 tid 105947
365 2 tid 105947
492 5 tid 105947
619 6 tid 105947
746 7 tid 105947
142 tid 105947
Insert  tid 105947
FindTargetPageId rootid 3 tid 105947
target_page_id id: 7 tid 105947
0 1 tid 105947
155 4 tid 105947
365 2 tid 105947
492 5 tid 105947
619 6 tid 105947
746 7 tid 105947
143 tid 105947
Insert  tid 105947
FindTargetPageId rootid 3 tid 105947
target_page_id id: 7 tid 105947
0 1 tid 105947
155 4 tid 105947
365 2 tid 105947
492 5 tid 105947
619 6 tid 105947
746 7 tid 105947
144 tid 105947
Insert  tid 105947
FindTargetPageId rootid 3 tid 105947
target_page_id id: 7 tid 105947
0 1 tid 105947
155 4 tid 105947
365 2 tid 105947
492 5 tid 105947
619 6 tid 105947
746 7 tid 105947
145 tid 105947
Insert  tid 105947
FindTargetPageId rootid 3 tid 105947
target_page_id id: 7 tid 105947
0 1 tid 105947
155 4 tid 105947
365 2 tid 105947
492 5 tid 105947
619 6 tid 105947
746 7 tid 105947
146 tid 105947
Insert  tid 105947
FindTargetPageId rootid 3 tid 105947
target_page_id id: 7 tid 105947
0 1 tid 105947
155 4 tid 105947
365 2 tid 105947
492 5 tid 105947
619 6 tid 105947
746 7 tid 105947
147 tid 105947
Insert  tid 105947
FindTargetPageId rootid 3 tid 105945
target_page_id id: 7 tid 105945
0 1 tid 105945
155 4 tid 105945
365 2 tid 105945
492 5 tid 105945
619 6 tid 105945
746 7 tid 105945
148 tid 105945
Insert  tid 105945
FindTargetPageId rootid 3 tid 105947
target_page_id id: 7 tid 105947
0 1 tid 105947
155 4 tid 105947
365 2 tid 105947
492 5 tid 105947
619 6 tid 105947
746 7 tid 105947
148 tid 105947
Insert  tid 105947
FindTargetPageId rootid 3 tid 105945
target_page_id id: 7 tid 105945
0 1 tid 105945
155 4 tid 105945
365 2 tid 105945
492 5 tid 105945
619 6 tid 105945
746 7 tid 105945
149 tid 105945
Insert  tid 105945
FindTargetPageId rootid 3 tid 105947
target_page_id id: 7 tid 105947
0 1 tid 105947
155 4 tid 105947
365 2 tid 105947
492 5 tid 105947
619 6 tid 105947
746 7 tid 105947
149 tid 105947
Insert  tid 105947
FindTargetPageId rootid 3 tid 105945
target_page_id id: 7 tid 105945
0 1 tid 105945
155 4 tid 105945
365 2 tid 105945
492 5 tid 105945
619 6 tid 105945
746 7 tid 105945
150 tid 105945
Insert  tid 105945
FindTargetPageId rootid 3 tid 105947
target_page_id id: 7 tid 105947
0 1 tid 105947
155 4 tid 105947
365 2 tid 105947
492 5 tid 105947
619 6 tid 105947
746 7 tid 105947
150 tid 105947
Insert  tid 105947
FindTargetPageId rootid 3 tid 105945
target_page_id id: 7 tid 105945
0 1 tid 105945
155 4 tid 105945
365 2 tid 105945
492 5 tid 105945
619 6 tid 105945
746 7 tid 105945
151 tid 105945
Insert  tid 105945
FindTargetPageId rootid 3 tid 105947
target_page_id id: 7 tid 105947
0 1 tid 105947
155 4 tid 105947
365 2 tid 105947
492 5 tid 105947
619 6 tid 105947
746 7 tid 105947
151 tid 105947
Insert  tid 105947
FindTargetPageId rootid 3 tid 105947
target_page_id id: 7 tid 105947
0 1 tid 105947
155 4 tid 105947
365 2 tid 105947
492 5 tid 105947
619 6 tid 105947
746 7 tid 105947
152 tid 105947
Insert  tid 105947
FindTargetPageId rootid 3 tid 105947
target_page_id id: 7 tid 105947
0 1 tid 105947
155 4 tid 105947
365 2 tid 105947
492 5 tid 105947
619 6 tid 105947
746 7 tid 105947
153 tid 105947
Insert  tid 105947
FindTargetPageId rootid 3 tid 105947
target_page_id id: 7 tid 105947
0 1 tid 105947
155 4 tid 105947
365 2 tid 105947
492 5 tid 105947
619 6 tid 105947
746 7 tid 105947
154 tid 105947
Insert  tid 105947
FindTargetPageId rootid 3 tid 105945
target_page_id id: 7 tid 105945
0 1 tid 105945
155 4 tid 105945
365 2 tid 105945
492 5 tid 105945
619 6 tid 105945
746 7 tid 105945
155 tid 105945
Insert  tid 105945
FindTargetPageId rootid 3 tid 105947
target_page_id id: 7 tid 105947
0 1 tid 105947
155 4 tid 105947
365 2 tid 105947
492 5 tid 105947
619 6 tid 105947
746 7 tid 105947
155 tid 105947
Insert  tid 105947
FindTargetPageId rootid 3 tid 105945
target_page_id id: 7 tid 105945
0 1 tid 105945
155 4 tid 105945
365 2 tid 105945
492 5 tid 105945
619 6 tid 105945
746 7 tid 105945
156 tid 105945
Insert  tid 105945
FindTargetPageId rootid 3 tid 105947
target_page_id id: 7 tid 105947
0 1 tid 105947
155 4 tid 105947
365 2 tid 105947
492 5 tid 105947
619 6 tid 105947
746 7 tid 105947
156 tid 105947
FindTargetPageId rootid 3 tid 105945
target_page_id id: 7 tid 105945
0 1 tid 105945
155 4 tid 105945
365 2 tid 105945
492 5 tid 105945
619 6 tid 105945
746 7 tid 105945
157 tid 105945
Insert  tid 105945
FindTargetPageId rootid 3 tid 105945
target_page_id id: 7 tid 105945
0 1 tid 105945
155 4 tid 105945
365 2 tid 105945
492 5 tid 105945
619 6 tid 105945
746 7 tid 105945
157 tid 105945
Insert  tid 105945
FindTargetPageId rootid 3 tid 105945
target_page_id id: 7 tid 105945
0 1 tid 105945
155 4 tid 105945
365 2 tid 105945
492 5 tid 105945
619 6 tid 105945
746 7 tid 105945
157 tid 105945
Insert  tid 105945
Insert FindTargetPageId rootid 3 tid 105945
 tid 105947
target_page_id id: 7 tid 105945
0 1 tid 105945
155 4 tid 105945
365 2 tid 105945
492 5 tid 105945
619 6 tid 105945
746 7 tid 105945
157 tid 105945
Insert  tid 105945
FindTargetPageId rootid 3 tid 105947
target_page_id id: 7 tid 105947
0 1 tid 105947
155 4 tid 105947
365 2 tid 105947
492 5 tid 105947
619 6 tid 105947
746 7 tid 105947
157 tid 105947
Insert  tid 105947
FindTargetPageId rootid 3 tid 105945
target_page_id id: 7 tid 105945
0 1 tid 105945
155 4 tid 105945
365 2 tid 105945
492 5 tid 105945
619 6 tid 105945
746 7 tid 105945
158 tid 105945
Insert  tid 105945
FindTargetPageId rootid 3 tid 105947
target_page_id id: 7 tid 105947
0 1 tid 105947
155 4 tid 105947
365 2 tid 105947
492 5 tid 105947
619 6 tid 105947
746 7 tid 105947
158 tid 105947
Insert  tid 105947
FindTargetPageId rootid 3 tid 105945
target_page_id id: 7 tid 105945
0 1 tid 105945
155 4 tid 105945
365 2 tid 105945
492 5 tid 105945
619 6 tid 105945
746 7 tid 105945
159 tid 105945
Insert  tid 105945
FindTargetPageId rootid 3 tid 105945
target_page_id id: 7 tid 105945
0 1 tid 105945
155 4 tid 105945
365 2 tid 105945
492 5 tid 105945
619 6 tid 105945
746 7 tid 105945
159 tid 105945
Insert  tid 105945
FindTargetPageId rootid 3 tid 105945
target_page_id id: 7 tid 105945
0 1 tid 105945
155 4 tid 105945
365 2 tid 105945
492 5 tid 105945
619 6 tid 105945
746 7 tid 105945
159 tid 105945
Insert  tid 105945
FindTargetPageId rootid 3 tid 105945
target_page_id id: 7 tid 105945
0 1 tid 105945
155 4 tid 105945
365 2 tid 105945
492 5 tid 105945
619 6 tid 105945
746 7 tid 105945
159 tid 105945
Insert  tid 105945
FindTargetPageId rootid 3 tid 105945
target_page_id id: 7 tid 105945
0 1 tid 105945
155 4 tid 105945
365 2 tid 105945
492 5 tid 105945
619 6 tid 105945
746 7 tid 105945
159 tid 105945
Insert  tid 105945
FindTargetPageId rootid 3 tid 105945
target_page_id id: 7 tid 105945
0 1 tid 105945
155 4 tid 105945
365 2 tid 105945
492 5 tid 105945
619 6 tid 105945
746 7 tid 105945
159 tid 105945
Insert  tid 105945
FindTargetPageId rootid 3 tid 105945
target_page_id id: 7 tid 105945
0 1 tid 105945
155 4 tid 105945
365 2 tid 105945
492 5 tid 105945
619 6 tid 105945
746 7 tid 105945
159 tid 105945
Insert  tid 105945
FindTargetPageId rootid 3 tid 105945
target_page_id id: 7 tid 105945
0 1 tid 105945
155 4 tid 105945
365 2 tid 105945
492 5 tid 105945
619 6 tid 105945
746 7 tid 105945
159 tid 105945
Insert  tid 105945
FindTargetPageId rootid 3 tid 105945
target_page_id id: 7 tid 105945
0 1 tid 105945
155 4 tid 105945
365 2 tid 105945
492 5 tid 105945
619 6 tid 105945
746 7 tid 105945
159 tid 105945
Insert  tid 105945
FindTargetPageId rootid 3 tid 105945
target_page_id id: 7 tid 105945
0 1 tid 105945
155 4 tid 105945
365 2 tid 105945
492 5 tid 105945
619 6 tid 105945
746 7 tid 105945
159 tid 105945
Insert  tid 105945
FindTargetPageId rootid 3 tid 105945
target_page_id id: 7 tid 105945
0 1 tid 105945
155 4 tid 105945
365 2 tid 105945
492 5 tid 105945
619 6 tid 105945
746 7 tid 105945
159 tid 105945
Insert  tid 105945
FindTargetPageId rootid 3 tid 105947
target_page_id id: 7 tid 105947
0 1 tid 105947
155 4 tid 105947
365 2 tid 105947
492 5 tid 105947
619 6 tid 105947
746 7 tid 105947
159 tid 105947
Insert  tid 105947
FindTargetPageId rootid 3 tid 105945
target_page_id id: 7 tid 105945
0 1 tid 105945
155 4 tid 105945
365 2 tid 105945
492 5 tid 105945
619 6 tid 105945
746 7 tid 105945
160 tid 105945
FindTargetPageId rootid 3 tid 105947
Insert  tid 105945
target_page_id id: 7 tid 105947
0 1 tid 105947
155 4 tid 105947
365 2 tid 105947
492 5 tid 105947
619 6 tid 105947
746 7 tid 105947
160 tid 105947
Insert  tid 105947
FindTargetPageId rootid 3 tid 105945
target_page_id id: 7 tid 105945
0 1 tid 105945
155 4 tid 105945
365 2 tid 105945
492 5 tid 105945
619 6 tid 105945
746 7 tid 105945
161 tid 105945
Insert  tid 105945
FindTargetPageId rootid 3 tid 105947
target_page_id id: 7 tid 105947
0 1 tid 105947
155 4 tid 105947
365 2 tid 105947
492 5 tid 105947
619 6 tid 105947
746 7 tid 105947
161 tid 105947
Insert  tid 105947
FindTargetPageId rootid 3 tid 105947
target_page_id id: 7 tid 105947
0 1 tid 105947
155 4 tid 105947
365 2 tid 105947
492 5 tid 105947
619 6 tid 105947
746 7 tid 105947
162 tid 105947
Insert  tid 105947
FindTargetPageId rootid 3 tid 105947
target_page_id id: 7 tid 105947
0 1 tid 105947
155 4 tid 105947
365 2 tid 105947
492 5 tid 105947
619 6 tid 105947
746 7 tid 105947
163 tid 105947
Insert  tid 105947
FindTargetPageId rootid 3 tid 105947
target_page_id id: 7 tid 105947
0 1 tid 105947
155 4 tid 105947
365 2 tid 105947
492 5 tid 105947
619 6 tid 105947
746 7 tid 105947
164 tid 105947
Insert  tid 105947
FindTargetPageId rootid 3 tid 105945
target_page_id id: 7 tid 105945
0 1 tid 105945
155 4 tid 105945
365 2 tid 105945
492 5 tid 105945
619 6 tid 105945
746 7 tid 105945
165 tid 105945
FindTargetPageId rootid 3 tid Insert 105947
 tid target_page_id id: 7 tid 105947
0 1 tid 105947
155 4 tid 105947
365 2 tid 105947
492 5 tid 105947
619 6 tid 105947
746 7 tid 105947
165 tid 105947
105945
Insert  tid 105947
FindTargetPageId rootid 3 tid 105945
target_page_id id: 7 tid 105945
0 1 tid 105945
155 4 tid 105945
365 2 tid 105945
492 5 tid 105945
619 6 tid 105945
746 7 tid 105945
166 tid 105945
Insert  tid 105945
FindTargetPageId rootid 3 tid 105947
target_page_id id: 7 tid 105947
0 1 tid 105947
155 4 tid 105947
365 2 tid 105947
492 5 tid 105947
619 6 tid 105947
746 7 tid 105947
166 tid 105947
Insert  tid 105947
FindTargetPageId rootid 3 tid 105945
target_page_id id: 7 tid 105945
0 1 tid 105945
155 4 tid 105945
365 2 tid 105945
492 5 tid 105945
619 6 tid 105945
746 7 tid 105945
167 tid 105945
Insert  tid 105945
FindTargetPageId rootid 3 tid 105945
target_page_id id: 7 tid 105945
0 1 tid 105945
155 4 tid 105945
365 2 tid 105945
492 5 tid 105945
619 6 tid 105945
746 7 tid 105945
167 tid 105945
Insert  tid 105945
FindTargetPageId rootid 3 tid 105947
target_page_id id: 7 tid 105947
0 1 tid 105947
155 4 tid 105947
365 2 tid 105947
492 5 tid 105947
619 6 tid 105947
746 7 tid 105947
167 tid 105947
Insert  tid 105947
FindTargetPageId rootid 3 tid 105947
target_page_id id: 7 tid 105947
0 1 tid 105947
155 4 tid 105947
365 2 tid 105947
492 5 tid 105947
619 6 tid 105947
746 7 tid 105947
168 tid 105947
Insert  tid 105947
FindTargetPageId rootid 3 tid 105947
target_page_id id: 7 tid 105947
0 1 tid 105947
155 4 tid 105947
365 2 tid 105947
492 5 tid 105947
619 6 tid 105947
746 7 tid 105947
169 tid 105947
Insert  tid 105947
FindTargetPageId rootid 3 tid 105947
target_page_id id: 7 tid 105947
0 1 tid 105947
155 4 tid 105947
365 2 tid 105947
492 5 tid 105947
619 6 tid 105947
746 7 tid 105947
170 tid 105947
Insert  tid 105947
FindTargetPageId rootid 3 tid 105947
target_page_id id: 7 tid 105947
0 1 tid 105947
155 4 tid 105947
365 2 tid 105947
492 5 tid 105947
619 6 tid 105947
746 7 tid 105947
171 tid 105947
Insert  tid 105947
FindTargetPageId rootid 3 tid 105947
target_page_id id: 7 tid 105947
0 1 tid 105947
155 4 tid 105947
365 2 tid 105947
492 5 tid 105947
619 6 tid 105947
746 7 tid 105947
172 tid 105947
Insert  tid 105947
FindTargetPageId rootid 3 tid 105947
target_page_id id: 7 tid 105947
0 1 tid 105947
155 4 tid 105947
365 2 tid 105947
492 5 tid 105947
619 6 tid 105947
746 7 tid 105947
173 tid 105947
Insert  tid 105947
FindTargetPageId rootid 3 tid 105947
target_page_id id: 7 tid 105947
0 1 tid 105947
155 4 tid 105947
365 2 tid 105947
492 5 tid 105947
619 6 tid 105947
746 7 tid 105947
174 tid 105947
Insert  tid 105947
FindTargetPageId rootid 3 tid 105947
target_page_id id: 7 tid 105947
0 1 tid 105947
155 4 tid 105947
365 2 tid 105947
492 5 tid 105947
619 6 tid 105947
746 7 tid 105947
175 tid 105947
Insert  tid 105947
FindTargetPageId rootid 3 tid 105947
target_page_id id: 7 tid 105947
0 1 tid 105947
155 4 tid 105947
365 2 tid 105947
492 5 tid 105947
619 6 tid 105947
746 7 tid 105947
176 tid 105947
Insert  tid 105947
FindTargetPageId rootid 3 tid 105947
target_page_id id: 7 tid 105947
0 1 tid 105947
155 4 tid 105947
365 2 tid 105947
492 5 tid 105947
619 6 tid 105947
746 7 tid 105947
177 tid 105947
Insert  tid 105947
FindTargetPageId rootid 3 tid 105945
target_page_id id: 7 tid 105945
0 1 tid 105945
155 4 tid 105945
365 2 tid 105945
492 5 tid 105945
619 6 tid 105945
746 7 tid 105945
178 tid 105945
Insert  tid 105945
FindTargetPageId rootid 3 tid 105945
target_page_id id: 7 tid 105945
0 1 tid 105945
155 4 tid 105945
365 2 tid 105945
492 5 tid 105945
619 6 tid 105945
746 7 tid 105945
178 tid 105945
Insert  tid 105945
FindTargetPageId rootid 3 tid 105945
target_page_id id: 7 tid 105945
0 1 tid 105945
155 4 tid 105945
365 2 tid 105945
492 5 tid 105945
619 6 tid 105945
746 7 tid 105945
178 tid 105945
Insert  tid 105945
FindTargetPageId rootid 3 tid 105945
target_page_id id: 7 tid 105945
0 1 tid 105945
155 4 tid 105945
365 2 tid 105945
492 5 tid 105945
619 6 tid 105945
746 7 tid 105945
178 tid 105945
Insert  tid 105945
FindTargetPageId rootid 3 tid 105947
target_page_id id: 7 tid 105947
0 1 tid 105947
155 4 tid 105947
365 2 tid 105947
492 5 tid 105947
619 6 tid 105947
746 7 tid 105947
178 tid 105947
Insert  tid 105947
FindTargetPageId rootid 3 tid 105947
target_page_id id: 7 tid 105947
0 1 tid 105947
155 4 tid 105947
365 2 tid 105947
492 5 tid 105947
619 6 tid 105947
746 7 tid 105947
179 tid 105947
Insert  tid 105947
FindTargetPageId rootid 3 tid 105947
target_page_id id: 7 tid 105947
0 1 tid 105947
155 4 tid 105947
365 2 tid 105947
492 5 tid 105947
619 6 tid 105947
746 7 tid 105947
180 tid 105947
Insert  tid 105947
FindTargetPageId rootid 3 tid 105947
target_page_id id: 7 tid 105947
0 1 tid 105947
155 4 tid 105947
365 2 tid 105947
492 5 tid 105947
619 6 tid 105947
746 7 tid 105947
181 tid 105947
Insert  tid 105947
FindTargetPageId rootid 3 tid 105947
target_page_id id: 7 tid 105947
0 1 tid 105947
155 4 tid 105947
365 2 tid 105947
492 5 tid 105947
619 6 tid 105947
746 7 tid 105947
182 tid 105947
Insert  tid 105947
FindTargetPageId rootid 3 tid 105947
target_page_id id: 7 tid 105947
0 1 tid 105947
155 4 tid 105947
365 2 tid 105947
492 5 tid 105947
619 6 tid 105947
746 7 tid 105947
183 tid 105947
Insert  tid 105947
FindTargetPageId rootid 3 tid 105947
target_page_id id: 7 tid 105947
0 1 tid 105947
155 4 tid 105947
365 2 tid 105947
492 5 tid 105947
619 6 tid 105947
746 7 tid 105947
184 tid 105947
Insert  tid 105947
FindTargetPageId rootid 3 tid 105947
target_page_id id: 7 tid 105947
0 1 tid 105947
155 4 tid 105947
365 2 tid 105947
492 5 tid 105947
619 6 tid 105947
746 7 tid 105947
185 tid 105947
Insert  tid 105947
FindTargetPageId rootid 3 tid 105947
target_page_id id: 7 tid 105947
0 1 tid 105947
155 4 tid 105947
365 2 tid 105947
492 5 tid 105947
619 6 tid 105947
746 7 tid 105947
186 tid 105947
Insert  tid 105947
FindTargetPageId rootid 3 tid 105947
target_page_id id: 7 tid 105947
0 1 tid 105947
155 4 tid 105947
365 2 tid 105947
492 5 tid 105947
619 6 tid 105947
746 7 tid 105947
187 tid 105947
Insert  tid 105947
FindTargetPageId rootid 3 tid 105947
target_page_id id: 7 tid 105947
0 1 tid 105947
155 4 tid 105947
365 2 tid 105947
492 5 tid 105947
619 6 tid 105947
746 7 tid 105947
188 tid 105947
Insert  tid 105947
FindTargetPageId rootid 3 tid 105947
target_page_id id: 7 tid 105947
0 1 tid 105947
155 4 tid 105947
365 2 tid 105947
492 5 tid 105947
619 6 tid 105947
746 7 tid 105947
189 tid 105947
Insert  tid 105947
FindTargetPageId rootid 3 tid 105947
target_page_id id: 7 tid 105947
0 1 tid 105947
155 4 tid 105947
365 2 tid 105947
492 5 tid 105947
619 6 tid 105947
746 7 tid 105947
190 tid 105947
FindTargetPageId rootid 3 tid 105945
target_page_id id: 7 tid 105945
0 1 tid 105945
155 4 tid 105945
365 2 tid 105945
492 5 tid 105945
619 6 tid 105945
746 7 tid 105945
191 tid 105945
Insert  tid 105945
FindTargetPageId rootid 3 tid 105945
target_page_id id: 7 tid 105945
0 1 tid 105945
155 4 tid 105945
365 2 tid 105945
492 5 tid 105945
619 6 tid 105945
746 7 tid 105945
191 tid 105945
Insert  tid 105945
FindTargetPageId rootid 3 tid 105945
target_page_id id: 7 tid 105945
0 1 tid 105945
155 4 tid 105945
365 2 tid 105945
492 5 tid 105945
619 6 tid 105945
746 7 tid 105945
191Insert  tid  tid 105945
105947
FindTargetPageId rootid 3 tid 105947
target_page_id id: 7 tid 105947
0 1 tid 105947
155 4 tid 105947
365 2 tid 105947
492 5 tid 105947
619 6 tid 105947
746 7 tid 105947
191 tid 105947
Insert  tid 105947
FindTargetPageId rootid 3 tid 105947
target_page_id id: 7 tid 105947
0 1 tid 105947
155 4 tid 105947
365 2 tid 105947
492 5 tid 105947
619 6 tid 105947
746 7 tid 105947
192 tid 105947
Insert  tid 105947
FindTargetPageId rootid 3 tid 105947
target_page_id id: 7 tid 105947
0 1 tid 105947
155 4 tid 105947
365 2 tid 105947
492 5 tid 105947
619 6 tid 105947
746 7 tid 105947
193 tid 105947
Insert  tid 105945
Insert  tid 105947
FindTargetPageId rootid 3 tid 105947
target_page_id id: 7 tid 105947
0 1 tid 105947
155 4 tid 105947
365 2 tid 105947
492 5 tid 105947
619 6 tid 105947
746 7 tid 105947
194 tid 105947
Insert  tid 105947
FindTargetPageId rootid 3 tid 105947
target_page_id id: 7 tid 105947
0 1 tid 105947
155 4 tid 105947
365 2 tid 105947
492 5 tid 105947
619 6 tid 105947
746 7 tid 105947
195 tid 105947
Insert  tid 105947
FindTargetPageId rootid 3 tid 105947
target_page_id id: 7 tid 105947
0 1 tid 105947
155 4 tid 105947
365 2 tid 105947
492 5 tid 105947
619 6 tid 105947
746 7 tid 105947
196 tid 105947
Insert  tid 105947
FindTargetPageId rootid 3 tid 105947
target_page_id id: 7 tid 105947
0 1 tid 105947
155 4 tid 105947
365 2 tid 105947
492 5 tid 105947
619 6 tid 105947
746 7 tid 105947
197 tid 105947
Insert  tid 105947
FindTargetPageId rootid 3 tid 105945
target_page_id id: 7 tid 105945
0 1 tid 105945
155 4 tid 105945
365 2 tid 105945
492 5 tid 105945
619 6 tid 105945
746 7 tid 105945
198 tid 105945
Insert  tid 105945
FindTargetPageId rootid 3 tid 105945
target_page_id id: 7 tid 105945
0 1 tid 105945
155 4 tid 105945
365 2 tid 105945
492 5 tid 105945
619 6 tid 105945
746 7 tid 105945
198 tid 105945
Insert  tid 105945
FindTargetPageId rootid 3 tid 105945
target_page_id id: 7 tid 105945
0 1 tid 105945
155 4 tid 105945
365 2 tid 105945
492 5 tid 105945
619 6 tid 105945
746 7 tid 105945
198 tid 105945
Insert  tid 105945
FindTargetPageId rootid 3 tid 105947
target_page_id id: 7 tid 105947
0 1 tid 105947
155 4 tid 105947
365 2 tid 105947
492 5 tid 105947
619 6 tid 105947
746 7 tid 105947
198 tid 105947
Insert  tid 105947
FindTargetPageId rootid 3 tid 105947
target_page_id id: 7 tid 105947
0 1 tid 105947
155 4 tid 105947
365 2 tid 105947
492 5 tid 105947
619 6 tid 105947
746 7 tid 105947
199 tid 105947
Insert  tid 105947
FindTargetPageId rootid 3 tid 105947
target_page_id id: 7 tid 105947
0 1 tid 105947
155 4 tid 105947
365 2 tid 105947
492 5 tid 105947
619 6 tid 105947
746 7 tid 105947
200 tid 105947
Insert  tid 105947
FindTargetPageId rootid 3 tid 105945
target_page_id id: 7 tid 105945
0 1 tid 105945
155 4 tid 105945
365 2 tid 105945
492 5 tid 105945
619 6 tid 105945
746 7 tid 105945
201 tid 105945
Insert  tid 105945
FindTargetPageId rootid 3 tid 105945
target_page_id id: 7 tid 105945
0 1 tid 105945
155 4 tid 105945
365 2 tid 105945
492 5 tid 105945
619 6 tid 105945
746 7 tid 105945
201 tid 105945
Insert  tid 105945
FindTargetPageId rootid 3 tid 105945
target_page_id id: 7 tid 105945
0 1 tid 105945
155 4 tid 105945
365 2 tid 105945
492 5 tid 105945
619 6 tid 105945
746 7 tid 105945
201 tid 105945
Insert  tid 105945
FindTargetPageId rootid 3 tid 105945
target_page_id id: 7 tid 105945
0 1 tid 105945
155 4 tid 105945
365 2 tid 105945
492 5 tid 105945
619 6 tid 105945
746 7 tid 105945
201 tid 105945
Insert  tid 105945
FindTargetPageId rootid 3 tid 105947
target_page_id id: 7 tid 105947
0 1 tid 105947
155 4 tid 105947
365 2 tid 105947
492 5 tid 105947
619 6 tid 105947
746 7 tid 105947
201 tid 105947
Insert  tid 105947
FindTargetPageId rootid 3 tid 105945
target_page_id id: 7 tid 105945
0 1 tid 105945
155 4 tid 105945
365 2 tid 105945
492 5 tid 105945
619 6 tid 105945
746 7 tid 105945
202 tid 105945
Insert  tid 105945
FindTargetPageId rootid 3 tid 105947
target_page_id id: 7 tid 105947
0 1 tid 105947
155 4 tid 105947
365 2 tid 105947
492 5 tid 105947
619 6 tid 105947
746 7 tid 105947
202 tid 105947
Insert  tid 105947
FindTargetPageId rootid 3 tid 105945
target_page_id id: 7 tid 105945
0 1 tid 105945
155 4 tid 105945
365 2 tid 105945
492 5 tid 105945
619 6 tid 105945
746 7 tid 105945
203 tid 105945
Insert  tid 105945
FindTargetPageId rootid 3 tid 105947
target_page_id id: 7 tid 105947
0 1 tid 105947
155 4 tid 105947
365 2 tid 105947
492 5 tid 105947
619 6 tid 105947
746 7 tid 105947
203 tid 105947
Insert  tid 105947
FindTargetPageId rootid 3 tid 105945
target_page_id id: 7 tid 105945
0 1 tid 105945
155 4 tid 105945
365 2 tid 105945
492 5 tid 105945
619 6 tid 105945
746 7 tid 105945
204 tid 105945
Insert  tid 105945
FindTargetPageId rootid 3 tid 105945
target_page_id id: 7 tid 105945
0 1 tid 105945
155 4 tid 105945
365 2 tid 105945
492 5 tid 105945
619 6 tid 105945
746 7 tid 105945
204 tid 105945
Insert  tid 105945
FindTargetPageId rootid 3 tid 105947
target_page_id id: 7 tid 105947
0 1 tid 105947
155 4 tid 105947
365 2 tid 105947
492 5 tid 105947
619 6 tid 105947
746 7 tid 105947
204 tid 105947
Insert  tid 105947
FindTargetPageId rootid 3 tid 105945
target_page_id id: 7 tid 105945
0 1 tid 105945
155 4 tid 105945
365 2 tid 105945
492 5 tid 105945
619 6 tid 105945
746 7 tid 105945
205 tid 105945
Insert  tid 105945
FindTargetPageId rootid 3 tid 105945
target_page_id id: 7 tid 105945
0 1 tid 105945
155 4 tid 105945
365 2 tid 105945
492 5 tid 105945
619 6 tid 105945
746 7 tid 105945
205 tid 105945
Insert  tid 105945
FindTargetPageId rootid 3 tid 105947
target_page_id id: 7 tid 105947
0 1 tid 105947
155 4 tid 105947
365 2 tid 105947
492 5 tid 105947
619 6 tid 105947
746 7 tid 105947
205 tid 105947
Insert  tid 105947
FindTargetPageId rootid 3 tid 105945
target_page_id id: 7 tid 105945
0 1 tid 105945
155 4 tid 105945
365 2 tid 105945
492 5 tid 105945
619 6 tid 105945
746 7 tid 105945
206 tid 105945
Insert  tid 105945
FindTargetPageId rootid 3 tid 105945
target_page_id id: 7 tid 105945
0 1 tid 105945
155 4 tid 105945
365 2 tid 105945
492 5 tid 105945
619 6 tid 105945
746 7 tid 105945
206 tid 105945
Insert  tid 105945
FindTargetPageId rootid 3 tid 105945
target_page_id id: 7 tid 105945
0 1 tid 105945
155 4 tid 105945
365 2 tid 105945
492 5 tid 105945
619 6 tid 105945
746 7 tid 105945
206 tid 105945
Insert  tid 105945
FindTargetPageId rootid 3 tid 105945
target_page_id id: 7 tid 105945
0 1 tid 105945
155 4 tid 105945
365 2 tid 105945
492 5 tid 105945
619 6 tid 105945
746 7 tid 105945
206 tid 105945
Insert  tid 105945
FindTargetPageId rootid 3 tid 105947
target_page_id id: 7 tid 105947
0 1 tid 105947
155 4 tid 105947
365 2 tid 105947
492 5 tid 105947
619 6 tid 105947
746 7 tid 105947
206 tid 105947
Insert  tid 105947
FindTargetPageId rootid 3 tid 105945
target_page_id id: 7 tid 105945
0 1 tid 105945
155 4 tid 105945
365 2 tid 105945
492 5 tid 105945
619 6 tid 105945
746 7 tid 105945
207 tid 105945
Insert  tid 105945
FindTargetPageId rootid 3 tid 105945
target_page_id id: 7 tid 105945
0 1 tid 105945
155 4 tid 105945
365 2 tid 105945
492 5 tid 105945
619 6 tid 105945
746 7 tid 105945
207 tid 105945
Insert  tid 105945
FindTargetPageId rootid 3 tid 105945
target_page_id id: 7 tid 105945
0 1 tid 105945
155 4 tid 105945
365 2 tid 105945
492 5 tid 105945
619 6 tid 105945
746 7 tid 105945
207 tid 105945
Insert  tid 105945
FindTargetPageId rootid 3 tid 105945
target_page_id id: 7 tid 105945
0 1 tid 105945
155 4 tid 105945
365 2 tid 105945
492 5 tid 105945
619 6 tid 105945
746 7 tid 105945
207 tid 105945
Insert  tid 105945
FindTargetPageId rootid 3 tid 105945
target_page_id id: 7 tid 105945
0 1 tid 105945
155 4 tid 105945
365 2 tid 105945
492 5 tid 105945
619 6 tid 105945
746 7 tid 105945
207 tid 105945
Insert  tid 105945
FindTargetPageId rootid 3 tid 105945
target_page_id id: 7 tid 105945
0 1 tid 105945
155 4 tid 105945
365 2 tid 105945
492 5 tid 105945
619 6 tid 105945
746 7 tid 105945
207 tid 105945
Insert  tid 105945
FindTargetPageId rootid 3 tid 105945
target_page_id id: 7 tid 105945
0 1 tid 105945
155 4 tid 105945
365 2 tid 105945
492 5 tid 105945
619 6 tid 105945
746 7 tid 105945
207 tid 105945
Insert  tid 105945
FindTargetPageId rootid 3 tid 105945
target_page_id id: 7 tid 105945
0 1 tid 105945
155 4 tid 105945
365 2 tid 105945
492 5 tid 105945
619 6 tid 105945
746 7 tid 105945
207 tid 105945
Insert  tid 105945
FindTargetPageId rootid 3 tid 105947
target_page_id id: 7 tid 105947
0 1 tid 105947
155 4 tid 105947
365 2 tid 105947
492 5 tid 105947
619 6 tid 105947
746 7 tid 105947
207 tid 105947
Insert  tid 105947
FindTargetPageId rootid 3 tid 105947
target_page_id id: 7 tid 105947
0 1 tid 105947
155 4 tid 105947
365 2 tid 105947
492 5 tid 105947
619 6 tid 105947
746 7 tid 105947
208 tid 105947
Insert  tid 105947
FindTargetPageId rootid 3 tid 105947
target_page_id id: 7 tid 105947
0 1 tid 105947
155 4 tid 105947
365 2 tid 105947
492 5 tid 105947
619 6 tid 105947
746 7 tid 105947
209 tid 105947
Insert  tid 105947
FindTargetPageId rootid 3 tid 105947
target_page_id id: 7 tid 105947
0 1 tid 105947
155 4 tid 105947
365 2 tid 105947
492 5 tid 105947
619 6 tid 105947
746 7 tid 105947
210 tid 105947
Insert  tid 105947
FindTargetPageId rootid 3 tid 105947
target_page_id id: 7 tid 105947
0 1 tid 105947
155 4 tid 105947
365 2 tid 105947
492 5 tid 105947
619 6 tid 105947
746 7 tid 105947
211 tid 105947
Insert  tid 105947
FindTargetPageId rootid 3 tid 105947
target_page_id id: 7 tid 105947
0 1 tid 105947
155 4 tid 105947
365 2 tid 105947
492 5 tid 105947
619 6 tid 105947
746 7 tid 105947
212 tid 105947
Insert  tid 105947
FindTargetPageId rootid 3 tid 105947
target_page_id id: 7 tid 105947
0 1 tid 105947
155 4 tid 105947
365 2 tid 105947
492 5 tid 105947
619 6 tid 105947
746 7 tid 105947
213 tid 105947
Insert  tid 105947
FindTargetPageId rootid 3 tid 105947
target_page_id id: 7 tid 105947
0 1 tid 105947
155 4 tid 105947
365 2 tid 105947
492 5 tid 105947
619 6 tid 105947
746 7 tid 105947
214 tid 105947
Insert  tid 105947
FindTargetPageId rootid 3 tid 105947
target_page_id id: 7 tid 105947
0 1 tid 105947
155 4 tid 105947
365 2 tid 105947
492 5 tid 105947
619 6 tid 105947
746 7 tid 105947
215 tid 105947
Insert  tid 105947
FindTargetPageId rootid 3 tid 105947
target_page_id id: 7 tid 105947
0 1 tid 105947
155 4 tid 105947
365 2 tid 105947
492 5 tid 105947
619 6 tid 105947
746 7 tid 105947
216 tid 105947
Insert  tid 105947
FindTargetPageId rootid 3 tid 105947
target_page_id id: 7 tid 105947
0 1 tid 105947
155 4 tid 105947
365 2 tid 105947
492 5 tid 105947
619 6 tid 105947
746 7 tid 105947
217 tid 105947
Insert  tid 105947
FindTargetPageId rootid 3 tid 105947
target_page_id id: 7 tid 105947
0 1 tid 105947
155 4 tid 105947
365 2 tid 105947
492 5 tid 105947
619 6 tid 105947
746 7 tid 105947
218 tid 105947
Insert  tid 105947
FindTargetPageId rootid 3 tid 105947
target_page_id id: 7 tid 105947
0 1 tid 105947
155 4 tid 105947
365 2 tid 105947
492 5 tid 105947
619 6 tid 105947
746 7 tid 105947
219 tid 105947
FindTargetPageId rootid 3 tid 105945
Insert  tid 105947
target_page_id id: 7 tid 105945
0 1 tid 105945
155 4 tid 105945
365 2 tid 105945
492 5 tid 105945
619 6 tid 105945
746 7 tid 105945
220 tid 105945
Insert  tid 105945
FindTargetPageId rootid 3 tid 105945
target_page_id id: 7 tid 105945
0 1 tid 105945
155 4 tid 105945
365 2 tid 105945
492 5 tid 105945
619 6 tid 105945
746 7 tid 105945
220 tid 105945
Insert  tid 105945
FindTargetPageId rootid 3 tid 105945
target_page_id id: 7 tid 105945
0 1 tid 105945
155 4 tid 105945
365 2 tid 105945
492 5 tid 105945
619 6 tid 105945
746 7 tid 105945
220 tid 105945
Insert  tid 105945
FindTargetPageId rootid 3 tid 105947
target_page_id id: 7 tid 105947
0 1 tid 105947
155 4 tid 105947
365 2 tid 105947
492 5 tid 105947
619 6 tid 105947
746 7 tid 105947
220 tid 105947
Insert  tid 105947
FindTargetPageId rootid 3 tid 105945
target_page_id id: 7 tid 105945
0 1 tid 105945
155 4 tid 105945
365 2 tid 105945
492 5 tid 105945
619 6 tid 105945
746 7 tid 105945
221 tid 105945
Insert  tid 105945
FindTargetPageId rootid 3 tid 105947
target_page_id id: 7 tid 105947
0 1 tid 105947
155 4 tid 105947
365 2 tid 105947
492 5 tid 105947
619 6 tid 105947
746 7 tid 105947
221 tid 105947
Insert  tid 105947
FindTargetPageId rootid 3 tid 105947
target_page_id id: 7 tid 105947
0 1 tid 105947
155 4 tid 105947
365 2 tid 105947
492 5 tid 105947
619 6 tid 105947
746 7 tid 105947
222 tid 105947
Insert  tid 105947
FindTargetPageId rootid 3 tid 105947
target_page_id id: 7 tid 105947
0 1 tid 105947
155 4 tid 105947
365 2 tid 105947
492 5 tid 105947
619 6 tid 105947
746 7 tid 105947
223 tid 105947
Insert  tid 105947
FindTargetPageId rootid 3 tid 105947
target_page_id id: 7 tid 105947
0 1 tid 105947
155 4 tid 105947
365 2 tid 105947
492 5 tid 105947
619 6 tid 105947
746 7 tid 105947
224 tid 105947
Insert  tid 105947
FindTargetPageId rootid 3 tid 105947
target_page_id id: 7 tid 105947
0 1 tid 105947
155 4 tid 105947
365 2 tid 105947
492 5 tid 105947
619 6 tid 105947
746 7 tid 105947
225 tid 105947
Insert  tid 105947
FindTargetPageId rootid 3 tid 105947
target_page_id id: 7 tid 105947
0 1 tid 105947
155 4 tid 105947
365 2 tid 105947
492 5 tid 105947
619 6 tid 105947
746 7 tid 105947
226 tid 105947
Insert  tid 105947
FindTargetPageId rootid 3 tid 105947
target_page_id id: 7 tid 105947
0 1 tid 105947
155 4 tid 105947
365 2 tid 105947
492 5 tid 105947
619 6 tid 105947
746 7 tid 105947
227 tid 105947
Insert  tid 105947
FindTargetPageId rootid 3 tid 105947
target_page_id id: 7 tid 105947
0 1 tid 105947
155 4 tid 105947
365 2 tid 105947
492 5 tid 105947
619 6 tid 105947
746 7 tid 105947
228 tid 105947
Insert  tid 105947
FindTargetPageId rootid 3 tid 105947
target_page_id id: 7 tid 105947
0 1 tid 105947
155 4 tid 105947
365 2 tid 105947
492 5 tid 105947
619 6 tid 105947
746 7 tid 105947
229 tid 105947
Insert  tid 105947
FindTargetPageId rootid 3 tid 105947
target_page_id id: 7 tid 105947
0 1 tid 105947
155 4 tid 105947
365 2 tid 105947
492 5 tid 105947
619 6 tid 105947
746 7 tid 105947
230 tid 105947
Insert  tid 105947
FindTargetPageId rootid 3 tid 105947
target_page_id id: 7 tid 105947
0 1 tid 105947
155 4 tid 105947
365 2 tid 105947
492 5 tid 105947
619 6 tid 105947
746 7 tid 105947
231 tid 105947
Insert  tid 105947
FindTargetPageId rootid 3 tid 105945
target_page_id id: 7 tid 105945
0 1 tid 105945
155 4 tid 105945
365 2 tid 105945
492 5 tid 105945
619 6 tid 105945
746 7 tid 105945
232 tid 105945
Insert  tid 105945
FindTargetPageId rootid 3 tid 105947
target_page_id id: 7 tid 105947
0 1 tid 105947
155 4 tid 105947
365 2 tid 105947
492 5 tid 105947
619 6 tid 105947
746 7 tid 105947
232 tid 105947
Insert  tid 105947
FindTargetPageId rootid 3 tid 105947
target_page_id id: 7 tid 105947
0 1 tid 105947
155 4 tid 105947
365 2 tid 105947
492 5 tid 105947
619 6 tid 105947
746 7 tid 105947
233 tid 105947
Insert  tid 105947
FindTargetPageId rootid 3 tid 105947
target_page_id id: 7 tid 105947
0 1 tid 105947
155 4 tid 105947
365 2 tid 105947
492 5 tid 105947
619 6 tid 105947
746 7 tid 105947
234 tid 105947
Insert  tid 105947
FindTargetPageId rootid 3 tid 105947
target_page_id id: 7 tid 105947
0 1 tid 105947
155 4 tid 105947
365 2 tid 105947
492 5 tid 105947
619 6 tid 105947
746 7 tid 105947
235 tid 105947
Insert  tid 105947
FindTargetPageId rootid 3 tid 105945
target_page_id id: 7 tid 105945
0 1 tid 105945
155 4 tid 105945
365 2 tid 105945
492 5 tid 105945
619 6 tid 105945
746 7 tid 105945
236 tid 105945
Insert  tid 105945
FindTargetPageId rootid 3 tid 105945
target_page_id id: 7 tid 105945
0 1 tid 105945
155 4 tid 105945
365 2 tid 105945
492 5 tid 105945
619 6 tid 105945
746 7 tid 105945
236 tid 105945
Insert  tid 105945
FindTargetPageId rootid 3 tid 105947
target_page_id id: 7 tid 105947
0 1 tid 105947
155 4 tid 105947
365 2 tid 105947
492 5 tid 105947
619 6 tid 105947
746 7 tid 105947
236 tid 105947
Insert  tid 105947
FindTargetPageId rootid 3 tid 105945
target_page_id id: 7 tid 105945
0 1 tid 105945
155 4 tid 105945
365 2 tid 105945
492 5 tid 105945
619 6 tid 105945
746 7 tid 105945
237 tid 105945
Insert  tid 105945
FindTargetPageId rootid 3 tid 105947
target_page_id id: 7 tid 105947
0 1 tid 105947
155 4 tid 105947
365 2 tid 105947
492 5 tid 105947
619 6 tid 105947
746 7 tid 105947
237 tid 105947
Insert  tid 105947
FindTargetPageId rootid 3 tid 105945
target_page_id id: 7 tid 105945
0 1 tid 105945
155 4 tid 105945
365 2 tid 105945
492 5 tid 105945
619 6 tid 105945
746 7 tid 105945
238 tid 105945
Insert  tid 105945
FindTargetPageId rootid 3 tid 105947
target_page_id id: 7 tid 105947
0 1 tid 105947
155 4 tid 105947
365 2 tid 105947
492 5 tid 105947
619 6 tid 105947
746 7 tid 105947
238 tid 105947
Insert  tid 105947
FindTargetPageId rootid 3 tid 105945
target_page_id id: 7 tid 105945
0 1 tid 105945
155 4 tid 105945
365 2 tid 105945
492 5 tid 105945
619 6 tid 105945
746 7 tid 105945
239 tid 105945
Insert  tid 105945
FindTargetPageId rootid 3 tid 105947
target_page_id id: 7 tid 105947
0 1 tid 105947
155 4 tid 105947
365 2 tid 105947
492 5 tid 105947
619 6 tid 105947
746 7 tid 105947
239 tid 105947
Insert  tid 105947
FindTargetPageId rootid 3 tid 105947
target_page_id id: 7 tid 105947
0 1 tid 105947
155 4 tid 105947
365 2 tid 105947
492 5 tid 105947
619 6 tid 105947
746 7 tid 105947
240 tid 105947
Insert  tid 105947
FindTargetPageId rootid 3 tid 105947
target_page_id id: 7 tid 105947
0 1 tid 105947
155 4 tid 105947
365 2 tid 105947
492 5 tid 105947
619 6 tid 105947
746 7 tid 105947
241 tid 105947
Insert  tid 105947
FindTargetPageId rootid 3 tid 105947
target_page_id id: 7 tid 105947
0 1 tid 105947
155 4 tid 105947
365 2 tid 105947
492 5 tid 105947
619 6 tid 105947
746 7 tid 105947
242 tid 105947
Insert  tid 105947
FindTargetPageId rootid 3 tid 105947
target_page_id id: 7 tid 105947
0 1 tid 105947
155 4 tid 105947
365 2 tid 105947
492 5 tid 105947
619 6 tid 105947
746 7 tid 105947
243 tid 105947
Insert  tid 105947
FindTargetPageId rootid 3 tid 105947
target_page_id id: 7 tid 105947
0 1 tid 105947
155 4 tid 105947
365 2 tid 105947
492 5 tid 105947
619 6 tid 105947
746 7 tid 105947
244 tid 105947
Insert  tid 105947
FindTargetPageId rootid 3 tid 105947
target_page_id id: 7 tid 105947
0 1 tid 105947
155 4 tid 105947
365 2 tid 105947
492 5 tid 105947
619 6 tid 105947
746 7 tid 105947
245 tid 105947
Insert  tid 105947
FindTargetPageId rootid 3 tid 105947
target_page_id id: 7 tid 105947
0 1 tid 105947
155 4 tid 105947
365 2 tid 105947
492 5 tid 105947
619 6 tid 105947
746 7 tid 105947
246 tid 105947
Insert  tid 105947
FindTargetPageId rootid 3 tid 105945
target_page_id id: 7 tid 105945
0 1 tid 105945
155 4 tid 105945
365 2 tid 105945
492 5 tid 105945
619 6 tid 105945
746 7 tid 105945
247 tid 105945
Insert  tid 105945
FindTargetPageId rootid 3 tid 105945
target_page_id id: 7 tid 105945
0 1 tid 105945
155 4 tid 105945
365 2 tid 105945
492 5 tid 105945
619 6 tid 105945
746 7 tid 105945
247 tid 105945
Insert  tid 105945
FindTargetPageId rootid 3 tid 105945
target_page_id id: 7 tid 105945
0 1 tid 105945
155 4 tid 105945
365 2 tid 105945
492 5 tid 105945
619 6 tid 105945
746 7 tid 105945
247 tid 105945
Insert  tid 105945
FindTargetPageId rootid 3 tid 105947
target_page_id id: 7 tid 105947
0 1 tid 105947
155 4 tid 105947
365 2 tid 105947
492 5 tid 105947
619 6 tid 105947
746 7 tid 105947
247 tid 105947
Insert  tid 105947
FindTargetPageId rootid 3 tid 105947
target_page_id id: 7 tid 105947
0 1 tid 105947
155 4 tid 105947
365 2 tid 105947
492 5 tid 105947
619 6 tid 105947
746 7 tid 105947
248 tid 105947
Insert  tid 105947
FindTargetPageId rootid 3 tid 105947
target_page_id id: 7 tid 105947
0 1 tid 105947
155 4 tid 105947
365 2 tid 105947
492 5 tid 105947
619 6 tid 105947
746 7 tid 105947
249 tid 105947
Insert  tid 105947
FindTargetPageId rootid 3 tid 105947
target_page_id id: 7 tid 105947
0 1 tid 105947
155 4 tid 105947
365 2 tid 105947
492 5 tid 105947
619 6 tid 105947
746 7 tid 105947
250 tid 105947
Insert  tid 105947
FindTargetPageId rootid 3 tid 105945
target_page_id id: 7 tid 105945
0 1 tid 105945
155 4 tid 105945
365 2 tid 105945
492 5 tid 105945
619 6 tid 105945
746 7 tid 105945
251 tid 105945
Insert  tid 105945
FindTargetPageId rootid 3 tid 105945
target_page_id id: 7 tid 105945
0 1 tid 105945
155 4 tid 105945
365 2 tid 105945
492 5 tid 105945
619 6 tid 105945
746 7 tid 105945
251 tid 105945
Insert  tid 105945
FindTargetPageId rootid 3 tid 105945
target_page_id id: 7 tid 105945
0 1 tid 105945
155 4 tid 105945
365 2 tid 105945
492 5 tid 105945
619 6 tid 105945
746 7 tid 105945
251 tid 105945
Insert  tid 105945
FindTargetPageId rootid 3 tid 105945
target_page_id id: 7 tid 105945
0 1 tid 105945
155 4 tid 105945
365 2 tid 105945
492 5 tid 105945
619 6 tid 105945
746 7 tid 105945
251 tid 105945
Insert  tid 105945
FindTargetPageId rootid 3 tid 105945
target_page_id id: 7 tid 105945
0 1 tid 105945
155 4 tid 105945
365 2 tid 105945
492 5 tid 105945
619 6 tid 105945
746 7 tid 105945
251 tid 105945
Insert  tid 105945
FindTargetPageId rootid 3 tid 105947
target_page_id id: 7 tid 105947
0 1 tid 105947
155 4 tid 105947
365 2 tid 105947
492 5 tid 105947
619 6 tid 105947
746 7 tid 105947
251 tid 105947
Insert  tid 105947
FindTargetPageId rootid 3 tid 105947
target_page_id id: 7 tid 105947
0 1 tid 105947
155 4 tid 105947
365 2 tid 105947
492 5 tid 105947
619 6 tid 105947
746 7 tid 105947
252 tid 105947
Insert  tid 105947
FindTargetPageId rootid 3 tid 105947
target_page_id id: 7 tid 105947
0 1 tid 105947
155 4 tid 105947
365 2 tid 105947
492 5 tid 105947
619 6 tid 105947
746 7 tid 105947
253 tid 105947
Insert  tid 105947
FindTargetPageId rootid 3 tid 105947
target_page_id id: 7 tid 105947
0 1 tid 105947
155 4 tid 105947
365 2 tid 105947
492 5 tid 105947
619 6 tid 105947
746 7 tid 105947
254 tid 105947
FindTargetPageId rootid 3 tid 105945
target_page_id id: 8 tid 105945
0 1 tid 105945
155 4 tid 105945
365 2 tid 105945
492 5 tid 105945
619 6 tid 105945
746 7 tid 105945
873 8 tid 105945
128 tid 105945
Insert  tid 105945
FindTargetPageId rootid 3 tid 105945
target_page_id id: 8 tid 105945
0 1 tid 105945
155 4 tid 105945
365 2 tid 105945
492 5 tid 105945
619 6 tid 105945
746 7 tid 105945
873 8 tid 105945
128 tid 105945
Insert  tid 105945
FindTargetPageId rootid 3 tid 105945
target_page_id id: 8 tid 105945
0 1 tid 105945
155 4 tid 105945
365 2 tid 105945
492 5 tid 105945
619 6 tid 105945
746 7 tid 105945
873 8 tid 105945
128 tid 105945
Insert  tid 105945
FindTargetPageId rootid 3 tid 105945
target_page_id id: 8 tid 105945
0 1 tid 105945
155 4 tid 105945
365 2 tid 105945
492 5 tid 105945
619 6 tid 105945
746 7 tid 105945
873 8 tid 105945
128 tid 105945
Insert  tid 105945
FindTargetPageId rootid 3 tid 105945
target_page_id id: 8 tid 105945
0 1 tid 105945
155 4 tid 105945
365 2 tid 105945
492 5 tid 105945
619 6 tid 105945
746 7 tid 105945
873 8 tid 105945
128 tid 105945
Insert  tid 105945
FindTargetPageId rootid 3 tid 105945
target_page_id id: 8 tid 105945
0 1 tid 105945
155 4 tid 105945
365 2 tid 105945
492 5 tid 105945
619 6 tid 105945
746 7 tid 105945
873 8 tid 105945
128 tid 105945
Insert  tid 105945
FindTargetPageId rootid 3 tid 105945
target_page_id id: 8 tid 105945
0 1 tid 105945
155 4 tid 105945
365 2 tid 105945
492 5 tid 105945
619 6 tid 105945
746 7 tid 105945
873 8 tid 105945
128 tid 105945
Insert  tid 105945
FindTargetPageId rootid 3 tid 105945
target_page_id id: 8 tid 105945
0 1 tid 105945
155 4 tid 105945
365 2 tid 105945
492 5 tid 105945
619 6 tid 105945
746 7 tid 105945
873 8 tid 105945
128 tid 105945
Insert  tid 105945
FindTargetPageId rootid 3 tid 105945
target_page_id id: 8 tid 105945
0 1 tid 105945
155 4 tid 105945
365 2 tid 105945
492 5 tid 105945
619 6 tid 105945
746 7 tid 105945
873 8 tid 105945
128 tid 105945
Insert  tid 105945
FindTargetPageId rootid 3 tid 105945
target_page_id id: 8 tid 105945
0 1 tid 105945
155 4 tid 105945
365 2 tid 105945
492 5 tid 105945
619 6 tid 105945
746 7 tid 105945
873 8 tid 105945
128 tid 105945
Insert  tid 105945
FindTargetPageId rootid 3 tid 105945
target_page_id id: 8 tid 105945
0 1 tid 105945
155 4 tid 105945
365 2 tid 105945
492 5 tid 105945
619 6 tid 105945
746 7 tid 105945
873 8 tid 105945
128 tid 105945
Insert  tid 105945
FindTargetPageId rootid 3 tid 105945
target_page_id id: 8 tid 105945
0 1 tid 105945
155 4 tid 105945
365 2 tid 105945
492 5 tid 105945
619 6 tid 105945
746 7 tid 105945
873 8 tid 105945
128 tid 105945
Insert  tid 105945
FindTargetPageId rootid 3 tid 105945
target_page_id id: 8 tid 105945
0 1 tid 105945
155 4 tid 105945
365 2 tid 105945
492 5 tid 105945
619 6 tid 105945
746 7 tid 105945
873 8 tid 105945
128 tid 105945
Insert  tid 105945
FindTargetPageId rootid 3 tid 105945
target_page_id id: 8 tid 105945
0 1 tid 105945
155 4 tid 105945
365 2 tid 105945
492 5 tid 105945
619 6 tid 105945
746 7 tid 105945
873 8 tid 105945
128 tid 105945
Insert  tid 105945
FindTargetPageId rootid 3 tid 105945
target_page_id id: 8 tid 105945
0 1 tid 105945
155 4 tid 105945
365 2 tid 105945
492 5 tid 105945
619 6 tid 105945
746 7 tid 105945
873 8 tid 105945
128 tid 105945
Insert  tid 105945
FindTargetPageId rootid 3 tid 105945
target_page_id id: 8 tid 105945
0 1 tid 105945
155 4 tid 105945
365 2 tid 105945
492 5 tid 105945
619 6 tid 105945
746 7 tid 105945
873 8 tid 105945
128 tid 105945
Insert  tid 105945
FindTargetPageId rootid 3 tid 105945
target_page_id id: 8 tid 105945
0 1 tid 105945
155 4 tid 105945
365 2 tid 105945
492 5 tid 105945
619 6 tid 105945
746 7 tid 105945
873 8 tid 105945
128 tid 105945
Insert  tid 105945
FindTargetPageId rootid 3 tid 105945
target_page_id id: 8 tid 105945
0 1 tid 105945
155 4 tid 105945
365 2 tid 105945
492 5 tid 105945
619 6 tid 105945
746 7 tid 105945
873 8 tid 105945
128 tid 105945
Insert  tid 105945
FindTargetPageId rootid 3 tid 105945
target_page_id id: 8 tid 105945
0 1 tid 105945
155 4 tid 105945
365 2 tid 105945
492 5 tid 105945
619 6 tid 105945
746 7 tid 105945
873 8 tid 105945
128 tid 105945
Insert  tid 105945
FindTargetPageId rootid 3 tid 105945
target_page_id id: 8 tid 105945
0 1 tid 105945
155 4 tid 105945
365 2 tid 105945
492 5 tid 105945
619 6 tid 105945
746 7 tid 105945
873 8 tid 105945
128 tid 105945
Insert  tid 105945
FindTargetPageId rootid 3 tid 105945
target_page_id id: 8 tid 105945
0 1 tid 105945
155 4 tid 105945
365 2 tid 105945
492 5 tid 105945
619 6 tid 105945
746 7 tid 105945
873 8 tid 105945
128 tid 105945
Insert  tid 105945
FindTargetPageId rootid 3 tid 105945
target_page_id id: 8 tid 105945
0 1 tid 105945
155 4 tid 105945
365 2 tid 105945
492 5 tid 105945
619 6 tid 105945
746 7 tid 105945
873 8 tid 105945
128 tid 105945
Insert  tid 105945
FindTargetPageId rootid 3 tid 105945
target_page_id id: 8 tid 105945
0 1 tid 105945
155 4 tid 105945
365 2 tid 105945
492 5 tid 105945
619 6 tid 105945
746 7 tid 105945
873 8 tid 105945
128 tid 105945
Insert  tid 105945
FindTargetPageId rootid 3 tid 105945
target_page_id id: 8 tid 105945
0 1 tid 105945
155 4 tid 105945
365 2 tid 105945
492 5 tid 105945
619 6 tid 105945
746 7 tid 105945
873 8 tid 105945
128 tid 105945
Insert  tid 105945
FindTargetPageId rootid 3 tid 105945
target_page_id id: 8 tid 105945
0 1 tid 105945
155 4 tid 105945
365 2 tid 105945
492 5 tid 105945
619 6 tid 105945
746 7 tid 105945
873 8 tid 105945
128 tid 105945
Insert  tid 105945
FindTargetPageId rootid 3 tid 105945
target_page_id id: 8 tid 105945
0 1 tid 105945
155 4 tid 105945
365 2 tid 105945
492 5 tid 105945
619 6 tid 105945
746 7 tid 105945
873 8 tid 105945
128 tid 105945
Insert  tid 105945
FindTargetPageId rootid 3 tid 105945
target_page_id id: 8 tid 105945
0 1 tid 105945
155 4 tid 105945
365 2 tid 105945
492 5 tid 105945
619 6 tid 105945
746 7 tid 105945
873 8 tid 105945
128 tid 105945
Insert  tid 105945
FindTargetPageId rootid 3 tid 105945
target_page_id id: 8 tid 105945
0 1 tid 105945
155 4 tid 105945
365 2 tid 105945
492 5 tid 105945
619 6 tid 105945
746 7 tid 105945
873 8 tid 105945
128 tid 105945
Insert  tid 105945
FindTargetPageId rootid 3 tid 105945
target_page_id id: 8 tid 105945
0 1 tid 105945
155 4 tid 105945
365 2 tid 105945
492 5 tid 105945
619 6 tid 105945
746 7 tid 105945
873 8 tid 105945
128 tid 105945
Insert  tid 105945
FindTargetPageId rootid 3 tid 105945
target_page_id id: 8 tid 105945
0 1 tid 105945
155 4 tid 105945
365 2 tid 105945
492 5 tid 105945
619 6 tid 105945
746 7 tid 105945
873 8 tid 105945
128 tid 105945
Insert  tid 105945
FindTargetPageId rootid 3 tid 105945
target_page_id id: 8 tid 105945
0 1 tid 105945
155 4 tid 105945
365 2 tid 105945
492 5 tid 105945
619 6 tid 105945
746 7 tid 105945
873 8 tid 105945
128 tid 105945
Insert  tid 105945
FindTargetPageId rootid 3 tid 105945
target_page_id id: 8 tid 105945
0 1 tid 105945
155 4 tid 105945
365 2 tid 105945
492 5 tid 105945
619 6 tid 105945
746 7 tid 105945
873 8 tid 105945
128 tid 105945
Insert  tid 105945
FindTargetPageId rootid 3 tid 105945
target_page_id id: 8 tid 105945
0 1 tid 105945
155 4 tid 105945
365 2 tid 105945
492 5 tid 105945
619 6 tid 105945
746 7 tid 105945
873 8 tid 105945
128 tid 105945
Insert  tid 105945
FindTargetPageId rootid 3 tid 105945
target_page_id id: 8 tid 105945
0 1 tid 105945
155 4 tid 105945
365 2 tid 105945
492 5 tid 105945
619 6 tid 105945
746 7 tid 105945
873 8 tid 105945
128 tid 105945
Insert  tid 105945
FindTargetPageId rootid 3 tid 105945
target_page_id id: 8 tid 105945
0 1 tid 105945
155 4 tid 105945
365 2 tid 105945
492 5 tid 105945
619 6 tid 105945
746 7 tid 105945
873 8 tid 105945
128 tid 105945
Insert  tid 105945
FindTargetPageId rootid 3 tid 105945
target_page_id id: 8 tid 105945
0 1 tid 105945
155 4 tid 105945
365 2 tid 105945
492 5 tid 105945
619 6 tid 105945
746 7 tid 105945
873 8 tid 105945
128 tid 105945
Insert  tid 105945
FindTargetPageId rootid 3 tid 105945
target_page_id id: 8 tid 105945
0 1 tid 105945
155 4 tid 105945
365 2 tid 105945
492 5 tid 105945
619 6 tid 105945
746 7 tid 105945
873 8 tid 105945
128 tid 105945
Insert  tid 105945
FindTargetPageId rootid 3 tid 105945
target_page_id id: 8 tid 105945
0 1 tid 105945
155 4 tid 105945
365 2 tid 105945
492 5 tid 105945
619 6 tid 105945
746 7 tid 105945
873 8 tid 105945
128 tid 105945
Insert  tid 105945
FindTargetPageId rootid 3 tid 105945
target_page_id id: 8 tid 105945
0 1 tid 105945
155 4 tid 105945
365 2 tid 105945
492 5 tid 105945
619 6 tid 105945
746 7 tid 105945
873 8 tid 105945
128 tid 105945
Insert  tid 105945
FindTargetPageId rootid 3 tid 105945
target_page_id id: 8 tid 105945
0 1 tid 105945
155 4 tid 105945
365 2 tid 105945
492 5 tid 105945
619 6 tid 105945
746 7 tid 105945
873 8 tid 105945
128 tid 105945
Insert  tid 105945
FindTargetPageId rootid 3 tid 105945
target_page_id id: 8 tid 105945
0 1 tid 105945
155 4 tid 105945
365 2 tid 105945
492 5 tid 105945
619 6 tid 105945
746 7 tid 105945
873 8 tid 105945
128 tid 105945
Insert  tid 105945
FindTargetPageId rootid 3 tid 105945
target_page_id id: 8 tid 105945
0 1 tid 105945
155 4 tid 105945
365 2 tid 105945
492 5 tid 105945
619 6 tid 105945
746 7 tid 105945
873 8 tid 105945
128 tid 105945
Insert  tid 105945
FindTargetPageId rootid 3 tid 105945
target_page_id id: 8 tid 105945
0 1 tid 105945
155 4 tid 105945
365 2 tid 105945
492 5 tid 105945
619 6 tid 105945
746 7 tid 105945
873 8 tid 105945
128 tid 105945
leaf_max_size 254
Insert  tid 105929
Insert  tid 105929
new root page id: 1 tid 105929
Insert  tid 105929
FindTargetPageId rootid 1 tid 105929
1 tid 105929
Insert  tid 105929
FindTargetPageId rootid 1 tid 105929
2 tid 105929
Insert  tid 105929
FindTargetPageId rootid 1 tid 105929
3 tid 105929
Insert  tid 105929
FindTargetPageId rootid 1 tid 105929
4 tid 105929
Insert  tid 105929
FindTargetPageId rootid 1 tid 105929
5 tid 105929
Insert  tid 105929
FindTargetPageId rootid 1 tid 105929
6 tid 105929
Insert  tid 105929
FindTargetPageId rootid 1 tid 105929
7 tid 105929
Insert  tid 105929
FindTargetPageId rootid 1 tid 105929
8 tid 105929
Insert  tid 105929
FindTargetPageId rootid 1 tid 105929
9 tid 105929
Insert  tid 105929
FindTargetPageId rootid 1 tid 105929
10 tid 105929
Insert  tid 105929
FindTargetPageId rootid 1 tid 105929
11 tid 105929
Insert  tid 105929
FindTargetPageId rootid 1 tid 105929
12 tid 105929
Insert  tid 105929
FindTargetPageId rootid 1 tid 105929
13 tid 105929
Insert  tid 105929
FindTargetPageId rootid 1 tid 105929
14 tid 105929
Insert  tid 105929
FindTargetPageId rootid 1 tid 105929
15 tid 105929
Insert  tid 105929
FindTargetPageId rootid 1 tid 105929
16 tid 105929
Insert  tid 105929
FindTargetPageId rootid 1 tid 105929
17 tid 105929
Insert  tid 105929
FindTargetPageId rootid 1 tid 105929
18 tid 105929
Insert  tid 105929
FindTargetPageId rootid 1 tid 105929
19 tid 105929
Insert  tid 105929
FindTargetPageId rootid 1 tid 105929
20 tid 105929
Insert  tid 105929
FindTargetPageId rootid 1 tid 105929
21 tid 105929
Insert  tid 105929
FindTargetPageId rootid 1 tid 105929
22 tid 105929
Insert  tid 105929
FindTargetPageId rootid 1 tid 105929
23 tid 105929
Insert  tid 105929
FindTargetPageId rootid 1 tid 105929
24 tid 105929
Insert  tid 105929
FindTargetPageId rootid 1 tid 105929
25 tid 105929
Insert  tid 105929
FindTargetPageId rootid 1 tid 105929
26 tid 105929
Insert  tid 105929
FindTargetPageId rootid 1 tid 105929
27 tid 105929
Insert  tid 105929
FindTargetPageId rootid 1 tid 105929
28 tid 105929
Insert  tid 105929
FindTargetPageId rootid 1 tid 105929
29 tid 105929
Insert  tid 105929
FindTargetPageId rootid 1 tid 105929
30 tid 105929
Insert  tid 105929
FindTargetPageId rootid 1 tid 105929
31 tid 105929
Insert  tid 105929
FindTargetPageId rootid 1 tid 105929
32 tid 105929
Insert  tid 105929
FindTargetPageId rootid 1 tid 105929
33 tid 105929
Insert  tid 105929
FindTargetPageId rootid 1 tid 105929
34 tid 105929
Insert  tid 105929
FindTargetPageId rootid 1 tid 105929
35 tid 105929
Insert  tid 105929
FindTargetPageId rootid 1 tid 105929
36 tid 105929
Insert  tid 105929
FindTargetPageId rootid 1 tid 105929
37 tid 105929
Insert  tid 105929
FindTargetPageId rootid 1 tid 105929
38 tid 105929
Insert  tid 105929
FindTargetPageId rootid 1 tid 105929
39 tid 105929
Insert  tid 105929
FindTargetPageId rootid 1 tid 105929
40 tid 105929
Insert  tid 105929
FindTargetPageId rootid 1 tid 105929
41 tid 105929
Insert  tid 105929
FindTargetPageId rootid 1 tid 105929
42 tid 105929
Insert  tid 105929
FindTargetPageId rootid 1 tid 105929
43 tid 105929
Insert  tid 105929
FindTargetPageId rootid 1 tid 105929
44 tid 105929
Insert  tid 105929
FindTargetPageId rootid 1 tid 105929
45 tid 105929
Insert  tid 105929
FindTargetPageId rootid 1 tid 105929
46 tid 105929
Insert  tid 105929
FindTargetPageId rootid 1 tid 105929
47 tid 105929
Insert  tid 105929
FindTargetPageId rootid 1 tid 105929
48 tid 105929
Insert  tid 105929
FindTargetPageId rootid 1 tid 105929
49 tid 105929
Insert  tid 105929
FindTargetPageId rootid 1 tid 105929
50 tid 105929
Insert  tid 105929
FindTargetPageId rootid 1 tid 105929
51 tid 105929
Insert  tid 105929
FindTargetPageId rootid 1 tid 105929
52 tid 105929
Insert  tid 105929
FindTargetPageId rootid 1 tid 105929
53 tid 105929
Insert  tid 105929
FindTargetPageId rootid 1 tid 105929
54 tid 105929
Insert  tid 105929
FindTargetPageId rootid 1 tid 105929
55 tid 105929
Insert  tid 105929
FindTargetPageId rootid 1 tid 105929
56 tid 105929
Insert  tid 105929
FindTargetPageId rootid 1 tid 105929
57 tid 105929
Insert  tid 105929
FindTargetPageId rootid 1 tid 105929
58 tid 105929
Insert  tid 105929
FindTargetPageId rootid 1 tid 105929
59 tid 105929
Insert  tid 105929
FindTargetPageId rootid 1 tid 105929
60 tid 105929
Insert  tid 105929
FindTargetPageId rootid 1 tid 105929
61 tid 105929
Insert  tid 105929
FindTargetPageId rootid 1 tid 105929
62 tid 105929
Insert  tid 105929
FindTargetPageId rootid 1 tid 105929
63 tid 105929
Insert  tid 105929
FindTargetPageId rootid 1 tid 105929
64 tid 105929
Insert  tid 105929
FindTargetPageId rootid 1 tid 105929
65 tid 105929
Insert  tid 105929
FindTargetPageId rootid 1 tid 105929
66 tid 105929
Insert  tid 105929
FindTargetPageId rootid 1 tid 105929
67 tid 105929
Insert  tid 105929
FindTargetPageId rootid 1 tid 105929
68 tid 105929
Insert  tid 105929
FindTargetPageId rootid 1 tid 105929
69 tid 105929
Insert  tid 105929
FindTargetPageId rootid 1 tid 105929
70 tid 105929
Insert  tid 105929
FindTargetPageId rootid 1 tid 105929
71 tid 105929
Insert  tid 105929
FindTargetPageId rootid 1 tid 105929
72 tid 105929
Insert  tid 105929
FindTargetPageId rootid 1 tid 105929
73 tid 105929
Insert  tid 105929
FindTargetPageId rootid 1 tid 105929
74 tid 105929
Insert  tid 105929
FindTargetPageId rootid 1 tid 105929
75 tid 105929
Insert  tid 105929
FindTargetPageId rootid 1 tid 105929
76 tid 105929
Insert  tid 105929
FindTargetPageId rootid 1 tid 105929
77 tid 105929
Insert  tid 105929
FindTargetPageId rootid 1 tid 105929
78 tid 105929
Insert  tid 105929
FindTargetPageId rootid 1 tid 105929
79 tid 105929
Insert  tid 105929
FindTargetPageId rootid 1 tid 105929
80 tid 105929
Insert  tid 105929
FindTargetPageId rootid 1 tid 105929
81 tid 105929
Insert  tid 105929
FindTargetPageId rootid 1 tid 105929
82 tid 105929
Insert  tid 105929
FindTargetPageId rootid 1 tid 105929
83 tid 105929
Insert  tid 105929
FindTargetPageId rootid 1 tid 105929
84 tid 105929
Insert  tid 105929
FindTargetPageId rootid 1 tid 105929
85 tid 105929
Insert  tid 105929
FindTargetPageId rootid 1 tid 105929
86 tid 105929
Insert  tid 105929
FindTargetPageId rootid 1 tid 105929
87 tid 105929
Insert  tid 105929
FindTargetPageId rootid 1 tid 105929
88 tid 105929
Insert  tid 105929
FindTargetPageId rootid 1 tid 105929
89 tid 105929
Insert  tid 105929
FindTargetPageId rootid 1 tid 105929
90 tid 105929
Insert  tid 105929
FindTargetPageId rootid 1 tid 105929
91 tid 105929
Insert  tid 105929
FindTargetPageId rootid 1 tid 105929
92 tid 105929
Insert  tid 105929
FindTargetPageId rootid 1 tid 105929
93 tid 105929
Insert  tid 105929
FindTargetPageId rootid 1 tid 105929
94 tid 105929
Insert  tid 105929
FindTargetPageId rootid 1 tid 105929
95 tid 105929
Insert  tid 105929
FindTargetPageId rootid 1 tid 105929
96 tid 105929
Insert  tid 105929
FindTargetPageId rootid 1 tid 105929
97 tid 105929
Insert  tid 105929
FindTargetPageId rootid 1 tid 105929
98 tid 105929
Insert  tid 105929
FindTargetPageId rootid 1 tid 105929
99 tid 105929
Insert  tid 105929
FindTargetPageId rootid 1 tid 105929
100 tid 105929
Insert  tid 105929
FindTargetPageId rootid 1 tid 105929
101 tid 105929
Insert  tid 105929
FindTargetPageId rootid 1 tid 105929
102 tid 105929
Insert  tid 105929
FindTargetPageId rootid 1 tid 105929
103 tid 105929
Insert  tid 105929
FindTargetPageId rootid 1 tid 105929
104 tid 105929
Insert  tid 105929
FindTargetPageId rootid 1 tid 105929
105 tid 105929
Insert  tid 105929
FindTargetPageId rootid 1 tid 105929
106 tid 105929
Insert  tid 105929
FindTargetPageId rootid 1 tid 105929
107 tid 105929
Insert  tid 105929
FindTargetPageId rootid 1 tid 105929
108 tid 105929
Insert  tid 105929
FindTargetPageId rootid 1 tid 105929
109 tid 105929
Insert  tid 105929
FindTargetPageId rootid 1 tid 105929
110 tid 105929
Insert  tid 105929
FindTargetPageId rootid 1 tid 105929
111 tid 105929
Insert  tid 105929
FindTargetPageId rootid 1 tid 105929
112 tid 105929
Insert  tid 105929
FindTargetPageId rootid 1 tid 105929
113 tid 105929
Insert  tid 105929
FindTargetPageId rootid 1 tid 105929
114 tid 105929
Insert  tid 105929
FindTargetPageId rootid 1 tid 105929
115 tid 105929
Insert  tid 105929
FindTargetPageId rootid 1 tid 105929
116 tid 105929
Insert  tid 105929
FindTargetPageId rootid 1 tid 105929
117 tid 105929
Insert  tid 105929
FindTargetPageId rootid 1 tid 105929
118 tid 105929
Insert  tid 105929
FindTargetPageId rootid 1 tid 105929
119 tid 105929
Insert  tid 105929
FindTargetPageId rootid 1 tid 105929
120 tid 105929
Insert  tid 105929
FindTargetPageId rootid 1 tid 105929
121 tid 105929
Insert  tid 105929
FindTargetPageId rootid 1 tid 105929
122 tid 105929
Insert  tid 105929
FindTargetPageId rootid 1 tid 105929
123 tid 105929
Insert  tid 105929
FindTargetPageId rootid 1 tid 105929
124 tid 105929
Insert  tid 105929
FindTargetPageId rootid 1 tid 105929
125 tid 105929
Insert  tid 105929
FindTargetPageId rootid 1 tid 105929
126 tid 105929
Insert  tid 105929
FindTargetPageId rootid 1 tid 105929
127 tid 105929
Insert  tid 105929
FindTargetPageId rootid 1 tid 105929
128 tid 105929
Insert  tid 105929
FindTargetPageId rootid 1 tid 105929
129 tid 105929
Insert  tid 105929
FindTargetPageId rootid 1 tid 105929
130 tid 105929
Insert  tid 105929
FindTargetPageId rootid 1 tid 105929
131 tid 105929
Insert  tid 105929
FindTargetPageId rootid 1 tid 105929
132 tid 105929
Insert  tid 105929
FindTargetPageId rootid 1 tid 105929
133 tid 105929
Insert  tid 105929
FindTargetPageId rootid 1 tid 105929
134 tid 105929
Insert  tid 105929
FindTargetPageId rootid 1 tid 105929
135 tid 105929
Insert  tid 105929
FindTargetPageId rootid 1 tid 105929
136 tid 105929
Insert  tid 105929
FindTargetPageId rootid 1 tid 105929
137 tid 105929
Insert  tid 105929
FindTargetPageId rootid 1 tid 105929
138 tid 105929
Insert  tid 105929
FindTargetPageId rootid 1 tid 105929
139 tid 105929
Insert  tid 105929
FindTargetPageId rootid 1 tid 105929
140 tid 105929
Insert  tid 105929
FindTargetPageId rootid 1 tid 105929
141 tid 105929
Insert  tid 105929
FindTargetPageId rootid 1 tid 105929
142 tid 105929
Insert  tid 105929
FindTargetPageId rootid 1 tid 105929
143 tid 105929
Insert  tid 105929
FindTargetPageId rootid 1 tid 105929
144 tid 105929
Insert  tid 105929
FindTargetPageId rootid 1 tid 105929
145 tid 105929
Insert  tid 105929
FindTargetPageId rootid 1 tid 105929
146 tid 105929
Insert  tid 105929
FindTargetPageId rootid 1 tid 105929
147 tid 105929
Insert  tid 105929
FindTargetPageId rootid 1 tid 105929
148 tid 105929
Insert  tid 105929
FindTargetPageId rootid 1 tid 105929
149 tid 105929
Insert  tid 105929
FindTargetPageId rootid 1 tid 105929
150 tid 105929
Insert  tid 105929
FindTargetPageId rootid 1 tid 105929
151 tid 105929
Insert  tid 105929
FindTargetPageId rootid 1 tid 105929
152 tid 105929
Insert  tid 105929
FindTargetPageId rootid 1 tid 105929
153 tid 105929
Insert  tid 105929
FindTargetPageId rootid 1 tid 105929
154 tid 105929
Insert  tid 105929
FindTargetPageId rootid 1 tid 105929
155 tid 105929
Insert  tid 105929
FindTargetPageId rootid 1 tid 105929
156 tid 105929
Insert  tid 105929
FindTargetPageId rootid 1 tid 105929
157 tid 105929
Insert  tid 105929
FindTargetPageId rootid 1 tid 105929
158 tid 105929
Insert  tid 105929
FindTargetPageId rootid 1 tid 105929
159 tid 105929
Insert  tid 105929
FindTargetPageId rootid 1 tid 105929
160 tid 105929
Insert  tid 105929
FindTargetPageId rootid 1 tid 105929
161 tid 105929
Insert  tid 105929
FindTargetPageId rootid 1 tid 105929
162 tid 105929
Insert  tid 105929
FindTargetPageId rootid 1 tid 105929
163 tid 105929
Insert  tid 105929
FindTargetPageId rootid 1 tid 105929
164 tid 105929
Insert  tid 105929
FindTargetPageId rootid 1 tid 105929
165 tid 105929
Insert  tid 105929
FindTargetPageId rootid 1 tid 105929
166 tid 105929
Insert  tid 105929
FindTargetPageId rootid 1 tid 105929
167 tid 105929
Insert  tid 105929
FindTargetPageId rootid 1 tid 105929
168 tid 105929
Insert  tid 105929
FindTargetPageId rootid 1 tid 105929
169 tid 105929
Insert  tid 105929
FindTargetPageId rootid 1 tid 105929
170 tid 105929
Insert  tid 105929
FindTargetPageId rootid 1 tid 105929
171 tid 105929
Insert  tid 105929
FindTargetPageId rootid 1 tid 105929
172 tid 105929
Insert  tid 105929
FindTargetPageId rootid 1 tid 105929
173 tid 105929
Insert  tid 105929
FindTargetPageId rootid 1 tid 105929
174 tid 105929
Insert  tid 105929
FindTargetPageId rootid 1 tid 105929
175 tid 105929
Insert  tid 105929
FindTargetPageId rootid 1 tid 105929
176 tid 105929
Insert  tid 105929
FindTargetPageId rootid 1 tid 105929
177 tid 105929
Insert  tid 105929
FindTargetPageId rootid 1 tid 105929
178 tid 105929
Insert  tid 105929
FindTargetPageId rootid 1 tid 105929
179 tid 105929
Insert  tid 105929
FindTargetPageId rootid 1 tid 105929
180 tid 105929
Insert  tid 105929
FindTargetPageId rootid 1 tid 105929
181 tid 105929
Insert  tid 105929
FindTargetPageId rootid 1 tid 105929
182 tid 105929
Insert  tid 105929
FindTargetPageId rootid 1 tid 105929
183 tid 105929
Insert  tid 105929
FindTargetPageId rootid 1 tid 105929
184 tid 105929
Insert  tid 105929
FindTargetPageId rootid 1 tid 105929
185 tid 105929
Insert  tid 105929
FindTargetPageId rootid 1 tid 105929
186 tid 105929
Insert  tid 105929
FindTargetPageId rootid 1 tid 105929
187 tid 105929
Insert  tid 105929
FindTargetPageId rootid 1 tid 105929
188 tid 105929
Insert  tid 105929
FindTargetPageId rootid 1 tid 105929
189 tid 105929
Insert  tid 105929
FindTargetPageId rootid 1 tid 105929
190 tid 105929
Insert  tid 105929
FindTargetPageId rootid 1 tid 105929
191 tid 105929
Insert  tid 105929
FindTargetPageId rootid 1 tid 105929
192 tid 105929
Insert  tid 105929
FindTargetPageId rootid 1 tid 105929
193 tid 105929
Insert  tid 105929
FindTargetPageId rootid 1 tid 105929
194 tid 105929
Insert  tid 105929
FindTargetPageId rootid 1 tid 105929
195 tid 105929
Insert  tid 105929
FindTargetPageId rootid 1 tid 105929
196 tid 105929
Insert  tid 105929
FindTargetPageId rootid 1 tid 105929
197 tid 105929
Insert  tid 105929
FindTargetPageId rootid 1 tid 105929
198 tid 105929
Insert  tid 105929
FindTargetPageId rootid 1 tid 105929
199 tid 105929
Insert  tid 105949
Insert  tid 105949
FindTargetPageId rootid 1 tid 105949
200 tid 105949
Remove  tid 105950
Insert  tid 105949
FindTargetPageId rootid 1 tid 105949
201 tid 105949
Insert  tid 105949
FindTargetPageId rootid 1 tid 105949
Remove  tid 202 tid 105949
105950
Insert  tid 105949
FindTargetPageId rootid 1 tid 105950
203 tid 105950
Insert  tid 105951
Remove  tid 105950
FindTargetPageId rootid 1 tid 105949
Insert 202 tid 105949
 tid 105951
FindTargetPageId rootid 1 tid 105950
203 tid 105950
Insert  tid 105949
Remove  tid 105950
FindTargetPageId rootid 1 tid 105949
202 tid 105949
Insert  tid 105949
FindTargetPageId rootid 1 tid 105951
203 tid 105951
Insert  tid 105951
FindTargetPageId rootid 1 tid 105950
204 tid 105950
Remove  tid 105950
FindTargetPageId rootid 1 tid 105949
203 tid 105949
Insert  tid 105949
FindTargetPageId rootid 1 tid 105951
204 tid 105951
Insert  tid 105951
FindTargetPageId rootid 1 tid 105950
205 tid 105950
Remove  tid 105950
FindTargetPageId rootid 1 tid 105949
204 tid 105949
Insert  tid 105949
FindTargetPageId rootid 1 tid 105951
205 tid 105951
Insert  tid 105951
FindTargetPageId rootid 1 tid 105950
206 tid 105950
Remove  tid 105950
FindTargetPageId rootid 1 tid 105949
205 tid 105949
Insert  tid 105949
FindTargetPageId rootid 1 tid 105951
206 tid 105951
Insert  tid 105951
FindTargetPageId rootid 1 tid 105950
207 tid 105950
Remove  tid 105950
FindTargetPageId rootid 1 tid 105949
206 tid 105949
Insert  tid 105949
FindTargetPageId rootid 1 tid 105951
207 tid 105951
Insert  tid 105951
FindTargetPageId rootid 1 tid 105950
208 tid 105950
Remove  tid 105950
FindTargetPageId rootid 1 tid 105949
207 tid 105949
Insert  tid 105949
FindTargetPageId rootid 1 tid 105951
208 tid 105951
Insert  tid 105951
FindTargetPageId rootid 1 tid 105950
209 tid 105950
Remove  tid 105950
FindTargetPageId rootid 1 tid 105949
208 tid 105949
Insert  tid 105949
FindTargetPageId rootid 1 tid 105951
209 tid 105951
Insert  tid 105951
FindTargetPageId rootid 1 tid 105950
210 tid 105950
Remove  tid 105950
FindTargetPageId rootid 1 tid 105949
209 tid 105949
Insert  tid 105949
FindTargetPageId rootid 1 tid 105951
210 tid 105951
Insert  tid 105951
FindTargetPageId rootid 1 tid 105950
211 tid 105950
Remove  tid 105950
FindTargetPageId rootid 1 tid 105949
210 tid 105949
Insert  tid 105949
FindTargetPageId rootid 1 tid 105951
211 tid 105951
Insert  tid 105951
FindTargetPageId rootid 1 tid 105950
212 tid 105950
Remove  tid 105950
FindTargetPageId rootid 1 tid 105949
211 tid 105949
Insert  tid 105949
FindTargetPageId rootid 1 tid 105951
212 tid 105951
Insert  tid 105951
FindTargetPageId rootid 1 tid 105950
213 tid 105950
Remove  tid 105950
FindTargetPageId rootid 1 tid 105949
212 tid 105949
Insert  tid 105949
FindTargetPageId rootid 1 tid 105951
213 tid 105951
Insert  tid 105951
FindTargetPageId rootid 1 tid 105950
214 tid 105950
Remove  tid 105950
FindTargetPageId rootid 1 tid 105949
213 tid 105949
Insert  tid 105949
FindTargetPageId rootid 1 tid 105951
214 tid 105951
Insert  tid 105951
FindTargetPageId rootid 1 tid 105950
215 tid 105950
Remove  tid 105950
FindTargetPageId rootid 1 tid 105949
214 tid 105949
Insert  tid 105949
FindTargetPageId rootid 1 tid 105951
215 tid 105951
Insert  tid 105951
FindTargetPageId rootid 1 tid 105950
216 tid 105950
Remove  tid 105950
FindTargetPageId rootid 1 tid 105949
215 tid 105949
Insert  tid 105949
FindTargetPageId rootid 1 tid 105951
216 tid 105951
Insert  tid 105951
FindTargetPageId rootid 1 tid 105950
217 tid 105950
Remove  tid 105950
FindTargetPageId rootid 1 tid 105949
216 tid 105949
Insert  tid 105949
FindTargetPageId rootid 1 tid 105951
217 tid 105951
Insert  tid 105951
FindTargetPageId rootid 1 tid 105950
218 tid 105950
Remove  tid 105950
FindTargetPageId rootid 1 tid 105949
217 tid 105949
Insert  tid 105949
FindTargetPageId rootid 1 tid 105951
218 tid 105951
Insert  tid 105951
FindTargetPageId rootid 1 tid 105950
219 tid 105950
Remove  tid 105950
FindTargetPageId rootid 1 tid 105949
218 tid 105949
Insert  tid 105949
FindTargetPageId rootid 1 tid 105951
219 tid 105951
Insert  tid 105951
FindTargetPageId rootid 1 tid 105950
220 tid 105950
Remove  tid 105950
FindTargetPageId rootid 1 tid 105949
219 tid 105949
Insert  tid 105949
FindTargetPageId rootid 1 tid 105951
220 tid 105951
Insert  tid 105951
FindTargetPageId rootid 1 tid 105950
221 tid 105950
Remove  tid 105950
FindTargetPageId rootid 1 tid 105949
220 tid 105949
Insert  tid 105949
FindTargetPageId rootid 1 tid 105951
221 tid 105951
FindTargetPageId rootid 1 tid 105950
222 tid 105950
Insert  tid 105951
Remove  tid 105950
FindTargetPageId rootid 1 tid 105951
221 tid 105951
Insert  tid 105951
FindTargetPageId rootid 1 tid 105949
222 tid 105949
Insert  tid 105949
FindTargetPageId rootid 1 tid 105950
223 tid 105950
Remove  tid 105950
FindTargetPageId rootid 1 tid 105951
222 tid 105951
Insert  tid 105951
FindTargetPageId rootid 1 tid 105949
223 tid 105949
Insert  tid 105949
FindTargetPageId rootid 1 tid 105950
224 tid 105950
Remove  tid 105950
FindTargetPageId rootid 1 tid 105950
223 tid 105950
Remove  tid 105950
FindTargetPageId rootid 1 tid 105950
222 tid 105950
Remove  tid 105950
FindTargetPageId rootid 1 tid 105949
221 tid 105949
Insert  tid 105949
FindTargetPageId rootid 1 tid 105951
222 tid 105951
Insert  tid 105951
FindTargetPageId rootid 1 tid 105951
223 tid 105951
Insert  tid 105951
FindTargetPageId rootid 1 tid 105951
224 tid 105951
Insert  tid 105951
FindTargetPageId rootid 1 tid 105951
225 tid 105951
Insert  tid 105951
FindTargetPageId rootid 1 tid 105949
226 tid 105949
Insert  tid 105949
FindTargetPageId rootid 1 tid 105950
227 tid 105950
Remove  tid 105950
FindTargetPageId rootid 1 tid 105950
226 tid 105950
Remove  tid 105950
FindTargetPageId rootid 1 tid 105949
225 tid 105949
Insert  tid 105949
FindTargetPageId rootid 1 tid 105951
226 tid 105951
Insert  tid 105951
FindTargetPageId rootid 1 tid 105950
227 tid 105950
Remove  tid 105950
FindTargetPageId rootid 1 tid 105949
226 tid 105949
Insert  tid 105949
FindTargetPageId rootid 1 tid 105951
227 tid 105951
Insert  tid 105951
FindTargetPageId rootid 1 tid 105950
228 tid 105950
Remove  tid 105950
FindTargetPageId rootid 1 tid 105949
227 tid 105949
Insert  tid 105949
FindTargetPageId rootid 1 tid 105951
228 tid 105951
Insert  tid 105951
FindTargetPageId rootid 1 tid 105950
229 tid 105950
Remove  tid 105950
FindTargetPageId rootid 1 tid 105949
228 tid 105949
Insert  tid 105949
FindTargetPageId rootid 1 tid 105951
229 tid 105951
Insert  tid 105951
FindTargetPageId rootid 1 tid 105950
230 tid 105950
Remove  tid 105950
FindTargetPageId rootid 1 tid 105949
229 tid 105949
Insert  tid 105949
FindTargetPageId rootid 1 tid 105951
230 tid 105951
Insert  tid 105951
FindTargetPageId rootid 1 tid 105950
231 tid 105950
Remove  tid 105950
FindTargetPageId rootid 1 tid 105949
230 tid 105949
Insert  tid 105949
FindTargetPageId rootid 1 tid 105951
231 tid 105951
Insert  tid 105951
FindTargetPageId rootid 1 tid 105950
232 tid 105950
Remove  tid 105950
FindTargetPageId rootid 1 tid 105949
231 tid 105949
Insert  tid 105949
FindTargetPageId rootid 1 tid 105951
232 tid 105951
Insert  tid 105951
FindTargetPageId rootid 1 tid 105950
233 tid 105950
Remove  tid 105950
FindTargetPageId rootid 1 tid 105949
232 tid 105949
Insert  tid 105949
FindTargetPageId rootid 1 tid 105951
233 tid 105951
Insert  tid 105951
FindTargetPageId rootid 1 tid 105950
234 tid 105950
Remove  tid 105950
FindTargetPageId rootid 1 tid 105949
233 tid 105949
Insert  tid 105949
FindTargetPageId rootid 1 tid 105951
234 tid 105951
Insert  tid 105951
FindTargetPageId rootid 1 tid 105950
235 tid 105950
Remove  tid 105950
FindTargetPageId rootid 1 tid 105949
234 tid 105949
Insert  tid 105949
FindTargetPageId rootid 1 tid 105951
235 tid 105951
Insert  tid 105951
FindTargetPageId rootid 1 tid 105950
236 tid 105950
Remove  tid 105950
FindTargetPageId rootid 1 tid 105949
235 tid 105949
Insert  tid 105949
FindTargetPageId rootid 1 tid 105951
236 tid 105951
Insert  tid 105951
FindTargetPageId rootid 1 tid 105950
237 tid 105950
Remove  tid 105950
FindTargetPageId rootid 1 tid 105949
236 tid 105949
Insert  tid 105949
FindTargetPageId rootid 1 tid 105951
237 tid 105951
Insert  tid 105951
FindTargetPageId rootid 1 tid 105950
238 tid 105950
Remove  tid 105950
FindTargetPageId rootid 1 tid 105949
237 tid 105949
Insert  tid 105949
FindTargetPageId rootid 1 tid 105951
238 tid 105951
Insert  tid 105951
FindTargetPageId rootid 1 tid 105950
239 tid 105950
Remove  tid 105950
FindTargetPageId rootid 1 tid 105949
238 tid 105949
Insert  tid 105949
FindTargetPageId rootid 1 tid 105951
239 tid 105951
Insert  tid 105951
FindTargetPageId rootid 1 tid 105950
240 tid 105950
Remove  tid 105950
FindTargetPageId rootid 1 tid 105949
239 tid 105949
Insert  tid 105949
FindTargetPageId rootid 1 tid 105951
240 tid 105951
Insert  tid 105951
FindTargetPageId rootid 1 tid 105950
241 tid 105950
Remove  tid 105950
FindTargetPageId rootid 1 tid 105949
240 tid 105949
Insert  tid 105949
FindTargetPageId rootid 1 tid 105949
241 tid 105949
Insert  tid 105949
FindTargetPageId rootid 1 tid 105949
242 tid 105949
Insert  tid 105949
FindTargetPageId rootid 1 tid 105949
243 tid 105949
Insert  tid 105949
FindTargetPageId rootid 1 tid 105951
244 tid 105951
Insert  tid 105951
FindTargetPageId rootid 1 tid 105951
245 tid 105951
Insert  tid 105951
FindTargetPageId rootid 1 tid 105951
246 tid 105951
Insert  tid 105951
FindTargetPageId rootid 1 tid 105951
246 tid 105951
Insert  tid 105951
FindTargetPageId rootid 1 tid 105951
246 tid 105951
Insert  tid 105951
FindTargetPageId rootid 1 tid 105951
246 tid 105951
Insert  tid 105951
FindTargetPageId rootid 1 tid 105951
246 tid 105951
Insert  tid 105951
FindTargetPageId rootid 1 tid 105951
247 tid 105951
Insert  tid 105951
FindTargetPageId rootid 1 tid 105951
248 tid 105951
Insert  tid 105951
FindTargetPageId rootid 1 tid 105951
249 tid 105951
Insert  tid 105951
FindTargetPageId rootid 1 tid 105951
250 tid 105951
Insert  tid 105951
FindTargetPageId rootid 1 tid 105951
251 tid 105951
Insert  tid 105951
FindTargetPageId rootid 1 tid 105951
252 tid 105951
Insert  tid 105951
FindTargetPageId rootid 1 tid 105950
253 tid 105950
Remove  tid 105950
FindTargetPageId rootid 1 tid 105950
252 tid 105950
Remove  tid 105950
FindTargetPageId rootid 1 tid 105950
251 tid 105950
Remove  tid 105950
FindTargetPageId rootid 1 tid 105949
250 tid 105949
Insert  tid 105949
FindTargetPageId rootid 1 tid 105951
250 tid 105951
Insert  tid 105951
FindTargetPageId rootid 1 tid 105951
251 tid 105951
Insert  tid 105951
FindTargetPageId rootid 1 tid 105949
252 tid 105949
Insert  tid 105949
FindTargetPageId rootid 1 tid 105950
252 tid 105950
Remove  tid 105950
FindTargetPageId rootid 1 tid 105951
251 tid 105951
Insert  tid 105951
FindTargetPageId rootid 1 tid 105949
252 tid 105949
Insert  tid 105949
FindTargetPageId rootid 1 tid 105949
252 tid 105949
Insert  tid 105949
FindTargetPageId rootid 1 tid 105951
252 tid 105951
Insert  tid 105951
FindTargetPageId rootid 1 tid 105950
253 tid 105950
Remove  tid 105950
FindTargetPageId rootid 1 tid 105949
252 tid 105949
FindTargetPageId rootid 1 tid 105951
252 tid 105951
Insert  tid Insert  tid 105949
105951
FindTargetPageId rootid 1 tid 105950
253 tid 105950
Remove  tid 105950
FindTargetPageId rootid 1 tid 105949
252 tid 105949
Insert  tid 105949
FindTargetPageId rootid 1 tid 105951
252 tid 105951
Insert  tid 105951
FindTargetPageId rootid 1 tid 105950
253 tid 105950
Remove  tid 105950
FindTargetPageId rootid 1 tid 105950
252 tid 105950
Remove  tid 105950
FindTargetPageId rootid 1 tid 105950
251 tid 105950
FindTargetPageId rootid 1 tid 105949
250 tid 105949
Remove  tid 105950
Insert  tid 105949
FindTargetPageId rootid 1 tid 105950
250 tid 105950
Remove  tid 105950
FindTargetPageId rootid 1 tid 105949
249 tid 105949
Insert  tid 105949
FindTargetPageId rootid 1 tid 105951
249 tid 105951
Insert  tid 105951
FindTargetPageId rootid 1 tid 105950
250 tid 105950
Remove  tid 105950
FindTargetPageId rootid 1 tid 105949
249 tid 105949
Insert  tid 105949
FindTargetPageId rootid 1 tid 105951
249 tid 105951
Insert  tid 105951
FindTargetPageId rootid 1 tid 105950
250 tid 105950
Remove  tid 105950
FindTargetPageId rootid 1 tid 105949
249 tid 105949
Insert  tid 105949
FindTargetPageId rootid 1 tid 105949
249 tid 105949
Insert  tid 105949
FindTargetPageId rootid 1 tid 105950
249 tid 105950
Remove  tid 105950
FindTargetPageId rootid 1 tid 105951
248 tid 105951
Insert  tid 105951
FindTargetPageId rootid 1 tid 105949
249 tid 105949
Insert  tid 105949
FindTargetPageId rootid 1 tid 105950
249 tid 105950
Remove  tid 105950
FindTargetPageId rootid 1 tid 105950
248 tid 105950
Remove  tid 105950
FindTargetPageId rootid 1 tid 105949
247 tid 105949
Insert  tid 105949
FindTargetPageId rootid 1 tid 105951
247 tid 105951
Insert  tid 105951
FindTargetPageId rootid 1 tid 105950
248 tid 105950
Remove  tid 105950
FindTargetPageId rootid 1 tid 105949
247 tid 105949
Insert  tid 105949
FindTargetPageId rootid 1 tid 105951
247 tid 105951
Insert  tid 105951
FindTargetPageId rootid 1 tid 105950
248 tid 105950
Remove  tid 105950
FindTargetPageId rootid 1 tid 105950
247 tid 105950
Remove  tid 105950
FindTargetPageId rootid 1 tid 105949
246 tid 105949
Insert  tid 105949
FindTargetPageId rootid 1 tid 105951
246 tid 105951
Insert  tid 105951
FindTargetPageId rootid 1 tid 105950
247 tid 105950
Remove  tid 105950
FindTargetPageId rootid 1 tid 105949
246 tid 105949
Insert  tid 105949
FindTargetPageId rootid 1 tid 105951
246 tid 105951
Insert  tid 105951
FindTargetPageId rootid 1 tid 105950
247 tid 105950
Remove  tid 105950
FindTargetPageId rootid 1 tid 105949
246 tid 105949
Insert  tid 105949
FindTargetPageId rootid 1 tid 105951
246 tid 105951
Insert FindTargetPageId rootid  tid 1 tid 105951105950

247 tid 105950
Remove  tid 105950
FindTargetPageId rootid 1 tid 105949
246 tid 105949
FindTargetPageId rootid 1 tid 105951
246 tid 105951
Insert  tid 105949
Insert  tid 105951
FindTargetPageId rootid 1 tid 105950
247 tid 105950
FindTargetPageId rootid 1 tid 105949
246 tid 105949
Insert  tid 105949
FindTargetPageId rootid 1 tid 105951
246 tid 105951
Insert  tid 105951
FindTargetPageId rootid 1 tid 105951
247 tid 105951
Remove  tid 105950
Insert FindTargetPageId rootid 1 tid 105950
248 tid 105950
Remove  tid 105950
FindTargetPageId rootid 1 tid 105950
247 tid 105950
Remove  tid 105950
FindTargetPageId rootid 1 tid 105950
246 tid 105950
 tid Remove  tid 105950
105951
FindTargetPageId rootid 1 tid 105950
245 tid 105950
Remove  tid 105950
FindTargetPageId rootid 1 tid 105949
244 tid 105949
Insert  tid 105949
FindTargetPageId rootid 1 tid 105949
245 tid 105949
Insert  tid 105949
FindTargetPageId rootid 1 tid 105949
246 tid 105949
Insert  tid 105949
FindTargetPageId rootid 1 tid 105950
247 tid 105950
Remove  tid 105950
FindTargetPageId rootid 1 tid 105951
246 tid 105951
Insert  tid 105951
FindTargetPageId rootid 1 tid 105949
247 tid 105949
Insert  tid 105949
FindTargetPageId rootid 1 tid 105949
248 tid 105949
Insert  tid 105949
FindTargetPageId rootid 1 tid 105949
248 tid 105949
Insert  tid 105949
FindTargetPageId rootid 1 tid 105951
248 tid 105951
Insert  tid 105951
FindTargetPageId rootid 1 tid 105950
249 tid 105950
Remove  tid 105950
FindTargetPageId rootid 1 tid 105949
248 tid 105949
Insert  tid 105949
FindTargetPageId rootid 1 tid 105951
248 tid 105951
Insert  tid 105951
FindTargetPageId rootid 1 tid 105950
249 tid 105950
Remove  tid 105950
FindTargetPageId rootid 1 tid 105949
248 tid 105949
Insert  tid 105949
FindTargetPageId rootid 1 tid 105951
248 tid 105951
Insert  tid 105951
FindTargetPageId rootid 1 tid 105950
249 tid 105950
Remove  tid 105950
FindTargetPageId rootid 1 tid 105949
248 tid 105949
Insert  tid 105949
FindTargetPageId rootid 1 tid 105951
248 tid 105951
Insert  tid 105951
FindTargetPageId rootid 1 tid 105950
249 tid 105950
Remove  tid 105950
FindTargetPageId rootid 1 tid 105949
248 tid 105949
Insert  tid 105949
FindTargetPageId rootid 1 tid 105951
248 tid 105951
Insert  tid 105951
FindTargetPageId rootid 1 tid 105950
249 tid 105950
Remove  tid 105950
FindTargetPageId rootid 1 tid 105949
248 tid 105949
Insert  tid 105949
FindTargetPageId rootid 1 tid 105951
248 tid 105951
Insert  tid 105951
FindTargetPageId rootid 1 tid 105950
249 tid 105950
Remove  tid 105950
FindTargetPageId rootid 1 tid 105949
248 tid 105949
Insert  tid 105949
FindTargetPageId rootid 1 tid 105951
248 tid 105951
Insert  tid 105951
FindTargetPageId rootid 1 tid 105950
249 tid 105950
Remove  tid 105950
FindTargetPageId rootid 1 tid 105949
248 tid 105949
Insert  tid 105949
FindTargetPageId rootid 1 tid 105951
248 tid 105951
Insert  tid 105951
FindTargetPageId rootid 1 tid 105950
249 tid 105950
Remove  tid 105950
FindTargetPageId rootid 1 tid 105949
248 tid 105949
Insert  tid 105949
FindTargetPageId rootid 1 tid 105951
248 tid 105951
Insert  tid 105951
FindTargetPageId rootid 1 tid 105950
249 tid 105950
Remove  tid 105950
FindTargetPageId rootid 1 tid 105949
248 tid 105949
Insert  tid 105949
FindTargetPageId rootid 1 tid 105951
248 tid 105951
Insert  tid 105951
FindTargetPageId rootid 1 tid 105950
249 tid 105950
Remove  tid 105950
FindTargetPageId rootid 1 tid 105949
248 tid 105949
Insert  tid 105949
FindTargetPageId rootid 1 tid 105951
248 tid 105951
Insert  tid 105951
FindTargetPageId rootid 1 tid 105950
249 tid 105950
Remove  tid 105950
FindTargetPageId rootid 1 tid 105949
248 tid 105949
Insert  tid 105949
FindTargetPageId rootid 1 tid 105951
248 tid 105951
FindTargetPageId rootid 1 tid Insert 105950 tid 
249 tid 105950
105951
Remove  tid 105950
FindTargetPageId rootid 1 tid 105951
248 tid 105951
Insert  tid 105951
FindTargetPageId rootid 1 tid 105949
249 tid 105949
Insert  tid 105949
FindTargetPageId rootid 1 tid 105950
249 tid 105950
Remove  tid 105950
FindTargetPageId rootid 1 tid 105951
248 tid 105951
Insert  tid 105951
FindTargetPageId rootid 1 tid 105949
249 tid 105949
Insert  tid 105949
FindTargetPageId rootid 1 tid 105950
249 tid 105950
Remove  tid 105950
FindTargetPageId rootid 1 tid 105951
248 tid 105951
Insert  tid 105951
FindTargetPageId rootid 1 tid 105949
249 tid 105949
Insert  tid 105949
FindTargetPageId rootid 1 tid 105950
249 tid 105950
Remove  tid 105950
FindTargetPageId rootid 1 tid 105951
248 tid 105951
Insert  tid 105951
FindTargetPageId rootid 1 tid 105949
249 tid 105949
Insert  tid 105949
FindTargetPageId rootid 1 tid 105950
249 tid 105950
Remove  tid 105950
FindTargetPageId rootid 1 tid 105951
248 tid 105951
Insert  tid 105951
FindTargetPageId rootid 1 tid 105949
249 tid 105949
Insert  tid 105949
FindTargetPageId rootid 1 tid 105950
249 tid 105950
Remove  tid 105950
FindTargetPageId rootid 1 tid 105951
248 tid 105951
Insert  tid 105951
FindTargetPageId rootid 1 tid 105949
249 tid 105949
Insert  tid 105949
FindTargetPageId rootid 1 tid 105950
249 tid 105950
Remove  tid 105950
FindTargetPageId rootid 1 tid 105950
248 tid 105950
Remove  tid 105950
FindTargetPageId rootid 1 tid 105950
247 tid 105950
Remove  tid 105950
FindTargetPageId rootid 1 tid 105949
246 tid 105949
Insert  tid 105949
FindTargetPageId rootid 1 tid 105951
247 tid 105951
Insert  tid 105951
FindTargetPageId rootid 1 tid 105950
248 tid 105950
Remove  tid 105950
FindTargetPageId rootid 1 tid 105949
247 tid 105949
Insert  tid 105949
FindTargetPageId rootid 1 tid 105951
248 tid 105951
Insert  tid 105951
FindTargetPageId rootid 1 tid 105950
249 tid 105950
Remove  tid 105950
FindTargetPageId rootid 1 tid 105949
248 tid 105949
Insert  tid 105949
FindTargetPageId rootid 1 tid 105949
249 tid 105949
Insert  tid 105949
FindTargetPageId rootid 1 tid 105950
250 tid 105950
Remove  tid 105950
FindTargetPageId rootid 1 tid 105950
249 tid 105950
Remove  tid 105950
FindTargetPageId rootid 1 tid 105950
249 tid 105950
Remove  tid 105950
FindTargetPageId rootid 1 tid 105950
249 tid 105950
Remove  tid 105950
FindTargetPageId rootid 1 tid 105950
249 tid 105950
Remove  tid 105950
FindTargetPageId rootid 1 tid 105950
249 tid 105950
Remove  tid 105950
FindTargetPageId rootid 1 tid 105950
249 tid 105950
Remove  tid 105950
FindTargetPageId rootid 1 tid 105950
249 tid 105950
Remove  tid 105950
FindTargetPageId rootid 1 tid 105950
249 tid 105950
Remove  tid 105950
FindTargetPageId rootid 1 tid 105950
249 tid 105950
Remove  tid 105950
FindTargetPageId rootid 1 tid 105950
249 tid 105950
Remove  tid 105950
FindTargetPageId rootid 1 tid 105950
249 tid 105950
Remove  tid 105950
FindTargetPageId rootid 1 tid 105950
249 tid 105950
Remove  tid 105950
FindTargetPageId rootid 1 tid 105950
249 tid 105950
Remove  tid 105950
FindTargetPageId rootid 1 tid 105951
249 tid 105951
Insert  tid 105951
FindTargetPageId rootid 1 tid 105949
250 tid 105949
Insert  tid 105949
FindTargetPageId rootid 1 tid 105950
251 tid 105950
Remove  tid 105950
FindTargetPageId rootid 1 tid 105950
251 tid 105950
Remove  tid 105950
FindTargetPageId rootid 1 tid 105950
251 tid 105950
Remove  tid 105950
FindTargetPageId rootid 1 tid 105950
251 tid 105950
Remove  tid 105950
FindTargetPageId rootid 1 tid 105950
251 tid 105950
Remove  tid 105950
FindTargetPageId rootid 1 tid 105949
251 tid 105949
Insert  tid 105949
FindTargetPageId rootid 1 tid 105949
252 tid 105949
Insert  tid 105949
FindTargetPageId rootid 1 tid 105949
253 tid 105949
Insert  tid 105949
FindTargetPageId rootid 1 tid 105950
254 tid 105950
Remove  tid 105950
FindTargetPageId rootid 1 tid 105951
254 tid 105951
Insert  tid 105951
FindTargetPageId rootid 1 tid 105951
254 tid 105951
Insert  tid 105951
FindTargetPageId rootid 1 tid 105951
254 tid 105951
Insert  tid 105951
FindTargetPageId rootid 1 tid 105951
254 tid 105951
Insert  tid 105951
FindTargetPageId rootid 1 tid 105951
254 tid 105951
Insert  tid 105951
FindTargetPageId rootid 3 tid 105950
target_page_id id: 1 tid 105950
0 1 tid 105950
365 2 tid 105950
127 tid 105950
Remove  tid 105950
FindTargetPageId rootid 3 tid 105949
target_page_id id: 1 tid 105949
0 1 tid 105949
365 2 tid 105949
127 tid 105949
Insert  tid 105949
FindTargetPageId rootid 3 tid 105951
target_page_id id: 1 tid 105951
0 1 tid 105951
365 2 tid 105951
127 tid 105951
Insert  tid 105951
FindTargetPageId rootid 3 tid 105950
target_page_id id: 1 tid 105950
0 1 tid 105950
365 2 tid 105950
128 tid 105950
Remove  tid 105950
FindTargetPageId rootid 3 tid 105949
target_page_id id: 1 tid 105949
0 1 tid 105949
365 2 tid 105949
128 tid 105949
Insert  tid 105949
FindTargetPageId rootid 3 tid 105951
target_page_id id: 1 tid 105951
0 1 tid 105951
365 2 tid 105951
128 tid 105951
Insert  tid 105951
FindTargetPageId rootid 3 tid 105951
target_page_id id: 1 tid 105951
0 1 tid 105951
365 2 tid 105951
129 tid 105951
Insert  tid 105951
FindTargetPageId rootid 3 tid 105949
target_page_id id: 1 tid 105949
0 1 tid 105949
365 2 tid 105949
130 tid 105949
Insert  tid 105949
FindTargetPageId rootid 3 tid 105950
target_page_id id: 1 tid 105950
0 1 tid 105950
365 2 tid 105950
130 tid 105950
Remove  tid 105950
FindTargetPageId rootid 3 tid 105951
target_page_id id: 1 tid 105951
0 1 tid 105951
365 2 tid 105951
130 tid 105951
Insert  tid 105951
FindTargetPageId rootid 3 tid 105949
target_page_id id: 1 tid 105949
0 1 tid 105949
365 2 tid 105949
131 tid 105949
Insert  tid 105949
FindTargetPageId rootid 3 tid 105950
target_page_id id: 1 tid 105950
0 1 tid 105950
365 2 tid 105950
131 tid 105950
Remove  tid 105950
FindTargetPageId rootid 3 tid 105951
target_page_id id: 1 tid 105951
0 1 tid 105951
365 2 tid 105951
131 tid 105951
FindTargetPageId rootid 3 tid 105949
target_page_id id: 1 tid 105949
0 1 tid 105949
365 2 tid 105949
132 tid 105949
Insert  tid 105951
Insert  tid 105949
FindTargetPageId rootid 3 tid 105950
target_page_id id: 1 tid 105950
0 1 tid 105950
365 2 tid 105950
132 tid 105950
Remove  tid 105950
FindTargetPageId rootid 3 tid 105951
target_page_id id: 1 tid 105951
0 1 tid 105951
365 2 tid 105951
132 tid 105951
Insert  tid 105951
FindTargetPageId rootid 3 tid 105949
target_page_id id: 1 tid 105949
0 1 tid 105949
365 2 tid 105949
133 tid 105949
FindTargetPageId rootid 3 tid 105950
target_page_id id: 1 tid 105950
0 1 tid 105950
365 2 tid 105950
Insert  tid 105949
133 tid 105950
Remove  tid 105950
FindTargetPageId rootid 3 tid 105951
target_page_id id: 1 tid 105951
0 1 tid 105951
365 2 tid 105951
133 tid 105951
Insert  tid 105951
FindTargetPageId rootid 3 tid 105949
target_page_id id: 1 tid 105949
0 1 tid 105949
365 2 tid 105949
134 tid 105949
Insert  tid 105949
FindTargetPageId rootid 3 tid 105950
target_page_id id: 1 tid 105950
0 1 tid 105950
365 2 tid 105950
134 tid 105950
Remove  tid 105950
FindTargetPageId rootid 3 tid 105951
target_page_id id: 1 tid 105951
0 1 tid 105951
365 2 tid 105951
134 tid 105951
Insert  tid 105951
FindTargetPageId rootid 3 tid 105949
target_page_id id: 1 tid 105949
0 1 tid 105949
365 2 tid 105949
135 tid 105949
Insert  tid 105949
FindTargetPageId rootid 3 tid 105949
target_page_id id: 1 tid 105949
0 1 tid 105949
365 2 tid 105949
135 tid 105949
Insert  tid 105949
FindTargetPageId rootid 3 tid 105951
target_page_id id: 1 tid 105951
0 1 tid 105951
365 2 tid 105951
135 tid 105951
Insert  tid 105951
FindTargetPageId rootid 3 tid 105950
target_page_id id: 1 tid 105950
0 1 tid 105950
365 2 tid 105950
136 tid 105950
Remove  tid 105950
FindTargetPageId rootid 3 tid 105949
target_page_id id: 1 tid 105949
0 1 tid 105949
365 2 tid 105949
136 tid 105949
Insert  tid 105949
FindTargetPageId rootid 3 tid 105951
target_page_id id: 1 tid 105951
0 1 tid 105951
365 2 tid 105951
136 tid 105951
Insert  tid 105951
FindTargetPageId rootid 3 tid 105950
target_page_id id: 1 tid 105950
0 1 tid 105950
365 2 tid 105950
137 tid 105950
Remove  tid 105950
FindTargetPageId rootid 3 tid 105949
target_page_id id: 1 tid 105949
0 1 tid 105949
365 2 tid 105949
137 tid 105949
Insert  tid 105949
FindTargetPageId rootid 3 tid 105951
target_page_id id: 1 tid 105951
0 1 tid 105951
365 2 tid 105951
137 tid 105951
Insert  tid 105951
FindTargetPageId rootid 3 tid 105950
target_page_id id: 1 tid 105950
0 1 tid 105950
365 2 tid 105950
138 tid 105950
Remove  tid 105950
FindTargetPageId rootid 3 tid 105949
target_page_id id: 1 tid 105949
0 1 tid 105949
365 2 tid 105949
138 tid 105949
Insert  tid 105949
FindTargetPageId rootid 3 tid 105951
target_page_id id: 1 tid 105951
0 1 tid 105951
365 2 tid 105951
138 tid 105951
Insert  tid 105951
FindTargetPageId rootid 3 tid 105950
target_page_id id: 1 tid 105950
0 1 tid 105950
365 2 tid 105950
139 tid 105950
Remove  tid 105950
FindTargetPageId rootid 3 tid 105949
target_page_id id: 1 tid 105949
0 1 tid 105949
365 2 tid 105949
139 tid 105949
Insert  tid 105949
FindTargetPageId rootid 3 tid 105951
target_page_id id: 1 tid 105951
0 1 tid 105951
365 2 tid 105951
139 tid 105951
Insert  tid 105951
FindTargetPageId rootid 3 tid 105950
target_page_id id: 1 tid 105950
0 1 tid 105950
365 2 tid 105950
140 tid 105950
Remove  tid 105950
FindTargetPageId rootid 3 tid 105950
target_page_id id: 1 tid 105950
0 1 tid 105950
365 2 tid 105950
140 tid 105950
Remove  tid 105950
FindTargetPageId rootid 3 tid 105951
target_page_id id: 1 tid 105951
0 1 tid 105951
365 2 tid 105951
140 tid 105951
FindTargetPageId rootid 3 tid 105949
target_page_id id: 1 tid 105949
0 1 tid 105949
365 2 tid 105949
141 tid 105949
Insert  tid 105951
FindTargetPageId rootid 3 tid 105950
target_page_id id: 1 tid 105950
0 1 tid 105950
365 2 tid 105950
141 tid 105950
Insert  tid 105949
FindTargetPageId rootid 3 tid 105949
Remove target_page_id id: 1 tid 105949
 tid 0 1 tid 105949
365 2 tid 105949
105950
141 tid 105949
Insert  tid 105949
FindTargetPageId rootid 3 tid 105949
target_page_id id: 1 tid 105949
0 1 tid 105949
365 2 tid 105949
141 tid 105949
Insert  tid 105949
FindTargetPageId rootid 3 tid 105950
target_page_id id: 1 tid 105950
0 1 tid 105950
365 2 tid 105950
142 tid 105950
Remove  tid 105950
FindTargetPageId rootid 3 tid 105951
target_page_id id: 1 tid 105951
0 1 tid 105951
365 2 tid 105951
142 tid 105951
Insert  tid 105951
FindTargetPageId rootid 3 tid 105949
target_page_id id: 1 tid 105949
0 1 tid 105949
365 2 tid 105949
142 tid 105949
Insert  tid 105949
FindTargetPageId rootid 3 tid 105950
target_page_id id: 1 tid 105950
0 1 tid 105950
365 2 tid 105950
143 tid 105950
Remove  tid 105950
FindTargetPageId rootid 3 tid 105951
target_page_id id: 1 tid 105951
0 1 tid 105951
365 2 tid 105951
143 tid 105951
Insert  tid 105951
FindTargetPageId rootid 3 tid 105949
target_page_id id: 1 tid 105949
0 1 tid 105949
365 2 tid 105949
143 tid 105949
Insert  tid 105949
FindTargetPageId rootid 3 tid 105950
target_page_id id: 1 tid 105950
0 1 tid 105950
365 2 tid 105950
144 tid 105950
Remove  tid 105950
FindTargetPageId rootid 3 tid 105951
target_page_id id: 1 tid 105951
0 1 tid 105951
365 2 tid 105951
144 tid 105951
Insert  tid 105951
FindTargetPageId rootid 3 tid 105949
target_page_id id: 1 tid 105949
0 1 tid 105949
365 2 tid 105949
144 tid 105949
Insert  tid 105949
FindTargetPageId rootid 3 tid 105950
target_page_id id: 1 tid 105950
0 1 tid 105950
365 2 tid 105950
145 tid 105950
Remove  tid 105950
FindTargetPageId rootid 3 tid 105951
target_page_id id: 1 tid 105951
0 1 tid 105951
365 2 tid 105951
145 tid 105951
Insert  tid 105951
FindTargetPageId rootid 3 tid 105949
target_page_id id: 1 tid 105949
0 1 tid 105949
365 2 tid 105949
145 tid 105949
Insert  tid 105949
FindTargetPageId rootid 3 tid 105950
target_page_id id: 1 tid 105950
0 1 tid 105950
365 2 tid 105950
146 tid 105950
Remove  tid 105950
FindTargetPageId rootid 3 tid 105951
target_page_id id: 1 tid 105951
0 1 tid 105951
365 2 tid 105951
146 tid 105951
Insert  tid 105951
FindTargetPageId rootid 3 tid 105949
target_page_id id: 1 tid 105949
0 1 tid 105949
365 2 tid 105949
146 tid 105949
Insert  tid 105949
FindTargetPageId rootid 3 tid 105950
target_page_id id: 1 tid 105950
0 1 tid 105950
365 2 tid 105950
147 tid 105950
Remove  tid 105950
FindTargetPageId rootid 3 tid 105950
target_page_id id: 1 tid 105950
0 1 tid 105950
365 2 tid 105950
147 tid 105950
Remove  tid 105950
FindTargetPageId rootid 3 tid 105950
target_page_id id: 1 tid 105950
0 1 tid 105950
365 2 tid 105950
147 tid 105950
FindTargetPageId rootid 3 tid 105949
target_page_id id: 1 tid 105949
0 1 tid 105949
365 2 tid 105949
147 tid 105949
Remove  tid 105950
Insert  tid 105949
FindTargetPageId rootid 3 tid 105951
target_page_id id: 1 tid 105951
0 1 tid 105951
365 2 tid 105951
148 tid 105951
Insert  tid 105951
FindTargetPageId rootid 3 tid 105950
target_page_id id: 1 tid 105950
0 1 tid 105950
365 2 tid 105950
148 tid 105950
Remove  tid 105950
FindTargetPageId rootid 3 tid 105949
target_page_id id: 1 tid 105949
0 1 tid 105949
365 2 tid 105949
148 tid 105949
Insert  tid 105949
FindTargetPageId rootid 3 tid 105951
target_page_id id: 1 tid 105951
0 1 tid 105951
365 2 tid 105951
149 tid 105951
Insert  tid 105951
FindTargetPageId rootid 3 tid 105950
target_page_id id: 1 tid 105950
0 1 tid 105950
365 2 tid 105950
149 tid 105950
Remove  tid 105950
FindTargetPageId rootid 3 tid 105949
target_page_id id: 1 tid 105949
0 1 tid 105949
365 2 tid 105949
149 tid 105949
Insert  tid 105949
FindTargetPageId rootid 3 tid 105951
target_page_id id: 1 tid 105951
0 1 tid 105951
365 2 tid 105951
150 tid 105951
Insert  tid 105951
FindTargetPageId rootid 3 tid 105950
target_page_id id: 1 tid 105950
0 1 tid 105950
365 2 tid 105950
150 tid 105950
Remove  tid 105950
FindTargetPageId rootid 3 tid 105949
target_page_id id: 1 tid 105949
0 1 tid 105949
365 2 tid 105949
150 tid 105949
Insert  tid 105949
FindTargetPageId rootid 3 tid 105951
target_page_id id: 1 tid 105951
0 1 tid 105951
365 2 tid 105951
151 tid 105951
Insert  tid 105951
FindTargetPageId rootid 3 tid 105950
target_page_id id: 1 tid 105950
0 1 tid 105950
365 2 tid 105950
151 tid 105950
Remove  tid 105950
FindTargetPageId rootid 3 tid 105950
target_page_id id: 1 tid 105950
0 1 tid 105950
365 2 tid 105950
151 tid 105950
Remove  tid 105950
FindTargetPageId rootid 3 tid 105949
target_page_id id: 1 tid 105949
0 1 tid 105949
365 2 tid 105949
151 tid 105949
Insert  tid 105949
FindTargetPageId rootid 3 tid 105951
target_page_id id: 1 tid 105951
0 1 tid 105951
365 2 tid 105951
152 tid 105951
Insert  tid 105951
FindTargetPageId rootid 3 tid 105950
target_page_id id: 1 tid 105950
0 1 tid 105950
365 2 tid 105950
152 tid 105950
Remove  tid 105950
FindTargetPageId rootid 3 tid 105949
target_page_id id: 1 tid 105949
0 1 tid 105949
365 2 tid 105949
152 tid 105949
Insert  tid 105949
FindTargetPageId rootid 3 tid 105951
target_page_id id: 1 tid 105951
0 1 tid 105951
365 2 tid 105951
153 tid 105951
Insert  tid 105951
FindTargetPageId rootid 3 tid 105950
target_page_id id: 1 tid 105950
0 1 tid 105950
365 2 tid 105950
153 tid 105950
Remove  tid 105950
FindTargetPageId rootid 3 tid 105949
target_page_id id: 1 tid 105949
0 1 tid 105949
365 2 tid 105949
153 tid 105949
Insert  tid 105949
FindTargetPageId rootid 3 tid 105951
target_page_id id: 1 tid 105951
0 1 tid 105951
365 2 tid 105951
154 tid 105951
Insert  tid 105951
FindTargetPageId rootid 3 tid 105950
target_page_id id: 1 tid 105950
0 1 tid 105950
365 2 tid 105950
154 tid 105950
Remove  tid 105950
FindTargetPageId rootid 3 tid 105949
target_page_id id: 1 tid 105949
0 1 tid 105949
365 2 tid 105949
154 tid 105949
Insert  tid 105949
FindTargetPageId rootid 3 tid 105951
target_page_id id: 1 tid 105951
0 1 tid 105951
365 2 tid 105951
155 tid 105951
Insert  tid 105951
FindTargetPageId rootid 3 tid 105950
target_page_id id: 1 tid 105950
0 1 tid 105950
365 2 tid 105950
155 tid 105950
Remove  tid 105950
FindTargetPageId rootid 3 tid 105949
target_page_id id: 1 tid 105949
0 1 tid 105949
365 2 tid 105949
155 tid 105949
Insert  tid 105949
FindTargetPageId rootid 3 tid 105951
target_page_id id: 1 tid 105951
0 1 tid 105951
365 2 tid 105951
156 tid 105951
Insert  tid 105951
FindTargetPageId rootid 3 tid 105950
target_page_id id: 1 tid 105950
0 1 tid 105950
365 2 tid 105950
156 tid 105950
Remove  tid 105950
FindTargetPageId rootid 3 tid 105949
target_page_id id: 1 tid 105949
0 1 tid 105949
365 2 tid 105949
156 tid 105949
Insert  tid 105949
FindTargetPageId rootid 3 tid 105949
target_page_id id: 1 tid 105949
0 1 tid 105949
365 2 tid 105949
157 tid 105949
Insert  tid 105949
FindTargetPageId rootid 3 tid 105949
target_page_id id: 1 tid 105949
0 1 tid 105949
365 2 tid 105949
158 tid 105949
Insert  tid 105949
FindTargetPageId rootid 3 tid 105949
target_page_id id: 1 tid 105949
0 1 tid 105949
365 2 tid 105949
159 tid 105949
Insert  tid 105949
FindTargetPageId rootid 3 tid 105949
target_page_id id: 1 tid 105949
0 1 tid 105949
365 2 tid 105949
160 tid 105949
Insert  tid 105949
FindTargetPageId rootid 3 tid 105949
target_page_id id: 1 tid 105949
0 1 tid 105949
365 2 tid 105949
161 tid 105949
Insert  tid 105949
FindTargetPageId rootid 3 tid 105949
target_page_id id: 1 tid 105949
0 1 tid 105949
365 2 tid 105949
162 tid 105949
Insert  tid 105949
FindTargetPageId rootid 3 tid 105949
target_page_id id: 1 tid 105949
0 1 tid 105949
365 2 tid 105949
163 tid 105949
Insert  tid 105949
FindTargetPageId rootid 3 tid 105950
target_page_id id: 1 tid 105950
0 1 tid 105950
365 2 tid 105950
164 tid 105950
Remove  tid 105950
FindTargetPageId rootid 3 tid 105950
target_page_id id: 1 tid 105950
0 1 tid 105950
365 2 tid 105950
164 tid 105950
Remove  tid 105950
FindTargetPageId rootid 3 tid 105950
target_page_id id: 1 tid 105950
0 1 tid 105950
365 2 tid 105950
164 tid 105950
Remove  tid 105950
FindTargetPageId rootid 3 tid 105950
target_page_id id: 1 tid 105950
0 1 tid 105950
365 2 tid 105950
164 tid 105950
Remove  tid 105950
FindTargetPageId rootid 3 tid 105949
target_page_id id: 1 tid 105949
0 1 tid 105949
365 2 tid 105949
164 tid 105949
Insert  tid 105949
FindTargetPageId rootid 3 tid 105949
target_page_id id: 1 tid 105949
0 1 tid 105949
365 2 tid 105949
165 tid 105949
Insert  tid 105949
FindTargetPageId rootid 3 tid 105949
target_page_id id: 1 tid 105949
0 1 tid 105949
365 2 tid 105949
166 tid 105949
Insert  tid 105949
FindTargetPageId rootid 3 tid 105951
target_page_id id: 1 tid 105951
0 1 tid 105951
365 2 tid 105951
167 tid 105951
Insert  tid 105951
FindTargetPageId rootid 3 tid 105951
target_page_id id: 1 tid 105951
0 1 tid 105951
365 2 tid 105951
167 tid 105951
Insert  tid 105951
FindTargetPageId rootid 3 tid 105950
target_page_id id: 1 tid 105950
0 1 tid 105950
365 2 tid 105950
167 tid 105950
Remove  tid 105950
FindTargetPageId rootid 3 tid 105950
target_page_id id: 1 tid 105950
0 1 tid 105950
365 2 tid 105950
167 tid 105950
Remove  tid 105950
FindTargetPageId rootid 3 tid 105949
target_page_id id: 1 tid 105949
0 1 tid 105949
365 2 tid 105949
167 tid 105949
Insert  tid 105949
FindTargetPageId rootid 3 tid 105949
target_page_id id: 1 tid 105949
0 1 tid 105949
365 2 tid 105949
168 tid 105949
Insert  tid 105949
FindTargetPageId rootid 3 tid 105949
target_page_id id: 1 tid 105949
0 1 tid 105949
365 2 tid 105949
169 tid 105949
Insert  tid 105949
FindTargetPageId rootid 3 tid 105950
target_page_id id: 1 tid 105950
0 1 tid 105950
365 2 tid 105950
170 tid 105950
Remove  tid 105950
FindTargetPageId rootid 3 tid 105950
target_page_id id: 1 tid 105950
0 1 tid 105950
365 2 tid 105950
170 tid 105950
Remove  tid 105950
FindTargetPageId rootid 3 tid 105950
target_page_id id: 1 tid 105950
0 1 tid 105950
365 2 tid 105950
170 tid 105950
Remove  tid 105950
FindTargetPageId rootid 3 tid 105950
target_page_id id: 1 tid 105950
0 1 tid 105950
365 2 tid 105950
170 tid 105950
Remove  tid 105950
FindTargetPageId rootid 3 tid 105950
target_page_id id: 1 tid 105950
0 1 tid 105950
365 2 tid 105950
170 tid 105950
Remove  tid 105950
FindTargetPageId rootid 3 tid 105950
target_page_id id: 1 tid 105950
0 1 tid 105950
365 2 tid 105950
170 tid 105950
Remove  tid 105950
FindTargetPageId rootid 3 tid 105950
target_page_id id: 1 tid 105950
0 1 tid 105950
365 2 tid 105950
170 tid 105950
Remove  tid 105950
FindTargetPageId rootid 3 tid 105951
target_page_id id: 1 tid 105951
0 1 tid 105951
365 2 tid 105951
170 tid 105951
Insert  tid 105951
FindTargetPageId rootid 3 tid 105951
target_page_id id: 1 tid 105951
0 1 tid 105951
365 2 tid 105951
170 tid 105951
Insert  tid 105951
FindTargetPageId rootid 3 tid 105951
target_page_id id: 1 tid 105951
0 1 tid 105951
365 2 tid 105951
170 tid 105951
Insert  tid 105951
FindTargetPageId rootid 3 tid 105951
target_page_id id: 1 tid 105951
0 1 tid 105951
365 2 tid 105951
170 tid 105951
Insert  tid 105951
FindTargetPageId rootid 3 tid 105950
target_page_id id: 1 tid 105950
0 1 tid 105950
365 2 tid 105950
170 tid 105950
Remove  tid 105950
FindTargetPageId rootid 3 tid 105949
target_page_id id: 1 tid 105949
0 1 tid 105949
365 2 tid 105949
170 tid 105949
Insert  tid 105949
FindTargetPageId rootid 3 tid 105951
target_page_id id: 1 tid 105951
0 1 tid 105951
365 2 tid 105951
171 tid 105951
Insert  tid 105951
FindTargetPageId rootid 3 tid 105950
target_page_id id: 1 tid 105950
0 1 tid 105950
365 2 tid 105950
171 tid 105950
Remove  tid 105950
FindTargetPageId rootid 3 tid 105950
target_page_id id: 1 tid 105950
0 1 tid 105950
365 2 tid 105950
171 tid 105950
Remove  tid 105950
FindTargetPageId rootid 3 tid 105951
target_page_id id: 1 tid 105951
0 1 tid 105951
365 2 tid 105951
171 tid 105951
Insert  tid 105951
FindTargetPageId rootid 3 tid 105949
target_page_id id: 1 tid 105949
0 1 tid 105949
365 2 tid 105949
171 tid 105949
Insert  tid 105949
FindTargetPageId rootid 3 tid 105950
target_page_id id: 1 tid 105950
0 1 tid 105950
365 2 tid 105950
172 tid 105950
Remove  tid 105950
FindTargetPageId rootid 3 tid 105951
target_page_id id: 1 tid 105951
0 1 tid 105951
365 2 tid 105951
172 tid 105951
Insert  tid 105951
FindTargetPageId rootid 3 tid 105951
target_page_id id: 1 tid 105951
0 1 tid 105951
365 2 tid 105951
172 tid 105951
Insert  tid 105951
FindTargetPageId rootid 3 tid 105950
target_page_id id: 1 tid 105950
0 1 tid 105950
365 2 tid 105950
172 tid 105950
Remove  tid 105950
FindTargetPageId rootid 3 tid 105949
target_page_id id: 1 tid 105949
0 1 tid 105949
365 2 tid 105949
172 tid 105949
Insert  tid 105949
FindTargetPageId rootid 3 tid 105951
target_page_id id: 1 tid 105951
0 1 tid 105951
365 2 tid 105951
173 tid 105951
Insert  tid 105951
FindTargetPageId rootid 3 tid 105950
target_page_id id: 1 tid 105950
0 1 tid 105950
365 2 tid 105950
173 tid 105950
Remove  tid 105950
FindTargetPageId rootid 3 tid 105949
target_page_id id: 1 tid 105949
0 1 tid 105949
365 2 tid 105949
173 tid 105949
Insert  tid 105949
FindTargetPageId rootid 3 tid 105951
target_page_id id: 1 tid 105951
0 1 tid 105951
365 2 tid 105951
174 tid 105951
Insert  tid 105951
FindTargetPageId rootid 3 tid 105950
target_page_id id: 1 tid 105950
0 1 tid 105950
365 2 tid 105950
174 tid 105950
Remove  tid 105950
FindTargetPageId rootid 3 tid 105949
target_page_id id: 1 tid 105949
0 1 tid 105949
365 2 tid 105949
174 tid 105949
Insert  tid 105949
FindTargetPageId rootid 3 tid 105951
target_page_id id: 1 tid 105951
0 1 tid 105951
365 2 tid 105951
175 tid 105951
Insert  tid 105951
FindTargetPageId rootid 3 tid 105950
target_page_id id: 1 tid 105950
0 1 tid 105950
365 2 tid 105950
175 tid 105950
Remove  tid 105950
FindTargetPageId rootid 3 tid 105949
target_page_id id: 1 tid 105949
0 1 tid 105949
365 2 tid 105949
175 tid 105949
Insert  tid 105949
FindTargetPageId rootid 3 tid 105951
target_page_id id: 1 tid 105951
0 1 tid 105951
365 2 tid 105951
176 tid 105951
Insert  tid 105951
FindTargetPageId rootid 3 tid 105950
target_page_id id: 1 tid 105950
0 1 tid 105950
365 2 tid 105950
176 tid 105950
Remove  tid 105950
FindTargetPageId rootid 3 tid 105949
target_page_id id: 1 tid 105949
0 1 tid 105949
365 2 tid 105949
176 tid 105949
Insert  tid 105949
FindTargetPageId rootid 3 tid 105951
target_page_id id: 1 tid 105951
0 1 tid 105951
365 2 tid 105951
177 tid 105951
Insert  tid 105951
FindTargetPageId rootid 3 tid 105950
target_page_id id: 1 tid 105950
0 1 tid 105950
365 2 tid 105950
177 tid 105950
Remove  tid 105950
FindTargetPageId rootid 3 tid 105949
target_page_id id: 1 tid 105949
0 1 tid 105949
365 2 tid 105949
177 tid 105949
Insert  tid 105949
FindTargetPageId rootid 3 tid 105951
target_page_id id: 1 tid 105951
0 1 tid 105951
365 2 tid 105951
178 tid 105951
Insert  tid 105951
FindTargetPageId rootid 3 tid 105950
target_page_id id: 1 tid 105950
0 1 tid 105950
365 2 tid 105950
178 tid 105950
Remove  tid 105950
FindTargetPageId rootid 3 tid 105949
target_page_id id: 1 tid 105949
0 1 tid 105949
365 2 tid 105949
178 tid 105949
Insert  tid 105949
FindTargetPageId rootid 3 tid 105951
target_page_id id: 1 tid 105951
0 1 tid 105951
365 2 tid 105951
179 tid 105951
Insert  tid 105951
FindTargetPageId rootid 3 tid 105950
target_page_id id: 1 tid 105950
0 1 tid 105950
365 2 tid 105950
179 tid 105950
Remove  tid 105950
FindTargetPageId rootid 3 tid 105949
target_page_id id: 1 tid 105949
0 1 tid 105949
365 2 tid 105949
179 tid 105949
Insert  tid 105949
FindTargetPageId rootid 3 tid 105951
target_page_id id: 1 tid 105951
0 1 tid 105951
365 2 tid 105951
180 tid 105951
Insert  tid 105951
FindTargetPageId rootid 3 tid 105950
target_page_id id: 1 tid 105950
0 1 tid 105950
365 2 tid 105950
180 tid 105950
Remove  tid 105950
FindTargetPageId rootid 3 tid 105949
target_page_id id: 1 tid 105949
0 1 tid 105949
365 2 tid 105949
180 tid 105949
Insert  tid 105949
FindTargetPageId rootid 3 tid 105951
target_page_id id: 1 tid 105951
0 1 tid 105951
365 2 tid 105951
181 tid 105951
Insert  tid 105951
FindTargetPageId rootid 3 tid 105950
target_page_id id: 1 tid 105950
0 1 tid 105950
365 2 tid 105950
181 tid 105950
Remove  tid 105950
FindTargetPageId rootid 3 tid 105949
target_page_id id: 1 tid 105949
0 1 tid 105949
365 2 tid 105949
181 tid 105949
Insert  tid 105949
FindTargetPageId rootid 3 tid 105951
target_page_id id: 1 tid 105951
0 1 tid 105951
365 2 tid 105951
182 tid 105951
Insert  tid 105951
FindTargetPageId rootid 3 tid 105950
target_page_id id: 1 tid 105950
0 1 tid 105950
365 2 tid 105950
182 tid 105950
Remove  tid 105950
FindTargetPageId rootid 3 tid 105949
target_page_id id: 1 tid 105949
0 1 tid 105949
365 2 tid 105949
182 tid 105949
FindTargetPageId rootid Insert 3 tid  tid 105951
105949target_page_id id: 1 tid 105951
0 1 tid 105951
365 2 tid 105951

183 tid 105951
Insert  tid 105951
FindTargetPageId rootid 3 tid 105950
target_page_id id: 1 tid 105950
0 1 tid 105950
365 2 tid 105950
183 tid 105950
Remove  tid 105950
FindTargetPageId rootid 3 tid 105949
target_page_id id: 1 tid 105949
0 1 tid 105949
365 2 tid 105949
183 tid 105949
Insert  tid 105949
FindTargetPageId rootid 3 tid 105951
target_page_id id: 1 tid 105951
0 1 tid 105951
365 2 tid 105951
184 tid 105951
Insert  tid 105951
FindTargetPageId rootid 3 tid 105950
target_page_id id: 1 tid 105950
0 1 tid 105950
365 2 tid 105950
184 tid 105950
Remove  tid 105950
FindTargetPageId rootid 3 tid 105949
target_page_id id: 1 tid 105949
0 1 tid 105949
365 2 tid 105949
184 tid 105949
Insert  tid 105949
FindTargetPageId rootid 3 tid 105951
target_page_id id: 1 tid 105951
0 1 tid 105951
365 2 tid 105951
185 tid 105951
Insert  tid 105951
FindTargetPageId rootid 3 tid 105950
target_page_id id: 1 tid 105950
0 1 tid 105950
365 2 tid 105950
185 tid 105950
Remove  tid 105950
FindTargetPageId rootid 3 tid 105949
target_page_id id: 1 tid 105949
0 1 tid 105949
365 2 tid 105949
185 tid 105949
Insert  tid 105949
FindTargetPageId rootid 3 tid 105951
target_page_id id: 1 tid 105951
0 1 tid 105951
365 2 tid 105951
186 tid 105951
Insert  tid 105951
FindTargetPageId rootid 3 tid 105950
target_page_id id: 1 tid 105950
0 1 tid 105950
365 2 tid 105950
186 tid 105950
Remove  tid 105950
FindTargetPageId rootid 3 tid 105949
target_page_id id: 1 tid 105949
0 1 tid 105949
365 2 tid 105949
186 tid 105949
Insert  tid 105949
FindTargetPageId rootid 3 tid 105951
target_page_id id: 1 tid 105951
0 1 tid 105951
365 2 tid 105951
187 tid 105951
Insert  tid 105951
FindTargetPageId rootid 3 tid 105950
target_page_id id: 1 tid 105950
0 1 tid 105950
365 2 tid 105950
187 tid 105950
Remove  tid 105950
FindTargetPageId rootid 3 tid 105949
target_page_id id: 1 tid 105949
0 1 tid 105949
365 2 tid 105949
187 tid 105949
Insert  tid 105949
FindTargetPageId rootid 3 tid 105951
target_page_id id: 1 tid 105951
0 1 tid 105951
365 2 tid 105951
188 tid 105951
Insert  tid 105951
FindTargetPageId rootid 3 tid 105950
target_page_id id: 1 tid 105950
0 1 tid 105950
365 2 tid 105950
188 tid 105950
Remove  tid 105950
FindTargetPageId rootid 3 tid 105949
target_page_id id: 1 tid 105949
0 1 tid 105949
365 2 tid 105949
188 tid 105949
Insert  tid 105949
FindTargetPageId rootid 3 tid 105951
target_page_id id: 1 tid 105951
0 1 tid 105951
365 2 tid 105951
189 tid 105951
Insert  tid 105951
FindTargetPageId rootid 3 tid 105950
target_page_id id: 1 tid 105950
0 1 tid 105950
365 2 tid 105950
189 tid 105950
Remove  tid 105950
FindTargetPageId rootid 3 tid 105949
target_page_id id: 1 tid 105949
0 1 tid 105949
365 2 tid 105949
189 tid 105949
Insert  tid 105949
FindTargetPageId rootid 3 tid 105951
target_page_id id: 1 tid 105951
0 1 tid 105951
365 2 tid 105951
190 tid 105951
FindTargetPageId rootid 3 tid 105950
target_page_id id: 1 tid 105950
Insert  tid 105951
0 1 tid 105950
365 2 tid 105950
190 tid 105950
Remove  tid 105950
FindTargetPageId rootid 3 tid 105949
target_page_id id: 1 tid 105949
0 1 tid 105949
365 2 tid 105949
190 tid 105949
Insert  tid 105949
FindTargetPageId rootid 3 tid 105951
target_page_id id: 1 tid 105951
0 1 tid 105951
365 2 tid 105951
191 tid 105951
Insert  tid 105951
FindTargetPageId rootid 3 tid 105950
target_page_id id: 1 tid 105950
0 1 tid 105950
365 2 tid 105950
191 tid 105950
Remove  tid 105950
FindTargetPageId rootid 3 tid 105949
target_page_id id: 1 tid 105949
0 1 tid 105949
365 2 tid 105949
191 tid 105949
Insert  tid 105949
FindTargetPageId rootid 3 tid 105951
target_page_id id: 1 tid 105951
0 1 tid 105951
365 2 tid 105951
192 tid 105951
Insert  tid 105951
FindTargetPageId rootid 3 tid 105950
target_page_id id: 1 tid 105950
0 1 tid 105950
365 2 tid 105950
192 tid 105950
Remove  tid 105950
FindTargetPageId rootid 3 tid 105949
target_page_id id: 1 tid 105949
0 1 tid 105949
365 2 tid 105949
192 tid 105949
Insert  tid 105949
FindTargetPageId rootid 3 tid 105951
target_page_id id: 1 tid 105951
0 1 tid 105951
365 2 tid 105951
193 tid 105951
Insert  tid 105951
FindTargetPageId rootid 3 tid 105950
target_page_id id: 1 tid 105950
0 1 tid 105950
365 2 tid 105950
193 tid 105950
Remove  tid 105950
FindTargetPageId rootid 3 tid 105949
target_page_id id: 1 tid 105949
0 1 tid 105949
365 2 tid 105949
193 tid 105949
Insert  tid 105949
FindTargetPageId rootid 3 tid 105951
target_page_id id: 1 tid 105951
0 1 tid 105951
365 2 tid 105951
194 tid 105951
Insert  tid 105951
FindTargetPageId rootid 3 tid 105950
target_page_id id: 1 tid 105950
0 1 tid 105950
365 2 tid 105950
194 tid 105950
Remove  tid 105950
FindTargetPageId rootid 3 tid 105949
target_page_id id: 1 tid 105949
0 1 tid 105949
365 2 tid 105949
194 tid 105949
Insert  tid 105949
FindTargetPageId rootid 3 tid 105951
target_page_id id: 1 tid 105951
0 1 tid 105951
365 2 tid 105951
195 tid 105951
Insert  tid 105951
FindTargetPageId rootid 3 tid 105950
target_page_id id: 1 tid 105950
0 1 tid 105950
365 2 tid 105950
195 tid 105950
Remove  tid 105950
FindTargetPageId rootid 3 tid 105949
target_page_id id: 1 tid 105949
0 1 tid 105949
365 2 tid 105949
195 tid 105949
Insert  tid 105949
FindTargetPageId rootid 3 tid 105951
target_page_id id: 1 tid 105951
0 1 tid 105951
365 2 tid 105951
196 tid 105951
Insert  tid 105951
FindTargetPageId rootid 3 tid 105950
target_page_id id: 1 tid 105950
0 1 tid 105950
365 2 tid 105950
196 tid 105950
Remove  tid 105950
FindTargetPageId rootid 3 tid 105949
target_page_id id: 1 tid 105949
0 1 tid 105949
365 2 tid 105949
196 tid 105949
Insert  tid 105949
FindTargetPageId rootid 3 tid 105951
target_page_id id: 1 tid 105951
0 1 tid 105951
365 2 tid 105951
197 tid 105951
Insert  tid 105951
FindTargetPageId rootid 3 tid 105950
target_page_id id: 1 tid 105950
0 1 tid 105950
365 2 tid 105950
197 tid 105950
Remove  tid 105950
FindTargetPageId rootid 3 tid 105950
target_page_id id: 1 tid 105950
0 1 tid 105950
365 2 tid 105950
197 tid 105950
Remove  tid 105950
FindTargetPageId rootid 3 tid 105950
target_page_id id: 1 tid 105950
0 1 tid 105950
365 2 tid 105950
197 tid 105950
Remove  tid 105950
FindTargetPageId rootid 3 tid 105949
target_page_id id: 1 tid 105949
0 1 tid 105949
365 2 tid 105949
197 tid 105949
Insert  tid 105949
FindTargetPageId rootid 3 tid 105949
target_page_id id: 1 tid 105949
0 1 tid 105949
365 2 tid 105949
198 tid 105949
Insert  tid 105949
FindTargetPageId rootid 3 tid 105949
target_page_id id: 1 tid 105949
0 1 tid 105949
365 2 tid 105949
199 tid 105949
Insert  tid 105949
FindTargetPageId rootid 3 tid 105949
target_page_id id: 1 tid 105949
0 1 tid 105949
365 2 tid 105949
200 tid 105949
Insert  tid 105949
FindTargetPageId rootid 3 tid 105949
target_page_id id: 1 tid 105949
0 1 tid 105949
365 2 tid 105949
201 tid 105949
Insert  tid 105949
FindTargetPageId rootid 3 tid 105951
target_page_id id: 1 tid 105951
0 1 tid 105951
365 2 tid 105951
202 tid 105951
Insert  tid 105951
FindTargetPageId rootid 3 tid 105951
target_page_id id: 1 tid 105951
0 1 tid 105951
365 2 tid 105951
202 tid 105951
Insert  tid 105951
FindTargetPageId rootid 3 tid 105950
target_page_id id: 1 tid 105950
0 1 tid 105950
365 2 tid 105950
202 tid 105950
Remove  tid 105950
FindTargetPageId rootid 3 tid 105950
target_page_id id: 1 tid 105950
0 1 tid 105950
365 2 tid 105950
202 tid 105950
Remove  tid 105950
FindTargetPageId rootid 3 tid 105950
target_page_id id: 1 tid 105950
0 1 tid 105950
365 2 tid 105950
202 tid 105950
Remove  tid 105950
FindTargetPageId rootid 3 tid 105951
target_page_id id: 1 tid 105951
0 1 tid 105951
365 2 tid 105951
202 tid 105951
Insert  tid 105951
FindTargetPageId rootid 3 tid 105949
target_page_id id: 1 tid 105949
0 1 tid 105949
365 2 tid 105949
202 tid 105949
Insert  tid 105949
FindTargetPageId rootid 3 tid 105949
target_page_id id: 1 tid 105949
0 1 tid 105949
365 2 tid 105949
203 tid 105949
Insert  tid 105949
FindTargetPageId rootid 3 tid 105951
target_page_id id: 1 tid 105951
0 1 tid 105951
365 2 tid 105951
204 tid 105951
Insert  tid 105951
FindTargetPageId rootid 3 tid 105950
target_page_id id: 1 tid 105950
0 1 tid 105950
365 2 tid 105950
204 tid 105950
Remove  tid 105950
FindTargetPageId rootid 3 tid 105950
target_page_id id: 1 tid 105950
0 1 tid 105950
365 2 tid 105950
204 tid 105950
Remove  tid 105950
FindTargetPageId rootid 3 tid 105950
target_page_id id: 1 tid 105950
0 1 tid 105950
365 2 tid 105950
204 tid 105950
Remove  tid 105950
FindTargetPageId rootid 3 tid 105949
target_page_id id: 1 tid 105949
0 1 tid 105949
365 2 tid 105949
204 tid 105949
Insert  tid 105949
FindTargetPageId rootid 3 tid 105949
target_page_id id: 1 tid 105949
0 1 tid 105949
365 2 tid 105949
205 tid 105949
Insert  tid 105949
FindTargetPageId rootid 3 tid 105949
target_page_id id: 1 tid 105949
0 1 tid 105949
365 2 tid 105949
206 tid 105949
Insert  tid 105949
FindTargetPageId rootid 3 tid 105949
target_page_id id: 1 tid 105949
0 1 tid 105949
365 2 tid 105949
207 tid 105949
Insert  tid 105949
FindTargetPageId rootid 3 tid 105951
target_page_id id: 1 tid 105951
0 1 tid 105951
365 2 tid 105951
208 tid 105951
Insert  tid 105951
FindTargetPageId rootid 3 tid 105951
target_page_id id: 1 tid 105951
0 1 tid 105951
365 2 tid 105951
208 tid 105951
Insert  tid 105951
FindTargetPageId rootid 3 tid 105951
target_page_id id: 1 tid 105951
0 1 tid 105951
365 2 tid 105951
208 tid 105951
Insert  tid 105951
FindTargetPageId rootid 3 tid 105950
target_page_id id: 1 tid 105950
0 1 tid 105950
365 2 tid 105950
208 tid 105950
Remove  tid 105950
FindTargetPageId rootid 3 tid 105949
target_page_id id: 1 tid 105949
0 1 tid 105949
365 2 tid 105949
208 tid 105949
Insert  tid 105949
FindTargetPageId rootid 3 tid 105951
target_page_id id: 1 tid 105951
0 1 tid 105951
365 2 tid 105951
209 tid 105951
Insert  tid 105951
FindTargetPageId rootid 3 tid 105951
target_page_id id: 1 tid 105951
0 1 tid 105951
365 2 tid 105951
209 tid 105951
Insert  tid 105951
FindTargetPageId rootid 3 tid 105951
target_page_id id: 1 tid 105951
0 1 tid 105951
365 2 tid 105951
209 tid 105951
Insert  tid 105951
FindTargetPageId rootid 3 tid 105951
target_page_id id: 1 tid 105951
0 1 tid 105951
365 2 tid 105951
209 tid 105951
Insert  tid 105951
FindTargetPageId rootid 3 tid 105949
target_page_id id: 1 tid 105949
0 1 tid 105949
365 2 tid 105949
209 tid 105949
Insert  tid 105949
FindTargetPageId rootid 3 tid 105950
target_page_id id: 1 tid 105950
0 1 tid 105950
365 2 tid 105950
210 tid 105950
Remove  tid 105950
FindTargetPageId rootid 3 tid 105951
target_page_id id: 1 tid 105951
0 1 tid 105951
365 2 tid 105951
210 tid 105951
Insert  tid 105951
FindTargetPageId rootid 3 tid 105949
target_page_id id: 1 tid 105949
0 1 tid 105949
365 2 tid 105949
210 tid 105949
Insert  tid 105949
FindTargetPageId rootid 3 tid 105950
target_page_id id: 1 tid 105950
0 1 tid 105950
365 2 tid 105950
211 tid 105950
Remove  tid 105950
FindTargetPageId rootid 3 tid 105951
target_page_id id: 1 tid 105951
0 1 tid 105951
365 2 tid 105951
211 tid 105951
Insert  tid 105951
FindTargetPageId rootid 3 tid 105949
target_page_id id: 1 tid 105949
0 1 tid 105949
365 2 tid 105949
211 tid 105949
Insert  tid 105949
FindTargetPageId rootid 3 tid 105950
target_page_id id: 1 tid 105950
0 1 tid 105950
365 2 tid 105950
212 tid 105950
Remove  tid 105950
FindTargetPageId rootid 3 tid 105951
target_page_id id: 1 tid 105951
0 1 tid 105951
365 2 tid 105951
212 tid 105951
Insert  tid 105951
FindTargetPageId rootid 3 tid 105949
target_page_id id: 1 tid 105949
0 1 tid 105949
365 2 tid 105949
212 tid 105949
Insert  tid 105949
FindTargetPageId rootid 3 tid 105950
target_page_id id: 1 tid 105950
0 1 tid 105950
365 2 tid 105950
213 tid 105950
Remove  tid 105950
FindTargetPageId rootid 3 tid 105951
target_page_id id: 1 tid 105951
0 1 tid 105951
365 2 tid 105951
213 tid 105951
Insert  tid 105951
FindTargetPageId rootid 3 tid 105949
target_page_id id: 1 tid 105949
0 1 tid 105949
365 2 tid 105949
213 tid 105949
Insert  tid 105949
FindTargetPageId rootid 3 tid 105950
target_page_id id: 1 tid 105950
0 1 tid 105950
365 2 tid 105950
214 tid 105950
Remove  tid 105950
FindTargetPageId rootid 3 tid 105951
target_page_id id: 1 tid 105951
0 1 tid 105951
365 2 tid 105951
214 tid 105951
Insert  tid 105951
FindTargetPageId rootid 3 tid 105949
target_page_id id: 1 tid 105949
0 1 tid 105949
365 2 tid 105949
214 tid 105949
Insert  tid 105949
FindTargetPageId rootid 3 tid 105950
target_page_id id: 1 tid 105950
0 1 tid 105950
365 2 tid 105950
215 tid 105950
Remove  tid 105950
FindTargetPageId rootid 3 tid 105951
target_page_id id: 1 tid 105951
0 1 tid 105951
365 2 tid 105951
215 tid 105951
Insert  tid 105951
FindTargetPageId rootid 3 tid 105949
target_page_id id: 1 tid 105949
0 1 tid 105949
365 2 tid 105949
215 tid 105949
Insert  tid 105949
FindTargetPageId rootid 3 tid 105950
target_page_id id: 1 tid 105950
0 1 tid 105950
365 2 tid 105950
216 tid 105950
Remove  tid 105950
FindTargetPageId rootid 3 tid 105951
target_page_id id: 1 tid 105951
0 1 tid 105951
365 2 tid 105951
216 tid 105951
Insert  tid 105951
FindTargetPageId rootid 3 tid 105949
target_page_id id: 1 tid 105949
0 1 tid 105949
365 2 tid 105949
216 tid 105949
Insert  tid 105949
FindTargetPageId rootid 3 tid 105950
target_page_id id: 1 tid 105950
0 1 tid 105950
365 2 tid 105950
217 tid 105950
Remove  tid 105950
FindTargetPageId rootid 3 tid 105951
target_page_id id: 1 tid 105951
0 1 tid 105951
365 2 tid 105951
217 tid 105951
Insert  tid 105951
FindTargetPageId rootid 3 tid 105949
target_page_id id: 1 tid 105949
0 1 tid 105949
365 2 tid 105949
217 tid 105949
Insert  tid 105949
FindTargetPageId rootid 3 tid 105950
target_page_id id: 1 tid 105950
0 1 tid 105950
365 2 tid 105950
218 tid 105950
FindTargetPageId rootid 3 tid 105951
Remove target_page_id id: 1 tid  tid 105951105950
0 1 tid 105951
365 2 tid 105951

218 tid 105951
Insert  tid 105951
FindTargetPageId rootid 3 tid 105949
target_page_id id: 1 tid 105949
0 1 tid 105949
365 2 tid 105949
218 tid 105949
Insert  tid 105949
FindTargetPageId rootid 3 tid 105950
target_page_id id: 1 tid 105950
0 1 tid 105950
365 2 tid 105950
219 tid 105950
Remove  tid 105950
FindTargetPageId rootid 3 tid 105951
target_page_id id: 1 tid 105951
0 1 tid 105951
365 2 tid 105951
219 tid 105951
Insert  tid 105951
FindTargetPageId rootid 3 tid 105949
target_page_id id: 1 tid 105949
0 1 tid 105949
365 2 tid 105949
219 tid 105949
Insert  tid 105949
FindTargetPageId rootid 3 tid 105950
target_page_id id: 1 tid 105950
0 1 tid 105950
365 2 tid 105950
220 tid 105950
Remove  tid 105950
FindTargetPageId rootid 3 tid 105951
target_page_id id: 1 tid 105951
0 1 tid 105951
365 2 tid 105951
220 tid 105951
Insert  tid 105951
FindTargetPageId rootid 3 tid 105949
target_page_id id: 1 tid 105949
0 1 tid 105949
365 2 tid 105949
220 tid 105949
Insert  tid 105949
FindTargetPageId rootid 3 tid 105950
target_page_id id: 1 tid 105950
0 1 tid 105950
365 2 tid 105950
221 tid 105950
Remove  tid 105950
FindTargetPageId rootid 3 tid 105951
target_page_id id: 1 tid 105951
0 1 tid 105951
365 2 tid 105951
221 tid 105951
Insert  tid 105951
FindTargetPageId rootid 3 tid 105949
target_page_id id: 1 tid 105949
0 1 tid 105949
365 2 tid 105949
221 tid 105949
Insert  tid 105949
FindTargetPageId rootid 3 tid 105950
target_page_id id: 1 tid 105950
0 1 tid 105950
365 2 tid 105950
222 tid 105950
Remove  tid 105950
FindTargetPageId rootid 3 tid 105951
target_page_id id: 1 tid 105951
0 1 tid 105951
365 2 tid 105951
222 tid 105951
Insert  tid 105951
FindTargetPageId rootid 3 tid 105949
target_page_id id: 1 tid 105949
0 1 tid 105949
365 2 tid 105949
222 tid 105949
Insert  tid 105949
FindTargetPageId rootid 3 tid 105950
target_page_id id: 1 tid 105950
0 1 tid 105950
365 2 tid 105950
223 tid 105950
Remove  tid 105950
FindTargetPageId rootid 3 tid 105951
target_page_id id: 1 tid 105951
0 1 tid 105951
365 2 tid 105951
223 tid 105951
Insert  tid 105951
FindTargetPageId rootid 3 tid 105949
target_page_id id: 1 tid 105949
0 1 tid 105949
365 2 tid 105949
223 tid 105949
Insert  tid 105949
FindTargetPageId rootid 3 tid 105950
target_page_id id: 1 tid 105950
0 1 tid 105950
365 2 tid 105950
224 tid 105950
Remove  tid 105950
FindTargetPageId rootid 3 tid 105951
target_page_id id: 1 tid 105951
0 1 tid 105951
365 2 tid 105951
224 tid 105951
Insert  tid 105951
FindTargetPageId rootid 3 tid 105949
target_page_id id: 1 tid 105949
0 1 tid 105949
365 2 tid 105949
224 tid 105949
Insert  tid 105949
FindTargetPageId rootid 3 tid 105950
target_page_id id: 1 tid 105950
0 1 tid 105950
365 2 tid 105950
225 tid 105950
Remove  tid 105950
FindTargetPageId rootid 3 tid 105950
target_page_id id: 1 tid 105950
0 1 tid 105950
365 2 tid 105950
225 tid 105950
Remove  tid 105950
FindTargetPageId rootid 3 tid 105949
target_page_id id: 1 tid 105949
0 1 tid 105949
365 2 tid 105949
225 tid 105949
Insert  tid 105949
FindTargetPageId rootid 3 tid 105951
target_page_id id: 1 tid 105951
0 1 tid 105951
365 2 tid 105951
226 tid 105951
Insert  tid 105951
FindTargetPageId rootid 3 tid 105950
target_page_id id: 1 tid 105950
0 1 tid 105950
365 2 tid 105950
226 tid 105950
Remove  tid 105950
FindTargetPageId rootid 3 tid 105949
target_page_id id: 1 tid 105949
0 1 tid 105949
365 2 tid 105949
226 tid 105949
Insert  tid 105949
FindTargetPageId rootid 3 tid 105951
target_page_id id: 1 tid 105951
0 1 tid 105951
365 2 tid 105951
227 tid 105951
Insert  tid 105951
FindTargetPageId rootid 3 tid 105950
target_page_id id: 1 tid 105950
0 1 tid 105950
365 2 tid 105950
227 tid 105950
Remove  tid 105950
FindTargetPageId rootid 3 tid 105949
target_page_id id: 1 tid 105949
0 1 tid 105949
365 2 tid 105949
227 tid 105949
Insert  tid 105949
FindTargetPageId rootid 3 tid 105951
target_page_id id: 1 tid 105951
0 1 tid 105951
365 2 tid 105951
228 tid 105951
Insert  tid 105951
FindTargetPageId rootid 3 tid 105950
target_page_id id: 1 tid 105950
0 1 tid 105950
365 2 tid 105950
228 tid 105950
Remove  tid 105950
FindTargetPageId rootid 3 tid 105949
target_page_id id: 1 tid 105949
0 1 tid 105949
365 2 tid 105949
228 tid 105949
Insert  tid 105949
FindTargetPageId rootid 3 tid 105951
target_page_id id: 1 tid 105951
0 1 tid 105951
365 2 tid 105951
229 tid 105951
Insert  tid 105951
FindTargetPageId rootid 3 tid 105950
target_page_id id: 1 tid 105950
0 1 tid 105950
365 2 tid 105950
229 tid 105950
Remove  tid 105950
FindTargetPageId rootid 3 tid 105949
target_page_id id: 1 tid 105949
0 1 tid 105949
365 2 tid 105949
229 tid 105949
Insert  tid 105949
FindTargetPageId rootid 3 tid 105951
target_page_id id: 1 tid 105951
0 1 tid 105951
365 2 tid 105951
230 tid 105951
Insert  tid 105951
FindTargetPageId rootid 3 tid 105950
target_page_id id: 1 tid 105950
0 1 tid 105950
365 2 tid 105950
230 tid 105950
Remove  tid 105950
FindTargetPageId rootid 3 tid 105949
target_page_id id: 1 tid 105949
0 1 tid 105949
365 2 tid 105949
230 tid 105949
Insert  tid 105949
FindTargetPageId rootid 3 tid 105951
target_page_id id: 1 tid 105951
0 1 tid 105951
365 2 tid 105951
231 tid 105951
Insert  tid 105951
FindTargetPageId rootid 3 tid 105950
target_page_id id: 1 tid 105950
0 1 tid 105950
365 2 tid 105950
231 tid 105950
Remove  tid 105950
FindTargetPageId rootid 3 tid 105949
target_page_id id: 1 tid 105949
0 1 tid 105949
365 2 tid 105949
231 tid 105949
Insert  tid 105949
FindTargetPageId rootid 3 tid 105951
target_page_id id: 1 tid 105951
0 1 tid 105951
365 2 tid 105951
232 tid 105951
Insert  tid 105951
FindTargetPageId rootid 3 tid 105950
target_page_id id: 1 tid 105950
0 1 tid 105950
365 2 tid 105950
232 tid 105950
Remove  tid 105950
FindTargetPageId rootid 3 tid 105949
target_page_id id: 1 tid 105949
0 1 tid 105949
365 2 tid 105949
232 tid 105949
Insert  tid 105949
FindTargetPageId rootid 3 tid 105951
target_page_id id: 1 tid 105951
0 1 tid 105951
365 2 tid 105951
233 tid 105951
Insert  tid 105951
FindTargetPageId rootid 3 tid 105950
target_page_id id: 1 tid 105950
0 1 tid 105950
365 2 tid 105950
233 tid 105950
Remove  tid 105950
FindTargetPageId rootid 3 tid 105949
target_page_id id: 1 tid 105949
0 1 tid 105949
365 2 tid 105949
233 tid 105949
FindTargetPageId rootid 3 tid 105951
target_page_id id: 1 tid 105951
0 1 tid 105951
365 2 tid 105951
Insert  tid 105949
234 tid 105951
Insert  tid 105951
FindTargetPageId rootid 3 tid 105950
target_page_id id: 1 tid 105950
0 1 tid 105950
365 2 tid 105950
234 tid 105950
Remove  tid 105950
FindTargetPageId rootid 3 tid 105949
target_page_id id: 1 tid 105949
0 1 tid 105949
365 2 tid 105949
234 tid 105949
Insert  tid 105949
FindTargetPageId rootid 3 tid 105951
target_page_id id: 1 tid 105951
0 1 tid 105951
365 2 tid 105951
235 tid 105951
Insert  tid 105951
FindTargetPageId rootid 3 tid 105950
target_page_id id: 1 tid 105950
0 1 tid 105950
365 2 tid 105950
235 tid 105950
Remove  tid 105950
FindTargetPageId rootid 3 tid 105950
target_page_id id: 1 tid 105950
0 1 tid 105950
365 2 tid 105950
235 tid 105950
Remove  tid 105950
FindTargetPageId rootid 3 tid 105951
target_page_id id: 1 tid 105951
0 1 tid 105951
365 2 tid 105951
235 tid 105951
Insert  tid 105951
FindTargetPageId rootid 3 tid 105949
target_page_id id: 1 tid 105949
0 1 tid 105949
365 2 tid 105949
235 tid 105949
Insert  tid 105949
FindTargetPageId rootid 3 tid 105950
target_page_id id: 1 tid 105950
0 1 tid 105950
365 2 tid 105950
236 tid 105950
Remove  tid 105950
FindTargetPageId rootid 3 tid 105951
target_page_id id: 1 tid 105951
0 1 tid 105951
365 2 tid 105951
236 tid 105951
Insert  tid 105951
FindTargetPageId rootid 3 tid 105949
target_page_id id: 1 tid 105949
0 1 tid 105949
365 2 tid 105949
236 tid 105949
Insert  tid 105949
FindTargetPageId rootid 3 tid 105949
target_page_id id: 1 tid 105949
0 1 tid 105949
365 2 tid 105949
237 tid 105949
Insert  tid 105949
FindTargetPageId rootid 3 tid 105949
target_page_id id: 1 tid 105949
0 1 tid 105949
365 2 tid 105949
238 tid 105949
Insert  tid 105949
FindTargetPageId rootid 3 tid 105951
target_page_id id: 1 tid 105951
0 1 tid 105951
365 2 tid 105951
239 tid 105951
Insert  tid 105951
FindTargetPageId rootid 3 tid 105950
target_page_id id: 1 tid 105950
0 1 tid 105950
365 2 tid 105950
239 tid 105950
Remove  tid 105950
FindTargetPageId rootid 3 tid 105950
target_page_id id: 1 tid 105950
0 1 tid 105950
365 2 tid 105950
239 tid 105950
Remove  tid 105950
FindTargetPageId rootid 3 tid 105949
target_page_id id: 1 tid 105949
0 1 tid 105949
365 2 tid 105949
239 tid 105949
Insert  tid 105949
FindTargetPageId rootid 3 tid 105951
target_page_id id: 1 tid 105951
0 1 tid 105951
365 2 tid 105951
240 tid 105951
Insert  tid 105951
FindTargetPageId rootid 3 tid 105950
target_page_id id: 1 tid 105950
0 1 tid 105950
365 2 tid 105950
240 tid 105950
Remove  tid 105950
FindTargetPageId rootid 3 tid 105949
target_page_id id: 1 tid 105949
0 1 tid 105949
365 2 tid 105949
240 tid 105949
Insert  tid 105949
FindTargetPageId rootid 3 tid 105949
target_page_id id: 1 tid 105949
0 1 tid 105949
365 2 tid 105949
241 tid 105949
Insert  tid 105949
FindTargetPageId rootid 3 tid 105949
target_page_id id: 1 tid 105949
0 1 tid 105949
365 2 tid 105949
242 tid 105949
Insert  tid 105949
FindTargetPageId rootid 3 tid 105951
target_page_id id: 1 tid 105951
0 1 tid 105951
365 2 tid 105951
243 tid 105951
Insert  tid 105951
FindTargetPageId rootid 3 tid 105951
target_page_id id: 1 tid 105951
0 1 tid 105951
365 2 tid 105951
243 tid 105951
Insert  tid 105951
FindTargetPageId rootid 3 tid 105951
target_page_id id: 1 tid 105951
0 1 tid 105951
365 2 tid 105951
243 tid 105951
Insert  tid 105951
FindTargetPageId rootid 3 tid 105951
target_page_id id: 1 tid 105951
0 1 tid 105951
365 2 tid 105951
243 tid 105951
Insert  tid 105951
FindTargetPageId rootid 3 tid 105951
target_page_id id: 1 tid 105951
0 1 tid 105951
365 2 tid 105951
243 tid 105951
Insert  tid 105951
FindTargetPageId rootid 3 tid 105951
target_page_id id: 1 tid 105951
0 1 tid 105951
365 2 tid 105951
243 tid 105951
Insert  tid 105951
FindTargetPageId rootid 3 tid 105951
target_page_id id: 1 tid 105951
0 1 tid 105951
365 2 tid 105951
243 tid 105951
FindTargetPageId rootid 3 tid 105950
target_page_id id: 1 tid 105950
0 1 tid 105950
365 2 tid 105950
243 tid 105950
Insert  tid 105951
Remove  tid 105950
FindTargetPageId rootid 3 tid 105951
target_page_id id: 1 tid 105951
0 1 tid 105951
365 2 tid 105951
243 tid 105951
Insert  tid 105951
FindTargetPageId rootid 3 tid 105951
target_page_id id: 1 tid 105951
0 1 tid 105951
365 2 tid 105951
243 tid 105951
Insert  tid 105951
FindTargetPageId rootid 3 tid 105951
target_page_id id: 1 tid 105951
0 1 tid 105951
365 2 tid 105951
243 tid 105951
Insert  tid 105951
FindTargetPageId rootid 3 tid 105951
target_page_id id: 1 tid 105951
0 1 tid 105951
365 2 tid 105951
243 tid 105951
Insert  tid 105951
FindTargetPageId rootid 3 tid 105951
target_page_id id: 1 tid 105951
0 1 tid 105951
365 2 tid 105951
243 tid 105951
Insert  tid 105951
FindTargetPageId rootid 3 tid 105951
target_page_id id: 1 tid 105951
0 1 tid 105951
365 2 tid 105951
243 tid 105951
FindTargetPageId rootid 3 tid 105949
target_page_id id: 1 tid 105949
0 1 tid 105949
365 2 tid 105949
243 tid 105949
Insert  tid 105949
FindTargetPageId rootid 3 tid 105949
target_page_id id: 1 tid 105949
0 1 tid 105949
365 2 tid 105949
244 tid 105949
Insert  tid 105949
FindTargetPageId rootid 3 tid 105949
target_page_id id: 1 tid 105949
0 1 tid 105949
365 2 tid 105949
245 tid 105949
Insert  tid 105949
FindTargetPageId rootid 3 tid 105949
target_page_id id: 1 tid 105949
0 1 tid 105949
365 2 tid 105949
246 tid 105949
Insert  tid 105949
FindTargetPageId rootid 3 tid 105949
target_page_id id: 1 tid 105949
0 1 tid 105949
365 2 tid 105949
247 tid 105949
Insert  tid 105949
Insert  tid FindTargetPageId rootid 1059513 tid 
105949
target_page_id id: 1 tid 105949
0 1 tid 105949
365 2 tid 105949
248 tid 105949
Insert  tid 105949
FindTargetPageId rootid 3 tid 105949
target_page_id id: 1 tid 105949
0 1 tid 105949
365 2 tid 105949
249 tid 105949
Insert  tid 105949
FindTargetPageId rootid 3 tid 105950
target_page_id id: 1 tid 105950
0 1 tid 105950
365 2 tid 105950
250 tid 105950
Remove  tid 105950
FindTargetPageId rootid 3 tid 105951
target_page_id id: 1 tid 105951
0 1 tid 105951
365 2 tid 105951
250 tid 105951
Insert  tid 105951
FindTargetPageId rootid 3 tid 105949
target_page_id id: 1 tid 105949
0 1 tid 105949
365 2 tid 105949
250 tid 105949
Insert  tid 105949
FindTargetPageId rootid 3 tid 105950
target_page_id id: 1 tid 105950
0 1 tid 105950
365 2 tid 105950
251 tid 105950
Remove  tid 105950
FindTargetPageId rootid 3 tid 105951
target_page_id id: 1 tid 105951
0 1 tid 105951
365 2 tid 105951
251 tid 105951
Insert  tid 105951
FindTargetPageId rootid 3 tid 105949
target_page_id id: 1 tid 105949
0 1 tid 105949
365 2 tid 105949
251 tid 105949
Insert  tid 105949
FindTargetPageId rootid 3 tid 105950
target_page_id id: 1 tid 105950
0 1 tid 105950
365 2 tid 105950
252 tid 105950
Remove  tid 105950
FindTargetPageId rootid 3 tid 105951
target_page_id id: 1 tid 105951
0 1 tid 105951
365 2 tid 105951
252 tid 105951
Insert  tid 105951
FindTargetPageId rootid 3 tid 105949
target_page_id id: 1 tid 105949
0 1 tid 105949
365 2 tid 105949
252 tid 105949
Insert  tid 105949
FindTargetPageId rootid 3 tid 105950
target_page_id id: 1 tid 105950
0 1 tid 105950
365 2 tid 105950
253 tid 105950
Remove  tid 105950
FindTargetPageId rootid 3 tid 105951
target_page_id id: 1 tid 105951
0 1 tid 105951
365 2 tid 105951
253 tid 105951
Insert  tid 105951
FindTargetPageId rootid 3 tid 105949
target_page_id id: 1 tid 105949
0 1 tid 105949
365 2 tid 105949
253 tid 105949
Insert  tid 105949
FindTargetPageId rootid 3 tid 105950
target_page_id id: 1 tid 105950
0 1 tid 105950
365 2 tid 105950
254 tid 105950
Remove  tid 105950
FindTargetPageId rootid 3 tid 105951
target_page_id id: 1 tid 105951
0 1 tid 105951
365 2 tid 105951
254 tid 105951
Insert  tid 105951
FindTargetPageId rootid 3 tid 105949
target_page_id id: 1 tid 105949
0 1 tid 105949
365 2 tid 105949
254 tid 105949
Insert  tid 105949
FindTargetPageId rootid 3 tid 105950
target_page_id id: 4 tid 105950
0 1 tid 105950
170 4 tid 105950
365 2 tid 105950
128 tid 105950
Remove  tid 105950
FindTargetPageId rootid 3 tid 105951
target_page_id id: 4 tid 105951
0 1 tid 105951
170 4 tid 105951
365 2 tid 105951
128 tid 105951
Insert  tid 105951
FindTargetPageId rootid 3 tid 105949
target_page_id id: 4 tid 105949
0 1 tid 105949
170 4 tid 105949
365 2 tid 105949
128 tid 105949
Insert  tid 105949
FindTargetPageId rootid 3 tid 105949
target_page_id id: 4 tid 105949
0 1 tid 105949
170 4 tid 105949
365 2 tid 105949
129 tid 105949
Insert  tid 105949
FindTargetPageId rootid 3 tid 105949
target_page_id id: 4 tid 105949
0 1 tid 105949
170 4 tid 105949
365 2 tid 105949
130 tid 105949
Insert  tid 105949
FindTargetPageId rootid 3 tid 105949
target_page_id id: 4 tid 105949
0 1 tid 105949
170 4 tid 105949
365 2 tid 105949
131 tid 105949
Insert  tid 105949
FindTargetPageId rootid 3 tid 105950
target_page_id id: 4 tid 105950
0 1 tid 105950
170 4 tid 105950
365 2 tid 105950
132 tid 105950
Remove  tid 105950
FindTargetPageId rootid 3 tid 105951
target_page_id id: 4 tid 105951
0 1 tid 105951
170 4 tid 105951
365 2 tid 105951
132 tid 105951
Insert  tid 105951
FindTargetPageId rootid 3 tid 105949
target_page_id id: 4 tid 105949
0 1 tid 105949
170 4 tid 105949
365 2 tid 105949
132 tid 105949
Insert  tid 105949
FindTargetPageId rootid 3 tid 105950
target_page_id id: 4 tid 105950
0 1 tid 105950
170 4 tid 105950
365 2 tid 105950
133 tid 105950
Remove  tid 105950
FindTargetPageId rootid 3 tid 105951
target_page_id id: 4 tid 105951
0 1 tid 105951
170 4 tid 105951
365 2 tid 105951
133 tid 105951
Insert  tid 105951
FindTargetPageId rootid 3 tid 105949
target_page_id id: 4 tid 105949
0 1 tid 105949
170 4 tid 105949
365 2 tid 105949
133 tid 105949
Insert  tid 105949
FindTargetPageId rootid 3 tid 105950
target_page_id id: 4 tid 105950
0 1 tid 105950
170 4 tid 105950
365 2 tid 105950
134 tid 105950
Remove  tid 105950
FindTargetPageId rootid 3 tid 105951
target_page_id id: 4 tid 105951
0 1 tid 105951
170 4 tid 105951
365 2 tid 105951
134 tid 105951
Insert  tid 105951
FindTargetPageId rootid 3 tid 105949
target_page_id id: 4 tid 105949
0 1 tid 105949
170 4 tid 105949
365 2 tid 105949
134 tid 105949
Insert  tid 105949
FindTargetPageId rootid 3 tid 105950
target_page_id id: 4 tid 105950
0 1 tid 105950
170 4 tid 105950
365 2 tid 105950
135 tid 105950
Remove  tid 105950
FindTargetPageId rootid 3 tid 105950
target_page_id id: 4 tid 105950
0 1 tid 105950
170 4 tid 105950
365 2 tid 105950
135 tid 105950
FindTargetPageId rootid 3 tid Remove 105949
 tid target_page_id id: 4 tid 105949
0 1 tid 105949
170 4 tid 105949
365 2 tid 105949
135 tid 105949
Insert  tid 105949
105950
FindTargetPageId rootid 3 tid 105949
target_page_id id: 4 tid 105949
0 1 tid 105949
170 4 tid 105949
365 2 tid 105949
136 tid 105949
Insert  tid 105949
FindTargetPageId rootid 3 tid 105951
target_page_id id: 4 tid 105951
0 1 tid 105951
170 4 tid 105951
365 2 tid 105951
137 tid 105951
Insert  tid 105951
FindTargetPageId rootid 3 tid 105950
target_page_id id: 4 tid 105950
0 1 tid 105950
170 4 tid 105950
365 2 tid 105950
137 tid 105950
Remove  tid 105950
FindTargetPageId rootid 3 tid 105949
target_page_id id: 4 tid 105949
0 1 tid 105949
170 4 tid 105949
365 2 tid 105949
137 tid 105949
Insert  tid 105949
FindTargetPageId rootid 3 tid 105951
target_page_id id: 4 tid 105951
0 1 tid 105951
170 4 tid 105951
365 2 tid 105951
138 tid 105951
Insert  tid 105951
FindTargetPageId rootid 3 tid 105950
target_page_id id: 4 tid 105950
0 1 tid 105950
170 4 tid 105950
365 2 tid 105950
138 tid 105950
Remove  tid 105950
FindTargetPageId rootid 3 tid 105949
target_page_id id: 4 tid 105949
0 1 tid 105949
170 4 tid 105949
365 2 tid 105949
138 tid 105949
Insert  tid 105949
FindTargetPageId rootid 3 tid 105951
target_page_id id: 4 tid 105951
0 1 tid 105951
170 4 tid 105951
365 2 tid 105951
139 tid 105951
Insert  tid 105951
FindTargetPageId rootid 3 tid 105950
target_page_id id: 4 tid 105950
0 1 tid 105950
170 4 tid 105950
365 2 tid 105950
139 tid 105950
Remove  tid 105950
FindTargetPageId rootid 3 tid 105949
target_page_id id: 4 tid 105949
0 1 tid 105949
170 4 tid 105949
365 2 tid 105949
139 tid 105949
Insert  tid 105949
FindTargetPageId rootid 3 tid 105951
target_page_id id: 4 tid 105951
0 1 tid 105951
170 4 tid 105951
365 2 tid 105951
140 tid 105951
Insert  tid 105951
FindTargetPageId rootid 3 tid 105950
target_page_id id: 4 tid 105950
0 1 tid 105950
170 4 tid 105950
365 2 tid 105950
140 tid 105950
Remove  tid 105950
FindTargetPageId rootid 3 tid 105949
target_page_id id: 4 tid 105949
0 1 tid 105949
170 4 tid 105949
365 2 tid 105949
140 tid 105949
Insert  tid 105949
FindTargetPageId rootid 3 tid 105951
target_page_id id: 4 tid 105951
0 1 tid 105951
170 4 tid 105951
365 2 tid 105951
141 tid 105951
Insert  tid 105951
FindTargetPageId rootid 3 tid 105950
target_page_id id: 4 tid 105950
0 1 tid 105950
170 4 tid 105950
365 2 tid 105950
141 tid 105950
Remove  tid 105950
FindTargetPageId rootid 3 tid 105949
target_page_id id: 4 tid 105949
0 1 tid 105949
170 4 tid 105949
365 2 tid 105949
141 tid 105949
Insert  tid 105949
FindTargetPageId rootid 3 tid 105951
target_page_id id: 4 tid 105951
0 1 tid 105951
170 4 tid 105951
365 2 tid 105951
142 tid 105951
Insert  tid 105951
FindTargetPageId rootid 3 tid 105950
target_page_id id: 4 tid 105950
0 1 tid 105950
170 4 tid 105950
365 2 tid 105950
142 tid 105950
Remove  tid 105950
FindTargetPageId rootid 3 tid 105949
target_page_id id: 4 tid 105949
0 1 tid 105949
170 4 tid 105949
365 2 tid 105949
142 tid 105949
Insert  tid 105949
FindTargetPageId rootid 3 tid 105951
target_page_id id: 4 tid 105951
0 1 tid 105951
170 4 tid 105951
365 2 tid 105951
143 tid 105951
Insert  tid 105951
FindTargetPageId rootid 3 tid 105950
target_page_id id: 4 tid 105950
0 1 tid 105950
170 4 tid 105950
365 2 tid 105950
143 tid 105950
Remove  tid 105950
FindTargetPageId rootid 3 tid 105950
target_page_id id: 4 tid 105950
0 1 tid 105950
170 4 tid 105950
365 2 tid 105950
143 tid 105950
Remove  tid 105950
FindTargetPageId rootid 3 tid 105951
target_page_id id: 4 tid 105951
0 1 tid 105951
170 4 tid 105951
365 2 tid 105951
143 tid 105951
Insert  tid 105951
FindTargetPageId rootid 3 tid 105949
target_page_id id: 4 tid 105949
0 1 tid 105949
170 4 tid 105949
365 2 tid 105949
143 tid 105949
Insert  tid 105949
FindTargetPageId rootid 3 tid 105950
target_page_id id: 4 tid 105950
0 1 tid 105950
170 4 tid 105950
365 2 tid 105950
144 tid 105950
Remove  tid 105950
FindTargetPageId rootid 3 tid 105951
target_page_id id: 4 tid 105951
0 1 tid 105951
170 4 tid 105951
365 2 tid 105951
144 tid 105951
Insert  tid 105951
FindTargetPageId rootid 3 tid 105949
target_page_id id: 4 tid 105949
0 1 tid 105949
170 4 tid 105949
365 2 tid 105949
144 tid 105949
Insert  tid 105949
FindTargetPageId rootid 3 tid 105950
target_page_id id: 4 tid 105950
0 1 tid 105950
170 4 tid 105950
365 2 tid 105950
145 tid 105950
Remove  tid 105950
FindTargetPageId rootid 3 tid 105951
target_page_id id: 4 tid 105951
0 1 tid 105951
170 4 tid 105951
365 2 tid 105951
145 tid 105951
Insert  tid 105951
FindTargetPageId rootid 3 tid 105949
target_page_id id: 4 tid 105949
0 1 tid 105949
170 4 tid 105949
365 2 tid 105949
145 tid 105949
Insert  tid 105949
FindTargetPageId rootid 3 tid 105950
target_page_id id: 4 tid 105950
0 1 tid 105950
170 4 tid 105950
365 2 tid 105950
146 tid 105950
Remove  tid 105950
FindTargetPageId rootid 3 tid 105951
target_page_id id: 4 tid 105951
0 1 tid 105951
170 4 tid 105951
365 2 tid 105951
146 tid 105951
Insert  tid 105951
FindTargetPageId rootid 3 tid 105949
target_page_id id: 4 tid 105949
0 1 tid 105949
170 4 tid 105949
365 2 tid 105949
146 tid 105949
Insert  tid 105949
FindTargetPageId rootid 3 tid 105950
target_page_id id: 4 tid 105950
0 1 tid 105950
170 4 tid 105950
365 2 tid 105950
147 tid 105950
Remove  tid 105950
FindTargetPageId rootid 3 tid 105951
target_page_id id: 4 tid 105951
0 1 tid 105951
170 4 tid 105951
365 2 tid 105951
147 tid 105951
Insert  tid 105951
FindTargetPageId rootid 3 tid 105949
target_page_id id: 4 tid 105949
0 1 tid 105949
170 4 tid 105949
365 2 tid 105949
147 tid 105949
Insert  tid 105949
FindTargetPageId rootid 3 tid 105950
target_page_id id: 4 tid 105950
0 1 tid 105950
170 4 tid 105950
365 2 tid 105950
148 tid 105950
Remove  tid 105950
FindTargetPageId rootid 3 tid 105950
target_page_id id: 4 tid 105950
0 1 tid 105950
170 4 tid 105950
365 2 tid 105950
148 tid 105950
Remove  tid 105950
FindTargetPageId rootid 3 tid 105949
target_page_id id: 4 tid 105949
0 1 tid 105949
170 4 tid 105949
365 2 tid 105949
148 tid 105949
FindTargetPageId rootid 3 tid 105951
target_page_id id: 4 tid 105951
0 1 tid 105951
170 4 tid 105951
365 2 tid 105951
149 tid 105951
Insert  tid 105949
FindTargetPageId rootid 3 tid 105949
target_page_id id: 4 tid 105949
0 1 tid 105949
170 4 tid 105949
365 2 tid 105949
149 tid 105949
Insert  tid 105949
FindTargetPageId rootid 3 tid 105949
target_page_id id: 4 tid 105949
0 1 tid 105949
170 4 tid 105949
365 2 tid 105949
150 tid 105949
Insert  tid 105949
FindTargetPageId rootid 3 tid 105949
target_page_id id: 4 tid 105949
0 1 tid 105949
170 4 tid 105949
365 2 tid 105949
151 tid 105949
Insert  tid 105949
FindTargetPageId rootid 3 tid 105950
target_page_id id: 4 tid 105950
0 1 tid 105950
170 4 tid 105950
365 2 tid 105950
152 tid 105950
Insert  tid 105951
Remove  tid 105950
FindTargetPageId rootid 3 tid 105951
target_page_id id: 4 tid 105951
0 1 tid 105951
170 4 tid 105951
365 2 tid 105951
152 tid 105951
Insert  tid 105951
FindTargetPageId rootid 3 tid 105951
target_page_id id: 4 tid 105951
0 1 tid 105951
170 4 tid 105951
365 2 tid 105951
152 tid 105951
Insert  tid 105951
FindTargetPageId rootid 3 tid 105951
target_page_id id: 4 tid 105951
0 1 tid 105951
170 4 tid 105951
365 2 tid 105951
152 tid 105951
Insert  tid 105951
FindTargetPageId rootid 3 tid 105950
target_page_id id: 4 tid 105950
0 1 tid 105950
170 4 tid 105950
365 2 tid 105950
152 tid 105950
Remove  tid 105950
FindTargetPageId rootid 3 tid 105949
target_page_id id: 4 tid 105949
0 1 tid 105949
170 4 tid 105949
365 2 tid 105949
152 tid 105949
Insert  tid 105949
FindTargetPageId rootid 3 tid 105949
target_page_id id: 4 tid 105949
0 1 tid 105949
170 4 tid 105949
365 2 tid 105949
153 tid 105949
Insert  tid 105949
FindTargetPageId rootid 3 tid 105949
target_page_id id: 4 tid 105949
0 1 tid 105949
170 4 tid 105949
365 2 tid 105949
154 tid 105949
Insert  tid 105949
FindTargetPageId rootid 3 tid 105951
target_page_id id: 4 tid 105951
0 1 tid 105951
170 4 tid 105951
365 2 tid 105951
155 tid 105951
Insert  tid 105951
FindTargetPageId rootid 3 tid 105951
target_page_id id: 4 tid 105951
0 1 tid 105951
170 4 tid 105951
365 2 tid 105951
155 tid 105951
Insert  tid 105951
FindTargetPageId rootid 3 tid 105951
target_page_id id: 4 tid 105951
0 1 tid 105951
170 4 tid 105951
365 2 tid 105951
155 tid 105951
Insert  tid 105951
FindTargetPageId rootid 3 tid 105951
target_page_id id: 4 tid 105951
0 1 tid 105951
170 4 tid 105951
365 2 tid 105951
155 tid 105951
Insert  tid 105951
FindTargetPageId rootid 3 tid 105951
target_page_id id: 4 tid 105951
0 1 tid 105951
170 4 tid 105951
365 2 tid 105951
155 tid 105951
Insert  tid 105951
FindTargetPageId rootid 3 tid 105951
target_page_id id: 4 tid 105951
0 1 tid 105951
170 4 tid 105951
365 2 tid 105951
155 tid 105951
Insert  tid 105951
FindTargetPageId rootid 3 tid 105950
target_page_id id: 4 tid 105950
0 1 tid 105950
170 4 tid 105950
365 2 tid 105950
155 tid 105950
Remove  tid 105950
FindTargetPageId rootid 3 tid 105949
target_page_id id: 4 tid 105949
0 1 tid 105949
170 4 tid 105949
365 2 tid 105949
155 tid 105949
Insert  tid 105949
FindTargetPageId rootid 3 tid 105949
target_page_id id: 4 tid 105949
0 1 tid 105949
170 4 tid 105949
365 2 tid 105949
156 tid 105949
Insert  tid 105949
FindTargetPageId rootid 3 tid 105949
target_page_id id: 4 tid 105949
0 1 tid 105949
170 4 tid 105949
365 2 tid 105949
157 tid 105949
Insert  tid 105949
FindTargetPageId rootid 3 tid 105949
target_page_id id: 4 tid 105949
0 1 tid 105949
170 4 tid 105949
365 2 tid 105949
158 tid 105949
Insert  tid 105949
FindTargetPageId rootid 3 tid 105949
target_page_id id: 4 tid 105949
0 1 tid 105949
170 4 tid 105949
365 2 tid 105949
159 tid 105949
Insert  tid 105949
FindTargetPageId rootid 3 tid 105949
target_page_id id: 4 tid 105949
0 1 tid 105949
170 4 tid 105949
365 2 tid 105949
160 tid 105949
Insert  tid 105949
FindTargetPageId rootid 3 tid 105950
target_page_id id: 4 tid 105950
0 1 tid 105950
170 4 tid 105950
365 2 tid 105950
161 tid 105950
Remove  tid 105950
FindTargetPageId rootid 3 tid 105950
target_page_id id: 4 tid 105950
0 1 tid 105950
170 4 tid 105950
365 2 tid 105950
160 tid 105950
Remove  tid 105950
FindTargetPageId rootid 3 tid 105950
target_page_id id: 4 tid 105950
0 1 tid 105950
170 4 tid 105950
365 2 tid 105950
159 tid 105950
Remove  tid 105950
FindTargetPageId rootid 3 tid 105950
target_page_id id: 4 tid 105950
0 1 tid 105950
170 4 tid 105950
365 2 tid 105950
159 tid 105950
Remove  tid 105950
FindTargetPageId rootid 3 tid 105950
target_page_id id: 4 tid 105950
0 1 tid 105950
170 4 tid 105950
365 2 tid 105950
159 tid 105950
Remove  tid 105950
FindTargetPageId rootid 3 tid 105951
target_page_id id: 4 tid 105951
0 1 tid 105951
170 4 tid 105951
365 2 tid 105951
159 tid 105951
Insert  tid 105951
FindTargetPageId rootid 3 tid 105949
target_page_id id: 4 tid 105949
0 1 tid 105949
170 4 tid 105949
365 2 tid 105949
159 tid 105949
Insert  tid 105949
FindTargetPageId rootid 3 tid 105949
target_page_id id: 4 tid 105949
0 1 tid 105949
170 4 tid 105949
365 2 tid 105949
160 tid 105949
Insert  tid 105949
FindTargetPageId rootid 3 tid 105951
target_page_id id: 4 tid 105951
0 1 tid 105951
170 4 tid 105951
365 2 tid 105951
161 tid 105951
Insert  tid 105951
FindTargetPageId rootid 3 tid 105950
target_page_id id: 4 tid 105950
0 1 tid 105950
170 4 tid 105950
365 2 tid 105950
161 tid 105950
Remove  tid 105950
FindTargetPageId rootid 3 tid 105950
target_page_id id: 4 tid 105950
0 1 tid 105950
170 4 tid 105950
365 2 tid 105950
161 tid 105950
Remove  tid 105950
FindTargetPageId rootid 3 tid 105950
target_page_id id: 4 tid 105950
0 1 tid 105950
170 4 tid 105950
365 2 tid 105950
161 tid 105950
Remove  tid 105950
FindTargetPageId rootid 3 tid 105950
target_page_id id: 4 tid 105950
0 1 tid 105950
170 4 tid 105950
365 2 tid 105950
161 tid 105950
Remove  tid 105950
FindTargetPageId rootid 3 tid 105950
target_page_id id: 4 tid 105950
0 1 tid 105950
170 4 tid 105950
365 2 tid 105950
161 tid 105950
Remove  tid 105950
FindTargetPageId rootid 3 tid 105950
target_page_id id: 4 tid 105950
0 1 tid 105950
170 4 tid 105950
365 2 tid 105950
161 tid 105950
Remove  tid 105950
FindTargetPageId rootid 3 tid 105950
target_page_id id: 4 tid 105950
0 1 tid 105950
170 4 tid 105950
365 2 tid 105950
161 tid 105950
Remove  tid 105950
FindTargetPageId rootid 3 tid 105950
target_page_id id: 4 tid 105950
0 1 tid 105950
170 4 tid 105950
365 2 tid 105950
161 tid 105950
Remove  tid 105950
FindTargetPageId rootid 3 tid 105950
target_page_id id: 4 tid 105950
0 1 tid 105950
170 4 tid 105950
365 2 tid 105950
161 tid 105950
Remove  tid 105950
FindTargetPageId rootid 3 tid 105950
target_page_id id: 4 tid 105950
0 1 tid 105950
170 4 tid 105950
365 2 tid 105950
161 tid 105950
Remove  tid 105950
FindTargetPageId rootid 3 tid 105950
target_page_id id: 4 tid 105950
0 1 tid 105950
170 4 tid 105950
365 2 tid 105950
161 tid 105950
Remove  tid 105950
FindTargetPageId rootid 3 tid 105950
target_page_id id: 4 tid 105950
0 1 tid 105950
170 4 tid 105950
365 2 tid 105950
161 tid 105950
Remove  tid 105950
FindTargetPageId rootid 3 tid 105950
target_page_id id: 4 tid 105950
0 1 tid 105950
170 4 tid 105950
365 2 tid 105950
161 tid 105950
Remove  tid 105950
FindTargetPageId rootid 3 tid 105950
target_page_id id: 4 tid 105950
0 1 tid 105950
170 4 tid 105950
365 2 tid 105950
161 tid 105950
Remove  tid 105950
FindTargetPageId rootid 3 tid 105950
target_page_id id: 4 tid 105950
0 1 tid 105950
170 4 tid 105950
365 2 tid 105950
161 tid 105950
Remove  tid 105950
FindTargetPageId rootid 3 tid 105950
target_page_id id: 4 tid 105950
0 1 tid 105950
170 4 tid 105950
365 2 tid 105950
161 tid 105950
Remove  tid 105950
FindTargetPageId rootid 3 tid 105950
target_page_id id: 4 tid 105950
0 1 tid 105950
170 4 tid 105950
365 2 tid 105950
161 tid 105950
Remove  tid 105950
FindTargetPageId rootid 3 tid 105950
target_page_id id: 4 tid 105950
0 1 tid 105950
170 4 tid 105950
365 2 tid 105950
161 tid 105950
Remove  tid 105950
FindTargetPageId rootid 3 tid 105950
target_page_id id: 4 tid 105950
0 1 tid 105950
170 4 tid 105950
365 2 tid 105950
161 tid 105950
Remove  tid 105950
FindTargetPageId rootid 3 tid 105950
target_page_id id: 4 tid 105950
0 1 tid 105950
170 4 tid 105950
365 2 tid 105950
161 tid 105950
Remove  tid 105950
FindTargetPageId rootid 3 tid 105950
target_page_id id: 4 tid 105950
0 1 tid 105950
170 4 tid 105950
365 2 tid 105950
161 tid 105950
Remove  tid 105950
FindTargetPageId rootid 3 tid 105950
target_page_id id: 4 tid 105950
0 1 tid 105950
170 4 tid 105950
365 2 tid 105950
161 tid 105950
Remove  tid 105950
FindTargetPageId rootid 3 tid 105950
target_page_id id: 4 tid 105950
0 1 tid 105950
170 4 tid 105950
365 2 tid 105950
161 tid 105950
Remove  tid 105950
FindTargetPageId rootid 3 tid 105951
target_page_id id: 4 tid 105951
0 1 tid 105951
170 4 tid 105951
365 2 tid 105951
161 tid 105951
Insert  tid 105951
FindTargetPageId rootid 3 tid 105951
target_page_id id: 4 tid 105951
0 1 tid 105951
170 4 tid 105951
365 2 tid 105951
161 tid 105951
Insert  tid 105951
FindTargetPageId rootid 3 tid 105951
target_page_id id: 4 tid 105951
0 1 tid 105951
170 4 tid 105951
365 2 tid 105951
161 tid 105951
Insert  tid 105951
FindTargetPageId rootid 3 tid 105949
target_page_id id: 4 tid 105949
0 1 tid 105949
170 4 tid 105949
365 2 tid 105949
161 tid 105949
Insert  tid 105949
FindTargetPageId rootid 3 tid 105949
target_page_id id: 4 tid 105949
0 1 tid 105949
170 4 tid 105949
365 2 tid 105949
162 tid 105949
Insert  tid 105949
FindTargetPageId rootid 3 tid 105949
target_page_id id: 4 tid 105949
0 1 tid 105949
170 4 tid 105949
365 2 tid 105949
163 tid 105949
Insert  tid 105949
FindTargetPageId rootid 3 tid 105949
target_page_id id: 4 tid 105949
0 1 tid 105949
170 4 tid 105949
365 2 tid 105949
164 tid 105949
Insert  tid 105949
FindTargetPageId rootid 3 tid 105951
target_page_id id: 4 tid 105951
0 1 tid 105951
170 4 tid 105951
365 2 tid 105951
165 tid 105951
Insert  tid 105951
FindTargetPageId rootid 3 tid 105951
target_page_id id: 4 tid 105951
0 1 tid 105951
170 4 tid 105951
365 2 tid 105951
165 tid 105951
Insert  tid 105951
FindTargetPageId rootid 3 tid 105949
target_page_id id: 4 tid 105949
0 1 tid 105949
170 4 tid 105949
365 2 tid 105949
165 tid 105949
Insert  tid 105949
FindTargetPageId rootid 3 tid 105950
target_page_id id: 4 tid 105950
0 1 tid 105950
170 4 tid 105950
365 2 tid 105950
166 tid 105950
Remove  tid 105950
FindTargetPageId rootid 3 tid 105951
target_page_id id: 4 tid 105951
0 1 tid 105951
170 4 tid 105951
365 2 tid 105951
166 tid 105951
Insert  tid 105951
FindTargetPageId rootid 3 tid 105949
target_page_id id: 4 tid 105949
0 1 tid 105949
170 4 tid 105949
365 2 tid 105949
166 tid 105949
Insert  tid 105949
FindTargetPageId rootid 3 tid 105949
target_page_id id: 4 tid 105949
0 1 tid 105949
170 4 tid 105949
365 2 tid 105949
167 tid 105949
Insert  tid 105949
FindTargetPageId rootid 3 tid 105949
target_page_id id: 4 tid 105949
0 1 tid 105949
170 4 tid 105949
365 2 tid 105949
168 tid 105949
Insert  tid 105949
FindTargetPageId rootid 3 tid 105949
target_page_id id: 4 tid 105949
0 1 tid 105949
170 4 tid 105949
365 2 tid 105949
169 tid 105949
Insert  tid 105949
FindTargetPageId rootid 3 tid 105949
target_page_id id: 4 tid 105949
0 1 tid 105949
170 4 tid 105949
365 2 tid 105949
170 tid 105949
Insert  tid 105949
FindTargetPageId rootid 3 tid 105951
target_page_id id: 4 tid 105951
0 1 tid 105951
170 4 tid 105951
365 2 tid 105951
171 tid 105951
Insert  tid 105951
FindTargetPageId rootid 3 tid 105950
target_page_id id: 4 tid 105950
0 1 tid 105950
170 4 tid 105950
365 2 tid 105950
171 tid 105950
Remove  tid 105950
FindTargetPageId rootid 3 tid 105949
target_page_id id: 4 tid 105949
0 1 tid 105949
170 4 tid 105949
365 2 tid 105949
171 tid 105949
Insert  tid 105949
FindTargetPageId rootid 3 tid 105951
target_page_id id: 4 tid 105951
0 1 tid 105951
170 4 tid 105951
365 2 tid 105951
172 tid 105951
Insert  tid 105951
FindTargetPageId rootid 3 tid 105950
target_page_id id: 4 tid 105950
0 1 tid 105950
170 4 tid 105950
365 2 tid 105950
172 tid 105950
Remove  tid 105950
FindTargetPageId rootid 3 tid 105949
target_page_id id: 4 tid 105949
0 1 tid 105949
170 4 tid 105949
365 2 tid 105949
172 tid 105949
Insert  tid 105949
FindTargetPageId rootid 3 tid 105951
target_page_id id: 4 tid 105951
0 1 tid 105951
170 4 tid 105951
365 2 tid 105951
173 tid 105951
FindTargetPageId rootid 3 tid 105950
target_page_id id: 4 tid 105950
0 1 tid 105950
170 4 tid 105950
365 2 tid 105950
173 tid 105950
Insert  tid 105951
Remove  tid 105950
FindTargetPageId rootid 3 tid 105951
target_page_id id: 4 tid 105951
0 1 tid 105951
170 4 tid 105951
365 2 tid 105951
173 tid 105951
FindTargetPageId rootid 3 tid 105950
target_page_id id: 4 tid 105950
0 1 tid 105950
170 4 tid 105950
365 2 tid 105950
173 tid 105950
Insert  tid 105951
FindTargetPageId rootid 3 tid 105949
target_page_id id: 4 tid 105949
0 1 tid 105949
170 4 tid 105949
365 2 tid 105949
173 tid 105949
Remove  tid 105950
Insert  tid 105949
FindTargetPageId rootid 3 tid 105950
target_page_id id: 4 tid 105950
0 1 tid 105950
170 4 tid 105950
365 2 tid 105950
174 tid 105950
Remove  tid 105950
FindTargetPageId rootid 3 tid 105950
target_page_id id: 4 tid 105950
0 1 tid 105950
170 4 tid 105950
365 2 tid 105950
174 tid 105950
Remove  tid 105950
FindTargetPageId rootid 3 tid 105950
target_page_id id: 4 tid 105950
0 1 tid 105950
170 4 tid 105950
365 2 tid 105950
174 tid 105950
Remove  tid 105950
FindTargetPageId rootid 3 tid 105949
target_page_id id: 4 tid 105949
0 1 tid 105949
170 4 tid 105949
365 2 tid 105949
174 tid 105949
Insert  tid 105949
FindTargetPageId rootid 3 tid 105951
target_page_id id: 4 tid 105951
0 1 tid 105951
170 4 tid 105951
365 2 tid 105951
175 tid 105951
Insert  tid 105951
FindTargetPageId rootid 3 tid 105950
target_page_id id: 2 tid 105950
0 1 tid 105950
170 4 tid 105950
365 2 tid 105950
128 tid 105950
Remove  tid 105950
FindTargetPageId rootid 3 tid 105949
target_page_id id: 4 tid 105949
0 1 tid 105949
170 4 tid 105949
365 2 tid 105949
176 tid 105949
Insert  tid 105949
FindTargetPageId rootid 3 tid 105951
target_page_id id: 4 tid 105951
0 1 tid 105951
170 4 tid 105951
365 2 tid 105951
177 tid 105951
Insert  tid 105951
FindTargetPageId rootid 3 tid 105951
target_page_id id: 4 tid 105951
0 1 tid 105951
170 4 tid 105951
365 2 tid 105951
178 tid 105951
Insert  tid 105951
FindTargetPageId rootid 3 tid 105951
target_page_id id: 4 tid 105951
0 1 tid 105951
170 4 tid 105951
365 2 tid 105951
178 tid 105951
Insert  tid 105951
FindTargetPageId rootid 3 tid 105951
target_page_id id: 4 tid 105951
0 1 tid 105951
170 4 tid 105951
365 2 tid 105951
178 tid 105951
Insert  tid 105951
FindTargetPageId rootid 3 tid 105951
target_page_id id: 4 tid 105951
0 1 tid 105951
170 4 tid 105951
365 2 tid 105951
178 tid 105951
Insert  tid 105951
FindTargetPageId rootid 3 tid 105951
target_page_id id: 4 tid 105951
0 1 tid 105951
170 4 tid 105951
365 2 tid 105951
178 tid 105951
Insert  tid 105951
FindTargetPageId rootid 3 tid 105951
target_page_id id: 4 tid 105951
0 1 tid 105951
170 4 tid 105951
365 2 tid 105951
178 tid 105951
Insert  tid 105951
FindTargetPageId rootid 3 tid 105951
target_page_id id: 4 tid 105951
0 1 tid 105951
170 4 tid 105951
365 2 tid 105951
178 tid 105951
Insert  tid 105951
FindTargetPageId rootid 3 tid 105951
target_page_id id: 4 tid 105951
0 1 tid 105951
170 4 tid 105951
365 2 tid 105951
178 tid 105951
Insert  tid 105951
FindTargetPageId rootid 3 tid 105951
target_page_id id: 4 tid 105951
0 1 tid 105951
170 4 tid 105951
365 2 tid 105951
178 tid 105951
Insert  tid 105951
FindTargetPageId rootid 3 tid 105951
target_page_id id: 4 tid 105951
0 1 tid 105951
170 4 tid 105951
365 2 tid 105951
178 tid 105951
Insert  tid 105951
FindTargetPageId rootid 3 tid 105951
target_page_id id: 4 tid 105951
0 1 tid 105951
170 4 tid 105951
365 2 tid 105951
178 tid 105951
Insert  tid 105951
FindTargetPageId rootid 3 tid 105951
target_page_id id: 4 tid 105951
0 1 tid 105951
170 4 tid 105951
365 2 tid 105951
178 tid 105951
Insert  tid 105951
FindTargetPageId rootid 3 tid 105951
target_page_id id: 4 tid 105951
0 1 tid 105951
170 4 tid 105951
365 2 tid 105951
178 tid 105951
Insert  tid 105951
FindTargetPageId rootid 3 tid 105951
target_page_id id: 4 tid 105951
0 1 tid 105951
170 4 tid 105951
365 2 tid 105951
178 tid 105951
Insert  tid 105951
FindTargetPageId rootid 3 tid 105951
target_page_id id: 4 tid 105951
0 1 tid 105951
170 4 tid 105951
365 2 tid 105951
178 tid 105951
Insert  tid 105951
FindTargetPageId rootid 3 tid 105951
target_page_id id: 4 tid 105951
0 1 tid 105951
170 4 tid 105951
365 2 tid 105951
178 tid 105951
Insert  tid 105951
FindTargetPageId rootid 3 tid 105951
target_page_id id: 4 tid 105951
0 1 tid 105951
170 4 tid 105951
365 2 tid 105951
178 tid 105951
Insert  tid 105951
FindTargetPageId rootid 3 tid 105951
target_page_id id: 4 tid 105951
0 1 tid 105951
170 4 tid 105951
365 2 tid 105951
178 tid 105951
Insert  tid 105951
FindTargetPageId rootid 3 tid 105951
target_page_id id: 4 tid 105951
0 1 tid 105951
170 4 tid 105951
365 2 tid 105951
179 tid 105951
Insert  tid 105951
FindTargetPageId rootid 3 tid 105951
target_page_id id: 4 tid 105951
0 1 tid 105951
170 4 tid 105951
365 2 tid 105951
180 tid 105951
Insert  tid 105951
FindTargetPageId rootid 3 tid 105951
target_page_id id: 4 tid 105951
0 1 tid 105951
170 4 tid 105951
365 2 tid 105951
181 tid 105951
Insert  tid 105951
FindTargetPageId rootid 3 tid 105951
target_page_id id: 4 tid 105951
0 1 tid 105951
170 4 tid 105951
365 2 tid 105951
182 tid 105951
Insert  tid 105951
FindTargetPageId rootid 3 tid 105951
target_page_id id: 4 tid 105951
0 1 tid 105951
170 4 tid 105951
365 2 tid 105951
183 tid 105951
Insert  tid 105951
FindTargetPageId rootid 3 tid 105951
target_page_id id: 4 tid 105951
0 1 tid 105951
170 4 tid 105951
365 2 tid 105951
184 tid 105951
Insert  tid 105951
FindTargetPageId rootid 3 tid 105951
target_page_id id: 4 tid 105951
0 1 tid 105951
170 4 tid 105951
365 2 tid 105951
185 tid 105951
Insert  tid 105951
FindTargetPageId rootid 3 tid 105951
target_page_id id: 4 tid 105951
0 1 tid 105951
170 4 tid 105951
365 2 tid 105951
186 tid 105951
Insert  tid 105951
FindTargetPageId rootid 3 tid 105949
target_page_id id: 4 tid 105949
0 1 tid 105949
170 4 tid 105949
365 2 tid 105949
187 tid 105949
Insert  tid 105949
FindTargetPageId rootid 3 tid 105950
target_page_id id: 2 tid 105950
0 1 tid 105950
170 4 tid 105950
365 2 tid 105950
128 tid 105950
Remove  tid 105950
FindTargetPageId rootid 3 tid 105950
target_page_id id: 2 tid 105950
0 1 tid 105950
170 4 tid 105950
365 2 tid 105950
128 tid 105950
Remove  tid 105950
FindTargetPageId rootid 3 tid 105950
target_page_id id: 2 tid 105950
0 1 tid 105950
170 4 tid 105950
365 2 tid 105950
128 tid 105950
Remove  tid 105950
FindTargetPageId rootid 3 tid 105949
target_page_id id: 4 tid 105949
0 1 tid 105949
170 4 tid 105949
365 2 tid 105949
187 tid 105949
Insert  tid 105949
FindTargetPageId rootid 3 tid 105951
target_page_id id: 4 tid 105951
0 1 tid 105951
170 4 tid 105951
365 2 tid 105951
187 tid 105951
Insert  tid 105951
FindTargetPageId rootid 3 tid 105951
target_page_id id: 4 tid 105951
0 1 tid 105951
170 4 tid 105951
365 2 tid 105951
188 tid 105951
Insert  tid 105951
FindTargetPageId rootid 3 tid 105951
target_page_id id: 4 tid 105951
0 1 tid 105951
170 4 tid 105951
365 2 tid 105951
189 tid 105951
Insert  tid 105951
FindTargetPageId rootid 3 tid 105950
target_page_id id: 2 tid 105950
0 1 tid 105950
170 4 tid 105950
365 2 tid 105950
128 tid 105950
Remove  tid 105950
FindTargetPageId rootid 3 tid 105949
target_page_id id: 4 tid 105949
0 1 tid 105949
170 4 tid 105949
365 2 tid 105949
190 tid 105949
Insert  tid 105949
FindTargetPageId rootid 3 tid 105951
target_page_id id: 4 tid 105951
0 1 tid 105951
170 4 tid 105951
365 2 tid 105951
190 tid 105951
Insert  tid 105951
FindTargetPageId rootid 3 tid 105951
target_page_id id: 4 tid 105951
0 1 tid 105951
170 4 tid 105951
365 2 tid 105951
191 tid 105951
Insert  tid 105951
FindTargetPageId rootid 3 tid 105951
target_page_id id: 4 tid 105951
0 1 tid 105951
170 4 tid 105951
365 2 tid 105951
192 tid 105951
Insert  tid 105951
FindTargetPageId rootid 3 tid 105951
target_page_id id: 4 tid 105951
0 1 tid 105951
170 4 tid 105951
365 2 tid 105951
193 tid 105951
Insert  tid 105951
FindTargetPageId rootid 3 tid 105950
target_page_id id: 2 tid 105950
0 1 tid 105950
170 4 tid 105950
365 2 tid 105950
128 tid 105950
Remove  tid 105950
FindTargetPageId rootid 3 tid 105950
target_page_id id: 2 tid 105950
0 1 tid 105950
170 4 tid 105950
365 2 tid 105950
128 tid 105950
Remove  tid 105950
FindTargetPageId rootid 3 tid 105950
target_page_id id: 2 tid 105950
0 1 tid 105950
170 4 tid 105950
365 2 tid 105950
128 tid 105950
Remove  tid 105950
FindTargetPageId rootid 3 tid 105949
target_page_id id: 4 tid 105949
0 1 tid 105949
170 4 tid 105949
365 2 tid 105949
194 tid 105949
Insert  tid 105949
FindTargetPageId rootid 3 tid 105949
target_page_id id: 4 tid 105949
0 1 tid 105949
170 4 tid 105949
365 2 tid 105949
194 tid 105949
Insert  tid 105949
FindTargetPageId rootid 3 tid 105950
target_page_id id: 2 tid 105950
0 1 tid 105950
170 4 tid 105950
365 2 tid 105950
128 tid 105950
Remove  tid 105950
FindTargetPageId rootid 3 tid 105951
target_page_id id: 4 tid 105951
0 1 tid 105951
170 4 tid 105951
365 2 tid 105951
194 tid 105951
Insert  tid 105951
FindTargetPageId rootid 3 tid 105949
target_page_id id: 4 tid 105949
0 1 tid 105949
170 4 tid 105949
365 2 tid 105949
195 tid 105949
Insert  tid 105949
FindTargetPageId rootid 3 tid 105950
target_page_id id: 2 tid 105950
0 1 tid 105950
170 4 tid 105950
365 2 tid 105950
128 tid 105950
Remove  tid 105950
FindTargetPageId rootid 3 tid 105951
target_page_id id: 2 tid 105951
0 1 tid 105951
170 4 tid 105951
365 2 tid 105951
128 tid 105951
Insert  tid 105951
FindTargetPageId rootid 3 tid 105949
target_page_id id: 4 tid 105949
0 1 tid 105949
170 4 tid 105949
365 2 tid 105949
195 tid 105949
Insert  tid 105949
FindTargetPageId rootid 3 tid 105949
target_page_id id: 4 tid 105949
0 1 tid 105949
170 4 tid 105949
365 2 tid 105949
195 tid 105949
Insert  tid 105949
FindTargetPageId rootid 3 tid 105950
target_page_id id: 2 tid 105950
0 1 tid 105950
170 4 tid 105950
365 2 tid 105950
129 tid 105950
Remove  tid 105950
FindTargetPageId rootid 3 tid 105951
target_page_id id: 2 tid 105951
0 1 tid 105951
170 4 tid 105951
365 2 tid 105951
129 tid 105951
Insert  tid 105951
FindTargetPageId rootid 3 tid 105949
target_page_id id: 4 tid 105949
0 1 tid 105949
170 4 tid 105949
365 2 tid 105949
195 tid 105949
Insert  tid 105949
FindTargetPageId rootid 3 tid 105950
target_page_id id: 2 tid 105950
0 1 tid 105950
170 4 tid 105950
365 2 tid 105950
130 tid 105950
Remove  tid 105950
FindTargetPageId rootid 3 tid 105951
target_page_id id: 2 tid 105951
0 1 tid 105951
170 4 tid 105951
365 2 tid 105951
130 tid 105951
Insert  tid 105951
FindTargetPageId rootid 3 tid 105949
target_page_id id: 4 tid 105949
0 1 tid 105949
170 4 tid 105949
365 2 tid 105949
195 tid 105949
Insert  tid 105949
FindTargetPageId rootid 3 tid 105949
target_page_id id: 4 tid 105949
0 1 tid 105949
170 4 tid 105949
365 2 tid 105949
195 tid 105949
Insert  tid 105949
FindTargetPageId rootid 3 tid 105949
target_page_id id: 4 tid 105949
0 1 tid 105949
170 4 tid 105949
365 2 tid 105949
195 tid 105949
Insert  tid 105949
FindTargetPageId rootid 3 tid 105949
target_page_id id: 4 tid 105949
0 1 tid 105949
170 4 tid 105949
365 2 tid 105949
195 tid 105949
Insert  tid 105949
FindTargetPageId rootid 3 tid 105951
target_page_id id: 2 tid 105951
0 1 tid 105951
170 4 tid 105951
365 2 tid 105951
131 tid 105951
Insert  tid 105951
FindTargetPageId rootid 3 tid 105950
target_page_id id: 2 tid 105950
0 1 tid 105950
170 4 tid 105950
365 2 tid 105950
132 tid 105950
Remove  tid 105950
FindTargetPageId rootid 3 tid 105950
target_page_id id: 2 tid 105950
0 1 tid 105950
170 4 tid 105950
365 2 tid 105950
132 tid 105950
Remove  tid 105950
FindTargetPageId rootid 3 tid 105951
target_page_id id: 2 tid 105951
0 1 tid 105951
170 4 tid 105951
365 2 tid 105951
132 tid 105951
Insert  tid 105951
FindTargetPageId rootid 3 tid 105949
target_page_id id: 4 tid 105949
0 1 tid 105949
170 4 tid 105949
365 2 tid 105949
195 tid 105949
Insert  tid 105949
FindTargetPageId rootid 3 tid 105950
target_page_id id: 2 tid 105950
0 1 tid 105950
170 4 tid 105950
365 2 tid 105950
133 tid 105950
Remove  tid 105950
FindTargetPageId rootid 3 tid 105951
target_page_id id: 2 tid 105951
0 1 tid 105951
170 4 tid 105951
365 2 tid 105951
133 tid 105951
Insert  tid 105951
FindTargetPageId rootid 3 tid 105949
target_page_id id: 4 tid 105949
0 1 tid 105949
170 4 tid 105949
365 2 tid 105949
195 tid 105949
Insert  tid 105949
FindTargetPageId rootid 3 tid 105950
target_page_id id: 2 tid 105950
0 1 tid 105950
170 4 tid 105950
365 2 tid 105950
134 tid 105950
Remove  tid 105950
FindTargetPageId rootid 3 tid 105951
target_page_id id: 2 tid 105951
0 1 tid 105951
170 4 tid 105951
365 2 tid 105951
134 tid 105951
Insert  tid 105951
FindTargetPageId rootid 3 tid 105949
target_page_id id: 4 tid 105949
0 1 tid 105949
170 4 tid 105949
365 2 tid 105949
195 tid 105949
Insert  tid 105949
FindTargetPageId rootid 3 tid 105949
target_page_id id: 4 tid 105949
0 1 tid 105949
170 4 tid 105949
365 2 tid 105949
195 tid 105949
Insert  tid 105949
FindTargetPageId rootid 3 tid 105951
target_page_id id: 2 tid 105951
0 1 tid 105951
170 4 tid 105951
365 2 tid 105951
135 tid 105951
Insert  tid 105951
FindTargetPageId rootid 3 tid 105950
target_page_id id: 2 tid 105950
0 1 tid 105950
170 4 tid 105950
365 2 tid 105950
136 tid 105950
FindTargetPageId rootid 3 tid 105949
target_page_id id: 2 tid 105949
0 1 tid 105949
170 4 tid 105949
365 2 tid 105949
136 tid 105949
Remove  tid 105950
FindTargetPageId rootid 3 tid 105950
target_page_id id: 2 tid 105950
0 1 tid 105950
170 4 tid 105950
365 2 tid 105950
136 tid 105950
Insert  tid 105949
FindTargetPageId rootid 3 tid Remove 105949 tid 
target_page_id id: 2 tid 105949
0 1 tid 105949
170 4 tid 105949
365 2 tid 105949
105950
136 tid 105949
Insert  tid 105949
FindTargetPageId rootid 3 tid 105949
target_page_id id: 2 tid 105949
0 1 tid 105949
170 4 tid 105949
365 2 tid 105949
136 tid 105949
Insert  tid 105949
FindTargetPageId rootid 3 tid 105949
target_page_id id: 2 tid 105949
0 1 tid 105949
170 4 tid 105949
365 2 tid 105949
136 tid 105949
Insert  tid 105949
FindTargetPageId rootid 3 tid 105949
target_page_id id: 2 tid 105949
0 1 tid 105949
170 4 tid 105949
365 2 tid 105949
136 tid 105949
Insert  tid 105949
FindTargetPageId rootid 3 tid 105949
target_page_id id: 2 tid 105949
0 1 tid 105949
170 4 tid 105949
365 2 tid 105949
136 tid 105949
Insert  tid 105949
FindTargetPageId rootid 3 tid 105949
target_page_id id: 2 tid 105949
0 1 tid 105949
170 4 tid 105949
365 2 tid 105949
136 tid 105949
Insert  tid 105949
FindTargetPageId rootid 3 tid 105949
target_page_id id: 2 tid 105949
0 1 tid 105949
170 4 tid 105949
365 2 tid 105949
136 tid 105949
Insert  tid 105949
FindTargetPageId rootid 3 tid 105949
target_page_id id: 2 tid 105949
0 1 tid 105949
170 4 tid 105949
365 2 tid 105949
136 tid 105949
Insert  tid 105949
FindTargetPageId rootid 3 tid 105951
target_page_id id: 2 tid 105951
0 1 tid 105951
170 4 tid 105951
365 2 tid 105951
137 tid 105951
Insert  tid 105951
FindTargetPageId rootid 3 tid 105950
target_page_id id: 2 tid 105950
0 1 tid 105950
170 4 tid 105950
365 2 tid 105950
137 tid 105950
Remove  tid 105950
FindTargetPageId rootid 3 tid 105949
target_page_id id: 2 tid 105949
0 1 tid 105949
170 4 tid 105949
365 2 tid 105949
137 tid 105949
Insert  tid 105949
FindTargetPageId rootid 3 tid 105949
target_page_id id: 2 tid 105949
0 1 tid 105949
170 4 tid 105949
365 2 tid 105949
138 tid 105949
Insert  tid 105949
FindTargetPageId rootid 3 tid 105949
target_page_id id: 2 tid 105949
0 1 tid 105949
170 4 tid 105949
365 2 tid 105949
139 tid 105949
Insert  tid 105949
FindTargetPageId rootid 3 tid 105949
target_page_id id: 2 tid 105949
0 1 tid 105949
170 4 tid 105949
365 2 tid 105949
140 tid 105949
Insert  tid 105949
FindTargetPageId rootid 3 tid 105950
target_page_id id: 2 tid 105950
0 1 tid 105950
170 4 tid 105950
365 2 tid 105950
141 tid 105950
Remove  tid 105950
FindTargetPageId rootid 3 tid 105951
target_page_id id: 2 tid 105951
0 1 tid 105951
170 4 tid 105951
365 2 tid 105951
141 tid 105951
Insert  tid 105951
FindTargetPageId rootid 3 tid 105951
target_page_id id: 2 tid 105951
0 1 tid 105951
170 4 tid 105951
365 2 tid 105951
141 tid 105951
Insert  tid 105951
FindTargetPageId rootid 3 tid 105951
target_page_id id: 2 tid 105951
0 1 tid 105951
170 4 tid 105951
365 2 tid 105951
141 tid 105951
Insert  tid 105951
FindTargetPageId rootid 3 tid 105951
target_page_id id: 2 tid 105951
0 1 tid 105951
170 4 tid 105951
365 2 tid 105951
141 tid 105951
Insert  tid 105951
FindTargetPageId rootid 3 tid 105951
target_page_id id: 2 tid 105951
0 1 tid 105951
170 4 tid 105951
365 2 tid 105951
141 tid 105951
Insert  tid 105951
FindTargetPageId rootid 3 tid 105951
target_page_id id: 2 tid 105951
0 1 tid 105951
170 4 tid 105951
365 2 tid 105951
142 tid 105951
Insert  tid 105951
FindTargetPageId rootid 3 tid 105951
target_page_id id: 2 tid 105951
0 1 tid 105951
170 4 tid 105951
365 2 tid 105951
143 tid 105951
Insert  tid 105951
FindTargetPageId rootid 3 tid 105951
target_page_id id: 2 tid 105951
0 1 tid 105951
170 4 tid 105951
365 2 tid 105951
144 tid 105951
Insert  tid 105951
FindTargetPageId rootid 3 tid 105951
target_page_id id: 2 tid 105951
0 1 tid 105951
170 4 tid 105951
365 2 tid 105951
145 tid 105951
Insert  tid 105951
FindTargetPageId rootid 3 tid 105949
target_page_id id: 2 tid 105949
0 1 tid 105949
170 4 tid 105949
365 2 tid 105949
146 tid 105949
FindTargetPageId rootid 3 tid 105950
target_page_id id: 2 tid 105950
Insert 0 tid  1 tid 105950
170 4 tid 105950
365 2 tid 105950
146 tid 105950
105949
Remove  tid 105950
FindTargetPageId rootid 3 tid 105949
target_page_id id: 2 tid 105949
0 1 tid 105949
170 4 tid 105949
365 2 tid 105949
146 tid 105949
Insert  tid 105949
FindTargetPageId rootid 3 tid 105950
target_page_id id: 2 tid 105950
0 1 tid 105950
170 4 tid 105950
365 2 tid 105950
146 tid 105950
Remove  tid 105950
FindTargetPageId rootid 3 tid 105950
target_page_id id: 2 tid 105950
0 1 tid 105950
170 4 tid 105950
365 2 tid 105950
146 tid 105950
Remove  tid 105950
FindTargetPageId rootid 3 tid 105951
target_page_id id: 2 tid 105951
0 1 tid 105951
170 4 tid 105951
365 2 tid 105951
146 tid 105951
Insert  tid 105951
FindTargetPageId rootid 3 tid 105951
target_page_id id: 2 tid 105951
0 1 tid 105951
170 4 tid 105951
365 2 tid 105951
147 tid 105951
Insert  tid 105951
FindTargetPageId rootid 3 tid 105950
target_page_id id: 2 tid 105950
0 1 tid 105950
170 4 tid 105950
365 2 tid 105950
148 tid 105950
Remove  tid 105950
FindTargetPageId rootid 3 tid 105950
target_page_id id: 2 tid 105950
0 1 tid 105950
170 4 tid 105950
365 2 tid 105950
148 tid 105950
Remove  tid 105950
FindTargetPageId rootid 3 tid 105950
target_page_id id: 2 tid 105950
0 1 tid 105950
170 4 tid 105950
365 2 tid 105950
148 tid 105950
Remove  tid 105950
FindTargetPageId rootid 3 tid 105951
target_page_id id: 2 tid 105951
0 1 tid 105951
170 4 tid 105951
365 2 tid 105951
148 tid 105951
Insert  tid 105951
FindTargetPageId rootid 3 tid 105949
target_page_id id: 2 tid 105949
0 1 tid 105949
170 4 tid 105949
365 2 tid 105949
149 tid 105949
Insert  tid 105949
FindTargetPageId rootid 3 tid 105949
target_page_id id: 2 tid 105949
0 1 tid 105949
170 4 tid 105949
365 2 tid 105949
149 tid 105949
Insert  tid 105949
FindTargetPageId rootid 3 tid 105951
target_page_id id: 2 tid 105951
0 1 tid 105951
170 4 tid 105951
365 2 tid 105951
149 tid 105951
Insert  tid 105951
FindTargetPageId rootid 3 tid 105951
target_page_id id: 2 tid 105951
0 1 tid 105951
170 4 tid 105951
365 2 tid 105951
150 tid 105951
Insert  tid 105951
FindTargetPageId rootid 3 tid 105951
target_page_id id: 2 tid 105951
0 1 tid 105951
170 4 tid 105951
365 2 tid 105951
151 tid 105951
Insert  tid 105951
FindTargetPageId rootid 3 tid 105951
target_page_id id: 2 tid 105951
0 1 tid 105951
170 4 tid 105951
365 2 tid 105951
152 tid 105951
Insert  tid 105951
FindTargetPageId rootid 3 tid 105951
target_page_id id: 2 tid 105951
0 1 tid 105951
170 4 tid 105951
365 2 tid 105951
153 tid 105951
Insert  tid 105951
FindTargetPageId rootid 3 tid 105951
target_page_id id: 2 tid 105951
0 1 tid 105951
170 4 tid 105951
365 2 tid 105951
154 tid 105951
Insert  tid 105951
FindTargetPageId rootid 3 tid 105950
target_page_id id: 2 tid 105950
0 1 tid 105950
170 4 tid 105950
365 2 tid 105950
155 tid 105950
Remove  tid 105950
FindTargetPageId rootid 3 tid 105950
target_page_id id: 2 tid 105950
0 1 tid 105950
170 4 tid 105950
365 2 tid 105950
154 tid 105950
FindTargetPageId rootid 3 tid 105949
target_page_id id: 2 tid 105949
0 1 tid 105949
170 4 tid 105949
365 2 tid 105949
Remove  tid 105950
154 tid 105949
Insert  tid 105949
FindTargetPageId rootid 3 tid 105949
target_page_id id: 2 tid 105949
0 1 tid 105949
170 4 tid 105949
365 2 tid 105949
154 tid 105949
Insert  tid 105949
FindTargetPageId rootid 3 tid 105950
target_page_id id: 2 tid 105950
0 1 tid 105950
170 4 tid 105950
365 2 tid 105950
154 tid 105950
Remove  tid 105950
FindTargetPageId rootid 3 tid 105950
target_page_id id: 2 tid 105950
0 1 tid 105950
170 4 tid 105950
365 2 tid 105950
154 tid 105950
Remove  tid 105950
FindTargetPageId rootid 3 tid 105951
target_page_id id: 2 tid 105951
0 1 tid 105951
170 4 tid 105951
365 2 tid 105951
154 tid 105951
Insert  tid 105951
FindTargetPageId rootid 3 tid 105951
target_page_id id: 2 tid 105951
0 1 tid 105951
170 4 tid 105951
365 2 tid 105951
155 tid 105951
Insert  tid 105951
FindTargetPageId rootid 3 tid 105951
target_page_id id: 2 tid 105951
0 1 tid 105951
170 4 tid 105951
365 2 tid 105951
156 tid 105951
Insert  tid 105951
FindTargetPageId rootid 3 tid 105951
target_page_id id: 2 tid 105951
0 1 tid 105951
170 4 tid 105951
365 2 tid 105951
157 tid 105951
Insert  tid 105951
FindTargetPageId rootid 3 tid 105951
target_page_id id: 2 tid 105951
0 1 tid 105951
170 4 tid 105951
365 2 tid 105951
158 tid 105951
Insert  tid 105951
FindTargetPageId rootid 3 tid 105951
target_page_id id: 2 tid 105951
0 1 tid 105951
170 4 tid 105951
365 2 tid 105951
159 tid 105951
Insert  tid 105951
FindTargetPageId rootid 3 tid 105951
target_page_id id: 2 tid 105951
0 1 tid 105951
170 4 tid 105951
365 2 tid 105951
160 tid 105951
Insert  tid 105951
FindTargetPageId rootid 3 tid 105951
target_page_id id: 2 tid 105951
0 1 tid 105951
170 4 tid 105951
365 2 tid 105951
161 tid 105951
Insert  tid 105951
FindTargetPageId rootid 3 tid 105950
target_page_id id: 2 tid 105950
0 1 tid 105950
170 4 tid 105950
365 2 tid 105950
162 tid 105950
Remove  tid 105950
FindTargetPageId rootid 3 tid 105950
target_page_id id: 2 tid 105950
0 1 tid 105950
170 4 tid 105950
365 2 tid 105950
161 tid 105950
Remove  tid 105950
FindTargetPageId rootid 3 tid 105950
target_page_id id: 2 tid 105950
0 1 tid 105950
170 4 tid 105950
365 2 tid 105950
160 tid 105950
Remove  tid 105950
FindTargetPageId rootid 3 tid 105949
target_page_id id: 2 tid 105949
0 1 tid 105949
170 4 tid 105949
365 2 tid 105949
159 tid 105949
Insert  tid 105949
FindTargetPageId rootid 3 tid 105949
target_page_id id: 2 tid 105949
0 1 tid 105949
170 4 tid 105949
365 2 tid 105949
159 tid 105949
Insert  tid 105949
FindTargetPageId rootid 3 tid 105949
target_page_id id: 2 tid 105949
0 1 tid 105949
170 4 tid 105949
365 2 tid 105949
159 tid 105949
Insert  tid 105949
FindTargetPageId rootid 3 tid 105949
target_page_id id: 2 tid 105949
0 1 tid 105949
170 4 tid 105949
365 2 tid 105949
159 tid 105949
Insert  tid 105949
FindTargetPageId rootid 3 tid 105950
target_page_id id: 2 tid 105950
0 1 tid 105950
170 4 tid 105950
365 2 tid 105950
159 tid 105950
Remove  tid 105950
FindTargetPageId rootid 3 tid 105950
target_page_id id: 2 tid 105950
0 1 tid 105950
170 4 tid 105950
365 2 tid 105950
158 tid 105950
Remove  tid 105950
FindTargetPageId rootid 3 tid 105950
target_page_id id: 2 tid 105950
0 1 tid 105950
170 4 tid 105950
365 2 tid 105950
157 tid 105950
Remove  tid 105950
FindTargetPageId rootid 3 tid 105950
target_page_id id: 2 tid 105950
0 1 tid 105950
170 4 tid 105950
365 2 tid 105950
157 tid 105950
Remove  tid 105950
FindTargetPageId rootid 3 tid 105951
target_page_id id: 2 tid 105951
0 1 tid 105951
170 4 tid 105951
365 2 tid 105951
157 tid 105951
Insert  tid 105951
FindTargetPageId rootid 3 tid 105951
target_page_id id: 2 tid 105951
0 1 tid 105951
170 4 tid 105951
365 2 tid 105951
158 tid 105951
Insert  tid 105951
FindTargetPageId rootid 3 tid 105951
target_page_id id: 2 tid 105951
0 1 tid 105951
170 4 tid 105951
365 2 tid 105951
159 tid 105951
Insert  tid 105951
FindTargetPageId rootid 3 tid 105951
target_page_id id: 2 tid 105951
0 1 tid 105951
170 4 tid 105951
365 2 tid 105951
160 tid 105951
Insert  tid 105951
FindTargetPageId rootid 3 tid 105951
target_page_id id: 2 tid 105951
0 1 tid 105951
170 4 tid 105951
365 2 tid 105951
161 tid 105951
Insert  tid 105951
FindTargetPageId rootid 3 tid 105951
target_page_id id: 2 tid 105951
0 1 tid 105951
170 4 tid 105951
365 2 tid 105951
162 tid 105951
Insert  tid 105951
FindTargetPageId rootid 3 tid 105951
target_page_id id: 2 tid 105951
0 1 tid 105951
170 4 tid 105951
365 2 tid 105951
163 tid 105951
Insert  tid 105951
FindTargetPageId rootid 3 tid 105951
target_page_id id: 2 tid 105951
0 1 tid 105951
170 4 tid 105951
365 2 tid 105951
164 tid 105951
Insert  tid 105951
FindTargetPageId rootid 3 tid 105951
target_page_id id: 2 tid 105951
0 1 tid 105951
170 4 tid 105951
365 2 tid 105951
165 tid 105951
Insert  tid 105951
FindTargetPageId rootid 3 tid 105951
target_page_id id: 2 tid 105951
0 1 tid 105951
170 4 tid 105951
365 2 tid 105951
166 tid 105951
Insert  tid 105951
FindTargetPageId rootid 3 tid 105951
target_page_id id: 2 tid 105951
0 1 tid 105951
170 4 tid 105951
365 2 tid 105951
167 tid 105951
Insert  tid 105951
FindTargetPageId rootid 3 tid 105951
target_page_id id: 2 tid 105951
0 1 tid 105951
170 4 tid 105951
365 2 tid 105951
168 tid 105951
Insert  tid 105951
FindTargetPageId rootid 3 tid 105951
target_page_id id: 2 tid 105951
0 1 tid 105951
170 4 tid 105951
365 2 tid 105951
169 tid 105951
Insert  tid 105951
FindTargetPageId rootid 3 tid 105951
target_page_id id: 2 tid 105951
0 1 tid 105951
170 4 tid 105951
365 2 tid 105951
170 tid 105951
Insert  tid 105951
FindTargetPageId rootid 3 tid 105951
target_page_id id: 2 tid 105951
0 1 tid 105951
170 4 tid 105951
365 2 tid 105951
171 tid 105951
Insert  tid 105951
FindTargetPageId rootid 3 tid 105951
target_page_id id: 2 tid 105951
0 1 tid 105951
170 4 tid 105951
365 2 tid 105951
172 tid 105951
Insert  tid 105951
FindTargetPageId rootid 3 tid 105951
target_page_id id: 2 tid 105951
0 1 tid 105951
170 4 tid 105951
365 2 tid 105951
173 tid 105951
Insert  tid 105951
FindTargetPageId rootid 3 tid 105951
target_page_id id: 2 tid 105951
0 1 tid 105951
170 4 tid 105951
365 2 tid 105951
174 tid 105951
Insert  tid 105951
FindTargetPageId rootid 3 tid 105951
target_page_id id: 2 tid 105951
0 1 tid 105951
170 4 tid 105951
365 2 tid 105951
175 tid 105951
Insert  tid 105951
FindTargetPageId rootid 3 tid 105951
target_page_id id: 2 tid 105951
0 1 tid 105951
170 4 tid 105951
365 2 tid 105951
176 tid 105951
Insert  tid 105951
FindTargetPageId rootid 3 tid 105949
target_page_id id: 2 tid 105949
0 1 tid 105949
170 4 tid 105949
365 2 tid 105949
177 tid 105949
Insert  tid 105949
FindTargetPageId rootid 3 tid 105950
target_page_id id: 2 tid 105950
0 1 tid 105950
170 4 tid 105950
365 2 tid 105950
177 tid 105950
Remove  tid 105950
FindTargetPageId rootid 3 tid 105951
target_page_id id: 2 tid 105951
0 1 tid 105951
170 4 tid 105951
365 2 tid 105951
176 tid 105951
Insert  tid 105951
FindTargetPageId rootid 3 tid 105949
target_page_id id: 2 tid 105949
0 1 tid 105949
170 4 tid 105949
365 2 tid 105949
177 tid 105949
Insert  tid 105949
FindTargetPageId rootid 3 tid 105950
target_page_id id: 2 tid 105950
0 1 tid 105950
170 4 tid 105950
365 2 tid 105950
177 tid 105950
Remove  tid 105950
FindTargetPageId rootid 3 tid 105950
target_page_id id: 2 tid 105950
0 1 tid 105950
170 4 tid 105950
365 2 tid 105950
176 tid 105950
Remove  tid 105950
FindTargetPageId rootid 3 tid 105950
target_page_id id: 2 tid 105950
0 1 tid 105950
170 4 tid 105950
365 2 tid 105950
175 tid 105950
Remove  tid 105950
FindTargetPageId rootid 3 tid 105949
target_page_id id: 2 tid 105949
0 1 tid 105949
170 4 tid 105949
365 2 tid 105949
174 tid 105949
Insert  tid 105949
FindTargetPageId rootid 3 tid 105951
target_page_id id: 2 tid 105951
0 1 tid 105951
170 4 tid 105951
365 2 tid 105951
174 tid 105951
Insert  tid 105951
FindTargetPageId rootid 3 tid 105951
target_page_id id: 2 tid 105951
0 1 tid 105951
170 4 tid 105951
365 2 tid 105951
175 tid 105951
Insert  tid 105951
FindTargetPageId rootid 3 tid 105951
target_page_id id: 2 tid 105951
0 1 tid 105951
170 4 tid 105951
365 2 tid 105951
176 tid 105951
FindTargetPageId rootid 3 tid 105949
target_page_id id: Insert 2 tid  tid 105949105951

0 1 tid 105949
170 4 tid 105949
365 2 tid 105949
177 tid 105949
FindTargetPageId rootid 3Insert  tid  tid 105951
105949
target_page_id id: 2 tid 105951
0 1 tid 105951
170 4 tid 105951
365 2 tid 105951
178 tid 105951
Insert  tid 105951
FindTargetPageId rootid 3 tid 105950
target_page_id id: 2 tid 105950
0 1 tid 105950
170 4 tid 105950
365 2 tid 105950
179 tid 105950
Remove  tid 105950
FindTargetPageId rootid 3 tid 105949
target_page_id id: 2 tid 105949
0 1 tid 105949
170 4 tid 105949
365 2 tid 105949
178 tid 105949
Insert  tid 105949
FindTargetPageId rootid 3 tid 105951
target_page_id id: 2 tid 105951
0 1 tid 105951
170 4 tid 105951
365 2 tid 105951
178 tid 105951
Insert  tid 105951
FindTargetPageId rootid 3 tid 105950
target_page_id id: 2 tid 105950
0 1 tid 105950
170 4 tid 105950
365 2 tid 105950
179 tid 105950
Remove  tid 105950
FindTargetPageId rootid 3 tid 105949
target_page_id id: 2 tid 105949
0 1 tid 105949
170 4 tid 105949
365 2 tid 105949
178 tid 105949
Insert  tid 105949
FindTargetPageId rootid 3 tid 105949
target_page_id id: 2 tid 105949
0 1 tid 105949
170 4 tid 105949
365 2 tid 105949
178 tid 105949
Insert  tid 105949
FindTargetPageId rootid 3 tid 105950
target_page_id id: 2 tid 105950
0 1 tid 105950
170 4 tid 105950
365 2 tid 105950
178 tid 105950
Remove  tid 105950
FindTargetPageId rootid 3 tid 105951
target_page_id id: 2 tid 105951
0 1 tid 105951
170 4 tid 105951
365 2 tid 105951
177 tid 105951
Insert  tid 105951
FindTargetPageId rootid 3 tid 105951
target_page_id id: 2 tid 105951
0 1 tid 105951
170 4 tid 105951
365 2 tid 105951
178 tid 105951
Insert  tid 105951
FindTargetPageId rootid 3 tid 105950
target_page_id id: 2 tid 105950
0 1 tid 105950
170 4 tid 105950
365 2 tid 105950
179 tid 105950
Remove  tid 105950
FindTargetPageId rootid 3 tid 105949
target_page_id id: 2 tid 105949
0 1 tid 105949
170 4 tid 105949
365 2 tid 105949
178 tid 105949
Insert  tid 105949
FindTargetPageId rootid 3 tid 105951
target_page_id id: 2 tid 105951
0 1 tid 105951
170 4 tid 105951
365 2 tid 105951
179 tid 105951
Insert  tid 105951
FindTargetPageId rootid 3 tid 105950
target_page_id id: 2 tid 105950
0 1 tid 105950
170 4 tid 105950
365 2 tid 105950
180 tid 105950
Remove  tid 105950
FindTargetPageId rootid 3 tid 105949
target_page_id id: 2 tid 105949
0 1 tid 105949
170 4 tid 105949
365 2 tid 105949
179 tid 105949
Insert  tid 105949
FindTargetPageId rootid 3 tid 105949
target_page_id id: 2 tid 105949
0 1 tid 105949
170 4 tid 105949
365 2 tid 105949
180 tid 105949
Insert  tid 105949
FindTargetPageId rootid 3 tid 105949
target_page_id id: 2 tid 105949
0 1 tid 105949
170 4 tid 105949
365 2 tid 105949
181 tid 105949
Insert  tid 105949
FindTargetPageId rootid 3 tid 105949
target_page_id id: 2 tid 105949
0 1 tid 105949
170 4 tid 105949
365 2 tid 105949
182 tid 105949
Insert  tid 105949
FindTargetPageId rootid 3 tid 105949
target_page_id id: 2 tid 105949
0 1 tid 105949
170 4 tid 105949
365 2 tid 105949
183 tid 105949
Insert  tid 105949
FindTargetPageId rootid 3 tid 105949
target_page_id id: 2 tid 105949
0 1 tid 105949
170 4 tid 105949
365 2 tid 105949
183 tid 105949
Insert  tid 105949
FindTargetPageId rootid 3 tid 105950
target_page_id id: 2 tid 105950
0 1 tid 105950
170 4 tid 105950
365 2 tid 105950
183 tid 105950
Remove  tid 105950
FindTargetPageId rootid 3 tid 105950
target_page_id id: 2 tid 105950
0 1 tid 105950
170 4 tid 105950
365 2 tid 105950
182 tid 105950
Remove  tid 105950
FindTargetPageId rootid 3 tid 105950
target_page_id id: 2 tid 105950
0 1 tid 105950
170 4 tid 105950
365 2 tid 105950
181 tid 105950
Remove  tid 105950
FindTargetPageId rootid 3 tid 105951
target_page_id id: 2 tid 105951
0 1 tid 105951
170 4 tid 105951
365 2 tid 105951
180 tid 105951
Insert  tid 105951
FindTargetPageId rootid 3 tid 105949
target_page_id id: 2 tid 105949
0 1 tid 105949
170 4 tid 105949
365 2 tid 105949
181 tid 105949
Insert  tid 105949
FindTargetPageId rootid 3 tid 105949
target_page_id id: 2 tid 105949
0 1 tid 105949
170 4 tid 105949
365 2 tid 105949
182 tid 105949
Insert  tid 105949
FindTargetPageId rootid 3 tid 105949
target_page_id id: 2 tid 105949
0 1 tid 105949
170 4 tid 105949
365 2 tid 105949
183 tid 105949
Insert  tid 105949
FindTargetPageId rootid 3 tid 105950
target_page_id id: 2 tid 105950
0 1 tid 105950
170 4 tid 105950
365 2 tid 105950
184 tid 105950
Remove  tid 105950
FindTargetPageId rootid 3 tid 105951
target_page_id id: 2 tid 105951
0 1 tid 105951
170 4 tid 105951
365 2 tid 105951
183 tid 105951
Insert  tid 105951
FindTargetPageId rootid 3 tid 105951
target_page_id id: 2 tid 105951
0 1 tid 105951
170 4 tid 105951
365 2 tid 105951
184 tid 105951
Insert  tid 105951
FindTargetPageId rootid 3 tid 105951
target_page_id id: 2 tid 105951
0 1 tid 105951
170 4 tid 105951
365 2 tid 105951
185 tid 105951
Insert  tid 105951
FindTargetPageId rootid 3 tid 105949
target_page_id id: 2 tid 105949
0 1 tid 105949
170 4 tid 105949
365 2 tid 105949
186 tid 105949
Insert  tid 105949
FindTargetPageId rootid 3 tid 105949
target_page_id id: 2 tid 105949
0 1 tid 105949
170 4 tid 105949
365 2 tid 105949
187 tid 105949
Insert  tid 105949
FindTargetPageId rootid 3 tid 105949
target_page_id id: 2 tid 105949
0 1 tid 105949
170 4 tid 105949
365 2 tid 105949
188 tid 105949
Insert  tid 105949
FindTargetPageId rootid 3 tid 105949
target_page_id id: 2 tid 105949
0 1 tid 105949
170 4 tid 105949
365 2 tid 105949
189 tid 105949
Insert  tid 105949
FindTargetPageId rootid 3 tid 105951
target_page_id id: 2 tid 105951
0 1 tid 105951
170 4 tid 105951
365 2 tid 105951
190 tid 105951
Insert  tid 105951
FindTargetPageId rootid 3 tid 105950
target_page_id id: 2 tid 105950
0 1 tid 105950
170 4 tid 105950
365 2 tid 105950
191 tid 105950
Remove  tid 105950
FindTargetPageId rootid 3 tid 105950
target_page_id id: 2 tid 105950
0 1 tid 105950
170 4 tid 105950
365 2 tid 105950
190 tid 105950
Remove  tid 105950
FindTargetPageId rootid 3 tid 105949
target_page_id id: 2 tid 105949
0 1 tid 105949
170 4 tid 105949
365 2 tid 105949
189 tid 105949
Insert  tid 105949
FindTargetPageId rootid 3 tid 105951
target_page_id id: 2 tid 105951
0 1 tid 105951
170 4 tid 105951
365 2 tid 105951
190 tid 105951
Insert  tid 105951
FindTargetPageId rootid 3 tid 105950
target_page_id id: 2 tid 105950
0 1 tid 105950
170 4 tid 105950
365 2 tid 105950
191 tid 105950
Remove  tid 105950
FindTargetPageId rootid 3 tid 105949
target_page_id id: 2 tid 105949
0 1 tid 105949
170 4 tid 105949
365 2 tid 105949
190 tid 105949
Insert  tid 105949
FindTargetPageId rootid 3 tid 105951
target_page_id id: 2 tid 105951
0 1 tid 105951
170 4 tid 105951
365 2 tid 105951
191 tid 105951
Insert  tid 105951
FindTargetPageId rootid 3 tid 105950
target_page_id id: 2 tid 105950
0 1 tid 105950
170 4 tid 105950
365 2 tid 105950
192 tid 105950
Remove  tid 105950
FindTargetPageId rootid 3 tid 105949
target_page_id id: 2 tid 105949
0 1 tid 105949
170 4 tid 105949
365 2 tid 105949
191 tid 105949
Insert  tid 105949
FindTargetPageId rootid 3 tid 105949
target_page_id id: 2 tid 105949
0 1 tid 105949
170 4 tid 105949
365 2 tid 105949
192 tid 105949
Insert  tid 105949
FindTargetPageId rootid 3 tid 105950
target_page_id id: 2 tid 105950
0 1 tid 105950
170 4 tid 105950
365 2 tid 105950
193 tid 105950
Remove  tid 105950
FindTargetPageId rootid 3 tid 105951
target_page_id id: 2 tid 105951
0 1 tid 105951
170 4 tid 105951
365 2 tid 105951
192 tid 105951
Insert  tid 105951
FindTargetPageId rootid 3 tid 105949
target_page_id id: 2 tid 105949
0 1 tid 105949
170 4 tid 105949
365 2 tid 105949
193 tid 105949
Insert  tid 105949
FindTargetPageId rootid 3 tid 105949
target_page_id id: 2 tid 105949
0 1 tid 105949
170 4 tid 105949
365 2 tid 105949
194 tid 105949
Insert  tid 105949
FindTargetPageId rootid 3 tid 105949
target_page_id id: 2 tid 105949
0 1 tid 105949
170 4 tid 105949
365 2 tid 105949
195 tid 105949
Insert  tid 105949
FindTargetPageId rootid 3 tid 105949
target_page_id id: 2 tid 105949
0 1 tid 105949
170 4 tid 105949
365 2 tid 105949
196 tid 105949
Insert  tid 105949
FindTargetPageId rootid 3 tid 105949
target_page_id id: 2 tid 105949
0 1 tid 105949
170 4 tid 105949
365 2 tid 105949
197 tid 105949
Insert  tid 105949
FindTargetPageId rootid 3 tid 105949
target_page_id id: 2 tid 105949
0 1 tid 105949
170 4 tid 105949
365 2 tid 105949
198 tid 105949
Insert  tid 105949
FindTargetPageId rootid 3 tid 105949
target_page_id id: 2 tid 105949
0 1 tid 105949
170 4 tid 105949
365 2 tid 105949
199 tid 105949
Insert  tid 105949
FindTargetPageId rootid 3 tid 105949
target_page_id id: 2 tid 105949
0 1 tid 105949
170 4 tid 105949
365 2 tid 105949
200 tid 105949
FindTargetPageId rootid 3 tid 105951
target_page_id id: 2 tid 105951
0 1 tid 105951
170 4 tid 105951
365 2 tid 105951
200 tid 105951
Insert  tid 105951
FindTargetPageId rootid 3 tid 105951
target_page_id id: 2 tid 105951
0 1 tid 105951
170 4 tid 105951
365 2 tid 105951
201 tid 105951
Insert  tid 105951
FindTargetPageId rootid 3 tid 105951
target_page_id id: 2 tid 105951
0 1 tid 105951
170 4 tid 105951
365 2 tid 105951
202 tid 105951
Insert  tid 105951
Insert  tid 105949
FindTargetPageId rootid 3 tid 105951
target_page_id id: 2 tid 105951
0 1 tid 105951
170 4 tid 105951
365 2 tid 105951
203 tid 105951
Insert  tid 105951
FindTargetPageId rootid 3 tid 105951
target_page_id id: 2 tid 105951
0 1 tid 105951
170 4 tid 105951
365 2 tid 105951
204 tid 105951
Insert  tid 105951
FindTargetPageId rootid 3 tid 105951
target_page_id id: 2 tid 105951
0 1 tid 105951
170 4 tid 105951
365 2 tid 105951
205 tid 105951
Insert  tid 105951
FindTargetPageId rootid 3 tid 105950
target_page_id id: 2 tid 105950
0 1 tid 105950
170 4 tid 105950
365 2 tid 105950
206 tid 105950
Remove  tid 105950
FindTargetPageId rootid 3 tid 105949
target_page_id id: 2 tid 105949
0 1 tid 105949
170 4 tid 105949
365 2 tid 105949
205 tid 105949
Insert  tid 105949
FindTargetPageId rootid 3 tid 105949
target_page_id id: 2 tid 105949
0 1 tid 105949
170 4 tid 105949
365 2 tid 105949
205 tid 105949
Insert  tid 105949
FindTargetPageId rootid 3 tid 105949
target_page_id id: 2 tid 105949
0 1 tid 105949
170 4 tid 105949
365 2 tid 105949
205 tid 105949
Insert  tid 105949
FindTargetPageId rootid 3 tid 105949
target_page_id id: 2 tid 105949
0 1 tid 105949
170 4 tid 105949
365 2 tid 105949
205 tid 105949
Insert  tid 105949
FindTargetPageId rootid 3 tid 105949
target_page_id id: 2 tid 105949
0 1 tid 105949
170 4 tid 105949
365 2 tid 105949
205 tid 105949
Insert  tid 105949
FindTargetPageId rootid 3 tid 105949
target_page_id id: 2 tid 105949
0 1 tid 105949
170 4 tid 105949
365 2 tid 105949
205 tid 105949
Insert  tid 105949
FindTargetPageId rootid 3 tid 105951
target_page_id id: 2 tid 105951
0 1 tid 105951
170 4 tid 105951
365 2 tid 105951
205 tid 105951
Insert  tid 105951
FindTargetPageId rootid 3 tid 105950
target_page_id id: 2 tid 105950
0 1 tid 105950
170 4 tid 105950
365 2 tid 105950
206 tid 105950
FindTargetPageId rootid 3 tid 105949
target_page_id id: 2 tid 105949
0 1 tid 105949
170 4 tid 105949
365 2 tid 105949
205 tid 105949
Remove  tid 105950
Insert  tid 105949
FindTargetPageId rootid 3 tid 105950
target_page_id id: 2 tid 105950
0 1 tid 105950
170 4 tid 105950
365 2 tid 105950
205 tid 105950
Remove  tid 105950
FindTargetPageId rootid 3 tid 105950
target_page_id id: 2 tid 105950
0 1 tid 105950
170 4 tid 105950
365 2 tid 105950
204 tid 105950
Remove  tid 105950
FindTargetPageId rootid 3 tid 105950
target_page_id id: 2 tid 105950
0 1 tid 105950
170 4 tid 105950
365 2 tid 105950
203 tid 105950
Remove  tid 105950
FindTargetPageId rootid 3 tid 105951
target_page_id id: 2 tid 105951
0 1 tid 105951
170 4 tid 105951
365 2 tid 105951
202 tid 105951
Insert  tid 105951
FindTargetPageId rootid 3 tid 105949
target_page_id id: 2 tid 105949
0 1 tid 105949
170 4 tid 105949
365 2 tid 105949
203 tid 105949
Insert  tid 105949
FindTargetPageId rootid 3 tid 105949
target_page_id id: 2 tid 105949
0 1 tid 105949
170 4 tid 105949
365 2 tid 105949
203 tid 105949
FindTargetPageId rootid 3 tid 105951
Insert target_page_id id:  tid 2 tid 105951
0 1 tid 105951
170 4 tid 105951
365 2 tid 105951
105949
203 tid 105951
Insert  tid 105951
FindTargetPageId rootid 3 tid 105950
target_page_id id: 2 tid 105950
0 1 tid 105950
170 4 tid 105950
365 2 tid 105950
204 tid 105950
Remove  tid 105950
FindTargetPageId rootid 3 tid 105950
target_page_id id: 2 tid 105950
0 1 tid 105950
170 4 tid 105950
365 2 tid 105950
203 tid 105950
Remove  tid 105950
FindTargetPageId rootid 3 tid 105951
target_page_id id: 2 tid 105951
0 1 tid 105951
170 4 tid 105951
365 2 tid 105951
202 tid 105951
Insert  tid 105951
FindTargetPageId rootid 3 tid 105951
target_page_id id: 2 tid 105951
0 1 tid 105951
170 4 tid 105951
365 2 tid 105951
203 tid 105951
Insert  tid 105951
FindTargetPageId rootid 3 tid 105950
target_page_id id: 2 tid 105950
0 1 tid 105950
170 4 tid 105950
365 2 tid 105950
204 tid 105950
Remove  tid 105950
FindTargetPageId rootid 3 tid 105949
target_page_id id: 2 tid 105949
0 1 tid 105949
170 4 tid 105949
365 2 tid 105949
203 tid 105949
Insert  tid 105949
FindTargetPageId rootid 3 tid 105951
target_page_id id: 2 tid 105951
0 1 tid 105951
170 4 tid 105951
365 2 tid 105951
203 tid 105951
Insert  tid 105951
FindTargetPageId rootid 3 tid 105950
target_page_id id: 2 tid 105950
0 1 tid 105950
170 4 tid 105950
365 2 tid 105950
204 tid 105950
Remove  tid 105950
FindTargetPageId rootid 3 tid 105949
target_page_id id: 2 tid 105949
0 1 tid 105949
170 4 tid 105949
365 2 tid 105949
203 tid 105949
Insert  tid 105949
FindTargetPageId rootid 3 tid 105951
target_page_id id: 2 tid 105951
0 1 tid 105951
170 4 tid 105951
365 2 tid 105951
203 tid 105951
Insert  tid 105951
FindTargetPageId rootid 3 tid 105950
target_page_id id: 2 tid 105950
0 1 tid 105950
170 4 tid 105950
365 2 tid 105950
204 tid 105950
FindTargetPageId rootid 3 tid 105949
target_page_id id: 2 tid 105949
0 1 tid 105949
170 4 tid 105949Remove  tid 105950

365 2 tid 105949
203 tid 105949
Insert  tid 105949
FindTargetPageId rootid 3 tid 105951
target_page_id id: 2 tid 105951
0 1 tid 105951
170 4 tid 105951
365 2 tid 105951
203 tid 105951
Insert  tid 105951
FindTargetPageId rootid 3 tid 105951
target_page_id id: 2 tid 105951
0 1 tid 105951
170 4 tid 105951
365 2 tid 105951
204 tid 105951
Insert  tid 105951
FindTargetPageId rootid 3 tid 105951
target_page_id id: 2 tid 105951
0 1 tid 105951
170 4 tid 105951
365 2 tid 105951
205 tid 105951
Insert  tid 105951
FindTargetPageId rootid 3 tid 105949
target_page_id id: 2 tid 105949
0 1 tid 105949
170 4 tid 105949
365 2 tid 105949
206 tid 105949
Insert  tid 105949
FindTargetPageId rootid 3 tid 105949
target_page_id id: 2 tid 105949
0 1 tid 105949
170 4 tid 105949
365 2 tid 105949
206 tid 105949
Insert  tid 105949
FindTargetPageId rootid 3 tid 105949
target_page_id id: 2 tid 105949
0 1 tid 105949
170 4 tid 105949
365 2 tid 105949
206 tid 105949
Insert  tid 105949
FindTargetPageId rootid 3 tid 105949
target_page_id id: 2 tid 105949
0 1 tid 105949
170 4 tid 105949
365 2 tid 105949
206 tid 105949
Insert  tid 105949
FindTargetPageId rootid 3 tid 105949
target_page_id id: 2 tid 105949
0 1 tid 105949
170 4 tid 105949
365 2 tid 105949
206 tid 105949
Insert  tid 105949
FindTargetPageId rootid 3 tid 105949
target_page_id id: 2 tid 105949
0 1 tid 105949
170 4 tid 105949
365 2 tid 105949
206 tid 105949
Insert  tid 105949
FindTargetPageId rootid 3 tid 105949
target_page_id id: 2 tid 105949
0 1 tid 105949
170 4 tid 105949
365 2 tid 105949
206 tid 105949
Insert  tid 105949
FindTargetPageId rootid 3 tid 105949
target_page_id id: 2 tid 105949
0 1 tid 105949
170 4 tid 105949
365 2 tid 105949
206 tid 105949
Insert  tid 105949
FindTargetPageId rootid 3 tid 105949
target_page_id id: 2 tid 105949
0 1 tid 105949
170 4 tid 105949
365 2 tid 105949
206 tid 105949
Insert  tid 105949
FindTargetPageId rootid 3 tid 105949
target_page_id id: 2 tid 105949
0 1 tid 105949
170 4 tid 105949
365 2 tid 105949
206 tid 105949
Insert  tid 105949
FindTargetPageId rootid 3 tid 105949
target_page_id id: 2 tid 105949
0 1 tid 105949
170 4 tid 105949
365 2 tid 105949
206 tid 105949
Insert  tid 105949
FindTargetPageId rootid 3 tid 105949
target_page_id id: 2 tid 105949
0 1 tid 105949
170 4 tid 105949
365 2 tid 105949
206 tid 105949
Insert  tid 105949
FindTargetPageId rootid 3 tid 105951
target_page_id id: 2 tid 105951
0 1 tid 105951
170 4 tid 105951
365 2 tid 105951
206 tid 105951
Insert  tid 105951
FindTargetPageId rootid 3 tid 105951
target_page_id id: 2 tid 105951
0 1 tid 105951
170 4 tid 105951
365 2 tid 105951
207 tid 105951
Insert  tid 105951
FindTargetPageId rootid 3 tid 105950
target_page_id id: 2 tid 105950
0 1 tid 105950
170 4 tid 105950
365 2 tid 105950
208 tid 105950
Remove  tid 105950
FindTargetPageId rootid 3 tid 105950
target_page_id id: 2 tid 105950
0 1 tid 105950
170 4 tid 105950
365 2 tid 105950
207 tid 105950
Remove  tid 105950
FindTargetPageId rootid 3 tid 105950
target_page_id id: 2 tid 105950
0 1 tid 105950
170 4 tid 105950
365 2 tid 105950
206 tid 105950
Remove  tid 105950
FindTargetPageId rootid 3 tid 105950
target_page_id id: 2 tid 105950
0 1 tid 105950
170 4 tid 105950
365 2 tid 105950
205 tid 105950
Remove  tid 105950
FindTargetPageId rootid 3 tid 105949
target_page_id id: 2 tid 105949
0 1 tid 105949
170 4 tid 105949
365 2 tid 105949
204 tid 105949
Insert  tid 105949
FindTargetPageId rootid 3 tid 105949
target_page_id id: 2 tid 105949
0 1 tid 105949
170 4 tid 105949
365 2 tid 105949
204 tid 105949
Insert  tid 105949
FindTargetPageId rootid 3 tid 105951
target_page_id id: 2 tid 105951
0 1 tid 105951
170 4 tid 105951
365 2 tid 105951
204 tid 105951
Insert  tid 105951
FindTargetPageId rootid 3 tid 105951
target_page_id id: 2 tid 105951
0 1 tid 105951
170 4 tid 105951
365 2 tid 105951
205 tid 105951
Insert  tid 105951
FindTargetPageId rootid 3 tid 105950
target_page_id id: 2 tid 105950
0 1 tid 105950
170 4 tid 105950
365 2 tid 105950
206 tid 105950
Remove  tid 105950
FindTargetPageId rootid 3 tid 105950
target_page_id id: 2 tid 105950
0 1 tid 105950
170 4 tid 105950
365 2 tid 105950
205 tid 105950
Remove  tid 105950
FindTargetPageId rootid 3 tid 105950
target_page_id id: 2 tid 105950
0 1 tid 105950
170 4 tid 105950
365 2 tid 105950
204 tid 105950
Remove  tid 105950
FindTargetPageId rootid 3 tid 105951
target_page_id id: 2 tid 105951
0 1 tid 105951
170 4 tid 105951
365 2 tid 105951
203 tid 105951
Insert  tid 105951
FindTargetPageId rootid 3 tid 105951
target_page_id id: 2 tid 105951
0 1 tid 105951
170 4 tid 105951
365 2 tid 105951
204 tid 105951
Insert  tid 105951
FindTargetPageId rootid 3 tid 105950
target_page_id id: 2 tid 105950
0 1 tid 105950
170 4 tid 105950
365 2 tid 105950
205 tid 105950
Remove  tid 105950
FindTargetPageId rootid 3 tid 105949
target_page_id id: 2 tid 105949
0 1 tid 105949
170 4 tid 105949
365 2 tid 105949
204 tid 105949
Insert  tid 105949
FindTargetPageId rootid 3 tid 105951
target_page_id id: 2 tid 105951
0 1 tid 105951
170 4 tid 105951
365 2 tid 105951
204 tid 105951
FindTargetPageId rootid 3 tid 105950
target_page_id id: 2 tid 105950
0 1 tid 105950
170 4 tid 105950
365 2 tid 105950
205 tid 105950
Insert  tid 105951
Remove  tid 105950
FindTargetPageId rootid 3 tid 105949
target_page_id id: 2 tid 105949
0 1 tid 105949
170 4 tid 105949
365 2 tid 105949
204 tid 105949
Insert  tid 105949
FindTargetPageId rootid 3 tid 105951
target_page_id id: 2 tid 105951
0 1 tid 105951
170 4 tid 105951
365 2 tid 105951
204 tid 105951
Insert  tid 105951
FindTargetPageId rootid 3 tid 105950
target_page_id id: 2 tid 105950
0 1 tid 105950
170 4 tid 105950
365 2 tid 105950
205 tid 105950
Remove  tid 105950
FindTargetPageId rootid 3 tid 105950
target_page_id id: 2 tid 105950
0 1 tid 105950
170 4 tid 105950
365 2 tid 105950
204 tid 105950
Remove  tid 105950
FindTargetPageId rootid 3 tid 105950
target_page_id id: 2 tid 105950
0 1 tid 105950
170 4 tid 105950
365 2 tid 105950
203 tid 105950
Remove  tid 105950
FindTargetPageId rootid 3 tid 105950
target_page_id id: 2 tid 105950
0 1 tid 105950
170 4 tid 105950
365 2 tid 105950
202 tid 105950
Remove  tid 105950
FindTargetPageId rootid 3 tid 105949
target_page_id id: 2 tid 105949
0 1 tid 105949
170 4 tid 105949
365 2 tid 105949
201 tid 105949
Insert  tid 105949
FindTargetPageId rootid 3 tid 105949
target_page_id id: 2 tid 105949
0 1 tid 105949
170 4 tid 105949
365 2 tid 105949
201 tid 105949
Insert  tid 105949
FindTargetPageId rootid 3 tid 105949
target_page_id id: 2 tid 105949
0 1 tid 105949
170 4 tid 105949
365 2 tid 105949
201 tid 105949
Insert  tid 105949
FindTargetPageId rootid 3 tid 105951
target_page_id id: 2 tid 105951
0 1 tid 105951
170 4 tid 105951
365 2 tid 105951
201 tid 105951
Insert  tid 105951
FindTargetPageId rootid 3 tid 105950
target_page_id id: 2 tid 105950
0 1 tid 105950
170 4 tid 105950
365 2 tid 105950
202 tid 105950
Remove  tid 105950
FindTargetPageId rootid 3 tid 105949
target_page_id id: 2 tid 105949
0 1 tid 105949
170 4 tid 105949
365 2 tid 105949
201 tid 105949
Insert  tid 105949
FindTargetPageId rootid 3 tid 105949
target_page_id id: 2 tid 105949
0 1 tid 105949
170 4 tid 105949
365 2 tid 105949
201 tid 105949
Insert  tid 105949
FindTargetPageId rootid 3 tid 105949
target_page_id id: 2 tid 105949
0 1 tid 105949
170 4 tid 105949
365 2 tid 105949
201 tid 105949
Insert  tid 105949
FindTargetPageId rootid 3 tid 105949
target_page_id id: 2 tid 105949
0 1 tid 105949
170 4 tid 105949
365 2 tid 105949
201 tid 105949
Insert  tid 105949
FindTargetPageId rootid 3 tid 105949
target_page_id id: 2 tid 105949
0 1 tid 105949
170 4 tid 105949
365 2 tid 105949
201 tid 105949
Insert  tid 105949
FindTargetPageId rootid 3 tid 105949
target_page_id id: 2 tid 105949
0 1 tid 105949
170 4 tid 105949
365 2 tid 105949
201 tid 105949
Insert  tid 105949
FindTargetPageId rootid 3 tid 105949
target_page_id id: 2 tid 105949
0 1 tid 105949
170 4 tid 105949
365 2 tid 105949
201 tid 105949
Insert  tid 105949
FindTargetPageId rootid 3 tid 105949
target_page_id id: 2 tid 105949
0 1 tid 105949
170 4 tid 105949
365 2 tid 105949
201 tid 105949
Insert  tid 105949
FindTargetPageId rootid 3 tid 105949
target_page_id id: 2 tid 105949
0 1 tid 105949
170 4 tid 105949
365 2 tid 105949
201 tid 105949
Insert  tid 105949
FindTargetPageId rootid 3 tid 105949
target_page_id id: 2 tid 105949
0 1 tid 105949
170 4 tid 105949
365 2 tid 105949
201 tid 105949
Insert  tid 105949
FindTargetPageId rootid 3 tid 105949
target_page_id id: 2 tid 105949
0 1 tid 105949
170 4 tid 105949
365 2 tid 105949
201 tid 105949
Insert  tid 105949
FindTargetPageId rootid 3 tid 105949
target_page_id id: 2 tid 105949
0 1 tid 105949
170 4 tid 105949
365 2 tid 105949
202 tid 105949
Insert  tid 105949
FindTargetPageId rootid 3 tid 105949
target_page_id id: 2 tid 105949
0 1 tid 105949
170 4 tid 105949
365 2 tid 105949
203 tid 105949
Insert  tid 105949
FindTargetPageId rootid 3 tid 105949
target_page_id id: 2 tid 105949
0 1 tid 105949
170 4 tid 105949
365 2 tid 105949
204 tid 105949
Insert  tid 105949
FindTargetPageId rootid 3 tid 105949
target_page_id id: 2 tid 105949
0 1 tid 105949
170 4 tid 105949
365 2 tid 105949
205 tid 105949
Insert  tid 105949
FindTargetPageId rootid 3 tid 105949
target_page_id id: 2 tid 105949
0 1 tid 105949
170 4 tid 105949
365 2 tid 105949
206 tid 105949
Insert  tid 105949
FindTargetPageId rootid 3 tid 105949
target_page_id id: 2 tid 105949
0 1 tid 105949
170 4 tid 105949
365 2 tid 105949
207 tid 105949
Insert  tid 105949
FindTargetPageId rootid 3 tid 105949
target_page_id id: 2 tid 105949
0 1 tid 105949
170 4 tid 105949
365 2 tid 105949
208 tid 105949
Insert  tid 105949
FindTargetPageId rootid 3 tid 105949
target_page_id id: 2 tid 105949
0 1 tid 105949
170 4 tid 105949
365 2 tid 105949
209 tid 105949
Insert  tid 105949
FindTargetPageId rootid 3 tid 105949
target_page_id id: 2 tid 105949
0 1 tid 105949
170 4 tid 105949
365 2 tid 105949
210 tid 105949
Insert  tid 105949
FindTargetPageId rootid 3 tid 105949
target_page_id id: 2 tid 105949
0 1 tid 105949
170 4 tid 105949
365 2 tid 105949
211 tid 105949
Insert  tid 105949
FindTargetPageId rootid 3 tid 105949
target_page_id id: 2 tid 105949
0 1 tid 105949
170 4 tid 105949
365 2 tid 105949
212 tid 105949
Insert  tid 105949
FindTargetPageId rootid 3 tid 105949
target_page_id id: 2 tid 105949
0 1 tid 105949
170 4 tid 105949
365 2 tid 105949
213 tid 105949
Insert  tid 105949
FindTargetPageId rootid 3 tid 105951
target_page_id id: 2 tid 105951
0 1 tid 105951
170 4 tid 105951
365 2 tid 105951
214 tid 105951
Insert  tid 105951
FindTargetPageId rootid 3 tid 105950
target_page_id id: 2 tid 105950
0 1 tid 105950
170 4 tid 105950
365 2 tid 105950
214 tid 105950
Remove  tid 105950
FindTargetPageId rootid 3 tid 105949
target_page_id id: 2 tid 105949
0 1 tid 105949
170 4 tid 105949
365 2 tid 105949
213 tid 105949
Insert  tid 105949
FindTargetPageId rootid 3 tid 105951
target_page_id id: 2 tid 105951
0 1 tid 105951
170 4 tid 105951
365 2 tid 105951
214 tid 105951
Insert  tid 105951
FindTargetPageId rootid 3 tid 105951
target_page_id id: 2 tid 105951
0 1 tid 105951
170 4 tid 105951
365 2 tid 105951
214 tid 105951
Insert  tid 105951
FindTargetPageId rootid 3 tid 105949
target_page_id id: 2 tid 105949
0 1 tid 105949
170 4 tid 105949
365 2 tid 105949
214 tid 105949
Insert  tid 105949
FindTargetPageId rootid 3 tid 105950
target_page_id id: 2 tid 105950
0 1 tid 105950
170 4 tid 105950
365 2 tid 105950
215 tid 105950
Remove  tid 105950
FindTargetPageId rootid 3 tid 105951
target_page_id id: 2 tid 105951
0 1 tid 105951
170 4 tid 105951
365 2 tid 105951
214 tid 105951
Insert  tid 105951
FindTargetPageId rootid 3 tid 105951
target_page_id id: 2 tid 105951
0 1 tid 105951
170 4 tid 105951
365 2 tid 105951
214 tid 105951
Insert  tid 105951
FindTargetPageId rootid 3 tid 105951
target_page_id id: 2 tid 105951
0 1 tid 105951
170 4 tid 105951
365 2 tid 105951
214 tid 105951
Insert  tid 105951
FindTargetPageId rootid 3 tid 105951
target_page_id id: 2 tid 105951
0 1 tid 105951
170 4 tid 105951
365 2 tid 105951
214 tid 105951
Insert  tid 105951
FindTargetPageId rootid 3 tid 105951
target_page_id id: 2 tid 105951
0 1 tid 105951
170 4 tid 105951
365 2 tid 105951
214 tid 105951
Insert  tid 105951
FindTargetPageId rootid 3 tid 105951
target_page_id id: 2 tid 105951
0 1 tid 105951
170 4 tid 105951
365 2 tid 105951
214 tid 105951
Insert  tid 105951
FindTargetPageId rootid 3 tid 105951
target_page_id id: 2 tid 105951
0 1 tid 105951
170 4 tid 105951
365 2 tid 105951
214 tid 105951
Insert  tid 105951
FindTargetPageId rootid 3 tid 105951
target_page_id id: 2 tid 105951
0 1 tid 105951
170 4 tid 105951
365 2 tid 105951
214 tid 105951
Insert  tid 105951
FindTargetPageId rootid 3 tid 105951
target_page_id id: 2 tid 105951
0 1 tid 105951
170 4 tid 105951
365 2 tid 105951
214 tid 105951
Insert  tid 105951
FindTargetPageId rootid 3 tid 105951
target_page_id id: 2 tid 105951
0 1 tid 105951
170 4 tid 105951
365 2 tid 105951
214 tid 105951
Insert  tid 105951
FindTargetPageId rootid 3 tid 105951
target_page_id id: 2 tid 105951
0 1 tid 105951
170 4 tid 105951
365 2 tid 105951
214 tid 105951
Insert  tid 105951
FindTargetPageId rootid 3 tid 105951
target_page_id id: 2 tid 105951
0 1 tid 105951
170 4 tid 105951
365 2 tid 105951
214 tid 105951
Insert  tid 105951
FindTargetPageId rootid 3 tid 105950
target_page_id id: 2 tid 105950
0 1 tid 105950
170 4 tid 105950
365 2 tid 105950
214 tid 105950
Remove  tid 105950
FindTargetPageId rootid 3 tid 105950
target_page_id id: 2 tid 105950
0 1 tid 105950
170 4 tid 105950
365 2 tid 105950
213 tid 105950
Remove  tid 105950
FindTargetPageId rootid 3 tid 105950
target_page_id id: 2 tid 105950
0 1 tid 105950
170 4 tid 105950
365 2 tid 105950
212 tid 105950
Remove  tid 105950
FindTargetPageId rootid 3 tid 105950
target_page_id id: 2 tid 105950
0 1 tid 105950
170 4 tid 105950
365 2 tid 105950
211 tid 105950
Remove  tid 105950
FindTargetPageId rootid 3 tid 105950
target_page_id id: 2 tid 105950
0 1 tid 105950
170 4 tid 105950
365 2 tid 105950
210 tid 105950
Remove  tid 105950
FindTargetPageId rootid 3 tid 105950
target_page_id id: 2 tid 105950
0 1 tid 105950
170 4 tid 105950
365 2 tid 105950
209 tid 105950
Remove  tid 105950
FindTargetPageId rootid 3 tid 105951
target_page_id id: 2 tid 105951
0 1 tid 105951
170 4 tid 105951
365 2 tid 105951
208 tid 105951
Insert  tid 105951
FindTargetPageId rootid 3 tid 105949
target_page_id id: 2 tid 105949
0 1 tid 105949
170 4 tid 105949
365 2 tid 105949
209 tid 105949
Insert  tid 105949
FindTargetPageId rootid 3 tid 105950
target_page_id id: 2 tid 105950
0 1 tid 105950
170 4 tid 105950
365 2 tid 105950
209 tid 105950
Remove  tid 105950
FindTargetPageId rootid 3 tid 105950
target_page_id id: 2 tid 105950
0 1 tid 105950
170 4 tid 105950
365 2 tid 105950
208 tid 105950
Remove  tid 105950
FindTargetPageId rootid 3 tid 105950
target_page_id id: 2 tid 105950
0 1 tid 105950
170 4 tid 105950
365 2 tid 105950
207 tid 105950
Remove  tid 105950
FindTargetPageId rootid 3 tid 105950
target_page_id id: 2 tid 105950
0 1 tid 105950
170 4 tid 105950
365 2 tid 105950
206 tid 105950
Remove  tid 105950
FindTargetPageId rootid 3 tid 105950
target_page_id id: 2 tid 105950
0 1 tid 105950
170 4 tid 105950
365 2 tid 105950
205 tid 105950
Remove  tid 105950
FindTargetPageId rootid 3 tid 105951
target_page_id id: 2 tid 105951
0 1 tid 105951
170 4 tid 105951
365 2 tid 105951
204 tid 105951
Insert  tid 105951
FindTargetPageId rootid 3 tid 105951
target_page_id id: 2 tid 105951
0 1 tid 105951
170 4 tid 105951
365 2 tid 105951
205 tid 105951
Insert  tid 105951
FindTargetPageId rootid 3 tid 105951
target_page_id id: 2 tid 105951
0 1 tid 105951
170 4 tid 105951
365 2 tid 105951
206 tid 105951
Insert  tid 105951
FindTargetPageId rootid 3 tid 105949
target_page_id id: 2 tid 105949
0 1 tid 105949
170 4 tid 105949
365 2 tid 105949
207 tid 105949
Insert  tid 105949
FindTargetPageId rootid 3 tid 105949
target_page_id id: 2 tid 105949
0 1 tid 105949
170 4 tid 105949
365 2 tid 105949
207 tid 105949
Insert  tid 105949
FindTargetPageId rootid 3 tid 105949
target_page_id id: 2 tid 105949
0 1 tid 105949
170 4 tid 105949
365 2 tid 105949
207 tid 105949
Insert  tid 105949
FindTargetPageId rootid 3 tid 105951
target_page_id id: 2 tid 105951
0 1 tid 105951
170 4 tid 105951
365 2 tid 105951
207 tid 105951
Insert  tid 105951
FindTargetPageId rootid 3 tid 105951
target_page_id id: 2 tid 105951
0 1 tid 105951
170 4 tid 105951
365 2 tid 105951
208 tid 105951
Insert  tid 105951
FindTargetPageId rootid 3 tid 105951
target_page_id id: 2 tid 105951
0 1 tid 105951
170 4 tid 105951
365 2 tid 105951
209 tid 105951
Insert  tid 105951
FindTargetPageId rootid 3 tid 105951
target_page_id id: 2 tid 105951
0 1 tid 105951
170 4 tid 105951
365 2 tid 105951
210 tid 105951
Insert  tid 105951
FindTargetPageId rootid 3 tid 105951
target_page_id id: 2 tid 105951
0 1 tid 105951
170 4 tid 105951
365 2 tid 105951
211 tid 105951
Insert  tid 105951
FindTargetPageId rootid 3 tid 105950
target_page_id id: 2 tid 105950
0 1 tid 105950
170 4 tid 105950
365 2 tid 105950
212 tid 105950
Remove  tid 105950
FindTargetPageId rootid 3 tid 105950
target_page_id id: 2 tid 105950
0 1 tid 105950
170 4 tid 105950
365 2 tid 105950
211 tid 105950
Remove  tid 105950
FindTargetPageId rootid 3 tid 105950
target_page_id id: 2 tid 105950
0 1 tid 105950
170 4 tid 105950
365 2 tid 105950
210 tid 105950
Remove  tid 105950
FindTargetPageId rootid 3 tid 105949
target_page_id id: 2 tid 105949
0 1 tid 105949
170 4 tid 105949
365 2 tid 105949
209 tid 105949
Insert  tid 105949
FindTargetPageId rootid 3 tid 105949
target_page_id id: 2 tid 105949
0 1 tid 105949
170 4 tid 105949
365 2 tid 105949
209 tid 105949
Insert  tid 105949
FindTargetPageId rootid 3 tid 105950
target_page_id id: 2 tid 105950
0 1 tid 105950
170 4 tid 105950
365 2 tid 105950
209 tid 105950
Remove  tid 105950
FindTargetPageId rootid 3 tid 105951
target_page_id id: 2 tid 105951
0 1 tid 105951
170 4 tid 105951
365 2 tid 105951
208 tid 105951
Insert  tid 105951
FindTargetPageId rootid 3 tid 105949
target_page_id id: 2 tid 105949
0 1 tid 105949
170 4 tid 105949
365 2 tid 105949
209 tid 105949
Insert  tid 105949
FindTargetPageId rootid 3 tid 105949
target_page_id id: 2 tid 105949
0 1 tid 105949
170 4 tid 105949
365 2 tid 105949
209 tid 105949
Insert  tid 105949
FindTargetPageId rootid 3 tid 105949
target_page_id id: 2 tid 105949
0 1 tid 105949
170 4 tid 105949
365 2 tid 105949
209 tid 105949
Insert  tid 105949
FindTargetPageId rootid 3 tid 105949
target_page_id id: 2 tid 105949
0 1 tid 105949
170 4 tid 105949
365 2 tid 105949
209 tid 105949
Insert  tid 105949
FindTargetPageId rootid 3 tid 105951
target_page_id id: 2 tid 105951
0 1 tid 105951
170 4 tid 105951
365 2 tid 105951
209 tid 105951
Insert  tid 105951
FindTargetPageId rootid 3 tid 105951
target_page_id id: 2 tid 105951
0 1 tid 105951
170 4 tid 105951
365 2 tid 105951
210 tid 105951
Insert  tid 105951
FindTargetPageId rootid 3 tid 105951
target_page_id id: 2 tid 105951
0 1 tid 105951
170 4 tid 105951
365 2 tid 105951
211 tid 105951
Insert  tid 105951
FindTargetPageId rootid 3 tid 105951
target_page_id id: 2 tid 105951
0 1 tid 105951
170 4 tid 105951
365 2 tid 105951
212 tid 105951
Insert  tid 105951
FindTargetPageId rootid 3 tid 105949
target_page_id id: 2 tid 105949
0 1 tid 105949
170 4 tid 105949
365 2 tid 105949
213 tid 105949
Insert  tid 105949
FindTargetPageId rootid 3 tid 105950
target_page_id id: 2 tid 105950
0 1 tid 105950
170 4 tid 105950
365 2 tid 105950
213 tid 105950
Remove  tid 105950
FindTargetPageId rootid 3 tid 105951
target_page_id id: 2 tid 105951
0 1 tid 105951
170 4 tid 105951
365 2 tid 105951
212 tid 105951
Insert  tid 105951
FindTargetPageId rootid 3 tid 105951
target_page_id id: 2 tid 105951
0 1 tid 105951
170 4 tid 105951
365 2 tid 105951
213 tid 105951
Insert  tid 105951
FindTargetPageId rootid 3 tid 105951
target_page_id id: 2 tid 105951
0 1 tid 105951
170 4 tid 105951
365 2 tid 105951
214 tid 105951
Insert  tid 105951
FindTargetPageId rootid 3 tid 105949
target_page_id id: 2 tid 105949
0 1 tid 105949
170 4 tid 105949
365 2 tid 105949
215 tid 105949
Insert  tid 105949
FindTargetPageId rootid 3 tid 105950
target_page_id id: 2 tid 105950
0 1 tid 105950
170 4 tid 105950
365 2 tid 105950
215 tid 105950
Remove  tid 105950
FindTargetPageId rootid 3 tid 105950
target_page_id id: 2 tid 105950
0 1 tid 105950
170 4 tid 105950
365 2 tid 105950
214 tid 105950
Remove  tid 105950
FindTargetPageId rootid 3 tid 105949
target_page_id id: 2 tid 105949
0 1 tid 105949
170 4 tid 105949
365 2 tid 105949
213 tid 105949
Insert  tid 105949
FindTargetPageId rootid 3 tid 105949
target_page_id id: 2 tid 105949
0 1 tid 105949
170 4 tid 105949
365 2 tid 105949
213 tid 105949
Insert  tid 105949
FindTargetPageId rootid 3 tid 105950
target_page_id id: 2 tid 105950
0 1 tid 105950
170 4 tid 105950
365 2 tid 105950
213 tid 105950
Remove  tid 105950
FindTargetPageId rootid 3 tid 105951
target_page_id id: 2 tid 105951
0 1 tid 105951
170 4 tid 105951
365 2 tid 105951
212 tid 105951
Insert  tid 105951
FindTargetPageId rootid 3 tid 105951
target_page_id id: 2 tid 105951
0 1 tid 105951
170 4 tid 105951
365 2 tid 105951
213 tid 105951
Insert  tid 105951
FindTargetPageId rootid 3 tid 105950
target_page_id id: 2 tid 105950
0 1 tid 105950
170 4 tid 105950
365 2 tid 105950
214 tid 105950
Remove  tid 105950
FindTargetPageId rootid 3 tid 105949
target_page_id id: 2 tid 105949
0 1 tid 105949
170 4 tid 105949
365 2 tid 105949
213 tid 105949
Insert  tid 105949
FindTargetPageId rootid 3 tid 105951
target_page_id id: 2 tid 105951
0 1 tid 105951
170 4 tid 105951
365 2 tid 105951
213 tid 105951
Insert  tid 105951
FindTargetPageId rootid 3 tid 105950
target_page_id id: 2 tid 105950
0 1 tid 105950
170 4 tid 105950
365 2 tid 105950
214 tid 105950
Remove  tid 105950
FindTargetPageId rootid 3 tid 105949
target_page_id id: 2 tid 105949
0 1 tid 105949
170 4 tid 105949
365 2 tid 105949
213 tid 105949
Insert  tid 105949
FindTargetPageId rootid 3 tid 105951
target_page_id id: 2 tid 105951
0 1 tid 105951
170 4 tid 105951
365 2 tid 105951
213 tid 105951
Insert  tid 105951
FindTargetPageId rootid 3 tid 105951
target_page_id id: 2 tid 105951
0 1 tid 105951
170 4 tid 105951
365 2 tid 105951
214 tid 105951
Insert  tid 105951
FindTargetPageId rootid 3 tid 105951
target_page_id id: 2 tid 105951
0 1 tid 105951
170 4 tid 105951
365 2 tid 105951
215 tid 105951
Insert  tid 105951
FindTargetPageId rootid 3 tid 105951
target_page_id id: 2 tid 105951
0 1 tid 105951
170 4 tid 105951
365 2 tid 105951
216 tid 105951
Insert  tid 105951
FindTargetPageId rootid 3 tid 105950
target_page_id id: 2 tid 105950
0 1 tid 105950
170 4 tid 105950
365 2 tid 105950
217 tid 105950
Remove  tid 105950
FindTargetPageId rootid 3 tid 105949
target_page_id id: 2 tid 105949
0 1 tid 105949
170 4 tid 105949
365 2 tid 105949
216 tid 105949
Insert  tid 105949
FindTargetPageId rootid 3 tid 105951
target_page_id id: 2 tid 105951
0 1 tid 105951
170 4 tid 105951
365 2 tid 105951
216 tid 105951
Insert  tid 105951
FindTargetPageId rootid 3 tid 105950
target_page_id id: 2 tid 105950
0 1 tid 105950
170 4 tid 105950
365 2 tid 105950
217 tid 105950
Remove  tid 105950
FindTargetPageId rootid 3 tid 105949
target_page_id id: 2 tid 105949
0 1 tid 105949
170 4 tid 105949
365 2 tid 105949
216 tid 105949
Insert  tid 105949
FindTargetPageId rootid 3 tid 105951
target_page_id id: 2 tid 105951
0 1 tid 105951
170 4 tid 105951
365 2 tid 105951
216 tid 105951
Insert  tid 105951
FindTargetPageId rootid 3 tid 105950
target_page_id id: 2 tid 105950
0 1 tid 105950
170 4 tid 105950
365 2 tid 105950
217 tid 105950
Remove  tid 105950
FindTargetPageId rootid 3 tid 105950
target_page_id id: 2 tid 105950
0 1 tid 105950
170 4 tid 105950
365 2 tid 105950
216 tid 105950
Remove  tid 105950
FindTargetPageId rootid 3 tid 105951
target_page_id id: 2 tid 105951
0 1 tid 105951
170 4 tid 105951
365 2 tid 105951
215 tid 105951
Insert  tid 105951
FindTargetPageId rootid 3 tid 105949
target_page_id id: 2 tid 105949
0 1 tid 105949
170 4 tid 105949
365 2 tid 105949
216 tid 105949
Insert  tid 105949
FindTargetPageId rootid 3 tid 105950
target_page_id id: 2 tid 105950
0 1 tid 105950
170 4 tid 105950
365 2 tid 105950
216 tid 105950
Remove  tid 105950
FindTargetPageId rootid 3 tid 105950
target_page_id id: 2 tid 105950
0 1 tid 105950
170 4 tid 105950
365 2 tid 105950
215 tid 105950
Remove  tid 105950
FindTargetPageId rootid 3 tid 105949
target_page_id id: 2 tid 105949
0 1 tid 105949
170 4 tid 105949
365 2 tid 105949
214 tid 105949
Insert  tid 105949
FindTargetPageId rootid 3 tid 105949
target_page_id id: 2 tid 105949
0 1 tid 105949
170 4 tid 105949
365 2 tid 105949
214 tid 105949
Insert  tid 105949
FindTargetPageId rootid 3 tid 105949
target_page_id id: 2 tid 105949
0 1 tid 105949
170 4 tid 105949
365 2 tid 105949
214 tid 105949
Insert  tid 105949
FindTargetPageId rootid 3 tid 105949
target_page_id id: 2 tid 105949
0 1 tid 105949
170 4 tid 105949
365 2 tid 105949
214 tid 105949
Insert  tid 105949
FindTargetPageId rootid 3 tid 105949
target_page_id id: 2 tid 105949
0 1 tid 105949
170 4 tid 105949
365 2 tid 105949
214 tid 105949
Insert  tid 105949
FindTargetPageId rootid 3 tid 105950
target_page_id id: 2 tid 105950
0 1 tid 105950
170 4 tid 105950
365 2 tid 105950
214 tid 105950
Remove  tid 105950
FindTargetPageId rootid 3 tid 105950
target_page_id id: 2 tid 105950
0 1 tid 105950
170 4 tid 105950
365 2 tid 105950
213 tid 105950
Remove  tid 105950
FindTargetPageId rootid 3 tid 105950
target_page_id id: 2 tid 105950
0 1 tid 105950
170 4 tid 105950
365 2 tid 105950
212 tid 105950
Remove  tid 105950
FindTargetPageId rootid 3 tid 105950
target_page_id id: 2 tid 105950
0 1 tid 105950
170 4 tid 105950
365 2 tid 105950
211 tid 105950
Remove  tid 105950
FindTargetPageId rootid 3 tid 105950
target_page_id id: 2 tid 105950
0 1 tid 105950
170 4 tid 105950
365 2 tid 105950
210 tid 105950
Remove  tid 105950
FindTargetPageId rootid 3 tid 105951
target_page_id id: 2 tid 105951
0 1 tid 105951
170 4 tid 105951
365 2 tid 105951
209 tid 105951
Insert  tid 105951
FindTargetPageId rootid 3 tid 105951
target_page_id id: 2 tid 105951
0 1 tid 105951
170 4 tid 105951
365 2 tid 105951
210 tid 105951
Insert  tid 105951
FindTargetPageId rootid 3 tid 105951
target_page_id id: 2 tid 105951
0 1 tid 105951
170 4 tid 105951
365 2 tid 105951
211 tid 105951
Insert  tid 105951
FindTargetPageId rootid 3 tid 105951
target_page_id id: 2 tid 105951
0 1 tid 105951
170 4 tid 105951
365 2 tid 105951
212 tid 105951
Insert  tid 105951
FindTargetPageId rootid 3 tid 105951
target_page_id id: 2 tid 105951
0 1 tid 105951
170 4 tid 105951
365 2 tid 105951
213 tid 105951
Insert  tid 105951
FindTargetPageId rootid 3 tid 105950
target_page_id id: 2 tid 105950
0 1 tid 105950
170 4 tid 105950
365 2 tid 105950
214 tid 105950
Remove  tid 105950
FindTargetPageId rootid 3 tid 105950
target_page_id id: 2 tid 105950
0 1 tid 105950
170 4 tid 105950
365 2 tid 105950
213 tid 105950
Remove  tid 105950
FindTargetPageId rootid 3 tid 105949
target_page_id id: 2 tid 105949
0 1 tid 105949
170 4 tid 105949
365 2 tid 105949
212 tid 105949
Insert  tid 105949
FindTargetPageId rootid 3 tid 105949
target_page_id id: 2 tid 105949
0 1 tid 105949
170 4 tid 105949
365 2 tid 105949
212 tid 105949
Insert  tid 105949
FindTargetPageId rootid 3 tid 105951
target_page_id id: 2 tid 105951
0 1 tid 105951
170 4 tid 105951
365 2 tid 105951
212 tid 105951
Insert  tid 105951
FindTargetPageId rootid 3 tid 105951
target_page_id id: 2 tid 105951
0 1 tid 105951
170 4 tid 105951
365 2 tid 105951
213 tid 105951
Insert  tid 105951
FindTargetPageId rootid 3 tid 105950
target_page_id id: 2 tid 105950
0 1 tid 105950
170 4 tid 105950
365 2 tid 105950
214 tid 105950
Remove  tid 105950
FindTargetPageId rootid 3 tid 105950
target_page_id id: 2 tid 105950
0 1 tid 105950
170 4 tid 105950
365 2 tid 105950
213 tid 105950
Remove  tid 105950
FindTargetPageId rootid 3 tid 105951
target_page_id id: 2 tid 105951
0 1 tid 105951
170 4 tid 105951
365 2 tid 105951
212 tid 105951
Insert  tid 105951
FindTargetPageId rootid 3 tid 105951
target_page_id id: 2 tid 105951
0 1 tid 105951
170 4 tid 105951
365 2 tid 105951
213 tid 105951
Insert  tid 105951
FindTargetPageId rootid 3 tid 105951
target_page_id id: 2 tid 105951
0 1 tid 105951
170 4 tid 105951
365 2 tid 105951
214 tid 105951
Insert  tid 105951
FindTargetPageId rootid 3 tid 105950
target_page_id id: 2 tid 105950
0 1 tid 105950
170 4 tid 105950
365 2 tid 105950
215 tid 105950
Remove  tid 105950
FindTargetPageId rootid 3 tid 105950
target_page_id id: 2 tid 105950
0 1 tid 105950
170 4 tid 105950
365 2 tid 105950
214 tid 105950
Remove  tid 105950
FindTargetPageId rootid 3 tid 105950
target_page_id id: 2 tid 105950
0 1 tid 105950
170 4 tid 105950
365 2 tid 105950
213 tid 105950
Remove  tid 105950
FindTargetPageId rootid 3 tid 105950
target_page_id id: 2 tid 105950
0 1 tid 105950
170 4 tid 105950
365 2 tid 105950
212 tid 105950
Remove  tid 105950
FindTargetPageId rootid 3 tid 105950
target_page_id id: 2 tid 105950
0 1 tid 105950
170 4 tid 105950
365 2 tid 105950
211 tid 105950
Remove  tid 105950
FindTargetPageId rootid 3 tid 105950
target_page_id id: 2 tid 105950
0 1 tid 105950
170 4 tid 105950
365 2 tid 105950
210 tid 105950
Remove  tid 105950
FindTargetPageId rootid 3 tid 105950
target_page_id id: 2 tid 105950
0 1 tid 105950
170 4 tid 105950
365 2 tid 105950
209 tid 105950
FindTargetPageId rootid 3 tid 105949
target_page_id id: 2 tid 105949
0 1 tid 105949
170 4 tid 105949
365 2 tid 105949
Remove 208 tid 105949
 tid 105950
Insert  tid 105949
FindTargetPageId rootid 3 tid 105950
target_page_id id: 2 tid 105950
0 1 tid 105950
170 4 tid 105950
365 2 tid 105950
208 tid 105950
Remove  tid 105950
FindTargetPageId rootid 3 tid 105950
target_page_id id: 2 tid 105950
0 1 tid 105950
170 4 tid 105950
365 2 tid 105950
207 tid 105950
Remove  tid 105950
FindTargetPageId rootid 3 tid 105950
target_page_id id: 2 tid 105950
0 1 tid 105950
170 4 tid 105950
365 2 tid 105950
206 tid 105950
Remove  tid 105950
FindTargetPageId rootid 3 tid 105950
target_page_id id: 2 tid 105950
0 1 tid 105950
170 4 tid 105950
365 2 tid 105950
205 tid 105950
Remove  tid 105950
FindTargetPageId rootid 3 tid 105950
target_page_id id: 2 tid 105950
0 1 tid 105950
170 4 tid 105950
365 2 tid 105950
204 tid 105950
Remove  tid 105950
FindTargetPageId rootid 3 tid 105950
target_page_id id: 2 tid 105950
0 1 tid 105950
170 4 tid 105950
365 2 tid 105950
203 tid 105950
Remove  tid 105950
FindTargetPageId rootid 3 tid 105950
target_page_id id: 2 tid 105950
0 1 tid 105950
170 4 tid 105950
365 2 tid 105950
202 tid 105950
Remove  tid 105950
FindTargetPageId rootid 3 tid 105950
target_page_id id: 2 tid 105950
0 1 tid 105950
170 4 tid 105950
365 2 tid 105950
201 tid 105950
Remove  tid FindTargetPageId rootid 3 tid 105951
target_page_id id: 2 tid 105951
0 1 tid 105951
170 4 tid 105951
365 2 tid 105951
200 tid 105951
Insert  tid 105951
FindTargetPageId rootid 3 tid 105951
target_page_id id: 2 tid 105951
0 1 tid 105951
170 4 tid 105951
365 2 tid 105951
201 tid 105951
Insert  tid 105951
FindTargetPageId rootid 3 tid 105951
target_page_id id: 2 tid 105951
0 1 tid 105951
170 4 tid 105951
365 2 tid 105951
202 tid 105951
Insert  tid 105951
FindTargetPageId rootid 3 tid 105951
target_page_id id: 2 tid 105951
0 1 tid 105951
170 4 tid 105951
365 2 tid 105951
203 tid 105951
Insert  tid 105951
FindTargetPageId rootid 3 tid 105951
target_page_id id: 2 tid 105951
0 1 tid 105951
170 4 tid 105951
365 2 tid 105951
204 tid 105951
Insert  tid 105951
FindTargetPageId rootid 3 tid 105951
target_page_id id: 2 tid 105951
0 1 tid 105951
170 4 tid 105951
365 2 tid 105951
205 tid 105951
Insert  tid 105951
FindTargetPageId rootid 3 tid 105951
target_page_id id: 2 tid 105951
0 1 tid 105951
170 4 tid 105951
365 2 tid 105951
206 tid 105951
Insert  tid 105951
FindTargetPageId rootid 3 tid 105951
target_page_id id: 2 tid 105951
0 1 tid 105951
170 4 tid 105951
365 2 tid 105951
207 tid 105951
Insert  tid 105951
FindTargetPageId rootid 3 tid 105951
target_page_id id: 2 tid 105951
0 1 tid 105951
170 4 tid 105951
365 2 tid 105951
105950208 tid 105951
Insert  tid 105951
FindTargetPageId rootid 3 tid 105951
target_page_id id: 2 tid 105951
0 1 tid 105951
170 4 tid 105951
365 2 tid 105951

209 tid 105951
Insert  tid 105951
FindTargetPageId rootid 3 tid 105951
target_page_id id: 2 tid 105951
0 1 tid 105951
170 4 tid 105951
365 2 tid 105951
210 tid 105951
Insert  tid 105951
FindTargetPageId rootid 3 tid 105951
target_page_id id: 2 tid 105951
0 1 tid 105951
170 4 tid 105951
365 2 tid 105951
211 tid 105951
Insert  tid 105951
FindTargetPageId rootid 3 tid 105951
target_page_id id: 2 tid 105951
0 1 tid 105951
170 4 tid 105951
365 2 tid 105951
212 tid 105951
Insert  tid 105951
FindTargetPageId rootid 3 tid 105949
target_page_id id: 2 tid 105949
0 1 tid 105949
170 4 tid 105949
365 2 tid 105949
213 tid 105949
Insert  tid 105949
FindTargetPageId rootid 3 tid 105949
target_page_id id: 2 tid 105949
0 1 tid 105949
170 4 tid 105949
365 2 tid 105949
213 tid 105949
Insert  tid 105949
FindTargetPageId rootid 3 tid 105949
target_page_id id: 2 tid 105949
0 1 tid 105949
170 4 tid 105949
365 2 tid 105949
213 tid 105949
Insert  tid 105949
FindTargetPageId rootid 3 tid 105950
target_page_id id: 2 tid 105950
0 1 tid 105950
170 4 tid 105950
365 2 tid 105950
213 tid 105950
Remove  tid 105950
FindTargetPageId rootid 3 tid 105950
target_page_id id: 2 tid 105950
0 1 tid 105950
170 4 tid 105950
365 2 tid 105950
212 tid 105950
Remove  tid 105950
FindTargetPageId rootid 3 tid 105949
target_page_id id: 2 tid 105949
0 1 tid 105949
170 4 tid 105949
365 2 tid 105949
211 tid 105949
Insert  tid 105949
FindTargetPageId rootid 3 tid 105949
target_page_id id: 2 tid 105949
0 1 tid 105949
170 4 tid 105949
365 2 tid 105949
211 tid 105949
Insert  tid 105949
FindTargetPageId rootid 3 tid 105949
target_page_id id: 2 tid 105949
0 1 tid 105949
170 4 tid 105949
365 2 tid 105949
211 tid 105949
Insert  tid 105949
FindTargetPageId rootid 3 tid 105949
target_page_id id: 2 tid 105949
0 1 tid 105949
170 4 tid 105949
365 2 tid 105949
211 tid 105949
Insert  tid 105949
FindTargetPageId rootid 3 tid 105951
target_page_id id: 2 tid 105951
0 1 tid 105951
170 4 tid 105951
365 2 tid 105951
211 tid 105951
Insert  tid 105951
FindTargetPageId rootid 3 tid 105951
target_page_id id: 2 tid 105951
0 1 tid 105951
170 4 tid 105951
365 2 tid 105951
212 tid 105951
Insert  tid 105951
FindTargetPageId rootid 3 tid 105951
target_page_id id: 2 tid 105951
0 1 tid 105951
170 4 tid 105951
365 2 tid 105951
213 tid 105951
Insert  tid 105951
FindTargetPageId rootid 3 tid 105951
target_page_id id: 2 tid 105951
0 1 tid 105951
170 4 tid 105951
365 2 tid 105951
214 tid 105951
Insert  tid 105951
FindTargetPageId rootid 3 tid 105951
target_page_id id: 2 tid 105951
0 1 tid 105951
170 4 tid 105951
365 2 tid 105951
215 tid 105951
FindTargetPageId rootid 3 tid 105949
target_page_id id: 2 tid 105949
0 1 tid 105949
170 4 tid 105949
365 2 tid 105949
216 tid 105949
Insert  tid 105949
FindTargetPageId rootid 3 tid 105949
target_page_id id: 2 tid 105949
0 1 tid 105949
170 4 tid 105949
365 2 tid 105949
216 tid 105949
Insert Insert  tid 105951
FindTargetPageId rootid  tid 3 tid 105949
105950
target_page_id id: 2 tid 105950
0 1 tid 105950
170 4 tid 105950
365 2 tid 105950
216 tid 105950
Remove  tid 105950
FindTargetPageId rootid 3 tid 105950
target_page_id id: 2 tid 105950
0 1 tid 105950
170 4 tid 105950
365 2 tid 105950
215 tid 105950
Remove  tid 105950
FindTargetPageId rootid 3 tid 105950
target_page_id id: 2 tid 105950
0 1 tid 105950
170 4 tid 105950
365 2 tid 105950
214 tid 105950
Remove  tid 105950
FindTargetPageId rootid 3 tid 105950
target_page_id id: 2 tid 105950
0 1 tid 105950
170 4 tid 105950
365 2 tid 105950
213 tid 105950
FindTargetPageId rootid 3 tid Remove 105951 tid 
target_page_id id: 2 tid 105951
0 1 tid 105951
170 4 tid 105951
365 2 tid 105951
212 tid 105951
105950
Insert  tid 105951
FindTargetPageId rootid 3 tid 105949
target_page_id id: 2 tid 105949
0 1 tid 105949
170 4 tid 105949
365 2 tid 105949
213 tid 105949
Insert  tid 105949
FindTargetPageId rootid 3 tid 105949
target_page_id id: 2 tid 105949
0 1 tid 105949
170 4 tid 105949
365 2 tid 105949
213 tid 105949
Insert  tid 105949
FindTargetPageId rootid 3 tid 105949
target_page_id id: 2 tid 105949
0 1 tid 105949
170 4 tid 105949
365 2 tid 105949
213 tid 105949
Insert  tid 105949
FindTargetPageId rootid 3 tid 105950
target_page_id id: 2 tid 105950
0 1 tid 105950
170 4 tid 105950
365 2 tid 105950
213 tid 105950
Remove  tid 105950
FindTargetPageId rootid 3 tid 105951
target_page_id id: 2 tid 105951
0 1 tid 105951
170 4 tid 105951
365 2 tid 105951
212 tid 105951
Insert  tid 105951
FindTargetPageId rootid 3 tid 105949
target_page_id id: 2 tid 105949
0 1 tid 105949
170 4 tid 105949
365 2 tid 105949
213 tid 105949
Insert  tid 105949
FindTargetPageId rootid 3 tid 105949
target_page_id id: 2 tid 105949
0 1 tid 105949
170 4 tid 105949
365 2 tid 105949
213 tid 105949
Insert  tid 105949
FindTargetPageId rootid 3 tid 105949
target_page_id id: 2 tid 105949
0 1 tid 105949
170 4 tid 105949
365 2 tid 105949
213 tid 105949
Insert  tid 105949
FindTargetPageId rootid 3 tid 105949
target_page_id id: 2 tid 105949
0 1 tid 105949
170 4 tid 105949
365 2 tid 105949
213 tid 105949
Insert  tid 105949
FindTargetPageId rootid 3 tid 105949
target_page_id id: 2 tid 105949
0 1 tid 105949
170 4 tid 105949
365 2 tid 105949
213 tid 105949
Insert  tid 105949
FindTargetPageId rootid 3 tid 105949
target_page_id id: 2 tid 105949
0 1 tid 105949
170 4 tid 105949
365 2 tid 105949
213 tid 105949
Insert  tid 105949
FindTargetPageId rootid 3 tid 105949
target_page_id id: 2 tid 105949
0 1 tid 105949
170 4 tid 105949
365 2 tid 105949
213 tid 105949
Insert  tid 105949
FindTargetPageId rootid 3 tid 105949
target_page_id id: 2 tid 105949
0 1 tid 105949
170 4 tid 105949
365 2 tid 105949
213 tid 105949
Insert  tid 105949
FindTargetPageId rootid 3 tid 105949
target_page_id id: 2 tid 105949
0 1 tid 105949
170 4 tid 105949
365 2 tid 105949
213 tid 105949
Insert  tid 105949
FindTargetPageId rootid 3 tid 105949
target_page_id id: 2 tid 105949
0 1 tid 105949
170 4 tid 105949
365 2 tid 105949
213 tid 105949
Insert  tid 105949
FindTargetPageId rootid 3 tid 105950
target_page_id id: 2 tid 105950
0 1 tid 105950
170 4 tid 105950
365 2 tid 105950
213 tid 105950
Remove  tid 105950
FindTargetPageId rootid 3 tid 105951
target_page_id id: 2 tid 105951
0 1 tid 105951
170 4 tid 105951
365 2 tid 105951
212 tid 105951
Insert  tid 105951
FindTargetPageId rootid 3 tid 105949
target_page_id id: 2 tid 105949
0 1 tid 105949
170 4 tid 105949
365 2 tid 105949
213 tid 105949
Insert  tid 105949
FindTargetPageId rootid 3 tid 105950
target_page_id id: 2 tid 105950
0 1 tid 105950
170 4 tid 105950
365 2 tid 105950
213 tid 105950
FindTargetPageId rootid 3 tid 105951
target_page_id id: 2 tid 105951
0 1 tid 105951
170 4 tid 105951
365 2 tid 105951
212 tid 105951
Insert  tid 105951
FindTargetPageId rootid 3 tid 105951
target_page_id id: 2 tid 105951
0 1 tid 105951
170 4 tid 105951
365 2 tid 105951
213 tid 105951
Insert  tid 105951
FindTargetPageId rootid 3 tid 105949
target_page_id id: 2 tid 105949
0 1 tid 105949
170 4 tid 105949
365 2 tid 105949
Remove  tid 105950
214 tid 105949
Insert  tid 105949
FindTargetPageId rootid 3 tid 105949
target_page_id id: 2 tid 105949
0 1 tid 105949
170 4 tid 105949
365 2 tid 105949
214 tid 105949
Insert  tid 105949
FindTargetPageId rootid 3 tid 105949
target_page_id id: 2 tid 105949
0 1 tid 105949
170 4 tid 105949
365 2 tid 105949
214 tid 105949
Insert  tid 105949
FindTargetPageId rootid 3 tid 105949
target_page_id id: 2 tid 105949
0 1 tid 105949
170 4 tid 105949
365 2 tid 105949
214 tid 105949
Insert  tid 105949
FindTargetPageId rootid 3 tid 105949
target_page_id id: 2 tid 105949
0 1 tid 105949
170 4 tid 105949
365 2 tid 105949
214 tid 105949
FindTargetPageId rootid 3 tid 105950
Insert  tid 105949
target_page_id id: 2 tid 105950
0 1 tid 105950
170 4 tid 105950
365 2 tid 105950
214 tid 105950
Remove  tid 105950
FindTargetPageId rootid 3 tid 105951
target_page_id id: 2 tid 105951
0 1 tid 105951
170 4 tid 105951
365 2 tid 105951
213 tid 105951
Insert  tid 105951
FindTargetPageId rootid 3 tid 105951
target_page_id id: 2 tid 105951
0 1 tid 105951
170 4 tid 105951
365 2 tid 105951
214 tid 105951
Insert  tid 105951
FindTargetPageId rootid 3 tid 105949
target_page_id id: 2 tid 105949
0 1 tid 105949
170 4 tid 105949
365 2 tid 105949
215 tid 105949
Insert  tid 105949
FindTargetPageId rootid 3 tid 105950
target_page_id id: 2 tid 105950
0 1 tid 105950
170 4 tid 105950
365 2 tid 105950
215 tid 105950
Remove  tid 105950
FindTargetPageId rootid 3 tid 105951
target_page_id id: 2 tid 105951
0 1 tid 105951
170 4 tid 105951
365 2 tid 105951
214 tid 105951
Insert  tid 105951
FindTargetPageId rootid 3 tid 105949
target_page_id id: 2 tid 105949
0 1 tid 105949
170 4 tid 105949
365 2 tid 105949
215 tid 105949
Insert  tid 105949
FindTargetPageId rootid 3 tid 105950
target_page_id id: 2 tid 105950
0 1 tid 105950
170 4 tid 105950
365 2 tid 105950
215 tid 105950
Remove  tid 105950
FindTargetPageId rootid 3 tid 105951
target_page_id id: 2 tid 105951
0 1 tid 105951
170 4 tid 105951
365 2 tid 105951
214 tid 105951
Insert  tid 105951
FindTargetPageId rootid 3 tid 105949
target_page_id id: 2 tid 105949
0 1 tid 105949
170 4 tid 105949
365 2 tid 105949
215 tid 105949
Insert  tid 105949
FindTargetPageId rootid 3 tid 105949
target_page_id id: 2 tid 105949
0 1 tid 105949
170 4 tid 105949
365 2 tid 105949
215 tid 105949
Insert  tid 105949
FindTargetPageId rootid 3 tid 105949
target_page_id id: 2 tid 105949
0 1 tid 105949
170 4 tid 105949
365 2 tid 105949
215 tid 105949
Insert  tid 105949
FindTargetPageId rootid 3 tid 105949
target_page_id id: 2 tid 105949
0 1 tid 105949
170 4 tid 105949
365 2 tid 105949
215 tid 105949
Insert  tid 105949
FindTargetPageId rootid 3 tid 105950
target_page_id id: 2 tid 105950
0 1 tid 105950
170 4 tid 105950
365 2 tid 105950
215 tid 105950
Remove  tid 105950
FindTargetPageId rootid 3 tid 105950
target_page_id id: 2 tid 105950
0 1 tid 105950
170 4 tid 105950
365 2 tid 105950
214 tid 105950
Remove  tid 105950
FindTargetPageId rootid 3 tid 105950
target_page_id id: 2 tid 105950
0 1 tid 105950
170 4 tid 105950
365 2 tid 105950
213 tid 105950
Remove  tid 105950
FindTargetPageId rootid 3 tid 105950
target_page_id id: 2 tid 105950
0 1 tid 105950
170 4 tid 105950
365 2 tid 105950
212 tid 105950
Remove  tid 105950
FindTargetPageId rootid 3 tid 105950
target_page_id id: 2 tid 105950
0 1 tid 105950
170 4 tid 105950
365 2 tid 105950
211 tid 105950
Remove  tid 105950
FindTargetPageId rootid 3 tid 105950
target_page_id id: 2 tid 105950
0 1 tid 105950
170 4 tid 105950
365 2 tid 105950
210 tid 105950
Remove  tid 105950
FindTargetPageId rootid 3 tid 105951
target_page_id id: 2 tid 105951
0 1 tid 105951
170 4 tid 105951
365 2 tid 105951
209 tid 105951
Insert  tid 105951
FindTargetPageId rootid 3 tid 105951
target_page_id id: 2 tid 105951
0 1 tid 105951
170 4 tid 105951
365 2 tid 105951
210 tid 105951
Insert  tid 105951
FindTargetPageId rootid 3 tid 105951
target_page_id id: 2 tid 105951
0 1 tid 105951
170 4 tid 105951
365 2 tid 105951
211 tid 105951
Insert  tid 105951
FindTargetPageId rootid 3 tid 105950
target_page_id id: 2 tid 105950
0 1 tid 105950
170 4 tid 105950
365 2 tid 105950
212 tid 105950
Remove  tid 105950
FindTargetPageId rootid 3 tid 105950
target_page_id id: 2 tid 105950
0 1 tid 105950
170 4 tid 105950
365 2 tid 105950
211 tid 105950
Remove  tid 105950
FindTargetPageId rootid 3 tid 105949
target_page_id id: 2 tid 105949
0 1 tid 105949
170 4 tid 105949
365 2 tid 105949
210 tid 105949
Insert  tid 105949
FindTargetPageId rootid 3 tid 105949
target_page_id id: 2 tid 105949
0 1 tid 105949
170 4 tid 105949
365 2 tid 105949
210 tid 105949
Insert  tid 105949
FindTargetPageId rootid 3 tid 105949
target_page_id id: 2 tid 105949
0 1 tid 105949
170 4 tid 105949
365 2 tid 105949
210 tid 105949
FindTargetPageId rootid 3 tid Insert  tid 105950
target_page_id id: 2 tid 105950
0 1 tid 105950
170 4 tid 105950
365 2 tid 105950
105949
210 tid 105950
Remove  tid 105950
FindTargetPageId rootid 3 tid 105951
target_page_id id: 2 tid 105951
0 1 tid 105951
170 4 tid 105951
365 2 tid 105951
209 tid 105951
Insert  tid 105951
FindTargetPageId rootid 3 tid 105949
target_page_id id: 2 tid 105949
0 1 tid 105949
170 4 tid 105949
365 2 tid 105949
210 tid 105949
Insert  tid 105949
FindTargetPageId rootid 3 tid 105950
target_page_id id: 2 tid 105950
0 1 tid 105950
170 4 tid 105950
365 2 tid 105950
210 tid 105950
Remove  tid 105950
FindTargetPageId rootid 3 tid 105951
target_page_id id: 2 tid 105951
0 1 tid 105951
170 4 tid 105951
365 2 tid 105951
209 tid 105951
Insert  tid 105951
FindTargetPageId rootid 3 tid 105949
target_page_id id: 2 tid 105949
0 1 tid 105949
170 4 tid 105949
365 2 tid 105949
210 tid 105949
Insert  tid 105949
FindTargetPageId rootid 3 tid 105949
target_page_id id: 2 tid 105949
0 1 tid 105949
170 4 tid 105949
365 2 tid 105949
210 tid 105949
Insert  tid 105949
FindTargetPageId rootid 3 tid 105949
target_page_id id: 2 tid 105949
0 1 tid 105949
170 4 tid 105949
365 2 tid 105949
210 tid 105949
Insert  tid 105949
FindTargetPageId rootid 3 tid 105949
target_page_id id: 2 tid 105949
0 1 tid 105949
170 4 tid 105949
365 2 tid 105949
210 tid 105949
Insert  tid 105949
FindTargetPageId rootid 3 tid 105949
target_page_id id: 2 tid 105949
0 1 tid 105949
170 4 tid 105949
365 2 tid 105949
210 tid 105949
Insert  tid 105949
FindTargetPageId rootid 3 tid 105949
target_page_id id: 2 tid 105949
0 1 tid 105949
170 4 tid 105949
365 2 tid 105949
211 tid 105949
Insert  tid 105949
FindTargetPageId rootid 3 tid 105949
target_page_id id: 2 tid 105949
0 1 tid 105949
170 4 tid 105949
365 2 tid 105949
212 tid 105949
Insert  tid 105949
FindTargetPageId rootid 3 tid 105949
target_page_id id: 2 tid 105949
0 1 tid 105949
170 4 tid 105949
365 2 tid 105949
213 tid 105949
Insert  tid 105949
FindTargetPageId rootid 3 tid 105949
target_page_id id: 2 tid 105949
0 1 tid 105949
170 4 tid 105949
365 2 tid 105949
214 tid 105949
Insert  tid 105949
FindTargetPageId rootid 3 tid 105949
target_page_id id: 2 tid 105949
0 1 tid 105949
170 4 tid 105949
365 2 tid 105949
215 tid 105949
Insert  tid 105949
FindTargetPageId rootid 3 tid 105949
target_page_id id: 2 tid 105949
0 1 tid 105949
170 4 tid 105949
365 2 tid 105949
216 tid 105949
Insert  tid 105949
FindTargetPageId rootid 3 tid 105949
target_page_id id: 2 tid 105949
0 1 tid 105949
170 4 tid 105949
365 2 tid 105949
217 tid 105949
Insert  tid 105949
FindTargetPageId rootid 3 tid 105949
target_page_id id: 2 tid 105949
0 1 tid 105949
170 4 tid 105949
365 2 tid 105949
218 tid 105949
Insert  tid 105949
FindTargetPageId rootid 3 tid 105949
target_page_id id: 2 tid 105949
0 1 tid 105949
170 4 tid 105949
365 2 tid 105949
219 tid 105949
Insert  tid 105949
FindTargetPageId rootid 3 tid 105949
target_page_id id: 2 tid 105949
0 1 tid 105949
170 4 tid 105949
365 2 tid 105949
220 tid 105949
Insert  tid 105949
FindTargetPageId rootid 3 tid 105949
target_page_id id: 2 tid 105949
0 1 tid 105949
170 4 tid 105949
365 2 tid 105949
221 tid 105949
Insert  tid 105949
FindTargetPageId rootid 3 tid 105950
target_page_id id: 2 tid 105950
0 1 tid 105950
170 4 tid 105950
365 2 tid 105950
222 tid 105950
FindTargetPageId rootid 3 tid 105951
target_page_id id: 2 tid 105951
0 1 tid 105951
170 4 tid 105951
365 2 tid 105951
Remove  tid 221105950
 tid 105951
Insert  tid 105951
FindTargetPageId rootid 3 tid 105949
target_page_id id: 2 tid 105949
0 1 tid 105949
170 4 tid 105949
365 2 tid 105949
221 tid 105949
Insert  tid 105949
FindTargetPageId rootid 3 tid 105950
target_page_id id: 2 tid 105950
0 1 tid 105950
170 4 tid 105950
365 2 tid 105950
222 tid 105950
Remove  tid 105950
FindTargetPageId rootid 3 tid 105951
target_page_id id: 2 tid 105951
0 1 tid 105951
170 4 tid 105951
365 2 tid 105951
221 tid 105951
Insert  tid 105951
FindTargetPageId rootid 3 tid 105951
target_page_id id: 2 tid 105951
0 1 tid 105951
170 4 tid 105951
365 2 tid 105951
221 tid 105951
Insert  tid 105951
FindTargetPageId rootid 3 tid 105951
target_page_id id: 2 tid 105951
0 1 tid 105951
170 4 tid 105951
365 2 tid 105951
221 tid 105951
Insert  tid 105951
FindTargetPageId rootid 3 tid 105951
target_page_id id: 2 tid 105951
0 1 tid 105951
170 4 tid 105951
365 2 tid 105951
221 tid 105951
Insert  tid 105951
FindTargetPageId rootid 3 tid 105951
target_page_id id: 2 tid 105951
0 1 tid 105951
170 4 tid 105951
365 2 tid 105951
221 tid 105951
Insert  tid 105951
FindTargetPageId rootid 3 tid 105951
target_page_id id: 2 tid 105951
0 1 tid 105951
170 4 tid 105951
365 2 tid 105951
221 tid 105951
Insert  tid 105951
FindTargetPageId rootid 3 tid 105950
target_page_id id: 2 tid 105950
0 1 tid 105950
170 4 tid 105950
365 2 tid 105950
221 tid 105950
Remove  tid 105950
FindTargetPageId rootid 3 tid 105950
target_page_id id: 2 tid 105950
0 1 tid 105950
170 4 tid 105950
365 2 tid 105950
220 tid 105950
Remove  tid 105950
FindTargetPageId rootid 3 tid 105950
target_page_id id: 2 tid 105950
0 1 tid 105950
170 4 tid 105950
365 2 tid 105950
219 tid 105950
Remove  tid 105950
FindTargetPageId rootid 3 tid 105949
target_page_id id: 2 tid 105949
0 1 tid 105949
170 4 tid 105949
365 2 tid 105949
218 tid 105949
Insert  tid 105949
FindTargetPageId rootid 3 tid 105949
target_page_id id: 2 tid 105949
0 1 tid 105949
170 4 tid 105949
365 2 tid 105949
219 tid 105949
Insert  tid 105949
FindTargetPageId rootid 3 tid 105949
target_page_id id: 2 tid 105949
0 1 tid 105949
170 4 tid 105949
365 2 tid 105949
220 tid 105949
Insert  tid 105949
FindTargetPageId rootid 3 tid 105950
target_page_id id: 2 tid 105950
0 1 tid 105950
170 4 tid 105950
365 2 tid 105950
221 tid 105950
Remove  tid 105950
FindTargetPageId rootid 3 tid 105950
target_page_id id: 2 tid 105950
0 1 tid 105950
170 4 tid 105950
365 2 tid 105950
220 tid 105950
Remove  tid 105950
FindTargetPageId rootid 3 tid 105950
target_page_id id: 2 tid 105950
0 1 tid 105950
170 4 tid 105950
365 2 tid 105950
219 tid 105950
Remove  tid 105950
FindTargetPageId rootid 3 tid 105950
target_page_id id: 2 tid 105950
0 1 tid 105950
170 4 tid 105950
365 2 tid 105950
218 tid 105950
Remove  tid 105950
FindTargetPageId rootid 3 tid 105950
target_page_id id: 2 tid 105950
0 1 tid 105950
170 4 tid 105950
365 2 tid 105950
217 tid 105950
Remove  tid 105950
FindTargetPageId rootid 3 tid 105950
target_page_id id: 2 tid 105950
0 1 tid 105950
170 4 tid 105950
365 2 tid 105950
216 tid 105950
Remove  tid 105950
FindTargetPageId rootid 3 tid 105950
target_page_id id: 2 tid 105950
0 1 tid 105950
170 4 tid 105950
365 2 tid 105950
215 tid 105950
Remove  tid 105950
FindTargetPageId rootid 3 tid 105950
target_page_id id: 2 tid 105950
0 1 tid 105950
170 4 tid 105950
365 2 tid 105950
214 tid 105950
Remove  tid 105950
FindTargetPageId rootid 3 tid 105951
target_page_id id: 2 tid 105951
0 1 tid 105951
170 4 tid 105951
365 2 tid 105951
213 tid 105951
Insert  tid 105951
FindTargetPageId rootid 3 tid 105949
target_page_id id: 2 tid 105949
0 1 tid 105949
170 4 tid 105949
365 2 tid 105949
213 tid 105949
Insert  tid 105949
FindTargetPageId rootid 3 tid 105949
target_page_id id: 2 tid 105949
0 1 tid 105949
170 4 tid 105949
365 2 tid 105949
214 tid 105949
Insert  tid 105949
FindTargetPageId rootid 3 tid 105950
target_page_id id: 2 tid 105950
0 1 tid 105950
170 4 tid 105950
365 2 tid 105950
215 tid 105950
Remove  tid 105950
FindTargetPageId rootid 3 tid 105951
target_page_id id: 2 tid 105951
0 1 tid 105951
170 4 tid 105951
365 2 tid 105951
214 tid 105951
Insert  tid 105951
FindTargetPageId rootid 3 tid 105951
target_page_id id: 2 tid 105951
0 1 tid 105951
170 4 tid 105951
365 2 tid 105951
214 tid 105951
Insert  tid 105951
FindTargetPageId rootid 3 tid 105951
target_page_id id: 2 tid 105951
0 1 tid 105951
170 4 tid 105951
365 2 tid 105951
214 tid 105951
Insert  tid 105951
FindTargetPageId rootid 3 tid 105951
target_page_id id: 2 tid 105951
0 1 tid 105951
170 4 tid 105951
365 2 tid 105951
214 tid 105951
Insert  tid 105951
FindTargetPageId rootid 3 tid 105951
target_page_id id: 2 tid 105951
0 1 tid 105951
170 4 tid 105951
365 2 tid 105951
214 tid 105951
Insert  tid 105951
FindTargetPageId rootid 3 tid 105951
target_page_id id: 2 tid 105951
0 1 tid 105951
170 4 tid 105951
365 2 tid 105951
214 tid 105951
Insert  tid 105951
FindTargetPageId rootid 3 tid 105951
target_page_id id: 2 tid 105951
0 1 tid 105951
170 4 tid 105951
365 2 tid 105951
214 tid 105951
Insert  tid 105951
FindTargetPageId rootid 3 tid 105951
target_page_id id: 2 tid 105951
0 1 tid 105951
170 4 tid 105951
365 2 tid 105951
214 tid 105951
Insert  tid 105951
FindTargetPageId rootid 3 tid 105951
target_page_id id: 2 tid 105951
0 1 tid 105951
170 4 tid 105951
365 2 tid 105951
214 tid 105951
Insert  tid 105951
FindTargetPageId rootid 3 tid 105951
target_page_id id: 2 tid 105951
0 1 tid 105951
170 4 tid 105951
365 2 tid 105951
214 tid 105951
Insert  tid 105951
FindTargetPageId rootid 3 tid 105951
target_page_id id: 2 tid 105951
0 1 tid 105951
170 4 tid 105951
365 2 tid 105951
214 tid 105951
Insert  tid 105951
FindTargetPageId rootid 3 tid 105951
target_page_id id: 2 tid 105951
0 1 tid 105951
170 4 tid 105951
365 2 tid 105951
215 tid 105951
Insert  tid 105951
FindTargetPageId rootid 3 tid 105951
target_page_id id: 2 tid 105951
0 1 tid 105951
170 4 tid 105951
365 2 tid 105951
216 tid 105951
Insert  tid 105951
FindTargetPageId rootid 3 tid 105951
target_page_id id: 2 tid 105951
0 1 tid 105951
170 4 tid 105951
365 2 tid 105951
217 tid 105951
Insert  tid 105951
FindTargetPageId rootid 3 tid 105951
target_page_id id: 2 tid 105951
0 1 tid 105951
170 4 tid 105951
365 2 tid 105951
218 tid 105951
Insert  tid 105951
FindTargetPageId rootid 3 tid 105951
target_page_id id: 2 tid 105951
0 1 tid 105951
170 4 tid 105951
365 2 tid 105951
219 tid 105951
Insert  tid 105951
FindTargetPageId rootid 3 tid 105951
target_page_id id: 2 tid 105951
0 1 tid 105951
170 4 tid 105951
365 2 tid 105951
220 tid 105951
Insert  tid 105951
FindTargetPageId rootid 3 tid 105951
target_page_id id: 2 tid 105951
0 1 tid 105951
170 4 tid 105951
365 2 tid 105951
221 tid 105951
Insert  tid 105951
FindTargetPageId rootid 3 tid 105951
target_page_id id: 2 tid 105951
0 1 tid 105951
170 4 tid 105951
365 2 tid 105951
222 tid 105951
Insert  tid 105951
FindTargetPageId rootid 3 tid 105951
target_page_id id: 2 tid 105951
0 1 tid 105951
170 4 tid 105951
365 2 tid 105951
223 tid 105951
Insert  tid 105951
FindTargetPageId rootid 3 tid 105951
target_page_id id: 2 tid 105951
0 1 tid 105951
170 4 tid 105951
365 2 tid 105951
224 tid 105951
Insert  tid 105951
FindTargetPageId rootid 3 tid 105950
target_page_id id: 2 tid 105950
0 1 tid 105950
170 4 tid 105950
365 2 tid 105950
225 tid 105950
Remove  tid 105950
FindTargetPageId rootid 3 tid 105949
target_page_id id: 2 tid 105949
0 1 tid 105949
170 4 tid 105949
365 2 tid 105949
224 tid 105949
Insert  tid 105949
FindTargetPageId rootid 3 tid 105951
target_page_id id: 2 tid 105951
0 1 tid 105951
170 4 tid 105951
365 2 tid 105951
224 tid 105951
Insert  tid 105951
FindTargetPageId rootid 3 tid 105950
target_page_id id: 2 tid 105950
0 1 tid 105950
170 4 tid 105950
365 2 tid 105950
225 tid 105950
Remove  tid 105950
FindTargetPageId rootid 3 tid 105949
target_page_id id: 2 tid 105949
0 1 tid 105949
170 4 tid 105949
365 2 tid 105949
224 tid 105949
Insert  tid 105949
FindTargetPageId rootid 3 tid 105950
target_page_id id: 2 tid 105950
0 1 tid 105950
170 4 tid 105950
365 2 tid 105950
224 tid 105950
Remove  tid 105950
FindTargetPageId rootid 3 tid 105950
target_page_id id: 2 tid 105950
0 1 tid 105950
170 4 tid 105950
365 2 tid 105950
223 tid 105950
Remove  tid 105950
FindTargetPageId rootid 3 tid 105951
target_page_id id: 2 tid 105951
0 1 tid 105951
170 4 tid 105951
365 2 tid 105951
222 tid 105951
Insert  tid 105951
FindTargetPageId rootid 3 tid 105949
target_page_id id: 2 tid 105949
0 1 tid 105949
170 4 tid 105949
365 2 tid 105949
223 tid 105949
Insert  tid 105949
FindTargetPageId rootid 3 tid 105950
target_page_id id: 2 tid 105950
0 1 tid 105950
170 4 tid 105950
365 2 tid 105950
223 tid 105950
Remove  tid 105950
FindTargetPageId rootid 3 tid 105950
target_page_id id: 2 tid 105950
0 1 tid 105950
170 4 tid 105950
365 2 tid 105950
222 tid 105950
Remove  tid 105950
FindTargetPageId rootid 3 tid 105950
target_page_id id: 2 tid 105950
0 1 tid 105950
170 4 tid 105950
365 2 tid 105950
221 tid 105950
Remove  tid 105950
FindTargetPageId rootid 3 tid 105950
target_page_id id: 2 tid 105950
0 1 tid 105950
170 4 tid 105950
365 2 tid 105950
220 tid 105950
Remove  tid 105950
FindTargetPageId rootid 3 tid 105950
target_page_id id: 2 tid 105950
0 1 tid 105950
170 4 tid 105950
365 2 tid 105950
219 tid 105950
Remove  tid 105950
FindTargetPageId rootid 3 tid 105950
target_page_id id: 2 tid 105950
0 1 tid 105950
170 4 tid 105950
365 2 tid 105950
218 tid 105950
Remove  tid 105950
FindTargetPageId rootid 3 tid 105950
target_page_id id: 2 tid 105950
0 1 tid 105950
170 4 tid 105950
365 2 tid 105950
217 tid 105950
Remove  tid 105950
FindTargetPageId rootid 3 tid 105950
target_page_id id: 2 tid 105950
0 1 tid 105950
170 4 tid 105950
365 2 tid 105950
216 tid 105950
Remove  tid 105950
FindTargetPageId rootid 3 tid 105950
target_page_id id: 2 tid 105950
0 1 tid 105950
170 4 tid 105950
365 2 tid 105950
215 tid 105950
Remove  tid 105950
FindTargetPageId rootid 3 tid 105950
target_page_id id: 2 tid 105950
0 1 tid 105950
170 4 tid 105950
365 2 tid 105950
214 tid 105950
Remove  tid 105950
FindTargetPageId rootid 3 tid 105950
target_page_id id: 2 tid 105950
0 1 tid 105950
170 4 tid 105950
365 2 tid 105950
213 tid 105950
Remove  tid 105950
FindTargetPageId rootid 3 tid 105950
target_page_id id: 2 tid 105950
0 1 tid 105950
170 4 tid 105950
365 2 tid 105950
212 tid 105950
Remove  tid 105950
FindTargetPageId rootid 3 tid 105950
target_page_id id: 2 tid 105950
0 1 tid 105950
170 4 tid 105950
365 2 tid 105950
211 tid 105950
Remove  tid 105950
FindTargetPageId rootid 3 tid 105950
target_page_id id: 2 tid 105950
0 1 tid 105950
170 4 tid 105950
365 2 tid 105950
210 tid 105950
Remove  tid 105950
FindTargetPageId rootid 3 tid 105950
target_page_id id: 2 tid 105950
0 1 tid 105950
170 4 tid 105950
365 2 tid 105950
209 tid 105950
Remove  tid 105950
FindTargetPageId rootid 3 tid 105950
target_page_id id: 2 tid 105950
0 1 tid 105950
170 4 tid 105950
365 2 tid 105950
208 tid 105950
Remove  tid 105950
FindTargetPageId rootid 3 tid 105950
target_page_id id: 2 tid 105950
0 1 tid 105950
170 4 tid 105950
365 2 tid 105950
207 tid 105950
FindTargetPageId rootid 3 tid 105949
Remove  tid target_page_id id: 2 tid 105950
105949
0 1 tid 105949
170 4 tid 105949
365 2 tid 105949
206 tid 105949
Insert  tid 105949
FindTargetPageId rootid 3 tid 105949
target_page_id id: 2 tid 105949
0 1 tid 105949
170 4 tid 105949
365 2 tid 105949
206 tid 105949
Insert  tid 105949
FindTargetPageId rootid 3 tid 105949
target_page_id id: 2 tid 105949
0 1 tid 105949
170 4 tid 105949
365 2 tid 105949
206 tid 105949
Insert  tid 105949
FindTargetPageId rootid 3 tid 105949
target_page_id id: 2 tid 105949
0 1 tid 105949
170 4 tid 105949
365 2 tid 105949
206 tid 105949
Insert  tid 105949
FindTargetPageId rootid 3 tid 105949
target_page_id id: 2 tid 105949
0 1 tid 105949
170 4 tid 105949
365 2 tid 105949
206 tid 105949
Insert  tid 105949
FindTargetPageId rootid 3 tid 105949
target_page_id id: 2 tid 105949
0 1 tid 105949
170 4 tid 105949
365 2 tid 105949
206 tid 105949
Insert  tid 105949
FindTargetPageId rootid 3 tid 105949
target_page_id id: 2 tid 105949
0 1 tid 105949
170 4 tid 105949
365 2 tid 105949
206 tid 105949
Insert  tid 105949
FindTargetPageId rootid 3 tid 105949
target_page_id id: 2 tid 105949
0 1 tid 105949
170 4 tid 105949
365 2 tid 105949
206 tid 105949
Insert  tid 105949
FindTargetPageId rootid 3 tid 105949
target_page_id id: 2 tid 105949
0 1 tid 105949
170 4 tid 105949
365 2 tid 105949
206 tid 105949
Insert  tid 105949
FindTargetPageId rootid 3 tid 105949
target_page_id id: 2 tid 105949
0 1 tid 105949
170 4 tid 105949
365 2 tid 105949
206 tid 105949
Insert  tid 105949
FindTargetPageId rootid 3 tid 105949
target_page_id id: 2 tid 105949
0 1 tid 105949
170 4 tid 105949
365 2 tid 105949
206 tid 105949
Insert  tid 105949
FindTargetPageId rootid 3 tid 105949
target_page_id id: 2 tid 105949
0 1 tid 105949
170 4 tid 105949
365 2 tid 105949
207 tid 105949
Insert  tid 105949
FindTargetPageId rootid 3 tid 105949
target_page_id id: 2 tid 105949
0 1 tid 105949
170 4 tid 105949
365 2 tid 105949
208 tid 105949
Insert  tid 105949
FindTargetPageId rootid 3 tid 105949
target_page_id id: 2 tid 105949
0 1 tid 105949
170 4 tid 105949
365 2 tid 105949
209 tid 105949
Insert  tid 105949
FindTargetPageId rootid 3 tid 105949
target_page_id id: 2 tid 105949
0 1 tid 105949
170 4 tid 105949
365 2 tid 105949
210 tid 105949
Insert  tid 105949
FindTargetPageId rootid 3 tid 105949
target_page_id id: 2 tid 105949
0 1 tid 105949
170 4 tid 105949
365 2 tid 105949
211 tid 105949
Insert  tid 105949
FindTargetPageId rootid 3 tid 105949
target_page_id id: 2 tid 105949
0 1 tid 105949
170 4 tid 105949
365 2 tid 105949
212 tid 105949
Insert  tid 105949
FindTargetPageId rootid 3 tid 105949
target_page_id id: 2 tid 105949
0 1 tid 105949
170 4 tid 105949
365 2 tid 105949
213 tid 105949
Insert  tid 105949
FindTargetPageId rootid 3 tid 105951
target_page_id id: 2 tid 105951
0 1 tid 105951
170 4 tid 105951
365 2 tid 105951
214 tid 105951
Insert  tid 105951
FindTargetPageId rootid 3 tid 105951
target_page_id id: 2 tid 105951
0 1 tid 105951
170 4 tid 105951
365 2 tid 105951
214 tid 105951
Insert  tid 105951
FindTargetPageId rootid 3 tid 105951
target_page_id id: 2 tid 105951
0 1 tid 105951
170 4 tid 105951
365 2 tid 105951
214 tid 105951
Insert  tid 105951
FindTargetPageId rootid 3 tid 105950
target_page_id id: 2 tid 105950
0 1 tid 105950
170 4 tid 105950
365 2 tid 105950
214 tid 105950
Remove  tid 105950
FindTargetPageId rootid 3 tid 105950
target_page_id id: 2 tid 105950
0 1 tid 105950
170 4 tid 105950
365 2 tid 105950
213 tid 105950
Remove  tid 105950
FindTargetPageId rootid 3 tid 105949
target_page_id id: 2 tid 105949
0 1 tid 105949
170 4 tid 105949
365 2 tid 105949
212 tid 105949
Insert  tid 105949
FindTargetPageId rootid 3 tid 105951
target_page_id id: 2 tid 105951
0 1 tid 105951
170 4 tid 105951
365 2 tid 105951
213 tid 105951
Insert  tid 105951
FindTargetPageId rootid 3 tid 105950
target_page_id id: 2 tid 105950
0 1 tid 105950
170 4 tid 105950
365 2 tid 105950
213 tid 105950
Remove  tid 105950
FindTargetPageId rootid 3 tid 105949
target_page_id id: 2 tid 105949
0 1 tid 105949
170 4 tid 105949
365 2 tid 105949
212 tid 105949
Insert  tid 105949
FindTargetPageId rootid 3 tid 105951
target_page_id id: 2 tid 105951
0 1 tid 105951
170 4 tid 105951
365 2 tid 105951
213 tid 105951
Insert  tid 105951
FindTargetPageId rootid 3 tid 105951
target_page_id id: 2 tid 105951
0 1 tid 105951
170 4 tid 105951
365 2 tid 105951
213 tid 105951
FindTargetPageId rootid 3 tid 105950
target_page_id id: 2 tid 105950
0 1 tid 105950
170 4 tid 105950
365 2 tid 105950
Insert  tid 105951
213 tid 105950
Remove  tid 105950
FindTargetPageId rootid 3 tid 105949
target_page_id id: 2 tid 105949
0 1 tid 105949
170 4 tid 105949
365 2 tid 105949
212 tid 105949
Insert  tid 105949
FindTargetPageId rootid 3 tid 105951
target_page_id id: 2 tid 105951
0 1 tid 105951
170 4 tid 105951
365 2 tid 105951
213 tid 105951
Insert  tid 105951
FindTargetPageId rootid 3 tid 105951
target_page_id id: 2 tid 105951
0 1 tid 105951
170 4 tid 105951
365 2 tid 105951
213 tid 105951
Insert  tid 105951
FindTargetPageId rootid 3 tid 105951
target_page_id id: 2 tid 105951
0 1 tid 105951
170 4 tid 105951
365 2 tid 105951
213 tid 105951
Insert  tid 105951
FindTargetPageId rootid 3 tid 105951
target_page_id id: 2 tid 105951
0 1 tid 105951
170 4 tid 105951
365 2 tid 105951
213 tid 105951
Insert  tid 105951
FindTargetPageId rootid 3 tid 105951
target_page_id id: 2 tid 105951
0 1 tid 105951
170 4 tid 105951
365 2 tid 105951
213 tid 105951
Insert  tid 105951
FindTargetPageId rootid 3 tid 105951
target_page_id id: 2 tid 105951
0 1 tid 105951
170 4 tid 105951
365 2 tid 105951
213 tid 105951
Insert  tid 105951
FindTargetPageId rootid 3 tid 105951
target_page_id id: 2 tid 105951
0 1 tid 105951
170 4 tid 105951
365 2 tid 105951
214 tid 105951
Insert  tid 105951
FindTargetPageId rootid 3 tid 105951
target_page_id id: 2 tid 105951
0 1 tid 105951
170 4 tid 105951
365 2 tid 105951
215 tid 105951
Insert  tid 105951
FindTargetPageId rootid 3 tid 105951
target_page_id id: 2 tid 105951
0 1 tid 105951
170 4 tid 105951
365 2 tid 105951
216 tid 105951
Insert  tid 105951
FindTargetPageId rootid 3 tid 105951
target_page_id id: 2 tid 105951
0 1 tid 105951
170 4 tid 105951
365 2 tid 105951
217 tid 105951
Insert  tid 105951
FindTargetPageId rootid 3 tid 105951
target_page_id id: 2 tid 105951
0 1 tid 105951
170 4 tid 105951
365 2 tid 105951
218 tid 105951
Insert  tid 105951
FindTargetPageId rootid 3 tid 105951
target_page_id id: 2 tid 105951
0 1 tid 105951
170 4 tid 105951
365 2 tid 105951
219 tid 105951
Insert  tid 105951
FindTargetPageId rootid 3 tid 105951
target_page_id id: 2 tid 105951
0 1 tid 105951
170 4 tid 105951
365 2 tid 105951
220 tid 105951
Insert  tid 105951
FindTargetPageId rootid 3 tid 105951
target_page_id id: 2 tid 105951
0 1 tid 105951
170 4 tid 105951
365 2 tid 105951
221 tid 105951
Insert  tid 105951
FindTargetPageId rootid 3 tid 105951
target_page_id id: 2 tid 105951
0 1 tid 105951
170 4 tid 105951
365 2 tid 105951
222 tid 105951
Insert  tid 105951
FindTargetPageId rootid 3 tid 105951
target_page_id id: 2 tid 105951
0 1 tid 105951
170 4 tid 105951
365 2 tid 105951
223 tid 105951
Insert  tid 105951
FindTargetPageId rootid 3 tid 105951
target_page_id id: 2 tid 105951
0 1 tid 105951
170 4 tid 105951
365 2 tid 105951
224 tid 105951
Insert  tid 105951
FindTargetPageId rootid 3 tid 105951
target_page_id id: 2 tid 105951
0 1 tid 105951
170 4 tid 105951
365 2 tid 105951
225 tid 105951
Insert  tid 105951
FindTargetPageId rootid 3 tid 105951
target_page_id id: 2 tid 105951
0 1 tid 105951
170 4 tid 105951
365 2 tid 105951
226 tid 105951
Insert  tid 105951
FindTargetPageId rootid 3 tid 105951
target_page_id id: 2 tid 105951
0 1 tid 105951
170 4 tid 105951
365 2 tid 105951
227 tid 105951
Insert  tid 105951
FindTargetPageId rootid 3 tid 105951
target_page_id id: 2 tid 105951
0 1 tid 105951
170 4 tid 105951
365 2 tid 105951
228 tid 105951
Insert  tid 105951
FindTargetPageId rootid 3 tid 105951
target_page_id id: 2 tid 105951
0 1 tid 105951
170 4 tid 105951
365 2 tid 105951
229 tid 105951
Insert  tid 105951
FindTargetPageId rootid 3 tid 105951
target_page_id id: 2 tid 105951
0 1 tid 105951
170 4 tid 105951
365 2 tid 105951
230 tid 105951
Insert  tid 105951
FindTargetPageId rootid 3 tid 105951
target_page_id id: 2 tid 105951
0 1 tid 105951
170 4 tid 105951
365 2 tid 105951
231 tid 105951
Insert  tid 105951
FindTargetPageId rootid 3 tid 105951
target_page_id id: 2 tid 105951
0 1 tid 105951
170 4 tid 105951
365 2 tid 105951
232 tid 105951
Insert  tid 105951
FindTargetPageId rootid 3 tid 105951
target_page_id id: 2 tid 105951
0 1 tid 105951
170 4 tid 105951
365 2 tid 105951
233 tid 105951
Insert  tid 105951
FindTargetPageId rootid 3 tid 105951
target_page_id id: 2 tid 105951
0 1 tid 105951
170 4 tid 105951
365 2 tid 105951
234 tid 105951
Insert  tid 105951
FindTargetPageId rootid 3 tid 105951
target_page_id id: 2 tid 105951
0 1 tid 105951
170 4 tid 105951
365 2 tid 105951
235 tid 105951
Insert  tid 105951
FindTargetPageId rootid 3 tid 105949
target_page_id id: 2 tid 105949
0 1 tid 105949
170 4 tid 105949
365 2 tid 105949
236 tid 105949
Insert  tid 105949
FindTargetPageId rootid 3 tid 105950
target_page_id id: 2 tid 105950
0 1 tid 105950
170 4 tid 105950
365 2 tid 105950
236 tid 105950
Remove  tid 105950
FindTargetPageId rootid 3 tid 105950
target_page_id id: 2 tid 105950
0 1 tid 105950
170 4 tid 105950
365 2 tid 105950
235 tid 105950
Remove  tid 105950
FindTargetPageId rootid 3 tid 105950
target_page_id id: 2 tid 105950
0 1 tid 105950
170 4 tid 105950
365 2 tid 105950
234 tid 105950
Remove  tid 105950
FindTargetPageId rootid 3 tid 105951
target_page_id id: 2 tid 105951
0 1 tid 105951
170 4 tid 105951
365 2 tid 105951
233 tid 105951
Insert  tid 105951
FindTargetPageId rootid 3 tid 105951
target_page_id id: 2 tid 105951
0 1 tid 105951
170 4 tid 105951
365 2 tid 105951
234 tid 105951
Insert  tid 105951
FindTargetPageId rootid 3 tid 105950
target_page_id id: 2 tid 105950
0 1 tid 105950
170 4 tid 105950
365 2 tid 105950
235 tid 105950
Remove  tid 105950
FindTargetPageId rootid 3 tid 105950
target_page_id id: 2 tid 105950
0 1 tid 105950
170 4 tid 105950
365 2 tid 105950
234 tid 105950
Remove  tid 105950
FindTargetPageId rootid 3 tid 105951
target_page_id id: 2 tid 105951
0 1 tid 105951
170 4 tid 105951
365 2 tid 105951
233 tid 105951
Insert  tid 105951
FindTargetPageId rootid 3 tid 105949
target_page_id id: 2 tid 105949
0 1 tid 105949
170 4 tid 105949
365 2 tid 105949
234 tid 105949
Insert  tid 105949
FindTargetPageId rootid 3 tid 105949
target_page_id id: 2 tid 105949
0 1 tid 105949
170 4 tid 105949
365 2 tid 105949
234 tid 105949
Insert  tid 105949
FindTargetPageId rootid 3 tid 105950
target_page_id id: 2 tid 105950
0 1 tid 105950
170 4 tid 105950
365 2 tid 105950
234 tid 105950
Remove  tid 105950
FindTargetPageId rootid 3 tid 105951
target_page_id id: 2 tid 105951
0 1 tid 105951
170 4 tid 105951
365 2 tid 105951
233 tid 105951
Insert  tid 105951
FindTargetPageId rootid 3 tid 105951
target_page_id id: 2 tid 105951
0 1 tid 105951
170 4 tid 105951
365 2 tid 105951
234 tid 105951
Insert  tid 105951
FindTargetPageId rootid 3 tid 105951
target_page_id id: 2 tid 105951
0 1 tid 105951
170 4 tid 105951
365 2 tid 105951
235 tid 105951
Insert  tid 105951
FindTargetPageId rootid 3 tid 105951
target_page_id id: 2 tid 105951
0 1 tid 105951
170 4 tid 105951
365 2 tid 105951
236 tid 105951
Insert  tid 105951
FindTargetPageId rootid 3 tid 105951
target_page_id id: 2 tid 105951
0 1 tid 105951
170 4 tid 105951
365 2 tid 105951
237 tid 105951
Insert  tid 105951
FindTargetPageId rootid 3 tid 105949
target_page_id id: 2 tid 105949
0 1 tid 105949
170 4 tid 105949
365 2 tid 105949
238 tid 105949
Insert  tid 105949
FindTargetPageId rootid 3 tid 105950
target_page_id id: 2 tid 105950
0 1 tid 105950
170 4 tid 105950
365 2 tid 105950
238 tid 105950
Remove  tid 105950
FindTargetPageId rootid 3 tid 105951
target_page_id id: 2 tid 105951
0 1 tid 105951
170 4 tid 105951
365 2 tid 105951
237 tid 105951
Insert  tid 105951
FindTargetPageId rootid 3 tid 105949
target_page_id id: 2 tid 105949
0 1 tid 105949
170 4 tid 105949
365 2 tid 105949
238 tid 105949
Insert  tid 105949
FindTargetPageId rootid 3 tid 105949
target_page_id id: 2 tid 105949
0 1 tid 105949
170 4 tid 105949
365 2 tid 105949
238 tid 105949
Insert  tid 105949
FindTargetPageId rootid 3 tid 105949
target_page_id id: 2 tid 105949
0 1 tid 105949
170 4 tid 105949
365 2 tid 105949
238 tid 105949
Insert  tid 105949
FindTargetPageId rootid 3 tid 105949
target_page_id id: 2 tid 105949
0 1 tid 105949
170 4 tid 105949
365 2 tid 105949
238 tid 105949
Insert  tid 105949
FindTargetPageId rootid 3 tid 105949
target_page_id id: 2 tid 105949
0 1 tid 105949
170 4 tid 105949
365 2 tid 105949
238 tid 105949
Insert  tid 105949
FindTargetPageId rootid 3 tid 105949
target_page_id id: 2 tid 105949
0 1 tid 105949
170 4 tid 105949
365 2 tid 105949
238 tid 105949
Insert  tid 105949
FindTargetPageId rootid 3 tid 105949
target_page_id id: 2 tid 105949
0 1 tid 105949
170 4 tid 105949
365 2 tid 105949
238 tid 105949
Insert  tid 105949
FindTargetPageId rootid 3 tid 105951
target_page_id id: 2 tid 105951
0 1 tid 105951
170 4 tid 105951
365 2 tid 105951
238 tid 105951
Insert  tid 105951
FindTargetPageId rootid 3 tid 105950
target_page_id id: 2 tid 105950
0 1 tid 105950
170 4 tid 105950
365 2 tid 105950
239 tid 105950
Remove  tid 105950
FindTargetPageId rootid 3 tid 105949
target_page_id id: 2 tid 105949
0 1 tid 105949
170 4 tid 105949
365 2 tid 105949
238 tid 105949
Insert  tid 105949
FindTargetPageId rootid 3 tid 105949
target_page_id id: 2 tid 105949
0 1 tid 105949
170 4 tid 105949
365 2 tid 105949
238 tid 105949
Insert  tid 105949
FindTargetPageId rootid 3 tid 105949
target_page_id id: 2 tid 105949
0 1 tid 105949
170 4 tid 105949
365 2 tid 105949
238 tid 105949
Insert  tid 105949
FindTargetPageId rootid 3 tid 105949
target_page_id id: 2 tid 105949
0 1 tid 105949
170 4 tid 105949
365 2 tid 105949
238 tid 105949
Insert  tid 105949
FindTargetPageId rootid 3 tid 105949
target_page_id id: 2 tid 105949
0 1 tid 105949
170 4 tid 105949
365 2 tid 105949
238 tid 105949
Insert  tid 105949
FindTargetPageId rootid 3 tid 105949
target_page_id id: 2 tid 105949
0 1 tid 105949
170 4 tid 105949
365 2 tid 105949
238 tid 105949
Insert  tid 105949
FindTargetPageId rootid 3 tid 105949
target_page_id id: 2 tid 105949
0 1 tid 105949
170 4 tid 105949
365 2 tid 105949
238 tid 105949
Insert  tid 105949
FindTargetPageId rootid 3 tid 105950
target_page_id id: 2 tid 105950
0 1 tid 105950
170 4 tid 105950
365 2 tid 105950
238 tid 105950
Remove  tid 105950
FindTargetPageId rootid 3 tid 105950
target_page_id id: 2 tid 105950
0 1 tid 105950
170 4 tid 105950
365 2 tid 105950
237 tid 105950
Remove  tid 105950
FindTargetPageId rootid 3 tid 105949
target_page_id id: 2 tid 105949
0 1 tid 105949
170 4 tid 105949
365 2 tid 105949
236 tid 105949
Insert  tid 105949
FindTargetPageId rootid 3 tid 105951
target_page_id id: 2 tid 105951
0 1 tid 105951
170 4 tid 105951
365 2 tid 105951
236 tid 105951
Insert  tid 105951
FindTargetPageId rootid 3 tid 105951
target_page_id id: 2 tid 105951
0 1 tid 105951
170 4 tid 105951
365 2 tid 105951
237 tid 105951
Insert  tid 105951
FindTargetPageId rootid 3 tid 105951
target_page_id id: 2 tid 105951
0 1 tid 105951
170 4 tid 105951
365 2 tid 105951
238 tid 105951
Insert  tid 105951
FindTargetPageId rootid 3 tid 105949
target_page_id id: 2 tid 105949
0 1 tid 105949
170 4 tid 105949
365 2 tid 105949
239 tid 105949
Insert  tid 105949
FindTargetPageId rootid 3 tid 105950
target_page_id id: 2 tid 105950
0 1 tid 105950
170 4 tid 105950
365 2 tid 105950
239 tid 105950
Remove  tid 105950
FindTargetPageId rootid 3 tid 105951
target_page_id id: 2 tid 105951
0 1 tid 105951
170 4 tid 105951
365 2 tid 105951
238 tid 105951
Insert  tid 105951
FindTargetPageId rootid 3 tid 105951
target_page_id id: 2 tid 105951
0 1 tid 105951
170 4 tid 105951
365 2 tid 105951
239 tid 105951
Insert  tid 105951
FindTargetPageId rootid 3 tid 105951
target_page_id id: 2 tid 105951
0 1 tid 105951
170 4 tid 105951
365 2 tid 105951
240 tid 105951
Insert  tid 105951
FindTargetPageId rootid 3 tid 105951
target_page_id id: 2 tid 105951
0 1 tid 105951
170 4 tid 105951
365 2 tid 105951
241 tid 105951
Insert  tid 105951
FindTargetPageId rootid 3 tid 105951
target_page_id id: 2 tid 105951
0 1 tid 105951
170 4 tid 105951
365 2 tid 105951
242 tid 105951
Insert  tid 105951
FindTargetPageId rootid 3 tid 105951
target_page_id id: 2 tid 105951
0 1 tid 105951
170 4 tid 105951
365 2 tid 105951
243 tid 105951
Insert  tid 105951
FindTargetPageId rootid 3 tid 105951
target_page_id id: 2 tid 105951
0 1 tid 105951
170 4 tid 105951
365 2 tid 105951
244 tid 105951
Insert  tid 105951
FindTargetPageId rootid 3 tid 105950
target_page_id id: 2 tid 105950
0 1 tid 105950
170 4 tid 105950
365 2 tid 105950
245 tid 105950
Remove  tid 105950
FindTargetPageId rootid 3 tid 105949
target_page_id id: 2 tid 105949
0 1 tid 105949
170 4 tid 105949
365 2 tid 105949
244 tid 105949
FindTargetPageId rootid 3 tid Insert 105951
target_page_id id: 2 tid 105951
0 1 tid 105951
170 4 tid 105951
365 2 tid 105951
 tid 244 tid 105949105951

Insert  tid 105951
FindTargetPageId rootid 3 tid 105951
target_page_id id: 2 tid 105951
0 1 tid 105951
170 4 tid 105951
365 2 tid 105951
245 tid 105951
Insert  tid 105951
FindTargetPageId rootid 3 tid 105951
target_page_id id: 2 tid 105951
0 1 tid 105951
170 4 tid 105951
365 2 tid 105951
246 tid 105951
Insert  tid 105951
FindTargetPageId rootid 3 tid 105951
target_page_id id: 2 tid 105951
0 1 tid 105951
170 4 tid 105951
365 2 tid 105951
247 tid 105951
Insert  tid 105951
FindTargetPageId rootid 3 tid 105951
target_page_id id: 2 tid 105951
0 1 tid 105951
170 4 tid 105951
365 2 tid 105951
248 tid 105951
Insert  tid 105951
FindTargetPageId rootid 3 tid 105951
target_page_id id: 2 tid 105951
0 1 tid 105951
170 4 tid 105951
365 2 tid 105951
249 tid 105951
Insert  tid 105951
FindTargetPageId rootid 3 tid 105951
target_page_id id: 2 tid 105951
0 1 tid 105951
170 4 tid 105951
365 2 tid 105951
250 tid 105951
Insert  tid 105951
FindTargetPageId rootid 3 tid 105951
target_page_id id: 2 tid 105951
0 1 tid 105951
170 4 tid 105951
365 2 tid 105951
251 tid 105951
Insert  tid 105951
FindTargetPageId rootid 3 tid 105951
target_page_id id: 2 tid 105951
0 1 tid 105951
170 4 tid 105951
365 2 tid 105951
252 tid 105951
Insert  tid 105951
FindTargetPageId rootid 3 tid 105951
target_page_id id: 2 tid 105951
0 1 tid 105951
170 4 tid 105951
365 2 tid 105951
253 tid 105951
Insert  tid 105951
FindTargetPageId rootid 3 tid 105951
target_page_id id: 2 tid 105951
0 1 tid 105951
170 4 tid 105951
365 2 tid 105951
254 tid 105951
Insert  tid 105951
FindTargetPageId rootid 3 tid 105950
target_page_id id: 2 tid 105950
0 1 tid 105950
170 4 tid 105950
365 2 tid 105950
642 5 tid 105950
127 tid 105950
Remove  tid 105950
FindTargetPageId rootid 3 tid 105950
target_page_id id: 2 tid 105950
0 1 tid 105950
170 4 tid 105950
364 2 tid 105950
642 5 tid 105950
127 tid 105950
Remove  tid 105950
FindTargetPageId rootid 3 tid 105950
target_page_id id: 2 tid 105950
0 1 tid 105950
170 4 tid 105950
363 2 tid 105950
642 5 tid 105950
127 tid 105950
Remove  tid 105950
FindTargetPageId rootid 3 tid 105949
target_page_id id: 5 tid 105949
0 1 tid 105949
170 4 tid 105949
362 2 tid 105949
642 5 tid 105949
128 tid 105949
Insert  tid 105949
FindTargetPageId rootid 3 tid 105949
target_page_id id: 5 tid 105949
0 1 tid 105949
170 4 tid 105949
362 2 tid 105949
642 5 tid 105949
128 tid 105949
Insert  tid 105949
FindTargetPageId rootid 3 tid 105949
target_page_id id: 5 tid 105949
0 1 tid 105949
170 4 tid 105949
362 2 tid 105949
642 5 tid 105949
128 tid 105949
Insert  tid 105949
FindTargetPageId rootid 3 tid 105949
target_page_id id: 5 tid 105949
0 1 tid 105949
170 4 tid 105949
362 2 tid 105949
642 5 tid 105949
128 tid 105949
Insert  tid 105949
FindTargetPageId rootid 3 tid 105949
target_page_id id: 5 tid 105949
0 1 tid 105949
170 4 tid 105949
362 2 tid 105949
642 5 tid 105949
128 tid 105949
Insert  tid 105949
FindTargetPageId rootid 3 tid 105949
target_page_id id: 5 tid 105949
0 1 tid 105949
170 4 tid 105949
362 2 tid 105949
642 5 tid 105949
128 tid 105949
Insert  tid 105949
FindTargetPageId rootid 3 tid 105949
target_page_id id: 5 tid 105949
0 1 tid 105949
170 4 tid 105949
362 2 tid 105949
642 5 tid 105949
128 tid 105949
Insert  tid 105949
FindTargetPageId rootid 3 tid 105949
target_page_id id: 5 tid 105949
0 1 tid 105949
170 4 tid 105949
362 2 tid 105949
642 5 tid 105949
128 tid 105949
Insert  tid 105949
FindTargetPageId rootid 3 tid 105949
target_page_id id: 5 tid 105949
0 1 tid 105949
170 4 tid 105949
362 2 tid 105949
642 5 tid 105949
128 tid 105949
Insert  tid 105949
FindTargetPageId rootid 3 tid 105949
target_page_id id: 5 tid 105949
0 1 tid 105949
170 4 tid 105949
362 2 tid 105949
642 5 tid 105949
128 tid 105949
Insert  tid 105949
FindTargetPageId rootid 3 tid 105949
target_page_id id: 5 tid 105949
0 1 tid 105949
170 4 tid 105949
362 2 tid 105949
642 5 tid 105949
128 tid 105949
Insert  tid 105949
FindTargetPageId rootid 3 tid 105949
target_page_id id: 5 tid 105949
0 1 tid 105949
170 4 tid 105949
362 2 tid 105949
642 5 tid 105949
128 tid 105949
Insert  tid 105949
FindTargetPageId rootid 3 tid 105951
target_page_id id: 5 tid 105951
0 1 tid 105951
170 4 tid 105951
362 2 tid 105951
642 5 tid 105951
128 tid 105951
Insert  tid 105951
FindTargetPageId rootid 3 tid 105950
target_page_id id: 2 tid 105950
0 1 tid 105950
170 4 tid 105950
362 2 tid 105950
642 5 tid 105950
127 tid 105950
Remove  tid 105950
FindTargetPageId rootid 3 tid 105950
target_page_id id: 2 tid 105950
0 1 tid 105950
170 4 tid 105950
361 2 tid 105950
642 5 tid 105950
127 tid 105950
Remove  tid 105950
FindTargetPageId rootid 3 tid 105950
target_page_id id: 2 tid 105950
0 1 tid 105950
170 4 tid 105950
360 2 tid 105950
642 5 tid 105950
127 tid 105950
Remove  tid 105950
FindTargetPageId rootid 3 tid 105950
target_page_id id: 2 tid 105950
0 1 tid 105950
170 4 tid 105950
359 2 tid 105950
642 5 tid 105950
127 tid 105950
Remove  tid 105950
FindTargetPageId rootid 3 tid 105950
target_page_id id: 2 tid 105950
0 1 tid 105950
170 4 tid 105950
358 2 tid 105950
642 5 tid 105950
127 tid 105950
Remove  tid 105950
FindTargetPageId rootid 3 tid 105950
target_page_id id: 2 tid 105950
0 1 tid 105950
170 4 tid 105950
357 2 tid 105950
642 5 tid 105950
127 tid 105950
Remove  tid 105950
FindTargetPageId rootid 3 tid 105950
target_page_id id: 2 tid 105950
0 1 tid 105950
170 4 tid 105950
356 2 tid 105950
642 5 tid 105950
127 tid 105950
Remove  tid 105950
FindTargetPageId rootid 3 tid 105950
target_page_id id: 2 tid 105950
0 1 tid 105950
170 4 tid 105950
355 2 tid 105950
642 5 tid 105950
127 tid 105950
Remove  tid 105950
FindTargetPageId rootid 3 tid 105950
target_page_id id: 2 tid 105950
0 1 tid 105950
170 4 tid 105950
354 2 tid 105950
642 5 tid 105950
127 tid 105950
Remove  tid 105950
FindTargetPageId rootid 3 tid 105950
target_page_id id: 2 tid 105950
0 1 tid 105950
170 4 tid 105950
353 2 tid 105950
642 5 tid 105950
127 tid 105950
Remove  tid 105950
FindTargetPageId rootid 3 tid 105949
target_page_id id: 5 tid 105949
0 1 tid 105949
170 4 tid 105949
352 2 tid 105949
642 5 tid 105949
129 tid 105949
Insert  tid 105949
FindTargetPageId rootid 3 tid 105949
target_page_id id: 5 tid 105949
0 1 tid 105949
170 4 tid 105949
352 2 tid 105949
642 5 tid 105949
129 tid 105949
Insert  tid 105949
FindTargetPageId rootid 3 tid 105950
target_page_id id: 2 tid 105950
0 1 tid 105950
170 4 tid 105950
352 2 tid 105950
642 5 tid 105950
127 tid 105950
Remove  tid 105950
FindTargetPageId rootid 3 tid 105951
target_page_id id: 5 tid 105951
0 1 tid 105951
170 4 tid 105951
351 2 tid 105951
642 5 tid 105951
129 tid 105951
Insert  tid 105951
FindTargetPageId rootid 3 tid 105949
target_page_id id: 5 tid 105949
0 1 tid 105949
170 4 tid 105949
351 2 tid 105949
642 5 tid 105949
130 tid 105949
Insert  tid 105949
FindTargetPageId rootid 3 tid 105949
target_page_id id: 5 tid 105949
0 1 tid 105949
170 4 tid 105949
351 2 tid 105949
642 5 tid 105949
130 tid 105949
Insert  tid 105949
FindTargetPageId rootid 3 tid 105951
target_page_id id: 5 tid 105951
0 1 tid 105951
170 4 tid 105951
351 2 tid 105951
642 5 tid 105951
130 tid 105951
Insert  tid 105951
FindTargetPageId rootid 3 tid 105950
target_page_id id: 2 tid 105950
0 1 tid 105950
170 4 tid 105950
351 2 tid 105950
642 5 tid 105950
127 tid 105950
Remove  tid 105950
FindTargetPageId rootid 3 tid 105949
target_page_id id: 5 tid 105949
0 1 tid 105949
170 4 tid 105949
350 2 tid 105949
642 5 tid 105949
131 tid 105949
Insert  tid 105949
FindTargetPageId rootid 3 tid 105951
target_page_id id: 5 tid 105951
0 1 tid 105951
170 4 tid 105951
350 2 tid 105951
642 5 tid 105951
131 tid 105951
Insert  tid 105951
FindTargetPageId rootid 3 tid 105950
target_page_id id: 2 tid 105950
0 1 tid 105950
170 4 tid 105950
350 2 tid 105950
642 5 tid 105950
127 tid 105950
Remove  tid 105950
FindTargetPageId rootid 3 tid 105949
target_page_id id: 5 tid 105949
0 1 tid 105949
170 4 tid 105949
349 2 tid 105949
642 5 tid 105949
132 tid 105949
Insert  tid 105949
FindTargetPageId rootid 3 tid 105949
target_page_id id: 5 tid 105949
0 1 tid 105949
170 4 tid 105949
349 2 tid 105949
642 5 tid 105949
132 tid 105949
Insert  tid 105949
FindTargetPageId rootid 3 tid 105950
target_page_id id: 5 tid 105950
0 1 tid 105950
170 4 tid 105950
349 2 tid 105950
642 5 tid 105950
132 tid 105950
Remove  tid 105950
FindTargetPageId rootid 3 tid 105950
target_page_id id: 5 tid 105950
0 1 tid 105950
170 4 tid 105950
349 2 tid 105950
642 5 tid 105950
131 tid 105950
Remove  tid 105950
FindTargetPageId rootid 3 tid 105949
target_page_id id: 5 tid 105949
0 1 tid 105949
170 4 tid 105949
349 2 tid 105949
642 5 tid 105949
130 tid 105949
Insert  tid 105949
FindTargetPageId rootid 3 tid 105951
target_page_id id: 5 tid 105951
0 1 tid 105951
170 4 tid 105951
349 2 tid 105951
642 5 tid 105951
130 tid 105951
Insert  tid 105951
FindTargetPageId rootid 3 tid 105951
target_page_id id: 5 tid 105951
0 1 tid 105951
170 4 tid 105951
349 2 tid 105951
642 5 tid 105951
131 tid 105951
Insert  tid 105951
FindTargetPageId rootid 3 tid 105951
target_page_id id: 5 tid 105951
0 1 tid 105951
170 4 tid 105951
349 2 tid 105951
642 5 tid 105951
132 tid 105951
Insert  tid 105951
FindTargetPageId rootid 3 tid 105951
target_page_id id: 5 tid 105951
0 1 tid 105951
170 4 tid 105951
349 2 tid 105951
642 5 tid 105951
133 tid 105951
Insert  tid 105951
FindTargetPageId rootid 3 tid 105951
target_page_id id: 5 tid 105951
0 1 tid 105951
170 4 tid 105951
349 2 tid 105951
642 5 tid 105951
134 tid 105951
Insert  tid 105951
FindTargetPageId rootid 3 tid 105951
target_page_id id: 5 tid 105951
0 1 tid 105951
170 4 tid 105951
349 2 tid 105951
642 5 tid 105951
135 tid 105951
Insert  tid 105951
FindTargetPageId rootid 3 tid 105951
target_page_id id: 5 tid 105951
0 1 tid 105951
170 4 tid 105951
349 2 tid 105951
642 5 tid 105951
136 tid 105951
Insert  tid 105951
FindTargetPageId rootid 3 tid 105951
target_page_id id: 5 tid 105951
0 1 tid 105951
170 4 tid 105951
349 2 tid 105951
642 5 tid 105951
137 tid 105951
Insert  tid 105951
FindTargetPageId rootid 3 tid 105951
target_page_id id: 5 tid 105951
0 1 tid 105951
170 4 tid 105951
349 2 tid 105951
642 5 tid 105951
138 tid 105951
Insert  tid 105951
FindTargetPageId rootid 3 tid 105951
target_page_id id: 5 tid 105951
0 1 tid 105951
170 4 tid 105951
349 2 tid 105951
642 5 tid 105951
139 tid 105951
Insert  tid 105951
FindTargetPageId rootid 3 tid 105951
target_page_id id: 5 tid 105951
0 1 tid 105951
170 4 tid 105951
349 2 tid 105951
642 5 tid 105951
140 tid 105951
Insert  tid 105951
FindTargetPageId rootid 3 tid 105951
target_page_id id: 5 tid 105951
0 1 tid 105951
170 4 tid 105951
349 2 tid 105951
642 5 tid 105951
141 tid 105951
Insert  tid 105951
FindTargetPageId rootid 3 tid 105951
target_page_id id: 5 tid 105951
0 1 tid 105951
170 4 tid 105951
349 2 tid 105951
642 5 tid 105951
142 tid 105951
Insert  tid 105951
FindTargetPageId rootid 3 tid 105950
target_page_id id: 5 tid 105950
0 1 tid 105950
170 4 tid 105950
349 2 tid 105950
642 5 tid 105950
143 tid 105950
Remove  tid 105950
FindTargetPageId rootid 3 tid 105950
target_page_id id: 5 tid 105950
0 1 tid 105950
170 4 tid 105950
349 2 tid 105950
642 5 tid 105950
142 tid 105950
Remove  tid 105950
FindTargetPageId rootid 3 tid 105950
target_page_id id: 5 tid 105950
0 1 tid 105950
170 4 tid 105950
349 2 tid 105950
642 5 tid 105950
141 tid 105950
Remove  tid 105950
FindTargetPageId rootid 3 tid 105950
target_page_id id: 5 tid 105950
0 1 tid 105950
170 4 tid 105950
349 2 tid 105950
642 5 tid 105950
140 tid 105950
Remove  tid 105950
FindTargetPageId rootid 3 tid 105950
target_page_id id: 5 tid 105950
0 1 tid 105950
170 4 tid 105950
349 2 tid 105950
642 5 tid 105950
139 tid 105950
Remove  tid 105950
FindTargetPageId rootid 3 tid 105950
target_page_id id: 5 tid 105950
0 1 tid 105950
170 4 tid 105950
349 2 tid 105950
642 5 tid 105950
138 tid 105950
Remove  tid 105950
FindTargetPageId rootid 3 tid 105949
target_page_id id: 5 tid 105949
0 1 tid 105949
170 4 tid 105949
349 2 tid 105949
642 5 tid 105949
137 tid 105949
Insert  tid 105949
FindTargetPageId rootid 3 tid 105949
target_page_id id: 5 tid 105949
0 1 tid 105949
170 4 tid 105949
349 2 tid 105949
642 5 tid 105949
137 tid 105949
Insert  tid 105949
FindTargetPageId rootid 3 tid 105949
target_page_id id: 5 tid 105949
0 1 tid 105949
170 4 tid 105949
349 2 tid 105949
642 5 tid 105949
137 tid 105949
Insert  tid 105949
FindTargetPageId rootid 3 tid 105950
target_page_id id: 5 tid 105950
0 1 tid 105950
170 4 tid 105950
349 2 tid 105950
642 5 tid 105950
137 tid 105950
Remove  tid 105950
FindTargetPageId rootid 3 tid 105950
target_page_id id: 5 tid 105950
0 1 tid 105950
170 4 tid 105950
349 2 tid 105950
642 5 tid 105950
136 tid 105950
FindTargetPageId rootid 3 tid 105951
target_page_id id: 5 tid 105951
0 1 tid 105951
170 4 tid 105951
349 2 tid 105951
642 5 tid 105951
135 tid 105951
Remove  tid 105950
Insert  tid 105951
FindTargetPageId rootid 3 tid 105950
target_page_id id: 5 tid 105950
0 1 tid 105950
170 4 tid 105950
349 2 tid 105950
642 5 tid 105950
136 tid 105950
Remove  tid 105950
FindTargetPageId rootid 3 tid 105949
target_page_id id: 5 tid 105949
0 1 tid 105949
170 4 tid 105949
349 2 tid 105949
642 5 tid 105949
135 tid 105949
Insert  tid 105949
FindTargetPageId rootid 3 tid 105949
target_page_id id: 5 tid 105949
0 1 tid 105949
170 4 tid 105949
349 2 tid 105949
642 5 tid 105949
135 tid 105949
Insert  tid 105949
FindTargetPageId rootid 3 tid 105949
target_page_id id: 5 tid 105949
0 1 tid 105949
170 4 tid 105949
349 2 tid 105949
642 5 tid 105949
135 tid 105949
Insert  tid 105949
FindTargetPageId rootid 3 tid 105949
target_page_id id: 5 tid 105949
0 1 tid 105949
170 4 tid 105949
349 2 tid 105949
642 5 tid 105949
135 tid 105949
Insert  tid 105949
FindTargetPageId rootid 3 tid 105949
target_page_id id: 5 tid 105949
0 1 tid 105949
170 4 tid 105949
349 2 tid 105949
642 5 tid 105949
135 tid 105949
Insert  tid 105949
FindTargetPageId rootid 3 tid 105949
target_page_id id: 5 tid 105949
0 1 tid 105949
170 4 tid 105949
349 2 tid 105949
642 5 tid 105949
135 tid 105949
Insert  tid 105949
FindTargetPageId rootid 3 tid 105949
target_page_id id: 5 tid 105949
0 1 tid 105949
170 4 tid 105949
349 2 tid 105949
642 5 tid 105949
135 tid 105949
Insert  tid 105949
FindTargetPageId rootid 3 tid 105949
target_page_id id: 5 tid 105949
0 1 tid 105949
170 4 tid 105949
349 2 tid 105949
642 5 tid 105949
135 tid 105949
Insert  tid 105949
FindTargetPageId rootid 3 tid 105950
target_page_id id: 5 tid 105950
0 1 tid 105950
170 4 tid 105950
349 2 tid 105950
642 5 tid 105950
135 tid 105950
Remove  tid 105950
FindTargetPageId rootid 3 tid 105950
target_page_id id: 5 tid 105950
0 1 tid 105950
170 4 tid 105950
349 2 tid 105950
642 5 tid 105950
134 tid 105950
Remove  tid 105950
FindTargetPageId rootid 3 tid 105950
target_page_id id: 5 tid 105950
0 1 tid 105950
170 4 tid 105950
349 2 tid 105950
642 5 tid 105950
133 tid 105950
Remove  tid 105950
FindTargetPageId rootid 3 tid 105950
target_page_id id: 5 tid 105950
0 1 tid 105950
170 4 tid 105950
349 2 tid 105950
642 5 tid 105950
132 tid 105950
Remove  tid 105950
FindTargetPageId rootid 3 tid 105950
target_page_id id: 5 tid 105950
0 1 tid 105950
170 4 tid 105950
349 2 tid 105950
642 5 tid 105950
131 tid 105950
Remove  tid 105950
FindTargetPageId rootid 3 tid 105950
target_page_id id: 5 tid 105950
0 1 tid 105950
170 4 tid 105950
349 2 tid 105950
642 5 tid 105950
130 tid 105950
Remove  tid 105950
FindTargetPageId rootid 3 tid 105949
target_page_id id: 5 tid 105949
0 1 tid 105949
170 4 tid 105949
349 2 tid 105949
642 5 tid 105949
129 tid 105949
Insert  tid 105949
FindTargetPageId rootid 3 tid 105951
target_page_id id: 5 tid 105951
0 1 tid 105951
170 4 tid 105951
349 2 tid 105951
642 5 tid 105951
129 tid 105951
Insert  tid 105951
FindTargetPageId rootid 3 tid 105951
target_page_id id: 5 tid 105951
0 1 tid 105951
170 4 tid 105951
349 2 tid 105951
642 5 tid 105951
130 tid 105951
Insert  tid 105951
FindTargetPageId rootid 3 tid 105951
target_page_id id: 5 tid 105951
0 1 tid 105951
170 4 tid 105951
349 2 tid 105951
642 5 tid 105951
131 tid 105951
Insert  tid 105951
FindTargetPageId rootid 3 tid 105949
target_page_id id: 5 tid 105949
0 1 tid 105949
170 4 tid 105949
349 2 tid 105949
642 5 tid 105949
132 tid 105949
Insert  tid 105949
FindTargetPageId rootid 3 tid 105949
target_page_id id: 5 tid 105949
0 1 tid 105949
170 4 tid 105949
349 2 tid 105949
642 5 tid 105949
132 tid 105949
Insert  tid 105949
FindTargetPageId rootid 3 tid 105951
target_page_id id: 5 tid 105951
0 1 tid 105951
170 4 tid 105951
349 2 tid 105951
642 5 tid 105951
132 tid 105951
Insert  tid 105951
FindTargetPageId rootid 3 tid 105950
target_page_id id: 5 tid 105950
0 1 tid 105950
170 4 tid 105950
349 2 tid 105950
642 5 tid 105950
133 tid 105950
Remove  tid 105950
FindTargetPageId rootid 3 tid 105949
target_page_id id: 5 tid 105949
0 1 tid 105949
170 4 tid 105949
349 2 tid 105949
642 5 tid 105949
132 tid 105949
Insert  tid 105949
FindTargetPageId rootid 3 tid 105951
target_page_id id: 5 tid 105951
0 1 tid 105951
170 4 tid 105951
349 2 tid 105951
642 5 tid 105951
132 tid 105951
Insert  tid 105951
FindTargetPageId rootid 3 tid 105950
target_page_id id: 5 tid 105950
0 1 tid 105950
170 4 tid 105950
349 2 tid 105950
642 5 tid 105950
133 tid 105950
Remove  tid 105950
FindTargetPageId rootid 3 tid 105949
target_page_id id: 5 tid 105949
0 1 tid 105949
170 4 tid 105949
349 2 tid 105949
642 5 tid 105949
132 tid 105949
Insert  tid 105949
FindTargetPageId rootid 3 tid 105949
target_page_id id: 5 tid 105949
0 1 tid 105949
170 4 tid 105949
349 2 tid 105949
642 5 tid 105949
132 tid 105949
Insert  tid 105949
FindTargetPageId rootid 3 tid 105951
target_page_id id: 5 tid 105951
0 1 tid 105951
170 4 tid 105951
349 2 tid 105951
642 5 tid 105951
132 tid 105951
Insert  tid 105951
FindTargetPageId rootid 3 tid 105949
target_page_id id: 5 tid 105949
0 1 tid 105949
170 4 tid 105949
349 2 tid 105949
642 5 tid 105949
133 tid 105949
Insert  tid 105949
FindTargetPageId rootid 3 tid 105950
target_page_id id: 5 tid 105950
0 1 tid 105950
170 4 tid 105950
349 2 tid 105950
642 5 tid 105950
133 tid 105950
Remove  tid 105950
FindTargetPageId rootid 3 tid 105949
target_page_id id: 5 tid 105949
0 1 tid 105949
170 4 tid 105949
349 2 tid 105949
642 5 tid 105949
132 tid 105949
Insert  tid 105949
FindTargetPageId rootid 3 tid 105951
target_page_id id: 5 tid 105951
0 1 tid 105951
170 4 tid 105951
349 2 tid 105951
642 5 tid 105951
132 tid 105951
Insert  tid 105951
FindTargetPageId rootid 3 tid 105951
target_page_id id: 5 tid 105951
0 1 tid 105951
170 4 tid 105951
349 2 tid 105951
642 5 tid 105951
133 tid 105951
Insert  tid 105951
FindTargetPageId rootid 3 tid 105951
target_page_id id: 5 tid 105951
0 1 tid 105951
170 4 tid 105951
349 2 tid 105951
642 5 tid 105951
134 tid 105951
Insert  tid 105951
FindTargetPageId rootid 3 tid 105949
target_page_id id: 5 tid 105949
0 1 tid 105949
170 4 tid 105949
349 2 tid 105949
642 5 tid 105949
135 tid 105949
Insert  tid 105949
FindTargetPageId rootid 3 tid 105950
target_page_id id: 5 tid 105950
0 1 tid 105950
170 4 tid 105950
349 2 tid 105950
642 5 tid 105950
135 tid 105950
Remove  tid 105950
FindTargetPageId rootid 3 tid 105950
target_page_id id: 5 tid 105950
0 1 tid 105950
170 4 tid 105950
349 2 tid 105950
642 5 tid 105950
134 tid 105950
Remove  tid 105950
FindTargetPageId rootid 3 tid 105949
target_page_id id: 5 tid 105949
0 1 tid 105949
170 4 tid 105949
349 2 tid 105949
642 5 tid 105949
133 tid 105949
Insert  tid 105949
FindTargetPageId rootid 3 tid 105951
target_page_id id: 5 tid 105951
0 1 tid 105951
170 4 tid 105951
349 2 tid 105951
642 5 tid 105951
133 tid 105951
Insert  tid 105951
FindTargetPageId rootid 3 tid 105950
target_page_id id: 5 tid 105950
0 1 tid 105950
170 4 tid 105950
349 2 tid 105950
642 5 tid 105950
134 tid 105950
Remove  tid 105950
FindTargetPageId rootid 3 tid 105949
target_page_id id: 5 tid 105949
0 1 tid 105949
170 4 tid 105949
349 2 tid 105949
642 5 tid 105949
133 tid 105949
Insert  tid 105949
FindTargetPageId rootid 3 tid 105949
target_page_id id: 5 tid 105949
0 1 tid 105949
170 4 tid 105949
349 2 tid 105949
642 5 tid 105949
133 tid 105949
Insert  tid 105949
FindTargetPageId rootid 3 tid 105949
target_page_id id: 5 tid 105949
0 1 tid 105949
170 4 tid 105949
349 2 tid 105949
642 5 tid 105949
133 tid 105949
Insert  tid 105949
FindTargetPageId rootid 3 tid 105950
target_page_id id: 5 tid 105950
0 1 tid 105950
170 4 tid 105950
349 2 tid 105950
642 5 tid 105950
133 tid 105950
Remove  tid 105950
FindTargetPageId rootid 3 tid 105950
target_page_id id: 5 tid 105950
0 1 tid 105950
170 4 tid 105950
349 2 tid 105950
642 5 tid 105950
132 tid 105950
Remove  tid 105950
FindTargetPageId rootid 3 tid 105949
target_page_id id: 5 tid 105949
0 1 tid 105949
170 4 tid 105949
349 2 tid 105949
642 5 tid 105949
131 tid 105949
Insert  tid 105949
FindTargetPageId rootid 3 tid 105951
target_page_id id: 5 tid 105951
0 1 tid 105951
170 4 tid 105951
349 2 tid 105951
642 5 tid 105951
131 tid 105951
Insert  tid 105951
FindTargetPageId rootid 3 tid 105951
target_page_id id: 5 tid 105951
0 1 tid 105951
170 4 tid 105951
349 2 tid 105951
642 5 tid 105951
132 tid 105951
Insert  tid 105951
FindTargetPageId rootid 3 tid 105951
target_page_id id: 5 tid 105951
0 1 tid 105951
170 4 tid 105951
349 2 tid 105951
642 5 tid 105951
133 tid 105951
Insert  tid 105951
FindTargetPageId rootid 3 tid 105951
target_page_id id: 5 tid 105951
0 1 tid 105951
170 4 tid 105951
349 2 tid 105951
642 5 tid 105951
134 tid 105951
Insert  tid 105951
FindTargetPageId rootid 3 tid 105951
target_page_id id: 5 tid 105951
0 1 tid 105951
170 4 tid 105951
349 2 tid 105951
642 5 tid 105951
135 tid 105951
Insert  tid 105951
FindTargetPageId rootid 3 tid 105950
target_page_id id: 5 tid 105950
0 1 tid 105950
170 4 tid 105950
349 2 tid 105950
642 5 tid 105950
136 tid 105950
Remove  tid 105950
FindTargetPageId rootid 3 tid 105950
target_page_id id: 5 tid 105950
0 1 tid 105950
170 4 tid 105950
349 2 tid 105950
642 5 tid 105950
135 tid 105950
Remove  tid 105950
FindTargetPageId rootid 3 tid 105950
target_page_id id: 5 tid 105950
0 1 tid 105950
170 4 tid 105950
349 2 tid 105950
642 5 tid 105950
134 tid 105950
Remove  tid 105950
FindTargetPageId rootid 3 tid 105950
target_page_id id: 5 tid 105950
0 1 tid 105950
170 4 tid 105950
349 2 tid 105950
642 5 tid 105950
133 tid 105950
Remove  tid 105950
FindTargetPageId rootid 3 tid 105950
target_page_id id: 5 tid 105950
0 1 tid 105950
170 4 tid 105950
349 2 tid 105950
642 5 tid 105950
132 tid 105950
Remove  tid 105950
FindTargetPageId rootid 3 tid 105950
target_page_id id: 5 tid 105950
0 1 tid 105950
170 4 tid 105950
349 2 tid 105950
642 5 tid 105950
131 tid 105950
Remove  tid 105950
FindTargetPageId rootid 3 tid 105951
target_page_id id: 5 tid 105951
0 1 tid 105951
170 4 tid 105951
349 2 tid 105951
642 5 tid 105951
130 tid 105951
Insert  tid 105951
FindTargetPageId rootid 3 tid 105951
target_page_id id: 5 tid 105951
0 1 tid 105951
170 4 tid 105951
349 2 tid 105951
642 5 tid 105951
131 tid 105951
Insert  tid 105951
FindTargetPageId rootid 3 tid 105951
target_page_id id: 5 tid 105951
0 1 tid 105951
170 4 tid 105951
349 2 tid 105951
642 5 tid 105951
132 tid 105951
Insert  tid 105951
FindTargetPageId rootid 3 tid 105950
target_page_id id: 5 tid 105950
0 1 tid 105950
170 4 tid 105950
349 2 tid 105950
642 5 tid 105950
133 tid 105950
Remove  tid 105950
FindTargetPageId rootid 3 tid 105949
target_page_id id: 5 tid 105949
0 1 tid 105949
170 4 tid 105949
349 2 tid 105949
642 5 tid 105949
132 tid 105949
Insert  tid 105949
FindTargetPageId rootid 3 tid 105951
target_page_id id: 5 tid 105951
0 1 tid 105951
170 4 tid 105951
349 2 tid 105951
642 5 tid 105951
132 tid 105951
Insert  tid 105951
FindTargetPageId rootid 3 tid 105950
target_page_id id: 5 tid 105950
0 1 tid 105950
170 4 tid 105950
349 2 tid 105950
642 5 tid 105950
133 tid 105950
Remove  tid 105950
FindTargetPageId rootid 3 tid 105949
target_page_id id: 5 tid 105949
0 1 tid 105949
170 4 tid 105949
349 2 tid 105949
642 5 tid 105949
132 tid 105949
Insert  tid 105949
FindTargetPageId rootid 3 tid 105951
target_page_id id: 5 tid 105951
0 1 tid 105951
170 4 tid 105951
349 2 tid 105951
642 5 tid 105951
132 tid 105951
Insert  tid 105951
FindTargetPageId rootid 3 tid 105950
target_page_id id: 5 tid 105950
0 1 tid 105950
170 4 tid 105950
349 2 tid 105950
642 5 tid 105950
133 tid 105950
Remove  tid 105950
FindTargetPageId rootid 3 tid 105950
target_page_id id: 5 tid 105950
0 1 tid 105950
170 4 tid 105950
349 2 tid 105950
642 5 tid 105950
132 tid 105950
Remove  tid 105950
FindTargetPageId rootid 3 tid 105951
target_page_id id: 5 tid 105951
0 1 tid 105951
170 4 tid 105951
349 2 tid 105951
642 5 tid 105951
131 tid 105951
Insert  tid 105951
FindTargetPageId rootid 3 tid 105951
target_page_id id: 5 tid 105951
0 1 tid 105951
170 4 tid 105951
349 2 tid 105951
642 5 tid 105951
132 tid 105951
Insert  tid 105951
FindTargetPageId rootid 3 tid 105951
target_page_id id: 5 tid 105951
0 1 tid 105951
170 4 tid 105951
349 2 tid 105951
642 5 tid 105951
133 tid 105951
Insert  tid 105951
FindTargetPageId rootid 3 tid 105950
target_page_id id: 5 tid 105950
0 1 tid 105950
170 4 tid 105950
349 2 tid 105950
642 5 tid 105950
134 tid 105950
Remove  tid 105950
FindTargetPageId rootid 3 tid 105950
target_page_id id: 5 tid 105950
0 1 tid 105950
170 4 tid 105950
349 2 tid 105950
642 5 tid 105950
133 tid 105950
Remove  tid 105950
FindTargetPageId rootid 3 tid 105949
target_page_id id: 5 tid 105949
0 1 tid 105949
170 4 tid 105949
349 2 tid 105949
642 5 tid 105949
132 tid 105949
Insert  tid 105949
FindTargetPageId rootid 3 tid 105951
target_page_id id: 5 tid 105951
0 1 tid 105951
170 4 tid 105951
349 2 tid 105951
642 5 tid 105951
132 tid 105951
Insert  tid 105951
FindTargetPageId rootid 3 tid 105951
target_page_id id: 5 tid 105951
0 1 tid 105951
170 4 tid 105951
349 2 tid 105951
642 5 tid 105951
133 tid 105951
FindTargetPageId rootid 3 tid 105949
target_page_id id: 5 tid 105949
0 1 tid 105949
170 4 tid 105949
349 2 tid 105949
642 5 tid 105949
Insert  tid 105951
134 tid 105949
Insert  tid 105949
FindTargetPageId rootid 3 tid 105949
target_page_id id: 5 tid 105949
0 1 tid 105949
170 4 tid 105949
349 2 tid 105949
642 5 tid 105949
134 tid 105949
Insert  tid 105949
FindTargetPageId rootid 3 tid 105949
target_page_id id: 5 tid 105949
0 1 tid 105949
170 4 tid 105949
349 2 tid 105949
642 5 tid 105949
134 tid 105949
Insert  tid 105949
FindTargetPageId rootid 3 tid 105949
target_page_id id: 5 tid 105949
0 1 tid 105949
170 4 tid 105949
349 2 tid 105949
642 5 tid 105949
134 tid 105949
Insert  tid 105949
FindTargetPageId rootid 3 tid 105949
target_page_id id: 5 tid 105949
0 1 tid 105949
170 4 tid 105949
349 2 tid 105949
642 5 tid 105949
134 tid 105949
Insert  tid 105949
FindTargetPageId rootid 3 tid 105951
target_page_id id: 5 tid 105951
0 1 tid 105951
170 4 tid 105951
349 2 tid 105951
642 5 tid 105951
134 tid 105951
Insert  tid 105951
FindTargetPageId rootid 3 tid 105951
target_page_id id: 5 tid 105951
0 1 tid 105951
170 4 tid 105951
349 2 tid 105951
642 5 tid 105951
135 tid 105951
Insert  tid 105951
FindTargetPageId rootid 3 tid 105951
target_page_id id: 5 tid 105951
0 1 tid 105951
170 4 tid 105951
349 2 tid 105951
642 5 tid 105951
136 tid 105951
Insert  tid 105951
FindTargetPageId rootid 3 tid 105951
target_page_id id: 5 tid 105951
0 1 tid 105951
170 4 tid 105951
349 2 tid 105951
642 5 tid 105951
137 tid 105951
Insert  tid 105951
FindTargetPageId rootid 3 tid 105950
target_page_id id: 5 tid 105950
0 1 tid 105950
170 4 tid 105950
349 2 tid 105950
642 5 tid 105950
138 tid 105950
Remove  tid 105950
FindTargetPageId rootid 3 tid 105949
target_page_id id: 5 tid 105949
0 1 tid 105949
170 4 tid 105949
349 2 tid 105949
642 5 tid 105949
137 tid 105949
Insert  tid 105949
FindTargetPageId rootid 3 tid 105951
target_page_id id: 5 tid 105951
0 1 tid 105951
170 4 tid 105951
349 2 tid 105951
642 5 tid 105951
137 tid 105951
Insert  tid 105951
FindTargetPageId rootid 3 tid 105950
target_page_id id: 5 tid 105950
0 1 tid 105950
170 4 tid 105950
349 2 tid 105950
642 5 tid 105950
138 tid 105950
Remove  tid 105950
FindTargetPageId rootid 3 tid 105949
target_page_id id: 5 tid 105949
0 1 tid 105949
170 4 tid 105949
349 2 tid 105949
642 5 tid 105949
137 tid 105949
Insert  tid 105949
FindTargetPageId rootid 3 tid 105951
target_page_id id: 5 tid 105951
0 1 tid 105951
170 4 tid 105951
349 2 tid 105951
642 5 tid 105951
137 tid 105951
Insert  tid 105951
FindTargetPageId rootid 3 tid 105951
target_page_id id: 5 tid 105951
0 1 tid 105951
170 4 tid 105951
349 2 tid 105951
642 5 tid 105951
138 tid 105951
Insert  tid 105951
FindTargetPageId rootid 3 tid 105950
target_page_id id: 5 tid 105950
0 1 tid 105950
170 4 tid 105950
349 2 tid 105950
642 5 tid 105950
139 tid 105950
Remove  tid 105950
FindTargetPageId rootid 3 tid 105949
target_page_id id: 5 tid 105949
0 1 tid 105949
170 4 tid 105949
349 2 tid 105949
642 5 tid 105949
138 tid 105949
Insert  tid 105949
FindTargetPageId rootid 3 tid 105951
target_page_id id: 5 tid 105951
0 1 tid 105951
170 4 tid 105951
349 2 tid 105951
642 5 tid 105951
138 tid 105951
Insert  tid 105951
FindTargetPageId rootid 3 tid 105951
target_page_id id: 5 tid 105951
0 1 tid 105951
170 4 tid 105951
349 2 tid 105951
642 5 tid 105951
139 tid 105951
Insert  tid 105951
FindTargetPageId rootid 3 tid 105949
target_page_id id: 5 tid 105949
0 1 tid 105949
170 4 tid 105949
349 2 tid 105949
642 5 tid 105949
140 tid 105949
Insert  tid 105949
FindTargetPageId rootid 3 tid 105950
target_page_id id: 5 tid 105950
0 1 tid 105950
170 4 tid 105950
349 2 tid 105950
642 5 tid 105950
140 tid 105950
Remove  tid 105950
FindTargetPageId rootid 3 tid 105951
target_page_id id: 5 tid 105951
0 1 tid 105951
170 4 tid 105951
349 2 tid 105951
642 5 tid 105951
139 tid 105951
Insert  tid 105951
FindTargetPageId rootid 3 tid 105949
target_page_id id: 5 tid 105949
0 1 tid 105949
170 4 tid 105949
349 2 tid 105949
642 5 tid 105949
140 tid 105949
Insert  tid 105949
FindTargetPageId rootid 3 tid 105949
target_page_id id: 5 tid 105949
0 1 tid 105949
170 4 tid 105949
349 2 tid 105949
642 5 tid 105949
140 tid 105949
Insert  tid 105949
FindTargetPageId rootid 3 tid 105950
target_page_id id: 5 tid 105950
0 1 tid 105950
170 4 tid 105950
349 2 tid 105950
642 5 tid 105950
140 tid 105950
Remove  tid 105950
FindTargetPageId rootid 3 tid 105950
target_page_id id: 5 tid 105950
0 1 tid 105950
170 4 tid 105950
349 2 tid 105950
642 5 tid 105950
139 tid 105950
Remove  tid 105950
FindTargetPageId rootid 3 tid 105950
target_page_id id: 5 tid 105950
0 1 tid 105950
170 4 tid 105950
349 2 tid 105950
642 5 tid 105950
138 tid 105950
Remove  tid 105950
FindTargetPageId rootid 3 tid 105950
target_page_id id: 5 tid 105950
0 1 tid 105950
170 4 tid 105950
349 2 tid 105950
642 5 tid 105950
137 tid 105950
Remove  tid 105950
FindTargetPageId rootid 3 tid 105949
target_page_id id: 5 tid 105949
0 1 tid 105949
170 4 tid 105949
349 2 tid 105949
642 5 tid 105949
136 tid 105949
Insert  tid 105949
FindTargetPageId rootid 3 tid 105951
target_page_id id: 5 tid 105951
0 1 tid 105951
170 4 tid 105951
349 2 tid 105951
642 5 tid 105951
136 tid 105951
Insert  tid 105951
FindTargetPageId rootid 3 tid 105951
target_page_id id: 5 tid 105951
0 1 tid 105951
170 4 tid 105951
349 2 tid 105951
642 5 tid 105951
137 tid 105951
Insert  tid 105951
FindTargetPageId rootid 3 tid 105951
target_page_id id: 5 tid 105951
0 1 tid 105951
170 4 tid 105951
349 2 tid 105951
642 5 tid 105951
138 tid 105951
Insert  tid 105951
FindTargetPageId rootid 3 tid 105950
target_page_id id: 5 tid 105950
0 1 tid 105950
170 4 tid 105950
349 2 tid 105950
642 5 tid 105950
139 tid 105950
Remove  tid 105950
FindTargetPageId rootid 3 tid 105950
target_page_id id: 5 tid 105950
0 1 tid 105950
170 4 tid 105950
349 2 tid 105950
642 5 tid 105950
138 tid 105950
Remove  tid 105950
FindTargetPageId rootid 3 tid 105950
target_page_id id: 5 tid 105950
0 1 tid 105950
170 4 tid 105950
349 2 tid 105950
642 5 tid 105950
137 tid 105950
Remove  tid 105950
FindTargetPageId rootid 3 tid 105950
target_page_id id: 5 tid 105950
0 1 tid 105950
170 4 tid 105950
349 2 tid 105950
642 5 tid 105950
136 tid 105950
Remove  tid 105950
FindTargetPageId rootid 3 tid 105950
target_page_id id: 5 tid 105950
0 1 tid 105950
170 4 tid 105950
349 2 tid 105950
642 5 tid 105950
135 tid 105950
Remove  tid 105950
FindTargetPageId rootid 3 tid 105950
target_page_id id: 5 tid 105950
0 1 tid 105950
170 4 tid 105950
349 2 tid 105950
642 5 tid 105950
134 tid 105950
Remove  tid 105950
FindTargetPageId rootid 3 tid 105950
target_page_id id: 5 tid 105950
0 1 tid 105950
170 4 tid 105950
349 2 tid 105950
642 5 tid 105950
133 tid 105950
Remove  tid 105950
FindTargetPageId rootid 3 tid 105950
target_page_id id: 5 tid 105950
0 1 tid 105950
170 4 tid 105950
349 2 tid 105950
642 5 tid 105950
132 tid 105950
Remove  tid 105950
FindTargetPageId rootid 3 tid 105950
target_page_id id: 5 tid 105950
0 1 tid 105950
170 4 tid 105950
349 2 tid 105950
642 5 tid 105950
131 tid 105950
Remove  tid 105950
FindTargetPageId rootid 3 tid 105950
target_page_id id: 5 tid 105950
0 1 tid 105950
170 4 tid 105950
349 2 tid 105950
642 5 tid 105950
130 tid 105950
Remove  tid 105950
FindTargetPageId rootid 3 tid 105951
target_page_id id: 5 tid 105951
0 1 tid 105951
170 4 tid 105951
349 2 tid 105951
642 5 tid 105951
129 tid 105951
Insert  tid 105951
FindTargetPageId rootid 3 tid 105949
target_page_id id: 5 tid 105949
0 1 tid 105949
170 4 tid 105949
349 2 tid 105949
642 5 tid 105949
130 tid 105949
Insert  tid 105949
FindTargetPageId rootid 3 tid 105950
target_page_id id: 5 tid 105950
0 1 tid 105950
170 4 tid 105950
349 2 tid 105950
642 5 tid 105950
130 tid 105950
Remove  tid 105950
FindTargetPageId rootid 3 tid 105950
target_page_id id: 5 tid 105950
0 1 tid 105950
170 4 tid 105950
349 2 tid 105950
642 5 tid 105950
129 tid 105950
Remove  tid 105950
FindTargetPageId rootid 3 tid 105951
target_page_id id: 5 tid 105951
0 1 tid 105951
170 4 tid 105951
349 2 tid 105951
642 5 tid 105951
128 tid 105951
Insert  tid 105951
FindTargetPageId rootid 3 tid 105951
target_page_id id: 5 tid 105951
0 1 tid 105951
170 4 tid 105951
349 2 tid 105951
642 5 tid 105951
129 tid 105951
Insert  tid 105951
FindTargetPageId rootid 3 tid 105949
target_page_id id: 5 tid 105949
0 1 tid 105949
170 4 tid 105949
349 2 tid 105949
642 5 tid 105949
130 tid 105949
Insert  tid 105949
FindTargetPageId rootid 3 tid 105949
target_page_id id: 5 tid 105949
0 1 tid 105949
170 4 tid 105949
349 2 tid 105949
642 5 tid 105949
130 tid 105949
Insert  tid 105949
FindTargetPageId rootid 3 tid 105949
target_page_id id: 5 tid 105949
0 1 tid 105949
170 4 tid 105949
349 2 tid 105949
642 5 tid 105949
130 tid 105949
Insert  tid 105949
FindTargetPageId rootid 3 tid 105949
target_page_id id: 5 tid 105949
0 1 tid 105949
170 4 tid 105949
349 2 tid 105949
642 5 tid 105949
130 tid 105949
Insert  tid 105949
FindTargetPageId rootid 3 tid 105949
target_page_id id: 5 tid 105949
0 1 tid 105949
170 4 tid 105949
349 2 tid 105949
642 5 tid 105949
130 tid 105949
Insert  tid 105949
FindTargetPageId rootid 3 tid 105949
target_page_id id: 5 tid 105949
0 1 tid 105949
170 4 tid 105949
349 2 tid 105949
642 5 tid 105949
130 tid 105949
Insert  tid 105949
FindTargetPageId rootid 3 tid 105949
target_page_id id: 5 tid 105949
0 1 tid 105949
170 4 tid 105949
349 2 tid 105949
642 5 tid 105949
130 tid 105949
Insert  tid 105949
FindTargetPageId rootid 3 tid 105950
target_page_id id: 5 tid 105950
0 1 tid 105950
170 4 tid 105950
349 2 tid 105950
642 5 tid 105950
130 tid 105950
Remove  tid 105950
FindTargetPageId rootid 3 tid 105951
target_page_id id: 5 tid 105951
0 1 tid 105951
170 4 tid 105951
349 2 tid 105951
642 5 tid 105951
129 tid 105951
Insert  tid 105951
FindTargetPageId rootid 3 tid 105949
target_page_id id: 5 tid 105949
0 1 tid 105949
170 4 tid 105949
349 2 tid 105949
642 5 tid 105949
130 tid 105949
Insert  tid 105949
FindTargetPageId rootid 3 tid 105949
target_page_id id: 5 tid 105949
0 1 tid 105949
170 4 tid 105949
349 2 tid 105949
642 5 tid 105949
130 tid 105949
FindTargetPageId rootid 3 tid 105951
target_page_id id: 5 tid 105951
0 1 tid 105951
170 4 tid 105951
349 2 tid 105951
642 5 tid 105951
130 tid 105951
Insert  tid 105949
Insert  tid 105951
FindTargetPageId rootid 3 tid 105951
target_page_id id: 5 tid 105951
0 1 tid 105951
170 4 tid 105951
349 2 tid 105951
642 5 tid 105951
131 tid 105951
Insert  tid 105951
FindTargetPageId rootid 3 tid 105951
target_page_id id: 5 tid 105951
0 1 tid 105951
170 4 tid 105951
349 2 tid 105951
642 5 tid 105951
132 tid 105951
Insert  tid 105951
FindTargetPageId rootid 3 tid 105951
target_page_id id: 5 tid 105951
0 1 tid 105951
170 4 tid 105951
349 2 tid 105951
642 5 tid 105951
133 tid 105951
Insert  tid 105951
FindTargetPageId rootid 3 tid 105951
target_page_id id: 5 tid 105951
0 1 tid 105951
170 4 tid 105951
349 2 tid 105951
642 5 tid 105951
134 tid 105951
Insert  tid 105951
FindTargetPageId rootid 3 tid 105951
target_page_id id: 5 tid 105951
0 1 tid 105951
170 4 tid 105951
349 2 tid 105951
642 5 tid 105951
135 tid 105951
Insert  tid 105951
FindTargetPageId rootid 3 tid 105951
target_page_id id: 5 tid 105951
0 1 tid 105951
170 4 tid 105951
349 2 tid 105951
642 5 tid 105951
136 tid 105951
Insert  tid 105951
FindTargetPageId rootid 3 tid 105951
target_page_id id: 5 tid 105951
0 1 tid 105951
170 4 tid 105951
349 2 tid 105951
642 5 tid 105951
137 tid 105951
Insert  tid 105951
FindTargetPageId rootid 3 tid 105951
target_page_id id: 5 tid 105951
0 1 tid 105951
170 4 tid 105951
349 2 tid 105951
642 5 tid 105951
138 tid 105951
Insert  tid 105951
FindTargetPageId rootid 3 tid 105951
target_page_id id: 5 tid 105951
0 1 tid 105951
170 4 tid 105951
349 2 tid 105951
642 5 tid 105951
139 tid 105951
Insert  tid 105951
FindTargetPageId rootid 3 tid 105951
target_page_id id: 5 tid 105951
0 1 tid 105951
170 4 tid 105951
349 2 tid 105951
642 5 tid 105951
140 tid 105951
Insert  tid 105951
FindTargetPageId rootid 3 tid 105951
target_page_id id: 5 tid 105951
0 1 tid 105951
170 4 tid 105951
349 2 tid 105951
642 5 tid 105951
141 tid 105951
Insert  tid 105951
FindTargetPageId rootid 3 tid 105950
target_page_id id: 5 tid 105950
0 1 tid 105950
170 4 tid 105950
349 2 tid 105950
642 5 tid 105950
142 tid 105950
Remove  tid 105950
FindTargetPageId rootid 3 tid 105950
target_page_id id: 5 tid 105950
0 1 tid 105950
170 4 tid 105950
349 2 tid 105950
642 5 tid 105950
141 tid 105950
Remove  tid 105950
FindTargetPageId rootid 3 tid 105950
target_page_id id: 5 tid 105950
0 1 tid 105950
170 4 tid 105950
349 2 tid 105950
642 5 tid 105950
140 tid 105950
Remove  tid 105950
FindTargetPageId rootid 3 tid 105950
target_page_id id: 5 tid 105950
0 1 tid 105950
170 4 tid 105950
349 2 tid 105950
642 5 tid 105950
139 tid 105950
Remove  tid 105950
FindTargetPageId rootid 3 tid 105950
target_page_id id: 5 tid 105950
0 1 tid 105950
170 4 tid 105950
349 2 tid 105950
642 5 tid 105950
138 tid 105950
Remove  tid 105950
FindTargetPageId rootid 3 tid 105951
target_page_id id: 5 tid 105951
0 1 tid 105951
170 4 tid 105951
349 2 tid 105951
642 5 tid 105951
137 tid 105951
Insert  tid 105951
FindTargetPageId rootid 3 tid 105951
target_page_id id: 5 tid 105951
0 1 tid 105951
170 4 tid 105951
349 2 tid 105951
642 5 tid 105951
138 tid 105951
Insert  tid 105951
FindTargetPageId rootid 3 tid 105949
target_page_id id: 5 tid 105949
0 1 tid 105949
170 4 tid 105949
349 2 tid 105949
642 5 tid 105949
139 tid 105949
Insert  tid 105949
FindTargetPageId rootid 3 tid 105949
target_page_id id: 5 tid 105949
0 1 tid 105949
170 4 tid 105949
349 2 tid 105949
642 5 tid 105949
139 tid 105949
Insert  tid 105949
FindTargetPageId rootid 3 tid 105949
target_page_id id: 5 tid 105949
0 1 tid 105949
170 4 tid 105949
349 2 tid 105949
642 5 tid 105949
139 tid 105949
Insert  tid 105949
FindTargetPageId rootid 3 tid 105949
target_page_id id: 5 tid 105949
0 1 tid 105949
170 4 tid 105949
349 2 tid 105949
642 5 tid 105949
139 tid 105949
Insert  tid 105949
FindTargetPageId rootid 3 tid 105949
target_page_id id: 5 tid 105949
0 1 tid 105949
170 4 tid 105949
349 2 tid 105949
642 5 tid 105949
139 tid 105949
Insert  tid 105949
FindTargetPageId rootid 3 tid 105949
target_page_id id: 5 tid 105949
0 1 tid 105949
170 4 tid 105949
349 2 tid 105949
642 5 tid 105949
139 tid 105949
Insert  tid 105949
FindTargetPageId rootid 3 tid 105951
target_page_id id: 5 tid 105951
0 1 tid 105951
170 4 tid 105951
349 2 tid 105951
642 5 tid 105951
139 tid 105951
Insert  tid 105951
FindTargetPageId rootid 3 tid 105951
target_page_id id: 5 tid 105951
0 1 tid 105951
170 4 tid 105951
349 2 tid 105951
642 5 tid 105951
140 tid 105951
Insert  tid 105951
FindTargetPageId rootid 3 tid 105951
target_page_id id: 5 tid 105951
0 1 tid 105951
170 4 tid 105951
349 2 tid 105951
642 5 tid 105951
141 tid 105951
Insert  tid 105951
FindTargetPageId rootid 3 tid 105951
target_page_id id: 5 tid 105951
0 1 tid 105951
170 4 tid 105951
349 2 tid 105951
642 5 tid 105951
142 tid 105951
Insert  tid 105951
FindTargetPageId rootid 3 tid 105951
target_page_id id: 5 tid 105951
0 1 tid 105951
170 4 tid 105951
349 2 tid 105951
642 5 tid 105951
143 tid 105951
Insert  tid 105951
FindTargetPageId rootid 3 tid 105951
target_page_id id: 5 tid 105951
0 1 tid 105951
170 4 tid 105951
349 2 tid 105951
642 5 tid 105951
144 tid 105951
Insert  tid 105951
FindTargetPageId rootid 3 tid 105951
target_page_id id: 5 tid 105951
0 1 tid 105951
170 4 tid 105951
349 2 tid 105951
642 5 tid 105951
145 tid 105951
Insert  tid 105951
FindTargetPageId rootid 3 tid 105951
target_page_id id: 5 tid 105951
0 1 tid 105951
170 4 tid 105951
349 2 tid 105951
642 5 tid 105951
146 tid 105951
Insert  tid 105951
FindTargetPageId rootid 3 tid 105951
target_page_id id: 5 tid 105951
0 1 tid 105951
170 4 tid 105951
349 2 tid 105951
642 5 tid 105951
147 tid 105951
Insert  tid 105951
FindTargetPageId rootid 3 tid 105951
target_page_id id: 5 tid 105951
0 1 tid 105951
170 4 tid 105951
349 2 tid 105951
642 5 tid 105951
148 tid 105951
Insert  tid 105951
FindTargetPageId rootid 3 tid 105951
target_page_id id: 5 tid 105951
0 1 tid 105951
170 4 tid 105951
349 2 tid 105951
642 5 tid 105951
149 tid 105951
Insert  tid 105951
FindTargetPageId rootid 3 tid 105949
target_page_id id: 5 tid 105949
0 1 tid 105949
170 4 tid 105949
349 2 tid 105949
642 5 tid 105949
150 tid 105949
Insert  tid 105949
FindTargetPageId rootid 3 tid 105949
target_page_id id: 5 tid 105949
0 1 tid 105949
170 4 tid 105949
349 2 tid 105949
642 5 tid 105949
150 tid 105949
Insert  tid 105949
FindTargetPageId rootid 3 tid 105949
target_page_id id: 5 tid 105949
0 1 tid 105949
170 4 tid 105949
349 2 tid 105949
642 5 tid 105949
150 tid 105949
Insert  tid 105949
FindTargetPageId rootid 3 tid 105950
target_page_id id: 5 tid 105950
0 1 tid 105950
170 4 tid 105950
349 2 tid 105950
642 5 tid 105950
150 tid 105950
Remove  tid 105950
FindTargetPageId rootid 3 tid 105951
target_page_id id: 5 tid 105951
0 1 tid 105951
170 4 tid 105951
349 2 tid 105951
642 5 tid 105951
149 tid 105951
Insert  tid 105951
FindTargetPageId rootid 3 tid 105949
target_page_id id: 5 tid 105949
0 1 tid 105949
170 4 tid 105949
349 2 tid 105949
642 5 tid 105949
150 tid 105949
Insert  tid 105949
FindTargetPageId rootid 3 tid 105949
target_page_id id: 5 tid 105949
0 1 tid 105949
170 4 tid 105949
349 2 tid 105949
642 5 tid 105949
150 tid 105949
Insert  tid 105949
FindTargetPageId rootid 3 tid 105949
target_page_id id: 5 tid 105949
0 1 tid 105949
170 4 tid 105949
349 2 tid 105949
642 5 tid 105949
150 tid 105949
Insert  tid 105949
FindTargetPageId rootid 3 tid 105949
target_page_id id: 5 tid 105949
0 1 tid 105949
170 4 tid 105949
349 2 tid 105949
642 5 tid 105949
150 tid 105949
Insert  tid 105949
FindTargetPageId rootid 3 tid 105949
target_page_id id: 5 tid 105949
0 1 tid 105949
170 4 tid 105949
349 2 tid 105949
642 5 tid 105949
150 tid 105949
Insert  tid 105949
FindTargetPageId rootid 3 tid 105949
target_page_id id: 5 tid 105949
0 1 tid 105949
170 4 tid 105949
349 2 tid 105949
642 5 tid 105949
150 tid 105949
Insert  tid 105949
FindTargetPageId rootid 3 tid 105951
target_page_id id: 5 tid 105951
0 1 tid 105951
170 4 tid 105951
349 2 tid 105951
642 5 tid 105951
150 tid 105951
Insert  tid 105951
FindTargetPageId rootid 3 tid 105950
target_page_id id: 5 tid 105950
0 1 tid 105950
170 4 tid 105950
349 2 tid 105950
642 5 tid 105950
151 tid 105950
Remove  tid 105950
FindTargetPageId rootid 3 tid 105949
target_page_id id: 5 tid 105949
0 1 tid 105949
170 4 tid 105949
349 2 tid 105949
642 5 tid 105949
150 tid 105949
Insert  tid 105949
FindTargetPageId rootid 3 tid 105949
target_page_id id: 5 tid 105949
0 1 tid 105949
170 4 tid 105949
349 2 tid 105949
642 5 tid 105949
150 tid 105949
Insert  tid 105949
FindTargetPageId rootid 3 tid 105949
target_page_id id: 5 tid 105949
0 1 tid 105949
170 4 tid 105949
349 2 tid 105949
642 5 tid 105949
150 tid 105949
Insert  tid 105949
FindTargetPageId rootid 3 tid 105949
target_page_id id: 5 tid 105949
0 1 tid 105949
170 4 tid 105949
349 2 tid 105949
642 5 tid 105949
150 tid 105949
Insert  tid 105949
FindTargetPageId rootid 3 tid 105949
target_page_id id: 5 tid 105949
0 1 tid 105949
170 4 tid 105949
349 2 tid 105949
642 5 tid 105949
150 tid 105949
Insert  tid 105949
FindTargetPageId rootid 3 tid 105949
target_page_id id: 5 tid 105949
0 1 tid 105949
170 4 tid 105949
349 2 tid 105949
642 5 tid 105949
150 tid 105949
Insert  tid 105949
FindTargetPageId rootid 3 tid 105949
target_page_id id: 5 tid 105949
0 1 tid 105949
170 4 tid 105949
349 2 tid 105949
642 5 tid 105949
150 tid 105949
Insert  tid 105949
FindTargetPageId rootid 3 tid 105949
target_page_id id: 5 tid 105949
0 1 tid 105949
170 4 tid 105949
349 2 tid 105949
642 5 tid 105949
150 tid 105949
Insert  tid 105949
FindTargetPageId rootid 3 tid 105949
target_page_id id: 5 tid 105949
0 1 tid 105949
170 4 tid 105949
349 2 tid 105949
642 5 tid 105949
150 tid 105949
Insert  tid 105949
FindTargetPageId rootid 3 tid 105949
target_page_id id: 5 tid 105949
0 1 tid 105949
170 4 tid 105949
349 2 tid 105949
642 5 tid 105949
150 tid 105949
Insert  tid 105949
FindTargetPageId rootid 3 tid 105949
target_page_id id: 5 tid 105949
0 1 tid 105949
170 4 tid 105949
349 2 tid 105949
642 5 tid 105949
150 tid 105949
Insert  tid 105949
FindTargetPageId rootid 3 tid 105949
target_page_id id: 5 tid 105949
0 1 tid 105949
170 4 tid 105949
349 2 tid 105949
642 5 tid 105949
150 tid 105949
Insert  tid 105949
FindTargetPageId rootid 3 tid 105949
target_page_id id: 5 tid 105949
0 1 tid 105949
170 4 tid 105949
349 2 tid 105949
642 5 tid 105949
150 tid 105949
Insert  tid 105949
FindTargetPageId rootid 3 tid 105949
target_page_id id: 5 tid 105949
0 1 tid 105949
170 4 tid 105949
349 2 tid 105949
642 5 tid 105949
150 tid 105949
Insert  tid 105949
FindTargetPageId rootid 3 tid 105951
target_page_id id: 5 tid 105951
0 1 tid 105951
170 4 tid 105951
349 2 tid 105951
642 5 tid 105951
150 tid 105951
Insert  tid 105951
FindTargetPageId rootid 3 tid 105951
target_page_id id: 5 tid 105951
0 1 tid 105951
170 4 tid 105951
349 2 tid 105951
642 5 tid 105951
151 tid 105951
Insert  tid 105951
FindTargetPageId rootid 3 tid 105951
target_page_id id: 5 tid 105951
0 1 tid 105951
170 4 tid 105951
349 2 tid 105951
642 5 tid 105951
152 tid 105951
Insert  tid 105951
FindTargetPageId rootid 3 tid 105951
target_page_id id: 5 tid 105951
0 1 tid 105951
170 4 tid 105951
349 2 tid 105951
642 5 tid 105951
153 tid 105951
Insert  tid 105951
FindTargetPageId rootid 3 tid 105951
target_page_id id: 5 tid 105951
0 1 tid 105951
170 4 tid 105951
349 2 tid 105951
642 5 tid 105951
154 tid 105951
Insert  tid 105951
FindTargetPageId rootid 3 tid 105951
target_page_id id: 5 tid 105951
0 1 tid 105951
170 4 tid 105951
349 2 tid 105951
642 5 tid 105951
155 tid 105951
Insert  tid 105951
FindTargetPageId rootid 3 tid 105951
target_page_id id: 5 tid 105951
0 1 tid 105951
170 4 tid 105951
349 2 tid 105951
642 5 tid 105951
156 tid 105951
Insert  tid 105951
FindTargetPageId rootid 3 tid 105949
target_page_id id: 5 tid 105949
0 1 tid 105949
170 4 tid 105949
349 2 tid 105949
642 5 tid 105949
157 tid 105949
Insert  tid 105949
FindTargetPageId rootid 3 tid 105949
target_page_id id: 5 tid 105949
0 1 tid 105949
170 4 tid 105949
349 2 tid 105949
642 5 tid 105949
157 tid 105949
Insert  tid 105949
FindTargetPageId rootid 3 tid 105949
target_page_id id: 5 tid 105949
0 1 tid 105949
170 4 tid 105949
349 2 tid 105949
642 5 tid 105949
157 tid 105949
Insert  tid 105949
FindTargetPageId rootid 3 tid 105949
target_page_id id: 5 tid 105949
0 1 tid 105949
170 4 tid 105949
349 2 tid 105949
642 5 tid 105949
157 tid 105949
Insert  tid 105949
FindTargetPageId rootid 3 tid 105949
target_page_id id: 5 tid 105949
0 1 tid 105949
170 4 tid 105949
349 2 tid 105949
642 5 tid 105949
157 tid 105949
Insert  tid 105949
FindTargetPageId rootid 3 tid 105949
target_page_id id: 5 tid 105949
0 1 tid 105949
170 4 tid 105949
349 2 tid 105949
642 5 tid 105949
157 tid 105949
Insert  tid 105949
FindTargetPageId rootid 3 tid 105949
target_page_id id: 5 tid 105949
0 1 tid 105949
170 4 tid 105949
349 2 tid 105949
642 5 tid 105949
157 tid 105949
Insert  tid 105949
FindTargetPageId rootid 3 tid 105950
target_page_id id: 5 tid 105950
0 1 tid 105950
170 4 tid 105950
349 2 tid 105950
642 5 tid 105950
157 tid 105950
Remove  tid 105950
FindTargetPageId rootid 3 tid 105951
target_page_id id: 5 tid 105951
0 1 tid 105951
170 4 tid 105951
349 2 tid 105951
642 5 tid 105951
156 tid 105951
Insert  tid 105951
FindTargetPageId rootid 3 tid 105951
target_page_id id: 5 tid 105951
0 1 tid 105951
170 4 tid 105951
349 2 tid 105951
642 5 tid 105951
157 tid 105951
Insert  tid 105951
FindTargetPageId rootid 3 tid 105949
target_page_id id: 5 tid 105949
0 1 tid 105949
170 4 tid 105949
349 2 tid 105949
642 5 tid 105949
158 tid 105949
Insert  tid 105949
FindTargetPageId rootid 3 tid 105949
target_page_id id: 5 tid 105949
0 1 tid 105949
170 4 tid 105949
349 2 tid 105949
642 5 tid 105949
158 tid 105949
Insert  tid 105949
FindTargetPageId rootid 3 tid 105949
target_page_id id: 5 tid 105949
0 1 tid 105949
170 4 tid 105949
349 2 tid 105949
642 5 tid 105949
158 tid 105949
Insert  tid 105949
FindTargetPageId rootid 3 tid 105949
target_page_id id: 5 tid 105949
0 1 tid 105949
170 4 tid 105949
349 2 tid 105949
642 5 tid 105949
158 tid 105949
Insert  tid 105949
FindTargetPageId rootid 3 tid 105949
target_page_id id: 5 tid 105949
0 1 tid 105949
170 4 tid 105949
349 2 tid 105949
642 5 tid 105949
158 tid 105949
Insert  tid 105949
FindTargetPageId rootid 3 tid 105949
target_page_id id: 5 tid 105949
0 1 tid 105949
170 4 tid 105949
349 2 tid 105949
642 5 tid 105949
158 tid 105949
Insert  tid 105949
FindTargetPageId rootid 3 tid 105950
target_page_id id: 5 tid 105950
0 1 tid 105950
170 4 tid 105950
349 2 tid 105950
642 5 tid 105950
158 tid 105950
FindTargetPageId rootid 3 tid 105951
target_page_id id: 5 tid 105951
0 1 tid 105951
170 4 tid 105951
349 2 tid 105951
642 5 tid 105951
157 tid 105951
Insert  tid 105951
FindTargetPageId rootid 3 tid 105951
target_page_id id: 5 tid 105951
0 1 tid 105951
170 4 tid 105951
349 2 tid 105951
642 5 tid 105951
158 tid 105951
Insert  tid 105951
FindTargetPageId rootid 3 tid 105951
target_page_id id: 5 tid 105951
0 1 tid 105951
170 4 tid 105951
349 2 tid 105951
642 5 tid 105951
159 tid 105951
Insert  tid 105951
FindTargetPageId rootid 3 tid 105951
target_page_id id: 5 tid 105951
0 1 tid 105951
170 4 tid 105951
349 2 tid 105951
642 5 tid 105951
160 tid 105951
Insert  tid 105951
Remove  tid 105950
FindTargetPageId rootid 3 tid 105949
target_page_id id: 5 tid 105949
0 1 tid 105949
170 4 tid 105949
349 2 tid 105949
642 5 tid 105949
161 tid 105949
Insert  tid 105949
FindTargetPageId rootid 3 tid 105951
target_page_id id: 5 tid 105951
0 1 tid 105951
170 4 tid 105951
349 2 tid 105951
642 5 tid 105951
161 tid 105951
Insert  tid 105951
FindTargetPageId rootid 3 tid 105951
target_page_id id: 5 tid 105951
0 1 tid 105951
170 4 tid 105951
349 2 tid 105951
642 5 tid 105951
162 tid 105951
Insert  tid 105951
FindTargetPageId rootid 3 tid 105951
target_page_id id: 5 tid 105951
0 1 tid 105951
170 4 tid 105951
349 2 tid 105951
642 5 tid 105951
163 tid 105951
Insert  tid 105951
FindTargetPageId rootid 3 tid 105951
target_page_id id: 5 tid 105951
0 1 tid 105951
170 4 tid 105951
349 2 tid 105951
642 5 tid 105951
164 tid 105951
Insert  tid 105951
FindTargetPageId rootid 3 tid 105951
target_page_id id: 5 tid 105951
0 1 tid 105951
170 4 tid 105951
349 2 tid 105951
642 5 tid 105951
165 tid 105951
Insert  tid 105951
FindTargetPageId rootid 3 tid 105951
target_page_id id: 5 tid 105951
0 1 tid 105951
170 4 tid 105951
349 2 tid 105951
642 5 tid 105951
166 tid 105951
Insert  tid 105951
FindTargetPageId rootid 3 tid 105951
target_page_id id: 5 tid 105951
0 1 tid 105951
170 4 tid 105951
349 2 tid 105951
642 5 tid 105951
167 tid 105951
Insert  tid 105951
FindTargetPageId rootid 3 tid 105951
target_page_id id: 5 tid 105951
0 1 tid 105951
170 4 tid 105951
349 2 tid 105951
642 5 tid 105951
168 tid 105951
Insert  tid 105951
FindTargetPageId rootid 3 tid 105951
target_page_id id: 5 tid 105951
0 1 tid 105951
170 4 tid 105951
349 2 tid 105951
642 5 tid 105951
169 tid 105951
Insert  tid 105951
FindTargetPageId rootid 3 tid 105950
target_page_id id: 5 tid 105950
0 1 tid 105950
170 4 tid 105950
349 2 tid 105950
642 5 tid 105950
170 tid 105950
Remove  tid 105950
FindTargetPageId rootid 3 tid 105951
target_page_id id: 5 tid 105951
0 1 tid 105951
170 4 tid 105951
349 2 tid 105951
642 5 tid 105951
169 tid 105951
Insert  tid 105951
FindTargetPageId rootid 3 tid 105949
target_page_id id: 5 tid 105949
0 1 tid 105949
170 4 tid 105949
349 2 tid 105949
642 5 tid 105949
170 tid 105949
Insert  tid 105949
FindTargetPageId rootid 3 tid 105950
target_page_id id: 5 tid 105950
0 1 tid 105950
170 4 tid 105950
349 2 tid 105950
642 5 tid 105950
170 tid 105950
Remove  tid 105950
FindTargetPageId rootid 3 tid 105951
target_page_id id: 5 tid 105951
0 1 tid 105951
170 4 tid 105951
349 2 tid 105951
642 5 tid 105951
169 tid 105951
Insert  tid 105951
FindTargetPageId rootid 3 tid 105949
target_page_id id: 5 tid 105949
0 1 tid 105949
170 4 tid 105949
349 2 tid 105949
642 5 tid 105949
170 tid 105949
Insert  tid 105949
FindTargetPageId rootid 3 tid 105950
target_page_id id: 5 tid 105950
0 1 tid 105950
170 4 tid 105950
349 2 tid 105950
642 5 tid 105950
170 tid 105950
FindTargetPageId rootid 3 tid 105951
target_page_id id: 5 tid 105951
0 1 tid 105951
170 4 tid 105951
349 2 tid 105951
642 5 tid 105951
169 tid 105951
Insert  tid 105951
FindTargetPageId rootid 3 tid 105949
target_page_id id: 5 tid 105949
0 1 tid 105949
170 4 tid 105949
349 2 tid 105949
642 5 tid 105949
170 tid Remove 105949
 tid 105950
FindTargetPageId rootid 3 tid 105951
Insert  tid target_page_id id: 105949
5 tid 105951
0 1 tid 105951
170 4 tid 105951
349 2 tid 105951
642 5 tid 105951
170 tid 105951
Insert  tid 105951
FindTargetPageId rootid 3 tid 105950
target_page_id id: 5 tid 105950
0 1 tid 105950
170 4 tid 105950
349 2 tid 105950
642 5 tid 105950
171 tid 105950
Remove  tid 105950
FindTargetPageId rootid 3 tid 105949
target_page_id id: 5 tid 105949
0 1 tid 105949
170 4 tid 105949
349 2 tid 105949
642 5 tid 105949
170 tid 105949
Insert  tid 105949
FindTargetPageId rootid 3 tid 105949
target_page_id id: 5 tid 105949
0 1 tid 105949
170 4 tid 105949
349 2 tid 105949
642 5 tid 105949
170 tid 105949
Insert  tid 105949
FindTargetPageId rootid 3 tid 105949
target_page_id id: 5 tid 105949
0 1 tid 105949
170 4 tid 105949
349 2 tid 105949
642 5 tid 105949
170 tid 105949
Insert  tid 105949
FindTargetPageId rootid 3 tid 105951
target_page_id id: 5 tid 105951
0 1 tid 105951
170 4 tid 105951
349 2 tid 105951
642 5 tid 105951
170 tid 105951
Insert  tid 105951
FindTargetPageId rootid 3 tid 105950
target_page_id id: 5 tid 105950
0 1 tid 105950
170 4 tid 105950
349 2 tid 105950
642 5 tid 105950
171 tid 105950
Remove  tid 105950
FindTargetPageId rootid 3 tid 105950
target_page_id id: 5 tid 105950
0 1 tid 105950
170 4 tid 105950
349 2 tid 105950
642 5 tid 105950
170 tid 105950
Remove  tid 105950
FindTargetPageId rootid 3 tid 105951
target_page_id id: 5 tid 105951
0 1 tid 105951
170 4 tid 105951
349 2 tid 105951
642 5 tid 105951
169 tid 105951
Insert  tid 105951
FindTargetPageId rootid 3 tid 105949
target_page_id id: 5 tid 105949
0 1 tid 105949
170 4 tid 105949
349 2 tid 105949
642 5 tid 105949
170 tid 105949
Insert  tid 105949
FindTargetPageId rootid 3 tid 105949
target_page_id id: 5 tid 105949
0 1 tid 105949
170 4 tid 105949
349 2 tid 105949
642 5 tid 105949
170 tid 105949
Insert  tid 105949
FindTargetPageId rootid 3 tid 105949
target_page_id id: 5 tid 105949
0 1 tid 105949
170 4 tid 105949
349 2 tid 105949
642 5 tid 105949
170 tid 105949
Insert  tid 105949
FindTargetPageId rootid 3 tid 105949
target_page_id id: 5 tid 105949
0 1 tid 105949
170 4 tid 105949
349 2 tid 105949
642 5 tid 105949
170 tid 105949
Insert  tid 105949
FindTargetPageId rootid 3 tid 105949
target_page_id id: 5 tid 105949
0 1 tid 105949
170 4 tid 105949
349 2 tid 105949
642 5 tid 105949
170 tid 105949
Insert  tid 105949
FindTargetPageId rootid 3 tid 105949
target_page_id id: 5 tid 105949
0 1 tid 105949
170 4 tid 105949
349 2 tid 105949
642 5 tid 105949
170 tid 105949
Insert  tid 105949
FindTargetPageId rootid 3 tid 105949
target_page_id id: 5 tid 105949
0 1 tid 105949
170 4 tid 105949
349 2 tid 105949
642 5 tid 105949
170 tid 105949
Insert  tid 105949
FindTargetPageId rootid 3 tid 105949
target_page_id id: 5 tid 105949
0 1 tid 105949
170 4 tid 105949
349 2 tid 105949
642 5 tid 105949
170 tid 105949
Insert  tid 105949
FindTargetPageId rootid 3 tid 105950
target_page_id id: 5 tid 105950
0 1 tid 105950
170 4 tid 105950
349 2 tid 105950
642 5 tid 105950
170 tid 105950
Remove  tid 105950
FindTargetPageId rootid 3 tid 105950
target_page_id id: 5 tid 105950
0 1 tid 105950
170 4 tid 105950
349 2 tid 105950
642 5 tid 105950
169 tid 105950
Remove  tid 105950
FindTargetPageId rootid 3 tid 105949
target_page_id id: 5 tid 105949
0 1 tid 105949
170 4 tid 105949
349 2 tid 105949
642 5 tid 105949
168 tid 105949
Insert  tid 105949
FindTargetPageId rootid 3 tid 105951
target_page_id id: 5 tid 105951
0 1 tid 105951
170 4 tid 105951
349 2 tid 105951
642 5 tid 105951
168 tid 105951
Insert  tid 105951
FindTargetPageId rootid 3 tid 105950
target_page_id id: 5 tid 105950
0 1 tid 105950
170 4 tid 105950
349 2 tid 105950
642 5 tid 105950
169 tid 105950
FindTargetPageId rootid 3 tid 105949
target_page_id id: 5 tid 105949
0 1 tid 105949
170 4 tid 105949
349 2 tid 105949
642 5 tid 105949
168 tid 105949
Insert  tid 105949
Remove  tid 105950
FindTargetPageId rootid 3 tid 105949
target_page_id id: 5 tid 105949
0 1 tid 105949
170 4 tid 105949
349 2 tid 105949
642 5 tid 105949
168 tid 105949
Insert  tid 105949
FindTargetPageId rootid 3 tid 105949
target_page_id id: 5 tid 105949
0 1 tid 105949
170 4 tid 105949
349 2 tid 105949
642 5 tid 105949
168 tid 105949
Insert  tid 105949
FindTargetPageId rootid 3 tid 105949
target_page_id id: 5 tid 105949
0 1 tid 105949
170 4 tid 105949
349 2 tid 105949
642 5 tid 105949
168 tid 105949
Insert  tid 105949
FindTargetPageId rootid 3 tid 105951
target_page_id id: 5 tid 105951
0 1 tid 105951
170 4 tid 105951
349 2 tid 105951
642 5 tid 105951
168 tid 105951
Insert  tid 105951
FindTargetPageId rootid 3 tid 105950
target_page_id id: 5 tid 105950
0 1 tid 105950
170 4 tid 105950
349 2 tid 105950
642 5 tid 105950
169 tid 105950
Remove  tid 105950
FindTargetPageId rootid 3 tid 105949
target_page_id id: 5 tid 105949
0 1 tid 105949
170 4 tid 105949
349 2 tid 105949
642 5 tid 105949
168 tid 105949
Insert  tid 105949
FindTargetPageId rootid 3 tid 105951
target_page_id id: 5 tid 105951
0 1 tid 105951
170 4 tid 105951
349 2 tid 105951
642 5 tid 105951
168 tid 105951
Insert  tid 105951
FindTargetPageId rootid 3 tid 105950
target_page_id id: 5 tid 105950
0 1 tid 105950
170 4 tid 105950
349 2 tid 105950
642 5 tid 105950
169 tid 105950
Remove  tid 105950
FindTargetPageId rootid 3 tid 105949
target_page_id id: 5 tid 105949
0 1 tid 105949
170 4 tid 105949
349 2 tid 105949
642 5 tid 105949
168 tid 105949
Insert  tid 105949
FindTargetPageId rootid 3 tid 105951
target_page_id id: 5 tid 105951
0 1 tid 105951
170 4 tid 105951
349 2 tid 105951
642 5 tid 105951
168 tid 105951
FindTargetPageId rootid 3 tid 105950
target_page_id id: 5 tid 105950
0 1 tid 105950
170 4 tid 105950
349 2 tid 105950
642 5 tid 105950
169 tid 105950
Remove  tid 105950
FindTargetPageId rootid 3 tid 105950
target_page_id id: 5 tid 105950
0 1 tid 105950
170 4 tid 105950
349 2 tid Insert 105950
642 5 tid 105950
168 tid 105950
 tid 105951
Remove  tid 105950
FindTargetPageId rootid 3 tid 105951
target_page_id id: 5 tid 105951
0 1 tid 105951
170 4 tid 105951
349 2 tid 105951
642 5 tid 105951
167 tid 105951
Insert  tid 105951
FindTargetPageId rootid 3 tid 105949
target_page_id id: 5 tid 105949
0 1 tid 105949
170 4 tid 105949
349 2 tid 105949
642 5 tid 105949
168 tid 105949
Insert  tid 105949
FindTargetPageId rootid 3 tid 105949
target_page_id id: 5 tid 105949
0 1 tid 105949
170 4 tid 105949
349 2 tid 105949
642 5 tid 105949
168 tid 105949
Insert  tid 105949
FindTargetPageId rootid 3 tid 105951
target_page_id id: 5 tid 105951
0 1 tid 105951
170 4 tid 105951
349 2 tid 105951
642 5 tid 105951
168 tid 105951
Insert  tid 105951
FindTargetPageId rootid 3 tid 105951
target_page_id id: 5 tid 105951
0 1 tid 105951
170 4 tid 105951
349 2 tid 105951
642 5 tid 105951
169 tid 105951
Insert  tid 105951
FindTargetPageId rootid 3 tid 105951
target_page_id id: 5 tid 105951
0 1 tid 105951
170 4 tid 105951
349 2 tid 105951
642 5 tid 105951
170 tid 105951
Insert  tid 105951
FindTargetPageId rootid 3 tid 105951
target_page_id id: 5 tid 105951
0 1 tid 105951
170 4 tid 105951
349 2 tid 105951
642 5 tid 105951
171 tid 105951
Insert  tid 105951
FindTargetPageId rootid 3 tid 105950
target_page_id id: 5 tid 105950
0 1 tid 105950
170 4 tid 105950
349 2 tid 105950
642 5 tid 105950
172 tid 105950
Remove  tid 105950
FindTargetPageId rootid 3 tid 105949
target_page_id id: 5 tid 105949
0 1 tid 105949
170 4 tid 105949
349 2 tid 105949
642 5 tid 105949
171 tid 105949
Insert  tid 105949
FindTargetPageId rootid 3 tid 105949
target_page_id id: 5 tid 105949
0 1 tid 105949
170 4 tid 105949
349 2 tid 105949
642 5 tid 105949
171 tid 105949
Insert  tid 105949
FindTargetPageId rootid 3 tid 105949
target_page_id id: 5 tid 105949
0 1 tid 105949
170 4 tid 105949
349 2 tid 105949
642 5 tid 105949
171 tid 105949
Insert  tid 105949
FindTargetPageId rootid 3 tid 105949
target_page_id id: 5 tid 105949
0 1 tid 105949
170 4 tid 105949
349 2 tid 105949
642 5 tid 105949
171 tid 105949
Insert  tid 105949
FindTargetPageId rootid 3 tid 105949
target_page_id id: 5 tid 105949
0 1 tid 105949
170 4 tid 105949
349 2 tid 105949
642 5 tid 105949
171 tid 105949
Insert  tid 105949
FindTargetPageId rootid 3 tid 105949
target_page_id id: 5 tid 105949
0 1 tid 105949
170 4 tid 105949
349 2 tid 105949
642 5 tid 105949
171 tid 105949
Insert  tid 105949
FindTargetPageId rootid 3 tid 105949
target_page_id id: 5 tid 105949
0 1 tid 105949
170 4 tid 105949
349 2 tid 105949
642 5 tid 105949
171 tid 105949
Insert  tid 105949
FindTargetPageId rootid 3 tid 105949
target_page_id id: 5 tid 105949
0 1 tid 105949
170 4 tid 105949
349 2 tid 105949
642 5 tid 105949
171 tid 105949
Insert  tid 105949
FindTargetPageId rootid 3 tid 105949
target_page_id id: 5 tid 105949
0 1 tid 105949
170 4 tid 105949
349 2 tid 105949
642 5 tid 105949
171 tid 105949
Insert  tid 105949
FindTargetPageId rootid 3 tid 105949
target_page_id id: 5 tid 105949
0 1 tid 105949
170 4 tid 105949
349 2 tid 105949
642 5 tid 105949
171 tid 105949
Insert  tid 105949
FindTargetPageId rootid 3 tid 105951
target_page_id id: 5 tid 105951
0 1 tid 105951
170 4 tid 105951
349 2 tid 105951
642 5 tid 105951
171 tid 105951
Insert  tid 105951
FindTargetPageId rootid 3 tid 105951
target_page_id id: 5 tid 105951
0 1 tid 105951
170 4 tid 105951
349 2 tid 105951
642 5 tid 105951
172 tid 105951
Insert  tid 105951
FindTargetPageId rootid 3 tid 105951
target_page_id id: 5 tid 105951
0 1 tid 105951
170 4 tid 105951
349 2 tid 105951
642 5 tid 105951
173 tid 105951
Insert  tid 105951
FindTargetPageId rootid 3 tid 105951
target_page_id id: 5 tid 105951
0 1 tid 105951
170 4 tid 105951
349 2 tid 105951
642 5 tid 105951
174 tid 105951
Insert  tid 105951
FindTargetPageId rootid 3 tid 105951
target_page_id id: 5 tid 105951
0 1 tid 105951
170 4 tid 105951
349 2 tid 105951
642 5 tid 105951
175 tid 105951
Insert  tid 105951
FindTargetPageId rootid 3 tid 105949
target_page_id id: 5 tid 105949
0 1 tid 105949
170 4 tid 105949
349 2 tid 105949
642 5 tid 105949
176 tid 105949
Insert  tid 105949
FindTargetPageId rootid 3 tid 105949
target_page_id id: 5 tid 105949
0 1 tid 105949
170 4 tid 105949
349 2 tid 105949
642 5 tid 105949
176 tid 105949
Insert  tid 105949
FindTargetPageId rootid 3 tid 105951
target_page_id id: 5 tid 105951
0 1 tid 105951
170 4 tid 105951
349 2 tid 105951
642 5 tid 105951
176 tid 105951
Insert  tid 105951
FindTargetPageId rootid 3 tid 105951
target_page_id id: 5 tid 105951
0 1 tid 105951
170 4 tid 105951
349 2 tid 105951
642 5 tid 105951
177 tid 105951
Insert  tid 105951
FindTargetPageId rootid 3 tid 105949
target_page_id id: 5 tid 105949
0 1 tid 105949
170 4 tid 105949
349 2 tid 105949
642 5 tid 105949
178 tid 105949
Insert  tid 105949
FindTargetPageId rootid 3 tid 105949
target_page_id id: 5 tid 105949
0 1 tid 105949
170 4 tid 105949
349 2 tid 105949
642 5 tid 105949
178 tid 105949
Insert  tid 105949
FindTargetPageId rootid 3 tid 105949
target_page_id id: 5 tid 105949
0 1 tid 105949
170 4 tid 105949
349 2 tid 105949
642 5 tid 105949
178 tid 105949
Insert  tid 105949
FindTargetPageId rootid 3 tid 105949
target_page_id id: 5 tid 105949
0 1 tid 105949
170 4 tid 105949
349 2 tid 105949
642 5 tid 105949
178 tid 105949
Insert  tid 105949
FindTargetPageId rootid 3 tid 105951
target_page_id id: 5 tid 105951
0 1 tid 105951
170 4 tid 105951
349 2 tid 105951
642 5 tid 105951
178 tid 105951
Insert  tid 105951
FindTargetPageId rootid 3 tid 105950
target_page_id id: 5 tid 105950
0 1 tid 105950
170 4 tid 105950
349 2 tid 105950
642 5 tid 105950
179 tid 105950
Remove  tid 105950
FindTargetPageId rootid 3 tid 105950
target_page_id id: 5 tid 105950
0 1 tid 105950
170 4 tid 105950
349 2 tid 105950
642 5 tid 105950
178 tid 105950
Remove  tid 105950
FindTargetPageId rootid 3 tid 105950
target_page_id id: 5 tid 105950
0 1 tid 105950
170 4 tid 105950
349 2 tid 105950
642 5 tid 105950
177 tid 105950
FindTargetPageId rootid 3 tid Remove  tid 105951
target_page_id id: 5 tid 105951
0 1 tid 105951
170 4 tid 105951
349 2 tid 105951
642 5 tid 105951
176 tid 105951
Insert  tid 105951
FindTargetPageId rootid 3 tid 105951
target_page_id id: 5 tid 105951
0 1 tid 105951
170 4 tid 105951
349 2 tid 105951
642 5 tid 105951
177 tid 105951
Insert  tid 105951
FindTargetPageId rootid 3 tid 105951
target_page_id id: 5 tid 105951
0 1 tid 105951
170 4 tid 105951
349 2 tid 105951
642 5 tid 105951
178 tid 105951
Insert  tid 105951
FindTargetPageId rootid 3 tid 105949
target_page_id id: 5 tid 105949
0 1 tid 105949
170 4 tid 105949
349 2 tid 105950
105949
642 5 tid 105949
179 tid 105949
Insert  tid 105949
FindTargetPageId rootid 3 tid 105949
target_page_id id: 5 tid 105949
0 1 tid 105949
170 4 tid 105949
349 2 tid 105949
642 5 tid 105949
179 tid 105949
Insert  tid 105949
FindTargetPageId rootid 3 tid 105950
target_page_id id: 5 tid 105950
0 1 tid 105950
170 4 tid 105950
349 2 tid 105950
642 5 tid 105950
179 tid 105950
Remove  tid 105950
FindTargetPageId rootid 3 tid 105951
target_page_id id: 5 tid 105951
0 1 tid 105951
170 4 tid 105951
349 2 tid 105951
642 5 tid 105951
178 tid 105951
Insert  tid 105951
FindTargetPageId rootid 3 tid 105949
target_page_id id: 5 tid 105949
0 1 tid 105949
170 4 tid 105949
349 2 tid 105949
642 5 tid 105949
179 tid 105949
Insert  tid 105949
FindTargetPageId rootid 3 tid 105949
target_page_id id: 5 tid 105949
0 1 tid 105949
170 4 tid 105949
349 2 tid 105949
642 5 tid 105949
179 tid 105949
Insert  tid 105949
FindTargetPageId rootid 3 tid 105951
target_page_id id: 5 tid 105951
0 1 tid 105951
170 4 tid 105951
349 2 tid 105951
642 5 tid 105951
179 tid 105951
Insert  tid 105951
FindTargetPageId rootid 3 tid 105951
target_page_id id: 5 tid 105951
0 1 tid 105951
170 4 tid 105951
349 2 tid 105951
642 5 tid 105951
180 tid 105951
Insert  tid 105951
FindTargetPageId rootid 3 tid 105951
target_page_id id: 5 tid 105951
0 1 tid 105951
170 4 tid 105951
349 2 tid 105951
642 5 tid 105951
181 tid 105951
Insert  tid 105951
FindTargetPageId rootid 3 tid 105951
target_page_id id: 5 tid 105951
0 1 tid 105951
170 4 tid 105951
349 2 tid 105951
642 5 tid 105951
182 tid 105951
Insert  tid 105951
FindTargetPageId rootid 3 tid 105949
target_page_id id: 5 tid 105949
0 1 tid 105949
170 4 tid 105949
349 2 tid 105949
642 5 tid 105949
183 tid 105949
Insert  tid 105949
FindTargetPageId rootid 3 tid 105950
target_page_id id: 5 tid 105950
0 1 tid 105950
170 4 tid 105950
349 2 tid 105950
642 5 tid 105950
183 tid 105950
Remove  tid 105950
FindTargetPageId rootid 3 tid 105950
target_page_id id: 5 tid 105950
0 1 tid 105950
170 4 tid 105950
349 2 tid 105950
642 5 tid 105950
182 tid 105950
Remove  tid 105950
FindTargetPageId rootid 3 tid 105950
target_page_id id: 5 tid 105950
0 1 tid 105950
170 4 tid 105950
349 2 tid 105950
642 5 tid 105950
181 tid 105950
Remove  tid 105950
FindTargetPageId rootid 3 tid 105950
target_page_id id: 5 tid 105950
0 1 tid 105950
170 4 tid 105950
349 2 tid 105950
642 5 tid 105950
180 tid 105950
Remove  tid 105950
FindTargetPageId rootid 3 tid 105950
target_page_id id: 5 tid 105950
0 1 tid 105950
170 4 tid 105950
349 2 tid 105950
642 5 tid 105950
179 tid 105950
Remove  tid 105950
FindTargetPageId rootid 3 tid 105950
target_page_id id: 5 tid 105950
0 1 tid 105950
170 4 tid 105950
349 2 tid 105950
642 5 tid 105950
178 tid 105950
Remove  tid 105950
FindTargetPageId rootid 3 tid 105949
target_page_id id: 5 tid 105949
0 1 tid 105949
170 4 tid 105949
349 2 tid 105949
642 5 tid 105949
177 tid 105949
Insert  tid 105949
FindTargetPageId rootid 3 tid 105951
target_page_id id: 5 tid 105951
0 1 tid 105951
170 4 tid 105951
349 2 tid 105951
642 5 tid 105951
177 tid 105951
Insert  tid 105951
FindTargetPageId rootid 3 tid 105951
target_page_id id: 5 tid 105951
0 1 tid 105951
170 4 tid 105951
349 2 tid 105951
642 5 tid 105951
178 tid 105951
Insert  tid 105951
FindTargetPageId rootid 3 tid 105951
target_page_id id: 5 tid 105951
0 1 tid 105951
170 4 tid 105951
349 2 tid 105951
642 5 tid 105951
179 tid 105951
Insert  tid 105951
FindTargetPageId rootid 3 tid 105951
target_page_id id: 5 tid 105951
0 1 tid 105951
170 4 tid 105951
349 2 tid 105951
642 5 tid 105951
180 tid 105951
Insert  tid 105951
FindTargetPageId rootid 3 tid 105951
target_page_id id: 5 tid 105951
0 1 tid 105951
170 4 tid 105951
349 2 tid 105951
642 5 tid 105951
181 tid 105951
Insert  tid 105951
FindTargetPageId rootid 3 tid 105950
target_page_id id: 5 tid 105950
0 1 tid 105950
170 4 tid 105950
349 2 tid 105950
642 5 tid 105950
182 tid 105950
Remove  tid 105950
FindTargetPageId rootid 3 tid 105950
target_page_id id: 5 tid 105950
0 1 tid 105950
170 4 tid 105950
349 2 tid 105950
642 5 tid 105950
181 tid 105950
Remove  tid 105950
FindTargetPageId rootid 3 tid 105951
target_page_id id: 5 tid 105951
0 1 tid 105951
170 4 tid 105951
349 2 tid 105951
642 5 tid 105951
180 tid 105951
Insert  tid 105951
FindTargetPageId rootid 3 tid 105951
target_page_id id: 5 tid 105951
0 1 tid 105951
170 4 tid 105951
349 2 tid 105951
642 5 tid 105951
181 tid 105951
Insert  tid 105951
FindTargetPageId rootid 3 tid 105951
target_page_id id: 5 tid 105951
0 1 tid 105951
170 4 tid 105951
349 2 tid 105951
642 5 tid 105951
182 tid 105951
Insert  tid 105951
FindTargetPageId rootid 3 tid 105949
target_page_id id: 5 tid 105949
0 1 tid 105949
170 4 tid 105949
349 2 tid 105949
642 5 tid 105949
183 tid 105949
Insert  tid 105949
FindTargetPageId rootid 3 tid 105949
target_page_id id: 5 tid 105949
0 1 tid 105949
170 4 tid 105949
349 2 tid 105949
642 5 tid 105949
183 tid 105949
Insert  tid 105949
FindTargetPageId rootid 3 tid 105949
target_page_id id: 5 tid 105949
0 1 tid 105949
170 4 tid 105949
349 2 tid 105949
642 5 tid 105949
183 tid 105949
Insert  tid 105949
FindTargetPageId rootid 3 tid 105950
target_page_id id: 5 tid 105950
0 1 tid 105950
170 4 tid 105950
349 2 tid 105950
642 5 tid 105950
183 tid 105950
Remove  tid 105950
FindTargetPageId rootid 3 tid 105951
target_page_id id: 5 tid 105951
0 1 tid 105951
170 4 tid 105951
349 2 tid 105951
642 5 tid 105951
182 tid 105951
Insert  tid 105951
FindTargetPageId rootid 3 tid 105951
target_page_id id: 5 tid 105951
0 1 tid 105951
170 4 tid 105951
349 2 tid 105951
642 5 tid 105951
183 tid 105951
Insert  tid 105951
FindTargetPageId rootid 3 tid 105951
target_page_id id: 5 tid 105951
0 1 tid 105951
170 4 tid 105951
349 2 tid 105951
642 5 tid 105951
184 tid 105951
Insert  tid 105951
FindTargetPageId rootid 3 tid 105951
target_page_id id: 5 tid 105951
0 1 tid 105951
170 4 tid 105951
349 2 tid 105951
642 5 tid 105951
185 tid 105951
Insert  tid 105951
FindTargetPageId rootid 3 tid 105951
target_page_id id: 5 tid 105951
0 1 tid 105951
170 4 tid 105951
349 2 tid 105951
642 5 tid 105951
186 tid 105951
Insert  tid 105951
FindTargetPageId rootid 3 tid 105949
target_page_id id: 5 tid 105949
0 1 tid 105949
170 4 tid 105949
349 2 tid 105949
642 5 tid 105949
187 tid 105949
Insert  tid 105949
FindTargetPageId rootid 3 tid 105949
target_page_id id: 5 tid 105949
0 1 tid 105949
170 4 tid 105949
349 2 tid 105949
642 5 tid 105949
187 tid 105949
Insert  tid 105949
FindTargetPageId rootid 3 tid 105949
target_page_id id: 5 tid 105949
0 1 tid 105949
170 4 tid 105949
349 2 tid 105949
642 5 tid 105949
187 tid 105949
Insert  tid 105949
FindTargetPageId rootid 3 tid 105950
target_page_id id: 5 tid 105950
0 1 tid 105950
170 4 tid 105950
349 2 tid 105950
642 5 tid 105950
187 tid 105950
Remove  tid 105950
FindTargetPageId rootid 3 tid 105951
target_page_id id: 5 tid 105951
0 1 tid 105951
170 4 tid 105951
349 2 tid 105951
642 5 tid 105951
186 tid 105951
Insert  tid 105951
FindTargetPageId rootid 3 tid 105949
target_page_id id: 5 tid 105949
0 1 tid 105949
170 4 tid 105949
349 2 tid 105949
642 5 tid 105949
187 tid 105949
FindTargetPageId rootid 3 tid 105950
target_page_id id: 5 tid 105950
0 1 tid 105950
170 4 tid 105950
349 2 tid 105950
642 5 tid 105950
187 tid 105950
Insert  tid 105949
FindTargetPageId rootid 3 tid 105951
target_page_id id: 5 tid 105951
0 1 tid 105951
170 4 tid 105951
349 2 tid 105951
642 5 tid 105951
Remove 186 tid  tid 105951
105950
FindTargetPageId rootid 3 tid 105950
target_page_id id: 5 tid 105950
0 1 tid 105950
170 4 tid 105950
349 2 tid 105950
642 5 tid 105950
187 tid 105950
Remove  tid 105950
FindTargetPageId rootid 3 tid 105950
Insert target_page_id id:  tid 5 tid 105950
0 1 tid 105950
170 4 tid 105950
349 2 tid 105950
642 5 tid 105950
105951
186 tid 105950
Remove  tid 105950
FindTargetPageId rootid 3 tid 105950
target_page_id id: 5 tid 105950
0 1 tid 105950
170 4 tid 105950
349 2 tid 105950
642 5 tid 105950
185 tid 105950
Remove  tid 105950
FindTargetPageId rootid 3 tid 105950
target_page_id id: 5 tid 105950
0 1 tid 105950
170 4 tid 105950
349 2 tid 105950
642 5 tid 105950
184 tid 105950
Remove  tid 105950
FindTargetPageId rootid 3 tid 105950
target_page_id id: 5 tid 105950
0 1 tid 105950
170 4 tid 105950
349 2 tid 105950
642 5 tid 105950
183 tid 105950
Remove  tid 105950
FindTargetPageId rootid 3 tid 105949
target_page_id id: 5 tid 105949
0 1 tid 105949
170 4 tid 105949
349 2 tid 105949
642 5 tid 105949
182 tid 105949
Insert  tid 105949
FindTargetPageId rootid 3 tid 105951
target_page_id id: 5 tid 105951
0 1 tid 105951
170 4 tid 105951
349 2 tid 105951
642 5 tid 105951
182 tid 105951
Insert  tid 105951
FindTargetPageId rootid 3 tid 105951
target_page_id id: 5 tid 105951
0 1 tid 105951
170 4 tid 105951
349 2 tid 105951
642 5 tid 105951
183 tid 105951
Insert  tid 105951
FindTargetPageId rootid 3 tid 105951
target_page_id id: 5 tid 105951
0 1 tid 105951
170 4 tid 105951
349 2 tid 105951
642 5 tid 105951
184 tid 105951
Insert  tid 105951
FindTargetPageId rootid 3 tid 105949
target_page_id id: 5 tid 105949
0 1 tid 105949
170 4 tid 105949
349 2 tid 105949
642 5 tid 105949
185 tid 105949
Insert  tid 105949
FindTargetPageId rootid 3 tid 105949
target_page_id id: 5 tid 105949
0 1 tid 105949
170 4 tid 105949
349 2 tid 105949
642 5 tid 105949
185 tid 105949
Insert  tid 105949
FindTargetPageId rootid 3 tid 105949
target_page_id id: 5 tid 105949
0 1 tid 105949
170 4 tid 105949
349 2 tid 105949
642 5 tid 105949
185 tid 105949
Insert  tid 105949
FindTargetPageId rootid 3 tid 105949
target_page_id id: 5 tid 105949
0 1 tid 105949
170 4 tid 105949
349 2 tid 105949
642 5 tid 105949
185 tid 105949
Insert  tid 105949
FindTargetPageId rootid 3 tid 105949
target_page_id id: 5 tid 105949
0 1 tid 105949
170 4 tid 105949
349 2 tid 105949
642 5 tid 105949
185 tid 105949
Insert  tid 105949
FindTargetPageId rootid 3 tid 105949
target_page_id id: 5 tid 105949
0 1 tid 105949
170 4 tid 105949
349 2 tid 105949
642 5 tid 105949
185 tid 105949
Insert  tid 105949
FindTargetPageId rootid 3 tid 105951
target_page_id id: 5 tid 105951
0 1 tid 105951
170 4 tid 105951
349 2 tid 105951
642 5 tid 105951
185 tid 105951
Insert  tid 105951
FindTargetPageId rootid 3 tid 105950
target_page_id id: 5 tid 105950
0 1 tid 105950
170 4 tid 105950
349 2 tid 105950
642 5 tid 105950
186 tid 105950
Remove  tid 105950
FindTargetPageId rootid 3 tid 105950
target_page_id id: 5 tid 105950
0 1 tid 105950
170 4 tid 105950
349 2 tid 105950
642 5 tid 105950
185 tid 105950
Remove  tid 105950
FindTargetPageId rootid 3 tid 105951
target_page_id id: 5 tid 105951
0 1 tid 105951
170 4 tid 105951
349 2 tid 105951
642 5 tid 105951
184 tid 105951
Insert  tid 105951
FindTargetPageId rootid 3 tid 105949
target_page_id id: 5 tid 105949
0 1 tid 105949
170 4 tid 105949
349 2 tid 105949
642 5 tid 105949
185 tid 105949
Insert  tid 105949
FindTargetPageId rootid 3 tid 105949
target_page_id id: 5 tid 105949
0 1 tid 105949
170 4 tid 105949
349 2 tid 105949
642 5 tid 105949
185 tid 105949
Insert  tid 105949
FindTargetPageId rootid 3 tid 105949
target_page_id id: 5 tid 105949
0 1 tid 105949
170 4 tid 105949
349 2 tid 105949
642 5 tid 105949
185 tid 105949
Insert  tid 105949
FindTargetPageId rootid 3 tid 105949
target_page_id id: 5 tid 105949
0 1 tid 105949
170 4 tid 105949
349 2 tid 105949
642 5 tid 105949
185 tid 105949
Insert  tid 105949
FindTargetPageId rootid 3 tid 105949
target_page_id id: 5 tid 105949
0 1 tid 105949
170 4 tid 105949
349 2 tid 105949
642 5 tid 105949
185 tid 105949
Insert  tid 105949
FindTargetPageId rootid 3 tid 105949
target_page_id id: 5 tid 105949
0 1 tid 105949
170 4 tid 105949
349 2 tid 105949
642 5 tid 105949
185 tid 105949
Insert  tid 105949
FindTargetPageId rootid 3 tid 105949
target_page_id id: 5 tid 105949
0 1 tid 105949
170 4 tid 105949
349 2 tid 105949
642 5 tid 105949
185 tid 105949
Insert  tid 105949
FindTargetPageId rootid 3 tid 105949
target_page_id id: 5 tid 105949
0 1 tid 105949
170 4 tid 105949
349 2 tid 105949
642 5 tid 105949
185 tid 105949
Insert  tid 105949
FindTargetPageId rootid 3 tid 105949
target_page_id id: 5 tid 105949
0 1 tid 105949
170 4 tid 105949
349 2 tid 105949
642 5 tid 105949
185 tid 105949
Insert  tid 105949
FindTargetPageId rootid 3 tid 105949
target_page_id id: 5 tid 105949
0 1 tid 105949
170 4 tid 105949
349 2 tid 105949
642 5 tid 105949
185 tid 105949
Insert  tid 105949
FindTargetPageId rootid 3 tid 105949
target_page_id id: 5 tid 105949
0 1 tid 105949
170 4 tid 105949
349 2 tid 105949
642 5 tid 105949
185 tid 105949
Insert  tid 105949
FindTargetPageId rootid 3 tid 105949
target_page_id id: 5 tid 105949
0 1 tid 105949
170 4 tid 105949
349 2 tid 105949
642 5 tid 105949
185 tid 105949
Insert  tid 105949
FindTargetPageId rootid 3 tid 105949
target_page_id id: 5 tid 105949
0 1 tid 105949
170 4 tid 105949
349 2 tid 105949
642 5 tid 105949
185 tid 105949
Insert  tid 105949
FindTargetPageId rootid 3 tid 105949
target_page_id id: 5 tid 105949
0 1 tid 105949
170 4 tid 105949
349 2 tid 105949
642 5 tid 105949
185 tid 105949
Insert  tid 105949
FindTargetPageId rootid 3 tid 105949
target_page_id id: 5 tid 105949
0 1 tid 105949
170 4 tid 105949
349 2 tid 105949
642 5 tid 105949
185 tid 105949
Insert  tid 105949
FindTargetPageId rootid 3 tid 105949
target_page_id id: 5 tid 105949
0 1 tid 105949
170 4 tid 105949
349 2 tid 105949
642 5 tid 105949
185 tid 105949
Insert  tid 105949
FindTargetPageId rootid 3 tid 105949
target_page_id id: 5 tid 105949
0 1 tid 105949
170 4 tid 105949
349 2 tid 105949
642 5 tid 105949
185 tid 105949
Insert  tid 105949
FindTargetPageId rootid 3 tid 105949
target_page_id id: 5 tid 105949
0 1 tid 105949
170 4 tid 105949
349 2 tid 105949
642 5 tid 105949
185 tid 105949
Insert  tid 105949
FindTargetPageId rootid 3 tid 105949
target_page_id id: 5 tid 105949
0 1 tid 105949
170 4 tid 105949
349 2 tid 105949
642 5 tid 105949
185 tid 105949
Insert  tid 105949
FindTargetPageId rootid 3 tid 105949
target_page_id id: 5 tid 105949
0 1 tid 105949
170 4 tid 105949
349 2 tid 105949
642 5 tid 105949
185 tid 105949
Insert  tid 105949
FindTargetPageId rootid 3 tid 105949
target_page_id id: 5 tid 105949
0 1 tid 105949
170 4 tid 105949
349 2 tid 105949
642 5 tid 105949
185 tid 105949
Insert  tid 105949
FindTargetPageId rootid 3 tid 105949
target_page_id id: 5 tid 105949
0 1 tid 105949
170 4 tid 105949
349 2 tid 105949
642 5 tid 105949
185 tid 105949
Insert  tid 105949
FindTargetPageId rootid 3 tid 105949
target_page_id id: 5 tid 105949
0 1 tid 105949
170 4 tid 105949
349 2 tid 105949
642 5 tid 105949
186 tid 105949
Insert  tid 105949
FindTargetPageId rootid 3 tid 105949
target_page_id id: 5 tid 105949
0 1 tid 105949
170 4 tid 105949
349 2 tid 105949
642 5 tid 105949
187 tid 105949
Insert  tid 105949
FindTargetPageId rootid 3 tid 105949
target_page_id id: 5 tid 105949
0 1 tid 105949
170 4 tid 105949
349 2 tid 105949
642 5 tid 105949
188 tid 105949
Insert  tid 105949
FindTargetPageId rootid 3 tid 105949
target_page_id id: 5 tid 105949
0 1 tid 105949
170 4 tid 105949
349 2 tid 105949
642 5 tid 105949
189 tid 105949
Insert  tid 105949
FindTargetPageId rootid 3 tid 105949
target_page_id id: 5 tid 105949
0 1 tid 105949
170 4 tid 105949
349 2 tid 105949
642 5 tid 105949
190 tid 105949
Insert  tid 105949
FindTargetPageId rootid 3 tid 105949
target_page_id id: 5 tid 105949
0 1 tid 105949
170 4 tid 105949
349 2 tid 105949
642 5 tid 105949
191 tid 105949
Insert  tid 105949
FindTargetPageId rootid 3 tid 105949
target_page_id id: 5 tid 105949
0 1 tid 105949
170 4 tid 105949
349 2 tid 105949
642 5 tid 105949
192 tid 105949
Insert  tid 105949
FindTargetPageId rootid 3 tid 105949
target_page_id id: 5 tid 105949
0 1 tid 105949
170 4 tid 105949
349 2 tid 105949
642 5 tid 105949
193 tid 105949
Insert  tid 105949
FindTargetPageId rootid 3 tid 105949
target_page_id id: 5 tid 105949
0 1 tid 105949
170 4 tid 105949
349 2 tid 105949
642 5 tid 105949
194 tid 105949
Insert  tid 105949
FindTargetPageId rootid 3 tid 105949
target_page_id id: 5 tid 105949
0 1 tid 105949
170 4 tid 105949
349 2 tid 105949
642 5 tid 105949
195 tid 105949
Insert  tid 105949
FindTargetPageId rootid 3 tid 105949
target_page_id id: 5 tid 105949
0 1 tid 105949
170 4 tid 105949
349 2 tid 105949
642 5 tid 105949
196 tid 105949
Insert  tid 105949
FindTargetPageId rootid 3 tid 105949
target_page_id id: 5 tid 105949
0 1 tid 105949
170 4 tid 105949
349 2 tid 105949
642 5 tid 105949
197 tid 105949
Insert  tid 105949
FindTargetPageId rootid 3 tid 105949
target_page_id id: 5 tid 105949
0 1 tid 105949
170 4 tid 105949
349 2 tid 105949
642 5 tid 105949
198 tid 105949
Insert  tid 105949
FindTargetPageId rootid 3 tid 105949
target_page_id id: 5 tid 105949
0 1 tid 105949
170 4 tid 105949
349 2 tid 105949
642 5 tid 105949
199 tid 105949
Insert  tid 105949
FindTargetPageId rootid 3 tid 105949
target_page_id id: 5 tid 105949
0 1 tid 105949
170 4 tid 105949
349 2 tid 105949
642 5 tid 105949
200 tid 105949
Insert  tid 105949
FindTargetPageId rootid 3 tid 105949
target_page_id id: 5 tid 105949
0 1 tid 105949
170 4 tid 105949
349 2 tid 105949
642 5 tid 105949
201 tid 105949
Insert  tid 105949
FindTargetPageId rootid 3 tid 105949
target_page_id id: 5 tid 105949
0 1 tid 105949
170 4 tid 105949
349 2 tid 105949
642 5 tid 105949
202 tid 105949
Insert  tid 105949
FindTargetPageId rootid 3 tid 105949
target_page_id id: 5 tid 105949
0 1 tid 105949
170 4 tid 105949
349 2 tid 105949
642 5 tid 105949
203 tid 105949
Insert  tid 105949
FindTargetPageId rootid 3 tid 105949
target_page_id id: 5 tid 105949
0 1 tid 105949
170 4 tid 105949
349 2 tid 105949
642 5 tid 105949
204 tid 105949
Insert  tid 105949
FindTargetPageId rootid 3 tid 105949
target_page_id id: 5 tid 105949
0 1 tid 105949
170 4 tid 105949
349 2 tid 105949
642 5 tid 105949
205 tid 105949
Insert  tid 105949
FindTargetPageId rootid 3 tid 105949
target_page_id id: 5 tid 105949
0 1 tid 105949
170 4 tid 105949
349 2 tid 105949
642 5 tid 105949
206 tid 105949
Insert  tid 105949
FindTargetPageId rootid 3 tid 105949
target_page_id id: 5 tid 105949
0 1 tid 105949
170 4 tid 105949
349 2 tid 105949
642 5 tid 105949
207 tid 105949
Insert  tid 105949
FindTargetPageId rootid 3 tid 105949
target_page_id id: 5 tid 105949
0 1 tid 105949
170 4 tid 105949
349 2 tid 105949
642 5 tid 105949
208 tid 105949
Insert  tid 105949
FindTargetPageId rootid 3 tid 105949
target_page_id id: 5 tid 105949
0 1 tid 105949
170 4 tid 105949
349 2 tid 105949
642 5 tid 105949
209 tid 105949
Insert  tid 105949
FindTargetPageId rootid 3 tid 105949
target_page_id id: 5 tid 105949
0 1 tid 105949
170 4 tid 105949
349 2 tid 105949
642 5 tid 105949
210 tid 105949
Insert  tid 105949
FindTargetPageId rootid 3 tid 105949
target_page_id id: 5 tid 105949
0 1 tid 105949
170 4 tid 105949
349 2 tid 105949
642 5 tid 105949
211 tid 105949
Insert  tid 105949
FindTargetPageId rootid 3 tid 105949
target_page_id id: 5 tid 105949
0 1 tid 105949
170 4 tid 105949
349 2 tid 105949
642 5 tid 105949
212 tid 105949
Insert  tid 105949
FindTargetPageId rootid 3 tid 105949
target_page_id id: 5 tid 105949
0 1 tid 105949
170 4 tid 105949
349 2 tid 105949
642 5 tid 105949
213 tid 105949
Insert  tid 105949
FindTargetPageId rootid 3 tid 105949
target_page_id id: 5 tid 105949
0 1 tid 105949
170 4 tid 105949
349 2 tid 105949
642 5 tid 105949
214 tid 105949
Insert  tid 105949
FindTargetPageId rootid 3 tid 105949
target_page_id id: 5 tid 105949
0 1 tid 105949
170 4 tid 105949
349 2 tid 105949
642 5 tid 105949
215 tid 105949
Insert  tid 105949
FindTargetPageId rootid 3 tid 105949
target_page_id id: 5 tid 105949
0 1 tid 105949
170 4 tid 105949
349 2 tid 105949
642 5 tid 105949
216 tid 105949
Insert  tid 105949
FindTargetPageId rootid 3 tid 105949
target_page_id id: 5 tid 105949
0 1 tid 105949
170 4 tid 105949
349 2 tid 105949
642 5 tid 105949
217 tid 105949
Insert  tid 105949
FindTargetPageId rootid 3 tid 105949
target_page_id id: 5 tid 105949
0 1 tid 105949
170 4 tid 105949
349 2 tid 105949
642 5 tid 105949
218 tid 105949
Insert  tid 105949
FindTargetPageId rootid 3 tid 105949
target_page_id id: 5 tid 105949
0 1 tid 105949
170 4 tid 105949
349 2 tid 105949
642 5 tid 105949
219 tid 105949
Insert  tid 105949
FindTargetPageId rootid 3 tid 105949
target_page_id id: 5 tid 105949
0 1 tid 105949
170 4 tid 105949
349 2 tid 105949
642 5 tid 105949
220 tid 105949
Insert  tid 105949
FindTargetPageId rootid 3 tid 105949
target_page_id id: 5 tid 105949
0 1 tid 105949
170 4 tid 105949
349 2 tid 105949
642 5 tid 105949
221 tid 105949
Insert  tid 105949
FindTargetPageId rootid 3 tid 105949
target_page_id id: 5 tid 105949
0 1 tid 105949
170 4 tid 105949
349 2 tid 105949
642 5 tid 105949
222 tid 105949
Insert  tid 105949
FindTargetPageId rootid 3 tid 105949
target_page_id id: 5 tid 105949
0 1 tid 105949
170 4 tid 105949
349 2 tid 105949
642 5 tid 105949
223 tid 105949
Insert  tid 105949
FindTargetPageId rootid 3 tid 105949
target_page_id id: 5 tid 105949
0 1 tid 105949
170 4 tid 105949
349 2 tid 105949
642 5 tid 105949
224 tid 105949
Insert  tid 105949
FindTargetPageId rootid 3 tid 105949
target_page_id id: 5 tid 105949
0 1 tid 105949
170 4 tid 105949
349 2 tid 105949
642 5 tid 105949
225 tid 105949
Insert  tid 105949
FindTargetPageId rootid 3 tid 105949
target_page_id id: 5 tid 105949
0 1 tid 105949
170 4 tid 105949
349 2 tid 105949
642 5 tid 105949
226 tid 105949
Insert  tid 105949
FindTargetPageId rootid 3 tid 105949
target_page_id id: 5 tid 105949
0 1 tid 105949
170 4 tid 105949
349 2 tid 105949
642 5 tid 105949
227 tid 105949
Insert  tid 105949
FindTargetPageId rootid 3 tid 105949
target_page_id id: 5 tid 105949
0 1 tid 105949
170 4 tid 105949
349 2 tid 105949
642 5 tid 105949
228 tid 105949
Insert  tid 105949
FindTargetPageId rootid 3 tid 105949
target_page_id id: 5 tid 105949
0 1 tid 105949
170 4 tid 105949
349 2 tid 105949
642 5 tid 105949
229 tid 105949
Insert  tid 105949
FindTargetPageId rootid 3 tid 105949
target_page_id id: 5 tid 105949
0 1 tid 105949
170 4 tid 105949
349 2 tid 105949
642 5 tid 105949
230 tid 105949
Insert  tid 105949
FindTargetPageId rootid 3 tid 105949
target_page_id id: 5 tid 105949
0 1 tid 105949
170 4 tid 105949
349 2 tid 105949
642 5 tid 105949
231 tid 105949
Insert  tid 105949
FindTargetPageId rootid 3 tid 105949
target_page_id id: 5 tid 105949
0 1 tid 105949
170 4 tid 105949
349 2 tid 105949
642 5 tid 105949
232 tid 105949
Insert  tid 105949
FindTargetPageId rootid 3 tid 105949
target_page_id id: 5 tid 105949
0 1 tid 105949
170 4 tid 105949
349 2 tid 105949
642 5 tid 105949
233 tid 105949
Insert  tid 105949
FindTargetPageId rootid 3 tid 105949
target_page_id id: 5 tid 105949
0 1 tid 105949
170 4 tid 105949
349 2 tid 105949
642 5 tid 105949
234 tid 105949
FindTargetPageId rootid 3 tid 105951
target_page_id id: 5 tid 105951
0 1 tid 105951
170 4 tid 105951
349 2 tid 105951
642 5 tid 105951
235 tid 105951
Insert  tid Insert  tid 105951
105949
FindTargetPageId rootid 3 tid 105950
target_page_id id: 5 tid 105950
0 1 tid 105950
170 4 tid 105950
349 2 tid 105950
642 5 tid 105950
235 tid 105950
Remove  tid 105950
FindTargetPageId rootid 3 tid 105951
target_page_id id: 5 tid 105951
0 1 tid 105951
170 4 tid 105951
349 2 tid 105951
642 5 tid 105951
234 tid 105951
Insert  tid 105951
FindTargetPageId rootid 3 tid 105949
target_page_id id: 5 tid 105949
0 1 tid 105949
170 4 tid 105949
349 2 tid 105949
642 5 tid 105949
234 tid 105949
Insert  tid 105949
FindTargetPageId rootid 3 tid 105950
target_page_id id: 5 tid 105950
0 1 tid 105950
170 4 tid 105950
349 2 tid 105950
642 5 tid 105950
235 tid 105950
Remove  tid 105950
FindTargetPageId rootid 3 tid 105951
target_page_id id: 5 tid 105951
0 1 tid 105951
170 4 tid 105951
349 2 tid 105951
642 5 tid 105951
234 tid 105951
Insert  tid 105951
FindTargetPageId rootid 3 tid 105951
target_page_id id: 5 tid 105951
0 1 tid 105951
170 4 tid 105951
349 2 tid 105951
642 5 tid 105951
234 tid 105951
Insert  tid 105951
FindTargetPageId rootid 3 tid 105950
target_page_id id: 5 tid 105950
0 1 tid 105950
170 4 tid 105950
349 2 tid 105950
642 5 tid 105950
234 tid 105950
Remove  tid 105950
FindTargetPageId rootid 3 tid 105949
target_page_id id: 5 tid 105949
0 1 tid 105949
170 4 tid 105949
349 2 tid 105949
642 5 tid 105949
233 tid 105949
Insert  tid 105949
FindTargetPageId rootid 3 tid 105951
target_page_id id: 5 tid 105951
0 1 tid 105951
170 4 tid 105951
349 2 tid 105951
642 5 tid 105951
234 tid 105951
Insert  tid 105951
FindTargetPageId rootid 3 tid 105950
target_page_id id: 5 tid 105950
0 1 tid 105950
170 4 tid 105950
349 2 tid 105950
642 5 tid 105950
234 tid 105950
Remove  tid 105950
FindTargetPageId rootid 3 tid 105950
target_page_id id: 5 tid 105950
0 1 tid 105950
170 4 tid 105950
349 2 tid 105950
642 5 tid 105950
233 tid 105950
Remove  tid 105950
FindTargetPageId rootid 3 tid 105950
target_page_id id: 5 tid 105950
0 1 tid 105950
170 4 tid 105950
349 2 tid 105950
642 5 tid 105950
232 tid 105950
Remove  tid 105950
FindTargetPageId rootid 3 tid 105950
target_page_id id: 5 tid 105950
0 1 tid 105950
170 4 tid 105950
349 2 tid 105950
642 5 tid 105950
231 tid 105950
Remove  tid 105950
FindTargetPageId rootid 3 tid 105951
target_page_id id: 5 tid 105951
0 1 tid 105951
170 4 tid 105951
349 2 tid 105951
642 5 tid 105951
230 tid 105951
Insert  tid 105951
FindTargetPageId rootid 3 tid 105951
target_page_id id: 5 tid 105951
0 1 tid 105951
170 4 tid 105951
349 2 tid 105951
642 5 tid 105951
230 tid 105951
Insert  tid 105951
FindTargetPageId rootid 3 tid 105951
target_page_id id: 5 tid 105951
0 1 tid 105951
170 4 tid 105951
349 2 tid 105951
642 5 tid 105951
230 tid 105951
Insert  tid 105951
FindTargetPageId rootid 3 tid 105949
target_page_id id: 5 tid 105949
0 1 tid 105949
170 4 tid 105949
349 2 tid 105949
642 5 tid 105949
230 tid 105949
Insert  tid 105949
FindTargetPageId rootid 3 tid 105950
target_page_id id: 5 tid 105950
0 1 tid 105950
170 4 tid 105950
349 2 tid 105950
642 5 tid 105950
231 tid 105950
Remove  tid FindTargetPageId rootid 1059503 tid 
105951
target_page_id id: 5 tid 105951
0 1 tid 105951
170 4 tid 105951
349 2 tid 105951
642 5 tid 105951
230 tid 105951
Insert  tid 105951
FindTargetPageId rootid 3 tid 105951
target_page_id id: 5 tid 105951
0 1 tid 105951
170 4 tid 105951
349 2 tid 105951
642 5 tid 105951
230 tid 105951
Insert  tid 105951
FindTargetPageId rootid 3 tid 105951
target_page_id id: 5 tid 105951
0 1 tid 105951
170 4 tid 105951
349 2 tid 105951
642 5 tid 105951
230 tid 105951
Insert  tid 105951
FindTargetPageId rootid 3 tid 105949
target_page_id id: 5 tid 105949
0 1 tid 105949
170 4 tid 105949
349 2 tid 105949
642 5 tid 105949
230 tid 105949
Insert  tid 105949
FindTargetPageId rootid 3 tid 105949
target_page_id id: 5 tid 105949
0 1 tid 105949
170 4 tid 105949
349 2 tid 105949
642 5 tid 105949
231 tid 105949
Insert  tid 105949
FindTargetPageId rootid 3 tid 105949
target_page_id id: 5 tid 105949
0 1 tid 105949
170 4 tid 105949
349 2 tid 105949
642 5 tid 105949
232 tid 105949
Insert  tid 105949
FindTargetPageId rootid 3 tid 105949
target_page_id id: 5 tid 105949
0 1 tid 105949
170 4 tid 105949
349 2 tid 105949
642 5 tid 105949
233 tid 105949
Insert  tid 105949
FindTargetPageId rootid 3 tid 105949
target_page_id id: 5 tid 105949
0 1 tid 105949
170 4 tid 105949
349 2 tid 105949
642 5 tid 105949
234 tid 105949
Insert  tid 105949
FindTargetPageId rootid 3 tid 105949
target_page_id id: 5 tid 105949
0 1 tid 105949
170 4 tid 105949
349 2 tid 105949
642 5 tid 105949
235 tid 105949
Insert  tid 105949
FindTargetPageId rootid 3 tid 105949
target_page_id id: 5 tid 105949
0 1 tid 105949
170 4 tid 105949
349 2 tid 105949
642 5 tid 105949
236 tid 105949
Insert  tid 105949
FindTargetPageId rootid 3 tid 105951
target_page_id id: 5 tid 105951
0 1 tid 105951
170 4 tid 105951
349 2 tid 105951
642 5 tid 105951
237 tid 105951
Insert  tid 105951
FindTargetPageId rootid 3 tid 105950
target_page_id id: 5 tid 105950
0 1 tid 105950
170 4 tid 105950
349 2 tid 105950
642 5 tid 105950
237 tid 105950
Remove  tid 105950
FindTargetPageId rootid 3 tid 105950
target_page_id id: 5 tid 105950
0 1 tid 105950
170 4 tid 105950
349 2 tid 105950
642 5 tid 105950
236 tid 105950
Remove  tid 105950
FindTargetPageId rootid 3 tid 105950
target_page_id id: 5 tid 105950
0 1 tid 105950
170 4 tid 105950
349 2 tid 105950
642 5 tid 105950
235 tid 105950
Remove  tid 105950
FindTargetPageId rootid 3 tid 105950
target_page_id id: 5 tid 105950
0 1 tid 105950
170 4 tid 105950
349 2 tid 105950
642 5 tid 105950
234 tid 105950
Remove  tid 105950
FindTargetPageId rootid 3 tid 105949
target_page_id id: 5 tid 105949
0 1 tid 105949
170 4 tid 105949
349 2 tid 105949
642 5 tid 105949
233 tid 105949
Insert  tid 105949
FindTargetPageId rootid 3 tid 105949
target_page_id id: 5 tid 105949
0 1 tid 105949
170 4 tid 105949
349 2 tid 105949
642 5 tid 105949
234 tid 105949
Insert  tid 105949
FindTargetPageId rootid 3 tid 105949
target_page_id id: 5 tid 105949
0 1 tid 105949
170 4 tid 105949
349 2 tid 105949
642 5 tid 105949
235 tid 105949
Insert  tid 105949
FindTargetPageId rootid 3 tid 105949
target_page_id id: 5 tid 105949
0 1 tid 105949
170 4 tid 105949
349 2 tid 105949
642 5 tid 105949
236 tid 105949
Insert  tid 105949
FindTargetPageId rootid 3 tid 105949
target_page_id id: 5 tid 105949
0 1 tid 105949
170 4 tid 105949
349 2 tid 105949
642 5 tid 105949
237 tid 105949
Insert  tid 105949
FindTargetPageId rootid 3 tid 105949
target_page_id id: 5 tid 105949
0 1 tid 105949
170 4 tid 105949
349 2 tid 105949
642 5 tid 105949
238 tid 105949
Insert  tid 105949
FindTargetPageId rootid 3 tid 105949
target_page_id id: 5 tid 105949
0 1 tid 105949
170 4 tid 105949
349 2 tid 105949
642 5 tid 105949
239 tid 105949
Insert  tid 105949
FindTargetPageId rootid 3 tid 105949
target_page_id id: 5 tid 105949
0 1 tid 105949
170 4 tid 105949
349 2 tid 105949
642 5 tid 105949
240 tid 105949
Insert  tid 105949
FindTargetPageId rootid 3 tid 105949
target_page_id id: 5 tid 105949
0 1 tid 105949
170 4 tid 105949
349 2 tid 105949
642 5 tid 105949
241 tid 105949
Insert  tid 105949
FindTargetPageId rootid 3 tid 105949
target_page_id id: 5 tid 105949
0 1 tid 105949
170 4 tid 105949
349 2 tid 105949
642 5 tid 105949
242 tid 105949
Insert  tid 105949
FindTargetPageId rootid 3 tid 105951
target_page_id id: 5 tid 105951
0 1 tid 105951
170 4 tid 105951
349 2 tid 105951
642 5 tid 105951
243 tid 105951
Insert  tid 105951
FindTargetPageId rootid 3 tid 105950
target_page_id id: 5 tid 105950
0 1 tid 105950
170 4 tid 105950
349 2 tid 105950
642 5 tid 105950
243 tid 105950
Remove  tid 105950
FindTargetPageId rootid 3 tid 105950
target_page_id id: 5 tid 105950
0 1 tid 105950
170 4 tid 105950
349 2 tid 105950
642 5 tid 105950
242 tid 105950
Remove  tid 105950
FindTargetPageId rootid 3 tid 105951
target_page_id id: 5 tid 105951
0 1 tid 105951
170 4 tid 105951
349 2 tid 105951
642 5 tid 105951
241 tid 105951
Insert  tid 105951
FindTargetPageId rootid 3 tid 105951
target_page_id id: 5 tid 105951
0 1 tid 105951
170 4 tid 105951
349 2 tid 105951
642 5 tid 105951
241 tid 105951
Insert  tid 105951
FindTargetPageId rootid 3 tid 105951
target_page_id id: 5 tid 105951
0 1 tid 105951
170 4 tid 105951
349 2 tid 105951
642 5 tid 105951
241 tid 105951
Insert  tid 105951
FindTargetPageId rootid 3 tid 105951
target_page_id id: 5 tid 105951
0 1 tid 105951
170 4 tid 105951
349 2 tid 105951
642 5 tid 105951
241 tid 105951
Insert  tid 105951
FindTargetPageId rootid 3 tid 105949
target_page_id id: 5 tid 105949
0 1 tid 105949
170 4 tid 105949
349 2 tid 105949
642 5 tid 105949
241 tid 105949
FindTargetPageId rootid 3 tid 105950
target_page_id id: 5 tid 105950
0 1 tid 105950
170 4 tid 105950
349 2 tid 105950
642 5 tid 105950
242 tid 105950
Remove  tid 105950
FindTargetPageId rootid 3 tid 105951
target_page_id id: 5 tid 105951
0 1 tid 105951
170 4 tid 105951
349 2 tid 105951
642 5 tid 105951
241 tid 105951
Insert  tid 105951
FindTargetPageId rootid 3 tid 105950
target_page_id id: 5 tid 105950
0 1 tid 105950
170 4 tid 105950
349 2 tid 105950
642 5 tid 105950
241 tid 105950
Remove  tid 105950
FindTargetPageId rootid 3 tid 105951
target_page_id id: 5 tid 105951
0 1 tid 105951
170 4 tid 105951
349 2 tid 105951
642 5 tid 105951
240 tid 105951
Insert  tid 105951
FindTargetPageId rootid 3 tid 105951
target_page_id id: 5 tid 105951
0 1 tid 105951
170 4 tid 105951
349 2 tid 105951
642 5 tid 105951
240 tid 105951
Insert  tid 105951
FindTargetPageId rootid 3 tid 105951
target_page_id id: 5 tid 105951
0 1 tid 105951
170 4 tid 105951
349 2 tid 105951
642 5 tid 105951
240 tid 105951
Insert  tid 105951
FindTargetPageId rootid 3 tid 105951
target_page_id id: 5 tid 105951
0 1 tid 105951
170 4 tid 105951
349 2 tid 105951
642 5 tid 105951
240 tid 105951
Insert  tid 105951
FindTargetPageId rootid 3 tid 105951
target_page_id id: 5 tid 105951
0 1 tid 105951
170 4 tid 105951
349 2 tid 105951
642 5 tid 105951
240 tid 105951
Insert  tid 105951
FindTargetPageId rootid 3 tid 105950
target_page_id id: 5 tid 105950
0 1 tid 105950
170 4 tid 105950
349 2 tid 105950
642 5 tid 105950
240 tid 105950
Remove  tid 105950
FindTargetPageId rootid 3 tid 105951
target_page_id id: 5 tid 105951
0 1 tid 105951
170 4 tid 105951
349 2 tid 105951
642 5 tid 105951
239 tid 105951
Insert  tid 105951
FindTargetPageId rootid 3 tid 105950
target_page_id id: 5 tid 105950
0 1 tid 105950
170 4 tid 105950
349 2 tid 105950
642 5 tid 105950
239 tid 105950
Remove  tid 105950
FindTargetPageId rootid 3 tid 105951
target_page_id id: 5 tid 105951
0 1 tid 105951
170 4 tid 105951
349 2 tid 105951
642 5 tid 105951
238 tid 105951
Insert  tid 105951
FindTargetPageId rootid 3 tid 105950
target_page_id id: 5 tid 105950
0 1 tid 105950
170 4 tid 105950
349 2 tid 105950
642 5 tid 105950
238 tid 105950
Remove  tid 105950
FindTargetPageId rootid 3 tid 105950
target_page_id id: 5 tid 105950
0 1 tid 105950
170 4 tid 105950
349 2 tid 105950
642 5 tid 105950
237 tid 105950
Remove  tid 105950
FindTargetPageId rootid 3 tid 105950
target_page_id id: 5 tid 105950
0 1 tid 105950
170 4 tid 105950
349 2 tid 105950
642 5 tid 105950
236 tid 105950
Remove  tid 105950
FindTargetPageId rootid 3 tid 105951
target_page_id id: 5 tid 105951
0 1 tid 105951
170 4 tid 105951
349 2 tid 105951
642 5 tid 105951
235 tid 105951
Insert  tid 105951
FindTargetPageId rootid 3 tid 105951
target_page_id id: 5 tid 105951
0 1 tid 105951
170 4 tid 105951
349 2 tid 105951
642 5 tid 105951
235 tid 105951
Insert  tid 105951
FindTargetPageId rootid 3 tid 105951
target_page_id id: 5 tid 105951
0 1 tid 105951
170 4 tid 105951
349 2 tid 105951
642 5 tid 105951
235 tid 105951
Insert  tid 105951
FindTargetPageId rootid 3 tid 105951
target_page_id id: 5 tid 105951
0 1 tid 105951
170 4 tid 105951
349 2 tid 105951
642 5 tid 105951
235 tid 105951
Insert  tid 105951
FindTargetPageId rootid 3 tid 105951
target_page_id id: 5 tid 105951
0 1 tid 105951
170 4 tid 105951
349 2 tid 105951
642 5 tid 105951
235 tid 105951
Insert  tid 105951
FindTargetPageId rootid 3 tid 105951
target_page_id id: 5 tid 105951
0 1 tid 105951
170 4 tid 105951
349 2 tid 105951
642 5 tid 105951
235 tid 105951
Insert  tid 105951
FindTargetPageId rootid 3 tid 105951
target_page_id id: 5 tid 105951
0 1 tid 105951
170 4 tid 105951
349 2 tid 105951
642 5 tid 105951
235 tid 105951
Insert  tid 105951
FindTargetPageId rootid 3 tid 105951
target_page_id id: 5 tid 105951
0 1 tid 105951
170 4 tid 105951
349 2 tid 105951
642 5 tid 105951
235 tid 105951
Insert  tid 105951
FindTargetPageId rootid 3 tid 105951
target_page_id id: 5 tid 105951
0 1 tid 105951
170 4 tid 105951
349 2 tid 105951
642 5 tid 105951
235 tid 105951
Insert  tid 105951
FindTargetPageId rootid 3 tid 105951
target_page_id id: 5 tid 105951
0 1 tid 105951
170 4 tid 105951
349 2 tid 105951
642 5 tid 105951
235 tid 105951
Insert  tid 105951
FindTargetPageId rootid 3 tid 105951
target_page_id id: 5 tid 105951
0 1 tid 105951
170 4 tid 105951
349 2 tid 105951
642 5 tid 105951
235 tid 105951
Insert  tid 105951
FindTargetPageId rootid 3 tid 105950
target_page_id id: 5 tid 105950
0 1 tid 105950
170 4 tid 105950
349 2 tid 105950
642 5 tid 105950
235 tid 105950
Remove  tid 105950
FindTargetPageId rootid 3 tid 105950
target_page_id id: 5 tid 105950
0 1 tid 105950
170 4 tid 105950
349 2 tid 105950
642 5 tid 105950
234 tid 105950
Remove  tid 105950
FindTargetPageId rootid 3 tid 105950
target_page_id id: 5 tid 105950
0 1 tid 105950
170 4 tid 105950
349 2 tid 105950
642 5 tid 105950
233 tid 105950
Remove  tid 105950
FindTargetPageId rootid 3 tid 105951
target_page_id id: 5 tid 105951
0 1 tid 105951
170 4 tid 105951
349 2 tid 105951
642 5 tid 105951
232 tid 105951
Insert  tid 105951
FindTargetPageId rootid 3 tid 105950
target_page_id id: 5 tid 105950
0 1 tid 105950
170 4 tid 105950
349 2 tid 105950
642 5 tid 105950
232 tid 105950
Remove  tid 105950
FindTargetPageId rootid 3 tid 105950
target_page_id id: 5 tid 105950
0 1 tid 105950
170 4 tid 105950
349 2 tid 105950
642 5 tid 105950
231 tid 105950
Remove  tid 105950
FindTargetPageId rootid 3 tid 105950
target_page_id id: 5 tid 105950
0 1 tid 105950
170 4 tid 105950
349 2 tid 105950
642 5 tid 105950
230 tid 105950
Remove  tid 105950
FindTargetPageId rootid 3 tid 105950
target_page_id id: 5 tid 105950
0 1 tid 105950
170 4 tid 105950
349 2 tid 105950
642 5 tid 105950
229 tid 105950
Remove  tid 105950
FindTargetPageId rootid 3 tid 105950
target_page_id id: 5 tid 105950
0 1 tid 105950
170 4 tid 105950
349 2 tid 105950
642 5 tid 105950
228 tid 105950
Remove  tid 105950
FindTargetPageId rootid 3 tid 105950
target_page_id id: 5 tid 105950
0 1 tid 105950
170 4 tid 105950
349 2 tid 105950
642 5 tid 105950
227 tid 105950
Remove  tid 105950
FindTargetPageId rootid 3 tid 105950
target_page_id id: 5 tid 105950
0 1 tid 105950
170 4 tid 105950
349 2 tid 105950
642 5 tid 105950
226 tid 105950
Remove  tid 105950
FindTargetPageId rootid 3 tid 105951
target_page_id id: 5 tid 105951
0 1 tid 105951
170 4 tid 105951
349 2 tid 105951
642 5 tid 105951
225 tid 105951
Insert  tid 105951
FindTargetPageId rootid 3 tid 105951
target_page_id id: 5 tid 105951
0 1 tid 105951
170 4 tid 105951
349 2 tid 105951
642 5 tid 105951
225 tid 105951
Insert  tid 105951
FindTargetPageId rootid 3 tid 105951
target_page_id id: 5 tid 105951
0 1 tid 105951
170 4 tid 105951
349 2 tid 105951
642 5 tid 105951
225 tid 105951
Insert  tid 105951
FindTargetPageId rootid 3 tid 105951
target_page_id id: 5 tid 105951
0 1 tid 105951
170 4 tid 105951
349 2 tid 105951
642 5 tid 105951
225 tid 105951
Insert  tid 105951
FindTargetPageId rootid 3 tid 105950
target_page_id id: 5 tid 105950
0 1 tid 105950
170 4 tid 105950
349 2 tid 105950
642 5 tid 105950
225 tid 105950
Remove  tid 105950
FindTargetPageId rootid 3 tid 105951
target_page_id id: 5 tid 105951
0 1 tid 105951
170 4 tid 105951
349 2 tid 105951
642 5 tid 105951
224 tid 105951
Insert  tid 105951
FindTargetPageId rootid 3 tid 105951
target_page_id id: 5 tid 105951
0 1 tid 105951
170 4 tid 105951
349 2 tid 105951
642 5 tid 105951
224 tid 105951
Insert  tid 105951
FindTargetPageId rootid 3 tid 105951
target_page_id id: 5 tid 105951
0 1 tid 105951
170 4 tid 105951
349 2 tid 105951
642 5 tid 105951
224 tid 105951
Insert  tid 105951
FindTargetPageId rootid 3 tid 105951
target_page_id id: 5 tid 105951
0 1 tid 105951
170 4 tid 105951
349 2 tid 105951
642 5 tid 105951
224 tid 105951
Insert  tid 105951
FindTargetPageId rootid 3 tid 105951
target_page_id id: 5 tid 105951
0 1 tid 105951
170 4 tid 105951
349 2 tid 105951
642 5 tid 105951
224 tid 105951
Insert  tid 105951
FindTargetPageId rootid 3 tid 105951
target_page_id id: 5 tid 105951
0 1 tid 105951
170 4 tid 105951
349 2 tid 105951
642 5 tid 105951
224 tid 105951
Insert  tid 105951
FindTargetPageId rootid 3 tid 105950
target_page_id id: 5 tid 105950
0 1 tid 105950
170 4 tid 105950
349 2 tid 105950
642 5 tid 105950
224 tid 105950
Remove  tid 105950
FindTargetPageId rootid 3 tid 105951
target_page_id id: 5 tid 105951
0 1 tid 105951
170 4 tid 105951
349 2 tid 105951
642 5 tid 105951
223 tid 105951
Insert  tid 105951
FindTargetPageId rootid 3 tid 105951
target_page_id id: 5 tid 105951
0 1 tid 105951
170 4 tid 105951
349 2 tid 105951
642 5 tid 105951
223 tid 105951
Insert  tid 105951
FindTargetPageId rootid 3 tid 105951
target_page_id id: 5 tid 105951
0 1 tid 105951
170 4 tid 105951
349 2 tid 105951
642 5 tid 105951
223 tid 105951
Insert  tid 105951
FindTargetPageId rootid 3 tid 105951
target_page_id id: 5 tid 105951
0 1 tid 105951
170 4 tid 105951
349 2 tid 105951
642 5 tid 105951
223 tid 105951
Insert  tid 105951
FindTargetPageId rootid 3 tid 105951
target_page_id id: 5 tid 105951
0 1 tid 105951
170 4 tid 105951
349 2 tid 105951
642 5 tid 105951
223 tid 105951
Insert  tid 105951
FindTargetPageId rootid 3 tid 105951
target_page_id id: 5 tid 105951
0 1 tid 105951
170 4 tid 105951
349 2 tid 105951
642 5 tid 105951
223 tid 105951
Insert  tid 105951
FindTargetPageId rootid 3 tid 105951
target_page_id id: 5 tid 105951
0 1 tid 105951
170 4 tid 105951
349 2 tid 105951
642 5 tid 105951
223 tid 105951
Insert  tid 105951
FindTargetPageId rootid 3 tid 105951
target_page_id id: 5 tid 105951
0 1 tid 105951
170 4 tid 105951
349 2 tid 105951
642 5 tid 105951
223 tid 105951
Insert  tid 105951
FindTargetPageId rootid 3 tid 105951
target_page_id id: 5 tid 105951
0 1 tid 105951
170 4 tid 105951
349 2 tid 105951
642 5 tid 105951
223 tid 105951
Insert  tid 105951
FindTargetPageId rootid 3 tid 105951
target_page_id id: 5 tid 105951
0 1 tid 105951
170 4 tid 105951
349 2 tid 105951
642 5 tid 105951
223 tid 105951
Insert  tid 105951
FindTargetPageId rootid 3 tid 105951
target_page_id id: 5 tid 105951
0 1 tid 105951
170 4 tid 105951
349 2 tid 105951
642 5 tid 105951
223 tid 105951
Insert  tid 105951
FindTargetPageId rootid 3 tid 105951
target_page_id id: 5 tid 105951
0 1 tid 105951
170 4 tid 105951
349 2 tid 105951
642 5 tid 105951
223 tid 105951
Insert  tid 105951
FindTargetPageId rootid 3 tid 105950
target_page_id id: 5 tid 105950
0 1 tid 105950
170 4 tid 105950
349 2 tid 105950
642 5 tid 105950
223 tid 105950
Remove  tid 105950
FindTargetPageId rootid 3 tid 105951
target_page_id id: 5 tid 105951
0 1 tid 105951
170 4 tid 105951
349 2 tid 105951
642 5 tid 105951
222 tid 105951
Insert  tid 105951
FindTargetPageId rootid 3 tid 105951
target_page_id id: 5 tid 105951
0 1 tid 105951
170 4 tid 105951
349 2 tid 105951
642 5 tid 105951
222 tid 105951
Insert  tid 105951
FindTargetPageId rootid 3 tid 105950
target_page_id id: 5 tid 105950
0 1 tid 105950
170 4 tid 105950
349 2 tid 105950
642 5 tid 105950
222 tid 105950
Remove  tid 105950
FindTargetPageId rootid 3 tid 105951
target_page_id id: 5 tid 105951
0 1 tid 105951
170 4 tid 105951
349 2 tid 105951
642 5 tid 105951
221 tid 105951
Insert  tid 105951
FindTargetPageId rootid 3 tid 105951
target_page_id id: 5 tid 105951
0 1 tid 105951
170 4 tid 105951
349 2 tid 105951
642 5 tid 105951
221 tid 105951
Insert  tid 105951
FindTargetPageId rootid 3 tid 105950
target_page_id id: 5 tid 105950
0 1 tid 105950
170 4 tid 105950
349 2 tid 105950
642 5 tid 105950
221 tid 105950
Remove  tid 105950
FindTargetPageId rootid 3 tid 105951
target_page_id id: 5 tid 105951
0 1 tid 105951
170 4 tid 105951
349 2 tid 105951
642 5 tid 105951
220 tid 105951
Insert  tid 105951
FindTargetPageId rootid 3 tid 105951
target_page_id id: 5 tid 105951
0 1 tid 105951
170 4 tid 105951
349 2 tid 105951
642 5 tid 105951
220 tid 105951
Insert  tid 105951
FindTargetPageId rootid 3 tid 105951
target_page_id id: 5 tid 105951
0 1 tid 105951
170 4 tid 105951
349 2 tid 105951
642 5 tid 105951
220 tid 105951
Insert  tid 105951
FindTargetPageId rootid 3 tid 105951
target_page_id id: 5 tid 105951
0 1 tid 105951
170 4 tid 105951
349 2 tid 105951
642 5 tid 105951
220 tid 105951
Insert  tid 105951
FindTargetPageId rootid 3 tid 105951
target_page_id id: 5 tid 105951
0 1 tid 105951
170 4 tid 105951
349 2 tid 105951
642 5 tid 105951
220 tid 105951
Insert  tid 105951
FindTargetPageId rootid 3 tid 105951
target_page_id id: 5 tid 105951
0 1 tid 105951
170 4 tid 105951
349 2 tid 105951
642 5 tid 105951
220 tid 105951
Insert  tid 105951
FindTargetPageId rootid 3 tid 105951
target_page_id id: 5 tid 105951
0 1 tid 105951
170 4 tid 105951
349 2 tid 105951
642 5 tid 105951
220 tid 105951
Insert  tid 105951
FindTargetPageId rootid 3 tid 105951
target_page_id id: 5 tid 105951
0 1 tid 105951
170 4 tid 105951
349 2 tid 105951
642 5 tid 105951
220 tid 105951
FindTargetPageId rootid 3 tid 105950
target_page_id id: 5 tid 105950
0 1 tid 105950
170 4 tid 105950
349 2 tid 105950
642 5 tid 105950
220 tid 105950
Remove  tid 105950
FindTargetPageId rootid 3 tid 105950
target_page_id id: 5 tid 105950
0 1 tid 105950
170 4 tid 105950
349 2 tid 105950
642 5 tid 105950
219 tid 105950
Remove  tid 105950
FindTargetPageId rootid 3 tid 105950
target_page_id id: 5 tid 105950
0 1 tid 105950
170 4 tid 105950
349 2 tid 105950
642 5 tid 105950
218 tid 105950
Remove  tid 105950
FindTargetPageId rootid 3 tid 105950
target_page_id id: 5 tid 105950
0 1 tid 105950
170 4 tid 105950
349 2 tid 105950
642 5 tid 105950
217 tid 105950
Remove  tid 105950
FindTargetPageId rootid 3 tid 105950
target_page_id id: 5 tid 105950
0 1 tid 105950
170 4 tid 105950
349 2 tid 105950
642 5 tid 105950
216 tid 105950
Remove  tid 105950
FindTargetPageId rootid 3 tid 105950
target_page_id id: 5 tid 105950
0 1 tid 105950
170 4 tid 105950
349 2 tid 105950
642 5 tid 105950
215 tid 105950
Remove  tid 105950
FindTargetPageId rootid 3 tid 105950
target_page_id id: 5 tid 105950
0 1 tid 105950
170 4 tid 105950
349 2 tid 105950
642 5 tid 105950
214 tid 105950
Remove  tid 105950
FindTargetPageId rootid 3 tid 105950
target_page_id id: 5 tid 105950
0 1 tid 105950
170 4 tid 105950
349 2 tid 105950
642 5 tid 105950
213 tid 105950
Remove  tid 105950
FindTargetPageId rootid 3 tid 105950
target_page_id id: 5 tid 105950
0 1 tid 105950
170 4 tid 105950
349 2 tid 105950
642 5 tid 105950
212 tid 105950
Remove  tid 105950
FindTargetPageId rootid 3 tid 105950
target_page_id id: 5 tid 105950
0 1 tid 105950
170 4 tid 105950
349 2 tid 105950
642 5 tid 105950
211 tid 105950
Remove  tid 105950
FindTargetPageId rootid 3 tid 105950
target_page_id id: 5 tid 105950
0 1 tid 105950
170 4 tid 105950
349 2 tid 105950
642 5 tid 105950
210 tid 105950
Remove  tid 105950
FindTargetPageId rootid 3 tid 105950
target_page_id id: 5 tid 105950
0 1 tid 105950
170 4 tid 105950
349 2 tid 105950
642 5 tid 105950
209 tid 105950
Remove  tid 105950
FindTargetPageId rootid 3 tid 105950
target_page_id id: 5 tid 105950
0 1 tid 105950
170 4 tid 105950
349 2 tid 105950
642 5 tid 105950
208 tid 105950
Remove  tid 105950
FindTargetPageId rootid 3 tid 105950
target_page_id id: 5 tid 105950
0 1 tid 105950
170 4 tid 105950
349 2 tid 105950
642 5 tid 105950
207 tid 105950
Remove  tid 105950
FindTargetPageId rootid 3 tid 105950
target_page_id id: 5 tid 105950
0 1 tid 105950
170 4 tid 105950
349 2 tid 105950
642 5 tid 105950
206 tid 105950
Remove  tid 105950
FindTargetPageId rootid 3 tid 105950
target_page_id id: 5 tid 105950
0 1 tid 105950
170 4 tid 105950
349 2 tid 105950
642 5 tid 105950
205 tid 105950
Remove  tid 105950
FindTargetPageId rootid 3 tid 105950
target_page_id id: 5 tid 105950
0 1 tid 105950
170 4 tid 105950
349 2 tid 105950
642 5 tid 105950
204 tid 105950
Remove  tid 105950
FindTargetPageId rootid 3 tid 105950
target_page_id id: 5 tid 105950
0 1 tid 105950
170 4 tid 105950
349 2 tid 105950
642 5 tid 105950
203 tid 105950
Remove  tid 105950
FindTargetPageId rootid 3 tid 105950
target_page_id id: 5 tid 105950
0 1 tid 105950
170 4 tid 105950
349 2 tid 105950
642 5 tid 105950
202 tid 105950
Remove  tid 105950
FindTargetPageId rootid 3 tid 105950
target_page_id id: 5 tid 105950
0 1 tid 105950
170 4 tid 105950
349 2 tid 105950
642 5 tid 105950
201 tid 105950
Remove  tid 105950
FindTargetPageId rootid 3 tid 105950
target_page_id id: 5 tid 105950
0 1 tid 105950
170 4 tid 105950
349 2 tid 105950
642 5 tid 105950
200 tid 105950
Remove  tid 105950
FindTargetPageId rootid 3 tid 105950
target_page_id id: 5 tid 105950
0 1 tid 105950
170 4 tid 105950
349 2 tid 105950
642 5 tid 105950
199 tid 105950
Remove  tid 105950
FindTargetPageId rootid 3 tid 105950
target_page_id id: 5 tid 105950
0 1 tid 105950
170 4 tid 105950
349 2 tid 105950
642 5 tid 105950
198 tid 105950
Remove  tid 105950
FindTargetPageId rootid 3 tid 105950
target_page_id id: 5 tid 105950
0 1 tid 105950
170 4 tid 105950
349 2 tid 105950
642 5 tid 105950
197 tid 105950
Remove  tid 105950
FindTargetPageId rootid 3 tid 105950
target_page_id id: 5 tid 105950
0 1 tid 105950
170 4 tid 105950
349 2 tid 105950
642 5 tid 105950
196 tid 105950
Remove  tid 105950
FindTargetPageId rootid 3 tid 105950
target_page_id id: 5 tid 105950
0 1 tid 105950
170 4 tid 105950
349 2 tid 105950
642 5 tid 105950
195 tid 105950
Remove  tid 105950
FindTargetPageId rootid 3 tid 105950
target_page_id id: 5 tid 105950
0 1 tid 105950
170 4 tid 105950
349 2 tid 105950
642 5 tid 105950
194 tid 105950
Remove  tid 105950
FindTargetPageId rootid 3 tid 105950
target_page_id id: 5 tid 105950
0 1 tid 105950
170 4 tid 105950
349 2 tid 105950
642 5 tid 105950
193 tid 105950
Remove  tid 105950
FindTargetPageId rootid 3 tid 105950
target_page_id id: 5 tid 105950
0 1 tid 105950
170 4 tid 105950
349 2 tid 105950
642 5 tid 105950
192 tid 105950
Remove  tid 105950
FindTargetPageId rootid 3 tid 105950
target_page_id id: 5 tid 105950
0 1 tid 105950
170 4 tid 105950
349 2 tid 105950
642 5 tid 105950
191 tid 105950
Remove  tid 105950
FindTargetPageId rootid 3 tid 105950
target_page_id id: 5 tid 105950
0 1 tid 105950
170 4 tid 105950
349 2 tid 105950
642 5 tid 105950
190 tid 105950
Remove  tid 105950
FindTargetPageId rootid 3 tid 105950
target_page_id id: 5 tid 105950
0 1 tid 105950
170 4 tid 105950
349 2 tid 105950
642 5 tid 105950
189 tid 105950
Remove  tid 105950
FindTargetPageId rootid 3 tid 105950
target_page_id id: 5 tid 105950
0 1 tid 105950
170 4 tid 105950
349 2 tid 105950
642 5 tid 105950
188 tid 105950
Remove  tid 105950
FindTargetPageId rootid 3 tid 105950
target_page_id id: 5 tid 105950
0 1 tid 105950
170 4 tid 105950
349 2 tid 105950
642 5 tid 105950
187 tid 105950
Remove  tid 105950
FindTargetPageId rootid 3 tid 105950
target_page_id id: 5 tid 105950
0 1 tid 105950
170 4 tid 105950
349 2 tid 105950
642 5 tid 105950
186 tid 105950
Remove  tid 105950
FindTargetPageId rootid 3 tid 105950
target_page_id id: 5 tid 105950
0 1 tid 105950
170 4 tid 105950
349 2 tid 105950
642 5 tid 105950
185 tid 105950
Remove  tid 105950
FindTargetPageId rootid 3 tid 105950
target_page_id id: 5 tid 105950
0 1 tid 105950
170 4 tid 105950
349 2 tid 105950
642 5 tid 105950
184 tid 105950
Remove  tid 105950
FindTargetPageId rootid 3 tid 105950
target_page_id id: 5 tid 105950
0 1 tid 105950
170 4 tid 105950
349 2 tid 105950
642 5 tid 105950
183 tid 105950
Remove  tid 105950
FindTargetPageId rootid 3 tid 105950
target_page_id id: 5 tid 105950
0 1 tid 105950
170 4 tid 105950
349 2 tid 105950
642 5 tid 105950
182 tid 105950
Remove  tid 105950
FindTargetPageId rootid 3 tid 105950
target_page_id id: 5 tid 105950
0 1 tid 105950
170 4 tid 105950
349 2 tid 105950
642 5 tid 105950
181 tid 105950
Remove  tid 105950
FindTargetPageId rootid 3 tid 105950
target_page_id id: 5 tid 105950
0 1 tid 105950
170 4 tid 105950
349 2 tid 105950
642 5 tid 105950
180 tid 105950
Remove  tid 105950
FindTargetPageId rootid 3 tid 105950
target_page_id id: 5 tid 105950
0 1 tid 105950
170 4 tid 105950
349 2 tid 105950
642 5 tid 105950
179 tid 105950
Remove  tid 105950
FindTargetPageId rootid 3 tid 105950
target_page_id id: 5 tid 105950
0 1 tid 105950
170 4 tid 105950
349 2 tid 105950
642 5 tid 105950
178 tid 105950
Remove  tid 105950
FindTargetPageId rootid 3 tid 105950
target_page_id id: 5 tid 105950
0 1 tid 105950
170 4 tid 105950
349 2 tid 105950
642 5 tid 105950
177 tid 105950
Remove  tid 105950
FindTargetPageId rootid 3 tid 105950
target_page_id id: 5 tid 105950
0 1 tid 105950
170 4 tid 105950
349 2 tid 105950
642 5 tid 105950
176 tid 105950
Remove  tid 105950
FindTargetPageId rootid 3 tid 105950
target_page_id id: 5 tid 105950
0 1 tid 105950
170 4 tid 105950
349 2 tid 105950
642 5 tid 105950
175 tid 105950
Remove  tid 105950
FindTargetPageId rootid 3 tid 105950
target_page_id id: 5 tid 105950
0 1 tid 105950
170 4 tid 105950
349 2 tid 105950
642 5 tid 105950
174 tid 105950
Remove  tid 105950
FindTargetPageId rootid 3 tid 105950
target_page_id id: 5 tid 105950
0 1 tid 105950
170 4 tid 105950
349 2 tid 105950
642 5 tid 105950
173 tid 105950
Remove  tid 105950
FindTargetPageId rootid 3 tid 105950
target_page_id id: 5 tid 105950
0 1 tid 105950
170 4 tid 105950
349 2 tid 105950
642 5 tid 105950
172 tid 105950
Remove  tid 105950
FindTargetPageId rootid 3 tid 105950
target_page_id id: 5 tid 105950
0 1 tid 105950
170 4 tid 105950
349 2 tid 105950
642 5 tid 105950
171 tid 105950
Remove  tid 105950
FindTargetPageId rootid 3 tid 105950
target_page_id id: 5 tid 105950
0 1 tid 105950
170 4 tid 105950
349 2 tid 105950
642 5 tid 105950
170 tid 105950
Remove  tid 105950
FindTargetPageId rootid 3 tid 105950
target_page_id id: 5 tid 105950
0 1 tid 105950
170 4 tid 105950
349 2 tid 105950
642 5 tid 105950
169 tid 105950
Remove  tid 105950
FindTargetPageId rootid 3 tid 105950
target_page_id id: 5 tid 105950
0 1 tid 105950
170 4 tid 105950
349 2 tid 105950
642 5 tid 105950
168 tid 105950
Remove  tid 105950
FindTargetPageId rootid 3 tid 105950
target_page_id id: 5 tid 105950
0 1 tid 105950
170 4 tid 105950
349 2 tid 105950
642 5 tid 105950
167 tid 105950
Remove  tid 105950
FindTargetPageId rootid 3 tid 105950
target_page_id id: 5 tid 105950
0 1 tid 105950
170 4 tid 105950
349 2 tid 105950
642 5 tid 105950
166 tid 105950
Remove  tid 105950
FindTargetPageId rootid 3 tid 105950
target_page_id id: 5 tid 105950
0 1 tid 105950
170 4 tid 105950
349 2 tid 105950
642 5 tid 105950
165 tid 105950
Remove  tid 105950
FindTargetPageId rootid 3 tid 105950
target_page_id id: 5 tid 105950
0 1 tid 105950
170 4 tid 105950
349 2 tid 105950
642 5 tid 105950
164 tid 105950
Remove  tid 105950
FindTargetPageId rootid 3 tid 105950
target_page_id id: 5 tid 105950
0 1 tid 105950
170 4 tid 105950
349 2 tid 105950
642 5 tid 105950
163 tid 105950
Remove  tid 105950
FindTargetPageId rootid 3 tid 105950
target_page_id id: 5 tid 105950
0 1 tid 105950
170 4 tid 105950
349 2 tid 105950
642 5 tid 105950
162 tid 105950
Remove  tid 105950
FindTargetPageId rootid 3 tid 105950
target_page_id id: 5 tid 105950
0 1 tid 105950
170 4 tid 105950
349 2 tid 105950
642 5 tid 105950
161 tid 105950
Remove  tid 105950
FindTargetPageId rootid 3 tid 105950
target_page_id id: 5 tid 105950
0 1 tid 105950
170 4 tid 105950
349 2 tid 105950
642 5 tid 105950
160 tid 105950
Remove  tid 105950
FindTargetPageId rootid 3 tid 105950
target_page_id id: 5 tid 105950
0 1 tid 105950
170 4 tid 105950
349 2 tid 105950
642 5 tid 105950
159 tid 105950
Remove  tid 105950
FindTargetPageId rootid 3 tid 105950
target_page_id id: 5 tid 105950
0 1 tid 105950
170 4 tid 105950
349 2 tid 105950
642 5 tid 105950
158 tid 105950
Remove  tid 105950
FindTargetPageId rootid 3 tid 105950
target_page_id id: 5 tid 105950
0 1 tid 105950
170 4 tid 105950
349 2 tid 105950
642 5 tid 105950
157 tid 105950
Remove  tid 105950
FindTargetPageId rootid 3 tid 105950
target_page_id id: 5 tid 105950
0 1 tid 105950
170 4 tid 105950
349 2 tid 105950
642 5 tid 105950
156 tid 105950
Remove  tid 105950
FindTargetPageId rootid 3 tid 105950
target_page_id id: 5 tid 105950
0 1 tid 105950
170 4 tid 105950
349 2 tid 105950
642 5 tid 105950
155 tid 105950
Remove  tid 105950
FindTargetPageId rootid 3 tid 105950
target_page_id id: 5 tid 105950
0 1 tid 105950
170 4 tid 105950
349 2 tid 105950
642 5 tid 105950
154 tid 105950
Remove  tid 105950
FindTargetPageId rootid 3 tid 105950
target_page_id id: 5 tid 105950
0 1 tid 105950
170 4 tid 105950
349 2 tid 105950
642 5 tid 105950
153 tid 105950
Remove  tid 105950
FindTargetPageId rootid 3 tid 105950
target_page_id id: 5 tid 105950
0 1 tid 105950
170 4 tid 105950
349 2 tid 105950
642 5 tid 105950
152 tid 105950
Remove  tid 105950
FindTargetPageId rootid 3 tid 105950
target_page_id id: 5 tid 105950
0 1 tid 105950
170 4 tid 105950
349 2 tid 105950
642 5 tid 105950
151 tid 105950
Remove  tid 105950
FindTargetPageId rootid 3 tid 105950
target_page_id id: 5 tid 105950
0 1 tid 105950
170 4 tid 105950
349 2 tid 105950
642 5 tid 105950
150 tid 105950
Remove  tid 105950
FindTargetPageId rootid 3 tid 105950
target_page_id id: 5 tid 105950
0 1 tid 105950
170 4 tid 105950
349 2 tid 105950
642 5 tid 105950
149 tid 105950
Remove  tid 105950
FindTargetPageId rootid 3 tid 105950
target_page_id id: 5 tid 105950
0 1 tid 105950
170 4 tid 105950
349 2 tid 105950
642 5 tid 105950
148 tid 105950
Remove  tid 105950
FindTargetPageId rootid 3 tid 105950
target_page_id id: 5 tid 105950
0 1 tid 105950
170 4 tid 105950
349 2 tid 105950
642 5 tid 105950
147 tid 105950
Remove  tid 105950
FindTargetPageId rootid 3 tid 105950
target_page_id id: 5 tid 105950
0 1 tid 105950
170 4 tid 105950
349 2 tid 105950
642 5 tid 105950
146 tid 105950
Remove  tid 105950
FindTargetPageId rootid 3 tid 105950
target_page_id id: 5 tid 105950
0 1 tid 105950
170 4 tid 105950
349 2 tid 105950
642 5 tid 105950
145 tid 105950
Remove  tid 105950
FindTargetPageId rootid 3 tid 105950
target_page_id id: 5 tid 105950
0 1 tid 105950
170 4 tid 105950
349 2 tid 105950
642 5 tid 105950
144 tid 105950
Remove  tid 105950
FindTargetPageId rootid 3 tid 105950
target_page_id id: 5 tid 105950
0 1 tid 105950
170 4 tid 105950
349 2 tid 105950
642 5 tid 105950
143 tid 105950
Remove  tid 105950
FindTargetPageId rootid 3 tid 105950
target_page_id id: 5 tid 105950
0 1 tid 105950
170 4 tid 105950
349 2 tid 105950
642 5 tid 105950
142 tid 105950
Remove  tid 105950
FindTargetPageId rootid 3 tid 105950
target_page_id id: 5 tid 105950
0 1 tid 105950
170 4 tid 105950
349 2 tid 105950
642 5 tid 105950
141 tid 105950
Remove  tid 105950
FindTargetPageId rootid 3 tid 105950
target_page_id id: 5 tid 105950
0 1 tid 105950
170 4 tid 105950
349 2 tid 105950
642 5 tid 105950
140 tid 105950
Remove  tid 105950
FindTargetPageId rootid 3 tid 105950
target_page_id id: 5 tid 105950
0 1 tid 105950
170 4 tid 105950
349 2 tid 105950
642 5 tid 105950
139 tid 105950
Remove  tid 105950
FindTargetPageId rootid 3 tid 105950
target_page_id id: 5 tid 105950
0 1 tid 105950
170 4 tid 105950
349 2 tid 105950
642 5 tid 105950
138 tid 105950
Remove  tid 105950
FindTargetPageId rootid 3 tid 105950
target_page_id id: 5 tid 105950
0 1 tid 105950
170 4 tid 105950
349 2 tid 105950
642 5 tid 105950
137 tid 105950
Remove  tid 105950
FindTargetPageId rootid 3 tid 105950
target_page_id id: 5 tid 105950
0 1 tid 105950
170 4 tid 105950
349 2 tid 105950
642 5 tid 105950
136 tid 105950
Remove  tid 105950
FindTargetPageId rootid 3 tid 105950
target_page_id id: 5 tid 105950
0 1 tid 105950
170 4 tid 105950
349 2 tid 105950
642 5 tid 105950
135 tid 105950
Remove  tid 105950
FindTargetPageId rootid 3 tid 105950
target_page_id id: 5 tid 105950
0 1 tid 105950
170 4 tid 105950
349 2 tid 105950
642 5 tid 105950
134 tid 105950
Remove  tid 105950
FindTargetPageId rootid 3 tid 105950
target_page_id id: 5 tid 105950
0 1 tid 105950
170 4 tid 105950
349 2 tid 105950
642 5 tid 105950
133 tid 105950
Remove  tid 105950
FindTargetPageId rootid 3 tid 105950
target_page_id id: 5 tid 105950
0 1 tid 105950
170 4 tid 105950
349 2 tid 105950
642 5 tid 105950
132 tid 105950
Remove  tid 105950
FindTargetPageId rootid 3 tid 105950
target_page_id id: 5 tid 105950
0 1 tid 105950
170 4 tid 105950
349 2 tid 105950
642 5 tid 105950
131 tid 105950
Remove  tid 105950
FindTargetPageId rootid 3 tid 105950
target_page_id id: 5 tid 105950
0 1 tid 105950
170 4 tid 105950
349 2 tid 105950
642 5 tid 105950
130 tid 105950
Remove  tid 105950
FindTargetPageId rootid 3 tid 105950
target_page_id id: 5 tid 105950
0 1 tid 105950
170 4 tid 105950
349 2 tid 105950
642 5 tid 105950
129 tid 105950
Remove  tid 105950
FindTargetPageId rootid 3 tid 105950
target_page_id id: 5 tid 105950
0 1 tid 105950
170 4 tid 105950
349 2 tid 105950
642 5 tid 105950
128 tid 105950
Remove  tid 105950
FindTargetPageId rootid 3 tid 105950
target_page_id id: 5 tid 105950
0 1 tid 105950
170 4 tid 105950
349 2 tid 105950
642 5 tid 105950
127 tid 105950
Remove  tid 105950
FindTargetPageId rootid 3 tid 105950
target_page_id id: 2 tid 105950
0 1 tid 105950
170 4 tid 105950
349 2 tid 105950
253 tid 105950
Remove  tid 105950
FindTargetPageId rootid 3 tid 105950
target_page_id id: 2 tid 105950
0 1 tid 105950
170 4 tid 105950
349 2 tid 105950
252 tid 105950
Remove  tid 105950
FindTargetPageId rootid 3 tid 105950
target_page_id id: 2 tid 105950
0 1 tid 105950
170 4 tid 105950
349 2 tid 105950
251 tid 105950
Remove  tid 105950
FindTargetPageId rootid 3 tid 105950
target_page_id id: 2 tid 105950
0 1 tid 105950
170 4 tid 105950
349 2 tid 105950
250 tid 105950
Remove  tid 105950
FindTargetPageId rootid 3 tid 105950
target_page_id id: 2 tid 105950
0 1 tid 105950
170 4 tid 105950
349 2 tid 105950
249 tid 105950
Remove  tid 105950
FindTargetPageId rootid 3 tid 105950
target_page_id id: 2 tid 105950
0 1 tid 105950
170 4 tid 105950
349 2 tid 105950
248 tid 105950
Remove  tid 105950
FindTargetPageId rootid 3 tid 105950
target_page_id id: 2 tid 105950
0 1 tid 105950
170 4 tid 105950
349 2 tid 105950
247 tid 105950
Remove  tid 105950
FindTargetPageId rootid 3 tid 105950
target_page_id id: 2 tid 105950
0 1 tid 105950
170 4 tid 105950
349 2 tid 105950
246 tid 105950
Remove  tid 105950
FindTargetPageId rootid 3 tid 105950
target_page_id id: 2 tid 105950
0 1 tid 105950
170 4 tid 105950
349 2 tid 105950
245 tid 105950
Remove  tid 105950
FindTargetPageId rootid 3 tid 105950
target_page_id id: 2 tid 105950
0 1 tid 105950
170 4 tid 105950
349 2 tid 105950
244 tid 105950
Remove  tid 105950
FindTargetPageId rootid 3 tid 105950
target_page_id id: 2 tid 105950
0 1 tid 105950
170 4 tid 105950
349 2 tid 105950
243 tid 105950
Remove  tid 105950
FindTargetPageId rootid 3 tid 105950
target_page_id id: 2 tid 105950
0 1 tid 105950
170 4 tid 105950
349 2 tid 105950
242 tid 105950
Remove  tid 105950
FindTargetPageId rootid 3 tid 105950
target_page_id id: 2 tid 105950
0 1 tid 105950
170 4 tid 105950
349 2 tid 105950
241 tid 105950
Remove  tid 105950
FindTargetPageId rootid 3 tid 105950
target_page_id id: 2 tid 105950
0 1 tid 105950
170 4 tid 105950
349 2 tid 105950
240 tid 105950
Remove  tid 105950
FindTargetPageId rootid 3 tid 105950
target_page_id id: 2 tid 105950
0 1 tid 105950
170 4 tid 105950
349 2 tid 105950
239 tid 105950
Remove  tid 105950
FindTargetPageId rootid 3 tid 105950
target_page_id id: 2 tid 105950
0 1 tid 105950
170 4 tid 105950
349 2 tid 105950
238 tid 105950
Remove  tid 105950
FindTargetPageId rootid 3 tid 105950
target_page_id id: 2 tid 105950
0 1 tid 105950
170 4 tid 105950
349 2 tid 105950
237 tid 105950
Remove  tid 105950
FindTargetPageId rootid 3 tid 105950
target_page_id id: 2 tid 105950
0 1 tid 105950
170 4 tid 105950
349 2 tid 105950
236 tid 105950
Remove  tid 105950
FindTargetPageId rootid 3 tid 105950
target_page_id id: 2 tid 105950
0 1 tid 105950
170 4 tid 105950
349 2 tid 105950
235 tid 105950
Remove  tid 105950
FindTargetPageId rootid 3 tid 105950
target_page_id id: 2 tid 105950
0 1 tid 105950
170 4 tid 105950
349 2 tid 105950
234 tid 105950
Remove  tid 105950
FindTargetPageId rootid 3 tid 105950
target_page_id id: 2 tid 105950
0 1 tid 105950
170 4 tid 105950
349 2 tid 105950
233 tid 105950
Remove  tid 105950
FindTargetPageId rootid 3 tid 105950
target_page_id id: 2 tid 105950
0 1 tid 105950
170 4 tid 105950
349 2 tid 105950
232 tid 105950
Remove  tid 105950
FindTargetPageId rootid 3 tid 105950
target_page_id id: 2 tid 105950
0 1 tid 105950
170 4 tid 105950
349 2 tid 105950
231 tid 105950
Remove  tid 105950
FindTargetPageId rootid 3 tid 105950
target_page_id id: 2 tid 105950
0 1 tid 105950
170 4 tid 105950
349 2 tid 105950
230 tid 105950
Remove  tid 105950
FindTargetPageId rootid 3 tid 105950
target_page_id id: 2 tid 105950
0 1 tid 105950
170 4 tid 105950
349 2 tid 105950
229 tid 105950
Remove  tid 105950
FindTargetPageId rootid 3 tid 105950
target_page_id id: 2 tid 105950
0 1 tid 105950
170 4 tid 105950
349 2 tid 105950
228 tid 105950
Remove  tid 105950
FindTargetPageId rootid 3 tid 105950
target_page_id id: 2 tid 105950
0 1 tid 105950
170 4 tid 105950
349 2 tid 105950
227 tid 105950
Remove  tid 105950
FindTargetPageId rootid 3 tid 105950
target_page_id id: 2 tid 105950
0 1 tid 105950
170 4 tid 105950
349 2 tid 105950
226 tid 105950
Remove  tid 105950
FindTargetPageId rootid 3 tid 105950
target_page_id id: 2 tid 105950
0 1 tid 105950
170 4 tid 105950
349 2 tid 105950
225 tid 105950
Remove  tid 105950
FindTargetPageId rootid 3 tid 105950
target_page_id id: 2 tid 105950
0 1 tid 105950
170 4 tid 105950
349 2 tid 105950
224 tid 105950
Remove  tid 105950
FindTargetPageId rootid 3 tid 105950
target_page_id id: 2 tid 105950
0 1 tid 105950
170 4 tid 105950
349 2 tid 105950
223 tid 105950
Remove  tid 105950
FindTargetPageId rootid 3 tid 105950
target_page_id id: 2 tid 105950
0 1 tid 105950
170 4 tid 105950
349 2 tid 105950
222 tid 105950
Remove  tid 105950
FindTargetPageId rootid 3 tid 105950
target_page_id id: 2 tid 105950
0 1 tid 105950
170 4 tid 105950
349 2 tid 105950
221 tid 105950
Remove  tid 105950
FindTargetPageId rootid 3 tid 105950
target_page_id id: 2 tid 105950
0 1 tid 105950
170 4 tid 105950
349 2 tid 105950
220 tid 105950
Remove  tid 105950
FindTargetPageId rootid 3 tid 105950
target_page_id id: 2 tid 105950
0 1 tid 105950
170 4 tid 105950
349 2 tid 105950
219 tid 105950
Remove  tid 105950
FindTargetPageId rootid 3 tid 105950
target_page_id id: 2 tid 105950
0 1 tid 105950
170 4 tid 105950
349 2 tid 105950
218 tid 105950
Remove  tid 105950
FindTargetPageId rootid 3 tid 105950
target_page_id id: 2 tid 105950
0 1 tid 105950
170 4 tid 105950
349 2 tid 105950
217 tid 105950
Remove  tid 105950
FindTargetPageId rootid 3 tid 105950
target_page_id id: 2 tid 105950
0 1 tid 105950
170 4 tid 105950
349 2 tid 105950
216 tid 105950
Remove  tid 105950
FindTargetPageId rootid 3 tid 105950
target_page_id id: 2 tid 105950
0 1 tid 105950
170 4 tid 105950
349 2 tid 105950
215 tid 105950
Remove  tid 105950
FindTargetPageId rootid 3 tid 105950
target_page_id id: 2 tid 105950
0 1 tid 105950
170 4 tid 105950
349 2 tid 105950
214 tid 105950
Remove  tid 105950
FindTargetPageId rootid 3 tid 105950
target_page_id id: 2 tid 105950
0 1 tid 105950
170 4 tid 105950
349 2 tid 105950
213 tid 105950
Remove  tid 105950
FindTargetPageId rootid 3 tid 105950
target_page_id id: 2 tid 105950
0 1 tid 105950
170 4 tid 105950
349 2 tid 105950
212 tid 105950
Remove  tid 105950
FindTargetPageId rootid 3 tid 105950
target_page_id id: 2 tid 105950
0 1 tid 105950
170 4 tid 105950
349 2 tid 105950
211 tid 105950
Remove  tid 105950
FindTargetPageId rootid 3 tid 105950
target_page_id id: 2 tid 105950
0 1 tid 105950
170 4 tid 105950
349 2 tid 105950
210 tid 105950
Remove  tid 105950
FindTargetPageId rootid 3 tid 105950
target_page_id id: 2 tid 105950
0 1 tid 105950
170 4 tid 105950
349 2 tid 105950
209 tid 105950
Remove  tid 105950
FindTargetPageId rootid 3 tid 105950
target_page_id id: 2 tid 105950
0 1 tid 105950
170 4 tid 105950
349 2 tid 105950
208 tid 105950
Remove  tid 105950
FindTargetPageId rootid 3 tid 105950
target_page_id id: 2 tid 105950
0 1 tid 105950
170 4 tid 105950
349 2 tid 105950
207 tid 105950
Remove  tid 105950
FindTargetPageId rootid 3 tid 105950
target_page_id id: 2 tid 105950
0 1 tid 105950
170 4 tid 105950
349 2 tid 105950
206 tid 105950
Remove  tid 105950
FindTargetPageId rootid 3 tid 105950
target_page_id id: 2 tid 105950
0 1 tid 105950
170 4 tid 105950
349 2 tid 105950
205 tid 105950
Remove  tid 105950
FindTargetPageId rootid 3 tid 105950
target_page_id id: 2 tid 105950
0 1 tid 105950
170 4 tid 105950
349 2 tid 105950
204 tid 105950
Remove  tid 105950
FindTargetPageId rootid 3 tid 105950
target_page_id id: 2 tid 105950
0 1 tid 105950
170 4 tid 105950
349 2 tid 105950
203 tid 105950
Remove  tid 105950
FindTargetPageId rootid 3 tid 105950
target_page_id id: 2 tid 105950
0 1 tid 105950
170 4 tid 105950
349 2 tid 105950
202 tid 105950
Remove  tid 105950
FindTargetPageId rootid 3 tid 105950
target_page_id id: 2 tid 105950
0 1 tid 105950
170 4 tid 105950
349 2 tid 105950
201 tid 105950
Remove  tid 105950
FindTargetPageId rootid 3 tid 105950
target_page_id id: 2 tid 105950
0 1 tid 105950
170 4 tid 105950
349 2 tid 105950
200 tid 105950
leaf_max_size 254
Insert  tid 105929
Insert  tid 105929
new root page id: 1 tid 105929
Insert  tid 105929
FindTargetPageId rootid 1 tid 105929
1 tid 105929
Insert  tid 105929
FindTargetPageId rootid 1 tid 105929
2 tid 105929
Insert  tid 105929
FindTargetPageId rootid 1 tid 105929
3 tid 105929
Insert  tid 105929
FindTargetPageId rootid 1 tid 105929
4 tid 105929
Insert  tid 105929
FindTargetPageId rootid 1 tid 105929
5 tid 105929
Insert  tid 105929
FindTargetPageId rootid 1 tid 105929
6 tid 105929
Insert  tid 105929
FindTargetPageId rootid 1 tid 105929
7 tid 105929
Insert  tid 105929
FindTargetPageId rootid 1 tid 105929
8 tid 105929
Insert  tid 105929
FindTargetPageId rootid 1 tid 105929
9 tid 105929
Insert  tid 105929
FindTargetPageId rootid 1 tid 105929
10 tid 105929
Insert  tid 105929
FindTargetPageId rootid 1 tid 105929
11 tid 105929
Insert  tid 105929
FindTargetPageId rootid 1 tid 105929
12 tid 105929
Insert  tid 105929
FindTargetPageId rootid 1 tid 105929
13 tid 105929
Insert  tid 105929
FindTargetPageId rootid 1 tid 105929
14 tid 105929
Insert  tid 105929
FindTargetPageId rootid 1 tid 105929
15 tid 105929
Insert  tid 105929
FindTargetPageId rootid 1 tid 105929
16 tid 105929
Insert  tid 105929
FindTargetPageId rootid 1 tid 105929
17 tid 105929
Insert  tid 105929
FindTargetPageId rootid 1 tid 105929
18 tid 105929
Insert  tid 105929
FindTargetPageId rootid 1 tid 105929
19 tid 105929
Insert  tid 105929
FindTargetPageId rootid 1 tid 105929
20 tid 105929
Insert  tid 105929
FindTargetPageId rootid 1 tid 105929
21 tid 105929
Insert  tid 105929
FindTargetPageId rootid 1 tid 105929
22 tid 105929
Insert  tid 105929
FindTargetPageId rootid 1 tid 105929
23 tid 105929
Insert  tid 105929
FindTargetPageId rootid 1 tid 105929
24 tid 105929
Insert  tid 105929
FindTargetPageId rootid 1 tid 105929
25 tid 105929
Insert  tid 105929
FindTargetPageId rootid 1 tid 105929
26 tid 105929
Insert  tid 105929
FindTargetPageId rootid 1 tid 105929
27 tid 105929
Insert  tid 105929
FindTargetPageId rootid 1 tid 105929
28 tid 105929
Insert  tid 105929
FindTargetPageId rootid 1 tid 105929
29 tid 105929
Insert  tid 105929
FindTargetPageId rootid 1 tid 105929
30 tid 105929
Insert  tid 105929
FindTargetPageId rootid 1 tid 105929
31 tid 105929
Insert  tid 105929
FindTargetPageId rootid 1 tid 105929
32 tid 105929
Insert  tid 105929
FindTargetPageId rootid 1 tid 105929
33 tid 105929
Insert  tid 105929
FindTargetPageId rootid 1 tid 105929
34 tid 105929
Insert  tid 105929
FindTargetPageId rootid 1 tid 105929
35 tid 105929
Insert  tid 105929
FindTargetPageId rootid 1 tid 105929
36 tid 105929
Insert  tid 105929
FindTargetPageId rootid 1 tid 105929
37 tid 105929
Insert  tid 105929
FindTargetPageId rootid 1 tid 105929
38 tid 105929
Insert  tid 105929
FindTargetPageId rootid 1 tid 105929
39 tid 105929
Insert  tid 105929
FindTargetPageId rootid 1 tid 105929
40 tid 105929
Insert  tid 105929
FindTargetPageId rootid 1 tid 105929
41 tid 105929
Insert  tid 105929
FindTargetPageId rootid 1 tid 105929
42 tid 105929
Insert  tid 105929
FindTargetPageId rootid 1 tid 105929
43 tid 105929
Insert  tid 105929
FindTargetPageId rootid 1 tid 105929
44 tid 105929
Insert  tid 105929
FindTargetPageId rootid 1 tid 105929
45 tid 105929
Insert  tid 105929
FindTargetPageId rootid 1 tid 105929
46 tid 105929
Insert  tid 105929
FindTargetPageId rootid 1 tid 105929
47 tid 105929
Insert  tid 105929
FindTargetPageId rootid 1 tid 105929
48 tid 105929
Insert  tid 105929
FindTargetPageId rootid 1 tid 105929
49 tid 105929
Insert  tid 105929
FindTargetPageId rootid 1 tid 105929
50 tid 105929
Insert  tid 105929
FindTargetPageId rootid 1 tid 105929
51 tid 105929
Insert  tid 105929
FindTargetPageId rootid 1 tid 105929
52 tid 105929
Insert  tid 105929
FindTargetPageId rootid 1 tid 105929
53 tid 105929
Insert  tid 105929
FindTargetPageId rootid 1 tid 105929
54 tid 105929
Insert  tid 105929
FindTargetPageId rootid 1 tid 105929
55 tid 105929
Insert  tid 105929
FindTargetPageId rootid 1 tid 105929
56 tid 105929
Insert  tid 105929
FindTargetPageId rootid 1 tid 105929
57 tid 105929
Insert  tid 105929
FindTargetPageId rootid 1 tid 105929
58 tid 105929
Insert  tid 105929
FindTargetPageId rootid 1 tid 105929
59 tid 105929
Insert  tid 105929
FindTargetPageId rootid 1 tid 105929
60 tid 105929
Insert  tid 105929
FindTargetPageId rootid 1 tid 105929
61 tid 105929
Insert  tid 105929
FindTargetPageId rootid 1 tid 105929
62 tid 105929
Insert  tid 105929
FindTargetPageId rootid 1 tid 105929
63 tid 105929
Insert  tid 105929
FindTargetPageId rootid 1 tid 105929
64 tid 105929
Insert  tid 105929
FindTargetPageId rootid 1 tid 105929
65 tid 105929
Insert  tid 105929
FindTargetPageId rootid 1 tid 105929
66 tid 105929
Insert  tid 105929
FindTargetPageId rootid 1 tid 105929
67 tid 105929
Insert  tid 105929
FindTargetPageId rootid 1 tid 105929
68 tid 105929
Insert  tid 105929
FindTargetPageId rootid 1 tid 105929
69 tid 105929
Insert  tid 105929
FindTargetPageId rootid 1 tid 105929
70 tid 105929
Insert  tid 105929
FindTargetPageId rootid 1 tid 105929
71 tid 105929
Insert  tid 105929
FindTargetPageId rootid 1 tid 105929
72 tid 105929
Insert  tid 105929
FindTargetPageId rootid 1 tid 105929
73 tid 105929
Insert  tid 105929
FindTargetPageId rootid 1 tid 105929
74 tid 105929
Insert  tid 105929
FindTargetPageId rootid 1 tid 105929
75 tid 105929
Insert  tid 105929
FindTargetPageId rootid 1 tid 105929
76 tid 105929
Insert  tid 105929
FindTargetPageId rootid 1 tid 105929
77 tid 105929
Insert  tid 105929
FindTargetPageId rootid 1 tid 105929
78 tid 105929
Insert  tid 105929
FindTargetPageId rootid 1 tid 105929
79 tid 105929
Insert  tid 105929
FindTargetPageId rootid 1 tid 105929
80 tid 105929
Insert  tid 105929
FindTargetPageId rootid 1 tid 105929
81 tid 105929
Insert  tid 105929
FindTargetPageId rootid 1 tid 105929
82 tid 105929
Insert  tid 105929
FindTargetPageId rootid 1 tid 105929
83 tid 105929
Insert  tid 105929
FindTargetPageId rootid 1 tid 105929
84 tid 105929
Insert  tid 105929
FindTargetPageId rootid 1 tid 105929
85 tid 105929
Insert  tid 105929
FindTargetPageId rootid 1 tid 105929
86 tid 105929
Insert  tid 105929
FindTargetPageId rootid 1 tid 105929
87 tid 105929
Insert  tid 105929
FindTargetPageId rootid 1 tid 105929
88 tid 105929
Insert  tid 105929
FindTargetPageId rootid 1 tid 105929
89 tid 105929
Insert  tid 105929
FindTargetPageId rootid 1 tid 105929
90 tid 105929
Insert  tid 105929
FindTargetPageId rootid 1 tid 105929
91 tid 105929
Insert  tid 105929
FindTargetPageId rootid 1 tid 105929
92 tid 105929
Insert  tid 105929
FindTargetPageId rootid 1 tid 105929
93 tid 105929
Insert  tid 105929
FindTargetPageId rootid 1 tid 105929
94 tid 105929
Insert  tid 105929
FindTargetPageId rootid 1 tid 105929
95 tid 105929
Insert  tid 105929
FindTargetPageId rootid 1 tid 105929
96 tid 105929
Insert  tid 105929
FindTargetPageId rootid 1 tid 105929
97 tid 105929
Insert  tid 105929
FindTargetPageId rootid 1 tid 105929
98 tid 105929
Insert  tid 105929
FindTargetPageId rootid 1 tid 105929
99 tid 105929
Insert  tid 105929
FindTargetPageId rootid 1 tid 105929
100 tid 105929
Insert  tid 105929
FindTargetPageId rootid 1 tid 105929
101 tid 105929
Insert  tid 105929
FindTargetPageId rootid 1 tid 105929
102 tid 105929
Insert  tid 105929
FindTargetPageId rootid 1 tid 105929
103 tid 105929
Insert  tid 105929
FindTargetPageId rootid 1 tid 105929
104 tid 105929
Insert  tid 105929
FindTargetPageId rootid 1 tid 105929
105 tid 105929
Insert  tid 105929
FindTargetPageId rootid 1 tid 105929
106 tid 105929
Insert  tid 105929
FindTargetPageId rootid 1 tid 105929
107 tid 105929
Insert  tid 105929
FindTargetPageId rootid 1 tid 105929
108 tid 105929
Insert  tid 105929
FindTargetPageId rootid 1 tid 105929
109 tid 105929
Insert  tid 105929
FindTargetPageId rootid 1 tid 105929
110 tid 105929
Insert  tid 105929
FindTargetPageId rootid 1 tid 105929
111 tid 105929
Insert  tid 105929
FindTargetPageId rootid 1 tid 105929
112 tid 105929
Insert  tid 105929
FindTargetPageId rootid 1 tid 105929
113 tid 105929
Insert  tid 105929
FindTargetPageId rootid 1 tid 105929
114 tid 105929
Insert  tid 105929
FindTargetPageId rootid 1 tid 105929
115 tid 105929
Insert  tid 105929
FindTargetPageId rootid 1 tid 105929
116 tid 105929
Insert  tid 105929
FindTargetPageId rootid 1 tid 105929
117 tid 105929
Insert  tid 105929
FindTargetPageId rootid 1 tid 105929
118 tid 105929
Insert  tid 105929
FindTargetPageId rootid 1 tid 105929
119 tid 105929
Insert  tid 105929
FindTargetPageId rootid 1 tid 105929
120 tid 105929
Insert  tid 105929
FindTargetPageId rootid 1 tid 105929
121 tid 105929
Insert  tid 105929
FindTargetPageId rootid 1 tid 105929
122 tid 105929
Insert  tid 105929
FindTargetPageId rootid 1 tid 105929
123 tid 105929
Insert  tid 105929
FindTargetPageId rootid 1 tid 105929
124 tid 105929
Insert  tid 105929
FindTargetPageId rootid 1 tid 105929
125 tid 105929
Insert  tid 105929
FindTargetPageId rootid 1 tid 105929
126 tid 105929
Insert  tid 105929
FindTargetPageId rootid 1 tid 105929
127 tid 105929
Insert  tid 105929
FindTargetPageId rootid 1 tid 105929
128 tid 105929
Insert  tid 105929
FindTargetPageId rootid 1 tid 105929
129 tid 105929
Insert  tid 105929
FindTargetPageId rootid 1 tid 105929
130 tid 105929
Insert  tid 105929
FindTargetPageId rootid 1 tid 105929
131 tid 105929
Insert  tid 105929
FindTargetPageId rootid 1 tid 105929
132 tid 105929
Insert  tid 105929
FindTargetPageId rootid 1 tid 105929
133 tid 105929
Insert  tid 105929
FindTargetPageId rootid 1 tid 105929
134 tid 105929
Insert  tid 105929
FindTargetPageId rootid 1 tid 105929
135 tid 105929
Insert  tid 105929
FindTargetPageId rootid 1 tid 105929
136 tid 105929
Insert  tid 105929
FindTargetPageId rootid 1 tid 105929
137 tid 105929
Insert  tid 105929
FindTargetPageId rootid 1 tid 105929
138 tid 105929
Insert  tid 105929
FindTargetPageId rootid 1 tid 105929
139 tid 105929
Insert  tid 105929
FindTargetPageId rootid 1 tid 105929
140 tid 105929
Insert  tid 105929
FindTargetPageId rootid 1 tid 105929
141 tid 105929
Insert  tid 105929
FindTargetPageId rootid 1 tid 105929
142 tid 105929
Insert  tid 105929
FindTargetPageId rootid 1 tid 105929
143 tid 105929
Insert  tid 105929
FindTargetPageId rootid 1 tid 105929
144 tid 105929
Insert  tid 105929
FindTargetPageId rootid 1 tid 105929
145 tid 105929
Insert  tid 105929
FindTargetPageId rootid 1 tid 105929
146 tid 105929
Insert  tid 105929
FindTargetPageId rootid 1 tid 105929
147 tid 105929
Insert  tid 105929
FindTargetPageId rootid 1 tid 105929
148 tid 105929
Insert  tid 105929
FindTargetPageId rootid 1 tid 105929
149 tid 105929
Insert  tid 105929
FindTargetPageId rootid 1 tid 105929
150 tid 105929
Insert  tid 105929
FindTargetPageId rootid 1 tid 105929
151 tid 105929
Insert  tid 105929
FindTargetPageId rootid 1 tid 105929
152 tid 105929
Insert  tid 105929
FindTargetPageId rootid 1 tid 105929
153 tid 105929
Insert  tid 105929
FindTargetPageId rootid 1 tid 105929
154 tid 105929
Insert  tid 105929
FindTargetPageId rootid 1 tid 105929
155 tid 105929
Insert  tid 105929
FindTargetPageId rootid 1 tid 105929
156 tid 105929
Insert  tid 105929
FindTargetPageId rootid 1 tid 105929
157 tid 105929
Insert  tid 105929
FindTargetPageId rootid 1 tid 105929
158 tid 105929
Insert  tid 105929
FindTargetPageId rootid 1 tid 105929
159 tid 105929
Insert  tid 105929
FindTargetPageId rootid 1 tid 105929
160 tid 105929
Insert  tid 105929
FindTargetPageId rootid 1 tid 105929
161 tid 105929
Insert  tid 105929
FindTargetPageId rootid 1 tid 105929
162 tid 105929
Insert  tid 105929
FindTargetPageId rootid 1 tid 105929
163 tid 105929
Insert  tid 105929
FindTargetPageId rootid 1 tid 105929
164 tid 105929
Insert  tid 105929
FindTargetPageId rootid 1 tid 105929
165 tid 105929
Insert  tid 105929
FindTargetPageId rootid 1 tid 105929
166 tid 105929
Insert  tid 105929
FindTargetPageId rootid 1 tid 105929
167 tid 105929
Insert  tid 105929
FindTargetPageId rootid 1 tid 105929
168 tid 105929
Insert  tid 105929
FindTargetPageId rootid 1 tid 105929
169 tid 105929
Insert  tid 105929
FindTargetPageId rootid 1 tid 105929
170 tid 105929
Insert  tid 105929
FindTargetPageId rootid 1 tid 105929
171 tid 105929
Insert  tid 105929
FindTargetPageId rootid 1 tid 105929
172 tid 105929
Insert  tid 105929
FindTargetPageId rootid 1 tid 105929
173 tid 105929
Insert  tid 105929
FindTargetPageId rootid 1 tid 105929
174 tid 105929
Insert  tid 105929
FindTargetPageId rootid 1 tid 105929
175 tid 105929
Insert  tid 105929
FindTargetPageId rootid 1 tid 105929
176 tid 105929
Insert  tid 105929
FindTargetPageId rootid 1 tid 105929
177 tid 105929
Insert  tid 105929
FindTargetPageId rootid 1 tid 105929
178 tid 105929
Insert  tid 105929
FindTargetPageId rootid 1 tid 105929
179 tid 105929
Insert  tid 105929
FindTargetPageId rootid 1 tid 105929
180 tid 105929
Insert  tid 105929
FindTargetPageId rootid 1 tid 105929
181 tid 105929
Insert  tid 105929
FindTargetPageId rootid 1 tid 105929
182 tid 105929
Insert  tid 105929
FindTargetPageId rootid 1 tid 105929
183 tid 105929
Insert  tid 105929
FindTargetPageId rootid 1 tid 105929
184 tid 105929
Insert  tid 105929
FindTargetPageId rootid 1 tid 105929
185 tid 105929
Insert  tid 105929
FindTargetPageId rootid 1 tid 105929
186 tid 105929
Insert  tid 105929
FindTargetPageId rootid 1 tid 105929
187 tid 105929
Insert  tid 105929
FindTargetPageId rootid 1 tid 105929
188 tid 105929
Insert  tid 105929
FindTargetPageId rootid 1 tid 105929
189 tid 105929
Insert  tid 105929
FindTargetPageId rootid 1 tid 105929
190 tid 105929
Insert  tid 105929
FindTargetPageId rootid 1 tid 105929
191 tid 105929
Insert  tid 105929
FindTargetPageId rootid 1 tid 105929
192 tid 105929
Insert  tid 105929
FindTargetPageId rootid 1 tid 105929
193 tid 105929
Insert  tid 105929
FindTargetPageId rootid 1 tid 105929
194 tid 105929
Insert  tid 105929
FindTargetPageId rootid 1 tid 105929
195 tid 105929
Insert  tid 105929
FindTargetPageId rootid 1 tid 105929
196 tid 105929
Insert  tid 105929
FindTargetPageId rootid 1 tid 105929
197 tid 105929
Insert  tid 105929
FindTargetPageId rootid 1 tid 105929
198 tid 105929
Insert  tid 105929
FindTargetPageId rootid 1 tid 105929
199 tid 105929
Insert  tid 105953
Insert  tid 105953
FindTargetPageId rootid 1 tid 105953
200 tid 105953
Remove  tid Insert  tid 105954105953
FindTargetPageId rootid 1 tid 105953
201 tid 105953

Insert  tid 105953
FindTargetPageId rootid 1 tid 105953
202 tid 105953
Insert  tid 105953
FindTargetPageId rootid 1 tid 105953
203 tid 105953
Insert  tid 105953
FindTargetPageId rootid 1 tid 105953
204 tid 105953
Insert  tid 105953
FindTargetPageId rootid 1 tid 105953
205 tid 105953
Insert  tid Remove  tid 105953
FindTargetPageId rootid 1 tid 105953
206 tid 105953
Insert  tid 105953
Insert  tid 105955
FindTargetPageId rootid 1 tid 105953
207 tid 105953
105954
Insert  tid 105955
FindTargetPageId rootid 1 tid 105955
208 tid 105955
Insert Insert  tid  tid 105955
FindTargetPageId rootid 1 tid 105955
105953
208 tid 105955
Insert  tid 105955
FindTargetPageId rootid 1 tid 105953
208 tid 105953
Insert  tid 105953
FindTargetPageId rootid 1 tid 105954
209 tid 105954
Remove  tid 105954
FindTargetPageId rootid 1 tid 105954
208 tid 105954
Remove  tid 105954
FindTargetPageId rootid 1 tid 105953
207 tid 105953
Insert  tid 105953
FindTargetPageId rootid 1 tid 105955
208 tid 105955
Insert  tid 105955
FindTargetPageId rootid 1 tid 105954
208 tid 105954
Remove  tid 105954
FindTargetPageId rootid 1 tid 105954
207 tid 105954
Remove  tid 105954
FindTargetPageId rootid 1 tid 105954
206 tid 105954
Remove  tid 105954
FindTargetPageId rootid 1 tid 105954
205 tid 105954
Remove  tid 105954
FindTargetPageId rootid 1 tid 105954
204 tid 105954
Remove  tid 105954
FindTargetPageId rootid 1 tid 105954
203 tid 105954
Remove  tid 105954
FindTargetPageId rootid 1 tid 105954
202 tid 105954
Remove  tid 105954
FindTargetPageId rootid 1 tid 105954
201 tid 105954
Remove  tid 105954
FindTargetPageId rootid 1 tid 105953
200 tid 105953
Insert  tid 105953
FindTargetPageId rootid 1 tid 105955
201 tid 105955
Insert  tid 105955
FindTargetPageId rootid 1 tid 105954
202 tid 105954
Remove  tid 105954
FindTargetPageId rootid 1 tid 105953
201 tid 105953
Insert  tid 105953
FindTargetPageId rootid 1 tid 105955
202 tid 105955
Insert  tid 105955
FindTargetPageId rootid 1 tid 105954
203 tid 105954
Remove  tid 105954
FindTargetPageId rootid 1 tid 105953
202 tid 105953
Insert  tid 105953
FindTargetPageId rootid 1 tid 105955
203 tid 105955
Insert  tid 105955
FindTargetPageId rootid 1 tid 105955
204 tid 105955
Insert  tid 105955
FindTargetPageId rootid 1 tid 105955
205 tid 105955
Insert  tid 105955
FindTargetPageId rootid 1 tid 105955
206 tid 105955
Insert  tid 105955
FindTargetPageId rootid 1 tid 105955
207 tid 105955
Insert  tid 105955
FindTargetPageId rootid 1 tid 105955
208 tid 105955
Insert  tid 105955
FindTargetPageId rootid 1 tid 105955
209 tid 105955
Insert  tid 105955
FindTargetPageId rootid 1 tid 105955
210 tid 105955
Insert  tid 105955
FindTargetPageId rootid 1 tid 105955
210 tid 105955
Insert  tid 105955
FindTargetPageId rootid 1 tid 105953
211 tid 105953
Insert  tid 105953
FindTargetPageId rootid 1 tid 105954
211 tid 105954
Remove  tid 105954
FindTargetPageId rootid 1 tid 105955
210 tid 105955
Insert  tid 105955
FindTargetPageId rootid 1 tid 105953
211 tid 105953
Insert  tid 105953
FindTargetPageId rootid 1 tid 105953
211 tid 105953
Insert  tid 105953
FindTargetPageId rootid 1 tid 105953
212 tid 105953
Insert  tid 105953
FindTargetPageId rootid 1 tid 105953
213 tid 105953
Insert  tid 105953
FindTargetPageId rootid 1 tid 105953
214 tid 105953
Insert  tid 105953
FindTargetPageId rootid 1 tid 105953
215 tid 105953
Insert  tid 105953
FindTargetPageId rootid 1 tid 105953
216 tid 105953
Insert  tid 105953
FindTargetPageId rootid 1 tid 105954
217 tid 105954
Remove  tid 105954
FindTargetPageId rootid 1 tid 105954
216 tid 105954
Remove  tid 105954
FindTargetPageId rootid 1 tid 105955
215 tid 105955
Insert  tid 105955
FindTargetPageId rootid 1 tid 105953
215 tid 105953
Insert  tid 105953
FindTargetPageId rootid 1 tid 105953
216 tid 105953
Insert  tid 105953
FindTargetPageId rootid 1 tid 105953
217 tid 105953
Insert  tid 105953
FindTargetPageId rootid 1 tid 105953
218 tid 105953
Insert  tid 105953
FindTargetPageId rootid 1 tid 105953
219 tid 105953
Insert  tid 105953
FindTargetPageId rootid 1 tid 105953
220 tid 105953
Insert  tid 105953
FindTargetPageId rootid 1 tid 105953
221 tid 105953
Insert  tid 105953
FindTargetPageId rootid 1 tid 105953
222 tid 105953
Insert  tid 105953
FindTargetPageId rootid 1 tid 105953
223 tid 105953
Insert  tid 105953
FindTargetPageId rootid 1 tid 105953
224 tid 105953
Insert  tid 105953
FindTargetPageId rootid 1 tid 105953
225 tid 105953
Insert  tid 105953
FindTargetPageId rootid 1 tid 105953
226 tid 105953
Insert  tid 105953
FindTargetPageId rootid 1 tid 105953
227 tid 105953
Insert  tid 105953
FindTargetPageId rootid 1 tid 105953
228 tid 105953
Insert  tid 105953
FindTargetPageId rootid 1 tid 105953
229 tid 105953
Insert  tid 105953
FindTargetPageId rootid 1 tid 105953
230 tid 105953
Insert  tid 105953
FindTargetPageId rootid 1 tid 105953
231 tid 105953
Insert  tid 105953
FindTargetPageId rootid 1 tid 105955
232 tid 105955
Insert  tid 105955
FindTargetPageId rootid 1 tid 105955
232 tid 105955
Insert  tid 105955
FindTargetPageId rootid 1 tid 105955
232 tid 105955
Insert  tid 105955
FindTargetPageId rootid 1 tid 105955
232 tid 105955
Insert  tid 105955
FindTargetPageId rootid 1 tid 105955
232 tid 105955
Insert  tid 105955
FindTargetPageId rootid 1 tid 105955
232 tid 105955
Insert  tid 105955
FindTargetPageId rootid 1 tid 105955
232 tid 105955
Insert  tid 105955
FindTargetPageId rootid 1 tid 105953
232 tid 105953
Insert  tid 105953
FindTargetPageId rootid 1 tid 105953
233 tid 105953
Insert  tid 105953
FindTargetPageId rootid 1 tid 105953
234 tid 105953
Insert  tid 105953
FindTargetPageId rootid 1 tid 105955
235 tid 105955
Insert  tid 105955
FindTargetPageId rootid 1 tid 105954
235 tid 105954
FindTargetPageId rootid 1 tid 105953
Remove 234 tid 105953
Insert  tid 105953
FindTargetPageId rootid 1 tid 105953
235 tid 105953
Insert  tid 105953
FindTargetPageId rootid 1 tid 105953
236 tid 105953
Insert  tid 105953
FindTargetPageId rootid 1 tid 105953
237 tid 105953
Insert  tid 105953
FindTargetPageId rootid 1 tid 105953
238 tid 105953
Insert  tid 105953
FindTargetPageId rootid 1 tid 105955
239 tid 105955
Insert  tid 105955
 tid 105954
FindTargetPageId rootid 1 tid 105955
239 tid 105955
Insert  tid 105955
FindTargetPageId rootid 1 tid 105953
239 tid 105953
Insert  tid 105953
FindTargetPageId rootid 1 tid 105953
240 tid 105953
Insert  tid 105953
FindTargetPageId rootid 1 tid 105953
241 tid 105953
Insert  tid 105953
FindTargetPageId rootid 1 tid 105953
242 tid 105953
Insert  tid 105953
FindTargetPageId rootid 1 tid 105953
243 tid 105953
Insert  tid 105953
FindTargetPageId rootid 1 tid 105953
244 tid 105953
FindTargetPageId rootid 1 tid 105954
245 tid 105954
Insert  tid 105953
FindTargetPageId rootid 1 tid 105953
244 tid 105953
Remove  tid 105954
Insert  tid 105953
FindTargetPageId rootid 1 tid 105954
245 tid 105954
Remove  tid 105954
FindTargetPageId rootid 1 tid 105953
244 tid 105953
Insert  tid 105953
FindTargetPageId rootid 1 tid 105953
245 tid 105953
Insert  tid 105953
FindTargetPageId rootid 1 tid 105953
246 tid 105953
Insert  tid 105953
FindTargetPageId rootid 1 tid 105953
247 tid 105953
Insert  tid 105953
FindTargetPageId rootid 1 tid 105953
248 tid 105953
Insert  tid 105953
FindTargetPageId rootid 1 tid 105955
249 tid 105955
Insert  tid 105955
FindTargetPageId rootid 1 tid 105955
249 tid 105955
Insert  tid 105955
FindTargetPageId rootid 1 tid 105955
249 tid 105955
Insert  tid 105955
FindTargetPageId rootid 1 tid 105955
249 tid 105955
Insert  tid 105955
FindTargetPageId rootid 1 tid 105955
249 tid 105955
Insert  tid 105955
FindTargetPageId rootid 1 tid 105955
249 tid 105955
Insert FindTargetPageId rootid  tid 1 tid 105955105954

249 tid 105954
Remove  tid 105954
FindTargetPageId rootid 1 tid 105953
248 tid 105953
Insert  tid 105953
FindTargetPageId rootid 1 tid 105953
249 tid 105953
Insert  tid 105953
FindTargetPageId rootid 1 tid 105953
250 tid 105953
Insert  tid 105953
FindTargetPageId rootid 1 tid 105953
251 tid 105953
Insert  tid 105953
FindTargetPageId rootid 1 tid 105953
252 tid 105953
Insert  tid 105953
FindTargetPageId rootid 1 tid 105953
253 tid 105953
Insert  tid 105953
FindTargetPageId rootid 1 tid 105954
254 tid 105954
Remove  tid 105954
FindTargetPageId rootid 1 tid 105955
253 tid 105955
Insert  tid 105955
FindTargetPageId rootid 1 tid 105955
253 tid 105955
Insert  tid 105955
FindTargetPageId rootid 1 tid 105955
253 tid 105955
Insert  tid 105955
FindTargetPageId rootid 1 tid 105955
253 tid 105955
Insert  tid 105955
FindTargetPageId rootid 1 tid 105953
253 tid 105953
FindTargetPageId rootid 1Insert  tid  tid 105953
105954
254 tid 105954
Remove  tid 105954
FindTargetPageId rootid 1 tid 105955
253 tid 105955
Insert  tid 105955
FindTargetPageId rootid 1 tid 105955
253 tid 105955
Insert  tid 105955
FindTargetPageId rootid 1 tid 105955
253 tid 105955
Insert  tid 105955
FindTargetPageId rootid 1 tid 105955
253 tid 105955
Insert  tid 105955
FindTargetPageId rootid 1 tid 105955
253 tid 105955
Insert  tid 105955
FindTargetPageId rootid 1 tid 105955
253 tid 105955
Insert  tid 105955
FindTargetPageId rootid 1 tid 105955
253 tid 105955
Insert  tid 105955
FindTargetPageId rootid 1 tid 105953
253 tid 105953
Insert  tid 105953
FindTargetPageId rootid 1 tid 105953
254 tid 105953
Insert  tid 105953
FindTargetPageId rootid 3 tid 105955
target_page_id id: 1 tid 105955
0 1 tid 105955
365 2 tid 105955
127 tid 105955
Insert  tid 105955
FindTargetPageId rootid 3 tid 105954
target_page_id id: 1 tid 105954
0 1 tid 105954
365 2 tid 105954
127 tid 105954
Remove  tid 105954
FindTargetPageId rootid 1 tid 105954
254 tid 105954
Remove  tid 105954
FindTargetPageId rootid 1 tid 105953
253 tid 105953
Insert  tid 105953
FindTargetPageId rootid 1 tid 105953
254 tid 105953
Insert  tid 105953
FindTargetPageId rootid 5 tid 105953
target_page_id id: 1 tid 105953
0 1 tid 105953
365 4 tid 105953
127 tid 105953
Insert  tid 105953
FindTargetPageId rootid 5 tid 105953
target_page_id id: 1 tid 105953
0 1 tid 105953
365 4 tid 105953
128 tid 105953
Insert  tid 105953
FindTargetPageId rootid 5 tid 105953
target_page_id id: 1 tid 105953
0 1 tid 105953
365 4 tid 105953
129 tid 105953
Insert  tid 105953
FindTargetPageId rootid 5 tid 105953
target_page_id id: 1 tid 105953
0 1 tid 105953
365 4 tid 105953
130 tid 105953
Insert  tid 105953
FindTargetPageId rootid 5 tid 105953
target_page_id id: 1 tid 105953
0 1 tid 105953
365 4 tid 105953
131 tid 105953
Insert  tid 105953
FindTargetPageId rootid 5 tid 105953
target_page_id id: 1 tid 105953
0 1 tid 105953
365 4 tid 105953
132 tid 105953
Insert  tid 105953
FindTargetPageId rootid 5 tid 105953
target_page_id id: 1 tid 105953
0 1 tid 105953
365 4 tid 105953
133 tid 105953
Insert  tid 105953
FindTargetPageId rootid 5 tid 105953
target_page_id id: 1 tid 105953
0 1 tid 105953
365 4 tid 105953
134 tid 105953
Insert  tid 105953
FindTargetPageId rootid 5 tid 105953
target_page_id id: 1 tid 105953
0 1 tid 105953
365 4 tid 105953
135 tid 105953
Insert  tid 105953
FindTargetPageId rootid 5 tid 105953
target_page_id id: 1 tid 105953
0 1 tid 105953
365 4 tid 105953
136 tid 105953
Insert  tid 105953
FindTargetPageId rootid 5 tid 105953
target_page_id id: 1 tid 105953
0 1 tid 105953
365 4 tid 105953
137 tid 105953
Insert  tid 105953
FindTargetPageId rootid 5 tid 105953
target_page_id id: 1 tid 105953
0 1 tid 105953
365 4 tid 105953
138 tid 105953
Insert  tid 105953
FindTargetPageId rootid 5 tid 105953
target_page_id id: 1 tid 105953
0 1 tid 105953
365 4 tid 105953
139 tid 105953
Insert  tid 105953
FindTargetPageId rootid 5 tid 105953
target_page_id id: 1 tid 105953
0 1 tid 105953
365 4 tid 105953
140 tid 105953
Insert  tid 105953
FindTargetPageId rootid 5 tid 105953
target_page_id id: 1 tid 105953
0 1 tid 105953
365 4 tid 105953
141 tid 105953
Insert  tid 105953
FindTargetPageId rootid 5 tid 105953
target_page_id id: 1 tid 105953
0 1 tid 105953
365 4 tid 105953
142 tid 105953
Insert  tid 105953
FindTargetPageId rootid 5 tid 105953
target_page_id id: 1 tid 105953
0 1 tid 105953
365 4 tid 105953
143 tid 105953
Insert  tid 105953
FindTargetPageId rootid 5 tid 105953
target_page_id id: 1 tid 105953
0 1 tid 105953
365 4 tid 105953
144 tid 105953
Insert  tid 105953
FindTargetPageId rootid 5 tid 105953
target_page_id id: 1 tid 105953
0 1 tid 105953
365 4 tid 105953
145 tid 105953
Insert  tid 105953
FindTargetPageId rootid 5 tid 105953
target_page_id id: 1 tid 105953
0 1 tid 105953
365 4 tid 105953
146 tid 105953
Insert  tid 105953
FindTargetPageId rootid 5 tid 105953
target_page_id id: 1 tid 105953
0 1 tid 105953
365 4 tid 105953
147 tid 105953
Insert  tid 105953
FindTargetPageId rootid 5 tid 105953
target_page_id id: 1 tid 105953
0 1 tid 105953
365 4 tid 105953
148 tid 105953
Insert  tid 105953
FindTargetPageId rootid 5 tid 105953
target_page_id id: 1 tid 105953
0 1 tid 105953
365 4 tid 105953
149 tid 105953
Insert  tid 105953
FindTargetPageId rootid 5 tid 105953
target_page_id id: 1 tid 105953
0 1 tid 105953
365 4 tid 105953
150 tid 105953
Insert  tid 105953
FindTargetPageId rootid 5 tid 105953
target_page_id id: 1 tid 105953
0 1 tid 105953
365 4 tid 105953
151 tid 105953
Insert  tid 105953
FindTargetPageId rootid 5 tid 105953
target_page_id id: 1 tid 105953
0 1 tid 105953
365 4 tid 105953
152 tid 105953
Insert  tid 105953
FindTargetPageId rootid 5 tid 105953
target_page_id id: 1 tid 105953
0 1 tid 105953
365 4 tid 105953
153 tid 105953
Insert  tid 105953
FindTargetPageId rootid 5 tid 105954
target_page_id id: 1 tid 105954
0 1 tid 105954
365 4 tid 105954
154 tid 105954
Remove  tid 105954
FindTargetPageId rootid 5 tid 105954
target_page_id id: 1 tid 105954
0 1 tid 105954
365 4 tid 105954
153 tid 105954
Remove  tid 105954
FindTargetPageId rootid 5 tid 105954
target_page_id id: 1 tid 105954
0 1 tid 105954
365 4 tid 105954
152 tid 105954
Remove  tid 105954
FindTargetPageId rootid 5 tid 105953
target_page_id id: 1 tid 105953
0 1 tid 105953
365 4 tid 105953
151 tid 105953
Insert  tid 105953
FindTargetPageId rootid 5 tid 105953
target_page_id id: 1 tid 105953
0 1 tid 105953
365 4 tid 105953
152 tid 105953
Insert  tid 105953
FindTargetPageId rootid 5 tid 105955
target_page_id id: 1 tid 105955
0 1 tid 105955
365 4 tid 105955
153 tid 105955
Insert  tid 105955
FindTargetPageId rootid 5 tid 105955
target_page_id id: 1 tid 105955
0 1 tid 105955
365 4 tid 105955
153 tid 105955
Insert  tid 105955
FindTargetPageId rootid 5 tid 105955
target_page_id id: 1 tid 105955
0 1 tid 105955
365 4 tid 105955
153 tid 105955
Insert  tid 105955
FindTargetPageId rootid 5 tid 105953
target_page_id id: 1 tid 105953
0 1 tid 105953
365 4 tid 105953
153 tid 105953
FindTargetPageId rootid 5 tid 105955
target_page_id id: 1 tid 105955
0 1 tid 105955
365 4 tid 105955
154 tid 105955
Insert  tid 105955
FindTargetPageId rootid 5 tid 105955
target_page_id id: 1 tid 105955
0 1 tid 105955
365 4 tid 105955
154 tid 105955
Insert  tid 105955
FindTargetPageId rootid 5 tid 105955
target_page_id id: 1 tid 105955
0 1 tid 105955
365 4 tid 105955
154 tid 105955
Insert  tid 105955
FindTargetPageId rootid 5 tid 105955
target_page_id id: 1 tid 105955
0 1 tid 105955
365 4 tid 105955
154 tid 105955
Insert  tid 105953
Insert  tid 105955
FindTargetPageId rootid 5 tid 105954
target_page_id id: 1 tid 105954
0 1 tid 105954
365 4 tid 105954
154 tid 105954
Remove  tid 105954
FindTargetPageId rootid 5 tid 105953
target_page_id id: 1 tid 105953
0 1 tid 105953
365 4 tid 105953
153 tid 105953
Insert  tid 105953
FindTargetPageId rootid 5 tid 105953
target_page_id id: 1 tid 105953
0 1 tid 105953
365 4 tid 105953
154 tid 105953
Insert  tid 105953
FindTargetPageId rootid 5 tid 105954
target_page_id id: 1 tid 105954
0 1 tid 105954
365 4 tid 105954
155 tid 105954
Remove  tid 105954
FindTargetPageId rootid 5 tid 105954
target_page_id id: 1 tid 105954
0 1 tid 105954
365 4 tid 105954
154 tid 105954
Remove  tid 105954
FindTargetPageId rootid 5 tid 105954
target_page_id id: 1 tid 105954
0 1 tid 105954
365 4 tid 105954
153 tid 105954
Remove  tid 105954
FindTargetPageId rootid 5 tid 105954
target_page_id id: 1 tid 105954
0 1 tid 105954
365 4 tid 105954
152 tid 105954
FindTargetPageId rootid 5 tid 105955
target_page_id id: 1 tid Remove  tid 105954
105955
0 1 tid 105955
365 4 tid 105955
151 tid 105955
Insert  tid 105955
FindTargetPageId rootid 5 tid 105955
target_page_id id: 1 tid 105955
0 1 tid 105955
365 4 tid 105955
151 tid 105955
Insert  tid 105955
FindTargetPageId rootid 5 tid 105955
target_page_id id: 1 tid 105955
0 1 tid 105955
365 4 tid 105955
151 tid 105955
Insert  tid 105955
FindTargetPageId rootid 5 tid 105953
target_page_id id: 1 tid 105953
0 1 tid 105953
365 4 tid 105953
151 tid 105953
FindTargetPageId rootid 5 tid 105954
target_page_id id: 1 tid 105954
0 1 tid 105954
365 4 tid 105954
Insert 152 tid 105954
 tid 105953
Remove  tid 105954
FindTargetPageId rootid 5 tid 105953
target_page_id id: 1 tid 105953
0 1 tid 105953
365 4 tid 105953
151 tid 105953
Insert  tid 105953
FindTargetPageId rootid 5 tid 105955
target_page_id id: 1 tid 105955
0 1 tid 105955
365 4 tid 105955
152 tid 105955
Insert  tid 105955
FindTargetPageId rootid 5 tid 105954
target_page_id id: 1 tid 105954
0 1 tid 105954
365 4 tid 105954
152 tid 105954
Remove  tid 105954
FindTargetPageId rootid 5 tid 105954
target_page_id id: 1 tid 105954
0 1 tid 105954
365 4 tid 105954
151 tid 105954
Remove  tid 105954
FindTargetPageId rootid 5 tid 105953
target_page_id id: 1 tid 105953
0 1 tid 105953
365 4 tid 105953
150 tid 105953
Insert  tid 105953
FindTargetPageId rootid 5 tid 105953
target_page_id id: 1 tid 105953
0 1 tid 105953
365 4 tid 105953
151 tid 105953
Insert  tid 105953
FindTargetPageId rootid 5 tid 105954
target_page_id id: 1 tid 105954
0 1 tid 105954
365 4 tid 105954
152 tid 105954
Remove  tid 105954
FindTargetPageId rootid 5 tid 105955
target_page_id id: 1 tid 105955
0 1 tid 105955
365 4 tid 105955
151 tid 105955
Insert  tid 105955
FindTargetPageId rootid 5 tid 105953
target_page_id id: 1 tid 105953
0 1 tid 105953
365 4 tid 105953
151 tid 105953
Insert  tid 105953
FindTargetPageId rootid 5 tid 105954
target_page_id id: 1 tid 105954
0 1 tid 105954
365 4 tid 105954
152 tid 105954
Remove  tid 105954
FindTargetPageId rootid 5 tid 105955
target_page_id id: 1 tid 105955
0 1 tid 105955
365 4 tid 105955
151 tid 105955
Insert  tid 105955
FindTargetPageId rootid 5 tid 105953
target_page_id id: 1 tid 105953
0 1 tid 105953
365 4 tid 105953
151 tid 105953
Insert  tid 105953
FindTargetPageId rootid 5 tid 105953
target_page_id id: 1 tid 105953
0 1 tid 105953
365 4 tid 105953
152 tid 105953
Insert  tid 105953
FindTargetPageId rootid 5 tid 105953
target_page_id id: 1 tid 105953
0 1 tid 105953
365 4 tid 105953
153 tid 105953
Insert  tid 105953
FindTargetPageId rootid 5 tid 105955
target_page_id id: 1 tid 105955
0 1 tid 105955
365 4 tid 105955
154 tid 105955
Insert  tid 105955
FindTargetPageId rootid 5 tid 105955
target_page_id id: 1 tid 105955
0 1 tid 105955
365 4 tid 105955
154 tid 105955
Insert  tid 105955
FindTargetPageId rootid 5 tid 105955
target_page_id id: 1 tid 105955
0 1 tid 105955
365 4 tid 105955
154 tid 105955
Insert  tid 105955
FindTargetPageId rootid 5 tid 105955
target_page_id id: 1 tid 105955
0 1 tid 105955
365 4 tid 105955
154 tid 105955
Insert  tid 105955
FindTargetPageId rootid 5 tid 105955
target_page_id id: 1 tid 105955
0 1 tid 105955
365 4 tid 105955
154 tid 105955
Insert  tid 105955
FindTargetPageId rootid 5 tid 105954
target_page_id id: 1 tid 105954
0 1 tid 105954
365 4 tid 105954
154 tid 105954
Remove  tid 105954
FindTargetPageId rootid 5 tid 105954
target_page_id id: 1 tid 105954
0 1 tid 105954
365 4 tid 105954
153 tid 105954
Remove  tid 105954
FindTargetPageId rootid 5 tid 105954
target_page_id id: 1 tid 105954
0 1 tid 105954
365 4 tid 105954
152 tid 105954
Remove  tid 105954
FindTargetPageId rootid 5 tid 105954
target_page_id id: 1 tid 105954
0 1 tid 105954
365 4 tid 105954
151 tid 105954
Remove  tid 105954
FindTargetPageId rootid 5 tid 105954
target_page_id id: 1 tid 105954
0 1 tid 105954
365 4 tid 105954
150 tid 105954
Remove  tid 105954
FindTargetPageId rootid 5 tid 105954
target_page_id id: 1 tid 105954
0 1 tid 105954
365 4 tid 105954
149 tid 105954
Remove  tid 105954
FindTargetPageId rootid 5 tid 105954
target_page_id id: 1 tid 105954
0 1 tid 105954
365 4 tid 105954
148 tid 105954
Remove  tid 105954
FindTargetPageId rootid 5 tid 105954
target_page_id id: 1 tid 105954
0 1 tid 105954
365 4 tid 105954
147 tid 105954
Remove  tid 105954
FindTargetPageId rootid 5 tid 105955
target_page_id id: 1 tid 105955
0 1 tid 105955
365 4 tid 105955
146 tid 105955
Insert  tid 105955
FindTargetPageId rootid 5 tid 105955
target_page_id id: 1 tid 105955
0 1 tid 105955
365 4 tid 105955
146 tid 105955
Insert  tid 105955
FindTargetPageId rootid 5 tid 105953
target_page_id id: 1 tid 105953
0 1 tid 105953
365 4 tid 105953
146 tid 105953
Insert  tid 105953
FindTargetPageId rootid 5 tid 105953
target_page_id id: 1 tid 105953
0 1 tid 105953
365 4 tid 105953
147 tid 105953
Insert  tid 105953
FindTargetPageId rootid 5 tid 105954
target_page_id id: 1 tid 105954
0 1 tid 105954
365 4 tid 105954
148 tid 105954
FindTargetPageId rootid 5 tid 105953
target_page_id id: 1 tid 105953
0 1 tid 105953
365 4 tid 105953
147 tid 105953
Insert  tid 105953
FindTargetPageId rootid 5 tid 105955
target_page_id id: 1 tid 105955
0 1 tid 105955
365 4 tid 105955
Remove 148 tid 105955
 tid 105954
Insert  tid 105955
FindTargetPageId rootid 5 tid 105953
target_page_id id: 1 tid 105953
0 1 tid 105953
365 4 tid 105953
148 tid 105953
Insert  tid 105953
FindTargetPageId rootid 5 tid 105953
target_page_id id: 1 tid 105953
0 1 tid 105953
365 4 tid 105953
149 tid 105953
Insert  tid 105953
FindTargetPageId rootid 5 tid 105955
target_page_id id: 1 tid 105955
0 1 tid 105955
365 4 tid 105955
150 tid 105955
Insert  tid 105955
FindTargetPageId rootid 5 tid 105955
target_page_id id: 1 tid 105955
0 1 tid 105955
365 4 tid 105955
150 tid 105955
Insert  tid 105955
FindTargetPageId rootid 5 tid 105955
target_page_id id: 1 tid 105955
0 1 tid 105955
365 4 tid 105955
150 tid 105955
Insert  tid 105955
FindTargetPageId rootid 5 tid 105955
target_page_id id: 1 tid 105955
0 1 tid 105955
365 4 tid 105955
150 tid 105955
Insert  tid 105955
FindTargetPageId rootid 5 tid 105954
target_page_id id: 1 tid 105954
0 1 tid 105954
365 4 tid 105954
150 tid 105954
Remove  tid 105954
FindTargetPageId rootid 5 tid 105953
target_page_id id: 1 tid 105953
0 1 tid 105953
365 4 tid 105953
149 tid 105953
Insert  tid 105953
FindTargetPageId rootid 5 tid 105955
target_page_id id: 1 tid 105955
0 1 tid 105955
365 4 tid 105955
150 tid 105955
Insert  tid 105955
FindTargetPageId rootid 5 tid 105954
target_page_id id: 1 tid 105954
0 1 tid 105954
365 4 tid 105954
150 tid 105954
Remove  tid 105954
FindTargetPageId rootid 5 tid 105954
target_page_id id: 1 tid 105954
0 1 tid 105954
365 4 tid 105954
149 tid 105954
Remove  tid 105954
FindTargetPageId rootid 5 tid 105954
target_page_id id: 1 tid 105954
0 1 tid 105954
365 4 tid 105954
148 tid 105954
Remove  tid 105954
FindTargetPageId rootid 5 tid 105954
target_page_id id: 1 tid 105954
0 1 tid 105954
365 4 tid 105954
147 tid 105954
Remove  tid 105954
FindTargetPageId rootid 5 tid 105954
target_page_id id: 1 tid 105954
0 1 tid 105954
365 4 tid 105954
146 tid 105954
Remove  tid 105954
FindTargetPageId rootid 5 tid 105954
target_page_id id: 1 tid 105954
0 1 tid 105954
365 4 tid 105954
145 tid 105954
Remove  tid 105954
FindTargetPageId rootid 5 tid 105954
target_page_id id: 1 tid 105954
0 1 tid 105954
365 4 tid 105954
144 tid 105954
Remove  tid 105954
FindTargetPageId rootid 5 tid 105954
target_page_id id: 1 tid 105954
0 1 tid 105954
365 4 tid 105954
143 tid 105954
Remove  tid 105954
FindTargetPageId rootid 5 tid 105954
target_page_id id: 1 tid 105954
0 1 tid 105954
365 4 tid 105954
142 tid 105954
Remove  tid 105954
FindTargetPageId rootid 5 tid 105954
target_page_id id: 1 tid 105954
0 1 tid 105954
365 4 tid 105954
141 tid 105954
Remove  tid 105954
FindTargetPageId rootid 5 tid 105954
target_page_id id: 1 tid 105954
0 1 tid 105954
365 4 tid 105954
140 tid 105954
Remove  tid 105954
FindTargetPageId rootid 5 tid 105954
target_page_id id: 1 tid 105954
0 1 tid 105954
365 4 tid 105954
139 tid 105954
Remove  tid 105954
FindTargetPageId rootid 5 tid 105954
target_page_id id: 1 tid 105954
0 1 tid 105954
365 4 tid 105954
138 tid 105954
Remove  tid 105954
FindTargetPageId rootid 5 tid 105954
target_page_id id: 1 tid 105954
0 1 tid 105954
365 4 tid 105954
137 tid 105954
Remove  tid 105954
FindTargetPageId rootid 5 tid 105954
target_page_id id: 1 tid 105954
0 1 tid 105954
365 4 tid 105954
136 tid 105954
Remove  tid 105954
FindTargetPageId rootid 5 tid 105954
target_page_id id: 1 tid 105954
0 1 tid 105954
365 4 tid 105954
135 tid 105954
Remove  tid 105954
FindTargetPageId rootid 5 tid 105954
target_page_id id: 1 tid 105954
0 1 tid 105954
365 4 tid 105954
134 tid 105954
Remove  tid 105954
FindTargetPageId rootid 5 tid 105954
target_page_id id: 1 tid 105954
0 1 tid 105954
365 4 tid 105954
133 tid 105954
Remove  tid 105954
FindTargetPageId rootid 5 tid 105954
target_page_id id: 1 tid 105954
0 1 tid 105954
365 4 tid 105954
132 tid 105954
Remove  tid 105954
FindTargetPageId rootid 5 tid 105954
target_page_id id: 1 tid 105954
0 1 tid 105954
365 4 tid 105954
131 tid 105954
Remove  tid 105954
FindTargetPageId rootid 5 tid 105954
target_page_id id: 1 tid 105954
0 1 tid 105954
365 4 tid 105954
130 tid 105954
Remove  tid 105954
FindTargetPageId rootid 5 tid 105954
target_page_id id: 1 tid 105954
0 1 tid 105954
365 4 tid 105954
129 tid 105954
Remove  tid 105954
FindTargetPageId rootid 5 tid 105954
target_page_id id: 1 tid 105954
0 1 tid 105954
365 4 tid 105954
128 tid 105954
Remove  tid 105954
FindTargetPageId rootid 5 tid 105954
target_page_id id: 1 tid 105954
0 1 tid 105954
365 4 tid 105954
127 tid 105954
Remove  tid 105954
FindTargetPageId rootid 1 tid 105954
254 tid 105954
Remove  tid 105954
FindTargetPageId rootid 1 tid 105954
253 tid 105954
Remove  tid 105954
FindTargetPageId rootid 1 tid 105954
252 tid 105954
Remove  tid 105954
FindTargetPageId rootid 1 tid 105954
251 tid 105954
Remove  tid 105954
FindTargetPageId rootid 1 tid 105954
250 tid 105954
Remove  tid 105954
FindTargetPageId rootid 1 tid 105954
249 tid 105954
Remove  tid 105954
FindTargetPageId rootid 1 tid 105954
248 tid 105954
Remove  tid 105954
FindTargetPageId rootid 1 tid 105954
247 tid 105954
Remove  tid 105954
FindTargetPageId rootid 1 tid 105954
246 tid 105954
Remove  tid 105954
FindTargetPageId rootid 1 tid 105954
245 tid 105954
Remove  tid 105954
FindTargetPageId rootid 1 tid 105953
244 tid 105953
Insert  tid 105953
FindTargetPageId rootid 1 tid 105953
245 tid 105953
Insert  tid 105953
FindTargetPageId rootid 1 tid 105955
246 tid 105955
Insert  tid 105955
FindTargetPageId rootid 1 tid 105955
247 tid 105955
Insert  tid 105955
FindTargetPageId rootid 1 tid 105955
248 tid 105955
Insert  tid 105955
FindTargetPageId rootid 1 tid 105955
249 tid 105955
Insert  tid 105955
FindTargetPageId rootid 1 tid 105955
250 tid 105955
Insert  tid 105955
FindTargetPageId rootid 1 tid 105955
251 tid 105955
Insert  tid 105955
FindTargetPageId rootid 1 tid 105955
252 tid 105955
Insert  tid 105955
FindTargetPageId rootid 1 tid 105955
253 tid 105955
Insert  tid 105955
FindTargetPageId rootid 1 tid 105955
254 tid 105955
Insert  tid 105955
FindTargetPageId rootid 7 tid 105954
target_page_id id: 1 tid 105954
0 1 tid 105954
365 6 tid 105954
127 tid 105954
Remove  tid 105954
FindTargetPageId rootid 1 tid 105954
254 tid 105954
Remove  tid 105954
FindTargetPageId rootid 1 tid 105954
253 tid 105954
Remove  tid 105954
FindTargetPageId rootid 1 tid 105954
252 tid 105954
Remove  tid 105954
FindTargetPageId rootid 1 tid 105954
251 tid 105954
Remove  tid 105954
FindTargetPageId rootid 1 tid 105954
250 tid 105954
Remove  tid 105954
FindTargetPageId rootid 1 tid 105954
249 tid 105954
Remove  tid 105954
FindTargetPageId rootid 1 tid 105955
248 tid 105955
Insert  tid 105955
FindTargetPageId rootid 1 tid 105955
249 tid 105955
Insert  tid 105955
FindTargetPageId rootid 1 tid 105955
250 tid 105955
Insert  tid 105955
FindTargetPageId rootid 1 tid 105955
251 tid 105955
Insert  tid 105955
FindTargetPageId rootid 1 tid 105955
252 tid 105955
Insert  tid 105955
FindTargetPageId rootid 1 tid 105955
253 tid 105955
Insert  tid 105955
FindTargetPageId rootid 1 tid 105955
254 tid 105955
Insert  tid 105955
FindTargetPageId rootid 9 tid 105953
target_page_id id: 1 tid 105953
0 1 tid 105953
365 8 tid 105953
127 tid 105953
Insert  tid 105953
FindTargetPageId rootid 9 tid 105953
target_page_id id: 1 tid 105953
0 1 tid 105953
365 8 tid 105953
128 tid 105953
Insert  tid 105953
FindTargetPageId rootid 9 tid 105953
target_page_id id: 1 tid 105953
0 1 tid 105953
365 8 tid 105953
129 tid 105953
Insert  tid 105953
FindTargetPageId rootid 9 tid 105953
target_page_id id: 1 tid 105953
0 1 tid 105953
365 8 tid 105953
130 tid 105953
Insert  tid 105953
FindTargetPageId rootid 9 tid 105953
target_page_id id: 1 tid 105953
0 1 tid 105953
365 8 tid 105953
131 tid 105953
Insert  tid 105953
FindTargetPageId rootid 9 tid 105953
target_page_id id: 1 tid 105953
0 1 tid 105953
365 8 tid 105953
132 tid 105953
Insert  tid 105953
FindTargetPageId rootid 9 tid 105953
target_page_id id: 1 tid 105953
0 1 tid 105953
365 8 tid 105953
133 tid 105953
Insert  tid 105953
FindTargetPageId rootid 9 tid 105955
target_page_id id: 1 tid 105955
0 1 tid 105955
365 8 tid 105955
134 tid 105955
Insert  tid 105955
FindTargetPageId rootid 9 tid 105955
target_page_id id: 1 tid 105955
0 1 tid 105955
365 8 tid 105955
135 tid 105955
Insert  tid 105955
FindTargetPageId rootid 9 tid 105955
target_page_id id: 1 tid 105955
0 1 tid 105955
365 8 tid 105955
135 tid 105955
Insert  tid 105955
FindTargetPageId rootid 9 tid 105954
target_page_id id: 1 tid 105954
0 1 tid 105954
365 8 tid 105954
135 tid 105954
Remove  tid 105954
FindTargetPageId rootid 9 tid 105954
target_page_id id: 1 tid 105954
0 1 tid 105954
365 8 tid 105954
134 tid 105954
Remove  tid 105954
FindTargetPageId rootid 9 tid 105954
target_page_id id: 1 tid 105954
0 1 tid 105954
365 8 tid 105954
133 tid 105954
Remove  tid 105954
FindTargetPageId rootid 9 tid 105953
target_page_id id: 1 tid 105953
0 1 tid 105953
365 8 tid 105953
132 tid 105953
Insert  tid 105953
FindTargetPageId rootid 9 tid 105953
target_page_id id: 1 tid 105953
0 1 tid 105953
365 8 tid 105953
133 tid 105953
Insert  tid 105953
FindTargetPageId rootid 9 tid 105955
target_page_id id: 1 tid 105955
0 1 tid 105955
365 8 tid 105955
134 tid 105955
Insert  tid 105955
FindTargetPageId rootid 9 tid 105954
target_page_id id: 1 tid 105954
0 1 tid 105954
365 8 tid 105954
135 tid 105954
Remove  tid 105954
FindTargetPageId rootid 9 tid 105953
target_page_id id: 1 tid 105953
0 1 tid 105953
365 8 tid 105953
134 tid 105953
Insert  tid 105953
FindTargetPageId rootid 9 tid 105955
target_page_id id: 1 tid 105955
0 1 tid 105955
365 8 tid 105955
135 tid 105955
Insert  tid 105955
FindTargetPageId rootid 9 tid 105954
target_page_id id: 1 tid 105954
0 1 tid 105954
365 8 tid 105954
136 tid 105954
Remove  tid 105954
FindTargetPageId rootid 9 tid 105953
target_page_id id: 1 tid 105953
0 1 tid 105953
365 8 tid 105953
135 tid 105953
Insert  tid 105953
FindTargetPageId rootid 9 tid 105955
target_page_id id: 1 tid 105955
0 1 tid 105955
365 8 tid 105955
136 tid 105955
Insert  tid 105955
FindTargetPageId rootid 9 tid 105954
target_page_id id: 1 tid 105954
0 1 tid 105954
365 8 tid 105954
137 tid 105954
Remove  tid 105954
FindTargetPageId rootid 9 tid 105953
target_page_id id: 1 tid 105953
0 1 tid 105953
365 8 tid 105953
136 tid 105953
Insert  tid 105953
FindTargetPageId rootid 9 tid 105953
target_page_id id: 1 tid 105953
0 1 tid 105953
365 8 tid 105953
137 tid 105953
Insert  tid 105953
FindTargetPageId rootid 9 tid 105953
target_page_id id: 1 tid 105953
0 1 tid 105953
365 8 tid 105953
138 tid 105953
Insert  tid 105953
FindTargetPageId rootid 9 tid 105955
target_page_id id: 1 tid 105955
0 1 tid 105955
365 8 tid 105955
139 tid 105955
Insert  tid 105955
FindTargetPageId rootid 9 tid 105954
target_page_id id: 1 tid 105954
0 1 tid 105954
365 8 tid 105954
140 tid 105954
Remove  tid 105954
FindTargetPageId rootid 9 tid 105953
target_page_id id: 1 tid 105953
0 1 tid 105953
365 8 tid 105953
139 tid 105953
Insert  tid 105953
FindTargetPageId rootid 9 tid 105953
target_page_id id: 1 tid 105953
0 1 tid 105953
365 8 tid 105953
140 tid 105953
Insert  tid 105953
FindTargetPageId rootid 9 tid 105953
target_page_id id: 1 tid 105953
0 1 tid 105953
365 8 tid 105953
141 tid 105953
Insert  tid 105953
FindTargetPageId rootid 9 tid 105953
target_page_id id: 1 tid 105953
0 1 tid 105953
365 8 tid 105953
142 tid 105953
Insert  tid 105953
FindTargetPageId rootid 9 tid 105955
target_page_id id: 1 tid 105955
0 1 tid 105955
365 8 tid 105955
143 tid 105955
Insert  tid 105955
FindTargetPageId rootid 9 tid 105954
target_page_id id: 1 tid 105954
0 1 tid 105954
365 8 tid 105954
144 tid 105954
Remove  tid 105954
FindTargetPageId rootid 9 tid 105953
target_page_id id: 1 tid 105953
0 1 tid 105953
365 8 tid 105953
143 tid 105953
Insert  tid 105953
FindTargetPageId rootid 9 tid 105953
target_page_id id: 1 tid 105953
0 1 tid 105953
365 8 tid 105953
144 tid 105953
Insert  tid 105953
FindTargetPageId rootid 9 tid 105955
target_page_id id: 1 tid 105955
0 1 tid 105955
365 8 tid 105955
145 tid 105955
Insert  tid 105955FindTargetPageId rootid 9 tid 
105954
target_page_id id: 1 tid 105954
0 1 tid 105954
365 8 tid 105954
146 tid 105954
FindTargetPageId rootid 9 tid 105953
target_page_id id: 1 tid 105953
0 1 tid 105953
365 8 tid 105953
145 tid 105953
Insert  tid 105953
Remove FindTargetPageId rootid  tid 9 tid 105953
target_page_id id: 1 tid 105953
0 1 tid 105953
365 8 tid 105953
105954146 tid 105953

FindTargetPageId rootid 9 tid 105955
target_page_id id: 1 tid 105955
0 1 tid 105955
365 8 tid 105955
Insert  tid 105953
147 tid 105955
Insert  tid 105955
FindTargetPageId rootid 9 tid 105955
target_page_id id: 1 tid 105955
0 1 tid 105955
365 8 tid 105955
148 tid 105955
Insert  tid 105955
FindTargetPageId rootid 9 tid 105955
target_page_id id: 1 tid 105955
0 1 tid 105955
365 8 tid 105955
148 tid 105955
Insert  tid 105955
FindTargetPageId rootid 9 tid 105955
target_page_id id: 1 tid 105955
0 1 tid 105955
365 8 tid 105955
148 tid 105955
Insert  tid 105955
FindTargetPageId rootid 9 tid 105953
target_page_id id: 1 tid 105953
0 1 tid 105953
365 8 tid 105953
148 tid 105953
Insert  tid 105953
FindTargetPageId rootid 9 tid 105954
target_page_id id: 1 tid 105954
0 1 tid 105954
365 8 tid 105954
149 tid 105954
Remove  tid 105954
FindTargetPageId rootid 9 tid 105954
target_page_id id: 1 tid 105954
0 1 tid 105954
365 8 tid 105954
148 tid 105954
Remove  tid 105954
FindTargetPageId rootid 9 tid 105954
target_page_id id: 1 tid 105954
0 1 tid 105954
365 8 tid 105954
147 tid 105954
Remove  tid 105954
FindTargetPageId rootid 9 tid 105954
target_page_id id: 1 tid 105954
0 1 tid 105954
365 8 tid 105954
146 tid 105954
Remove  tid 105954
FindTargetPageId rootid 9 tid 105954
target_page_id id: 1 tid 105954
0 1 tid 105954
365 8 tid 105954
145 tid 105954
Remove  tid 105954
FindTargetPageId rootid 9 tid 105953
target_page_id id: 1 tid 105953
0 1 tid 105953
365 8 tid 105953
144 tid 105953
Insert  tid 105953
FindTargetPageId rootid 9 tid 105954
target_page_id id: 1 tid 105954
0 1 tid 105954
365 8 tid 105954
145 tid 105954
Remove  tid 105954
FindTargetPageId rootid 9 tid 105955
target_page_id id: 1 tid 105955
0 1 tid 105955
365 8 tid 105955
144 tid 105955
Insert  tid 105955
FindTargetPageId rootid 9 tid 105953
target_page_id id: 1 tid 105953
0 1 tid 105953
365 8 tid 105953
145 tid 105953
Insert  tid 105953
FindTargetPageId rootid 9 tid 105954
target_page_id id: 1 tid 105954
0 1 tid 105954
365 8 tid 105954
146 tid 105954
Remove  tid 105954
FindTargetPageId rootid 9 tid 105954
target_page_id id: 1 tid 105954
0 1 tid 105954
365 8 tid 105954
145 tid 105954
Remove  tid 105954
FindTargetPageId rootid 9 tid 105954
target_page_id id: 1 tid 105954
0 1 tid 105954
365 8 tid 105954
144 tid 105954
Remove  tid 105954
FindTargetPageId rootid 9 tid 105955
target_page_id id: 1 tid 105955
0 1 tid 105955
365 8 tid 105955
143 tid 105955
Insert  tid 105955
FindTargetPageId rootid 9 tid 105955
target_page_id id: 1 tid 105955
0 1 tid 105955
365 8 tid 105955
144 tid 105955
Insert  tid 105955
FindTargetPageId rootid 9 tid 105955
target_page_id id: 1 tid 105955
0 1 tid 105955
365 8 tid 105955
145 tid 105955
Insert  tid 105955
FindTargetPageId rootid 9 tid 105955
target_page_id id: 1 tid 105955
0 1 tid 105955
365 8 tid 105955
146 tid 105955
Insert  tid 105955
FindTargetPageId rootid 9 tid 105955
target_page_id id: 1 tid 105955
0 1 tid 105955
365 8 tid 105955
147 tid 105955
Insert  tid 105955
FindTargetPageId rootid 9 tid 105955
target_page_id id: 1 tid 105955
0 1 tid 105955
365 8 tid 105955
148 tid 105955
Insert  tid 105955
FindTargetPageId rootid 9 tid 105955
target_page_id id: 1 tid 105955
0 1 tid 105955
365 8 tid 105955
148 tid 105955
Insert  tid 105955
FindTargetPageId rootid 9 tid 105954
target_page_id id: 1 tid 105954
0 1 tid 105954
365 8 tid 105954
148 tid 105954
Remove  tid 105954
FindTargetPageId rootid 9 tid 105954
target_page_id id: 1 tid 105954
0 1 tid 105954
365 8 tid 105954
147 tid 105954
Remove  tid 105954
FindTargetPageId rootid 9 tid 105954
target_page_id id: 1 tid 105954
0 1 tid 105954
365 8 tid 105954
146 tid 105954
Remove  tid 105954
FindTargetPageId rootid 9 tid 105955
target_page_id id: 1 tid 105955
0 1 tid 105955
365 8 tid 105955
145 tid 105955
Insert  tid 105955
FindTargetPageId rootid 9 tid 105953
target_page_id id: 1 tid 105953
0 1 tid 105953
365 8 tid 105953
146 tid 105953
Insert  tid 105953
FindTargetPageId rootid 9 tid 105954
target_page_id id: 1 tid 105954
0 1 tid 105954
365 8 tid 105954
147 tid 105954
Remove  tid 105954
FindTargetPageId rootid 9 tid 105955
target_page_id id: 1 tid 105955
0 1 tid 105955
365 8 tid 105955
146 tid 105955
Insert  tid 105955
FindTargetPageId rootid 9 tid 105953
target_page_id id: 1 tid 105953
0 1 tid 105953
365 8 tid 105953
147 tid 105953
Insert  tid 105953
FindTargetPageId rootid 9 tid 105954
target_page_id id: 1 tid 105954
0 1 tid 105954
365 8 tid 105954
148 tid 105954
Remove  tid 105954
FindTargetPageId rootid 9 tid 105954
target_page_id id: 1 tid 105954
0 1 tid 105954
365 8 tid 105954
147 tid 105954
Remove  tid 105954
FindTargetPageId rootid 9 tid 105954
target_page_id id: 1 tid 105954
0 1 tid 105954
365 8 tid 105954
146 tid 105954
Remove  tid 105954
FindTargetPageId rootid 9 tid 105954
target_page_id id: 1 tid 105954
0 1 tid 105954
365 8 tid 105954
145 tid 105954
Remove  tid 105954
FindTargetPageId rootid 9 tid 105954
target_page_id id: 1 tid 105954
0 1 tid 105954
365 8 tid 105954
144 tid 105954
Remove  tid 105954
FindTargetPageId rootid 9 tid 105954
target_page_id id: 1 tid 105954
0 1 tid 105954
365 8 tid 105954
143 tid 105954
Remove  tid 105954
FindTargetPageId rootid 9 tid 105953
target_page_id id: 1 tid 105953
0 1 tid 105953
365 8 tid 105953
142 tid 105953
Insert  tid 105953
FindTargetPageId rootid 9 tid 105955
target_page_id id: 1 tid 105955
0 1 tid 105955
365 8 tid 105955
143 tid 105955
Insert  tid 105955
FindTargetPageId rootid 9 tid 105954
target_page_id id: 1 tid 105954
0 1 tid 105954
365 8 tid 105954
144 tid 105954
Remove  tid 105954
FindTargetPageId rootid 9 tid 105953
target_page_id id: 1 tid 105953
0 1 tid 105953
365 8 tid 105953
143 tid 105953
Insert  tid 105953
FindTargetPageId rootid 9 tid 105955
target_page_id id: 1 tid 105955
0 1 tid 105955
365 8 tid 105955
144 tid 105955
Insert  tid 105955
FindTargetPageId rootid 9 tid 105954
target_page_id id: 1 tid 105954
0 1 tid 105954
365 8 tid 105954
145 tid 105954
Remove  tid 105954
FindTargetPageId rootid 9 tid 105953
target_page_id id: 1 tid 105953
0 1 tid 105953
365 8 tid 105953
144 tid 105953
Insert  tid 105953
FindTargetPageId rootid 9 tid 105955
target_page_id id: 1 tid 105955
0 1 tid 105955
365 8 tid 105955
145 tid 105955
Insert  tid 105955
FindTargetPageId rootid 9 tid 105954
target_page_id id: 1 tid 105954
0 1 tid 105954
365 8 tid 105954
146 tid 105954
Remove  tid 105954
FindTargetPageId rootid 9 tid 105953
target_page_id id: 1 tid 105953
0 1 tid 105953
365 8 tid 105953
145 tid 105953
Insert  tid 105953
FindTargetPageId rootid 9 tid 105955
target_page_id id: 1 tid 105955
0 1 tid 105955
365 8 tid 105955
146 tid 105955
Insert  tid 105955
FindTargetPageId rootid 9 tid 105954
target_page_id id: 1 tid 105954
0 1 tid 105954
365 8 tid 105954
147 tid 105954
Remove  tid 105954
FindTargetPageId rootid 9 tid 105954
target_page_id id: 1 tid 105954
0 1 tid 105954
365 8 tid 105954
146 tid 105954
Remove  tid 105954
FindTargetPageId rootid 9 tid 105954
target_page_id id: 1 tid 105954
0 1 tid 105954
365 8 tid 105954
145 tid 105954
Remove  tid 105954
FindTargetPageId rootid 9 tid 105954
target_page_id id: 1 tid 105954
0 1 tid 105954
365 8 tid 105954
144 tid 105954
Remove  tid 105954
FindTargetPageId rootid 9 tid 105954
target_page_id id: 1 tid 105954
0 1 tid 105954
365 8 tid 105954
143 tid 105954
Remove  tid 105954
FindTargetPageId rootid 9 tid 105953
target_page_id id: 1 tid 105953
0 1 tid 105953
365 8 tid 105953
142 tid 105953
Insert  tid 105953
FindTargetPageId rootid 9 tid 105955
target_page_id id: 1 tid 105955
0 1 tid 105955
365 8 tid 105955
143 tid 105955
Insert  tid 105955
FindTargetPageId rootid 9 tid 105954
target_page_id id: 1 tid 105954
0 1 tid 105954
365 8 tid 105954
144 tid 105954
Remove  tid 105954
FindTargetPageId rootid 9 tid 105954
target_page_id id: 1 tid 105954
0 1 tid 105954
365 8 tid 105954
143 tid 105954
Remove  tid 105954
FindTargetPageId rootid 9 tid 105954
target_page_id id: 1 tid 105954
0 1 tid 105954
365 8 tid 105954
142 tid 105954
Remove  tid 105954
FindTargetPageId rootid 9 tid 105954
target_page_id id: 1 tid 105954
0 1 tid 105954
365 8 tid 105954
141 tid 105954
Remove  tid 105954
FindTargetPageId rootid 9 tid 105953
target_page_id id: 1 tid 105953
0 1 tid 105953
365 8 tid 105953
140 tid 105953
Insert  tid 105953
FindTargetPageId rootid 9 tid 105953
target_page_id id: 1 tid 105953
0 1 tid 105953
365 8 tid 105953
141 tid 105953
Insert  tid 105953
FindTargetPageId rootid 9 tid 105953
target_page_id id: 1 tid 105953
0 1 tid 105953
365 8 tid 105953
142 tid 105953
Insert  tid 105953
FindTargetPageId rootid 9 tid 105953
target_page_id id: 1 tid 105953
0 1 tid 105953
365 8 tid 105953
143 tid 105953
FindTargetPageId rootid Insert 9 tid  tid 105954
105953
target_page_id id: 1 tid 105954
0 1 tid 105954
365 8 tid 105954
144 tid 105954
Remove  tid 105954
FindTargetPageId rootid 9 tid 105955
target_page_id id: 1 tid 105955
0 1 tid 105955
365 8 tid 105955
143 tid 105955
Insert  tid 105955
FindTargetPageId rootid 9 tid 105955
target_page_id id: 1 tid 105955
0 1 tid 105955
365 8 tid 105955
144 tid 105955
Insert  tid 105955
FindTargetPageId rootid 9 tid 105955
target_page_id id: 1 tid 105955
0 1 tid 105955
365 8 tid 105955
145 tid 105955
Insert  tid 105955
FindTargetPageId rootid 9 tid 105954
target_page_id id: 1 tid 105954
0 1 tid 105954
365 8 tid 105954
146 tid 105954
Remove  tid 105954
FindTargetPageId rootid 9 tid 105953
target_page_id id: 1 tid 105953
0 1 tid 105953
365 8 tid 105953
145 tid 105953
Insert  tid 105953
FindTargetPageId rootid 9 tid 105955
target_page_id id: 1 tid 105955
0 1 tid 105955
365 8 tid 105955
146 tid 105955
Insert  tid 105955
FindTargetPageId rootid 9 tid 105954
target_page_id id: 1 tid 105954
0 1 tid 105954
365 8 tid 105954
147 tid 105954
Remove  tid 105954
FindTargetPageId rootid 9 tid 105953
target_page_id id: 1 tid 105953
0 1 tid 105953
365 8 tid 105953
146 tid 105953
Insert  tid 105953
FindTargetPageId rootid 9 tid 105955
target_page_id id: 1 tid 105955
0 1 tid 105955
365 8 tid 105955
147 tid 105955
Insert  tid 105955
FindTargetPageId rootid 9 tid 105954
target_page_id id: 1 tid 105954
0 1 tid 105954
365 8 tid 105954
148 tid 105954
Remove  tid 105954
FindTargetPageId rootid 9 tid 105953
target_page_id id: 1 tid 105953
0 1 tid 105953
365 8 tid 105953
147 tid 105953
Insert  tid 105953
FindTargetPageId rootid 9 tid 105955
target_page_id id: 1 tid 105955
0 1 tid 105955
365 8 tid 105955
148 tid 105955
Insert  tid FindTargetPageId rootid 1059559 tid 
105954
target_page_id id: 1 tid 105954
0 1 tid 105954
365 8 tid 105954
149 tid 105954
Remove  tid 105954
FindTargetPageId rootid 9 tid 105954
target_page_id id: 1 tid 105954
0 1 tid 105954
365 8 tid 105954
148 tid 105954
Remove  tid 105954
FindTargetPageId rootid 9 tid 105954
target_page_id id: 1 tid 105954
0 1 tid 105954
365 8 tid 105954
147 tid 105954
Remove  tid 105954
FindTargetPageId rootid 9 tid 105954
target_page_id id: 1 tid 105954
0 1 tid 105954
365 8 tid 105954
146 tid 105954
Remove  tid 105954
FindTargetPageId rootid 9 tid 105954
target_page_id id: 1 tid 105954
0 1 tid 105954
365 8 tid 105954
145 tid 105954
Remove  tid 105954
FindTargetPageId rootid 9 tid 105954
target_page_id id: 1 tid 105954
0 1 tid 105954
365 8 tid 105954
144 tid 105954
Remove  tid 105954
FindTargetPageId rootid 9 tid 105953
target_page_id id: 1 tid 105953
0 1 tid 105953
365 8 tid 105953
143 tid 105953
Insert  tid 105953
FindTargetPageId rootid 9 tid 105953
target_page_id id: 1 tid 105953
0 1 tid 105953
365 8 tid 105953
144 tid 105953
Insert  tid 105953
FindTargetPageId rootid 9 tid 105954
target_page_id id: 1 tid 105954
0 1 tid 105954
365 8 tid 105954
145 tid 105954
Remove  tid 105954
FindTargetPageId rootid 9 tid 105955
target_page_id id: 1 tid 105955
0 1 tid 105955
365 8 tid 105955
144 tid 105955
Insert  tid 105955
FindTargetPageId rootid 9 tid 105953
target_page_id id: 1 tid 105953
0 1 tid 105953
365 8 tid 105953
145 tid 105953
Insert  tid FindTargetPageId rootid 1059539 tid 
105954
target_page_id id: 1 tid 105954
0 1 tid 105954
365 8 tid 105954
146 tid 105954
Remove  tid 105954
FindTargetPageId rootid 9 tid 105954
target_page_id id: 1 tid 105954
0 1 tid 105954
365 8 tid 105954
145 tid 105954
Remove  tid 105954
FindTargetPageId rootid 9 tid 105953
target_page_id id: 1 tid 105953
0 1 tid 105953
365 8 tid 105953
144 tid 105953
Insert  tid 105953
FindTargetPageId rootid 9 tid 105955
target_page_id id: 1 tid 105955
0 1 tid 105955
365 8 tid 105955
145 tid 105955
Insert  tid 105955
FindTargetPageId rootid 9 tid 105954
target_page_id id: 1 tid 105954
0 1 tid 105954
365 8 tid 105954
146 tid 105954
Remove  tid 105954
FindTargetPageId rootid 9 tid 105954
target_page_id id: 1 tid 105954
0 1 tid 105954
365 8 tid 105954
145 tid 105954
Remove  tid 105954
FindTargetPageId rootid 9 tid 105954
target_page_id id: 1 tid 105954
0 1 tid 105954
365 8 tid 105954
144 tid 105954
Remove  tid 105954
FindTargetPageId rootid 9 tid 105954
target_page_id id: 1 tid 105954
0 1 tid 105954
365 8 tid 105954
143 tid 105954
Remove  tid 105954
FindTargetPageId rootid 9 tid 105954
target_page_id id: 1 tid 105954
0 1 tid 105954
365 8 tid 105954
142 tid 105954
Remove  tid 105954
FindTargetPageId rootid 9 tid 105954
target_page_id id: 1 tid 105954
0 1 tid 105954
365 8 tid 105954
141 tid 105954
Remove  tid 105954
FindTargetPageId rootid 9 tid 105953
target_page_id id: 1 tid 105953
0 1 tid 105953
365 8 tid 105953
140 tid 105953
Insert  tid 105953
FindTargetPageId rootid 9 tid 105953
target_page_id id: 1 tid 105953
0 1 tid 105953
365 8 tid 105953
141 tid 105953
Insert  tid 105953
FindTargetPageId rootid 9 tid 105953
target_page_id id: 1 tid 105953
0 1 tid 105953
365 8 tid 105953
142 tid 105953
Insert  tid 105953
FindTargetPageId rootid 9 tid 105953
target_page_id id: 1 tid 105953
0 1 tid 105953
365 8 tid 105953
143 tid 105953
Insert  tid 105953
FindTargetPageId rootid 9 tid 105953
target_page_id id: 1 tid 105953
0 1 tid 105953
365 8 tid 105953
144 tid 105953
Insert  tid 105953
FindTargetPageId rootid 9 tid 105953
target_page_id id: 1 tid 105953
0 1 tid 105953
365 8 tid 105953
145 tid 105953
Insert  tid 105953
FindTargetPageId rootid 9 tid 105953
target_page_id id: 1 tid 105953
0 1 tid 105953
365 8 tid 105953
146 tid 105953
Insert  tid 105953
FindTargetPageId rootid 9 tid 105953
target_page_id id: 1 tid 105953
0 1 tid 105953
365 8 tid 105953
147 tid 105953
Insert  tid 105953
FindTargetPageId rootid 9 tid 105953
target_page_id id: 1 tid 105953
0 1 tid 105953
365 8 tid 105953
148 tid 105953
Insert  tid 105953
FindTargetPageId rootid 9 tid 105953
target_page_id id: 1 tid 105953
0 1 tid 105953
365 8 tid 105953
149 tid 105953
Insert  tid 105953
FindTargetPageId rootid 9 tid 105953
target_page_id id: 1 tid 105953
0 1 tid 105953
365 8 tid 105953
150 tid 105953
Insert  tid 105953
FindTargetPageId rootid 9 tid 105953
target_page_id id: 1 tid 105953
0 1 tid 105953
365 8 tid 105953
151 tid 105953
Insert  tid 105953
FindTargetPageId rootid 9 tid 105953
target_page_id id: 1 tid 105953
0 1 tid 105953
365 8 tid 105953
152 tid 105953
Insert  tid 105953
FindTargetPageId rootid 9 tid 105953
target_page_id id: 1 tid 105953
0 1 tid 105953
365 8 tid 105953
153 tid 105953
Insert  tid 105953
FindTargetPageId rootid 9 tid 105953
target_page_id id: 1 tid 105953
0 1 tid 105953
365 8 tid 105953
154 tid 105953
Insert  tid 105953
FindTargetPageId rootid 9 tid 105953
target_page_id id: 1 tid 105953
0 1 tid 105953
365 8 tid 105953
155 tid 105953
Insert  tid 105953
FindTargetPageId rootid 9 tid 105954
target_page_id id: 1 tid 105954
0 1 tid 105954
365 8 tid 105954
156 tid 105954
Remove  tid 105954
FindTargetPageId rootid 9 tid 105955
target_page_id id: 1 tid 105955
0 1 tid 105955
365 8 tid 105955
155 tid 105955
Insert  tid 105955
FindTargetPageId rootid 9 tid 105955
target_page_id id: 1 tid 105955
0 1 tid 105955
365 8 tid 105955
156 tid 105955
Insert  tid 105955
FindTargetPageId rootid 9 tid 105953
target_page_id id: 1 tid 105953
0 1 tid 105953
365 8 tid 105953
157 tid 105953
Insert  tid 105953
FindTargetPageId rootid 9 tid 105954
target_page_id id: 1 tid 105954
0 1 tid 105954
365 8 tid 105954
158 tid 105954
Remove  tid 105954
FindTargetPageId rootid 9 tid 105955
target_page_id id: 1 tid 105955
0 1 tid 105955
365 8 tid 105955
157 tid 105955
Insert  tid 105955
FindTargetPageId rootid 9 tid 105953
target_page_id id: 1 tid 105953
0 1 tid 105953
365 8 tid 105953
158 tid 105953
Insert  tid 105953
FindTargetPageId rootid 9 tid 105954
target_page_id id: 1 tid 105954
0 1 tid 105954
365 8 tid 105954
159 tid 105954
Remove  tid 105954
FindTargetPageId rootid 9 tid 105954
target_page_id id: 1 tid 105954
0 1 tid 105954
365 8 tid 105954
158 tid 105954
Remove  tid 105954
FindTargetPageId rootid 9 tid 105953
target_page_id id: 1 tid 105953
0 1 tid 105953
365 8 tid 105953
157 tid 105953
Insert  tid 105953
FindTargetPageId rootid 9 tid 105953
target_page_id id: 1 tid 105953
0 1 tid 105953
365 8 tid 105953
158 tid 105953
Insert  tid 105953
FindTargetPageId rootid 9 tid 105953
target_page_id id: 1 tid 105953
0 1 tid 105953
365 8 tid 105953
159 tid 105953
Insert  tid 105953
FindTargetPageId rootid 9 tid 105953
target_page_id id: 1 tid 105953
0 1 tid 105953
365 8 tid 105953
160 tid 105953
Insert  tid 105953
FindTargetPageId rootid 9 tid 105953
target_page_id id: 1 tid 105953
0 1 tid 105953
365 8 tid 105953
161 tid 105953
Insert  tid 105953
FindTargetPageId rootid 9 tid 105953
target_page_id id: 1 tid 105953
0 1 tid 105953
365 8 tid 105953
162 tid 105953
Insert  tid 105953
FindTargetPageId rootid 9 tid 105953
target_page_id id: 1 tid 105953
0 1 tid 105953
365 8 tid 105953
163 tid 105953
Insert  tid 105953
FindTargetPageId rootid 9 tid 105953
target_page_id id: 1 tid 105953
0 1 tid 105953
365 8 tid 105953
164 tid 105953
Insert  tid 105953
FindTargetPageId rootid 9 tid 105953
target_page_id id: 1 tid 105953
0 1 tid 105953
365 8 tid 105953
165 tid 105953
Insert  tid 105953
FindTargetPageId rootid 9 tid 105953
target_page_id id: 1 tid 105953
0 1 tid 105953
365 8 tid 105953
166 tid 105953
Insert  tid 105953
FindTargetPageId rootid 9 tid 105953
target_page_id id: 1 tid 105953
0 1 tid 105953
365 8 tid 105953
167 tid 105953
Insert  tid 105953
FindTargetPageId rootid 9 tid 105953
target_page_id id: 1 tid 105953
0 1 tid 105953
365 8 tid 105953
168 tid 105953
Insert  tid 105953
FindTargetPageId rootid 9 tid 105955
target_page_id id: 1 tid 105955
0 1 tid 105955
365 8 tid 105955
169 tid 105955
Insert  tid 105955
FindTargetPageId rootid 9 tid 105954
target_page_id id: 1 tid 105954
0 1 tid 105954
365 8 tid 105954
170 tid 105954
Remove  tid 105954
FindTargetPageId rootid 9 tid 105953
target_page_id id: 1 tid 105953
0 1 tid 105953
365 8 tid 105953
169 tid 105953
Insert  tid 105953
FindTargetPageId rootid 9 tid 105955
target_page_id id: 1 tid 105955
0 1 tid 105955
365 8 tid 105955
170 tid 105955
Insert  tid 105955
FindTargetPageId rootid 9 tid 105954
target_page_id id: 1 tid 105954
0 1 tid 105954
365 8 tid 105954
171 tid 105954
Remove  tid 105954
FindTargetPageId rootid 9 tid 105954
target_page_id id: 1 tid 105954
0 1 tid 105954
365 8 tid 105954
170 tid 105954
Remove  tid 105954
FindTargetPageId rootid 9 tid 105954
target_page_id id: 1 tid 105954
0 1 tid 105954
365 8 tid 105954
169 tid 105954
Remove  tid 105954
FindTargetPageId rootid 9 tid 105954
target_page_id id: 1 tid 105954
0 1 tid 105954
365 8 tid 105954
168 tid 105954
Remove  tid 105954
FindTargetPageId rootid 9 tid 105954
target_page_id id: 1 tid 105954
0 1 tid 105954
365 8 tid 105954
167 tid 105954
Remove  tid 105954
FindTargetPageId rootid 9 tid 105954
target_page_id id: 1 tid 105954
0 1 tid 105954
365 8 tid 105954
166 tid 105954
Remove  tid 105954
FindTargetPageId rootid 9 tid 105954
target_page_id id: 1 tid 105954
0 1 tid 105954
365 8 tid 105954
165 tid 105954
Remove  tid 105954
FindTargetPageId rootid 9 tid 105954
target_page_id id: 1 tid 105954
0 1 tid 105954
365 8 tid 105954
164 tid 105954
Remove  tid 105954
FindTargetPageId rootid 9 tid 105954
target_page_id id: 1 tid 105954
0 1 tid 105954
365 8 tid 105954
163 tid 105954
Remove  tid 105954
FindTargetPageId rootid 9 tid 105954
target_page_id id: 1 tid 105954
0 1 tid 105954
365 8 tid 105954
162 tid 105954
Remove  tid 105954
FindTargetPageId rootid 9 tid 105953
target_page_id id: 1 tid 105953
0 1 tid 105953
365 8 tid 105953
161 tid 105953
Insert  tid 105953
FindTargetPageId rootid 9 tid 105953
target_page_id id: 1 tid 105953
0 1 tid 105953
365 8 tid 105953
162 tid 105953
Insert  tid 105953
FindTargetPageId rootid 9 tid 105953
target_page_id id: 1 tid 105953
0 1 tid 105953
365 8 tid 105953
163 tid 105953
Insert  tid 105953
FindTargetPageId rootid 9 tid 105953
target_page_id id: 1 tid 105953
0 1 tid 105953
365 8 tid 105953
164 tid 105953
Insert  tid 105953
FindTargetPageId rootid 9 tid 105955
target_page_id id: 1 tid 105955
0 1 tid 105955
365 8 tid 105955
165 tid 105955
Insert  tid 105955
FindTargetPageId rootid 9 tid 105955
target_page_id id: 1 tid 105955
0 1 tid 105955
365 8 tid 105955
166 tid 105955
Insert  tid 105955
FindTargetPageId rootid 9 tid 105955
target_page_id id: 1 tid 105955
0 1 tid 105955
365 8 tid 105955
167 tid 105955
Insert  tid 105955
FindTargetPageId rootid 9 tid 105953
target_page_id id: 1 tid 105953
0 1 tid 105953
365 8 tid 105953
168 tid 105953
Insert  tid 105953
FindTargetPageId rootid 9 tid 105953
target_page_id id: 1 tid 105953
0 1 tid 105953
365 8 tid 105953
169 tid 105953
Insert  tid 105953
FindTargetPageId rootid 9 tid 105953
target_page_id id: 1 tid 105953
0 1 tid 105953
365 8 tid 105953
170 tid 105953
Insert  tid 105953
FindTargetPageId rootid 9 tid 105953
target_page_id id: 1 tid 105953
0 1 tid 105953
365 8 tid 105953
171 tid 105953
Insert  tid 105953
FindTargetPageId rootid 9 tid 105953
target_page_id id: 1 tid 105953
0 1 tid 105953
365 8 tid 105953
172 tid 105953
Insert  tid 105953
FindTargetPageId rootid 9 tid 105953
target_page_id id: 1 tid 105953
0 1 tid 105953
365 8 tid 105953
173 tid 105953
Insert  tid 105953
FindTargetPageId rootid 9 tid 105953
target_page_id id: 1 tid 105953
0 1 tid 105953
365 8 tid 105953
174 tid 105953
Insert  tid 105953
FindTargetPageId rootid 9 tid 105953
target_page_id id: 1 tid 105953
0 1 tid 105953
365 8 tid 105953
175 tid 105953
Insert  tid 105953
FindTargetPageId rootid 9 tid 105953
target_page_id id: 1 tid 105953
0 1 tid 105953
365 8 tid 105953
176 tid 105953
Insert  tid 105953
FindTargetPageId rootid 9 tid 105955
target_page_id id: 1 tid 105955
0 1 tid 105955
365 8 tid 105955
177 tid 105955
Insert  tid 105955
FindTargetPageId rootid 9 tid 105954
target_page_id id: 1 tid 105954
0 1 tid 105954
365 8 tid 105954
178 tid 105954
Remove  tid 105954
FindTargetPageId rootid 9 tid 105953
target_page_id id: 1 tid 105953
0 1 tid 105953
365 8 tid 105953
177 tid 105953
Insert  tid 105953
FindTargetPageId rootid 9 tid 105953
target_page_id id: 1 tid 105953
0 1 tid 105953
365 8 tid 105953
178 tid 105953
Insert  tid 105953
FindTargetPageId rootid 9 tid 105954
target_page_id id: 1 tid 105954
0 1 tid 105954
365 8 tid 105954
179 tid 105954
Remove  tid 105954
FindTargetPageId rootid 9 tid 105955
target_page_id id: 1 tid 105955
0 1 tid 105955
365 8 tid 105955
178 tid 105955
Insert  tid 105955
FindTargetPageId rootid 9 tid 105953
target_page_id id: 1 tid 105953
0 1 tid 105953
365 8 tid 105953
179 tid 105953
FindTargetPageId rootid 9 tid 105954
target_page_id id: 1 tid 105954
0 1 tid 105954
365 8 tid 105954
180 tid 105954
Insert  tid 105953
Remove  tid 105954
FindTargetPageId rootid 9 tid 105955
target_page_id id: 1 tid 105955
0 1 tid 105955
365 8 tid 105955
179 tid 105955
Insert  tid 105955
FindTargetPageId rootid 9 tid 105954
target_page_id id: 1 tid 105954
0 1 tid 105954
365 8 tid 105954
180 tid 105954
Remove  tid 105954
FindTargetPageId rootid 9 tid 105953
target_page_id id: 1 tid 105953
0 1 tid 105953
365 8 tid 105953
179 tid 105953
Insert  tid 105953
FindTargetPageId rootid 9 tid 105955
target_page_id id: 1 tid 105955
0 1 tid 105955
365 8 tid 105955
180 tid 105955
Insert  tid 105955
FindTargetPageId rootid 9 tid 105954
target_page_id id: 1 tid 105954
0 1 tid 105954
365 8 tid 105954
181 tid 105954
Remove  tid 105954
FindTargetPageId rootid 9 tid 105953
target_page_id id: 1 tid 105953
0 1 tid 105953
365 8 tid 105953
180 tid 105953
Insert  tid 105953
FindTargetPageId rootid 9 tid 105955
target_page_id id: 1 tid 105955
0 1 tid 105955
365 8 tid 105955
181 tid 105955
Insert  tid 105955
FindTargetPageId rootid 9 tid 105954
target_page_id id: 1 tid 105954
0 1 tid 105954
365 8 tid 105954
182 tid 105954
Remove  tid 105954
FindTargetPageId rootid 9 tid 105953
target_page_id id: 1 tid 105953
0 1 tid 105953
365 8 tid 105953
181 tid 105953
Insert  tid 105953
FindTargetPageId rootid 9 tid 105955
target_page_id id: 1 tid 105955
0 1 tid 105955
365 8 tid 105955
182 tid 105955
Insert  tid 105955
FindTargetPageId rootid 9 tid 105955
target_page_id id: 1 tid 105955
0 1 tid 105955
365 8 tid 105955
183 tid 105955
Insert  tid 105955
FindTargetPageId rootid 9 tid 105953
target_page_id id: 1 tid 105953
0 1 tid 105953
365 8 tid 105953
184 tid 105953
Insert  tid 105953
FindTargetPageId rootid 9 tid 105954
target_page_id id: 1 tid 105954
0 1 tid 105954
365 8 tid 105954
185 tid 105954
Remove  tid 105954
FindTargetPageId rootid 9 tid 105955
target_page_id id: 1 tid 105955
0 1 tid 105955
365 8 tid 105955
184 tid 105955
Insert  tid 105955
FindTargetPageId rootid 9 tid 105955
target_page_id id: 1 tid 105955
0 1 tid 105955
365 8 tid 105955
185 tid 105955
Insert  tid 105955
FindTargetPageId rootid 9 tid 105955
target_page_id id: 1 tid 105955
0 1 tid 105955
365 8 tid 105955
186 tid 105955
Insert  tid 105955
FindTargetPageId rootid 9 tid 105953
target_page_id id: 1 tid 105953
0 1 tid 105953
365 8 tid 105953
187 tid 105953
Insert  tid 105953
FindTargetPageId rootid 9 tid 105953
target_page_id id: 1 tid 105953
0 1 tid 105953
365 8 tid 105953
188 tid 105953
Insert  tid 105953
FindTargetPageId rootid 9 tid 105953
target_page_id id: 1 tid 105953
0 1 tid 105953
365 8 tid 105953
189 tid 105953
Insert  tid 105953
FindTargetPageId rootid 9 tid 105953
target_page_id id: 1 tid 105953
0 1 tid 105953
365 8 tid 105953
190 tid 105953
Insert  tid 105953
FindTargetPageId rootid 9 tid 105953
target_page_id id: 1 tid 105953
0 1 tid 105953
365 8 tid 105953
191 tid 105953
Insert  tid 105953
FindTargetPageId rootid 9 tid 105953
target_page_id id: 1 tid 105953
0 1 tid 105953
365 8 tid 105953
192 tid 105953
Insert  tid 105953
FindTargetPageId rootid 9 tid 105953
target_page_id id: 1 tid 105953
0 1 tid 105953
365 8 tid 105953
193 tid 105953
Insert  tid 105953
FindTargetPageId rootid 9 tid 105953
target_page_id id: 1 tid 105953
0 1 tid 105953
365 8 tid 105953
194 tid 105953
Insert  tid 105953
FindTargetPageId rootid 9 tid 105953
target_page_id id: 1 tid 105953
0 1 tid 105953
365 8 tid 105953
195 tid 105953
Insert  tid 105953
FindTargetPageId rootid 9 tid 105953
target_page_id id: 1 tid 105953
0 1 tid 105953
365 8 tid 105953
196 tid 105953
Insert  tid 105953
FindTargetPageId rootid 9 tid 105953
target_page_id id: 1 tid 105953
0 1 tid 105953
365 8 tid 105953
197 tid 105953
Insert  tid 105953
FindTargetPageId rootid 9 tid 105953
target_page_id id: 1 tid 105953
0 1 tid 105953
365 8 tid 105953
198 tid 105953
Insert  tid 105953
FindTargetPageId rootid 9 tid 105954
target_page_id id: 1 tid 105954
0 1 tid 105954
365 8 tid 105954
199 tid 105954
Remove  tid 105954
FindTargetPageId rootid 9 tid 105954
target_page_id id: 1 tid 105954
0 1 tid 105954
365 8 tid 105954
198 tid 105954
Remove  tid 105954
FindTargetPageId rootid 9 tid 105954
target_page_id id: 1 tid 105954
0 1 tid 105954
365 8 tid 105954
197 tid 105954
Remove  tid 105954
FindTargetPageId rootid 9 tid 105954
target_page_id id: 1 tid 105954
0 1 tid 105954
365 8 tid 105954
196 tid 105954
Remove  tid 105954
FindTargetPageId rootid 9 tid 105954
target_page_id id: 1 tid 105954
0 1 tid 105954
365 8 tid 105954
195 tid 105954
Remove  tid 105954
FindTargetPageId rootid 9 tid 105954
target_page_id id: 1 tid 105954
0 1 tid 105954
365 8 tid 105954
194 tid 105954
Remove  tid 105954
FindTargetPageId rootid 9 tid 105954
target_page_id id: 1 tid 105954
0 1 tid 105954
365 8 tid 105954
193 tid 105954
Remove  tid 105954
FindTargetPageId rootid 9 tid 105955
target_page_id id: 1 tid 105955
0 1 tid 105955
365 8 tid 105955
192 tid 105955
Insert  tid 105955
FindTargetPageId rootid 9 tid 105953
target_page_id id: 1 tid 105953
0 1 tid 105953
365 8 tid 105953
193 tid 105953
Insert  tid 105953
FindTargetPageId rootid 9 tid 105953
target_page_id id: 1 tid 105953
0 1 tid 105953
365 8 tid 105953
194 tid 105953
Insert  tid 105953
FindTargetPageId rootid 9 tid 105955
target_page_id id: 1 tid 105955
0 1 tid 105955
365 8 tid 105955
195 tid 105955
Insert  tid 105955
FindTargetPageId rootid 9 tid 105955
target_page_id id: 1 tid 105955
0 1 tid 105955
365 8 tid 105955
196 tid 105955
Insert  tid 105955
FindTargetPageId rootid 9 tid 105955
target_page_id id: 1 tid 105955
0 1 tid 105955
365 8 tid 105955
197 tid 105955
Insert  tid 105955
FindTargetPageId rootid 9 tid 105955
target_page_id id: 1 tid 105955
0 1 tid 105955
365 8 tid 105955
198 tid 105955
Insert  tid 105955
FindTargetPageId rootid 9 tid 105955
target_page_id id: 1 tid 105955
0 1 tid 105955
365 8 tid 105955
199 tid 105955
Insert  tid 105955
FindTargetPageId rootid 9 tid 105955
target_page_id id: 1 tid 105955
0 1 tid 105955
365 8 tid 105955
200 tid 105955
Insert  tid 105955
FindTargetPageId rootid 9 tid 105955
target_page_id id: 1 tid 105955
0 1 tid 105955
365 8 tid 105955
201 tid 105955
Insert  tid 105955
FindTargetPageId rootid 9 tid 105955
target_page_id id: 1 tid 105955
0 1 tid 105955
365 8 tid 105955
202 tid 105955
Insert  tid 105955
FindTargetPageId rootid 9 tid 105955
target_page_id id: 1 tid 105955
0 1 tid 105955
365 8 tid 105955
203 tid 105955
Insert  tid 105955
FindTargetPageId rootid 9 tid 105955
target_page_id id: 1 tid 105955
0 1 tid 105955
365 8 tid 105955
204 tid 105955
Insert  tid 105955
FindTargetPageId rootid 9 tid 105955
target_page_id id: 1 tid 105955
0 1 tid 105955
365 8 tid 105955
205 tid 105955
Insert  tid 105955
FindTargetPageId rootid 9 tid 105955
target_page_id id: 1 tid 105955
0 1 tid 105955
365 8 tid 105955
206 tid 105955
Insert  tid 105955
FindTargetPageId rootid 9 tid 105955
target_page_id id: 1 tid 105955
0 1 tid 105955
365 8 tid 105955
207 tid 105955
Insert  tid 105955
FindTargetPageId rootid 9 tid 105955
target_page_id id: 1 tid 105955
0 1 tid 105955
365 8 tid 105955
208 tid 105955
Insert  tid 105955
FindTargetPageId rootid 9 tid 105955
target_page_id id: 1 tid 105955
0 1 tid 105955
365 8 tid 105955
209 tid 105955
Insert  tid 105955
FindTargetPageId rootid 9 tid 105955
target_page_id id: 1 tid 105955
0 1 tid 105955
365 8 tid 105955
210 tid 105955
Insert  tid 105955
FindTargetPageId rootid 9 tid 105953
target_page_id id: 1 tid 105953
0 1 tid 105953
365 8 tid 105953
211 tid 105953
Insert  tid 105953
FindTargetPageId rootid 9 tid 105953
target_page_id id: 1 tid 105953
0 1 tid 105953
365 8 tid 105953
212 tid 105953
Insert  tid 105953
FindTargetPageId rootid 9 tid 105955
target_page_id id: 1 tid 105955
0 1 tid 105955
365 8 tid 105955
213 tid 105955
Insert  tid 105955
FindTargetPageId rootid 9 tid 105954
target_page_id id: 1 tid 105954
0 1 tid 105954
365 8 tid 105954
214 tid 105954
Remove  tid 105954
FindTargetPageId rootid 9 tid 105953
target_page_id id: 1 tid 105953
0 1 tid 105953
365 8 tid 105953
213 tid 105953
Insert  tid 105953
FindTargetPageId rootid 9 tid 105955
target_page_id id: 1 tid 105955
0 1 tid 105955
365 8 tid 105955
214 tid 105955
Insert  tid 105955
FindTargetPageId rootid 9 tid 105954
target_page_id id: 1 tid 105954
0 1 tid 105954
365 8 tid 105954
215 tid 105954
Remove  tid 105954
FindTargetPageId rootid 9 tid 105954
target_page_id id: 1 tid 105954
0 1 tid 105954
365 8 tid 105954
214 tid 105954
Remove  tid 105954
FindTargetPageId rootid 9 tid 105954
target_page_id id: 1 tid 105954
0 1 tid 105954
365 8 tid 105954
213 tid 105954
Remove  tid 105954
FindTargetPageId rootid 9 tid 105955
target_page_id id: 1 tid 105955
0 1 tid 105955
365 8 tid 105955
212 tid 105955
Insert  tid 105955
FindTargetPageId rootid 9 tid 105953
target_page_id id: 1 tid 105953
0 1 tid 105953
365 8 tid 105953
213 tid 105953
Insert  tid 105953
FindTargetPageId rootid 9 tid 105954
target_page_id id: 1 tid 105954
0 1 tid 105954
365 8 tid 105954
214 tid 105954
Remove  tid 105954
FindTargetPageId rootid 9 tid 105955
target_page_id id: 1 tid 105955
0 1 tid 105955
365 8 tid 105955
213 tid 105955
Insert  tid 105955
FindTargetPageId rootid 9 tid 105953
target_page_id id: 1 tid 105953
0 1 tid 105953
365 8 tid 105953
214 tid 105953
Insert  tid 105953
FindTargetPageId rootid 9 tid 105954
target_page_id id: 1 tid 105954
0 1 tid 105954
365 8 tid 105954
215 tid 105954
Remove  tid 105954
FindTargetPageId rootid 9 tid 105955
target_page_id id: 1 tid 105955
0 1 tid 105955
365 8 tid 105955
214 tid 105955
Insert  tid 105955
FindTargetPageId rootid 9 tid 105953
target_page_id id: 1 tid 105953
0 1 tid 105953
365 8 tid 105953
215 tid 105953
Insert  tid 105953
FindTargetPageId rootid 9 tid 105953
target_page_id id: 1 tid 105953
0 1 tid 105953
365 8 tid 105953
216 tid 105953
Insert  tid 105953
FindTargetPageId rootid 9 tid 105953
target_page_id id: 1 tid 105953
0 1 tid 105953
365 8 tid 105953
217 tid 105953
Insert  tid 105953
FindTargetPageId rootid 9 tid 105953
target_page_id id: 1 tid 105953
0 1 tid 105953
365 8 tid 105953
218 tid 105953
Insert  tid 105953
FindTargetPageId rootid 9 tid 105953
target_page_id id: 1 tid 105953
0 1 tid 105953
365 8 tid 105953
219 tid 105953
Insert  tid 105953
FindTargetPageId rootid 9 tid 105953
target_page_id id: 1 tid 105953
0 1 tid 105953
365 8 tid 105953
220 tid 105953
Insert  tid 105953
FindTargetPageId rootid 9 tid 105953
target_page_id id: 1 tid 105953
0 1 tid 105953
365 8 tid 105953
221 tid 105953
Insert  tid 105953
FindTargetPageId rootid 9 tid 105953
target_page_id id: 1 tid 105953
0 1 tid 105953
365 8 tid 105953
222 tid 105953
Insert  tid 105953
FindTargetPageId rootid 9 tid 105953
target_page_id id: 1 tid 105953
0 1 tid 105953
365 8 tid 105953
223 tid 105953
Insert  tid 105953
FindTargetPageId rootid 9 tid 105955
target_page_id id: 1 tid 105955
0 1 tid 105955
365 8 tid 105955
224 tid 105955
Insert  tid 105955
FindTargetPageId rootid 9 tid 105954
target_page_id id: 1 tid 105954
0 1 tid 105954
365 8 tid 105954
225 tid 105954
Remove  tid 105954
FindTargetPageId rootid 9 tid 105953
target_page_id id: 1 tid 105953
0 1 tid 105953
365 8 tid 105953
224 tid 105953
Insert  tid 105953
FindTargetPageId rootid 9 tid 105955
target_page_id id: 1 tid 105955
0 1 tid 105955
365 8 tid 105955
225 tid 105955
Insert  tid 105955
FindTargetPageId rootid 9 tid 105954
target_page_id id: 1 tid 105954
0 1 tid 105954
365 8 tid 105954
226 tid 105954
Remove  tid 105954
FindTargetPageId rootid 9 tid 105954
target_page_id id: 1 tid 105954
0 1 tid 105954
365 8 tid 105954
225 tid 105954
Remove  tid 105954
FindTargetPageId rootid 9 tid 105954
target_page_id id: 1 tid 105954
0 1 tid 105954
365 8 tid 105954
224 tid 105954
Remove  tid 105954
FindTargetPageId rootid 9 tid 105954
target_page_id id: 1 tid 105954
0 1 tid 105954
365 8 tid 105954
223 tid 105954
Remove  tid 105954
FindTargetPageId rootid 9 tid 105954
target_page_id id: 1 tid 105954
0 1 tid 105954
365 8 tid 105954
222 tid 105954
Remove  tid 105954
FindTargetPageId rootid 9 tid 105954
target_page_id id: 1 tid 105954
0 1 tid 105954
365 8 tid 105954
221 tid 105954
Remove  tid 105954
FindTargetPageId rootid 9 tid 105955
target_page_id id: 1 tid 105955
0 1 tid 105955
365 8 tid 105955
220 tid 105955
Insert  tid 105955
FindTargetPageId rootid 9 tid 105955
target_page_id id: 1 tid 105955
0 1 tid 105955
365 8 tid 105955
221 tid 105955
Insert  tid 105955
FindTargetPageId rootid 9 tid 105955
target_page_id id: 1 tid 105955
0 1 tid 105955
365 8 tid 105955
222 tid 105955
Insert  tid 105955
FindTargetPageId rootid 9 tid 105955
target_page_id id: 1 tid 105955
0 1 tid 105955
365 8 tid 105955
223 tid 105955
Insert  tid 105955
FindTargetPageId rootid 9 tid 105953
target_page_id id: 1 tid 105953
0 1 tid 105953
365 8 tid 105953
224 tid 105953
Insert  tid 105953
FindTargetPageId rootid 9 tid 105954
target_page_id id: 1 tid 105954
0 1 tid 105954
365 8 tid 105954
225 tid 105954
Remove  tid 105954
FindTargetPageId rootid 9 tid 105954
target_page_id id: 1 tid 105954
0 1 tid 105954
365 8 tid 105954
224 tid 105954
Remove  tid 105954
FindTargetPageId rootid 9 tid 105953
target_page_id id: 1 tid 105953
0 1 tid 105953
365 8 tid 105953
223 tid 105953
FindTargetPageId rootid 9 tid 105955
target_page_id id: 1 tid 105955
0 1 tid 105955
365 8 tid 105955
224 tid 105955
Insert  tid 105955
FindTargetPageId rootid 9 tid 105955
target_page_id id: 1 tid 105955
0 1 tid 105955
365 8 tid 105955
225 tid 105955
Insert  tid 105955
FindTargetPageId rootid 9 tid 105955
target_page_id id: 1 tid 105955
0 1 tid 105955
365 8 tid 105955
226 tid 105955
Insert  tid 105953
FindTargetPageId rootid 9 tid 105954
target_page_id id: 1 tid 105954
0 1 tid 105954
365 8 tid 105954
227 tid 105954
Insert  tid 105955
Remove  tid 105954
FindTargetPageId rootid 9 tid 105955
target_page_id id: 1 tid 105955
0 1 tid 105955
365 8 tid 105955
226 tid 105955
Insert  tid 105955
FindTargetPageId rootid 9 tid 105955
target_page_id id: 1 tid 105955
0 1 tid 105955
365 8 tid 105955
227 tid 105955
Insert  tid 105955
FindTargetPageId rootid 9 tid 105953
target_page_id id: 1 tid 105953
0 1 tid 105953
365 8 tid 105953
228 tid 105953
Insert  tid 105953
FindTargetPageId rootid 9 tid 105954
target_page_id id: 1 tid 105954
0 1 tid 105954
365 8 tid 105954
229 tid 105954
Remove  tid 105954
FindTargetPageId rootid 9 tid 105954
target_page_id id: 1 tid 105954
0 1 tid 105954
365 8 tid 105954
228 tid 105954
Remove  tid 105954
FindTargetPageId rootid 9 tid 105954
target_page_id id: 1 tid 105954
0 1 tid 105954
365 8 tid 105954
227 tid 105954
Remove  tid 105954
FindTargetPageId rootid 9 tid 105954
target_page_id id: 1 tid 105954
0 1 tid 105954
365 8 tid 105954
226 tid 105954
Remove  tid 105954
FindTargetPageId rootid 9 tid 105954
target_page_id id: 1 tid 105954
0 1 tid 105954
365 8 tid 105954
225 tid 105954
Remove  tid 105954
FindTargetPageId rootid 9 tid 105954
target_page_id id: 1 tid 105954
0 1 tid 105954
365 8 tid 105954
224 tid 105954
Remove  tid 105954
FindTargetPageId rootid 9 tid 105954
target_page_id id: 1 tid 105954
0 1 tid 105954
365 8 tid 105954
223 tid 105954
Remove  tid 105954
FindTargetPageId rootid 9 tid 105954
target_page_id id: 1 tid 105954
0 1 tid 105954
365 8 tid 105954
222 tid 105954
Remove  tid 105954
FindTargetPageId rootid 9 tid 105954
target_page_id id: 1 tid 105954
0 1 tid 105954
365 8 tid 105954
221 tid 105954
Remove  tid 105954
FindTargetPageId rootid 9 tid 105954
target_page_id id: 1 tid 105954
0 1 tid 105954
365 8 tid 105954
220 tid 105954
Remove  tid 105954
FindTargetPageId rootid 9 tid 105954
target_page_id id: 1 tid 105954
0 1 tid 105954
365 8 tid 105954
219 tid 105954
Remove  tid 105954
FindTargetPageId rootid 9 tid 105954
target_page_id id: 1 tid 105954
0 1 tid 105954
365 8 tid 105954
218 tid 105954
Remove  tid 105954
FindTargetPageId rootid 9 tid 105954
target_page_id id: 1 tid 105954
0 1 tid 105954
365 8 tid 105954
217 tid 105954
Remove  tid 105954
FindTargetPageId rootid 9 tid 105953
target_page_id id: 1 tid 105953
0 1 tid 105953
365 8 tid 105953
216 tid 105953
Insert  tid 105953
FindTargetPageId rootid 9 tid 105953
target_page_id id: 1 tid 105953
0 1 tid 105953
365 8 tid 105953
217 tid 105953
Insert  tid 105953
FindTargetPageId rootid 9 tid 105953
target_page_id id: 1 tid 105953
0 1 tid 105953
365 8 tid 105953
218 tid 105953
Insert  tid 105953
FindTargetPageId rootid 9 tid 105953
target_page_id id: 1 tid 105953
0 1 tid 105953
365 8 tid 105953
219 tid 105953
Insert  tid 105953
FindTargetPageId rootid 9 tid 105953
target_page_id id: 1 tid 105953
0 1 tid 105953
365 8 tid 105953
220 tid 105953
Insert  tid 105953
FindTargetPageId rootid 9 tid 105953
target_page_id id: 1 tid 105953
0 1 tid 105953
365 8 tid 105953
221 tid 105953
Insert  tid 105953
FindTargetPageId rootid 9 tid 105953
target_page_id id: 1 tid 105953
0 1 tid 105953
365 8 tid 105953
222 tid 105953
Insert  tid 105953
FindTargetPageId rootid 9 tid 105953
target_page_id id: 1 tid 105953
0 1 tid 105953
365 8 tid 105953
223 tid 105953
Insert  tid 105953
FindTargetPageId rootid 9 tid 105953
target_page_id id: 1 tid 105953
0 1 tid 105953
365 8 tid 105953
224 tid 105953
Insert  tid 105953
FindTargetPageId rootid 9 tid 105953
target_page_id id: 1 tid 105953
0 1 tid 105953
365 8 tid 105953
225 tid 105953
Insert  tid 105953
FindTargetPageId rootid 9 tid 105953
target_page_id id: 1 tid 105953
0 1 tid 105953
365 8 tid 105953
226 tid 105953
Insert  tid 105953
FindTargetPageId rootid 9 tid 105953
target_page_id id: 1 tid 105953
0 1 tid 105953
365 8 tid 105953
227 tid 105953
Insert  tid 105953
FindTargetPageId rootid 9 tid 105953
target_page_id id: 1 tid 105953
0 1 tid 105953
365 8 tid 105953
228 tid 105953
Insert  tid 105953
FindTargetPageId rootid 9 tid 105954
target_page_id id: 1 tid 105954
0 1 tid 105954
365 8 tid 105954
229 tid 105954
Remove  tid 105954
FindTargetPageId rootid 9 tid 105954
target_page_id id: 1 tid 105954
0 1 tid 105954
365 8 tid 105954
228 tid 105954
Remove  tid 105954
FindTargetPageId rootid 9 tid 105954
target_page_id id: 1 tid 105954
0 1 tid 105954
365 8 tid 105954
227 tid 105954
Remove  tid 105954
FindTargetPageId rootid 9 tid 105954
target_page_id id: 1 tid 105954
0 1 tid 105954
365 8 tid 105954
226 tid 105954
Remove  tid 105954
FindTargetPageId rootid 9 tid 105955
target_page_id id: 1 tid 105955
0 1 tid 105955
365 8 tid 105955
225 tid 105955
Insert  tid 105955
FindTargetPageId rootid 9 tid 105953
target_page_id id: 1 tid 105953
0 1 tid 105953
365 8 tid 105953
226 tid 105953
Insert  tid 105953
FindTargetPageId rootid 9 tid 105953
target_page_id id: 1 tid 105953
0 1 tid 105953
365 8 tid 105953
227 tid 105953
Insert  tid 105953
FindTargetPageId rootid 9 tid 105955
target_page_id id: 1 tid 105955
0 1 tid 105955
365 8 tid 105955
228 tid 105955
Insert  tid 105955
FindTargetPageId rootid 9 tid 105955
target_page_id id: 1 tid 105955
0 1 tid 105955
365 8 tid 105955
229 tid 105955
Insert  tid 105955
FindTargetPageId rootid 9 tid 105955
target_page_id id: 1 tid 105955
0 1 tid 105955
365 8 tid 105955
230 tid 105955
Insert  tid 105955
FindTargetPageId rootid 9 tid 105955
target_page_id id: 1 tid 105955
0 1 tid 105955
365 8 tid 105955
231 tid 105955
Insert  tid 105955
FindTargetPageId rootid 9 tid 105954
target_page_id id: 1 tid 105954
0 1 tid 105954
365 8 tid 105954
232 tid 105954
Remove  tid 105954
FindTargetPageId rootid 9 tid 105955
target_page_id id: 1 tid 105955
0 1 tid 105955
365 8 tid 105955
231 tid 105955
Insert  tid 105955
FindTargetPageId rootid 9 tid 105955
target_page_id id: 1 tid 105955
0 1 tid 105955
365 8 tid 105955
232 tid 105955
Insert  tid 105955
FindTargetPageId rootid 9 tid 105955
target_page_id id: 1 tid 105955
0 1 tid 105955
365 8 tid 105955
233 tid 105955
Insert  tid 105955
FindTargetPageId rootid 9 tid 105955
target_page_id id: 1 tid 105955
0 1 tid 105955
365 8 tid 105955
234 tid 105955
Insert  tid 105955
FindTargetPageId rootid 9 tid 105955
target_page_id id: 1 tid 105955
0 1 tid 105955
365 8 tid 105955
235 tid 105955
Insert  tid 105955
FindTargetPageId rootid 9 tid 105955
target_page_id id: 1 tid 105955
0 1 tid 105955
365 8 tid 105955
236 tid 105955
Insert  tid 105955
FindTargetPageId rootid 9 tid 105955
target_page_id id: 1 tid 105955
0 1 tid 105955
365 8 tid 105955
237 tid 105955
Insert  tid 105955
FindTargetPageId rootid 9 tid 105955
target_page_id id: 1 tid 105955
0 1 tid 105955
365 8 tid 105955
238 tid 105955
Insert  tid 105955
FindTargetPageId rootid 9 tid 105953
target_page_id id: 1 tid 105953
0 1 tid 105953
365 8 tid 105953
239 tid 105953
Insert  tid 105953
FindTargetPageId rootid 9 tid 105954
target_page_id id: 1 tid 105954
0 1 tid 105954
365 8 tid 105954
240 tid 105954
Remove  tid 105954
FindTargetPageId rootid 9 tid 105954
target_page_id id: 1 tid 105954
0 1 tid 105954
365 8 tid 105954
239 tid 105954
Remove  tid 105954
FindTargetPageId rootid 9 tid 105954
target_page_id id: 1 tid 105954
0 1 tid 105954
365 8 tid 105954
238 tid 105954
Remove  tid 105954
FindTargetPageId rootid 9 tid 105954
target_page_id id: 1 tid 105954
0 1 tid 105954
365 8 tid 105954
237 tid 105954
Remove  tid 105954
FindTargetPageId rootid 9 tid 105954
target_page_id id: 1 tid 105954
0 1 tid 105954
365 8 tid 105954
236 tid 105954
Remove  tid 105954
FindTargetPageId rootid 9 tid 105954
target_page_id id: 1 tid 105954
0 1 tid 105954
365 8 tid 105954
235 tid 105954
Remove  tid 105954
FindTargetPageId rootid 9 tid 105954
target_page_id id: 1 tid 105954
0 1 tid 105954
365 8 tid 105954
234 tid 105954
Remove  tid 105954
FindTargetPageId rootid 9 tid 105954
target_page_id id: 1 tid 105954
0 1 tid 105954
365 8 tid 105954
233 tid 105954
Remove  tid 105954
FindTargetPageId rootid 9 tid 105954
target_page_id id: 1 tid 105954
0 1 tid 105954
365 8 tid 105954
232 tid 105954
Remove  tid 105954
FindTargetPageId rootid 9 tid 105953
target_page_id id: 1 tid 105953
0 1 tid 105953
365 8 tid 105953
231 tid 105953
Insert  tid 105953
FindTargetPageId rootid 9 tid 105953
target_page_id id: 1 tid 105953
0 1 tid 105953
365 8 tid 105953
232 tid 105953
Insert  tid 105953
FindTargetPageId rootid 9 tid 105953
target_page_id id: 1 tid 105953
0 1 tid 105953
365 8 tid 105953
233 tid 105953
Insert  tid 105953
FindTargetPageId rootid 9 tid 105953
target_page_id id: 1 tid 105953
0 1 tid 105953
365 8 tid 105953
234 tid 105953
Insert  tid 105953
FindTargetPageId rootid 9 tid 105954
target_page_id id: 1 tid 105954
0 1 tid 105954
365 8 tid 105954
235 tid 105954
Remove  tid 105954
FindTargetPageId rootid 9 tid 105955
target_page_id id: 1 tid 105955
0 1 tid 105955
365 8 tid 105955
234 tid 105955
Insert  tid 105955
FindTargetPageId rootid 9 tid 105953
target_page_id id: 1 tid 105953
0 1 tid 105953
365 8 tid 105953
235 tid 105953
Insert  tid 105953
FindTargetPageId rootid 9 tid 105953
target_page_id id: 1 tid 105953
0 1 tid 105953
365 8 tid 105953
236 tid 105953
Insert  tid 105953
FindTargetPageId rootid 9 tid 105953
target_page_id id: 1 tid 105953
0 1 tid 105953
365 8 tid 105953
237 tid 105953
Insert  tid 105953
FindTargetPageId rootid 9 tid 105953
target_page_id id: 1 tid 105953
0 1 tid 105953
365 8 tid 105953
238 tid 105953
Insert  tid 105953
FindTargetPageId rootid 9 tid 105953
target_page_id id: 1 tid 105953
0 1 tid 105953
365 8 tid 105953
239 tid 105953
Insert  tid 105953
FindTargetPageId rootid 9 tid 105953
target_page_id id: 1 tid 105953
0 1 tid 105953
365 8 tid 105953
240 tid 105953
Insert  tid 105953
FindTargetPageId rootid 9 tid 105953
target_page_id id: 1 tid 105953
0 1 tid 105953
365 8 tid 105953
241 tid 105953
Insert  tid 105953
FindTargetPageId rootid 9 tid 105953
target_page_id id: 1 tid 105953
0 1 tid 105953
365 8 tid 105953
242 tid 105953
Insert  tid 105953
FindTargetPageId rootid 9 tid 105953
target_page_id id: 1 tid 105953
0 1 tid 105953
365 8 tid 105953
243 tid 105953
Insert  tid 105953
FindTargetPageId rootid 9 tid 105953
target_page_id id: 1 tid 105953
0 1 tid 105953
365 8 tid 105953
244 tid 105953
Insert  tid 105953
FindTargetPageId rootid 9 tid 105955
target_page_id id: 1 tid 105955
0 1 tid 105955
365 8 tid 105955
245 tid 105955
Insert  tid 105955
FindTargetPageId rootid 9 tid 105954
target_page_id id: 1 tid 105954
0 1 tid 105954
365 8 tid 105954
246 tid 105954
Remove  tid 105954
FindTargetPageId rootid 9 tid 105953
target_page_id id: 1 tid 105953
0 1 tid 105953
365 8 tid 105953
245 tid 105953
Insert  tid 105953
FindTargetPageId rootid 9 tid 105955
target_page_id id: 1 tid 105955
0 1 tid 105955
365 8 tid 105955
246 tid 105955
Insert  tid 105955
FindTargetPageId rootid 9 tid 105954
target_page_id id: 1 tid 105954
0 1 tid 105954
365 8 tid 105954
247 tid 105954
Remove  tid 105954
FindTargetPageId rootid 9 tid 105954
target_page_id id: 1 tid 105954
0 1 tid 105954
365 8 tid 105954
246 tid 105954
Remove  tid 105954
FindTargetPageId rootid 9 tid 105955
target_page_id id: 1 tid 105955
0 1 tid 105955
365 8 tid 105955
245 tid 105955
Insert  tid 105955
FindTargetPageId rootid 9 tid 105953
target_page_id id: 1 tid 105953
0 1 tid 105953
365 8 tid 105953
246 tid 105953
Insert  tid 105953
FindTargetPageId rootid 9 tid 105954
target_page_id id: 1 tid 105954
0 1 tid 105954
365 8 tid 105954
247 tid 105954
Remove  tid 105954
FindTargetPageId rootid 9 tid 105955
target_page_id id: 1 tid 105955
0 1 tid 105955
365 8 tid 105955
246 tid 105955
Insert  tid 105955
FindTargetPageId rootid 9 tid 105955
target_page_id id: 1 tid 105955
0 1 tid 105955
365 8 tid 105955
247 tid 105955
Insert  tid 105955
FindTargetPageId rootid 9 tid 105953
target_page_id id: 1 tid 105953
0 1 tid 105953
365 8 tid 105953
248 tid 105953
Insert  tid 105953
FindTargetPageId rootid 9 tid 105954
target_page_id id: 1 tid 105954
0 1 tid 105954
365 8 tid 105954
249 tid 105954
Remove  tid 105954
FindTargetPageId rootid 9 tid 105955
target_page_id id: 1 tid 105955
0 1 tid 105955
365 8 tid 105955
248 tid 105955
Insert  tid 105955
FindTargetPageId rootid 9 tid 105953
target_page_id id: 1 tid 105953
0 1 tid 105953
365 8 tid 105953
249 tid 105953
Insert  tid 105953
FindTargetPageId rootid 9 tid 105954
target_page_id id: 1 tid 105954
0 1 tid 105954
365 8 tid 105954
250 tid 105954
Remove  tid 105954
FindTargetPageId rootid 9 tid 105955
target_page_id id: 1 tid 105955
0 1 tid 105955
365 8 tid 105955
249 tid 105955
Insert  tid 105955
FindTargetPageId rootid 9 tid 105955
target_page_id id: 1 tid 105955
0 1 tid 105955
365 8 tid 105955
250 tid 105955
Insert  tid 105955
FindTargetPageId rootid 9 tid 105955
target_page_id id: 1 tid 105955
0 1 tid 105955
365 8 tid 105955
251 tid 105955
Insert  tid 105955
FindTargetPageId rootid 9 tid 105955
target_page_id id: 1 tid 105955
0 1 tid 105955
365 8 tid 105955
252 tid 105955
Insert  tid 105955
FindTargetPageId rootid 9 tid 105955
target_page_id id: 1 tid 105955
0 1 tid 105955
365 8 tid 105955
253 tid 105955
Insert  tid 105955
FindTargetPageId rootid 9 tid 105955
target_page_id id: 1 tid 105955
0 1 tid 105955
365 8 tid 105955
254 tid 105955
Insert  tid 105955
FindTargetPageId rootid 9 tid 105954
target_page_id id: 10 tid 105954
0 1 tid 105954
196 10 tid 105954
365 8 tid 105954
128 tid 105954
Remove  tid 105954
FindTargetPageId rootid 9 tid 105954
target_page_id id: 10 tid 105954
0 1 tid 105954
196 10 tid 105954
365 8 tid 105954
127 tid 105954
Remove  tid 105954
FindTargetPageId rootid 9 tid 105955
target_page_id id: 1 tid 105955
0 1 tid 105955
365 8 tid 105955
253 tid 105955
Insert  tid 105955
FindTargetPageId rootid 9 tid 105953
target_page_id id: 1 tid 105953
0 1 tid 105953
365 8 tid 105953
254 tid 105953
Insert  tid 105953
FindTargetPageId rootid 9 tid 105954
target_page_id id: 11 tid 105954
0 1 tid 105954
196 11 tid 105954
365 8 tid 105954
128 tid 105954
Remove  tid 105954
FindTargetPageId rootid 9 tid 105955
target_page_id id: 11 tid 105955
0 1 tid 105955
196 11 tid 105955
365 8 tid 105955
127 tid 105955
Insert  tid 105955
FindTargetPageId rootid 9 tid 105953
target_page_id id: 11 tid 105953
0 1 tid 105953
196 11 tid 105953
365 8 tid 105953
128 tid 105953
Insert  tid 105953
FindTargetPageId rootid 9 tid 105955
target_page_id id: 11 tid 105955
0 1 tid 105955
196 11 tid 105955
365 8 tid 105955
129 tid 105955
Insert  tid 105955
FindTargetPageId rootid 9 tid 105954
target_page_id id: 11 tid 105954
0 1 tid 105954
196 11 tid 105954
365 8 tid 105954
130 tid 105954
Remove  tid 105954
FindTargetPageId rootid 9 tid 105953
target_page_id id: 11 tid 105953
0 1 tid 105953
196 11 tid 105953
365 8 tid 105953
129 tid 105953
Insert  tid 105953
FindTargetPageId rootid 9 tid 105955
target_page_id id: 11 tid 105955
0 1 tid 105955
196 11 tid 105955
365 8 tid 105955
130 tid 105955
FindTargetPageId rootid 9 tid 105954
target_page_id id: 11 tid 105954
0 1 tid 105954
196 11 tid 105954
365 8Insert  tid 105954
131 tid 105954
 tid 105955
Remove  tid 105954
FindTargetPageId rootid 9 tid 105955
target_page_id id: 11 tid 105955
0 1 tid 105955
196 11 tid 105955
365 8 tid 105955
130 tid 105955
Insert  tid 105955
FindTargetPageId rootid 9 tid 105955
target_page_id id: 11 tid 105955
0 1 tid 105955
196 11 tid 105955
365 8 tid 105955
131 tid 105955
Insert  tid 105955
FindTargetPageId rootid 9 tid 105955
target_page_id id: 11 tid 105955
0 1 tid 105955
196 11 tid 105955
365 8 tid 105955
132 tid 105955
Insert  tid 105955
FindTargetPageId rootid 9 tid 105954
target_page_id id: 11 tid 105954
0 1 tid 105954
196 11 tid 105954
365 8 tid 105954
133 tid 105954
Remove  tid 105954
FindTargetPageId rootid 9 tid 105954
target_page_id id: 11 tid 105954
0 1 tid 105954
196 11 tid 105954
365 8 tid 105954
132 tid 105954
Remove  tid 105954
FindTargetPageId rootid 9 tid 105955
target_page_id id: 11 tid 105955
0 1 tid 105955
196 11 tid 105955
365 8 tid 105955
131 tid 105955
Insert  tid 105955
FindTargetPageId rootid 9 tid 105953
target_page_id id: 11 tid 105953
0 1 tid 105953
196 11 tid 105953
365 8 tid 105953
132 tid 105953
Insert  tid 105953
FindTargetPageId rootid 9 tid 105953
target_page_id id: 11 tid 105953
0 1 tid 105953
196 11 tid 105953
365 8 tid 105953
133 tid 105953
Insert  tid 105953
FindTargetPageId rootid 9 tid 105953
target_page_id id: 11 tid 105953
0 1 tid 105953
196 11 tid 105953
365 8 tid 105953
134 tid 105953
Insert  tid 105953
FindTargetPageId rootid 9 tid 105953
target_page_id id: 11 tid 105953
0 1 tid 105953
196 11 tid 105953
365 8 tid 105953
135 tid 105953
Insert  tid 105953
FindTargetPageId rootid 9 tid 105953
target_page_id id: 11 tid 105953
0 1 tid 105953
196 11 tid 105953
365 8 tid 105953
136 tid 105953
Insert  tid 105953
FindTargetPageId rootid 9 tid 105953
target_page_id id: 11 tid 105953
0 1 tid 105953
196 11 tid 105953
365 8 tid 105953
137 tid 105953
Insert  tid 105953
FindTargetPageId rootid 9 tid 105955
target_page_id id: 11 tid 105955
0 1 tid 105955
196 11 tid 105955
365 8 tid 105955
138 tid 105955
Insert  tid 105955
FindTargetPageId rootid 9 tid 105955
target_page_id id: 11 tid 105955
0 1 tid 105955
196 11 tid 105955
365 8 tid 105955
139 tid 105955
Insert  tid 105955
FindTargetPageId rootid 9 tid 105955
target_page_id id: 11 tid 105955
0 1 tid 105955
196 11 tid 105955
365 8 tid 105955
140 tid 105955
Insert  tid 105955
FindTargetPageId rootid 9 tid 105954
target_page_id id: 11 tid 105954
0 1 tid 105954
196 11 tid 105954
365 8 tid 105954
141 tid 105954
Remove  tid 105954
FindTargetPageId rootid 9 tid 105953
target_page_id id: 11 tid 105953
0 1 tid 105953
196 11 tid 105953
365 8 tid 105953
140 tid 105953
Insert  tid 105953
FindTargetPageId rootid 9 tid 105955
target_page_id id: 11 tid 105955
0 1 tid 105955
196 11 tid 105955
365 8 tid 105955
141 tid 105955
Insert  tid 105955
FindTargetPageId rootid 9 tid 105955
target_page_id id: 11 tid 105955
0 1 tid 105955
196 11 tid 105955
365 8 tid 105955
142 tid 105955
Insert  tid 105955
FindTargetPageId rootid 9 tid 105955
target_page_id id: 11 tid 105955
0 1 tid 105955
196 11 tid 105955
365 8 tid 105955
143 tid 105955
Insert  tid 105955
FindTargetPageId rootid 9 tid 105955
target_page_id id: 11 tid 105955
0 1 tid 105955
196 11 tid 105955
365 8 tid 105955
144 tid 105955
Insert  tid 105955
FindTargetPageId rootid 9 tid 105953
target_page_id id: 11 tid 105953
0 1 tid 105953
196 11 tid 105953
365 8 tid 105953
145 tid 105953
Insert  tid 105953
FindTargetPageId rootid 9 tid 105954
target_page_id id: 11 tid 105954
0 1 tid 105954
196 11 tid 105954
365 8 tid 105954
146 tid 105954
Remove  tid 105954
FindTargetPageId rootid 9 tid 105955
target_page_id id: 11 tid 105955
0 1 tid 105955
196 11 tid 105955
365 8 tid 105955
145 tid 105955
Insert  tid 105955
FindTargetPageId rootid 9 tid 105953
target_page_id id: 11 tid 105953
0 1 tid 105953
196 11 tid 105953
365 8 tid 105953
146 tid 105953
Insert  tid 105953
FindTargetPageId rootid 9 tid 105954
target_page_id id: 11 tid 105954
0 1 tid 105954
196 11 tid 105954
365 8 tid 105954
147 tid 105954
Remove  tid 105954
FindTargetPageId rootid 9 tid 105955
target_page_id id: 11 tid 105955
0 1 tid 105955
196 11 tid 105955
365 8 tid 105955
146 tid 105955
Insert  tid 105955
FindTargetPageId rootid 9 tid 105955
target_page_id id: 11 tid 105955
0 1 tid 105955
196 11 tid 105955
365 8 tid 105955
147 tid 105955
Insert  tid 105955
FindTargetPageId rootid 9 tid 105955
target_page_id id: 11 tid 105955
0 1 tid 105955
196 11 tid 105955
365 8 tid 105955
148 tid 105955
Insert  tid 105955
FindTargetPageId rootid 9 tid 105954
target_page_id id: 11 tid 105954
0 1 tid 105954
196 11 tid 105954
365 8 tid 105954
149 tid 105954
FindTargetPageId rootid 9 tid 105953
target_page_id id: 11 tid 105953
0 1 tid 105953
196 11 tid 105953
365 8 tid 105953
148 tid 105953
Insert  tid 105953
FindTargetPageId rootid 9 tid 105953
target_page_id id: 11 tid 105953
0 1 tid 105953
196 11 tid 105953
365 8 tid 105953
149 tid 105953
Insert  tid 105953
FindTargetPageId rootid 9 tid 105953
target_page_id id: 11 tid 105953
0 1 tid 105953
196 11 tid 105953
365 8 tid 105953
Remove 150 tid 105953
Insert  tid 105953
FindTargetPageId rootid 9 tid 105955
target_page_id id: 11 tid 105955
0 1 tid 105955
196 11 tid 105955
 tid 365 8 tid 105955
105954
151 tid 105955
Insert  tid 105955
FindTargetPageId rootid 9 tid 105955
target_page_id id: 11 tid 105955
0 1 tid 105955
196 11 tid 105955
365 8 tid 105955
152 tid 105955
Insert  tid 105955
FindTargetPageId rootid 9 tid 105953
target_page_id id: 8 tid 105953
0 1 tid 105953
196 11 tid 105953
365 8 tid 105953
128 tid 105953
Insert  tid 105953
FindTargetPageId rootid 9 tid 105953
target_page_id id: 8 tid 105953
0 1 tid 105953
196 11 tid 105953
365 8 tid 105953
129 tid 105953
Insert  tid 105953
FindTargetPageId rootid 9 tid 105953
target_page_id id: 8 tid 105953
0 1 tid 105953
196 11 tid 105953
365 8 tid 105953
130 tid 105953
Insert  tid 105953
FindTargetPageId rootid 9 tid 105953
target_page_id id: 8 tid 105953
0 1 tid 105953
196 11 tid 105953
365 8 tid 105953
131 tid 105953
Insert  tid 105953
FindTargetPageId rootid 9 tid 105955
target_page_id id: 11 tid 105955
0 1 tid 105955
196 11 tid 105955
365 8 tid 105955
153 tid 105955
Insert  tid 105955
FindTargetPageId rootid 9 tid 105954
target_page_id id: 11 tid 105954
0 1 tid 105954
196 11 tid 105954
365 8 tid 105954
154 tid 105954
Remove  tid 105954
FindTargetPageId rootid 9 tid 105953
target_page_id id: 8 tid 105953
0 1 tid 105953
196 11 tid 105953
365 8 tid 105953
132 tid 105953
FindTargetPageId rootid 9 tid 105955
target_page_id id: 11 tid 105955
0 1 tid 105955
196 11 tid 105955
365 8 tid 105955
153 tid 105955
Insert  tid 105953
FindTargetPageId rootid 9 tid 105953
target_page_id id: 8 tid 105953
0 1 tid 105953
196 11 tid 105953
365 8 tid 105953
133 tid 105953
Insert  tid 105953
Insert  tid 105955
FindTargetPageId rootid 9 tid 105954
target_page_id id: 11 tid 105954
0 1 tid 105954
196 11 tid 105954
365 8 tid 105954
154 tid 105954
Remove  tid 105954
FindTargetPageId rootid 9 tid 105954
target_page_id id: 11 tid 105954
0 1 tid 105954
196 11 tid 105954
365 8 tid 105954
153 tid 105954
Remove  tid 105954
FindTargetPageId rootid 9 tid 105955
target_page_id id: 11 tid 105955
0 1 tid 105955
196 11 tid 105955
365 8 tid 105955
152 tid 105955
Insert  tid 105955
FindTargetPageId rootid 9 tid 105955
target_page_id id: 11 tid 105955
0 1 tid 105955
196 11 tid 105955
365 8 tid 105955
153 tid 105955
Insert  tid 105955
FindTargetPageId rootid 9 tid 105955
target_page_id id: 11 tid 105955
0 1 tid 105955
196 11 tid 105955
365 8 tid 105955
154 tid 105955
Insert  tid 105955
FindTargetPageId rootid 9 tid 105953
target_page_id id: 8 tid 105953
0 1 tid 105953
196 11 tid 105953
365 8 tid 105953
134 tid 105953
Insert  tid 105953
FindTargetPageId rootid 9 tid 105953
target_page_id id: 8 tid 105953
0 1 tid 105953
196 11 tid 105953
365 8 tid 105953
135 tid 105953
Insert  tid 105953
FindTargetPageId rootid 9 tid 105953
target_page_id id: 8 tid 105953
0 1 tid 105953
196 11 tid 105953
365 8 tid 105953
136 tid 105953
Insert  tid 105953
FindTargetPageId rootid 9 tid 105953
target_page_id id: 8 tid 105953
0 1 tid 105953
196 11 tid 105953
365 8 tid 105953
137 tid 105953
Insert  tid 105953
FindTargetPageId rootid 9 tid 105953
target_page_id id: 8 tid 105953
0 1 tid 105953
196 11 tid 105953
365 8 tid 105953
138 tid 105953
Insert  tid 105953
FindTargetPageId rootid 9 tid 105953
target_page_id id: 8 tid 105953
0 1 tid 105953
196 11 tid 105953
365 8 tid 105953
139 tid 105953
Insert  tid 105953
FindTargetPageId rootid 9 tid 105955
target_page_id id: 11 tid 105955
0 1 tid 105955
196 11 tid 105955
365 8 tid 105955
155 tid 105955
Insert  tid 105955
FindTargetPageId rootid 9 tid 105954
target_page_id id: 11 tid 105954
0 1 tid 105954
196 11 tid 105954
365 8 tid 105954
156 tid 105954
Remove  tid 105954
FindTargetPageId rootid 9 tid 105954
target_page_id id: 11 tid 105954
0 1 tid 105954
196 11 tid 105954
365 8 tid 105954
155 tid 105954
Remove  tid 105954
FindTargetPageId rootid 9 tid 105954
target_page_id id: 11 tid 105954
0 1 tid 105954
196 11 tid 105954
365 8 tid 105954
154 tid 105954
Remove  tid 105954
FindTargetPageId rootid 9 tid 105954
target_page_id id: 11 tid 105954
0 1 tid 105954
196 11 tid 105954
365 8 tid 105954
153 tid 105954
Remove  tid 105954
FindTargetPageId rootid 9 tid 105953
target_page_id id: 8 tid 105953
0 1 tid 105953
196 11 tid 105953
365 8 tid 105953
140 tid 105953
Insert  tid 105953
FindTargetPageId rootid 9 tid 105955
target_page_id id: 11 tid 105955
0 1 tid 105955
196 11 tid 105955
365 8 tid 105955
152 tid 105955
Insert  tid 105955
FindTargetPageId rootid 9 tid 105953
target_page_id id: 8 tid 105953
0 1 tid 105953
196 11 tid 105953
365 8 tid 105953
141 tid 105953
Insert  tid 105953
FindTargetPageId rootid 9 tid 105954
target_page_id id: 11 tid 105954
0 1 tid 105954
196 11 tid 105954
365 8 tid 105954
153 tid 105954
Remove  tid 105954
FindTargetPageId rootid 9 tid 105954
target_page_id id: 11 tid 105954
0 1 tid 105954
196 11 tid 105954
365 8 tid 105954
152 tid 105954
Remove  tid 105954
FindTargetPageId rootid 9 tid 105954
target_page_id id: 11 tid 105954
0 1 tid 105954
196 11 tid 105954
365 8 tid 105954
151 tid 105954
Remove  tid 105954
FindTargetPageId rootid 9 tid 105954
target_page_id id: 11 tid 105954
0 1 tid 105954
196 11 tid 105954
365 8 tid 105954
150 tid 105954
Remove  tid 105954
FindTargetPageId rootid 9 tid 105955
target_page_id id: 11 tid 105955
0 1 tid 105955
196 11 tid 105955
365 8 tid 105955
149 tid 105955
Insert  tid 105955
FindTargetPageId rootid 9 tid 105955
target_page_id id: 11 tid 105955
0 1 tid 105955
196 11 tid 105955
365 8 tid 105955
150 tid 105955
Insert  tid 105955
FindTargetPageId rootid 9 tid 105955
target_page_id id: 11 tid 105955
0 1 tid 105955
196 11 tid 105955
365 8 tid 105955
151 tid 105955
Insert  tid 105955
FindTargetPageId rootid 9 tid 105955
target_page_id id: 11 tid 105955
0 1 tid 105955
196 11 tid 105955
365 8 tid 105955
152 tid 105955
Insert  tid 105955
FindTargetPageId rootid 9 tid 105955
target_page_id id: 11 tid 105955
0 1 tid 105955
196 11 tid 105955
365 8 tid 105955
153 tid 105955
Insert  tid 105955
FindTargetPageId rootid 9 tid 105955
target_page_id id: 11 tid 105955
0 1 tid 105955
196 11 tid 105955
365 8 tid 105955
154 tid 105955
Insert  tid 105955
FindTargetPageId rootid 9 tid 105955
target_page_id id: 11 tid 105955
0 1 tid 105955
196 11 tid 105955
365 8 tid 105955
155 tid 105955
Insert  tid 105955
FindTargetPageId rootid 9 tid 105955
target_page_id id: 11 tid 105955
0 1 tid 105955
196 11 tid 105955
365 8 tid 105955
156 tid 105955
Insert  tid 105955
FindTargetPageId rootid 9 tid 105955
target_page_id id: 11 tid 105955
0 1 tid 105955
196 11 tid 105955
365 8 tid 105955
157 tid 105955
Insert  tid 105955
FindTargetPageId rootid 9 tid 105955
target_page_id id: 11 tid 105955
0 1 tid 105955
196 11 tid 105955
365 8 tid 105955
158 tid 105955
Insert  tid 105955
FindTargetPageId rootid 9 tid 105955
target_page_id id: 11 tid 105955
0 1 tid 105955
196 11 tid 105955
365 8 tid 105955
159 tid 105955
Insert  tid 105955
FindTargetPageId rootid 9 tid 105953
target_page_id id: 8 tid 105953
0 1 tid 105953
196 11 tid 105953
365 8 tid 105953
142 tid 105953
Insert  tid 105953
FindTargetPageId rootid 9 tid 105953
target_page_id id: 8 tid 105953
0 1 tid 105953
196 11 tid 105953
365 8 tid 105953
143 tid 105953
Insert  tid 105953
FindTargetPageId rootid 9 tid 105955
target_page_id id: 11 tid 105955
0 1 tid 105955
196 11 tid 105955
365 8 tid 105955
160 tid 105955
Insert  tid 105955
FindTargetPageId rootid 9 tid 105955
target_page_id id: 11 tid 105955
0 1 tid 105955
196 11 tid 105955
365 8 tid 105955
161 tid 105955
Insert  tid 105955
FindTargetPageId rootid 9 tid 105955
target_page_id id: 11 tid 105955
0 1 tid 105955
196 11 tid 105955
365 8 tid 105955
162 tid 105955
Insert  tid 105955
FindTargetPageId rootid 9 tid 105955
target_page_id id: 11 tid 105955
0 1 tid 105955
196 11 tid 105955
365 8 tid 105955
163 tid 105955
Insert  tid 105955
FindTargetPageId rootid 9 tid 105955
target_page_id id: 11 tid 105955
0 1 tid 105955
196 11 tid 105955
365 8 tid 105955
164 tid 105955
Insert  tid 105955
FindTargetPageId rootid 9 tid 105955
target_page_id id: 11 tid 105955
0 1 tid 105955
196 11 tid 105955
365 8 tid 105955
165 tid 105955
Insert  tid 105955
FindTargetPageId rootid 9 tid 105955
target_page_id id: 11 tid 105955
0 1 tid 105955
196 11 tid 105955
365 8 tid 105955
166 tid 105955
Insert  tid 105955
FindTargetPageId rootid 9 tid 105955
target_page_id id: 11 tid 105955
0 1 tid 105955
196 11 tid 105955
365 8 tid 105955
167 tid 105955
Insert  tid 105955
FindTargetPageId rootid 9 tid 105954
target_page_id id: 11 tid 105954
0 1 tid 105954
196 11 tid 105954
365 8 tid 105954
168 tid 105954
Remove  tid 105954
FindTargetPageId rootid 9 tid 105954
target_page_id id: 11 tid 105954
0 1 tid 105954
196 11 tid 105954
365 8 tid 105954
167 tid 105954
Remove  tid 105954
FindTargetPageId rootid 9 tid 105954
target_page_id id: 11 tid 105954
0 1 tid 105954
196 11 tid 105954
365 8 tid 105954
166 tid 105954
Remove  tid 105954
FindTargetPageId rootid 9 tid 105954
target_page_id id: 11 tid 105954
0 1 tid 105954
196 11 tid 105954
365 8 tid 105954
165 tid 105954
Remove  tid 105954
FindTargetPageId rootid 9 tid 105954
target_page_id id: 11 tid 105954
0 1 tid 105954
196 11 tid 105954
365 8 tid 105954
164 tid 105954
Remove  tid 105954
FindTargetPageId rootid 9 tid 105954
target_page_id id: 11 tid 105954
0 1 tid 105954
196 11 tid 105954
365 8 tid 105954
163 tid 105954
Remove  tid 105954
FindTargetPageId rootid 9 tid 105954
target_page_id id: 11 tid 105954
0 1 tid 105954
196 11 tid 105954
365 8 tid 105954
162 tid 105954
Remove  tid 105954
FindTargetPageId rootid 9 tid 105954
target_page_id id: 11 tid 105954
0 1 tid 105954
196 11 tid 105954
365 8 tid 105954
161 tid 105954
Remove  tid 105954
FindTargetPageId rootid 9 tid 105954
target_page_id id: 11 tid 105954
0 1 tid 105954
196 11 tid 105954
365 8 tid 105954
160 tid 105954
Remove  tid 105954
FindTargetPageId rootid 9 tid 105954
target_page_id id: 11 tid 105954
0 1 tid 105954
196 11 tid 105954
365 8 tid 105954
159 tid 105954
Remove  tid 105954
FindTargetPageId rootid 9 tid 105954
target_page_id id: 11 tid 105954
0 1 tid 105954
196 11 tid 105954
365 8 tid 105954
158 tid 105954
Remove  tid 105954
FindTargetPageId rootid 9 tid 105954
target_page_id id: 11 tid 105954
0 1 tid 105954
196 11 tid 105954
365 8 tid 105954
157 tid 105954
Remove  tid 105954
FindTargetPageId rootid 9 tid 105955
target_page_id id: 11 tid 105955
0 1 tid 105955
196 11 tid 105955
365 8 tid 105955
156 tid 105955
Insert  tid 105955
FindTargetPageId rootid 9 tid 105953
target_page_id id: 8 tid 105953
0 1 tid 105953
196 11 tid 105953
365 8 tid 105953
144 tid 105953
Insert  tid 105953
FindTargetPageId rootid 9 tid 105953
target_page_id id: 8 tid 105953
0 1 tid 105953
196 11 tid 105953
365 8 tid 105953
145 tid 105953
Insert  tid 105953
FindTargetPageId rootid 9 tid 105953
target_page_id id: 8 tid 105953
0 1 tid 105953
196 11 tid 105953
365 8 tid 105953
146 tid 105953
Insert  tid 105953
FindTargetPageId rootid 9 tid 105954
target_page_id id: 11 tid 105954
0 1 tid 105954
196 11 tid 105954
365 8 tid 105954
157 tid 105954
Remove  tid 105954
FindTargetPageId rootid 9 tid 105954
target_page_id id: 11 tid 105954
0 1 tid 105954
196 11 tid 105954
365 8 tid 105954
156 tid 105954
Remove  tid 105954
FindTargetPageId rootid 9 tid 105954
target_page_id id: 11 tid 105954
0 1 tid 105954
196 11 tid 105954
365 8 tid 105954
155 tid 105954
Remove  tid 105954
FindTargetPageId rootid 9 tid 105954
target_page_id id: 11 tid 105954
0 1 tid 105954
196 11 tid 105954
365 8 tid 105954
154 tid 105954
Remove  tid 105954
FindTargetPageId rootid 9 tid 105954
target_page_id id: 11 tid 105954
0 1 tid 105954
196 11 tid 105954
365 8 tid 105954
153 tid 105954
Remove  tid 105954
FindTargetPageId rootid 9 tid 105954
target_page_id id: 11 tid 105954
0 1 tid 105954
196 11 tid 105954
365 8 tid 105954
152 tid 105954
Remove  tid 105954
FindTargetPageId rootid 9 tid 105953
target_page_id id: 8 tid 105953
0 1 tid 105953
196 11 tid 105953
365 8 tid 105953
147 tid 105953
Insert  tid 105953
FindTargetPageId rootid 9 tid 105955
target_page_id id: 11 tid 105955
0 1 tid 105955
196 11 tid 105955
365 8 tid 105955
151 tid 105955
Insert  tid 105955
FindTargetPageId rootid 9 tid 105955
target_page_id id: 11 tid 105955
0 1 tid 105955
196 11 tid 105955
365 8 tid 105955
152 tid 105955
Insert  tid 105955
FindTargetPageId rootid 9 tid 105953
target_page_id id: 8 tid 105953
0 1 tid 105953
196 11 tid 105953
365 8 tid 105953
148 tid 105953
Insert  tid 105953
FindTargetPageId rootid 9 tid 105953
target_page_id id: 8 tid 105953
0 1 tid 105953
196 11 tid 105953
365 8 tid 105953
149 tid 105953
Insert  tid 105953
FindTargetPageId rootid 9 tid 105953
target_page_id id: 8 tid 105953
0 1 tid 105953
196 11 tid 105953
365 8 tid 105953
150 tid 105953
Insert  tid 105953
FindTargetPageId rootid 9 tid 105954
target_page_id id: 11 tid 105954
0 1 tid 105954
196 11 tid 105954
365 8 tid 105954
153 tid 105954
Remove  tid 105954
FindTargetPageId rootid 9 tid 105955
target_page_id id: 11 tid 105955
0 1 tid 105955
196 11 tid 105955
365 8 tid 105955
152 tid 105955
Insert  tid 105955
FindTargetPageId rootid 9 tid 105953
target_page_id id: 8 tid 105953
0 1 tid 105953
196 11 tid 105953
365 8 tid 105953
151 tid 105953
Insert  tid 105953
FindTargetPageId rootid 9 tid 105953
target_page_id id: 8 tid 105953
0 1 tid 105953
196 11 tid 105953
365 8 tid 105953
152 tid 105953
Insert  tid 105953
FindTargetPageId rootid 9 tid 105955
target_page_id id: 11 tid 105955
0 1 tid 105955
196 11 tid 105955
365 8 tid 105955
153 tid 105955
Insert  tid 105955
FindTargetPageId rootid 9 tid 105954
target_page_id id: 11 tid 105954
0 1 tid 105954
196 11 tid 105954
365 8 tid 105954
154 tid 105954
Remove  tid 105954
FindTargetPageId rootid 9 tid 105953
target_page_id id: 8 tid 105953
0 1 tid 105953
196 11 tid 105953
365 8 tid 105953
153 tid 105953
Insert  tid 105953
FindTargetPageId rootid 9 tid 105953
target_page_id id: 8 tid 105953
0 1 tid 105953
196 11 tid 105953
365 8 tid 105953
154 tid 105953
Insert  tid 105953
FindTargetPageId rootid 9 tid 105953
target_page_id id: 8 tid 105953
0 1 tid 105953
196 11 tid 105953
365 8 tid 105953
155 tid 105953
Insert  tid 105953
FindTargetPageId rootid 9 tid 105953
target_page_id id: 8 tid 105953
0 1 tid 105953
196 11 tid 105953
365 8 tid 105953
156 tid 105953
Insert  tid 105953
FindTargetPageId rootid 9 tid 105953
target_page_id id: 8 tid 105953
0 1 tid 105953
196 11 tid 105953
365 8 tid 105953
157 tid 105953
Insert  tid 105953
FindTargetPageId rootid 9 tid 105953
target_page_id id: 8 tid 105953
0 1 tid 105953
196 11 tid 105953
365 8 tid 105953
158 tid 105953
Insert  tid 105953
FindTargetPageId rootid 9 tid 105953
target_page_id id: 8 tid 105953
0 1 tid 105953
196 11 tid 105953
365 8 tid 105953
159 tid 105953
Insert  tid 105953
FindTargetPageId rootid 9 tid 105953
target_page_id id: 8 tid 105953
0 1 tid 105953
196 11 tid 105953
365 8 tid 105953
160 tid 105953
Insert  tid 105953
FindTargetPageId rootid 9 tid 105954
target_page_id id: 11 tid 105954
0 1 tid 105954
196 11 tid 105954
365 8 tid 105954
153 tid 105954
Remove  tid 105954
FindTargetPageId rootid 9 tid 105955
target_page_id id: 11 tid 105955
0 1 tid 105955
196 11 tid 105955
365 8 tid 105955
152 tid 105955
Insert  tid 105955
FindTargetPageId rootid 9 tid 105953
target_page_id id: 8 tid 105953
0 1 tid 105953
196 11 tid 105953
365 8 tid 105953
161 tid 105953
Insert  tid 105953
FindTargetPageId rootid 9 tid 105954
target_page_id id: 11 tid 105954
0 1 tid 105954
196 11 tid 105954
365 8 tid 105954
153 tid 105954
Remove  tid 105954
FindTargetPageId rootid 9 tid 105955
target_page_id id: 11 tid 105955
0 1 tid 105955
196 11 tid 105955
365 8 tid 105955
152 tid 105955
Insert  tid 105955
FindTargetPageId rootid 9 tid 105953
target_page_id id: 8 tid 105953
0 1 tid 105953
196 11 tid 105953
365 8 tid 105953
162 tid 105953
Insert  tid 105953
FindTargetPageId rootid 9 tid 105954
target_page_id id: 11 tid 105954
0 1 tid 105954
196 11 tid 105954
365 8 tid 105954
153 tid 105954
Remove  tid 105954
FindTargetPageId rootid 9 tid 105955
target_page_id id: 11 tid 105955
0 1 tid 105955
196 11 tid 105955
365 8 tid 105955
152 tid 105955
FindTargetPageId rootid 9 tid 105953
Insert target_page_id id: 8 tid  tid 105953
0 1 tid 105953
196 11 tid 105953
365 8 tid 105953
163 tid 105953
105955
FindTargetPageId rootid Insert 9 tid  tid 105953
105954
target_page_id id: 11 tid 105954
0 1 tid 105954
196 11 tid 105954
365 8 tid 105954
153 tid 105954
Remove  tid 105954
FindTargetPageId rootid 9 tid 105955
target_page_id id: 11 tid 105955
0 1 tid 105955
196 11 tid 105955
365 8 tid 105955
152 tid 105955
FindTargetPageId rootid 9 tid 105953
target_page_id id: 8 tid 105953
0 1 tid 105953
196 11 tid 105953
365 8 tid 105953
164 tid 105953
Insert  tid 105955
Insert  tid 105953
FindTargetPageId rootid 9 tid 105954
target_page_id id: 11 tid 105954
0 1 tid 105954
196 11 tid 105954
365 8 tid 105954
153 tid 105954
Remove  tid 105954
FindTargetPageId rootid 9 tid 105953
target_page_id id: 8 tid 105953
0 1 tid 105953
196 11 tid 105953
365 8 tid 105953
165 tid 105953
Insert  tid 105953
FindTargetPageId rootid 9 tid 105955
target_page_id id: 11 tid 105955
0 1 tid 105955
196 11 tid 105955
365 8 tid 105955
152 tid 105955
Insert  tid 105955
FindTargetPageId rootid 9 tid 105954
target_page_id id: 11 tid 105954
0 1 tid 105954
196 11 tid 105954
365 8 tid 105954
153 tid 105954
Remove  tid 105954
FindTargetPageId rootid 9 tid 105953
target_page_id id: 8 tid 105953
0 1 tid 105953
196 11 tid 105953
365 8 tid 105953
166 tid 105953
Insert  tid 105953
FindTargetPageId rootid 9 tid 105955
target_page_id id: 11 tid 105955
0 1 tid 105955
196 11 tid 105955
365 8 tid 105955
152 tid 105955
FindTargetPageId rootid Insert  tid 105955
9 tid 105954
target_page_id id: 11 tid 105954
0 1 tid 105954
196 11 tid 105954
365 8 tid 105954
153 tid 105954
Remove  tid 105954
FindTargetPageId rootid 9 tid 105953
target_page_id id: 8 tid 105953
0 1 tid 105953
196 11 tid 105953
365 8 tid 105953
167 tid 105953
Insert  tid 105953
FindTargetPageId rootid 9 tid 105955
target_page_id id: 11 tid 105955
0 1 tid 105955
196 11 tid 105955
365 8 tid 105955
152 tid 105955
Insert  tid 105955
FindTargetPageId rootid 9 tid 105955
target_page_id id: 11 tid 105955
0 1 tid 105955
196 11 tid 105955
365 8 tid 105955
153 tid 105955
Insert  tid 105955
FindTargetPageId rootid 9 tid 105953
target_page_id id: 8 tid 105953
0 1 tid 105953
196 11 tid 105953
365 8 tid 105953
168 tid 105953
Insert  tid 105953
FindTargetPageId rootid 9 tid 105954
target_page_id id: 11 tid 105954
0 1 tid 105954
196 11 tid 105954
365 8 tid 105954
154 tid 105954
Remove  tid 105954
FindTargetPageId rootid 9 tid 105955
target_page_id id: 11 tid 105955
0 1 tid 105955
196 11 tid 105955
365 8 tid 105955
153 tid 105955
Insert  tid 105955
FindTargetPageId rootid 9 tid 105955
target_page_id id: 11 tid 105955
0 1 tid 105955
196 11 tid 105955
365 8 tid 105955
154 tid 105955
Insert  tid 105955
FindTargetPageId rootid 9 tid 105953
target_page_id id: 8 tid 105953
0 1 tid 105953
196 11 tid 105953
365 8 tid 105953
169 tid 105953
Insert  tid 105953
FindTargetPageId rootid 9 tid 105954
target_page_id id: 11 tid 105954
0 1 tid 105954
196 11 tid 105954
365 8 tid 105954
155 tid 105954
Remove  tid 105954
FindTargetPageId rootid 9 tid 105955
target_page_id id: 11 tid 105955
0 1 tid 105955
196 11 tid 105955
365 8 tid 105955
154 tid 105955
Insert  tid 105955
FindTargetPageId rootid 9 tid 105953
target_page_id id: 8 tid 105953
0 1 tid 105953
196 11 tid 105953
365 8 tid 105953
170 tid 105953
Insert  tid 105953
FindTargetPageId rootid 9 tid 105954
target_page_id id: 11 tid 105954
0 1 tid 105954
196 11 tid 105954
365 8 tid 105954
155 tid 105954
Remove  tid 105954
FindTargetPageId rootid 9 tid 105955
target_page_id id: 11 tid 105955
0 1 tid 105955
196 11 tid 105955
365 8 tid 105955
154 tid 105955
Insert  tid 105955
FindTargetPageId rootid 9 tid 105955
target_page_id id: 11 tid 105955
0 1 tid 105955
196 11 tid 105955
365 8 tid 105955
155 tid 105955
Insert  tid 105955
FindTargetPageId rootid 9 tid 105955
target_page_id id: 11 tid 105955
0 1 tid 105955
196 11 tid 105955
365 8 tid 105955
156 tid 105955
Insert  tid 105955
FindTargetPageId rootid 9 tid 105953
target_page_id id: 8 tid 105953
0 1 tid 105953
196 11 tid 105953
365 8 tid 105953
171 tid 105953
Insert  tid 105953
FindTargetPageId rootid 9 tid 105954
target_page_id id: 11 tid 105954
0 1 tid 105954
196 11 tid 105954
365 8 tid 105954
157 tid 105954
Remove  tid 105954
FindTargetPageId rootid 9 tid 105954
target_page_id id: 11 tid 105954
0 1 tid 105954
196 11 tid 105954
365 8 tid 105954
156 tid 105954
Remove  tid 105954
FindTargetPageId rootid 9 tid 105954
target_page_id id: 11 tid 105954
0 1 tid 105954
196 11 tid 105954
365 8 tid 105954
155 tid 105954
Remove  tid 105954
FindTargetPageId rootid 9 tid 105955
target_page_id id: 11 tid 105955
0 1 tid 105955
196 11 tid 105955
365 8 tid 105955
154 tid 105955
Insert  tid 105955
FindTargetPageId rootid 9 tid 105955
target_page_id id: 11 tid 105955
0 1 tid 105955
196 11 tid 105955
365 8 tid 105955
155 tid 105955
Insert  tid 105955
FindTargetPageId rootid 9 tid 105953
target_page_id id: 8 tid 105953
0 1 tid 105953
196 11 tid 105953
365 8 tid 105953
172 tid 105953
Insert  tid 105953
FindTargetPageId rootid 9 tid 105954
target_page_id id: 11 tid 105954
0 1 tid 105954
196 11 tid 105954
365 8 tid 105954
156 tid 105954
Remove  tid 105954
FindTargetPageId rootid 9 tid 105955
target_page_id id: 11 tid 105955
0 1 tid 105955
196 11 tid 105955
365 8 tid 105955
155 tid 105955
Insert  tid 105955
FindTargetPageId rootid 9 tid 105953
target_page_id id: 8 tid 105953
0 1 tid 105953
196 11 tid 105953
365 8 tid 105953
173 tid 105953
Insert  tid 105953
FindTargetPageId rootid 9 tid 105954
target_page_id id: 11 tid 105954
0 1 tid 105954
196 11 tid 105954
365 8 tid 105954
156 tid 105954
Remove  tid 105954
FindTargetPageId rootid 9 tid 105955
target_page_id id: 11 tid 105955
0 1 tid 105955
196 11 tid 105955
365 8 tid 105955
155 tid 105955
Insert  tid 105955
FindTargetPageId rootid 9 tid 105953
target_page_id id: 8 tid 105953
0 1 tid 105953
196 11 tid 105953
365 8 tid 105953
174 tid 105953
Insert  tid 105953
FindTargetPageId rootid 9 tid 105954
target_page_id id: 11 tid 105954
0 1 tid 105954
196 11 tid 105954
365 8 tid 105954
156 tid 105954
Remove  tid 105954
FindTargetPageId rootid 9 tid 105955
target_page_id id: 11 tid 105955
0 1 tid 105955
196 11 tid 105955
365 8 tid 105955
155 tid 105955
Insert  tid 105955
FindTargetPageId rootid 9 tid 105953
target_page_id id: 8 tid 105953
0 1 tid 105953
196 11 tid 105953
365 8 tid 105953
175 tid 105953
Insert  tid 105953
FindTargetPageId rootid 9 tid 105953
target_page_id id: 8 tid 105953
0 1 tid 105953
196 11 tid 105953
365 8 tid 105953
176 tid 105953
Insert  tid 105953
FindTargetPageId rootid 9 tid 105953
target_page_id id: 8 tid 105953
0 1 tid 105953
196 11 tid 105953
365 8 tid 105953
177 tid 105953
Insert  tid 105953
FindTargetPageId rootid 9 tid 105953
target_page_id id: 8 tid 105953
0 1 tid 105953
196 11 tid 105953
365 8 tid 105953
178 tid 105953
Insert  tid 105953
FindTargetPageId rootid 9 tid 105955
target_page_id id: 11 tid 105955
0 1 tid 105955
196 11 tid 105955
365 8 tid 105955
156 tid 105955
Insert  tid 105955
FindTargetPageId rootid 9 tid 105954
target_page_id id: 11 tid 105954
0 1 tid 105954
196 11 tid 105954
365 8 tid 105954
157 tid 105954
Remove  tid 105954
FindTargetPageId rootid 9 tid 105954
target_page_id id: 11 tid 105954
0 1 tid 105954
196 11 tid 105954
365 8 tid 105954
156 tid 105954
Remove  tid 105954
FindTargetPageId rootid 9 tid 105955
target_page_id id: 11 tid 105955
0 1 tid 105955
196 11 tid 105955
365 8 tid 105955
155 tid 105955
Insert  tid 105955
FindTargetPageId rootid 9 tid 105955
target_page_id id: 11 tid 105955
0 1 tid 105955
196 11 tid 105955
365 8 tid 105955
156 tid 105955
Insert  tid 105955
FindTargetPageId rootid 9 tid 105954
target_page_id id: 11 tid 105954
0 1 tid 105954
196 11 tid 105954
365 8 tid 105954
157 tid 105954
Remove  tid 105954
FindTargetPageId rootid 9 tid 105954
target_page_id id: 11 tid 105954
0 1 tid 105954
196 11 tid 105954
365 8 tid 105954
156 tid 105954
Remove  tid 105954
FindTargetPageId rootid 9 tid 105953
target_page_id id: 8 tid 105953
0 1 tid 105953
196 11 tid 105953
365 8 tid 105953
179 tid 105953
Insert  tid 105953
FindTargetPageId rootid 9 tid 105955
target_page_id id: 11 tid 105955
0 1 tid 105955
196 11 tid 105955
365 8 tid 105955
155 tid 105955
Insert  tid 105955
FindTargetPageId rootid 9 tid 105955
target_page_id id: 11 tid 105955
0 1 tid 105955
196 11 tid 105955
365 8 tid 105955
156 tid 105955
Insert  tid 105955
FindTargetPageId rootid 9 tid 105955
target_page_id id: 11 tid 105955
0 1 tid 105955
196 11 tid 105955
365 8 tid 105955
157 tid 105955
Insert  tid 105955
FindTargetPageId rootid 9 tid 105955
target_page_id id: 11 tid 105955
0 1 tid 105955
196 11 tid 105955
365 8 tid 105955
158 tid 105955
Insert  tid 105955
FindTargetPageId rootid 9 tid 105953
target_page_id id: 8 tid 105953
0 1 tid 105953
196 11 tid 105953
365 8 tid 105953
180 tid 105953
Insert  tid 105953
FindTargetPageId rootid 9 tid 105953
target_page_id id: 8 tid 105953
0 1 tid 105953
196 11 tid 105953
365 8 tid 105953
181 tid 105953
Insert  tid 105953
FindTargetPageId rootid 9 tid 105953
target_page_id id: 8 tid 105953
0 1 tid 105953
196 11 tid 105953
365 8 tid 105953
182 tid 105953
Insert  tid 105953
FindTargetPageId rootid 9 tid 105954
target_page_id id: 11 tid 105954
0 1 tid 105954
196 11 tid 105954
365 8 tid 105954
159 tid 105954
Remove  tid 105954
FindTargetPageId rootid 9 tid 105954
target_page_id id: 11 tid 105954
0 1 tid 105954
196 11 tid 105954
365 8 tid 105954
158 tid 105954
Remove  tid 105954
FindTargetPageId rootid 9 tid 105954
target_page_id id: 11 tid 105954
0 1 tid 105954
196 11 tid 105954
365 8 tid 105954
157 tid 105954
Remove  tid 105954
FindTargetPageId rootid 9 tid 105955
target_page_id id: 11 tid 105955
0 1 tid 105955
196 11 tid 105955
365 8 tid 105955
156 tid 105955
Insert  tid 105955
FindTargetPageId rootid 9 tid 105955
target_page_id id: 11 tid 105955
0 1 tid 105955
196 11 tid 105955
365 8 tid 105955
157 tid 105955
Insert  tid 105955
FindTargetPageId rootid 9 tid 105955
target_page_id id: 11 tid 105955
0 1 tid 105955
196 11 tid 105955
365 8 tid 105955
158 tid 105955
Insert  tid 105955
FindTargetPageId rootid 9 tid 105955
target_page_id id: 11 tid 105955
0 1 tid 105955
196 11 tid 105955
365 8 tid 105955
159 tid 105955
Insert  tid 105955
FindTargetPageId rootid 9 tid 105955
target_page_id id: 11 tid 105955
0 1 tid 105955
196 11 tid 105955
365 8 tid 105955
160 tid 105955
Insert  tid 105955
FindTargetPageId rootid 9 tid 105955
target_page_id id: 11 tid 105955
0 1 tid 105955
196 11 tid 105955
365 8 tid 105955
161 tid 105955
Insert  tid 105955
FindTargetPageId rootid 9 tid 105954
target_page_id id: 11 tid 105954
0 1 tid 105954
196 11 tid 105954
365 8 tid 105954
162 tid 105954
Remove  tid 105954
FindTargetPageId rootid 9 tid 105955
target_page_id id: 11 tid 105955
0 1 tid 105955
196 11 tid 105955
365 8 tid 105955
161 tid 105955
Insert  tid 105955
FindTargetPageId rootid 9 tid 105955
target_page_id id: 11 tid 105955
0 1 tid 105955
196 11 tid 105955
365 8 tid 105955
162 tid 105955
Insert  tid 105955
FindTargetPageId rootid 9 tid 105955
target_page_id id: 11 tid 105955
0 1 tid 105955
196 11 tid 105955
365 8 tid 105955
163 tid 105955
Insert  tid 105955
FindTargetPageId rootid 9 tid 105955
target_page_id id: 11 tid 105955
0 1 tid 105955
196 11 tid 105955
365 8 tid 105955
164 tid 105955
Insert  tid 105955
FindTargetPageId rootid 9 tid 105955
target_page_id id: 11 tid 105955
0 1 tid 105955
196 11 tid 105955
365 8 tid 105955
165 tid 105955
Insert  tid 105955
FindTargetPageId rootid 9 tid 105955
target_page_id id: 11 tid 105955
0 1 tid 105955
196 11 tid 105955
365 8 tid 105955
166 tid 105955
Insert  tid 105955
FindTargetPageId rootid 9 tid 105955
target_page_id id: 11 tid 105955
0 1 tid 105955
196 11 tid 105955
365 8 tid 105955
167 tid 105955
Insert  tid 105955
FindTargetPageId rootid 9 tid 105955
target_page_id id: 11 tid 105955
0 1 tid 105955
196 11 tid 105955
365 8 tid 105955
168 tid 105955
FindTargetPageId rootid 9 tid 105953
target_page_id id: 8 tid 105953
0 1 tid 105953
196 11 tid 105953
365 8 tid 105953
183 tid 105953
Insert  tid 105955
Insert  tid 105953
FindTargetPageId rootid 9 tid 105955
target_page_id id: 11 tid 105955
0 1 tid 105955
196 11 tid 105955
365 8 tid 105955
169 tid 105955
Insert  tid 105955
FindTargetPageId rootid 9 tid 105955
target_page_id id: 8 tid 105955
0 1 tid 105955
196 11 tid 105955
365 8 tid 105955
184 tid 105955
Insert  tid 105955
FindTargetPageId rootid 9 tid 105955
target_page_id id: 8 tid 105955
0 1 tid 105955
196 11 tid 105955
365 8 tid 105955
184 tid 105955
Insert  tid 105955
FindTargetPageId rootid 9 tid 105955
target_page_id id: 8 tid 105955
0 1 tid 105955
196 11 tid 105955
365 8 tid 105955
184 tid 105955
Insert  tid 105955
FindTargetPageId rootid 9 tid 105955
target_page_id id: 8 tid 105955
0 1 tid 105955
196 11 tid 105955
365 8 tid 105955
184 tid 105955
FindTargetPageId rootid 9 tid Insert  tid 105955
105954
target_page_id id: 11 tid 105954
0 1 tid 105954
196 11 tid 105954
365 8 tid 105954
169 tid 105954
Remove  tid 105954
FindTargetPageId rootid 9 tid 105954
target_page_id id: 8 tid 105954
0 1 tid 105954
196 11 tid 105954
365 8 tid 105954
184 tid 105954
Remove  tid 105954
FindTargetPageId rootid 9 tid 105954
target_page_id id: 8 tid 105954
0 1 tid 105954
196 11 tid 105954
365 8 tid 105954
183 tid 105954
Remove  tid 105954
FindTargetPageId rootid 9 tid 105954
target_page_id id: 8 tid 105954
0 1 tid 105954
196 11 tid 105954
365 8 tid 105954
182 tid 105954
Remove  tid 105954
FindTargetPageId rootid 9 tid 105953
target_page_id id: 8 tid 105953
0 1 tid 105953
196 11 tid 105953
365 8 tid 105953
181 tid 105953
Insert  tid 105953
FindTargetPageId rootid 9 tid 105955
target_page_id id: 8 tid 105955
0 1 tid 105955
196 11 tid 105955
365 8 tid 105955
182 tid 105955
Insert  tid 105955
FindTargetPageId rootid 9 tid 105955
target_page_id id: 8 tid 105955
0 1 tid 105955
196 11 tid 105955
365 8 tid 105955
182 tid 105955
Insert  tid 105955
FindTargetPageId rootid 9 tid 105954
target_page_id id: 8 tid 105954
0 1 tid 105954
196 11 tid 105954
365 8 tid 105954
182 tid 105954
Remove  tid 105954
FindTargetPageId rootid 9 tid 105954
target_page_id id: 8 tid 105954
0 1 tid 105954
196 11 tid 105954
365 8 tid 105954
181 tid 105954
Remove  tid 105954
FindTargetPageId rootid 9 tid 105954
target_page_id id: 8 tid 105954
0 1 tid 105954
196 11 tid 105954
365 8 tid 105954
180 tid 105954
Remove  tid 105954
FindTargetPageId rootid 9 tid 105954
target_page_id id: 8 tid 105954
0 1 tid 105954
196 11 tid 105954
365 8 tid 105954
179 tid 105954
Remove  tid 105954
FindTargetPageId rootid 9 tid 105955
target_page_id id: 8 tid 105955
0 1 tid 105955
196 11 tid 105955
365 8 tid 105955
178 tid 105955
Insert  tid 105955
FindTargetPageId rootid 9 tid 105955
target_page_id id: 8 tid 105955
0 1 tid 105955
196 11 tid 105955
365 8 tid 105955
179 tid 105955
Insert  tid 105955
FindTargetPageId rootid 9 tid 105955
target_page_id id: 8 tid 105955
0 1 tid 105955
196 11 tid 105955
365 8 tid 105955
179 tid 105955
Insert  tid 105955
FindTargetPageId rootid 9 tid 105955
target_page_id id: 8 tid 105955
0 1 tid 105955
196 11 tid 105955
365 8 tid 105955
179 tid 105955
Insert  tid 105955
FindTargetPageId rootid 9 tid 105953
target_page_id id: 8 tid 105953
0 1 tid 105953
196 11 tid 105953
365 8 tid 105953
179 tid 105953
Insert  tid 105953
FindTargetPageId rootid 9 tid 105953
target_page_id id: 8 tid 105953
0 1 tid 105953
196 11 tid 105953
365 8 tid 105953
180 tid 105953
Insert  tid 105953
FindTargetPageId rootid 9 tid 105953
target_page_id id: 8 tid 105953
0 1 tid 105953
196 11 tid 105953
365 8 tid 105953
181 tid 105953
Insert  tid 105953
FindTargetPageId rootid 9 tid 105953
target_page_id id: 8 tid 105953
0 1 tid 105953
196 11 tid 105953
365 8 tid 105953
182 tid 105953
Insert  tid 105953
FindTargetPageId rootid 9 tid 105953
target_page_id id: 8 tid 105953
0 1 tid 105953
196 11 tid 105953
365 8 tid 105953
183 tid 105953
Insert  tid 105953
FindTargetPageId rootid 9 tid 105955
target_page_id id: 8 tid 105955
0 1 tid 105955
196 11 tid 105955
365 8 tid 105955
184 tid 105955
Insert  tid 105955
FindTargetPageId rootid 9 tid 105955
target_page_id id: 8 tid 105955
0 1 tid 105955
196 11 tid 105955
365 8 tid 105955
184 tid 105955
Insert  tid 105955
FindTargetPageId rootid 9 tid 105955
target_page_id id: 8 tid 105955
0 1 tid 105955
196 11 tid 105955
365 8 tid 105955
184 tid 105955
Insert  tid 105955
FindTargetPageId rootid 9 tid 105953
target_page_id id: 8 tid 105953
0 1 tid 105953
196 11 tid 105953
365 8 tid 105953
184 tid 105953
Insert  tid 105953
FindTargetPageId rootid 9 tid 105953
target_page_id id: 8 tid 105953
0 1 tid 105953
196 11 tid 105953
365 8 tid 105953
185 tid 105953
Insert  tid 105953
FindTargetPageId rootid 9 tid 105953
target_page_id id: 8 tid 105953
0 1 tid 105953
196 11 tid 105953
365 8 tid 105953
186 tid 105953
Insert  tid 105953
FindTargetPageId rootid 9 tid 105954
target_page_id id: 8 tid 105954
0 1 tid 105954
196 11 tid 105954
365 8 tid 105954
187 tid 105954
Remove  tid 105954
FindTargetPageId rootid 9 tid 105955
target_page_id id: 8 tid 105955
0 1 tid 105955
196 11 tid 105955
365 8 tid 105955
186 tid 105955
Insert  tid 105955
FindTargetPageId rootid 9 tid 105953
target_page_id id: 8 tid 105953
0 1 tid 105953
196 11 tid 105953
365 8 tid 105953
186 tid 105953
Insert  tid 105953
FindTargetPageId rootid 9 tid 105954
target_page_id id: 8 tid 105954
0 1 tid 105954
196 11 tid 105954
365 8 tid 105954
187 tid 105954
Remove  tid 105954
FindTargetPageId rootid 9 tid 105955
target_page_id id: 8 tid 105955
0 1 tid 105955
196 11 tid 105955
365 8 tid 105955
186 tid 105955
Insert  tid 105955
FindTargetPageId rootid 9 tid 105953
target_page_id id: 8 tid 105953
0 1 tid 105953
196 11 tid 105953
365 8 tid 105953
186 tid 105953
Insert  tid 105953
FindTargetPageId rootid 9 tid 105954
target_page_id id: 8 tid 105954
0 1 tid 105954
196 11 tid 105954
365 8 tid 105954
187 tid 105954
Remove  tid 105954
FindTargetPageId rootid 9 tid 105955
target_page_id id: 8 tid 105955
0 1 tid 105955
196 11 tid 105955
365 8 tid 105955
186 tid 105955
Insert  tid 105955
FindTargetPageId rootid 9 tid 105953
target_page_id id: 8 tid 105953
0 1 tid 105953
196 11 tid 105953
365 8 tid 105953
186 tid 105953
Insert  tid 105953
FindTargetPageId rootid 9 tid 105954
target_page_id id: 8 tid 105954
0 1 tid 105954
196 11 tid 105954
365 8 tid 105954
187 tid 105954
Remove  tid 105954
FindTargetPageId rootid 9 tid 105954
target_page_id id: 8 tid 105954
0 1 tid 105954
196 11 tid 105954
365 8 tid 105954
186 tid 105954
Remove  tid 105954
FindTargetPageId rootid 9 tid 105954
target_page_id id: 8 tid 105954
0 1 tid 105954
196 11 tid 105954
365 8 tid 105954
185 tid 105954
FindTargetPageId rootid 9 tid 105955
target_page_id id: 8 tid 105955
0 1 tid 105955
196 11 tid 105955
365 8 tid 105955
184 tid 105955
Remove  tid 105954
Insert  tid 105955
FindTargetPageId rootid 9 tid 105954
target_page_id id: 8 tid 105954
0 1 tid 105954
196 11 tid 105954
365 8 tid 105954
184 tid 105954
FindTargetPageId rootid 9 tid 105955
target_page_id id: 8 tid 105955
0 1 tid 105955
196 11 tid 105955
365 8 tid 105955
183 tid 105955
Remove  tid 105954
Insert  tid 105955
FindTargetPageId rootid 9 tid 105954
target_page_id id: 8 tid 105954
0 1 tid 105954
196 11 tid 105954
365 8 tid 105954
183 tid 105954
Remove  tid 105954
FindTargetPageId rootid 9 tid 105953
target_page_id id: 8 tid 105953
0 1 tid 105953
196 11 tid 105953
365 8 tid 105953
182 tid 105953
Insert  tid 105953
FindTargetPageId rootid 9 tid 105953
target_page_id id: 8 tid 105953
0 1 tid 105953
196 11 tid 105953
365 8 tid 105953
183 tid 105953
Insert  tid 105953
FindTargetPageId rootid 9 tid 105953
target_page_id id: 8 tid 105953
0 1 tid 105953
196 11 tid 105953
365 8 tid 105953
184 tid 105953
Insert  tid 105953
FindTargetPageId rootid 9 tid 105953
target_page_id id: 8 tid 105953
0 1 tid 105953
196 11 tid 105953
365 8 tid 105953
185 tid 105953
Insert  tid 105953
FindTargetPageId rootid 9 tid 105955
target_page_id id: 8 tid 105955
0 1 tid 105955
196 11 tid 105955
365 8 tid 105955
186 tid 105955
Insert  tid 105955
FindTargetPageId rootid 9 tid 105955
target_page_id id: 8 tid 105955
0 1 tid 105955
196 11 tid 105955
365 8 tid 105955
186 tid 105955
Insert  tid 105955
FindTargetPageId rootid 9 tid 105953
target_page_id id: 8 tid 105953
0 1 tid 105953
196 11 tid 105953
365 8 tid 105953
186 tid 105953
Insert  tid 105953
FindTargetPageId rootid 9 tid 105953
target_page_id id: 8 tid 105953
0 1 tid 105953
196 11 tid 105953
365 8 tid 105953
187 tid 105953
Insert  tid 105953
FindTargetPageId rootid 9 tid 105953
target_page_id id: 8 tid 105953
0 1 tid 105953
196 11 tid 105953
365 8 tid 105953
188 tid 105953
Insert  tid 105953
FindTargetPageId rootid 9 tid 105953
target_page_id id: 8 tid 105953
0 1 tid 105953
196 11 tid 105953
365 8 tid 105953
189 tid 105953
Insert  tid 105953
FindTargetPageId rootid 9 tid 105954
target_page_id id: 8 tid 105954
0 1 tid 105954
196 11 tid 105954
365 8 tid 105954
190 tid 105954
Remove  tid 105954
FindTargetPageId rootid 9 tid 105954
target_page_id id: 8 tid 105954
0 1 tid 105954
196 11 tid 105954
365 8 tid 105954
189 tid 105954
Remove  tid 105954
FindTargetPageId rootid 9 tid 105955
target_page_id id: 8 tid 105955
0 1 tid 105955
196 11 tid 105955
365 8 tid 105955
188 tid 105955
Insert  tid 105955
FindTargetPageId rootid 9 tid 105953
target_page_id id: 8 tid 105953
0 1 tid 105953
196 11 tid 105953
365 8 tid 105953
188 tid 105953
Insert  tid 105953
FindTargetPageId rootid 9 tid 105954
target_page_id id: 8 tid 105954
0 1 tid 105954
196 11 tid 105954
365 8 tid 105954
189 tid 105954
Remove  tid 105954
FindTargetPageId rootid 9 tid 105955
target_page_id id: 8 tid 105955
0 1 tid 105955
196 11 tid 105955
365 8 tid 105955
188 tid 105955
Insert  tid 105955
FindTargetPageId rootid 9 tid 105955
target_page_id id: 8 tid 105955
0 1 tid 105955
196 11 tid 105955
365 8 tid 105955
188 tid 105955
Insert  tid 105955
FindTargetPageId rootid 9 tid 105954
target_page_id id: 8 tid 105954
0 1 tid 105954
196 11 tid 105954
365 8 tid 105954
188 tid 105954
Remove  tid 105954
FindTargetPageId rootid 9 tid 105954
target_page_id id: 8 tid 105954
0 1 tid 105954
196 11 tid 105954
365 8 tid 105954
187 tid 105954
Remove  tid 105954
FindTargetPageId rootid 9 tid 105954
target_page_id id: 8 tid 105954
0 1 tid 105954
196 11 tid 105954
365 8 tid 105954
186 tid 105954
Remove  tid 105954
FindTargetPageId rootid 9 tid 105954
target_page_id id: 8 tid 105954
0 1 tid 105954
196 11 tid 105954
365 8 tid 105954
185 tid 105954
Remove  tid 105954
FindTargetPageId rootid 9 tid 105953
target_page_id id: 8 tid 105953
0 1 tid 105953
196 11 tid 105953
365 8 tid 105953
184 tid 105953
Insert  tid 105953
FindTargetPageId rootid 9 tid 105953
target_page_id id: 8 tid 105953
0 1 tid 105953
196 11 tid 105953
365 8 tid 105953
185 tid 105953
Insert  tid 105953
FindTargetPageId rootid 9 tid 105953
target_page_id id: 8 tid 105953
0 1 tid 105953
196 11 tid 105953
365 8 tid 105953
186 tid 105953
Insert  tid 105953
FindTargetPageId rootid 9 tid 105955
target_page_id id: 8 tid 105955
0 1 tid 105955
196 11 tid 105955
365 8 tid 105955
187 tid 105955
Insert  tid 105955
FindTargetPageId rootid 9 tid 105955
target_page_id id: 8 tid 105955
0 1 tid 105955
196 11 tid 105955
365 8 tid 105955
187 tid 105955
Insert  tid 105955
FindTargetPageId rootid 9 tid 105955
target_page_id id: 8 tid 105955
0 1 tid 105955
196 11 tid 105955
365 8 tid 105955
187 tid 105955
Insert  tid 105955
FindTargetPageId rootid 9 tid 105955
target_page_id id: 8 tid 105955
0 1 tid 105955
196 11 tid 105955
365 8 tid 105955
187 tid 105955
Insert  tid 105955
FindTargetPageId rootid 9 tid 105955
target_page_id id: 8 tid 105955
0 1 tid 105955
196 11 tid 105955
365 8 tid 105955
187 tid 105955
Insert  tid 105955
FindTargetPageId rootid 9 tid 105955
target_page_id id: 8 tid 105955
0 1 tid 105955
196 11 tid 105955
365 8 tid 105955
187 tid 105955
Insert  tid 105955
FindTargetPageId rootid 9 tid 105955
target_page_id id: 8 tid 105955
0 1 tid 105955
196 11 tid 105955
365 8 tid 105955
187 tid 105955
Insert  tid 105955
FindTargetPageId rootid 9 tid 105954
target_page_id id: 8 tid 105954
0 1 tid 105954
196 11 tid 105954
365 8 tid 105954
187 tid 105954
FindTargetPageId rootid 9 tid 105953
target_page_id id: 8 tid 105953
0 1 tid 105953
196 11 tid 105953
365 8 tid 105953
186 tid 105953
Remove  tid 105954
Insert  tid 105953
FindTargetPageId rootid 9 tid 105954
target_page_id id: 8 tid 105954
0 1 tid 105954
196 11 tid 105954
365 8 tid 105954
187 tid 105954
Remove  tid 105954
FindTargetPageId rootid 9 tid 105955
target_page_id id: 8 tid 105955
0 1 tid 105955
196 11 tid 105955
365 8 tid 105955
186 tid 105955
Insert  tid 105955
FindTargetPageId rootid 9 tid 105953
target_page_id id: 8 tid 105953
0 1 tid 105953
196 11 tid 105953
365 8 tid 105953
186 tid 105953
Insert  tid 105953
FindTargetPageId rootid 9 tid 105953
target_page_id id: 8 tid 105953
0 1 tid 105953
196 11 tid 105953
365 8 tid 105953
187 tid 105953
Insert  tid 105953
FindTargetPageId rootid 9 tid 105955
target_page_id id: 8 tid 105955
0 1 tid 105955
196 11 tid 105955
365 8 tid 105955
188 tid 105955
Insert  tid 105955
FindTargetPageId rootid 9 tid 105954
target_page_id id: 8 tid 105954
0 1 tid 105954
196 11 tid 105954
365 8 tid 105954
188 tid 105954
Remove  tid 105954
FindTargetPageId rootid 9 tid 105953
target_page_id id: 8 tid 105953
0 1 tid 105953
196 11 tid 105953
365 8 tid 105953
187 tid 105953
Insert  tid 105953
FindTargetPageId rootid 9 tid 105955
target_page_id id: 8 tid 105955
0 1 tid 105955
196 11 tid 105955
365 8 tid 105955
188 tid 105955
Insert  tid 105955
FindTargetPageId rootid 9 tid 105954
target_page_id id: 8 tid 105954
0 1 tid 105954
196 11 tid 105954
365 8 tid 105954
188 tid 105954
Remove  tid 105954
FindTargetPageId rootid 9 tid 105954
target_page_id id: 8 tid 105954
0 1 tid 105954
196 11 tid 105954
365 8 tid 105954
187 tid 105954
Remove  tid 105954
FindTargetPageId rootid 9 tid 105954
target_page_id id: 8 tid 105954
0 1 tid 105954
196 11 tid 105954
365 8 tid 105954
186 tid 105954
Remove  tid 105954
FindTargetPageId rootid 9 tid 105955
target_page_id id: 8 tid 105955
0 1 tid 105955
196 11 tid 105955
365 8 tid 105955
185 tid 105955
Insert  tid 105955
FindTargetPageId rootid 9 tid 105953
target_page_id id: 8 tid 105953
0 1 tid 105953
196 11 tid 105953
365 8 tid 105953
185 tid 105953
Insert  tid 105953
FindTargetPageId rootid 9 tid 105954
target_page_id id: 8 tid 105954
0 1 tid 105954
196 11 tid 105954
365 8 tid 105954
186 tid 105954
Remove  tid 105954
FindTargetPageId rootid 9 tid 105954
target_page_id id: 8 tid 105954
0 1 tid 105954
196 11 tid 105954
365 8 tid 105954
185 tid 105954
Remove  tid 105954
FindTargetPageId rootid 9 tid 105954
target_page_id id: 8 tid 105954
0 1 tid 105954
196 11 tid 105954
365 8 tid 105954
184 tid 105954
Remove  tid 105954
FindTargetPageId rootid 9 tid 105954
target_page_id id: 8 tid 105954
0 1 tid 105954
196 11 tid 105954
365 8 tid 105954
183 tid 105954
Remove  tid 105954
FindTargetPageId rootid 9 tid 105953
target_page_id id: 8 tid 105953
0 1 tid 105953
196 11 tid 105953
365 8 tid 105953
182 tid 105953
Insert  tid 105953
FindTargetPageId rootid 9 tid 105955
target_page_id id: 8 tid 105955
0 1 tid 105955
196 11 tid 105955
365 8 tid 105955
183 tid 105955
Insert  tid 105955
FindTargetPageId rootid 9 tid 105954
target_page_id id: 8 tid 105954
0 1 tid 105954
196 11 tid 105954
365 8 tid 105954
183 tid 105954
Remove  tid 105954
FindTargetPageId rootid 9 tid 105953
target_page_id id: 8 tid 105953
0 1 tid 105953
196 11 tid 105953
365 8 tid 105953
182 tid 105953
Insert  tid 105953
FindTargetPageId rootid 9 tid 105955
target_page_id id: 8 tid 105955
0 1 tid 105955
196 11 tid 105955
365 8 tid 105955
183 tid 105955
Insert  tid 105955
FindTargetPageId rootid 9 tid 105954
target_page_id id: 8 tid 105954
0 1 tid 105954
196 11 tid 105954
365 8 tid 105954
183 tid 105954
Remove  tid 105954
FindTargetPageId rootid 9 tid 105953
target_page_id id: 8 tid 105953
0 1 tid 105953
196 11 tid 105953
365 8 tid 105953
182 tid 105953
Insert  tid 105953
FindTargetPageId rootid 9 tid 105953
target_page_id id: 8 tid 105953
0 1 tid 105953
196 11 tid 105953
365 8 tid 105953
183 tid 105953
FindTargetPageId rootid Insert  tid 9 tid 105953105955

target_page_id id: 8 tid 105955
0 1 tid 105955
196 11 tid 105955
365 8 tid 105955
184 tid 105955
Insert  tid 105955
FindTargetPageId rootid 9 tid 105955
target_page_id id: 8 tid 105955
0 1 tid 105955
196 11 tid 105955
365 8 tid 105955
184 tid 105955
Insert  tid 105955
FindTargetPageId rootid 9 tid 105955
target_page_id id: 8 tid 105955
0 1 tid 105955
196 11 tid 105955
365 8 tid 105955
184 tid 105955
FindTargetPageId rootid 9 tid 105954
target_page_id id: 8 tid 105954
0 1 tid 105954
196 11 tid 105954
365 8 tid 105954
184 tid 105954
Insert  tid 105955
Remove  tid 105954
FindTargetPageId rootid 9 tid 105955
target_page_id id: 8 tid 105955
0 1 tid 105955
196 11 tid 105955
365 8 tid 105955
183 tid 105955
Insert  tid 105955
FindTargetPageId rootid 9 tid 105955
target_page_id id: 8 tid 105955
0 1 tid 105955
196 11 tid 105955
365 8 tid 105955
183 tid 105955
Insert  tid 105955
FindTargetPageId rootid 9 tid 105955
target_page_id id: 8 tid 105955
0 1 tid 105955
196 11 tid 105955
365 8 tid 105955
183 tid 105955
FindTargetPageId rootid 9 tid 105954
target_page_id id: 8 tid 105954
0 1 tid 105954
196 11 tid 105954
365 8 tid 105954
183 tid 105954
Remove  tid 105954
FindTargetPageId rootid 9 tid 105954
Insert target_page_id id:  tid 8 tid 105954
0 1 tid 105954
196 10595511 tid 105954
365 8 tid 105954
182 tid 105954
Remove  tid 105954
FindTargetPageId rootid 9 tid 
105954
target_page_id id: 8 tid 105954
0 1 tid 105954
196 11 tid 105954
365 8 tid 105954
181 tid 105954
Remove  tid 105954
FindTargetPageId rootid 9 tid 105953
target_page_id id: 8 tid 105953
0 1 tid 105953
196 11 tid 105953
365 8 tid 105953
180 tid 105953
Insert  tid 105953
FindTargetPageId rootid 9 tid 105955
target_page_id id: 8 tid 105955
0 1 tid 105955
196 11 tid 105955
365 8 tid 105955
181 tid 105955
Insert  tid 105955
FindTargetPageId rootid 9 tid 105955
target_page_id id: 8 tid 105955
0 1 tid 105955
196 11 tid 105955
365 8 tid 105955
181 tid 105955
Insert  tid 105955
FindTargetPageId rootid 9 tid 105953
target_page_id id: 8 tid 105953
0 1 tid 105953
196 11 tid 105953
365 8 tid 105953
181 tid 105953
Insert  tid 105953
FindTargetPageId rootid 9 tid 105954
target_page_id id: 8 tid 105954
0 1 tid 105954
196 11 tid 105954
365 8 tid 105954
182 tid 105954
Remove  tid 105954
FindTargetPageId rootid 9 tid 105954
target_page_id id: 8 tid 105954
0 1 tid 105954
196 11 tid 105954
365 8 tid 105954
181 tid 105954
Remove  tid 105954
FindTargetPageId rootid 9 tid 105954
target_page_id id: 8 tid 105954
0 1 tid 105954
196 11 tid 105954
365 8 tid 105954
180 tid 105954
Remove  tid 105954
FindTargetPageId rootid 9 tid 105954
target_page_id id: 8 tid 105954
0 1 tid 105954
196 11 tid 105954
365 8 tid 105954
179 tid 105954
Remove  tid 105954
FindTargetPageId rootid 9 tid 105954
target_page_id id: 8 tid 105954
0 1 tid 105954
196 11 tid 105954
365 8 tid 105954
178 tid 105954
Remove  tid 105954
FindTargetPageId rootid 9 tid 105954
target_page_id id: 8 tid 105954
0 1 tid 105954
196 11 tid 105954
365 8 tid 105954
177 tid 105954
Remove  tid 105954
FindTargetPageId rootid 9 tid 105955
target_page_id id: 8 tid 105955
0 1 tid 105955
196 11 tid 105955
365 8 tid 105955
176 tid 105955
Insert  tid 105955
FindTargetPageId rootid 9 tid 105953
target_page_id id: 8 tid 105953
0 1 tid 105953
196 11 tid 105953
365 8 tid 105953
176 tid 105953
Insert  tid 105953
FindTargetPageId rootid 9 tid 105953
target_page_id id: 8 tid 105953
0 1 tid 105953
196 11 tid 105953
365 8 tid 105953
177 tid 105953
Insert  tid 105953
FindTargetPageId rootid 9 tid 105953
target_page_id id: 8 tid 105953
0 1 tid 105953
196 11 tid 105953
365 8 tid 105953
178 tid 105953
Insert  tid 105953
FindTargetPageId rootid 9 tid 105953
target_page_id id: 8 tid 105953
0 1 tid 105953
196 11 tid 105953
365 8 tid 105953
179 tid 105953
Insert  tid 105953
FindTargetPageId rootid 9 tid 105953
target_page_id id: 8 tid 105953
0 1 tid 105953
196 11 tid 105953
365 8 tid 105953
180 tid 105953
Insert  tid 105953
FindTargetPageId rootid 9 tid 105953
target_page_id id: 8 tid 105953
0 1 tid 105953
196 11 tid 105953
365 8 tid 105953
181 tid 105953
Insert  tid 105953
FindTargetPageId rootid 9 tid 105953
target_page_id id: 8 tid 105953
0 1 tid 105953
196 11 tid 105953
365 8 tid 105953
182 tid 105953
Insert  tid 105953
FindTargetPageId rootid 9 tid 105953
target_page_id id: 8 tid 105953
0 1 tid 105953
196 11 tid 105953
365 8 tid 105953
183 tid 105953
Insert  tid 105953
FindTargetPageId rootid 9 tid 105953
target_page_id id: 8 tid 105953
0 1 tid 105953
196 11 tid 105953
365 8 tid 105953
184 tid 105953
Insert  tid 105953
FindTargetPageId rootid 9 tid 105953
target_page_id id: 8 tid 105953
0 1 tid 105953
196 11 tid 105953
365 8 tid 105953
185 tid 105953
Insert  tid 105953
FindTargetPageId rootid 9 tid 105953
target_page_id id: 8 tid 105953
0 1 tid 105953
196 11 tid 105953
365 8 tid 105953
186 tid 105953
Insert  tid 105953
FindTargetPageId rootid 9 tid 105953
target_page_id id: 8 tid 105953
0 1 tid 105953
196 11 tid 105953
365 8 tid 105953
187 tid 105953
Insert  tid 105953
FindTargetPageId rootid 9 tid 105953
target_page_id id: 8 tid 105953
0 1 tid 105953
196 11 tid 105953
365 8 tid 105953
188 tid 105953
Insert  tid 105953
FindTargetPageId rootid 9 tid 105953
target_page_id id: 8 tid 105953
0 1 tid 105953
196 11 tid 105953
365 8 tid 105953
189 tid 105953
Insert  tid 105953
FindTargetPageId rootid 9 tid 105955
target_page_id id: 8 tid 105955
0 1 tid 105955
196 11 tid 105955
365 8 tid 105955
190 tid 105955
Insert  tid 105955
FindTargetPageId rootid 9 tid 105955
target_page_id id: 8 tid 105955
0 1 tid 105955
196 11 tid 105955
365 8 tid 105955
190 tid 105955
Insert  tid 105955
FindTargetPageId rootid 9 tid 105954
target_page_id id: 8 tid 105954
0 1 tid 105954
196 11 tid 105954
365 8 tid 105954
190 tid 105954
Remove  tid 105954
FindTargetPageId rootid 9 tid 105954
target_page_id id: 8 tid 105954
0 1 tid 105954
196 11 tid 105954
365 8 tid 105954
189 tid 105954
Remove  tid 105954
FindTargetPageId rootid 9 tid 105954
target_page_id id: 8 tid 105954
0 1 tid 105954
196 11 tid 105954
365 8 tid 105954
188 tid 105954
Remove  tid 105954
FindTargetPageId rootid 9 tid 105954
target_page_id id: 8 tid 105954
0 1 tid 105954
196 11 tid 105954
365 8 tid 105954
187 tid 105954
Remove  tid 105954
FindTargetPageId rootid 9 tid 105954
target_page_id id: 8 tid 105954
0 1 tid 105954
196 11 tid 105954
365 8 tid 105954
186 tid 105954
Remove  tid 105954
FindTargetPageId rootid 9 tid 105954
target_page_id id: 8 tid 105954
0 1 tid 105954
196 11 tid 105954
365 8 tid 105954
185 tid 105954
Remove  tid 105954
FindTargetPageId rootid 9 tid 105954
target_page_id id: 8 tid 105954
0 1 tid 105954
196 11 tid 105954
365 8 tid 105954
184 tid 105954
Remove  tid 105954
FindTargetPageId rootid 9 tid 105954
target_page_id id: 8 tid 105954
0 1 tid 105954
196 11 tid 105954
365 8 tid 105954
183 tid 105954
Remove  tid 105954
FindTargetPageId rootid 9 tid 105954
target_page_id id: 8 tid 105954
0 1 tid 105954
196 11 tid 105954
365 8 tid 105954
182 tid 105954
Remove  tid 105954
FindTargetPageId rootid 9 tid 105954
target_page_id id: 8 tid 105954
0 1 tid 105954
196 11 tid 105954
365 8 tid 105954
181 tid 105954
Remove  tid 105954
FindTargetPageId rootid 9 tid 105954
target_page_id id: 8 tid 105954
0 1 tid 105954
196 11 tid 105954
365 8 tid 105954
180 tid 105954
Remove  tid 105954
FindTargetPageId rootid 9 tid 105953
target_page_id id: 8 tid 105953
0 1 tid 105953
196 11 tid 105953
365 8 tid 105953
179 tid 105953
Insert  tid 105953
FindTargetPageId rootid 9 tid 105955
target_page_id id: 8 tid 105955
0 1 tid 105955
196 11 tid 105955
365 8 tid 105955
180 tid 105955
Insert  tid 105955
FindTargetPageId rootid 9 tid 105955
target_page_id id: 8 tid 105955
0 1 tid 105955
196 11 tid 105955
365 8 tid 105955
181 tid 105955
Insert  tid 105955
FindTargetPageId rootid 9 tid 105953
target_page_id id: 8 tid 105953
0 1 tid 105953
196 11 tid 105953
365 8 tid 105953
182 tid 105953
Insert  tid 105953
FindTargetPageId rootid 9 tid 105953
target_page_id id: 8 tid 105953
0 1 tid 105953
196 11 tid 105953
365 8 tid 105953
183 tid 105953
Insert  tid 105953
FindTargetPageId rootid 9 tid 105955
target_page_id id: 8 tid 105955
0 1 tid 105955
196 11 tid 105955
365 8 tid 105955
184 tid 105955
Insert  tid 105955
FindTargetPageId rootid 9 tid 105954
target_page_id id: 8 tid 105954
0 1 tid 105954
196 11 tid 105954
365 8 tid 105954
185 tid 105954
Remove  tid 105954
FindTargetPageId rootid 9 tid 105953
target_page_id id: 8 tid 105953
0 1 tid 105953
196 11 tid 105953
365 8 tid 105953
184 tid 105953
FindTargetPageId rootid 9 tid 105955
target_page_id id: 8 tid 105955
0 1 tid 105955
196 11 tid 105955
365 8 tid 105955
185 tid 105955
Insert  tid 105953
Insert  tid 105955
FindTargetPageId rootid 9 tid 105953
target_page_id id: 8 tid 105953
0 1 tid 105953
196 11 tid 105953
365 8 tid 105953
186 tid 105953
Insert  tid 105953
FindTargetPageId rootid 9 tid 105954
target_page_id id: 8 tid 105954
0 1 tid 105954
196 11 tid 105954
365 8 tid 105954
187 tid 105954
Remove  tid 105954
FindTargetPageId rootid 9 tid 105955
target_page_id id: 8 tid 105955
0 1 tid 105955
196 11 tid 105955
365 8 tid 105955
186 tid 105955
Insert  tid 105955
FindTargetPageId rootid 9 tid 105953
target_page_id id: 8 tid 105953
0 1 tid 105953
196 11 tid 105953
365 8 tid 105953
187 tid 105953
Insert  tid 105953
FindTargetPageId rootid 9 tid 105954
target_page_id id: 8 tid 105954
0 1 tid 105954
196 11 tid 105954
365 8 tid 105954
188 tid 105954
Remove  tid 105954
FindTargetPageId rootid 9 tid 105955
target_page_id id: 8 tid 105955
0 1 tid 105955
196 11 tid 105955
365 8 tid 105955
187 tid 105955
Insert  tid 105955
FindTargetPageId rootid 9 tid 105953
target_page_id id: 8 tid 105953
0 1 tid 105953
196 11 tid 105953
365 8 tid 105953
188 tid 105953
Insert  tid 105953
FindTargetPageId rootid 9 tid 105953
target_page_id id: 8 tid 105953
0 1 tid 105953
196 11 tid 105953
365 8 tid 105953
189 tid 105953
Insert  tid 105953
FindTargetPageId rootid 9 tid 105953
target_page_id id: 8 tid 105953
0 1 tid 105953
196 11 tid 105953
365 8 tid 105953
190 tid 105953
Insert  tid 105953
FindTargetPageId rootid 9 tid 105953
target_page_id id: 8 tid 105953
0 1 tid 105953
196 11 tid 105953
365 8 tid 105953
191 tid 105953
Insert  tid 105953
FindTargetPageId rootid 9 tid 105955
target_page_id id: 8 tid 105955
0 1 tid 105955
196 11 tid 105955
365 8 tid 105955
192 tid 105955
Insert  tid 105955
FindTargetPageId rootid 9 tid 105954
target_page_id id: 8 tid 105954
0 1 tid 105954
196 11 tid 105954
365 8 tid 105954
193 tid 105954
Remove  tid 105954
FindTargetPageId rootid 9 tid 105954
target_page_id id: 8 tid 105954
0 1 tid 105954
196 11 tid 105954
365 8 tid 105954
192 tid 105954
Remove  tid 105954
FindTargetPageId rootid 9 tid 105955
target_page_id id: 8 tid 105955
0 1 tid 105955
196 11 tid 105955
365 8 tid 105955
191 tid 105955
Insert  tid 105955
FindTargetPageId rootid 9 tid 105953
target_page_id id: 8 tid 105953
0 1 tid 105953
196 11 tid 105953
365 8 tid 105953
192 tid 105953
FindTargetPageId rootid 9 tid 105954
Insert  tid 105953
target_page_id id: 8 tid 105954
0 1 tid 105954
196 11 tid 105954
365 8 tid 105954
193 tid 105954
Remove  tid 105954
FindTargetPageId rootid 9 tid 105954
target_page_id id: 8 tid 105954
0 1 tid 105954
196 11 tid 105954
365 8 tid 105954
192 tid 105954
Remove  tid 105954
FindTargetPageId rootid 9 tid 105954
target_page_id id: 8 tid 105954
0 1 tid 105954
196 11 tid 105954
365 8 tid 105954
191 tid 105954
Remove  tid 105954
FindTargetPageId rootid 9 tid 105954
target_page_id id: 8 tid 105954
0 1 tid 105954
196 11 tid 105954
365 8 tid 105954
190 tid 105954
Remove  tid 105954
FindTargetPageId rootid 9 tid 105953
target_page_id id: 8 tid 105953
0 1 tid 105953
196 11 tid 105953
365 8 tid 105953
189 tid 105953
Insert  tid 105953
FindTargetPageId rootid 9 tid 105955
target_page_id id: 8 tid 105955
0 1 tid 105955
196 11 tid 105955
365 8 tid 105955
190 tid 105955
Insert  tid 105955
FindTargetPageId rootid 9 tid 105954
target_page_id id: 8 tid 105954
0 1 tid 105954
196 11 tid 105954
365 8 tid 105954
191 tid 105954
FindTargetPageId rootid 9 tid 105953
target_page_id id: 8 tid 105953
0 1 tid 105953
196 11 tid 105953
365 8 tid 105953
Remove  tid 105954
190 tid 105953
Insert  tid 105953
FindTargetPageId rootid 9 tid 105955
target_page_id id: 8 tid 105955
0 1 tid 105955
196 11 tid 105955
365 8 tid 105955
191 tid 105955
Insert  tid 105955
FindTargetPageId rootid 9 tid 105955
target_page_id id: 8 tid 105955
0 1 tid 105955
196 11 tid 105955
365 8 tid 105955
192 tid 105955
Insert  tid 105955
FindTargetPageId rootid 9 tid 105953
target_page_id id: 8 tid 105953
0 1 tid 105953
196 11 tid 105953
365 8 tid 105953
193 tid 105953
Insert  tid 105953
FindTargetPageId rootid 9 tid 105954
target_page_id id: 8 tid 105954
0 1 tid 105954
196 11 tid 105954
365 8 tid 105954
194 tid 105954
Remove  tid 105954
FindTargetPageId rootid 9 tid 105955
target_page_id id: 8 tid 105955
0 1 tid 105955
196 11 tid 105955
365 8 tid 105955
193 tid 105955
Insert  tid 105955
FindTargetPageId rootid 9 tid 105955
target_page_id id: 8 tid 105955
0 1 tid 105955
196 11 tid 105955
365 8 tid 105955
194 tid 105955
Insert  tid 105955
FindTargetPageId rootid 9 tid 105955
target_page_id id: 8 tid 105955
0 1 tid 105955
196 11 tid 105955
365 8 tid 105955
195 tid 105955
Insert  tid 105955
FindTargetPageId rootid 9 tid 105954
target_page_id id: 8 tid 105954
0 1 tid 105954
196 11 tid 105954
365 8 tid 105954
196 tid 105954
Remove  tid 105954
FindTargetPageId rootid 9 tid 105954
target_page_id id: 8 tid 105954
0 1 tid 105954
196 11 tid 105954
365 8 tid 105954
195 tid 105954
Remove  tid 105954
FindTargetPageId rootid 9 tid 105955
target_page_id id: 8 tid 105955
0 1 tid 105955
196 11 tid 105955
365 8 tid 105955
194 tid 105955
Insert  tid 105955
FindTargetPageId rootid 9 tid 105953
target_page_id id: 8 tid 105953
0 1 tid 105953
196 11 tid 105953
365 8 tid 105953
195 tid 105953
Insert  tid 105953
FindTargetPageId rootid 9 tid 105953
target_page_id id: 8 tid 105953
0 1 tid 105953
196 11 tid 105953
365 8 tid 105953
196 tid 105953
Insert  tid 105953
FindTargetPageId rootid 9 tid 105955
target_page_id id: 8 tid 105955
0 1 tid 105955
196 11 tid 105955
365 8 tid 105955
197 tid 105955
Insert  tid 105955
FindTargetPageId rootid 9 tid 105955
target_page_id id: 8 tid 105955
0 1 tid 105955
196 11 tid 105955
365 8 tid 105955
198 tid 105955
Insert  tid 105955
FindTargetPageId rootid 9 tid 105955
target_page_id id: 8 tid 105955
0 1 tid 105955
196 11 tid 105955
365 8 tid 105955
199 tid 105955
Insert  tid 105955
FindTargetPageId rootid 9 tid 105955
target_page_id id: 8 tid 105955
0 1 tid 105955
196 11 tid 105955
365 8 tid 105955
200 tid 105955
Insert  tid 105955
FindTargetPageId rootid 9 tid 105954
target_page_id id: 8 tid 105954
0 1 tid 105954
196 11 tid 105954
365 8 tid 105954
201 tid 105954
Remove  tid 105954
FindTargetPageId rootid 9 tid 105953
target_page_id id: 8 tid 105953
0 1 tid 105953
196 11 tid 105953
365 8 tid 105953
200 tid 105953
Insert  tid 105953
FindTargetPageId rootid 9 tid 105955
target_page_id id: 8 tid 105955
0 1 tid 105955
196 11 tid 105955
365 8 tid 105955
201 tid 105955
Insert  tid 105955
FindTargetPageId rootid 9 tid 105954
target_page_id id: 8 tid 105954
0 1 tid 105954
196 11 tid 105954
365 8 tid 105954
202 tid 105954
Remove  tid 105954
FindTargetPageId rootid 9 tid 105953
target_page_id id: 8 tid 105953
0 1 tid 105953
196 11 tid 105953
365 8 tid 105953
201 tid 105953
Insert  tid 105953
FindTargetPageId rootid 9 tid 105955
target_page_id id: 8 tid 105955
0 1 tid 105955
196 11 tid 105955
365 8 tid 105955
202 tid 105955
Insert  tid 105955
FindTargetPageId rootid 9 tid 105954
target_page_id id: 8 tid 105954
0 1 tid 105954
196 11 tid 105954
365 8 tid 105954
203 tid 105954
Remove  tid 105954
FindTargetPageId rootid 9 tid 105953
target_page_id id: 8 tid 105953
0 1 tid 105953
196 11 tid 105953
365 8 tid 105953
202 tid 105953
Insert  tid 105953
FindTargetPageId rootid 9 tid 105955
target_page_id id: 8 tid 105955
0 1 tid 105955
196 11 tid 105955
365 8 tid 105955
203 tid 105955
Insert  tid 105955
FindTargetPageId rootid 9 tid 105954
target_page_id id: 8 tid 105954
0 1 tid 105954
196 11 tid 105954
365 8 tid 105954
204 tid 105954
Remove  tid 105954
FindTargetPageId rootid 9 tid 105953
target_page_id id: 8 tid 105953
0 1 tid 105953
196 11 tid 105953
365 8 tid 105953
203 tid 105953
Insert  tid 105953
FindTargetPageId rootid 9 tid 105955
target_page_id id: 8 tid 105955
0 1 tid 105955
196 11 tid 105955
365 8 tid 105955
204 tid 105955
Insert  tid 105955
FindTargetPageId rootid 9 tid 105954
target_page_id id: 8 tid 105954
0 1 tid 105954
196 11 tid 105954
365 8 tid 105954
205 tid 105954
Remove  tid 105954
FindTargetPageId rootid 9 tid 105954
target_page_id id: 8 tid 105954
0 1 tid 105954
196 11 tid 105954
365 8 tid 105954
204 tid 105954
Remove  tid 105954
FindTargetPageId rootid 9 tid 105954
target_page_id id: 8 tid 105954
0 1 tid 105954
196 11 tid 105954
365 8 tid 105954
203 tid 105954
Remove  tid 105954
FindTargetPageId rootid 9 tid 105954
target_page_id id: 8 tid 105954
0 1 tid 105954
196 11 tid 105954
365 8 tid 105954
202 tid 105954
Remove  tid 105954
FindTargetPageId rootid 9 tid 105954
target_page_id id: 8 tid 105954
0 1 tid 105954
196 11 tid 105954
365 8 tid 105954
201 tid 105954
Remove  tid 105954
FindTargetPageId rootid 9 tid 105954
target_page_id id: 8 tid 105954
0 1 tid 105954
196 11 tid 105954
365 8 tid 105954
200 tid 105954
Remove  tid 105954
FindTargetPageId rootid 9 tid 105954
target_page_id id: 8 tid 105954
0 1 tid 105954
196 11 tid 105954
365 8 tid 105954
199 tid 105954
Remove  tid 105954
FindTargetPageId rootid 9 tid 105954
target_page_id id: 8 tid 105954
0 1 tid 105954
196 11 tid 105954
365 8 tid 105954
198 tid 105954
Remove  tid 105954
FindTargetPageId rootid 9 tid 105954
target_page_id id: 8 tid 105954
0 1 tid 105954
196 11 tid 105954
365 8 tid 105954
197 tid 105954
Remove  tid 105954
FindTargetPageId rootid 9 tid 105953
target_page_id id: 8 tid 105953
0 1 tid 105953
196 11 tid 105953
365 8 tid 105953
196 tid 105953
Insert  tid 105953
FindTargetPageId rootid 9 tid 105953
target_page_id id: 8 tid 105953
0 1 tid 105953
196 11 tid 105953
365 8 tid 105953
197 tid 105953
Insert  tid 105953
FindTargetPageId rootid 9 tid 105954
target_page_id id: 8 tid 105954
0 1 tid 105954
196 11 tid 105954
365 8 tid 105954
198 tid 105954
Remove  tid 105954
FindTargetPageId rootid 9 tid 105955
target_page_id id: 8 tid 105955
0 1 tid 105955
196 11 tid 105955
365 8 tid 105955
197 tid 105955
Insert  tid 105955
FindTargetPageId rootid 9 tid 105953
target_page_id id: 8 tid 105953
0 1 tid 105953
196 11 tid 105953
365 8 tid 105953
198 tid 105953
Insert  tid 105953
FindTargetPageId rootid 9 tid 105953
target_page_id id: 8 tid 105953
0 1 tid 105953
196 11 tid 105953
365 8 tid 105953
199 tid 105953
Insert  tid 105953
FindTargetPageId rootid 9 tid 105953
target_page_id id: 8 tid 105953
0 1 tid 105953
196 11 tid 105953
365 8 tid 105953
200 tid 105953
Insert  tid 105953
FindTargetPageId rootid 9 tid 105953
target_page_id id: 8 tid 105953
0 1 tid 105953
196 11 tid 105953
365 8 tid 105953
201 tid 105953
Insert  tid 105953
FindTargetPageId rootid 9 tid 105955
target_page_id id: 8 tid 105955
0 1 tid 105955
196 11 tid 105955
365 8 tid 105955
202 tid 105955
Insert  tid 105955
FindTargetPageId rootid 9 tid 105954
target_page_id id: 8 tid 105954
0 1 tid 105954
196 11 tid 105954
365 8 tid 105954
203 tid 105954
Remove  tid 105954
FindTargetPageId rootid 9 tid 105953
target_page_id id: 8 tid 105953
0 1 tid 105953
196 11 tid 105953
365 8 tid 105953
202 tid 105953
Insert  tid 105953
FindTargetPageId rootid 9 tid 105955
target_page_id id: 8 tid 105955
0 1 tid 105955
196 11 tid 105955
365 8 tid 105955
203 tid 105955
Insert  tid 105955
FindTargetPageId rootid 9 tid 105954
target_page_id id: 8 tid 105954
0 1 tid 105954
196 11 tid 105954
365 8 tid 105954
204 tid 105954
Remove  tid 105954
FindTargetPageId rootid 9 tid 105953
target_page_id id: 8 tid 105953
0 1 tid 105953
196 11 tid 105953
365 8 tid 105953
203 tid 105953
Insert  tid 105953
FindTargetPageId rootid 9 tid 105955
target_page_id id: 8 tid 105955
0 1 tid 105955
196 11 tid 105955
365 8 tid 105955
204 tid 105955
Insert  tid 105955
FindTargetPageId rootid 9 tid 105954
target_page_id id: 8 tid 105954
0 1 tid 105954
196 11 tid 105954
365 8 tid 105954
205 tid 105954
Remove  tid 105954
FindTargetPageId rootid 9 tid 105953
target_page_id id: 8 tid 105953
0 1 tid 105953
196 11 tid 105953
365 8 tid 105953
204 tid 105953
Insert  tid 105953
FindTargetPageId rootid 9 tid 105955
target_page_id id: 8 tid 105955
0 1 tid 105955
196 11 tid 105955
365 8 tid 105955
205 tid 105955
Insert  tid 105955
FindTargetPageId rootid 9 tid 105954
target_page_id id: 8 tid 105954
0 1 tid 105954
196 11 tid 105954
365 8 tid 105954
206 tid 105954
Remove  tid 105954
FindTargetPageId rootid 9 tid 105954
target_page_id id: 8 tid 105954
0 1 tid 105954
196 11 tid 105954
365 8 tid 105954
205 tid 105954
Remove  tid 105954
FindTargetPageId rootid 9 tid 105955
target_page_id id: 8 tid 105955
0 1 tid 105955
196 11 tid 105955
365 8 tid 105955
204 tid 105955
Insert  tid 105955
FindTargetPageId rootid 9 tid 105955
target_page_id id: 8 tid 105955
0 1 tid 105955
196 11 tid 105955
365 8 tid 105955
205 tid 105955
Insert  tid 105955
FindTargetPageId rootid 9 tid 105955
target_page_id id: 8 tid 105955
0 1 tid 105955
196 11 tid 105955
365 8 tid 105955
206 tid 105955
Insert  tid 105955
FindTargetPageId rootid 9 tid 105955
target_page_id id: 8 tid 105955
0 1 tid 105955
196 11 tid 105955
365 8 tid 105955
207 tid 105955
Insert  tid 105955
FindTargetPageId rootid 9 tid 105953
target_page_id id: 8 tid 105953
0 1 tid 105953
196 11 tid 105953
365 8 tid 105953
208 tid 105953
Insert  tid 105953
FindTargetPageId rootid 9 tid 105954
target_page_id id: 8 tid 105954
0 1 tid 105954
196 11 tid 105954
365 8 tid 105954
209 tid 105954
Remove  tid 105954
FindTargetPageId rootid 9 tid 105955
target_page_id id: 8 tid 105955
0 1 tid 105955
196 11 tid 105955
365 8 tid 105955
208 tid 105955
Insert  tid 105955
FindTargetPageId rootid 9 tid 105953
target_page_id id: 8 tid 105953
0 1 tid 105953
196 11 tid 105953
365 8 tid 105953
209 tid 105953
Insert  tid 105953
FindTargetPageId rootid 9 tid 105954
target_page_id id: 8 tid 105954
0 1 tid 105954
196 11 tid 105954
365 8 tid 105954
210 tid 105954
Remove  tid 105954
FindTargetPageId rootid 9 tid 105954
target_page_id id: 8 tid 105954
0 1 tid 105954
196 11 tid 105954
365 8 tid 105954
209 tid 105954
Remove  tid 105954
FindTargetPageId rootid 9 tid 105953
target_page_id id: 8 tid 105953
0 1 tid 105953
196 11 tid 105953
365 8 tid 105953
208 tid 105953
Insert  tid 105953
FindTargetPageId rootid 9 tid 105955
target_page_id id: 8 tid 105955
0 1 tid 105955
196 11 tid 105955
365 8 tid 105955
209 tid 105955
Insert  tid 105955
FindTargetPageId rootid 9 tid 105954
target_page_id id: 8 tid 105954
0 1 tid 105954
196 11 tid 105954
365 8 tid 105954
210 tid 105954
Remove  tid 105954
FindTargetPageId rootid 9 tid 105953
target_page_id id: 8 tid 105953
0 1 tid 105953
196 11 tid 105953
365 8 tid 105953
209 tid 105953
Insert  tid 105953
FindTargetPageId rootid 9 tid 105955
target_page_id id: 8 tid 105955
0 1 tid 105955
196 11 tid 105955
365 8 tid 105955
210 tid 105955
Insert  tid 105955
FindTargetPageId rootid 9 tid 105954
target_page_id id: 8 tid 105954
0 1 tid 105954
196 11 tid 105954
365 8 tid 105954
211 tid 105954
FindTargetPageId rootid 9 tid 105953
target_page_id id: 8 tid 105953
0 1 tid 105953
196 11 tid 105953
365 8 tid 105953
Remove 210 tid 105953
 tid 105954
Insert  tid 105953
FindTargetPageId rootid 9 tid 105955
target_page_id id: 8 tid 105955
0 1 tid 105955
196 11 tid 105955
365 8 tid 105955
211 tid 105955
Insert  tid 105955
FindTargetPageId rootid 9 tid 105955
target_page_id id: 8 tid 105955
0 1 tid 105955
196 11 tid 105955
365 8 tid 105955
212 tid 105955
Insert  tid 105955
FindTargetPageId rootid 9 tid 105955
target_page_id id: 8 tid 105955
0 1 tid 105955
196 11 tid 105955
365 8 tid 105955
213 tid 105955
Insert  tid 105955
FindTargetPageId rootid 9 tid 105955
target_page_id id: 8 tid 105955
0 1 tid 105955
196 11 tid 105955
365 8 tid 105955
214 tid 105955
Insert  tid 105955
FindTargetPageId rootid 9 tid 105953
target_page_id id: 8 tid 105953
0 1 tid 105953
196 11 tid 105953
365 8 tid 105953
215 tid 105953
Insert  tid 105953
FindTargetPageId rootid 9 tid 105954
target_page_id id: 8 tid 105954
0 1 tid 105954
196 11 tid 105954
365 8 tid 105954
216 tid 105954
Remove  tid 105954
FindTargetPageId rootid 9 tid 105955
target_page_id id: 8 tid 105955
0 1 tid 105955
196 11 tid 105955
365 8 tid 105955
215 tid 105955
Insert  tid 105955
FindTargetPageId rootid 9 tid 105955
target_page_id id: 8 tid 105955
0 1 tid 105955
196 11 tid 105955
365 8 tid 105955
216 tid 105955
Insert  tid 105955
FindTargetPageId rootid 9 tid 105955
target_page_id id: 8 tid 105955
0 1 tid 105955
196 11 tid 105955
365 8 tid 105955
217 tid 105955
Insert  tid 105955
FindTargetPageId rootid 9 tid 105953
target_page_id id: 8 tid 105953
0 1 tid 105953
196 11 tid 105953
365 8 tid 105953
218 tid 105953
Insert  tid 105953
FindTargetPageId rootid 9 tid 105954
target_page_id id: 8 tid 105954
0 1 tid 105954
196 11 tid 105954
365 8 tid 105954
219 tid 105954
FindTargetPageId rootid 9 tid 105955
target_page_id id: 8 tid 105955
0 1 tid 105955
196 11 tid 105955
365 8 tid 105955
218 tid 105955
Insert  tid 105955
FindTargetPageId rootid 9 tid 105955
target_page_id id: 8 tid 105955
0 1 tid 105955
196 11 tid 105955
365 8 tid 105955
219 tid 105955
Insert  tid 105955
FindTargetPageId rootid 9 tid 105955
target_page_id id: 8 tid 105955
0 1 tid 105955
196 11 tid 105955
365 8 tid 105955
220 tid 105955
Insert  tid 105955
FindTargetPageId rootid 9 tid Remove 105953
target_page_id id: 8 tid 105953
0 1 tid 105953
196 11 tid 105953
365 8 tid 105953
221 tid 105953
Insert  tid 105953
 tid FindTargetPageId rootid 9 tid 105953
target_page_id id: 8 tid 105953
0 1 tid 105953
196 11 tid 105953
105954
365 8 tid 105953
222 tid 105953
Insert  tid 105953
FindTargetPageId rootid 9 tid 105955
target_page_id id: 8 tid 105955
0 1 tid 105955
196 11 tid 105955
365 8 tid 105955
223 tid 105955
Insert  tid 105955
FindTargetPageId rootid 9 tid 105954
target_page_id id: 8 tid 105954
0 1 tid 105954
196 11 tid 105954
365 8 tid 105954
224 tid 105954
Remove  tid 105954
FindTargetPageId rootid 9 tid 105954
target_page_id id: 8 tid 105954
0 1 tid 105954
196 11 tid 105954
365 8 tid 105954
223 tid 105954
Remove  tid 105954
FindTargetPageId rootid 9 tid 105954
target_page_id id: 8 tid 105954
0 1 tid 105954
196 11 tid 105954
365 8 tid 105954
222 tid 105954
Remove  tid 105954
FindTargetPageId rootid 9 tid 105954
target_page_id id: 8 tid 105954
0 1 tid 105954
196 11 tid 105954
365 8 tid 105954
221 tid 105954
Remove  tid 105954
FindTargetPageId rootid 9 tid 105954
target_page_id id: 8 tid 105954
0 1 tid 105954
196 11 tid 105954
365 8 tid 105954
220 tid 105954
Remove  tid 105954
FindTargetPageId rootid 9 tid 105954
target_page_id id: 8 tid 105954
0 1 tid 105954
196 11 tid 105954
365 8 tid 105954
219 tid 105954
Remove  tid 105954
FindTargetPageId rootid 9 tid 105954
target_page_id id: 8 tid 105954
0 1 tid 105954
196 11 tid 105954
365 8 tid 105954
218 tid 105954
Remove  tid 105954
FindTargetPageId rootid 9 tid 105954
target_page_id id: 8 tid 105954
0 1 tid 105954
196 11 tid 105954
365 8 tid 105954
217 tid 105954
Remove  tid 105954
FindTargetPageId rootid 9 tid 105954
target_page_id id: 8 tid 105954
0 1 tid 105954
196 11 tid 105954
365 8 tid 105954
216 tid 105954
Remove  tid 105954
FindTargetPageId rootid 9 tid 105953
target_page_id id: 8 tid 105953
0 1 tid 105953
196 11 tid 105953
365 8 tid 105953
215 tid 105953
Insert  tid 105953
FindTargetPageId rootid 9 tid 105953
target_page_id id: 8 tid 105953
0 1 tid 105953
196 11 tid 105953
365 8 tid 105953
216 tid 105953
Insert  tid 105953
FindTargetPageId rootid 9 tid 105953
target_page_id id: 8 tid 105953
0 1 tid 105953
196 11 tid 105953
365 8 tid 105953
217 tid 105953
Insert  tid 105953
FindTargetPageId rootid 9 tid 105953
target_page_id id: 8 tid 105953
0 1 tid 105953
196 11 tid 105953
365 8 tid 105953
218 tid 105953
Insert  tid 105953
FindTargetPageId rootid 9 tid 105954
target_page_id id: 8 tid 105954
0 1 tid 105954
196 11 tid 105954
365 8 tid 105954
219 tid 105954
Remove  tid 105954
FindTargetPageId rootid 9 tid 105955
target_page_id id: 8 tid 105955
0 1 tid 105955
196 11 tid 105955
365 8 tid 105955
218 tid 105955
Insert  tid 105955
FindTargetPageId rootid 9 tid 105953
target_page_id id: 8 tid 105953
0 1 tid 105953
196 11 tid 105953
365 8 tid 105953
219 tid 105953
Insert  tid 105953
FindTargetPageId rootid 9 tid 105954
target_page_id id: 8 tid 105954
0 1 tid 105954
196 11 tid 105954
365 8 tid 105954
220 tid 105954
Remove  tid 105954
FindTargetPageId rootid 9 tid 105955
target_page_id id: 8 tid 105955
0 1 tid 105955
196 11 tid 105955
365 8 tid 105955
219 tid 105955
Insert  tid 105955
FindTargetPageId rootid 9 tid 105953
target_page_id id: 8 tid 105953
0 1 tid 105953
196 11 tid 105953
365 8 tid 105953
220 tid 105953
Insert  tid 105953
FindTargetPageId rootid 9 tid 105954
target_page_id id: 8 tid 105954
0 1 tid 105954
196 11 tid 105954
365 8 tid 105954
221 tid 105954
Remove  tid 105954
FindTargetPageId rootid 9 tid 105954
target_page_id id: 8 tid 105954
0 1 tid 105954
196 11 tid 105954
365 8 tid 105954
220 tid 105954
Remove  tid 105954
FindTargetPageId rootid 9 tid 105953
target_page_id id: 8 tid 105953
0 1 tid 105953
196 11 tid 105953
365 8 tid 105953
219 tid 105953
Insert  tid 105953
FindTargetPageId rootid 9 tid 105955
target_page_id id: 8 tid 105955
0 1 tid 105955
196 11 tid 105955
365 8 tid 105955
220 tid 105955
Insert  tid 105955
FindTargetPageId rootid 9 tid 105954
target_page_id id: 8 tid 105954
0 1 tid 105954
196 11 tid 105954
365 8 tid 105954
221 tid 105954
Remove  tid 105954
FindTargetPageId rootid 9 tid 105953
target_page_id id: 8 tid 105953
0 1 tid 105953
196 11 tid 105953
365 8 tid 105953
220 tid 105953
Insert  tid 105953
FindTargetPageId rootid 9 tid 105955
target_page_id id: 8 tid 105955
0 1 tid 105955
196 11 tid 105955
365 8 tid 105955
221 tid 105955
Insert  tid 105955
FindTargetPageId rootid 9 tid 105954
target_page_id id: 8 tid 105954
0 1 tid 105954
196 11 tid 105954
365 8 tid 105954
222 tid 105954
Remove  tid 105954
FindTargetPageId rootid 9 tid 105953
target_page_id id: 8 tid 105953
0 1 tid 105953
196 11 tid 105953
365 8 tid 105953
221 tid 105953
Insert  tid 105953
FindTargetPageId rootid 9 tid 105955
target_page_id id: 8 tid 105955
0 1 tid 105955
196 11 tid 105955
365 8 tid 105955
222 tid 105955
Insert  tid 105955
FindTargetPageId rootid 9 tid 105954
target_page_id id: 8 tid 105954
0 1 tid 105954
196 11 tid 105954
365 8 tid 105954
223 tid 105954
Remove  tid 105954
FindTargetPageId rootid 9 tid 105953
target_page_id id: 8 tid 105953
0 1 tid 105953
196 11 tid 105953
365 8 tid 105953
222 tid 105953
FindTargetPageId rootid 9 tid 105955
target_page_id id: 8 tid 105955
0 1 tid 105955
196 11 tid 105955
365 8 tid Insert  tid 105955
223 tid 105955
105953
Insert  tid 105955
FindTargetPageId rootid 9 tid 105954
target_page_id id: 8 tid 105954
0 1 tid 105954
196 11 tid 105954
365 8 tid 105954
224 tid 105954
Remove  tid 105954
FindTargetPageId rootid 9 tid 105953
target_page_id id: 8 tid 105953
0 1 tid 105953
196 11 tid 105953
365 8 tid 105953
223 tid 105953
Insert  tid 105953
FindTargetPageId rootid 9 tid 105955
target_page_id id: 8 tid 105955
0 1 tid 105955
196 11 tid 105955
365 8 tid 105955
224 tid 105955
Insert  tid 105955
FindTargetPageId rootid 9 tid 105954
target_page_id id: 8 tid 105954
0 1 tid 105954
196 11 tid 105954
365 8 tid 105954
225 tid 105954
Remove  tid 105954
FindTargetPageId rootid 9 tid 105953
target_page_id id: 8 tid 105953
0 1 tid 105953
196 11 tid 105953
365 8 tid 105953
224 tid 105953
Insert  tid 105953
FindTargetPageId rootid 9 tid 105955
target_page_id id: 8 tid 105955
0 1 tid 105955
196 11 tid 105955
365 8 tid 105955
225 tid 105955
Insert  tid 105955
FindTargetPageId rootid 9 tid 105954
target_page_id id: 8 tid 105954
0 1 tid 105954
196 11 tid 105954
365 8 tid 105954
226 tid 105954
Remove  tid 105954
FindTargetPageId rootid 9 tid 105953
target_page_id id: 8 tid 105953
0 1 tid 105953
196 11 tid 105953
365 8 tid 105953
225 tid 105953
Insert  tid 105953
FindTargetPageId rootid 9 tid 105955
target_page_id id: 8 tid 105955
0 1 tid 105955
196 11 tid 105955
365 8 tid 105955
226 tid 105955
Insert  tid 105955
FindTargetPageId rootid 9 tid 105954
target_page_id id: 8 tid 105954
0 1 tid 105954
196 11 tid 105954
365 8 tid 105954
227 tid 105954
Remove  tid 105954
FindTargetPageId rootid 9 tid 105954
target_page_id id: 8 tid 105954
0 1 tid 105954
196 11 tid 105954
365 8 tid 105954
226 tid 105954
Remove  tid 105954
FindTargetPageId rootid 9 tid 105954
target_page_id id: 8 tid 105954
0 1 tid 105954
196 11 tid 105954
365 8 tid 105954
225 tid 105954
FindTargetPageId rootid 9 tid 105955
Remove  tid target_page_id id: 1059548
 tid 105955
0 1 tid 105955
196 11 tid 105955
365 8 tid 105955
224 tid 105955
Insert  tid 105955
FindTargetPageId rootid 9 tid 105955
target_page_id id: 8 tid 105955
0 1 tid 105955
196 11 tid 105955
365 8 tid 105955
225 tid 105955
Insert  tid 105955
FindTargetPageId rootid 9 tid 105955
target_page_id id: 8 tid 105955
0 1 tid 105955
196 11 tid 105955
365 8 tid 105955
226 tid 105955
Insert  tid 105955
FindTargetPageId rootid 9 tid 105954
target_page_id id: 8 tid 105954
0 1 tid 105954
196 11 tid 105954
365 8 tid 105954
227 tid 105954
FindTargetPageId rootid 9 tid 105953
target_page_id id: 8 tid 105953
0 1 tid 105953
196 11 tid 105953
365 8 tid 105953
226 tid 105953
Remove  tid 105954
FindTargetPageId rootid 9 tid 105954
target_page_id id: 8 tid 105954
0 1 tid 105954
196 11 tid 105954
365 8 tid 105954
227 tid 105954
Remove  tid 105954
Insert FindTargetPageId rootid  tid 9 tid 105954
105953target_page_id id: 8 tid 105954
0 1 tid 105954
196 11 tid 105954
365 8 tid 105954

226 tid 105954
Remove  tid 105954
FindTargetPageId rootid 9 tid 105955
target_page_id id: 8 tid 105955
0 1 tid 105955
196 11 tid 105955
365 8 tid 105955
225 tid 105955
Insert  tid 105955
FindTargetPageId rootid 9 tid 105953
target_page_id id: 8 tid 105953
0 1 tid 105953
196 11 tid 105953
365 8 tid 105953
226 tid 105953
Insert  tid 105953
FindTargetPageId rootid 9 tid 105953
target_page_id id: 8 tid 105953
0 1 tid 105953
196 11 tid 105953
365 8 tid 105953
227 tid 105953
Insert  tid 105953
FindTargetPageId rootid 9 tid 105955
target_page_id id: 8 tid 105955
0 1 tid 105955
196 11 tid 105955
365 8 tid 105955
228 tid 105955
Insert  tid 105955
FindTargetPageId rootid 9 tid 105955
target_page_id id: 8 tid 105955
0 1 tid 105955
196 11 tid 105955
365 8 tid 105955
229 tid 105955
Insert  tid 105955
FindTargetPageId rootid 9 tid 105955
target_page_id id: 8 tid 105955
0 1 tid 105955
196 11 tid 105955
365 8 tid 105955
230 tid 105955
Insert  tid 105955
FindTargetPageId rootid 9 tid 105954
target_page_id id: 8 tid 105954
0 1 tid 105954
196 11 tid 105954
365 8 tid 105954
231 tid 105954
Remove  tid 105954
FindTargetPageId rootid 9 tid 105954
target_page_id id: 8 tid 105954
0 1 tid 105954
196 11 tid 105954
365 8 tid 105954
230 tid 105954
Remove  tid 105954
FindTargetPageId rootid 9 tid 105954
target_page_id id: 8 tid 105954
0 1 tid 105954
196 11 tid 105954
365 8 tid 105954
229 tid 105954
Remove  tid 105954
FindTargetPageId rootid 9 tid 105953
target_page_id id: 8 tid 105953
0 1 tid 105953
196 11 tid 105953
365 8 tid 105953
228 tid 105953
Insert  tid 105953
FindTargetPageId rootid 9 tid 105955
target_page_id id: 8 tid 105955
0 1 tid 105955
196 11 tid 105955
365 8 tid 105955
229 tid 105955
Insert  tid 105955
FindTargetPageId rootid 9 tid 105954
target_page_id id: 8 tid 105954
0 1 tid 105954
196 11 tid 105954
365 8 tid 105954
230 tid 105954
Remove  tid 105954
FindTargetPageId rootid 9 tid 105954
target_page_id id: 8 tid 105954
0 1 tid 105954
196 11 tid 105954
365 8 tid 105954
229 tid 105954
Remove  tid 105954
FindTargetPageId rootid 9 tid 105954
target_page_id id: 8 tid 105954
0 1 tid 105954
196 11 tid 105954
365 8 tid 105954
228 tid 105954
Remove  tid 105954
FindTargetPageId rootid 9 tid 105955
target_page_id id: 8 tid 105955
0 1 tid 105955
196 11 tid 105955
365 8 tid 105955
227 tid 105955
FindTargetPageId rootid 9 tid 105953
target_page_id id: 8 tid 105953
Insert 0  tid 1 tid 105953
196 11 tid 105953
365 8 tid 105953
228 tid 105953
105955
Insert  tid 105953
FindTargetPageId rootid 9 tid 105955
target_page_id id: 8 tid 105955
0 1 tid 105955
196 11 tid 105955
365 8 tid 105955
229 tid 105955
Insert  tid 105955
FindTargetPageId rootid 9 tid 105953
target_page_id id: 8 tid 105953
0 1 tid 105953
196 11 tid 105953
365 8 tid 105953
230 tid 105953
Insert  tid 105953
FindTargetPageId rootid 9 tid 105954
target_page_id id: 8 tid 105954
0 1 tid 105954
196 11 tid 105954
365 8 tid 105954
231 tid 105954
Remove  tid 105954
FindTargetPageId rootid 9 tid 105955
target_page_id id: 8 tid 105955
0 1 tid 105955
196 11 tid 105955
365 8 tid 105955
230 tid 105955
Insert  tid 105955
FindTargetPageId rootid 9 tid 105953
target_page_id id: 8 tid 105953
0 1 tid 105953
196 11 tid 105953
365 8 tid 105953
231 tid 105953
Insert  tid 105953
FindTargetPageId rootid 9 tid 105954
target_page_id id: 8 tid 105954
0 1 tid 105954
196 11 tid 105954
365 8 tid 105954
232 tid 105954
Remove  tid 105954
FindTargetPageId rootid 9 tid 105955
target_page_id id: 8 tid 105955
0 1 tid 105955
196 11 tid 105955
365 8 tid 105955
231 tid 105955
Insert  tid 105955
FindTargetPageId rootid 9 tid 105955
target_page_id id: 8 tid 105955
0 1 tid 105955
196 11 tid 105955
365 8 tid 105955
232 tid 105955
Insert  tid 105955
FindTargetPageId rootid 9 tid 105954
target_page_id id: 8 tid 105954
0 1 tid 105954
196 11 tid 105954
365 8 tid 105954
233 tid 105954
Remove  tid 105954
FindTargetPageId rootid 9 tid 105953
target_page_id id: 8 tid 105953
0 1 tid 105953
196 11 tid 105953
365 8 tid 105953
232 tid 105953
Insert  tid 105953
FindTargetPageId rootid 9 tid 105953
target_page_id id: 8 tid 105953
0 1 tid 105953
196 11 tid 105953
365 8 tid 105953
233 tid 105953
Insert  tid 105953
FindTargetPageId rootid 9 tid 105953
target_page_id id: 8 tid 105953
0 1 tid 105953
196 11 tid 105953
365 8 tid 105953
234 tid 105953
Insert  tid 105953
FindTargetPageId rootid 9 tid 105953
target_page_id id: 8 tid 105953
0 1 tid 105953
196 11 tid 105953
365 8 tid 105953
235 tid 105953
Insert  tid 105953
FindTargetPageId rootid 9 tid 105953
target_page_id id: 8 tid 105953
0 1 tid 105953
196 11 tid 105953
365 8 tid 105953
236 tid 105953
Insert  tid 105953
FindTargetPageId rootid 9 tid 105953
target_page_id id: 8 tid 105953
0 1 tid 105953
196 11 tid 105953
365 8 tid 105953
237 tid 105953
Insert  tid 105953
FindTargetPageId rootid 9 tid 105953
target_page_id id: 8 tid 105953
0 1 tid 105953
196 11 tid 105953
365 8 tid 105953
238 tid 105953
Insert  tid 105953
FindTargetPageId rootid 9 tid 105953
target_page_id id: 8 tid 105953
0 1 tid 105953
196 11 tid 105953
365 8 tid 105953
239 tid 105953
Insert  tid 105953
FindTargetPageId rootid 9 tid 105953
target_page_id id: 8 tid 105953
0 1 tid 105953
196 11 tid 105953
365 8 tid 105953
240 tid 105953
Insert  tid 105953
FindTargetPageId rootid 9 tid 105953
target_page_id id: 8 tid 105953
0 1 tid 105953
196 11 tid 105953
365 8 tid 105953
241 tid 105953
Insert  tid 105953
FindTargetPageId rootid 9 tid 105953
target_page_id id: 8 tid 105953
0 1 tid 105953
196 11 tid 105953
365 8 tid 105953
242 tid 105953
Insert  tid 105953
FindTargetPageId rootid 9 tid 105953
target_page_id id: 8 tid 105953
0 1 tid 105953
196 11 tid 105953
365 8 tid 105953
243 tid 105953
Insert  tid 105953
FindTargetPageId rootid 9 tid 105953
target_page_id id: 8 tid 105953
0 1 tid 105953
196 11 tid 105953
365 8 tid 105953
244 tid 105953
Insert  tid 105953
FindTargetPageId rootid 9 tid 105953
target_page_id id: 8 tid 105953
0 1 tid 105953
196 11 tid 105953
365 8 tid 105953
245 tid 105953
Insert  tid 105953
FindTargetPageId rootid 9 tid 105953
target_page_id id: 8 tid 105953
0 1 tid 105953
196 11 tid 105953
365 8 tid 105953
246 tid 105953
Insert  tid 105953
FindTargetPageId rootid 9 tid 105953
target_page_id id: 8 tid 105953
0 1 tid 105953
196 11 tid 105953
365 8 tid 105953
247 tid 105953
Insert  tid 105953
FindTargetPageId rootid 9 tid 105953
target_page_id id: 8 tid 105953
0 1 tid 105953
196 11 tid 105953
365 8 tid 105953
248 tid 105953
Insert  tid 105953
FindTargetPageId rootid 9 tid 105953
target_page_id id: 8 tid 105953
0 1 tid 105953
196 11 tid 105953
365 8 tid 105953
249 tid 105953
Insert  tid 105953
FindTargetPageId rootid 9 tid 105953
target_page_id id: 8 tid 105953
0 1 tid 105953
196 11 tid 105953
365 8 tid 105953
250 tid 105953
Insert  tid 105953
FindTargetPageId rootid 9 tid 105953
target_page_id id: 8 tid 105953
0 1 tid 105953
196 11 tid 105953
365 8 tid 105953
251 tid 105953
Insert  tid 105953
FindTargetPageId rootid 9 tid 105953
target_page_id id: 8 tid 105953
0 1 tid 105953
196 11 tid 105953
365 8 tid 105953
252 tid 105953
Insert  tid 105953
FindTargetPageId rootid 9 tid 105953
target_page_id id: 8 tid 105953
0 1 tid 105953
196 11 tid 105953
365 8 tid 105953
253 tid 105953
Insert  tid 105953
FindTargetPageId rootid 9 tid 105953
target_page_id id: 8 tid 105953
0 1 tid 105953
196 11 tid 105953
365 8 tid 105953
254 tid 105953
Insert  tid 105953
FindTargetPageId rootid 9 tid 105953
target_page_id id: 12 tid 105953
0 1 tid 105953
196 11 tid 105953
365 8 tid 105953
551 12 tid 105953
128 tid 105953
Insert  tid 105953
FindTargetPageId rootid 9 tid 105953
target_page_id id: 12 tid 105953
0 1 tid 105953
196 11 tid 105953
365 8 tid 105953
551 12 tid 105953
129 tid 105953
Insert  tid 105953
FindTargetPageId rootid 9 tid 105953
target_page_id id: 12 tid 105953
0 1 tid 105953
196 11 tid 105953
365 8 tid 105953
551 12 tid 105953
130 tid 105953
Insert  tid 105953
FindTargetPageId rootid 9 tid 105953
target_page_id id: 12 tid 105953
0 1 tid 105953
196 11 tid 105953
365 8 tid 105953
551 12 tid 105953
131 tid 105953
Insert  tid 105953
FindTargetPageId rootid 9 tid 105953
target_page_id id: 12 tid 105953
0 1 tid 105953
196 11 tid 105953
365 8 tid 105953
551 12 tid 105953
132 tid 105953
Insert  tid 105953
FindTargetPageId rootid 9 tid 105953
target_page_id id: 12 tid 105953
0 1 tid 105953
196 11 tid 105953
365 8 tid 105953
551 12 tid 105953
133 tid 105953
Insert  tid 105953
FindTargetPageId rootid 9 tid 105953
target_page_id id: 12 tid 105953
0 1 tid 105953
196 11 tid 105953
365 8 tid 105953
551 12 tid 105953
134 tid 105953
Insert  tid 105953
FindTargetPageId rootid 9 tid 105953
target_page_id id: 12 tid 105953
0 1 tid 105953
196 11 tid 105953
365 8 tid 105953
551 12 tid 105953
135 tid 105953
Insert  tid 105953
FindTargetPageId rootid 9 tid 105954
target_page_id id: 8 tid 105954
0 1 tid 105954
196 11 tid 105954
365 8 tid 105954
551 12 tid 105954
127 tid 105954
Remove  tid 105954
FindTargetPageId rootid 9 tid 105954
target_page_id id: 8 tid 105954
0 1 tid 105954
196 11 tid 105954
363 8 tid 105954
551 12 tid 105954
127 tid 105954
Remove  tid 105954
FindTargetPageId rootid 9 tid 105953
target_page_id id: 12 tid 105953
0 1 tid 105953
196 11 tid 105953
362 8 tid 105953
551 12 tid 105953
136 tid 105953
Insert  tid 105953
FindTargetPageId rootid 9 tid 105953
target_page_id id: 12 tid 105953
0 1 tid 105953
196 11 tid 105953
362 8 tid 105953
551 12 tid 105953
137 tid 105953
Insert  tid 105953
FindTargetPageId rootid 9 tid 105954
target_page_id id: 8 tid 105954
0 1 tid 105954
196 11 tid 105954
362 8 tid 105954
551 12 tid 105954
127 tid 105954
Remove  tid 105954
FindTargetPageId rootid 9 tid 105954
target_page_id id: 8 tid 105954
0 1 tid 105954
196 11 tid 105954
361 8 tid 105954
551 12 tid 105954
127 tid 105954
Remove  tid 105954
FindTargetPageId rootid 9 tid 105953
target_page_id id: 12 tid 105953
0 1 tid 105953
196 11 tid 105953
360 8 tid 105953
551 12 tid 105953
138 tid 105953
Insert  tid 105953
FindTargetPageId rootid 9 tid 105953
target_page_id id: 12 tid 105953
0 1 tid 105953
196 11 tid 105953
360 8 tid 105953
551 12 tid 105953
139 tid 105953
Insert  tid 105953
FindTargetPageId rootid 9 tid 105953
target_page_id id: 12 tid 105953
0 1 tid 105953
196 11 tid 105953
360 8 tid 105953
551 12 tid 105953
140 tid 105953
Insert  tid 105953
FindTargetPageId rootid 9 tid 105954
target_page_id id: 8 tid 105954
0 1 tid 105954
196 11 tid 105954
360 8 tid 105954
551 12 tid 105954
127 tid 105954
Remove  tid 105954
FindTargetPageId rootid 9 tid 105955
target_page_id id: 8 tid 105955
0 1 tid 105955
196 11 tid 105955
359 8 tid 105955
551 12 tid 105955
127 tid 105955
Insert  tid 105955
FindTargetPageId rootid 9 tid 105955
target_page_id id: 8 tid 105955
0 1 tid 105955
196 11 tid 105955
359 8 tid 105955
551 12 tid 105955
128 tid 105955
Insert  tid 105955
FindTargetPageId rootid 9 tid 105955
target_page_id id: 8 tid 105955
0 1 tid 105955
196 11 tid 105955
359 8 tid 105955
551 12 tid 105955
129 tid 105955
Insert  tid 105955
FindTargetPageId rootid 9 tid 105955
target_page_id id: 8 tid 105955
0 1 tid 105955
196 11 tid 105955
359 8 tid 105955
551 12 tid 105955
130 tid 105955
Insert  tid 105955
FindTargetPageId rootid 9 tid 105955
target_page_id id: 8 tid 105955
0 1 tid 105955
196 11 tid 105955
359 8 tid 105955
551 12 tid 105955
131 tid 105955
Insert  tid 105955
FindTargetPageId rootid 9 tid 105955
target_page_id id: 8 tid 105955
0 1 tid 105955
196 11 tid 105955
359 8 tid 105955
551 12 tid 105955
132 tid 105955
Insert  tid 105955
FindTargetPageId rootid 9 tid 105955
target_page_id id: 8 tid 105955
0 1 tid 105955
196 11 tid 105955
359 8 tid 105955
551 12 tid 105955
133 tid 105955
Insert  tid 105955
FindTargetPageId rootid 9 tid 105955
target_page_id id: 8 tid 105955
0 1 tid 105955
196 11 tid 105955
359 8 tid 105955
551 12 tid 105955
134 tid 105955
Insert  tid 105955
FindTargetPageId rootid 9 tid 105955
target_page_id id: 8 tid 105955
0 1 tid 105955
196 11 tid 105955
359 8 tid 105955
551 12 tid 105955
135 tid 105955
Insert  tid 105955
FindTargetPageId rootid 9 tid 105955
target_page_id id: 8 tid 105955
0 1 tid 105955
196 11 tid 105955
359 8 tid 105955
551 12 tid 105955
136 tid 105955
Insert  tid 105955
FindTargetPageId rootid 9 tid 105955
target_page_id id: 8 tid 105955
0 1 tid 105955
196 11 tid 105955
359 8 tid 105955
551 12 tid 105955
137 tid 105955
Insert  tid 105955
FindTargetPageId rootid 9 tid 105955
target_page_id id: 8 tid 105955
0 1 tid 105955
196 11 tid 105955
359 8 tid 105955
551 12 tid 105955
138 tid 105955
Insert  tid 105955
FindTargetPageId rootid 9 tid 105955
target_page_id id: 8 tid 105955
0 1 tid 105955
196 11 tid 105955
359 8 tid 105955
551 12 tid 105955
139 tid 105955
Insert  tid 105955
FindTargetPageId rootid 9 tid 105955
target_page_id id: 8 tid 105955
0 1 tid 105955
196 11 tid 105955
359 8 tid 105955
551 12 tid 105955
140 tid 105955
Insert  tid 105955
FindTargetPageId rootid 9 tid 105955
target_page_id id: 8 tid 105955
0 1 tid 105955
196 11 tid 105955
359 8 tid 105955
551 12 tid 105955
141 tid 105955
Insert  tid 105955
FindTargetPageId rootid 9 tid 105954
target_page_id id: 8 tid 105954
0 1 tid 105954
196 11 tid 105954
359 8 tid 105954
551 12 tid 105954
142 tid 105954
Remove  tid 105954
FindTargetPageId rootid 9 tid 105954
target_page_id id: 8 tid 105954
0 1 tid 105954
196 11 tid 105954
359 8 tid 105954
551 12 tid 105954
141 tid 105954
Remove  tid 105954
FindTargetPageId rootid 9 tid 105954
target_page_id id: 8 tid 105954
0 1 tid 105954
196 11 tid 105954
359 8 tid 105954
551 12 tid 105954
140 tid 105954
Remove  tid 105954
FindTargetPageId rootid 9 tid 105954
target_page_id id: 8 tid 105954
0 1 tid 105954
196 11 tid 105954
359 8 tid 105954
551 12 tid 105954
139 tid 105954
Remove  tid 105954
FindTargetPageId rootid 9 tid 105954
target_page_id id: 8 tid 105954
0 1 tid 105954
196 11 tid 105954
359 8 tid 105954
551 12 tid 105954
138 tid 105954
Remove  tid 105954
FindTargetPageId rootid 9 tid 105954
target_page_id id: 8 tid 105954
0 1 tid 105954
196 11 tid 105954
359 8 tid 105954
551 12 tid 105954
137 tid 105954
Remove  tid 105954
FindTargetPageId rootid 9 tid 105954
target_page_id id: 8 tid 105954
0 1 tid 105954
196 11 tid 105954
359 8 tid 105954
551 12 tid 105954
136 tid 105954
Remove  tid 105954
FindTargetPageId rootid 9 tid 105954
target_page_id id: 8 tid 105954
0 1 tid 105954
196 11 tid 105954
359 8 tid 105954
551 12 tid 105954
135 tid 105954
Remove  tid 105954
FindTargetPageId rootid 9 tid 105954
target_page_id id: 8 tid 105954
0 1 tid 105954
196 11 tid 105954
359 8 tid 105954
551 12 tid 105954
134 tid 105954
Remove  tid 105954
FindTargetPageId rootid 9 tid 105954
target_page_id id: 8 tid 105954
0 1 tid 105954
196 11 tid 105954
359 8 tid 105954
551 12 tid 105954
133 tid 105954
Remove  tid 105954
FindTargetPageId rootid 9 tid 105954
target_page_id id: 8 tid 105954
0 1 tid 105954
196 11 tid 105954
359 8 tid 105954
551 12 tid 105954
132 tid 105954
Remove  tid 105954
FindTargetPageId rootid 9 tid 105954
target_page_id id: 8 tid 105954
0 1 tid 105954
196 11 tid 105954
359 8 tid 105954
551 12 tid 105954
131 tid 105954
Remove  tid 105954
FindTargetPageId rootid 9 tid 105954
target_page_id id: 8 tid 105954
0 1 tid 105954
196 11 tid 105954
359 8 tid 105954
551 12 tid 105954
130 tid 105954
Remove  tid 105954
FindTargetPageId rootid 9 tid 105954
target_page_id id: 8 tid 105954
0 1 tid 105954
196 11 tid 105954
359 8 tid 105954
551 12 tid 105954
129 tid 105954
Remove  tid 105954
FindTargetPageId rootid 9 tid 105954
target_page_id id: 8 tid 105954
0 1 tid 105954
196 11 tid 105954
359 8 tid 105954
551 12 tid 105954
128 tid 105954
Remove  tid 105954
FindTargetPageId rootid 9 tid 105954
target_page_id id: 12 tid 105954
0 1 tid 105954
196 11 tid 105954
359 8 tid 105954
551 12 tid 105954
141 tid 105954
Remove  tid 105954
FindTargetPageId rootid 9 tid 105954
target_page_id id: 12 tid 105954
0 1 tid 105954
196 11 tid 105954
359 8 tid 105954
551 12 tid 105954
140 tid 105954
Remove  tid 105954
FindTargetPageId rootid 9 tid 105954
target_page_id id: 12 tid 105954
0 1 tid 105954
196 11 tid 105954
359 8 tid 105954
551 12 tid 105954
139 tid 105954
Remove  tid 105954
FindTargetPageId rootid 9 tid 105954
target_page_id id: 12 tid 105954
0 1 tid 105954
196 11 tid 105954
359 8 tid 105954
551 12 tid 105954
138 tid 105954
Remove  tid 105954
FindTargetPageId rootid 9 tid 105954
target_page_id id: 12 tid 105954
0 1 tid 105954
196 11 tid 105954
359 8 tid 105954
551 12 tid 105954
137 tid 105954
Remove  tid 105954
FindTargetPageId rootid 9 tid 105954
target_page_id id: 12 tid 105954
0 1 tid 105954
196 11 tid 105954
359 8 tid 105954
551 12 tid 105954
136 tid 105954
Remove  tid 105954
FindTargetPageId rootid 9 tid 105954
target_page_id id: 12 tid 105954
0 1 tid 105954
196 11 tid 105954
359 8 tid 105954
551 12 tid 105954
135 tid 105954
Remove  tid 105954
FindTargetPageId rootid 9 tid 105954
target_page_id id: 12 tid 105954
0 1 tid 105954
196 11 tid 105954
359 8 tid 105954
551 12 tid 105954
134 tid 105954
Remove  tid 105954
FindTargetPageId rootid 9 tid 105954
target_page_id id: 12 tid 105954
0 1 tid 105954
196 11 tid 105954
359 8 tid 105954
551 12 tid 105954
133 tid 105954
Remove  tid 105954
FindTargetPageId rootid 9 tid 105954
target_page_id id: 12 tid 105954
0 1 tid 105954
196 11 tid 105954
359 8 tid 105954
551 12 tid 105954
132 tid 105954
Remove  tid 105954
FindTargetPageId rootid 9 tid 105954
target_page_id id: 12 tid 105954
0 1 tid 105954
196 11 tid 105954
359 8 tid 105954
551 12 tid 105954
131 tid 105954
Remove  tid 105954
FindTargetPageId rootid 9 tid 105954
target_page_id id: 12 tid 105954
0 1 tid 105954
196 11 tid 105954
359 8 tid 105954
551 12 tid 105954
130 tid 105954
Remove  tid 105954
FindTargetPageId rootid 9 tid 105954
target_page_id id: 12 tid 105954
0 1 tid 105954
196 11 tid 105954
359 8 tid 105954
551 12 tid 105954
129 tid 105954
Remove  tid 105954
FindTargetPageId rootid 9 tid 105954
target_page_id id: 12 tid 105954
0 1 tid 105954
196 11 tid 105954
359 8 tid 105954
551 12 tid 105954
128 tid 105954
Remove  tid 105954
FindTargetPageId rootid 9 tid 105954
target_page_id id: 12 tid 105954
0 1 tid 105954
196 11 tid 105954
359 8 tid 105954
551 12 tid 105954
127 tid 105954
Remove  tid 105954
FindTargetPageId rootid 9 tid 105954
target_page_id id: 8 tid 105954
0 1 tid 105954
196 11 tid 105954
359 8 tid 105954
253 tid 105954
Remove  tid 105954
FindTargetPageId rootid 9 tid 105954
target_page_id id: 8 tid 105954
0 1 tid 105954
196 11 tid 105954
359 8 tid 105954
252 tid 105954
Remove  tid 105954
FindTargetPageId rootid 9 tid 105954
target_page_id id: 8 tid 105954
0 1 tid 105954
196 11 tid 105954
359 8 tid 105954
251 tid 105954
Remove  tid 105954
FindTargetPageId rootid 9 tid 105954
target_page_id id: 8 tid 105954
0 1 tid 105954
196 11 tid 105954
359 8 tid 105954
250 tid 105954
Remove  tid 105954
FindTargetPageId rootid 9 tid 105954
target_page_id id: 8 tid 105954
0 1 tid 105954
196 11 tid 105954
359 8 tid 105954
249 tid 105954
Remove  tid 105954
FindTargetPageId rootid 9 tid 105954
target_page_id id: 8 tid 105954
0 1 tid 105954
196 11 tid 105954
359 8 tid 105954
248 tid 105954
Remove  tid 105954
FindTargetPageId rootid 9 tid 105954
target_page_id id: 8 tid 105954
0 1 tid 105954
196 11 tid 105954
359 8 tid 105954
247 tid 105954
Remove  tid 105954
FindTargetPageId rootid 9 tid 105954
target_page_id id: 8 tid 105954
0 1 tid 105954
196 11 tid 105954
359 8 tid 105954
246 tid 105954
Remove  tid 105954
FindTargetPageId rootid 9 tid 105954
target_page_id id: 8 tid 105954
0 1 tid 105954
196 11 tid 105954
359 8 tid 105954
245 tid 105954
Remove  tid 105954
FindTargetPageId rootid 9 tid 105954
target_page_id id: 8 tid 105954
0 1 tid 105954
196 11 tid 105954
359 8 tid 105954
244 tid 105954
Remove  tid 105954
FindTargetPageId rootid 9 tid 105954
target_page_id id: 8 tid 105954
0 1 tid 105954
196 11 tid 105954
359 8 tid 105954
243 tid 105954
Remove  tid 105954
FindTargetPageId rootid 9 tid 105954
target_page_id id: 8 tid 105954
0 1 tid 105954
196 11 tid 105954
359 8 tid 105954
242 tid 105954
Remove  tid 105954
FindTargetPageId rootid 9 tid 105954
target_page_id id: 8 tid 105954
0 1 tid 105954
196 11 tid 105954
359 8 tid 105954
241 tid 105954
Remove  tid 105954
FindTargetPageId rootid 9 tid 105954
target_page_id id: 8 tid 105954
0 1 tid 105954
196 11 tid 105954
359 8 tid 105954
240 tid 105954
Remove  tid 105954
FindTargetPageId rootid 9 tid 105954
target_page_id id: 8 tid 105954
0 1 tid 105954
196 11 tid 105954
359 8 tid 105954
239 tid 105954
Remove  tid 105954
FindTargetPageId rootid 9 tid 105954
target_page_id id: 8 tid 105954
0 1 tid 105954
196 11 tid 105954
359 8 tid 105954
238 tid 105954
Remove  tid 105954
FindTargetPageId rootid 9 tid 105954
target_page_id id: 8 tid 105954
0 1 tid 105954
196 11 tid 105954
359 8 tid 105954
237 tid 105954
Remove  tid 105954
FindTargetPageId rootid 9 tid 105954
target_page_id id: 8 tid 105954
0 1 tid 105954
196 11 tid 105954
359 8 tid 105954
236 tid 105954
Remove  tid 105954
FindTargetPageId rootid 9 tid 105954
target_page_id id: 8 tid 105954
0 1 tid 105954
196 11 tid 105954
359 8 tid 105954
235 tid 105954
Remove  tid 105954
FindTargetPageId rootid 9 tid 105954
target_page_id id: 8 tid 105954
0 1 tid 105954
196 11 tid 105954
359 8 tid 105954
234 tid 105954
Remove  tid 105954
FindTargetPageId rootid 9 tid 105954
target_page_id id: 8 tid 105954
0 1 tid 105954
196 11 tid 105954
359 8 tid 105954
233 tid 105954
Remove  tid 105954
FindTargetPageId rootid 9 tid 105954
target_page_id id: 8 tid 105954
0 1 tid 105954
196 11 tid 105954
359 8 tid 105954
232 tid 105954
Remove  tid 105954
FindTargetPageId rootid 9 tid 105954
target_page_id id: 8 tid 105954
0 1 tid 105954
196 11 tid 105954
359 8 tid 105954
231 tid 105954
Remove  tid 105954
FindTargetPageId rootid 9 tid 105954
target_page_id id: 8 tid 105954
0 1 tid 105954
196 11 tid 105954
359 8 tid 105954
230 tid 105954
Remove  tid 105954
FindTargetPageId rootid 9 tid 105954
target_page_id id: 8 tid 105954
0 1 tid 105954
196 11 tid 105954
359 8 tid 105954
229 tid 105954
Remove  tid 105954
FindTargetPageId rootid 9 tid 105954
target_page_id id: 8 tid 105954
0 1 tid 105954
196 11 tid 105954
359 8 tid 105954
228 tid 105954
Remove  tid 105954
FindTargetPageId rootid 9 tid 105954
target_page_id id: 8 tid 105954
0 1 tid 105954
196 11 tid 105954
359 8 tid 105954
227 tid 105954
Remove  tid 105954
FindTargetPageId rootid 9 tid 105954
target_page_id id: 8 tid 105954
0 1 tid 105954
196 11 tid 105954
359 8 tid 105954
226 tid 105954
Remove  tid 105954
FindTargetPageId rootid 9 tid 105954
target_page_id id: 8 tid 105954
0 1 tid 105954
196 11 tid 105954
359 8 tid 105954
225 tid 105954
Remove  tid 105954
FindTargetPageId rootid 9 tid 105954
target_page_id id: 8 tid 105954
0 1 tid 105954
196 11 tid 105954
359 8 tid 105954
224 tid 105954
Remove  tid 105954
FindTargetPageId rootid 9 tid 105954
target_page_id id: 8 tid 105954
0 1 tid 105954
196 11 tid 105954
359 8 tid 105954
223 tid 105954
Remove  tid 105954
FindTargetPageId rootid 9 tid 105954
target_page_id id: 8 tid 105954
0 1 tid 105954
196 11 tid 105954
359 8 tid 105954
222 tid 105954
Remove  tid 105954
FindTargetPageId rootid 9 tid 105954
target_page_id id: 8 tid 105954
0 1 tid 105954
196 11 tid 105954
359 8 tid 105954
221 tid 105954
Remove  tid 105954
FindTargetPageId rootid 9 tid 105954
target_page_id id: 8 tid 105954
0 1 tid 105954
196 11 tid 105954
359 8 tid 105954
220 tid 105954
Remove  tid 105954
FindTargetPageId rootid 9 tid 105954
target_page_id id: 8 tid 105954
0 1 tid 105954
196 11 tid 105954
359 8 tid 105954
219 tid 105954
Remove  tid 105954
FindTargetPageId rootid 9 tid 105954
target_page_id id: 8 tid 105954
0 1 tid 105954
196 11 tid 105954
359 8 tid 105954
218 tid 105954
Remove  tid 105954
FindTargetPageId rootid 9 tid 105954
target_page_id id: 8 tid 105954
0 1 tid 105954
196 11 tid 105954
359 8 tid 105954
217 tid 105954
Remove  tid 105954
FindTargetPageId rootid 9 tid 105954
target_page_id id: 8 tid 105954
0 1 tid 105954
196 11 tid 105954
359 8 tid 105954
217 tid 105954
Remove  tid 105954
FindTargetPageId rootid 9 tid 105954
target_page_id id: 8 tid 105954
0 1 tid 105954
196 11 tid 105954
359 8 tid 105954
217 tid 105954
Remove  tid 105954
FindTargetPageId rootid 9 tid 105954
target_page_id id: 8 tid 105954
0 1 tid 105954
196 11 tid 105954
359 8 tid 105954
217 tid 105954
Remove  tid 105954
FindTargetPageId rootid 9 tid 105954
target_page_id id: 8 tid 105954
0 1 tid 105954
196 11 tid 105954
359 8 tid 105954
217 tid 105954
Remove  tid 105954
FindTargetPageId rootid 9 tid 105954
target_page_id id: 8 tid 105954
0 1 tid 105954
196 11 tid 105954
359 8 tid 105954
217 tid 105954
Remove  tid 105954
FindTargetPageId rootid 9 tid 105954
target_page_id id: 8 tid 105954
0 1 tid 105954
196 11 tid 105954
359 8 tid 105954
217 tid 105954
Remove  tid 105954
FindTargetPageId rootid 9 tid 105954
target_page_id id: 8 tid 105954
0 1 tid 105954
196 11 tid 105954
359 8 tid 105954
217 tid 105954
Remove  tid 105954
FindTargetPageId rootid 9 tid 105954
target_page_id id: 8 tid 105954
0 1 tid 105954
196 11 tid 105954
359 8 tid 105954
217 tid 105954
Remove  tid 105954
FindTargetPageId rootid 9 tid 105954
target_page_id id: 8 tid 105954
0 1 tid 105954
196 11 tid 105954
359 8 tid 105954
217 tid 105954
Remove  tid 105954
FindTargetPageId rootid 9 tid 105954
target_page_id id: 8 tid 105954
0 1 tid 105954
196 11 tid 105954
359 8 tid 105954
217 tid 105954
Remove  tid 105954
FindTargetPageId rootid 9 tid 105954
target_page_id id: 8 tid 105954
0 1 tid 105954
196 11 tid 105954
359 8 tid 105954
217 tid 105954
Remove  tid 105954
FindTargetPageId rootid 9 tid 105954
target_page_id id: 8 tid 105954
0 1 tid 105954
196 11 tid 105954
359 8 tid 105954
217 tid 105954
Remove  tid 105954
FindTargetPageId rootid 9 tid 105954
target_page_id id: 8 tid 105954
0 1 tid 105954
196 11 tid 105954
359 8 tid 105954
217 tid 105954
Remove  tid 105954
FindTargetPageId rootid 9 tid 105954
target_page_id id: 8 tid 105954
0 1 tid 105954
196 11 tid 105954
359 8 tid 105954
217 tid 105954
Remove  tid 105954
FindTargetPageId rootid 9 tid 105954
target_page_id id: 8 tid 105954
0 1 tid 105954
196 11 tid 105954
359 8 tid 105954
217 tid 105954
Remove  tid 105954
FindTargetPageId rootid 9 tid 105954
target_page_id id: 8 tid 105954
0 1 tid 105954
196 11 tid 105954
359 8 tid 105954
217 tid 105954
Remove  tid 105954
FindTargetPageId rootid 9 tid 105954
target_page_id id: 8 tid 105954
0 1 tid 105954
196 11 tid 105954
359 8 tid 105954
217 tid 105954
Remove  tid 105954
FindTargetPageId rootid 9 tid 105954
target_page_id id: 8 tid 105954
0 1 tid 105954
196 11 tid 105954
359 8 tid 105954
217 tid 105954
Remove  tid 105954
FindTargetPageId rootid 9 tid 105954
target_page_id id: 8 tid 105954
0 1 tid 105954
196 11 tid 105954
359 8 tid 105954
217 tid 105954
Remove  tid 105954
FindTargetPageId rootid 9 tid 105954
target_page_id id: 8 tid 105954
0 1 tid 105954
196 11 tid 105954
359 8 tid 105954
217 tid 105954
Remove  tid 105954
FindTargetPageId rootid 9 tid 105954
target_page_id id: 8 tid 105954
0 1 tid 105954
196 11 tid 105954
359 8 tid 105954
217 tid 105954
Remove  tid 105954
FindTargetPageId rootid 9 tid 105954
target_page_id id: 8 tid 105954
0 1 tid 105954
196 11 tid 105954
359 8 tid 105954
217 tid 105954
Remove  tid 105954
FindTargetPageId rootid 9 tid 105954
target_page_id id: 8 tid 105954
0 1 tid 105954
196 11 tid 105954
359 8 tid 105954
217 tid 105954
Remove  tid 105954
FindTargetPageId rootid 9 tid 105954
target_page_id id: 8 tid 105954
0 1 tid 105954
196 11 tid 105954
359 8 tid 105954
217 tid 105954
Remove  tid 105954
FindTargetPageId rootid 9 tid 105954
target_page_id id: 8 tid 105954
0 1 tid 105954
196 11 tid 105954
359 8 tid 105954
217 tid 105954
Remove  tid 105954
FindTargetPageId rootid 9 tid 105954
target_page_id id: 8 tid 105954
0 1 tid 105954
196 11 tid 105954
359 8 tid 105954
217 tid 105954
Remove  tid 105954
FindTargetPageId rootid 9 tid 105954
target_page_id id: 8 tid 105954
0 1 tid 105954
196 11 tid 105954
359 8 tid 105954
217 tid 105954
Remove  tid 105954
FindTargetPageId rootid 9 tid 105954
target_page_id id: 8 tid 105954
0 1 tid 105954
196 11 tid 105954
359 8 tid 105954
217 tid 105954
Remove  tid 105954
FindTargetPageId rootid 9 tid 105954
target_page_id id: 8 tid 105954
0 1 tid 105954
196 11 tid 105954
359 8 tid 105954
217 tid 105954
Remove  tid 105954
FindTargetPageId rootid 9 tid 105954
target_page_id id: 8 tid 105954
0 1 tid 105954
196 11 tid 105954
359 8 tid 105954
217 tid 105954
Remove  tid 105954
FindTargetPageId rootid 9 tid 105954
target_page_id id: 8 tid 105954
0 1 tid 105954
196 11 tid 105954
359 8 tid 105954
217 tid 105954
Remove  tid 105954
FindTargetPageId rootid 9 tid 105954
target_page_id id: 8 tid 105954
0 1 tid 105954
196 11 tid 105954
359 8 tid 105954
217 tid 105954
Remove  tid 105954
FindTargetPageId rootid 9 tid 105954
target_page_id id: 8 tid 105954
0 1 tid 105954
196 11 tid 105954
359 8 tid 105954
217 tid 105954
Remove  tid 105954
FindTargetPageId rootid 9 tid 105954
target_page_id id: 8 tid 105954
0 1 tid 105954
196 11 tid 105954
359 8 tid 105954
217 tid 105954
Remove  tid 105954
FindTargetPageId rootid 9 tid 105954
target_page_id id: 8 tid 105954
0 1 tid 105954
196 11 tid 105954
359 8 tid 105954
217 tid 105954
Remove  tid 105954
FindTargetPageId rootid 9 tid 105954
target_page_id id: 8 tid 105954
0 1 tid 105954
196 11 tid 105954
359 8 tid 105954
217 tid 105954
Remove  tid 105954
FindTargetPageId rootid 9 tid 105954
target_page_id id: 8 tid 105954
0 1 tid 105954
196 11 tid 105954
359 8 tid 105954
217 tid 105954
Remove  tid 105954
FindTargetPageId rootid 9 tid 105954
target_page_id id: 8 tid 105954
0 1 tid 105954
196 11 tid 105954
359 8 tid 105954
217 tid 105954
Remove  tid 105954
FindTargetPageId rootid 9 tid 105954
target_page_id id: 8 tid 105954
0 1 tid 105954
196 11 tid 105954
359 8 tid 105954
217 tid 105954
Remove  tid 105954
FindTargetPageId rootid 9 tid 105954
target_page_id id: 8 tid 105954
0 1 tid 105954
196 11 tid 105954
359 8 tid 105954
217 tid 105954
Remove  tid 105954
FindTargetPageId rootid 9 tid 105954
target_page_id id: 8 tid 105954
0 1 tid 105954
196 11 tid 105954
359 8 tid 105954
217 tid 105954
Remove  tid 105954
FindTargetPageId rootid 9 tid 105954
target_page_id id: 8 tid 105954
0 1 tid 105954
196 11 tid 105954
359 8 tid 105954
217 tid 105954
Remove  tid 105954
FindTargetPageId rootid 9 tid 105954
target_page_id id: 8 tid 105954
0 1 tid 105954
196 11 tid 105954
359 8 tid 105954
217 tid 105954
Remove  tid 105954
FindTargetPageId rootid 9 tid 105954
target_page_id id: 8 tid 105954
0 1 tid 105954
196 11 tid 105954
359 8 tid 105954
217 tid 105954
Remove  tid 105954
FindTargetPageId rootid 9 tid 105954
target_page_id id: 8 tid 105954
0 1 tid 105954
196 11 tid 105954
359 8 tid 105954
217 tid 105954
Remove  tid 105954
FindTargetPageId rootid 9 tid 105954
target_page_id id: 8 tid 105954
0 1 tid 105954
196 11 tid 105954
359 8 tid 105954
217 tid 105954
Remove  tid 105954
FindTargetPageId rootid 9 tid 105954
target_page_id id: 8 tid 105954
0 1 tid 105954
196 11 tid 105954
359 8 tid 105954
217 tid 105954
Remove  tid 105954
FindTargetPageId rootid 9 tid 105954
target_page_id id: 8 tid 105954
0 1 tid 105954
196 11 tid 105954
359 8 tid 105954
217 tid 105954
Remove  tid 105954
FindTargetPageId rootid 9 tid 105954
target_page_id id: 8 tid 105954
0 1 tid 105954
196 11 tid 105954
359 8 tid 105954
217 tid 105954
Remove  tid 105954
FindTargetPageId rootid 9 tid 105954
target_page_id id: 8 tid 105954
0 1 tid 105954
196 11 tid 105954
359 8 tid 105954
217 tid 105954
Remove  tid 105954
FindTargetPageId rootid 9 tid 105954
target_page_id id: 8 tid 105954
0 1 tid 105954
196 11 tid 105954
359 8 tid 105954
217 tid 105954
Remove  tid 105954
FindTargetPageId rootid 9 tid 105954
target_page_id id: 8 tid 105954
0 1 tid 105954
196 11 tid 105954
359 8 tid 105954
217 tid 105954
Remove  tid 105954
FindTargetPageId rootid 9 tid 105954
target_page_id id: 8 tid 105954
0 1 tid 105954
196 11 tid 105954
359 8 tid 105954
217 tid 105954
Remove  tid 105954
FindTargetPageId rootid 9 tid 105954
target_page_id id: 8 tid 105954
0 1 tid 105954
196 11 tid 105954
359 8 tid 105954
217 tid 105954
Remove  tid 105954
FindTargetPageId rootid 9 tid 105954
target_page_id id: 8 tid 105954
0 1 tid 105954
196 11 tid 105954
359 8 tid 105954
217 tid 105954
Remove  tid 105954
FindTargetPageId rootid 9 tid 105954
target_page_id id: 8 tid 105954
0 1 tid 105954
196 11 tid 105954
359 8 tid 105954
217 tid 105954
Remove  tid 105954
FindTargetPageId rootid 9 tid 105954
target_page_id id: 8 tid 105954
0 1 tid 105954
196 11 tid 105954
359 8 tid 105954
217 tid 105954
Remove  tid 105954
FindTargetPageId rootid 9 tid 105954
target_page_id id: 8 tid 105954
0 1 tid 105954
196 11 tid 105954
359 8 tid 105954
217 tid 105954
Remove  tid 105954
FindTargetPageId rootid 9 tid 105954
target_page_id id: 8 tid 105954
0 1 tid 105954
196 11 tid 105954
359 8 tid 105954
217 tid 105954
Remove  tid 105954
FindTargetPageId rootid 9 tid 105954
target_page_id id: 8 tid 105954
0 1 tid 105954
196 11 tid 105954
359 8 tid 105954
217 tid 105954
Remove  tid 105954
FindTargetPageId rootid 9 tid 105954
target_page_id id: 8 tid 105954
0 1 tid 105954
196 11 tid 105954
359 8 tid 105954
217 tid 105954
Remove  tid 105954
FindTargetPageId rootid 9 tid 105954
target_page_id id: 8 tid 105954
0 1 tid 105954
196 11 tid 105954
359 8 tid 105954
217 tid 105954
Remove  tid 105954
FindTargetPageId rootid 9 tid 105954
target_page_id id: 8 tid 105954
0 1 tid 105954
196 11 tid 105954
359 8 tid 105954
217 tid 105954
Remove  tid 105954
FindTargetPageId rootid 9 tid 105954
target_page_id id: 8 tid 105954
0 1 tid 105954
196 11 tid 105954
359 8 tid 105954
217 tid 105954
Remove  tid 105954
FindTargetPageId rootid 9 tid 105954
target_page_id id: 8 tid 105954
0 1 tid 105954
196 11 tid 105954
359 8 tid 105954
217 tid 105954
Remove  tid 105954
FindTargetPageId rootid 9 tid 105954
target_page_id id: 8 tid 105954
0 1 tid 105954
196 11 tid 105954
359 8 tid 105954
217 tid 105954
Remove  tid 105954
FindTargetPageId rootid 9 tid 105954
target_page_id id: 8 tid 105954
0 1 tid 105954
196 11 tid 105954
359 8 tid 105954
217 tid 105954
Remove  tid 105954
FindTargetPageId rootid 9 tid 105954
target_page_id id: 8 tid 105954
0 1 tid 105954
196 11 tid 105954
359 8 tid 105954
217 tid 105954
Remove  tid 105954
FindTargetPageId rootid 9 tid 105954
target_page_id id: 8 tid 105954
0 1 tid 105954
196 11 tid 105954
359 8 tid 105954
217 tid 105954
Remove  tid 105954
FindTargetPageId rootid 9 tid 105954
target_page_id id: 8 tid 105954
0 1 tid 105954
196 11 tid 105954
359 8 tid 105954
217 tid 105954
Remove  tid 105954
FindTargetPageId rootid 9 tid 105954
target_page_id id: 8 tid 105954
0 1 tid 105954
196 11 tid 105954
359 8 tid 105954
217 tid 105954
Remove  tid 105954
FindTargetPageId rootid 9 tid 105954
target_page_id id: 8 tid 105954
0 1 tid 105954
196 11 tid 105954
359 8 tid 105954
217 tid 105954
Remove  tid 105954
FindTargetPageId rootid 9 tid 105954
target_page_id id: 8 tid 105954
0 1 tid 105954
196 11 tid 105954
359 8 tid 105954
217 tid 105954
Remove  tid 105954
FindTargetPageId rootid 9 tid 105954
target_page_id id: 8 tid 105954
0 1 tid 105954
196 11 tid 105954
359 8 tid 105954
217 tid 105954
Remove  tid 105954
FindTargetPageId rootid 9 tid 105954
target_page_id id: 8 tid 105954
0 1 tid 105954
196 11 tid 105954
359 8 tid 105954
217 tid 105954
Remove  tid 105954
FindTargetPageId rootid 9 tid 105954
target_page_id id: 8 tid 105954
0 1 tid 105954
196 11 tid 105954
359 8 tid 105954
217 tid 105954
Remove  tid 105954
FindTargetPageId rootid 9 tid 105954
target_page_id id: 8 tid 105954
0 1 tid 105954
196 11 tid 105954
359 8 tid 105954
217 tid 105954
Remove  tid 105954
FindTargetPageId rootid 9 tid 105954
target_page_id id: 8 tid 105954
0 1 tid 105954
196 11 tid 105954
359 8 tid 105954
217 tid 105954
Remove  tid 105954
FindTargetPageId rootid 9 tid 105954
target_page_id id: 8 tid 105954
0 1 tid 105954
196 11 tid 105954
359 8 tid 105954
217 tid 105954
Remove  tid 105954
FindTargetPageId rootid 9 tid 105954
target_page_id id: 8 tid 105954
0 1 tid 105954
196 11 tid 105954
359 8 tid 105954
217 tid 105954
Remove  tid 105954
FindTargetPageId rootid 9 tid 105954
target_page_id id: 8 tid 105954
0 1 tid 105954
196 11 tid 105954
359 8 tid 105954
217 tid 105954
Remove  tid 105954
FindTargetPageId rootid 9 tid 105954
target_page_id id: 8 tid 105954
0 1 tid 105954
196 11 tid 105954
359 8 tid 105954
217 tid 105954
Remove  tid 105954
FindTargetPageId rootid 9 tid 105954
target_page_id id: 8 tid 105954
0 1 tid 105954
196 11 tid 105954
359 8 tid 105954
217 tid 105954
Remove  tid 105954
FindTargetPageId rootid 9 tid 105954
target_page_id id: 8 tid 105954
0 1 tid 105954
196 11 tid 105954
359 8 tid 105954
217 tid 105954
Remove  tid 105954
FindTargetPageId rootid 9 tid 105954
target_page_id id: 8 tid 105954
0 1 tid 105954
196 11 tid 105954
359 8 tid 105954
217 tid 105954
Remove  tid 105954
FindTargetPageId rootid 9 tid 105954
target_page_id id: 8 tid 105954
0 1 tid 105954
196 11 tid 105954
359 8 tid 105954
217 tid 105954
Remove  tid 105954
FindTargetPageId rootid 9 tid 105954
target_page_id id: 8 tid 105954
0 1 tid 105954
196 11 tid 105954
359 8 tid 105954
217 tid 105954
Remove  tid 105954
FindTargetPageId rootid 9 tid 105954
target_page_id id: 8 tid 105954
0 1 tid 105954
196 11 tid 105954
359 8 tid 105954
217 tid 105954
Remove  tid 105954
FindTargetPageId rootid 9 tid 105954
target_page_id id: 8 tid 105954
0 1 tid 105954
196 11 tid 105954
359 8 tid 105954
217 tid 105954
Remove  tid 105954
FindTargetPageId rootid 9 tid 105954
target_page_id id: 8 tid 105954
0 1 tid 105954
196 11 tid 105954
359 8 tid 105954
217 tid 105954
Remove  tid 105954
FindTargetPageId rootid 9 tid 105954
target_page_id id: 8 tid 105954
0 1 tid 105954
196 11 tid 105954
359 8 tid 105954
217 tid 105954
Remove  tid 105954
FindTargetPageId rootid 9 tid 105954
target_page_id id: 8 tid 105954
0 1 tid 105954
196 11 tid 105954
359 8 tid 105954
217 tid 105954
Remove  tid 105954
FindTargetPageId rootid 9 tid 105954
target_page_id id: 8 tid 105954
0 1 tid 105954
196 11 tid 105954
359 8 tid 105954
217 tid 105954
Remove  tid 105954
FindTargetPageId rootid 9 tid 105954
target_page_id id: 8 tid 105954
0 1 tid 105954
196 11 tid 105954
359 8 tid 105954
217 tid 105954
Remove  tid 105954
FindTargetPageId rootid 9 tid 105954
target_page_id id: 8 tid 105954
0 1 tid 105954
196 11 tid 105954
359 8 tid 105954
217 tid 105954
Remove  tid 105954
FindTargetPageId rootid 9 tid 105954
target_page_id id: 8 tid 105954
0 1 tid 105954
196 11 tid 105954
359 8 tid 105954
217 tid 105954
Remove  tid 105954
FindTargetPageId rootid 9 tid 105954
target_page_id id: 8 tid 105954
0 1 tid 105954
196 11 tid 105954
359 8 tid 105954
217 tid 105954
Remove  tid 105954
FindTargetPageId rootid 9 tid 105954
target_page_id id: 8 tid 105954
0 1 tid 105954
196 11 tid 105954
359 8 tid 105954
217 tid 105954
Remove  tid 105954
FindTargetPageId rootid 9 tid 105954
target_page_id id: 8 tid 105954
0 1 tid 105954
196 11 tid 105954
359 8 tid 105954
217 tid 105954
Remove  tid 105954
FindTargetPageId rootid 9 tid 105954
target_page_id id: 8 tid 105954
0 1 tid 105954
196 11 tid 105954
359 8 tid 105954
217 tid 105954
Remove  tid 105954
FindTargetPageId rootid 9 tid 105954
target_page_id id: 8 tid 105954
0 1 tid 105954
196 11 tid 105954
359 8 tid 105954
217 tid 105954
Remove  tid 105954
FindTargetPageId rootid 9 tid 105954
target_page_id id: 8 tid 105954
0 1 tid 105954
196 11 tid 105954
359 8 tid 105954
217 tid 105954
Remove  tid 105954
FindTargetPageId rootid 9 tid 105954
target_page_id id: 8 tid 105954
0 1 tid 105954
196 11 tid 105954
359 8 tid 105954
217 tid 105954
Remove  tid 105954
FindTargetPageId rootid 9 tid 105954
target_page_id id: 8 tid 105954
0 1 tid 105954
196 11 tid 105954
359 8 tid 105954
217 tid 105954
Remove  tid 105954
FindTargetPageId rootid 9 tid 105954
target_page_id id: 8 tid 105954
0 1 tid 105954
196 11 tid 105954
359 8 tid 105954
217 tid 105954
Remove  tid 105954
FindTargetPageId rootid 9 tid 105954
target_page_id id: 8 tid 105954
0 1 tid 105954
196 11 tid 105954
359 8 tid 105954
217 tid 105954
Remove  tid 105954
FindTargetPageId rootid 9 tid 105954
target_page_id id: 8 tid 105954
0 1 tid 105954
196 11 tid 105954
359 8 tid 105954
217 tid 105954
Remove  tid 105954
FindTargetPageId rootid 9 tid 105954
target_page_id id: 8 tid 105954
0 1 tid 105954
196 11 tid 105954
359 8 tid 105954
217 tid 105954
Remove  tid 105954
FindTargetPageId rootid 9 tid 105954
target_page_id id: 8 tid 105954
0 1 tid 105954
196 11 tid 105954
359 8 tid 105954
217 tid 105954
Remove  tid 105954
FindTargetPageId rootid 9 tid 105954
target_page_id id: 8 tid 105954
0 1 tid 105954
196 11 tid 105954
359 8 tid 105954
217 tid 105954
Remove  tid 105954
FindTargetPageId rootid 9 tid 105954
target_page_id id: 8 tid 105954
0 1 tid 105954
196 11 tid 105954
359 8 tid 105954
217 tid 105954
Remove  tid 105954
FindTargetPageId rootid 9 tid 105954
target_page_id id: 8 tid 105954
0 1 tid 105954
196 11 tid 105954
359 8 tid 105954
217 tid 105954
Remove  tid 105954
FindTargetPageId rootid 9 tid 105954
target_page_id id: 8 tid 105954
0 1 tid 105954
196 11 tid 105954
359 8 tid 105954
217 tid 105954
Remove  tid 105954
FindTargetPageId rootid 9 tid 105954
target_page_id id: 8 tid 105954
0 1 tid 105954
196 11 tid 105954
359 8 tid 105954
217 tid 105954
Remove  tid 105954
FindTargetPageId rootid 9 tid 105954
target_page_id id: 8 tid 105954
0 1 tid 105954
196 11 tid 105954
359 8 tid 105954
217 tid 105954
Remove  tid 105954
FindTargetPageId rootid 9 tid 105954
target_page_id id: 8 tid 105954
0 1 tid 105954
196 11 tid 105954
359 8 tid 105954
217 tid 105954
Remove  tid 105954
FindTargetPageId rootid 9 tid 105954
target_page_id id: 8 tid 105954
0 1 tid 105954
196 11 tid 105954
359 8 tid 105954
217 tid 105954
Remove  tid 105954
FindTargetPageId rootid 9 tid 105954
target_page_id id: 8 tid 105954
0 1 tid 105954
196 11 tid 105954
359 8 tid 105954
217 tid 105954
Remove  tid 105954
FindTargetPageId rootid 9 tid 105954
target_page_id id: 8 tid 105954
0 1 tid 105954
196 11 tid 105954
359 8 tid 105954
217 tid 105954
Remove  tid 105954
FindTargetPageId rootid 9 tid 105954
target_page_id id: 8 tid 105954
0 1 tid 105954
196 11 tid 105954
359 8 tid 105954
217 tid 105954
Remove  tid 105954
FindTargetPageId rootid 9 tid 105954
target_page_id id: 8 tid 105954
0 1 tid 105954
196 11 tid 105954
359 8 tid 105954
217 tid 105954
Remove  tid 105954
FindTargetPageId rootid 9 tid 105954
target_page_id id: 8 tid 105954
0 1 tid 105954
196 11 tid 105954
359 8 tid 105954
217 tid 105954
Remove  tid 105954
FindTargetPageId rootid 9 tid 105954
target_page_id id: 8 tid 105954
0 1 tid 105954
196 11 tid 105954
359 8 tid 105954
217 tid 105954
Remove  tid 105954
FindTargetPageId rootid 9 tid 105954
target_page_id id: 8 tid 105954
0 1 tid 105954
196 11 tid 105954
359 8 tid 105954
217 tid 105954
Remove  tid 105954
FindTargetPageId rootid 9 tid 105954
target_page_id id: 8 tid 105954
0 1 tid 105954
196 11 tid 105954
359 8 tid 105954
217 tid 105954
Remove  tid 105954
FindTargetPageId rootid 9 tid 105954
target_page_id id: 8 tid 105954
0 1 tid 105954
196 11 tid 105954
359 8 tid 105954
217 tid 105954
Remove  tid 105954
FindTargetPageId rootid 9 tid 105954
target_page_id id: 8 tid 105954
0 1 tid 105954
196 11 tid 105954
359 8 tid 105954
217 tid 105954
Remove  tid 105954
FindTargetPageId rootid 9 tid 105954
target_page_id id: 8 tid 105954
0 1 tid 105954
196 11 tid 105954
359 8 tid 105954
217 tid 105954
Remove  tid 105954
FindTargetPageId rootid 9 tid 105954
target_page_id id: 8 tid 105954
0 1 tid 105954
196 11 tid 105954
359 8 tid 105954
217 tid 105954
Remove  tid 105954
FindTargetPageId rootid 9 tid 105954
target_page_id id: 8 tid 105954
0 1 tid 105954
196 11 tid 105954
359 8 tid 105954
217 tid 105954
Remove  tid 105954
FindTargetPageId rootid 9 tid 105954
target_page_id id: 8 tid 105954
0 1 tid 105954
196 11 tid 105954
359 8 tid 105954
217 tid 105954
Remove  tid 105954
FindTargetPageId rootid 9 tid 105954
target_page_id id: 8 tid 105954
0 1 tid 105954
196 11 tid 105954
359 8 tid 105954
217 tid 105954
Remove  tid 105954
FindTargetPageId rootid 9 tid 105954
target_page_id id: 8 tid 105954
0 1 tid 105954
196 11 tid 105954
359 8 tid 105954
217 tid 105954
Remove  tid 105954
FindTargetPageId rootid 9 tid 105954
target_page_id id: 8 tid 105954
0 1 tid 105954
196 11 tid 105954
359 8 tid 105954
217 tid 105954
Remove  tid 105954
FindTargetPageId rootid 9 tid 105954
target_page_id id: 8 tid 105954
0 1 tid 105954
196 11 tid 105954
359 8 tid 105954
217 tid 105954
Remove  tid 105954
FindTargetPageId rootid 9 tid 105954
target_page_id id: 8 tid 105954
0 1 tid 105954
196 11 tid 105954
359 8 tid 105954
217 tid 105954
Remove  tid 105954
FindTargetPageId rootid 9 tid 105954
target_page_id id: 8 tid 105954
0 1 tid 105954
196 11 tid 105954
359 8 tid 105954
217 tid 105954
Remove  tid 105954
FindTargetPageId rootid 9 tid 105954
target_page_id id: 8 tid 105954
0 1 tid 105954
196 11 tid 105954
359 8 tid 105954
217 tid 105954
Remove  tid 105954
FindTargetPageId rootid 9 tid 105954
target_page_id id: 8 tid 105954
0 1 tid 105954
196 11 tid 105954
359 8 tid 105954
217 tid 105954
Remove  tid 105954
FindTargetPageId rootid 9 tid 105954
target_page_id id: 8 tid 105954
0 1 tid 105954
196 11 tid 105954
359 8 tid 105954
217 tid 105954
Remove  tid 105954
FindTargetPageId rootid 9 tid 105954
target_page_id id: 8 tid 105954
0 1 tid 105954
196 11 tid 105954
359 8 tid 105954
217 tid 105954
Remove  tid 105954
FindTargetPageId rootid 9 tid 105954
target_page_id id: 8 tid 105954
0 1 tid 105954
196 11 tid 105954
359 8 tid 105954
217 tid 105954
Remove  tid 105954
FindTargetPageId rootid 9 tid 105954
target_page_id id: 8 tid 105954
0 1 tid 105954
196 11 tid 105954
359 8 tid 105954
217 tid 105954
Remove  tid 105954
FindTargetPageId rootid 9 tid 105954
target_page_id id: 8 tid 105954
0 1 tid 105954
196 11 tid 105954
359 8 tid 105954
217 tid 105954
Remove  tid 105954
FindTargetPageId rootid 9 tid 105954
target_page_id id: 8 tid 105954
0 1 tid 105954
196 11 tid 105954
359 8 tid 105954
217 tid 105954
Remove  tid 105954
FindTargetPageId rootid 9 tid 105954
target_page_id id: 8 tid 105954
0 1 tid 105954
196 11 tid 105954
359 8 tid 105954
217 tid 105954
Remove  tid 105954
FindTargetPageId rootid 9 tid 105954
target_page_id id: 8 tid 105954
0 1 tid 105954
196 11 tid 105954
359 8 tid 105954
217 tid 105954
Remove  tid 105954
FindTargetPageId rootid 9 tid 105954
target_page_id id: 8 tid 105954
0 1 tid 105954
196 11 tid 105954
359 8 tid 105954
217 tid 105954
Remove  tid 105954
FindTargetPageId rootid 9 tid 105954
target_page_id id: 8 tid 105954
0 1 tid 105954
196 11 tid 105954
359 8 tid 105954
217 tid 105954
Remove  tid 105954
FindTargetPageId rootid 9 tid 105954
target_page_id id: 8 tid 105954
0 1 tid 105954
196 11 tid 105954
359 8 tid 105954
217 tid 105954
Remove  tid 105954
FindTargetPageId rootid 9 tid 105954
target_page_id id: 8 tid 105954
0 1 tid 105954
196 11 tid 105954
359 8 tid 105954
217 tid 105954
Remove  tid 105954
FindTargetPageId rootid 9 tid 105954
target_page_id id: 8 tid 105954
0 1 tid 105954
196 11 tid 105954
359 8 tid 105954
217 tid 105954
Remove  tid 105954
FindTargetPageId rootid 9 tid 105954
target_page_id id: 8 tid 105954
0 1 tid 105954
196 11 tid 105954
359 8 tid 105954
217 tid 105954
Remove  tid 105954
FindTargetPageId rootid 9 tid 105954
target_page_id id: 8 tid 105954
0 1 tid 105954
196 11 tid 105954
359 8 tid 105954
217 tid 105954
Remove  tid 105954
FindTargetPageId rootid 9 tid 105954
target_page_id id: 8 tid 105954
0 1 tid 105954
196 11 tid 105954
359 8 tid 105954
217 tid 105954
Remove  tid 105954
FindTargetPageId rootid 9 tid 105954
target_page_id id: 8 tid 105954
0 1 tid 105954
196 11 tid 105954
359 8 tid 105954
217 tid 105954
Remove  tid 105954
FindTargetPageId rootid 9 tid 105954
target_page_id id: 8 tid 105954
0 1 tid 105954
196 11 tid 105954
359 8 tid 105954
217 tid 105954
Remove  tid 105954
FindTargetPageId rootid 9 tid 105954
target_page_id id: 8 tid 105954
0 1 tid 105954
196 11 tid 105954
359 8 tid 105954
217 tid 105954
Remove  tid 105954
FindTargetPageId rootid 9 tid 105954
target_page_id id: 8 tid 105954
0 1 tid 105954
196 11 tid 105954
359 8 tid 105954
217 tid 105954
Remove  tid 105954
FindTargetPageId rootid 9 tid 105954
target_page_id id: 8 tid 105954
0 1 tid 105954
196 11 tid 105954
359 8 tid 105954
217 tid 105954
Remove  tid 105954
FindTargetPageId rootid 9 tid 105954
target_page_id id: 8 tid 105954
0 1 tid 105954
196 11 tid 105954
359 8 tid 105954
217 tid 105954
Remove  tid 105954
FindTargetPageId rootid 9 tid 105954
target_page_id id: 8 tid 105954
0 1 tid 105954
196 11 tid 105954
359 8 tid 105954
217 tid 105954
Remove  tid 105954
FindTargetPageId rootid 9 tid 105954
target_page_id id: 8 tid 105954
0 1 tid 105954
196 11 tid 105954
359 8 tid 105954
217 tid 105954
Remove  tid 105954
FindTargetPageId rootid 9 tid 105954
target_page_id id: 8 tid 105954
0 1 tid 105954
196 11 tid 105954
359 8 tid 105954
217 tid 105954
Remove  tid 105954
FindTargetPageId rootid 9 tid 105954
target_page_id id: 8 tid 105954
0 1 tid 105954
196 11 tid 105954
359 8 tid 105954
217 tid 105954
Remove  tid 105954
FindTargetPageId rootid 9 tid 105954
target_page_id id: 8 tid 105954
0 1 tid 105954
196 11 tid 105954
359 8 tid 105954
217 tid 105954
Remove  tid 105954
FindTargetPageId rootid 9 tid 105954
target_page_id id: 8 tid 105954
0 1 tid 105954
196 11 tid 105954
359 8 tid 105954
217 tid 105954
Remove  tid 105954
FindTargetPageId rootid 9 tid 105954
target_page_id id: 8 tid 105954
0 1 tid 105954
196 11 tid 105954
359 8 tid 105954
217 tid 105954
Remove  tid 105954
FindTargetPageId rootid 9 tid 105954
target_page_id id: 8 tid 105954
0 1 tid 105954
196 11 tid 105954
359 8 tid 105954
217 tid 105954
Remove  tid 105954
FindTargetPageId rootid 9 tid 105954
target_page_id id: 8 tid 105954
0 1 tid 105954
196 11 tid 105954
359 8 tid 105954
217 tid 105954
Remove  tid 105954
FindTargetPageId rootid 9 tid 105954
target_page_id id: 8 tid 105954
0 1 tid 105954
196 11 tid 105954
359 8 tid 105954
217 tid 105954
Remove  tid 105954
FindTargetPageId rootid 9 tid 105954
target_page_id id: 8 tid 105954
0 1 tid 105954
196 11 tid 105954
359 8 tid 105954
217 tid 105954
Remove  tid 105954
FindTargetPageId rootid 9 tid 105954
target_page_id id: 8 tid 105954
0 1 tid 105954
196 11 tid 105954
359 8 tid 105954
217 tid 105954
Remove  tid 105954
FindTargetPageId rootid 9 tid 105954
target_page_id id: 8 tid 105954
0 1 tid 105954
196 11 tid 105954
359 8 tid 105954
217 tid 105954
Remove  tid 105954
FindTargetPageId rootid 9 tid 105954
target_page_id id: 8 tid 105954
0 1 tid 105954
196 11 tid 105954
359 8 tid 105954
217 tid 105954
Remove  tid 105954
FindTargetPageId rootid 9 tid 105954
target_page_id id: 8 tid 105954
0 1 tid 105954
196 11 tid 105954
359 8 tid 105954
217 tid 105954
Remove  tid 105954
FindTargetPageId rootid 9 tid 105954
target_page_id id: 8 tid 105954
0 1 tid 105954
196 11 tid 105954
359 8 tid 105954
217 tid 105954
Remove  tid 105954
FindTargetPageId rootid 9 tid 105954
target_page_id id: 8 tid 105954
0 1 tid 105954
196 11 tid 105954
359 8 tid 105954
217 tid 105954
Remove  tid 105954
FindTargetPageId rootid 9 tid 105954
target_page_id id: 8 tid 105954
0 1 tid 105954
196 11 tid 105954
359 8 tid 105954
217 tid 105954
Remove  tid 105954
FindTargetPageId rootid 9 tid 105954
target_page_id id: 8 tid 105954
0 1 tid 105954
196 11 tid 105954
359 8 tid 105954
217 tid 105954
Remove  tid 105954
FindTargetPageId rootid 9 tid 105954
target_page_id id: 8 tid 105954
0 1 tid 105954
196 11 tid 105954
359 8 tid 105954
217 tid 105954
Remove  tid 105954
FindTargetPageId rootid 9 tid 105954
target_page_id id: 8 tid 105954
0 1 tid 105954
196 11 tid 105954
359 8 tid 105954
217 tid 105954
Remove  tid 105954
FindTargetPageId rootid 9 tid 105954
target_page_id id: 8 tid 105954
0 1 tid 105954
196 11 tid 105954
359 8 tid 105954
217 tid 105954
Remove  tid 105954
FindTargetPageId rootid 9 tid 105954
target_page_id id: 8 tid 105954
0 1 tid 105954
196 11 tid 105954
359 8 tid 105954
217 tid 105954
Remove  tid 105954
FindTargetPageId rootid 9 tid 105954
target_page_id id: 8 tid 105954
0 1 tid 105954
196 11 tid 105954
359 8 tid 105954
217 tid 105954
Remove  tid 105954
FindTargetPageId rootid 9 tid 105954
target_page_id id: 8 tid 105954
0 1 tid 105954
196 11 tid 105954
359 8 tid 105954
217 tid 105954
Remove  tid 105954
FindTargetPageId rootid 9 tid 105954
target_page_id id: 8 tid 105954
0 1 tid 105954
196 11 tid 105954
359 8 tid 105954
217 tid 105954
Remove  tid 105954
FindTargetPageId rootid 9 tid 105954
target_page_id id: 8 tid 105954
0 1 tid 105954
196 11 tid 105954
359 8 tid 105954
217 tid 105954
Remove  tid 105954
FindTargetPageId rootid 9 tid 105954
target_page_id id: 8 tid 105954
0 1 tid 105954
196 11 tid 105954
359 8 tid 105954
217 tid 105954
Remove  tid 105954
FindTargetPageId rootid 9 tid 105954
target_page_id id: 8 tid 105954
0 1 tid 105954
196 11 tid 105954
359 8 tid 105954
217 tid 105954
Remove  tid 105954
FindTargetPageId rootid 9 tid 105954
target_page_id id: 8 tid 105954
0 1 tid 105954
196 11 tid 105954
359 8 tid 105954
217 tid 105954
Remove  tid 105954
FindTargetPageId rootid 9 tid 105954
target_page_id id: 8 tid 105954
0 1 tid 105954
196 11 tid 105954
359 8 tid 105954
217 tid 105954
Remove  tid 105954
FindTargetPageId rootid 9 tid 105954
target_page_id id: 8 tid 105954
0 1 tid 105954
196 11 tid 105954
359 8 tid 105954
217 tid 105954
Remove  tid 105954
FindTargetPageId rootid 9 tid 105954
target_page_id id: 8 tid 105954
0 1 tid 105954
196 11 tid 105954
359 8 tid 105954
217 tid 105954
Remove  tid 105954
FindTargetPageId rootid 9 tid 105954
target_page_id id: 8 tid 105954
0 1 tid 105954
196 11 tid 105954
359 8 tid 105954
217 tid 105954
Remove  tid 105954
FindTargetPageId rootid 9 tid 105954
target_page_id id: 8 tid 105954
0 1 tid 105954
196 11 tid 105954
359 8 tid 105954
217 tid 105954
Remove  tid 105954
FindTargetPageId rootid 9 tid 105954
target_page_id id: 8 tid 105954
0 1 tid 105954
196 11 tid 105954
359 8 tid 105954
217 tid 105954
Remove  tid 105954
FindTargetPageId rootid 9 tid 105954
target_page_id id: 8 tid 105954
0 1 tid 105954
196 11 tid 105954
359 8 tid 105954
217 tid 105954
Remove  tid 105954
FindTargetPageId rootid 9 tid 105954
target_page_id id: 8 tid 105954
0 1 tid 105954
196 11 tid 105954
359 8 tid 105954
217 tid 105954
Remove  tid 105954
FindTargetPageId rootid 9 tid 105954
target_page_id id: 8 tid 105954
0 1 tid 105954
196 11 tid 105954
359 8 tid 105954
217 tid 105954
Remove  tid 105954
FindTargetPageId rootid 9 tid 105954
target_page_id id: 8 tid 105954
0 1 tid 105954
196 11 tid 105954
359 8 tid 105954
217 tid 105954
Remove  tid 105954
FindTargetPageId rootid 9 tid 105954
target_page_id id: 8 tid 105954
0 1 tid 105954
196 11 tid 105954
359 8 tid 105954
217 tid 105954
Remove  tid 105954
FindTargetPageId rootid 9 tid 105954
target_page_id id: 8 tid 105954
0 1 tid 105954
196 11 tid 105954
359 8 tid 105954
217 tid 105954
Remove  tid 105954
FindTargetPageId rootid 9 tid 105954
target_page_id id: 8 tid 105954
0 1 tid 105954
196 11 tid 105954
359 8 tid 105954
217 tid 105954
Remove  tid 105954
FindTargetPageId rootid 9 tid 105954
target_page_id id: 8 tid 105954
0 1 tid 105954
196 11 tid 105954
359 8 tid 105954
217 tid 105954
Remove  tid 105954
FindTargetPageId rootid 9 tid 105954
target_page_id id: 8 tid 105954
0 1 tid 105954
196 11 tid 105954
359 8 tid 105954
217 tid 105954
Remove  tid 105954
FindTargetPageId rootid 9 tid 105953
target_page_id id: 8 tid 105953
0 1 tid 105953
196 11 tid 105953
359 8 tid 105953
217 tid 105953
Insert  tid 105953
FindTargetPageId rootid 9 tid 105955
target_page_id id: 8 tid 105955
0 1 tid 105955
196 11 tid 105955
359 8 tid 105955
218 tid 105955
Insert  tid 105955
FindTargetPageId rootid 9 tid 105954
target_page_id id: 8 tid 105954
0 1 tid 105954
196 11 tid 105954
359 8 tid 105954
219 tid 105954
Remove  tid 105954
FindTargetPageId rootid 9 tid 105953
target_page_id id: 8 tid 105953
0 1 tid 105953
196 11 tid 105953
359 8 tid 105953
219 tid 105953
Insert  tid 105953
FindTargetPageId rootid 9 tid 105955
target_page_id id: 8 tid 105955
0 1 tid 105955
196 11 tid 105955
359 8 tid 105955
220 tid 105955
Insert  tid 105955
FindTargetPageId rootid 9 tid 105954
target_page_id id: 8 tid 105954
0 1 tid 105954
196 11 tid 105954
359 8 tid 105954
221 tid 105954
Remove  tid 105954
FindTargetPageId rootid 9 tid 105953
target_page_id id: 8 tid 105953
0 1 tid 105953
196 11 tid 105953
359 8 tid 105953
221 tid 105953
Insert  tid 105953
FindTargetPageId rootid 9 tid 105955
target_page_id id: 8 tid 105955
0 1 tid 105955
196 11 tid 105955
359 8 tid 105955
222 tid 105955
Insert  tid 105955
FindTargetPageId rootid 9 tid 105955
target_page_id id: 8 tid 105955
0 1 tid 105955
196 11 tid 105955
359 8 tid 105955
223 tid 105955
Insert  tid 105955
FindTargetPageId rootid 9 tid 105953
target_page_id id: 8 tid 105953
0 1 tid 105953
196 11 tid 105953
359 8 tid 105953
224 tid 105953
Insert  tid 105953
FindTargetPageId rootid 9 tid 105954
target_page_id id: 8 tid 105954
0 1 tid 105954
196 11 tid 105954
359 8 tid 105954
225 tid 105954
Remove  tid 105954
FindTargetPageId rootid 9 tid 105955
target_page_id id: 8 tid 105955
0 1 tid 105955
196 11 tid 105955
359 8 tid 105955
225 tid 105955
Insert  tid 105955
FindTargetPageId rootid 9 tid 105953
target_page_id id: 8 tid 105953
0 1 tid 105953
196 11 tid 105953
359 8 tid 105953
226 tid 105953
Insert  tid 105953
FindTargetPageId rootid 9 tid 105954
target_page_id id: 8 tid 105954
0 1 tid 105954
196 11 tid 105954
359 8 tid 105954
227 tid 105954
Remove  tid 105954
FindTargetPageId rootid 9 tid 105954
target_page_id id: 8 tid 105954
0 1 tid 105954
196 11 tid 105954
359 8 tid 105954
227 tid 105954
Remove  tid 105954
FindTargetPageId rootid 9 tid 105954
target_page_id id: 8 tid 105954
0 1 tid 105954
196 11 tid 105954
359 8 tid 105954
227 tid 105954
Remove  tid 105954
FindTargetPageId rootid 9 tid 105954
target_page_id id: 8 tid 105954
0 1 tid 105954
196 11 tid 105954
359 8 tid 105954
227 tid 105954
Remove  tid 105954
FindTargetPageId rootid 9 tid 105954
target_page_id id: 8 tid 105954
0 1 tid 105954
196 11 tid 105954
359 8 tid 105954
227 tid 105954
Remove  tid 105954
FindTargetPageId rootid 9 tid 105954
target_page_id id: 8 tid 105954
0 1 tid 105954
196 11 tid 105954
359 8 tid 105954
227 tid 105954
Remove  tid 105954
FindTargetPageId rootid 9 tid 105954
target_page_id id: 8 tid 105954
0 1 tid 105954
196 11 tid 105954
359 8 tid 105954
227 tid 105954
Remove  tid 105954
FindTargetPageId rootid 9 tid 105954
target_page_id id: 8 tid 105954
0 1 tid 105954
196 11 tid 105954
359 8 tid 105954
227 tid 105954
Remove  tid 105954
FindTargetPageId rootid 9 tid 105954
target_page_id id: 8 tid 105954
0 1 tid 105954
196 11 tid 105954
359 8 tid 105954
227 tid 105954
Remove  tid 105954
FindTargetPageId rootid 9 tid 105953
target_page_id id: 8 tid 105953
0 1 tid 105953
196 11 tid 105953
359 8 tid 105953
227 tid 105953
Insert  tid 105953
FindTargetPageId rootid 9 tid 105953
target_page_id id: 8 tid 105953
0 1 tid 105953
196 11 tid 105953
359 8 tid 105953
228 tid 105953
Insert  tid 105953
FindTargetPageId rootid 9 tid 105954
target_page_id id: 8 tid 105954
0 1 tid 105954
196 11 tid 105954
359 8 tid 105954
229 tid 105954
Remove  tid 105954
FindTargetPageId rootid 9 tid 105954
target_page_id id: 8 tid 105954
0 1 tid 105954
196 11 tid 105954
359 8 tid 105954
229 tid 105954
Remove  tid 105954
FindTargetPageId rootid 9 tid 105954
target_page_id id: 8 tid 105954
0 1 tid 105954
196 11 tid 105954
359 8 tid 105954
229 tid 105954
Remove  tid 105954
FindTargetPageId rootid 9 tid 105954
target_page_id id: 8 tid 105954
0 1 tid 105954
196 11 tid 105954
359 8 tid 105954
229 tid 105954
Remove  tid 105954
FindTargetPageId rootid 9 tid 105954
target_page_id id: 8 tid 105954
0 1 tid 105954
196 11 tid 105954
359 8 tid 105954
229 tid 105954
Remove  tid 105954
FindTargetPageId rootid 9 tid 105954
target_page_id id: 8 tid 105954
0 1 tid 105954
196 11 tid 105954
359 8 tid 105954
229 tid 105954
Remove  tid 105954
FindTargetPageId rootid 9 tid 105955
target_page_id id: 8 tid 105955
0 1 tid 105955
196 11 tid 105955
359 8 tid 105955
229 tid 105955
Insert  tid 105955
FindTargetPageId rootid 9 tid 105953
target_page_id id: 8 tid 105953
0 1 tid 105953
196 11 tid 105953
359 8 tid 105953
230 tid 105953
Insert  tid 105953
FindTargetPageId rootid 9 tid 105953
target_page_id id: 8 tid 105953
0 1 tid 105953
196 11 tid 105953
359 8 tid 105953
231 tid 105953
Insert  tid 105953
FindTargetPageId rootid 9 tid 105955
target_page_id id: 8 tid 105955
0 1 tid 105955
196 11 tid 105955
359 8 tid 105955
232 tid 105955
Insert  tid 105955
FindTargetPageId rootid 9 tid 105955
target_page_id id: 8 tid 105955
0 1 tid 105955
196 11 tid 105955
359 8 tid 105955
233 tid 105955
Insert  tid 105955
FindTargetPageId rootid 9 tid 105953
target_page_id id: 8 tid 105953
0 1 tid 105953
196 11 tid 105953
359 8 tid 105953
234 tid 105953
Insert  tid 105953
FindTargetPageId rootid 9 tid 105953
target_page_id id: 8 tid 105953
0 1 tid 105953
196 11 tid 105953
359 8 tid 105953
235 tid 105953
Insert  tid 105953
FindTargetPageId rootid 9 tid 105953
target_page_id id: 8 tid 105953
0 1 tid 105953
196 11 tid 105953
359 8 tid 105953
236 tid 105953
Insert  tid 105953
FindTargetPageId rootid 9 tid 105955
target_page_id id: 8 tid 105955
0 1 tid 105955
196 11 tid 105955
359 8 tid 105955
237 tid 105955
Insert  tid 105955
FindTargetPageId rootid 9 tid 105954
target_page_id id: 8 tid 105954
0 1 tid 105954
196 11 tid 105954
359 8 tid 105954
238 tid 105954
Remove  tid 105954
FindTargetPageId rootid 9 tid 105953
target_page_id id: 8 tid 105953
0 1 tid 105953
196 11 tid 105953
359 8 tid 105953
238 tid 105953
Insert  tid 105953
FindTargetPageId rootid 9 tid 105955
target_page_id id: 8 tid 105955
0 1 tid 105955
196 11 tid 105955
359 8 tid 105955
239 tid 105955
Insert  tid 105955
FindTargetPageId rootid 9 tid 105954
target_page_id id: 8 tid 105954
0 1 tid 105954
196 11 tid 105954
359 8 tid 105954
240 tid 105954
Remove  tid 105954
FindTargetPageId rootid 9 tid 105953
target_page_id id: 8 tid 105953
0 1 tid 105953
196 11 tid 105953
359 8 tid 105953
240 tid 105953
Insert  tid 105953
FindTargetPageId rootid 9 tid 105955
target_page_id id: 8 tid 105955
0 1 tid 105955
196 11 tid 105955
359 8 tid 105955
241 tid 105955
Insert  tid 105955
FindTargetPageId rootid 9 tid 105954
target_page_id id: 8 tid 105954
0 1 tid 105954
196 11 tid 105954
359 8 tid 105954
242 tid 105954
Remove  tid 105954
FindTargetPageId rootid 9 tid 105953
target_page_id id: 8 tid 105953
0 1 tid 105953
196 11 tid 105953
359 8 tid 105953
242 tid 105953
Insert  tid 105953
FindTargetPageId rootid 9 tid 105955
target_page_id id: 8 tid 105955
0 1 tid 105955
196 11 tid 105955
359 8 tid 105955
243 tid 105955
Insert  tid 105955
FindTargetPageId rootid 9 tid 105954
target_page_id id: 8 tid 105954
0 1 tid 105954
196 11 tid 105954
359 8 tid 105954
244 tid 105954
Remove  tid 105954
FindTargetPageId rootid 9 tid 105953
target_page_id id: 8 tid 105953
0 1 tid 105953
196 11 tid 105953
359 8 tid 105953
244 tid 105953
Insert  tid 105953
FindTargetPageId rootid 9 tid 105955
target_page_id id: 8 tid 105955
0 1 tid 105955
196 11 tid 105955
359 8 tid 105955
245 tid 105955
Insert  tid 105955
FindTargetPageId rootid 9 tid 105954
target_page_id id: 8 tid 105954
0 1 tid 105954
196 11 tid 105954
359 8 tid 105954
246 tid 105954
Remove  tid 105954
FindTargetPageId rootid 9 tid 105953
target_page_id id: 8 tid 105953
0 1 tid 105953
196 11 tid 105953
359 8 tid 105953
246 tid 105953
Insert  tid 105953
FindTargetPageId rootid 9 tid 105955
target_page_id id: 8 tid 105955
0 1 tid 105955
196 11 tid 105955
359 8 tid 105955
247 tid 105955
Insert  tid 105955
FindTargetPageId rootid 9 tid 105955
target_page_id id: 8 tid 105955
0 1 tid 105955
196 11 tid 105955
359 8 tid 105955
248 tid 105955
Insert  tid 105955
FindTargetPageId rootid 9 tid 105953
target_page_id id: 8 tid 105953
0 1 tid 105953
196 11 tid 105953
359 8 tid 105953
249 tid 105953
Insert  tid 105953
FindTargetPageId rootid 9 tid 105954
target_page_id id: 8 tid 105954
0 1 tid 105954
196 11 tid 105954
359 8 tid 105954
250 tid 105954
Remove  tid 105954
FindTargetPageId rootid 9 tid 105955
target_page_id id: 8 tid 105955
0 1 tid 105955
196 11 tid 105955
359 8 tid 105955
250 tid 105955
Insert  tid 105955
FindTargetPageId rootid 9 tid 105953
target_page_id id: 8 tid 105953
0 1 tid 105953
196 11 tid 105953
359 8 tid 105953
251 tid 105953
FindTargetPageId rootid 9 tid Insert 105954 tid 
target_page_id id: 8 tid 105954
0 1 tid 105954
196 11 tid 105954
359 8 tid 105954
105953
252 tid 105954
Remove  tid 105954
FindTargetPageId rootid 9 tid 105955
target_page_id id: 8 tid 105955
0 1 tid 105955
196 11 tid 105955
359 8 tid 105955
252 tid 105955
Insert  tid 105955
FindTargetPageId rootid 9 tid 105953
target_page_id id: 8 tid 105953
0 1 tid 105953
196 11 tid 105953
359 8 tid 105953
253 tid 105953
Insert  tid 105953
FindTargetPageId rootid 9 tid 105954
target_page_id id: 8 tid 105954
0 1 tid 105954
196 11 tid 105954
359 8 tid 105954
254 tid 105954
Remove  tid 105954
FindTargetPageId rootid 9 tid 105955
target_page_id id: 8 tid 105955
0 1 tid 105955
196 11 tid 105955
359 8 tid 105955
254 tid 105955
Insert  tid 105955
FindTargetPageId rootid 9 tid 105953
target_page_id id: 13 tid 105953
0 1 tid 105953
196 11 tid 105953
359 8 tid 105953
533 13 tid 105953
128 tid 105953
Insert  tid 105953
FindTargetPageId rootid 9 tid 105954
target_page_id id: 13 tid 105954
0 1 tid 105954
196 11 tid 105954
359 8 tid 105954
533 13 tid 105954
129 tid 105954
Remove  tid 105954
FindTargetPageId rootid 9 tid 105955
target_page_id id: 13 tid 105955
0 1 tid 105955
196 11 tid 105955
359 8 tid 105955
533 13 tid 105955
129 tid 105955
Insert  tid 105955
FindTargetPageId rootid 9 tid 105953
target_page_id id: 13 tid 105953
0 1 tid 105953
196 11 tid 105953
359 8 tid 105953
533 13 tid 105953
130 tid 105953
Insert  tid 105953
FindTargetPageId rootid 9 tid 105954
target_page_id id: 13 tid 105954
0 1 tid 105954
196 11 tid 105954
359 8 tid 105954
533 13 tid 105954
131 tid 105954
Remove  tid 105954
FindTargetPageId rootid 9 tid 105955
target_page_id id: 13 tid 105955
0 1 tid 105955
196 11 tid 105955
359 8 tid 105955
533 13 tid 105955
131 tid 105955
Insert  tid 105955
FindTargetPageId rootid 9 tid 105953
target_page_id id: 13 tid 105953
0 1 tid 105953
196 11 tid 105953
359 8 tid 105953
533 13 tid 105953
132 tid 105953
Insert  tid 105953
FindTargetPageId rootid 9 tid 105954
target_page_id id: 13 tid 105954
0 1 tid 105954
196 11 tid 105954
359 8 tid 105954
533 13 tid 105954
133 tid 105954
Remove  tid 105954
FindTargetPageId rootid 9 tid 105955
target_page_id id: 13 tid 105955
0 1 tid 105955
196 11 tid 105955
359 8 tid 105955
533 13 tid 105955
133 tid 105955
Insert  tid 105955
FindTargetPageId rootid 9 tid 105953
target_page_id id: 13 tid 105953
0 1 tid 105953
196 11 tid 105953
359 8 tid 105953
533 13 tid 105953
134 tid 105953
Insert  tid 105953
FindTargetPageId rootid 9 tid 105954
target_page_id id: 13 tid 105954
0 1 tid 105954
196 11 tid 105954
359 8 tid 105954
533 13 tid 105954
135 tid 105954
Remove  tid 105954
FindTargetPageId rootid 9 tid 105955
target_page_id id: 13 tid 105955
0 1 tid 105955
196 11 tid 105955
359 8 tid 105955
533 13 tid 105955
135 tid 105955
Insert  tid 105955
FindTargetPageId rootid 9 tid 105953
target_page_id id: 13 tid 105953
0 1 tid 105953
196 11 tid 105953
359 8 tid 105953
533 13 tid 105953
136 tid 105953
Insert  tid 105953
FindTargetPageId rootid 9 tid 105954
target_page_id id: 13 tid 105954
0 1 tid 105954
196 11 tid 105954
359 8 tid 105954
533 13 tid 105954
137 tid 105954
Remove  tid 105954
FindTargetPageId rootid 9 tid 105955
target_page_id id: 13 tid 105955
0 1 tid 105955
196 11 tid 105955
359 8 tid 105955
533 13 tid 105955
137 tid 105955
Insert  tid 105955
FindTargetPageId rootid 9 tid 105953
target_page_id id: 13 tid 105953
0 1 tid 105953
196 11 tid 105953
359 8 tid 105953
533 13 tid 105953
138 tid 105953
Insert  tid 105953
FindTargetPageId rootid 9 tid 105954
target_page_id id: 13 tid 105954
0 1 tid 105954
196 11 tid 105954
359 8 tid 105954
533 13 tid 105954
139 tid 105954
Remove  tid 105954
FindTargetPageId rootid 9 tid 105955
target_page_id id: 13 tid 105955
0 1 tid 105955
196 11 tid 105955
359 8 tid 105955
533 13 tid 105955
139 tid 105955
Insert  tid 105955
FindTargetPageId rootid 9 tid 105953
target_page_id id: 13 tid 105953
0 1 tid 105953
196 11 tid 105953
359 8 tid 105953
533 13 tid 105953
140 tid 105953
Insert  tid 105953
FindTargetPageId rootid 9 tid 105954
target_page_id id: 13 tid 105954
0 1 tid 105954
196 11 tid 105954
359 8 tid 105954
533 13 tid 105954
141 tid 105954
Remove  tid 105954
FindTargetPageId rootid 9 tid 105955
target_page_id id: 13 tid 105955
0 1 tid 105955
196 11 tid 105955
359 8 tid 105955
533 13 tid 105955
141 tid 105955
Insert  tid 105955
FindTargetPageId rootid 9 tid 105953
target_page_id id: 13 tid 105953
0 1 tid 105953
196 11 tid 105953
359 8 tid 105953
533 13 tid 105953
142 tid 105953
Insert  tid 105953
FindTargetPageId rootid 9 tid 105954
target_page_id id: 13 tid 105954
0 1 tid 105954
196 11 tid 105954
359 8 tid 105954
533 13 tid 105954
143 tid 105954
Remove  tid 105954
FindTargetPageId rootid 9 tid 105955
target_page_id id: 13 tid 105955
0 1 tid 105955
196 11 tid 105955
359 8 tid 105955
533 13 tid 105955
143 tid 105955
Insert  tid 105955
FindTargetPageId rootid 9 tid 105953
target_page_id id: 13 tid 105953
0 1 tid 105953
196 11 tid 105953
359 8 tid 105953
533 13 tid 105953
144 tid 105953
Insert  tid 105953
FindTargetPageId rootid 9 tid 105954
target_page_id id: 13 tid 105954
0 1 tid 105954
196 11 tid 105954
359 8 tid 105954
533 13 tid 105954
145 tid 105954
Remove  tid 105954
FindTargetPageId rootid 9 tid 105955
target_page_id id: 13 tid 105955
0 1 tid 105955
196 11 tid 105955
359 8 tid 105955
533 13 tid 105955
145 tid 105955
FindTargetPageId rootid 9 tid 105953
target_page_id id: 13 tid 105953
0 1 tid 105953
Insert 196 11 tid 105953
359 8 tid 105953
533 13 tid 105953
146 tid 105953
 tid 105955
Insert  tid 105953
FindTargetPageId rootid 9 tid 105954
target_page_id id: 13 tid 105954
0 1 tid 105954
196 11 tid 105954
359 8 tid 105954
533 13 tid 105954
147 tid 105954
Remove  tid 105954
FindTargetPageId rootid 9 tid 105955
target_page_id id: 13 tid 105955
0 1 tid 105955
196 11 tid 105955
359 8 tid 105955
533 13 tid 105955
147 tid 105955
Insert  tid 105955
FindTargetPageId rootid 9 tid 105953
target_page_id id: 13 tid 105953
0 1 tid 105953
196 11 tid 105953
359 8 tid 105953
533 13 tid 105953
148 tid 105953
Insert  tid 105953
FindTargetPageId rootid 9 tid 105954
target_page_id id: 13 tid 105954
0 1 tid 105954
196 11 tid 105954
359 8 tid 105954
533 13 tid 105954
149 tid 105954
Remove  tid 105954
FindTargetPageId rootid 9 tid 105955
target_page_id id: 13 tid 105955
0 1 tid 105955
196 11 tid 105955
359 8 tid 105955
533 13 tid 105955
149 tid 105955
Insert  tid 105955
FindTargetPageId rootid 9 tid 105953
target_page_id id: 13 tid 105953
0 1 tid 105953
196 11 tid 105953
359 8 tid 105953
533 13 tid 105953
150 tid 105953
Insert  tid 105953
FindTargetPageId rootid 9 tid 105954
target_page_id id: 13 tid 105954
0 1 tid 105954
196 11 tid 105954
359 8 tid 105954
533 13 tid 105954
151 tid 105954
Remove  tid 105954
FindTargetPageId rootid 9 tid 105955
target_page_id id: 13 tid 105955
0 1 tid 105955
196 11 tid 105955
359 8 tid 105955
533 13 tid 105955
151 tid 105955
Insert  tid 105955
FindTargetPageId rootid 9 tid 105953
target_page_id id: 13 tid 105953
0 1 tid 105953
196 11 tid 105953
359 8 tid 105953
533 13 tid 105953
152 tid 105953
Insert  tid 105953
FindTargetPageId rootid 9 tid 105954
target_page_id id: 13 tid 105954
0 1 tid 105954
196 11 tid 105954
359 8 tid 105954
533 13 tid 105954
153 tid 105954
Remove  tid 105954
FindTargetPageId rootid 9 tid 105955
target_page_id id: 13 tid 105955
0 1 tid 105955
196 11 tid 105955
359 8 tid 105955
533 13 tid 105955
153 tid 105955
Insert  tid 105955
FindTargetPageId rootid 9 tid 105953
target_page_id id: 13 tid 105953
0 1 tid 105953
196 11 tid 105953
359 8 tid 105953
533 13 tid 105953
154 tid 105953
Insert  tid 105953
FindTargetPageId rootid 9 tid 105954
target_page_id id: 13 tid 105954
0 1 tid 105954
196 11 tid 105954
359 8 tid 105954
533 13 tid 105954
155 tid 105954
Remove  tid 105954
FindTargetPageId rootid 9 tid 105955
target_page_id id: 13 tid 105955
0 1 tid 105955
196 11 tid 105955
359 8 tid 105955
533 13 tid 105955
155 tid 105955
Insert  tid 105955
FindTargetPageId rootid 9 tid 105953
target_page_id id: 13 tid 105953
0 1 tid 105953
196 11 tid 105953
359 8 tid 105953
533 13 tid 105953
156 tid 105953
Insert  tid 105953
FindTargetPageId rootid 9 tid 105954
target_page_id id: 13 tid 105954
0 1 tid 105954
196 11 tid 105954
359 8 tid 105954
533 13 tid 105954
157 tid 105954
Remove  tid 105954
FindTargetPageId rootid 9 tid 105955
target_page_id id: 13 tid 105955
0 1 tid 105955
196 11 tid 105955
359 8 tid 105955
533 13 tid 105955
157 tid 105955
Insert  tid 105955
FindTargetPageId rootid 9 tid 105953
target_page_id id: 13 tid 105953
0 1 tid 105953
196 11 tid 105953
359 8 tid 105953
533 13 tid 105953
158 tid 105953
Insert  tid 105953
FindTargetPageId rootid 9 tid 105954
target_page_id id: 13 tid 105954
0 1 tid 105954
196 11 tid 105954
359 8 tid 105954
533 13 tid 105954
159 tid 105954
Remove  tid 105954
FindTargetPageId rootid 9 tid 105955
target_page_id id: 13 tid 105955
0 1 tid 105955
196 11 tid 105955
359 8 tid 105955
533 13 tid 105955
159 tid 105955
Insert  tid 105955
FindTargetPageId rootid 9 tid 105953
target_page_id id: 13 tid 105953
0 1 tid 105953
196 11 tid 105953
359 8 tid 105953
533 13 tid 105953
160 tid 105953
Insert  tid 105953
FindTargetPageId rootid 9 tid 105954
target_page_id id: 13 tid 105954
0 1 tid 105954
196 11 tid 105954
359 8 tid 105954
533 13 tid 105954
161 tid 105954
Remove  tid 105954
FindTargetPageId rootid 9 tid 105955
target_page_id id: 13 tid 105955
0 1 tid 105955
196 11 tid 105955
359 8 tid 105955
533 13 tid 105955
161 tid 105955
Insert  tid 105955
FindTargetPageId rootid 9 tid 105953
target_page_id id: 13 tid 105953
0 1 tid 105953
196 11 tid 105953
359 8 tid 105953
533 13 tid 105953
162 tid 105953
Insert  tid 105953
FindTargetPageId rootid 9 tid 105954
target_page_id id: 13 tid 105954
0 1 tid 105954
196 11 tid 105954
359 8 tid 105954
533 13 tid 105954
163 tid 105954
Remove  tid 105954
FindTargetPageId rootid 9 tid 105955
target_page_id id: 13 tid 105955
0 1 tid 105955
196 11 tid 105955
359 8 tid 105955
533 13 tid 105955
163 tid 105955
Insert  tid 105955
FindTargetPageId rootid 9 tid 105953
target_page_id id: 13 tid 105953
0 1 tid 105953
196 11 tid 105953
359 8 tid 105953
533 13 tid 105953
164 tid 105953
Insert  tid 105953
FindTargetPageId rootid 9 tid 105954
target_page_id id: 13 tid 105954
0 1 tid 105954
196 11 tid 105954
359 8 tid 105954
533 13 tid 105954
165 tid 105954
Remove  tid 105954
FindTargetPageId rootid 9 tid 105955
target_page_id id: 13 tid 105955
0 1 tid 105955
196 11 tid 105955
359 8 tid 105955
533 13 tid 105955
165 tid 105955
Insert  tid 105955
FindTargetPageId rootid 9 tid 105953
target_page_id id: 13 tid 105953
0 1 tid 105953
196 11 tid 105953
359 8 tid 105953
533 13 tid 105953
166 tid 105953
Insert  tid 105953
FindTargetPageId rootid 9 tid 105954
target_page_id id: 13 tid 105954
0 1 tid 105954
196 11 tid 105954
359 8 tid 105954
533 13 tid 105954
167 tid 105954
Remove  tid 105954
FindTargetPageId rootid 9 tid 105955
target_page_id id: 13 tid 105955
0 1 tid 105955
196 11 tid 105955
359 8 tid 105955
533 13 tid 105955
167 tid 105955
Insert  tid 105955
FindTargetPageId rootid 9 tid 105953
target_page_id id: 13 tid 105953
0 1 tid 105953
196 11 tid 105953
359 8 tid 105953
533 13 tid 105953
168 tid 105953
Insert  tid 105953
FindTargetPageId rootid 9 tid 105953
target_page_id id: 13 tid 105953
0 1 tid 105953
196 11 tid 105953
359 8 tid 105953
533 13 tid 105953
169 tid 105953
Insert  tid 105953
FindTargetPageId rootid 9 tid 105953
target_page_id id: 13 tid 105953
0 1 tid 105953
196 11 tid 105953
359 8 tid 105953
533 13 tid 105953
170 tid 105953
Insert  tid 105953
FindTargetPageId rootid 9 tid 105954
target_page_id id: 13 tid 105954
0 1 tid 105954
196 11 tid 105954
359 8 tid 105954
533 13 tid 105954
171 tid 105954
Remove  tid 105954
FindTargetPageId rootid 9 tid 105954
target_page_id id: 13 tid 105954
0 1 tid 105954
196 11 tid 105954
359 8 tid 105954
533 13 tid 105954
171 tid 105954
Remove  tid 105954
FindTargetPageId rootid 9 tid 105954
target_page_id id: 13 tid 105954
0 1 tid 105954
196 11 tid 105954
359 8 tid 105954
533 13 tid 105954
171 tid 105954
Remove  tid 105954
FindTargetPageId rootid 9 tid 105954
target_page_id id: 13 tid 105954
0 1 tid 105954
196 11 tid 105954
359 8 tid 105954
533 13 tid 105954
171 tid 105954
Remove  tid 105954
FindTargetPageId rootid 9 tid 105955
target_page_id id: 13 tid 105955
0 1 tid 105955
196 11 tid 105955
359 8 tid 105955
533 13 tid 105955
171 tid 105955
Insert  tid 105955
FindTargetPageId rootid 9 tid 105953
target_page_id id: 13 tid 105953
0 1 tid 105953
196 11 tid 105953
359 8 tid 105953
533 13 tid 105953
172 tid 105953
Insert  tid 105953
FindTargetPageId rootid 9 tid 105954
target_page_id id: 13 tid 105954
0 1 tid 105954
196 11 tid 105954
359 8 tid 105954
533 13 tid 105954
173 tid 105954
Remove  tid 105954
FindTargetPageId rootid 9 tid 105955
target_page_id id: 13 tid 105955
0 1 tid 105955
196 11 tid 105955
359 8 tid 105955
533 13 tid 105955
173 tid 105955
Insert  tid 105955
FindTargetPageId rootid 9 tid 105953
target_page_id id: 13 tid 105953
0 1 tid 105953
196 11 tid 105953
359 8 tid 105953
533 13 tid 105953
174 tid 105953
Insert  tid 105953
FindTargetPageId rootid 9 tid 105954
target_page_id id: 13 tid 105954
0 1 tid 105954
196 11 tid 105954
359 8 tid 105954
533 13 tid 105954
175 tid 105954
Remove  tid 105954
FindTargetPageId rootid 9 tid 105955
target_page_id id: 13 tid 105955
0 1 tid 105955
196 11 tid 105955
359 8 tid 105955
533 13 tid 105955
175 tid 105955
Insert  tid 105955
FindTargetPageId rootid 9 tid 105953
target_page_id id: 13 tid 105953
0 1 tid 105953
196 11 tid 105953
359 8 tid 105953
533 13 tid 105953
176 tid 105953
Insert  tid 105953
FindTargetPageId rootid 9 tid 105954
target_page_id id: 13 tid 105954
0 1 tid 105954
196 11 tid 105954
359 8 tid 105954
533 13 tid 105954
177 tid 105954
Remove  tid 105954
FindTargetPageId rootid 9 tid 105955
target_page_id id: 13 tid 105955
0 1 tid 105955
196 11 tid 105955
359 8 tid 105955
533 13 tid 105955
177 tid 105955
Insert  tid 105955
FindTargetPageId rootid 9 tid 105953
target_page_id id: 13 tid 105953
0 1 tid 105953
196 11 tid 105953
359 8 tid 105953
533 13 tid 105953
178 tid 105953
Insert  tid 105953
FindTargetPageId rootid 9 tid 105954
target_page_id id: 13 tid 105954
0 1 tid 105954
196 11 tid 105954
359 8 tid 105954
533 13 tid 105954
179 tid 105954
Remove  tid 105954
FindTargetPageId rootid 9 tid 105955
target_page_id id: 13 tid 105955
0 1 tid 105955
196 11 tid 105955
359 8 tid 105955
533 13 tid 105955
179 tid 105955
Insert  tid 105955
FindTargetPageId rootid 9 tid 105953
target_page_id id: 13 tid 105953
0 1 tid 105953
196 11 tid 105953
359 8 tid 105953
533 13 tid 105953
180 tid 105953
Insert  tid 105953
FindTargetPageId rootid 9 tid 105954
target_page_id id: 13 tid 105954
0 1 tid 105954
196 11 tid 105954
359 8 tid 105954
533 13 tid 105954
181 tid 105954
Remove  tid 105954
FindTargetPageId rootid 9 tid 105955
target_page_id id: 13 tid 105955
0 1 tid 105955
196 11 tid 105955
359 8 tid 105955
533 13 tid 105955
181 tid 105955
Insert  tid 105955
FindTargetPageId rootid 9 tid 105953
target_page_id id: 13 tid 105953
0 1 tid 105953
196 11 tid 105953
359 8 tid 105953
533 13 tid 105953
182 tid 105953
Insert  tid 105953
FindTargetPageId rootid 9 tid 105954
target_page_id id: 13 tid 105954
0 1 tid 105954
196 11 tid 105954
359 8 tid 105954
533 13 tid 105954
183 tid 105954
Remove  tid 105954
FindTargetPageId rootid 9 tid 105955
target_page_id id: 13 tid 105955
0 1 tid 105955
196 11 tid 105955
359 8 tid 105955
533 13 tid 105955
183 tid 105955
Insert  tid 105955
FindTargetPageId rootid 9 tid 105953
target_page_id id: 13 tid 105953
0 1 tid 105953
196 11 tid 105953
359 8 tid 105953
533 13 tid 105953
184 tid 105953
Insert  tid 105953
FindTargetPageId rootid 9 tid 105954
target_page_id id: 13 tid 105954
0 1 tid 105954
196 11 tid 105954
359 8 tid 105954
533 13 tid 105954
185 tid 105954
Remove  tid 105954
FindTargetPageId rootid 9 tid 105955
target_page_id id: 13 tid 105955
0 1 tid 105955
196 11 tid 105955
359 8 tid 105955
533 13 tid 105955
185 tid 105955
Insert  tid 105955
FindTargetPageId rootid 9 tid 105953
target_page_id id: 13 tid 105953
0 1 tid 105953
196 11 tid 105953
359 8 tid 105953
533 13 tid 105953
186 tid 105953
Insert  tid 105953
FindTargetPageId rootid 9 tid 105954
target_page_id id: 13 tid 105954
0 1 tid 105954
196 11 tid 105954
359 8 tid 105954
533 13 tid 105954
187 tid 105954
Remove  tid 105954
FindTargetPageId rootid 9 tid 105955
target_page_id id: 13 tid 105955
0 1 tid 105955
196 11 tid 105955
359 8 tid 105955
533 13 tid 105955
187 tid 105955
Insert  tid 105955
FindTargetPageId rootid 9 tid 105953
target_page_id id: 13 tid 105953
0 1 tid 105953
196 11 tid 105953
359 8 tid 105953
533 13 tid 105953
188 tid 105953
Insert  tid 105953
FindTargetPageId rootid 9 tid 105954
target_page_id id: 13 tid 105954
0 1 tid 105954
196 11 tid 105954
359 8 tid 105954
533 13 tid 105954
189 tid 105954
Remove  tid 105954
FindTargetPageId rootid 9 tid 105955
target_page_id id: 13 tid 105955
0 1 tid 105955
196 11 tid 105955
359 8 tid 105955
533 13 tid 105955
189 tid 105955
Insert  tid 105955
FindTargetPageId rootid 9 tid 105953
target_page_id id: 13 tid 105953
0 1 tid 105953
196 11 tid 105953
359 8 tid 105953
533 13 tid 105953
190 tid 105953
Insert  tid 105953
FindTargetPageId rootid 9 tid 105954
target_page_id id: 13 tid 105954
0 1 tid 105954
196 11 tid 105954
359 8 tid 105954
533 13 tid 105954
191 tid 105954
Remove  tid 105954
FindTargetPageId rootid 9 tid 105955
target_page_id id: 13 tid 105955
0 1 tid 105955
196 11 tid 105955
359 8 tid 105955
533 13 tid 105955
191 tid 105955
Insert  tid 105955
FindTargetPageId rootid 9 tid 105953
target_page_id id: 13 tid 105953
0 1 tid 105953
196 11 tid 105953
359 8 tid 105953
533 13 tid 105953
192 tid 105953
Insert  tid 105953
FindTargetPageId rootid 9 tid 105954
target_page_id id: 13 tid 105954
0 1 tid 105954
196 11 tid 105954
359 8 tid 105954
533 13 tid 105954
193 tid 105954
Remove  tid 105954
FindTargetPageId rootid 9 tid 105955
target_page_id id: 13 tid 105955
0 1 tid 105955
196 11 tid 105955
359 8 tid 105955
533 13 tid 105955
193 tid 105955
Insert  tid 105955
FindTargetPageId rootid 9 tid 105953
target_page_id id: 13 tid 105953
0 1 tid 105953
196 11 tid 105953
359 8 tid 105953
533 13 tid 105953
194 tid 105953
Insert  tid 105953
FindTargetPageId rootid 9 tid 105954
target_page_id id: 13 tid 105954
0 1 tid 105954
196 11 tid 105954
359 8 tid 105954
533 13 tid 105954
195 tid 105954
Remove  tid 105954
FindTargetPageId rootid 9 tid 105955
target_page_id id: 13 tid 105955
0 1 tid 105955
196 11 tid 105955
359 8 tid 105955
533 13 tid 105955
195 tid 105955
Insert  tid 105955
FindTargetPageId rootid 9 tid 105953
target_page_id id: 13 tid 105953
0 1 tid 105953
196 11 tid 105953
359 8 tid 105953
533 13 tid 105953
196 tid 105953
Insert  tid 105953
FindTargetPageId rootid 9 tid 105954
target_page_id id: 13 tid 105954
0 1 tid 105954
196 11 tid 105954
359 8 tid 105954
533 13 tid 105954
197 tid 105954
Remove  tid 105954
FindTargetPageId rootid 9 tid 105955
target_page_id id: 13 tid 105955
0 1 tid 105955
196 11 tid 105955
359 8 tid 105955
533 13 tid 105955
197 tid 105955
Insert  tid 105955
FindTargetPageId rootid 9 tid 105953
target_page_id id: 13 tid 105953
0 1 tid 105953
196 11 tid 105953
359 8 tid 105953
533 13 tid 105953
198 tid 105953
Insert  tid 105953
FindTargetPageId rootid 9 tid 105954
target_page_id id: 13 tid 105954
0 1 tid 105954
196 11 tid 105954
359 8 tid 105954
533 13 tid 105954
199 tid 105954
Remove  tid 105954
FindTargetPageId rootid 9 tid 105955
target_page_id id: 13 tid 105955
0 1 tid 105955
196 11 tid 105955
359 8 tid 105955
533 13 tid 105955
199 tid 105955
Insert  tid 105955
FindTargetPageId rootid 9 tid 105953
target_page_id id: 13 tid 105953
0 1 tid 105953
196 11 tid 105953
359 8 tid 105953
533 13 tid 105953
200 tid 105953
Insert  tid 105953
FindTargetPageId rootid 9 tid 105954
target_page_id id: 13 tid 105954
0 1 tid 105954
196 11 tid 105954
359 8 tid 105954
533 13 tid 105954
201 tid 105954
Remove  tid 105954
FindTargetPageId rootid 9 tid 105955
target_page_id id: 13 tid 105955
0 1 tid 105955
196 11 tid 105955
359 8 tid 105955
533 13 tid 105955
201 tid 105955
Insert  tid 105955
FindTargetPageId rootid 9 tid 105953
target_page_id id: 13 tid 105953
0 1 tid 105953
196 11 tid 105953
359 8 tid 105953
533 13 tid 105953
202 tid 105953
Insert  tid 105953
FindTargetPageId rootid 9 tid 105953
target_page_id id: 13 tid 105953
0 1 tid 105953
196 11 tid 105953
359 8 tid 105953
533 13 tid 105953
203 tid 105953
Insert  tid 105953
FindTargetPageId rootid 9 tid 105955
target_page_id id: 13 tid 105955
0 1 tid 105955
196 11 tid 105955
359 8 tid 105955
533 13 tid 105955
204 tid 105955
Insert  tid 105955
FindTargetPageId rootid 9 tid 105954
target_page_id id: 13 tid 105954
0 1 tid 105954
196 11 tid 105954
359 8 tid 105954
533 13 tid 105954
205 tid 105954
Remove  tid 105954
FindTargetPageId rootid 9 tid 105953
target_page_id id: 13 tid 105953
0 1 tid 105953
196 11 tid 105953
359 8 tid 105953
533 13 tid 105953
205 tid 105953
Insert  tid 105953
FindTargetPageId rootid 9 tid 105955
target_page_id id: 13 tid 105955
0 1 tid 105955
196 11 tid 105955
359 8 tid 105955
533 13 tid 105955
206 tid 105955
Insert  tid 105955
FindTargetPageId rootid 9 tid 105954
target_page_id id: 13 tid 105954
0 1 tid 105954
196 11 tid 105954
359 8 tid 105954
533 13 tid 105954
207 tid 105954
Remove  tid 105954
FindTargetPageId rootid 9 tid 105953
target_page_id id: 13 tid 105953
0 1 tid 105953
196 11 tid 105953
359 8 tid 105953
533 13 tid 105953
207 tid 105953
Insert  tid 105953
FindTargetPageId rootid 9 tid 105955
target_page_id id: 13 tid 105955
0 1 tid 105955
196 11 tid 105955
359 8 tid 105955
533 13 tid 105955
208 tid 105955
Insert  tid 105955
FindTargetPageId rootid 9 tid 105954
target_page_id id: 13 tid 105954
0 1 tid 105954
196 11 tid 105954
359 8 tid 105954
533 13 tid 105954
209 tid 105954
Remove  tid 105954
FindTargetPageId rootid 9 tid 105953
target_page_id id: 13 tid 105953
0 1 tid 105953
196 11 tid 105953
359 8 tid 105953
533 13 tid 105953
209 tid 105953
Insert  tid 105953
FindTargetPageId rootid 9 tid 105955
target_page_id id: 13 tid 105955
0 1 tid 105955
196 11 tid 105955
359 8 tid 105955
533 13 tid 105955
210 tid 105955
Insert  tid 105955
FindTargetPageId rootid 9 tid 105954
target_page_id id: 13 tid 105954
0 1 tid 105954
196 11 tid 105954
359 8 tid 105954
533 13 tid 105954
211 tid 105954
Remove  tid 105954
FindTargetPageId rootid 9 tid 105953
target_page_id id: 13 tid 105953
0 1 tid 105953
196 11 tid 105953
359 8 tid 105953
533 13 tid 105953
211 tid 105953
Insert  tid 105953
FindTargetPageId rootid 9 tid 105955
target_page_id id: 13 tid 105955
0 1 tid 105955
196 11 tid 105955
359 8 tid 105955
533 13 tid 105955
212 tid 105955
Insert  tid 105955
FindTargetPageId rootid 9 tid 105954
target_page_id id: 13 tid 105954
0 1 tid 105954
196 11 tid 105954
359 8 tid 105954
533 13 tid 105954
213 tid 105954
FindTargetPageId rootid 9 tid 105953
target_page_id id: 13 tid 105953
0 1 tid 105953
196 11 tid 105953
359 8 tid 105953
533 13 tid 105953
Remove 213 tid 105953
 tid 105954
Insert  tid 105953
FindTargetPageId rootid 9 tid 105955
target_page_id id: 13 tid 105955
0 1 tid 105955
196 11 tid 105955
359 8 tid 105955
533 13 tid 105955
214 tid 105955
Insert  tid 105955
FindTargetPageId rootid 9 tid 105954
target_page_id id: 13 tid 105954
0 1 tid 105954
196 11 tid 105954
359 8 tid 105954
533 13 tid 105954
215 tid 105954
Remove  tid 105954
FindTargetPageId rootid 9 tid 105953
target_page_id id: 13 tid 105953
0 1 tid 105953
196 11 tid 105953
359 8 tid 105953
533 13 tid 105953
215 tid 105953
Insert  tid 105953
FindTargetPageId rootid 9 tid 105955
target_page_id id: 13 tid 105955
0 1 tid 105955
196 11 tid 105955
359 8 tid 105955
533 13 tid 105955
216 tid 105955
Insert  tid 105955
FindTargetPageId rootid 9 tid 105954
target_page_id id: 13 tid 105954
0 1 tid 105954
196 11 tid 105954
359 8 tid 105954
533 13 tid 105954
217 tid 105954
Remove  tid 105954
FindTargetPageId rootid 9 tid 105954
target_page_id id: 13 tid 105954
0 1 tid 105954
196 11 tid 105954
359 8 tid 105954
533 13 tid 105954
217 tid 105954
Remove  tid 105954
FindTargetPageId rootid 9 tid 105955
target_page_id id: 13 tid 105955
0 1 tid 105955
196 11 tid 105955
359 8 tid 105955
533 13 tid 105955
217 tid 105955
Insert  tid 105955
FindTargetPageId rootid 9 tid 105953
target_page_id id: 13 tid 105953
0 1 tid 105953
196 11 tid 105953
359 8 tid 105953
533 13 tid 105953
218 tid 105953
Insert  tid 105953
FindTargetPageId rootid 9 tid 105954
target_page_id id: 13 tid 105954
0 1 tid 105954
196 11 tid 105954
359 8 tid 105954
533 13 tid 105954
219 tid 105954
Remove  tid 105954
FindTargetPageId rootid 9 tid 105955
target_page_id id: 13 tid 105955
0 1 tid 105955
196 11 tid 105955
359 8 tid 105955
533 13 tid 105955
219 tid 105955
Insert  tid 105955
FindTargetPageId rootid 9 tid 105953
target_page_id id: 13 tid 105953
0 1 tid 105953
196 11 tid 105953
359 8 tid 105953
533 13 tid 105953
220 tid 105953
Insert  tid 105953
FindTargetPageId rootid 9 tid 105954
target_page_id id: 13 tid 105954
0 1 tid 105954
196 11 tid 105954
359 8 tid 105954
533 13 tid 105954
221 tid 105954
Remove  tid 105954
FindTargetPageId rootid 9 tid 105954
target_page_id id: 13 tid 105954
0 1 tid 105954
196 11 tid 105954
359 8 tid 105954
533 13 tid 105954
221 tid 105954
Remove  tid 105954
FindTargetPageId rootid 9 tid 105954
target_page_id id: 13 tid 105954
0 1 tid 105954
196 11 tid 105954
359 8 tid 105954
533 13 tid 105954
221 tid 105954
Remove  tid 105954
FindTargetPageId rootid 9 tid 105953
target_page_id id: 13 tid 105953
0 1 tid 105953
196 11 tid 105953
359 8 tid 105953
533 13 tid 105953
221 tid 105953
Insert  tid 105953
FindTargetPageId rootid 9 tid 105955
target_page_id id: 13 tid 105955
0 1 tid 105955
196 11 tid 105955
359 8 tid 105955
533 13 tid 105955
222 tid 105955
Insert  tid 105955
FindTargetPageId rootid 9 tid 105954
target_page_id id: 13 tid 105954
0 1 tid 105954
196 11 tid 105954
359 8 tid 105954
533 13 tid 105954
223 tid 105954
Remove  tid 105954
FindTargetPageId rootid 9 tid 105953
target_page_id id: 13 tid 105953
0 1 tid 105953
196 11 tid 105953
359 8 tid 105953
533 13 tid 105953
223 tid 105953
FindTargetPageId rootid 9 tid 105955
target_page_id id: 13 tid 105955
0 1 tid 105955
196 11 tid 105955
359 8 tid 105955
533 13 tid Insert  tid 105953105955

224 tid 105955
Insert  tid 105955
FindTargetPageId rootid 9 tid 105954
target_page_id id: 13 tid 105954
0 1 tid 105954
196 11 tid 105954
359 8 tid 105954
533 13 tid 105954
225 tid 105954
Remove  tid 105954
FindTargetPageId rootid 9 tid 105953
target_page_id id: 13 tid 105953
0 1 tid 105953
196 11 tid 105953
359 8 tid 105953
533 13 tid 105953
225 tid 105953
Insert  tid 105953
FindTargetPageId rootid 9 tid 105955
target_page_id id: 13 tid 105955
0 1 tid 105955
196 11 tid 105955
359 8 tid 105955
533 13 tid 105955
226 tid 105955
Insert  tid 105955
FindTargetPageId rootid 9 tid 105954
target_page_id id: 13 tid 105954
0 1 tid 105954
196 11 tid 105954
359 8 tid 105954
533 13 tid 105954
227 tid 105954
Remove  tid 105954
FindTargetPageId rootid 9 tid 105953
target_page_id id: 13 tid 105953
0 1 tid 105953
196 11 tid 105953
359 8 tid 105953
533 13 tid 105953
227 tid 105953
Insert  tid 105953
FindTargetPageId rootid 9 tid 105955
target_page_id id: 13 tid 105955
0 1 tid 105955
196 11 tid 105955
359 8 tid 105955
533 13 tid 105955
228 tid 105955
Insert  tid 105955
FindTargetPageId rootid 9 tid 105954
target_page_id id: 13 tid 105954
0 1 tid 105954
196 11 tid 105954
359 8 tid 105954
533 13 tid 105954
229 tid 105954
Remove  tid 105954
FindTargetPageId rootid 9 tid 105953
target_page_id id: 13 tid 105953
0 1 tid 105953
196 11 tid 105953
359 8 tid 105953
533 13 tid 105953
229 tid 105953
Insert  tid 105953
FindTargetPageId rootid 9 tid 105955
target_page_id id: 13 tid 105955
0 1 tid 105955
196 11 tid 105955
359 8 tid 105955
533 13 tid 105955
230 tid 105955
Insert  tid 105955
FindTargetPageId rootid 9 tid 105954
target_page_id id: 13 tid 105954
0 1 tid 105954
196 11 tid 105954
359 8 tid 105954
533 13 tid 105954
231 tid 105954
Remove  tid 105954
FindTargetPageId rootid 9 tid 105953
target_page_id id: 13 tid 105953
0 1 tid 105953
196 11 tid 105953
359 8 tid 105953
533 13 tid 105953
231 tid 105953
Insert  tid 105953
FindTargetPageId rootid 9 tid 105955
target_page_id id: 13 tid 105955
0 1 tid 105955
196 11 tid 105955
359 8 tid 105955
533 13 tid 105955
232 tid 105955
Insert  tid 105955
FindTargetPageId rootid 9 tid 105954
target_page_id id: 13 tid 105954
0 1 tid 105954
196 11 tid 105954
359 8 tid 105954
533 13 tid 105954
233 tid 105954
Remove  tid 105954
FindTargetPageId rootid 9 tid 105953
target_page_id id: 13 tid 105953
0 1 tid 105953
196 11 tid 105953
359 8 tid 105953
533 13 tid 105953
233 tid 105953
Insert  tid 105953
FindTargetPageId rootid 9 tid 105955
target_page_id id: 13 tid 105955
0 1 tid 105955
196 11 tid 105955
359 8 tid 105955
533 13 tid 105955
234 tid 105955
Insert  tid 105955
FindTargetPageId rootid 9 tid 105954
target_page_id id: 13 tid 105954
0 1 tid 105954
196 11 tid 105954
359 8 tid 105954
533 13 tid 105954
234 tid 105954
Remove  tid 105954
FindTargetPageId rootid 9 tid 105953
target_page_id id: 13 tid 105953
0 1 tid 105953
196 11 tid 105953
359 8 tid 105953
533 13 tid 105953
234 tid 105953
Insert  tid 105953
FindTargetPageId rootid 9 tid 105955
target_page_id id: 13 tid 105955
0 1 tid 105955
196 11 tid 105955
359 8 tid 105955
533 13 tid 105955
235 tid 105955
Insert  tid 105955
FindTargetPageId rootid 9 tid 105954
target_page_id id: 13 tid 105954
0 1 tid 105954
196 11 tid 105954
359 8 tid 105954
533 13 tid 105954
235 tid 105954
Remove  tid 105954
FindTargetPageId rootid 9 tid 105953
target_page_id id: 13 tid 105953
0 1 tid 105953
196 11 tid 105953
359 8 tid 105953
533 13 tid 105953
235 tid 105953
Insert  tid 105953
FindTargetPageId rootid 9 tid 105955
target_page_id id: 13 tid 105955
0 1 tid 105955
196 11 tid 105955
359 8 tid 105955
533 13 tid 105955
236 tid 105955
Insert  tid 105955
FindTargetPageId rootid 9 tid 105955
target_page_id id: 13 tid 105955
0 1 tid 105955
196 11 tid 105955
359 8 tid 105955
533 13 tid 105955
236 tid 105955
Insert  tid 105955
FindTargetPageId rootid 9 tid 105955
target_page_id id: 13 tid 105955
0 1 tid 105955
196 11 tid 105955
359 8 tid 105955
533 13 tid 105955
236 tid 105955
Insert  tid 105955
FindTargetPageId rootid 9 tid 105955
target_page_id id: 13 tid 105955
0 1 tid 105955
196 11 tid 105955
359 8 tid 105955
533 13 tid 105955
236 tid 105955
Insert  tid 105955
FindTargetPageId rootid 9 tid 105955
target_page_id id: 13 tid 105955
0 1 tid 105955
196 11 tid 105955
359 8 tid 105955
533 13 tid 105955
236 tid 105955
Insert  tid 105955
FindTargetPageId rootid 9 tid 105955
target_page_id id: 13 tid 105955
0 1 tid 105955
196 11 tid 105955
359 8 tid 105955
533 13 tid 105955
236 tid 105955
Insert  tid 105955
FindTargetPageId rootid 9 tid 105955
target_page_id id: 13 tid 105955
0 1 tid 105955
196 11 tid 105955
359 8 tid 105955
533 13 tid 105955
236 tid 105955
Insert  tid 105955
FindTargetPageId rootid 9 tid 105955
target_page_id id: 13 tid 105955
0 1 tid 105955
196 11 tid 105955
359 8 tid 105955
533 13 tid 105955
236 tid 105955
Insert  tid 105955
FindTargetPageId rootid 9 tid 105955
target_page_id id: 13 tid 105955
0 1 tid 105955
196 11 tid 105955
359 8 tid 105955
533 13 tid 105955
236 tid 105955
Insert  tid 105955
FindTargetPageId rootid 9 tid 105953
target_page_id id: 13 tid 105953
0 1 tid 105953
196 11 tid 105953
359 8 tid 105953
533 13 tid 105953
236 tid 105953
Insert  tid 105953
FindTargetPageId rootid 9 tid 105953
target_page_id id: 13 tid 105953
0 1 tid 105953
196 11 tid 105953
359 8 tid 105953
533 13 tid 105953
237 tid 105953
Insert  tid 105953
FindTargetPageId rootid 9 tid 105955
target_page_id id: 13 tid 105955
0 1 tid 105955
196 11 tid 105955
359 8 tid 105955
533 13 tid 105955
238 tid 105955
Insert  tid 105955
FindTargetPageId rootid 9 tid 105954
target_page_id id: 13 tid 105954
0 1 tid 105954
196 11 tid 105954
359 8 tid 105954
533 13 tid 105954
238 tid 105954
Remove  tid 105954
FindTargetPageId rootid 9 tid 105953
target_page_id id: 13 tid 105953
0 1 tid 105953
196 11 tid 105953
359 8 tid 105953
533 13 tid 105953
238 tid 105953
Insert  tid 105953
FindTargetPageId rootid 9 tid 105955
target_page_id id: 13 tid 105955
0 1 tid 105955
196 11 tid 105955
359 8 tid 105955
533 13 tid 105955
239 tid 105955
Insert  tid 105955
FindTargetPageId rootid 9 tid 105954
target_page_id id: 13 tid 105954
0 1 tid 105954
196 11 tid 105954
359 8 tid 105954
533 13 tid 105954
239 tid 105954
Remove  tid 105954
FindTargetPageId rootid 9 tid 105953
target_page_id id: 13 tid 105953
0 1 tid 105953
196 11 tid 105953
359 8 tid 105953
533 13 tid 105953
239 tid 105953
Insert  tid 105953
FindTargetPageId rootid 9 tid 105955
target_page_id id: 13 tid 105955
0 1 tid 105955
196 11 tid 105955
359 8 tid 105955
533 13 tid 105955
240 tid 105955
Insert  tid 105955
FindTargetPageId rootid 9 tid 105954
target_page_id id: 13 tid 105954
0 1 tid 105954
196 11 tid 105954
359 8 tid 105954
533 13 tid 105954
240 tid 105954
Remove  tid 105954
FindTargetPageId rootid 9 tid 105953
target_page_id id: 13 tid 105953
0 1 tid 105953
196 11 tid 105953
359 8 tid 105953
533 13 tid 105953
240 tid 105953
FindTargetPageId rootid 9 tid 105955
target_page_id id: 13 tid 105955
0 1 tid 105955
196 11 tid Insert  tid 105953
105955
359 8 tid 105955
533 13 tid 105955
241 tid 105955
Insert  tid 105955
FindTargetPageId rootid 9 tid 105954
target_page_id id: 13 tid 105954
0 1 tid 105954
196 11 tid 105954
359 8 tid 105954
533 13 tid 105954
241 tid 105954
Remove  tid 105954
FindTargetPageId rootid 9 tid 105953
target_page_id id: 13 tid 105953
0 1 tid 105953
196 11 tid 105953
359 8 tid 105953
533 13 tid 105953
241 tid 105953
Insert  tid 105953
FindTargetPageId rootid 9 tid 105955
target_page_id id: 13 tid 105955
0 1 tid 105955
196 11 tid 105955
359 8 tid 105955
533 13 tid 105955
242 tid 105955
Insert  tid 105955
FindTargetPageId rootid 9 tid 105954
target_page_id id: 13 tid 105954
0 1 tid 105954
196 11 tid 105954
359 8 tid 105954
533 13 tid 105954
242 tid 105954
Remove  tid 105954
FindTargetPageId rootid 9 tid 105953
target_page_id id: 13 tid 105953
0 1 tid 105953
196 11 tid 105953
359 8 tid 105953
533 13 tid 105953
242 tid 105953
Insert  tid 105953
FindTargetPageId rootid 9 tid 105955
target_page_id id: 13 tid 105955
0 1 tid 105955
196 11 tid 105955
359 8 tid 105955
533 13 tid 105955
243 tid 105955
Insert  tid 105955
FindTargetPageId rootid 9 tid 105954
target_page_id id: 13 tid 105954
0 1 tid 105954
196 11 tid 105954
359 8 tid 105954
533 13 tid 105954
243 tid 105954
Remove  tid 105954
FindTargetPageId rootid 9 tid 105953
target_page_id id: 13 tid 105953
0 1 tid 105953
196 11 tid 105953
359 8 tid 105953
533 13 tid 105953
243 tid 105953
Insert  tid 105953
FindTargetPageId rootid 9 tid 105955
target_page_id id: 13 tid 105955
0 1 tid 105955
196 11 tid 105955
359 8 tid 105955
533 13 tid 105955
244 tid 105955
FindTargetPageId rootid 9 tid 105954
target_page_id id: 13 tid 105954
0 1 tid 105954
196 11 tid 105954
359 8 tid 105954
533 13 tid 105954
Insert  tid 244 tid 105954
105955
FindTargetPageId rootid 9 tid 105955
target_page_id id: 13 tid 105955
0 1 tid 105955
196 11 tid 105955Remove  tid 105954

359 8 tid 105955
533 13 tid 105955
244 tid 105955
Insert  tid 105955
FindTargetPageId rootid 9 tid 105953
target_page_id id: 13 tid 105953
0 1 tid 105953
196 11 tid 105953
359 8 tid 105953
533 13 tid 105953
244 tid 105953
Insert  tid 105953
FindTargetPageId rootid 9 tid 105954
target_page_id id: 13 tid 105954
0 1 tid 105954
196 11 tid 105954
359 8 tid 105954
533 13 tid 105954
245 tid 105954
Remove  tid 105954
FindTargetPageId rootid 9 tid 105955
target_page_id id: 13 tid 105955
0 1 tid 105955
196 11 tid 105955
359 8 tid 105955
533 13 tid 105955
245 tid 105955
Insert  tid 105955
FindTargetPageId rootid 9 tid 105953
target_page_id id: 13 tid 105953
0 1 tid 105953
196 11 tid 105953
359 8 tid 105953
533 13 tid 105953
245 tid 105953
Insert  tid 105953
FindTargetPageId rootid 9 tid 105954
target_page_id id: 13 tid 105954
0 1 tid 105954
196 11 tid 105954
359 8 tid 105954
533 13 tid 105954
246 tid 105954
Remove  tid 105954
FindTargetPageId rootid 9 tid 105955
target_page_id id: 13 tid 105955
0 1 tid 105955
196 11 tid 105955
359 8 tid 105955
533 13 tid 105955
246 tid 105955
Insert  tid 105955
FindTargetPageId rootid 9 tid 105953
target_page_id id: 13 tid 105953
0 1 tid 105953
196 11 tid 105953
359 8 tid 105953
533 13 tid 105953
246 tid 105953
Insert  tid 105953
FindTargetPageId rootid 9 tid 105954
target_page_id id: 13 tid 105954
0 1 tid 105954
196 11 tid 105954
359 8 tid 105954
533 13 tid 105954
247 tid 105954
Remove  tid 105954
FindTargetPageId rootid 9 tid 105955
target_page_id id: 13 tid 105955
0 1 tid 105955
196 11 tid 105955
359 8 tid 105955
533 13 tid 105955
247 tid 105955
Insert  tid 105955
FindTargetPageId rootid 9 tid 105953
target_page_id id: 13 tid 105953
0 1 tid 105953
196 11 tid 105953
359 8 tid 105953
533 13 tid 105953
247 tid 105953
Insert  tid 105953
FindTargetPageId rootid 9 tid 105954
target_page_id id: 13 tid 105954
0 1 tid 105954
196 11 tid 105954
359 8 tid 105954
533 13 tid 105954
248 tid 105954
Remove  tid 105954
FindTargetPageId rootid 9 tid 105955
target_page_id id: 13 tid 105955
0 1 tid 105955
196 11 tid 105955
359 8 tid 105955
533 13 tid 105955
248 tid 105955
Insert  tid 105955
FindTargetPageId rootid 9 tid 105953
target_page_id id: 13 tid 105953
0 1 tid 105953
196 11 tid 105953
359 8 tid 105953
533 13 tid 105953
248 tid 105953
Insert  tid 105953
FindTargetPageId rootid 9 tid 105954
target_page_id id: 13 tid 105954
0 1 tid 105954
196 11 tid 105954
359 8 tid 105954
533 13 tid 105954
249 tid 105954
Remove  tid 105954
FindTargetPageId rootid 9 tid 105955
target_page_id id: 13 tid 105955
0 1 tid 105955
196 11 tid 105955
359 8 tid 105955
533 13 tid 105955
249 tid 105955
Insert  tid 105955
FindTargetPageId rootid 9 tid 105953
target_page_id id: 13 tid 105953
0 1 tid 105953
196 11 tid 105953
359 8 tid 105953
533 13 tid 105953
249 tid 105953
Insert  tid 105953
FindTargetPageId rootid 9 tid 105954
target_page_id id: 13 tid 105954
0 1 tid 105954
196 11 tid 105954
359 8 tid 105954
533 13 tid 105954
250 tid 105954
Remove  tid 105954
FindTargetPageId rootid 9 tid 105955
target_page_id id: 13 tid 105955
0 1 tid 105955
196 11 tid 105955
359 8 tid 105955
533 13 tid 105955
250 tid 105955
Insert  tid 105955
FindTargetPageId rootid 9 tid 105953
target_page_id id: 13 tid 105953
0 1 tid 105953
196 11 tid 105953
359 8 tid 105953
533 13 tid 105953
250 tid 105953
Insert  tid 105953
FindTargetPageId rootid 9 tid 105954
target_page_id id: 13 tid 105954
0 1 tid 105954
196 11 tid 105954
359 8 tid 105954
533 13 tid 105954
251 tid 105954
Remove  tid 105954
FindTargetPageId rootid 9 tid 105955
target_page_id id: 13 tid 105955
0 1 tid 105955
196 11 tid 105955
359 8 tid 105955
533 13 tid 105955
251 tid 105955
Insert  tid 105955
FindTargetPageId rootid 9 tid 105953
target_page_id id: 13 tid 105953
0 1 tid 105953
196 11 tid 105953
359 8 tid 105953
533 13 tid 105953
251 tid 105953
Insert  tid 105953
FindTargetPageId rootid 9 tid 105954
target_page_id id: 13 tid 105954
0 1 tid 105954
196 11 tid 105954
359 8 tid 105954
533 13 tid 105954
252 tid 105954
Remove  tid 105954
FindTargetPageId rootid 9 tid 105955
target_page_id id: 13 tid 105955
0 1 tid 105955
196 11 tid 105955
359 8 tid 105955
533 13 tid 105955
252 tid 105955
Insert  tid 105955
FindTargetPageId rootid 9 tid 105953
target_page_id id: 13 tid 105953
0 1 tid 105953
196 11 tid 105953
359 8 tid 105953
533 13 tid 105953
252 tid 105953
Insert  tid 105953
FindTargetPageId rootid 9 tid 105954
target_page_id id: 13 tid 105954
0 1 tid 105954
196 11 tid 105954
359 8 tid 105954
533 13 tid 105954
253 tid 105954
Remove  tid 105954
FindTargetPageId rootid 9 tid 105955
target_page_id id: 13 tid 105955
0 1 tid 105955
196 11 tid 105955
359 8 tid 105955
533 13 tid 105955
253 tid 105955
Insert  tid 105955
FindTargetPageId rootid 9 tid 105953
target_page_id id: 13 tid 105953
0 1 tid 105953
196 11 tid 105953
359 8 tid 105953
533 13 tid 105953
253 tid 105953
Insert  tid 105953
FindTargetPageId rootid 9 tid 105954
target_page_id id: 13 tid 105954
0 1 tid 105954
196 11 tid 105954
359 8 tid 105954
533 13 tid 105954
254 tid 105954
FindTargetPageId rootid 9 tid 105955
target_page_id id: 13 tid 105955
0 1 tid 105955
196 11 tid 105955
359 8 tid 105955
533 13 tid 105955
254 tid 105955
Insert  tid 105955
FindTargetPageId rootid 9 tid 105953
target_page_id id: 13 tid 105953
0 1 tid 105953
196 11 tid 105953
359 8 tid 105953
533 13 tid 105953
254 tid 105953
Insert  tid 105953
FindTargetPageId rootid 9 tid 105955
target_page_id id: 13 tid 105955
0 1 tid 105955
196 11 tid 105955
359 8 tid 105955
533 13 tid 105955
660 14 tid 105955
127 tid 105955
Insert  tid 105955
FindTargetPageId rootid 9 tid 105953
target_page_id id: 14 tid 105953
0 1 tid 105953
196 11 tid 105953
359 8 tid 105953
533 13 tid 105953
660 14 tid 105953
128 tid 105953
Insert  tid 105953
FindTargetPageId rootid 9 tid 105955
target_page_id id: 13 tid 105955
0 1 tid 105955
196 11 tid 105955
359 8 tid 105955
533 13 tid 105955
660 14 tid 105955
127 tid 105955
Insert  tid 105955
FindTargetPageId rootid 9 tid 105953
target_page_id id: 14 tid 105953
0 1 tid 105953
196 11 tid 105953
359 8 tid 105953
533 13 tid 105953
660 14 tid 105953
129 tid 105953
Insert  tid 105953
FindTargetPageId rootid 9 tid 105955
target_page_id id: 13 tid 105955
0 1 tid 105955
196 11 tid 105955
359 8 tid 105955
533 13 tid 105955
660 14 tid 105955
127 tid 105955
Insert  tid 105955
FindTargetPageId rootid 9 tid 105953
target_page_id id: 14 tid 105953
0 1 tid 105953
196 11 tid 105953
359 8 tid 105953
533 13 tid 105953
660 14 tid 105953
130 tid 105953
Insert  tid 105953
FindTargetPageId rootid 9 tid 105955
target_page_id id: 13 tid 105955
0 1 tid 105955
196 11 tid 105955
359 8 tid 105955
533 13 tid 105955
660 14 tid 105955
127 tid 105955
Insert  tid 105955
FindTargetPageId rootid 9 tid 105953
target_page_id id: 14 tid 105953
0 1 tid 105953
196 11 tid 105953
359 8 tid 105953
533 13 tid 105953
660 14 tid 105953
131 tid 105953
Insert  tid 105953
FindTargetPageId rootid 9 tid 105953
target_page_id id: 14 tid 105953
0 1 tid 105953
196 11 tid 105953
359 8 tid 105953
533 13 tid 105953
660 14 tid 105953
132 tid 105953
Insert  tid 105953
FindTargetPageId rootid 9 tid 105953
target_page_id id: 14 tid 105953
0 1 tid 105953
196 11 tid 105953
359 8 tid 105953
533 13 tid 105953
660 14 tid 105953
133 tid 105953
FindTargetPageId rootid 9 tid Insert 105955 tid 
target_page_id id: 13 tid 105955
0 1 tid 105955
196 11 tid 105955
359 8 tid 105955
533 13 tid 105955
660 14 tid 105955
105953
127 tid 105955
Insert  tid 105955
FindTargetPageId rootid 9 tid 105953
target_page_id id: 14 tid 105953
0 1 tid 105953
196 11 tid 105953
359 8 tid 105953
533 13 tid 105953
660 14 tid 105953
134 tid 105953
Insert  tid 105953
FindTargetPageId rootid 9 tid 105955
target_page_id id: 13 tid 105955
0 1 tid 105955
196 11 tid 105955
359 8 tid 105955
533 13 tid 105955
660 14 tid 105955
127 tid 105955
Insert  tid 105955
FindTargetPageId rootid 9 tid 105955
target_page_id id: 13 tid 105955
0 1 tid 105955
196 11 tid 105955
359 8 tid 105955
533 13 tid 105955
660 14 tid 105955
127 tid 105955
Insert  tid 105955
FindTargetPageId rootid 9 tid 105953
target_page_id id: 14 tid 105953
0 1 tid 105953
196 11 tid 105953
359 8 tid 105953
533 13 tid 105953
660 14 tid 105953
135 tid 105953
Insert  tid 105953
FindTargetPageId rootid 9 tid 105955
target_page_id id: 13 tid 105955
0 1 tid 105955
196 11 tid 105955
359 8 tid 105955
533 13 tid 105955
660 14 tid 105955
127 tid 105955
Insert  tid 105955
FindTargetPageId rootid 9 tid 105953
target_page_id id: 14 tid 105953
0 1 tid 105953
196 11 tid 105953
359 8 tid 105953
533 13 tid 105953
660 14 tid 105953
136 tid 105953
Insert  tid 105953
FindTargetPageId rootid 9 tid 105955
target_page_id id: 14 tid 105955
0 1 tid 105955
196 11 tid 105955
359 8 tid 105955
533 13 tid 105955
660 14 tid 105955
137 tid 105955
Insert  tid 105955
FindTargetPageId rootid 9 tid 105953
target_page_id id: 14 tid 105953
0 1 tid 105953
196 11 tid 105953
359 8 tid 105953
533 13 tid 105953
660 14 tid 105953
137 tid 105953
Insert  tid 105953
FindTargetPageId rootid 9 tid 105955
target_page_id id: 14 tid 105955
0 1 tid 105955
196 11 tid 105955
359 8 tid 105955
533 13 tid 105955
660 14 tid 105955
138 tid 105955
Insert  tid 105955
FindTargetPageId rootid 9 tid 105953
target_page_id id: 14 tid 105953
0 1 tid 105953
196 11 tid 105953
359 8 tid 105953
533 13 tid 105953
660 14 tid 105953
138 tid 105953
Insert  tid 105953
FindTargetPageId rootid 9 tid 105955
target_page_id id: 14 tid 105955
0 1 tid 105955
196 11 tid 105955
359 8 tid 105955
533 13 tid 105955
660 14 tid 105955
139 tid 105955
Insert  tid 105955
FindTargetPageId rootid 9 tid 105953
target_page_id id: 14 tid 105953
0 1 tid 105953
196 11 tid 105953
359 8 tid 105953
533 13 tid 105953
660 14 tid 105953
139 tid 105953
Insert  tid 105953
FindTargetPageId rootid 9 tid 105955
target_page_id id: 14 tid 105955
0 1 tid 105955
196 11 tid 105955
359 8 tid 105955
533 13 tid 105955
660 14 tid 105955
140 tid 105955
Insert  tid 105955
FindTargetPageId rootid 9 tid 105953
target_page_id id: 14 tid 105953
0 1 tid 105953
196 11 tid 105953
359 8 tid 105953
533 13 tid 105953
660 14 tid 105953
140 tid 105953
Insert  tid 105953
FindTargetPageId rootid 9 tid 105955
target_page_id id: 14 tid 105955
0 1 tid 105955
196 11 tid 105955
359 8 tid 105955
533 13 tid 105955
660 14 tid 105955
141 tid 105955
Insert  tid 105955
FindTargetPageId rootid 9 tid 105953
target_page_id id: 14 tid 105953
0 1 tid 105953
196 11 tid 105953
359 8 tid 105953
533 13 tid 105953
660 14 tid 105953
141 tid 105953
Insert  tid 105953
FindTargetPageId rootid 9 tid 105955
target_page_id id: 14 tid 105955
0 1 tid 105955
196 11 tid 105955
359 8 tid 105955
533 13 tid 105955
660 14 tid 105955
142 tid 105955
Insert  tid 105955
FindTargetPageId rootid 9 tid 105955
target_page_id id: 14 tid 105955
0 1 tid 105955
196 11 tid 105955
359 8 tid 105955
533 13 tid 105955
660 14 tid 105955
142 tid 105955
Insert  tid 105955
FindTargetPageId rootid 9 tid 105953
target_page_id id: 14 tid 105953
0 1 tid 105953
196 11 tid 105953
359 8 tid 105953
533 13 tid 105953
660 14 tid 105953
142 tid 105953
Insert  tid 105953
FindTargetPageId rootid 9 tid 105955
target_page_id id: 14 tid 105955
0 1 tid 105955
196 11 tid 105955
359 8 tid 105955
533 13 tid 105955
660 14 tid 105955
143 tid 105955
Insert  tid 105955
FindTargetPageId rootid 9 tid 105953
target_page_id id: 14 tid 105953
0 1 tid 105953
196 11 tid 105953
359 8 tid 105953
533 13 tid 105953
660 14 tid 105953
143 tid 105953
Insert  tid 105953
FindTargetPageId rootid 9 tid 105955
target_page_id id: 14 tid 105955
0 1 tid 105955
196 11 tid 105955
359 8 tid 105955
533 13 tid 105955
660 14 tid 105955
144 tid 105955
Insert  tid 105955
FindTargetPageId rootid 9 tid 105955
target_page_id id: 14 tid 105955
0 1 tid 105955
196 11 tid 105955
359 8 tid 105955
533 13 tid 105955
660 14 tid 105955
144 tid 105955
Insert  tid 105955
FindTargetPageId rootid 9 tid 105953
target_page_id id: 14 tid 105953
0 1 tid 105953
196 11 tid 105953
359 8 tid 105953
533 13 tid 105953
660 14 tid 105953
144 tid 105953
Insert  tid 105953
FindTargetPageId rootid 9 tid 105955
target_page_id id: 14 tid 105955
0 1 tid 105955
196 11 tid 105955
359 8 tid 105955
533 13 tid 105955
660 14 tid 105955
145 tid 105955
Insert  tid 105955
FindTargetPageId rootid 9 tid 105955
target_page_id id: 14 tid 105955
0 1 tid 105955
196 11 tid 105955
359 8 tid 105955
533 13 tid 105955
660 14 tid 105955
145 tid 105955
Insert  tid 105955
FindTargetPageId rootid 9 tid 105953
target_page_id id: 14 tid 105953
0 1 tid 105953
196 11 tid 105953
359 8 tid 105953
533 13 tid 105953
660 14 tid 105953
145 tid 105953
Insert  tid 105953
FindTargetPageId rootid 9 tid 105955
target_page_id id: 14 tid 105955
0 1 tid 105955
196 11 tid 105955
359 8 tid 105955
533 13 tid 105955
660 14 tid 105955
146 tid 105955
Insert  tid 105955
FindTargetPageId rootid 9 tid 105953
target_page_id id: 14 tid 105953
0 1 tid 105953
196 11 tid 105953
359 8 tid 105953
533 13 tid 105953
660 14 tid 105953
146 tid 105953
Insert  tid 105953
FindTargetPageId rootid 9 tid 105955
target_page_id id: 14 tid 105955
0 1 tid 105955
196 11 tid 105955
359 8 tid 105955
533 13 tid 105955
660 14 tid 105955
147 tid 105955
Insert  tid 105955
FindTargetPageId rootid 9 tid 105955
target_page_id id: 14 tid 105955
0 1 tid 105955
196 11 tid 105955
359 8 tid 105955
533 13 tid 105955
660 14 tid 105955
147 tid 105955
Insert  tid 105955
FindTargetPageId rootid 9 tid 105955
target_page_id id: 14 tid 105955
0 1 tid 105955
196 11 tid 105955
359 8 tid 105955
533 13 tid 105955
660 14 tid 105955
147 tid 105955
Insert  tid 105955
FindTargetPageId rootid 9 tid 105953
target_page_id id: 14 tid 105953
0 1 tid 105953
196 11 tid 105953
359 8 tid 105953
533 13 tid 105953
660 14 tid 105953
147 tid 105953
Insert  tid 105953
FindTargetPageId rootid 9 tid 105953
target_page_id id: 14 tid 105953
0 1 tid 105953
196 11 tid 105953
359 8 tid 105953
533 13 tid 105953
660 14 tid 105953
148 tid 105953
Insert  tid 105953
FindTargetPageId rootid 9 tid 105953
target_page_id id: 14 tid 105953
0 1 tid 105953
196 11 tid 105953
359 8 tid 105953
533 13 tid 105953
660 14 tid 105953
149 tid 105953
Insert  tid 105953
FindTargetPageId rootid 9 tid 105953
target_page_id id: 14 tid 105953
0 1 tid 105953
196 11 tid 105953
359 8 tid 105953
533 13 tid 105953
660 14 tid 105953
150 tid 105953
Insert  tid 105953
FindTargetPageId rootid 9 tid 105955
target_page_id id: 14 tid 105955
0 1 tid 105955
196 11 tid 105955
359 8 tid 105955
533 13 tid 105955
660 14 tid 105955
151 tid 105955
Insert  tid 105955
FindTargetPageId rootid 9 tid 105955
target_page_id id: 14 tid 105955
0 1 tid 105955
196 11 tid 105955
359 8 tid 105955
533 13 tid 105955
660 14 tid 105955
151 tid 105955
Insert  tid 105955
FindTargetPageId rootid 9 tid 105953
target_page_id id: 14 tid 105953
0 1 tid 105953
196 11 tid 105953
359 8 tid 105953
533 13 tid 105953
660 14 tid 105953
151 tid 105953
Insert  tid 105953
FindTargetPageId rootid 9 tid 105953
target_page_id id: 14 tid 105953
0 1 tid 105953
196 11 tid 105953
359 8 tid 105953
533 13 tid 105953
660 14 tid 105953
152 tid 105953
Insert  tid 105953
FindTargetPageId rootid 9 tid 105953
target_page_id id: 14 tid 105953
0 1 tid 105953
196 11 tid 105953
359 8 tid 105953
533 13 tid 105953
660 14 tid 105953
153 tid 105953
Insert  tid 105953
FindTargetPageId rootid 9 tid 105955
target_page_id id: 14 tid 105955
0 1 tid 105955
196 11 tid 105955
359 8 tid 105955
533 13 tid 105955
660 14 tid 105955
154 tid 105955
Insert  tid 105955
FindTargetPageId rootid 9 tid 105955
target_page_id id: 14 tid 105955
0 1 tid 105955
196 11 tid 105955
359 8 tid 105955
533 13 tid 105955
660 14 tid 105955
154 tid 105955
Insert  tid 105955
FindTargetPageId rootid 9 tid 105953
target_page_id id: 14 tid 105953
0 1 tid 105953
196 11 tid 105953
359 8 tid 105953
533 13 tid 105953
660 14 tid 105953
154 tid 105953
Insert  tid 105953
FindTargetPageId rootid 9 tid 105955
target_page_id id: 14 tid 105955
0 1 tid 105955
196 11 tid 105955
359 8 tid 105955
533 13 tid 105955
660 14 tid 105955
155 tid 105955
Insert  tid 105955
FindTargetPageId rootid 9 tid 105953
target_page_id id: 14 tid 105953
0 1 tid 105953
196 11 tid 105953
359 8 tid 105953
533 13 tid 105953
660 14 tid 105953
155 tid 105953
Insert  tid 105953
FindTargetPageId rootid 9 tid 105955
target_page_id id: 14 tid 105955
0 1 tid 105955
196 11 tid 105955
359 8 tid 105955
533 13 tid 105955
660 14 tid 105955
156 tid 105955
Insert  tid 105955
FindTargetPageId rootid 9 tid 105953
target_page_id id: 14 tid 105953
0 1 tid 105953
196 11 tid 105953
359 8 tid 105953
533 13 tid 105953
660 14 tid 105953
156 tid 105953
Insert  tid 105953
FindTargetPageId rootid 9 tid 105955
target_page_id id: 14 tid 105955
0 1 tid 105955
196 11 tid 105955
359 8 tid 105955
533 13 tid 105955
660 14 tid 105955
157 tid 105955
Insert  tid 105955
FindTargetPageId rootid 9 tid 105953
target_page_id id: 14 tid 105953
0 1 tid 105953
196 11 tid 105953
359 8 tid 105953
533 13 tid 105953
660 14 tid 105953
157 tid 105953
Insert  tid 105953
FindTargetPageId rootid 9 tid 105953
target_page_id id: 14 tid 105953
0 1 tid 105953
196 11 tid 105953
359 8 tid 105953
533 13 tid 105953
660 14 tid 105953
158 tid 105953
Insert  tid 105953
FindTargetPageId rootid 9 tid 105955
target_page_id id: 14 tid 105955
0 1 tid 105955
196 11 tid 105955
359 8 tid 105955
533 13 tid 105955
660 14 tid 105955
159 tid 105955
Insert  tid 105955
FindTargetPageId rootid 9 tid 105955
target_page_id id: 14 tid 105955
0 1 tid 105955
196 11 tid 105955
359 8 tid 105955
533 13 tid 105955
660 14 tid 105955
159 tid 105955
Insert  tid 105955
FindTargetPageId rootid 9 tid 105953
target_page_id id: 14 tid 105953
0 1 tid 105953
196 11 tid 105953
359 8 tid 105953
533 13 tid 105953
660 14 tid 105953
159 tid 105953
Insert  tid 105953
FindTargetPageId rootid 9 tid 105955
target_page_id id: 14 tid 105955
0 1 tid 105955
196 11 tid 105955
359 8 tid 105955
533 13 tid 105955
660 14 tid 105955
160 tid 105955
Insert  tid 105955
FindTargetPageId rootid 9 tid 105953
target_page_id id: 14 tid 105953
0 1 tid 105953
196 11 tid 105953
359 8 tid 105953
533 13 tid 105953
660 14 tid 105953
160 tid 105953
Insert  tid 105953
FindTargetPageId rootid 9 tid 105955
target_page_id id: 14 tid 105955
0 1 tid 105955
196 11 tid 105955
359 8 tid 105955
533 13 tid 105955
660 14 tid 105955
161 tid 105955
Insert  tid 105955
FindTargetPageId rootid 9 tid 105953
target_page_id id: 14 tid 105953
0 1 tid 105953
196 11 tid 105953
359 8 tid 105953
533 13 tid 105953
660 14 tid 105953
161 tid 105953
Insert  tid 105953
FindTargetPageId rootid 9 tid 105955
target_page_id id: 14 tid 105955
0 1 tid 105955
196 11 tid 105955
359 8 tid 105955
533 13 tid 105955
660 14 tid 105955
162 tid 105955
Insert  tid 105955
FindTargetPageId rootid 9 tid 105953
target_page_id id: 14 tid 105953
0 1 tid 105953
196 11 tid 105953
359 8 tid 105953
533 13 tid 105953
660 14 tid 105953
162 tid 105953
Insert  tid 105953
FindTargetPageId rootid 9 tid 105955
target_page_id id: 14 tid 105955
0 1 tid 105955
196 11 tid 105955
359 8 tid 105955
533 13 tid 105955
660 14 tid 105955
163 tid 105955
Insert  tid 105955
FindTargetPageId rootid 9 tid 105953
target_page_id id: 14 tid 105953
0 1 tid 105953
196 11 tid 105953
359 8 tid 105953
533 13 tid 105953
660 14 tid 105953
163 tid 105953
Insert  tid 105953
FindTargetPageId rootid 9 tid 105955
target_page_id id: 14 tid 105955
0 1 tid 105955
196 11 tid 105955
359 8 tid 105955
533 13 tid 105955
660 14 tid 105955
164 tid 105955
Insert  tid 105955
FindTargetPageId rootid 9 tid 105953
target_page_id id: 14 tid 105953
0 1 tid 105953
196 11 tid 105953
359 8 tid 105953
533 13 tid 105953
660 14 tid 105953
164 tid 105953
Insert  tid 105953
FindTargetPageId rootid 9 tid 105953
target_page_id id: 14 tid 105953
0 1 tid 105953
196 11 tid 105953
359 8 tid 105953
533 13 tid 105953
660 14 tid 105953
165 tid 105953
Insert  tid 105953
FindTargetPageId rootid 9 tid 105955
target_page_id id: 14 tid 105955
0 1 tid 105955
196 11 tid 105955
359 8 tid 105955
533 13 tid 105955
660 14 tid 105955
166 tid 105955
Insert  tid 105955
FindTargetPageId rootid 9 tid 105953
target_page_id id: 14 tid 105953
0 1 tid 105953
196 11 tid 105953
359 8 tid 105953
533 13 tid 105953
660 14 tid 105953
166 tid 105953
Insert  tid 105953
FindTargetPageId rootid 9 tid 105955
target_page_id id: 14 tid 105955
0 1 tid 105955
196 11 tid 105955
359 8 tid 105955
533 13 tid 105955
660 14 tid 105955
167 tid 105955
FindTargetPageId rootid 9 tid 105953
target_page_id id: 14 tid 105953
0 1 tid 105953
196 11 tid 105953
359 8 tid 105953
533 13 tid 105953
660 14 tid 105953
Insert  tid 105955
167 tid 105953
Insert  tid 105953
FindTargetPageId rootid 9 tid 105955
target_page_id id: 14 tid 105955
0 1 tid 105955
196 11 tid 105955
359 8 tid 105955
533 13 tid 105955
660 14 tid 105955
168 tid 105955
Insert  tid 105955
FindTargetPageId rootid 9 tid 105953
target_page_id id: 14 tid 105953
0 1 tid 105953
196 11 tid 105953
359 8 tid 105953
533 13 tid 105953
660 14 tid 105953
168 tid 105953
Insert  tid 105953
FindTargetPageId rootid 9 tid 105955
target_page_id id: 14 tid 105955
0 1 tid 105955
196 11 tid 105955
359 8 tid 105955
533 13 tid 105955
660 14 tid 105955
169 tid 105955
Insert  tid 105955
FindTargetPageId rootid 9 tid 105953
target_page_id id: 14 tid 105953
0 1 tid 105953
196 11 tid 105953
359 8 tid 105953
533 13 tid 105953
660 14 tid 105953
169 tid 105953
Insert  tid 105953
FindTargetPageId rootid 9 tid 105955
target_page_id id: 14 tid 105955
0 1 tid 105955
196 11 tid 105955
359 8 tid 105955
533 13 tid 105955
660 14 tid 105955
170 tid 105955
Insert  tid 105955
FindTargetPageId rootid 9 tid 105953
target_page_id id: 14 tid 105953
0 1 tid 105953
196 11 tid 105953
359 8 tid 105953
533 13 tid 105953
660 14 tid 105953
170 tid 105953
Insert  tid 105953
FindTargetPageId rootid 9 tid 105955
target_page_id id: 14 tid 105955
0 1 tid 105955
196 11 tid 105955
359 8 tid 105955
533 13 tid 105955
660 14 tid 105955
171 tid 105955
Insert  tid 105955
FindTargetPageId rootid 9 tid 105953
target_page_id id: 14 tid 105953
0 1 tid 105953
196 11 tid 105953
359 8 tid 105953
533 13 tid 105953
660 14 tid 105953
171 tid 105953
Insert  tid 105953
FindTargetPageId rootid 9 tid 105955
target_page_id id: 14 tid 105955
0 1 tid 105955
196 11 tid 105955
359 8 tid 105955
533 13 tid 105955
660 14 tid 105955
172 tid 105955
Insert  tid 105955
FindTargetPageId rootid 9 tid 105953
target_page_id id: 14 tid 105953
0 1 tid 105953
196 11 tid 105953
359 8 tid 105953
533 13 tid 105953
660 14 tid 105953
172 tid 105953
Insert  tid 105953
FindTargetPageId rootid 9 tid 105955
target_page_id id: 14 tid 105955
0 1 tid 105955
196 11 tid 105955
359 8 tid 105955
533 13 tid 105955
660 14 tid 105955
173 tid 105955
Insert  tid 105955
FindTargetPageId rootid 9 tid 105955
target_page_id id: 14 tid 105955
0 1 tid 105955
196 11 tid 105955
359 8 tid 105955
533 13 tid 105955
660 14 tid 105955
173 tid 105955
Insert  tid 105955
FindTargetPageId rootid 9 tid 105953
target_page_id id: 14 tid 105953
0 1 tid 105953
196 11 tid 105953
359 8 tid 105953
533 13 tid 105953
660 14 tid 105953
173 tid 105953
Insert  tid 105953
FindTargetPageId rootid 9 tid 105955
target_page_id id: 14 tid 105955
0 1 tid 105955
196 11 tid 105955
359 8 tid 105955
533 13 tid 105955
660 14 tid 105955
174 tid 105955
Insert  tid 105955
FindTargetPageId rootid 9 tid 105953
target_page_id id: 14 tid 105953
0 1 tid 105953
196 11 tid 105953
359 8 tid 105953
533 13 tid 105953
660 14 tid 105953
174 tid 105953
Insert  tid 105953
FindTargetPageId rootid 9 tid 105955
target_page_id id: 14 tid 105955
0 1 tid 105955
196 11 tid 105955
359 8 tid 105955
533 13 tid 105955
660 14 tid 105955
175 tid 105955
Insert  tid 105955
FindTargetPageId rootid 9 tid 105953
target_page_id id: 14 tid 105953
0 1 tid 105953
196 11 tid 105953
359 8 tid 105953
533 13 tid 105953
660 14 tid 105953
175 tid 105953
Insert  tid 105953
FindTargetPageId rootid 9 tid 105955
target_page_id id: 14 tid 105955
0 1 tid 105955
196 11 tid 105955
359 8 tid 105955
533 13 tid 105955
660 14 tid 105955
176 tid 105955
Insert  tid 105955
FindTargetPageId rootid 9 tid 105953
target_page_id id: 14 tid 105953
0 1 tid 105953
196 11 tid 105953
359 8 tid 105953
533 13 tid 105953
660 14 tid 105953
176 tid 105953
Insert  tid 105953
FindTargetPageId rootid 9 tid 105955
target_page_id id: 14 tid 105955
0 1 tid 105955
196 11 tid 105955
359 8 tid 105955
533 13 tid 105955
660 14 tid 105955
177 tid 105955
Insert  tid 105955
FindTargetPageId rootid 9 tid 105953
target_page_id id: 14 tid 105953
0 1 tid 105953
196 11 tid 105953
359 8 tid 105953
533 13 tid 105953
660 14 tid 105953
177 tid 105953
Insert  tid 105953
FindTargetPageId rootid 9 tid 105955
target_page_id id: 14 tid 105955
0 1 tid 105955
196 11 tid 105955
359 8 tid 105955
533 13 tid 105955
660 14 tid 105955
178 tid 105955
Insert  tid 105955
FindTargetPageId rootid 9 tid 105953
target_page_id id: 14 tid 105953
0 1 tid 105953
196 11 tid 105953
359 8 tid 105953
533 13 tid 105953
660 14 tid 105953
178 tid 105953
Insert  tid 105953
FindTargetPageId rootid 9 tid 105955
target_page_id id: 14 tid 105955
0 1 tid 105955
196 11 tid 105955
359 8 tid 105955
533 13 tid 105955
660 14 tid 105955
179 tid 105955
FindTargetPageId rootid 9 tid 105953
target_page_id id: 14 tid 105953
0 1 tid 105953
196 11 tid 105953
359 8 tid 105953
533 13 tid 105953
660 14 tid 105953
Insert  tid 105955
179 tid 105953
Insert  tid 105953
FindTargetPageId rootid 9 tid 105955
target_page_id id: 14 tid 105955
0 1 tid 105955
196 11 tid 105955
359 8 tid 105955
533 13 tid 105955
660 14 tid 105955
180 tid 105955
Insert  tid 105955
FindTargetPageId rootid 9 tid 105953
target_page_id id: 14 tid 105953
0 1 tid 105953
196 11 tid 105953
359 8 tid 105953
533 13 tid 105953
660 14 tid 105953
180 tid 105953
Insert  tid 105953
FindTargetPageId rootid 9 tid 105955
target_page_id id: 14 tid 105955
0 1 tid 105955
196 11 tid 105955
359 8 tid 105955
533 13 tid 105955
660 14 tid 105955
181 tid 105955
Insert  tid 105955
FindTargetPageId rootid 9 tid 105953
target_page_id id: 14 tid 105953
0 1 tid 105953
196 11 tid 105953
359 8 tid 105953
533 13 tid 105953
660 14 tid 105953
181 tid 105953
Insert  tid 105953
FindTargetPageId rootid 9 tid 105955
target_page_id id: 14 tid 105955
0 1 tid 105955
196 11 tid 105955
359 8 tid 105955
533 13 tid 105955
660 14 tid 105955
182 tid 105955
Insert  tid 105955
FindTargetPageId rootid 9 tid 105953
target_page_id id: 14 tid 105953
0 1 tid 105953
196 11 tid 105953
359 8 tid 105953
533 13 tid 105953
660 14 tid 105953
182 tid 105953
Insert  tid 105953
FindTargetPageId rootid 9 tid 105955
target_page_id id: 14 tid 105955
0 1 tid 105955
196 11 tid 105955
359 8 tid 105955
533 13 tid 105955
660 14 tid 105955
183 tid 105955
Insert  tid 105955
FindTargetPageId rootid 9 tid 105953
target_page_id id: 14 tid 105953
0 1 tid 105953
196 11 tid 105953
359 8 tid 105953
533 13 tid 105953
660 14 tid 105953
183 tid 105953
Insert  tid 105953
FindTargetPageId rootid 9 tid 105955
target_page_id id: 14 tid 105955
0 1 tid 105955
196 11 tid 105955
359 8 tid 105955
533 13 tid 105955
660 14 tid 105955
184 tid 105955
Insert  tid 105955
FindTargetPageId rootid 9 tid 105953
target_page_id id: 14 tid 105953
0 1 tid 105953
196 11 tid 105953
359 8 tid 105953
533 13 tid 105953
660 14 tid 105953
184 tid 105953
Insert  tid 105953
FindTargetPageId rootid 9 tid 105955
target_page_id id: 14 tid 105955
0 1 tid 105955
196 11 tid 105955
359 8 tid 105955
533 13 tid 105955
660 14 tid 105955
185 tid 105955
Insert  tid 105955
FindTargetPageId rootid 9 tid 105953
target_page_id id: 14 tid 105953
0 1 tid 105953
196 11 tid 105953
359 8 tid 105953
533 13 tid 105953
660 14 tid 105953
185 tid 105953
Insert  tid 105953
FindTargetPageId rootid 9 tid 105955
target_page_id id: 14 tid 105955
0 1 tid 105955
196 11 tid 105955
359 8 tid 105955
533 13 tid 105955
660 14 tid 105955
186 tid 105955
Insert  tid 105955
FindTargetPageId rootid 9 tid 105953
target_page_id id: 14 tid 105953
0 1 tid 105953
196 11 tid 105953
359 8 tid 105953
533 13 tid 105953
660 14 tid 105953
186 tid 105953
Insert  tid 105953
FindTargetPageId rootid 9 tid 105955
target_page_id id: 14 tid 105955
0 1 tid 105955
196 11 tid 105955
359 8 tid 105955
533 13 tid 105955
660 14 tid 105955
187 tid 105955
Insert  tid 105955
FindTargetPageId rootid 9 tid 105953
target_page_id id: 14 tid 105953
0 1 tid 105953
196 11 tid 105953
359 8 tid 105953
533 13 tid 105953
660 14 tid 105953
187 tid 105953
Insert  tid 105953
FindTargetPageId rootid 9 tid 105955
target_page_id id: 14 tid 105955
0 1 tid 105955
196 11 tid 105955
359 8 tid 105955
533 13 tid 105955
660 14 tid 105955
188 tid 105955
Insert  tid 105955
FindTargetPageId rootid 9 tid 105953
target_page_id id: 14 tid 105953
0 1 tid 105953
196 11 tid 105953
359 8 tid 105953
533 13 tid 105953
660 14 tid 105953
188 tid 105953
Insert  tid 105953
FindTargetPageId rootid 9 tid 105955
target_page_id id: 14 tid 105955
0 1 tid 105955
196 11 tid 105955
359 8 tid 105955
533 13 tid 105955
660 14 tid 105955
189 tid 105955
Insert  tid 105955
FindTargetPageId rootid 9 tid 105953
target_page_id id: 14 tid 105953
0 1 tid 105953
196 11 tid 105953
359 8 tid 105953
533 13 tid 105953
660 14 tid 105953
189 tid 105953
Insert  tid 105953
FindTargetPageId rootid 9 tid 105955
target_page_id id: 14 tid 105955
0 1 tid 105955
196 11 tid 105955
359 8 tid 105955
533 13 tid 105955
660 14 tid 105955
190 tid 105955
Insert  tid 105955
FindTargetPageId rootid 9 tid 105953
target_page_id id: 14 tid 105953
0 1 tid 105953
196 11 tid 105953
359 8 tid 105953
533 13 tid 105953
660 14 tid 105953
190 tid 105953
Insert  tid 105953
FindTargetPageId rootid 9 tid 105955
target_page_id id: 14 tid 105955
0 1 tid 105955
196 11 tid 105955
359 8 tid 105955
533 13 tid 105955
660 14 tid 105955
191 tid 105955
Insert  tid 105955
FindTargetPageId rootid 9 tid 105955
target_page_id id: 14 tid 105955
0 1 tid 105955
196 11 tid 105955
359 8 tid 105955
533 13 tid 105955
660 14 tid 105955
191 tid 105955
Insert  tid 105955
FindTargetPageId rootid 9 tid 105953
target_page_id id: 14 tid 105953
0 1 tid 105953
196 11 tid 105953
359 8 tid 105953
533 13 tid 105953
660 14 tid 105953
191 tid 105953
Insert  tid 105953
FindTargetPageId rootid 9 tid 105955
target_page_id id: 14 tid 105955
0 1 tid 105955
196 11 tid 105955
359 8 tid 105955
533 13 tid 105955
660 14 tid 105955
192 tid 105955
Insert  tid 105955
FindTargetPageId rootid 9 tid 105953
target_page_id id: 14 tid 105953
0 1 tid 105953
196 11 tid 105953
359 8 tid 105953
533 13 tid 105953
660 14 tid 105953
192 tid 105953
Insert  tid 105953
FindTargetPageId rootid 9 tid 105955
target_page_id id: 14 tid 105955
0 1 tid 105955
196 11 tid 105955
359 8 tid 105955
533 13 tid 105955
660 14 tid 105955
193 tid 105955
Insert  tid 105955
FindTargetPageId rootid 9 tid 105953
target_page_id id: 14 tid 105953
0 1 tid 105953
196 11 tid 105953
359 8 tid 105953
533 13 tid 105953
660 14 tid 105953
193 tid 105953
Insert  tid 105953
FindTargetPageId rootid 9 tid 105955
target_page_id id: 14 tid 105955
0 1 tid 105955
196 11 tid 105955
359 8 tid 105955
533 13 tid 105955
660 14 tid 105955
194 tid 105955
Insert  tid 105955
FindTargetPageId rootid 9 tid 105953
target_page_id id: 14 tid 105953
0 1 tid 105953
196 11 tid 105953
359 8 tid 105953
533 13 tid 105953
660 14 tid 105953
194 tid 105953
Insert  tid 105953
FindTargetPageId rootid 9 tid 105955
target_page_id id: 14 tid 105955
0 1 tid 105955
196 11 tid 105955
359 8 tid 105955
533 13 tid 105955
660 14 tid 105955
195 tid 105955
Insert  tid 105955
FindTargetPageId rootid 9 tid 105953
target_page_id id: 14 tid 105953
0 1 tid 105953
196 11 tid 105953
359 8 tid 105953
533 13 tid 105953
660 14 tid 105953
195 tid 105953
Insert  tid 105953
FindTargetPageId rootid 9 tid 105955
target_page_id id: 14 tid 105955
0 1 tid 105955
196 11 tid 105955
359 8 tid 105955
533 13 tid 105955
660 14 tid 105955
196 tid 105955
Insert  tid 105955
FindTargetPageId rootid 9 tid 105953
target_page_id id: 14 tid 105953
0 1 tid 105953
196 11 tid 105953
359 8 tid 105953
533 13 tid 105953
660 14 tid 105953
196 tid 105953
Insert  tid 105953
FindTargetPageId rootid 9 tid 105955
target_page_id id: 14 tid 105955
0 1 tid 105955
196 11 tid 105955
359 8 tid 105955
533 13 tid 105955
660 14 tid 105955
197 tid 105955
Insert  tid 105955
FindTargetPageId rootid 9 tid 105953
target_page_id id: 14 tid 105953
0 1 tid 105953
196 11 tid 105953
359 8 tid 105953
533 13 tid 105953
660 14 tid 105953
197 tid 105953
Insert  tid 105953
FindTargetPageId rootid 9 tid 105955
target_page_id id: 14 tid 105955
0 1 tid 105955
196 11 tid 105955
359 8 tid 105955
533 13 tid 105955
660 14 tid 105955
198 tid 105955
Insert  tid 105955
FindTargetPageId rootid 9 tid 105953
target_page_id id: 14 tid 105953
0 1 tid 105953
196 11 tid 105953
359 8 tid 105953
533 13 tid 105953
660 14 tid 105953
198 tid 105953
Insert  tid 105953
FindTargetPageId rootid 9 tid 105955
target_page_id id: 14 tid 105955
0 1 tid 105955
196 11 tid 105955
359 8 tid 105955
533 13 tid 105955
660 14 tid 105955
199 tid 105955
Insert  tid 105955
FindTargetPageId rootid 9 tid 105953
target_page_id id: 14 tid 105953
0 1 tid 105953
196 11 tid 105953
359 8 tid 105953
533 13 tid 105953
660 14 tid 105953
199 tid 105953
Insert  tid 105953
FindTargetPageId rootid 9 tid 105955
target_page_id id: 14 tid 105955
0 1 tid 105955
196 11 tid 105955
359 8 tid 105955
533 13 tid 105955
660 14 tid 105955
200 tid 105955
Insert  tid 105955
FindTargetPageId rootid 9 tid 105955
target_page_id id: 14 tid 105955
0 1 tid 105955
196 11 tid 105955
359 8 tid 105955
533 13 tid 105955
660 14 tid 105955
200 tid 105955
Insert  tid 105955
FindTargetPageId rootid 9 tid 105953
target_page_id id: 14 tid 105953
0 1 tid 105953
196 11 tid 105953
359 8 tid 105953
533 13 tid 105953
660 14 tid 105953
200 tid 105953
Insert  tid 105953
FindTargetPageId rootid 9 tid 105953
target_page_id id: 14 tid 105953
0 1 tid 105953
196 11 tid 105953
359 8 tid 105953
533 13 tid 105953
660 14 tid 105953
201 tid 105953
Insert  tid 105953
FindTargetPageId rootid 9 tid 105953
target_page_id id: 14 tid 105953
0 1 tid 105953
196 11 tid 105953
359 8 tid 105953
533 13 tid 105953
660 14 tid 105953
202 tid 105953
Insert  tid 105953
FindTargetPageId rootid 9 tid 105953
target_page_id id: 14 tid 105953
0 1 tid 105953
196 11 tid 105953
359 8 tid 105953
533 13 tid 105953
660 14 tid 105953
203 tid 105953
Insert  tid 105953
FindTargetPageId rootid 9 tid 105953
target_page_id id: 14 tid 105953
0 1 tid 105953
196 11 tid 105953
359 8 tid 105953
533 13 tid 105953
660 14 tid 105953
204 tid 105953
Insert  tid 105953
FindTargetPageId rootid 9 tid 105953
target_page_id id: 14 tid 105953
0 1 tid 105953
196 11 tid 105953
359 8 tid 105953
533 13 tid 105953
660 14 tid 105953
205 tid 105953
Insert  tid 105953
FindTargetPageId rootid 9 tid 105953
target_page_id id: 14 tid 105953
0 1 tid 105953
196 11 tid 105953
359 8 tid 105953
533 13 tid 105953
660 14 tid 105953
206 tid 105953
Insert  tid 105953
FindTargetPageId rootid 9 tid 105955
target_page_id id: 14 tid 105955
0 1 tid 105955
196 11 tid 105955
359 8 tid 105955
533 13 tid 105955
660 14 tid 105955
207 tid 105955
Insert  tid 105955
FindTargetPageId rootid 9 tid 105955
target_page_id id: 14 tid 105955
0 1 tid 105955
196 11 tid 105955
359 8 tid 105955
533 13 tid 105955
660 14 tid 105955
207 tid 105955
Insert  tid 105955
FindTargetPageId rootid 9 tid 105955
target_page_id id: 14 tid 105955
0 1 tid 105955
196 11 tid 105955
359 8 tid 105955
533 13 tid 105955
660 14 tid 105955
207 tid 105955
Insert  tid 105955
FindTargetPageId rootid 9 tid 105955
target_page_id id: 14 tid 105955
0 1 tid 105955
196 11 tid 105955
359 8 tid 105955
533 13 tid 105955
660 14 tid 105955
207 tid 105955
Insert  tid 105955
FindTargetPageId rootid 9 tid 105955
target_page_id id: 14 tid 105955
0 1 tid 105955
196 11 tid 105955
359 8 tid 105955
533 13 tid 105955
660 14 tid 105955
207 tid 105955
Insert  tid 105955
FindTargetPageId rootid 9 tid 105955
target_page_id id: 14 tid 105955
0 1 tid 105955
196 11 tid 105955
359 8 tid 105955
533 13 tid 105955
660 14 tid 105955
207 tid 105955
Insert  tid 105955
FindTargetPageId rootid 9 tid 105955
target_page_id id: 14 tid 105955
0 1 tid 105955
196 11 tid 105955
359 8 tid 105955
533 13 tid 105955
660 14 tid 105955
207 tid 105955
Insert  tid 105955
FindTargetPageId rootid 9 tid 105955
target_page_id id: 14 tid 105955
0 1 tid 105955
196 11 tid 105955
359 8 tid 105955
533 13 tid 105955
660 14 tid 105955
207 tid 105955
Insert  tid 105955
FindTargetPageId rootid 9 tid 105955
target_page_id id: 14 tid 105955
0 1 tid 105955
196 11 tid 105955
359 8 tid 105955
533 13 tid 105955
660 14 tid 105955
207 tid 105955
Insert  tid 105955
FindTargetPageId rootid 9 tid 105955
target_page_id id: 14 tid 105955
0 1 tid 105955
196 11 tid 105955
359 8 tid 105955
533 13 tid 105955
660 14 tid 105955
207 tid 105955
Insert  tid 105955
FindTargetPageId rootid 9 tid 105955
target_page_id id: 14 tid 105955
0 1 tid 105955
196 11 tid 105955
359 8 tid 105955
533 13 tid 105955
660 14 tid 105955
207 tid 105955
Insert  tid 105955
FindTargetPageId rootid 9 tid 105955
target_page_id id: 14 tid 105955
0 1 tid 105955
196 11 tid 105955
359 8 tid 105955
533 13 tid 105955
660 14 tid 105955
207 tid 105955
Insert  tid 105955
FindTargetPageId rootid 9 tid 105955
target_page_id id: 14 tid 105955
0 1 tid 105955
196 11 tid 105955
359 8 tid 105955
533 13 tid 105955
660 14 tid 105955
207 tid 105955
Insert  tid 105955
FindTargetPageId rootid 9 tid 105955
target_page_id id: 14 tid 105955
0 1 tid 105955
196 11 tid 105955
359 8 tid 105955
533 13 tid 105955
660 14 tid 105955
207 tid 105955
Insert  tid 105955
FindTargetPageId rootid 9 tid 105955
target_page_id id: 14 tid 105955
0 1 tid 105955
196 11 tid 105955
359 8 tid 105955
533 13 tid 105955
660 14 tid 105955
207 tid 105955
Insert  tid 105955
FindTargetPageId rootid 9 tid 105955
target_page_id id: 14 tid 105955
0 1 tid 105955
196 11 tid 105955
359 8 tid 105955
533 13 tid 105955
660 14 tid 105955
207 tid 105955
Insert  tid 105955
FindTargetPageId rootid 9 tid 105955
target_page_id id: 14 tid 105955
0 1 tid 105955
196 11 tid 105955
359 8 tid 105955
533 13 tid 105955
660 14 tid 105955
207 tid 105955
Insert  tid 105955
FindTargetPageId rootid 9 tid 105955
target_page_id id: 14 tid 105955
0 1 tid 105955
196 11 tid 105955
359 8 tid 105955
533 13 tid 105955
660 14 tid 105955
207 tid 105955
Insert  tid 105955
FindTargetPageId rootid 9 tid 105955
target_page_id id: 14 tid 105955
0 1 tid 105955
196 11 tid 105955
359 8 tid 105955
533 13 tid 105955
660 14 tid 105955
207 tid 105955
Insert  tid 105955
FindTargetPageId rootid 9 tid 105955
target_page_id id: 14 tid 105955
0 1 tid 105955
196 11 tid 105955
359 8 tid 105955
533 13 tid 105955
660 14 tid 105955
207 tid 105955
Insert  tid 105955
FindTargetPageId rootid 9 tid 105955
target_page_id id: 14 tid 105955
0 1 tid 105955
196 11 tid 105955
359 8 tid 105955
533 13 tid 105955
660 14 tid 105955
207 tid 105955
Insert  tid 105955
FindTargetPageId rootid 9 tid 105955
target_page_id id: 14 tid 105955
0 1 tid 105955
196 11 tid 105955
359 8 tid 105955
533 13 tid 105955
660 14 tid 105955
207 tid 105955
Insert  tid 105955
FindTargetPageId rootid 9 tid 105955
target_page_id id: 14 tid 105955
0 1 tid 105955
196 11 tid 105955
359 8 tid 105955
533 13 tid 105955
660 14 tid 105955
207 tid 105955
Insert  tid 105955
FindTargetPageId rootid 9 tid 105955
target_page_id id: 14 tid 105955
0 1 tid 105955
196 11 tid 105955
359 8 tid 105955
533 13 tid 105955
660 14 tid 105955
207 tid 105955
Insert  tid 105955
FindTargetPageId rootid 9 tid 105955
target_page_id id: 14 tid 105955
0 1 tid 105955
196 11 tid 105955
359 8 tid 105955
533 13 tid 105955
660 14 tid 105955
207 tid 105955
Insert  tid 105955
FindTargetPageId rootid 9 tid 105955
target_page_id id: 14 tid 105955
0 1 tid 105955
196 11 tid 105955
359 8 tid 105955
533 13 tid 105955
660 14 tid 105955
207 tid 105955
Insert  tid 105955
FindTargetPageId rootid 9 tid 105955
target_page_id id: 14 tid 105955
0 1 tid 105955
196 11 tid 105955
359 8 tid 105955
533 13 tid 105955
660 14 tid 105955
207 tid 105955
Insert  tid 105955
FindTargetPageId rootid 9 tid 105955
target_page_id id: 14 tid 105955
0 1 tid 105955
196 11 tid 105955
359 8 tid 105955
533 13 tid 105955
660 14 tid 105955
207 tid 105955
Insert  tid 105955
FindTargetPageId rootid 9 tid 105955
target_page_id id: 14 tid 105955
0 1 tid 105955
196 11 tid 105955
359 8 tid 105955
533 13 tid 105955
660 14 tid 105955
207 tid 105955
Insert  tid 105955
FindTargetPageId rootid 9 tid 105955
target_page_id id: 14 tid 105955
0 1 tid 105955
196 11 tid 105955
359 8 tid 105955
533 13 tid 105955
660 14 tid 105955
207 tid 105955
Insert  tid 105955
FindTargetPageId rootid 9 tid 105955
target_page_id id: 14 tid 105955
0 1 tid 105955
196 11 tid 105955
359 8 tid 105955
533 13 tid 105955
660 14 tid 105955
207 tid 105955
Insert  tid 105955
FindTargetPageId rootid 9 tid 105955
target_page_id id: 14 tid 105955
0 1 tid 105955
196 11 tid 105955
359 8 tid 105955
533 13 tid 105955
660 14 tid 105955
207 tid 105955
Insert  tid 105955
FindTargetPageId rootid 9 tid 105955
target_page_id id: 14 tid 105955
0 1 tid 105955
196 11 tid 105955
359 8 tid 105955
533 13 tid 105955
660 14 tid 105955
207 tid 105955
Insert  tid 105955
FindTargetPageId rootid 9 tid 105955
target_page_id id: 14 tid 105955
0 1 tid 105955
196 11 tid 105955
359 8 tid 105955
533 13 tid 105955
660 14 tid 105955
207 tid 105955
Insert  tid 105955
FindTargetPageId rootid 9 tid 105955
target_page_id id: 14 tid 105955
0 1 tid 105955
196 11 tid 105955
359 8 tid 105955
533 13 tid 105955
660 14 tid 105955
207 tid 105955
Insert  tid 105955
FindTargetPageId rootid 9 tid 105955
target_page_id id: 14 tid 105955
0 1 tid 105955
196 11 tid 105955
359 8 tid 105955
533 13 tid 105955
660 14 tid 105955
207 tid 105955
Insert  tid 105955
FindTargetPageId rootid 9 tid 105955
target_page_id id: 14 tid 105955
0 1 tid 105955
196 11 tid 105955
359 8 tid 105955
533 13 tid 105955
660 14 tid 105955
207 tid 105955
Insert  tid 105955
FindTargetPageId rootid 9 tid 105955
target_page_id id: 14 tid 105955
0 1 tid 105955
196 11 tid 105955
359 8 tid 105955
533 13 tid 105955
660 14 tid 105955
207 tid 105955
Insert  tid 105955
FindTargetPageId rootid 9 tid 105955
target_page_id id: 14 tid 105955
0 1 tid 105955
196 11 tid 105955
359 8 tid 105955
533 13 tid 105955
660 14 tid 105955
207 tid 105955
Insert  tid 105955
FindTargetPageId rootid 9 tid 105955
target_page_id id: 14 tid 105955
0 1 tid 105955
196 11 tid 105955
359 8 tid 105955
533 13 tid 105955
660 14 tid 105955
207 tid 105955
Insert  tid 105955
FindTargetPageId rootid 9 tid 105955
target_page_id id: 14 tid 105955
0 1 tid 105955
196 11 tid 105955
359 8 tid 105955
533 13 tid 105955
660 14 tid 105955
207 tid 105955
Insert  tid 105955
FindTargetPageId rootid 9 tid 105955
target_page_id id: 14 tid 105955
0 1 tid 105955
196 11 tid 105955
359 8 tid 105955
533 13 tid 105955
660 14 tid 105955
207 tid 105955
Insert  tid 105955
FindTargetPageId rootid 9 tid 105955
target_page_id id: 14 tid 105955
0 1 tid 105955
196 11 tid 105955
359 8 tid 105955
533 13 tid 105955
660 14 tid 105955
207 tid 105955
Insert  tid 105955
FindTargetPageId rootid 9 tid 105955
target_page_id id: 14 tid 105955
0 1 tid 105955
196 11 tid 105955
359 8 tid 105955
533 13 tid 105955
660 14 tid 105955
207 tid 105955
Insert  tid 105955
FindTargetPageId rootid 9 tid 105955
target_page_id id: 14 tid 105955
0 1 tid 105955
196 11 tid 105955
359 8 tid 105955
533 13 tid 105955
660 14 tid 105955
207 tid 105955
Insert  tid 105955
FindTargetPageId rootid 9 tid 105955
target_page_id id: 14 tid 105955
0 1 tid 105955
196 11 tid 105955
359 8 tid 105955
533 13 tid 105955
660 14 tid 105955
207 tid 105955
Insert  tid 105955
FindTargetPageId rootid 9 tid 105955
target_page_id id: 14 tid 105955
0 1 tid 105955
196 11 tid 105955
359 8 tid 105955
533 13 tid 105955
660 14 tid 105955
207 tid 105955
Insert  tid 105955
FindTargetPageId rootid 9 tid 105953
target_page_id id: 14 tid 105953
0 1 tid 105953
196 11 tid 105953
359 8 tid 105953
533 13 tid 105953
660 14 tid 105953
207 tid 105953
Insert  tid 105953
FindTargetPageId rootid 9 tid 105955
target_page_id id: 14 tid 105955
0 1 tid 105955
196 11 tid 105955
359 8 tid 105955
533 13 tid 105955
660 14 tid 105955
208 tid 105955
Insert  tid 105955
FindTargetPageId rootid 9 tid 105953
target_page_id id: 14 tid 105953
0 1 tid 105953
196 11 tid 105953
359 8 tid 105953
533 13 tid 105953
660 14 tid 105953
208 tid 105953
Insert  tid 105953
FindTargetPageId rootid 9 tid 105955
target_page_id id: 14 tid 105955
0 1 tid 105955
196 11 tid 105955
359 8 tid 105955
533 13 tid 105955
660 14 tid 105955
209 tid 105955
Insert  tid 105955
FindTargetPageId rootid 9 tid 105953
target_page_id id: 14 tid 105953
0 1 tid 105953
196 11 tid 105953
359 8 tid 105953
533 13 tid 105953
660 14 tid 105953
209 tid 105953
Insert  tid 105953
FindTargetPageId rootid 9 tid 105955
target_page_id id: 14 tid 105955
0 1 tid 105955
196 11 tid 105955
359 8 tid 105955
533 13 tid 105955
660 14 tid 105955
210 tid 105955
Insert  tid 105955
FindTargetPageId rootid 9 tid 105953
target_page_id id: 14 tid 105953
0 1 tid 105953
196 11 tid 105953
359 8 tid 105953
533 13 tid 105953
660 14 tid 105953
210 tid 105953
Insert  tid 105953
FindTargetPageId rootid 9 tid 105955
target_page_id id: 14 tid 105955
0 1 tid 105955
196 11 tid 105955
359 8 tid 105955
533 13 tid 105955
660 14 tid 105955
211 tid 105955
Insert  tid 105955
FindTargetPageId rootid 9 tid 105953
target_page_id id: 14 tid 105953
0 1 tid 105953
196 11 tid 105953
359 8 tid 105953
533 13 tid 105953
660 14 tid 105953
211 tid 105953
Insert  tid 105953
FindTargetPageId rootid 9 tid 105955
target_page_id id: 14 tid 105955
0 1 tid 105955
196 11 tid 105955
359 8 tid 105955
533 13 tid 105955
660 14 tid 105955
212 tid 105955
Insert  tid 105955
FindTargetPageId rootid 9 tid 105953
target_page_id id: 14 tid 105953
0 1 tid 105953
196 11 tid 105953
359 8 tid 105953
533 13 tid 105953
660 14 tid 105953
212 tid 105953
Insert  tid 105953
FindTargetPageId rootid 9 tid 105955
target_page_id id: 14 tid 105955
0 1 tid 105955
196 11 tid 105955
359 8 tid 105955
533 13 tid 105955
660 14 tid 105955
213 tid 105955
Insert  tid 105955
FindTargetPageId rootid 9 tid 105953
target_page_id id: 14 tid 105953
0 1 tid 105953
196 11 tid 105953
359 8 tid 105953
533 13 tid 105953
660 14 tid 105953
213 tid 105953
Insert  tid 105953
FindTargetPageId rootid 9 tid 105955
target_page_id id: 14 tid 105955
0 1 tid 105955
196 11 tid 105955
359 8 tid 105955
533 13 tid 105955
660 14 tid 105955
214 tid 105955
Insert  tid 105955
FindTargetPageId rootid 9 tid 105953
target_page_id id: 14 tid 105953
0 1 tid 105953
196 11 tid 105953
359 8 tid 105953
533 13 tid 105953
660 14 tid 105953
214 tid 105953
Insert  tid 105953
FindTargetPageId rootid 9 tid 105955
target_page_id id: 14 tid 105955
0 1 tid 105955
196 11 tid 105955
359 8 tid 105955
533 13 tid 105955
660 14 tid 105955
215 tid 105955
Insert  tid 105955
FindTargetPageId rootid 9 tid 105953
target_page_id id: 14 tid 105953
0 1 tid 105953
196 11 tid 105953
359 8 tid 105953
533 13 tid 105953
660 14 tid 105953
215 tid 105953
Insert  tid 105953
FindTargetPageId rootid 9 tid 105955
target_page_id id: 14 tid 105955
0 1 tid 105955
196 11 tid 105955
359 8 tid 105955
533 13 tid 105955
660 14 tid 105955
216 tid 105955
Insert  tid 105955
FindTargetPageId rootid 9 tid 105953
target_page_id id: 14 tid 105953
0 1 tid 105953
196 11 tid 105953
359 8 tid 105953
533 13 tid 105953
660 14 tid 105953
216 tid 105953
Insert  tid 105953
FindTargetPageId rootid 9 tid 105955
target_page_id id: 14 tid 105955
0 1 tid 105955
196 11 tid 105955
359 8 tid 105955
533 13 tid 105955
660 14 tid 105955
217 tid 105955
Insert  tid 105955
FindTargetPageId rootid 9 tid 105953
target_page_id id: 14 tid 105953
0 1 tid 105953
196 11 tid 105953
359 8 tid 105953
533 13 tid 105953
660 14 tid 105953
217 tid 105953
Insert  tid 105953
FindTargetPageId rootid 9 tid 105955
target_page_id id: 14 tid 105955
0 1 tid 105955
196 11 tid 105955
359 8 tid 105955
533 13 tid 105955
660 14 tid 105955
218 tid 105955
Insert  tid 105955
FindTargetPageId rootid 9 tid 105953
target_page_id id: 14 tid 105953
0 1 tid 105953
196 11 tid 105953
359 8 tid 105953
533 13 tid 105953
660 14 tid 105953
218 tid 105953
Insert  tid 105953
FindTargetPageId rootid 9 tid 105955
target_page_id id: 14 tid 105955
0 1 tid 105955
196 11 tid 105955
359 8 tid 105955
533 13 tid 105955
660 14 tid 105955
219 tid 105955
Insert  tid 105955
FindTargetPageId rootid 9 tid 105953
target_page_id id: 14 tid 105953
0 1 tid 105953
196 11 tid 105953
359 8 tid 105953
533 13 tid 105953
660 14 tid 105953
219 tid 105953
Insert  tid 105953
FindTargetPageId rootid 9 tid 105955
target_page_id id: 14 tid 105955
0 1 tid 105955
196 11 tid 105955
359 8 tid 105955
533 13 tid 105955
660 14 tid 105955
220 tid 105955
Insert  tid 105955
FindTargetPageId rootid 9 tid 105953
target_page_id id: 14 tid 105953
0 1 tid 105953
196 11 tid 105953
359 8 tid 105953
533 13 tid 105953
660 14 tid 105953
220 tid 105953
Insert  tid 105953
FindTargetPageId rootid 9 tid 105955
target_page_id id: 14 tid 105955
0 1 tid 105955
196 11 tid 105955
359 8 tid 105955
533 13 tid 105955
660 14 tid 105955
221 tid 105955
Insert  tid 105955
FindTargetPageId rootid 9 tid 105953
target_page_id id: 14 tid 105953
0 1 tid 105953
196 11 tid 105953
359 8 tid 105953
533 13 tid 105953
660 14 tid 105953
221 tid 105953
Insert  tid 105953
FindTargetPageId rootid 9 tid 105955
target_page_id id: 14 tid 105955
0 1 tid 105955
196 11 tid 105955
359 8 tid 105955
533 13 tid 105955
660 14 tid 105955
222 tid 105955
Insert  tid 105955
FindTargetPageId rootid 9 tid 105953
target_page_id id: 14 tid 105953
0 1 tid 105953
196 11 tid 105953
359 8 tid 105953
533 13 tid 105953
660 14 tid 105953
222 tid 105953
Insert  tid 105953
FindTargetPageId rootid 9 tid 105955
target_page_id id: 14 tid 105955
0 1 tid 105955
196 11 tid 105955
359 8 tid 105955
533 13 tid 105955
660 14 tid 105955
223 tid 105955
Insert  tid 105955
FindTargetPageId rootid 9 tid 105953
target_page_id id: 14 tid 105953
0 1 tid 105953
196 11 tid 105953
359 8 tid 105953
533 13 tid 105953
660 14 tid 105953
223 tid 105953
Insert  tid 105953
FindTargetPageId rootid 9 tid 105955
target_page_id id: 14 tid 105955
0 1 tid 105955
196 11 tid 105955
359 8 tid 105955
533 13 tid 105955
660 14 tid 105955
224 tid 105955
Insert  tid 105955
FindTargetPageId rootid 9 tid 105953
target_page_id id: 14 tid 105953
0 1 tid 105953
196 11 tid 105953
359 8 tid 105953
533 13 tid 105953
660 14 tid 105953
224 tid 105953
Insert  tid 105953
FindTargetPageId rootid 9 tid 105955
target_page_id id: 14 tid 105955
0 1 tid 105955
196 11 tid 105955
359 8 tid 105955
533 13 tid 105955
660 14 tid 105955
225 tid 105955
Insert  tid 105955
FindTargetPageId rootid 9 tid 105953
target_page_id id: 14 tid 105953
0 1 tid 105953
196 11 tid 105953
359 8 tid 105953
533 13 tid 105953
660 14 tid 105953
225 tid 105953
FindTargetPageId rootid Insert 9 tid  tid 105955105953

target_page_id id: 14 tid 105955
0 1 tid 105955
196 11 tid 105955
359 8 tid 105955
533 13 tid 105955
660 14 tid 105955
226 tid 105955
FindTargetPageId rootid 9 tid 105953
target_page_id id: 14 tid 105953
0 1 tid 105953
196 11 tid 105953
359 8 tid 105953
533 13 tid 105953
660 14 tid 105953
226 tid 105953
Insert  tid 105955
Insert  tid 105953
FindTargetPageId rootid 9 tid 105955
target_page_id id: 14 tid 105955
0 1 tid 105955
196 11 tid 105955
359 8 tid 105955
533 13 tid 105955
660 14 tid 105955
227 tid 105955
Insert  tid 105955
FindTargetPageId rootid 9 tid 105955
target_page_id id: 14 tid 105955
0 1 tid 105955
196 11 tid 105955
359 8 tid 105955
533 13 tid 105955
660 14 tid 105955
227 tid 105955
Insert  tid 105955
FindTargetPageId rootid 9 tid 105955
target_page_id id: 14 tid 105955
0 1 tid 105955
196 11 tid 105955
359 8 tid 105955
533 13 tid 105955
660 14 tid 105955
227 tid 105955
Insert  tid 105955
FindTargetPageId rootid 9 tid 105953
target_page_id id: 14 tid 105953
0 1 tid 105953
196 11 tid 105953
359 8 tid 105953
533 13 tid 105953
660 14 tid 105953
227 tid 105953
Insert  tid 105953
FindTargetPageId rootid 9 tid 105955
target_page_id id: 14 tid 105955
0 1 tid 105955
196 11 tid 105955
359 8 tid 105955
533 13 tid 105955
660 14 tid 105955
228 tid 105955
Insert  tid 105955
FindTargetPageId rootid 9 tid 105953
target_page_id id: 14 tid 105953
0 1 tid 105953
196 11 tid 105953
359 8 tid 105953
533 13 tid 105953
660 14 tid 105953
228 tid 105953
Insert  tid 105953
FindTargetPageId rootid 9 tid 105955
target_page_id id: 14 tid 105955
0 1 tid 105955
196 11 tid 105955
359 8 tid 105955
533 13 tid 105955
660 14 tid 105955
229 tid 105955
Insert  tid 105955
FindTargetPageId rootid 9 tid 105953
target_page_id id: 14 tid 105953
0 1 tid 105953
196 11 tid 105953
359 8 tid 105953
533 13 tid 105953
660 14 tid 105953
229 tid 105953
Insert  tid 105953
FindTargetPageId rootid 9 tid 105955
target_page_id id: 14 tid 105955
0 1 tid 105955
196 11 tid 105955
359 8 tid 105955
533 13 tid 105955
660 14 tid 105955
230 tid 105955
Insert  tid 105955
FindTargetPageId rootid 9 tid 105953
target_page_id id: 14 tid 105953
0 1 tid 105953
196 11 tid 105953
359 8 tid 105953
533 13 tid 105953
660 14 tid 105953
230 tid 105953
Insert  tid 105953
FindTargetPageId rootid 9 tid 105955
target_page_id id: 14 tid 105955
0 1 tid 105955
196 11 tid 105955
359 8 tid 105955
533 13 tid 105955
660 14 tid 105955
231 tid 105955
Insert  tid 105955
FindTargetPageId rootid 9 tid 105953
target_page_id id: 14 tid 105953
0 1 tid 105953
196 11 tid 105953
359 8 tid 105953
533 13 tid 105953
660 14 tid 105953
231 tid 105953
Insert  tid 105953
FindTargetPageId rootid 9 tid 105955
target_page_id id: 14 tid 105955
0 1 tid 105955
196 11 tid 105955
359 8 tid 105955
533 13 tid 105955
660 14 tid 105955
232 tid 105955
Insert  tid 105955
FindTargetPageId rootid 9 tid 105953
target_page_id id: 14 tid 105953
0 1 tid 105953
196 11 tid 105953
359 8 tid 105953
533 13 tid 105953
660 14 tid 105953
232 tid 105953
Insert  tid 105953
FindTargetPageId rootid 9 tid 105955
target_page_id id: 14 tid 105955
0 1 tid 105955
196 11 tid 105955
359 8 tid 105955
533 13 tid 105955
660 14 tid 105955
233 tid 105955
Insert  tid 105955
FindTargetPageId rootid 9 tid 105953
target_page_id id: 14 tid 105953
0 1 tid 105953
196 11 tid 105953
359 8 tid 105953
533 13 tid 105953
660 14 tid 105953
233 tid 105953
Insert  tid 105953
FindTargetPageId rootid 9 tid 105955
target_page_id id: 14 tid 105955
0 1 tid 105955
196 11 tid 105955
359 8 tid 105955
533 13 tid 105955
660 14 tid 105955
234 tid 105955
Insert  tid 105955
FindTargetPageId rootid 9 tid 105953
target_page_id id: 14 tid 105953
0 1 tid 105953
196 11 tid 105953
359 8 tid 105953
533 13 tid 105953
660 14 tid 105953
234 tid 105953
Insert  tid 105953
FindTargetPageId rootid 9 tid 105955
target_page_id id: 14 tid 105955
0 1 tid 105955
196 11 tid 105955
359 8 tid 105955
533 13 tid 105955
660 14 tid 105955
235 tid 105955
Insert  tid 105955
FindTargetPageId rootid 9 tid 105953
target_page_id id: 14 tid 105953
0 1 tid 105953
196 11 tid 105953
359 8 tid 105953
533 13 tid 105953
660 14 tid 105953
235 tid 105953
Insert  tid 105953
FindTargetPageId rootid 9 tid 105955
target_page_id id: 14 tid 105955
0 1 tid 105955
196 11 tid 105955
359 8 tid 105955
533 13 tid 105955
660 14 tid 105955
236 tid 105955
Insert  tid 105955
FindTargetPageId rootid 9 tid 105953
target_page_id id: 14 tid 105953
0 1 tid 105953
196 11 tid 105953
359 8 tid 105953
533 13 tid 105953
660 14 tid 105953
236 tid 105953
Insert  tid 105953
FindTargetPageId rootid 9 tid 105955
target_page_id id: 14 tid 105955
0 1 tid 105955
196 11 tid 105955
359 8 tid 105955
533 13 tid 105955
660 14 tid 105955
237 tid 105955
Insert  tid 105955
FindTargetPageId rootid 9 tid 105953
target_page_id id: 14 tid 105953
0 1 tid 105953
196 11 tid 105953
359 8 tid 105953
533 13 tid 105953
660 14 tid 105953
237 tid 105953
Insert  tid 105953
FindTargetPageId rootid 9 tid 105955
target_page_id id: 14 tid 105955
0 1 tid 105955
196 11 tid 105955
359 8 tid 105955
533 13 tid 105955
660 14 tid 105955
238 tid 105955
Insert  tid 105955
FindTargetPageId rootid 9 tid 105953
target_page_id id: 14 tid 105953
0 1 tid 105953
196 11 tid 105953
359 8 tid 105953
533 13 tid 105953
660 14 tid 105953
238 tid 105953
Insert  tid 105953
FindTargetPageId rootid 9 tid 105955
target_page_id id: 14 tid 105955
0 1 tid 105955
196 11 tid 105955
359 8 tid 105955
533 13 tid 105955
660 14 tid 105955
239 tid 105955
Insert  tid 105955
FindTargetPageId rootid 9 tid 105953
target_page_id id: 14 tid 105953
0 1 tid 105953
196 11 tid 105953
359 8 tid 105953
533 13 tid 105953
660 14 tid 105953
239 tid 105953
Insert  tid 105953
FindTargetPageId rootid 9 tid 105955
target_page_id id: 14 tid 105955
0 1 tid 105955
196 11 tid 105955
359 8 tid 105955
533 13 tid 105955
660 14 tid 105955
240 tid 105955
Insert  tid 105955
FindTargetPageId rootid 9 tid 105953
target_page_id id: 14 tid 105953
0 1 tid 105953
196 11 tid 105953
359 8 tid 105953
533 13 tid 105953
660 14 tid 105953
240 tid 105953
FindTargetPageId rootid 9 tid 105955
target_page_id id: 14 tid Insert  tid 105955
0 1 tid 105955
196 11 tid 105955
359 8 tid 105955
533 13 tid 105955
660 14 tid 105955
241 tid 105955
105953
Insert  tid 105955
FindTargetPageId rootid 9 tid 105953
target_page_id id: 14 tid 105953
0 1 tid 105953
196 11 tid 105953
359 8 tid 105953
533 13 tid 105953
660 14 tid 105953
241 tid 105953
Insert  tid 105953
FindTargetPageId rootid 9 tid 105955
target_page_id id: 14 tid 105955
0 1 tid 105955
196 11 tid 105955
359 8 tid 105955
533 13 tid 105955
660 14 tid 105955
242 tid 105955
Insert  tid 105955
FindTargetPageId rootid 9 tid 105953
target_page_id id: 14 tid 105953
0 1 tid 105953
196 11 tid 105953
359 8 tid 105953
533 13 tid 105953
660 14 tid 105953
242 tid 105953
Insert  tid 105953
FindTargetPageId rootid 9 tid 105955
target_page_id id: 14 tid 105955
0 1 tid 105955
196 11 tid 105955
359 8 tid 105955
533 13 tid 105955
660 14 tid 105955
243 tid 105955
Insert  tid 105955
FindTargetPageId rootid 9 tid 105953
target_page_id id: 14 tid 105953
0 1 tid 105953
196 11 tid 105953
359 8 tid 105953
533 13 tid 105953
660 14 tid 105953
243 tid 105953
Insert  tid 105953
FindTargetPageId rootid 9 tid 105953
target_page_id id: 14 tid 105953
0 1 tid 105953
196 11 tid 105953
359 8 tid 105953
533 13 tid 105953
660 14 tid 105953
244 tid 105953
Insert  tid 105953
FindTargetPageId rootid 9 tid 105955
target_page_id id: 14 tid 105955
0 1 tid 105955
196 11 tid 105955
359 8 tid 105955
533 13 tid 105955
660 14 tid 105955
245 tid 105955
Insert  tid 105955
FindTargetPageId rootid 9 tid 105953
target_page_id id: 14 tid 105953
0 1 tid 105953
196 11 tid 105953
359 8 tid 105953
533 13 tid 105953
660 14 tid 105953
245 tid 105953
Insert  tid 105953
FindTargetPageId rootid 9 tid 105955
target_page_id id: 14 tid 105955
0 1 tid 105955
196 11 tid 105955
359 8 tid 105955
533 13 tid 105955
660 14 tid 105955
246 tid 105955
Insert  tid 105955
FindTargetPageId rootid 9 tid 105953
target_page_id id: 14 tid 105953
0 1 tid 105953
196 11 tid 105953
359 8 tid 105953
533 13 tid 105953
660 14 tid 105953
246 tid 105953
Insert  tid 105953
FindTargetPageId rootid 9 tid 105955
target_page_id id: 14 tid 105955
0 1 tid 105955
196 11 tid 105955
359 8 tid 105955
533 13 tid 105955
660 14 tid 105955
247 tid 105955
Insert  tid 105955
FindTargetPageId rootid 9 tid 105953
target_page_id id: 14 tid 105953
0 1 tid 105953
196 11 tid 105953
359 8 tid 105953
533 13 tid 105953
660 14 tid 105953
247 tid 105953
Insert  tid 105953
FindTargetPageId rootid 9 tid 105955
target_page_id id: 14 tid 105955
0 1 tid 105955
196 11 tid 105955
359 8 tid 105955
533 13 tid 105955
660 14 tid 105955
248 tid 105955
Insert  tid 105955
FindTargetPageId rootid 9 tid 105953
target_page_id id: 14 tid 105953
0 1 tid 105953
196 11 tid 105953
359 8 tid 105953
533 13 tid 105953
660 14 tid 105953
248 tid 105953
Insert  tid 105953
FindTargetPageId rootid 9 tid 105955
target_page_id id: 14 tid 105955
0 1 tid 105955
196 11 tid 105955
359 8 tid 105955
533 13 tid 105955
660 14 tid 105955
249 tid 105955
Insert  tid 105955
FindTargetPageId rootid 9 tid 105953
target_page_id id: 14 tid 105953
0 1 tid 105953
196 11 tid 105953
359 8 tid 105953
533 13 tid 105953
660 14 tid 105953
249 tid 105953
Insert  tid 105953
FindTargetPageId rootid 9 tid 105955
target_page_id id: 14 tid 105955
0 1 tid 105955
196 11 tid 105955
359 8 tid 105955
533 13 tid 105955
660 14 tid 105955
250 tid 105955
Insert  tid 105955
FindTargetPageId rootid 9 tid 105955
target_page_id id: 14 tid 105955
0 1 tid 105955
196 11 tid 105955
359 8 tid 105955
533 13 tid 105955
660 14 tid 105955
250 tid 105955
Insert  tid 105955
FindTargetPageId rootid 9 tid 105953
target_page_id id: 14 tid 105953
0 1 tid 105953
196 11 tid 105953
359 8 tid 105953
533 13 tid 105953
660 14 tid 105953
250 tid 105953
Insert  tid 105953
FindTargetPageId rootid 9 tid 105955
target_page_id id: 14 tid 105955
0 1 tid 105955
196 11 tid 105955
359 8 tid 105955
533 13 tid 105955
660 14 tid 105955
251 tid 105955
Insert  tid 105955
FindTargetPageId rootid 9 tid 105953
target_page_id id: 14 tid 105953
0 1 tid 105953
196 11 tid 105953
359 8 tid 105953
533 13 tid 105953
660 14 tid 105953
251 tid 105953
Insert  tid 105953
FindTargetPageId rootid 9 tid 105953
target_page_id id: 14 tid 105953
0 1 tid 105953
196 11 tid 105953
359 8 tid 105953
533 13 tid 105953
660 14 tid 105953
252 tid 105953
Insert  tid 105953
FindTargetPageId rootid 9 tid 105955
target_page_id id: 14 tid 105955
0 1 tid 105955
196 11 tid 105955
359 8 tid 105955
533 13 tid 105955
660 14 tid 105955
253 tid 105955
Insert  tid 105955
FindTargetPageId rootid 9 tid 105955
target_page_id id: 14 tid 105955
0 1 tid 105955
196 11 tid 105955
359 8 tid 105955
533 13 tid 105955
660 14 tid 105955
253 tid 105955
Insert  tid 105955
FindTargetPageId rootid 9 tid 105955
target_page_id id: 14 tid 105955
0 1 tid 105955
196 11 tid 105955
359 8 tid 105955
533 13 tid 105955
660 14 tid 105955
253 tid 105955
Insert  tid 105955
FindTargetPageId rootid 9 tid 105955
target_page_id id: 14 tid 105955
0 1 tid 105955
196 11 tid 105955
359 8 tid 105955
533 13 tid 105955
660 14 tid 105955
253 tid 105955
Insert  tid 105955
FindTargetPageId rootid 9 tid 105953
target_page_id id: 14 tid 105953
0 1 tid 105953
196 11 tid 105953
359 8 tid 105953
533 13 tid 105953
660 14 tid 105953
253 tid 105953
Insert  tid 105953
FindTargetPageId rootid 9 tid 105953
target_page_id id: 14 tid 105953
0 1 tid 105953
196 11 tid 105953
359 8 tid 105953
533 13 tid 105953
660 14 tid 105953
254 tid 105953
Insert  tid 105953
FindTargetPageId rootid 9 tid 105955
target_page_id id: 15 tid 105955
0 1 tid 105955
196 11 tid 105955
359 8 tid 105955
533 13 tid 105955
660 14 tid 105955
787 15 tid 105955
128 tid 105955
Insert  tid 105955
FindTargetPageId rootid 9 tid 105953
target_page_id id: 15 tid 105953
0 1 tid 105953
196 11 tid 105953
359 8 tid 105953
533 13 tid 105953
660 14 tid 105953
787 15 tid 105953
128 tid 105953
Insert  tid 105953
FindTargetPageId rootid 9 tid 105955
target_page_id id: 15 tid 105955
0 1 tid 105955
196 11 tid 105955
359 8 tid 105955
533 13 tid 105955
660 14 tid 105955
787 15 tid 105955
129 tid 105955
Insert  tid 105955
FindTargetPageId rootid 9 tid 105953
target_page_id id: 15 tid 105953
0 1 tid 105953
196 11 tid 105953
359 8 tid 105953
533 13 tid 105953
660 14 tid 105953
787 15 tid 105953
129 tid 105953
Insert  tid 105953
FindTargetPageId rootid 9 tid 105955
target_page_id id: 15 tid 105955
0 1 tid 105955
196 11 tid 105955
359 8 tid 105955
533 13 tid 105955
660 14 tid 105955
787 15 tid 105955
130 tid 105955
Insert  tid 105955
FindTargetPageId rootid 9 tid 105953
target_page_id id: 15 tid 105953
0 1 tid 105953
196 11 tid 105953
359 8 tid 105953
533 13 tid 105953
660 14 tid 105953
787 15 tid 105953
130 tid 105953
Insert  tid 105953
FindTargetPageId rootid 9 tid 105953
target_page_id id: 15 tid 105953
0 1 tid 105953
196 11 tid 105953
359 8 tid 105953
533 13 tid 105953
660 14 tid 105953
787 15 tid 105953
131 tid 105953
Insert  tid 105953
FindTargetPageId rootid 9 tid 105953
target_page_id id: 15 tid 105953
0 1 tid 105953
196 11 tid 105953
359 8 tid 105953
533 13 tid 105953
660 14 tid 105953
787 15 tid 105953
132 tid 105953
Insert  tid 105953
FindTargetPageId rootid 9 tid 105953
target_page_id id: 15 tid 105953
0 1 tid 105953
196 11 tid 105953
359 8 tid 105953
533 13 tid 105953
660 14 tid 105953
787 15 tid 105953
133 tid 105953
Insert  tid 105953
FindTargetPageId rootid 9 tid 105953
target_page_id id: 15 tid 105953
0 1 tid 105953
196 11 tid 105953
359 8 tid 105953
533 13 tid 105953
660 14 tid 105953
787 15 tid 105953
134 tid 105953
Insert  tid 105953
FindTargetPageId rootid 9 tid 105955
target_page_id id: 15 tid 105955
0 1 tid 105955
196 11 tid 105955
359 8 tid 105955
533 13 tid 105955
660 14 tid 105955
787 15 tid 105955
135 tid 105955
Insert  tid 105955
FindTargetPageId rootid 9 tid 105953
target_page_id id: 15 tid 105953
0 1 tid 105953
196 11 tid 105953
359 8 tid 105953
533 13 tid 105953
660 14 tid 105953
787 15 tid 105953
135 tid 105953
Insert  tid 105953
FindTargetPageId rootid 9 tid 105955
target_page_id id: 15 tid 105955
0 1 tid 105955
196 11 tid 105955
359 8 tid 105955
533 13 tid 105955
660 14 tid 105955
787 15 tid 105955
136 tid 105955
Insert  tid 105955
FindTargetPageId rootid 9 tid 105953
target_page_id id: 15 tid 105953
0 1 tid 105953
196 11 tid 105953
359 8 tid 105953
533 13 tid 105953
660 14 tid 105953
787 15 tid 105953
136 tid 105953
Insert  tid 105953
FindTargetPageId rootid 9 tid 105955
target_page_id id: 15 tid 105955
0 1 tid 105955
196 11 tid 105955
359 8 tid 105955
533 13 tid 105955
660 14 tid 105955
787 15 tid 105955
137 tid 105955
Insert  tid 105955
FindTargetPageId rootid 9 tid 105955
target_page_id id: 15 tid 105955
0 1 tid 105955
196 11 tid 105955
359 8 tid 105955
533 13 tid 105955
660 14 tid 105955
787 15 tid 105955
137 tid 105955
Insert  tid 105955
FindTargetPageId rootid 9 tid 105953
target_page_id id: 15 tid 105953
0 1 tid 105953
196 11 tid 105953
359 8 tid 105953
533 13 tid 105953
660 14 tid 105953
787 15 tid 105953
137 tid 105953
Insert  tid 105953
FindTargetPageId rootid 9 tid 105955
target_page_id id: 15 tid 105955
0 1 tid 105955
196 11 tid 105955
359 8 tid 105955
533 13 tid 105955
660 14 tid 105955
787 15 tid 105955
138 tid 105955
Insert  tid 105955
FindTargetPageId rootid 9 tid 105953
target_page_id id: 15 tid 105953
0 1 tid 105953
196 11 tid 105953
359 8 tid 105953
533 13 tid 105953
660 14 tid 105953
787 15 tid 105953
138 tid 105953
Insert  tid 105953
FindTargetPageId rootid 9 tid 105955
target_page_id id: 15 tid 105955
0 1 tid 105955
196 11 tid 105955
359 8 tid 105955
533 13 tid 105955
660 14 tid 105955
787 15 tid 105955
139 tid 105955
Insert  tid 105955
FindTargetPageId rootid 9 tid 105953
target_page_id id: 15 tid 105953
0 1 tid 105953
196 11 tid 105953
359 8 tid 105953
533 13 tid 105953
660 14 tid 105953
787 15 tid 105953
139 tid 105953
Insert  tid 105953
FindTargetPageId rootid 9 tid 105955
target_page_id id: 15 tid 105955
0 1 tid 105955
196 11 tid 105955
359 8 tid 105955
533 13 tid 105955
660 14 tid 105955
787 15 tid 105955
140 tid 105955
Insert  tid 105955
FindTargetPageId rootid 9 tid 105953
target_page_id id: 15 tid 105953
0 1 tid 105953
196 11 tid 105953
359 8 tid 105953
533 13 tid 105953
660 14 tid 105953
787 15 tid 105953
140 tid 105953
Insert  tid 105953
FindTargetPageId rootid 9 tid 105955
target_page_id id: 15 tid 105955
0 1 tid 105955
196 11 tid 105955
359 8 tid 105955
533 13 tid 105955
660 14 tid 105955
787 15 tid 105955
141 tid 105955
Insert  tid 105955
FindTargetPageId rootid 9 tid 105953
target_page_id id: 15 tid 105953
0 1 tid 105953
196 11 tid 105953
359 8 tid 105953
533 13 tid 105953
660 14 tid 105953
787 15 tid 105953
141 tid 105953
Insert  tid 105953
FindTargetPageId rootid 9 tid 105955
target_page_id id: 15 tid 105955
0 1 tid 105955
196 11 tid 105955
359 8 tid 105955
533 13 tid 105955
660 14 tid 105955
787 15 tid 105955
142 tid 105955
Insert  tid 105955
FindTargetPageId rootid 9 tid 105953
target_page_id id: 15 tid 105953
0 1 tid 105953
196 11 tid 105953
359 8 tid 105953
533 13 tid 105953
660 14 tid 105953
787 15 tid 105953
142 tid 105953
Insert  tid 105953
FindTargetPageId rootid 9 tid 105955
target_page_id id: 15 tid 105955
0 1 tid 105955
196 11 tid 105955
359 8 tid 105955
533 13 tid 105955
660 14 tid 105955
787 15 tid 105955
143 tid 105955
Insert  tid 105955
FindTargetPageId rootid 9 tid 105953
target_page_id id: 15 tid 105953
0 1 tid 105953
196 11 tid 105953
359 8 tid 105953
533 13 tid 105953
660 14 tid 105953
787 15 tid 105953
143 tid 105953
Insert  tid 105953
FindTargetPageId rootid 9 tid 105955
target_page_id id: 15 tid 105955
0 1 tid 105955
196 11 tid 105955
359 8 tid 105955
533 13 tid 105955
660 14 tid 105955
787 15 tid 105955
144 tid 105955
Insert  tid 105955
FindTargetPageId rootid 9 tid 105953
target_page_id id: 15 tid 105953
0 1 tid 105953
196 11 tid 105953
359 8 tid 105953
533 13 tid 105953
660 14 tid 105953
787 15 tid 105953
144 tid 105953
Insert  tid 105953
FindTargetPageId rootid 9 tid 105955
target_page_id id: 15 tid 105955
0 1 tid 105955
196 11 tid 105955
359 8 tid 105955
533 13 tid 105955
660 14 tid 105955
787 15 tid 105955
145 tid 105955
Insert  tid 105955
FindTargetPageId rootid 9 tid 105953
target_page_id id: 15 tid 105953
0 1 tid 105953
196 11 tid 105953
359 8 tid 105953
533 13 tid 105953
660 14 tid 105953
787 15 tid 105953
145 tid 105953
Insert  tid 105953
FindTargetPageId rootid 9 tid 105953
target_page_id id: 15 tid 105953
0 1 tid 105953
196 11 tid 105953
359 8 tid 105953
533 13 tid 105953
660 14 tid 105953
787 15 tid 105953
146 tid 105953
Insert  tid 105953
FindTargetPageId rootid 9 tid 105955
target_page_id id: 15 tid 105955
0 1 tid 105955
196 11 tid 105955
359 8 tid 105955
533 13 tid 105955
660 14 tid 105955
787 15 tid 105955
147 tid 105955
Insert  tid 105955
FindTargetPageId rootid 9 tid 105953
target_page_id id: 15 tid 105953
0 1 tid 105953
196 11 tid 105953
359 8 tid 105953
533 13 tid 105953
660 14 tid 105953
787 15 tid 105953
147 tid 105953
Insert  tid 105953
FindTargetPageId rootid 9 tid 105955
target_page_id id: 15 tid 105955
0 1 tid 105955
196 11 tid 105955
359 8 tid 105955
533 13 tid 105955
660 14 tid 105955
787 15 tid 105955
148 tid 105955
Insert  tid 105955
FindTargetPageId rootid 9 tid 105953
target_page_id id: 15 tid 105953
0 1 tid 105953
196 11 tid 105953
359 8 tid 105953
533 13 tid 105953
660 14 tid 105953
787 15 tid 105953
148 tid 105953
Insert  tid 105953
FindTargetPageId rootid 9 tid 105955
target_page_id id: 15 tid 105955
0 1 tid 105955
196 11 tid 105955
359 8 tid 105955
533 13 tid 105955
660 14 tid 105955
787 15 tid 105955
149 tid 105955
Insert  tid 105955
FindTargetPageId rootid 9 tid 105953
target_page_id id: 15 tid 105953
0 1 tid 105953
196 11 tid 105953
359 8 tid 105953
533 13 tid 105953
660 14 tid 105953
787 15 tid 105953
149 tid 105953
Insert  tid 105953
FindTargetPageId rootid 9 tid 105955
target_page_id id: 15 tid 105955
0 1 tid 105955
196 11 tid 105955
359 8 tid 105955
533 13 tid 105955
660 14 tid 105955
787 15 tid 105955
150 tid 105955
Insert  tid 105955
FindTargetPageId rootid 9 tid 105953
target_page_id id: 15 tid 105953
0 1 tid 105953
196 11 tid 105953
359 8 tid 105953
533 13 tid 105953
660 14 tid 105953
787 15 tid 105953
150 tid 105953
Insert  tid 105953
FindTargetPageId rootid 9 tid 105955
target_page_id id: 15 tid 105955
0 1 tid 105955
196 11 tid 105955
359 8 tid 105955
533 13 tid 105955
660 14 tid 105955
787 15 tid 105955
151 tid 105955
FindTargetPageId rootid 9 tid 105953
target_page_id id: 15 tid 105953
0 1 tid 105953
196 11 tid 105953
359 8 tid 105953
533 13 tid 105953
660 14 tid 105953
787 15 tid 105953
Insert  tid 105955
151 tid 105953
Insert  tid 105953
FindTargetPageId rootid 9 tid 105955
target_page_id id: 15 tid 105955
0 1 tid 105955
196 11 tid 105955
359 8 tid 105955
533 13 tid 105955
660 14 tid 105955
787 15 tid 105955
152 tid 105955
Insert  tid 105955
FindTargetPageId rootid 9 tid 105953
target_page_id id: 15 tid 105953
0 1 tid 105953
196 11 tid 105953
359 8 tid 105953
533 13 tid 105953
660 14 tid 105953
787 15 tid 105953
152 tid 105953
Insert  tid 105953
FindTargetPageId rootid 9 tid 105955
target_page_id id: 15 tid 105955
0 1 tid 105955
196 11 tid 105955
359 8 tid 105955
533 13 tid 105955
660 14 tid 105955
787 15 tid 105955
153 tid 105955
Insert  tid 105955
FindTargetPageId rootid 9 tid 105953
target_page_id id: 15 tid 105953
0 1 tid 105953
196 11 tid 105953
359 8 tid 105953
533 13 tid 105953
660 14 tid 105953
787 15 tid 105953
153 tid 105953
Insert  tid 105953
FindTargetPageId rootid 9 tid 105955
target_page_id id: 15 tid 105955
0 1 tid 105955
196 11 tid 105955
359 8 tid 105955
533 13 tid 105955
660 14 tid 105955
787 15 tid 105955
154 tid 105955
Insert  tid 105955
FindTargetPageId rootid 9 tid 105953
target_page_id id: 15 tid 105953
0 1 tid 105953
196 11 tid 105953
359 8 tid 105953
533 13 tid 105953
660 14 tid 105953
787 15 tid 105953
154 tid 105953
Insert  tid 105953
FindTargetPageId rootid 9 tid 105955
target_page_id id: 15 tid 105955
0 1 tid 105955
196 11 tid 105955
359 8 tid 105955
533 13 tid 105955
660 14 tid 105955
787 15 tid 105955
155 tid 105955
Insert  tid 105955
FindTargetPageId rootid 9 tid 105953
target_page_id id: 15 tid 105953
0 1 tid 105953
196 11 tid 105953
359 8 tid 105953
533 13 tid 105953
660 14 tid 105953
787 15 tid 105953
155 tid 105953
Insert  tid 105953
FindTargetPageId rootid 9 tid 105953
target_page_id id: 15 tid 105953
0 1 tid 105953
196 11 tid 105953
359 8 tid 105953
533 13 tid 105953
660 14 tid 105953
787 15 tid 105953
156 tid 105953
Insert  tid 105953
FindTargetPageId rootid 9 tid 105955
target_page_id id: 15 tid 105955
0 1 tid 105955
196 11 tid 105955
359 8 tid 105955
533 13 tid 105955
660 14 tid 105955
787 15 tid 105955
157 tid 105955
Insert  tid 105955
FindTargetPageId rootid 9 tid 105953
target_page_id id: 15 tid 105953
0 1 tid 105953
196 11 tid 105953
359 8 tid 105953
533 13 tid 105953
660 14 tid 105953
787 15 tid 105953
157 tid 105953
Insert  tid 105953
FindTargetPageId rootid 9 tid 105955
target_page_id id: 15 tid 105955
0 1 tid 105955
196 11 tid 105955
359 8 tid 105955
533 13 tid 105955
660 14 tid 105955
787 15 tid 105955
158 tid 105955
Insert  tid 105955
FindTargetPageId rootid 9 tid 105953
target_page_id id: 15 tid 105953
0 1 tid 105953
196 11 tid 105953
359 8 tid 105953
533 13 tid 105953
660 14 tid 105953
787 15 tid 105953
158 tid 105953
Insert  tid 105953
FindTargetPageId rootid 9 tid 105955
target_page_id id: 15 tid 105955
0 1 tid 105955
196 11 tid 105955
359 8 tid 105955
533 13 tid 105955
660 14 tid 105955
787 15 tid 105955
159 tid 105955
Insert  tid 105955
FindTargetPageId rootid 9 tid 105953
target_page_id id: 15 tid 105953
0 1 tid 105953
196 11 tid 105953
359 8 tid 105953
533 13 tid 105953
660 14 tid 105953
787 15 tid 105953
159 tid 105953
Insert  tid 105953
FindTargetPageId rootid 9 tid 105955
target_page_id id: 15 tid 105955
0 1 tid 105955
196 11 tid 105955
359 8 tid 105955
533 13 tid 105955
660 14 tid 105955
787 15 tid 105955
160 tid 105955
Insert  tid 105955
FindTargetPageId rootid 9 tid 105953
target_page_id id: 15 tid 105953
0 1 tid 105953
196 11 tid 105953
359 8 tid 105953
533 13 tid 105953
660 14 tid 105953
787 15 tid 105953
160 tid 105953
Insert  tid 105953
FindTargetPageId rootid 9 tid 105953
target_page_id id: 15 tid 105953
0 1 tid 105953
196 11 tid 105953
359 8 tid 105953
533 13 tid 105953
660 14 tid 105953
787 15 tid 105953
161 tid 105953
Insert  tid 105953
FindTargetPageId rootid 9 tid 105955
target_page_id id: 15 tid 105955
0 1 tid 105955
196 11 tid 105955
359 8 tid 105955
533 13 tid 105955
660 14 tid 105955
787 15 tid 105955
162 tid 105955
Insert  tid 105955
FindTargetPageId rootid 9 tid 105953
target_page_id id: 15 tid 105953
0 1 tid 105953
196 11 tid 105953
359 8 tid 105953
533 13 tid 105953
660 14 tid 105953
787 15 tid 105953
162 tid 105953
Insert  tid 105953
FindTargetPageId rootid 9 tid 105955
target_page_id id: 15 tid 105955
0 1 tid 105955
196 11 tid 105955
359 8 tid 105955
533 13 tid 105955
660 14 tid 105955
787 15 tid 105955
163 tid 105955
Insert  tid 105955
FindTargetPageId rootid 9 tid 105953
target_page_id id: 15 tid 105953
0 1 tid 105953
196 11 tid 105953
359 8 tid 105953
533 13 tid 105953
660 14 tid 105953
787 15 tid 105953
163 tid 105953
Insert  tid 105953
FindTargetPageId rootid 9 tid 105955
target_page_id id: 15 tid 105955
0 1 tid 105955
196 11 tid 105955
359 8 tid 105955
533 13 tid 105955
660 14 tid 105955
787 15 tid 105955
164 tid 105955
Insert  tid 105955
FindTargetPageId rootid 9 tid 105953
target_page_id id: 15 tid 105953
0 1 tid 105953
196 11 tid 105953
359 8 tid 105953
533 13 tid 105953
660 14 tid 105953
787 15 tid 105953
164 tid 105953
Insert  tid 105953
FindTargetPageId rootid 9 tid 105953
target_page_id id: 15 tid 105953
0 1 tid 105953
196 11 tid 105953
359 8 tid 105953
533 13 tid 105953
660 14 tid 105953
787 15 tid 105953
165 tid 105953
Insert  tid 105953
FindTargetPageId rootid 9 tid 105955
target_page_id id: 15 tid 105955
0 1 tid 105955
196 11 tid 105955
359 8 tid 105955
533 13 tid 105955
660 14 tid 105955
787 15 tid 105955
166 tid 105955
Insert  tid 105955
FindTargetPageId rootid 9 tid 105953
target_page_id id: 15 tid 105953
0 1 tid 105953
196 11 tid 105953
359 8 tid 105953
533 13 tid 105953
660 14 tid 105953
787 15 tid 105953
166 tid 105953
Insert  tid 105953
FindTargetPageId rootid 9 tid 105955
target_page_id id: 15 tid 105955
0 1 tid 105955
196 11 tid 105955
359 8 tid 105955
533 13 tid 105955
660 14 tid 105955
787 15 tid 105955
167 tid 105955
Insert  tid 105955
FindTargetPageId rootid 9 tid 105953
target_page_id id: 15 tid 105953
0 1 tid 105953
196 11 tid 105953
359 8 tid 105953
533 13 tid 105953
660 14 tid 105953
787 15 tid 105953
167 tid 105953
Insert  tid 105953
FindTargetPageId rootid 9 tid 105955
target_page_id id: 15 tid 105955
0 1 tid 105955
196 11 tid 105955
359 8 tid 105955
533 13 tid 105955
660 14 tid 105955
787 15 tid 105955
168 tid 105955
Insert  tid 105955
FindTargetPageId rootid 9 tid 105953
target_page_id id: 15 tid 105953
0 1 tid 105953
196 11 tid 105953
359 8 tid 105953
533 13 tid 105953
660 14 tid 105953
787 15 tid 105953
168 tid 105953
Insert  tid 105953
FindTargetPageId rootid 9 tid 105955
target_page_id id: 15 tid 105955
0 1 tid 105955
196 11 tid 105955
359 8 tid 105955
533 13 tid 105955
660 14 tid 105955
787 15 tid 105955
169 tid 105955
Insert  tid 105955
FindTargetPageId rootid 9 tid 105953
target_page_id id: 15 tid 105953
0 1 tid 105953
196 11 tid 105953
359 8 tid 105953
533 13 tid 105953
660 14 tid 105953
787 15 tid 105953
169 tid 105953
Insert  tid 105953
FindTargetPageId rootid 9 tid 105955
target_page_id id: 15 tid 105955
0 1 tid 105955
196 11 tid 105955
359 8 tid 105955
533 13 tid 105955
660 14 tid 105955
787 15 tid 105955
170 tid 105955
Insert  tid 105955
FindTargetPageId rootid 9 tid 105953
target_page_id id: 15 tid 105953
0 1 tid 105953
196 11 tid 105953
359 8 tid 105953
533 13 tid 105953
660 14 tid 105953
787 15 tid 105953
170 tid 105953
Insert  tid 105953
FindTargetPageId rootid 9 tid 105955
target_page_id id: 15 tid 105955
0 1 tid 105955
196 11 tid 105955
359 8 tid 105955
533 13 tid 105955
660 14 tid 105955
787 15 tid 105955
171 tid 105955
Insert  tid 105955
FindTargetPageId rootid 9 tid 105953
target_page_id id: 15 tid 105953
0 1 tid 105953
196 11 tid 105953
359 8 tid 105953
533 13 tid 105953
660 14 tid 105953
787 15 tid 105953
171 tid 105953
Insert  tid 105953
FindTargetPageId rootid 9 tid 105955
target_page_id id: 15 tid 105955
0 1 tid 105955
196 11 tid 105955
359 8 tid 105955
533 13 tid 105955
660 14 tid 105955
787 15 tid 105955
172 tid 105955
Insert  tid 105955
FindTargetPageId rootid 9 tid 105953
target_page_id id: 15 tid 105953
0 1 tid 105953
196 11 tid 105953
359 8 tid 105953
533 13 tid 105953
660 14 tid 105953
787 15 tid 105953
172 tid 105953
Insert  tid 105953
FindTargetPageId rootid 9 tid 105955
target_page_id id: 15 tid 105955
0 1 tid 105955
196 11 tid 105955
359 8 tid 105955
533 13 tid 105955
660 14 tid 105955
787 15 tid 105955
173 tid 105955
Insert  tid 105955
FindTargetPageId rootid 9 tid 105953
target_page_id id: 15 tid 105953
0 1 tid 105953
196 11 tid 105953
359 8 tid 105953
533 13 tid 105953
660 14 tid 105953
787 15 tid 105953
173 tid 105953
Insert  tid 105953
FindTargetPageId rootid 9 tid 105955
target_page_id id: 15 tid 105955
0 1 tid 105955
196 11 tid 105955
359 8 tid 105955
533 13 tid 105955
660 14 tid 105955
787 15 tid 105955
174 tid 105955
Insert  tid 105955
FindTargetPageId rootid 9 tid 105953
target_page_id id: 15 tid 105953
0 1 tid 105953
196 11 tid 105953
359 8 tid 105953
533 13 tid 105953
660 14 tid 105953
787 15 tid 105953
174 tid 105953
Insert  tid 105953
FindTargetPageId rootid 9 tid 105955
target_page_id id: 15 tid 105955
0 1 tid 105955
196 11 tid 105955
359 8 tid 105955
533 13 tid 105955
660 14 tid 105955
787 15 tid 105955
175 tid 105955
Insert  tid 105955
FindTargetPageId rootid 9 tid 105953
target_page_id id: 15 tid 105953
0 1 tid 105953
196 11 tid 105953
359 8 tid 105953
533 13 tid 105953
660 14 tid 105953
787 15 tid 105953
175 tid 105953
Insert  tid 105953
FindTargetPageId rootid 9 tid 105955
target_page_id id: 15 tid 105955
0 1 tid 105955
196 11 tid 105955
359 8 tid 105955
533 13 tid 105955
660 14 tid 105955
787 15 tid 105955
176 tid 105955
Insert  tid 105955
FindTargetPageId rootid 9 tid 105953
target_page_id id: 15 tid 105953
0 1 tid 105953
196 11 tid 105953
359 8 tid 105953
533 13 tid 105953
660 14 tid 105953
787 15 tid 105953
176 tid 105953
Insert  tid 105953
FindTargetPageId rootid 9 tid 105955
target_page_id id: 15 tid 105955
0 1 tid 105955
196 11 tid 105955
359 8 tid 105955
533 13 tid 105955
660 14 tid 105955
787 15 tid 105955
177 tid 105955
Insert  tid 105955
FindTargetPageId rootid 9 tid 105953
target_page_id id: 15 tid 105953
0 1 tid 105953
196 11 tid 105953
359 8 tid 105953
533 13 tid 105953
660 14 tid 105953
787 15 tid 105953
177 tid 105953
Insert  tid 105953
FindTargetPageId rootid 9 tid 105953
target_page_id id: 15 tid 105953
0 1 tid 105953
196 11 tid 105953
359 8 tid 105953
533 13 tid 105953
660 14 tid 105953
787 15 tid 105953
178 tid 105953
Insert  tid 105953
FindTargetPageId rootid 9 tid 105955
target_page_id id: 15 tid 105955
0 1 tid 105955
196 11 tid 105955
359 8 tid 105955
533 13 tid 105955
660 14 tid 105955
787 15 tid 105955
179 tid 105955
Insert  tid 105955
FindTargetPageId rootid 9 tid 105955
target_page_id id: 15 tid 105955
0 1 tid 105955
196 11 tid 105955
359 8 tid 105955
533 13 tid 105955
660 14 tid 105955
787 15 tid 105955
179 tid 105955
Insert  tid 105955
FindTargetPageId rootid 9 tid 105955
target_page_id id: 15 tid 105955
0 1 tid 105955
196 11 tid 105955
359 8 tid 105955
533 13 tid 105955
660 14 tid 105955
787 15 tid 105955
179 tid 105955
Insert  tid 105955
FindTargetPageId rootid 9 tid 105955
target_page_id id: 15 tid 105955
0 1 tid 105955
196 11 tid 105955
359 8 tid 105955
533 13 tid 105955
660 14 tid 105955
787 15 tid 105955
179 tid 105955
Insert  tid 105955
FindTargetPageId rootid 9 tid 105953
target_page_id id: 15 tid 105953
0 1 tid 105953
196 11 tid 105953
359 8 tid 105953
533 13 tid 105953
660 14 tid 105953
787 15 tid 105953
179 tid 105953
FindTargetPageId rootid 9 tid 105955
target_page_id id: 15 tid 105955
0 1 tid 105955Insert  tid 105953

196 11 tid 105955
359 8 tid 105955
533 13 tid 105955
660 14 tid 105955
787 15 tid 105955
180 tid 105955
Insert  tid 105955
FindTargetPageId rootid 9 tid 105955
target_page_id id: 15 tid 105955
0 1 tid 105955
196 11 tid 105955
359 8 tid 105955
533 13 tid 105955
660 14 tid 105955
787 15 tid 105955
180 tid 105955
Insert  tid 105955
FindTargetPageId rootid 9 tid 105953
target_page_id id: 15 tid 105953
0 1 tid 105953
196 11 tid 105953
359 8 tid 105953
533 13 tid 105953
660 14 tid 105953
787 15 tid 105953
180 tid 105953
Insert  tid 105953
FindTargetPageId rootid 9 tid 105953
target_page_id id: 15 tid 105953
0 1 tid 105953
196 11 tid 105953
359 8 tid 105953
533 13 tid 105953
660 14 tid 105953
787 15 tid 105953
181 tid 105953
Insert  tid 105953
FindTargetPageId rootid 9 tid 105955
target_page_id id: 15 tid 105955
0 1 tid 105955
196 11 tid 105955
359 8 tid 105955
533 13 tid 105955
660 14 tid 105955
787 15 tid 105955
182 tid 105955
Insert  tid 105955
FindTargetPageId rootid 9 tid 105955
target_page_id id: 15 tid 105955
0 1 tid 105955
196 11 tid 105955
359 8 tid 105955
533 13 tid 105955
660 14 tid 105955
787 15 tid 105955
182 tid 105955
FindTargetPageId rootid 9 tid Insert  tid 105953
target_page_id id: 15 tid 105953
0 1 tid 105953
196 11 tid 105953
359 8 tid 105953
533 13 tid 105953
660 14 tid 105953
787 15 tid 105953
182 tid 105953
Insert  tid 105953
FindTargetPageId rootid 9 tid 105953
target_page_id id: 15 tid 105953
0 1 tid 105953
196 11 tid 105953
359 8 tid 105953
533 13 tid 105953
660 14 tid 105953
787 15 tid 105953
183 tid 105953
Insert  tid 105953
105955
FindTargetPageId rootid 9 tid 105953
target_page_id id: 15 tid 105953
0 1 tid 105953
196 11 tid 105953
359 8 tid 105953
533 13 tid 105953
660 14 tid 105953
787 15 tid 105953
184 tid 105953
Insert  tid 105953
FindTargetPageId rootid 9 tid 105953
target_page_id id: 15 tid 105953
0 1 tid 105953
196 11 tid 105953
359 8 tid 105953
533 13 tid 105953
660 14 tid 105953
787 15 tid 105953
185 tid 105953
Insert  tid 105953
FindTargetPageId rootid 9 tid 105953
target_page_id id: 15 tid 105953
0 1 tid 105953
196 11 tid 105953
359 8 tid 105953
533 13 tid 105953
660 14 tid 105953
787 15 tid 105953
186 tid 105953
Insert  tid 105953
FindTargetPageId rootid 9 tid 105953
target_page_id id: 15 tid 105953
0 1 tid 105953
196 11 tid 105953
359 8 tid 105953
533 13 tid 105953
660 14 tid 105953
787 15 tid 105953
187 tid 105953
FindTargetPageId rootid 9 tid 105955
target_page_id id: 15 tid 105955
0 1 tid 105955
Insert 196 11 tid 105955
359 8 tid 105955
533 13 tid 105955
 tid 105953
660 14 tid 105955
787 15 tid 105955
188 tid 105955
Insert  tid 105955
FindTargetPageId rootid 9 tid 105953
target_page_id id: 15 tid 105953
0 1 tid 105953
196 11 tid 105953
359 8 tid 105953
533 13 tid 105953
660 14 tid 105953
787 15 tid 105953
188 tid 105953
Insert  tid 105953
FindTargetPageId rootid 9 tid 105955
target_page_id id: 15 tid 105955
0 1 tid 105955
196 11 tid 105955
359 8 tid 105955
533 13 tid 105955
660 14 tid 105955
787 15 tid 105955
189 tid 105955
Insert  tid 105955
FindTargetPageId rootid 9 tid 105955
target_page_id id: 15 tid 105955
0 1 tid 105955
196 11 tid 105955
359 8 tid 105955
533 13 tid 105955
660 14 tid 105955
787 15 tid 105955
189 tid 105955
Insert  tid 105955
FindTargetPageId rootid 9 tid 105953
target_page_id id: 15 tid 105953
0 1 tid 105953
196 11 tid 105953
359 8 tid 105953
533 13 tid 105953
660 14 tid 105953
787 15 tid 105953
189 tid 105953
Insert  tid 105953
FindTargetPageId rootid 9 tid 105955
target_page_id id: 15 tid 105955
0 1 tid 105955
196 11 tid 105955
359 8 tid 105955
533 13 tid 105955
660 14 tid 105955
787 15 tid 105955
190 tid 105955
Insert  tid 105955
FindTargetPageId rootid 9 tid 105955
target_page_id id: 15 tid 105955
0 1 tid 105955
196 11 tid 105955
359 8 tid 105955
533 13 tid 105955
660 14 tid 105955
787 15 tid 105955
190 tid 105955
Insert  tid 105955
FindTargetPageId rootid 9 tid 105953
target_page_id id: 15 tid 105953
0 1 tid 105953
196 11 tid 105953
359 8 tid 105953
533 13 tid 105953
660 14 tid 105953
787 15 tid 105953
190 tid 105953
Insert  tid 105953
FindTargetPageId rootid 9 tid 105955
target_page_id id: 15 tid 105955
0 1 tid 105955
196 11 tid 105955
359 8 tid 105955
533 13 tid 105955
660 14 tid 105955
787 15 tid 105955
191 tid 105955
Insert  tid 105955
FindTargetPageId rootid 9 tid 105955
target_page_id id: 15 tid 105955
0 1 tid 105955
196 11 tid 105955
359 8 tid 105955
533 13 tid 105955
660 14 tid 105955
787 15 tid 105955
191 tid 105955
Insert  tid 105955
FindTargetPageId rootid 9 tid 105955
target_page_id id: 15 tid 105955
0 1 tid 105955
196 11 tid 105955
359 8 tid 105955
533 13 tid 105955
660 14 tid 105955
787 15 tid 105955
191 tid 105955
Insert  tid 105955
FindTargetPageId rootid 9 tid 105953
target_page_id id: 15 tid 105953
0 1 tid 105953
196 11 tid 105953
359 8 tid 105953
533 13 tid 105953
660 14 tid 105953
787 15 tid 105953
191 tid 105953
Insert  tid 105953
FindTargetPageId rootid 9 tid 105953
target_page_id id: 15 tid 105953
0 1 tid 105953
196 11 tid 105953
359 8 tid 105953
533 13 tid 105953
660 14 tid 105953
787 15 tid 105953
192 tid 105953
Insert  tid 105953
FindTargetPageId rootid 9 tid 105955
target_page_id id: 15 tid 105955
0 1 tid 105955
196 11 tid 105955
359 8 tid 105955
533 13 tid 105955
660 14 tid 105955
787 15 tid 105955
193 tid 105955
Insert  tid 105955
FindTargetPageId rootid 9 tid 105953
target_page_id id: 15 tid 105953
0 1 tid 105953
196 11 tid 105953
359 8 tid 105953
533 13 tid 105953
660 14 tid 105953
787 15 tid 105953
193 tid 105953
Insert  tid 105953
FindTargetPageId rootid 9 tid 105955
target_page_id id: 15 tid 105955
0 1 tid 105955
196 11 tid 105955
359 8 tid 105955
533 13 tid 105955
660 14 tid 105955
787 15 tid 105955
194 tid 105955
Insert  tid 105955
FindTargetPageId rootid 9 tid 105953
target_page_id id: 15 tid 105953
0 1 tid 105953
196 11 tid 105953
359 8 tid 105953
533 13 tid 105953
660 14 tid 105953
787 15 tid 105953
194 tid 105953
Insert  tid 105953
FindTargetPageId rootid 9 tid 105953
target_page_id id: 15 tid 105953
0 1 tid 105953
196 11 tid 105953
359 8 tid 105953
533 13 tid 105953
660 14 tid 105953
787 15 tid 105953
195 tid 105953
Insert  tid 105953
FindTargetPageId rootid 9 tid 105953
target_page_id id: 15 tid 105953
0 1 tid 105953
196 11 tid 105953
359 8 tid 105953
533 13 tid 105953
660 14 tid 105953
787 15 tid 105953
196 tid 105953
Insert  tid 105953
FindTargetPageId rootid 9 tid 105953
target_page_id id: 15 tid 105953
0 1 tid 105953
196 11 tid 105953
359 8 tid 105953
533 13 tid 105953
660 14 tid 105953
787 15 tid 105953
197 tid 105953
Insert  tid 105953
FindTargetPageId rootid 9 tid 105955
target_page_id id: 15 tid 105955
0 1 tid 105955
196 11 tid 105955
359 8 tid 105955
533 13 tid 105955
660 14 tid 105955
787 15 tid 105955
198 tid 105955
Insert  tid 105955
FindTargetPageId rootid 9 tid 105953
target_page_id id: 15 tid 105953
0 1 tid 105953
196 11 tid 105953
359 8 tid 105953
533 13 tid 105953
660 14 tid 105953
787 15 tid 105953
198 tid 105953
Insert  tid 105953
FindTargetPageId rootid 9 tid 105955
target_page_id id: 15 tid 105955
0 1 tid 105955
196 11 tid 105955
359 8 tid 105955
533 13 tid 105955
660 14 tid 105955
787 15 tid 105955
199 tid 105955
Insert  tid 105955
FindTargetPageId rootid 9 tid 105953
target_page_id id: 15 tid 105953
0 1 tid 105953
196 11 tid 105953
359 8 tid 105953
533 13 tid 105953
660 14 tid 105953
787 15 tid 105953
199 tid 105953
Insert  tid 105953
FindTargetPageId rootid 9 tid 105955
target_page_id id: 15 tid 105955
0 1 tid 105955
196 11 tid 105955
359 8 tid 105955
533 13 tid 105955
660 14 tid 105955
787 15 tid 105955
200 tid 105955
FindTargetPageId rootid 9 tid 105953
target_page_id id: 15 tid 105953
0 1 tid 105953
196 11 tid 105953
359 8 tid 105953
533 13 tid 105953
660 14 tid 105953
787 15 tid 105953
200 tid 105953
Insert  tid 105953
FindTargetPageId rootid 9 tid 105953
target_page_id id: 15 tid 105953
0 1 tid 105953
196 11 tid 105953
359 8 tid 105953
533 13 tid 105953
660 14 tid 105953
787 15 tid 105953
201 tid 105953
Insert  tid 105953
FindTargetPageId rootid 9 tid 105953
target_page_id id: 15 tid 105953
0 1 tid 105953
196 11 tid 105953
359 8 tid 105953
533 13 tid 105953
660 14 tid 105953
787 15 tid 105953
Insert  tid 202 tid 105953
Insert  tid 105953
FindTargetPageId rootid 9 tid 105953
target_page_id id: 15 tid 105953
0 1 tid 105953
196 11 tid 105953
359 8 tid 105953
533 13 tid 105953
660 14 tid 105953
787 15 tid 105953
203 tid 105953
Insert  tid 105953
FindTargetPageId rootid 9 tid 105953
target_page_id id: 15 tid 105953
0 1 tid 105953
196 11 tid 105953
359 8 tid 105953
533 13 tid 105953
660 14 tid 105953
787 15 tid 105953
204 tid 105953
Insert  tid 105953
FindTargetPageId rootid 9 tid 105953
target_page_id id: 15 tid 105953
0 1 tid 105953
196 11 tid 105953
359 8 tid 105953
533 13 tid 105953
660 14 tid 105953
787 15 tid 105953
205 tid 105953
105955
FindTargetPageId rootid 9Insert  tid 105953 tid 
105955
target_page_id id: 15 tid 105955
0 1 tid 105955
196 11 tid 105955
359 8 tid 105955
533 13 tid 105955
660 14 tid 105955
787 15 tid 105955
206 tid 105955
Insert  tid 105955
FindTargetPageId rootid 9 tid 105953
target_page_id id: 15 tid 105953
0 1 tid 105953
196 11 tid 105953
359 8 tid 105953
533 13 tid 105953
660 14 tid 105953
787 15 tid 105953
206 tid 105953
Insert  tid 105953
FindTargetPageId rootid 9 tid 105955
target_page_id id: 15 tid 105955
0 1 tid 105955
196 11 tid 105955
359 8 tid 105955
533 13 tid 105955
660 14 tid 105955
787 15 tid 105955
207 tid 105955
Insert  tid 105955
FindTargetPageId rootid 9 tid 105953
target_page_id id: 15 tid 105953
0 1 tid 105953
196 11 tid 105953
359 8 tid 105953
533 13 tid 105953
660 14 tid 105953
787 15 tid 105953
207 tid 105953
Insert  tid 105953
FindTargetPageId rootid 9 tid 105953
target_page_id id: 15 tid 105953
0 1 tid 105953
196 11 tid 105953
359 8 tid 105953
533 13 tid 105953
660 14 tid 105953
787 15 tid 105953
208 tid 105953
Insert  tid 105953
FindTargetPageId rootid 9 tid 105955
target_page_id id: 15 tid 105955
0 1 tid 105955
196 11 tid 105955
359 8 tid 105955
533 13 tid 105955
660 14 tid 105955
787 15 tid 105955
209 tid 105955
Insert  tid 105955
FindTargetPageId rootid 9 tid 105953
target_page_id id: 15 tid 105953
0 1 tid 105953
196 11 tid 105953
359 8 tid 105953
533 13 tid 105953
660 14 tid 105953
787 15 tid 105953
209 tid 105953
Insert  tid 105953
FindTargetPageId rootid 9 tid 105955
target_page_id id: 15 tid 105955
0 1 tid 105955
196 11 tid 105955
359 8 tid 105955
533 13 tid 105955
660 14 tid 105955
787 15 tid 105955
210 tid 105955
FindTargetPageId rootid 9 tid 105953
target_page_id id: 15 tid 105953
0 1 tid 105953
196 11 tid 105953
359Insert  8 tid  tid 105953
533 13 tid 105953
660 14 tid 105953
787 15 tid 105953
105955
210 tid 105953
Insert  tid 105953
FindTargetPageId rootid 9 tid 105953
target_page_id id: 15 tid 105953
0 1 tid 105953
196 11 tid 105953
359 8 tid 105953
533 13 tid 105953
660 14 tid 105953
787 15 tid 105953
211 tid 105953
Insert  tid 105953
FindTargetPageId rootid 9 tid 105955
target_page_id id: 15 tid 105955
0 1 tid 105955
196 11 tid 105955
359 8 tid 105955
533 13 tid 105955
660 14 tid 105955
787 15 tid 105955
212 tid 105955
Insert  tid 105955
FindTargetPageId rootid 9 tid 105953
target_page_id id: 15 tid 105953
0 1 tid 105953
196 11 tid 105953
359 8 tid 105953
533 13 tid 105953
660 14 tid 105953
787 15 tid 105953
212 tid 105953
Insert  tid 105953
FindTargetPageId rootid 9 tid 105953
target_page_id id: 15 tid 105953
0 1 tid 105953
196 11 tid 105953
359 8 tid 105953
533 13 tid 105953
660 14 tid 105953
787 15 tid 105953
213 tid 105953
FindTargetPageId rootid 9 tid 105955
target_page_id id: 15 tid 105955
0 1 tid 105955
196 11 tid 105955
359 8 tid 105955
533 13 tid 105955
660 14 tid 105955
787 15 tid 105955
214 tid 105955
Insert  tid 105955
FindTargetPageId rootid 9 tid 105955
target_page_id id: 15 tid 105955
0 1 tid 105955
196 11 tid 105955
359 8 tid 105955
533 13 tid 105955
660 14 tid 105955
787 15 tid 105955
214 tid 105955
Insert  tid 105955
FindTargetPageId rootid 9 tid 105955
target_page_id id: 15 tid 105955
0 1 tid 105955
196 11 tid 105955
359 8 tid 105955
533 13 tid 105955
660 14 tid 105955
787 15 tid 105955
214 tid 105955
Insert  tid 105955
FindTargetPageId rootid 9 tid 105955
target_page_id id: 15 tid 105955
0 1 tid 105955
196 11 tid 105955
359 8 tid 105955
533 13 tid 105955
660 14 tid 105955
787 15 tid 105955
214 tid 105955
Insert  tid 105955
FindTargetPageId rootid 9 tid 105955
target_page_id id: 15 tid 105955
0 1 tid 105955
196 11 tid 105955
359 8 tid 105955
533 13 tid 105955
660 14 tid 105955
787 15 tid 105955
214 tid 105955
Insert  tid 105955
FindTargetPageId rootid 9 tid 105955
target_page_id id: 15 tid 105955
0 1 tid 105955
196 11 tid 105955
359 8 tid 105955
533 13 tid 105955
660 14 tid 105955
787 15 tid 105955
214 tid 105955
Insert  tid 105955
FindTargetPageId rootid 9 tid 105955
target_page_id id: 15 tid 105955
0 1 tid 105955
196 11 tid 105955
359 8 tid 105955
533 13 tid 105955
660 14 tid 105955
787 15 tid 105955
214 tid 105955
Insert  tid 105955
FindTargetPageId rootid 9 tid 105955
target_page_id id: 15 tid 105955
0 1 tid 105955
196 11 tid 105955
359 8 tid 105955
533 13 tid 105955
660 14 tid 105955
787 15 tid 105955
214 tid 105955
Insert  tid 105955
FindTargetPageId rootid 9 tid 105955
target_page_id id: 15 tid 105955
0 1 tid 105955
196 11 tid 105955
359 8 tid 105955
533 13 tid 105955
660 14 tid 105955
787 15 tid 105955
214 tid 105955
Insert  tid 105955
FindTargetPageId rootid 9 tid 105955
target_page_id id: 15 tid 105955
0 1 tid 105955
196 11 tid 105955
359 8 tid 105955
533 13 tid 105955
660 14 tid 105955
787 15 tid 105955
214 tid 105955
Insert  tid 105955
FindTargetPageId rootid 9 tid 105955
target_page_id id: 15 tid 105955
0 1 tid 105955
196 11 tid 105955
359 8 tid 105955
533 13 tid 105955
660 14 tid 105955
787 15 tid 105955
214 tid 105955
Insert  tid 105955
FindTargetPageId rootid 9 tid 105955
target_page_id id: 15 tid 105955
0 1 tid 105955
196 11 tid 105955
359 8 tid 105955
533 13 tid 105955
660 14 tid 105955
787 15 tid 105955
214 tid 105955
Insert  tid 105955
FindTargetPageId rootid 9 tid 105955
target_page_id id: 15 tid 105955
0 1 tid 105955
196 11 tid 105955
359 8 tid 105955
533 13 tid 105955
660 14 tid 105955
787 15 tid 105955
214 tid 105955
Insert  tid 105955
FindTargetPageId rootid 9 tid 105955
target_page_id id: 15 tid 105955
0 1 tid 105955
196 11 tid 105955
359 8 tid 105955
533 13 tid 105955
660 14 tid 105955
787 15 tid 105955
214 tid 105955
Insert  tid 105955
FindTargetPageId rootid 9 tid 105955
target_page_id id: 15 tid 105955
0 1 tid 105955
196 11 tid 105955
359 8 tid 105955
533 13 tid 105955
660 14 tid 105955
787 15 tid 105955
214 tid 105955
Insert  tid 105955
FindTargetPageId rootid 9 tid 105955
target_page_id id: 15 tid 105955
0 1 tid 105955
196 11 tid 105955
359 8 tid 105955
533 13 tid 105955
660 14 tid 105955
787 15 tid 105955
214 tid 105955
Insert  tid 105955
FindTargetPageId rootid 9 tid 105955
target_page_id id: 15 tid 105955
0 1 tid 105955
196 11 tid 105955
359 8 tid 105955
533 13 tid 105955
660 14 tid 105955
787 15 tid 105955
214 tid 105955
Insert  tid 105955
FindTargetPageId rootid 9 tid 105955
target_page_id id: 15 tid 105955
0 1 tid 105955
196 11 tid 105955
359 8 tid 105955
533 13 tid 105955
660 14 tid 105955
787 15 tid 105955
214 tid 105955
Insert  tid 105955
FindTargetPageId rootid 9 tid 105955
target_page_id id: 15 tid 105955
0 1 tid 105955
196 11 tid 105955
359 8 tid 105955
533 13 tid 105955
660 14 tid 105955
787 15 tid 105955
214 tid 105955
Insert  tid 105955
FindTargetPageId rootid 9 tid 105955
target_page_id id: 15 tid 105955
0 1 tid 105955
196 11 tid 105955
359 8 tid 105955
533 13 tid 105955
660 14 tid 105955
787 15 tid 105955
214 tid 105955
Insert  tid 105955
FindTargetPageId rootid 9 tid 105955
target_page_id id: 15 tid 105955
0 1 tid 105955
196 11 tid 105955
359 8 tid 105955
533 13 tid 105955
660 14 tid 105955
787 15 tid 105955
214 tid 105955
Insert  tid 105955
FindTargetPageId rootid 9 tid 105955
target_page_id id: 15 tid 105955
0 1 tid 105955
196 11 tid 105955
359 8 tid 105955
533 13 tid 105955
660 14 tid 105955
787 15 tid 105955
214 tid 105955
Insert  tid 105955
FindTargetPageId rootid 9 tid 105955
target_page_id id: 15 tid 105955
0 1 tid 105955
196 11 tid 105955
359 8 tid 105955
533 13 tid 105955
660 14 tid 105955
787 15 tid 105955
214 tid 105955
Insert  tid 105955
FindTargetPageId rootid 9 tid 105955
target_page_id id: 15 tid 105955
0 1 tid 105955
196 11 tid 105955
359 8 tid 105955
533 13 tid 105955
660 14 tid 105955
787 15 tid 105955
214 tid 105955
Insert  tid 105955
FindTargetPageId rootid 9 tid 105955
target_page_id id: 15 tid 105955
0 1 tid 105955
196 11 tid 105955
359 8 tid 105955
533 13 tid 105955
660 14 tid 105955
787 15 tid 105955
214 tid 105955
Insert  tid 105955
FindTargetPageId rootid 9 tid 105955
target_page_id id: 15 tid 105955
0 1 tid 105955
196 11 tid 105955
359 8 tid 105955
533 13 tid 105955
660 14 tid 105955
787 15 tid 105955
214 tid 105955
Insert  tid 105955
FindTargetPageId rootid 9 tid 105955
target_page_id id: 15 tid 105955
0 1 tid 105955
196 11 tid 105955
359 8 tid 105955
533 13 tid 105955
660 14 tid 105955
787 15 tid 105955
214 tid 105955
Insert  tid 105955
FindTargetPageId rootid 9 tid 105955
target_page_id id: 15 tid 105955
0 1 tid 105955
196 11 tid 105955
359 8 tid 105955
533 13 tid 105955
660 14 tid 105955
787 15 tid 105955
214 tid 105955
Insert  tid 105955
FindTargetPageId rootid 9 tid 105955
target_page_id id: 15 tid 105955
0 1 tid 105955
196 11 tid 105955
359 8 tid 105955
533 13 tid 105955
660 14 tid 105955
787 15 tid 105955
214 tid 105955
Insert  tid 105955
FindTargetPageId rootid 9 tid 105955
target_page_id id: 15 tid 105955
0 1 tid 105955
196 11 tid 105955
359 8 tid 105955
533 13 tid 105955
660 14 tid 105955
787 15 tid 105955
214 tid 105955
Insert  tid 105955
FindTargetPageId rootid 9 tid 105955
target_page_id id: 15 tid 105955
0 1 tid 105955
196 11 tid 105955
359 8 tid 105955
533 13 tid 105955
660 14 tid 105955
787 15 tid 105955
214 tid 105955
Insert  tid 105955
FindTargetPageId rootid 9 tid 105955
target_page_id id: 15 tid 105955
0 1 tid 105955
196 11 tid 105955
359 8 tid 105955
533 13 tid 105955
660 14 tid 105955
787 15 tid 105955
214 tid 105955
Insert  tid 105955
FindTargetPageId rootid 9 tid 105955
target_page_id id: 15 tid 105955
0 1 tid 105955
196 11 tid 105955
359 8 tid 105955
533 13 tid 105955
660 14 tid 105955
787 15 tid 105955
214 tid 105955
Insert  tid 105955
FindTargetPageId rootid 9 tid 105955
target_page_id id: 15 tid 105955
0 1 tid 105955
196 11 tid 105955
359 8 tid 105955
533 13 tid 105955
660 14 tid 105955
787 15 tid 105955
214 tid 105955
Insert  tid 105955
FindTargetPageId rootid 9 tid 105955
target_page_id id: 15 tid 105955
0 1 tid 105955
196 11 tid 105955
359 8 tid 105955
533 13 tid 105955
660 14 tid 105955
787 15 tid 105955
214 tid 105955
Insert  tid 105955
FindTargetPageId rootid 9 tid 105955
target_page_id id: 15 tid 105955
0 1 tid 105955
196 11 tid 105955
359 8 tid 105955
533 13 tid 105955
660 14 tid 105955
787 15 tid 105955
214 tid 105955
Insert  tid 105955
FindTargetPageId rootid 9 tid 105955
target_page_id id: 15 tid 105955
0 1 tid 105955
196 11 tid 105955
359 8 tid 105955
533 13 tid 105955
660 14 tid 105955
787 15 tid 105955
214 tid 105955
Insert  tid 105955
FindTargetPageId rootid 9 tid 105955
target_page_id id: 15 tid 105955
0 1 tid 105955
196 11 tid 105955
359 8 tid 105955
533 13 tid 105955
660 14 tid 105955
787 15 tid 105955
214 tid 105955
leaf_max_size 254
Insert  tid 105929
Insert  tid 105929
new root page id: 1 tid 105929
Insert  tid 105929
FindTargetPageId rootid 1 tid 105929
1 tid 105929
Insert  tid 105929
FindTargetPageId rootid 1 tid 105929
2 tid 105929
Insert  tid 105929
FindTargetPageId rootid 1 tid 105929
3 tid 105929
Insert  tid 105929
FindTargetPageId rootid 1 tid 105929
4 tid 105929
Insert  tid 105929
FindTargetPageId rootid 1 tid 105929
5 tid 105929
Insert  tid 105929
FindTargetPageId rootid 1 tid 105929
6 tid 105929
Insert  tid 105929
FindTargetPageId rootid 1 tid 105929
7 tid 105929
Insert  tid 105929
FindTargetPageId rootid 1 tid 105929
8 tid 105929
Insert  tid 105929
FindTargetPageId rootid 1 tid 105929
9 tid 105929
Insert  tid 105929
FindTargetPageId rootid 1 tid 105929
10 tid 105929
Insert  tid 105929
FindTargetPageId rootid 1 tid 105929
11 tid 105929
Insert  tid 105929
FindTargetPageId rootid 1 tid 105929
12 tid 105929
Insert  tid 105929
FindTargetPageId rootid 1 tid 105929
13 tid 105929
Insert  tid 105929
FindTargetPageId rootid 1 tid 105929
14 tid 105929
Insert  tid 105929
FindTargetPageId rootid 1 tid 105929
15 tid 105929
Insert  tid 105929
FindTargetPageId rootid 1 tid 105929
16 tid 105929
Insert  tid 105929
FindTargetPageId rootid 1 tid 105929
17 tid 105929
Insert  tid 105929
FindTargetPageId rootid 1 tid 105929
18 tid 105929
Insert  tid 105929
FindTargetPageId rootid 1 tid 105929
19 tid 105929
Insert  tid 105929
FindTargetPageId rootid 1 tid 105929
20 tid 105929
Insert  tid 105929
FindTargetPageId rootid 1 tid 105929
21 tid 105929
Insert  tid 105929
FindTargetPageId rootid 1 tid 105929
22 tid 105929
Insert  tid 105929
FindTargetPageId rootid 1 tid 105929
23 tid 105929
Insert  tid 105929
FindTargetPageId rootid 1 tid 105929
24 tid 105929
Insert  tid 105929
FindTargetPageId rootid 1 tid 105929
25 tid 105929
Insert  tid 105929
FindTargetPageId rootid 1 tid 105929
26 tid 105929
Insert  tid 105929
FindTargetPageId rootid 1 tid 105929
27 tid 105929
Insert  tid 105929
FindTargetPageId rootid 1 tid 105929
28 tid 105929
Insert  tid 105929
FindTargetPageId rootid 1 tid 105929
29 tid 105929
Insert  tid 105929
FindTargetPageId rootid 1 tid 105929
30 tid 105929
Insert  tid 105929
FindTargetPageId rootid 1 tid 105929
31 tid 105929
Insert  tid 105929
FindTargetPageId rootid 1 tid 105929
32 tid 105929
Insert  tid 105929
FindTargetPageId rootid 1 tid 105929
33 tid 105929
Insert  tid 105929
FindTargetPageId rootid 1 tid 105929
34 tid 105929
Insert  tid 105929
FindTargetPageId rootid 1 tid 105929
35 tid 105929
Insert  tid 105929
FindTargetPageId rootid 1 tid 105929
36 tid 105929
Insert  tid 105929
FindTargetPageId rootid 1 tid 105929
37 tid 105929
Insert  tid 105929
FindTargetPageId rootid 1 tid 105929
38 tid 105929
Insert  tid 105929
FindTargetPageId rootid 1 tid 105929
39 tid 105929
Insert  tid 105929
FindTargetPageId rootid 1 tid 105929
40 tid 105929
Insert  tid 105929
FindTargetPageId rootid 1 tid 105929
41 tid 105929
Insert  tid 105929
FindTargetPageId rootid 1 tid 105929
42 tid 105929
Insert  tid 105929
FindTargetPageId rootid 1 tid 105929
43 tid 105929
Insert  tid 105929
FindTargetPageId rootid 1 tid 105929
44 tid 105929
Insert  tid 105929
FindTargetPageId rootid 1 tid 105929
45 tid 105929
Insert  tid 105929
FindTargetPageId rootid 1 tid 105929
46 tid 105929
Insert  tid 105929
FindTargetPageId rootid 1 tid 105929
47 tid 105929
Insert  tid 105929
FindTargetPageId rootid 1 tid 105929
48 tid 105929
Insert  tid 105929
FindTargetPageId rootid 1 tid 105929
49 tid 105929
Insert  tid 105929
FindTargetPageId rootid 1 tid 105929
50 tid 105929
Insert  tid 105929
FindTargetPageId rootid 1 tid 105929
51 tid 105929
Insert  tid 105929
FindTargetPageId rootid 1 tid 105929
52 tid 105929
Insert  tid 105929
FindTargetPageId rootid 1 tid 105929
53 tid 105929
Insert  tid 105929
FindTargetPageId rootid 1 tid 105929
54 tid 105929
Insert  tid 105929
FindTargetPageId rootid 1 tid 105929
55 tid 105929
Insert  tid 105929
FindTargetPageId rootid 1 tid 105929
56 tid 105929
Insert  tid 105929
FindTargetPageId rootid 1 tid 105929
57 tid 105929
Insert  tid 105929
FindTargetPageId rootid 1 tid 105929
58 tid 105929
Insert  tid 105929
FindTargetPageId rootid 1 tid 105929
59 tid 105929
Insert  tid 105929
FindTargetPageId rootid 1 tid 105929
60 tid 105929
Insert  tid 105929
FindTargetPageId rootid 1 tid 105929
61 tid 105929
Insert  tid 105929
FindTargetPageId rootid 1 tid 105929
62 tid 105929
Insert  tid 105929
FindTargetPageId rootid 1 tid 105929
63 tid 105929
Insert  tid 105929
FindTargetPageId rootid 1 tid 105929
64 tid 105929
Insert  tid 105929
FindTargetPageId rootid 1 tid 105929
65 tid 105929
Insert  tid 105929
FindTargetPageId rootid 1 tid 105929
66 tid 105929
Insert  tid 105929
FindTargetPageId rootid 1 tid 105929
67 tid 105929
Insert  tid 105929
FindTargetPageId rootid 1 tid 105929
68 tid 105929
Insert  tid 105929
FindTargetPageId rootid 1 tid 105929
69 tid 105929
Insert  tid 105929
FindTargetPageId rootid 1 tid 105929
70 tid 105929
Insert  tid 105929
FindTargetPageId rootid 1 tid 105929
71 tid 105929
Insert  tid 105929
FindTargetPageId rootid 1 tid 105929
72 tid 105929
Insert  tid 105929
FindTargetPageId rootid 1 tid 105929
73 tid 105929
Insert  tid 105929
FindTargetPageId rootid 1 tid 105929
74 tid 105929
Insert  tid 105929
FindTargetPageId rootid 1 tid 105929
75 tid 105929
Insert  tid 105929
FindTargetPageId rootid 1 tid 105929
76 tid 105929
Insert  tid 105929
FindTargetPageId rootid 1 tid 105929
77 tid 105929
Insert  tid 105929
FindTargetPageId rootid 1 tid 105929
78 tid 105929
Insert  tid 105929
FindTargetPageId rootid 1 tid 105929
79 tid 105929
Insert  tid 105929
FindTargetPageId rootid 1 tid 105929
80 tid 105929
Insert  tid 105929
FindTargetPageId rootid 1 tid 105929
81 tid 105929
Insert  tid 105929
FindTargetPageId rootid 1 tid 105929
82 tid 105929
Insert  tid 105929
FindTargetPageId rootid 1 tid 105929
83 tid 105929
Insert  tid 105929
FindTargetPageId rootid 1 tid 105929
84 tid 105929
Insert  tid 105929
FindTargetPageId rootid 1 tid 105929
85 tid 105929
Insert  tid 105929
FindTargetPageId rootid 1 tid 105929
86 tid 105929
Insert  tid 105929
FindTargetPageId rootid 1 tid 105929
87 tid 105929
Insert  tid 105929
FindTargetPageId rootid 1 tid 105929
88 tid 105929
Insert  tid 105929
FindTargetPageId rootid 1 tid 105929
89 tid 105929
Insert  tid 105929
FindTargetPageId rootid 1 tid 105929
90 tid 105929
Insert  tid 105929
FindTargetPageId rootid 1 tid 105929
91 tid 105929
Insert  tid 105929
FindTargetPageId rootid 1 tid 105929
92 tid 105929
Insert  tid 105929
FindTargetPageId rootid 1 tid 105929
93 tid 105929
Insert  tid 105929
FindTargetPageId rootid 1 tid 105929
94 tid 105929
Insert  tid 105929
FindTargetPageId rootid 1 tid 105929
95 tid 105929
Insert  tid 105929
FindTargetPageId rootid 1 tid 105929
96 tid 105929
Insert  tid 105929
FindTargetPageId rootid 1 tid 105929
97 tid 105929
Insert  tid 105929
FindTargetPageId rootid 1 tid 105929
98 tid 105929
Insert  tid 105929
FindTargetPageId rootid 1 tid 105929
99 tid 105929
Insert  tid 105929
FindTargetPageId rootid 1 tid 105929
100 tid 105929
Insert  tid 105929
FindTargetPageId rootid 1 tid 105929
101 tid 105929
Insert  tid 105929
FindTargetPageId rootid 1 tid 105929
102 tid 105929
Insert  tid 105929
FindTargetPageId rootid 1 tid 105929
103 tid 105929
Insert  tid 105929
FindTargetPageId rootid 1 tid 105929
104 tid 105929
Insert  tid 105929
FindTargetPageId rootid 1 tid 105929
105 tid 105929
Insert  tid 105929
FindTargetPageId rootid 1 tid 105929
106 tid 105929
Insert  tid 105929
FindTargetPageId rootid 1 tid 105929
107 tid 105929
Insert  tid 105929
FindTargetPageId rootid 1 tid 105929
108 tid 105929
Insert  tid 105929
FindTargetPageId rootid 1 tid 105929
109 tid 105929
Insert  tid 105929
FindTargetPageId rootid 1 tid 105929
110 tid 105929
Insert  tid 105929
FindTargetPageId rootid 1 tid 105929
111 tid 105929
Insert  tid 105929
FindTargetPageId rootid 1 tid 105929
112 tid 105929
Insert  tid 105929
FindTargetPageId rootid 1 tid 105929
113 tid 105929
Insert  tid 105929
FindTargetPageId rootid 1 tid 105929
114 tid 105929
Insert  tid 105929
FindTargetPageId rootid 1 tid 105929
115 tid 105929
Insert  tid 105929
FindTargetPageId rootid 1 tid 105929
116 tid 105929
Insert  tid 105929
FindTargetPageId rootid 1 tid 105929
117 tid 105929
Insert  tid 105929
FindTargetPageId rootid 1 tid 105929
118 tid 105929
Insert  tid 105929
FindTargetPageId rootid 1 tid 105929
119 tid 105929
Insert  tid 105929
FindTargetPageId rootid 1 tid 105929
120 tid 105929
Insert  tid 105929
FindTargetPageId rootid 1 tid 105929
121 tid 105929
Insert  tid 105929
FindTargetPageId rootid 1 tid 105929
122 tid 105929
Insert  tid 105929
FindTargetPageId rootid 1 tid 105929
123 tid 105929
Insert  tid 105929
FindTargetPageId rootid 1 tid 105929
124 tid 105929
Insert  tid 105929
FindTargetPageId rootid 1 tid 105929
125 tid 105929
Insert  tid 105929
FindTargetPageId rootid 1 tid 105929
126 tid 105929
Insert  tid 105929
FindTargetPageId rootid 1 tid 105929
127 tid 105929
Insert  tid 105929
FindTargetPageId rootid 1 tid 105929
128 tid 105929
Insert  tid 105929
FindTargetPageId rootid 1 tid 105929
129 tid 105929
Insert  tid 105929
FindTargetPageId rootid 1 tid 105929
130 tid 105929
Insert  tid 105929
FindTargetPageId rootid 1 tid 105929
131 tid 105929
Insert  tid 105929
FindTargetPageId rootid 1 tid 105929
132 tid 105929
Insert  tid 105929
FindTargetPageId rootid 1 tid 105929
133 tid 105929
Insert  tid 105929
FindTargetPageId rootid 1 tid 105929
134 tid 105929
Insert  tid 105929
FindTargetPageId rootid 1 tid 105929
135 tid 105929
Insert  tid 105929
FindTargetPageId rootid 1 tid 105929
136 tid 105929
Insert  tid 105929
FindTargetPageId rootid 1 tid 105929
137 tid 105929
Insert  tid 105929
FindTargetPageId rootid 1 tid 105929
138 tid 105929
Insert  tid 105929
FindTargetPageId rootid 1 tid 105929
139 tid 105929
Insert  tid 105929
FindTargetPageId rootid 1 tid 105929
140 tid 105929
Insert  tid 105929
FindTargetPageId rootid 1 tid 105929
141 tid 105929
Insert  tid 105929
FindTargetPageId rootid 1 tid 105929
142 tid 105929
Insert  tid 105929
FindTargetPageId rootid 1 tid 105929
143 tid 105929
Insert  tid 105929
FindTargetPageId rootid 1 tid 105929
144 tid 105929
Insert  tid 105929
FindTargetPageId rootid 1 tid 105929
145 tid 105929
Insert  tid 105929
FindTargetPageId rootid 1 tid 105929
146 tid 105929
Insert  tid 105929
FindTargetPageId rootid 1 tid 105929
147 tid 105929
Insert  tid 105929
FindTargetPageId rootid 1 tid 105929
148 tid 105929
Insert  tid 105929
FindTargetPageId rootid 1 tid 105929
149 tid 105929
Insert  tid 105929
FindTargetPageId rootid 1 tid 105929
150 tid 105929
Insert  tid 105929
FindTargetPageId rootid 1 tid 105929
151 tid 105929
Insert  tid 105929
FindTargetPageId rootid 1 tid 105929
152 tid 105929
Insert  tid 105929
FindTargetPageId rootid 1 tid 105929
153 tid 105929
Insert  tid 105929
FindTargetPageId rootid 1 tid 105929
154 tid 105929
Insert  tid 105929
FindTargetPageId rootid 1 tid 105929
155 tid 105929
Insert  tid 105929
FindTargetPageId rootid 1 tid 105929
156 tid 105929
Insert  tid 105929
FindTargetPageId rootid 1 tid 105929
157 tid 105929
Insert  tid 105929
FindTargetPageId rootid 1 tid 105929
158 tid 105929
Insert  tid 105929
FindTargetPageId rootid 1 tid 105929
159 tid 105929
Insert  tid 105929
FindTargetPageId rootid 1 tid 105929
160 tid 105929
Insert  tid 105929
FindTargetPageId rootid 1 tid 105929
161 tid 105929
Insert  tid 105929
FindTargetPageId rootid 1 tid 105929
162 tid 105929
Insert  tid 105929
FindTargetPageId rootid 1 tid 105929
163 tid 105929
Insert  tid 105929
FindTargetPageId rootid 1 tid 105929
164 tid 105929
Insert  tid 105929
FindTargetPageId rootid 1 tid 105929
165 tid 105929
Insert  tid 105929
FindTargetPageId rootid 1 tid 105929
166 tid 105929
Insert  tid 105929
FindTargetPageId rootid 1 tid 105929
167 tid 105929
Insert  tid 105929
FindTargetPageId rootid 1 tid 105929
168 tid 105929
Insert  tid 105929
FindTargetPageId rootid 1 tid 105929
169 tid 105929
Insert  tid 105929
FindTargetPageId rootid 1 tid 105929
170 tid 105929
Insert  tid 105929
FindTargetPageId rootid 1 tid 105929
171 tid 105929
Insert  tid 105929
FindTargetPageId rootid 1 tid 105929
172 tid 105929
Insert  tid 105929
FindTargetPageId rootid 1 tid 105929
173 tid 105929
Insert  tid 105929
FindTargetPageId rootid 1 tid 105929
174 tid 105929
Insert  tid 105929
FindTargetPageId rootid 1 tid 105929
175 tid 105929
Insert  tid 105929
FindTargetPageId rootid 1 tid 105929
176 tid 105929
Insert  tid 105929
FindTargetPageId rootid 1 tid 105929
177 tid 105929
Insert  tid 105929
FindTargetPageId rootid 1 tid 105929
178 tid 105929
Insert  tid 105929
FindTargetPageId rootid 1 tid 105929
179 tid 105929
Insert  tid 105929
FindTargetPageId rootid 1 tid 105929
180 tid 105929
Insert  tid 105929
FindTargetPageId rootid 1 tid 105929
181 tid 105929
Insert  tid 105929
FindTargetPageId rootid 1 tid 105929
182 tid 105929
Insert  tid 105929
FindTargetPageId rootid 1 tid 105929
183 tid 105929
Insert  tid 105929
FindTargetPageId rootid 1 tid 105929
184 tid 105929
Insert  tid 105929
FindTargetPageId rootid 1 tid 105929
185 tid 105929
Insert  tid 105929
FindTargetPageId rootid 1 tid 105929
186 tid 105929
Insert  tid 105929
FindTargetPageId rootid 1 tid 105929
187 tid 105929
Insert  tid 105929
FindTargetPageId rootid 1 tid 105929
188 tid 105929
Insert  tid 105929
FindTargetPageId rootid 1 tid 105929
189 tid 105929
Insert  tid 105929
FindTargetPageId rootid 1 tid 105929
190 tid 105929
Insert  tid 105929
FindTargetPageId rootid 1 tid 105929
191 tid 105929
Insert  tid 105929
FindTargetPageId rootid 1 tid 105929
192 tid 105929
Insert  tid 105929
FindTargetPageId rootid 1 tid 105929
193 tid 105929
Insert  tid 105929
FindTargetPageId rootid 1 tid 105929
194 tid 105929
Insert  tid 105929
FindTargetPageId rootid 1 tid 105929
195 tid 105929
Insert  tid 105929
FindTargetPageId rootid 1 tid 105929
196 tid 105929
Insert  tid 105929
FindTargetPageId rootid 1 tid 105929
197 tid 105929
Insert  tid 105929
FindTargetPageId rootid 1 tid 105929
198 tid 105929
Insert  tid 105929
FindTargetPageId rootid 1 tid 105929
199 tid 105929
Insert  tid 105960
Insert  tid 105960
Remove  tid 105961
FindTargetPageId rootid 1 tid 105960
200 tid 105960
Remove  tid 105961
Insert  tid 105960
FindTargetPageId rootid 1 tid 105960
201 tid 105960
Insert  tid 105960
Insert  tid 105962
FindTargetPageId rootid 1 tid 105960
202 tid 105960
FindTargetPageId rootid 1 tid 105961
203 tid 105961
Remove  tid 105961
FindTargetPageId rootid 1 tid 105961
202 tid 105961
Insert  tid 105962
Remove  tid 105961
FindTargetPageId rootid 1 tid 105961
201 tid 105961
Remove  tid 105961
FindTargetPageId rootid 1 tid 105961
200 tid 105961
Remove  tid 105961
FindTargetPageId rootid 1 tid 105961
200 tid 105961
Remove  tid 105961
FindTargetPageId rootid 1 tid 105961
Insert 200 tid 105961
 tid 105960
FindTargetPageId rootid 1 tid 105960
200 tid 105960
Remove  tid 105961
Insert  tid 105960
FindTargetPageId rootid 1 tid 105960
201 tid 105960
Insert  tid 105960
FindTargetPageId rootid 1 tid 105960
202 tid 105960
Insert  tid 105960
FindTargetPageId rootid 1 tid 105960
203 tid 105960
Insert  tid 105960
FindTargetPageId rootid 1 tid 105961
204 tid 105961
Remove  tid 105961
FindTargetPageId rootid 1 tid 105962
203 tid 105962
Insert  tid 105962
FindTargetPageId rootid 1 tid 105962
204 tid 105962
Insert  tid 105962
FindTargetPageId rootid 1 tid 105962
205 tid 105962
Insert  tid 105962
FindTargetPageId rootid 1 tid 105962
206 tid 105962
Insert  tid 105962
FindTargetPageId rootid 1 tid 105962
206 tid 105962
Insert  tid 105962
FindTargetPageId rootid 1 tid 105962
206 tid 105962
Insert  tid 105962
FindTargetPageId rootid 1 tid 105962
206 tid 105962
Insert  tid 105962
FindTargetPageId rootid 1 tid 105962
207 tid 105962
Insert  tid 105962
FindTargetPageId rootid 1 tid 105962
208 tid 105962
Insert  tid 105962
FindTargetPageId rootid 1 tid 105962
209 tid 105962
Insert  tid 105962
FindTargetPageId rootid 1 tid 105962
210 tid 105962
Insert  tid 105962
FindTargetPageId rootid 1 tid 105962
211 tid 105962
Insert  tid 105962
FindTargetPageId rootid 1 tid 105960
212 tid 105960
Insert  tid 105960
FindTargetPageId rootid 1 tid 105960
212 tid 105960
Insert  tid 105960
FindTargetPageId rootid 1 tid 105961
212 tid 105961
Remove  tid 105961
FindTargetPageId rootid 1 tid 105961
211 tid 105961
Remove  tid 105961
FindTargetPageId rootid 1 tid 105961
210 tid 105961
Remove  tid 105961
FindTargetPageId rootid 1 tid 105961
209 tid 105961
Remove  tid 105961
FindTargetPageId rootid 1 tid 105961
208 tid 105961
Remove  tid 105961
FindTargetPageId rootid 1 tid 105961
207 tid 105961
Remove  tid 105961
FindTargetPageId rootid 1 tid 105961
207 tid 105961
Remove  tid 105961
FindTargetPageId rootid 1 tid 105961
207 tid 105961
Remove  tid 105961
FindTargetPageId rootid 1 tid 105961
207 tid 105961
Remove  tid 105961
FindTargetPageId rootid 1 tid 105961
207 tid 105961
Remove  tid 105961
FindTargetPageId rootid 1 tid 105961
207 tid 105961
Remove  tid 105961
FindTargetPageId rootid 1 tid 105961
207 tid 105961
Remove  tid 105961
FindTargetPageId rootid 1 tid 105961
207 tid 105961
Remove  tid 105961
FindTargetPageId rootid 1 tid 105961
207 tid 105961
Remove  tid 105961
FindTargetPageId rootid 1 tid 105961
207 tid 105961
Remove  tid 105961
FindTargetPageId rootid 1 tid 105961
207 tid 105961
Remove  tid 105961
FindTargetPageId rootid 1 tid 105961
207 tid 105961
Remove  tid 105961
FindTargetPageId rootid 1 tid 105961
207 tid 105961
Remove  tid 105961
FindTargetPageId rootid 1 tid 105961
207 tid 105961
Remove  tid 105961
FindTargetPageId rootid 1 tid 105961
207 tid 105961
Remove  tid 105961
FindTargetPageId rootid 1 tid 105961
207 tid 105961
Remove  tid 105961
FindTargetPageId rootid 1 tid 105961
207 tid 105961
Remove  tid 105961
FindTargetPageId rootid 1 tid 105961
207 tid 105961
Remove  tid 105961
FindTargetPageId rootid 1 tid 105961
207 tid 105961
Remove  tid 105961
FindTargetPageId rootid 1 tid 105961
207 tid 105961
Remove  tid 105961
FindTargetPageId rootid 1 tid 105961
207 tid 105961
Remove  tid 105961
FindTargetPageId rootid 1 tid 105961
207 tid 105961
Remove  tid 105961
FindTargetPageId rootid 1 tid 105961
207 tid 105961
Remove  tid 105961
FindTargetPageId rootid 1 tid 105961
207 tid 105961
Remove  tid 105961
FindTargetPageId rootid 1 tid 105961
207 tid 105961
Remove  tid 105961
FindTargetPageId rootid 1 tid 105961
207 tid 105961
Remove  tid 105961
FindTargetPageId rootid 1 tid 105962
207 tid 105962
Insert  tid 105962
FindTargetPageId rootid 1 tid 105962
208 tid 105962
Insert  tid 105962
FindTargetPageId rootid 1 tid 105962
209 tid 105962
Insert  tid 105962
FindTargetPageId rootid 1 tid 105962
210 tid 105962
Insert  tid 105962
FindTargetPageId rootid 1 tid 105962
211 tid 105962
Insert  tid 105962
FindTargetPageId rootid 1 tid 105962
212 tid 105962
Insert  tid 105962
FindTargetPageId rootid 1 tid 105962
213 tid 105962
Insert  tid 105962
FindTargetPageId rootid 1 tid 105962
214 tid 105962
Insert  tid 105962
FindTargetPageId rootid 1 tid 105962
215 tid 105962
Insert  tid 105962
FindTargetPageId rootid 1 tid 105962
216 tid 105962
Insert  tid 105962
FindTargetPageId rootid 1 tid 105962
217 tid 105962
Insert  tid 105962
FindTargetPageId rootid 1 tid 105962
218 tid 105962
Insert  tid 105962
FindTargetPageId rootid 1 tid 105962
219 tid 105962
Insert  tid 105962
FindTargetPageId rootid 1 tid 105962
220 tid 105962
Insert  tid 105962
FindTargetPageId rootid 1 tid 105960
221 tid 105960
Insert  tid 105960
FindTargetPageId rootid 1 tid 105961
222 tid 105961
Remove  tid 105961
FindTargetPageId rootid 1 tid 105962
222 tid 105962
Insert  tid 105962
FindTargetPageId rootid 1 tid 105960
223 tid 105960
Insert  tid 105960
FindTargetPageId rootid 1 tid 105961
224 tid 105961
Remove  tid 105961
FindTargetPageId rootid 1 tid 105962
224 tid 105962
Insert  tid 105962
FindTargetPageId rootid 1 tid 105962
225 tid 105962
Insert  tid 105962
FindTargetPageId rootid 1 tid 105962
226 tid 105962
Insert  tid 105962
FindTargetPageId rootid 1 tid 105960
227 tid 105960
Insert  tid 105960
FindTargetPageId rootid 1 tid 105960
228 tid 105960
Insert  tid 105960
FindTargetPageId rootid 1 tid 105960
228 tid 105960
Insert  tid 105960
FindTargetPageId rootid 1 tid 105960
228 tid 105960
Insert  tid 105960
FindTargetPageId rootid 1 tid 105961
228 tid 105961
Remove  tid 105961
FindTargetPageId rootid 1 tid 105961
228 tid 105961
Remove  tid 105961
FindTargetPageId rootid 1 tid 105961
228 tid 105961
Remove  tid 105961
FindTargetPageId rootid 1 tid 105961
228 tid 105961
Remove  tid 105961
FindTargetPageId rootid 1 tid 105961
228 tid 105961
Remove  tid 105961
FindTargetPageId rootid 1 tid 105961
228 tid 105961
Remove  tid 105961
FindTargetPageId rootid 1 tid 105961
228 tid 105961
Remove  tid 105961
FindTargetPageId rootid 1 tid 105962
228 tid 105962
Insert  tid 105962
FindTargetPageId rootid 1 tid 105962
229 tid 105962
Insert  tid 105962
FindTargetPageId rootid 1 tid 105960
230 tid 105960
Insert  tid 105960
FindTargetPageId rootid 1 tid 105961
230 tid 105961
Remove  tid 105961
FindTargetPageId rootid 1 tid 105961
230 tid 105961
Remove  tid 105961
FindTargetPageId rootid 1 tid 105961
230 tid 105961
Remove  tid 105961
FindTargetPageId rootid 1 tid 105961
230 tid 105961
Remove  tid 105961
FindTargetPageId rootid 1 tid 105960
230 tid 105960
Insert  tid 105960
FindTargetPageId rootid 1 tid 105960
230 tid 105960
Insert  tid 105960
FindTargetPageId rootid 1 tid 105960
230 tid 105960
Insert  tid 105960
FindTargetPageId rootid 1 tid 105960
230 tid 105960
Insert  tid 105960
FindTargetPageId rootid 1 tid 105960
230 tid 105960
Insert  tid 105960
FindTargetPageId rootid 1 tid 105960
230 tid 105960
Insert  tid 105960
FindTargetPageId rootid 1 tid 105960
230 tid 105960
Insert  tid 105960
FindTargetPageId rootid 1 tid 105960
230 tid 105960
Insert  tid 105960
FindTargetPageId rootid 1 tid 105961
230 tid 105961
Remove  tid 105961
FindTargetPageId rootid 1 tid 105962
230 tid 105962
Insert  tid 105962
FindTargetPageId rootid 1 tid 105960
231 tid 105960
Insert  tid 105960
FindTargetPageId rootid 1 tid 105961
231 tid 105961
Remove  tid 105961
FindTargetPageId rootid 1 tid 105962
231 tid 105962
Insert  tid 105962
FindTargetPageId rootid 1 tid 105960
232 tid 105960
Insert  tid 105960
FindTargetPageId rootid 1 tid 105961
232 tid 105961
Remove  tid 105961
FindTargetPageId rootid 1 tid 105962
232 tid 105962
Insert  tid 105962
FindTargetPageId rootid 1 tid 105960
233 tid 105960
Insert  tid 105960
FindTargetPageId rootid 1 tid 105961
233 tid 105961
Remove  tid 105961
FindTargetPageId rootid 1 tid 105962
233 tid 105962
Insert  tid 105962
FindTargetPageId rootid 1 tid 105960
234 tid 105960
Insert  tid 105960
FindTargetPageId rootid 1 tid 105961
234 tid 105961
Remove  tid 105961
FindTargetPageId rootid 1 tid 105962
234 tid 105962
Insert  tid 105962
FindTargetPageId rootid 1 tid 105960
235 tid 105960
Insert  tid 105960
FindTargetPageId rootid 1 tid 105961
235 tid 105961
Remove  tid 105961
FindTargetPageId rootid 1 tid 105962
235 tid 105962
Insert  tid 105962
FindTargetPageId rootid 1 tid 105960
236 tid 105960
Insert  tid 105960
FindTargetPageId rootid 1 tid 105961
236 tid 105961
Remove  tid 105961
FindTargetPageId rootid 1 tid 105962
236 tid 105962
Insert  tid 105962
FindTargetPageId rootid 1 tid 105960
237 tid 105960
Insert  tid 105960
FindTargetPageId rootid 1 tid 105961
237 tid 105961
Remove  tid 105961
FindTargetPageId rootid 1 tid 105961
237 tid 105961
Remove  tid 105961
FindTargetPageId rootid 1 tid 105960
237 tid 105960
Insert  tid 105960
FindTargetPageId rootid 1 tid 105962
237 tid 105962
Insert  tid 105962
FindTargetPageId rootid 1 tid 105961
238 tid 105961
Remove  tid 105961
FindTargetPageId rootid 1 tid 105960
238 tid 105960
Insert  tid 105960
FindTargetPageId rootid 1 tid 105962
238 tid 105962
Insert  tid 105962
FindTargetPageId rootid 1 tid 105961
239 tid 105961
Remove  tid 105961
FindTargetPageId rootid 1 tid 105960
239 tid 105960
Insert  tid 105960
FindTargetPageId rootid 1 tid 105962
239 tid 105962
Insert  tid 105962
FindTargetPageId rootid 1 tid 105961
240 tid 105961
Remove  tid 105961
FindTargetPageId rootid 1 tid 105960
240 tid 105960
Insert  tid 105960
FindTargetPageId rootid 1 tid 105962
240 tid 105962
Insert  tid 105962
FindTargetPageId rootid 1 tid 105961
241 tid 105961
FindTargetPageId rootid 1 tid 105960
241 tid 105960
Remove  tid 105961
Insert  tid FindTargetPageId rootid 1 tid 105960105961

241 tid 105961
FindTargetPageId rootid 1 tid 105960
241 tid 105960
Remove  tid 105961
Insert  tid 105960
FindTargetPageId rootid 1 tid 105962
241 tid 105962
Insert  tid 105962
FindTargetPageId rootid 1 tid 105961
242 tid 105961
Remove  tid 105961
FindTargetPageId rootid 1 tid 105960
242 tid 105960
Insert  tid 105960
FindTargetPageId rootid 1 tid 105962
242 tid 105962
Insert  tid 105962
FindTargetPageId rootid 1 tid 105961
243 tid 105961
Remove  tid 105961
FindTargetPageId rootid 1 tid 105960
243 tid 105960
Insert  tid 105960
FindTargetPageId rootid 1 tid 105962
243 tid 105962
Insert  tid 105962
FindTargetPageId rootid 1 tid 105961
244 tid 105961
Remove  tid 105961
FindTargetPageId rootid 1 tid 105960
244 tid 105960
Insert  tid 105960
FindTargetPageId rootid 1 tid 105962
244 tid 105962
Insert  tid 105962
FindTargetPageId rootid 1 tid 105961
245 tid 105961
Remove  tid 105961
FindTargetPageId rootid 1 tid 105960
245 tid 105960
Insert  tid 105960
FindTargetPageId rootid 1 tid 105962
245 tid 105962
Insert  tid 105962
FindTargetPageId rootid 1 tid 105961
246 tid 105961
Remove  tid 105961
FindTargetPageId rootid 1 tid 105960
246 tid 105960
Insert  tid 105960
FindTargetPageId rootid 1 tid 105962
246 tid 105962
Insert  tid 105962
FindTargetPageId rootid 1 tid 105961
247 tid 105961
Remove  tid 105961
FindTargetPageId rootid 1 tid 105960
247 tid 105960
Insert  tid 105960
FindTargetPageId rootid 1 tid 105962
247 tid 105962
Insert  tid 105962
FindTargetPageId rootid 1 tid 105961
248 tid 105961
Remove  tid 105961
FindTargetPageId rootid 1 tid 105960
248 tid 105960
Insert  tid 105960
FindTargetPageId rootid 1 tid 105962
248 tid 105962
FindTargetPageId rootid 1 tid 105961
249 tid 105961
Insert  tid 105962
FindTargetPageId rootid 1 tid 105962
249 tid 105962
Remove  tid 105961
FindTargetPageId rootid 1 tid 105961
250 tid 105961
Insert  tid 105962
FindTargetPageId rootid 1 tid 105962
250 tid 105962
Remove  tid 105961
FindTargetPageId rootid 1 tid 105960
251 tid 105960
Insert  tid 105962
FindTargetPageId rootid 1 tid 105961
251 tid 105961
Insert  tid 105960
FindTargetPageId rootid 1 tid 105962
251 tid 105962
Remove  tid 105961
Insert  tid 105962
FindTargetPageId rootid 1 tid 105960
252 tid 105960
Insert  tid 105960
FindTargetPageId rootid 1 tid 105961
252 tid 105961
Remove  tid 105961
FindTargetPageId rootid 1 tid 105962
252 tid 105962
Insert  tid 105962
FindTargetPageId rootid 1 tid 105960
253 tid 105960
Insert  tid 105960
FindTargetPageId rootid 1 tid 105961
253 tid 105961
Remove  tid 105961
FindTargetPageId rootid 1 tid 105962
253 tid 105962
Insert  tid 105962
FindTargetPageId rootid 1 tid 105960
254 tid 105960
Insert  tid 105960
FindTargetPageId rootid 1 tid 105961
254 tid 105961
Remove  tid 105961
FindTargetPageId rootid 1 tid 105962
254 tid 105962
Insert  tid 105962
FindTargetPageId rootid 3 tid 105960
target_page_id id: 1 tid 105960
0 1 tid 105960
365 2 tid 105960
127 tid 105960
Insert  tid 105960
FindTargetPageId rootid 3 tid 105961
target_page_id id: 1 tid 105961
0 1 tid 105961
365 2 tid 105961
127 tid 105961
Remove  tid 105961
FindTargetPageId rootid 3 tid 105962
target_page_id id: 1 tid 105962
0 1 tid 105962
365 2 tid 105962
127 tid 105962
Insert  tid 105962
FindTargetPageId rootid 3 tid 105960
target_page_id id: 1 tid 105960
0 1 tid 105960
365 2 tid 105960
128 tid 105960
Insert  tid 105960
FindTargetPageId rootid 3 tid 105961
target_page_id id: 1 tid 105961
0 1 tid 105961
365 2 tid 105961
128 tid 105961
Remove  tid 105961
FindTargetPageId rootid 3 tid 105962
target_page_id id: 1 tid 105962
0 1 tid 105962
365 2 tid 105962
128 tid 105962
Insert  tid 105962
FindTargetPageId rootid 3 tid 105960
target_page_id id: 1 tid 105960
0 1 tid 105960
365 2 tid 105960
129 tid 105960
FindTargetPageId rootid 3 tid 105961
target_page_id id: 1 tid 105961
0 1 tid 105961
Insert  tid 105960
365 2 tid 105961
129 tid 105961
Remove  tid 105961
FindTargetPageId rootid 3 tid 105962
target_page_id id: 1 tid 105962
0 1 tid 105962
365 2 tid 105962
129 tid 105962
Insert  tid 105962
FindTargetPageId rootid 3 tid 105960
target_page_id id: 1 tid 105960
0 1 tid 105960
365 2 tid 105960
130 tid 105960
Insert  tid 105960
FindTargetPageId rootid 3 tid 105961
target_page_id id: 1 tid 105961
0 1 tid 105961
365 2 tid 105961
130 tid 105961
Remove  tid 105961
FindTargetPageId rootid 3 tid 105962
target_page_id id: 1 tid 105962
0 1 tid 105962
365 2 tid 105962
130 tid 105962
Insert  tid 105962
FindTargetPageId rootid 3 tid 105960
target_page_id id: 1 tid 105960
0 1 tid 105960
365 2 tid 105960
131 tid 105960
Insert  tid 105960
FindTargetPageId rootid 3 tid 105961
target_page_id id: 1 tid 105961
0 1 tid 105961
365 2 tid 105961
131 tid 105961
Remove  tid 105961
FindTargetPageId rootid 3 tid 105962
target_page_id id: 1 tid 105962
0 1 tid 105962
365 2 tid 105962
131 tid 105962
Insert  tid 105962
FindTargetPageId rootid 3 tid 105960
target_page_id id: 1 tid 105960
0 1 tid 105960
365 2 tid 105960
132 tid 105960
Insert  tid 105960
FindTargetPageId rootid 3 tid 105961
target_page_id id: 1 tid 105961
0 1 tid 105961
365 2 tid 105961
132 tid 105961
Remove  tid 105961
FindTargetPageId rootid 3 tid 105962
target_page_id id: 1 tid 105962
0 1 tid 105962
365 2 tid 105962
132 tid 105962
Insert  tid 105962
FindTargetPageId rootid 3 tid 105960
target_page_id id: 1 tid 105960
0 1 tid 105960
365 2 tid 105960
133 tid 105960
Insert  tid 105960
FindTargetPageId rootid 3 tid 105961
target_page_id id: 1 tid 105961
0 1 tid 105961
365 2 tid 105961
133 tid 105961
Remove  tid 105961
FindTargetPageId rootid 3 tid 105962
target_page_id id: 1 tid 105962
0 1 tid 105962
365 2 tid 105962
133 tid 105962
Insert  tid 105962
FindTargetPageId rootid 3 tid 105962
target_page_id id: 1 tid 105962
0 1 tid 105962
365 2 tid 105962
134 tid 105962
Insert  tid 105962
FindTargetPageId rootid 3 tid 105962
target_page_id id: 1 tid 105962
0 1 tid 105962
365 2 tid 105962
135 tid 105962
Insert  tid 105962
FindTargetPageId rootid 3 tid 105960
target_page_id id: 1 tid 105960
0 1 tid 105960
365 2 tid 105960
136 tid 105960
Insert  tid 105960
FindTargetPageId rootid 3 tid 105961
target_page_id id: 1 tid 105961
0 1 tid 105961
365 2 tid 105961
136 tid 105961
Remove  tid 105961
FindTargetPageId rootid 3 tid 105962
target_page_id id: 1 tid 105962
0 1 tid 105962
365 2 tid 105962
136 tid 105962
Insert  tid 105962
FindTargetPageId rootid 3 tid 105960
target_page_id id: 1 tid 105960
0 1 tid 105960
365 2 tid 105960
137 tid 105960
Insert  tid 105960
FindTargetPageId rootid 3 tid 105961
target_page_id id: 1 tid 105961
0 1 tid 105961
365 2 tid 105961
137 tid 105961
Remove  tid 105961
FindTargetPageId rootid 3 tid 105962
target_page_id id: 1 tid 105962
0 1 tid 105962
365 2 tid 105962
137 tid 105962
Insert  tid 105962
FindTargetPageId rootid 3 tid 105960
target_page_id id: 1 tid 105960
0 1 tid 105960
365 2 tid 105960
138 tid 105960
Insert  tid 105960
FindTargetPageId rootid 3 tid 105961
target_page_id id: 1 tid 105961
0 1 tid 105961
365 2 tid 105961
138 tid 105961
Remove  tid 105961
FindTargetPageId rootid 3 tid 105962
target_page_id id: 1 tid 105962
0 1 tid 105962
365 2 tid 105962
138 tid 105962
Insert  tid 105962
FindTargetPageId rootid 3 tid 105960
target_page_id id: 1 tid 105960
0 1 tid 105960
365 2 tid 105960
139 tid 105960
Insert  tid 105960
FindTargetPageId rootid 3 tid 105961
target_page_id id: 1 tid 105961
0 1 tid 105961
365 2 tid 105961
139 tid 105961
Remove  tid 105961
FindTargetPageId rootid 3 tid 105962
target_page_id id: 1 tid 105962
0 1 tid 105962
365 2 tid 105962
139 tid 105962
Insert  tid 105962
FindTargetPageId rootid 3 tid 105960
target_page_id id: 1 tid 105960
0 1 tid 105960
365 2 tid 105960
140 tid 105960
Insert  tid 105960
FindTargetPageId rootid 3 tid 105961
target_page_id id: 1 tid 105961
0 1 tid 105961
365 2 tid 105961
140 tid 105961
Remove  tid 105961
FindTargetPageId rootid 3 tid 105962
target_page_id id: 1 tid 105962
0 1 tid 105962
365 2 tid 105962
140 tid 105962
Insert  tid 105962
FindTargetPageId rootid 3 tid 105960
target_page_id id: 1 tid 105960
0 1 tid 105960
365 2 tid 105960
141 tid 105960
Insert  tid 105960
FindTargetPageId rootid 3 tid 105960
target_page_id id: 1 tid 105960
0 1 tid 105960
365 2 tid 105960
141 tid 105960
Insert  tid 105960
FindTargetPageId rootid 3 tid 105960
target_page_id id: 1 tid 105960
0 1 tid 105960
365 2 tid 105960
141 tid 105960
Insert  tid 105960
FindTargetPageId rootid 3 tid 105960
target_page_id id: 1 tid 105960
0 1 tid 105960
365 2 tid 105960
141 tid 105960
FindTargetPageId rootid 3 tid 105961
target_page_id id: 1 tid 105961
0 1 tid 105961
365 2 tid 105961
141 tid 105961
Remove  tid 105961
FindTargetPageId rootid 3 tid 105961
target_page_id id: 1 tid 105961
0 1 tid 105961
365 2 tid 105961
141 tid 105961
Remove  tid 105961
FindTargetPageId rootid 3 tid 105962
target_page_id id: 1 tid 105962
0 1 tid 105962
365 2 tid 105962
141 tid 105962
Insert  tid 105962
FindTargetPageId rootid 3 tid 105961
target_page_id id: 1 tid 105961
0 1 tid 105961
365 2 tid 105961
142 tid 105961
Insert  tid 105960
FindTargetPageId rootid 3 tid 105960
target_page_id id: 1 tid 105960
Remove  tid 105961
0 1 tid 105960
365 2 tid 105960
142 tid 105960
Insert  tid 105960
FindTargetPageId rootid 3 tid 105962
target_page_id id: 1 tid 105962
0 1 tid 105962
365 2 tid 105962
142 tid 105962
Insert  tid 105962
FindTargetPageId rootid 3 tid 105961
target_page_id id: 1 tid 105961
0 1 tid 105961
365 2 tid 105961
143 tid 105961
Remove  tid 105961
FindTargetPageId rootid 3 tid 105960
target_page_id id: 1 tid 105960
0 1 tid 105960
365 2 tid 105960
143 tid 105960
Insert  tid 105960
FindTargetPageId rootid 3 tid 105960
target_page_id id: 1 tid 105960
0 1 tid 105960
365 2 tid 105960
143 tid 105960
Insert  tid 105960
FindTargetPageId rootid 3 tid 105960
target_page_id id: 1 tid 105960
0 1 tid 105960
365 2 tid 105960
143 tid 105960
Insert  tid 105960
FindTargetPageId rootid 3 tid 105960
target_page_id id: 1 tid 105960
0 1 tid 105960
365 2 tid 105960
143 tid 105960
Insert  tid 105960
FindTargetPageId rootid 3 tid 105960
target_page_id id: 1 tid 105960
0 1 tid 105960
365 2 tid 105960
143 tid 105960
Insert  tid 105960
FindTargetPageId rootid 3 tid 105962
target_page_id id: 1 tid 105962
0 1 tid 105962
365 2 tid 105962
143 tid 105962
Insert  tid 105962
FindTargetPageId rootid 3 tid 105962
target_page_id id: 1 tid 105962
0 1 tid 105962
365 2 tid 105962
144 tid 105962
Insert  tid 105962
FindTargetPageId rootid 3 tid 105962
target_page_id id: 1 tid 105962
0 1 tid 105962
365 2 tid 105962
145 tid 105962
Insert  tid 105962
FindTargetPageId rootid 3 tid 105962
target_page_id id: 1 tid 105962
0 1 tid 105962
365 2 tid 105962
146 tid 105962
Insert  tid 105962
FindTargetPageId rootid 3 tid 105962
target_page_id id: 1 tid 105962
0 1 tid 105962
365 2 tid 105962
147 tid 105962
Insert  tid 105962
FindTargetPageId rootid 3 tid 105962
target_page_id id: 1 tid 105962
0 1 tid 105962
365 2 tid 105962
148 tid 105962
Insert  tid 105962
FindTargetPageId rootid 3 tid 105961
target_page_id id: 1 tid 105961
0 1 tid 105961
365 2 tid 105961
149 tid 105961
Remove  tid 105961
FindTargetPageId rootid 3 tid 105961
target_page_id id: 1 tid 105961
0 1 tid 105961
365 2 tid 105961
149 tid 105961
Remove  tid 105961
FindTargetPageId rootid 3 tid 105962
target_page_id id: 1 tid 105962
0 1 tid 105962
365 2 tid 105962
149 tid 105962
Insert  tid 105962
FindTargetPageId rootid 3 tid 105960
target_page_id id: 1 tid 105960
0 1 tid 105960
365 2 tid 105960
150 tid 105960
Insert  tid 105960
FindTargetPageId rootid 3 tid 105961
target_page_id id: 1 tid 105961
0 1 tid 105961
365 2 tid 105961
150 tid 105961
Remove  tid 105961
FindTargetPageId rootid 3 tid 105962
target_page_id id: 1 tid 105962
0 1 tid 105962
365 2 tid 105962
150 tid 105962
Insert  tid 105962
FindTargetPageId rootid 3 tid 105960
target_page_id id: 1 tid 105960
0 1 tid 105960
365 2 tid 105960
151 tid 105960
Insert  tid 105960
FindTargetPageId rootid 3 tid 105961
target_page_id id: 1 tid 105961
0 1 tid 105961
365 2 tid 105961
151 tid 105961
Remove  tid 105961
FindTargetPageId rootid 3 tid 105962
target_page_id id: 1 tid 105962
0 1 tid 105962
365 2 tid 105962
151 tid 105962
Insert  tid 105962
FindTargetPageId rootid 3 tid 105960
target_page_id id: 1 tid 105960
0 1 tid 105960
365 2 tid 105960
152 tid 105960
Insert  tid 105960
FindTargetPageId rootid 3 tid 105961
target_page_id id: 1 tid 105961
0 1 tid 105961
365 2 tid 105961
152 tid 105961
Remove  tid 105961
FindTargetPageId rootid 3 tid 105962
target_page_id id: 1 tid 105962
0 1 tid 105962
365 2 tid 105962
152 tid 105962
Insert  tid 105962
FindTargetPageId rootid 3 tid 105960
target_page_id id: 1 tid 105960
0 1 tid 105960
365 2 tid 105960
153 tid 105960
Insert  tid 105960
FindTargetPageId rootid 3 tid 105961
target_page_id id: 1 tid 105961
0 1 tid 105961
365 2 tid 105961
153 tid 105961
Remove  tid 105961
FindTargetPageId rootid 3 tid 105962
target_page_id id: 1 tid 105962
0 1 tid 105962
365 2 tid 105962
153 tid 105962
Insert  tid 105962
FindTargetPageId rootid 3 tid 105960
target_page_id id: 1 tid 105960
0 1 tid 105960
365 2 tid 105960
154 tid 105960
Insert  tid 105960
FindTargetPageId rootid 3 tid 105961
target_page_id id: 1 tid 105961
0 1 tid 105961
365 2 tid 105961
154 tid 105961
Remove  tid 105961
FindTargetPageId rootid 3 tid 105962
target_page_id id: 1 tid 105962
0 1 tid 105962
365 2 tid 105962
154 tid 105962
Insert  tid 105962
FindTargetPageId rootid 3 tid 105960
target_page_id id: 1 tid 105960
0 1 tid 105960
365 2 tid 105960
155 tid 105960
Insert  tid 105960
FindTargetPageId rootid 3 tid 105961
target_page_id id: 1 tid 105961
0 1 tid 105961
365 2 tid 105961
155 tid 105961
FindTargetPageId rootid 3 tid 105962
target_page_id id: 1 tid 105962
0 1 tid 105962
365 2 tid 105962
Remove  tid 105961
155 tid 105962
Insert  tid 105962
FindTargetPageId rootid 3 tid 105960
target_page_id id: 1 tid 105960
0 1 tid 105960
365 2 tid 105960
156 tid 105960
Insert  tid 105960
FindTargetPageId rootid 3 tid 105961
target_page_id id: 1 tid 105961
0 1 tid 105961
365 2 tid 105961
156 tid 105961
Remove  tid 105961
FindTargetPageId rootid 3 tid 105962
target_page_id id: 1 tid 105962
0 1 tid 105962
365 2 tid 105962
156 tid 105962
Insert  tid 105962
FindTargetPageId rootid 3 tid 105960
target_page_id id: 1 tid 105960
0 1 tid 105960
365 2 tid 105960
157 tid 105960
Insert  tid 105960
FindTargetPageId rootid 3 tid 105961
target_page_id id: 1 tid 105961
0 1 tid 105961
365 2 tid 105961
157 tid 105961
Remove  tid 105961
FindTargetPageId rootid 3 tid 105961
target_page_id id: 1 tid 105961
0 1 tid 105961
365 2 tid 105961
157 tid 105961
Remove  tid 105961
FindTargetPageId rootid 3 tid 105960
target_page_id id: 1 tid 105960
0 1 tid 105960
365 2 tid 105960
157 tid 105960
Insert  tid 105960
FindTargetPageId rootid 3 tid 105962
target_page_id id: 1 tid 105962
0 1 tid 105962
365 2 tid 105962
157 tid 105962
Insert  tid 105962
FindTargetPageId rootid 3 tid 105962
target_page_id id: 1 tid 105962
0 1 tid 105962
365 2 tid 105962
158 tid 105962
Insert  tid 105962
FindTargetPageId rootid 3 tid 105961
target_page_id id: 1 tid 105961
0 1 tid 105961
365 2 tid 105961
159 tid 105961
Remove  tid 105961
FindTargetPageId rootid 3 tid 105960
target_page_id id: 1 tid 105960
0 1 tid 105960
365 2 tid 105960
159 tid 105960
Insert  tid 105960
FindTargetPageId rootid 3 tid 105962
target_page_id id: 1 tid 105962
0 1 tid 105962
365 2 tid 105962
159 tid 105962
Insert  tid 105962
FindTargetPageId rootid 3 tid 105962
target_page_id id: 1 tid 105962
0 1 tid 105962
365 2 tid 105962
160 tid 105962
Insert  tid 105962
FindTargetPageId rootid 3 tid 105962
target_page_id id: 1 tid 105962
0 1 tid 105962
365 2 tid 105962
161 tid 105962
Insert  tid 105962
FindTargetPageId rootid 3 tid 105962
target_page_id id: 1 tid 105962
0 1 tid 105962
365 2 tid 105962
162 tid 105962
Insert  tid 105962
FindTargetPageId rootid 3 tid 105962
target_page_id id: 1 tid 105962
0 1 tid 105962
365 2 tid 105962
163 tid 105962
Insert  tid 105962
FindTargetPageId rootid 3 tid 105962
target_page_id id: 1 tid 105962
0 1 tid 105962
365 2 tid 105962
164 tid 105962
Insert  tid 105962
FindTargetPageId rootid 3 tid 105961
target_page_id id: 1 tid 105961
0 1 tid 105961
365 2 tid 105961
165 tid 105961
Remove  tid 105961
FindTargetPageId rootid 3 tid 105960
target_page_id id: 1 tid 105960
0 1 tid 105960
365 2 tid 105960
165 tid 105960
Insert  tid 105960
FindTargetPageId rootid 3 tid 105962
target_page_id id: 1 tid 105962
0 1 tid 105962
365 2 tid 105962
165 tid 105962
Insert  tid 105962
FindTargetPageId rootid 3 tid 105962
target_page_id id: 1 tid 105962
0 1 tid 105962
365 2 tid 105962
166 tid 105962
Insert  tid 105962
FindTargetPageId rootid 3 tid 105960
target_page_id id: 1 tid 105960
0 1 tid 105960
365 2 tid 105960
167 tid 105960
Insert  tid 105960
FindTargetPageId rootid 3 tid 105961
target_page_id id: 1 tid 105961
0 1 tid 105961
365 2 tid 105961
167 tid 105961
Remove  tid 105961
FindTargetPageId rootid 3 tid 105962
target_page_id id: 1 tid 105962
0 1 tid 105962
365 2 tid 105962
167 tid 105962
Insert  tid 105962
FindTargetPageId rootid 3 tid 105960
target_page_id id: 1 tid 105960
0 1 tid 105960
365 2 tid 105960
168 tid 105960
Insert  tid 105960
FindTargetPageId rootid 3 tid 105961
target_page_id id: 1 tid 105961
0 1 tid 105961
365 2 tid 105961
168 tid 105961
Remove  tid 105961
FindTargetPageId rootid 3 tid 105962
target_page_id id: 1 tid 105962
0 1 tid 105962
365 2 tid 105962
168 tid 105962
Insert  tid 105962
FindTargetPageId rootid 3 tid 105960
target_page_id id: 1 tid 105960
0 1 tid 105960
365 2 tid 105960
169 tid 105960
Insert  tid 105960
FindTargetPageId rootid 3 tid 105961
target_page_id id: 1 tid 105961
0 1 tid 105961
365 2 tid 105961
169 tid 105961
Remove  tid 105961
FindTargetPageId rootid 3 tid 105962
target_page_id id: 1 tid 105962
0 1 tid 105962
365 2 tid 105962
169 tid 105962
Insert  tid 105962
FindTargetPageId rootid 3 tid 105960
target_page_id id: 1 tid 105960
0 1 tid 105960
365 2 tid 105960
170 tid 105960
Insert  tid 105960
FindTargetPageId rootid 3 tid 105961
target_page_id id: 1 tid 105961
0 1 tid 105961
365 2 tid 105961
170 tid 105961
Remove  tid 105961
FindTargetPageId rootid 3 tid 105962
target_page_id id: 1 tid 105962
0 1 tid 105962
365 2 tid 105962
170 tid 105962
Insert  tid 105962
FindTargetPageId rootid 3 tid 105960
target_page_id id: 1 tid 105960
0 1 tid 105960
365 2 tid 105960
171 tid 105960
Insert  tid 105960
FindTargetPageId rootid 3 tid 105961
target_page_id id: 1 tid 105961
0 1 tid 105961
365 2 tid 105961
171 tid 105961
Remove  tid 105961
FindTargetPageId rootid 3 tid 105962
target_page_id id: 1 tid 105962
0 1 tid 105962
365 2 tid 105962
171 tid 105962
FindTargetPageId rootid 3 tid 105960
target_page_id id: 1 tid 105960
0 1Insert  tid 105962
 tid 105960
365 2 tid 105960
172 tid 105960
Insert  tid 105960
FindTargetPageId rootid 3 tid 105961
target_page_id id: 1 tid 105961
0 1 tid 105961
365 2 tid 105961
172 tid 105961
Remove  tid 105961
FindTargetPageId rootid 3 tid 105962
target_page_id id: 1 tid 105962
0 1 tid 105962
365 2 tid 105962
172 tid 105962
Insert  tid 105962
FindTargetPageId rootid 3 tid 105960
target_page_id id: 1 tid 105960
0 1 tid 105960
365 2 tid 105960
173 tid 105960
Insert  tid 105960
FindTargetPageId rootid 3 tid 105961
target_page_id id: 1 tid 105961
0 1 tid 105961
365 2 tid 105961
173 tid 105961
Remove  tid 105961
FindTargetPageId rootid 3 tid 105962
target_page_id id: 1 tid 105962
0 1 tid 105962
365 2 tid 105962
173 tid 105962
Insert  tid 105962
FindTargetPageId rootid 3 tid 105962
target_page_id id: 1 tid 105962
0 1 tid 105962
365 2 tid 105962
174 tid 105962
Insert  tid 105962
FindTargetPageId rootid 3 tid 105961
target_page_id id: 1 tid 105961
0 1 tid 105961
365 2 tid 105961
175 tid 105961
Remove  tid 105961
FindTargetPageId rootid 3 tid 105960
target_page_id id: 1 tid 105960
0 1 tid 105960
365 2 tid 105960
175 tid 105960
Insert  tid 105960
FindTargetPageId rootid 3 tid 105962
target_page_id id: 1 tid 105962
0 1 tid 105962
365 2 tid 105962
175 tid 105962
Insert  tid 105962
FindTargetPageId rootid 3 tid 105961
target_page_id id: 1 tid 105961
0 1 tid 105961
365 2 tid 105961
176 tid 105961
Remove  tid 105961
FindTargetPageId rootid 3 tid 105960
target_page_id id: 1 tid 105960
0 1 tid 105960
365 2 tid 105960
176 tid 105960
Insert  tid 105960
FindTargetPageId rootid 3 tid 105962
target_page_id id: 1 tid 105962
0 1 tid 105962
365 2 tid 105962
176 tid 105962
Insert  tid 105962
FindTargetPageId rootid 3 tid 105961
target_page_id id: 1 tid 105961
0 1 tid 105961
365 2 tid 105961
177 tid 105961
Remove  tid 105961
FindTargetPageId rootid 3 tid 105960
target_page_id id: 1 tid 105960
0 1 tid 105960
365 2 tid 105960
177 tid 105960
Insert  tid 105960
FindTargetPageId rootid 3 tid 105962
target_page_id id: 1 tid 105962
0 1 tid 105962
365 2 tid 105962
177 tid 105962
Insert  tid 105962
FindTargetPageId rootid 3 tid 105961
target_page_id id: 1 tid 105961
0 1 tid 105961
365 2 tid 105961
178 tid 105961
Remove  tid 105961
FindTargetPageId rootid 3 tid 105960
target_page_id id: 1 tid 105960
0 1 tid 105960
365 2 tid 105960
178 tid 105960
Insert  tid 105960
FindTargetPageId rootid 3 tid 105962
target_page_id id: 1 tid 105962
0 1 tid 105962
365 2 tid 105962
178 tid 105962
Insert  tid 105962
FindTargetPageId rootid 3 tid 105961
target_page_id id: 1 tid 105961
0 1 tid 105961
365 2 tid 105961
179 tid 105961
Remove  tid 105961
FindTargetPageId rootid 3 tid 105961
target_page_id id: 1 tid 105961
0 1 tid 105961
365 2 tid 105961
179 tid 105961
Remove  tid 105961
FindTargetPageId rootid 3 tid 105962
target_page_id id: 1 tid 105962
0 1 tid 105962
365 2 tid 105962
179 tid 105962
Insert  tid 105962
FindTargetPageId rootid 3 tid 105960
target_page_id id: 1 tid 105960
0 1 tid 105960
365 2 tid 105960
180 tid 105960
Insert  tid 105960
FindTargetPageId rootid 3 tid 105961
target_page_id id: 1 tid 105961
0 1 tid 105961
365 2 tid 105961
180 tid 105961
Remove  tid 105961
FindTargetPageId rootid 3 tid 105962
target_page_id id: 1 tid 105962
0 1 tid 105962
365 2 tid 105962
180 tid 105962
Insert  tid 105962
FindTargetPageId rootid 3 tid 105960
target_page_id id: 1 tid 105960
0 1 tid 105960
365 2 tid 105960
181 tid 105960
Insert  tid 105960
FindTargetPageId rootid 3 tid 105961
target_page_id id: 1 tid 105961
0 1 tid 105961
365 2 tid 105961
181 tid 105961
Remove  tid 105961
FindTargetPageId rootid 3 tid 105962
target_page_id id: 1 tid 105962
0 1 tid 105962
365 2 tid 105962
181 tid 105962
Insert  tid 105962
FindTargetPageId rootid 3 tid 105960
target_page_id id: 1 tid 105960
0 1 tid 105960
365 2 tid 105960
182 tid 105960
Insert  tid 105960
FindTargetPageId rootid 3 tid 105961
target_page_id id: 1 tid 105961
0 1 tid 105961
365 2 tid 105961
182 tid 105961
Remove  tid 105961
FindTargetPageId rootid 3 tid 105962
target_page_id id: 1 tid 105962
0 1 tid 105962
365 2 tid 105962
182 tid 105962
Insert  tid 105962
FindTargetPageId rootid 3 tid 105960
target_page_id id: 1 tid 105960
0 1 tid 105960
365 2 tid 105960
183 tid 105960
Insert  tid 105960
FindTargetPageId rootid 3 tid 105961
target_page_id id: 1 tid 105961
0 1 tid 105961
365 2 tid 105961
183 tid 105961
Remove  tid 105961
FindTargetPageId rootid 3 tid 105962
target_page_id id: 1 tid 105962
0 1 tid 105962
365 2 tid 105962
183 tid 105962
Insert  tid 105962
FindTargetPageId rootid 3 tid 105960
target_page_id id: 1 tid 105960
0 1 tid 105960
365 2 tid 105960
184 tid 105960
Insert  tid 105960
FindTargetPageId rootid 3 tid 105961
target_page_id id: 1 tid 105961
0 1 tid 105961
365 2 tid 105961
184 tid 105961
Remove  tid 105961
FindTargetPageId rootid 3 tid 105962
target_page_id id: 1 tid 105962
0 1 tid 105962
365 2 tid 105962
184 tid 105962
Insert  tid 105962
FindTargetPageId rootid 3 tid 105960
target_page_id id: 1 tid 105960
0 1 tid 105960
365 2 tid 105960
185 tid 105960
Insert  tid 105960
FindTargetPageId rootid 3 tid 105961
target_page_id id: 1 tid 105961
0 1 tid 105961
365 2 tid 105961
185 tid 105961
Remove  tid 105961
FindTargetPageId rootid 3 tid 105962
target_page_id id: 1 tid 105962
0 1 tid 105962
365 2 tid 105962
185 tid 105962
Insert  tid 105962
FindTargetPageId rootid 3 tid 105962
target_page_id id: 1 tid 105962
0 1 tid 105962
365 2 tid 105962
186 tid 105962
Insert  tid 105962
FindTargetPageId rootid 3 tid 105961
target_page_id id: 1 tid 105961
0 1 tid 105961
365 2 tid 105961
187 tid 105961
Remove  tid 105961
FindTargetPageId rootid 3 tid 105961
target_page_id id: 1 tid 105961
0 1 tid 105961
365 2 tid 105961
187 tid 105961
Remove  tid 105961
FindTargetPageId rootid 3 tid 105961
target_page_id id: 1 tid 105961
0 1 tid 105961
365 2 tid 105961
187 tid 105961
Remove  tid 105961
FindTargetPageId rootid 3 tid 105961
target_page_id id: 1 tid 105961
0 1 tid 105961
365 2 tid 105961
187 tid 105961
Remove  tid 105961
FindTargetPageId rootid 3 tid 105962
target_page_id id: 1 tid 105962
0 1 tid 105962
365 2 tid 105962
187 tid 105962
Insert  tid 105962
FindTargetPageId rootid 3 tid 105962
target_page_id id: 1 tid 105962
0 1 tid 105962
365 2 tid 105962
188 tid 105962
Insert  tid 105962
FindTargetPageId rootid 3 tid 105960
target_page_id id: 1 tid 105960
0 1 tid 105960
365 2 tid 105960
189 tid 105960
Insert  tid 105960
FindTargetPageId rootid 3 tid 105960
target_page_id id: 1 tid 105960
0 1 tid 105960
365 2 tid 105960
189 tid 105960
Insert  tid 105960
FindTargetPageId rootid 3 tid 105960
target_page_id id: 1 tid 105960
0 1 tid 105960
365 2 tid 105960
189 tid 105960
Insert  tid 105960
FindTargetPageId rootid 3 tid 105961
target_page_id id: 1 tid 105961
0 1 tid 105961
365 2 tid 105961
189 tid 105961
Remove  tid 105961
FindTargetPageId rootid 3 tid 105962
target_page_id id: 1 tid 105962
0 1 tid 105962
365 2 tid 105962
189 tid 105962
Insert  tid 105962
FindTargetPageId rootid 3 tid 105960
target_page_id id: 1 tid 105960
0 1 tid 105960
365 2 tid 105960
190 tid 105960
Insert  tid 105960
FindTargetPageId rootid 3 tid 105961
target_page_id id: 1 tid 105961
0 1 tid 105961
365 2 tid 105961
190 tid 105961
Remove  tid 105961
FindTargetPageId rootid 3 tid 105962
target_page_id id: 1 tid 105962
0 1 tid 105962
365 2 tid 105962
190 tid 105962
Insert  tid 105962
FindTargetPageId rootid 3 tid 105960
target_page_id id: 1 tid 105960
0 1 tid 105960
365 2 tid 105960
191 tid 105960
Insert  tid 105960
FindTargetPageId rootid 3 tid 105961
target_page_id id: 1 tid 105961
0 1 tid 105961
365 2 tid 105961
191 tid 105961
Remove  tid 105961
FindTargetPageId rootid 3 tid 105962
target_page_id id: 1 tid 105962
0 1 tid 105962
365 2 tid 105962
191 tid 105962
Insert  tid 105962
FindTargetPageId rootid 3 tid 105960
target_page_id id: 1 tid 105960
0 1 tid 105960
365 2 tid 105960
192 tid 105960
Insert  tid 105960
FindTargetPageId rootid 3 tid 105960
target_page_id id: 1 tid 105960
0 1 tid 105960
365 2 tid 105960
192 tid 105960
Insert  tid 105960
FindTargetPageId rootid 3 tid 105960
target_page_id id: 1 tid 105960
0 1 tid 105960
365 2 tid 105960
192 tid 105960
Insert  tid 105960
FindTargetPageId rootid 3 tid 105962
target_page_id id: 1 tid 105962
0 1 tid 105962
365 2 tid 105962
192 tid 105962
Insert  tid 105962
FindTargetPageId rootid 3 tid 105961
target_page_id id: 1 tid 105961
0 1 tid 105961
365 2 tid 105961
193 tid 105961
Remove  tid 105961
FindTargetPageId rootid 3 tid 105960
target_page_id id: 1 tid 105960
0 1 tid 105960
365 2 tid 105960
193 tid 105960
Insert  tid 105960
FindTargetPageId rootid 3 tid 105962
target_page_id id: 1 tid 105962
0 1 tid 105962
365 2 tid 105962
193 tid 105962
Insert  tid 105962
FindTargetPageId rootid 3 tid 105961
target_page_id id: 1 tid 105961
0 1 tid 105961
365 2 tid 105961
194 tid 105961
Remove  tid 105961
FindTargetPageId rootid 3 tid 105960
target_page_id id: 1 tid 105960
0 1 tid 105960
365 2 tid 105960
194 tid 105960
Insert  tid 105960
FindTargetPageId rootid 3 tid 105962
target_page_id id: 1 tid 105962
0 1 tid 105962
365 2 tid 105962
194 tid 105962
Insert  tid 105962
FindTargetPageId rootid 3 tid 105961
target_page_id id: 1 tid 105961
0 1 tid 105961
365 2 tid 105961
195 tid 105961
Remove  tid 105961
FindTargetPageId rootid 3 tid 105960
target_page_id id: 1 tid 105960
0 1 tid 105960
365 2 tid 105960
195 tid 105960
Insert  tid 105960
FindTargetPageId rootid 3 tid 105962
target_page_id id: 1 tid 105962
0 1 tid 105962
365 2 tid 105962
195 tid 105962
Insert  tid 105962
FindTargetPageId rootid 3 tid 105962
target_page_id id: 1 tid 105962
0 1 tid 105962
365 2 tid 105962
196 tid 105962
Insert  tid 105962
FindTargetPageId rootid 3 tid 105960
target_page_id id: 1 tid 105960
0 1 tid 105960
365 2 tid 105960
197 tid 105960
Insert  tid 105960
FindTargetPageId rootid 3 tid 105960
target_page_id id: 1 tid 105960
0 1 tid 105960
365 2 tid 105960
197 tid 105960
Insert  tid 105960
FindTargetPageId rootid 3 tid 105962
target_page_id id: 1 tid 105962
0 1 tid 105962
365 2 tid 105962
197 tid 105962
Insert  tid 105962
FindTargetPageId rootid 3 tid 105961
target_page_id id: 1 tid 105961
0 1 tid 105961
365 2 tid 105961
198 tid 105961
Remove  tid 105961
FindTargetPageId rootid 3 tid 105960
target_page_id id: 1 tid 105960
0 1 tid 105960
365 2 tid 105960
198 tid 105960
Insert  tid 105960
FindTargetPageId rootid 3 tid 105962
target_page_id id: 1 tid 105962
0 1 tid 105962
365 2 tid 105962
198 tid 105962
Insert  tid 105962
FindTargetPageId rootid 3 tid 105961
target_page_id id: 1 tid 105961
0 1 tid 105961
365 2 tid 105961
199 tid 105961
Remove  tid 105961
FindTargetPageId rootid 3 tid 105961
target_page_id id: 1 tid 105961
0 1 tid 105961
365 2 tid 105961
199 tid 105961
Remove  tid 105961
FindTargetPageId rootid 3 tid 105962
target_page_id id: 1 tid 105962
0 1 tid 105962
365 2 tid 105962
199 tid 105962
Insert  tid 105962
FindTargetPageId rootid 3 tid 105960
target_page_id id: 1 tid 105960
0 1 tid 105960
365 2 tid 105960
200 tid 105960
Insert  tid 105960
FindTargetPageId rootid 3 tid 105961
target_page_id id: 1 tid 105961
0 1 tid 105961
365 2 tid 105961
200 tid 105961
Remove  tid 105961
FindTargetPageId rootid 3 tid 105962
target_page_id id: 1 tid 105962
0 1 tid 105962
365 2 tid 105962
200 tid 105962
Insert  tid 105962
FindTargetPageId rootid 3 tid 105960
target_page_id id: 1 tid 105960
0 1 tid 105960
365 2 tid 105960
201 tid 105960
Insert  tid 105960
FindTargetPageId rootid 3 tid 105961
target_page_id id: 1 tid 105961
0 1 tid 105961
365 2 tid 105961
201 tid 105961
Remove  tid 105961
FindTargetPageId rootid 3 tid 105962
target_page_id id: 1 tid 105962
0 1 tid 105962
365 2 tid 105962
201 tid 105962
Insert  tid 105962
FindTargetPageId rootid 3 tid 105960
target_page_id id: 1 tid 105960
0 1 tid 105960
365 2 tid 105960
202 tid 105960
Insert  tid 105960
FindTargetPageId rootid 3 tid 105961
target_page_id id: 1 tid 105961
0 1 tid 105961
365 2 tid 105961
202 tid 105961
Remove  tid 105961
FindTargetPageId rootid 3 tid 105961
target_page_id id: 1 tid 105961
0 1 tid 105961
365 2 tid 105961
202 tid 105961
Remove  tid 105961
FindTargetPageId rootid 3 tid 105960
target_page_id id: 1 tid 105960
0 1 tid 105960
365 2 tid 105960
202 tid 105960
Insert  tid 105960
FindTargetPageId rootid 3 tid 105962
target_page_id id: 1 tid 105962
0 1 tid 105962
365 2 tid 105962
202 tid 105962
Insert  tid 105962
FindTargetPageId rootid 3 tid 105961
target_page_id id: 1 tid 105961
0 1 tid 105961
365 2 tid 105961
203 tid 105961
Remove  tid 105961
FindTargetPageId rootid 3 tid 105960
target_page_id id: 1 tid 105960
0 1 tid 105960
365 2 tid 105960
203 tid 105960
Insert  tid 105960
FindTargetPageId rootid 3 tid 105962
target_page_id id: 1 tid 105962
0 1 tid 105962
365 2 tid 105962
203 tid 105962
Insert  tid 105962
FindTargetPageId rootid 3 tid 105961
target_page_id id: 1 tid 105961
0 1 tid 105961
365 2 tid 105961
204 tid 105961
Remove  tid 105961
FindTargetPageId rootid 3 tid 105960
target_page_id id: 1 tid 105960
0 1 tid 105960
365 2 tid 105960
204 tid 105960
Insert  tid 105960
FindTargetPageId rootid 3 tid 105962
target_page_id id: 1 tid 105962
0 1 tid 105962
365 2 tid 105962
204 tid 105962
Insert  tid 105962
FindTargetPageId rootid 3 tid 105961
target_page_id id: 1 tid 105961
0 1 tid 105961
365 2 tid 105961
205 tid 105961
FindTargetPageId rootid Remove 3 tid  tid 105960
target_page_id id: 1 tid 105960
0 1 tid 105960
365 2 tid 105960
105961
205 tid 105960
Insert  tid 105960
FindTargetPageId rootid 3 tid 105962
target_page_id id: 1 tid 105962
0 1 tid 105962
365 2 tid 105962
205 tid 105962
Insert  tid 105962
FindTargetPageId rootid 3 tid 105962
target_page_id id: 1 tid 105962
0 1 tid 105962
365 2 tid 105962
206 tid 105962
Insert  tid 105962
FindTargetPageId rootid 3 tid 105960
target_page_id id: 1 tid 105960
0 1 tid 105960
365 2 tid 105960
207 tid 105960
Insert  tid 105960
FindTargetPageId rootid 3 tid 105960
target_page_id id: 1 tid 105960
0 1 tid 105960
365 2 tid 105960
207 tid 105960
Insert  tid 105960
FindTargetPageId rootid 3 tid 105960
target_page_id id: 1 tid 105960
0 1 tid 105960
365 2 tid 105960
207 tid 105960
Insert  tid 105960
FindTargetPageId rootid 3 tid 105961
target_page_id id: 1 tid 105961
0 1 tid 105961
365 2 tid 105961
207 tid 105961
Remove  tid 105961
FindTargetPageId rootid 3 tid 105962
target_page_id id: 1 tid 105962
0 1 tid 105962
365 2 tid 105962
207 tid 105962
Insert  tid 105962
FindTargetPageId rootid 3 tid 105960
target_page_id id: 1 tid 105960
0 1 tid 105960
365 2 tid 105960
208 tid 105960
Insert  tid 105960
FindTargetPageId rootid 3 tid 105960
target_page_id id: 1 tid 105960
0 1 tid 105960
365 2 tid 105960
208 tid 105960
Insert  tid 105960
FindTargetPageId rootid 3 tid 105962
target_page_id id: 1 tid 105962
0 1 tid 105962
365 2 tid 105962
208 tid 105962
Insert  tid 105962
FindTargetPageId rootid 3 tid 105961
target_page_id id: 1 tid 105961
0 1 tid 105961
365 2 tid 105961
209 tid 105961
Remove  tid 105961
FindTargetPageId rootid 3 tid 105960
target_page_id id: 1 tid 105960
0 1 tid 105960
365 2 tid 105960
209 tid 105960
Insert  tid 105960
FindTargetPageId rootid 3 tid 105962
target_page_id id: 1 tid 105962
0 1 tid 105962
365 2 tid 105962
209 tid 105962
Insert  tid 105962
FindTargetPageId rootid 3 tid 105961
target_page_id id: 1 tid 105961
0 1 tid 105961
365 2 tid 105961
210 tid 105961
Remove  tid 105961
FindTargetPageId rootid 3 tid 105960
target_page_id id: 1 tid 105960
0 1 tid 105960
365 2 tid 105960
210 tid 105960
Insert  tid 105960
FindTargetPageId rootid 3 tid 105962
target_page_id id: 1 tid 105962
0 1 tid 105962
365 2 tid 105962
210 tid 105962
Insert  tid 105962
FindTargetPageId rootid 3 tid 105961
target_page_id id: 1 tid 105961
0 1 tid 105961
365 2 tid 105961
211 tid 105961
Remove  tid 105961
FindTargetPageId rootid 3 tid 105960
target_page_id id: 1 tid 105960
0 1 tid 105960
365 2 tid 105960
211 tid 105960
Insert  tid 105960
FindTargetPageId rootid 3 tid 105962
target_page_id id: 1 tid 105962
0 1 tid 105962
365 2 tid 105962
211 tid 105962
Insert  tid 105962
FindTargetPageId rootid 3 tid 105961
target_page_id id: 1 tid 105961
0 1 tid 105961
365 2 tid 105961
212 tid 105961
Remove  tid 105961
FindTargetPageId rootid 3 tid 105960
target_page_id id: 1 tid 105960
0 1 tid 105960
365 2 tid 105960
212 tid 105960
Insert  tid 105960
FindTargetPageId rootid 3 tid 105962
target_page_id id: 1 tid 105962
0 1 tid 105962
365 2 tid 105962
212 tid 105962
Insert  tid 105962
FindTargetPageId rootid 3 tid 105961
target_page_id id: 1 tid 105961
0 1 tid 105961
365 2 tid 105961
213 tid 105961
Remove  tid 105961
FindTargetPageId rootid 3 tid 105961
target_page_id id: 1 tid 105961
0 1 tid 105961
365 2 tid 105961
213 tid 105961
FindTargetPageId rootid 3 tid 105962
target_page_id id: 1 tid 105962
0 1 tid 105962
365 2 tid 105962
213 tid 105962
Remove  tid 105961
FindTargetPageId rootid 3 tid 105960
target_page_id id: 1 tid 105960
0 1 tid 105960
365 2 tid 105960
Insert 214 tid 105960
 tid 105962
FindTargetPageId rootid 3 tid 105961
target_page_id id: 1 tid 105961
0 1 tid 105961
Insert  tid 105960
365 2 tid 105961
214 tid 105961
Remove  tid 105961
FindTargetPageId rootid 3 tid 105962
target_page_id id: 1 tid 105962
0 1 tid 105962
365 2 tid 105962
214 tid 105962
Insert  tid 105962
FindTargetPageId rootid 3 tid 105960
target_page_id id: 1 tid 105960
0 1 tid 105960
365 2 tid 105960
215 tid 105960
Insert  tid 105960
FindTargetPageId rootid 3 tid 105961
target_page_id id: 1 tid 105961
0 1 tid 105961
365 2 tid 105961
215 tid 105961
Remove  tid 105961
FindTargetPageId rootid 3 tid 105961
target_page_id id: 1 tid 105961
0 1 tid 105961
365 2 tid 105961
215 tid 105961
Remove  tid 105961
FindTargetPageId rootid 3 tid 105961
target_page_id id: 1 tid 105961
0 1 tid 105961
365 2 tid 105961
215 tid 105961
Remove  tid 105961
FindTargetPageId rootid 3 tid 105960
target_page_id id: 1 tid 105960
0 1 tid 105960
365 2 tid 105960
215 tid 105960
Insert  tid 105960
FindTargetPageId rootid 3 tid 105962
target_page_id id: 1 tid 105962
0 1 tid 105962
365 2 tid 105962
215 tid 105962
Insert  tid 105962
FindTargetPageId rootid 3 tid 105961
target_page_id id: 1 tid 105961
0 1 tid 105961
365 2 tid 105961
216 tid 105961
Remove  tid 105961
FindTargetPageId rootid 3 tid 105960
target_page_id id: 1 tid 105960
0 1 tid 105960
365 2 tid 105960
216 tid 105960
Insert  tid 105960
FindTargetPageId rootid 3 tid 105962
target_page_id id: 1 tid 105962
0 1 tid 105962
365 2 tid 105962
216 tid 105962
Insert  tid 105962
FindTargetPageId rootid 3 tid 105961
target_page_id id: 1 tid 105961
0 1 tid 105961
365 2 tid 105961
217 tid 105961
Remove  tid 105961
FindTargetPageId rootid 3 tid 105960
target_page_id id: 1 tid 105960
0 1 tid 105960
365 2 tid 105960
217 tid 105960
Insert  tid 105960
FindTargetPageId rootid 3 tid 105962
target_page_id id: 1 tid 105962
0 1 tid 105962
365 2 tid 105962
217 tid 105962
Insert  tid 105962
FindTargetPageId rootid 3 tid 105961
target_page_id id: 1 tid 105961
0 1 tid 105961
365 2 tid 105961
218 tid 105961
Remove  tid 105961
FindTargetPageId rootid 3 tid 105960
target_page_id id: 1 tid 105960
0 1 tid 105960
365 2 tid 105960
218 tid 105960
Insert  tid 105960
FindTargetPageId rootid 3 tid 105962
target_page_id id: 1 tid 105962
0 1 tid 105962
365 2 tid 105962
218 tid 105962
Insert  tid 105962
FindTargetPageId rootid 3 tid 105961
target_page_id id: 1 tid 105961
0 1 tid 105961
365 2 tid 105961
219 tid 105961
Remove  tid 105961
FindTargetPageId rootid 3 tid 105960
target_page_id id: 1 tid 105960
0 1 tid 105960
365 2 tid 105960
219 tid 105960
Insert  tid 105960
FindTargetPageId rootid 3 tid 105962
target_page_id id: 1 tid 105962
0 1 tid 105962
365 2 tid 105962
219 tid 105962
Insert  tid 105962
FindTargetPageId rootid 3 tid 105961
target_page_id id: 1 tid 105961
0 1 tid 105961
365 2 tid 105961
220 tid 105961
Remove  tid 105961
FindTargetPageId rootid 3 tid 105960
target_page_id id: 1 tid 105960
0 1 tid 105960
365 2 tid 105960
220 tid 105960
Insert  tid 105960
FindTargetPageId rootid 3 tid 105962
target_page_id id: 1 tid 105962
0 1 tid 105962
365 2 tid 105962
220 tid 105962
Insert  tid 105962
FindTargetPageId rootid 3 tid 105961
target_page_id id: 1 tid 105961
0 1 tid 105961
365 2 tid 105961
221 tid 105961
Remove  tid 105961
FindTargetPageId rootid 3 tid 105960
target_page_id id: 1 tid 105960
0 1 tid 105960
365 2 tid 105960
221 tid 105960
Insert  tid 105960
FindTargetPageId rootid 3 tid 105962
target_page_id id: 1 tid 105962
0 1 tid 105962
365 2 tid 105962
221 tid 105962
Insert  tid 105962
FindTargetPageId rootid 3 tid 105961
target_page_id id: 1 tid 105961
0 1 tid 105961
365 2 tid 105961
222 tid 105961
Remove  tid 105961
FindTargetPageId rootid 3 tid 105960
target_page_id id: 1 tid 105960
0 1 tid 105960
365 2 tid 105960
222 tid 105960
Insert  tid 105960
FindTargetPageId rootid 3 tid 105960
target_page_id id: 1 tid 105960
0 1 tid 105960
365 2 tid 105960
222 tid 105960
Insert  tid 105960
FindTargetPageId rootid 3 tid 105960
target_page_id id: 1 tid 105960
0 1 tid 105960
365 2 tid 105960
222 tid 105960
Insert  tid 105960
FindTargetPageId rootid 3 tid 105962
target_page_id id: 1 tid 105962
0 1 tid 105962
365 2 tid 105962
222 tid 105962
FindTargetPageId rootid 3 tid 105961
target_page_id id: 1 tid 105961
0 1 tid 105961
365 2 tid 105961
Insert 223 tid 105961 tid 
105962
Remove  tid 105961
FindTargetPageId rootid 3 tid 105960
target_page_id id: 1 tid 105960
0 1 tid 105960
365 2 tid 105960
223 tid 105960
Insert  tid 105960
FindTargetPageId rootid 3 tid 105962
target_page_id id: 1 tid 105962
0 1 tid 105962
365 2 tid 105962
223 tid 105962
Insert  tid 105962
FindTargetPageId rootid 3 tid 105962
target_page_id id: 1 tid 105962
0 1 tid 105962
365 2 tid 105962
224 tid 105962
Insert  tid 105962
FindTargetPageId rootid 3 tid 105960
target_page_id id: 1 tid 105960
0 1 tid 105960
365 2 tid 105960
225 tid 105960
Insert  tid 105960
FindTargetPageId rootid 3 tid 105961
target_page_id id: 1 tid 105961
0 1 tid 105961
365 2 tid 105961
225 tid 105961
Remove  tid 105961
FindTargetPageId rootid 3 tid 105961
target_page_id id: 1 tid 105961
0 1 tid 105961
365 2 tid 105961
225 tid 105961
Remove  tid 105961
FindTargetPageId rootid 3 tid 105961
target_page_id id: 1 tid 105961
0 1 tid 105961
365 2 tid 105961
225 tid 105961
Remove  tid 105961
FindTargetPageId rootid 3 tid 105962
target_page_id id: 1 tid 105962
0 1 tid 105962
365 2 tid 105962
225 tid 105962
Insert  tid 105962
FindTargetPageId rootid 3 tid 105962
target_page_id id: 1 tid 105962
0 1 tid 105962
365 2 tid 105962
226 tid 105962
Insert  tid 105962
FindTargetPageId rootid 3 tid 105962
target_page_id id: 1 tid 105962
0 1 tid 105962
365 2 tid 105962
227 tid 105962
Insert  tid 105962
FindTargetPageId rootid 3 tid 105962
target_page_id id: 1 tid 105962
0 1 tid 105962
365 2 tid 105962
228 tid 105962
Insert  tid 105962
FindTargetPageId rootid 3 tid 105962
target_page_id id: 1 tid 105962
0 1 tid 105962
365 2 tid 105962
229 tid 105962
Insert  tid 105962
FindTargetPageId rootid 3 tid 105962
target_page_id id: 1 tid 105962
0 1 tid 105962
365 2 tid 105962
230 tid 105962
Insert  tid 105962
FindTargetPageId rootid 3 tid 105961
target_page_id id: 1 tid 105961
0 1 tid 105961
365 2 tid 105961
231 tid 105961
Remove  tid 105961
FindTargetPageId rootid 3 tid 105960
target_page_id id: 1 tid 105960
0 1 tid 105960
365 2 tid 105960
231 tid 105960
Insert  tid 105960
FindTargetPageId rootid 3 tid 105962
target_page_id id: 1 tid 105962
0 1 tid 105962
365 2 tid 105962
231 tid 105962
Insert  tid 105962
FindTargetPageId rootid 3 tid 105961
target_page_id id: 1 tid 105961
0 1 tid 105961
365 2 tid 105961
232 tid 105961
Remove  tid 105961
FindTargetPageId rootid 3 tid 105960
target_page_id id: 1 tid 105960
0 1 tid 105960
365 2 tid 105960
232 tid 105960
Insert  tid 105960
FindTargetPageId rootid 3 tid 105960
target_page_id id: 1 tid 105960
0 1 tid 105960
365 2 tid 105960
232 tid 105960
Insert  tid 105960
FindTargetPageId rootid 3 tid 105961
target_page_id id: 1 tid 105961
0 1 tid 105961
365 2 tid 105961
232 tid 105961
Remove  tid 105961
FindTargetPageId rootid 3 tid 105962
target_page_id id: 1 tid 105962
0 1 tid 105962
365 2 tid 105962
232 tid 105962
Insert  tid 105962
FindTargetPageId rootid 3 tid 105960
target_page_id id: 1 tid 105960
0 1 tid 105960
365 2 tid 105960
233 tid 105960
Insert  tid 105960
FindTargetPageId rootid 3 tid 105961
target_page_id id: 1 tid 105961
0 1 tid 105961
365 2 tid 105961
233 tid 105961
Remove  tid 105961
FindTargetPageId rootid 3 tid 105962
target_page_id id: 1 tid 105962
0 1 tid 105962
365 2 tid 105962
233 tid 105962
Insert  tid 105962
FindTargetPageId rootid 3 tid 105960
target_page_id id: 1 tid 105960
0 1 tid 105960
365 2 tid 105960
234 tid 105960
Insert  tid 105960
FindTargetPageId rootid 3 tid 105961
target_page_id id: 1 tid 105961
0 1 tid 105961
365 2 tid 105961
234 tid 105961
Remove  tid 105961
FindTargetPageId rootid 3 tid 105962
target_page_id id: 1 tid 105962
0 1 tid 105962
365 2 tid 105962
234 tid 105962
Insert  tid 105962
FindTargetPageId rootid 3 tid 105960
target_page_id id: 1 tid 105960
0 1 tid 105960
365 2 tid 105960
235 tid 105960
Insert  tid 105960
FindTargetPageId rootid 3 tid 105961
target_page_id id: 1 tid 105961
0 1 tid 105961
365 2 tid 105961
235 tid 105961
Remove  tid 105961
FindTargetPageId rootid 3 tid 105962
target_page_id id: 1 tid 105962
0 1 tid 105962
365 2 tid 105962
235 tid 105962
Insert  tid 105962
FindTargetPageId rootid 3 tid 105960
target_page_id id: 1 tid 105960
0 1 tid 105960
365 2 tid 105960
236 tid 105960
Insert  tid 105960
FindTargetPageId rootid 3 tid 105961
target_page_id id: 1 tid 105961
0 1 tid 105961
365 2 tid 105961
236 tid 105961
Remove  tid 105961
FindTargetPageId rootid 3 tid 105962
target_page_id id: 1 tid 105962
0 1 tid 105962
365 2 tid 105962
236 tid 105962
Insert  tid 105962
FindTargetPageId rootid 3 tid 105960
target_page_id id: 1 tid 105960
0 1 tid 105960
365 2 tid 105960
237 tid 105960
Insert  tid 105960
FindTargetPageId rootid 3 tid 105960
target_page_id id: 1 tid 105960
0 1 tid 105960
365 2 tid 105960
237 tid 105960
Insert  tid 105960
FindTargetPageId rootid 3 tid 105962
target_page_id id: 1 tid 105962
0 1 tid 105962
365 2 tid 105962
237 tid 105962
Insert  tid 105962
FindTargetPageId rootid 3 tid 105961
target_page_id id: 1 tid 105961
0 1 tid 105961
365 2 tid 105961
238 tid 105961
Remove  tid 105961
FindTargetPageId rootid 3 tid 105960
target_page_id id: 1 tid 105960
0 1 tid 105960
365 2 tid 105960
238 tid 105960
Insert  tid 105960
FindTargetPageId rootid 3 tid 105962
target_page_id id: 1 tid 105962
0 1 tid 105962
365 2 tid 105962
238 tid 105962
Insert  tid 105962
FindTargetPageId rootid 3 tid 105961
target_page_id id: 1 tid 105961
0 1 tid 105961
365 2 tid 105961
239 tid 105961
Remove  tid 105961
FindTargetPageId rootid 3 tid 105960
target_page_id id: 1 tid 105960
0 1 tid 105960
365 2 tid 105960
239 tid 105960
FindTargetPageId rootid 3 tid 105962
Insert  tid 105960
target_page_id id: 1 tid 105962
0 1 tid 105962
365 2 tid 105962
239 tid 105962
Insert  tid 105962
FindTargetPageId rootid 3 tid 105962
target_page_id id: 1 tid 105962
0 1 tid 105962
365 2 tid 105962
240 tid 105962
Insert  tid 105962
FindTargetPageId rootid 3 tid 105962
target_page_id id: 1 tid 105962
0 1 tid 105962
365 2 tid 105962
241 tid 105962
Insert  tid 105962
FindTargetPageId rootid 3 tid 105961
target_page_id id: 1 tid 105961
0 1 tid 105961
365 2 tid 105961
242 tid 105961
Remove  tid 105961
FindTargetPageId rootid 3 tid 105960
target_page_id id: 1 tid 105960
0 1 tid 105960
365 2 tid 105960
242 tid 105960
Insert  tid 105960
FindTargetPageId rootid 3 tid 105960
target_page_id id: 1 tid 105960
0 1 tid 105960
365 2 tid 105960
242 tid 105960
Insert  tid 105960
FindTargetPageId rootid 3 tid 105961
target_page_id id: 1 tid 105961
0 1 tid 105961
365 2 tid 105961
242 tid 105961
Remove  tid 105961
FindTargetPageId rootid 3 tid 105962
target_page_id id: 1 tid 105962
0 1 tid 105962
365 2 tid 105962
242 tid 105962
Insert  tid 105962
FindTargetPageId rootid 3 tid 105960
target_page_id id: 1 tid 105960
0 1 tid 105960
365 2 tid 105960
243 tid 105960
Insert  tid 105960
FindTargetPageId rootid 3 tid 105961
target_page_id id: 1 tid 105961
0 1 tid 105961
365 2 tid 105961
243 tid 105961
Remove  tid 105961
FindTargetPageId rootid 3 tid 105962
target_page_id id: 1 tid 105962
0 1 tid 105962
365 2 tid 105962
243 tid 105962
Insert  tid 105962
FindTargetPageId rootid 3 tid 105962
target_page_id id: 1 tid 105962
0 1 tid 105962
365 2 tid 105962
244 tid 105962
Insert  tid 105962
FindTargetPageId rootid 3 tid 105961
target_page_id id: 1 tid 105961
0 1 tid 105961
365 2 tid 105961
245 tid 105961
Remove  tid 105961
FindTargetPageId rootid 3 tid 105960
target_page_id id: 1 tid 105960
0 1 tid 105960
365 2 tid 105960
245 tid 105960
Insert  tid 105960
FindTargetPageId rootid 3 tid 105960
target_page_id id: 1 tid 105960
0 1 tid 105960
365 2 tid 105960
245 tid 105960
Insert  tid 105960
FindTargetPageId rootid 3 tid 105962
target_page_id id: 1 tid 105962
0 1 tid 105962
365 2 tid 105962
245 tid 105962
Insert  tid 105962
FindTargetPageId rootid 3 tid 105961
target_page_id id: 1 tid 105961
0 1 tid 105961
365 2 tid 105961
246 tid 105961
Remove  tid 105961
FindTargetPageId rootid 3 tid 105960
target_page_id id: 1 tid 105960
0 1 tid 105960
365 2 tid 105960
246 tid 105960
Insert  tid 105960
FindTargetPageId rootid 3 tid 105962
target_page_id id: 1 tid 105962
0 1 tid 105962
365 2 tid 105962
246 tid 105962
Insert  tid 105962
FindTargetPageId rootid 3 tid 105961
target_page_id id: 1 tid 105961
0 1 tid 105961
365 2 tid 105961
247 tid 105961
Remove  tid 105961
FindTargetPageId rootid 3 tid 105960
target_page_id id: 1 tid 105960
0 1 tid 105960
365 2 tid 105960
247 tid 105960
Insert  tid 105960
FindTargetPageId rootid 3 tid 105962
target_page_id id: 1 tid 105962
0 1 tid 105962
365 2 tid 105962
247 tid 105962
Insert  tid 105962
FindTargetPageId rootid 3 tid 105961
target_page_id id: 1 tid 105961
0 1 tid 105961
365 2 tid 105961
248 tid 105961
Remove  tid 105961
FindTargetPageId rootid 3 tid 105960
target_page_id id: 1 tid 105960
0 1 tid 105960
365 2 tid 105960
248 tid 105960
Insert  tid 105960
FindTargetPageId rootid 3 tid 105962
target_page_id id: 1 tid 105962
0 1 tid 105962
365 2 tid 105962
248 tid 105962
Insert  tid 105962
FindTargetPageId rootid 3 tid 105961
target_page_id id: 1 tid 105961
0 1 tid 105961
365 2 tid 105961
249 tid 105961
Remove  tid 105961
FindTargetPageId rootid 3 tid 105960
target_page_id id: 1 tid 105960
0 1 tid 105960
365 2 tid 105960
249 tid 105960
Insert  tid 105960
FindTargetPageId rootid 3 tid 105962
target_page_id id: 1 tid 105962
0 1 tid 105962
365 2 tid 105962
249 tid 105962
Insert  tid 105962
FindTargetPageId rootid 3 tid 105962
target_page_id id: 1 tid 105962
0 1 tid 105962
365 2 tid 105962
250 tid 105962
Insert  tid 105962
FindTargetPageId rootid 3 tid 105960
target_page_id id: 1 tid 105960
0 1 tid 105960
365 2 tid 105960
251 tid 105960
Insert  tid 105960
FindTargetPageId rootid 3 tid 105961
target_page_id id: 1 tid 105961
0 1 tid 105961
365 2 tid 105961
251 tid 105961
Remove  tid 105961
FindTargetPageId rootid 3 tid 105962
target_page_id id: 1 tid 105962
0 1 tid 105962
365 2 tid 105962
251 tid 105962
Insert  tid 105962
FindTargetPageId rootid 3 tid 105960
target_page_id id: 1 tid 105960
0 1 tid 105960
365 2 tid 105960
252 tid 105960
Insert  tid 105960
FindTargetPageId rootid 3 tid 105961
target_page_id id: 1 tid 105961
0 1 tid 105961
365 2 tid 105961
252 tid 105961
Remove  tid 105961
FindTargetPageId rootid 3 tid 105961
target_page_id id: 1 tid 105961
0 1 tid 105961
365 2 tid 105961
252 tid 105961
Remove  tid 105961
FindTargetPageId rootid 3 tid 105961
target_page_id id: 1 tid 105961
0 1 tid 105961
365 2 tid 105961
252 tid 105961
Remove  tid 105961
FindTargetPageId rootid 3 tid 105960
target_page_id id: 1 tid 105960
0 1 tid 105960
365 2 tid 105960
252 tid 105960
Insert  tid 105960
FindTargetPageId rootid 3 tid 105962
target_page_id id: 1 tid 105962
0 1 tid 105962
365 2 tid 105962
252 tid 105962
Insert  tid 105962
FindTargetPageId rootid 3 tid 105962
target_page_id id: 1 tid 105962
0 1 tid 105962
365 2 tid 105962
253 tid 105962
Insert  tid 105962
FindTargetPageId rootid 3 tid 105962
target_page_id id: 1 tid 105962
0 1 tid 105962
365 2 tid 105962
254 tid 105962
Insert  tid 105962
FindTargetPageId rootid 3 tid 105961
target_page_id id: 4 tid 105961
0 1 tid 105961
130 4 tid 105961
365 2 tid 105961
128 tid 105961
Remove  tid 105961
FindTargetPageId rootid 3 tid 105960
target_page_id id: 4 tid 105960
0 1 tid 105960
130 4 tid 105960
365 2 tid 105960
128 tid 105960
Insert  tid 105960
FindTargetPageId rootid 3 tid 105962
target_page_id id: 4 tid 105962
0 1 tid 105962
130 4 tid 105962
365 2 tid 105962
128 tid 105962
Insert  tid 105962
FindTargetPageId rootid 3 tid 105961
target_page_id id: 4 tid 105961
0 1 tid 105961
130 4 tid 105961
365 2 tid 105961
129 tid 105961
Remove  tid 105961
FindTargetPageId rootid 3 tid 105960
target_page_id id: 4 tid 105960
0 1 tid 105960
130 4 tid 105960
365 2 tid 105960
129 tid 105960
Insert  tid 105960
FindTargetPageId rootid 3 tid 105962
target_page_id id: 4 tid 105962
0 1 tid 105962
130 4 tid 105962
365 2 tid 105962
129 tid 105962
Insert  tid 105962
FindTargetPageId rootid 3 tid 105961
target_page_id id: 4 tid 105961
0 1 tid 105961
130 4 tid 105961
365 2 tid 105961
130 tid 105961
Remove  tid 105961
FindTargetPageId rootid 3 tid 105960
target_page_id id: 4 tid 105960
0 1 tid 105960
130 4 tid 105960
365 2 tid 105960
130 tid 105960
Insert  tid 105960
FindTargetPageId rootid 3 tid 105962
target_page_id id: 4 tid 105962
0 1 tid 105962
130 4 tid 105962
365 2 tid 105962
130 tid 105962
Insert  tid 105962
FindTargetPageId rootid 3 tid 105961
target_page_id id: 4 tid 105961
0 1 tid 105961
130 4 tid 105961
365 2 tid 105961
131 tid 105961
Remove  tid 105961
FindTargetPageId rootid 3 tid 105960
target_page_id id: 4 tid 105960
0 1 tid 105960
130 4 tid 105960
365 2 tid 105960
131 tid 105960
FindTargetPageId rootid 3 tid Insert  tid 105962
target_page_id id: 4 tid 105962
0 1 tid 105962
130 4 tid 105962
365 2 tid 105962
105960
131 tid 105962
Insert  tid 105962
FindTargetPageId rootid 3 tid 105961
target_page_id id: 4 tid 105961
0 1 tid 105961
130 4 tid 105961
365 2 tid 105961
132 tid 105961
Remove  tid 105961
FindTargetPageId rootid 3 tid 105960
target_page_id id: 4 tid 105960
0 1 tid 105960
130 4 tid 105960
365 2 tid 105960
132 tid 105960
Insert  tid 105960
FindTargetPageId rootid 3 tid 105962
target_page_id id: 4 tid 105962
0 1 tid 105962
130 4 tid 105962
365 2 tid 105962
132 tid 105962
FindTargetPageId rootid 3 tid 105961
target_page_id id: 4 tid 105961
0 1 tid 105961
130 4 tid 105961
365 2 tid 105961
Insert  tid 133 tid 105961
105962
Remove  tid 105961
FindTargetPageId rootid 3 tid 105962
target_page_id id: 4 tid 105962
0 1 tid 105962
130 4 tid 105962
365 2 tid 105962
133 tid 105962
Insert  tid 105962
FindTargetPageId rootid 3 tid 105960
target_page_id id: 4 tid 105960
0 1 tid 105960
130 4 tid 105960
365 2 tid 105960
134 tid 105960
Insert  tid 105960
FindTargetPageId rootid 3 tid 105961
target_page_id id: 4 tid 105961
0 1 tid 105961
130 4 tid 105961
365 2 tid 105961
134 tid 105961
Remove  tid 105961
FindTargetPageId rootid 3 tid 105962
target_page_id id: 4 tid 105962
0 1 tid 105962
130 4 tid 105962
365 2 tid 105962
134 tid 105962
Insert  tid 105962
FindTargetPageId rootid 3 tid 105960
target_page_id id: 4 tid 105960
0 1 tid 105960
130 4 tid 105960
365 2 tid 105960
135 tid 105960
Insert  tid 105960
FindTargetPageId rootid 3 tid 105961
target_page_id id: 4 tid 105961
0 1 tid 105961
130 4 tid 105961
365 2 tid 105961
135 tid 105961
Remove  tid 105961
FindTargetPageId rootid 3 tid 105962
target_page_id id: 4 tid 105962
0 1 tid 105962
130 4 tid 105962
365 2 tid 105962
135 tid 105962
Insert  tid 105962
FindTargetPageId rootid 3 tid 105960
target_page_id id: 4 tid 105960
0 1 tid 105960
130 4 tid 105960
365 2 tid 105960
136 tid 105960
Insert  tid 105960
FindTargetPageId rootid 3 tid 105960
target_page_id id: 4 tid 105960
0 1 tid 105960
130 4 tid 105960
365 2 tid 105960
136 tid 105960
Insert  tid 105960
FindTargetPageId rootid 3 tid 105962
target_page_id id: 4 tid 105962
0 1 tid 105962
130 4 tid 105962
365 2 tid 105962
136 tid 105962
Insert  tid 105962
FindTargetPageId rootid 3 tid 105961
target_page_id id: 4 tid 105961
0 1 tid 105961
130 4 tid 105961
365 2 tid 105961
137 tid 105961
Remove  tid 105961
FindTargetPageId rootid 3 tid 105961
target_page_id id: 4 tid 105961
0 1 tid 105961
130 4 tid 105961
365 2 tid 105961
137 tid 105961
Remove  tid 105961
FindTargetPageId rootid 3 tid 105962
target_page_id id: 4 tid 105962
0 1 tid 105962
130 4 tid 105962
365 2 tid 105962
137 tid 105962
Insert  tid 105962
FindTargetPageId rootid 3 tid 105960
target_page_id id: 4 tid 105960
0 1 tid 105960
130 4 tid 105960
365 2 tid 105960
138 tid 105960
Insert  tid 105960
FindTargetPageId rootid 3 tid 105961
target_page_id id: 4 tid 105961
0 1 tid 105961
130 4 tid 105961
365 2 tid 105961
138 tid 105961
Remove  tid 105961
FindTargetPageId rootid 3 tid 105962
target_page_id id: 4 tid 105962
0 1 tid 105962
130 4 tid 105962
365 2 tid 105962
138 tid 105962
Insert  tid 105962
FindTargetPageId rootid 3 tid 105962
target_page_id id: 4 tid 105962
0 1 tid 105962
130 4 tid 105962
365 2 tid 105962
139 tid 105962
Insert  tid 105962
FindTargetPageId rootid 3 tid 105962
target_page_id id: 4 tid 105962
0 1 tid 105962
130 4 tid 105962
365 2 tid 105962
140 tid 105962
Insert  tid 105962
FindTargetPageId rootid 3 tid 105960
target_page_id id: 4 tid 105960
0 1 tid 105960
130 4 tid 105960
365 2 tid 105960
141 tid 105960
Insert  tid 105960
FindTargetPageId rootid 3 tid 105961
target_page_id id: 4 tid 105961
0 1 tid 105961
130 4 tid 105961
365 2 tid 105961
141 tid 105961
Remove  tid 105961
FindTargetPageId rootid 3 tid 105962
target_page_id id: 4 tid 105962
0 1 tid 105962
130 4 tid 105962
365 2 tid 105962
141 tid 105962
Insert  tid 105962
FindTargetPageId rootid 3 tid 105960
target_page_id id: 4 tid 105960
0 1 tid 105960
130 4 tid 105960
365 2 tid 105960
142 tid 105960
Insert  tid 105960
FindTargetPageId rootid 3 tid 105961
target_page_id id: 4 tid 105961
0 1 tid 105961
130 4 tid 105961
365 2 tid 105961
142 tid 105961
Remove  tid 105961
FindTargetPageId rootid 3 tid 105962
target_page_id id: 4 tid 105962
0 1 tid 105962
130 4 tid 105962
365 2 tid 105962
142 tid 105962
Insert  tid 105962
FindTargetPageId rootid 3 tid 105960
target_page_id id: 4 tid 105960
0 1 tid 105960
130 4 tid 105960
365 2 tid 105960
143 tid 105960
Insert  tid 105960
FindTargetPageId rootid 3 tid 105961
target_page_id id: 4 tid 105961
0 1 tid 105961
130 4 tid 105961
365 2 tid 105961
143 tid 105961
Remove  tid 105961
FindTargetPageId rootid 3 tid 105962
target_page_id id: 4 tid 105962
0 1 tid 105962
130 4 tid 105962
365 2 tid 105962
143 tid 105962
Insert  tid 105962
FindTargetPageId rootid 3 tid 105960
target_page_id id: 4 tid 105960
0 1 tid 105960
130 4 tid 105960
365 2 tid 105960
144 tid 105960
Insert  tid 105960
FindTargetPageId rootid 3 tid 105961
target_page_id id: 4 tid 105961
0 1 tid 105961
130 4 tid 105961
365 2 tid 105961
144 tid 105961
Remove  tid 105961
FindTargetPageId rootid 3 tid 105961
target_page_id id: 4 tid 105961
0 1 tid 105961
130 4 tid 105961
365 2 tid 105961
144 tid 105961
Remove  tid 105961
FindTargetPageId rootid 3 tid 105961
target_page_id id: 4 tid 105961
0 1 tid 105961
130 4 tid 105961
365 2 tid 105961
144 tid 105961
Remove  tid 105961
FindTargetPageId rootid 3 tid 105961
target_page_id id: 4 tid 105961
0 1 tid 105961
130 4 tid 105961
365 2 tid 105961
144 tid 105961
Remove  tid 105961
FindTargetPageId rootid 3 tid 105961
target_page_id id: 4 tid 105961
0 1 tid 105961
130 4 tid 105961
365 2 tid 105961
144 tid 105961
Remove  tid 105961
FindTargetPageId rootid 3 tid 105961
target_page_id id: 4 tid 105961
0 1 tid 105961
130 4 tid 105961
365 2 tid 105961
144 tid 105961
Remove  tid 105961
FindTargetPageId rootid 3 tid 105961
target_page_id id: 4 tid 105961
0 1 tid 105961
130 4 tid 105961
365 2 tid 105961
144 tid 105961
Remove  tid 105961
FindTargetPageId rootid 3 tid 105961
target_page_id id: 4 tid 105961
0 1 tid 105961
130 4 tid 105961
365 2 tid 105961
144 tid 105961
Remove  tid 105961
FindTargetPageId rootid 3 tid 105961
target_page_id id: 4 tid 105961
0 1 tid 105961
130 4 tid 105961
365 2 tid 105961
144 tid 105961
Remove  tid 105961
FindTargetPageId rootid 3 tid 105960
target_page_id id: 4 tid 105960
0 1 tid 105960
130 4 tid 105960
365 2 tid 105960
144 tid 105960
Insert  tid 105960
FindTargetPageId rootid 3 tid 105960
target_page_id id: 4 tid 105960
0 1 tid 105960
130 4 tid 105960
365 2 tid 105960
144 tid 105960
Insert  tid 105960
FindTargetPageId rootid 3 tid 105960
target_page_id id: 4 tid 105960
0 1 tid 105960
130 4 tid 105960
365 2 tid 105960
144 tid 105960
Insert  tid 105960
FindTargetPageId rootid 3 tid 105960
target_page_id id: 4 tid 105960
0 1 tid 105960
130 4 tid 105960
365 2 tid 105960
144 tid 105960
Insert  tid 105960
FindTargetPageId rootid 3 tid 105960
target_page_id id: 4 tid 105960
0 1 tid 105960
130 4 tid 105960
365 2 tid 105960
144 tid 105960
Insert  tid 105960
FindTargetPageId rootid 3 tid 105960
target_page_id id: 4 tid 105960
0 1 tid 105960
130 4 tid 105960
365 2 tid 105960
144 tid 105960
Insert  tid 105960
FindTargetPageId rootid 3 tid 105961
target_page_id id: 4 tid 105961
0 1 tid 105961
130 4 tid 105961
365 2 tid 105961
144 tid 105961
Remove  tid 105961
FindTargetPageId rootid 3 tid 105961
target_page_id id: 4 tid 105961
0 1 tid 105961
130 4 tid 105961
365 2 tid 105961
144 tid 105961
Remove  tid 105961
FindTargetPageId rootid 3 tid 105961
target_page_id id: 4 tid 105961
0 1 tid 105961
130 4 tid 105961
365 2 tid 105961
144 tid 105961
Remove  tid 105961
FindTargetPageId rootid 3 tid 105961
target_page_id id: 4 tid 105961
0 1 tid 105961
130 4 tid 105961
365 2 tid 105961
144 tid 105961
Remove  tid 105961
FindTargetPageId rootid 3 tid 105961
target_page_id id: 4 tid 105961
0 1 tid 105961
130 4 tid 105961
365 2 tid 105961
144 tid 105961
Remove  tid 105961
FindTargetPageId rootid 3 tid 105961
target_page_id id: 4 tid 105961
0 1 tid 105961
130 4 tid 105961
365 2 tid 105961
144 tid 105961
Remove  tid 105961
FindTargetPageId rootid 3 tid 105961
target_page_id id: 4 tid 105961
0 1 tid 105961
130 4 tid 105961
365 2 tid 105961
144 tid 105961
Remove  tid 105961
FindTargetPageId rootid 3 tid 105962
target_page_id id: 4 tid 105962
0 1 tid 105962
130 4 tid 105962
365 2 tid 105962
144 tid 105962
Insert  tid 105962
FindTargetPageId rootid 3 tid 105962
target_page_id id: 4 tid 105962
0 1 tid 105962
130 4 tid 105962
365 2 tid 105962
145 tid 105962
Insert  tid 105962
FindTargetPageId rootid 3 tid 105962
target_page_id id: 4 tid 105962
0 1 tid 105962
130 4 tid 105962
365 2 tid 105962
146 tid 105962
Insert  tid 105962
FindTargetPageId rootid 3 tid 105962
target_page_id id: 4 tid 105962
0 1 tid 105962
130 4 tid 105962
365 2 tid 105962
147 tid 105962
Insert  tid 105962
FindTargetPageId rootid 3 tid 105962
target_page_id id: 4 tid 105962
0 1 tid 105962
130 4 tid 105962
365 2 tid 105962
148 tid 105962
Insert  tid 105962
FindTargetPageId rootid 3 tid 105962
target_page_id id: 4 tid 105962
0 1 tid 105962
130 4 tid 105962
365 2 tid 105962
149 tid 105962
Insert  tid 105962
FindTargetPageId rootid 3 tid 105962
target_page_id id: 4 tid 105962
0 1 tid 105962
130 4 tid 105962
365 2 tid 105962
150 tid 105962
Insert  tid 105962
FindTargetPageId rootid 3 tid 105962
target_page_id id: 4 tid 105962
0 1 tid 105962
130 4 tid 105962
365 2 tid 105962
151 tid 105962
Insert  tid 105962
FindTargetPageId rootid 3 tid 105962
target_page_id id: 4 tid 105962
0 1 tid 105962
130 4 tid 105962
365 2 tid 105962
152 tid 105962
Insert  tid 105962
FindTargetPageId rootid 3 tid 105961
target_page_id id: 4 tid 105961
0 1 tid 105961
130 4 tid 105961
365 2 tid 105961
153 tid 105961
Remove  tid 105961
FindTargetPageId rootid 3 tid 105961
target_page_id id: 4 tid 105961
0 1 tid 105961
130 4 tid 105961
365 2 tid 105961
153 tid 105961
Remove  tid 105961
FindTargetPageId rootid 3 tid 105961
target_page_id id: 4 tid 105961
0 1 tid 105961
130 4 tid 105961
365 2 tid 105961
153 tid 105961
Remove  tid 105961
FindTargetPageId rootid 3 tid 105961
target_page_id id: 4 tid 105961
0 1 tid 105961
130 4 tid 105961
365 2 tid 105961
153 tid 105961
Remove  tid 105961
FindTargetPageId rootid 3 tid 105960
target_page_id id: 4 tid 105960
0 1 tid 105960
130 4 tid 105960
365 2 tid 105960
153 tid 105960
Insert  tid 105960
FindTargetPageId rootid 3 tid 105962
target_page_id id: 4 tid 105962
0 1 tid 105962
130 4 tid 105962
365 2 tid 105962
153 tid 105962
Insert  tid 105962
FindTargetPageId rootid 3 tid 105962
target_page_id id: 4 tid 105962
0 1 tid 105962
130 4 tid 105962
365 2 tid 105962
154 tid 105962
Insert  tid 105962
FindTargetPageId rootid 3 tid 105960
target_page_id id: 4 tid 105960
0 1 tid 105960
130 4 tid 105960
365 2 tid 105960
155 tid 105960
Insert  tid 105960
FindTargetPageId rootid 3 tid 105960
target_page_id id: 4 tid 105960
0 1 tid 105960
130 4 tid 105960
365 2 tid 105960
155 tid 105960
Insert  tid 105960
FindTargetPageId rootid 3 tid 105960
target_page_id id: 4 tid 105960
0 1 tid 105960
130 4 tid 105960
365 2 tid 105960
155 tid 105960
Insert  tid 105960
FindTargetPageId rootid 3 tid 105960
target_page_id id: 4 tid 105960
0 1 tid 105960
130 4 tid 105960
365 2 tid 105960
155 tid 105960
Insert  tid 105960
FindTargetPageId rootid 3 tid 105960
target_page_id id: 4 tid 105960
0 1 tid 105960
130 4 tid 105960
365 2 tid 105960
155 tid 105960
Insert  tid 105960
FindTargetPageId rootid 3 tid 105961
target_page_id id: 4 tid 105961
0 1 tid 105961
130 4 tid 105961
365 2 tid 105961
155 tid 105961
Remove  tid 105961
FindTargetPageId rootid 3 tid 105962
target_page_id id: 4 tid 105962
0 1 tid 105962
130 4 tid 105962
365 2 tid 105962
155 tid 105962
Insert  tid 105962
FindTargetPageId rootid 3 tid 105960
target_page_id id: 4 tid 105960
0 1 tid 105960
130 4 tid 105960
365 2 tid 105960
156 tid 105960
Insert  tid 105960
FindTargetPageId rootid 3 tid 105961
target_page_id id: 4 tid 105961
0 1 tid 105961
130 4 tid 105961
365 2 tid 105961
156 tid 105961
Remove  tid 105961
FindTargetPageId rootid 3 tid 105962
target_page_id id: 4 tid 105962
0 1 tid 105962
130 4 tid 105962
365 2 tid 105962
156 tid 105962
Insert  tid 105962
FindTargetPageId rootid 3 tid 105960
target_page_id id: 4 tid 105960
0 1 tid 105960
130 4 tid 105960
365 2 tid 105960
157 tid 105960
Insert  tid 105960
FindTargetPageId rootid 3 tid 105961
target_page_id id: 4 tid 105961
0 1 tid 105961
130 4 tid 105961
365 2 tid 105961
157 tid 105961
Remove  tid 105961
FindTargetPageId rootid 3 tid 105962
target_page_id id: 4 tid 105962
0 1 tid 105962
130 4 tid 105962
365 2 tid 105962
157 tid 105962
Insert  tid 105962
FindTargetPageId rootid 3 tid 105960
target_page_id id: 4 tid 105960
0 1 tid 105960
130 4 tid 105960
365 2 tid 105960
158 tid 105960
Insert  tid 105960
FindTargetPageId rootid 3 tid 105961
target_page_id id: 4 tid 105961
0 1 tid 105961
130 4 tid 105961
365 2 tid 105961
158 tid 105961
Remove  tid 105961
FindTargetPageId rootid 3 tid 105962
target_page_id id: 4 tid 105962
0 1 tid 105962
130 4 tid 105962
365 2 tid 105962
158 tid 105962
Insert  tid 105962
FindTargetPageId rootid 3 tid 105960
target_page_id id: 4 tid 105960
0 1 tid 105960
130 4 tid 105960
365 2 tid 105960
159 tid 105960
Insert  tid 105960
FindTargetPageId rootid 3 tid 105961
target_page_id id: 4 tid 105961
0 1 tid 105961
130 4 tid 105961
365 2 tid 105961
159 tid 105961
Remove  tid 105961
FindTargetPageId rootid 3 tid 105962
target_page_id id: 4 tid 105962
0 1 tid 105962
130 4 tid 105962
365 2 tid 105962
159 tid 105962
Insert  tid 105962
FindTargetPageId rootid 3 tid 105960
target_page_id id: 4 tid 105960
0 1 tid 105960
130 4 tid 105960
365 2 tid 105960
160 tid 105960
Insert  tid 105960
FindTargetPageId rootid 3 tid 105961
target_page_id id: 4 tid 105961
0 1 tid 105961
130 4 tid 105961
365 2 tid 105961
160 tid 105961
Remove  tid 105961
FindTargetPageId rootid 3 tid 105962
target_page_id id: 4 tid 105962
0 1 tid 105962
130 4 tid 105962
365 2 tid 105962
160 tid 105962
FindTargetPageId rootid Insert 3 tid  tid 105960
105962target_page_id id: 4 tid 105960
0 1 tid 105960
130 4 tid 105960
365 2 tid 105960
161 tid 105960
Insert  tid 105960
FindTargetPageId rootid 3 tid 105960

target_page_id id: 4 tid 105960
0 1 tid 105960
130 4 tid 105960
365 2 tid 105960
161 tid 105960
Insert  tid 105960
FindTargetPageId rootid 3 tid 105961
target_page_id id: 4 tid 105961
0 1 tid 105961
130 4 tid 105961
365 2 tid 105961
161 tid 105961
Remove  tid 105961
FindTargetPageId rootid 3 tid 105961
target_page_id id: 4 tid 105961
0 1 tid 105961
130 4 tid 105961
365 2 tid 105961
161 tid 105961
Remove  tid 105961
FindTargetPageId rootid 3 tid 105960
target_page_id id: 4 tid 105960
0 1 tid 105960
130 4 tid 105960
365 2 tid 105960
161 tid 105960
Insert  tid 105960
FindTargetPageId rootid 3 tid 105962
target_page_id id: 4 tid 105962
0 1 tid 105962
130 4 tid 105962
365 2 tid 105962
161 tid 105962
Insert  tid 105962
FindTargetPageId rootid 3 tid 105961
target_page_id id: 4 tid 105961
0 1 tid 105961
130 4 tid 105961
365 2 tid 105961
162 tid 105961
Remove  tid 105961
FindTargetPageId rootid 3 tid 105960
target_page_id id: 4 tid 105960
0 1 tid 105960
130 4 tid 105960
365 2 tid 105960
162 tid 105960
Insert  tid 105960
FindTargetPageId rootid 3 tid 105962
target_page_id id: 4 tid 105962
0 1 tid 105962
130 4 tid 105962
365 2 tid 105962
162 tid 105962
Insert  tid 105962
FindTargetPageId rootid 3 tid 105962
target_page_id id: 4 tid 105962
0 1 tid 105962
130 4 tid 105962
365 2 tid 105962
163 tid 105962
Insert  tid 105962
FindTargetPageId rootid 3 tid 105962
target_page_id id: 4 tid 105962
0 1 tid 105962
130 4 tid 105962
365 2 tid 105962
164 tid 105962
Insert  tid 105962
FindTargetPageId rootid 3 tid 105962
target_page_id id: 4 tid 105962
0 1 tid 105962
130 4 tid 105962
365 2 tid 105962
165 tid 105962
Insert  tid 105962
FindTargetPageId rootid 3 tid 105962
target_page_id id: 4 tid 105962
0 1 tid 105962
130 4 tid 105962
365 2 tid 105962
166 tid 105962
Insert  tid 105962
FindTargetPageId rootid 3 tid 105962
target_page_id id: 4 tid 105962
0 1 tid 105962
130 4 tid 105962
365 2 tid 105962
167 tid 105962
Insert  tid 105962
FindTargetPageId rootid 3 tid 105962
target_page_id id: 4 tid 105962
0 1 tid 105962
130 4 tid 105962
365 2 tid 105962
168 tid 105962
Insert  tid 105962
FindTargetPageId rootid 3 tid 105960
target_page_id id: 4 tid 105960
0 1 tid 105960
130 4 tid 105960
365 2 tid 105960
169 tid 105960
Insert  tid 105960
FindTargetPageId rootid 3 tid 105961
target_page_id id: 4 tid 105961
0 1 tid 105961
130 4 tid 105961
365 2 tid 105961
169 tid 105961
Remove  tid 105961
FindTargetPageId rootid 3 tid 105962
target_page_id id: 4 tid 105962
0 1 tid 105962
130 4 tid 105962
365 2 tid 105962
169 tid 105962
Insert  tid 105962
FindTargetPageId rootid 3 tid 105960
target_page_id id: 4 tid 105960
0 1 tid 105960
130 4 tid 105960
365 2 tid 105960
170 tid 105960
Insert  tid 105960
FindTargetPageId rootid 3 tid 105961
target_page_id id: 4 tid 105961
0 1 tid 105961
130 4 tid 105961
365 2 tid 105961
170 tid 105961
Remove  tid 105961
FindTargetPageId rootid 3 tid 105962
target_page_id id: 4 tid 105962
0 1 tid 105962
130 4 tid 105962
365 2 tid 105962
170 tid 105962
Insert  tid 105962
FindTargetPageId rootid 3 tid 105960
target_page_id id: 4 tid 105960
0 1 tid 105960
130 4 tid 105960
365 2 tid 105960
171 tid 105960
Insert  tid 105960
FindTargetPageId rootid 3 tid 105961
target_page_id id: 4 tid 105961
0 1 tid 105961
130 4 tid 105961
365 2 tid 105961
171 tid 105961
Remove  tid 105961
FindTargetPageId rootid 3 tid 105962
target_page_id id: 4 tid 105962
0 1 tid 105962
130 4 tid 105962
365 2 tid 105962
171 tid 105962
Insert  tid 105962
FindTargetPageId rootid 3 tid 105960
target_page_id id: 4 tid 105960
0 1 tid 105960
130 4 tid 105960
365 2 tid 105960
172 tid 105960
FindTargetPageId rootid 3 tid 105961
target_page_id id: 4 tid 105961
0 1 tid 105961
130 4 tid 105961
365 2 tid 105961
Insert  tid 105960
172 tid 105961
Remove  tid 105961
FindTargetPageId rootid 3 tid 105961
target_page_id id: 4 tid 105961
0 1 tid 105961
130 4 tid 105961
365 2 tid 105961
172 tid 105961
Remove  tid 105961
FindTargetPageId rootid 3 tid 105960
target_page_id id: 4 tid 105960
0 1 tid 105960
130 4 tid 105960
365 2 tid 105960
172 tid 105960
Insert  tid 105960
FindTargetPageId rootid 3 tid 105962
target_page_id id: 4 tid 105962
0 1 tid 105962
130 4 tid 105962
365 2 tid 105962
172 tid 105962
Insert  tid 105962
FindTargetPageId rootid 3 tid 105961
target_page_id id: 4 tid 105961
0 1 tid 105961
130 4 tid 105961
365 2 tid 105961
173 tid 105961
Remove  tid 105961
FindTargetPageId rootid 3 tid 105960
target_page_id id: 4 tid 105960
0 1 tid 105960
130 4 tid 105960
365 2 tid 105960
173 tid 105960
Insert  tid 105960
FindTargetPageId rootid 3 tid 105962
target_page_id id: 4 tid 105962
0 1 tid 105962
130 4 tid 105962
365 2 tid 105962
173 tid 105962
Insert  tid 105962
FindTargetPageId rootid 3 tid 105961
target_page_id id: 4 tid 105961
0 1 tid 105961
130 4 tid 105961
365 2 tid 105961
174 tid 105961
Remove  tid 105961
FindTargetPageId rootid 3 tid 105960
target_page_id id: 4 tid 105960
0 1 tid 105960
130 4 tid 105960
365 2 tid 105960
174 tid 105960
Insert  tid 105960
FindTargetPageId rootid 3 tid 105962
target_page_id id: 4 tid 105962
0 1 tid 105962
130 4 tid 105962
365 2 tid 105962
174 tid 105962
Insert  tid 105962
FindTargetPageId rootid 3 tid 105961
target_page_id id: 4 tid 105961
0 1 tid 105961
130 4 tid 105961
365 2 tid 105961
175 tid 105961
Remove  tid 105961
FindTargetPageId rootid 3 tid 105960
target_page_id id: 4 tid 105960
0 1 tid 105960
130 4 tid 105960
365 2 tid 105960
175 tid 105960
Insert  tid 105960
FindTargetPageId rootid 3 tid 105962
target_page_id id: 4 tid 105962
0 1 tid 105962
130 4 tid 105962
365 2 tid 105962
175 tid 105962
Insert  tid 105962
FindTargetPageId rootid 3 tid 105961
target_page_id id: 4 tid 105961
0 1 tid 105961
130 4 tid 105961
365 2 tid 105961
176 tid 105961
Remove  tid 105961
FindTargetPageId rootid 3 tid 105960
target_page_id id: 4 tid 105960
0 1 tid 105960
130 4 tid 105960
365 2 tid 105960
176 tid 105960
Insert  tid 105960
FindTargetPageId rootid 3 tid 105962
target_page_id id: 4 tid 105962
0 1 tid 105962
130 4 tid 105962
365 2 tid 105962
176 tid 105962
Insert  tid 105962
FindTargetPageId rootid 3 tid 105962
target_page_id id: 4 tid 105962
0 1 tid 105962
130 4 tid 105962
365 2 tid 105962
177 tid 105962
Insert  tid 105962
FindTargetPageId rootid 3 tid 105960
target_page_id id: 4 tid 105960
0 1 tid 105960
130 4 tid 105960
365 2 tid 105960
178 tid 105960
Insert  tid 105960
FindTargetPageId rootid 3 tid 105961
target_page_id id: 4 tid 105961
0 1 tid 105961
130 4 tid 105961
365 2 tid 105961
178 tid 105961
Remove  tid 105961
FindTargetPageId rootid 3 tid 105962
target_page_id id: 4 tid 105962
0 1 tid 105962
130 4 tid 105962
365 2 tid 105962
178 tid 105962
Insert  tid 105962
FindTargetPageId rootid 3 tid 105960
target_page_id id: 4 tid 105960
0 1 tid 105960
130 4 tid 105960
365 2 tid 105960
179 tid 105960
Insert  tid 105960
FindTargetPageId rootid 3 tid 105961
target_page_id id: 4 tid 105961
0 1 tid 105961
130 4 tid 105961
365 2 tid 105961
179 tid 105961
Remove  tid 105961
FindTargetPageId rootid 3 tid 105962
target_page_id id: 4 tid 105962
0 1 tid 105962
130 4 tid 105962
365 2 tid 105962
179 tid 105962
Insert  tid 105962
FindTargetPageId rootid 3 tid 105960
target_page_id id: 4 tid 105960
0 1 tid 105960
130 4 tid 105960
365 2 tid 105960
180 tid 105960
Insert  tid 105960
FindTargetPageId rootid 3 tid 105961
target_page_id id: 4 tid 105961
0 1 tid 105961
130 4 tid 105961
365 2 tid 105961
180 tid 105961
Remove  tid 105961
FindTargetPageId rootid 3 tid 105962
target_page_id id: 4 tid 105962
0 1 tid 105962
130 4 tid 105962
365 2 tid 105962
180 tid 105962
Insert  tid 105962
FindTargetPageId rootid 3 tid 105962
target_page_id id: 4 tid 105962
0 1 tid 105962
130 4 tid 105962
365 2 tid 105962
181 tid 105962
Insert  tid 105962
FindTargetPageId rootid 3 tid 105961
target_page_id id: 4 tid 105961
0 1 tid 105961
130 4 tid 105961
365 2 tid 105961
182 tid 105961
Remove  tid 105961
FindTargetPageId rootid 3 tid 105960
target_page_id id: 4 tid 105960
0 1 tid 105960
130 4 tid 105960
365 2 tid 105960
182 tid 105960
Insert  tid 105960
FindTargetPageId rootid 3 tid 105962
target_page_id id: 4 tid 105962
0 1 tid 105962
130 4 tid 105962
365 2 tid 105962
182 tid 105962
Insert  tid 105962
FindTargetPageId rootid 3 tid 105961
target_page_id id: 4 tid 105961
0 1 tid 105961
130 4 tid 105961
365 2 tid 105961
183 tid 105961
Remove  tid 105961
FindTargetPageId rootid 3 tid 105960
target_page_id id: 4 tid 105960
0 1 tid 105960
130 4 tid 105960
365 2 tid 105960
183 tid 105960
Insert  tid 105960
FindTargetPageId rootid 3 tid 105962
target_page_id id: 4 tid 105962
0 1 tid 105962
130 4 tid 105962
365 2 tid 105962
183 tid 105962
Insert  tid 105962
FindTargetPageId rootid 3 tid 105961
target_page_id id: 4 tid 105961
0 1 tid 105961
130 4 tid 105961
365 2 tid 105961
184 tid 105961
Remove  tid 105961
FindTargetPageId rootid 3 tid 105960
target_page_id id: 4 tid 105960
0 1 tid 105960
130 4 tid 105960
365 2 tid 105960
184 tid 105960
Insert  tid 105960
FindTargetPageId rootid 3 tid 105960
target_page_id id: 4 tid 105960
0 1 tid 105960
130 4 tid 105960
365 2 tid 105960
184 tid 105960
Insert  tid 105960
FindTargetPageId rootid 3 tid 105961
target_page_id id: 4 tid 105961
0 1 tid 105961
130 4 tid 105961
365 2 tid 105961
184 tid 105961
Remove  tid 105961
FindTargetPageId rootid 3 tid 105962
target_page_id id: 4 tid 105962
0 1 tid 105962
130 4 tid 105962
365 2 tid 105962
184 tid 105962
FindTargetPageId rootid 3 tid 105960
target_page_id id: 4 tid 105960
0 1 tid 105960
130 4 tid 105960
365 2 tid 105960
185 tid 105960
Insert  tid 105960
FindTargetPageId rootid 3 tid 105960
target_page_id id: 4 tid 105960
0 1 tid 105960
130 4 tid 105960
365 2 tid 105960
185 tid 105960
Insert  tid 105960
FindTargetPageId rootid 3 tid 105960
target_page_id id: 4 tid 105960
0 1 tid 105960
130 4 tid 105960
365 2 tid 105960
185 tid 105960
Insert  tid 105960
FindTargetPageId rootid 3 tid 105960
target_page_id id: 4 tid 105960
0 1 tid 105960
130 4 tid 105960
365 2 tid 105960
185 tid 105960
Insert  tid 105962
FindTargetPageId rootid 3 tid 105962
target_page_id id: 4 tid 105962
0 1 tid 105962
130 4 tid 105962
365 2 tid 105962
185 tid 105962
Insert  tid 105962
FindTargetPageId rootid 3 tid 105962
target_page_id id: 4 tid 105962
0 1 tid 105962
130 4 tid 105962
365 2 tid 105962
186 tid 105962
Insert  tid 105962
FindTargetPageId rootid 3 tid 105962
target_page_id id: 4 tid 105962
0 1 tid 105962
130 4 tid 105962
365 2 tid 105962
187 tid 105962
Insert  tid 105962
FindTargetPageId rootid 3 tid 105962
target_page_id id: 4 tid 105962
0 1 tid 105962
130 4 tid 105962
365 2 tid 105962
188 tid 105962
Insert  tid 105962
FindTargetPageId rootid 3 tid 105962
target_page_id id: 4 tid 105962
0 1 tid 105962
130 4 tid 105962
365 2 tid 105962
189 tid 105962
Insert  tid 105962
FindTargetPageId rootid 3 tid 105962
target_page_id id: 4 tid 105962
0 1 tid 105962
130 4 tid 105962
365 2 tid 105962
190 tid 105962
Insert  tid 105962
FindTargetPageId rootid 3 tid 105962
target_page_id id: 4 tid 105962
0 1 tid 105962
130 4 tid 105962
365 2 tid 105962
191 tid 105962
Insert  tid 105962
FindTargetPageId rootid 3 tid 105962
target_page_id id: 4 tid 105962
0 1 tid 105962
130 4 tid 105962
365 2 tid 105962
192 tid 105962
Insert  tid 105962
FindTargetPageId rootid 3 tid 105962
target_page_id id: 4 tid 105962
Insert  tid 105960
0 1 tid 105962
130 4 tid 105962
365 2 tid 105962
193 tid 105962
Insert  tid 105962
FindTargetPageId rootid 3 tid 105960
target_page_id id: 4 tid 105960
0 1 tid 105960
130 4 tid 105960
365 2 tid 105960
194 tid 105960
Insert  tid 105960
FindTargetPageId rootid 3 tid 105960
target_page_id id: 4 tid 105960
0 1 tid 105960
130 4 tid 105960
365 2 tid 105960
194 tid 105960
Insert  tid 105960
FindTargetPageId rootid 3 tid 105962
target_page_id id: 4 tid 105962
0 1 tid 105962
130 4 tid 105962
365 2 tid 105962
194 tid 105962
Insert  tid 105962
FindTargetPageId rootid 3 tid 105962
target_page_id id: 4 tid 105962
0 1 tid 105962
130 4 tid 105962
365 2 tid 105962
195 tid 105962
Insert  tid 105962
FindTargetPageId rootid 3 tid 105962
target_page_id id: 4 tid 105962
0 1 tid 105962
130 4 tid 105962
365 2 tid 105962
196 tid 105962
Insert  tid 105962
FindTargetPageId rootid 3 tid 105960
target_page_id id: 4 tid 105960
0 1 tid 105960
130 4 tid 105960
365 2 tid 105960
197 tid 105960
Insert  tid 105960
FindTargetPageId rootid 3 tid 105961
target_page_id id: 4 tid 105961
0 1 tid 105961
130 4 tid 105961
365 2 tid 105961
197 tid 105961
Remove  tid 105961
FindTargetPageId rootid 3 tid 105961
target_page_id id: 4 tid 105961
0 1 tid 105961
130 4 tid 105961
365 2 tid 105961
196 tid 105961
Remove  tid 105961
FindTargetPageId rootid 3 tid 105961
target_page_id id: 4 tid 105961
0 1 tid 105961
130 4 tid 105961
365 2 tid 105961
195 tid 105961
Remove  tid 105961
FindTargetPageId rootid 3 tid 105961
target_page_id id: 4 tid 105961
0 1 tid 105961
130 4 tid 105961
365 2 tid 105961
194 tid 105961
Remove  tid 105961
FindTargetPageId rootid 3 tid 105961
target_page_id id: 4 tid 105961
0 1 tid 105961
130 4 tid 105961
365 2 tid 105961
193 tid 105961
Remove  tid 105961
FindTargetPageId rootid 3 tid 105961
target_page_id id: 4 tid 105961
0 1 tid 105961
130 4 tid 105961
365 2 tid 105961
192 tid 105961
Remove  tid 105961
FindTargetPageId rootid 3 tid 105961
target_page_id id: 4 tid 105961
0 1 tid 105961
130 4 tid 105961
365 2 tid 105961
191 tid 105961
Remove  tid 105961
FindTargetPageId rootid 3 tid 105961
target_page_id id: 4 tid 105961
0 1 tid 105961
130 4 tid 105961
365 2 tid 105961
191 tid 105961
Remove  tid 105961
FindTargetPageId rootid 3 tid 105962
target_page_id id: 4 tid 105962
0 1 tid 105962
130 4 tid 105962
365 2 tid 105962
191 tid 105962
FindTargetPageId rootid 3 tid 105960
target_page_id id: 4 tid 105960
0 1 tid 105960
130 4 tid 105960
365 2 tid 105960
192 tid 105960
Insert  tid 105960
FindTargetPageId rootid 3 tid 105960
target_page_id id: 4 tid 105960
0 1 tid 105960
130 4 tid 105960
365 2 tid 105960
192 tid 105960
Insert  tid 105960
Insert  tid 105962
FindTargetPageId rootid 3 tid 105961
target_page_id id: 4 tid 105961
0 1 tid 105961
130 4 tid 105961
365 2 tid 105961
192 tid 105961
Remove  tid 105961
FindTargetPageId rootid 3 tid 105960
target_page_id id: 4 tid 105960
0 1 tid 105960
130 4 tid 105960
365 2 tid 105960
192 tid 105960
Insert  tid 105960
FindTargetPageId rootid 3 tid 105962
target_page_id id: 4 tid 105962
0 1 tid 105962
130 4 tid 105962
365 2 tid 105962
192 tid 105962
Insert  tid 105962
FindTargetPageId rootid 3 tid 105961
target_page_id id: 4 tid 105961
0 1 tid 105961
130 4 tid 105961
365 2 tid 105961
193 tid 105961
Remove  tid 105961
FindTargetPageId rootid 3 tid 105960
target_page_id id: 4 tid 105960
0 1 tid 105960
130 4 tid 105960
365 2 tid 105960
193 tid 105960
Insert  tid 105960
FindTargetPageId rootid 3 tid 105962
target_page_id id: 4 tid 105962
0 1 tid 105962
130 4 tid 105962
365 2 tid 105962
193 tid 105962
Insert  tid 105962
FindTargetPageId rootid 3 tid 105961
target_page_id id: 4 tid 105961
0 1 tid 105961
130 4 tid 105961
365 2 tid 105961
194 tid 105961
Remove  tid 105961
FindTargetPageId rootid 3 tid 105960
target_page_id id: 4 tid 105960
0 1 tid 105960
130 4 tid 105960
365 2 tid 105960
194 tid 105960
Insert  tid 105960
FindTargetPageId rootid 3 tid 105962
target_page_id id: 4 tid 105962
0 1 tid 105962
130 4 tid 105962
365 2 tid 105962
194 tid 105962
Insert  tid 105962
FindTargetPageId rootid 3 tid 105961
target_page_id id: 4 tid 105961
0 1 tid 105961
130 4 tid 105961
365 2 tid 105961
195 tid 105961
Remove  tid 105961
FindTargetPageId rootid 3 tid 105960
target_page_id id: 4 tid 105960
0 1 tid 105960
130 4 tid 105960
365 2 tid 105960
195 tid 105960
Insert  tid 105960
FindTargetPageId rootid 3 tid 105962
target_page_id id: 4 tid 105962
0 1 tid 105962
130 4 tid 105962
365 2 tid 105962
195 tid 105962
Insert  tid 105962
FindTargetPageId rootid 3 tid 105961
target_page_id id: 4 tid 105961
0 1 tid 105961
130 4 tid 105961
365 2 tid 105961
196 tid 105961
Remove  tid 105961
FindTargetPageId rootid 3 tid 105960
target_page_id id: 4 tid 105960
0 1 tid 105960
130 4 tid 105960
365 2 tid 105960
196 tid 105960
Insert  tid 105960
FindTargetPageId rootid 3 tid 105962
target_page_id id: 4 tid 105962
0 1 tid 105962
130 4 tid 105962
365 2 tid 105962
196 tid 105962
Insert  tid 105962
FindTargetPageId rootid 3 tid 105961
target_page_id id: 4 tid 105961
0 1 tid 105961
130 4 tid 105961
365 2 tid 105961
197 tid 105961
Remove  tid 105961
FindTargetPageId rootid 3 tid 105960
target_page_id id: 4 tid 105960
0 1 tid 105960
130 4 tid 105960
365 2 tid 105960
197 tid 105960
Insert  tid 105960
FindTargetPageId rootid 3 tid 105962
target_page_id id: 4 tid 105962
0 1 tid 105962
130 4 tid 105962
365 2 tid 105962
197 tid 105962
Insert  tid 105962
FindTargetPageId rootid 3 tid 105962
target_page_id id: 4 tid 105962
0 1 tid 105962
130 4 tid 105962
365 2 tid 105962
198 tid 105962
Insert  tid 105962
FindTargetPageId rootid 3 tid 105960
target_page_id id: 4 tid 105960
0 1 tid 105960
130 4 tid 105960
365 2 tid 105960
199 tid 105960
Insert  tid 105960
FindTargetPageId rootid 3 tid 105960
target_page_id id: 4 tid 105960
0 1 tid 105960
130 4 tid 105960
365 2 tid 105960
199 tid 105960
Insert  tid 105960
FindTargetPageId rootid 3 tid 105962
target_page_id id: 4 tid 105962
0 1 tid 105962
130 4 tid 105962
365 2 tid 105962
199 tid 105962
Insert  tid 105962
FindTargetPageId rootid 3 tid 105961
target_page_id id: 4 tid 105961
0 1 tid 105961
130 4 tid 105961
365 2 tid 105961
200 tid 105961
Remove  tid 105961
FindTargetPageId rootid 3 tid 105960
target_page_id id: 4 tid 105960
0 1 tid 105960
130 4 tid 105960
365 2 tid 105960
199 tid 105960
Insert  tid 105960
FindTargetPageId rootid 3 tid 105962
target_page_id id: 4 tid 105962
0 1 tid 105962
130 4 tid 105962
365 2 tid 105962
199 tid 105962
Insert  tid 105962
FindTargetPageId rootid 3 tid 105961
target_page_id id: 4 tid 105961
0 1 tid 105961
130 4 tid 105961
365 2 tid 105961
200 tid 105961
Remove  tid 105961
FindTargetPageId rootid 3 tid 105960
target_page_id id: 4 tid 105960
0 1 tid 105960
130 4 tid 105960
365 2 tid 105960
199 tid 105960
Insert  tid 105960
FindTargetPageId rootid 3 tid 105962
target_page_id id: 4 tid 105962
0 1 tid 105962
130 4 tid 105962
365 2 tid 105962
199 tid 105962
Insert  tid 105962
FindTargetPageId rootid 3 tid 105961
target_page_id id: 4 tid 105961
0 1 tid 105961
130 4 tid 105961
365 2 tid 105961
200 tid 105961
Remove  tid 105961
FindTargetPageId rootid 3 tid 105960
target_page_id id: 4 tid 105960
0 1 tid 105960
130 4 tid 105960
365 2 tid 105960
199 tid 105960
Insert  tid 105960
FindTargetPageId rootid 3 tid 105962
target_page_id id: 4 tid 105962
0 1 tid 105962
130 4 tid 105962
365 2 tid 105962
199 tid 105962
Insert  tid 105962
FindTargetPageId rootid 3 tid 105962
target_page_id id: 4 tid 105962
0 1 tid 105962
130 4 tid 105962
365 2 tid 105962
200 tid 105962
Insert  tid 105962
FindTargetPageId rootid 3 tid 105962
target_page_id id: 4 tid 105962
0 1 tid 105962
130 4 tid 105962
365 2 tid 105962
201 tid 105962
Insert  tid 105962
FindTargetPageId rootid 3 tid 105961
target_page_id id: 4 tid 105961
0 1 tid 105961
130 4 tid 105961
365 2 tid 105961
202 tid 105961
Remove  tid 105961
FindTargetPageId rootid 3 tid 105960
target_page_id id: 4 tid 105960
0 1 tid 105960
130 4 tid 105960
365 2 tid 105960
201 tid 105960
Insert  tid 105960
FindTargetPageId rootid 3 tid 105962
target_page_id id: 4 tid 105962
0 1 tid 105962
130 4 tid 105962
365 2 tid 105962
201 tid 105962
Insert  tid 105962
FindTargetPageId rootid 3 tid 105961
target_page_id id: 4 tid 105961
0 1 tid 105961
130 4 tid 105961
365 2 tid 105961
202 tid 105961
Remove  tid 105961
FindTargetPageId rootid 3 tid 105960
target_page_id id: 4 tid 105960
0 1 tid 105960
130 4 tid 105960
365 2 tid 105960
201 tid 105960
Insert  tid 105960
FindTargetPageId rootid 3 tid 105960
target_page_id id: 4 tid 105960
0 1 tid 105960
130 4 tid 105960
365 2 tid 105960
201 tid 105960
Insert  tid 105960
FindTargetPageId rootid 3 tid 105960
target_page_id id: 4 tid 105960
0 1 tid 105960
130 4 tid 105960
365 2 tid 105960
201 tid 105960
Insert  tid 105960
FindTargetPageId rootid 3 tid 105960
target_page_id id: 4 tid 105960
0 1 tid 105960
130 4 tid 105960
365 2 tid 105960
201 tid 105960
Insert  tid 105960
FindTargetPageId rootid 3 tid 105961
target_page_id id: 4 tid 105961
0 1 tid 105961
130 4 tid 105961
365 2 tid 105961
201 tid 105961
Remove  tid 105961
FindTargetPageId rootid 3 tid 105962
target_page_id id: 4 tid 105962
0 1 tid 105962
130 4 tid 105962
365 2 tid 105962
200 tid 105962
Insert  tid 105962
FindTargetPageId rootid 3 tid 105960
target_page_id id: 4 tid 105960
0 1 tid 105960
130 4 tid 105960
365 2 tid 105960
201 tid 105960
Insert  tid 105960
FindTargetPageId rootid 3 tid 105961
target_page_id id: 4 tid 105961
0 1 tid 105961
130 4 tid 105961
365 2 tid 105961
201 tid 105961
Remove  tid 105961
FindTargetPageId rootid 3 tid 105962
target_page_id id: 4 tid 105962
0 1 tid 105962
130 4 tid 105962
365 2 tid 105962
200 tid 105962
Insert  tid 105962
FindTargetPageId rootid 3 tid 105960
target_page_id id: 4 tid 105960
0 1 tid 105960
130 4 tid 105960
365 2 tid 105960
201 tid 105960
Insert  tid 105960
FindTargetPageId rootid 3 tid 105961
target_page_id id: 4 tid 105961
0 1 tid 105961
130 4 tid 105961
365 2 tid 105961
201 tid 105961
Remove  tid 105961
FindTargetPageId rootid 3 tid 105962
target_page_id id: 4 tid 105962
0 1 tid 105962
130 4 tid 105962
365 2 tid 105962
200 tid 105962
Insert  tid 105962
FindTargetPageId rootid 3 tid 105960
target_page_id id: 4 tid 105960
0 1 tid 105960
130 4 tid 105960
365 2 tid 105960
201 tid 105960
Insert  tid 105960
FindTargetPageId rootid 3 tid 105961
target_page_id id: 4 tid 105961
0 1 tid 105961
130 4 tid 105961
365 2 tid 105961
201 tid 105961
Remove  tid 105961
FindTargetPageId rootid 3 tid 105962
target_page_id id: 4 tid 105962
0 1 tid 105962
130 4 tid 105962
365 2 tid 105962
200 tid 105962
Insert  tid 105962
FindTargetPageId rootid 3 tid 105960
target_page_id id: 4 tid 105960
0 1 tid 105960
130 4 tid 105960
365 2 tid 105960
201 tid 105960
Insert  tid 105960
FindTargetPageId rootid 3 tid 105961
target_page_id id: 4 tid 105961
0 1 tid 105961
130 4 tid 105961
365 2 tid 105961
201 tid 105961
Remove  tid 105961
FindTargetPageId rootid 3 tid 105962
target_page_id id: 4 tid 105962
0 1 tid 105962
130 4 tid 105962
365 2 tid 105962
200 tid 105962
Insert  tid 105962
FindTargetPageId rootid 3 tid 105960
target_page_id id: 4 tid 105960
0 1 tid 105960
130 4 tid 105960
365 2 tid 105960
201 tid 105960
Insert  tid 105960
FindTargetPageId rootid 3 tid 105961
target_page_id id: 4 tid 105961
0 1 tid 105961
130 4 tid 105961
365 2 tid 105961
201 tid 105961
Remove  tid 105961
FindTargetPageId rootid 3 tid 105962
target_page_id id: 4 tid 105962
0 1 tid 105962
130 4 tid 105962
365 2 tid 105962
200 tid 105962
Insert  tid 105962
FindTargetPageId rootid 3 tid 105960
target_page_id id: 4 tid 105960
0 1 tid 105960
130 4 tid 105960
365 2 tid 105960
201 tid 105960
Insert  tid 105960
FindTargetPageId rootid 3 tid 105961
target_page_id id: 4 tid 105961
0 1 tid 105961
130 4 tid 105961
365 2 tid 105961
201 tid 105961
Remove  tid 105961
FindTargetPageId rootid 3 tid 105962
target_page_id id: 4 tid 105962
0 1 tid 105962
130 4 tid 105962
365 2 tid 105962
200 tid 105962
Insert  tid 105962
FindTargetPageId rootid 3 tid 105960
target_page_id id: 4 tid 105960
0 1 tid 105960
130 4 tid 105960
365 2 tid 105960
201 tid 105960
Insert  tid 105960
FindTargetPageId rootid 3 tid 105961
target_page_id id: 4 tid 105961
0 1 tid 105961
130 4 tid 105961
365 2 tid 105961
201 tid 105961
Remove  tid 105961
FindTargetPageId rootid 3 tid 105962
target_page_id id: 4 tid 105962
0 1 tid 105962
130 4 tid 105962
365 2 tid 105962
200 tid 105962
Insert  tid 105962
FindTargetPageId rootid 3 tid 105960
target_page_id id: 4 tid 105960
0 1 tid 105960
130 4 tid 105960
365 2 tid 105960
201 tid 105960
Insert  tid 105960
FindTargetPageId rootid 3 tid 105961
target_page_id id: 4 tid 105961
0 1 tid 105961
130 4 tid 105961
365 2 tid 105961
202 tid 105961
Remove  tid 105961
FindTargetPageId rootid 3 tid 105962
target_page_id id: 4 tid 105962
0 1 tid 105962
130 4 tid 105962
365 2 tid 105962
201 tid 105962
Insert  tid 105962
FindTargetPageId rootid 3 tid 105960
target_page_id id: 4 tid 105960
0 1 tid 105960
130 4 tid 105960
365 2 tid 105960
202 tid 105960
Insert  tid 105960
FindTargetPageId rootid 3 tid 105961
target_page_id id: 4 tid 105961
0 1 tid 105961
130 4 tid 105961
365 2 tid 105961
203 tid 105961
Remove  tid 105961
FindTargetPageId rootid 3 tid 105962
target_page_id id: 4 tid 105962
0 1 tid 105962
130 4 tid 105962
365 2 tid 105962
202 tid 105962
Insert  tid 105962
FindTargetPageId rootid 3 tid 105960
target_page_id id: 4 tid 105960
0 1 tid 105960
130 4 tid 105960
365 2 tid 105960
203 tid 105960
Insert  tid 105960
FindTargetPageId rootid 3 tid 105960
target_page_id id: 4 tid 105960
0 1 tid 105960
130 4 tid 105960
365 2 tid 105960
204 tid 105960
Insert  tid 105960
FindTargetPageId rootid 3 tid 105960
target_page_id id: 4 tid 105960
0 1 tid 105960
130 4 tid 105960
365 2 tid 105960
205 tid 105960
Insert  tid 105960
FindTargetPageId rootid 3 tid 105962
target_page_id id: 4 tid 105962
0 1 tid 105962
130 4 tid 105962
365 2 tid 105962
206 tid 105962
Insert  tid 105962
FindTargetPageId rootid 3 tid 105961
target_page_id id: 4 tid 105961
0 1 tid 105961
130 4 tid 105961
365 2 tid 105961
207 tid 105961
Remove  tid 105961
FindTargetPageId rootid 3 tid 105960
target_page_id id: 4 tid 105960
0 1 tid 105960
130 4 tid 105960
365 2 tid 105960
206 tid 105960
Insert  tid 105960
FindTargetPageId rootid 3 tid 105962
target_page_id id: 4 tid 105962
0 1 tid 105962
130 4 tid 105962
365 2 tid 105962
207 tid 105962
Insert  tid 105962
FindTargetPageId rootid 3 tid 105962
target_page_id id: 4 tid 105962
0 1 tid 105962
130 4 tid 105962
365 2 tid 105962
208 tid 105962
Insert  tid 105962
FindTargetPageId rootid 3 tid 105960
target_page_id id: 4 tid 105960
0 1 tid 105960
130 4 tid 105960
365 2 tid 105960
209 tid 105960
FindTargetPageId rootid 3 tid 105961
target_page_id id: 4 tid 105961
0 1 tid 105961
130 4 tid 105961
365 2 tid 105961
209 tid 105961
Insert  tid 105960
FindTargetPageId rootid 3 tid 105962
target_page_id id: 4 tid 105962
0 1 tid 105962
130 4 tid 105962
365 2 tid 105962
Remove  tid 208 tid 105961105962

Insert  tid 105962
FindTargetPageId rootid 3 tid 105960
target_page_id id: 4 tid 105960
0 1 tid 105960
130 4 tid 105960
365 2 tid 105960
209 tid 105960
Insert  tid 105960
FindTargetPageId rootid 3 tid 105961
target_page_id id: 4 tid 105961
0 1 tid 105961
130 4 tid 105961
365 2 tid 105961
209 tid 105961
Remove  tid 105961
FindTargetPageId rootid 3 tid 105962
target_page_id id: 4 tid 105962
0 1 tid 105962
130 4 tid 105962
365 2 tid 105962
208 tid 105962
Insert  tid 105962
FindTargetPageId rootid 3 tid 105960
target_page_id id: 4 tid 105960
0 1 tid 105960
130 4 tid 105960
365 2 tid 105960
209 tid 105960
Insert  tid 105960
FindTargetPageId rootid 3 tid 105961
target_page_id id: 4 tid 105961
0 1 tid 105961
130 4 tid 105961
365 2 tid 105961
209 tid 105961
Remove  tid 105961
FindTargetPageId rootid 3 tid 105962
target_page_id id: 4 tid 105962
0 1 tid 105962
130 4 tid 105962
365 2 tid 105962
208 tid 105962
Insert  tid 105962
FindTargetPageId rootid 3 tid 105962
target_page_id id: 4 tid 105962
0 1 tid 105962
130 4 tid 105962
365 2 tid 105962
209 tid 105962
Insert  tid 105962
FindTargetPageId rootid 3 tid 105962
target_page_id id: 4 tid 105962
0 1 tid 105962
130 4 tid 105962
365 2 tid 105962
210 tid 105962
Insert  tid 105962
FindTargetPageId rootid 3 tid 105962
target_page_id id: 4 tid 105962
0 1 tid 105962
130 4 tid 105962
365 2 tid 105962
211 tid 105962
Insert  tid 105962
FindTargetPageId rootid 3 tid 105962
target_page_id id: 4 tid 105962
0 1 tid 105962
130 4 tid 105962
365 2 tid 105962
212 tid 105962
Insert  tid 105962
FindTargetPageId rootid 3 tid 105962
target_page_id id: 4 tid 105962
0 1 tid 105962
130 4 tid 105962
365 2 tid 105962
213 tid 105962
Insert  tid 105962
FindTargetPageId rootid 3 tid 105962
target_page_id id: 4 tid 105962
0 1 tid 105962
130 4 tid 105962
365 2 tid 105962
214 tid 105962
Insert  tid 105962
FindTargetPageId rootid 3 tid 105962
target_page_id id: 4 tid 105962
0 1 tid 105962
130 4 tid 105962
365 2 tid 105962
215 tid 105962
Insert  tid 105962
FindTargetPageId rootid 3 tid 105960
target_page_id id: 4 tid 105960
0 1 tid 105960
130 4 tid 105960
365 2 tid 105960
216 tid 105960
Insert  tid 105960
FindTargetPageId rootid 3 tid 105961
target_page_id id: 4 tid 105961
0 1 tid 105961
130 4 tid 105961
365 2 tid 105961
216 tid 105961
Remove  tid 105961
FindTargetPageId rootid 3 tid 105961
target_page_id id: 4 tid 105961
0 1 tid 105961
130 4 tid 105961
365 2 tid 105961
215 tid 105961
Remove  tid 105961
FindTargetPageId rootid 3 tid 105961
target_page_id id: 4 tid 105961
0 1 tid 105961
130 4 tid 105961
365 2 tid 105961
214 tid 105961
Remove  tid 105961
FindTargetPageId rootid 3 tid 105961
target_page_id id: 4 tid 105961
0 1 tid 105961
130 4 tid 105961
365 2 tid 105961
213 tid 105961
Remove  tid 105961
FindTargetPageId rootid 3 tid 105961
target_page_id id: 4 tid 105961
0 1 tid 105961
130 4 tid 105961
365 2 tid 105961
212 tid 105961
Remove  tid 105961
FindTargetPageId rootid 3 tid 105961
target_page_id id: 4 tid 105961
0 1 tid 105961
130 4 tid 105961
365 2 tid 105961
211 tid 105961
Remove  tid 105961
FindTargetPageId rootid 3 tid 105961
target_page_id id: 4 tid 105961
0 1 tid 105961
130 4 tid 105961
365 2 tid 105961
210 tid 105961
Remove  tid 105961
FindTargetPageId rootid 3 tid 105961
target_page_id id: 4 tid 105961
0 1 tid 105961
130 4 tid 105961
365 2 tid 105961
209 tid 105961
Remove  tid 105961
FindTargetPageId rootid 3 tid 105961
target_page_id id: 4 tid 105961
0 1 tid 105961
130 4 tid 105961
365 2 tid 105961
208 tid 105961
Remove  tid 105961
FindTargetPageId rootid 3 tid 105962
target_page_id id: 2 tid 105962
0 1 tid 105962
130 4 tid 105962
365 2 tid 105962
128 tid 105962
Insert  tid 105962
FindTargetPageId rootid 3 tid 105962
target_page_id id: 2 tid 105962
0 1 tid 105962
130 4 tid 105962
365 2 tid 105962
129 tid 105962
Insert  tid 105962
FindTargetPageId rootid 3 tid 105960
target_page_id id: 4 tid 105960
0 1 tid 105960
130 4 tid 105960
365 2 tid 105960
207 tid 105960
Insert  tid 105960
FindTargetPageId rootid 3 tid 105960
target_page_id id: 4 tid 105960
0 1 tid 105960
130 4 tid 105960
365 2 tid 105960
207 tid 105960
Insert  tid 105960
FindTargetPageId rootid 3 tid 105960
target_page_id id: 4 tid 105960
0 1 tid 105960
130 4 tid 105960
365 2 tid 105960
207 tid 105960
Insert  tid 105960
FindTargetPageId rootid 3 tid 105960
target_page_id id: 4 tid 105960
0 1 tid 105960
130 4 tid 105960
365 2 tid 105960
207 tid 105960
Insert  tid 105960
FindTargetPageId rootid 3 tid 105960
target_page_id id: 4 tid 105960
0 1 tid 105960
130 4 tid 105960
365 2 tid 105960
207 tid 105960
Insert  tid 105960
FindTargetPageId rootid 3 tid 105962
target_page_id id: 2 tid 105962
0 1 tid 105962
130 4 tid 105962
365 2 tid 105962
130 tid 105962
Insert  tid 105962
FindTargetPageId rootid 3 tid 105962
target_page_id id: 2 tid 105962
0 1 tid 105962
130 4 tid 105962
365 2 tid 105962
131 tid 105962
Insert  tid 105962
FindTargetPageId rootid 3 tid 105960
target_page_id id: 4 tid 105960
0 1 tid 105960
130 4 tid 105960
365 2 tid 105960
208 tid 105960
Insert  tid 105960
FindTargetPageId rootid 3 tid 105960
target_page_id id: 4 tid 105960
0 1 tid 105960
130 4 tid 105960
365 2 tid 105960
209 tid 105960
Insert  tid 105960
FindTargetPageId rootid 3 tid 105962
target_page_id id: 2 tid 105962
0 1 tid 105962
130 4 tid 105962
365 2 tid 105962
132 tid 105962
Insert  tid 105962
FindTargetPageId rootid 3 tid 105962
target_page_id id: 2 tid 105962
0 1 tid 105962
130 4 tid 105962
365 2 tid 105962
133 tid 105962
Insert  tid 105962
FindTargetPageId rootid 3 tid 105962
target_page_id id: 2 tid 105962
0 1 tid 105962
130 4 tid 105962
365 2 tid 105962
134 tid 105962
Insert  tid 105962
FindTargetPageId rootid 3 tid 105962
target_page_id id: 2 tid 105962
0 1 tid 105962
130 4 tid 105962
365 2 tid 105962
135 tid 105962
Insert  tid 105962
FindTargetPageId rootid 3 tid 105960
target_page_id id: 4 tid 105960
0 1 tid 105960
130 4 tid 105960
365 2 tid 105960
210 tid 105960
Insert  tid 105960
FindTargetPageId rootid 3 tid 105961
target_page_id id: 4 tid 105961
0 1 tid 105961
130 4 tid 105961
365 2 tid 105961
211 tid 105961
Remove  tid 105961
FindTargetPageId rootid 3 tid 105962
target_page_id id: 2 tid 105962
0 1 tid 105962
130 4 tid 105962
365 2 tid 105962
136 tid 105962
Insert  tid 105962
FindTargetPageId rootid 3 tid 105960
target_page_id id: 4 tid 105960
0 1 tid 105960
130 4 tid 105960
365 2 tid 105960
210 tid 105960
Insert  tid 105960
FindTargetPageId rootid 3 tid 105961
target_page_id id: 4 tid 105961
0 1 tid 105961
130 4 tid 105961
365 2 tid 105961
211 tid 105961
Remove  tid 105961
FindTargetPageId rootid 3 tid 105962
target_page_id id: 2 tid 105962
0 1 tid 105962
130 4 tid 105962
365 2 tid 105962
137 tid 105962
Insert  tid 105962
FindTargetPageId rootid 3 tid 105960
target_page_id id: 4 tid 105960
0 1 tid 105960
130 4 tid 105960
365 2 tid 105960
210 tid 105960
Insert  tid 105960
FindTargetPageId rootid 3 tid 105961
target_page_id id: 2 tid 105961
0 1 tid 105961
130 4 tid 105961
365 2 tid 105961
138 tid 105961
Remove  tid 105961
FindTargetPageId rootid 3 tid 105962
target_page_id id: 2 tid 105962
0 1 tid 105962
130 4 tid 105962
365 2 tid 105962
137 tid 105962
Insert  tid 105962
FindTargetPageId rootid 3 tid 105960
target_page_id id: 4 tid 105960
0 1 tid 105960
130 4 tid 105960
365 2 tid 105960
211 tid 105960
Insert  tid 105960
FindTargetPageId rootid 3 tid 105960
target_page_id id: 4 tid 105960
0 1 tid 105960
130 4 tid 105960
365 2 tid 105960
212 tid 105960
Insert  tid 105960
FindTargetPageId rootid 3 tid 105962
target_page_id id: 2 tid 105962
0 1 tid 105962
130 4 tid 105962
365 2 tid 105962
138 tid 105962
Insert  tid 105962
FindTargetPageId rootid 3 tid 105961
target_page_id id: 2 tid 105961
0 1 tid 105961
130 4 tid 105961
365 2 tid 105961
139 tid 105961
Remove  tid 105961
FindTargetPageId rootid 3 tid 105960
target_page_id id: 4 tid 105960
0 1 tid 105960
130 4 tid 105960
365 2 tid 105960
213 tid 105960
Insert  tid 105960
FindTargetPageId rootid 3 tid 105960
target_page_id id: 4 tid 105960
0 1 tid 105960
130 4 tid 105960
365 2 tid 105960
214 tid 105960
Insert  tid 105960
FindTargetPageId rootid 3 tid 105962
target_page_id id: 2 tid 105962
0 1 tid 105962
130 4 tid 105962
365 2 tid 105962
138 tid 105962
Insert  tid 105962
FindTargetPageId rootid 3 tid 105961
target_page_id id: 2 tid 105961
0 1 tid 105961
130 4 tid 105961
365 2 tid 105961
139 tid 105961
Remove  tid 105961
FindTargetPageId rootid 3 tid 105960
target_page_id id: 4 tid 105960
0 1 tid 105960
130 4 tid 105960
365 2 tid 105960
215 tid 105960
Insert  tid 105960
FindTargetPageId rootid 3 tid 105962
target_page_id id: 2 tid 105962
0 1 tid 105962
130 4 tid 105962
365 2 tid 105962
138 tid 105962
FindTargetPageId rootid 3 tid Insert 105961 tid 
target_page_id id: 2 tid 105961
0 1 tid 105961
130 4 tid 105961
365 2 tid 105961
105962
139 tid 105961
Remove  tid 105961
FindTargetPageId rootid 3 tid 105960
target_page_id id: 4 tid 105960
0 1 tid 105960
130 4 tid 105960
365 2 tid 105960
216 tid 105960
Insert  tid 105960
FindTargetPageId rootid 3 tid 105962
target_page_id id: 2 tid 105962
0 1 tid 105962
130 4 tid 105962
365 2 tid 105962
138 tid 105962
Insert  tid 105962
FindTargetPageId rootid 3 tid 105961
target_page_id id: 2 tid 105961
0 1 tid 105961
130 4 tid 105961
365 2 tid 105961
139 tid 105961
Remove  tid 105961
FindTargetPageId rootid 3 tid 105960
target_page_id id: 4 tid 105960
0 1 tid 105960
130 4 tid 105960
365 2 tid 105960
217 tid 105960
Insert  tid 105960
FindTargetPageId rootid 3 tid 105962
target_page_id id: 2 tid 105962
0 1 tid 105962
130 4 tid 105962
365 2 tid 105962
138 tid 105962
Insert  tid 105962
FindTargetPageId rootid 3 tid 105961
target_page_id id: 2 tid 105961
0 1 tid 105961
130 4 tid 105961
365 2 tid 105961
139 tid 105961
Remove  tid 105961
FindTargetPageId rootid 3 tid 105960
target_page_id id: 4 tid 105960
0 1 tid 105960
130 4 tid 105960
365 2 tid 105960
218 tid 105960
Insert  tid 105960
FindTargetPageId rootid 3 tid 105962
target_page_id id: 2 tid 105962
0 1 tid 105962
130 4 tid 105962
365 2 tid 105962
138 tid 105962
Insert  tid 105962
FindTargetPageId rootid 3 tid 105961
target_page_id id: 2 tid 105961
0 1 tid 105961
130 4 tid 105961
365 2 tid 105961
139 tid 105961
Remove  tid 105961
FindTargetPageId rootid 3 tid 105960
target_page_id id: 4 tid 105960
0 1 tid 105960
130 4 tid 105960
365 2 tid 105960
219 tid 105960
Insert  tid 105960
FindTargetPageId rootid 3 tid 105962
target_page_id id: 2 tid 105962
0 1 tid 105962
130 4 tid 105962
365 2 tid 105962
138 tid 105962
Insert  tid 105962
FindTargetPageId rootid 3 tid 105961
target_page_id id: 2 tid 105961
0 1 tid 105961
130 4 tid 105961
365 2 tid 105961
139 tid 105961
Remove  tid 105961
FindTargetPageId rootid 3 tid 105960
target_page_id id: 4 tid 105960
0 1 tid 105960
130 4 tid 105960
365 2 tid 105960
220 tid 105960
Insert  tid 105960
FindTargetPageId rootid 3 tid 105962
target_page_id id: 2 tid 105962
0 1 tid 105962
130 4 tid 105962
365 2 tid 105962
138 tid 105962
Insert  tid 105962
FindTargetPageId rootid 3 tid 105961
target_page_id id: 2 tid 105961
0 1 tid 105961
130 4 tid 105961
365 2 tid 105961
139 tid 105961
Remove  tid 105961
FindTargetPageId rootid 3 tid 105960
target_page_id id: 4 tid 105960
0 1 tid 105960
130 4 tid 105960
365 2 tid 105960
221 tid 105960
Insert  tid 105960
FindTargetPageId rootid 3 tid 105962
target_page_id id: 2 tid 105962
0 1 tid 105962
130 4 tid 105962
365 2 tid 105962
138 tid 105962
Insert  tid 105962
FindTargetPageId rootid 3 tid 105961
target_page_id id: 2 tid 105961
0 1 tid 105961
130 4 tid 105961
365 2 tid 105961
139 tid 105961
Remove  tid 105961
FindTargetPageId rootid 3 tid 105960
target_page_id id: 4 tid 105960
0 1 tid 105960
130 4 tid 105960
365 2 tid 105960
222 tid 105960
Insert  tid 105960
FindTargetPageId rootid 3 tid 105962
target_page_id id: 2 tid 105962
0 1 tid 105962
130 4 tid 105962
365 2 tid 105962
138 tid 105962
Insert  tid 105962
FindTargetPageId rootid 3 tid 105961
target_page_id id: 2 tid 105961
0 1 tid 105961
130 4 tid 105961
365 2 tid 105961
139 tid 105961
Remove  tid 105961
FindTargetPageId rootid 3 tid 105960
target_page_id id: 4 tid 105960
0 1 tid 105960
130 4 tid 105960
365 2 tid 105960
223 tid 105960
Insert  tid 105960
FindTargetPageId rootid 3 tid 105962
target_page_id id: 2 tid 105962
0 1 tid 105962
130 4 tid 105962
365 2 tid 105962
138 tid 105962
Insert  tid 105962
FindTargetPageId rootid 3 tid 105961
target_page_id id: 2 tid 105961
0 1 tid 105961
130 4 tid 105961
365 2 tid 105961
139 tid 105961
Remove  tid 105961
FindTargetPageId rootid 3 tid 105960
target_page_id id: 4 tid 105960
0 1 tid 105960
130 4 tid 105960
365 2 tid 105960
224 tid 105960
Insert  tid 105960
FindTargetPageId rootid 3 tid 105962
target_page_id id: 2 tid 105962
0 1 tid 105962
130 4 tid 105962
365 2 tid 105962
138 tid 105962
Insert  tid 105962
FindTargetPageId rootid 3 tid 105961
target_page_id id: 2 tid 105961
0 1 tid 105961
130 4 tid 105961
365 2 tid 105961
139 tid 105961
Remove  tid 105961
FindTargetPageId rootid 3 tid 105960
target_page_id id: 4 tid 105960
0 1 tid 105960
130 4 tid 105960
365 2 tid 105960
225 tid 105960
Insert  tid 105960
FindTargetPageId rootid 3 tid 105962
target_page_id id: 2 tid 105962
0 1 tid 105962
130 4 tid 105962
365 2 tid 105962
138 tid 105962
Insert  tid 105962
FindTargetPageId rootid 3 tid 105961
target_page_id id: 2 tid 105961
0 1 tid 105961
130 4 tid 105961
365 2 tid 105961
139 tid 105961
Remove  tid 105961
FindTargetPageId rootid 3 tid 105960
target_page_id id: 4 tid 105960
0 1 tid 105960
130 4 tid 105960
365 2 tid 105960
226 tid 105960
Insert  tid 105960
FindTargetPageId rootid 3 tid 105962
target_page_id id: 2 tid 105962
0 1 tid 105962
130 4 tid 105962
365 2 tid 105962
138 tid 105962
Insert  tid 105962
FindTargetPageId rootid 3 tid 105961
target_page_id id: 2 tid 105961
0 1 tid 105961
130 4 tid 105961
365 2 tid 105961
139 tid 105961
Remove  tid 105961
FindTargetPageId rootid 3 tid 105960
target_page_id id: 4 tid 105960
0 1 tid 105960
130 4 tid 105960
365 2 tid 105960
227 tid 105960
Insert  tid 105960
FindTargetPageId rootid 3 tid 105962
target_page_id id: 2 tid 105962
0 1 tid 105962
130 4 tid 105962
365 2 tid 105962
138 tid 105962
Insert  tid 105962
FindTargetPageId rootid 3 tid 105961
target_page_id id: 2 tid 105961
0 1 tid 105961
130 4 tid 105961
365 2 tid 105961
139 tid 105961
Remove  tid 105961
FindTargetPageId rootid 3 tid 105960
target_page_id id: 4 tid 105960
0 1 tid 105960
130 4 tid 105960
365 2 tid 105960
228 tid 105960
Insert  tid 105960
FindTargetPageId rootid 3 tid 105962
target_page_id id: 2 tid 105962
0 1 tid 105962
130 4 tid 105962
365 2 tid 105962
138 tid 105962
Insert  tid 105962
FindTargetPageId rootid 3 tid 105961
target_page_id id: 2 tid 105961
0 1 tid 105961
130 4 tid 105961
365 2 tid 105961
139 tid 105961
Remove  tid 105961
FindTargetPageId rootid 3 tid 105960
target_page_id id: 4 tid 105960
0 1 tid 105960
130 4 tid 105960
365 2 tid 105960
229 tid 105960
Insert  tid 105960
FindTargetPageId rootid 3 tid 105962
target_page_id id: 2 tid 105962
0 1 tid 105962
130 4 tid 105962
365 2 tid 105962
138 tid 105962
Insert  tid 105962
FindTargetPageId rootid 3 tid 105961
target_page_id id: 2 tid 105961
0 1 tid 105961
130 4 tid 105961
365 2 tid 105961
139 tid 105961
Remove  tid 105961
FindTargetPageId rootid 3 tid 105960
target_page_id id: 4 tid 105960
0 1 tid 105960
130 4 tid 105960
365 2 tid 105960
230 tid 105960
Insert  tid 105960
FindTargetPageId rootid 3 tid 105962
target_page_id id: 2 tid 105962
0 1 tid 105962
130 4 tid 105962
365 2 tid 105962
138 tid 105962
Insert  tid 105962
FindTargetPageId rootid 3 tid 105962
target_page_id id: 2 tid 105962
0 1 tid 105962
130 4 tid 105962
365 2 tid 105962
139 tid 105962
Insert  tid 105962
FindTargetPageId rootid 3 tid 105960
target_page_id id: 4 tid 105960
0 1 tid 105960
130 4 tid 105960
365 2 tid 105960
231 tid 105960
Insert  tid 105960
FindTargetPageId rootid 3 tid 105961
target_page_id id: 2 tid 105961
0 1 tid 105961
130 4 tid 105961
365 2 tid 105961
140 tid 105961
Remove  tid 105961
FindTargetPageId rootid 3 tid 105962
target_page_id id: 2 tid 105962
0 1 tid 105962
130 4 tid 105962
365 2 tid 105962
139 tid 105962
Insert  tid 105962
FindTargetPageId rootid 3 tid 105960
target_page_id id: 4 tid 105960
0 1 tid 105960
130 4 tid 105960
365 2 tid 105960
232 tid 105960
Insert  tid 105960
FindTargetPageId rootid 3 tid 105961
target_page_id id: 2 tid 105961
0 1 tid 105961
130 4 tid 105961
365 2 tid 105961
140 tid 105961
Remove  tid 105961
FindTargetPageId rootid 3 tid 105962
target_page_id id: 2 tid 105962
0 1 tid 105962
130 4 tid 105962
365 2 tid 105962
139 tid 105962
Insert  tid 105962
FindTargetPageId rootid 3 tid 105960
target_page_id id: 4 tid 105960
0 1 tid 105960
130 4 tid 105960
365 2 tid 105960
233 tid 105960
Insert  tid 105960
FindTargetPageId rootid 3 tid 105961
target_page_id id: 2 tid 105961
0 1 tid 105961
130 4 tid 105961
365 2 tid 105961
140 tid 105961
Remove  tid 105961
FindTargetPageId rootid 3 tid 105962
target_page_id id: 2 tid 105962
0 1 tid 105962
130 4 tid 105962
365 2 tid 105962
139 tid 105962
Insert  tid 105962
FindTargetPageId rootid 3 tid 105960
target_page_id id: 4 tid 105960
0 1 tid 105960
130 4 tid 105960
365 2 tid 105960
234 tid 105960
Insert  tid 105960
FindTargetPageId rootid 3 tid 105961
target_page_id id: 2 tid 105961
0 1 tid 105961
130 4 tid 105961
365 2 tid 105961
140 tid 105961
Remove  tid 105961
FindTargetPageId rootid 3 tid 105962
target_page_id id: 2 tid 105962
0 1 tid 105962
130 4 tid 105962
365 2 tid 105962
139 tid 105962
Insert  tid 105962
FindTargetPageId rootid 3 tid 105960
target_page_id id: 2 tid 105960
0 1 tid 105960
130 4 tid 105960
365 2 tid 105960
140 tid 105960
Insert  tid 105960
FindTargetPageId rootid 3 tid 105961
target_page_id id: 2 tid 105961
0 1 tid 105961
130 4 tid 105961
365 2 tid 105961
141 tid 105961
Remove  tid 105961
FindTargetPageId rootid 3 tid 105962
target_page_id id: 2 tid 105962
0 1 tid 105962
130 4 tid 105962
365 2 tid 105962
140 tid 105962
Insert  tid 105962
FindTargetPageId rootid 3 tid 105960
target_page_id id: 2 tid 105960
0 1 tid 105960
130 4 tid 105960
365 2 tid 105960
141 tid 105960
Insert  tid 105960
FindTargetPageId rootid 3 tid 105961
target_page_id id: 2 tid 105961
0 1 tid 105961
130 4 tid 105961
365 2 tid 105961
142 tid 105961
Remove  tid 105961
FindTargetPageId rootid 3 tid 105962
target_page_id id: 2 tid 105962
0 1 tid 105962
130 4 tid 105962
365 2 tid 105962
141 tid 105962
Insert  tid 105962
FindTargetPageId rootid 3 tid 105960
target_page_id id: 2 tid 105960
0 1 tid 105960
130 4 tid 105960
365 2 tid 105960
142 tid 105960
Insert  tid 105960
FindTargetPageId rootid 3 tid 105961
target_page_id id: 2 tid 105961
0 1 tid 105961
130 4 tid 105961
365 2 tid 105961
143 tid 105961
Remove  tid 105961
FindTargetPageId rootid 3 tid 105962
target_page_id id: 2 tid 105962
0 1 tid 105962
130 4 tid 105962
365 2 tid 105962
142 tid 105962
Insert  tid 105962
FindTargetPageId rootid 3 tid 105960
target_page_id id: 2 tid 105960
0 1 tid 105960
130 4 tid 105960
365 2 tid 105960
143 tid 105960
Insert  tid 105960
FindTargetPageId rootid 3 tid 105961
target_page_id id: 2 tid 105961
0 1 tid 105961
130 4 tid 105961
365 2 tid 105961
144 tid 105961
Remove  tid 105961
FindTargetPageId rootid 3 tid 105962
target_page_id id: 2 tid 105962
0 1 tid 105962
130 4 tid 105962
365 2 tid 105962
143 tid 105962
Insert  tid 105962
FindTargetPageId rootid 3 tid 105960
target_page_id id: 2 tid 105960
0 1 tid 105960
130 4 tid 105960
365 2 tid 105960
144 tid 105960
Insert  tid 105960
FindTargetPageId rootid 3 tid 105961
target_page_id id: 2 tid 105961
0 1 tid 105961
130 4 tid 105961
365 2 tid 105961
145 tid 105961
Remove  tid 105961
FindTargetPageId rootid 3 tid 105962
target_page_id id: 2 tid 105962
0 1 tid 105962
130 4 tid 105962
365 2 tid 105962
144 tid 105962
Insert  tid 105962
FindTargetPageId rootid 3 tid 105960
target_page_id id: 2 tid 105960
0 1 tid 105960
130 4 tid 105960
365 2 tid 105960
145 tid 105960
Insert  tid 105960
FindTargetPageId rootid 3 tid 105961
target_page_id id: 2 tid 105961
0 1 tid 105961
130 4 tid 105961
365 2 tid 105961
146 tid 105961
Remove  tid 105961
FindTargetPageId rootid 3 tid 105962
target_page_id id: 2 tid 105962
0 1 tid 105962
130 4 tid 105962
365 2 tid 105962
145 tid 105962
Insert  tid 105962
FindTargetPageId rootid 3 tid 105960
target_page_id id: 2 tid 105960
0 1 tid 105960
130 4 tid 105960
365 2 tid 105960
146 tid 105960
Insert  tid 105960
FindTargetPageId rootid 3 tid 105961
target_page_id id: 2 tid 105961
0 1 tid 105961
130 4 tid 105961
365 2 tid 105961
147 tid 105961
Remove  tid 105961
FindTargetPageId rootid 3 tid 105962
target_page_id id: 2 tid 105962
0 1 tid 105962
130 4 tid 105962
365 2 tid 105962
146 tid 105962
Insert  tid 105962
FindTargetPageId rootid 3 tid 105962
target_page_id id: 2 tid 105962
0 1 tid 105962
130 4 tid 105962
365 2 tid 105962
147 tid 105962
Insert  tid 105962
FindTargetPageId rootid 3 tid 105962
target_page_id id: 2 tid 105962
0 1 tid 105962
130 4 tid 105962
365 2 tid 105962
148 tid 105962
Insert  tid 105962
FindTargetPageId rootid 3 tid 105960
target_page_id id: 2 tid 105960
0 1 tid 105960
130 4 tid 105960
365 2 tid 105960
149 tid 105960
Insert  tid 105960
FindTargetPageId rootid 3 tid 105960
target_page_id id: 2 tid 105960
0 1 tid 105960
130 4 tid 105960
365 2 tid 105960
150 tid 105960
Insert  tid 105960
FindTargetPageId rootid 3 tid 105960
target_page_id id: 2 tid 105960
0 1 tid 105960
130 4 tid 105960
365 2 tid 105960
151 tid 105960
Insert  tid 105960
FindTargetPageId rootid 3 tid 105960
target_page_id id: 2 tid 105960
0 1 tid 105960
130 4 tid 105960
365 2 tid 105960
152 tid 105960
Insert  tid 105960
FindTargetPageId rootid 3 tid 105960
target_page_id id: 2 tid 105960
0 1 tid 105960
130 4 tid 105960
365 2 tid 105960
153 tid 105960
Insert  tid 105960
FindTargetPageId rootid 3 tid 105960
target_page_id id: 2 tid 105960
0 1 tid 105960
130 4 tid 105960
365 2 tid 105960
154 tid 105960
Insert  tid 105960
FindTargetPageId rootid 3 tid 105960
target_page_id id: 2 tid 105960
0 1 tid 105960
130 4 tid 105960
365 2 tid 105960
155 tid 105960
Insert  tid 105960
FindTargetPageId rootid 3 tid 105961
target_page_id id: 2 tid 105961
0 1 tid 105961
130 4 tid 105961
365 2 tid 105961
156 tid 105961
Remove  tid 105961
FindTargetPageId rootid 3 tid 105961
target_page_id id: 2 tid 105961
0 1 tid 105961
130 4 tid 105961
365 2 tid 105961
155 tid 105961
Remove  tid 105961
FindTargetPageId rootid 3 tid 105962
target_page_id id: 2 tid 105962
0 1 tid 105962
130 4 tid 105962
365 2 tid 105962
154 tid 105962
Insert  tid 105962
FindTargetPageId rootid 3 tid 105962
target_page_id id: 2 tid 105962
0 1 tid 105962
130 4 tid 105962
365 2 tid 105962
155 tid 105962
Insert  tid 105962
FindTargetPageId rootid 3 tid 105962
target_page_id id: 2 tid 105962
0 1 tid 105962
130 4 tid 105962
365 2 tid 105962
156 tid 105962
Insert  tid 105962
FindTargetPageId rootid 3 tid 105962
target_page_id id: 2 tid 105962
0 1 tid 105962
130 4 tid 105962
365 2 tid 105962
157 tid 105962
Insert  tid 105962
FindTargetPageId rootid 3 tid 105962
target_page_id id: 2 tid 105962
0 1 tid 105962
130 4 tid 105962
365 2 tid 105962
158 tid 105962
Insert  tid 105962
FindTargetPageId rootid 3 tid 105962
target_page_id id: 2 tid 105962
0 1 tid 105962
130 4 tid 105962
365 2 tid 105962
159 tid 105962
Insert  tid 105962
FindTargetPageId rootid 3 tid 105962
target_page_id id: 2 tid 105962
0 1 tid 105962
130 4 tid 105962
365 2 tid 105962
160 tid 105962
Insert  tid 105962
FindTargetPageId rootid 3 tid 105962
target_page_id id: 2 tid 105962
0 1 tid 105962
130 4 tid 105962
365 2 tid 105962
161 tid 105962
Insert  tid 105962
FindTargetPageId rootid 3 tid 105962
target_page_id id: 2 tid 105962
0 1 tid 105962
130 4 tid 105962
365 2 tid 105962
162 tid 105962
Insert  tid 105962
FindTargetPageId rootid 3 tid 105961
target_page_id id: 2 tid 105961
0 1 tid 105961
130 4 tid 105961
365 2 tid 105961
163 tid 105961
Remove  tid 105961
FindTargetPageId rootid 3 tid 105961
target_page_id id: 2 tid 105961
0 1 tid 105961
130 4 tid 105961
365 2 tid 105961
162 tid 105961
Remove  tid 105961
FindTargetPageId rootid 3 tid 105961
target_page_id id: 2 tid 105961
0 1 tid 105961
130 4 tid 105961
365 2 tid 105961
161 tid 105961
Remove  tid 105961
FindTargetPageId rootid 3 tid 105961
target_page_id id: 2 tid 105961
0 1 tid 105961
130 4 tid 105961
365 2 tid 105961
160 tid 105961
Remove  tid 105961
FindTargetPageId rootid 3 tid 105961
target_page_id id: 2 tid 105961
0 1 tid 105961
130 4 tid 105961
365 2 tid 105961
159 tid 105961
Remove  tid 105961
FindTargetPageId rootid 3 tid 105961
target_page_id id: 2 tid 105961
0 1 tid 105961
130 4 tid 105961
365 2 tid 105961
158 tid 105961
Remove  tid 105961
FindTargetPageId rootid 3 tid 105960
target_page_id id: 2 tid 105960
0 1 tid 105960
130 4 tid 105960
365 2 tid 105960
157 tid 105960
Insert  tid 105960
FindTargetPageId rootid 3 tid 105960
target_page_id id: 2 tid 105960
0 1 tid 105960
130 4 tid 105960
365 2 tid 105960
158 tid 105960
Insert  tid 105960
FindTargetPageId rootid 3 tid 105961
target_page_id id: 2 tid 105961
0 1 tid 105961
130 4 tid 105961
365 2 tid 105961
159 tid 105961
Remove  tid 105961
FindTargetPageId rootid 3 tid 105962
target_page_id id: 2 tid 105962
0 1 tid 105962
130 4 tid 105962
365 2 tid 105962
158 tid 105962
Insert  tid 105962
FindTargetPageId rootid 3 tid 105960
target_page_id id: 2 tid 105960
0 1 tid 105960
130 4 tid 105960
365 2 tid 105960
159 tid 105960
Insert  tid 105960
FindTargetPageId rootid 3 tid 105961
target_page_id id: 2 tid 105961
0 1 tid 105961
130 4 tid 105961
365 2 tid 105961
160 tid 105961
Remove  tid 105961
FindTargetPageId rootid 3 tid 105962
target_page_id id: 2 tid 105962
0 1 tid 105962
130 4 tid 105962
365 2 tid 105962
159 tid 105962
Insert  tid 105962
FindTargetPageId rootid 3 tid 105960
target_page_id id: 2 tid 105960
0 1 tid 105960
130 4 tid 105960
365 2 tid 105960
160 tid 105960
Insert  tid 105960
FindTargetPageId rootid 3 tid 105961
target_page_id id: 2 tid 105961
0 1 tid 105961
130 4 tid 105961
365 2 tid 105961
161 tid 105961
Remove  tid 105961
FindTargetPageId rootid 3 tid 105962
target_page_id id: 2 tid 105962
0 1 tid 105962
130 4 tid 105962
365 2 tid 105962
160 tid 105962
Insert  tid 105962
FindTargetPageId rootid 3 tid 105960
target_page_id id: 2 tid 105960
0 1 tid 105960
130 4 tid 105960
365 2 tid 105960
161 tid 105960
Insert  tid 105960
FindTargetPageId rootid 3 tid 105961
target_page_id id: 2 tid 105961
0 1 tid 105961
130 4 tid 105961
365 2 tid 105961
162 tid 105961
Remove  tid 105961
FindTargetPageId rootid 3 tid 105962
target_page_id id: 2 tid 105962
0 1 tid 105962
130 4 tid 105962
365 2 tid 105962
161 tid 105962
Insert  tid 105962
FindTargetPageId rootid 3 tid 105960
target_page_id id: 2 tid 105960
0 1 tid 105960
130 4 tid 105960
365 2 tid 105960
162 tid 105960
Insert  tid 105960
FindTargetPageId rootid 3 tid 105961
target_page_id id: 2 tid 105961
0 1 tid 105961
130 4 tid 105961
365 2 tid 105961
163 tid 105961
Remove  tid 105961
FindTargetPageId rootid 3 tid 105962
target_page_id id: 2 tid 105962
0 1 tid 105962
130 4 tid 105962
365 2 tid 105962
162 tid 105962
Insert  tid 105962
FindTargetPageId rootid 3 tid 105960
target_page_id id: 2 tid 105960
0 1 tid 105960
130 4 tid 105960
365 2 tid 105960
163 tid 105960
Insert  tid 105960
FindTargetPageId rootid 3 tid 105961
target_page_id id: 2 tid 105961
0 1 tid 105961
130 4 tid 105961
365 2 tid 105961
164 tid 105961
Remove  tid 105961
FindTargetPageId rootid 3 tid 105962
target_page_id id: 2 tid 105962
0 1 tid 105962
130 4 tid 105962
365 2 tid 105962
163 tid 105962
Insert  tid 105962
FindTargetPageId rootid 3 tid 105960
target_page_id id: 2 tid 105960
0 1 tid 105960
130 4 tid 105960
365 2 tid 105960
164 tid 105960
Insert  tid 105960
FindTargetPageId rootid 3 tid 105961
target_page_id id: 2 tid 105961
0 1 tid 105961
130 4 tid 105961
365 2 tid 105961
165 tid 105961
Remove  tid 105961
FindTargetPageId rootid 3 tid 105962
target_page_id id: 2 tid 105962
0 1 tid 105962
130 4 tid 105962
365 2 tid 105962
164 tid 105962
Insert  tid 105962
FindTargetPageId rootid 3 tid 105960
target_page_id id: 2 tid 105960
0 1 tid 105960
130 4 tid 105960
365 2 tid 105960
165 tid 105960
Insert  tid 105960
FindTargetPageId rootid 3 tid 105961
target_page_id id: 2 tid 105961
0 1 tid 105961
130 4 tid 105961
365 2 tid 105961
166 tid 105961
Remove  tid 105961
FindTargetPageId rootid 3 tid 105962
target_page_id id: 2 tid 105962
0 1 tid 105962
130 4 tid 105962
365 2 tid 105962
165 tid 105962
Insert  tid 105962
FindTargetPageId rootid 3 tid 105960
target_page_id id: 2 tid 105960
0 1 tid 105960
130 4 tid 105960
365 2 tid 105960
166 tid 105960
Insert  tid 105960
FindTargetPageId rootid 3 tid 105961
target_page_id id: 2 tid 105961
0 1 tid 105961
130 4 tid 105961
365 2 tid 105961
167 tid 105961
Remove  tid 105961
FindTargetPageId rootid 3 tid 105962
target_page_id id: 2 tid 105962
0 1 tid 105962
130 4 tid 105962
365 2 tid 105962
166 tid 105962
Insert  tid 105962
FindTargetPageId rootid 3 tid 105960
target_page_id id: 2 tid 105960
0 1 tid 105960
130 4 tid 105960
365 2 tid 105960
167 tid 105960
Insert  tid 105960
FindTargetPageId rootid 3 tid 105961
target_page_id id: 2 tid 105961
0 1 tid 105961
130 4 tid 105961
365 2 tid 105961
168 tid 105961
Remove  tid 105961
FindTargetPageId rootid 3 tid 105962
target_page_id id: 2 tid 105962
0 1 tid 105962
130 4 tid 105962
365 2 tid 105962
167 tid 105962
Insert  tid 105962
FindTargetPageId rootid 3 tid 105960
target_page_id id: 2 tid 105960
0 1 tid 105960
130 4 tid 105960
365 2 tid 105960
168 tid 105960
Insert  tid 105960
FindTargetPageId rootid 3 tid 105961
target_page_id id: 2 tid 105961
0 1 tid 105961
130 4 tid 105961
365 2 tid 105961
169 tid 105961
Remove  tid 105961
FindTargetPageId rootid 3 tid 105962
target_page_id id: 2 tid 105962
0 1 tid 105962
130 4 tid 105962
365 2 tid 105962
168 tid 105962
Insert  tid 105962
FindTargetPageId rootid 3 tid 105960
target_page_id id: 2 tid 105960
0 1 tid 105960
130 4 tid 105960
365 2 tid 105960
169 tid 105960
Insert  tid 105960
FindTargetPageId rootid 3 tid 105961
target_page_id id: 2 tid 105961
0 1 tid 105961
130 4 tid 105961
365 2 tid 105961
170 tid 105961
Remove  tid 105961
FindTargetPageId rootid 3 tid 105962
target_page_id id: 2 tid 105962
0 1 tid 105962
130 4 tid 105962
365 2 tid 105962
169 tid 105962
Insert  tid 105962
FindTargetPageId rootid 3 tid 105960
target_page_id id: 2 tid 105960
0 1 tid 105960
130 4 tid 105960
365 2 tid 105960
170 tid 105960
Insert  tid 105960
FindTargetPageId rootid 3 tid 105960
target_page_id id: 2 tid 105960
0 1 tid 105960
130 4 tid 105960
365 2 tid 105960
171 tid 105960
Insert  tid 105960
FindTargetPageId rootid 3 tid 105960
target_page_id id: 2 tid 105960
0 1 tid 105960
130 4 tid 105960
365 2 tid 105960
172 tid 105960
Insert  tid 105960
FindTargetPageId rootid 3 tid 105960
target_page_id id: 2 tid 105960
0 1 tid 105960
130 4 tid 105960
365 2 tid 105960
173 tid 105960
Insert  tid 105960
FindTargetPageId rootid 3 tid 105961
target_page_id id: 2 tid 105961
0 1 tid 105961
130 4 tid 105961
365 2 tid 105961
174 tid 105961
Remove  tid 105961
FindTargetPageId rootid 3 tid 105962
target_page_id id: 2 tid 105962
0 1 tid 105962
130 4 tid 105962
365 2 tid 105962
173 tid 105962
Insert  tid 105962
FindTargetPageId rootid 3 tid 105960
target_page_id id: 2 tid 105960
0 1 tid 105960
130 4 tid 105960
365 2 tid 105960
174 tid 105960
Insert  tid 105960
FindTargetPageId rootid 3 tid 105961
target_page_id id: 2 tid 105961
0 1 tid 105961
130 4 tid 105961
365 2 tid 105961
175 tid 105961
Remove  tid 105961
FindTargetPageId rootid 3 tid 105961
target_page_id id: 2 tid 105961
0 1 tid 105961
130 4 tid 105961
365 2 tid 105961
174 tid 105961
Remove  tid 105961
FindTargetPageId rootid 3 tid 105960
target_page_id id: 2 tid 105960
0 1 tid 105960
130 4 tid 105960
365 2 tid 105960
173 tid 105960
Insert  tid 105960
FindTargetPageId rootid 3 tid 105962
target_page_id id: 2 tid 105962
0 1 tid 105962
130 4 tid 105962
365 2 tid 105962
174 tid 105962
Insert  tid 105962
FindTargetPageId rootid 3 tid 105961
target_page_id id: 2 tid 105961
0 1 tid 105961
130 4 tid 105961
365 2 tid 105961
175 tid 105961
Remove  tid 105961
FindTargetPageId rootid 3 tid 105960
target_page_id id: 2 tid 105960
0 1 tid 105960
130 4 tid 105960
365 2 tid 105960
174 tid 105960
Insert  tid 105960
FindTargetPageId rootid 3 tid 105962
target_page_id id: 2 tid 105962
0 1 tid 105962
130 4 tid 105962
365 2 tid 105962
175 tid 105962
Insert  tid 105962
FindTargetPageId rootid 3 tid 105961
target_page_id id: 2 tid 105961
0 1 tid 105961
130 4 tid 105961
365 2 tid 105961
176 tid 105961
Remove  tid 105961
FindTargetPageId rootid 3 tid 105960
target_page_id id: 2 tid 105960
0 1 tid 105960
130 4 tid 105960
365 2 tid 105960
175 tid 105960
Insert  tid 105960
FindTargetPageId rootid 3 tid 105962
target_page_id id: 2 tid 105962
0 1 tid 105962
130 4 tid 105962
365 2 tid 105962
176 tid 105962
Insert  tid 105962
FindTargetPageId rootid 3 tid 105961
target_page_id id: 2 tid 105961
0 1 tid 105961
130 4 tid 105961
365 2 tid 105961
177 tid 105961
Remove  tid 105961
FindTargetPageId rootid 3 tid 105960
target_page_id id: 2 tid 105960
0 1 tid 105960
130 4 tid 105960
365 2 tid 105960
176 tid 105960
Insert  tid 105960
FindTargetPageId rootid 3 tid 105962
target_page_id id: 2 tid 105962
0 1 tid 105962
130 4 tid 105962
365 2 tid 105962
177 tid 105962
Insert  tid 105962
FindTargetPageId rootid 3 tid 105961
target_page_id id: 2 tid 105961
0 1 tid 105961
130 4 tid 105961
365 2 tid 105961
178 tid 105961
Remove  tid 105961
FindTargetPageId rootid 3 tid 105960
target_page_id id: 2 tid 105960
0 1 tid 105960
130 4 tid 105960
365 2 tid 105960
177 tid 105960
Insert  tid 105960
FindTargetPageId rootid 3 tid 105962
target_page_id id: 2 tid 105962
0 1 tid 105962
130 4 tid 105962
365 2 tid 105962
178 tid 105962
Insert  tid 105962
FindTargetPageId rootid 3 tid 105961
target_page_id id: 2 tid 105961
0 1 tid 105961
130 4 tid 105961
365 2 tid 105961
179 tid 105961
Remove  tid 105961
FindTargetPageId rootid 3 tid 105960
target_page_id id: 2 tid 105960
0 1 tid 105960
130 4 tid 105960
365 2 tid 105960
178 tid 105960
Insert  tid 105960
FindTargetPageId rootid 3 tid 105962
target_page_id id: 2 tid 105962
0 1 tid 105962
130 4 tid 105962
365 2 tid 105962
179 tid 105962
Insert  tid 105962
FindTargetPageId rootid 3 tid 105961
target_page_id id: 2 tid 105961
0 1 tid 105961
130 4 tid 105961
365 2 tid 105961
180 tid 105961
Remove  tid 105961
FindTargetPageId rootid 3 tid 105960
target_page_id id: 2 tid 105960
0 1 tid 105960
130 4 tid 105960
365 2 tid 105960
179 tid 105960
Insert  tid 105960
FindTargetPageId rootid 3 tid 105962
target_page_id id: 2 tid 105962
0 1 tid 105962
130 4 tid 105962
365 2 tid 105962
180 tid 105962
Insert  tid 105962
FindTargetPageId rootid 3 tid 105962
target_page_id id: 2 tid 105962
0 1 tid 105962
130 4 tid 105962
365 2 tid 105962
181 tid 105962
Insert  tid 105962
FindTargetPageId rootid 3 tid 105960
target_page_id id: 2 tid 105960
0 1 tid 105960
130 4 tid 105960
365 2 tid 105960
182 tid 105960
Insert  tid 105960
FindTargetPageId rootid 3 tid 105961
target_page_id id: 2 tid 105961
0 1 tid 105961
130 4 tid 105961
365 2 tid 105961
183 tid 105961
Remove  tid 105961
FindTargetPageId rootid 3 tid 105962
target_page_id id: 2 tid 105962
0 1 tid 105962
130 4 tid 105962
365 2 tid 105962
182 tid 105962
Insert  tid 105962
FindTargetPageId rootid 3 tid 105960
target_page_id id: 2 tid 105960
0 1 tid 105960
130 4 tid 105960
365 2 tid 105960
183 tid 105960
Insert  tid 105960
FindTargetPageId rootid 3 tid 105960
target_page_id id: 2 tid 105960
0 1 tid 105960
130 4 tid 105960
365 2 tid 105960
184 tid 105960
Insert  tid 105960
FindTargetPageId rootid 3 tid 105962
target_page_id id: 2 tid 105962
0 1 tid 105962
130 4 tid 105962
365 2 tid 105962
185 tid 105962
Insert  tid 105962
FindTargetPageId rootid 3 tid 105961
target_page_id id: 2 tid 105961
0 1 tid 105961
130 4 tid 105961
365 2 tid 105961
186 tid 105961
Remove  tid 105961
FindTargetPageId rootid 3 tid 105961
target_page_id id: 2 tid 105961
0 1 tid 105961
130 4 tid 105961
365 2 tid 105961
185 tid 105961
Remove  tid 105961
FindTargetPageId rootid 3 tid 105961
target_page_id id: 2 tid 105961
0 1 tid 105961
130 4 tid 105961
365 2 tid 105961
184 tid 105961
Remove  tid 105961
FindTargetPageId rootid 3 tid 105961
target_page_id id: 2 tid 105961
0 1 tid 105961
130 4 tid 105961
365 2 tid 105961
183 tid 105961
Remove  tid 105961
FindTargetPageId rootid 3 tid 105961
target_page_id id: 2 tid 105961
0 1 tid 105961
130 4 tid 105961
365 2 tid 105961
182 tid 105961
Remove  tid 105961
FindTargetPageId rootid 3 tid 105961
target_page_id id: 2 tid 105961
0 1 tid 105961
130 4 tid 105961
365 2 tid 105961
181 tid 105961
Remove  tid 105961
FindTargetPageId rootid 3 tid 105961
target_page_id id: 2 tid 105961
0 1 tid 105961
130 4 tid 105961
365 2 tid 105961
180 tid 105961
Remove  tid 105961
FindTargetPageId rootid 3 tid 105961
target_page_id id: 2 tid 105961
0 1 tid 105961
130 4 tid 105961
365 2 tid 105961
179 tid 105961
Remove  tid 105961
FindTargetPageId rootid 3 tid 105961
target_page_id id: 2 tid 105961
0 1 tid 105961
130 4 tid 105961
365 2 tid 105961
178 tid 105961
Remove  tid 105961
FindTargetPageId rootid 3 tid 105961
target_page_id id: 2 tid 105961
0 1 tid 105961
130 4 tid 105961
365 2 tid 105961
177 tid 105961
Remove  tid 105961
FindTargetPageId rootid 3 tid 105961
target_page_id id: 2 tid 105961
0 1 tid 105961
130 4 tid 105961
365 2 tid 105961
176 tid 105961
Remove  tid 105961
FindTargetPageId rootid 3 tid 105961
target_page_id id: 2 tid 105961
0 1 tid 105961
130 4 tid 105961
365 2 tid 105961
175 tid 105961
Remove  tid 105961
FindTargetPageId rootid 3 tid 105961
target_page_id id: 2 tid 105961
0 1 tid 105961
130 4 tid 105961
365 2 tid 105961
174 tid 105961
Remove  tid 105961
FindTargetPageId rootid 3 tid 105960
target_page_id id: 2 tid 105960
0 1 tid 105960
130 4 tid 105960
365 2 tid 105960
173 tid 105960
Insert  tid 105960
FindTargetPageId rootid 3 tid 105960
target_page_id id: 2 tid 105960
0 1 tid 105960
130 4 tid 105960
365 2 tid 105960
174 tid 105960
Insert  tid 105960
FindTargetPageId rootid 3 tid 105961
target_page_id id: 2 tid 105961
0 1 tid 105961
130 4 tid 105961
365 2 tid 105961
175 tid 105961
Remove  tid 105961
FindTargetPageId rootid 3 tid 105962
target_page_id id: 2 tid 105962
0 1 tid 105962
130 4 tid 105962
365 2 tid 105962
174 tid 105962
Insert  tid 105962
FindTargetPageId rootid 3 tid 105962
target_page_id id: 2 tid 105962
0 1 tid 105962
130 4 tid 105962
365 2 tid 105962
175 tid 105962
Insert  tid 105962
FindTargetPageId rootid 3 tid 105961
target_page_id id: 2 tid 105961
0 1 tid 105961
130 4 tid 105961
365 2 tid 105961
176 tid 105961
Remove  tid 105961
FindTargetPageId rootid 3 tid 105961
target_page_id id: 2 tid 105961
0 1 tid 105961
130 4 tid 105961
365 2 tid 105961
175 tid 105961
Remove  tid 105961
FindTargetPageId rootid 3 tid 105961
target_page_id id: 2 tid 105961
0 1 tid 105961
130 4 tid 105961
365 2 tid 105961
174 tid 105961
Remove  tid 105961
FindTargetPageId rootid 3 tid 105961
target_page_id id: 2 tid 105961
0 1 tid 105961
130 4 tid 105961
365 2 tid 105961
173 tid 105961
Remove  tid 105961
FindTargetPageId rootid 3 tid 105961
target_page_id id: 2 tid 105961
0 1 tid 105961
130 4 tid 105961
365 2 tid 105961
172 tid 105961
Remove  tid 105961
FindTargetPageId rootid 3 tid 105961
target_page_id id: 2 tid 105961
0 1 tid 105961
130 4 tid 105961
365 2 tid 105961
172 tid 105961
Remove  tid 105961
FindTargetPageId rootid 3 tid 105961
target_page_id id: 2 tid 105961
0 1 tid 105961
130 4 tid 105961
365 2 tid 105961
172 tid 105961
Remove  tid 105961
FindTargetPageId rootid 3 tid 105961
target_page_id id: 2 tid 105961
0 1 tid 105961
130 4 tid 105961
365 2 tid 105961
172 tid 105961
Remove  tid 105961
FindTargetPageId rootid 3 tid 105961
target_page_id id: 2 tid 105961
0 1 tid 105961
130 4 tid 105961
365 2 tid 105961
172 tid 105961
Remove  tid 105961
FindTargetPageId rootid 3 tid 105960
target_page_id id: 2 tid 105960
0 1 tid 105960
130 4 tid 105960
365 2 tid 105960
172 tid 105960
Insert  tid 105960
FindTargetPageId rootid 3 tid 105960
target_page_id id: 2 tid 105960
0 1 tid 105960
130 4 tid 105960
365 2 tid 105960
173 tid 105960
Insert  tid 105960
FindTargetPageId rootid 3 tid 105962
target_page_id id: 2 tid 105962
0 1 tid 105962
130 4 tid 105962
365 2 tid 105962
174 tid 105962
Insert  tid 105962
FindTargetPageId rootid 3 tid 105962
target_page_id id: 2 tid 105962
0 1 tid 105962
130 4 tid 105962
365 2 tid 105962
175 tid 105962
Insert  tid 105962
FindTargetPageId rootid 3 tid 105960
target_page_id id: 2 tid 105960
0 1 tid 105960
130 4 tid 105960
365 2 tid 105960
176 tid 105960
Insert  tid 105960
FindTargetPageId rootid 3 tid 105961
target_page_id id: 2 tid 105961
0 1 tid 105961
130 4 tid 105961
365 2 tid 105961
177 tid 105961
Remove  tid 105961
FindTargetPageId rootid 3 tid 105962
target_page_id id: 2 tid 105962
0 1 tid 105962
130 4 tid 105962
365 2 tid 105962
177 tid 105962
Insert  tid 105962
FindTargetPageId rootid 3 tid 105960
target_page_id id: 2 tid 105960
0 1 tid 105960
130 4 tid 105960
365 2 tid 105960
178 tid 105960
Insert  tid 105960
FindTargetPageId rootid 3 tid 105961
target_page_id id: 2 tid 105961
0 1 tid 105961
130 4 tid 105961
365 2 tid 105961
179 tid 105961
Remove  tid 105961
FindTargetPageId rootid 3 tid 105961
target_page_id id: 2 tid 105961
0 1 tid 105961
130 4 tid 105961
365 2 tid 105961
179 tid 105961
Remove  tid 105961
FindTargetPageId rootid 3 tid 105961
target_page_id id: 2 tid 105961
0 1 tid 105961
130 4 tid 105961
365 2 tid 105961
179 tid 105961
Remove  tid 105961
FindTargetPageId rootid 3 tid 105961
target_page_id id: 2 tid 105961
0 1 tid 105961
130 4 tid 105961
365 2 tid 105961
179 tid 105961
Remove  tid 105961
FindTargetPageId rootid 3 tid 105961
target_page_id id: 2 tid 105961
0 1 tid 105961
130 4 tid 105961
365 2 tid 105961
179 tid 105961
Remove  tid 105961
FindTargetPageId rootid 3 tid 105961
target_page_id id: 2 tid 105961
0 1 tid 105961
130 4 tid 105961
365 2 tid 105961
179 tid 105961
Remove  tid 105961
FindTargetPageId rootid 3 tid 105960
target_page_id id: 2 tid 105960
0 1 tid 105960
130 4 tid 105960
365 2 tid 105960
179 tid 105960
Insert  tid 105960
FindTargetPageId rootid 3 tid 105962
target_page_id id: 2 tid 105962
0 1 tid 105962
130 4 tid 105962
365 2 tid 105962
180 tid 105962
Insert  tid 105962
FindTargetPageId rootid 3 tid 105962
target_page_id id: 2 tid 105962
0 1 tid 105962
130 4 tid 105962
365 2 tid 105962
181 tid 105962
Insert  tid 105962
FindTargetPageId rootid 3 tid 105962
target_page_id id: 2 tid 105962
0 1 tid 105962
130 4 tid 105962
365 2 tid 105962
182 tid 105962
Insert  tid 105962
FindTargetPageId rootid 3 tid 105962
target_page_id id: 2 tid 105962
0 1 tid 105962
130 4 tid 105962
365 2 tid 105962
183 tid 105962
Insert  tid 105962
FindTargetPageId rootid 3 tid 105961
target_page_id id: 2 tid 105961
0 1 tid 105961
130 4 tid 105961
365 2 tid 105961
184 tid 105961
Remove  tid 105961
FindTargetPageId rootid 3 tid 105960
target_page_id id: 2 tid 105960
0 1 tid 105960
130 4 tid 105960
365 2 tid 105960
184 tid 105960
Insert  tid 105960
FindTargetPageId rootid 3 tid 105962
target_page_id id: 2 tid 105962
0 1 tid 105962
130 4 tid 105962
365 2 tid 105962
185 tid 105962
Insert  tid 105962
FindTargetPageId rootid 3 tid 105961
target_page_id id: 2 tid 105961
0 1 tid 105961
130 4 tid 105961
365 2 tid 105961
186 tid 105961
Remove  tid 105961
FindTargetPageId rootid 3 tid 105960
target_page_id id: 2 tid 105960
0 1 tid 105960
130 4 tid 105960
365 2 tid 105960
186 tid 105960
Insert  tid 105960
FindTargetPageId rootid 3 tid 105962
target_page_id id: 2 tid 105962
0 1 tid 105962
130 4 tid 105962
365 2 tid 105962
187 tid 105962
Insert  tid 105962
FindTargetPageId rootid 3 tid 105961
target_page_id id: 2 tid 105961
0 1 tid 105961
130 4 tid 105961
365 2 tid 105961
188 tid 105961
Remove  tid 105961
FindTargetPageId rootid 3 tid 105960
target_page_id id: 2 tid 105960
0 1 tid 105960
130 4 tid 105960
365 2 tid 105960
188 tid 105960
Insert  tid 105960
FindTargetPageId rootid 3 tid 105960
target_page_id id: 2 tid 105960
0 1 tid 105960
130 4 tid 105960
365 2 tid 105960
189 tid 105960
Insert  tid 105960
FindTargetPageId rootid 3 tid 105960
target_page_id id: 2 tid 105960
0 1 tid 105960
130 4 tid 105960
365 2 tid 105960
190 tid 105960
Insert  tid 105960
FindTargetPageId rootid 3 tid 105960
target_page_id id: 2 tid 105960
0 1 tid 105960
130 4 tid 105960
365 2 tid 105960
191 tid 105960
Insert  tid 105960
FindTargetPageId rootid 3 tid 105960
target_page_id id: 2 tid 105960
0 1 tid 105960
130 4 tid 105960
365 2 tid 105960
192 tid 105960
Insert  tid 105960
FindTargetPageId rootid 3 tid 105960
target_page_id id: 2 tid 105960
0 1 tid 105960
130 4 tid 105960
365 2 tid 105960
193 tid 105960
Insert  tid 105960
FindTargetPageId rootid 3 tid 105960
target_page_id id: 2 tid 105960
0 1 tid 105960
130 4 tid 105960
365 2 tid 105960
194 tid 105960
Insert  tid 105960
FindTargetPageId rootid 3 tid 105960
target_page_id id: 2 tid 105960
0 1 tid 105960
130 4 tid 105960
365 2 tid 105960
195 tid 105960
Insert  tid 105960
FindTargetPageId rootid 3 tid 105960
target_page_id id: 2 tid 105960
0 1 tid 105960
130 4 tid 105960
365 2 tid 105960
196 tid 105960
Insert  tid 105960
FindTargetPageId rootid 3 tid 105960
target_page_id id: 2 tid 105960
0 1 tid 105960
130 4 tid 105960
365 2 tid 105960
197 tid 105960
Insert  tid 105960
FindTargetPageId rootid 3 tid 105960
target_page_id id: 2 tid 105960
0 1 tid 105960
130 4 tid 105960
365 2 tid 105960
198 tid 105960
Insert  tid 105960
FindTargetPageId rootid 3 tid 105960
target_page_id id: 2 tid 105960
0 1 tid 105960
130 4 tid 105960
365 2 tid 105960
199 tid 105960
Insert  tid 105960
FindTargetPageId rootid 3 tid 105960
target_page_id id: 2 tid 105960
0 1 tid 105960
130 4 tid 105960
365 2 tid 105960
200 tid 105960
Insert  tid 105960
FindTargetPageId rootid 3 tid 105960
target_page_id id: 2 tid 105960
0 1 tid 105960
130 4 tid 105960
365 2 tid 105960
201 tid 105960
Insert  tid 105960
FindTargetPageId rootid 3 tid 105961
target_page_id id: 2 tid 105961
0 1 tid 105961
130 4 tid 105961
365 2 tid 105961
202 tid 105961
Remove  tid 105961
FindTargetPageId rootid 3 tid 105961
target_page_id id: 2 tid 105961
0 1 tid 105961
130 4 tid 105961
365 2 tid 105961
202 tid 105961
Remove  tid 105961
FindTargetPageId rootid 3 tid 105961
target_page_id id: 2 tid 105961
0 1 tid 105961
130 4 tid 105961
365 2 tid 105961
202 tid 105961
Remove  tid 105961
FindTargetPageId rootid 3 tid 105961
target_page_id id: 2 tid 105961
0 1 tid 105961
130 4 tid 105961
365 2 tid 105961
202 tid 105961
Remove  tid 105961
FindTargetPageId rootid 3 tid 105961
target_page_id id: 2 tid 105961
0 1 tid 105961
130 4 tid 105961
365 2 tid 105961
202 tid 105961
Remove  tid 105961
FindTargetPageId rootid 3 tid 105961
target_page_id id: 2 tid 105961
0 1 tid 105961
130 4 tid 105961
365 2 tid 105961
202 tid 105961
Remove  tid 105961
FindTargetPageId rootid 3 tid 105961
target_page_id id: 2 tid 105961
0 1 tid 105961
130 4 tid 105961
365 2 tid 105961
202 tid 105961
Remove  tid 105961
FindTargetPageId rootid 3 tid 105961
target_page_id id: 2 tid 105961
0 1 tid 105961
130 4 tid 105961
365 2 tid 105961
202 tid 105961
Remove  tid 105961
FindTargetPageId rootid 3 tid 105961
target_page_id id: 2 tid 105961
0 1 tid 105961
130 4 tid 105961
365 2 tid 105961
202 tid 105961
Remove  tid 105961
FindTargetPageId rootid 3 tid 105961
target_page_id id: 2 tid 105961
0 1 tid 105961
130 4 tid 105961
365 2 tid 105961
202 tid 105961
Remove  tid 105961
FindTargetPageId rootid 3 tid 105961
target_page_id id: 2 tid 105961
0 1 tid 105961
130 4 tid 105961
365 2 tid 105961
202 tid 105961
Remove  tid 105961
FindTargetPageId rootid 3 tid 105960
target_page_id id: 2 tid 105960
0 1 tid 105960
130 4 tid 105960
365 2 tid 105960
202 tid 105960
Insert  tid 105960
FindTargetPageId rootid 3 tid 105960
target_page_id id: 2 tid 105960
0 1 tid 105960
130 4 tid 105960
365 2 tid 105960
203 tid 105960
Insert  tid 105960
FindTargetPageId rootid 3 tid 105960
target_page_id id: 2 tid 105960
0 1 tid 105960
130 4 tid 105960
365 2 tid 105960
204 tid 105960
Insert  tid 105960
FindTargetPageId rootid 3 tid 105960
target_page_id id: 2 tid 105960
0 1 tid 105960
130 4 tid 105960
365 2 tid 105960
205 tid 105960
Insert  tid 105960
FindTargetPageId rootid 3 tid 105960
target_page_id id: 2 tid 105960
0 1 tid 105960
130 4 tid 105960
365 2 tid 105960
206 tid 105960
Insert  tid 105960
FindTargetPageId rootid 3 tid 105961
target_page_id id: 2 tid 105961
0 1 tid 105961
130 4 tid 105961
365 2 tid 105961
207 tid 105961
Remove  tid 105961
FindTargetPageId rootid 3 tid 105961
target_page_id id: 2 tid 105961
0 1 tid 105961
130 4 tid 105961
365 2 tid 105961
207 tid 105961
Remove  tid 105961
FindTargetPageId rootid 3 tid 105961
target_page_id id: 2 tid 105961
0 1 tid 105961
130 4 tid 105961
365 2 tid 105961
207 tid 105961
Remove  tid 105961
FindTargetPageId rootid 3 tid 105960
target_page_id id: 2 tid 105960
0 1 tid 105960
130 4 tid 105960
365 2 tid 105960
207 tid 105960
Insert  tid 105960
FindTargetPageId rootid 3 tid 105960
target_page_id id: 2 tid 105960
0 1 tid 105960
130 4 tid 105960
365 2 tid 105960
208 tid 105960
Insert  tid 105960
FindTargetPageId rootid 3 tid 105960
target_page_id id: 2 tid 105960
0 1 tid 105960
130 4 tid 105960
365 2 tid 105960
209 tid 105960
Insert  tid 105960
FindTargetPageId rootid 3 tid 105960
target_page_id id: 2 tid 105960
0 1 tid 105960
130 4 tid 105960
365 2 tid 105960
210 tid 105960
Insert  tid 105960
FindTargetPageId rootid 3 tid 105960
target_page_id id: 2 tid 105960
0 1 tid 105960
130 4 tid 105960
365 2 tid 105960
211 tid 105960
FindTargetPageId rootid 3 tid 105961
target_page_id id: 2 tid 105961
0 1 tid 105961
130 4 tid 105961
365 2 tid 105961
Insert 212 tid 105961
 tid 105960
Remove  tid 105961
FindTargetPageId rootid 3 tid 105960
target_page_id id: 2 tid 105960
0 1 tid 105960
130 4 tid 105960
365 2 tid 105960
212 tid 105960
FindTargetPageId rootid 3 tid 105961
target_page_id id: 2 tid 105961
0 1 tid 105961
130 4 tid 105961
365 2 tid 105961
213 tid 105961
Insert  tid 105960
Remove  tid 105961
FindTargetPageId rootid 3 tid 105962
target_page_id id: 2 tid 105962
0 1 tid 105962
130 4 tid 105962
365 2 tid 105962
213 tid 105962
Insert  tid 105962
FindTargetPageId rootid 3 tid 105960
target_page_id id: 2 tid 105960
0 1 tid 105960
130 4 tid 105960
365 2 tid 105960
214 tid 105960
Insert  tid 105960
FindTargetPageId rootid 3 tid 105961
target_page_id id: 2 tid 105961
0 1 tid 105961
130 4 tid 105961
365 2 tid 105961
215 tid 105961
Remove  tid 105961
FindTargetPageId rootid 3 tid 105961
target_page_id id: 2 tid 105961
0 1 tid 105961
130 4 tid 105961
365 2 tid 105961
215 tid 105961
Remove  tid 105961
FindTargetPageId rootid 3 tid 105960
target_page_id id: 2 tid 105960
0 1 tid 105960
130 4 tid 105960
365 2 tid 105960
215 tid 105960
Insert  tid 105960
FindTargetPageId rootid 3 tid 105962
target_page_id id: 2 tid 105962
0 1 tid 105962
130 4 tid 105962
365 2 tid 105962
215 tid 105962
Insert  tid 105962
FindTargetPageId rootid 3 tid 105961
target_page_id id: 2 tid 105961
0 1 tid 105961
130 4 tid 105961
365 2 tid 105961
216 tid 105961
Remove  tid 105961
FindTargetPageId rootid 3 tid 105960
target_page_id id: 2 tid 105960
0 1 tid 105960
130 4 tid 105960
365 2 tid 105960
216 tid 105960
Insert  tid 105960
FindTargetPageId rootid 3 tid 105962
target_page_id id: 2 tid 105962
0 1 tid 105962
130 4 tid 105962
365 2 tid 105962
216 tid 105962
Insert  tid 105962
FindTargetPageId rootid 3 tid 105961
target_page_id id: 2 tid 105961
0 1 tid 105961
130 4 tid 105961
365 2 tid 105961
217 tid 105961
Remove  tid 105961
FindTargetPageId rootid 3 tid 105961
target_page_id id: 2 tid 105961
0 1 tid 105961
130 4 tid 105961
365 2 tid 105961
217 tid 105961
Remove  tid 105961
FindTargetPageId rootid 3 tid 105962
target_page_id id: 2 tid 105962
0 1 tid 105962
130 4 tid 105962
365 2 tid 105962
217 tid 105962
Insert  tid 105962
FindTargetPageId rootid 3 tid 105960
target_page_id id: 2 tid 105960
0 1 tid 105960
130 4 tid 105960
365 2 tid 105960
218 tid 105960
Insert  tid 105960
FindTargetPageId rootid 3 tid 105961
target_page_id id: 2 tid 105961
0 1 tid 105961
130 4 tid 105961
365 2 tid 105961
218 tid 105961
Remove  tid 105961
FindTargetPageId rootid 3 tid 105961
target_page_id id: 2 tid 105961
0 1 tid 105961
130 4 tid 105961
365 2 tid 105961
218 tid 105961
Remove  tid 105961
FindTargetPageId rootid 3 tid 105960
target_page_id id: 2 tid 105960
0 1 tid 105960
130 4 tid 105960
365 2 tid 105960
218 tid 105960
Insert  tid 105960
FindTargetPageId rootid 3 tid 105962
target_page_id id: 2 tid 105962
0 1 tid 105962
130 4 tid 105962
365 2 tid 105962
218 tid 105962
FindTargetPageId rootid 3 tid 105961
target_page_id id: 2 tid 105961
0 1 tid 105961
130 4 tid 105961
365 2 tid 105961
Insert  tid 105962
219 tid 105961
FindTargetPageId rootid 3 tid 105960
target_page_id id: 2 tid 105960
0 1 tid 105960
130 4 tid 105960
365 2 tid 105960
219 tid 105960
Insert  tid 105960
FindTargetPageId rootid 3 tid 105962
target_page_id id: 2 tid 105962
0 1 tid 105962
130 4 tid 105962
365 2 tid 105962
219 tid 105962
Insert  tid 105962
FindTargetPageId rootid 3 tid 105960
target_page_id id: 2 tid 105960
0 1 tid 105960
130 4 tid 105960
365 2 tid 105960
220 tid 105960
Remove Insert  tid 105960
FindTargetPageId rootid 3 tid 105962
target_page_id id: 2 tid 105962
0 1 tid 105962
130 4 tid 105962
365 2 tid 105962
220 tid 105962
 tid 105961
Insert  tid 105962
FindTargetPageId rootid 3 tid 105960
target_page_id id: 2 tid 105960
0 1 tid 105960
130 4 tid 105960
365 2 tid 105960
221 tid 105960
Insert  tid 105960
FindTargetPageId rootid 3 tid 105961
target_page_id id: 2 tid 105961
0 1 tid 105961
130 4 tid 105961
365 2 tid 105961
221 tid 105961
Remove  tid 105961
FindTargetPageId rootid 3 tid 105962
target_page_id id: 2 tid 105962
0 1 tid 105962
130 4 tid 105962
365 2 tid 105962
221 tid 105962
Insert  tid 105962
FindTargetPageId rootid 3 tid 105960
target_page_id id: 2 tid 105960
0 1 tid 105960
130 4 tid 105960
365 2 tid 105960
222 tid 105960
Insert  tid 105960
FindTargetPageId rootid 3 tid 105961
target_page_id id: 2 tid 105961
0 1 tid 105961
130 4 tid 105961
365 2 tid 105961
222 tid 105961
Remove  tid 105961
FindTargetPageId rootid 3 tid 105961
target_page_id id: 2 tid 105961
0 1 tid 105961
130 4 tid 105961
365 2 tid 105961
222 tid 105961
Remove  tid 105961
FindTargetPageId rootid 3 tid 105960
target_page_id id: 2 tid 105960
0 1 tid 105960
130 4 tid 105960
365 2 tid 105960
222 tid 105960
Insert  tid 105960
FindTargetPageId rootid 3 tid 105962
target_page_id id: 2 tid 105962
0 1 tid 105962
130 4 tid 105962
365 2 tid 105962
222 tid 105962
Insert  tid 105962
FindTargetPageId rootid 3 tid 105961
target_page_id id: 2 tid 105961
0 1 tid 105961
130 4 tid 105961
365 2 tid 105961
223 tid 105961
Remove  tid 105961
FindTargetPageId rootid 3 tid 105960
target_page_id id: 2 tid 105960
0 1 tid 105960
130 4 tid 105960
365 2 tid 105960
223 tid 105960
Insert  tid 105960
FindTargetPageId rootid 3 tid 105962
target_page_id id: 2 tid 105962
0 1 tid 105962
130 4 tid 105962
365 2 tid 105962
223 tid 105962
Insert  tid 105962
FindTargetPageId rootid 3 tid 105961
target_page_id id: 2 tid 105961
0 1 tid 105961
130 4 tid 105961
365 2 tid 105961
224 tid 105961
Remove  tid 105961
FindTargetPageId rootid 3 tid 105960
target_page_id id: 2 tid 105960
0 1 tid 105960
130 4 tid 105960
365 2 tid 105960
224 tid 105960
Insert  tid 105960
FindTargetPageId rootid 3 tid 105962
target_page_id id: 2 tid 105962
0 1 tid 105962
130 4 tid 105962
365 2 tid 105962
224 tid 105962
Insert  tid 105962
FindTargetPageId rootid 3 tid 105961
target_page_id id: 2 tid 105961
0 1 tid 105961
130 4 tid 105961
365 2 tid 105961
225 tid 105961
Remove  tid 105961
FindTargetPageId rootid 3 tid 105960
target_page_id id: 2 tid 105960
0 1 tid 105960
130 4 tid 105960
365 2 tid 105960
225 tid 105960
Insert  tid 105960
FindTargetPageId rootid 3 tid 105962
target_page_id id: 2 tid 105962
0 1 tid 105962
130 4 tid 105962
365 2 tid 105962
225 tid 105962
Insert  tid 105962
FindTargetPageId rootid 3 tid 105962
target_page_id id: 2 tid 105962
0 1 tid 105962
130 4 tid 105962
365 2 tid 105962
226 tid 105962
Insert  tid 105962
FindTargetPageId rootid 3 tid 105962
target_page_id id: 2 tid 105962
0 1 tid 105962
130 4 tid 105962
365 2 tid 105962
227 tid 105962
Insert  tid 105962
FindTargetPageId rootid 3 tid 105962
target_page_id id: 2 tid 105962
0 1 tid 105962
130 4 tid 105962
365 2 tid 105962
228 tid 105962
Insert  tid 105962
FindTargetPageId rootid 3 tid 105961
target_page_id id: 2 tid 105961
0 1 tid 105961
130 4 tid 105961
365 2 tid 105961
229 tid 105961
Remove  tid 105961
FindTargetPageId rootid 3 tid 105960
target_page_id id: 2 tid 105960
0 1 tid 105960
130 4 tid 105960
365 2 tid 105960
229 tid 105960
Insert  tid 105960
FindTargetPageId rootid 3 tid 105960
target_page_id id: 2 tid 105960
0 1 tid 105960
130 4 tid 105960
365 2 tid 105960
229 tid 105960
Insert  tid 105960
FindTargetPageId rootid 3 tid 105961
target_page_id id: 2 tid 105961
0 1 tid 105961
130 4 tid 105961
365 2 tid 105961
229 tid 105961
FindTargetPageId rootid 3 tid 105962
target_page_id id: 2 tid 105962
0 1 tid 105962
130 4 tid 105962
365 2 tid 105962
229 tid 105962
Remove  tid Insert  tid 105962
105961FindTargetPageId rootid 3 tid 105962
target_page_id id: 2 tid 105962
0 1 tid 105962
130 4 tid 105962
365 2 tid 105962
230 tid 105962

Insert  tid 105962
FindTargetPageId rootid 3 tid 105960
target_page_id id: 2 tid 105960
0 1 tid 105960
130 4 tid 105960
365 2 tid 105960
231 tid 105960
Insert  tid 105960
FindTargetPageId rootid 3 tid 105961
target_page_id id: 2 tid 105961
0 1 tid 105961
130 4 tid 105961
365 2 tid 105961
231 tid 105961
Remove  tid 105961
FindTargetPageId rootid 3 tid 105961
target_page_id id: 2 tid 105961
0 1 tid 105961
130 4 tid 105961
365 2 tid 105961
231 tid 105961
Remove  tid 105961
FindTargetPageId rootid 3 tid 105961
target_page_id id: 2 tid 105961
0 1 tid 105961
130 4 tid 105961
365 2 tid 105961
231 tid 105961
Remove  tid 105961
FindTargetPageId rootid 3 tid 105961
target_page_id id: 2 tid 105961
0 1 tid 105961
130 4 tid 105961
365 2 tid 105961
231 tid 105961
Remove  tid 105961
FindTargetPageId rootid 3 tid 105962
target_page_id id: 2 tid 105962
0 1 tid 105962
130 4 tid 105962
365 2 tid 105962
231 tid 105962
Insert  tid 105962
FindTargetPageId rootid 3 tid 105960
target_page_id id: 2 tid 105960
0 1 tid 105960
130 4 tid 105960
365 2 tid 105960
232 tid 105960
Insert  tid 105960
FindTargetPageId rootid 3 tid 105961
target_page_id id: 2 tid 105961
0 1 tid 105961
130 4 tid 105961
365 2 tid 105961
232 tid 105961
Remove  tid 105961
FindTargetPageId rootid 3 tid 105961
target_page_id id: 2 tid 105961
0 1 tid 105961
130 4 tid 105961
365 2 tid 105961
232 tid 105961
Remove  tid 105961
FindTargetPageId rootid 3 tid 105961
target_page_id id: 2 tid 105961
0 1 tid 105961
130 4 tid 105961
365 2 tid 105961
232 tid 105961
Remove  tid 105961
FindTargetPageId rootid 3 tid 105961
target_page_id id: 2 tid 105961
0 1 tid 105961
130 4 tid 105961
365 2 tid 105961
232 tid 105961
Remove  tid 105961
FindTargetPageId rootid 3 tid 105961
target_page_id id: 2 tid 105961
0 1 tid 105961
130 4 tid 105961
365 2 tid 105961
232 tid 105961
Remove  tid 105961
FindTargetPageId rootid 3 tid 105961
target_page_id id: 2 tid 105961
0 1 tid 105961
130 4 tid 105961
365 2 tid 105961
232 tid 105961
Remove  tid 105961
FindTargetPageId rootid 3 tid 105962
target_page_id id: 2 tid 105962
0 1 tid 105962
130 4 tid 105962
365 2 tid 105962
232 tid 105962
Insert  tid 105962
FindTargetPageId rootid 3 tid 105960
target_page_id id: 2 tid 105960
0 1 tid 105960
130 4 tid 105960
365 2 tid 105960
233 tid 105960
Insert  tid 105960
FindTargetPageId rootid 3 tid 105961
target_page_id id: 2 tid 105961
0 1 tid 105961
130 4 tid 105961
365 2 tid 105961
233 tid 105961
Remove  tid 105961
FindTargetPageId rootid 3 tid 105962
target_page_id id: 2 tid 105962
0 1 tid 105962
130 4 tid 105962
365 2 tid 105962
233 tid 105962
Insert  tid 105962
FindTargetPageId rootid 3 tid 105960
target_page_id id: 2 tid 105960
0 1 tid 105960
130 4 tid 105960
365 2 tid 105960
234 tid 105960
Insert  tid 105960
FindTargetPageId rootid 3 tid 105961
target_page_id id: 2 tid 105961
0 1 tid 105961
130 4 tid 105961
365 2 tid 105961
234 tid 105961
Remove  tid 105961
FindTargetPageId rootid 3 tid 105962
target_page_id id: 2 tid 105962
0 1 tid 105962
130 4 tid 105962
365 2 tid 105962
234 tid 105962
Insert  tid 105962
FindTargetPageId rootid 3 tid 105960
target_page_id id: 2 tid 105960
0 1 tid 105960
130 4 tid 105960
365 2 tid 105960
235 tid 105960
Insert  tid 105960
FindTargetPageId rootid 3 tid 105960
target_page_id id: 2 tid 105960
0 1 tid 105960
130 4 tid 105960
365 2 tid 105960
235 tid 105960
Insert  tid 105960
FindTargetPageId rootid 3 tid 105962
target_page_id id: 2 tid 105962
0 1 tid 105962
130 4 tid 105962
365 2 tid 105962
235 tid 105962
Insert  tid 105962
FindTargetPageId rootid 3 tid 105961
target_page_id id: 2 tid 105961
0 1 tid 105961
130 4 tid 105961
365 2 tid 105961
236 tid 105961
Remove  tid 105961
FindTargetPageId rootid 3 tid 105960
target_page_id id: 2 tid 105960
0 1 tid 105960
130 4 tid 105960
365 2 tid 105960
236 tid 105960
Insert  tid 105960
FindTargetPageId rootid 3 tid 105960
target_page_id id: 2 tid 105960
0 1 tid 105960
130 4 tid 105960
365 2 tid 105960
236 tid 105960
Insert  tid 105960
FindTargetPageId rootid 3 tid 105960
target_page_id id: 2 tid 105960
0 1 tid 105960
130 4 tid 105960
365 2 tid 105960
236 tid 105960
Insert  tid 105960
FindTargetPageId rootid 3 tid 105960
target_page_id id: 2 tid 105960
0 1 tid 105960
130 4 tid 105960
365 2 tid 105960
236 tid 105960
Insert  tid 105960
FindTargetPageId rootid 3 tid 105960
target_page_id id: 2 tid 105960
0 1 tid 105960
130 4 tid 105960
365 2 tid 105960
236 tid 105960
Insert  tid 105960
FindTargetPageId rootid 3 tid 105960
target_page_id id: 2 tid 105960
0 1 tid 105960
130 4 tid 105960
365 2 tid 105960
236 tid 105960
Insert  tid 105960
FindTargetPageId rootid 3 tid 105962
target_page_id id: 2 tid 105962
0 1 tid 105962
130 4 tid 105962
365 2 tid 105962
236 tid 105962
Insert  tid 105962
FindTargetPageId rootid 3 tid 105961
target_page_id id: 2 tid 105961
0 1 tid 105961
130 4 tid 105961
365 2 tid 105961
237 tid 105961
FindTargetPageId rootid 3 tid 105960
target_page_id id: 2 tid 105960
0 1 tid 105960
130 4 tid 105960
365 2 tid 105960
Remove  tid 105961
237 tid 105960
Insert  tid 105960
FindTargetPageId rootid 3 tid 105960
target_page_id id: 2 tid 105960
0 1 tid 105960
130 4 tid 105960
365 2 tid 105960
237 tid 105960
Insert  tid 105960
FindTargetPageId rootid 3 tid 105960
target_page_id id: 2 tid 105960
0 1 tid 105960
130 4 tid 105960
365 2 tid 105960
237 tid 105960
Insert  tid 105960
FindTargetPageId rootid 3 tid 105960
target_page_id id: 2 tid 105960
0 1 tid 105960
130 4 tid 105960
365 2 tid 105960
237 tid 105960
Insert  tid 105960
FindTargetPageId rootid 3 tid 105962
target_page_id id: 2 tid 105962
0 1 tid 105962
130 4 tid 105962
365 2 tid 105962
237 tid 105962
Insert  tid 105962
FindTargetPageId rootid 3 tid 105962
target_page_id id: 2 tid 105962
0 1 tid 105962
130 4 tid 105962
365 2 tid 105962
238 tid 105962
Insert  tid 105962
FindTargetPageId rootid 3 tid 105962
target_page_id id: 2 tid 105962
0 1 tid 105962
130 4 tid 105962
365 2 tid 105962
239 tid 105962
Insert  tid 105962
FindTargetPageId rootid 3 tid 105962
target_page_id id: 2 tid 105962
0 1 tid 105962
130 4 tid 105962
365 2 tid 105962
240 tid 105962
Insert  tid 105962
FindTargetPageId rootid 3 tid 105962
target_page_id id: 2 tid 105962
0 1 tid 105962
130 4 tid 105962
365 2 tid 105962
241 tid 105962
Insert  tid 105962
FindTargetPageId rootid 3 tid 105962
target_page_id id: 2 tid 105962
0 1 tid 105962
130 4 tid 105962
365 2 tid 105962
242 tid 105962
Insert  tid 105962
FindTargetPageId rootid 3 tid 105961
target_page_id id: 2 tid 105961
0 1 tid 105961
130 4 tid 105961
365 2 tid 105961
243 tid 105961
Remove  tid 105961
FindTargetPageId rootid 3 tid 105961
target_page_id id: 2 tid 105961
0 1 tid 105961
130 4 tid 105961
365 2 tid 105961
243 tid 105961
Remove  tid 105961
FindTargetPageId rootid 3 tid 105961
target_page_id id: 2 tid 105961
0 1 tid 105961
130 4 tid 105961
365 2 tid 105961
243 tid 105961
Remove  tid 105961
FindTargetPageId rootid 3 tid 105961
target_page_id id: 2 tid 105961
0 1 tid 105961
130 4 tid 105961
365 2 tid 105961
243 tid 105961
Remove  tid 105961
FindTargetPageId rootid 3 tid 105961
target_page_id id: 2 tid 105961
0 1 tid 105961
130 4 tid 105961
365 2 tid 105961
243 tid 105961
Remove  tid 105961
FindTargetPageId rootid 3 tid 105961
target_page_id id: 2 tid 105961
0 1 tid 105961
130 4 tid 105961
365 2 tid 105961
243 tid 105961
Remove  tid 105961
FindTargetPageId rootid 3 tid 105961
target_page_id id: 2 tid 105961
0 1 tid 105961
130 4 tid 105961
365 2 tid 105961
243 tid 105961
Remove  tid 105961
FindTargetPageId rootid 3 tid 105961
target_page_id id: 2 tid 105961
0 1 tid 105961
130 4 tid 105961
365 2 tid 105961
243 tid 105961
Remove  tid 105961
FindTargetPageId rootid 3 tid 105961
target_page_id id: 2 tid 105961
0 1 tid 105961
130 4 tid 105961
365 2 tid 105961
243 tid 105961
Remove  tid 105961
FindTargetPageId rootid 3 tid 105961
target_page_id id: 2 tid 105961
0 1 tid 105961
130 4 tid 105961
365 2 tid 105961
243 tid 105961
Remove  tid 105961
FindTargetPageId rootid 3 tid 105962
target_page_id id: 2 tid 105962
0 1 tid 105962
130 4 tid 105962
365 2 tid 105962
243 tid 105962
Insert  tid 105962
FindTargetPageId rootid 3 tid 105962
target_page_id id: 2 tid 105962
0 1 tid 105962
130 4 tid 105962
365 2 tid 105962
244 tid 105962
Insert  tid 105962
FindTargetPageId rootid 3 tid 105962
target_page_id id: 2 tid 105962
0 1 tid 105962
130 4 tid 105962
365 2 tid 105962
245 tid 105962
Insert  tid 105962
FindTargetPageId rootid 3 tid 105962
target_page_id id: 2 tid 105962
0 1 tid 105962
130 4 tid 105962
365 2 tid 105962
246 tid 105962
Insert  tid 105962
FindTargetPageId rootid 3 tid 105962
target_page_id id: 2 tid 105962
0 1 tid 105962
130 4 tid 105962
365 2 tid 105962
247 tid 105962
Insert  tid 105962
FindTargetPageId rootid 3 tid 105962
target_page_id id: 2 tid 105962
0 1 tid 105962
130 4 tid 105962
365 2 tid 105962
248 tid 105962
Insert  tid 105962
FindTargetPageId rootid 3 tid 105962
target_page_id id: 2 tid 105962
0 1 tid 105962
130 4 tid 105962
365 2 tid 105962
249 tid 105962
Insert  tid 105962
FindTargetPageId rootid 3 tid 105962
target_page_id id: 2 tid 105962
0 1 tid 105962
130 4 tid 105962
365 2 tid 105962
250 tid 105962
Insert  tid 105962
FindTargetPageId rootid 3 tid 105962
target_page_id id: 2 tid 105962
0 1 tid 105962
130 4 tid 105962
365 2 tid 105962
251 tid 105962
Insert  tid 105962
FindTargetPageId rootid 3 tid 105962
target_page_id id: 2 tid 105962
0 1 tid 105962
130 4 tid 105962
365 2 tid 105962
252 tid 105962
Insert  tid 105962
FindTargetPageId rootid 3 tid 105962
target_page_id id: 2 tid 105962
0 1 tid 105962
130 4 tid 105962
365 2 tid 105962
253 tid 105962
Insert  tid 105962
FindTargetPageId rootid 3 tid 105962
target_page_id id: 2 tid 105962
0 1 tid 105962
130 4 tid 105962
365 2 tid 105962
254 tid 105962
Insert  tid 105962
FindTargetPageId rootid 3 tid 105962
target_page_id id: 5 tid 105962
0 1 tid 105962
130 4 tid 105962
365 2 tid 105962
492 5 tid 105962
128 tid 105962
Insert  tid 105962
FindTargetPageId rootid 3 tid 105962
target_page_id id: 5 tid 105962
0 1 tid 105962
130 4 tid 105962
365 2 tid 105962
492 5 tid 105962
129 tid 105962
Insert  tid 105962
FindTargetPageId rootid 3 tid 105962
target_page_id id: 5 tid 105962
0 1 tid 105962
130 4 tid 105962
365 2 tid 105962
492 5 tid 105962
130 tid 105962
Insert  tid 105962
FindTargetPageId rootid 3 tid 105962
target_page_id id: 5 tid 105962
0 1 tid 105962
130 4 tid 105962
365 2 tid 105962
492 5 tid 105962
131 tid 105962
Insert  tid 105962
FindTargetPageId rootid 3 tid 105962
target_page_id id: 5 tid 105962
0 1 tid 105962
130 4 tid 105962
365 2 tid 105962
492 5 tid 105962
132 tid 105962
Insert  tid 105962
FindTargetPageId rootid 3 tid 105962
target_page_id id: 5 tid 105962
0 1 tid 105962
130 4 tid 105962
365 2 tid 105962
492 5 tid 105962
133 tid 105962
Insert  tid 105962
FindTargetPageId rootid 3 tid 105962
target_page_id id: 5 tid 105962
0 1 tid 105962
130 4 tid 105962
365 2 tid 105962
492 5 tid 105962
134 tid 105962
Insert  tid 105962
FindTargetPageId rootid 3 tid 105962
target_page_id id: 5 tid 105962
0 1 tid 105962
130 4 tid 105962
365 2 tid 105962
492 5 tid 105962
135 tid 105962
Insert  tid 105962
FindTargetPageId rootid 3 tid 105962
target_page_id id: 5 tid 105962
0 1 tid 105962
130 4 tid 105962
365 2 tid 105962
492 5 tid 105962
136 tid 105962
Insert  tid 105962
FindTargetPageId rootid 3 tid 105962
target_page_id id: 5 tid 105962
0 1 tid 105962
130 4 tid 105962
365 2 tid 105962
492 5 tid 105962
137 tid 105962
Insert  tid 105962
FindTargetPageId rootid 3 tid 105962
target_page_id id: 5 tid 105962
0 1 tid 105962
130 4 tid 105962
365 2 tid 105962
492 5 tid 105962
138 tid 105962
Insert  tid 105962
FindTargetPageId rootid 3 tid 105962
target_page_id id: 5 tid 105962
0 1 tid 105962
130 4 tid 105962
365 2 tid 105962
492 5 tid 105962
139 tid 105962
Insert  tid 105962
FindTargetPageId rootid 3 tid 105962
target_page_id id: 5 tid 105962
0 1 tid 105962
130 4 tid 105962
365 2 tid 105962
492 5 tid 105962
140 tid 105962
Insert  tid 105962
FindTargetPageId rootid 3 tid 105960
target_page_id id: 5 tid 105960
0 1 tid 105960
130 4 tid 105960
365 2 tid 105960
492 5 tid 105960
141 tid 105960
Insert  tid 105960
FindTargetPageId rootid 3 tid 105960
target_page_id id: 5 tid 105960
0 1 tid 105960
130 4 tid 105960
365 2 tid 105960
492 5 tid 105960
141 tid 105960
Insert  tid 105960
FindTargetPageId rootid 3 tid 105960
target_page_id id: 5 tid 105960
0 1 tid 105960
130 4 tid 105960
365 2 tid 105960
492 5 tid 105960
141 tid 105960
Insert  tid 105960
FindTargetPageId rootid 3 tid 105960
target_page_id id: 5 tid 105960
0 1 tid 105960
130 4 tid 105960
365 2 tid 105960
492 5 tid 105960
141 tid 105960
Insert  tid 105960
FindTargetPageId rootid 3 tid 105960
target_page_id id: 5 tid 105960
0 1 tid 105960
130 4 tid 105960
365 2 tid 105960
492 5 tid 105960
141 tid 105960
Insert  tid 105960
FindTargetPageId rootid 3 tid 105962
target_page_id id: 5 tid 105962
0 1 tid 105962
130 4 tid 105962
365 2 tid 105962
492 5 tid 105962
141 tid 105962
Insert  tid 105962
FindTargetPageId rootid 3 tid 105962
target_page_id id: 5 tid 105962
0 1 tid 105962
130 4 tid 105962
365 2 tid 105962
492 5 tid 105962
142 tid 105962
Insert  tid 105962
FindTargetPageId rootid 3 tid 105962
target_page_id id: 5 tid 105962
0 1 tid 105962
130 4 tid 105962
365 2 tid 105962
492 5 tid 105962
143 tid 105962
Insert  tid 105962
FindTargetPageId rootid 3 tid 105962
target_page_id id: 5 tid 105962
0 1 tid 105962
130 4 tid 105962
365 2 tid 105962
492 5 tid 105962
144 tid 105962
Insert  tid 105962
FindTargetPageId rootid 3 tid 105962
target_page_id id: 5 tid 105962
0 1 tid 105962
130 4 tid 105962
365 2 tid 105962
492 5 tid 105962
145 tid 105962
Insert  tid 105962
FindTargetPageId rootid 3 tid 105962
target_page_id id: 5 tid 105962
0 1 tid 105962
130 4 tid 105962
365 2 tid 105962
492 5 tid 105962
146 tid 105962
Insert  tid 105962
FindTargetPageId rootid 3 tid 105962
target_page_id id: 5 tid 105962
0 1 tid 105962
130 4 tid 105962
365 2 tid 105962
492 5 tid 105962
147 tid 105962
Insert  tid 105962
FindTargetPageId rootid 3 tid 105962
target_page_id id: 5 tid 105962
0 1 tid 105962
130 4 tid 105962
365 2 tid 105962
492 5 tid 105962
148 tid 105962
Insert  tid 105962
FindTargetPageId rootid 3 tid 105962
target_page_id id: 5 tid 105962
0 1 tid 105962
130 4 tid 105962
365 2 tid 105962
492 5 tid 105962
149 tid 105962
Insert  tid 105962
FindTargetPageId rootid 3 tid 105962
target_page_id id: 5 tid 105962
0 1 tid 105962
130 4 tid 105962
365 2 tid 105962
492 5 tid 105962
150 tid 105962
Insert  tid 105962
FindTargetPageId rootid 3 tid 105962
target_page_id id: 5 tid 105962
0 1 tid 105962
130 4 tid 105962
365 2 tid 105962
492 5 tid 105962
151 tid 105962
Insert  tid 105962
FindTargetPageId rootid 3 tid 105962
target_page_id id: 5 tid 105962
0 1 tid 105962
130 4 tid 105962
365 2 tid 105962
492 5 tid 105962
152 tid 105962
Insert  tid 105962
FindTargetPageId rootid 3 tid 105962
target_page_id id: 5 tid 105962
0 1 tid 105962
130 4 tid 105962
365 2 tid 105962
492 5 tid 105962
153 tid 105962
Insert  tid 105962
FindTargetPageId rootid 3 tid 105961
target_page_id id: 5 tid 105961
0 1 tid 105961
130 4 tid 105961
365 2 tid 105961
492 5 tid 105961
154 tid 105961
Remove  tid 105961
FindTargetPageId rootid 3 tid 105960
target_page_id id: 5 tid 105960
0 1 tid 105960
130 4 tid 105960
365 2 tid 105960
492 5 tid 105960
153 tid 105960
Insert  tid 105960
FindTargetPageId rootid 3 tid 105962
target_page_id id: 5 tid 105962
0 1 tid 105962
130 4 tid 105962
365 2 tid 105962
492 5 tid 105962
153 tid 105962
Insert  tid 105962
FindTargetPageId rootid 3 tid 105962
target_page_id id: 5 tid 105962
0 1 tid 105962
130 4 tid 105962
365 2 tid 105962
492 5 tid 105962
154 tid 105962
Insert  tid 105962
FindTargetPageId rootid 3 tid 105962
target_page_id id: 5 tid 105962
0 1 tid 105962
130 4 tid 105962
365 2 tid 105962
492 5 tid 105962
155 tid 105962
Insert  tid 105962
FindTargetPageId rootid 3 tid 105962
target_page_id id: 5 tid 105962
0 1 tid 105962
130 4 tid 105962
365 2 tid 105962
492 5 tid 105962
156 tid 105962
Insert  tid 105962
FindTargetPageId rootid 3 tid 105962
target_page_id id: 5 tid 105962
0 1 tid 105962
130 4 tid 105962
365 2 tid 105962
492 5 tid 105962
157 tid 105962
Insert  tid 105962
FindTargetPageId rootid 3 tid 105962
target_page_id id: 5 tid 105962
0 1 tid 105962
130 4 tid 105962
365 2 tid 105962
492 5 tid 105962
158 tid 105962
Insert  tid 105962
FindTargetPageId rootid 3 tid 105962
target_page_id id: 5 tid 105962
0 1 tid 105962
130 4 tid 105962
365 2 tid 105962
492 5 tid 105962
159 tid 105962
Insert  tid 105962
FindTargetPageId rootid 3 tid 105962
target_page_id id: 5 tid 105962
0 1 tid 105962
130 4 tid 105962
365 2 tid 105962
492 5 tid 105962
160 tid 105962
Insert  tid 105962
FindTargetPageId rootid 3 tid 105962
target_page_id id: 5 tid 105962
0 1 tid 105962
130 4 tid 105962
365 2 tid 105962
492 5 tid 105962
161 tid 105962
Insert  tid 105962
FindTargetPageId rootid 3 tid 105960
target_page_id id: 5 tid 105960
0 1 tid 105960
130 4 tid 105960
365 2 tid 105960
492 5 tid 105960
162 tid 105960
Insert  tid 105960
FindTargetPageId rootid 3 tid 105961
target_page_id id: 5 tid 105961
0 1 tid 105961
130 4 tid 105961
365 2 tid 105961
492 5 tid 105961
162 tid 105961
Remove  tid 105961
FindTargetPageId rootid 3 tid 105962
target_page_id id: 5 tid 105962
0 1 tid 105962
130 4 tid 105962
365 2 tid 105962
492 5 tid 105962
161 tid 105962
Insert  tid 105962
FindTargetPageId rootid 3 tid 105960
target_page_id id: 5 tid 105960
0 1 tid 105960
130 4 tid 105960
365 2 tid 105960
492 5 tid 105960
162 tid 105960
Insert  tid 105960
FindTargetPageId rootid 3 tid 105961
target_page_id id: 5 tid 105961
0 1 tid 105961
130 4 tid 105961
365 2 tid 105961
492 5 tid 105961
162 tid 105961
Remove  tid 105961
FindTargetPageId rootid 3 tid 105962
target_page_id id: 5 tid 105962
0 1 tid 105962
130 4 tid 105962
365 2 tid 105962
492 5 tid 105962
161 tid 105962
Insert FindTargetPageId rootid  tid 3 tid 105960
target_page_id id: 5 tid 105960
0 1 tid 105960
130 4 tid 105960
365 2 tid 105960
492 5 tid 105960
162 tid 105960
105962
Insert  tid 105960
FindTargetPageId rootid 3 tid 105962
target_page_id id: 5 tid 105962
0 1 tid 105962
130 4 tid 105962
365 2 tid 105962
492 5 tid 105962
162 tid 105962
Insert  tid 105962
FindTargetPageId rootid 3 tid 105960
target_page_id id: 5 tid 105960
0 1 tid 105960
130 4 tid 105960
365 2 tid 105960
492 5 tid 105960
163 tid 105960
Insert  tid 105960
FindTargetPageId rootid 3 tid 105960
target_page_id id: 5 tid 105960
0 1 tid 105960
130 4 tid 105960
365 2 tid 105960
492 5 tid 105960
163 tid 105960
Insert  tid 105960
FindTargetPageId rootid 3 tid 105960
target_page_id id: 5 tid 105960
0 1 tid 105960
130 4 tid 105960
365 2 tid 105960
492 5 tid 105960
163 tid 105960
Insert  tid 105960
FindTargetPageId rootid 3 tid 105962
target_page_id id: 5 tid 105962
0 1 tid 105962
130 4 tid 105962
365 2 tid 105962
492 5 tid 105962
163 tid 105962
Insert  tid 105962
FindTargetPageId rootid 3 tid 105962
target_page_id id: 5 tid 105962
0 1 tid 105962
130 4 tid 105962
365 2 tid 105962
492 5 tid 105962
164 tid 105962
Insert  tid 105962
FindTargetPageId rootid 3 tid 105960
target_page_id id: 5 tid 105960
0 1 tid 105960
130 4 tid 105960
365 2 tid 105960
492 5 tid 105960
165 tid 105960
Insert  tid 105960
FindTargetPageId rootid 3 tid 105960
target_page_id id: 5 tid 105960
0 1 tid 105960
130 4 tid 105960
365 2 tid 105960
492 5 tid 105960
165 tid 105960
Insert  tid 105960
FindTargetPageId rootid 3 tid 105960
target_page_id id: 5 tid 105960
0 1 tid 105960
130 4 tid 105960
365 2 tid 105960
492 5 tid 105960
165 tid 105960
Insert  tid 105960
FindTargetPageId rootid 3 tid 105962
target_page_id id: 5 tid 105962
0 1 tid 105962
130 4 tid 105962
365 2 tid 105962
492 5 tid 105962
165 tid 105962
Insert  tid 105962
FindTargetPageId rootid 3 tid 105962
target_page_id id: 5 tid 105962
0 1 tid 105962
130 4 tid 105962
365 2 tid 105962
492 5 tid 105962
166 tid 105962
Insert  tid 105962
FindTargetPageId rootid 3 tid 105962
target_page_id id: 5 tid 105962
0 1 tid 105962
130 4 tid 105962
365 2 tid 105962
492 5 tid 105962
167 tid 105962
Insert  tid 105962
FindTargetPageId rootid 3 tid 105962
target_page_id id: 5 tid 105962
0 1 tid 105962
130 4 tid 105962
365 2 tid 105962
492 5 tid 105962
168 tid 105962
Insert  tid 105962
FindTargetPageId rootid 3 tid 105962
target_page_id id: 5 tid 105962
0 1 tid 105962
130 4 tid 105962
365 2 tid 105962
492 5 tid 105962
169 tid 105962
Insert  tid 105962
FindTargetPageId rootid 3 tid 105962
target_page_id id: 5 tid 105962
0 1 tid 105962
130 4 tid 105962
365 2 tid 105962
492 5 tid 105962
170 tid 105962
Insert  tid 105962
FindTargetPageId rootid 3 tid 105962
target_page_id id: 5 tid 105962
0 1 tid 105962
130 4 tid 105962
365 2 tid 105962
492 5 tid 105962
171 tid 105962
Insert  tid 105962
FindTargetPageId rootid 3 tid 105962
target_page_id id: 5 tid 105962
0 1 tid 105962
130 4 tid 105962
365 2 tid 105962
492 5 tid 105962
172 tid 105962
Insert  tid 105962
FindTargetPageId rootid 3 tid 105962
target_page_id id: 5 tid 105962
0 1 tid 105962
130 4 tid 105962
365 2 tid 105962
492 5 tid 105962
173 tid 105962
Insert  tid 105962
FindTargetPageId rootid 3 tid 105960
target_page_id id: 5 tid 105960
0 1 tid 105960
130 4 tid 105960
365 2 tid 105960
492 5 tid 105960
174 tid 105960
Insert  tid 105960
FindTargetPageId rootid 3 tid 105961
target_page_id id: 5 tid 105961
0 1 tid 105961
130 4 tid 105961
365 2 tid 105961
492 5 tid 105961
174 tid 105961
Remove  tid 105961
FindTargetPageId rootid 3 tid 105962
target_page_id id: 5 tid 105962
0 1 tid 105962
130 4 tid 105962
365 2 tid 105962
492 5 tid 105962
173 tid 105962
FindTargetPageId rootid 3 tid 105960
target_page_id id: 5 tid 105960
0 1 tid 105960
130 4 tid 105960
365 2 tid 105960
492 5 tid 105960
Insert  tid 105962
174 tid 105960
Insert  tid 105960
FindTargetPageId rootid 3 tid 105961
target_page_id id: 5 tid 105961
0 1 tid 105961
130 4 tid 105961
365 2 tid 105961
492 5 tid 105961
174 tid 105961
Remove  tid 105961
FindTargetPageId rootid 3 tid 105962
target_page_id id: 5 tid 105962
0 1 tid 105962
130 4 tid 105962
365 2 tid 105962
492 5 tid 105962
173 tid 105962
Insert  tid 105962
FindTargetPageId rootid 3 tid 105960
target_page_id id: 5 tid 105960
0 1 tid 105960
130 4 tid 105960
365 2 tid 105960
492 5 tid 105960
174 tid 105960
Insert  tid 105960
FindTargetPageId rootid 3 tid 105961
target_page_id id: 5 tid 105961
0 1 tid 105961
130 4 tid 105961
365 2 tid 105961
492 5 tid 105961
174 tid 105961
Remove  tid 105961
FindTargetPageId rootid 3 tid 105962
target_page_id id: 5 tid 105962
0 1 tid 105962
130 4 tid 105962
365 2 tid 105962
492 5 tid 105962
173 tid 105962
Insert  tid 105962
FindTargetPageId rootid 3 tid 105960
target_page_id id: 5 tid 105960
0 1 tid 105960
130 4 tid 105960
365 2 tid 105960
492 5 tid 105960
174 tid 105960
Insert  tid 105960
FindTargetPageId rootid 3 tid 105961
target_page_id id: 5 tid 105961
0 1 tid 105961
130 4 tid 105961
365 2 tid 105961
492 5 tid 105961
174 tid 105961
Remove  tid 105961
FindTargetPageId rootid 3 tid 105961
target_page_id id: 5 tid 105961
0 1 tid 105961
130 4 tid 105961
365 2 tid 105961
492 5 tid 105961
173 tid 105961
Remove  tid 105961
FindTargetPageId rootid 3 tid 105960
target_page_id id: 5 tid 105960
0 1 tid 105960
130 4 tid 105960
365 2 tid 105960
492 5 tid 105960
172 tid 105960
Insert  tid 105960
FindTargetPageId rootid 3 tid 105960
target_page_id id: 5 tid 105960
0 1 tid 105960
130 4 tid 105960
365 2 tid 105960
492 5 tid 105960
172 tid 105960
Insert  tid 105960
FindTargetPageId rootid 3 tid 105962
target_page_id id: 5 tid 105962
0 1 tid 105962
130 4 tid 105962
365 2 tid 105962
492 5 tid 105962
172 tid 105962
Insert  tid 105962
FindTargetPageId rootid 3 tid 105962
target_page_id id: 5 tid 105962
0 1 tid 105962
130 4 tid 105962
365 2 tid 105962
492 5 tid 105962
173 tid 105962
Insert  tid 105962
FindTargetPageId rootid 3 tid 105962
target_page_id id: 5 tid 105962
0 1 tid 105962
130 4 tid 105962
365 2 tid 105962
492 5 tid 105962
174 tid 105962
Insert  tid 105962
FindTargetPageId rootid 3 tid 105962
target_page_id id: 5 tid 105962
0 1 tid 105962
130 4 tid 105962
365 2 tid 105962
492 5 tid 105962
175 tid 105962
Insert  tid 105962
FindTargetPageId rootid 3 tid 105960
target_page_id id: 5 tid 105960
0 1 tid 105960
130 4 tid 105960
365 2 tid 105960
492 5 tid 105960
176 tid 105960
FindTargetPageId rootid 3 tid 105961
target_page_id id: 5 tid Insert 105961 tid 
1059600 1 tid 105961
130 4 tid 105961
365 2 tid 105961
492 5 tid 105961

176 tid 105961
Remove  tid 105961
FindTargetPageId rootid 3 tid 105962
target_page_id id: 5 tid 105962
0 1 tid 105962
130 4 tid 105962
365 2 tid 105962
492 5 tid 105962
175 tid 105962
Insert  tid 105962
FindTargetPageId rootid 3 tid 105960
target_page_id id: 5 tid 105960
0 1 tid 105960
130 4 tid 105960
365 2 tid 105960
492 5 tid 105960
176 tid 105960
Insert  tid 105960
FindTargetPageId rootid 3 tid 105960
target_page_id id: 5 tid 105960
0 1 tid 105960
130 4 tid 105960
365 2 tid 105960
492 5 tid 105960
176 tid 105960
Insert  tid 105960
FindTargetPageId rootid 3 tid 105960
target_page_id id: 5 tid 105960
0 1 tid 105960
130 4 tid 105960
365 2 tid 105960
492 5 tid 105960
176 tid 105960
Insert  tid 105960
FindTargetPageId rootid 3 tid 105960
target_page_id id: 5 tid 105960
0 1 tid 105960
130 4 tid 105960
365 2 tid 105960
492 5 tid 105960
176 tid 105960
Insert  tid 105960
FindTargetPageId rootid 3 tid 105960
target_page_id id: 5 tid 105960
0 1 tid 105960
130 4 tid 105960
365 2 tid 105960
492 5 tid 105960
176 tid 105960
Insert  tid 105960
FindTargetPageId rootid 3 tid 105960
target_page_id id: 5 tid 105960
0 1 tid 105960
130 4 tid 105960
365 2 tid 105960
492 5 tid 105960
176 tid 105960
Insert  tid 105960
FindTargetPageId rootid 3 tid 105960
target_page_id id: 5 tid 105960
0 1 tid 105960
130 4 tid 105960
365 2 tid 105960
492 5 tid 105960
176 tid 105960
Insert  tid 105960
FindTargetPageId rootid 3 tid 105960
target_page_id id: 5 tid 105960
0 1 tid 105960
130 4 tid 105960
365 2 tid 105960
492 5 tid 105960
176 tid 105960
Insert  tid 105960
FindTargetPageId rootid 3 tid 105960
target_page_id id: 5 tid 105960
0 1 tid 105960
130 4 tid 105960
365 2 tid 105960
492 5 tid 105960
176 tid 105960
Insert  tid 105960
FindTargetPageId rootid 3 tid 105962
target_page_id id: 5 tid 105962
0 1 tid 105962
130 4 tid 105962
365 2 tid 105962
492 5 tid 105962
176 tid 105962
Insert  tid 105962
FindTargetPageId rootid 3 tid 105962
target_page_id id: 5 tid 105962
0 1 tid 105962
130 4 tid 105962
365 2 tid 105962
492 5 tid 105962
177 tid 105962
Insert  tid 105962
FindTargetPageId rootid 3 tid 105962
target_page_id id: 5 tid 105962
0 1 tid 105962
130 4 tid 105962
365 2 tid 105962
492 5 tid 105962
178 tid 105962
Insert  tid 105962
FindTargetPageId rootid 3 tid 105962
target_page_id id: 5 tid 105962
0 1 tid 105962
130 4 tid 105962
365 2 tid 105962
492 5 tid 105962
179 tid 105962
Insert  tid 105962
FindTargetPageId rootid 3 tid 105962
target_page_id id: 5 tid 105962
0 1 tid 105962
130 4 tid 105962
365 2 tid 105962
492 5 tid 105962
180 tid 105962
Insert  tid 105962
FindTargetPageId rootid 3 tid 105962
target_page_id id: 5 tid 105962
0 1 tid 105962
130 4 tid 105962
365 2 tid 105962
492 5 tid 105962
181 tid 105962
Insert  tid 105962
FindTargetPageId rootid 3 tid 105962
target_page_id id: 5 tid 105962
0 1 tid 105962
130 4 tid 105962
365 2 tid 105962
492 5 tid 105962
182 tid 105962
Insert  tid 105962
FindTargetPageId rootid 3 tid 105962
target_page_id id: 5 tid 105962
0 1 tid 105962
130 4 tid 105962
365 2 tid 105962
492 5 tid 105962
183 tid 105962
Insert  tid 105962
FindTargetPageId rootid 3 tid 105960
target_page_id id: 5 tid 105960
0 1 tid 105960
130 4 tid 105960
365 2 tid 105960
492 5 tid 105960
184 tid 105960
Insert  tid 105960
FindTargetPageId rootid 3 tid 105961
target_page_id id: 5 tid 105961
0 1 tid 105961
130 4 tid 105961
365 2 tid 105961
492 5 tid 105961
184 tid 105961
Remove  tid 105961
FindTargetPageId rootid 3 tid 105962
target_page_id id: 5 tid 105962
0 1 tid 105962
130 4 tid 105962
365 2 tid 105962
492 5 tid 105962
183 tid 105962
Insert  tid 105962
FindTargetPageId rootid 3 tid 105960
target_page_id id: 5 tid 105960
0 1 tid 105960
130 4 tid 105960
365 2 tid 105960
492 5 tid 105960
184 tid 105960
Insert  tid 105960
FindTargetPageId rootid 3 tid 105961
target_page_id id: 5 tid 105961
0 1 tid 105961
130 4 tid 105961
365 2 tid 105961
492 5 tid 105961
184 tid 105961
Remove  tid 105961
FindTargetPageId rootid 3 tid 105962
target_page_id id: 5 tid 105962
0 1 tid 105962
130 4 tid 105962
365 2 tid 105962
492 5 tid 105962
183 tid 105962
Insert  tid 105962
FindTargetPageId rootid 3 tid 105960
target_page_id id: 5 tid 105960
0 1 tid 105960
130 4 tid 105960
365 2 tid 105960
492 5 tid 105960
184 tid 105960
Insert  tid 105960
FindTargetPageId rootid 3 tid 105961
target_page_id id: 5 tid 105961
0 1 tid 105961
130 4 tid 105961
365 2 tid 105961
492 5 tid 105961
184 tid 105961
Remove  tid 105961
FindTargetPageId rootid 3 tid 105962
target_page_id id: 5 tid 105962
0 1 tid 105962
130 4 tid 105962
365 2 tid 105962
492 5 tid 105962
183 tid 105962
Insert  tid 105962
FindTargetPageId rootid 3 tid 105960
target_page_id id: 5 tid 105960
0 1 tid 105960
130 4 tid 105960
365 2 tid 105960
492 5 tid 105960
184 tid 105960
Insert  tid 105960
FindTargetPageId rootid 3 tid 105961
target_page_id id: 5 tid 105961
0 1 tid 105961
130 4 tid 105961
365 2 tid 105961
492 5 tid 105961
184 tid 105961
Remove  tid 105961
FindTargetPageId rootid 3 tid 105961
target_page_id id: 5 tid 105961
0 1 tid 105961
130 4 tid 105961
365 2 tid 105961
492 5 tid 105961
183 tid 105961
Remove  tid 105961
FindTargetPageId rootid 3 tid 105961
target_page_id id: 5 tid 105961
0 1 tid 105961
130 4 tid 105961
365 2 tid 105961
492 5 tid 105961
182 tid 105961
Remove  tid 105961
FindTargetPageId rootid 3 tid 105961
target_page_id id: 5 tid 105961
0 1 tid 105961
130 4 tid 105961
365 2 tid 105961
492 5 tid 105961
181 tid 105961
Remove  tid 105961
FindTargetPageId rootid 3 tid 105961
target_page_id id: 5 tid 105961
0 1 tid 105961
130 4 tid 105961
365 2 tid 105961
492 5 tid 105961
180 tid 105961
Remove  tid 105961
FindTargetPageId rootid 3 tid 105961
target_page_id id: 5 tid 105961
0 1 tid 105961
130 4 tid 105961
365 2 tid 105961
492 5 tid 105961
179 tid 105961
Remove  tid 105961
FindTargetPageId rootid 3 tid 105961
target_page_id id: 5 tid 105961
0 1 tid 105961
130 4 tid 105961
365 2 tid 105961
492 5 tid 105961
178 tid 105961
FindTargetPageId rootid 3 tid 105962
target_page_id id: 5 tid 105962
0 1 tid 105962
130 4 tid 105962
365 2 tid 105962
492 5 tid 105962
177 tid 105962
FindTargetPageId rootid 3 tid 105960
target_page_id id: 5 tid 105960
0 1 tid 105960
130 4 tid 105960
365 2 tid 105960
492 5 tid 105960
178 tid 105960
Insert  tid 105960
Insert  tid 105962
FindTargetPageId rootid 3 tid 105960
target_page_id id: 5 tid 105960
0 1 tid 105960
130 4 tid 105960
365 2 tid Remove  tid 105961
105960
492 5 tid 105960
178 tid 105960
Insert  tid 105960
FindTargetPageId rootid 3 tid 105962
target_page_id id: 5 tid 105962
0 1 tid 105962
130 4 tid 105962
365 2 tid 105962
492 5 tid 105962
178 tid 105962
Insert  tid 105962
FindTargetPageId rootid 3 tid 105962
target_page_id id: 5 tid 105962
0 1 tid 105962
130 4 tid 105962
365 2 tid 105962
492 5 tid 105962
179 tid 105962
Insert  tid 105962
FindTargetPageId rootid 3 tid 105962
target_page_id id: 5 tid 105962
0 1 tid 105962
130 4 tid 105962
365 2 tid 105962
492 5 tid 105962
180 tid 105962
Insert  tid 105962
FindTargetPageId rootid 3 tid 105962
target_page_id id: 5 tid 105962
0 1 tid 105962
130 4 tid 105962
365 2 tid 105962
492 5 tid 105962
181 tid 105962
Insert  tid 105962
FindTargetPageId rootid 3 tid 105961
target_page_id id: 5 tid 105961
0 1 tid 105961
130 4 tid 105961
365 2 tid 105961
492 5 tid 105961
182 tid 105961
Remove  tid 105961
FindTargetPageId rootid 3 tid 105960
target_page_id id: 5 tid 105960
0 1 tid 105960
130 4 tid 105960
365 2 tid 105960
492 5 tid 105960
181 tid 105960
Insert  tid 105960
FindTargetPageId rootid 3 tid 105960
target_page_id id: 5 tid 105960
0 1 tid 105960
130 4 tid 105960
365 2 tid 105960
492 5 tid 105960
181 tid 105960
Insert  tid 105960
FindTargetPageId rootid 3 tid 105962
target_page_id id: 5 tid 105962
0 1 tid 105962
130 4 tid 105962
365 2 tid 105962
492 5 tid 105962
181 tid 105962
Insert  tid 105962
FindTargetPageId rootid 3 tid 105962
target_page_id id: 5 tid 105962
0 1 tid 105962
130 4 tid 105962
365 2 tid 105962
492 5 tid 105962
182 tid 105962
Insert  tid 105962
FindTargetPageId rootid 3 tid 105960
target_page_id id: 5 tid 105960
0 1 tid 105960
130 4 tid 105960
365 2 tid 105960
492 5 tid 105960
183 tid 105960
Insert  tid 105960
FindTargetPageId rootid 3 tid 105961
target_page_id id: 5 tid 105961
0 1 tid 105961
130 4 tid 105961
365 2 tid 105961
492 5 tid 105961
183 tid 105961
Remove  tid 105961
FindTargetPageId rootid 3 tid 105961
target_page_id id: 5 tid 105961
0 1 tid 105961
130 4 tid 105961
365 2 tid 105961
492 5 tid 105961
182 tid 105961
Remove  tid 105961
FindTargetPageId rootid 3 tid 105961
target_page_id id: 5 tid 105961
0 1 tid 105961
130 4 tid 105961
365 2 tid 105961
492 5 tid 105961
181 tid 105961
Remove  tid 105961
FindTargetPageId rootid 3 tid 105961
target_page_id id: 5 tid 105961
0 1 tid 105961
130 4 tid 105961
365 2 tid 105961
492 5 tid 105961
180 tid 105961
Remove  tid 105961
FindTargetPageId rootid 3 tid 105961
target_page_id id: 5 tid 105961
0 1 tid 105961
130 4 tid 105961
365 2 tid 105961
492 5 tid 105961
179 tid 105961
Remove  tid 105961
FindTargetPageId rootid 3 tid 105961
target_page_id id: 5 tid 105961
0 1 tid 105961
130 4 tid 105961
365 2 tid 105961
492 5 tid 105961
178 tid 105961
Remove  tid 105961
FindTargetPageId rootid 3 tid 105961
target_page_id id: 5 tid 105961
0 1 tid 105961
130 4 tid 105961
365 2 tid 105961
492 5 tid 105961
177 tid 105961
Remove  tid 105961
FindTargetPageId rootid 3 tid 105961
target_page_id id: 5 tid 105961
0 1 tid 105961
130 4 tid 105961
365 2 tid 105961
492 5 tid 105961
176 tid 105961
Remove  tid 105961
FindTargetPageId rootid 3 tid 105961
target_page_id id: 5 tid 105961
0 1 tid 105961
130 4 tid 105961
365 2 tid 105961
492 5 tid 105961
175 tid 105961
Remove  tid 105961
FindTargetPageId rootid 3 tid 105961
target_page_id id: 5 tid 105961
0 1 tid 105961
130 4 tid 105961
365 2 tid 105961
492 5 tid 105961
174 tid 105961
Remove  tid 105961
FindTargetPageId rootid 3 tid 105961
target_page_id id: 5 tid 105961
0 1 tid 105961
130 4 tid 105961
365 2 tid 105961
492 5 tid 105961
173 tid 105961
Remove  tid 105961
FindTargetPageId rootid 3 tid 105961
target_page_id id: 5 tid 105961
0 1 tid 105961
130 4 tid 105961
365 2 tid 105961
492 5 tid 105961
172 tid 105961
Remove  tid 105961
FindTargetPageId rootid 3 tid 105961
target_page_id id: 5 tid 105961
0 1 tid 105961
130 4 tid 105961
365 2 tid 105961
492 5 tid 105961
171 tid 105961
Remove  tid 105961
FindTargetPageId rootid 3 tid 105961
target_page_id id: 5 tid 105961
0 1 tid 105961
130 4 tid 105961
365 2 tid 105961
492 5 tid 105961
170 tid 105961
Remove  tid 105961
FindTargetPageId rootid 3 tid 105961
target_page_id id: 5 tid 105961
0 1 tid 105961
130 4 tid 105961
365 2 tid 105961
492 5 tid 105961
169 tid 105961
Remove  tid 105961
FindTargetPageId rootid 3 tid 105961
target_page_id id: 5 tid 105961
0 1 tid 105961
130 4 tid 105961
365 2 tid 105961
492 5 tid 105961
168 tid 105961
Remove  tid 105961
FindTargetPageId rootid 3 tid 105961
target_page_id id: 5 tid 105961
0 1 tid 105961
130 4 tid 105961
365 2 tid 105961
492 5 tid 105961
167 tid 105961
Remove  tid 105961
FindTargetPageId rootid 3 tid 105961
target_page_id id: 5 tid 105961
0 1 tid 105961
130 4 tid 105961
365 2 tid 105961
492 5 tid 105961
166 tid 105961
Remove  tid 105961
FindTargetPageId rootid 3 tid 105961
target_page_id id: 5 tid 105961
0 1 tid 105961
130 4 tid 105961
365 2 tid 105961
492 5 tid 105961
165 tid 105961
Remove  tid 105961
FindTargetPageId rootid 3 tid 105960
target_page_id id: 5 tid 105960
0 1 tid 105960
130 4 tid 105960
365 2 tid 105960
492 5 tid 105960
164 tid 105960
Insert  tid 105960
FindTargetPageId rootid 3 tid 105962
target_page_id id: 5 tid 105962
0 1 tid 105962
130 4 tid 105962
365 2 tid 105962
492 5 tid 105962
164 tid 105962
Insert  tid 105962
FindTargetPageId rootid 3 tid 105962
target_page_id id: 5 tid 105962
0 1 tid 105962
130 4 tid 105962
365 2 tid 105962
492 5 tid 105962
165 tid 105962
Insert  tid 105962
FindTargetPageId rootid 3 tid 105962
target_page_id id: 5 tid 105962
0 1 tid 105962
130 4 tid 105962
365 2 tid 105962
492 5 tid 105962
166 tid 105962
Insert  tid 105962
FindTargetPageId rootid 3 tid 105962
target_page_id id: 5 tid 105962
0 1 tid 105962
130 4 tid 105962
365 2 tid 105962
492 5 tid 105962
167 tid 105962
Insert  tid 105962
FindTargetPageId rootid 3 tid 105962
target_page_id id: 5 tid 105962
0 1 tid 105962
130 4 tid 105962
365 2 tid 105962
492 5 tid 105962
168 tid 105962
Insert  tid 105962
FindTargetPageId rootid 3 tid 105962
target_page_id id: 5 tid 105962
0 1 tid 105962
130 4 tid 105962
365 2 tid 105962
492 5 tid 105962
169 tid 105962
Insert  tid 105962
FindTargetPageId rootid 3 tid 105962
target_page_id id: 5 tid 105962
0 1 tid 105962
130 4 tid 105962
365 2 tid 105962
492 5 tid 105962
170 tid 105962
Insert  tid 105962
FindTargetPageId rootid 3 tid 105960
target_page_id id: 5 tid 105960
0 1 tid 105960
130 4 tid 105960
365 2 tid 105960
492 5 tid 105960
171 tid 105960
Insert  tid 105960
FindTargetPageId rootid 3 tid 105961
target_page_id id: 5 tid 105961
0 1 tid 105961
130 4 tid 105961
365 2 tid 105961
492 5 tid 105961
172 tid 105961
Remove  tid 105961
FindTargetPageId rootid 3 tid 105962
target_page_id id: 5 tid 105962
0 1 tid 105962
130 4 tid 105962
365 2 tid 105962
492 5 tid 105962
171 tid 105962
Insert  tid 105962
FindTargetPageId rootid 3 tid 105962
target_page_id id: 5 tid 105962
0 1 tid 105962
130 4 tid 105962
365 2 tid 105962
492 5 tid 105962
172 tid 105962
Insert  tid 105962
FindTargetPageId rootid 3 tid 105961
target_page_id id: 5 tid 105961
0 1 tid 105961
130 4 tid 105961
365 2 tid 105961
492 5 tid 105961
173 tid 105961
Remove  tid 105961
FindTargetPageId rootid 3 tid 105960
target_page_id id: 5 tid 105960
0 1 tid 105960
130 4 tid 105960
365 2 tid 105960
492 5 tid 105960
172 tid 105960
Insert  tid 105960
FindTargetPageId rootid 3 tid 105960
target_page_id id: 5 tid 105960
0 1 tid 105960
130 4 tid 105960
365 2 tid 105960
492 5 tid 105960
173 tid 105960
Insert  tid 105960
FindTargetPageId rootid 3 tid 105960
target_page_id id: 5 tid 105960
0 1 tid 105960
130 4 tid 105960
365 2 tid 105960
492 5 tid 105960
174 tid 105960
Insert  tid 105960
FindTargetPageId rootid 3 tid 105960
target_page_id id: 5 tid 105960
0 1 tid 105960
130 4 tid 105960
365 2 tid 105960
492 5 tid 105960
175 tid 105960
Insert  tid 105960
FindTargetPageId rootid 3 tid 105961
target_page_id id: 5 tid 105961
0 1 tid 105961
130 4 tid 105961
365 2 tid 105961
492 5 tid 105961
176 tid 105961
Remove  tid 105961
FindTargetPageId rootid 3 tid 105962
target_page_id id: 5 tid 105962
0 1 tid 105962
130 4 tid 105962
365 2 tid 105962
492 5 tid 105962
175 tid 105962
Insert  tid 105962
FindTargetPageId rootid 3 tid 105960
target_page_id id: 5 tid 105960
0 1 tid 105960
130 4 tid 105960
365 2 tid 105960
492 5 tid 105960
176 tid 105960
Insert  tid 105960
FindTargetPageId rootid 3 tid 105960
target_page_id id: 5 tid 105960
0 1 tid 105960
130 4 tid 105960
365 2 tid 105960
492 5 tid 105960
177 tid 105960
Insert  tid 105960
FindTargetPageId rootid 3 tid 105962
target_page_id id: 5 tid 105962
0 1 tid 105962
130 4 tid 105962
365 2 tid 105962
492 5 tid 105962
178 tid 105962
Insert  tid 105962
FindTargetPageId rootid 3 tid 105961
target_page_id id: 5 tid 105961
0 1 tid 105961
130 4 tid 105961
365 2 tid 105961
492 5 tid 105961
179 tid 105961
Remove  tid 105961
FindTargetPageId rootid 3 tid 105960
target_page_id id: 5 tid 105960
0 1 tid 105960
130 4 tid 105960
365 2 tid 105960
492 5 tid 105960
178 tid 105960
Insert  tid 105960
FindTargetPageId rootid 3 tid 105960
target_page_id id: 5 tid 105960
0 1 tid 105960
130 4 tid 105960
365 2 tid 105960
492 5 tid 105960
179 tid 105960
Insert  tid 105960
FindTargetPageId rootid 3 tid 105960
target_page_id id: 5 tid 105960
0 1 tid 105960
130 4 tid 105960
365 2 tid 105960
492 5 tid 105960
180 tid 105960
Insert  tid 105960
FindTargetPageId rootid 3 tid 105961
target_page_id id: 5 tid 105961
0 1 tid 105961
130 4 tid 105961
365 2 tid 105961
492 5 tid 105961
181 tid 105961
Remove  tid 105961
FindTargetPageId rootid 3 tid 105961
target_page_id id: 5 tid 105961
0 1 tid 105961
130 4 tid 105961
365 2 tid 105961
492 5 tid 105961
180 tid 105961
Remove  tid 105961
FindTargetPageId rootid 3 tid 105960
target_page_id id: 5 tid 105960
0 1 tid 105960
130 4 tid 105960
365 2 tid 105960
492 5 tid 105960
179 tid 105960
Insert  tid 105960
FindTargetPageId rootid 3 tid 105960
target_page_id id: 5 tid 105960
0 1 tid 105960
130 4 tid 105960
365 2 tid 105960
492 5 tid 105960
180 tid 105960
Insert  tid 105960
FindTargetPageId rootid 3 tid 105960
target_page_id id: 5 tid 105960
0 1 tid 105960
130 4 tid 105960
365 2 tid 105960
492 5 tid 105960
181 tid 105960
Insert  tid 105960
FindTargetPageId rootid 3 tid 105960
target_page_id id: 5 tid 105960
0 1 tid 105960
130 4 tid 105960
365 2 tid 105960
492 5 tid 105960
182 tid 105960
Insert  tid 105960
FindTargetPageId rootid 3 tid 105961
target_page_id id: 5 tid 105961
0 1 tid 105961
130 4 tid 105961
365 2 tid 105961
492 5 tid 105961
183 tid 105961
Remove  tid 105961
FindTargetPageId rootid 3 tid 105961
target_page_id id: 5 tid 105961
0 1 tid 105961
130 4 tid 105961
365 2 tid 105961
492 5 tid 105961
182 tid 105961
Remove  tid 105961
FindTargetPageId rootid 3 tid 105962
target_page_id id: 5 tid 105962
0 1 tid 105962
130 4 tid 105962
365 2 tid 105962
492 5 tid 105962
181 tid 105962
Insert  tid 105962
FindTargetPageId rootid 3 tid 105962
target_page_id id: 5 tid 105962
0 1 tid 105962
130 4 tid 105962
365 2 tid 105962
492 5 tid 105962
182 tid 105962
Insert  tid 105962
FindTargetPageId rootid 3 tid 105961
target_page_id id: 5 tid 105961
0 1 tid 105961
130 4 tid 105961
365 2 tid 105961
492 5 tid 105961
183 tid 105961
Remove  tid 105961
FindTargetPageId rootid 3 tid 105961
target_page_id id: 5 tid 105961
0 1 tid 105961
130 4 tid 105961
365 2 tid 105961
492 5 tid 105961
182 tid 105961
Remove  tid 105961
FindTargetPageId rootid 3 tid 105961
target_page_id id: 5 tid 105961
0 1 tid 105961
130 4 tid 105961
365 2 tid 105961
492 5 tid 105961
181 tid 105961
Remove  tid 105961
FindTargetPageId rootid 3 tid 105961
target_page_id id: 5 tid 105961
0 1 tid 105961
130 4 tid 105961
365 2 tid 105961
492 5 tid 105961
180 tid 105961
Remove  tid 105961
FindTargetPageId rootid 3 tid 105962
target_page_id id: 5 tid 105962
0 1 tid 105962
130 4 tid 105962
365 2 tid 105962
492 5 tid 105962
179 tid 105962
Insert  tid 105962
FindTargetPageId rootid 3 tid 105960
target_page_id id: 5 tid 105960
0 1 tid 105960
130 4 tid 105960
365 2 tid 105960
492 5 tid 105960
180 tid 105960
Insert  tid 105960
FindTargetPageId rootid 3 tid 105960
target_page_id id: 5 tid 105960
0 1 tid 105960
130 4 tid 105960
365 2 tid 105960
492 5 tid 105960
181 tid 105960
Insert  tid 105960
FindTargetPageId rootid 3 tid 105960
target_page_id id: 5 tid 105960
0 1 tid 105960
130 4 tid 105960
365 2 tid 105960
492 5 tid 105960
182 tid 105960
Insert  tid 105960
FindTargetPageId rootid 3 tid 105960
target_page_id id: 5 tid 105960
0 1 tid 105960
130 4 tid 105960
365 2 tid 105960
492 5 tid 105960
183 tid 105960
Insert  tid 105960
FindTargetPageId rootid 3 tid 105960
target_page_id id: 5 tid 105960
0 1 tid 105960
130 4 tid 105960
365 2 tid 105960
492 5 tid 105960
184 tid 105960
FindTargetPageId rootid 3 tid 105961
Insert target_page_id id: 5 tid  tid 105961105960

0 1 tid 105961
130 4 tid 105961
365 2 tid 105961
492 5 tid 105961
185 tid 105961
FindTargetPageId rootid 3 tid 105960
Remove  tid 105961
target_page_id id: 5 tid 105960
0 1 tid 105960
130 4 tid 105960
365 2 tid 105960
492 5 tid 105960
184 tid 105960
Insert  tid 105960
FindTargetPageId rootid 3 tid 105962
target_page_id id: 5 tid 105962
0 1 tid 105962
130 4 tid 105962
365 2 tid 105962
492 5 tid 105962
185 tid 105962
Insert  tid 105962
FindTargetPageId rootid 3 tid 105961
target_page_id id: 5 tid 105961
0 1 tid 105961
130 4 tid 105961
365 2 tid 105961
492 5 tid 105961
186 tid 105961
Remove  tid 105961
FindTargetPageId rootid 3 tid 105960
target_page_id id: 5 tid 105960
0 1 tid 105960
130 4 tid 105960
365 2 tid 105960
492 5 tid 105960
185 tid 105960
Insert  tid 105960
FindTargetPageId rootid 3 tid 105960
target_page_id id: 5 tid 105960
0 1 tid 105960
130 4 tid 105960
365 2 tid 105960
492 5 tid 105960
186 tid 105960
Insert  tid 105960
FindTargetPageId rootid 3 tid 105960
target_page_id id: 5 tid 105960
0 1 tid 105960
130 4 tid 105960
365 2 tid 105960
492 5 tid 105960
187 tid 105960
Insert  tid 105960
FindTargetPageId rootid 3 tid 105960
target_page_id id: 5 tid 105960
0 1 tid 105960
130 4 tid 105960
365 2 tid 105960
492 5 tid 105960
188 tid 105960
Insert  tid 105960
FindTargetPageId rootid 3 tid 105960
target_page_id id: 5 tid 105960
0 1 tid 105960
130 4 tid 105960
365 2 tid 105960
492 5 tid 105960
189 tid 105960
Insert  tid 105960
FindTargetPageId rootid 3 tid 105961
target_page_id id: 5 tid 105961
0 1 tid 105961
130 4 tid 105961
365 2 tid 105961
492 5 tid 105961
190 tid 105961
Remove  tid 105961
FindTargetPageId rootid 3 tid 105961
target_page_id id: 5 tid 105961
0 1 tid 105961
130 4 tid 105961
365 2 tid 105961
492 5 tid 105961
189 tid 105961
Remove  tid 105961
FindTargetPageId rootid 3 tid 105960
target_page_id id: 5 tid 105960
0 1 tid 105960
130 4 tid 105960
365 2 tid 105960
492 5 tid 105960
188 tid 105960
Insert  tid 105960
FindTargetPageId rootid 3 tid 105962
target_page_id id: 5 tid 105962
0 1 tid 105962
130 4 tid 105962
365 2 tid 105962
492 5 tid 105962
189 tid 105962
FindTargetPageId rootid 3 tid 105961
target_page_id id: 5 tid 105961
0 1 tid 105961
130 4 tid 105961
365 2 tid 105961
492 5 tid 105961
Insert  tid 105962
190 tid 105961
Remove  tid 105961
FindTargetPageId rootid 3 tid 105960
target_page_id id: 5 tid 105960
0 1 tid 105960
130 4 tid 105960
365 2 tid 105960
492 5 tid 105960
189 tid 105960
Insert  tid 105960
FindTargetPageId rootid 3 tid 105962
target_page_id id: 5 tid 105962
0 1 tid 105962
130 4 tid 105962
365 2 tid 105962
492 5 tid 105962
190 tid 105962
Insert  tid 105962
FindTargetPageId rootid 3 tid 105962
target_page_id id: 5 tid 105962
0 1 tid 105962
130 4 tid 105962
365 2 tid 105962
492 5 tid 105962
191 tid 105962
Insert  tid 105962
FindTargetPageId rootid 3 tid 105962
target_page_id id: 5 tid 105962
0 1 tid 105962
130 4 tid 105962
365 2 tid 105962
492 5 tid 105962
192 tid 105962
Insert  tid 105962
FindTargetPageId rootid 3 tid 105961
target_page_id id: 5 tid 105961
0 1 tid 105961
130 4 tid 105961
365 2 tid 105961
492 5 tid 105961
193 tid 105961
Remove  tid 105961
FindTargetPageId rootid 3 tid 105960
target_page_id id: 5 tid 105960
0 1 tid 105960
130 4 tid 105960
365 2 tid 105960
492 5 tid 105960
192 tid 105960
Insert  tid 105960
FindTargetPageId rootid 3 tid 105960
target_page_id id: 5 tid 105960
0 1 tid 105960
130 4 tid 105960
365 2 tid 105960
492 5 tid 105960
193 tid 105960
Insert  tid 105960
FindTargetPageId rootid 3 tid 105960
target_page_id id: 5 tid 105960
0 1 tid 105960
130 4 tid 105960
365 2 tid 105960
492 5 tid 105960
194 tid 105960
Insert  tid 105960
FindTargetPageId rootid 3 tid 105960
target_page_id id: 5 tid 105960
0 1 tid 105960
130 4 tid 105960
365 2 tid 105960
492 5 tid 105960
195 tid 105960
Insert  tid 105960
FindTargetPageId rootid 3 tid 105960
target_page_id id: 5 tid 105960
0 1 tid 105960
130 4 tid 105960
365 2 tid 105960
492 5 tid 105960
196 tid 105960
Insert  tid 105960
FindTargetPageId rootid 3 tid 105960
target_page_id id: 5 tid 105960
0 1 tid 105960
130 4 tid 105960
365 2 tid 105960
492 5 tid 105960
197 tid 105960
Insert  tid 105960
FindTargetPageId rootid 3 tid 105961
target_page_id id: 5 tid 105961
0 1 tid 105961
130 4 tid 105961
365 2 tid 105961
492 5 tid 105961
198 tid 105961
Remove  tid 105961
FindTargetPageId rootid 3 tid 105962
target_page_id id: 5 tid 105962
0 1 tid 105962
130 4 tid 105962
365 2 tid 105962
492 5 tid 105962
197 tid 105962
Insert  tid 105962
FindTargetPageId rootid 3 tid 105962
target_page_id id: 5 tid 105962
0 1 tid 105962
130 4 tid 105962
365 2 tid 105962
492 5 tid 105962
198 tid 105962
FindTargetPageId rootid Insert 3 tid  tid 105962
105960
target_page_id id: 5 tid 105960
0 1 tid 105960
130 4 tid 105960
365 2 tid 105960
492 5 tid 105960
199 tid 105960
Insert  tid 105960
FindTargetPageId rootid 3 tid 105960
target_page_id id: 5 tid 105960
0 1 tid 105960
130 4 tid 105960
365 2 tid 105960
492 5 tid 105960
200 tid 105960
Insert  tid 105960
FindTargetPageId rootid 3 tid 105960
target_page_id id: 5 tid 105960
0 1 tid 105960
130 4 tid 105960
365 2 tid 105960
492 5 tid 105960
201 tid 105960
Insert  tid 105960
FindTargetPageId rootid 3 tid 105960
target_page_id id: 5 tid 105960
0 1 tid 105960
130 4 tid 105960
365 2 tid 105960
492 5 tid 105960
202 tid 105960
Insert  tid 105960
FindTargetPageId rootid 3 tid 105960
target_page_id id: 5 tid 105960
0 1 tid 105960
130 4 tid 105960
365 2 tid 105960
492 5 tid 105960
203 tid 105960
FindTargetPageId rootid 3 tid 105961
target_page_id id: 5 tid 105961
0 1 tid 105961
130 4 tid 105961
365 2 tid 105961
492 5 tid 105961
Insert 204 tid  tid 105961
105960
Remove  tid 105961
FindTargetPageId rootid 3 tid 105960
target_page_id id: 5 tid 105960
0 1 tid 105960
130 4 tid 105960
365 2 tid 105960
492 5 tid 105960
203 tid 105960
Insert  tid 105960
FindTargetPageId rootid 3 tid 105962
target_page_id id: 5 tid 105962
0 1 tid 105962
130 4 tid 105962
365 2 tid 105962
492 5 tid 105962
204 tid 105962
Insert  tid 105962
FindTargetPageId rootid 3 tid 105961
target_page_id id: 5 tid 105961
0 1 tid 105961
130 4 tid 105961
365 2 tid 105961
492 5 tid 105961
205 tid 105961
Remove  tid 105961
FindTargetPageId rootid 3 tid 105960
target_page_id id: 5 tid 105960
0 1 tid 105960
130 4 tid 105960
365 2 tid 105960
492 5 tid 105960
204 tid 105960
Insert  tid 105960
FindTargetPageId rootid 3 tid 105960
target_page_id id: 5 tid 105960
0 1 tid 105960
130 4 tid 105960
365 2 tid 105960
492 5 tid 105960
205 tid 105960
Insert  tid 105960
FindTargetPageId rootid 3 tid 105961
target_page_id id: 5 tid 105961
0 1 tid 105961
130 4 tid 105961
365 2 tid 105961
492 5 tid 105961
206 tid 105961
Remove  tid 105961
FindTargetPageId rootid 3 tid 105962
target_page_id id: 5 tid 105962
0 1 tid 105962
130 4 tid 105962
365 2 tid 105962
492 5 tid 105962
205 tid 105962
Insert  tid 105962
FindTargetPageId rootid 3 tid 105960
target_page_id id: 5 tid 105960
0 1 tid 105960
130 4 tid 105960
365 2 tid 105960
492 5 tid 105960
206 tid 105960
Insert  tid 105960
FindTargetPageId rootid 3 tid 105961
target_page_id id: 5 tid 105961
0 1 tid 105961
130 4 tid 105961
365 2 tid 105961
492 5 tid 105961
207 tid 105961
Remove  tid 105961
FindTargetPageId rootid 3 tid 105962
target_page_id id: 5 tid 105962
0 1 tid 105962
130 4 tid 105962
365 2 tid 105962
492 5 tid 105962
206 tid 105962
Insert  tid 105962
FindTargetPageId rootid 3 tid 105960
target_page_id id: 5 tid 105960
0 1 tid 105960
130 4 tid 105960
365 2 tid 105960
492 5 tid 105960
207 tid 105960
Insert  tid 105960
FindTargetPageId rootid 3 tid 105960
target_page_id id: 5 tid 105960
0 1 tid 105960
130 4 tid 105960
365 2 tid 105960
492 5 tid 105960
208 tid 105960
Insert  tid 105960
FindTargetPageId rootid 3 tid 105962
target_page_id id: 5 tid 105962
0 1 tid 105962
130 4 tid 105962
365 2 tid 105962
492 5 tid 105962
209 tid 105962
Insert  tid 105962
FindTargetPageId rootid 3 tid 105961
target_page_id id: 5 tid 105961
0 1 tid 105961
130 4 tid 105961
365 2 tid 105961
492 5 tid 105961
210 tid 105961
Remove  tid 105961
FindTargetPageId rootid 3 tid 105960
target_page_id id: 5 tid 105960
0 1 tid 105960
130 4 tid 105960
365 2 tid 105960
492 5 tid 105960
209 tid 105960
Insert  tid 105960
FindTargetPageId rootid 3 tid 105962
target_page_id id: 5 tid 105962
0 1 tid 105962
130 4 tid 105962
365 2 tid 105962
492 5 tid 105962
210 tid 105962
Insert  tid 105962
FindTargetPageId rootid 3 tid 105962
target_page_id id: 5 tid 105962
0 1 tid 105962
130 4 tid 105962
365 2 tid 105962
492 5 tid 105962
211 tid 105962
Insert  tid 105962
FindTargetPageId rootid 3 tid 105962
target_page_id id: 5 tid 105962
0 1 tid 105962
130 4 tid 105962
365 2 tid 105962
492 5 tid 105962
212 tid 105962
FindTargetPageId rootid 3 tid 105961
target_page_id id: 5 tid 105961
0 1 tid 105961
130 4 tid 105961
365 2 tid 105961
492 5 tid 105961
213 tid 105961
Remove  tid 105961
FindTargetPageId rootid 3 tid 105960
target_page_id id: 5 tid 105960
0 1 tid 105960
130 4 tid 105960
365 2 tid 105960
492 5 tid 105960
212 tid 105960
Insert  tid 105960
FindTargetPageId rootid 3 tid 105960
target_page_id id: 5 tid 105960
0 1 tid 105960
130 4 tid 105960
Insert  tid 365 1059622 tid 
105960
492 5 tid 105960
213 tid 105960
Insert  tid 105960
FindTargetPageId rootid 3 tid 105962
target_page_id id: 5 tid 105962
0 1 tid 105962
130 4 tid 105962
365 2 tid 105962
492 5 tid 105962
214 tid 105962
Insert  tid 105962
FindTargetPageId rootid 3 tid 105962
target_page_id id: 5 tid 105962
0 1 tid 105962
130 4 tid 105962
365 2 tid 105962
492 5 tid 105962
215 tid 105962
Insert  tid 105962
FindTargetPageId rootid 3 tid 105962
target_page_id id: 5 tid 105962
0 1 tid 105962
130 4 tid 105962
365 2 tid 105962
492 5 tid 105962
216 tid 105962
Insert  tid 105962
FindTargetPageId rootid 3 tid 105961
target_page_id id: 5 tid 105961
0 1 tid 105961
130 4 tid 105961
365 2 tid 105961
492 5 tid 105961
217 tid 105961
Remove  tid 105961
FindTargetPageId rootid 3 tid 105961
target_page_id id: 5 tid 105961
0 1 tid 105961
130 4 tid 105961
365 2 tid 105961
492 5 tid 105961
216 tid 105961
Remove  tid 105961
FindTargetPageId rootid 3 tid 105961
target_page_id id: 5 tid 105961
0 1 tid 105961
130 4 tid 105961
365 2 tid 105961
492 5 tid 105961
215 tid 105961
Remove  tid 105961
FindTargetPageId rootid 3 tid 105962
target_page_id id: 5 tid 105962
0 1 tid 105962
130 4 tid 105962
365 2 tid 105962
492 5 tid 105962
214 tid 105962
FindTargetPageId rootid 3 tid 105960
target_page_id id: 5 tid 105960
0 1 tid 105960
130 4 tid 105960
365 2 tid 105960
492 5 tid 105960
215 tid 105960
Insert  tid 105960
FindTargetPageId rootid 3 tid 105960
target_page_id id: 5 tid 105960
0 1 tid 105960
130 4 tid 105960
365 2 tid 105960
492 5 tid 105960
216 tid 105960
Insert  tid 105960
FindTargetPageId rootid 3 tid 105960
target_page_id id: 5 tid 105960
0 1 tid 105960
130 4 tid 105960
365 2 tid 105960
492 5 tid 105960
217 tid 105960
Insert  tid 105960
FindTargetPageId rootid 3 tid 105960
target_page_id id: 5 tid 105960
0 1 tid 105960
130 4 tid 105960
365 2 tid 105960
492 5 tid 105960
218 tid 105960
Insert  tid 105960
FindTargetPageId rootid 3 tid 105960
target_page_id id: 5 tid 105960
0 1 tid 105960
130 4 tid 105960
365 2 tid 105960
492 5 tid 105960
219 tid 105960
Insert  tid 105960
FindTargetPageId rootid 3 tid 105960
target_page_id id: 5 tid 105960
0 1 tid 105960
130 4 tid 105960
365 2 tid 105960
492 5 tid 105960
220 tid 105960
Insert  tid 105960
FindTargetPageId rootid 3 tid 105960
Insert  tid 105962
target_page_id id: 5 tid 105960
0 1 tid 105960
130 4 tid 105960
365 2 tid 105960
492 5 tid 105960
221 tid 105960
Insert  tid 105960
FindTargetPageId rootid 3 tid 105960
target_page_id id: 5 tid 105960
0 1 tid 105960
130 4 tid 105960
365 2 tid 105960
492 5 tid 105960
222 tid 105960
Insert  tid 105960
FindTargetPageId rootid 3 tid 105960
target_page_id id: 5 tid 105960
0 1 tid 105960
130 4 tid 105960
365 2 tid 105960
492 5 tid 105960
223 tid 105960
Insert  tid 105960
FindTargetPageId rootid 3 tid 105960
target_page_id id: 5 tid 105960
0 1 tid 105960
130 4 tid 105960
365 2 tid 105960
492 5 tid 105960
224 tid 105960
Insert  tid 105960
FindTargetPageId rootid 3 tid 105960
target_page_id id: 5 tid 105960
0 1 tid 105960
130 4 tid 105960
365 2 tid 105960
492 5 tid 105960
225 tid 105960
Insert  tid 105960
FindTargetPageId rootid 3 tid 105960
target_page_id id: 5 tid 105960
0 1 tid 105960
130 4 tid 105960
365 2 tid 105960
492 5 tid 105960
226 tid 105960
Insert  tid 105960
FindTargetPageId rootid 3 tid 105960
target_page_id id: 5 tid 105960
0 1 tid 105960
130 4 tid 105960
365 2 tid 105960
492 5 tid 105960
227 tid 105960
Insert  tid 105960
FindTargetPageId rootid 3 tid 105960
target_page_id id: 5 tid 105960
0 1 tid 105960
130 4 tid 105960
365 2 tid 105960
492 5 tid 105960
228 tid 105960
Insert  tid 105960
FindTargetPageId rootid 3 tid 105962
target_page_id id: 5 tid 105962
0 1 tid 105962
130 4 tid 105962
365 2 tid 105962
492 5 tid 105962
229 tid 105962
Insert  tid 105962
FindTargetPageId rootid 3 tid 105962
target_page_id id: 5 tid 105962
0 1 tid 105962
130 4 tid 105962
365 2 tid 105962
492 5 tid 105962
230 tid 105962
Insert  tid 105962
FindTargetPageId rootid 3 tid 105962
target_page_id id: 5 tid 105962
0 1 tid 105962
130 4 tid 105962
365 2 tid 105962
492 5 tid 105962
231 tid 105962
Insert  tid 105962
FindTargetPageId rootid 3 tid 105962
target_page_id id: 5 tid 105962
0 1 tid 105962
130 4 tid 105962
365 2 tid 105962
492 5 tid 105962
232 tid 105962
Insert  tid 105962
FindTargetPageId rootid 3 tid 105962
target_page_id id: 5 tid 105962
0 1 tid 105962
130 4 tid 105962
365 2 tid 105962
492 5 tid 105962
233 tid 105962
Insert  tid 105962
FindTargetPageId rootid 3 tid 105962
target_page_id id: 5 tid 105962
0 1 tid 105962
130 4 tid 105962
365 2 tid 105962
492 5 tid 105962
234 tid 105962
Insert  tid 105962
FindTargetPageId rootid 3 tid 105962
target_page_id id: 5 tid 105962
0 1 tid 105962
130 4 tid 105962
365 2 tid 105962
492 5 tid 105962
235 tid 105962
Insert  tid 105962
FindTargetPageId rootid 3 tid 105962
target_page_id id: 5 tid 105962
0 1 tid 105962
130 4 tid 105962
365 2 tid 105962
492 5 tid 105962
236 tid 105962
Insert  tid 105962
FindTargetPageId rootid 3 tid 105962
target_page_id id: 5 tid 105962
0 1 tid 105962
130 4 tid 105962
365 2 tid 105962
492 5 tid 105962
237 tid 105962
Insert  tid 105962
FindTargetPageId rootid 3 tid 105960
target_page_id id: 5 tid 105960
0 1 tid 105960
130 4 tid 105960
365 2 tid 105960
492 5 tid 105960
238 tid 105960
Insert  tid 105960
FindTargetPageId rootid 3 tid 105960
target_page_id id: 5 tid 105960
0 1 tid 105960
130 4 tid 105960
365 2 tid 105960
492 5 tid 105960
239 tid 105960
Insert  tid 105960
FindTargetPageId rootid 3 tid 105960
target_page_id id: 5 tid 105960
0 1 tid 105960
130 4 tid 105960
365 2 tid 105960
492 5 tid 105960
240 tid 105960
Insert  tid 105960
FindTargetPageId rootid 3 tid 105960
target_page_id id: 5 tid 105960
0 1 tid 105960
130 4 tid 105960
365 2 tid 105960
492 5 tid 105960
241 tid 105960
Insert  tid 105960
FindTargetPageId rootid 3 tid 105960
target_page_id id: 5 tid 105960
0 1 tid 105960
130 4 tid 105960
365 2 tid 105960
492 5 tid 105960
242 tid 105960
Insert  tid 105960
FindTargetPageId rootid 3 tid 105960
target_page_id id: 5 tid 105960
0 1 tid 105960
130 4 tid 105960
365 2 tid 105960
492 5 tid 105960
243 tid 105960
Insert  tid 105960
FindTargetPageId rootid 3 tid 105960
target_page_id id: 5 tid 105960
0 1 tid 105960
130 4 tid 105960
365 2 tid 105960
492 5 tid 105960
244 tid 105960
Insert  tid 105960
FindTargetPageId rootid 3 tid 105960
target_page_id id: 5 tid 105960
0 1 tid 105960
130 4 tid 105960
365 2 tid 105960
492 5 tid 105960
244 tid 105960
Insert  tid 105960
FindTargetPageId rootid 3 tid 105960
target_page_id id: 5 tid 105960
0 1 tid 105960
130 4 tid 105960
365 2 tid 105960
492 5 tid 105960
244 tid 105960
Insert  tid 105960
FindTargetPageId rootid 3 tid 105960
target_page_id id: 5 tid 105960
0 1 tid 105960
130 4 tid 105960
365 2 tid 105960
492 5 tid 105960
244 tid 105960
Insert  tid 105960
FindTargetPageId rootid 3 tid 105960
target_page_id id: 5 tid 105960
0 1 tid 105960
130 4 tid 105960
365 2 tid 105960
492 5 tid 105960
244 tid 105960
Insert  tid 105960
FindTargetPageId rootid 3 tid 105962
target_page_id id: 5 tid 105962
0 1 tid 105962
130 4 tid 105962
365 2 tid 105962
492 5 tid 105962
244 tid 105962
Insert  tid 105962
FindTargetPageId rootid 3 tid 105961
target_page_id id: 5 tid 105961
0 1 tid 105961
130 4 tid 105961
365 2 tid 105961
492 5 tid 105961
245 tid 105961
Remove  tid 105961
FindTargetPageId rootid 3 tid 105960
target_page_id id: 5 tid 105960
0 1 tid 105960
130 4 tid 105960
365 2 tid 105960
492 5 tid 105960
244 tid 105960
Insert  tid 105960
FindTargetPageId rootid 3 tid 105962
target_page_id id: 5 tid 105962
0 1 tid 105962
130 4 tid 105962
365 2 tid 105962
492 5 tid 105962
244 tid 105962
Insert  tid 105962
FindTargetPageId rootid 3 tid 105962
target_page_id id: 5 tid 105962
0 1 tid 105962
130 4 tid 105962
365 2 tid 105962
492 5 tid 105962
245 tid 105962
Insert  tid 105962
FindTargetPageId rootid 3 tid 105961
target_page_id id: 5 tid 105961
0 1 tid 105961
130 4 tid 105961
365 2 tid 105961
492 5 tid 105961
246 tid 105961
Remove  tid 105961
FindTargetPageId rootid 3 tid 105960
target_page_id id: 5 tid 105960
0 1 tid 105960
130 4 tid 105960
365 2 tid 105960
492 5 tid 105960
245 tid 105960
Insert  tid 105960
FindTargetPageId rootid 3 tid 105962
target_page_id id: 5 tid 105962
0 1 tid 105962
130 4 tid 105962
365 2 tid 105962
492 5 tid 105962
245 tid 105962
Insert  tid 105962
FindTargetPageId rootid 3 tid 105962
target_page_id id: 5 tid 105962
0 1 tid 105962
130 4 tid 105962
365 2 tid 105962
492 5 tid 105962
246 tid 105962
Insert  tid 105962
FindTargetPageId rootid 3 tid 105960
target_page_id id: 5 tid 105960
0 1 tid 105960
130 4 tid 105960
365 2 tid 105960
492 5 tid 105960
247 tid 105960
Insert  tid 105960
FindTargetPageId rootid 3 tid 105960
target_page_id id: 5 tid 105960
0 1 tid 105960
130 4 tid 105960
365 2 tid 105960
492 5 tid 105960
247 tid 105960
Insert  tid 105960
FindTargetPageId rootid 3 tid 105960
target_page_id id: 5 tid 105960
0 1 tid 105960
130 4 tid 105960
365 2 tid 105960
492 5 tid 105960
247 tid 105960
Insert  tid 105960
FindTargetPageId rootid 3 tid 105960
target_page_id id: 5 tid 105960
0 1 tid 105960
130 4 tid 105960
365 2 tid 105960
492 5 tid 105960
247 tid 105960
Insert  tid 105960
FindTargetPageId rootid 3 tid 105960
target_page_id id: 5 tid 105960
0 1 tid 105960
130 4 tid 105960
365 2 tid 105960
492 5 tid 105960
247 tid 105960
Insert  tid 105960
FindTargetPageId rootid 3 tid 105960
target_page_id id: 5 tid 105960
0 1 tid 105960
130 4 tid 105960
365 2 tid 105960
492 5 tid 105960
247 tid 105960
Insert  tid 105960
FindTargetPageId rootid 3 tid 105960
target_page_id id: 5 tid 105960
0 1 tid 105960
130 4 tid 105960
365 2 tid 105960
492 5 tid 105960
247 tid 105960
Insert  tid 105960
FindTargetPageId rootid 3 tid 105960
target_page_id id: 5 tid 105960
0 1 tid 105960
130 4 tid 105960
365 2 tid 105960
492 5 tid 105960
247 tid 105960
Insert  tid 105960
FindTargetPageId rootid 3 tid 105960
target_page_id id: 5 tid 105960
0 1 tid 105960
130 4 tid 105960
365 2 tid 105960
492 5 tid 105960
247 tid 105960
Insert  tid 105960
FindTargetPageId rootid 3 tid 105960
target_page_id id: 5 tid 105960
0 1 tid 105960
130 4 tid 105960
365 2 tid 105960
492 5 tid 105960
247 tid 105960
Insert  tid 105960
FindTargetPageId rootid 3 tid 105960
target_page_id id: 5 tid 105960
0 1 tid 105960
130 4 tid 105960
365 2 tid 105960
492 5 tid 105960
247 tid 105960
Insert  tid 105960
FindTargetPageId rootid 3 tid 105962
target_page_id id: 5 tid 105962
0 1 tid 105962
130 4 tid 105962
365 2 tid 105962
492 5 tid 105962
247 tid 105962
Insert  tid 105962
FindTargetPageId rootid 3 tid 105962
target_page_id id: 5 tid 105962
0 1 tid 105962
130 4 tid 105962
365 2 tid 105962
492 5 tid 105962
248 tid 105962
Insert  tid 105962
FindTargetPageId rootid 3 tid 105960
target_page_id id: 5 tid 105960
0 1 tid 105960
130 4 tid 105960
365 2 tid 105960
492 5 tid 105960
249 tid 105960
Insert  tid 105960
FindTargetPageId rootid 3 tid 105960
target_page_id id: 5 tid 105960
0 1 tid 105960
130 4 tid 105960
365 2 tid 105960
492 5 tid 105960
249 tid 105960
Insert  tid 105960
FindTargetPageId rootid 3 tid 105960
target_page_id id: 5 tid 105960
0 1 tid 105960
130 4 tid 105960
365 2 tid 105960
492 5 tid 105960
249 tid 105960
Insert  tid 105960
FindTargetPageId rootid 3 tid 105960
target_page_id id: 5 tid 105960
0 1 tid 105960
130 4 tid 105960
365 2 tid 105960
492 5 tid 105960
249 tid 105960
Insert  tid 105960
FindTargetPageId rootid 3 tid 105962
target_page_id id: 5 tid 105962
0 1 tid 105962
130 4 tid 105962
365 2 tid 105962
492 5 tid 105962
249 tid 105962
Insert  tid 105962
FindTargetPageId rootid 3 tid 105962
target_page_id id: 5 tid 105962
0 1 tid 105962
130 4 tid 105962
365 2 tid 105962
492 5 tid 105962
250 tid 105962
Insert  tid 105962
FindTargetPageId rootid 3 tid 105962
target_page_id id: 5 tid 105962
0 1 tid 105962
130 4 tid 105962
365 2 tid 105962
492 5 tid 105962
251 tid 105962
Insert  tid 105962
FindTargetPageId rootid 3 tid 105961
target_page_id id: 5 tid 105961
0 1 tid 105961
130 4 tid 105961
365 2 tid 105961
492 5 tid 105961
252 tid 105961
Remove  tid 105961
FindTargetPageId rootid 3 tid 105960
target_page_id id: 5 tid 105960
0 1 tid 105960
130 4 tid 105960
365 2 tid 105960
492 5 tid 105960
251 tid 105960
Insert  tid 105960
FindTargetPageId rootid 3 tid 105962
target_page_id id: 5 tid 105962
0 1 tid 105962
130 4 tid 105962
365 2 tid 105962
492 5 tid 105962
251 tid 105962
Insert  tid 105962
FindTargetPageId rootid 3 tid 105962
target_page_id id: 5 tid 105962
0 1 tid 105962
130 4 tid 105962
365 2 tid 105962
492 5 tid 105962
252 tid 105962
Insert  tid 105962
FindTargetPageId rootid 3 tid 105962
target_page_id id: 5 tid 105962
0 1 tid 105962
130 4 tid 105962
365 2 tid 105962
492 5 tid 105962
253 tid 105962
Insert  tid 105962
FindTargetPageId rootid 3 tid 105960
target_page_id id: 5 tid 105960
0 1 tid 105960
130 4 tid 105960
365 2 tid 105960
492 5 tid 105960
254 tid 105960
Insert  tid 105960
FindTargetPageId rootid 3 tid 105961
target_page_id id: 5 tid 105961
0 1 tid 105961
130 4 tid 105961
365 2 tid 105961
492 5 tid 105961
254 tid 105961
Remove  tid 105961
FindTargetPageId rootid 3 tid 105962
target_page_id id: 5 tid 105962
0 1 tid 105962
130 4 tid 105962
365 2 tid 105962
492 5 tid 105962
253 tid 105962
Insert  tid 105962
FindTargetPageId rootid 3 tid 105962
target_page_id id: 5 tid 105962
0 1 tid 105962
130 4 tid 105962
365 2 tid 105962
492 5 tid 105962
254 tid 105962
Insert  tid 105962
FindTargetPageId rootid 3 tid 105961
target_page_id id: 6 tid 105961
0 1 tid 105961
130 4 tid 105961
365 2 tid 105961
492 5 tid 105961
619 6 tid 105961
128 tid 105961
Remove  tid 105961
FindTargetPageId rootid 3 tid 105960
target_page_id id: 6 tid 105960
0 1 tid 105960
130 4 tid 105960
365 2 tid 105960
492 5 tid 105960
619 6 tid 105960
127 tid 105960
Insert  tid 105960
FindTargetPageId rootid 3 tid 105960
target_page_id id: 6 tid 105960
0 1 tid 105960
130 4 tid 105960
365 2 tid 105960
492 5 tid 105960
619 6 tid 105960
127 tid 105960
Insert  tid 105960
FindTargetPageId rootid 3 tid 105960
target_page_id id: 6 tid 105960
0 1 tid 105960
130 4 tid 105960
365 2 tid 105960
492 5 tid 105960
619 6 tid 105960
127 tid 105960
Insert  tid 105960
FindTargetPageId rootid 3 tid 105962
target_page_id id: 6 tid 105962
0 1 tid 105962
130 4 tid 105962
365 2 tid 105962
492 5 tid 105962
619 6 tid 105962
127 tid 105962
Insert  tid 105962
FindTargetPageId rootid 3 tid 105961
target_page_id id: 6 tid 105961
0 1 tid 105961
130 4 tid 105961
365 2 tid 105961
492 5 tid 105961
619 6 tid 105961
128 tid 105961
Remove  tid 105961
FindTargetPageId rootid 3 tid 105960
target_page_id id: 6 tid 105960
0 1 tid 105960
130 4 tid 105960
365 2 tid 105960
492 5 tid 105960
619 6 tid 105960
127 tid 105960
Insert  tid 105960
FindTargetPageId rootid 3 tid 105962
target_page_id id: 6 tid 105962
0 1 tid 105962
130 4 tid 105962
365 2 tid 105962
492 5 tid 105962
619 6 tid 105962
127 tid 105962
Insert  tid 105962
FindTargetPageId rootid 3 tid 105962
target_page_id id: 6 tid 105962
0 1 tid 105962
130 4 tid 105962
365 2 tid 105962
492 5 tid 105962
619 6 tid 105962
128 tid 105962
Insert  tid 105962
FindTargetPageId rootid 3 tid 105960
target_page_id id: 6 tid 105960
0 1 tid 105960
130 4 tid 105960
365 2 tid 105960
492 5 tid 105960
619 6 tid 105960
129 tid 105960
Insert  tid 105960
FindTargetPageId rootid 3 tid 105961
target_page_id id: 6 tid 105961
0 1 tid 105961
130 4 tid 105961
365 2 tid 105961
492 5 tid 105961
619 6 tid 105961
129 tid 105961
Remove  tid 105961
FindTargetPageId rootid 3 tid 105962
target_page_id id: 6 tid 105962
0 1 tid 105962
130 4 tid 105962
365 2 tid 105962
492 5 tid 105962
619 6 tid 105962
128 tid 105962
Insert  tid 105962
FindTargetPageId rootid 3 tid 105960
target_page_id id: 6 tid 105960
0 1 tid 105960
130 4 tid 105960
365 2 tid 105960
492 5 tid 105960
619 6 tid 105960
129 tid 105960
Insert  tid 105960
FindTargetPageId rootid 3 tid 105961
target_page_id id: 6 tid 105961
0 1 tid 105961
130 4 tid 105961
365 2 tid 105961
492 5 tid 105961
619 6 tid 105961
129 tid 105961
Remove  tid 105961
FindTargetPageId rootid 3 tid 105962
target_page_id id: 6 tid 105962
0 1 tid 105962
130 4 tid 105962
365 2 tid 105962
492 5 tid 105962
619 6 tid 105962
128 tid 105962
Insert  tid 105962
FindTargetPageId rootid 3 tid 105960
target_page_id id: 6 tid 105960
0 1 tid 105960
130 4 tid 105960
365 2 tid 105960
492 5 tid 105960
619 6 tid 105960
129 tid 105960
Insert  tid 105960
FindTargetPageId rootid 3 tid 105961
target_page_id id: 6 tid 105961
0 1 tid 105961
130 4 tid 105961
365 2 tid 105961
492 5 tid 105961
619 6 tid 105961
129 tid 105961
Remove  tid 105961
FindTargetPageId rootid 3 tid 105962
target_page_id id: 6 tid 105962
0 1 tid 105962
130 4 tid 105962
365 2 tid 105962
492 5 tid 105962
619 6 tid 105962
128 tid 105962
Insert  tid 105962
FindTargetPageId rootid 3 tid 105962
target_page_id id: 6 tid 105962
0 1 tid 105962
130 4 tid 105962
365 2 tid 105962
492 5 tid 105962
619 6 tid 105962
129 tid 105962
Insert  tid 105962
FindTargetPageId rootid 3 tid 105962
target_page_id id: 6 tid 105962
0 1 tid 105962
130 4 tid 105962
365 2 tid 105962
492 5 tid 105962
619 6 tid 105962
130 tid 105962
Insert  tid 105962
FindTargetPageId rootid 3 tid 105960
target_page_id id: 6 tid 105960
0 1 tid 105960
130 4 tid 105960
365 2 tid 105960
492 5 tid 105960
619 6 tid 105960
131 tid 105960
Insert  tid 105960
FindTargetPageId rootid 3 tid 105961
target_page_id id: 6 tid 105961
0 1 tid 105961
130 4 tid 105961
365 2 tid 105961
492 5 tid 105961
619 6 tid 105961
131 tid 105961
Remove  tid 105961
FindTargetPageId rootid 3 tid 105961
target_page_id id: 6 tid 105961
0 1 tid 105961
130 4 tid 105961
365 2 tid 105961
492 5 tid 105961
619 6 tid 105961
130 tid 105961
Remove  tid 105961
FindTargetPageId rootid 3 tid 105961
target_page_id id: 6 tid 105961
0 1 tid 105961
130 4 tid 105961
365 2 tid 105961
492 5 tid 105961
619 6 tid 105961
129 tid 105961
Remove  tid 105961
FindTargetPageId rootid 3 tid 105961
target_page_id id: 6 tid 105961
0 1 tid 105961
130 4 tid 105961
365 2 tid 105961
492 5 tid 105961
619 6 tid 105961
128 tid 105961
Remove  tid 105961
FindTargetPageId rootid 3 tid 105960
target_page_id id: 6 tid 105960
0 1 tid 105960
130 4 tid 105960
365 2 tid 105960
492 5 tid 105960
619 6 tid 105960
127 tid 105960
Insert  tid 105960
FindTargetPageId rootid 3 tid 105962
target_page_id id: 6 tid 105962
0 1 tid 105962
130 4 tid 105962
365 2 tid 105962
492 5 tid 105962
619 6 tid 105962
127 tid 105962
Insert  tid 105962
FindTargetPageId rootid 3 tid 105961
target_page_id id: 6 tid 105961
0 1 tid 105961
130 4 tid 105961
365 2 tid 105961
492 5 tid 105961
619 6 tid 105961
128 tid 105961
Remove  tid 105961
FindTargetPageId rootid 3 tid 105961
target_page_id id: 6 tid 105961
0 1 tid 105961
130 4 tid 105961
365 2 tid 105961
492 5 tid 105961
619 6 tid 105961
127 tid 105961
Remove  tid 105961
FindTargetPageId rootid 3 tid 105961
target_page_id id: 5 tid 105961
0 1 tid 105961
130 4 tid 105961
365 2 tid 105961
492 5 tid 105961
253 tid 105961
Remove  tid 105961
FindTargetPageId rootid 3 tid 105961
target_page_id id: 5 tid 105961
0 1 tid 105961
130 4 tid 105961
365 2 tid 105961
492 5 tid 105961
252 tid 105961
Remove  tid 105961
FindTargetPageId rootid 3 tid 105961
target_page_id id: 5 tid 105961
0 1 tid 105961
130 4 tid 105961
365 2 tid 105961
492 5 tid 105961
251 tid 105961
Remove  tid 105961
FindTargetPageId rootid 3 tid 105962
target_page_id id: 5 tid 105962
0 1 tid 105962
130 4 tid 105962
365 2 tid 105962
492 5 tid 105962
250 tid 105962
Insert  tid 105962
FindTargetPageId rootid 3 tid 105960
target_page_id id: 5 tid 105960
0 1 tid 105960
130 4 tid 105960
365 2 tid 105960
492 5 tid 105960
251 tid 105960
Insert  tid 105960
FindTargetPageId rootid 3 tid 105961
target_page_id id: 5 tid 105961
0 1 tid 105961
130 4 tid 105961
365 2 tid 105961
492 5 tid 105961
251 tid 105961
Remove  tid 105961
FindTargetPageId rootid 3 tid 105962
target_page_id id: 5 tid 105962
0 1 tid 105962
130 4 tid 105962
365 2 tid 105962
492 5 tid 105962
250 tid 105962
Insert  tid 105962
FindTargetPageId rootid 3 tid 105960
target_page_id id: 5 tid 105960
0 1 tid 105960
130 4 tid 105960
365 2 tid 105960
492 5 tid 105960
251 tid 105960
Insert  tid 105960
FindTargetPageId rootid 3 tid 105961
target_page_id id: 5 tid 105961
0 1 tid 105961
130 4 tid 105961
365 2 tid 105961
492 5 tid 105961
251 tid 105961
Remove  tid 105961
FindTargetPageId rootid 3 tid 105961
target_page_id id: 5 tid 105961
0 1 tid 105961
130 4 tid 105961
365 2 tid 105961
492 5 tid 105961
250 tid 105961
Remove  tid 105961
FindTargetPageId rootid 3 tid 105961
target_page_id id: 5 tid 105961
0 1 tid 105961
130 4 tid 105961
365 2 tid 105961
492 5 tid 105961
249 tid 105961
Remove  tid 105961
FindTargetPageId rootid 3 tid 105961
target_page_id id: 5 tid 105961
0 1 tid 105961
130 4 tid 105961
365 2 tid 105961
492 5 tid 105961
248 tid 105961
Remove  tid 105961
FindTargetPageId rootid 3 tid 105960
target_page_id id: 5 tid 105960
0 1 tid 105960
130 4 tid 105960
365 2 tid 105960
492 5 tid 105960
247 tid 105960
Insert  tid 105960
FindTargetPageId rootid 3 tid 105962
target_page_id id: 5 tid 105962
0 1 tid 105962
130 4 tid 105962
365 2 tid 105962
492 5 tid 105962
247 tid 105962
Insert  tid 105962
FindTargetPageId rootid 3 tid 105962
target_page_id id: 5 tid 105962
0 1 tid 105962
130 4 tid 105962
365 2 tid 105962
492 5 tid 105962
248 tid 105962
Insert  tid 105962
FindTargetPageId rootid 3 tid 105962
target_page_id id: 5 tid 105962
0 1 tid 105962
130 4 tid 105962
365 2 tid 105962
492 5 tid 105962
249 tid 105962
Insert  tid 105962
FindTargetPageId rootid 3 tid 105960
target_page_id id: 5 tid 105960
0 1 tid 105960
130 4 tid 105960
365 2 tid 105960
492 5 tid 105960
250 tid 105960
Insert  tid 105960
FindTargetPageId rootid 3 tid 105961
target_page_id id: 5 tid 105961
0 1 tid 105961
130 4 tid 105961
365 2 tid 105961
492 5 tid 105961
250 tid 105961
Remove  tid 105961
FindTargetPageId rootid 3 tid 105962
target_page_id id: 5 tid 105962
0 1 tid 105962
130 4 tid 105962
365 2 tid 105962
492 5 tid 105962
249 tid 105962
Insert  tid 105962
FindTargetPageId rootid 3 tid 105960
target_page_id id: 5 tid 105960
0 1 tid 105960
130 4 tid 105960
365 2 tid 105960
492 5 tid 105960
250 tid 105960
Insert  tid 105960
FindTargetPageId rootid 3 tid 105961
target_page_id id: 5 tid 105961
0 1 tid 105961
130 4 tid 105961
365 2 tid 105961
492 5 tid 105961
250 tid 105961
Remove  tid 105961
FindTargetPageId rootid 3 tid 105962
target_page_id id: 5 tid 105962
0 1 tid 105962
130 4 tid 105962
365 2 tid 105962
492 5 tid 105962
249 tid 105962
Insert  tid 105962
FindTargetPageId rootid 3 tid 105960
target_page_id id: 5 tid 105960
0 1 tid 105960
130 4 tid 105960
365 2 tid 105960
492 5 tid 105960
250 tid 105960
Insert  tid 105960
FindTargetPageId rootid 3 tid 105961
target_page_id id: 5 tid 105961
0 1 tid 105961
130 4 tid 105961
365 2 tid 105961
492 5 tid 105961
250 tid 105961
Remove  tid 105961
FindTargetPageId rootid 3 tid 105962
target_page_id id: 5 tid 105962
0 1 tid 105962
130 4 tid 105962
365 2 tid 105962
492 5 tid 105962
249 tid 105962
Insert  tid 105962
FindTargetPageId rootid 3 tid 105960
target_page_id id: 5 tid 105960
0 1 tid 105960
130 4 tid 105960
365 2 tid 105960
492 5 tid 105960
250 tid 105960
Insert  tid 105960
FindTargetPageId rootid 3 tid 105961
target_page_id id: 5 tid 105961
0 1 tid 105961
130 4 tid 105961
365 2 tid 105961
492 5 tid 105961
250 tid 105961
Remove  tid 105961
FindTargetPageId rootid 3 tid 105962
target_page_id id: 5 tid 105962
0 1 tid 105962
130 4 tid 105962
365 2 tid 105962
492 5 tid 105962
249 tid 105962
Insert  tid 105962
FindTargetPageId rootid 3 tid 105960
target_page_id id: 5 tid 105960
0 1 tid 105960
130 4 tid 105960
365 2 tid 105960
492 5 tid 105960
250 tid 105960
Insert  tid 105960
FindTargetPageId rootid 3 tid 105961
target_page_id id: 5 tid 105961
0 1 tid 105961
130 4 tid 105961
365 2 tid 105961
492 5 tid 105961
250 tid 105961
Remove  tid 105961
FindTargetPageId rootid 3 tid 105962
target_page_id id: 5 tid 105962
0 1 tid 105962
130 4 tid 105962
365 2 tid 105962
492 5 tid 105962
249 tid 105962
Insert  tid 105962
FindTargetPageId rootid 3 tid 105960
target_page_id id: 5 tid 105960
0 1 tid 105960
130 4 tid 105960
365 2 tid 105960
492 5 tid 105960
250 tid 105960
Insert  tid 105960
FindTargetPageId rootid 3 tid 105961
target_page_id id: 5 tid 105961
0 1 tid 105961
130 4 tid 105961
365 2 tid 105961
492 5 tid 105961
250 tid 105961
Remove  tid 105961
FindTargetPageId rootid 3 tid 105962
target_page_id id: 5 tid 105962
0 1 tid 105962
130 4 tid 105962
365 2 tid 105962
492 5 tid 105962
249 tid 105962
Insert  tid 105962
FindTargetPageId rootid 3 tid 105960
target_page_id id: 5 tid 105960
0 1 tid 105960
130 4 tid 105960
365 2 tid 105960
492 5 tid 105960
250 tid 105960
Insert  tid 105960
FindTargetPageId rootid 3 tid 105961
target_page_id id: 5 tid 105961
0 1 tid 105961
130 4 tid 105961
365 2 tid 105961
492 5 tid 105961
250 tid 105961
Remove  tid 105961
FindTargetPageId rootid 3 tid 105962
target_page_id id: 5 tid 105962
0 1 tid 105962
130 4 tid 105962
365 2 tid 105962
492 5 tid 105962
249 tid 105962
Insert  tid 105962
FindTargetPageId rootid 3 tid 105960
target_page_id id: 5 tid 105960
0 1 tid 105960
130 4 tid 105960
365 2 tid 105960
492 5 tid 105960
250 tid 105960
Insert  tid 105960
FindTargetPageId rootid 3 tid 105961
target_page_id id: 5 tid 105961
0 1 tid 105961
130 4 tid 105961
365 2 tid 105961
492 5 tid 105961
250 tid 105961
Remove  tid 105961
FindTargetPageId rootid 3 tid 105962
target_page_id id: 5 tid 105962
0 1 tid 105962
130 4 tid 105962
365 2 tid 105962
492 5 tid 105962
249 tid 105962
Insert  tid 105962
FindTargetPageId rootid 3 tid 105960
target_page_id id: 5 tid 105960
0 1 tid 105960
130 4 tid 105960
365 2 tid 105960
492 5 tid 105960
250 tid 105960
Insert  tid 105960
FindTargetPageId rootid 3 tid 105961
target_page_id id: 5 tid 105961
0 1 tid 105961
130 4 tid 105961
365 2 tid 105961
492 5 tid 105961
250 tid 105961
Remove  tid 105961
FindTargetPageId rootid 3 tid 105962
target_page_id id: 5 tid 105962
0 1 tid 105962
130 4 tid 105962
365 2 tid 105962
492 5 tid 105962
249 tid 105962
Insert  tid 105962
FindTargetPageId rootid 3 tid 105960
target_page_id id: 5 tid 105960
0 1 tid 105960
130 4 tid 105960
365 2 tid 105960
492 5 tid 105960
250 tid 105960
Insert  tid 105960
FindTargetPageId rootid 3 tid 105961
target_page_id id: 5 tid 105961
0 1 tid 105961
130 4 tid 105961
365 2 tid 105961
492 5 tid 105961
250 tid 105961
FindTargetPageId rootid 3 tid 105962
Remove  tid 105961
target_page_id id: 5 tid 105962
0 1 tid 105962
130 4 tid 105962
365 2 tid 105962
492 5 tid 105962
249 tid 105962
Insert  tid 105962
FindTargetPageId rootid 3 tid 105961
target_page_id id: 5 tid 105961
0 1 tid 105961
130 4 tid 105961
365 2 tid 105961
492 5 tid 105961
250 tid 105961
Remove  tid 105961
FindTargetPageId rootid 3 tid 105961
target_page_id id: 5 tid 105961
0 1 tid 105961
130 4 tid 105961
365 2 tid 105961
492 5 tid 105961
249 tid 105961
Remove  tid 105961
FindTargetPageId rootid 3 tid 105961
target_page_id id: 5 tid 105961
0 1 tid 105961
130 4 tid 105961
365 2 tid 105961
492 5 tid 105961
248 tid 105961
Remove  tid 105961
FindTargetPageId rootid 3 tid 105961
target_page_id id: 5 tid 105961
0 1 tid 105961
130 4 tid 105961
365 2 tid 105961
492 5 tid 105961
247 tid 105961
Remove  tid 105961
FindTargetPageId rootid 3 tid 105961
target_page_id id: 5 tid 105961
0 1 tid 105961
130 4 tid 105961
365 2 tid 105961
492 5 tid 105961
246 tid 105961
Remove  tid 105961
FindTargetPageId rootid 3 tid 105961
target_page_id id: 5 tid 105961
0 1 tid 105961
130 4 tid 105961
365 2 tid 105961
492 5 tid 105961
245 tid 105961
Remove  tid 105961
FindTargetPageId rootid 3 tid 105961
target_page_id id: 5 tid 105961
0 1 tid 105961
130 4 tid 105961
365 2 tid 105961
492 5 tid 105961
244 tid 105961
Remove  tid 105961
FindTargetPageId rootid 3 tid 105961
target_page_id id: 5 tid 105961
0 1 tid 105961
130 4 tid 105961
365 2 tid 105961
492 5 tid 105961
243 tid 105961
Remove  tid 105961
FindTargetPageId rootid 3 tid 105960
target_page_id id: 5 tid 105960
0 1 tid 105960
130 4 tid 105960
365 2 tid 105960
492 5 tid 105960
242 tid 105960
Insert  tid 105960
FindTargetPageId rootid 3 tid 105960
target_page_id id: 5 tid 105960
0 1 tid 105960
130 4 tid 105960
365 2 tid 105960
492 5 tid 105960
242 tid 105960
Insert  tid 105960
FindTargetPageId rootid 3 tid 105962
target_page_id id: 5 tid 105962
0 1 tid 105962
130 4 tid 105962
365 2 tid 105962
492 5 tid 105962
242 tid 105962
Insert  tid 105962
FindTargetPageId rootid 3 tid 105962
target_page_id id: 5 tid 105962
0 1 tid 105962
130 4 tid 105962
365 2 tid 105962
492 5 tid 105962
243 tid 105962
Insert  tid 105962
FindTargetPageId rootid 3 tid 105962
target_page_id id: 5 tid 105962
0 1 tid 105962
130 4 tid 105962
365 2 tid 105962
492 5 tid 105962
244 tid 105962
Insert  tid 105962
FindTargetPageId rootid 3 tid 105962
target_page_id id: 5 tid 105962
0 1 tid 105962
130 4 tid 105962
365 2 tid 105962
492 5 tid 105962
245 tid 105962
Insert  tid 105962
FindTargetPageId rootid 3 tid 105962
target_page_id id: 5 tid 105962
0 1 tid 105962
130 4 tid 105962
365 2 tid 105962
492 5 tid 105962
246 tid 105962
Insert  tid 105962
FindTargetPageId rootid 3 tid 105962
target_page_id id: 5 tid 105962
0 1 tid 105962
130 4 tid 105962
365 2 tid 105962
492 5 tid 105962
247 tid 105962
Insert  tid 105962
FindTargetPageId rootid 3 tid 105962
target_page_id id: 5 tid 105962
0 1 tid 105962
130 4 tid 105962
365 2 tid 105962
492 5 tid 105962
248 tid 105962
Insert  tid 105962
FindTargetPageId rootid 3 tid 105962
target_page_id id: 5 tid 105962
0 1 tid 105962
130 4 tid 105962
365 2 tid 105962
492 5 tid 105962
249 tid 105962
Insert  tid 105962
FindTargetPageId rootid 3 tid 105962
target_page_id id: 5 tid 105962
0 1 tid 105962
130 4 tid 105962
365 2 tid 105962
492 5 tid 105962
250 tid 105962
Insert  tid 105962
FindTargetPageId rootid 3 tid 105962
target_page_id id: 5 tid 105962
0 1 tid 105962
130 4 tid 105962
365 2 tid 105962
492 5 tid 105962
251 tid 105962
Insert  tid 105962
FindTargetPageId rootid 3 tid 105962
target_page_id id: 5 tid 105962
0 1 tid 105962
130 4 tid 105962
365 2 tid 105962
492 5 tid 105962
252 tid 105962
Insert  tid 105962
FindTargetPageId rootid 3 tid 105962
target_page_id id: 5 tid 105962
0 1 tid 105962
130 4 tid 105962
365 2 tid 105962
492 5 tid 105962
253 tid 105962
Insert  tid 105962
FindTargetPageId rootid 3 tid 105962
target_page_id id: 5 tid 105962
0 1 tid 105962
130 4 tid 105962
365 2 tid 105962
492 5 tid 105962
254 tid 105962
Insert  tid 105962
FindTargetPageId rootid 3 tid 105960
target_page_id id: 7 tid 105960
0 1 tid 105960
130 4 tid 105960
365 2 tid 105960
492 5 tid 105960
619 7 tid 105960
128 tid 105960
Insert  tid 105960
FindTargetPageId rootid 3 tid 105960
target_page_id id: 7 tid 105960
0 1 tid 105960
130 4 tid 105960
365 2 tid 105960
492 5 tid 105960
619 7 tid 105960
128 tid 105960
Insert  tid 105960
FindTargetPageId rootid 3 tid 105960
target_page_id id: 7 tid 105960
0 1 tid 105960
130 4 tid 105960
365 2 tid 105960
492 5 tid 105960
619 7 tid 105960
128 tid 105960
Insert  tid 105960
FindTargetPageId rootid 3 tid 105960
target_page_id id: 7 tid 105960
0 1 tid 105960
130 4 tid 105960
365 2 tid 105960
492 5 tid 105960
619 7 tid 105960
128 tid 105960
Insert  tid 105960
FindTargetPageId rootid 3 tid 105960
target_page_id id: 7 tid 105960
0 1 tid 105960
130 4 tid 105960
365 2 tid 105960
492 5 tid 105960
619 7 tid 105960
128 tid 105960
Insert  tid 105960
FindTargetPageId rootid 3 tid 105960
target_page_id id: 7 tid 105960
0 1 tid 105960
130 4 tid 105960
365 2 tid 105960
492 5 tid 105960
619 7 tid 105960
128 tid 105960
Insert  tid 105960
FindTargetPageId rootid 3 tid 105960
target_page_id id: 7 tid 105960
0 1 tid 105960
130 4 tid 105960
365 2 tid 105960
492 5 tid 105960
619 7 tid 105960
128 tid 105960
Insert  tid 105960
FindTargetPageId rootid 3 tid 105960
target_page_id id: 7 tid 105960
0 1 tid 105960
130 4 tid 105960
365 2 tid 105960
492 5 tid 105960
619 7 tid 105960
128 tid 105960
Insert  tid 105960
FindTargetPageId rootid 3 tid 105960
target_page_id id: 7 tid 105960
0 1 tid 105960
130 4 tid 105960
365 2 tid 105960
492 5 tid 105960
619 7 tid 105960
128 tid 105960
Insert  tid 105960
FindTargetPageId rootid 3 tid 105960
target_page_id id: 7 tid 105960
0 1 tid 105960
130 4 tid 105960
365 2 tid 105960
492 5 tid 105960
619 7 tid 105960
128 tid 105960
Insert  tid 105960
FindTargetPageId rootid 3 tid 105960
target_page_id id: 7 tid 105960
0 1 tid 105960
130 4 tid 105960
365 2 tid 105960
492 5 tid 105960
619 7 tid 105960
128 tid 105960
Insert  tid 105960
FindTargetPageId rootid 3 tid 105960
target_page_id id: 7 tid 105960
0 1 tid 105960
130 4 tid 105960
365 2 tid 105960
492 5 tid 105960
619 7 tid 105960
128 tid 105960
Insert  tid 105960
FindTargetPageId rootid 3 tid 105960
target_page_id id: 7 tid 105960
0 1 tid 105960
130 4 tid 105960
365 2 tid 105960
492 5 tid 105960
619 7 tid 105960
128 tid 105960
Insert  tid 105960
FindTargetPageId rootid 3 tid 105960
target_page_id id: 7 tid 105960
0 1 tid 105960
130 4 tid 105960
365 2 tid 105960
492 5 tid 105960
619 7 tid 105960
128 tid 105960
Insert  tid 105960
FindTargetPageId rootid 3 tid 105960
target_page_id id: 7 tid 105960
0 1 tid 105960
130 4 tid 105960
365 2 tid 105960
492 5 tid 105960
619 7 tid 105960
128 tid 105960
Insert  tid 105960
FindTargetPageId rootid 3 tid 105960
target_page_id id: 7 tid 105960
0 1 tid 105960
130 4 tid 105960
365 2 tid 105960
492 5 tid 105960
619 7 tid 105960
128 tid 105960
Insert  tid 105960
FindTargetPageId rootid 3 tid 105960
target_page_id id: 7 tid 105960
0 1 tid 105960
130 4 tid 105960
365 2 tid 105960
492 5 tid 105960
619 7 tid 105960
128 tid 105960
Insert  tid 105960
FindTargetPageId rootid 3 tid 105960
target_page_id id: 7 tid 105960
0 1 tid 105960
130 4 tid 105960
365 2 tid 105960
492 5 tid 105960
619 7 tid 105960
128 tid 105960
Insert  tid 105960
FindTargetPageId rootid 3 tid 105960
target_page_id id: 7 tid 105960
0 1 tid 105960
130 4 tid 105960
365 2 tid 105960
492 5 tid 105960
619 7 tid 105960
128 tid 105960
Insert  tid 105960
FindTargetPageId rootid 3 tid 105960
target_page_id id: 7 tid 105960
0 1 tid 105960
130 4 tid 105960
365 2 tid 105960
492 5 tid 105960
619 7 tid 105960
128 tid 105960
Insert  tid 105960
FindTargetPageId rootid 3 tid 105960
target_page_id id: 7 tid 105960
0 1 tid 105960
130 4 tid 105960
365 2 tid 105960
492 5 tid 105960
619 7 tid 105960
128 tid 105960
Insert  tid 105960
FindTargetPageId rootid 3 tid 105962
target_page_id id: 7 tid 105962
0 1 tid 105962
130 4 tid 105962
365 2 tid 105962
492 5 tid 105962
619 7 tid 105962
128 tid 105962
Insert  tid 105962
FindTargetPageId rootid 3 tid 105962
target_page_id id: 7 tid 105962
0 1 tid 105962
130 4 tid 105962
365 2 tid 105962
492 5 tid 105962
619 7 tid 105962
129 tid 105962
Insert  tid 105962
FindTargetPageId rootid 3 tid 105962
target_page_id id: 7 tid 105962
0 1 tid 105962
130 4 tid 105962
365 2 tid 105962
492 5 tid 105962
619 7 tid 105962
130 tid 105962
Insert  tid 105962
FindTargetPageId rootid 3 tid 105962
target_page_id id: 7 tid 105962
0 1 tid 105962
130 4 tid 105962
365 2 tid 105962
492 5 tid 105962
619 7 tid 105962
131 tid 105962
Insert  tid 105962
FindTargetPageId rootid 3 tid 105962
target_page_id id: 7 tid 105962
0 1 tid 105962
130 4 tid 105962
365 2 tid 105962
492 5 tid 105962
619 7 tid 105962
132 tid 105962
Insert  tid 105962
FindTargetPageId rootid 3 tid 105961
target_page_id id: 7 tid 105961
0 1 tid 105961
130 4 tid 105961
365 2 tid 105961
492 5 tid 105961
619 7 tid 105961
133 tid 105961
Remove  tid 105961
FindTargetPageId rootid 3 tid 105961
target_page_id id: 7 tid 105961
0 1 tid 105961
130 4 tid 105961
365 2 tid 105961
492 5 tid 105961
619 7 tid 105961
132 tid 105961
Remove  tid 105961
FindTargetPageId rootid 3 tid 105961
target_page_id id: 7 tid 105961
0 1 tid 105961
130 4 tid 105961
365 2 tid 105961
492 5 tid 105961
619 7 tid 105961
131 tid 105961
Remove  tid 105961
FindTargetPageId rootid 3 tid 105961
target_page_id id: 7 tid 105961
0 1 tid 105961
130 4 tid 105961
365 2 tid 105961
492 5 tid 105961
619 7 tid 105961
130 tid 105961
Remove  tid 105961
FindTargetPageId rootid 3 tid 105961
target_page_id id: 7 tid 105961
0 1 tid 105961
130 4 tid 105961
365 2 tid 105961
492 5 tid 105961
619 7 tid 105961
129 tid 105961
Remove  tid 105961
FindTargetPageId rootid 3 tid 105961
target_page_id id: 7 tid 105961
0 1 tid 105961
130 4 tid 105961
365 2 tid 105961
492 5 tid 105961
619 7 tid 105961
128 tid 105961
Remove  tid 105961
FindTargetPageId rootid 3 tid 105961
target_page_id id: 7 tid 105961
0 1 tid 105961
130 4 tid 105961
365 2 tid 105961
492 5 tid 105961
619 7 tid 105961
127 tid 105961
Remove  tid 105961
FindTargetPageId rootid 3 tid 105960
target_page_id id: 5 tid 105960
0 1 tid 105960
130 4 tid 105960
365 2 tid 105960
492 5 tid 105960
253 tid 105960
Insert  tid 105960
FindTargetPageId rootid 3 tid 105962
target_page_id id: 5 tid 105962
0 1 tid 105962
130 4 tid 105962
365 2 tid 105962
492 5 tid 105962
253 tid 105962
Insert  tid 105962
FindTargetPageId rootid 3 tid 105961
target_page_id id: 5 tid 105961
0 1 tid 105961
130 4 tid 105961
365 2 tid 105961
492 5 tid 105961
254 tid 105961
Remove  tid 105961
FindTargetPageId rootid 3 tid 105960
target_page_id id: 5 tid 105960
0 1 tid 105960
130 4 tid 105960
365 2 tid 105960
492 5 tid 105960
253 tid 105960
Insert  tid 105960
FindTargetPageId rootid 3 tid 105960
target_page_id id: 5 tid 105960
0 1 tid 105960
130 4 tid 105960
365 2 tid 105960
492 5 tid 105960
253 tid 105960
Insert  tid 105960
FindTargetPageId rootid 3 tid 105960
target_page_id id: 5 tid 105960
0 1 tid 105960
130 4 tid 105960
365 2 tid 105960
492 5 tid 105960
253 tid 105960
Insert  tid 105960
FindTargetPageId rootid 3 tid 105962
target_page_id id: 5 tid 105962
0 1 tid 105962
130 4 tid 105962
365 2 tid 105962
492 5 tid 105962
253 tid 105962
Insert  tid 105962
FindTargetPageId rootid 3 tid 105961
target_page_id id: 5 tid 105961
0 1 tid 105961
130 4 tid 105961
365 2 tid 105961
492 5 tid 105961
254 tid 105961
Remove  tid 105961
FindTargetPageId rootid 3 tid 105960
target_page_id id: 5 tid 105960
0 1 tid 105960
130 4 tid 105960
365 2 tid 105960
492 5 tid 105960
253 tid 105960
Insert  tid 105960
FindTargetPageId rootid 3 tid 105960
target_page_id id: 5 tid 105960
0 1 tid 105960
130 4 tid 105960
365 2 tid 105960
492 5 tid 105960
253 tid 105960
Insert  tid 105960
FindTargetPageId rootid 3 tid 105961
target_page_id id: 5 tid 105961
0 1 tid 105961
130 4 tid 105961
365 2 tid 105961
492 5 tid 105961
253 tid 105961
Remove  tid 105961
FindTargetPageId rootid 3 tid 105961
target_page_id id: 5 tid 105961
0 1 tid 105961
130 4 tid 105961
365 2 tid 105961
492 5 tid 105961
252 tid 105961
Remove  tid 105961
FindTargetPageId rootid 3 tid 105961
target_page_id id: 5 tid 105961
0 1 tid 105961
130 4 tid 105961
365 2 tid 105961
492 5 tid 105961
251 tid 105961
Remove  tid 105961
FindTargetPageId rootid 3 tid 105960
target_page_id id: 5 tid 105960
0 1 tid 105960
130 4 tid 105960
365 2 tid 105960
492 5 tid 105960
250 tid 105960
Insert  tid 105960
FindTargetPageId rootid 3 tid 105962
target_page_id id: 5 tid 105962
0 1 tid 105962
130 4 tid 105962
365 2 tid 105962
492 5 tid 105962
250 tid 105962
Insert  tid 105962
FindTargetPageId rootid 3 tid 105961
target_page_id id: 5 tid 105961
0 1 tid 105961
130 4 tid 105961
365 2 tid 105961
492 5 tid 105961
251 tid 105961
FindTargetPageId rootid 3 tid 105960
target_page_id id: Remove  tid 5 tid 105961
105960
0 1 tid 105960
130 4 tid 105960
365 2 tid 105960
492 5 tid 105960
250 tid 105960
Insert  tid 105960
FindTargetPageId rootid 3 tid 105962
target_page_id id: 5 tid 105962
0 1 tid 105962
130 4 tid 105962
365 2 tid 105962
492 5 tid 105962
250 tid 105962
Insert  tid 105962
FindTargetPageId rootid 3 tid 105961
target_page_id id: 5 tid 105961
0 1 tid 105961
130 4 tid 105961
365 2 tid 105961
492 5 tid 105961
251 tid 105961
Remove  tid 105961
FindTargetPageId rootid 3 tid 105960
target_page_id id: 5 tid 105960
0 1 tid 105960
130 4 tid 105960
365 2 tid 105960
492 5 tid 105960
250 tid 105960
Insert  tid 105960
FindTargetPageId rootid 3 tid 105960
target_page_id id: 5 tid 105960
0 1 tid 105960
130 4 tid 105960
365 2 tid 105960
492 5 tid 105960
250 tid 105960
Insert  tid 105960
FindTargetPageId rootid 3 tid 105960
target_page_id id: 5 tid 105960
0 1 tid 105960
130 4 tid 105960
365 2 tid 105960
492 5 tid 105960
250 tid 105960
Insert  tid 105960
FindTargetPageId rootid 3 tid 105960
target_page_id id: 5 tid 105960
0 1 tid 105960
130 4 tid 105960
365 2 tid 105960
492 5 tid 105960
250 tid 105960
Insert  tid 105960
FindTargetPageId rootid 3 tid 105961
target_page_id id: 5 tid 105961
0 1 tid 105961
130 4 tid 105961
365 2 tid 105961
492 5 tid 105961
250 tid 105961
Remove  tid 105961
FindTargetPageId rootid 3 tid 105961
target_page_id id: 5 tid 105961
0 1 tid 105961
130 4 tid 105961
365 2 tid 105961
492 5 tid 105961
249 tid 105961
Remove  tid 105961
FindTargetPageId rootid 3 tid 105960
target_page_id id: 5 tid 105960
0 1 tid 105960
130 4 tid 105960
365 2 tid 105960
492 5 tid 105960
248 tid 105960
Insert  tid 105960
FindTargetPageId rootid 3 tid 105960
target_page_id id: 5 tid 105960
0 1 tid 105960
130 4 tid 105960
365 2 tid 105960
492 5 tid 105960
248 tid 105960
Insert  tid 105960
FindTargetPageId rootid 3 tid 105960
target_page_id id: 5 tid 105960
0 1 tid 105960
130 4 tid 105960
365 2 tid 105960
492 5 tid 105960
248 tid 105960
Insert  tid 105960
FindTargetPageId rootid 3 tid 105960
target_page_id id: 5 tid 105960
0 1 tid 105960
130 4 tid 105960
365 2 tid 105960
492 5 tid 105960
248 tid 105960
Insert  tid 105960
FindTargetPageId rootid 3 tid 105962
target_page_id id: 5 tid 105962
0 1 tid 105962
130 4 tid 105962
365 2 tid 105962
492 5 tid 105962
248 tid 105962
Insert  tid 105962
FindTargetPageId rootid 3 tid 105961
target_page_id id: 5 tid 105961
0 1 tid 105961
130 4 tid 105961
365 2 tid 105961
492 5 tid 105961
249 tid 105961
Remove  tid 105961
FindTargetPageId rootid 3 tid 105961
target_page_id id: 5 tid 105961
0 1 tid 105961
130 4 tid 105961
365 2 tid 105961
492 5 tid 105961
248 tid 105961
FindTargetPageId rootid 3 tid 105962
Remove  tid 105961
target_page_id id: 5 tid 105962
0 1 tid 105962
130 4 tid 105962
365 2 tid 105962
492 5 tid 105962
247 tid 105962
Insert  tid 105962
FindTargetPageId rootid 3 tid 105962
target_page_id id: 5 tid 105962
0 1 tid 105962
130 4 tid 105962
365 2 tid 105962
492 5 tid 105962
248 tid 105962
Insert  tid 105962
FindTargetPageId rootid 3 tid 105962
target_page_id id: 5 tid 105962
0 1 tid 105962
130 4 tid 105962
365 2 tid 105962
492 5 tid 105962
249 tid 105962
Insert  tid 105962
FindTargetPageId rootid 3 tid 105962
target_page_id id: 5 tid 105962
0 1 tid 105962
130 4 tid 105962
365 2 tid 105962
492 5 tid 105962
250 tid 105962
Insert  tid 105962
FindTargetPageId rootid 3 tid 105962
target_page_id id: 5 tid 105962
0 1 tid 105962
130 4 tid 105962
365 2 tid 105962
492 5 tid 105962
251 tid 105962
Insert  tid 105962
FindTargetPageId rootid 3 tid 105960
target_page_id id: 5 tid 105960
0 1 tid 105960
130 4 tid 105960
365 2 tid 105960
492 5 tid 105960
252 tid 105960
Insert  tid 105960
FindTargetPageId rootid 3 tid 105961
target_page_id id: 5 tid 105961
0 1 tid 105961
130 4 tid 105961
365 2 tid 105961
492 5 tid 105961
252 tid 105961
Remove  tid 105961
FindTargetPageId rootid 3 tid 105962
target_page_id id: 5 tid 105962
0 1 tid 105962
130 4 tid 105962
365 2 tid 105962
492 5 tid 105962
251 tid 105962
Insert  tid 105962
FindTargetPageId rootid 3 tid 105960
target_page_id id: 5 tid 105960
0 1 tid 105960
130 4 tid 105960
365 2 tid 105960
492 5 tid 105960
252 tid 105960
Insert  tid 105960
FindTargetPageId rootid 3 tid 105961
target_page_id id: 5 tid 105961
0 1 tid 105961
130 4 tid 105961
365 2 tid 105961
492 5 tid 105961
252 tid 105961
Remove  tid 105961
FindTargetPageId rootid 3 tid 105962
target_page_id id: 5 tid 105962
0 1 tid 105962
130 4 tid 105962
365 2 tid 105962
492 5 tid 105962
251 tid 105962
FindTargetPageId rootid 3 tid 105960
target_page_id id: 5 tid 105960
0 1 tid 105960
130 4 tid 105960
365 2 tid 105960
492 5 tid 105960
Insert  tid 105962
252 tid 105960
Insert  tid 105960
FindTargetPageId rootid 3 tid 105961
target_page_id id: 5 tid 105961
0 1 tid 105961
130 4 tid 105961
365 2 tid 105961
492 5 tid 105961
252 tid 105961
Remove  tid 105961
FindTargetPageId rootid 3 tid 105962
target_page_id id: 5 tid 105962
0 1 tid 105962
130 4 tid 105962
365 2 tid 105962
492 5 tid 105962
251 tid 105962
Insert  tid 105962
FindTargetPageId rootid 3 tid 105960
target_page_id id: 5 tid 105960
0 1 tid 105960
130 4 tid 105960
365 2 tid 105960
492 5 tid 105960
252 tid 105960
Insert  tid 105960
FindTargetPageId rootid 3 tid 105961
target_page_id id: 5 tid 105961
0 1 tid 105961
130 4 tid 105961
365 2 tid 105961
492 5 tid 105961
252 tid 105961
Remove  tid 105961
FindTargetPageId rootid 3 tid 105962
target_page_id id: 5 tid 105962
0 1 tid 105962
130 4 tid 105962
365 2 tid 105962
492 5 tid 105962
251 tid 105962
Insert  tid 105962
FindTargetPageId rootid 3 tid 105960
target_page_id id: 5 tid 105960
0 1 tid 105960
130 4 tid 105960
365 2 tid 105960
492 5 tid 105960
252 tid 105960
Insert  tid 105960
FindTargetPageId rootid 3 tid 105961
target_page_id id: 5 tid 105961
0 1 tid 105961
130 4 tid 105961
365 2 tid 105961
492 5 tid 105961
252 tid 105961
Remove  tid 105961
FindTargetPageId rootid 3 tid 105961
target_page_id id: 5 tid 105961
0 1 tid 105961
130 4 tid 105961
365 2 tid 105961
492 5 tid 105961
251 tid 105961
Remove  tid 105961
FindTargetPageId rootid 3 tid 105960
target_page_id id: 5 tid 105960
0 1 tid 105960
130 4 tid 105960
365 2 tid 105960
492 5 tid 105960
250 tid 105960
Insert  tid 105960
FindTargetPageId rootid 3 tid 105962
target_page_id id: 5 tid 105962
0 1 tid 105962
130 4 tid 105962
365 2 tid 105962
492 5 tid 105962
250 tid 105962
Insert  tid 105962
FindTargetPageId rootid 3 tid 105961
target_page_id id: 5 tid 105961
0 1 tid 105961
130 4 tid 105961
365 2 tid 105961
492 5 tid 105961
251 tid 105961
Remove  tid 105961
FindTargetPageId rootid 3 tid 105960
target_page_id id: 5 tid 105960
0 1 tid 105960
130 4 tid 105960
365 2 tid 105960
492 5 tid 105960
250 tid 105960
Insert  tid 105960
FindTargetPageId rootid 3 tid 105962
target_page_id id: 5 tid 105962
0 1 tid 105962
130 4 tid 105962
365 2 tid 105962
492 5 tid 105962
250 tid 105962
Insert  tid 105962
FindTargetPageId rootid 3 tid 105961
target_page_id id: 5 tid 105961
0 1 tid 105961
130 4 tid 105961
365 2 tid 105961
492 5 tid 105961
251 tid 105961
Remove  tid 105961
FindTargetPageId rootid 3 tid 105960
target_page_id id: 5 tid 105960
0 1 tid 105960
130 4 tid 105960
365 2 tid 105960
492 5 tid 105960
250 tid 105960
Insert  tid 105960
FindTargetPageId rootid 3 tid 105962
target_page_id id: 5 tid 105962
0 1 tid 105962
130 4 tid 105962
365 2 tid 105962
492 5 tid 105962
250 tid 105962
Insert  tid 105962
FindTargetPageId rootid 3 tid 105961
target_page_id id: 5 tid 105961
0 1 tid 105961
130 4 tid 105961
365 2 tid 105961
492 5 tid 105961
251 tid 105961
Remove  tid 105961
FindTargetPageId rootid 3 tid 105960
target_page_id id: 5 tid 105960
0 1 tid 105960
130 4 tid 105960
365 2 tid 105960
492 5 tid 105960
250 tid 105960
Insert  tid 105960
FindTargetPageId rootid 3 tid 105962
target_page_id id: 5 tid 105962
0 1 tid 105962
130 4 tid 105962
365 2 tid 105962
492 5 tid 105962
250 tid 105962
Insert  tid 105962
FindTargetPageId rootid 3 tid 105961
target_page_id id: 5 tid 105961
0 1 tid 105961
130 4 tid 105961
365 2 tid 105961
492 5 tid 105961
251 tid 105961
FindTargetPageId rootid 3 tid 105960
target_page_id id: 5 tid 105960
0 1 tid 105960
130 4 tid 105960
365 2 tid 105960Remove  tid 
492 5 tid 105960
105961
250 tid 105960
Insert  tid 105960
FindTargetPageId rootid 3 tid 105960
target_page_id id: 5 tid 105960
0 1 tid 105960
130 4 tid 105960
365 2 tid 105960
492 5 tid 105960
250 tid 105960
Insert  tid 105960
FindTargetPageId rootid 3 tid 105960
target_page_id id: 5 tid 105960
0 1 tid 105960
130 4 tid 105960
365 2 tid 105960
492 5 tid 105960
250 tid 105960
Insert  tid 105960
FindTargetPageId rootid 3 tid 105961
target_page_id id: 5 tid 105961
0 1 tid 105961
130 4 tid 105961
365 2 tid 105961
492 5 tid 105961
250 tid 105961
Remove  tid 105961
FindTargetPageId rootid 3 tid 105962
target_page_id id: 5 tid 105962
0 1 tid 105962
130 4 tid 105962
365 2 tid 105962
492 5 tid 105962
249 tid 105962
Insert  tid 105962
FindTargetPageId rootid 3 tid 105960
target_page_id id: 5 tid 105960
0 1 tid 105960
130 4 tid 105960
365 2 tid 105960
492 5 tid 105960
250 tid 105960
Insert  tid 105960
FindTargetPageId rootid 3 tid 105960
target_page_id id: 5 tid 105960
0 1 tid 105960
130 4 tid 105960
365 2 tid 105960
492 5 tid 105960
250 tid 105960
Insert  tid 105960
FindTargetPageId rootid 3 tid 105960
target_page_id id: 5 tid 105960
0 1 tid 105960
130 4 tid 105960
365 2 tid 105960
492 5 tid 105960
250 tid 105960
Insert  tid 105960
FindTargetPageId rootid 3 tid 105961
target_page_id id: 5 tid 105961
0 1 tid 105961
130 4 tid 105961
365 2 tid 105961
492 5 tid 105961
250 tid 105961
Remove  tid 105961
FindTargetPageId rootid 3 tid 105962
target_page_id id: 5 tid 105962
0 1 tid 105962
130 4 tid 105962
365 2 tid 105962
492 5 tid 105962
249 tid 105962
FindTargetPageId rootid 3 tid 105960
Insert  tid 105962
target_page_id id: 5 tid 105960
0 1 tid 105960
130 4 tid 105960
365 2 tid 105960
492 5 tid 105960
250 tid 105960
Insert  tid 105960
FindTargetPageId rootid 3 tid 105961
target_page_id id: 5 tid 105961
0 1 tid 105961
130 4 tid 105961
365 2 tid 105961
492 5 tid 105961
250 tid 105961
Remove  tid 105961
FindTargetPageId rootid 3 tid 105962
target_page_id id: 5 tid 105962
0 1 tid 105962
130 4 tid 105962
365 2 tid 105962
492 5 tid 105962
249 tid 105962
Insert  tid 105962
FindTargetPageId rootid 3 tid 105962
target_page_id id: 5 tid 105962
0 1 tid 105962
130 4 tid 105962
365 2 tid 105962
492 5 tid 105962
250 tid 105962
Insert  tid 105962
FindTargetPageId rootid 3 tid 105962
target_page_id id: 5 tid 105962
0 1 tid 105962
130 4 tid 105962
365 2 tid 105962
492 5 tid 105962
251 tid 105962
Insert  tid 105962
FindTargetPageId rootid 3 tid 105962
target_page_id id: 5 tid 105962
0 1 tid 105962
130 4 tid 105962
365 2 tid 105962
492 5 tid 105962
252 tid 105962
Insert  tid 105962
FindTargetPageId rootid 3 tid 105962
target_page_id id: 5 tid 105962
0 1 tid 105962
130 4 tid 105962
365 2 tid 105962
492 5 tid 105962
253 tid 105962
Insert  tid 105962
FindTargetPageId rootid 3 tid 105962
target_page_id id: 5 tid 105962
0 1 tid 105962
130 4 tid 105962
365 2 tid 105962
492 5 tid 105962
254 tid 105962
Insert  tid 105962
FindTargetPageId rootid 3 tid 105961
target_page_id id: 8 tid 105961
0 1 tid 105961
130 4 tid 105961
365 2 tid 105961
492 5 tid 105961
619 8 tid 105961
128 tid 105961
Remove  tid 105961
FindTargetPageId rootid 3 tid 105961
target_page_id id: 8 tid 105961
0 1 tid 105961
130 4 tid 105961
365 2 tid 105961
492 5 tid 105961
619 8 tid 105961
127 tid 105961
Remove  tid 105961
FindTargetPageId rootid 3 tid 105960
target_page_id id: 5 tid 105960
0 1 tid 105960
130 4 tid 105960
365 2 tid 105960
492 5 tid 105960
253 tid 105960
Insert  tid 105960
FindTargetPageId rootid 3 tid 105961
target_page_id id: 5 tid 105961
0 1 tid 105961
130 4 tid 105961
365 2 tid 105961
492 5 tid 105961
253 tid 105961
Remove  tid 105961
FindTargetPageId rootid 3 tid 105961
target_page_id id: 5 tid 105961
0 1 tid 105961
130 4 tid 105961
365 2 tid 105961
492 5 tid 105961
252 tid 105961
Remove  tid 105961
FindTargetPageId rootid 3 tid 105961
target_page_id id: 5 tid 105961
0 1 tid 105961
130 4 tid 105961
365 2 tid 105961
492 5 tid 105961
251 tid 105961
Remove  tid 105961
FindTargetPageId rootid 3 tid 105961
target_page_id id: 5 tid 105961
0 1 tid 105961
130 4 tid 105961
365 2 tid 105961
492 5 tid 105961
250 tid 105961
Remove  tid 105961
FindTargetPageId rootid 3 tid 105961
target_page_id id: 5 tid 105961
0 1 tid 105961
130 4 tid 105961
365 2 tid 105961
492 5 tid 105961
249 tid 105961
Remove  tid 105961
FindTargetPageId rootid 3 tid 105962
target_page_id id: 5 tid 105962
0 1 tid 105962
130 4 tid 105962
365 2 tid 105962
492 5 tid 105962
248 tid 105962
Insert  tid 105962
FindTargetPageId rootid 3 tid 105962
target_page_id id: 5 tid 105962
0 1 tid 105962
130 4 tid 105962
365 2 tid 105962
492 5 tid 105962
249 tid 105962
Insert  tid 105962
FindTargetPageId rootid 3 tid 105962
target_page_id id: 5 tid 105962
0 1 tid 105962
130 4 tid 105962
365 2 tid 105962
492 5 tid 105962
250 tid 105962
FindTargetPageId rootid 3 tid 105961
Insert  tid 105962
target_page_id id: 5 tid 105961
0 1 tid 105961
130 4 tid 105961
365 2 tid 105961
492 5 tid 105961
251 tid 105961
Remove  tid 105961
FindTargetPageId rootid 3 tid 105961
target_page_id id: 5 tid 105961
0 1 tid 105961
130 4 tid 105961
365 2 tid 105961
492 5 tid 105961
250 tid 105961
Remove  tid 105961
FindTargetPageId rootid 3 tid 105961
target_page_id id: 5 tid 105961
0 1 tid 105961
130 4 tid 105961
365 2 tid 105961
492 5 tid 105961
249 tid 105961
Remove  tid 105961
FindTargetPageId rootid 3 tid 105961
target_page_id id: 5 tid 105961
0 1 tid 105961
130 4 tid 105961
365 2 tid 105961
492 5 tid 105961
248 tid 105961
Remove  tid 105961
FindTargetPageId rootid 3 tid 105961
target_page_id id: 5 tid 105961
0 1 tid 105961
130 4 tid 105961
365 2 tid 105961
492 5 tid 105961
247 tid 105961
Remove  tid 105961
FindTargetPageId rootid 3 tid 105962
target_page_id id: 5 tid 105962
0 1 tid 105962
130 4 tid 105962
365 2 tid 105962
492 5 tid 105962
246 tid 105962
Insert  tid 105962
FindTargetPageId rootid 3 tid 105962
target_page_id id: 5 tid 105962
0 1 tid 105962
130 4 tid 105962
365 2 tid 105962
492 5 tid 105962
247 tid 105962
Insert  tid 105962
FindTargetPageId rootid 3 tid 105962
target_page_id id: 5 tid 105962
0 1 tid 105962
130 4 tid 105962
365 2 tid 105962
492 5 tid 105962
248 tid 105962
Insert  tid 105962
FindTargetPageId rootid 3 tid 105962
target_page_id id: 5 tid 105962
0 1 tid 105962
130 4 tid 105962
365 2 tid 105962
492 5 tid 105962
249 tid 105962
Insert  tid 105962
FindTargetPageId rootid 3 tid 105962
target_page_id id: 5 tid 105962
0 1 tid 105962
130 4 tid 105962
365 2 tid 105962
492 5 tid 105962
250 tid 105962
Insert  tid 105962
FindTargetPageId rootid 3 tid 105960
target_page_id id: 5 tid 105960
0 1 tid 105960
130 4 tid 105960
365 2 tid 105960
492 5 tid 105960
251 tid 105960
Insert  tid 105960
FindTargetPageId rootid 3 tid 105960
target_page_id id: 5 tid 105960
0 1 tid 105960
130 4 tid 105960
365 2 tid 105960
492 5 tid 105960
251 tid 105960
Insert  tid 105960
FindTargetPageId rootid 3 tid 105960
target_page_id id: 5 tid 105960
0 1 tid 105960
130 4 tid 105960
365 2 tid 105960
492 5 tid 105960
251 tid 105960
Insert  tid 105960
FindTargetPageId rootid 3 tid 105960
target_page_id id: 5 tid 105960
0 1 tid 105960
130 4 tid 105960
365 2 tid 105960
492 5 tid 105960
251 tid 105960
Insert  tid 105960
FindTargetPageId rootid 3 tid 105960
target_page_id id: 5 tid 105960
0 1 tid 105960
130 4 tid 105960
365 2 tid 105960
492 5 tid 105960
251 tid 105960
Insert  tid 105960
FindTargetPageId rootid 3 tid 105960
target_page_id id: 5 tid 105960
0 1 tid 105960
130 4 tid 105960
365 2 tid 105960
492 5 tid 105960
251 tid 105960
Insert  tid 105960
FindTargetPageId rootid 3 tid 105960
target_page_id id: 5 tid 105960
0 1 tid 105960
130 4 tid 105960
365 2 tid 105960
492 5 tid 105960
251 tid 105960
Insert  tid 105960
FindTargetPageId rootid 3 tid 105960
target_page_id id: 5 tid 105960
0 1 tid 105960
130 4 tid 105960
365 2 tid 105960
492 5 tid 105960
251 tid 105960
Insert  tid 105960
FindTargetPageId rootid 3 tid 105960
target_page_id id: 5 tid 105960
0 1 tid 105960
130 4 tid 105960
365 2 tid 105960
492 5 tid 105960
251 tid 105960
Insert  tid 105960
FindTargetPageId rootid 3 tid 105960
target_page_id id: 5 tid 105960
0 1 tid 105960
130 4 tid 105960
365 2 tid 105960
492 5 tid 105960
251 tid 105960
Insert  tid 105960
FindTargetPageId rootid 3 tid 105960
target_page_id id: 5 tid 105960
0 1 tid 105960
130 4 tid 105960
365 2 tid 105960
492 5 tid 105960
251 tid 105960
Insert  tid 105960
FindTargetPageId rootid 3 tid 105960
target_page_id id: 5 tid 105960
0 1 tid 105960
130 4 tid 105960
365 2 tid 105960
492 5 tid 105960
251 tid 105960
Insert  tid 105960
FindTargetPageId rootid 3 tid 105960
target_page_id id: 5 tid 105960
0 1 tid 105960
130 4 tid 105960
365 2 tid 105960
492 5 tid 105960
251 tid 105960
Insert  tid 105960
FindTargetPageId rootid 3 tid 105960
target_page_id id: 5 tid 105960
0 1 tid 105960
130 4 tid 105960
365 2 tid 105960
492 5 tid 105960
251 tid 105960
Insert  tid 105960
FindTargetPageId rootid 3 tid 105960
target_page_id id: 5 tid 105960
0 1 tid 105960
130 4 tid 105960
365 2 tid 105960
492 5 tid 105960
251 tid 105960
Insert  tid 105960
FindTargetPageId rootid 3 tid 105960
target_page_id id: 5 tid 105960
0 1 tid 105960
130 4 tid 105960
365 2 tid 105960
492 5 tid 105960
251 tid 105960
Insert  tid 105960
FindTargetPageId rootid 3 tid 105960
target_page_id id: 5 tid 105960
0 1 tid 105960
130 4 tid 105960
365 2 tid 105960
492 5 tid 105960
251 tid 105960
Insert  tid 105960
FindTargetPageId rootid 3 tid 105960
target_page_id id: 5 tid 105960
0 1 tid 105960
130 4 tid 105960
365 2 tid 105960
492 5 tid 105960
251 tid 105960
Insert  tid 105960
FindTargetPageId rootid 3 tid 105960
target_page_id id: 5 tid 105960
0 1 tid 105960
130 4 tid 105960
365 2 tid 105960
492 5 tid 105960
252 tid 105960
Insert  tid 105960
FindTargetPageId rootid 3 tid 105961
target_page_id id: 5 tid 105961
0 1 tid 105961
130 4 tid 105961
365 2 tid 105961
492 5 tid 105961
253 tid 105961
Remove  tid 105961
FindTargetPageId rootid 3 tid 105961
target_page_id id: 5 tid 105961
0 1 tid 105961
130 4 tid 105961
365 2 tid 105961
492 5 tid 105961
252 tid 105961
Remove  tid 105961
FindTargetPageId rootid 3 tid 105962
target_page_id id: 5 tid 105962
0 1 tid 105962
130 4 tid 105962
365 2 tid 105962
492 5 tid 105962
251 tid 105962
Insert  tid 105962
FindTargetPageId rootid 3 tid 105962
target_page_id id: 5 tid 105962
0 1 tid 105962
130 4 tid 105962
365 2 tid 105962
492 5 tid 105962
251 tid 105962
Insert  tid 105962
FindTargetPageId rootid 3 tid 105961
target_page_id id: 5 tid 105961
0 1 tid 105961
130 4 tid 105961
365 2 tid 105961
492 5 tid 105961
251 tid 105961
Remove  tid 105961
FindTargetPageId rootid 3 tid 105961
target_page_id id: 5 tid 105961
0 1 tid 105961
130 4 tid 105961
365 2 tid 105961
492 5 tid 105961
250 tid 105961
Remove  tid 105961
FindTargetPageId rootid 3 tid 105961
target_page_id id: 5 tid 105961
0 1 tid 105961
130 4 tid 105961
365 2 tid 105961
492 5 tid 105961
249 tid 105961
Remove  tid 105961
FindTargetPageId rootid 3 tid 105961
target_page_id id: 5 tid 105961
0 1 tid 105961
130 4 tid 105961
365 2 tid 105961
492 5 tid 105961
248 tid 105961
Remove  tid 105961
FindTargetPageId rootid 3 tid 105962
target_page_id id: 5 tid 105962
0 1 tid 105962
130 4 tid 105962
365 2 tid 105962
492 5 tid 105962
247 tid 105962
Insert  tid 105962
FindTargetPageId rootid 3 tid 105962
target_page_id id: 5 tid 105962
0 1 tid 105962
130 4 tid 105962
365 2 tid 105962
492 5 tid 105962
248 tid 105962
Insert  tid 105962
FindTargetPageId rootid 3 tid 105962
target_page_id id: 5 tid 105962
0 1 tid 105962
130 4 tid 105962
365 2 tid 105962
492 5 tid 105962
249 tid 105962
Insert  tid 105962
FindTargetPageId rootid 3 tid 105962
target_page_id id: 5 tid 105962
0 1 tid 105962
130 4 tid 105962
365 2 tid 105962
492 5 tid 105962
250 tid 105962
Insert  tid 105962
FindTargetPageId rootid 3 tid 105962
target_page_id id: 5 tid 105962
0 1 tid 105962
130 4 tid 105962
365 2 tid 105962
492 5 tid 105962
251 tid 105962
Insert  tid 105962
FindTargetPageId rootid 3 tid 105962
target_page_id id: 5 tid 105962
0 1 tid 105962
130 4 tid 105962
365 2 tid 105962
492 5 tid 105962
252 tid 105962
Insert  tid 105962
FindTargetPageId rootid 3 tid 105962
target_page_id id: 5 tid 105962
0 1 tid 105962
130 4 tid 105962
365 2 tid 105962
492 5 tid 105962
253 tid 105962
Insert  tid 105962
FindTargetPageId rootid 3 tid 105962
target_page_id id: 5 tid 105962
0 1 tid 105962
130 4 tid 105962
365 2 tid 105962
492 5 tid 105962
254 tid 105962
Insert  tid 105962
FindTargetPageId rootid 3 tid 105961
target_page_id id: 9 tid 105961
0 1 tid 105961
130 4 tid 105961
365 2 tid 105961
492 5 tid 105961
619 9 tid 105961
128 tid 105961
Remove  tid 105961
FindTargetPageId rootid 3 tid 105961
target_page_id id: 9 tid 105961
0 1 tid 105961
130 4 tid 105961
365 2 tid 105961
492 5 tid 105961
619 9 tid 105961
127 tid 105961
Remove  tid 105961
FindTargetPageId rootid 3 tid 105961
target_page_id id: 5 tid 105961
0 1 tid 105961
130 4 tid 105961
365 2 tid 105961
492 5 tid 105961
253 tid 105961
Remove  tid 105961
FindTargetPageId rootid 3 tid 105961
target_page_id id: 5 tid 105961
0 1 tid 105961
130 4 tid 105961
365 2 tid 105961
492 5 tid 105961
252 tid 105961
Remove  tid 105961
FindTargetPageId rootid 3 tid 105961
target_page_id id: 5 tid 105961
0 1 tid 105961
130 4 tid 105961
365 2 tid 105961
492 5 tid 105961
251 tid 105961
Remove  tid 105961
FindTargetPageId rootid 3 tid 105961
target_page_id id: 5 tid 105961
0 1 tid 105961
130 4 tid 105961
365 2 tid 105961
492 5 tid 105961
250 tid 105961
Remove  tid 105961
FindTargetPageId rootid 3 tid 105961
target_page_id id: 5 tid 105961
0 1 tid 105961
130 4 tid 105961
365 2 tid 105961
492 5 tid 105961
249 tid 105961
Remove  tid 105961
FindTargetPageId rootid 3 tid 105960
target_page_id id: 5 tid 105960
0 1 tid 105960
130 4 tid 105960
365 2 tid 105960
492 5 tid 105960
248 tid 105960
Insert  tid 105960
FindTargetPageId rootid 3 tid 105960
target_page_id id: 5 tid 105960
0 1 tid 105960
130 4 tid 105960
365 2 tid 105960
492 5 tid 105960
248 tid 105960
Insert  tid 105960
FindTargetPageId rootid 3 tid 105960
target_page_id id: 5 tid 105960
0 1 tid 105960
130 4 tid 105960
365 2 tid 105960
492 5 tid 105960
248 tid 105960
Insert  tid 105960
FindTargetPageId rootid 3 tid 105960
target_page_id id: 5 tid 105960
0 1 tid 105960
130 4 tid 105960
365 2 tid 105960
492 5 tid 105960
248 tid 105960
Insert  tid 105960
FindTargetPageId rootid 3 tid 105960
target_page_id id: 5 tid 105960
0 1 tid 105960
130 4 tid 105960
365 2 tid 105960
492 5 tid 105960
248 tid 105960
Insert  tid 105960
FindTargetPageId rootid 3 tid 105961
target_page_id id: 5 tid 105961
0 1 tid 105961
130 4 tid 105961
365 2 tid 105961
492 5 tid 105961
248 tid 105961
Remove  tid 105961
FindTargetPageId rootid 3 tid 105962
target_page_id id: 5 tid 105962
0 1 tid 105962
130 4 tid 105962
365 2 tid 105962
492 5 tid 105962
247 tid 105962
Insert  tid 105962
FindTargetPageId rootid 3 tid 105960
target_page_id id: 5 tid 105960
0 1 tid 105960
130 4 tid 105960
365 2 tid 105960
492 5 tid 105960
248 tid 105960
Insert  tid 105960
FindTargetPageId rootid 3 tid 105961
target_page_id id: 5 tid 105961
0 1 tid 105961
130 4 tid 105961
365 2 tid 105961
492 5 tid 105961
248 tid 105961
Remove  tid 105961
FindTargetPageId rootid 3 tid 105962
target_page_id id: 5 tid 105962
0 1 tid 105962
130 4 tid 105962
365 2 tid 105962
492 5 tid 105962
247 tid 105962
Insert  tid 105962
FindTargetPageId rootid 3 tid 105960
target_page_id id: 5 tid 105960
0 1 tid 105960
130 4 tid 105960
365 2 tid 105960
492 5 tid 105960
248 tid 105960
Insert  tid 105960
FindTargetPageId rootid 3 tid 105961
target_page_id id: 5 tid 105961
0 1 tid 105961
130 4 tid 105961
365 2 tid 105961
492 5 tid 105961
248 tid 105961
Remove  tid 105961
FindTargetPageId rootid 3 tid 105962
target_page_id id: 5 tid 105962
0 1 tid 105962
130 4 tid 105962
365 2 tid 105962
492 5 tid 105962
247 tid 105962
Insert  tid 105962
FindTargetPageId rootid 3 tid 105960
target_page_id id: 5 tid 105960
0 1 tid 105960
130 4 tid 105960
365 2 tid 105960
492 5 tid 105960
248 tid 105960
Insert  tid 105960
FindTargetPageId rootid 3 tid 105961
target_page_id id: 5 tid 105961
0 1 tid 105961
130 4 tid 105961
365 2 tid 105961
492 5 tid 105961
248 tid 105961
Remove  tid 105961
FindTargetPageId rootid 3 tid 105962
target_page_id id: 5 tid 105962
0 1 tid 105962
130 4 tid 105962
365 2 tid 105962
492 5 tid 105962
247 tid 105962
Insert  tid 105962
FindTargetPageId rootid 3 tid 105960
target_page_id id: 5 tid 105960
0 1 tid 105960
130 4 tid 105960
365 2 tid 105960
492 5 tid 105960
248 tid 105960
Insert  tid 105960
FindTargetPageId rootid 3 tid 105961
target_page_id id: 5 tid 105961
0 1 tid 105961
130 4 tid 105961
365 2 tid 105961
492 5 tid 105961
248 tid 105961
Remove  tid 105961
FindTargetPageId rootid 3 tid 105962
target_page_id id: 5 tid 105962
0 1 tid 105962
130 4 tid 105962
365 2 tid 105962
492 5 tid 105962
247 tid 105962
Insert  tid 105962
FindTargetPageId rootid 3 tid 105960
target_page_id id: 5 tid 105960
0 1 tid 105960
130 4 tid 105960
365 2 tid 105960
492 5 tid 105960
248 tid 105960
Insert  tid 105960
FindTargetPageId rootid 3 tid 105961
target_page_id id: 5 tid 105961
0 1 tid 105961
130 4 tid 105961
365 2 tid 105961
492 5 tid 105961
248 tid 105961
Remove  tid 105961
FindTargetPageId rootid 3 tid 105962
target_page_id id: 5 tid 105962
0 1 tid 105962
130 4 tid 105962
365 2 tid 105962
492 5 tid 105962
247 tid 105962
Insert  tid 105962
FindTargetPageId rootid 3 tid 105962
target_page_id id: 5 tid 105962
0 1 tid 105962
130 4 tid 105962
365 2 tid 105962
492 5 tid 105962
248 tid 105962
Insert  tid 105962
FindTargetPageId rootid 3 tid 105961
target_page_id id: 5 tid 105961
0 1 tid 105961
130 4 tid 105961
365 2 tid 105961
492 5 tid 105961
249 tid 105961
Remove  tid 105961
FindTargetPageId rootid 3 tid 105960
target_page_id id: 5 tid 105960
0 1 tid 105960
130 4 tid 105960
365 2 tid 105960
492 5 tid 105960
248 tid 105960
Insert  tid 105960
FindTargetPageId rootid 3 tid 105962
target_page_id id: 5 tid 105962
0 1 tid 105962
130 4 tid 105962
365 2 tid 105962
492 5 tid 105962
248 tid 105962
Insert  tid 105962
FindTargetPageId rootid 3 tid 105961
target_page_id id: 5 tid 105961
0 1 tid 105961
130 4 tid 105961
365 2 tid 105961
492 5 tid 105961
249 tid 105961
FindTargetPageId rootid Remove  tid 3 tid 105961
105960
target_page_id id: 5 tid 105960
0 1 tid 105960
130 4 tid 105960
365 2 tid 105960
492 5 tid 105960
248 tid 105960
Insert  tid 105960
FindTargetPageId rootid 3 tid 105962
target_page_id id: 5 tid 105962
0 1 tid 105962
130 4 tid 105962
365 2 tid 105962
492 5 tid 105962
248 tid 105962
Insert  tid 105962
FindTargetPageId rootid 3 tid 105961
target_page_id id: 5 tid 105961
0 1 tid 105961
130 4 tid 105961
365 2 tid 105961
492 5 tid 105961
249 tid 105961
Remove  tid 105961
FindTargetPageId rootid 3 tid 105961
target_page_id id: 5 tid 105961
0 1 tid 105961
130 4 tid 105961
365 2 tid 105961
492 5 tid 105961
248 tid 105961
Remove  tid 105961
FindTargetPageId rootid 3 tid 105961
target_page_id id: 5 tid 105961
0 1 tid 105961
130 4 tid 105961
365 2 tid 105961
492 5 tid 105961
247 tid 105961
Remove  tid 105961
FindTargetPageId rootid 3 tid 105961
target_page_id id: 5 tid 105961
0 1 tid 105961
130 4 tid 105961
365 2 tid 105961
492 5 tid 105961
246 tid 105961
Remove  tid 105961
FindTargetPageId rootid 3 tid 105961
target_page_id id: 5 tid 105961
0 1 tid 105961
130 4 tid 105961
365 2 tid 105961
492 5 tid 105961
245 tid 105961
Remove  tid 105961
FindTargetPageId rootid 3 tid 105960
target_page_id id: 5 tid 105960
0 1 tid 105960
130 4 tid 105960
365 2 tid 105960
492 5 tid 105960
244 tid 105960
FindTargetPageId rootid 3 tid 105961
Insert  tid target_page_id id: 1059605 tid 
105961
0 1 tid 105961
130 4 tid 105961
365 2 tid 105961
492 5 tid 105961
244 tid 105961
Remove  tid 105961
FindTargetPageId rootid 3 tid 105962
target_page_id id: 5 tid 105962
0 1 tid 105962
130 4 tid 105962
365 2 tid 105962
492 5 tid 105962
243 tid 105962
Insert  tid 105962
FindTargetPageId rootid 3 tid 105960
target_page_id id: 5 tid 105960
0 1 tid 105960
130 4 tid 105960
365 2 tid 105960
492 5 tid 105960
244 tid 105960
Insert  tid 105960
FindTargetPageId rootid 3 tid 105961
target_page_id id: 5 tid 105961
0 1 tid 105961
130 4 tid 105961
365 2 tid 105961
492 5 tid 105961
244 tid 105961
Remove  tid 105961
FindTargetPageId rootid 3 tid 105962
target_page_id id: 5 tid 105962
0 1 tid 105962
130 4 tid 105962
365 2 tid 105962
492 5 tid 105962
243 tid 105962
Insert  tid 105962
FindTargetPageId rootid 3 tid 105960
target_page_id id: 5 tid 105960
0 1 tid 105960
130 4 tid 105960
365 2 tid 105960
492 5 tid 105960
244 tid 105960
Insert  tid 105960
FindTargetPageId rootid 3 tid 105961
target_page_id id: 5 tid 105961
0 1 tid 105961
130 4 tid 105961
365 2 tid 105961
492 5 tid 105961
244 tid 105961
Remove  tid 105961
FindTargetPageId rootid 3 tid 105962
target_page_id id: 5 tid 105962
0 1 tid 105962
130 4 tid 105962
365 2 tid 105962
492 5 tid 105962
243 tid 105962
Insert  tid 105962
FindTargetPageId rootid 3 tid 105960
target_page_id id: 5 tid 105960
0 1 tid 105960
130 4 tid 105960
365 2 tid 105960
492 5 tid 105960
244 tid 105960
Insert  tid 105960
FindTargetPageId rootid 3 tid 105960
target_page_id id: 5 tid 105960
0 1 tid 105960
130 4 tid 105960
365 2 tid 105960
492 5 tid 105960
244 tid 105960
Insert  tid 105960
FindTargetPageId rootid 3 tid 105961
target_page_id id: 5 tid 105961
0 1 tid 105961
130 4 tid 105961
365 2 tid 105961
492 5 tid 105961
244 tid 105961
Remove  tid 105961
FindTargetPageId rootid 3 tid 105961
target_page_id id: 5 tid 105961
0 1 tid 105961
130 4 tid 105961
365 2 tid 105961
492 5 tid 105961
243 tid 105961
Remove  tid 105961
FindTargetPageId rootid 3 tid 105960
target_page_id id: 5 tid 105960
0 1 tid 105960
130 4 tid 105960
365 2 tid 105960
492 5 tid 105960
242 tid 105960
Insert  tid 105960
FindTargetPageId rootid 3 tid 105962
target_page_id id: 5 tid 105962
0 1 tid 105962
130 4 tid 105962
365 2 tid 105962
492 5 tid 105962
242 tid 105962
Insert  tid 105962
FindTargetPageId rootid 3 tid 105962
target_page_id id: 5 tid 105962
0 1 tid 105962
130 4 tid 105962
365 2 tid 105962
492 5 tid 105962
243 tid 105962
Insert  tid 105962
FindTargetPageId rootid 3 tid 105962
target_page_id id: 5 tid 105962
0 1 tid 105962
130 4 tid 105962
365 2 tid 105962
492 5 tid 105962
244 tid 105962
Insert  tid 105962
FindTargetPageId rootid 3 tid 105962
target_page_id id: 5 tid 105962
0 1 tid 105962
130 4 tid 105962
365 2 tid 105962
492 5 tid 105962
245 tid 105962
Insert  tid 105962
FindTargetPageId rootid 3 tid 105962
target_page_id id: 5 tid 105962
0 1 tid 105962
130 4 tid 105962
365 2 tid 105962
492 5 tid 105962
246 tid 105962
Insert  tid 105962
FindTargetPageId rootid 3 tid 105962
target_page_id id: 5 tid 105962
0 1 tid 105962
130 4 tid 105962
365 2 tid 105962
492 5 tid 105962
247 tid 105962
Insert  tid 105962
FindTargetPageId rootid 3 tid 105962
target_page_id id: 5 tid 105962
0 1 tid 105962
130 4 tid 105962
365 2 tid 105962
492 5 tid 105962
248 tid 105962
Insert  tid 105962
FindTargetPageId rootid 3 tid 105960
target_page_id id: 5 tid 105960
0 1 tid 105960
130 4 tid 105960
365 2 tid 105960
492 5 tid 105960
249 tid 105960
Insert  tid 105960
FindTargetPageId rootid 3 tid 105961
target_page_id id: 5 tid 105961
0 1 tid 105961
130 4 tid 105961
365 2 tid 105961
492 5 tid 105961
249 tid 105961
Remove  tid 105961
FindTargetPageId rootid 3 tid 105961
target_page_id id: 5 tid 105961
0 1 tid 105961
130 4 tid 105961
365 2 tid 105961
492 5 tid 105961
248 tid 105961
Remove  tid 105961
FindTargetPageId rootid 3 tid 105961
target_page_id id: 5 tid 105961
0 1 tid 105961
130 4 tid 105961
365 2 tid 105961
492 5 tid 105961
247 tid 105961
Remove  tid 105961
FindTargetPageId rootid 3 tid 105961
target_page_id id: 5 tid 105961
0 1 tid 105961
130 4 tid 105961
365 2 tid 105961
492 5 tid 105961
246 tid 105961
Remove  tid 105961
FindTargetPageId rootid 3 tid 105961
target_page_id id: 5 tid 105961
0 1 tid 105961
130 4 tid 105961
365 2 tid 105961
492 5 tid 105961
245 tid 105961
Remove  tid 105961
FindTargetPageId rootid 3 tid 105961
target_page_id id: 5 tid 105961
0 1 tid 105961
130 4 tid 105961
365 2 tid 105961
492 5 tid 105961
244 tid 105961
Remove  tid 105961
FindTargetPageId rootid 3 tid 105960
target_page_id id: 5 tid 105960
0 1 tid 105960
130 4 tid 105960
365 2 tid 105960
492 5 tid 105960
243 tid 105960
Insert  tid 105960
FindTargetPageId rootid 3 tid 105962
target_page_id id: 5 tid 105962
0 1 tid 105962
130 4 tid 105962
365 2 tid 105962
492 5 tid 105962
243 tid 105962
Insert  tid 105962
FindTargetPageId rootid 3 tid 105962
target_page_id id: 5 tid 105962
0 1 tid 105962
130 4 tid 105962
365 2 tid 105962
492 5 tid 105962
244 tid 105962
Insert  tid 105962
FindTargetPageId rootid 3 tid 105960
target_page_id id: 5 tid 105960
0 1 tid 105960
130 4 tid 105960
365 2 tid 105960
492 5 tid 105960
245 tid 105960
Insert  tid 105960
FindTargetPageId rootid 3 tid 105961
target_page_id id: 5 tid 105961
0 1 tid 105961
130 4 tid 105961
365 2 tid 105961
492 5 tid 105961
245 tid 105961
Remove  tid 105961
FindTargetPageId rootid 3 tid 105961
target_page_id id: 5 tid 105961
0 1 tid 105961
130 4 tid 105961
365 2 tid 105961
492 5 tid 105961
244 tid 105961
Remove  tid 105961
FindTargetPageId rootid 3 tid 105962
target_page_id id: 5 tid 105962
0 1 tid 105962
130 4 tid 105962
365 2 tid 105962
492 5 tid 105962
243 tid 105962
Insert  tid 105962
FindTargetPageId rootid 3 tid 105960
target_page_id id: 5 tid 105960
0 1 tid 105960
130 4 tid 105960
365 2 tid 105960
492 5 tid 105960
244 tid 105960
Insert  tid 105960
FindTargetPageId rootid 3 tid 105960
target_page_id id: 5 tid 105960
0 1 tid 105960
130 4 tid 105960
365 2 tid 105960
492 5 tid 105960
244 tid 105960
Insert  tid 105960
FindTargetPageId rootid 3 tid 105960
target_page_id id: 5 tid 105960
0 1 tid 105960
130 4 tid 105960
365 2 tid 105960
492 5 tid 105960
244 tid 105960
Insert  tid 105960
FindTargetPageId rootid 3 tid 105960
target_page_id id: 5 tid 105960
0 1 tid 105960
130 4 tid 105960
365 2 tid 105960
492 5 tid 105960
244 tid 105960
Insert  tid 105960
FindTargetPageId rootid 3 tid 105960
target_page_id id: 5 tid 105960
0 1 tid 105960
130 4 tid 105960
365 2 tid 105960
492 5 tid 105960
244 tid 105960
Insert  tid 105960
FindTargetPageId rootid 3 tid 105960
target_page_id id: 5 tid 105960
0 1 tid 105960
130 4 tid 105960
365 2 tid 105960
492 5 tid 105960
244 tid 105960
Insert  tid 105960
FindTargetPageId rootid 3 tid 105960
target_page_id id: 5 tid 105960
0 1 tid 105960
130 4 tid 105960
365 2 tid 105960
492 5 tid 105960
244 tid 105960
Insert  tid 105960
FindTargetPageId rootid 3 tid 105960
target_page_id id: 5 tid 105960
0 1 tid 105960
130 4 tid 105960
365 2 tid 105960
492 5 tid 105960
244 tid 105960
Insert  tid 105960
FindTargetPageId rootid 3 tid 105960
target_page_id id: 5 tid 105960
0 1 tid 105960
130 4 tid 105960
365 2 tid 105960
492 5 tid 105960
244 tid 105960
Insert  tid 105960
FindTargetPageId rootid 3 tid 105962
target_page_id id: 5 tid 105962
0 1 tid 105962
130 4 tid 105962
365 2 tid 105962
492 5 tid 105962
244 tid 105962
Insert  tid 105962
FindTargetPageId rootid 3 tid 105961
target_page_id id: 5 tid 105961
0 1 tid 105961
130 4 tid 105961
365 2 tid 105961
492 5 tid 105961
245 tid 105961
Remove  tid 105961
FindTargetPageId rootid 3 tid 105960
target_page_id id: 5 tid 105960
0 1 tid 105960
130 4 tid 105960
365 2 tid 105960
492 5 tid 105960
244 tid 105960
Insert  tid 105960
FindTargetPageId rootid 3 tid 105960
target_page_id id: 5 tid 105960
0 1 tid 105960
130 4 tid 105960
365 2 tid 105960
492 5 tid 105960
244 tid 105960
Insert  tid 105960
FindTargetPageId rootid 3 tid 105960
target_page_id id: 5 tid 105960
0 1 tid 105960
130 4 tid 105960
365 2 tid 105960
492 5 tid 105960
245 tid 105960
Insert  tid 105960
FindTargetPageId rootid 3 tid 105960
target_page_id id: 5 tid 105960
0 1 tid 105960
130 4 tid 105960
365 2 tid 105960
492 5 tid 105960
246 tid 105960
Insert  tid 105960
FindTargetPageId rootid 3 tid 105960
target_page_id id: 5 tid 105960
0 1 tid 105960
130 4 tid 105960
365 2 tid 105960
492 5 tid 105960
247 tid 105960
Insert  tid 105960
FindTargetPageId rootid 3 tid 105962
target_page_id id: 5 tid 105962
0 1 tid 105962
130 4 tid 105962
365 2 tid 105962
492 5 tid 105962
248 tid 105962
Insert  tid 105962
FindTargetPageId rootid 3 tid 105961
target_page_id id: 5 tid 105961
0 1 tid 105961
130 4 tid 105961
365 2 tid 105961
492 5 tid 105961
248 tid 105961
Remove  tid 105961
FindTargetPageId rootid 3 tid 105960
target_page_id id: 5 tid 105960
0 1 tid 105960
130 4 tid 105960
365 2 tid 105960
492 5 tid 105960
247 tid 105960
Insert  tid 105960
FindTargetPageId rootid 3 tid 105962
target_page_id id: 5 tid 105962
0 1 tid 105962
130 4 tid 105962
365 2 tid 105962
492 5 tid 105962
248 tid 105962
Insert  tid 105962
FindTargetPageId rootid 3 tid 105961
target_page_id id: 5 tid 105961
0 1 tid 105961
130 4 tid 105961
365 2 tid 105961
492 5 tid 105961
248 tid 105961
Remove  tid 105961
FindTargetPageId rootid 3 tid 105961
target_page_id id: 5 tid 105961
0 1 tid 105961
130 4 tid 105961
365 2 tid 105961
492 5 tid 105961
247 tid 105961
Remove  tid 105961
FindTargetPageId rootid 3 tid 105961
target_page_id id: 5 tid 105961
0 1 tid 105961
130 4 tid 105961
365 2 tid 105961
492 5 tid 105961
246 tid 105961
Remove  tid 105961
FindTargetPageId rootid 3 tid 105961
target_page_id id: 5 tid 105961
0 1 tid 105961
130 4 tid 105961
365 2 tid 105961
492 5 tid 105961
245 tid 105961
Remove  tid 105961
FindTargetPageId rootid 3 tid 105962
target_page_id id: 5 tid 105962
0 1 tid 105962
130 4 tid 105962
365 2 tid 105962
492 5 tid 105962
244 tid 105962
FindTargetPageId rootid 3 tid 105960
target_page_id id: 5 tid 105960
0 1 tid 105960
130 4 tid 105960
365 2 tid 105960
492 5 tid 105960
Insert 244 tid  tid 105960
Insert  tid 105960
FindTargetPageId rootid 3 tid 105960
105962
target_page_id id: 5 tid 105960
0 1 tid 105960
130 4 tid 105960
365 2 tid 105960
492 5 tid 105960
245 tid 105960
Insert  tid 105960
FindTargetPageId rootid 3 tid 105961
target_page_id id: 5 tid 105961
0 1 tid 105961
130 4 tid 105961
365 2 tid 105961
492 5 tid 105961
246 tid 105961
Remove  tid 105961
FindTargetPageId rootid 3 tid 105962
target_page_id id: 5 tid 105962
0 1 tid 105962
130 4 tid 105962
365 2 tid 105962
492 5 tid 105962
245 tid 105962
Insert  tid 105962
FindTargetPageId rootid 3 tid 105960
target_page_id id: 5 tid 105960
0 1 tid 105960
130 4 tid 105960
365 2 tid 105960
492 5 tid 105960
245 tid 105960
Insert  tid 105960
FindTargetPageId rootid 3 tid 105961
target_page_id id: 5 tid 105961
0 1 tid 105961
130 4 tid 105961
365 2 tid 105961
492 5 tid 105961
246 tid 105961
Remove  tid 105961
FindTargetPageId rootid 3 tid 105962
target_page_id id: 5 tid 105962
0 1 tid 105962
130 4 tid 105962
365 2 tid 105962
492 5 tid 105962
245 tid 105962
Insert  tid 105962
FindTargetPageId rootid 3 tid 105960
target_page_id id: 5 tid 105960
0 1 tid 105960
130 4 tid 105960
365 2 tid 105960
492 5 tid 105960
245 tid 105960
Insert  tid 105960
FindTargetPageId rootid 3 tid 105961
target_page_id id: 5 tid 105961
0 1 tid 105961
130 4 tid 105961
365 2 tid 105961
492 5 tid 105961
246 tid 105961
Remove  tid 105961
FindTargetPageId rootid 3 tid 105962
target_page_id id: 5 tid 105962
0 1 tid 105962
130 4 tid 105962
365 2 tid 105962
492 5 tid 105962
245 tid 105962
Insert  tid 105962
FindTargetPageId rootid 3 tid 105962
target_page_id id: 5 tid 105962
0 1 tid 105962
130 4 tid 105962
365 2 tid 105962
492 5 tid 105962
245 tid 105962
FindTargetPageId rootid 3 tid 105961
target_page_id id: 5 tid 105961
0 1 tid 105961
130 4 tid 105961
365 2 tid 105961
492 5 tid 105961
245 tid 105961
Remove  tid 105961
FindTargetPageId rootid 3 tid 105960
target_page_id id: 5 tid 105960
0 1 tid 105960
130 4 tid 105960
365 2 tid 105960
Insert  tid 492105962
 5 tid 105960
244 tid 105960
Insert  tid 105960
FindTargetPageId rootid 3 tid 105961
target_page_id id: 5 tid 105961
0 1 tid 105961
130 4 tid 105961
365 2 tid 105961
492 5 tid 105961
245 tid 105961
Remove  tid 105961
FindTargetPageId rootid 3 tid 105961
target_page_id id: 5 tid 105961
0 1 tid 105961
130 4 tid 105961
365 2 tid 105961
492 5 tid 105961
244 tid 105961
Remove  tid 105961
FindTargetPageId rootid 3 tid 105961
target_page_id id: 5 tid 105961
0 1 tid 105961
130 4 tid 105961
365 2 tid 105961
492 5 tid 105961
243 tid 105961
Remove  tid 105961
FindTargetPageId rootid 3 tid 105960
target_page_id id: 5 tid 105960
0 1 tid 105960
130 4 tid 105960
365 2 tid 105960
492 5 tid 105960
242 tid 105960
Insert  tid 105960
FindTargetPageId rootid 3 tid 105962
target_page_id id: 5 tid 105962
0 1 tid 105962
130 4 tid 105962
365 2 tid 105962
492 5 tid 105962
243 tid 105962
Insert  tid 105962
FindTargetPageId rootid 3 tid 105961
target_page_id id: 5 tid 105961
0 1 tid 105961
130 4 tid 105961
365 2 tid 105961
492 5 tid 105961
243 tid 105961
Remove  tid 105961
FindTargetPageId rootid 3 tid 105960
target_page_id id: 5 tid 105960
0 1 tid 105960
130 4 tid 105960
365 2 tid 105960
492 5 tid 105960
242 tid 105960
Insert  tid 105960
FindTargetPageId rootid 3 tid 105960
target_page_id id: 5 tid 105960
0 1 tid 105960
130 4 tid 105960
365 2 tid 105960
492 5 tid 105960
243 tid 105960
Insert  tid 105960
FindTargetPageId rootid 3 tid 105962
target_page_id id: 5 tid 105962
0 1 tid 105962
130 4 tid 105962
365 2 tid 105962
492 5 tid 105962
244 tid 105962
Insert  tid 105962
FindTargetPageId rootid 3 tid 105962
target_page_id id: 5 tid 105962
0 1 tid 105962
130 4 tid 105962
365 2 tid 105962
492 5 tid 105962
244 tid 105962
Insert  tid 105962
FindTargetPageId rootid 3 tid 105962
target_page_id id: 5 tid 105962
0 1 tid 105962
130 4 tid 105962
365 2 tid 105962
492 5 tid 105962
244 tid 105962
Insert  tid 105962
FindTargetPageId rootid 3 tid 105961
target_page_id id: 5 tid 105961
0 1 tid 105961
130 4 tid 105961
365 2 tid 105961
492 5 tid 105961
244 tid 105961
Remove  tid 105961
FindTargetPageId rootid 3 tid 105961
target_page_id id: 5 tid 105961
0 1 tid 105961
130 4 tid 105961
365 2 tid 105961
492 5 tid 105961
243 tid 105961
Remove  tid 105961
FindTargetPageId rootid 3 tid 105961
target_page_id id: 5 tid 105961
0 1 tid 105961
130 4 tid 105961
365 2 tid 105961
492 5 tid 105961
242 tid 105961
Remove  tid 105961
FindTargetPageId rootid 3 tid 105961
target_page_id id: 5 tid 105961
0 1 tid 105961
130 4 tid 105961
365 2 tid 105961
492 5 tid 105961
241 tid 105961
Remove  tid 105961
FindTargetPageId rootid 3 tid 105960
target_page_id id: 5 tid 105960
0 1 tid 105960
130 4 tid 105960
365 2 tid 105960
492 5 tid 105960
240 tid 105960
Insert  tid 105960
FindTargetPageId rootid 3 tid 105962
target_page_id id: 5 tid 105962
0 1 tid 105962
130 4 tid 105962
365 2 tid 105962
492 5 tid 105962
241 tid 105962
Insert  tid 105962
FindTargetPageId rootid 3 tid 105962
target_page_id id: 5 tid 105962
0 1 tid 105962
130 4 tid 105962
365 2 tid 105962
492 5 tid 105962
241 tid 105962
Insert  tid 105962
FindTargetPageId rootid 3 tid 105962
target_page_id id: 5 tid 105962
0 1 tid 105962
130 4 tid 105962
365 2 tid 105962
492 5 tid 105962
241 tid 105962
Insert  tid 105962
FindTargetPageId rootid 3 tid 105962
target_page_id id: 5 tid 105962
0 1 tid 105962
130 4 tid 105962
365 2 tid 105962
492 5 tid 105962
241 tid 105962
Insert  tid 105962
FindTargetPageId rootid 3 tid 105962
target_page_id id: 5 tid 105962
0 1 tid 105962
130 4 tid 105962
365 2 tid 105962
492 5 tid 105962
242 tid 105962
Insert  tid 105962
FindTargetPageId rootid 3 tid 105960
target_page_id id: 5 tid 105960
0 1 tid 105960
130 4 tid 105960
365 2 tid 105960
492 5 tid 105960
243 tid 105960
Insert  tid 105960
FindTargetPageId rootid 3 tid 105961
target_page_id id: 5 tid 105961
0 1 tid 105961
130 4 tid 105961
365 2 tid 105961
492 5 tid 105961
243 tid 105961
Remove  tid 105961
FindTargetPageId rootid 3 tid 105962
target_page_id id: 5 tid 105962
0 1 tid 105962
130 4 tid 105962
365 2 tid 105962
492 5 tid 105962
242 tid 105962
Insert  tid 105962
FindTargetPageId rootid 3 tid 105960
target_page_id id: 5 tid 105960
0 1 tid 105960
130 4 tid 105960
365 2 tid 105960
492 5 tid 105960
243 tid 105960
FindTargetPageId rootid 3 tid 105961
target_page_id id: 5 tid 105961
0 1 tid 105961
130 4 tid 105961
365 2 tid 105961
492 5 tid 105961
Insert  tid 243105960 tid 
105961
FindTargetPageId rootid Remove  tid 3 tid 105961105962

target_page_id id: 5 tid 105962
0 1 tid 105962
130 4 tid 105962
365 2 tid 105962
492 5 tid 105962
242 tid 105962
Insert  tid 105962
FindTargetPageId rootid 3 tid 105960
target_page_id id: 5 tid 105960
0 1 tid 105960
130 4 tid 105960
365 2 tid 105960
492 5 tid 105960
243 tid 105960
Insert  tid 105960
FindTargetPageId rootid 3 tid 105961
target_page_id id: 5 tid 105961
0 1 tid 105961
130 4 tid 105961
365 2 tid 105961
492 5 tid 105961
243 tid 105961
Remove  tid 105961
FindTargetPageId rootid 3 tid 105961
target_page_id id: 5 tid 105961
0 1 tid 105961
130 4 tid 105961
365 2 tid 105961
492 5 tid 105961
242 tid 105961
Remove  tid 105961
FindTargetPageId rootid 3 tid 105961
target_page_id id: 5 tid 105961
0 1 tid 105961
130 4 tid 105961
365 2 tid 105961
492 5 tid 105961
241 tid 105961
Remove  tid 105961
FindTargetPageId rootid 3 tid 105960
target_page_id id: 5 tid 105960
0 1 tid 105960
130 4 tid 105960
365 2 tid 105960
492 5 tid 105960
240 tid 105960
Insert  tid 105960
FindTargetPageId rootid 3 tid 105962
target_page_id id: 5 tid 105962
0 1 tid 105962
130 4 tid 105962
365 2 tid 105962
492 5 tid 105962
240 tid 105962
Insert  tid 105962
FindTargetPageId rootid 3 tid 105961
target_page_id id: 5 tid 105961
0 1 tid 105961
130 4 tid 105961
365 2 tid 105961
492 5 tid 105961
241 tid 105961
Remove  tid 105961
FindTargetPageId rootid 3 tid 105961
target_page_id id: 5 tid 105961
0 1 tid 105961
130 4 tid 105961
365 2 tid 105961
492 5 tid 105961
240 tid 105961
Remove  tid 105961
FindTargetPageId rootid 3 tid 105961
target_page_id id: 5 tid 105961
0 1 tid 105961
130 4 tid 105961
365 2 tid 105961
492 5 tid 105961
239 tid 105961
Remove  tid 105961
FindTargetPageId rootid 3 tid 105961
target_page_id id: 5 tid 105961
0 1 tid 105961
130 4 tid 105961
365 2 tid 105961
492 5 tid 105961
238 tid 105961
Remove  tid 105961
FindTargetPageId rootid 3 tid 105961
target_page_id id: 5 tid 105961
0 1 tid 105961
130 4 tid 105961
365 2 tid 105961
492 5 tid 105961
237 tid 105961
Remove  tid 105961
FindTargetPageId rootid 3 tid 105961
target_page_id id: 5 tid 105961
0 1 tid 105961
130 4 tid 105961
365 2 tid 105961
492 5 tid 105961
236 tid 105961
Remove  tid 105961
FindTargetPageId rootid 3 tid 105960
target_page_id id: 5 tid 105960
0 1 tid 105960
130 4 tid 105960
365 2 tid 105960
492 5 tid 105960
235 tid 105960
Insert  tid 105960
FindTargetPageId rootid 3 tid 105962
target_page_id id: 5 tid 105962
0 1 tid 105962
130 4 tid 105962
365 2 tid 105962
492 5 tid 105962
235 tid 105962
Insert  tid 105962
FindTargetPageId rootid 3 tid 105962
target_page_id id: 5 tid 105962
0 1 tid 105962
130 4 tid 105962
365 2 tid 105962
492 5 tid 105962
236 tid 105962
Insert  tid 105962
FindTargetPageId rootid 3 tid 105962
target_page_id id: 5 tid 105962
0 1 tid 105962
130 4 tid 105962
365 2 tid 105962
492 5 tid 105962
237 tid 105962
Insert  tid 105962
FindTargetPageId rootid 3 tid 105962
target_page_id id: 5 tid 105962
0 1 tid 105962
130 4 tid 105962
365 2 tid 105962
492 5 tid 105962
238 tid 105962
Insert  tid 105962
FindTargetPageId rootid 3 tid 105961
target_page_id id: 5 tid 105961
0 1 tid 105961
130 4 tid 105961
365 2 tid 105961
492 5 tid 105961
239 tid 105961
Remove  tid 105961
FindTargetPageId rootid 3 tid 105961
target_page_id id: 5 tid 105961
0 1 tid 105961
130 4 tid 105961
365 2 tid 105961
492 5 tid 105961
238 tid 105961
Remove  tid 105961
FindTargetPageId rootid 3 tid 105961
target_page_id id: 5 tid 105961
0 1 tid 105961
130 4 tid 105961
365 2 tid 105961
492 5 tid 105961
237 tid 105961
Remove  tid 105961
FindTargetPageId rootid 3 tid 105961
target_page_id id: 5 tid 105961
0 1 tid 105961
130 4 tid 105961
365 2 tid 105961
492 5 tid 105961
236 tid 105961
FindTargetPageId rootid 3 tid 105960
target_page_id id: Remove  tid 105961
5 tid 105960
0 1 tid 105960
130 4 tid 105960
365 2 tid 105960
492 5 tid 105960
235 tid 105960
Insert  tid 105960
FindTargetPageId rootid 3 tid 105962
target_page_id id: 5 tid 105962
0 1 tid 105962
130 4 tid 105962
365 2 tid 105962
492 5 tid 105962
235 tid 105962
Insert  tid 105962
FindTargetPageId rootid 3 tid 105961
target_page_id id: 5 tid 105961
0 1 tid 105961
130 4 tid 105961
365 2 tid 105961
492 5 tid 105961
236 tid 105961
Remove  tid 105961
FindTargetPageId rootid 3 tid 105960
target_page_id id: 5 tid 105960
0 1 tid 105960
130 4 tid 105960
365 2 tid 105960
492 5 tid 105960
235 tid 105960
Insert  tid 105960
FindTargetPageId rootid 3 tid 105962
target_page_id id: 5 tid 105962
0 1 tid 105962
130 4 tid 105962
365 2 tid 105962
492 5 tid 105962
235 tid 105962
Insert  tid 105962
FindTargetPageId rootid 3 tid 105961
target_page_id id: 5 tid 105961
0 1 tid 105961
130 4 tid 105961
365 2 tid 105961
492 5 tid 105961
236 tid 105961
Remove  tid 105961
FindTargetPageId rootid 3 tid 105960
target_page_id id: 5 tid 105960
0 1 tid 105960
130 4 tid 105960
365 2 tid 105960
492 5 tid 105960
235 tid 105960
Insert  tid 105960
FindTargetPageId rootid 3 tid 105962
target_page_id id: 5 tid 105962
0 1 tid 105962
130 4 tid 105962
365 2 tid 105962
492 5 tid 105962
235 tid 105962
Insert  tid 105962
FindTargetPageId rootid 3 tid 105961
target_page_id id: 5 tid 105961
0 1 tid 105961
130 4 tid 105961
365 2 tid 105961
492 5 tid 105961
236 tid 105961
Remove  tid 105961
FindTargetPageId rootid 3 tid 105961
target_page_id id: 5 tid 105961
0 1 tid 105961
130 4 tid 105961
365 2 tid 105961
492 5 tid 105961
235 tid 105961
Remove  tid 105961
FindTargetPageId rootid 3 tid 105961
target_page_id id: 5 tid 105961
0 1 tid 105961
130 4 tid 105961
365 2 tid 105961
492 5 tid 105961
234 tid 105961
Remove  tid 105961
FindTargetPageId rootid 3 tid 105960
target_page_id id: 5 tid 105960
0 1 tid 105960
130 4 tid 105960
365 2 tid 105960
492 5 tid 105960
233 tid 105960
Insert  tid 105960
FindTargetPageId rootid 3 tid 105962
target_page_id id: 5 tid 105962
0 1 tid 105962
130 4 tid 105962
365 2 tid 105962
492 5 tid 105962
233 tid 105962
FindTargetPageId rootid 3 tid 105961
Insert  tid target_page_id id: 1059625 tid 
105961
0 1 tid 105961
130 4 tid 105961
365 2 tid 105961
492 5 tid 105961
234 tid 105961
Remove  tid 105961
FindTargetPageId rootid 3 tid 105961
target_page_id id: 5 tid 105961
0 1 tid 105961
130 4 tid 105961
365 2 tid 105961
492 5 tid 105961
233 tid 105961
Remove  tid 105961
FindTargetPageId rootid 3 tid 105961
target_page_id id: 5 tid 105961
0 1 tid 105961
130 4 tid 105961
365 2 tid 105961
492 5 tid 105961
232 tid 105961
Remove  tid 105961
FindTargetPageId rootid 3 tid 105961
target_page_id id: 5 tid 105961
0 1 tid 105961
130 4 tid 105961
365 2 tid 105961
492 5 tid 105961
231 tid 105961
Remove  tid 105961
FindTargetPageId rootid 3 tid 105961
target_page_id id: 5 tid 105961
0 1 tid 105961
130 4 tid 105961
365 2 tid 105961
492 5 tid 105961
230 tid 105961
Remove  tid 105961
FindTargetPageId rootid 3 tid 105961
target_page_id id: 5 tid 105961
0 1 tid 105961
130 4 tid 105961
365 2 tid 105961
492 5 tid 105961
229 tid 105961
Remove  tid 105961
FindTargetPageId rootid 3 tid 105961
target_page_id id: 5 tid 105961
0 1 tid 105961
130 4 tid 105961
365 2 tid 105961
492 5 tid 105961
228 tid 105961
Remove  tid 105961
FindTargetPageId rootid 3 tid 105961
target_page_id id: 5 tid 105961
0 1 tid 105961
130 4 tid 105961
365 2 tid 105961
492 5 tid 105961
227 tid 105961
Remove  tid 105961
FindTargetPageId rootid 3 tid 105961
target_page_id id: 5 tid 105961
0 1 tid 105961
130 4 tid 105961
365 2 tid 105961
492 5 tid 105961
226 tid 105961
Remove  tid 105961
FindTargetPageId rootid 3 tid 105961
target_page_id id: 5 tid 105961
0 1 tid 105961
130 4 tid 105961
365 2 tid 105961
492 5 tid 105961
225 tid 105961
Remove  tid 105961
FindTargetPageId rootid 3 tid 105961
target_page_id id: 5 tid 105961
0 1 tid 105961
130 4 tid 105961
365 2 tid 105961
492 5 tid 105961
224 tid 105961
Remove  tid 105961
FindTargetPageId rootid 3 tid 105961
target_page_id id: 5 tid 105961
0 1 tid 105961
130 4 tid 105961
365 2 tid 105961
492 5 tid 105961
223 tid 105961
Remove  tid 105961
FindTargetPageId rootid 3 tid 105961
target_page_id id: 5 tid 105961
0 1 tid 105961
130 4 tid 105961
365 2 tid 105961
492 5 tid 105961
222 tid 105961
Remove  tid 105961
FindTargetPageId rootid 3 tid 105961
target_page_id id: 5 tid 105961
0 1 tid 105961
130 4 tid 105961
365 2 tid 105961
492 5 tid 105961
221 tid 105961
Remove  tid 105961
FindTargetPageId rootid 3 tid 105961
target_page_id id: 5 tid 105961
0 1 tid 105961
130 4 tid 105961
365 2 tid 105961
492 5 tid 105961
220 tid 105961
Remove  tid 105961
FindTargetPageId rootid 3 tid 105961
target_page_id id: 5 tid 105961
0 1 tid 105961
130 4 tid 105961
365 2 tid 105961
492 5 tid 105961
219 tid 105961
Remove  tid 105961
FindTargetPageId rootid 3 tid 105961
target_page_id id: 5 tid 105961
0 1 tid 105961
130 4 tid 105961
365 2 tid 105961
492 5 tid 105961
218 tid 105961
Remove  tid 105961
FindTargetPageId rootid 3 tid 105961
target_page_id id: 5 tid 105961
0 1 tid 105961
130 4 tid 105961
365 2 tid 105961
492 5 tid 105961
217 tid 105961
Remove  tid 105961
FindTargetPageId rootid 3 tid 105961
target_page_id id: 5 tid 105961
0 1 tid 105961
130 4 tid 105961
365 2 tid 105961
492 5 tid 105961
216 tid 105961
Remove  tid 105961
FindTargetPageId rootid 3 tid 105961
target_page_id id: 5 tid 105961
0 1 tid 105961
130 4 tid 105961
365 2 tid 105961
492 5 tid 105961
216 tid 105961
Remove  tid 105961
FindTargetPageId rootid 3 tid 105961
target_page_id id: 5 tid 105961
0 1 tid 105961
130 4 tid 105961
365 2 tid 105961
492 5 tid 105961
216 tid 105961
Remove  tid 105961
FindTargetPageId rootid 3 tid 105961
target_page_id id: 5 tid 105961
0 1 tid 105961
130 4 tid 105961
365 2 tid 105961
492 5 tid 105961
216 tid 105961
Remove  tid 105961
FindTargetPageId rootid 3 tid 105961
target_page_id id: 5 tid 105961
0 1 tid 105961
130 4 tid 105961
365 2 tid 105961
492 5 tid 105961
216 tid 105961
Remove  tid 105961
FindTargetPageId rootid 3 tid 105961
target_page_id id: 5 tid 105961
0 1 tid 105961
130 4 tid 105961
365 2 tid 105961
492 5 tid 105961
216 tid 105961
Remove  tid 105961
FindTargetPageId rootid 3 tid 105960
target_page_id id: 5 tid 105960
0 1 tid 105960
130 4 tid 105960
365 2 tid 105960
492 5 tid 105960
216 tid 105960
Insert  tid 105960
FindTargetPageId rootid 3 tid 105962
target_page_id id: 5 tid 105962
0 1 tid 105962
130 4 tid 105962
365 2 tid 105962
492 5 tid 105962
217 tid 105962
Insert  tid 105962
FindTargetPageId rootid 3 tid 105962
target_page_id id: 5 tid 105962
0 1 tid 105962
130 4 tid 105962
365 2 tid 105962
492 5 tid 105962
218 tid 105962
Insert  tid 105962
FindTargetPageId rootid 3 tid 105962
target_page_id id: 5 tid 105962
0 1 tid 105962
130 4 tid 105962
365 2 tid 105962
492 5 tid 105962
219 tid 105962
Insert  tid 105962
FindTargetPageId rootid 3 tid 105962
target_page_id id: 5 tid 105962
0 1 tid 105962
130 4 tid 105962
365 2 tid 105962
492 5 tid 105962
220 tid 105962
Insert  tid 105962
FindTargetPageId rootid 3 tid 105962
target_page_id id: 5 tid 105962
0 1 tid 105962
130 4 tid 105962
365 2 tid 105962
492 5 tid 105962
221 tid 105962
Insert  tid 105962
FindTargetPageId rootid 3 tid 105961
target_page_id id: 5 tid 105961
0 1 tid 105961
130 4 tid 105961
365 2 tid 105961
492 5 tid 105961
222 tid 105961
Remove  tid 105961
FindTargetPageId rootid 3 tid 105960
target_page_id id: 5 tid 105960
0 1 tid 105960
130 4 tid 105960
365 2 tid 105960
492 5 tid 105960
222 tid 105960
Insert  tid 105960
FindTargetPageId rootid 3 tid 105962
target_page_id id: 5 tid 105962
0 1 tid 105962
130 4 tid 105962
365 2 tid 105962
492 5 tid 105962
223 tid 105962
Insert  tid 105962
FindTargetPageId rootid 3 tid 105961
target_page_id id: 5 tid 105961
0 1 tid 105961
130 4 tid 105961
365 2 tid 105961
492 5 tid 105961
224 tid 105961
Remove  tid 105961
FindTargetPageId rootid 3 tid 105960
target_page_id id: 5 tid 105960
0 1 tid 105960
130 4 tid 105960
365 2 tid 105960
492 5 tid 105960
224 tid 105960
Insert  tid 105960
FindTargetPageId rootid 3 tid 105962
target_page_id id: 5 tid 105962
0 1 tid 105962
130 4 tid 105962
365 2 tid 105962
492 5 tid 105962
225 tid 105962
Insert  tid 105962
FindTargetPageId rootid 3 tid 105961
target_page_id id: 5 tid 105961
0 1 tid 105961
130 4 tid 105961
365 2 tid 105961
492 5 tid 105961
226 tid 105961
Remove  tid 105961
FindTargetPageId rootid 3 tid 105961
target_page_id id: 5 tid 105961
0 1 tid 105961
130 4 tid 105961
365 2 tid 105961
492 5 tid 105961
226 tid 105961
Remove  tid 105961
FindTargetPageId rootid 3 tid 105961
target_page_id id: 5 tid 105961
0 1 tid 105961
130 4 tid 105961
365 2 tid 105961
492 5 tid 105961
226 tid 105961
Remove  tid 105961
FindTargetPageId rootid 3 tid 105961
target_page_id id: 5 tid 105961
0 1 tid 105961
130 4 tid 105961
365 2 tid 105961
492 5 tid 105961
226 tid 105961
Remove  tid 105961
FindTargetPageId rootid 3 tid 105962
target_page_id id: 5 tid 105962
0 1 tid 105962
130 4 tid 105962
365 2 tid 105962
492 5 tid 105962
226 tid 105962
Insert  tid 105962
FindTargetPageId rootid 3 tid 105962
target_page_id id: 5 tid 105962
0 1 tid 105962
130 4 tid 105962
365 2 tid 105962
492 5 tid 105962
227 tid 105962
Insert  tid 105962
FindTargetPageId rootid 3 tid 105962
target_page_id id: 5 tid 105962
0 1 tid 105962
130 4 tid 105962
365 2 tid 105962
492 5 tid 105962
228 tid 105962
Insert  tid 105962
FindTargetPageId rootid 3 tid 105962
target_page_id id: 5 tid 105962
0 1 tid 105962
130 4 tid 105962
365 2 tid 105962
492 5 tid 105962
229 tid 105962
Insert  tid 105962
FindTargetPageId rootid 3 tid 105962
target_page_id id: 5 tid 105962
0 1 tid 105962
130 4 tid 105962
365 2 tid 105962
492 5 tid 105962
230 tid 105962
Insert  tid 105962
FindTargetPageId rootid 3 tid 105962
target_page_id id: 5 tid 105962
0 1 tid 105962
130 4 tid 105962
365 2 tid 105962
492 5 tid 105962
231 tid 105962
Insert  tid 105962
FindTargetPageId rootid 3 tid 105962
target_page_id id: 5 tid 105962
0 1 tid 105962
130 4 tid 105962
365 2 tid 105962
492 5 tid 105962
232 tid 105962
Insert  tid 105962
FindTargetPageId rootid 3 tid 105962
target_page_id id: 5 tid 105962
0 1 tid 105962
130 4 tid 105962
365 2 tid 105962
492 5 tid 105962
233 tid 105962
Insert  tid 105962
FindTargetPageId rootid 3 tid 105962
target_page_id id: 5 tid 105962
0 1 tid 105962
130 4 tid 105962
365 2 tid 105962
492 5 tid 105962
234 tid 105962
Insert  tid 105962
FindTargetPageId rootid 3 tid 105962
target_page_id id: 5 tid 105962
0 1 tid 105962
130 4 tid 105962
365 2 tid 105962
492 5 tid 105962
235 tid 105962
Insert  tid 105962
FindTargetPageId rootid 3 tid 105962
target_page_id id: 5 tid 105962
0 1 tid 105962
130 4 tid 105962
365 2 tid 105962
492 5 tid 105962
236 tid 105962
Insert  tid 105962
FindTargetPageId rootid 3 tid 105962
target_page_id id: 5 tid 105962
0 1 tid 105962
130 4 tid 105962
365 2 tid 105962
492 5 tid 105962
237 tid 105962
Insert  tid 105962
FindTargetPageId rootid 3 tid 105962
target_page_id id: 5 tid 105962
0 1 tid 105962
130 4 tid 105962
365 2 tid 105962
492 5 tid 105962
238 tid 105962
Insert  tid 105962
FindTargetPageId rootid 3 tid 105962
target_page_id id: 5 tid 105962
0 1 tid 105962
130 4 tid 105962
365 2 tid 105962
492 5 tid 105962
239 tid 105962
Insert  tid 105962
FindTargetPageId rootid 3 tid 105962
target_page_id id: 5 tid 105962
0 1 tid 105962
130 4 tid 105962
365 2 tid 105962
492 5 tid 105962
240 tid 105962
Insert  tid 105962
FindTargetPageId rootid 3 tid 105962
target_page_id id: 5 tid 105962
0 1 tid 105962
130 4 tid 105962
365 2 tid 105962
492 5 tid 105962
241 tid 105962
Insert  tid 105962
FindTargetPageId rootid 3 tid 105962
target_page_id id: 5 tid 105962
0 1 tid 105962
130 4 tid 105962
365 2 tid 105962
492 5 tid 105962
242 tid 105962
Insert  tid 105962
FindTargetPageId rootid 3 tid 105962
target_page_id id: 5 tid 105962
0 1 tid 105962
130 4 tid 105962
365 2 tid 105962
492 5 tid 105962
243 tid 105962
Insert  tid 105962
FindTargetPageId rootid 3 tid 105962
target_page_id id: 5 tid 105962
0 1 tid 105962
130 4 tid 105962
365 2 tid 105962
492 5 tid 105962
244 tid 105962
Insert  tid 105962
FindTargetPageId rootid 3 tid 105962
target_page_id id: 5 tid 105962
0 1 tid 105962
130 4 tid 105962
365 2 tid 105962
492 5 tid 105962
245 tid 105962
Insert  tid 105962
FindTargetPageId rootid 3 tid 105962
target_page_id id: 5 tid 105962
0 1 tid 105962
130 4 tid 105962
365 2 tid 105962
492 5 tid 105962
246 tid 105962
Insert  tid 105962
FindTargetPageId rootid 3 tid 105962
target_page_id id: 5 tid 105962
0 1 tid 105962
130 4 tid 105962
365 2 tid 105962
492 5 tid 105962
247 tid 105962
Insert  tid FindTargetPageId rootid 1059623
 tid 105961
target_page_id id: 5 tid 105961
0 1 tid 105961
130 4 tid 105961
365 2 tid 105961
492 5 tid 105961
248 tid 105961
Remove  tid 105961
FindTargetPageId rootid 3 tid 105961
target_page_id id: 5 tid 105961
0 1 tid 105961
130 4 tid 105961
365 2 tid 105961
492 5 tid 105961
247 tid 105961
Remove  tid 105961
FindTargetPageId rootid 3 tid 105961
target_page_id id: 5 tid 105961
0 1 tid 105961
130 4 tid 105961
365 2 tid 105961
492 5 tid 105961
246 tid 105961
FindTargetPageId rootid 3 tid 105962
target_page_id id: 5 tid 105962
0 1 tid 105962
130 4 tid 105962
365 2 tid 105962
492 5 tid 105962
245 tid 105962
Insert  tid 105962
FindTargetPageId rootid 3 tid 105962
target_page_id id: 5 tid 105962
0 1 tid 105962
130 4 tid 105962
365 2 tid 105962
492 5 tid 105962
246 tid 105962
Remove  tid 105961
Insert  tid 105962
FindTargetPageId rootid 3 tid 105961
target_page_id id: 5 tid 105961
0 1 tid 105961
130 4 tid 105961
365 2 tid 105961
492 5 tid 105961
247 tid 105961
Remove  tid 105961
FindTargetPageId rootid 3 tid 105962
target_page_id id: 5 tid 105962
0 1 tid 105962
130 4 tid 105962
365 2 tid 105962
492 5 tid 105962
246 tid 105962
Insert  tid 105962
FindTargetPageId rootid 3 tid 105960
target_page_id id: 5 tid 105960
0 1 tid 105960
130 4 tid 105960
365 2 tid 105960
492 5 tid 105960
247 tid 105960
Insert  tid 105960
FindTargetPageId rootid 3 tid 105961
target_page_id id: 5 tid 105961
0 1 tid 105961
130 4 tid 105961
365 2 tid 105961
492 5 tid 105961
248 tid 105961
Remove  tid 105961
FindTargetPageId rootid 3 tid 105961
target_page_id id: 5 tid 105961
0 1 tid 105961
130 4 tid 105961
365 2 tid 105961
492 5 tid 105961
247 tid 105961
FindTargetPageId rootid 3 tid 105960
target_page_id id: 5 tid 105960
Remove 0 1 tid 105960 tid 
130 4 tid 105960
365 2 tid 105960
492 5 tid 105960
105961
246 tid 105960
Insert  tid 105960
FindTargetPageId rootid 3 tid 105962
target_page_id id: 5 tid 105962
0 1 tid 105962
130 4 tid 105962
365 2 tid 105962
492 5 tid 105962
246 tid 105962
Insert  tid 105962
FindTargetPageId rootid 3 tid 105962
target_page_id id: 5 tid 105962
0 1 tid 105962
130 4 tid 105962
365 2 tid 105962
492 5 tid 105962
247 tid 105962
Insert  tid 105962
FindTargetPageId rootid 3 tid 105962
target_page_id id: 5 tid 105962
0 1 tid 105962
130 4 tid 105962
365 2 tid 105962
492 5 tid 105962
248 tid 105962
Insert  tid 105962
FindTargetPageId rootid 3 tid 105962
target_page_id id: 5 tid 105962
0 1 tid 105962
130 4 tid 105962
365 2 tid 105962
492 5 tid 105962
249 tid 105962
Insert  tid 105962
FindTargetPageId rootid 3 tid 105962
target_page_id id: 5 tid 105962
0 1 tid 105962
130 4 tid 105962
365 2 tid 105962
492 5 tid 105962
250 tid 105962
Insert  tid 105962
FindTargetPageId rootid 3 tid 105962
target_page_id id: 5 tid 105962
0 1 tid 105962
130 4 tid 105962
365 2 tid 105962
492 5 tid 105962
251 tid 105962
Insert  tid 105962
FindTargetPageId rootid 3 tid 105962
target_page_id id: 5 tid 105962
0 1 tid 105962
130 4 tid 105962
365 2 tid 105962
492 5 tid 105962
252 tid 105962
Insert  tid 105962
FindTargetPageId rootid 3 tid 105961
target_page_id id: 5 tid 105961
0 1 tid 105961
130 4 tid 105961
365 2 tid 105961
492 5 tid 105961
253 tid 105961
Remove  tid 105961
FindTargetPageId rootid 3 tid 105960
target_page_id id: 5 tid 105960
0 1 tid 105960
130 4 tid 105960
365 2 tid 105960
492 5 tid 105960
252 tid 105960
FindTargetPageId rootid Insert 3 tid  tid 105962105960

target_page_id id: 5 tid 105962
0 1 tid 105962
130 4 tid 105962
365 2 tid 105962
492 5 tid 105962
252 tid 105962
Insert  tid 105962
FindTargetPageId rootid 3 tid 105961
target_page_id id: 5 tid 105961
0 1 tid 105961
130 4 tid 105961
365 2 tid 105961
492 5 tid 105961
253 tid 105961
Remove  tid 105961
FindTargetPageId rootid 3 tid 105961
target_page_id id: 5 tid 105961
0 1 tid 105961
130 4 tid 105961
365 2 tid 105961
492 5 tid 105961
252 tid 105961
Remove  tid 105961
FindTargetPageId rootid 3 tid 105962
target_page_id id: 5 tid 105962
0 1 tid 105962
130 4 tid 105962
365 2 tid 105962
492 5 tid 105962
251 tid 105962
Insert  tid 105962
FindTargetPageId rootid 3 tid 105962
target_page_id id: 5 tid 105962
0 1 tid 105962
130 4 tid 105962
365 2 tid 105962
492 5 tid 105962
252 tid 105962
Insert  tid 105962
FindTargetPageId rootid 3 tid 105962
target_page_id id: 5 tid 105962
0 1 tid 105962
130 4 tid 105962
365 2 tid 105962
492 5 tid 105962
253 tid 105962
Insert  tid 105962
FindTargetPageId rootid 3 tid 105960
target_page_id id: 5 tid 105960
0 1 tid 105960
130 4 tid 105960
365 2 tid 105960
492 5 tid 105960
254 tid 105960
Insert  tid 105960
FindTargetPageId rootid 3 tid 105961
target_page_id id: 5 tid 105961
0 1 tid 105961
130 4 tid 105961
365 2 tid 105961
492 5 tid 105961
254 tid 105961
Remove  tid 105961
FindTargetPageId rootid 3 tid 105961
target_page_id id: 5 tid 105961
0 1 tid 105961
130 4 tid 105961
365 2 tid 105961
492 5 tid 105961
253 tid 105961
Remove  tid 105961
FindTargetPageId rootid 3 tid 105961
target_page_id id: 5 tid 105961
0 1 tid 105961
130 4 tid 105961
365 2 tid 105961
492 5 tid 105961
252 tid 105961
Remove  tid 105961
FindTargetPageId rootid 3 tid 105961
target_page_id id: 5 tid 105961
0 1 tid 105961
130 4 tid 105961
365 2 tid 105961
492 5 tid 105961
251 tid 105961
Remove  tid 105961
FindTargetPageId rootid 3 tid 105961
target_page_id id: 5 tid 105961
0 1 tid 105961
130 4 tid 105961
365 2 tid 105961
492 5 tid 105961
250 tid 105961
Remove  tid 105961
FindTargetPageId rootid 3 tid 105961
target_page_id id: 5 tid 105961
0 1 tid 105961
130 4 tid 105961
365 2 tid 105961
492 5 tid 105961
249 tid 105961
Remove  tid 105961
FindTargetPageId rootid 3 tid 105961
target_page_id id: 5 tid 105961
0 1 tid 105961
130 4 tid 105961
365 2 tid 105961
492 5 tid 105961
248 tid 105961
Remove  tid 105961
FindTargetPageId rootid 3 tid 105962
target_page_id id: 5 tid 105962
0 1 tid 105962
130 4 tid 105962
365 2 tid 105962
492 5 tid 105962
247 tid 105962
Insert  tid 105962
FindTargetPageId rootid 3 tid 105960
target_page_id id: 5 tid 105960
0 1 tid 105960
130 4 tid 105960
365 2 tid 105960
492 5 tid 105960
248 tid 105960
Insert  tid 105960
FindTargetPageId rootid 3 tid 105960
target_page_id id: 5 tid 105960
0 1 tid 105960
130 4 tid 105960
365 2 tid 105960
492 5 tid 105960
248 tid 105960
Insert  tid 105960
FindTargetPageId rootid 3 tid 105962
target_page_id id: 5 tid 105962
0 1 tid 105962
130 4 tid 105962
365 2 tid 105962
492 5 tid 105962
248 tid 105962
Insert  tid 105962
FindTargetPageId rootid 3 tid 105962
target_page_id id: 5 tid 105962
0 1 tid 105962
130 4 tid 105962
365 2 tid 105962
492 5 tid 105962
249 tid 105962
Insert  tid 105962
FindTargetPageId rootid 3 tid 105960
target_page_id id: 5 tid 105960
0 1 tid 105960
130 4 tid 105960
365 2 tid 105960
492 5 tid 105960
250 tid 105960
Insert  tid 105960
FindTargetPageId rootid 3 tid 105960
target_page_id id: 5 tid 105960
0 1 tid 105960
130 4 tid 105960
365 2 tid 105960
492 5 tid 105960
250 tid 105960
Insert  tid 105960
FindTargetPageId rootid 3 tid 105960
target_page_id id: 5 tid 105960
0 1 tid 105960
130 4 tid 105960
365 2 tid 105960
492 5 tid 105960
250 tid 105960
Insert  tid 105960
FindTargetPageId rootid 3 tid 105960
target_page_id id: 5 tid 105960
0 1 tid 105960
130 4 tid 105960
365 2 tid 105960
492 5 tid 105960
250 tid 105960
Insert  tid 105960
FindTargetPageId rootid 3 tid 105961
target_page_id id: 5 tid 105961
0 1 tid 105961
130 4 tid 105961
365 2 tid 105961
492 5 tid 105961
250 tid 105961
Remove  tid 105961
FindTargetPageId rootid 3 tid 105962
target_page_id id: 5 tid 105962
0 1 tid 105962
130 4 tid 105962
365 2 tid 105962
492 5 tid 105962
249 tid 105962
Insert  tid 105962
FindTargetPageId rootid 3 tid 105960
target_page_id id: 5 tid 105960
0 1 tid 105960
130 4 tid 105960
365 2 tid 105960
492 5 tid 105960
250 tid 105960
Insert  tid 105960
FindTargetPageId rootid 3 tid 105961
target_page_id id: 5 tid 105961
0 1 tid 105961
130 4 tid 105961
365 2 tid 105961
492 5 tid 105961
250 tid 105961
Remove  tid 105961
FindTargetPageId rootid 3 tid 105962
target_page_id id: 5 tid 105962
0 1 tid 105962
130 4 tid 105962
365 2 tid 105962
492 5 tid 105962
249 tid 105962
Insert  tid 105962
FindTargetPageId rootid 3 tid 105960
target_page_id id: 5 tid 105960
0 1 tid 105960
130 4 tid 105960
365 2 tid 105960
492 5 tid 105960
250 tid 105960
Insert  tid 105960
FindTargetPageId rootid 3 tid 105961
target_page_id id: 5 tid 105961
0 1 tid 105961
130 4 tid 105961
365 2 tid 105961
492 5 tid 105961
250 tid 105961
Remove  tid 105961
FindTargetPageId rootid 3 tid 105962
target_page_id id: 5 tid 105962
0 1 tid 105962
130 4 tid 105962
365 2 tid 105962
492 5 tid 105962
249 tid 105962
Insert  tid 105962
FindTargetPageId rootid 3 tid 105960
target_page_id id: 5 tid 105960
0 1 tid 105960
130 4 tid 105960
365 2 tid 105960
492 5 tid 105960
250 tid 105960
Insert  tid 105960
FindTargetPageId rootid 3 tid 105961
target_page_id id: 5 tid 105961
0 1 tid 105961
130 4 tid 105961
365 2 tid 105961
492 5 tid 105961
250 tid 105961
Remove  tid 105961
FindTargetPageId rootid 3 tid 105962
target_page_id id: 5 tid 105962
0 1 tid 105962
130 4 tid 105962
365 2 tid 105962
492 5 tid 105962
249 tid 105962
Insert  tid 105962
FindTargetPageId rootid 3 tid 105960
target_page_id id: 5 tid 105960
0 1 tid 105960
130 4 tid 105960
365 2 tid 105960
492 5 tid 105960
250 tid 105960
Insert  tid 105960
FindTargetPageId rootid 3 tid 105961
target_page_id id: 5 tid 105961
0 1 tid 105961
130 4 tid 105961
365 2 tid 105961
492 5 tid 105961
251 tid 105961
Remove  tid 105961
FindTargetPageId rootid 3 tid 105962
target_page_id id: 5 tid 105962
0 1 tid 105962
130 4 tid 105962
365 2 tid 105962
492 5 tid 105962
250 tid 105962
Insert  tid 105962
FindTargetPageId rootid 3 tid 105962
target_page_id id: 5 tid 105962
0 1 tid 105962
130 4 tid 105962
365 2 tid 105962
492 5 tid 105962
251 tid 105962
Insert  tid 105962
FindTargetPageId rootid 3 tid 105962
target_page_id id: 5 tid 105962
0 1 tid 105962
130 4 tid 105962
365 2 tid 105962
492 5 tid 105962
252 tid 105962
Insert  tid 105962
FindTargetPageId rootid 3 tid 105962
target_page_id id: 5 tid 105962
0 1 tid 105962
130 4 tid 105962
365 2 tid 105962
492 5 tid 105962
253 tid 105962
Insert  tid 105962
FindTargetPageId rootid 3 tid 105962
target_page_id id: 5 tid 105962
0 1 tid 105962
130 4 tid 105962
365 2 tid 105962
492 5 tid 105962
254 tid 105962
Insert  tid 105962
FindTargetPageId rootid 3 tid 105961
target_page_id id: 10 tid 105961
0 1 tid 105961
130 4 tid 105961
365 2 tid 105961
492 5 tid 105961
619 10 tid 105961
128 tid 105961
Remove  tid 105961
FindTargetPageId rootid 3 tid 105961
target_page_id id: 10 tid 105961
0 1 tid 105961
130 4 tid 105961
365 2 tid 105961
492 5 tid 105961
619 10 tid 105961
127 tid 105961
Remove  tid 105961
FindTargetPageId rootid 3 tid 105961
target_page_id id: 5 tid 105961
0 1 tid 105961
130 4 tid 105961
365 2 tid 105961
492 5 tid 105961
253 tid 105961
Remove  tid 105961
FindTargetPageId rootid 3 tid 105961
target_page_id id: 5 tid 105961
0 1 tid 105961
130 4 tid 105961
365 2 tid 105961
492 5 tid 105961
252 tid 105961
Remove  tid 105961
FindTargetPageId rootid 3 tid 105960
target_page_id id: 5 tid 105960
0 1 tid 105960
130 4 tid 105960
365 2 tid 105960
492 5 tid 105960
251 tid 105960
Insert  tid 105960
FindTargetPageId rootid 3 tid 105962
target_page_id id: 5 tid 105962
0 1 tid 105962
130 4 tid 105962
365 2 tid 105962
492 5 tid 105962
252 tid 105962
Insert  tid 105962
FindTargetPageId rootid 3 tid 105961
target_page_id id: 5 tid 105961
0 1 tid 105961
130 4 tid 105961
365 2 tid 105961
492 5 tid 105961
253 tid 105961
Remove  tid 105961
FindTargetPageId rootid 3 tid 105960
target_page_id id: 5 tid 105960
0 1 tid 105960
130 4 tid 105960
365 2 tid 105960
492 5 tid 105960
252 tid 105960
Insert  tid 105960
FindTargetPageId rootid 3 tid 105962
target_page_id id: 5 tid 105962
0 1 tid 105962
130 4 tid 105962
365 2 tid 105962
492 5 tid 105962
253 tid 105962
Insert  tid 105962
FindTargetPageId rootid 3 tid 105962
target_page_id id: 5 tid 105962
0 1 tid 105962
130 4 tid 105962
365 2 tid 105962
492 5 tid 105962
254 tid 105962
Insert  tid 105962
FindTargetPageId rootid 3 tid 105960
target_page_id id: 11 tid 105960
0 1 tid 105960
130 4 tid 105960
365 2 tid 105960
492 5 tid 105960
619 11 tid 105960
128 tid 105960
Insert  tid 105960
FindTargetPageId rootid 3 tid 105961
target_page_id id: 11 tid 105961
0 1 tid 105961
130 4 tid 105961
365 2 tid 105961
492 5 tid 105961
619 11 tid 105961
129 tid 105961
Remove  tid 105961
FindTargetPageId rootid 3 tid 105962
target_page_id id: 11 tid 105962
0 1 tid 105962
130 4 tid 105962
365 2 tid 105962
492 5 tid 105962
619 11 tid 105962
128 tid 105962
Insert  tid 105962
FindTargetPageId rootid 3 tid 105960
target_page_id id: 11 tid 105960
0 1 tid 105960
130 4 tid 105960
365 2 tid 105960
492 5 tid 105960
619 11 tid 105960
129 tid 105960
Insert  tid 105960
FindTargetPageId rootid 3 tid 105960
target_page_id id: 11 tid 105960
0 1 tid 105960
130 4 tid 105960
365 2 tid 105960
492 5 tid 105960
619 11 tid 105960
130 tid 105960
Insert  tid 105960
FindTargetPageId rootid 3 tid 105962
target_page_id id: 11 tid 105962
0 1 tid 105962
130 4 tid 105962
365 2 tid 105962
492 5 tid 105962
619 11 tid 105962
131 tid 105962
Insert  tid 105962
FindTargetPageId rootid 3 tid 105961
target_page_id id: 11 tid 105961
0 1 tid 105961
130 4 tid 105961
365 2 tid 105961
492 5 tid 105961
619 11 tid 105961
132 tid 105961
Remove  tid 105961
FindTargetPageId rootid 3 tid 105961
target_page_id id: 11 tid 105961
0 1 tid 105961
130 4 tid 105961
365 2 tid 105961
492 5 tid 105961
619 11 tid 105961
131 tid 105961
Remove  tid 105961
FindTargetPageId rootid 3 tid 105962
target_page_id id: 11 tid 105962
0 1 tid 105962
130 4 tid 105962
365 2 tid 105962
492 5 tid 105962
619 11 tid 105962
130 tid 105962
Insert  tid 105962
FindTargetPageId rootid 3 tid 105962
target_page_id id: 11 tid 105962
0 1 tid 105962
130 4 tid 105962
365 2 tid 105962
492 5 tid 105962
619 11 tid 105962
131 tid 105962
Insert  tid 105962
FindTargetPageId rootid 3 tid 105962
target_page_id id: 11 tid 105962
0 1 tid 105962
130 4 tid 105962
365 2 tid 105962
492 5 tid 105962
619 11 tid 105962
132 tid 105962
Insert  tid 105962
FindTargetPageId rootid 3 tid 105960
target_page_id id: 11 tid 105960
0 1 tid 105960
130 4 tid 105960
365 2 tid 105960
492 5 tid 105960
619 11 tid 105960
133 tid 105960
Insert  tid 105960
FindTargetPageId rootid 3 tid 105961
target_page_id id: 11 tid 105961
0 1 tid 105961
130 4 tid 105961
365 2 tid 105961
492 5 tid 105961
619 11 tid 105961
134 tid 105961
Remove  tid 105961
FindTargetPageId rootid 3 tid 105962
target_page_id id: 11 tid 105962
0 1 tid 105962
130 4 tid 105962
365 2 tid 105962
492 5 tid 105962
619 11 tid 105962
133 tid 105962
Insert  tid 105962
FindTargetPageId rootid 3 tid 105962
target_page_id id: 11 tid 105962
0 1 tid 105962
130 4 tid 105962
365 2 tid 105962
492 5 tid 105962
619 11 tid 105962
134 tid 105962
Insert  tid 105962
FindTargetPageId rootid 3 tid 105962
target_page_id id: 11 tid 105962
0 1 tid 105962
130 4 tid 105962
365 2 tid 105962
492 5 tid 105962
619 11 tid 105962
135 tid 105962
Insert  tid 105962
FindTargetPageId rootid 3 tid 105961
target_page_id id: 11 tid 105961
0 1 tid 105961
130 4 tid 105961
365 2 tid 105961
492 5 tid 105961
619 11 tid 105961
136 tid 105961
Remove  tid 105961
FindTargetPageId rootid 3 tid 105960
target_page_id id: 11 tid 105960
0 1 tid 105960
130 4 tid 105960
365 2 tid 105960
492 5 tid 105960
619 11 tid 105960
135 tid 105960
Insert  tid 105960
FindTargetPageId rootid 3 tid 105960
target_page_id id: 11 tid 105960
0 1 tid 105960
130 4 tid 105960
365 2 tid 105960
492 5 tid 105960
619 11 tid 105960
136 tid 105960
Insert  tid 105960
FindTargetPageId rootid 3 tid 105961
target_page_id id: 11 tid 105961
0 1 tid 105961
130 4 tid 105961
365 2 tid 105961
492 5 tid 105961
619 11 tid 105961
137 tid 105961
Remove  tid 105961
FindTargetPageId rootid 3 tid 105962
target_page_id id: 11 tid 105962
0 1 tid 105962
130 4 tid 105962
365 2 tid 105962
492 5 tid 105962
619 11 tid 105962
136 tid 105962
Insert  tid 105962
FindTargetPageId rootid 3 tid 105962
target_page_id id: 11 tid 105962
0 1 tid 105962
130 4 tid 105962
365 2 tid 105962
492 5 tid 105962
619 11 tid 105962
137 tid 105962
Insert  tid 105962
FindTargetPageId rootid 3 tid 105962
target_page_id id: 11 tid 105962
0 1 tid 105962
130 4 tid 105962
365 2 tid 105962
492 5 tid 105962
619 11 tid 105962
138 tid 105962
Insert  tid 105962
FindTargetPageId rootid 3 tid 105962
target_page_id id: 11 tid 105962
0 1 tid 105962
130 4 tid 105962
365 2 tid 105962
492 5 tid 105962
619 11 tid 105962
139 tid 105962
Insert  tid 105962
FindTargetPageId rootid 3 tid 105962
target_page_id id: 11 tid 105962
0 1 tid 105962
130 4 tid 105962
365 2 tid 105962
492 5 tid 105962
619 11 tid 105962
140 tid 105962
FindTargetPageId rootid 3 tid 105961
Insert  tid 105962
target_page_id id: 11 tid 105961
0 1 tid 105961
130 4 tid 105961
365 2 tid 105961
492 5 tid 105961
619 11 tid 105961
141 tid 105961
Remove  tid 105961
FindTargetPageId rootid 3 tid 105960
target_page_id id: 11 tid 105960
0 1 tid 105960
130 4 tid 105960
365 2 tid 105960
492 5 tid 105960
619 11 tid 105960
140 tid 105960
Insert  tid 105960
FindTargetPageId rootid 3 tid 105960
target_page_id id: 11 tid 105960
0 1 tid 105960
130 4 tid 105960
365 2 tid 105960
492 5 tid 105960
619 11 tid 105960
141 tid 105960
Insert  tid 105960
FindTargetPageId rootid 3 tid 105960
target_page_id id: 11 tid 105960
0 1 tid 105960
130 4 tid 105960
365 2 tid 105960
492 5 tid 105960
619 11 tid 105960
142 tid 105960
Insert  tid 105960
FindTargetPageId rootid 3 tid 105962
target_page_id id: 11 tid 105962
0 1 tid 105962
130 4 tid 105962
365 2 tid 105962
492 5 tid 105962
619 11 tid 105962
143 tid 105962
Insert  tid 105962
FindTargetPageId rootid 3 tid 105962
target_page_id id: 11 tid 105962
0 1 tid 105962
130 4 tid 105962
365 2 tid 105962
492 5 tid 105962
619 11 tid 105962
144 tid 105962
Insert  tid 105962
FindTargetPageId rootid 3 tid 105962
target_page_id id: 11 tid 105962
0 1 tid 105962
130 4 tid 105962
365 2 tid 105962
492 5 tid 105962
619 11 tid 105962
145 tid 105962
Insert  tid 105962
FindTargetPageId rootid 3 tid 105961
target_page_id id: 11 tid 105961
0 1 tid 105961
130 4 tid 105961
365 2 tid 105961
492 5 tid 105961
619 11 tid 105961
146 tid 105961
Remove  tid 105961
FindTargetPageId rootid 3 tid 105960
target_page_id id: 11 tid 105960
0 1 tid 105960
130 4 tid 105960
365 2 tid 105960
492 5 tid 105960
619 11 tid 105960
145 tid 105960
Insert  tid 105960
FindTargetPageId rootid 3 tid 105960
target_page_id id: 11 tid 105960
0 1 tid 105960
130 4 tid 105960
365 2 tid 105960
492 5 tid 105960
619 11 tid 105960
146 tid 105960
Insert  tid 105960
FindTargetPageId rootid 3 tid 105960
target_page_id id: 11 tid 105960
0 1 tid 105960
130 4 tid 105960
365 2 tid 105960
492 5 tid 105960
619 11 tid 105960
147 tid 105960
Insert  tid 105960
FindTargetPageId rootid 3 tid 105960
target_page_id id: 11 tid 105960
0 1 tid 105960
130 4 tid 105960
365 2 tid 105960
492 5 tid 105960
619 11 tid 105960
148 tid 105960
Insert  tid 105960
FindTargetPageId rootid 3 tid 105961
target_page_id id: 11 tid 105961
0 1 tid 105961
130 4 tid 105961
365 2 tid 105961
492 5 tid 105961
619 11 tid 105961
149 tid 105961
Remove  tid 105961
FindTargetPageId rootid 3 tid 105961
target_page_id id: 11 tid 105961
0 1 tid 105961
130 4 tid 105961
365 2 tid 105961
492 5 tid 105961
619 11 tid 105961
148 tid 105961
Remove  tid 105961
FindTargetPageId rootid 3 tid 105961
target_page_id id: 11 tid 105961
0 1 tid 105961
130 4 tid 105961
365 2 tid 105961
492 5 tid 105961
619 11 tid 105961
147 tid 105961
Remove  tid 105961
FindTargetPageId rootid 3 tid 105961
target_page_id id: 11 tid 105961
0 1 tid 105961
130 4 tid 105961
365 2 tid 105961
492 5 tid 105961
619 11 tid 105961
146 tid 105961
Remove  tid 105961
FindTargetPageId rootid 3 tid 105961
target_page_id id: 11 tid 105961
0 1 tid 105961
130 4 tid 105961
365 2 tid 105961
492 5 tid 105961
619 11 tid 105961
145 tid 105961
Remove  tid 105961
FindTargetPageId rootid 3 tid 105960
target_page_id id: 11 tid 105960
0 1 tid 105960
130 4 tid 105960
365 2 tid 105960
492 5 tid 105960
619 11 tid 105960
144 tid 105960
Insert  tid 105960
FindTargetPageId rootid 3 tid 105962
target_page_id id: 11 tid 105962
0 1 tid 105962
130 4 tid 105962
365 2 tid 105962
492 5 tid 105962
619 11 tid 105962
145 tid 105962
Insert  tid 105962
FindTargetPageId rootid 3 tid 105961
target_page_id id: 11 tid 105961
0 1 tid 105961
130 4 tid 105961
365 2 tid 105961
492 5 tid 105961
619 11 tid 105961
146 tid 105961
Remove  tid 105961
FindTargetPageId rootid 3 tid 105960
target_page_id id: 11 tid 105960
0 1 tid 105960
130 4 tid 105960
365 2 tid 105960
492 5 tid 105960
619 11 tid 105960
145 tid 105960
Insert  tid 105960
FindTargetPageId rootid 3 tid 105960
target_page_id id: 11 tid 105960
0 1 tid 105960
130 4 tid 105960
365 2 tid 105960
492 5 tid 105960
619 11 tid 105960
146 tid 105960
Insert  tid 105960
FindTargetPageId rootid 3 tid 105960
target_page_id id: 11 tid 105960
0 1 tid 105960
130 4 tid 105960
365 2 tid 105960
492 5 tid 105960
619 11 tid 105960
147 tid 105960
Insert  tid 105960
FindTargetPageId rootid 3 tid 105960
target_page_id id: 11 tid 105960
0 1 tid 105960
130 4 tid 105960
365 2 tid 105960
492 5 tid 105960
619 11 tid 105960
148 tid 105960
Insert  tid 105960
FindTargetPageId rootid 3 tid 105960
target_page_id id: 11 tid 105960
0 1 tid 105960
130 4 tid 105960
365 2 tid 105960
492 5 tid 105960
619 11 tid 105960
149 tid 105960
Insert  tid 105960
FindTargetPageId rootid 3 tid 105960
target_page_id id: 11 tid 105960
0 1 tid 105960
130 4 tid 105960
365 2 tid 105960
492 5 tid 105960
619 11 tid 105960
150 tid 105960
Insert  tid 105960
FindTargetPageId rootid 3 tid 105962
target_page_id id: 11 tid 105962
0 1 tid 105962
130 4 tid 105962
365 2 tid 105962
492 5 tid 105962
619 11 tid 105962
151 tid 105962
Insert  tid 105962
FindTargetPageId rootid 3 tid 105961
target_page_id id: 11 tid 105961
0 1 tid 105961
130 4 tid 105961
365 2 tid 105961
492 5 tid 105961
619 11 tid 105961
152 tid 105961
Remove  tid 105961
FindTargetPageId rootid 3 tid 105961
target_page_id id: 11 tid 105961
0 1 tid 105961
130 4 tid 105961
365 2 tid 105961
492 5 tid 105961
619 11 tid 105961
151 tid 105961
Remove  tid 105961
FindTargetPageId rootid 3 tid 105962
target_page_id id: 11 tid 105962
0 1 tid 105962
130 4 tid 105962
365 2 tid 105962
492 5 tid 105962
619 11 tid 105962
150 tid 105962
FindTargetPageId rootid 3 tid 105960
target_page_id id: 11 tid 105960
0 1 tid 105960
130 4 tid 105960
365 2 tid 105960
492 5 tid 105960
619 11 tid 105960
151 tid 105960
Insert  tid 105962
Insert  tid 105960
FindTargetPageId rootid 3 tid 105962
target_page_id id: 11 tid 105962
0 1 tid 105962
130 4 tid 105962
365 2 tid 105962
492 5 tid 105962
619 11 tid 105962
152 tid 105962
Insert  tid 105962
FindTargetPageId rootid 3 tid 105962
target_page_id id: 11 tid 105962
0 1 tid 105962
130 4 tid 105962
365 2 tid 105962
492 5 tid 105962
619 11 tid 105962
153 tid 105962
Insert  tid 105962
FindTargetPageId rootid 3 tid 105962
target_page_id id: 11 tid 105962
0 1 tid 105962
130 4 tid 105962
365 2 tid 105962
492 5 tid 105962
619 11 tid 105962
154 tid 105962
Insert  tid 105962
FindTargetPageId rootid 3 tid 105962
target_page_id id: 11 tid 105962
0 1 tid 105962
130 4 tid 105962
365 2 tid 105962
492 5 tid 105962
619 11 tid 105962
155 tid 105962
Insert  tid 105962
FindTargetPageId rootid 3 tid 105962
target_page_id id: 11 tid 105962
0 1 tid 105962
130 4 tid 105962
365 2 tid 105962
492 5 tid 105962
619 11 tid 105962
156 tid 105962
Insert  tid 105962
FindTargetPageId rootid 3 tid 105962
target_page_id id: 11 tid 105962
0 1 tid 105962
130 4 tid 105962
365 2 tid 105962
492 5 tid 105962
619 11 tid 105962
157 tid 105962
Insert  tid 105962
FindTargetPageId rootid 3 tid 105962
target_page_id id: 11 tid 105962
0 1 tid 105962
130 4 tid 105962
365 2 tid 105962
492 5 tid 105962
619 11 tid 105962
158 tid 105962
Insert  tid 105962
FindTargetPageId rootid 3 tid 105962
target_page_id id: 11 tid 105962
0 1 tid 105962
130 4 tid 105962
365 2 tid 105962
492 5 tid 105962
619 11 tid 105962
159 tid 105962
Insert  tid 105962
FindTargetPageId rootid 3 tid 105962
target_page_id id: 11 tid 105962
0 1 tid 105962
130 4 tid 105962
365 2 tid 105962
492 5 tid 105962
619 11 tid 105962
160 tid 105962
Insert  tid 105962
FindTargetPageId rootid 3 tid 105962
target_page_id id: 11 tid 105962
0 1 tid 105962
130 4 tid 105962
365 2 tid 105962
492 5 tid 105962
619 11 tid 105962
161 tid 105962
Insert  tid 105962
FindTargetPageId rootid 3 tid 105962
target_page_id id: 11 tid 105962
0 1 tid 105962
130 4 tid 105962
365 2 tid 105962
492 5 tid 105962
619 11 tid 105962
162 tid 105962
Insert  tid 105962
FindTargetPageId rootid 3 tid 105962
target_page_id id: 11 tid 105962
0 1 tid 105962
130 4 tid 105962
365 2 tid 105962
492 5 tid 105962
619 11 tid 105962
163 tid 105962
Insert  tid 105962
FindTargetPageId rootid 3 tid 105962
target_page_id id: 11 tid 105962
0 1 tid 105962
130 4 tid 105962
365 2 tid 105962
492 5 tid 105962
619 11 tid 105962
164 tid 105962
Insert  tid 105962
FindTargetPageId rootid 3 tid 105962
target_page_id id: 11 tid 105962
0 1 tid 105962
130 4 tid 105962
365 2 tid 105962
492 5 tid 105962
619 11 tid 105962
165 tid 105962
Insert  tid 105962
FindTargetPageId rootid 3 tid 105962
target_page_id id: 11 tid 105962
0 1 tid 105962
130 4 tid 105962
365 2 tid 105962
492 5 tid 105962
619 11 tid 105962
166 tid 105962
Insert  tid 105962
FindTargetPageId rootid 3 tid 105961
target_page_id id: 11 tid 105961
0 1 tid 105961
130 4 tid 105961
365 2 tid 105961
492 5 tid 105961
619 11 tid 105961
167 tid 105961
Remove  tid 105961
FindTargetPageId rootid 3 tid 105961
target_page_id id: 11 tid 105961
0 1 tid 105961
130 4 tid 105961
365 2 tid 105961
492 5 tid 105961
619 11 tid 105961
166 tid 105961
Remove  tid 105961
FindTargetPageId rootid 3 tid 105961
target_page_id id: 11 tid 105961
0 1 tid 105961
130 4 tid 105961
365 2 tid 105961
492 5 tid 105961
619 11 tid 105961
165 tid 105961
Remove  tid 105961
FindTargetPageId rootid 3 tid 105961
target_page_id id: 11 tid 105961
0 1 tid 105961
130 4 tid 105961
365 2 tid 105961
492 5 tid 105961
619 11 tid 105961
164 tid 105961
Remove  tid 105961
FindTargetPageId rootid 3 tid 105961
target_page_id id: 11 tid 105961
0 1 tid 105961
130 4 tid 105961
365 2 tid 105961
492 5 tid 105961
619 11 tid 105961
163 tid 105961
Remove  tid 105961
FindTargetPageId rootid 3 tid 105961
target_page_id id: 11 tid 105961
0 1 tid 105961
130 4 tid 105961
365 2 tid 105961
492 5 tid 105961
619 11 tid 105961
162 tid 105961
Remove  tid 105961
FindTargetPageId rootid 3 tid 105961
target_page_id id: 11 tid 105961
0 1 tid 105961
130 4 tid 105961
365 2 tid 105961
492 5 tid 105961
619 11 tid 105961
161 tid 105961
Remove  tid 105961
FindTargetPageId rootid 3 tid 105961
target_page_id id: 11 tid 105961
0 1 tid 105961
130 4 tid 105961
365 2 tid 105961
492 5 tid 105961
619 11 tid 105961
160 tid 105961
Remove  tid 105961
FindTargetPageId rootid 3 tid 105961
target_page_id id: 11 tid 105961
0 1 tid 105961
130 4 tid 105961
365 2 tid 105961
492 5 tid 105961
619 11 tid 105961
159 tid 105961
Remove  tid 105961
FindTargetPageId rootid 3 tid 105961
target_page_id id: 11 tid 105961
0 1 tid 105961
130 4 tid 105961
365 2 tid 105961
492 5 tid 105961
619 11 tid 105961
158 tid 105961
Remove  tid 105961
FindTargetPageId rootid 3 tid 105960
target_page_id id: 11 tid 105960
0 1 tid 105960
130 4 tid 105960
365 2 tid 105960
492 5 tid 105960
619 11 tid 105960
157 tid 105960
Insert  tid 105960
FindTargetPageId rootid 3 tid 105960
target_page_id id: 11 tid 105960
0 1 tid 105960
130 4 tid 105960
365 2 tid 105960
492 5 tid 105960
619 11 tid 105960
158 tid 105960
Insert  tid 105960
FindTargetPageId rootid 3 tid 105960
target_page_id id: 11 tid 105960
0 1 tid 105960
130 4 tid 105960
365 2 tid 105960
492 5 tid 105960
619 11 tid 105960
159 tid 105960
Insert  tid 105960
FindTargetPageId rootid 3 tid 105960
target_page_id id: 11 tid 105960
0 1 tid 105960
130 4 tid 105960
365 2 tid 105960
492 5 tid 105960
619 11 tid 105960
160 tid 105960
Insert  tid 105960
FindTargetPageId rootid 3 tid 105960
target_page_id id: 11 tid 105960
0 1 tid 105960
130 4 tid 105960
365 2 tid 105960
492 5 tid 105960
619 11 tid 105960
161 tid 105960
Insert  tid 105960
FindTargetPageId rootid 3 tid 105961
target_page_id id: 11 tid 105961
0 1 tid 105961
130 4 tid 105961
365 2 tid 105961
492 5 tid 105961
619 11 tid 105961
162 tid 105961
Remove  tid 105961
FindTargetPageId rootid 3 tid 105961
target_page_id id: 11 tid 105961
0 1 tid 105961
130 4 tid 105961
365 2 tid 105961
492 5 tid 105961
619 11 tid 105961
161 tid 105961
Remove  tid 105961
FindTargetPageId rootid 3 tid 105961
target_page_id id: 11 tid 105961
0 1 tid 105961
130 4 tid 105961
365 2 tid 105961
492 5 tid 105961
619 11 tid 105961
160 tid 105961
Remove  tid 105961
FindTargetPageId rootid 3 tid 105961
target_page_id id: 11 tid 105961
0 1 tid 105961
130 4 tid 105961
365 2 tid 105961
492 5 tid 105961
619 11 tid 105961
159 tid 105961
Remove  tid 105961
FindTargetPageId rootid 3 tid 105961
target_page_id id: 11 tid 105961
0 1 tid 105961
130 4 tid 105961
365 2 tid 105961
492 5 tid 105961
619 11 tid 105961
158 tid 105961
Remove  tid 105961
FindTargetPageId rootid 3 tid 105960
target_page_id id: 11 tid 105960
0 1 tid 105960
130 4 tid 105960
365 2 tid 105960
492 5 tid 105960
619 11 tid 105960
157 tid 105960
Insert  tid 105960
FindTargetPageId rootid 3 tid 105960
target_page_id id: 11 tid 105960
0 1 tid 105960
130 4 tid 105960
365 2 tid 105960
492 5 tid 105960
619 11 tid 105960
158 tid 105960
Insert  tid 105960
FindTargetPageId rootid 3 tid 105960
target_page_id id: 11 tid 105960
0 1 tid 105960
130 4 tid 105960
365 2 tid 105960
492 5 tid 105960
619 11 tid 105960
159 tid 105960
Insert  tid 105960
FindTargetPageId rootid 3 tid 105960
target_page_id id: 11 tid 105960
0 1 tid 105960
130 4 tid 105960
365 2 tid 105960
492 5 tid 105960
619 11 tid 105960
160 tid 105960
Insert  tid 105960
FindTargetPageId rootid 3 tid 105960
target_page_id id: 11 tid 105960
0 1 tid 105960
130 4 tid 105960
365 2 tid 105960
492 5 tid 105960
619 11 tid 105960
161 tid 105960
Insert  tid 105960
FindTargetPageId rootid 3 tid 105960
target_page_id id: 11 tid 105960
0 1 tid 105960
130 4 tid 105960
365 2 tid 105960
492 5 tid 105960
619 11 tid 105960
162 tid 105960
Insert  tid 105960
FindTargetPageId rootid 3 tid 105960
target_page_id id: 11 tid 105960
0 1 tid 105960
130 4 tid 105960
365 2 tid 105960
492 5 tid 105960
619 11 tid 105960
163 tid 105960
Insert  tid 105960
FindTargetPageId rootid 3 tid 105960
target_page_id id: 11 tid 105960
0 1 tid 105960
130 4 tid 105960
365 2 tid 105960
492 5 tid 105960
619 11 tid 105960
164 tid 105960
Insert  tid 105960
FindTargetPageId rootid 3 tid 105960
target_page_id id: 11 tid 105960
0 1 tid 105960
130 4 tid 105960
365 2 tid 105960
492 5 tid 105960
619 11 tid 105960
165 tid 105960
Insert  tid 105960
FindTargetPageId rootid 3 tid 105961
target_page_id id: 11 tid 105961
0 1 tid 105961
130 4 tid 105961
365 2 tid 105961
492 5 tid 105961
619 11 tid 105961
166 tid 105961
Remove  tid 105961
FindTargetPageId rootid 3 tid 105962
target_page_id id: 11 tid 105962
0 1 tid 105962
130 4 tid 105962
365 2 tid 105962
492 5 tid 105962
619 11 tid 105962
165 tid 105962
Insert  tid 105962
FindTargetPageId rootid 3 tid 105960
target_page_id id: 11 tid 105960
0 1 tid 105960
130 4 tid 105960
365 2 tid 105960
492 5 tid 105960
619 11 tid 105960
166 tid 105960
Insert  tid 105960
FindTargetPageId rootid 3 tid 105961
target_page_id id: 11 tid 105961
0 1 tid 105961
130 4 tid 105961
365 2 tid 105961
492 5 tid 105961
619 11 tid 105961
167 tid 105961
Remove  tid 105961
FindTargetPageId rootid 3 tid 105962
target_page_id id: 11 tid 105962
0 1 tid 105962
130 4 tid 105962
365 2 tid 105962
492 5 tid 105962
619 11 tid 105962
166 tid 105962
FindTargetPageId rootid 3 tid 105960
target_page_id id: 11 tid 105960
0 1 tid 105960
130 4 tid 105960
365 2 tid 105960
492 5 tid 105960
619 11 tid 105960
167 tid 105960
Insert  tid 105962
FindTargetPageId rootid 3 tid 105961
target_page_id id: 11 tid 105961
0 1 tid 105961
130 4 tid 105961
Insert  tid 365105960
 2 tid 105961
492 5 tid 105961
619 11 tid 105961
168 tid 105961
Remove  tid 105961
FindTargetPageId rootid 3 tid 105961
target_page_id id: 11 tid 105961
0 1 tid 105961
130 4 tid 105961
365 2 tid 105961
492 5 tid 105961
619 11 tid 105961
167 tid 105961
Remove  tid 105961
FindTargetPageId rootid 3 tid 105960
target_page_id id: 11 tid 105960
0 1 tid 105960
130 4 tid 105960
365 2 tid 105960
492 5 tid 105960
619 11 tid 105960
166 tid 105960
Insert  tid 105960
FindTargetPageId rootid 3 tid 105962
target_page_id id: 11 tid 105962
0 1 tid 105962
130 4 tid 105962
365 2 tid 105962
492 5 tid 105962
619 11 tid 105962
167 tid 105962
Insert  tid 105962
FindTargetPageId rootid 3 tid 105961
target_page_id id: 11 tid 105961
0 1 tid 105961
130 4 tid 105961
365 2 tid 105961
492 5 tid 105961
619 11 tid 105961
168 tid 105961
Remove  tid 105961
FindTargetPageId rootid 3 tid 105960
target_page_id id: 11 tid 105960
0 1 tid 105960
130 4 tid 105960
365 2 tid 105960
492 5 tid 105960
619 11 tid 105960
167 tid 105960
Insert  tid 105960
FindTargetPageId rootid 3 tid 105962
target_page_id id: 11 tid 105962
0 1 tid 105962
130 4 tid 105962
365 2 tid 105962
492 5 tid 105962
619 11 tid 105962
168 tid 105962
Insert  tid 105962
FindTargetPageId rootid 3 tid 105962
target_page_id id: 11 tid 105962
0 1 tid 105962
130 4 tid 105962
365 2 tid 105962
492 5 tid 105962
619 11 tid 105962
169 tid 105962
Insert  tid 105962
FindTargetPageId rootid 3 tid 105962
target_page_id id: 11 tid 105962
0 1 tid 105962
130 4 tid 105962
365 2 tid 105962
492 5 tid 105962
619 11 tid 105962
170 tid 105962
Insert  tid 105962
FindTargetPageId rootid 3 tid 105961
target_page_id id: 11 tid 105961
0 1 tid 105961
130 4 tid 105961
365 2 tid 105961
492 5 tid 105961
619 11 tid 105961
171 tid 105961
Remove  tid 105961
FindTargetPageId rootid 3 tid 105960
target_page_id id: 11 tid 105960
0 1 tid 105960
130 4 tid 105960
365 2 tid 105960
492 5 tid 105960
619 11 tid 105960
170 tid 105960
Insert  tid 105960
FindTargetPageId rootid 3 tid 105962
target_page_id id: 11 tid 105962
0 1 tid 105962
130 4 tid 105962
365 2 tid 105962
492 5 tid 105962
619 11 tid 105962
171 tid 105962
Insert  tid 105962
FindTargetPageId rootid 3 tid 105961
target_page_id id: 11 tid 105961
0 1 tid 105961
130 4 tid 105961
365 2 tid 105961
492 5 tid 105961
619 11 tid 105961
172 tid 105961
Remove  tid 105961
FindTargetPageId rootid 3 tid 105960
target_page_id id: 11 tid 105960
0 1 tid 105960
130 4 tid 105960
365 2 tid 105960
492 5 tid 105960
619 11 tid 105960
171 tid 105960
Insert  tid 105960
FindTargetPageId rootid 3 tid 105962
target_page_id id: 11 tid 105962
0 1 tid 105962
130 4 tid 105962
365 2 tid 105962
492 5 tid 105962
619 11 tid 105962
172 tid 105962
Insert  tid 105962
FindTargetPageId rootid 3 tid 105961
target_page_id id: 11 tid 105961
0 1 tid 105961
130 4 tid 105961
365 2 tid 105961
492 5 tid 105961
619 11 tid 105961
173 tid 105961
Remove  tid 105961
FindTargetPageId rootid 3 tid 105960
target_page_id id: 11 tid 105960
0 1 tid 105960
130 4 tid 105960
365 2 tid 105960
492 5 tid 105960
619 11 tid 105960
172 tid 105960
Insert  tid 105960
FindTargetPageId rootid 3 tid 105962
target_page_id id: 11 tid 105962
0 1 tid 105962
130 4 tid 105962
365 2 tid 105962
492 5 tid 105962
619 11 tid 105962
173 tid 105962
Insert  tid 105962
FindTargetPageId rootid 3 tid 105961
target_page_id id: 11 tid 105961
0 1 tid 105961
130 4 tid 105961
365 2 tid 105961
492 5 tid 105961
619 11 tid 105961
174 tid 105961
Remove  tid 105961
FindTargetPageId rootid 3 tid 105960
target_page_id id: 11 tid 105960
0 1 tid 105960
130 4 tid 105960
365 2 tid 105960
492 5 tid 105960
619 11 tid 105960
173 tid 105960
Insert  tid 105960
FindTargetPageId rootid 3 tid 105962
target_page_id id: 11 tid 105962
0 1 tid 105962
130 4 tid 105962
365 2 tid 105962
492 5 tid 105962
619 11 tid 105962
174 tid 105962
Insert  tid 105962
FindTargetPageId rootid 3 tid 105961
target_page_id id: 11 tid 105961
0 1 tid 105961
130 4 tid 105961
365 2 tid 105961
492 5 tid 105961
619 11 tid 105961
175 tid 105961
Remove  tid 105961
FindTargetPageId rootid 3 tid 105960
target_page_id id: 11 tid 105960
0 1 tid 105960
130 4 tid 105960
365 2 tid 105960
492 5 tid 105960
619 11 tid 105960
174 tid 105960
Insert  tid 105960
FindTargetPageId rootid 3 tid 105960
target_page_id id: 11 tid 105960
0 1 tid 105960
130 4 tid 105960
365 2 tid 105960
492 5 tid 105960
619 11 tid 105960
175 tid 105960
Insert  tid 105960
FindTargetPageId rootid 3 tid 105961
target_page_id id: 11 tid 105961
0 1 tid 105961
130 4 tid 105961
365 2 tid 105961
492 5 tid 105961
619 11 tid 105961
176 tid 105961
Remove  tid 105961
FindTargetPageId rootid 3 tid 105962
target_page_id id: 11 tid 105962
0 1 tid 105962
130 4 tid 105962
365 2 tid 105962
492 5 tid 105962
619 11 tid 105962
175 tid 105962
Insert  tid 105962
FindTargetPageId rootid 3 tid 105962
target_page_id id: 11 tid 105962
0 1 tid 105962
130 4 tid 105962
365 2 tid 105962
492 5 tid 105962
619 11 tid 105962
176 tid 105962
Insert  tid 105962
FindTargetPageId rootid 3 tid 105960
target_page_id id: 11 tid 105960
0 1 tid 105960
130 4 tid 105960
365 2 tid 105960
492 5 tid 105960
619 11 tid 105960
177 tid 105960
Insert  tid 105960
FindTargetPageId rootid 3 tid 105960
target_page_id id: 11 tid 105960
0 1 tid 105960
130 4 tid 105960
365 2 tid 105960
492 5 tid 105960
619 11 tid 105960
178 tid 105960
Insert  tid 105960
FindTargetPageId rootid 3 tid 105962
target_page_id id: 11 tid 105962
0 1 tid 105962
130 4 tid 105962
365 2 tid 105962
492 5 tid 105962
619 11 tid 105962
179 tid 105962
Insert  tid 105962
FindTargetPageId rootid 3 tid 105962
target_page_id id: 11 tid 105962
0 1 tid 105962
130 4 tid 105962
365 2 tid 105962
492 5 tid 105962
619 11 tid 105962
180 tid 105962
Insert  tid 105962
FindTargetPageId rootid 3 tid 105962
target_page_id id: 11 tid 105962
0 1 tid 105962
130 4 tid 105962
365 2 tid 105962
492 5 tid 105962
619 11 tid 105962
181 tid 105962
Insert  tid 105962
FindTargetPageId rootid 3 tid 105962
target_page_id id: 11 tid 105962
0 1 tid 105962
130 4 tid 105962
365 2 tid 105962
492 5 tid 105962
619 11 tid 105962
182 tid 105962
Insert  tid 105962
FindTargetPageId rootid 3 tid 105962
target_page_id id: 11 tid 105962
0 1 tid 105962
130 4 tid 105962
365 2 tid 105962
492 5 tid 105962
619 11 tid 105962
183 tid 105962
Insert  tid 105962
FindTargetPageId rootid 3 tid 105962
target_page_id id: 11 tid 105962
0 1 tid 105962
130 4 tid 105962
365 2 tid 105962
492 5 tid 105962
619 11 tid 105962
184 tid 105962
Insert  tid 105962
FindTargetPageId rootid 3 tid 105962
target_page_id id: 11 tid 105962
0 1 tid 105962
130 4 tid 105962
365 2 tid 105962
492 5 tid 105962
619 11 tid 105962
185 tid 105962
Insert  tid 105962
FindTargetPageId rootid 3 tid 105962
target_page_id id: 11 tid 105962
0 1 tid 105962
130 4 tid 105962
365 2 tid 105962
492 5 tid 105962
619 11 tid 105962
186 tid 105962
Insert  tid 105962
FindTargetPageId rootid 3 tid 105960
target_page_id id: 11 tid 105960
0 1 tid 105960
130 4 tid 105960
365 2 tid 105960
492 5 tid 105960
619 11 tid 105960
187 tid 105960
Insert  tid 105960
FindTargetPageId rootid 3 tid 105961
target_page_id id: 11 tid 105961
0 1 tid 105961
130 4 tid 105961
365 2 tid 105961
492 5 tid 105961
619 11 tid 105961
188 tid 105961
Remove  tid 105961
FindTargetPageId rootid 3 tid 105962
target_page_id id: 11 tid 105962
0 1 tid 105962
130 4 tid 105962
365 2 tid 105962
492 5 tid 105962
619 11 tid 105962
187 tid 105962
Insert  tid 105962
FindTargetPageId rootid 3 tid 105962
target_page_id id: 11 tid 105962
0 1 tid 105962
130 4 tid 105962
365 2 tid 105962
492 5 tid 105962
619 11 tid 105962
188 tid 105962
FindTargetPageId rootid 3 tid 105961
target_page_id id: 11 tid 105961
0 1 tid 105961
130 4 tid 105961
365 2 tid 105961
492 5 tid 105961
619 11 tid 105961
189 tid 105961
FindTargetPageId rootid 3 tid 105960
target_page_id id: 11 tid 105960
0 1 tid 105960
130 4 tid 105960
365 2 tid 105960
492 5 tid 105960
619 11 tid 105960
Remove 188 tid  tid 105960
105961
FindTargetPageId rootid 3 tid 105961
target_page_id id: 11 tid 105961
0 1 tid 105961
130 4 tid 105961
365 2 tid 105961
492 5 tid 105961
619 11 tid Insert  tid 105960105961

189 tid 105961
Remove  tid 105961
FindTargetPageId rootid 3 tid 105961
target_page_id id: 11 tid 105961
0 1 tid 105961
130 4 tid 105961
365 2 tid 105961
492 5 tid 105961
619 11 tid 105961
188 tid 105961
Remove  tid 105961
FindTargetPageId rootid 3 tid 105961
target_page_id id: 11 tid 105961
0 1 tid 105961
130 4 tid 105961
365 2 tid 105961
492 5 tid 105961
619 11 tid 105961
187 tid 105961
Remove  tid 105961
FindTargetPageId rootid 3 tid 105961
target_page_id id: 11 tid 105961
0 1 tid 105961
130 4 tid 105961
365 2 tid 105961
492 5 tid 105961
619 11 tid 105961
186 tid 105961
Remove  tid 105961
FindTargetPageId rootid 3 tid 105961
target_page_id id: 11 tid 105961
0 1 tid 105961
130 4 tid 105961
365 2 tid 105961
492 5 tid 105961
619 11 tid 105961
185 tid 105961
Remove  tid 105961
FindTargetPageId rootid 3 tid 105961
target_page_id id: 11 tid 105961
0 1 tid 105961
130 4 tid 105961
365 2 tid 105961
492 5 tid 105961
619 11 tid 105961
184 tid 105961
Remove  tid 105961
FindTargetPageId rootid 3 tid 105960
target_page_id id: 11 tid 105960
0 1 tid 105960
130 4 tid 105960
365 2 tid 105960
492 5 tid 105960
619 11 tid 105960
183 tid 105960
Insert  tid 105960
FindTargetPageId rootid 3 tid 105961
target_page_id id: 11 tid 105961
0 1 tid 105961
130 4 tid 105961
365 2 tid 105961
492 5 tid 105961
619 11 tid 105961
184 tid 105961
Remove  tid 105961
FindTargetPageId rootid 3 tid 105960
target_page_id id: 11 tid 105960
0 1 tid 105960
130 4 tid 105960
365 2 tid 105960
492 5 tid 105960
619 11 tid 105960
183 tid 105960
Insert  tid 105960
FindTargetPageId rootid 3 tid 105960
target_page_id id: 11 tid 105960
0 1 tid 105960
130 4 tid 105960
365 2 tid 105960
492 5 tid 105960
619 11 tid 105960
184 tid 105960
Insert  tid 105960
FindTargetPageId rootid 3 tid 105961
target_page_id id: 11 tid 105961
0 1 tid 105961
130 4 tid 105961
365 2 tid 105961
492 5 tid 105961
619 11 tid 105961
185 tid 105961
Remove  tid 105961
FindTargetPageId rootid 3 tid 105960
target_page_id id: 11 tid 105960
0 1 tid 105960
130 4 tid 105960
365 2 tid 105960
492 5 tid 105960
619 11 tid 105960
184 tid 105960
Insert  tid 105960
FindTargetPageId rootid 3 tid 105960
target_page_id id: 11 tid 105960
0 1 tid 105960
130 4 tid 105960
365 2 tid 105960
492 5 tid 105960
619 11 tid 105960
185 tid 105960
Insert  tid 105960
FindTargetPageId rootid 3 tid 105960
target_page_id id: 11 tid 105960
0 1 tid 105960
130 4 tid 105960
365 2 tid 105960
492 5 tid 105960
619 11 tid 105960
186 tid 105960
Insert  tid 105960
FindTargetPageId rootid 3 tid 105961
target_page_id id: 11 tid 105961
0 1 tid 105961
130 4 tid 105961
365 2 tid 105961
492 5 tid 105961
619 11 tid 105961
187 tid 105961
Remove  tid 105961
FindTargetPageId rootid 3 tid 105961
target_page_id id: 11 tid 105961
0 1 tid 105961
130 4 tid 105961
365 2 tid 105961
492 5 tid 105961
619 11 tid 105961
186 tid 105961
Remove  tid 105961
FindTargetPageId rootid 3 tid 105960
target_page_id id: 11 tid 105960
0 1 tid 105960
130 4 tid 105960
365 2 tid 105960
492 5 tid 105960
619 11 tid 105960
185 tid 105960
Insert  tid 105960
FindTargetPageId rootid 3 tid 105961
target_page_id id: 11 tid 105961
0 1 tid 105961
130 4 tid 105961
365 2 tid 105961
492 5 tid 105961
619 11 tid 105961
186 tid 105961
Remove  tid 105961
FindTargetPageId rootid 3 tid 105960
target_page_id id: 11 tid 105960
0 1 tid 105960
130 4 tid 105960
365 2 tid 105960
492 5 tid 105960
619 11 tid 105960
185 tid 105960
Insert  tid 105960
FindTargetPageId rootid 3 tid 105960
target_page_id id: 11 tid 105960
0 1 tid 105960
130 4 tid 105960
365 2 tid 105960
492 5 tid 105960
619 11 tid 105960
186 tid 105960
Insert  tid 105960
FindTargetPageId rootid 3 tid 105960
target_page_id id: 11 tid 105960
0 1 tid 105960
130 4 tid 105960
365 2 tid 105960
492 5 tid 105960
619 11 tid 105960
187 tid 105960
Insert  tid 105960
FindTargetPageId rootid 3 tid 105960
target_page_id id: 11 tid 105960
0 1 tid 105960
130 4 tid 105960
365 2 tid 105960
492 5 tid 105960
619 11 tid 105960
188 tid 105960
Insert  tid 105960
FindTargetPageId rootid 3 tid 105960
target_page_id id: 11 tid 105960
0 1 tid 105960
130 4 tid 105960
365 2 tid 105960
492 5 tid 105960
619 11 tid 105960
189 tid 105960
Insert  tid 105960
FindTargetPageId rootid 3 tid 105961
target_page_id id: 11 tid 105961
0 1 tid 105961
130 4 tid 105961
365 2 tid 105961
492 5 tid 105961
619 11 tid 105961
190 tid 105961
Remove  tid 105961
FindTargetPageId rootid 3 tid 105961
target_page_id id: 11 tid 105961
0 1 tid 105961
130 4 tid 105961
365 2 tid 105961
492 5 tid 105961
619 11 tid 105961
189 tid 105961
Remove  tid 105961
FindTargetPageId rootid 3 tid 105960
target_page_id id: 11 tid 105960
0 1 tid 105960
130 4 tid 105960
365 2 tid 105960
492 5 tid 105960
619 11 tid 105960
188 tid 105960
FindTargetPageId rootid 3 tid 105961
target_page_id id: 11 tid 105961
0 1 tid 105961
130 4 tid 105961
365 2 tid 105961
492 5 tid 105961
619 11 tid 105961
189 tid 105961
Remove  tid 105961
FindTargetPageId rootid 3 tid 105961
target_page_id id: 11 tid 105961
0 1 tid 105961
130 4 tid 105961
365 2 tid 105961
492 5 tid 105961
619 11 tid 105961
Insert 188 tid 105961
Remove  tid 105961
FindTargetPageId rootid 3 tid 105961
 tid target_page_id id: 11 tid 105961
0 1 tid 105961
130 4 tid 105961
365 2 tid 105961
492 5 tid 105961
619 11 tid 105961
187 tid 105961
Remove  tid 105960
FindTargetPageId rootid 3 tid 105960
target_page_id id: 11 tid 105960
0 1 tid 105960
130 4 tid 105960
365 2 tid 105960
492 5 tid 105960
619 11 tid 105960
186 tid 105960
Insert  tid 105960
105961
FindTargetPageId rootid 3 tid 105960
target_page_id id: 11 tid 105960
0 1 tid 105960
130 4 tid 105960
365 2 tid 105960
492 5 tid 105960
619 11 tid 105960
187 tid 105960
Insert  tid 105960
FindTargetPageId rootid 3 tid 105961
target_page_id id: 11 tid 105961
0 1 tid 105961
130 4 tid 105961
365 2 tid 105961
492 5 tid 105961
619 11 tid 105961
188 tid 105961
Remove  tid 105961
FindTargetPageId rootid 3 tid 105961
target_page_id id: 11 tid 105961
0 1 tid 105961
130 4 tid 105961
365 2 tid 105961
492 5 tid 105961
619 11 tid 105961
187 tid 105961
Remove  tid 105961
FindTargetPageId rootid 3 tid 105961
target_page_id id: 11 tid 105961
0 1 tid 105961
130 4 tid 105961
365 2 tid 105961
492 5 tid 105961
619 11 tid 105961
186 tid 105961
Remove  tid 105961
FindTargetPageId rootid 3 tid 105961
target_page_id id: 11 tid 105961
0 1 tid 105961
130 4 tid 105961
365 2 tid 105961
492 5 tid 105961
619 11 tid 105961
185 tid 105961
Remove  tid 105961
FindTargetPageId rootid 3 tid 105961
target_page_id id: 11 tid 105961
0 1 tid 105961
130 4 tid 105961
365 2 tid 105961
492 5 tid 105961
619 11 tid 105961
184 tid 105961
Remove  tid 105961
FindTargetPageId rootid 3 tid 105961
target_page_id id: 11 tid 105961
0 1 tid 105961
130 4 tid 105961
365 2 tid 105961
492 5 tid 105961
619 11 tid 105961
183 tid 105961
Remove  tid 105961
FindTargetPageId rootid 3 tid 105961
target_page_id id: 11 tid 105961
0 1 tid 105961
130 4 tid 105961
365 2 tid 105961
492 5 tid 105961
619 11 tid 105961
182 tid 105961
Remove  tid 105961
FindTargetPageId rootid 3 tid 105960
target_page_id id: 11 tid 105960
0 1 tid 105960
130 4 tid 105960
365 2 tid 105960
492 5 tid 105960
619 11 tid 105960
181 tid 105960
Insert  tid 105960
FindTargetPageId rootid 3 tid 105961
target_page_id id: 11 tid 105961
0 1 tid 105961
130 4 tid 105961
365 2 tid 105961
492 5 tid 105961
619 11 tid 105961
182 tid 105961
Remove  tid 105961
FindTargetPageId rootid 3 tid 105960
target_page_id id: 11 tid 105960
0 1 tid 105960
130 4 tid 105960
365 2 tid 105960
492 5 tid 105960
619 11 tid 105960
181 tid 105960
Insert  tid 105960
FindTargetPageId rootid 3 tid 105961
target_page_id id: 11 tid 105961
0 1 tid 105961
130 4 tid 105961
365 2 tid 105961
492 5 tid 105961
619 11 tid 105961
182 tid 105961
Remove  tid 105961
FindTargetPageId rootid 3 tid 105961
target_page_id id: 11 tid 105961
0 1 tid 105961
130 4 tid 105961
365 2 tid 105961
492 5 tid 105961
619 11 tid 105961
181 tid 105961
Remove  tid 105961
FindTargetPageId rootid 3 tid 105961
target_page_id id: 11 tid 105961
0 1 tid 105961
130 4 tid 105961
365 2 tid 105961
492 5 tid 105961
619 11 tid 105961
180 tid 105961
Remove  tid 105961
FindTargetPageId rootid 3 tid 105961
target_page_id id: 11 tid 105961
0 1 tid 105961
130 4 tid 105961
365 2 tid 105961
492 5 tid 105961
619 11 tid 105961
179 tid 105961
Remove  tid 105961
FindTargetPageId rootid 3 tid 105961
target_page_id id: 11 tid 105961
0 1 tid 105961
130 4 tid 105961
365 2 tid 105961
492 5 tid 105961
619 11 tid 105961
178 tid 105961
Remove  tid 105961
FindTargetPageId rootid 3 tid 105960
target_page_id id: 11 tid 105960
0 1 tid 105960
130 4 tid 105960
365 2 tid 105960
492 5 tid 105960
619 11 tid 105960
177 tid 105960
Insert  tid 105960
FindTargetPageId rootid 3 tid 105961
target_page_id id: 11 tid 105961
0 1 tid 105961
130 4 tid 105961
365 2 tid 105961
492 5 tid 105961
619 11 tid 105961
178 tid 105961
Remove  tid 105961
FindTargetPageId rootid 3 tid 105960
target_page_id id: 11 tid 105960
0 1 tid 105960
130 4 tid 105960
365 2 tid 105960
492 5 tid 105960
619 11 tid 105960
177 tid 105960
Insert  tid 105960
FindTargetPageId rootid 3 tid 105961
target_page_id id: 11 tid 105961
0 1 tid 105961
130 4 tid 105961
365 2 tid 105961
492 5 tid 105961
619 11 tid 105961
178 tid 105961
Remove  tid 105961
FindTargetPageId rootid 3 tid 105960
target_page_id id: 11 tid 105960
0 1 tid 105960
130 4 tid 105960
365 2 tid 105960
492 5 tid 105960
619 11 tid 105960
177 tid 105960
Insert  tid 105960
FindTargetPageId rootid 3 tid 105960
target_page_id id: 11 tid 105960
0 1 tid 105960
130 4 tid 105960
365 2 tid 105960
492 5 tid 105960
619 11 tid 105960
178 tid 105960
Insert  tid 105960
FindTargetPageId rootid 3 tid 105960
target_page_id id: 11 tid 105960
0 1 tid 105960
130 4 tid 105960
365 2 tid 105960
492 5 tid 105960
619 11 tid 105960
179 tid 105960
Insert  tid 105960
FindTargetPageId rootid 3 tid 105960
target_page_id id: 11 tid 105960
0 1 tid 105960
130 4 tid 105960
365 2 tid 105960
492 5 tid 105960
619 11 tid 105960
180 tid 105960
Insert  tid 105960
FindTargetPageId rootid 3 tid 105960
target_page_id id: 11 tid 105960
0 1 tid 105960
130 4 tid 105960
365 2 tid 105960
492 5 tid 105960
619 11 tid 105960
181 tid 105960
Insert  tid 105960
FindTargetPageId rootid 3 tid 105960
target_page_id id: 11 tid 105960
0 1 tid 105960
130 4 tid 105960
365 2 tid 105960
492 5 tid 105960
619 11 tid 105960
182 tid 105960
Insert  tid 105960
FindTargetPageId rootid 3 tid 105960
target_page_id id: 11 tid 105960
0 1 tid 105960
130 4 tid 105960
365 2 tid 105960
492 5 tid 105960
619 11 tid 105960
183 tid 105960
Insert  tid 105960
FindTargetPageId rootid 3 tid 105961
target_page_id id: 11 tid 105961
0 1 tid 105961
130 4 tid 105961
365 2 tid 105961
492 5 tid 105961
619 11 tid 105961
184 tid 105961
FindTargetPageId rootid 3 tid 105960
target_page_id id: 11 tid 105960
0 1 tid 105960
130 4 tid 105960
365 2 tid 105960
492 5 tid 105960
619 11 tid 105960
183 tid 105960
Insert  tid 105960
FindTargetPageId rootid 3 tid 105960
target_page_id id: 11 tid 105960
0 1 tid 105960
130 4 tid 105960
365 2 tid 105960
492 5 tid 105960
619 11 tid 105960
184 tid 105960
Insert  tid 105960
FindTargetPageId rootid 3 tid 105960
target_page_id id: 11 tid 105960
0 1 tid 105960
130 4 tid 105960
365 2 tid 105960
492 5 tid 105960
619 11 tid 105960
185 tid 105960
Insert  tid 105960
FindTargetPageId rootid 3 tid 105960
target_page_id id: 11 tid 105960
0 1 tid 105960
130 4 tid 105960
365 2 tid 105960
492 5 tid 105960
619 11 tid 105960
186 tid 105960
Insert  tid 105960
FindTargetPageId rootid 3 tid 105960
target_page_id id: 11 tid 105960
0 1 tid 105960
130 4 tid 105960
365 2 tid 105960
492 5 tid 105960
619 11 tid 105960
187 tid 105960
Insert  tid 105960
FindTargetPageId rootid 3 tid 105960
target_page_id id: 11 tid 105960
0 1 tid 105960
130 4 tid 105960
365 2 tid 105960
492 5 tid 105960
619 11 tid 105960
188 tid 105960
Insert  tid 105960
FindTargetPageId rootid 3 tid 105960
target_page_id id: 11 tid 105960
0 1 tid 105960
130 4 tid 105960
365 2 tid 105960
492 5 tid 105960
619 11 tid 105960
189 tid 105960
Insert  tid 105960
FindTargetPageId rootid 3 tid 105960
target_page_id id: 11 tid 105960
0 1 tid 105960
130 4 tid 105960
365 2 tid 105960
492 5 tid 105960
619 11 tid 105960
190 tid 105960
Insert  tid 105960
FindTargetPageId rootid 3 tid 105960
target_page_id id: 11 tid 105960
0 1 tid 105960
130 4 tid 105960
365 2 tid 105960
492 5 tid 105960
619 11 tid 105960
191 tid 105960
Insert  tid 105960
FindTargetPageId rootid 3 tid 105960
target_page_id id: 11 tid 105960
0 1 tid 105960
130 4 tid 105960
365 2 tid 105960
492 5 tid 105960
619 11 tid 105960
192 tid 105960
Insert  tid 105960
FindTargetPageId rootid 3 tid 105960
target_page_id id: 11 tid 105960
0 1 tid 105960
130 4 tid 105960
365 2 tid 105960
492 5 tid 105960
619 11 tid 105960
193 tid 105960
Insert  tid 105960
FindTargetPageId rootid 3 tid 105960
target_page_id id: 11 tid 105960
0 1 tid 105960
130 4 tid 105960
365 2 tid 105960
492 5 tid 105960
619 11 tid 105960
194 tid 105960
Insert  tid 105960
FindTargetPageId rootid 3 tid 105960
target_page_id id: 11 tid 105960
0 1 tid 105960
130 4 tid 105960
365 2 tid 105960
492 5 tid 105960
619 11 tid 105960
195 tid 105960
Insert  tid 105960
FindTargetPageId rootid 3 tid 105960
target_page_id id: 11 tid 105960
0 1 tid 105960
130 4 tid 105960
365 2 tid 105960
492 5 tid 105960
619 11 tid 105960
196 tid 105960
Insert  tid 105960
FindTargetPageId rootid 3 tid 105960
target_page_id id: 11 tid 105960
0 1 tid 105960
130 4 tid 105960
365 2 tid 105960
492 5 tid 105960
619 11 tid 105960
197 tid 105960
Insert  tid 105960
FindTargetPageId rootid 3 tid 105960
target_page_id id: 11 tid 105960
0 1 tid 105960
130 4 tid 105960
365 2 tid 105960
492 5 tid 105960
619 11 tid 105960
198 tid 105960
Insert  tid 105960
FindTargetPageId rootid 3 tid 105960
target_page_id id: 11 tid 105960
0 1 tid 105960
130 4 tid 105960
365 2 tid 105960
492 5 tid 105960
619 11 tid 105960
199 tid 105960
Insert  tid 105960
FindTargetPageId rootid 3 tid 105960
target_page_id id: 11 tid 105960
0 1 tid 105960
130 4 tid 105960
365 2 tid 105960
492 5 tid 105960
619 11 tid 105960
200 tid 105960
Insert  tid 105960
FindTargetPageId rootid 3 tid 105960
target_page_id id: 11 tid 105960
0 1 tid 105960
130 4 tid 105960
365 2 tid 105960
492 5 tid 105960
619 11 tid 105960
201 tid 105960
Insert  tid 105960
FindTargetPageId rootid 3 tid 105960
target_page_id id: 11 tid 105960
0 1 tid 105960
130 4 tid 105960
365 2 tid 105960
492 5 tid 105960
619 11 tid 105960
202 tid 105960
Insert  tid 105960
FindTargetPageId rootid 3 tid 105960
target_page_id id: 11 tid 105960
0 1 tid 105960
130 4 tid 105960
365 2 tid 105960
492 5 tid 105960
619 11 tid 105960
203 tid 105960
Insert  tid 105960
FindTargetPageId rootid 3 tid 105960
target_page_id id: 11 tid 105960
0 1 tid 105960
130 4 tid 105960
365 2 tid 105960
492 5 tid 105960
619 11 tid 105960
204 tid 105960
Insert  tid 105960
FindTargetPageId rootid 3 tid 105960
target_page_id id: 11 tid 105960
0 1 tid 105960
130 4 tid 105960
365 2 tid 105960
492 5 tid 105960
619 11 tid 105960
205 tid 105960
Insert  tid 105960
FindTargetPageId rootid 3 tid 105960
target_page_id id: 11 tid 105960
0 1 tid 105960
130 4 tid 105960
365 2 tid 105960
492 5 tid 105960
619 11 tid 105960
206 tid 105960
leaf_max_size 254
Insert  tid 105929
Insert  tid 105929
new root page id: 1 tid 105929
Insert  tid 105929
FindTargetPageId rootid 1 tid 105929
1 tid 105929
Insert  tid 105929
FindTargetPageId rootid 1 tid 105929
2 tid 105929
Insert  tid 105929
FindTargetPageId rootid 1 tid 105929
3 tid 105929
Insert  tid 105929
FindTargetPageId rootid 1 tid 105929
4 tid 105929
Insert  tid 105929
FindTargetPageId rootid 1 tid 105929
5 tid 105929
Insert  tid 105929
FindTargetPageId rootid 1 tid 105929
6 tid 105929
Insert  tid 105929
FindTargetPageId rootid 1 tid 105929
7 tid 105929
Insert  tid 105929
FindTargetPageId rootid 1 tid 105929
8 tid 105929
Insert  tid 105929
FindTargetPageId rootid 1 tid 105929
9 tid 105929
Insert  tid 105929
FindTargetPageId rootid 1 tid 105929
10 tid 105929
Insert  tid 105929
FindTargetPageId rootid 1 tid 105929
11 tid 105929
Insert  tid 105929
FindTargetPageId rootid 1 tid 105929
12 tid 105929
Insert  tid 105929
FindTargetPageId rootid 1 tid 105929
13 tid 105929
Insert  tid 105929
FindTargetPageId rootid 1 tid 105929
14 tid 105929
Insert  tid 105929
FindTargetPageId rootid 1 tid 105929
15 tid 105929
Insert  tid 105929
FindTargetPageId rootid 1 tid 105929
16 tid 105929
Insert  tid 105929
FindTargetPageId rootid 1 tid 105929
17 tid 105929
Insert  tid 105929
FindTargetPageId rootid 1 tid 105929
18 tid 105929
Insert  tid 105929
FindTargetPageId rootid 1 tid 105929
19 tid 105929
Insert  tid 105929
FindTargetPageId rootid 1 tid 105929
20 tid 105929
Insert  tid 105929
FindTargetPageId rootid 1 tid 105929
21 tid 105929
Insert  tid 105929
FindTargetPageId rootid 1 tid 105929
22 tid 105929
Insert  tid 105929
FindTargetPageId rootid 1 tid 105929
23 tid 105929
Insert  tid 105929
FindTargetPageId rootid 1 tid 105929
24 tid 105929
Insert  tid 105929
FindTargetPageId rootid 1 tid 105929
25 tid 105929
Insert  tid 105929
FindTargetPageId rootid 1 tid 105929
26 tid 105929
Insert  tid 105929
FindTargetPageId rootid 1 tid 105929
27 tid 105929
Insert  tid 105929
FindTargetPageId rootid 1 tid 105929
28 tid 105929
Insert  tid 105929
FindTargetPageId rootid 1 tid 105929
29 tid 105929
Insert  tid 105929
FindTargetPageId rootid 1 tid 105929
30 tid 105929
Insert  tid 105929
FindTargetPageId rootid 1 tid 105929
31 tid 105929
Insert  tid 105929
FindTargetPageId rootid 1 tid 105929
32 tid 105929
Insert  tid 105929
FindTargetPageId rootid 1 tid 105929
33 tid 105929
Insert  tid 105929
FindTargetPageId rootid 1 tid 105929
34 tid 105929
Insert  tid 105929
FindTargetPageId rootid 1 tid 105929
35 tid 105929
Insert  tid 105929
FindTargetPageId rootid 1 tid 105929
36 tid 105929
Insert  tid 105929
FindTargetPageId rootid 1 tid 105929
37 tid 105929
Insert  tid 105929
FindTargetPageId rootid 1 tid 105929
38 tid 105929
Insert  tid 105929
FindTargetPageId rootid 1 tid 105929
39 tid 105929
Insert  tid 105929
FindTargetPageId rootid 1 tid 105929
40 tid 105929
Insert  tid 105929
FindTargetPageId rootid 1 tid 105929
41 tid 105929
Insert  tid 105929
FindTargetPageId rootid 1 tid 105929
42 tid 105929
Insert  tid 105929
FindTargetPageId rootid 1 tid 105929
43 tid 105929
Insert  tid 105929
FindTargetPageId rootid 1 tid 105929
44 tid 105929
Insert  tid 105929
FindTargetPageId rootid 1 tid 105929
45 tid 105929
Insert  tid 105929
FindTargetPageId rootid 1 tid 105929
46 tid 105929
Insert  tid 105929
FindTargetPageId rootid 1 tid 105929
47 tid 105929
Insert  tid 105929
FindTargetPageId rootid 1 tid 105929
48 tid 105929
Insert  tid 105929
FindTargetPageId rootid 1 tid 105929
49 tid 105929
Insert  tid 105929
FindTargetPageId rootid 1 tid 105929
50 tid 105929
Insert  tid 105929
FindTargetPageId rootid 1 tid 105929
51 tid 105929
Insert  tid 105929
FindTargetPageId rootid 1 tid 105929
52 tid 105929
Insert  tid 105929
FindTargetPageId rootid 1 tid 105929
53 tid 105929
Insert  tid 105929
FindTargetPageId rootid 1 tid 105929
54 tid 105929
Insert  tid 105929
FindTargetPageId rootid 1 tid 105929
55 tid 105929
Insert  tid 105929
FindTargetPageId rootid 1 tid 105929
56 tid 105929
Insert  tid 105929
FindTargetPageId rootid 1 tid 105929
57 tid 105929
Insert  tid 105929
FindTargetPageId rootid 1 tid 105929
58 tid 105929
Insert  tid 105929
FindTargetPageId rootid 1 tid 105929
59 tid 105929
Insert  tid 105929
FindTargetPageId rootid 1 tid 105929
60 tid 105929
Insert  tid 105929
FindTargetPageId rootid 1 tid 105929
61 tid 105929
Insert  tid 105929
FindTargetPageId rootid 1 tid 105929
62 tid 105929
Insert  tid 105929
FindTargetPageId rootid 1 tid 105929
63 tid 105929
Insert  tid 105929
FindTargetPageId rootid 1 tid 105929
64 tid 105929
Insert  tid 105929
FindTargetPageId rootid 1 tid 105929
65 tid 105929
Insert  tid 105929
FindTargetPageId rootid 1 tid 105929
66 tid 105929
Insert  tid 105929
FindTargetPageId rootid 1 tid 105929
67 tid 105929
Insert  tid 105929
FindTargetPageId rootid 1 tid 105929
68 tid 105929
Insert  tid 105929
FindTargetPageId rootid 1 tid 105929
69 tid 105929
Insert  tid 105929
FindTargetPageId rootid 1 tid 105929
70 tid 105929
Insert  tid 105929
FindTargetPageId rootid 1 tid 105929
71 tid 105929
Insert  tid 105929
FindTargetPageId rootid 1 tid 105929
72 tid 105929
Insert  tid 105929
FindTargetPageId rootid 1 tid 105929
73 tid 105929
Insert  tid 105929
FindTargetPageId rootid 1 tid 105929
74 tid 105929
Insert  tid 105929
FindTargetPageId rootid 1 tid 105929
75 tid 105929
Insert  tid 105929
FindTargetPageId rootid 1 tid 105929
76 tid 105929
Insert  tid 105929
FindTargetPageId rootid 1 tid 105929
77 tid 105929
Insert  tid 105929
FindTargetPageId rootid 1 tid 105929
78 tid 105929
Insert  tid 105929
FindTargetPageId rootid 1 tid 105929
79 tid 105929
Insert  tid 105929
FindTargetPageId rootid 1 tid 105929
80 tid 105929
Insert  tid 105929
FindTargetPageId rootid 1 tid 105929
81 tid 105929
Insert  tid 105929
FindTargetPageId rootid 1 tid 105929
82 tid 105929
Insert  tid 105929
FindTargetPageId rootid 1 tid 105929
83 tid 105929
Insert  tid 105929
FindTargetPageId rootid 1 tid 105929
84 tid 105929
Insert  tid 105929
FindTargetPageId rootid 1 tid 105929
85 tid 105929
Insert  tid 105929
FindTargetPageId rootid 1 tid 105929
86 tid 105929
Insert  tid 105929
FindTargetPageId rootid 1 tid 105929
87 tid 105929
Insert  tid 105929
FindTargetPageId rootid 1 tid 105929
88 tid 105929
Insert  tid 105929
FindTargetPageId rootid 1 tid 105929
89 tid 105929
Insert  tid 105929
FindTargetPageId rootid 1 tid 105929
90 tid 105929
Insert  tid 105929
FindTargetPageId rootid 1 tid 105929
91 tid 105929
Insert  tid 105929
FindTargetPageId rootid 1 tid 105929
92 tid 105929
Insert  tid 105929
FindTargetPageId rootid 1 tid 105929
93 tid 105929
Insert  tid 105929
FindTargetPageId rootid 1 tid 105929
94 tid 105929
Insert  tid 105929
FindTargetPageId rootid 1 tid 105929
95 tid 105929
Insert  tid 105929
FindTargetPageId rootid 1 tid 105929
96 tid 105929
Insert  tid 105929
FindTargetPageId rootid 1 tid 105929
97 tid 105929
Insert  tid 105929
FindTargetPageId rootid 1 tid 105929
98 tid 105929
Insert  tid 105929
FindTargetPageId rootid 1 tid 105929
99 tid 105929
Insert  tid 105929
FindTargetPageId rootid 1 tid 105929
100 tid 105929
Insert  tid 105929
FindTargetPageId rootid 1 tid 105929
101 tid 105929
Insert  tid 105929
FindTargetPageId rootid 1 tid 105929
102 tid 105929
Insert  tid 105929
FindTargetPageId rootid 1 tid 105929
103 tid 105929
Insert  tid 105929
FindTargetPageId rootid 1 tid 105929
104 tid 105929
Insert  tid 105929
FindTargetPageId rootid 1 tid 105929
105 tid 105929
Insert  tid 105929
FindTargetPageId rootid 1 tid 105929
106 tid 105929
Insert  tid 105929
FindTargetPageId rootid 1 tid 105929
107 tid 105929
Insert  tid 105929
FindTargetPageId rootid 1 tid 105929
108 tid 105929
Insert  tid 105929
FindTargetPageId rootid 1 tid 105929
109 tid 105929
Insert  tid 105929
FindTargetPageId rootid 1 tid 105929
110 tid 105929
Insert  tid 105929
FindTargetPageId rootid 1 tid 105929
111 tid 105929
Insert  tid 105929
FindTargetPageId rootid 1 tid 105929
112 tid 105929
Insert  tid 105929
FindTargetPageId rootid 1 tid 105929
113 tid 105929
Insert  tid 105929
FindTargetPageId rootid 1 tid 105929
114 tid 105929
Insert  tid 105929
FindTargetPageId rootid 1 tid 105929
115 tid 105929
Insert  tid 105929
FindTargetPageId rootid 1 tid 105929
116 tid 105929
Insert  tid 105929
FindTargetPageId rootid 1 tid 105929
117 tid 105929
Insert  tid 105929
FindTargetPageId rootid 1 tid 105929
118 tid 105929
Insert  tid 105929
FindTargetPageId rootid 1 tid 105929
119 tid 105929
Insert  tid 105929
FindTargetPageId rootid 1 tid 105929
120 tid 105929
Insert  tid 105929
FindTargetPageId rootid 1 tid 105929
121 tid 105929
Insert  tid 105929
FindTargetPageId rootid 1 tid 105929
122 tid 105929
Insert  tid 105929
FindTargetPageId rootid 1 tid 105929
123 tid 105929
Insert  tid 105929
FindTargetPageId rootid 1 tid 105929
124 tid 105929
Insert  tid 105929
FindTargetPageId rootid 1 tid 105929
125 tid 105929
Insert  tid 105929
FindTargetPageId rootid 1 tid 105929
126 tid 105929
Insert  tid 105929
FindTargetPageId rootid 1 tid 105929
127 tid 105929
Insert  tid 105929
FindTargetPageId rootid 1 tid 105929
128 tid 105929
Insert  tid 105929
FindTargetPageId rootid 1 tid 105929
129 tid 105929
Insert  tid 105929
FindTargetPageId rootid 1 tid 105929
130 tid 105929
Insert  tid 105929
FindTargetPageId rootid 1 tid 105929
131 tid 105929
Insert  tid 105929
FindTargetPageId rootid 1 tid 105929
132 tid 105929
Insert  tid 105929
FindTargetPageId rootid 1 tid 105929
133 tid 105929
Insert  tid 105929
FindTargetPageId rootid 1 tid 105929
134 tid 105929
Insert  tid 105929
FindTargetPageId rootid 1 tid 105929
135 tid 105929
Insert  tid 105929
FindTargetPageId rootid 1 tid 105929
136 tid 105929
Insert  tid 105929
FindTargetPageId rootid 1 tid 105929
137 tid 105929
Insert  tid 105929
FindTargetPageId rootid 1 tid 105929
138 tid 105929
Insert  tid 105929
FindTargetPageId rootid 1 tid 105929
139 tid 105929
Insert  tid 105929
FindTargetPageId rootid 1 tid 105929
140 tid 105929
Insert  tid 105929
FindTargetPageId rootid 1 tid 105929
141 tid 105929
Insert  tid 105929
FindTargetPageId rootid 1 tid 105929
142 tid 105929
Insert  tid 105929
FindTargetPageId rootid 1 tid 105929
143 tid 105929
Insert  tid 105929
FindTargetPageId rootid 1 tid 105929
144 tid 105929
Insert  tid 105929
FindTargetPageId rootid 1 tid 105929
145 tid 105929
Insert  tid 105929
FindTargetPageId rootid 1 tid 105929
146 tid 105929
Insert  tid 105929
FindTargetPageId rootid 1 tid 105929
147 tid 105929
Insert  tid 105929
FindTargetPageId rootid 1 tid 105929
148 tid 105929
Insert  tid 105929
FindTargetPageId rootid 1 tid 105929
149 tid 105929
Insert  tid 105929
FindTargetPageId rootid 1 tid 105929
150 tid 105929
Insert  tid 105929
FindTargetPageId rootid 1 tid 105929
151 tid 105929
Insert  tid 105929
FindTargetPageId rootid 1 tid 105929
152 tid 105929
Insert  tid 105929
FindTargetPageId rootid 1 tid 105929
153 tid 105929
Insert  tid 105929
FindTargetPageId rootid 1 tid 105929
154 tid 105929
Insert  tid 105929
FindTargetPageId rootid 1 tid 105929
155 tid 105929
Insert  tid 105929
FindTargetPageId rootid 1 tid 105929
156 tid 105929
Insert  tid 105929
FindTargetPageId rootid 1 tid 105929
157 tid 105929
Insert  tid 105929
FindTargetPageId rootid 1 tid 105929
158 tid 105929
Insert  tid 105929
FindTargetPageId rootid 1 tid 105929
159 tid 105929
Insert  tid 105929
FindTargetPageId rootid 1 tid 105929
160 tid 105929
Insert  tid 105929
FindTargetPageId rootid 1 tid 105929
161 tid 105929
Insert  tid 105929
FindTargetPageId rootid 1 tid 105929
162 tid 105929
Insert  tid 105929
FindTargetPageId rootid 1 tid 105929
163 tid 105929
Insert  tid 105929
FindTargetPageId rootid 1 tid 105929
164 tid 105929
Insert  tid 105929
FindTargetPageId rootid 1 tid 105929
165 tid 105929
Insert  tid 105929
FindTargetPageId rootid 1 tid 105929
166 tid 105929
Insert  tid 105929
FindTargetPageId rootid 1 tid 105929
167 tid 105929
Insert  tid 105929
FindTargetPageId rootid 1 tid 105929
168 tid 105929
Insert  tid 105929
FindTargetPageId rootid 1 tid 105929
169 tid 105929
Insert  tid 105929
FindTargetPageId rootid 1 tid 105929
170 tid 105929
Insert  tid 105929
FindTargetPageId rootid 1 tid 105929
171 tid 105929
Insert  tid 105929
FindTargetPageId rootid 1 tid 105929
172 tid 105929
Insert  tid 105929
FindTargetPageId rootid 1 tid 105929
173 tid 105929
Insert  tid 105929
FindTargetPageId rootid 1 tid 105929
174 tid 105929
Insert  tid 105929
FindTargetPageId rootid 1 tid 105929
175 tid 105929
Insert  tid 105929
FindTargetPageId rootid 1 tid 105929
176 tid 105929
Insert  tid 105929
FindTargetPageId rootid 1 tid 105929
177 tid 105929
Insert  tid 105929
FindTargetPageId rootid 1 tid 105929
178 tid 105929
Insert  tid 105929
FindTargetPageId rootid 1 tid 105929
179 tid 105929
Insert  tid 105929
FindTargetPageId rootid 1 tid 105929
180 tid 105929
Insert  tid 105929
FindTargetPageId rootid 1 tid 105929
181 tid 105929
Insert  tid 105929
FindTargetPageId rootid 1 tid 105929
182 tid 105929
Insert  tid 105929
FindTargetPageId rootid 1 tid 105929
183 tid 105929
Insert  tid 105929
FindTargetPageId rootid 1 tid 105929
184 tid 105929
Insert  tid 105929
FindTargetPageId rootid 1 tid 105929
185 tid 105929
Insert  tid 105929
FindTargetPageId rootid 1 tid 105929
186 tid 105929
Insert  tid 105929
FindTargetPageId rootid 1 tid 105929
187 tid 105929
Insert  tid 105929
FindTargetPageId rootid 1 tid 105929
188 tid 105929
Insert  tid 105929
FindTargetPageId rootid 1 tid 105929
189 tid 105929
Insert  tid 105929
FindTargetPageId rootid 1 tid 105929
190 tid 105929
Insert  tid 105929
FindTargetPageId rootid 1 tid 105929
191 tid 105929
Insert  tid 105929
FindTargetPageId rootid 1 tid 105929
192 tid 105929
Insert  tid 105929
FindTargetPageId rootid 1 tid 105929
193 tid 105929
Insert  tid 105929
FindTargetPageId rootid 1 tid 105929
194 tid 105929
Insert  tid 105929
FindTargetPageId rootid 1 tid 105929
195 tid 105929
Insert  tid 105929
FindTargetPageId rootid 1 tid 105929
196 tid 105929
Insert  tid 105929
FindTargetPageId rootid 1 tid 105929
197 tid 105929
Insert  tid 105929
FindTargetPageId rootid 1 tid 105929
198 tid 105929
Insert  tid 105929
FindTargetPageId rootid 1 tid 105929
199 tid 105929
Insert  tid 105964
Insert  tid 105964
FindTargetPageId rootid 1 tid 105964
200 tid 105964
Insert  tid 105964
Remove  tid 105965
FindTargetPageId rootid 1 tid 105964
201 tid 105964
Insert  tid 105964
FindTargetPageId rootid 1 tid 105964
202 tid 105964
Insert  tid 105964
FindTargetPageId rootid 1 tid 105964
203 tid 105964
Insert  tid 105964
FindTargetPageId rootid 1 tid 105964
204 tid 105964
Insert  tid 105964
FindTargetPageId rootid 1 tid 105964
205 tid 105964
Insert  tid 105964
FindTargetPageId rootid 1 tid 105964
206 tid 105964
Insert  tid 105964
FindTargetPageId rootid 1 tid 105964
207 tid 105964
Insert  tid 105964
FindTargetPageId rootid 1 tid 105964
208 tid 105964
Remove  tid 105965
FindTargetPageId rootid 1 tid 105965
209 tid 105965
Remove  tid 105965
Insert  tid 105964
Insert  tid 105966
FindTargetPageId rootid 1 tid 105965
208 tid 105965
Insert  tid 105966
FindTargetPageId rootid 1 tid 105966
207 tid 105966
Remove  tid 105965
Insert  tid 105966
FindTargetPageId rootid 1 tid 105964
208 tid 105964
Insert  tid 105964
FindTargetPageId rootid 1 tid 105965
209 tid 105965
Remove  tid 105965
FindTargetPageId rootid 1 tid 105966
208 tid 105966
Insert  tid 105966
FindTargetPageId rootid 1 tid 105966
209 tid 105966
Insert  tid 105966
FindTargetPageId rootid 1 tid 105965
210 tid 105965
Remove  tid 105965
FindTargetPageId rootid 1 tid 105964
209 tid 105964
Insert  tid 105964
FindTargetPageId rootid 1 tid 105966
210 tid 105966
Insert  tid 105966
FindTargetPageId rootid 1 tid 105966
211 tid 105966
Insert  tid 105966
FindTargetPageId rootid 1 tid 105966
211 tid 105966
Insert  tid 105966
FindTargetPageId rootid 1 tid 105964
211 tid 105964
Insert  tid 105964
FindTargetPageId rootid 1 tid 105964
212 tid 105964
Insert  tid 105964
FindTargetPageId rootid 1 tid 105966
213 tid 105966
Insert  tid 105966
FindTargetPageId rootid 1 tid 105965
213 tid 105965
Remove  tid 105965
FindTargetPageId rootid 1 tid 105964
212 tid 105964
Insert  tid 105964
FindTargetPageId rootid 1 tid 105964
213 tid 105964
Insert  tid 105964
FindTargetPageId rootid 1 tid 105964
214 tid 105964
Insert  tid 105964
FindTargetPageId rootid 1 tid 105965
215 tid 105965
Remove  tid 105965
FindTargetPageId rootid 1 tid 105966
214 tid 105966
Insert  tid 105966
FindTargetPageId rootid 1 tid 105966
214 tid 105966
Insert  tid 105966
FindTargetPageId rootid 1 tid 105964
214 tid 105964
Insert  tid 105964
FindTargetPageId rootid 1 tid 105965
215 tid 105965
Remove  tid 105965
FindTargetPageId rootid 1 tid 105966
214 tid 105966
Insert  tid 105966
FindTargetPageId rootid 1 tid 105964
214 tid 105964
Insert  tid 105964
FindTargetPageId rootid 1 tid 105965
215 tid 105965
Remove  tid 105965
FindTargetPageId rootid 1 tid 105966
214 tid 105966
Insert  tid 105966
FindTargetPageId rootid 1 tid 105964
214 tid 105964
Insert  tid 105964
FindTargetPageId rootid 1 tid 105965
215 tid 105965
Remove  tid 105965
FindTargetPageId rootid 1 tid 105966
214 tid 105966
Insert  tid 105966
FindTargetPageId rootid 1 tid 105966
214 tid 105966
Insert  tid 105966
FindTargetPageId rootid 1 tid 105964
214 tid 105964
Insert  tid 105964
FindTargetPageId rootid 1 tid 105965
215 tid 105965
Remove  tid 105965
FindTargetPageId rootid 1 tid 105965
214 tid 105965
Remove  tid 105965
FindTargetPageId rootid 1 tid 105965
213 tid 105965
Remove  tid 105965
FindTargetPageId rootid 1 tid 105964
212 tid 105964
Insert  tid 105964
FindTargetPageId rootid 1 tid 105966
213 tid 105966
Insert  tid 105966
FindTargetPageId rootid 1 tid 105966
213 tid 105966
Insert  tid 105966
FindTargetPageId rootid 1 tid 105966
213 tid 105966
Insert  tid 105966
FindTargetPageId rootid 1 tid 105966
213 tid 105966
Insert  tid 105966
FindTargetPageId rootid 1 tid 105966
213 tid 105966
Insert  tid 105966
FindTargetPageId rootid 1 tid 105966
213 tid 105966
Insert  tid 105966
FindTargetPageId rootid 1 tid 105966
213 tid 105966
Insert  tid 105966
FindTargetPageId rootid 1 tid 105966
213 tid 105966
Insert  tid 105966
FindTargetPageId rootid 1 tid 105966
213 tid 105966
Insert  tid 105966
FindTargetPageId rootid 1 tid 105966
214 tid 105966
Insert  tid 105966
FindTargetPageId rootid 1 tid 105966
215 tid 105966
Insert  tid 105966
FindTargetPageId rootid 1 tid 105966
216 tid 105966
Insert  tid 105966
FindTargetPageId rootid 1 tid 105966
217 tid 105966
Insert  tid 105966
FindTargetPageId rootid 1 tid 105966
218 tid 105966
Insert  tid 105966
FindTargetPageId rootid 1 tid 105966
219 tid 105966
Insert  tid 105966
FindTargetPageId rootid 1 tid 105966
220 tid 105966
Insert  tid 105966
FindTargetPageId rootid 1 tid 105966
221 tid 105966
Insert  tid 105966
FindTargetPageId rootid 1 tid 105966
222 tid 105966
Insert  tid 105966
FindTargetPageId rootid 1 tid 105966
223 tid 105966
Insert  tid 105966
FindTargetPageId rootid 1 tid 105966
224 tid 105966
Insert  tid 105966
FindTargetPageId rootid 1 tid 105966
225 tid 105966
Insert  tid 105966
FindTargetPageId rootid 1 tid 105966
226 tid 105966
Insert  tid 105966
FindTargetPageId rootid 1 tid 105966
227 tid 105966
Insert  tid 105966
FindTargetPageId rootid 1 tid 105966
228 tid 105966
Insert  tid 105966
FindTargetPageId rootid 1 tid 105966
229 tid 105966
Insert  tid 105966
FindTargetPageId rootid 1 tid 105966
230 tid 105966
Insert  tid 105966
FindTargetPageId rootid 1 tid 105966
231 tid 105966
Insert  tid 105966
FindTargetPageId rootid 1 tid 105966
232 tid 105966
Insert  tid 105966
FindTargetPageId rootid 1 tid 105966
233 tid 105966
Insert  tid 105966
FindTargetPageId rootid 1 tid 105966
234 tid 105966
Insert  tid 105966
FindTargetPageId rootid 1 tid 105964
235 tid 105964
Insert  tid 105964
FindTargetPageId rootid 1 tid 105964
235 tid 105964
Insert  tid 105964
FindTargetPageId rootid 1 tid 105964
235 tid 105964
Insert  tid 105964
FindTargetPageId rootid 1 tid 105964
235 tid 105964
Insert  tid 105964
FindTargetPageId rootid 1 tid 105964
235 tid 105964
Insert  tid 105964
FindTargetPageId rootid 1 tid 105964
235 tid 105964
Insert  tid 105964
FindTargetPageId rootid 1 tid 105964
235 tid 105964
Insert  tid 105964
FindTargetPageId rootid 1 tid 105965
235 tid 105965
Remove  tid 105965
FindTargetPageId rootid 1 tid 105965
234 tid 105965
Remove  tid 105965
FindTargetPageId rootid 1 tid 105966
233 tid 105966
Insert  tid 105966
FindTargetPageId rootid 1 tid 105966
234 tid 105966
Insert  tid 105966
FindTargetPageId rootid 1 tid 105966
235 tid 105966
Insert  tid 105966
FindTargetPageId rootid 1 tid 105966
236 tid 105966
Insert  tid 105966
FindTargetPageId rootid 1 tid 105966
237 tid 105966
Insert  tid 105966
FindTargetPageId rootid 1 tid 105966
238 tid 105966
Insert  tid 105966
FindTargetPageId rootid 1 tid 105966
239 tid 105966
Insert  tid 105966
FindTargetPageId rootid 1 tid 105966
240 tid 105966
Insert  tid 105966
FindTargetPageId rootid 1 tid 105966
241 tid 105966
Insert  tid 105966
FindTargetPageId rootid 1 tid 105966
242 tid 105966
Insert  tid 105966
FindTargetPageId rootid 1 tid 105966
243 tid 105966
Insert  tid 105966
FindTargetPageId rootid 1 tid 105966
244 tid 105966
Insert  tid 105966
FindTargetPageId rootid 1 tid 105966
245 tid 105966
Insert  tid 105966
FindTargetPageId rootid 1 tid 105965
246 tid 105965
Remove  tid 105965
FindTargetPageId rootid 1 tid 105965
245 tid 105965
Remove  tid 105965
FindTargetPageId rootid 1 tid 105965
244 tid 105965
Remove  tid 105965
FindTargetPageId rootid 1 tid 105965
243 tid 105965
Remove  tid 105965
FindTargetPageId rootid 1 tid 105965
242 tid 105965
Remove  tid 105965
FindTargetPageId rootid 1 tid 105964
241 tid 105964
Insert  tid 105964
FindTargetPageId rootid 1 tid 105964
241 tid 105964
Insert  tid 105964
FindTargetPageId rootid 1 tid 105964
241 tid 105964
Insert  tid 105964
FindTargetPageId rootid 1 tid 105964
241 tid 105964
Insert  tid 105964
FindTargetPageId rootid 1 tid 105964
241 tid 105964
Insert  tid 105964
FindTargetPageId rootid 1 tid 105964
241 tid 105964
Insert  tid 105964
FindTargetPageId rootid 1 tid 105964
241 tid 105964
Insert  tid 105964
FindTargetPageId rootid 1 tid 105966
241 tid 105966
Insert  tid 105966
FindTargetPageId rootid 1 tid 105966
242 tid 105966
Insert  tid 105966
FindTargetPageId rootid 1 tid 105966
243 tid 105966
Insert  tid 105966
FindTargetPageId rootid 1 tid 105966
244 tid 105966
Insert  tid 105966
FindTargetPageId rootid 1 tid 105966
245 tid 105966
Insert  tid 105966
FindTargetPageId rootid 1 tid 105966
246 tid 105966
Insert  tid 105966
FindTargetPageId rootid 1 tid 105966
247 tid 105966
Insert  tid 105966
FindTargetPageId rootid 1 tid 105966
248 tid 105966
Insert  tid 105966
FindTargetPageId rootid 1 tid 105964
249 tid 105964
Insert  tid 105964
FindTargetPageId rootid 1 tid 105964
249 tid 105964
Insert  tid 105964
FindTargetPageId rootid 1 tid 105964
249 tid 105964
Insert  tid 105964
FindTargetPageId rootid 1 tid 105964
249 tid 105964
Insert  tid 105964
FindTargetPageId rootid 1 tid 105966
249 tid 105966
Insert  tid 105966
FindTargetPageId rootid 1 tid 105966
250 tid 105966
Insert  tid 105966
FindTargetPageId rootid 1 tid 105966
251 tid 105966
Insert  tid 105966
FindTargetPageId rootid 1 tid 105965
252 tid 105965
Remove  tid 105965
FindTargetPageId rootid 1 tid 105965
251 tid 105965
Remove  tid 105965
FindTargetPageId rootid 1 tid 105966
250 tid 105966
Insert  tid 105966
FindTargetPageId rootid 1 tid 105966
251 tid 105966
Insert  tid 105966
FindTargetPageId rootid 1 tid 105966
252 tid 105966
Insert  tid 105966
FindTargetPageId rootid 1 tid 105966
253 tid 105966
Insert  tid 105966
FindTargetPageId rootid 1 tid 105966
254 tid 105966
Insert  tid 105966
FindTargetPageId rootid 3 tid 105965
target_page_id id: 1 tid 105965
0 1 tid 105965
365 2 tid 105965
127 tid 105965
Remove  tid FindTargetPageId rootid 1059651
 tid 105964
254 tid 105964
Insert  tid 105964
FindTargetPageId rootid 1 tid 105966
254 tid 105966
Insert  tid FindTargetPageId rootid 1059665 tid 
105965
target_page_id id: 1 tid 105965
0 1 tid 105965
365 4 tid 105965
127 tid 105965
Remove  tid 105965
FindTargetPageId rootid 1 tid 105964
254 tid 105964
Insert  tid 105964
FindTargetPageId rootid 1 tid 105966
254 tid 105966
Insert  tid 105966
FindTargetPageId rootid 7 tid 105965
target_page_id id: 1 tid 105965
0 1 tid 105965
365 6 tid 105965
127 tid 105965
Remove  tid 105965
FindTargetPageId rootid 1 tid 105965
254 tid 105965
Remove  tid 105965
FindTargetPageId rootid 1 tid 105964
253 tid 105964
Insert  tid 105964
FindTargetPageId rootid 1 tid 105964
253 tid 105964
Insert  tid 105964
FindTargetPageId rootid 1 tid 105965
253 tid 105965
Remove  tid 105965
FindTargetPageId rootid 1 tid 105966
252 tid 105966
Insert  tid 105966
FindTargetPageId rootid 1 tid 105966
253 tid 105966
Insert  tid 105966
FindTargetPageId rootid 1 tid 105966
254 tid 105966
Insert  tid 105966
FindTargetPageId rootid 9 tid 105964
target_page_id id: 1 tid 105964
0 1 tid 105964
365 8 tid 105964
127 tid 105964
Insert  tid 105964
FindTargetPageId rootid 9 tid 105965
target_page_id id: 1 tid 105965
0 1 tid 105965
365 8 tid 105965
127 tid 105965
Remove  tid 105965
FindTargetPageId rootid 1 tid 105966
254 tid 105966
Insert  tid 105966
FindTargetPageId rootid 11 tid 105964
target_page_id id: 1 tid 105964
0 1 tid 105964
365 10 tid 105964
127 tid 105964
Insert  tid 105964
FindTargetPageId rootid 11 tid 105965
target_page_id id: 1 tid 105965
0 1 tid 105965
365 10 tid 105965
127 tid 105965
Remove  tid 105965
FindTargetPageId rootid 1 tid 105966
254 tid 105966
Insert  tid 105966
FindTargetPageId rootid 13 tid 105964
target_page_id id: 1 tid 105964
0 1 tid 105964
365 12 tid 105964
127 tid 105964
Insert  tid 105964
FindTargetPageId rootid 13 tid 105965
target_page_id id: 1 tid 105965
0 1 tid 105965
365 12 tid 105965
127 tid 105965
Remove  tid 105965
FindTargetPageId rootid 1 tid 105966
254 tid 105966
Insert  tid 105966
FindTargetPageId rootid 15 tid 105966
target_page_id id: 1 tid 105966
0 1 tid 105966
365 14 tid 105966
127 tid 105966
Insert  tid 105966
FindTargetPageId rootid 15 tid 105966
target_page_id id: 1 tid 105966
0 1 tid 105966
365 14 tid 105966
128 tid 105966
Insert  tid 105966
FindTargetPageId rootid 15 tid 105966
target_page_id id: 1 tid 105966
0 1 tid 105966
365 14 tid 105966
129 tid 105966
Insert  tid 105966
FindTargetPageId rootid 15 tid 105965
target_page_id id: 1 tid 105965
0 1 tid 105965
365 14 tid 105965
130 tid 105965
Remove  tid 105965
FindTargetPageId rootid 15 tid 105964
target_page_id id: 1 tid 105964
0 1 tid 105964
365 14 tid 105964
129 tid 105964
Insert  tid 105964
FindTargetPageId rootid 15 tid 105964
target_page_id id: 1 tid 105964
0 1 tid 105964
365 14 tid 105964
129 tid 105964
Insert  tid 105964
FindTargetPageId rootid 15 tid 105965
target_page_id id: 1 tid 105965
0 1 tid 105965
365 14 tid 105965
129 tid 105965
Remove  tid 105965
FindTargetPageId rootid 15 tid 105966
target_page_id id: 1 tid 105966
0 1 tid 105966
365 14 tid 105966
128 tid 105966
Insert  tid 105966
FindTargetPageId rootid 15 tid 105964
target_page_id id: 1 tid 105964
0 1 tid 105964
365 14 tid 105964
129 tid 105964
Insert  tid 105964
FindTargetPageId rootid 15 tid 105965
target_page_id id: 1 tid 105965
0 1 tid 105965
365 14 tid 105965
129 tid 105965
Remove  tid 105965
FindTargetPageId rootid 15 tid 105966
target_page_id id: 1 tid 105966
0 1 tid 105966
365 14 tid 105966
128 tid 105966
Insert  tid 105966
FindTargetPageId rootid 15 tid 105964
target_page_id id: 1 tid 105964
0 1 tid 105964
365 14 tid 105964
129 tid 105964
Insert  tid 105964
FindTargetPageId rootid 15 tid 105965
target_page_id id: 1 tid 105965
0 1 tid 105965
365 14 tid 105965
129 tid 105965
Remove  tid 105965
FindTargetPageId rootid 15 tid 105966
target_page_id id: 1 tid 105966
0 1 tid 105966
365 14 tid 105966
128 tid 105966
Insert  tid 105966
FindTargetPageId rootid 15 tid 105966
target_page_id id: 1 tid 105966
0 1 tid 105966
365 14 tid 105966
129 tid 105966
Insert  tid 105966
FindTargetPageId rootid 15 tid 105966
target_page_id id: 1 tid 105966
0 1 tid 105966
365 14 tid 105966
130 tid 105966
Insert  tid 105966
FindTargetPageId rootid 15 tid 105965
target_page_id id: 1 tid 105965
0 1 tid 105965
365 14 tid 105965
131 tid 105965
Remove  tid 105965
FindTargetPageId rootid 15 tid 105965
target_page_id id: 1 tid 105965
0 1 tid 105965
365 14 tid 105965
130 tid 105965
Remove  tid 105965
FindTargetPageId rootid 15 tid 105966
target_page_id id: 1 tid 105966
0 1 tid 105966
365 14 tid 105966
129 tid 105966
Insert  tid 105966
FindTargetPageId rootid 15 tid 105966
target_page_id id: 1 tid 105966
0 1 tid 105966
365 14 tid 105966
130 tid 105966
Insert  tid 105966
FindTargetPageId rootid 15 tid 105965
target_page_id id: 1 tid 105965
0 1 tid 105965
365 14 tid 105965
131 tid 105965
Remove  tid 105965
FindTargetPageId rootid 15 tid 105965
target_page_id id: 1 tid 105965
0 1 tid 105965
365 14 tid 105965
130 tid 105965
Remove  tid 105965
FindTargetPageId rootid 15 tid 105966
target_page_id id: 1 tid 105966
0 1 tid 105966
365 14 tid 105966
129 tid 105966
Insert  tid 105966
FindTargetPageId rootid 15 tid 105966
target_page_id id: 1 tid 105966
0 1 tid 105966
365 14 tid 105966
130 tid 105966
Insert  tid 105966
FindTargetPageId rootid 15 tid 105965
target_page_id id: 1 tid 105965
0 1 tid 105965
365 14 tid 105965
131 tid 105965
Remove  tid 105965
FindTargetPageId rootid 15 tid 105964
target_page_id id: 1 tid 105964
0 1 tid 105964
365 14 tid 105964
130 tid 105964
Insert  tid 105964
FindTargetPageId rootid 15 tid 105966
target_page_id id: 1 tid 105966
0 1 tid 105966
365 14 tid 105966
130 tid 105966
Insert  tid 105966
FindTargetPageId rootid 15 tid 105966
target_page_id id: 1 tid 105966
0 1 tid 105966
365 14 tid 105966
131 tid 105966
Insert  tid 105966
FindTargetPageId rootid 15 tid 105966
target_page_id id: 1 tid 105966
0 1 tid 105966
365 14 tid 105966
132 tid 105966
Insert  tid 105966
FindTargetPageId rootid 15 tid 105965
target_page_id id: 1 tid 105965
0 1 tid 105965
365 14 tid 105965
133 tid 105965
Remove  tid 105965
FindTargetPageId rootid 15 tid 105964
target_page_id id: 1 tid 105964
0 1 tid 105964
365 14 tid 105964
132 tid 105964
Insert  tid 105964
FindTargetPageId rootid 15 tid 105966
target_page_id id: 1 tid 105966
0 1 tid 105966
365 14 tid 105966
132 tid 105966
Insert  tid 105966
FindTargetPageId rootid 15 tid 105966
target_page_id id: 1 tid 105966
0 1 tid 105966
365 14 tid 105966
133 tid 105966
Insert  tid 105966
FindTargetPageId rootid 15 tid 105964
target_page_id id: 1 tid 105964
0 1 tid 105964
365 14 tid 105964
134 tid 105964
Insert  tid 105964
FindTargetPageId rootid 15 tid 105965
target_page_id id: 1 tid 105965
0 1 tid 105965
365 14 tid 105965
134 tid 105965
Remove  tid 105965
FindTargetPageId rootid 15 tid 105966
target_page_id id: 1 tid 105966
0 1 tid 105966
365 14 tid 105966
133 tid 105966
Insert  tid 105966
FindTargetPageId rootid 15 tid 105964
target_page_id id: 1 tid 105964
0 1 tid 105964
365 14 tid 105964
134 tid 105964
FindTargetPageId rootid 15 tid 105965
target_page_id id: 1 tid 105965
0 1 tid 105965
365 14 tid 105965
134 tid 105965
Insert  tid 105964
FindTargetPageId rootid 15 tid 105966
target_page_id id: 1 tid 105966
0 1 tid 105966
365 14 tid 105966
Remove 133 tid  tid 105966
105965
Insert  tid 105966
FindTargetPageId rootid 15 tid 105965
target_page_id id: 1 tid 105965
0 1 tid 105965
365 14 tid 105965
134 tid 105965
Remove  tid 105965
FindTargetPageId rootid 15 tid 105966
target_page_id id: 1 tid 105966
0 1 tid 105966
365 14 tid 105966
133 tid 105966
Insert  tid 105966
FindTargetPageId rootid 15 tid 105964
target_page_id id: 1 tid 105964
0 1 tid 105964
365 14 tid 105964
134 tid 105964
Insert  tid 105964
FindTargetPageId rootid 15 tid 105965
target_page_id id: 1 tid 105965
0 1 tid 105965
365 14 tid 105965
134 tid 105965
Remove  tid 105965
FindTargetPageId rootid 15 tid 105966
target_page_id id: 1 tid 105966
0 1 tid 105966
365 14 tid 105966
133 tid 105966
FindTargetPageId rootid 15 tid Insert  tid 105964
target_page_id id: 1 tid 105964
0 1 tid 105964
365 14 tid 105964
105966
134 tid 105964
Insert  tid 105964
FindTargetPageId rootid 15 tid 105965
target_page_id id: 1 tid 105965
0 1 tid 105965
365 14 tid 105965
134 tid 105965
Remove  tid 105965
FindTargetPageId rootid 15 tid 105965
target_page_id id: 1 tid 105965
0 1 tid 105965
365 14 tid 105965
133 tid 105965
Remove  tid 105965
FindTargetPageId rootid 15 tid 105966
target_page_id id: 1 tid 105966
0 1 tid 105966
365 14 tid 105966
132 tid 105966
Insert  tid 105966
FindTargetPageId rootid 15 tid 105966
target_page_id id: 1 tid 105966
0 1 tid 105966
365 14 tid 105966
133 tid 105966
Insert  tid 105966
FindTargetPageId rootid 15 tid 105965
target_page_id id: 1 tid 105965
0 1 tid 105965
365 14 tid 105965
134 tid 105965
Remove  tid 105965
FindTargetPageId rootid 15 tid 105965
target_page_id id: 1 tid 105965
0 1 tid 105965
365 14 tid 105965
133 tid 105965
Remove  tid 105965
FindTargetPageId rootid 15 tid 105966
target_page_id id: 1 tid 105966
0 1 tid 105966
365 14 tid 105966
132 tid 105966
Insert  tid 105966
FindTargetPageId rootid 15 tid 105964
target_page_id id: 1 tid 105964
0 1 tid 105964
365 14 tid 105964
133 tid 105964
Insert  tid 105964
FindTargetPageId rootid 15 tid 105965
target_page_id id: 1 tid 105965
0 1 tid 105965
365 14 tid 105965
133 tid 105965
Remove  tid 105965
FindTargetPageId rootid 15 tid 105966
target_page_id id: 1 tid 105966
0 1 tid 105966
365 14 tid 105966
132 tid 105966
Insert  tid 105966
FindTargetPageId rootid 15 tid 105964
target_page_id id: 1 tid 105964
0 1 tid 105964
365 14 tid 105964
133 tid 105964
Insert  tid 105964
FindTargetPageId rootid 15 tid 105964
target_page_id id: 1 tid 105964
0 1 tid 105964
365 14 tid 105964
133 tid 105964
Insert  tid 105964
FindTargetPageId rootid 15 tid 105964
target_page_id id: 1 tid 105964
0 1 tid 105964
365 14 tid 105964
133 tid 105964
Insert  tid 105964
FindTargetPageId rootid 15 tid 105965
target_page_id id: 1 tid 105965
0 1 tid 105965
365 14 tid 105965
133 tid 105965
Remove  tid 105965
FindTargetPageId rootid 15 tid 105965
target_page_id id: 1 tid 105965
0 1 tid 105965
365 14 tid 105965
132 tid 105965
Remove  tid 105965
FindTargetPageId rootid 15 tid 105965
target_page_id id: 1 tid 105965
0 1 tid 105965
365 14 tid 105965
131 tid 105965
Remove  tid 105965
FindTargetPageId rootid 15 tid 105965
target_page_id id: 1 tid 105965
0 1 tid 105965
365 14 tid 105965
130 tid 105965
Remove  tid 105965
FindTargetPageId rootid 15 tid 105965
target_page_id id: 1 tid 105965
0 1 tid 105965
365 14 tid 105965
129 tid 105965
Remove  tid 105965
FindTargetPageId rootid 15 tid 105965
target_page_id id: 1 tid 105965
0 1 tid 105965
365 14 tid 105965
128 tid 105965
Remove  tid 105965
FindTargetPageId rootid 15 tid 105965
target_page_id id: 1 tid 105965
0 1 tid 105965
365 14 tid 105965
127 tid 105965
Remove  tid 105965
FindTargetPageId rootid 1 tid 105966
254 tid 105966
Insert  tid 105966
FindTargetPageId rootid 17 tid 105966
target_page_id id: 1 tid 105966
0 1 tid 105966
365 16 tid 105966
127 tid 105966
Insert  tid 105966
FindTargetPageId rootid 17 tid 105966
target_page_id id: 1 tid 105966
0 1 tid 105966
365 16 tid 105966
128 tid 105966
Insert  tid 105966
FindTargetPageId rootid 17 tid 105966
target_page_id id: 1 tid 105966
0 1 tid 105966
365 16 tid 105966
129 tid 105966
Insert  tid 105966
FindTargetPageId rootid 17 tid 105966
target_page_id id: 1 tid 105966
0 1 tid 105966
365 16 tid 105966
130 tid 105966
Insert  tid 105966
FindTargetPageId rootid 17 tid 105965
target_page_id id: 1 tid 105965
0 1 tid 105965
365 16 tid 105965
131 tid 105965
Remove  tid 105965
FindTargetPageId rootid 17 tid 105965
target_page_id id: 1 tid 105965
0 1 tid 105965
365 16 tid 105965
130 tid 105965
Remove  tid 105965
FindTargetPageId rootid 17 tid 105965
target_page_id id: 1 tid 105965
0 1 tid 105965
365 16 tid 105965
129 tid 105965
Remove  tid 105965
FindTargetPageId rootid 17 tid 105965
target_page_id id: 1 tid 105965
0 1 tid 105965
365 16 tid 105965
128 tid 105965
Remove  tid 105965
FindTargetPageId rootid 17 tid 105965
target_page_id id: 1 tid 105965
0 1 tid 105965
365 16 tid 105965
127 tid 105965
Remove  tid 105965
FindTargetPageId rootid 1 tid 105966
254 tid 105966
Insert  tid 105966
FindTargetPageId rootid 19 tid 105964
target_page_id id: 1 tid 105964
0 1 tid 105964
365 18 tid 105964
127 tid 105964
Insert  tid 105964
FindTargetPageId rootid 19 tid 105965
target_page_id id: 1 tid 105965
0 1 tid 105965
365 18 tid 105965
127 tid 105965
Remove  tid 105965
FindTargetPageId rootid 1 tid 105966
254 tid 105966
Insert  tid 105966
FindTargetPageId rootid 21 tid 105964
target_page_id id: 1 tid 105964
0 1 tid 105964
365 20 tid 105964
127 tid 105964
Insert  tid 105964
FindTargetPageId rootid 21 tid 105965
target_page_id id: 1 tid 105965
0 1 tid 105965
365 20 tid 105965
127 tid 105965
Remove  tid FindTargetPageId rootid 1 tid 105965
105966
254 tid 105966
Insert  tid 105966
FindTargetPageId rootid 23 tid 105964
target_page_id id: 1 tid 105964
0 1 tid 105964
365 22 tid 105964
127 tid 105964
Insert  tid 105964
FindTargetPageId rootid 23 tid 105964
target_page_id id: 1 tid 105964
0 1 tid 105964
365 22 tid 105964
127 tid 105964
Insert  tid 105964
FindTargetPageId rootid 23 tid 105964
target_page_id id: 1 tid 105964
0 1 tid 105964
365 22 tid 105964
127 tid 105964
Insert  tid 105964
FindTargetPageId rootid 23 tid 105964
target_page_id id: 1 tid 105964
0 1 tid 105964
365 22 tid 105964
127 tid 105964
Insert  tid 105964
FindTargetPageId rootid 23 tid 105964
target_page_id id: 1 tid 105964
0 1 tid 105964
365 22 tid 105964
127 tid 105964
Insert  tid 105964
FindTargetPageId rootid 23 tid 105964
target_page_id id: 1 tid 105964
0 1 tid 105964
365 22 tid 105964
127 tid 105964
Insert  tid 105964
FindTargetPageId rootid 23 tid 105964
target_page_id id: 1 tid 105964
0 1 tid 105964
365 22 tid 105964
127 tid 105964
Insert  tid 105964
FindTargetPageId rootid 23 tid 105964
target_page_id id: 1 tid 105964
0 1 tid 105964
365 22 tid 105964
127 tid 105964
Insert  tid 105964
FindTargetPageId rootid 23 tid 105965
target_page_id id: 1 tid 105965
0 1 tid 105965
365 22 tid 105965
127 tid 105965
Remove  tid 105965
FindTargetPageId rootid 1 tid 105966
254 tid 105966
Insert  tid 105966
FindTargetPageId rootid 25 tid 105964
target_page_id id: 1 tid 105964
0 1 tid 105964
365 24 tid 105964
127 tid 105964
Insert  tid 105964
FindTargetPageId rootid 25 tid 105964
target_page_id id: 1 tid 105964
0 1 tid 105964
365 24 tid 105964
127 tid 105964
Insert  tid 105964
FindTargetPageId rootid 25 tid 105964
target_page_id id: 1 tid 105964
0 1 tid 105964
365 24 tid 105964
127 tid 105964
Insert  tid 105964
FindTargetPageId rootid 25 tid 105964
target_page_id id: 1 tid 105964
0 1 tid 105964
365 24 tid 105964
127 tid 105964
Insert  tid 105964
FindTargetPageId rootid 25 tid 105964
target_page_id id: 1 tid 105964
0 1 tid 105964
365 24 tid 105964
127 tid 105964
Insert  tid 105964
FindTargetPageId rootid 25 tid 105965
target_page_id id: 1 tid 105965
0 1 tid 105965
365 24 tid 105965
127 tid 105965
Remove  tid 105965
FindTargetPageId rootid 1 tid 105966
254 tid 105966
Insert  tid 105966
FindTargetPageId rootid 27 tid 105964
target_page_id id: 1 tid 105964
0 1 tid 105964
365 26 tid 105964
127 tid 105964
Insert  tid 105964
FindTargetPageId rootid 27 tid 105965
target_page_id id: 1 tid 105965
0 1 tid 105965
365 26 tid 105965
127 tid 105965
Remove  tid 105965
FindTargetPageId rootid 1 tid 105966
254 tid 105966
Insert  tid 105966
FindTargetPageId rootid 29 tid 105964
target_page_id id: 1 tid 105964
0 1 tid 105964
365 28 tid 105964
127 tid 105964
Insert  tid 105964
FindTargetPageId rootid 29 tid 105965
target_page_id id: 1 tid 105965
0 1 tid 105965
365 28 tid 105965
127 tid 105965
Remove  tid 105965
FindTargetPageId rootid 1 tid 105966
254 tid 105966
Insert  tid 105966
FindTargetPageId rootid 31 tid 105964
target_page_id id: 1 tid 105964
0 1 tid 105964
365 30 tid 105964
127 tid 105964
Insert  tid 105964
FindTargetPageId rootid 31 tid 105965
target_page_id id: 1 tid 105965
0 1 tid 105965
365 30 tid 105965
127 tid 105965
Remove  tid 105965
FindTargetPageId rootid 1 tid 105966
254 tid 105966
Insert  tid 105966
FindTargetPageId rootid 33 tid 105964
target_page_id id: 1 tid 105964
0 1 tid 105964
365 32 tid 105964
127 tid 105964
Insert  tid 105964
FindTargetPageId rootid 33 tid 105964
target_page_id id: 1 tid 105964
0 1 tid 105964
365 32 tid 105964
127 tid 105964
Insert  tid 105964
FindTargetPageId rootid 33 tid 105964
target_page_id id: 1 tid 105964
0 1 tid 105964
365 32 tid 105964
127 tid 105964
Insert  tid 105964
FindTargetPageId rootid 33 tid 105964
target_page_id id: 1 tid 105964
0 1 tid 105964
365 32 tid 105964
127 tid 105964
Insert  tid 105964
FindTargetPageId rootid 33 tid 105964
target_page_id id: 1 tid 105964
0 1 tid 105964
365 32 tid 105964
127 tid 105964
Insert  tid 105964
FindTargetPageId rootid 33 tid 105965
target_page_id id: 1 tid 105965
0 1 tid 105965
365 32 tid 105965
127 tid 105965
Remove  tid 105965
FindTargetPageId rootid 1 tid 105965
254 tid 105965
Remove  tid 105965
FindTargetPageId rootid 1 tid 105965
253 tid 105965
Remove  tid 105965
FindTargetPageId rootid 1 tid 105964
252 tid 105964
Insert  tid 105964
FindTargetPageId rootid 1 tid 105964
252 tid 105964
Insert  tid 105964
FindTargetPageId rootid 1 tid 105964
252 tid 105964
Insert  tid 105964
FindTargetPageId rootid 1 tid 105966
252 tid 105966
Insert  tid 105966
FindTargetPageId rootid 1 tid 105965
253 tid 105965
Remove  tid 105965
FindTargetPageId rootid 1 tid 105964
252 tid 105964
Insert  tid 105964
FindTargetPageId rootid 1 tid 105966
252 tid 105966
Insert  tid 105966
FindTargetPageId rootid 1 tid 105966
253 tid 105966
Insert  tid 105966
FindTargetPageId rootid 1 tid 105966
254 tid 105966
Insert  tid 105966
FindTargetPageId rootid 35 tid 105965
target_page_id id: 1 tid 105965
0 1 tid 105965
365 34 tid 105965
127 tid 105965
Remove  tid 105965
FindTargetPageId rootid 1 tid 105964
254 tid 105964
Insert  tid 105964
FindTargetPageId rootid 1 tid 105964
254 tid 105964
Insert  tid 105964
FindTargetPageId rootid 1 tid 105965
254 tid 105965
Remove  tid 105965
FindTargetPageId rootid 1 tid 105966
253 tid 105966
Insert  tid 105966
FindTargetPageId rootid 1 tid 105966
254 tid 105966
Insert  tid 105966
FindTargetPageId rootid 37 tid 105965
target_page_id id: 1 tid 105965
0 1 tid 105965
365 36 tid 105965
127 tid 105965
Remove  tid 105965
FindTargetPageId rootid 1 tid 105965
254 tid 105965
Remove  tid 105965
FindTargetPageId rootid 1 tid 105966
253 tid 105966
Insert  tid 105966
FindTargetPageId rootid 1 tid 105966
254 tid 105966
Insert  tid 105966
FindTargetPageId rootid 39 tid 105965
target_page_id id: 1 tid 105965
0 1 tid 105965
365 38 tid 105965
127 tid 105965
Remove  tid 105965
FindTargetPageId rootid 1 tid 105964
254 tid 105964
Insert  tid 105964
FindTargetPageId rootid 1 tid 105964
254 tid 105964
Insert  tid 105964
FindTargetPageId rootid 1 tid 105964
254 tid 105964
Insert  tid 105964
FindTargetPageId rootid 1 tid 105966
254 tid 105966
Insert  tid 105966
FindTargetPageId rootid 41 tid 105965
target_page_id id: 1 tid 105965
0 1 tid 105965
365 40 tid 105965
127 tid 105965
Remove  tid 105965
FindTargetPageId rootid 1 tid 105964
254 tid 105964
Insert  tid 105964
FindTargetPageId rootid 1 tid 105966
254 tid 105966
Insert  tid 105966
FindTargetPageId rootid 43 tid 105965
target_page_id id: 1 tid 105965
0 1 tid 105965
365 42 tid 105965
127 tid 105965
Remove  tid 105965
FindTargetPageId rootid 1 tid 105964
254 tid 105964
Insert  tid 105964
FindTargetPageId rootid 1 tid 105966
254 tid 105966
Insert  tid 105966
FindTargetPageId rootid 45 tid 105965
target_page_id id: 1 tid 105965
0 1 tid 105965
365 44 tid 105965
127 tid 105965
Remove  tid 105965
FindTargetPageId rootid 1 tid 105964
254 tid 105964
Insert  tid 105964
FindTargetPageId rootid 1 tid 105966
254 tid 105966
Insert  tid 105966
FindTargetPageId rootid 47 tid 105965
target_page_id id: 1 tid 105965
0 1 tid 105965
365 46 tid 105965
127 tid 105965
Remove  tid 105965
FindTargetPageId rootid 1 tid 105964
254 tid 105964
Insert  tid 105964
FindTargetPageId rootid 1 tid 105966
254 tid 105966
Insert  tid 105966
FindTargetPageId rootid 49 tid 105965
target_page_id id: 1 tid 105965
0 1 tid 105965
365 48 tid 105965
127 tid 105965
Remove  tid 105965
FindTargetPageId rootid 1 tid 105964
254 tid 105964
Insert  tid 105964
FindTargetPageId rootid 1 tid 105966
254 tid 105966
Insert  tid 105966
FindTargetPageId rootid 51 tid 105966
target_page_id id: 1 tid 105966
0 1 tid 105966
365 50 tid 105966
127 tid 105966
Insert  tid 105966
FindTargetPageId rootid 51 tid 105966
target_page_id id: 1 tid 105966
0 1 tid 105966
365 50 tid 105966
128 tid 105966
Insert  tid 105966
FindTargetPageId rootid 51 tid 105966
target_page_id id: 1 tid 105966
0 1 tid 105966
365 50 tid 105966
129 tid 105966
Insert  tid 105966
FindTargetPageId rootid 51 tid 105966
target_page_id id: 1 tid 105966
0 1 tid 105966
365 50 tid 105966
130 tid 105966
Insert  tid 105966
FindTargetPageId rootid 51 tid 105966
target_page_id id: 1 tid 105966
0 1 tid 105966
365 50 tid 105966
131 tid 105966
Insert  tid 105966
FindTargetPageId rootid 51 tid 105966
target_page_id id: 1 tid 105966
0 1 tid 105966
365 50 tid 105966
132 tid 105966
Insert  tid 105966
FindTargetPageId rootid 51 tid 105964
target_page_id id: 1 tid 105964
0 1 tid 105964
365 50 tid 105964
133 tid 105964
Insert  tid 105964
FindTargetPageId rootid 51 tid 105964
target_page_id id: 1 tid 105964
0 1 tid 105964
365 50 tid 105964
133 tid 105964
Insert  tid 105964
FindTargetPageId rootid 51 tid 105964
target_page_id id: 1 tid 105964
0 1 tid 105964
365 50 tid 105964
133 tid 105964
Insert  tid 105964
FindTargetPageId rootid 51 tid 105964
target_page_id id: 1 tid 105964
0 1 tid 105964
365 50 tid 105964
133 tid 105964
Insert  tid 105964
FindTargetPageId rootid 51 tid 105964
target_page_id id: 1 tid 105964
0 1 tid 105964
365 50 tid 105964
133 tid 105964
Insert  tid 105964
FindTargetPageId rootid 51 tid 105964
target_page_id id: 1 tid 105964
0 1 tid 105964
365 50 tid 105964
133 tid 105964
Insert  tid 105964
FindTargetPageId rootid 51 tid 105964
target_page_id id: 1 tid 105964
0 1 tid 105964
365 50 tid 105964
133 tid 105964
Insert  tid 105964
FindTargetPageId rootid 51 tid 105965
target_page_id id: 1 tid 105965
0 1 tid 105965
365 50 tid 105965
133 tid 105965
Remove  tid 105965
FindTargetPageId rootid 51 tid 105966
target_page_id id: 1 tid 105966
0 1 tid 105966
365 50 tid 105966
132 tid 105966
Insert  tid 105966
FindTargetPageId rootid 51 tid 105966
target_page_id id: 1 tid 105966
0 1 tid 105966
365 50 tid 105966
133 tid 105966
Insert  tid 105966
FindTargetPageId rootid 51 tid 105965
target_page_id id: 1 tid 105965
0 1 tid 105965
365 50 tid 105965
134 tid 105965
Remove  tid 105965
FindTargetPageId rootid 51 tid 105964
target_page_id id: 1 tid 105964
0 1 tid 105964
365 50 tid 105964
133 tid 105964
Insert  tid 105964
FindTargetPageId rootid 51 tid 105966
target_page_id id: 1 tid 105966
0 1 tid 105966
365 50 tid 105966
133 tid 105966
Insert  tid 105966
FindTargetPageId rootid 51 tid 105965
target_page_id id: 1 tid 105965
0 1 tid 105965
365 50 tid 105965
134 tid 105965
Remove  tid 105965
FindTargetPageId rootid 51 tid 105964
target_page_id id: 1 tid 105964
0 1 tid 105964
365 50 tid 105964
133 tid 105964
Insert  tid 105964
FindTargetPageId rootid 51 tid 105966
target_page_id id: 1 tid 105966
0 1 tid 105966
365 50 tid 105966
133 tid 105966
FindTargetPageId rootid 51 tid 105965
target_page_id id: 1 tid 105965
0 1Insert  tid 105966 tid 
105965
365 50 tid 105965
134 tid 105965
Remove  tid 105965
FindTargetPageId rootid 51 tid 105964
target_page_id id: 1 tid 105964
0 1 tid 105964
365 50 tid 105964
133 tid 105964
Insert  tid 105964
FindTargetPageId rootid 51 tid 105966
target_page_id id: 1 tid 105966
0 1 tid 105966
365 50 tid 105966
133 tid 105966
Insert  tid 105966
FindTargetPageId rootid 51 tid 105965
target_page_id id: 1 tid 105965
0 1 tid 105965
365 50 tid 105965
134 tid 105965
Remove  tid 105965
FindTargetPageId rootid 51 tid 105964
target_page_id id: 1 tid 105964
0 1 tid 105964
365 50 tid 105964
133 tid 105964
Insert  tid 105964
FindTargetPageId rootid 51 tid 105966
target_page_id id: 1 tid 105966
0 1 tid 105966
365 50 tid 105966
133 tid 105966
Insert  tid 105966
FindTargetPageId rootid 51 tid 105966
target_page_id id: 1 tid 105966
0 1 tid 105966
365 50 tid 105966
134 tid 105966
Insert  tid 105966
FindTargetPageId rootid 51 tid 105964
target_page_id id: 1 tid 105964
0 1 tid 105964
365 50 tid 105964
135 tid 105964
Insert  tid 105964
FindTargetPageId rootid 51 tid 105964
target_page_id id: 1 tid 105964
0 1 tid 105964
365 50 tid 105964
135 tid 105964
Insert  tid 105964
FindTargetPageId rootid 51 tid 105964
target_page_id id: 1 tid 105964
0 1 tid 105964
365 50 tid 105964
135 tid 105964
Insert  tid 105964
FindTargetPageId rootid 51 tid 105964
target_page_id id: 1 tid 105964
0 1 tid 105964
365 50 tid 105964
135 tid 105964
Insert  tid 105964
FindTargetPageId rootid 51 tid 105964
target_page_id id: 1 tid 105964
0 1 tid 105964
365 50 tid 105964
135 tid 105964
Insert  tid 105964
FindTargetPageId rootid 51 tid 105964
target_page_id id: 1 tid 105964
0 1 tid 105964
365 50 tid 105964
135 tid 105964
Insert  tid 105964
FindTargetPageId rootid 51 tid 105964
target_page_id id: 1 tid 105964
0 1 tid 105964
365 50 tid 105964
135 tid 105964
Insert  tid 105964
FindTargetPageId rootid 51 tid 105965
target_page_id id: 1 tid 105965
0 1 tid 105965
365 50 tid 105965
135 tid 105965
Remove  tid 105965
FindTargetPageId rootid 51 tid 105966
target_page_id id: 1 tid 105966
0 1 tid 105966
365 50 tid 105966
134 tid 105966
Insert  tid 105966
FindTargetPageId rootid 51 tid 105964
target_page_id id: 1 tid 105964
0 1 tid 105964
365 50 tid 105964
135 tid 105964
Insert  tid 105964
FindTargetPageId rootid 51 tid 105964
target_page_id id: 1 tid 105964
0 1 tid 105964
365 50 tid 105964
135 tid 105964
Insert  tid 105964
FindTargetPageId rootid 51 tid 105966
target_page_id id: 1 tid 105966
0 1 tid 105966
365 50 tid 105966
135 tid 105966
Insert  tid 105966
FindTargetPageId rootid 51 tid 105966
target_page_id id: 1 tid 105966
0 1 tid 105966
365 50 tid 105966
136 tid 105966
Insert  tid 105966
FindTargetPageId rootid 51 tid 105966
target_page_id id: 1 tid 105966
0 1 tid 105966
365 50 tid 105966
137 tid 105966
Insert  tid 105966
FindTargetPageId rootid 51 tid 105965
target_page_id id: 1 tid 105965
0 1 tid 105965
365 50 tid 105965
138 tid 105965
Remove  tid 105965
FindTargetPageId rootid 51 tid 105964
target_page_id id: 1 tid 105964
0 1 tid 105964
365 50 tid 105964
137 tid 105964
Insert  tid 105964
FindTargetPageId rootid 51 tid 105966
target_page_id id: 1 tid 105966
0 1 tid 105966
365 50 tid 105966
137 tid 105966
Insert  tid 105966
FindTargetPageId rootid 51 tid 105966
target_page_id id: 1 tid 105966
0 1 tid 105966
365 50 tid 105966
138 tid 105966
Insert  tid 105966
FindTargetPageId rootid 51 tid 105966
target_page_id id: 1 tid 105966
0 1 tid 105966
365 50 tid 105966
139 tid 105966
Insert  tid 105966
FindTargetPageId rootid 51 tid 105965
target_page_id id: 1 tid 105965
0 1 tid 105965
365 50 tid 105965
140 tid 105965
Remove  tid 105965
FindTargetPageId rootid 51 tid 105964
target_page_id id: 1 tid 105964
0 1 tid 105964
365 50 tid 105964
139 tid 105964
Insert  tid 105964
FindTargetPageId rootid 51 tid 105966
target_page_id id: 1 tid 105966
0 1 tid 105966
365 50 tid 105966
139 tid 105966
Insert  tid 105966
FindTargetPageId rootid 51 tid 105965
target_page_id id: 1 tid 105965
0 1 tid 105965
365 50 tid 105965
140 tid 105965
Remove  tid 105965
FindTargetPageId rootid 51 tid 105964
target_page_id id: 1 tid 105964
0 1 tid 105964
365 50 tid 105964
139 tid 105964
Insert  tid 105964
FindTargetPageId rootid 51 tid 105966
target_page_id id: 1 tid 105966
0 1 tid 105966
365 50 tid 105966
139 tid 105966
Insert  tid 105966
FindTargetPageId rootid 51 tid 105965
target_page_id id: 1 tid 105965
0 1 tid 105965
365 50 tid 105965
140 tid 105965
Remove  tid 105965
FindTargetPageId rootid 51 tid 105964
target_page_id id: 1 tid 105964
0 1 tid 105964
365 50 tid 105964
139 tid 105964
Insert  tid 105964
FindTargetPageId rootid 51 tid 105966
target_page_id id: 1 tid 105966
0 1 tid 105966
365 50 tid 105966
139 tid 105966
Insert  tid 105966
FindTargetPageId rootid 51 tid 105965
target_page_id id: 1 tid 105965
0 1 tid 105965
365 50 tid 105965
140 tid 105965
Remove  tid 105965
FindTargetPageId rootid 51 tid 105964
target_page_id id: 1 tid 105964
0 1 tid 105964
365 50 tid 105964
139 tid 105964
Insert  tid 105964
FindTargetPageId rootid 51 tid 105964
target_page_id id: 1 tid 105964
0 1 tid 105964
365 50 tid 105964
139 tid 105964
Insert  tid 105964
FindTargetPageId rootid 51 tid 105965
target_page_id id: 1 tid 105965
0 1 tid 105965
365 50 tid 105965
139 tid 105965
Remove  tid 105965
FindTargetPageId rootid 51 tid 105965
target_page_id id: 1 tid 105965
0 1 tid 105965
365 50 tid 105965
138 tid 105965
Remove  tid 105965
FindTargetPageId rootid 51 tid 105964
target_page_id id: 1 tid 105964
0 1 tid 105964
365 50 tid 105964
137 tid 105964
Insert  tid 105964
FindTargetPageId rootid 51 tid 105966
target_page_id id: 1 tid 105966
0 1 tid 105966
365 50 tid 105966
137 tid 105966
Insert  tid 105966
FindTargetPageId rootid 51 tid 105966
target_page_id id: 1 tid 105966
0 1 tid 105966
365 50 tid 105966
138 tid 105966
Insert  tid 105966
FindTargetPageId rootid 51 tid 105966
target_page_id id: 1 tid 105966
0 1 tid 105966
365 50 tid 105966
139 tid 105966
Insert  tid 105966
FindTargetPageId rootid 51 tid 105965
target_page_id id: 1 tid 105965
0 1 tid 105965
365 50 tid 105965
140 tid 105965
Remove  tid 105965
FindTargetPageId rootid 51 tid 105964
target_page_id id: 1 tid 105964
0 1 tid 105964
365 50 tid 105964
139 tid 105964
Insert  tid 105964
FindTargetPageId rootid 51 tid 105964
target_page_id id: 1 tid 105964
0 1 tid 105964
365 50 tid 105964
139 tid 105964
Insert  tid 105964
FindTargetPageId rootid 51 tid 105964
target_page_id id: 1 tid 105964
0 1 tid 105964
365 50 tid 105964
139 tid 105964
Insert  tid 105964
FindTargetPageId rootid 51 tid 105966
target_page_id id: 1 tid 105966
0 1 tid 105966
365 50 tid 105966
139 tid 105966
Insert  tid 105966
FindTargetPageId rootid 51 tid 105965
target_page_id id: 1 tid 105965
0 1 tid 105965
365 50 tid 105965
140 tid 105965
Remove  tid 105965
FindTargetPageId rootid 51 tid 105964
target_page_id id: 1 tid 105964
0 1 tid 105964
365 50 tid 105964
139 tid 105964
Insert  tid 105964
FindTargetPageId rootid 51 tid 105966
target_page_id id: 1 tid 105966
0 1 tid 105966
365 50 tid 105966
139 tid 105966
Insert  tid 105966
FindTargetPageId rootid 51 tid 105965
target_page_id id: 1 tid 105965
0 1 tid 105965
365 50 tid 105965
140 tid 105965
Remove  tid 105965
FindTargetPageId rootid 51 tid 105964
target_page_id id: 1 tid 105964
0 1 tid 105964
365 50 tid 105964
139 tid 105964
Insert  tid 105964
FindTargetPageId rootid 51 tid 105966
target_page_id id: 1 tid 105966
0 1 tid 105966
365 50 tid 105966
139 tid 105966
Insert  tid 105966
FindTargetPageId rootid 51 tid 105965
target_page_id id: 1 tid 105965
0 1 tid 105965
365 50 tid 105965
140 tid 105965
Remove  tid 105965
FindTargetPageId rootid 51 tid 105964
target_page_id id: 1 tid 105964
0 1 tid 105964
365 50 tid 105964
139 tid 105964
Insert  tid 105964
FindTargetPageId rootid 51 tid 105966
target_page_id id: 1 tid 105966
0 1 tid 105966
365 50 tid 105966
139 tid 105966
Insert  tid 105966
FindTargetPageId rootid 51 tid 105965
target_page_id id: 1 tid 105965
0 1 tid 105965
365 50 tid 105965
140 tid 105965
Remove  tid 105965
FindTargetPageId rootid 51 tid 105964
target_page_id id: 1 tid 105964
0 1 tid 105964
365 50 tid 105964
139 tid 105964
Insert  tid 105964
FindTargetPageId rootid 51 tid 105966
target_page_id id: 1 tid 105966
0 1 tid 105966
365 50 tid 105966
139 tid 105966
FindTargetPageId rootid 51 tid 105965
target_page_id id: 1 tid 105965
0 1 tid 105965
365 50 tid 105965
Insert 140 tid 105965
 tid 105966
Remove  tid 105965
FindTargetPageId rootid 51 tid 105964
target_page_id id: 1 tid 105964
0 1 tid 105964
365 50 tid 105964
139 tid 105964
Insert  tid 105964
FindTargetPageId rootid 51 tid 105966
target_page_id id: 1 tid 105966
0 1 tid 105966
365 50 tid 105966
139 tid 105966
Insert  tid 105966
FindTargetPageId rootid 51 tid 105965
target_page_id id: 1 tid 105965
0 1 tid 105965
365 50 tid 105965
140 tid 105965
Remove  tid 105965
FindTargetPageId rootid 51 tid 105964
target_page_id id: 1 tid 105964
0 1 tid 105964
365 50 tid 105964
139 tid 105964
Insert  tid 105964
FindTargetPageId rootid 51 tid 105964
target_page_id id: 1 tid 105964
0 1 tid 105964
365 50 tid 105964
139 tid 105964
Insert  tid 105964
FindTargetPageId rootid 51 tid 105964
target_page_id id: 1 tid 105964
0 1 tid 105964
365 50 tid 105964
139 tid 105964
Insert  tid 105964
FindTargetPageId rootid 51 tid 105964
target_page_id id: 1 tid 105964
0 1 tid 105964
365 50 tid 105964
139 tid 105964
Insert  tid 105964
FindTargetPageId rootid 51 tid 105964
target_page_id id: 1 tid 105964
0 1 tid 105964
365 50 tid 105964
139 tid 105964
Insert  tid 105964
FindTargetPageId rootid 51 tid 105965
target_page_id id: 1 tid 105965
0 1 tid 105965
365 50 tid 105965
139 tid 105965
Remove  tid 105965
FindTargetPageId rootid 51 tid 105966
target_page_id id: 1 tid 105966
0 1 tid 105966
365 50 tid 105966
138 tid 105966
Insert  tid 105966
FindTargetPageId rootid 51 tid 105964
target_page_id id: 1 tid 105964
0 1 tid 105964
365 50 tid 105964
139 tid 105964
Insert  tid 105964
FindTargetPageId rootid 51 tid 105964
target_page_id id: 1 tid 105964
0 1 tid 105964
365 50 tid 105964
139 tid 105964
Insert  tid 105964
FindTargetPageId rootid 51 tid 105964
target_page_id id: 1 tid 105964
0 1 tid 105964
365 50 tid 105964
139 tid 105964
Insert  tid 105964
FindTargetPageId rootid 51 tid 105964
target_page_id id: 1 tid 105964
0 1 tid 105964
365 50 tid 105964
139 tid 105964
Insert  tid 105964
FindTargetPageId rootid 51 tid 105964
target_page_id id: 1 tid 105964
0 1 tid 105964
365 50 tid 105964
139 tid 105964
Insert  tid 105964
FindTargetPageId rootid 51 tid 105964
target_page_id id: 1 tid 105964
0 1 tid 105964
365 50 tid 105964
139 tid 105964
Insert  tid 105964
FindTargetPageId rootid 51 tid 105966
target_page_id id: 1 tid 105966
0 1 tid 105966
365 50 tid 105966
139 tid 105966
Insert  tid 105966
FindTargetPageId rootid 51 tid 105965
target_page_id id: 1 tid 105965
0 1 tid 105965
365 50 tid 105965
140 tid 105965
Remove  tid 105965
FindTargetPageId rootid 51 tid 105965
target_page_id id: 1 tid 105965
0 1 tid 105965
365 50 tid 105965
139 tid 105965
Remove  tid 105965
FindTargetPageId rootid 51 tid 105965
target_page_id id: 1 tid 105965
0 1 tid 105965
365 50 tid 105965
138 tid 105965
FindTargetPageId rootid 51 tid 105964
target_page_id id: 1 tid 105964
0 1 tid 105964
365 50 tid 105964
137 tid 105964
Remove  tid 105965
Insert  tid 105964
FindTargetPageId rootid 51 tid 105966
target_page_id id: 1 tid 105966
0 1 tid 105966
365 50 tid 105966
137 tid 105966
Insert  tid 105966
FindTargetPageId rootid 51 tid 105965
target_page_id id: 1 tid 105965
0 1 tid 105965
365 50 tid 105965
138 tid 105965
Remove  tid 105965
FindTargetPageId rootid 51 tid 105965
target_page_id id: 1 tid 105965
0 1 tid 105965
365 50 tid 105965
137 tid 105965
Remove  tid 105965
FindTargetPageId rootid 51 tid 105966
target_page_id id: 1 tid 105966
0 1 tid 105966
365 50 tid 105966
136 tid 105966
Insert  tid 105966
FindTargetPageId rootid 51 tid 105966
target_page_id id: 1 tid 105966
0 1 tid 105966
365 50 tid 105966
137 tid 105966
Insert  tid 105966
FindTargetPageId rootid 51 tid 105966
target_page_id id: 1 tid 105966
0 1 tid 105966
365 50 tid 105966
138 tid 105966
Insert  tid 105966
FindTargetPageId rootid 51 tid 105966
target_page_id id: 1 tid 105966
0 1 tid 105966
365 50 tid 105966
139 tid 105966
Insert  tid 105966
FindTargetPageId rootid 51 tid 105966
target_page_id id: 1 tid 105966
0 1 tid 105966
365 50 tid 105966
140 tid 105966
Insert  tid 105966
FindTargetPageId rootid 51 tid 105964
target_page_id id: 1 tid 105964
0 1 tid 105964
365 50 tid 105964
141 tid 105964
Insert  tid 105964
FindTargetPageId rootid 51 tid 105964
target_page_id id: 1 tid 105964
0 1 tid 105964
365 50 tid 105964
141 tid 105964
Insert  tid 105964
FindTargetPageId rootid 51 tid 105964
target_page_id id: 1 tid 105964
0 1 tid 105964
365 50 tid 105964
141 tid 105964
Insert  tid 105964
FindTargetPageId rootid 51 tid 105964
target_page_id id: 1 tid 105964
0 1 tid 105964
365 50 tid 105964
141 tid 105964
Insert  tid 105964
FindTargetPageId rootid 51 tid 105965
target_page_id id: 1 tid 105965
0 1 tid 105965
365 50 tid 105965
141 tid 105965
Remove  tid 105965
FindTargetPageId rootid 51 tid 105966
target_page_id id: 1 tid 105966
0 1 tid 105966
365 50 tid 105966
140 tid 105966
Insert  tid 105966
FindTargetPageId rootid 51 tid 105964
target_page_id id: 1 tid 105964
0 1 tid 105964
365 50 tid 105964
141 tid 105964
Insert  tid 105964
FindTargetPageId rootid 51 tid 105965
target_page_id id: 1 tid 105965
0 1 tid 105965
365 50 tid 105965
141 tid 105965
Remove  tid 105965
FindTargetPageId rootid 51 tid 105966
target_page_id id: 1 tid 105966
0 1 tid 105966
365 50 tid 105966
140 tid 105966
Insert  tid 105966
FindTargetPageId rootid 51 tid 105964
target_page_id id: 1 tid 105964
0 1 tid 105964
365 50 tid 105964
141 tid 105964
Insert  tid 105964
FindTargetPageId rootid 51 tid 105965
target_page_id id: 1 tid 105965
0 1 tid 105965
365 50 tid 105965
141 tid 105965
Remove  tid 105965
FindTargetPageId rootid 51 tid 105966
target_page_id id: 1 tid 105966
0 1 tid 105966
365 50 tid 105966
140 tid 105966
Insert  tid 105966
FindTargetPageId rootid 51 tid 105964
target_page_id id: 1 tid 105964
0 1 tid 105964
365 50 tid 105964
141 tid 105964
Insert  tid 105964
FindTargetPageId rootid 51 tid 105965
target_page_id id: 1 tid 105965
0 1 tid 105965
365 50 tid 105965
141 tid 105965
Remove  tid 105965
FindTargetPageId rootid 51 tid 105966
target_page_id id: 1 tid 105966
0 1 tid 105966
365 50 tid 105966
140 tid 105966
Insert  tid 105966
FindTargetPageId rootid 51 tid 105964
target_page_id id: 1 tid 105964
0 1 tid 105964
365 50 tid 105964
141 tid 105964
Insert  tid 105964
FindTargetPageId rootid 51 tid 105965
target_page_id id: 1 tid 105965
0 1 tid 105965
365 50 tid 105965
141 tid 105965
Remove  tid 105965
FindTargetPageId rootid 51 tid 105966
target_page_id id: 1 tid 105966
0 1 tid 105966
365 50 tid 105966
140 tid 105966
Insert  tid 105966
FindTargetPageId rootid 51 tid 105964
target_page_id id: 1 tid 105964
0 1 tid 105964
365 50 tid 105964
141 tid 105964
FindTargetPageId rootid 51 tid 105965
target_page_id id: 1 tid 105965
0 1 tid 105965
365 50 tid 105965
Insert  tid 105964
141 tid 105965
Remove  tid 105965
FindTargetPageId rootid 51 tid 105966
target_page_id id: 1 tid 105966
0 1 tid 105966
365 50 tid 105966
140 tid 105966
Insert  tid 105966
FindTargetPageId rootid 51 tid 105964
target_page_id id: 1 tid 105964
0 1 tid 105964
365 50 tid 105964
141 tid 105964
Insert  tid 105964
FindTargetPageId rootid 51 tid 105965
target_page_id id: 1 tid 105965
0 1 tid 105965
365 50 tid 105965
141 tid 105965
Remove  tid 105965
FindTargetPageId rootid 51 tid 105966
target_page_id id: 1 tid 105966
0 1 tid 105966
365 50 tid 105966
140 tid 105966
Insert  tid 105966
FindTargetPageId rootid 51 tid 105966
target_page_id id: 1 tid 105966
0 1 tid 105966
365 50 tid 105966
141 tid 105966
Insert  tid 105966
FindTargetPageId rootid 51 tid 105966
target_page_id id: 1 tid 105966
0 1 tid 105966
365 50 tid 105966
142 tid 105966
Insert  tid 105966
FindTargetPageId rootid 51 tid 105966
target_page_id id: 1 tid 105966
0 1 tid 105966
365 50 tid 105966
143 tid 105966
Insert  tid 105966
FindTargetPageId rootid 51 tid 105966
target_page_id id: 1 tid 105966
0 1 tid 105966
365 50 tid 105966
144 tid 105966
Insert  tid 105966
FindTargetPageId rootid 51 tid 105966
target_page_id id: 1 tid 105966
0 1 tid 105966
365 50 tid 105966
145 tid 105966
Insert  tid 105966
FindTargetPageId rootid 51 tid 105966
target_page_id id: 1 tid 105966
0 1 tid 105966
365 50 tid 105966
146 tid 105966
Insert  tid 105966
FindTargetPageId rootid 51 tid 105966
target_page_id id: 1 tid 105966
0 1 tid 105966
365 50 tid 105966
147 tid 105966
Insert  tid 105966
FindTargetPageId rootid 51 tid 105966
target_page_id id: 1 tid 105966
0 1 tid 105966
365 50 tid 105966
148 tid 105966
Insert  tid 105966
FindTargetPageId rootid 51 tid 105964
target_page_id id: 1 tid 105964
0 1 tid 105964
365 50 tid 105964
149 tid 105964
Insert  tid 105964
FindTargetPageId rootid 51 tid 105964
target_page_id id: 1 tid 105964
0 1 tid 105964
365 50 tid 105964
149 tid 105964
Insert  tid 105964
FindTargetPageId rootid 51 tid 105964
target_page_id id: 1 tid 105964
0 1 tid 105964
365 50 tid 105964
149 tid 105964
Insert  tid 105964
FindTargetPageId rootid 51 tid 105964
target_page_id id: 1 tid 105964
0 1 tid 105964
365 50 tid 105964
149 tid 105964
Insert  tid 105964
FindTargetPageId rootid 51 tid 105964
target_page_id id: 1 tid 105964
0 1 tid 105964
365 50 tid 105964
149 tid 105964
Insert  tid 105964
FindTargetPageId rootid 51 tid 105964
target_page_id id: 1 tid 105964
0 1 tid 105964
365 50 tid 105964
149 tid 105964
Insert  tid 105964
FindTargetPageId rootid 51 tid 105964
target_page_id id: 1 tid 105964
0 1 tid 105964
365 50 tid 105964
149 tid 105964
Insert  tid 105964
FindTargetPageId rootid 51 tid 105964
target_page_id id: 1 tid 105964
0 1 tid 105964
365 50 tid 105964
149 tid 105964
Insert  tid 105964
FindTargetPageId rootid 51 tid 105964
target_page_id id: 1 tid 105964
0 1 tid 105964
365 50 tid 105964
149 tid 105964
Insert  tid 105964
FindTargetPageId rootid 51 tid 105964
target_page_id id: 1 tid 105964
0 1 tid 105964
365 50 tid 105964
149 tid 105964
Insert  tid 105964
FindTargetPageId rootid 51 tid 105965
target_page_id id: 1 tid 105965
0 1 tid 105965
365 50 tid 105965
149 tid 105965
Remove  tid 105965
FindTargetPageId rootid 51 tid 105965
target_page_id id: 1 tid 105965
0 1 tid 105965
365 50 tid 105965
148 tid 105965
Remove  tid 105965
FindTargetPageId rootid 51 tid 105965
target_page_id id: 1 tid 105965
0 1 tid 105965
365 50 tid 105965
147 tid 105965
Remove  tid 105965
FindTargetPageId rootid 51 tid 105966
target_page_id id: 1 tid 105966
0 1 tid 105966
365 50 tid 105966
146 tid 105966
Insert  tid 105966
FindTargetPageId rootid 51 tid 105966
target_page_id id: 1 tid 105966
0 1 tid 105966
365 50 tid 105966
147 tid 105966
Insert  tid 105966
FindTargetPageId rootid 51 tid 105966
target_page_id id: 1 tid 105966
0 1 tid 105966
365 50 tid 105966
148 tid 105966
Insert  tid 105966
FindTargetPageId rootid 51 tid 105966
target_page_id id: 1 tid 105966
0 1 tid 105966
365 50 tid 105966
149 tid 105966
Insert  tid 105966
FindTargetPageId rootid 51 tid 105966
target_page_id id: 1 tid 105966
0 1 tid 105966
365 50 tid 105966
150 tid 105966
Insert  tid 105966
FindTargetPageId rootid 51 tid 105966
target_page_id id: 1 tid 105966
0 1 tid 105966
365 50 tid 105966
151 tid 105966
Insert  tid 105966
FindTargetPageId rootid 51 tid 105966
target_page_id id: 1 tid 105966
0 1 tid 105966
365 50 tid 105966
152 tid 105966
Insert  tid 105966
FindTargetPageId rootid 51 tid 105966
target_page_id id: 1 tid 105966
0 1 tid 105966
365 50 tid 105966
153 tid 105966
Insert  tid 105966
FindTargetPageId rootid 51 tid 105966
target_page_id id: 1 tid 105966
0 1 tid 105966
365 50 tid 105966
154 tid 105966
Insert  tid 105966
FindTargetPageId rootid 51 tid 105966
target_page_id id: 1 tid 105966
0 1 tid 105966
365 50 tid 105966
155 tid 105966
Insert  tid FindTargetPageId rootid 51 tid 105964105966

target_page_id id: 1 tid 105964
0 1 tid 105964
365 50 tid 105964
156 tid 105964
Insert  tid 105964
FindTargetPageId rootid 51 tid 105966
target_page_id id: 1 tid 105966
0 1 tid 105966
365 50 tid 105966
156 tid 105966
Insert  tid 105966
FindTargetPageId rootid 51 tid 105966
target_page_id id: 1 tid 105966
0 1 tid 105966
365 50 tid 105966
157 tid 105966
Insert  tid 105966
FindTargetPageId rootid 51 tid 105966
target_page_id id: 1 tid 105966
0 1 tid 105966
365 50 tid 105966
158 tid 105966
Insert  tid 105966
FindTargetPageId rootid 51 tid 105964
target_page_id id: 1 tid 105964
0 1 tid 105964
365 50 tid 105964
159 tid 105964
Insert  tid 105964
FindTargetPageId rootid 51 tid 105964
target_page_id id: 1 tid 105964
0 1 tid 105964
365 50 tid 105964
159 tid 105964
Insert  tid 105964
FindTargetPageId rootid 51 tid 105965
target_page_id id: 1 tid 105965
0 1 tid 105965
365 50 tid 105965
159 tid 105965
Remove  tid 105965
FindTargetPageId rootid 51 tid 105965
target_page_id id: 1 tid 105965
0 1 tid 105965
365 50 tid 105965
158 tid 105965
Remove  tid 105965
FindTargetPageId rootid 51 tid 105965
target_page_id id: 1 tid 105965
0 1 tid 105965
365 50 tid 105965
157 tid 105965
Remove  tid 105965
FindTargetPageId rootid 51 tid 105965
target_page_id id: 1 tid 105965
0 1 tid 105965
365 50 tid 105965
156 tid 105965
Remove  tid 105965
FindTargetPageId rootid 51 tid 105964
target_page_id id: 1 tid 105964
0 1 tid 105964
365 50 tid 105964
155 tid 105964
Insert  tid 105964
FindTargetPageId rootid 51 tid 105964
target_page_id id: 1 tid 105964
0 1 tid 105964
365 50 tid 105964
155 tid 105964
Insert  tid 105964
FindTargetPageId rootid 51 tid 105964
target_page_id id: 1 tid 105964
0 1 tid 105964
365 50 tid 105964
155 tid 105964
Insert  tid 105964
FindTargetPageId rootid 51 tid 105964
target_page_id id: 1 tid 105964
0 1 tid 105964
365 50 tid 105964
155 tid 105964
Insert  tid 105964
FindTargetPageId rootid 51 tid 105964
target_page_id id: 1 tid 105964
0 1 tid 105964
365 50 tid 105964
155 tid 105964
Insert  tid 105964
FindTargetPageId rootid 51 tid 105966
target_page_id id: 1 tid 105966
0 1 tid 105966
365 50 tid 105966
155 tid 105966
Insert  tid 105966
FindTargetPageId rootid 51 tid 105966
target_page_id id: 1 tid 105966
0 1 tid 105966
365 50 tid 105966
156 tid 105966
Insert  tid 105966
FindTargetPageId rootid 51 tid 105966
target_page_id id: 1 tid 105966
0 1 tid 105966
365 50 tid 105966
157 tid 105966
Insert  tid 105966
FindTargetPageId rootid 51 tid 105966
target_page_id id: 1 tid 105966
0 1 tid 105966
365 50 tid 105966
158 tid 105966
Insert  tid 105966
FindTargetPageId rootid 51 tid 105966
target_page_id id: 1 tid 105966
0 1 tid 105966
365 50 tid 105966
159 tid 105966
Insert  tid 105966
FindTargetPageId rootid 51 tid 105966
target_page_id id: 1 tid 105966
0 1 tid 105966
365 50 tid 105966
160 tid 105966
Insert  tid 105966
FindTargetPageId rootid 51 tid 105966
target_page_id id: 1 tid 105966
0 1 tid 105966
365 50 tid 105966
161 tid 105966
Insert  tid 105966
FindTargetPageId rootid 51 tid 105966
target_page_id id: 1 tid 105966
0 1 tid 105966
365 50 tid 105966
162 tid 105966
Insert  tid 105966
FindTargetPageId rootid 51 tid 105966
target_page_id id: 1 tid 105966
0 1 tid 105966
365 50 tid 105966
163 tid 105966
Insert  tid 105966
FindTargetPageId rootid 51 tid 105965
target_page_id id: 1 tid 105965
0 1 tid 105965
365 50 tid 105965
164 tid 105965
Remove  tid 105965
FindTargetPageId rootid 51 tid 105965
target_page_id id: 1 tid 105965
0 1 tid 105965
365 50 tid 105965
163 tid 105965
Remove  tid 105965
FindTargetPageId rootid 51 tid 105965
target_page_id id: 1 tid 105965
0 1 tid 105965
365 50 tid 105965
162 tid 105965
Remove  tid 105965
FindTargetPageId rootid 51 tid 105965
target_page_id id: 1 tid 105965
0 1 tid 105965
365 50 tid 105965
161 tid 105965
Remove  tid 105965
FindTargetPageId rootid 51 tid 105965
target_page_id id: 1 tid 105965
0 1 tid 105965
365 50 tid 105965
160 tid 105965
Remove  tid 105965
FindTargetPageId rootid 51 tid 105965
target_page_id id: 1 tid 105965
0 1 tid 105965
365 50 tid 105965
159 tid 105965
Remove  tid 105965
FindTargetPageId rootid 51 tid 105965
target_page_id id: 1 tid 105965
0 1 tid 105965
365 50 tid 105965
158 tid 105965
Remove  tid 105965
FindTargetPageId rootid 51 tid 105965
target_page_id id: 1 tid 105965
0 1 tid 105965
365 50 tid 105965
157 tid 105965
Remove  tid 105965
FindTargetPageId rootid 51 tid 105964
target_page_id id: 1 tid 105964
0 1 tid 105964
365 50 tid 105964
156 tid 105964
Insert  tid 105964
FindTargetPageId rootid 51 tid 105964
target_page_id id: 1 tid 105964
0 1 tid 105964
365 50 tid 105964
156 tid 105964
Insert  tid 105964
FindTargetPageId rootid 51 tid 105964
target_page_id id: 1 tid 105964
0 1 tid 105964
365 50 tid 105964
156 tid 105964
Insert  tid 105964
FindTargetPageId rootid 51 tid 105965
target_page_id id: 1 tid 105965
0 1 tid 105965
365 50 tid 105965
156 tid 105965
Remove  tid 105965
FindTargetPageId rootid 51 tid 105966
target_page_id id: 1 tid 105966
0 1 tid 105966
365 50 tid 105966
155 tid 105966
Insert  tid 105966
FindTargetPageId rootid 51 tid 105966
target_page_id id: 1 tid 105966
0 1 tid 105966
365 50 tid 105966
156 tid 105966
Insert  tid 105966
FindTargetPageId rootid 51 tid 105966
target_page_id id: 1 tid 105966
0 1 tid 105966
365 50 tid 105966
157 tid 105966
Insert  tid 105966
FindTargetPageId rootid 51 tid 105966
target_page_id id: 1 tid 105966
0 1 tid 105966
365 50 tid 105966
158 tid 105966
Insert  tid 105966
FindTargetPageId rootid 51 tid 105965
target_page_id id: 1 tid 105965
0 1 tid 105965
365 50 tid 105965
159 tid 105965
Remove  tid 105965
FindTargetPageId rootid 51 tid 105965
target_page_id id: 1 tid 105965
0 1 tid 105965
365 50 tid 105965
158 tid 105965
Remove  tid 105965
FindTargetPageId rootid 51 tid 105966
target_page_id id: 1 tid 105966
0 1 tid 105966
365 50 tid 105966
157 tid 105966
Insert  tid 105966
FindTargetPageId rootid 51 tid 105964
target_page_id id: 1 tid 105964
0 1 tid 105964
365 50 tid 105964
158 tid 105964
Insert  tid 105964
FindTargetPageId rootid 51 tid 105965
target_page_id id: 1 tid 105965
0 1 tid 105965
365 50 tid 105965
158 tid 105965
Remove  tid 105965
FindTargetPageId rootid 51 tid 105966
target_page_id id: 1 tid 105966
0 1 tid 105966
365 50 tid 105966
157 tid 105966
Insert  tid 105966
FindTargetPageId rootid 51 tid 105965
target_page_id id: 1 tid 105965
0 1 tid 105965
365 50 tid 105965
158 tid 105965
Remove  tid 105965
FindTargetPageId rootid 51 tid 105964
target_page_id id: 1 tid 105964
0 1 tid 105964
365 50 tid 105964
157 tid 105964
Insert  tid 105964
FindTargetPageId rootid 51 tid 105966
target_page_id id: 1 tid 105966
0 1 tid 105966
365 50 tid 105966
157 tid 105966
Insert  tid 105966
FindTargetPageId rootid 51 tid 105966
target_page_id id: 1 tid 105966
0 1 tid 105966
365 50 tid 105966
158 tid 105966
Insert  tid 105966
FindTargetPageId rootid 51 tid 105966
target_page_id id: 1 tid 105966
0 1 tid 105966
365 50 tid 105966
159 tid 105966
Insert  tid 105966
FindTargetPageId rootid 51 tid 105965
target_page_id id: 1 tid 105965
0 1 tid 105965
365 50 tid 105965
160 tid 105965
Remove  tid 105965
FindTargetPageId rootid 51 tid 105965
target_page_id id: 1 tid 105965
0 1 tid 105965
365 50 tid 105965
159 tid 105965
Remove  tid 105965
FindTargetPageId rootid 51 tid 105966
target_page_id id: 1 tid 105966
0 1 tid 105966
365 50 tid 105966
158 tid 105966
Insert  tid 105966
FindTargetPageId rootid 51 tid 105964
target_page_id id: 1 tid 105964
0 1 tid 105964
365 50 tid 105964
159 tid 105964
Insert  tid 105964
FindTargetPageId rootid 51 tid 105965
target_page_id id: 1 tid 105965
0 1 tid 105965
365 50 tid 105965
159 tid 105965
Remove  tid 105965
FindTargetPageId rootid 51 tid 105965
target_page_id id: 1 tid 105965
0 1 tid 105965
365 50 tid 105965
158 tid 105965
Remove  tid 105965
FindTargetPageId rootid 51 tid 105965
target_page_id id: 1 tid 105965
0 1 tid 105965
365 50 tid 105965
157 tid 105965
Remove  tid 105965
FindTargetPageId rootid 51 tid 105965
target_page_id id: 1 tid 105965
0 1 tid 105965
365 50 tid 105965
156 tid 105965
Remove  tid 105965
FindTargetPageId rootid 51 tid 105965
target_page_id id: 1 tid 105965
0 1 tid 105965
365 50 tid 105965
155 tid 105965
Remove  tid 105965
FindTargetPageId rootid 51 tid 105965
target_page_id id: 1 tid 105965
0 1 tid 105965
365 50 tid 105965
154 tid 105965
Remove  tid 105965
FindTargetPageId rootid 51 tid 105965
target_page_id id: 1 tid 105965
0 1 tid 105965
365 50 tid 105965
153 tid 105965
Remove  tid 105965
FindTargetPageId rootid 51 tid 105965
target_page_id id: 1 tid 105965
0 1 tid 105965
365 50 tid 105965
152 tid 105965
Remove  tid 105965
FindTargetPageId rootid 51 tid 105965
target_page_id id: 1 tid 105965
0 1 tid 105965
365 50 tid 105965
151 tid 105965
Remove  tid 105965
FindTargetPageId rootid 51 tid 105965
target_page_id id: 1 tid 105965
0 1 tid 105965
365 50 tid 105965
150 tid 105965
Remove  tid 105965
FindTargetPageId rootid 51 tid 105965
target_page_id id: 1 tid 105965
0 1 tid 105965
365 50 tid 105965
149 tid 105965
Remove  tid 105965
FindTargetPageId rootid 51 tid 105965
target_page_id id: 1 tid 105965
0 1 tid 105965
365 50 tid 105965
148 tid 105965
Remove  tid 105965
FindTargetPageId rootid 51 tid 105965
target_page_id id: 1 tid 105965
0 1 tid 105965
365 50 tid 105965
147 tid 105965
Remove  tid 105965
FindTargetPageId rootid 51 tid 105965
target_page_id id: 1 tid 105965
0 1 tid 105965
365 50 tid 105965
146 tid 105965
Remove  tid 105965
FindTargetPageId rootid 51 tid 105965
target_page_id id: 1 tid 105965
0 1 tid 105965
365 50 tid 105965
145 tid 105965
Remove  tid 105965
FindTargetPageId rootid 51 tid 105965
target_page_id id: 1 tid 105965
0 1 tid 105965
365 50 tid 105965
144 tid 105965
Remove  tid 105965
FindTargetPageId rootid 51 tid 105965
target_page_id id: 1 tid 105965
0 1 tid 105965
365 50 tid 105965
143 tid 105965
Remove  tid 105965
FindTargetPageId rootid 51 tid 105965
target_page_id id: 1 tid 105965
0 1 tid 105965
365 50 tid 105965
142 tid 105965
Remove  tid 105965
FindTargetPageId rootid 51 tid 105965
target_page_id id: 1 tid 105965
0 1 tid 105965
365 50 tid 105965
141 tid 105965
Remove  tid 105965
FindTargetPageId rootid 51 tid 105965
target_page_id id: 1 tid 105965
0 1 tid 105965
365 50 tid 105965
140 tid 105965
Remove  tid 105965
FindTargetPageId rootid 51 tid 105965
target_page_id id: 1 tid 105965
0 1 tid 105965
365 50 tid 105965
139 tid 105965
Remove  tid 105965
FindTargetPageId rootid 51 tid 105965
target_page_id id: 1 tid 105965
0 1 tid 105965
365 50 tid 105965
138 tid 105965
Remove  tid 105965
FindTargetPageId rootid 51 tid 105966
target_page_id id: 1 tid 105966
0 1 tid 105966
365 50 tid 105966
137 tid 105966
Insert  tid 105966
FindTargetPageId rootid 51 tid 105964
target_page_id id: 1 tid 105964
0 1 tid 105964
365 50 tid 105964
138 tid 105964
Insert  tid 105964
FindTargetPageId rootid 51 tid 105965
target_page_id id: 1 tid 105965
0 1 tid 105965
365 50 tid 105965
138 tid 105965
Remove  tid 105965
FindTargetPageId rootid 51 tid 105966
target_page_id id: 1 tid 105966
0 1 tid 105966
365 50 tid 105966
137 tid 105966
Insert  tid 105966
FindTargetPageId rootid 51 tid 105964
target_page_id id: 1 tid 105964
0 1 tid 105964
365 50 tid 105964
138 tid 105964
Insert  tid 105964
FindTargetPageId rootid 51 tid 105965
target_page_id id: 1 tid 105965
0 1 tid 105965
365 50 tid 105965
138 tid 105965
Remove  tid 105965
FindTargetPageId rootid 51 tid 105966
target_page_id id: 1 tid 105966
0 1 tid 105966
365 50 tid 105966
137 tid 105966
Insert  tid 105966
FindTargetPageId rootid 51 tid 105964
target_page_id id: 1 tid 105964
0 1 tid 105964
365 50 tid 105964
138 tid 105964
Insert  tid 105964
FindTargetPageId rootid 51 tid 105964
target_page_id id: 1 tid 105964
0 1 tid 105964
365 50 tid 105964
138 tid 105964
Insert  tid 105964
FindTargetPageId rootid 51 tid 105964
target_page_id id: 1 tid 105964
0 1 tid 105964
365 50 tid 105964
138 tid 105964
Insert  tid 105964
FindTargetPageId rootid 51 tid 105964
target_page_id id: 1 tid 105964
0 1 tid 105964
365 50 tid 105964
138 tid 105964
Insert  tid 105964
FindTargetPageId rootid 51 tid 105966
target_page_id id: 1 tid 105966
0 1 tid 105966
365 50 tid 105966
138 tid 105966
Insert  tid 105966
FindTargetPageId rootid 51 tid 105965
target_page_id id: 1 tid 105965
0 1 tid 105965
365 50 tid 105965
139 tid 105965
Remove  tid 105965
FindTargetPageId rootid 51 tid 105965
target_page_id id: 1 tid 105965
0 1 tid 105965
365 50 tid 105965
138 tid 105965
Remove  tid 105965
FindTargetPageId rootid 51 tid 105965
target_page_id id: 1 tid 105965
0 1 tid 105965
365 50 tid 105965
137 tid 105965
Remove  tid 105965
FindTargetPageId rootid 51 tid 105965
target_page_id id: 1 tid 105965
0 1 tid 105965
365 50 tid 105965
136 tid 105965
Remove  tid 105965
FindTargetPageId rootid 51 tid 105965
target_page_id id: 1 tid 105965
0 1 tid 105965
365 50 tid 105965
135 tid 105965
Remove  tid 105965
FindTargetPageId rootid 51 tid 105965
target_page_id id: 1 tid 105965
0 1 tid 105965
365 50 tid 105965
134 tid 105965
Remove  tid 105965
FindTargetPageId rootid 51 tid 105965
target_page_id id: 1 tid 105965
0 1 tid 105965
365 50 tid 105965
133 tid 105965
Remove  tid 105965
FindTargetPageId rootid 51 tid 105965
target_page_id id: 1 tid 105965
0 1 tid 105965
365 50 tid 105965
132 tid 105965
Remove  tid 105965
FindTargetPageId rootid 51 tid 105965
target_page_id id: 1 tid 105965
0 1 tid 105965
365 50 tid 105965
131 tid 105965
Remove  tid 105965
FindTargetPageId rootid 51 tid 105964
target_page_id id: 1 tid 105964
0 1 tid 105964
365 50 tid 105964
130 tid 105964
Insert  tid 105964
FindTargetPageId rootid 51 tid 105964
target_page_id id: 1 tid 105964
0 1 tid 105964
365 50 tid 105964
130 tid 105964
Insert  tid 105964
FindTargetPageId rootid 51 tid 105964
target_page_id id: 1 tid 105964
0 1 tid 105964
365 50 tid 105964
130 tid 105964
Insert  tid 105964
FindTargetPageId rootid 51 tid 105964
target_page_id id: 1 tid 105964
0 1 tid 105964
365 50 tid 105964
130 tid 105964
Insert  tid 105964
FindTargetPageId rootid 51 tid 105964
target_page_id id: 1 tid 105964
0 1 tid 105964
365 50 tid 105964
130 tid 105964
Insert  tid 105964
FindTargetPageId rootid 51 tid 105964
target_page_id id: 1 tid 105964
0 1 tid 105964
365 50 tid 105964
130 tid 105964
Insert  tid 105964
FindTargetPageId rootid 51 tid 105964
target_page_id id: 1 tid 105964
0 1 tid 105964
365 50 tid 105964
130 tid 105964
Insert  tid 105964
FindTargetPageId rootid 51 tid 105964
target_page_id id: 1 tid 105964
0 1 tid 105964
365 50 tid 105964
130 tid 105964
Insert  tid 105964
FindTargetPageId rootid 51 tid 105964
target_page_id id: 1 tid 105964
0 1 tid 105964
365 50 tid 105964
130 tid 105964
Insert  tid 105964
FindTargetPageId rootid 51 tid 105964
target_page_id id: 1 tid 105964
0 1 tid 105964
365 50 tid 105964
130 tid 105964
Insert  tid 105964
FindTargetPageId rootid 51 tid 105966
target_page_id id: 1 tid 105966
0 1 tid 105966
365 50 tid 105966
130 tid 105966
Insert  tid 105966
FindTargetPageId rootid 51 tid 105965
target_page_id id: 1 tid 105965
0 1 tid 105965
365 50 tid 105965
131 tid 105965
Remove  tid 105965
FindTargetPageId rootid 51 tid 105964
target_page_id id: 1 tid 105964
0 1 tid 105964
365 50 tid 105964
130 tid 105964
Insert  tid 105964
FindTargetPageId rootid 51 tid 105966
target_page_id id: 1 tid 105966
0 1 tid 105966
365 50 tid 105966
130 tid 105966
Insert  tid 105966
FindTargetPageId rootid 51 tid 105965
target_page_id id: 1 tid 105965
0 1 tid 105965
365 50 tid 105965
131 tid 105965
Remove FindTargetPageId rootid  tid 51 tid 105964
target_page_id id: 1 tid 105964
0 1 tid 105964
365 50 tid 105964
130 tid 105964
Insert  tid 105964
FindTargetPageId rootid 51 tid 105964
target_page_id id: 1 tid 105964
0 1 tid 105964
365 50 tid 105964
130 tid 105964
105965
Insert  tid 105964
FindTargetPageId rootid 51 tid 105966
target_page_id id: 1 tid 105966
0 1 tid 105966
365 50 tid 105966
130 tid 105966
Insert  tid 105966
FindTargetPageId rootid 51 tid 105964
target_page_id id: 1 tid 105964
0 1 tid 105964
365 50 tid 105964
131 tid 105964
Insert  tid 105964
FindTargetPageId rootid 51 tid 105964
target_page_id id: 1 tid 105964
0 1 tid 105964
365 50 tid 105964
131 tid 105964
Insert  tid 105964
FindTargetPageId rootid 51 tid 105964
target_page_id id: 1 tid 105964
0 1 tid 105964
365 50 tid 105964
131 tid 105964
Insert  tid 105964
FindTargetPageId rootid 51 tid 105964
target_page_id id: 1 tid 105964
0 1 tid 105964
365 50 tid 105964
131 tid 105964
Insert  tid 105964
FindTargetPageId rootid 51 tid 105964
target_page_id id: 1 tid 105964
0 1 tid 105964
365 50 tid 105964
131 tid 105964
Insert  tid 105964
FindTargetPageId rootid 51 tid 105964
target_page_id id: 1 tid 105964
0 1 tid 105964
365 50 tid 105964
131 tid 105964
Insert  tid 105964
FindTargetPageId rootid 51 tid 105964
target_page_id id: 1 tid 105964
0 1 tid 105964
365 50 tid 105964
131 tid 105964
Insert  tid 105964
FindTargetPageId rootid 51 tid 105966
target_page_id id: 1 tid 105966
0 1 tid 105966
365 50 tid 105966
131 tid 105966
Insert  tid 105966
FindTargetPageId rootid 51 tid 105966
target_page_id id: 1 tid 105966
0 1 tid 105966
365 50 tid 105966
132 tid 105966
Insert  tid 105966
FindTargetPageId rootid 51 tid 105966
target_page_id id: 1 tid 105966
0 1 tid 105966
365 50 tid 105966
133 tid 105966
Insert  tid 105966
FindTargetPageId rootid 51 tid 105966
target_page_id id: 1 tid 105966
0 1 tid 105966
365 50 tid 105966
134 tid 105966
Insert  tid 105966
FindTargetPageId rootid 51 tid 105966
target_page_id id: 1 tid 105966
0 1 tid 105966
365 50 tid 105966
135 tid 105966
Insert  tid 105966
FindTargetPageId rootid 51 tid 105966
target_page_id id: 1 tid 105966
0 1 tid 105966
365 50 tid 105966
136 tid 105966
Insert  tid 105966
FindTargetPageId rootid 51 tid 105966
target_page_id id: 1 tid 105966
0 1 tid 105966
365 50 tid 105966
137 tid 105966
Insert  tid 105966
FindTargetPageId rootid 51 tid 105966
target_page_id id: 1 tid 105966
0 1 tid 105966
365 50 tid 105966
138 tid 105966
Insert  tid 105966
FindTargetPageId rootid 51 tid 105966
target_page_id id: 1 tid 105966
0 1 tid 105966
365 50 tid 105966
139 tid 105966
Insert  tid 105966
FindTargetPageId rootid 51 tid 105966
target_page_id id: 1 tid 105966
0 1 tid 105966
365 50 tid 105966
140 tid 105966
Insert  tid 105966
FindTargetPageId rootid 51 tid 105966
target_page_id id: 1 tid 105966
0 1 tid 105966
365 50 tid 105966
141 tid 105966
Insert  tid 105966
FindTargetPageId rootid 51 tid 105966
target_page_id id: 1 tid 105966
0 1 tid 105966
365 50 tid 105966
142 tid 105966
Insert  tid 105966
FindTargetPageId rootid 51 tid 105966
target_page_id id: 1 tid 105966
0 1 tid 105966
365 50 tid 105966
143 tid 105966
Insert  tid 105966
FindTargetPageId rootid 51 tid 105964
target_page_id id: 1 tid 105964
0 1 tid 105964
365 50 tid 105964
144 tid 105964
Insert  tid 105964
FindTargetPageId rootid 51 tid 105964
target_page_id id: 1 tid 105964
0 1 tid 105964
365 50 tid 105964
144 tid 105964
Insert  tid 105964
FindTargetPageId rootid 51 tid 105964
target_page_id id: 1 tid 105964
0 1 tid 105964
365 50 tid 105964
144 tid 105964
Insert  tid 105964
FindTargetPageId rootid 51 tid 105964
target_page_id id: 1 tid 105964
0 1 tid 105964
365 50 tid 105964
144 tid 105964
Insert  tid 105964
FindTargetPageId rootid 51 tid 105964
target_page_id id: 1 tid 105964
0 1 tid 105964
365 50 tid 105964
144 tid 105964
Insert  tid 105964
FindTargetPageId rootid 51 tid 105964
target_page_id id: 1 tid 105964
0 1 tid 105964
365 50 tid 105964
144 tid 105964
Insert  tid 105964
FindTargetPageId rootid 51 tid 105965
target_page_id id: 1 tid 105965
0 1 tid 105965
365 50 tid 105965
144 tid 105965
Remove  tid 105965
FindTargetPageId rootid 51 tid 105966
target_page_id id: 1 tid 105966
0 1 tid 105966
365 50 tid 105966
143 tid 105966
Insert  tid 105966
FindTargetPageId rootid 51 tid 105964
target_page_id id: 1 tid 105964
0 1 tid 105964
365 50 tid 105964
144 tid 105964
Insert  tid 105964
FindTargetPageId rootid 51 tid 105965
target_page_id id: 1 tid 105965
0 1 tid 105965
365 50 tid 105965
144 tid 105965
Remove  tid 105965
FindTargetPageId rootid 51 tid 105965
target_page_id id: 1 tid 105965
0 1 tid 105965
365 50 tid 105965
143 tid 105965
Remove  tid 105965
FindTargetPageId rootid 51 tid 105966
target_page_id id: 1 tid 105966
0 1 tid 105966
365 50 tid 105966
142 tid 105966
Insert  tid 105966
FindTargetPageId rootid 51 tid 105964
target_page_id id: 1 tid 105964
0 1 tid 105964
365 50 tid 105964
143 tid 105964
Insert  tid 105964
FindTargetPageId rootid 51 tid 105964
target_page_id id: 1 tid 105964
0 1 tid 105964
365 50 tid 105964
143 tid 105964
Insert  tid 105964
FindTargetPageId rootid 51 tid 105966
target_page_id id: 1 tid 105966
0 1 tid 105966
365 50 tid 105966
143 tid 105966
Insert  tid 105966
FindTargetPageId rootid 51 tid 105966
target_page_id id: 1 tid 105966
0 1 tid 105966
365 50 tid 105966
144 tid 105966
Insert  tid 105966
FindTargetPageId rootid 51 tid 105966
target_page_id id: 1 tid 105966
0 1 tid 105966
365 50 tid 105966
145 tid 105966
Insert  tid 105966
FindTargetPageId rootid 51 tid 105966
target_page_id id: 1 tid 105966
0 1 tid 105966
365 50 tid 105966
146 tid 105966
Insert  tid 105966
FindTargetPageId rootid 51 tid 105964
target_page_id id: 1 tid 105964
0 1 tid 105964
365 50 tid 105964
147 tid 105964
Insert  tid 105964
FindTargetPageId rootid 51 tid 105965
target_page_id id: 1 tid 105965
0 1 tid 105965
365 50 tid 105965
147 tid 105965
Remove  tid 105965
FindTargetPageId rootid 51 tid 105965
target_page_id id: 1 tid 105965
0 1 tid 105965
365 50 tid 105965
146 tid 105965
Remove  tid 105965
FindTargetPageId rootid 51 tid 105965
target_page_id id: 1 tid 105965
0 1 tid 105965
365 50 tid 105965
145 tid 105965
Remove  tid 105965
FindTargetPageId rootid 51 tid 105965
target_page_id id: 1 tid 105965
0 1 tid 105965
365 50 tid 105965
144 tid 105965
Remove  tid 105965
FindTargetPageId rootid 51 tid 105965
target_page_id id: 1 tid 105965
0 1 tid 105965
365 50 tid 105965
143 tid 105965
Remove  tid 105965
FindTargetPageId rootid 51 tid 105964
target_page_id id: 1 tid 105964
0 1 tid 105964
365 50 tid 105964
142 tid 105964
Insert  tid 105964
FindTargetPageId rootid 51 tid 105964
target_page_id id: 1 tid 105964
0 1 tid 105964
365 50 tid 105964
142 tid 105964
Insert  tid 105964
FindTargetPageId rootid 51 tid 105966
target_page_id id: 1 tid 105966
0 1 tid 105966
365 50 tid 105966
142 tid 105966
Insert  tid 105966
FindTargetPageId rootid 51 tid 105966
target_page_id id: 1 tid 105966
0 1 tid 105966
365 50 tid 105966
143 tid 105966
Insert  tid 105966
FindTargetPageId rootid 51 tid 105965
target_page_id id: 1 tid 105965
0 1 tid 105965
365 50 tid 105965
144 tid 105965
Remove  tid 105965
FindTargetPageId rootid 51 tid 105965
target_page_id id: 1 tid 105965
0 1 tid 105965
365 50 tid 105965
143 tid 105965
FindTargetPageId rootid 51 tid 105966
target_page_id id: 1 tid 105966
0 1 tid 105966
365 50 tid 105966
142 tid 105966
Insert  tid 105966
FindTargetPageId rootid 51 tid 105966
target_page_id id: Remove  tid 1059651
 tid 105966
0 1 tid 105966
365 50 tid 105966
143 tid 105966
Insert  tid 105966
FindTargetPageId rootid 51 tid 105966
target_page_id id: 1 tid 105966
0 1 tid 105966
365 50 tid 105966
144 tid 105966
Insert  tid 105966
FindTargetPageId rootid 51 tid 105966
target_page_id id: 1 tid 105966
0 1 tid 105966
365 50 tid 105966
145 tid 105966
Insert  tid 105966
FindTargetPageId rootid 51 tid 105966
target_page_id id: 1 tid 105966
0 1 tid 105966
365 50 tid 105966
146 tid 105966
Insert  tid 105966
FindTargetPageId rootid 51 tid 105964
target_page_id id: 1 tid 105964
0 1 tid 105964
365 50 tid 105964
147 tid 105964
Insert  tid 105964
FindTargetPageId rootid 51 tid 105965
target_page_id id: 1 tid 105965
0 1 tid 105965
365 50 tid 105965
147 tid 105965
Remove  tid 105965
FindTargetPageId rootid 51 tid 105966
target_page_id id: 1 tid 105966
0 1 tid 105966
365 50 tid 105966
146 tid 105966
Insert  tid 105966
FindTargetPageId rootid 51 tid 105964
target_page_id id: 1 tid 105964
0 1 tid 105964
365 50 tid 105964
147 tid 105964
Insert  tid 105964
FindTargetPageId rootid 51 tid 105965
target_page_id id: 1 tid 105965
0 1 tid 105965
365 50 tid 105965
147 tid 105965
Remove  tid 105965
FindTargetPageId rootid 51 tid 105966
target_page_id id: 1 tid 105966
0 1 tid 105966
365 50 tid 105966
146 tid 105966
Insert  tid 105966
FindTargetPageId rootid 51 tid 105964
target_page_id id: 1 tid 105964
0 1 tid 105964
365 50 tid 105964
147 tid 105964
Insert  tid 105964
FindTargetPageId rootid 51 tid 105964
target_page_id id: 1 tid 105964
0 1 tid 105964
365 50 tid 105964
147 tid 105964
Insert  tid 105964
FindTargetPageId rootid 51 tid 105964
target_page_id id: 1 tid 105964
0 1 tid 105964
365 50 tid 105964
147 tid 105964
Insert  tid 105964
FindTargetPageId rootid 51 tid 105964
target_page_id id: 1 tid 105964
0 1 tid 105964
365 50 tid 105964
147 tid 105964
Insert  tid 105964
FindTargetPageId rootid 51 tid 105964
target_page_id id: 1 tid 105964
0 1 tid 105964
365 50 tid 105964
147 tid 105964
Insert  tid 105964
FindTargetPageId rootid 51 tid 105964
target_page_id id: 1 tid 105964
0 1 tid 105964
365 50 tid 105964
147 tid 105964
Insert  tid 105964
FindTargetPageId rootid 51 tid 105964
target_page_id id: 1 tid 105964
0 1 tid 105964
365 50 tid 105964
147 tid 105964
Insert  tid 105964
FindTargetPageId rootid 51 tid 105964
target_page_id id: 1 tid 105964
0 1 tid 105964
365 50 tid 105964
147 tid 105964
Insert  tid 105964
FindTargetPageId rootid 51 tid 105964
target_page_id id: 1 tid 105964
0 1 tid 105964
365 50 tid 105964
147 tid 105964
Insert  tid 105964
FindTargetPageId rootid 51 tid 105964
target_page_id id: 1 tid 105964
0 1 tid 105964
365 50 tid 105964
147 tid 105964
Insert  tid 105964
FindTargetPageId rootid 51 tid 105964
target_page_id id: 1 tid 105964
0 1 tid 105964
365 50 tid 105964
147 tid 105964
Insert  tid 105964
FindTargetPageId rootid 51 tid 105964
target_page_id id: 1 tid 105964
0 1 tid 105964
365 50 tid 105964
147 tid 105964
Insert  tid 105964
FindTargetPageId rootid 51 tid 105964
target_page_id id: 1 tid 105964
0 1 tid 105964
365 50 tid 105964
147 tid 105964
Insert  tid 105964
FindTargetPageId rootid 51 tid 105964
target_page_id id: 1 tid 105964
0 1 tid 105964
365 50 tid 105964
147 tid 105964
Insert  tid 105964
FindTargetPageId rootid 51 tid 105964
target_page_id id: 1 tid 105964
0 1 tid 105964
365 50 tid 105964
147 tid 105964
Insert  tid 105964
FindTargetPageId rootid 51 tid 105964
target_page_id id: 1 tid 105964
0 1 tid 105964
365 50 tid 105964
147 tid 105964
Insert  tid 105964
FindTargetPageId rootid 51 tid 105964
target_page_id id: 1 tid 105964
0 1 tid 105964
365 50 tid 105964
147 tid 105964
Insert  tid 105964
FindTargetPageId rootid 51 tid 105964
target_page_id id: 1 tid 105964
0 1 tid 105964
365 50 tid 105964
147 tid 105964
Insert  tid 105964
FindTargetPageId rootid 51 tid 105964
target_page_id id: 1 tid 105964
0 1 tid 105964
365 50 tid 105964
147 tid 105964
Insert  tid 105964
FindTargetPageId rootid 51 tid 105964
target_page_id id: 1 tid 105964
0 1 tid 105964
365 50 tid 105964
147 tid 105964
Insert  tid 105964
FindTargetPageId rootid 51 tid 105964
target_page_id id: 1 tid 105964
0 1 tid 105964
365 50 tid 105964
147 tid 105964
Insert  tid 105964
FindTargetPageId rootid 51 tid 105964
target_page_id id: 1 tid 105964
0 1 tid 105964
365 50 tid 105964
147 tid 105964
Insert  tid 105964
FindTargetPageId rootid 51 tid 105964
target_page_id id: 1 tid 105964
0 1 tid 105964
365 50 tid 105964
147 tid 105964
Insert  tid 105964
FindTargetPageId rootid 51 tid 105964
target_page_id id: 1 tid 105964
0 1 tid 105964
365 50 tid 105964
147 tid 105964
Insert  tid 105964
FindTargetPageId rootid 51 tid 105964
target_page_id id: 1 tid 105964
0 1 tid 105964
365 50 tid 105964
147 tid 105964
Insert  tid 105964
FindTargetPageId rootid 51 tid 105964
target_page_id id: 1 tid 105964
0 1 tid 105964
365 50 tid 105964
147 tid 105964
Insert  tid 105964
FindTargetPageId rootid 51 tid 105964
target_page_id id: 1 tid 105964
0 1 tid 105964
365 50 tid 105964
147 tid 105964
Insert  tid 105964
FindTargetPageId rootid 51 tid 105964
target_page_id id: 1 tid 105964
0 1 tid 105964
365 50 tid 105964
147 tid 105964
Insert  tid 105964
FindTargetPageId rootid 51 tid 105964
target_page_id id: 1 tid 105964
0 1 tid 105964
365 50 tid 105964
147 tid 105964
Insert  tid 105964
FindTargetPageId rootid 51 tid 105964
target_page_id id: 1 tid 105964
0 1 tid 105964
365 50 tid 105964
147 tid 105964
Insert  tid 105964
FindTargetPageId rootid 51 tid 105964
target_page_id id: 1 tid 105964
0 1 tid 105964
365 50 tid 105964
147 tid 105964
Insert  tid 105964
FindTargetPageId rootid 51 tid 105964
target_page_id id: 1 tid 105964
0 1 tid 105964
365 50 tid 105964
147 tid 105964
Insert  tid 105964
FindTargetPageId rootid 51 tid 105964
target_page_id id: 1 tid 105964
0 1 tid 105964
365 50 tid 105964
147 tid 105964
Insert  tid 105964
FindTargetPageId rootid 51 tid 105964
target_page_id id: 1 tid 105964
0 1 tid 105964
365 50 tid 105964
147 tid 105964
Insert  tid 105964
FindTargetPageId rootid 51 tid 105964
target_page_id id: 1 tid 105964
0 1 tid 105964
365 50 tid 105964
147 tid 105964
Insert  tid 105964
FindTargetPageId rootid 51 tid 105964
target_page_id id: 1 tid 105964
0 1 tid 105964
365 50 tid 105964
147 tid 105964
Insert  tid 105964
FindTargetPageId rootid 51 tid 105964
target_page_id id: 1 tid 105964
0 1 tid 105964
365 50 tid 105964
147 tid 105964
FindTargetPageId rootid 51 tid 105966
target_page_id id: 1 tid 105966
0 1 tid Insert 105966 tid 
105964
365 50 tid 105966
148 tid 105966
Insert  tid 105966
FindTargetPageId rootid 51 tid 105965
target_page_id id: 1 tid 105965
0 1 tid 105965
365 50 tid 105965
148 tid 105965
Remove  tid 105965
FindTargetPageId rootid 51 tid 105965
target_page_id id: 1 tid 105965
0 1 tid 105965
365 50 tid 105965
147 tid 105965
Remove  tid 105965
FindTargetPageId rootid 51 tid 105966
target_page_id id: 1 tid 105966
0 1 tid 105966
365 50 tid 105966
146 tid 105966
Insert  tid 105966
FindTargetPageId rootid 51 tid 105966
target_page_id id: 1 tid 105966
0 1 tid 105966
365 50 tid 105966
147 tid 105966
Insert  tid 105966
FindTargetPageId rootid 51 tid 105966
target_page_id id: 1 tid 105966
0 1 tid 105966
365 50 tid 105966
148 tid 105966
Insert  tid 105966
FindTargetPageId rootid 51 tid 105966
target_page_id id: 1 tid 105966
0 1 tid 105966
365 50 tid 105966
149 tid 105966
Insert  tid 105966
FindTargetPageId rootid 51 tid 105966
target_page_id id: 1 tid 105966
0 1 tid 105966
365 50 tid 105966
150 tid 105966
Insert  tid 105966
FindTargetPageId rootid 51 tid 105966
target_page_id id: 1 tid 105966
0 1 tid 105966
365 50 tid 105966
151 tid 105966
Insert  tid 105966
FindTargetPageId rootid 51 tid 105966
target_page_id id: 1 tid 105966
0 1 tid 105966
365 50 tid 105966
152 tid 105966
Insert  tid 105966
FindTargetPageId rootid 51 tid 105966
target_page_id id: 1 tid 105966
0 1 tid 105966
365 50 tid 105966
153 tid 105966
Insert  tid 105966
FindTargetPageId rootid 51 tid 105966
target_page_id id: 1 tid 105966
0 1 tid 105966
365 50 tid 105966
154 tid 105966
Insert  tid 105966
FindTargetPageId rootid 51 tid 105966
target_page_id id: 1 tid 105966
0 1 tid 105966
365 50 tid 105966
155 tid 105966
Insert  tid 105966
FindTargetPageId rootid 51 tid 105966
target_page_id id: 1 tid 105966
0 1 tid 105966
365 50 tid 105966
156 tid 105966
Insert  tid 105966
FindTargetPageId rootid 51 tid 105966
target_page_id id: 1 tid 105966
0 1 tid 105966
365 50 tid 105966
157 tid 105966
Insert  tid 105966
FindTargetPageId rootid 51 tid 105966
target_page_id id: 1 tid 105966
0 1 tid 105966
365 50 tid 105966
158 tid 105966
Insert  tid 105966
FindTargetPageId rootid 51 tid 105966
target_page_id id: 1 tid 105966
0 1 tid 105966
365 50 tid 105966
159 tid 105966
Insert  tid 105966
FindTargetPageId rootid 51 tid 105966
target_page_id id: 1 tid 105966
0 1 tid 105966
365 50 tid 105966
160 tid 105966
Insert  tid 105966
FindTargetPageId rootid 51 tid 105966
target_page_id id: 1 tid 105966
0 1 tid 105966
365 50 tid 105966
161 tid 105966
Insert  tid 105966
FindTargetPageId rootid 51 tid 105966
target_page_id id: 1 tid 105966
0 1 tid 105966
365 50 tid 105966
162 tid 105966
Insert  tid 105966
FindTargetPageId rootid 51 tid 105966
target_page_id id: 1 tid 105966
0 1 tid 105966
365 50 tid 105966
163 tid 105966
Insert  tid 105966
FindTargetPageId rootid 51 tid 105966
target_page_id id: 1 tid 105966
0 1 tid 105966
365 50 tid 105966
164 tid 105966
Insert  tid 105966
FindTargetPageId rootid 51 tid 105966
target_page_id id: 1 tid 105966
0 1 tid 105966
365 50 tid 105966
165 tid 105966
Insert  tid 105966
FindTargetPageId rootid 51 tid 105966
target_page_id id: 1 tid 105966
0 1 tid 105966
365 50 tid 105966
166 tid 105966
Insert  tid 105966
FindTargetPageId rootid 51 tid 105966
target_page_id id: 1 tid 105966
0 1 tid 105966
365 50 tid 105966
167 tid 105966
Insert  tid 105966
FindTargetPageId rootid 51 tid 105966
target_page_id id: 1 tid 105966
0 1 tid 105966
365 50 tid 105966
168 tid 105966
Insert  tid 105966
FindTargetPageId rootid 51 tid 105966
target_page_id id: 1 tid 105966
0 1 tid 105966
365 50 tid 105966
169 tid 105966
Insert  tid 105966
FindTargetPageId rootid 51 tid 105966
target_page_id id: 1 tid 105966
0 1 tid 105966
365 50 tid 105966
170 tid 105966
Insert  tid 105966
FindTargetPageId rootid 51 tid 105966
target_page_id id: 1 tid 105966
0 1 tid 105966
365 50 tid 105966
171 tid 105966
Insert  tid 105966
FindTargetPageId rootid 51 tid 105966
target_page_id id: 1 tid 105966
0 1 tid 105966
365 50 tid 105966
172 tid 105966
Insert  tid 105966
FindTargetPageId rootid 51 tid 105966
target_page_id id: 1 tid 105966
0 1 tid 105966
365 50 tid 105966
173 tid 105966
Insert  tid 105966
FindTargetPageId rootid 51 tid 105966
target_page_id id: 1 tid 105966
0 1 tid 105966
365 50 tid 105966
174 tid 105966
Insert  tid 105966
FindTargetPageId rootid 51 tid 105966
target_page_id id: 1 tid 105966
0 1 tid 105966
365 50 tid 105966
175 tid 105966
FindTargetPageId rootid 51 tid 105965
target_page_id id: 1 tid 105965
0 1 tid 105965
365 50 tid 105965
176 tid 105965
Remove  tid 105965
FindTargetPageId rootid 51 tid 105964
target_page_id id: 1 tid 105964
0 1 tid 105964
365 50 tid 105964
175 tid 105964
Insert  tid 105966
FindTargetPageId rootid 51 tid 105965
target_page_id id: 1 tid 105965
0 1 tid 105965
365 50 tid 105965
175 tid 105965
Remove  tid 105965
FindTargetPageId rootid 51 tid 105966
target_page_id id: 1 tid 105966
0 1 tid 105966
365 50 tid 105966
174 tid 105966
Insert  tid 105964
FindTargetPageId rootid 51 tid 105964
target_page_id id: 1 tid 105964
0 1 tid 105964
365 50 tid 105964
Insert  tid 175105966
 tid 105964
Insert  tid 105964
FindTargetPageId rootid 51 tid 105964
target_page_id id: 1 tid 105964
0 1 tid 105964
365 50 tid 105964
175 tid 105964
Insert  tid 105964
FindTargetPageId rootid 51 tid 105966
target_page_id id: 1 tid 105966
0 1 tid 105966
365 50 tid 105966
175 tid 105966
Insert  tid 105966
FindTargetPageId rootid 51 tid 105965
target_page_id id: 1 tid 105965
0 1 tid 105965
365 50 tid 105965
176 tid 105965
Remove  tid 105965
FindTargetPageId rootid 51 tid 105964
target_page_id id: 1 tid 105964
0 1 tid 105964
365 50 tid 105964
175 tid 105964
Insert  tid 105964
FindTargetPageId rootid 51 tid 105964
target_page_id id: 1 tid 105964
0 1 tid 105964
365 50 tid 105964
175 tid 105964
Insert  tid 105964
FindTargetPageId rootid 51 tid 105964
target_page_id id: 1 tid 105964
0 1 tid 105964
365 50 tid 105964
175 tid 105964
Insert  tid 105964
FindTargetPageId rootid 51 tid 105964
target_page_id id: 1 tid 105964
0 1 tid 105964
365 50 tid 105964
175 tid 105964
Insert  tid 105964
FindTargetPageId rootid 51 tid 105964
target_page_id id: 1 tid 105964
0 1 tid 105964
365 50 tid 105964
175 tid 105964
Insert  tid 105964
FindTargetPageId rootid 51 tid 105964
target_page_id id: 1 tid 105964
0 1 tid 105964
365 50 tid 105964
175 tid 105964
Insert  tid 105964
FindTargetPageId rootid 51 tid 105964
target_page_id id: 1 tid 105964
0 1 tid 105964
365 50 tid 105964
175 tid 105964
Insert  tid 105964
FindTargetPageId rootid 51 tid 105964
target_page_id id: 1 tid 105964
0 1 tid 105964
365 50 tid 105964
175 tid 105964
Insert  tid 105964
FindTargetPageId rootid 51 tid 105964
target_page_id id: 1 tid 105964
0 1 tid 105964
365 50 tid 105964
175 tid 105964
Insert  tid 105964
FindTargetPageId rootid 51 tid 105966
target_page_id id: 1 tid 105966
0 1 tid 105966
365 50 tid 105966
175 tid 105966
Insert  tid 105966
FindTargetPageId rootid 51 tid 105965
target_page_id id: 1 tid 105965
0 1 tid 105965
365 50 tid 105965
176 tid 105965
Remove  tid 105965
FindTargetPageId rootid 51 tid 105965
target_page_id id: 1 tid 105965
0 1 tid 105965
365 50 tid 105965
175 tid 105965
Remove  tid 105965
FindTargetPageId rootid 51 tid 105965
target_page_id id: 1 tid 105965
0 1 tid 105965
365 50 tid 105965
174 tid 105965
Remove  tid 105965
FindTargetPageId rootid 51 tid 105965
target_page_id id: 1 tid 105965
0 1 tid 105965
365 50 tid 105965
173 tid 105965
Remove  tid 105965
FindTargetPageId rootid 51 tid 105965
target_page_id id: 1 tid 105965
0 1 tid 105965
365 50 tid 105965
172 tid 105965
Remove  tid 105965
FindTargetPageId rootid 51 tid 105965
target_page_id id: 1 tid 105965
0 1 tid 105965
365 50 tid 105965
171 tid 105965
Remove  tid 105965
FindTargetPageId rootid 51 tid 105965
target_page_id id: 1 tid 105965
0 1 tid 105965
365 50 tid 105965
170 tid 105965
Remove  tid 105965
FindTargetPageId rootid 51 tid 105964
target_page_id id: 1 tid 105964
0 1 tid 105964
365 50 tid 105964
169 tid 105964
Insert  tid 105964
FindTargetPageId rootid 51 tid 105966
target_page_id id: 1 tid 105966
0 1 tid 105966
365 50 tid 105966
169 tid 105966
Insert  tid 105966
FindTargetPageId rootid 51 tid 105966
target_page_id id: 1 tid 105966
0 1 tid 105966
365 50 tid 105966
170 tid 105966
Insert  tid 105966
FindTargetPageId rootid 51 tid 105966
target_page_id id: 1 tid 105966
0 1 tid 105966
365 50 tid 105966
171 tid 105966
Insert  tid 105966
FindTargetPageId rootid 51 tid 105966
target_page_id id: 1 tid 105966
0 1 tid 105966
365 50 tid 105966
172 tid 105966
Insert  tid 105966
FindTargetPageId rootid 51 tid 105966
target_page_id id: 50 tid 105966
0 1 tid 105966
365 50 tid 105966
128 tid 105966
Insert  tid 105966
FindTargetPageId rootid 51 tid 105966
target_page_id id: 50 tid 105966
0 1 tid 105966
365 50 tid 105966
129 tid 105966
Insert  tid 105966
FindTargetPageId rootid 51 tid 105966
target_page_id id: 50 tid 105966
0 1 tid 105966
365 50 tid 105966
130 tid 105966
Insert  tid 105966
FindTargetPageId rootid 51 tid 105964
target_page_id id: 1 tid 105964
0 1 tid 105964
365 50 tid 105964
173 tid 105964
Insert  tid 105964
FindTargetPageId rootid 51 tid 105964
target_page_id id: 1 tid 105964
0 1 tid 105964
365 50 tid 105964
173 tid 105964
Insert  tid 105964
FindTargetPageId rootid 51 tid 105966
target_page_id id: 50 tid 105966
0 1 tid 105966
365 50 tid 105966
131 tid 105966
Insert  tid 105966
FindTargetPageId rootid 51 tid 105965
target_page_id id: 1 tid 105965
0 1 tid 105965
365 50 tid 105965
173 tid 105965
Remove  tid 105965
FindTargetPageId rootid 51 tid 105964
target_page_id id: 1 tid 105964
0 1 tid 105964
365 50 tid 105964
172 tid 105964
Insert  tid 105964
FindTargetPageId rootid 51 tid 105966
target_page_id id: 50 tid 105966
0 1 tid 105966
365 50 tid 105966
132 tid 105966
FindTargetPageId rootid 51 tid 105965
target_page_id id: 1 tid 105965
Insert 0 tid  1 tid 105965
365 50 tid 105965
172 tid 105965
Remove  tid 105965
FindTargetPageId rootid 51 tid 105964
target_page_id id: 1 tid 105964
0 1 tid 105964
365 50 tid 105964
105966
171 tid 105964
Insert  tid 105964
FindTargetPageId rootid 51 tid 105964
target_page_id id: 1 tid 105964
0 1 tid 105964
365 50 tid 105964
171 tid 105964
Insert  tid 105964
FindTargetPageId rootid 51 tid 105964
target_page_id id: 1 tid 105964
0 1 tid 105964
365 50 tid 105964
171 tid 105964
Insert  tid 105964
FindTargetPageId rootid 51 tid 105966
target_page_id id: 50 tid 105966
0 1 tid 105966
365 50 tid 105966
133 tid 105966
Insert  tid 105966
FindTargetPageId rootid 51 tid 105966
target_page_id id: 50 tid 105966
0 1 tid 105966
365 50 tid 105966
134 tid 105966
Insert  tid 105966
FindTargetPageId rootid 51 tid 105966
target_page_id id: 50 tid 105966
0 1 tid 105966
365 50 tid 105966
135 tid 105966
Insert  tid 105966
FindTargetPageId rootid 51 tid 105966
target_page_id id: 50 tid 105966
0 1 tid 105966
365 50 tid 105966
136 tid 105966
Insert  tid 105966
FindTargetPageId rootid 51 tid 105966
target_page_id id: 50 tid 105966
0 1 tid 105966
365 50 tid 105966
137 tid 105966
Insert  tid 105966
FindTargetPageId rootid 51 tid 105966
target_page_id id: 50 tid 105966
0 1 tid 105966
365 50 tid 105966
138 tid 105966
Insert  tid 105966
FindTargetPageId rootid 51 tid 105966
target_page_id id: 50 tid 105966
0 1 tid 105966
365 50 tid 105966
139 tid 105966
Insert  tid 105966
FindTargetPageId rootid 51 tid 105966
target_page_id id: 50 tid 105966
0 1 tid 105966
365 50 tid 105966
140 tid 105966
Insert  tid 105966
FindTargetPageId rootid 51 tid 105966
target_page_id id: 50 tid 105966
0 1 tid 105966
365 50 tid 105966
141 tid 105966
Insert  tid 105966
FindTargetPageId rootid 51 tid 105966
target_page_id id: 50 tid 105966
0 1 tid 105966
365 50 tid 105966
142 tid 105966
Insert  tid 105966
FindTargetPageId rootid 51 tid 105966
target_page_id id: 50 tid 105966
0 1 tid 105966
365 50 tid 105966
143 tid 105966
Insert  tid 105966
FindTargetPageId rootid 51 tid 105966
target_page_id id: 50 tid 105966
0 1 tid 105966
365 50 tid 105966
144 tid 105966
Insert  tid 105966
FindTargetPageId rootid 51 tid 105966
target_page_id id: 50 tid 105966
0 1 tid 105966
365 50 tid 105966
145 tid 105966
Insert  tid 105966
FindTargetPageId rootid 51 tid 105966
target_page_id id: 50 tid 105966
0 1 tid 105966
365 50 tid 105966
146 tid 105966
Insert  tid 105966
FindTargetPageId rootid 51 tid 105966
target_page_id id: 50 tid 105966
0 1 tid 105966
365 50 tid 105966
147 tid 105966
Insert  tid 105966
FindTargetPageId rootid 51 tid 105966
target_page_id id: 50 tid 105966
0 1 tid 105966
365 50 tid 105966
148 tid 105966
Insert  tid 105966
FindTargetPageId rootid 51 tid 105966
target_page_id id: 50 tid 105966
0 1 tid 105966
365 50 tid 105966
149 tid 105966
Insert  tid 105966
FindTargetPageId rootid 51 tid 105966
target_page_id id: 50 tid 105966
0 1 tid 105966
365 50 tid 105966
150 tid 105966
Insert  tid 105966
FindTargetPageId rootid 51 tid 105966
target_page_id id: 50 tid 105966
0 1 tid 105966
365 50 tid 105966
151 tid 105966
Insert  tid 105966
FindTargetPageId rootid 51 tid 105966
target_page_id id: 50 tid 105966
0 1 tid 105966
365 50 tid 105966
152 tid 105966
Insert  tid 105966
FindTargetPageId rootid 51 tid 105966
target_page_id id: 50 tid 105966
0 1 tid 105966
365 50 tid 105966
153 tid 105966
Insert  tid 105966
FindTargetPageId rootid 51 tid 105966
target_page_id id: 50 tid 105966
0 1 tid 105966
365 50 tid 105966
154 tid 105966
Insert  tid 105966
FindTargetPageId rootid 51 tid 105966
target_page_id id: 50 tid 105966
0 1 tid 105966
365 50 tid 105966
155 tid 105966
Insert  tid 105966
FindTargetPageId rootid 51 tid 105966
target_page_id id: 50 tid 105966
0 1 tid 105966
365 50 tid 105966
156 tid 105966
Insert  tid 105966
FindTargetPageId rootid 51 tid 105966
target_page_id id: 50 tid 105966
0 1 tid 105966
365 50 tid 105966
157 tid 105966
Insert  tid 105966
FindTargetPageId rootid 51 tid 105966
target_page_id id: 50 tid 105966
0 1 tid 105966
365 50 tid 105966
158 tid 105966
Insert  tid 105966
FindTargetPageId rootid 51 tid 105964
target_page_id id: 1 tid 105964
0 1 tid 105964
365 50 tid 105964
171 tid 105964
Insert  tid 105964
FindTargetPageId rootid 51 tid 105964
target_page_id id: 1 tid 105964
0 1 tid 105964
365 50 tid 105964
171 tid 105964
Insert  tid 105964
FindTargetPageId rootid 51 tid 105964
target_page_id id: 1 tid 105964
0 1 tid 105964
365 50 tid 105964
171 tid 105964
Insert  tid 105964
FindTargetPageId rootid 51 tid 105964
target_page_id id: 1 tid 105964
0 1 tid 105964
365 50 tid 105964
171 tid 105964
Insert  tid 105964
FindTargetPageId rootid 51 tid 105965
target_page_id id: 1 tid 105965
0 1 tid 105965
365 50 tid 105965
171 tid 105965
Remove  tid 105965
FindTargetPageId rootid 51 tid 105965
target_page_id id: 1 tid 105965
0 1 tid 105965
365 50 tid 105965
170 tid 105965
Remove  tid 105965
FindTargetPageId rootid 51 tid 105965
target_page_id id: 1 tid 105965
0 1 tid 105965
365 50 tid 105965
169 tid 105965
Remove  tid 105965
FindTargetPageId rootid 51 tid 105965
target_page_id id: 1 tid 105965
0 1 tid 105965
365 50 tid 105965
168 tid 105965
Remove  tid 105965
FindTargetPageId rootid 51 tid 105965
target_page_id id: 1 tid 105965
0 1 tid 105965
365 50 tid 105965
167 tid 105965
Remove  tid 105965
FindTargetPageId rootid 51 tid 105965
target_page_id id: 1 tid 105965
0 1 tid 105965
365 50 tid 105965
166 tid 105965
Remove  tid 105965
FindTargetPageId rootid 51 tid 105964
target_page_id id: 1 tid 105964
0 1 tid 105964
365 50 tid 105964
165 tid 105964
Insert  tid 105964
FindTargetPageId rootid 51 tid 105964
target_page_id id: 1 tid 105964
0 1 tid 105964
365 50 tid 105964
165 tid 105964
Insert  tid 105964
FindTargetPageId rootid 51 tid 105965
target_page_id id: 1 tid 105965
0 1 tid 105965
365 50 tid 105965
165 tid 105965
Remove  tid 105965
FindTargetPageId rootid 51 tid 105965
target_page_id id: 1 tid 105965
0 1 tid 105965
365 50 tid 105965
164 tid 105965
Remove  tid 105965
FindTargetPageId rootid 51 tid 105965
target_page_id id: 1 tid 105965
0 1 tid 105965
365 50 tid 105965
163 tid 105965
Remove  tid 105965
FindTargetPageId rootid 51 tid 105965
target_page_id id: 1 tid 105965
0 1 tid 105965
365 50 tid 105965
162 tid 105965
Remove  tid 105965
FindTargetPageId rootid 51 tid 105965
target_page_id id: 1 tid 105965
0 1 tid 105965
365 50 tid 105965
161 tid 105965
Remove  tid 105965
FindTargetPageId rootid 51 tid 105966
target_page_id id: 50 tid 105966
0 1 tid 105966
365 50 tid 105966
159 tid 105966
Insert  tid 105966
FindTargetPageId rootid 51 tid 105966
target_page_id id: 50 tid 105966
0 1 tid 105966
365 50 tid 105966
160 tid 105966
Insert  tid 105966
FindTargetPageId rootid 51 tid 105965
target_page_id id: 1 tid 105965
0 1 tid 105965
365 50 tid 105965
160 tid 105965
Remove  tid 105965
FindTargetPageId rootid 51 tid 105965
target_page_id id: 1 tid 105965
0 1 tid 105965
365 50 tid 105965
159 tid 105965
Remove  tid 105965
FindTargetPageId rootid 51 tid 105965
target_page_id id: 1 tid 105965
0 1 tid 105965
365 50 tid 105965
158 tid 105965
Remove  tid 105965
FindTargetPageId rootid 51 tid 105965
target_page_id id: 1 tid 105965
0 1 tid 105965
365 50 tid 105965
157 tid 105965
Remove  tid 105965
FindTargetPageId rootid 51 tid 105965
target_page_id id: 1 tid 105965
0 1 tid 105965
365 50 tid 105965
156 tid 105965
Remove  tid 105965
FindTargetPageId rootid 51 tid 105965
target_page_id id: 1 tid 105965
0 1 tid 105965
365 50 tid 105965
155 tid 105965
Remove  tid 105965
FindTargetPageId rootid 51 tid 105965
target_page_id id: 1 tid 105965
0 1 tid 105965
365 50 tid 105965
154 tid 105965
Remove  tid 105965
FindTargetPageId rootid 51 tid 105965
target_page_id id: 1 tid 105965
0 1 tid 105965
365 50 tid 105965
153 tid 105965
Remove  tid 105965
FindTargetPageId rootid 51 tid 105965
target_page_id id: 1 tid 105965
0 1 tid 105965
365 50 tid 105965
152 tid 105965
Remove  tid 105965
FindTargetPageId rootid 51 tid 105964
target_page_id id: 1 tid 105964
0 1 tid 105964
365 50 tid 105964
151 tid 105964
Insert  tid 105964
FindTargetPageId rootid 51 tid 105966
target_page_id id: 50 tid 105966
0 1 tid 105966
365 50 tid 105966
161 tid 105966
Insert  tid 105966
FindTargetPageId rootid 51 tid 105965
target_page_id id: 1 tid 105965
0 1 tid 105965
365 50 tid 105965
151 tid 105965
Remove  tid 105965
FindTargetPageId rootid 51 tid 105965
target_page_id id: 1 tid 105965
0 1 tid 105965
365 50 tid 105965
150 tid 105965
Remove  tid 105965
FindTargetPageId rootid 51 tid 105965
target_page_id id: 1 tid 105965
0 1 tid 105965
365 50 tid 105965
149 tid 105965
Remove  tid 105965
FindTargetPageId rootid 51 tid 105965
target_page_id id: 1 tid 105965
0 1 tid 105965
365 50 tid 105965
148 tid 105965
Remove  tid 105965
FindTargetPageId rootid 51 tid 105966
target_page_id id: 50 tid 105966
0 1 tid 105966
365 50 tid 105966
162 tid 105966
Insert  tid 105966
FindTargetPageId rootid 51 tid 105966
target_page_id id: 50 tid 105966
0 1 tid 105966
365 50 tid 105966
163 tid 105966
Insert  tid 105966
FindTargetPageId rootid 51 tid 105966
target_page_id id: 50 tid 105966
0 1 tid 105966
365 50 tid 105966
164 tid 105966
Insert  tid 105966
FindTargetPageId rootid 51 tid 105964
target_page_id id: 1 tid 105964
0 1 tid 105964
365 50 tid 105964
147 tid 105964
Insert  tid 105964
FindTargetPageId rootid 51 tid 105965
target_page_id id: 1 tid 105965
0 1 tid 105965
365 50 tid 105965
147 tid 105965
Remove  tid 105965
FindTargetPageId rootid 51 tid 105966
target_page_id id: 50 tid 105966
0 1 tid 105966
365 50 tid 105966
165 tid 105966
Insert  tid 105966
FindTargetPageId rootid 51 tid 105966
target_page_id id: 50 tid 105966
0 1 tid 105966
365 50 tid 105966
166 tid 105966
Insert  tid 105966
FindTargetPageId rootid 51 tid 105966
target_page_id id: 50 tid 105966
0 1 tid 105966
365 50 tid 105966
167 tid 105966
Insert  tid 105966
FindTargetPageId rootid 51 tid 105966
target_page_id id: 50 tid 105966
0 1 tid 105966
365 50 tid 105966
168 tid 105966
Insert  tid 105966
FindTargetPageId rootid 51 tid 105966
target_page_id id: 50 tid 105966
0 1 tid 105966
365 50 tid 105966
169 tid 105966
Insert  tid 105966
FindTargetPageId rootid 51 tid 105966
target_page_id id: 50 tid 105966
0 1 tid 105966
365 50 tid 105966
170 tid 105966
Insert  tid 105966
FindTargetPageId rootid 51 tid 105966
target_page_id id: 50 tid 105966
0 1 tid 105966
365 50 tid 105966
171 tid 105966
Insert  tid 105966
FindTargetPageId rootid 51 tid 105966
target_page_id id: 50 tid 105966
0 1 tid 105966
365 50 tid 105966
172 tid 105966
Insert  tid 105966
FindTargetPageId rootid 51 tid 105966
target_page_id id: 50 tid 105966
0 1 tid 105966
365 50 tid 105966
173 tid 105966
Insert  tid 105966
FindTargetPageId rootid 51 tid 105964
target_page_id id: 1 tid 105964
0 1 tid 105964
365 50 tid 105964
146 tid 105964
Insert  tid 105964
FindTargetPageId rootid 51 tid 105964
target_page_id id: 1 tid 105964
0 1 tid 105964
365 50 tid 105964
146 tid 105964
Insert  tid 105964
FindTargetPageId rootid 51 tid 105964
target_page_id id: 1 tid 105964
0 1 tid 105964
365 50 tid 105964
146 tid 105964
Insert  tid 105964
FindTargetPageId rootid 51 tid 105964
target_page_id id: 1 tid 105964
0 1 tid 105964
365 50 tid 105964
146 tid 105964
Insert  tid 105964
FindTargetPageId rootid 51 tid 105964
target_page_id id: 1 tid 105964
0 1 tid 105964
365 50 tid 105964
146 tid 105964
Insert  tid 105964
FindTargetPageId rootid 51 tid 105964
target_page_id id: 1 tid 105964
0 1 tid 105964
365 50 tid 105964
146 tid 105964
Insert  tid 105964
FindTargetPageId rootid 51 tid 105964
target_page_id id: 1 tid 105964
0 1 tid 105964
365 50 tid 105964
146 tid 105964
Insert  tid 105964
FindTargetPageId rootid 51 tid 105964
target_page_id id: 1 tid 105964
0 1 tid 105964
365 50 tid 105964
146 tid 105964
FindTargetPageId rootid 51 tid 105965
target_page_id id: 1 tid 105965
0 1 tid 105965
365 50 tid 105965
146 tid 105965
Insert  tid 105964
FindTargetPageId rootid 51 tid 105964
target_page_id id: 1 tid 105964
0 1 tid 105964
365 50 tid 105964
145 tid 105964
Insert  tid 105964
Remove  tid 105965
FindTargetPageId rootid 51 tid 105966
target_page_id id: 50 tid 105966
0 1 tid 105966
365 50 tid 105966
174 tid 105966
Insert  tid 105966
FindTargetPageId rootid 51 tid 105966
target_page_id id: 50 tid 105966
0 1 tid 105966
365 50 tid 105966
175 tid 105966
Insert  tid 105966
FindTargetPageId rootid 51 tid 105964
target_page_id id: 1 tid 105964
0 1 tid 105964
365 50 tid 105964
145 tid 105964
Insert  tid 105964
FindTargetPageId rootid 51 tid 105964
target_page_id id: 50 tid 105964
0 1 tid 105964
365 50 tid 105964
176 tid 105964
Insert  tid 105964
FindTargetPageId rootid 51 tid 105965
target_page_id id: 1 tid 105965
0 1 tid 105965
365 50 tid 105965
145 tid 105965
Remove  tid 105965
FindTargetPageId rootid 51 tid 105965
target_page_id id: 1 tid 105965
0 1 tid 105965
365 50 tid 105965
144 tid 105965
Remove  tid 105965
FindTargetPageId rootid 51 tid 105965
target_page_id id: 1 tid 105965
0 1 tid 105965
365 50 tid 105965
143 tid 105965
Remove  tid 105965
FindTargetPageId rootid 51 tid 105965
target_page_id id: 1 tid 105965
0 1 tid 105965
365 50 tid 105965
142 tid 105965
Remove  tid 105965
FindTargetPageId rootid 51 tid 105965
target_page_id id: 1 tid 105965
0 1 tid 105965
365 50 tid 105965
141 tid 105965
Remove  tid 105965
FindTargetPageId rootid 51 tid 105965
target_page_id id: 1 tid 105965
0 1 tid 105965
365 50 tid 105965
140 tid 105965
Remove  tid 105965
FindTargetPageId rootid 51 tid 105965
target_page_id id: 1 tid 105965
0 1 tid 105965
365 50 tid 105965
139 tid 105965
Remove  tid 105965
FindTargetPageId rootid 51 tid 105964
target_page_id id: 50 tid 105964
0 1 tid 105964
365 50 tid 105964
176 tid 105964
Insert  tid 105964
FindTargetPageId rootid 51 tid 105966
target_page_id id: 50 tid 105966
0 1 tid 105966
365 50 tid 105966
176 tid 105966
Insert  tid 105966
FindTargetPageId rootid 51 tid 105966
target_page_id id: 50 tid 105966
0 1 tid 105966
365 50 tid 105966
177 tid 105966
Insert  tid 105966
FindTargetPageId rootid 51 tid 105966
target_page_id id: 50 tid 105966
0 1 tid 105966
365 50 tid 105966
178 tid 105966
Insert  tid 105966
FindTargetPageId rootid 51 tid 105966
target_page_id id: 50 tid 105966
0 1 tid 105966
365 50 tid 105966
179 tid 105966
Insert  tid 105966
FindTargetPageId rootid 51 tid 105966
target_page_id id: 50 tid 105966
0 1 tid 105966
365 50 tid 105966
180 tid 105966
Insert  tid 105966
FindTargetPageId rootid 51 tid 105966
target_page_id id: 50 tid 105966
0 1 tid 105966
365 50 tid 105966
181 tid 105966
Insert  tid 105966
FindTargetPageId rootid 51 tid 105966
target_page_id id: 50 tid 105966
0 1 tid 105966
365 50 tid 105966
182 tid 105966
Insert  tid 105966
FindTargetPageId rootid 51 tid 105966
target_page_id id: 50 tid 105966
0 1 tid 105966
365 50 tid 105966
183 tid 105966
Insert  tid 105966
FindTargetPageId rootid 51 tid 105966
target_page_id id: 50 tid 105966
0 1 tid 105966
365 50 tid 105966
184 tid 105966
Insert  tid 105966
FindTargetPageId rootid 51 tid 105966
target_page_id id: 50 tid 105966
0 1 tid 105966
365 50 tid 105966
185 tid 105966
Insert  tid 105966
FindTargetPageId rootid 51 tid 105966
target_page_id id: 50 tid 105966
0 1 tid 105966
365 50 tid 105966
186 tid 105966
Insert  tid 105966
FindTargetPageId rootid 51 tid 105966
target_page_id id: 50 tid 105966
0 1 tid 105966
365 50 tid 105966
187 tid 105966
Insert  tid 105966
FindTargetPageId rootid 51 tid 105966
target_page_id id: 50 tid 105966
0 1 tid 105966
365 50 tid 105966
188 tid 105966
Insert  tid 105966
FindTargetPageId rootid 51 tid 105966
target_page_id id: 50 tid 105966
0 1 tid 105966
365 50 tid 105966
189 tid 105966
Insert  tid 105966
FindTargetPageId rootid 51 tid 105966
target_page_id id: 50 tid 105966
0 1 tid 105966
365 50 tid 105966
190 tid 105966
Insert  tid 105966
FindTargetPageId rootid 51 tid 105966
target_page_id id: 50 tid 105966
0 1 tid 105966
365 50 tid 105966
191 tid 105966
Insert  tid 105966
FindTargetPageId rootid 51 tid 105965
target_page_id id: 1 tid 105965
0 1 tid 105965
365 50 tid 105965
138 tid 105965
Remove  tid 105965
FindTargetPageId rootid 51 tid 105964
target_page_id id: 50 tid 105964
0 1 tid 105964
365 50 tid 105964
192 tid 105964
Insert  tid 105964
FindTargetPageId rootid 51 tid 105966
target_page_id id: 50 tid 105966
0 1 tid 105966
365 50 tid 105966
192 tid 105966
Insert  tid 105966
FindTargetPageId rootid 51 tid 105966
target_page_id id: 50 tid 105966
0 1 tid 105966
365 50 tid 105966
193 tid 105966
Insert  tid 105966
FindTargetPageId rootid 51 tid 105966
target_page_id id: 50 tid 105966
0 1 tid 105966
365 50 tid 105966
194 tid 105966
Insert  tid 105966
FindTargetPageId rootid 51 tid 105964
target_page_id id: 50 tid 105964
0 1 tid 105964
365 50 tid 105964
195 tid 105964
FindTargetPageId rootid 51 tid 105965
target_page_id id: 1 tid 105965
0 1 tid 105965
365 50 tid 105965
137 tid 105965
Insert  tid 105964
Remove  tid 105965
FindTargetPageId rootid 51 tid 105964
target_page_id id: 50 tid 105964
0 1 tid 105964
365 50 tid 105964
195 tid 105964
Insert  tid 105964
FindTargetPageId rootid 51 tid 105965
target_page_id id: 1 tid 105965
0 1 tid 105965
365 50 tid 105965
136 tid 105965
Remove  tid 105965
FindTargetPageId rootid 51 tid 105965
target_page_id id: 1 tid 105965
0 1 tid 105965
365 50 tid 105965
135 tid 105965
Remove  tid 105965
FindTargetPageId rootid 51 tid 105966
target_page_id id: 50 tid 105966
0 1 tid 105966
365 50 tid 105966
195 tid 105966
Insert  tid 105966
FindTargetPageId rootid 51 tid 105966
target_page_id id: 50 tid 105966
0 1 tid 105966
365 50 tid 105966
196 tid 105966
Insert  tid 105966
FindTargetPageId rootid 51 tid 105966
target_page_id id: 50 tid 105966
0 1 tid 105966
365 50 tid 105966
197 tid 105966
Insert  tid 105966
FindTargetPageId rootid 51 tid 105966
target_page_id id: 50 tid 105966
0 1 tid 105966
365 50 tid 105966
198 tid 105966
Insert  tid 105966
FindTargetPageId rootid 51 tid 105966
target_page_id id: 50 tid 105966
0 1 tid 105966
365 50 tid 105966
199 tid 105966
Insert  tid 105966
FindTargetPageId rootid 51 tid 105966
target_page_id id: 50 tid 105966
0 1 tid 105966
365 50 tid 105966
200 tid 105966
Insert  tid 105966
FindTargetPageId rootid 51 tid 105966
target_page_id id: 50 tid 105966
0 1 tid 105966
365 50 tid 105966
201 tid 105966
Insert  tid 105966
FindTargetPageId rootid 51 tid 105966
target_page_id id: 50 tid 105966
0 1 tid 105966
365 50 tid 105966
202 tid 105966
Insert  tid 105966
FindTargetPageId rootid 51 tid 105964
target_page_id id: 50 tid 105964
0 1 tid 105964
365 50 tid 105964
203 tid 105964
Insert  tid 105964
FindTargetPageId rootid 51 tid 105965
target_page_id id: 1 tid 105965
0 1 tid 105965
365 50 tid 105965
134 tid 105965
Remove  tid 105965
FindTargetPageId rootid 51 tid 105966
target_page_id id: 50 tid 105966
0 1 tid 105966
365 50 tid 105966
203 tid 105966
Insert  tid 105966
FindTargetPageId rootid 51 tid 105964
target_page_id id: 50 tid 105964
0 1 tid 105964
365 50 tid 105964
204 tid 105964
FindTargetPageId rootid 51 tid 105965
target_page_id id: 1 tid 105965
0 1 tid 105965
365 50 tid 105965
133 tid 105965
Insert  tid 105964
Remove  tid 105965
FindTargetPageId rootid 51 tid 105964
target_page_id id: 50 tid 105964
0 1 tid 105964
365 50 tid 105964
204 tid 105964
Insert  tid 105964
FindTargetPageId rootid 51 tid 105966
target_page_id id: 50 tid 105966
0 1 tid 105966
365 50 tid 105966
204 tid 105966
Insert  tid 105966
FindTargetPageId rootid 51 tid 105966
target_page_id id: 50 tid 105966
0 1 tid 105966
365 50 tid 105966
205 tid 105966
Insert  tid 105966
FindTargetPageId rootid 51 tid 105966
target_page_id id: 50 tid 105966
0 1 tid 105966
365 50 tid 105966
206 tid 105966
Insert  tid 105966
FindTargetPageId rootid 51 tid 105964
target_page_id id: 50 tid 105964
0 1 tid 105964
365 50 tid 105964
207 tid 105964
Insert  tid 105964
FindTargetPageId rootid 51 tid 105964
target_page_id id: 50 tid 105964
0 1 tid 105964
365 50 tid 105964
207 tid 105964
Insert  tid 105964
FindTargetPageId rootid 51 tid 105964
target_page_id id: 50 tid 105964
0 1 tid 105964
365 50 tid 105964
207 tid 105964
Insert  tid 105964
FindTargetPageId rootid 51 tid 105965
target_page_id id: 1 tid 105965
0 1 tid 105965
365 50 tid 105965
132 tid 105965
Remove  tid 105965
FindTargetPageId rootid 51 tid 105966
target_page_id id: 50 tid 105966
0 1 tid 105966
365 50 tid 105966
207 tid 105966
Insert  tid 105966
FindTargetPageId rootid 51 tid 105964
target_page_id id: 50 tid 105964
0 1 tid 105964
365 50 tid 105964
208 tid 105964
Insert  tid 105964
FindTargetPageId rootid 51 tid 105965
target_page_id id: 1 tid 105965
0 1 tid 105965
365 50 tid 105965
131 tid 105965
Remove  tid 105965
FindTargetPageId rootid 51 tid 105965
target_page_id id: 1 tid 105965
0 1 tid 105965
365 50 tid 105965
130 tid 105965
Remove  tid 105965
FindTargetPageId rootid 51 tid 105965
target_page_id id: 1 tid 105965
0 1 tid 105965
365 50 tid 105965
129 tid 105965
Remove  tid 105965
FindTargetPageId rootid 51 tid 105964
target_page_id id: 50 tid 105964
0 1 tid 105964
365 50 tid 105964
208 tid 105964
Insert  tid 105964
FindTargetPageId rootid 51 tid 105964
target_page_id id: 50 tid 105964
0 1 tid 105964
365 50 tid 105964
208 tid 105964
Insert  tid 105964
FindTargetPageId rootid 51 tid 105964
target_page_id id: 50 tid 105964
0 1 tid 105964
365 50 tid 105964
208 tid 105964
Insert  tid 105964
FindTargetPageId rootid 51 tid 105964
target_page_id id: 50 tid 105964
0 1 tid 105964
365 50 tid 105964
208 tid 105964
Insert  tid 105964
FindTargetPageId rootid 51 tid 105966
target_page_id id: 50 tid 105966
0 1 tid 105966
365 50 tid 105966
208 tid 105966
Insert  tid 105966
FindTargetPageId rootid 51 tid 105966
target_page_id id: 50 tid 105966
0 1 tid 105966
365 50 tid 105966
209 tid 105966
Insert  tid 105966
FindTargetPageId rootid 51 tid 105966
target_page_id id: 50 tid 105966
0 1 tid 105966
365 50 tid 105966
210 tid 105966
Insert  tid 105966
FindTargetPageId rootid 51 tid 105965
target_page_id id: 1 tid 105965
0 1 tid 105965
365 50 tid 105965
128 tid 105965
Remove  tid 105965
FindTargetPageId rootid 51 tid 105964
target_page_id id: 50 tid 105964
0 1 tid 105964
365 50 tid 105964
211 tid 105964
Insert  tid 105964
FindTargetPageId rootid 51 tid 105964
target_page_id id: 50 tid 105964
0 1 tid 105964
365 50 tid 105964
211 tid 105964
Insert  tid 105964
FindTargetPageId rootid 51 tid 105964
target_page_id id: 50 tid 105964
0 1 tid 105964
365 50 tid 105964
211 tid 105964
Insert  tid 105964
FindTargetPageId rootid 51 tid 105964
target_page_id id: 50 tid 105964
0 1 tid 105964
365 50 tid 105964
211 tid 105964
Insert  tid 105964
FindTargetPageId rootid 51 tid 105966
target_page_id id: 50 tid 105966
0 1 tid 105966
365 50 tid 105966
211 tid 105966
Insert  tid 105966
FindTargetPageId rootid 51 tid 105965
target_page_id id: 1 tid 105965
0 1 tid 105965
365 50 tid 105965
127 tid 105965
Remove  tid 105965
FindTargetPageId rootid 51 tid 105964
target_page_id id: 50 tid 105964
0 1 tid 105964
366 50 tid 105964
211 tid 105964
Insert  tid 105964
FindTargetPageId rootid 51 tid 105964
target_page_id id: 50 tid 105964
0 1 tid 105964
366 50 tid 105964
211 tid 105964
Insert  tid 105964
FindTargetPageId rootid 51 tid 105964
target_page_id id: 50 tid 105964
0 1 tid 105964
366 50 tid 105964
211 tid 105964
Insert  tid 105964
FindTargetPageId rootid 51 tid 105966
target_page_id id: 50 tid 105966
0 1 tid 105966
366 50 tid 105966
211 tid 105966
Insert  tid 105966
FindTargetPageId rootid 51 tid 105966
target_page_id id: 50 tid 105966
0 1 tid 105966
366 50 tid 105966
212 tid 105966
Insert  tid 105966
FindTargetPageId rootid 51 tid 105966
target_page_id id: 50 tid 105966
0 1 tid 105966
366 50 tid 105966
213 tid 105966
Insert  tid 105966
FindTargetPageId rootid 51 tid 105966
target_page_id id: 50 tid 105966
0 1 tid 105966
366 50 tid 105966
214 tid 105966
Insert  tid 105966
FindTargetPageId rootid 51 tid 105966
target_page_id id: 50 tid 105966
0 1 tid 105966
366 50 tid 105966
215 tid 105966
Insert  tid 105966
FindTargetPageId rootid 51 tid 105966
target_page_id id: 50 tid 105966
0 1 tid 105966
366 50 tid 105966
216 tid 105966
Insert  tid 105966
FindTargetPageId rootid 51 tid 105966
target_page_id id: 50 tid 105966
0 1 tid 105966
366 50 tid 105966
217 tid 105966
Insert  tid 105966
FindTargetPageId rootid 51 tid 105966
target_page_id id: 50 tid 105966
0 1 tid 105966
366 50 tid 105966
218 tid 105966
Insert  tid 105966
FindTargetPageId rootid 51 tid 105966
target_page_id id: 50 tid 105966
0 1 tid 105966
366 50 tid 105966
219 tid 105966
Insert  tid 105966
FindTargetPageId rootid 51 tid 105965
target_page_id id: 1 tid 105965
0 1 tid 105965
366 50 tid 105965
127 tid 105965
Remove  tid 105965
FindTargetPageId rootid 51 tid 105965
target_page_id id: 1 tid 105965
0 1 tid 105965
367 50 tid 105965
127 tid 105965
Remove  tid 105965
FindTargetPageId rootid 51 tid 105965
target_page_id id: 1 tid 105965
0 1 tid 105965
368 50 tid 105965
127 tid 105965
Remove  tid 105965
FindTargetPageId rootid 51 tid 105965
target_page_id id: 1 tid 105965
0 1 tid 105965
369 50 tid 105965
127 tid 105965
Remove  tid 105965
FindTargetPageId rootid 51 tid 105964
target_page_id id: 50 tid 105964
0 1 tid 105964
370 50 tid 105964
216 tid 105964
Insert  tid 105964
FindTargetPageId rootid 51 tid 105964
target_page_id id: 50 tid 105964
0 1 tid 105964
370 50 tid 105964
216 tid 105964
Insert  tid 105964
FindTargetPageId rootid 51 tid 105966
target_page_id id: 50 tid 105966
0 1 tid 105966
370 50 tid 105966
216 tid 105966
Insert  tid 105966
FindTargetPageId rootid 51 tid 105966
target_page_id id: 50 tid 105966
0 1 tid 105966
370 50 tid 105966
217 tid 105966
Insert  tid 105966
FindTargetPageId rootid 51 tid 105966
target_page_id id: 50 tid 105966
0 1 tid 105966
370 50 tid 105966
218 tid 105966
Insert  tid 105966
FindTargetPageId rootid 51 tid 105966
target_page_id id: 50 tid 105966
0 1 tid 105966
370 50 tid 105966
219 tid 105966
Insert  tid 105966
FindTargetPageId rootid 51 tid 105966
target_page_id id: 50 tid 105966
0 1 tid 105966
370 50 tid 105966
220 tid 105966
Insert  tid 105966
FindTargetPageId rootid 51 tid 105966
target_page_id id: 50 tid 105966
0 1 tid 105966
370 50 tid 105966
221 tid 105966
Insert  tid 105966
FindTargetPageId rootid 51 tid 105965
target_page_id id: 1 tid 105965
0 1 tid 105965
370 50 tid 105965
127 tid 105965
Remove  tid 105965
FindTargetPageId rootid 51 tid 105965
target_page_id id: 1 tid 105965
0 1 tid 105965
371 50 tid 105965
127 tid 105965
Remove  tid 105965
FindTargetPageId rootid 51 tid 105965
target_page_id id: 1 tid 105965
0 1 tid 105965
372 50 tid 105965
127 tid 105965
Remove  tid 105965
FindTargetPageId rootid 51 tid 105966
target_page_id id: 50 tid 105966
0 1 tid 105966
373 50 tid 105966
219 tid 105966
Insert  tid 105966
FindTargetPageId rootid 51 tid 105964
target_page_id id: 50 tid 105964
0 1 tid 105964
373 50 tid 105964
220 tid 105964
Insert  tid 105964
FindTargetPageId rootid 51 tid 105965
target_page_id id: 1 tid 105965
0 1 tid 105965
373 50 tid 105965
127 tid 105965
Remove  tid 105965
FindTargetPageId rootid 51 tid 105966
target_page_id id: 50 tid 105966
0 1 tid 105966
374 50 tid 105966
219 tid 105966
Insert  tid 105966
FindTargetPageId rootid 51 tid 105964
target_page_id id: 50 tid 105964
0 1 tid 105964
374 50 tid 105964
220 tid 105964
Insert  tid 105964
FindTargetPageId rootid 51 tid 105965
target_page_id id: 1 tid 105965
0 1 tid 105965
374 50 tid 105965
127 tid 105965
Remove  tid 105965
FindTargetPageId rootid 51 tid 105965
target_page_id id: 1 tid 105965
0 1 tid 105965
375 50 tid 105965
127 tid 105965
Remove  tid 105965
FindTargetPageId rootid 51 tid 105964
target_page_id id: 50 tid 105964
0 1 tid 105964
376 50 tid 105964
218 tid 105964
Insert  tid 105964
FindTargetPageId rootid 51 tid 105964
target_page_id id: 50 tid 105964
0 1 tid 105964
376 50 tid 105964
218 tid 105964
Insert  tid 105964
FindTargetPageId rootid 51 tid 105964
target_page_id id: 50 tid 105964
0 1 tid 105964
376 50 tid 105964
218 tid 105964
Insert  tid 105964
FindTargetPageId rootid 51 tid 105964
target_page_id id: 50 tid 105964
0 1 tid 105964
376 50 tid 105964
218 tid 105964
Insert  tid 105964
FindTargetPageId rootid 51 tid 105964
target_page_id id: 50 tid 105964
0 1 tid 105964
376 50 tid 105964
218 tid 105964
Insert  tid 105964
FindTargetPageId rootid 51 tid 105964
target_page_id id: 50 tid 105964
0 1 tid 105964
376 50 tid 105964
218 tid 105964
Insert  tid 105964
FindTargetPageId rootid 51 tid 105964
target_page_id id: 50 tid 105964
0 1 tid 105964
376 50 tid 105964
218 tid 105964
Insert  tid 105964
FindTargetPageId rootid 51 tid 105964
target_page_id id: 50 tid 105964
0 1 tid 105964
376 50 tid 105964
218 tid 105964
Insert  tid 105964
FindTargetPageId rootid 51 tid 105964
target_page_id id: 50 tid 105964
0 1 tid 105964
376 50 tid 105964
218 tid 105964
Insert  tid 105964
FindTargetPageId rootid 51 tid 105966
target_page_id id: 50 tid 105966
0 1 tid 105966
376 50 tid 105966
218 tid 105966
Insert  tid 105966
FindTargetPageId rootid 51 tid 105965
target_page_id id: 1 tid 105965
0 1 tid 105965
376 50 tid 105965
127 tid 105965
Remove  tid 105965
FindTargetPageId rootid 51 tid 105964
target_page_id id: 50 tid 105964
0 1 tid 105964
377 50 tid 105964
218 tid 105964
Insert  tid 105964
FindTargetPageId rootid 51 tid 105964
target_page_id id: 50 tid 105964
0 1 tid 105964
377 50 tid 105964
218 tid 105964
Insert  tid 105964
FindTargetPageId rootid 51 tid 105964
target_page_id id: 50 tid 105964
0 1 tid 105964
377 50 tid 105964
218 tid 105964
Insert  tid 105964
FindTargetPageId rootid 51 tid 105964
target_page_id id: 50 tid 105964
0 1 tid 105964
377 50 tid 105964
218 tid 105964
Insert  tid 105964
FindTargetPageId rootid 51 tid 105964
target_page_id id: 50 tid 105964
0 1 tid 105964
377 50 tid 105964
218 tid 105964
Insert  tid 105964
FindTargetPageId rootid 51 tid 105965
target_page_id id: 1 tid 105965
0 1 tid 105965
377 50 tid 105965
127 tid 105965
Remove  tid 105965
FindTargetPageId rootid 51 tid 105965
target_page_id id: 1 tid 105965
0 1 tid 105965
378 50 tid 105965
127 tid 105965
Remove  tid 105965
FindTargetPageId rootid 51 tid 105965
target_page_id id: 1 tid 105965
0 1 tid 105965
379 50 tid 105965
127 tid 105965
Remove  tid 105965
FindTargetPageId rootid 51 tid 105965
target_page_id id: 1 tid 105965
0 1 tid 105965
380 50 tid 105965
127 tid 105965
Remove  tid 105965
FindTargetPageId rootid 51 tid 105965
target_page_id id: 1 tid 105965
0 1 tid 105965
381 50 tid 105965
127 tid 105965
Remove  tid 105965
FindTargetPageId rootid 51 tid 105966
target_page_id id: 50 tid 105966
0 1 tid 105966
382 50 tid 105966
213 tid 105966
Insert  tid 105966
FindTargetPageId rootid 51 tid 105966
target_page_id id: 50 tid 105966
0 1 tid 105966
382 50 tid 105966
214 tid 105966
Insert  tid 105966
FindTargetPageId rootid 51 tid 105965
target_page_id id: 1 tid 105965
0 1 tid 105965
382 50 tid 105965
127 tid 105965
Remove  tid 105965
FindTargetPageId rootid 51 tid 105965
target_page_id id: 1 tid 105965
0 1 tid 105965
383 50 tid 105965
127 tid 105965
Remove  tid 105965
FindTargetPageId rootid 51 tid 105965
target_page_id id: 1 tid 105965
0 1 tid 105965
384 50 tid 105965
127 tid 105965
Remove  tid 105965
FindTargetPageId rootid 51 tid 105965
target_page_id id: 1 tid 105965
0 1 tid 105965
385 50 tid 105965
127 tid 105965
Remove  tid 105965
FindTargetPageId rootid 51 tid 105965
target_page_id id: 1 tid 105965
0 1 tid 105965
386 50 tid 105965
127 tid 105965
Remove  tid 105965
FindTargetPageId rootid 51 tid 105965
target_page_id id: 1 tid 105965
0 1 tid 105965
387 50 tid 105965
127 tid 105965
Remove  tid 105965
FindTargetPageId rootid 51 tid 105964
target_page_id id: 50 tid 105964
0 1 tid 105964
388 50 tid 105964
209 tid 105964
Insert  tid 105964
FindTargetPageId rootid 51 tid 105964
target_page_id id: 50 tid 105964
0 1 tid 105964
388 50 tid 105964
209 tid 105964
Insert  tid 105964
FindTargetPageId rootid 51 tid 105964
target_page_id id: 50 tid 105964
0 1 tid 105964
388 50 tid 105964
209 tid 105964
Insert  tid 105964
FindTargetPageId rootid 51 tid 105964
target_page_id id: 50 tid 105964
0 1 tid 105964
388 50 tid 105964
209 tid 105964
Insert  tid 105964
FindTargetPageId rootid 51 tid 105964
target_page_id id: 50 tid 105964
0 1 tid 105964
388 50 tid 105964
209 tid 105964
Insert  tid 105964
FindTargetPageId rootid 51 tid 105964
target_page_id id: 50 tid 105964
0 1 tid 105964
388 50 tid 105964
209 tid 105964
Insert  tid 105964
FindTargetPageId rootid 51 tid 105964
target_page_id id: 50 tid 105964
0 1 tid 105964
388 50 tid 105964
209 tid 105964
Insert  tid 105964
FindTargetPageId rootid 51 tid 105964
target_page_id id: 50 tid 105964
0 1 tid 105964
388 50 tid 105964
209 tid 105964
Insert  tid 105964
FindTargetPageId rootid 51 tid 105964
target_page_id id: 50 tid 105964
0 1 tid 105964
388 50 tid 105964
209 tid 105964
Insert  tid 105964
FindTargetPageId rootid 51 tid 105964
target_page_id id: 50 tid 105964
0 1 tid 105964
388 50 tid 105964
209 tid 105964
Insert  tid 105964
FindTargetPageId rootid 51 tid 105964
target_page_id id: 50 tid 105964
0 1 tid 105964
388 50 tid 105964
209 tid 105964
Insert  tid 105964
FindTargetPageId rootid 51 tid 105966
target_page_id id: 50 tid 105966
0 1 tid 105966
388 50 tid 105966
209 tid 105966
Insert  tid 105966
FindTargetPageId rootid 51 tid 105965
target_page_id id: 1 tid 105965
0 1 tid 105965
388 50 tid 105965
127 tid 105965
Remove  tid 105965
FindTargetPageId rootid 51 tid 105964
target_page_id id: 50 tid 105964
0 1 tid 105964
389 50 tid 105964
209 tid 105964
Insert  tid 105964
FindTargetPageId rootid 51 tid 105964
target_page_id id: 50 tid 105964
0 1 tid 105964
389 50 tid 105964
209 tid 105964
Insert  tid 105964
FindTargetPageId rootid 51 tid 105964
target_page_id id: 50 tid 105964
0 1 tid 105964
389 50 tid 105964
209 tid 105964
Insert  tid 105964
FindTargetPageId rootid 51 tid 105964
target_page_id id: 50 tid 105964
0 1 tid 105964
389 50 tid 105964
209 tid 105964
Insert  tid 105964
FindTargetPageId rootid 51 tid 105966
target_page_id id: 50 tid 105966
0 1 tid 105966
389 50 tid 105966
209 tid 105966
Insert  tid 105966
FindTargetPageId rootid 51 tid 105966
target_page_id id: 50 tid 105966
0 1 tid 105966
389 50 tid 105966
210 tid 105966
Insert  tid 105966
FindTargetPageId rootid 51 tid 105966
target_page_id id: 50 tid 105966
0 1 tid 105966
389 50 tid 105966
211 tid 105966
Insert  tid 105966
FindTargetPageId rootid 51 tid 105966
target_page_id id: 50 tid 105966
0 1 tid 105966
389 50 tid 105966
212 tid 105966
Insert  tid 105966
FindTargetPageId rootid 51 tid 105964
target_page_id id: 50 tid 105964
0 1 tid 105964
389 50 tid 105964
213 tid 105964
Insert  tid 105964
FindTargetPageId rootid 51 tid 105965
target_page_id id: 1 tid 105965
0 1 tid 105965
389 50 tid 105965
127 tid 105965
Remove  tid 105965
FindTargetPageId rootid 51 tid 105966
target_page_id id: 50 tid 105966
0 1 tid 105966
390 50 tid 105966
212 tid 105966
Insert  tid 105966
FindTargetPageId rootid 51 tid 105966
target_page_id id: 50 tid 105966
0 1 tid 105966
390 50 tid 105966
213 tid 105966
Insert  tid 105966
FindTargetPageId rootid 51 tid 105966
target_page_id id: 50 tid 105966
0 1 tid 105966
390 50 tid 105966
214 tid 105966
Insert  tid 105966
FindTargetPageId rootid 51 tid 105966
target_page_id id: 50 tid 105966
0 1 tid 105966
390 50 tid 105966
215 tid 105966
Insert  tid 105966
FindTargetPageId rootid 51 tid 105966
target_page_id id: 50 tid 105966
0 1 tid 105966
390 50 tid 105966
216 tid 105966
Insert  tid 105966
FindTargetPageId rootid 51 tid 105966
target_page_id id: 50 tid 105966
0 1 tid 105966
390 50 tid 105966
217 tid 105966
Insert  tid 105966
FindTargetPageId rootid 51 tid 105966
target_page_id id: 50 tid 105966
0 1 tid 105966
390 50 tid 105966
218 tid 105966
Insert  tid 105966
FindTargetPageId rootid 51 tid 105966
target_page_id id: 50 tid 105966
0 1 tid 105966
390 50 tid 105966
219 tid 105966
Insert  tid 105966
FindTargetPageId rootid 51 tid 105966
target_page_id id: 50 tid 105966
0 1 tid 105966
390 50 tid 105966
220 tid 105966
Insert  tid 105966
FindTargetPageId rootid 51 tid 105966
target_page_id id: 50 tid 105966
0 1 tid 105966
390 50 tid 105966
221 tid 105966
Insert  tid 105966
FindTargetPageId rootid 51 tid 105966
target_page_id id: 50 tid 105966
0 1 tid 105966
390 50 tid 105966
222 tid 105966
Insert  tid 105966
FindTargetPageId rootid 51 tid 105966
target_page_id id: 50 tid 105966
0 1 tid 105966
390 50 tid 105966
223 tid 105966
Insert  tid 105966
FindTargetPageId rootid 51 tid 105966
target_page_id id: 50 tid 105966
0 1 tid 105966
390 50 tid 105966
224 tid 105966
Insert  tid 105966
FindTargetPageId rootid 51 tid 105966
target_page_id id: 50 tid 105966
0 1 tid 105966
390 50 tid 105966
225 tid 105966
Insert  tid 105966
FindTargetPageId rootid 51 tid 105964
target_page_id id: 50 tid 105964
0 1 tid 105964
390 50 tid 105964
226 tid 105964
Insert  tid 105964
FindTargetPageId rootid 51 tid 105964
target_page_id id: 50 tid 105964
0 1 tid 105964
390 50 tid 105964
226 tid 105964
Insert  tid 105964
FindTargetPageId rootid 51 tid 105965
target_page_id id: 1 tid 105965
0 1 tid 105965
390 50 tid 105965
127 tid 105965
FindTargetPageId rootid 51 tid 105966
target_page_id id: 50 tid 105966
0 1 tid 105966
391 50 tid 105966
Remove  tid 105965
225 tid 105966
Insert  tid 105966
FindTargetPageId rootid 51 tid 105966
target_page_id id: 50 tid 105966
0 1 tid 105966
391 50 tid 105966
226 tid 105966
Insert  tid 105966
FindTargetPageId rootid 51 tid 105966
target_page_id id: 50 tid 105966
0 1 tid 105966
391 50 tid 105966
227 tid 105966
Insert  tid 105966
FindTargetPageId rootid 51 tid 105966
target_page_id id: 50 tid 105966
0 1 tid 105966
391 50 tid 105966
228 tid 105966
Insert  tid 105966
FindTargetPageId rootid 51 tid 105966
target_page_id id: 50 tid 105966
0 1 tid 105966
391 50 tid 105966
229 tid 105966
Insert  tid 105966
FindTargetPageId rootid 51 tid 105966
target_page_id id: 50 tid 105966
0 1 tid 105966
391 50 tid 105966
230 tid 105966
Insert  tid 105966
FindTargetPageId rootid 51 tid 105966
target_page_id id: 50 tid 105966
0 1 tid 105966
391 50 tid 105966
231 tid 105966
Insert  tid 105966
FindTargetPageId rootid 51 tid 105966
target_page_id id: 50 tid 105966
0 1 tid 105966
391 50 tid 105966
232 tid 105966
Insert  tid 105966
FindTargetPageId rootid 51 tid 105966
target_page_id id: 50 tid 105966
0 1 tid 105966
391 50 tid 105966
233 tid 105966
Insert  tid 105966
FindTargetPageId rootid 51 tid 105966
target_page_id id: 50 tid 105966
0 1 tid 105966
391 50 tid 105966
234 tid 105966
Insert  tid 105966
FindTargetPageId rootid 51 tid 105966
target_page_id id: 50 tid 105966
0 1 tid 105966
391 50 tid 105966
235 tid 105966
Insert  tid 105966
FindTargetPageId rootid 51 tid 105966
target_page_id id: 50 tid 105966
0 1 tid 105966
391 50 tid 105966
236 tid 105966
Insert  tid 105966
FindTargetPageId rootid 51 tid 105966
target_page_id id: 50 tid 105966
0 1 tid 105966
391 50 tid 105966
237 tid 105966
Insert  tid 105966
FindTargetPageId rootid 51 tid 105966
target_page_id id: 50 tid 105966
0 1 tid 105966
391 50 tid 105966
238 tid 105966
Insert  tid 105966
FindTargetPageId rootid 51 tid 105966
target_page_id id: 50 tid 105966
0 1 tid 105966
391 50 tid 105966
239 tid 105966
Insert  tid 105966
FindTargetPageId rootid 51 tid 105966
target_page_id id: 50 tid 105966
0 1 tid 105966
391 50 tid 105966
240 tid 105966
Insert  tid 105966
FindTargetPageId rootid 51 tid 105966
target_page_id id: 50 tid 105966
0 1 tid 105966
391 50 tid 105966
241 tid 105966
Insert  tid 105966
FindTargetPageId rootid 51 tid 105966
target_page_id id: 50 tid 105966
0 1 tid 105966
391 50 tid 105966
242 tid 105966
Insert  tid 105966
FindTargetPageId rootid 51 tid 105964
target_page_id id: 50 tid 105964
0 1 tid 105964
391 50 tid 105964
243 tid 105964
Insert  tid 105964
FindTargetPageId rootid 51 tid 105964
target_page_id id: 50 tid 105964
0 1 tid 105964
391 50 tid 105964
243 tid 105964
Insert  tid 105964
FindTargetPageId rootid 51 tid 105964
target_page_id id: 50 tid 105964
0 1 tid 105964
391 50 tid 105964
243 tid 105964
Insert  tid 105964
FindTargetPageId rootid 51 tid 105964
target_page_id id: 50 tid 105964
0 1 tid 105964
391 50 tid 105964
243 tid 105964
Insert  tid 105964
FindTargetPageId rootid 51 tid 105964
target_page_id id: 50 tid 105964
0 1 tid 105964
391 50 tid 105964
243 tid 105964
Insert  tid 105964
FindTargetPageId rootid 51 tid 105964
target_page_id id: 50 tid 105964
0 1 tid 105964
391 50 tid 105964
243 tid 105964
Insert  tid 105964
FindTargetPageId rootid 51 tid 105964
target_page_id id: 50 tid 105964
0 1 tid 105964
391 50 tid 105964
243 tid 105964
Insert  tid 105964
FindTargetPageId rootid 51 tid 105964
target_page_id id: 50 tid 105964
0 1 tid 105964
391 50 tid 105964
243 tid 105964
Insert  tid 105964
FindTargetPageId rootid 51 tid 105964
target_page_id id: 50 tid 105964
0 1 tid 105964
391 50 tid 105964
243 tid 105964
Insert  tid 105964
FindTargetPageId rootid 51 tid 105965
target_page_id id: 1 tid 105965
0 1 tid 105965
391 50 tid 105965
127 tid 105965
Remove  tid 105965
FindTargetPageId rootid 51 tid 105965
target_page_id id: 1 tid 105965
0 1 tid 105965
392 50 tid 105965
127 tid 105965
Remove  tid 105965
FindTargetPageId rootid 51 tid 105965
target_page_id id: 1 tid 105965
0 1 tid 105965
393 50 tid 105965
127 tid 105965
Remove  tid 105965
FindTargetPageId rootid 51 tid 105965
target_page_id id: 1 tid 105965
0 1 tid 105965
394 50 tid 105965
127 tid 105965
Remove  tid 105965
FindTargetPageId rootid 51 tid 105966
target_page_id id: 50 tid 105966
0 1 tid 105966
395 50 tid 105966
239 tid 105966
Insert  tid 105966
FindTargetPageId rootid 51 tid 105966
target_page_id id: 50 tid 105966
0 1 tid 105966
395 50 tid 105966
240 tid 105966
Insert  tid 105966
FindTargetPageId rootid 51 tid 105966
target_page_id id: 50 tid 105966
0 1 tid 105966
395 50 tid 105966
241 tid 105966
Insert  tid 105966
FindTargetPageId rootid 51 tid 105966
target_page_id id: 50 tid 105966
0 1 tid 105966
395 50 tid 105966
242 tid 105966
Insert  tid 105966
FindTargetPageId rootid 51 tid 105964
target_page_id id: 50 tid 105964
0 1 tid 105964
395 50 tid 105964
243 tid 105964
Insert  tid 105964
FindTargetPageId rootid 51 tid 105964
target_page_id id: 50 tid 105964
0 1 tid 105964
395 50 tid 105964
243 tid 105964
Insert  tid 105964
FindTargetPageId rootid 51 tid 105966
target_page_id id: 50 tid 105966
0 1 tid 105966
395 50 tid 105966
243 tid 105966
Insert  tid 105966
FindTargetPageId rootid 51 tid 105965
target_page_id id: 1 tid 105965
0 1 tid 105965
395 50 tid 105965
127 tid 105965
FindTargetPageId rootid 51 tid 105964
target_page_id id: 50 tid 105964
0 1 tid 105964
396 50 tid 105964
Remove  tid 105965
243 tid 105964
Insert  tid 105964
FindTargetPageId rootid 51 tid 105966
target_page_id id: 50 tid 105966
0 1 tid 105966
396 50 tid 105966
243 tid 105966
Insert  tid 105966
FindTargetPageId rootid 51 tid 105965
target_page_id id: 1 tid 105965
0 1 tid 105965
396 50 tid 105965
127 tid 105965
Remove  tid 105965
FindTargetPageId rootid 51 tid 105964
target_page_id id: 50 tid 105964
0 1 tid 105964
397 50 tid 105964
243 tid 105964
FindTargetPageId rootid 51 tid 105966
target_page_id id: 50 tid 105966
0 1 tid 105966
397 50 tid 105966
243 tid 105966
Insert  tid 105964
Insert  tid 105966
FindTargetPageId rootid 51 tid 105965
target_page_id id: 1 tid 105965
0 1 tid 105965
397 50 tid 105965
127 tid 105965
Remove  tid 105965
FindTargetPageId rootid 51 tid 105964
target_page_id id: 50 tid 105964
0 1 tid 105964
398 50 tid 105964
243 tid 105964
Insert  tid 105964
FindTargetPageId rootid 51 tid 105966
target_page_id id: 50 tid 105966
0 1 tid 105966
398 50 tid 105966
243 tid 105966
Insert  tid 105966
FindTargetPageId rootid 51 tid 105965
target_page_id id: 1 tid 105965
0 1 tid 105965
398 50 tid 105965
127 tid 105965
Remove  tid 105965
FindTargetPageId rootid 51 tid 105964
target_page_id id: 50 tid 105964
0 1 tid 105964
399 50 tid 105964
243 tid 105964
Insert  tid 105964
FindTargetPageId rootid 51 tid 105964
target_page_id id: 50 tid 105964
0 1 tid 105964
399 50 tid 105964
243 tid 105964
Insert  tid 105964
FindTargetPageId rootid 51 tid 105964
target_page_id id: 50 tid 105964
0 1 tid 105964
399 50 tid 105964
243 tid 105964
Insert  tid 105964
FindTargetPageId rootid 51 tid 105964
target_page_id id: 50 tid 105964
0 1 tid 105964
399 50 tid 105964
243 tid 105964
Insert  tid 105964
FindTargetPageId rootid 51 tid 105964
target_page_id id: 50 tid 105964
0 1 tid 105964
399 50 tid 105964
243 tid 105964
Insert  tid 105964
FindTargetPageId rootid 51 tid 105964
target_page_id id: 50 tid 105964
0 1 tid 105964
399 50 tid 105964
243 tid 105964
Insert  tid 105964
FindTargetPageId rootid 51 tid 105964
target_page_id id: 50 tid 105964
0 1 tid 105964
399 50 tid 105964
243 tid 105964
Insert  tid 105964
FindTargetPageId rootid 51 tid 105964
target_page_id id: 50 tid 105964
0 1 tid 105964
399 50 tid 105964
243 tid 105964
Insert  tid 105964
FindTargetPageId rootid 51 tid 105964
target_page_id id: 50 tid 105964
0 1 tid 105964
399 50 tid 105964
243 tid 105964
Insert  tid 105964
FindTargetPageId rootid 51 tid 105964
target_page_id id: 50 tid 105964
0 1 tid 105964
399 50 tid 105964
243 tid 105964
Insert  tid 105964
FindTargetPageId rootid 51 tid 105964
target_page_id id: 50 tid 105964
0 1 tid 105964
399 50 tid 105964
243 tid 105964
Insert  tid 105964
FindTargetPageId rootid 51 tid 105964
target_page_id id: 50 tid 105964
0 1 tid 105964
399 50 tid 105964
243 tid 105964
Insert  tid 105964
FindTargetPageId rootid 51 tid 105964
target_page_id id: 50 tid 105964
0 1 tid 105964
399 50 tid 105964
243 tid 105964
Insert  tid 105964
FindTargetPageId rootid 51 tid 105964
target_page_id id: 50 tid 105964
0 1 tid 105964
399 50 tid 105964
243 tid 105964
Insert  tid 105964
FindTargetPageId rootid 51 tid 105964
target_page_id id: 50 tid 105964
0 1 tid 105964
399 50 tid 105964
243 tid 105964
Insert  tid 105964
FindTargetPageId rootid 51 tid 105964
target_page_id id: 50 tid 105964
0 1 tid 105964
399 50 tid 105964
243 tid 105964
Insert  tid 105964
FindTargetPageId rootid 51 tid 105964
target_page_id id: 50 tid 105964
0 1 tid 105964
399 50 tid 105964
243 tid 105964
Insert  tid 105964
FindTargetPageId rootid 51 tid 105964
target_page_id id: 50 tid 105964
0 1 tid 105964
399 50 tid 105964
243 tid 105964
Insert  tid 105964
FindTargetPageId rootid 51 tid 105964
target_page_id id: 50 tid 105964
0 1 tid 105964
399 50 tid 105964
243 tid 105964
Insert  tid 105964
FindTargetPageId rootid 51 tid 105964
target_page_id id: 50 tid 105964
0 1 tid 105964
399 50 tid 105964
243 tid 105964
Insert  tid 105964
FindTargetPageId rootid 51 tid 105964
target_page_id id: 50 tid 105964
0 1 tid 105964
399 50 tid 105964
243 tid 105964
Insert  tid 105964
FindTargetPageId rootid 51 tid 105964
target_page_id id: 50 tid 105964
0 1 tid 105964
399 50 tid 105964
243 tid 105964
Insert  tid 105964
FindTargetPageId rootid 51 tid 105964
target_page_id id: 50 tid 105964
0 1 tid 105964
399 50 tid 105964
243 tid 105964
Insert  tid 105964
FindTargetPageId rootid 51 tid 105964
target_page_id id: 50 tid 105964
0 1 tid 105964
399 50 tid 105964
243 tid 105964
Insert  tid 105964
FindTargetPageId rootid 51 tid 105964
target_page_id id: 50 tid 105964
0 1 tid 105964
399 50 tid 105964
243 tid 105964
Insert  tid 105964
FindTargetPageId rootid 51 tid 105964
target_page_id id: 50 tid 105964
0 1 tid 105964
399 50 tid 105964
243 tid 105964
Insert  tid 105964
FindTargetPageId rootid 51 tid 105964
target_page_id id: 50 tid 105964
0 1 tid 105964
399 50 tid 105964
243 tid 105964
Insert  tid 105964
FindTargetPageId rootid 51 tid 105964
target_page_id id: 50 tid 105964
0 1 tid 105964
399 50 tid 105964
243 tid 105964
Insert  tid 105964
FindTargetPageId rootid 51 tid 105964
target_page_id id: 50 tid 105964
0 1 tid 105964
399 50 tid 105964
243 tid 105964
Insert  tid 105964
FindTargetPageId rootid 51 tid 105964
target_page_id id: 50 tid 105964
0 1 tid 105964
399 50 tid 105964
243 tid 105964
Insert  tid 105964
FindTargetPageId rootid 51 tid 105964
target_page_id id: 50 tid 105964
0 1 tid 105964
399 50 tid 105964
243 tid 105964
Insert  tid 105964
FindTargetPageId rootid 51 tid 105964
target_page_id id: 50 tid 105964
0 1 tid 105964
399 50 tid 105964
243 tid 105964
Insert  tid 105964
FindTargetPageId rootid 51 tid 105964
target_page_id id: 50 tid 105964
0 1 tid 105964
399 50 tid 105964
243 tid 105964
Insert  tid 105964
FindTargetPageId rootid 51 tid 105964
target_page_id id: 50 tid 105964
0 1 tid 105964
399 50 tid 105964
243 tid 105964
Insert  tid 105964
FindTargetPageId rootid 51 tid 105964
target_page_id id: 50 tid 105964
0 1 tid 105964
399 50 tid 105964
243 tid 105964
Insert  tid 105964
FindTargetPageId rootid 51 tid 105964
target_page_id id: 50 tid 105964
0 1 tid 105964
399 50 tid 105964
243 tid 105964
Insert  tid 105964
FindTargetPageId rootid 51 tid 105964
target_page_id id: 50 tid 105964
0 1 tid 105964
399 50 tid 105964
243 tid 105964
Insert  tid 105964
FindTargetPageId rootid 51 tid 105964
target_page_id id: 50 tid 105964
0 1 tid 105964
399 50 tid 105964
243 tid 105964
Insert  tid 105964
FindTargetPageId rootid 51 tid 105964
target_page_id id: 50 tid 105964
0 1 tid 105964
399 50 tid 105964
243 tid 105964
Insert  tid 105964
FindTargetPageId rootid 51 tid 105964
target_page_id id: 50 tid 105964
0 1 tid 105964
399 50 tid 105964
243 tid 105964
Insert  tid 105964
FindTargetPageId rootid 51 tid 105964
target_page_id id: 50 tid 105964
0 1 tid 105964
399 50 tid 105964
243 tid 105964
Insert  tid 105964
FindTargetPageId rootid 51 tid 105964
target_page_id id: 50 tid 105964
0 1 tid 105964
399 50 tid 105964
243 tid 105964
Insert  tid 105964
FindTargetPageId rootid 51 tid 105964
target_page_id id: 50 tid 105964
0 1 tid 105964
399 50 tid 105964
243 tid 105964
Insert  tid 105964
FindTargetPageId rootid 51 tid 105964
target_page_id id: 50 tid 105964
0 1 tid 105964
399 50 tid 105964
243 tid 105964
Insert  tid 105964
FindTargetPageId rootid 51 tid 105964
target_page_id id: 50 tid 105964
0 1 tid 105964
399 50 tid 105964
243 tid 105964
Insert  tid 105964
FindTargetPageId rootid 51 tid 105964
target_page_id id: 50 tid 105964
0 1 tid 105964
399 50 tid 105964
243 tid 105964
Insert  tid 105964
FindTargetPageId rootid 51 tid 105964
target_page_id id: 50 tid 105964
0 1 tid 105964
399 50 tid 105964
243 tid 105964
Insert  tid 105964
FindTargetPageId rootid 51 tid 105964
target_page_id id: 50 tid 105964
0 1 tid 105964
399 50 tid 105964
243 tid 105964
Insert  tid 105964
FindTargetPageId rootid 51 tid 105964
target_page_id id: 50 tid 105964
0 1 tid 105964
399 50 tid 105964
243 tid 105964
Insert  tid 105964
FindTargetPageId rootid 51 tid 105964
target_page_id id: 50 tid 105964
0 1 tid 105964
399 50 tid 105964
243 tid 105964
Insert  tid 105964
FindTargetPageId rootid 51 tid 105964
target_page_id id: 50 tid 105964
0 1 tid 105964
399 50 tid 105964
243 tid 105964
Insert  tid 105964
FindTargetPageId rootid 51 tid 105964
target_page_id id: 50 tid 105964
0 1 tid 105964
399 50 tid 105964
243 tid 105964
Insert  tid 105964
FindTargetPageId rootid 51 tid 105964
target_page_id id: 50 tid 105964
0 1 tid 105964
399 50 tid 105964
243 tid 105964
Insert  tid 105964
FindTargetPageId rootid 51 tid 105964
target_page_id id: 50 tid 105964
0 1 tid 105964
399 50 tid 105964
243 tid 105964
Insert  tid 105964
FindTargetPageId rootid 51 tid 105964
target_page_id id: 50 tid 105964
0 1 tid 105964
399 50 tid 105964
243 tid 105964
Insert  tid 105964
FindTargetPageId rootid 51 tid 105964
target_page_id id: 50 tid 105964
0 1 tid 105964
399 50 tid 105964
243 tid 105964
Insert  tid 105964
FindTargetPageId rootid 51 tid 105964
target_page_id id: 50 tid 105964
0 1 tid 105964
399 50 tid 105964
243 tid 105964
Insert  tid 105964
FindTargetPageId rootid 51 tid 105964
target_page_id id: 50 tid 105964
0 1 tid 105964
399 50 tid 105964
243 tid 105964
Insert  tid 105964
FindTargetPageId rootid 51 tid 105964
target_page_id id: 50 tid 105964
0 1 tid 105964
399 50 tid 105964
243 tid 105964
Insert  tid 105964
FindTargetPageId rootid 51 tid 105964
target_page_id id: 50 tid 105964
0 1 tid 105964
399 50 tid 105964
243 tid 105964
Insert  tid 105964
FindTargetPageId rootid 51 tid 105964
target_page_id id: 50 tid 105964
0 1 tid 105964
399 50 tid 105964
243 tid 105964
Insert  tid 105964
FindTargetPageId rootid 51 tid 105964
target_page_id id: 50 tid 105964
0 1 tid 105964
399 50 tid 105964
243 tid 105964
Insert  tid 105964
FindTargetPageId rootid 51 tid 105964
target_page_id id: 50 tid 105964
0 1 tid 105964
399 50 tid 105964
243 tid 105964
Insert  tid 105964
FindTargetPageId rootid 51 tid 105964
target_page_id id: 50 tid 105964
0 1 tid 105964
399 50 tid 105964
243 tid 105964
Insert  tid 105964
FindTargetPageId rootid 51 tid 105964
target_page_id id: 50 tid 105964
0 1 tid 105964
399 50 tid 105964
243 tid 105964
Insert  tid 105964
FindTargetPageId rootid 51 tid 105964
target_page_id id: 50 tid 105964
0 1 tid 105964
399 50 tid 105964
243 tid 105964
Insert  tid 105964
FindTargetPageId rootid 51 tid 105964
target_page_id id: 50 tid 105964
0 1 tid 105964
399 50 tid 105964
243 tid 105964
Insert  tid 105964
FindTargetPageId rootid 51 tid 105964
target_page_id id: 50 tid 105964
0 1 tid 105964
399 50 tid 105964
243 tid 105964
Insert  tid 105964
FindTargetPageId rootid 51 tid 105964
target_page_id id: 50 tid 105964
0 1 tid 105964
399 50 tid 105964
243 tid 105964
Insert  tid 105964
FindTargetPageId rootid 51 tid 105964
target_page_id id: 50 tid 105964
0 1 tid 105964
399 50 tid 105964
243 tid 105964
Insert  tid 105964
FindTargetPageId rootid 51 tid 105964
target_page_id id: 50 tid 105964
0 1 tid 105964
399 50 tid 105964
243 tid 105964
Insert  tid 105964
FindTargetPageId rootid 51 tid 105964
target_page_id id: 50 tid 105964
0 1 tid 105964
399 50 tid 105964
243 tid 105964
Insert  tid 105964
FindTargetPageId rootid 51 tid 105964
target_page_id id: 50 tid 105964
0 1 tid 105964
399 50 tid 105964
243 tid 105964
Insert  tid 105964
FindTargetPageId rootid 51 tid 105964
target_page_id id: 50 tid 105964
0 1 tid 105964
399 50 tid 105964
243 tid 105964
Insert  tid 105964
FindTargetPageId rootid 51 tid 105964
target_page_id id: 50 tid 105964
0 1 tid 105964
399 50 tid 105964
243 tid 105964
Insert  tid 105964
FindTargetPageId rootid 51 tid 105964
target_page_id id: 50 tid 105964
0 1 tid 105964
399 50 tid 105964
243 tid 105964
Insert  tid 105964
FindTargetPageId rootid 51 tid 105964
target_page_id id: 50 tid 105964
0 1 tid 105964
399 50 tid 105964
243 tid 105964
Insert  tid 105964
FindTargetPageId rootid 51 tid 105964
target_page_id id: 50 tid 105964
0 1 tid 105964
399 50 tid 105964
244 tid 105964
Insert  tid 105964
FindTargetPageId rootid 51 tid 105964
target_page_id id: 50 tid 105964
0 1 tid 105964
399 50 tid 105964
245 tid 105964
Insert  tid 105964
FindTargetPageId rootid 51 tid 105964
target_page_id id: 50 tid 105964
0 1 tid 105964
399 50 tid 105964
246 tid 105964
Insert  tid 105964
FindTargetPageId rootid 51 tid 105964
target_page_id id: 50 tid 105964
0 1 tid 105964
399 50 tid 105964
247 tid 105964
Insert  tid 105964
FindTargetPageId rootid 51 tid 105964
target_page_id id: 50 tid 105964
0 1 tid 105964
399 50 tid 105964
248 tid 105964
Insert  tid 105964
FindTargetPageId rootid 51 tid 105964
target_page_id id: 50 tid 105964
0 1 tid 105964
399 50 tid 105964
249 tid 105964
Insert  tid 105964
FindTargetPageId rootid 51 tid 105964
target_page_id id: 50 tid 105964
0 1 tid 105964
399 50 tid 105964
250 tid 105964
Insert  tid 105964
FindTargetPageId rootid 51 tid 105964
target_page_id id: 50 tid 105964
0 1 tid 105964
399 50 tid 105964
251 tid 105964
Insert  tid 105964
FindTargetPageId rootid 51 tid 105964
target_page_id id: 50 tid 105964
0 1 tid 105964
399 50 tid 105964
252 tid 105964
Insert  tid 105964
FindTargetPageId rootid 51 tid 105964
target_page_id id: 50 tid 105964
0 1 tid 105964
399 50 tid 105964
253 tid 105964
Insert  tid 105964
FindTargetPageId rootid 51 tid 105964
target_page_id id: 50 tid 105964
0 1 tid 105964
399 50 tid 105964
254 tid 105964
Insert  tid 105964
FindTargetPageId rootid 51 tid 105966
target_page_id id: 52 tid 105966
0 1 tid 105966
399 50 tid 105966
526 52 tid 105966
128 tid 105966
Insert  tid 105966
FindTargetPageId rootid 51 tid 105964
target_page_id id: 52 tid 105964
0 1 tid 105964
399 50 tid 105964
526 52 tid 105964
128 tid 105964
Insert  tid 105964
FindTargetPageId rootid 51 tid 105964
target_page_id id: 52 tid 105964
0 1 tid 105964
399 50 tid 105964
526 52 tid 105964
129 tid 105964
Insert  tid 105964
FindTargetPageId rootid 51 tid 105964
target_page_id id: 52 tid 105964
0 1 tid 105964
399 50 tid 105964
526 52 tid 105964
130 tid 105964
Insert  tid 105964
FindTargetPageId rootid 51 tid 105965
target_page_id id: 1 tid 105965
0 1 tid 105965
399 50 tid 105965
526 52 tid 105965
127 tid 105965
Remove  tid 105965
FindTargetPageId rootid 51 tid 105965
target_page_id id: 1 tid 105965
0 1 tid 105965
526 52 tid 105965
253 tid 105965
Remove  tid 105965
FindTargetPageId rootid 51 tid 105965
target_page_id id: 1 tid 105965
0 1 tid 105965
526 52 tid 105965
252 tid 105965
Remove  tid 105965
FindTargetPageId rootid 51 tid 105965
target_page_id id: 1 tid 105965
0 1 tid 105965
526 52 tid 105965
251 tid 105965
Remove  tid 105965
FindTargetPageId rootid 51 tid 105965
target_page_id id: 1 tid 105965
0 1 tid 105965
526 52 tid 105965
250 tid 105965
Remove  tid 105965
FindTargetPageId rootid 51 tid 105965
target_page_id id: 1 tid 105965
0 1 tid 105965
526 52 tid 105965
249 tid 105965
Remove  tid 105965
FindTargetPageId rootid 51 tid 105965
target_page_id id: 1 tid 105965
0 1 tid 105965
526 52 tid 105965
248 tid 105965
Remove  tid 105965
FindTargetPageId rootid 51 tid 105965
target_page_id id: 1 tid 105965
0 1 tid 105965
526 52 tid 105965
247 tid 105965
Remove  tid 105965
FindTargetPageId rootid 51 tid 105966
target_page_id id: 52 tid 105966
0 1 tid 105966
526 52 tid 105966
131 tid 105966
Insert  tid 105966
FindTargetPageId rootid 51 tid 105966
target_page_id id: 52 tid 105966
0 1 tid 105966
526 52 tid 105966
131 tid 105966
Insert  tid 105966
FindTargetPageId rootid 51 tid 105965
target_page_id id: 1 tid 105965
0 1 tid 105965
526 52 tid 105965
246 tid 105965
Remove  tid 105965
FindTargetPageId rootid 51 tid 105964
target_page_id id: 52 tid 105964
0 1 tid 105964
526 52 tid 105964
131 tid 105964
Insert  tid 105964
FindTargetPageId rootid 51 tid 105966
target_page_id id: 52 tid 105966
0 1 tid 105966
526 52 tid 105966
132 tid 105966
Insert  tid 105966
FindTargetPageId rootid 51 tid 105966
target_page_id id: 52 tid 105966
0 1 tid 105966
526 52 tid 105966
132 tid 105966
Insert  tid 105966
FindTargetPageId rootid 51 tid 105964
target_page_id id: 52 tid 105964
0 1 tid 105964
526 52 tid 105964
132 tid 105964
Insert  tid 105964
FindTargetPageId rootid 51 tid 105964
target_page_id id: 52 tid 105964
0 1 tid 105964
526 52 tid 105964
133 tid 105964
Insert  tid 105964
FindTargetPageId rootid 51 tid 105965
target_page_id id: 1 tid 105965
0 1 tid 105965
526 52 tid 105965
245 tid 105965
Remove  tid 105965
FindTargetPageId rootid 51 tid 105966
target_page_id id: 52 tid 105966
0 1 tid 105966
526 52 tid 105966
134 tid 105966
Insert  tid 105966
FindTargetPageId rootid 51 tid 105964
target_page_id id: 52 tid 105964
0 1 tid 105964
526 52 tid 105964
134 tid 105964
Insert  tid 105964
FindTargetPageId rootid 51 tid 105965
target_page_id id: 1 tid 105965
0 1 tid 105965
526 52 tid 105965
244 tid 105965
Remove  tid 105965
FindTargetPageId rootid 51 tid 105966
target_page_id id: 52 tid 105966
0 1 tid 105966
526 52 tid 105966
135 tid 105966
Insert  tid 105966
FindTargetPageId rootid 51 tid 105964
target_page_id id: 52 tid 105964
0 1 tid 105964
526 52 tid 105964
135 tid 105964
Insert  tid 105964
FindTargetPageId rootid 51 tid 105964
target_page_id id: 52 tid 105964
0 1 tid 105964
526 52 tid 105964
136 tid 105964
Insert  tid 105964
FindTargetPageId rootid 51 tid 105964
target_page_id id: 52 tid 105964
0 1 tid 105964
526 52 tid 105964
137 tid 105964
Insert  tid 105964
FindTargetPageId rootid 51 tid 105964
target_page_id id: 52 tid 105964
0 1 tid 105964
526 52 tid 105964
138 tid 105964
Insert  tid 105964
FindTargetPageId rootid 51 tid 105964
target_page_id id: 52 tid 105964
0 1 tid 105964
526 52 tid 105964
139 tid 105964
Insert  tid 105964
FindTargetPageId rootid 51 tid 105964
target_page_id id: 52 tid 105964
0 1 tid 105964
526 52 tid 105964
140 tid 105964
Insert  tid 105964
FindTargetPageId rootid 51 tid 105964
target_page_id id: 52 tid 105964
0 1 tid 105964
526 52 tid 105964
141 tid 105964
Insert  tid 105964
FindTargetPageId rootid 51 tid 105964
target_page_id id: 52 tid 105964
0 1 tid 105964
526 52 tid 105964
142 tid 105964
Insert  tid 105964
FindTargetPageId rootid 51 tid 105964
target_page_id id: 52 tid 105964
0 1 tid 105964
526 52 tid 105964
143 tid 105964
Insert  tid 105964
FindTargetPageId rootid 51 tid 105965
target_page_id id: 1 tid 105965
0 1 tid 105965
526 52 tid 105965
243 tid 105965
Remove  tid 105965
FindTargetPageId rootid 51 tid 105965
target_page_id id: 1 tid 105965
0 1 tid 105965
526 52 tid 105965
242 tid 105965
Remove  tid 105965
FindTargetPageId rootid 51 tid 105965
target_page_id id: 1 tid 105965
0 1 tid 105965
526 52 tid 105965
241 tid 105965
Remove  tid 105965
FindTargetPageId rootid 51 tid 105966
target_page_id id: 52 tid 105966
0 1 tid 105966
526 52 tid 105966
144 tid 105966
FindTargetPageId rootid 51 tid 105964
target_page_id id: 52 tid 105964
0 1 tid 105964
526 52 tid 105964
Insert  tid 144 tid 105966105964

Insert  tid 105964
FindTargetPageId rootid 51 tid 105966
target_page_id id: 52 tid 105966
0 1 tid 105966
526 52 tid 105966
145 tid 105966
Insert  tid 105966
FindTargetPageId rootid 51 tid 105964
target_page_id id: 52 tid 105964
0 1 tid 105964
526 52 tid 105964
145 tid 105964
Insert  tid 105964
FindTargetPageId rootid 51 tid 105964
target_page_id id: 52 tid 105964
0 1 tid 105964
526 52 tid 105964
146 tid 105964
Insert  tid 105964
FindTargetPageId rootid 51 tid 105964
target_page_id id: 52 tid 105964
0 1 tid 105964
526 52 tid 105964
147 tid 105964
Insert  tid 105964
FindTargetPageId rootid 51 tid 105966
target_page_id id: 52 tid 105966
0 1 tid 105966
526 52 tid 105966
148 tid 105966
Insert  tid 105966
FindTargetPageId rootid 51 tid 105965
target_page_id id: 1 tid 105965
0 1 tid 105965
526 52 tid 105965
240 tid 105965
FindTargetPageId rootid 51 tid 105964
target_page_id id: 52 tid 105964
0 1 tid 105964
526 52 tid 105964
148 tid 105964
Insert  tid 105964
FindTargetPageId rootid 51 tid 105966
target_page_id id: 52 tid 105966
0 1 tid 105966
526 52 tid 105966
Remove  tid 105965
149 tid 105966
Insert  tid 105966
FindTargetPageId rootid 51 tid 105964
target_page_id id: 52 tid 105964
0 1 tid 105964
526 52 tid 105964
149 tid 105964
Insert  tid 105964
FindTargetPageId rootid 51 tid 105964
target_page_id id: 52 tid 105964
0 1 tid 105964
526 52 tid 105964
150 tid 105964
Insert  tid 105964
FindTargetPageId rootid 51 tid 105964
target_page_id id: 52 tid 105964
0 1 tid 105964
526 52 tid 105964
151 tid 105964
Insert  tid 105964
FindTargetPageId rootid 51 tid 105964
target_page_id id: 52 tid 105964
0 1 tid 105964
526 52 tid 105964
152 tid 105964
Insert  tid 105964
FindTargetPageId rootid 51 tid 105964
target_page_id id: 52 tid 105964
0 1 tid 105964
526 52 tid 105964
153 tid 105964
Insert  tid 105964
FindTargetPageId rootid 51 tid 105964
target_page_id id: 52 tid 105964
0 1 tid 105964
526 52 tid 105964
154 tid 105964
Insert  tid 105964
FindTargetPageId rootid 51 tid 105964
target_page_id id: 52 tid 105964
0 1 tid 105964
526 52 tid 105964
155 tid 105964
Insert  tid 105964
FindTargetPageId rootid 51 tid 105964
target_page_id id: 52 tid 105964
0 1 tid 105964
526 52 tid 105964
156 tid 105964
Insert  tid 105964
FindTargetPageId rootid 51 tid 105964
target_page_id id: 52 tid 105964
0 1 tid 105964
526 52 tid 105964
157 tid 105964
Insert  tid 105964
FindTargetPageId rootid 51 tid 105964
target_page_id id: 52 tid 105964
0 1 tid 105964
526 52 tid 105964
158 tid 105964
Insert  tid 105964
FindTargetPageId rootid 51 tid 105964
target_page_id id: 52 tid 105964
0 1 tid 105964
526 52 tid 105964
159 tid 105964
Insert  tid 105964
FindTargetPageId rootid 51 tid 105965
target_page_id id: 1 tid 105965
0 1 tid 105965
526 52 tid 105965
239 tid 105965
Remove  tid 105965
FindTargetPageId rootid 51 tid 105965
target_page_id id: 1 tid 105965
0 1 tid 105965
526 52 tid 105965
238 tid 105965
Remove  tid 105965
FindTargetPageId rootid 51 tid 105965
target_page_id id: 1 tid 105965
0 1 tid 105965
526 52 tid 105965
237 tid 105965
Remove  tid 105965
FindTargetPageId rootid 51 tid 105964
target_page_id id: 52 tid 105964
0 1 tid 105964
526 52 tid 105964
160 tid 105964
Insert  tid 105964
FindTargetPageId rootid 51 tid 105966
target_page_id id: 52 tid 105966
0 1 tid 105966
526 52 tid 105966
161 tid 105966
Insert  tid 105966
FindTargetPageId rootid 51 tid 105966
target_page_id id: 52 tid 105966
0 1 tid 105966
526 52 tid 105966
161 tid 105966
Insert  tid 105966
FindTargetPageId rootid 51 tid 105966
target_page_id id: 52 tid 105966
0 1 tid 105966
526 52 tid 105966
161 tid 105966
Insert  tid 105966
FindTargetPageId rootid 51 tid 105966
target_page_id id: 52 tid 105966
0 1 tid 105966
526 52 tid 105966
161 tid 105966
Insert  tid 105966
FindTargetPageId rootid 51 tid 105966
target_page_id id: 52 tid 105966
0 1 tid 105966
526 52 tid 105966
161 tid 105966
Insert  tid 105966
FindTargetPageId rootid 51 tid 105966
target_page_id id: 52 tid 105966
0 1 tid 105966
526 52 tid 105966
161 tid 105966
Insert  tid 105966
FindTargetPageId rootid 51 tid 105966
target_page_id id: 52 tid 105966
0 1 tid 105966
526 52 tid 105966
161 tid 105966
Insert  tid 105966
FindTargetPageId rootid 51 tid 105965
target_page_id id: 1 tid 105965
0 1 tid 105965
526 52 tid 105965
236 tid 105965
Remove  tid 105965
FindTargetPageId rootid 51 tid 105965
target_page_id id: 1 tid 105965
0 1 tid 105965
526 52 tid 105965
235 tid 105965
Remove  tid 105965
FindTargetPageId rootid 51 tid 105965
target_page_id id: 1 tid 105965
0 1 tid 105965
526 52 tid 105965
234 tid 105965
Remove  tid 105965
FindTargetPageId rootid 51 tid 105965
target_page_id id: 1 tid 105965
0 1 tid 105965
526 52 tid 105965
233 tid 105965
Remove  tid 105965
FindTargetPageId rootid 51 tid 105964
target_page_id id: 52 tid 105964
0 1 tid 105964
526 52 tid 105964
161 tid 105964
Insert  tid 105964
FindTargetPageId rootid 51 tid 105966
target_page_id id: 52 tid 105966
0 1 tid 105966
526 52 tid 105966
162 tid 105966
Insert  tid 105966
FindTargetPageId rootid 51 tid 105966
target_page_id id: 52 tid 105966
0 1 tid 105966
526 52 tid 105966
162 tid 105966
Insert  tid 105966
FindTargetPageId rootid 51 tid 105966
target_page_id id: 52 tid 105966
0 1 tid 105966
526 52 tid 105966
162 tid 105966
Insert  tid 105966
FindTargetPageId rootid 51 tid 105966
target_page_id id: 52 tid 105966
0 1 tid 105966
526 52 tid 105966
162 tid 105966
Insert  tid 105966
FindTargetPageId rootid 51 tid 105966
target_page_id id: 52 tid 105966
0 1 tid 105966
526 52 tid 105966
162 tid 105966
Insert  tid 105966
FindTargetPageId rootid 51 tid 105966
target_page_id id: 52 tid 105966
0 1 tid 105966
526 52 tid 105966
162 tid 105966
Insert  tid 105966
FindTargetPageId rootid 51 tid 105964
target_page_id id: 52 tid 105964
0 1 tid 105964
526 52 tid 105964
162 tid 105964
Insert  tid 105964
FindTargetPageId rootid 51 tid 105966
target_page_id id: 52 tid 105966
0 1 tid 105966
526 52 tid 105966
163 tid 105966
Insert  tid 105966
FindTargetPageId rootid 51 tid 105966
target_page_id id: 52 tid 105966
0 1 tid 105966
526 52 tid 105966
163 tid 105966
Insert  tid 105966
FindTargetPageId rootid 51 tid 105965
target_page_id id: 1 tid 105965
0 1 tid 105965
526 52 tid 105965
232 tid 105965
Remove  tid 105965
FindTargetPageId rootid 51 tid 105965
target_page_id id: 1 tid 105965
0 1 tid 105965
526 52 tid 105965
231 tid 105965
Remove  tid 105965
FindTargetPageId rootid 51 tid 105964
target_page_id id: 52 tid 105964
0 1 tid 105964
526 52 tid 105964
163 tid 105964
Insert  tid 105964
FindTargetPageId rootid 51 tid 105964
target_page_id id: 52 tid 105964
0 1 tid 105964
526 52 tid 105964
164 tid 105964
Insert  tid 105964
FindTargetPageId rootid 51 tid 105966
target_page_id id: 52 tid 105966
0 1 tid 105966
526 52 tid 105966
165 tid 105966
Insert  tid 105966
FindTargetPageId rootid 51 tid 105965
target_page_id id: 1 tid 105965
0 1 tid 105965
526 52 tid 105965
230 tid 105965
Remove  tid 105965
FindTargetPageId rootid 51 tid 105965
target_page_id id: 1 tid 105965
0 1 tid 105965
526 52 tid 105965
229 tid 105965
Remove  tid 105965
FindTargetPageId rootid 51 tid 105965
target_page_id id: 1 tid 105965
0 1 tid 105965
526 52 tid 105965
228 tid 105965
Remove  tid 105965
FindTargetPageId rootid 51 tid 105966
target_page_id id: 52 tid 105966
0 1 tid 105966
526 52 tid 105966
165 tid 105966
Insert  tid 105966
FindTargetPageId rootid 51 tid 105966
target_page_id id: 52 tid 105966
0 1 tid 105966
526 52 tid 105966
165 tid 105966
Insert  tid 105966
FindTargetPageId rootid 51 tid 105965
target_page_id id: 1 tid 105965
0 1 tid 105965
526 52 tid 105965
227 tid 105965
Remove  tid 105965
FindTargetPageId rootid 51 tid 105964
target_page_id id: 52 tid 105964
0 1 tid 105964
526 52 tid 105964
165 tid 105964
Insert  tid 105964
FindTargetPageId rootid 51 tid 105964
target_page_id id: 52 tid 105964
0 1 tid 105964
526 52 tid 105964
166 tid 105964
Insert  tid 105964
FindTargetPageId rootid 51 tid 105964
target_page_id id: 52 tid 105964
0 1 tid 105964
526 52 tid 105964
167 tid 105964
Insert  tid 105964
FindTargetPageId rootid 51 tid 105964
target_page_id id: 52 tid 105964
0 1 tid 105964
526 52 tid 105964
168 tid 105964
Insert  tid 105964
FindTargetPageId rootid 51 tid 105964
target_page_id id: 52 tid 105964
0 1 tid 105964
526 52 tid 105964
169 tid 105964
Insert  tid 105964
FindTargetPageId rootid 51 tid 105965
target_page_id id: 1 tid 105965
0 1 tid 105965
526 52 tid 105965
226 tid 105965
Remove  tid 105965
FindTargetPageId rootid 51 tid 105965
target_page_id id: 1 tid 105965
0 1 tid 105965
526 52 tid 105965
225 tid 105965
Remove  tid 105965
FindTargetPageId rootid 51 tid 105965
target_page_id id: 1 tid 105965
0 1 tid 105965
526 52 tid 105965
224 tid 105965
FindTargetPageId rootid 51 tid 105966
target_page_id id: 52 tid 105966
0 1 tid 105966
526 52 tid 105966
170 tid 105966
Remove  tid 105965
FindTargetPageId rootid 51 tid 105965
target_page_id id: 1 tid 105965
0 1 tid 105965
526 52 tid 105965
Insert  tid 105966
223 tid 105965
Remove  tid 105965
FindTargetPageId rootid 51 tid 105965
target_page_id id: 1 tid 105965
0 1 tid 105965
526 52 tid 105965
222 tid 105965
Remove  tid 105965
FindTargetPageId rootid 51 tid 105965
target_page_id id: 1 tid 105965
0 1 tid 105965
526 52 tid 105965
221 tid 105965
Remove  tid 105965
FindTargetPageId rootid 51 tid 105964
target_page_id id: 52 tid 105964
0 1 tid 105964
526 52 tid 105964
170 tid 105964
Insert  tid 105964
FindTargetPageId rootid 51 tid 105964
target_page_id id: 52 tid 105964
0 1 tid 105964
526 52 tid 105964
171 tid 105964
Insert  tid 105964
FindTargetPageId rootid 51 tid 105964
target_page_id id: 52 tid 105964
0 1 tid 105964
526 52 tid 105964
172 tid 105964
Insert  tid 105964
FindTargetPageId rootid 51 tid 105964
target_page_id id: 52 tid 105964
0 1 tid 105964
526 52 tid 105964
173 tid 105964
Insert  tid 105964
FindTargetPageId rootid 51 tid 105966
target_page_id id: 52 tid 105966
0 1 tid 105966
526 52 tid 105966
174 tid 105966
Insert  tid 105966
FindTargetPageId rootid 51 tid 105966
target_page_id id: 52 tid 105966
0 1 tid 105966
526 52 tid 105966
174 tid 105966
Insert  tid 105966
FindTargetPageId rootid 51 tid 105965
target_page_id id: 1 tid 105965
0 1 tid 105965
526 52 tid 105965
220 tid 105965
Remove  tid 105965
FindTargetPageId rootid 51 tid 105964
target_page_id id: 52 tid 105964
0 1 tid 105964
526 52 tid 105964
174 tid 105964
Insert  tid 105964
FindTargetPageId rootid 51 tid 105966
target_page_id id: 52 tid 105966
0 1 tid 105966
526 52 tid 105966
175 tid 105966
Insert  tid 105966
FindTargetPageId rootid 51 tid 105965
target_page_id id: 1 tid 105965
0 1 tid 105965
526 52 tid 105965
219 tid 105965
Remove  tid 105965
FindTargetPageId rootid 51 tid 105964
target_page_id id: 52 tid 105964
0 1 tid 105964
526 52 tid 105964
175 tid 105964
Insert  tid 105964
FindTargetPageId rootid 51 tid 105964
target_page_id id: 52 tid 105964
0 1 tid 105964
526 52 tid 105964
176 tid 105964
Insert  tid 105964
FindTargetPageId rootid 51 tid 105964
target_page_id id: 52 tid 105964
0 1 tid 105964
526 52 tid 105964
177 tid 105964
Insert  tid 105964
FindTargetPageId rootid 51 tid 105964
target_page_id id: 52 tid 105964
0 1 tid 105964
526 52 tid 105964
178 tid 105964
Insert  tid 105964
FindTargetPageId rootid 51 tid 105964
target_page_id id: 52 tid 105964
0 1 tid 105964
526 52 tid 105964
179 tid 105964
Insert  tid 105964
FindTargetPageId rootid 51 tid 105964
target_page_id id: 52 tid 105964
0 1 tid 105964
526 52 tid 105964
180 tid 105964
Insert  tid 105964
FindTargetPageId rootid 51 tid 105965
target_page_id id: 1 tid 105965
0 1 tid 105965
526 52 tid 105965
218 tid 105965
Remove  tid 105965
FindTargetPageId rootid 51 tid 105965
target_page_id id: 1 tid 105965
0 1 tid 105965
526 52 tid 105965
217 tid 105965
Remove  tid 105965
FindTargetPageId rootid 51 tid 105965
target_page_id id: 1 tid 105965
0 1 tid 105965
526 52 tid 105965
216 tid 105965
Remove  tid 105965
FindTargetPageId rootid 51 tid 105965
target_page_id id: 1 tid 105965
0 1 tid 105965
526 52 tid 105965
215 tid 105965
Remove  tid 105965
FindTargetPageId rootid 51 tid 105965
target_page_id id: 1 tid 105965
0 1 tid 105965
526 52 tid 105965
214 tid 105965
Remove  tid 105965
FindTargetPageId rootid 51 tid 105965
target_page_id id: 1 tid 105965
0 1 tid 105965
526 52 tid 105965
213 tid 105965
Remove  tid 105965
FindTargetPageId rootid 51 tid 105966
target_page_id id: 52 tid 105966
0 1 tid 105966
526 52 tid 105966
181 tid 105966
Insert  tid 105966
FindTargetPageId rootid 51 tid 105966
target_page_id id: 52 tid 105966
0 1 tid 105966
526 52 tid 105966
181 tid 105966
Insert  tid 105966
FindTargetPageId rootid 51 tid 105966
target_page_id id: 52 tid 105966
0 1 tid 105966
526 52 tid 105966
181 tid 105966
Insert  tid 105966
FindTargetPageId rootid 51 tid 105965
target_page_id id: 1 tid 105965
0 1 tid 105965
526 52 tid 105965
212 tid 105965
Remove  tid 105965
FindTargetPageId rootid 51 tid 105965
target_page_id id: 1 tid 105965
0 1 tid 105965
526 52 tid 105965
211 tid 105965
Remove  tid 105965
FindTargetPageId rootid 51 tid 105965
target_page_id id: 1 tid 105965
0 1 tid 105965
526 52 tid 105965
210 tid 105965
Remove  tid 105965
FindTargetPageId rootid 51 tid 105965
target_page_id id: 1 tid 105965
0 1 tid 105965
526 52 tid 105965
209 tid 105965
Remove  tid 105965
FindTargetPageId rootid 51 tid 105965
target_page_id id: 1 tid 105965
0 1 tid 105965
526 52 tid 105965
208 tid 105965
Remove  tid 105965
FindTargetPageId rootid 51 tid 105964
target_page_id id: 52 tid 105964
0 1 tid 105964
526 52 tid 105964
181 tid 105964
Insert  tid 105964
FindTargetPageId rootid 51 tid 105966
target_page_id id: 52 tid 105966
0 1 tid 105966
526 52 tid 105966
182 tid 105966
Insert  tid 105966
FindTargetPageId rootid 51 tid 105966
target_page_id id: 52 tid 105966
0 1 tid 105966
526 52 tid 105966
182 tid 105966
Insert  tid 105966
FindTargetPageId rootid 51 tid 105966
target_page_id id: 52 tid 105966
0 1 tid 105966
526 52 tid 105966
182 tid 105966
Insert  tid 105966
FindTargetPageId rootid 51 tid 105964
target_page_id id: 52 tid 105964
0 1 tid 105964
526 52 tid 105964
182 tid 105964
Insert  tid 105964
FindTargetPageId rootid 51 tid 105964
target_page_id id: 52 tid 105964
0 1 tid 105964
526 52 tid 105964
183 tid 105964
Insert  tid 105964
FindTargetPageId rootid 51 tid 105964
target_page_id id: 52 tid 105964
0 1 tid 105964
526 52 tid 105964
184 tid 105964
Insert  tid 105964
FindTargetPageId rootid 51 tid 105965
target_page_id id: 1 tid 105965
0 1 tid 105965
526 52 tid 105965
207 tid 105965
Remove  tid 105965
FindTargetPageId rootid 51 tid 105965
target_page_id id: 1 tid 105965
0 1 tid 105965
526 52 tid 105965
206 tid 105965
Remove  tid 105965
FindTargetPageId rootid 51 tid 105966
target_page_id id: 52 tid 105966
0 1 tid 105966
526 52 tid 105966
185 tid 105966
Insert  tid 105966
FindTargetPageId rootid 51 tid 105964
target_page_id id: 52 tid 105964
0 1 tid 105964
526 52 tid 105964
185 tid 105964
Insert  tid 105964
FindTargetPageId rootid 51 tid 105965
target_page_id id: 1 tid 105965
0 1 tid 105965
526 52 tid 105965
205 tid 105965
Remove  tid 105965
FindTargetPageId rootid 51 tid 105966
target_page_id id: 52 tid 105966
0 1 tid 105966
526 52 tid 105966
186 tid 105966
Insert  tid 105966
FindTargetPageId rootid 51 tid 105964
target_page_id id: 52 tid 105964
0 1 tid 105964
526 52 tid 105964
186 tid 105964
Insert  tid 105964
FindTargetPageId rootid 51 tid 105964
target_page_id id: 52 tid 105964
0 1 tid 105964
526 52 tid 105964
187 tid 105964
Insert  tid 105964
FindTargetPageId rootid 51 tid 105964
target_page_id id: 52 tid 105964
0 1 tid 105964
526 52 tid 105964
188 tid 105964
Insert  tid 105964
FindTargetPageId rootid 51 tid 105964
target_page_id id: 52 tid 105964
0 1 tid 105964
526 52 tid 105964
189 tid 105964
Insert  tid 105964
FindTargetPageId rootid 51 tid 105964
target_page_id id: 52 tid 105964
0 1 tid 105964
526 52 tid 105964
190 tid 105964
Insert  tid 105964
FindTargetPageId rootid 51 tid 105964
target_page_id id: 52 tid 105964
0 1 tid 105964
526 52 tid 105964
191 tid 105964
Insert  tid 105964
FindTargetPageId rootid 51 tid 105964
target_page_id id: 52 tid 105964
0 1 tid 105964
526 52 tid 105964
192 tid 105964
Insert  tid 105964
FindTargetPageId rootid 51 tid 105964
target_page_id id: 52 tid 105964
0 1 tid 105964
526 52 tid 105964
193 tid 105964
Insert  tid 105964
FindTargetPageId rootid 51 tid 105964
target_page_id id: 52 tid 105964
0 1 tid 105964
526 52 tid 105964
194 tid 105964
Insert  tid 105964
FindTargetPageId rootid 51 tid 105964
target_page_id id: 52 tid 105964
0 1 tid 105964
526 52 tid 105964
195 tid 105964
Insert  tid 105964
FindTargetPageId rootid 51 tid 105964
target_page_id id: 52 tid 105964
0 1 tid 105964
526 52 tid 105964
196 tid 105964
Insert  tid 105964
FindTargetPageId rootid 51 tid 105964
target_page_id id: 52 tid 105964
0 1 tid 105964
526 52 tid 105964
197 tid 105964
Insert  tid 105964
FindTargetPageId rootid 51 tid 105964
target_page_id id: 52 tid 105964
0 1 tid 105964
526 52 tid 105964
198 tid 105964
Insert  tid 105964
FindTargetPageId rootid 51 tid 105964
target_page_id id: 52 tid 105964
0 1 tid 105964
526 52 tid 105964
199 tid 105964
Insert  tid 105964
FindTargetPageId rootid 51 tid 105966
target_page_id id: 52 tid 105966
0 1 tid 105966
526 52 tid 105966
200 tid 105966
Insert  tid 105966
FindTargetPageId rootid 51 tid 105965
target_page_id id: 1 tid 105965
0 1 tid 105965
526 52 tid 105965
204 tid 105965
Remove  tid 105965
FindTargetPageId rootid 51 tid 105964
target_page_id id: 52 tid 105964
0 1 tid 105964
526 52 tid 105964
200 tid 105964
Insert  tid 105964
FindTargetPageId rootid 51 tid 105966
target_page_id id: 52 tid 105966
0 1 tid 105966
526 52 tid 105966
201 tid 105966
Insert  tid 105966
FindTargetPageId rootid 51 tid 105965
target_page_id id: 1 tid 105965
0 1 tid 105965
526 52 tid 105965
203 tid 105965
Remove  tid 105965
FindTargetPageId rootid 51 tid 105964
target_page_id id: 52 tid 105964
0 1 tid 105964
526 52 tid 105964
201 tid 105964
Insert  tid 105964
FindTargetPageId rootid 51 tid 105966
target_page_id id: 52 tid 105966
0 1 tid 105966
526 52 tid 105966
202 tid 105966
Insert  tid 105966
FindTargetPageId rootid 51 tid 105965
target_page_id id: 1 tid 105965
0 1 tid 105965
526 52 tid 105965
202 tid 105965
Remove  tid 105965
FindTargetPageId rootid 51 tid 105964
target_page_id id: 52 tid 105964
0 1 tid 105964
526 52 tid 105964
202 tid 105964
Insert  tid 105964
FindTargetPageId rootid 51 tid 105966
target_page_id id: 52 tid 105966
0 1 tid 105966
526 52 tid 105966
203 tid 105966
Insert  tid 105966
FindTargetPageId rootid 51 tid 105966
target_page_id id: 52 tid 105966
0 1 tid 105966
526 52 tid 105966
203 tid 105966
Insert  tid 105966
FindTargetPageId rootid 51 tid 105964
target_page_id id: 52 tid 105964
0 1 tid 105964
526 52 tid 105964
203 tid 105964
Insert  tid 105964
FindTargetPageId rootid 51 tid 105965
target_page_id id: 1 tid 105965
0 1 tid 105965
526 52 tid 105965
201 tid 105965
Remove  tid 105965
FindTargetPageId rootid 51 tid 105966
target_page_id id: 52 tid 105966
0 1 tid 105966
526 52 tid 105966
204 tid 105966
Insert  tid 105966
FindTargetPageId rootid 51 tid 105966
target_page_id id: 52 tid 105966
0 1 tid 105966
526 52 tid 105966
204 tid 105966
Insert  tid 105966
FindTargetPageId rootid 51 tid 105966
target_page_id id: 52 tid 105966
0 1 tid 105966
526 52 tid 105966
204 tid 105966
Insert  tid 105966
FindTargetPageId rootid 51 tid 105966
target_page_id id: 52 tid 105966
0 1 tid 105966
526 52 tid 105966
204 tid 105966
Insert  tid 105966
FindTargetPageId rootid 51 tid 105966
target_page_id id: 52 tid 105966
0 1 tid 105966
526 52 tid 105966
204 tid 105966
Insert  tid 105966
FindTargetPageId rootid 51 tid 105966
target_page_id id: 52 tid 105966
0 1 tid 105966
526 52 tid 105966
204 tid 105966
Insert  tid 105966
FindTargetPageId rootid 51 tid 105966
target_page_id id: 52 tid 105966
0 1 tid 105966
526 52 tid 105966
204 tid 105966
Insert  tid 105966
FindTargetPageId rootid 51 tid 105966
target_page_id id: 52 tid 105966
0 1 tid 105966
526 52 tid 105966
204 tid 105966
Insert  tid 105966
FindTargetPageId rootid 51 tid 105966
target_page_id id: 52 tid 105966
0 1 tid 105966
526 52 tid 105966
204 tid 105966
Insert  tid 105966
FindTargetPageId rootid 51 tid 105966
target_page_id id: 52 tid 105966
0 1 tid 105966
526 52 tid 105966
204 tid 105966
Insert  tid 105966
FindTargetPageId rootid 51 tid 105966
target_page_id id: 52 tid 105966
0 1 tid 105966
526 52 tid 105966
204 tid 105966
Insert  tid 105966
FindTargetPageId rootid 51 tid 105966
target_page_id id: 52 tid 105966
0 1 tid 105966
526 52 tid 105966
204 tid 105966
Insert  tid 105966
FindTargetPageId rootid 51 tid 105966
target_page_id id: 52 tid 105966
0 1 tid 105966
526 52 tid 105966
204 tid 105966
Insert  tid 105966
FindTargetPageId rootid 51 tid 105966
target_page_id id: 52 tid 105966
0 1 tid 105966
526 52 tid 105966
204 tid 105966
Insert  tid 105966
FindTargetPageId rootid 51 tid 105966
target_page_id id: 52 tid 105966
0 1 tid 105966
526 52 tid 105966
204 tid 105966
Insert  tid 105966
FindTargetPageId rootid 51 tid 105966
target_page_id id: 52 tid 105966
0 1 tid 105966
526 52 tid 105966
204 tid 105966
Insert  tid 105966
FindTargetPageId rootid 51 tid 105966
target_page_id id: 52 tid 105966
0 1 tid 105966
526 52 tid 105966
204 tid 105966
Insert  tid 105966
FindTargetPageId rootid 51 tid 105966
target_page_id id: 52 tid 105966
0 1 tid 105966
526 52 tid 105966
204 tid 105966
Insert  tid 105966
FindTargetPageId rootid 51 tid 105966
target_page_id id: 52 tid 105966
0 1 tid 105966
526 52 tid 105966
204 tid 105966
Insert  tid 105966
FindTargetPageId rootid 51 tid 105966
target_page_id id: 52 tid 105966
0 1 tid 105966
526 52 tid 105966
204 tid 105966
Insert  tid 105966
FindTargetPageId rootid 51 tid 105966
target_page_id id: 52 tid 105966
0 1 tid 105966
526 52 tid 105966
204 tid 105966
Insert  tid 105966
FindTargetPageId rootid 51 tid 105966
target_page_id id: 52 tid 105966
0 1 tid 105966
526 52 tid 105966
204 tid 105966
Insert  tid 105966
FindTargetPageId rootid 51 tid 105966
target_page_id id: 52 tid 105966
0 1 tid 105966
526 52 tid 105966
204 tid 105966
Insert  tid 105966
FindTargetPageId rootid 51 tid 105966
target_page_id id: 52 tid 105966
0 1 tid 105966
526 52 tid 105966
204 tid 105966
Insert  tid 105966
FindTargetPageId rootid 51 tid 105966
target_page_id id: 52 tid 105966
0 1 tid 105966
526 52 tid 105966
204 tid 105966
Insert  tid 105966
FindTargetPageId rootid 51 tid 105966
target_page_id id: 52 tid 105966
0 1 tid 105966
526 52 tid 105966
204 tid 105966
Insert  tid 105966
FindTargetPageId rootid 51 tid 105966
target_page_id id: 52 tid 105966
0 1 tid 105966
526 52 tid 105966
204 tid 105966
Insert  tid 105966
FindTargetPageId rootid 51 tid 105966
target_page_id id: 52 tid 105966
0 1 tid 105966
526 52 tid 105966
204 tid 105966
Insert  tid 105966
FindTargetPageId rootid 51 tid 105965
target_page_id id: 1 tid 105965
0 1 tid 105965
526 52 tid 105965
200 tid 105965
Remove  tid 105965
FindTargetPageId rootid 51 tid 105965
target_page_id id: 1 tid 105965
0 1 tid 105965
526 52 tid 105965
199 tid 105965
Remove  tid 105965
FindTargetPageId rootid 51 tid 105965
target_page_id id: 1 tid 105965
0 1 tid 105965
526 52 tid 105965
198 tid 105965
Remove  tid 105965
FindTargetPageId rootid 51 tid 105964
target_page_id id: 52 tid 105964
0 1 tid 105964
526 52 tid 105964
204 tid 105964
Insert  tid 105964
FindTargetPageId rootid 51 tid 105965
target_page_id id: 1 tid 105965
0 1 tid 105965
526 52 tid 105965
197 tid 105965
Remove  tid 105965
FindTargetPageId rootid 51 tid 105965
target_page_id id: 1 tid 105965
0 1 tid 105965
526 52 tid 105965
196 tid 105965
Remove  tid 105965
FindTargetPageId rootid 51 tid 105965
target_page_id id: 1 tid 105965
0 1 tid 105965
526 52 tid 105965
195 tid 105965
Remove  tid 105965
FindTargetPageId rootid 51 tid 105965
target_page_id id: 1 tid 105965
0 1 tid 105965
526 52 tid 105965
194 tid 105965
Remove  tid 105965
FindTargetPageId rootid 51 tid 105965
target_page_id id: 1 tid 105965
0 1 tid 105965
526 52 tid 105965
193 tid 105965
Remove  tid 105965
FindTargetPageId rootid 51 tid 105965
target_page_id id: 1 tid 105965
0 1 tid 105965
526 52 tid 105965
192 tid 105965
Remove  tid 105965
FindTargetPageId rootid 51 tid 105965
target_page_id id: 1 tid 105965
0 1 tid 105965
526 52 tid 105965
191 tid 105965
Remove  tid 105965
FindTargetPageId rootid 51 tid 105965
target_page_id id: 1 tid 105965
0 1 tid 105965
526 52 tid 105965
190 tid 105965
Remove  tid 105965
FindTargetPageId rootid 51 tid 105965
target_page_id id: 1 tid 105965
0 1 tid 105965
526 52 tid 105965
189 tid 105965
Remove  tid 105965
FindTargetPageId rootid 51 tid 105964
target_page_id id: 52 tid 105964
0 1 tid 105964
526 52 tid 105964
205 tid 105964
Insert  tid 105964
FindTargetPageId rootid 51 tid 105966
target_page_id id: 52 tid 105966
0 1 tid 105966
526 52 tid 105966
206 tid 105966
Insert  tid 105966
FindTargetPageId rootid 51 tid 105965
target_page_id id: 1 tid 105965
0 1 tid 105965
526 52 tid 105965
188 tid 105965
Remove  tid 105965
FindTargetPageId rootid 51 tid 105964
target_page_id id: 52 tid 105964
0 1 tid 105964
526 52 tid 105964
206 tid 105964
Insert  tid 105964
FindTargetPageId rootid 51 tid 105964
target_page_id id: 52 tid 105964
0 1 tid 105964
526 52 tid 105964
207 tid 105964
Insert  tid 105964
FindTargetPageId rootid 51 tid 105965
target_page_id id: 1 tid 105965
0 1 tid 105965
526 52 tid 105965
187 tid 105965
Remove  tid 105965
FindTargetPageId rootid 51 tid 105966
target_page_id id: 52 tid 105966
0 1 tid 105966
526 52 tid 105966
208 tid 105966
Insert  tid 105966
FindTargetPageId rootid 51 tid 105964
target_page_id id: 52 tid 105964
0 1 tid 105964
526 52 tid 105964
208 tid 105964
Insert  tid 105964
FindTargetPageId rootid 51 tid 105965
target_page_id id: 1 tid 105965
0 1 tid 105965
526 52 tid 105965
186 tid 105965
Remove  tid 105965
FindTargetPageId rootid 51 tid 105966
target_page_id id: 52 tid 105966
0 1 tid 105966
526 52 tid 105966
209 tid 105966
Insert  tid 105966
FindTargetPageId rootid 51 tid 105964
target_page_id id: 52 tid 105964
0 1 tid 105964
526 52 tid 105964
209 tid 105964
Insert  tid 105964
FindTargetPageId rootid 51 tid 105964
target_page_id id: 52 tid 105964
0 1 tid 105964
526 52 tid 105964
210 tid 105964
Insert  tid 105964
FindTargetPageId rootid 51 tid 105966
target_page_id id: 52 tid 105966
0 1 tid 105966
526 52 tid 105966
211 tid 105966
Insert  tid 105966
FindTargetPageId rootid 51 tid 105966
target_page_id id: 52 tid 105966
0 1 tid 105966
526 52 tid 105966
211 tid 105966
Insert  tid 105966
FindTargetPageId rootid 51 tid 105966
target_page_id id: 52 tid 105966
0 1 tid 105966
526 52 tid 105966
211 tid 105966
Insert  tid 105966
FindTargetPageId rootid 51 tid 105965
target_page_id id: 1 tid 105965
0 1 tid 105965
526 52 tid 105965
185 tid 105965
Remove  tid 105965
FindTargetPageId rootid 51 tid 105965
target_page_id id: 1 tid 105965
0 1 tid 105965
526 52 tid 105965
184 tid 105965
Remove  tid 105965
FindTargetPageId rootid 51 tid 105965
target_page_id id: 1 tid 105965
0 1 tid 105965
526 52 tid 105965
183 tid 105965
Remove  tid 105965
FindTargetPageId rootid 51 tid 105965
target_page_id id: 1 tid 105965
0 1 tid 105965
526 52 tid 105965
182 tid 105965
Remove  tid 105965
FindTargetPageId rootid 51 tid 105965
target_page_id id: 1 tid 105965
0 1 tid 105965
526 52 tid 105965
181 tid 105965
Remove  tid 105965
FindTargetPageId rootid 51 tid 105965
target_page_id id: 1 tid 105965
0 1 tid 105965
526 52 tid 105965
180 tid 105965
Remove  tid 105965
FindTargetPageId rootid 51 tid 105965
target_page_id id: 1 tid 105965
0 1 tid 105965
526 52 tid 105965
179 tid 105965
Remove  tid 105965
FindTargetPageId rootid 51 tid 105964
target_page_id id: 52 tid 105964
0 1 tid 105964
526 52 tid 105964
211 tid 105964
Insert  tid 105964
FindTargetPageId rootid 51 tid 105966
target_page_id id: 52 tid 105966
0 1 tid 105966
526 52 tid 105966
212 tid 105966
Insert  tid 105966
FindTargetPageId rootid 51 tid 105965
target_page_id id: 1 tid 105965
0 1 tid 105965
526 52 tid 105965
178 tid 105965
Remove  tid 105965
FindTargetPageId rootid 51 tid 105965
target_page_id id: 1 tid 105965
0 1 tid 105965
526 52 tid 105965
177 tid 105965
Remove  tid 105965
FindTargetPageId rootid 51 tid 105966
target_page_id id: 52 tid 105966
0 1 tid 105966
526 52 tid 105966
212 tid 105966
Insert  tid 105966
FindTargetPageId rootid 51 tid 105964
target_page_id id: 52 tid 105964
0 1 tid 105964
526 52 tid 105964
212 tid 105964
Insert  tid 105964
FindTargetPageId rootid 51 tid 105964
target_page_id id: 52 tid 105964
0 1 tid 105964
526 52 tid 105964
213 tid 105964
Insert  tid 105964
FindTargetPageId rootid 51 tid 105965
target_page_id id: 1 tid 105965
0 1 tid 105965
526 52 tid 105965
176 tid 105965
Remove  tid 105965
FindTargetPageId rootid 51 tid 105966
target_page_id id: 52 tid 105966
0 1 tid 105966
526 52 tid 105966
214 tid 105966
Insert  tid 105966
FindTargetPageId rootid 51 tid 105966
target_page_id id: 52 tid 105966
0 1 tid 105966
526 52 tid 105966
214 tid 105966
Insert  tid 105966
FindTargetPageId rootid 51 tid 105966
target_page_id id: 52 tid 105966
0 1 tid 105966
526 52 tid 105966
214 tid 105966
Insert  tid 105966
FindTargetPageId rootid 51 tid 105966
target_page_id id: 52 tid 105966
0 1 tid 105966
526 52 tid 105966
214 tid 105966
Insert  tid 105966
FindTargetPageId rootid 51 tid 105966
target_page_id id: 52 tid 105966
0 1 tid 105966
526 52 tid 105966
214 tid 105966
Insert  tid 105966
FindTargetPageId rootid 51 tid 105964
target_page_id id: 52 tid 105964
0 1 tid 105964
526 52 tid 105964
214 tid 105964
Insert  tid 105964
FindTargetPageId rootid 51 tid 105965
target_page_id id: 1 tid 105965
0 1 tid 105965
526 52 tid 105965
175 tid 105965
Remove  tid 105965
FindTargetPageId rootid 51 tid 105966
target_page_id id: 52 tid 105966
0 1 tid 105966
526 52 tid 105966
215 tid 105966
Insert  tid 105966
FindTargetPageId rootid 51 tid 105964
target_page_id id: 52 tid 105964
0 1 tid 105964
526 52 tid 105964
215 tid 105964
Insert  tid 105964
FindTargetPageId rootid 51 tid 105965
target_page_id id: 1 tid 105965
0 1 tid 105965
526 52 tid 105965
174 tid 105965
Remove  tid 105965
FindTargetPageId rootid 51 tid 105966
target_page_id id: 52 tid 105966
0 1 tid 105966
526 52 tid 105966
216 tid 105966
Insert  tid 105966
FindTargetPageId rootid 51 tid 105964
target_page_id id: 52 tid 105964
0 1 tid 105964
526 52 tid 105964
216 tid 105964
FindTargetPageId rootid 51 tid 105965
target_page_id id: 1 tid 105965
0 1 tid 105965
526 52 tid 105965
173 tid 105965
Insert  tid 105964
FindTargetPageId rootid 51 tid 105964
Remove  tid 105965
target_page_id id: 52 tid 105964
0 1 tid 105964
526 52 tid 105964
217 tid 105964
Insert  tid 105964
FindTargetPageId rootid 51 tid 105966
target_page_id id: 52 tid 105966
0 1 tid 105966
526 52 tid 105966
218 tid 105966
Insert  tid 105966
FindTargetPageId rootid 51 tid 105965
target_page_id id: 1 tid 105965
0 1 tid 105965
526 52 tid 105965
172 tid 105965
Remove  tid 105965
FindTargetPageId rootid 51 tid 105965
target_page_id id: 1 tid 105965
0 1 tid 105965
526 52 tid 105965
171 tid 105965
Remove  tid 105965
FindTargetPageId rootid 51 tid 105966
target_page_id id: 52 tid 105966
0 1 tid 105966
526 52 tid 105966
218 tid 105966
Insert  tid 105966
FindTargetPageId rootid 51 tid 105966
target_page_id id: 52 tid 105966
0 1 tid 105966
526 52 tid 105966
218 tid 105966
Insert  tid 105966
FindTargetPageId rootid 51 tid 105965
target_page_id id: 1 tid 105965
0 1 tid 105965
526 52 tid 105965
170 tid 105965
Remove  tid 105965
FindTargetPageId rootid 51 tid 105964
target_page_id id: 52 tid 105964
0 1 tid 105964
526 52 tid 105964
218 tid 105964
Insert  tid 105964
FindTargetPageId rootid 51 tid 105966
target_page_id id: 52 tid 105966
0 1 tid 105966
526 52 tid 105966
219 tid 105966
Insert  tid 105966
FindTargetPageId rootid 51 tid 105966
target_page_id id: 52 tid 105966
0 1 tid 105966
526 52 tid 105966
219 tid 105966
Insert  tid 105966
FindTargetPageId rootid 51 tid 105966
target_page_id id: 52 tid 105966
0 1 tid 105966
526 52 tid 105966
219 tid 105966
Insert  tid 105966
FindTargetPageId rootid 51 tid 105966
target_page_id id: 52 tid 105966
0 1 tid 105966
526 52 tid 105966
219 tid 105966
Insert  tid 105966
FindTargetPageId rootid 51 tid 105966
target_page_id id: 52 tid 105966
0 1 tid 105966
526 52 tid 105966
219 tid 105966
Insert  tid 105966
FindTargetPageId rootid 51 tid 105964
target_page_id id: 52 tid 105964
0 1 tid 105964
526 52 tid 105964
219 tid 105964
Insert  tid 105964
FindTargetPageId rootid 51 tid 105964
target_page_id id: 52 tid 105964
0 1 tid 105964
526 52 tid 105964
220 tid 105964
Insert  tid 105964
FindTargetPageId rootid 51 tid 105964
target_page_id id: 52 tid 105964
0 1 tid 105964
526 52 tid 105964
221 tid 105964
Insert  tid 105964
FindTargetPageId rootid 51 tid 105964
target_page_id id: 52 tid 105964
0 1 tid 105964
526 52 tid 105964
222 tid 105964
Insert  tid 105964
FindTargetPageId rootid 51 tid 105964
target_page_id id: 52 tid 105964
0 1 tid 105964
526 52 tid 105964
223 tid 105964
Insert  tid 105964
FindTargetPageId rootid 51 tid 105964
target_page_id id: 52 tid 105964
0 1 tid 105964
526 52 tid 105964
224 tid 105964
Insert  tid 105964
FindTargetPageId rootid 51 tid 105964
target_page_id id: 52 tid 105964
0 1 tid 105964
526 52 tid 105964
225 tid 105964
Insert  tid 105964
FindTargetPageId rootid 51 tid 105964
target_page_id id: 52 tid 105964
0 1 tid 105964
526 52 tid 105964
226 tid 105964
Insert  tid 105964
FindTargetPageId rootid 51 tid 105964
target_page_id id: 52 tid 105964
0 1 tid 105964
526 52 tid 105964
227 tid 105964
Insert  tid 105964
FindTargetPageId rootid 51 tid 105965
target_page_id id: 1 tid 105965
0 1 tid 105965
526 52 tid 105965
169 tid 105965
Remove  tid 105965
FindTargetPageId rootid 51 tid 105965
target_page_id id: 1 tid 105965
0 1 tid 105965
526 52 tid 105965
168 tid 105965
Remove  tid 105965
FindTargetPageId rootid 51 tid 105965
target_page_id id: 1 tid 105965
0 1 tid 105965
526 52 tid 105965
167 tid 105965
Remove  tid 105965
FindTargetPageId rootid 51 tid 105966
target_page_id id: 52 tid 105966
0 1 tid 105966
526 52 tid 105966
228 tid 105966
Insert  tid 105966
FindTargetPageId rootid 51 tid 105964
target_page_id id: 52 tid 105964
0 1 tid 105964
526 52 tid 105964
228 tid 105964
Insert  tid 105964
FindTargetPageId rootid 51 tid 105964
target_page_id id: 52 tid 105964
0 1 tid 105964
526 52 tid 105964
229 tid 105964
Insert  tid 105964
FindTargetPageId rootid 51 tid 105964
target_page_id id: 52 tid 105964
0 1 tid 105964
526 52 tid 105964
230 tid 105964
Insert  tid 105964
FindTargetPageId rootid 51 tid 105964
target_page_id id: 52 tid 105964
0 1 tid 105964
526 52 tid 105964
231 tid 105964
Insert  tid 105964
FindTargetPageId rootid 51 tid 105964
target_page_id id: 52 tid 105964
0 1 tid 105964
526 52 tid 105964
232 tid 105964
Insert  tid 105964
FindTargetPageId rootid 51 tid 105964
target_page_id id: 52 tid 105964
0 1 tid 105964
526 52 tid 105964
233 tid 105964
Insert  tid 105964
FindTargetPageId rootid 51 tid 105966
target_page_id id: 52 tid 105966
0 1 tid 105966
526 52 tid 105966
234 tid 105966
Insert  tid 105966
FindTargetPageId rootid 51 tid 105966
target_page_id id: 52 tid 105966
0 1 tid 105966
526 52 tid 105966
234 tid 105966
Insert  tid 105966
FindTargetPageId rootid 51 tid 105966
target_page_id id: 52 tid 105966
0 1 tid 105966
526 52 tid 105966
234 tid 105966
Insert  tid 105966
FindTargetPageId rootid 51 tid 105966
target_page_id id: 52 tid 105966
0 1 tid 105966
526 52 tid 105966
234 tid 105966
Insert  tid 105966
FindTargetPageId rootid 51 tid 105966
target_page_id id: 52 tid 105966
0 1 tid 105966
526 52 tid 105966
234 tid 105966
Insert  tid 105966
FindTargetPageId rootid 51 tid 105966
target_page_id id: 52 tid 105966
0 1 tid 105966
526 52 tid 105966
234 tid 105966
Insert  tid 105966
FindTargetPageId rootid 51 tid 105966
target_page_id id: 52 tid 105966
0 1 tid 105966
526 52 tid 105966
234 tid 105966
Insert  tid 105966
FindTargetPageId rootid 51 tid 105966
target_page_id id: 52 tid 105966
0 1 tid 105966
526 52 tid 105966
234 tid 105966
Insert  tid 105966
FindTargetPageId rootid 51 tid 105966
target_page_id id: 52 tid 105966
0 1 tid 105966
526 52 tid 105966
234 tid 105966
Insert  tid 105966
FindTargetPageId rootid 51 tid 105966
target_page_id id: 52 tid 105966
0 1 tid 105966
526 52 tid 105966
234 tid 105966
Insert  tid 105966
FindTargetPageId rootid 51 tid 105966
target_page_id id: 52 tid 105966
0 1 tid 105966
526 52 tid 105966
234 tid 105966
Insert  tid 105966
FindTargetPageId rootid 51 tid 105965
target_page_id id: 1 tid 105965
0 1 tid 105965
526 52 tid 105965
166 tid 105965
Remove  tid 105965
FindTargetPageId rootid 51 tid 105965
target_page_id id: 1 tid 105965
0 1 tid 105965
526 52 tid 105965
165 tid 105965
Remove  tid 105965
FindTargetPageId rootid 51 tid 105966
target_page_id id: 52 tid 105966
0 1 tid 105966
526 52 tid 105966
234 tid 105966
Insert  tid 105966
FindTargetPageId rootid 51 tid 105964
target_page_id id: 52 tid 105964
0 1 tid 105964
526 52 tid 105964
234 tid 105964
Insert  tid 105964
FindTargetPageId rootid 51 tid 105965
target_page_id id: 1 tid 105965
0 1 tid 105965
526 52 tid 105965
164 tid 105965
Remove  tid 105965
FindTargetPageId rootid 51 tid 105966
target_page_id id: 52 tid 105966
0 1 tid 105966
526 52 tid 105966
235 tid 105966
Insert  tid 105966
FindTargetPageId rootid 51 tid 105964
target_page_id id: 52 tid 105964
0 1 tid 105964
526 52 tid 105964
235 tid 105964
FindTargetPageId rootid 51 tid 105965
target_page_id id: 1 tid 105965
0 1 tid 105965
526 52 tid 105965
Insert  tid 105964
163 tid 105965
Remove  tid 105965
FindTargetPageId rootid 51 tid 105966
target_page_id id: 52 tid 105966
0 1 tid 105966
526 52 tid 105966
236 tid 105966
Insert  tid 105966
FindTargetPageId rootid 51 tid 105964
target_page_id id: 52 tid 105964
0 1 tid 105964
526 52 tid 105964
236 tid 105964
Insert  tid 105964
FindTargetPageId rootid 51 tid 105965
target_page_id id: 1 tid 105965
0 1 tid 105965
526 52 tid 105965
162 tid 105965
Remove  tid 105965
FindTargetPageId rootid 51 tid 105966
target_page_id id: 52 tid 105966
0 1 tid 105966
526 52 tid 105966
237 tid 105966
FindTargetPageId rootid 51 tid 105964
target_page_id id: 52 tid 105964
0 1 tid 105964
526 52 tid 105964
Insert  tid 105966
237 tid 105964
Insert  tid 105964
FindTargetPageId rootid 51 tid 105965
target_page_id id: 1 tid 105965
0 1 tid 105965
526 52 tid 105965
161 tid 105965
Remove  tid 105965
FindTargetPageId rootid 51 tid 105966
target_page_id id: 52 tid 105966
0 1 tid 105966
526 52 tid 105966
238 tid 105966
Insert  tid 105966
FindTargetPageId rootid 51 tid 105964
target_page_id id: 52 tid 105964
0 1 tid 105964
526 52 tid 105964
238 tid 105964
Insert  tid 105964
FindTargetPageId rootid 51 tid 105965
target_page_id id: 1 tid 105965
0 1 tid 105965
526 52 tid 105965
160 tid 105965
Remove  tid 105965
FindTargetPageId rootid 51 tid 105966
target_page_id id: 52 tid 105966
0 1 tid 105966
526 52 tid 105966
239 tid 105966
Insert  tid 105966
FindTargetPageId rootid 51 tid 105966
target_page_id id: 52 tid 105966
0 1 tid 105966
526 52 tid 105966
239 tid 105966
Insert  tid 105966
FindTargetPageId rootid 51 tid 105965
target_page_id id: 1 tid 105965
0 1 tid 105965
526 52 tid 105965
159 tid 105965
Remove  tid 105965
FindTargetPageId rootid 51 tid 105965
target_page_id id: 1 tid 105965
0 1 tid 105965
526 52 tid 105965
158 tid 105965
Remove  tid 105965
FindTargetPageId rootid 51 tid 105965
target_page_id id: 1 tid 105965
0 1 tid 105965
526 52 tid 105965
157 tid 105965
Remove  tid 105965
FindTargetPageId rootid 51 tid 105964
target_page_id id: 52 tid 105964
0 1 tid 105964
526 52 tid 105964
239 tid 105964
Insert  tid 105964
FindTargetPageId rootid 51 tid 105964
target_page_id id: 52 tid 105964
0 1 tid 105964
526 52 tid 105964
240 tid 105964
Insert  tid 105964
FindTargetPageId rootid 51 tid 105964
target_page_id id: 52 tid 105964
0 1 tid 105964
526 52 tid 105964
241 tid 105964
Insert  tid 105964
FindTargetPageId rootid 51 tid 105964
target_page_id id: 52 tid 105964
0 1 tid 105964
526 52 tid 105964
242 tid 105964
Insert  tid 105964
FindTargetPageId rootid 51 tid 105964
target_page_id id: 52 tid 105964
0 1 tid 105964
526 52 tid 105964
243 tid 105964
Insert  tid 105964
FindTargetPageId rootid 51 tid 105964
target_page_id id: 52 tid 105964
0 1 tid 105964
526 52 tid 105964
244 tid 105964
Insert  tid 105964
FindTargetPageId rootid 51 tid 105964
target_page_id id: 52 tid 105964
0 1 tid 105964
526 52 tid 105964
245 tid 105964
Insert  tid 105964
FindTargetPageId rootid 51 tid 105964
target_page_id id: 52 tid 105964
0 1 tid 105964
526 52 tid 105964
246 tid 105964
Insert  tid 105964
FindTargetPageId rootid 51 tid 105964
target_page_id id: 52 tid 105964
0 1 tid 105964
526 52 tid 105964
247 tid 105964
Insert  tid 105964
FindTargetPageId rootid 51 tid 105964
target_page_id id: 52 tid 105964
0 1 tid 105964
526 52 tid 105964
248 tid 105964
Insert  tid 105964
FindTargetPageId rootid 51 tid 105964
target_page_id id: 52 tid 105964
0 1 tid 105964
526 52 tid 105964
249 tid 105964
Insert  tid 105964
FindTargetPageId rootid 51 tid 105964
target_page_id id: 52 tid 105964
0 1 tid 105964
526 52 tid 105964
250 tid 105964
Insert  tid 105964
FindTargetPageId rootid 51 tid 105964
target_page_id id: 52 tid 105964
0 1 tid 105964
526 52 tid 105964
251 tid 105964
Insert  tid 105964
FindTargetPageId rootid 51 tid 105964
target_page_id id: 52 tid 105964
0 1 tid 105964
526 52 tid 105964
252 tid 105964
Insert  tid 105964
FindTargetPageId rootid 51 tid 105964
target_page_id id: 52 tid 105964
0 1 tid 105964
526 52 tid 105964
253 tid 105964
Insert  tid 105964
FindTargetPageId rootid 51 tid 105966
target_page_id id: 52 tid 105966
0 1 tid 105966
526 52 tid 105966
254 tid 105966
Insert  tid 105966
FindTargetPageId rootid 51 tid 105966
target_page_id id: 52 tid 105966
0 1 tid 105966
526 52 tid 105966
254 tid 105966
Insert  tid 105966
FindTargetPageId rootid 51 tid 105964
target_page_id id: 52 tid 105964
0 1 tid 105964
526 52 tid 105964
254 tid 105964
Insert  tid 105964
FindTargetPageId rootid 51 tid 105965
target_page_id id: 1 tid 105965
0 1 tid 105965
526 52 tid 105965
653 53 tid 105965
156 tid 105965
Remove  tid 105965
FindTargetPageId rootid 51 tid 105966
target_page_id id: 53 tid 105966
0 1 tid 105966
526 52 tid 105966
653 53 tid 105966
128 tid 105966
Insert  tid 105966
FindTargetPageId rootid 51 tid 105966
target_page_id id: 53 tid 105966
0 1 tid 105966
526 52 tid 105966
653 53 tid 105966
128 tid 105966
Insert  tid 105966
FindTargetPageId rootid 51 tid 105966
target_page_id id: 53 tid 105966
0 1 tid 105966
526 52 tid 105966
653 53 tid 105966
128 tid 105966
Insert  tid 105966
FindTargetPageId rootid 51 tid 105966
target_page_id id: 53 tid 105966
0 1 tid 105966
526 52 tid 105966
653 53 tid 105966
128 tid 105966
Insert  tid 105966
FindTargetPageId rootid 51 tid 105966
target_page_id id: 53 tid 105966
0 1 tid 105966
526 52 tid 105966
653 53 tid 105966
128 tid 105966
Insert  tid 105966
FindTargetPageId rootid 51 tid 105966
target_page_id id: 53 tid 105966
0 1 tid 105966
526 52 tid 105966
653 53 tid 105966
128 tid 105966
Insert  tid 105966
FindTargetPageId rootid 51 tid 105966
target_page_id id: 53 tid 105966
0 1 tid 105966
526 52 tid 105966
653 53 tid 105966
128 tid 105966
Insert  tid 105966
FindTargetPageId rootid 51 tid 105966
target_page_id id: 53 tid 105966
0 1 tid 105966
526 52 tid 105966
653 53 tid 105966
128 tid 105966
Insert  tid 105966
FindTargetPageId rootid 51 tid 105966
target_page_id id: 53 tid 105966
0 1 tid 105966
526 52 tid 105966
653 53 tid 105966
128 tid 105966
Insert  tid 105966
FindTargetPageId rootid 51 tid 105966
target_page_id id: 53 tid 105966
0 1 tid 105966
526 52 tid 105966
653 53 tid 105966
128 tid 105966
Insert  tid 105966
FindTargetPageId rootid 51 tid 105966
target_page_id id: 53 tid 105966
0 1 tid 105966
526 52 tid 105966
653 53 tid 105966
128 tid 105966
Insert  tid 105966
FindTargetPageId rootid 51 tid 105965
target_page_id id: 1 tid 105965
0 1 tid 105965
526 52 tid 105965
653 53 tid 105965
155 tid 105965
Remove  tid 105965
FindTargetPageId rootid 51 tid 105964
target_page_id id: 53 tid 105964
0 1 tid 105964
526 52 tid 105964
653 53 tid 105964
128 tid 105964
Insert  tid 105964
FindTargetPageId rootid 51 tid 105966
target_page_id id: 53 tid 105966
0 1 tid 105966
526 52 tid 105966
653 53 tid 105966
129 tid 105966
Insert  tid 105966
FindTargetPageId rootid 51 tid 105965
target_page_id id: 1 tid 105965
0 1 tid 105965
526 52 tid 105965
653 53 tid 105965
154 tid 105965
FindTargetPageId rootid 51 tid 105964
target_page_id id: 53 tid 105964
0 1 tid 105964
526 52 tid 105964
653 53 tid 105964
Remove  tid 129 tid 105964
105965
Insert  tid 105964
FindTargetPageId rootid 51 tid 105966
target_page_id id: 53 tid 105966
0 1 tid 105966
526 52 tid 105966
653 53 tid 105966
130 tid 105966
FindTargetPageId rootid 51 tid 105965
target_page_id id: 1 tid 105965
0 1 tid 105965
526 52 tid 105965
653 53 tid 105965
153 tid 105965
Insert  tid 105966
FindTargetPageId rootid 51 tid 105964
target_page_id id: 53 tid 105964
0 1 tid 105964
526 52 tid 105964
653 53 tid 105964
Remove  tid 130 tid 105964105965

FindTargetPageId rootid 51 tid 105965
target_page_id id: 1 tid 105965
0 Insert  tid 105964
1 tid 105965
526 52 tid 105965
653 53 tid 105965
152 tid 105965
Remove  tid 105965
FindTargetPageId rootid 51 tid 105966
target_page_id id: 53 tid 105966
0 1 tid 105966
526 52 tid 105966
653 53 tid 105966
131 tid 105966
Insert  tid 105966
FindTargetPageId rootid 51 tid 105964
target_page_id id: 53 tid 105964
0 1 tid 105964
526 52 tid 105964
653 53 tid 105964
131 tid 105964
Insert  tid 105964
FindTargetPageId rootid 51 tid 105965
target_page_id id: 1 tid 105965
0 1 tid 105965
526 52 tid 105965
653 53 tid 105965
151 tid 105965
Remove  tid 105965
FindTargetPageId rootid 51 tid 105966
target_page_id id: 53 tid 105966
0 1 tid 105966
526 52 tid 105966
653 53 tid 105966
132 tid 105966
Insert  tid 105966
FindTargetPageId rootid 51 tid 105964
target_page_id id: 53 tid 105964
0 1 tid 105964
526 52 tid 105964
653 53 tid 105964
132 tid 105964
Insert  tid 105964
FindTargetPageId rootid 51 tid 105965
target_page_id id: 1 tid 105965
0 1 tid 105965
526 52 tid 105965
653 53 tid 105965
150 tid 105965
Remove  tid 105965
FindTargetPageId rootid 51 tid 105966
target_page_id id: 53 tid 105966
0 1 tid 105966
526 52 tid 105966
653 53 tid 105966
133 tid 105966
Insert  tid 105966
FindTargetPageId rootid 51 tid 105966
target_page_id id: 53 tid 105966
0 1 tid 105966
526 52 tid 105966
653 53 tid 105966
133 tid 105966
Insert  tid 105966
FindTargetPageId rootid 51 tid 105966
target_page_id id: 53 tid 105966
0 1 tid 105966
526 52 tid 105966
653 53 tid 105966
133 tid 105966
Insert  tid 105966
FindTargetPageId rootid 51 tid 105964
target_page_id id: 53 tid 105964
0 1 tid 105964
526 52 tid 105964
653 53 tid 105964
133 tid 105964
Insert  tid 105964
FindTargetPageId rootid 51 tid 105965
target_page_id id: 1 tid 105965
0 1 tid 105965
526 52 tid 105965
653 53 tid 105965
149 tid 105965
Remove  tid 105965
FindTargetPageId rootid 51 tid 105966
target_page_id id: 53 tid 105966
0 1 tid 105966
526 52 tid 105966
653 53 tid 105966
134 tid 105966
Insert  tid 105966
FindTargetPageId rootid 51 tid 105964
target_page_id id: 53 tid 105964
0 1 tid 105964
526 52 tid 105964
653 53 tid 105964
134 tid 105964
Insert  tid 105964
FindTargetPageId rootid 51 tid 105965
target_page_id id: 1 tid 105965
0 1 tid 105965
526 52 tid 105965
653 53 tid 105965
148 tid 105965
Remove  tid 105965
FindTargetPageId rootid 51 tid 105966
target_page_id id: 53 tid 105966
0 1 tid 105966
526 52 tid 105966
653 53 tid 105966
135 tid 105966
Insert  tid 105966
FindTargetPageId rootid 51 tid 105966
target_page_id id: 53 tid 105966
0 1 tid 105966
526 52 tid 105966
653 53 tid 105966
135 tid 105966
Insert  tid 105966
FindTargetPageId rootid 51 tid 105966
target_page_id id: 53 tid 105966
0 1 tid 105966
526 52 tid 105966
653 53 tid 105966
135 tid 105966
Insert  tid 105966
FindTargetPageId rootid 51 tid 105966
target_page_id id: 53 tid 105966
0 1 tid 105966
526 52 tid 105966
653 53 tid 105966
135 tid 105966
Insert  tid 105966
FindTargetPageId rootid 51 tid 105966
target_page_id id: 53 tid 105966
0 1 tid 105966
526 52 tid 105966
653 53 tid 105966
135 tid 105966
Insert  tid 105966
FindTargetPageId rootid 51 tid 105966
target_page_id id: 53 tid 105966
0 1 tid 105966
526 52 tid 105966
653 53 tid 105966
135 tid 105966
Insert  tid 105966
FindTargetPageId rootid 51 tid 105966
target_page_id id: 53 tid 105966
0 1 tid 105966
526 52 tid 105966
653 53 tid 105966
135 tid 105966
Insert  tid 105966
FindTargetPageId rootid 51 tid 105966
target_page_id id: 53 tid 105966
0 1 tid 105966
526 52 tid 105966
653 53 tid 105966
135 tid 105966
Insert  tid 105966
FindTargetPageId rootid 51 tid 105964
target_page_id id: 53 tid 105964
0 1 tid 105964
526 52 tid 105964
653 53 tid 105964
135 tid 105964
Insert  tid 105964
FindTargetPageId rootid 51 tid 105965
target_page_id id: 1 tid 105965
0 1 tid 105965
526 52 tid 105965
653 53 tid 105965
147 tid 105965
Remove  tid 105965
FindTargetPageId rootid 51 tid 105966
target_page_id id: 53 tid 105966
0 1 tid 105966
526 52 tid 105966
653 53 tid 105966
136 tid 105966
Insert  tid 105966
FindTargetPageId rootid 51 tid 105964
target_page_id id: 53 tid 105964
0 1 tid 105964
526 52 tid 105964
653 53 tid 105964
136 tid 105964
Insert  tid 105964
FindTargetPageId rootid 51 tid 105965
target_page_id id: 1 tid 105965
0 1 tid 105965
526 52 tid 105965
653 53 tid 105965
146 tid 105965
Remove  tid 105965
FindTargetPageId rootid 51 tid 105966
target_page_id id: 53 tid 105966
0 1 tid 105966
526 52 tid 105966
653 53 tid 105966
137 tid 105966
Insert  tid 105966
FindTargetPageId rootid 51 tid 105964
target_page_id id: 53 tid 105964
0 1 tid 105964
526 52 tid 105964
653 53 tid 105964
137 tid 105964
Insert  tid 105964
FindTargetPageId rootid 51 tid 105965
target_page_id id: 1 tid 105965
0 1 tid 105965
526 52 tid 105965
653 53 tid 105965
145 tid 105965
Remove  tid 105965
FindTargetPageId rootid 51 tid 105966
target_page_id id: 53 tid 105966
0 1 tid 105966
526 52 tid 105966
653 53 tid 105966
138 tid 105966
FindTargetPageId rootid 51 tid 105964
target_page_id id: 53 tid 105964
0 1 tid 105964
526 52 tid 105964
653 53 tid 105964
138 tid 105964
Insert  tid 105964
Insert FindTargetPageId rootid 51 tid  tid 105964
target_page_id id: 53 tid 105966105964
0 1 tid 105964
526 52 tid 105964
653 53 tid 105964

139 tid 105964
Insert  tid 105964
FindTargetPageId rootid 51 tid 105964
target_page_id id: 53 tid 105964
0 1 tid 105964
526 52 tid 105964
653 53 tid 105964
140 tid 105964
Insert  tid 105964
FindTargetPageId rootid 51 tid 105964
target_page_id id: 53 tid 105964
0 1 tid 105964
526 52 tid 105964
653 53 tid 105964
141 tid 105964
Insert  tid 105964
FindTargetPageId rootid 51 tid 105964
target_page_id id: 53 tid 105964
0 1 tid 105964
526 52 tid 105964
653 53 tid 105964
142 tid 105964
Insert  tid 105964
FindTargetPageId rootid 51 tid 105966
target_page_id id: 53 tid 105966
0 1 tid 105966
526 52 tid 105966
653 53 tid 105966
143 tid 105966
Insert  tid 105966
FindTargetPageId rootid 51 tid 105965
target_page_id id: 1 tid 105965
0 1 tid 105965
526 52 tid 105965
653 53 tid 105965
144 tid 105965
Remove FindTargetPageId rootid  tid 51 tid 105965105964

target_page_id id: 53 tid 105964
0 1 tid 105964
526 52 tid 105964
653 53 tid 105964
143 tid 105964
Insert  tid 105964
FindTargetPageId rootid 51 tid 105966
target_page_id id: 53 tid 105966
0 1 tid 105966
526 52 tid 105966
653 53 tid 105966
144 tid 105966
Insert  tid 105966
FindTargetPageId rootid 51 tid 105965
target_page_id id: 1 tid 105965
0 1 tid 105965
526 52 tid 105965
653 53 tid 105965
143 tid 105965
Remove  tid 105965
FindTargetPageId rootid 51 tid 105964
target_page_id id: 53 tid 105964
0 1 tid 105964
526 52 tid 105964
653 53 tid 105964
144 tid 105964
Insert  tid 105964
FindTargetPageId rootid 51 tid 105964
target_page_id id: 53 tid 105964
0 1 tid 105964
526 52 tid 105964
653 53 tid 105964
145 tid 105964
Insert  tid 105964
FindTargetPageId rootid 51 tid 105964
target_page_id id: 53 tid 105964
0 1 tid 105964
526 52 tid 105964
653 53 tid 105964
146 tid 105964
Insert  tid 105964
FindTargetPageId rootid 51 tid 105966
target_page_id id: 53 tid 105966
0 1 tid 105966
526 52 tid 105966
653 53 tid 105966
147 tid 105966
Insert  tid 105966
FindTargetPageId rootid 51 tid 105965
target_page_id id: 1 tid 105965
0 1 tid 105965
526 52 tid 105965
653 53 tid 105965
142 tid 105965
Remove  tid 105965
FindTargetPageId rootid 51 tid 105965
target_page_id id: 1 tid 105965
0 1 tid 105965
526 52 tid 105965
653 53 tid 105965
141 tid 105965
Remove  tid 105965
FindTargetPageId rootid 51 tid 105965
target_page_id id: 1 tid 105965
0 1 tid 105965
526 52 tid 105965
653 53 tid 105965
140 tid 105965
Remove  tid 105965
FindTargetPageId rootid 51 tid 105965
target_page_id id: 1 tid 105965
0 1 tid 105965
526 52 tid 105965
653 53 tid 105965
139 tid 105965
Remove  tid 105965
FindTargetPageId rootid 51 tid 105965
target_page_id id: 1 tid 105965
0 1 tid 105965
526 52 tid 105965
653 53 tid 105965
138 tid 105965
Remove  tid 105965
FindTargetPageId rootid 51 tid 105965
target_page_id id: 1 tid 105965
0 1 tid 105965
526 52 tid 105965
653 53 tid 105965
137 tid 105965
Remove  tid 105965
FindTargetPageId rootid 51 tid 105965
target_page_id id: 1 tid 105965
0 1 tid 105965
526 52 tid 105965
653 53 tid 105965
136 tid 105965
Remove  tid 105965
FindTargetPageId rootid 51 tid 105965
target_page_id id: 1 tid 105965
0 1 tid 105965
526 52 tid 105965
653 53 tid 105965
135 tid 105965
Remove  tid 105965
FindTargetPageId rootid 51 tid 105965
target_page_id id: 1 tid 105965
0 1 tid 105965
526 52 tid 105965
653 53 tid 105965
134 tid 105965
Remove  tid 105965
FindTargetPageId rootid 51 tid 105966
target_page_id id: 53 tid 105966
0 1 tid 105966
526 52 tid 105966
653 53 tid 105966
147 tid 105966
Insert  tid 105966
FindTargetPageId rootid 51 tid 105965
target_page_id id: 1 tid 105965
0 1 tid 105965
526 52 tid 105965
653 53 tid 105965
133 tid 105965
Remove  tid 105965
FindTargetPageId rootid 51 tid 105964
target_page_id id: 53 tid 105964
0 1 tid 105964
526 52 tid 105964
653 53 tid 105964
147 tid 105964
Insert  tid 105964
FindTargetPageId rootid 51 tid 105966
target_page_id id: 53 tid 105966
0 1 tid 105966
526 52 tid 105966
653 53 tid 105966
148 tid 105966
Insert  tid 105966
FindTargetPageId rootid 51 tid 105965
target_page_id id: 1 tid 105965
0 1 tid 105965
526 52 tid 105965
653 53 tid 105965
132 tid 105965
Remove  tid 105965
FindTargetPageId rootid 51 tid 105964
target_page_id id: 53 tid 105964
0 1 tid 105964
526 52 tid 105964
653 53 tid 105964
148 tid 105964
Insert  tid 105964
FindTargetPageId rootid 51 tid 105964
target_page_id id: 53 tid 105964
0 1 tid 105964
526 52 tid 105964
653 53 tid 105964
149 tid 105964
Insert  tid 105964
FindTargetPageId rootid 51 tid 105966
target_page_id id: 53 tid 105966
0 1 tid 105966
526 52 tid 105966
653 53 tid 105966
150 tid 105966
Insert  tid 105966
FindTargetPageId rootid 51 tid 105965
target_page_id id: 1 tid 105965
0 1 tid 105965
526 52 tid 105965
653 53 tid 105965
131 tid 105965
Remove  tid 105965
FindTargetPageId rootid 51 tid 105964
target_page_id id: 53 tid 105964
0 1 tid 105964
526 52 tid 105964
653 53 tid 105964
150 tid 105964
Insert  tid 105964
FindTargetPageId rootid 51 tid 105964
target_page_id id: 53 tid 105964
0 1 tid 105964
526 52 tid 105964
653 53 tid 105964
151 tid 105964
Insert  tid 105964
FindTargetPageId rootid 51 tid 105965
target_page_id id: 1 tid 105965
0 1 tid 105965
526 52 tid 105965
653 53 tid 105965
130 tid 105965
Remove  tid 105965
FindTargetPageId rootid 51 tid 105966
target_page_id id: 53 tid 105966
0 1 tid 105966
526 52 tid 105966
653 53 tid 105966
152 tid 105966
Insert  tid 105966
FindTargetPageId rootid 51 tid 105966
target_page_id id: 53 tid 105966
0 1 tid 105966
526 52 tid 105966
653 53 tid 105966
152 tid 105966
Insert  tid 105966
FindTargetPageId rootid 51 tid 105965
target_page_id id: 1 tid 105965
0 1 tid 105965
526 52 tid 105965
653 53 tid 105965
129 tid 105965
Remove  tid 105965
FindTargetPageId rootid 51 tid 105965
target_page_id id: 1 tid 105965
0 1 tid 105965
526 52 tid 105965
653 53 tid 105965
128 tid 105965
Remove  tid 105965
FindTargetPageId rootid 51 tid 105965
target_page_id id: 1 tid 105965
0 1 tid 105965
526 52 tid 105965
653 53 tid 105965
127 tid 105965
Remove  tid 105965
FindTargetPageId rootid 51 tid 105965
target_page_id id: 1 tid 105965
0 1 tid 105965
653 53 tid 105965
253 tid 105965
Remove  tid 105965
FindTargetPageId rootid 51 tid 105965
target_page_id id: 1 tid 105965
0 1 tid 105965
653 53 tid 105965
252 tid 105965
Remove  tid 105965
FindTargetPageId rootid 51 tid 105965
target_page_id id: 1 tid 105965
0 1 tid 105965
653 53 tid 105965
251 tid 105965
Remove  tid 105965
FindTargetPageId rootid 51 tid 105965
target_page_id id: 1 tid 105965
0 1 tid 105965
653 53 tid 105965
250 tid 105965
Remove  tid 105965
FindTargetPageId rootid 51 tid 105965
target_page_id id: 1 tid 105965
0 1 tid 105965
653 53 tid 105965
249 tid 105965
Remove  tid 105965
FindTargetPageId rootid 51 tid 105964
target_page_id id: 53 tid 105964
0 1 tid 105964
653 53 tid 105964
152 tid 105964
Insert  tid 105964
FindTargetPageId rootid 51 tid 105964
target_page_id id: 53 tid 105964
0 1 tid 105964
653 53 tid 105964
153 tid 105964
FindTargetPageId rootid 51 tid 105965
target_page_id id: 1 tid 105965
0 1 tid 105965
653 53 tid 105965
Insert  tid 105964
248 tid 105965
Remove  tid 105965
FindTargetPageId rootid 51 tid 105966
target_page_id id: 53 tid 105966
0 1 tid 105966
653 53 tid 105966
154 tid 105966
Insert  tid 105966
FindTargetPageId rootid 51 tid 105966
target_page_id id: 53 tid 105966
0 1 tid 105966
653 53 tid 105966
154 tid 105966
Insert  tid 105966
FindTargetPageId rootid 51 tid 105966
target_page_id id: 53 tid 105966
0 1 tid 105966
653 53 tid 105966
154 tid 105966
Insert  tid 105966
FindTargetPageId rootid 51 tid 105965
target_page_id id: 1 tid 105965
0 1 tid 105965
653 53 tid 105965
247 tid 105965
Remove  tid 105965
FindTargetPageId rootid 51 tid 105964
target_page_id id: 53 tid 105964
0 1 tid 105964
653 53 tid 105964
154 tid 105964
Insert  tid 105964
FindTargetPageId rootid 51 tid 105966
target_page_id id: 53 tid 105966
0 1 tid 105966
653 53 tid 105966
155 tid 105966
Insert  tid 105966
FindTargetPageId rootid 51 tid 105965
target_page_id id: 1 tid 105965
0 1 tid 105965
653 53 tid 105965
246 tid 105965
FindTargetPageId rootid 51 tid 105964
target_page_id id: 53 tid 105964
0 1 tid 105964
653 53 tid 105964
Remove  tid 105965
155 tid 105964
Insert  tid 105964
FindTargetPageId rootid 51 tid 105966
target_page_id id: 53 tid 105966
0 1 tid 105966
653 53 tid 105966
156 tid 105966
Insert  tid 105966
FindTargetPageId rootid 51 tid 105966
target_page_id id: 53 tid 105966
0 1 tid 105966
653 53 tid 105966
156 tid 105966
Insert  tid 105966
FindTargetPageId rootid 51 tid 105966
target_page_id id: 53 tid 105966
0 1 tid 105966
653 53 tid 105966
156 tid 105966
Insert  tid 105966
FindTargetPageId rootid 51 tid 105966
target_page_id id: 53 tid 105966
0 1 tid 105966
653 53 tid 105966
156 tid 105966
Insert  tid 105966
FindTargetPageId rootid 51 tid 105966
target_page_id id: 53 tid 105966
0 1 tid 105966
653 53 tid 105966
156 tid 105966
Insert  tid 105966
FindTargetPageId rootid 51 tid 105966
target_page_id id: 53 tid 105966
0 1 tid 105966
653 53 tid 105966
156 tid 105966
Insert  tid 105966
FindTargetPageId rootid 51 tid 105966
target_page_id id: 53 tid 105966
0 1 tid 105966
653 53 tid 105966
156 tid 105966
Insert  tid 105966
FindTargetPageId rootid 51 tid 105966
target_page_id id: 53 tid 105966
0 1 tid 105966
653 53 tid 105966
156 tid 105966
Insert  tid 105966
FindTargetPageId rootid 51 tid 105966
target_page_id id: 53 tid 105966
0 1 tid 105966
653 53 tid 105966
157 tid 105966
Insert  tid 105966
FindTargetPageId rootid 51 tid 105966
target_page_id id: 53 tid 105966
0 1 tid 105966
653 53 tid 105966
158 tid 105966
Insert  tid 105966
FindTargetPageId rootid 51 tid 105966
target_page_id id: 53 tid 105966
0 1 tid 105966
653 53 tid 105966
159 tid 105966
Insert  tid 105966
FindTargetPageId rootid 51 tid 105966
target_page_id id: 53 tid 105966
0 1 tid 105966
653 53 tid 105966
160 tid 105966
Insert  tid 105966
FindTargetPageId rootid 51 tid 105966
target_page_id id: 53 tid 105966
0 1 tid 105966
653 53 tid 105966
161 tid 105966
Insert  tid 105966
FindTargetPageId rootid 51 tid 105966
target_page_id id: 53 tid 105966
0 1 tid 105966
653 53 tid 105966
162 tid 105966
Insert  tid 105966
FindTargetPageId rootid 51 tid 105966
target_page_id id: 53 tid 105966
0 1 tid 105966
653 53 tid 105966
163 tid 105966
Insert  tid 105966
FindTargetPageId rootid 51 tid 105966
target_page_id id: 53 tid 105966
0 1 tid 105966
653 53 tid 105966
164 tid 105966
Insert  tid 105966
FindTargetPageId rootid 51 tid 105966
target_page_id id: 53 tid 105966
0 1 tid 105966
653 53 tid 105966
165 tid 105966
Insert  tid 105966
FindTargetPageId rootid 51 tid 105966
target_page_id id: 53 tid 105966
0 1 tid 105966
653 53 tid 105966
166 tid 105966
Insert  tid 105966
FindTargetPageId rootid 51 tid 105966
target_page_id id: 53 tid 105966
0 1 tid 105966
653 53 tid 105966
167 tid 105966
Insert  tid 105966
FindTargetPageId rootid 51 tid 105966
target_page_id id: 53 tid 105966
0 1 tid 105966
653 53 tid 105966
168 tid 105966
Insert  tid 105966
FindTargetPageId rootid 51 tid 105966
target_page_id id: 53 tid 105966
0 1 tid 105966
653 53 tid 105966
169 tid 105966
Insert  tid 105966
FindTargetPageId rootid 51 tid 105966
target_page_id id: 53 tid 105966
0 1 tid 105966
653 53 tid 105966
170 tid 105966
FindTargetPageId rootid 51 tid 105964
target_page_id id: 53 tid 105964
0 1 tid 105964
653 53 tid 105964
171 tid 105964
Insert  tid 105966
Insert  tid 105964
FindTargetPageId rootid 51 tid 105966
target_page_id id: 53 tid 105966
0 1 tid 105966
653 53 tid 105966
171 tid 105966
Insert  tid 105966
FindTargetPageId rootid 51 tid 105966
target_page_id id: 53 tid 105966
0 1 tid 105966
653 53 tid 105966
172 tid 105966
Insert  tid 105966
FindTargetPageId rootid 51 tid 105966
target_page_id id: 53 tid 105966
0 1 tid 105966
653 53 tid 105966
173 tid 105966
Insert  tid 105966
FindTargetPageId rootid 51 tid 105966
target_page_id id: 53 tid 105966
0 1 tid 105966
653 53 tid 105966
174 tid 105966
Insert  tid 105966
FindTargetPageId rootid 51 tid 105966
target_page_id id: 53 tid 105966
0 1 tid 105966
653 53 tid 105966
175 tid 105966
Insert  tid 105966
FindTargetPageId rootid 51 tid 105966
target_page_id id: 53 tid 105966
0 1 tid 105966
653 53 tid 105966
176 tid 105966
Insert  tid 105966
FindTargetPageId rootid 51 tid 105965
target_page_id id: 1 tid 105965
0 1 tid 105965
653 53 tid 105965
245 tid 105965
Remove  tid 105965
FindTargetPageId rootid 51 tid 105965
target_page_id id: 1 tid 105965
0 1 tid 105965
653 53 tid 105965
244 tid 105965
Remove  tid 105965
FindTargetPageId rootid 51 tid 105965
target_page_id id: 1 tid 105965
0 1 tid 105965
653 53 tid 105965
243 tid 105965
Remove  tid 105965
FindTargetPageId rootid 51 tid 105965
target_page_id id: 1 tid 105965
0 1 tid 105965
653 53 tid 105965
242 tid 105965
Remove  tid 105965
FindTargetPageId rootid 51 tid 105965
target_page_id id: 1 tid 105965
0 1 tid 105965
653 53 tid 105965
241 tid 105965
Remove  tid 105965
FindTargetPageId rootid 51 tid 105965
target_page_id id: 1 tid 105965
0 1 tid 105965
653 53 tid 105965
240 tid 105965
Remove  tid 105965
FindTargetPageId rootid 51 tid 105965
target_page_id id: 1 tid 105965
0 1 tid 105965
653 53 tid 105965
239 tid 105965
Remove  tid 105965
FindTargetPageId rootid 51 tid 105965
target_page_id id: 1 tid 105965
0 1 tid 105965
653 53 tid 105965
238 tid 105965
Remove  tid 105965
FindTargetPageId rootid 51 tid 105965
target_page_id id: 1 tid 105965
0 1 tid 105965
653 53 tid 105965
237 tid 105965
Remove  tid 105965
FindTargetPageId rootid 51 tid 105965
target_page_id id: 1 tid 105965
0 1 tid 105965
653 53 tid 105965
236 tid 105965
Remove  tid 105965
FindTargetPageId rootid 51 tid 105966
target_page_id id: 53 tid 105966
0 1 tid 105966
653 53 tid 105966
177 tid 105966
Insert  tid 105966
FindTargetPageId rootid 51 tid 105966
target_page_id id: 53 tid 105966
0 1 tid 105966
653 53 tid 105966
178 tid 105966
Insert  tid 105966
FindTargetPageId rootid 51 tid 105965
target_page_id id: 1 tid 105965
0 1 tid 105965
653 53 tid 105965
235 tid 105965
Remove  tid 105965
FindTargetPageId rootid 51 tid 105965
target_page_id id: 1 tid 105965
0 1 tid 105965
653 53 tid 105965
234 tid 105965
Remove  tid 105965
FindTargetPageId rootid 51 tid 105965
target_page_id id: 1 tid 105965
0 1 tid 105965
653 53 tid 105965
233 tid 105965
Remove  tid 105965
FindTargetPageId rootid 51 tid 105965
target_page_id id: 1 tid 105965
0 1 tid 105965
653 53 tid 105965
232 tid 105965
Remove  tid 105965
FindTargetPageId rootid 51 tid 105965
target_page_id id: 1 tid 105965
0 1 tid 105965
653 53 tid 105965
231 tid 105965
Remove  tid 105965
FindTargetPageId rootid 51 tid 105965
target_page_id id: 1 tid 105965
0 1 tid 105965
653 53 tid 105965
230 tid 105965
Remove  tid 105965
FindTargetPageId rootid 51 tid 105965
target_page_id id: 1 tid 105965
0 1 tid 105965
653 53 tid 105965
229 tid 105965
Remove  tid 105965
FindTargetPageId rootid 51 tid 105965
target_page_id id: 1 tid 105965
0 1 tid 105965
653 53 tid 105965
228 tid 105965
Remove  tid 105965
FindTargetPageId rootid 51 tid 105965
target_page_id id: 1 tid 105965
0 1 tid 105965
653 53 tid 105965
227 tid 105965
Remove  tid 105965
FindTargetPageId rootid 51 tid 105965
target_page_id id: 1 tid 105965
0 1 tid 105965
653 53 tid 105965
226 tid 105965
Remove  tid 105965
FindTargetPageId rootid 51 tid 105965
target_page_id id: 1 tid 105965
0 1 tid 105965
653 53 tid 105965
225 tid 105965
Remove  tid 105965
FindTargetPageId rootid 51 tid 105965
target_page_id id: 1 tid 105965
0 1 tid 105965
653 53 tid 105965
224 tid 105965
Remove  tid 105965
FindTargetPageId rootid 51 tid 105965
target_page_id id: 1 tid 105965
0 1 tid 105965
653 53 tid 105965
223 tid 105965
Remove  tid 105965
FindTargetPageId rootid 51 tid 105965
target_page_id id: 1 tid 105965
0 1 tid 105965
653 53 tid 105965
222 tid 105965
Remove  tid 105965
FindTargetPageId rootid 51 tid 105965
target_page_id id: 1 tid 105965
0 1 tid 105965
653 53 tid 105965
221 tid 105965
Remove  tid 105965
FindTargetPageId rootid 51 tid 105965
target_page_id id: 1 tid 105965
0 1 tid 105965
653 53 tid 105965
220 tid 105965
Remove  tid 105965
FindTargetPageId rootid 51 tid 105964
target_page_id id: 53 tid 105964
0 1 tid 105964
653 53 tid 105964
179 tid 105964
Insert  tid 105964
FindTargetPageId rootid 51 tid 105964
target_page_id id: 53 tid 105964
0 1 tid 105964
653 53 tid 105964
179 tid 105964
Insert  tid 105964
FindTargetPageId rootid 51 tid 105966
target_page_id id: 53 tid 105966
0 1 tid 105966
653 53 tid 105966
179 tid 105966
Insert  tid 105966
FindTargetPageId rootid 51 tid 105965
target_page_id id: 1 tid 105965
0 1 tid 105965
653 53 tid 105965
219 tid 105965
Remove  tid 105965
FindTargetPageId rootid 51 tid 105965
target_page_id id: 1 tid 105965
0 1 tid 105965
653 53 tid 105965
218 tid 105965
Remove  tid 105965
FindTargetPageId rootid 51 tid 105966
target_page_id id: 53 tid 105966
0 1 tid 105966
653 53 tid 105966
180 tid 105966
FindTargetPageId rootid 51 tid 105964
target_page_id id: 53 tid 105964
0 1 tid 105964
653 53 tid 105964
181 tid 105964
Insert  tid 105966
FindTargetPageId rootid 51 tid 105965
target_page_id id: 1 tid 105965
0 1 tid 105965
653 53 tid 105965
Insert  tid 105964
217 tid 105965
FindTargetPageId rootid 51 tid 105966
Remove  tid 105965
target_page_id id: 53 tid 105966
0 1 tid 105966
653 53 tid 105966
181 tid 105966
Insert  tid 105966
FindTargetPageId rootid 51 tid 105964
target_page_id id: 53 tid 105964
0 1 tid 105964
653 53 tid 105964
182 tid 105964
Insert  tid 105964
FindTargetPageId rootid 51 tid 105965
target_page_id id: 1 tid 105965
0 1 tid 105965
653 53 tid 105965
216 tid 105965
Remove  tid 105965
FindTargetPageId rootid 51 tid 105966
target_page_id id: 53 tid 105966
0 1 tid 105966
653 53 tid 105966
182 tid 105966
Insert  tid 105966
FindTargetPageId rootid 51 tid 105964
target_page_id id: 53 tid 105964
0 1 tid 105964
653 53 tid 105964
183 tid 105964
Insert  tid 105964
FindTargetPageId rootid 51 tid 105964
target_page_id id: 53 tid 105964
0 1 tid 105964
653 53 tid 105964
183 tid 105964
FindTargetPageId rootid Insert  tid 51 tid 105964
105966
target_page_id id: 53 tid 105966
0 1 tid 105966
653 53 tid 105966
183 tid 105966
Insert  tid 105966
FindTargetPageId rootid 51 tid 105965
target_page_id id: 1 tid 105965
0 1 tid 105965
653 53 tid 105965
215 tid 105965
Remove  tid 105965
FindTargetPageId rootid 51 tid 105964
target_page_id id: 53 tid 105964
0 1 tid 105964
653 53 tid 105964
184 tid 105964
Insert  tid 105964
FindTargetPageId rootid 51 tid 105966
target_page_id id: 53 tid 105966
0 1 tid 105966
653 53 tid 105966
184 tid 105966
Insert  tid 105966
FindTargetPageId rootid 51 tid 105965
target_page_id id: 1 tid 105965
0 1 tid 105965
653 53 tid 105965
214 tid 105965
Remove  tid 105965
FindTargetPageId rootid 51 tid 105965
target_page_id id: 1 tid 105965
0 1 tid 105965
653 53 tid 105965
213 tid 105965
Remove  tid 105965
FindTargetPageId rootid 51 tid 105965
target_page_id id: 1 tid 105965
0 1 tid 105965
653 53 tid 105965
212 tid 105965
Remove  tid 105965
FindTargetPageId rootid 51 tid 105965
target_page_id id: 1 tid 105965
0 1 tid 105965
653 53 tid 105965
211 tid 105965
Remove  tid 105965
FindTargetPageId rootid 51 tid 105965
target_page_id id: 1 tid 105965
0 1 tid 105965
653 53 tid 105965
210 tid 105965
Remove  tid 105965
FindTargetPageId rootid 51 tid 105966
target_page_id id: 53 tid 105966
0 1 tid 105966
653 53 tid 105966
185 tid 105966
Insert  tid 105966
FindTargetPageId rootid 51 tid 105964
target_page_id id: 53 tid 105964
0 1 tid 105964
653 53 tid 105964
186 tid 105964
Insert  tid 105964
FindTargetPageId rootid 51 tid 105965
target_page_id id: 1 tid 105965
0 1 tid 105965
653 53 tid 105965
209 tid 105965
FindTargetPageId rootid 51 tid 105966
target_page_id id: 53 tid 105966
0 1 tid 105966
653 53 tid 105966
186 tid 105966
Remove  tid 105965
Insert  tid 105966
FindTargetPageId rootid 51 tid 105965
target_page_id id: 1 tid 105965
0 1 tid 105965
653 53 tid 105965
208 tid 105965
Remove  tid 105965
FindTargetPageId rootid 51 tid 105966
target_page_id id: 53 tid 105966
0 1 tid 105966
653 53 tid 105966
187 tid 105966
Insert  tid 105966
FindTargetPageId rootid 51 tid 105964
target_page_id id: 53 tid 105964
0 1 tid 105964
653 53 tid 105964
188 tid 105964
Insert  tid 105964
FindTargetPageId rootid 51 tid 105965
target_page_id id: 1 tid 105965
0 1 tid 105965
653 53 tid 105965
207 tid 105965
Remove  tid 105965
FindTargetPageId rootid 51 tid 105965
target_page_id id: 1 tid 105965
0 1 tid 105965
653 53 tid 105965
206 tid 105965
Remove  tid 105965
FindTargetPageId rootid 51 tid 105964
target_page_id id: 53 tid 105964
0 1 tid 105964
653 53 tid 105964
188 tid 105964
Insert  tid 105964
FindTargetPageId rootid 51 tid 105966
target_page_id id: 53 tid 105966
0 1 tid 105966
653 53 tid 105966
188 tid 105966
Insert  tid 105966
FindTargetPageId rootid 51 tid 105966
target_page_id id: 53 tid 105966
0 1 tid 105966
653 53 tid 105966
189 tid 105966
Insert  tid 105966
FindTargetPageId rootid 51 tid 105966
target_page_id id: 53 tid 105966
0 1 tid 105966
653 53 tid 105966
190 tid 105966
Insert  tid 105966
FindTargetPageId rootid 51 tid 105965
target_page_id id: 1 tid 105965
0 1 tid 105965
653 53 tid 105965
205 tid 105965
Remove  tid 105965
FindTargetPageId rootid 51 tid 105964
target_page_id id: 53 tid 105964
0 1 tid 105964
653 53 tid 105964
191 tid 105964
Insert  tid 105964
FindTargetPageId rootid 51 tid 105964
target_page_id id: 53 tid 105964
0 1 tid 105964
653 53 tid 105964
191 tid 105964
Insert  tid 105964
FindTargetPageId rootid 51 tid 105965
target_page_id id: 1 tid 105965
0 1 tid 105965
653 53 tid 105965
204 tid 105965
FindTargetPageId rootid 51 tid 105966
target_page_id id: 53 tid 105966
0 1 tid 105966
653 53 tid 105966
191 tid 105966
Insert  tid 105966
Remove FindTargetPageId rootid 51 tid 105966
target_page_id id: 53 tid 105966
0 1 tid 105966
653 53 tid 105966
192 tid 105966
 tid 105965
FindTargetPageId rootid 51 tid 105964
target_page_id id: 53 tid 105964
0 1 tid 105964
653 53 tid 105964
Insert 193 tid  tid 105964
105966
Insert  tid 105964
FindTargetPageId rootid 51 tid 105966
target_page_id id: 53 tid 105966
0 1 tid 105966
653 53 tid 105966
193 tid 105966
FindTargetPageId rootid 51 tid 105965
target_page_id id: 1 tid 105965
0 1 tid 105965
653 53 tid 105965
203 tid 105965
Remove Insert  tid  tid 105966105965

FindTargetPageId rootid 51 tid 105964
target_page_id id: 53 tid 105964
0 1 tid 105964
653 53 tid 105964
194 tid 105964
Insert  tid 105964
FindTargetPageId rootid 51 tid 105965
target_page_id id: 1 tid 105965
0 1 tid 105965
653 53 tid 105965
202 tid 105965
Remove  tid 105965
FindTargetPageId rootid 51 tid 105965
target_page_id id: 1 tid 105965
0 1 tid 105965
653 53 tid 105965
201 tid 105965
Remove  tid 105965
FindTargetPageId rootid 51 tid 105965
target_page_id id: 1 tid 105965
0 1 tid 105965
653 53 tid 105965
200 tid 105965
Remove  tid 105965
FindTargetPageId rootid 51 tid 105964
target_page_id id: 53 tid 105964
0 1 tid 105964
653 53 tid 105964
194 tid 105964
Insert  tid 105964
FindTargetPageId rootid 51 tid 105966
target_page_id id: 53 tid 105966
0 1 tid 105966
653 53 tid 105966
194 tid 105966
Insert  tid 105966
FindTargetPageId rootid 51 tid 105965
target_page_id id: 1 tid 105965
0 1 tid 105965
653 53 tid 105965
199 tid 105965
Remove  tid 105965
FindTargetPageId rootid 51 tid 105964
target_page_id id: 53 tid 105964
0 1 tid 105964
653 53 tid 105964
195 tid 105964
Insert  tid 105964
FindTargetPageId rootid 51 tid 105966
target_page_id id: 53 tid 105966
0 1 tid 105966
653 53 tid 105966
195 tid 105966
Insert  tid 105966
FindTargetPageId rootid 51 tid 105965
target_page_id id: 1 tid 105965
0 1 tid 105965
653 53 tid 105965
198 tid 105965
FindTargetPageId rootid 51 tid 105964
target_page_id id: 53 tid 105964
0 1 tid 105964
653 53 tid 105964
Remove  tid 105965
196 tid 105964
Insert  tid 105964
FindTargetPageId rootid 51 tid 105966
target_page_id id: 53 tid 105966
0 1 tid 105966
653 53 tid 105966
196 tid 105966
Insert  tid 105966
FindTargetPageId rootid 51 tid 105965
target_page_id id: 1 tid 105965
0 1 tid 105965
653 53 tid 105965
197 tid 105965
Remove  tid 105965
FindTargetPageId rootid 51 tid 105964
target_page_id id: 53 tid 105964
0 1 tid 105964
653 53 tid 105964
197 tid 105964
Insert  tid 105964
FindTargetPageId rootid 51 tid 105966
target_page_id id: 53 tid 105966
0 1 tid 105966
653 53 tid 105966
197 tid 105966
Insert  tid 105966
FindTargetPageId rootid 51 tid 105966
target_page_id id: 53 tid 105966
0 1 tid 105966
653 53 tid 105966
198 tid 105966
Insert  tid 105966
FindTargetPageId rootid 51 tid 105966
target_page_id id: 53 tid 105966
0 1 tid 105966
653 53 tid 105966
199 tid 105966
Insert  tid 105966
FindTargetPageId rootid 51 tid 105966
target_page_id id: 53 tid 105966
0 1 tid 105966
653 53 tid 105966
200 tid 105966
Insert  tid 105966
FindTargetPageId rootid 51 tid 105964
target_page_id id: 53 tid 105964
0 1 tid 105964
653 53 tid 105964
201 tid 105964
Insert  tid 105964
FindTargetPageId rootid 51 tid 105964
target_page_id id: 53 tid 105964
0 1 tid 105964
653 53 tid 105964
201 tid 105964
Insert  tid 105964
FindTargetPageId rootid 51 tid 105965
target_page_id id: 1 tid 105965
0 1 tid 105965
653 53 tid 105965
196 tid 105965
Remove  tid 105965
FindTargetPageId rootid 51 tid 105966
target_page_id id: 53 tid 105966
0 1 tid 105966
653 53 tid 105966
201 tid 105966
Insert  tid 105966
FindTargetPageId rootid 51 tid 105964
target_page_id id: 53 tid 105964
0 1 tid 105964
653 53 tid 105964
202 tid 105964
Insert  tid 105964
FindTargetPageId rootid 51 tid 105965
target_page_id id: 1 tid 105965
0 1 tid 105965
653 53 tid 105965
195 tid 105965
Remove  tid 105965
FindTargetPageId rootid 51 tid 105966
target_page_id id: 53 tid 105966
0 1 tid 105966
653 53 tid 105966
202 tid 105966
Insert  tid 105966
FindTargetPageId rootid 51 tid 105966
target_page_id id: 53 tid 105966
0 1 tid 105966
653 53 tid 105966
203 tid 105966
Insert  tid 105966
FindTargetPageId rootid 51 tid 105965
target_page_id id: 1 tid 105965
0 1 tid 105965
653 53 tid 105965
194 tid 105965
Remove  tid 105965
FindTargetPageId rootid 51 tid 105964
target_page_id id: 53 tid 105964
0 1 tid 105964
653 53 tid 105964
204 tid 105964
Insert  tid 105964
FindTargetPageId rootid 51 tid 105966
target_page_id id: 53 tid 105966
0 1 tid 105966
653 53 tid 105966
204 tid 105966
Insert  tid 105966
FindTargetPageId rootid 51 tid 105966
target_page_id id: 53 tid 105966
0 1 tid 105966
653 53 tid 105966
205 tid 105966
Insert  tid 105966
FindTargetPageId rootid 51 tid 105964
target_page_id id: 53 tid 105964
0 1 tid 105964
653 53 tid 105964
206 tid 105964
Insert  tid 105964
FindTargetPageId rootid 51 tid 105964
target_page_id id: 53 tid 105964
0 1 tid 105964
653 53 tid 105964
206 tid 105964
Insert  tid 105964
FindTargetPageId rootid 51 tid 105966
target_page_id id: 53 tid 105966
0 1 tid 105966
653 53 tid 105966
206 tid 105966
FindTargetPageId rootid 51 tid 105965
target_page_id id: 1 tid 105965
0 1 tid 105965
Insert  tid 653105966
 53 tid 105965
193 tid 105965
Remove  tid 105965
FindTargetPageId rootid 51 tid 105964
target_page_id id: 53 tid 105964
0 1 tid 105964
653 53 tid 105964
207 tid 105964
Insert  tid 105964
FindTargetPageId rootid 51 tid 105966
target_page_id id: 53 tid 105966
0 1 tid 105966
653 53 tid 105966
207 tid 105966
Insert  tid 105966
FindTargetPageId rootid 51 tid 105965
target_page_id id: 1 tid 105965
0 1 tid 105965
653 53 tid 105965
192 tid 105965
Remove  tid 105965
FindTargetPageId rootid 51 tid 105964
target_page_id id: 53 tid 105964
0 1 tid 105964
653 53 tid 105964
208 tid 105964
Insert  tid 105964
FindTargetPageId rootid 51 tid 105966
target_page_id id: 53 tid 105966
0 1 tid 105966
653 53 tid 105966
208 tid 105966
Insert  tid 105966
FindTargetPageId rootid 51 tid 105966
target_page_id id: 53 tid 105966
0 1 tid 105966
653 53 tid 105966
209 tid 105966
Insert  tid 105966
FindTargetPageId rootid 51 tid 105966
target_page_id id: 53 tid 105966
0 1 tid 105966
653 53 tid 105966
210 tid 105966
Insert  tid 105966
FindTargetPageId rootid 51 tid 105965
target_page_id id: 1 tid 105965
0 1 tid 105965
653 53 tid 105965
191 tid 105965
Remove  tid 105965
FindTargetPageId rootid 51 tid 105965
target_page_id id: 1 tid 105965
0 1 tid 105965
653 53 tid 105965
190 tid 105965
Remove  tid 105965
FindTargetPageId rootid 51 tid 105965
target_page_id id: 1 tid 105965
0 1 tid 105965
653 53 tid 105965
189 tid 105965
Remove  tid 105965
FindTargetPageId rootid 51 tid 105965
target_page_id id: 1 tid 105965
0 1 tid 105965
653 53 tid 105965
188 tid 105965
Remove  tid 105965
FindTargetPageId rootid 51 tid 105966
target_page_id id: 53 tid 105966
0 1 tid 105966
653 53 tid 105966
211 tid 105966
Insert  tid 105966
FindTargetPageId rootid 51 tid 105966
target_page_id id: 53 tid 105966
0 1 tid 105966
653 53 tid 105966
212 tid 105966
Insert  tid 105966
FindTargetPageId rootid 51 tid 105966
target_page_id id: 53 tid 105966
0 1 tid 105966
653 53 tid 105966
213 tid 105966
Insert  tid 105966
FindTargetPageId rootid 51 tid 105966
target_page_id id: 53 tid 105966
0 1 tid 105966
653 53 tid 105966
214 tid 105966
Insert  tid 105966
FindTargetPageId rootid 51 tid 105966
target_page_id id: 53 tid 105966
0 1 tid 105966
653 53 tid 105966
215 tid 105966
Insert  tid 105966
FindTargetPageId rootid 51 tid 105964
target_page_id id: 53 tid 105964
0 1 tid 105964
653 53 tid 105964
216 tid 105964
Insert  tid 105964
FindTargetPageId rootid 51 tid 105964
target_page_id id: 53 tid 105964
0 1 tid 105964
653 53 tid 105964
216 tid 105964
Insert  tid 105964
FindTargetPageId rootid 51 tid 105965
target_page_id id: 1 tid 105965
0 1 tid 105965
653 53 tid 105965
187 tid 105965
Remove  tid 105965
FindTargetPageId rootid 51 tid 105966
target_page_id id: 53 tid 105966
0 1 tid 105966
653 53 tid 105966
216 tid 105966
Insert  tid 105966
FindTargetPageId rootid 51 tid 105964
target_page_id id: 53 tid 105964
0 1 tid 105964
653 53 tid 105964
217 tid 105964
Insert  tid 105964
FindTargetPageId rootid 51 tid 105965
target_page_id id: 1 tid 105965
0 1 tid 105965
653 53 tid 105965
186 tid 105965
Remove  tid 105965
FindTargetPageId rootid 51 tid 105966
target_page_id id: 53 tid 105966
0 1 tid 105966
653 53 tid 105966
217 tid 105966
Insert  tid 105966
FindTargetPageId rootid 51 tid 105964
target_page_id id: 53 tid 105964
0 1 tid 105964
653 53 tid 105964
218 tid 105964
Insert  tid 105964
FindTargetPageId rootid 51 tid 105965
target_page_id id: 1 tid 105965
0 1 tid 105965
653 53 tid 105965
185 tid 105965
Remove  tid 105965
FindTargetPageId rootid 51 tid 105966
target_page_id id: 53 tid 105966
0 1 tid 105966
653 53 tid 105966
218 tid 105966
Insert  tid 105966
FindTargetPageId rootid 51 tid 105964
target_page_id id: 53 tid 105964
0 1 tid 105964
653 53 tid 105964
219 tid 105964
Insert  tid 105964
FindTargetPageId rootid 51 tid 105965
target_page_id id: 1 tid 105965
0 1 tid 105965
653 53 tid 105965
184 tid 105965
Remove  tid 105965
FindTargetPageId rootid 51 tid 105966
target_page_id id: 53 tid 105966
0 1 tid 105966
653 53 tid 105966
219 tid 105966
Insert  tid 105966
FindTargetPageId rootid 51 tid 105964
target_page_id id: 53 tid 105964
0 1 tid 105964
653 53 tid 105964
220 tid 105964
Insert  tid 105964
FindTargetPageId rootid 51 tid 105965
target_page_id id: 1 tid 105965
0 1 tid 105965
653 53 tid 105965
183 tid 105965
Remove  tid 105965
FindTargetPageId rootid 51 tid 105966
target_page_id id: 53 tid 105966
0 1 tid 105966
653 53 tid 105966
220 tid 105966
Insert  tid 105966
FindTargetPageId rootid 51 tid 105966
target_page_id id: 53 tid 105966
0 1 tid 105966
653 53 tid 105966
221 tid 105966
Insert  tid 105966
FindTargetPageId rootid 51 tid 105965
target_page_id id: 1 tid 105965
0 1 tid 105965
653 53 tid 105965
182 tid 105965
Remove  tid 105965
FindTargetPageId rootid 51 tid 105964
target_page_id id: 53 tid 105964
0 1 tid 105964
653 53 tid 105964
222 tid 105964
Insert  tid 105964
FindTargetPageId rootid 51 tid 105964
target_page_id id: 53 tid 105964
0 1 tid 105964
653 53 tid 105964
222 tid 105964
Insert  tid 105964
FindTargetPageId rootid 51 tid 105964
target_page_id id: 53 tid 105964
0 1 tid 105964
653 53 tid 105964
222 tid 105964
Insert  tid 105964
FindTargetPageId rootid 51 tid 105966
target_page_id id: 53 tid 105966
0 1 tid 105966
653 53 tid 105966
222 tid 105966
Insert  tid 105966
FindTargetPageId rootid 51 tid 105965
target_page_id id: 1 tid 105965
0 1 tid 105965
653 53 tid 105965
181 tid 105965
Remove  tid 105965
FindTargetPageId rootid 51 tid 105964
target_page_id id: 53 tid 105964
0 1 tid 105964
653 53 tid 105964
223 tid 105964
Insert  tid 105964
FindTargetPageId rootid 51 tid 105964
target_page_id id: 53 tid 105964
0 1 tid 105964
653 53 tid 105964
223 tid 105964
Insert  tid 105964
FindTargetPageId rootid 51 tid 105964
target_page_id id: 53 tid 105964
0 1 tid 105964
653 53 tid 105964
223 tid 105964
Insert  tid 105964
FindTargetPageId rootid 51 tid 105964
target_page_id id: 53 tid 105964
0 1 tid 105964
653 53 tid 105964
223 tid 105964
Insert  tid 105964
FindTargetPageId rootid 51 tid 105964
target_page_id id: 53 tid 105964
0 1 tid 105964
653 53 tid 105964
223 tid 105964
Insert  tid 105964
FindTargetPageId rootid 51 tid 105964
target_page_id id: 53 tid 105964
0 1 tid 105964
653 53 tid 105964
223 tid 105964
Insert  tid 105964
FindTargetPageId rootid 51 tid 105964
target_page_id id: 53 tid 105964
0 1 tid 105964
653 53 tid 105964
223 tid 105964
Insert  tid 105964
FindTargetPageId rootid 51 tid 105964
target_page_id id: 53 tid 105964
0 1 tid 105964
653 53 tid 105964
223 tid 105964
Insert  tid 105964
FindTargetPageId rootid 51 tid 105964
target_page_id id: 53 tid 105964
0 1 tid 105964
653 53 tid 105964
223 tid 105964
Insert  tid 105964
FindTargetPageId rootid 51 tid 105964
target_page_id id: 53 tid 105964
0 1 tid 105964
653 53 tid 105964
223 tid 105964
Insert  tid 105964
FindTargetPageId rootid 51 tid 105964
target_page_id id: 53 tid 105964
0 1 tid 105964
653 53 tid 105964
223 tid 105964
Insert  tid 105964
FindTargetPageId rootid 51 tid 105964
target_page_id id: 53 tid 105964
0 1 tid 105964
653 53 tid 105964
223 tid 105964
Insert  tid 105964
FindTargetPageId rootid 51 tid 105964
target_page_id id: 53 tid 105964
0 1 tid 105964
653 53 tid 105964
223 tid 105964
Insert  tid 105964
FindTargetPageId rootid 51 tid 105964
target_page_id id: 53 tid 105964
0 1 tid 105964
653 53 tid 105964
223 tid 105964
Insert  tid 105964
FindTargetPageId rootid 51 tid 105964
target_page_id id: 53 tid 105964
0 1 tid 105964
653 53 tid 105964
223 tid 105964
Insert  tid 105964
FindTargetPageId rootid 51 tid 105964
target_page_id id: 53 tid 105964
0 1 tid 105964
653 53 tid 105964
223 tid 105964
Insert  tid 105964
FindTargetPageId rootid 51 tid 105966
target_page_id id: 53 tid 105966
0 1 tid 105966
653 53 tid 105966
223 tid 105966
Insert  tid 105966
FindTargetPageId rootid 51 tid 105966
target_page_id id: 53 tid 105966
0 1 tid 105966
653 53 tid 105966
224 tid 105966
Insert  tid 105966
FindTargetPageId rootid 51 tid 105965
target_page_id id: 1 tid 105965
0 1 tid 105965
653 53 tid 105965
180 tid 105965
Remove  tid 105965
FindTargetPageId rootid 51 tid 105964
target_page_id id: 53 tid 105964
0 1 tid 105964
653 53 tid 105964
225 tid 105964
Insert  tid 105964
FindTargetPageId rootid 51 tid 105964
target_page_id id: 53 tid 105964
0 1 tid 105964
653 53 tid 105964
225 tid 105964
Insert  tid 105964
FindTargetPageId rootid 51 tid 105965
target_page_id id: 1 tid 105965
0 1 tid 105965
653 53 tid 105965
179 tid 105965
Remove  tid 105965
FindTargetPageId rootid 51 tid 105966
target_page_id id: 53 tid 105966
0 1 tid 105966
653 53 tid 105966
225 tid 105966
Insert  tid 105966
FindTargetPageId rootid 51 tid 105966
target_page_id id: 53 tid 105966
0 1 tid 105966
653 53 tid 105966
226 tid 105966
Insert  tid 105966
FindTargetPageId rootid 51 tid 105965
target_page_id id: 1 tid 105965
0 1 tid 105965
653 53 tid 105965
178 tid 105965
Remove  tid 105965
FindTargetPageId rootid 51 tid 105965
target_page_id id: 1 tid 105965
0 1 tid 105965
653 53 tid 105965
177 tid 105965
Remove  tid 105965
FindTargetPageId rootid 51 tid 105965
target_page_id id: 1 tid 105965
0 1 tid 105965
653 53 tid 105965
176 tid 105965
Remove  tid 105965
FindTargetPageId rootid 51 tid 105964
target_page_id id: 53 tid 105964
0 1 tid 105964
653 53 tid 105964
227 tid 105964
Insert  tid 105964
FindTargetPageId rootid 51 tid 105966
target_page_id id: 53 tid 105966
0 1 tid 105966
653 53 tid 105966
227 tid 105966
Insert  tid 105966
FindTargetPageId rootid 51 tid 105966
target_page_id id: 53 tid 105966
0 1 tid 105966
653 53 tid 105966
228 tid 105966
Insert  tid 105966
FindTargetPageId rootid 51 tid 105966
target_page_id id: 53 tid 105966
0 1 tid 105966
653 53 tid 105966
229 tid 105966
Insert  tid 105966
FindTargetPageId rootid 51 tid 105966
target_page_id id: 53 tid 105966
0 1 tid 105966
653 53 tid 105966
230 tid 105966
Insert  tid 105966
FindTargetPageId rootid 51 tid 105964
target_page_id id: 53 tid 105964
0 1 tid 105964
653 53 tid 105964
231 tid 105964
Insert  tid 105964
FindTargetPageId rootid 51 tid 105965
target_page_id id: 1 tid 105965
0 1 tid 105965
653 53 tid 105965
175 tid 105965
Remove  tid 105965
FindTargetPageId rootid 51 tid 105965
target_page_id id: 1 tid 105965
0 1 tid 105965
653 53 tid 105965
174 tid 105965
Remove  tid 105965
FindTargetPageId rootid 51 tid 105966
target_page_id id: 53 tid 105966
0 1 tid 105966
653 53 tid 105966
231 tid 105966
Insert  tid 105966
FindTargetPageId rootid 51 tid 105964
target_page_id id: 53 tid 105964
0 1 tid 105964
653 53 tid 105964
232 tid 105964
Insert  tid 105964
FindTargetPageId rootid 51 tid 105964
target_page_id id: 53 tid 105964
0 1 tid 105964
653 53 tid 105964
232 tid 105964
Insert  tid 105964
FindTargetPageId rootid 51 tid 105964
target_page_id id: 53 tid 105964
0 1 tid 105964
653 53 tid 105964
232 tid 105964
Insert  tid 105964
FindTargetPageId rootid 51 tid 105964
target_page_id id: 53 tid 105964
0 1 tid 105964
653 53 tid 105964
232 tid 105964
Insert  tid 105964
FindTargetPageId rootid 51 tid 105964
target_page_id id: 53 tid 105964
0 1 tid 105964
653 53 tid 105964
232 tid 105964
Insert  tid 105964
FindTargetPageId rootid 51 tid 105966
target_page_id id: 53 tid 105966
0 1 tid 105966
653 53 tid 105966
232 tid 105966
Insert  tid 105966
FindTargetPageId rootid 51 tid 105966
target_page_id id: 53 tid 105966
0 1 tid 105966
653 53 tid 105966
233 tid 105966
Insert  tid 105966
FindTargetPageId rootid 51 tid 105964
target_page_id id: 53 tid 105964
0 1 tid 105964
653 53 tid 105964
234 tid 105964
Insert  tid 105964
FindTargetPageId rootid 51 tid 105964
target_page_id id: 53 tid 105964
0 1 tid 105964
653 53 tid 105964
234 tid 105964
Insert  tid 105964
FindTargetPageId rootid 51 tid 105966
target_page_id id: 53 tid 105966
0 1 tid 105966
653 53 tid 105966
234 tid 105966
Insert  tid 105966
FindTargetPageId rootid 51 tid 105966
target_page_id id: 53 tid 105966
0 1 tid 105966
653 53 tid 105966
235 tid 105966
Insert  tid 105966
FindTargetPageId rootid 51 tid 105965
target_page_id id: 1 tid 105965
0 1 tid 105965
653 53 tid 105965
173 tid 105965
Remove  tid 105965
FindTargetPageId rootid 51 tid 105965
target_page_id id: 1 tid 105965
0 1 tid 105965
653 53 tid 105965
172 tid 105965
Remove  tid 105965
FindTargetPageId rootid 51 tid 105966
target_page_id id: 53 tid 105966
0 1 tid 105966
653 53 tid 105966
236 tid 105966
Insert  tid 105966
FindTargetPageId rootid 51 tid 105964
target_page_id id: 53 tid 105964
0 1 tid 105964
653 53 tid 105964
237 tid 105964
Insert  tid 105964
FindTargetPageId rootid 51 tid 105965
target_page_id id: 1 tid 105965
0 1 tid 105965
653 53 tid 105965
171 tid 105965
Remove  tid 105965
FindTargetPageId rootid 51 tid 105966
target_page_id id: 53 tid 105966
0 1 tid 105966
653 53 tid 105966
237 tid 105966
Insert  tid 105966
FindTargetPageId rootid 51 tid 105964
target_page_id id: 53 tid 105964
0 1 tid 105964
653 53 tid 105964
238 tid 105964
FindTargetPageId rootid 51 tid 105965
target_page_id id: 1 tid 105965
0 1 tid 105965
653 53 tid 105965
170 tid 105965
Insert  tid Remove 105964 tid 
FindTargetPageId rootid 51 tid 105966
105965
target_page_id id: 53 tid 105966
0 1 tid 105966
653 53 tid 105966
238 tid 105966
Insert  tid 105966
FindTargetPageId rootid 51 tid 105964
target_page_id id: 53 tid 105964
0 1 tid 105964
653 53 tid 105964
239 tid 105964
Insert  tid 105964
FindTargetPageId rootid 51 tid 105965
target_page_id id: 1 tid 105965
0 1 tid 105965
653 53 tid 105965
169 tid 105965
Remove  tid 105965
FindTargetPageId rootid 51 tid 105966
target_page_id id: 53 tid 105966
0 1 tid 105966
653 53 tid 105966
239 tid 105966
Insert  tid 105966
FindTargetPageId rootid 51 tid 105964
target_page_id id: 53 tid 105964
0 1 tid 105964
653 53 tid 105964
240 tid 105964
Insert  tid 105964
FindTargetPageId rootid 51 tid 105965
target_page_id id: 1 tid 105965
0 1 tid 105965
653 53 tid 105965
168 tid 105965
Remove  tid 105965
FindTargetPageId rootid 51 tid 105966
target_page_id id: 53 tid 105966
0 1 tid 105966
653 53 tid 105966
240 tid 105966
Insert  tid 105966
FindTargetPageId rootid 51 tid 105964
target_page_id id: 53 tid 105964
0 1 tid 105964
653 53 tid 105964
241 tid 105964
Insert  tid 105964
FindTargetPageId rootid 51 tid 105965
target_page_id id: 1 tid 105965
0 1 tid 105965
653 53 tid 105965
167 tid 105965
Remove  tid 105965
FindTargetPageId rootid 51 tid 105966
target_page_id id: 53 tid 105966
0 1 tid 105966
653 53 tid 105966
241 tid 105966
Insert  tid 105966
FindTargetPageId rootid 51 tid 105966
target_page_id id: 53 tid 105966
0 1 tid 105966
653 53 tid 105966
242 tid 105966
Insert  tid 105966
FindTargetPageId rootid 51 tid 105965
target_page_id id: 1 tid 105965
0 1 tid 105965
653 53 tid 105965
166 tid 105965
Remove  tid 105965
FindTargetPageId rootid 51 tid 105964
target_page_id id: 53 tid 105964
0 1 tid 105964
653 53 tid 105964
243 tid 105964
Insert  tid 105964
FindTargetPageId rootid 51 tid 105966
target_page_id id: 53 tid 105966
0 1 tid 105966
653 53 tid 105966
243 tid 105966
Insert  tid 105966
FindTargetPageId rootid 51 tid 105965
target_page_id id: 1 tid 105965
0 1 tid 105965
653 53 tid 105965
165 tid 105965
Remove  tid 105965
FindTargetPageId rootid 51 tid 105965
target_page_id id: 1 tid 105965
0 1 tid 105965
653 53 tid 105965
164 tid 105965
Remove  tid 105965
FindTargetPageId rootid 51 tid 105964
target_page_id id: 53 tid 105964
0 1 tid 105964
653 53 tid 105964
244 tid 105964
Insert  tid 105964
FindTargetPageId rootid 51 tid 105966
target_page_id id: 53 tid 105966
0 1 tid 105966
653 53 tid 105966
244 tid 105966
Insert  tid 105966
FindTargetPageId rootid 51 tid 105965
target_page_id id: 1 tid 105965
0 1 tid 105965
653 53 tid 105965
163 tid 105965
Remove  tid 105965
FindTargetPageId rootid 51 tid 105964
target_page_id id: 53 tid 105964
0 1 tid 105964
653 53 tid 105964
245 tid 105964
Insert  tid 105964
FindTargetPageId rootid 51 tid 105966
target_page_id id: 53 tid 105966
0 1 tid 105966
653 53 tid 105966
245 tid 105966
Insert  tid 105966
FindTargetPageId rootid 51 tid 105965
target_page_id id: 1 tid 105965
0 1 tid 105965
653 53 tid 105965
162 tid 105965
Remove  tid 105965
FindTargetPageId rootid 51 tid 105964
target_page_id id: 53 tid 105964
0 1 tid 105964
653 53 tid 105964
246 tid 105964
Insert  tid 105964
FindTargetPageId rootid 51 tid 105966
target_page_id id: 53 tid 105966
0 1 tid 105966
653 53 tid 105966
246 tid 105966
Insert  tid 105966
FindTargetPageId rootid 51 tid 105966
target_page_id id: 53 tid 105966
0 1 tid 105966
653 53 tid 105966
247 tid 105966
Insert  tid 105966
FindTargetPageId rootid 51 tid 105966
target_page_id id: 53 tid 105966
0 1 tid 105966
653 53 tid 105966
248 tid 105966
Insert  tid 105966
FindTargetPageId rootid 51 tid 105964
target_page_id id: 53 tid 105964
0 1 tid 105964
653 53 tid 105964
249 tid 105964
Insert  tid 105964
FindTargetPageId rootid 51 tid 105965
target_page_id id: 1 tid 105965
0 1 tid 105965
653 53 tid 105965
161 tid 105965
Remove  tid 105965
FindTargetPageId rootid 51 tid 105966
target_page_id id: 53 tid 105966
0 1 tid 105966
653 53 tid 105966
249 tid 105966
Insert  tid 105966
FindTargetPageId rootid 51 tid 105964
target_page_id id: 53 tid 105964
0 1 tid 105964
653 53 tid 105964
250 tid 105964
Insert  tid 105964
FindTargetPageId rootid 51 tid 105965
target_page_id id: 1 tid 105965
0 1 tid 105965
653 53 tid 105965
160 tid 105965
Remove  tid 105965
FindTargetPageId rootid 51 tid 105966
target_page_id id: 53 tid 105966
0 1 tid 105966
653 53 tid 105966
250 tid 105966
Insert  tid 105966
FindTargetPageId rootid 51 tid 105966
target_page_id id: 53 tid 105966
0 1 tid 105966
653 53 tid 105966
251 tid 105966
Insert  tid 105966
FindTargetPageId rootid 51 tid 105966
target_page_id id: 53 tid 105966
0 1 tid 105966
653 53 tid 105966
252 tid 105966
Insert  tid 105966
FindTargetPageId rootid 51 tid 105964
target_page_id id: 53 tid 105964
0 1 tid 105964
653 53 tid 105964
253 tid 105964
Insert  tid 105964
FindTargetPageId rootid 51 tid 105965
target_page_id id: 1 tid 105965
0 1 tid 105965
653 53 tid 105965
159 tid 105965
Remove  tid 105965
FindTargetPageId rootid 51 tid 105966
target_page_id id: 53 tid 105966
0 1 tid 105966
653 53 tid 105966
253 tid 105966
Insert  tid 105966
FindTargetPageId rootid 51 tid 105966
target_page_id id: 53 tid 105966
0 1 tid 105966
653 53 tid 105966
254 tid 105966
Insert  tid 105966
FindTargetPageId rootid 51 tid 105965
target_page_id id: 1 tid 105965
0 1 tid 105965
653 53 tid 105965
780 54 tid 105965
158 tid 105965
Remove  tid 105965
FindTargetPageId rootid 51 tid 105964
target_page_id id: 54 tid 105964
0 1 tid 105964
653 53 tid 105964
780 54 tid 105964
128 tid 105964
Insert  tid 105964
FindTargetPageId rootid 51 tid 105966
target_page_id id: 54 tid 105966
0 1 tid 105966
653 53 tid 105966
780 54 tid 105966
128 tid 105966
Insert  tid 105966
FindTargetPageId rootid 51 tid 105965
target_page_id id: 1 tid 105965
0 1 tid 105965
653 53 tid 105965
780 54 tid 105965
157 tid 105965
Remove  tid 105965
FindTargetPageId rootid 51 tid 105964
target_page_id id: 54 tid 105964
0 1 tid 105964
653 53 tid 105964
780 54 tid 105964
129 tid 105964
Insert  tid 105964
FindTargetPageId rootid 51 tid 105966
target_page_id id: 54 tid 105966
0 1 tid 105966
653 53 tid 105966
780 54 tid 105966
129 tid 105966
Insert  tid 105966
FindTargetPageId rootid 51 tid 105965
target_page_id id: 1 tid 105965
0 1 tid 105965
653 53 tid 105965
780 54 tid 105965
156 tid 105965
Remove  tid 105965
FindTargetPageId rootid 51 tid 105964
target_page_id id: 54 tid 105964
0 1 tid 105964
653 53 tid 105964
780 54 tid 105964
130 tid 105964
Insert  tid 105964
FindTargetPageId rootid 51 tid 105966
target_page_id id: 54 tid 105966
0 1 tid 105966
653 53 tid 105966
780 54 tid 105966
130 tid 105966
Insert  tid 105966
FindTargetPageId rootid 51 tid 105965
target_page_id id: 1 tid 105965
0 1 tid 105965
653 53 tid 105965
780 54 tid 105965
155 tid 105965
Remove  tid 105965
FindTargetPageId rootid 51 tid 105964
target_page_id id: 54 tid 105964
0 1 tid 105964
653 53 tid 105964
780 54 tid 105964
131 tid 105964
Insert  tid 105964
FindTargetPageId rootid 51 tid 105966
target_page_id id: 54 tid 105966
0 1 tid 105966
653 53 tid 105966
780 54 tid 105966
131 tid 105966
Insert  tid 105966
FindTargetPageId rootid 51 tid 105965
target_page_id id: 1 tid 105965
0 1 tid 105965
653 53 tid 105965
780 54 tid 105965
154 tid 105965
Remove  tid 105965
FindTargetPageId rootid 51 tid 105964
target_page_id id: 54 tid 105964
0 1 tid 105964
653 53 tid 105964
780 54 tid 105964
132 tid 105964
Insert  tid 105964
FindTargetPageId rootid 51 tid 105964
target_page_id id: 54 tid 105964
0 1 tid 105964
653 53 tid 105964
780 54 tid 105964
132 tid 105964
Insert  tid 105964
FindTargetPageId rootid 51 tid 105965
target_page_id id: 1 tid 105965
0 1 tid 105965
653 53 tid 105965
780 54 tid 105965
153 tid 105965
Remove  tid 105965
FindTargetPageId rootid 51 tid 105965
target_page_id id: 1 tid 105965
0 1 tid 105965
653 53 tid 105965
780 54 tid 105965
152 tid 105965
Remove  tid 105965
FindTargetPageId rootid 51 tid 105964
target_page_id id: 54 tid 105964
0 1 tid 105964
653 53 tid 105964
780 54 tid 105964
132 tid 105964
Insert  tid 105964
FindTargetPageId rootid 51 tid 105966
target_page_id id: 54 tid 105966
0 1 tid 105966
653 53 tid 105966
780 54 tid 105966
132 tid 105966
Insert  tid 105966
FindTargetPageId rootid 51 tid 105965
target_page_id id: 1 tid 105965
0 1 tid 105965
653 53 tid 105965
780 54 tid 105965
151 tid 105965
Remove  tid 105965
FindTargetPageId rootid 51 tid 105964
target_page_id id: 54 tid 105964
0 1 tid 105964
653 53 tid 105964
780 54 tid 105964
133 tid 105964
Insert  tid 105964
FindTargetPageId rootid 51 tid 105966
target_page_id id: 54 tid 105966
0 1 tid 105966
653 53 tid 105966
780 54 tid 105966
133 tid 105966
Insert  tid 105966
FindTargetPageId rootid 51 tid 105966
target_page_id id: 54 tid 105966
0 1 tid 105966
653 53 tid 105966
780 54 tid 105966
134 tid 105966
Insert  tid 105966
FindTargetPageId rootid 51 tid 105966
target_page_id id: 54 tid 105966
0 1 tid 105966
653 53 tid 105966
780 54 tid 105966
135 tid 105966
Insert  tid 105966
FindTargetPageId rootid 51 tid 105966
target_page_id id: 54 tid 105966
0 1 tid 105966
653 53 tid 105966
780 54 tid 105966
136 tid 105966
Insert  tid 105966
FindTargetPageId rootid 51 tid 105965
target_page_id id: 1 tid 105965
0 1 tid 105965
653 53 tid 105965
780 54 tid 105965
150 tid 105965
Remove  tid 105965
FindTargetPageId rootid 51 tid 105965
target_page_id id: 1 tid 105965
0 1 tid 105965
653 53 tid 105965
780 54 tid 105965
149 tid 105965
Remove  tid 105965
FindTargetPageId rootid 51 tid 105965
target_page_id id: 1 tid 105965
0 1 tid 105965
653 53 tid 105965
780 54 tid 105965
148 tid 105965
Remove  tid 105965
FindTargetPageId rootid 51 tid 105965
target_page_id id: 1 tid 105965
0 1 tid 105965
653 53 tid 105965
780 54 tid 105965
147 tid 105965
Remove  tid 105965
FindTargetPageId rootid 51 tid 105966
target_page_id id: 54 tid 105966
0 1 tid 105966
653 53 tid 105966
780 54 tid 105966
137 tid 105966
Insert  tid 105966
FindTargetPageId rootid 51 tid 105966
target_page_id id: 54 tid 105966
0 1 tid 105966
653 53 tid 105966
780 54 tid 105966
138 tid 105966
Insert  tid 105966
FindTargetPageId rootid 51 tid 105965
target_page_id id: 1 tid 105965
0 1 tid 105965
653 53 tid 105965
780 54 tid 105965
146 tid 105965
Remove  tid 105965
FindTargetPageId rootid 51 tid 105964
target_page_id id: 54 tid 105964
0 1 tid 105964
653 53 tid 105964
780 54 tid 105964
139 tid 105964
Insert  tid 105964
FindTargetPageId rootid 51 tid 105966
target_page_id id: 54 tid 105966
0 1 tid 105966
653 53 tid 105966
780 54 tid 105966
139 tid 105966
Insert  tid 105966
FindTargetPageId rootid 51 tid 105965
target_page_id id: 1 tid 105965
0 1 tid 105965
653 53 tid 105965
780 54 tid 105965
145 tid 105965
Remove  tid 105965
FindTargetPageId rootid 51 tid 105964
target_page_id id: 54 tid 105964
0 1 tid 105964
653 53 tid 105964
780 54 tid 105964
140 tid 105964
Insert  tid 105964
FindTargetPageId rootid 51 tid 105966
target_page_id id: 54 tid 105966
0 1 tid 105966
653 53 tid 105966
780 54 tid 105966
140 tid 105966
Insert  tid 105966
FindTargetPageId rootid 51 tid 105965
target_page_id id: 1 tid 105965
0 1 tid 105965
653 53 tid 105965
780 54 tid 105965
144 tid 105965
Remove  tid 105965
FindTargetPageId rootid 51 tid 105964
target_page_id id: 54 tid 105964
0 1 tid 105964
653 53 tid 105964
780 54 tid 105964
141 tid 105964
Insert  tid 105964
FindTargetPageId rootid 51 tid 105966
target_page_id id: 54 tid 105966
0 1 tid 105966
653 53 tid 105966
780 54 tid 105966
141 tid 105966
Insert  tid 105966
FindTargetPageId rootid 51 tid 105965
target_page_id id: 1 tid 105965
0 1 tid 105965
653 53 tid 105965
780 54 tid 105965
143 tid 105965
Remove  tid 105965
FindTargetPageId rootid 51 tid 105964
target_page_id id: 54 tid 105964
0 1 tid 105964
653 53 tid 105964
780 54 tid 105964
142 tid 105964
Insert  tid 105964
FindTargetPageId rootid 51 tid 105966
target_page_id id: 54 tid 105966
0 1 tid 105966
653 53 tid 105966
780 54 tid 105966
142 tid 105966
Insert  tid 105966
FindTargetPageId rootid 51 tid 105965
target_page_id id: 1 tid 105965
0 1 tid 105965
653 53 tid 105965
780 54 tid 105965
142 tid 105965
Remove  tid 105965
FindTargetPageId rootid 51 tid 105964
target_page_id id: 54 tid 105964
0 1 tid 105964
653 53 tid 105964
780 54 tid 105964
143 tid 105964
Insert  tid 105964
FindTargetPageId rootid 51 tid 105966
target_page_id id: 54 tid 105966
0 1 tid 105966
653 53 tid 105966
780 54 tid 105966
143 tid 105966
Insert  tid 105966
FindTargetPageId rootid 51 tid 105965
target_page_id id: 1 tid 105965
0 1 tid 105965
653 53 tid 105965
780 54 tid 105965
141 tid 105965
Remove  tid 105965
FindTargetPageId rootid 51 tid 105964
target_page_id id: 54 tid 105964
0 1 tid 105964
653 53 tid 105964
780 54 tid 105964
144 tid 105964
Insert  tid 105964
FindTargetPageId rootid 51 tid 105966
target_page_id id: 54 tid 105966
0 1 tid 105966
653 53 tid 105966
780 54 tid 105966
144 tid 105966
Insert  tid 105966
FindTargetPageId rootid 51 tid 105966
target_page_id id: 54 tid 105966
0 1 tid 105966
653 53 tid 105966
780 54 tid 105966
145 tid 105966
Insert  tid 105966
FindTargetPageId rootid 51 tid 105966
target_page_id id: 54 tid 105966
0 1 tid 105966
653 53 tid 105966
780 54 tid 105966
146 tid 105966
Insert  tid 105966
FindTargetPageId rootid 51 tid 105966
target_page_id id: 54 tid 105966
0 1 tid 105966
653 53 tid 105966
780 54 tid 105966
147 tid 105966
Insert  tid 105966
FindTargetPageId rootid 51 tid 105966
target_page_id id: 54 tid 105966
0 1 tid 105966
653 53 tid 105966
780 54 tid 105966
148 tid 105966
Insert  tid 105966
FindTargetPageId rootid 51 tid 105966
target_page_id id: 54 tid 105966
0 1 tid 105966
653 53 tid 105966
780 54 tid 105966
149 tid 105966
Insert  tid 105966
FindTargetPageId rootid 51 tid 105966
target_page_id id: 54 tid 105966
0 1 tid 105966
653 53 tid 105966
780 54 tid 105966
150 tid 105966
Insert  tid 105966
FindTargetPageId rootid 51 tid 105966
target_page_id id: 54 tid 105966
0 1 tid 105966
653 53 tid 105966
780 54 tid 105966
151 tid 105966
Insert  tid 105966
FindTargetPageId rootid 51 tid 105966
target_page_id id: 54 tid 105966
0 1 tid 105966
653 53 tid 105966
780 54 tid 105966
152 tid 105966
Insert  tid 105966
FindTargetPageId rootid 51 tid 105966
target_page_id id: 54 tid 105966
0 1 tid 105966
653 53 tid 105966
780 54 tid 105966
153 tid 105966
Insert  tid 105966
FindTargetPageId rootid 51 tid 105966
target_page_id id: 54 tid 105966
0 1 tid 105966
653 53 tid 105966
780 54 tid 105966
154 tid 105966
Insert  tid 105966
FindTargetPageId rootid 51 tid 105966
target_page_id id: 54 tid 105966
0 1 tid 105966
653 53 tid 105966
780 54 tid 105966
155 tid 105966
Insert  tid 105966
FindTargetPageId rootid 51 tid 105966
target_page_id id: 54 tid 105966
0 1 tid 105966
653 53 tid 105966
780 54 tid 105966
156 tid 105966
Insert  tid 105966
FindTargetPageId rootid 51 tid 105966
target_page_id id: 54 tid 105966
0 1 tid 105966
653 53 tid 105966
780 54 tid 105966
157 tid 105966
Insert  tid 105966
FindTargetPageId rootid 51 tid 105966
target_page_id id: 54 tid 105966
0 1 tid 105966
653 53 tid 105966
780 54 tid 105966
158 tid 105966
Insert  tid 105966
FindTargetPageId rootid 51 tid 105966
target_page_id id: 54 tid 105966
0 1 tid 105966
653 53 tid 105966
780 54 tid 105966
159 tid 105966
Insert  tid 105966
FindTargetPageId rootid 51 tid 105966
target_page_id id: 54 tid 105966
0 1 tid 105966
653 53 tid 105966
780 54 tid 105966
160 tid 105966
Insert  tid 105966
FindTargetPageId rootid 51 tid 105966
target_page_id id: 54 tid 105966
0 1 tid 105966
653 53 tid 105966
780 54 tid 105966
161 tid 105966
Insert  tid 105966
FindTargetPageId rootid 51 tid 105966
target_page_id id: 54 tid 105966
0 1 tid 105966
653 53 tid 105966
780 54 tid 105966
162 tid 105966
Insert  tid 105966
FindTargetPageId rootid 51 tid 105966
target_page_id id: 54 tid 105966
0 1 tid 105966
653 53 tid 105966
780 54 tid 105966
163 tid 105966
Insert  tid 105966
FindTargetPageId rootid 51 tid 105966
target_page_id id: 54 tid 105966
0 1 tid 105966
653 53 tid 105966
780 54 tid 105966
164 tid 105966
Insert  tid 105966
FindTargetPageId rootid 51 tid 105966
target_page_id id: 54 tid 105966
0 1 tid 105966
653 53 tid 105966
780 54 tid 105966
165 tid 105966
Insert  tid 105966
FindTargetPageId rootid 51 tid 105965
target_page_id id: 1 tid 105965
0 1 tid 105965
653 53 tid 105965
780 54 tid 105965
140 tid 105965
Remove  tid 105965
FindTargetPageId rootid 51 tid 105964
target_page_id id: 54 tid 105964
0 1 tid 105964
653 53 tid 105964
780 54 tid 105964
166 tid 105964
Insert  tid 105964
FindTargetPageId rootid 51 tid 105966
target_page_id id: 54 tid 105966
0 1 tid 105966
653 53 tid 105966
780 54 tid 105966
166 tid 105966
Insert  tid 105966
FindTargetPageId rootid 51 tid 105966
target_page_id id: 54 tid 105966
0 1 tid 105966
653 53 tid 105966
780 54 tid 105966
167 tid 105966
Insert  tid 105966
FindTargetPageId rootid 51 tid 105966
target_page_id id: 54 tid 105966
0 1 tid 105966
653 53 tid 105966
780 54 tid 105966
168 tid 105966
Insert  tid 105966
FindTargetPageId rootid 51 tid 105965
target_page_id id: 1 tid 105965
0 1 tid 105965
653 53 tid 105965
780 54 tid 105965
139 tid 105965
Remove  tid 105965
FindTargetPageId rootid 51 tid 105964
target_page_id id: 54 tid 105964
0 1 tid 105964
653 53 tid 105964
780 54 tid 105964
169 tid 105964
Insert  tid 105964
FindTargetPageId rootid 51 tid 105966
target_page_id id: 54 tid 105966
0 1 tid 105966
653 53 tid 105966
780 54 tid 105966
169 tid 105966
Insert  tid 105966
FindTargetPageId rootid 51 tid 105965
target_page_id id: 1 tid 105965
0 1 tid 105965
653 53 tid 105965
780 54 tid 105965
138 tid 105965
Remove  tid 105965
FindTargetPageId rootid 51 tid 105964
target_page_id id: 54 tid 105964
0 1 tid 105964
653 53 tid 105964
780 54 tid 105964
170 tid 105964
Insert  tid 105964
FindTargetPageId rootid 51 tid 105966
target_page_id id: 54 tid 105966
0 1 tid 105966
653 53 tid 105966
780 54 tid 105966
170 tid 105966
Insert  tid 105966
FindTargetPageId rootid 51 tid 105965
target_page_id id: 1 tid 105965
0 1 tid 105965
653 53 tid 105965
780 54 tid 105965
137 tid 105965
Remove  tid 105965
FindTargetPageId rootid 51 tid 105964
target_page_id id: 54 tid 105964
0 1 tid 105964
653 53 tid 105964
780 54 tid 105964
171 tid 105964
FindTargetPageId rootid 51 tid 105966
Insert  tid 105964
target_page_id id: 54 tid 105966
0 1 tid 105966
653 53 tid 105966
780 54 tid 105966
171 tid 105966
FindTargetPageId rootid 51 tid Insert 105965 tid 
target_page_id id: 1 tid 105965
0 1 tid 105965
653 53 tid 105965
780 54 tid 105965
136 tid 105965
105966
FindTargetPageId rootid 51 tid 105964
target_page_id id: 54 tid 105964
0 1 tid 105964
653 53 tid 105964
780 54 tid 105964
172 tid 105964
Remove Insert  tid 105964
 tid 105965
FindTargetPageId rootid 51 tid 105966
target_page_id id: 54 tid 105966
0 1 tid 105966
653 53 tid 105966
780 54 tid 105966
172 tid 105966
Insert  tid 105966
FindTargetPageId rootid 51 tid 105964
target_page_id id: 54 tid 105964
0 1 tid 105964
653 53 tid 105964
780 54 tid 105964
173 tid 105964
FindTargetPageId rootid Insert 51 tid  tid 105964
105965
target_page_id id: 1 tid 105965
0 1 tid 105965
653 53 tid 105965
780 54 tid 105965
135 tid 105965
Remove  tid 105965
FindTargetPageId rootid 51 tid 105966
target_page_id id: 54 tid 105966
0 1 tid 105966
653 53 tid 105966
780 54 tid 105966
173 tid 105966
Insert  tid 105966
FindTargetPageId rootid 51 tid 105964
target_page_id id: 54 tid 105964
0 1 tid 105964
653 53 tid 105964
780 54 tid 105964
174 tid 105964
Insert  tid 105964
FindTargetPageId rootid 51 tid 105965
target_page_id id: 53 tid 105965
0 1 tid 105965
653 53 tid 105965
780 54 tid 105965
127 tid 105965
Remove  tid 105965
FindTargetPageId rootid 51 tid 105966
target_page_id id: 54 tid 105966
0 1 tid 105966
650 53 tid 105966
780 54 tid 105966
174 tid 105966
Insert  tid 105966
FindTargetPageId rootid 51 tid 105964
target_page_id id: 54 tid 105964
0 1 tid 105964
650 53 tid 105964
780 54 tid 105964
175 tid 105964
FindTargetPageId rootid 51 tid 105965
target_page_id id: 53 tid 105965
0 1 tid 105965
650 53 tid 105965
780 54 tid 105965
Insert 127 tid 105965
 tid 105964
Remove  tid 105965
FindTargetPageId rootid 51 tid 105964
target_page_id id: 54 tid 105964
0 1 tid 105964
645 53 tid 105964
780 54 tid 105964
175 tid 105964
Insert  tid 105964
FindTargetPageId rootid 51 tid 105966
target_page_id id: 54 tid 105966
0 1 tid 105966
645 53 tid 105966
780 54 tid 105966
175 tid 105966
Insert  tid 105966
FindTargetPageId rootid 51 tid 105965
target_page_id id: 53 tid 105965
0 1 tid 105965
645 53 tid 105965
780 54 tid 105965
127 tid 105965
Remove  tid 105965
FindTargetPageId rootid 51 tid 105964
target_page_id id: 54 tid 105964
0 1 tid 105964
640 53 tid 105964
780 54 tid 105964
176 tid 105964
Insert  tid 105964
FindTargetPageId rootid 51 tid 105966
target_page_id id: 54 tid 105966
0 1 tid 105966
640 53 tid 105966
780 54 tid 105966
176 tid 105966
Insert  tid 105966
FindTargetPageId rootid 51 tid 105965
target_page_id id: 53 tid 105965
0 1 tid 105965
640 53 tid 105965
780 54 tid 105965
127 tid 105965
FindTargetPageId rootid 51 tid 105964
target_page_id id: 54 tid 105964
0 1 tid 105964
635 53 tid 105964
780 54 tid 105964
Remove 177 tid 105964
 tid 105965
Insert  tid 105964
FindTargetPageId rootid 51 tid 105965
target_page_id id: 53 tid 105965
0 1 tid 105965
635 53 tid 105965
780 54 tid 105965
127 tid 105965
Remove  tid 105965
FindTargetPageId rootid 51 tid 105966
target_page_id id: 54 tid 105966
0 1 tid 105966
630 53 tid 105966
780 54 tid 105966
177 tid 105966
Insert  tid 105966
FindTargetPageId rootid 51 tid 105964
target_page_id id: 54 tid 105964
0 1 tid 105964
630 53 tid 105964
780 54 tid 105964
178 tid 105964
Insert  tid 105964
FindTargetPageId rootid 51 tid 105964
target_page_id id: 54 tid 105964
0 1 tid 105964
630 53 tid 105964
780 54 tid 105964
178 tid 105964
Insert  tid 105964
FindTargetPageId rootid 51 tid 105964
target_page_id id: 54 tid 105964
0 1 tid 105964
630 53 tid 105964
780 54 tid 105964
178 tid 105964
Insert  tid 105964
FindTargetPageId rootid 51 tid 105966
target_page_id id: 54 tid 105966
0 1 tid 105966
630 53 tid 105966
780 54 tid 105966
178 tid 105966
Insert  tid 105966
FindTargetPageId rootid 51 tid 105965
target_page_id id: 53 tid 105965
0 1 tid 105965
630 53 tid 105965
780 54 tid 105965
127 tid 105965
Remove  tid 105965
FindTargetPageId rootid 51 tid 105964
target_page_id id: 54 tid 105964
0 1 tid 105964
625 53 tid 105964
780 54 tid 105964
179 tid 105964
Insert  tid 105964
FindTargetPageId rootid 51 tid 105966
target_page_id id: 54 tid 105966
0 1 tid 105966
625 53 tid 105966
780 54 tid 105966
179 tid 105966
Insert  tid 105966
FindTargetPageId rootid 51 tid 105965
target_page_id id: 53 tid 105965
0 1 tid 105965
625 53 tid 105965
780 54 tid 105965
127 tid 105965
Remove  tid 105965
FindTargetPageId rootid 51 tid 105964
target_page_id id: 54 tid 105964
0 1 tid 105964
780 54 tid 105964
180 tid 105964
Insert  tid 105964
FindTargetPageId rootid 51 tid 105964
target_page_id id: 54 tid 105964
0 1 tid 105964
780 54 tid 105964
180 tid 105964
Insert  tid 105964
FindTargetPageId rootid 51 tid 105966
target_page_id id: 54 tid 105966
0 1 tid 105966
780 54 tid 105966
180 tid 105966
Insert  tid 105966
FindTargetPageId rootid 51 tid 105966
target_page_id id: 54 tid 105966
0 1 tid 105966
780 54 tid 105966
181 tid 105966
Insert  tid 105966
FindTargetPageId rootid 51 tid 105964
target_page_id id: 54 tid 105964
0 1 tid 105964
780 54 tid 105964
182 tid 105964
Insert  tid 105964
FindTargetPageId rootid 51 tid 105965
target_page_id id: 1 tid 105965
0 1 tid 105965
780 54 tid 105965
254 tid 105965
Remove  tid 105965
FindTargetPageId rootid 51 tid 105966
target_page_id id: 54 tid 105966
0 1 tid 105966
780 54 tid 105966
182 tid 105966
Insert  tid 105966
FindTargetPageId rootid 51 tid 105964
target_page_id id: 54 tid 105964
0 1 tid 105964
780 54 tid 105964
183 tid 105964
Insert  tid 105964
FindTargetPageId rootid 51 tid 105965
target_page_id id: 1 tid 105965
0 1 tid 105965
780 54 tid 105965
253 tid 105965
Remove  tid 105965
FindTargetPageId rootid 51 tid 105966
target_page_id id: 54 tid 105966
0 1 tid 105966
780 54 tid 105966
183 tid 105966
Insert  tid 105966
FindTargetPageId rootid 51 tid 105964
target_page_id id: 54 tid 105964
0 1 tid 105964
780 54 tid 105964
184 tid 105964
Insert  tid 105964
FindTargetPageId rootid 51 tid 105965
target_page_id id: 1 tid 105965
0 1 tid 105965
780 54 tid 105965
252 tid 105965
Remove  tid 105965
FindTargetPageId rootid 51 tid 105965
target_page_id id: 1 tid 105965
0 1 tid 105965
780 54 tid 105965
251 tid 105965
Remove  tid 105965
FindTargetPageId rootid 51 tid 105964
target_page_id id: 54 tid 105964
0 1 tid 105964
780 54 tid 105964
184 tid 105964
Insert  tid 105964
FindTargetPageId rootid 51 tid 105966
target_page_id id: 54 tid 105966
0 1 tid 105966
780 54 tid 105966
184 tid 105966
Insert  tid 105966
FindTargetPageId rootid 51 tid 105965
target_page_id id: 1 tid 105965
0 1 tid 105965
780 54 tid 105965
250 tid 105965
Remove  tid 105965
FindTargetPageId rootid 51 tid 105964
target_page_id id: 54 tid 105964
0 1 tid 105964
780 54 tid 105964
185 tid 105964
Insert  tid 105964
FindTargetPageId rootid 51 tid 105964
target_page_id id: 54 tid 105964
0 1 tid 105964
780 54 tid 105964
185 tid 105964
Insert  tid 105964
FindTargetPageId rootid 51 tid 105965
target_page_id id: 1 tid 105965
0 1 tid 105965
780 54 tid 105965
249 tid 105965
Remove  tid 105965
FindTargetPageId rootid 51 tid 105965
target_page_id id: 1 tid 105965
0 1 tid 105965
780 54 tid 105965
248 tid 105965
Remove  tid 105965
FindTargetPageId rootid 51 tid 105964
target_page_id id: 54 tid 105964
0 1 tid 105964
780 54 tid 105964
185 tid 105964
Insert  tid 105964
FindTargetPageId rootid 51 tid 105966
target_page_id id: 54 tid 105966
0 1 tid 105966
780 54 tid 105966
185 tid 105966
Insert  tid 105966
FindTargetPageId rootid 51 tid 105965
target_page_id id: 1 tid 105965
0 1 tid 105965
780 54 tid 105965
247 tid 105965
Remove  tid 105965
FindTargetPageId rootid 51 tid 105964
target_page_id id: 54 tid 105964
0 1 tid 105964
780 54 tid 105964
186 tid 105964
Insert  tid 105964
FindTargetPageId rootid 51 tid 105966
target_page_id id: 54 tid 105966
0 1 tid 105966
780 54 tid 105966
186 tid 105966
Insert  tid 105966
FindTargetPageId rootid 51 tid 105965
target_page_id id: 1 tid 105965
0 1 tid 105965
780 54 tid 105965
246 tid 105965
Remove  tid 105965
FindTargetPageId rootid 51 tid 105964
target_page_id id: 54 tid 105964
0 1 tid 105964
780 54 tid 105964
187 tid 105964
Insert  tid 105964
FindTargetPageId rootid 51 tid 105966
target_page_id id: 54 tid 105966
0 1 tid 105966
780 54 tid 105966
187 tid 105966
Insert  tid 105966
FindTargetPageId rootid 51 tid 105965
target_page_id id: 1 tid 105965
0 1 tid 105965
780 54 tid 105965
245 tid 105965
Remove  tid 105965
FindTargetPageId rootid 51 tid 105964
target_page_id id: 54 tid 105964
0 1 tid 105964
780 54 tid 105964
188 tid 105964
Insert  tid 105964
FindTargetPageId rootid 51 tid 105966
target_page_id id: 54 tid 105966
0 1 tid 105966
780 54 tid 105966
188 tid 105966
Insert  tid 105966
FindTargetPageId rootid 51 tid 105965
target_page_id id: 1 tid 105965
0 1 tid 105965
780 54 tid 105965
244 tid 105965
Remove  tid 105965
FindTargetPageId rootid 51 tid 105965
target_page_id id: 1 tid 105965
0 1 tid 105965
780 54 tid 105965
243 tid 105965
Remove  tid 105965
FindTargetPageId rootid 51 tid 105966
target_page_id id: 54 tid 105966
0 1 tid 105966
780 54 tid 105966
189 tid 105966
Insert  tid 105966
FindTargetPageId rootid 51 tid 105964
target_page_id id: 54 tid 105964
0 1 tid 105964
780 54 tid 105964
190 tid 105964
Insert  tid 105964
FindTargetPageId rootid 51 tid 105964
target_page_id id: 54 tid 105964
0 1 tid 105964
780 54 tid 105964
190 tid 105964
Insert  tid 105964
FindTargetPageId rootid 51 tid 105966
target_page_id id: 54 tid 105966
0 1 tid 105966
780 54 tid 105966
190 tid 105966
Insert  tid 105966
FindTargetPageId rootid 51 tid 105965
target_page_id id: 1 tid 105965
0 1 tid 105965
780 54 tid 105965
242 tid 105965
Remove  tid 105965
FindTargetPageId rootid 51 tid 105964
target_page_id id: 54 tid 105964
0 1 tid 105964
780 54 tid 105964
191 tid 105964
Insert  tid 105964
FindTargetPageId rootid 51 tid 105966
target_page_id id: 54 tid 105966
0 1 tid 105966
780 54 tid 105966
191 tid 105966
Insert  tid 105966
FindTargetPageId rootid 51 tid 105965
target_page_id id: 1 tid 105965
0 1 tid 105965
780 54 tid 105965
241 tid 105965
Remove  tid 105965
FindTargetPageId rootid 51 tid 105964
target_page_id id: 54 tid 105964
0 1 tid 105964
780 54 tid 105964
192 tid 105964
Insert  tid 105964
FindTargetPageId rootid 51 tid 105966
target_page_id id: 54 tid 105966
0 1 tid 105966
780 54 tid 105966
192 tid 105966
Insert  tid 105966
FindTargetPageId rootid 51 tid 105965
target_page_id id: 1 tid 105965
0 1 tid 105965
780 54 tid 105965
240 tid 105965
Remove  tid 105965
FindTargetPageId rootid 51 tid 105965
target_page_id id: 1 tid 105965
0 1 tid 105965
780 54 tid 105965
239 tid 105965
Remove  tid 105965
FindTargetPageId rootid 51 tid 105966
target_page_id id: 54 tid 105966
0 1 tid 105966
780 54 tid 105966
193 tid 105966
Insert  tid 105966
FindTargetPageId rootid 51 tid 105964
target_page_id id: 54 tid 105964
0 1 tid 105964
780 54 tid 105964
194 tid 105964
Insert  tid 105964
FindTargetPageId rootid 51 tid 105964
target_page_id id: 54 tid 105964
0 1 tid 105964
780 54 tid 105964
194 tid 105964
Insert  tid 105964
FindTargetPageId rootid 51 tid 105966
target_page_id id: 54 tid 105966
0 1 tid 105966
780 54 tid 105966
194 tid 105966
Insert  tid 105966
FindTargetPageId rootid 51 tid 105965
target_page_id id: 1 tid 105965
0 1 tid 105965
780 54 tid 105965
238 tid 105965
Remove  tid 105965
FindTargetPageId rootid 51 tid 105965
target_page_id id: 1 tid 105965
0 1 tid 105965
780 54 tid 105965
237 tid 105965
Remove  tid 105965
FindTargetPageId rootid 51 tid 105966
target_page_id id: 54 tid 105966
0 1 tid 105966
780 54 tid 105966
195 tid 105966
Insert  tid 105966
FindTargetPageId rootid 51 tid 105964
target_page_id id: 54 tid 105964
0 1 tid 105964
780 54 tid 105964
196 tid 105964
Insert  tid 105964
FindTargetPageId rootid 51 tid 105965
target_page_id id: 1 tid 105965
0 1 tid 105965
780 54 tid 105965
236 tid 105965
Remove  tid 105965
FindTargetPageId rootid 51 tid 105965
target_page_id id: 1 tid 105965
0 1 tid 105965
780 54 tid 105965
235 tid 105965
Remove  tid 105965
FindTargetPageId rootid 51 tid 105964
target_page_id id: 54 tid 105964
0 1 tid 105964
780 54 tid 105964
196 tid 105964
Insert  tid 105964
FindTargetPageId rootid 51 tid 105966
target_page_id id: 54 tid 105966
0 1 tid 105966
780 54 tid 105966
196 tid 105966
Insert  tid 105966
FindTargetPageId rootid 51 tid 105965
target_page_id id: 1 tid 105965
0 1 tid 105965
780 54 tid 105965
234 tid 105965
FindTargetPageId rootid 51 tid 105966
target_page_id id: 54 tid 105966
0 1 tid 105966
780 54 tid 105966
Remove  tid 105965
197 tid 105966
Insert  tid 105966
FindTargetPageId rootid 51 tid 105965
target_page_id id: 1 tid 105965
0 1 tid 105965
780 54 tid 105965
233 tid 105965
Remove  tid 105965
FindTargetPageId rootid 51 tid 105964
target_page_id id: 54 tid 105964
0 1 tid 105964
780 54 tid 105964
198 tid 105964
Insert  tid 105964
FindTargetPageId rootid 51 tid 105964
target_page_id id: 54 tid 105964
0 1 tid 105964
780 54 tid 105964
198 tid 105964
Insert  tid 105964
FindTargetPageId rootid 51 tid 105965
target_page_id id: 1 tid 105965
0 1 tid 105965
780 54 tid 105965
232 tid 105965
Remove  tid 105965
FindTargetPageId rootid 51 tid 105966
target_page_id id: 54 tid 105966
0 1 tid 105966
780 54 tid 105966
198 tid 105966
Insert  tid 105966
FindTargetPageId rootid 51 tid 105964
target_page_id id: 54 tid 105964
0 1 tid 105964
780 54 tid 105964
199 tid 105964
Insert  tid 105964
FindTargetPageId rootid 51 tid 105965
target_page_id id: 1 tid 105965
0 1 tid 105965
780 54 tid 105965
231 tid 105965
Remove  tid 105965
FindTargetPageId rootid 51 tid 105966
target_page_id id: 54 tid 105966
0 1 tid 105966
780 54 tid 105966
199 tid 105966
Insert  tid 105966
FindTargetPageId rootid 51 tid 105964
target_page_id id: 54 tid 105964
0 1 tid 105964
780 54 tid 105964
200 tid 105964
Insert  tid 105964
FindTargetPageId rootid 51 tid 105965
target_page_id id: 1 tid 105965
0 1 tid 105965
780 54 tid 105965
230 tid 105965
Remove  tid 105965
FindTargetPageId rootid 51 tid 105966
target_page_id id: 54 tid 105966
0 1 tid 105966
780 54 tid 105966
200 tid 105966
Insert  tid 105966
FindTargetPageId rootid 51 tid 105964
target_page_id id: 54 tid 105964
0 1 tid 105964
780 54 tid 105964
201 tid 105964
Insert  tid 105964
FindTargetPageId rootid 51 tid 105964
target_page_id id: 54 tid 105964
0 1 tid 105964
780 54 tid 105964
201 tid 105964
Insert  tid 105964
FindTargetPageId rootid 51 tid 105964
target_page_id id: 54 tid 105964
0 1 tid 105964
780 54 tid 105964
201 tid 105964
Insert  tid 105964
FindTargetPageId rootid 51 tid 105965
target_page_id id: 1 tid 105965
0 1 tid 105965
780 54 tid 105965
229 tid 105965
Remove  tid 105965
FindTargetPageId rootid 51 tid 105965
target_page_id id: 1 tid 105965
0 1 tid 105965
780 54 tid 105965
228 tid 105965
Remove  tid 105965
FindTargetPageId rootid 51 tid 105965
target_page_id id: 1 tid 105965
0 1 tid 105965
780 54 tid 105965
227 tid 105965
Remove  tid 105965
FindTargetPageId rootid 51 tid 105965
target_page_id id: 1 tid 105965
0 1 tid 105965
780 54 tid 105965
226 tid 105965
Remove  tid 105965
FindTargetPageId rootid 51 tid 105965
target_page_id id: 1 tid 105965
0 1 tid 105965
780 54 tid 105965
225 tid 105965
Remove  tid 105965
FindTargetPageId rootid 51 tid 105965
target_page_id id: 1 tid 105965
0 1 tid 105965
780 54 tid 105965
224 tid 105965
Remove  tid 105965
FindTargetPageId rootid 51 tid 105965
target_page_id id: 1 tid 105965
0 1 tid 105965
780 54 tid 105965
223 tid 105965
FindTargetPageId rootid 51 tid 105966
target_page_id id: 54 tid 105966
0 1 tid 105966
780 54 tid 105966
201 tid 105966
Remove  tid 105965
Insert  tid 105966
FindTargetPageId rootid 51 tid 105965
target_page_id id: 1 tid 105965
0 1 tid 105965
780 54 tid 105965
222 tid 105965
Remove  tid 105965
FindTargetPageId rootid 51 tid 105965
target_page_id id: 1 tid 105965
0 1 tid 105965
780 54 tid 105965
221 tid 105965
Remove  tid 105965
FindTargetPageId rootid 51 tid 105965
target_page_id id: 1 tid 105965
0 1 tid 105965
780 54 tid 105965
220 tid 105965
Remove  tid 105965
FindTargetPageId rootid 51 tid 105965
target_page_id id: 1 tid 105965
0 1 tid 105965
780 54 tid 105965
219 tid 105965
Remove  tid 105965
FindTargetPageId rootid 51 tid 105965
target_page_id id: 1 tid 105965
0 1 tid 105965
780 54 tid 105965
218 tid 105965
Remove  tid 105965
FindTargetPageId rootid 51 tid 105965
target_page_id id: 1 tid 105965
0 1 tid 105965
780 54 tid 105965
217 tid 105965
Remove  tid 105965
FindTargetPageId rootid 51 tid 105965
target_page_id id: 1 tid 105965
0 1 tid 105965
780 54 tid 105965
216 tid 105965
Remove  tid 105965
FindTargetPageId rootid 51 tid 105965
target_page_id id: 1 tid 105965
0 1 tid 105965
780 54 tid 105965
215 tid 105965
Remove  tid 105965
FindTargetPageId rootid 51 tid 105965
target_page_id id: 1 tid 105965
0 1 tid 105965
780 54 tid 105965
214 tid 105965
Remove  tid 105965
FindTargetPageId rootid 51 tid 105965
target_page_id id: 1 tid 105965
0 1 tid 105965
780 54 tid 105965
213 tid 105965
Remove  tid 105965
FindTargetPageId rootid 51 tid 105965
target_page_id id: 1 tid 105965
0 1 tid 105965
780 54 tid 105965
212 tid 105965
Remove  tid 105965
FindTargetPageId rootid 51 tid 105965
target_page_id id: 1 tid 105965
0 1 tid 105965
780 54 tid 105965
211 tid 105965
Remove  tid 105965
FindTargetPageId rootid 51 tid 105965
target_page_id id: 1 tid 105965
0 1 tid 105965
780 54 tid 105965
210 tid 105965
Remove  tid 105965
FindTargetPageId rootid 51 tid 105966
target_page_id id: 54 tid 105966
0 1 tid 105966
780 54 tid 105966
202 tid 105966
Insert  tid 105966
FindTargetPageId rootid 51 tid 105966
target_page_id id: 54 tid 105966
0 1 tid 105966
780 54 tid 105966
203 tid 105966
Insert  tid 105966
FindTargetPageId rootid 51 tid 105965
target_page_id id: 1 tid 105965
0 1 tid 105965
780 54 tid 105965
209 tid 105965
Remove  tid 105965
FindTargetPageId rootid 51 tid 105965
target_page_id id: 1 tid 105965
0 1 tid 105965
780 54 tid 105965
208 tid 105965
Remove FindTargetPageId rootid  tid 51 tid 105965
105966
target_page_id id: 54 tid 105966
0 1 tid 105966
780 54 tid 105966
204 tid 105966
Insert  tid 105966
FindTargetPageId rootid 51 tid 105964
target_page_id id: 54 tid 105964
0 1 tid 105964
780 54 tid 105964
205 tid 105964
Insert  tid 105964
FindTargetPageId rootid 51 tid 105964
target_page_id id: 54 tid 105964
0 1 tid 105964
780 54 tid 105964
205 tid 105964
Insert  tid 105964
FindTargetPageId rootid 51 tid 105965
target_page_id id: 1 tid 105965
0 1 tid 105965
780 54 tid 105965
207 tid 105965
Remove  tid 105965
FindTargetPageId rootid 51 tid 105965
target_page_id id: 1 tid 105965
0 1 tid 105965
780 54 tid 105965
206 tid 105965
Remove  tid 105965
FindTargetPageId rootid 51 tid 105965
target_page_id id: 1 tid 105965
0 1 tid 105965
780 54 tid 105965
205 tid 105965
Remove  tid 105965
FindTargetPageId rootid 51 tid 105964
target_page_id id: 54 tid 105964
0 1 tid 105964
780 54 tid 105964
205 tid 105964
Insert  tid 105964
FindTargetPageId rootid 51 tid 105966
target_page_id id: 54 tid 105966
0 1 tid 105966
780 54 tid 105966
205 tid 105966
Insert  tid 105966
FindTargetPageId rootid 51 tid 105966
target_page_id id: 54 tid 105966
0 1 tid 105966
780 54 tid 105966
206 tid 105966
Insert  tid 105966
FindTargetPageId rootid 51 tid 105966
target_page_id id: 54 tid 105966
0 1 tid 105966
780 54 tid 105966
207 tid 105966
Insert  tid 105966
FindTargetPageId rootid 51 tid 105966
target_page_id id: 54 tid 105966
0 1 tid 105966
780 54 tid 105966
208 tid 105966
Insert  tid 105966
FindTargetPageId rootid 51 tid 105964
target_page_id id: 54 tid 105964
0 1 tid 105964
780 54 tid 105964
209 tid 105964
Insert  tid 105964
FindTargetPageId rootid 51 tid 105965
target_page_id id: 1 tid 105965
0 1 tid 105965
780 54 tid 105965
204 tid 105965
Remove  tid 105965
FindTargetPageId rootid 51 tid 105966
target_page_id id: 54 tid 105966
0 1 tid 105966
780 54 tid 105966
209 tid 105966
Insert  tid 105966
FindTargetPageId rootid 51 tid 105966
target_page_id id: 54 tid 105966
0 1 tid 105966
780 54 tid 105966
210 tid 105966
Insert  tid 105966
FindTargetPageId rootid 51 tid 105965
target_page_id id: 1 tid 105965
0 1 tid 105965
780 54 tid 105965
203 tid 105965
Remove  tid 105965
FindTargetPageId rootid 51 tid 105964
target_page_id id: 54 tid 105964
0 1 tid 105964
780 54 tid 105964
211 tid 105964
Insert  tid 105964
FindTargetPageId rootid 51 tid 105964
target_page_id id: 54 tid 105964
0 1 tid 105964
780 54 tid 105964
211 tid 105964
Insert  tid 105964
FindTargetPageId rootid 51 tid 105964
target_page_id id: 54 tid 105964
0 1 tid 105964
780 54 tid 105964
211 tid 105964
Insert  tid 105964
FindTargetPageId rootid 51 tid 105964
target_page_id id: 54 tid 105964
0 1 tid 105964
780 54 tid 105964
211 tid 105964
Insert  tid 105964
FindTargetPageId rootid 51 tid 105964
target_page_id id: 54 tid 105964
0 1 tid 105964
780 54 tid 105964
211 tid 105964
Insert  tid 105964
FindTargetPageId rootid 51 tid 105964
target_page_id id: 54 tid 105964
0 1 tid 105964
780 54 tid 105964
211 tid 105964
Insert  tid 105964
FindTargetPageId rootid 51 tid 105964
target_page_id id: 54 tid 105964
0 1 tid 105964
780 54 tid 105964
211 tid 105964
Insert  tid 105964
FindTargetPageId rootid 51 tid 105966
target_page_id id: 54 tid 105966
0 1 tid 105966
780 54 tid 105966
211 tid 105966
Insert  tid 105966
FindTargetPageId rootid 51 tid 105965
target_page_id id: 1 tid 105965
0 1 tid 105965
780 54 tid 105965
202 tid 105965
Remove  tid 105965
FindTargetPageId rootid 51 tid 105964
target_page_id id: 54 tid 105964
0 1 tid 105964
780 54 tid 105964
212 tid 105964
Insert  tid 105964
FindTargetPageId rootid 51 tid 105966
target_page_id id: 54 tid 105966
0 1 tid 105966
780 54 tid 105966
212 tid 105966
Insert  tid 105966
FindTargetPageId rootid 51 tid 105966
target_page_id id: 54 tid 105966
0 1 tid 105966
780 54 tid 105966
213 tid 105966
Insert  tid 105966
FindTargetPageId rootid 51 tid 105966
target_page_id id: 54 tid 105966
0 1 tid 105966
780 54 tid 105966
214 tid 105966
Insert  tid 105966
FindTargetPageId rootid 51 tid 105966
target_page_id id: 54 tid 105966
0 1 tid 105966
780 54 tid 105966
215 tid 105966
Insert  tid 105966
FindTargetPageId rootid 51 tid 105966
target_page_id id: 54 tid 105966
0 1 tid 105966
780 54 tid 105966
216 tid 105966
Insert  tid 105966
FindTargetPageId rootid 51 tid 105966
target_page_id id: 54 tid 105966
0 1 tid 105966
780 54 tid 105966
217 tid 105966
Insert  tid 105966
FindTargetPageId rootid 51 tid 105966
target_page_id id: 54 tid 105966
0 1 tid 105966
780 54 tid 105966
218 tid 105966
Insert  tid 105966
FindTargetPageId rootid 51 tid 105966
target_page_id id: 54 tid 105966
0 1 tid 105966
780 54 tid 105966
219 tid 105966
Insert  tid 105966
FindTargetPageId rootid 51 tid 105965
target_page_id id: 1 tid 105965
0 1 tid 105965
780 54 tid 105965
201 tid 105965
Remove  tid 105965
FindTargetPageId rootid 51 tid 105964
target_page_id id: 54 tid 105964
0 1 tid 105964
780 54 tid 105964
220 tid 105964
Insert  tid 105964
FindTargetPageId rootid 51 tid 105966
target_page_id id: 54 tid 105966
0 1 tid 105966
780 54 tid 105966
220 tid 105966
FindTargetPageId rootid 51 tid 105965
target_page_id id: 1 tid 105965
0 1 tid 105965
780 54 tid 105965
200 tid 105965
Remove  tid 105965
FindTargetPageId rootid 51 tid 105964
target_page_id id: 54 tid 105964
0 1 tid 105964
780 54 tid 105964
221 tid 105964
Insert  tid 105964
FindTargetPageId rootid 51 tid 105965
target_page_id id: 1 tid 105965
0 1 tid 105965
780 54 tid 105965
199 tid 105965
Remove  tid 105965
FindTargetPageId rootid 51 tid 105964
target_page_id id: 54 tid 105964
0 1 tid 105964
780 54 tid 105964
221 tid 105964
Insert  tid 105964
FindTargetPageId rootid 51 tid 105965
target_page_id id: 1 tid 105965
0 1 tid 105965
780 54 tid 105965
198 tid 105965
Remove  tid 105965
FindTargetPageId rootid 51 tid 105964
target_page_id id: 54 tid 105964
0 1 tid 105964
780 54 tid 105964
221 tid 105964
Insert  tid 105964
FindTargetPageId rootid 51 tid 105965
target_page_id id: 1 tid 105965
0 1 tid 105965
780 54 tid 105965
197 tid 105965
Remove  tid 105965FindTargetPageId rootid 
51 tid 105964
target_page_id id: 54 tid 105964
0 1 tid 105964
780 54 tid 105964
221 tid 105964
Insert  tid 105964
FindTargetPageId rootid 51 tid 105965
target_page_id id: 1 tid 105965
0 1 tid 105965
780 54 tid 105965
196 tid 105965
Remove  tid 105965
FindTargetPageId rootid 51 tid 105964
target_page_id id: 54 tid 105964
0 1 tid 105964
780 54 tid 105964
221 tid 105964
Insert  tid 105964
FindTargetPageId rootid 51 tid 105964
target_page_id id: 54 tid 105964
0 1 tid 105964
780 54 tid 105964
221 tid 105964
Insert  tid 105964
FindTargetPageId rootid 51 tid 105965
target_page_id id: 1 tid 105965
0 1 tid 105965
780 54 tid 105965
195 tid 105965
Remove  tid 105965
FindTargetPageId rootid 51 tid 105964
target_page_id id: 54 tid 105964
0 1 tid 105964
780 54 tid 105964
221 tid 105964
Insert  tid 105964
FindTargetPageId rootid 51 tid 105965
target_page_id id: 1 tid 105965
0 1 tid 105965
780 54 tid 105965
194 tid 105965
Remove FindTargetPageId rootid  tid 51 tid 105964105965

target_page_id id: 54 tid 105964
0 1 tid 105964
780 54 tid 105964
221 tid 105964
Insert  tid 105964
FindTargetPageId rootid 51 tid 105964
target_page_id id: 54 tid 105964
0 1 tid 105964
780 54 tid 105964
221 tid 105964
Insert  tid 105964
FindTargetPageId rootid 51 tid 105964
target_page_id id: 54 tid 105964
0 1 tid 105964
780 54 tid 105964
221 tid 105964
Insert  tid 105964
FindTargetPageId rootid 51 tid 105965
target_page_id id: 1 tid 105965
0 1 tid 105965
780 54 tid 105965
193 tid 105965
Remove  tid 105965
FindTargetPageId rootid 51 tid 105965
target_page_id id: 1 tid 105965
0 1 tid 105965
780 54 tid 105965
192 tid 105965
Remove  tid 105965
FindTargetPageId rootid 51 tid 105965
target_page_id id: 1 tid 105965
0 1 tid 105965
780 54 tid 105965
191 tid 105965
Remove  tid 105965
FindTargetPageId rootid 51 tid 105965
target_page_id id: 1 tid 105965
0 1 tid 105965
780 54 tid 105965
190 tid 105965
Remove  tid 105965
FindTargetPageId rootid 51 tid 105964
target_page_id id: 54 tid 105964
0 1 tid 105964
780 54 tid 105964
221 tid 105964
Insert  tid 105964
FindTargetPageId rootid 51 tid 105964
target_page_id id: 54 tid 105964
0 1 tid 105964
780 54 tid 105964
221 tid 105964
Insert  tid 105964
FindTargetPageId rootid 51 tid 105965
target_page_id id: 1 tid 105965
0 1 tid 105965
780 54 tid 105965
189 tid 105965
Remove  tid 105965
FindTargetPageId rootid 51 tid 105964
target_page_id id: 54 tid 105964
0 1 tid 105964
780 54 tid 105964
221 tid 105964
Insert  tid 105964
FindTargetPageId rootid 51 tid 105965
target_page_id id: 1 tid 105965
0 1 tid 105965
780 54 tid 105965
188 tid 105965
Remove  tid 105965
FindTargetPageId rootid 51 tid 105964
target_page_id id: 54 tid 105964
0 1 tid 105964
780 54 tid 105964
221 tid 105964
Insert  tid 105964
FindTargetPageId rootid 51 tid 105965
target_page_id id: 1 tid 105965
0 1 tid 105965
780 54 tid 105965
187 tid 105965
Remove  tid 105965
FindTargetPageId rootid 51 tid 105964
target_page_id id: 54 tid 105964
0 1 tid 105964
780 54 tid 105964
221 tid 105964
Insert  tid 105964
FindTargetPageId rootid 51 tid 105964
target_page_id id: 54 tid 105964
0 1 tid 105964
780 54 tid 105964
221 tid 105964
Insert  tid 105964
FindTargetPageId rootid 51 tid 105964
target_page_id id: 54 tid 105964
0 1 tid 105964
780 54 tid 105964
221 tid 105964
Insert  tid 105964
FindTargetPageId rootid 51 tid 105965
target_page_id id: 1 tid 105965
0 1 tid 105965
780 54 tid 105965
186 tid 105965
Remove  tid 105965
FindTargetPageId rootid 51 tid 105964
target_page_id id: 54 tid 105964
0 1 tid 105964
780 54 tid 105964
221 tid 105964
Insert  tid 105964
FindTargetPageId rootid 51 tid 105965
target_page_id id: 1 tid 105965
0 1 tid 105965
780 54 tid 105965
185 tid 105965
Remove  tid 105965
FindTargetPageId rootid 51 tid 105964
target_page_id id: 54 tid 105964
0 1 tid 105964
780 54 tid 105964
221 tid 105964
Insert  tid 105964
FindTargetPageId rootid 51 tid 105965
target_page_id id: 1 tid 105965
0 1 tid 105965
780 54 tid 105965
184 tid 105965
Remove  tid 105965
FindTargetPageId rootid 51 tid 105964
target_page_id id: 54 tid 105964
0 1 tid 105964
780 54 tid 105964
221 tid 105964
Insert  tid 105964
FindTargetPageId rootid 51 tid 105965
target_page_id id: 1 tid 105965
0 1 tid 105965
780 54 tid 105965
183 tid 105965
Remove  tid 105965
FindTargetPageId rootid 51 tid 105964
target_page_id id: 54 tid 105964
0 1 tid 105964
780 54 tid 105964
221 tid 105964
FindTargetPageId rootid 51 tid 105965
target_page_id id: 1 tid 105965
0 1 tid 105965
780 54 tid 105965
Insert  tid 105964
182 tid 105965
Remove  tid 105965
FindTargetPageId rootid 51 tid 105964
target_page_id id: 54 tid 105964
0 1 tid 105964
780 54 tid 105964
221 tid 105964
Insert  tid 105964
FindTargetPageId rootid 51 tid 105965
target_page_id id: 1 tid 105965
0 1 tid 105965
780 54 tid 105965
181 tid 105965
Remove  tid 105965
FindTargetPageId rootid 51 tid 105964
target_page_id id: 54 tid 105964
0 1 tid 105964
780 54 tid 105964
221 tid 105964
Insert  tid 105964
FindTargetPageId rootid 51 tid 105965
target_page_id id: 1 tid 105965
0 1 tid 105965
780 54 tid 105965
180 tid 105965
Remove  tid 105965
FindTargetPageId rootid 51 tid 105964
target_page_id id: 54 tid 105964
0 1 tid 105964
780 54 tid 105964
221 tid 105964
Insert  tid 105964
FindTargetPageId rootid 51 tid 105965
target_page_id id: 1 tid 105965
0 1 tid 105965
780 54 tid 105965
179 tid 105965
Remove  tid 105965
FindTargetPageId rootid 51 tid 105964
target_page_id id: 54 tid 105964
0 1 tid 105964
780 54 tid 105964
221 tid 105964
Insert  tid 105964
FindTargetPageId rootid 51 tid 105965
target_page_id id: 1 tid 105965
0 1 tid 105965
780 54 tid 105965
178 tid 105965
Remove  tid 105965
FindTargetPageId rootid 51 tid 105964
target_page_id id: 54 tid 105964
0 1 tid 105964
780 54 tid 105964
221 tid 105964
Insert  tid 105964
FindTargetPageId rootid 51 tid 105965
target_page_id id: 1 tid 105965
0 1 tid 105965
780 54 tid 105965
177 tid 105965
Remove  tid 105965
FindTargetPageId rootid 51 tid 105964
target_page_id id: 54 tid 105964
0 1 tid 105964
780 54 tid 105964
221 tid 105964
Insert  tid 105964
FindTargetPageId rootid 51 tid 105965
target_page_id id: 1 tid 105965
0 1 tid 105965
780 54 tid 105965
176 tid 105965
Remove  tid 105965
FindTargetPageId rootid 51 tid 105964
target_page_id id: 54 tid 105964
0 1 tid 105964
780 54 tid 105964
221 tid 105964
Insert  tid 105964
FindTargetPageId rootid 51 tid 105965
target_page_id id: 1 tid 105965
0 1 tid 105965
780 54 tid 105965
175 tid 105965
Remove  tid 105965
FindTargetPageId rootid 51 tid 105965
target_page_id id: 1 tid 105965
0 1 tid 105965
780 54 tid 105965
174 tid 105965
Remove  tid 105965
FindTargetPageId rootid 51 tid 105965
target_page_id id: 1 tid 105965
0 1 tid 105965
780 54 tid 105965
173 tid 105965
Remove  tid 105965
FindTargetPageId rootid 51 tid 105965
target_page_id id: 1 tid 105965
0 1 tid 105965
780 54 tid 105965
172 tid 105965
Remove  tid 105965
FindTargetPageId rootid 51 tid 105965
target_page_id id: 1 tid 105965
0 1 tid 105965
780 54 tid 105965
171 tid 105965
Remove  tid 105965
FindTargetPageId rootid 51 tid 105965
target_page_id id: 1 tid 105965
0 1 tid 105965
780 54 tid 105965
170 tid 105965
Remove  tid 105965
FindTargetPageId rootid 51 tid 105965
target_page_id id: 1 tid 105965
0 1 tid 105965
780 54 tid 105965
169 tid 105965
Remove  tid 105965
FindTargetPageId rootid 51 tid 105965
target_page_id id: 1 tid 105965
0 1 tid 105965
780 54 tid 105965
168 tid 105965
Remove  tid 105965
FindTargetPageId rootid 51 tid 105965
target_page_id id: 1 tid 105965
0 1 tid 105965
780 54 tid 105965
167 tid 105965
Remove  tid 105965
FindTargetPageId rootid 51 tid 105965
target_page_id id: 1 tid 105965
0 1 tid 105965
780 54 tid 105965
166 tid 105965
Remove  tid 105965
FindTargetPageId rootid 51 tid 105965
target_page_id id: 1 tid 105965
0 1 tid 105965
780 54 tid 105965
165 tid 105965
Remove  tid 105965
FindTargetPageId rootid 51 tid 105965
target_page_id id: 1 tid 105965
0 1 tid 105965
780 54 tid 105965
164 tid 105965
Remove  tid 105965
FindTargetPageId rootid 51 tid 105965
target_page_id id: 1 tid 105965
0 1 tid 105965
780 54 tid 105965
163 tid 105965
Remove  tid 105965
FindTargetPageId rootid 51 tid 105965
target_page_id id: 1 tid 105965
0 1 tid 105965
780 54 tid 105965
162 tid 105965
Remove  tid 105965
FindTargetPageId rootid 51 tid 105965
target_page_id id: 1 tid 105965
0 1 tid 105965
780 54 tid 105965
161 tid 105965
Remove  tid 105965
FindTargetPageId rootid 51 tid 105965
target_page_id id: 1 tid 105965
0 1 tid 105965
780 54 tid 105965
160 tid 105965
Remove  tid 105965
FindTargetPageId rootid 51 tid 105965
target_page_id id: 54 tid 105965
0 1 tid 105965
780 54 tid 105965
221 tid 105965
Remove  tid 105965
FindTargetPageId rootid 51 tid 105965
target_page_id id: 54 tid 105965
0 1 tid 105965
780 54 tid 105965
220 tid 105965
Remove  tid 105965
FindTargetPageId rootid 51 tid 105965
target_page_id id: 54 tid 105965
0 1 tid 105965
780 54 tid 105965
219 tid 105965
Remove  tid 105965
FindTargetPageId rootid 51 tid 105965
target_page_id id: 54 tid 105965
0 1 tid 105965
780 54 tid 105965
218 tid 105965
Remove  tid 105965
FindTargetPageId rootid 51 tid 105965
target_page_id id: 54 tid 105965
0 1 tid 105965
780 54 tid 105965
217 tid 105965
Remove  tid 105965
FindTargetPageId rootid 51 tid 105965
target_page_id id: 54 tid 105965
0 1 tid 105965
780 54 tid 105965
216 tid 105965
Remove  tid 105965
FindTargetPageId rootid 51 tid 105964
target_page_id id: 54 tid 105964
0 1 tid 105964
780 54 tid 105964
215 tid 105964
Insert  tid 105964
FindTargetPageId rootid 51 tid 105965
target_page_id id: 54 tid 105965
0 1 tid 105965
780 54 tid 105965
215 tid 105965
Remove  tid 105965
FindTargetPageId rootid 51 tid 105964
target_page_id id: 54 tid 105964
0 1 tid 105964
780 54 tid 105964
214 tid 105964
Insert  tid 105964
FindTargetPageId rootid 51 tid 105964
target_page_id id: 54 tid 105964
0 1 tid 105964
780 54 tid 105964
214 tid 105964
Insert  tid 105964
FindTargetPageId rootid 51 tid 105964
target_page_id id: 54 tid 105964
0 1 tid 105964
780 54 tid 105964
214 tid 105964
Insert  tid 105964
FindTargetPageId rootid 51 tid 105964
target_page_id id: 54 tid 105964
0 1 tid 105964
780 54 tid 105964
214 tid 105964
Insert  tid 105964
FindTargetPageId rootid 51 tid 105964
target_page_id id: 54 tid 105964
0 1 tid 105964
780 54 tid 105964
214 tid 105964
Insert  tid 105964
FindTargetPageId rootid 51 tid 105964
target_page_id id: 54 tid 105964
0 1 tid 105964
780 54 tid 105964
214 tid 105964
Insert  tid 105964
FindTargetPageId rootid 51 tid 105964
target_page_id id: 54 tid 105964
0 1 tid 105964
780 54 tid 105964
214 tid 105964
Insert  tid 105964
FindTargetPageId rootid 51 tid 105964
target_page_id id: 54 tid 105964
0 1 tid 105964
780 54 tid 105964
214 tid 105964
Insert  tid 105964
FindTargetPageId rootid 51 tid 105964
target_page_id id: 54 tid 105964
0 1 tid 105964
780 54 tid 105964
214 tid 105964
Insert  tid 105964
FindTargetPageId rootid 51 tid 105964
target_page_id id: 54 tid 105964
0 1 tid 105964
780 54 tid 105964
214 tid 105964
Insert  tid 105964
FindTargetPageId rootid 51 tid 105964
target_page_id id: 54 tid 105964
0 1 tid 105964
780 54 tid 105964
214 tid 105964
Insert  tid 105964
FindTargetPageId rootid 51 tid 105964
target_page_id id: 54 tid 105964
0 1 tid 105964
780 54 tid 105964
214 tid 105964
Insert  tid 105964
FindTargetPageId rootid 51 tid 105965
target_page_id id: 54 tid 105965
0 1 tid 105965
780 54 tid 105965
214 tid 105965
Remove  tid 105965
FindTargetPageId rootid 51 tid 105964
target_page_id id: 54 tid 105964
0 1 tid 105964
780 54 tid 105964
213 tid 105964
Insert  tid 105964
FindTargetPageId rootid 51 tid 105965
target_page_id id: 54 tid 105965
0 1 tid 105965
780 54 tid 105965
213 tid 105965
Remove  tid 105965
FindTargetPageId rootid 51 tid 105965
target_page_id id: 54 tid 105965
0 1 tid 105965
780 54 tid 105965
212 tid 105965
FindTargetPageId rootid 51 tid 105964
target_page_id id: 54 tid 105964
0 1 tid 105964
780 54 tid 105964
211 tid 105964
Insert  tid 105964
Remove  tid 105965
FindTargetPageId rootid 51 tid 105964
target_page_id id: 54 tid 105964
0 1 tid 105964
780 54 tid 105964
211 tid 105964
Insert  tid 105964
FindTargetPageId rootid 51 tid 105965
target_page_id id: 54 tid 105965
0 1 tid 105965
780 54 tid 105965
211 tid 105965
Remove  tid 105965
FindTargetPageId rootid 51 tid 105964
target_page_id id: 54 tid 105964
0 1 tid 105964
780 54 tid 105964
210 tid 105964
Insert  tid 105964
FindTargetPageId rootid 51 tid 105964
target_page_id id: 54 tid 105964
0 1 tid 105964
780 54 tid 105964
210 tid 105964
Insert  tid 105964
FindTargetPageId rootid 51 tid 105965
target_page_id id: 54 tid 105965
0 1 tid 105965
780 54 tid 105965
210 tid 105965
Remove  tid 105965
FindTargetPageId rootid 51 tid 105965
target_page_id id: 54 tid 105965
0 1 tid 105965
780 54 tid 105965
209 tid 105965
Remove  tid 105965
FindTargetPageId rootid 51 tid 105965
target_page_id id: 54 tid 105965
0 1 tid 105965
780 54 tid 105965
208 tid 105965
Remove  tid 105965
FindTargetPageId rootid 51 tid 105965
target_page_id id: 54 tid 105965
0 1 tid 105965
780 54 tid 105965
207 tid 105965
Remove  tid 105965
FindTargetPageId rootid 51 tid 105964
target_page_id id: 54 tid 105964
0 1 tid 105964
780 54 tid 105964
206 tid 105964
Insert  tid 105964
FindTargetPageId rootid 51 tid 105965
target_page_id id: 54 tid 105965
0 1 tid 105965
780 54 tid 105965
206 tid 105965
Remove  tid 105965
FindTargetPageId rootid 51 tid 105964
target_page_id id: 54 tid 105964
0 1 tid 105964
780 54 tid 105964
205 tid 105964
FindTargetPageId rootid 51 tid 105965
target_page_id id: 54 tid 105965
0 1 tid 105965
780 54 tid 105965
205 tid 105965
Remove  tid 105965
FindTargetPageId rootid 51 tid 105965
target_page_id id: 54 tid 105965
0 1 tid 105965
780 54 tid 105965
204 tid 105965
Remove  tid 105965
FindTargetPageId rootid 51 tid 105965
target_page_id id: 54 tid 105965
0 1 tid 105965
780 54 tid 105965
203 tid 105965
Remove  tid 105965
FindTargetPageId rootid 51 tid 105965
target_page_id id: 54 tid 105965
0 1 tid 105965
780 54 tid 105965
202 tid 105965
Remove  tid 105965
FindTargetPageId rootid 51 tid 105965
target_page_id id: 54 tid 105965
0 1 tid 105965
780 54 tid 105965
201 tid 105965
Remove  tid 105965
FindTargetPageId rootid 51 tid 105965
target_page_id id: 54 tid 105965
0 1 tid 105965
780 54 tid 105965
200 tid 105965
Remove  tid 105965
FindTargetPageId rootid 51 tid 105965
target_page_id id: 54 tid 105965
0 1 tid 105965
780 54 tid 105965
199 tid 105965
Remove  tid 105965
FindTargetPageId rootid 51 tid 105965
target_page_id id: 54 tid 105965
0 1 tid 105965
780 54 tid 105965
198 tid 105965
Remove  tid 105965
FindTargetPageId rootid 51 tid 105965
target_page_id id: 54 tid 105965
0 1 tid 105965
780 54 tid 105965
197 tid 105965
Remove  tid 105965
FindTargetPageId rootid 51 tid 105965
target_page_id id: 54 tid 105965
0 1 tid 105965
780 54 tid 105965
196 tid 105965
Remove  tid 105965
FindTargetPageId rootid 51 tid 105965
target_page_id id: 54 tid 105965
0 1 tid 105965
780 54 tid 105965
195 tid 105965
Remove  tid 105965
FindTargetPageId rootid 51 tid 105965
target_page_id id: 54 tid 105965
0 1 tid 105965
780 54 tid 105965
194 tid 105965
Remove  tid 105965
FindTargetPageId rootid 51 tid 105965
target_page_id id: 54 tid 105965
0 1 tid 105965
780 54 tid 105965
193 tid 105965
Remove  tid 105965
FindTargetPageId rootid 51 tid 105965
target_page_id id: 54 tid 105965
0 1 tid 105965
780 54 tid 105965
192 tid 105965
Remove  tid 105965
FindTargetPageId rootid 51 tid 105965
target_page_id id: 54 tid 105965
0 1 tid 105965
780 54 tid 105965
191 tid 105965
Remove  tid 105965
FindTargetPageId rootid 51 tid 105965
target_page_id id: 54 tid 105965
0 1 tid 105965
780 54 tid 105965
190 tid 105965
Remove  tid 105965
FindTargetPageId rootid 51 tid 105965
target_page_id id: 54 tid 105965
0 1 tid 105965
780 54 tid 105965
189 tid 105965
Remove  tid 105965
FindTargetPageId rootid 51 tid 105965
target_page_id id: 54 tid 105965
0 1 tid 105965
780 54 tid 105965
188 tid 105965
Remove  tid 105965
FindTargetPageId rootid 51 tid 105965
target_page_id id: 54 tid 105965
0 1 tid 105965
780 54 tid 105965
187 tid 105965
Remove  tid 105965
FindTargetPageId rootid 51 tid 105965
target_page_id id: 54 tid 105965
0 1 tid 105965
780 54 tid 105965
186 tid 105965
Remove  tid 105965
FindTargetPageId rootid 51 tid 105965
target_page_id id: 54 tid 105965
0 1 tid 105965
780 54 tid 105965
185 tid 105965
Remove  tid 105965
FindTargetPageId rootid 51 tid 105965
target_page_id id: 54 tid 105965
0 1 tid 105965
780 54 tid 105965
184 tid 105965
Remove  tid 105965
FindTargetPageId rootid 51 tid 105965
target_page_id id: 54 tid 105965
0 1 tid 105965
780 54 tid 105965
183 tid 105965
Remove  tid 105965
FindTargetPageId rootid 51 tid 105965
target_page_id id: 54 tid 105965
0 1 tid 105965
780 54 tid 105965
182 tid 105965
Remove  tid 105965
FindTargetPageId rootid 51 tid 105965
target_page_id id: 54 tid 105965
0 1 tid 105965
780 54 tid 105965
181 tid 105965
Remove  tid 105965
FindTargetPageId rootid 51 tid 105965
target_page_id id: 54 tid 105965
0 1 tid 105965
780 54 tid 105965
180 tid 105965
Remove  tid 105965
FindTargetPageId rootid 51 tid 105965
target_page_id id: 54 tid 105965
0 1 tid 105965
780 54 tid 105965
179 tid 105965
Remove  tid 105965
FindTargetPageId rootid 51 tid 105965
target_page_id id: 54 tid 105965
0 1 tid 105965
780 54 tid 105965
178 tid 105965
Remove  tid 105965
FindTargetPageId rootid 51 tid 105965
target_page_id id: 54 tid 105965
0 1 tid 105965
780 54 tid 105965
177 tid 105965
Remove  tid 105965
FindTargetPageId rootid 51 tid 105965
target_page_id id: 54 tid 105965
0 1 tid 105965
780 54 tid 105965
176 tid 105965
Remove  tid 105965
FindTargetPageId rootid 51 tid 105965
target_page_id id: 54 tid 105965
0 1 tid 105965
780 54 tid 105965
175 tid 105965
Remove  tid 105965
FindTargetPageId rootid 51 tid 105965
target_page_id id: 54 tid 105965
0 1 tid 105965
780 54 tid 105965
174 tid 105965
Remove  tid 105965
FindTargetPageId rootid 51 tid 105965
target_page_id id: 54 tid 105965
0 1 tid 105965
780 54 tid 105965
173 tid 105965
Remove  tid 105965
FindTargetPageId rootid 51 tid 105965
target_page_id id: 54 tid 105965
0 1 tid 105965
780 54 tid 105965
172 tid 105965
Remove  tid 105965
FindTargetPageId rootid 51 tid 105965
target_page_id id: 54 tid 105965
0 1 tid 105965
780 54 tid 105965
171 tid 105965
Remove  tid 105965
FindTargetPageId rootid 51 tid 105965
target_page_id id: 54 tid 105965
0 1 tid 105965
780 54 tid 105965
170 tid 105965
Remove  tid 105965
FindTargetPageId rootid 51 tid 105965
target_page_id id: 54 tid 105965
0 1 tid 105965
780 54 tid 105965
169 tid 105965
Remove  tid 105965
FindTargetPageId rootid 51 tid 105965
target_page_id id: 54 tid 105965
0 1 tid 105965
780 54 tid 105965
168 tid 105965
Remove  tid 105965
FindTargetPageId rootid 51 tid 105965
target_page_id id: 54 tid 105965
0 1 tid 105965
780 54 tid 105965
167 tid 105965
Remove  tid 105965
FindTargetPageId rootid 51 tid 105965
target_page_id id: 54 tid 105965
0 1 tid 105965
780 54 tid 105965
166 tid 105965
Remove  tid 105965
FindTargetPageId rootid 51 tid 105965
target_page_id id: 54 tid 105965
0 1 tid 105965
780 54 tid 105965
165 tid 105965
Remove  tid 105965
FindTargetPageId rootid 51 tid 105965
target_page_id id: 54 tid 105965
0 1 tid 105965
780 54 tid 105965
164 tid 105965
Remove  tid 105965
FindTargetPageId rootid 51 tid 105965
target_page_id id: 54 tid 105965
0 1 tid 105965
780 54 tid 105965
163 tid 105965
Remove  tid 105965
FindTargetPageId rootid 51 tid 105965
target_page_id id: 54 tid 105965
0 1 tid 105965
780 54 tid 105965
162 tid 105965
Remove  tid 105965
FindTargetPageId rootid 51 tid 105965
target_page_id id: 54 tid 105965
0 1 tid 105965
780 54 tid 105965
161 tid 105965
Remove  tid 105965
FindTargetPageId rootid 51 tid 105965
target_page_id id: 54 tid 105965
0 1 tid 105965
780 54 tid 105965
160 tid 105965
Remove  tid 105965
FindTargetPageId rootid 51 tid 105965
target_page_id id: 54 tid 105965
0 1 tid 105965
780 54 tid 105965
159 tid 105965
Remove  tid 105965
FindTargetPageId rootid 51 tid 105965
target_page_id id: 54 tid 105965
0 1 tid 105965
780 54 tid 105965
158 tid 105965
Remove  tid 105965
FindTargetPageId rootid 51 tid 105965
target_page_id id: 54 tid 105965
0 1 tid 105965
780 54 tid 105965
157 tid 105965
Remove  tid 105965
FindTargetPageId rootid 51 tid 105965
target_page_id id: 54 tid 105965
0 1 tid 105965
780 54 tid 105965
156 tid 105965
Remove  tid 105965
FindTargetPageId rootid 51 tid 105965
target_page_id id: 54 tid 105965
0 1 tid 105965
780 54 tid 105965
155 tid 105965
Remove  tid 105965
FindTargetPageId rootid 51 tid 105965
target_page_id id: 54 tid 105965
0 1 tid 105965
780 54 tid 105965
154 tid 105965
Remove  tid 105965
FindTargetPageId rootid 51 tid 105965
target_page_id id: 54 tid 105965
0 1 tid 105965
780 54 tid 105965
153 tid 105965
Remove  tid 105965
FindTargetPageId rootid 51 tid 105965
target_page_id id: 54 tid 105965
0 1 tid 105965
780 54 tid 105965
152 tid 105965
Remove  tid 105965
FindTargetPageId rootid 51 tid 105965
target_page_id id: 54 tid 105965
0 1 tid 105965
780 54 tid 105965
151 tid 105965
Remove  tid 105965
FindTargetPageId rootid 51 tid 105965
target_page_id id: 54 tid 105965
0 1 tid 105965
780 54 tid 105965
150 tid 105965
Remove  tid 105965
FindTargetPageId rootid 51 tid 105965
target_page_id id: 54 tid 105965
0 1 tid 105965
780 54 tid 105965
149 tid 105965
Remove  tid 105965
FindTargetPageId rootid 51 tid 105965
target_page_id id: 54 tid 105965
0 1 tid 105965
780 54 tid 105965
148 tid 105965
Remove  tid 105965
FindTargetPageId rootid 51 tid 105965
target_page_id id: 54 tid 105965
0 1 tid 105965
780 54 tid 105965
147 tid 105965
Remove  tid 105965
FindTargetPageId rootid 51 tid 105965
target_page_id id: 54 tid 105965
0 1 tid 105965
780 54 tid 105965
146 tid 105965
Remove  tid 105965
FindTargetPageId rootid 51 tid 105965
target_page_id id: 54 tid 105965
0 1 tid 105965
780 54 tid 105965
145 tid 105965
Remove  tid 105965
FindTargetPageId rootid 51 tid 105965
target_page_id id: 54 tid 105965
0 1 tid 105965
780 54 tid 105965
144 tid 105965
Remove  tid 105965
FindTargetPageId rootid 51 tid 105965
target_page_id id: 54 tid 105965
0 1 tid 105965
780 54 tid 105965
143 tid 105965
Remove  tid 105965
FindTargetPageId rootid 51 tid 105965
target_page_id id: 54 tid 105965
0 1 tid 105965
780 54 tid 105965
142 tid 105965
Remove  tid 105965
FindTargetPageId rootid 51 tid 105965
target_page_id id: 54 tid 105965
0 1 tid 105965
780 54 tid 105965
141 tid 105965
Remove  tid 105965
FindTargetPageId rootid 51 tid 105965
target_page_id id: 54 tid 105965
0 1 tid 105965
780 54 tid 105965
140 tid 105965
Remove  tid 105965
FindTargetPageId rootid 51 tid 105965
target_page_id id: 54 tid 105965
0 1 tid 105965
780 54 tid 105965
139 tid 105965
Remove  tid 105965
FindTargetPageId rootid 51 tid 105965
target_page_id id: 54 tid 105965
0 1 tid 105965
780 54 tid 105965
138 tid 105965
Remove  tid 105965
FindTargetPageId rootid 51 tid 105965
target_page_id id: 54 tid 105965
0 1 tid 105965
780 54 tid 105965
137 tid 105965
Remove  tid 105965
FindTargetPageId rootid 51 tid 105965
target_page_id id: 54 tid 105965
0 1 tid 105965
780 54 tid 105965
136 tid 105965
Remove  tid 105965
FindTargetPageId rootid 51 tid 105965
target_page_id id: 54 tid 105965
0 1 tid 105965
780 54 tid 105965
135 tid 105965
Remove  tid 105965
FindTargetPageId rootid 51 tid 105965
target_page_id id: 54 tid 105965
0 1 tid 105965
780 54 tid 105965
134 tid 105965
Remove  tid 105965
FindTargetPageId rootid 51 tid 105965
target_page_id id: 54 tid 105965
0 1 tid 105965
780 54 tid 105965
133 tid 105965
Remove  tid 105965
FindTargetPageId rootid 51 tid 105965
target_page_id id: 54 tid 105965
0 1 tid 105965
780 54 tid 105965
132 tid 105965
Remove  tid 105965
FindTargetPageId rootid 51 tid 105965
target_page_id id: 54 tid 105965
0 1 tid 105965
780 54 tid 105965
131 tid 105965
Remove  tid 105965
FindTargetPageId rootid 51 tid 105965
target_page_id id: 54 tid 105965
0 1 tid 105965
780 54 tid 105965
130 tid 105965
Remove  tid 105965
FindTargetPageId rootid 51 tid 105965
target_page_id id: 54 tid 105965
0 1 tid 105965
780 54 tid 105965
129 tid 105965
Remove  tid 105965
FindTargetPageId rootid 51 tid 105965
target_page_id id: 54 tid 105965
0 1 tid 105965
780 54 tid 105965
128 tid 105965
Remove  tid 105965
FindTargetPageId rootid 51 tid 105965
target_page_id id: 54 tid 105965
0 1 tid 105965
780 54 tid 105965
127 tid 105965
Remove  tid 105965
FindTargetPageId rootid 51 tid 105965
target_page_id id: 54 tid 105965
0 1 tid 105965
775 54 tid 105965
127 tid 105965
Remove  tid 105965
FindTargetPageId rootid 51 tid 105965
target_page_id id: 54 tid 105965
0 1 tid 105965
770 54 tid 105965
127 tid 105965
Remove  tid 105965
FindTargetPageId rootid 51 tid 105965
target_page_id id: 54 tid 105965
0 1 tid 105965
765 54 tid 105965
127 tid 105965
Remove  tid 105965
FindTargetPageId rootid 51 tid 105965
target_page_id id: 54 tid 105965
0 1 tid 105965
760 54 tid 105965
127 tid 105965
Remove  tid 105965
FindTargetPageId rootid 51 tid 105965
target_page_id id: 54 tid 105965
0 1 tid 105965
755 54 tid 105965
127 tid 105965
Remove  tid 105965
FindTargetPageId rootid 51 tid 105965
target_page_id id: 54 tid 105965
0 1 tid 105965
750 54 tid 105965
127 tid 105965
Remove  tid 105965
FindTargetPageId rootid 51 tid 105965
target_page_id id: 54 tid 105965
0 1 tid 105965
745 54 tid 105965
127 tid 105965
Remove  tid 105965
FindTargetPageId rootid 51 tid 105965
target_page_id id: 54 tid 105965
0 1 tid 105965
740 54 tid 105965
127 tid 105965
Remove  tid 105965
FindTargetPageId rootid 51 tid 105965
target_page_id id: 54 tid 105965
0 1 tid 105965
735 54 tid 105965
127 tid 105965
Remove  tid 105965
FindTargetPageId rootid 51 tid 105965
target_page_id id: 54 tid 105965
0 1 tid 105965
730 54 tid 105965
127 tid 105965
Remove  tid 105965
FindTargetPageId rootid 51 tid 105965
target_page_id id: 54 tid 105965
0 1 tid 105965
725 54 tid 105965
127 tid 105965
Remove  tid 105965
FindTargetPageId rootid 51 tid 105965
target_page_id id: 54 tid 105965
0 1 tid 105965
720 54 tid 105965
127 tid 105965
Remove  tid 105965
FindTargetPageId rootid 51 tid 105965
target_page_id id: 54 tid 105965
0 1 tid 105965
715 54 tid 105965
127 tid 105965
Remove  tid 105965
FindTargetPageId rootid 51 tid 105965
target_page_id id: 54 tid 105965
0 1 tid 105965
710 54 tid 105965
127 tid 105965
Remove  tid 105965
FindTargetPageId rootid 51 tid 105965
target_page_id id: 54 tid 105965
0 1 tid 105965
705 54 tid 105965
127 tid 105965
Remove  tid 105965
FindTargetPageId rootid 51 tid 105965
target_page_id id: 54 tid 105965
0 1 tid 105965
700 54 tid 105965
127 tid 105965
Remove  tid 105965
FindTargetPageId rootid 51 tid 105965
target_page_id id: 54 tid 105965
0 1 tid 105965
695 54 tid 105965
127 tid 105965
Remove  tid 105965
FindTargetPageId rootid 51 tid 105965
target_page_id id: 54 tid 105965
0 1 tid 105965
690 54 tid 105965
127 tid 105965
Remove  tid 105965
FindTargetPageId rootid 51 tid 105965
target_page_id id: 54 tid 105965
0 1 tid 105965
685 54 tid 105965
127 tid 105965
Remove  tid 105965
FindTargetPageId rootid 51 tid 105965
target_page_id id: 54 tid 105965
0 1 tid 105965
680 54 tid 105965
127 tid 105965
Remove  tid 105965
FindTargetPageId rootid 51 tid 105965
target_page_id id: 54 tid 105965
0 1 tid 105965
675 54 tid 105965
127 tid 105965
Remove  tid 105965
FindTargetPageId rootid 51 tid 105965
target_page_id id: 54 tid 105965
0 1 tid 105965
670 54 tid 105965
127 tid 105965
Remove  tid 105965
FindTargetPageId rootid 51 tid 105965
target_page_id id: 54 tid 105965
0 1 tid 105965
665 54 tid 105965
127 tid 105965
Remove  tid 105965
FindTargetPageId rootid 51 tid 105965
target_page_id id: 54 tid 105965
0 1 tid 105965
660 54 tid 105965
127 tid 105965
Remove  tid 105965
FindTargetPageId rootid 51 tid 105965
target_page_id id: 54 tid 105965
0 1 tid 105965
655 54 tid 105965
127 tid 105965
Remove  tid 105965
FindTargetPageId rootid 51 tid 105965
target_page_id id: 54 tid 105965
0 1 tid 105965
650 54 tid 105965
127 tid 105965
Remove  tid 105965
FindTargetPageId rootid 51 tid 105965
target_page_id id: 54 tid 105965
0 1 tid 105965
645 54 tid 105965
127 tid 105965
Remove  tid 105965
FindTargetPageId rootid 51 tid 105965
target_page_id id: 54 tid 105965
0 1 tid 105965
640 54 tid 105965
127 tid 105965
Remove  tid 105965
FindTargetPageId rootid 51 tid 105965
target_page_id id: 54 tid 105965
0 1 tid 105965
635 54 tid 105965
127 tid 105965
Remove  tid 105965
FindTargetPageId rootid 51 tid 105965
target_page_id id: 54 tid 105965
0 1 tid 105965
630 54 tid 105965
127 tid 105965
Remove  tid 105965
FindTargetPageId rootid 51 tid 105965
target_page_id id: 54 tid 105965
0 1 tid 105965
625 54 tid 105965
127 tid 105965
Remove  tid 105965
FindTargetPageId rootid 1 tid 105965
254 tid 105965
Remove  tid 105965
FindTargetPageId rootid 1 tid 105965
253 tid 105965
Remove  tid 105965
FindTargetPageId rootid 1 tid 105965
252 tid 105965
Remove  tid 105965
FindTargetPageId rootid 1 tid 105965
251 tid 105965
Remove  tid 105965
FindTargetPageId rootid 1 tid 105965
250 tid 105965
Remove  tid 105965
FindTargetPageId rootid 1 tid 105965
249 tid 105965
Remove  tid 105965
FindTargetPageId rootid 1 tid 105965
248 tid 105965
Remove  tid 105965
FindTargetPageId rootid 1 tid 105965
247 tid 105965
Remove  tid 105965
FindTargetPageId rootid 1 tid 105965
246 tid 105965
Remove  tid 105965
FindTargetPageId rootid 1 tid 105965
245 tid 105965
Remove  tid 105965
FindTargetPageId rootid 1 tid 105965
244 tid 105965
Remove  tid 105965
FindTargetPageId rootid 1 tid 105965
243 tid 105965
Remove  tid 105965
FindTargetPageId rootid 1 tid 105965
242 tid 105965
Remove  tid 105965
FindTargetPageId rootid 1 tid 105965
241 tid 105965
Remove  tid 105965
FindTargetPageId rootid 1 tid 105965
240 tid 105965
Remove  tid 105965
FindTargetPageId rootid 1 tid 105965
239 tid 105965
Remove  tid 105965
FindTargetPageId rootid 1 tid 105965
238 tid 105965
Remove  tid 105965
FindTargetPageId rootid 1 tid 105965
237 tid 105965
Remove  tid 105965
FindTargetPageId rootid 1 tid 105965
236 tid 105965
Remove  tid 105965
FindTargetPageId rootid 1 tid 105965
235 tid 105965
Remove  tid 105965
FindTargetPageId rootid 1 tid 105965
234 tid 105965
Remove  tid 105965
FindTargetPageId rootid 1 tid 105965
233 tid 105965
Remove  tid 105965
FindTargetPageId rootid 1 tid 105965
232 tid 105965
Remove  tid 105965
FindTargetPageId rootid 1 tid 105965
231 tid 105965
Remove  tid 105965
FindTargetPageId rootid 1 tid 105965
230 tid 105965
Remove  tid 105965
FindTargetPageId rootid 1 tid 105965
229 tid 105965
Remove  tid 105965
FindTargetPageId rootid 1 tid 105965
228 tid 105965
Remove  tid 105965
FindTargetPageId rootid 1 tid 105965
227 tid 105965
Remove  tid 105965
FindTargetPageId rootid 1 tid 105965
226 tid 105965
Remove  tid 105965
FindTargetPageId rootid 1 tid 105965
225 tid 105965
Remove  tid 105965
FindTargetPageId rootid 1 tid 105965
224 tid 105965
Remove  tid 105965
FindTargetPageId rootid 1 tid 105965
223 tid 105965
Remove  tid 105965
FindTargetPageId rootid 1 tid 105965
222 tid 105965
Remove  tid 105965
FindTargetPageId rootid 1 tid 105965
221 tid 105965
Remove  tid 105965
FindTargetPageId rootid 1 tid 105965
220 tid 105965
Remove  tid 105965
FindTargetPageId rootid 1 tid 105965
219 tid 105965
Remove  tid 105965
FindTargetPageId rootid 1 tid 105965
218 tid 105965
Remove  tid 105965
FindTargetPageId rootid 1 tid 105965
217 tid 105965
Remove  tid 105965
FindTargetPageId rootid 1 tid 105965
216 tid 105965
Remove  tid 105965
FindTargetPageId rootid 1 tid 105965
215 tid 105965
Remove  tid 105965
FindTargetPageId rootid 1 tid 105965
214 tid 105965
Remove  tid 105965
FindTargetPageId rootid 1 tid 105965
213 tid 105965
Remove  tid 105965
FindTargetPageId rootid 1 tid 105965
212 tid 105965
Remove  tid 105965
FindTargetPageId rootid 1 tid 105965
211 tid 105965
Remove  tid 105965
FindTargetPageId rootid 1 tid 105965
210 tid 105965
Remove  tid 105965
FindTargetPageId rootid 1 tid 105965
209 tid 105965
Remove  tid 105965
FindTargetPageId rootid 1 tid 105965
208 tid 105965
Remove  tid 105965
FindTargetPageId rootid 1 tid 105965
207 tid 105965
Remove  tid 105965
FindTargetPageId rootid 1 tid 105965
206 tid 105965
Remove  tid 105965
FindTargetPageId rootid 1 tid 105965
205 tid 105965
leaf_max_size 254
Insert  tid 105929
Insert  tid 105929
new root page id: 1 tid 105929
Insert  tid 105929
FindTargetPageId rootid 1 tid 105929
1 tid 105929
Insert  tid 105929
FindTargetPageId rootid 1 tid 105929
2 tid 105929
Insert  tid 105929
FindTargetPageId rootid 1 tid 105929
3 tid 105929
Insert  tid 105929
FindTargetPageId rootid 1 tid 105929
4 tid 105929
Insert  tid 105929
FindTargetPageId rootid 1 tid 105929
5 tid 105929
Insert  tid 105929
FindTargetPageId rootid 1 tid 105929
6 tid 105929
Insert  tid 105929
FindTargetPageId rootid 1 tid 105929
7 tid 105929
Insert  tid 105929
FindTargetPageId rootid 1 tid 105929
8 tid 105929
Insert  tid 105929
FindTargetPageId rootid 1 tid 105929
9 tid 105929
Insert  tid 105929
FindTargetPageId rootid 1 tid 105929
10 tid 105929
Insert  tid 105929
FindTargetPageId rootid 1 tid 105929
11 tid 105929
Insert  tid 105929
FindTargetPageId rootid 1 tid 105929
12 tid 105929
Insert  tid 105929
FindTargetPageId rootid 1 tid 105929
13 tid 105929
Insert  tid 105929
FindTargetPageId rootid 1 tid 105929
14 tid 105929
Insert  tid 105929
FindTargetPageId rootid 1 tid 105929
15 tid 105929
Insert  tid 105929
FindTargetPageId rootid 1 tid 105929
16 tid 105929
Insert  tid 105929
FindTargetPageId rootid 1 tid 105929
17 tid 105929
Insert  tid 105929
FindTargetPageId rootid 1 tid 105929
18 tid 105929
Insert  tid 105929
FindTargetPageId rootid 1 tid 105929
19 tid 105929
Insert  tid 105929
FindTargetPageId rootid 1 tid 105929
20 tid 105929
Insert  tid 105929
FindTargetPageId rootid 1 tid 105929
21 tid 105929
Insert  tid 105929
FindTargetPageId rootid 1 tid 105929
22 tid 105929
Insert  tid 105929
FindTargetPageId rootid 1 tid 105929
23 tid 105929
Insert  tid 105929
FindTargetPageId rootid 1 tid 105929
24 tid 105929
Insert  tid 105929
FindTargetPageId rootid 1 tid 105929
25 tid 105929
Insert  tid 105929
FindTargetPageId rootid 1 tid 105929
26 tid 105929
Insert  tid 105929
FindTargetPageId rootid 1 tid 105929
27 tid 105929
Insert  tid 105929
FindTargetPageId rootid 1 tid 105929
28 tid 105929
Insert  tid 105929
FindTargetPageId rootid 1 tid 105929
29 tid 105929
Insert  tid 105929
FindTargetPageId rootid 1 tid 105929
30 tid 105929
Insert  tid 105929
FindTargetPageId rootid 1 tid 105929
31 tid 105929
Insert  tid 105929
FindTargetPageId rootid 1 tid 105929
32 tid 105929
Insert  tid 105929
FindTargetPageId rootid 1 tid 105929
33 tid 105929
Insert  tid 105929
FindTargetPageId rootid 1 tid 105929
34 tid 105929
Insert  tid 105929
FindTargetPageId rootid 1 tid 105929
35 tid 105929
Insert  tid 105929
FindTargetPageId rootid 1 tid 105929
36 tid 105929
Insert  tid 105929
FindTargetPageId rootid 1 tid 105929
37 tid 105929
Insert  tid 105929
FindTargetPageId rootid 1 tid 105929
38 tid 105929
Insert  tid 105929
FindTargetPageId rootid 1 tid 105929
39 tid 105929
Insert  tid 105929
FindTargetPageId rootid 1 tid 105929
40 tid 105929
Insert  tid 105929
FindTargetPageId rootid 1 tid 105929
41 tid 105929
Insert  tid 105929
FindTargetPageId rootid 1 tid 105929
42 tid 105929
Insert  tid 105929
FindTargetPageId rootid 1 tid 105929
43 tid 105929
Insert  tid 105929
FindTargetPageId rootid 1 tid 105929
44 tid 105929
Insert  tid 105929
FindTargetPageId rootid 1 tid 105929
45 tid 105929
Insert  tid 105929
FindTargetPageId rootid 1 tid 105929
46 tid 105929
Insert  tid 105929
FindTargetPageId rootid 1 tid 105929
47 tid 105929
Insert  tid 105929
FindTargetPageId rootid 1 tid 105929
48 tid 105929
Insert  tid 105929
FindTargetPageId rootid 1 tid 105929
49 tid 105929
Insert  tid 105929
FindTargetPageId rootid 1 tid 105929
50 tid 105929
Insert  tid 105929
FindTargetPageId rootid 1 tid 105929
51 tid 105929
Insert  tid 105929
FindTargetPageId rootid 1 tid 105929
52 tid 105929
Insert  tid 105929
FindTargetPageId rootid 1 tid 105929
53 tid 105929
Insert  tid 105929
FindTargetPageId rootid 1 tid 105929
54 tid 105929
Insert  tid 105929
FindTargetPageId rootid 1 tid 105929
55 tid 105929
Insert  tid 105929
FindTargetPageId rootid 1 tid 105929
56 tid 105929
Insert  tid 105929
FindTargetPageId rootid 1 tid 105929
57 tid 105929
Insert  tid 105929
FindTargetPageId rootid 1 tid 105929
58 tid 105929
Insert  tid 105929
FindTargetPageId rootid 1 tid 105929
59 tid 105929
Insert  tid 105929
FindTargetPageId rootid 1 tid 105929
60 tid 105929
Insert  tid 105929
FindTargetPageId rootid 1 tid 105929
61 tid 105929
Insert  tid 105929
FindTargetPageId rootid 1 tid 105929
62 tid 105929
Insert  tid 105929
FindTargetPageId rootid 1 tid 105929
63 tid 105929
Insert  tid 105929
FindTargetPageId rootid 1 tid 105929
64 tid 105929
Insert  tid 105929
FindTargetPageId rootid 1 tid 105929
65 tid 105929
Insert  tid 105929
FindTargetPageId rootid 1 tid 105929
66 tid 105929
Insert  tid 105929
FindTargetPageId rootid 1 tid 105929
67 tid 105929
Insert  tid 105929
FindTargetPageId rootid 1 tid 105929
68 tid 105929
Insert  tid 105929
FindTargetPageId rootid 1 tid 105929
69 tid 105929
Insert  tid 105929
FindTargetPageId rootid 1 tid 105929
70 tid 105929
Insert  tid 105929
FindTargetPageId rootid 1 tid 105929
71 tid 105929
Insert  tid 105929
FindTargetPageId rootid 1 tid 105929
72 tid 105929
Insert  tid 105929
FindTargetPageId rootid 1 tid 105929
73 tid 105929
Insert  tid 105929
FindTargetPageId rootid 1 tid 105929
74 tid 105929
Insert  tid 105929
FindTargetPageId rootid 1 tid 105929
75 tid 105929
Insert  tid 105929
FindTargetPageId rootid 1 tid 105929
76 tid 105929
Insert  tid 105929
FindTargetPageId rootid 1 tid 105929
77 tid 105929
Insert  tid 105929
FindTargetPageId rootid 1 tid 105929
78 tid 105929
Insert  tid 105929
FindTargetPageId rootid 1 tid 105929
79 tid 105929
Insert  tid 105929
FindTargetPageId rootid 1 tid 105929
80 tid 105929
Insert  tid 105929
FindTargetPageId rootid 1 tid 105929
81 tid 105929
Insert  tid 105929
FindTargetPageId rootid 1 tid 105929
82 tid 105929
Insert  tid 105929
FindTargetPageId rootid 1 tid 105929
83 tid 105929
Insert  tid 105929
FindTargetPageId rootid 1 tid 105929
84 tid 105929
Insert  tid 105929
FindTargetPageId rootid 1 tid 105929
85 tid 105929
Insert  tid 105929
FindTargetPageId rootid 1 tid 105929
86 tid 105929
Insert  tid 105929
FindTargetPageId rootid 1 tid 105929
87 tid 105929
Insert  tid 105929
FindTargetPageId rootid 1 tid 105929
88 tid 105929
Insert  tid 105929
FindTargetPageId rootid 1 tid 105929
89 tid 105929
Insert  tid 105929
FindTargetPageId rootid 1 tid 105929
90 tid 105929
Insert  tid 105929
FindTargetPageId rootid 1 tid 105929
91 tid 105929
Insert  tid 105929
FindTargetPageId rootid 1 tid 105929
92 tid 105929
Insert  tid 105929
FindTargetPageId rootid 1 tid 105929
93 tid 105929
Insert  tid 105929
FindTargetPageId rootid 1 tid 105929
94 tid 105929
Insert  tid 105929
FindTargetPageId rootid 1 tid 105929
95 tid 105929
Insert  tid 105929
FindTargetPageId rootid 1 tid 105929
96 tid 105929
Insert  tid 105929
FindTargetPageId rootid 1 tid 105929
97 tid 105929
Insert  tid 105929
FindTargetPageId rootid 1 tid 105929
98 tid 105929
Insert  tid 105929
FindTargetPageId rootid 1 tid 105929
99 tid 105929
Insert  tid 105929
FindTargetPageId rootid 1 tid 105929
100 tid 105929
Insert  tid 105929
FindTargetPageId rootid 1 tid 105929
101 tid 105929
Insert  tid 105929
FindTargetPageId rootid 1 tid 105929
102 tid 105929
Insert  tid 105929
FindTargetPageId rootid 1 tid 105929
103 tid 105929
Insert  tid 105929
FindTargetPageId rootid 1 tid 105929
104 tid 105929
Insert  tid 105929
FindTargetPageId rootid 1 tid 105929
105 tid 105929
Insert  tid 105929
FindTargetPageId rootid 1 tid 105929
106 tid 105929
Insert  tid 105929
FindTargetPageId rootid 1 tid 105929
107 tid 105929
Insert  tid 105929
FindTargetPageId rootid 1 tid 105929
108 tid 105929
Insert  tid 105929
FindTargetPageId rootid 1 tid 105929
109 tid 105929
Insert  tid 105929
FindTargetPageId rootid 1 tid 105929
110 tid 105929
Insert  tid 105929
FindTargetPageId rootid 1 tid 105929
111 tid 105929
Insert  tid 105929
FindTargetPageId rootid 1 tid 105929
112 tid 105929
Insert  tid 105929
FindTargetPageId rootid 1 tid 105929
113 tid 105929
Insert  tid 105929
FindTargetPageId rootid 1 tid 105929
114 tid 105929
Insert  tid 105929
FindTargetPageId rootid 1 tid 105929
115 tid 105929
Insert  tid 105929
FindTargetPageId rootid 1 tid 105929
116 tid 105929
Insert  tid 105929
FindTargetPageId rootid 1 tid 105929
117 tid 105929
Insert  tid 105929
FindTargetPageId rootid 1 tid 105929
118 tid 105929
Insert  tid 105929
FindTargetPageId rootid 1 tid 105929
119 tid 105929
Insert  tid 105929
FindTargetPageId rootid 1 tid 105929
120 tid 105929
Insert  tid 105929
FindTargetPageId rootid 1 tid 105929
121 tid 105929
Insert  tid 105929
FindTargetPageId rootid 1 tid 105929
122 tid 105929
Insert  tid 105929
FindTargetPageId rootid 1 tid 105929
123 tid 105929
Insert  tid 105929
FindTargetPageId rootid 1 tid 105929
124 tid 105929
Insert  tid 105929
FindTargetPageId rootid 1 tid 105929
125 tid 105929
Insert  tid 105929
FindTargetPageId rootid 1 tid 105929
126 tid 105929
Insert  tid 105929
FindTargetPageId rootid 1 tid 105929
127 tid 105929
Insert  tid 105929
FindTargetPageId rootid 1 tid 105929
128 tid 105929
Insert  tid 105929
FindTargetPageId rootid 1 tid 105929
129 tid 105929
Insert  tid 105929
FindTargetPageId rootid 1 tid 105929
130 tid 105929
Insert  tid 105929
FindTargetPageId rootid 1 tid 105929
131 tid 105929
Insert  tid 105929
FindTargetPageId rootid 1 tid 105929
132 tid 105929
Insert  tid 105929
FindTargetPageId rootid 1 tid 105929
133 tid 105929
Insert  tid 105929
FindTargetPageId rootid 1 tid 105929
134 tid 105929
Insert  tid 105929
FindTargetPageId rootid 1 tid 105929
135 tid 105929
Insert  tid 105929
FindTargetPageId rootid 1 tid 105929
136 tid 105929
Insert  tid 105929
FindTargetPageId rootid 1 tid 105929
137 tid 105929
Insert  tid 105929
FindTargetPageId rootid 1 tid 105929
138 tid 105929
Insert  tid 105929
FindTargetPageId rootid 1 tid 105929
139 tid 105929
Insert  tid 105929
FindTargetPageId rootid 1 tid 105929
140 tid 105929
Insert  tid 105929
FindTargetPageId rootid 1 tid 105929
141 tid 105929
Insert  tid 105929
FindTargetPageId rootid 1 tid 105929
142 tid 105929
Insert  tid 105929
FindTargetPageId rootid 1 tid 105929
143 tid 105929
Insert  tid 105929
FindTargetPageId rootid 1 tid 105929
144 tid 105929
Insert  tid 105929
FindTargetPageId rootid 1 tid 105929
145 tid 105929
Insert  tid 105929
FindTargetPageId rootid 1 tid 105929
146 tid 105929
Insert  tid 105929
FindTargetPageId rootid 1 tid 105929
147 tid 105929
Insert  tid 105929
FindTargetPageId rootid 1 tid 105929
148 tid 105929
Insert  tid 105929
FindTargetPageId rootid 1 tid 105929
149 tid 105929
Insert  tid 105929
FindTargetPageId rootid 1 tid 105929
150 tid 105929
Insert  tid 105929
FindTargetPageId rootid 1 tid 105929
151 tid 105929
Insert  tid 105929
FindTargetPageId rootid 1 tid 105929
152 tid 105929
Insert  tid 105929
FindTargetPageId rootid 1 tid 105929
153 tid 105929
Insert  tid 105929
FindTargetPageId rootid 1 tid 105929
154 tid 105929
Insert  tid 105929
FindTargetPageId rootid 1 tid 105929
155 tid 105929
Insert  tid 105929
FindTargetPageId rootid 1 tid 105929
156 tid 105929
Insert  tid 105929
FindTargetPageId rootid 1 tid 105929
157 tid 105929
Insert  tid 105929
FindTargetPageId rootid 1 tid 105929
158 tid 105929
Insert  tid 105929
FindTargetPageId rootid 1 tid 105929
159 tid 105929
Insert  tid 105929
FindTargetPageId rootid 1 tid 105929
160 tid 105929
Insert  tid 105929
FindTargetPageId rootid 1 tid 105929
161 tid 105929
Insert  tid 105929
FindTargetPageId rootid 1 tid 105929
162 tid 105929
Insert  tid 105929
FindTargetPageId rootid 1 tid 105929
163 tid 105929
Insert  tid 105929
FindTargetPageId rootid 1 tid 105929
164 tid 105929
Insert  tid 105929
FindTargetPageId rootid 1 tid 105929
165 tid 105929
Insert  tid 105929
FindTargetPageId rootid 1 tid 105929
166 tid 105929
Insert  tid 105929
FindTargetPageId rootid 1 tid 105929
167 tid 105929
Insert  tid 105929
FindTargetPageId rootid 1 tid 105929
168 tid 105929
Insert  tid 105929
FindTargetPageId rootid 1 tid 105929
169 tid 105929
Insert  tid 105929
FindTargetPageId rootid 1 tid 105929
170 tid 105929
Insert  tid 105929
FindTargetPageId rootid 1 tid 105929
171 tid 105929
Insert  tid 105929
FindTargetPageId rootid 1 tid 105929
172 tid 105929
Insert  tid 105929
FindTargetPageId rootid 1 tid 105929
173 tid 105929
Insert  tid 105929
FindTargetPageId rootid 1 tid 105929
174 tid 105929
Insert  tid 105929
FindTargetPageId rootid 1 tid 105929
175 tid 105929
Insert  tid 105929
FindTargetPageId rootid 1 tid 105929
176 tid 105929
Insert  tid 105929
FindTargetPageId rootid 1 tid 105929
177 tid 105929
Insert  tid 105929
FindTargetPageId rootid 1 tid 105929
178 tid 105929
Insert  tid 105929
FindTargetPageId rootid 1 tid 105929
179 tid 105929
Insert  tid 105929
FindTargetPageId rootid 1 tid 105929
180 tid 105929
Insert  tid 105929
FindTargetPageId rootid 1 tid 105929
181 tid 105929
Insert  tid 105929
FindTargetPageId rootid 1 tid 105929
182 tid 105929
Insert  tid 105929
FindTargetPageId rootid 1 tid 105929
183 tid 105929
Insert  tid 105929
FindTargetPageId rootid 1 tid 105929
184 tid 105929
Insert  tid 105929
FindTargetPageId rootid 1 tid 105929
185 tid 105929
Insert  tid 105929
FindTargetPageId rootid 1 tid 105929
186 tid 105929
Insert  tid 105929
FindTargetPageId rootid 1 tid 105929
187 tid 105929
Insert  tid 105929
FindTargetPageId rootid 1 tid 105929
188 tid 105929
Insert  tid 105929
FindTargetPageId rootid 1 tid 105929
189 tid 105929
Insert  tid 105929
FindTargetPageId rootid 1 tid 105929
190 tid 105929
Insert  tid 105929
FindTargetPageId rootid 1 tid 105929
191 tid 105929
Insert  tid 105929
FindTargetPageId rootid 1 tid 105929
192 tid 105929
Insert  tid 105929
FindTargetPageId rootid 1 tid 105929
193 tid 105929
Insert  tid 105929
FindTargetPageId rootid 1 tid 105929
194 tid 105929
Insert  tid 105929
FindTargetPageId rootid 1 tid 105929
195 tid 105929
Insert  tid 105929
FindTargetPageId rootid 1 tid 105929
196 tid 105929
Insert  tid 105929
FindTargetPageId rootid 1 tid 105929
197 tid 105929
Insert  tid 105929
FindTargetPageId rootid 1 tid 105929
198 tid 105929
Insert  tid 105929
FindTargetPageId rootid 1 tid 105929
199 tid 105929
Insert  tid 105968
Insert  tid 105968
FindTargetPageId rootid 1 tid 105968
200 tid 105968
Insert  tid Remove  tid 105968
105969
FindTargetPageId rootid 1 tid 105968
201 tid 105968
Insert  tid 105968
FindTargetPageId rootid 1 tid 105968
202 tid 105968
Remove  tid 105969
Insert  tid 105968
Insert  tid 105970
FindTargetPageId rootid 1 tid 105969
203 tid 105969
Insert  tid 105970
Remove  tid 105969
FindTargetPageId rootid 1 tid 105968
202 tid 105968
Insert  tid 105968
FindTargetPageId rootid 1 tid 105970
203 tid 105970
Insert  tid 105970
FindTargetPageId rootid 1 tid 105969
204 tid 105969
Remove  tid 105969
FindTargetPageId rootid 1 tid 105968
203 tid 105968
Insert  tid 105968
FindTargetPageId rootid 1 tid 105970
204 tid 105970
Insert  tid 105970
FindTargetPageId rootid 1 tid 105969
205 tid 105969
Remove  tid 105969
FindTargetPageId rootid 1 tid 105968
204 tid 105968
Insert  tid 105968
FindTargetPageId rootid 1 tid 105970
205 tid 105970
Insert  tid 105970
FindTargetPageId rootid 1 tid 105970
206 tid 105970
Insert  tid 105970
FindTargetPageId rootid 1 tid 105970
206 tid 105970
Insert  tid 105970
FindTargetPageId rootid 1 tid 105968
206 tid 105968
Insert  tid 105968
FindTargetPageId rootid 1 tid 105968
207 tid 105968
Insert  tid 105968
FindTargetPageId rootid 1 tid 105968
208 tid 105968
Insert  tid 105968
FindTargetPageId rootid 1 tid 105969
209 tid 105969
Remove  tid 105969
FindTargetPageId rootid 1 tid 105969
208 tid 105969
Remove  tid 105969
FindTargetPageId rootid 1 tid 105969
207 tid 105969
Remove  tid 105969
FindTargetPageId rootid 1 tid 105969
206 tid 105969
FindTargetPageId rootid 1 tid 105968
205 tid 105968
Insert  tid 105968
FindTargetPageId rootid 1 tid 105968
206 tid 105968
Insert  tid 105968
Remove  tid FindTargetPageId rootid 1 tid 105968105969
207 tid 105968
Insert  tid 105968
FindTargetPageId rootid 1 tid 105968
208 tid 105968

FindTargetPageId rootid 1 tid 105969
209 tid 105969
Insert  tid 105968
FindTargetPageId rootid 1 tid 105968
Remove  tid 105969
208 tid 105968
Insert  tid 105968
FindTargetPageId rootid 1 tid 105970
209 tid 105970
Insert  tid 105970
FindTargetPageId rootid 1 tid 105969
210 tid 105969
Remove  tid 105969
FindTargetPageId rootid 1 tid 105969
209 tid 105969
FindTargetPageId rootid 1 tid 105970
208 tid 105970
Insert  tid 105970
Remove  tid 105969
FindTargetPageId rootid 1 tid 105968
209 tid 105968
Insert  tid 105968
FindTargetPageId rootid 1 tid 105968
210 tid 105968
Insert  tid 105968
FindTargetPageId rootid 1 tid 105970
211 tid 105970
Insert  tid 105970
FindTargetPageId rootid 1 tid 105970
212 tid 105970
Insert  tid 105970
FindTargetPageId rootid 1 tid 105969
213 tid 105969
FindTargetPageId rootid 1 tid 105968
212 tid 105968
Insert  tid 105968
FindTargetPageId rootid 1 tid 105968
213 tid 105968
Insert  tid 105968
FindTargetPageId rootid 1 tid 105970
214 tid 105970
Insert  tid 105970
FindTargetPageId rootid 1 tid 105970
215 tid 105970
Remove  tid 105969
FindTargetPageId rootid 1 tid 105969
216 tid 105969
Insert  tid 105970
Remove  tid 105969
FindTargetPageId rootid 1 tid 105968
215 tid 105968
Insert  tid 105968
FindTargetPageId rootid 1 tid 105970
216 tid 105970
Insert  tid 105970
FindTargetPageId rootid 1 tid 105970
217 tid 105970
Insert  tid 105970
FindTargetPageId rootid 1 tid 105970
217 tid 105970
Insert  tid 105970
FindTargetPageId rootid 1 tid 105970
217 tid 105970
Insert  tid 105970
FindTargetPageId rootid 1 tid 105969
217 tid 105969
Remove  tid 105969
FindTargetPageId rootid 1 tid 105968
216 tid 105968
Insert  tid 105968
FindTargetPageId rootid 1 tid 105970
217 tid 105970
Insert  tid 105970
FindTargetPageId rootid 1 tid 105970
217 tid 105970
Insert  tid 105970
FindTargetPageId rootid 1 tid 105970
217 tid 105970
Insert  tid 105970
FindTargetPageId rootid 1 tid 105968
217 tid 105968
Insert  tid 105968
FindTargetPageId rootid 1 tid 105969
218 tid 105969
Remove  tid 105969
FindTargetPageId rootid 1 tid 105969
217 tid 105969
Remove  tid 105969
FindTargetPageId rootid 1 tid 105969
216 tid 105969
Remove  tid 105969
FindTargetPageId rootid 1 tid 105969
215 tid 105969
Remove  tid 105969
FindTargetPageId rootid 1 tid 105969
214 tid 105969
Remove  tid 105969
FindTargetPageId rootid 1 tid 105969
213 tid 105969
Remove  tid 105969
FindTargetPageId rootid 1 tid 105969
212 tid 105969
Remove  tid 105969
FindTargetPageId rootid 1 tid 105970
211 tid 105970
Insert  tid 105970
FindTargetPageId rootid 1 tid 105970
212 tid 105970
Insert  tid 105970
FindTargetPageId rootid 1 tid 105970
213 tid 105970
Insert  tid 105970
FindTargetPageId rootid 1 tid 105970
213 tid 105970
Insert  tid 105970
FindTargetPageId rootid 1 tid 105970
214 tid 105970
Insert  tid 105970
FindTargetPageId rootid 1 tid 105970
215 tid 105970
Insert  tid 105970
FindTargetPageId rootid 1 tid 105970
216 tid 105970
Insert  tid 105970
FindTargetPageId rootid 1 tid 105968
217 tid 105968
Insert  tid 105968
FindTargetPageId rootid 1 tid 105969
217 tid 105969
Remove  tid 105969
FindTargetPageId rootid 1 tid 105969
216 tid 105969
Remove  tid 105969
FindTargetPageId rootid 1 tid 105968
215 tid 105968
Insert  tid 105968
FindTargetPageId rootid 1 tid 105970
215 tid 105970
Insert  tid 105970
FindTargetPageId rootid 1 tid 105970
216 tid 105970
Insert  tid 105970
FindTargetPageId rootid 1 tid 105968
217 tid 105968
Insert  tid 105968
FindTargetPageId rootid 1 tid 105969
217 tid 105969
Remove  tid 105969
FindTargetPageId rootid 1 tid 105970
216 tid 105970
Insert  tid 105970
FindTargetPageId rootid 1 tid 105968
217 tid 105968
Insert  tid 105968
FindTargetPageId rootid 1 tid 105969
217 tid 105969
Remove  tid 105969
FindTargetPageId rootid 1 tid 105969
216 tid 105969
Remove  tid 105969
FindTargetPageId rootid 1 tid 105970
215 tid 105970
Insert  tid 105970
FindTargetPageId rootid 1 tid 105968
216 tid 105968
Insert  tid 105968
FindTargetPageId rootid 1 tid 105968
216 tid 105968
Insert  tid 105968
FindTargetPageId rootid 1 tid 105968
216 tid 105968
Insert  tid 105968
FindTargetPageId rootid 1 tid 105968
216 tid 105968
Insert  tid 105968
FindTargetPageId rootid 1 tid 105970
216 tid 105970
Insert  tid 105970
FindTargetPageId rootid 1 tid 105969
217 tid 105969
Remove  tid 105969
FindTargetPageId rootid 1 tid 105968
216 tid 105968
Insert  tid 105968
FindTargetPageId rootid 1 tid 105970
216 tid 105970
Insert  tid 105970
FindTargetPageId rootid 1 tid 105969
217 tid 105969
Remove  tid 105969
FindTargetPageId rootid 1 tid 105968
216 tid 105968
Insert  tid 105968
FindTargetPageId rootid 1 tid 105970
216 tid 105970
Insert  tid 105970
FindTargetPageId rootid 1 tid 105969
217 tid 105969
FindTargetPageId rootid 1 tid 105968
216 tid 105968
Remove  tid 105969
FindTargetPageId rootid 1 tid 105969
Insert  tid 105968
216 tid 105969
Remove  tid 105969
FindTargetPageId rootid 1 tid 105968
215 tid 105968
Insert  tid 105968
FindTargetPageId rootid 1 tid 105968
216 tid 105968
Insert  tid 105968
FindTargetPageId rootid 1 tid 105968
217 tid 105968
Insert  tid 105968
FindTargetPageId rootid 1 tid 105968
218 tid 105968
Insert  tid 105968
FindTargetPageId rootid 1 tid 105969
219 tid 105969
Remove  tid 105969
FindTargetPageId rootid 1 tid 105969
218 tid 105969
Remove  tid 105969
FindTargetPageId rootid 1 tid 105969
217 tid 105969
Remove  tid 105969
FindTargetPageId rootid 1 tid 105970
216 tid 105970
Insert  tid 105970
FindTargetPageId rootid 1 tid 105970
216 tid 105970
Insert  tid 105970
FindTargetPageId rootid 1 tid 105970
216 tid 105970
Insert  tid 105970
FindTargetPageId rootid 1 tid 105970
216 tid 105970
Insert  tid 105970
FindTargetPageId rootid 1 tid 105970
216 tid 105970
Insert  tid 105970
FindTargetPageId rootid 1 tid 105970
217 tid 105970
FindTargetPageId rootid 1 tid 105968
218 tid 105968
Insert  tid 105968
Insert FindTargetPageId rootid  tid 1 tid 105968
218 tid 105968
105970
FindTargetPageId rootid 1 tid 105969
218 tid 105969
Insert  tid 105968
Remove  tid 105969
FindTargetPageId rootid 1 tid 105968
217 tid 105968
FindTargetPageId rootid 1 tid 105970
218 tid 105970
Insert  tid 105968
Insert  tid 105970
FindTargetPageId rootid 1 tid 105969
218 tid 105969
Remove  tid 105969
FindTargetPageId rootid 1 tid 105968
217 tid 105968
Insert  tid 105968
FindTargetPageId rootid 1 tid 105970
218 tid 105970
Insert  tid 105970
FindTargetPageId rootid 1 tid 105970
218 tid 105970
Insert  tid 105970
FindTargetPageId rootid 1 tid 105969
219 tid 105969
Remove  tid 105969
FindTargetPageId rootid 1 tid 105968
218 tid 105968
Insert  tid 105968
FindTargetPageId rootid 1 tid 105968
218 tid 105968
Insert  tid 105968
FindTargetPageId rootid 1 tid 105968
219 tid 105968
Insert  tid 105968
FindTargetPageId rootid 1 tid 105969
220 tid 105969
Remove  tid 105969
FindTargetPageId rootid 1 tid 105970
219 tid 105970
Insert  tid 105970
FindTargetPageId rootid 1 tid 105970
219 tid 105970
Insert  tid 105970
FindTargetPageId rootid 1 tid 105968
219 tid 105968
Insert  tid 105968
FindTargetPageId rootid 1 tid 105968
220 tid 105968
Insert  tid 105968
FindTargetPageId rootid 1 tid 105968
221 tid 105968
Insert  tid 105968
FindTargetPageId rootid 1 tid 105969
222 tid 105969
Remove  tid 105969
FindTargetPageId rootid 1 tid 105969
221 tid 105969
Remove  tid 105969
FindTargetPageId rootid 1 tid 105968
220 tid 105968
Insert  tid 105968
FindTargetPageId rootid 1 tid 105968
221 tid 105968
Insert  tid 105968
FindTargetPageId rootid 1 tid 105968
222 tid 105968
Insert  tid 105968
FindTargetPageId rootid 1 tid 105969
223 tid 105969
Remove  tid 105969
FindTargetPageId rootid 1 tid 105969
222 tid 105969
Remove  tid 105969
FindTargetPageId rootid 1 tid 105968
221 tid 105968
Insert  tid 105968
FindTargetPageId rootid 1 tid 105970
222 tid 105970
Insert  tid 105970
FindTargetPageId rootid 1 tid 105970
222 tid 105970
Insert  tid 105970
FindTargetPageId rootid 1 tid 105970
222 tid 105970
Insert  tid 105970
FindTargetPageId rootid 1 tid 105970
222 tid 105970
Insert  tid 105970
FindTargetPageId rootid 1 tid 105970
222 tid 105970
Insert  tid 105970
FindTargetPageId rootid 1 tid 105970
222 tid 105970
Insert  tid 105970
FindTargetPageId rootid 1 tid 105970
222 tid 105970
Insert  tid 105970
FindTargetPageId rootid 1 tid 105970
222 tid 105970
Insert  tid 105970
FindTargetPageId rootid 1 tid 105970
223 tid 105970
Insert  tid 105970
FindTargetPageId rootid 1 tid 105970
224 tid 105970
Insert  tid 105970
FindTargetPageId rootid 1 tid 105970
225 tid 105970
Insert  tid 105970
FindTargetPageId rootid 1 tid 105970
226 tid 105970
Insert  tid 105970
FindTargetPageId rootid 1 tid 105970
227 tid 105970
Insert  tid 105970
FindTargetPageId rootid 1 tid 105970
228 tid 105970
Insert  tid 105970
FindTargetPageId rootid 1 tid 105970
229 tid 105970
Insert  tid 105970
FindTargetPageId rootid 1 tid 105970
230 tid 105970
Insert  tid 105970
FindTargetPageId rootid 1 tid 105970
231 tid 105970
Insert  tid 105970
FindTargetPageId rootid 1 tid 105970
232 tid 105970
Insert  tid 105970
FindTargetPageId rootid 1 tid 105969
233 tid 105969
Remove  tid 105969
FindTargetPageId rootid 1 tid 105969
232 tid 105969
Remove  tid 105969
FindTargetPageId rootid 1 tid 105969
231 tid 105969
Remove  tid 105969
FindTargetPageId rootid 1 tid 105969
230 tid 105969
Remove  tid 105969
FindTargetPageId rootid 1 tid 105969
229 tid 105969
Remove  tid 105969
FindTargetPageId rootid 1 tid 105970
228 tid 105970
Insert  tid 105970
FindTargetPageId rootid 1 tid 105970
229 tid 105970
Insert  tid 105970
FindTargetPageId rootid 1 tid 105970
230 tid 105970
Insert  tid 105970
FindTargetPageId rootid 1 tid 105969
231 tid 105969
Remove  tid 105969
FindTargetPageId rootid 1 tid 105968
230 tid 105968
Insert  tid FindTargetPageId rootid 105968
1 tid 105969
230 tid 105969
Remove  tid 105969
FindTargetPageId rootid 1 tid 105970
229 tid 105970
Insert  tid 105970
FindTargetPageId rootid 1 tid 105968
230 tid 105968
Insert  tid 105968
FindTargetPageId rootid 1 tid 105968
230 tid 105968
Insert  tid 105968
FindTargetPageId rootid 1 tid 105968
230 tid 105968
Insert  tid 105968
FindTargetPageId rootid 1 tid 105968
230 tid 105968
Insert  tid 105968
FindTargetPageId rootid 1 tid 105968
230 tid 105968
Insert  tid 105968
FindTargetPageId rootid 1 tid 105968
230 tid 105968
Insert  tid 105968
FindTargetPageId rootid 1 tid 105968
230 tid 105968
Insert  tid 105968
FindTargetPageId rootid 1 tid 105969
230 tid 105969
Remove  tid 105969
FindTargetPageId rootid 1 tid 105969
229 tid 105969
Remove  tid 105969
FindTargetPageId rootid 1 tid 105969
228 tid 105969
Remove  tid 105969
FindTargetPageId rootid 1 tid 105969
227 tid 105969
Remove  tid 105969
FindTargetPageId rootid 1 tid 105969
226 tid 105969
Remove  tid 105969
FindTargetPageId rootid 1 tid 105970
225 tid 105970
Insert  tid 105970
FindTargetPageId rootid 1 tid 105970
226 tid 105970
Insert  tid 105970
FindTargetPageId rootid 1 tid 105968
227 tid 105968
Insert  tid 105968
FindTargetPageId rootid 1 tid 105968
227 tid 105968
Insert  tid 105968
FindTargetPageId rootid 1 tid 105968
227 tid 105968
Insert  tid 105968
FindTargetPageId rootid 1 tid 105969
227 tid 105969
Remove  tid 105969
FindTargetPageId rootid 1 tid 105969
226 tid 105969
Remove  tid 105969
FindTargetPageId rootid 1 tid 105969
225 tid 105969
Remove  tid 105969
FindTargetPageId rootid 1 tid 105970
224 tid 105970
Insert  tid 105970
FindTargetPageId rootid 1 tid 105968
225 tid 105968
Insert  tid 105968
FindTargetPageId rootid 1 tid 105969
225 tid 105969
Remove  tid 105969
FindTargetPageId rootid 1 tid 105970
224 tid 105970
Insert  tid 105970
FindTargetPageId rootid 1 tid 105968
225 tid 105968
Insert  tid 105968
FindTargetPageId rootid 1 tid 105969
225 tid 105969
Remove  tid 105969
FindTargetPageId rootid 1 tid 105969
224 tid 105969
Remove  tid 105969
FindTargetPageId rootid 1 tid 105969
223 tid 105969
Remove  tid 105969
FindTargetPageId rootid 1 tid 105969
222 tid 105969
Remove  tid 105969
FindTargetPageId rootid 1 tid 105969
221 tid 105969
Remove  tid 105969
FindTargetPageId rootid 1 tid 105969
220 tid 105969
Remove  tid 105969
FindTargetPageId rootid 1 tid 105969
219 tid 105969
Remove  tid 105969
FindTargetPageId rootid 1 tid 105969
218 tid 105969
Remove  tid 105969
FindTargetPageId rootid 1 tid 105969
217 tid 105969
Remove  tid 105969
FindTargetPageId rootid 1 tid 105969
216 tid 105969
Remove  tid 105969
FindTargetPageId rootid 1 tid 105969
215 tid 105969
Remove  tid 105969
FindTargetPageId rootid 1 tid 105969
214 tid 105969
Remove  tid 105969
FindTargetPageId rootid 1 tid 105969
213 tid 105969
Remove  tid 105969
FindTargetPageId rootid 1 tid 105969
212 tid 105969
Remove  tid 105969
FindTargetPageId rootid 1 tid 105969
212 tid 105969
Remove  tid 105969
FindTargetPageId rootid 1 tid 105969
212 tid 105969
Remove  tid 105969
FindTargetPageId rootid 1 tid 105968
212 tid 105968
Insert  tid 105968
FindTargetPageId rootid 1 tid 105970
213 tid 105970
FindTargetPageId rootid 1 tid 105969
214 tid 105969
Remove  tid 105969
FindTargetPageId rootid 1 tid 105968
214 tid 105968
Insert  tid 105968
Insert  tid 105970
FindTargetPageId rootid 1 tid 105968
215 tid 105968
Insert  tid FindTargetPageId rootid 1 tid 105968105969

216 tid 105969
Remove  tid 105969
FindTargetPageId rootid 1 tid 105970
216 tid 105970
Insert  tid 105970
FindTargetPageId rootid 1 tid 105968
217 tid 105968
Insert  tid 105968
FindTargetPageId rootid 1 tid 105969
218 tid 105969
Remove  tid 105969
FindTargetPageId rootid 1 tid 105970
218 tid 105970
Insert  tid 105970
FindTargetPageId rootid 1 tid 105968
219 tid 105968
Insert  tid 105968
FindTargetPageId rootid 1 tid 105969
220 tid 105969
FindTargetPageId rootid 1 tid Remove  tid 105970
220 tid 105970
105969
Insert  tid 105970
FindTargetPageId rootid 1 tid 105969
221 tid 105969
Remove  tid 105969
FindTargetPageId rootid 1 tid 105968
221 tid 105968
Insert  tid 105968
FindTargetPageId rootid 1 tid 105968
222 tid 105968
Insert  tid 105968
FindTargetPageId rootid 1 tid 105968
222 tid 105968
Insert  tid 105968
FindTargetPageId rootid 1 tid 105968
222 tid 105968
Insert  tid 105968
FindTargetPageId rootid 1 tid 105968
222 tid 105968
Insert  tid 105968
FindTargetPageId rootid 1 tid 105968
222 tid 105968
Insert  tid 105968
FindTargetPageId rootid 1 tid 105968
223 tid 105968
Insert  tid 105968
FindTargetPageId rootid 1 tid 105968
224 tid 105968
Insert  tid 105968
FindTargetPageId rootid 1 tid 105968
225 tid 105968
Insert  tid 105968
FindTargetPageId rootid 1 tid 105968
226 tid 105968
Insert  tid 105968
FindTargetPageId rootid 1 tid 105968
227 tid 105968
Insert  tid 105968
FindTargetPageId rootid 1 tid 105970
228 tid 105970
Insert  tid 105970
FindTargetPageId rootid 1 tid 105969
228 tid 105969
Remove  tid 105969
FindTargetPageId rootid 1 tid 105968
227 tid 105968
Insert  tid 105968
FindTargetPageId rootid 1 tid 105968
228 tid 105968
Insert  tid 105968
FindTargetPageId rootid 1 tid 105969
229 tid 105969
Remove  tid 105969
FindTargetPageId rootid 1 tid 105970
228 tid 105970
Insert  tid 105970
FindTargetPageId rootid 1 tid 105968
228 tid 105968
Insert  tid 105968
FindTargetPageId rootid 1 tid 105969
229 tid 105969
Remove  tid 105969
FindTargetPageId rootid 1 tid 105970
228 tid 105970
Insert  tid 105970
FindTargetPageId rootid 1 tid 105970
228 tid 105970
Insert  tid 105970
FindTargetPageId rootid 1 tid 105970
228 tid 105970
Insert  tid 105970
FindTargetPageId rootid 1 tid 105970
229 tid 105970
Insert  tid 105970
FindTargetPageId rootid 1 tid 105969
230 tid 105969
Remove  tid 105969
FindTargetPageId rootid 1 tid 105969
229 tid 105969
Remove  tid 105969
FindTargetPageId rootid 1 tid 105969
228 tid 105969
Remove  tid 105969
FindTargetPageId rootid 1 tid 105969
228 tid 105969
Remove  tid 105969
FindTargetPageId rootid 1 tid 105969
228 tid 105969
Remove  tid 105969
FindTargetPageId rootid 1 tid 105969
228 tid 105969
Remove  tid 105969
FindTargetPageId rootid 1 tid 105968
228 tid 105968
Insert  tid 105968
FindTargetPageId rootid 1 tid 105970
229 tid 105970
Insert  tid 105970
FindTargetPageId rootid 1 tid 105970
230 tid 105970
Insert  tid 105970
FindTargetPageId rootid 1 tid 105970
231 tid 105970
Insert  tid 105970
FindTargetPageId rootid 1 tid 105970
232 tid 105970
Insert  tid 105970
FindTargetPageId rootid 1 tid 105970
232 tid 105970
Insert  tid 105970
FindTargetPageId rootid 1 tid 105970
233 tid 105970
Insert  tid 105970
FindTargetPageId rootid 1 tid 105970
234 tid 105970
Insert  tid 105970
FindTargetPageId rootid 1 tid 105970
235 tid 105970
Insert  tid 105970
FindTargetPageId rootid 1 tid 105970
236 tid 105970
Insert  tid 105970
FindTargetPageId rootid 1 tid 105970
237 tid 105970
Insert  tid 105970
FindTargetPageId rootid 1 tid 105968
238 tid 105968
Insert  tid 105968
FindTargetPageId rootid 1 tid 105969
238 tid 105969
Remove  tid 105969
FindTargetPageId rootid 1 tid 105970
237 tid 105970
FindTargetPageId rootid 1 tid 105968
238 tid 105968
Insert  tid 105970
Insert  tid 105968
FindTargetPageId rootid 1 tid 105969
238 tid 105969
Remove  tid 105969
FindTargetPageId rootid 1 tid 105970
237 tid 105970
Insert  tid 105970
FindTargetPageId rootid 1 tid 105970
238 tid 105970
Insert  tid 105970
FindTargetPageId rootid 1 tid 105970
239 tid 105970
Insert  tid 105970
FindTargetPageId rootid 1 tid 105968
240 tid 105968
Insert  tid 105968
FindTargetPageId rootid 1 tid 105968
240 tid 105968
Insert  tid 105968
FindTargetPageId rootid 1 tid 105968
241 tid 105968
Insert  tid 105968
FindTargetPageId rootid 1 tid 105968
242 tid 105968
Insert  tid 105968
FindTargetPageId rootid 1 tid 105968
242 tid 105968
Insert  tid 105968
FindTargetPageId rootid 1 tid 105968
242 tid 105968
Insert  tid 105968
FindTargetPageId rootid 1 tid 105968
242 tid 105968
Insert  tid 105968
FindTargetPageId rootid 1 tid 105968
242 tid 105968
Insert  tid 105968
FindTargetPageId rootid 1 tid 105968
242 tid 105968
Insert  tid 105968
FindTargetPageId rootid 1 tid 105968
243 tid 105968
Insert  tid 105968
FindTargetPageId rootid 1 tid 105968
244 tid 105968
Insert  tid 105968
FindTargetPageId rootid 1 tid 105968
245 tid 105968
Insert  tid 105968
FindTargetPageId rootid 1 tid 105968
246 tid 105968
Insert  tid 105968
FindTargetPageId rootid 1 tid 105968
247 tid 105968
Insert  tid 105968
FindTargetPageId rootid 1 tid 105968
248 tid 105968
Insert  tid 105968
FindTargetPageId rootid 1 tid 105968
249 tid 105968
Insert  tid 105968
FindTargetPageId rootid 1 tid 105968
250 tid 105968
Insert  tid 105968
FindTargetPageId rootid 1 tid 105968
251 tid 105968
Insert  tid 105968
FindTargetPageId rootid 1 tid 105968
252 tid 105968
Insert  tid 105968
FindTargetPageId rootid 1 tid 105968
253 tid 105968
Insert  tid 105968
FindTargetPageId rootid 1 tid 105968
254 tid 105968
Insert  tid 105968
FindTargetPageId rootid 3 tid 105970
target_page_id id: 1 tid 105970
0 1 tid 105970
365 2 tid 105970
127 tid 105970
Insert  tid 105970
FindTargetPageId rootid 3 tid 105970
target_page_id id: 1 tid 105970
0 1 tid 105970
365 2 tid 105970
127 tid 105970
Insert  tid 105970
FindTargetPageId rootid 3 tid 105970
target_page_id id: 1 tid 105970
0 1 tid 105970
365 2 tid 105970
127 tid 105970
Insert  tid 105970
FindTargetPageId rootid 3 tid 105970
target_page_id id: 1 tid 105970
0 1 tid 105970
365 2 tid 105970
127 tid 105970
Insert  tid 105970
FindTargetPageId rootid 3 tid 105970
target_page_id id: 1 tid 105970
0 1 tid 105970
365 2 tid 105970
127 tid 105970
Insert  tid 105970
FindTargetPageId rootid 3 tid 105968
target_page_id id: 1 tid 105968
0 1 tid 105968
365 2 tid 105968
127 tid 105968
Insert  tid 105968
FindTargetPageId rootid 3 tid 105969
target_page_id id: 1 tid 105969
0 1 tid 105969
365 2 tid 105969
128 tid 105969
Remove  tid 105969
FindTargetPageId rootid 3 tid 105969
target_page_id id: 1 tid 105969
0 1 tid 105969
365 2 tid 105969
127 tid 105969
Remove  tid 105969
FindTargetPageId rootid 1 tid 105968
254 tid 105968
Insert  tid 105968
FindTargetPageId rootid 5 tid 105970
target_page_id id: 1 tid 105970
0 1 tid 105970
365 4 tid 105970
127 tid 105970
Insert  tid 105970
FindTargetPageId rootid 5 tid 105970
target_page_id id: 1 tid 105970
0 1 tid 105970
365 4 tid 105970
127 tid 105970
Insert  tid 105970
FindTargetPageId rootid 5 tid 105968
target_page_id id: 1 tid 105968
0 1 tid 105968
365 4 tid 105968
127 tid 105968
Insert  tid 105968
FindTargetPageId rootid 5 tid 105968
target_page_id id: 1 tid 105968
0 1 tid 105968
365 4 tid 105968
128 tid 105968
Insert  tid 105968
FindTargetPageId rootid 5 tid 105968
target_page_id id: 1 tid 105968
0 1 tid 105968
365 4 tid 105968
129 tid 105968
Insert  tid 105968
FindTargetPageId rootid 5 tid 105968
target_page_id id: 1 tid 105968
0 1 tid 105968
365 4 tid 105968
130 tid 105968
Insert  tid 105968
FindTargetPageId rootid 5 tid 105968
target_page_id id: 1 tid 105968
0 1 tid 105968
365 4 tid 105968
131 tid 105968
Insert  tid 105968
FindTargetPageId rootid 5 tid 105968
target_page_id id: 1 tid 105968
0 1 tid 105968
365 4 tid 105968
132 tid 105968
Insert  tid 105968
FindTargetPageId rootid 5 tid 105968
target_page_id id: 1 tid 105968
0 1 tid 105968
365 4 tid 105968
133 tid 105968
Insert  tid 105968
FindTargetPageId rootid 5 tid 105970
target_page_id id: 1 tid 105970
0 1 tid 105970
365 4 tid 105970
134 tid 105970
Insert  tid 105970
FindTargetPageId rootid 5 tid 105969
target_page_id id: 1 tid 105969
0 1 tid 105969
365 4 tid 105969
134 tid 105969
Remove  tid 105969
FindTargetPageId rootid 5 tid 105968
target_page_id id: 1 tid 105968
0 1 tid 105968
365 4 tid 105968
133 tid 105968
FindTargetPageId rootid 5 tid 105970
target_page_id id: 1 tid 105970
0 1 tid 105970
Insert  tid 365105968 
4 tid 105970
134 tid 105970
FindTargetPageId rootid Insert 5 tid  tid 105969
105970target_page_id id: 1 tid 105969
0 1 tid 105969
365 4 tid 105969
134 tid 105969

Remove  tid 105969
FindTargetPageId rootid 5 tid 105968
target_page_id id: 1 tid 105968
0 1 tid 105968
365 4 tid 105968
133 tid 105968
Insert  tid 105968
FindTargetPageId rootid 5 tid 105968
target_page_id id: 1 tid 105968
0 1 tid 105968
365 4 tid 105968
134 tid 105968
Insert  tid 105968
FindTargetPageId rootid 5 tid 105968
target_page_id id: 1 tid 105968
0 1 tid 105968
365 4 tid 105968
135 tid 105968
Insert  tid 105968
FindTargetPageId rootid 5 tid 105970
target_page_id id: 1 tid 105970
0 1 tid 105970
365 4 tid 105970
136 tid 105970
Insert  tid 105970
FindTargetPageId rootid 5 tid 105969
target_page_id id: 1 tid 105969
0 1 tid 105969
365 4 tid 105969
136 tid 105969
Remove  tid 105969
FindTargetPageId rootid 5 tid 105968
target_page_id id: 1 tid 105968
0 1 tid 105968
365 4 tid 105968
135 tid 105968
Insert  tid 105968
FindTargetPageId rootid 5 tid 105970
target_page_id id: 1 tid 105970
0 1 tid 105970
365 4 tid 105970
136 tid 105970
Insert  tid 105970
FindTargetPageId rootid 5 tid 105969
target_page_id id: 1 tid 105969
0 1 tid 105969
365 4 tid 105969
136 tid 105969
Remove  tid 105969
FindTargetPageId rootid 5 tid 105968
target_page_id id: 1 tid 105968
0 1 tid 105968
365 4 tid 105968
135 tid 105968
Insert  tid 105968
FindTargetPageId rootid 5 tid 105970
target_page_id id: 1 tid 105970
0 1 tid 105970
365 4 tid 105970
136 tid 105970
Insert  tid 105970
FindTargetPageId rootid 5 tid 105969
target_page_id id: 1 tid 105969
0 1 tid 105969
365 4 tid 105969
136 tid 105969
Remove  tid 105969
FindTargetPageId rootid 5 tid 105968
target_page_id id: 1 tid 105968
0 1 tid 105968
365 4 tid 105968
135 tid 105968
Insert  tid 105968
FindTargetPageId rootid 5 tid 105968
target_page_id id: 1 tid 105968
0 1 tid 105968
365 4 tid 105968
136 tid 105968
Insert  tid 105968
FindTargetPageId rootid 5 tid 105968
target_page_id id: 1 tid 105968
0 1 tid 105968
365 4 tid 105968
137 tid 105968
Insert  tid 105968
FindTargetPageId rootid 5 tid 105970
target_page_id id: 1 tid 105970
0 1 tid 105970
365 4 tid 105970
138 tid 105970
Insert  tid 105970
FindTargetPageId rootid 5 tid 105970
target_page_id id: 1 tid 105970
0 1 tid 105970
365 4 tid 105970
138 tid 105970
Insert  tid 105970
FindTargetPageId rootid 5 tid 105970
target_page_id id: 1 tid 105970
0 1 tid 105970
365 4 tid 105970
138 tid 105970
Insert  tid 105970
FindTargetPageId rootid 5 tid 105970
target_page_id id: 1 tid 105970
0 1 tid 105970
365 4 tid 105970
138 tid 105970
Insert  tid 105970
FindTargetPageId rootid 5 tid 105970
target_page_id id: 1 tid 105970
0 1 tid 105970
365 4 tid 105970
138 tid 105970
Insert  tid 105970
FindTargetPageId rootid 5 tid 105969
target_page_id id: 1 tid 105969
0 1 tid 105969
365 4 tid 105969
138 tid 105969
Remove  tid 105969
FindTargetPageId rootid 5 tid 105968
target_page_id id: 1 tid 105968
0 1 tid 105968
365 4 tid 105968
137 tid 105968
Insert  tid 105968
FindTargetPageId rootid 5 tid 105968
target_page_id id: 1 tid 105968
0 1 tid 105968
365 4 tid 105968
138 tid 105968
Insert  tid 105968
FindTargetPageId rootid 5 tid 105970
target_page_id id: 1 tid 105970
0 1 tid 105970
365 4 tid 105970
139 tid 105970
Insert  tid 105970
FindTargetPageId rootid 5 tid 105970
target_page_id id: 1 tid 105970
0 1 tid 105970
365 4 tid 105970
139 tid 105970
Insert  tid 105970
FindTargetPageId rootid 5 tid 105968
target_page_id id: 1 tid 105968
0 1 tid 105968
365 4 tid 105968
139 tid 105968
Insert  tid 105968
FindTargetPageId rootid 5 tid 105968
target_page_id id: 1 tid 105968
0 1 tid 105968
365 4 tid 105968
140 tid 105968
Insert  tid 105968
FindTargetPageId rootid 5 tid 105968
target_page_id id: 1 tid 105968
0 1 tid 105968
365 4 tid 105968
141 tid 105968
Insert  tid 105968
FindTargetPageId rootid 5 tid 105968
target_page_id id: 1 tid 105968
0 1 tid 105968
365 4 tid 105968
142 tid 105968
Insert  tid 105968
FindTargetPageId rootid 5 tid 105968
target_page_id id: 1 tid 105968
0 1 tid 105968
365 4 tid 105968
143 tid 105968
Insert  tid 105968
FindTargetPageId rootid 5 tid 105968
target_page_id id: 1 tid 105968
0 1 tid 105968
365 4 tid 105968
144 tid 105968
Insert  tid 105968
FindTargetPageId rootid 5 tid 105968
target_page_id id: 1 tid 105968
0 1 tid 105968
365 4 tid 105968
145 tid 105968
Insert  tid 105968
FindTargetPageId rootid 5 tid 105968
target_page_id id: 1 tid 105968
0 1 tid 105968
365 4 tid 105968
146 tid 105968
Insert  tid 105968
FindTargetPageId rootid 5 tid 105968
target_page_id id: 1 tid 105968
0 1 tid 105968
365 4 tid 105968
147 tid 105968
Insert  tid 105968
FindTargetPageId rootid 5 tid 105968
target_page_id id: 1 tid 105968
0 1 tid 105968
365 4 tid 105968
148 tid 105968
Insert  tid 105968
FindTargetPageId rootid 5 tid 105968
target_page_id id: 1 tid 105968
0 1 tid 105968
365 4 tid 105968
149 tid 105968
Insert  tid 105968
FindTargetPageId rootid 5 tid 105968
target_page_id id: 1 tid 105968
0 1 tid 105968
365 4 tid 105968
150 tid 105968
Insert  tid 105968
FindTargetPageId rootid 5 tid 105968
target_page_id id: 1 tid 105968
0 1 tid 105968
365 4 tid 105968
151 tid 105968
Insert  tid 105968
FindTargetPageId rootid 5 tid 105970
target_page_id id: 1 tid 105970
0 1 tid 105970
365 4 tid 105970
152 tid 105970
Insert  tid 105970
FindTargetPageId rootid 5 tid 105970
target_page_id id: 1 tid 105970
0 1 tid 105970
365 4 tid 105970
152 tid 105970
Insert  tid 105970
FindTargetPageId rootid 5 tid 105970
target_page_id id: 1 tid 105970
0 1 tid 105970
365 4 tid 105970
152 tid 105970
Insert  tid 105970
FindTargetPageId rootid 5 tid 105970
target_page_id id: 1 tid 105970
0 1 tid 105970
365 4 tid 105970
152 tid 105970
Insert  tid 105970
FindTargetPageId rootid 5 tid 105970
target_page_id id: 1 tid 105970
0 1 tid 105970
365 4 tid 105970
152 tid 105970
Insert  tid 105970
FindTargetPageId rootid 5 tid 105970
target_page_id id: 1 tid 105970
0 1 tid 105970
365 4 tid 105970
152 tid 105970
Insert  tid 105970
FindTargetPageId rootid 5 tid 105970
target_page_id id: 1 tid 105970
0 1 tid 105970
365 4 tid 105970
152 tid 105970
Insert  tid 105970
FindTargetPageId rootid 5 tid 105970
target_page_id id: 1 tid 105970
0 1 tid 105970
365 4 tid 105970
152 tid 105970
Insert  tid 105970
FindTargetPageId rootid 5 tid 105970
target_page_id id: 1 tid 105970
0 1 tid 105970
365 4 tid 105970
152 tid 105970
Insert  tid 105970
FindTargetPageId rootid 5 tid 105970
target_page_id id: 1 tid 105970
0 1 tid 105970
365 4 tid 105970
152 tid 105970
Insert  tid 105970
FindTargetPageId rootid 5 tid 105970
target_page_id id: 1 tid 105970
0 1 tid 105970
365 4 tid 105970
152 tid 105970
Insert  tid 105970
FindTargetPageId rootid 5 tid 105970
target_page_id id: 1 tid 105970
0 1 tid 105970
365 4 tid 105970
152 tid 105970
Insert  tid 105970
FindTargetPageId rootid 5 tid 105970
target_page_id id: 1 tid 105970
0 1 tid 105970
365 4 tid 105970
152 tid 105970
Insert  tid 105970
FindTargetPageId rootid 5 tid 105970
target_page_id id: 1 tid 105970
0 1 tid 105970
365 4 tid 105970
152 tid 105970
Insert  tid 105970
FindTargetPageId rootid 5 tid 105970
target_page_id id: 1 tid 105970
0 1 tid 105970
365 4 tid 105970
152 tid 105970
Insert  tid 105970
FindTargetPageId rootid 5 tid 105968
target_page_id id: 1 tid 105968
0 1 tid 105968
365 4 tid 105968
152 tid 105968
Insert  tid 105968
FindTargetPageId rootid 5 tid 105968
target_page_id id: 1 tid 105968
0 1 tid 105968
365 4 tid 105968
153 tid 105968
Insert  tid 105968
FindTargetPageId rootid 5 tid 105968
target_page_id id: 1 tid 105968
0 1 tid 105968
365 4 tid 105968
154 tid 105968
Insert  tid 105968
FindTargetPageId rootid 5 tid 105969
target_page_id id: 1 tid 105969
0 1 tid 105969
365 4 tid 105969
155 tid 105969
Remove  tid 105969
FindTargetPageId rootid 5 tid 105969
target_page_id id: 1 tid 105969
0 1 tid 105969
365 4 tid 105969
154 tid 105969
Remove  tid 105969
FindTargetPageId rootid 5 tid 105969
target_page_id id: 1 tid 105969
0 1 tid 105969
365 4 tid 105969
153 tid 105969
Remove  tid 105969
FindTargetPageId rootid 5 tid 105969
target_page_id id: 1 tid 105969
0 1 tid 105969
365 4 tid 105969
152 tid 105969
Remove  tid 105969
FindTargetPageId rootid 5 tid 105969
target_page_id id: 1 tid 105969
0 1 tid 105969
365 4 tid 105969
151 tid 105969
Remove  tid 105969
FindTargetPageId rootid 5 tid 105969
target_page_id id: 1 tid 105969
0 1 tid 105969
365 4 tid 105969
150 tid 105969
FindTargetPageId rootid 5 tid 105968
target_page_id id: 1 tid 105968
0 1 tid 105968
365 4 tid 105968
149 tid 105968
Remove  tid 105969
Insert  tid 105968
FindTargetPageId rootid 5 tid 105969
target_page_id id: 1 tid 105969
0 1 tid 105969
365 4 tid 105969
150 tid 105969
Remove  tid 105969
FindTargetPageId rootid 5 tid 105970
target_page_id id: 1 tid 105970
0 1 tid 105970
365 4 tid 105970
149 tid 105970
Insert  tid 105970
FindTargetPageId rootid 5 tid 105970
target_page_id id: 1 tid 105970
0 1 tid 105970
365 4 tid 105970
149 tid 105970
Insert  tid 105970
FindTargetPageId rootid 5 tid 105970
target_page_id id: 1 tid 105970
0 1 tid 105970
365 4 tid 105970
149 tid 105970
Insert  tid 105970
FindTargetPageId rootid 5 tid 105968
target_page_id id: 1 tid 105968
0 1 tid 105968
365 4 tid 105968
149 tid 105968
Insert  tid 105968
FindTargetPageId rootid 5 tid 105968
target_page_id id: 1 tid 105968
0 1 tid 105968
365 4 tid 105968
150 tid 105968
Insert  tid 105968
FindTargetPageId rootid 5 tid 105969
target_page_id id: 1 tid 105969
0 1 tid 105969
365 4 tid 105969
151 tid 105969
Remove  tid 105969
FindTargetPageId rootid 5 tid 105969
target_page_id id: 1 tid 105969
0 1 tid 105969
365 4 tid 105969
150 tid 105969
Remove  tid 105969
FindTargetPageId rootid 5 tid 105969
target_page_id id: 1 tid 105969
0 1 tid 105969
365 4 tid 105969
149 tid 105969
Remove  tid 105969
FindTargetPageId rootid 5 tid 105969
target_page_id id: 1 tid 105969
0 1 tid 105969
365 4 tid 105969
148 tid 105969
Remove  tid 105969
FindTargetPageId rootid 5 tid 105969
target_page_id id: 1 tid 105969
0 1 tid 105969
365 4 tid 105969
147 tid 105969
Remove  tid 105969
FindTargetPageId rootid 5 tid 105969
target_page_id id: 1 tid 105969
0 1 tid 105969
365 4 tid 105969
146 tid 105969
Remove  tid 105969
FindTargetPageId rootid 5 tid 105968
target_page_id id: 1 tid 105968
0 1 tid 105968
365 4 tid 105968
145 tid 105968
Insert  tid 105968
FindTargetPageId rootid 5 tid 105968
target_page_id id: 1 tid 105968
0 1 tid 105968
365 4 tid 105968
146 tid 105968
Insert  tid 105968
FindTargetPageId rootid 5 tid 105968
target_page_id id: 1 tid 105968
0 1 tid 105968
365 4 tid 105968
147 tid 105968
Insert  tid 105968
FindTargetPageId rootid 5 tid 105968
target_page_id id: 1 tid 105968
0 1 tid 105968
365 4 tid 105968
148 tid 105968
Insert  tid 105968
FindTargetPageId rootid 5 tid 105968
target_page_id id: 1 tid 105968
0 1 tid 105968
365 4 tid 105968
149 tid 105968
Insert  tid 105968
FindTargetPageId rootid 5 tid 105968
target_page_id id: 1 tid 105968
0 1 tid 105968
365 4 tid 105968
150 tid 105968
Insert  tid 105968
FindTargetPageId rootid 5 tid 105969
target_page_id id: 1 tid 105969
0 1 tid 105969
365 4 tid 105969
151 tid 105969
Remove  tid 105969
FindTargetPageId rootid 5 tid 105969
target_page_id id: 1 tid 105969
0 1 tid 105969
365 4 tid 105969
150 tid 105969
Remove  tid 105969
FindTargetPageId rootid 5 tid 105968
target_page_id id: 1 tid 105968
0 1 tid 105968
365 4 tid 105968
149 tid 105968
Insert  tid 105968
FindTargetPageId rootid 5 tid 105968
target_page_id id: 1 tid 105968
0 1 tid 105968
365 4 tid 105968
150 tid 105968
Insert  tid 105968
FindTargetPageId rootid 5 tid 105969
target_page_id id: 1 tid 105969
0 1 tid 105969
365 4 tid 105969
151 tid 105969
Remove  tid 105969
FindTargetPageId rootid 5 tid 105970
target_page_id id: 1 tid 105970
0 1 tid 105970
365 4 tid 105970
150 tid 105970
Insert  tid 105970
FindTargetPageId rootid 5 tid 105968
target_page_id id: 1 tid 105968
0 1 tid 105968
365 4 tid 105968
150 tid 105968
Insert  tid 105968
FindTargetPageId rootid 5 tid 105969
target_page_id id: 1 tid 105969
0 1 tid 105969
365 4 tid 105969
151 tid 105969
Remove  tid 105969
FindTargetPageId rootid 5 tid 105970
target_page_id id: 1 tid 105970
0 1 tid 105970
365 4 tid 105970
150 tid 105970
Insert  tid 105970
FindTargetPageId rootid 5 tid 105968
target_page_id id: 1 tid 105968
0 1 tid 105968
365 4 tid 105968
150 tid 105968
Insert  tid 105968
FindTargetPageId rootid 5 tid 105969
target_page_id id: 1 tid 105969
0 1 tid 105969
365 4 tid 105969
151 tid 105969
Remove  tid 105969
FindTargetPageId rootid 5 tid 105970
target_page_id id: 1 tid 105970
0 1 tid 105970
365 4 tid 105970
150 tid 105970
Insert  tid 105970
FindTargetPageId rootid 5 tid 105968
target_page_id id: 1 tid 105968
0 1 tid 105968
365 4 tid 105968
150 tid 105968
Insert  tid 105968
FindTargetPageId rootid 5 tid 105969
target_page_id id: 1 tid 105969
0 1 tid 105969
365 4 tid 105969
151 tid 105969
Remove  tid 105969
FindTargetPageId rootid 5 tid 105970
target_page_id id: 1 tid 105970
0 1 tid 105970
365 4 tid 105970
150 tid 105970
Insert  tid 105970
FindTargetPageId rootid 5 tid 105968
target_page_id id: 1 tid 105968
0 1 tid 105968
365 4 tid 105968
150 tid 105968
Insert  tid 105968
FindTargetPageId rootid 5 tid 105969
target_page_id id: 1 tid 105969
0 1 tid 105969
365 4 tid 105969
151 tid 105969
Remove  tid 105969
FindTargetPageId rootid 5 tid 105970
target_page_id id: 1 tid 105970
0 1 tid 105970
365 4 tid 105970
150 tid 105970
Insert  tid 105970
FindTargetPageId rootid 5 tid 105968
target_page_id id: 1 tid 105968
0 1 tid 105968
365 4 tid 105968
150 tid 105968
Insert  tid 105968
FindTargetPageId rootid 5 tid 105969
target_page_id id: 1 tid 105969
0 1 tid 105969
365 4 tid 105969
151 tid 105969
Remove  tid 105969
FindTargetPageId rootid 5 tid 105969
target_page_id id: 1 tid 105969
0 1 tid 105969
365 4 tid 105969
150 tid 105969
Remove  tid 105969
FindTargetPageId rootid 5 tid 105968
target_page_id id: 1 tid 105968
0 1 tid 105968
365 4 tid 105968
149 tid 105968
Insert  tid 105968
FindTargetPageId rootid 5 tid 105970
target_page_id id: 1 tid 105970
0 1 tid 105970
365 4 tid 105970
150 tid 105970
Insert  tid 105970
FindTargetPageId rootid 5 tid 105969
target_page_id id: 1 tid 105969
0 1 tid 105969
365 4 tid 105969
150 tid 105969
Remove  tid 105969
FindTargetPageId rootid 5 tid 105969
target_page_id id: 1 tid 105969
0 1 tid 105969
365 4 tid 105969
149 tid 105969
Remove  tid 105969
FindTargetPageId rootid 5 tid 105969
target_page_id id: 1 tid 105969
0 1 tid 105969
365 4 tid 105969
148 tid 105969
Remove  tid 105969
FindTargetPageId rootid 5 tid 105968
target_page_id id: 1 tid 105968
0 1 tid 105968
365 4 tid 105968
147 tid 105968
Insert  tid 105968
FindTargetPageId rootid 5 tid 105968
target_page_id id: 1 tid 105968
0 1 tid 105968
365 4 tid 105968
148 tid 105968
Insert  tid 105968
FindTargetPageId rootid 5 tid 105968
target_page_id id: 1 tid 105968
0 1 tid 105968
365 4 tid 105968
149 tid 105968
Insert  tid 105968
FindTargetPageId rootid 5 tid 105968
target_page_id id: 1 tid 105968
0 1 tid 105968
365 4 tid 105968
150 tid 105968
Insert  tid 105968
FindTargetPageId rootid 5 tid 105969
target_page_id id: 1 tid 105969
0 1 tid 105969
365 4 tid 105969
151 tid 105969
Remove  tid 105969
FindTargetPageId rootid 5 tid 105970
target_page_id id: 1 tid 105970
0 1 tid 105970
365 4 tid 105970
150 tid 105970
Insert  tid 105970
FindTargetPageId rootid 5 tid 105970
target_page_id id: 1 tid 105970
0 1 tid 105970
365 4 tid 105970
150 tid 105970
Insert  tid 105970
FindTargetPageId rootid 5 tid 105970
target_page_id id: 1 tid 105970
0 1 tid 105970
365 4 tid 105970
150 tid 105970
Insert  tid 105970
FindTargetPageId rootid 5 tid 105970
target_page_id id: 1 tid 105970
0 1 tid 105970
365 4 tid 105970
150 tid 105970
Insert  tid 105970
FindTargetPageId rootid 5 tid 105970
target_page_id id: 1 tid 105970
0 1 tid 105970
365 4 tid 105970
150 tid 105970
Insert  tid 105970
FindTargetPageId rootid 5 tid 105968
target_page_id id: 1 tid 105968
0 1 tid 105968
365 4 tid 105968
150 tid 105968
Insert  tid 105968
FindTargetPageId rootid 5 tid 105969
target_page_id id: 1 tid 105969
0 1 tid 105969
365 4 tid 105969
151 tid 105969
Remove  tid 105969
FindTargetPageId rootid 5 tid 105969
target_page_id id: 1 tid 105969
0 1 tid 105969
365 4 tid 105969
150 tid 105969
Remove  tid 105969
FindTargetPageId rootid 5 tid 105968
target_page_id id: 1 tid 105968
0 1 tid 105968
365 4 tid 105968
149 tid 105968
FindTargetPageId rootid 5 tid 105970
target_page_id id: 1 tid 105970
0 1 tid 105970
365 4 tid 105970
150 tid 105970
Insert  tid 105970
FindTargetPageId rootid 5 tid 105969
target_page_id id: 1 tid 105969
0 1 tid 105969
365 4 tid 105969
150 tid 105969
Remove  tid 105969
FindTargetPageId rootid 5 tid 105969
target_page_id id: 1 tid 105969
0 1 tid 105969
365 4 tid 105969
Insert 149 tid 105969
 tid 105968
FindTargetPageId rootid 5 tid 105968
target_page_id id: 1 tid 105968
0 1 tid 105968
365 4 tid 105968
Remove 148 tid  tid 105968
105969
Insert  tid 105968
FindTargetPageId rootid 5 tid 105969
target_page_id id: 1 tid 105969
0 1 tid 105969
365 4 tid 105969
149 tid 105969
Remove  tid 105969
FindTargetPageId rootid 5 tid 105969
target_page_id id: 1 tid 105969
0 1 tid 105969
365 4 tid 105969
148 tid 105969
Remove  tid 105969
FindTargetPageId rootid 5 tid 105969
target_page_id id: 1 tid 105969
0 1 tid 105969
365 4 tid 105969
147 tid 105969
Remove  tid 105969
FindTargetPageId rootid 5 tid 105969
target_page_id id: 1 tid 105969
0 1 tid 105969
365 4 tid 105969
146 tid 105969
Remove  tid 105969
FindTargetPageId rootid 5 tid 105969
target_page_id id: 1 tid 105969
0 1 tid 105969
365 4 tid 105969
145 tid 105969
Remove  tid 105969
FindTargetPageId rootid 5 tid 105969
target_page_id id: 1 tid 105969
0 1 tid 105969
365 4 tid 105969
144 tid 105969
Remove  tid 105969
FindTargetPageId rootid 5 tid 105969
target_page_id id: 1 tid 105969
0 1 tid 105969
365 4 tid 105969
143 tid 105969
Remove  tid 105969
FindTargetPageId rootid 5 tid 105969
target_page_id id: 1 tid 105969
0 1 tid 105969
365 4 tid 105969
142 tid 105969
Remove  tid 105969
FindTargetPageId rootid 5 tid 105969
target_page_id id: 1 tid 105969
0 1 tid 105969
365 4 tid 105969
141 tid 105969
Remove  tid 105969
FindTargetPageId rootid 5 tid 105969
target_page_id id: 1 tid 105969
0 1 tid 105969
365 4 tid 105969
140 tid 105969
Remove  tid 105969
FindTargetPageId rootid 5 tid 105970
target_page_id id: 1 tid 105970
0 1 tid 105970
365 4 tid 105970
139 tid 105970
Insert  tid 105970
FindTargetPageId rootid 5 tid 105968
target_page_id id: 1 tid 105968
0 1 tid 105968
365 4 tid 105968
139 tid 105968
Insert  tid 105968
FindTargetPageId rootid 5 tid 105968
target_page_id id: 1 tid 105968
0 1 tid 105968
365 4 tid 105968
140 tid 105968
Insert  tid 105968
FindTargetPageId rootid 5 tid 105969
target_page_id id: 1 tid 105969
0 1 tid 105969
365 4 tid 105969
141 tid 105969
Remove  tid 105969
FindTargetPageId rootid 5 tid 105970
target_page_id id: 1 tid 105970
0 1 tid 105970
365 4 tid 105970
140 tid 105970
Insert  tid 105970
FindTargetPageId rootid 5 tid 105968
target_page_id id: 1 tid 105968
0 1 tid 105968
365 4 tid 105968
140 tid 105968
Insert  tid 105968
FindTargetPageId rootid 5 tid 105969
target_page_id id: 1 tid 105969
0 1 tid 105969
365 4 tid 105969
141 tid 105969
Remove  tid 105969
FindTargetPageId rootid 5 tid 105970
target_page_id id: 1 tid 105970
0 1 tid 105970
365 4 tid 105970
140 tid 105970
Insert  tid 105970
FindTargetPageId rootid 5 tid 105968
target_page_id id: 1 tid 105968
0 1 tid 105968
365 4 tid 105968
140 tid 105968
Insert  tid 105968
FindTargetPageId rootid 5 tid 105969
target_page_id id: 1 tid 105969
0 1 tid 105969
365 4 tid 105969
141 tid 105969
Remove  tid 105969
FindTargetPageId rootid 5 tid 105970
target_page_id id: 1 tid 105970
0 1 tid 105970
365 4 tid 105970
140 tid 105970
Insert  tid 105970
FindTargetPageId rootid 5 tid 105970
target_page_id id: 1 tid 105970
0 1 tid 105970
365 4 tid 105970
140 tid 105970
Insert  tid 105970
FindTargetPageId rootid 5 tid 105969
target_page_id id: 1 tid 105969
0 1 tid 105969
365 4 tid 105969
140 tid 105969
Remove  tid 105969
FindTargetPageId rootid 5 tid 105968
target_page_id id: 1 tid 105968
0 1 tid 105968
365 4 tid 105968
139 tid 105968
FindTargetPageId rootid 5 tid 105970
target_page_id id: 1 tid 105970
0 1 tid 105970
365 4 tid 105970
Insert 140 tid 105970
 tid 105968
Insert  tid 105970
FindTargetPageId rootid 5 tid 105969
target_page_id id: 1 tid 105969
0 1 tid 105969
365 4 tid 105969
140 tid 105969
Remove  tid 105969
FindTargetPageId rootid 5 tid 105968
target_page_id id: 1 tid 105968
0 1 tid 105968
365 4 tid 105968
139 tid 105968
Insert  tid 105968
FindTargetPageId rootid 5 tid 105968
target_page_id id: 1 tid 105968
0 1 tid 105968
365 4 tid 105968
140 tid 105968
Insert  tid 105968
FindTargetPageId rootid 5 tid 105968
target_page_id id: 1 tid 105968
0 1 tid 105968
365 4 tid 105968
141 tid 105968
Insert  tid 105968
FindTargetPageId rootid 5 tid 105968
target_page_id id: 1 tid 105968
0 1 tid 105968
365 4 tid 105968
142 tid 105968
Insert  tid 105968
FindTargetPageId rootid 5 tid 105968
target_page_id id: 1 tid 105968
0 1 tid 105968
365 4 tid 105968
143 tid 105968
Insert  tid 105968
FindTargetPageId rootid 5 tid 105968
target_page_id id: 1 tid 105968
0 1 tid 105968
365 4 tid 105968
144 tid 105968
Insert  tid 105968
FindTargetPageId rootid 5 tid 105970
target_page_id id: 1 tid 105970
0 1 tid 105970
365 4 tid 105970
145 tid 105970
Insert  tid 105970
FindTargetPageId rootid 5 tid 105970
target_page_id id: 1 tid 105970
0 1 tid 105970
365 4 tid 105970
145 tid 105970
Insert  tid 105970
FindTargetPageId rootid 5 tid 105970
target_page_id id: 1 tid 105970
0 1 tid 105970
365 4 tid 105970
145 tid 105970
Insert  tid 105970
FindTargetPageId rootid 5 tid 105970
target_page_id id: 1 tid 105970
0 1 tid 105970
365 4 tid 105970
145 tid 105970
Insert  tid 105970
FindTargetPageId rootid 5 tid 105970
target_page_id id: 1 tid 105970
0 1 tid 105970
365 4 tid 105970
145 tid 105970
Insert  tid 105970
FindTargetPageId rootid 5 tid 105969
target_page_id id: 1 tid 105969
0 1 tid 105969
365 4 tid 105969
145 tid 105969
Remove  tid 105969
FindTargetPageId rootid 5 tid 105969
target_page_id id: 1 tid 105969
0 1 tid 105969
365 4 tid 105969
144 tid 105969
Remove  tid 105969
FindTargetPageId rootid 5 tid 105969
target_page_id id: 1 tid 105969
0 1 tid 105969
365 4 tid 105969
143 tid 105969
Remove  tid 105969
FindTargetPageId rootid 5 tid 105969
target_page_id id: 1 tid 105969
0 1 tid 105969
365 4 tid 105969
142 tid 105969
Remove  tid 105969
FindTargetPageId rootid 5 tid 105969
target_page_id id: 1 tid 105969
0 1 tid 105969
365 4 tid 105969
141 tid 105969
Remove  tid 105969
FindTargetPageId rootid 5 tid 105969
target_page_id id: 1 tid 105969
0 1 tid 105969
365 4 tid 105969
140 tid 105969
Remove  tid 105969
FindTargetPageId rootid 5 tid 105969
target_page_id id: 1 tid 105969
0 1 tid 105969
365 4 tid 105969
139 tid 105969
Remove  tid 105969
FindTargetPageId rootid 5 tid 105969
target_page_id id: 1 tid 105969
0 1 tid 105969
365 4 tid 105969
138 tid 105969
Remove  tid 105969
FindTargetPageId rootid 5 tid 105969
target_page_id id: 1 tid 105969
0 1 tid 105969
365 4 tid 105969
137 tid 105969
Remove  tid 105969
FindTargetPageId rootid 5 tid 105970
target_page_id id: 1 tid 105970
0 1 tid 105970
365 4 tid 105970
136 tid 105970
Insert  tid 105970
FindTargetPageId rootid 5 tid 105970
target_page_id id: 1 tid 105970
0 1 tid 105970
365 4 tid 105970
136 tid 105970
Insert  tid 105970
FindTargetPageId rootid 5 tid 105970
target_page_id id: 1 tid 105970
0 1 tid 105970
365 4 tid 105970
136 tid 105970
Insert  tid 105970
FindTargetPageId rootid 5 tid 105968
target_page_id id: 1 tid 105968
0 1 tid 105968
365 4 tid 105968
136 tid 105968
Insert  tid 105968
FindTargetPageId rootid 5 tid 105968
target_page_id id: 1 tid 105968
0 1 tid 105968
365 4 tid 105968
137 tid 105968
Insert  tid 105968
FindTargetPageId rootid 5 tid 105970
target_page_id id: 1 tid 105970
0 1 tid 105970
365 4 tid 105970
138 tid 105970
Insert  tid 105970
FindTargetPageId rootid 5 tid 105970
target_page_id id: 1 tid 105970
0 1 tid 105970
365 4 tid 105970
138 tid 105970
Insert  tid 105970
FindTargetPageId rootid 5 tid 105970
target_page_id id: 1 tid 105970
0 1 tid 105970
365 4 tid 105970
138 tid 105970
Insert  tid 105970
FindTargetPageId rootid 5 tid 105970
target_page_id id: 1 tid 105970
0 1 tid 105970
365 4 tid 105970
138 tid 105970
Insert  tid 105970
FindTargetPageId rootid 5 tid 105970
target_page_id id: 1 tid 105970
0 1 tid 105970
365 4 tid 105970
138 tid 105970
Insert  tid 105970
FindTargetPageId rootid 5 tid 105970
target_page_id id: 1 tid 105970
0 1 tid 105970
365 4 tid 105970
138 tid 105970
Insert  tid 105970
FindTargetPageId rootid 5 tid 105970
target_page_id id: 1 tid 105970
0 1 tid 105970
365 4 tid 105970
138 tid 105970
Insert  tid 105970
FindTargetPageId rootid 5 tid 105968
target_page_id id: 1 tid 105968
0 1 tid 105968
365 4 tid 105968
138 tid 105968
Insert  tid 105968
FindTargetPageId rootid 5 tid 105969
target_page_id id: 1 tid 105969
0 1 tid 105969
365 4 tid 105969
139 tid 105969
Remove  tid 105969
FindTargetPageId rootid 5 tid 105970
target_page_id id: 1 tid 105970
0 1 tid 105970
365 4 tid 105970
138 tid 105970
Insert  tid 105970
FindTargetPageId rootid 5 tid 105970
target_page_id id: 1 tid 105970
0 1 tid 105970
365 4 tid 105970
138 tid 105970
Insert  tid 105970
FindTargetPageId rootid 5 tid 105970
target_page_id id: 1 tid 105970
0 1 tid 105970
365 4 tid 105970
138 tid 105970
Insert  tid 105970
FindTargetPageId rootid 5 tid 105968
target_page_id id: 1 tid 105968
0 1 tid 105968
365 4 tid 105968
138 tid 105968
Insert  tid 105968
FindTargetPageId rootid 5 tid 105969
target_page_id id: 1 tid 105969
0 1 tid 105969
365 4 tid 105969
139 tid 105969
Remove  tid 105969
FindTargetPageId rootid 5 tid 105969
target_page_id id: 1 tid 105969
0 1 tid 105969
365 4 tid 105969
138 tid 105969
Remove  tid 105969
FindTargetPageId rootid 5 tid 105969
target_page_id id: 1 tid 105969
0 1 tid 105969
365 4 tid 105969
137 tid 105969
Remove  tid 105969
FindTargetPageId rootid 5 tid 105969
target_page_id id: 1 tid 105969
0 1 tid 105969
365 4 tid 105969
136 tid 105969
Remove  tid 105969
FindTargetPageId rootid 5 tid 105969
target_page_id id: 1 tid 105969
0 1 tid 105969
365 4 tid 105969
135 tid 105969
Remove  tid 105969
FindTargetPageId rootid 5 tid 105970
target_page_id id: 1 tid 105970
0 1 tid 105970
365 4 tid 105970
134 tid 105970
Insert  tid 105970
FindTargetPageId rootid 5 tid 105968
target_page_id id: 1 tid 105968
0 1 tid 105968
365 4 tid 105968
134 tid 105968
Insert  tid 105968
FindTargetPageId rootid 5 tid 105969
target_page_id id: 1 tid 105969
0 1 tid 105969
365 4 tid 105969
135 tid 105969
Remove  tid 105969
FindTargetPageId rootid 5 tid 105970
target_page_id id: 1 tid 105970
0 1 tid 105970
365 4 tid 105970
134 tid 105970
Insert  tid 105970
FindTargetPageId rootid 5 tid 105968
target_page_id id: 1 tid 105968
0 1 tid 105968
365 4 tid 105968
134 tid 105968
Insert  tid 105968
FindTargetPageId rootid 5 tid 105969
target_page_id id: 1 tid 105969
0 1 tid 105969
365 4 tid 105969
135 tid 105969
Remove  tid 105969
FindTargetPageId rootid 5 tid 105970
target_page_id id: 1 tid 105970
0 1 tid 105970
365 4 tid 105970
134 tid 105970
Insert  tid 105970
FindTargetPageId rootid 5 tid 105970
target_page_id id: 1 tid 105970
0 1 tid 105970
365 4 tid 105970
134 tid 105970
Insert  tid 105970
FindTargetPageId rootid 5 tid 105969
target_page_id id: 1 tid 105969
0 1 tid 105969
365 4 tid 105969
134 tid 105969
Remove  tid 105969
FindTargetPageId rootid 5 tid 105969
target_page_id id: 1 tid 105969
0 1 tid 105969
365 4 tid 105969
133 tid 105969
Remove  tid 105969
FindTargetPageId rootid 5 tid 105970
target_page_id id: 1 tid 105970
0 1 tid 105970
365 4 tid 105970
132 tid 105970
Insert  tid 105970
FindTargetPageId rootid 5 tid 105970
target_page_id id: 1 tid 105970
0 1 tid 105970
365 4 tid 105970
132 tid 105970
Insert  tid 105970
FindTargetPageId rootid 5 tid 105970
target_page_id id: 1 tid 105970
0 1 tid 105970
365 4 tid 105970
132 tid 105970
Insert  tid 105970
FindTargetPageId rootid 5 tid 105970
target_page_id id: 1 tid 105970
0 1 tid 105970
365 4 tid 105970
132 tid 105970
Insert  tid 105970
FindTargetPageId rootid 5 tid 105969
target_page_id id: 1 tid 105969
0 1 tid 105969
365 4 tid 105969
132 tid 105969
Remove  tid 105969
FindTargetPageId rootid 5 tid 105969
target_page_id id: 1 tid 105969
0 1 tid 105969
365 4 tid 105969
131 tid 105969
Remove  tid 105969
FindTargetPageId rootid 5 tid 105970
target_page_id id: 1 tid 105970
0 1 tid 105970
365 4 tid 105970
130 tid 105970
Insert  tid 105970
FindTargetPageId rootid 5 tid 105970
target_page_id id: 1 tid 105970
0 1 tid 105970
365 4 tid 105970
130 tid 105970
Insert  tid 105970
FindTargetPageId rootid 5 tid 105970
target_page_id id: 1 tid 105970
0 1 tid 105970
365 4 tid 105970
130 tid 105970
Insert  tid 105970
FindTargetPageId rootid 5 tid 105970
target_page_id id: 1 tid 105970
0 1 tid 105970
365 4 tid 105970
130 tid 105970
Insert  tid 105970
FindTargetPageId rootid 5 tid 105969
target_page_id id: 1 tid 105969
0 1 tid 105969
365 4 tid 105969
130 tid 105969
Remove  tid 105969
FindTargetPageId rootid 5 tid 105969
target_page_id id: 1 tid 105969
0 1 tid 105969
365 4 tid 105969
129 tid 105969
Remove  tid 105969
FindTargetPageId rootid 5 tid 105969
target_page_id id: 1 tid 105969
0 1 tid 105969
365 4 tid 105969
128 tid 105969
Remove  tid 105969
FindTargetPageId rootid 5 tid 105969
target_page_id id: 1 tid 105969
0 1 tid 105969
365 4 tid 105969
127 tid 105969
Remove  tid 105969
FindTargetPageId rootid 1 tid 105969
254 tid 105969
Remove  tid 105969
FindTargetPageId rootid 1 tid 105970
253 tid 105970
Insert  tid 105970
FindTargetPageId rootid 1 tid 105970
253 tid 105970
Insert  tid 105970
FindTargetPageId rootid 1 tid 105970
253 tid 105970
Insert  tid 105970
FindTargetPageId rootid 1 tid 105969
253 tid 105969
Remove  tid 105969
FindTargetPageId rootid 1 tid 105969
252 tid 105969
Remove  tid 105969
FindTargetPageId rootid 1 tid 105969
251 tid 105969
Remove  tid 105969
FindTargetPageId rootid 1 tid 105969
250 tid 105969
Remove  tid 105969
FindTargetPageId rootid 1 tid 105969
249 tid 105969
Remove  tid 105969
FindTargetPageId rootid 1 tid 105969
248 tid 105969
Remove  tid 105969
FindTargetPageId rootid 1 tid 105970
247 tid 105970
Insert  tid 105970
FindTargetPageId rootid 1 tid 105968
247 tid 105968
Insert  tid 105968
FindTargetPageId rootid 1 tid 105968
248 tid 105968
Insert  tid 105968
FindTargetPageId rootid 1 tid 105969
249 tid 105969
Remove  tid 105969
FindTargetPageId rootid 1 tid 105970
248 tid 105970
Insert  tid 105970
FindTargetPageId rootid 1 tid 105970
248 tid 105970
Insert  tid 105970
FindTargetPageId rootid 1 tid 105968
248 tid 105968
Insert  tid 105968
FindTargetPageId rootid 1 tid 105968
249 tid 105968
Insert  tid 105968
FindTargetPageId rootid 1 tid 105968
250 tid 105968
Insert  tid 105968
FindTargetPageId rootid 1 tid 105968
251 tid 105968
Insert  tid 105968
FindTargetPageId rootid 1 tid 105968
252 tid 105968
Insert  tid 105968
FindTargetPageId rootid 1 tid 105968
253 tid 105968
Insert  tid 105968
FindTargetPageId rootid 1 tid 105969
254 tid 105969
Remove  tid 105969
FindTargetPageId rootid 1 tid 105969
253 tid 105969
Remove  tid 105969
FindTargetPageId rootid 1 tid 105969
252 tid 105969
Remove  tid 105969
FindTargetPageId rootid 1 tid 105969
251 tid 105969
FindTargetPageId rootid 1 tid 105968
250 tid 105968
Remove  tid 105969
Insert  tid 105968
FindTargetPageId rootid 1 tid 105969
251 tid 105969
FindTargetPageId rootid 1 tid 105968
250 tid 105968
Remove  tid 105969
Insert  tid 105968
FindTargetPageId rootid 1 tid 105969
251 tid 105969
Remove  tid 105969
FindTargetPageId rootid 1 tid 105968
250 tid 105968
Insert  tid 105968
FindTargetPageId rootid 1 tid 105969
251 tid 105969
Remove  tid 105969
FindTargetPageId rootid 1 tid 105968
250 tid 105968
Insert  tid 105968
FindTargetPageId rootid 1 tid 105970
251 tid 105970
Insert  tid 105970
FindTargetPageId rootid 1 tid 105969
251 tid 105969
Remove  tid 105969
FindTargetPageId rootid 1 tid 105968
250 tid 105968
Insert  tid 105968
FindTargetPageId rootid 1 tid 105968
251 tid 105968
Insert  tid 105968
FindTargetPageId rootid 1 tid 105968
252 tid 105968
Insert  tid 105968
FindTargetPageId rootid 1 tid 105968
253 tid 105968
Insert  tid 105968
FindTargetPageId rootid 1 tid 105968
254 tid 105968
Insert  tid 105968
FindTargetPageId rootid 7 tid 105969
target_page_id id: 1 tid 105969
0 1 tid 105969
365 6 tid 105969
127 tid 105969
Remove  tid 105969
FindTargetPageId rootid 1 tid 105970
254 tid 105970
Insert  tid 105970
FindTargetPageId rootid 1 tid 105968
254 tid 105968
Insert  tid 105968
FindTargetPageId rootid 9 tid 105969
target_page_id id: 1 tid 105969
0 1 tid 105969
365 8 tid 105969
127 tid 105969
Remove  tid 105969
FindTargetPageId rootid 1 tid 105970
254 tid 105970
Insert  tid 105970
FindTargetPageId rootid 1 tid 105968
254 tid 105968
Insert  tid 105968
FindTargetPageId rootid 11 tid 105969
target_page_id id: 1 tid 105969
0 1 tid 105969
365 10 tid 105969
127 tid 105969
Remove  tid 105969
FindTargetPageId rootid 1 tid 105970
254 tid 105970
Insert  tid 105970
FindTargetPageId rootid 1 tid 105968
254 tid 105968
Insert  tid 105968
FindTargetPageId rootid 13 tid 105968
target_page_id id: 1 tid 105968
0 1 tid 105968
365 12 tid 105968
127 tid 105968
Insert  tid 105968
FindTargetPageId rootid 13 tid 105968
target_page_id id: 1 tid 105968
0 1 tid 105968
365 12 tid 105968
128 tid 105968
Insert  tid 105968
FindTargetPageId rootid 13 tid 105968
target_page_id id: 1 tid 105968
0 1 tid 105968
365 12 tid 105968
129 tid 105968
Insert  tid 105968
FindTargetPageId rootid 13 tid 105969
target_page_id id: 1 tid 105969
0 1 tid 105969
365 12 tid 105969
130 tid 105969
Remove  tid 105969
FindTargetPageId rootid 13 tid 105969
target_page_id id: 1 tid 105969
0 1 tid 105969
365 12 tid 105969
129 tid 105969
Remove  tid 105969
FindTargetPageId rootid 13 tid 105968
target_page_id id: 1 tid 105968
0 1 tid 105968
365 12 tid 105968
128 tid 105968
Insert  tid 105968
FindTargetPageId rootid 13 tid 105970
target_page_id id: 1 tid 105970
0 1 tid 105970
365 12 tid 105970
129 tid 105970
Insert  tid 105970
FindTargetPageId rootid 13 tid 105969
target_page_id id: 1 tid 105969
0 1 tid 105969
365 12 tid 105969
129 tid 105969
Remove  tid 105969
FindTargetPageId rootid 13 tid 105968
target_page_id id: 1 tid 105968
0 1 tid 105968
365 12 tid 105968
128 tid 105968
Insert  tid 105968
FindTargetPageId rootid 13 tid 105970
target_page_id id: 1 tid 105970
0 1 tid 105970
365 12 tid 105970
129 tid 105970
Insert  tid 105970
FindTargetPageId rootid 13 tid 105970
target_page_id id: 1 tid 105970
0 1 tid 105970
365 12 tid 105970
129 tid 105970
Insert  tid 105970
FindTargetPageId rootid 13 tid 105970
target_page_id id: 1 tid 105970
0 1 tid 105970
365 12 tid 105970
129 tid 105970
Insert  tid 105970
FindTargetPageId rootid 13 tid 105969
target_page_id id: 1 tid 105969
0 1 tid 105969
365 12 tid 105969
129 tid 105969
Remove  tid 105969
FindTargetPageId rootid 13 tid 105968
target_page_id id: 1 tid 105968
0 1 tid 105968
365 12 tid 105968
128 tid 105968
Insert  tid 105968
FindTargetPageId rootid 13 tid 105970
target_page_id id: 1 tid 105970
0 1 tid 105970
365 12 tid 105970
129 tid 105970
Insert  tid 105970
FindTargetPageId rootid 13 tid 105969
target_page_id id: 1 tid 105969
0 1 tid 105969
365 12 tid 105969
129 tid 105969
Remove  tid 105969
FindTargetPageId rootid 13 tid 105968
target_page_id id: 1 tid 105968
0 1 tid 105968
365 12 tid 105968
128 tid 105968
Insert  tid 105968
FindTargetPageId rootid 13 tid 105970
target_page_id id: 1 tid 105970
0 1 tid 105970
365 12 tid 105970
129 tid 105970
Insert  tid 105970
FindTargetPageId rootid 13 tid 105969
target_page_id id: 1 tid 105969
0 1 tid 105969
365 12 tid 105969
129 tid 105969
Remove  tid 105969
FindTargetPageId rootid 13 tid 105968
target_page_id id: 1 tid 105968
0 1 tid 105968
365 12 tid 105968
128 tid 105968
Insert  tid 105968
FindTargetPageId rootid 13 tid 105968
target_page_id id: 1 tid 105968
0 1 tid 105968
365 12 tid 105968
129 tid 105968
Insert  tid 105968
FindTargetPageId rootid 13 tid 105968
target_page_id id: 1 tid 105968
0 1 tid 105968
365 12 tid 105968
130 tid 105968
Insert  tid 105968
FindTargetPageId rootid 13 tid 105968
target_page_id id: 1 tid 105968
0 1 tid 105968
365 12 tid 105968
131 tid 105968
Insert  tid 105968
FindTargetPageId rootid 13 tid 105968
target_page_id id: 1 tid 105968
0 1 tid 105968
365 12 tid 105968
132 tid 105968
Insert  tid 105968
FindTargetPageId rootid 13 tid 105968
target_page_id id: 1 tid 105968
0 1 tid 105968
365 12 tid 105968
133 tid 105968
Insert  tid 105968
FindTargetPageId rootid 13 tid 105968
target_page_id id: 1 tid 105968
0 1 tid 105968
365 12 tid 105968
134 tid 105968
Insert  tid 105968
FindTargetPageId rootid 13 tid 105968
target_page_id id: 1 tid 105968
0 1 tid 105968
365 12 tid 105968
135 tid 105968
Insert  tid 105968
FindTargetPageId rootid 13 tid 105969
target_page_id id: 1 tid 105969
0 1 tid 105969
365 12 tid 105969
136 tid 105969
Remove  tid 105969
FindTargetPageId rootid 13 tid 105969
target_page_id id: 1 tid 105969
0 1 tid 105969
365 12 tid 105969
135 tid 105969
Remove  tid 105969
FindTargetPageId rootid 13 tid 105969
target_page_id id: 1 tid 105969
0 1 tid 105969
365 12 tid 105969
134 tid 105969
Remove  tid 105969
FindTargetPageId rootid 13 tid 105969
target_page_id id: 1 tid 105969
0 1 tid 105969
365 12 tid 105969
133 tid 105969
Remove  tid 105969
FindTargetPageId rootid 13 tid 105969
target_page_id id: 1 tid 105969
0 1 tid 105969
365 12 tid 105969
132 tid 105969
Remove  tid 105969
FindTargetPageId rootid 13 tid 105969
target_page_id id: 1 tid 105969
0 1 tid 105969
365 12 tid 105969
131 tid 105969
Remove  tid 105969
FindTargetPageId rootid 13 tid 105969
target_page_id id: 1 tid 105969
0 1 tid 105969
365 12 tid 105969
130 tid 105969
Remove  tid 105969
FindTargetPageId rootid 13 tid 105969
target_page_id id: 1 tid 105969
0 1 tid 105969
365 12 tid 105969
129 tid 105969
Remove  tid 105969
FindTargetPageId rootid 13 tid 105969
target_page_id id: 1 tid 105969
0 1 tid 105969
365 12 tid 105969
128 tid 105969
Remove  tid 105969
FindTargetPageId rootid 13 tid 105969
target_page_id id: 1 tid 105969
0 1 tid 105969
365 12 tid 105969
127 tid 105969
Remove  tid 105969
FindTargetPageId rootid 1 tid 105970
254 tid 105970
Insert  tid 105970
FindTargetPageId rootid 15 tid 105968
target_page_id id: 1 tid 105968
0 1 tid 105968
365 14 tid 105968
127 tid 105968
Insert  tid 105968
FindTargetPageId rootid 15 tid 105969
target_page_id id: 1 tid 105969
0 1 tid 105969
365 14 tid 105969
128 tid 105969
Remove  tid 105969
FindTargetPageId rootid 15 tid 105969
target_page_id id: 1 tid 105969
0 1 tid 105969
365 14 tid 105969
127 tid 105969
Remove  tid 105969
FindTargetPageId rootid 1 tid 105969
254 tid 105969
Remove  tid 105969
FindTargetPageId rootid 1 tid 105968
253 tid 105968
Insert  tid 105968
FindTargetPageId rootid 1 tid 105968
254 tid 105968
Insert  tid 105968
FindTargetPageId rootid 17 tid 105969
target_page_id id: 1 tid 105969
0 1 tid 105969
365 16 tid 105969
127 tid 105969
Remove  tid 105969
FindTargetPageId rootid 1 tid 105970
254 tid 105970
Insert  tid 105970
FindTargetPageId rootid 19 tid 105968
target_page_id id: 1 tid 105968
0 1 tid 105968
365 18 tid 105968
127 tid 105968
Insert  tid 105968
FindTargetPageId rootid 19 tid 105969
target_page_id id: 1 tid 105969
0 1 tid 105969
365 18 tid 105969
128 tid 105969
Remove  tid 105969
FindTargetPageId rootid 19 tid 105969
target_page_id id: 1 tid 105969
0 1 tid 105969
365 18 tid 105969
127 tid 105969
Remove  tid 105969
FindTargetPageId rootid 1 tid 105969
254 tid 105969
Remove  tid 105969
FindTargetPageId rootid 1 tid 105969
253 tid 105969
Remove  tid 105969
FindTargetPageId rootid 1 tid 105969
252 tid 105969
Remove  tid 105969
FindTargetPageId rootid 1 tid 105969
251 tid 105969
Remove  tid 105969
FindTargetPageId rootid 1 tid 105969
250 tid 105969
Remove  tid 105969
FindTargetPageId rootid 1 tid 105969
249 tid 105969
Remove  tid 105969
FindTargetPageId rootid 1 tid 105969
248 tid 105969
Remove  tid 105969
FindTargetPageId rootid 1 tid 105969
247 tid 105969
Remove  tid 105969
FindTargetPageId rootid 1 tid 105969
246 tid 105969
Remove  tid 105969
FindTargetPageId rootid 1 tid 105969
245 tid 105969
Remove  tid 105969
FindTargetPageId rootid 1 tid 105968
244 tid 105968
Insert  tid 105968
FindTargetPageId rootid 1 tid 105968
245 tid 105968
Insert  tid 105968
FindTargetPageId rootid 1 tid 105970
246 tid 105970
Insert  tid 105970
FindTargetPageId rootid 1 tid 105970
247 tid 105970
Insert  tid 105970
FindTargetPageId rootid 1 tid 105968
248 tid 105968
Insert  tid 105968
FindTargetPageId rootid 1 tid 105968
249 tid 105968
Insert  tid 105968
FindTargetPageId rootid 1 tid 105968
250 tid 105968
Insert  tid 105968
FindTargetPageId rootid 1 tid 105968
251 tid 105968
Insert  tid 105968
FindTargetPageId rootid 1 tid 105968
252 tid 105968
Insert  tid 105968
FindTargetPageId rootid 1 tid 105968
253 tid 105968
Insert  tid 105968
FindTargetPageId rootid 1 tid 105968
254 tid 105968
Insert  tid 105968
FindTargetPageId rootid 21 tid 105968
target_page_id id: 1 tid 105968
0 1 tid 105968
365 20 tid 105968
127 tid 105968
Insert  tid 105968
FindTargetPageId rootid 21 tid 105968
target_page_id id: 1 tid 105968
0 1 tid 105968
365 20 tid 105968
128 tid 105968
Insert  tid 105968
FindTargetPageId rootid 21 tid 105968
target_page_id id: 1 tid 105968
0 1 tid 105968
365 20 tid 105968
129 tid 105968
Insert  tid 105968
FindTargetPageId rootid 21 tid 105968
target_page_id id: 1 tid 105968
0 1 tid 105968
365 20 tid 105968
130 tid 105968
Insert  tid 105968
FindTargetPageId rootid 21 tid 105969
target_page_id id: 1 tid 105969
0 1 tid 105969
365 20 tid 105969
131 tid 105969
Remove  tid 105969
FindTargetPageId rootid 21 tid 105969
target_page_id id: 1 tid 105969
0 1 tid 105969
365 20 tid 105969
130 tid 105969
Remove  tid 105969
FindTargetPageId rootid 21 tid 105969
target_page_id id: 1 tid 105969
0 1 tid 105969
365 20 tid 105969
129 tid 105969
Remove  tid 105969
FindTargetPageId rootid 21 tid 105969
target_page_id id: 1 tid 105969
0 1 tid 105969
365 20 tid 105969
128 tid 105969
Remove  tid 105969
FindTargetPageId rootid 21 tid 105969
target_page_id id: 1 tid 105969
0 1 tid 105969
365 20 tid 105969
127 tid 105969
Remove  tid 105969
FindTargetPageId rootid 1 tid 105968
254 tid 105968
Insert  tid 105968
FindTargetPageId rootid 23 tid 105970
target_page_id id: 1 tid 105970
0 1 tid 105970
365 22 tid 105970
127 tid 105970
Insert  tid 105970
FindTargetPageId rootid 23 tid 105970
target_page_id id: 1 tid 105970
0 1 tid 105970
365 22 tid 105970
128 tid 105970
Insert  tid 105970
FindTargetPageId rootid 23 tid 105970
target_page_id id: 1 tid 105970
0 1 tid 105970
365 22 tid 105970
129 tid 105970
Insert  tid 105970
FindTargetPageId rootid 23 tid 105970
target_page_id id: 1 tid 105970
0 1 tid 105970
365 22 tid 105970
130 tid 105970
Insert  tid 105970
FindTargetPageId rootid 23 tid 105970
target_page_id id: 1 tid 105970
0 1 tid 105970
365 22 tid 105970
131 tid 105970
Insert  tid 105970
FindTargetPageId rootid 23 tid 105970
target_page_id id: 1 tid 105970
0 1 tid 105970
365 22 tid 105970
132 tid 105970
Insert  tid 105970
FindTargetPageId rootid 23 tid 105970
target_page_id id: 1 tid 105970
0 1 tid 105970
365 22 tid 105970
133 tid 105970
Insert  tid 105970
FindTargetPageId rootid 23 tid 105970
target_page_id id: 1 tid 105970
0 1 tid 105970
365 22 tid 105970
134 tid 105970
Insert  tid 105970
FindTargetPageId rootid 23 tid 105969
target_page_id id: 1 tid 105969
0 1 tid 105969
365 22 tid 105969
135 tid 105969
Remove  tid 105969
FindTargetPageId rootid 23 tid 105968
target_page_id id: 1 tid 105968
0 1 tid 105968
365 22 tid 105968
134 tid 105968
Insert  tid 105968
FindTargetPageId rootid 23 tid 105968
target_page_id id: 1 tid 105968
0 1 tid 105968
365 22 tid 105968
135 tid 105968
Insert  tid 105968
FindTargetPageId rootid 23 tid 105970
target_page_id id: 1 tid 105970
0 1 tid 105970
365 22 tid 105970
136 tid 105970
Insert  tid 105970
FindTargetPageId rootid 23 tid 105970
target_page_id id: 1 tid 105970
0 1 tid 105970
365 22 tid 105970
137 tid 105970
Insert  tid 105970
FindTargetPageId rootid 23 tid 105968
target_page_id id: 1 tid 105968
0 1 tid 105968
365 22 tid 105968
138 tid 105968
Insert  tid 105968
FindTargetPageId rootid 23 tid 105969
target_page_id id: 1 tid 105969
0 1 tid 105969
365 22 tid 105969
139 tid 105969
Remove  tid 105969
FindTargetPageId rootid 23 tid 105970
target_page_id id: 1 tid 105970
0 1 tid 105970
365 22 tid 105970
138 tid 105970
Insert  tid 105970
FindTargetPageId rootid 23 tid 105968
target_page_id id: 1 tid 105968
0 1 tid 105968
365 22 tid 105968
139 tid 105968
Insert  tid 105968
FindTargetPageId rootid 23 tid 105969
target_page_id id: 1 tid 105969
0 1 tid 105969
365 22 tid 105969
140 tid 105969
Remove  tid 105969
FindTargetPageId rootid 23 tid 105970
target_page_id id: 1 tid 105970
0 1 tid 105970
365 22 tid 105970
139 tid 105970
Insert  tid 105970
FindTargetPageId rootid 23 tid 105968
target_page_id id: 1 tid 105968
0 1 tid 105968
365 22 tid 105968
140 tid 105968
Insert  tid 105968
FindTargetPageId rootid 23 tid 105968
target_page_id id: 1 tid 105968
0 1 tid 105968
365 22 tid 105968
141 tid 105968
Insert  tid 105968
FindTargetPageId rootid 23 tid 105970
target_page_id id: 1 tid 105970
0 1 tid 105970
365 22 tid 105970
142 tid 105970
Insert  tid 105970
FindTargetPageId rootid 23 tid 105969
target_page_id id: 1 tid 105969
0 1 tid 105969
365 22 tid 105969
143 tid 105969
Remove  tid 105969
FindTargetPageId rootid 23 tid 105968
target_page_id id: 1 tid 105968
0 1 tid 105968
365 22 tid 105968
142 tid 105968
Insert  tid 105968
FindTargetPageId rootid 23 tid 105970
target_page_id id: 1 tid 105970
0 1 tid 105970
365 22 tid 105970
143 tid 105970
Insert  tid 105970
FindTargetPageId rootid 23 tid 105969
target_page_id id: 1 tid 105969
0 1 tid 105969
365 22 tid 105969
144 tid 105969
Remove  tid 105969
FindTargetPageId rootid 23 tid 105968
target_page_id id: 1 tid 105968
0 1 tid 105968
365 22 tid 105968
143 tid 105968
Insert  tid 105968
FindTargetPageId rootid 23 tid 105968
target_page_id id: 1 tid 105968
0 1 tid 105968
365 22 tid 105968
144 tid 105968
Insert  tid 105968
FindTargetPageId rootid 23 tid 105968
target_page_id id: 1 tid 105968
0 1 tid 105968
365 22 tid 105968
145 tid 105968
Insert  tid 105968
FindTargetPageId rootid 23 tid 105969
target_page_id id: 1 tid 105969
0 1 tid 105969
365 22 tid 105969
146 tid 105969
Remove  tid 105969
FindTargetPageId rootid 23 tid 105969
target_page_id id: 1 tid 105969
0 1 tid 105969
365 22 tid 105969
145 tid 105969
Remove  tid 105969
FindTargetPageId rootid 23 tid 105968
target_page_id id: 1 tid 105968
0 1 tid 105968
365 22 tid 105968
144 tid 105968
Insert  tid 105968
FindTargetPageId rootid 23 tid 105968
target_page_id id: 1 tid 105968
0 1 tid 105968
365 22 tid 105968
145 tid 105968
Insert  tid 105968
FindTargetPageId rootid 23 tid 105968
target_page_id id: 1 tid 105968
0 1 tid 105968
365 22 tid 105968
146 tid 105968
Insert  tid 105968
FindTargetPageId rootid 23 tid 105968
target_page_id id: 1 tid 105968
0 1 tid 105968
365 22 tid 105968
147 tid 105968
Insert  tid 105968
FindTargetPageId rootid 23 tid 105968
target_page_id id: 1 tid 105968
0 1 tid 105968
365 22 tid 105968
148 tid 105968
Insert  tid 105968
FindTargetPageId rootid 23 tid 105968
target_page_id id: 1 tid 105968
0 1 tid 105968
365 22 tid 105968
149 tid 105968
Insert  tid 105968
FindTargetPageId rootid 23 tid 105968
target_page_id id: 1 tid 105968
0 1 tid 105968
365 22 tid 105968
150 tid 105968
Insert  tid 105968
FindTargetPageId rootid 23 tid 105968
target_page_id id: 1 tid 105968
0 1 tid 105968
365 22 tid 105968
151 tid 105968
Insert  tid 105968
FindTargetPageId rootid 23 tid 105968
target_page_id id: 1 tid 105968
0 1 tid 105968
365 22 tid 105968
152 tid 105968
Insert  tid 105968
FindTargetPageId rootid 23 tid 105968
target_page_id id: 1 tid 105968
0 1 tid 105968
365 22 tid 105968
153 tid 105968
Insert  tid 105968
FindTargetPageId rootid 23 tid 105970
target_page_id id: 1 tid 105970
0 1 tid 105970
365 22 tid 105970
154 tid 105970
Insert  tid 105970
FindTargetPageId rootid 23 tid 105969
target_page_id id: 1 tid 105969
0 1 tid 105969
365 22 tid 105969
155 tid 105969
Remove  tid 105969
FindTargetPageId rootid 23 tid 105969
target_page_id id: 1 tid 105969
0 1 tid 105969
365 22 tid 105969
154 tid 105969
Remove  tid 105969
FindTargetPageId rootid 23 tid 105969
target_page_id id: 1 tid 105969
0 1 tid 105969
365 22 tid 105969
153 tid 105969
Remove  tid 105969
FindTargetPageId rootid 23 tid 105969
target_page_id id: 1 tid 105969
0 1 tid 105969
365 22 tid 105969
152 tid 105969
Remove  tid 105969
FindTargetPageId rootid 23 tid 105968
target_page_id id: 1 tid 105968
0 1 tid 105968
365 22 tid 105968
151 tid 105968
Insert  tid 105968
FindTargetPageId rootid 23 tid 105970
target_page_id id: 1 tid 105970
0 1 tid 105970
365 22 tid 105970
152 tid 105970
Insert  tid 105970
FindTargetPageId rootid 23 tid 105969
target_page_id id: 1 tid 105969
0 1 tid 105969
365 22 tid 105969
153 tid 105969
Remove  tid 105969
FindTargetPageId rootid 23 tid 105968
target_page_id id: 1 tid 105968
0 1 tid 105968
365 22 tid 105968
152 tid 105968
Insert  tid 105968
FindTargetPageId rootid 23 tid 105970
target_page_id id: 1 tid 105970
0 1 tid 105970
365 22 tid 105970
153 tid 105970
Insert  tid 105970
FindTargetPageId rootid 23 tid 105969
target_page_id id: 1 tid 105969
0 1 tid 105969
365 22 tid 105969
154 tid 105969
Remove  tid 105969
FindTargetPageId rootid 23 tid 105968
target_page_id id: 1 tid 105968
0 1 tid 105968
365 22 tid 105968
153 tid 105968
Insert  tid 105968
FindTargetPageId rootid 23 tid 105970
target_page_id id: 1 tid 105970
0 1 tid 105970
365 22 tid 105970
154 tid 105970
Insert  tid 105970
FindTargetPageId rootid 23 tid 105969
target_page_id id: 1 tid 105969
0 1 tid 105969
365 22 tid 105969
155 tid 105969
Remove  tid 105969
FindTargetPageId rootid 23 tid 105968
target_page_id id: 1 tid 105968
0 1 tid 105968
365 22 tid 105968
154 tid 105968
Insert  tid 105968
FindTargetPageId rootid 23 tid 105970
target_page_id id: 1 tid 105970
0 1 tid 105970
365 22 tid 105970
155 tid 105970
Insert  tid 105970
FindTargetPageId rootid 23 tid 105970
target_page_id id: 1 tid 105970
0 1 tid 105970
365 22 tid 105970
156 tid 105970
Insert  tid 105970
FindTargetPageId rootid 23 tid 105968
target_page_id id: 1 tid 105968
0 1 tid 105968
365 22 tid 105968
157 tid 105968
Insert  tid 105968
FindTargetPageId rootid 23 tid 105969
target_page_id id: 1 tid 105969
0 1 tid 105969
365 22 tid 105969
158 tid 105969
Remove  tid 105969
FindTargetPageId rootid 23 tid 105970
target_page_id id: 1 tid 105970
0 1 tid 105970
365 22 tid 105970
157 tid 105970
Insert  tid 105970
FindTargetPageId rootid 23 tid 105968
target_page_id id: 1 tid 105968
0 1 tid 105968
365 22 tid 105968
158 tid 105968
Insert  tid 105968
FindTargetPageId rootid 23 tid 105968
target_page_id id: 1 tid 105968
0 1 tid 105968
365 22 tid 105968
159 tid 105968
Insert  tid 105968
FindTargetPageId rootid 23 tid 105970
target_page_id id: 1 tid 105970
0 1 tid 105970
365 22 tid 105970
160 tid 105970
FindTargetPageId rootid 23 tid 105969
Insert  tid 105970target_page_id id: 
1 tid 105969
0 1 tid 105969
365 22 tid 105969
161 tid 105969
Remove  tid 105969
FindTargetPageId rootid 23 tid 105968
target_page_id id: 1 tid 105968
0 1 tid 105968
365 22 tid 105968
160 tid 105968
Insert  tid 105968
FindTargetPageId rootid 23 tid 105970
target_page_id id: 1 tid 105970
0 1 tid 105970
365 22 tid 105970
161 tid 105970
Insert  tid 105970
FindTargetPageId rootid 23 tid 105970
target_page_id id: 1 tid 105970
0 1 tid 105970
365 22 tid 105970
162 tid 105970
Insert  tid 105970
FindTargetPageId rootid 23 tid 105970
target_page_id id: 1 tid 105970
0 1 tid 105970
365 22 tid 105970
163 tid 105970
Insert  tid 105970
FindTargetPageId rootid 23 tid 105969
target_page_id id: 1 tid 105969
0 1 tid 105969
365 22 tid 105969
164 tid 105969
Remove  tid 105969
FindTargetPageId rootid 23 tid 105969
target_page_id id: 1 tid 105969
0 1 tid 105969
365 22 tid 105969
163 tid 105969
Remove  tid 105969
FindTargetPageId rootid 23 tid 105969
target_page_id id: 1 tid 105969
0 1 tid 105969
365 22 tid 105969
162 tid 105969
Remove  tid 105969
FindTargetPageId rootid 23 tid 105969
target_page_id id: 1 tid 105969
0 1 tid 105969
365 22 tid 105969
161 tid 105969
Remove  tid 105969
FindTargetPageId rootid 23 tid 105969
target_page_id id: 1 tid 105969
0 1 tid 105969
365 22 tid 105969
160 tid 105969
Remove  tid 105969
FindTargetPageId rootid 23 tid 105969
target_page_id id: 1 tid 105969
0 1 tid 105969
365 22 tid 105969
159 tid 105969
Remove  tid 105969
FindTargetPageId rootid 23 tid 105969
target_page_id id: 1 tid 105969
0 1 tid 105969
365 22 tid 105969
158 tid 105969
Remove  tid 105969
FindTargetPageId rootid 23 tid 105969
target_page_id id: 1 tid 105969
0 1 tid 105969
365 22 tid 105969
157 tid 105969
Remove  tid 105969
FindTargetPageId rootid 23 tid 105969
target_page_id id: 1 tid 105969
0 1 tid 105969
365 22 tid 105969
156 tid 105969
Remove  tid 105969
FindTargetPageId rootid 23 tid 105969
target_page_id id: 1 tid 105969
0 1 tid 105969
365 22 tid 105969
155 tid 105969
Remove  tid 105969
FindTargetPageId rootid 23 tid 105969
target_page_id id: 1 tid 105969
0 1 tid 105969
365 22 tid 105969
154 tid 105969
Remove  tid 105969
FindTargetPageId rootid 23 tid 105969
target_page_id id: 1 tid 105969
0 1 tid 105969
365 22 tid 105969
153 tid 105969
Remove  tid 105969
FindTargetPageId rootid 23 tid 105969
target_page_id id: 1 tid 105969
0 1 tid 105969
365 22 tid 105969
152 tid 105969
Remove  tid 105969
FindTargetPageId rootid 23 tid 105968
target_page_id id: 1 tid 105968
0 1 tid 105968
365 22 tid 105968
151 tid 105968
Insert  tid 105968
FindTargetPageId rootid 23 tid 105968
target_page_id id: 1 tid 105968
0 1 tid 105968
365 22 tid 105968
152 tid 105968
Insert  tid 105968
FindTargetPageId rootid 23 tid 105968
target_page_id id: 1 tid 105968
0 1 tid 105968
365 22 tid 105968
153 tid 105968
Insert  tid 105968
FindTargetPageId rootid 23 tid 105968
target_page_id id: 1 tid 105968
0 1 tid 105968
365 22 tid 105968
154 tid 105968
Insert  tid 105968
FindTargetPageId rootid 23 tid 105968
target_page_id id: 1 tid 105968
0 1 tid 105968
365 22 tid 105968
155 tid 105968
Insert  tid 105968
FindTargetPageId rootid 23 tid 105968
target_page_id id: 1 tid 105968
0 1 tid 105968
365 22 tid 105968
156 tid 105968
Insert  tid 105968
FindTargetPageId rootid 23 tid 105968
target_page_id id: 1 tid 105968
0 1 tid 105968
365 22 tid 105968
157 tid 105968
Insert  tid 105968
FindTargetPageId rootid 23 tid 105968
target_page_id id: 1 tid 105968
0 1 tid 105968
365 22 tid 105968
158 tid 105968
Insert  tid 105968
FindTargetPageId rootid 23 tid 105968
target_page_id id: 1 tid 105968
0 1 tid 105968
365 22 tid 105968
159 tid 105968
Insert  tid 105968
FindTargetPageId rootid 23 tid 105968
target_page_id id: 1 tid 105968
0 1 tid 105968
365 22 tid 105968
160 tid 105968
Insert  tid 105968
FindTargetPageId rootid 23 tid 105968
target_page_id id: 1 tid 105968
0 1 tid 105968
365 22 tid 105968
161 tid 105968
Insert  tid 105968
FindTargetPageId rootid 23 tid 105968
target_page_id id: 1 tid 105968
0 1 tid 105968
365 22 tid 105968
162 tid 105968
Insert  tid 105968
FindTargetPageId rootid 23 tid 105968
target_page_id id: 1 tid 105968
0 1 tid 105968
365 22 tid 105968
163 tid 105968
Insert  tid 105968
FindTargetPageId rootid 23 tid 105968
target_page_id id: 1 tid 105968
0 1 tid 105968
365 22 tid 105968
164 tid 105968
Insert  tid 105968
FindTargetPageId rootid 23 tid 105968
target_page_id id: 1 tid 105968
0 1 tid 105968
365 22 tid 105968
165 tid 105968
Insert  tid 105968
FindTargetPageId rootid 23 tid 105968
target_page_id id: 1 tid 105968
0 1 tid 105968
365 22 tid 105968
166 tid 105968
Insert  tid 105968
FindTargetPageId rootid 23 tid 105968
target_page_id id: 1 tid 105968
0 1 tid 105968
365 22 tid 105968
167 tid 105968
Insert  tid 105968
FindTargetPageId rootid 23 tid 105968
target_page_id id: 1 tid 105968
0 1 tid 105968
365 22 tid 105968
168 tid 105968
Insert  tid 105968
FindTargetPageId rootid 23 tid 105968
target_page_id id: 1 tid 105968
0 1 tid 105968
365 22 tid 105968
169 tid 105968
Insert  tid 105968
FindTargetPageId rootid 23 tid 105968
target_page_id id: 1 tid 105968
0 1 tid 105968
365 22 tid 105968
170 tid 105968
Insert  tid 105968
FindTargetPageId rootid 23 tid 105968
target_page_id id: 1 tid 105968
0 1 tid 105968
365 22 tid 105968
171 tid 105968
Insert  tid 105968
FindTargetPageId rootid 23 tid 105968
target_page_id id: 1 tid 105968
0 1 tid 105968
365 22 tid 105968
172 tid 105968
Insert  tid 105968
FindTargetPageId rootid 23 tid 105969
target_page_id id: 1 tid 105969
0 1 tid 105969
365 22 tid 105969
173 tid 105969
Remove  tid 105969
FindTargetPageId rootid 23 tid 105970
target_page_id id: 1 tid 105970
0 1 tid 105970
365 22 tid 105970
172 tid 105970
Insert  tid 105970
FindTargetPageId rootid 23 tid 105968
target_page_id id: 1 tid 105968
0 1 tid 105968
365 22 tid 105968
173 tid 105968
Insert  tid 105968
FindTargetPageId rootid 23 tid 105969
target_page_id id: 1 tid 105969
0 1 tid 105969
365 22 tid 105969
174 tid 105969
Remove  tid 105969
FindTargetPageId rootid 23 tid 105970
target_page_id id: 1 tid 105970
0 1 tid 105970
365 22 tid 105970
173 tid 105970
Insert  tid 105970
FindTargetPageId rootid 23 tid 105968
target_page_id id: 1 tid 105968
0 1 tid 105968
365 22 tid 105968
174 tid 105968
Insert  tid 105968
FindTargetPageId rootid 23 tid 105969
target_page_id id: 1 tid 105969
0 1 tid 105969
365 22 tid 105969
175 tid 105969
Remove  tid 105969
FindTargetPageId rootid 23 tid 105969
target_page_id id: 1 tid 105969
0 1 tid 105969
365 22 tid 105969
174 tid 105969
Remove  tid 105969
FindTargetPageId rootid 23 tid 105969
target_page_id id: 1 tid 105969
0 1 tid 105969
365 22 tid 105969
173 tid 105969
Remove  tid 105969
FindTargetPageId rootid 23 tid 105968
target_page_id id: 1 tid 105968
0 1 tid 105968
365 22 tid 105968
172 tid 105968
Insert  tid 105968
FindTargetPageId rootid 23 tid 105968
target_page_id id: 1 tid 105968
0 1 tid 105968
365 22 tid 105968
173 tid 105968
Insert  tid 105968
FindTargetPageId rootid 23 tid 105968
target_page_id id: 1 tid 105968
0 1 tid 105968
365 22 tid 105968
174 tid 105968
Insert  tid 105968
FindTargetPageId rootid 23 tid 105968
target_page_id id: 1 tid 105968
0 1 tid 105968
365 22 tid 105968
175 tid 105968
Insert  tid 105968
FindTargetPageId rootid 23 tid 105968
target_page_id id: 22 tid 105968
0 1 tid 105968
365 22 tid 105968
128 tid 105968
Insert  tid 105968
FindTargetPageId rootid 23 tid 105968
target_page_id id: 22 tid 105968
0 1 tid 105968
365 22 tid 105968
129 tid 105968
Insert  tid 105968
FindTargetPageId rootid 23 tid 105969
target_page_id id: 1 tid 105969
0 1 tid 105969
365 22 tid 105969
176 tid 105969
Remove  tid 105969
FindTargetPageId rootid 23 tid 105970
target_page_id id: 1 tid 105970
0 1 tid 105970
365 22 tid 105970
175 tid 105970
Insert  tid 105970
FindTargetPageId rootid 23 tid 105970
target_page_id id: 1 tid 105970
0 1 tid 105970
365 22 tid 105970
176 tid 105970
Insert  tid 105970
FindTargetPageId rootid 23 tid 105968
target_page_id id: 22 tid 105968
0 1 tid 105968
365 22 tid 105968
130 tid 105968
Insert  tid 105968
FindTargetPageId rootid 23 tid 105968
target_page_id id: 22 tid 105968
0 1 tid 105968
365 22 tid 105968
131 tid 105968
Insert  tid 105968
FindTargetPageId rootid 23 tid 105968
target_page_id id: 22 tid 105968
0 1 tid 105968
365 22 tid 105968
132 tid 105968
Insert  tid 105968
FindTargetPageId rootid 23 tid 105969
target_page_id id: 1 tid 105969
0 1 tid 105969
365 22 tid 105969
177 tid 105969
Remove  tid 105969
FindTargetPageId rootid 23 tid 105969
target_page_id id: 1 tid 105969
0 1 tid 105969
365 22 tid 105969
176 tid 105969
Remove  tid 105969
FindTargetPageId rootid 23 tid 105969
target_page_id id: 1 tid 105969
0 1 tid 105969
365 22 tid 105969
175 tid 105969
Remove  tid 105969
FindTargetPageId rootid 23 tid 105969
target_page_id id: 1 tid 105969
0 1 tid 105969
365 22 tid 105969
174 tid 105969
Remove  tid 105969
FindTargetPageId rootid 23 tid 105969
target_page_id id: 1 tid 105969
0 1 tid 105969
365 22 tid 105969
173 tid 105969
Remove  tid 105969
FindTargetPageId rootid 23 tid 105968
target_page_id id: 22 tid 105968
0 1 tid 105968
365 22 tid 105968
133 tid 105968
Insert  tid 105968
FindTargetPageId rootid 23 tid 105968
target_page_id id: 22 tid 105968
0 1 tid 105968
365 22 tid 105968
134 tid 105968
Insert  tid 105968
FindTargetPageId rootid 23 tid 105968
target_page_id id: 22 tid 105968
0 1 tid 105968
365 22 tid 105968
135 tid 105968
Insert  tid 105968
FindTargetPageId rootid 23 tid 105968
target_page_id id: 22 tid 105968
0 1 tid 105968
365 22 tid 105968
136 tid 105968
Insert  tid 105968
FindTargetPageId rootid 23 tid 105968
target_page_id id: 22 tid 105968
0 1 tid 105968
365 22 tid 105968
137 tid 105968
Insert  tid 105968
FindTargetPageId rootid 23 tid 105970
target_page_id id: 1 tid 105970
0 1 tid 105970
365 22 tid 105970
172 tid 105970
Insert  tid 105970
FindTargetPageId rootid 23 tid 105969
target_page_id id: 1 tid 105969
0 1 tid 105969
365 22 tid 105969
173 tid 105969
Remove  tid 105969
FindTargetPageId rootid 23 tid 105968
target_page_id id: 22 tid 105968
0 1 tid 105968
365 22 tid 105968
138 tid 105968
Insert  tid 105968
FindTargetPageId rootid 23 tid 105970
target_page_id id: 1 tid 105970
0 1 tid 105970
365 22 tid 105970
172 tid 105970
Insert  tid 105970
FindTargetPageId rootid 23 tid 105969
target_page_id id: 1 tid 105969
0 1 tid 105969
365 22 tid 105969
173 tid 105969
Remove  tid 105969
FindTargetPageId rootid 23 tid 105968
target_page_id id: 22 tid 105968
0 1 tid 105968
365 22 tid 105968
139 tid 105968
Insert  tid 105968
FindTargetPageId rootid 23 tid 105970
target_page_id id: 1 tid 105970
0 1 tid 105970
365 22 tid 105970
172 tid 105970
Insert  tid 105970
FindTargetPageId rootid 23 tid 105970
target_page_id id: 1 tid 105970
0 1 tid 105970
365 22 tid 105970
173 tid 105970
Insert  tid 105970
FindTargetPageId rootid 23 tid 105970
target_page_id id: 1 tid 105970
0 1 tid 105970
365 22 tid 105970
174 tid 105970
Insert  tid 105970
FindTargetPageId rootid 23 tid 105969
target_page_id id: 1 tid 105969
0 1 tid 105969
365 22 tid 105969
175 tid 105969
Remove  tid 105969
FindTargetPageId rootid 23 tid 105968
target_page_id id: 22 tid 105968
0 1 tid 105968
365 22 tid 105968
140 tid 105968
FindTargetPageId rootid 23 tid 105970
target_page_id id: 1 tid 105970
0 1 tid 105970
365 22 tid 105970
Insert  tid 105968
174 tid 105970
Insert  tid 105970
FindTargetPageId rootid 23 tid 105970
target_page_id id: 1 tid 105970
0 1 tid 105970
365 22 tid 105970
175 tid 105970
Insert  tid 105970
FindTargetPageId rootid 23 tid 105968
target_page_id id: 22 tid 105968
0 1 tid 105968
365 22 tid 105968
141 tid 105968
Insert  tid 105968
FindTargetPageId rootid 23 tid 105968
target_page_id id: 22 tid 105968
0 1 tid 105968
365 22 tid 105968
142 tid 105968
Insert  tid 105968
FindTargetPageId rootid 23 tid 105968
target_page_id id: 22 tid 105968
0 1 tid 105968
365 22 tid 105968
143 tid 105968
Insert  tid 105968
FindTargetPageId rootid 23 tid 105968
target_page_id id: 22 tid 105968
0 1 tid 105968
365 22 tid 105968
144 tid 105968
Insert  tid 105968
FindTargetPageId rootid 23 tid 105968
target_page_id id: 22 tid 105968
0 1 tid 105968
365 22 tid 105968
145 tid 105968
Insert  tid 105968
FindTargetPageId rootid 23 tid 105968
target_page_id id: 22 tid 105968
0 1 tid 105968
365 22 tid 105968
146 tid 105968
Insert  tid 105968
FindTargetPageId rootid 23 tid 105968
target_page_id id: 22 tid 105968
0 1 tid 105968
365 22 tid 105968
147 tid 105968
Insert  tid 105968
FindTargetPageId rootid 23 tid 105968
target_page_id id: 22 tid 105968
0 1 tid 105968
365 22 tid 105968
148 tid 105968
Insert  tid 105968
FindTargetPageId rootid 23 tid 105968
target_page_id id: 22 tid 105968
0 1 tid 105968
365 22 tid 105968
149 tid 105968
Insert  tid 105968
FindTargetPageId rootid 23 tid 105968
target_page_id id: 22 tid 105968
0 1 tid 105968
365 22 tid 105968
150 tid 105968
Insert  tid 105968
FindTargetPageId rootid 23 tid 105968
target_page_id id: 22 tid 105968
0 1 tid 105968
365 22 tid 105968
151 tid 105968
Insert  tid 105968
FindTargetPageId rootid 23 tid 105968
target_page_id id: 22 tid 105968
0 1 tid 105968
365 22 tid 105968
152 tid 105968
Insert  tid 105968
FindTargetPageId rootid 23 tid 105968
target_page_id id: 22 tid 105968
0 1 tid 105968
365 22 tid 105968
153 tid 105968
Insert  tid 105968
FindTargetPageId rootid 23 tid 105968
target_page_id id: 22 tid 105968
0 1 tid 105968
365 22 tid 105968
154 tid 105968
Insert  tid 105968
FindTargetPageId rootid 23 tid 105968
target_page_id id: 22 tid 105968
0 1 tid 105968
365 22 tid 105968
155 tid 105968
Insert  tid 105968
FindTargetPageId rootid 23 tid 105968
target_page_id id: 22 tid 105968
0 1 tid 105968
365 22 tid 105968
156 tid 105968
Insert  tid 105968
FindTargetPageId rootid 23 tid 105968
target_page_id id: 22 tid 105968
0 1 tid 105968
365 22 tid 105968
157 tid 105968
Insert  tid 105968
FindTargetPageId rootid 23 tid 105968
target_page_id id: 22 tid 105968
0 1 tid 105968
365 22 tid 105968
158 tid 105968
Insert  tid 105968
FindTargetPageId rootid 23 tid 105968
target_page_id id: 22 tid 105968
0 1 tid 105968
365 22 tid 105968
159 tid 105968
Insert  tid 105968
FindTargetPageId rootid 23 tid 105968
target_page_id id: 22 tid 105968
0 1 tid 105968
365 22 tid 105968
160 tid 105968
Insert  tid 105968
FindTargetPageId rootid 23 tid 105968
target_page_id id: 22 tid 105968
0 1 tid 105968
365 22 tid 105968
161 tid 105968
Insert  tid 105968
FindTargetPageId rootid 23 tid 105968
target_page_id id: 22 tid 105968
0 1 tid 105968
365 22 tid 105968
162 tid 105968
Insert  tid 105968
FindTargetPageId rootid 23 tid 105968
target_page_id id: 22 tid 105968
0 1 tid 105968
365 22 tid 105968
163 tid 105968
Insert  tid 105968
FindTargetPageId rootid 23 tid 105968
target_page_id id: 22 tid 105968
0 1 tid 105968
365 22 tid 105968
164 tid 105968
Insert  tid 105968
FindTargetPageId rootid 23 tid 105968
target_page_id id: 22 tid 105968
0 1 tid 105968
365 22 tid 105968
165 tid 105968
Insert  tid 105968
FindTargetPageId rootid 23 tid 105968
target_page_id id: 22 tid 105968
0 1 tid 105968
365 22 tid 105968
166 tid 105968
Insert  tid 105968
FindTargetPageId rootid 23 tid 105968
target_page_id id: 22 tid 105968
0 1 tid 105968
365 22 tid 105968
167 tid 105968
Insert  tid 105968
FindTargetPageId rootid 23 tid 105968
target_page_id id: 22 tid 105968
0 1 tid 105968
365 22 tid 105968
168 tid 105968
Insert  tid 105968
FindTargetPageId rootid 23 tid 105968
target_page_id id: 22 tid 105968
0 1 tid 105968
365 22 tid 105968
169 tid 105968
Insert  tid 105968
FindTargetPageId rootid 23 tid 105968
target_page_id id: 22 tid 105968
0 1 tid 105968
365 22 tid 105968
170 tid 105968
Insert  tid 105968
FindTargetPageId rootid 23 tid 105968
target_page_id id: 22 tid 105968
0 1 tid 105968
365 22 tid 105968
171 tid 105968
Insert  tid 105968
FindTargetPageId rootid 23 tid 105968
target_page_id id: 22 tid 105968
0 1 tid 105968
365 22 tid 105968
172 tid 105968
Insert  tid 105968
FindTargetPageId rootid 23 tid 105968
target_page_id id: 22 tid 105968
0 1 tid 105968
365 22 tid 105968
173 tid 105968
Insert  tid 105968
FindTargetPageId rootid 23 tid 105968
target_page_id id: 22 tid 105968
0 1 tid 105968
365 22 tid 105968
174 tid 105968
Insert  tid 105968
FindTargetPageId rootid 23 tid 105968
target_page_id id: 22 tid 105968
0 1 tid 105968
365 22 tid 105968
175 tid 105968
Insert  tid 105968
FindTargetPageId rootid 23 tid 105968
target_page_id id: 22 tid 105968
0 1 tid 105968
365 22 tid 105968
176 tid 105968
Insert  tid 105968
FindTargetPageId rootid 23 tid 105968
target_page_id id: 22 tid 105968
0 1 tid 105968
365 22 tid 105968
177 tid 105968
Insert  tid 105968
FindTargetPageId rootid 23 tid 105968
target_page_id id: 22 tid 105968
0 1 tid 105968
365 22 tid 105968
178 tid 105968
Insert  tid 105968
FindTargetPageId rootid 23 tid 105968
target_page_id id: 22 tid 105968
0 1 tid 105968
365 22 tid 105968
179 tid 105968
Insert  tid 105968
FindTargetPageId rootid 23 tid 105968
target_page_id id: 22 tid 105968
0 1 tid 105968
365 22 tid 105968
180 tid 105968
Insert  tid 105968
FindTargetPageId rootid 23 tid 105968
target_page_id id: 22 tid 105968
0 1 tid 105968
365 22 tid 105968
181 tid 105968
Insert  tid 105968
FindTargetPageId rootid 23 tid 105968
target_page_id id: 22 tid 105968
0 1 tid 105968
365 22 tid 105968
182 tid 105968
Insert  tid 105968
FindTargetPageId rootid 23 tid 105968
target_page_id id: 22 tid 105968
0 1 tid 105968
365 22 tid 105968
183 tid 105968
Insert  tid 105968
FindTargetPageId rootid 23 tid 105968
target_page_id id: 22 tid 105968
0 1 tid 105968
365 22 tid 105968
184 tid 105968
Insert  tid 105968
FindTargetPageId rootid 23 tid 105968
target_page_id id: 22 tid 105968
0 1 tid 105968
365 22 tid 105968
185 tid 105968
Insert  tid 105968
FindTargetPageId rootid 23 tid 105968
target_page_id id: 22 tid 105968
0 1 tid 105968
365 22 tid 105968
186 tid 105968
Insert  tid 105968
FindTargetPageId rootid 23 tid 105968
target_page_id id: 22 tid 105968
0 1 tid 105968
365 22 tid 105968
187 tid 105968
Insert  tid 105968
FindTargetPageId rootid 23 tid 105968
target_page_id id: 22 tid 105968
0 1 tid 105968
365 22 tid 105968
188 tid 105968
Insert  tid 105968
FindTargetPageId rootid 23 tid 105968
target_page_id id: 22 tid 105968
0 1 tid 105968
365 22 tid 105968
189 tid 105968
Insert  tid 105968
FindTargetPageId rootid 23 tid 105968
target_page_id id: 22 tid 105968
0 1 tid 105968
365 22 tid 105968
190 tid 105968
Insert  tid 105968
FindTargetPageId rootid 23 tid 105968
target_page_id id: 22 tid 105968
0 1 tid 105968
365 22 tid 105968
191 tid 105968
Insert  tid 105968
FindTargetPageId rootid 23 tid 105968
target_page_id id: 22 tid 105968
0 1 tid 105968
365 22 tid 105968
192 tid 105968
Insert  tid 105968
FindTargetPageId rootid 23 tid 105968
target_page_id id: 22 tid 105968
0 1 tid 105968
365 22 tid 105968
193 tid 105968
Insert  tid 105968
FindTargetPageId rootid 23 tid 105969
target_page_id id: 1 tid 105969
0 1 tid 105969
365 22 tid 105969
176 tid 105969
Remove  tid 105969
FindTargetPageId rootid 23 tid 105969
target_page_id id: 1 tid 105969
0 1 tid 105969
365 22 tid 105969
175 tid 105969
Remove  tid 105969
FindTargetPageId rootid 23 tid 105970
target_page_id id: 1 tid 105970
0 1 tid 105970
365 22 tid 105970
174 tid 105970
Insert  tid 105970
FindTargetPageId rootid 23 tid 105968
target_page_id id: 22 tid 105968
0 1 tid 105968
365 22 tid 105968
194 tid 105968
FindTargetPageId rootid 23 tid 105969
target_page_id id: 1 tid 105969
0 1 tid 105969
365 22 tid 105969
175 tid 105969
Remove  tid 105969
FindTargetPageId rootid 23 tid 105970
target_page_id id: 1 tid 105970
0 1 tid 105970
365 22 tid 105970
174 tid 105970
Insert  tid 105968
FindTargetPageId rootid 23 tid 105968
target_page_id id: 22 tid 105968
0 1 tid 105968
365 22 tid 105968
195 tid 105968
Insert  tid 105970
Insert  tid 105968FindTargetPageId rootid 
23 tid 105969
target_page_id id: 1 tid 105969
0 1 tid 105969
365 22 tid 105969
175 tid 105969
Remove  tid 105969
FindTargetPageId rootid 23 tid 105970
target_page_id id: 1 tid 105970
0 1 tid 105970
365 22 tid 105970
174 tid 105970
Insert  tid 105970
FindTargetPageId rootid 23 tid 105968
target_page_id id: 22 tid 105968
0 1 tid 105968
365 22 tid 105968
196 tid 105968
Insert  tid 105968
FindTargetPageId rootid 23 tid 105969
target_page_id id: 1 tid 105969
0 1 tid 105969
365 22 tid 105969
175 tid 105969
Remove  tid 105969
FindTargetPageId rootid 23 tid 105969
target_page_id id: 1 tid 105969
0 1 tid 105969
365 22 tid 105969
174 tid 105969
Remove  tid 105969
FindTargetPageId rootid 23 tid 105969
target_page_id id: 1 tid 105969
0 1 tid 105969
365 22 tid 105969
173 tid 105969
Remove  tid 105969
FindTargetPageId rootid 23 tid 105970
target_page_id id: 1 tid 105970
0 1 tid 105970
365 22 tid 105970
172 tid 105970
Insert  tid 105970
FindTargetPageId rootid 23 tid 105968
target_page_id id: 22 tid 105968
0 1 tid 105968
365 22 tid 105968
197 tid 105968
Insert  tid 105968
FindTargetPageId rootid 23 tid 105969
target_page_id id: 1 tid 105969
0 1 tid 105969
365 22 tid 105969
173 tid 105969
FindTargetPageId rootid Remove 23 tid  tid 105970
target_page_id id: 1 tid 105970
0 1 tid 105970
365 22 tid 105970
105969
172 tid 105970
Insert  tid 105970
FindTargetPageId rootid 23 tid 105968
target_page_id id: 22 tid 105968
0 1 tid 105968
365 22 tid 105968
198 tid 105968
Insert  tid 105968
FindTargetPageId rootid 23 tid 105969
target_page_id id: 1 tid 105969
0 1 tid 105969
365 22 tid 105969
173 tid 105969
Remove  tid 105969
FindTargetPageId rootid 23 tid 105970
target_page_id id: 1 tid 105970
0 1 tid 105970
365 22 tid 105970
172 tid 105970
Insert  tid 105970
FindTargetPageId rootid 23 tid 105970
target_page_id id: 1 tid 105970
0 1 tid 105970
365 22 tid 105970
173 tid 105970
Insert  tid 105970
FindTargetPageId rootid 23 tid 105969
target_page_id id: 1 tid 105969
0 1 tid 105969
365 22 tid 105969
174 tid 105969
Remove  tid 105969
FindTargetPageId rootid 23 tid 105969
target_page_id id: 1 tid 105969
0 1 tid 105969
365 22 tid 105969
173 tid 105969
Remove  tid 105969
FindTargetPageId rootid 23 tid 105969
target_page_id id: 1 tid 105969
0 1 tid 105969
365 22 tid 105969
172 tid 105969
Remove  tid 105969
FindTargetPageId rootid 23 tid 105969
target_page_id id: 1 tid 105969
0 1 tid 105969
365 22 tid 105969
171 tid 105969
Remove  tid 105969
FindTargetPageId rootid 23 tid 105970
target_page_id id: 1 tid 105970
0 1 tid 105970
365 22 tid 105970
170 tid 105970
Insert  tid 105970
FindTargetPageId rootid 23 tid 105968
target_page_id id: 22 tid 105968
0 1 tid 105968
365 22 tid 105968
199 tid 105968
Insert  tid 105968
FindTargetPageId rootid 23 tid 105969
target_page_id id: 1 tid 105969
0 1 tid 105969
365 22 tid 105969
171 tid 105969
Remove  tid 105969
FindTargetPageId rootid 23 tid 105970
target_page_id id: 1 tid 105970
0 1 tid 105970
365 22 tid 105970
170 tid 105970
Insert  tid 105970
FindTargetPageId rootid 23 tid 105968
target_page_id id: 22 tid 105968
0 1 tid 105968
365 22 tid 105968
200 tid 105968
Insert  tid 105968
FindTargetPageId rootid 23 tid 105969
target_page_id id: 1 tid 105969
0 1 tid 105969
365 22 tid 105969
171 tid 105969
Remove  tid 105969
FindTargetPageId rootid 23 tid 105970
target_page_id id: 1 tid 105970
0 1 tid 105970
365 22 tid 105970
170 tid 105970
Insert  tid 105970
FindTargetPageId rootid 23 tid 105968
target_page_id id: 22 tid 105968
0 1 tid 105968
365 22 tid 105968
201 tid 105968
Insert  tid 105968
FindTargetPageId rootid 23 tid 105969
target_page_id id: 1 tid 105969
0 1 tid 105969
365 22 tid 105969
171 tid 105969
Remove  tid 105969
FindTargetPageId rootid 23 tid 105970
target_page_id id: 1 tid 105970
0 1 tid 105970
365 22 tid 105970
170 tid 105970
Insert  tid 105970
FindTargetPageId rootid 23 tid 105970
target_page_id id: 1 tid 105970
0 1 tid 105970
365 22 tid 105970
171 tid 105970
Insert  tid 105970
FindTargetPageId rootid 23 tid 105968
target_page_id id: 22 tid 105968
0 1 tid 105968
365 22 tid 105968
202 tid 105968
Insert  tid 105968
FindTargetPageId rootid 23 tid 105969
target_page_id id: 1 tid 105969
0 1 tid 105969
365 22 tid 105969
172 tid 105969
Remove  tid 105969
FindTargetPageId rootid 23 tid 105970
target_page_id id: 1 tid 105970
0 1 tid 105970
365 22 tid 105970
171 tid 105970
Insert  tid 105970
FindTargetPageId rootid 23 tid 105968
target_page_id id: 22 tid 105968
0 1 tid 105968
365 22 tid 105968
203 tid 105968
Insert  tid 105968
FindTargetPageId rootid 23 tid 105969
target_page_id id: 1 tid 105969
0 1 tid 105969
365 22 tid 105969
172 tid 105969
Remove  tid 105969
FindTargetPageId rootid 23 tid 105970
target_page_id id: 1 tid 105970
0 1 tid 105970
365 22 tid 105970
171 tid 105970
Insert  tid 105970
FindTargetPageId rootid 23 tid 105968
target_page_id id: 22 tid 105968
0 1 tid 105968
365 22 tid 105968
204 tid 105968
Insert  tid 105968
FindTargetPageId rootid 23 tid 105969
target_page_id id: 1 tid 105969
0 1 tid 105969
365 22 tid 105969
172 tid 105969
Remove  tid 105969
FindTargetPageId rootid 23 tid 105970
target_page_id id: 1 tid 105970
0 1 tid 105970
365 22 tid 105970
171 tid 105970
Insert  tid 105970
FindTargetPageId rootid 23 tid 105968
target_page_id id: 22 tid 105968
0 1 tid 105968
365 22 tid 105968
205 tid 105968
Insert  tid 105968
FindTargetPageId rootid 23 tid 105969
target_page_id id: 1 tid 105969
0 1 tid 105969
365 22 tid 105969
172 tid 105969
Remove  tid 105969
FindTargetPageId rootid 23 tid 105969
target_page_id id: 1 tid 105969
0 1 tid 105969
365 22 tid 105969
171 tid 105969
Remove  tid 105969
FindTargetPageId rootid 23 tid 105968
target_page_id id: 22 tid 105968
0 1 tid 105968
365 22 tid 105968
206 tid 105968
Insert  tid 105968
FindTargetPageId rootid 23 tid 105970
target_page_id id: 1 tid 105970
0 1 tid 105970
365 22 tid 105970
170 tid 105970
Insert  tid 105970
FindTargetPageId rootid 23 tid 105969
target_page_id id: 1 tid 105969
0 1 tid 105969
365 22 tid 105969
171 tid 105969
Remove  tid 105969
FindTargetPageId rootid 23 tid 105969
target_page_id id: 1 tid 105969
0 1 tid 105969
365 22 tid 105969
170 tid 105969
Remove  tid 105969
FindTargetPageId rootid 23 tid 105969
target_page_id id: 1 tid 105969
0 1 tid 105969
365 22 tid 105969
169 tid 105969
Remove  tid 105969
FindTargetPageId rootid 23 tid 105970
target_page_id id: 1 tid 105970
0 1 tid 105970
365 22 tid 105970
168 tid 105970
Insert  tid 105970
FindTargetPageId rootid 23 tid 105968
target_page_id id: 22 tid 105968
0 1 tid 105968
365 22 tid 105968
207 tid 105968
Insert  tid 105968
FindTargetPageId rootid 23 tid 105969
target_page_id id: 1 tid 105969
0 1 tid 105969
365 22 tid 105969
169 tid 105969
Remove  tid 105969
FindTargetPageId rootid 23 tid 105969
target_page_id id: 1 tid 105969
0 1 tid 105969
365 22 tid 105969
168 tid 105969
Remove  tid 105969
FindTargetPageId rootid 23 tid 105969
target_page_id id: 1 tid 105969
0 1 tid 105969
365 22 tid 105969
167 tid 105969
Remove  tid 105969
FindTargetPageId rootid 23 tid 105969
target_page_id id: 22 tid 105969
0 1 tid 105969
365 22 tid 105969
208 tid 105969
Remove  tid 105969
FindTargetPageId rootid 23 tid 105969
target_page_id id: 22 tid 105969
0 1 tid 105969
365 22 tid 105969
207 tid 105969
Remove  tid 105969
FindTargetPageId rootid 23 tid 105969
target_page_id id: 22 tid 105969
0 1 tid 105969
365 22 tid 105969
206 tid 105969
Remove  tid 105969
FindTargetPageId rootid 23 tid 105970
target_page_id id: 1 tid 105970
0 1 tid 105970
365 22 tid 105970
166 tid 105970
Insert  tid 105970
FindTargetPageId rootid 23 tid 105968
target_page_id id: 22 tid 105968
0 1 tid 105968
365 22 tid 105968
205 tid 105968
Insert  tid 105968
FindTargetPageId rootid 23 tid 105968
target_page_id id: 22 tid 105968
0 1 tid 105968
365 22 tid 105968
206 tid 105968
Insert  tid 105968
FindTargetPageId rootid 23 tid 105968
target_page_id id: 22 tid 105968
0 1 tid 105968
365 22 tid 105968
207 tid 105968
Insert  tid 105968
FindTargetPageId rootid 23 tid 105970
target_page_id id: 1 tid 105970
0 1 tid 105970
365 22 tid 105970
167 tid 105970
Insert  tid 105970
FindTargetPageId rootid 23 tid 105970
target_page_id id: 1 tid 105970
0 1 tid 105970
365 22 tid 105970
168 tid 105970
Insert  tid 105970
FindTargetPageId rootid 23 tid 105969
target_page_id id: 22 tid 105969
0 1 tid 105969
365 22 tid 105969
208 tid 105969
Remove  tid 105969
FindTargetPageId rootid 23 tid 105969
target_page_id id: 22 tid 105969
0 1 tid 105969
365 22 tid 105969
207 tid 105969
FindTargetPageId rootid 23 tid 105968
target_page_id id: 22 tid 105968
0Remove   tid 1 tid 105968
365 22 tid 105968
206 tid 105968
105969
FindTargetPageId rootid 23 tid 105969
target_page_id id: 22 tid 105969
0 1 tid 105969
365 22 tid 105969
207 tid 105969
Remove  tid 105969
FindTargetPageId rootid 23 tid 105970
target_page_id id: 1 tid 105970
0 1 tid 105970
365 22 tid 105970
169 tid 105970
Insert  tid 105970
Insert  tid 105968
FindTargetPageId rootid 23 tid 105969
target_page_id id: 22 tid 105969
0 1 tid 105969
365 22 tid 105969
206 tid 105969
Remove  tid 105969
FindTargetPageId rootid 23 tid 105969
target_page_id id: 22 tid 105969
0 1 tid 105969
365 22 tid 105969
205 tid 105969
Remove  tid 105969
FindTargetPageId rootid 23 tid 105969
target_page_id id: 22 tid 105969
0 1 tid 105969
365 22 tid 105969
204 tid 105969
Remove  tid 105969
FindTargetPageId rootid 23 tid 105969
target_page_id id: 22 tid 105969
0 1 tid 105969
365 22 tid 105969
203 tid 105969
Remove  tid 105969
FindTargetPageId rootid 23 tid 105969
target_page_id id: 22 tid 105969
0 1 tid 105969
365 22 tid 105969
202 tid 105969
Remove  tid 105969
FindTargetPageId rootid 23 tid 105969
target_page_id id: 22 tid 105969
0 1 tid 105969
365 22 tid 105969
201 tid 105969
Remove  tid 105969
FindTargetPageId rootid 23 tid 105969
target_page_id id: 22 tid 105969
0 1 tid 105969
365 22 tid 105969
200 tid 105969
Remove  tid 105969
FindTargetPageId rootid 23 tid 105969
target_page_id id: 22 tid 105969
0 1 tid 105969
365 22 tid 105969
199 tid 105969
Remove  tid 105969
FindTargetPageId rootid 23 tid 105969
target_page_id id: 22 tid 105969
0 1 tid 105969
365 22 tid 105969
198 tid 105969
Remove  tid 105969
FindTargetPageId rootid 23 tid 105969
target_page_id id: 22 tid 105969
0 1 tid 105969
365 22 tid 105969
197 tid 105969
Remove  tid 105969
FindTargetPageId rootid 23 tid 105969
target_page_id id: 22 tid 105969
0 1 tid 105969
365 22 tid 105969
196 tid 105969
Remove  tid 105969
FindTargetPageId rootid 23 tid 105969
target_page_id id: 22 tid 105969
0 1 tid 105969
365 22 tid 105969
195 tid 105969
Remove  tid 105969
FindTargetPageId rootid 23 tid 105969
target_page_id id: 22 tid 105969
0 1 tid 105969
365 22 tid 105969
194 tid 105969
Remove  tid 105969
FindTargetPageId rootid 23 tid 105969
target_page_id id: 22 tid 105969
0 1 tid 105969
365 22 tid 105969
193 tid 105969
Remove  tid 105969
FindTargetPageId rootid 23 tid 105969
target_page_id id: 22 tid 105969
0 1 tid 105969
365 22 tid 105969
192 tid 105969
Remove  tid 105969
FindTargetPageId rootid 23 tid 105969
target_page_id id: 22 tid 105969
0 1 tid 105969
365 22 tid 105969
191 tid 105969
Remove  tid 105969
FindTargetPageId rootid 23 tid 105969
target_page_id id: 22 tid 105969
0 1 tid 105969
365 22 tid 105969
190 tid 105969
Remove  tid 105969
FindTargetPageId rootid 23 tid 105969
target_page_id id: 22 tid 105969
0 1 tid 105969
365 22 tid 105969
189 tid 105969
Remove  tid 105969
FindTargetPageId rootid 23 tid 105969
target_page_id id: 22 tid 105969
0 1 tid 105969
365 22 tid 105969
188 tid 105969
Remove  tid 105969
FindTargetPageId rootid 23 tid 105969
target_page_id id: 22 tid 105969
0 1 tid 105969
365 22 tid 105969
187 tid 105969
Remove  tid 105969
FindTargetPageId rootid 23 tid 105969
target_page_id id: 22 tid 105969
0 1 tid 105969
365 22 tid 105969
186 tid 105969
Remove  tid 105969
FindTargetPageId rootid 23 tid 105969
target_page_id id: 22 tid 105969
0 1 tid 105969
365 22 tid 105969
185 tid 105969
Remove  tid 105969
FindTargetPageId rootid 23 tid 105969
target_page_id id: 22 tid 105969
0 1 tid 105969
365 22 tid 105969
184 tid 105969
Remove  tid 105969
FindTargetPageId rootid 23 tid 105969
target_page_id id: 22 tid 105969
0 1 tid 105969
365 22 tid 105969
183 tid 105969
Remove  tid 105969
FindTargetPageId rootid 23 tid 105969
target_page_id id: 22 tid 105969
0 1 tid 105969
365 22 tid 105969
182 tid 105969
Remove  tid 105969
FindTargetPageId rootid 23 tid 105969
target_page_id id: 22 tid 105969
0 1 tid 105969
365 22 tid 105969
181 tid 105969
Remove  tid 105969
FindTargetPageId rootid 23 tid 105969
target_page_id id: 22 tid 105969
0 1 tid 105969
365 22 tid 105969
180 tid 105969
Remove  tid 105969
FindTargetPageId rootid 23 tid 105969
target_page_id id: 22 tid 105969
0 1 tid 105969
365 22 tid 105969
179 tid 105969
Remove  tid 105969
FindTargetPageId rootid 23 tid 105969
target_page_id id: 22 tid 105969
0 1 tid 105969
365 22 tid 105969
178 tid 105969
Remove  tid 105969
FindTargetPageId rootid 23 tid 105969
target_page_id id: 22 tid 105969
0 1 tid 105969
365 22 tid 105969
177 tid 105969
Remove  tid 105969
FindTargetPageId rootid 23 tid 105969
target_page_id id: 22 tid 105969
0 1 tid 105969
365 22 tid 105969
176 tid 105969
Remove  tid 105969
FindTargetPageId rootid 23 tid 105969
target_page_id id: 22 tid 105969
0 1 tid 105969
365 22 tid 105969
175 tid 105969
Remove  tid 105969
FindTargetPageId rootid 23 tid 105969
target_page_id id: 22 tid 105969
0 1 tid 105969
365 22 tid 105969
174 tid 105969
Remove  tid 105969
FindTargetPageId rootid 23 tid 105969
target_page_id id: 22 tid 105969
0 1 tid 105969
365 22 tid 105969
173 tid 105969
Remove  tid 105969
FindTargetPageId rootid 23 tid 105969
target_page_id id: 22 tid 105969
0 1 tid 105969
365 22 tid 105969
172 tid 105969
Remove  tid 105969
FindTargetPageId rootid 23 tid 105970
target_page_id id: 1 tid 105970
0 1 tid 105970
365 22 tid 105970
170 tid 105970
Insert  tid 105970
FindTargetPageId rootid 23 tid 105970
target_page_id id: 1 tid 105970
0 1 tid 105970
365 22 tid 105970
171 tid 105970
Insert  tid 105970
FindTargetPageId rootid 23 tid 105970
target_page_id id: 1 tid 105970
0 1 tid 105970
365 22 tid 105970
172 tid 105970
Insert  tid 105970
FindTargetPageId rootid 23 tid 105970
target_page_id id: 1 tid 105970
0 1 tid 105970
365 22 tid 105970
173 tid 105970
Insert  tid 105970
FindTargetPageId rootid 23 tid 105970
target_page_id id: 1 tid 105970
0 1 tid 105970
365 22 tid 105970
174 tid 105970
Insert  tid 105970
FindTargetPageId rootid 23 tid 105970
target_page_id id: 1 tid 105970
0 1 tid 105970
365 22 tid 105970
175 tid 105970
Insert  tid 105970
FindTargetPageId rootid 23 tid 105970
target_page_id id: 1 tid 105970
0 1 tid 105970
365 22 tid 105970
176 tid 105970
Insert  tid 105970
FindTargetPageId rootid 23 tid 105970
target_page_id id: 1 tid 105970
0 1 tid 105970
365 22 tid 105970
177 tid 105970
Insert  tid 105970
FindTargetPageId rootid 23 tid 105970
target_page_id id: 1 tid 105970
0 1 tid 105970
365 22 tid 105970
178 tid 105970
Insert  tid 105970
FindTargetPageId rootid 23 tid 105970
target_page_id id: 1 tid 105970
0 1 tid 105970
365 22 tid 105970
179 tid 105970
Insert  tid 105970
FindTargetPageId rootid 23 tid 105970
target_page_id id: 1 tid 105970
0 1 tid 105970
365 22 tid 105970
180 tid 105970
Insert  tid 105970
FindTargetPageId rootid 23 tid 105970
target_page_id id: 1 tid 105970
0 1 tid 105970
365 22 tid 105970
181 tid 105970
Insert  tid 105970
FindTargetPageId rootid 23 tid 105970
target_page_id id: 1 tid 105970
0 1 tid 105970
365 22 tid 105970
182 tid 105970
Insert  tid 105970
FindTargetPageId rootid 23 tid 105970
target_page_id id: 1 tid 105970
0 1 tid 105970
365 22 tid 105970
183 tid 105970
Insert  tid 105970
FindTargetPageId rootid 23 tid 105970
target_page_id id: 1 tid 105970
0 1 tid 105970
365 22 tid 105970
184 tid 105970
Insert  tid 105970
FindTargetPageId rootid 23 tid 105970
target_page_id id: 1 tid 105970
0 1 tid 105970
365 22 tid 105970
185 tid 105970
Insert  tid 105970
FindTargetPageId rootid 23 tid 105968
target_page_id id: 22 tid 105968
0 1 tid 105968
365 22 tid 105968
171 tid 105968
Insert  tid 105968
FindTargetPageId rootid 23 tid 105968
target_page_id id: 22 tid 105968
0 1 tid 105968
365 22 tid 105968
172 tid 105968
FindTargetPageId rootid 23 tid 105969
target_page_id id: 22 tid 105969
0 1 tid 105969
365 22 tid 105969
173 tid 105969
Remove  tid 105969
FindTargetPageId rootid 23 tid 105969
target_page_id id: 22 tid 105969
0 1 tid 105969
365 22 tid 105969
172 tid 105969
Remove  tid 105969
FindTargetPageId rootid 23 tid 105969
target_page_id id: 22 tid 105969
0 1 tid 105969
365 22 tid 105969
171 tid 105969
Remove  tid 105969
FindTargetPageId rootid 23 tid 105969
target_page_id id: 22 tid 105969
0 1 tid 105969
365 22 tid 105969
170 tid 105969
Remove  tid 105969
FindTargetPageId rootid 23 tid 105969
target_page_id id: 22 tid 105969
0 1 tid 105969
365 22 tid 105969
169 tid 105969
Remove  tid 105969
FindTargetPageId rootid 23 tid 105969
target_page_id id: 22 tid 105969
0 1 tid 105969
365 22 tid 105969
168 tid 105969
Remove  tid 105969
Insert FindTargetPageId rootid 23 tid 105969
 tid target_page_id id: 22 tid 105969
0 1 tid 105969
365 22 tid 105969
167 tid 105969
105968
Remove  tid FindTargetPageId rootid 23 tid 105968
target_page_id id: 22 tid 105968
0 1 tid 105968
365 22 tid 105968
166 tid 105968
Insert  tid 105968
FindTargetPageId rootid 23 tid 105968
target_page_id id: 22 tid 105968
0 1 tid 105968
365 22 tid 105968
167 tid 105968
Insert  tid 105968
FindTargetPageId rootid 23 tid 105968
target_page_id id: 22 tid 105968
0 1 tid 105968
365 22 tid 105968
105969168 tid 105968

Insert  tid 105968
FindTargetPageId rootid 23 tid 105969
target_page_id id: 22 tid 105969
0 1 tid 105969
365 22 tid 105969
169 tid 105969
Remove  tid 105969
FindTargetPageId rootid 23 tid 105969
target_page_id id: 22 tid 105969
0 1 tid 105969
365 22 tid 105969
168 tid 105969
Remove  tid 105969
FindTargetPageId rootid 23 tid 105969
target_page_id id: 22 tid 105969
0 1 tid 105969
365 22 tid 105969
167 tid 105969
Remove  tid 105969
FindTargetPageId rootid 23 tid 105969
target_page_id id: 22 tid 105969
0 1 tid 105969
365 22 tid 105969
166 tid 105969
Remove  tid 105969
FindTargetPageId rootid 23 tid 105969
target_page_id id: 22 tid 105969
0 1 tid 105969
365 22 tid 105969
165 tid 105969
Remove  tid 105969
FindTargetPageId rootid 23 tid 105969
target_page_id id: 22 tid 105969
0 1 tid 105969
365 22 tid 105969
164 tid 105969
Remove  tid 105969
FindTargetPageId rootid 23 tid 105968
target_page_id id: 22 tid 105968
0 1 tid 105968
365 22 tid 105968
163 tid 105968
Insert  tid 105968
FindTargetPageId rootid 23 tid 105968
target_page_id id: 22 tid 105968
0 1 tid 105968
365 22 tid 105968
164 tid 105968
Insert  tid 105968
FindTargetPageId rootid 23 tid 105968
target_page_id id: 22 tid 105968
0 1 tid 105968
365 22 tid 105968
165 tid 105968
Insert  tid 105968
FindTargetPageId rootid 23 tid 105969
target_page_id id: 22 tid 105969
0 1 tid 105969
365 22 tid 105969
166 tid 105969
Remove  tid 105969
FindTargetPageId rootid 23 tid 105970
target_page_id id: 1 tid 105970
0 1 tid 105970
365 22 tid 105970
186 tid 105970
Insert  tid 105970
FindTargetPageId rootid 23 tid 105970
target_page_id id: 1 tid 105970
0 1 tid 105970
365 22 tid 105970
187 tid 105970
Insert  tid 105970
FindTargetPageId rootid 23 tid 105970
target_page_id id: 1 tid 105970
0 1 tid 105970
365 22 tid 105970
188 tid 105970
Insert  tid 105970
FindTargetPageId rootid 23 tid 105970
target_page_id id: 1 tid 105970
0 1 tid 105970
365 22 tid 105970
189 tid 105970
Insert  tid 105970
FindTargetPageId rootid 23 tid 105970
target_page_id id: 1 tid 105970
0 1 tid 105970
365 22 tid 105970
190 tid 105970
Insert  tid 105970
FindTargetPageId rootid 23 tid 105970
target_page_id id: 1 tid 105970
0 1 tid 105970
365 22 tid 105970
191 tid 105970
Insert  tid 105970
FindTargetPageId rootid 23 tid 105970
target_page_id id: 1 tid 105970
0 1 tid 105970
365 22 tid 105970
192 tid 105970
Insert  tid 105970
FindTargetPageId rootid 23 tid 105970
target_page_id id: 1 tid 105970
0 1 tid 105970
365 22 tid 105970
193 tid 105970
Insert  tid 105970
FindTargetPageId rootid 23 tid 105970
target_page_id id: 1 tid 105970
0 1 tid 105970
365 22 tid 105970
194 tid 105970
Insert  tid 105970
FindTargetPageId rootid 23 tid 105970
target_page_id id: 1 tid 105970
0 1 tid 105970
365 22 tid 105970
195 tid 105970
Insert  tid 105970
FindTargetPageId rootid 23 tid 105970
target_page_id id: 1 tid 105970
0 1 tid 105970
365 22 tid 105970
196 tid 105970
Insert  tid 105970
FindTargetPageId rootid 23 tid 105970
target_page_id id: 1 tid 105970
0 1 tid 105970
365 22 tid 105970
197 tid 105970
Insert  tid 105970
FindTargetPageId rootid 23 tid 105970
target_page_id id: 1 tid 105970
0 1 tid 105970
365 22 tid 105970
198 tid 105970
Insert  tid 105970
FindTargetPageId rootid 23 tid 105970
target_page_id id: 1 tid 105970
0 1 tid 105970
365 22 tid 105970
199 tid 105970
Insert  tid 105970
FindTargetPageId rootid 23 tid 105970
target_page_id id: 1 tid 105970
0 1 tid 105970
365 22 tid 105970
200 tid 105970
Insert  tid 105970
FindTargetPageId rootid 23 tid 105970
target_page_id id: 1 tid 105970
0 1 tid 105970
365 22 tid 105970
201 tid 105970
Insert  tid 105970
FindTargetPageId rootid 23 tid 105970
target_page_id id: 1 tid 105970
0 1 tid 105970
365 22 tid 105970
202 tid 105970
Insert  tid 105970
FindTargetPageId rootid 23 tid 105970
target_page_id id: 1 tid 105970
0 1 tid 105970
365 22 tid 105970
203 tid 105970
Insert  tid 105970
FindTargetPageId rootid 23 tid 105970
target_page_id id: 1 tid 105970
0 1 tid 105970
365 22 tid 105970
204 tid 105970
Insert  tid 105970
FindTargetPageId rootid 23 tid 105970
target_page_id id: 1 tid 105970
0 1 tid 105970
365 22 tid 105970
205 tid 105970
Insert  tid 105970
FindTargetPageId rootid 23 tid 105970
target_page_id id: 1 tid 105970
0 1 tid 105970
365 22 tid 105970
206 tid 105970
Insert  tid 105970
FindTargetPageId rootid 23 tid 105970
target_page_id id: 22 tid 105970
0 1 tid 105970
365 22 tid 105970
165 tid 105970
Insert  tid 105970
FindTargetPageId rootid 23 tid 105970
target_page_id id: 22 tid 105970
0 1 tid 105970
365 22 tid 105970
166 tid 105970
Insert  tid 105970
FindTargetPageId rootid 23 tid 105970
target_page_id id: 22 tid 105970
0 1 tid 105970
365 22 tid 105970
167 tid 105970
Insert  tid 105970
FindTargetPageId rootid 23 tid 105970
target_page_id id: 22 tid 105970
0 1 tid 105970
365 22 tid 105970
168 tid 105970
Insert  tid 105970
FindTargetPageId rootid 23 tid 105970
target_page_id id: 22 tid 105970
0 1 tid 105970
365 22 tid 105970
169 tid 105970
Insert  tid 105970
FindTargetPageId rootid 23 tid 105970
target_page_id id: 22 tid 105970
0 1 tid 105970
365 22 tid 105970
170 tid 105970
Insert  tid 105970
FindTargetPageId rootid 23 tid 105970
target_page_id id: 22 tid 105970
0 1 tid 105970
365 22 tid 105970
171 tid 105970
Insert  tid 105970
FindTargetPageId rootid 23 tid 105970
target_page_id id: 22 tid 105970
0 1 tid 105970
365 22 tid 105970
172 tid 105970
Insert  tid 105970
FindTargetPageId rootid 23 tid 105970
target_page_id id: 22 tid 105970
0 1 tid 105970
365 22 tid 105970
173 tid 105970
Insert  tid 105970
FindTargetPageId rootid 23 tid 105970
target_page_id id: 22 tid 105970
0 1 tid 105970
365 22 tid 105970
174 tid 105970
Insert  tid 105970
FindTargetPageId rootid 23 tid 105970
target_page_id id: 22 tid 105970
0 1 tid 105970
365 22 tid 105970
175 tid 105970
Insert  tid 105970
FindTargetPageId rootid 23 tid 105970
target_page_id id: 22 tid 105970
0 1 tid 105970
365 22 tid 105970
176 tid 105970
Insert  tid 105970
FindTargetPageId rootid 23 tid 105970
target_page_id id: 22 tid 105970
0 1 tid 105970
365 22 tid 105970
177 tid 105970
Insert  tid 105970
FindTargetPageId rootid 23 tid 105970
target_page_id id: 22 tid 105970
0 1 tid 105970
365 22 tid 105970
178 tid 105970
Insert  tid 105970
FindTargetPageId rootid 23 tid 105970
target_page_id id: 22 tid 105970
0 1 tid 105970
365 22 tid 105970
179 tid 105970
Insert  tid 105970
FindTargetPageId rootid 23 tid 105970
target_page_id id: 22 tid 105970
0 1 tid 105970
365 22 tid 105970
180 tid 105970
Insert  tid 105970
FindTargetPageId rootid 23 tid 105970
target_page_id id: 22 tid 105970
0 1 tid 105970
365 22 tid 105970
181 tid 105970
Insert  tid 105970
FindTargetPageId rootid 23 tid 105970
target_page_id id: 22 tid 105970
0 1 tid 105970
365 22 tid 105970
182 tid 105970
Insert  tid 105970
FindTargetPageId rootid 23 tid 105970
target_page_id id: 22 tid 105970
0 1 tid 105970
365 22 tid 105970
183 tid 105970
Insert  tid 105970
FindTargetPageId rootid 23 tid 105970
target_page_id id: 22 tid 105970
0 1 tid 105970
365 22 tid 105970
184 tid 105970
Insert  tid 105970
FindTargetPageId rootid 23 tid 105968
target_page_id id: 22 tid 105968
0 1 tid 105968
365 22 tid 105968
185 tid 105968
FindTargetPageId rootid 23 tid 105969
target_page_id id: 22 tid 105969
0 1 tid 105969
365 22 tid 105969
186 tid 105969
Insert  tid 105968
Remove  tid 105969
FindTargetPageId rootid 23 tid 105970
target_page_id id: 22 tid 105970
0 1 tid 105970
365 22 tid 105970
185 tid 105970
Insert  tid 105970
FindTargetPageId rootid 23 tid 105970
target_page_id id: 22 tid 105970
0 1 tid 105970
365 22 tid 105970
186 tid 105970
Insert  tid 105970
FindTargetPageId rootid 23 tid 105970
target_page_id id: 22 tid 105970
0 1 tid 105970
365 22 tid 105970
187 tid 105970
Insert  tid 105970
FindTargetPageId rootid 23 tid 105970
target_page_id id: 22 tid 105970
0 1 tid 105970
365 22 tid 105970
188 tid 105970
Insert  tid 105970
FindTargetPageId rootid 23 tid 105969
target_page_id id: 22 tid 105969
0 1 tid 105969
365 22 tid 105969
189 tid 105969
Remove  tid 105969
FindTargetPageId rootid 23 tid 105968
target_page_id id: 22 tid 105968
0 1 tid 105968
365 22 tid 105968
188 tid 105968
Insert  tid 105968
FindTargetPageId rootid 23 tid 105968
target_page_id id: 22 tid 105968
0 1 tid 105968
365 22 tid 105968
189 tid 105968
Insert  tid 105968
FindTargetPageId rootid 23 tid 105970
target_page_id id: 22 tid 105970
0 1 tid 105970
365 22 tid 105970
190 tid 105970
Insert  tid 105970
FindTargetPageId rootid 23 tid 105969
target_page_id id: 22 tid 105969
0 1 tid 105969
365 22 tid 105969
191 tid 105969
Remove  tid 105969
FindTargetPageId rootid 23 tid 105969
target_page_id id: 22 tid 105969
0 1 tid 105969
365 22 tid 105969
190 tid 105969
Remove  tid 105969
FindTargetPageId rootid 23 tid 105970
target_page_id id: 22 tid 105970
0 1 tid 105970
365 22 tid 105970
189 tid 105970
Insert  tid 105970
FindTargetPageId rootid 23 tid 105970
target_page_id id: 22 tid 105970
0 1 tid 105970
365 22 tid 105970
190 tid 105970
FindTargetPageId rootid 23 tid 105969Insert  tid 
target_page_id id: 22 tid 105969
0 1 tid 105969
365 22 tid 105969
191 tid 105969
105970
FindTargetPageId rootid 23 tid 105970
target_page_id id: 22 tid 105970
0 1 tid 105970
365 22 tid 105970
190 tid 105970
Insert  tid 105970
Remove  tid 105969
FindTargetPageId rootid 23 tid 105970
target_page_id id: 22 tid 105970
0 1 tid 105970
365 22 tid 105970
191 tid 105970
Insert  tid 105970
FindTargetPageId rootid 23 tid 105968
target_page_id id: 22 tid 105968
0 1 tid 105968
365 22 tid 105968
192 tid 105968
Insert  tid 105968
FindTargetPageId rootid 23 tid 105968
target_page_id id: 22 tid 105968
0 1 tid 105968
365 22 tid 105968
193 tid 105968
Insert  tid 105968
FindTargetPageId rootid 23 tid 105968
target_page_id id: 22 tid 105968
0 1 tid 105968
365 22 tid 105968
194 tid 105968
Insert  tid 105968
FindTargetPageId rootid 23 tid 105968
target_page_id id: 22 tid 105968
0 1 tid 105968
365 22 tid 105968
195 tid 105968
Insert  tid 105968
FindTargetPageId rootid 23 tid 105968
target_page_id id: 22 tid 105968
0 1 tid 105968
365 22 tid 105968
196 tid 105968
Insert  tid 105968
FindTargetPageId rootid 23 tid 105968
target_page_id id: 22 tid 105968
0 1 tid 105968
365 22 tid 105968
197 tid 105968
Insert  tid 105968
FindTargetPageId rootid 23 tid 105968
target_page_id id: 22 tid 105968
0 1 tid 105968
365 22 tid 105968
198 tid 105968
Insert  tid 105968
FindTargetPageId rootid 23 tid 105968
target_page_id id: 22 tid 105968
0 1 tid 105968
365 22 tid 105968
199 tid 105968
Insert  tid 105968
FindTargetPageId rootid 23 tid 105968
target_page_id id: 22 tid 105968
0 1 tid 105968
365 22 tid 105968
200 tid 105968
Insert  tid 105968
FindTargetPageId rootid 23 tid 105969
target_page_id id: 22 tid 105969
0 1 tid 105969
365 22 tid 105969
201 tid 105969
Remove  tid 105969
FindTargetPageId rootid 23 tid 105970
target_page_id id: 22 tid 105970
0 1 tid 105970
365 22 tid 105970
200 tid 105970
FindTargetPageId rootid 23 tid 105968
Insert  tid 105970
target_page_id id: 22 tid 105968
0 1 tid 105968
365 22 tid 105968
201 tid 105968
Insert  tid 105968
FindTargetPageId rootid 23 tid 105970
target_page_id id: 22 tid 105970
0 1 tid 105970
365 22 tid 105970
202 tid 105970
Insert  tid 105970
FindTargetPageId rootid 23 tid 105969
target_page_id id: 22 tid 105969
0 1 tid 105969
365 22 tid 105969
203 tid 105969
Remove  tid 105969
FindTargetPageId rootid 23 tid 105969
target_page_id id: 22 tid 105969
0 1 tid 105969
365 22 tid 105969
202 tid 105969
Remove  tid 105969
FindTargetPageId rootid 23 tid 105969
target_page_id id: 22 tid 105969
0 1 tid 105969
365 22 tid 105969
201 tid 105969
Remove  tid 105969
FindTargetPageId rootid 23 tid 105969
target_page_id id: 22 tid 105969
0 1 tid 105969
365 22 tid 105969
200 tid 105969
Remove  tid 105969
FindTargetPageId rootid 23 tid 105970
target_page_id id: 22 tid 105970
0 1 tid 105970
365 22 tid 105970
199 tid 105970
Insert  tid 105970
FindTargetPageId rootid 23 tid 105970
target_page_id id: 22 tid 105970
0 1 tid 105970
365 22 tid 105970
200 tid 105970
Insert  tid 105970
FindTargetPageId rootid 23 tid 105970
target_page_id id: 22 tid 105970
0 1 tid 105970
365 22 tid 105970
201 tid 105970
Insert  tid 105970
FindTargetPageId rootid 23 tid 105970
target_page_id id: 22 tid 105970
0 1 tid 105970
365 22 tid 105970
202 tid 105970
Insert  tid 105970
FindTargetPageId rootid 23 tid 105970
target_page_id id: 22 tid 105970
0 1 tid 105970
365 22 tid 105970
203 tid 105970
Insert  tid 105970
FindTargetPageId rootid 23 tid 105970
target_page_id id: 22 tid 105970
0 1 tid 105970
365 22 tid 105970
204 tid 105970
Insert  tid 105970
FindTargetPageId rootid 23 tid 105970
target_page_id id: 22 tid 105970
0 1 tid 105970
365 22 tid 105970
205 tid 105970
FindTargetPageId rootid 23 tid 105969
target_page_id id: 22 tid 105969
0 1 tid 105969
365 22 tid 105969
Insert 206 tid  tid 105969
105970
FindTargetPageId rootid 23 tid 105970
target_page_id id: 22 tid 105970
0 1 tid 105970
365 22 tid 105970
205 tid 105970
Insert  tid 105970
Remove  tid 105969
FindTargetPageId rootid 23 tid 105968
target_page_id id: 22 tid 105968
0 1 tid 105968
365 22 tid 105968
206 tid 105968
Insert  tid 105968
FindTargetPageId rootid 23 tid 105970
target_page_id id: 22 tid 105970
0 1 tid 105970
365 22 tid 105970
207 tid 105970
Insert  tid 105970
FindTargetPageId rootid 23 tid 105969
target_page_id id: 22 tid 105969
0 1 tid 105969
365 22 tid 105969
208 tid 105969
Remove  tid 105969
FindTargetPageId rootid 23 tid 105969
target_page_id id: 22 tid 105969
0 1 tid 105969
365 22 tid 105969
207 tid 105969
Remove  tid 105969
FindTargetPageId rootid 23 tid 105970
target_page_id id: 22 tid 105970
0 1 tid 105970
365 22 tid 105970
206 tid 105970
Insert  tid 105970
FindTargetPageId rootid 23 tid 105970
target_page_id id: 22 tid 105970
0 1 tid 105970
365 22 tid 105970
207 tid 105970
Insert  tid 105970
FindTargetPageId rootid 23 tid 105970
target_page_id id: 22 tid 105970
0 1 tid 105970
365 22 tid 105970
208 tid 105970
FindTargetPageId rootid 23 tid 105969
target_page_id id: 22 tid 105969
0 1 tid 105969
365 22 tid 105969
209 tid 105969
Insert  tid 105970
Remove  tid 105969
FindTargetPageId rootid 23 tid 105969
target_page_id id: 22 tid 105969
0 1 tid 105969
365 22 tid 105969
208 tid 105969
Remove  tid 105969
FindTargetPageId rootid 23 tid 105970
target_page_id id: 22 tid 105970
0 1 tid 105970
365 22 tid 105970
207 tid 105970
Insert  tid 105970
FindTargetPageId rootid 23 tid 105969
target_page_id id: 22 tid 105969
0 1 tid 105969
365 22 tid 105969
208 tid 105969
Remove  tid 105969
FindTargetPageId rootid 23 tid 105968
target_page_id id: 22 tid 105968
0 1 tid 105968
365 22 tid 105968
207 tid 105968
Insert  tid 105968
FindTargetPageId rootid 23 tid 105970
target_page_id id: 22 tid 105970
0 1 tid 105970
365 22 tid 105970
208 tid 105970
Insert  tid 105970
FindTargetPageId rootid 23 tid 105969
target_page_id id: 22 tid 105969
0 1 tid 105969
365 22 tid 105969
209 tid 105969
Remove  tid 105969
FindTargetPageId rootid 23 tid 105968
target_page_id id: 22 tid 105968
0 1 tid 105968
365 22 tid 105968
208 tid 105968
Insert  tid 105968
FindTargetPageId rootid 23 tid 105968
target_page_id id: 22 tid 105968
0 1 tid 105968
365 22 tid 105968
209 tid 105968
Insert  tid 105968
FindTargetPageId rootid 23 tid 105969
target_page_id id: 22 tid 105969
0 1 tid 105969
365 22 tid 105969
210 tid 105969
Remove  tid 105969
FindTargetPageId rootid 23 tid 105969
target_page_id id: 22 tid 105969
0 1 tid 105969
365 22 tid 105969
209 tid 105969
Remove  tid 105969
FindTargetPageId rootid 23 tid 105969
target_page_id id: 22 tid 105969
0 1 tid 105969
365 22 tid 105969
208 tid 105969
Remove  tid 105969
FindTargetPageId rootid 23 tid 105968
target_page_id id: 22 tid 105968
0 1 tid 105968
365 22 tid 105968
207 tid 105968
Insert  tid 105968
FindTargetPageId rootid 23 tid 105970
target_page_id id: 22 tid 105970
0 1 tid 105970
365 22 tid 105970
208 tid 105970
Insert  tid 105970
FindTargetPageId rootid 23 tid 105969
target_page_id id: 22 tid 105969
0 1 tid 105969
365 22 tid 105969
209 tid 105969
Remove  tid 105969
FindTargetPageId rootid 23 tid 105969
target_page_id id: 22 tid 105969
0 1 tid 105969
365 22 tid 105969
208 tid 105969
Remove  tid 105969
FindTargetPageId rootid 23 tid 105969
target_page_id id: 22 tid 105969
0 1 tid 105969
365 22 tid 105969
207 tid 105969
Remove  tid 105969
FindTargetPageId rootid 23 tid 105969
target_page_id id: 22 tid 105969
0 1 tid 105969
365 22 tid 105969
206 tid 105969
Remove  tid 105969
FindTargetPageId rootid 23 tid 105969
target_page_id id: 22 tid 105969
0 1 tid 105969
365 22 tid 105969
205 tid 105969
Remove  tid 105969
FindTargetPageId rootid 23 tid 105969
target_page_id id: 22 tid 105969
0 1 tid 105969
365 22 tid 105969
204 tid 105969
Remove  tid 105969
FindTargetPageId rootid 23 tid 105969
target_page_id id: 22 tid 105969
0 1 tid 105969
365 22 tid 105969
203 tid 105969
Remove  tid 105969
FindTargetPageId rootid 23 tid 105969
target_page_id id: 22 tid 105969
0 1 tid 105969
365 22 tid 105969
202 tid 105969
Remove  tid 105969
FindTargetPageId rootid 23 tid 105969
target_page_id id: 22 tid 105969
0 1 tid 105969
365 22 tid 105969
201 tid 105969
Remove  tid 105969
FindTargetPageId rootid 23 tid 105969
target_page_id id: 22 tid 105969
0 1 tid 105969
365 22 tid 105969
200 tid 105969
Remove  tid 105969
FindTargetPageId rootid 23 tid 105969
target_page_id id: 22 tid 105969
0 1 tid 105969
365 22 tid 105969
199 tid 105969
Remove  tid 105969
FindTargetPageId rootid 23 tid 105969
target_page_id id: 22 tid 105969
0 1 tid 105969
365 22 tid 105969
198 tid 105969
Remove  tid 105969
FindTargetPageId rootid 23 tid 105969
target_page_id id: 22 tid 105969
0 1 tid 105969
365 22 tid 105969
197 tid 105969
Remove  tid 105969
FindTargetPageId rootid 23 tid 105969
target_page_id id: 22 tid 105969
0 1 tid 105969
365 22 tid 105969
196 tid 105969
Remove  tid 105969
FindTargetPageId rootid 23 tid 105969
target_page_id id: 22 tid 105969
0 1 tid 105969
365 22 tid 105969
195 tid 105969
Remove  tid 105969
FindTargetPageId rootid 23 tid 105969
target_page_id id: 22 tid 105969
0 1 tid 105969
365 22 tid 105969
194 tid 105969
Remove  tid 105969
FindTargetPageId rootid 23 tid 105969
target_page_id id: 22 tid 105969
0 1 tid 105969
365 22 tid 105969
193 tid 105969
Remove  tid 105969
FindTargetPageId rootid 23 tid 105969
target_page_id id: 22 tid 105969
0 1 tid 105969
365 22 tid 105969
192 tid 105969
Remove  tid 105969
FindTargetPageId rootid 23 tid 105969
target_page_id id: 22 tid 105969
0 1 tid 105969
365 22 tid 105969
191 tid 105969
Remove  tid 105969
FindTargetPageId rootid 23 tid 105969
target_page_id id: 22 tid 105969
0 1 tid 105969
365 22 tid 105969
190 tid 105969
Remove  tid 105969
FindTargetPageId rootid 23 tid 105969
target_page_id id: 22 tid 105969
0 1 tid 105969
365 22 tid 105969
189 tid 105969
Remove  tid 105969
FindTargetPageId rootid 23 tid 105969
target_page_id id: 22 tid 105969
0 1 tid 105969
365 22 tid 105969
188 tid 105969
Remove  tid 105969
FindTargetPageId rootid 23 tid 105969
target_page_id id: 22 tid 105969
0 1 tid 105969
365 22 tid 105969
187 tid 105969
Remove  tid 105969
FindTargetPageId rootid 23 tid 105969
target_page_id id: 22 tid 105969
0 1 tid 105969
365 22 tid 105969
186 tid 105969
Remove  tid 105969
FindTargetPageId rootid 23 tid 105969
target_page_id id: 22 tid 105969
0 1 tid 105969
365 22 tid 105969
185 tid 105969
Remove  tid 105969
FindTargetPageId rootid 23 tid 105969
target_page_id id: 22 tid 105969
0 1 tid 105969
365 22 tid 105969
184 tid 105969
Remove  tid 105969
FindTargetPageId rootid 23 tid 105969
target_page_id id: 22 tid 105969
0 1 tid 105969
365 22 tid 105969
183 tid 105969
Remove  tid 105969
FindTargetPageId rootid 23 tid 105969
target_page_id id: 22 tid 105969
0 1 tid 105969
365 22 tid 105969
182 tid 105969
Remove  tid 105969
FindTargetPageId rootid 23 tid 105969
target_page_id id: 22 tid 105969
0 1 tid 105969
365 22 tid 105969
181 tid 105969
Remove  tid 105969
FindTargetPageId rootid 23 tid 105969
target_page_id id: 22 tid 105969
0 1 tid 105969
365 22 tid 105969
180 tid 105969
Remove  tid 105969
FindTargetPageId rootid 23 tid 105969
target_page_id id: 22 tid 105969
0 1 tid 105969
365 22 tid 105969
179 tid 105969
Remove  tid 105969
FindTargetPageId rootid 23 tid 105968
target_page_id id: 22 tid 105968
0 1 tid 105968
365 22 tid 105968
178 tid 105968
FindTargetPageId rootid 23 tid 105970
target_page_id id: 22 tid 105970
0 1 tid 105970
365 22 tid 105970
179 tid 105970
Insert  tid 105970
FindTargetPageId rootid 23 tid 105970
target_page_id id: 22 tid 105970
0 1 tid 105970
365 22 tid 105970
180 tid 105970
Insert  tid 105970
FindTargetPageId rootid 23 tid 105970
target_page_id id: 22 tid 105970
0 1 tid 105970
365 22 tid Insert  tid 105970
181 tid 105970
105968
FindTargetPageId rootid 23 tid 105969
target_page_id id: 22 tid 105969
0 1 tid 105969
365 22 tid 105969
182 tid 105969
Remove  tid 105969
FindTargetPageId rootid 23 tid 105969
target_page_id id: 22 tid 105969
0 1 tid 105969
365 22 tid 105969
181 tid 105969
Remove  tid 105969
FindTargetPageId rootid 23 tid 105969
target_page_id id: 22 tid 105969
0 1 tid 105969
365 22 tid 105969
180 tid 105969
Remove  tid 105969
Insert  tid 105970
FindTargetPageId rootid 23 tid 105968
target_page_id id: 22 tid 105968
0 1 tid 105968
365 22 tid 105968
179 tid 105968
Insert  tid 105968
FindTargetPageId rootid 23 tid 105970
target_page_id id: 22 tid 105970
0 1 tid 105970
365 22 tid 105970
180 tid 105970
Insert  tid 105970
FindTargetPageId rootid 23 tid 105970
target_page_id id: 22 tid 105970
0 1 tid 105970
365 22 tid 105970
181 tid 105970
Insert  tid 105970
FindTargetPageId rootid 23 tid 105970
target_page_id id: 22 tid 105970
0 1 tid 105970
365 22 tid 105970
182 tid 105970
Insert  tid 105970
FindTargetPageId rootid 23 tid 105970
target_page_id id: 22 tid 105970
0 1 tid 105970
365 22 tid 105970
183 tid 105970
Insert  tid 105970
FindTargetPageId rootid 23 tid 105968
target_page_id id: 22 tid 105968
0 1 tid 105968
365 22 tid 105968
184 tid 105968
Insert  tid 105968
FindTargetPageId rootid 23 tid 105969
target_page_id id: 22 tid 105969
0 1 tid 105969
365 22 tid 105969
185 tid 105969
Remove  tid 105969
FindTargetPageId rootid 23 tid 105969
target_page_id id: 22 tid 105969
0 1 tid 105969
365 22 tid 105969
184 tid 105969
Remove  tid 105969
FindTargetPageId rootid 23 tid 105969
target_page_id id: 22 tid 105969
0 1 tid 105969
365 22 tid 105969
183 tid 105969
Remove  tid 105969
FindTargetPageId rootid 23 tid 105969
target_page_id id: 22 tid 105969
0 1 tid 105969
365 22 tid 105969
182 tid 105969
Remove  tid 105969
FindTargetPageId rootid 23 tid 105969
target_page_id id: 22 tid 105969
0 1 tid 105969
365 22 tid 105969
181 tid 105969
Remove  tid 105969
FindTargetPageId rootid 23 tid 105969
target_page_id id: 22 tid 105969
0 1 tid 105969
365 22 tid 105969
181 tid 105969
Remove  tid 105969
FindTargetPageId rootid 23 tid 105969
target_page_id id: 22 tid 105969
0 1 tid 105969
365 22 tid 105969
181 tid 105969
Remove  tid 105969
FindTargetPageId rootid 23 tid 105969
target_page_id id: 22 tid 105969
0 1 tid 105969
365 22 tid 105969
181 tid 105969
Remove  tid 105969
FindTargetPageId rootid 23 tid 105969
target_page_id id: 22 tid 105969
0 1 tid 105969
365 22 tid 105969
181 tid 105969
Remove  tid 105969
FindTargetPageId rootid 23 tid 105969
target_page_id id: 22 tid 105969
0 1 tid 105969
365 22 tid 105969
181 tid 105969
Remove  tid 105969
FindTargetPageId rootid 23 tid 105970
target_page_id id: 22 tid 105970
0 1 tid 105970
365 22 tid 105970
181 tid 105970
Insert  tid 105970
FindTargetPageId rootid 23 tid 105970
target_page_id id: 22 tid 105970
0 1 tid 105970
365 22 tid 105970
182 tid 105970
Insert  tid 105970
FindTargetPageId rootid 23 tid 105970
target_page_id id: 22 tid 105970
0 1 tid 105970
365 22 tid 105970
183 tid 105970
Insert  tid 105970
FindTargetPageId rootid 23 tid 105970
target_page_id id: 22 tid 105970
0 1 tid 105970
365 22 tid 105970
184 tid 105970
Insert  tid 105970
FindTargetPageId rootid 23 tid 105970
target_page_id id: 22 tid 105970
0 1 tid 105970
365 22 tid 105970
185 tid 105970
Insert  tid 105970
FindTargetPageId rootid 23 tid 105969
target_page_id id: 22 tid 105969
0 1 tid 105969
365 22 tid 105969
186 tid 105969
Remove  tid 105969
FindTargetPageId rootid 23 tid 105968
target_page_id id: 22 tid 105968
0 1 tid 105968
365 22 tid 105968
186 tid 105968
Insert  tid 105968
FindTargetPageId rootid 23 tid 105968
target_page_id id: 22 tid 105968
0 1 tid 105968
365 22 tid 105968
187 tid 105968
Insert  tid 105968
FindTargetPageId rootid 23 tid 105968
target_page_id id: 22 tid 105968
0 1 tid 105968
365 22 tid 105968
188 tid 105968
Insert  tid 105968
FindTargetPageId rootid 23 tid 105968
target_page_id id: 22 tid 105968
0 1 tid 105968
365 22 tid 105968
189 tid 105968
Insert  tid 105968
FindTargetPageId rootid 23 tid 105968
target_page_id id: 22 tid 105968
0 1 tid 105968
365 22 tid 105968
190 tid 105968
Insert  tid 105968
FindTargetPageId rootid 23 tid 105969
target_page_id id: 22 tid 105969
0 1 tid 105969
365 22 tid 105969
191 tid 105969
Remove  tid 105969
FindTargetPageId rootid 23 tid 105970
target_page_id id: 22 tid 105970
0 1 tid 105970
365 22 tid 105970
191 tid 105970
Insert  tid 105970
FindTargetPageId rootid 23 tid 105968
target_page_id id: 22 tid 105968
0 1 tid 105968
365 22 tid 105968
192 tid 105968
Insert  tid 105968
FindTargetPageId rootid 23 tid 105968
target_page_id id: 22 tid 105968
0 1 tid 105968
365 22 tid 105968
193 tid 105968
Insert  tid 105968
FindTargetPageId rootid 23 tid 105968
target_page_id id: 22 tid 105968
0 1 tid 105968
365 22 tid 105968
194 tid 105968
Insert  tid 105968
FindTargetPageId rootid 23 tid 105968
target_page_id id: 22 tid 105968
0 1 tid 105968
365 22 tid 105968
195 tid 105968
Insert  tid 105968
FindTargetPageId rootid 23 tid 105968
target_page_id id: 22 tid 105968
0 1 tid 105968
365 22 tid 105968
196 tid 105968
Insert  tid 105968
FindTargetPageId rootid 23 tid 105968
target_page_id id: 22 tid 105968
0 1 tid 105968
365 22 tid 105968
197 tid 105968
Insert  tid 105968
FindTargetPageId rootid 23 tid 105968
target_page_id id: 22 tid 105968
0 1 tid 105968
365 22 tid 105968
198 tid 105968
Insert  tid 105968
FindTargetPageId rootid 23 tid 105968
target_page_id id: 22 tid 105968
0 1 tid 105968
365 22 tid 105968
199 tid 105968
Insert  tid 105968
FindTargetPageId rootid 23 tid 105968
target_page_id id: 22 tid 105968
0 1 tid 105968
365 22 tid 105968
200 tid 105968
Insert  tid 105968
FindTargetPageId rootid 23 tid 105968
target_page_id id: 22 tid 105968
0 1 tid 105968
365 22 tid 105968
201 tid 105968
Insert  tid 105968
FindTargetPageId rootid 23 tid 105968
target_page_id id: 22 tid 105968
0 1 tid 105968
365 22 tid 105968
202 tid 105968
Insert  tid 105968
FindTargetPageId rootid 23 tid 105968
target_page_id id: 22 tid 105968
0 1 tid 105968
365 22 tid 105968
203 tid 105968
Insert  tid 105968
FindTargetPageId rootid 23 tid 105968
target_page_id id: 22 tid 105968
0 1 tid 105968
365 22 tid 105968
204 tid 105968
Insert  tid 105968
FindTargetPageId rootid 23 tid 105968
target_page_id id: 22 tid 105968
0 1 tid 105968
365 22 tid 105968
205 tid 105968
Insert  tid 105968
FindTargetPageId rootid 23 tid 105968
target_page_id id: 22 tid 105968
0 1 tid 105968
365 22 tid 105968
206 tid 105968
Insert  tid 105968
FindTargetPageId rootid 23 tid 105968
target_page_id id: 22 tid 105968
0 1 tid 105968
365 22 tid 105968
207 tid 105968
Insert  tid 105968
FindTargetPageId rootid 23 tid 105968
target_page_id id: 22 tid 105968
0 1 tid 105968
365 22 tid 105968
208 tid 105968
Insert  tid 105968
FindTargetPageId rootid 23 tid 105968
target_page_id id: 22 tid 105968
0 1 tid 105968
365 22 tid 105968
209 tid 105968
Insert  tid 105968
FindTargetPageId rootid 23 tid 105968
target_page_id id: 22 tid 105968
0 1 tid 105968
365 22 tid 105968
210 tid 105968
Insert  tid 105968
FindTargetPageId rootid 23 tid 105968
target_page_id id: 22 tid 105968
0 1 tid 105968
365 22 tid 105968
211 tid 105968
Insert  tid 105968
FindTargetPageId rootid 23 tid 105968
target_page_id id: 22 tid 105968
0 1 tid 105968
365 22 tid 105968
212 tid 105968
Insert  tid 105968
FindTargetPageId rootid 23 tid 105968
target_page_id id: 22 tid 105968
0 1 tid 105968
365 22 tid 105968
213 tid 105968
Insert  tid 105968
FindTargetPageId rootid 23 tid 105968
target_page_id id: 22 tid 105968
0 1 tid 105968
365 22 tid 105968
214 tid 105968
Insert  tid 105968
FindTargetPageId rootid 23 tid 105968
target_page_id id: 22 tid 105968
0 1 tid 105968
365 22 tid 105968
215 tid 105968
Insert  tid 105968
FindTargetPageId rootid 23 tid 105968
target_page_id id: 22 tid 105968
0 1 tid 105968
365 22 tid 105968
216 tid 105968
Insert  tid 105968
FindTargetPageId rootid 23 tid 105968
target_page_id id: 22 tid 105968
0 1 tid 105968
365 22 tid 105968
217 tid 105968
Insert  tid 105968
FindTargetPageId rootid 23 tid 105968
target_page_id id: 22 tid 105968
0 1 tid 105968
365 22 tid 105968
218 tid 105968
Insert  tid 105968
FindTargetPageId rootid 23 tid 105968
target_page_id id: 22 tid 105968
0 1 tid 105968
365 22 tid 105968
219 tid 105968
Insert  tid 105968
FindTargetPageId rootid 23 tid 105968
target_page_id id: 22 tid 105968
0 1 tid 105968
365 22 tid 105968
220 tid 105968
Insert  tid 105968
FindTargetPageId rootid 23 tid 105968
target_page_id id: 22 tid 105968
0 1 tid 105968
365 22 tid 105968
221 tid 105968
Insert  tid 105968
FindTargetPageId rootid 23 tid 105968
target_page_id id: 22 tid 105968
0 1 tid 105968
365 22 tid 105968
222 tid 105968
Insert  tid 105968
FindTargetPageId rootid 23 tid 105968
target_page_id id: 22 tid 105968
0 1 tid 105968
365 22 tid 105968
223 tid 105968
Insert  tid 105968
FindTargetPageId rootid 23 tid 105968
target_page_id id: 22 tid 105968
0 1 tid 105968
365 22 tid 105968
224 tid 105968
Insert  tid 105968
FindTargetPageId rootid 23 tid 105968
target_page_id id: 22 tid 105968
0 1 tid 105968
365 22 tid 105968
225 tid 105968
Insert  tid 105968
FindTargetPageId rootid 23 tid 105968
target_page_id id: 22 tid 105968
0 1 tid 105968
365 22 tid 105968
226 tid 105968
Insert  tid 105968
FindTargetPageId rootid 23 tid 105968
target_page_id id: 22 tid 105968
0 1 tid 105968
365 22 tid 105968
227 tid 105968
Insert  tid 105968
FindTargetPageId rootid 23 tid 105968
target_page_id id: 22 tid 105968
0 1 tid 105968
365 22 tid 105968
228 tid 105968
Insert  tid 105968
FindTargetPageId rootid 23 tid 105968
target_page_id id: 22 tid 105968
0 1 tid 105968
365 22 tid 105968
229 tid 105968
Insert  tid 105968
FindTargetPageId rootid 23 tid 105968
target_page_id id: 22 tid 105968
0 1 tid 105968
365 22 tid 105968
230 tid 105968
Insert  tid 105968
FindTargetPageId rootid 23 tid 105968
target_page_id id: 22 tid 105968
0 1 tid 105968
365 22 tid 105968
231 tid 105968
Insert  tid 105968
FindTargetPageId rootid 23 tid 105968
target_page_id id: 22 tid 105968
0 1 tid 105968
365 22 tid 105968
232 tid 105968
Insert  tid 105968
FindTargetPageId rootid 23 tid 105968
target_page_id id: 22 tid 105968
0 1 tid 105968
365 22 tid 105968
233 tid 105968
Insert  tid 105968
FindTargetPageId rootid 23 tid 105968
target_page_id id: 22 tid 105968
0 1 tid 105968
365 22 tid 105968
234 tid 105968
Insert  tid 105968
FindTargetPageId rootid 23 tid 105968
target_page_id id: 22 tid 105968
0 1 tid 105968
365 22 tid 105968
235 tid 105968
Insert  tid 105968
FindTargetPageId rootid 23 tid 105968
target_page_id id: 22 tid 105968
0 1 tid 105968
365 22 tid 105968
236 tid 105968
Insert  tid 105968
FindTargetPageId rootid 23 tid 105968
target_page_id id: 22 tid 105968
0 1 tid 105968
365 22 tid 105968
237 tid 105968
Insert  tid 105968
FindTargetPageId rootid 23 tid 105968
target_page_id id: 22 tid 105968
0 1 tid 105968
365 22 tid 105968
238 tid 105968
Insert  tid 105968
FindTargetPageId rootid 23 tid 105968
target_page_id id: 22 tid 105968
0 1 tid 105968
365 22 tid 105968
239 tid 105968
Insert  tid 105968
FindTargetPageId rootid 23 tid 105968
target_page_id id: 22 tid 105968
0 1 tid 105968
365 22 tid 105968
240 tid 105968
Insert  tid 105968
FindTargetPageId rootid 23 tid 105968
target_page_id id: 22 tid 105968
0 1 tid 105968
365 22 tid 105968
241 tid 105968
Insert  tid 105968
FindTargetPageId rootid 23 tid 105968
target_page_id id: 22 tid 105968
0 1 tid 105968
365 22 tid 105968
242 tid 105968
Insert  tid 105968
FindTargetPageId rootid 23 tid 105968
target_page_id id: 22 tid 105968
0 1 tid 105968
365 22 tid 105968
243 tid 105968
Insert  tid 105968
FindTargetPageId rootid 23 tid 105968
target_page_id id: 22 tid 105968
0 1 tid 105968
365 22 tid 105968
244 tid 105968
Insert  tid 105968
FindTargetPageId rootid 23 tid 105968
target_page_id id: 22 tid 105968
0 1 tid 105968
365 22 tid 105968
245 tid 105968
Insert  tid 105968
FindTargetPageId rootid 23 tid 105968
target_page_id id: 22 tid 105968
0 1 tid 105968
365 22 tid 105968
246 tid 105968
Insert  tid 105968
FindTargetPageId rootid 23 tid 105968
target_page_id id: 22 tid 105968
0 1 tid 105968
365 22 tid 105968
247 tid 105968
Insert  tid 105968
FindTargetPageId rootid 23 tid 105968
target_page_id id: 22 tid 105968
0 1 tid 105968
365 22 tid 105968
248 tid 105968
Insert  tid 105968
FindTargetPageId rootid 23 tid 105968
target_page_id id: 22 tid 105968
0 1 tid 105968
365 22 tid 105968
249 tid 105968
Insert  tid 105968
FindTargetPageId rootid 23 tid 105968
target_page_id id: 22 tid 105968
0 1 tid 105968
365 22 tid 105968
250 tid 105968
Insert  tid 105968
FindTargetPageId rootid 23 tid 105968
target_page_id id: 22 tid 105968
0 1 tid 105968
365 22 tid 105968
251 tid 105968
Insert  tid 105968
FindTargetPageId rootid 23 tid 105968
target_page_id id: 22 tid 105968
0 1 tid 105968
365 22 tid 105968
252 tid 105968
Insert  tid 105968
FindTargetPageId rootid 23 tid 105968
target_page_id id: 22 tid 105968
0 1 tid 105968
365 22 tid 105968
253 tid 105968
Insert  tid 105968
FindTargetPageId rootid 23 tid 105968
target_page_id id: 22 tid 105968
0 1 tid 105968
365 22 tid 105968
254 tid 105968
Insert  tid 105968
FindTargetPageId rootid 23 tid 105968
target_page_id id: 24 tid 105968
0 1 tid 105968
365 22 tid 105968
546 24 tid 105968
128 tid 105968
Insert  tid 105968
FindTargetPageId rootid 23 tid 105968
target_page_id id: 24 tid 105968
0 1 tid 105968
365 22 tid 105968
546 24 tid 105968
129 tid 105968
Insert  tid 105968
FindTargetPageId rootid 23 tid 105968
target_page_id id: 24 tid 105968
0 1 tid 105968
365 22 tid 105968
546 24 tid 105968
130 tid 105968
Insert  tid 105968
FindTargetPageId rootid 23 tid 105968
target_page_id id: 24 tid 105968
0 1 tid 105968
365 22 tid 105968
546 24 tid 105968
131 tid 105968
Insert  tid 105968
FindTargetPageId rootid 23 tid 105968
target_page_id id: 24 tid 105968
0 1 tid 105968
365 22 tid 105968
546 24 tid 105968
132 tid 105968
Insert  tid 105968
FindTargetPageId rootid 23 tid 105968
target_page_id id: 24 tid 105968
0 1 tid 105968
365 22 tid 105968
546 24 tid 105968
133 tid 105968
Insert  tid 105968
FindTargetPageId rootid 23 tid 105969
target_page_id id: 22 tid 105969
0 1 tid 105969
365 22 tid 105969
546 24 tid 105969
127 tid 105969
Remove  tid 105969
FindTargetPageId rootid 23 tid 105969
target_page_id id: 22 tid 105969
0 1 tid 105969
364 22 tid 105969
546 24 tid 105969
127 tid 105969
Remove  tid 105969
FindTargetPageId rootid 23 tid 105969
target_page_id id: 22 tid 105969
0 1 tid 105969
363 22 tid 105969
546 24 tid 105969
127 tid 105969
Remove  tid 105969
FindTargetPageId rootid 23 tid 105969
target_page_id id: 22 tid 105969
0 1 tid 105969
362 22 tid 105969
546 24 tid 105969
127 tid 105969
Remove  tid 105969
FindTargetPageId rootid 23 tid 105969
target_page_id id: 22 tid 105969
0 1 tid 105969
361 22 tid 105969
546 24 tid 105969
127 tid 105969
Remove  tid 105969
FindTargetPageId rootid 23 tid 105969
target_page_id id: 22 tid 105969
0 1 tid 105969
360 22 tid 105969
546 24 tid 105969
127 tid 105969
Remove  tid 105969
FindTargetPageId rootid 23 tid 105968
target_page_id id: 24 tid 105968
0 1 tid 105968
359 22 tid 105968
546 24 tid 105968
134 tid 105968
Insert  tid 105968
FindTargetPageId rootid 23 tid 105970
target_page_id id: 22 tid 105970
0 1 tid 105970
359 22 tid 105970
546 24 tid 105970
127 tid 105970
Insert  tid 105970
FindTargetPageId rootid 23 tid 105970
target_page_id id: 22 tid 105970
0 1 tid 105970
359 22 tid 105970
546 24 tid 105970
128 tid 105970
Insert  tid 105970
FindTargetPageId rootid 23 tid 105970
target_page_id id: 22 tid 105970
0 1 tid 105970
359 22 tid 105970
546 24 tid 105970
129 tid 105970
Insert  tid 105970
FindTargetPageId rootid 23 tid 105968
target_page_id id: 24 tid 105968
0 1 tid 105968
359 22 tid 105968
546 24 tid 105968
135 tid 105968
FindTargetPageId rootid 23 tid 105969
target_page_id id: 22 tid 105969
0 1 tid 105969
359 22 tid 105969
546 24 tid 105969
130 tid 105969
Remove  tid 105969
FindTargetPageId rootid 23 tid 105969
target_page_id id: 22 tid 105969
0 1 tid 105969
359 22 tid 105969
546 24 tid 105969
Insert 129 tid 105969
 tid 105968
Remove  tid 105969
FindTargetPageId rootid 23 tid 105968
target_page_id id: 24 tid 105968
0 1 tid 105968
359 22 tid 105968
546 24 tid 105968
136 tid 105968
FindTargetPageId rootid 23 tid 105969
Insert  tid 105968
target_page_id id: 22 tid 105969
0 1 tid 105969
359 22 tid 105969
546 24 tid 105969
128 tid 105969
Remove  tid 105969
FindTargetPageId rootid 23 tid 105970
target_page_id id: 22 tid 105970
0 1 tid 105970
359 22 tid 105970
546 24 tid 105970
127 tid 105970
Insert  tid 105970
FindTargetPageId rootid 23 tid 105968
target_page_id id: 24 tid 105968
0 1 tid 105968
359 22 tid 105968
546 24 tid 105968
137 tid 105968
Insert  tid 105968
FindTargetPageId rootid 23 tid 105969
target_page_id id: 22 tid 105969
0 1 tid 105969
359 22 tid 105969
546 24 tid 105969
128 tid 105969
Remove  tid 105969
FindTargetPageId rootid 23 tid 105970
target_page_id id: 22 tid 105970
0 1 tid 105970
359 22 tid 105970
546 24 tid 105970
127 tid 105970
Insert  tid 105970
FindTargetPageId rootid 23 tid 105970
target_page_id id: 22 tid 105970
0 1 tid 105970
359 22 tid 105970
546 24 tid 105970
128 tid 105970
FindTargetPageId rootid 23 tid 105969
target_page_id id: 22 tid 105969
0 1 tid 105969
359 22 tid 105969
Insert 546 tid  24 tid 105969
105970
129 tid 105969
Remove  tid 105969
FindTargetPageId rootid 23 tid 105969
target_page_id id: 22 tid 105969
0 1 tid 105969
359 22 tid 105969
546 24 tid 105969
128 tid 105969
Remove  tid 105969
FindTargetPageId rootid 23 tid 105970
target_page_id id: 22 tid 105970
0 1 tid 105970
359 22 tid 105970
546 24 tid 105970
127 tid 105970
Insert  tid 105970
FindTargetPageId rootid 23 tid 105968
target_page_id id: 24 tid 105968
0 1 tid 105968
359 22 tid 105968
546 24 tid 105968
138 tid 105968
Insert  tid 105968
FindTargetPageId rootid 23 tid 105968
target_page_id id: 24 tid 105968
0 1 tid 105968
359 22 tid 105968
546 24 tid 105968
139 tid 105968
Insert  tid 105968
FindTargetPageId rootid 23 tid 105968
target_page_id id: 24 tid 105968
0 1 tid 105968
359 22 tid 105968
546 24 tid 105968
140 tid 105968
Insert  tid 105968
FindTargetPageId rootid 23 tid 105968
target_page_id id: 24 tid 105968
0 1 tid 105968
359 22 tid 105968
546 24 tid 105968
141 tid 105968
Insert  tid 105968
FindTargetPageId rootid 23 tid 105968
target_page_id id: 24 tid 105968
0 1 tid 105968
359 22 tid 105968
546 24 tid 105968
142 tid 105968
Insert  tid 105968
FindTargetPageId rootid 23 tid 105968
target_page_id id: 24 tid 105968
0 1 tid 105968
359 22 tid 105968
546 24 tid 105968
143 tid 105968
Insert  tid 105968
FindTargetPageId rootid 23 tid 105968
target_page_id id: 24 tid 105968
0 1 tid 105968
359 22 tid 105968
546 24 tid 105968
144 tid 105968
Insert  tid 105968
FindTargetPageId rootid 23 tid 105968
target_page_id id: 24 tid 105968
0 1 tid 105968
359 22 tid 105968
546 24 tid 105968
145 tid 105968
Insert  tid 105968
FindTargetPageId rootid 23 tid 105968
target_page_id id: 24 tid 105968
0 1 tid 105968
359 22 tid 105968
546 24 tid 105968
146 tid 105968
Insert  tid 105968
FindTargetPageId rootid 23 tid 105968
target_page_id id: 24 tid 105968
0 1 tid 105968
359 22 tid 105968
546 24 tid 105968
147 tid 105968
Insert  tid 105968
FindTargetPageId rootid 23 tid 105968
target_page_id id: 24 tid 105968
0 1 tid 105968
359 22 tid 105968
546 24 tid 105968
148 tid 105968
Insert  tid 105968
FindTargetPageId rootid 23 tid 105968
target_page_id id: 24 tid 105968
0 1 tid 105968
359 22 tid 105968
546 24 tid 105968
149 tid 105968
Insert  tid 105968
FindTargetPageId rootid 23 tid 105970
target_page_id id: 22 tid 105970
0 1 tid 105970
359 22 tid 105970
546 24 tid 105970
128 tid 105970
Insert  tid 105970
FindTargetPageId rootid 23 tid 105969
target_page_id id: 22 tid 105969
0 1 tid 105969
359 22 tid 105969
546 24 tid 105969
129 tid 105969
Remove  tid 105969
FindTargetPageId rootid 23 tid 105968
target_page_id id: 24 tid 105968
0 1 tid 105968
359 22 tid 105968
546 24 tid 105968
150 tid 105968
Insert  tid 105968
FindTargetPageId rootid 23 tid 105968
target_page_id id: 24 tid 105968
0 1 tid 105968
359 22 tid 105968
546 24 tid 105968
151 tid 105968
Insert  tid 105968
FindTargetPageId rootid 23 tid 105968
target_page_id id: 24 tid 105968
0 1 tid 105968
359 22 tid 105968
546 24 tid 105968
152 tid 105968
Insert  tid 105968
FindTargetPageId rootid 23 tid 105968
target_page_id id: 24 tid 105968
0 1 tid 105968
359 22 tid 105968
546 24 tid 105968
153 tid 105968
Insert  tid 105968
FindTargetPageId rootid 23 tid 105968
target_page_id id: 24 tid 105968
0 1 tid 105968
359 22 tid 105968
546 24 tid 105968
154 tid 105968
Insert  tid 105968
FindTargetPageId rootid 23 tid 105968
target_page_id id: 24 tid 105968
0 1 tid 105968
359 22 tid 105968
546 24 tid 105968
155 tid 105968
Insert  tid 105968
FindTargetPageId rootid 23 tid 105968
target_page_id id: 24 tid 105968
0 1 tid 105968
359 22 tid 105968
546 24 tid 105968
156 tid 105968
Insert  tid 105968
FindTargetPageId rootid 23 tid 105969
target_page_id id: 22 tid 105969
0 1 tid 105969
359 22 tid 105969
546 24 tid 105969
128 tid 105969
Remove  tid 105969
FindTargetPageId rootid 23 tid 105969
target_page_id id: 22 tid 105969
0 1 tid 105969
359 22 tid 105969
546 24 tid 105969
127 tid 105969
Remove  tid 105969
FindTargetPageId rootid 23 tid 105969
target_page_id id: 22 tid 105969
0 1 tid 105969
358 22 tid 105969
546 24 tid 105969
127 tid 105969
Remove  tid 105969
FindTargetPageId rootid 23 tid 105969
target_page_id id: 22 tid 105969
0 1 tid 105969
357 22 tid 105969
546 24 tid 105969
127 tid 105969
Remove  tid 105969
FindTargetPageId rootid 23 tid 105969
target_page_id id: 22 tid 105969
0 1 tid 105969
356 22 tid 105969
546 24 tid 105969
127 tid 105969
Remove  tid 105969
FindTargetPageId rootid 23 tid 105970
target_page_id id: 22 tid 105970
0 1 tid 105970
355 22 tid 105970
546 24 tid 105970
127 tid 105970
Insert  tid 105970
FindTargetPageId rootid 23 tid 105968
target_page_id id: 24 tid 105968
0 1 tid 105968
355 22 tid 105968
546 24 tid 105968
157 tid 105968
Insert  tid 105968
FindTargetPageId rootid 23 tid 105969
target_page_id id: 22 tid 105969
0 1 tid 105969
355 22 tid 105969
546 24 tid 105969
128 tid 105969
Remove  tid 105969
FindTargetPageId rootid 23 tid 105970
target_page_id id: 22 tid 105970
0 1 tid 105970
355 22 tid 105970
546 24 tid 105970
127 tid 105970
Insert  tid 105970
FindTargetPageId rootid 23 tid 105970
target_page_id id: 22 tid 105970
0 1 tid 105970
355 22 tid 105970
546 24 tid 105970
128 tid 105970
Insert  tid 105970
FindTargetPageId rootid 23 tid 105969
target_page_id id: 22 tid 105969
0 1 tid 105969
355 22 tid 105969
546 24 tid 105969
129 tid 105969
Remove  tid 105969
FindTargetPageId rootid 23 tid 105969
target_page_id id: 22 tid 105969
0 1 tid 105969
355 22 tid 105969
546 24 tid 105969
128 tid 105969
Remove  tid 105969
FindTargetPageId rootid 23 tid 105969
target_page_id id: 22 tid 105969
0 1 tid 105969
355 22 tid 105969
546 24 tid 105969
127 tid 105969
Remove  tid 105969
FindTargetPageId rootid 23 tid 105969
target_page_id id: 22 tid 105969
0 1 tid 105969
354 22 tid 105969
546 24 tid 105969
127 tid 105969
Remove  tid 105969
FindTargetPageId rootid 23 tid 105969
target_page_id id: 24 tid 105969
0 1 tid 105969
353 22 tid 105969
546 24 tid 105969
158 tid 105969
Remove  tid 105969
FindTargetPageId rootid 23 tid 105969
target_page_id id: 24 tid 105969
0 1 tid 105969
353 22 tid 105969
546 24 tid 105969
157 tid 105969
Remove  tid 105969
FindTargetPageId rootid 23 tid 105969
target_page_id id: 24 tid 105969
0 1 tid 105969
353 22 tid 105969
546 24 tid 105969
156 tid 105969
Remove  tid 105969
FindTargetPageId rootid 23 tid 105969
target_page_id id: 24 tid 105969
0 1 tid 105969
353 22 tid 105969
546 24 tid 105969
155 tid 105969
Remove  tid 105969
FindTargetPageId rootid 23 tid 105969
target_page_id id: 24 tid 105969
0 1 tid 105969
353 22 tid 105969
546 24 tid 105969
154 tid 105969
Remove  tid 105969
FindTargetPageId rootid 23 tid 105969
target_page_id id: 24 tid 105969
0 1 tid 105969
353 22 tid 105969
546 24 tid 105969
153 tid 105969
Remove  tid 105969
FindTargetPageId rootid 23 tid 105969
target_page_id id: 24 tid 105969
0 1 tid 105969
353 22 tid 105969
546 24 tid 105969
152 tid 105969
Remove  tid 105969
FindTargetPageId rootid 23 tid 105970
target_page_id id: 22 tid 105970
0 1 tid 105970
353 22 tid 105970
546 24 tid 105970
127 tid 105970
Insert  tid 105970
FindTargetPageId rootid 23 tid 105970
target_page_id id: 22 tid 105970
0 1 tid 105970
353 22 tid 105970
546 24 tid 105970
128 tid 105970
Insert  tid 105970
FindTargetPageId rootid 23 tid 105970
target_page_id id: 22 tid 105970
0 1 tid 105970
353 22 tid 105970
546 24 tid 105970
129 tid 105970
Insert  tid 105970
FindTargetPageId rootid 23 tid 105970
target_page_id id: 22 tid 105970
0 1 tid 105970
353 22 tid 105970
546 24 tid 105970
130 tid 105970
Insert  tid 105970
FindTargetPageId rootid 23 tid 105968
target_page_id id: 24 tid 105968
0 1 tid 105968
353 22 tid 105968
546 24 tid 105968
151 tid 105968
Insert  tid 105968
FindTargetPageId rootid 23 tid 105969
target_page_id id: 24 tid 105969
0 1 tid 105969
353 22 tid 105969
546 24 tid 105969
152 tid 105969
Remove  tid 105969
FindTargetPageId rootid 23 tid 105969
target_page_id id: 24 tid 105969
0 1 tid 105969
353 22 tid 105969
546 24 tid 105969
151 tid 105969
Remove  tid 105969
FindTargetPageId rootid 23 tid 105969
target_page_id id: 24 tid 105969
0 1 tid 105969
353 22 tid 105969
546 24 tid 105969
150 tid 105969
Remove  tid 105969
FindTargetPageId rootid 23 tid 105969
target_page_id id: 24 tid 105969
0 1 tid 105969
353 22 tid 105969
546 24 tid 105969
149 tid 105969
Remove  tid 105969
FindTargetPageId rootid 23 tid 105969
target_page_id id: 24 tid 105969
0 1 tid 105969
353 22 tid 105969
546 24 tid 105969
148 tid 105969
Remove  tid 105969
FindTargetPageId rootid 23 tid 105968
target_page_id id: 24 tid 105968
0 1 tid 105968
353 22 tid 105968
546 24 tid 105968
147 tid 105968
Insert  tid 105968
FindTargetPageId rootid 23 tid 105968
target_page_id id: 24 tid 105968
0 1 tid 105968
353 22 tid 105968
546 24 tid 105968
148 tid 105968
Insert  tid 105968
FindTargetPageId rootid 23 tid 105968
target_page_id id: 24 tid 105968
0 1 tid 105968
353 22 tid 105968
546 24 tid 105968
149 tid 105968
Insert  tid 105968
FindTargetPageId rootid 23 tid 105968
target_page_id id: 24 tid 105968
0 1 tid 105968
353 22 tid 105968
546 24 tid 105968
150 tid 105968
Insert  tid 105968
FindTargetPageId rootid 23 tid 105969
target_page_id id: 24 tid 105969
0 1 tid 105969
353 22 tid 105969
546 24 tid 105969
151 tid 105969
Remove  tid 105969
FindTargetPageId rootid 23 tid 105970
target_page_id id: 22 tid 105970
0 1 tid 105970
353 22 tid 105970
546 24 tid 105970
131 tid 105970
Insert  tid 105970
FindTargetPageId rootid 23 tid 105968
target_page_id id: 24 tid 105968
0 1 tid 105968
353 22 tid 105968
546 24 tid 105968
150 tid 105968
Insert  tid 105968
FindTargetPageId rootid 23 tid 105968
target_page_id id: 24 tid 105968
0 1 tid 105968
353 22 tid 105968
546 24 tid 105968
151 tid 105968
Insert  tid 105968
FindTargetPageId rootid 23 tid 105968
target_page_id id: 24 tid 105968
0 1 tid 105968
353 22 tid 105968
546 24 tid 105968
152 tid 105968
Insert  tid 105968
FindTargetPageId rootid 23 tid 105968
target_page_id id: 24 tid 105968
0 1 tid 105968
353 22 tid 105968
546 24 tid 105968
153 tid 105968
Insert  tid 105968
FindTargetPageId rootid 23 tid 105968
target_page_id id: 24 tid 105968
0 1 tid 105968
353 22 tid 105968
546 24 tid 105968
154 tid 105968
Insert  tid 105968
FindTargetPageId rootid 23 tid 105970
target_page_id id: 22 tid 105970
0 1 tid 105970
353 22 tid 105970
546 24 tid 105970
132 tid 105970
Insert  tid 105970
FindTargetPageId rootid 23 tid 105969
target_page_id id: 24 tid 105969
0 1 tid 105969
353 22 tid 105969
546 24 tid 105969
155 tid 105969
FindTargetPageId rootid 23 tid 105968
target_page_id id: 24 tid 105968
Remove 0 tid  1 tid 105968
353 22 tid 105968
546 24 tid 105968
154 tid 105968
105969
Insert  tid 105968
FindTargetPageId rootid 23 tid 105969
target_page_id id: 24 tid 105969
0 1 tid 105969
353 22 tid 105969
546 24 tid 105969
155 tid 105969
Remove  tid 105969
FindTargetPageId rootid 23 tid 105970
target_page_id id: 22 tid 105970
0 1 tid 105970
353 22 tid 105970
546 24 tid 105970
133 tid 105970
Insert  tid 105970
FindTargetPageId rootid 23 tid 105969
target_page_id id: 24 tid 105969
0 1 tid 105969
353 22 tid 105969
546 24 tid 105969
154 tid 105969
Remove  tid 105969
FindTargetPageId rootid 23 tid 105968
target_page_id id: 24 tid 105968
0 1 tid 105968
353 22 tid 105968
546 24 tid 105968
153 tid 105968
FindTargetPageId rootid 23 tid 105970
Insert  tid 105968
target_page_id id: 22 tid 105970
0 1 tid 105970
353 22 tid 105970
546 24 tid 105970
134 tid 105970
Insert  tid 105970
FindTargetPageId rootid 23 tid 105969
target_page_id id: 24 tid 105969
0 1 tid 105969
353 22 tid 105969
546 24 tid 105969
154 tid 105969
Remove  tid 105969
FindTargetPageId rootid 23 tid 105969
target_page_id id: 24 tid 105969
0 1 tid 105969
353 22 tid 105969
546 24 tid 105969
153 tid 105969
Remove  tid 105969
FindTargetPageId rootid 23 tid 105969
target_page_id id: 24 tid 105969
0 1 tid 105969
353 22 tid 105969
546 24 tid 105969
152 tid 105969
Remove  tid 105969
FindTargetPageId rootid 23 tid 105968
target_page_id id: 24 tid 105968
0 1 tid 105968
353 22 tid 105968
546 24 tid 105968
151 tid 105968
Insert  tid 105968
FindTargetPageId rootid 23 tid 105970
target_page_id id: 22 tid 105970
0 1 tid 105970
353 22 tid 105970
546 24 tid 105970
135 tid 105970
Insert  tid 105970
FindTargetPageId rootid 23 tid 105969
target_page_id id: 24 tid 105969
0 1 tid 105969
353 22 tid 105969
546 24 tid 105969
152 tid 105969
Remove  tid 105969
FindTargetPageId rootid 23 tid 105969
target_page_id id: 24 tid 105969
0 1 tid 105969
353 22 tid 105969
546 24 tid 105969
151 tid 105969
Remove  tid 105969
FindTargetPageId rootid 23 tid 105969
target_page_id id: 24 tid 105969
0 1 tid 105969
353 22 tid 105969
546 24 tid 105969
150 tid 105969
Remove  tid 105969
FindTargetPageId rootid 23 tid 105970
target_page_id id: 22 tid 105970
0 1 tid 105970
353 22 tid 105970
546 24 tid 105970
136 tid 105970
Insert  tid 105970
FindTargetPageId rootid 23 tid 105968
target_page_id id: 24 tid 105968
0 1 tid 105968
353 22 tid 105968
546 24 tid 105968
149 tid 105968
Insert  tid 105968
FindTargetPageId rootid 23 tid 105968
target_page_id id: 24 tid 105968
0 1 tid 105968
353 22 tid 105968
546 24 tid 105968
150 tid 105968
Insert  tid 105968
FindTargetPageId rootid 23 tid 105968
target_page_id id: 24 tid 105968
0 1 tid 105968
353 22 tid 105968
546 24 tid 105968
151 tid 105968
Insert  tid 105968
FindTargetPageId rootid 23 tid 105968
target_page_id id: 24 tid 105968
0 1 tid 105968
353 22 tid 105968
546 24 tid 105968
152 tid 105968
Insert  tid 105968
FindTargetPageId rootid 23 tid 105968
target_page_id id: 24 tid 105968
0 1 tid 105968
353 22 tid 105968
546 24 tid 105968
153 tid 105968
Insert  tid 105968
FindTargetPageId rootid 23 tid 105968
target_page_id id: 24 tid 105968
0 1 tid 105968
353 22 tid 105968
546 24 tid 105968
154 tid 105968
Insert  tid 105968
FindTargetPageId rootid 23 tid 105968
target_page_id id: 24 tid 105968
0 1 tid 105968
353 22 tid 105968
546 24 tid 105968
155 tid 105968
Insert  tid 105968
FindTargetPageId rootid 23 tid 105968
target_page_id id: 24 tid 105968
0 1 tid 105968
353 22 tid 105968
546 24 tid 105968
156 tid 105968
Insert  tid 105968
FindTargetPageId rootid 23 tid 105968
target_page_id id: 24 tid 105968
0 1 tid 105968
353 22 tid 105968
546 24 tid 105968
157 tid 105968
Insert  tid 105968
FindTargetPageId rootid 23 tid 105968
target_page_id id: 24 tid 105968
0 1 tid 105968
353 22 tid 105968
546 24 tid 105968
158 tid 105968
Insert  tid 105968
FindTargetPageId rootid 23 tid 105968
target_page_id id: 24 tid 105968
0 1 tid 105968
353 22 tid 105968
546 24 tid 105968
159 tid 105968
Insert  tid 105968
FindTargetPageId rootid 23 tid 105968
target_page_id id: 24 tid 105968
0 1 tid 105968
353 22 tid 105968
546 24 tid 105968
160 tid 105968
Insert  tid 105968
FindTargetPageId rootid 23 tid 105968
target_page_id id: 24 tid 105968
0 1 tid 105968
353 22 tid 105968
546 24 tid 105968
161 tid 105968
Insert  tid 105968
FindTargetPageId rootid 23 tid 105968
target_page_id id: 24 tid 105968
0 1 tid 105968
353 22 tid 105968
546 24 tid 105968
162 tid 105968
Insert  tid 105968
FindTargetPageId rootid 23 tid 105968
target_page_id id: 24 tid 105968
0 1 tid 105968
353 22 tid 105968
546 24 tid 105968
163 tid 105968
Insert  tid 105968
FindTargetPageId rootid 23 tid 105968
target_page_id id: 24 tid 105968
0 1 tid 105968
353 22 tid 105968
546 24 tid 105968
164 tid 105968
Insert  tid 105968
FindTargetPageId rootid 23 tid 105968
target_page_id id: 24 tid 105968
0 1 tid 105968
353 22 tid 105968
546 24 tid 105968
165 tid 105968
Insert  tid 105968
FindTargetPageId rootid 23 tid 105968
target_page_id id: 24 tid 105968
0 1 tid 105968
353 22 tid 105968
546 24 tid 105968
166 tid 105968
Insert  tid 105968
FindTargetPageId rootid 23 tid 105968
target_page_id id: 24 tid 105968
0 1 tid 105968
353 22 tid 105968
546 24 tid 105968
167 tid 105968
Insert  tid 105968
FindTargetPageId rootid 23 tid 105968
target_page_id id: 24 tid 105968
0 1 tid 105968
353 22 tid 105968
546 24 tid 105968
168 tid 105968
Insert  tid 105968
FindTargetPageId rootid 23 tid 105968
target_page_id id: 24 tid 105968
0 1 tid 105968
353 22 tid 105968
546 24 tid 105968
169 tid 105968
Insert  tid 105968
FindTargetPageId rootid 23 tid 105968
target_page_id id: 24 tid 105968
0 1 tid 105968
353 22 tid 105968
546 24 tid 105968
170 tid 105968
Insert  tid 105968
FindTargetPageId rootid 23 tid 105968
target_page_id id: 24 tid 105968
0 1 tid 105968
353 22 tid 105968
546 24 tid 105968
171 tid 105968
Insert  tid 105968
FindTargetPageId rootid 23 tid 105968
target_page_id id: 24 tid 105968
0 1 tid 105968
353 22 tid 105968
546 24 tid 105968
172 tid 105968
Insert  tid 105968
FindTargetPageId rootid 23 tid 105968
target_page_id id: 24 tid 105968
0 1 tid 105968
353 22 tid 105968
546 24 tid 105968
173 tid 105968
Insert  tid 105968
FindTargetPageId rootid 23 tid 105968
target_page_id id: 24 tid 105968
0 1 tid 105968
353 22 tid 105968
546 24 tid 105968
174 tid 105968
Insert  tid 105968
FindTargetPageId rootid 23 tid 105968
target_page_id id: 24 tid 105968
0 1 tid 105968
353 22 tid 105968
546 24 tid 105968
175 tid 105968
Insert  tid 105968
FindTargetPageId rootid 23 tid 105968
target_page_id id: 24 tid 105968
0 1 tid 105968
353 22 tid 105968
546 24 tid 105968
176 tid 105968
Insert  tid 105968
FindTargetPageId rootid 23 tid 105968
target_page_id id: 24 tid 105968
0 1 tid 105968
353 22 tid 105968
546 24 tid 105968
177 tid 105968
Insert  tid 105968
FindTargetPageId rootid 23 tid 105968
target_page_id id: 24 tid 105968
0 1 tid 105968
353 22 tid 105968
546 24 tid 105968
178 tid 105968
Insert  tid 105968
FindTargetPageId rootid 23 tid 105968
target_page_id id: 24 tid 105968
0 1 tid 105968
353 22 tid 105968
546 24 tid 105968
179 tid 105968
Insert  tid 105968
FindTargetPageId rootid 23 tid 105970
target_page_id id: 22 tid 105970
0 1 tid 105970
353 22 tid 105970
546 24 tid 105970
137 tid 105970
Insert  tid 105970
FindTargetPageId rootid 23 tid 105970
target_page_id id: 22 tid 105970
0 1 tid 105970
353 22 tid 105970
546 24 tid 105970
138 tid 105970
Insert  tid 105970
FindTargetPageId rootid 23 tid 105970
target_page_id id: 22 tid 105970
0 1 tid 105970
353 22 tid 105970
546 24 tid 105970
139 tid 105970
Insert  tid 105970
FindTargetPageId rootid 23 tid 105969
target_page_id id: 24 tid 105969
0 1 tid 105969
353 22 tid 105969
546 24 tid 105969
180 tid 105969
FindTargetPageId rootid 23 tid 105968
target_page_id id: 24 tid 105968
0 1 tid 105968
353 22 tid 105968
546 24 tid 105968
Remove  tid 105969
179 tid 105968
Insert  tid 105968
FindTargetPageId rootid 23 tid 105968
target_page_id id: 24 tid 105968
0 1 tid 105968
353 22 tid 105968
546 24 tid 105968
180 tid 105968
Insert  tid 105968
FindTargetPageId rootid 23 tid 105968
target_page_id id: 24 tid 105968
0 1 tid 105968
353 22 tid 105968
546 24 tid 105968
181 tid 105968
Insert  tid 105968
FindTargetPageId rootid 23 tid 105968
target_page_id id: 24 tid 105968
0 1 tid 105968
353 22 tid 105968
546 24 tid 105968
182 tid 105968
Insert  tid 105968
FindTargetPageId rootid 23 tid 105968
target_page_id id: 24 tid 105968
0 1 tid 105968
353 22 tid 105968
546 24 tid 105968
183 tid 105968
Insert  tid 105968
FindTargetPageId rootid 23 tid 105968
target_page_id id: 24 tid 105968
0 1 tid 105968
353 22 tid 105968
546 24 tid 105968
184 tid 105968
Insert  tid 105968
FindTargetPageId rootid 23 tid 105968
target_page_id id: 24 tid 105968
0 1 tid 105968
353 22 tid 105968
546 24 tid 105968
185 tid 105968
Insert  tid 105968
FindTargetPageId rootid 23 tid 105968
target_page_id id: 24 tid 105968
0 1 tid 105968
353 22 tid 105968
546 24 tid 105968
186 tid 105968
Insert  tid 105968
FindTargetPageId rootid 23 tid 105968
target_page_id id: 24 tid 105968
0 1 tid 105968
353 22 tid 105968
546 24 tid 105968
187 tid 105968
Insert  tid 105968
FindTargetPageId rootid 23 tid 105968
target_page_id id: 24 tid 105968
0 1 tid 105968
353 22 tid 105968
546 24 tid 105968
188 tid 105968
Insert  tid 105968
FindTargetPageId rootid 23 tid 105969
target_page_id id: 24 tid 105969
0 1 tid 105969
353 22 tid 105969
546 24 tid 105969
189 tid 105969
Remove  tid 105969
FindTargetPageId rootid 23 tid 105969
target_page_id id: 24 tid 105969
0 1 tid 105969
353 22 tid 105969
546 24 tid 105969
188 tid 105969
Remove  tid 105969
FindTargetPageId rootid 23 tid 105969
target_page_id id: 24 tid 105969
0 1 tid 105969
353 22 tid 105969
546 24 tid 105969
187 tid 105969
Remove  tid 105969
FindTargetPageId rootid 23 tid 105969
target_page_id id: 24 tid 105969
0 1 tid 105969
353 22 tid 105969
546 24 tid 105969
186 tid 105969
Remove  tid 105969
FindTargetPageId rootid 23 tid 105969
target_page_id id: 24 tid 105969
0 1 tid 105969
353 22 tid 105969
546 24 tid 105969
185 tid 105969
Remove  tid 105969
FindTargetPageId rootid 23 tid 105969
target_page_id id: 24 tid 105969
0 1 tid 105969
353 22 tid 105969
546 24 tid 105969
184 tid 105969
Remove  tid 105969
FindTargetPageId rootid 23 tid 105968
target_page_id id: 24 tid 105968
0 1 tid 105968
353 22 tid 105968
546 24 tid 105968
183 tid 105968
Insert  tid 105968
FindTargetPageId rootid 23 tid 105970
target_page_id id: 22 tid 105970
0 1 tid 105970
353 22 tid 105970
546 24 tid 105970
140 tid 105970
Insert  tid 105970
FindTargetPageId rootid 23 tid 105970
target_page_id id: 22 tid 105970
0 1 tid 105970
353 22 tid 105970
546 24 tid 105970
141 tid 105970
Insert  tid 105970
FindTargetPageId rootid 23 tid 105970
target_page_id id: 22 tid 105970
0 1 tid 105970
353 22 tid 105970
546 24 tid 105970
142 tid 105970
Insert  tid 105970
FindTargetPageId rootid 23 tid 105969
target_page_id id: 24 tid 105969
0 1 tid 105969
353 22 tid 105969
546 24 tid 105969
184 tid 105969
FindTargetPageId rootid 23 tid 105968
target_page_id id: 24 tid 105968
0 1 tid 105968
353 22 tid 105968
546 24 tid 105968
Remove  tid 183105969 tid 
105968
FindTargetPageId rootid Insert 23 tid  tid 105969
target_page_id id: 24 tid 105969
0 1 tid 105969
353 22 tid 105969
546 24 tid 105969
184 tid 105969
105968
Remove  tid 105969
FindTargetPageId rootid 23 tid 105968
target_page_id id: 24 tid 105968
0 1 tid 105968
353 22 tid 105968
546 24 tid 105968
183 tid 105968
Insert  tid 105968
FindTargetPageId rootid 23 tid 105968
target_page_id id: 24 tid 105968
0 1 tid 105968
353 22 tid 105968
546 24 tid 105968
184 tid 105968
Insert  tid 105968
FindTargetPageId rootid 23 tid 105968
target_page_id id: 24 tid 105968
0 1 tid 105968
353 22 tid 105968
546 24 tid 105968
185 tid 105968
Insert  tid 105968
FindTargetPageId rootid 23 tid 105970
target_page_id id: 22 tid 105970
0 1 tid 105970
353 22 tid 105970
546 24 tid 105970
143 tid 105970
Insert  tid 105970
FindTargetPageId rootid 23 tid 105969
target_page_id id: 24 tid 105969
0 1 tid 105969
353 22 tid 105969
546 24 tid 105969
186 tid 105969
Remove  tid 105969
FindTargetPageId rootid 23 tid 105969
target_page_id id: 24 tid 105969
0 1 tid 105969
353 22 tid 105969
546 24 tid 105969
185 tid 105969
Remove  tid 105969
FindTargetPageId rootid 23 tid 105969
target_page_id id: 24 tid 105969
0 1 tid 105969
353 22 tid 105969
546 24 tid 105969
184 tid 105969
Remove  tid 105969
FindTargetPageId rootid 23 tid 105969
target_page_id id: 24 tid 105969
0 1 tid 105969
353 22 tid 105969
546 24 tid 105969
183 tid 105969
Remove  tid 105969
FindTargetPageId rootid 23 tid 105969
target_page_id id: 24 tid 105969
0 1 tid 105969
353 22 tid 105969
546 24 tid 105969
182 tid 105969
Remove  tid 105969
FindTargetPageId rootid 23 tid 105969
target_page_id id: 24 tid 105969
0 1 tid 105969
353 22 tid 105969
546 24 tid 105969
181 tid 105969
Remove  tid 105969
FindTargetPageId rootid 23 tid 105969
target_page_id id: 24 tid 105969
0 1 tid 105969
353 22 tid 105969
546 24 tid 105969
180 tid 105969
Remove  tid 105969
FindTargetPageId rootid 23 tid 105969
target_page_id id: 24 tid 105969
0 1 tid 105969
353 22 tid 105969
546 24 tid 105969
179 tid 105969
Remove  tid 105969
FindTargetPageId rootid 23 tid 105969
target_page_id id: 24 tid 105969
0 1 tid 105969
353 22 tid 105969
546 24 tid 105969
178 tid 105969
Remove  tid 105969
FindTargetPageId rootid 23 tid 105969
target_page_id id: 24 tid 105969
0 1 tid 105969
353 22 tid 105969
546 24 tid 105969
177 tid 105969
Remove  tid 105969
FindTargetPageId rootid 23 tid 105969
target_page_id id: 24 tid 105969
0 1 tid 105969
353 22 tid 105969
546 24 tid 105969
176 tid 105969
Remove  tid 105969
FindTargetPageId rootid 23 tid 105969
target_page_id id: 24 tid 105969
0 1 tid 105969
353 22 tid 105969
546 24 tid 105969
175 tid 105969
Remove  tid 105969
FindTargetPageId rootid 23 tid 105969
target_page_id id: 24 tid 105969
0 1 tid 105969
353 22 tid 105969
546 24 tid 105969
174 tid 105969
Remove  tid 105969
FindTargetPageId rootid 23 tid 105969
target_page_id id: 24 tid 105969
0 1 tid 105969
353 22 tid 105969
546 24 tid 105969
173 tid 105969
Remove  tid 105969
FindTargetPageId rootid 23 tid 105968
target_page_id id: 24 tid 105968
0 1 tid 105968
353 22 tid 105968
546 24 tid 105968
172 tid 105968
Insert  tid 105968
FindTargetPageId rootid 23 tid 105968
target_page_id id: 24 tid 105968
0 1 tid 105968
353 22 tid 105968
546 24 tid 105968
173 tid 105968
Insert  tid 105968
FindTargetPageId rootid 23 tid 105968
target_page_id id: 24 tid 105968
0 1 tid 105968
353 22 tid 105968
546 24 tid 105968
174 tid 105968
Insert  tid 105968
FindTargetPageId rootid 23 tid 105968
target_page_id id: 24 tid 105968
0 1 tid 105968
353 22 tid 105968
546 24 tid 105968
175 tid 105968
Insert  tid 105968
FindTargetPageId rootid 23 tid 105970
target_page_id id: 22 tid 105970
0 1 tid 105970
353 22 tid 105970
546 24 tid 105970
144 tid 105970
Insert  tid 105970
FindTargetPageId rootid 23 tid 105969
target_page_id id: 24 tid 105969
0 1 tid 105969
353 22 tid 105969
546 24 tid 105969
176 tid 105969
Remove  tid 105969
FindTargetPageId rootid 23 tid 105968
target_page_id id: 24 tid 105968
0 1 tid 105968
353 22 tid 105968
546 24 tid 105968
175 tid 105968
Insert  tid 105968
FindTargetPageId rootid 23 tid 105968
target_page_id id: 24 tid 105968
0 1 tid 105968
353 22 tid 105968
546 24 tid 105968
176 tid 105968
Insert  tid 105968
FindTargetPageId rootid 23 tid 105968
target_page_id id: 24 tid 105968
0 1 tid 105968
353 22 tid 105968
546 24 tid 105968
177 tid 105968
Insert  tid 105968
FindTargetPageId rootid 23 tid 105968
target_page_id id: 24 tid 105968
0 1 tid 105968
353 22 tid 105968
546 24 tid 105968
178 tid 105968
Insert  tid 105968
FindTargetPageId rootid 23 tid 105968
target_page_id id: 24 tid 105968
0 1 tid 105968
353 22 tid 105968
546 24 tid 105968
179 tid 105968
Insert  tid 105968
FindTargetPageId rootid 23 tid 105968
target_page_id id: 24 tid 105968
0 1 tid 105968
353 22 tid 105968
546 24 tid 105968
180 tid 105968
Insert  tid 105968
FindTargetPageId rootid 23 tid 105968
target_page_id id: 24 tid 105968
0 1 tid 105968
353 22 tid 105968
546 24 tid 105968
181 tid 105968
Insert  tid 105968
FindTargetPageId rootid 23 tid 105968
target_page_id id: 24 tid 105968
0 1 tid 105968
353 22 tid 105968
546 24 tid 105968
182 tid 105968
Insert  tid 105968
FindTargetPageId rootid 23 tid 105968
target_page_id id: 24 tid 105968
0 1 tid 105968
353 22 tid 105968
546 24 tid 105968
183 tid 105968
Insert  tid 105968
FindTargetPageId rootid 23 tid 105968
target_page_id id: 24 tid 105968
0 1 tid 105968
353 22 tid 105968
546 24 tid 105968
184 tid 105968
Insert  tid 105968
FindTargetPageId rootid 23 tid 105968
target_page_id id: 24 tid 105968
0 1 tid 105968
353 22 tid 105968
546 24 tid 105968
185 tid 105968
Insert  tid 105968
FindTargetPageId rootid 23 tid 105968
target_page_id id: 24 tid 105968
0 1 tid 105968
353 22 tid 105968
546 24 tid 105968
186 tid 105968
Insert  tid 105968
FindTargetPageId rootid 23 tid 105968
target_page_id id: 24 tid 105968
0 1 tid 105968
353 22 tid 105968
546 24 tid 105968
187 tid 105968
Insert  tid 105968
FindTargetPageId rootid 23 tid 105968
target_page_id id: 24 tid 105968
0 1 tid 105968
353 22 tid 105968
546 24 tid 105968
188 tid 105968
Insert  tid 105968
FindTargetPageId rootid 23 tid 105968
target_page_id id: 24 tid 105968
0 1 tid 105968
353 22 tid 105968
546 24 tid 105968
189 tid 105968
Insert  tid 105968
FindTargetPageId rootid 23 tid 105968
target_page_id id: 24 tid 105968
0 1 tid 105968
353 22 tid 105968
546 24 tid 105968
190 tid 105968
Insert  tid 105968
FindTargetPageId rootid 23 tid 105968
target_page_id id: 24 tid 105968
0 1 tid 105968
353 22 tid 105968
546 24 tid 105968
191 tid 105968
Insert  tid 105968
FindTargetPageId rootid 23 tid 105968
target_page_id id: 24 tid 105968
0 1 tid 105968
353 22 tid 105968
546 24 tid 105968
192 tid 105968
Insert  tid 105968
FindTargetPageId rootid 23 tid 105968
target_page_id id: 24 tid 105968
0 1 tid 105968
353 22 tid 105968
546 24 tid 105968
193 tid 105968
Insert  tid 105968
FindTargetPageId rootid 23 tid 105968
target_page_id id: 24 tid 105968
0 1 tid 105968
353 22 tid 105968
546 24 tid 105968
194 tid 105968
Insert  tid 105968
FindTargetPageId rootid 23 tid 105968
target_page_id id: 24 tid 105968
0 1 tid 105968
353 22 tid 105968
546 24 tid 105968
195 tid 105968
Insert  tid 105968
FindTargetPageId rootid 23 tid 105968
target_page_id id: 24 tid 105968
0 1 tid 105968
353 22 tid 105968
546 24 tid 105968
196 tid 105968
Insert  tid 105968
FindTargetPageId rootid 23 tid 105968
target_page_id id: 24 tid 105968
0 1 tid 105968
353 22 tid 105968
546 24 tid 105968
197 tid 105968
Insert  tid 105968
FindTargetPageId rootid 23 tid 105968
target_page_id id: 24 tid 105968
0 1 tid 105968
353 22 tid 105968
546 24 tid 105968
198 tid 105968
Insert  tid 105968
FindTargetPageId rootid 23 tid 105968
target_page_id id: 24 tid 105968
0 1 tid 105968
353 22 tid 105968
546 24 tid 105968
199 tid 105968
Insert  tid 105968
FindTargetPageId rootid 23 tid 105968
target_page_id id: 24 tid 105968
0 1 tid 105968
353 22 tid 105968
546 24 tid 105968
200 tid 105968
Insert  tid 105968
FindTargetPageId rootid 23 tid 105968
target_page_id id: 24 tid 105968
0 1 tid 105968
353 22 tid 105968
546 24 tid 105968
201 tid 105968
Insert  tid 105968
FindTargetPageId rootid 23 tid 105968
target_page_id id: 24 tid 105968
0 1 tid 105968
353 22 tid 105968
546 24 tid 105968
202 tid 105968
Insert  tid 105968
FindTargetPageId rootid 23 tid 105968
target_page_id id: 24 tid 105968
0 1 tid 105968
353 22 tid 105968
546 24 tid 105968
203 tid 105968
Insert  tid 105968
FindTargetPageId rootid 23 tid 105968
target_page_id id: 24 tid 105968
0 1 tid 105968
353 22 tid 105968
546 24 tid 105968
204 tid 105968
Insert  tid 105968
FindTargetPageId rootid 23 tid 105968
target_page_id id: 24 tid 105968
0 1 tid 105968
353 22 tid 105968
546 24 tid 105968
205 tid 105968
Insert  tid 105968
FindTargetPageId rootid 23 tid 105968
target_page_id id: 24 tid 105968
0 1 tid 105968
353 22 tid 105968
546 24 tid 105968
206 tid 105968
Insert  tid 105968
FindTargetPageId rootid 23 tid 105968
target_page_id id: 24 tid 105968
0 1 tid 105968
353 22 tid 105968
546 24 tid 105968
207 tid 105968
Insert  tid 105968
FindTargetPageId rootid 23 tid 105968
target_page_id id: 24 tid 105968
0 1 tid 105968
353 22 tid 105968
546 24 tid 105968
208 tid 105968
Insert  tid 105968
FindTargetPageId rootid 23 tid 105968
target_page_id id: 24 tid 105968
0 1 tid 105968
353 22 tid 105968
546 24 tid 105968
209 tid 105968
Insert  tid 105968
FindTargetPageId rootid 23 tid 105968
target_page_id id: 24 tid 105968
0 1 tid 105968
353 22 tid 105968
546 24 tid 105968
210 tid 105968
Insert  tid 105968
FindTargetPageId rootid 23 tid 105968
target_page_id id: 24 tid 105968
0 1 tid 105968
353 22 tid 105968
546 24 tid 105968
211 tid 105968
Insert  tid 105968
FindTargetPageId rootid 23 tid 105968
target_page_id id: 24 tid 105968
0 1 tid 105968
353 22 tid 105968
546 24 tid 105968
212 tid 105968
Insert  tid 105968
FindTargetPageId rootid 23 tid 105968
target_page_id id: 24 tid 105968
0 1 tid 105968
353 22 tid 105968
546 24 tid 105968
213 tid 105968
Insert  tid 105968
FindTargetPageId rootid 23 tid 105968
target_page_id id: 24 tid 105968
0 1 tid 105968
353 22 tid 105968
546 24 tid 105968
214 tid 105968
Insert  tid 105968
FindTargetPageId rootid 23 tid 105968
target_page_id id: 24 tid 105968
0 1 tid 105968
353 22 tid 105968
546 24 tid 105968
215 tid 105968
Insert  tid 105968
FindTargetPageId rootid 23 tid 105968
target_page_id id: 24 tid 105968
0 1 tid 105968
353 22 tid 105968
546 24 tid 105968
216 tid 105968
Insert  tid 105968
FindTargetPageId rootid 23 tid 105968
target_page_id id: 24 tid 105968
0 1 tid 105968
353 22 tid 105968
546 24 tid 105968
217 tid 105968
Insert  tid 105968
FindTargetPageId rootid 23 tid 105968
target_page_id id: 24 tid 105968
0 1 tid 105968
353 22 tid 105968
546 24 tid 105968
218 tid 105968
Insert  tid 105968
FindTargetPageId rootid 23 tid 105968
target_page_id id: 24 tid 105968
0 1 tid 105968
353 22 tid 105968
546 24 tid 105968
219 tid 105968
Insert  tid 105968
FindTargetPageId rootid 23 tid 105968
target_page_id id: 24 tid 105968
0 1 tid 105968
353 22 tid 105968
546 24 tid 105968
220 tid 105968
Insert  tid 105968
FindTargetPageId rootid 23 tid 105968
target_page_id id: 24 tid 105968
0 1 tid 105968
353 22 tid 105968
546 24 tid 105968
221 tid 105968
Insert  tid 105968
FindTargetPageId rootid 23 tid 105968
target_page_id id: 24 tid 105968
0 1 tid 105968
353 22 tid 105968
546 24 tid 105968
222 tid 105968
Insert  tid 105968
FindTargetPageId rootid 23 tid 105968
target_page_id id: 24 tid 105968
0 1 tid 105968
353 22 tid 105968
546 24 tid 105968
223 tid 105968
Insert  tid 105968
FindTargetPageId rootid 23 tid 105968
target_page_id id: 24 tid 105968
0 1 tid 105968
353 22 tid 105968
546 24 tid 105968
224 tid 105968
Insert  tid 105968
FindTargetPageId rootid 23 tid 105968
target_page_id id: 24 tid 105968
0 1 tid 105968
353 22 tid 105968
546 24 tid 105968
225 tid 105968
Insert  tid 105968
FindTargetPageId rootid 23 tid 105968
target_page_id id: 24 tid 105968
0 1 tid 105968
353 22 tid 105968
546 24 tid 105968
226 tid 105968
Insert  tid 105968
FindTargetPageId rootid 23 tid 105968
target_page_id id: 24 tid 105968
0 1 tid 105968
353 22 tid 105968
546 24 tid 105968
227 tid 105968
Insert  tid 105968
FindTargetPageId rootid 23 tid 105968
target_page_id id: 24 tid 105968
0 1 tid 105968
353 22 tid 105968
546 24 tid 105968
228 tid 105968
Insert  tid 105968
FindTargetPageId rootid 23 tid 105968
target_page_id id: 24 tid 105968
0 1 tid 105968
353 22 tid 105968
546 24 tid 105968
229 tid 105968
Insert  tid 105968
FindTargetPageId rootid 23 tid 105970
target_page_id id: 22 tid 105970
0 1 tid 105970
353 22 tid 105970
546 24 tid 105970
145 tid 105970
Insert  tid 105970
FindTargetPageId rootid 23 tid 105969
target_page_id id: 24 tid 105969
0 1 tid 105969
353 22 tid 105969
546 24 tid 105969
230 tid 105969
Remove  tid 105969
FindTargetPageId rootid 23 tid 105969
target_page_id id: 24 tid 105969
0 1 tid 105969
353 22 tid 105969
546 24 tid 105969
229 tid 105969
Remove  tid 105969
FindTargetPageId rootid 23 tid 105970
target_page_id id: 22 tid 105970
0 1 tid 105970
353 22 tid 105970
546 24 tid 105970
146 tid 105970
Insert  tid 105970
FindTargetPageId rootid 23 tid 105968
target_page_id id: 24 tid 105968
0 1 tid 105968
353 22 tid 105968
546 24 tid 105968
228 tid 105968
Insert  tid 105968
FindTargetPageId rootid 23 tid 105969
target_page_id id: 24 tid 105969
0 1 tid 105969
353 22 tid 105969
546 24 tid 105969
229 tid 105969
Remove  tid 105969
FindTargetPageId rootid 23 tid 105970
target_page_id id: 22 tid 105970
0 1 tid 105970
353 22 tid 105970
546 24 tid 105970
147 tid 105970
Insert  tid 105970
FindTargetPageId rootid 23 tid 105968
target_page_id id: 24 tid 105968
0 1 tid 105968
353 22 tid 105968
546 24 tid 105968
228 tid 105968
Insert  tid 105968
FindTargetPageId rootid 23 tid 105968
target_page_id id: 24 tid 105968
0 1 tid 105968
353 22 tid 105968
546 24 tid 105968
229 tid 105968
Insert  tid 105968
FindTargetPageId rootid 23 tid 105968
target_page_id id: 24 tid 105968
0 1 tid 105968
353 22 tid 105968
546 24 tid 105968
230 tid 105968
Insert  tid 105968
FindTargetPageId rootid 23 tid 105968
target_page_id id: 24 tid 105968
0 1 tid 105968
353 22 tid 105968
546 24 tid 105968
231 tid 105968
Insert  tid 105968
FindTargetPageId rootid 23 tid 105968
target_page_id id: 24 tid 105968
0 1 tid 105968
353 22 tid 105968
546 24 tid 105968
232 tid 105968
Insert  tid 105968
FindTargetPageId rootid 23 tid 105968
target_page_id id: 24 tid 105968
0 1 tid 105968
353 22 tid 105968
546 24 tid 105968
233 tid 105968
Insert  tid 105968
FindTargetPageId rootid 23 tid 105968
target_page_id id: 24 tid 105968
0 1 tid 105968
353 22 tid 105968
546 24 tid 105968
234 tid 105968
Insert  tid 105968
FindTargetPageId rootid 23 tid 105968
target_page_id id: 24 tid 105968
0 1 tid 105968
353 22 tid 105968
546 24 tid 105968
235 tid 105968
Insert  tid 105968
FindTargetPageId rootid 23 tid 105968
target_page_id id: 24 tid 105968
0 1 tid 105968
353 22 tid 105968
546 24 tid 105968
236 tid 105968
Insert  tid 105968
FindTargetPageId rootid 23 tid 105968
target_page_id id: 24 tid 105968
0 1 tid 105968
353 22 tid 105968
546 24 tid 105968
237 tid 105968
Insert  tid 105968
FindTargetPageId rootid 23 tid 105968
target_page_id id: 24 tid 105968
0 1 tid 105968
353 22 tid 105968
546 24 tid 105968
238 tid 105968
Insert  tid 105968
FindTargetPageId rootid 23 tid 105968
target_page_id id: 24 tid 105968
0 1 tid 105968
353 22 tid 105968
546 24 tid 105968
239 tid 105968
Insert  tid 105968
FindTargetPageId rootid 23 tid 105968
target_page_id id: 24 tid 105968
0 1 tid 105968
353 22 tid 105968
546 24 tid 105968
240 tid 105968
Insert  tid 105968
FindTargetPageId rootid 23 tid 105968
target_page_id id: 24 tid 105968
0 1 tid 105968
353 22 tid 105968
546 24 tid 105968
241 tid 105968
Insert  tid 105968
FindTargetPageId rootid 23 tid 105968
target_page_id id: 24 tid 105968
0 1 tid 105968
353 22 tid 105968
546 24 tid 105968
242 tid 105968
Insert  tid 105968
FindTargetPageId rootid 23 tid 105968
target_page_id id: 24 tid 105968
0 1 tid 105968
353 22 tid 105968
546 24 tid 105968
243 tid 105968
Insert  tid 105968
FindTargetPageId rootid 23 tid 105968
target_page_id id: 24 tid 105968
0 1 tid 105968
353 22 tid 105968
546 24 tid 105968
244 tid 105968
Insert  tid 105968
FindTargetPageId rootid 23 tid 105968
target_page_id id: 24 tid 105968
0 1 tid 105968
353 22 tid 105968
546 24 tid 105968
245 tid 105968
Insert  tid 105968
FindTargetPageId rootid 23 tid 105968
target_page_id id: 24 tid 105968
0 1 tid 105968
353 22 tid 105968
546 24 tid 105968
246 tid 105968
Insert  tid 105968
FindTargetPageId rootid 23 tid 105968
target_page_id id: 24 tid 105968
0 1 tid 105968
353 22 tid 105968
546 24 tid 105968
247 tid 105968
Insert  tid 105968
FindTargetPageId rootid 23 tid 105968
target_page_id id: 24 tid 105968
0 1 tid 105968
353 22 tid 105968
546 24 tid 105968
248 tid 105968
Insert  tid 105968
FindTargetPageId rootid 23 tid 105968
target_page_id id: 24 tid 105968
0 1 tid 105968
353 22 tid 105968
546 24 tid 105968
249 tid 105968
Insert  tid 105968
FindTargetPageId rootid 23 tid 105968
target_page_id id: 24 tid 105968
0 1 tid 105968
353 22 tid 105968
546 24 tid 105968
250 tid 105968
Insert  tid 105968
FindTargetPageId rootid 23 tid 105968
target_page_id id: 24 tid 105968
0 1 tid 105968
353 22 tid 105968
546 24 tid 105968
251 tid 105968
Insert  tid 105968
FindTargetPageId rootid 23 tid 105968
target_page_id id: 24 tid 105968
0 1 tid 105968
353 22 tid 105968
546 24 tid 105968
252 tid 105968
Insert  tid 105968
FindTargetPageId rootid 23 tid 105968
target_page_id id: 24 tid 105968
0 1 tid 105968
353 22 tid 105968
546 24 tid 105968
253 tid 105968
Insert  tid 105968
FindTargetPageId rootid 23 tid 105970
target_page_id id: 22 tid 105970
0 1 tid 105970
353 22 tid 105970
546 24 tid 105970
148 tid 105970
Insert  tid 105970
FindTargetPageId rootid 23 tid 105970
target_page_id id: 22 tid 105970
0 1 tid 105970
353 22 tid 105970
546 24 tid 105970
149 tid 105970
Insert  tid 105970
FindTargetPageId rootid 23 tid 105970
target_page_id id: 22 tid 105970
0 1 tid 105970
353 22 tid 105970
546 24 tid 105970
150 tid 105970
Insert  tid 105970
FindTargetPageId rootid 23 tid 105968
target_page_id id: 24 tid 105968
0 1 tid 105968
353 22 tid 105968
546 24 tid 105968
254 tid 105968
Insert  tid 105968
FindTargetPageId rootid 23 tid 105969
target_page_id id: 24 tid 105969
0 1 tid 105969
353 22 tid 105969
546 24 tid 105969
722 25 tid 105969
127 tid 105969
Remove  tid 105969
FindTargetPageId rootid 23 tid 105970
target_page_id id: 22 tid 105970
0 1 tid 105970
353 22 tid 105970
545 24 tid 105970
722 25 tid 105970
150 tid 105970
Insert  tid 105970
FindTargetPageId rootid 23 tid 105968
target_page_id id: 25 tid 105968
0 1 tid 105968
353 22 tid 105968
545 24 tid 105968
722 25 tid 105968
128 tid 105968
Insert  tid 105968
FindTargetPageId rootid 23 tid 105969
target_page_id id: 24 tid 105969
0 1 tid 105969
353 22 tid 105969
545 24 tid 105969
722 25 tid 105969
127 tid 105969
Remove  tid 105969
FindTargetPageId rootid 23 tid 105969
target_page_id id: 24 tid 105969
0 1 tid 105969
353 22 tid 105969
540 24 tid 105969
722 25 tid 105969
127 tid 105969
Remove  tid 105969
FindTargetPageId rootid 23 tid 105969
target_page_id id: 24 tid 105969
0 1 tid 105969
353 22 tid 105969
535 24 tid 105969
722 25 tid 105969
127 tid 105969
Remove  tid 105969
FindTargetPageId rootid 23 tid 105969
target_page_id id: 24 tid 105969
0 1 tid 105969
353 22 tid 105969
530 24 tid 105969
722 25 tid 105969
127 tid 105969
Remove  tid 105969
FindTargetPageId rootid 23 tid 105969
target_page_id id: 24 tid 105969
0 1 tid 105969
353 22 tid 105969
525 24 tid 105969
722 25 tid 105969
127 tid 105969
Remove  tid 105969
FindTargetPageId rootid 23 tid 105969
target_page_id id: 24 tid 105969
0 1 tid 105969
353 22 tid 105969
520 24 tid 105969
722 25 tid 105969
127 tid 105969
Remove  tid 105969
FindTargetPageId rootid 23 tid 105969
target_page_id id: 24 tid 105969
0 1 tid 105969
353 22 tid 105969
516 24 tid 105969
722 25 tid 105969
127 tid 105969
Remove  tid 105969
FindTargetPageId rootid 23 tid 105969
target_page_id id: 24 tid 105969
0 1 tid 105969
353 22 tid 105969
515 24 tid 105969
722 25 tid 105969
127 tid 105969
Remove  tid 105969
FindTargetPageId rootid 23 tid 105969
target_page_id id: 24 tid 105969
0 1 tid 105969
353 22 tid 105969
514 24 tid 105969
722 25 tid 105969
127 tid 105969
Remove  tid 105969
FindTargetPageId rootid 23 tid 105969
target_page_id id: 24 tid 105969
0 1 tid 105969
353 22 tid 105969
513 24 tid 105969
722 25 tid 105969
127 tid 105969
Remove  tid 105969
FindTargetPageId rootid 23 tid 105969
target_page_id id: 24 tid 105969
0 1 tid 105969
353 22 tid 105969
512 24 tid 105969
722 25 tid 105969
127 tid 105969
Remove  tid 105969
FindTargetPageId rootid 23 tid 105969
target_page_id id: 24 tid 105969
0 1 tid 105969
353 22 tid 105969
511 24 tid 105969
722 25 tid 105969
127 tid 105969
Remove  tid 105969
FindTargetPageId rootid 23 tid 105969
target_page_id id: 24 tid 105969
0 1 tid 105969
353 22 tid 105969
510 24 tid 105969
722 25 tid 105969
127 tid 105969
Remove  tid 105969
FindTargetPageId rootid 23 tid 105969
target_page_id id: 24 tid 105969
0 1 tid 105969
353 22 tid 105969
509 24 tid 105969
722 25 tid 105969
127 tid 105969
Remove  tid 105969
FindTargetPageId rootid 23 tid 105969
target_page_id id: 24 tid 105969
0 1 tid 105969
353 22 tid 105969
508 24 tid 105969
722 25 tid 105969
127 tid 105969
Remove  tid 105969
FindTargetPageId rootid 23 tid 105969
target_page_id id: 24 tid 105969
0 1 tid 105969
353 22 tid 105969
507 24 tid 105969
722 25 tid 105969
127 tid 105969
Remove  tid 105969
FindTargetPageId rootid 23 tid 105969
target_page_id id: 24 tid 105969
0 1 tid 105969
353 22 tid 105969
505 24 tid 105969
722 25 tid 105969
127 tid 105969
Remove  tid 105969
FindTargetPageId rootid 23 tid 105969
target_page_id id: 24 tid 105969
0 1 tid 105969
353 22 tid 105969
500 24 tid 105969
722 25 tid 105969
127 tid 105969
Remove  tid 105969
FindTargetPageId rootid 23 tid 105969
target_page_id id: 24 tid 105969
0 1 tid 105969
353 22 tid 105969
495 24 tid 105969
722 25 tid 105969
127 tid 105969
Remove  tid 105969
FindTargetPageId rootid 23 tid 105969
target_page_id id: 24 tid 105969
0 1 tid 105969
353 22 tid 105969
490 24 tid 105969
722 25 tid 105969
127 tid 105969
Remove  tid 105969
FindTargetPageId rootid 23 tid 105969
target_page_id id: 24 tid 105969
0 1 tid 105969
353 22 tid 105969
485 24 tid 105969
722 25 tid 105969
127 tid 105969
Remove  tid 105969
FindTargetPageId rootid 23 tid 105969
target_page_id id: 24 tid 105969
0 1 tid 105969
353 22 tid 105969
483 24 tid 105969
722 25 tid 105969
127 tid 105969
Remove  tid 105969
FindTargetPageId rootid 23 tid 105969
target_page_id id: 24 tid 105969
0 1 tid 105969
353 22 tid 105969
482 24 tid 105969
722 25 tid 105969
127 tid 105969
Remove  tid 105969
FindTargetPageId rootid 23 tid 105969
target_page_id id: 24 tid 105969
0 1 tid 105969
353 22 tid 105969
481 24 tid 105969
722 25 tid 105969
127 tid 105969
Remove  tid 105969
FindTargetPageId rootid 23 tid 105969
target_page_id id: 22 tid 105969
0 1 tid 105969
353 22 tid 105969
722 25 tid 105969
254 tid 105969
Remove  tid 105969
FindTargetPageId rootid 23 tid 105969
target_page_id id: 22 tid 105969
0 1 tid 105969
353 22 tid 105969
722 25 tid 105969
253 tid 105969
Remove  tid 105969
FindTargetPageId rootid 23 tid 105968
target_page_id id: 25 tid 105968
0 1 tid 105968
353 22 tid 105968
722 25 tid 105968
129 tid 105968
FindTargetPageId rootid 23 tid 105970
target_page_id id: 22 tid 105970
0 1 tid 105970
353 22 tid 105970Insert 
 tid 722 25 tid 105970
105968
252 tid 105970
Insert  tid 105970
FindTargetPageId rootid 23 tid 105970
target_page_id id: 22 tid 105970
0 1 tid 105970
353 22 tid 105970
722 25 tid 105970
253 tid 105970
Insert  tid 105970
FindTargetPageId rootid 23 tid 105968
target_page_id id: 25 tid 105968
0 1 tid 105968
353 22 tid 105968
722 25 tid 105968
130 tid 105968
Insert  tid 105968
FindTargetPageId rootid 23 tid 105969
target_page_id id: 22 tid 105969
0 1 tid 105969
353 22 tid 105969
722 25 tid 105969
254 tid 105969
Remove  tid FindTargetPageId rootid 10596923 tid 
105970
target_page_id id: 22 tid 105970
0 1 tid 105970
353 22 tid 105970
722 25 tid 105970
253 tid 105970
Insert  tid 105970
FindTargetPageId rootid 23 tid 105970
target_page_id id: 22 tid 105970
0 1 tid 105970
353 22 tid 105970
722 25 tid 105970
254 tid 105970
Insert  tid 105970
FindTargetPageId rootid 23 tid 105969
target_page_id id: 26 tid 105969
0 1 tid 105969
353 22 tid 105969
480 26 tid 105969
722 25 tid 105969
128 tid 105969
Remove  tid 105969
FindTargetPageId rootid 23 tid 105969
target_page_id id: 26 tid 105969
0 1 tid 105969
353 22 tid 105969
480 26 tid 105969
722 25 tid 105969
127 tid 105969
Remove  tid 105969
FindTargetPageId rootid 23 tid 105970
target_page_id id: 22 tid 105970
0 1 tid 105970
353 22 tid 105970
722 25 tid 105970
253 tid 105970
Insert  tid 105970
FindTargetPageId rootid 23 tid 105968
target_page_id id: 25 tid 105968
0 1 tid 105968
353 22 tid 105968
722 25 tid 105968
131 tid 105968
Insert  tid 105968
FindTargetPageId rootid 23 tid 105969
target_page_id id: 22 tid 105969
0 1 tid 105969
353 22 tid 105969
722 25 tid 105969
254 tid 105969
Remove  tid 105969
FindTargetPageId rootid 23 tid 105970
target_page_id id: 22 tid 105970
0 1 tid 105970
353 22 tid 105970
722 25 tid 105970
253 tid 105970
Insert  tid 105970
FindTargetPageId rootid 23 tid 105968
target_page_id id: 25 tid 105968
0 1 tid 105968
353 22 tid 105968
722 25 tid 105968
132 tid 105968
Insert  tid 105968
FindTargetPageId rootid 23 tid 105968
target_page_id id: 25 tid 105968
0 1 tid 105968
353 22 tid 105968
722 25 tid 105968
133 tid 105968
Insert  tid 105968
FindTargetPageId rootid 23 tid 105969
target_page_id id: 22 tid 105969
0 1 tid 105969
353 22 tid 105969
722 25 tid 105969
254 tid 105969
Remove  tid 105969
FindTargetPageId rootid 23 tid 105970
target_page_id id: 22 tid 105970
0 1 tid 105970
353 22 tid 105970
722 25 tid 105970
253 tid 105970
Insert  tid 105970
FindTargetPageId rootid 23 tid 105970
target_page_id id: 22 tid 105970
0 1 tid 105970
353 22 tid 105970
722 25 tid 105970
254 tid 105970
Insert  tid 105970
FindTargetPageId rootid 23 tid 105969
target_page_id id: 27 tid 105969
0 1 tid 105969
353 22 tid 105969
480 27 tid 105969
722 25 tid 105969
128 tid 105969
Remove  tid 105969
FindTargetPageId rootid 23 tid 105968
target_page_id id: 25 tid 105968
0 1 tid 105968
353 22 tid 105968
480 27 tid 105968
722 25 tid 105968
134 tid 105968
Insert  tid 105968
FindTargetPageId rootid 23 tid 105968
target_page_id id: 25 tid 105968
0 1 tid 105968
353 22 tid 105968
480 27 tid 105968
722 25 tid 105968
135 tid 105968
Insert  tid 105968
FindTargetPageId rootid 23 tid 105968
target_page_id id: 25 tid 105968
0 1 tid 105968
353 22 tid 105968
480 27 tid 105968
722 25 tid 105968
136 tid 105968
Insert  tid 105968
FindTargetPageId rootid 23 tid 105968
target_page_id id: 25 tid 105968
0 1 tid 105968
353 22 tid 105968
480 27 tid 105968
722 25 tid 105968
137 tid 105968
Insert  tid 105968
FindTargetPageId rootid 23 tid 105969
target_page_id id: 27 tid 105969
0 1 tid 105969
353 22 tid 105969
480 27 tid 105969
722 25 tid 105969
127 tid 105969
Remove  tid 105969
FindTargetPageId rootid 23 tid 105969
target_page_id id: 22 tid 105969
0 1 tid 105969
353 22 tid 105969
722 25 tid 105969
253 tid 105969
Remove  tid 105969
FindTargetPageId rootid 23 tid 105969
target_page_id id: 22 tid 105969
0 1 tid 105969
353 22 tid 105969
722 25 tid 105969
252 tid 105969
Remove  tid 105969
FindTargetPageId rootid 23 tid 105969
target_page_id id: 22 tid 105969
0 1 tid 105969
353 22 tid 105969
722 25 tid 105969
251 tid 105969
Remove  tid 105969
FindTargetPageId rootid 23 tid 105969
target_page_id id: 22 tid 105969
0 1 tid 105969
353 22 tid 105969
722 25 tid 105969
250 tid 105969
Remove  tid 105969
FindTargetPageId rootid 23 tid 105968
target_page_id id: 25 tid 105968
0 1 tid 105968
353 22 tid 105968
722 25 tid 105968
138 tid 105968
Insert  tid 105968
FindTargetPageId rootid 23 tid 105968
target_page_id id: 25 tid 105968
0 1 tid 105968
353 22 tid 105968
722 25 tid 105968
139 tid 105968
Insert  tid 105968
FindTargetPageId rootid 23 tid 105969
target_page_id id: 22 tid 105969
0 1 tid 105969
353 22 tid 105969
722 25 tid 105969
249 tid 105969
Remove  tid 105969
FindTargetPageId rootid 23 tid 105969
target_page_id id: 22 tid 105969
0 1 tid 105969
353 22 tid 105969
722 25 tid 105969
248 tid 105969
Remove  tid 105969
FindTargetPageId rootid 23 tid 105969
target_page_id id: 22 tid 105969
0 1 tid 105969
353 22 tid 105969
722 25 tid 105969
247 tid 105969
Remove  tid 105969
FindTargetPageId rootid 23 tid 105970
target_page_id id: 22 tid 105970
0 1 tid 105970
353 22 tid 105970
722 25 tid 105970
246 tid 105970
Insert  tid 105970
FindTargetPageId rootid 23 tid 105970
target_page_id id: 22 tid 105970
0 1 tid 105970
353 22 tid 105970
722 25 tid 105970
247 tid 105970
Insert  tid 105970
FindTargetPageId rootid 23 tid 105970
target_page_id id: 22 tid 105970
0 1 tid 105970
353 22 tid 105970
722 25 tid 105970
248 tid 105970
Insert  tid 105970
FindTargetPageId rootid 23 tid 105970
target_page_id id: 22 tid 105970
0 1 tid 105970
353 22 tid 105970
722 25 tid 105970
249 tid 105970
Insert  tid 105970
FindTargetPageId rootid 23 tid 105970
target_page_id id: 22 tid 105970
0 1 tid 105970
353 22 tid 105970
722 25 tid 105970
250 tid 105970
Insert  tid 105970
FindTargetPageId rootid 23 tid 105970
target_page_id id: 22 tid 105970
0 1 tid 105970
353 22 tid 105970
722 25 tid 105970
251 tid 105970
Insert  tid 105970
FindTargetPageId rootid 23 tid 105968
target_page_id id: 25 tid 105968
0 1 tid 105968
353 22 tid 105968
722 25 tid 105968
140 tid 105968
Insert  tid 105968
FindTargetPageId rootid 23 tid 105968
target_page_id id: 25 tid 105968
0 1 tid 105968
353 22 tid 105968
722 25 tid 105968
141 tid 105968
Insert  tid 105968
FindTargetPageId rootid 23 tid 105970
target_page_id id: 22 tid 105970
0 1 tid 105970
353 22 tid 105970
722 25 tid 105970
252 tid 105970
Insert  tid 105970
FindTargetPageId rootid 23 tid 105970
target_page_id id: 22 tid 105970
0 1 tid 105970
353 22 tid 105970
722 25 tid 105970
253 tid 105970
Insert  tid 105970
FindTargetPageId rootid 23 tid 105970
target_page_id id: 22 tid 105970
0 1 tid 105970
353 22 tid 105970
722 25 tid 105970
254 tid 105970
Insert  tid 105970
FindTargetPageId rootid 23 tid 105970
target_page_id id: 28 tid 105970
0 1 tid 105970
353 22 tid 105970
480 28 tid 105970
722 25 tid 105970
128 tid 105970
Insert  tid 105970
FindTargetPageId rootid 23 tid 105970
target_page_id id: 28 tid 105970
0 1 tid 105970
353 22 tid 105970
480 28 tid 105970
722 25 tid 105970
129 tid 105970
Insert  tid 105970
FindTargetPageId rootid 23 tid 105970
target_page_id id: 28 tid 105970
0 1 tid 105970
353 22 tid 105970
480 28 tid 105970
722 25 tid 105970
129 tid 105970
Insert  tid 105970
FindTargetPageId rootid 23 tid 105970
target_page_id id: 28 tid 105970
0 1 tid 105970
353 22 tid 105970
480 28 tid 105970
722 25 tid 105970
129 tid 105970
Insert  tid 105970
FindTargetPageId rootid 23 tid 105970
target_page_id id: 28 tid 105970
0 1 tid 105970
353 22 tid 105970
480 28 tid 105970
722 25 tid 105970
129 tid 105970
Insert  tid 105970
FindTargetPageId rootid 23 tid 105970
target_page_id id: 28 tid 105970
0 1 tid 105970
353 22 tid 105970
480 28 tid 105970
722 25 tid 105970
129 tid 105970
Insert  tid 105970
FindTargetPageId rootid 23 tid 105970
target_page_id id: 28 tid 105970
0 1 tid 105970
353 22 tid 105970
480 28 tid 105970
722 25 tid 105970
129 tid 105970
Insert  tid 105970
FindTargetPageId rootid 23 tid 105970
target_page_id id: 28 tid 105970
0 1 tid 105970
353 22 tid 105970
480 28 tid 105970
722 25 tid 105970
129 tid 105970
Insert  tid 105970
FindTargetPageId rootid 23 tid 105969
target_page_id id: 28 tid 105969
0 1 tid 105969
353 22 tid 105969
480 28 tid 105969
722 25 tid 105969
129 tid 105969
Remove  tid 105969
FindTargetPageId rootid 23 tid 105969
target_page_id id: 28 tid 105969
0 1 tid 105969
353 22 tid 105969
480 28 tid 105969
722 25 tid 105969
128 tid 105969
Remove  tid 105969
FindTargetPageId rootid 23 tid 105970
target_page_id id: 28 tid 105970
0 1 tid 105970
353 22 tid 105970
480 28 tid 105970
722 25 tid 105970
127 tid 105970
Insert  tid 105970
FindTargetPageId rootid 23 tid 105968
target_page_id id: 25 tid 105968
0 1 tid 105968
353 22 tid 105968
480 28 tid 105968
722 25 tid 105968
142 tid 105968
Insert  tid 105968
FindTargetPageId rootid 23 tid 105969
target_page_id id: 28 tid 105969
0 1 tid 105969
353 22 tid 105969
480 28 tid 105969
722 25 tid 105969
127 tid 105969
Remove  tid 105969
FindTargetPageId rootid 23 tid 105970
target_page_id id: 22 tid 105970
0 1 tid 105970
353 22 tid 105970
722 25 tid 105970
253 tid 105970
Insert  tid 105970
FindTargetPageId rootid 23 tid 105970
target_page_id id: 22 tid 105970
0 1 tid 105970
353 22 tid 105970
722 25 tid 105970
254 tid 105970
Insert  tid 105970
FindTargetPageId rootid 23 tid 105969
target_page_id id: 29 tid 105969
0 1 tid 105969
353 22 tid 105969
480 29 tid 105969
722 25 tid 105969
128 tid 105969
Remove  tid 105969
FindTargetPageId rootid 23 tid 105968
target_page_id id: 25 tid 105968
0 1 tid 105968
353 22 tid 105968
480 29 tid 105968
722 25 tid 105968
143 tid 105968
Insert  tid 105968
FindTargetPageId rootid 23 tid 105968
target_page_id id: 25 tid 105968
0 1 tid 105968
353 22 tid 105968
480 29 tid 105968
722 25 tid 105968
144 tid 105968
Insert  tid 105968
FindTargetPageId rootid 23 tid 105968
target_page_id id: 25 tid 105968
0 1 tid 105968
353 22 tid 105968
480 29 tid 105968
722 25 tid 105968
145 tid 105968
Insert  tid 105968
FindTargetPageId rootid 23 tid 105968
target_page_id id: 25 tid 105968
0 1 tid 105968
353 22 tid 105968
480 29 tid 105968
722 25 tid 105968
146 tid 105968
Insert  tid 105968
FindTargetPageId rootid 23 tid 105968
target_page_id id: 25 tid 105968
0 1 tid 105968
353 22 tid 105968
480 29 tid 105968
722 25 tid 105968
147 tid 105968
Insert  tid 105968
FindTargetPageId rootid 23 tid 105969
target_page_id id: 29 tid 105969
0 1 tid 105969
353 22 tid 105969
480 29 tid 105969
722 25 tid 105969
127 tid 105969
Remove  tid 105969
FindTargetPageId rootid 23 tid 105969
target_page_id id: 22 tid 105969
0 1 tid 105969
353 22 tid 105969
722 25 tid 105969
253 tid 105969
Remove  tid 105969
FindTargetPageId rootid 23 tid 105968
target_page_id id: 25 tid 105968
0 1 tid 105968
353 22 tid 105968
722 25 tid 105968
148 tid 105968
Insert  tid 105968
FindTargetPageId rootid 23 tid 105968
target_page_id id: 25 tid 105968
0 1 tid 105968
353 22 tid 105968
722 25 tid 105968
149 tid 105968
Insert  tid 105968
FindTargetPageId rootid 23 tid 105968
target_page_id id: 25 tid 105968
0 1 tid 105968
353 22 tid 105968
722 25 tid 105968
150 tid 105968
Insert  tid 105968
FindTargetPageId rootid 23 tid 105968
target_page_id id: 25 tid 105968
0 1 tid 105968
353 22 tid 105968
722 25 tid 105968
151 tid 105968
Insert  tid 105968
FindTargetPageId rootid 23 tid 105968
target_page_id id: 25 tid 105968
0 1 tid 105968
353 22 tid 105968
722 25 tid 105968
152 tid 105968
Insert  tid 105968
FindTargetPageId rootid 23 tid 105968
target_page_id id: 25 tid 105968
0 1 tid 105968
353 22 tid 105968
722 25 tid 105968
153 tid 105968
Insert  tid 105968
FindTargetPageId rootid 23 tid 105968
target_page_id id: 25 tid 105968
0 1 tid 105968
353 22 tid 105968
722 25 tid 105968
154 tid 105968
Insert  tid 105968
FindTargetPageId rootid 23 tid 105970
target_page_id id: 22 tid 105970
0 1 tid 105970
353 22 tid 105970
722 25 tid 105970
252 tid 105970
Insert  tid 105970
FindTargetPageId rootid 23 tid 105970
target_page_id id: 22 tid 105970
0 1 tid 105970
353 22 tid 105970
722 25 tid 105970
253 tid 105970
Insert  tid 105970
FindTargetPageId rootid 23 tid 105970
target_page_id id: 22 tid 105970
0 1 tid 105970
353 22 tid 105970
722 25 tid 105970
254 tid 105970
Insert  tid 105970
FindTargetPageId rootid 23 tid 105970
target_page_id id: 30 tid 105970
0 1 tid 105970
353 22 tid 105970
480 30 tid 105970
722 25 tid 105970
128 tid 105970
Insert  tid 105970
FindTargetPageId rootid 23 tid 105970
target_page_id id: 30 tid 105970
0 1 tid 105970
353 22 tid 105970
480 30 tid 105970
722 25 tid 105970
129 tid 105970
Insert  tid 105970
FindTargetPageId rootid 23 tid 105970
target_page_id id: 30 tid 105970
0 1 tid 105970
353 22 tid 105970
480 30 tid 105970
722 25 tid 105970
130 tid 105970
Insert  tid 105970
FindTargetPageId rootid 23 tid 105970
target_page_id id: 30 tid 105970
0 1 tid 105970
353 22 tid 105970
480 30 tid 105970
722 25 tid 105970
131 tid 105970
Insert  tid 105970
FindTargetPageId rootid 23 tid 105970
target_page_id id: 30 tid 105970
0 1 tid 105970
353 22 tid 105970
480 30 tid 105970
722 25 tid 105970
132 tid 105970
Insert  tid 105970
FindTargetPageId rootid 23 tid 105970
target_page_id id: 30 tid 105970
0 1 tid 105970
353 22 tid 105970
480 30 tid 105970
722 25 tid 105970
133 tid 105970
Insert  tid 105970
FindTargetPageId rootid 23 tid 105970
target_page_id id: 30 tid 105970
0 1 tid 105970
353 22 tid 105970
480 30 tid 105970
722 25 tid 105970
134 tid 105970
Insert  tid 105970
FindTargetPageId rootid 23 tid 105970
target_page_id id: 30 tid 105970
0 1 tid 105970
353 22 tid 105970
480 30 tid 105970
722 25 tid 105970
135 tid 105970
Insert  tid 105970
FindTargetPageId rootid 23 tid 105969
target_page_id id: 30 tid 105969
0 1 tid 105969
353 22 tid 105969
480 30 tid 105969
722 25 tid 105969
136 tid 105969
Remove  tid 105969
FindTargetPageId rootid 23 tid 105969
target_page_id id: 30 tid 105969
0 1 tid 105969
353 22 tid 105969
480 30 tid 105969
722 25 tid 105969
135 tid 105969
Remove  tid 105969
FindTargetPageId rootid 23 tid 105969
target_page_id id: 30 tid 105969
0 1 tid 105969
353 22 tid 105969
480 30 tid 105969
722 25 tid 105969
134 tid 105969
Remove  tid 105969
FindTargetPageId rootid 23 tid 105969
target_page_id id: 30 tid 105969
0 1 tid 105969
353 22 tid 105969
480 30 tid 105969
722 25 tid 105969
133 tid 105969
Remove  tid 105969
FindTargetPageId rootid 23 tid 105969
target_page_id id: 30 tid 105969
0 1 tid 105969
353 22 tid 105969
480 30 tid 105969
722 25 tid 105969
132 tid 105969
Remove  tid 105969
FindTargetPageId rootid 23 tid 105969
target_page_id id: 30 tid 105969
0 1 tid 105969
353 22 tid 105969
480 30 tid 105969
722 25 tid 105969
131 tid 105969
Remove  tid 105969
FindTargetPageId rootid 23 tid 105969
target_page_id id: 30 tid 105969
0 1 tid 105969
353 22 tid 105969
480 30 tid 105969
722 25 tid 105969
130 tid 105969
Remove  tid 105969
FindTargetPageId rootid 23 tid 105969
target_page_id id: 30 tid 105969
0 1 tid 105969
353 22 tid 105969
480 30 tid 105969
722 25 tid 105969
129 tid 105969
Remove  tid 105969
FindTargetPageId rootid 23 tid 105969
target_page_id id: 30 tid 105969
0 1 tid 105969
353 22 tid 105969
480 30 tid 105969
722 25 tid 105969
128 tid 105969
Remove  tid 105969
FindTargetPageId rootid 23 tid 105969
target_page_id id: 30 tid 105969
0 1 tid 105969
353 22 tid 105969
480 30 tid 105969
722 25 tid 105969
127 tid 105969
Remove  tid 105969
FindTargetPageId rootid 23 tid 105969
target_page_id id: 22 tid 105969
0 1 tid 105969
353 22 tid 105969
722 25 tid 105969
253 tid 105969
Remove  tid 105969
FindTargetPageId rootid 23 tid 105968
target_page_id id: 25 tid 105968
0 1 tid 105968
353 22 tid 105968
722 25 tid 105968
155 tid 105968
Insert  tid 105968
FindTargetPageId rootid 23 tid 105968
target_page_id id: 25 tid 105968
0 1 tid 105968
353 22 tid 105968
722 25 tid 105968
156 tid 105968
Insert  tid 105968
FindTargetPageId rootid 23 tid 105968
target_page_id id: 25 tid 105968
0 1 tid 105968
353 22 tid 105968
722 25 tid 105968
157 tid 105968
Insert  tid 105968
FindTargetPageId rootid 23 tid 105970
target_page_id id: 22 tid 105970
0 1 tid 105970
353 22 tid 105970
722 25 tid 105970
252 tid 105970
Insert  tid 105970
FindTargetPageId rootid 23 tid 105970
target_page_id id: 22 tid 105970
0 1 tid 105970
353 22 tid 105970
722 25 tid 105970
253 tid 105970
Insert  tid 105970
FindTargetPageId rootid 23 tid 105970
target_page_id id: 22 tid 105970
0 1 tid 105970
353 22 tid 105970
722 25 tid 105970
254 tid 105970
Insert  tid 105970
FindTargetPageId rootid 23 tid 105969
target_page_id id: 31 tid 105969
0 1 tid 105969
353 22 tid 105969
480 31 tid 105969
722 25 tid 105969
128 tid 105969
Remove  tid 105969
FindTargetPageId rootid 23 tid 105969
target_page_id id: 31 tid 105969
0 1 tid 105969
353 22 tid 105969
480 31 tid 105969
722 25 tid 105969
127 tid 105969
Remove  tid 105969
FindTargetPageId rootid 23 tid 105969
target_page_id id: 22 tid 105969
0 1 tid 105969
353 22 tid 105969
722 25 tid 105969
253 tid 105969
Remove  tid 105969
FindTargetPageId rootid 23 tid 105969
target_page_id id: 22 tid 105969
0 1 tid 105969
353 22 tid 105969
722 25 tid 105969
252 tid 105969
Remove  tid 105969
FindTargetPageId rootid 23 tid 105969
target_page_id id: 22 tid 105969
0 1 tid 105969
353 22 tid 105969
722 25 tid 105969
251 tid 105969
Remove  tid 105969
FindTargetPageId rootid 23 tid 105969
target_page_id id: 22 tid 105969
0 1 tid 105969
353 22 tid 105969
722 25 tid 105969
250 tid 105969
Remove  tid 105969
FindTargetPageId rootid 23 tid 105969
target_page_id id: 22 tid 105969
0 1 tid 105969
353 22 tid 105969
722 25 tid 105969
249 tid 105969
Remove  tid 105969
FindTargetPageId rootid 23 tid 105969
target_page_id id: 22 tid 105969
0 1 tid 105969
353 22 tid 105969
722 25 tid 105969
248 tid 105969
Remove  tid 105969
FindTargetPageId rootid 23 tid 105969
target_page_id id: 22 tid 105969
0 1 tid 105969
353 22 tid 105969
722 25 tid 105969
247 tid 105969
Remove  tid 105969
FindTargetPageId rootid 23 tid 105968
target_page_id id: 25 tid 105968
0 1 tid 105968
353 22 tid 105968
722 25 tid 105968
158 tid 105968
Insert  tid 105968
FindTargetPageId rootid 23 tid 105968
target_page_id id: 25 tid 105968
0 1 tid 105968
353 22 tid 105968
722 25 tid 105968
159 tid 105968
Insert  tid 105968
FindTargetPageId rootid 23 tid 105968
target_page_id id: 25 tid 105968
0 1 tid 105968
353 22 tid 105968
722 25 tid 105968
160 tid 105968
Insert  tid 105968
FindTargetPageId rootid 23 tid 105970
target_page_id id: 22 tid 105970
0 1 tid 105970
353 22 tid 105970
722 25 tid 105970
246 tid 105970
Insert  tid 105970
FindTargetPageId rootid 23 tid 105969
target_page_id id: 22 tid 105969
0 1 tid 105969
353 22 tid 105969
722 25 tid 105969
247 tid 105969
Remove  tid 105969
FindTargetPageId rootid 23 tid 105968
target_page_id id: 25 tid 105968
0 1 tid 105968
353 22 tid 105968
722 25 tid 105968
161 tid 105968
Insert  tid 105968
FindTargetPageId rootid 23 tid 105970
target_page_id id: 22 tid 105970
0 1 tid 105970
353 22 tid 105970
722 25 tid 105970
246 tid 105970
Insert  tid 105970
FindTargetPageId rootid 23 tid 105970
target_page_id id: 22 tid 105970
0 1 tid 105970
353 22 tid 105970
722 25 tid 105970
247 tid 105970
Insert  tid 105970
FindTargetPageId rootid 23 tid 105970
target_page_id id: 22 tid 105970
0 1 tid 105970
353 22 tid 105970
722 25 tid 105970
248 tid 105970
Insert  tid 105970
FindTargetPageId rootid 23 tid 105970
target_page_id id: 22 tid 105970
0 1 tid 105970
353 22 tid 105970
722 25 tid 105970
249 tid 105970
Insert  tid 105970
FindTargetPageId rootid 23 tid 105969
target_page_id id: 22 tid 105969
0 1 tid 105969
353 22 tid 105969
722 25 tid 105969
250 tid 105969
FindTargetPageId rootid 23 tid 105968
target_page_id id: 25 tid 105968
0 1 tid 105968
353 22 tid 105968
722 25 tid 105968
162 tid 105968
Insert  tid 105968
FindTargetPageId rootid 23 tid 105968
target_page_id id: 25 tid 105968
0 1 tid 105968
353 22 tid 105968
722 25 tid 105968
163 tid 105968
Insert  tid 105968
Remove FindTargetPageId rootid 23 tid 105968
target_page_id id: 25 tid  tid 105968
0 1 tid 105969105968

353 22 tid 105968
722 25 tid 105968
164 tid 105968
Insert  tid 105968
FindTargetPageId rootid 23 tid 105968
target_page_id id: 25 tid 105968
0 1 tid 105968
353 22 tid 105968
722 25 tid 105968
165 tid 105968
Insert  tid 105968
FindTargetPageId rootid 23 tid 105968
target_page_id id: 25 tid 105968
0 1 tid 105968
353 22 tid 105968
722 25 tid 105968
166 tid 105968
Insert  tid 105968
FindTargetPageId rootid 23 tid 105968
target_page_id id: 25 tid 105968
0 1 tid 105968
353 22 tid 105968
722 25 tid 105968
167 tid 105968
Insert  tid 105968
FindTargetPageId rootid 23 tid 105968
target_page_id id: 25 tid 105968
0 1 tid 105968
353 22 tid 105968
722 25 tid 105968
168 tid 105968
Insert  tid 105968
FindTargetPageId rootid 23 tid 105968
target_page_id id: 25 tid 105968
0 1 tid 105968
353 22 tid 105968
722 25 tid 105968
169 tid 105968
Insert  tid 105968
FindTargetPageId rootid 23 tid 105970
target_page_id id: 22 tid 105970
0 1 tid 105970
353 22 tid 105970
722 25 tid 105970
249 tid 105970
Insert  tid 105970
FindTargetPageId rootid 23 tid 105969
target_page_id id: 22 tid 105969
0 1 tid 105969
353 22 tid 105969
722 25 tid 105969
250 tid 105969
Remove  tid 105969
FindTargetPageId rootid 23 tid 105968
target_page_id id: 25 tid 105968
0 1 tid 105968
353 22 tid 105968
722 25 tid 105968
170 tid 105968
Insert  tid 105968
FindTargetPageId rootid 23 tid 105970
target_page_id id: 22 tid 105970
0 1 tid 105970
353 22 tid 105970
722 25 tid 105970
249 tid 105970
Insert  tid 105970
FindTargetPageId rootid 23 tid 105969
target_page_id id: 22 tid 105969
0 1 tid 105969
353 22 tid 105969
722 25 tid 105969
250 tid 105969
Remove  tid 105969
FindTargetPageId rootid 23 tid 105969
target_page_id id: 22 tid 105969
0 1 tid 105969
353 22 tid 105969
722 25 tid 105969
249 tid 105969
Remove  tid 105969
FindTargetPageId rootid 23 tid 105969
target_page_id id: 22 tid 105969
0 1 tid 105969
353 22 tid 105969
722 25 tid 105969
248 tid 105969
Remove  tid 105969
FindTargetPageId rootid 23 tid 105969
target_page_id id: 22 tid 105969
0 1 tid 105969
353 22 tid 105969
722 25 tid 105969
247 tid 105969
Remove  tid 105969
FindTargetPageId rootid 23 tid 105969
target_page_id id: 22 tid 105969
0 1 tid 105969
353 22 tid 105969
722 25 tid 105969
246 tid 105969
Remove  tid 105969
FindTargetPageId rootid 23 tid 105969
target_page_id id: 22 tid 105969
0 1 tid 105969
353 22 tid 105969
722 25 tid 105969
245 tid 105969
Remove  tid 105969
FindTargetPageId rootid 23 tid 105968
target_page_id id: 25 tid 105968
0 1 tid 105968
353 22 tid 105968
722 25 tid 105968
171 tid 105968
Insert  tid 105968
FindTargetPageId rootid 23 tid 105968
target_page_id id: 25 tid 105968
0 1 tid 105968
353 22 tid 105968
722 25 tid 105968
172 tid 105968
Insert  tid 105968
FindTargetPageId rootid 23 tid 105968
target_page_id id: 25 tid 105968
0 1 tid 105968
353 22 tid 105968
722 25 tid 105968
173 tid 105968
Insert  tid 105968
FindTargetPageId rootid 23 tid 105968
target_page_id id: 25 tid 105968
0 1 tid 105968
353 22 tid 105968
722 25 tid 105968
174 tid 105968
Insert  tid 105968
FindTargetPageId rootid 23 tid 105968
target_page_id id: 25 tid 105968
0 1 tid 105968
353 22 tid 105968
722 25 tid 105968
175 tid 105968
Insert  tid 105968
FindTargetPageId rootid 23 tid 105970
target_page_id id: 22 tid 105970
0 1 tid 105970
353 22 tid 105970
722 25 tid 105970
244 tid 105970
Insert  tid 105970
FindTargetPageId rootid 23 tid 105969
target_page_id id: 22 tid 105969
0 1 tid 105969
353 22 tid 105969
722 25 tid 105969
245 tid 105969
Remove  tid 105969
FindTargetPageId rootid 23 tid 105969
target_page_id id: 22 tid 105969
0 1 tid 105969
353 22 tid 105969
722 25 tid 105969
244 tid 105969
Remove  tid 105969
FindTargetPageId rootid 23 tid 105969
target_page_id id: 22 tid 105969
0 1 tid 105969
353 22 tid 105969
722 25 tid 105969
243 tid 105969
Remove  tid 105969
FindTargetPageId rootid 23 tid 105968
target_page_id id: 25 tid 105968
0 1 tid 105968
353 22 tid 105968
722 25 tid 105968
176 tid 105968
Insert  tid 105968
FindTargetPageId rootid 23 tid 105970
target_page_id id: 22 tid 105970
0 1 tid 105970
353 22 tid 105970
722 25 tid 105970
242 tid 105970
Insert  tid 105970
FindTargetPageId rootid 23 tid 105970
target_page_id id: 22 tid 105970
0 1 tid 105970
353 22 tid 105970
722 25 tid 105970
243 tid 105970
Insert  tid 105970
FindTargetPageId rootid 23 tid 105970
target_page_id id: 22 tid 105970
0 1 tid 105970
353 22 tid 105970
722 25 tid 105970
244 tid 105970
Insert  tid 105970
FindTargetPageId rootid 23 tid 105970
target_page_id id: 22 tid 105970
0 1 tid 105970
353 22 tid 105970
722 25 tid 105970
245 tid 105970
Insert  tid 105970
FindTargetPageId rootid 23 tid 105970
target_page_id id: 22 tid 105970
0 1 tid 105970
353 22 tid 105970
722 25 tid 105970
246 tid 105970
Insert  tid 105970
FindTargetPageId rootid 23 tid 105970
target_page_id id: 22 tid 105970
0 1 tid 105970
353 22 tid 105970
722 25 tid 105970
247 tid 105970
Insert  tid 105970
FindTargetPageId rootid 23 tid 105970
target_page_id id: 22 tid 105970
0 1 tid 105970
353 22 tid 105970
722 25 tid 105970
248 tid 105970
Insert  tid 105970
FindTargetPageId rootid 23 tid 105970
target_page_id id: 22 tid 105970
0 1 tid 105970
353 22 tid 105970
722 25 tid 105970
249 tid 105970
Insert  tid 105970
FindTargetPageId rootid 23 tid 105970
target_page_id id: 22 tid 105970
0 1 tid 105970
353 22 tid 105970
722 25 tid 105970
250 tid 105970
Insert  tid 105970
FindTargetPageId rootid 23 tid 105970
target_page_id id: 22 tid 105970
0 1 tid 105970
353 22 tid 105970
722 25 tid 105970
251 tid 105970
Insert  tid 105970
FindTargetPageId rootid 23 tid 105969
target_page_id id: 22 tid 105969
0 1 tid 105969
353 22 tid 105969
722 25 tid 105969
252 tid 105969
Remove  tid 105969
FindTargetPageId rootid 23 tid 105968
target_page_id id: 25 tid 105968
0 1 tid 105968
353 22 tid 105968
722 25 tid 105968
177 tid 105968
Insert  tid 105968
FindTargetPageId rootid 23 tid 105968
target_page_id id: 25 tid 105968
0 1 tid 105968
353 22 tid 105968
722 25 tid 105968
178 tid 105968
Insert  tid 105968
FindTargetPageId rootid 23 tid 105968
target_page_id id: 25 tid 105968
0 1 tid 105968
353 22 tid 105968
722 25 tid 105968
179 tid 105968
Insert  tid 105968
FindTargetPageId rootid 23 tid 105968
target_page_id id: 25 tid 105968
0 1 tid 105968
353 22 tid 105968
722 25 tid 105968
180 tid 105968
Insert  tid 105968
FindTargetPageId rootid 23 tid 105968
target_page_id id: 25 tid 105968
0 1 tid 105968
353 22 tid 105968
722 25 tid 105968
181 tid 105968
Insert  tid 105968
FindTargetPageId rootid 23 tid 105968
target_page_id id: 25 tid 105968
0 1 tid 105968
353 22 tid 105968
722 25 tid 105968
182 tid 105968
Insert  tid 105968
FindTargetPageId rootid 23 tid 105968
target_page_id id: 25 tid 105968
0 1 tid 105968
353 22 tid 105968
722 25 tid 105968
183 tid 105968
Insert  tid 105968
FindTargetPageId rootid 23 tid 105969
target_page_id id: 22 tid 105969
0 1 tid 105969
353 22 tid 105969
722 25 tid 105969
251 tid 105969
Remove  tid 105969
FindTargetPageId rootid 23 tid 105970
target_page_id id: 22 tid 105970
0 1 tid 105970
353 22 tid 105970
722 25 tid 105970
250 tid 105970
Insert  tid 105970
FindTargetPageId rootid 23 tid 105970
target_page_id id: 22 tid 105970
0 1 tid 105970
353 22 tid 105970
722 25 tid 105970
251 tid 105970
Insert  tid 105970
FindTargetPageId rootid 23 tid 105970
target_page_id id: 22 tid 105970
0 1 tid 105970
353 22 tid 105970
722 25 tid 105970
252 tid 105970
Insert  tid 105970
FindTargetPageId rootid 23 tid 105969
target_page_id id: 22 tid 105969
0 1 tid 105969
353 22 tid 105969
722 25 tid 105969
253 tid 105969
Remove  tid 105969
FindTargetPageId rootid 23 tid 105968
target_page_id id: 25 tid 105968
0 1 tid 105968
353 22 tid 105968
722 25 tid 105968
184 tid 105968
Insert  tid 105968
FindTargetPageId rootid 23 tid 105970
target_page_id id: 22 tid 105970
0 1 tid 105970
353 22 tid 105970
722 25 tid 105970
252 tid 105970
Insert  tid 105970
FindTargetPageId rootid 23 tid 105969
target_page_id id: 22 tid 105969
0 1 tid 105969
353 22 tid 105969
722 25 tid 105969
253 tid 105969
Remove  tid 105969
FindTargetPageId rootid 23 tid 105968
target_page_id id: 25 tid 105968
0 1 tid 105968
353 22 tid 105968
722 25 tid 105968
185 tid 105968
Insert  tid 105968
FindTargetPageId rootid 23 tid 105968
target_page_id id: 25 tid 105968
0 1 tid 105968
353 22 tid 105968
722 25 tid 105968
186 tid 105968
Insert  tid 105968
FindTargetPageId rootid 23 tid 105968
target_page_id id: 25 tid 105968
0 1 tid 105968
353 22 tid 105968
722 25 tid 105968
187 tid 105968
Insert  tid 105968
FindTargetPageId rootid 23 tid 105969
target_page_id id: 22 tid 105969
0 1 tid 105969
353 22 tid 105969
722 25 tid 105969
252 tid 105969
Remove  tid 105969
FindTargetPageId rootid 23 tid 105969
target_page_id id: 22 tid 105969
0 1 tid 105969
353 22 tid 105969
722 25 tid 105969
251 tid 105969
Remove  tid 105969
FindTargetPageId rootid 23 tid 105969
target_page_id id: 22 tid 105969
0 1 tid 105969
353 22 tid 105969
722 25 tid 105969
250 tid 105969
Remove  tid 105969
FindTargetPageId rootid 23 tid 105969
target_page_id id: 22 tid 105969
0 1 tid 105969
353 22 tid 105969
722 25 tid 105969
249 tid 105969
Remove  tid 105969
FindTargetPageId rootid 23 tid 105969
target_page_id id: 22 tid 105969
0 1 tid 105969
353 22 tid 105969
722 25 tid 105969
248 tid 105969
Remove  tid 105969
FindTargetPageId rootid 23 tid 105969
target_page_id id: 22 tid 105969
0 1 tid 105969
353 22 tid 105969
722 25 tid 105969
247 tid 105969
Remove  tid 105969
FindTargetPageId rootid 23 tid 105969
target_page_id id: 22 tid 105969
0 1 tid 105969
353 22 tid 105969
722 25 tid 105969
246 tid 105969
Remove  tid 105969
FindTargetPageId rootid 23 tid 105969
target_page_id id: 22 tid 105969
0 1 tid 105969
353 22 tid 105969
722 25 tid 105969
245 tid 105969
Remove  tid 105969
FindTargetPageId rootid 23 tid 105969
target_page_id id: 22 tid 105969
0 1 tid 105969
353 22 tid 105969
722 25 tid 105969
244 tid 105969
Remove  tid 105969
FindTargetPageId rootid 23 tid 105969
target_page_id id: 25 tid 105969
0 1 tid 105969
353 22 tid 105969
722 25 tid 105969
188 tid 105969
Remove  tid 105969
FindTargetPageId rootid 23 tid 105969
target_page_id id: 25 tid 105969
0 1 tid 105969
353 22 tid 105969
722 25 tid 105969
187 tid 105969
Remove  tid 105969
FindTargetPageId rootid 23 tid 105969
target_page_id id: 25 tid 105969
0 1 tid 105969
353 22 tid 105969
722 25 tid 105969
186 tid 105969
Remove  tid 105969
FindTargetPageId rootid 23 tid 105969
target_page_id id: 25 tid 105969
0 1 tid 105969
353 22 tid 105969
722 25 tid 105969
185 tid 105969
Remove  tid 105969
FindTargetPageId rootid 23 tid 105969
target_page_id id: 25 tid 105969
0 1 tid 105969
353 22 tid 105969
722 25 tid 105969
184 tid 105969
Remove  tid 105969
FindTargetPageId rootid 23 tid 105969
target_page_id id: 25 tid 105969
0 1 tid 105969
353 22 tid 105969
722 25 tid 105969
183 tid 105969
Remove  tid 105969
FindTargetPageId rootid 23 tid 105969
target_page_id id: 25 tid 105969
0 1 tid 105969
353 22 tid 105969
722 25 tid 105969
182 tid 105969
Remove  tid 105969
FindTargetPageId rootid 23 tid 105969
target_page_id id: 25 tid 105969
0 1 tid 105969
353 22 tid 105969
722 25 tid 105969
181 tid 105969
Remove  tid 105969
FindTargetPageId rootid 23 tid 105969
target_page_id id: 25 tid 105969
0 1 tid 105969
353 22 tid 105969
722 25 tid 105969
180 tid 105969
Remove  tid 105969
FindTargetPageId rootid 23 tid 105968
target_page_id id: 25 tid 105968
0 1 tid 105968
353 22 tid 105968
722 25 tid 105968
179 tid 105968
Insert  tid 105968
FindTargetPageId rootid 23 tid 105970
target_page_id id: 22 tid 105970
0 1 tid 105970
353 22 tid 105970
722 25 tid 105970
243 tid 105970
Insert  tid 105970
FindTargetPageId rootid 23 tid 105970
target_page_id id: 22 tid 105970
0 1 tid 105970
353 22 tid 105970
722 25 tid 105970
244 tid 105970
Insert  tid 105970
FindTargetPageId rootid 23 tid 105969
target_page_id id: 25 tid 105969
0 1 tid 105969
353 22 tid 105969
722 25 tid 105969
180 tid 105969
Remove  tid 105969
FindTargetPageId rootid 23 tid 105969
target_page_id id: 25 tid 105969
0 1 tid 105969
353 22 tid 105969
722 25 tid 105969
179 tid 105969
Remove  tid 105969
FindTargetPageId rootid 23 tid 105970
target_page_id id: 22 tid 105970
0 1 tid 105970
353 22 tid 105970
722 25 tid 105970
245 tid 105970
Insert  tid 105970
FindTargetPageId rootid 23 tid 105970
target_page_id id: 22 tid 105970
0 1 tid 105970
353 22 tid 105970
722 25 tid 105970
246 tid 105970
Insert  tid 105970
FindTargetPageId rootid 23 tid 105969
target_page_id id: 25 tid 105969
0 1 tid 105969
353 22 tid 105969
722 25 tid 105969
178 tid 105969
Remove  tid 105969
FindTargetPageId rootid 23 tid 105968
target_page_id id: 25 tid 105968
0 1 tid 105968
353 22 tid 105968
722 25 tid 105968
177 tid 105968
Insert  tid 105968
FindTargetPageId rootid 23 tid 105970
target_page_id id: 22 tid 105970
0 1 tid 105970
353 22 tid 105970
722 25 tid 105970
247 tid 105970
Insert  tid 105970
FindTargetPageId rootid 23 tid 105969
target_page_id id: 25 tid 105969
0 1 tid 105969
353 22 tid 105969
722 25 tid 105969
178 tid 105969
Remove  tid 105969
FindTargetPageId rootid 23 tid 105969
target_page_id id: 25 tid 105969
0 1 tid 105969
353 22 tid 105969
722 25 tid 105969
177 tid 105969
Remove  tid 105969
FindTargetPageId rootid 23 tid 105970
target_page_id id: 22 tid 105970
0 1 tid 105970
353 22 tid 105970
722 25 tid 105970
248 tid 105970
Insert  tid 105970
FindTargetPageId rootid 23 tid 105968
target_page_id id: 25 tid 105968
0 1 tid 105968
353 22 tid 105968
722 25 tid 105968
176 tid 105968
Insert  tid 105968
FindTargetPageId rootid 23 tid 105968
target_page_id id: 25 tid 105968
0 1 tid 105968
353 22 tid 105968
722 25 tid 105968
177 tid 105968
Insert  tid 105968
FindTargetPageId rootid 23 tid 105968
target_page_id id: 25 tid 105968
0 1 tid 105968
353 22 tid 105968
722 25 tid 105968
178 tid 105968
Insert  tid 105968
FindTargetPageId rootid 23 tid 105968
target_page_id id: 25 tid 105968
0 1 tid 105968
353 22 tid 105968
722 25 tid 105968
179 tid 105968
Insert  tid 105968
FindTargetPageId rootid 23 tid 105968
target_page_id id: 25 tid 105968
0 1 tid 105968
353 22 tid 105968
722 25 tid 105968
180 tid 105968
Insert  tid 105968
FindTargetPageId rootid 23 tid 105968
target_page_id id: 25 tid 105968
0 1 tid 105968
353 22 tid 105968
722 25 tid 105968
181 tid 105968
Insert  tid 105968
FindTargetPageId rootid 23 tid 105968
target_page_id id: 25 tid 105968
0 1 tid 105968
353 22 tid 105968
722 25 tid 105968
182 tid 105968
Insert  tid 105968
FindTargetPageId rootid 23 tid 105968
target_page_id id: 25 tid 105968
0 1 tid 105968
353 22 tid 105968
722 25 tid 105968
183 tid 105968
Insert  tid 105968
FindTargetPageId rootid 23 tid 105968
target_page_id id: 25 tid 105968
0 1 tid 105968
353 22 tid 105968
722 25 tid 105968
184 tid 105968
Insert  tid 105968
FindTargetPageId rootid 23 tid 105968
target_page_id id: 25 tid 105968
0 1 tid 105968
353 22 tid 105968
722 25 tid 105968
185 tid 105968
Insert  tid 105968
FindTargetPageId rootid 23 tid 105968
target_page_id id: 25 tid 105968
0 1 tid 105968
353 22 tid 105968
722 25 tid 105968
186 tid 105968
Insert  tid 105968
FindTargetPageId rootid 23 tid 105968
target_page_id id: 25 tid 105968
0 1 tid 105968
353 22 tid 105968
722 25 tid 105968
187 tid 105968
Insert  tid 105968
FindTargetPageId rootid 23 tid 105968
target_page_id id: 25 tid 105968
0 1 tid 105968
353 22 tid 105968
722 25 tid 105968
188 tid 105968
Insert  tid 105968
FindTargetPageId rootid 23 tid 105968
target_page_id id: 25 tid 105968
0 1 tid 105968
353 22 tid 105968
722 25 tid 105968
189 tid 105968
Insert  tid 105968
FindTargetPageId rootid 23 tid 105968
target_page_id id: 25 tid 105968
0 1 tid 105968
353 22 tid 105968
722 25 tid 105968
190 tid 105968
Insert  tid 105968
FindTargetPageId rootid 23 tid 105968
target_page_id id: 25 tid 105968
0 1 tid 105968
353 22 tid 105968
722 25 tid 105968
191 tid 105968
Insert  tid 105968
FindTargetPageId rootid 23 tid 105968
target_page_id id: 25 tid 105968
0 1 tid 105968
353 22 tid 105968
722 25 tid 105968
192 tid 105968
Insert  tid 105968
FindTargetPageId rootid 23 tid 105968
target_page_id id: 25 tid 105968
0 1 tid 105968
353 22 tid 105968
722 25 tid 105968
193 tid 105968
Insert  tid 105968
FindTargetPageId rootid 23 tid 105968
target_page_id id: 25 tid 105968
0 1 tid 105968
353 22 tid 105968
722 25 tid 105968
194 tid 105968
Insert  tid 105968
FindTargetPageId rootid 23 tid 105968
target_page_id id: 25 tid 105968
0 1 tid 105968
353 22 tid 105968
722 25 tid 105968
195 tid 105968
Insert  tid 105968
FindTargetPageId rootid 23 tid 105968
target_page_id id: 25 tid 105968
0 1 tid 105968
353 22 tid 105968
722 25 tid 105968
196 tid 105968
Insert  tid 105968
FindTargetPageId rootid 23 tid 105968
target_page_id id: 25 tid 105968
0 1 tid 105968
353 22 tid 105968
722 25 tid 105968
197 tid 105968
Insert  tid 105968
FindTargetPageId rootid 23 tid 105968
target_page_id id: 25 tid 105968
0 1 tid 105968
353 22 tid 105968
722 25 tid 105968
198 tid 105968
Insert  tid 105968
FindTargetPageId rootid 23 tid 105968
target_page_id id: 25 tid 105968
0 1 tid 105968
353 22 tid 105968
722 25 tid 105968
199 tid 105968
Insert  tid 105968
FindTargetPageId rootid 23 tid 105968
target_page_id id: 25 tid 105968
0 1 tid 105968
353 22 tid 105968
722 25 tid 105968
200 tid 105968
Insert  tid 105968
FindTargetPageId rootid 23 tid 105968
target_page_id id: 25 tid 105968
0 1 tid 105968
353 22 tid 105968
722 25 tid 105968
201 tid 105968
Insert  tid 105968
FindTargetPageId rootid 23 tid 105968
target_page_id id: 25 tid 105968
0 1 tid 105968
353 22 tid 105968
722 25 tid 105968
202 tid 105968
Insert  tid 105968
FindTargetPageId rootid 23 tid 105968
target_page_id id: 25 tid 105968
0 1 tid 105968
353 22 tid 105968
722 25 tid 105968
203 tid 105968
Insert  tid 105968
FindTargetPageId rootid 23 tid 105968
target_page_id id: 25 tid 105968
0 1 tid 105968
353 22 tid 105968
722 25 tid 105968
204 tid 105968
Insert  tid 105968
FindTargetPageId rootid 23 tid 105968
target_page_id id: 25 tid 105968
0 1 tid 105968
353 22 tid 105968
722 25 tid 105968
205 tid 105968
Insert  tid 105968
FindTargetPageId rootid 23 tid 105968
target_page_id id: 25 tid 105968
0 1 tid 105968
353 22 tid 105968
722 25 tid 105968
206 tid 105968
Insert  tid 105968
FindTargetPageId rootid 23 tid 105968
target_page_id id: 25 tid 105968
0 1 tid 105968
353 22 tid 105968
722 25 tid 105968
207 tid 105968
Insert  tid 105968
FindTargetPageId rootid 23 tid 105968
target_page_id id: 25 tid 105968
0 1 tid 105968
353 22 tid 105968
722 25 tid 105968
208 tid 105968
Insert  tid 105968
FindTargetPageId rootid 23 tid 105968
target_page_id id: 25 tid 105968
0 1 tid 105968
353 22 tid 105968
722 25 tid 105968
209 tid 105968
Insert  tid 105968
FindTargetPageId rootid 23 tid 105968
target_page_id id: 25 tid 105968
0 1 tid 105968
353 22 tid 105968
722 25 tid 105968
210 tid 105968
Insert  tid 105968
FindTargetPageId rootid 23 tid 105968
target_page_id id: 25 tid 105968
0 1 tid 105968
353 22 tid 105968
722 25 tid 105968
211 tid 105968
Insert  tid 105968
FindTargetPageId rootid 23 tid 105968
target_page_id id: 25 tid 105968
0 1 tid 105968
353 22 tid 105968
722 25 tid 105968
212 tid 105968
Insert  tid 105968
FindTargetPageId rootid 23 tid 105968
target_page_id id: 25 tid 105968
0 1 tid 105968
353 22 tid 105968
722 25 tid 105968
213 tid 105968
Insert  tid 105968
FindTargetPageId rootid 23 tid 105968
target_page_id id: 25 tid 105968
0 1 tid 105968
353 22 tid 105968
722 25 tid 105968
214 tid 105968
Insert  tid 105968
FindTargetPageId rootid 23 tid 105968
target_page_id id: 25 tid 105968
0 1 tid 105968
353 22 tid 105968
722 25 tid 105968
215 tid 105968
Insert  tid 105968
FindTargetPageId rootid 23 tid 105968
target_page_id id: 25 tid 105968
0 1 tid 105968
353 22 tid 105968
722 25 tid 105968
216 tid 105968
Insert  tid 105968
FindTargetPageId rootid 23 tid 105968
target_page_id id: 25 tid 105968
0 1 tid 105968
353 22 tid 105968
722 25 tid 105968
217 tid 105968
Insert  tid 105968
FindTargetPageId rootid 23 tid 105968
target_page_id id: 25 tid 105968
0 1 tid 105968
353 22 tid 105968
722 25 tid 105968
218 tid 105968
Insert  tid 105968
FindTargetPageId rootid 23 tid 105968
target_page_id id: 25 tid 105968
0 1 tid 105968
353 22 tid 105968
722 25 tid 105968
219 tid 105968
Insert  tid 105968
FindTargetPageId rootid 23 tid 105968
target_page_id id: 25 tid 105968
0 1 tid 105968
353 22 tid 105968
722 25 tid 105968
220 tid 105968
Insert  tid 105968
FindTargetPageId rootid 23 tid 105968
target_page_id id: 25 tid 105968
0 1 tid 105968
353 22 tid 105968
722 25 tid 105968
221 tid 105968
Insert  tid 105968
FindTargetPageId rootid 23 tid 105968
target_page_id id: 25 tid 105968
0 1 tid 105968
353 22 tid 105968
722 25 tid 105968
222 tid 105968
Insert  tid 105968
FindTargetPageId rootid 23 tid 105968
target_page_id id: 25 tid 105968
0 1 tid 105968
353 22 tid 105968
722 25 tid 105968
223 tid 105968
Insert  tid 105968
FindTargetPageId rootid 23 tid 105970
target_page_id id: 22 tid 105970
0 1 tid 105970
353 22 tid 105970
722 25 tid 105970
249 tid 105970
Insert  tid 105970
FindTargetPageId rootid 23 tid 105969
target_page_id id: 25 tid 105969
0 1 tid 105969
353 22 tid 105969
722 25 tid 105969
224 tid 105969
Remove  tid 105969
FindTargetPageId rootid 23 tid 105969
target_page_id id: 25 tid 105969
0 1 tid 105969
353 22 tid 105969
722 25 tid 105969
223 tid 105969
Remove  tid 105969
FindTargetPageId rootid 23 tid 105970
target_page_id id: 22 tid 105970
0 1 tid 105970
353 22 tid 105970
722 25 tid 105970
250 tid 105970
Insert  tid 105970
FindTargetPageId rootid 23 tid 105970
target_page_id id: 22 tid 105970
0 1 tid 105970
353 22 tid 105970
722 25 tid 105970
251 tid 105970
Insert  tid 105970
FindTargetPageId rootid 23 tid 105970
target_page_id id: 22 tid 105970
0 1 tid 105970
353 22 tid 105970
722 25 tid 105970
252 tid 105970
Insert  tid 105970
FindTargetPageId rootid 23 tid 105970
target_page_id id: 22 tid 105970
0 1 tid 105970
353 22 tid 105970
722 25 tid 105970
253 tid 105970
Insert  tid 105970
FindTargetPageId rootid 23 tid 105970
target_page_id id: 22 tid 105970
0 1 tid 105970
353 22 tid 105970
722 25 tid 105970
254 tid 105970
Insert  tid 105970
FindTargetPageId rootid 23 tid 105970
target_page_id id: 32 tid 105970
0 1 tid 105970
353 22 tid 105970
480 32 tid 105970
722 25 tid 105970
128 tid 105970
Insert  tid 105970
FindTargetPageId rootid 23 tid 105970
target_page_id id: 32 tid 105970
0 1 tid 105970
353 22 tid 105970
480 32 tid 105970
722 25 tid 105970
129 tid 105970
Insert  tid 105970
FindTargetPageId rootid 23 tid 105970
target_page_id id: 32 tid 105970
0 1 tid 105970
353 22 tid 105970
480 32 tid 105970
722 25 tid 105970
130 tid 105970
Insert  tid 105970
FindTargetPageId rootid 23 tid 105970
target_page_id id: 32 tid 105970
0 1 tid 105970
353 22 tid 105970
480 32 tid 105970
722 25 tid 105970
131 tid 105970
Insert  tid 105970
FindTargetPageId rootid 23 tid 105970
target_page_id id: 32 tid 105970
0 1 tid 105970
353 22 tid 105970
480 32 tid 105970
722 25 tid 105970
132 tid 105970
Insert  tid 105970
FindTargetPageId rootid 23 tid 105970
target_page_id id: 32 tid 105970
0 1 tid 105970
353 22 tid 105970
480 32 tid 105970
722 25 tid 105970
133 tid 105970
Insert  tid 105970
FindTargetPageId rootid 23 tid 105970
target_page_id id: 32 tid 105970
0 1 tid 105970
353 22 tid 105970
480 32 tid 105970
722 25 tid 105970
134 tid 105970
Insert  tid 105970
FindTargetPageId rootid 23 tid 105970
target_page_id id: 32 tid 105970
0 1 tid 105970
353 22 tid 105970
480 32 tid 105970
722 25 tid 105970
135 tid 105970
Insert  tid 105970
FindTargetPageId rootid 23 tid 105970
target_page_id id: 32 tid 105970
0 1 tid 105970
353 22 tid 105970
480 32 tid 105970
722 25 tid 105970
136 tid 105970
Insert  tid 105970
FindTargetPageId rootid 23 tid 105970
target_page_id id: 32 tid 105970
0 1 tid 105970
353 22 tid 105970
480 32 tid 105970
722 25 tid 105970
137 tid 105970
Insert  tid 105970
FindTargetPageId rootid 23 tid 105970
target_page_id id: 32 tid 105970
0 1 tid 105970
353 22 tid 105970
480 32 tid 105970
722 25 tid 105970
138 tid 105970
Insert  tid 105970
FindTargetPageId rootid 23 tid 105970
target_page_id id: 32 tid 105970
0 1 tid 105970
353 22 tid 105970
480 32 tid 105970
722 25 tid 105970
139 tid 105970
Insert  tid 105970
FindTargetPageId rootid 23 tid 105970
target_page_id id: 32 tid 105970
0 1 tid 105970
353 22 tid 105970
480 32 tid 105970
722 25 tid 105970
140 tid 105970
Insert  tid 105970
FindTargetPageId rootid 23 tid 105970
target_page_id id: 32 tid 105970
0 1 tid 105970
353 22 tid 105970
480 32 tid 105970
722 25 tid 105970
141 tid 105970
Insert  tid 105970
FindTargetPageId rootid 23 tid 105970
target_page_id id: 32 tid 105970
0 1 tid 105970
353 22 tid 105970
480 32 tid 105970
722 25 tid 105970
142 tid 105970
Insert  tid 105970
FindTargetPageId rootid 23 tid 105970
target_page_id id: 32 tid 105970
0 1 tid 105970
353 22 tid 105970
480 32 tid 105970
722 25 tid 105970
143 tid 105970
Insert  tid 105970
FindTargetPageId rootid 23 tid 105970
target_page_id id: 32 tid 105970
0 1 tid 105970
353 22 tid 105970
480 32 tid 105970
722 25 tid 105970
144 tid 105970
Insert  tid 105970
FindTargetPageId rootid 23 tid 105970
target_page_id id: 32 tid 105970
0 1 tid 105970
353 22 tid 105970
480 32 tid 105970
722 25 tid 105970
145 tid 105970
Insert  tid 105970
FindTargetPageId rootid 23 tid 105970
target_page_id id: 32 tid 105970
0 1 tid 105970
353 22 tid 105970
480 32 tid 105970
722 25 tid 105970
146 tid 105970
Insert  tid 105970
FindTargetPageId rootid 23 tid 105968
target_page_id id: 25 tid 105968
0 1 tid 105968
353 22 tid 105968
480 32 tid 105968
722 25 tid 105968
222 tid 105968
Insert  tid 105968
FindTargetPageId rootid 23 tid 105969
target_page_id id: 25 tid 105969
0 1 tid 105969
353 22 tid 105969
480 32 tid 105969
722 25 tid 105969
223 tid 105969
Remove  tid 105969
FindTargetPageId rootid 23 tid 105970
target_page_id id: 32 tid 105970
0 1 tid 105970
353 22 tid 105970
480 32 tid 105970
722 25 tid 105970
147 tid 105970
Insert  tid 105970
FindTargetPageId rootid 23 tid 105968
target_page_id id: 25 tid 105968
0 1 tid 105968
353 22 tid 105968
480 32 tid 105968
722 25 tid 105968
222 tid 105968
Insert  tid 105968
FindTargetPageId rootid 23 tid 105968
target_page_id id: 25 tid 105968
0 1 tid 105968
353 22 tid 105968
480 32 tid 105968
722 25 tid 105968
223 tid 105968
Insert  tid 105968
FindTargetPageId rootid 23 tid 105968
target_page_id id: 25 tid 105968
0 1 tid 105968
353 22 tid 105968
480 32 tid 105968
722 25 tid 105968
224 tid 105968
Insert  tid 105968
FindTargetPageId rootid 23 tid 105970
target_page_id id: 32 tid 105970
0 1 tid 105970
353 22 tid 105970
480 32 tid 105970
722 25 tid 105970
148 tid 105970
Insert  tid 105970
FindTargetPageId rootid 23 tid 105969
target_page_id id: 25 tid 105969
0 1 tid 105969
353 22 tid 105969
480 32 tid 105969
722 25 tid 105969
225 tid 105969
Remove  tid 105969
FindTargetPageId rootid 23 tid 105969
target_page_id id: 25 tid 105969
0 1 tid 105969
353 22 tid 105969
480 32 tid 105969
722 25 tid 105969
224 tid 105969
Remove  tid 105969
FindTargetPageId rootid 23 tid 105969
target_page_id id: 25 tid 105969
0 1 tid 105969
353 22 tid 105969
480 32 tid 105969
722 25 tid 105969
223 tid 105969
Remove  tid 105969
FindTargetPageId rootid 23 tid 105969
target_page_id id: 25 tid 105969
0 1 tid 105969
353 22 tid 105969
480 32 tid 105969
722 25 tid 105969
222 tid 105969
Remove  tid 105969
FindTargetPageId rootid 23 tid 105969
target_page_id id: 25 tid 105969
0 1 tid 105969
353 22 tid 105969
480 32 tid 105969
722 25 tid 105969
221 tid 105969
Remove  tid 105969
FindTargetPageId rootid 23 tid 105969
target_page_id id: 25 tid 105969
0 1 tid 105969
353 22 tid 105969
480 32 tid 105969
722 25 tid 105969
220 tid 105969
Remove  tid 105969
FindTargetPageId rootid 23 tid 105969
target_page_id id: 25 tid 105969
0 1 tid 105969
353 22 tid 105969
480 32 tid 105969
722 25 tid 105969
219 tid 105969
Remove  tid 105969
FindTargetPageId rootid 23 tid 105969
target_page_id id: 25 tid 105969
0 1 tid 105969
353 22 tid 105969
480 32 tid 105969
722 25 tid 105969
218 tid 105969
Remove  tid 105969
FindTargetPageId rootid 23 tid 105969
target_page_id id: 25 tid 105969
0 1 tid 105969
353 22 tid 105969
480 32 tid 105969
722 25 tid 105969
217 tid 105969
Remove  tid 105969
FindTargetPageId rootid 23 tid 105969
target_page_id id: 25 tid 105969
0 1 tid 105969
353 22 tid 105969
480 32 tid 105969
722 25 tid 105969
216 tid 105969
Remove  tid 105969
FindTargetPageId rootid 23 tid 105969
target_page_id id: 25 tid 105969
0 1 tid 105969
353 22 tid 105969
480 32 tid 105969
722 25 tid 105969
215 tid 105969
Remove  tid 105969
FindTargetPageId rootid 23 tid 105969
target_page_id id: 25 tid 105969
0 1 tid 105969
353 22 tid 105969
480 32 tid 105969
722 25 tid 105969
214 tid 105969
Remove  tid 105969
FindTargetPageId rootid 23 tid 105969
target_page_id id: 25 tid 105969
0 1 tid 105969
353 22 tid 105969
480 32 tid 105969
722 25 tid 105969
213 tid 105969
Remove  tid 105969
FindTargetPageId rootid 23 tid 105968
target_page_id id: 25 tid 105968
0 1 tid 105968
353 22 tid 105968
480 32 tid 105968
722 25 tid 105968
212 tid 105968
FindTargetPageId rootid 23 tid 105970
Insert  tid 105968
target_page_id id: 32 tid 105970
0 1 tid 105970
353 22 tid 105970
480 32 tid 105970
722 25 tid 105970
149 tid 105970
Insert  tid 105970
FindTargetPageId rootid 23 tid 105969
target_page_id id: 25 tid 105969
0 1 tid 105969
353 22 tid 105969
480 32 tid 105969
722 25 tid 105969
213 tid 105969
Remove  tid 105969
FindTargetPageId rootid 23 tid 105969
target_page_id id: 25 tid 105969
0 1 tid 105969
353 22 tid 105969
480 32 tid 105969
722 25 tid 105969
212 tid 105969
Remove  tid 105969
FindTargetPageId rootid 23 tid 105970
target_page_id id: 32 tid 105970
0 1 tid 105970
353 22 tid 105970
480 32 tid 105970
722 25 tid 105970
150 tid 105970
Insert  tid 105970
FindTargetPageId rootid 23 tid 105970
target_page_id id: 32 tid 105970
0 1 tid 105970
353 22 tid 105970
480 32 tid 105970
722 25 tid 105970
151 tid 105970
Insert  tid 105970
FindTargetPageId rootid 23 tid 105970
target_page_id id: 32 tid 105970
0 1 tid 105970
353 22 tid 105970
480 32 tid 105970
722 25 tid 105970
152 tid 105970
Insert  tid 105970
FindTargetPageId rootid 23 tid 105970
target_page_id id: 32 tid 105970
0 1 tid 105970
353 22 tid 105970
480 32 tid 105970
722 25 tid 105970
153 tid 105970
Insert  tid 105970
FindTargetPageId rootid 23 tid 105970
target_page_id id: 32 tid 105970
0 1 tid 105970
353 22 tid 105970
480 32 tid 105970
722 25 tid 105970
154 tid 105970
Insert  tid 105970
FindTargetPageId rootid 23 tid 105970
target_page_id id: 32 tid 105970
0 1 tid 105970
353 22 tid 105970
480 32 tid 105970
722 25 tid 105970
155 tid 105970
Insert  tid 105970
FindTargetPageId rootid 23 tid 105970
target_page_id id: 32 tid 105970
0 1 tid 105970
353 22 tid 105970
480 32 tid 105970
722 25 tid 105970
156 tid 105970
Insert  tid 105970
FindTargetPageId rootid 23 tid 105970
target_page_id id: 32 tid 105970
0 1 tid 105970
353 22 tid 105970
480 32 tid 105970
722 25 tid 105970
157 tid 105970
Insert  tid 105970
FindTargetPageId rootid 23 tid 105970
target_page_id id: 32 tid 105970
0 1 tid 105970
353 22 tid 105970
480 32 tid 105970
722 25 tid 105970
158 tid 105970
Insert  tid 105970
FindTargetPageId rootid 23 tid 105970
target_page_id id: 32 tid 105970
0 1 tid 105970
353 22 tid 105970
480 32 tid 105970
722 25 tid 105970
159 tid 105970
Insert  tid 105970
FindTargetPageId rootid 23 tid 105970
target_page_id id: 32 tid 105970
0 1 tid 105970
353 22 tid 105970
480 32 tid 105970
722 25 tid 105970
160 tid 105970
Insert  tid 105970
FindTargetPageId rootid 23 tid 105970
target_page_id id: 32 tid 105970
0 1 tid 105970
353 22 tid 105970
480 32 tid 105970
722 25 tid 105970
161 tid 105970
Insert  tid 105970
FindTargetPageId rootid 23 tid 105970
target_page_id id: 32 tid 105970
0 1 tid 105970
353 22 tid 105970
480 32 tid 105970
722 25 tid 105970
162 tid 105970
Insert  tid 105970
FindTargetPageId rootid 23 tid 105970
target_page_id id: 32 tid 105970
0 1 tid 105970
353 22 tid 105970
480 32 tid 105970
722 25 tid 105970
163 tid 105970
Insert  tid 105970
FindTargetPageId rootid 23 tid 105970
target_page_id id: 32 tid 105970
0 1 tid 105970
353 22 tid 105970
480 32 tid 105970
722 25 tid 105970
164 tid 105970
Insert  tid 105970
FindTargetPageId rootid 23 tid 105970
target_page_id id: 32 tid 105970
0 1 tid 105970
353 22 tid 105970
480 32 tid 105970
722 25 tid 105970
165 tid 105970
Insert  tid 105970
FindTargetPageId rootid 23 tid 105970
target_page_id id: 32 tid 105970
0 1 tid 105970
353 22 tid 105970
480 32 tid 105970
722 25 tid 105970
166 tid 105970
Insert  tid 105970
FindTargetPageId rootid 23 tid 105970
target_page_id id: 32 tid 105970
0 1 tid 105970
353 22 tid 105970
480 32 tid 105970
722 25 tid 105970
167 tid 105970
Insert  tid 105970
FindTargetPageId rootid 23 tid 105970
target_page_id id: 32 tid 105970
0 1 tid 105970
353 22 tid 105970
480 32 tid 105970
722 25 tid 105970
168 tid 105970
Insert  tid 105970
FindTargetPageId rootid 23 tid 105969
target_page_id id: 25 tid 105969
0 1 tid 105969
353 22 tid 105969
480 32 tid 105969
722 25 tid 105969
211 tid 105969
Remove  tid 105969
FindTargetPageId rootid 23 tid 105968
target_page_id id: 25 tid 105968
0 1 tid 105968
353 22 tid 105968
480 32 tid 105968
722 25 tid 105968
210 tid 105968
Insert  tid 105968
FindTargetPageId rootid 23 tid 105970
target_page_id id: 32 tid 105970
0 1 tid 105970
353 22 tid 105970
480 32 tid 105970
722 25 tid 105970
169 tid 105970
Insert  tid 105970
FindTargetPageId rootid 23 tid 105969
target_page_id id: 25 tid 105969
0 1 tid 105969
353 22 tid 105969
480 32 tid 105969
722 25 tid 105969
211 tid 105969
Remove  tid 105969
FindTargetPageId rootid 23 tid 105968
target_page_id id: 25 tid 105968
0 1 tid 105968
353 22 tid 105968
480 32 tid 105968
722 25 tid 105968
210 tid 105968
Insert  tid 105968
FindTargetPageId rootid 23 tid 105970
target_page_id id: 32 tid 105970
0 1 tid 105970
353 22 tid 105970
480 32 tid 105970
722 25 tid 105970
170 tid 105970
Insert  tid 105970
FindTargetPageId rootid 23 tid 105969
target_page_id id: 25 tid 105969
0 1 tid 105969
353 22 tid 105969
480 32 tid 105969
722 25 tid 105969
211 tid 105969
Remove  tid 105969
FindTargetPageId rootid 23 tid 105968
target_page_id id: 25 tid 105968
0 1 tid 105968
353 22 tid 105968
480 32 tid 105968
722 25 tid 105968
210 tid 105968
Insert  tid 105968
FindTargetPageId rootid 23 tid 105970
target_page_id id: 32 tid 105970
0 1 tid 105970
353 22 tid 105970
480 32 tid 105970
722 25 tid 105970
171 tid 105970
Insert  tid 105970
FindTargetPageId rootid 23 tid 105970
target_page_id id: 32 tid 105970
0 1 tid 105970
353 22 tid 105970
480 32 tid 105970
722 25 tid 105970
172 tid 105970
Insert  tid 105970
FindTargetPageId rootid 23 tid 105968
target_page_id id: 25 tid 105968
0 1 tid 105968
353 22 tid 105968
480 32 tid 105968
722 25 tid 105968
211 tid 105968
Insert  tid 105968
FindTargetPageId rootid 23 tid 105968
target_page_id id: 25 tid 105968
0 1 tid 105968
353 22 tid 105968
480 32 tid 105968
722 25 tid 105968
212 tid 105968
Insert  tid 105968
FindTargetPageId rootid 23 tid 105968
target_page_id id: 25 tid 105968
0 1 tid 105968
353 22 tid 105968
480 32 tid 105968
722 25 tid 105968
213 tid 105968
Insert  tid 105968
FindTargetPageId rootid 23 tid 105968
target_page_id id: 25 tid 105968
0 1 tid 105968
353 22 tid 105968
480 32 tid 105968
722 25 tid 105968
214 tid 105968
Insert  tid 105968
FindTargetPageId rootid 23 tid 105968
target_page_id id: 25 tid 105968
0 1 tid 105968
353 22 tid 105968
480 32 tid 105968
722 25 tid 105968
215 tid 105968
Insert  tid 105968
FindTargetPageId rootid 23 tid 105968
target_page_id id: 25 tid 105968
0 1 tid 105968
353 22 tid 105968
480 32 tid 105968
722 25 tid 105968
216 tid 105968
Insert  tid 105968
FindTargetPageId rootid 23 tid 105968
target_page_id id: 25 tid 105968
0 1 tid 105968
353 22 tid 105968
480 32 tid 105968
722 25 tid 105968
217 tid 105968
Insert  tid 105968
FindTargetPageId rootid 23 tid 105968
target_page_id id: 25 tid 105968
0 1 tid 105968
353 22 tid 105968
480 32 tid 105968
722 25 tid 105968
218 tid 105968
Insert  tid 105968
FindTargetPageId rootid 23 tid 105968
target_page_id id: 25 tid 105968
0 1 tid 105968
353 22 tid 105968
480 32 tid 105968
722 25 tid 105968
219 tid 105968
Insert  tid 105968
FindTargetPageId rootid 23 tid 105968
target_page_id id: 25 tid 105968
0 1 tid 105968
353 22 tid 105968
480 32 tid 105968
722 25 tid 105968
220 tid 105968
Insert  tid 105968
FindTargetPageId rootid 23 tid 105968
target_page_id id: 25 tid 105968
0 1 tid 105968
353 22 tid 105968
480 32 tid 105968
722 25 tid 105968
221 tid 105968
Insert  tid 105968
FindTargetPageId rootid 23 tid 105968
target_page_id id: 25 tid 105968
0 1 tid 105968
353 22 tid 105968
480 32 tid 105968
722 25 tid 105968
222 tid 105968
Insert  tid 105968
FindTargetPageId rootid 23 tid 105968
target_page_id id: 25 tid 105968
0 1 tid 105968
353 22 tid 105968
480 32 tid 105968
722 25 tid 105968
223 tid 105968
Insert  tid 105968
FindTargetPageId rootid 23 tid 105968
target_page_id id: 25 tid 105968
0 1 tid 105968
353 22 tid 105968
480 32 tid 105968
722 25 tid 105968
224 tid 105968
Insert  tid 105968
FindTargetPageId rootid 23 tid 105968
target_page_id id: 25 tid 105968
0 1 tid 105968
353 22 tid 105968
480 32 tid 105968
722 25 tid 105968
225 tid 105968
Insert  tid 105968
FindTargetPageId rootid 23 tid 105968
target_page_id id: 25 tid 105968
0 1 tid 105968
353 22 tid 105968
480 32 tid 105968
722 25 tid 105968
226 tid 105968
Insert  tid 105968
FindTargetPageId rootid 23 tid 105968
target_page_id id: 25 tid 105968
0 1 tid 105968
353 22 tid 105968
480 32 tid 105968
722 25 tid 105968
227 tid 105968
Insert  tid 105968
FindTargetPageId rootid 23 tid 105968
target_page_id id: 25 tid 105968
0 1 tid 105968
353 22 tid 105968
480 32 tid 105968
722 25 tid 105968
228 tid 105968
Insert  tid 105968
FindTargetPageId rootid 23 tid 105968
target_page_id id: 25 tid 105968
0 1 tid 105968
353 22 tid 105968
480 32 tid 105968
722 25 tid 105968
229 tid 105968
Insert  tid 105968
FindTargetPageId rootid 23 tid 105968
target_page_id id: 25 tid 105968
0 1 tid 105968
353 22 tid 105968
480 32 tid 105968
722 25 tid 105968
230 tid 105968
Insert  tid 105968
FindTargetPageId rootid 23 tid 105968
target_page_id id: 25 tid 105968
0 1 tid 105968
353 22 tid 105968
480 32 tid 105968
722 25 tid 105968
231 tid 105968
Insert  tid 105968
FindTargetPageId rootid 23 tid 105968
target_page_id id: 25 tid 105968
0 1 tid 105968
353 22 tid 105968
480 32 tid 105968
722 25 tid 105968
232 tid 105968
Insert  tid 105968
FindTargetPageId rootid 23 tid 105968
target_page_id id: 25 tid 105968
0 1 tid 105968
353 22 tid 105968
480 32 tid 105968
722 25 tid 105968
233 tid 105968
Insert  tid 105968
FindTargetPageId rootid 23 tid 105970
target_page_id id: 32 tid 105970
0 1 tid 105970
353 22 tid 105970
480 32 tid 105970
722 25 tid 105970
173 tid 105970
Insert  tid 105970
FindTargetPageId rootid 23 tid 105969
target_page_id id: 25 tid 105969
0 1 tid 105969
353 22 tid 105969
480 32 tid 105969
722 25 tid 105969
234 tid 105969
Remove  tid 105969
FindTargetPageId rootid 23 tid 105968
target_page_id id: 25 tid 105968
0 1 tid 105968
353 22 tid 105968
480 32 tid 105968
722 25 tid 105968
233 tid 105968
Insert  tid 105968
FindTargetPageId rootid 23 tid 105970
target_page_id id: 32 tid 105970
0 1 tid 105970
353 22 tid 105970
480 32 tid 105970
722 25 tid 105970
174 tid 105970
Insert  tid 105970
FindTargetPageId rootid 23 tid 105969
target_page_id id: 25 tid 105969
0 1 tid 105969
353 22 tid 105969
480 32 tid 105969
722 25 tid 105969
234 tid 105969
Remove  tid 105969
FindTargetPageId rootid 23 tid 105968
target_page_id id: 25 tid 105968
0 1 tid 105968
353 22 tid 105968
480 32 tid 105968
722 25 tid 105968
233 tid 105968
Insert  tid 105968
FindTargetPageId rootid 23 tid 105968
target_page_id id: 25 tid 105968
0 1 tid 105968
353 22 tid 105968
480 32 tid 105968
722 25 tid 105968
234 tid 105968
Insert  tid 105968
FindTargetPageId rootid 23 tid 105969
target_page_id id: 25 tid 105969
0 1 tid 105969
353 22 tid 105969
480 32 tid 105969
722 25 tid 105969
235 tid 105969
Remove  tid 105969
FindTargetPageId rootid 23 tid 105970
target_page_id id: 32 tid 105970
0 1 tid 105970
353 22 tid 105970
480 32 tid 105970
722 25 tid 105970
175 tid 105970
Insert  tid 105970
FindTargetPageId rootid 23 tid 105968
target_page_id id: 25 tid 105968
0 1 tid 105968
353 22 tid 105968
480 32 tid 105968
722 25 tid 105968
234 tid 105968
Insert  tid 105968
FindTargetPageId rootid 23 tid 105969
target_page_id id: 25 tid 105969
0 1 tid 105969
353 22 tid 105969
480 32 tid 105969
722 25 tid 105969
235 tid 105969
Remove  tid 105969
FindTargetPageId rootid 23 tid 105970
target_page_id id: 32 tid 105970
0 1 tid 105970
353 22 tid 105970
480 32 tid 105970
722 25 tid 105970
176 tid 105970
Insert  tid 105970
FindTargetPageId rootid 23 tid 105970
target_page_id id: 32 tid 105970
0 1 tid 105970
353 22 tid 105970
480 32 tid 105970
722 25 tid 105970
177 tid 105970
Insert  tid 105970
FindTargetPageId rootid 23 tid 105970
target_page_id id: 32 tid 105970
0 1 tid 105970
353 22 tid 105970
480 32 tid 105970
722 25 tid 105970
178 tid 105970
Insert  tid 105970
FindTargetPageId rootid 23 tid 105970
target_page_id id: 32 tid 105970
0 1 tid 105970
353 22 tid 105970
480 32 tid 105970
722 25 tid 105970
179 tid 105970
Insert  tid 105970
FindTargetPageId rootid 23 tid 105970
target_page_id id: 32 tid 105970
0 1 tid 105970
353 22 tid 105970
480 32 tid 105970
722 25 tid 105970
180 tid 105970
Insert  tid 105970
FindTargetPageId rootid 23 tid 105970
target_page_id id: 32 tid 105970
0 1 tid 105970
353 22 tid 105970
480 32 tid 105970
722 25 tid 105970
181 tid 105970
Insert  tid 105970
FindTargetPageId rootid 23 tid 105970
target_page_id id: 32 tid 105970
0 1 tid 105970
353 22 tid 105970
480 32 tid 105970
722 25 tid 105970
182 tid 105970
Insert  tid 105970
FindTargetPageId rootid 23 tid 105970
target_page_id id: 32 tid 105970
0 1 tid 105970
353 22 tid 105970
480 32 tid 105970
722 25 tid 105970
183 tid 105970
Insert  tid 105970
FindTargetPageId rootid 23 tid 105970
target_page_id id: 32 tid 105970
0 1 tid 105970
353 22 tid 105970
480 32 tid 105970
722 25 tid 105970
184 tid 105970
Insert  tid 105970
FindTargetPageId rootid 23 tid 105970
target_page_id id: 32 tid 105970
0 1 tid 105970
353 22 tid 105970
480 32 tid 105970
722 25 tid 105970
185 tid 105970
Insert  tid 105970
FindTargetPageId rootid 23 tid 105970
target_page_id id: 32 tid 105970
0 1 tid 105970
353 22 tid 105970
480 32 tid 105970
722 25 tid 105970
186 tid 105970
Insert  tid 105970
FindTargetPageId rootid 23 tid 105970
target_page_id id: 32 tid 105970
0 1 tid 105970
353 22 tid 105970
480 32 tid 105970
722 25 tid 105970
187 tid 105970
Insert  tid 105970
FindTargetPageId rootid 23 tid 105970
target_page_id id: 32 tid 105970
0 1 tid 105970
353 22 tid 105970
480 32 tid 105970
722 25 tid 105970
188 tid 105970
Insert  tid 105970
FindTargetPageId rootid 23 tid 105970
target_page_id id: 32 tid 105970
0 1 tid 105970
353 22 tid 105970
480 32 tid 105970
722 25 tid 105970
189 tid 105970
Insert  tid 105970
FindTargetPageId rootid 23 tid 105970
target_page_id id: 32 tid 105970
0 1 tid 105970
353 22 tid 105970
480 32 tid 105970
722 25 tid 105970
190 tid 105970
Insert  tid 105970
FindTargetPageId rootid 23 tid 105970
target_page_id id: 32 tid 105970
0 1 tid 105970
353 22 tid 105970
480 32 tid 105970
722 25 tid 105970
191 tid 105970
Insert  tid 105970
FindTargetPageId rootid 23 tid 105970
target_page_id id: 32 tid 105970
0 1 tid 105970
353 22 tid 105970
480 32 tid 105970
722 25 tid 105970
192 tid 105970
Insert  tid 105970
FindTargetPageId rootid 23 tid 105970
target_page_id id: 32 tid 105970
0 1 tid 105970
353 22 tid 105970
480 32 tid 105970
722 25 tid 105970
193 tid 105970
Insert  tid 105970
FindTargetPageId rootid 23 tid 105970
target_page_id id: 32 tid 105970
0 1 tid 105970
353 22 tid 105970
480 32 tid 105970
722 25 tid 105970
194 tid 105970
Insert  tid 105970
FindTargetPageId rootid 23 tid 105970
target_page_id id: 32 tid 105970
0 1 tid 105970
353 22 tid 105970
480 32 tid 105970
722 25 tid 105970
195 tid 105970
Insert  tid 105970
FindTargetPageId rootid 23 tid 105970
target_page_id id: 32 tid 105970
0 1 tid 105970
353 22 tid 105970
480 32 tid 105970
722 25 tid 105970
196 tid 105970
Insert  tid 105970
FindTargetPageId rootid 23 tid 105970
target_page_id id: 32 tid 105970
0 1 tid 105970
353 22 tid 105970
480 32 tid 105970
722 25 tid 105970
197 tid 105970
Insert  tid 105970
FindTargetPageId rootid 23 tid 105970
target_page_id id: 32 tid 105970
0 1 tid 105970
353 22 tid 105970
480 32 tid 105970
722 25 tid 105970
198 tid 105970
Insert  tid 105970
FindTargetPageId rootid 23 tid 105970
target_page_id id: 32 tid 105970
0 1 tid 105970
353 22 tid 105970
480 32 tid 105970
722 25 tid 105970
199 tid 105970
Insert  tid 105970
FindTargetPageId rootid 23 tid 105970
target_page_id id: 32 tid 105970
0 1 tid 105970
353 22 tid 105970
480 32 tid 105970
722 25 tid 105970
200 tid 105970
Insert  tid 105970
FindTargetPageId rootid 23 tid 105970
target_page_id id: 32 tid 105970
0 1 tid 105970
353 22 tid 105970
480 32 tid 105970
722 25 tid 105970
201 tid 105970
Insert  tid 105970
FindTargetPageId rootid 23 tid 105970
target_page_id id: 32 tid 105970
0 1 tid 105970
353 22 tid 105970
480 32 tid 105970
722 25 tid 105970
202 tid 105970
Insert  tid 105970
FindTargetPageId rootid 23 tid 105970
target_page_id id: 32 tid 105970
0 1 tid 105970
353 22 tid 105970
480 32 tid 105970
722 25 tid 105970
203 tid 105970
Insert  tid 105970
FindTargetPageId rootid 23 tid 105968
target_page_id id: 25 tid 105968
0 1 tid 105968
353 22 tid 105968
480 32 tid 105968
722 25 tid 105968
234 tid 105968
Insert  tid 105968
FindTargetPageId rootid 23 tid 105969
target_page_id id: 25 tid 105969
0 1 tid 105969
353 22 tid 105969
480 32 tid 105969
722 25 tid 105969
235 tid 105969
Remove  tid 105969
FindTargetPageId rootid 23 tid 105969
target_page_id id: 25 tid 105969
0 1 tid 105969
353 22 tid 105969
480 32 tid 105969
722 25 tid 105969
234 tid 105969
Remove  tid 105969
FindTargetPageId rootid 23 tid 105968
target_page_id id: 25 tid 105968
0 1 tid 105968
353 22 tid 105968
480 32 tid 105968
722 25 tid 105968
233 tid 105968
Insert  tid 105968
FindTargetPageId rootid 23 tid 105970
target_page_id id: 32 tid 105970
0 1 tid 105970
353 22 tid 105970
480 32 tid 105970
722 25 tid 105970
204 tid 105970
Insert  tid 105970
FindTargetPageId rootid 23 tid 105969
target_page_id id: 25 tid 105969
0 1 tid 105969
353 22 tid 105969
480 32 tid 105969
722 25 tid 105969
234 tid 105969
Remove  tid 105969
FindTargetPageId rootid 23 tid 105969
target_page_id id: 25 tid 105969
0 1 tid 105969
353 22 tid 105969
480 32 tid 105969
722 25 tid 105969
233 tid 105969
Remove  tid 105969
FindTargetPageId rootid 23 tid 105969
target_page_id id: 25 tid 105969
0 1 tid 105969
353 22 tid 105969
480 32 tid 105969
722 25 tid 105969
232 tid 105969
Remove  tid 105969
FindTargetPageId rootid 23 tid 105970
target_page_id id: 32 tid 105970
0 1 tid 105970
353 22 tid 105970
480 32 tid 105970
722 25 tid 105970
205 tid 105970
Insert  tid 105970
FindTargetPageId rootid 23 tid 105968
target_page_id id: 25 tid 105968
0 1 tid 105968
353 22 tid 105968
480 32 tid 105968
722 25 tid 105968
231 tid 105968
Insert  tid 105968
FindTargetPageId rootid 23 tid 105969
target_page_id id: 25 tid 105969
0 1 tid 105969
353 22 tid 105969
480 32 tid 105969
722 25 tid 105969
232 tid 105969
Remove  tid 105969
FindTargetPageId rootid 23 tid 105969
target_page_id id: 25 tid 105969
0 1 tid 105969
353 22 tid 105969
480 32 tid 105969
722 25 tid 105969
231 tid 105969
Remove  tid 105969
FindTargetPageId rootid 23 tid 105969
target_page_id id: 25 tid 105969
0 1 tid 105969
353 22 tid 105969
480 32 tid 105969
722 25 tid 105969
230 tid 105969
Remove  tid 105969
FindTargetPageId rootid 23 tid 105969
target_page_id id: 25 tid 105969
0 1 tid 105969
353 22 tid 105969
480 32 tid 105969
722 25 tid 105969
229 tid 105969
Remove  tid 105969
FindTargetPageId rootid 23 tid 105969
target_page_id id: 25 tid 105969
0 1 tid 105969
353 22 tid 105969
480 32 tid 105969
722 25 tid 105969
228 tid 105969
Remove  tid 105969
FindTargetPageId rootid 23 tid 105969
target_page_id id: 25 tid 105969
0 1 tid 105969
353 22 tid 105969
480 32 tid 105969
722 25 tid 105969
227 tid 105969
Remove  tid 105969
FindTargetPageId rootid 23 tid 105969
target_page_id id: 25 tid 105969
0 1 tid 105969
353 22 tid 105969
480 32 tid 105969
722 25 tid 105969
226 tid 105969
Remove  tid 105969
FindTargetPageId rootid 23 tid 105970
target_page_id id: 32 tid 105970
0 1 tid 105970
353 22 tid 105970
480 32 tid 105970
722 25 tid 105970
206 tid 105970
FindTargetPageId rootid 23 tid 105968
target_page_id id: 25 tid Insert 105968
0 1 tid 105968
353 22 tid 105968
480 32 tid 105968
722 25 tid 105968
 tid 105970
225 tid 105968
Insert  tid 105968
FindTargetPageId rootid 23 tid 105969
target_page_id id: 25 tid 105969
0 1 tid 105969
353 22 tid 105969
480 32 tid 105969
722 25 tid 105969
226 tid 105969
Remove  tid 105969
FindTargetPageId rootid 23 tid 105969
target_page_id id: 25 tid 105969
0 1 tid 105969
353 22 tid 105969
480 32 tid 105969
722 25 tid 105969
225 tid 105969
Remove  tid 105969
FindTargetPageId rootid 23 tid 105970
target_page_id id: 32 tid 105970
0 1 tid 105970
353 22 tid 105970
480 32 tid 105970
722 25 tid 105970
207 tid 105970
Insert  tid 105970
FindTargetPageId rootid 23 tid 105968
target_page_id id: 25 tid 105968
0 1 tid 105968
353 22 tid 105968
480 32 tid 105968
722 25 tid 105968
224 tid 105968
Insert  tid 105968
FindTargetPageId rootid 23 tid 105968
target_page_id id: 25 tid 105968
0 1 tid 105968
353 22 tid 105968
480 32 tid 105968
722 25 tid 105968
225 tid 105968
FindTargetPageId rootid 23 tid 105969
target_page_id id: 25 tid 105969
0 1 tid 105969
353 22 tid 105969
480 32 tid 105969
722 25 tid 105969
226 tid 105969
Remove  tid 105969
FindTargetPageId rootid 23 tid 105970
target_page_id id: 32 tid 105970
0 1 tid 105970
353 22 tid 105970
480 32 tid 105970
722 25 tid 105970
208 tid 105970
Insert  tid 105970
FindTargetPageId rootid 23 tid 105970
target_page_id id: 32 tid 105970
0 1 tid 105970
353 22 tid 105970
480 32 tid 105970
722 25 tid 105970
209 tid 105970
Insert  tid 105970
FindTargetPageId rootid 23 tid 105970
target_page_id id: 32 tid 105970
0 1 tid 105970
353 22 tid 105970
480 32 tid 105970
722 25 tid 105970
210 tid 105970
Insert  tid 105970
FindTargetPageId rootid 23 tid 105970
target_page_id id: 32 tid 105970
0 1 tid 105970
353 22 tid 105970
480 32 tid 105970
722 25 tid 105970
211 tid 105970
Insert  tid 105970
FindTargetPageId rootid 23 tid 105970
target_page_id id: 32 tid 105970
0 1 tid 105970
353 22 tid 105970
480 32 tid 105970
722 25 tid 105970
212 tid 105970
Insert  tid 105970
FindTargetPageId rootid 23 tid 105970
target_page_id id: 32 tid 105970
0 1 tid 105970
353 22 tid 105970
480 32 tid 105970
722 25 tid 105970
213 tid 105970
Insert  tid 105970
FindTargetPageId rootid 23 tid 105970
target_page_id id: 32 tid 105970
0 1 tid 105970
353 22 tid 105970
480 32 tid 105970
722 25 tid 105970
214 tid 105970
Insert  tid 105970
FindTargetPageId rootid 23 tid 105970
target_page_id id: 32 tid 105970
0 1 tid 105970
353 22 tid 105970
480 32 tid 105970
722 25 tid 105970
215 tid 105970
Insert  tid 105970
FindTargetPageId rootid 23 tid 105970
target_page_id id: 32 tid 105970
0 1 tid 105970
353 22 tid 105970
480 32 tid 105970
722 25 tid 105970
216 tid 105970
Insert  tid 105970
FindTargetPageId rootid 23 tid 105969
target_page_id id: 25 tid 105969
0 1 tid 105969
353 22 tid 105969
480 32 tid 105969
722 25 tid 105969
225 tid 105969
Remove  tid 105969
FindTargetPageId rootid 23 tid 105970
target_page_id id: 32 tid 105970
0 1 tid 105970
353 22 tid 105970
480 32 tid 105970
722 25 tid 105970
217 tid 105970
Insert  tid 105970
FindTargetPageId rootid 23 tid 105969
target_page_id id: 25 tid 105969
0 1 tid 105969
353 22 tid 105969
480 32 tid 105969
722 25 tid 105969
224 tid 105969
Remove  tid 105969
FindTargetPageId rootid 23 tid 105970
target_page_id id: 32 tid 105970
0 1 tid 105970
353 22 tid 105970
480 32 tid 105970
722 25 tid 105970
218 tid 105970
Insert  tid 105970
FindTargetPageId rootid 23 tid 105970
target_page_id id: 32 tid 105970
0 1 tid 105970
353 22 tid 105970
480 32 tid 105970
722 25 tid 105970
219 tid 105970
Insert  tid 105970
FindTargetPageId rootid 23 tid 105969
target_page_id id: 25 tid 105969
0 1 tid 105969
353 22 tid 105969
480 32 tid 105969
722 25 tid 105969
223 tid 105969
Remove  tid FindTargetPageId rootid 10596923 tid 
105970
target_page_id id: 32 tid 105970
0 1 tid 105970
353 22 tid 105970
480 32 tid 105970
722 25 tid 105970
220 tid 105970
Insert  tid 105970
FindTargetPageId rootid 23 tid 105969
target_page_id id: 25 tid 105969
0 1 tid 105969
353 22 tid 105969
480 32 tid 105969
722 25 tid 105969
222 tid 105969
Remove  tid 105969
FindTargetPageId rootid 23 tid 105970
target_page_id id: 32 tid 105970
0 1 tid 105970
353 22 tid 105970
480 32 tid 105970
722 25 tid 105970
221 tid 105970
Insert  tid 105970
FindTargetPageId rootid 23 tid 105970
target_page_id id: 32 tid 105970
0 1 tid 105970
353 22 tid 105970
480 32 tid 105970
722 25 tid 105970
222 tid 105970
Insert  tid 105970
FindTargetPageId rootid 23 tid 105970
target_page_id id: 32 tid 105970
0 1 tid 105970
353 22 tid 105970
480 32 tid 105970
722 25 tid 105970
223 tid 105970
FindTargetPageId rootid 23 tid 105969
target_page_id id: 25 tid 105969
0 1 tid 105969
353 22 tid 105969
480 32 tid 105969
722 25 tid 105969
221 tid 105969
Remove  tid 105969
FindTargetPageId rootid 23 tid 105969
target_page_id id: 25 tid 105969
0 1 tid 105969
353 22 tid 105969
480 32 tid 105969
722 25 tid 105969
220 tid 105969
Remove  tid 105969
FindTargetPageId rootid 23 tid 105969
target_page_id id: 25 tid 105969
0 1 tid 105969
353 22 tid 105969
480 32 tid 105969
722 25 tid 105969
219 tid 105969
Insert  tid 105970
FindTargetPageId rootid 23 tid 105970
target_page_id id: 32 tid 105970
0 1 tid 105970
353 22 tid 105970
480 32 tid 105970
722 25 tid 105970
Remove  tid 105969
224 tid 105970
Insert  tid 105970
FindTargetPageId rootid 23 tid 105969
target_page_id id: 25 tid 105969
0 1 tid 105969
353 22 tid 105969
480 32 tid 105969
722 25 tid 105969
218 tid 105969
Remove  tid 105969
FindTargetPageId rootid 23 tid 105969
target_page_id id: 25 tid 105969
0 1 tid 105969
353 22 tid 105969
480 32 tid 105969
722 25 tid 105969
217 tid 105969
Remove  tid 105969
FindTargetPageId rootid 23 tid 105969
target_page_id id: 25 tid 105969
0 1 tid 105969
353 22 tid 105969
480 32 tid 105969
722 25 tid 105969
216 tid 105969
Remove  tid 105969
FindTargetPageId rootid 23 tid 105970
target_page_id id: 32 tid 105970
0 1 tid 105970
353 22 tid 105970
480 32 tid 105970
722 25 tid 105970
225 tid 105970
Insert  tid 105970
FindTargetPageId rootid 23 tid 105969
target_page_id id: 25 tid 105969
0 1 tid 105969
353 22 tid 105969
480 32 tid 105969
722 25 tid 105969
215 tid 105969
Remove  tid 105969
FindTargetPageId rootid 23 tid 105969
target_page_id id: 25 tid 105969
0 1 tid 105969
353 22 tid 105969
480 32 tid 105969
722 25 tid 105969
214 tid 105969
Remove  tid 105969
FindTargetPageId rootid 23 tid 105969
target_page_id id: 25 tid 105969
0 1 tid 105969
353 22 tid 105969
480 32 tid 105969
722 25 tid 105969
213 tid 105969
Remove  tid 105969
FindTargetPageId rootid 23 tid 105969
target_page_id id: 25 tid 105969
0 1 tid 105969
353 22 tid 105969
480 32 tid 105969
722 25 tid 105969
212 tid 105969
Remove  tid 105969
FindTargetPageId rootid 23 tid 105969
target_page_id id: 25 tid 105969
0 1 tid 105969
353 22 tid 105969
480 32 tid 105969
722 25 tid 105969
211 tid 105969
Remove  tid 105969
FindTargetPageId rootid 23 tid 105969
target_page_id id: 25 tid 105969
0 1 tid 105969
353 22 tid 105969
480 32 tid 105969
722 25 tid 105969
210 tid 105969
Remove  tid 105969
FindTargetPageId rootid 23 tid 105969
target_page_id id: 25 tid 105969
0 1 tid 105969
353 22 tid 105969
480 32 tid 105969
722 25 tid 105969
209 tid 105969
Remove  tid 105969
FindTargetPageId rootid 23 tid 105970
target_page_id id: 32 tid 105970
0 1 tid 105970
353 22 tid 105970
480 32 tid 105970
722 25 tid 105970
226 tid 105970
Insert  tid 105970
FindTargetPageId rootid 23 tid 105970
target_page_id id: 32 tid 105970
0 1 tid 105970
353 22 tid 105970
480 32 tid 105970
722 25 tid 105970
227 tid 105970
Insert  tid 105970
FindTargetPageId rootid 23 tid 105970
target_page_id id: 32 tid 105970
0 1 tid 105970
353 22 tid 105970
480 32 tid 105970
722 25 tid 105970
228 tid 105970
Insert  tid 105970
FindTargetPageId rootid 23 tid 105970
target_page_id id: 32 tid 105970
0 1 tid 105970
353 22 tid 105970
480 32 tid 105970
722 25 tid 105970
229 tid 105970
Insert  tid 105970
FindTargetPageId rootid 23 tid 105969
target_page_id id: 25 tid 105969
0 1 tid 105969
353 22 tid 105969
480 32 tid 105969
722 25 tid 105969
208 tid 105969
Remove  tid 105969
FindTargetPageId rootid 23 tid 105970
target_page_id id: 32 tid 105970
0 1 tid 105970
353 22 tid 105970
480 32 tid 105970
722 25 tid 105970
230 tid 105970
Insert  tid 105970
FindTargetPageId rootid 23 tid 105970
target_page_id id: 32 tid 105970
0 1 tid 105970
353 22 tid 105970
480 32 tid 105970
722 25 tid 105970
231 tid 105970
Insert  tid 105970
FindTargetPageId rootid 23 tid 105970
target_page_id id: 32 tid 105970
0 1 tid 105970
353 22 tid 105970
480 32 tid 105970
722 25 tid 105970
232 tid 105970
Insert  tid 105970
FindTargetPageId rootid 23 tid 105970
target_page_id id: 32 tid 105970
0 1 tid 105970
353 22 tid 105970
480 32 tid 105970
722 25 tid 105970
233 tid 105970
Insert  tid 105970
FindTargetPageId rootid 23 tid 105969
target_page_id id: 25 tid 105969
0 1 tid 105969
353 22 tid 105969
480 32 tid 105969
722 25 tid 105969
207 tid 105969
Remove  tid 105969
FindTargetPageId rootid 23 tid 105969
target_page_id id: 25 tid 105969
0 1 tid 105969
353 22 tid 105969
480 32 tid 105969
722 25 tid 105969
206 tid 105969
Remove  tid 105969
FindTargetPageId rootid 23 tid 105969
target_page_id id: 25 tid 105969
0 1 tid 105969
353 22 tid 105969
480 32 tid 105969
722 25 tid 105969
205 tid 105969
Remove  tid 105969
FindTargetPageId rootid 23 tid 105969
target_page_id id: 25 tid 105969
0 1 tid 105969
353 22 tid 105969
480 32 tid 105969
722 25 tid 105969
204 tid 105969
Remove  tid 105969
FindTargetPageId rootid 23 tid 105969
target_page_id id: 25 tid 105969
0 1 tid 105969
353 22 tid 105969
480 32 tid 105969
722 25 tid 105969
203 tid 105969
Remove  tid 105969
FindTargetPageId rootid 23 tid 105969
target_page_id id: 25 tid 105969
0 1 tid 105969
353 22 tid 105969
480 32 tid 105969
722 25 tid 105969
202 tid 105969
Remove  tid 105969
FindTargetPageId rootid 23 tid 105969
target_page_id id: 25 tid 105969
0 1 tid 105969
353 22 tid 105969
480 32 tid 105969
722 25 tid 105969
201 tid 105969
FindTargetPageId rootid 23 tid 105970
target_page_id id: 32 tid 105970
0 1 tid 105970
353 22 tid 105970
480 32 tid 105970
722 25 tid 105970
234 tid 105970
Insert  tid 105970
FindTargetPageId rootid 23 tid 105970
target_page_id id: 32 tid 105970
0 1 tid 105970
353 22 tid 105970
480 32 tid 105970
722 25 tid 105970
Remove 235 tid 105970
Insert  tid 105970
FindTargetPageId rootid 23 tid 105970
target_page_id id: 32 tid 105970
0 1 tid 105970
353 22 tid 105970
480 32 tid 105970
722 25 tid 105970
236 tid 105970
Insert  tid 105970
FindTargetPageId rootid 23 tid 105970
target_page_id id: 32 tid 105970
0 1 tid 105970
353 22 tid 105970
480 32 tid 105970
722 25 tid 105970
 tid 237 tid 105970105969

FindTargetPageId rootid 23 tid 105969
Insert target_page_id id: 25 tid 105969
0 1 tid 105969
353 22 tid 105969
480 32 tid 105969
722 25 tid 105969
200 tid 105969
 tid 105970
Remove  tid 105969
FindTargetPageId rootid 23 tid 105970
target_page_id id: 32 tid 105970
0 1 tid 105970
353 22 tid 105970
480 32 tid 105970
722 25 tid 105970
238 tid 105970
Insert  tid 105970
FindTargetPageId rootid 23 tid 105969
target_page_id id: 25 tid 105969
0 1 tid 105969
353 22 tid 105969
480 32 tid 105969
722 25 tid 105969
199 tid 105969
Remove  tid 105969
FindTargetPageId rootid 23 tid 105970
target_page_id id: 32 tid 105970
0 1 tid 105970
353 22 tid 105970
480 32 tid 105970
722 25 tid 105970
239 tid 105970
Insert  tid 105970
FindTargetPageId rootid 23 tid 105969
target_page_id id: 25 tid 105969
0 1 tid 105969
353 22 tid 105969
480 32 tid 105969
722 25 tid 105969
198 tid 105969
Remove  tid 105969
FindTargetPageId rootid 23 tid 105969
target_page_id id: 25 tid 105969
0 1 tid 105969
353 22 tid 105969
480 32 tid 105969
722 25 tid 105969
197 tid 105969
Remove  tid 105969
FindTargetPageId rootid 23 tid 105969
target_page_id id: 25 tid 105969
0 1 tid 105969
353 22 tid 105969
480 32 tid 105969
722 25 tid 105969
196 tid 105969
Remove  tid 105969
FindTargetPageId rootid 23 tid 105969
target_page_id id: 25 tid 105969
0 1 tid 105969
353 22 tid 105969
480 32 tid 105969
722 25 tid 105969
195 tid 105969
Remove  tid 105969
FindTargetPageId rootid 23 tid 105969
target_page_id id: 25 tid 105969
0 1 tid 105969
353 22 tid 105969
480 32 tid 105969
722 25 tid 105969
194 tid 105969
Remove  tid 105969
FindTargetPageId rootid 23 tid 105969
target_page_id id: 25 tid 105969
0 1 tid 105969
353 22 tid 105969
480 32 tid 105969
722 25 tid 105969
193 tid 105969
Remove  tid 105969
FindTargetPageId rootid 23 tid 105969
target_page_id id: 25 tid 105969
0 1 tid 105969
353 22 tid 105969
480 32 tid 105969
722 25 tid 105969
192 tid 105969
Remove  tid 105969
FindTargetPageId rootid 23 tid 105969
target_page_id id: 25 tid 105969
0 1 tid 105969
353 22 tid 105969
480 32 tid 105969
722 25 tid 105969
191 tid 105969
Remove  tid 105969
FindTargetPageId rootid 23 tid 105969
target_page_id id: 25 tid 105969
0 1 tid 105969
353 22 tid 105969
480 32 tid 105969
722 25 tid 105969
190 tid 105969
Remove  tid 105969
FindTargetPageId rootid 23 tid 105969
target_page_id id: 25 tid 105969
0 1 tid 105969
353 22 tid 105969
480 32 tid 105969
722 25 tid 105969
189 tid 105969
Remove  tid 105969
FindTargetPageId rootid 23 tid 105969
target_page_id id: 25 tid 105969
0 1 tid 105969
353 22 tid 105969
480 32 tid 105969
722 25 tid 105969
188 tid 105969
Remove  tid 105969
FindTargetPageId rootid 23 tid 105970
target_page_id id: 32 tid 105970
0 1 tid 105970
353 22 tid 105970
480 32 tid 105970
722 25 tid 105970
240 tid 105970
Insert  tid 105970
FindTargetPageId rootid 23 tid 105970
target_page_id id: 32 tid 105970
0 1 tid 105970
353 22 tid 105970
480 32 tid 105970
722 25 tid 105970
241 tid 105970
Insert  tid 105970
FindTargetPageId rootid 23 tid 105970
target_page_id id: 25 tid 105970
0 1 tid 105970
353 22 tid 105970
480 32 tid 105970
722 25 tid 105970
187 tid 105970
Insert  tid 105970
FindTargetPageId rootid 23 tid 105970
target_page_id id: 25 tid 105970
0 1 tid 105970
353 22 tid 105970
480 32 tid 105970
722 25 tid 105970
188 tid 105970
Insert  tid 105970
FindTargetPageId rootid 23 tid 105970
target_page_id id: 25 tid 105970
0 1 tid 105970
353 22 tid 105970
480 32 tid 105970
722 25 tid 105970
189 tid 105970
Insert  tid 105970
FindTargetPageId rootid 23 tid 105970
target_page_id id: 25 tid 105970
0 1 tid 105970
353 22 tid 105970
480 32 tid 105970
722 25 tid 105970
190 tid 105970
Insert  tid 105970
FindTargetPageId rootid 23 tid 105970
target_page_id id: 25 tid 105970
0 1 tid 105970
353 22 tid 105970
480 32 tid 105970
722 25 tid 105970
191 tid 105970
Insert  tid 105970
FindTargetPageId rootid 23 tid 105970
target_page_id id: 25 tid 105970
0 1 tid 105970
353 22 tid 105970
480 32 tid 105970
722 25 tid 105970
192 tid 105970
Insert  tid 105970
FindTargetPageId rootid 23 tid 105970
target_page_id id: 25 tid 105970
0 1 tid 105970
353 22 tid 105970
480 32 tid 105970
722 25 tid 105970
193 tid 105970
Insert  tid 105970
FindTargetPageId rootid 23 tid 105970
target_page_id id: 25 tid 105970
0 1 tid 105970
353 22 tid 105970
480 32 tid 105970
722 25 tid 105970
194 tid 105970
Insert  tid 105970
FindTargetPageId rootid 23 tid 105969
target_page_id id: 25 tid 105969
0 1 tid 105969
353 22 tid 105969
480 32 tid 105969
722 25 tid 105969
195 tid 105969
Remove  tid 105969
FindTargetPageId rootid 23 tid 105970
target_page_id id: 25 tid 105970
0 1 tid 105970
353 22 tid 105970
480 32 tid 105970
722 25 tid 105970
194 tid 105970
Insert  tid 105970
FindTargetPageId rootid 23 tid 105970
target_page_id id: 25 tid 105970
0 1 tid 105970
353 22 tid 105970
480 32 tid 105970
722 25 tid 105970
195 tid 105970
Insert  tid 105970
FindTargetPageId rootid 23 tid 105970
target_page_id id: 25 tid 105970
0 1 tid 105970
353 22 tid 105970
480 32 tid 105970
722 25 tid 105970
196 tid 105970
Insert  tid 105970
FindTargetPageId rootid 23 tid 105970
target_page_id id: 25 tid 105970
0 1 tid 105970
353 22 tid 105970
480 32 tid 105970
722 25 tid 105970
197 tid 105970
Insert  tid 105970
FindTargetPageId rootid 23 tid 105970
target_page_id id: 25 tid 105970
0 1 tid 105970
353 22 tid 105970
480 32 tid 105970
722 25 tid 105970
198 tid 105970
Insert  tid 105970
FindTargetPageId rootid 23 tid 105970
target_page_id id: 25 tid 105970
0 1 tid 105970
353 22 tid 105970
480 32 tid 105970
722 25 tid 105970
199 tid 105970
Insert  tid 105970
FindTargetPageId rootid 23 tid 105970
target_page_id id: 25 tid 105970
0 1 tid 105970
353 22 tid 105970
480 32 tid 105970
722 25 tid 105970
200 tid 105970
Insert  tid 105970
FindTargetPageId rootid 23 tid 105970
target_page_id id: 25 tid 105970
0 1 tid 105970
353 22 tid 105970
480 32 tid 105970
722 25 tid 105970
201 tid 105970
Insert  tid 105970
FindTargetPageId rootid 23 tid 105970
target_page_id id: 25 tid 105970
0 1 tid 105970
353 22 tid 105970
480 32 tid 105970
722 25 tid 105970
202 tid 105970
Insert  tid 105970
FindTargetPageId rootid 23 tid 105969
target_page_id id: 25 tid 105969
0 1 tid 105969
353 22 tid 105969
480 32 tid 105969
722 25 tid 105969
203 tid 105969
Remove  tid 105969
FindTargetPageId rootid 23 tid 105970
target_page_id id: 25 tid 105970
0 1 tid 105970
353 22 tid 105970
480 32 tid 105970
722 25 tid 105970
202 tid 105970
Insert  tid 105970
FindTargetPageId rootid 23 tid 105970
target_page_id id: 25 tid 105970
0 1 tid 105970
353 22 tid 105970
480 32 tid 105970
722 25 tid 105970
203 tid 105970
Insert  tid 105970
FindTargetPageId rootid 23 tid 105970
target_page_id id: 25 tid 105970
0 1 tid 105970
353 22 tid 105970
480 32 tid 105970
722 25 tid 105970
204 tid 105970
Insert  tid 105970
FindTargetPageId rootid 23 tid 105970
target_page_id id: 25 tid 105970
0 1 tid 105970
353 22 tid 105970
480 32 tid 105970
722 25 tid 105970
205 tid 105970
Insert  tid 105970
FindTargetPageId rootid 23 tid 105970
target_page_id id: 25 tid 105970
0 1 tid 105970
353 22 tid 105970
480 32 tid 105970
722 25 tid 105970
206 tid 105970
Insert  tid 105970
FindTargetPageId rootid 23 tid 105970
target_page_id id: 25 tid 105970
0 1 tid 105970
353 22 tid 105970
480 32 tid 105970
722 25 tid 105970
207 tid 105970
Insert  tid 105970
FindTargetPageId rootid 23 tid 105970
target_page_id id: 25 tid 105970
0 1 tid 105970
353 22 tid 105970
480 32 tid 105970
722 25 tid 105970
208 tid 105970
Insert  tid 105970
FindTargetPageId rootid 23 tid 105970
target_page_id id: 25 tid 105970
0 1 tid 105970
353 22 tid 105970
480 32 tid 105970
722 25 tid 105970
209 tid 105970
Insert  tid 105970
FindTargetPageId rootid 23 tid 105970
target_page_id id: 25 tid 105970
0 1 tid 105970
353 22 tid 105970
480 32 tid 105970
722 25 tid 105970
210 tid 105970
Insert  tid 105970
FindTargetPageId rootid 23 tid 105969
target_page_id id: 25 tid 105969
0 1 tid 105969
353 22 tid 105969
480 32 tid 105969
722 25 tid 105969
211 tid 105969
Remove  tid 105969
FindTargetPageId rootid 23 tid 105970
target_page_id id: 25 tid 105970
0 1 tid 105970
353 22 tid 105970
480 32 tid 105970
722 25 tid 105970
210 tid 105970
Insert  tid 105970
FindTargetPageId rootid 23 tid 105970
target_page_id id: 25 tid 105970
0 1 tid 105970
353 22 tid 105970
480 32 tid 105970
722 25 tid 105970
211 tid 105970
Insert  tid 105970
FindTargetPageId rootid 23 tid 105970
target_page_id id: 25 tid 105970
0 1 tid 105970
353 22 tid 105970
480 32 tid 105970
722 25 tid 105970
212 tid 105970
Insert  tid 105970
FindTargetPageId rootid 23 tid 105970
target_page_id id: 25 tid 105970
0 1 tid 105970
353 22 tid 105970
480 32 tid 105970
722 25 tid 105970
213 tid 105970
Insert  tid 105970
FindTargetPageId rootid 23 tid 105970
target_page_id id: 25 tid 105970
0 1 tid 105970
353 22 tid 105970
480 32 tid 105970
722 25 tid 105970
214 tid 105970
Insert  tid 105970
FindTargetPageId rootid 23 tid 105970
target_page_id id: 25 tid 105970
0 1 tid 105970
353 22 tid 105970
480 32 tid 105970
722 25 tid 105970
215 tid 105970
Insert  tid 105970
FindTargetPageId rootid 23 tid 105970
target_page_id id: 25 tid 105970
0 1 tid 105970
353 22 tid 105970
480 32 tid 105970
722 25 tid 105970
216 tid 105970
Insert  tid 105970
FindTargetPageId rootid 23 tid 105970
target_page_id id: 25 tid 105970
0 1 tid 105970
353 22 tid 105970
480 32 tid 105970
722 25 tid 105970
217 tid 105970
Insert  tid 105970
FindTargetPageId rootid 23 tid 105970
target_page_id id: 25 tid 105970
0 1 tid 105970
353 22 tid 105970
480 32 tid 105970
722 25 tid 105970
218 tid 105970
Insert  tid 105970
FindTargetPageId rootid 23 tid 105970
target_page_id id: 25 tid 105970
0 1 tid 105970
353 22 tid 105970
480 32 tid 105970
722 25 tid 105970
219 tid 105970
Insert  tid 105970
FindTargetPageId rootid 23 tid 105970
target_page_id id: 25 tid 105970
0 1 tid 105970
353 22 tid 105970
480 32 tid 105970
722 25 tid 105970
220 tid 105970
Insert  tid 105970
FindTargetPageId rootid 23 tid 105970
target_page_id id: 25 tid 105970
0 1 tid 105970
353 22 tid 105970
480 32 tid 105970
722 25 tid 105970
221 tid 105970
Insert  tid 105970
FindTargetPageId rootid 23 tid 105970
target_page_id id: 25 tid 105970
0 1 tid 105970
353 22 tid 105970
480 32 tid 105970
722 25 tid 105970
222 tid 105970
Insert  tid 105970
FindTargetPageId rootid 23 tid 105970
target_page_id id: 25 tid 105970
0 1 tid 105970
353 22 tid 105970
480 32 tid 105970
722 25 tid 105970
223 tid 105970
Insert  tid 105970
FindTargetPageId rootid 23 tid 105970
target_page_id id: 25 tid 105970
0 1 tid 105970
353 22 tid 105970
480 32 tid 105970
722 25 tid 105970
224 tid 105970
Insert  tid 105970
FindTargetPageId rootid 23 tid 105970
target_page_id id: 25 tid 105970
0 1 tid 105970
353 22 tid 105970
480 32 tid 105970
722 25 tid 105970
225 tid 105970
Insert  tid 105970
FindTargetPageId rootid 23 tid 105970
target_page_id id: 25 tid 105970
0 1 tid 105970
353 22 tid 105970
480 32 tid 105970
722 25 tid 105970
226 tid 105970
Insert  tid 105970
FindTargetPageId rootid 23 tid 105970
target_page_id id: 25 tid 105970
0 1 tid 105970
353 22 tid 105970
480 32 tid 105970
722 25 tid 105970
227 tid 105970
Insert  tid 105970
FindTargetPageId rootid 23 tid 105970
target_page_id id: 25 tid 105970
0 1 tid 105970
353 22 tid 105970
480 32 tid 105970
722 25 tid 105970
228 tid 105970
Insert  tid 105970
FindTargetPageId rootid 23 tid 105970
target_page_id id: 25 tid 105970
0 1 tid 105970
353 22 tid 105970
480 32 tid 105970
722 25 tid 105970
229 tid 105970
Insert  tid 105970
FindTargetPageId rootid 23 tid 105970
target_page_id id: 25 tid 105970
0 1 tid 105970
353 22 tid 105970
480 32 tid 105970
722 25 tid 105970
230 tid 105970
Insert  tid 105970
FindTargetPageId rootid 23 tid 105970
target_page_id id: 25 tid 105970
0 1 tid 105970
353 22 tid 105970
480 32 tid 105970
722 25 tid 105970
231 tid 105970
Insert  tid 105970
FindTargetPageId rootid 23 tid 105970
target_page_id id: 25 tid 105970
0 1 tid 105970
353 22 tid 105970
480 32 tid 105970
722 25 tid 105970
232 tid 105970
Insert  tid 105970
FindTargetPageId rootid 23 tid 105970
target_page_id id: 25 tid 105970
0 1 tid 105970
353 22 tid 105970
480 32 tid 105970
722 25 tid 105970
233 tid 105970
Insert  tid 105970
FindTargetPageId rootid 23 tid 105970
target_page_id id: 25 tid 105970
0 1 tid 105970
353 22 tid 105970
480 32 tid 105970
722 25 tid 105970
234 tid 105970
Insert  tid 105970
FindTargetPageId rootid 23 tid 105970
target_page_id id: 25 tid 105970
0 1 tid 105970
353 22 tid 105970
480 32 tid 105970
722 25 tid 105970
235 tid 105970
Insert  tid 105970
FindTargetPageId rootid 23 tid 105969
target_page_id id: 25 tid 105969
0 1 tid 105969
353 22 tid 105969
480 32 tid 105969
722 25 tid 105969
236 tid 105969
Remove  tid 105969
FindTargetPageId rootid 23 tid 105969
target_page_id id: 25 tid 105969
0 1 tid 105969
353 22 tid 105969
480 32 tid 105969
722 25 tid 105969
235 tid 105969
Remove  tid 105969
FindTargetPageId rootid 23 tid 105969
target_page_id id: 25 tid 105969
0 1 tid 105969
353 22 tid 105969
480 32 tid 105969
722 25 tid 105969
234 tid 105969
Remove  tid 105969
FindTargetPageId rootid 23 tid 105969
target_page_id id: 25 tid 105969
0 1 tid 105969
353 22 tid 105969
480 32 tid 105969
722 25 tid 105969
233 tid 105969
Remove  tid 105969
FindTargetPageId rootid 23 tid 105969
target_page_id id: 25 tid 105969
0 1 tid 105969
353 22 tid 105969
480 32 tid 105969
722 25 tid 105969
232 tid 105969
Remove  tid 105969
FindTargetPageId rootid 23 tid 105969
target_page_id id: 25 tid 105969
0 1 tid 105969
353 22 tid 105969
480 32 tid 105969
722 25 tid 105969
231 tid 105969
Remove  tid 105969
FindTargetPageId rootid 23 tid 105969
target_page_id id: 25 tid 105969
0 1 tid 105969
353 22 tid 105969
480 32 tid 105969
722 25 tid 105969
230 tid 105969
Remove  tid 105969
FindTargetPageId rootid 23 tid 105969
target_page_id id: 25 tid 105969
0 1 tid 105969
353 22 tid 105969
480 32 tid 105969
722 25 tid 105969
229 tid 105969
Remove  tid 105969
FindTargetPageId rootid 23 tid 105969
target_page_id id: 25 tid 105969
0 1 tid 105969
353 22 tid 105969
480 32 tid 105969
722 25 tid 105969
228 tid 105969
Remove  tid 105969
FindTargetPageId rootid 23 tid 105969
target_page_id id: 25 tid 105969
0 1 tid 105969
353 22 tid 105969
480 32 tid 105969
722 25 tid 105969
227 tid 105969
Remove  tid 105969
FindTargetPageId rootid 23 tid 105969
target_page_id id: 25 tid 105969
0 1 tid 105969
353 22 tid 105969
480 32 tid 105969
722 25 tid 105969
226 tid 105969
Remove  tid 105969
FindTargetPageId rootid 23 tid 105970
target_page_id id: 25 tid 105970
0 1 tid 105970
353 22 tid 105970
480 32 tid 105970
722 25 tid 105970
225 tid 105970
Insert  tid 105970
FindTargetPageId rootid 23 tid 105970
target_page_id id: 25 tid 105970
0 1 tid 105970
353 22 tid 105970
480 32 tid 105970
722 25 tid 105970
226 tid 105970
Insert  tid 105970
FindTargetPageId rootid 23 tid 105970
target_page_id id: 25 tid 105970
0 1 tid 105970
353 22 tid 105970
480 32 tid 105970
722 25 tid 105970
227 tid 105970
Insert  tid 105970
FindTargetPageId rootid 23 tid 105970
target_page_id id: 25 tid 105970
0 1 tid 105970
353 22 tid 105970
480 32 tid 105970
722 25 tid 105970
228 tid 105970
Insert  tid 105970
FindTargetPageId rootid 23 tid 105970
target_page_id id: 25 tid 105970
0 1 tid 105970
353 22 tid 105970
480 32 tid 105970
722 25 tid 105970
229 tid 105970
Insert  tid 105970
FindTargetPageId rootid 23 tid 105970
target_page_id id: 25 tid 105970
0 1 tid 105970
353 22 tid 105970
480 32 tid 105970
722 25 tid 105970
230 tid 105970
Insert  tid 105970
FindTargetPageId rootid 23 tid 105970
target_page_id id: 25 tid 105970
0 1 tid 105970
353 22 tid 105970
480 32 tid 105970
722 25 tid 105970
231 tid 105970
Insert  tid 105970
FindTargetPageId rootid 23 tid 105970
target_page_id id: 25 tid 105970
0 1 tid 105970
353 22 tid 105970
480 32 tid 105970
722 25 tid 105970
232 tid 105970
Insert  tid 105970
FindTargetPageId rootid 23 tid 105970
target_page_id id: 25 tid 105970
0 1 tid 105970
353 22 tid 105970
480 32 tid 105970
722 25 tid 105970
233 tid 105970
Insert  tid 105970
FindTargetPageId rootid 23 tid 105970
target_page_id id: 25 tid 105970
0 1 tid 105970
353 22 tid 105970
480 32 tid 105970
722 25 tid 105970
234 tid 105970
Insert  tid 105970
FindTargetPageId rootid 23 tid 105969
target_page_id id: 25 tid 105969
0 1 tid 105969
353 22 tid 105969
480 32 tid 105969
722 25 tid 105969
235 tid 105969
Remove  tid 105969
FindTargetPageId rootid 23 tid 105969
target_page_id id: 25 tid 105969
0 1 tid 105969
353 22 tid 105969
480 32 tid 105969
722 25 tid 105969
234 tid 105969
Remove  tid 105969
FindTargetPageId rootid 23 tid 105969
target_page_id id: 25 tid 105969
0 1 tid 105969
353 22 tid 105969
480 32 tid 105969
722 25 tid 105969
233 tid 105969
Remove  tid 105969
FindTargetPageId rootid 23 tid 105969
target_page_id id: 25 tid 105969
0 1 tid 105969
353 22 tid 105969
480 32 tid 105969
722 25 tid 105969
232 tid 105969
Remove  tid 105969
FindTargetPageId rootid 23 tid 105969
target_page_id id: 25 tid 105969
0 1 tid 105969
353 22 tid 105969
480 32 tid 105969
722 25 tid 105969
231 tid 105969
Remove  tid 105969
FindTargetPageId rootid 23 tid 105970
target_page_id id: 25 tid 105970
0 1 tid 105970
353 22 tid 105970
480 32 tid 105970
722 25 tid 105970
230 tid 105970
Insert  tid 105970
FindTargetPageId rootid 23 tid 105970
target_page_id id: 25 tid 105970
0 1 tid 105970
353 22 tid 105970
480 32 tid 105970
722 25 tid 105970
231 tid 105970
Insert  tid 105970
FindTargetPageId rootid 23 tid 105970
target_page_id id: 25 tid 105970
0 1 tid 105970
353 22 tid 105970
480 32 tid 105970
722 25 tid 105970
232 tid 105970
Insert  tid 105970
FindTargetPageId rootid 23 tid 105969
target_page_id id: 25 tid 105969
0 1 tid 105969
353 22 tid 105969
480 32 tid 105969
722 25 tid 105969
233 tid 105969
Remove  tid 105969
FindTargetPageId rootid 23 tid 105969
target_page_id id: 25 tid 105969
0 1 tid 105969
353 22 tid 105969
480 32 tid 105969
722 25 tid 105969
232 tid 105969
Remove  tid 105969
FindTargetPageId rootid 23 tid 105970
target_page_id id: 25 tid 105970
0 1 tid 105970
353 22 tid 105970
480 32 tid 105970
722 25 tid 105970
231 tid 105970
Insert  tid 105970
FindTargetPageId rootid 23 tid 105969
target_page_id id: 25 tid 105969
0 1 tid 105969
353 22 tid 105969
480 32 tid 105969
722 25 tid 105969
232 tid 105969
Remove  tid 105969
FindTargetPageId rootid 23 tid 105969
target_page_id id: 25 tid 105969
0 1 tid 105969
353 22 tid 105969
480 32 tid 105969
722 25 tid 105969
231 tid 105969
Remove  tid FindTargetPageId rootid 105969
23 tid 105970
target_page_id id: 25 tid 105970
0 1 tid 105970
353 22 tid 105970
480 32 tid 105970
722 25 tid 105970
230 tid 105970
Insert  tid 105970
FindTargetPageId rootid 23 tid 105970
target_page_id id: 25 tid 105970
0 1 tid 105970
353 22 tid 105970
480 32 tid 105970
722 25 tid 105970
231 tid 105970
Insert  tid 105970
FindTargetPageId rootid 23 tid 105970
target_page_id id: 25 tid 105970
0 1 tid 105970
353 22 tid 105970
480 32 tid 105970
722 25 tid 105970
232 tid 105970
Insert  tid 105970
FindTargetPageId rootid 23 tid 105970
target_page_id id: 25 tid 105970
0 1 tid 105970
353 22 tid 105970
480 32 tid 105970
722 25 tid 105970
233 tid 105970
Insert  tid 105970
FindTargetPageId rootid 23 tid 105970
target_page_id id: 25 tid 105970
0 1 tid 105970
353 22 tid 105970
480 32 tid 105970
722 25 tid 105970
234 tid 105970
Insert  tid 105970
FindTargetPageId rootid 23 tid 105970
target_page_id id: 25 tid 105970
0 1 tid 105970
353 22 tid 105970
480 32 tid 105970
722 25 tid 105970
235 tid 105970
Insert  tid 105970
FindTargetPageId rootid 23 tid 105970
target_page_id id: 25 tid 105970
0 1 tid 105970
353 22 tid 105970
480 32 tid 105970
722 25 tid 105970
236 tid 105970
Insert  tid 105970
FindTargetPageId rootid 23 tid 105970
target_page_id id: 25 tid 105970
0 1 tid 105970
353 22 tid 105970
480 32 tid 105970
722 25 tid 105970
237 tid 105970
Insert  tid 105970
FindTargetPageId rootid 23 tid 105970
target_page_id id: 25 tid 105970
0 1 tid 105970
353 22 tid 105970
480 32 tid 105970
722 25 tid 105970
238 tid 105970
Insert  tid 105970
FindTargetPageId rootid 23 tid 105970
target_page_id id: 25 tid 105970
0 1 tid 105970
353 22 tid 105970
480 32 tid 105970
722 25 tid 105970
239 tid 105970
Insert  tid 105970
FindTargetPageId rootid 23 tid 105970
target_page_id id: 25 tid 105970
0 1 tid 105970
353 22 tid 105970
480 32 tid 105970
722 25 tid 105970
240 tid 105970
Insert  tid 105970
FindTargetPageId rootid 23 tid 105970
target_page_id id: 25 tid 105970
0 1 tid 105970
353 22 tid 105970
480 32 tid 105970
722 25 tid 105970
241 tid 105970
Insert  tid 105970
FindTargetPageId rootid 23 tid 105970
target_page_id id: 25 tid 105970
0 1 tid 105970
353 22 tid 105970
480 32 tid 105970
722 25 tid 105970
242 tid 105970
Insert  tid 105970
FindTargetPageId rootid 23 tid 105970
target_page_id id: 25 tid 105970
0 1 tid 105970
353 22 tid 105970
480 32 tid 105970
722 25 tid 105970
243 tid 105970
Insert  tid 105970
FindTargetPageId rootid 23 tid 105970
target_page_id id: 25 tid 105970
0 1 tid 105970
353 22 tid 105970
480 32 tid 105970
722 25 tid 105970
244 tid 105970
Insert  tid 105970
FindTargetPageId rootid 23 tid 105970
target_page_id id: 25 tid 105970
0 1 tid 105970
353 22 tid 105970
480 32 tid 105970
722 25 tid 105970
245 tid 105970
Insert  tid 105970
FindTargetPageId rootid 23 tid 105970
target_page_id id: 25 tid 105970
0 1 tid 105970
353 22 tid 105970
480 32 tid 105970
722 25 tid 105970
246 tid 105970
Insert  tid 105970
FindTargetPageId rootid 23 tid 105970
target_page_id id: 25 tid 105970
0 1 tid 105970
353 22 tid 105970
480 32 tid 105970
722 25 tid 105970
247 tid 105970
Insert  tid 105970
FindTargetPageId rootid 23 tid 105970
target_page_id id: 25 tid 105970
0 1 tid 105970
353 22 tid 105970
480 32 tid 105970
722 25 tid 105970
248 tid 105970
Insert  tid 105970
FindTargetPageId rootid 23 tid 105970
target_page_id id: 25 tid 105970
0 1 tid 105970
353 22 tid 105970
480 32 tid 105970
722 25 tid 105970
249 tid 105970
Insert  tid 105970
FindTargetPageId rootid 23 tid 105970
target_page_id id: 25 tid 105970
0 1 tid 105970
353 22 tid 105970
480 32 tid 105970
722 25 tid 105970
250 tid 105970
Insert  tid 105970
FindTargetPageId rootid 23 tid 105970
target_page_id id: 25 tid 105970
0 1 tid 105970
353 22 tid 105970
480 32 tid 105970
722 25 tid 105970
251 tid 105970
Insert  tid 105970
FindTargetPageId rootid 23 tid 105970
target_page_id id: 25 tid 105970
0 1 tid 105970
353 22 tid 105970
480 32 tid 105970
722 25 tid 105970
252 tid 105970
Insert  tid 105970
FindTargetPageId rootid 23 tid 105970
target_page_id id: 25 tid 105970
0 1 tid 105970
353 22 tid 105970
480 32 tid 105970
722 25 tid 105970
253 tid 105970
Insert  tid 105970
FindTargetPageId rootid 23 tid 105970
target_page_id id: 25 tid 105970
0 1 tid 105970
353 22 tid 105970
480 32 tid 105970
722 25 tid 105970
254 tid 105970
Insert  tid 105970
FindTargetPageId rootid 23 tid 105969
target_page_id id: 25 tid 105969
0 1 tid 105969
353 22 tid 105969
480 32 tid 105969
722 25 tid 105969
873 33 tid 105969
127 tid 105969
Remove  tid 105969
FindTargetPageId rootid 23 tid 105970
target_page_id id: 25 tid 105970
0 1 tid 105970
353 22 tid 105970
480 32 tid 105970
721 25 tid 105970
873 33 tid 105970
127 tid 105970
Insert  tid 105970
FindTargetPageId rootid 23 tid 105969
target_page_id id: 25 tid 105969
0 1 tid 105969
353 22 tid 105969
480 32 tid 105969
721 25 tid 105969
873 33 tid 105969
128 tid 105969
Remove  tid 105969
FindTargetPageId rootid 23 tid 105970
target_page_id id: 25 tid 105970
0 1 tid 105970
353 22 tid 105970
480 32 tid 105970
721 25 tid 105970
873 33 tid 105970
127 tid 105970
Insert  tid 105970
FindTargetPageId rootid 23 tid 105969
target_page_id id: 25 tid 105969
0 1 tid 105969
353 22 tid 105969
480 32 tid 105969
721 25 tid 105969
873 33 tid 105969
128 tid 105969
Remove  tid 105969
FindTargetPageId rootid 23 tid 105969
target_page_id id: 25 tid 105969
0 1 tid 105969
353 22 tid 105969
480 32 tid 105969
721 25 tid 105969
873 33 tid 105969
127 tid 105969
Remove  tid 105969
FindTargetPageId rootid 23 tid 105969
target_page_id id: 25 tid 105969
0 1 tid 105969
353 22 tid 105969
480 32 tid 105969
720 25 tid 105969
873 33 tid 105969
127 tid 105969
Remove  tid 105969
FindTargetPageId rootid 23 tid 105969
target_page_id id: 25 tid 105969
0 1 tid 105969
353 22 tid 105969
480 32 tid 105969
719 25 tid 105969
873 33 tid 105969
127 tid 105969
Remove  tid 105969
FindTargetPageId rootid 23 tid 105970
target_page_id id: 25 tid 105970
0 1 tid 105970
353 22 tid 105970
480 32 tid 105970
718 25 tid 105970
873 33 tid 105970
127 tid 105970
Insert  tid 105970
FindTargetPageId rootid 23 tid 105969
target_page_id id: 33 tid 105969
0 1 tid 105969
353 22 tid 105969
480 32 tid 105969
718 25 tid 105969
873 33 tid 105969
128 tid 105969
Remove  tid 105969
FindTargetPageId rootid 23 tid 105970
target_page_id id: 25 tid 105970
0 1 tid 105970
353 22 tid 105970
480 32 tid 105970
718 25 tid 105970
873 33 tid 105970
128 tid 105970
Insert  tid 105970
FindTargetPageId rootid 23 tid 105970
target_page_id id: 25 tid 105970
0 1 tid 105970
353 22 tid 105970
480 32 tid 105970
718 25 tid 105970
873 33 tid 105970
129 tid 105970
Insert  tid 105970
FindTargetPageId rootid 23 tid 105969
target_page_id id: 33 tid 105969
0 1 tid 105969
353 22 tid 105969
480 32 tid 105969
718 25 tid 105969
873 33 tid 105969
127 tid 105969
Remove  tid 105969
FindTargetPageId rootid 23 tid 105969
target_page_id id: 33 tid 105969
0 1 tid 105969
353 22 tid 105969
480 32 tid 105969
718 25 tid 105969
870 33 tid 105969
127 tid 105969
Remove  tid 105969
FindTargetPageId rootid 23 tid 105970
target_page_id id: 25 tid 105970
0 1 tid 105970
353 22 tid 105970
480 32 tid 105970
718 25 tid 105970
865 33 tid 105970
128 tid 105970
Insert  tid 105970
FindTargetPageId rootid 23 tid 105970
target_page_id id: 25 tid 105970
0 1 tid 105970
353 22 tid 105970
480 32 tid 105970
718 25 tid 105970
865 33 tid 105970
129 tid 105970
Insert  tid 105970
FindTargetPageId rootid 23 tid 105970
target_page_id id: 25 tid 105970
0 1 tid 105970
353 22 tid 105970
480 32 tid 105970
718 25 tid 105970
865 33 tid 105970
130 tid 105970
Insert  tid 105970
FindTargetPageId rootid 23 tid 105970
target_page_id id: 25 tid 105970
0 1 tid 105970
353 22 tid 105970
480 32 tid 105970
718 25 tid 105970
865 33 tid 105970
131 tid 105970
Insert  tid 105970
FindTargetPageId rootid 23 tid 105970
target_page_id id: 25 tid 105970
0 1 tid 105970
353 22 tid 105970
480 32 tid 105970
718 25 tid 105970
865 33 tid 105970
132 tid 105970
Insert  tid 105970
FindTargetPageId rootid 23 tid 105969
target_page_id id: 33 tid 105969
0 1 tid 105969
353 22 tid 105969
480 32 tid 105969
718 25 tid 105969
865 33 tid 105969
127 tid 105969
Remove  tid 105969
FindTargetPageId rootid 23 tid 105970
target_page_id id: 25 tid 105970
0 1 tid 105970
353 22 tid 105970
480 32 tid 105970
718 25 tid 105970
860 33 tid 105970
132 tid 105970
Insert  tid 105970
FindTargetPageId rootid 23 tid 105969
target_page_id id: 33 tid 105969
0 1 tid 105969
353 22 tid 105969
480 32 tid 105969
718 25 tid 105969
860 33 tid 105969
127 tid 105969
Remove  tid 105969
FindTargetPageId rootid 23 tid 105970
target_page_id id: 25 tid 105970
0 1 tid 105970
353 22 tid 105970
480 32 tid 105970
718 25 tid 105970
855 33 tid 105970
132 tid 105970
Insert  tid 105970
FindTargetPageId rootid 23 tid 105969
target_page_id id: 33 tid 105969
0 1 tid 105969
353 22 tid 105969
480 32 tid 105969
718 25 tid 105969
855 33 tid 105969
127 tid 105969
Remove  tid 105969
FindTargetPageId rootid 23 tid 105970
target_page_id id: 33 tid 105970
0 1 tid 105970
353 22 tid 105970
480 32 tid 105970
718 25 tid 105970
850 33 tid 105970
127 tid 105970
Insert  tid 105970
FindTargetPageId rootid 23 tid 105969
target_page_id id: 33 tid 105969
0 1 tid 105969
353 22 tid 105969
480 32 tid 105969
718 25 tid 105969
850 33 tid 105969
128 tid 105969
Remove  tid 105969
FindTargetPageId rootid 23 tid 105970
target_page_id id: 33 tid 105970
0 1 tid 105970
353 22 tid 105970
480 32 tid 105970
718 25 tid 105970
850 33 tid 105970
127 tid 105970
Insert  tid 105970
FindTargetPageId rootid 23 tid 105969
target_page_id id: 33 tid 105969
0 1 tid 105969
353 22 tid 105969
480 32 tid 105969
718 25 tid 105969
850 33 tid 105969
128 tid 105969
Remove  tid 105969
FindTargetPageId rootid 23 tid 105970
target_page_id id: 33 tid 105970
0 1 tid 105970
353 22 tid 105970
480 32 tid 105970
718 25 tid 105970
850 33 tid 105970
127 tid 105970
Insert  tid 105970
FindTargetPageId rootid 23 tid 105969
target_page_id id: 33 tid 105969
0 1 tid 105969
353 22 tid 105969
480 32 tid 105969
718 25 tid 105969
850 33 tid 105969
128 tid 105969
Remove  tid 105969
FindTargetPageId rootid 23 tid 105970
target_page_id id: 33 tid 105970
0 1 tid 105970
353 22 tid 105970
480 32 tid 105970
718 25 tid 105970
850 33 tid 105970
127 tid 105970
Insert  tid 105970
FindTargetPageId rootid 23 tid 105969
target_page_id id: 33 tid 105969
0 1 tid 105969
353 22 tid 105969
480 32 tid 105969
718 25 tid 105969
850 33 tid 105969
128 tid 105969
Remove  tid 105969
FindTargetPageId rootid 23 tid 105970
target_page_id id: 33 tid 105970
0 1 tid 105970
353 22 tid 105970
480 32 tid 105970
718 25 tid 105970
850 33 tid 105970
127 tid 105970
Insert  tid 105970
FindTargetPageId rootid 23 tid 105970
target_page_id id: 33 tid 105970
0 1 tid 105970
353 22 tid 105970
480 32 tid 105970
718 25 tid 105970
850 33 tid 105970
128 tid 105970
Insert  tid 105970
FindTargetPageId rootid 23 tid 105969
target_page_id id: 33 tid 105969
0 1 tid 105969
353 22 tid 105969
480 32 tid 105969
718 25 tid 105969
850 33 tid 105969
129 tid 105969
Remove  tid 105969
FindTargetPageId rootid 23 tid 105969
target_page_id id: 33 tid 105969
0 1 tid 105969
353 22 tid 105969
480 32 tid 105969
718 25 tid 105969
850 33 tid 105969
128 tid 105969
Remove  tid 105969
FindTargetPageId rootid 23 tid 105970
target_page_id id: 33 tid 105970
0 1 tid 105970
353 22 tid 105970
480 32 tid 105970
718 25 tid 105970
850 33 tid 105970
127 tid 105970
Insert  tid 105970
FindTargetPageId rootid 23 tid 105970
target_page_id id: 33 tid 105970
0 1 tid 105970
353 22 tid 105970
480 32 tid 105970
718 25 tid 105970
850 33 tid 105970
128 tid 105970
Insert  tid 105970
FindTargetPageId rootid 23 tid 105970
target_page_id id: 33 tid 105970
0 1 tid 105970
353 22 tid 105970
480 32 tid 105970
718 25 tid 105970
850 33 tid 105970
129 tid 105970
Insert  tid 105970
FindTargetPageId rootid 23 tid 105970
target_page_id id: 33 tid 105970
0 1 tid 105970
353 22 tid 105970
480 32 tid 105970
718 25 tid 105970
850 33 tid 105970
130 tid 105970
Insert  tid 105970
FindTargetPageId rootid 23 tid 105970
target_page_id id: 33 tid 105970
0 1 tid 105970
353 22 tid 105970
480 32 tid 105970
718 25 tid 105970
850 33 tid 105970
131 tid 105970
Insert  tid 105970
FindTargetPageId rootid 23 tid 105970
target_page_id id: 33 tid 105970
0 1 tid 105970
353 22 tid 105970
480 32 tid 105970
718 25 tid 105970
850 33 tid 105970
132 tid 105970
Insert  tid 105970
FindTargetPageId rootid 23 tid 105970
target_page_id id: 33 tid 105970
0 1 tid 105970
353 22 tid 105970
480 32 tid 105970
718 25 tid 105970
850 33 tid 105970
133 tid 105970
Insert  tid 105970
FindTargetPageId rootid 23 tid 105970
target_page_id id: 33 tid 105970
0 1 tid 105970
353 22 tid 105970
480 32 tid 105970
718 25 tid 105970
850 33 tid 105970
134 tid 105970
Insert  tid 105970
FindTargetPageId rootid 23 tid 105970
target_page_id id: 33 tid 105970
0 1 tid 105970
353 22 tid 105970
480 32 tid 105970
718 25 tid 105970
850 33 tid 105970
135 tid 105970
Insert  tid 105970
FindTargetPageId rootid 23 tid 105970
target_page_id id: 33 tid 105970
0 1 tid 105970
353 22 tid 105970
480 32 tid 105970
718 25 tid 105970
850 33 tid 105970
136 tid 105970
Insert  tid 105970
FindTargetPageId rootid 23 tid 105970
target_page_id id: 33 tid 105970
0 1 tid 105970
353 22 tid 105970
480 32 tid 105970
718 25 tid 105970
850 33 tid 105970
137 tid 105970
Insert  tid 105970
FindTargetPageId rootid 23 tid 105970
target_page_id id: 33 tid 105970
0 1 tid 105970
353 22 tid 105970
480 32 tid 105970
718 25 tid 105970
850 33 tid 105970
138 tid 105970
FindTargetPageId rootid 23 tid 105969
target_page_id id: 33 tid 105969
0 1 tid 105969
353 22 tid 105969
480 32 tid 105969
718 25 tid 105969
850 33 tid 105969
139 tid 105969
Remove  tid 105969
FindTargetPageId rootid 23 tid 105969
target_page_id id: 33 tid 105969
0 1 tid 105969
353 22 tid 105969
480 32 tid 105969
718 25 tid 105969
850 33 tid 105969
138 tid 105969
Remove  tid 105969
Insert FindTargetPageId rootid 23 tid  tid 105969
target_page_id id: 33 tid 105969
0 1 tid 105969
353 22 tid 105969
480 32 tid 105969
718 25 tid 105969
850 33 tid 105969
137 tid 105969
Remove  tid 105969
FindTargetPageId rootid 23 tid 105969
target_page_id id: 33 tid 105969
0 1 tid 105969
353 22 tid 105969
480 32 tid 105969
718 25 tid 105969
850 33 tid 105969
105970
136 tid 105969
Remove  tid 105969
FindTargetPageId rootid 23 tid 105970
target_page_id id: 33 tid 105970
0 1 tid 105970
353 22 tid 105970
480 32 tid 105970
718 25 tid 105970
850 33 tid 105970
135 tid 105970
Insert  tid 105970
FindTargetPageId rootid 23 tid 105970
target_page_id id: 33 tid 105970
0 1 tid 105970
353 22 tid 105970
480 32 tid 105970
718 25 tid 105970
850 33 tid 105970
136 tid 105970
Insert  tid 105970
FindTargetPageId rootid 23 tid 105969
target_page_id id: 33 tid 105969
0 1 tid 105969
353 22 tid 105969
480 32 tid 105969
718 25 tid 105969
850 33 tid 105969
137 tid 105969
Remove  tid 105969
FindTargetPageId rootid 23 tid 105970
target_page_id id: 33 tid 105970
0 1 tid 105970
353 22 tid 105970
480 32 tid 105970
718 25 tid 105970
850 33 tid 105970
136 tid 105970
Insert  tid 105970
FindTargetPageId rootid 23 tid 105969
target_page_id id: 33 tid 105969
0 1 tid 105969
353 22 tid 105969
480 32 tid 105969
718 25 tid 105969
850 33 tid 105969
137 tid 105969
Remove  tid 105969
FindTargetPageId rootid 23 tid 105970
target_page_id id: 33 tid 105970
0 1 tid 105970
353 22 tid 105970
480 32 tid 105970
718 25 tid 105970
850 33 tid 105970
136 tid 105970
Insert  tid 105970
FindTargetPageId rootid 23 tid 105970
target_page_id id: 33 tid 105970
0 1 tid 105970
353 22 tid 105970
480 32 tid 105970
718 25 tid 105970
850 33 tid 105970
137 tid 105970
Insert  tid 105970
FindTargetPageId rootid 23 tid 105970
target_page_id id: 33 tid 105970
0 1 tid 105970
353 22 tid 105970
480 32 tid 105970
718 25 tid 105970
850 33 tid 105970
138 tid 105970
Insert  tid 105970
FindTargetPageId rootid 23 tid 105970
target_page_id id: 33 tid 105970
0 1 tid 105970
353 22 tid 105970
480 32 tid 105970
718 25 tid 105970
850 33 tid 105970
139 tid 105970
Insert  tid 105970
FindTargetPageId rootid 23 tid 105970
target_page_id id: 33 tid 105970
0 1 tid 105970
353 22 tid 105970
480 32 tid 105970
718 25 tid 105970
850 33 tid 105970
140 tid 105970
Insert  tid 105970
FindTargetPageId rootid 23 tid 105969
target_page_id id: 33 tid 105969
0 1 tid 105969
353 22 tid 105969
480 32 tid 105969
718 25 tid 105969
850 33 tid 105969
141 tid 105969
FindTargetPageId rootid 23 tid 105970
target_page_id id: 33 tid 105970
0 1 tid 105970
353 22 tid 105970
480 32 tid 105970
718 25 tid 105970
850 33 tid 105970
140 tid 105970
Insert  tid 105970
FindTargetPageId rootid 23 tid 105970
target_page_id id: 33 tid 105970
0 1 tid 105970
353 22 tid 105970
480 32 tid 105970
718 25 tid 105970
850 33 tid 105970
141 tid 105970
Insert  tid 105970
FindTargetPageId rootid 23 tid 105970
target_page_id id: 33 tid 105970
0 1 tid 105970
353 22 tid 105970
480 32 tid 105970
718 25 tid 105970
850 33 tid 105970
142 tid 105970
Insert  tid 105970
FindTargetPageId rootid 23 tid 105970
target_page_id id: 33 tid 105970
0 1 tid 105970
353 22 tid 105970
480 32 tid 105970
718 25 tid 105970
850 33 tid 105970
143 tid 105970
Insert  tid 105970
FindTargetPageId rootid 23 tid 105970
target_page_id id: 33 tid 105970
0 1 tid 105970
353 22 tid 105970
480 32 tid 105970
718 25 tid 105970
850 33 tid 105970
144 tid 105970
Insert  tid 105970
FindTargetPageId rootid 23 tid 105970
target_page_id id: 33 tid 105970
0 1 tid 105970
353 22 tid 105970
480 32 tid 105970
718 25 tid 105970
850 33 tid 105970
145 tid 105970
Insert  tid 105970
FindTargetPageId rootid 23 tid 105970
target_page_id id: 33 tid 105970
0 1 tid 105970
353 22 tid Remove 105970
480 32 tid 105970
718 25 tid 105970
850 33 tid 105970
 tid 146 tid 105970
105969
FindTargetPageId rootid 23 tid 105969
target_page_id id: 33 tid 105969
0 1 tid 105969
353 22 tid 105969
480 32 tid 105969
718 25 tid 105969
850 33 tid 105969
147 tid 105969
Remove  tid 105969
FindTargetPageId rootid 23 tid 105969
target_page_id id: 33 tid 105969
0 1 tid 105969
353 22 tid 105969
480 32 tid 105969
718 25 tid 105969
850 33 tid 105969
Insert  tid 105970
146 tid 105969
FindTargetPageId rootid 23 tid 105970
target_page_id id: 33 tid 105970
0 1 tid 105970
353 22 tid 105970
480 32 tid 105970
718 25 tid 105970
850 33 tid 105970
145 tid 105970
Remove  tid 105969
Insert  tid 105970
FindTargetPageId rootid 23 tid 105969
target_page_id id: 33 tid 105969
0 1 tid 105969
353 22 tid 105969
480 32 tid 105969
718 25 tid 105969
850 33 tid 105969
146 tid 105969
Remove  tid 105969
FindTargetPageId rootid 23 tid 105969
target_page_id id: 33 tid 105969
0 1 tid 105969
353 22 tid 105969
480 32 tid 105969
718 25 tid 105969
850 33 tid 105969
145 tid 105969
Remove  tid 105969
FindTargetPageId rootid 23 tid 105970
target_page_id id: 33 tid 105970
0 1 tid 105970
353 22 tid 105970
480 32 tid 105970
718 25 tid 105970
850 33 tid 105970
144 tid 105970
Insert  tid 105970
FindTargetPageId rootid 23 tid 105970
target_page_id id: 33 tid 105970
0 1 tid 105970
353 22 tid 105970
480 32 tid 105970
718 25 tid 105970
850 33 tid 105970
145 tid 105970
Insert  tid 105970
FindTargetPageId rootid 23 tid 105970
target_page_id id: 33 tid 105970
0 1 tid 105970
353 22 tid 105970
480 32 tid 105970
718 25 tid 105970
850 33 tid 105970
146 tid 105970
Insert  tid 105970
FindTargetPageId rootid 23 tid 105970
target_page_id id: 33 tid 105970
0 1 tid 105970
353 22 tid 105970
480 32 tid 105970
718 25 tid 105970
850 33 tid 105970
147 tid 105970
Insert  tid 105970
FindTargetPageId rootid 23 tid 105970
target_page_id id: 33 tid 105970
0 1 tid 105970
353 22 tid 105970
480 32 tid 105970
718 25 tid 105970
850 33 tid 105970
148 tid 105970
Insert  tid 105970
FindTargetPageId rootid 23 tid 105970
target_page_id id: 33 tid 105970
0 1 tid 105970
353 22 tid 105970
480 32 tid 105970
718 25 tid 105970
850 33 tid 105970
149 tid 105970
Insert  tid 105970
FindTargetPageId rootid 23 tid 105970
target_page_id id: 33 tid 105970
0 1 tid 105970
353 22 tid 105970
480 32 tid 105970
718 25 tid 105970
850 33 tid 105970
150 tid 105970
Insert  tid 105970
FindTargetPageId rootid 23 tid 105970
target_page_id id: 33 tid 105970
0 1 tid 105970
353 22 tid 105970
480 32 tid 105970
718 25 tid 105970
850 33 tid 105970
151 tid 105970
Insert  tid 105970
FindTargetPageId rootid 23 tid 105970
target_page_id id: 33 tid 105970
0 1 tid 105970
353 22 tid 105970
480 32 tid 105970
718 25 tid 105970
850 33 tid 105970
151 tid 105970
Insert  tid 105970
FindTargetPageId rootid 23 tid 105969
target_page_id id: 33 tid 105969
0 1 tid 105969
353 22 tid 105969
480 32 tid 105969
718 25 tid 105969
850 33 tid 105969
151 tid 105969
Remove  tid 105969
FindTargetPageId rootid 23 tid 105969
target_page_id id: 33 tid 105969
0 1 tid 105969
353 22 tid 105969
480 32 tid 105969
718 25 tid 105969
850 33 tid 105969
150 tid 105969
Remove  tid 105969
FindTargetPageId rootid 23 tid 105969
target_page_id id: 33 tid 105969
0 1 tid 105969
353 22 tid 105969
480 32 tid 105969
718 25 tid 105969
850 33 tid 105969
149 tid 105969
Remove  tid 105969
FindTargetPageId rootid 23 tid 105969
target_page_id id: 33 tid 105969
0 1 tid 105969
353 22 tid 105969
480 32 tid 105969
718 25 tid 105969
850 33 tid 105969
148 tid 105969
Remove  tid 105969
FindTargetPageId rootid 23 tid 105969
target_page_id id: 33 tid 105969
0 1 tid 105969
353 22 tid 105969
480 32 tid 105969
718 25 tid 105969
850 33 tid 105969
147 tid 105969
Remove  tid 105969
FindTargetPageId rootid 23 tid 105969
target_page_id id: 33 tid 105969
0 1 tid 105969
353 22 tid 105969
480 32 tid 105969
718 25 tid 105969
850 33 tid 105969
146 tid 105969
Remove  tid 105969
FindTargetPageId rootid 23 tid 105969
target_page_id id: 33 tid 105969
0 1 tid 105969
353 22 tid 105969
480 32 tid 105969
718 25 tid 105969
850 33 tid 105969
145 tid 105969
Remove  tid 105969
FindTargetPageId rootid 23 tid 105970
target_page_id id: 33 tid 105970
0 1 tid 105970
353 22 tid 105970
480 32 tid 105970
718 25 tid 105970
850 33 tid 105970
144 tid 105970
Insert  tid 105970
FindTargetPageId rootid 23 tid 105970
target_page_id id: 33 tid 105970
0 1 tid 105970
353 22 tid 105970
480 32 tid 105970
718 25 tid 105970
850 33 tid 105970
145 tid 105970
Insert  tid 105970
FindTargetPageId rootid 23 tid 105969
target_page_id id: 33 tid 105969
0 1 tid 105969
353 22 tid 105969
480 32 tid 105969
718 25 tid 105969
850 33 tid 105969
146 tid 105969
Remove  tid 105969
FindTargetPageId rootid 23 tid 105969
target_page_id id: 33 tid 105969
0 1 tid 105969
353 22 tid 105969
480 32 tid 105969
718 25 tid 105969
850 33 tid 105969
145 tid 105969
Remove  tid 105969
FindTargetPageId rootid 23 tid 105970
target_page_id id: 33 tid 105970
0 1 tid 105970
353 22 tid 105970
480 32 tid 105970
718 25 tid 105970
850 33 tid 105970
144 tid 105970
Insert  tid 105970
FindTargetPageId rootid 23 tid 105969
target_page_id id: 33 tid 105969
0 1 tid 105969
353 22 tid 105969
480 32 tid 105969
718 25 tid 105969
850 33 tid 105969
145 tid 105969
Remove  tid 105969
FindTargetPageId rootid 23 tid 105969
target_page_id id: 33 tid 105969
0 1 tid 105969
353 22 tid 105969
480 32 tid 105969
718 25 tid 105969
850 33 tid 105969
144 tid 105969
Remove  tid 105969
FindTargetPageId rootid 23 tid 105970
target_page_id id: 33 tid 105970
0 1 tid 105970
353 22 tid 105970
480 32 tid 105970
718 25 tid 105970
850 33 tid 105970
143 tid 105970
Insert  tid 105970
FindTargetPageId rootid 23 tid 105969
target_page_id id: 33 tid 105969
0 1 tid 105969
353 22 tid 105969
480 32 tid 105969
718 25 tid 105969
850 33 tid 105969
144 tid 105969
Remove  tid 105969
FindTargetPageId rootid 23 tid 105970
target_page_id id: 33 tid 105970
0 1 tid 105970
353 22 tid 105970
480 32 tid 105970
718 25 tid 105970
850 33 tid 105970
143 tid 105970
Insert  tid 105970
FindTargetPageId rootid 23 tid 105969
target_page_id id: 33 tid 105969
0 1 tid 105969
353 22 tid 105969
480 32 tid 105969
718 25 tid 105969
850 33 tid 105969
144 tid 105969
Remove  tid 105969
FindTargetPageId rootid 23 tid 105969
target_page_id id: 33 tid 105969
0 1 tid 105969
353 22 tid 105969
480 32 tid 105969
718 25 tid 105969
850 33 tid 105969
143 tid 105969
Remove  tid 105969
FindTargetPageId rootid 23 tid 105969
target_page_id id: 33 tid 105969
0 1 tid 105969
353 22 tid 105969
480 32 tid 105969
718 25 tid 105969
850 33 tid 105969
142 tid 105969
Remove  tid 105969
FindTargetPageId rootid 23 tid 105969
target_page_id id: 33 tid 105969
0 1 tid 105969
353 22 tid 105969
480 32 tid 105969
718 25 tid 105969
850 33 tid 105969
141 tid 105969
Remove  tid 105969
FindTargetPageId rootid 23 tid 105970
target_page_id id: 33 tid 105970
0 1 tid 105970
353 22 tid 105970
480 32 tid 105970
718 25 tid 105970
850 33 tid 105970
140 tid 105970
Insert  tid 105970
FindTargetPageId rootid 23 tid 105969
target_page_id id: 33 tid 105969
0 1 tid 105969
353 22 tid 105969
480 32 tid 105969
718 25 tid 105969
850 33 tid 105969
141 tid 105969
Remove  tid 105969
FindTargetPageId rootid 23 tid 105969
target_page_id id: 33 tid 105969
0 1 tid 105969
353 22 tid 105969
480 32 tid 105969
718 25 tid 105969
850 33 tid 105969
140 tid 105969
Remove  tid 105969
FindTargetPageId rootid 23 tid 105969
target_page_id id: 33 tid 105969
0 1 tid 105969
353 22 tid 105969
480 32 tid 105969
718 25 tid 105969
850 33 tid 105969
139 tid 105969
Remove  tid 105969
FindTargetPageId rootid 23 tid 105969
target_page_id id: 33 tid 105969
0 1 tid 105969
353 22 tid 105969
480 32 tid 105969
718 25 tid 105969
850 33 tid 105969
138 tid 105969
Remove  tid 105969
FindTargetPageId rootid 23 tid 105970
target_page_id id: 33 tid 105970
0 1 tid 105970
353 22 tid 105970
480 32 tid 105970
718 25 tid 105970
850 33 tid 105970
137 tid 105970
Insert  tid 105970
FindTargetPageId rootid 23 tid 105969
target_page_id id: 33 tid 105969
0 1 tid 105969
353 22 tid 105969
480 32 tid 105969
718 25 tid 105969
850 33 tid 105969
138 tid 105969
Remove  tid 105969
FindTargetPageId rootid 23 tid 105969
target_page_id id: 33 tid 105969
0 1 tid 105969
353 22 tid 105969
480 32 tid 105969
718 25 tid 105969
850 33 tid 105969
137 tid 105969
Remove  tid 105969
FindTargetPageId rootid 23 tid 105969
target_page_id id: 33 tid 105969
0 1 tid 105969
353 22 tid 105969
480 32 tid 105969
718 25 tid 105969
850 33 tid 105969
136 tid 105969
Remove  tid 105969
FindTargetPageId rootid 23 tid 105970
target_page_id id: 33 tid 105970
0 1 tid 105970
353 22 tid 105970
480 32 tid 105970
718 25 tid 105970
850 33 tid 105970
135 tid 105970
Insert  tid 105970
FindTargetPageId rootid 23 tid 105969
target_page_id id: 33 tid 105969
0 1 tid 105969
353 22 tid 105969
480 32 tid 105969
718 25 tid 105969
850 33 tid 105969
136 tid 105969
Remove  tid 105969
FindTargetPageId rootid 23 tid 105970
target_page_id id: 33 tid 105970
0 1 tid 105970
353 22 tid 105970
480 32 tid 105970
718 25 tid 105970
850 33 tid 105970
135 tid 105970
Insert  tid 105970
FindTargetPageId rootid 23 tid 105970
target_page_id id: 33 tid 105970
0 1 tid 105970
353 22 tid 105970
480 32 tid 105970
718 25 tid 105970
850 33 tid 105970
136 tid 105970
Insert  tid 105970
FindTargetPageId rootid 23 tid 105970
target_page_id id: 33 tid 105970
0 1 tid 105970
353 22 tid 105970
480 32 tid 105970
718 25 tid 105970
850 33 tid 105970
137 tid 105970
Insert  tid 105970
FindTargetPageId rootid 23 tid 105969
target_page_id id: 33 tid 105969
0 1 tid 105969
353 22 tid 105969
480 32 tid 105969
718 25 tid 105969
850 33 tid 105969
138 tid 105969
Remove  tid 105969
FindTargetPageId rootid 23 tid 105970
target_page_id id: 33 tid 105970
0 1 tid 105970
353 22 tid 105970
480 32 tid 105970
718 25 tid 105970
850 33 tid 105970
137 tid 105970
Insert  tid 105970
FindTargetPageId rootid 23 tid 105970
target_page_id id: 33 tid 105970
0 1 tid 105970
353 22 tid 105970
480 32 tid 105970
718 25 tid 105970
850 33 tid 105970
138 tid 105970
Insert  tid 105970
FindTargetPageId rootid 23 tid 105970
target_page_id id: 33 tid 105970
0 1 tid 105970
353 22 tid 105970
480 32 tid 105970
718 25 tid 105970
850 33 tid 105970
139 tid 105970
Insert  tid 105970
FindTargetPageId rootid 23 tid 105969
target_page_id id: 33 tid 105969
0 1 tid 105969
353 22 tid 105969
480 32 tid 105969
718 25 tid 105969
850 33 tid 105969
140 tid 105969
Remove  tid 105969
FindTargetPageId rootid 23 tid 105969
target_page_id id: 33 tid 105969
0 1 tid 105969
353 22 tid 105969
480 32 tid 105969
718 25 tid 105969
850 33 tid 105969
139 tid 105969
Remove  tid 105969
FindTargetPageId rootid 23 tid 105969
target_page_id id: 33 tid 105969
0 1 tid 105969
353 22 tid 105969
480 32 tid 105969
718 25 tid 105969
850 33 tid 105969
138 tid 105969
Remove  tid 105969
FindTargetPageId rootid 23 tid 105969
target_page_id id: 33 tid 105969
0 1 tid 105969
353 22 tid 105969
480 32 tid 105969
718 25 tid 105969
850 33 tid 105969
137 tid 105969
Remove  tid 105969
FindTargetPageId rootid 23 tid 105969
target_page_id id: 33 tid 105969
0 1 tid 105969
353 22 tid 105969
480 32 tid 105969
718 25 tid 105969
850 33 tid 105969
136 tid 105969
Remove  tid 105969
FindTargetPageId rootid 23 tid 105969
target_page_id id: 33 tid 105969
0 1 tid 105969
353 22 tid 105969
480 32 tid 105969
718 25 tid 105969
850 33 tid 105969
135 tid 105969
Remove  tid 105969
FindTargetPageId rootid 23 tid 105969
target_page_id id: 33 tid 105969
0 1 tid 105969
353 22 tid 105969
480 32 tid 105969
718 25 tid 105969
850 33 tid 105969
134 tid 105969
Remove  tid 105969
FindTargetPageId rootid 23 tid 105969
target_page_id id: 33 tid 105969
0 1 tid 105969
353 22 tid 105969
480 32 tid 105969
718 25 tid 105969
850 33 tid 105969
133 tid 105969
Remove  tid 105969
FindTargetPageId rootid 23 tid 105969
target_page_id id: 33 tid 105969
0 1 tid 105969
353 22 tid 105969
480 32 tid 105969
718 25 tid 105969
850 33 tid 105969
132 tid 105969
Remove  tid 105969
FindTargetPageId rootid 23 tid 105969
target_page_id id: 33 tid 105969
0 1 tid 105969
353 22 tid 105969
480 32 tid 105969
718 25 tid 105969
850 33 tid 105969
131 tid 105969
Remove  tid 105969
FindTargetPageId rootid 23 tid 105969
target_page_id id: 33 tid 105969
0 1 tid 105969
353 22 tid 105969
480 32 tid 105969
718 25 tid 105969
850 33 tid 105969
130 tid 105969
Remove  tid 105969
FindTargetPageId rootid 23 tid 105969
target_page_id id: 33 tid 105969
0 1 tid 105969
353 22 tid 105969
480 32 tid 105969
718 25 tid 105969
850 33 tid 105969
129 tid 105969
Remove  tid 105969
FindTargetPageId rootid 23 tid 105970
target_page_id id: 33 tid 105970
0 1 tid 105970
353 22 tid 105970
480 32 tid 105970
718 25 tid 105970
850 33 tid 105970
128 tid 105970
Insert  tid 105970
FindTargetPageId rootid 23 tid 105969
target_page_id id: 33 tid 105969
0 1 tid 105969
353 22 tid 105969
480 32 tid 105969
718 25 tid 105969
850 33 tid 105969
129 tid 105969
Remove  tid 105969
FindTargetPageId rootid 23 tid 105970
target_page_id id: 33 tid 105970
0 1 tid 105970
353 22 tid 105970
480 32 tid 105970
718 25 tid 105970
850 33 tid 105970
128 tid 105970
Insert  tid 105970
FindTargetPageId rootid 23 tid 105969
target_page_id id: 33 tid 105969
0 1 tid 105969
353 22 tid 105969
480 32 tid 105969
718 25 tid 105969
850 33 tid 105969
129 tid 105969
Remove  tid 105969
FindTargetPageId rootid 23 tid 105969
target_page_id id: 33 tid 105969
0 1 tid 105969
353 22 tid 105969
480 32 tid 105969
718 25 tid 105969
850 33 tid 105969
128 tid 105969
Remove  tid 105969
FindTargetPageId rootid 23 tid 105970
target_page_id id: 33 tid 105970
0 1 tid 105970
353 22 tid 105970
480 32 tid 105970
718 25 tid 105970
850 33 tid 105970
127 tid 105970
Insert  tid 105970
FindTargetPageId rootid 23 tid 105969
target_page_id id: 33 tid 105969
0 1 tid 105969
353 22 tid 105969
480 32 tid 105969
718 25 tid 105969
850 33 tid 105969
128 tid 105969
Remove  tid 105969
FindTargetPageId rootid 23 tid 105970
target_page_id id: 33 tid 105970
0 1 tid 105970
353 22 tid 105970
480 32 tid 105970
718 25 tid 105970
850 33 tid 105970
127 tid 105970
Insert  tid 105970
FindTargetPageId rootid 23 tid 105969
target_page_id id: 33 tid 105969
0 1 tid 105969
353 22 tid 105969
480 32 tid 105969
718 25 tid 105969
850 33 tid 105969
128 tid 105969
Remove  tid 105969
FindTargetPageId rootid 23 tid 105970
target_page_id id: 33 tid 105970
0 1 tid 105970
353 22 tid 105970
480 32 tid 105970
718 25 tid 105970
850 33 tid 105970
127 tid 105970
Insert  tid 105970
FindTargetPageId rootid 23 tid 105970
target_page_id id: 33 tid 105970
0 1 tid 105970
353 22 tid 105970
480 32 tid 105970
718 25 tid 105970
850 33 tid 105970
128 tid 105970
Insert  tid 105970
FindTargetPageId rootid 23 tid 105970
target_page_id id: 33 tid 105970
0 1 tid 105970
353 22 tid 105970
480 32 tid 105970
718 25 tid 105970
850 33 tid 105970
129 tid 105970
Insert  tid 105970
FindTargetPageId rootid 23 tid 105969
target_page_id id: 33 tid 105969
0 1 tid 105969
353 22 tid 105969
480 32 tid 105969
718 25 tid 105969
850 33 tid 105969
130 tid 105969
Remove  tid 105969
FindTargetPageId rootid 23 tid 105970
target_page_id id: 33 tid 105970
0 1 tid 105970
353 22 tid 105970
480 32 tid 105970
718 25 tid 105970
850 33 tid 105970
129 tid 105970
Insert  tid 105970
FindTargetPageId rootid 23 tid 105969
target_page_id id: 33 tid 105969
0 1 tid 105969
353 22 tid 105969
480 32 tid 105969
718 25 tid 105969
850 33 tid 105969
130 tid 105969
Remove  tid 105969
FindTargetPageId rootid 23 tid 105970
target_page_id id: 33 tid 105970
0 1 tid 105970
353 22 tid 105970
480 32 tid 105970
718 25 tid 105970
850 33 tid 105970
129 tid 105970
Insert  tid 105970
FindTargetPageId rootid 23 tid 105969
target_page_id id: 33 tid 105969
0 1 tid 105969
353 22 tid 105969
480 32 tid 105969
718 25 tid 105969
850 33 tid 105969
130 tid 105969
Remove  tid 105969
FindTargetPageId rootid 23 tid 105969
target_page_id id: 33 tid 105969
0 1 tid 105969
353 22 tid 105969
480 32 tid 105969
718 25 tid 105969
850 33 tid 105969
129 tid 105969
Remove  tid 105969
FindTargetPageId rootid 23 tid 105969
target_page_id id: 33 tid 105969
0 1 tid 105969
353 22 tid 105969
480 32 tid 105969
718 25 tid 105969
850 33 tid 105969
128 tid 105969
Remove  tid 105969
FindTargetPageId rootid 23 tid 105969
target_page_id id: 33 tid 105969
0 1 tid 105969
353 22 tid 105969
480 32 tid 105969
718 25 tid 105969
850 33 tid 105969
127 tid 105969
Remove  tid 105969
FindTargetPageId rootid 23 tid 105969
target_page_id id: 33 tid 105969
0 1 tid 105969
353 22 tid 105969
480 32 tid 105969
718 25 tid 105969
849 33 tid 105969
127 tid 105969
Remove  tid 105969
FindTargetPageId rootid 23 tid 105969
target_page_id id: 33 tid 105969
0 1 tid 105969
353 22 tid 105969
480 32 tid 105969
718 25 tid 105969
848 33 tid 105969
127 tid 105969
Remove  tid 105969
FindTargetPageId rootid 23 tid 105969
target_page_id id: 33 tid 105969
0 1 tid 105969
353 22 tid 105969
480 32 tid 105969
718 25 tid 105969
847 33 tid 105969
127 tid 105969
Remove  tid 105969
FindTargetPageId rootid 23 tid 105969
target_page_id id: 33 tid 105969
0 1 tid 105969
353 22 tid 105969
480 32 tid 105969
718 25 tid 105969
846 33 tid 105969
127 tid 105969
Remove  tid 105969
FindTargetPageId rootid 23 tid 105969
target_page_id id: 25 tid 105969
0 1 tid 105969
353 22 tid 105969
480 32 tid 105969
718 25 tid 105969
254 tid 105969
Remove  tid 105969
FindTargetPageId rootid 23 tid 105969
target_page_id id: 25 tid 105969
0 1 tid 105969
353 22 tid 105969
480 32 tid 105969
718 25 tid 105969
253 tid 105969
Remove  tid 105969
FindTargetPageId rootid 23 tid 105969
target_page_id id: 25 tid 105969
0 1 tid 105969
353 22 tid 105969
480 32 tid 105969
718 25 tid 105969
252 tid 105969
Remove  tid 105969
FindTargetPageId rootid 23 tid 105969
target_page_id id: 25 tid 105969
0 1 tid 105969
353 22 tid 105969
480 32 tid 105969
718 25 tid 105969
251 tid 105969
Remove  tid 105969
FindTargetPageId rootid 23 tid 105969
target_page_id id: 25 tid 105969
0 1 tid 105969
353 22 tid 105969
480 32 tid 105969
718 25 tid 105969
250 tid 105969
Remove  tid 105969
FindTargetPageId rootid 23 tid 105969
target_page_id id: 25 tid 105969
0 1 tid 105969
353 22 tid 105969
480 32 tid 105969
718 25 tid 105969
249 tid 105969
Remove  tid 105969
FindTargetPageId rootid 23 tid 105969
target_page_id id: 25 tid 105969
0 1 tid 105969
353 22 tid 105969
480 32 tid 105969
718 25 tid 105969
248 tid 105969
Remove  tid 105969
FindTargetPageId rootid 23 tid 105970
target_page_id id: 25 tid 105970
0 1 tid 105970
353 22 tid 105970
480 32 tid 105970
718 25 tid 105970
247 tid 105970
Insert  tid 105970
FindTargetPageId rootid 23 tid 105969
target_page_id id: 25 tid 105969
0 1 tid 105969
353 22 tid 105969
480 32 tid 105969
718 25 tid 105969
248 tid 105969
Remove  tid 105969
FindTargetPageId rootid 23 tid 105970
target_page_id id: 25 tid 105970
0 1 tid 105970
353 22 tid 105970
480 32 tid 105970
718 25 tid 105970
247 tid 105970
Insert  tid 105970
FindTargetPageId rootid 23 tid 105970
target_page_id id: 25 tid 105970
0 1 tid 105970
353 22 tid 105970
480 32 tid 105970
718 25 tid 105970
248 tid 105970
Insert  tid 105970
FindTargetPageId rootid 23 tid 105970
target_page_id id: 25 tid 105970
0 1 tid 105970
353 22 tid 105970
480 32 tid 105970
718 25 tid 105970
249 tid 105970
Insert  tid 105970
FindTargetPageId rootid 23 tid 105970
target_page_id id: 25 tid 105970
0 1 tid 105970
353 22 tid 105970
480 32 tid 105970
718 25 tid 105970
250 tid 105970
Insert  tid 105970
FindTargetPageId rootid 23 tid 105970
target_page_id id: 25 tid 105970
0 1 tid 105970
353 22 tid 105970
480 32 tid 105970
718 25 tid 105970
251 tid 105970
Insert  tid 105970
FindTargetPageId rootid 23 tid 105970
target_page_id id: 25 tid 105970
0 1 tid 105970
353 22 tid 105970
480 32 tid 105970
718 25 tid 105970
252 tid 105970
Insert  tid 105970
FindTargetPageId rootid 23 tid 105969
target_page_id id: 25 tid 105969
0 1 tid 105969
353 22 tid 105969
480 32 tid 105969
718 25 tid 105969
253 tid 105969
Remove  tid 105969
FindTargetPageId rootid 23 tid 105969
target_page_id id: 25 tid 105969
0 1 tid 105969
353 22 tid 105969
480 32 tid 105969
718 25 tid 105969
252 tid 105969
Remove  tid 105969
FindTargetPageId rootid 23 tid 105969
target_page_id id: 25 tid 105969
0 1 tid 105969
353 22 tid 105969
480 32 tid 105969
718 25 tid 105969
251 tid 105969
Remove  tid 105969
FindTargetPageId rootid 23 tid 105969
target_page_id id: 25 tid 105969
0 1 tid 105969
353 22 tid 105969
480 32 tid 105969
718 25 tid 105969
250 tid 105969
Remove  tid 105969
FindTargetPageId rootid 23 tid 105969
target_page_id id: 25 tid 105969
0 1 tid 105969
353 22 tid 105969
480 32 tid 105969
718 25 tid 105969
249 tid 105969
Remove  tid 105969
FindTargetPageId rootid 23 tid 105969
target_page_id id: 25 tid 105969
0 1 tid 105969
353 22 tid 105969
480 32 tid 105969
718 25 tid 105969
248 tid 105969
Remove  tid 105969
FindTargetPageId rootid 23 tid 105969
target_page_id id: 25 tid 105969
0 1 tid 105969
353 22 tid 105969
480 32 tid 105969
718 25 tid 105969
247 tid 105969
Remove  tid 105969
FindTargetPageId rootid 23 tid 105969
target_page_id id: 25 tid 105969
0 1 tid 105969
353 22 tid 105969
480 32 tid 105969
718 25 tid 105969
246 tid 105969
Remove  tid 105969
FindTargetPageId rootid 23 tid 105970
target_page_id id: 25 tid 105970
0 1 tid 105970
353 22 tid 105970
480 32 tid 105970
718 25 tid 105970
245 tid 105970
Insert  tid 105970
FindTargetPageId rootid 23 tid 105969
target_page_id id: 25 tid 105969
0 1 tid 105969
353 22 tid 105969
480 32 tid 105969
718 25 tid 105969
246 tid 105969
Remove  tid 105969
FindTargetPageId rootid 23 tid 105969
target_page_id id: 25 tid 105969
0 1 tid 105969
353 22 tid 105969
480 32 tid 105969
718 25 tid 105969
245 tid 105969
Remove  tid 105969
FindTargetPageId rootid 23 tid 105969
target_page_id id: 25 tid 105969
0 1 tid 105969
353 22 tid 105969
480 32 tid 105969
718 25 tid 105969
244 tid 105969
Remove  tid 105969
FindTargetPageId rootid 23 tid 105969
target_page_id id: 25 tid 105969
0 1 tid 105969
353 22 tid 105969
480 32 tid 105969
718 25 tid 105969
243 tid 105969
Remove  tid 105969
FindTargetPageId rootid 23 tid 105969
target_page_id id: 25 tid 105969
0 1 tid 105969
353 22 tid 105969
480 32 tid 105969
718 25 tid 105969
242 tid 105969
Remove  tid 105969
FindTargetPageId rootid 23 tid 105970
target_page_id id: 25 tid 105970
0 1 tid 105970
353 22 tid 105970
480 32 tid 105970
718 25 tid 105970
241 tid 105970
Insert  tid 105970
FindTargetPageId rootid 23 tid 105970
target_page_id id: 25 tid 105970
0 1 tid 105970
353 22 tid 105970
480 32 tid 105970
718 25 tid 105970
242 tid 105970
Insert  tid 105970
FindTargetPageId rootid 23 tid 105970
target_page_id id: 25 tid 105970
0 1 tid 105970
353 22 tid 105970
480 32 tid 105970
718 25 tid 105970
243 tid 105970
Insert  tid 105970
FindTargetPageId rootid 23 tid 105970
target_page_id id: 25 tid 105970
0 1 tid 105970
353 22 tid 105970
480 32 tid 105970
718 25 tid 105970
244 tid 105970
Insert  tid 105970
FindTargetPageId rootid 23 tid 105969
target_page_id id: 25 tid 105969
0 1 tid 105969
353 22 tid 105969
480 32 tid 105969
718 25 tid 105969
245 tid 105969
Remove  tid 105969
FindTargetPageId rootid 23 tid 105970
target_page_id id: 25 tid 105970
0 1 tid 105970
353 22 tid 105970
480 32 tid 105970
718 25 tid 105970
244 tid 105970
Insert  tid 105970
FindTargetPageId rootid 23 tid 105969
target_page_id id: 25 tid 105969
0 1 tid 105969
353 22 tid 105969
480 32 tid 105969
718 25 tid 105969
245 tid 105969
Remove  tid 105969
FindTargetPageId rootid 23 tid 105969
target_page_id id: 25 tid 105969
0 1 tid 105969
353 22 tid 105969
480 32 tid 105969
718 25 tid 105969
244 tid 105969
Remove  tid 105969
FindTargetPageId rootid 23 tid 105969
target_page_id id: 25 tid 105969
0 1 tid 105969
353 22 tid 105969
480 32 tid 105969
718 25 tid 105969
243 tid 105969
Remove  tid 105969
FindTargetPageId rootid 23 tid 105969
target_page_id id: 25 tid 105969
0 1 tid 105969
353 22 tid 105969
480 32 tid 105969
718 25 tid 105969
242 tid 105969
Remove  tid 105969
FindTargetPageId rootid 23 tid 105970
target_page_id id: 25 tid 105970
0 1 tid 105970
353 22 tid 105970
480 32 tid 105970
718 25 tid 105970
241 tid 105970
Insert  tid 105970
FindTargetPageId rootid 23 tid 105969
target_page_id id: 25 tid 105969
0 1 tid 105969
353 22 tid 105969
480 32 tid 105969
718 25 tid 105969
242 tid 105969
FindTargetPageId rootid 23 tid 105970
target_page_id id: 25 tid 105970
0 1 tid 105970
353 22 tid 105970
480 32 tid 105970
718 25 tid 105970
241 tid 105970
Insert  tid 105970
FindTargetPageId rootid 23 tid 105970
target_page_id id: 25 tid 105970
0 1 tid 105970
353 22 tid 105970
480 32 tid 105970
718 25 tid 105970
242 tid 105970
Insert  tid 105970
FindTargetPageId rootid 23 tid 105970
target_page_id id: 25 tid 105970
0 1 tid 105970
353 22 tid 105970
480 32 tid 105970
718 25 tid 105970
243 tid 105970
Insert  tid 105970
FindTargetPageId rootid 23 tid 105970
target_page_id id: 25 tid 105970
0 1 tid 105970
353 22 tid 105970
480 32 tid 105970
718 25 tid 105970
244 tid 105970
Insert  tid 105970
FindTargetPageId rootid 23 tid 105970
target_page_id id: 25 tid 105970
0 1 tid 105970
353 22 tid 105970
480 32 tid 105970
718 25 tid 105970
245 tid 105970
Insert  tid 105970
FindTargetPageId rootid 23 tid 105970
target_page_id id: 25 tid 105970
0 1 tid 105970
353 22 tid 105970
480 32 tid 105970
718 25 tid 105970
246 tid 105970
Insert  tid 105970
FindTargetPageId rootid 23 tid 105970
target_page_id id: 25 tid 105970
0 1 tid 105970
353 22 tid 105970
480 32 tid 105970
718 25 tid 105970
247 tid 105970
Insert  tid 105970
FindTargetPageId rootid 23 tid 105970
target_page_id id: 25 tid 105970
0 1 tid 105970
353 22 tid 105970
480 32 tid 105970
718 25 tid 105970
248 tid 105970
Insert  tid 105970
FindTargetPageId rootid 23 tid 105970
target_page_id id: 25 tid 105970
0 1 tid 105970
353 22 tid 105970
480 32 tid 105970
718 25 tid 105970
249 tid 105970
Insert  tid 105970
FindTargetPageId rootid 23 tid 105970
target_page_id id: 25 tid 105970
0 1 tid 105970
353 22 tid 105970
480 32 tid 105970
718 25 tid 105970
250 tid 105970
Insert  tid 105970
FindTargetPageId rootid 23 tid 105970
target_page_id id: 25 tid 105970
0 1 tid 105970
353 22 tid 105970
480 32 tid 105970
718 25 tid 105970
251 tid 105970
Insert  tid 105970
FindTargetPageId rootid 23 tid 105970
target_page_id id: 25 tid 105970
0 1 tid 105970
353 22 tid 105970
480 32 tid 105970
718 25 tid 105970
252 tid 105970
Insert  tid 105970
FindTargetPageId rootid 23 tid 105970
target_page_id id: 25 tid 105970
0 1 tid 105970
353 22 tid 105970
480 32 tid 105970
718 25 tid 105970
253 tid 105970
Insert  tid 105970
FindTargetPageId rootid 23 tid 105970
target_page_id id: 25 tid 105970
0 1 tid 105970
353 22 tid 105970
480 32 tid 105970
718 25 tid 105970
254 tid 105970
Insert  tid 105970
FindTargetPageId rootid 23 tid 105970
target_page_id id: 34 tid 105970
0 1 tid 105970
353 22 tid 105970
480 32 tid 105970
718 25 tid 105970
845 34 tid 105970
128 tid 105970
Insert  tid 105970
FindTargetPageId rootid 23 tid 105970
target_page_id id: 34 tid 105970
0 1 tid 105970
353 22 tid 105970
480 32 tid 105970
718 25 tid 105970
845 34 tid 105970
129 tid 105970
Insert  tid 105970
FindTargetPageId rootid 23 tid 105970
target_page_id id: 34 tid 105970
0 1 tid 105970
353 22 tid 105970
480 32 tid 105970
718 25 tid 105970
845 34 tid 105970
130 tid 105970
Insert  tid 105970
FindTargetPageId rootid 23 tid 105970
target_page_id id: 34 tid 105970
0 1 tid 105970
353 22 tid 105970
480 32 tid 105970
718 25 tid 105970
845 34 tid 105970
131 tid 105970
Insert  tid 105970
FindTargetPageId rootid 23 tid 105970
target_page_id id: 34 tid 105970
0 1 tid 105970
353 22 tid 105970
480 32 tid 105970
718 25 tid 105970
845 34 tid 105970
132 tid 105970
Insert  tid 105970
FindTargetPageId rootid 23 tid 105970
target_page_id id: 34 tid 105970
0 1 tid 105970
353 22 tid 105970
480 32 tid 105970
718 25 tid 105970
845 34 tid 105970
133 tid 105970
Insert  tid 105970
FindTargetPageId rootid 23 tid 105970
target_page_id id: 34 tid 105970
0 1 tid 105970
353 22 tid 105970
480 32 tid 105970
718 25 tid 105970
845 34 tid 105970
134 tid 105970
Insert  tid 105970
FindTargetPageId rootid 23 tid 105970
target_page_id id: 34 tid 105970
0 1 tid 105970
353 22 tid 105970
480 32 tid 105970
718 25 tid 105970
845 34 tid 105970
135 tid 105970
Insert  tid 105970
FindTargetPageId rootid 23 tid 105970
target_page_id id: 34 tid 105970
0 1 tid 105970
353 22 tid 105970
480 32 tid 105970
718 25 tid 105970
845 34 tid 105970
136 tid 105970
Insert  tid 105970
FindTargetPageId rootid 23 tid 105970
target_page_id id: 34 tid 105970
0 1 tid 105970
353 22 tid 105970
480 32 tid 105970
718 25 tid 105970
845 34 tid 105970
137 tid 105970
Insert  tid 105970
FindTargetPageId rootid 23 tid 105970
target_page_id id: 34 tid 105970
0 1 tid 105970
353 22 tid 105970
480 32 tid 105970
718 25 tid 105970
845 34 tid 105970
138 tid 105970
Insert  tid 105970
FindTargetPageId rootid 23 tid 105970
target_page_id id: 34 tid 105970
0 1 tid 105970
353 22 tid 105970
480 32 tid 105970
718 25 tid 105970
845 34 tid 105970
139 tid 105970
Insert  tid 105970
FindTargetPageId rootid 23 tid 105970
target_page_id id: 34 tid 105970
0 1 tid 105970
353 22 tid 105970
480 32 tid 105970
718 25 tid 105970
845 34 tid 105970
140 tid 105970
Insert  tid 105970
FindTargetPageId rootid 23 tid 105970
target_page_id id: 34 tid 105970
0 1 tid 105970
353 22 tid 105970
480 32 tid 105970
718 25 tid 105970
845 34 tid 105970
141 tid 105970
Insert  tid 105970
FindTargetPageId rootid 23 tid 105970
target_page_id id: 34 tid 105970
0 1 tid 105970
353 22 tid 105970
480 32 tid 105970
718 25 tid 105970
845 34 tid 105970
142 tid 105970
Insert  tid 105970
FindTargetPageId rootid 23 tid 105970
target_page_id id: 34 tid 105970
0 1 tid 105970
353 22 tid 105970
480 32 tid 105970
718 25 tid 105970
845 34 tid 105970
143 tid 105970
Insert  tid 105970
FindTargetPageId rootid 23 tid 105970
target_page_id id: 34 tid 105970
0 1 tid 105970
353 22 tid 105970
480 32 tid 105970
718 25 tid 105970
845 34 tid 105970
144 tid 105970
Insert  tid 105970
FindTargetPageId rootid 23 tid 105970
target_page_id id: 34 tid 105970
0 1 tid 105970
353 22 tid 105970
480 32 tid 105970
718 25 tid 105970
845 34 tid 105970
145 tid 105970
Insert  tid 105970
FindTargetPageId rootid 23 tid 105970
target_page_id id: 34 tid 105970
0 1 tid 105970
353 22 tid 105970
480 32 tid 105970
718 25 tid 105970
845 34 tid 105970
146 tid 105970
Insert  tid 105970
FindTargetPageId rootid 23 tid 105970
target_page_id id: 34 tid 105970
0 1 tid 105970
353 22 tid 105970
480 32 tid 105970
718 25 tid 105970
845 34 tid 105970
147 tid 105970
Insert  tid 105970
FindTargetPageId rootid 23 tid 105970
target_page_id id: 34 tid 105970
0 1 tid 105970
353 22 tid 105970
480 32 tid 105970
718 25 tid 105970
845 34 tid 105970
148 tid 105970
Insert  tid 105970
FindTargetPageId rootid 23 tid 105970
target_page_id id: 34 tid 105970
0 1 tid 105970
353 22 tid 105970
480 32 tid 105970
718 25 tid 105970
845 34 tid 105970
149 tid 105970
Insert  tid 105970
FindTargetPageId rootid 23 tid 105970
target_page_id id: 34 tid 105970
0 1 tid 105970
353 22 tid 105970
480 32 tid 105970
718 25 tid 105970
845 34 tid 105970
150 tid 105970
Insert  tid 105970
FindTargetPageId rootid 23 tid 105970
target_page_id id: 34 tid 105970
0 1 tid 105970
353 22 tid 105970
480 32 tid 105970
718 25 tid 105970
845 34 tid 105970
151 tid 105970
Insert  tid 105970
FindTargetPageId rootid 23 tid 105970
target_page_id id: 34 tid 105970
0 1 tid 105970
353 22 tid 105970
480 32 tid 105970
718 25 tid 105970
845 34 tid 105970
152 tid 105970
Insert  tid 105970
FindTargetPageId rootid 23 tid 105970
target_page_id id: 34 tid 105970
0 1 tid 105970
353 22 tid 105970
480 32 tid 105970
718 25 tid 105970
845 34 tid 105970
153 tid 105970
leaf_max_size 254
Insert  tid 105929
Insert  tid 105929
new root page id: 1 tid 105929
Insert  tid 105929
FindTargetPageId rootid 1 tid 105929
1 tid 105929
Insert  tid 105929
FindTargetPageId rootid 1 tid 105929
2 tid 105929
Insert  tid 105929
FindTargetPageId rootid 1 tid 105929
3 tid 105929
Insert  tid 105929
FindTargetPageId rootid 1 tid 105929
4 tid 105929
Insert  tid 105929
FindTargetPageId rootid 1 tid 105929
5 tid 105929
Insert  tid 105929
FindTargetPageId rootid 1 tid 105929
6 tid 105929
Insert  tid 105929
FindTargetPageId rootid 1 tid 105929
7 tid 105929
Insert  tid 105929
FindTargetPageId rootid 1 tid 105929
8 tid 105929
Insert  tid 105929
FindTargetPageId rootid 1 tid 105929
9 tid 105929
Insert  tid 105929
FindTargetPageId rootid 1 tid 105929
10 tid 105929
Insert  tid 105929
FindTargetPageId rootid 1 tid 105929
11 tid 105929
Insert  tid 105929
FindTargetPageId rootid 1 tid 105929
12 tid 105929
Insert  tid 105929
FindTargetPageId rootid 1 tid 105929
13 tid 105929
Insert  tid 105929
FindTargetPageId rootid 1 tid 105929
14 tid 105929
Insert  tid 105929
FindTargetPageId rootid 1 tid 105929
15 tid 105929
Insert  tid 105929
FindTargetPageId rootid 1 tid 105929
16 tid 105929
Insert  tid 105929
FindTargetPageId rootid 1 tid 105929
17 tid 105929
Insert  tid 105929
FindTargetPageId rootid 1 tid 105929
18 tid 105929
Insert  tid 105929
FindTargetPageId rootid 1 tid 105929
19 tid 105929
Insert  tid 105929
FindTargetPageId rootid 1 tid 105929
20 tid 105929
Insert  tid 105929
FindTargetPageId rootid 1 tid 105929
21 tid 105929
Insert  tid 105929
FindTargetPageId rootid 1 tid 105929
22 tid 105929
Insert  tid 105929
FindTargetPageId rootid 1 tid 105929
23 tid 105929
Insert  tid 105929
FindTargetPageId rootid 1 tid 105929
24 tid 105929
Insert  tid 105929
FindTargetPageId rootid 1 tid 105929
25 tid 105929
Insert  tid 105929
FindTargetPageId rootid 1 tid 105929
26 tid 105929
Insert  tid 105929
FindTargetPageId rootid 1 tid 105929
27 tid 105929
Insert  tid 105929
FindTargetPageId rootid 1 tid 105929
28 tid 105929
Insert  tid 105929
FindTargetPageId rootid 1 tid 105929
29 tid 105929
Insert  tid 105929
FindTargetPageId rootid 1 tid 105929
30 tid 105929
Insert  tid 105929
FindTargetPageId rootid 1 tid 105929
31 tid 105929
Insert  tid 105929
FindTargetPageId rootid 1 tid 105929
32 tid 105929
Insert  tid 105929
FindTargetPageId rootid 1 tid 105929
33 tid 105929
Insert  tid 105929
FindTargetPageId rootid 1 tid 105929
34 tid 105929
Insert  tid 105929
FindTargetPageId rootid 1 tid 105929
35 tid 105929
Insert  tid 105929
FindTargetPageId rootid 1 tid 105929
36 tid 105929
Insert  tid 105929
FindTargetPageId rootid 1 tid 105929
37 tid 105929
Insert  tid 105929
FindTargetPageId rootid 1 tid 105929
38 tid 105929
Insert  tid 105929
FindTargetPageId rootid 1 tid 105929
39 tid 105929
Insert  tid 105929
FindTargetPageId rootid 1 tid 105929
40 tid 105929
Insert  tid 105929
FindTargetPageId rootid 1 tid 105929
41 tid 105929
Insert  tid 105929
FindTargetPageId rootid 1 tid 105929
42 tid 105929
Insert  tid 105929
FindTargetPageId rootid 1 tid 105929
43 tid 105929
Insert  tid 105929
FindTargetPageId rootid 1 tid 105929
44 tid 105929
Insert  tid 105929
FindTargetPageId rootid 1 tid 105929
45 tid 105929
Insert  tid 105929
FindTargetPageId rootid 1 tid 105929
46 tid 105929
Insert  tid 105929
FindTargetPageId rootid 1 tid 105929
47 tid 105929
Insert  tid 105929
FindTargetPageId rootid 1 tid 105929
48 tid 105929
Insert  tid 105929
FindTargetPageId rootid 1 tid 105929
49 tid 105929
Insert  tid 105929
FindTargetPageId rootid 1 tid 105929
50 tid 105929
Insert  tid 105929
FindTargetPageId rootid 1 tid 105929
51 tid 105929
Insert  tid 105929
FindTargetPageId rootid 1 tid 105929
52 tid 105929
Insert  tid 105929
FindTargetPageId rootid 1 tid 105929
53 tid 105929
Insert  tid 105929
FindTargetPageId rootid 1 tid 105929
54 tid 105929
Insert  tid 105929
FindTargetPageId rootid 1 tid 105929
55 tid 105929
Insert  tid 105929
FindTargetPageId rootid 1 tid 105929
56 tid 105929
Insert  tid 105929
FindTargetPageId rootid 1 tid 105929
57 tid 105929
Insert  tid 105929
FindTargetPageId rootid 1 tid 105929
58 tid 105929
Insert  tid 105929
FindTargetPageId rootid 1 tid 105929
59 tid 105929
Insert  tid 105929
FindTargetPageId rootid 1 tid 105929
60 tid 105929
Insert  tid 105929
FindTargetPageId rootid 1 tid 105929
61 tid 105929
Insert  tid 105929
FindTargetPageId rootid 1 tid 105929
62 tid 105929
Insert  tid 105929
FindTargetPageId rootid 1 tid 105929
63 tid 105929
Insert  tid 105929
FindTargetPageId rootid 1 tid 105929
64 tid 105929
Insert  tid 105929
FindTargetPageId rootid 1 tid 105929
65 tid 105929
Insert  tid 105929
FindTargetPageId rootid 1 tid 105929
66 tid 105929
Insert  tid 105929
FindTargetPageId rootid 1 tid 105929
67 tid 105929
Insert  tid 105929
FindTargetPageId rootid 1 tid 105929
68 tid 105929
Insert  tid 105929
FindTargetPageId rootid 1 tid 105929
69 tid 105929
Insert  tid 105929
FindTargetPageId rootid 1 tid 105929
70 tid 105929
Insert  tid 105929
FindTargetPageId rootid 1 tid 105929
71 tid 105929
Insert  tid 105929
FindTargetPageId rootid 1 tid 105929
72 tid 105929
Insert  tid 105929
FindTargetPageId rootid 1 tid 105929
73 tid 105929
Insert  tid 105929
FindTargetPageId rootid 1 tid 105929
74 tid 105929
Insert  tid 105929
FindTargetPageId rootid 1 tid 105929
75 tid 105929
Insert  tid 105929
FindTargetPageId rootid 1 tid 105929
76 tid 105929
Insert  tid 105929
FindTargetPageId rootid 1 tid 105929
77 tid 105929
Insert  tid 105929
FindTargetPageId rootid 1 tid 105929
78 tid 105929
Insert  tid 105929
FindTargetPageId rootid 1 tid 105929
79 tid 105929
Insert  tid 105929
FindTargetPageId rootid 1 tid 105929
80 tid 105929
Insert  tid 105929
FindTargetPageId rootid 1 tid 105929
81 tid 105929
Insert  tid 105929
FindTargetPageId rootid 1 tid 105929
82 tid 105929
Insert  tid 105929
FindTargetPageId rootid 1 tid 105929
83 tid 105929
Insert  tid 105929
FindTargetPageId rootid 1 tid 105929
84 tid 105929
Insert  tid 105929
FindTargetPageId rootid 1 tid 105929
85 tid 105929
Insert  tid 105929
FindTargetPageId rootid 1 tid 105929
86 tid 105929
Insert  tid 105929
FindTargetPageId rootid 1 tid 105929
87 tid 105929
Insert  tid 105929
FindTargetPageId rootid 1 tid 105929
88 tid 105929
Insert  tid 105929
FindTargetPageId rootid 1 tid 105929
89 tid 105929
Insert  tid 105929
FindTargetPageId rootid 1 tid 105929
90 tid 105929
Insert  tid 105929
FindTargetPageId rootid 1 tid 105929
91 tid 105929
Insert  tid 105929
FindTargetPageId rootid 1 tid 105929
92 tid 105929
Insert  tid 105929
FindTargetPageId rootid 1 tid 105929
93 tid 105929
Insert  tid 105929
FindTargetPageId rootid 1 tid 105929
94 tid 105929
Insert  tid 105929
FindTargetPageId rootid 1 tid 105929
95 tid 105929
Insert  tid 105929
FindTargetPageId rootid 1 tid 105929
96 tid 105929
Insert  tid 105929
FindTargetPageId rootid 1 tid 105929
97 tid 105929
Insert  tid 105929
FindTargetPageId rootid 1 tid 105929
98 tid 105929
Insert  tid 105929
FindTargetPageId rootid 1 tid 105929
99 tid 105929
Insert  tid 105929
FindTargetPageId rootid 1 tid 105929
100 tid 105929
Insert  tid 105929
FindTargetPageId rootid 1 tid 105929
101 tid 105929
Insert  tid 105929
FindTargetPageId rootid 1 tid 105929
102 tid 105929
Insert  tid 105929
FindTargetPageId rootid 1 tid 105929
103 tid 105929
Insert  tid 105929
FindTargetPageId rootid 1 tid 105929
104 tid 105929
Insert  tid 105929
FindTargetPageId rootid 1 tid 105929
105 tid 105929
Insert  tid 105929
FindTargetPageId rootid 1 tid 105929
106 tid 105929
Insert  tid 105929
FindTargetPageId rootid 1 tid 105929
107 tid 105929
Insert  tid 105929
FindTargetPageId rootid 1 tid 105929
108 tid 105929
Insert  tid 105929
FindTargetPageId rootid 1 tid 105929
109 tid 105929
Insert  tid 105929
FindTargetPageId rootid 1 tid 105929
110 tid 105929
Insert  tid 105929
FindTargetPageId rootid 1 tid 105929
111 tid 105929
Insert  tid 105929
FindTargetPageId rootid 1 tid 105929
112 tid 105929
Insert  tid 105929
FindTargetPageId rootid 1 tid 105929
113 tid 105929
Insert  tid 105929
FindTargetPageId rootid 1 tid 105929
114 tid 105929
Insert  tid 105929
FindTargetPageId rootid 1 tid 105929
115 tid 105929
Insert  tid 105929
FindTargetPageId rootid 1 tid 105929
116 tid 105929
Insert  tid 105929
FindTargetPageId rootid 1 tid 105929
117 tid 105929
Insert  tid 105929
FindTargetPageId rootid 1 tid 105929
118 tid 105929
Insert  tid 105929
FindTargetPageId rootid 1 tid 105929
119 tid 105929
Insert  tid 105929
FindTargetPageId rootid 1 tid 105929
120 tid 105929
Insert  tid 105929
FindTargetPageId rootid 1 tid 105929
121 tid 105929
Insert  tid 105929
FindTargetPageId rootid 1 tid 105929
122 tid 105929
Insert  tid 105929
FindTargetPageId rootid 1 tid 105929
123 tid 105929
Insert  tid 105929
FindTargetPageId rootid 1 tid 105929
124 tid 105929
Insert  tid 105929
FindTargetPageId rootid 1 tid 105929
125 tid 105929
Insert  tid 105929
FindTargetPageId rootid 1 tid 105929
126 tid 105929
Insert  tid 105929
FindTargetPageId rootid 1 tid 105929
127 tid 105929
Insert  tid 105929
FindTargetPageId rootid 1 tid 105929
128 tid 105929
Insert  tid 105929
FindTargetPageId rootid 1 tid 105929
129 tid 105929
Insert  tid 105929
FindTargetPageId rootid 1 tid 105929
130 tid 105929
Insert  tid 105929
FindTargetPageId rootid 1 tid 105929
131 tid 105929
Insert  tid 105929
FindTargetPageId rootid 1 tid 105929
132 tid 105929
Insert  tid 105929
FindTargetPageId rootid 1 tid 105929
133 tid 105929
Insert  tid 105929
FindTargetPageId rootid 1 tid 105929
134 tid 105929
Insert  tid 105929
FindTargetPageId rootid 1 tid 105929
135 tid 105929
Insert  tid 105929
FindTargetPageId rootid 1 tid 105929
136 tid 105929
Insert  tid 105929
FindTargetPageId rootid 1 tid 105929
137 tid 105929
Insert  tid 105929
FindTargetPageId rootid 1 tid 105929
138 tid 105929
Insert  tid 105929
FindTargetPageId rootid 1 tid 105929
139 tid 105929
Insert  tid 105929
FindTargetPageId rootid 1 tid 105929
140 tid 105929
Insert  tid 105929
FindTargetPageId rootid 1 tid 105929
141 tid 105929
Insert  tid 105929
FindTargetPageId rootid 1 tid 105929
142 tid 105929
Insert  tid 105929
FindTargetPageId rootid 1 tid 105929
143 tid 105929
Insert  tid 105929
FindTargetPageId rootid 1 tid 105929
144 tid 105929
Insert  tid 105929
FindTargetPageId rootid 1 tid 105929
145 tid 105929
Insert  tid 105929
FindTargetPageId rootid 1 tid 105929
146 tid 105929
Insert  tid 105929
FindTargetPageId rootid 1 tid 105929
147 tid 105929
Insert  tid 105929
FindTargetPageId rootid 1 tid 105929
148 tid 105929
Insert  tid 105929
FindTargetPageId rootid 1 tid 105929
149 tid 105929
Insert  tid 105929
FindTargetPageId rootid 1 tid 105929
150 tid 105929
Insert  tid 105929
FindTargetPageId rootid 1 tid 105929
151 tid 105929
Insert  tid 105929
FindTargetPageId rootid 1 tid 105929
152 tid 105929
Insert  tid 105929
FindTargetPageId rootid 1 tid 105929
153 tid 105929
Insert  tid 105929
FindTargetPageId rootid 1 tid 105929
154 tid 105929
Insert  tid 105929
FindTargetPageId rootid 1 tid 105929
155 tid 105929
Insert  tid 105929
FindTargetPageId rootid 1 tid 105929
156 tid 105929
Insert  tid 105929
FindTargetPageId rootid 1 tid 105929
157 tid 105929
Insert  tid 105929
FindTargetPageId rootid 1 tid 105929
158 tid 105929
Insert  tid 105929
FindTargetPageId rootid 1 tid 105929
159 tid 105929
Insert  tid 105929
FindTargetPageId rootid 1 tid 105929
160 tid 105929
Insert  tid 105929
FindTargetPageId rootid 1 tid 105929
161 tid 105929
Insert  tid 105929
FindTargetPageId rootid 1 tid 105929
162 tid 105929
Insert  tid 105929
FindTargetPageId rootid 1 tid 105929
163 tid 105929
Insert  tid 105929
FindTargetPageId rootid 1 tid 105929
164 tid 105929
Insert  tid 105929
FindTargetPageId rootid 1 tid 105929
165 tid 105929
Insert  tid 105929
FindTargetPageId rootid 1 tid 105929
166 tid 105929
Insert  tid 105929
FindTargetPageId rootid 1 tid 105929
167 tid 105929
Insert  tid 105929
FindTargetPageId rootid 1 tid 105929
168 tid 105929
Insert  tid 105929
FindTargetPageId rootid 1 tid 105929
169 tid 105929
Insert  tid 105929
FindTargetPageId rootid 1 tid 105929
170 tid 105929
Insert  tid 105929
FindTargetPageId rootid 1 tid 105929
171 tid 105929
Insert  tid 105929
FindTargetPageId rootid 1 tid 105929
172 tid 105929
Insert  tid 105929
FindTargetPageId rootid 1 tid 105929
173 tid 105929
Insert  tid 105929
FindTargetPageId rootid 1 tid 105929
174 tid 105929
Insert  tid 105929
FindTargetPageId rootid 1 tid 105929
175 tid 105929
Insert  tid 105929
FindTargetPageId rootid 1 tid 105929
176 tid 105929
Insert  tid 105929
FindTargetPageId rootid 1 tid 105929
177 tid 105929
Insert  tid 105929
FindTargetPageId rootid 1 tid 105929
178 tid 105929
Insert  tid 105929
FindTargetPageId rootid 1 tid 105929
179 tid 105929
Insert  tid 105929
FindTargetPageId rootid 1 tid 105929
180 tid 105929
Insert  tid 105929
FindTargetPageId rootid 1 tid 105929
181 tid 105929
Insert  tid 105929
FindTargetPageId rootid 1 tid 105929
182 tid 105929
Insert  tid 105929
FindTargetPageId rootid 1 tid 105929
183 tid 105929
Insert  tid 105929
FindTargetPageId rootid 1 tid 105929
184 tid 105929
Insert  tid 105929
FindTargetPageId rootid 1 tid 105929
185 tid 105929
Insert  tid 105929
FindTargetPageId rootid 1 tid 105929
186 tid 105929
Insert  tid 105929
FindTargetPageId rootid 1 tid 105929
187 tid 105929
Insert  tid 105929
FindTargetPageId rootid 1 tid 105929
188 tid 105929
Insert  tid 105929
FindTargetPageId rootid 1 tid 105929
189 tid 105929
Insert  tid 105929
FindTargetPageId rootid 1 tid 105929
190 tid 105929
Insert  tid 105929
FindTargetPageId rootid 1 tid 105929
191 tid 105929
Insert  tid 105929
FindTargetPageId rootid 1 tid 105929
192 tid 105929
Insert  tid 105929
FindTargetPageId rootid 1 tid 105929
193 tid 105929
Insert  tid 105929
FindTargetPageId rootid 1 tid 105929
194 tid 105929
Insert  tid 105929
FindTargetPageId rootid 1 tid 105929
195 tid 105929
Insert  tid 105929
FindTargetPageId rootid 1 tid 105929
196 tid 105929
Insert  tid 105929
FindTargetPageId rootid 1 tid 105929
197 tid 105929
Insert  tid 105929
FindTargetPageId rootid 1 tid 105929
198 tid 105929
Insert  tid 105929
FindTargetPageId rootid 1 tid 105929
199 tid 105929
Insert  tid 105982
Insert  tid 105982
FindTargetPageId rootid 1 tid 105982
200 tid 105982
Remove Insert  tid  tid 105983105982

FindTargetPageId rootid 1 tid 105982
201 tid 105982
Insert  tid 105982
FindTargetPageId rootid 1 tid 105982
202 tid 105982
Insert  tid 105984
Remove  tid 105983
FindTargetPageId rootid 1 tid 105983
203 tid 105983
Insert  tid 105982
Remove  tid 105983
Insert  tid 105984
FindTargetPageId rootid 1 tid 105982
202 tid 105982
Insert  tid 105982
FindTargetPageId rootid 1 tid 105983
203 tid 105983
Remove  tid 105983
FindTargetPageId rootid 1 tid 105984
202 tid 105984
Insert  tid 105984
FindTargetPageId rootid 1 tid 105982
203 tid 105982
FindTargetPageId rootid 1 tid 105983
204 tid 105983
Insert  tid 105982
FindTargetPageId rootid 1 tid 105982
Remove  tid 203 tid 105982105983

FindTargetPageId rootid 1 tid 105984
204 tid 105984
Insert  tid 105982
Insert  tid 105984
FindTargetPageId rootid 1 tid 105983
205 tid 105983
Remove  tid 105983
FindTargetPageId rootid 1 tid 105983
204 tid 105983
Remove  tid 105983
FindTargetPageId rootid 1 tid 105983
203 tid 105983
Remove  tid 105983
FindTargetPageId rootid 1 tid 105984
202 tid 105984
Insert  tid 105984
FindTargetPageId rootid 1 tid 105982
203 tid 105982
Insert  tid 105982
FindTargetPageId rootid 1 tid 105983
204 tid 105983
Remove  tid 105983
FindTargetPageId rootid 1 tid 105984
203 tid 105984
Insert  tid 105984
FindTargetPageId rootid 1 tid 105982
204 tid 105982
Insert  tid 105982
FindTargetPageId rootid 1 tid 105983
205 tid 105983
Remove  tid 105983
FindTargetPageId rootid 1 tid 105984
204 tid 105984
Insert  tid 105984
FindTargetPageId rootid 1 tid 105984
205 tid 105984
Insert  tid 105984
FindTargetPageId rootid 1 tid 105984
206 tid 105984
Insert  tid 105984
FindTargetPageId rootid 1 tid 105984
207 tid 105984
Insert  tid 105984
FindTargetPageId rootid 1 tid 105984
208 tid 105984
Insert  tid 105984
FindTargetPageId rootid 1 tid 105984
209 tid 105984
Insert  tid 105984
FindTargetPageId rootid 1 tid 105984
210 tid 105984
Insert  tid 105984
FindTargetPageId rootid 1 tid 105984
211 tid 105984
Insert  tid 105984
FindTargetPageId rootid 1 tid 105984
212 tid 105984
Insert  tid 105984
FindTargetPageId rootid 1 tid 105984
213 tid 105984
Insert  tid 105984
FindTargetPageId rootid 1 tid 105984
214 tid 105984
Insert  tid 105984
FindTargetPageId rootid 1 tid 105984
215 tid 105984
Insert  tid 105984
FindTargetPageId rootid 1 tid 105984
216 tid 105984
Insert  tid 105984
FindTargetPageId rootid 1 tid 105984
217 tid 105984
Insert  tid 105984
FindTargetPageId rootid 1 tid 105984
218 tid 105984
Insert  tid 105984
FindTargetPageId rootid 1 tid 105984
219 tid 105984
Insert  tid 105984
FindTargetPageId rootid 1 tid 105984
220 tid 105984
Insert  tid 105984
FindTargetPageId rootid 1 tid 105984
221 tid 105984
Insert  tid 105984
FindTargetPageId rootid 1 tid 105984
222 tid 105984
Insert  tid 105984
FindTargetPageId rootid 1 tid 105984
223 tid 105984
Insert  tid 105984
FindTargetPageId rootid 1 tid 105984
224 tid 105984
Insert  tid 105984
FindTargetPageId rootid 1 tid 105984
225 tid 105984
Insert  tid 105984
FindTargetPageId rootid 1 tid 105984
226 tid 105984
Insert  tid 105984
FindTargetPageId rootid 1 tid 105984
227 tid 105984
Insert  tid 105984
FindTargetPageId rootid 1 tid 105984
228 tid 105984
Insert  tid 105984
FindTargetPageId rootid 1 tid 105984
229 tid 105984
Insert  tid 105984
FindTargetPageId rootid 1 tid 105984
230 tid 105984
Insert  tid 105984
FindTargetPageId rootid 1 tid 105984
231 tid 105984
Insert  tid 105984
FindTargetPageId rootid 1 tid 105984
232 tid 105984
Insert  tid 105984
FindTargetPageId rootid 1 tid 105984
233 tid 105984
Insert  tid 105984
FindTargetPageId rootid 1 tid 105984
234 tid 105984
Insert  tid 105984
FindTargetPageId rootid 1 tid 105984
235 tid 105984
Insert  tid 105984
FindTargetPageId rootid 1 tid 105984
236 tid 105984
Insert  tid 105984
FindTargetPageId rootid 1 tid 105984
237 tid 105984
Insert  tid 105984
FindTargetPageId rootid 1 tid 105984
238 tid 105984
Insert  tid 105984
FindTargetPageId rootid 1 tid 105984
239 tid 105984
Insert  tid 105984
FindTargetPageId rootid 1 tid 105984
240 tid 105984
Insert  tid 105984
FindTargetPageId rootid 1 tid 105984
241 tid 105984
Insert  tid 105984
FindTargetPageId rootid 1 tid 105984
242 tid 105984
Insert  tid 105984
FindTargetPageId rootid 1 tid 105984
243 tid 105984
Insert  tid 105984
FindTargetPageId rootid 1 tid 105984
244 tid 105984
Insert  tid 105984
FindTargetPageId rootid 1 tid 105984
245 tid 105984
Insert  tid 105984
FindTargetPageId rootid 1 tid 105984
246 tid 105984
Insert  tid 105984
FindTargetPageId rootid 1 tid 105984
247 tid 105984
Insert  tid 105984
FindTargetPageId rootid 1 tid 105984
248 tid 105984
Insert  tid 105984
FindTargetPageId rootid 1 tid 105984
249 tid 105984
Insert  tid 105984
FindTargetPageId rootid 1 tid 105984
250 tid 105984
Insert  tid 105984
FindTargetPageId rootid 1 tid 105984
251 tid 105984
Insert  tid 105984
FindTargetPageId rootid 1 tid 105984
252 tid 105984
Insert  tid 105984
FindTargetPageId rootid 1 tid 105984
253 tid 105984
Insert  tid 105984
FindTargetPageId rootid 1 tid 105984
254 tid 105984
Insert  tid 105984
FindTargetPageId rootid 3 tid 105982
target_page_id id: 1 tid 105982
0 1 tid 105982
365 2 tid 105982
127 tid 105982
Insert  tid 105982
FindTargetPageId rootid 3 tid 105983
target_page_id id: 1 tid 105983
0 1 tid 105983
365 2 tid 105983
127 tid 105983
Remove  tid 105983
FindTargetPageId rootid 1 tid 105984
254 tid 105984
Insert  tid 105984
FindTargetPageId rootid 5 tid 105982
target_page_id id: 1 tid 105982
0 1 tid 105982
365 4 tid 105982
127 tid 105982
Insert  tid 105982
FindTargetPageId rootid 5 tid 105983
target_page_id id: 1 tid 105983
0 1 tid 105983
365 4 tid 105983
127 tid 105983
Remove  tid 105983
FindTargetPageId rootid 1 tid 105984
254 tid 105984
Insert  tid 105984
FindTargetPageId rootid 7 tid 105982
target_page_id id: 1 tid 105982
0 1 tid 105982
365 6 tid 105982
127 tid 105982
Insert  tid 105982
FindTargetPageId rootid 7 tid 105982
target_page_id id: 1 tid 105982
0 1 tid 105982
365 6 tid 105982
127 tid 105982
Insert  tid 105982
FindTargetPageId rootid 7 tid 105982
target_page_id id: 1 tid 105982
0 1 tid 105982
365 6 tid 105982
127 tid 105982
Insert  tid 105982
FindTargetPageId rootid 7 tid 105982
target_page_id id: 1 tid 105982
0 1 tid 105982
365 6 tid 105982
127 tid 105982
Insert  tid 105982
FindTargetPageId rootid 7 tid 105982
target_page_id id: 1 tid 105982
0 1 tid 105982
365 6 tid 105982
127 tid 105982
Insert  tid 105982
FindTargetPageId rootid 7 tid 105982
target_page_id id: 1 tid 105982
0 1 tid 105982
365 6 tid 105982
127 tid 105982
Insert  tid 105982
FindTargetPageId rootid 7 tid 105982
target_page_id id: 1 tid 105982
0 1 tid 105982
365 6 tid 105982
127 tid 105982
Insert  tid 105982
FindTargetPageId rootid 7 tid 105982
target_page_id id: 1 tid 105982
0 1 tid 105982
365 6 tid 105982
127 tid 105982
Insert  tid 105982
FindTargetPageId rootid 7 tid 105982
target_page_id id: 1 tid 105982
0 1 tid 105982
365 6 tid 105982
127 tid 105982
Insert  tid 105982
FindTargetPageId rootid 7 tid 105982
target_page_id id: 1 tid 105982
0 1 tid 105982
365 6 tid 105982
127 tid 105982
Insert  tid 105982
FindTargetPageId rootid 7 tid 105984
target_page_id id: 1 tid 105984
0 1 tid 105984
365 6 tid 105984
127 tid 105984
Insert  tid 105984
FindTargetPageId rootid 7 tid 105984
target_page_id id: 1 tid 105984
0 1 tid 105984
365 6 tid 105984
128 tid 105984
Insert  tid 105984
FindTargetPageId rootid 7 tid 105983
target_page_id id: 1 tid 105983
0 1 tid 105983
365 6 tid 105983
129 tid 105983
Remove  tid 105983
FindTargetPageId rootid 7 tid 105982
target_page_id id: 1 tid 105982
0 1 tid 105982
365 6 tid 105982
128 tid 105982
Insert  tid 105982
FindTargetPageId rootid 7 tid 105984
target_page_id id: 1 tid 105984
0 1 tid 105984
365 6 tid 105984
128 tid 105984
Insert  tid 105984
FindTargetPageId rootid 7 tid 105984
target_page_id id: 1 tid 105984
0 1 tid 105984
365 6 tid 105984
129 tid 105984
Insert  tid 105984
FindTargetPageId rootid 7 tid 105982
target_page_id id: 1 tid 105982
0 1 tid 105982
365 6 tid 105982
130 tid 105982
Insert  tid 105982
FindTargetPageId rootid 7 tid 105982
target_page_id id: 1 tid 105982
0 1 tid 105982
365 6 tid 105982
130 tid 105982
Insert  tid 105982
FindTargetPageId rootid 7 tid 105982
target_page_id id: 1 tid 105982
0 1 tid 105982
365 6 tid 105982
130 tid 105982
Insert  tid 105982
FindTargetPageId rootid 7 tid 105982
target_page_id id: 1 tid 105982
0 1 tid 105982
365 6 tid 105982
130 tid 105982
Insert  tid 105982
FindTargetPageId rootid 7 tid 105982
target_page_id id: 1 tid 105982
0 1 tid 105982
365 6 tid 105982
130 tid 105982
Insert  tid FindTargetPageId rootid 7105982 tid 
105984
target_page_id id: 1 tid 105984
0 1 tid 105984
365 6 tid 105984
130 tid 105984
Insert  tid 105984
FindTargetPageId rootid 7 tid 105983
target_page_id id: 1 tid 105983
0 1 tid 105983
365 6 tid 105983
131 tid 105983
Remove  tid FindTargetPageId rootid 1059837
 tid 105982
target_page_id id: 1 tid 105982
0 1 tid 105982
365 6 tid 105982
130 tid 105982
Insert  tid 105982
FindTargetPageId rootid 7 tid 105982
target_page_id id: 1 tid 105982
0 1 tid 105982
365 6 tid 105982
130 tid 105982
Insert  tid 105982
FindTargetPageId rootid 7 tid 105982
target_page_id id: 1 tid 105982
0 1 tid 105982
365 6 tid 105982
130 tid 105982
Insert  tid 105982
FindTargetPageId rootid 7 tid 105984
target_page_id id: 1 tid 105984
0 1 tid 105984
365 6 tid 105984
130 tid 105984
Insert  tid 105984
FindTargetPageId rootid 7 tid 105983
target_page_id id: 1 tid 105983
0 1 tid 105983
365 6 tid 105983
131 tid 105983
Remove  tid 105983
FindTargetPageId rootid 7 tid 105982
target_page_id id: 1 tid 105982
0 1 tid 105982
365 6 tid 105982
130 tid 105982
Insert  tid 105982
FindTargetPageId rootid 7 tid 105984
target_page_id id: 1 tid 105984
0 1 tid 105984
365 6 tid 105984
130 tid 105984
Insert  tid 105984
FindTargetPageId rootid 7 tid 105983
target_page_id id: 1 tid 105983
0 1 tid 105983
365 6 tid 105983
131 tid 105983
Remove  tid 105983
FindTargetPageId rootid 7 tid 105983
target_page_id id: 1 tid 105983
0 1 tid 105983
365 6 tid 105983
130 tid 105983
FindTargetPageId rootid 7 tid 105984
target_page_id id: 1 tid 105984
0 1 tid 105984
365 6 tid 105984
129 tid 105984
Remove  tid 105983
Insert  tid 105984
FindTargetPageId rootid 7 tid 105983
target_page_id id: 1 tid 105983
0 1 tid 105983
365 6 tid 105983
130 tid 105983
Remove  tid 105983
FindTargetPageId rootid 7 tid 105983
target_page_id id: 1 tid 105983
0 1 tid 105983
365 6 tid 105983
129 tid 105983
Remove  tid 105983
FindTargetPageId rootid 7 tid 105982
target_page_id id: 1 tid 105982
0 1 tid 105982
365 6 tid 105982
128 tid 105982
Insert  tid 105982
FindTargetPageId rootid 7 tid 105982
target_page_id id: 1 tid 105982
0 1 tid 105982
365 6 tid 105982
128 tid 105982
Insert  tid 105982
FindTargetPageId rootid 7 tid 105982
target_page_id id: 1 tid 105982
0 1 tid 105982
365 6 tid 105982
128 tid 105982
Insert  tid 105982
FindTargetPageId rootid 7 tid 105982
target_page_id id: 1 tid 105982
0 1 tid 105982
365 6 tid 105982
128 tid 105982
Insert  tid 105982
FindTargetPageId rootid 7 tid 105982
target_page_id id: 1 tid 105982
0 1 tid 105982
365 6 tid 105982
128 tid 105982
Insert  tid 105982
FindTargetPageId rootid 7 tid 105984
target_page_id id: 1 tid 105984
0 1 tid 105984
365 6 tid 105984
128 tid 105984
Insert  tid 105984
FindTargetPageId rootid 7 tid 105983
target_page_id id: 1 tid 105983
0 1 tid 105983
365 6 tid 105983
129 tid 105983
Remove  tid 105983
FindTargetPageId rootid 7 tid 105982
target_page_id id: 1 tid 105982
0 1 tid 105982
365 6 tid 105982
128 tid 105982
Insert  tid 105982
FindTargetPageId rootid 7 tid 105984
target_page_id id: 1 tid 105984
0 1 tid 105984
365 6 tid 105984
128 tid 105984
Insert  tid 105984
FindTargetPageId rootid 7 tid 105983
target_page_id id: 1 tid 105983
0 1 tid 105983
365 6 tid 105983
129 tid 105983
Remove  tid 105983
FindTargetPageId rootid 7 tid 105982
target_page_id id: 1 tid 105982
0 1 tid 105982
365 6 tid 105982
128 tid 105982
Insert  tid 105982
FindTargetPageId rootid 7 tid 105984
target_page_id id: 1 tid 105984
0 1 tid 105984
365 6 tid 105984
128 tid 105984
Insert  tid 105984
FindTargetPageId rootid 7 tid 105983
target_page_id id: 1 tid 105983
0 1 tid 105983
365 6 tid 105983
129 tid 105983
Remove  tid 105983
FindTargetPageId rootid 7 tid 105982
target_page_id id: 1 tid 105982
0 1 tid 105982
365 6 tid 105982
128 tid 105982
Insert  tid 105982
FindTargetPageId rootid 7 tid 105982
target_page_id id: 1 tid 105982
0 1 tid 105982
365 6 tid 105982
128 tid 105982
Insert  tid 105982
FindTargetPageId rootid 7 tid 105982
target_page_id id: 1 tid 105982
0 1 tid 105982
365 6 tid 105982
128 tid 105982
Insert  tid 105982
FindTargetPageId rootid 7 tid 105982
target_page_id id: 1 tid 105982
0 1 tid 105982
365 6 tid 105982
128 tid 105982
Insert  tid 105982
FindTargetPageId rootid 7 tid 105982
target_page_id id: 1 tid 105982
0 1 tid 105982
365 6 tid 105982
128 tid 105982
Insert  tid 105982
FindTargetPageId rootid 7 tid 105984
target_page_id id: 1 tid 105984
0 1 tid 105984
365 6 tid 105984
128 tid 105984
Insert  tid 105984
FindTargetPageId rootid 7 tid 105983
target_page_id id: 1 tid 105983
0 1 tid 105983
365 6 tid 105983
129 tid 105983
Remove  tid 105983
FindTargetPageId rootid 7 tid 105982
target_page_id id: 1 tid 105982
0 1 tid 105982
365 6 tid 105982
128 tid 105982
Insert  tid 105982
FindTargetPageId rootid 7 tid 105982
target_page_id id: 1 tid 105982
0 1 tid 105982
365 6 tid 105982
128 tid 105982
Insert  tid 105982
FindTargetPageId rootid 7 tid 105982
target_page_id id: 1 tid 105982
0 1 tid 105982
365 6 tid 105982
128 tid 105982
Insert  tid 105982
FindTargetPageId rootid 7 tid 105982
target_page_id id: 1 tid 105982
0 1 tid 105982
365 6 tid 105982
128 tid 105982
Insert  tid 105982
FindTargetPageId rootid 7 tid 105982
target_page_id id: 1 tid 105982
0 1 tid 105982
365 6 tid 105982
128 tid 105982
Insert  tid 105982
FindTargetPageId rootid 7 tid 105984
target_page_id id: 1 tid 105984
0 1 tid 105984
365 6 tid 105984
128 tid 105984
Insert  tid 105984
FindTargetPageId rootid 7 tid 105984
target_page_id id: 1 tid 105984
0 1 tid 105984
365 6 tid 105984
129 tid 105984
Insert  tid 105984
FindTargetPageId rootid 7 tid 105984
target_page_id id: 1 tid 105984
0 1 tid 105984
365 6 tid 105984
130 tid 105984
Insert  tid 105984
FindTargetPageId rootid 7 tid 105984
target_page_id id: 1 tid 105984
0 1 tid 105984
365 6 tid 105984
131 tid 105984
Insert  tid 105984
FindTargetPageId rootid 7 tid 105984
target_page_id id: 1 tid 105984
0 1 tid 105984
365 6 tid 105984
132 tid 105984
Insert  tid 105984
FindTargetPageId rootid 7 tid 105984
target_page_id id: 1 tid 105984
0 1 tid 105984
365 6 tid 105984
133 tid 105984
Insert  tid 105984
FindTargetPageId rootid 7 tid 105984
target_page_id id: 1 tid 105984
0 1 tid 105984
365 6 tid 105984
134 tid 105984
Insert  tid 105984
FindTargetPageId rootid 7 tid 105984
target_page_id id: 1 tid 105984
0 1 tid 105984
365 6 tid 105984
135 tid 105984
Insert  tid 105984
FindTargetPageId rootid 7 tid 105984
target_page_id id: 1 tid 105984
0 1 tid 105984
365 6 tid 105984
136 tid 105984
Insert  tid 105984
FindTargetPageId rootid 7 tid 105984
target_page_id id: 1 tid 105984
0 1 tid 105984
365 6 tid 105984
137 tid 105984
Insert  tid 105984
FindTargetPageId rootid 7 tid 105982
target_page_id id: 1 tid 105982
0 1 tid 105982
365 6 tid 105982
138 tid 105982
Insert  tid 105982
FindTargetPageId rootid 7 tid 105983
target_page_id id: 1 tid 105983
0 1 tid 105983
365 6 tid 105983
138 tid 105983
Remove  tid 105983
FindTargetPageId rootid 7 tid 105983
target_page_id id: 1 tid 105983
0 1 tid 105983
365 6 tid 105983
137 tid 105983
Remove  tid 105983
FindTargetPageId rootid 7 tid 105983
target_page_id id: 1 tid 105983
0 1 tid 105983
365 6 tid 105983
136 tid 105983
Remove  tid 105983
FindTargetPageId rootid 7 tid 105983
target_page_id id: 1 tid 105983
0 1 tid 105983
365 6 tid 105983
135 tid 105983
Remove  tid 105983
FindTargetPageId rootid 7 tid 105984
target_page_id id: 1 tid 105984
0 1 tid 105984
365 6 tid 105984
134 tid 105984
Insert  tid 105984
FindTargetPageId rootid 7 tid 105984
target_page_id id: 1 tid 105984
0 1 tid 105984
365 6 tid 105984
135 tid 105984
Insert  tid 105984
FindTargetPageId rootid 7 tid 105984
target_page_id id: 1 tid 105984
0 1 tid 105984
365 6 tid 105984
136 tid 105984
Insert  tid 105984
FindTargetPageId rootid 7 tid 105983
target_page_id id: 1 tid 105983
0 1 tid 105983
365 6 tid 105983
137 tid 105983
Remove  tid 105983
FindTargetPageId rootid 7 tid 105983
target_page_id id: 1 tid 105983
0 1 tid 105983
365 6 tid 105983
136 tid 105983
Remove  tid 105983
FindTargetPageId rootid 7 tid 105983
target_page_id id: 1 tid 105983
0 1 tid 105983
365 6 tid 105983
135 tid 105983
Remove  tid 105983
FindTargetPageId rootid 7 tid 105983
target_page_id id: 1 tid 105983
0 1 tid 105983
365 6 tid 105983
134 tid 105983
Remove  tid 105983
FindTargetPageId rootid 7 tid 105983
target_page_id id: 1 tid 105983
0 1 tid 105983
365 6 tid 105983
133 tid 105983
Remove  tid 105983
FindTargetPageId rootid 7 tid 105983
target_page_id id: 1 tid 105983
0 1 tid 105983
365 6 tid 105983
132 tid 105983
Remove  tid 105983
FindTargetPageId rootid 7 tid 105983
target_page_id id: 1 tid 105983
0 1 tid 105983
365 6 tid 105983
131 tid 105983
Remove  tid 105983
FindTargetPageId rootid 7 tid 105982
target_page_id id: 1 tid 105982
0 1 tid 105982
365 6 tid 105982
130 tid 105982
Insert  tid 105982
FindTargetPageId rootid 7 tid 105984
target_page_id id: 1 tid 105984
0 1 tid 105984
365 6 tid 105984
130 tid 105984
Insert  tid 105984
FindTargetPageId rootid 7 tid 105984
target_page_id id: 1 tid 105984
0 1 tid 105984
365 6 tid 105984
131 tid 105984
Insert  tid 105984
FindTargetPageId rootid 7 tid 105984
target_page_id id: 1 tid 105984
0 1 tid 105984
365 6 tid 105984
132 tid 105984
Insert  tid 105984
FindTargetPageId rootid 7 tid 105984
target_page_id id: 1 tid 105984
0 1 tid 105984
365 6 tid 105984
133 tid 105984
Insert  tid 105984
FindTargetPageId rootid 7 tid 105984
target_page_id id: 1 tid 105984
0 1 tid 105984
365 6 tid 105984
134 tid 105984
Insert  tid 105984
FindTargetPageId rootid 7 tid 105982
target_page_id id: 1 tid 105982
0 1 tid 105982
365 6 tid 105982
135 tid 105982
Insert  tid 105982
FindTargetPageId rootid 7 tid 105983
target_page_id id: 1 tid 105983
0 1 tid 105983
365 6 tid 105983
135 tid 105983
Remove  tid 105983
FindTargetPageId rootid 7 tid 105983
target_page_id id: 1 tid 105983
0 1 tid 105983
365 6 tid 105983
134 tid 105983
Remove  tid 105983
FindTargetPageId rootid 7 tid 105982
target_page_id id: 1 tid 105982
0 1 tid 105982
365 6 tid 105982
133 tid 105982
Insert  tid 105982
FindTargetPageId rootid 7 tid 105984
target_page_id id: 1 tid 105984
0 1 tid 105984
365 6 tid 105984
133 tid 105984
Insert  tid 105984
FindTargetPageId rootid 7 tid 105983
target_page_id id: 1 tid 105983
0 1 tid 105983
365 6 tid 105983
134 tid 105983
Remove  tid 105983
FindTargetPageId rootid 7 tid 105982
target_page_id id: 1 tid 105982
0 1 tid 105982
365 6 tid 105982
133 tid 105982
Insert  tid 105982
FindTargetPageId rootid 7 tid 105982
target_page_id id: 1 tid 105982
0 1 tid 105982
365 6 tid 105982
133 tid 105982
Insert  tid 105982
FindTargetPageId rootid 7 tid 105982
target_page_id id: 1 tid 105982
0 1 tid 105982
365 6 tid 105982
133 tid 105982
Insert  tid 105982
FindTargetPageId rootid 7 tid 105983
target_page_id id: 1 tid 105983
0 1 tid 105983
365 6 tid 105983
133 tid 105983
Remove  tid 105983
FindTargetPageId rootid 7 tid 105984
target_page_id id: 1 tid 105984
0 1 tid 105984
365 6 tid 105984
132 tid 105984
Insert  tid 105984
FindTargetPageId rootid 7 tid 105982
target_page_id id: 1 tid 105982
0 1 tid 105982
365 6 tid 105982
133 tid 105982
Insert  tid 105982
FindTargetPageId rootid 7 tid 105983
target_page_id id: 1 tid 105983
0 1 tid 105983
365 6 tid 105983
133 tid 105983
Remove  tid 105983
FindTargetPageId rootid 7 tid 105984
target_page_id id: 1 tid 105984
0 1 tid 105984
365 6 tid 105984
132 tid 105984
Insert  tid 105984
FindTargetPageId rootid 7 tid 105982
target_page_id id: 1 tid 105982
0 1 tid 105982
365 6 tid 105982
133 tid 105982
Insert  tid 105982
FindTargetPageId rootid 7 tid 105982
target_page_id id: 1 tid 105982
0 1 tid 105982
365 6 tid 105982
133 tid 105982
Insert  tid 105982
FindTargetPageId rootid 7 tid 105982
target_page_id id: 1 tid 105982
0 1 tid 105982
365 6 tid 105982
133 tid 105982
Insert  tid 105982
FindTargetPageId rootid 7 tid 105982
target_page_id id: 1 tid 105982
0 1 tid 105982
365 6 tid 105982
133 tid 105982
Insert  tid 105982
FindTargetPageId rootid 7 tid 105982
target_page_id id: 1 tid 105982
0 1 tid 105982
365 6 tid 105982
133 tid 105982
Insert  tid 105982
FindTargetPageId rootid 7 tid 105982
target_page_id id: 1 tid 105982
0 1 tid 105982
365 6 tid 105982
133 tid 105982
Insert  tid 105982
FindTargetPageId rootid 7 tid 105982
target_page_id id: 1 tid 105982
0 1 tid 105982
365 6 tid 105982
133 tid 105982
Insert  tid 105982
FindTargetPageId rootid 7 tid 105982
target_page_id id: 1 tid 105982
0 1 tid 105982
365 6 tid 105982
133 tid 105982
Insert  tid 105982
FindTargetPageId rootid 7 tid 105982
target_page_id id: 1 tid 105982
0 1 tid 105982
365 6 tid 105982
133 tid 105982
Insert  tid 105982
FindTargetPageId rootid 7 tid 105982
target_page_id id: 1 tid 105982
0 1 tid 105982
365 6 tid 105982
133 tid 105982
Insert  tid 105982
FindTargetPageId rootid 7 tid 105982
target_page_id id: 1 tid 105982
0 1 tid 105982
365 6 tid 105982
133 tid 105982
Insert  tid 105982
FindTargetPageId rootid 7 tid 105982
target_page_id id: 1 tid 105982
0 1 tid 105982
365 6 tid 105982
133 tid 105982
Insert  tid 105982
FindTargetPageId rootid 7 tid 105982
target_page_id id: 1 tid 105982
0 1 tid 105982
365 6 tid 105982
133 tid 105982
Insert  tid 105982
FindTargetPageId rootid 7 tid 105982
target_page_id id: 1 tid 105982
0 1 tid 105982
365 6 tid 105982
133 tid 105982
Insert  tid 105982
FindTargetPageId rootid 7 tid 105982
target_page_id id: 1 tid 105982
0 1 tid 105982
365 6 tid 105982
133 tid 105982
Insert  tid 105982
FindTargetPageId rootid 7 tid 105982
target_page_id id: 1 tid 105982
0 1 tid 105982
365 6 tid 105982
133 tid 105982
Insert  tid 105982
FindTargetPageId rootid 7 tid 105982
target_page_id id: 1 tid 105982
0 1 tid 105982
365 6 tid 105982
133 tid 105982
Insert  tid 105982
FindTargetPageId rootid 7 tid 105983
target_page_id id: 1 tid 105983
0 1 tid 105983
365 6 tid 105983
133 tid 105983
Remove  tid 105983
FindTargetPageId rootid 7 tid 105983
target_page_id id: 1 tid 105983
0 1 tid 105983
365 6 tid 105983
132 tid 105983
Remove  tid 105983
FindTargetPageId rootid 7 tid 105983
target_page_id id: 1 tid 105983
0 1 tid 105983
365 6 tid 105983
131 tid 105983
Remove  tid 105983
FindTargetPageId rootid 7 tid 105983
target_page_id id: 1 tid 105983
0 1 tid 105983
365 6 tid 105983
130 tid 105983
Remove  tid 105983
FindTargetPageId rootid 7 tid 105983
target_page_id id: 1 tid 105983
0 1 tid 105983
365 6 tid 105983
129 tid 105983
Remove  tid 105983
FindTargetPageId rootid 7 tid 105983
target_page_id id: 1 tid 105983
0 1 tid 105983
365 6 tid 105983
128 tid 105983
Remove  tid 105983
FindTargetPageId rootid 7 tid 105983
target_page_id id: 1 tid 105983
0 1 tid 105983
365 6 tid 105983
127 tid 105983
Remove  tid 105983
FindTargetPageId rootid 1 tid 105983
254 tid 105983
Remove  tid 105983
FindTargetPageId rootid 1 tid 105983
253 tid 105983
Remove  tid 105983
FindTargetPageId rootid 1 tid 105983
252 tid 105983
Remove  tid 105983
FindTargetPageId rootid 1 tid 105982
251 tid 105982
Insert  tid 105982
FindTargetPageId rootid 1 tid 105984
251 tid 105984
Insert  tid 105984
FindTargetPageId rootid 1 tid 105983
252 tid 105983
Remove  tid 105983
FindTargetPageId rootid 1 tid 105983
251 tid 105983
Remove  tid 105983
FindTargetPageId rootid 1 tid 105983
250 tid 105983
Remove  tid 105983
FindTargetPageId rootid 1 tid 105983
249 tid 105983
Remove  tid 105983
FindTargetPageId rootid 1 tid 105983
248 tid 105983
Remove  tid 105983
FindTargetPageId rootid 1 tid 105983
247 tid 105983
Remove  tid 105983
FindTargetPageId rootid 1 tid 105983
246 tid 105983
Remove  tid 105983
FindTargetPageId rootid 1 tid 105983
245 tid 105983
Remove  tid 105983
FindTargetPageId rootid 1 tid 105983
244 tid 105983
Remove  tid 105983
FindTargetPageId rootid 1 tid 105983
243 tid 105983
Remove  tid 105983
FindTargetPageId rootid 1 tid 105983
242 tid 105983
Remove  tid 105983
FindTargetPageId rootid 1 tid 105983
241 tid 105983
Remove  tid 105983
FindTargetPageId rootid 1 tid 105983
240 tid 105983
Remove  tid 105983
FindTargetPageId rootid 1 tid 105983
239 tid 105983
Remove  tid 105983
FindTargetPageId rootid 1 tid 105983
238 tid 105983
Remove  tid 105983
FindTargetPageId rootid 1 tid 105983
237 tid 105983
Remove  tid 105983
FindTargetPageId rootid 1 tid 105982
236 tid 105982
Insert  tid 105982
FindTargetPageId rootid 1 tid 105982
236 tid 105982
Insert  tid 105982
FindTargetPageId rootid 1 tid 105982
236 tid 105982
Insert  tid 105982
FindTargetPageId rootid 1 tid 105982
236 tid 105982
Insert  tid 105982
FindTargetPageId rootid 1 tid 105982
236 tid 105982
Insert  tid 105982
FindTargetPageId rootid 1 tid 105982
236 tid 105982
Insert  tid 105982
FindTargetPageId rootid 1 tid 105982
236 tid 105982
Insert  tid 105982
FindTargetPageId rootid 1 tid 105982
236 tid 105982
Insert  tid 105982
FindTargetPageId rootid 1 tid 105982
236 tid 105982
Insert  tid 105982
FindTargetPageId rootid 1 tid 105982
236 tid 105982
Insert  tid 105982
FindTargetPageId rootid 1 tid 105982
236 tid 105982
Insert  tid 105982
FindTargetPageId rootid 1 tid 105982
236 tid 105982
Insert  tid 105982
FindTargetPageId rootid 1 tid 105984
236 tid 105984
Insert  tid 105984
FindTargetPageId rootid 1 tid 105983
237 tid 105983
Remove  tid 105983
FindTargetPageId rootid 1 tid 105983
236 tid 105983
Remove  tid 105983
FindTargetPageId rootid 1 tid 105983
235 tid 105983
Remove  tid 105983
FindTargetPageId rootid 1 tid 105984
234 tid 105984
Insert  tid 105984
FindTargetPageId rootid 1 tid 105982
235 tid 105982
Insert  tid 105982
FindTargetPageId rootid 1 tid 105982
235 tid 105982
Insert  tid 105982
FindTargetPageId rootid 1 tid 105982
235 tid 105982
Insert  tid 105982
FindTargetPageId rootid 1 tid 105982
235 tid 105982
Insert  tid 105982
FindTargetPageId rootid 1 tid 105982
235 tid 105982
Insert  tid 105982
FindTargetPageId rootid 1 tid 105982
235 tid 105982
Insert  tid 105982
FindTargetPageId rootid 1 tid 105982
235 tid 105982
Insert  tid 105982
FindTargetPageId rootid 1 tid 105982
235 tid 105982
Insert  tid 105982
FindTargetPageId rootid 1 tid 105982
235 tid 105982
Insert  tid 105982
FindTargetPageId rootid 1 tid 105982
236 tid 105982
Insert  tid 105982
FindTargetPageId rootid 1 tid 105982
237 tid 105982
Insert  tid 105982
FindTargetPageId rootid 1 tid 105982
238 tid 105982
Insert  tid 105982
FindTargetPageId rootid 1 tid 105982
239 tid 105982
Insert  tid 105982
FindTargetPageId rootid 1 tid 105982
240 tid 105982
Insert  tid 105982
FindTargetPageId rootid 1 tid 105982
241 tid 105982
Insert  tid 105982
FindTargetPageId rootid 1 tid 105982
242 tid 105982
Insert  tid 105982
FindTargetPageId rootid 1 tid 105982
243 tid 105982
FindTargetPageId rootid 1 tid 105983
244 tid 105983
Insert  tid 105982
Remove  tid 105983
FindTargetPageId rootid 1 tid 105982
243 tid 105982
Insert  tid 105982
FindTargetPageId rootid 1 tid 105982
244 tid 105982
Insert  tid 105982
FindTargetPageId rootid 1 tid 105984
245 tid 105984
Insert  tid 105984
FindTargetPageId rootid 1 tid 105984
245 tid 105984
Insert  tid 105984
FindTargetPageId rootid 1 tid 105984
245 tid 105984
Insert  tid 105984
FindTargetPageId rootid 1 tid 105984
245 tid 105984
Insert  tid 105984
FindTargetPageId rootid 1 tid 105984
245 tid 105984
Insert  tid 105984
FindTargetPageId rootid 1 tid 105984
245 tid 105984
Insert  tid 105984
FindTargetPageId rootid 1 tid 105984
245 tid 105984
Insert  tid 105984
FindTargetPageId rootid 1 tid 105984
245 tid 105984
Insert  tid 105984
FindTargetPageId rootid 1 tid 105984
245 tid 105984
Insert  tid 105984
FindTargetPageId rootid 1 tid 105984
245 tid 105984
Insert  tid 105984
FindTargetPageId rootid 1 tid 105983
245 tid 105983
Remove  tid 105983
FindTargetPageId rootid 1 tid 105983
244 tid 105983
Remove  tid 105983
FindTargetPageId rootid 1 tid 105983
243 tid 105983
Remove  tid 105983
FindTargetPageId rootid 1 tid 105983
242 tid 105983
Remove  tid 105983
FindTargetPageId rootid 1 tid 105983
241 tid 105983
Remove  tid 105983
FindTargetPageId rootid 1 tid 105983
240 tid 105983
Remove  tid 105983
FindTargetPageId rootid 1 tid 105983
239 tid 105983
Remove  tid 105983
FindTargetPageId rootid 1 tid 105982
238 tid 105982
Insert  tid 105982
FindTargetPageId rootid 1 tid 105983
239 tid 105983
Remove  tid 105983
FindTargetPageId rootid 1 tid 105984
238 tid 105984
Insert  tid 105984
FindTargetPageId rootid 1 tid 105982
238 tid 105982
Insert  tid 105982
FindTargetPageId rootid 1 tid 105982
239 tid 105982
Insert  tid 105982
FindTargetPageId rootid 1 tid 105982
240 tid 105982
Insert  tid 105982
FindTargetPageId rootid 1 tid 105982
241 tid 105982
Insert  tid 105982
FindTargetPageId rootid 1 tid 105982
242 tid 105982
Insert  tid 105982
FindTargetPageId rootid 1 tid 105982
243 tid 105982
Insert  tid 105982
FindTargetPageId rootid 1 tid 105982
244 tid 105982
Insert  tid 105982
FindTargetPageId rootid 1 tid 105982
245 tid 105982
Insert  tid 105982
FindTargetPageId rootid 1 tid 105982
246 tid 105982
Insert  tid 105982
FindTargetPageId rootid 1 tid 105982
247 tid 105982
Insert  tid 105982
FindTargetPageId rootid 1 tid 105982
248 tid 105982
Insert  tid 105982
FindTargetPageId rootid 1 tid 105982
249 tid 105982
Insert  tid 105982
FindTargetPageId rootid 1 tid 105982
250 tid 105982
Insert  tid 105982
FindTargetPageId rootid 1 tid 105982
251 tid 105982
Insert  tid 105982
FindTargetPageId rootid 1 tid 105984
252 tid 105984
Insert  tid 105984
FindTargetPageId rootid 1 tid 105984
252 tid 105984
Insert  tid 105984
FindTargetPageId rootid 1 tid 105984
252 tid 105984
Insert  tid 105984
FindTargetPageId rootid 1 tid 105983
252 tid 105983
Remove  tid 105983
FindTargetPageId rootid 1 tid 105982
251 tid 105982
Insert  tid 105982
FindTargetPageId rootid 1 tid 105982
252 tid 105982
Insert  tid 105982
FindTargetPageId rootid 1 tid 105982
253 tid 105982
Insert  tid 105982
FindTargetPageId rootid 1 tid 105982
254 tid 105982
Insert  tid 105982
FindTargetPageId rootid 9 tid 105982
target_page_id id: 1 tid 105982
0 1 tid 105982
365 8 tid 105982
127 tid 105982
Insert  tid 105982
FindTargetPageId rootid 9 tid 105982
target_page_id id: 1 tid 105982
0 1 tid 105982
365 8 tid 105982
128 tid 105982
Insert  tid 105982
FindTargetPageId rootid 9 tid 105982
target_page_id id: 1 tid 105982
0 1 tid 105982
365 8 tid 105982
129 tid 105982
Insert  tid 105982
FindTargetPageId rootid 9 tid 105982
target_page_id id: 1 tid 105982
0 1 tid 105982
365 8 tid 105982
130 tid 105982
Insert  tid 105982
FindTargetPageId rootid 9 tid 105982
target_page_id id: 1 tid 105982
0 1 tid 105982
365 8 tid 105982
131 tid 105982
Insert  tid 105982
FindTargetPageId rootid 9 tid 105982
target_page_id id: 1 tid 105982
0 1 tid 105982
365 8 tid 105982
132 tid 105982
Insert  tid 105982
FindTargetPageId rootid 9 tid 105982
target_page_id id: 1 tid 105982
0 1 tid 105982
365 8 tid 105982
133 tid 105982
Insert  tid 105982
FindTargetPageId rootid 9 tid 105982
target_page_id id: 1 tid 105982
0 1 tid 105982
365 8 tid 105982
134 tid 105982
Insert  tid 105982
FindTargetPageId rootid 9 tid 105982
target_page_id id: 1 tid 105982
0 1 tid 105982
365 8 tid 105982
135 tid 105982
Insert  tid 105982
FindTargetPageId rootid 9 tid 105982
target_page_id id: 1 tid 105982
0 1 tid 105982
365 8 tid 105982
136 tid 105982
Insert  tid 105982
FindTargetPageId rootid 9 tid 105982
target_page_id id: 1 tid 105982
0 1 tid 105982
365 8 tid 105982
137 tid 105982
Insert  tid 105982
FindTargetPageId rootid 9 tid 105982
target_page_id id: 1 tid 105982
0 1 tid 105982
365 8 tid 105982
138 tid 105982
Insert  tid 105982
FindTargetPageId rootid 9 tid 105982
target_page_id id: 1 tid 105982
0 1 tid 105982
365 8 tid 105982
139 tid 105982
Insert  tid 105982
FindTargetPageId rootid 9 tid 105982
target_page_id id: 1 tid 105982
0 1 tid 105982
365 8 tid 105982
140 tid 105982
Insert  tid 105982
FindTargetPageId rootid 9 tid 105982
target_page_id id: 1 tid 105982
0 1 tid 105982
365 8 tid 105982
141 tid 105982
Insert  tid 105982
FindTargetPageId rootid 9 tid 105982
target_page_id id: 1 tid 105982
0 1 tid 105982
365 8 tid 105982
142 tid 105982
Insert  tid 105982
FindTargetPageId rootid 9 tid 105982
target_page_id id: 1 tid 105982
0 1 tid 105982
365 8 tid 105982
143 tid 105982
Insert  tid 105982
FindTargetPageId rootid 9 tid 105982
target_page_id id: 1 tid 105982
0 1 tid 105982
365 8 tid 105982
144 tid 105982
Insert  tid 105982
FindTargetPageId rootid 9 tid 105982
target_page_id id: 1 tid 105982
0 1 tid 105982
365 8 tid 105982
145 tid 105982
Insert  tid 105982
FindTargetPageId rootid 9 tid 105982
target_page_id id: 1 tid 105982
0 1 tid 105982
365 8 tid 105982
146 tid 105982
Insert  tid 105982
FindTargetPageId rootid 9 tid 105982
target_page_id id: 1 tid 105982
0 1 tid 105982
365 8 tid 105982
147 tid 105982
Insert  tid 105982
FindTargetPageId rootid 9 tid 105982
target_page_id id: 1 tid 105982
0 1 tid 105982
365 8 tid 105982
148 tid 105982
Insert  tid 105982
FindTargetPageId rootid 9 tid 105982
target_page_id id: 1 tid 105982
0 1 tid 105982
365 8 tid 105982
149 tid 105982
Insert  tid 105982
FindTargetPageId rootid 9 tid 105982
target_page_id id: 1 tid 105982
0 1 tid 105982
365 8 tid 105982
150 tid 105982
Insert  tid 105982
FindTargetPageId rootid 9 tid 105982
target_page_id id: 1 tid 105982
0 1 tid 105982
365 8 tid 105982
151 tid 105982
Insert  tid 105982
FindTargetPageId rootid 9 tid 105982
target_page_id id: 1 tid 105982
0 1 tid 105982
365 8 tid 105982
152 tid 105982
Insert  tid 105982
FindTargetPageId rootid 9 tid 105982
target_page_id id: 1 tid 105982
0 1 tid 105982
365 8 tid 105982
153 tid 105982
Insert  tid 105982
FindTargetPageId rootid 9 tid 105982
target_page_id id: 1 tid 105982
0 1 tid 105982
365 8 tid 105982
154 tid 105982
Insert  tid 105982
FindTargetPageId rootid 9 tid 105982
target_page_id id: 1 tid 105982
0 1 tid 105982
365 8 tid 105982
155 tid 105982
FindTargetPageId rootid 9 tid 105983
target_page_id id: 1 tid 105983
0 1 tid 105983
365 8 tid 105983
156 tid 105983
Remove  tid 105983
FindTargetPageId rootid 9 tid 105984
Insert target_page_id id: 1 tid 105984
0 1 tid  tid 105984
365105982 
8 tid 105984
155 tid 105984
Insert  tid 105984
FindTargetPageId rootid 9 tid 105983
target_page_id id: 1 tid 105983
0 1 tid 105983
365 8 tid 105983
155 tid 105983
Remove  tid 105983
FindTargetPageId rootid 9 tid 105983
target_page_id id: 1 tid 105983
0 1 tid 105983
365 8 tid 105983
154 tid 105983
Remove  tid 105983
FindTargetPageId rootid 9 tid 105983
target_page_id id: 1 tid 105983
0 1 tid 105983
365 8 tid 105983
153 tid 105983
Remove  tid 105983
FindTargetPageId rootid 9 tid 105983
target_page_id id: 1 tid 105983
0 1 tid 105983
365 8 tid 105983
152 tid 105983
FindTargetPageId rootid 9 tid 105984
target_page_id id: 1 tid 105984
0 1 tid 105984
365 8 tid 105984
151 tid 105984
Remove  tid 105983Insert 
 tid 105984
FindTargetPageId rootid 9 tid 105982
target_page_id id: 1 tid 105982
0 1 tid 105982
365 8 tid 105982
151 tid 105982
Insert  tid 105982
FindTargetPageId rootid 9 tid 105983
target_page_id id: 1 tid 105983
0 1 tid 105983
365 8 tid 105983
152 tid 105983
Remove  tid 105983
FindTargetPageId rootid 9 tid 105983
target_page_id id: 1 tid 105983
0 1 tid 105983
365 8 tid 105983
151 tid 105983
Remove  tid 105983
FindTargetPageId rootid 9 tid 105983
target_page_id id: 1 tid 105983
0 1 tid 105983
365 8 tid 105983
150 tid 105983
Remove  tid 105983
FindTargetPageId rootid 9 tid 105983
target_page_id id: 1 tid 105983
0 1 tid 105983
365 8 tid 105983
149 tid 105983
Remove  tid 105983
FindTargetPageId rootid 9 tid 105983
target_page_id id: 1 tid 105983
0 1 tid 105983
365 8 tid 105983
148 tid 105983
Remove  tid 105983
FindTargetPageId rootid 9 tid 105984
target_page_id id: 1 tid 105984
0 1 tid 105984
365 8 tid 105984
147 tid 105984
Insert  tid 105984
FindTargetPageId rootid 9 tid 105984
target_page_id id: 1 tid 105984
0 1 tid 105984
365 8 tid 105984
147 tid 105984
Insert  tid 105984
FindTargetPageId rootid 9 tid 105984
target_page_id id: 1 tid 105984
0 1 tid 105984
365 8 tid 105984
147 tid 105984
Insert  tid 105984
FindTargetPageId rootid 9 tid 105984
target_page_id id: 1 tid 105984
0 1 tid 105984
365 8 tid 105984
147 tid 105984
Insert  tid 105984
FindTargetPageId rootid 9 tid 105984
target_page_id id: 1 tid 105984
0 1 tid 105984
365 8 tid 105984
147 tid 105984
Insert  tid 105984
FindTargetPageId rootid 9 tid 105984
target_page_id id: 1 tid 105984
0 1 tid 105984
365 8 tid 105984
147 tid 105984
Insert  tid 105984
FindTargetPageId rootid 9 tid 105983
target_page_id id: 1 tid 105983
0 1 tid 105983
365 8 tid 105983
147 tid 105983
Remove  tid 105983
FindTargetPageId rootid 9 tid 105982
target_page_id id: 1 tid 105982
0 1 tid 105982
365 8 tid 105982
146 tid 105982
Insert  tid 105982
FindTargetPageId rootid 9 tid 105982
target_page_id id: 1 tid 105982
0 1 tid 105982
365 8 tid 105982
147 tid 105982
Insert  tid 105982
FindTargetPageId rootid 9 tid 105982
target_page_id id: 1 tid 105982
0 1 tid 105982
365 8 tid 105982
148 tid 105982
Insert  tid 105982
FindTargetPageId rootid 9 tid 105982
target_page_id id: 1 tid 105982
0 1 tid 105982
365 8 tid 105982
149 tid 105982
Insert  tid 105982
FindTargetPageId rootid 9 tid 105983
target_page_id id: 1 tid 105983
0 1 tid 105983
365 8 tid 105983
150 tid 105983
Remove  tid 105983
FindTargetPageId rootid 9 tid 105984
target_page_id id: 1 tid 105984
0 1 tid 105984
365 8 tid 105984
149 tid 105984
Insert  tid 105984
FindTargetPageId rootid 9 tid 105982
target_page_id id: 1 tid 105982
0 1 tid 105982
365 8 tid 105982
149 tid 105982
Insert  tid 105982
FindTargetPageId rootid 9 tid 105982
target_page_id id: 1 tid 105982
0 1 tid 105982
365 8 tid 105982
150 tid 105982
Insert  tid 105982
FindTargetPageId rootid 9 tid 105982
target_page_id id: 1 tid 105982
0 1 tid 105982
365 8 tid 105982
151 tid 105982
Insert  tid 105982
FindTargetPageId rootid 9 tid 105982
target_page_id id: 1 tid 105982
0 1 tid 105982
365 8 tid 105982
152 tid 105982
Insert  tid 105982
FindTargetPageId rootid 9 tid 105982
target_page_id id: 1 tid 105982
0 1 tid 105982
365 8 tid 105982
153 tid 105982
Insert  tid 105982
FindTargetPageId rootid 9 tid 105982
target_page_id id: 1 tid 105982
0 1 tid 105982
365 8 tid 105982
154 tid 105982
Insert  tid 105982
FindTargetPageId rootid 9 tid 105982
target_page_id id: 1 tid 105982
0 1 tid 105982
365 8 tid 105982
155 tid 105982
Insert  tid 105982
FindTargetPageId rootid 9 tid 105982
target_page_id id: 1 tid 105982
0 1 tid 105982
365 8 tid 105982
156 tid 105982
Insert  tid 105982
FindTargetPageId rootid 9 tid 105982
target_page_id id: 1 tid 105982
0 1 tid 105982
365 8 tid 105982
157 tid 105982
Insert  tid 105982
FindTargetPageId rootid 9 tid 105982
target_page_id id: 1 tid 105982
0 1 tid 105982
365 8 tid 105982
158 tid 105982
Insert  tid 105982
FindTargetPageId rootid 9 tid 105982
target_page_id id: 1 tid 105982
0 1 tid 105982
365 8 tid 105982
159 tid 105982
Insert  tid 105982
FindTargetPageId rootid 9 tid 105982
target_page_id id: 1 tid 105982
0 1 tid 105982
365 8 tid 105982
160 tid 105982
Insert  tid 105982
FindTargetPageId rootid 9 tid 105984
target_page_id id: 1 tid 105984
0 1 tid 105984
365 8 tid 105984
161 tid 105984
Insert  tid 105984
FindTargetPageId rootid 9 tid 105984
target_page_id id: 1 tid 105984
0 1 tid 105984
365 8 tid 105984
161 tid 105984
Insert  tid 105984
FindTargetPageId rootid 9 tid 105984
target_page_id id: 1 tid 105984
0 1 tid 105984
365 8 tid 105984
161 tid 105984
Insert  tid 105984
FindTargetPageId rootid 9 tid 105984
target_page_id id: 1 tid 105984
0 1 tid 105984
365 8 tid 105984
161 tid 105984
Insert  tid 105984
FindTargetPageId rootid 9 tid 105983
target_page_id id: 1 tid 105983
0 1 tid 105983
365 8 tid 105983
161 tid 105983
Remove  tid 105983
FindTargetPageId rootid 9 tid 105982
target_page_id id: 1 tid 105982
0 1 tid 105982
365 8 tid 105982
160 tid 105982
Insert  tid 105982
FindTargetPageId rootid 9 tid 105984
target_page_id id: 1 tid 105984
0 1 tid 105984
365 8 tid 105984
161 tid 105984
Insert  tid 105984
FindTargetPageId rootid 9 tid 105983
target_page_id id: 1 tid 105983
0 1 tid 105983
365 8 tid 105983
161 tid 105983
Remove  tid 105983
FindTargetPageId rootid 9 tid 105983
target_page_id id: 1 tid 105983
0 1 tid 105983
365 8 tid 105983
160 tid 105983
Remove  tid 105983
FindTargetPageId rootid 9 tid 105983
target_page_id id: 1 tid 105983
0 1 tid 105983
365 8 tid 105983
159 tid 105983
Remove  tid 105983
FindTargetPageId rootid 9 tid 105983
target_page_id id: 1 tid 105983
0 1 tid 105983
365 8 tid 105983
158 tid 105983
Remove  tid 105983
FindTargetPageId rootid 9 tid 105983
target_page_id id: 1 tid 105983
0 1 tid 105983
365 8 tid 105983
157 tid 105983
Remove  tid 105983
FindTargetPageId rootid 9 tid 105983
target_page_id id: 1 tid 105983
0 1 tid 105983
365 8 tid 105983
156 tid 105983
Remove  tid 105983
FindTargetPageId rootid 9 tid 105983
target_page_id id: 1 tid 105983
0 1 tid 105983
365 8 tid 105983
155 tid 105983
Remove  tid 105983
FindTargetPageId rootid 9 tid 105982
target_page_id id: 1 tid 105982
0 1 tid 105982
365 8 tid 105982
154 tid 105982
Insert  tid 105982
FindTargetPageId rootid 9 tid 105984
target_page_id id: 1 tid 105984
0 1 tid 105984
365 8 tid 105984
155 tid 105984
Insert  tid 105984
FindTargetPageId rootid 9 tid 105983
target_page_id id: 1 tid 105983
0 1 tid 105983
365 8 tid 105983
155 tid 105983
Remove  tid 105983
FindTargetPageId rootid 9 tid 105983
target_page_id id: 1 tid 105983
0 1 tid 105983
365 8 tid 105983
154 tid 105983
Remove  tid 105983
FindTargetPageId rootid 9 tid 105983
target_page_id id: 1 tid 105983
0 1 tid 105983
365 8 tid 105983
153 tid 105983
Remove  tid 105983
FindTargetPageId rootid 9 tid 105983
target_page_id id: 1 tid 105983
0 1 tid 105983
365 8 tid 105983
152 tid 105983
Remove  tid 105983
FindTargetPageId rootid 9 tid 105983
target_page_id id: 1 tid 105983
0 1 tid 105983
365 8 tid 105983
151 tid 105983
Remove  tid 105983
FindTargetPageId rootid 9 tid 105984
target_page_id id: 1 tid 105984
0 1 tid 105984
365 8 tid 105984
150 tid 105984
Insert  tid 105984
FindTargetPageId rootid 9 tid 105984
target_page_id id: 1 tid 105984
0 1 tid 105984
365 8 tid 105984
150 tid 105984
Insert  tid 105984
FindTargetPageId rootid 9 tid 105984
target_page_id id: 1 tid 105984
0 1 tid 105984
365 8 tid 105984
150 tid 105984
Insert  tid 105984
FindTargetPageId rootid 9 tid 105984
target_page_id id: 1 tid 105984
0 1 tid 105984
365 8 tid 105984
150 tid 105984
Insert  tid 105984
FindTargetPageId rootid 9 tid 105984
target_page_id id: 1 tid 105984
0 1 tid 105984
365 8 tid 105984
150 tid 105984
Insert  tid 105984
FindTargetPageId rootid 9 tid 105984
target_page_id id: 1 tid 105984
0 1 tid 105984
365 8 tid 105984
150 tid 105984
Insert  tid 105984
FindTargetPageId rootid 9 tid 105984
target_page_id id: 1 tid 105984
0 1 tid 105984
365 8 tid 105984
150 tid 105984
Insert  tid 105984
FindTargetPageId rootid 9 tid 105984
target_page_id id: 1 tid 105984
0 1 tid 105984
365 8 tid 105984
150 tid 105984
Insert  tid 105984
FindTargetPageId rootid 9 tid 105984
target_page_id id: 1 tid 105984
0 1 tid 105984
365 8 tid 105984
150 tid 105984
Insert  tid 105984
FindTargetPageId rootid 9 tid 105984
target_page_id id: 1 tid 105984
0 1 tid 105984
365 8 tid 105984
150 tid 105984
Insert  tid 105984
FindTargetPageId rootid 9 tid 105984
target_page_id id: 1 tid 105984
0 1 tid 105984
365 8 tid 105984
150 tid 105984
Insert  tid 105984
FindTargetPageId rootid 9 tid 105984
target_page_id id: 1 tid 105984
0 1 tid 105984
365 8 tid 105984
150 tid 105984
Insert  tid 105984
FindTargetPageId rootid 9 tid 105984
target_page_id id: 1 tid 105984
0 1 tid 105984
365 8 tid 105984
150 tid 105984
Insert  tid 105984
FindTargetPageId rootid 9 tid 105984
target_page_id id: 1 tid 105984
0 1 tid 105984
365 8 tid 105984
150 tid 105984
Insert  tid 105984
FindTargetPageId rootid 9 tid 105984
target_page_id id: 1 tid 105984
0 1 tid 105984
365 8 tid 105984
150 tid 105984
Insert  tid 105984
FindTargetPageId rootid 9 tid 105984
target_page_id id: 1 tid 105984
0 1 tid 105984
365 8 tid 105984
150 tid 105984
Insert  tid 105984
FindTargetPageId rootid 9 tid 105984
target_page_id id: 1 tid 105984
0 1 tid 105984
365 8 tid 105984
150 tid 105984
Insert  tid 105984
FindTargetPageId rootid 9 tid 105984
target_page_id id: 1 tid 105984
0 1 tid 105984
365 8 tid 105984
150 tid 105984
Insert  tid 105984
FindTargetPageId rootid 9 tid 105984
target_page_id id: 1 tid 105984
0 1 tid 105984
365 8 tid 105984
150 tid 105984
Insert  tid 105984
FindTargetPageId rootid 9 tid 105984
target_page_id id: 1 tid 105984
0 1 tid 105984
365 8 tid 105984
150 tid 105984
Insert  tid 105984
FindTargetPageId rootid 9 tid 105984
target_page_id id: 1 tid 105984
0 1 tid 105984
365 8 tid 105984
150 tid 105984
Insert  tid 105984
FindTargetPageId rootid 9 tid 105983
target_page_id id: 1 tid 105983
0 1 tid 105983
365 8 tid 105983
150 tid 105983
Remove  tid 105983
FindTargetPageId rootid 9 tid 105982
target_page_id id: 1 tid 105982
0 1 tid 105982
365 8 tid 105982
149 tid 105982
Insert  tid 105982
FindTargetPageId rootid 9 tid 105982
target_page_id id: 1 tid 105982
0 1 tid 105982
365 8 tid 105982
150 tid 105982
Insert  tid 105982
FindTargetPageId rootid 9 tid 105982
target_page_id id: 1 tid 105982
0 1 tid 105982
365 8 tid 105982
151 tid 105982
Insert  tid 105982
FindTargetPageId rootid 9 tid 105982
target_page_id id: 1 tid 105982
0 1 tid 105982
365 8 tid 105982
152 tid 105982
Insert  tid 105982
FindTargetPageId rootid 9 tid 105982
target_page_id id: 1 tid 105982
0 1 tid 105982
365 8 tid 105982
153 tid 105982
Insert  tid 105982
FindTargetPageId rootid 9 tid 105982
target_page_id id: 1 tid 105982
0 1 tid 105982
365 8 tid 105982
154 tid 105982
Insert  tid 105982
FindTargetPageId rootid 9 tid 105982
target_page_id id: 1 tid 105982
0 1 tid 105982
365 8 tid 105982
155 tid 105982
Insert  tid 105982
FindTargetPageId rootid 9 tid 105982
target_page_id id: 1 tid 105982
0 1 tid 105982
365 8 tid 105982
156 tid 105982
Insert  tid 105982
FindTargetPageId rootid 9 tid 105982
target_page_id id: 1 tid 105982
0 1 tid 105982
365 8 tid 105982
157 tid 105982
Insert  tid 105982
FindTargetPageId rootid 9 tid 105982
target_page_id id: 1 tid 105982
0 1 tid 105982
365 8 tid 105982
158 tid 105982
Insert  tid 105982
FindTargetPageId rootid 9 tid 105982
target_page_id id: 1 tid 105982
0 1 tid 105982
365 8 tid 105982
159 tid 105982
Insert  tid 105982
FindTargetPageId rootid 9 tid 105982
target_page_id id: 1 tid 105982
0 1 tid 105982
365 8 tid 105982
160 tid 105982
Insert  tid 105982
FindTargetPageId rootid 9 tid 105982
target_page_id id: 1 tid 105982
0 1 tid 105982
365 8 tid 105982
161 tid 105982
Insert  tid 105982
FindTargetPageId rootid 9 tid 105984
target_page_id id: 1 tid 105984
0 1 tid 105984
365 8 tid 105984
162 tid 105984
Insert  tid 105984
FindTargetPageId rootid 9 tid 105984
target_page_id id: 1 tid 105984
0 1 tid 105984
365 8 tid 105984
162 tid 105984
Insert  tid 105984
FindTargetPageId rootid 9 tid 105982
target_page_id id: 1 tid 105982
0 1 tid 105982
365 8 tid 105982
162 tid 105982
Insert  tid 105982
FindTargetPageId rootid 9 tid 105982
target_page_id id: 1 tid 105982
0 1 tid 105982
365 8 tid 105982
163 tid 105982
Insert  tid 105982
FindTargetPageId rootid 9 tid 105982
target_page_id id: 1 tid 105982
0 1 tid 105982
365 8 tid 105982
164 tid 105982
Insert  tid 105982
FindTargetPageId rootid 9 tid 105982
target_page_id id: 1 tid 105982
0 1 tid 105982
365 8 tid 105982
165 tid 105982
Insert  tid 105982
FindTargetPageId rootid 9 tid 105982
target_page_id id: 1 tid 105982
0 1 tid 105982
365 8 tid 105982
166 tid 105982
Insert  tid 105982
FindTargetPageId rootid 9 tid 105982
target_page_id id: 1 tid 105982
0 1 tid 105982
365 8 tid 105982
167 tid 105982
Insert  tid 105982
FindTargetPageId rootid 9 tid 105982
target_page_id id: 1 tid 105982
0 1 tid 105982
365 8 tid 105982
168 tid 105982
Insert  tid 105982
FindTargetPageId rootid 9 tid 105982
target_page_id id: 1 tid 105982
0 1 tid 105982
365 8 tid 105982
169 tid 105982
Insert  tid 105982
FindTargetPageId rootid 9 tid 105983
target_page_id id: 1 tid 105983
0 1 tid 105983
365 8 tid 105983
170 tid 105983
Remove  tid 105983
FindTargetPageId rootid 9 tid 105984
target_page_id id: 1 tid 105984
0 1 tid 105984
365 8 tid 105984
169 tid 105984
Insert  tid 105984
FindTargetPageId rootid 9 tid 105984
target_page_id id: 1 tid 105984
0 1 tid 105984
365 8 tid 105984
169 tid 105984
Insert  tid 105984
FindTargetPageId rootid 9 tid 105984
target_page_id id: 1 tid 105984
0 1 tid 105984
365 8 tid 105984
169 tid 105984
Insert  tid 105984
FindTargetPageId rootid 9 tid 105984
target_page_id id: 1 tid 105984
0 1 tid 105984
365 8 tid 105984
169 tid 105984
Insert  tid 105984
FindTargetPageId rootid 9 tid 105982
target_page_id id: 1 tid 105982
0 1 tid 105982
365 8 tid 105982
169 tid 105982
Insert  tid 105982
FindTargetPageId rootid 9 tid 105982
target_page_id id: 1 tid 105982
0 1 tid 105982
365 8 tid 105982
170 tid 105982
Insert  tid 105982
FindTargetPageId rootid 9 tid 105983
target_page_id id: 1 tid 105983
0 1 tid 105983
365 8 tid 105983
171 tid 105983
Remove  tid 105983
FindTargetPageId rootid 9 tid 105983
target_page_id id: 1 tid 105983
0 1 tid 105983
365 8 tid 105983
170 tid 105983
Remove  tid 105983
FindTargetPageId rootid 9 tid 105983
target_page_id id: 1 tid 105983
0 1 tid 105983
365 8 tid 105983
169 tid 105983
Remove  tid 105983
FindTargetPageId rootid 9 tid 105983
target_page_id id: 1 tid 105983
0 1 tid 105983
365 8 tid 105983
168 tid 105983
Remove  tid 105983
FindTargetPageId rootid 9 tid 105983
target_page_id id: 1 tid 105983
0 1 tid 105983
365 8 tid 105983
167 tid 105983
Remove  tid 105983
FindTargetPageId rootid 9 tid 105982
target_page_id id: 1 tid 105982
0 1 tid 105982
365 8 tid 105982
166 tid 105982
Insert  tid 105982
FindTargetPageId rootid 9 tid 105982
target_page_id id: 1 tid 105982
0 1 tid 105982
365 8 tid 105982
167 tid 105982
Insert  tid 105982
FindTargetPageId rootid 9 tid 105984
target_page_id id: 1 tid 105984
0 1 tid 105984
365 8 tid 105984
168 tid 105984
Insert  tid 105984
FindTargetPageId rootid 9 tid 105984
target_page_id id: 1 tid 105984
0 1 tid 105984
365 8 tid 105984
168 tid 105984
Insert  tid 105984
FindTargetPageId rootid 9 tid 105984
target_page_id id: 1 tid 105984
0 1 tid 105984
365 8 tid 105984
168 tid 105984
Insert  tid 105984
FindTargetPageId rootid 9 tid 105984
target_page_id id: 1 tid 105984
0 1 tid 105984
365 8 tid 105984
168 tid 105984
Insert  tid 105984
FindTargetPageId rootid 9 tid 105984
target_page_id id: 1 tid 105984
0 1 tid 105984
365 8 tid 105984
168 tid 105984
Insert  tid 105984
FindTargetPageId rootid 9 tid 105984
target_page_id id: 1 tid 105984
0 1 tid 105984
365 8 tid 105984
168 tid 105984
Insert  tid 105984
FindTargetPageId rootid 9 tid 105984
target_page_id id: 1 tid 105984
0 1 tid 105984
365 8 tid 105984
168 tid 105984
Insert  tid 105984
FindTargetPageId rootid 9 tid 105984
target_page_id id: 1 tid 105984
0 1 tid 105984
365 8 tid 105984
168 tid 105984
Insert  tid 105984
FindTargetPageId rootid 9 tid 105984
target_page_id id: 1 tid 105984
0 1 tid 105984
365 8 tid 105984
168 tid 105984
Insert  tid 105984
FindTargetPageId rootid 9 tid 105984
target_page_id id: 1 tid 105984
0 1 tid 105984
365 8 tid 105984
168 tid 105984
Insert  tid 105984
FindTargetPageId rootid 9 tid 105984
target_page_id id: 1 tid 105984
0 1 tid 105984
365 8 tid 105984
168 tid 105984
Insert  tid 105984
FindTargetPageId rootid 9 tid 105984
target_page_id id: 1 tid 105984
0 1 tid 105984
365 8 tid 105984
168 tid 105984
Insert  tid 105984
FindTargetPageId rootid 9 tid 105984
target_page_id id: 1 tid 105984
0 1 tid 105984
365 8 tid 105984
168 tid 105984
Insert  tid 105984
FindTargetPageId rootid 9 tid 105984
target_page_id id: 1 tid 105984
0 1 tid 105984
365 8 tid 105984
168 tid 105984
Insert  tid 105984
FindTargetPageId rootid 9 tid 105984
target_page_id id: 1 tid 105984
0 1 tid 105984
365 8 tid 105984
168 tid 105984
Insert  tid 105984
FindTargetPageId rootid 9 tid 105984
target_page_id id: 1 tid 105984
0 1 tid 105984
365 8 tid 105984
168 tid 105984
Insert  tid 105984
FindTargetPageId rootid 9 tid 105984
target_page_id id: 1 tid 105984
0 1 tid 105984
365 8 tid 105984
168 tid 105984
Insert  tid 105984
FindTargetPageId rootid 9 tid 105984
target_page_id id: 1 tid 105984
0 1 tid 105984
365 8 tid 105984
168 tid 105984
Insert  tid 105984
FindTargetPageId rootid 9 tid 105984
target_page_id id: 1 tid 105984
0 1 tid 105984
365 8 tid 105984
168 tid 105984
Insert  tid 105984
FindTargetPageId rootid 9 tid 105982
target_page_id id: 1 tid 105982
0 1 tid 105982
365 8 tid 105982
168 tid 105982
Insert  tid 105982
FindTargetPageId rootid 9 tid 105982
target_page_id id: 1 tid 105982
0 1 tid 105982
365 8 tid 105982
169 tid 105982
Insert  tid 105982
FindTargetPageId rootid 9 tid 105982
target_page_id id: 1 tid 105982
0 1 tid 105982
365 8 tid 105982
170 tid 105982
Insert  tid 105982
FindTargetPageId rootid 9 tid 105982
target_page_id id: 1 tid 105982
0 1 tid 105982
365 8 tid 105982
171 tid 105982
Insert  tid 105982
FindTargetPageId rootid 9 tid 105983
target_page_id id: 1 tid 105983
0 1 tid 105983
365 8 tid 105983
172 tid 105983
Remove  tid 105983
FindTargetPageId rootid 9 tid 105984
target_page_id id: 1 tid 105984
0 1 tid 105984
365 8 tid 105984
171 tid 105984
Insert  tid 105984
FindTargetPageId rootid 9 tid 105982
target_page_id id: 1 tid 105982
0 1 tid 105982
365 8 tid 105982
171 tid 105982
Insert  tid 105982
FindTargetPageId rootid 9 tid 105982
target_page_id id: 1 tid 105982
0 1 tid 105982
365 8 tid 105982
172 tid 105982
Insert  tid 105982
FindTargetPageId rootid 9 tid 105982
target_page_id id: 1 tid 105982
0 1 tid 105982
365 8 tid 105982
173 tid 105982
Insert  tid 105982
FindTargetPageId rootid 9 tid 105983
target_page_id id: 1 tid 105983
0 1 tid 105983
365 8 tid 105983
174 tid 105983
Remove  tid 105983
FindTargetPageId rootid 9 tid 105984
target_page_id id: 1 tid 105984
0 1 tid 105984
365 8 tid 105984
173 tid 105984
Insert  tid 105984
FindTargetPageId rootid 9 tid 105982
target_page_id id: 1 tid 105982
0 1 tid 105982
365 8 tid 105982
173 tid 105982
Insert  tid 105982
FindTargetPageId rootid 9 tid 105982
target_page_id id: 1 tid 105982
0 1 tid 105982
365 8 tid 105982
174 tid 105982
Insert  tid 105982
FindTargetPageId rootid 9 tid 105982
target_page_id id: 1 tid 105982
0 1 tid 105982
365 8 tid 105982
175 tid 105982
Insert  tid 105982
FindTargetPageId rootid 9 tid 105982
target_page_id id: 1 tid 105982
0 1 tid 105982
365 8 tid 105982
176 tid 105982
Insert  tid 105982
FindTargetPageId rootid 9 tid 105982
target_page_id id: 1 tid 105982
0 1 tid 105982
365 8 tid 105982
177 tid 105982
Insert  tid 105982
FindTargetPageId rootid 9 tid 105982
target_page_id id: 1 tid 105982
0 1 tid 105982
365 8 tid 105982
178 tid 105982
Insert  tid 105982
FindTargetPageId rootid 9 tid 105982
target_page_id id: 1 tid 105982
0 1 tid 105982
365 8 tid 105982
179 tid 105982
Insert  tid 105982
FindTargetPageId rootid 9 tid 105984
target_page_id id: 1 tid 105984
0 1 tid 105984
365 8 tid 105984
180 tid 105984
Insert  tid FindTargetPageId rootid 9 tid 105983
target_page_id id: 1 tid 105983
0 1 tid 105983
365 8 tid 105983
180 tid 105983
Remove  tid 105983
FindTargetPageId rootid 9 tid 105983
target_page_id id: 1 tid 105983
0 1 tid 105983
365 8 tid 105983
179 tid 105983
105984
FindTargetPageId rootid 9 tid 105984
Remove target_page_id id: 1 tid 105984
0 1 tid 105984
365 8 tid 105984
178 tid 105984
 tid 105983
Insert  tid 105984
FindTargetPageId rootid 9 tid 105983
target_page_id id: 1 tid 105983
0 1 tid 105983
365 8 tid 105983
178 tid 105983
Remove  tid 105983
FindTargetPageId rootid 9 tid 105984
target_page_id id: 1 tid 105984
0 1 tid 105984
365 8 tid 105984
177 tid 105984
Insert  tid 105984
FindTargetPageId rootid 9 tid 105984
target_page_id id: 1 tid 105984
0 1 tid 105984
365 8 tid 105984
177 tid 105984
Insert  tid 105984
FindTargetPageId rootid 9 tid 105984
target_page_id id: 1 tid 105984
0 1 tid 105984
365 8 tid 105984
177 tid 105984
Insert  tid 105984
FindTargetPageId rootid 9 tid 105984
target_page_id id: 1 tid 105984
0 1 tid 105984
365 8 tid 105984
177 tid 105984
Insert  tid 105984
FindTargetPageId rootid 9 tid 105984
target_page_id id: 1 tid 105984
0 1 tid 105984
365 8 tid 105984
177 tid 105984
Insert  tid 105984
FindTargetPageId rootid 9 tid 105984
target_page_id id: 1 tid 105984
0 1 tid 105984
365 8 tid 105984
177 tid 105984
Insert  tid 105984
FindTargetPageId rootid 9 tid 105984
target_page_id id: 1 tid 105984
0 1 tid 105984
365 8 tid 105984
177 tid 105984
Insert  tid 105984
FindTargetPageId rootid 9 tid 105984
target_page_id id: 1 tid 105984
0 1 tid 105984
365 8 tid 105984
177 tid 105984
Insert  tid 105984
FindTargetPageId rootid 9 tid 105984
target_page_id id: 1 tid 105984
0 1 tid 105984
365 8 tid 105984
177 tid 105984
Insert  tid 105984
FindTargetPageId rootid 9 tid 105984
target_page_id id: 1 tid 105984
0 1 tid 105984
365 8 tid 105984
177 tid 105984
FindTargetPageId rootid 9 tid 105982
target_page_id id: 1 tid 105982
0 1 tid 105982
365 8 tid 105982
177 tid 105982
Insert  tid 105984
FindTargetPageId rootid 9 tid 105984
target_page_id id: 1 tid 105984
0 1 tid 105984
365 8 tid 105984
178 tid 105984
Insert  tid 105984
FindTargetPageId rootid 9 tid 105983
target_page_id id: 1 tid 105983
0 1 tid 105983
365 8 tid 105983
178 tid 105983
Remove  tid 105983
FindTargetPageId rootid 9 tid 105983
target_page_id id: 1 tid 105983
0 1 tid 105983
365 8 tid 105983
177 tid 105983
Remove  tid 105983
FindTargetPageId rootid 9 tid 105983
target_page_id id: 1 tid 105983
0 1 tid 105983
365 8 tid 105983
Insert 176 tid 105983
Remove  tid 105983
FindTargetPageId rootid 9 tid 105983
target_page_id id: 1 tid 105983
0 1 tid 105983
365 8 tid 105983
175 tid 105983
Remove  tid 105983
 tid 105982
FindTargetPageId rootid 9 tid 105983
target_page_id id: 1 tid 105983
0 1 tid 105983
365 8 tid 105983
174 tid 105983
Remove  tid 105983
FindTargetPageId rootid 9 tid 105982
target_page_id id: 1 tid 105982
0 1 tid 105982
365 8 tid 105982
173 tid 105982
Insert  tid 105982
FindTargetPageId rootid 9 tid 105984
target_page_id id: 1 tid 105984
0 1 tid 105984
365 8 tid 105984
174 tid 105984
Insert  tid 105984
FindTargetPageId rootid 9 tid 105984
target_page_id id: 1 tid 105984
0 1 tid 105984
365 8 tid 105984
174 tid 105984
Insert  tid 105984
FindTargetPageId rootid 9 tid 105984
target_page_id id: 1 tid 105984
0 1 tid 105984
365 8 tid 105984
174 tid 105984
Insert  tid 105984
FindTargetPageId rootid 9 tid 105984
target_page_id id: 1 tid 105984
0 1 tid 105984
365 8 tid 105984
174 tid 105984
Insert  tid 105984
FindTargetPageId rootid 9 tid 105984
target_page_id id: 1 tid 105984
0 1 tid 105984
365 8 tid 105984
174 tid 105984
Insert  tid 105984
FindTargetPageId rootid 9 tid 105984
target_page_id id: 1 tid 105984
0 1 tid 105984
365 8 tid 105984
174 tid 105984
Insert  tid 105984
FindTargetPageId rootid 9 tid 105983
target_page_id id: 1 tid 105983
0 1 tid 105983
365 8 tid 105983
174 tid 105983
Remove  tid 105983
FindTargetPageId rootid 9 tid 105982
target_page_id id: 1 tid 105982
0 1 tid 105982
365 8 tid 105982
173 tid 105982
Insert  tid 105982
FindTargetPageId rootid 9 tid 105982
target_page_id id: 1 tid 105982
0 1 tid 105982
365 8 tid 105982
174 tid 105982
Insert  tid 105982
FindTargetPageId rootid 9 tid 105982
target_page_id id: 1 tid 105982
0 1 tid 105982
365 8 tid 105982
175 tid 105982
Insert  tid 105982
FindTargetPageId rootid 9 tid 105982
target_page_id id: 1 tid 105982
0 1 tid 105982
365 8 tid 105982
176 tid 105982
Insert  tid 105982
FindTargetPageId rootid 9 tid 105982
target_page_id id: 1 tid 105982
0 1 tid 105982
365 8 tid 105982
177 tid 105982
Insert  tid 105982
FindTargetPageId rootid 9 tid 105984
target_page_id id: 1 tid 105984
0 1 tid 105984
365 8 tid 105984
178 tid 105984
Insert  tid 105984
FindTargetPageId rootid 9 tid 105984
target_page_id id: 1 tid 105984
0 1 tid 105984
365 8 tid 105984
178 tid 105984
Insert  tid FindTargetPageId rootid 1059849 tid 
105982
target_page_id id: 1 tid 105982
0 1 tid 105982
365 8 tid 105982
178 tid 105982
Insert  tid 105982
FindTargetPageId rootid 9 tid 105983
target_page_id id: 1 tid 105983
0 1 tid 105983
365 8 tid 105983
179 tid 105983
Remove  tid 105983
FindTargetPageId rootid 9 tid 105984
target_page_id id: 1 tid 105984
0 1 tid 105984
365 8 tid 105984
178 tid 105984
Insert  tid 105984
FindTargetPageId rootid 9 tid 105982
target_page_id id: 1 tid 105982
0 1 tid 105982
365 8 tid 105982
178 tid 105982
Insert  tid 105982
FindTargetPageId rootid 9 tid 105982
target_page_id id: 1 tid 105982
0 1 tid 105982
365 8 tid 105982
179 tid 105982
Insert  tid 105982
FindTargetPageId rootid 9 tid 105982
target_page_id id: 1 tid 105982
0 1 tid 105982
365 8 tid 105982
180 tid 105982
Insert  tid 105982
FindTargetPageId rootid 9 tid 105982
target_page_id id: 1 tid 105982
0 1 tid 105982
365 8 tid 105982
181 tid 105982
Insert  tid 105982
FindTargetPageId rootid 9 tid 105982
target_page_id id: 1 tid 105982
0 1 tid 105982
365 8 tid 105982
182 tid 105982
Insert  tid 105982
FindTargetPageId rootid 9 tid 105982
target_page_id id: 1 tid 105982
0 1 tid 105982
365 8 tid 105982
183 tid 105982
Insert  tid 105982
FindTargetPageId rootid 9 tid 105982
target_page_id id: 1 tid 105982
0 1 tid 105982
365 8 tid 105982
184 tid 105982
Insert  tid 105982
FindTargetPageId rootid 9 tid 105982
target_page_id id: 1 tid 105982
0 1 tid 105982
365 8 tid 105982
185 tid 105982
Insert  tid 105982
FindTargetPageId rootid 9 tid 105982
target_page_id id: 1 tid 105982
0 1 tid 105982
365 8 tid 105982
186 tid 105982
Insert  tid 105982
FindTargetPageId rootid 9 tid 105982
target_page_id id: 1 tid 105982
0 1 tid 105982
365 8 tid 105982
187 tid 105982
Insert  tid 105982
FindTargetPageId rootid 9 tid 105982
target_page_id id: 1 tid 105982
0 1 tid 105982
365 8 tid 105982
188 tid 105982
Insert  tid 105982
FindTargetPageId rootid 9 tid 105984
target_page_id id: 1 tid 105984
0 1 tid 105984
365 8 tid 105984
189 tid 105984
Insert  tid 105984
FindTargetPageId rootid 9 tid 105984
target_page_id id: 1 tid 105984
0 1 tid 105984
365 8 tid 105984
189 tid 105984
Insert  tid 105984
FindTargetPageId rootid 9 tid 105984
target_page_id id: 1 tid 105984
0 1 tid 105984
365 8 tid 105984
189 tid 105984
Insert  tid 105984
FindTargetPageId rootid 9 tid 105982
target_page_id id: 1 tid 105982
0 1 tid 105982
365 8 tid 105982
189 tid 105982
Insert  tid 105982
FindTargetPageId rootid 9 tid 105982
target_page_id id: 1 tid 105982
0 1 tid 105982
365 8 tid 105982
190 tid 105982
Insert  tid 105982
FindTargetPageId rootid 9 tid 105982
target_page_id id: 1 tid 105982
0 1 tid 105982
365 8 tid 105982
191 tid 105982
Insert  tid 105982
FindTargetPageId rootid 9 tid 105982
target_page_id id: 1 tid 105982
0 1 tid 105982
365 8 tid 105982
192 tid 105982
Insert  tid 105982
FindTargetPageId rootid 9 tid 105983
target_page_id id: 1 tid 105983
0 1 tid 105983
365 8 tid 105983
193 tid 105983
FindTargetPageId rootid 9 tid 105984
target_page_id id: 1 tid 105984
0 1 tid 105984
365 8 tid 105984
192 tid 105984
Remove  tid 105983
Insert  tid 105984
FindTargetPageId rootid 9 tid 105982
target_page_id id: 1 tid 105982
0 1 tid 105982
365 8 tid 105982
192 tid 105982
Insert  tid 105982
FindTargetPageId rootid 9 tid 105982
target_page_id id: 1 tid 105982
0 1 tid 105982
365 8 tid 105982
193 tid 105982
Insert  tid 105982
FindTargetPageId rootid 9 tid 105983
target_page_id id: 1 tid 105983
0 1 tid 105983
365 8 tid 105983
194 tid 105983
Remove  tid 105983
FindTargetPageId rootid 9 tid 105984
target_page_id id: 1 tid 105984
0 1 tid 105984
365 8 tid 105984
193 tid 105984
Insert  tid 105984
FindTargetPageId rootid 9 tid 105982
target_page_id id: 1 tid 105982
0 1 tid 105982
365 8 tid 105982
193 tid 105982
Insert  tid 105982
FindTargetPageId rootid 9 tid 105983
target_page_id id: 1 tid 105983
0 1 tid 105983
365 8 tid 105983
194 tid 105983
Remove  tid 105983
FindTargetPageId rootid 9 tid 105984
target_page_id id: 1 tid 105984
0 1 tid 105984
365 8 tid 105984
193 tid 105984
Insert  tid 105984
FindTargetPageId rootid 9 tid 105984
target_page_id id: 1 tid 105984
0 1 tid 105984
365 8 tid 105984
193 tid 105984
Insert  tid 105984
FindTargetPageId rootid 9 tid 105984
target_page_id id: 1 tid 105984
0 1 tid 105984
365 8 tid 105984
193 tid 105984
Insert  tid 105984
FindTargetPageId rootid 9 tid 105984
target_page_id id: 1 tid 105984
0 1 tid 105984
365 8 tid 105984
193 tid 105984
Insert  tid 105984
FindTargetPageId rootid 9 tid 105984
target_page_id id: 1 tid 105984
0 1 tid 105984
365 8 tid 105984
193 tid 105984
Insert  tid 105984
FindTargetPageId rootid 9 tid 105984
target_page_id id: 1 tid 105984
0 1 tid 105984
365 8 tid 105984
193 tid 105984
Insert  tid 105984
FindTargetPageId rootid 9 tid 105984
target_page_id id: 1 tid 105984
0 1 tid 105984
365 8 tid 105984
193 tid 105984
Insert  tid 105984
FindTargetPageId rootid 9 tid 105984
target_page_id id: 1 tid 105984
0 1 tid 105984
365 8 tid 105984
193 tid 105984
Insert  tid 105984
FindTargetPageId rootid 9 tid 105984
target_page_id id: 1 tid 105984
0 1 tid 105984
365 8 tid 105984
193 tid 105984
Insert  tid 105984
FindTargetPageId rootid 9 tid 105984
target_page_id id: 1 tid 105984
0 1 tid 105984
365 8 tid 105984
193 tid 105984
Insert  tid 105984
FindTargetPageId rootid 9 tid 105984
target_page_id id: 1 tid 105984
0 1 tid 105984
365 8 tid 105984
193 tid 105984
Insert  tid 105984
FindTargetPageId rootid 9 tid 105983
target_page_id id: 1 tid 105983
0 1 tid 105983
365 8 tid 105983
193 tid 105983
Remove  tid 105983
FindTargetPageId rootid 9 tid 105982
target_page_id id: 1 tid 105982
0 1 tid 105982
365 8 tid 105982
192 tid 105982
Insert  tid 105982
FindTargetPageId rootid 9 tid 105982
target_page_id id: 1 tid 105982
0 1 tid 105982
365 8 tid 105982
193 tid 105982
Insert  tid 105982
FindTargetPageId rootid 9 tid 105982
target_page_id id: 1 tid 105982
0 1 tid 105982
365 8 tid 105982
194 tid 105982
Insert  tid 105982
FindTargetPageId rootid 9 tid 105982
target_page_id id: 1 tid 105982
0 1 tid 105982
365 8 tid 105982
195 tid 105982
Insert  tid 105982
FindTargetPageId rootid 9 tid 105982
target_page_id id: 1 tid 105982
0 1 tid 105982
365 8 tid 105982
196 tid 105982
Insert  tid 105982
FindTargetPageId rootid 9 tid 105982
target_page_id id: 1 tid 105982
0 1 tid 105982
365 8 tid 105982
197 tid 105982
Insert  tid 105982
FindTargetPageId rootid 9 tid 105982
target_page_id id: 1 tid 105982
0 1 tid 105982
365 8 tid 105982
198 tid 105982
Insert  tid 105982
FindTargetPageId rootid 9 tid 105982
target_page_id id: 1 tid 105982
0 1 tid 105982
365 8 tid 105982
199 tid 105982
Insert  tid 105982
FindTargetPageId rootid 9 tid 105982
target_page_id id: 1 tid 105982
0 1 tid 105982
365 8 tid 105982
200 tid 105982
Insert  tid 105982
FindTargetPageId rootid 9 tid 105982
target_page_id id: 1 tid 105982
0 1 tid 105982
365 8 tid 105982
201 tid 105982
Insert  tid 105982
FindTargetPageId rootid 9 tid 105982
target_page_id id: 1 tid 105982
0 1 tid 105982
365 8 tid 105982
202 tid 105982
Insert  tid 105982
FindTargetPageId rootid 9 tid 105982
target_page_id id: 1 tid 105982
0 1 tid 105982
365 8 tid 105982
203 tid 105982
Insert  tid 105982
FindTargetPageId rootid 9 tid 105982
target_page_id id: 1 tid 105982
0 1 tid 105982
365 8 tid 105982
204 tid 105982
Insert  tid 105982
FindTargetPageId rootid 9 tid 105982
target_page_id id: 1 tid 105982
0 1 tid 105982
365 8 tid 105982
205 tid 105982
Insert  tid 105982
FindTargetPageId rootid 9 tid 105982
target_page_id id: 1 tid 105982
0 1 tid 105982
365 8 tid 105982
206 tid 105982
Insert  tid 105982
FindTargetPageId rootid 9 tid 105982
target_page_id id: 1 tid 105982
0 1 tid 105982
365 8 tid 105982
207 tid 105982
Insert  tid 105982
FindTargetPageId rootid 9 tid 105982
target_page_id id: 1 tid 105982
0 1 tid 105982
365 8 tid 105982
208 tid 105982
Insert  tid 105982
FindTargetPageId rootid 9 tid 105982
target_page_id id: 1 tid 105982
0 1 tid 105982
365 8 tid 105982
209 tid 105982
Insert  tid 105982
FindTargetPageId rootid 9 tid 105982
target_page_id id: 1 tid 105982
0 1 tid 105982
365 8 tid 105982
210 tid 105982
Insert  tid 105982
FindTargetPageId rootid 9 tid 105984
target_page_id id: 1 tid 105984
0 1 tid 105984
365 8 tid 105984
211 tid 105984
Insert  tid 105984
FindTargetPageId rootid 9 tid 105983
target_page_id id: 1 tid 105983
0 1 tid 105983
365 8 tid 105983
211 tid 105983
Remove  tid 105983
FindTargetPageId rootid 9 tid 105982
target_page_id id: 1 tid 105982
0 1 tid 105982
365 8 tid 105982
210 tid 105982
Insert  tid 105982
FindTargetPageId rootid 9 tid 105982
target_page_id id: 1 tid 105982
0 1 tid 105982
365 8 tid 105982
211 tid 105982
Insert  tid 105982
FindTargetPageId rootid 9 tid 105984
target_page_id id: 1 tid 105984
0 1 tid 105984
365 8 tid 105984
212 tid 105984
Insert  tid 105984
FindTargetPageId rootid 9 tid 105984
target_page_id id: 1 tid 105984
0 1 tid 105984
365 8 tid 105984
212 tid 105984
Insert  tid 105984
FindTargetPageId rootid 9 tid 105984
target_page_id id: 1 tid 105984
0 1 tid 105984
365 8 tid 105984
212 tid 105984
Insert  tid 105984
FindTargetPageId rootid 9 tid 105983
target_page_id id: 1 tid 105983
0 1 tid 105983
365 8 tid 105983
212 tid 105983
Remove  tid 105983
FindTargetPageId rootid 9 tid 105983
target_page_id id: 1 tid 105983
0 1 tid 105983
365 8 tid 105983
211 tid 105983
Remove  tid 105983
FindTargetPageId rootid 9 tid 105984
target_page_id id: 1 tid 105984
0 1 tid 105984
365 8 tid 105984
210 tid 105984
Insert  tid 105984
FindTargetPageId rootid 9 tid 105982
target_page_id id: 1 tid 105982
0 1 tid 105982
365 8 tid 105982
210 tid 105982
Insert  tid 105982
FindTargetPageId rootid 9 tid 105982
target_page_id id: 1 tid 105982
0 1 tid 105982
365 8 tid 105982
211 tid 105982
Insert  tid 105982
FindTargetPageId rootid 9 tid 105982
target_page_id id: 1 tid 105982
0 1 tid 105982
365 8 tid 105982
212 tid 105982
Insert  tid 105982
FindTargetPageId rootid 9 tid 105982
target_page_id id: 1 tid 105982
0 1 tid 105982
365 8 tid 105982
213 tid 105982
Insert  tid 105982
FindTargetPageId rootid 9 tid 105982
target_page_id id: 1 tid 105982
0 1 tid 105982
365 8 tid 105982
214 tid 105982
Insert  tid 105982
FindTargetPageId rootid 9 tid 105982
target_page_id id: 1 tid 105982
0 1 tid 105982
365 8 tid 105982
215 tid 105982
Insert  tid 105982
FindTargetPageId rootid 9 tid 105983
target_page_id id: 1 tid 105983
0 1 tid 105983
365 8 tid 105983
216 tid 105983
Remove  tid 105983
FindTargetPageId rootid 9 tid 105984
target_page_id id: 1 tid 105984
0 1 tid 105984
365 8 tid 105984
215 tid 105984
Insert  tid 105984
FindTargetPageId rootid 9 tid 105984
target_page_id id: 1 tid 105984
0 1 tid 105984
365 8 tid 105984
215 tid 105984
Insert  tid 105984
FindTargetPageId rootid 9 tid 105984
target_page_id id: 1 tid 105984
0 1 tid 105984
365 8 tid 105984
215 tid 105984
Insert  tid 105984
FindTargetPageId rootid 9 tid 105983
target_page_id id: 1 tid 105983
0 1 tid 105983
365 8 tid 105983
215 tid 105983
Remove  tid 105983
FindTargetPageId rootid 9 tid 105983
target_page_id id: 1 tid 105983
0 1 tid 105983
365 8 tid 105983
214 tid 105983
Remove  tid 105983
FindTargetPageId rootid 9 tid 105984
target_page_id id: 1 tid 105984
0 1 tid 105984
365 8 tid 105984
213 tid 105984
Insert  tid 105984
FindTargetPageId rootid 9 tid 105982
target_page_id id: 1 tid 105982
0 1 tid 105982
365 8 tid 105982
213 tid 105982
Insert  tid 105982
FindTargetPageId rootid 9 tid 105983
target_page_id id: 1 tid 105983
0 1 tid 105983
365 8 tid 105983
214 tid 105983
Remove  tid 105983
FindTargetPageId rootid 9 tid 105983
target_page_id id: 1 tid 105983
0 1 tid 105983
365 8 tid 105983
213 tid 105983
Remove  tid 105983
FindTargetPageId rootid 9 tid 105983
target_page_id id: 1 tid 105983
0 1 tid 105983
365 8 tid 105983
212 tid 105983
Remove  tid 105983
FindTargetPageId rootid 9 tid 105983
target_page_id id: 1 tid 105983
0 1 tid 105983
365 8 tid 105983
211 tid 105983
Remove  tid 105983
FindTargetPageId rootid 9 tid 105982
target_page_id id: 1 tid 105982
0 1 tid 105982
365 8 tid 105982
210 tid 105982
Insert  tid 105982
FindTargetPageId rootid 9 tid 105984
target_page_id id: 1 tid 105984
0 1 tid 105984
365 8 tid 105984
211 tid 105984
Insert  tid 105984
FindTargetPageId rootid 9 tid 105984
target_page_id id: 1 tid 105984
0 1 tid 105984
365 8 tid 105984
211 tid 105984
Insert  tid 105984
FindTargetPageId rootid 9 tid 105984
target_page_id id: 1 tid 105984
0 1 tid 105984
365 8 tid 105984
211 tid 105984
Insert  tid 105984
FindTargetPageId rootid 9 tid 105984
target_page_id id: 1 tid 105984
0 1 tid 105984
365 8 tid 105984
211 tid 105984
Insert  tid 105984
FindTargetPageId rootid 9 tid 105984
target_page_id id: 1 tid 105984
0 1 tid 105984
365 8 tid 105984
211 tid 105984
Insert  tid 105984
FindTargetPageId rootid 9 tid 105984
target_page_id id: 1 tid 105984
0 1 tid 105984
365 8 tid 105984
211 tid 105984
Insert  tid 105984
FindTargetPageId rootid 9 tid 105983
target_page_id id: 1 tid 105983
0 1 tid 105983
365 8 tid 105983
211 tid 105983
Remove  tid 105983
FindTargetPageId rootid 9 tid 105982
target_page_id id: 1 tid 105982
0 1 tid 105982
365 8 tid 105982
210 tid 105982
Insert  tid 105982
FindTargetPageId rootid 9 tid 105984
target_page_id id: 1 tid 105984
0 1 tid 105984
365 8 tid 105984
211 tid 105984
Insert  tid 105984
FindTargetPageId rootid 9 tid 105983
target_page_id id: 1 tid 105983
0 1 tid 105983
365 8 tid 105983
211 tid 105983
Remove  tid 105983
FindTargetPageId rootid 9 tid 105982
target_page_id id: 1 tid 105982
0 1 tid 105982
365 8 tid 105982
210 tid 105982
Insert  tid 105982
FindTargetPageId rootid 9 tid 105982
target_page_id id: 1 tid 105982
0 1 tid 105982
365 8 tid 105982
211 tid 105982
Insert  tid 105982
FindTargetPageId rootid 9 tid 105982
target_page_id id: 1 tid 105982
0 1 tid 105982
365 8 tid 105982
212 tid 105982
Insert  tid 105982
FindTargetPageId rootid 9 tid 105982
target_page_id id: 1 tid 105982
0 1 tid 105982
365 8 tid 105982
213 tid 105982
Insert  tid 105982
FindTargetPageId rootid 9 tid 105983
target_page_id id: 1 tid 105983
0 1 tid 105983
365 8 tid 105983
214 tid 105983
FindTargetPageId rootid 9 tid 105984
Remove  tid 105983
target_page_id id: 1 tid 105984
0 1 tid 105984
365 8 tid 105984
213 tid 105984
Insert  tid 105984
FindTargetPageId rootid 9 tid 105982
target_page_id id: 1 tid 105982
0 1 tid 105982
365 8 tid 105982
213 tid 105982
Insert  tid 105982
FindTargetPageId rootid 9 tid 105983
target_page_id id: 1 tid 105983
0 1 tid 105983
365 8 tid 105983
214 tid 105983
Remove  tid 105983
FindTargetPageId rootid 9 tid 105983
target_page_id id: 1 tid 105983
0 1 tid 105983
365 8 tid 105983
213 tid 105983
Remove  tid 105983
FindTargetPageId rootid 9 tid 105983
target_page_id id: 1 tid 105983
0 1 tid 105983
365 8 tid 105983
212 tid 105983
Remove  tid 105983
FindTargetPageId rootid 9 tid 105983
target_page_id id: 1 tid 105983
0 1 tid 105983
365 8 tid 105983
211 tid 105983
Remove  tid 105983
FindTargetPageId rootid 9 tid 105983
target_page_id id: 1 tid 105983
0 1 tid 105983
365 8 tid 105983
210 tid 105983
Remove  tid 105983
FindTargetPageId rootid 9 tid 105983
target_page_id id: 1 tid 105983
0 1 tid 105983
365 8 tid 105983
209 tid 105983
Remove  tid 105983
FindTargetPageId rootid 9 tid 105983
target_page_id id: 1 tid 105983
0 1 tid 105983
365 8 tid 105983
208 tid 105983
Remove  tid 105983
FindTargetPageId rootid 9 tid 105983
target_page_id id: 1 tid 105983
0 1 tid 105983
365 8 tid 105983
207 tid 105983
Remove  tid 105983
FindTargetPageId rootid 9 tid 105982
target_page_id id: 1 tid 105982
0 1 tid 105982
365 8 tid 105982
206 tid 105982
Insert  tid 105982
FindTargetPageId rootid 9 tid 105984
target_page_id id: 1 tid 105984
0 1 tid 105984
365 8 tid 105984
207 tid 105984
FindTargetPageId rootid 9 tid 105983
target_page_id id: 1 tid 105983
0 1 tid 105983
365 8 tid 105983
Insert 207 tid 105983
 tid 105984
Remove  tid 105983
FindTargetPageId rootid 9 tid 105984
target_page_id id: 1 tid 105984
0 1 tid 105984
365 8 tid 105984
206 tid 105984
Insert  tid 105984
FindTargetPageId rootid 9 tid 105982
target_page_id id: 1 tid 105982
0 1 tid 105982
365 8 tid 105982
206 tid 105982
Insert  tid 105982
FindTargetPageId rootid 9 tid 105983
target_page_id id: 1 tid 105983
0 1 tid 105983
365 8 tid 105983
207 tid 105983
Remove  tid 105983
FindTargetPageId rootid 9 tid 105984
target_page_id id: 1 tid 105984
0 1 tid 105984
365 8 tid 105984
206 tid 105984
Insert  tid 105984
FindTargetPageId rootid 9 tid 105984
target_page_id id: 1 tid 105984
0 1 tid 105984
365 8 tid 105984
206 tid 105984
Insert  tid 105984
FindTargetPageId rootid 9 tid 105983
target_page_id id: 1 tid 105983
0 1 tid 105983
365 8 tid 105983
206 tid 105983
Remove  tid 105983
FindTargetPageId rootid 9 tid 105983
target_page_id id: 1 tid 105983
0 1 tid 105983
365 8 tid 105983
205 tid 105983
Remove  tid 105983
FindTargetPageId rootid 9 tid 105984
target_page_id id: 1 tid 105984
0 1 tid 105984
365 8 tid 105984
204 tid 105984
Insert  tid 105984
FindTargetPageId rootid 9 tid 105984
target_page_id id: 1 tid 105984
0 1 tid 105984
365 8 tid 105984
204 tid 105984
Insert  tid 105984
FindTargetPageId rootid 9 tid 105984
target_page_id id: 1 tid 105984
0 1 tid 105984
365 8 tid 105984
204 tid 105984
Insert  tid 105984
FindTargetPageId rootid 9 tid 105984
target_page_id id: 1 tid 105984
0 1 tid 105984
365 8 tid 105984
204 tid 105984
Insert  tid 105984
FindTargetPageId rootid 9 tid 105983
target_page_id id: 1 tid 105983
0 1 tid 105983
365 8 tid 105983
204 tid 105983
Remove  tid 105983
FindTargetPageId rootid 9 tid 105982
target_page_id id: 1 tid 105982
0 1 tid 105982
365 8 tid 105982
203 tid 105982
FindTargetPageId rootid Insert  tid 9 tid 105982
105983
target_page_id id: 1 tid 105983
0 1 tid 105983
365 8 tid 105983
204 tid 105983
Remove  tid 105983
FindTargetPageId rootid 9 tid 105983
target_page_id id: 1 tid 105983
0 1 tid 105983
365 8 tid 105983
203 tid 105983
Remove  tid 105983
FindTargetPageId rootid 9 tid 105983
target_page_id id: 1 tid 105983
0 1 tid 105983
365 8 tid 105983
202 tid 105983
Remove  tid 105983
FindTargetPageId rootid 9 tid 105983
target_page_id id: 1 tid 105983
0 1 tid 105983
365 8 tid 105983
201 tid 105983
Remove  tid 105983
FindTargetPageId rootid 9 tid 105983
target_page_id id: 1 tid 105983
0 1 tid 105983
365 8 tid 105983
200 tid 105983
Remove  tid 105983
FindTargetPageId rootid 9 tid 105983
target_page_id id: 1 tid 105983
0 1 tid 105983
365 8 tid 105983
199 tid 105983
Remove  tid 105983
FindTargetPageId rootid 9 tid 105983
target_page_id id: 1 tid 105983
0 1 tid 105983
365 8 tid 105983
198 tid 105983
Remove  tid 105983
FindTargetPageId rootid 9 tid 105983
target_page_id id: 1 tid 105983
0 1 tid 105983
365 8 tid 105983
197 tid 105983
Remove  tid 105983
FindTargetPageId rootid 9 tid 105983
target_page_id id: 1 tid 105983
0 1 tid 105983
365 8 tid 105983
196 tid 105983
Remove  tid 105983
FindTargetPageId rootid 9 tid 105983
target_page_id id: 1 tid 105983
0 1 tid 105983
365 8 tid 105983
195 tid 105983
Remove  tid 105983
FindTargetPageId rootid 9 tid 105983
target_page_id id: 1 tid 105983
0 1 tid 105983
365 8 tid 105983
194 tid 105983
Remove  tid 105983
FindTargetPageId rootid 9 tid 105983
target_page_id id: 1 tid 105983
0 1 tid 105983
365 8 tid 105983
193 tid 105983
Remove  tid 105983
FindTargetPageId rootid 9 tid 105983
target_page_id id: 1 tid 105983
0 1 tid 105983
365 8 tid 105983
192 tid 105983
Remove  tid 105983
FindTargetPageId rootid 9 tid 105983
target_page_id id: 1 tid 105983
0 1 tid 105983
365 8 tid 105983
191 tid 105983
Remove  tid 105983
FindTargetPageId rootid 9 tid 105983
target_page_id id: 1 tid 105983
0 1 tid 105983
365 8 tid 105983
190 tid 105983
Remove  tid 105983
FindTargetPageId rootid 9 tid 105983
target_page_id id: 1 tid 105983
0 1 tid 105983
365 8 tid 105983
189 tid 105983
Remove  tid 105983
FindTargetPageId rootid 9 tid 105983
target_page_id id: 1 tid 105983
0 1 tid 105983
365 8 tid 105983
188 tid 105983
Remove  tid 105983
FindTargetPageId rootid 9 tid 105983
target_page_id id: 1 tid 105983
0 1 tid 105983
365 8 tid 105983
187 tid 105983
Remove  tid 105983
FindTargetPageId rootid 9 tid 105983
target_page_id id: 1 tid 105983
0 1 tid 105983
365 8 tid 105983
186 tid 105983
Remove  tid 105983
FindTargetPageId rootid 9 tid 105983
target_page_id id: 1 tid 105983
0 1 tid 105983
365 8 tid 105983
185 tid 105983
Remove  tid 105983
FindTargetPageId rootid 9 tid 105983
target_page_id id: 1 tid 105983
0 1 tid 105983
365 8 tid 105983
184 tid 105983
Remove  tid 105983
FindTargetPageId rootid 9 tid 105983
target_page_id id: 1 tid 105983
0 1 tid 105983
365 8 tid 105983
183 tid 105983
Remove  tid 105983
FindTargetPageId rootid 9 tid 105983
target_page_id id: 1 tid 105983
0 1 tid 105983
365 8 tid 105983
182 tid 105983
Remove  tid 105983
FindTargetPageId rootid 9 tid 105983
target_page_id id: 1 tid 105983
0 1 tid 105983
365 8 tid 105983
181 tid 105983
Remove  tid 105983
FindTargetPageId rootid 9 tid 105983
target_page_id id: 1 tid 105983
0 1 tid 105983
365 8 tid 105983
180 tid 105983
Remove  tid 105983
FindTargetPageId rootid 9 tid 105983
target_page_id id: 1 tid 105983
0 1 tid 105983
365 8 tid 105983
179 tid 105983
Remove  tid 105983
FindTargetPageId rootid 9 tid 105983
target_page_id id: 1 tid 105983
0 1 tid 105983
365 8 tid 105983
178 tid 105983
Remove  tid 105983
FindTargetPageId rootid 9 tid 105983
target_page_id id: 1 tid 105983
0 1 tid 105983
365 8 tid 105983
177 tid 105983
Remove  tid 105983
FindTargetPageId rootid 9 tid 105983
target_page_id id: 1 tid 105983
0 1 tid 105983
365 8 tid 105983
176 tid 105983
Remove  tid 105983
FindTargetPageId rootid 9 tid 105983
target_page_id id: 1 tid 105983
0 1 tid 105983
365 8 tid 105983
175 tid 105983
Remove  tid 105983
FindTargetPageId rootid 9 tid 105983
target_page_id id: 1 tid 105983
0 1 tid 105983
365 8 tid 105983
174 tid 105983
Remove  tid 105983
FindTargetPageId rootid 9 tid 105983
target_page_id id: 1 tid 105983
0 1 tid 105983
365 8 tid 105983
173 tid 105983
Remove  tid 105983
FindTargetPageId rootid 9 tid 105983
target_page_id id: 1 tid 105983
0 1 tid 105983
365 8 tid 105983
172 tid 105983
Remove  tid 105983
FindTargetPageId rootid 9 tid 105983
target_page_id id: 1 tid 105983
0 1 tid 105983
365 8 tid 105983
171 tid 105983
Remove  tid 105983
FindTargetPageId rootid 9 tid 105983
target_page_id id: 1 tid 105983
0 1 tid 105983
365 8 tid 105983
170 tid 105983
Remove  tid 105983
FindTargetPageId rootid 9 tid 105983
target_page_id id: 1 tid 105983
0 1 tid 105983
365 8 tid 105983
169 tid 105983
Remove  tid 105983
FindTargetPageId rootid 9 tid 105983
target_page_id id: 1 tid 105983
0 1 tid 105983
365 8 tid 105983
168 tid 105983
Remove  tid 105983
FindTargetPageId rootid 9 tid 105983
target_page_id id: 1 tid 105983
0 1 tid 105983
365 8 tid 105983
167 tid 105983
Remove  tid 105983
FindTargetPageId rootid 9 tid 105983
target_page_id id: 1 tid 105983
0 1 tid 105983
365 8 tid 105983
166 tid 105983
Remove  tid 105983
FindTargetPageId rootid 9 tid 105983
target_page_id id: 1 tid 105983
0 1 tid 105983
365 8 tid 105983
165 tid 105983
Remove  tid 105983
FindTargetPageId rootid 9 tid 105983
target_page_id id: 1 tid 105983
0 1 tid 105983
365 8 tid 105983
164 tid 105983
Remove  tid 105983
FindTargetPageId rootid 9 tid 105983
target_page_id id: 1 tid 105983
0 1 tid 105983
365 8 tid 105983
163 tid 105983
Remove  tid 105983
FindTargetPageId rootid 9 tid 105983
target_page_id id: 1 tid 105983
0 1 tid 105983
365 8 tid 105983
162 tid 105983
Remove  tid 105983
FindTargetPageId rootid 9 tid 105983
target_page_id id: 1 tid 105983
0 1 tid 105983
365 8 tid 105983
161 tid 105983
Remove  tid 105983
FindTargetPageId rootid 9 tid 105983
target_page_id id: 1 tid 105983
0 1 tid 105983
365 8 tid 105983
160 tid 105983
Remove  tid 105983
FindTargetPageId rootid 9 tid 105983
target_page_id id: 1 tid 105983
0 1 tid 105983
365 8 tid 105983
159 tid 105983
Remove  tid 105983
FindTargetPageId rootid 9 tid 105983
target_page_id id: 1 tid 105983
0 1 tid 105983
365 8 tid 105983
158 tid 105983
Remove  tid 105983
FindTargetPageId rootid 9 tid 105983
target_page_id id: 1 tid 105983
0 1 tid 105983
365 8 tid 105983
157 tid 105983
Remove  tid 105983
FindTargetPageId rootid 9 tid 105983
target_page_id id: 1 tid 105983
0 1 tid 105983
365 8 tid 105983
156 tid 105983
Remove  tid 105983
FindTargetPageId rootid 9 tid 105983
target_page_id id: 1 tid 105983
0 1 tid 105983
365 8 tid 105983
155 tid 105983
Remove  tid 105983
FindTargetPageId rootid 9 tid 105983
target_page_id id: 1 tid 105983
0 1 tid 105983
365 8 tid 105983
154 tid 105983
Remove  tid 105983
FindTargetPageId rootid 9 tid 105983
target_page_id id: 1 tid 105983
0 1 tid 105983
365 8 tid 105983
153 tid 105983
Remove  tid 105983
FindTargetPageId rootid 9 tid 105983
target_page_id id: 1 tid 105983
0 1 tid 105983
365 8 tid 105983
152 tid 105983
Remove  tid 105983
FindTargetPageId rootid 9 tid 105983
target_page_id id: 1 tid 105983
0 1 tid 105983
365 8 tid 105983
151 tid 105983
Remove  tid 105983
FindTargetPageId rootid 9 tid 105983
target_page_id id: 1 tid 105983
0 1 tid 105983
365 8 tid 105983
150 tid 105983
Remove  tid 105983
FindTargetPageId rootid 9 tid 105983
target_page_id id: 1 tid 105983
0 1 tid 105983
365 8 tid 105983
149 tid 105983
Remove  tid 105983
FindTargetPageId rootid 9 tid 105983
target_page_id id: 1 tid 105983
0 1 tid 105983
365 8 tid 105983
148 tid 105983
Remove  tid 105983
FindTargetPageId rootid 9 tid 105983
target_page_id id: 1 tid 105983
0 1 tid 105983
365 8 tid 105983
147 tid 105983
Remove  tid 105983
FindTargetPageId rootid 9 tid 105983
target_page_id id: 1 tid 105983
0 1 tid 105983
365 8 tid 105983
146 tid 105983
Remove  tid 105983
FindTargetPageId rootid 9 tid 105983
target_page_id id: 1 tid 105983
0 1 tid 105983
365 8 tid 105983
145 tid 105983
Remove  tid 105983
FindTargetPageId rootid 9 tid 105982
target_page_id id: 1 tid 105982
0 1 tid 105982
365 8 tid 105982
144 tid 105982
Insert  tid 105982
FindTargetPageId rootid 9 tid 105982
target_page_id id: 1 tid 105982
0 1 tid 105982
365 8 tid 105982
145 tid 105982
Insert  tid 105982
FindTargetPageId rootid 9 tid 105982
target_page_id id: 1 tid 105982
0 1 tid 105982
365 8 tid 105982
146 tid 105982
Insert  tid 105982
FindTargetPageId rootid 9 tid 105982
target_page_id id: 1 tid 105982
0 1 tid 105982
365 8 tid 105982
147 tid 105982
Insert  tid 105982
FindTargetPageId rootid 9 tid 105982
target_page_id id: 1 tid 105982
0 1 tid 105982
365 8 tid 105982
148 tid 105982
Insert  tid 105982
FindTargetPageId rootid 9 tid 105982
target_page_id id: 1 tid 105982
0 1 tid 105982
365 8 tid 105982
149 tid 105982
Insert  tid 105982
FindTargetPageId rootid 9 tid 105983
target_page_id id: 1 tid 105983
0 1 tid 105983
365 8 tid 105983
150 tid 105983
Remove  tid 105983
FindTargetPageId rootid 9 tid 105984
target_page_id id: 1 tid 105984
0 1 tid 105984
365 8 tid 105984
149 tid 105984
Insert  tid 105984
FindTargetPageId rootid 9 tid 105984
target_page_id id: 1 tid 105984
0 1 tid 105984
365 8 tid 105984
149 tid 105984
Insert  tid 105984
FindTargetPageId rootid 9 tid 105983
target_page_id id: 1 tid 105983
0 1 tid 105983
365 8 tid 105983
149 tid 105983
Remove  tid 105983
FindTargetPageId rootid 9 tid 105982
target_page_id id: 1 tid 105982
0 1 tid 105982
365 8 tid 105982
148 tid 105982
Insert  tid 105982
FindTargetPageId rootid 9 tid 105984
target_page_id id: 1 tid 105984
0 1 tid 105984
365 8 tid 105984
149 tid 105984
Insert  tid 105984
FindTargetPageId rootid 9 tid 105984
target_page_id id: 1 tid 105984
0 1 tid 105984
365 8 tid 105984
149 tid 105984
Insert  tid 105984
FindTargetPageId rootid 9 tid 105984
target_page_id id: 1 tid 105984
0 1 tid 105984
365 8 tid 105984
149 tid 105984
Insert  tid 105984
FindTargetPageId rootid 9 tid 105984
target_page_id id: 1 tid 105984
0 1 tid 105984
365 8 tid 105984
149 tid 105984
Insert  tid 105984
FindTargetPageId rootid 9 tid 105983
target_page_id id: 1 tid 105983
0 1 tid 105983
365 8 tid 105983
149 tid 105983
Remove  tid 105983
FindTargetPageId rootid 9 tid 105983
target_page_id id: 1 tid 105983
0 1 tid 105983
365 8 tid 105983
148 tid 105983
Remove  tid 105983
FindTargetPageId rootid 9 tid 105983
target_page_id id: 1 tid 105983
0 1 tid 105983
365 8 tid 105983
147 tid 105983
Remove  tid 105983
FindTargetPageId rootid 9 tid 105982
target_page_id id: 1 tid 105982
0 1 tid 105982
365 8 tid 105982
146 tid 105982
Insert  tid 105982
FindTargetPageId rootid 9 tid 105982
target_page_id id: 1 tid 105982
0 1 tid 105982
365 8 tid 105982
147 tid 105982
FindTargetPageId rootid 9 tid 105984
target_page_id id: 1 tid 105984
0 1 tid 105984
365 8 tid 105984
148 tid 105984
Insert  tid 105984
FindTargetPageId rootid 9 tid 105984
target_page_id id: 1 tid 105984
0 1 tid 105984
365 8 tid 105984
148 tid 105984
Insert  tid 105984
FindTargetPageId rootid 9 tid 105983
target_page_id id: 1 tid 105983
0 1 tid 105983
365 8 tid 105983
148 tid 105983
Remove  tid 105983
FindTargetPageId rootid 9 tid 105983
target_page_id id: 1 tid 105983
0 1 tid 105983
365 8 tid 105983
147 tid 105983
Remove  tid 105983
FindTargetPageId rootid 9 tid 105983
target_page_id id: 1 tid 105983
0 1 tid 105983
365 8 tid 105983
146 tid 105983
Remove  tid 105983
FindTargetPageId rootid 9 tid 105983
target_page_id id: 1 tid 105983
0 1 tid 105983
365 8 tid 105983
145 tid 105983
Remove  tid 105983
FindTargetPageId rootid 9 tid 105983
target_page_id id: 1 tid 105983
0 1 tid 105983
365 8 tid 105983
144 tid 105983
Remove  tid 105983
FindTargetPageId rootid 9 tid 105983
target_page_id id: 1 tid 105983
0 1 tid 105983
365 8 tid 105983
143 tid 105983
Remove  tid 105983
FindTargetPageId rootid 9 tid 105983
target_page_id id: 1 tid 105983
Insert  tid 105982
0 1 tid 105983
365 8 tid 105983
142 tid 105983
Remove  tid 105983
FindTargetPageId rootid 9 tid 105982
target_page_id id: 1 tid 105982
0 1 tid 105982
365 8 tid 105982
141 tid 105982
Insert  tid 105982
FindTargetPageId rootid 9 tid 105982
target_page_id id: 1 tid 105982
0 1 tid 105982
365 8 tid 105982
142 tid 105982
Insert  tid 105982
FindTargetPageId rootid 9 tid 105982
target_page_id id: 1 tid 105982
0 1 tid 105982
365 8 tid 105982
143 tid 105982
Insert  tid 105982
FindTargetPageId rootid 9 tid 105982
target_page_id id: 1 tid 105982
0 1 tid 105982
365 8 tid 105982
144 tid 105982
Insert  tid 105982
FindTargetPageId rootid 9 tid 105982
target_page_id id: 1 tid 105982
0 1 tid 105982
365 8 tid 105982
145 tid 105982
Insert  tid 105982
FindTargetPageId rootid 9 tid 105982
target_page_id id: 1 tid 105982
0 1 tid 105982
365 8 tid 105982
146 tid 105982
Insert  tid 105982
FindTargetPageId rootid 9 tid 105982
target_page_id id: 1 tid 105982
0 1 tid 105982
365 8 tid 105982
147 tid 105982
Insert  tid 105982
FindTargetPageId rootid 9 tid 105983
target_page_id id: 1 tid 105983
0 1 tid 105983
365 8 tid 105983
148 tid 105983
Remove  tid 105983
FindTargetPageId rootid 9 tid 105984
target_page_id id: 1 tid 105984
0 1 tid 105984
365 8 tid 105984
147 tid 105984
Insert  tid 105984
FindTargetPageId rootid 9 tid 105982
target_page_id id: 1 tid 105982
0 1 tid 105982
365 8 tid 105982
147 tid 105982
Insert  tid 105982
FindTargetPageId rootid 9 tid 105982
target_page_id id: 1 tid 105982
0 1 tid 105982
365 8 tid 105982
148 tid 105982
Insert  tid 105982
FindTargetPageId rootid 9 tid 105982
target_page_id id: 8 tid 105982
0 1 tid 105982
365 8 tid 105982
128 tid 105982
FindTargetPageId rootid 9 tid 105983
target_page_id id: 1 tid 105983
0 1 tid 105983
365 8 tid 105983
149 tid 105983
Insert  tid 105982
Remove  tid 105983
FindTargetPageId rootid 9 tid 105984
target_page_id id: 1 tid 105984
0 1 tid 105984
365 8 tid 105984
148 tid 105984
Insert  tid 105984
FindTargetPageId rootid 9 tid 105984
target_page_id id: 1 tid 105984
0 1 tid 105984
365 8 tid 105984
148 tid 105984
Insert  tid 105984
FindTargetPageId rootid 9 tid 105984
target_page_id id: 1 tid 105984
0 1 tid 105984
365 8 tid 105984
148 tid 105984
Insert  tid 105984
FindTargetPageId rootid 9 tid 105984
target_page_id id: 1 tid 105984
0 1 tid 105984
365 8 tid 105984
148 tid 105984
Insert  tid 105984
FindTargetPageId rootid 9 tid 105984
target_page_id id: 1 tid 105984
0 1 tid 105984
365 8 tid 105984
148 tid 105984
Insert  tid 105984
FindTargetPageId rootid 9 tid 105984
target_page_id id: 1 tid 105984
0 1 tid 105984
365 8 tid 105984
148 tid 105984
Insert  tid 105984
FindTargetPageId rootid 9 tid 105984
target_page_id id: 1 tid 105984
0 1 tid 105984
365 8 tid 105984
148 tid 105984
Insert  tid 105984
FindTargetPageId rootid 9 tid 105983
target_page_id id: 1 tid 105983
0 1 tid 105983
365 8 tid 105983
148 tid 105983
Remove  tid 105983
FindTargetPageId rootid 9 tid 105982
target_page_id id: 8 tid 105982
0 1 tid 105982
365 8 tid 105982
129 tid 105982
Insert  tid 105982
FindTargetPageId rootid 9 tid 105982
target_page_id id: 8 tid 105982
0 1 tid 105982
365 8 tid 105982
130 tid 105982
Insert  tid 105982
FindTargetPageId rootid 9 tid 105982
target_page_id id: 8 tid 105982
0 1 tid 105982
365 8 tid 105982
131 tid 105982
Insert  tid 105982
FindTargetPageId rootid 9 tid 105982
target_page_id id: 8 tid 105982
0 1 tid 105982
365 8 tid 105982
132 tid 105982
Insert  tid 105982
FindTargetPageId rootid 9 tid 105982
target_page_id id: 8 tid 105982
0 1 tid 105982
365 8 tid 105982
133 tid 105982
Insert  tid 105982
FindTargetPageId rootid 9 tid 105982
target_page_id id: 8 tid 105982
0 1 tid 105982
365 8 tid 105982
134 tid 105982
Insert  tid 105982
FindTargetPageId rootid 9 tid 105982
target_page_id id: 8 tid 105982
0 1 tid 105982
365 8 tid 105982
135 tid 105982
Insert  tid 105982
FindTargetPageId rootid 9 tid 105982
target_page_id id: 8 tid 105982
0 1 tid 105982
365 8 tid 105982
136 tid 105982
Insert  tid 105982
FindTargetPageId rootid 9 tid 105982
target_page_id id: 8 tid 105982
0 1 tid 105982
365 8 tid 105982
137 tid 105982
Insert  tid 105982
FindTargetPageId rootid 9 tid 105983
target_page_id id: 1 tid 105983
0 1 tid 105983
365 8 tid 105983
147 tid 105983
Remove  tid 105983
FindTargetPageId rootid 9 tid 105983
target_page_id id: 1 tid 105983
0 1 tid 105983
365 8 tid 105983
146 tid 105983
Remove  tid 105983
FindTargetPageId rootid 9 tid 105982
target_page_id id: 8 tid 105982
0 1 tid 105982
365 8 tid 105982
138 tid 105982
Insert  tid 105982
FindTargetPageId rootid 9 tid 105984
target_page_id id: 1 tid 105984
0 1 tid 105984
365 8 tid 105984
145 tid 105984
Insert  tid 105984
FindTargetPageId rootid 9 tid 105984
target_page_id id: 1 tid 105984
0 1 tid 105984
365 8 tid 105984
145 tid 105984
Insert  tid 105984
FindTargetPageId rootid 9 tid 105984
target_page_id id: 1 tid 105984
0 1 tid 105984
365 8 tid 105984
145 tid 105984
Insert  tid 105984
FindTargetPageId rootid 9 tid 105984
target_page_id id: 1 tid 105984
0 1 tid 105984
365 8 tid 105984
145 tid 105984
Insert  tid 105984
FindTargetPageId rootid 9 tid 105984
target_page_id id: 1 tid 105984
0 1 tid 105984
365 8 tid 105984
145 tid 105984
Insert  tid 105984
FindTargetPageId rootid 9 tid 105984
target_page_id id: 1 tid 105984
0 1 tid 105984
365 8 tid 105984
145 tid 105984
Insert  tid 105984
FindTargetPageId rootid 9 tid 105984
target_page_id id: 1 tid 105984
0 1 tid 105984
365 8 tid 105984
145 tid 105984
Insert  tid 105984
FindTargetPageId rootid 9 tid 105984
target_page_id id: 1 tid 105984
0 1 tid 105984
365 8 tid 105984
145 tid 105984
Insert  tid 105984
FindTargetPageId rootid 9 tid 105984
target_page_id id: 1 tid 105984
0 1 tid 105984
365 8 tid 105984
145 tid 105984
Insert  tid 105984
FindTargetPageId rootid 9 tid 105984
target_page_id id: 1 tid 105984
0 1 tid 105984
365 8 tid 105984
145 tid 105984
Insert  tid 105984
FindTargetPageId rootid 9 tid 105984
target_page_id id: 1 tid 105984
0 1 tid 105984
365 8 tid 105984
145 tid 105984
Insert  tid 105984
FindTargetPageId rootid 9 tid 105984
target_page_id id: 1 tid 105984
0 1 tid 105984
365 8 tid 105984
145 tid 105984
Insert  tid 105984
FindTargetPageId rootid 9 tid 105984
target_page_id id: 1 tid 105984
0 1 tid 105984
365 8 tid 105984
145 tid 105984
Insert  tid 105984
FindTargetPageId rootid 9 tid 105984
target_page_id id: 1 tid 105984
0 1 tid 105984
365 8 tid 105984
145 tid 105984
Insert  tid 105984
FindTargetPageId rootid 9 tid 105984
target_page_id id: 1 tid 105984
0 1 tid 105984
365 8 tid 105984
145 tid 105984
Insert  tid 105984
FindTargetPageId rootid 9 tid 105984
target_page_id id: 1 tid 105984
0 1 tid 105984
365 8 tid 105984
145 tid 105984
Insert  tid 105984
FindTargetPageId rootid 9 tid 105984
target_page_id id: 1 tid 105984
0 1 tid 105984
365 8 tid 105984
145 tid 105984
Insert  tid 105984
FindTargetPageId rootid 9 tid 105984
target_page_id id: 1 tid 105984
0 1 tid 105984
365 8 tid 105984
145 tid 105984
Insert  tid 105984
FindTargetPageId rootid 9 tid 105984
target_page_id id: 1 tid 105984
0 1 tid 105984
365 8 tid 105984
145 tid 105984
Insert  tid 105984
FindTargetPageId rootid 9 tid 105984
target_page_id id: 1 tid 105984
0 1 tid 105984
365 8 tid 105984
145 tid 105984
Insert  tid 105984
FindTargetPageId rootid 9 tid 105984
target_page_id id: 1 tid 105984
0 1 tid 105984
365 8 tid 105984
145 tid 105984
Insert  tid 105984
FindTargetPageId rootid 9 tid 105984
target_page_id id: 1 tid 105984
0 1 tid 105984
365 8 tid 105984
145 tid 105984
Insert  tid 105984
FindTargetPageId rootid 9 tid 105984
target_page_id id: 1 tid 105984
0 1 tid 105984
365 8 tid 105984
145 tid 105984
Insert  tid 105984
FindTargetPageId rootid 9 tid 105984
target_page_id id: 1 tid 105984
0 1 tid 105984
365 8 tid 105984
145 tid 105984
Insert  tid 105984
FindTargetPageId rootid 9 tid 105984
target_page_id id: 1 tid 105984
0 1 tid 105984
365 8 tid 105984
145 tid 105984
Insert  tid 105984
FindTargetPageId rootid 9 tid 105982
target_page_id id: 8 tid 105982
0 1 tid 105982
365 8 tid 105982
139 tid 105982
Insert  tid 105982
FindTargetPageId rootid 9 tid 105982
target_page_id id: 8 tid 105982
0 1 tid 105982
365 8 tid 105982
140 tid 105982
Insert  tid 105982
FindTargetPageId rootid 9 tid 105984
target_page_id id: 1 tid 105984
0 1 tid 105984
365 8 tid 105984
145 tid 105984
Insert  tid 105984
FindTargetPageId rootid 9 tid 105984
target_page_id id: 1 tid 105984
0 1 tid 105984
365 8 tid 105984
145 tid 105984
Insert  tid 105984
FindTargetPageId rootid 9 tid 105984
target_page_id id: 1 tid 105984
0 1 tid 105984
365 8 tid 105984
145 tid 105984
Insert  tid 105984
FindTargetPageId rootid 9 tid 105984
target_page_id id: 1 tid 105984
0 1 tid 105984
365 8 tid 105984
145 tid 105984
Insert  tid 105984
FindTargetPageId rootid 9 tid 105984
target_page_id id: 1 tid 105984
0 1 tid 105984
365 8 tid 105984
145 tid 105984
Insert  tid 105984
FindTargetPageId rootid 9 tid 105984
target_page_id id: 1 tid 105984
0 1 tid 105984
365 8 tid 105984
145 tid 105984
Insert  tid 105984
FindTargetPageId rootid 9 tid 105984
target_page_id id: 1 tid 105984
0 1 tid 105984
365 8 tid 105984
145 tid 105984
Insert  tid 105984
FindTargetPageId rootid 9 tid 105984
target_page_id id: 1 tid 105984
0 1 tid 105984
365 8 tid 105984
145 tid 105984
Insert  tid 105984
FindTargetPageId rootid 9 tid 105984
target_page_id id: 1 tid 105984
0 1 tid 105984
365 8 tid 105984
145 tid 105984
Insert  tid 105984
FindTargetPageId rootid 9 tid 105984
target_page_id id: 1 tid 105984
0 1 tid 105984
365 8 tid 105984
145 tid 105984
Insert  tid 105984
FindTargetPageId rootid 9 tid 105984
target_page_id id: 1 tid 105984
0 1 tid 105984
365 8 tid 105984
145 tid 105984
Insert  tid 105984
FindTargetPageId rootid 9 tid 105984
target_page_id id: 1 tid 105984
0 1 tid 105984
365 8 tid 105984
145 tid 105984
Insert  tid 105984
FindTargetPageId rootid 9 tid 105984
target_page_id id: 1 tid 105984
0 1 tid 105984
365 8 tid 105984
145 tid 105984
Insert  tid 105984
FindTargetPageId rootid 9 tid 105984
target_page_id id: 1 tid 105984
0 1 tid 105984
365 8 tid 105984
145 tid 105984
Insert  tid 105984
FindTargetPageId rootid 9 tid 105984
target_page_id id: 1 tid 105984
0 1 tid 105984
365 8 tid 105984
145 tid 105984
Insert  tid 105984
FindTargetPageId rootid 9 tid 105984
target_page_id id: 1 tid 105984
0 1 tid 105984
365 8 tid 105984
145 tid 105984
Insert  tid 105984
FindTargetPageId rootid 9 tid 105984
target_page_id id: 1 tid 105984
0 1 tid 105984
365 8 tid 105984
145 tid 105984
Insert  tid 105984
FindTargetPageId rootid 9 tid 105984
target_page_id id: 1 tid 105984
0 1 tid 105984
365 8 tid 105984
145 tid 105984
Insert  tid 105984
FindTargetPageId rootid 9 tid 105984
target_page_id id: 8 tid 105984
0 1 tid 105984
365 8 tid 105984
141 tid 105984
Insert  tid 105984
FindTargetPageId rootid 9 tid 105982
target_page_id id: 8 tid 105982
0 1 tid 105982
365 8 tid 105982
141 tid 105982
Insert  tid 105982
FindTargetPageId rootid 9 tid 105982
target_page_id id: 8 tid 105982
0 1 tid 105982
365 8 tid 105982
142 tid 105982
Insert  tid 105982
FindTargetPageId rootid 9 tid 105982
target_page_id id: 8 tid 105982
0 1 tid 105982
365 8 tid 105982
143 tid 105982
Insert  tid 105982
FindTargetPageId rootid 9 tid 105982
target_page_id id: 8 tid 105982
0 1 tid 105982
365 8 tid 105982
144 tid 105982
Insert  tid 105982
FindTargetPageId rootid 9 tid 105982
target_page_id id: 8 tid 105982
0 1 tid 105982
365 8 tid 105982
145 tid 105982
Insert  tid 105982
FindTargetPageId rootid 9 tid 105982
target_page_id id: 8 tid 105982
0 1 tid 105982
365 8 tid 105982
146 tid 105982
Insert  tid 105982
FindTargetPageId rootid 9 tid 105982
target_page_id id: 8 tid 105982
0 1 tid 105982
365 8 tid 105982
147 tid 105982
Insert  tid 105982
FindTargetPageId rootid 9 tid 105983
target_page_id id: 1 tid 105983
0 1 tid 105983
365 8 tid 105983
145 tid 105983
Remove  tid 105983
FindTargetPageId rootid 9 tid 105984
target_page_id id: 8 tid 105984
0 1 tid 105984
365 8 tid 105984
148 tid 105984
Insert  tid 105984
FindTargetPageId rootid 9 tid 105982
target_page_id id: 8 tid 105982
0 1 tid 105982
365 8 tid 105982
148 tid 105982
Insert  tid 105982
FindTargetPageId rootid 9 tid 105982
target_page_id id: 8 tid 105982
0 1 tid 105982
365 8 tid 105982
149 tid 105982
Insert  tid 105982
FindTargetPageId rootid 9 tid 105982
target_page_id id: 8 tid 105982
0 1 tid 105982
365 8 tid 105982
150 tid 105982
Insert  tid 105982
FindTargetPageId rootid 9 tid 105983
target_page_id id: 1 tid 105983
0 1 tid 105983
365 8 tid 105983
144 tid 105983
Remove  tid 105983
FindTargetPageId rootid 9 tid 105984
target_page_id id: 8 tid 105984
0 1 tid 105984
365 8 tid 105984
151 tid 105984
Insert  tid 105984
FindTargetPageId rootid 9 tid 105982
target_page_id id: 8 tid 105982
0 1 tid 105982
365 8 tid 105982
151 tid 105982
Insert  tid 105982
FindTargetPageId rootid 9 tid 105983
target_page_id id: 1 tid 105983
0 1 tid 105983
365 8 tid 105983
143 tid 105983
Remove  tid 105983
FindTargetPageId rootid 9 tid 105984
target_page_id id: 8 tid 105984
0 1 tid 105984
365 8 tid 105984
152 tid 105984
Insert  tid 105984
FindTargetPageId rootid 9 tid 105982
target_page_id id: 8 tid 105982
0 1 tid 105982
365 8 tid 105982
152 tid 105982
Insert  tid 105982
FindTargetPageId rootid 9 tid 105983
target_page_id id: 1 tid 105983
0 1 tid 105983
365 8 tid 105983
142 tid 105983
Remove  tid 105983
FindTargetPageId rootid 9 tid 105983
target_page_id id: 1 tid 105983
0 1 tid 105983
365 8 tid 105983
141 tid 105983
Remove  tid 105983
FindTargetPageId rootid 9 tid 105983
target_page_id id: 1 tid 105983
0 1 tid 105983
365 8 tid 105983
140 tid 105983
Remove  tid 105983
FindTargetPageId rootid 9 tid 105984
target_page_id id: 8 tid 105984
0 1 tid 105984
365 8 tid 105984
153 tid 105984
Insert  tid 105984
FindTargetPageId rootid 9 tid 105984
target_page_id id: 8 tid 105984
0 1 tid 105984
365 8 tid 105984
153 tid 105984
Insert  tid 105984
FindTargetPageId rootid 9 tid 105984
target_page_id id: 8 tid 105984
0 1 tid 105984
365 8 tid 105984
153 tid 105984
Insert  tid 105984
FindTargetPageId rootid 9 tid 105984
target_page_id id: 8 tid 105984
0 1 tid 105984
365 8 tid 105984
153 tid 105984
Insert  tid 105984
FindTargetPageId rootid 9 tid 105982
target_page_id id: 8 tid 105982
0 1 tid 105982
365 8 tid 105982
153 tid 105982
Insert  tid 105982
FindTargetPageId rootid 9 tid 105982
target_page_id id: 8 tid 105982
0 1 tid 105982
365 8 tid 105982
154 tid 105982
Insert  tid 105982
FindTargetPageId rootid 9 tid 105982
target_page_id id: 8 tid 105982
0 1 tid 105982
365 8 tid 105982
155 tid 105982
Insert  tid 105982
FindTargetPageId rootid 9 tid 105982
target_page_id id: 8 tid 105982
0 1 tid 105982
365 8 tid 105982
156 tid 105982
Insert  tid 105982
FindTargetPageId rootid 9 tid 105983
target_page_id id: 1 tid 105983
0 1 tid 105983
365 8 tid 105983
139 tid 105983
Remove  tid 105983
FindTargetPageId rootid 9 tid 105984
target_page_id id: 8 tid 105984
0 1 tid 105984
365 8 tid 105984
157 tid 105984
Insert  tid 105984
FindTargetPageId rootid 9 tid 105982
target_page_id id: 8 tid 105982
0 1 tid 105982
365 8 tid 105982
157 tid 105982
Insert  tid 105982
FindTargetPageId rootid 9 tid 105982
target_page_id id: 8 tid 105982
0 1 tid 105982
365 8 tid 105982
158 tid 105982
Insert  tid 105982
FindTargetPageId rootid 9 tid 105984
target_page_id id: 8 tid 105984
0 1 tid 105984
365 8 tid 105984
159 tid 105984
Insert  tid 105984
FindTargetPageId rootid 9 tid 105984
target_page_id id: 8 tid 105984
0 1 tid 105984
365 8 tid 105984
159 tid 105984
Insert  tid 105984
FindTargetPageId rootid 9 tid 105984
target_page_id id: 8 tid 105984
0 1 tid 105984
365 8 tid 105984
159 tid 105984
Insert  tid 105984
FindTargetPageId rootid 9 tid 105984
target_page_id id: 8 tid 105984
0 1 tid 105984
365 8 tid 105984
159 tid 105984
Insert  tid 105984
FindTargetPageId rootid 9 tid 105984
target_page_id id: 8 tid 105984
0 1 tid 105984
365 8 tid 105984
159 tid 105984
Insert  tid 105984
FindTargetPageId rootid 9 tid 105982
target_page_id id: 8 tid 105982
0 1 tid 105982
365 8 tid 105982
159 tid 105982
Insert  tid 105982
FindTargetPageId rootid 9 tid 105983
target_page_id id: 1 tid 105983
0 1 tid 105983
365 8 tid 105983
138 tid 105983
Remove  tid 105983
FindTargetPageId rootid 9 tid 105983
target_page_id id: 1 tid 105983
0 1 tid 105983
365 8 tid 105983
137 tid 105983
Remove  tid 105983
FindTargetPageId rootid 9 tid 105983
target_page_id id: 1 tid 105983
0 1 tid 105983
365 8 tid 105983
136 tid 105983
Remove  tid 105983
FindTargetPageId rootid 9 tid 105983
target_page_id id: 1 tid 105983
0 1 tid 105983
365 8 tid 105983
135 tid 105983
Remove  tid 105983
FindTargetPageId rootid 9 tid 105983
target_page_id id: 1 tid 105983
0 1 tid 105983
365 8 tid 105983
134 tid 105983
Remove  tid 105983
FindTargetPageId rootid 9 tid 105984
target_page_id id: 8 tid 105984
0 1 tid 105984
365 8 tid 105984
160 tid 105984
Insert  tid 105984
FindTargetPageId rootid 9 tid 105982
target_page_id id: 8 tid 105982
0 1 tid 105982
365 8 tid 105982
160 tid 105982
Insert  tid 105982
FindTargetPageId rootid 9 tid 105983
target_page_id id: 1 tid 105983
0 1 tid 105983
365 8 tid 105983
133 tid 105983
Remove  tid 105983
FindTargetPageId rootid 9 tid 105984
target_page_id id: 8 tid 105984
0 1 tid 105984
365 8 tid 105984
161 tid 105984
Insert  tid 105984
FindTargetPageId rootid 9 tid 105984
target_page_id id: 8 tid 105984
0 1 tid 105984
365 8 tid 105984
161 tid 105984
Insert  tid 105984
FindTargetPageId rootid 9 tid 105983
target_page_id id: 1 tid 105983
0 1 tid 105983
365 8 tid 105983
132 tid 105983
Remove  tid 105983
FindTargetPageId rootid 9 tid 105982
target_page_id id: 8 tid 105982
0 1 tid 105982
365 8 tid 105982
161 tid 105982
Insert  tid 105982
FindTargetPageId rootid 9 tid 105982
target_page_id id: 8 tid 105982
0 1 tid 105982
365 8 tid 105982
162 tid 105982
Insert  tid 105982
FindTargetPageId rootid 9 tid 105982
target_page_id id: 8 tid 105982
0 1 tid 105982
365 8 tid 105982
163 tid 105982
Insert  tid 105982
FindTargetPageId rootid 9 tid 105982
target_page_id id: 8 tid 105982
0 1 tid 105982
365 8 tid 105982
164 tid 105982
Insert  tid 105982
FindTargetPageId rootid 9 tid 105982
target_page_id id: 8 tid 105982
0 1 tid 105982
365 8 tid 105982
165 tid 105982
Insert  tid 105982
FindTargetPageId rootid 9 tid 105982
target_page_id id: 8 tid 105982
0 1 tid 105982
365 8 tid 105982
166 tid 105982
Insert  tid 105982
FindTargetPageId rootid 9 tid 105982
target_page_id id: 8 tid 105982
0 1 tid 105982
365 8 tid 105982
167 tid 105982
Insert  tid 105982
FindTargetPageId rootid 9 tid 105982
target_page_id id: 8 tid 105982
0 1 tid 105982
365 8 tid 105982
168 tid 105982
Insert  tid 105982
FindTargetPageId rootid 9 tid 105982
target_page_id id: 8 tid 105982
0 1 tid 105982
365 8 tid 105982
169 tid 105982
Insert  tid 105982
FindTargetPageId rootid 9 tid 105982
target_page_id id: 8 tid 105982
0 1 tid 105982
365 8 tid 105982
170 tid 105982
Insert  tid 105982
FindTargetPageId rootid 9 tid 105982
target_page_id id: 8 tid 105982
0 1 tid 105982
365 8 tid 105982
171 tid 105982
Insert  tid 105982
FindTargetPageId rootid 9 tid 105982
target_page_id id: 8 tid 105982
0 1 tid 105982
365 8 tid 105982
172 tid 105982
Insert  tid 105982
FindTargetPageId rootid 9 tid 105982
target_page_id id: 8 tid 105982
0 1 tid 105982
365 8 tid 105982
173 tid 105982
Insert  tid 105982
FindTargetPageId rootid 9 tid 105982
target_page_id id: 8 tid 105982
0 1 tid 105982
365 8 tid 105982
174 tid 105982
Insert  tid 105982
FindTargetPageId rootid 9 tid 105982
target_page_id id: 8 tid 105982
0 1 tid 105982
365 8 tid 105982
175 tid 105982
Insert  tid 105982
FindTargetPageId rootid 9 tid 105982
target_page_id id: 8 tid 105982
0 1 tid 105982
365 8 tid 105982
176 tid 105982
Insert  tid 105982
FindTargetPageId rootid 9 tid 105982
target_page_id id: 8 tid 105982
0 1 tid 105982
365 8 tid 105982
177 tid 105982
Insert  tid 105982
FindTargetPageId rootid 9 tid 105982
target_page_id id: 8 tid 105982
0 1 tid 105982
365 8 tid 105982
178 tid 105982
Insert  tid 105982
FindTargetPageId rootid 9 tid 105982
target_page_id id: 8 tid 105982
0 1 tid 105982
365 8 tid 105982
179 tid 105982
FindTargetPageId rootid 9 tid 105983
target_page_id id: 1 tid 105983
0 1 tid 105983
365 8 tid 105983
131 tid 105983
Remove  tid 105983
Insert  tid 105982
FindTargetPageId rootid 9 tid 105984
target_page_id id: 8 tid 105984
0 1 tid 105984
365 8 tid 105984
180 tid 105984
Insert  tid 105984
FindTargetPageId rootid 9 tid 105984
target_page_id id: 8 tid 105984
0 1 tid 105984
365 8 tid 105984
180 tid 105984
Insert  tid 105984
FindTargetPageId rootid 9 tid 105984
target_page_id id: 8 tid 105984
0 1 tid 105984
365 8 tid 105984
180 tid 105984
Insert  tid 105984
FindTargetPageId rootid 9 tid 105984
target_page_id id: 8 tid 105984
0 1 tid 105984
365 8 tid 105984
180 tid 105984
Insert  tid 105984
FindTargetPageId rootid 9 tid 105984
target_page_id id: 8 tid 105984
0 1 tid 105984
365 8 tid 105984
180 tid 105984
Insert  tid 105984
FindTargetPageId rootid 9 tid 105983
target_page_id id: 1 tid 105983
0 1 tid 105983
365 8 tid 105983
130 tid 105983
Remove  tid 105983
FindTargetPageId rootid 9 tid 105983
target_page_id id: 1 tid 105983
0 1 tid 105983
365 8 tid 105983
129 tid 105983
Remove  tid 105983
FindTargetPageId rootid 9 tid 105983
target_page_id id: 1 tid 105983
0 1 tid 105983
365 8 tid 105983
128 tid 105983
Remove  tid 105983
FindTargetPageId rootid 9 tid 105984
target_page_id id: 8 tid 105984
0 1 tid 105984
365 8 tid 105984
180 tid 105984
Insert  tid 105984
FindTargetPageId rootid 9 tid 105982
target_page_id id: 8 tid 105982
0 1 tid 105982
365 8 tid 105982
180 tid 105982
Insert  tid 105982
FindTargetPageId rootid 9 tid 105983
target_page_id id: 1 tid 105983
0 1 tid 105983
365 8 tid 105983
127 tid 105983
Remove  tid 105983
FindTargetPageId rootid 9 tid 105984
target_page_id id: 8 tid 105984
0 1 tid 105984
366 8 tid 105984
180 tid 105984
Insert  tid 105984
FindTargetPageId rootid 9 tid 105982
target_page_id id: 8 tid 105982
0 1 tid 105982
366 8 tid 105982
180 tid 105982
Insert  tid 105982
FindTargetPageId rootid 9 tid 105982
target_page_id id: 8 tid 105982
0 1 tid 105982
366 8 tid 105982
181 tid 105982
Insert  tid 105982
FindTargetPageId rootid 9 tid 105982
target_page_id id: 8 tid 105982
0 1 tid 105982
366 8 tid 105982
182 tid 105982
Insert  tid 105982
FindTargetPageId rootid 9 tid 105983
target_page_id id: 1 tid 105983
0 1 tid 105983
366 8 tid 105983
127 tid 105983
Remove  tid 105983
FindTargetPageId rootid 9 tid 105983
target_page_id id: 1 tid 105983
0 1 tid 105983
367 8 tid 105983
127 tid 105983
Remove  tid 105983
FindTargetPageId rootid 9 tid 105983
target_page_id id: 1 tid 105983
0 1 tid 105983
368 8 tid 105983
127 tid 105983
Remove  tid 105983
FindTargetPageId rootid 9 tid 105983
target_page_id id: 1 tid 105983
0 1 tid 105983
369 8 tid 105983
127 tid 105983
Remove  tid 105983
FindTargetPageId rootid 9 tid 105983
target_page_id id: 1 tid 105983
0 1 tid 105983
370 8 tid 105983
127 tid 105983
Remove  tid 105983
FindTargetPageId rootid 9 tid 105983
target_page_id id: 1 tid 105983
0 1 tid 105983
371 8 tid 105983
127 tid 105983
Remove  tid 105983
FindTargetPageId rootid 9 tid 105983
target_page_id id: 1 tid 105983
0 1 tid 105983
372 8 tid 105983
127 tid 105983
Remove  tid 105983
FindTargetPageId rootid 9 tid 105983
target_page_id id: 1 tid 105983
0 1 tid 105983
373 8 tid 105983
127 tid 105983
Remove  tid 105983
FindTargetPageId rootid 9 tid 105983
target_page_id id: 1 tid 105983
0 1 tid 105983
374 8 tid 105983
127 tid 105983
Remove  tid 105983
FindTargetPageId rootid 9 tid 105983
target_page_id id: 1 tid 105983
0 1 tid 105983
375 8 tid 105983
127 tid 105983
Remove  tid 105983
FindTargetPageId rootid 9 tid 105983
target_page_id id: 1 tid 105983
0 1 tid 105983
376 8 tid 105983
127 tid 105983
Remove  tid 105983
FindTargetPageId rootid 9 tid 105983
target_page_id id: 1 tid 105983
0 1 tid 105983
377 8 tid 105983
127 tid 105983
Remove  tid 105983
FindTargetPageId rootid 9 tid 105983
target_page_id id: 1 tid 105983
0 1 tid 105983
378 8 tid 105983
127 tid 105983
Remove  tid 105983
FindTargetPageId rootid 9 tid 105983
target_page_id id: 1 tid 105983
0 1 tid 105983
379 8 tid 105983
127 tid 105983
Remove  tid 105983
FindTargetPageId rootid 9 tid 105983
target_page_id id: 1 tid 105983
0 1 tid 105983
380 8 tid 105983
127 tid 105983
Remove  tid 105983
FindTargetPageId rootid 9 tid 105983
target_page_id id: 1 tid 105983
0 1 tid 105983
381 8 tid 105983
127 tid 105983
Remove  tid 105983
FindTargetPageId rootid 9 tid 105982
target_page_id id: 8 tid 105982
0 1 tid 105982
382 8 tid 105982
167 tid 105982
Insert  tid 105982
FindTargetPageId rootid 9 tid 105982
target_page_id id: 8 tid 105982
0 1 tid 105982
382 8 tid 105982
168 tid 105982
Insert  tid 105982
FindTargetPageId rootid 9 tid 105982
target_page_id id: 8 tid 105982
0 1 tid 105982
382 8 tid 105982
169 tid 105982
Insert  tid 105982
FindTargetPageId rootid 9 tid 105982
target_page_id id: 8 tid 105982
0 1 tid 105982
382 8 tid 105982
170 tid 105982
Insert  tid 105982
FindTargetPageId rootid 9 tid 105982
target_page_id id: 8 tid 105982
0 1 tid 105982
382 8 tid 105982
171 tid 105982
Insert  tid 105982
FindTargetPageId rootid 9 tid 105982
target_page_id id: 8 tid 105982
0 1 tid 105982
382 8 tid 105982
172 tid 105982
Insert  tid 105982
FindTargetPageId rootid 9 tid 105982
target_page_id id: 8 tid 105982
0 1 tid 105982
382 8 tid 105982
173 tid 105982
Insert  tid 105982
FindTargetPageId rootid 9 tid 105982
target_page_id id: 8 tid 105982
0 1 tid 105982
382 8 tid 105982
174 tid 105982
Insert  tid 105982
FindTargetPageId rootid 9 tid 105983
target_page_id id: 1 tid 105983
0 1 tid 105983
382 8 tid 105983
127 tid 105983
Remove  tid 105983
FindTargetPageId rootid 9 tid 105983
target_page_id id: 1 tid 105983
0 1 tid 105983
383 8 tid 105983
127 tid 105983
Remove  tid 105983
FindTargetPageId rootid 9 tid 105983
target_page_id id: 1 tid 105983
0 1 tid 105983
384 8 tid 105983
127 tid 105983
Remove  tid 105983
FindTargetPageId rootid 9 tid 105983
target_page_id id: 1 tid 105983
0 1 tid 105983
385 8 tid 105983
127 tid 105983
Remove  tid 105983
FindTargetPageId rootid 9 tid 105983
target_page_id id: 1 tid 105983
0 1 tid 105983
386 8 tid 105983
127 tid 105983
Remove  tid 105983
FindTargetPageId rootid 9 tid 105984
target_page_id id: 8 tid 105984
0 1 tid 105984
387 8 tid 105984
170 tid 105984
Insert  tid 105984
FindTargetPageId rootid 9 tid 105982
target_page_id id: 8 tid 105982
0 1 tid 105982
387 8 tid 105982
170 tid 105982
Insert  tid 105982
FindTargetPageId rootid 9 tid 105982
target_page_id id: 8 tid 105982
0 1 tid 105982
387 8 tid 105982
171 tid 105982
Insert  tid 105982
FindTargetPageId rootid 9 tid 105982
target_page_id id: 8 tid 105982
0 1 tid 105982
387 8 tid 105982
172 tid 105982
Insert  tid 105982
FindTargetPageId rootid 9 tid 105984
target_page_id id: 8 tid 105984
0 1 tid 105984
387 8 tid 105984
173 tid 105984
Insert  tid 105984
FindTargetPageId rootid 9 tid 105984
target_page_id id: 8 tid 105984
0 1 tid 105984
387 8 tid 105984
173 tid 105984
Insert  tid 105984
FindTargetPageId rootid 9 tid 105984
target_page_id id: 8 tid 105984
0 1 tid 105984
387 8 tid 105984
173 tid 105984
Insert  tid 105984
FindTargetPageId rootid 9 tid 105984
target_page_id id: 8 tid 105984
0 1 tid 105984
387 8 tid 105984
173 tid 105984
Insert  tid 105984
FindTargetPageId rootid 9 tid 105984
target_page_id id: 8 tid 105984
0 1 tid 105984
387 8 tid 105984
173 tid 105984
Insert  tid 105984
FindTargetPageId rootid 9 tid 105984
target_page_id id: 8 tid 105984
0 1 tid 105984
387 8 tid 105984
173 tid 105984
Insert  tid 105984
FindTargetPageId rootid 9 tid 105984
target_page_id id: 8 tid 105984
0 1 tid 105984
387 8 tid 105984
173 tid 105984
Insert  tid 105984
FindTargetPageId rootid 9 tid 105984
target_page_id id: 8 tid 105984
0 1 tid 105984
387 8 tid 105984
173 tid 105984
Insert  tid 105984
FindTargetPageId rootid 9 tid 105984
target_page_id id: 8 tid 105984
0 1 tid 105984
387 8 tid 105984
173 tid 105984
Insert  tid 105984
FindTargetPageId rootid 9 tid 105982
target_page_id id: 8 tid 105982
0 1 tid 105982
387 8 tid 105982
173 tid 105982
Insert  tid 105982
FindTargetPageId rootid 9 tid 105982
target_page_id id: 8 tid 105982
0 1 tid 105982
387 8 tid 105982
174 tid 105982
Insert  tid 105982
FindTargetPageId rootid 9 tid 105983
target_page_id id: 1 tid 105983
0 1 tid 105983
387 8 tid 105983
127 tid 105983
Remove  tid 105983
FindTargetPageId rootid 9 tid 105984
target_page_id id: 8 tid 105984
0 1 tid 105984
388 8 tid 105984
174 tid 105984
Insert  tid 105984
FindTargetPageId rootid 9 tid 105984
target_page_id id: 8 tid 105984
0 1 tid 105984
388 8 tid 105984
174 tid 105984
Insert  tid 105984
FindTargetPageId rootid 9 tid 105984
target_page_id id: 8 tid 105984
0 1 tid 105984
388 8 tid 105984
174 tid 105984
Insert  tid 105984
FindTargetPageId rootid 9 tid 105982
target_page_id id: 8 tid 105982
0 1 tid 105982
388 8 tid 105982
174 tid 105982
Insert  tid 105982
FindTargetPageId rootid 9 tid 105982
target_page_id id: 8 tid 105982
0 1 tid 105982
388 8 tid 105982
175 tid 105982
Insert  tid 105982
FindTargetPageId rootid 9 tid 105982
target_page_id id: 8 tid 105982
0 1 tid 105982
388 8 tid 105982
176 tid 105982
Insert  tid 105982
FindTargetPageId rootid 9 tid 105982
target_page_id id: 8 tid 105982
0 1 tid 105982
388 8 tid 105982
177 tid 105982
Insert  tid 105982
FindTargetPageId rootid 9 tid 105984
target_page_id id: 8 tid 105984
0 1 tid 105984
388 8 tid 105984
178 tid 105984
Insert  tid 105984
FindTargetPageId rootid 9 tid 105984
target_page_id id: 8 tid 105984
0 1 tid 105984
388 8 tid 105984
178 tid 105984
Insert  tid 105984
FindTargetPageId rootid 9 tid 105983
target_page_id id: 1 tid 105983
0 1 tid 105983
388 8 tid 105983
127 tid 105983
Remove  tid 105983
FindTargetPageId rootid 9 tid 105982
target_page_id id: 8 tid 105982
0 1 tid 105982
389 8 tid 105982
177 tid 105982
Insert  tid 105982
FindTargetPageId rootid 9 tid 105982
target_page_id id: 8 tid 105982
0 1 tid 105982
389 8 tid 105982
178 tid 105982
Insert  tid 105982
FindTargetPageId rootid 9 tid 105984
target_page_id id: 8 tid 105984
0 1 tid 105984
389 8 tid 105984
179 tid 105984
Insert  tid 105984
FindTargetPageId rootid 9 tid 105983
target_page_id id: 1 tid 105983
0 1 tid 105983
389 8 tid 105983
127 tid 105983
Remove  tid 105983
FindTargetPageId rootid 9 tid 105983
target_page_id id: 1 tid 105983
0 1 tid 105983
390 8 tid 105983
127 tid 105983
FindTargetPageId rootid 9 tid 105984
target_page_id id: 8 tid 105984
0 1 tid 105984
391 8 tid 105984
177 tid 105984
Insert  tid 105984
FindTargetPageId rootid 9 tid 105984
target_page_id id: 8 tid 105984
0 1 tid 105984
391 8 tid 105984
177 tid 105984
Insert  tid 105984
FindTargetPageId rootid 9 tid 105984
target_page_id id: 8 tid 105984
0 1 tid 105984
391 8 tid 105984
177 tid 105984
Remove  tid 105983
FindTargetPageId rootid 9 tid 105982
target_page_id id: 8 tid 105982
0 1 tid 105982
391 8 tid 105982
177 tid 105982
Insert  tid 105982
Insert  tid 105984
FindTargetPageId rootid 9 tid 105982
target_page_id id: 8 tid 105982
0 1 tid 105982
391 8 tid 105982
178 tid 105982
Insert  tid 105982
FindTargetPageId rootid 9 tid 105983
target_page_id id: 1 tid 105983
0 1 tid 105983
391 8 tid 105983
127 tid 105983
Remove  tid 105983
FindTargetPageId rootid 9 tid 105984
target_page_id id: 8 tid 105984
0 1 tid 105984
392 8 tid 105984
178 tid 105984
Insert  tid 105984
FindTargetPageId rootid 9 tid 105982
target_page_id id: 8 tid 105982
0 1 tid 105982
392 8 tid 105982
178 tid 105982
Insert  tid 105982
FindTargetPageId rootid 9 tid 105982
target_page_id id: 8 tid 105982
0 1 tid 105982
392 8 tid 105982
179 tid 105982
Insert  tid 105982
FindTargetPageId rootid 9 tid 105982
target_page_id id: 8 tid 105982
0 1 tid 105982
392 8 tid 105982
180 tid 105982
Insert  tid 105982
FindTargetPageId rootid 9 tid 105984
target_page_id id: 8 tid 105984
0 1 tid 105984
392 8 tid 105984
181 tid 105984
Insert  tid 105984
FindTargetPageId rootid 9 tid 105983
target_page_id id: 1 tid 105983
0 1 tid 105983
392 8 tid 105983
127 tid 105983
Remove  tid 105983
FindTargetPageId rootid 9 tid 105983
target_page_id id: 1 tid 105983
0 1 tid 105983
393 8 tid 105983
127 tid 105983
Remove  tid 105983
FindTargetPageId rootid 9 tid 105983
target_page_id id: 1 tid 105983
0 1 tid 105983
394 8 tid 105983
127 tid 105983
Remove  tid 105983
FindTargetPageId rootid 9 tid 105983
target_page_id id: 1 tid 105983
0 1 tid 105983
395 8 tid 105983
127 tid 105983
Remove  tid 105983
FindTargetPageId rootid 9 tid 105982
target_page_id id: 8 tid 105982
0 1 tid 105982
396 8 tid 105982
177 tid 105982
Insert  tid 105982
FindTargetPageId rootid 9 tid 105982
target_page_id id: 8 tid 105982
0 1 tid 105982
396 8 tid 105982
178 tid 105982
Insert  tid 105982
FindTargetPageId rootid 9 tid 105984
target_page_id id: 8 tid 105984
0 1 tid 105984
396 8 tid 105984
179 tid 105984
Insert  tid 105984
FindTargetPageId rootid 9 tid 105983
target_page_id id: 1 tid 105983
0 1 tid 105983
396 8 tid 105983
127 tid 105983
FindTargetPageId rootid 9 tid 105982
target_page_id id: 8 tid 105982
0 1 tid 105982
397 8 tid 105982
Remove  tid 178 tid 105982
105983
Insert  tid 105982
FindTargetPageId rootid 9 tid 105983
target_page_id id: 1 tid 105983
0 1 tid 105983
397 8 tid 105983
127 tid 105983
Remove  tid 105983
FindTargetPageId rootid 9 tid 105982
target_page_id id: 8 tid 105982
0 1 tid 105982
398 8 tid 105982
178 tid 105982
Insert  tid 105982
FindTargetPageId rootid 9 tid 105982
target_page_id id: 8 tid 105982
0 1 tid 105982
398 8 tid 105982
179 tid 105982
Insert  tid 105982
FindTargetPageId rootid 9 tid 105982
target_page_id id: 8 tid 105982
0 1 tid 105982
398 8 tid 105982
180 tid 105982
Insert  tid 105982
FindTargetPageId rootid 9 tid 105984
target_page_id id: 8 tid 105984
0 1 tid 105984
398 8 tid 105984
181 tid 105984
Insert  tid 105984
FindTargetPageId rootid 9 tid 105984
target_page_id id: 8 tid 105984
0 1 tid 105984
398 8 tid 105984
181 tid 105984
Insert  tid 105984
FindTargetPageId rootid 9 tid 105982
target_page_id id: 8 tid 105982
0 1 tid 105982
398 8 tid 105982
181 tid 105982
Insert  tid 105982
FindTargetPageId rootid 9 tid 105983
target_page_id id: 1 tid 105983
0 1 tid 105983
398 8 tid 105983
127 tid 105983
Remove  tid 105983
FindTargetPageId rootid 9 tid 105983
target_page_id id: 1 tid 105983
0 1 tid 105983
399 8 tid 105983
127 tid 105983
FindTargetPageId rootid 9 tid 105982
Remove target_page_id id: 8 tid 105982
0 1 tid 105982
400 8 tid 105982
180 tid 105982
 tid 105983
FindTargetPageId rootid 9 tid 105983
Insert  tid 105982
target_page_id id: 1 tid 105983
0 1 tid 105983
400 8 tid 105983
127 tid 105983
Remove  tid 105983
FindTargetPageId rootid 9 tid 105984
target_page_id id: 8 tid 105984
0 1 tid 105984
401 8 tid 105984
180 tid 105984
FindTargetPageId rootid 9 tid 105982
target_page_id id: 8 tid 105982
0 1 tid 105982
401 8 tid 105982
180 tid 105982
Insert  tid 105982
FindTargetPageId rootid 9 tid 105982
target_page_id id: 8 tid 105982
0 1 tid 105982
401 8 tid 105982
181 tid 105982
Insert  tid 105982
Insert  tid 105984
FindTargetPageId rootid 9 tid 105983
target_page_id id: 1 tid 105983
0 1 tid 105983
401 8 tid 105983
127 tid 105983
Remove  tid 105983
FindTargetPageId rootid 9 tid 105982
target_page_id id: 8 tid 105982
0 1 tid 105982
402 8 tid 105982
181 tid 105982
Insert  tid 105982
FindTargetPageId rootid 9 tid 105982
target_page_id id: 8 tid 105982
0 1 tid 105982
402 8 tid 105982
182 tid 105982
Insert  tid 105982
FindTargetPageId rootid 9 tid 105982
target_page_id id: 8 tid 105982
0 1 tid 105982
402 8 tid 105982
183 tid 105982
Insert  tid 105982
FindTargetPageId rootid 9 tid 105982
target_page_id id: 8 tid 105982
0 1 tid 105982
402 8 tid 105982
184 tid 105982
Insert  tid 105982
FindTargetPageId rootid 9 tid 105982
target_page_id id: 8 tid 105982
0 1 tid 105982
402 8 tid 105982
185 tid 105982
Insert  tid 105982
FindTargetPageId rootid 9 tid 105984
target_page_id id: 8 tid 105984
0 1 tid 105984
402 8 tid 105984
186 tid 105984
Insert  tid 105984
FindTargetPageId rootid 9 tid 105984
target_page_id id: 8 tid 105984
0 1 tid 105984
402 8 tid 105984
186 tid 105984
Insert  tid 105984
FindTargetPageId rootid 9 tid 105984
target_page_id id: 8 tid 105984
0 1 tid 105984
402 8 tid 105984
186 tid 105984
Insert  tid 105984
FindTargetPageId rootid 9 tid 105984
target_page_id id: 8 tid 105984
0 1 tid 105984
402 8 tid 105984
186 tid 105984
Insert  tid 105984
FindTargetPageId rootid 9 tid 105984
target_page_id id: 8 tid 105984
0 1 tid 105984
402 8 tid 105984
186 tid 105984
Insert  tid 105984
FindTargetPageId rootid 9 tid 105984
target_page_id id: 8 tid 105984
0 1 tid 105984
402 8 tid 105984
186 tid 105984
Insert  tid 105984
FindTargetPageId rootid 9 tid 105984
target_page_id id: 8 tid 105984
0 1 tid 105984
402 8 tid 105984
186 tid 105984
Insert  tid 105984
FindTargetPageId rootid 9 tid 105984
target_page_id id: 8 tid 105984
0 1 tid 105984
402 8 tid 105984
186 tid 105984
Insert  tid 105984
FindTargetPageId rootid 9 tid 105984
target_page_id id: 8 tid 105984
0 1 tid 105984
402 8 tid 105984
186 tid 105984
Insert  tid 105984
FindTargetPageId rootid 9 tid 105984
target_page_id id: 8 tid 105984
0 1 tid 105984
402 8 tid 105984
186 tid 105984
Insert  tid 105984
FindTargetPageId rootid 9 tid 105984
target_page_id id: 8 tid 105984
0 1 tid 105984
402 8 tid 105984
186 tid 105984
Insert  tid 105984
FindTargetPageId rootid 9 tid 105984
target_page_id id: 8 tid 105984
0 1 tid 105984
402 8 tid 105984
186 tid 105984
Insert  tid 105984
FindTargetPageId rootid 9 tid 105984
target_page_id id: 8 tid 105984
0 1 tid 105984
402 8 tid 105984
186 tid 105984
Insert  tid 105984
FindTargetPageId rootid 9 tid 105984
target_page_id id: 8 tid 105984
0 1 tid 105984
402 8 tid 105984
186 tid 105984
Insert  tid 105984
FindTargetPageId rootid 9 tid 105984
target_page_id id: 8 tid 105984
0 1 tid 105984
402 8 tid 105984
186 tid 105984
Insert  tid 105984
FindTargetPageId rootid 9 tid 105984
target_page_id id: 8 tid 105984
0 1 tid 105984
402 8 tid 105984
186 tid 105984
Insert  tid 105984
FindTargetPageId rootid 9 tid 105984
target_page_id id: 8 tid 105984
0 1 tid 105984
402 8 tid 105984
186 tid 105984
Insert  tid 105984
FindTargetPageId rootid 9 tid 105984
target_page_id id: 8 tid 105984
0 1 tid 105984
402 8 tid 105984
186 tid 105984
Insert  tid 105984
FindTargetPageId rootid 9 tid 105984
target_page_id id: 8 tid 105984
0 1 tid 105984
402 8 tid 105984
186 tid 105984
Insert  tid 105984
FindTargetPageId rootid 9 tid 105984
target_page_id id: 8 tid 105984
0 1 tid 105984
402 8 tid 105984
186 tid 105984
Insert  tid 105984
FindTargetPageId rootid 9 tid 105984
target_page_id id: 8 tid 105984
0 1 tid 105984
402 8 tid 105984
186 tid 105984
Insert  tid 105984
FindTargetPageId rootid 9 tid 105984
target_page_id id: 8 tid 105984
0 1 tid 105984
402 8 tid 105984
186 tid 105984
Insert  tid 105984
FindTargetPageId rootid 9 tid 105984
target_page_id id: 8 tid 105984
0 1 tid 105984
402 8 tid 105984
186 tid 105984
Insert  tid 105984
FindTargetPageId rootid 9 tid 105984
target_page_id id: 8 tid 105984
0 1 tid 105984
402 8 tid 105984
186 tid 105984
Insert  tid 105984
FindTargetPageId rootid 9 tid 105984
target_page_id id: 8 tid 105984
0 1 tid 105984
402 8 tid 105984
186 tid 105984
Insert  tid 105984
FindTargetPageId rootid 9 tid 105984
target_page_id id: 8 tid 105984
0 1 tid 105984
402 8 tid 105984
186 tid 105984
Insert  tid 105984
FindTargetPageId rootid 9 tid 105984
target_page_id id: 8 tid 105984
0 1 tid 105984
402 8 tid 105984
186 tid 105984
Insert  tid 105984
FindTargetPageId rootid 9 tid 105984
target_page_id id: 8 tid 105984
0 1 tid 105984
402 8 tid 105984
186 tid 105984
Insert  tid 105984
FindTargetPageId rootid 9 tid 105984
target_page_id id: 8 tid 105984
0 1 tid 105984
402 8 tid 105984
186 tid 105984
Insert  tid 105984
FindTargetPageId rootid 9 tid 105984
target_page_id id: 8 tid 105984
0 1 tid 105984
402 8 tid 105984
186 tid 105984
Insert  tid 105984
FindTargetPageId rootid 9 tid 105984
target_page_id id: 8 tid 105984
0 1 tid 105984
402 8 tid 105984
186 tid 105984
Insert  tid 105984
FindTargetPageId rootid 9 tid 105984
target_page_id id: 8 tid 105984
0 1 tid 105984
402 8 tid 105984
186 tid 105984
Insert  tid 105984
FindTargetPageId rootid 9 tid 105984
target_page_id id: 8 tid 105984
0 1 tid 105984
402 8 tid 105984
186 tid 105984
Insert  tid 105984
FindTargetPageId rootid 9 tid 105984
target_page_id id: 8 tid 105984
0 1 tid 105984
402 8 tid 105984
186 tid 105984
Insert  tid 105984
FindTargetPageId rootid 9 tid 105984
target_page_id id: 8 tid 105984
0 1 tid 105984
402 8 tid 105984
186 tid 105984
Insert  tid 105984
FindTargetPageId rootid 9 tid 105984
target_page_id id: 8 tid 105984
0 1 tid 105984
402 8 tid 105984
186 tid 105984
Insert  tid 105984
FindTargetPageId rootid 9 tid 105984
target_page_id id: 8 tid 105984
0 1 tid 105984
402 8 tid 105984
186 tid 105984
Insert  tid 105984
FindTargetPageId rootid 9 tid 105984
target_page_id id: 8 tid 105984
0 1 tid 105984
402 8 tid 105984
186 tid 105984
Insert  tid 105984
FindTargetPageId rootid 9 tid 105984
target_page_id id: 8 tid 105984
0 1 tid 105984
402 8 tid 105984
186 tid 105984
Insert  tid 105984
FindTargetPageId rootid 9 tid 105984
target_page_id id: 8 tid 105984
0 1 tid 105984
402 8 tid 105984
186 tid 105984
Insert  tid 105984
FindTargetPageId rootid 9 tid 105982
target_page_id id: 8 tid 105982
0 1 tid 105982
402 8 tid 105982
186 tid 105982
Insert  tid 105982
FindTargetPageId rootid 9 tid 105983
target_page_id id: 1 tid 105983
0 1 tid 105983
402 8 tid 105983
127 tid 105983
Remove  tid 105983
FindTargetPageId rootid 9 tid 105984
target_page_id id: 8 tid 105984
0 1 tid 105984
403 8 tid 105984
186 tid 105984
Insert  tid 105984
FindTargetPageId rootid 9 tid 105982
target_page_id id: 8 tid 105982
0 1 tid 105982
403 8 tid 105982
186 tid 105982
Insert  tid 105982
FindTargetPageId rootid 9 tid 105982
target_page_id id: 8 tid 105982
0 1 tid 105982
403 8 tid 105982
187 tid 105982
Insert  tid 105982
FindTargetPageId rootid 9 tid 105982
target_page_id id: 8 tid 105982
0 1 tid 105982
403 8 tid 105982
188 tid 105982
Insert  tid 105982
FindTargetPageId rootid 9 tid 105984
target_page_id id: 8 tid 105984
0 1 tid 105984
403 8 tid 105984
189 tid 105984
Insert  tid 105984
FindTargetPageId rootid 9 tid 105983
target_page_id id: 1 tid 105983
0 1 tid 105983
403 8 tid 105983
127 tid 105983
Remove  tid 105983
FindTargetPageId rootid 9 tid 105983
target_page_id id: 1 tid 105983
0 1 tid 105983
404 8 tid 105983
127 tid 105983
Remove  tid 105983
FindTargetPageId rootid 9 tid 105983
target_page_id id: 1 tid 105983
0 1 tid 105983
405 8 tid 105983
127 tid 105983
Remove  tid 105983
FindTargetPageId rootid 9 tid 105983
target_page_id id: 1 tid 105983
0 1 tid 105983
406 8 tid 105983
127 tid 105983
Remove  tid 105983
FindTargetPageId rootid 9 tid 105982
target_page_id id: 8 tid 105982
0 1 tid 105982
407 8 tid 105982
185 tid 105982
Insert  tid 105982
FindTargetPageId rootid 9 tid 105983
target_page_id id: 1 tid 105983
0 1 tid 105983
407 8 tid 105983
127 tid 105983
Remove  tid 105983
FindTargetPageId rootid 9 tid 105983
target_page_id id: 1 tid 105983
0 1 tid 105983
408 8 tid 105983
127 tid 105983
Remove  tid 105983
FindTargetPageId rootid 9 tid 105982
target_page_id id: 8 tid 105982
0 1 tid 105982
409 8 tid 105982
184 tid 105982
Insert  tid 105982
FindTargetPageId rootid 9 tid 105982
target_page_id id: 8 tid 105982
0 1 tid 105982
409 8 tid 105982
185 tid 105982
Insert  tid 105982
FindTargetPageId rootid 9 tid 105982
target_page_id id: 8 tid 105982
0 1 tid 105982
409 8 tid 105982
186 tid 105982
Insert  tid 105982
FindTargetPageId rootid 9 tid 105984
target_page_id id: 8 tid 105984
0 1 tid 105984
409 8 tid 105984
187 tid 105984
Insert  tid 105984
FindTargetPageId rootid 9 tid 105983
target_page_id id: 1 tid 105983
0 1 tid 105983
409 8 tid 105983
127 tid 105983
Remove  tid 105983
FindTargetPageId rootid 9 tid 105982
target_page_id id: 8 tid 105982
0 1 tid 105982
410 8 tid 105982
186 tid 105982
Insert  tid 105982
FindTargetPageId rootid 9 tid 105984
target_page_id id: 8 tid 105984
0 1 tid 105984
410 8 tid 105984
187 tid 105984
Insert  tid 105984
FindTargetPageId rootid 9 tid 105984
target_page_id id: 8 tid 105984
0 1 tid 105984
410 8 tid 105984
187 tid 105984
Insert  tid 105984
FindTargetPageId rootid 9 tid 105982
target_page_id id: 8 tid 105982
0 1 tid 105982
410 8 tid 105982
187 tid 105982
Insert  tid 105982
FindTargetPageId rootid 9 tid 105982
target_page_id id: 8 tid 105982
0 1 tid 105982
410 8 tid 105982
188 tid 105982
Insert  tid 105982
FindTargetPageId rootid 9 tid 105982
target_page_id id: 8 tid 105982
0 1 tid 105982
410 8 tid 105982
189 tid 105982
Insert  tid 105982
FindTargetPageId rootid 9 tid 105982
target_page_id id: 8 tid 105982
0 1 tid 105982
410 8 tid 105982
190 tid 105982
Insert  tid 105982
FindTargetPageId rootid 9 tid 105982
target_page_id id: 8 tid 105982
0 1 tid 105982
410 8 tid 105982
191 tid 105982
Insert  tid 105982
FindTargetPageId rootid 9 tid 105982
target_page_id id: 8 tid 105982
0 1 tid 105982
410 8 tid 105982
192 tid 105982
Insert  tid 105982
FindTargetPageId rootid 9 tid 105984
target_page_id id: 8 tid 105984
0 1 tid 105984
410 8 tid 105984
193 tid 105984
Insert  tid 105984
FindTargetPageId rootid 9 tid 105983
target_page_id id: 1 tid 105983
0 1 tid 105983
410 8 tid 105983
127 tid 105983
Remove  tid 105983
FindTargetPageId rootid 9 tid 105983
target_page_id id: 1 tid 105983
0 1 tid 105983
411 8 tid 105983
127 tid 105983
Remove  tid 105983
FindTargetPageId rootid 9 tid 105983
target_page_id id: 1 tid 105983
0 1 tid 105983
412 8 tid 105983
127 tid 105983
Remove  tid 105983
FindTargetPageId rootid 9 tid 105983
target_page_id id: 1 tid 105983
0 1 tid 105983
413 8 tid 105983
127 tid 105983
Remove  tid 105983
FindTargetPageId rootid 9 tid 105984
target_page_id id: 8 tid 105984
0 1 tid 105984
414 8 tid 105984
189 tid 105984
Insert  tid 105984
FindTargetPageId rootid 9 tid 105984
target_page_id id: 8 tid 105984
0 1 tid 105984
414 8 tid 105984
189 tid 105984
Insert  tid 105984
FindTargetPageId rootid 9 tid 105984
target_page_id id: 8 tid 105984
0 1 tid 105984
414 8 tid 105984
189 tid 105984
Insert  tid 105984
FindTargetPageId rootid 9 tid 105984
target_page_id id: 8 tid 105984
0 1 tid 105984
414 8 tid 105984
189 tid 105984
Insert  tid 105984
FindTargetPageId rootid 9 tid 105984
target_page_id id: 8 tid 105984
0 1 tid 105984
414 8 tid 105984
189 tid 105984
Insert  tid 105984
FindTargetPageId rootid 9 tid 105984
target_page_id id: 8 tid 105984
0 1 tid 105984
414 8 tid 105984
189 tid 105984
Insert  tid 105984
FindTargetPageId rootid 9 tid 105984
target_page_id id: 8 tid 105984
0 1 tid 105984
414 8 tid 105984
189 tid 105984
Insert  tid 105984
FindTargetPageId rootid 9 tid 105984
target_page_id id: 8 tid 105984
0 1 tid 105984
414 8 tid 105984
189 tid 105984
Insert  tid 105984
FindTargetPageId rootid 9 tid 105982
target_page_id id: 8 tid 105982
0 1 tid 105982
414 8 tid 105982
189 tid 105982
Insert  tid 105982
FindTargetPageId rootid 9 tid 105982
target_page_id id: 8 tid 105982
0 1 tid 105982
414 8 tid 105982
190 tid 105982
Insert  tid 105982
FindTargetPageId rootid 9 tid 105983
target_page_id id: 1 tid 105983
0 1 tid 105983
414 8 tid 105983
127 tid 105983
Remove  tid 105983
FindTargetPageId rootid 9 tid 105984
target_page_id id: 8 tid 105984
0 1 tid 105984
415 8 tid 105984
190 tid 105984
Insert  tid 105984
FindTargetPageId rootid 9 tid 105982
target_page_id id: 8 tid 105982
0 1 tid 105982
415 8 tid 105982
190 tid 105982
Insert  tid 105982
FindTargetPageId rootid 9 tid 105982
target_page_id id: 8 tid 105982
0 1 tid 105982
415 8 tid 105982
191 tid 105982
Insert  tid 105982
FindTargetPageId rootid 9 tid 105982
target_page_id id: 8 tid 105982
0 1 tid 105982
415 8 tid 105982
192 tid 105982
FindTargetPageId rootid 9 tid 105983
Insert target_page_id id:  tid 1105982 tid 
105983
0 1 tid 105983
415 8 tid 105983
127 tid 105983
Remove  tid 105983
FindTargetPageId rootid 9 tid 105984
target_page_id id: 8 tid 105984
0 1 tid 105984
416 8 tid 105984
192 tid 105984
Insert  tid 105984
FindTargetPageId rootid 9 tid 105982
target_page_id id: 8 tid 105982
0 1 tid 105982
416 8 tid 105982
192 tid 105982
Insert  tid 105982
FindTargetPageId rootid 9 tid 105982
target_page_id id: 8 tid 105982
0 1 tid 105982
416 8 tid 105982
193 tid 105982
Insert  tid 105982
FindTargetPageId rootid 9 tid 105982
target_page_id id: 8 tid 105982
0 1 tid 105982
416 8 tid 105982
194 tid 105982
Insert  tid 105982
FindTargetPageId rootid 9 tid 105984
target_page_id id: 8 tid 105984
0 1 tid 105984
416 8 tid 105984
195 tid 105984
Insert  tid 105984
FindTargetPageId rootid 9 tid 105984
target_page_id id: 8 tid 105984
0 1 tid 105984
416 8 tid 105984
195 tid 105984
Insert  tid 105984
FindTargetPageId rootid 9 tid 105983
target_page_id id: 1 tid 105983
0 1 tid 105983
416 8 tid 105983
127 tid 105983
Remove  tid 105983
FindTargetPageId rootid 9 tid 105983
target_page_id id: 1 tid 105983
0 1 tid 105983
417 8 tid 105983
127 tid 105983
Remove  tid 105983
FindTargetPageId rootid 9 tid 105983
target_page_id id: 1 tid 105983
0 1 tid 105983
418 8 tid 105983
127 tid 105983
Remove  tid 105983
FindTargetPageId rootid 9 tid 105983
target_page_id id: 1 tid 105983
0 1 tid 105983
419 8 tid 105983
127 tid 105983
Remove  tid 105983
FindTargetPageId rootid 9 tid 105982
target_page_id id: 8 tid 105982
0 1 tid 105982
420 8 tid 105982
191 tid 105982
Insert  tid 105982
FindTargetPageId rootid 9 tid 105984
target_page_id id: 8 tid 105984
0 1 tid 105984
420 8 tid 105984
192 tid 105984
Insert  tid 105984
FindTargetPageId rootid 9 tid 105984
target_page_id id: 8 tid 105984
0 1 tid 105984
420 8 tid 105984
192 tid 105984
Insert  tid 105984
FindTargetPageId rootid 9 tid 105984
target_page_id id: 8 tid 105984
0 1 tid 105984
420 8 tid 105984
192 tid 105984
Insert  tid 105984
FindTargetPageId rootid 9 tid 105984
target_page_id id: 8 tid 105984
0 1 tid 105984
420 8 tid 105984
192 tid 105984
Insert  tid 105984
FindTargetPageId rootid 9 tid 105984
target_page_id id: 8 tid 105984
0 1 tid 105984
420 8 tid 105984
192 tid 105984
Insert  tid 105984
FindTargetPageId rootid 9 tid 105984
target_page_id id: 8 tid 105984
0 1 tid 105984
420 8 tid 105984
192 tid 105984
Insert  tid 105984
FindTargetPageId rootid 9 tid 105984
target_page_id id: 8 tid 105984
0 1 tid 105984
420 8 tid 105984
192 tid 105984
Insert  tid 105984
FindTargetPageId rootid 9 tid 105984
target_page_id id: 8 tid 105984
0 1 tid 105984
420 8 tid 105984
192 tid 105984
Insert  tid 105984
FindTargetPageId rootid 9 tid 105984
target_page_id id: 8 tid 105984
0 1 tid 105984
420 8 tid 105984
192 tid 105984
Insert  tid 105984
FindTargetPageId rootid 9 tid 105984
target_page_id id: 8 tid 105984
0 1 tid 105984
420 8 tid 105984
192 tid 105984
Insert  tid 105984
FindTargetPageId rootid 9 tid 105984
target_page_id id: 8 tid 105984
0 1 tid 105984
420 8 tid 105984
192 tid 105984
FindTargetPageId rootid 9 tid 105983
target_page_id id: 1 tid 105983
0 1 tid 105983
420 8 tid 105983
127 tid 105983
Remove  tid 105983
Insert  tid 105984FindTargetPageId rootid 
9 tid 105983
target_page_id id: 1 tid 105983
0 1 tid 105983
421 8 tid 105983
127 tid 105983
Remove  tid 105983
FindTargetPageId rootid 9 tid 105983
target_page_id id: 1 tid 105983
0 1 tid 105983
422 8 tid 105983
127 tid 105983
Remove  tid 105983
FindTargetPageId rootid 9 tid 105983
target_page_id id: 1 tid 105983
0 1 tid 105983
423 8 tid 105983
127 tid 105983
Remove  tid 105983
FindTargetPageId rootid 9 tid 105983
target_page_id id: 1 tid 105983
0 1 tid 105983
424 8 tid 105983
127 tid 105983
Remove  tid 105983
FindTargetPageId rootid 9 tid 105983
target_page_id id: 1 tid 105983
0 1 tid 105983
425 8 tid 105983
127 tid 105983
Remove  tid 105983
FindTargetPageId rootid 9 tid 105983
target_page_id id: 1 tid 105983
0 1 tid 105983
426 8 tid 105983
127 tid 105983
Remove  tid 105983
FindTargetPageId rootid 9 tid 105984
target_page_id id: 8 tid 105984
0 1 tid 105984
427 8 tid 105984
185 tid 105984
Insert  tid 105984
FindTargetPageId rootid 9 tid 105984
target_page_id id: 8 tid 105984
0 1 tid 105984
427 8 tid 105984
185 tid 105984
Insert  tid 105984
FindTargetPageId rootid 9 tid 105984
target_page_id id: 8 tid 105984
0 1 tid 105984
427 8 tid 105984
186 tid 105984
Insert  tid 105984
FindTargetPageId rootid 9 tid 105984
target_page_id id: 8 tid 105984
0 1 tid 105984
427 8 tid 105984
187 tid 105984
Insert  tid 105984
FindTargetPageId rootid 9 tid 105984
target_page_id id: 8 tid 105984
0 1 tid 105984
427 8 tid 105984
188 tid 105984
Insert  tid 105984
FindTargetPageId rootid 9 tid 105984
target_page_id id: 8 tid 105984
0 1 tid 105984
427 8 tid 105984
189 tid 105984
Insert  tid 105984
FindTargetPageId rootid 9 tid 105984
target_page_id id: 8 tid 105984
0 1 tid 105984
427 8 tid 105984
190 tid 105984
Insert  tid 105984
FindTargetPageId rootid 9 tid 105983
target_page_id id: 1 tid 105983
0 1 tid 105983
427 8 tid 105983
127 tid 105983
Remove  tid 105983
FindTargetPageId rootid 9 tid 105983
target_page_id id: 1 tid 105983
0 1 tid 105983
428 8 tid 105983
127 tid 105983
Remove  tid 105983
FindTargetPageId rootid 9 tid 105983
target_page_id id: 1 tid 105983
0 1 tid 105983
429 8 tid 105983
127 tid 105983
Remove  tid 105983
FindTargetPageId rootid 9 tid 105983
target_page_id id: 1 tid 105983
0 1 tid 105983
430 8 tid 105983
127 tid 105983
Remove  tid 105983
FindTargetPageId rootid 9 tid 105982
target_page_id id: 8 tid 105982
0 1 tid 105982
431 8 tid 105982
187 tid 105982
Insert  tid 105982
FindTargetPageId rootid 9 tid 105982
target_page_id id: 8 tid 105982
0 1 tid 105982
431 8 tid 105982
187 tid 105982
Insert  tid 105982
FindTargetPageId rootid 9 tid 105982
target_page_id id: 8 tid 105982
0 1 tid 105982
431 8 tid 105982
187 tid 105982
Insert  tid 105982
FindTargetPageId rootid 9 tid 105984
target_page_id id: 8 tid 105984
0 1 tid 105984
431 8 tid 105984
187 tid 105984
Insert  tid 105984
FindTargetPageId rootid 9 tid 105984
target_page_id id: 8 tid 105984
0 1 tid 105984
431 8 tid 105984
188 tid 105984
Insert  tid 105984
FindTargetPageId rootid 9 tid 105982
target_page_id id: 8 tid 105982
0 1 tid 105982
431 8 tid 105982
189 tid 105982
Insert  tid 105982
FindTargetPageId rootid 9 tid 105983
target_page_id id: 1 tid 105983
0 1 tid 105983
431 8 tid 105983
127 tid 105983
Remove  tid 105983
FindTargetPageId rootid 9 tid 105984
target_page_id id: 8 tid 105984
0 1 tid 105984
432 8 tid 105984
188 tid 105984
Insert  tid 105984
FindTargetPageId rootid 9 tid 105984
target_page_id id: 8 tid 105984
0 1 tid 105984
432 8 tid 105984
189 tid 105984
Insert  tid 105984
FindTargetPageId rootid 9 tid 105984
target_page_id id: 8 tid 105984
0 1 tid 105984
432 8 tid 105984
190 tid 105984
Insert  tid 105984
FindTargetPageId rootid 9 tid 105984
target_page_id id: 8 tid 105984
0 1 tid 105984
432 8 tid 105984
191 tid 105984
Insert  tid 105984
FindTargetPageId rootid 9 tid 105984
target_page_id id: 8 tid 105984
0 1 tid 105984
432 8 tid 105984
192 tid 105984
Insert  tid 105984
FindTargetPageId rootid 9 tid 105984
target_page_id id: 8 tid 105984
0 1 tid 105984
432 8 tid 105984
193 tid 105984
Insert  tid 105984
FindTargetPageId rootid 9 tid 105984
target_page_id id: 8 tid 105984
0 1 tid 105984
432 8 tid 105984
194 tid 105984
Insert  tid 105984
FindTargetPageId rootid 9 tid 105984
target_page_id id: 8 tid 105984
0 1 tid 105984
432 8 tid 105984
195 tid 105984
Insert  tid 105984
FindTargetPageId rootid 9 tid 105984
target_page_id id: 8 tid 105984
0 1 tid 105984
432 8 tid 105984
196 tid 105984
Insert  tid 105984
FindTargetPageId rootid 9 tid 105984
target_page_id id: 8 tid 105984
0 1 tid 105984
432 8 tid 105984
197 tid 105984
Insert  tid 105984
FindTargetPageId rootid 9 tid 105984
target_page_id id: 8 tid 105984
0 1 tid 105984
432 8 tid 105984
198 tid 105984
Insert  tid 105984
FindTargetPageId rootid 9 tid 105984
target_page_id id: 8 tid 105984
0 1 tid 105984
432 8 tid 105984
199 tid 105984
Insert  tid 105984
FindTargetPageId rootid 9 tid 105984
target_page_id id: 8 tid 105984
0 1 tid 105984
432 8 tid 105984
200 tid 105984
Insert  tid 105984
FindTargetPageId rootid 9 tid 105984
target_page_id id: 8 tid 105984
0 1 tid 105984
432 8 tid 105984
201 tid 105984
Insert  tid 105984
FindTargetPageId rootid 9 tid 105984
target_page_id id: 8 tid 105984
0 1 tid 105984
432 8 tid 105984
202 tid 105984
Insert  tid 105984
FindTargetPageId rootid 9 tid 105984
target_page_id id: 8 tid 105984
0 1 tid 105984
432 8 tid 105984
203 tid 105984
Insert  tid 105984
FindTargetPageId rootid 9 tid 105984
target_page_id id: 8 tid 105984
0 1 tid 105984
432 8 tid 105984
204 tid 105984
Insert  tid 105984
FindTargetPageId rootid 9 tid 105984
target_page_id id: 8 tid 105984
0 1 tid 105984
432 8 tid 105984
205 tid 105984
Insert  tid 105984
FindTargetPageId rootid 9 tid 105984
target_page_id id: 8 tid 105984
0 1 tid 105984
432 8 tid 105984
206 tid 105984
Insert  tid 105984
FindTargetPageId rootid 9 tid 105984
target_page_id id: 8 tid 105984
0 1 tid 105984
432 8 tid 105984
207 tid 105984
Insert  tid 105984
FindTargetPageId rootid 9 tid 105984
target_page_id id: 8 tid 105984
0 1 tid 105984
432 8 tid 105984
208 tid 105984
Insert  tid 105984
FindTargetPageId rootid 9 tid 105983
target_page_id id: 1 tid 105983
0 1 tid 105983
432 8 tid 105983
127 tid 105983
Remove  tid 105983
FindTargetPageId rootid 9 tid 105982
target_page_id id: 8 tid 105982
0 1 tid 105982
433 8 tid 105982
208 tid 105982
Insert  tid 105982
FindTargetPageId rootid 9 tid 105982
target_page_id id: 8 tid 105982
0 1 tid 105982
433 8 tid 105982
208 tid 105982
Insert  tid 105982
FindTargetPageId rootid 9 tid 105982
target_page_id id: 8 tid 105982
0 1 tid 105982
433 8 tid 105982
208 tid 105982
Insert  tid 105982
FindTargetPageId rootid 9 tid 105982
target_page_id id: 8 tid 105982
0 1 tid 105982
433 8 tid 105982
208 tid 105982
Insert  tid 105982
FindTargetPageId rootid 9 tid 105982
target_page_id id: 8 tid 105982
0 1 tid 105982
433 8 tid 105982
208 tid 105982
Insert  tid 105982
FindTargetPageId rootid 9 tid 105982
target_page_id id: 8 tid 105982
0 1 tid 105982
433 8 tid 105982
208 tid 105982
Insert  tid 105982
FindTargetPageId rootid 9 tid 105982
target_page_id id: 8 tid 105982
0 1 tid 105982
433 8 tid 105982
208 tid 105982
Insert  tid 105982
FindTargetPageId rootid 9 tid 105982
target_page_id id: 8 tid 105982
0 1 tid 105982
433 8 tid 105982
208 tid 105982
Insert  tid 105982
FindTargetPageId rootid 9 tid 105982
target_page_id id: 8 tid 105982
0 1 tid 105982
433 8 tid 105982
208 tid 105982
Insert  tid 105982
FindTargetPageId rootid 9 tid 105982
target_page_id id: 8 tid 105982
0 1 tid 105982
433 8 tid 105982
208 tid 105982
Insert  tid 105982
FindTargetPageId rootid 9 tid 105982
target_page_id id: 8 tid 105982
0 1 tid 105982
433 8 tid 105982
208 tid 105982
Insert  tid 105982
FindTargetPageId rootid 9 tid 105982
target_page_id id: 8 tid 105982
0 1 tid 105982
433 8 tid 105982
208 tid 105982
Insert  tid 105982
FindTargetPageId rootid 9 tid 105982
target_page_id id: 8 tid 105982
0 1 tid 105982
433 8 tid 105982
208 tid 105982
Insert  tid 105982
FindTargetPageId rootid 9 tid 105982
target_page_id id: 8 tid 105982
0 1 tid 105982
433 8 tid 105982
208 tid 105982
Insert  tid 105982
FindTargetPageId rootid 9 tid 105982
target_page_id id: 8 tid 105982
0 1 tid 105982
433 8 tid 105982
208 tid 105982
Insert  tid 105982
FindTargetPageId rootid 9 tid 105982
target_page_id id: 8 tid 105982
0 1 tid 105982
433 8 tid 105982
208 tid 105982
Insert  tid 105982
FindTargetPageId rootid 9 tid 105982
target_page_id id: 8 tid 105982
0 1 tid 105982
433 8 tid 105982
208 tid 105982
Insert  tid 105982
FindTargetPageId rootid 9 tid 105982
target_page_id id: 8 tid 105982
0 1 tid 105982
433 8 tid 105982
208 tid 105982
Insert  tid 105982
FindTargetPageId rootid 9 tid 105982
target_page_id id: 8 tid 105982
0 1 tid 105982
433 8 tid 105982
208 tid 105982
Insert  tid 105982
FindTargetPageId rootid 9 tid 105982
target_page_id id: 8 tid 105982
0 1 tid 105982
433 8 tid 105982
208 tid 105982
Insert  tid 105982
FindTargetPageId rootid 9 tid 105982
target_page_id id: 8 tid 105982
0 1 tid 105982
433 8 tid 105982
208 tid 105982
Insert  tid 105982
FindTargetPageId rootid 9 tid 105982
target_page_id id: 8 tid 105982
0 1 tid 105982
433 8 tid 105982
208 tid 105982
Insert  tid 105982
FindTargetPageId rootid 9 tid 105982
target_page_id id: 8 tid 105982
0 1 tid 105982
433 8 tid 105982
208 tid 105982
Insert  tid 105982
FindTargetPageId rootid 9 tid 105984
target_page_id id: 8 tid 105984
0 1 tid 105984
433 8 tid 105984
208 tid 105984
Insert  tid 105984
FindTargetPageId rootid 9 tid 105982
target_page_id id: 8 tid 105982
0 1 tid 105982
433 8 tid 105982
209 tid 105982
Insert  tid 105982
FindTargetPageId rootid 9 tid 105983
target_page_id id: 1 tid 105983
0 1 tid 105983
433 8 tid 105983
127 tid 105983
Remove  tid 105983
FindTargetPageId rootid 9 tid 105983
target_page_id id: 1 tid 105983
0 1 tid 105983
434 8 tid 105983
127 tid 105983
Remove  tid 105983
FindTargetPageId rootid 9 tid 105982
target_page_id id: 8 tid 105982
0 1 tid 105982
435 8 tid 105982
207 tid 105982
Insert  tid 105982
FindTargetPageId rootid 9 tid 105982
target_page_id id: 8 tid 105982
0 1 tid 105982
435 8 tid 105982
207 tid 105982
Insert  tid 105982
FindTargetPageId rootid 9 tid 105982
target_page_id id: 8 tid 105982
0 1 tid 105982
435 8 tid 105982
207 tid 105982
Insert  tid 105982
FindTargetPageId rootid 9 tid 105982
target_page_id id: 8 tid 105982
0 1 tid 105982
435 8 tid 105982
208 tid 105982
Insert  tid 105982
FindTargetPageId rootid 9 tid 105984
target_page_id id: 8 tid 105984
0 1 tid 105984
435 8 tid 105984
209 tid 105984
Insert  tid 105984
FindTargetPageId rootid 9 tid 105982
target_page_id id: 8 tid 105982
0 1 tid 105982
435 8 tid 105982
209 tid 105982
Insert  tid 105982
FindTargetPageId rootid 9 tid 105983
target_page_id id: 1 tid 105983
0 1 tid 105983
435 8 tid 105983
127 tid 105983
Remove  tid 105983
FindTargetPageId rootid 9 tid 105983
target_page_id id: 1 tid 105983
0 1 tid 105983
436 8 tid 105983
127 tid 105983
Remove  tid 105983
FindTargetPageId rootid 9 tid 105983
target_page_id id: 1 tid 105983
0 1 tid 105983
437 8 tid 105983
127 tid 105983
Remove  tid 105983
FindTargetPageId rootid 9 tid 105983
target_page_id id: 1 tid 105983
0 1 tid 105983
438 8 tid 105983
127 tid 105983
Remove  tid 105983
FindTargetPageId rootid 9 tid 105983
target_page_id id: 1 tid 105983
0 1 tid 105983
439 8 tid 105983
127 tid 105983
Remove  tid 105983
FindTargetPageId rootid 9 tid 105983
target_page_id id: 1 tid 105983
0 1 tid 105983
440 8 tid 105983
127 tid 105983
Remove  tid 105983
FindTargetPageId rootid 9 tid 105983
target_page_id id: 1 tid 105983
0 1 tid 105983
441 8 tid 105983
127 tid 105983
Remove  tid 105983
FindTargetPageId rootid 9 tid 105983
target_page_id id: 1 tid 105983
0 1 tid 105983
442 8 tid 105983
127 tid 105983
Remove  tid 105983
FindTargetPageId rootid 9 tid 105982
target_page_id id: 8 tid 105982
0 1 tid 105982
443 8 tid 105982
202 tid 105982
Insert  tid 105982
FindTargetPageId rootid 9 tid 105982
target_page_id id: 8 tid 105982
0 1 tid 105982
443 8 tid 105982
203 tid 105982
Insert  tid 105982
FindTargetPageId rootid 9 tid 105984
target_page_id id: 8 tid 105984
0 1 tid 105984
443 8 tid 105984
204 tid 105984
Insert  tid 105984
FindTargetPageId rootid 9 tid 105983
target_page_id id: 1 tid 105983
0 1 tid 105983
443 8 tid 105983
127 tid 105983
Remove  tid 105983
FindTargetPageId rootid 9 tid 105983
target_page_id id: 1 tid 105983
0 1 tid 105983
444 8 tid 105983
127 tid 105983
Remove  tid 105983
FindTargetPageId rootid 9 tid 105983
target_page_id id: 1 tid 105983
0 1 tid 105983
445 8 tid 105983
127 tid 105983
Remove  tid 105983
FindTargetPageId rootid 9 tid 105983
target_page_id id: 1 tid 105983
0 1 tid 105983
446 8 tid 105983
127 tid 105983
Remove  tid 105983
FindTargetPageId rootid 9 tid 105984
target_page_id id: 8 tid 105984
0 1 tid 105984
447 8 tid 105984
200 tid 105984
Insert  tid 105984
FindTargetPageId rootid 9 tid 105982
target_page_id id: 8 tid 105982
0 1 tid 105982
447 8 tid 105982
200 tid 105982
Insert  tid 105982
FindTargetPageId rootid 9 tid 105982
target_page_id id: 8 tid 105982
0 1 tid 105982
447 8 tid 105982
201 tid 105982
Insert  tid 105982
FindTargetPageId rootid 9 tid 105982
target_page_id id: 8 tid 105982
0 1 tid 105982
447 8 tid 105982
202 tid 105982
Insert  tid 105982
FindTargetPageId rootid 9 tid 105982
target_page_id id: 8 tid 105982
0 1 tid 105982
447 8 tid 105982
203 tid 105982
Insert  tid 105982
FindTargetPageId rootid 9 tid 105982
target_page_id id: 8 tid 105982
0 1 tid 105982
447 8 tid 105982
204 tid 105982
Insert  tid 105982
FindTargetPageId rootid 9 tid 105982
target_page_id id: 8 tid 105982
0 1 tid 105982
447 8 tid 105982
205 tid 105982
Insert  tid 105982
FindTargetPageId rootid 9 tid 105982
target_page_id id: 8 tid 105982
0 1 tid 105982
447 8 tid 105982
206 tid 105982
Insert  tid 105982
FindTargetPageId rootid 9 tid 105982
target_page_id id: 8 tid 105982
0 1 tid 105982
447 8 tid 105982
207 tid 105982
Insert  tid 105982
FindTargetPageId rootid 9 tid 105984
target_page_id id: 8 tid 105984
0 1 tid 105984
447 8 tid 105984
208 tid 105984
FindTargetPageId rootid 9 tid 105983
target_page_id id: 1 tid 105983
0 1 tid 105983
447 8 tid 105983
127 tid 105983
Insert  tid 105984
Remove  tid 105983
FindTargetPageId rootid 9 tid 105982
target_page_id id: 8 tid 105982
0 1 tid 105982
448 8 tid 105982
207 tid 105982
Insert  tid 105982
FindTargetPageId rootid 9 tid 105982
target_page_id id: 8 tid 105982
0 1 tid 105982
448 8 tid 105982
208 tid 105982
Insert  tid 105982
FindTargetPageId rootid 9 tid 105984
target_page_id id: 8 tid 105984
0 1 tid 105984
448 8 tid 105984
209 tid 105984
Insert  tid 105984
FindTargetPageId rootid 9 tid 105983
target_page_id id: 1 tid 105983
0 1 tid 105983
448 8 tid 105983
127 tid 105983
Remove  tid 105983
FindTargetPageId rootid 9 tid 105982
target_page_id id: 8 tid 105982
0 1 tid 105982
449 8 tid 105982
208 tid 105982
Insert  tid 105982
FindTargetPageId rootid 9 tid 105984
target_page_id id: 8 tid 105984
0 1 tid 105984
449 8 tid 105984
209 tid 105984
Insert  tid 105984
FindTargetPageId rootid 9 tid 105984
target_page_id id: 8 tid 105984
0 1 tid 105984
449 8 tid 105984
209 tid 105984
Insert  tid 105984
FindTargetPageId rootid 9 tid 105984
target_page_id id: 8 tid 105984
0 1 tid 105984
449 8 tid 105984
209 tid 105984
Insert  tid 105984
FindTargetPageId rootid 9 tid 105983
target_page_id id: 1 tid 105983
0 1 tid 105983
449 8 tid 105983
127 tid 105983
Remove  tid 105983
FindTargetPageId rootid 9 tid 105983
target_page_id id: 1 tid 105983
0 1 tid 105983
450 8 tid 105983
127 tid 105983
Remove  tid 105983
FindTargetPageId rootid 9 tid 105983
target_page_id id: 1 tid 105983
0 1 tid 105983
451 8 tid 105983
127 tid 105983
Remove  tid 105983
FindTargetPageId rootid 9 tid 105983
target_page_id id: 1 tid 105983
0 1 tid 105983
452 8 tid 105983
127 tid 105983
Remove  tid 105983
FindTargetPageId rootid 9 tid 105982
target_page_id id: 8 tid 105982
0 1 tid 105982
453 8 tid 105982
205 tid 105982
Insert  tid 105982
FindTargetPageId rootid 9 tid 105982
target_page_id id: 8 tid 105982
0 1 tid 105982
453 8 tid 105982
206 tid 105982
Insert  tid 105982
FindTargetPageId rootid 9 tid 105982
target_page_id id: 8 tid 105982
0 1 tid 105982
453 8 tid 105982
207 tid 105982
Insert  tid 105982
FindTargetPageId rootid 9 tid 105982
target_page_id id: 8 tid 105982
0 1 tid 105982
453 8 tid 105982
208 tid 105982
Insert  tid 105982
FindTargetPageId rootid 9 tid 105982
target_page_id id: 8 tid 105982
0 1 tid 105982
453 8 tid 105982
209 tid 105982
Insert  tid 105982
FindTargetPageId rootid 9 tid 105982
target_page_id id: 8 tid 105982
0 1 tid 105982
453 8 tid 105982
210 tid 105982
Insert  tid 105982
FindTargetPageId rootid 9 tid 105982
target_page_id id: 8 tid 105982
0 1 tid 105982
453 8 tid 105982
211 tid 105982
Insert  tid 105982
FindTargetPageId rootid 9 tid 105982
target_page_id id: 8 tid 105982
0 1 tid 105982
453 8 tid 105982
212 tid 105982
Insert  tid 105982
FindTargetPageId rootid 9 tid 105984
target_page_id id: 8 tid 105984
0 1 tid 105984
453 8 tid 105984
213 tid 105984
Insert  tid 105984
FindTargetPageId rootid 9 tid 105984
target_page_id id: 8 tid 105984
0 1 tid 105984
453 8 tid 105984
213 tid 105984
Insert  tid 105984
FindTargetPageId rootid 9 tid 105982
target_page_id id: 8 tid 105982
0 1 tid 105982
453 8 tid 105982
213 tid 105982
Insert  tid 105982
FindTargetPageId rootid 9 tid 105983
target_page_id id: 1 tid 105983
0 1 tid 105983
453 8 tid 105983
127 tid 105983
Remove  tid 105983
FindTargetPageId rootid 9 tid 105984
target_page_id id: 8 tid 105984
0 1 tid 105984
454 8 tid 105984
213 tid 105984
Insert  tid 105984
FindTargetPageId rootid 9 tid 105984
target_page_id id: 8 tid 105984
0 1 tid 105984
454 8 tid 105984
213 tid 105984
Insert  tid 105984
FindTargetPageId rootid 9 tid 105984
target_page_id id: 8 tid 105984
0 1 tid 105984
454 8 tid 105984
213 tid 105984
Insert  tid 105984
FindTargetPageId rootid 9 tid 105984
target_page_id id: 8 tid 105984
0 1 tid 105984
454 8 tid 105984
213 tid 105984
Insert  tid 105984
FindTargetPageId rootid 9 tid 105983
target_page_id id: 1 tid 105983
0 1 tid 105983
454 8 tid 105983
127 tid 105983
Remove  tid 105983
FindTargetPageId rootid 9 tid 105982
target_page_id id: 8 tid 105982
0 1 tid 105982
455 8 tid 105982
212 tid 105982
Insert  tid 105982
FindTargetPageId rootid 9 tid 105984
target_page_id id: 8 tid 105984
0 1 tid 105984
455 8 tid 105984
213 tid 105984
Insert  tid 105984
FindTargetPageId rootid 9 tid 105983
target_page_id id: 1 tid 105983
0 1 tid 105983
455 8 tid 105983
127 tid 105983
Remove  tid 105983
FindTargetPageId rootid 9 tid 105982
target_page_id id: 8 tid 105982
0 1 tid 105982
456 8 tid 105982
212 tid 105982
Insert  tid 105982
FindTargetPageId rootid 9 tid 105982
target_page_id id: 8 tid 105982
0 1 tid 105982
456 8 tid 105982
213 tid 105982
Insert  tid 105982
FindTargetPageId rootid 9 tid 105982
target_page_id id: 8 tid 105982
0 1 tid 105982
456 8 tid 105982
214 tid 105982
Insert  tid 105982
FindTargetPageId rootid 9 tid 105984
target_page_id id: 8 tid 105984
0 1 tid 105984
456 8 tid 105984
215 tid 105984
Insert  tid 105984
FindTargetPageId rootid 9 tid 105983
target_page_id id: 1 tid 105983
0 1 tid 105983
456 8 tid 105983
127 tid 105983
Remove  tid 105983
FindTargetPageId rootid 9 tid 105982
target_page_id id: 8 tid 105982
0 1 tid 105982
457 8 tid 105982
214 tid 105982
Insert  tid 105982
FindTargetPageId rootid 9 tid 105984
target_page_id id: 8 tid 105984
0 1 tid 105984
457 8 tid 105984
215 tid 105984
FindTargetPageId rootid 9 tid 105982
target_page_id id: 8 tid 105982
Insert  tid 105984
0 1 tid 105982
457 8 tid 105982
215 tid 105982
Insert  tid 105982
FindTargetPageId rootid 9 tid 105983
target_page_id id: 1 tid 105983
0 1 tid 105983
457 8 tid 105983
127 tid 105983
Remove  tid 105983FindTargetPageId rootid 
9 tid 105984
target_page_id id: 8 tid 105984
0 1 tid 105984
458 8 tid 105984
215 tid 105984
FindTargetPageId rootid 9 tid 105982
Insert  tid 105984target_page_id id: 8
 tid 105982
0 1 tid 105982
458 8 tid 105982
215 tid 105982
Insert  tid 105982
FindTargetPageId rootid 9 tid 105983
target_page_id id: 1 tid 105983
0 1 tid 105983
458 8 tid 105983
127 tid 105983
FindTargetPageId rootid 9 tid 105984
Remove target_page_id id: 8 tid 105984
0 1 tid 105984
459 8 tid 105984
 tid 215 tid 105984
105983
Insert  tid 105984
FindTargetPageId rootid 9 tid 105983
target_page_id id: 1 tid 105983
0 1 tid 105983
459 8 tid 105983
127 tid 105983
Remove  tid 105983
FindTargetPageId rootid 9 tid 105984
target_page_id id: 8 tid 105984
0 1 tid 105984
460 8 tid 105984
214 tid 105984
Insert  tid 105984
FindTargetPageId rootid 9 tid 105982
target_page_id id: 8 tid 105982
0 1 tid 105982
460 8 tid 105982
214 tid 105982
Insert  tid 105982
FindTargetPageId rootid 9 tid 105982
target_page_id id: 8 tid 105982
0 1 tid 105982
460 8 tid 105982
215 tid 105982
Insert  tid 105982
FindTargetPageId rootid 9 tid 105982
target_page_id id: 8 tid 105982
0 1 tid 105982
460 8 tid 105982
216 tid 105982
Insert  tid 105982
FindTargetPageId rootid 9 tid 105982
target_page_id id: 8 tid 105982
0 1 tid 105982
460 8 tid 105982
217 tid 105982
Insert  tid 105982
FindTargetPageId rootid 9 tid 105982
target_page_id id: 8 tid 105982
0 1 tid 105982
460 8 tid 105982
218 tid 105982
Insert  tid 105982
FindTargetPageId rootid 9 tid 105982
target_page_id id: 8 tid 105982
0 1 tid 105982
460 8 tid 105982
219 tid 105982
Insert  tid 105982
FindTargetPageId rootid 9 tid 105982
target_page_id id: 8 tid 105982
0 1 tid 105982
460 8 tid 105982
220 tid 105982
Insert  tid 105982
FindTargetPageId rootid 9 tid 105982
target_page_id id: 8 tid 105982
0 1 tid 105982
460 8 tid 105982
221 tid 105982
Insert  tid 105982
FindTargetPageId rootid 9 tid 105982
target_page_id id: 8 tid 105982
0 1 tid 105982
460 8 tid 105982
222 tid 105982
Insert  tid 105982
FindTargetPageId rootid 9 tid 105983
target_page_id id: 1 tid 105983
0 1 tid 105983
460 8 tid 105983
127 tid 105983
Remove  tid 105983
FindTargetPageId rootid 9 tid 105984
target_page_id id: 8 tid 105984
0 1 tid 105984
461 8 tid 105984
222 tid 105984
Insert  tid 105984
FindTargetPageId rootid 9 tid 105984
target_page_id id: 8 tid 105984
0 1 tid 105984
461 8 tid 105984
222 tid 105984
Insert  tid 105984
FindTargetPageId rootid 9 tid 105984
target_page_id id: 8 tid 105984
0 1 tid 105984
461 8 tid 105984
222 tid 105984
Insert  tid 105984
FindTargetPageId rootid 9 tid 105984
target_page_id id: 8 tid 105984
0 1 tid 105984
461 8 tid 105984
222 tid 105984
Insert  tid 105984
FindTargetPageId rootid 9 tid 105982
target_page_id id: 8 tid 105982
0 1 tid 105982
461 8 tid 105982
222 tid 105982
Insert  tid 105982
FindTargetPageId rootid 9 tid 105982
target_page_id id: 8 tid 105982
0 1 tid 105982
461 8 tid 105982
223 tid 105982
Insert  tid 105982
FindTargetPageId rootid 9 tid 105982
target_page_id id: 8 tid 105982
0 1 tid 105982
461 8 tid 105982
224 tid 105982
Insert  tid 105982
FindTargetPageId rootid 9 tid 105982
target_page_id id: 8 tid 105982
0 1 tid 105982
461 8 tid 105982
225 tid 105982
Insert  tid 105982
FindTargetPageId rootid 9 tid 105982
target_page_id id: 8 tid 105982
0 1 tid 105982
461 8 tid 105982
226 tid 105982
Insert  tid 105982
FindTargetPageId rootid 9 tid 105982
target_page_id id: 8 tid 105982
0 1 tid 105982
461 8 tid 105982
227 tid 105982
Insert  tid 105982
FindTargetPageId rootid 9 tid 105982
target_page_id id: 8 tid 105982
0 1 tid 105982
461 8 tid 105982
228 tid 105982
Insert  tid 105982
FindTargetPageId rootid 9 tid 105982
target_page_id id: 8 tid 105982
0 1 tid 105982
461 8 tid 105982
229 tid 105982
Insert  tid 105982
FindTargetPageId rootid 9 tid 105982
target_page_id id: 8 tid 105982
0 1 tid 105982
461 8 tid 105982
230 tid 105982
Insert  tid 105982
FindTargetPageId rootid 9 tid 105982
target_page_id id: 8 tid 105982
0 1 tid 105982
461 8 tid 105982
231 tid 105982
Insert  tid 105982
FindTargetPageId rootid 9 tid 105982
target_page_id id: 8 tid 105982
0 1 tid 105982
461 8 tid 105982
232 tid 105982
Insert  tid 105982
FindTargetPageId rootid 9 tid 105982
target_page_id id: 8 tid 105982
0 1 tid 105982
461 8 tid 105982
233 tid 105982
Insert  tid 105982
FindTargetPageId rootid 9 tid 105982
target_page_id id: 8 tid 105982
0 1 tid 105982
461 8 tid 105982
234 tid 105982
Insert  tid 105982
FindTargetPageId rootid 9 tid 105982
target_page_id id: 8 tid 105982
0 1 tid 105982
461 8 tid 105982
235 tid 105982
Insert  tid 105982
FindTargetPageId rootid 9 tid 105982
target_page_id id: 8 tid 105982
0 1 tid 105982
461 8 tid 105982
236 tid 105982
Insert  tid 105982
FindTargetPageId rootid 9 tid 105982
target_page_id id: 8 tid 105982
0 1 tid 105982
461 8 tid 105982
237 tid 105982
Insert  tid 105982
FindTargetPageId rootid 9 tid 105982
target_page_id id: 8 tid 105982
0 1 tid 105982
461 8 tid 105982
238 tid 105982
Insert  tid 105982
FindTargetPageId rootid 9 tid 105984
target_page_id id: 8 tid 105984
0 1 tid 105984
461 8 tid 105984
239 tid 105984
Insert  tid 105984
FindTargetPageId rootid 9 tid 105984
target_page_id id: 8 tid 105984
0 1 tid 105984
461 8 tid 105984
239 tid 105984
Insert  tid 105984
FindTargetPageId rootid 9 tid 105984
target_page_id id: 8 tid 105984
0 1 tid 105984
461 8 tid 105984
239 tid 105984
Insert  tid 105984
FindTargetPageId rootid 9 tid 105984
target_page_id id: 8 tid 105984
0 1 tid 105984
461 8 tid 105984
239 tid 105984
Insert  tid 105984
FindTargetPageId rootid 9 tid 105984
target_page_id id: 8 tid 105984
0 1 tid 105984
461 8 tid 105984
239 tid 105984
Insert  tid 105984
FindTargetPageId rootid 9 tid 105984
target_page_id id: 8 tid 105984
0 1 tid 105984
461 8 tid 105984
239 tid 105984
Insert  tid 105984
FindTargetPageId rootid 9 tid 105984
target_page_id id: 8 tid 105984
0 1 tid 105984
461 8 tid 105984
239 tid 105984
Insert  tid 105984
FindTargetPageId rootid 9 tid 105984
target_page_id id: 8 tid 105984
0 1 tid 105984
461 8 tid 105984
239 tid 105984
Insert  tid 105984
FindTargetPageId rootid 9 tid 105984
target_page_id id: 8 tid 105984
0 1 tid 105984
461 8 tid 105984
239 tid 105984
Insert  tid 105984
FindTargetPageId rootid 9 tid 105984
target_page_id id: 8 tid 105984
0 1 tid 105984
461 8 tid 105984
239 tid 105984
Insert  tid 105984
FindTargetPageId rootid 9 tid 105984
target_page_id id: 8 tid 105984
0 1 tid 105984
461 8 tid 105984
239 tid 105984
Insert  tid 105984
FindTargetPageId rootid 9 tid 105984
target_page_id id: 8 tid 105984
0 1 tid 105984
461 8 tid 105984
239 tid 105984
Insert  tid 105984
FindTargetPageId rootid 9 tid 105984
target_page_id id: 8 tid 105984
0 1 tid 105984
461 8 tid 105984
239 tid 105984
Insert  tid 105984
FindTargetPageId rootid 9 tid 105984
target_page_id id: 8 tid 105984
0 1 tid 105984
461 8 tid 105984
239 tid 105984
Insert  tid 105984
FindTargetPageId rootid 9 tid 105984
target_page_id id: 8 tid 105984
0 1 tid 105984
461 8 tid 105984
239 tid 105984
Insert  tid 105984
FindTargetPageId rootid 9 tid 105984
target_page_id id: 8 tid 105984
0 1 tid 105984
461 8 tid 105984
239 tid 105984
Insert  tid 105984
FindTargetPageId rootid 9 tid 105984
target_page_id id: 8 tid 105984
0 1 tid 105984
461 8 tid 105984
239 tid 105984
Insert  tid 105984
FindTargetPageId rootid 9 tid 105984
target_page_id id: 8 tid 105984
0 1 tid 105984
461 8 tid 105984
239 tid 105984
Insert  tid 105984
FindTargetPageId rootid 9 tid 105984
target_page_id id: 8 tid 105984
0 1 tid 105984
461 8 tid 105984
239 tid 105984
Insert  tid 105984
FindTargetPageId rootid 9 tid 105984
target_page_id id: 8 tid 105984
0 1 tid 105984
461 8 tid 105984
239 tid 105984
Insert  tid 105984
FindTargetPageId rootid 9 tid 105984
target_page_id id: 8 tid 105984
0 1 tid 105984
461 8 tid 105984
239 tid 105984
Insert  tid 105984
FindTargetPageId rootid 9 tid 105984
target_page_id id: 8 tid 105984
0 1 tid 105984
461 8 tid 105984
239 tid 105984
Insert  tid 105984
FindTargetPageId rootid 9 tid 105984
target_page_id id: 8 tid 105984
0 1 tid 105984
461 8 tid 105984
239 tid 105984
Insert  tid 105984
FindTargetPageId rootid 9 tid 105984
target_page_id id: 8 tid 105984
0 1 tid 105984
461 8 tid 105984
239 tid 105984
Insert  tid 105984
FindTargetPageId rootid 9 tid 105984
target_page_id id: 8 tid 105984
0 1 tid 105984
461 8 tid 105984
239 tid 105984
Insert  tid 105984
FindTargetPageId rootid 9 tid 105984
target_page_id id: 8 tid 105984
0 1 tid 105984
461 8 tid 105984
239 tid 105984
Insert  tid 105984
FindTargetPageId rootid 9 tid 105984
target_page_id id: 8 tid 105984
0 1 tid 105984
461 8 tid 105984
239 tid 105984
Insert  tid 105984
FindTargetPageId rootid 9 tid 105982
target_page_id id: 8 tid 105982
0 1 tid 105982
461 8 tid 105982
239 tid 105982
Insert  tid 105982
FindTargetPageId rootid 9 tid 105982
target_page_id id: 8 tid 105982
0 1 tid 105982
461 8 tid 105982
240 tid 105982
Insert  tid 105982
FindTargetPageId rootid 9 tid 105982
target_page_id id: 8 tid 105982
0 1 tid 105982
461 8 tid 105982
241 tid 105982
Insert  tid 105982
FindTargetPageId rootid 9 tid 105982
target_page_id id: 8 tid 105982
0 1 tid 105982
461 8 tid 105982
242 tid 105982
Insert  tid 105982
FindTargetPageId rootid 9 tid 105982
target_page_id id: 8 tid 105982
0 1 tid 105982
461 8 tid 105982
243 tid 105982
Insert  tid 105982
FindTargetPageId rootid 9 tid 105982
target_page_id id: 8 tid 105982
0 1 tid 105982
461 8 tid 105982
244 tid 105982
Insert  tid 105982
FindTargetPageId rootid 9 tid 105982
target_page_id id: 8 tid 105982
0 1 tid 105982
461 8 tid 105982
245 tid 105982
Insert  tid 105982
FindTargetPageId rootid 9 tid 105982
target_page_id id: 8 tid 105982
0 1 tid 105982
461 8 tid 105982
246 tid 105982
Insert  tid 105982
FindTargetPageId rootid 9 tid 105982
target_page_id id: 8 tid 105982
0 1 tid 105982
461 8 tid 105982
247 tid 105982
Insert  tid 105982
FindTargetPageId rootid 9 tid 105982
target_page_id id: 8 tid 105982
0 1 tid 105982
461 8 tid 105982
248 tid 105982
Insert  tid 105982
FindTargetPageId rootid 9 tid 105982
target_page_id id: 8 tid 105982
0 1 tid 105982
461 8 tid 105982
249 tid 105982
Insert  tid 105982
FindTargetPageId rootid 9 tid 105983
target_page_id id: 1 tid 105983
0 1 tid 105983
461 8 tid 105983
127 tid 105983
Remove  tid 105983
FindTargetPageId rootid 9 tid 105983
target_page_id id: 1 tid 105983
0 1 tid 105983
462 8 tid 105983
127 tid 105983
Remove  tid 105983
FindTargetPageId rootid 9 tid 105983
target_page_id id: 1 tid 105983
0 1 tid 105983
463 8 tid 105983
127 tid 105983
Remove  tid 105983
FindTargetPageId rootid 9 tid 105983
target_page_id id: 1 tid 105983
0 1 tid 105983
464 8 tid 105983
127 tid 105983
Remove  tid 105983
FindTargetPageId rootid 9 tid 105983
target_page_id id: 1 tid 105983
0 1 tid 105983
465 8 tid 105983
127 tid 105983
FindTargetPageId rootid 9 tid 105982
target_page_id id: 8 tid 105982
0 1 tid 105982
466 8 tid 105982
Remove 245 tid 105982
 tid 105983
FindTargetPageId rootid 9 tid 105984
target_page_id id: 8 tid 105984
0 1 tid 105984
466 8 tid 105984
246 tid 105984
Insert  tid 105984
FindTargetPageId rootid 9 tid 105984
target_page_id id: 8 tid 105984
0 1 tid 105984
466 8 tid 105984
246 tid 105984
Insert  tid 105984
FindTargetPageId rootid 9 tid 105984
target_page_id id: 8 tid 105984
0 1 tid 105984
466 8 tid 105984
246 tid 105984
Insert  tid 105984
FindTargetPageId rootid 9 tid 105984
target_page_id id: 8 tid 105984
0 1 tid 105984
466 8 tid 105984
246 tid 105984
Insert  tid 105984
FindTargetPageId rootid 9 tid 105984
target_page_id id: 8 tid 105984
0 1 tid 105984
466 8 tid 105984
Insert  tid 105982
246 tid 105984
Insert  tid 105984
FindTargetPageId rootid 9 tid 105982
target_page_id id: 8 tid 105982
0 1 tid 105982
466 8 tid 105982
246 tid 105982
Insert  tid 105982
FindTargetPageId rootid 9 tid 105983
target_page_id id: 1 tid 105983
0 1 tid 105983
466 8 tid 105983
127 tid 105983
Remove  tid 105983
FindTargetPageId rootid 9 tid 105983
target_page_id id: 1 tid 105983
0 1 tid 105983
467 8 tid 105983
127 tid 105983
Remove  tid 105983
FindTargetPageId rootid 9 tid 105983
target_page_id id: 1 tid 105983
0 1 tid 105983
468 8 tid 105983
127 tid 105983
Remove  tid 105983
FindTargetPageId rootid 9 tid 105983
target_page_id id: 1 tid 105983
0 1 tid 105983
469 8 tid 105983
127 tid 105983
Remove  tid 105983
FindTargetPageId rootid 9 tid 105983
target_page_id id: 1 tid 105983
0 1 tid 105983
470 8 tid 105983
127 tid 105983
Remove  tid 105983
FindTargetPageId rootid 9 tid 105983
target_page_id id: 1 tid 105983
0 1 tid 105983
471 8 tid 105983
127 tid 105983
Remove  tid 105983
FindTargetPageId rootid 9 tid 105982
target_page_id id: 8 tid 105982
0 1 tid 105982
472 8 tid 105982
241 tid 105982
Insert  tid 105982
FindTargetPageId rootid 9 tid 105982
target_page_id id: 8 tid 105982
0 1 tid 105982
472 8 tid 105982
242 tid 105982
Insert  tid 105982
FindTargetPageId rootid 9 tid 105982
target_page_id id: 8 tid 105982
0 1 tid 105982
472 8 tid 105982
243 tid 105982
Insert  tid 105982
FindTargetPageId rootid 9 tid 105982
target_page_id id: 8 tid 105982
0 1 tid 105982
472 8 tid 105982
244 tid 105982
Insert  tid 105982
FindTargetPageId rootid 9 tid 105982
target_page_id id: 8 tid 105982
0 1 tid 105982
472 8 tid 105982
245 tid 105982
Insert  tid 105982
FindTargetPageId rootid 9 tid 105982
target_page_id id: 8 tid 105982
0 1 tid 105982
472 8 tid 105982
246 tid 105982
Insert  tid 105982
FindTargetPageId rootid 9 tid 105982
target_page_id id: 8 tid 105982
0 1 tid 105982
472 8 tid 105982
247 tid 105982
Insert  tid 105982
FindTargetPageId rootid 9 tid 105982
target_page_id id: 8 tid 105982
0 1 tid 105982
472 8 tid 105982
248 tid 105982
Insert  tid 105982
FindTargetPageId rootid 9 tid 105982
target_page_id id: 8 tid 105982
0 1 tid 105982
472 8 tid 105982
249 tid 105982
Insert  tid 105982
FindTargetPageId rootid 9 tid 105982
target_page_id id: 8 tid 105982
0 1 tid 105982
472 8 tid 105982
250 tid 105982
Insert  tid 105982
FindTargetPageId rootid 9 tid 105982
target_page_id id: 8 tid 105982
0 1 tid 105982
472 8 tid 105982
251 tid 105982
Insert  tid 105982
FindTargetPageId rootid 9 tid 105982
target_page_id id: 8 tid 105982
0 1 tid 105982
472 8 tid 105982
252 tid 105982
Insert  tid 105982
FindTargetPageId rootid 9 tid 105982
target_page_id id: 8 tid 105982
0 1 tid 105982
472 8 tid 105982
253 tid 105982
Insert  tid 105982
FindTargetPageId rootid 9 tid 105982
target_page_id id: 8 tid 105982
0 1 tid 105982
472 8 tid 105982
254 tid 105982
Insert  tid 105982
FindTargetPageId rootid 9 tid 105982
target_page_id id: 10 tid 105982
0 1 tid 105982
472 8 tid 105982
599 10 tid 105982
128 tid 105982
Insert  tid 105982
FindTargetPageId rootid 9 tid 105982
target_page_id id: 10 tid 105982
0 1 tid 105982
472 8 tid 105982
599 10 tid 105982
129 tid 105982
Insert  tid 105982
FindTargetPageId rootid 9 tid 105982
target_page_id id: 10 tid 105982
0 1 tid 105982
472 8 tid 105982
599 10 tid 105982
130 tid 105982
Insert  tid 105982
FindTargetPageId rootid 9 tid 105982
target_page_id id: 10 tid 105982
0 1 tid 105982
472 8 tid 105982
599 10 tid 105982
131 tid 105982
Insert  tid 105982
FindTargetPageId rootid 9 tid 105982
target_page_id id: 10 tid 105982
0 1 tid 105982
472 8 tid 105982
599 10 tid 105982
132 tid 105982
Insert  tid 105982
FindTargetPageId rootid 9 tid 105982
target_page_id id: 10 tid 105982
0 1 tid 105982
472 8 tid 105982
599 10 tid 105982
133 tid 105982
Insert  tid 105982
FindTargetPageId rootid 9 tid 105982
target_page_id id: 10 tid 105982
0 1 tid 105982
472 8 tid 105982
599 10 tid 105982
134 tid 105982
Insert  tid 105982
FindTargetPageId rootid 9 tid 105982
target_page_id id: 10 tid 105982
0 1 tid 105982
472 8 tid 105982
599 10 tid 105982
135 tid 105982
Insert  tid 105982
FindTargetPageId rootid 9 tid 105982
target_page_id id: 10 tid 105982
0 1 tid 105982
472 8 tid 105982
599 10 tid 105982
136 tid 105982
Insert  tid 105982
FindTargetPageId rootid 9 tid 105982
target_page_id id: 10 tid 105982
0 1 tid 105982
472 8 tid 105982
599 10 tid 105982
137 tid 105982
Insert  tid 105982
FindTargetPageId rootid 9 tid 105982
target_page_id id: 10 tid 105982
0 1 tid 105982
472 8 tid 105982
599 10 tid 105982
138 tid 105982
Insert  tid 105982
FindTargetPageId rootid 9 tid 105982
target_page_id id: 10 tid 105982
0 1 tid 105982
472 8 tid 105982
599 10 tid 105982
139 tid 105982
Insert  tid 105982
FindTargetPageId rootid 9 tid 105982
target_page_id id: 10 tid 105982
0 1 tid 105982
472 8 tid 105982
599 10 tid 105982
140 tid 105982
Insert  tid 105982
FindTargetPageId rootid 9 tid 105982
target_page_id id: 10 tid 105982
0 1 tid 105982
472 8 tid 105982
599 10 tid 105982
141 tid 105982
Insert  tid 105982
FindTargetPageId rootid 9 tid 105982
target_page_id id: 10 tid 105982
0 1 tid 105982
472 8 tid 105982
599 10 tid 105982
142 tid 105982
Insert  tid 105982
FindTargetPageId rootid 9 tid 105983
target_page_id id: 1 tid 105983
0 1 tid 105983
472 8 tid 105983
599 10 tid 105983
127 tid 105983
Remove  tid 105983
FindTargetPageId rootid 9 tid 105983
target_page_id id: 1 tid 105983
0 1 tid 105983
599 10 tid 105983
253 tid 105983
Remove  tid 105983
FindTargetPageId rootid 9 tid 105983
target_page_id id: 1 tid 105983
0 1 tid 105983
599 10 tid 105983
252 tid 105983
Remove  tid 105983
FindTargetPageId rootid 9 tid 105983
target_page_id id: 1 tid 105983
0 1 tid 105983
599 10 tid 105983
251 tid 105983
Remove  tid 105983
FindTargetPageId rootid 9 tid 105983
target_page_id id: 1 tid 105983
0 1 tid 105983
599 10 tid 105983
250 tid 105983
Remove  tid 105983
FindTargetPageId rootid 9 tid 105983
target_page_id id: 1 tid 105983
0 1 tid 105983
599 10 tid 105983
249 tid 105983
Remove  tid 105983
FindTargetPageId rootid 9 tid 105983
target_page_id id: 1 tid 105983
0 1 tid 105983
599 10 tid 105983
248 tid 105983
Remove  tid 105983
FindTargetPageId rootid 9 tid 105983
target_page_id id: 1 tid 105983
0 1 tid 105983
599 10 tid 105983
247 tid 105983
Remove  tid 105983
FindTargetPageId rootid 9 tid 105983
target_page_id id: 1 tid 105983
0 1 tid 105983
599 10 tid 105983
246 tid 105983
Remove  tid 105983
FindTargetPageId rootid 9 tid 105983
target_page_id id: 1 tid 105983
0 1 tid 105983
599 10 tid 105983
245 tid 105983
Remove  tid 105983
FindTargetPageId rootid 9 tid 105983
target_page_id id: 1 tid 105983
0 1 tid 105983
599 10 tid 105983
244 tid 105983
Remove  tid 105983
FindTargetPageId rootid 9 tid 105983
target_page_id id: 1 tid 105983
0 1 tid 105983
599 10 tid 105983
243 tid 105983
Remove  tid 105983
FindTargetPageId rootid 9 tid 105983
target_page_id id: 1 tid 105983
0 1 tid 105983
599 10 tid 105983
242 tid 105983
Remove  tid 105983
FindTargetPageId rootid 9 tid 105983
target_page_id id: 1 tid 105983
0 1 tid 105983
599 10 tid 105983
241 tid 105983
Remove  tid 105983
FindTargetPageId rootid 9 tid 105983
target_page_id id: 1 tid 105983
0 1 tid 105983
599 10 tid 105983
240 tid 105983
Remove  tid 105983
FindTargetPageId rootid 9 tid 105983
target_page_id id: 1 tid 105983
0 1 tid 105983
599 10 tid 105983
239 tid 105983
Remove  tid 105983
FindTargetPageId rootid 9 tid 105983
target_page_id id: 1 tid 105983
0 1 tid 105983
599 10 tid 105983
238 tid 105983
Remove  tid 105983
FindTargetPageId rootid 9 tid 105984
target_page_id id: 10 tid 105984
0 1 tid 105984
599 10 tid 105984
143 tid 105984
Insert  tid 105984
FindTargetPageId rootid 9 tid 105984
target_page_id id: 10 tid 105984
0 1 tid 105984
599 10 tid 105984
143 tid 105984
Insert  tid 105984
FindTargetPageId rootid 9 tid 105984
target_page_id id: 10 tid 105984
0 1 tid 105984
599 10 tid 105984
143 tid 105984
Insert  tid 105984
FindTargetPageId rootid 9 tid 105984
target_page_id id: 10 tid 105984
0 1 tid 105984
599 10 tid 105984
143 tid 105984
Insert  tid 105984
FindTargetPageId rootid 9 tid 105984
target_page_id id: 10 tid 105984
0 1 tid 105984
599 10 tid 105984
143 tid 105984
Insert  tid 105984
FindTargetPageId rootid 9 tid 105984
target_page_id id: 10 tid 105984
0 1 tid 105984
599 10 tid 105984
143 tid 105984
Insert  tid 105984
FindTargetPageId rootid 9 tid 105984
target_page_id id: 10 tid 105984
0 1 tid 105984
599 10 tid 105984
143 tid 105984
Insert  tid 105984
FindTargetPageId rootid 9 tid 105984
target_page_id id: 10 tid 105984
0 1 tid 105984
599 10 tid 105984
143 tid 105984
Insert  tid 105984
FindTargetPageId rootid 9 tid 105984
target_page_id id: 10 tid 105984
0 1 tid 105984
599 10 tid 105984
143 tid 105984
Insert  tid 105984
FindTargetPageId rootid 9 tid 105984
target_page_id id: 10 tid 105984
0 1 tid 105984
599 10 tid 105984
143 tid 105984
Insert  tid 105984
FindTargetPageId rootid 9 tid 105984
target_page_id id: 10 tid 105984
0 1 tid 105984
599 10 tid 105984
143 tid 105984
Insert  tid 105984
FindTargetPageId rootid 9 tid 105984
target_page_id id: 10 tid 105984
0 1 tid 105984
599 10 tid 105984
143 tid 105984
Insert  tid 105984
FindTargetPageId rootid 9 tid 105984
target_page_id id: 10 tid 105984
0 1 tid 105984
599 10 tid 105984
143 tid 105984
Insert  tid 105984
FindTargetPageId rootid 9 tid 105984
target_page_id id: 10 tid 105984
0 1 tid 105984
599 10 tid 105984
143 tid 105984
Insert  tid 105984
FindTargetPageId rootid 9 tid 105984
target_page_id id: 10 tid 105984
0 1 tid 105984
599 10 tid 105984
143 tid 105984
Insert  tid 105984
FindTargetPageId rootid 9 tid 105984
target_page_id id: 10 tid 105984
0 1 tid 105984
599 10 tid 105984
143 tid 105984
Insert  tid 105984
FindTargetPageId rootid 9 tid 105984
target_page_id id: 10 tid 105984
0 1 tid 105984
599 10 tid 105984
143 tid 105984
Insert  tid 105984
FindTargetPageId rootid 9 tid 105984
target_page_id id: 10 tid 105984
0 1 tid 105984
599 10 tid 105984
143 tid 105984
Insert  tid 105984
FindTargetPageId rootid 9 tid 105984
target_page_id id: 10 tid 105984
0 1 tid 105984
599 10 tid 105984
143 tid 105984
Insert  tid 105984
FindTargetPageId rootid 9 tid 105984
target_page_id id: 10 tid 105984
0 1 tid 105984
599 10 tid 105984
143 tid 105984
Insert  tid 105984
FindTargetPageId rootid 9 tid 105984
target_page_id id: 10 tid 105984
0 1 tid 105984
599 10 tid 105984
143 tid 105984
Insert  tid 105984
FindTargetPageId rootid 9 tid 105984
target_page_id id: 10 tid 105984
0 1 tid 105984
599 10 tid 105984
143 tid 105984
Insert  tid 105984
FindTargetPageId rootid 9 tid 105984
target_page_id id: 10 tid 105984
0 1 tid 105984
599 10 tid 105984
143 tid 105984
Insert  tid 105984
FindTargetPageId rootid 9 tid 105984
target_page_id id: 10 tid 105984
0 1 tid 105984
599 10 tid 105984
143 tid 105984
Insert  tid 105984
FindTargetPageId rootid 9 tid 105984
target_page_id id: 10 tid 105984
0 1 tid 105984
599 10 tid 105984
143 tid 105984
Insert  tid 105984
FindTargetPageId rootid 9 tid 105984
target_page_id id: 10 tid 105984
0 1 tid 105984
599 10 tid 105984
143 tid 105984
Insert  tid 105984
FindTargetPageId rootid 9 tid 105984
target_page_id id: 10 tid 105984
0 1 tid 105984
599 10 tid 105984
143 tid 105984
Insert  tid 105984
FindTargetPageId rootid 9 tid 105984
target_page_id id: 10 tid 105984
0 1 tid 105984
599 10 tid 105984
143 tid 105984
Insert  tid 105984
FindTargetPageId rootid 9 tid 105984
target_page_id id: 10 tid 105984
0 1 tid 105984
599 10 tid 105984
143 tid 105984
Insert  tid 105984
FindTargetPageId rootid 9 tid 105984
target_page_id id: 10 tid 105984
0 1 tid 105984
599 10 tid 105984
143 tid 105984
Insert  tid 105984
FindTargetPageId rootid 9 tid 105984
target_page_id id: 10 tid 105984
0 1 tid 105984
599 10 tid 105984
143 tid 105984
Insert  tid 105984
FindTargetPageId rootid 9 tid 105984
target_page_id id: 10 tid 105984
0 1 tid 105984
599 10 tid 105984
143 tid 105984
Insert  tid 105984
FindTargetPageId rootid 9 tid 105984
target_page_id id: 10 tid 105984
0 1 tid 105984
599 10 tid 105984
143 tid 105984
Insert  tid 105984
FindTargetPageId rootid 9 tid 105984
target_page_id id: 10 tid 105984
0 1 tid 105984
599 10 tid 105984
143 tid 105984
Insert  tid 105984
FindTargetPageId rootid 9 tid 105984
target_page_id id: 10 tid 105984
0 1 tid 105984
599 10 tid 105984
143 tid 105984
Insert  tid 105984
FindTargetPageId rootid 9 tid 105984
target_page_id id: 10 tid 105984
0 1 tid 105984
599 10 tid 105984
143 tid 105984
Insert  tid 105984
FindTargetPageId rootid 9 tid 105984
target_page_id id: 10 tid 105984
0 1 tid 105984
599 10 tid 105984
143 tid 105984
Insert  tid 105984
FindTargetPageId rootid 9 tid 105984
target_page_id id: 10 tid 105984
0 1 tid 105984
599 10 tid 105984
143 tid 105984
Insert  tid 105984
FindTargetPageId rootid 9 tid 105984
target_page_id id: 10 tid 105984
0 1 tid 105984
599 10 tid 105984
143 tid 105984
Insert  tid 105984
FindTargetPageId rootid 9 tid 105984
target_page_id id: 10 tid 105984
0 1 tid 105984
599 10 tid 105984
143 tid 105984
Insert  tid 105984
FindTargetPageId rootid 9 tid 105984
target_page_id id: 10 tid 105984
0 1 tid 105984
599 10 tid 105984
143 tid 105984
Insert  tid 105984
FindTargetPageId rootid 9 tid 105984
target_page_id id: 10 tid 105984
0 1 tid 105984
599 10 tid 105984
143 tid 105984
Insert  tid 105984
FindTargetPageId rootid 9 tid 105984
target_page_id id: 10 tid 105984
0 1 tid 105984
599 10 tid 105984
143 tid 105984
Insert  tid 105984
FindTargetPageId rootid 9 tid 105984
target_page_id id: 10 tid 105984
0 1 tid 105984
599 10 tid 105984
143 tid 105984
Insert  tid 105984
FindTargetPageId rootid 9 tid 105984
target_page_id id: 10 tid 105984
0 1 tid 105984
599 10 tid 105984
143 tid 105984
Insert  tid 105984
FindTargetPageId rootid 9 tid 105984
target_page_id id: 10 tid 105984
0 1 tid 105984
599 10 tid 105984
144 tid 105984
Insert  tid 105984
FindTargetPageId rootid 9 tid 105984
target_page_id id: 10 tid 105984
0 1 tid 105984
599 10 tid 105984
145 tid 105984
Insert  tid 105984
FindTargetPageId rootid 9 tid 105984
target_page_id id: 10 tid 105984
0 1 tid 105984
599 10 tid 105984
146 tid 105984
Insert  tid 105984
FindTargetPageId rootid 9 tid 105984
target_page_id id: 10 tid 105984
0 1 tid 105984
599 10 tid 105984
147 tid 105984
Insert  tid 105984
FindTargetPageId rootid 9 tid 105984
target_page_id id: 10 tid 105984
0 1 tid 105984
599 10 tid 105984
148 tid 105984
Insert  tid 105984
FindTargetPageId rootid 9 tid 105984
target_page_id id: 10 tid 105984
0 1 tid 105984
599 10 tid 105984
149 tid 105984
Insert  tid 105984
FindTargetPageId rootid 9 tid 105984
target_page_id id: 10 tid 105984
0 1 tid 105984
599 10 tid 105984
150 tid 105984
Insert  tid 105984
FindTargetPageId rootid 9 tid 105984
target_page_id id: 10 tid 105984
0 1 tid 105984
599 10 tid 105984
151 tid 105984
Insert  tid 105984
FindTargetPageId rootid 9 tid 105984
target_page_id id: 10 tid 105984
0 1 tid 105984
599 10 tid 105984
152 tid 105984
Insert  tid 105984
FindTargetPageId rootid 9 tid 105984
target_page_id id: 10 tid 105984
0 1 tid 105984
599 10 tid 105984
153 tid 105984
Insert  tid 105984
FindTargetPageId rootid 9 tid 105984
target_page_id id: 10 tid 105984
0 1 tid 105984
599 10 tid 105984
154 tid 105984
Insert  tid 105984
FindTargetPageId rootid 9 tid 105984
target_page_id id: 10 tid 105984
0 1 tid 105984
599 10 tid 105984
155 tid 105984
Insert  tid 105984
FindTargetPageId rootid 9 tid 105984
target_page_id id: 10 tid 105984
0 1 tid 105984
599 10 tid 105984
156 tid 105984
Insert  tid 105984
FindTargetPageId rootid 9 tid 105984
target_page_id id: 10 tid 105984
0 1 tid 105984
599 10 tid 105984
157 tid 105984
Insert  tid 105984
FindTargetPageId rootid 9 tid 105984
target_page_id id: 10 tid 105984
0 1 tid 105984
599 10 tid 105984
158 tid 105984
Insert  tid 105984
FindTargetPageId rootid 9 tid 105984
target_page_id id: 10 tid 105984
0 1 tid 105984
599 10 tid 105984
159 tid 105984
Insert  tid 105984
FindTargetPageId rootid 9 tid 105984
target_page_id id: 10 tid 105984
0 1 tid 105984
599 10 tid 105984
160 tid 105984
Insert  tid 105984
FindTargetPageId rootid 9 tid 105984
target_page_id id: 10 tid 105984
0 1 tid 105984
599 10 tid 105984
161 tid 105984
Insert  tid 105984
FindTargetPageId rootid 9 tid 105984
target_page_id id: 10 tid 105984
0 1 tid 105984
599 10 tid 105984
162 tid 105984
Insert  tid 105984
FindTargetPageId rootid 9 tid 105982
target_page_id id: 10 tid 105982
0 1 tid 105982
599 10 tid 105982
163 tid 105982
Insert  tid 105982
FindTargetPageId rootid 9 tid 105982
target_page_id id: 10 tid 105982
0 1 tid 105982
599 10 tid 105982
163 tid 105982
Insert  tid 105982
FindTargetPageId rootid 9 tid 105982
target_page_id id: 10 tid 105982
0 1 tid 105982
599 10 tid 105982
163 tid 105982
Insert  tid 105982
FindTargetPageId rootid 9 tid 105982
target_page_id id: 10 tid 105982
0 1 tid 105982
599 10 tid 105982
163 tid 105982
Insert  tid 105982
FindTargetPageId rootid 9 tid 105982
target_page_id id: 10 tid 105982
0 1 tid 105982
599 10 tid 105982
163 tid 105982
Insert  tid 105982
FindTargetPageId rootid 9 tid 105982
target_page_id id: 10 tid 105982
0 1 tid 105982
599 10 tid 105982
163 tid 105982
Insert  tid 105982
FindTargetPageId rootid 9 tid 105982
target_page_id id: 10 tid 105982
0 1 tid 105982
599 10 tid 105982
163 tid 105982
Insert  tid 105982
FindTargetPageId rootid 9 tid 105982
target_page_id id: 10 tid 105982
0 1 tid 105982
599 10 tid 105982
163 tid 105982
Insert  tid 105982
FindTargetPageId rootid 9 tid 105982
target_page_id id: 10 tid 105982
0 1 tid 105982
599 10 tid 105982
163 tid 105982
Insert  tid 105982
FindTargetPageId rootid 9 tid 105982
target_page_id id: 10 tid 105982
0 1 tid 105982
599 10 tid 105982
163 tid 105982
Insert  tid 105982
FindTargetPageId rootid 9 tid 105982
target_page_id id: 10 tid 105982
0 1 tid 105982
599 10 tid 105982
163 tid 105982
Insert  tid 105982
FindTargetPageId rootid 9 tid 105982
target_page_id id: 10 tid 105982
0 1 tid 105982
599 10 tid 105982
163 tid 105982
Insert  tid 105982
FindTargetPageId rootid 9 tid 105982
target_page_id id: 10 tid 105982
0 1 tid 105982
599 10 tid 105982
163 tid 105982
Insert  tid 105982
FindTargetPageId rootid 9 tid 105982
target_page_id id: 10 tid 105982
0 1 tid 105982
599 10 tid 105982
163 tid 105982
Insert  tid 105982
FindTargetPageId rootid 9 tid 105982
target_page_id id: 10 tid 105982
0 1 tid 105982
599 10 tid 105982
163 tid 105982
Insert  tid 105982
FindTargetPageId rootid 9 tid 105982
target_page_id id: 10 tid 105982
0 1 tid 105982
599 10 tid 105982
163 tid 105982
Insert  tid 105982
FindTargetPageId rootid 9 tid 105982
target_page_id id: 10 tid 105982
0 1 tid 105982
599 10 tid 105982
163 tid 105982
Insert  tid 105982
FindTargetPageId rootid 9 tid 105982
target_page_id id: 10 tid 105982
0 1 tid 105982
599 10 tid 105982
163 tid 105982
Insert  tid 105982
FindTargetPageId rootid 9 tid 105982
target_page_id id: 10 tid 105982
0 1 tid 105982
599 10 tid 105982
163 tid 105982
FindTargetPageId rootid 9 tid 105983
target_page_id id: 1 tid 105983
0 1 tid 105983
599 10 tid 105983
237 tid 105983
Insert  tid 105982
Remove  tid 105983
FindTargetPageId rootid 9 tid 105984
target_page_id id: 10 tid 105984
0 1 tid 105984
599 10 tid 105984
163 tid 105984
Insert  tid 105984
FindTargetPageId rootid 9 tid 105984
target_page_id id: 10 tid 105984
0 1 tid 105984
599 10 tid 105984
164 tid 105984
Insert  tid 105984
FindTargetPageId rootid 9 tid 105984
target_page_id id: 10 tid 105984
0 1 tid 105984
599 10 tid 105984
165 tid 105984
Insert  tid 105984
FindTargetPageId rootid 9 tid 105984
target_page_id id: 10 tid 105984
0 1 tid 105984
599 10 tid 105984
166 tid 105984
Insert  tid 105984
FindTargetPageId rootid 9 tid 105982
target_page_id id: 10 tid 105982
0 1 tid 105982
599 10 tid 105982
167 tid 105982
Insert  tid 105982
FindTargetPageId rootid 9 tid 105983
target_page_id id: 1 tid 105983
0 1 tid 105983
599 10 tid 105983
236 tid 105983
Remove  tid 105983
FindTargetPageId rootid 9 tid 105983
target_page_id id: 1 tid 105983
0 1 tid 105983
599 10 tid 105983
235 tid 105983
Remove  tid 105983
FindTargetPageId rootid 9 tid 105982
target_page_id id: 10 tid 105982
0 1 tid 105982
599 10 tid 105982
167 tid 105982
Insert  tid 105982
FindTargetPageId rootid 9 tid 105982
target_page_id id: 10 tid 105982
0 1 tid 105982
599 10 tid 105982
167 tid 105982
Insert  tid 105982
FindTargetPageId rootid 9 tid 105982
target_page_id id: 10 tid 105982
0 1 tid 105982
599 10 tid 105982
167 tid 105982
Insert  tid 105982
FindTargetPageId rootid 9 tid 105982
target_page_id id: 10 tid 105982
0 1 tid 105982
599 10 tid 105982
167 tid 105982
Insert  tid 105982
FindTargetPageId rootid 9 tid 105984
target_page_id id: 10 tid 105984
0 1 tid 105984
599 10 tid 105984
167 tid 105984
Insert  tid 105984
FindTargetPageId rootid 9 tid 105984
target_page_id id: 10 tid 105984
0 1 tid 105984
599 10 tid 105984
168 tid 105984
Insert  tid 105984
FindTargetPageId rootid 9 tid 105982
target_page_id id: 10 tid 105982
0 1 tid 105982
599 10 tid 105982
169 tid 105982
Insert  tid 105982
FindTargetPageId rootid 9 tid 105982
target_page_id id: 10 tid 105982
0 1 tid 105982
599 10 tid 105982
169 tid 105982
Insert  tid 105982
FindTargetPageId rootid 9 tid 105982
target_page_id id: 10 tid 105982
0 1 tid 105982
599 10 tid 105982
169 tid 105982
Insert  tid 105982
FindTargetPageId rootid 9 tid 105982
target_page_id id: 10 tid 105982
0 1 tid 105982
599 10 tid 105982
170 tid 105982
Insert  tid 105982
FindTargetPageId rootid 9 tid 105982
target_page_id id: 10 tid 105982
0 1 tid 105982
599 10 tid 105982
171 tid 105982
Insert  tid 105982
FindTargetPageId rootid 9 tid 105982
target_page_id id: 10 tid 105982
0 1 tid 105982
599 10 tid 105982
172 tid 105982
Insert  tid 105982
FindTargetPageId rootid 9 tid 105983
target_page_id id: 1 tid 105983
0 1 tid 105983
599 10 tid 105983
234 tid 105983
Remove  tid 105983
FindTargetPageId rootid 9 tid 105983
target_page_id id: 1 tid 105983
0 1 tid 105983
599 10 tid 105983
233 tid 105983
Remove  tid 105983
FindTargetPageId rootid 9 tid 105983
target_page_id id: 1 tid 105983
0 1 tid 105983
599 10 tid 105983
232 tid 105983
Remove  tid 105983
FindTargetPageId rootid 9 tid 105983
target_page_id id: 1 tid 105983
0 1 tid 105983
599 10 tid 105983
231 tid 105983
Remove  tid 105983
FindTargetPageId rootid 9 tid 105984
target_page_id id: 10 tid 105984
0 1 tid 105984
599 10 tid 105984
173 tid 105984
Insert  tid 105984
FindTargetPageId rootid 9 tid 105984
target_page_id id: 10 tid 105984
0 1 tid 105984
599 10 tid 105984
173 tid 105984
Insert  tid 105984
FindTargetPageId rootid 9 tid 105984
target_page_id id: 10 tid 105984
0 1 tid 105984
599 10 tid 105984
173 tid 105984
Insert  tid 105984
FindTargetPageId rootid 9 tid 105984
target_page_id id: 10 tid 105984
0 1 tid 105984
599 10 tid 105984
173 tid 105984
Insert  tid 105984
FindTargetPageId rootid 9 tid 105984
target_page_id id: 10 tid 105984
0 1 tid 105984
599 10 tid 105984
173 tid 105984
Insert  tid 105984
FindTargetPageId rootid 9 tid 105982
target_page_id id: 10 tid 105982
0 1 tid 105982
599 10 tid 105982
174 tid 105982
Insert  tid 105982
FindTargetPageId rootid 9 tid 105982
target_page_id id: 10 tid 105982
0 1 tid 105982
599 10 tid 105982
174 tid 105982
Insert  tid 105982
FindTargetPageId rootid 9 tid 105982
target_page_id id: 10 tid 105982
0 1 tid 105982
599 10 tid 105982
175 tid 105982
Insert  tid 105982
FindTargetPageId rootid 9 tid 105982
target_page_id id: 10 tid 105982
0 1 tid 105982
599 10 tid 105982
176 tid 105982
Insert  tid 105982
FindTargetPageId rootid 9 tid 105982
target_page_id id: 10 tid 105982
0 1 tid 105982
599 10 tid 105982
177 tid 105982
Insert  tid 105982
FindTargetPageId rootid 9 tid 105982
target_page_id id: 10 tid 105982
0 1 tid 105982
599 10 tid 105982
178 tid 105982
Insert  tid 105982
FindTargetPageId rootid 9 tid 105983
target_page_id id: 1 tid 105983
0 1 tid 105983
599 10 tid 105983
230 tid 105983
Remove  tid 105983
FindTargetPageId rootid 9 tid 105984
target_page_id id: 10 tid 105984
0 1 tid 105984
599 10 tid 105984
179 tid 105984
Insert  tid 105984
FindTargetPageId rootid 9 tid 105982
target_page_id id: 10 tid 105982
0 1 tid 105982
599 10 tid 105982
179 tid 105982
Insert  tid 105982
FindTargetPageId rootid 9 tid 105982
target_page_id id: 10 tid 105982
0 1 tid 105982
599 10 tid 105982
180 tid 105982
Insert  tid 105982
FindTargetPageId rootid 9 tid 105982
target_page_id id: 10 tid 105982
0 1 tid 105982
599 10 tid 105982
181 tid 105982
Insert  tid 105982
FindTargetPageId rootid 9 tid 105982
target_page_id id: 10 tid 105982
0 1 tid 105982
599 10 tid 105982
182 tid 105982
Insert  tid 105982
FindTargetPageId rootid 9 tid 105982
target_page_id id: 10 tid 105982
0 1 tid 105982
599 10 tid 105982
183 tid 105982
Insert  tid 105982
FindTargetPageId rootid 9 tid 105982
target_page_id id: 10 tid 105982
0 1 tid 105982
599 10 tid 105982
184 tid 105982
Insert  tid 105982
FindTargetPageId rootid 9 tid 105982
target_page_id id: 10 tid 105982
0 1 tid 105982
599 10 tid 105982
185 tid 105982
Insert  tid 105982
FindTargetPageId rootid 9 tid 105982
target_page_id id: 10 tid 105982
0 1 tid 105982
599 10 tid 105982
186 tid 105982
Insert  tid 105982
FindTargetPageId rootid 9 tid 105982
target_page_id id: 10 tid 105982
0 1 tid 105982
599 10 tid 105982
187 tid 105982
Insert  tid 105982
FindTargetPageId rootid 9 tid 105983
target_page_id id: 1 tid 105983
0 1 tid 105983
599 10 tid 105983
229 tid 105983
Remove  tid 105983
FindTargetPageId rootid 9 tid 105984
target_page_id id: 10 tid 105984
0 1 tid 105984
599 10 tid 105984
188 tid 105984
Insert  tid 105984
FindTargetPageId rootid 9 tid 105984
target_page_id id: 10 tid 105984
0 1 tid 105984
599 10 tid 105984
188 tid 105984
Insert  tid 105984
FindTargetPageId rootid 9 tid 105984
target_page_id id: 10 tid 105984
0 1 tid 105984
599 10 tid 105984
188 tid 105984
Insert  tid 105984
FindTargetPageId rootid 9 tid 105984
target_page_id id: 10 tid 105984
0 1 tid 105984
599 10 tid 105984
188 tid 105984
Insert  tid 105984
FindTargetPageId rootid 9 tid 105982
target_page_id id: 10 tid 105982
0 1 tid 105982
599 10 tid 105982
188 tid 105982
Insert  tid 105982
FindTargetPageId rootid 9 tid 105982
target_page_id id: 10 tid 105982
0 1 tid 105982
599 10 tid 105982
189 tid 105982
Insert  tid 105982
FindTargetPageId rootid 9 tid 105982
target_page_id id: 10 tid 105982
0 1 tid 105982
599 10 tid 105982
190 tid 105982
Insert  tid 105982
FindTargetPageId rootid 9 tid 105982
target_page_id id: 10 tid 105982
0 1 tid 105982
599 10 tid 105982
191 tid 105982
Insert  tid 105982
FindTargetPageId rootid 9 tid 105982
target_page_id id: 10 tid 105982
0 1 tid 105982
599 10 tid 105982
192 tid 105982
Insert  tid 105982
FindTargetPageId rootid 9 tid 105982
target_page_id id: 10 tid 105982
0 1 tid 105982
599 10 tid 105982
193 tid 105982
Insert  tid 105982
FindTargetPageId rootid 9 tid 105982
target_page_id id: 10 tid 105982
0 1 tid 105982
599 10 tid 105982
194 tid 105982
Insert  tid 105982
FindTargetPageId rootid 9 tid 105982
target_page_id id: 10 tid 105982
0 1 tid 105982
599 10 tid 105982
195 tid 105982
Insert  tid 105982
FindTargetPageId rootid 9 tid 105982
target_page_id id: 10 tid 105982
0 1 tid 105982
599 10 tid 105982
196 tid 105982
Insert  tid 105982
FindTargetPageId rootid 9 tid 105982
target_page_id id: 10 tid 105982
0 1 tid 105982
599 10 tid 105982
197 tid 105982
Insert  tid 105982
FindTargetPageId rootid 9 tid 105982
target_page_id id: 10 tid 105982
0 1 tid 105982
599 10 tid 105982
198 tid 105982
Insert  tid 105982
FindTargetPageId rootid 9 tid 105982
target_page_id id: 10 tid 105982
0 1 tid 105982
599 10 tid 105982
199 tid 105982
Insert  tid 105982
FindTargetPageId rootid 9 tid 105982
target_page_id id: 10 tid 105982
0 1 tid 105982
599 10 tid 105982
200 tid 105982
Insert  tid 105982
FindTargetPageId rootid 9 tid 105982
target_page_id id: 10 tid 105982
0 1 tid 105982
599 10 tid 105982
201 tid 105982
Insert  tid 105982
FindTargetPageId rootid 9 tid 105982
target_page_id id: 10 tid 105982
0 1 tid 105982
599 10 tid 105982
202 tid 105982
Insert  tid 105982
FindTargetPageId rootid 9 tid 105982
target_page_id id: 10 tid 105982
0 1 tid 105982
599 10 tid 105982
203 tid 105982
Insert  tid 105982
FindTargetPageId rootid 9 tid 105982
target_page_id id: 10 tid 105982
0 1 tid 105982
599 10 tid 105982
204 tid 105982
Insert  tid 105982
FindTargetPageId rootid 9 tid 105982
target_page_id id: 10 tid 105982
0 1 tid 105982
599 10 tid 105982
205 tid 105982
Insert  tid 105982
FindTargetPageId rootid 9 tid 105982
target_page_id id: 10 tid 105982
0 1 tid 105982
599 10 tid 105982
206 tid 105982
Insert  tid 105982
FindTargetPageId rootid 9 tid 105982
target_page_id id: 10 tid 105982
0 1 tid 105982
599 10 tid 105982
207 tid 105982
Insert  tid 105982
FindTargetPageId rootid 9 tid 105982
target_page_id id: 10 tid 105982
0 1 tid 105982
599 10 tid 105982
208 tid 105982
Insert  tid 105982
FindTargetPageId rootid 9 tid 105982
target_page_id id: 10 tid 105982
0 1 tid 105982
599 10 tid 105982
209 tid 105982
Insert  tid 105982
FindTargetPageId rootid 9 tid 105984
target_page_id id: 10 tid 105984
0 1 tid 105984
599 10 tid 105984
210 tid 105984
Insert  tid 105984
FindTargetPageId rootid 9 tid 105983
target_page_id id: 1 tid 105983
0 1 tid 105983
599 10 tid 105983
228 tid 105983
Remove  tid 105983
FindTargetPageId rootid 9 tid 105983
target_page_id id: 1 tid 105983
0 1 tid 105983
599 10 tid 105983
227 tid 105983
Remove  tid 105983
FindTargetPageId rootid 9 tid 105983
target_page_id id: 1 tid 105983
0 1 tid 105983
599 10 tid 105983
226 tid 105983
Remove  tid 105983
FindTargetPageId rootid 9 tid 105983
target_page_id id: 1 tid 105983
0 1 tid 105983
599 10 tid 105983
225 tid 105983
Remove  tid 105983
FindTargetPageId rootid 9 tid 105983
target_page_id id: 1 tid 105983
0 1 tid 105983
599 10 tid 105983
224 tid 105983
Remove  tid 105983
FindTargetPageId rootid 9 tid 105983
target_page_id id: 1 tid 105983
0 1 tid 105983
599 10 tid 105983
223 tid 105983
FindTargetPageId rootid 9 tid 105982
target_page_id id: 10 tid 105982
0 1 tid 105982
599 10 tid 105982
210 tid 105982
Remove  tid 105983
Insert  tid 105982
FindTargetPageId rootid 9 tid 105984
target_page_id id: 10 tid 105984
0 1 tid 105984
599 10 tid 105984
211 tid 105984
Insert  tid 105984
FindTargetPageId rootid 9 tid 105983
target_page_id id: 1 tid 105983
0 1 tid 105983
599 10 tid 105983
222 tid 105983
Remove  tid 105983
FindTargetPageId rootid 9 tid 105983
target_page_id id: 1 tid 105983
0 1 tid 105983
599 10 tid 105983
221 tid 105983
Remove  tid 105983
FindTargetPageId rootid 9 tid 105983
target_page_id id: 1 tid 105983
0 1 tid 105983
599 10 tid 105983
220 tid 105983
Remove  tid 105983
FindTargetPageId rootid 9 tid 105983
target_page_id id: 1 tid 105983
0 1 tid 105983
599 10 tid 105983
219 tid 105983
Remove  tid 105983
FindTargetPageId rootid 9 tid 105983
target_page_id id: 1 tid 105983
0 1 tid 105983
599 10 tid 105983
218 tid 105983
Remove  tid 105983
FindTargetPageId rootid 9 tid 105983
target_page_id id: 1 tid 105983
0 1 tid 105983
599 10 tid 105983
217 tid 105983
Remove  tid 105983
FindTargetPageId rootid 9 tid 105983
target_page_id id: 1 tid 105983
0 1 tid 105983
599 10 tid 105983
216 tid 105983
Remove  tid 105983
FindTargetPageId rootid 9 tid 105983
target_page_id id: 1 tid 105983
0 1 tid 105983
599 10 tid 105983
215 tid 105983
Remove  tid 105983
FindTargetPageId rootid 9 tid 105983
target_page_id id: 1 tid 105983
0 1 tid 105983
599 10 tid 105983
214 tid 105983
Remove  tid 105983
FindTargetPageId rootid 9 tid 105983
target_page_id id: 1 tid 105983
0 1 tid 105983
599 10 tid 105983
213 tid 105983
Remove  tid 105983
FindTargetPageId rootid 9 tid 105983
target_page_id id: 1 tid 105983
0 1 tid 105983
599 10 tid 105983
212 tid 105983
Remove  tid 105983
FindTargetPageId rootid 9 tid 105983
target_page_id id: 1 tid 105983
0 1 tid 105983
599 10 tid 105983
211 tid 105983
Remove  tid 105983
FindTargetPageId rootid 9 tid 105984
target_page_id id: 10 tid 105984
0 1 tid 105984
599 10 tid 105984
211 tid 105984
Insert  tid 105984
FindTargetPageId rootid 9 tid 105984
target_page_id id: 10 tid 105984
0 1 tid 105984
599 10 tid 105984
211 tid 105984
Insert  tid 105984
FindTargetPageId rootid 9 tid 105984
target_page_id id: 10 tid 105984
0 1 tid 105984
599 10 tid 105984
211 tid 105984
Insert  tid 105984
FindTargetPageId rootid 9 tid 105983
target_page_id id: 1 tid 105983
0 1 tid 105983
599 10 tid 105983
210 tid 105983
Remove  tid 105983
FindTargetPageId rootid 9 tid 105982
target_page_id id: 10 tid 105982
0 1 tid 105982
599 10 tid 105982
211 tid 105982
Insert  tid 105982
FindTargetPageId rootid 9 tid 105984
target_page_id id: 10 tid 105984
0 1 tid 105984
599 10 tid 105984
212 tid 105984
Insert  tid 105984
FindTargetPageId rootid 9 tid 105984
target_page_id id: 10 tid 105984
0 1 tid 105984
599 10 tid 105984
212 tid 105984
Insert  tid 105984
FindTargetPageId rootid 9 tid 105984
target_page_id id: 10 tid 105984
0 1 tid 105984
599 10 tid 105984
212 tid 105984
Insert  tid 105984
FindTargetPageId rootid 9 tid 105984
target_page_id id: 10 tid 105984
0 1 tid 105984
599 10 tid 105984
212 tid 105984
Insert  tid 105984
FindTargetPageId rootid 9 tid 105984
target_page_id id: 10 tid 105984
0 1 tid 105984
599 10 tid 105984
212 tid 105984
Insert  tid 105984
FindTargetPageId rootid 9 tid 105984
target_page_id id: 10 tid 105984
0 1 tid 105984
599 10 tid 105984
212 tid 105984
Insert  tid 105984
FindTargetPageId rootid 9 tid 105983
target_page_id id: 1 tid 105983
0 1 tid 105983
599 10 tid 105983
209 tid 105983
Remove  tid 105983
FindTargetPageId rootid 9 tid 105982
target_page_id id: 10 tid 105982
0 1 tid 105982
599 10 tid 105982
212 tid 105982
Insert  tid 105982
FindTargetPageId rootid 9 tid 105982
target_page_id id: 10 tid 105982
0 1 tid 105982
599 10 tid 105982
213 tid 105982
Insert  tid 105982
FindTargetPageId rootid 9 tid 105982
target_page_id id: 10 tid 105982
0 1 tid 105982
599 10 tid 105982
214 tid 105982
Insert  tid 105982
FindTargetPageId rootid 9 tid 105982
target_page_id id: 10 tid 105982
0 1 tid 105982
599 10 tid 105982
215 tid 105982
Insert  tid 105982
FindTargetPageId rootid 9 tid 105983
target_page_id id: 1 tid 105983
0 1 tid 105983
599 10 tid 105983
208 tid 105983
Remove  tid 105983
FindTargetPageId rootid 9 tid 105984
target_page_id id: 10 tid 105984
0 1 tid 105984
599 10 tid 105984
216 tid 105984
Insert  tid 105984
FindTargetPageId rootid 9 tid 105982
target_page_id id: 10 tid 105982
0 1 tid 105982
599 10 tid 105982
216 tid 105982
FindTargetPageId rootid 9 tid 105983
target_page_id id: 1 tid 105983
0 1 tid 105983
599 10 tid 105983
207 tid 105983
Remove  tid 105983
Insert  tid 105982
FindTargetPageId rootid 9 tid 105983
target_page_id id: 1 tid 105983
0 1 tid 105983
599 10 tid 105983
206 tid 105983
Remove  tid 105983
FindTargetPageId rootid 9 tid 105983
target_page_id id: 1 tid 105983
0 1 tid 105983
599 10 tid 105983
205 tid 105983
Remove  tid 105983
FindTargetPageId rootid 9 tid 105984
target_page_id id: 10 tid 105984
0 1 tid 105984
599 10 tid 105984
217 tid 105984
Insert  tid 105984
FindTargetPageId rootid 9 tid 105984
target_page_id id: 10 tid 105984
0 1 tid 105984
599 10 tid 105984
217 tid 105984
Insert  tid 105984
FindTargetPageId rootid 9 tid 105984
target_page_id id: 10 tid 105984
0 1 tid 105984
599 10 tid 105984
217 tid 105984
Insert  tid 105984
FindTargetPageId rootid 9 tid 105984
target_page_id id: 10 tid 105984
0 1 tid 105984
599 10 tid 105984
217 tid 105984
Insert  tid 105984
FindTargetPageId rootid 9 tid 105984
target_page_id id: 10 tid 105984
0 1 tid 105984
599 10 tid 105984
217 tid 105984
Insert  tid 105984
FindTargetPageId rootid 9 tid 105984
target_page_id id: 10 tid 105984
0 1 tid 105984
599 10 tid 105984
217 tid 105984
Insert  tid 105984
FindTargetPageId rootid 9 tid 105983
target_page_id id: 1 tid 105983
0 1 tid 105983
599 10 tid 105983
204 tid 105983
Remove  tid 105983
FindTargetPageId rootid 9 tid 105982
target_page_id id: 10 tid 105982
0 1 tid 105982
599 10 tid 105982
217 tid 105982
Insert  tid 105982
FindTargetPageId rootid 9 tid 105982
target_page_id id: 10 tid 105982
0 1 tid 105982
599 10 tid 105982
218 tid 105982
Insert  tid 105982
FindTargetPageId rootid 9 tid 105982
target_page_id id: 10 tid 105982
0 1 tid 105982
599 10 tid 105982
219 tid 105982
Insert  tid 105982
FindTargetPageId rootid 9 tid 105984
target_page_id id: 10 tid 105984
0 1 tid 105984
599 10 tid 105984
220 tid 105984
Insert  tid 105984
FindTargetPageId rootid 9 tid 105983
target_page_id id: 1 tid 105983
0 1 tid 105983
599 10 tid 105983
203 tid 105983
Remove  tid 105983
FindTargetPageId rootid 9 tid 105982
target_page_id id: 10 tid 105982
0 1 tid 105982
599 10 tid 105982
220 tid 105982
Insert  tid 105982
FindTargetPageId rootid 9 tid 105982
target_page_id id: 10 tid 105982
0 1 tid 105982
599 10 tid 105982
221 tid 105982
Insert  tid 105982
FindTargetPageId rootid 9 tid 105982
target_page_id id: 10 tid 105982
0 1 tid 105982
599 10 tid 105982
222 tid 105982
Insert  tid 105982
FindTargetPageId rootid 9 tid 105982
target_page_id id: 10 tid 105982
0 1 tid 105982
599 10 tid 105982
223 tid 105982
Insert  tid 105982
FindTargetPageId rootid 9 tid 105982
target_page_id id: 10 tid 105982
0 1 tid 105982
599 10 tid 105982
224 tid 105982
Insert  tid 105982
FindTargetPageId rootid 9 tid 105982
target_page_id id: 10 tid 105982
0 1 tid 105982
599 10 tid 105982
225 tid 105982
Insert  tid 105982
FindTargetPageId rootid 9 tid 105982
target_page_id id: 10 tid 105982
0 1 tid 105982
599 10 tid 105982
226 tid 105982
Insert  tid 105982
FindTargetPageId rootid 9 tid 105982
target_page_id id: 10 tid 105982
0 1 tid 105982
599 10 tid 105982
227 tid 105982
Insert  tid 105982
FindTargetPageId rootid 9 tid 105982
target_page_id id: 10 tid 105982
0 1 tid 105982
599 10 tid 105982
228 tid 105982
Insert  tid 105982
FindTargetPageId rootid 9 tid 105982
target_page_id id: 10 tid 105982
0 1 tid 105982
599 10 tid 105982
229 tid 105982
Insert  tid 105982
FindTargetPageId rootid 9 tid 105982
target_page_id id: 10 tid 105982
0 1 tid 105982
599 10 tid 105982
230 tid 105982
Insert  tid 105982
FindTargetPageId rootid 9 tid 105982
target_page_id id: 10 tid 105982
0 1 tid 105982
599 10 tid 105982
231 tid 105982
Insert  tid 105982
FindTargetPageId rootid 9 tid 105982
target_page_id id: 10 tid 105982
0 1 tid 105982
599 10 tid 105982
232 tid 105982
Insert  tid 105982
FindTargetPageId rootid 9 tid 105982
target_page_id id: 10 tid 105982
0 1 tid 105982
599 10 tid 105982
233 tid 105982
Insert  tid 105982
FindTargetPageId rootid 9 tid 105982
target_page_id id: 10 tid 105982
0 1 tid 105982
599 10 tid 105982
234 tid 105982
Insert  tid 105982
FindTargetPageId rootid 9 tid 105982
target_page_id id: 10 tid 105982
0 1 tid 105982
599 10 tid 105982
235 tid 105982
Insert  tid 105982
FindTargetPageId rootid 9 tid 105982
target_page_id id: 10 tid 105982
0 1 tid 105982
599 10 tid 105982
236 tid 105982
Insert  tid 105982
FindTargetPageId rootid 9 tid 105982
target_page_id id: 10 tid 105982
0 1 tid 105982
599 10 tid 105982
237 tid 105982
Insert  tid 105982
FindTargetPageId rootid 9 tid 105984
target_page_id id: 10 tid 105984
0 1 tid 105984
599 10 tid 105984
238 tid 105984
Insert  tid 105984
FindTargetPageId rootid 9 tid 105983
target_page_id id: 1 tid 105983
0 1 tid 105983
599 10 tid 105983
202 tid 105983
Remove  tid 105983
FindTargetPageId rootid 9 tid 105983
target_page_id id: 1 tid 105983
0 1 tid 105983
599 10 tid 105983
201 tid 105983
Remove  tid 105983
FindTargetPageId rootid 9 tid 105983
target_page_id id: 1 tid 105983
0 1 tid 105983
599 10 tid 105983
200 tid 105983
Remove  tid 105983
FindTargetPageId rootid 9 tid 105983
target_page_id id: 1 tid 105983
0 1 tid 105983
599 10 tid 105983
199 tid 105983
Remove  tid 105983
FindTargetPageId rootid 9 tid 105982
target_page_id id: 10 tid 105982
0 1 tid 105982
599 10 tid 105982
238 tid 105982
Insert  tid 105982
FindTargetPageId rootid 9 tid 105982
target_page_id id: 10 tid 105982
0 1 tid 105982
599 10 tid 105982
239 tid 105982
FindTargetPageId rootid 9 tid 105984
target_page_id id: 10 tid 105984
0 1 tid 105984
599 10Insert  tid 105982
 tid 105984
240 tid 105984
Insert  tid 105984
FindTargetPageId rootid 9 tid 105984
target_page_id id: 10 tid 105984
0 1 tid 105984
599 10 tid 105984
240 tid 105984
Insert  tid 105984
FindTargetPageId rootid 9 tid 105984
target_page_id id: 10 tid 105984
0 1 tid 105984
599 10 tid 105984
240 tid 105984
Insert  tid 105984
FindTargetPageId rootid 9 tid 105984
target_page_id id: 10 tid 105984
0 1 tid 105984
599 10 tid 105984
240 tid 105984
Insert  tid 105984
FindTargetPageId rootid 9 tid 105984
target_page_id id: 10 tid 105984
0 1 tid 105984
599 10 tid 105984
240 tid 105984
Insert  tid 105984
FindTargetPageId rootid 9 tid 105984
target_page_id id: 10 tid 105984
0 1 tid 105984
599 10 tid 105984
240 tid 105984
Insert  tid 105984
FindTargetPageId rootid 9 tid 105984
target_page_id id: 10 tid 105984
0 1 tid 105984
599 10 tid 105984
240 tid 105984
Insert  tid 105984
FindTargetPageId rootid 9 tid 105984
target_page_id id: 10 tid 105984
0 1 tid 105984
599 10 tid 105984
240 tid 105984
Insert  tid 105984
FindTargetPageId rootid 9 tid 105984
target_page_id id: 10 tid 105984
0 1 tid 105984
599 10 tid 105984
240 tid 105984
Insert  tid 105984
FindTargetPageId rootid 9 tid 105984
target_page_id id: 10 tid 105984
0 1 tid 105984
599 10 tid 105984
240 tid 105984
Insert  tid 105984
FindTargetPageId rootid 9 tid 105984
target_page_id id: 10 tid 105984
0 1 tid 105984
599 10 tid 105984
240 tid 105984
Insert  tid 105984
FindTargetPageId rootid 9 tid 105984
target_page_id id: 10 tid 105984
0 1 tid 105984
599 10 tid 105984
240 tid 105984
Insert  tid 105984
FindTargetPageId rootid 9 tid 105984
target_page_id id: 10 tid 105984
0 1 tid 105984
599 10 tid 105984
240 tid 105984
Insert  tid 105984
FindTargetPageId rootid 9 tid 105984
target_page_id id: 10 tid 105984
0 1 tid 105984
599 10 tid 105984
240 tid 105984
Insert  tid 105984
FindTargetPageId rootid 9 tid 105984
target_page_id id: 10 tid 105984
0 1 tid 105984
599 10 tid 105984
240 tid 105984
Insert  tid 105984
FindTargetPageId rootid 9 tid 105983
target_page_id id: 1 tid 105983
0 1 tid 105983
599 10 tid 105983
198 tid 105983
Remove  tid 105983
FindTargetPageId rootid 9 tid 105982
target_page_id id: 10 tid 105982
0 1 tid 105982
599 10 tid 105982
240 tid 105982
Insert  tid 105982
FindTargetPageId rootid 9 tid 105984
target_page_id id: 10 tid 105984
0 1 tid 105984
599 10 tid 105984
241 tid 105984
Insert  tid 105984
FindTargetPageId rootid 9 tid 105983
target_page_id id: 1 tid 105983
0 1 tid 105983
599 10 tid 105983
197 tid 105983
Remove  tid 105983
FindTargetPageId rootid 9 tid 105983
target_page_id id: 1 tid 105983
0 1 tid 105983
599 10 tid 105983
196 tid 105983
Remove  tid 105983
FindTargetPageId rootid 9 tid 105983
target_page_id id: 1 tid 105983
0 1 tid 105983
599 10 tid 105983
195 tid 105983
Remove  tid 105983
FindTargetPageId rootid 9 tid 105983
target_page_id id: 1 tid 105983
0 1 tid 105983
599 10 tid 105983
194 tid 105983
Remove  tid 105983
FindTargetPageId rootid 9 tid 105983
target_page_id id: 1 tid 105983
0 1 tid 105983
599 10 tid 105983
193 tid 105983
Remove  tid 105983
FindTargetPageId rootid 9 tid 105983
target_page_id id: 1 tid 105983
0 1 tid 105983
599 10 tid 105983
192 tid 105983
Remove  tid 105983
FindTargetPageId rootid 9 tid 105983
target_page_id id: 1 tid 105983
0 1 tid 105983
599 10 tid 105983
191 tid 105983
Remove  tid 105983
FindTargetPageId rootid 9 tid 105983
target_page_id id: 1 tid 105983
0 1 tid 105983
599 10 tid 105983
190 tid 105983
Remove  tid 105983
FindTargetPageId rootid 9 tid 105984
target_page_id id: 10 tid 105984
0 1 tid 105984
599 10 tid 105984
241 tid 105984
Insert  tid 105984
FindTargetPageId rootid 9 tid 105984
target_page_id id: 10 tid 105984
0 1 tid 105984
599 10 tid 105984
241 tid 105984
Insert  tid 105984
FindTargetPageId rootid 9 tid 105984
target_page_id id: 10 tid 105984
0 1 tid 105984
599 10 tid 105984
241 tid 105984
Insert  tid 105984
FindTargetPageId rootid 9 tid 105984
target_page_id id: 10 tid 105984
0 1 tid 105984
599 10 tid 105984
241 tid 105984
Insert  tid 105984
FindTargetPageId rootid 9 tid 105984
target_page_id id: 10 tid 105984
0 1 tid 105984
599 10 tid 105984
241 tid 105984
Insert  tid 105984
FindTargetPageId rootid 9 tid 105984
target_page_id id: 10 tid 105984
0 1 tid 105984
599 10 tid 105984
241 tid 105984
Insert  tid 105984
FindTargetPageId rootid 9 tid 105984
target_page_id id: 10 tid 105984
0 1 tid 105984
599 10 tid 105984
241 tid 105984
Insert  tid 105984
FindTargetPageId rootid 9 tid 105984
target_page_id id: 10 tid 105984
0 1 tid 105984
599 10 tid 105984
241 tid 105984
Insert  tid 105984
FindTargetPageId rootid 9 tid 105984
target_page_id id: 10 tid 105984
0 1 tid 105984
599 10 tid 105984
241 tid 105984
Insert  tid 105984
FindTargetPageId rootid 9 tid 105983
target_page_id id: 1 tid 105983
0 1 tid 105983
599 10 tid 105983
189 tid 105983
Remove  tid 105983
FindTargetPageId rootid 9 tid 105983
target_page_id id: 1 tid 105983
0 1 tid 105983
599 10 tid 105983
188 tid 105983
Remove  tid 105983
FindTargetPageId rootid 9 tid 105984
target_page_id id: 10 tid 105984
0 1 tid 105984
599 10 tid 105984
241 tid 105984
Insert  tid 105984
FindTargetPageId rootid 9 tid 105984
target_page_id id: 10 tid 105984
0 1 tid 105984
599 10 tid 105984
241 tid 105984
Insert  tid 105984
FindTargetPageId rootid 9 tid 105984
target_page_id id: 10 tid 105984
0 1 tid 105984
599 10 tid 105984
241 tid 105984
Insert  tid 105984
FindTargetPageId rootid 9 tid 105982
target_page_id id: 10 tid 105982
0 1 tid 105982
599 10 tid 105982
241 tid 105982
Insert  tid 105982
FindTargetPageId rootid 9 tid 105982
target_page_id id: 10 tid 105982
0 1 tid 105982
599 10 tid 105982
242 tid 105982
Insert  tid 105982
FindTargetPageId rootid 9 tid 105982
target_page_id id: 10 tid 105982
0 1 tid 105982
599 10 tid 105982
243 tid 105982
Insert  tid 105982
FindTargetPageId rootid 9 tid 105983
target_page_id id: 1 tid 105983
0 1 tid 105983
599 10 tid 105983
187 tid 105983
Remove  tid 105983
FindTargetPageId rootid 9 tid 105984
target_page_id id: 10 tid 105984
0 1 tid 105984
599 10 tid 105984
244 tid 105984
Insert  tid 105984
FindTargetPageId rootid 9 tid 105984
target_page_id id: 10 tid 105984
0 1 tid 105984
599 10 tid 105984
244 tid 105984
Insert  tid 105984
FindTargetPageId rootid 9 tid 105983
target_page_id id: 1 tid 105983
0 1 tid 105983
599 10 tid 105983
186 tid 105983
Remove  tid 105983
FindTargetPageId rootid 9 tid 105982
target_page_id id: 10 tid 105982
0 1 tid 105982
599 10 tid 105982
244 tid 105982
Insert  tid 105982
FindTargetPageId rootid 9 tid 105984
target_page_id id: 10 tid 105984
0 1 tid 105984
599 10 tid 105984
245 tid 105984
Insert  tid 105984
FindTargetPageId rootid 9 tid 105984
target_page_id id: 10 tid 105984
0 1 tid 105984
599 10 tid 105984
245 tid 105984
Insert  tid 105984
FindTargetPageId rootid 9 tid 105983
target_page_id id: 1 tid 105983
0 1 tid 105983
599 10 tid 105983
185 tid 105983
Remove  tid 105983
FindTargetPageId rootid 9 tid 105983
target_page_id id: 1 tid 105983
0 1 tid 105983
599 10 tid 105983
184 tid 105983
Remove  tid 105983
FindTargetPageId rootid 9 tid 105984
target_page_id id: 10 tid 105984
0 1 tid 105984
599 10 tid 105984
245 tid 105984
Insert  tid 105984
FindTargetPageId rootid 9 tid 105984
target_page_id id: 10 tid 105984
0 1 tid 105984
599 10 tid 105984
245 tid 105984
Insert  tid 105984
FindTargetPageId rootid 9 tid 105983
target_page_id id: 1 tid 105983
0 1 tid 105983
599 10 tid 105983
183 tid 105983
Remove  tid 105983
FindTargetPageId rootid 9 tid 105983
target_page_id id: 1 tid 105983
0 1 tid 105983
599 10 tid 105983
182 tid 105983
Remove  tid 105983
FindTargetPageId rootid 9 tid 105983
target_page_id id: 1 tid 105983
0 1 tid 105983
599 10 tid 105983
181 tid 105983
Remove  tid 105983
FindTargetPageId rootid 9 tid 105983
target_page_id id: 1 tid 105983
0 1 tid 105983
599 10 tid 105983
180 tid 105983
Remove  tid 105983
FindTargetPageId rootid 9 tid 105984
target_page_id id: 10 tid 105984
0 1 tid 105984
599 10 tid 105984
245 tid 105984
Insert  tid 105984
FindTargetPageId rootid 9 tid 105984
target_page_id id: 10 tid 105984
0 1 tid 105984
599 10 tid 105984
245 tid 105984
Insert  tid 105984
FindTargetPageId rootid 9 tid 105984
target_page_id id: 10 tid 105984
0 1 tid 105984
599 10 tid 105984
245 tid 105984
Insert  tid 105984
FindTargetPageId rootid 9 tid 105982
target_page_id id: 10 tid 105982
0 1 tid 105982
599 10 tid 105982
245 tid 105982
Insert  tid 105982
FindTargetPageId rootid 9 tid 105982
target_page_id id: 10 tid 105982
0 1 tid 105982
599 10 tid 105982
246 tid 105982
Insert  tid 105982
FindTargetPageId rootid 9 tid 105982
target_page_id id: 10 tid 105982
0 1 tid 105982
599 10 tid 105982
247 tid 105982
Insert  tid 105982
FindTargetPageId rootid 9 tid 105982
target_page_id id: 10 tid 105982
0 1 tid 105982
599 10 tid 105982
248 tid 105982
Insert  tid 105982
FindTargetPageId rootid 9 tid 105982
target_page_id id: 10 tid 105982
0 1 tid 105982
599 10 tid 105982
249 tid 105982
Insert  tid 105982
FindTargetPageId rootid 9 tid 105982
target_page_id id: 10 tid 105982
0 1 tid 105982
599 10 tid 105982
250 tid 105982
Insert  tid 105982
FindTargetPageId rootid 9 tid 105982
target_page_id id: 10 tid 105982
0 1 tid 105982
599 10 tid 105982
251 tid 105982
Insert  tid 105982
FindTargetPageId rootid 9 tid 105982
target_page_id id: 10 tid 105982
0 1 tid 105982
599 10 tid 105982
252 tid 105982
Insert  tid 105982
FindTargetPageId rootid 9 tid 105982
target_page_id id: 10 tid 105982
0 1 tid 105982
599 10 tid 105982
253 tid 105982
Insert  tid 105982
FindTargetPageId rootid 9 tid 105982
target_page_id id: 10 tid 105982
0 1 tid 105982
599 10 tid 105982
254 tid 105982
Insert  tid 105982
FindTargetPageId rootid 9 tid 105983
target_page_id id: 1 tid 105983
0 1 tid 105983
599 10 tid 105983
726 11 tid 105983
179 tid 105983
Remove  tid 105983
FindTargetPageId rootid 9 tid 105984
target_page_id id: 11 tid 105984
0 1 tid 105984
599 10 tid 105984
726 11 tid 105984
128 tid 105984
Insert  tid 105984
FindTargetPageId rootid 9 tid 105984
target_page_id id: 11 tid 105984
0 1 tid 105984
599 10 tid 105984
726 11 tid 105984
128 tid 105984
Insert  tid 105984
FindTargetPageId rootid 9 tid 105984
target_page_id id: 11 tid 105984
0 1 tid 105984
599 10 tid 105984
726 11 tid 105984
128 tid 105984
Insert  tid 105984
FindTargetPageId rootid 9 tid 105984
target_page_id id: 11 tid 105984
0 1 tid 105984
599 10 tid 105984
726 11 tid 105984
128 tid 105984
Insert  tid 105984
FindTargetPageId rootid 9 tid 105984
target_page_id id: 11 tid 105984
0 1 tid 105984
599 10 tid 105984
726 11 tid 105984
128 tid 105984
Insert  tid 105984
FindTargetPageId rootid 9 tid 105984
target_page_id id: 11 tid 105984
0 1 tid 105984
599 10 tid 105984
726 11 tid 105984
128 tid 105984
Insert  tid 105984
FindTargetPageId rootid 9 tid 105984
target_page_id id: 11 tid 105984
0 1 tid 105984
599 10 tid 105984
726 11 tid 105984
128 tid 105984
Insert  tid 105984
FindTargetPageId rootid 9 tid 105984
target_page_id id: 11 tid 105984
0 1 tid 105984
599 10 tid 105984
726 11 tid 105984
128 tid 105984
Insert  tid 105984
FindTargetPageId rootid 9 tid 105984
target_page_id id: 11 tid 105984
0 1 tid 105984
599 10 tid 105984
726 11 tid 105984
128 tid 105984
Insert  tid 105984
FindTargetPageId rootid 9 tid 105984
target_page_id id: 11 tid 105984
0 1 tid 105984
599 10 tid 105984
726 11 tid 105984
128 tid 105984
Insert  tid 105984
FindTargetPageId rootid 9 tid 105984
target_page_id id: 11 tid 105984
0 1 tid 105984
599 10 tid 105984
726 11 tid 105984
128 tid 105984
Insert  tid 105984
FindTargetPageId rootid 9 tid 105984
target_page_id id: 11 tid 105984
0 1 tid 105984
599 10 tid 105984
726 11 tid 105984
128 tid 105984
Insert  tid 105984
FindTargetPageId rootid 9 tid 105984
target_page_id id: 11 tid 105984
0 1 tid 105984
599 10 tid 105984
726 11 tid 105984
128 tid 105984
Insert  tid 105984
FindTargetPageId rootid 9 tid 105983
target_page_id id: 1 tid 105983
0 1 tid 105983
599 10 tid 105983
726 11 tid 105983
178 tid 105983
Remove  tid 105983
FindTargetPageId rootid 9 tid 105983
target_page_id id: 1 tid 105983
0 1 tid 105983
599 10 tid 105983
726 11 tid 105983
177 tid 105983
Remove  tid 105983
FindTargetPageId rootid 9 tid 105983
target_page_id id: 1 tid 105983
0 1 tid 105983
599 10 tid 105983
726 11 tid 105983
176 tid 105983
Remove  tid 105983
FindTargetPageId rootid 9 tid 105983
target_page_id id: 1 tid 105983
0 1 tid 105983
599 10 tid 105983
726 11 tid 105983
175 tid 105983
Remove  tid 105983
FindTargetPageId rootid 9 tid 105983
target_page_id id: 1 tid 105983
0 1 tid 105983
599 10 tid 105983
726 11 tid 105983
174 tid 105983
Remove  tid 105983
FindTargetPageId rootid 9 tid 105983
target_page_id id: 1 tid 105983
0 1 tid 105983
599 10 tid 105983
726 11 tid 105983
173 tid 105983
Remove  tid 105983
FindTargetPageId rootid 9 tid 105983
target_page_id id: 1 tid 105983
0 1 tid 105983
599 10 tid 105983
726 11 tid 105983
172 tid 105983
Remove  tid 105983
FindTargetPageId rootid 9 tid 105983
target_page_id id: 1 tid 105983
0 1 tid 105983
599 10 tid 105983
726 11 tid 105983
171 tid 105983
Remove  tid 105983
FindTargetPageId rootid 9 tid 105982
target_page_id id: 11 tid 105982
0 1 tid 105982
599 10 tid 105982
726 11 tid 105982
128 tid 105982
Insert  tid 105982
FindTargetPageId rootid 9 tid 105984
target_page_id id: 11 tid 105984
0 1 tid 105984
599 10 tid 105984
726 11 tid 105984
129 tid 105984
Insert  tid 105984
FindTargetPageId rootid 9 tid 105983
target_page_id id: 1 tid 105983
0 1 tid 105983
599 10 tid 105983
726 11 tid 105983
170 tid 105983
Remove  tid 105983
FindTargetPageId rootid 9 tid 105982
target_page_id id: 11 tid 105982
0 1 tid 105982
599 10 tid 105982
726 11 tid 105982
129 tid 105982
Insert  tid FindTargetPageId rootid 9 tid 105984
target_page_id id: 11 tid 105984
0 1 tid 105984
599 10 tid 105984
726 11 tid 105984
130 tid 105984
Insert  tid 105984
FindTargetPageId rootid 9 tid 105984
target_page_id id: 11 tid 105984
0 1 tid 105984
599 10 tid 105984
726 11 tid 105984
130 tid 105984
Insert  tid 105984
FindTargetPageId rootid 9 tid 105984
target_page_id id: 11 tid 105984
0 1 tid 105984
599 10 tid 105984
726 11 tid 105984
130 tid 105984
Insert  tid 105984
FindTargetPageId rootid 9 tid 105984
target_page_id id: 11 tid 105984
0 1 tid 105984
599 10 tid 105984
726 11 tid 105984
130 tid 105984
Insert  tid 105984
FindTargetPageId rootid 9 tid 105984
target_page_id id: 11 tid 105984
0 1 tid 105984
599 10 tid 105984
726 11 tid 105984
105982
130 tid 105984
Insert  tid 105984
FindTargetPageId rootid 9 tid 105984
target_page_id id: 11 tid 105984
0 1 tid 105984
599 10 tid 105984
726 11 tid 105984
130 tid 105984
Insert  tid 105984
FindTargetPageId rootid 9 tid 105984
target_page_id id: 11 tid 105984
0 1 tid 105984
599 10 tid 105984
726 11 tid 105984
130 tid 105984
Insert  tid 105984
FindTargetPageId rootid 9 tid 105982
target_page_id id: 11 tid 105982
0 1 tid 105982
599 10 tid 105982
726 11 tid 105982
130 tid 105982
Insert  tid 105982
FindTargetPageId rootid 9 tid 105982
target_page_id id: 11 tid 105982
0 1 tid 105982
599 10 tid 105982
726 11 tid 105982
131 tid 105982
Insert  tid 105982
FindTargetPageId rootid 9 tid 105982
target_page_id id: 11 tid 105982
0 1 tid 105982
599 10 tid 105982
726 11 tid 105982
132 tid 105982
Insert  tid 105982
FindTargetPageId rootid 9 tid 105982
target_page_id id: 11 tid 105982
0 1 tid 105982
599 10 tid 105982
726 11 tid 105982
133 tid 105982
Insert  tid 105982
FindTargetPageId rootid 9 tid 105982
target_page_id id: 11 tid 105982
0 1 tid 105982
599 10 tid 105982
726 11 tid 105982
134 tid 105982
Insert  tid 105982
FindTargetPageId rootid 9 tid 105982
target_page_id id: 11 tid 105982
0 1 tid 105982
599 10 tid 105982
726 11 tid 105982
135 tid 105982
Insert  tid 105982
FindTargetPageId rootid 9 tid 105984
target_page_id id: 11 tid 105984
0 1 tid 105984
599 10 tid 105984
726 11 tid 105984
136 tid 105984
Insert  tid 105984
FindTargetPageId rootid 9 tid 105984
target_page_id id: 11 tid 105984
0 1 tid 105984
599 10 tid 105984
726 11 tid 105984
136 tid 105984
Insert  tid 105984
FindTargetPageId rootid 9 tid 105984
target_page_id id: 11 tid 105984
0 1 tid 105984
599 10 tid 105984
726 11 tid 105984
136 tid 105984
Insert  tid 105984
FindTargetPageId rootid 9 tid 105984
target_page_id id: 11 tid 105984
0 1 tid 105984
599 10 tid 105984
726 11 tid 105984
136 tid 105984
Insert  tid 105984
FindTargetPageId rootid 9 tid 105984
target_page_id id: 11 tid 105984
0 1 tid 105984
599 10 tid 105984
726 11 tid 105984
136 tid 105984
Insert  tid 105984
FindTargetPageId rootid 9 tid 105984
target_page_id id: 11 tid 105984
0 1 tid 105984
599 10 tid 105984
726 11 tid 105984
136 tid 105984
Insert  tid 105984
FindTargetPageId rootid 9 tid 105983
target_page_id id: 1 tid 105983
0 1 tid 105983
599 10 tid 105983
726 11 tid 105983
169 tid 105983
Remove  tid 105983
FindTargetPageId rootid 9 tid 105982
target_page_id id: 11 tid 105982
0 1 tid 105982
599 10 tid 105982
726 11 tid 105982
136 tid 105982
Insert  tid 105982
FindTargetPageId rootid 9 tid 105984
target_page_id id: 11 tid 105984
0 1 tid 105984
599 10 tid 105984
726 11 tid 105984
137 tid 105984
Insert  tid 105984
FindTargetPageId rootid 9 tid 105984
target_page_id id: 11 tid 105984
0 1 tid 105984
599 10 tid 105984
726 11 tid 105984
137 tid 105984
FindTargetPageId rootid 9 tid 105982
target_page_id id: 11 tid 105982
0 1 tid 105982
599 10 tid 105982
726 11 tid 105982
138 tid 105982
Insert  tid 105984
Insert  tid 105982
FindTargetPageId rootid 9 tid 105983
target_page_id id: 1 tid 105983
0 1 tid 105983
599 10 tid 105983
726 11 tid 105983
168 tid 105983
Remove  tid 105983
FindTargetPageId rootid 9 tid 105984
target_page_id id: 11 tid 105984
0 1 tid 105984
599 10 tid 105984
726 11 tid 105984
138 tid 105984
FindTargetPageId rootid 9 tid 105982
target_page_id id: 11 tid 105982
0 1 tid 105982
599 10 tid 105982
726 11 tid 105982
139 tid 105982
Insert  tid 105982
FindTargetPageId rootid 9 tid 105982
target_page_id id: 11 tid 105982
0 1 tid 105982
599 10 tid 105982
726 11 tid 105982
139 tid 105982
Insert  tid 105982
FindTargetPageId rootid 9 tid 105982
target_page_id id: 11 tid 105982
0 1 tid 105982
599 10 tid 105982
726 11 tid 105982
140 tid 105982
Insert  tid Insert  tid 105982
FindTargetPageId rootid 9 tid 105982
105984target_page_id id: 11 tid 105982
0 1 tid 105982
599 10 tid 105982
726 11 tid 105982
141 tid 105982
Insert  tid 105982
FindTargetPageId rootid 9 tid 105983
target_page_id id: 1 tid 105983
0 1 tid 105983
599 10 tid 105983
726 11 tid 105983

167 tid 105983
Remove  tid 105983
FindTargetPageId rootid 9 tid 105982
target_page_id id: 11 tid 105982
0 1 tid 105982
599 10 tid 105982
726 11 tid 105982
142 tid 105982
FindTargetPageId rootid 9 tid 105984
Insert  tid target_page_id id: 11105982 tid 
105984
0 1 tid 105984
599 10 tid 105984
726 11 tid 105984
143 tid 105984
Insert  tid 105984
FindTargetPageId rootid 9 tid 105984
target_page_id id: 11 tid 105984
0 1 tid 105984
599 10 tid 105984
726 11 tid 105984
143 tid 105984
Insert  tid 105984
FindTargetPageId rootid 9 tid 105983
target_page_id id: 1 tid 105983
0 1 tid 105983
599 10 tid 105983
726 11 tid 105983
166 tid 105983
Remove  tid 105983
FindTargetPageId rootid 9 tid 105983
target_page_id id: 1 tid 105983
0 1 tid 105983
599 10 tid 105983
726 11 tid 105983
165 tid 105983
Remove  tid 105983
FindTargetPageId rootid 9 tid 105983
target_page_id id: 1 tid 105983
0 1 tid 105983
599 10 tid 105983
726 11 tid 105983
164 tid 105983
Remove  tid 105983
FindTargetPageId rootid 9 tid 105983
target_page_id id: 1 tid 105983
0 1 tid 105983
599 10 tid 105983
726 11 tid 105983
163 tid 105983
Remove  tid 105983
FindTargetPageId rootid 9 tid 105984
target_page_id id: 11 tid 105984
0 1 tid 105984
599 10 tid 105984
726 11 tid 105984
143 tid 105984
Insert  tid 105984
FindTargetPageId rootid 9 tid 105982
target_page_id id: 11 tid 105982
0 1 tid 105982
599 10 tid 105982
726 11 tid 105982
143 tid 105982
Insert  tid 105982
FindTargetPageId rootid 9 tid 105982
target_page_id id: 11 tid 105982
0 1 tid 105982
599 10 tid 105982
726 11 tid 105982
144 tid 105982
Insert  tid 105982
FindTargetPageId rootid 9 tid 105982
target_page_id id: 11 tid 105982
0 1 tid 105982
599 10 tid 105982
726 11 tid 105982
145 tid 105982
Insert  tid 105982
FindTargetPageId rootid 9 tid 105982
target_page_id id: 11 tid 105982
0 1 tid 105982
599 10 tid 105982
726 11 tid 105982
146 tid 105982
Insert  tid 105982
FindTargetPageId rootid 9 tid 105982
target_page_id id: 11 tid 105982
0 1 tid 105982
599 10 tid 105982
726 11 tid 105982
147 tid 105982
Insert  tid 105982
FindTargetPageId rootid 9 tid 105982
target_page_id id: 11 tid 105982
0 1 tid 105982
599 10 tid 105982
726 11 tid 105982
148 tid 105982
Insert  tid 105982
FindTargetPageId rootid 9 tid 105982
target_page_id id: 11 tid 105982
0 1 tid 105982
599 10 tid 105982
726 11 tid 105982
149 tid 105982
Insert  tid 105982
FindTargetPageId rootid 9 tid 105982
target_page_id id: 11 tid 105982
0 1 tid 105982
599 10 tid 105982
726 11 tid 105982
150 tid 105982
Insert  tid 105982
FindTargetPageId rootid 9 tid 105982
target_page_id id: 11 tid 105982
0 1 tid 105982
599 10 tid 105982
726 11 tid 105982
151 tid 105982
Insert  tid 105982
FindTargetPageId rootid 9 tid 105982
target_page_id id: 11 tid 105982
0 1 tid 105982
599 10 tid 105982
726 11 tid 105982
152 tid 105982
Insert  tid 105982
FindTargetPageId rootid 9 tid 105982
target_page_id id: 11 tid 105982
0 1 tid 105982
599 10 tid 105982
726 11 tid 105982
153 tid 105982
Insert  tid 105982
FindTargetPageId rootid 9 tid 105982
target_page_id id: 11 tid 105982
0 1 tid 105982
599 10 tid 105982
726 11 tid 105982
154 tid 105982
Insert  tid 105982
FindTargetPageId rootid 9 tid 105982
target_page_id id: 11 tid 105982
0 1 tid 105982
599 10 tid 105982
726 11 tid 105982
155 tid 105982
Insert  tid 105982
FindTargetPageId rootid 9 tid 105982
target_page_id id: 11 tid 105982
0 1 tid 105982
599 10 tid 105982
726 11 tid 105982
156 tid 105982
Insert  tid 105982
FindTargetPageId rootid 9 tid 105982
target_page_id id: 11 tid 105982
0 1 tid 105982
599 10 tid 105982
726 11 tid 105982
157 tid 105982
Insert  tid 105982
FindTargetPageId rootid 9 tid 105982
target_page_id id: 11 tid 105982
0 1 tid 105982
599 10 tid 105982
726 11 tid 105982
158 tid 105982
Insert  tid 105982
FindTargetPageId rootid 9 tid 105982
target_page_id id: 11 tid 105982
0 1 tid 105982
599 10 tid 105982
726 11 tid 105982
159 tid 105982
Insert  tid 105982
FindTargetPageId rootid 9 tid 105983
target_page_id id: 1 tid 105983
0 1 tid 105983
599 10 tid 105983
726 11 tid 105983
162 tid 105983
Remove  tid 105983
FindTargetPageId rootid 9 tid 105983
target_page_id id: 1 tid 105983
0 1 tid 105983
599 10 tid 105983
726 11 tid 105983
161 tid 105983
Remove  tid 105983
FindTargetPageId rootid 9 tid 105983
target_page_id id: 1 tid 105983
0 1 tid 105983
599 10 tid 105983
726 11 tid 105983
160 tid 105983
Remove  tid 105983
FindTargetPageId rootid 9 tid 105983
target_page_id id: 1 tid 105983
0 1 tid 105983
599 10 tid 105983
726 11 tid 105983
159 tid 105983
Remove  tid 105983
FindTargetPageId rootid 9 tid 105983
target_page_id id: 1 tid 105983
0 1 tid 105983
599 10 tid 105983
726 11 tid 105983
158 tid 105983
Remove  tid 105983
FindTargetPageId rootid 9 tid 105983
target_page_id id: 1 tid 105983
0 1 tid 105983
599 10 tid 105983
726 11 tid 105983
157 tid 105983
Remove  tid 105983
FindTargetPageId rootid 9 tid 105984
target_page_id id: 11 tid 105984
0 1 tid 105984
599 10 tid 105984
726 11 tid 105984
160 tid 105984
Insert  tid 105984
FindTargetPageId rootid 9 tid 105984
target_page_id id: 11 tid 105984
0 1 tid 105984
599 10 tid 105984
726 11 tid 105984
160 tid 105984
Insert  tid 105984
FindTargetPageId rootid 9 tid 105984
target_page_id id: 11 tid 105984
0 1 tid 105984
599 10 tid 105984
726 11 tid 105984
160 tid 105984
Insert  tid 105984
FindTargetPageId rootid 9 tid 105982
target_page_id id: 11 tid 105982
0 1 tid 105982
599 10 tid 105982
726 11 tid 105982
160 tid 105982
Insert  tid 105982
FindTargetPageId rootid 9 tid 105982
target_page_id id: 11 tid 105982
0 1 tid 105982
599 10 tid 105982
726 11 tid 105982
161 tid 105982
Insert  tid 105982
FindTargetPageId rootid 9 tid 105982
target_page_id id: 11 tid 105982
0 1 tid 105982
599 10 tid 105982
726 11 tid 105982
162 tid 105982
Insert  tid 105982
FindTargetPageId rootid 9 tid 105982
target_page_id id: 11 tid 105982
0 1 tid 105982
599 10 tid 105982
726 11 tid 105982
163 tid 105982
Insert  tid 105982
FindTargetPageId rootid 9 tid 105982
target_page_id id: 11 tid 105982
0 1 tid 105982
599 10 tid 105982
726 11 tid 105982
164 tid 105982
Insert  tid 105982
FindTargetPageId rootid 9 tid 105982
target_page_id id: 11 tid 105982
0 1 tid 105982
599 10 tid 105982
726 11 tid 105982
165 tid 105982
Insert  tid 105982
FindTargetPageId rootid 9 tid 105982
target_page_id id: 11 tid 105982
0 1 tid 105982
599 10 tid 105982
726 11 tid 105982
166 tid 105982
Insert  tid 105982
FindTargetPageId rootid 9 tid 105982
target_page_id id: 11 tid 105982
0 1 tid 105982
599 10 tid 105982
726 11 tid 105982
167 tid 105982
Insert  tid 105982
FindTargetPageId rootid 9 tid 105982
target_page_id id: 11 tid 105982
0 1 tid 105982
599 10 tid 105982
726 11 tid 105982
168 tid 105982
Insert  tid 105982
FindTargetPageId rootid 9 tid 105982
target_page_id id: 11 tid 105982
0 1 tid 105982
599 10 tid 105982
726 11 tid 105982
169 tid 105982
Insert  tid 105982
FindTargetPageId rootid 9 tid 105982
target_page_id id: 11 tid 105982
0 1 tid 105982
599 10 tid 105982
726 11 tid 105982
170 tid 105982
Insert  tid 105982
FindTargetPageId rootid 9 tid 105982
target_page_id id: 11 tid 105982
0 1 tid 105982
599 10 tid 105982
726 11 tid 105982
171 tid 105982
Insert  tid 105982
FindTargetPageId rootid 9 tid 105982
target_page_id id: 11 tid 105982
0 1 tid 105982
599 10 tid 105982
726 11 tid 105982
172 tid 105982
Insert  tid 105982
FindTargetPageId rootid 9 tid 105982
target_page_id id: 11 tid 105982
0 1 tid 105982
599 10 tid 105982
726 11 tid 105982
173 tid 105982
FindTargetPageId rootid 9 tid 105984
target_page_id id: 11 tid 105984
Insert 0 1 tid 105984
 tid 599 10 tid 105984
726 11 tid 105984
105982
174 tid 105984
Insert  tid 105984
FindTargetPageId rootid 9 tid 105984
target_page_id id: 11 tid 105984
0 1 tid 105984
599 10 tid 105984
726 11 tid 105984
174 tid 105984
Insert  tid 105984
FindTargetPageId rootid 9 tid 105984
target_page_id id: 11 tid 105984
0 1 tid 105984
599 10 tid 105984
726 11 tid 105984
174 tid 105984
Insert  tid 105984
FindTargetPageId rootid 9 tid 105982
target_page_id id: 11 tid 105982
0 1 tid 105982
599 10 tid 105982
726 11 tid 105982
174 tid 105982
Insert  tid 105982
FindTargetPageId rootid 9 tid 105982
target_page_id id: 11 tid 105982
0 1 tid 105982
599 10 tid 105982
726 11 tid 105982
175 tid 105982
Insert  tid 105982
FindTargetPageId rootid 9 tid 105984
target_page_id id: 11 tid 105984
0 1 tid 105984
599 10 tid 105984
726 11 tid 105984
176 tid 105984
Insert  tid 105984
FindTargetPageId rootid 9 tid 105983
target_page_id id: 1 tid 105983
0 1 tid 105983
599 10 tid 105983
726 11 tid 105983
156 tid 105983
Remove  tid 105983
FindTargetPageId rootid 9 tid 105982
target_page_id id: 11 tid 105982
0 1 tid 105982
599 10 tid 105982
726 11 tid 105982
176 tid 105982
Insert  tid 105982
FindTargetPageId rootid 9 tid 105982
target_page_id id: 11 tid 105982
0 1 tid 105982
599 10 tid 105982
726 11 tid 105982
177 tid 105982
Insert  tid 105982
FindTargetPageId rootid 9 tid 105982
target_page_id id: 11 tid 105982
0 1 tid 105982
599 10 tid 105982
726 11 tid 105982
178 tid 105982
Insert  tid 105982
FindTargetPageId rootid 9 tid 105982
target_page_id id: 11 tid 105982
0 1 tid 105982
599 10 tid 105982
726 11 tid 105982
179 tid 105982
Insert  tid 105982
FindTargetPageId rootid 9 tid 105982
target_page_id id: 11 tid 105982
0 1 tid 105982
599 10 tid 105982
726 11 tid 105982
180 tid 105982
Insert  tid 105982
FindTargetPageId rootid 9 tid 105982
target_page_id id: 11 tid 105982
0 1 tid 105982
599 10 tid 105982
726 11 tid 105982
181 tid 105982
Insert  tid 105982
FindTargetPageId rootid 9 tid 105982
target_page_id id: 11 tid 105982
0 1 tid 105982
599 10 tid 105982
726 11 tid 105982
182 tid 105982
Insert  tid 105982
FindTargetPageId rootid 9 tid 105982
target_page_id id: 11 tid 105982
0 1 tid 105982
599 10 tid 105982
726 11 tid 105982
183 tid 105982
Insert  tid 105982
FindTargetPageId rootid 9 tid 105982
target_page_id id: 11 tid 105982
0 1 tid 105982
599 10 tid 105982
726 11 tid 105982
184 tid 105982
Insert  tid 105982
FindTargetPageId rootid 9 tid 105982
target_page_id id: 11 tid 105982
0 1 tid 105982
599 10 tid 105982
726 11 tid 105982
185 tid 105982
Insert  tid 105982
FindTargetPageId rootid 9 tid 105982
target_page_id id: 11 tid 105982
0 1 tid 105982
599 10 tid 105982
726 11 tid 105982
186 tid 105982
Insert  tid 105982
FindTargetPageId rootid 9 tid 105982
target_page_id id: 11 tid 105982
0 1 tid 105982
599 10 tid 105982
726 11 tid 105982
187 tid 105982
Insert  tid 105982
FindTargetPageId rootid 9 tid 105983
target_page_id id: 1 tid 105983
0 1 tid 105983
599 10 tid 105983
726 11 tid 105983
155 tid 105983
Remove  tid 105983
FindTargetPageId rootid 9 tid 105984
target_page_id id: 11 tid 105984
0 1 tid 105984
599 10 tid 105984
726 11 tid 105984
188 tid 105984
Insert  tid 105984
FindTargetPageId rootid 9 tid 105982
target_page_id id: 11 tid 105982
0 1 tid 105982
599 10 tid 105982
726 11 tid 105982
188 tid 105982
Insert  tid 105982
FindTargetPageId rootid 9 tid 105982
target_page_id id: 11 tid 105982
0 1 tid 105982
599 10 tid 105982
726 11 tid 105982
189 tid 105982
FindTargetPageId rootid 9 tid 105983
target_page_id id: 1 tid 105983
0 1 tid 105983
599 10 tid 105983
726 11 tid 105983
154 tid 105983
Remove  tid 105983
FindTargetPageId rootid 9 tid 105983
target_page_id id: 1 tid 105983
0 1 tid 105983
599 10 tid 105983
726 11 tid 105983
153 tid 105983
Remove  tid 105983
FindTargetPageId rootid 9 tid 105983
target_page_id id: 1 tid 105983
0 1 tid 105983
599 10 tid 105983
726 11 tid 105983
152 tid 105983
Remove  tid 105983
FindTargetPageId rootid 9 tid 105983
target_page_id id: 1 tid 105983
0 1 tid 105983
599 10 tid 105983
726 11 tid 105983
151 tid 105983
Remove  tid 105983
FindTargetPageId rootid 9 tid 105983
target_page_id id: 1 tid 105983
0 1 tid 105983
599 10 tid 105983
726 11 tid 105983
150 tid 105983
Remove  tid 105983
FindTargetPageId rootid 9 tid 105983
target_page_id id: 1 tid 105983
0 1 tid 105983
599 10 tid 105983
726 11 tid 105983
149 tid 105983
Remove  tid 105983
FindTargetPageId rootid 9 tid 105983
target_page_id id: 1 tid 105983
0 1 tid 105983
599 10 tid 105983
726 11 tid 105983
148 tid 105983
Remove  tid 105983
FindTargetPageId rootid 9 tid 105983
target_page_id id: 1 tid 105983
0 1 tid 105983
599 10 tid 105983
726 11 tid 105983
147 tid 105983
Remove  tid 105983
FindTargetPageId rootid 9 tid 105983
target_page_id id: 1 tid 105983
0 1 tid 105983
599 10 tid 105983
726 11 tid 105983
146 tid 105983
Remove  tid 105983
FindTargetPageId rootid 9 tid 105983
target_page_id id: 1 tid 105983
0 1 tid 105983
599 10 tid 105983
726 11 tid 105983
145 tid 105983
Remove  tid 105983
FindTargetPageId rootid 9 tid 105983
target_page_id id: 1 tid 105983
0 1 tid 105983
599 10 tid 105983
726 11 tid 105983
144 tid 105983
Remove  tid 105983
FindTargetPageId rootid 9 tid 105983
target_page_id id: 1 tid 105983
0 1 tid 105983
599 10 tid 105983
726 11 tid 105983
143 tid 105983
Remove  tid 105983
FindTargetPageId rootid 9 tid 105983
target_page_id id: 1 tid 105983
0 1 tid 105983
599 10 tid 105983
726 11 tid 105983
142 tid 105983
Remove  tid 105983
FindTargetPageId rootid 9 tid 105983
target_page_id id: 1 tid 105983
0 1 tid Insert 105983
599 10 tid 105983
726 11 tid 105983
 tid 105982
141 tid 105983
Remove  tid 105983
FindTargetPageId rootid 9 tid 105983
target_page_id id: 1 tid 105983
0 1 tid 105983
599 10 tid 105983
726 11 tid 105983
140 tid 105983
Remove  tid 105983
FindTargetPageId rootid 9 tid 105984
target_page_id id: 11 tid 105984
0 1 tid 105984
599 10 tid 105984
726 11 tid 105984
190 tid 105984
Insert  tid 105984
FindTargetPageId rootid 9 tid 105982
target_page_id id: 11 tid 105982
0 1 tid 105982
599 10 tid 105982
726 11 tid 105982
190 tid 105982
Insert  tid 105982
FindTargetPageId rootid 9 tid 105983
target_page_id id: 1 tid 105983
0 1 tid 105983
599 10 tid 105983
726 11 tid 105983
139 tid 105983
Remove  tid 105983
FindTargetPageId rootid 9 tid 105983
target_page_id id: 1 tid 105983
0 1 tid 105983
599 10 tid 105983
726 11 tid 105983
138 tid 105983
Remove  tid 105983
FindTargetPageId rootid 9 tid 105982
target_page_id id: 11 tid 105982
0 1 tid 105982
599 10 tid 105982
726 11 tid 105982
191 tid 105982
Insert  tid 105982
FindTargetPageId rootid 9 tid 105982
target_page_id id: 11 tid 105982
0 1 tid 105982
599 10 tid 105982
726 11 tid 105982
192 tid 105982
Insert  tid 105982
FindTargetPageId rootid 9 tid 105982
target_page_id id: 11 tid 105982
0 1 tid 105982
599 10 tid 105982
726 11 tid 105982
193 tid 105982
Insert  tid 105982
FindTargetPageId rootid 9 tid 105983
target_page_id id: 1 tid 105983
0 1 tid 105983
599 10 tid 105983
726 11 tid 105983
137 tid 105983
Remove  tid 105983
FindTargetPageId rootid 9 tid 105983
target_page_id id: 1 tid 105983
0 1 tid 105983
599 10 tid 105983
726 11 tid 105983
136 tid 105983
Remove  tid 105983
FindTargetPageId rootid 9 tid 105982
target_page_id id: 11 tid 105982
0 1 tid 105982
599 10 tid 105982
726 11 tid 105982
194 tid 105982
Insert  tid 105982
FindTargetPageId rootid 9 tid 105984
target_page_id id: 11 tid 105984
0 1 tid 105984
599 10 tid 105984
726 11 tid 105984
195 tid 105984
FindTargetPageId rootid 9 tid 105983
target_page_id id: 1 tid 105983
0 1 tid 105983
599 10 tid 105983
726 11 tid 105983
135 tid 105983
Remove  tid 105983
Insert  tid 105984
FindTargetPageId rootid 9 tid 105982
target_page_id id: 11 tid 105982
0 1 tid 105982
599 10 tid 105982
726 11 tid 105982
195 tid 105982
Insert  tid 105982
FindTargetPageId rootid 9 tid 105982
target_page_id id: 11 tid 105982
0 1 tid 105982
599 10 tid 105982
726 11 tid 105982
196 tid 105982
Insert  tid 105982
FindTargetPageId rootid 9 tid 105984
target_page_id id: 11 tid 105984
0 1 tid 105984
599 10 tid 105984
726 11 tid 105984
197 tid 105984
Insert  tid 105984
FindTargetPageId rootid 9 tid 105983
target_page_id id: 1 tid 105983
0 1 tid 105983
599 10 tid 105983
726 11 tid 105983
134 tid 105983
Remove  tid 105983
FindTargetPageId rootid 9 tid 105983
target_page_id id: 1 tid 105983
0 1 tid 105983
599 10 tid 105983
726 11 tid 105983
133 tid 105983
Remove  tid 105983
FindTargetPageId rootid 9 tid 105983
target_page_id id: 1 tid 105983
0 1 tid 105983
599 10 tid 105983
726 11 tid 105983
132 tid 105983
FindTargetPageId rootid 9 tid 105984
target_page_id id: 11 tid Remove 105984
0 1 tid 105984
599 10 tid 105984
726 11 tid 105984
 tid 197 tid 105984
105983
FindTargetPageId rootid 9 tid 105983
Insert  tid 105984
target_page_id id: 1 tid 105983
0 1 tid 105983
599 10 tid 105983
726 11 tid 105983
131 tid 105983
FindTargetPageId rootid 9 tid 105984Remove 
target_page_id id: 11 tid 105984
0 1 tid 105984
599 10 tid 105984
726 11 tid 105984
197 tid 105984
Insert  tid 105984
FindTargetPageId rootid 9 tid 105984
target_page_id id: 11 tid 105984
0 1 tid 105984
599 10 tid 105984
726 11 tid 105984
197 tid 105984
Insert  tid 105984
FindTargetPageId rootid 9 tid 105984
 tid 105983
target_page_id id: 11 tid 105984
0 1 tid 105984
599 10 tid 105984
726 11 tid 105984
197 tid 105984
Insert  tid 105984
FindTargetPageId rootid 9 tid 105982
target_page_id id: 11 tid 105982
0 1 tid 105982
599 10 tid 105982
726 11 tid 105982
197 tid 105982
Insert  tid 105982
FindTargetPageId rootid 9 tid 105982
target_page_id id: 11 tid 105982
0 1 tid 105982
599 10 tid 105982
726 11 tid 105982
198 tid 105982
Insert  tid 105982
FindTargetPageId rootid 9 tid 105982
target_page_id id: 11 tid 105982
0 1 tid 105982
599 10 tid 105982
726 11 tid 105982
199 tid 105982
Insert  tid 105982
FindTargetPageId rootid 9 tid 105982
target_page_id id: 11 tid 105982
0 1 tid 105982
599 10 tid 105982
726 11 tid 105982
200 tid 105982
Insert  tid 105982
FindTargetPageId rootid 9 tid 105982
target_page_id id: 11 tid 105982
0 1 tid 105982
599 10 tid 105982
726 11 tid 105982
201 tid 105982
Insert  tid 105982
FindTargetPageId rootid 9 tid 105982
target_page_id id: 11 tid 105982
0 1 tid 105982
599 10 tid 105982
726 11 tid 105982
202 tid 105982
Insert  tid 105982
FindTargetPageId rootid 9 tid 105982
target_page_id id: 11 tid 105982
0 1 tid 105982
599 10 tid 105982
726 11 tid 105982
203 tid 105982
Insert  tid 105982
FindTargetPageId rootid 9 tid 105982
target_page_id id: 11 tid 105982
0 1 tid 105982
599 10 tid 105982
726 11 tid 105982
204 tid 105982
Insert  tid 105982
FindTargetPageId rootid 9 tid 105982
target_page_id id: 11 tid 105982
0 1 tid 105982
599 10 tid 105982
726 11 tid 105982
205 tid 105982
Insert  tid 105982
FindTargetPageId rootid 9 tid 105982
target_page_id id: 11 tid 105982
0 1 tid 105982
599 10 tid 105982
726 11 tid 105982
206 tid 105982
Insert  tid 105982
FindTargetPageId rootid 9 tid 105982
target_page_id id: 11 tid 105982
0 1 tid 105982
599 10 tid 105982
726 11 tid 105982
207 tid 105982
Insert  tid 105982
FindTargetPageId rootid 9 tid 105982
target_page_id id: 11 tid 105982
0 1 tid 105982
599 10 tid 105982
726 11 tid 105982
208 tid 105982
Insert  tid 105982
FindTargetPageId rootid 9 tid 105982
target_page_id id: 11 tid 105982
0 1 tid 105982
599 10 tid 105982
726 11 tid 105982
209 tid 105982
Insert  tid 105982
FindTargetPageId rootid 9 tid 105982
target_page_id id: 11 tid 105982
0 1 tid 105982
599 10 tid 105982
726 11 tid 105982
210 tid 105982
Insert  tid 105982
FindTargetPageId rootid 9 tid 105982
target_page_id id: 11 tid 105982
0 1 tid 105982
599 10 tid 105982
726 11 tid 105982
211 tid 105982
Insert  tid 105982
FindTargetPageId rootid 9 tid 105982
target_page_id id: 11 tid 105982
0 1 tid 105982
599 10 tid 105982
726 11 tid 105982
212 tid 105982
Insert  tid 105982
FindTargetPageId rootid 9 tid 105982
target_page_id id: 11 tid 105982
0 1 tid 105982
599 10 tid 105982
726 11 tid 105982
213 tid 105982
Insert  tid 105982
FindTargetPageId rootid 9 tid 105982
target_page_id id: 11 tid 105982
0 1 tid 105982
599 10 tid 105982
726 11 tid 105982
214 tid 105982
Insert  tid 105982
FindTargetPageId rootid 9 tid 105982
target_page_id id: 11 tid 105982
0 1 tid 105982
599 10 tid 105982
726 11 tid 105982
215 tid 105982
Insert  tid 105982
FindTargetPageId rootid 9 tid 105983
target_page_id id: 1 tid 105983
0 1 tid 105983
599 10 tid 105983
726 11 tid 105983
130 tid 105983
Remove  tid 105983
FindTargetPageId rootid 9 tid 105984
target_page_id id: 11 tid 105984
0 1 tid 105984
599 10 tid 105984
726 11 tid 105984
216 tid 105984
Insert  tid 105984
FindTargetPageId rootid 9 tid 105984
target_page_id id: 11 tid 105984
0 1 tid 105984
599 10 tid 105984
726 11 tid 105984
216 tid 105984
Insert  tid 105984
FindTargetPageId rootid 9 tid 105984
target_page_id id: 11 tid 105984
0 1 tid 105984
599 10 tid 105984
726 11 tid 105984
216 tid 105984
Insert  tid 105984
FindTargetPageId rootid 9 tid 105984
target_page_id id: 11 tid 105984
0 1 tid 105984
599 10 tid 105984
726 11 tid 105984
216 tid 105984
Insert  tid 105984
FindTargetPageId rootid 9 tid 105983
target_page_id id: 1 tid 105983
0 1 tid 105983
599 10 tid 105983
726 11 tid 105983
129 tid 105983
Remove  tid 105983
FindTargetPageId rootid 9 tid 105983
target_page_id id: 1 tid 105983
0 1 tid 105983
599 10 tid 105983
726 11 tid 105983
128 tid 105983
Remove  tid 105983
FindTargetPageId rootid 9 tid 105983
target_page_id id: 10 tid 105983
0 1 tid 105983
599 10 tid 105983
726 11 tid 105983
127 tid 105983
Remove  tid 105983
FindTargetPageId rootid 9 tid 105982
target_page_id id: 11 tid 105982
0 1 tid 105982
726 11 tid 105982
216 tid 105982
Insert  tid 105982
FindTargetPageId rootid 9 tid 105984
target_page_id id: 11 tid 105984
0 1 tid 105984
726 11 tid 105984
217 tid 105984
Insert  tid 105984
FindTargetPageId rootid 9 tid 105984
target_page_id id: 11 tid 105984
0 1 tid 105984
726 11 tid 105984
217 tid 105984
Insert  tid 105984
FindTargetPageId rootid 9 tid 105984
target_page_id id: 11 tid 105984
0 1 tid 105984
726 11 tid 105984
217 tid 105984
Insert  tid 105984
FindTargetPageId rootid 9 tid 105984
target_page_id id: 11 tid 105984
0 1 tid 105984
726 11 tid 105984
217 tid 105984
Insert  tid 105984
FindTargetPageId rootid 9 tid 105984
target_page_id id: 11 tid 105984
0 1 tid 105984
726 11 tid 105984
217 tid 105984
Insert  tid 105984
FindTargetPageId rootid 9 tid 105984
target_page_id id: 11 tid 105984
0 1 tid 105984
726 11 tid 105984
217 tid 105984
Insert  tid 105984
FindTargetPageId rootid 9 tid 105984
target_page_id id: 11 tid 105984
0 1 tid 105984
726 11 tid 105984
217 tid 105984
Insert  tid 105984
FindTargetPageId rootid 9 tid 105984
target_page_id id: 11 tid 105984
0 1 tid 105984
726 11 tid 105984
217 tid 105984
Insert  tid 105984
FindTargetPageId rootid 9 tid 105984
target_page_id id: 11 tid 105984
0 1 tid 105984
726 11 tid 105984
217 tid 105984
Insert  tid 105984
FindTargetPageId rootid 9 tid 105984
target_page_id id: 11 tid 105984
0 1 tid 105984
726 11 tid 105984
217 tid 105984
Insert  tid 105984
FindTargetPageId rootid 9 tid 105984
target_page_id id: 11 tid 105984
0 1 tid 105984
726 11 tid 105984
217 tid 105984
Insert  tid 105984
FindTargetPageId rootid 9 tid 105984
target_page_id id: 11 tid 105984
0 1 tid 105984
726 11 tid 105984
217 tid 105984
Insert  tid 105984
FindTargetPageId rootid 9 tid 105984
target_page_id id: 11 tid 105984
0 1 tid 105984
726 11 tid 105984
217 tid 105984
Insert  tid 105984
FindTargetPageId rootid 9 tid 105984
target_page_id id: 11 tid 105984
0 1 tid 105984
726 11 tid 105984
217 tid 105984
Insert  tid 105984
FindTargetPageId rootid 9 tid 105984
target_page_id id: 11 tid 105984
0 1 tid 105984
726 11 tid 105984
217 tid 105984
Insert  tid 105984
FindTargetPageId rootid 9 tid 105984
target_page_id id: 11 tid 105984
0 1 tid 105984
726 11 tid 105984
217 tid 105984
Insert  tid 105984
FindTargetPageId rootid 9 tid 105984
target_page_id id: 11 tid 105984
0 1 tid 105984
726 11 tid 105984
217 tid 105984
Insert  tid 105984
FindTargetPageId rootid 9 tid 105984
target_page_id id: 11 tid 105984
0 1 tid 105984
726 11 tid 105984
217 tid 105984
Insert  tid 105984
FindTargetPageId rootid 9 tid 105984
target_page_id id: 11 tid 105984
0 1 tid 105984
726 11 tid 105984
217 tid 105984
Insert  tid 105984
FindTargetPageId rootid 9 tid 105984
target_page_id id: 11 tid 105984
0 1 tid 105984
726 11 tid 105984
217 tid 105984
Insert  tid 105984
FindTargetPageId rootid 9 tid 105984
target_page_id id: 11 tid 105984
0 1 tid 105984
726 11 tid 105984
217 tid 105984
Insert  tid 105984
FindTargetPageId rootid 9 tid 105984
target_page_id id: 11 tid 105984
0 1 tid 105984
726 11 tid 105984
217 tid 105984
Insert  tid 105984
FindTargetPageId rootid 9 tid 105984
target_page_id id: 11 tid 105984
0 1 tid 105984
726 11 tid 105984
217 tid 105984
Insert  tid 105984
FindTargetPageId rootid 9 tid 105984
target_page_id id: 11 tid 105984
0 1 tid 105984
726 11 tid 105984
217 tid 105984
Insert  tid 105984
FindTargetPageId rootid 9 tid 105984
target_page_id id: 11 tid 105984
0 1 tid 105984
726 11 tid 105984
217 tid 105984
Insert  tid 105984
FindTargetPageId rootid 9 tid 105984
target_page_id id: 11 tid 105984
0 1 tid 105984
726 11 tid 105984
217 tid 105984
Insert  tid 105984
FindTargetPageId rootid 9 tid 105984
target_page_id id: 11 tid 105984
0 1 tid 105984
726 11 tid 105984
217 tid 105984
Insert  tid 105984
FindTargetPageId rootid 9 tid 105984
target_page_id id: 11 tid 105984
0 1 tid 105984
726 11 tid 105984
217 tid 105984
Insert  tid 105984
FindTargetPageId rootid 9 tid 105984
target_page_id id: 11 tid 105984
0 1 tid 105984
726 11 tid 105984
217 tid 105984
Insert  tid 105984
FindTargetPageId rootid 9 tid 105984
target_page_id id: 11 tid 105984
0 1 tid 105984
726 11 tid 105984
217 tid 105984
Insert  tid 105984
FindTargetPageId rootid 9 tid 105984
target_page_id id: 11 tid 105984
0 1 tid 105984
726 11 tid 105984
217 tid 105984
Insert  tid 105984
FindTargetPageId rootid 9 tid 105984
target_page_id id: 11 tid 105984
0 1 tid 105984
726 11 tid 105984
217 tid 105984
Insert  tid 105984
FindTargetPageId rootid 9 tid 105984
target_page_id id: 11 tid 105984
0 1 tid 105984
726 11 tid 105984
217 tid 105984
Insert  tid 105984
FindTargetPageId rootid 9 tid 105984
target_page_id id: 11 tid 105984
0 1 tid 105984
726 11 tid 105984
217 tid 105984
Insert  tid 105984
FindTargetPageId rootid 9 tid 105984
target_page_id id: 11 tid 105984
0 1 tid 105984
726 11 tid 105984
217 tid 105984
Insert  tid 105984
FindTargetPageId rootid 9 tid 105984
target_page_id id: 11 tid 105984
0 1 tid 105984
726 11 tid 105984
217 tid 105984
Insert  tid 105984
FindTargetPageId rootid 9 tid 105984
target_page_id id: 11 tid 105984
0 1 tid 105984
726 11 tid 105984
217 tid 105984
Insert  tid 105984
FindTargetPageId rootid 9 tid 105984
target_page_id id: 11 tid 105984
0 1 tid 105984
726 11 tid 105984
217 tid 105984
Insert  tid 105984
FindTargetPageId rootid 9 tid 105984
target_page_id id: 11 tid 105984
0 1 tid 105984
726 11 tid 105984
217 tid 105984
Insert  tid 105984
FindTargetPageId rootid 9 tid 105984
target_page_id id: 11 tid 105984
0 1 tid 105984
726 11 tid 105984
217 tid 105984
Insert  tid 105984
FindTargetPageId rootid 9 tid 105984
target_page_id id: 11 tid 105984
0 1 tid 105984
726 11 tid 105984
217 tid 105984
Insert  tid 105984
FindTargetPageId rootid 9 tid 105984
target_page_id id: 11 tid 105984
0 1 tid 105984
726 11 tid 105984
217 tid 105984
Insert  tid 105984
FindTargetPageId rootid 9 tid 105984
target_page_id id: 11 tid 105984
0 1 tid 105984
726 11 tid 105984
217 tid 105984
Insert  tid 105984
FindTargetPageId rootid 9 tid 105984
target_page_id id: 11 tid 105984
0 1 tid 105984
726 11 tid 105984
217 tid 105984
Insert  tid 105984
FindTargetPageId rootid 9 tid 105984
target_page_id id: 11 tid 105984
0 1 tid 105984
726 11 tid 105984
217 tid 105984
Insert  tid 105984
FindTargetPageId rootid 9 tid 105984
target_page_id id: 11 tid 105984
0 1 tid 105984
726 11 tid 105984
217 tid 105984
Insert  tid 105984
FindTargetPageId rootid 9 tid 105984
target_page_id id: 11 tid 105984
0 1 tid 105984
726 11 tid 105984
217 tid 105984
Insert  tid 105984
FindTargetPageId rootid 9 tid 105984
target_page_id id: 11 tid 105984
0 1 tid 105984
726 11 tid 105984
217 tid 105984
Insert  tid 105984
FindTargetPageId rootid 9 tid 105984
target_page_id id: 11 tid 105984
0 1 tid 105984
726 11 tid 105984
217 tid 105984
Insert  tid 105984
FindTargetPageId rootid 9 tid 105984
target_page_id id: 11 tid 105984
0 1 tid 105984
726 11 tid 105984
217 tid 105984
Insert  tid 105984
FindTargetPageId rootid 9 tid 105984
target_page_id id: 11 tid 105984
0 1 tid 105984
726 11 tid 105984
217 tid 105984
Insert  tid 105984
FindTargetPageId rootid 9 tid 105984
target_page_id id: 11 tid 105984
0 1 tid 105984
726 11 tid 105984
217 tid 105984
Insert  tid 105984
FindTargetPageId rootid 9 tid 105984
target_page_id id: 11 tid 105984
0 1 tid 105984
726 11 tid 105984
217 tid 105984
Insert  tid 105984
FindTargetPageId rootid 9 tid 105984
target_page_id id: 11 tid 105984
0 1 tid 105984
726 11 tid 105984
217 tid 105984
Insert  tid 105984
FindTargetPageId rootid 9 tid 105984
target_page_id id: 11 tid 105984
0 1 tid 105984
726 11 tid 105984
217 tid 105984
Insert  tid 105984
FindTargetPageId rootid 9 tid 105984
target_page_id id: 11 tid 105984
0 1 tid 105984
726 11 tid 105984
217 tid 105984
Insert  tid 105984
FindTargetPageId rootid 9 tid 105984
target_page_id id: 11 tid 105984
0 1 tid 105984
726 11 tid 105984
217 tid 105984
Insert  tid 105984
FindTargetPageId rootid 9 tid 105984
target_page_id id: 11 tid 105984
0 1 tid 105984
726 11 tid 105984
218 tid 105984
Insert  tid 105984
FindTargetPageId rootid 9 tid 105984
target_page_id id: 11 tid 105984
0 1 tid 105984
726 11 tid 105984
219 tid 105984
Insert  tid 105984
FindTargetPageId rootid 9 tid 105984
target_page_id id: 11 tid 105984
0 1 tid 105984
726 11 tid 105984
220 tid 105984
Insert  tid 105984
FindTargetPageId rootid 9 tid 105984
target_page_id id: 11 tid 105984
0 1 tid 105984
726 11 tid 105984
221 tid 105984
Insert  tid 105984
FindTargetPageId rootid 9 tid 105984
target_page_id id: 11 tid 105984
0 1 tid 105984
726 11 tid 105984
222 tid 105984
Insert  tid 105984
FindTargetPageId rootid 9 tid 105984
target_page_id id: 11 tid 105984
0 1 tid 105984
726 11 tid 105984
223 tid 105984
Insert  tid 105984
FindTargetPageId rootid 9 tid 105984
target_page_id id: 11 tid 105984
0 1 tid 105984
726 11 tid 105984
224 tid 105984
Insert  tid 105984
FindTargetPageId rootid 9 tid 105984
target_page_id id: 11 tid 105984
0 1 tid 105984
726 11 tid 105984
225 tid 105984
Insert  tid 105984
FindTargetPageId rootid 9 tid 105984
target_page_id id: 11 tid 105984
0 1 tid 105984
726 11 tid 105984
226 tid 105984
Insert  tid 105984
FindTargetPageId rootid 9 tid 105984
target_page_id id: 11 tid 105984
0 1 tid 105984
726 11 tid 105984
227 tid 105984
Insert  tid 105984
FindTargetPageId rootid 9 tid 105984
target_page_id id: 11 tid 105984
0 1 tid 105984
726 11 tid 105984
228 tid 105984
Insert  tid 105984
FindTargetPageId rootid 9 tid 105984
target_page_id id: 11 tid 105984
0 1 tid 105984
726 11 tid 105984
229 tid 105984
Insert  tid 105984
FindTargetPageId rootid 9 tid 105984
target_page_id id: 11 tid 105984
0 1 tid 105984
726 11 tid 105984
230 tid 105984
Insert  tid 105984
FindTargetPageId rootid 9 tid 105984
target_page_id id: 11 tid 105984
0 1 tid 105984
726 11 tid 105984
231 tid 105984
Insert  tid 105984
FindTargetPageId rootid 9 tid 105984
target_page_id id: 11 tid 105984
0 1 tid 105984
726 11 tid 105984
232 tid 105984
Insert  tid 105984
FindTargetPageId rootid 9 tid 105984
target_page_id id: 11 tid 105984
0 1 tid 105984
726 11 tid 105984
233 tid 105984
Insert  tid 105984
FindTargetPageId rootid 9 tid 105982
target_page_id id: 11 tid 105982
0 1 tid 105982
726 11 tid 105982
234 tid 105982
Insert  tid 105982
FindTargetPageId rootid 9 tid 105982
target_page_id id: 11 tid 105982
0 1 tid 105982
726 11 tid 105982
234 tid 105982
FindTargetPageId rootid Insert  tid 9105982 tid 
105983
target_page_id id: 1 tid 105983
0 1 tid 105983
726 11 tid 105983
253 tid 105983
Remove  tid 105983
FindTargetPageId rootid 9 tid 105982
target_page_id id: 11 tid 105982
0 1 tid 105982
726 11 tid 105982
234 tid 105982
Insert  tid 105982
FindTargetPageId rootid 9 tid 105984
target_page_id id: 11 tid 105984
0 1 tid 105984
726 11 tid 105984
234 tid 105984
Insert  tid 105984
FindTargetPageId rootid 9 tid 105984
target_page_id id: 11 tid 105984
0 1 tid 105984
726 11 tid 105984
235 tid 105984
Insert  tid 105984
FindTargetPageId rootid 9 tid 105982
target_page_id id: 11 tid 105982
0 1 tid 105982
726 11 tid 105982
236 tid 105982
Insert  tid 105982
FindTargetPageId rootid 9 tid 105983
target_page_id id: 1 tid 105983
0 1 tid 105983
726 11 tid 105983
252 tid 105983
Remove  tid 105983
FindTargetPageId rootid 9 tid 105983
target_page_id id: 1 tid 105983
0 1 tid 105983
726 11 tid 105983
251 tid 105983
Remove  tid 105983
FindTargetPageId rootid 9 tid 105983
target_page_id id: 1 tid 105983
0 1 tid 105983
726 11 tid 105983
250 tid 105983
Remove  tid 105983
FindTargetPageId rootid 9 tid 105983
target_page_id id: 1 tid 105983
0 1 tid 105983
726 11 tid 105983
249 tid 105983
Remove  tid 105983
FindTargetPageId rootid 9 tid 105984
target_page_id id: 11 tid 105984
0 1 tid 105984
726 11 tid 105984
236 tid 105984
Insert  tid 105984
FindTargetPageId rootid 9 tid 105984
target_page_id id: 11 tid 105984
0 1 tid 105984
726 11 tid 105984
237 tid 105984
Insert  tid 105984
FindTargetPageId rootid 9 tid 105984
target_page_id id: 11 tid 105984
0 1 tid 105984
726 11 tid 105984
238 tid 105984
Insert  tid 105984
FindTargetPageId rootid 9 tid 105984
target_page_id id: 11 tid 105984
0 1 tid 105984
726 11 tid 105984
239 tid 105984
FindTargetPageId rootid 9 tid 105983
target_page_id id: 1 tid 105983
0 1 tid 105983
726 11 tid 105983
248 tid 105983
Remove  tid 105983
Insert  tid 105984
FindTargetPageId rootid 9 tid 105983
target_page_id id: 1 tid 105983
0 1 tid 105983
726 11 tid 105983
247 tid 105983
Remove  tid 105983
FindTargetPageId rootid 9 tid 105983
target_page_id id: 1 tid 105983
0 1 tid 105983
726 11 tid 105983
246 tid 105983
Remove  tid 105983
FindTargetPageId rootid 9 tid 105984
target_page_id id: 11 tid 105984
0 1 tid 105984
726 11 tid 105984
240 tid 105984
Insert  tid 105984
FindTargetPageId rootid 9 tid 105982
target_page_id id: 11 tid 105982
0 1 tid 105982
726 11 tid 105982
241 tid 105982
Insert  tid 105982
FindTargetPageId rootid 9 tid 105983
target_page_id id: 1 tid 105983
0 1 tid 105983
726 11 tid 105983
245 tid 105983
Remove  tid 105983
FindTargetPageId rootid 9 tid 105983
target_page_id id: 1 tid 105983
0 1 tid 105983
726 11 tid 105983
244 tid 105983
Remove  tid 105983
FindTargetPageId rootid 9 tid 105984
target_page_id id: 11 tid 105984
0 1 tid 105984
726 11 tid 105984
241 tid 105984
Insert  tid 105984
FindTargetPageId rootid 9 tid 105984
target_page_id id: 11 tid 105984
0 1 tid 105984
726 11 tid 105984
242 tid 105984
Insert  tid 105984
FindTargetPageId rootid 9 tid 105984
target_page_id id: 11 tid 105984
0 1 tid 105984
726 11 tid 105984
243 tid 105984
Insert  tid 105984
FindTargetPageId rootid 9 tid 105984
target_page_id id: 11 tid 105984
0 1 tid 105984
726 11 tid 105984
244 tid 105984
Insert  tid 105984
FindTargetPageId rootid 9 tid 105984
target_page_id id: 11 tid 105984
0 1 tid 105984
726 11 tid 105984
245 tid 105984
Insert  tid 105984
FindTargetPageId rootid 9 tid 105984
target_page_id id: 11 tid 105984
0 1 tid 105984
726 11 tid 105984
246 tid 105984
Insert  tid 105984
FindTargetPageId rootid 9 tid 105982
target_page_id id: 11 tid 105982
0 1 tid 105982
726 11 tid 105982
247 tid 105982
Insert  tid 105982
FindTargetPageId rootid 9 tid 105983
target_page_id id: 1 tid 105983
0 1 tid 105983
726 11 tid 105983
243 tid 105983
Remove  tid 105983
FindTargetPageId rootid 9 tid 105983
target_page_id id: 1 tid 105983
0 1 tid 105983
726 11 tid 105983
242 tid 105983
FindTargetPageId rootid 9 tid 105982
target_page_id id: 11 tid 105982
0 1 tid 105982
726 11 tid 105982
247 tid 105982
Insert  tid 105982
FindTargetPageId rootid 9 tid 105982
target_page_id id: 11 tid 105982
0 1 tid 105982
726 11 tid 105982
247 tid 105982
Insert  tid 105982
FindTargetPageId rootid 9 tid 105982
target_page_id id: 11 tid 105982
0 1 tid 105982
726 11 tid 105982
247 tid 105982
Insert  tid 105982
FindTargetPageId rootid 9 tid 105982
target_page_id id: 11 tid 105982
0 1 tid 105982
726 11 tid 105982
247 tid 105982
Insert  tid 105982
FindTargetPageId rootid 9 tid 105982
target_page_id id: 11 tid 105982
0 1 tid 105982
726 11 tid Remove  tid 105982
247 tid 105982
105983
Insert  tid 105982
FindTargetPageId rootid 9 tid 105983
target_page_id id: 1 tid 105983
0 1 tid 105983
726 11 tid 105983
241 tid 105983
Remove  tid 105983
FindTargetPageId rootid 9 tid 105984
target_page_id id: 11 tid 105984
0 1 tid 105984
726 11 tid 105984
247 tid 105984
Insert  tid 105984
FindTargetPageId rootid 9 tid 105984
target_page_id id: 11 tid 105984
0 1 tid 105984
726 11 tid 105984
248 tid 105984
Insert  tid 105984
FindTargetPageId rootid 9 tid 105984
target_page_id id: 11 tid 105984
0 1 tid 105984
726 11 tid 105984
249 tid 105984
Insert  tid 105984
FindTargetPageId rootid 9 tid 105984
target_page_id id: 11 tid 105984
0 1 tid 105984
726 11 tid 105984
250 tid 105984
Insert  tid 105984
FindTargetPageId rootid 9 tid 105982
target_page_id id: 11 tid 105982
0 1 tid 105982
726 11 tid 105982
251 tid 105982
Insert  tid 105982
FindTargetPageId rootid 9 tid 105982
target_page_id id: 11 tid 105982
0 1 tid 105982
726 11 tid 105982
251 tid 105982
Insert  tid 105982
FindTargetPageId rootid 9 tid 105982
target_page_id id: 11 tid 105982
0 1 tid 105982
726 11 tid 105982
251 tid 105982
Insert  tid 105982
FindTargetPageId rootid 9 tid 105982
target_page_id id: 11 tid 105982
0 1 tid 105982
726 11 tid 105982
251 tid 105982
Insert  tid 105982
FindTargetPageId rootid 9 tid 105982
target_page_id id: 11 tid 105982
0 1 tid 105982
726 11 tid 105982
251 tid 105982
FindTargetPageId rootid 9 tid 105984
target_page_id id: 11 tid 105984
0 1 tid 105984
726 11 tid 105984
251 tid 105984
Insert  tid 105982
FindTargetPageId rootid 9 tid 105982
target_page_id id: 11 tid 105982
0 1 tid 105982
726 11 tid 105982
252 tid Insert  tid 105984
105982
Insert  tid 105982
FindTargetPageId rootid 9 tid 105982
target_page_id id: 11 tid 105982
0 1 tid 105982
726 11 tid 105982
252 tid 105982
Insert  tid 105982
FindTargetPageId rootid 9 tid 105982
target_page_id id: 11 tid 105982
0 1 tid 105982
726 11 tid 105982
252 tid 105982
Insert  tid 105982
FindTargetPageId rootid 9 tid 105982
target_page_id id: 11 tid 105982
0 1 tid 105982
726 11 tid 105982
252 tid 105982
Insert  tid 105982
FindTargetPageId rootid 9 tid 105982
target_page_id id: 11 tid 105982
0 1 tid 105982
726 11 tid 105982
252 tid 105982
Insert  tid 105982
FindTargetPageId rootid 9 tid 105982
target_page_id id: 11 tid 105982
0 1 tid 105982
726 11 tid 105982
252 tid 105982
Insert  tid 105982
FindTargetPageId rootid 9 tid 105983
target_page_id id: 1 tid 105983
0 1 tid 105983
726 11 tid 105983
240 tid 105983
Remove  tid 105983
FindTargetPageId rootid 9 tid 105984
target_page_id id: 11 tid 105984
0 1 tid 105984
726 11 tid 105984
252 tid 105984
Insert  tid FindTargetPageId rootid 105984
9 tid 105982
target_page_id id: 11 tid 105982
0 1 tid 105982
726 11 tid 105982
253 tid 105982
FindTargetPageId rootid 9 tid 105983
target_page_id id: 1 tid 105983
0 1 tid 105983
726 11 tid 105983
239 tid 105983
Remove  tid 105983
FindTargetPageId rootid 9 tid 105983
target_page_id id: 1 tid 105983
0 1 tid 105983
726 11 tid 105983
238 tid 105983
Remove  tid 105983
FindTargetPageId rootid 9 tid 105983
target_page_id id: 1 tid 105983
0 1 tid 105983
726 11 tid 105983
237 tid 105983
Remove  tid 105983
FindTargetPageId rootid 9 tid 105983
target_page_id id: 1 tid 105983
0 1 tid 105983
726 11 tid 105983
236 tid 105983
Remove  tid 105983
Insert  tid 105982
FindTargetPageId rootid 9 tid 105983
target_page_id id: 1 tid 105983
0 1 tid 105983
726 11 tid 105983
235 tid 105983
Remove  tid 105983
FindTargetPageId rootid 9 tid 105983
target_page_id id: 1 tid 105983
0 1 tid 105983
726 11 tid 105983
234 tid 105983
Remove  tid 105983
FindTargetPageId rootid 9 tid 105983
target_page_id id: 1 tid 105983
0 1 tid 105983
726 11 tid 105983
233 tid 105983
Remove  tid 105983
FindTargetPageId rootid 9 tid 105983
target_page_id id: 1 tid 105983
0 1 tid 105983
726 11 tid 105983
232 tid 105983
Remove  tid 105983
FindTargetPageId rootid 9 tid 105983
target_page_id id: 1 tid 105983
0 1 tid 105983
726 11 tid 105983
231 tid 105983
Remove  tid 105983
FindTargetPageId rootid 9 tid 105983
target_page_id id: 1 tid 105983
0 1 tid 105983
726 11 tid 105983
230 tid 105983
Remove  tid 105983
FindTargetPageId rootid 9 tid 105983
target_page_id id: 1 tid 105983
0 1 tid 105983
726 11 tid 105983
229 tid 105983
Remove  tid 105983
FindTargetPageId rootid 9 tid 105983
target_page_id id: 1 tid 105983
0 1 tid 105983
726 11 tid 105983
228 tid 105983
Remove  tid 105983
FindTargetPageId rootid 9 tid 105983
target_page_id id: 1 tid 105983
0 1 tid 105983
726 11 tid 105983
227 tid 105983
Remove  tid 105983
FindTargetPageId rootid 9 tid 105982
target_page_id id: 11 tid 105982
0 1 tid 105982
726 11 tid 105982
253 tid 105982
FindTargetPageId rootid 9 tid 105984
target_page_id id: 11 tid 105984
0 1 tid 105984
726 11 tid 105984
Insert  tid 105982
253 tid 105984
Insert  tid 105984
FindTargetPageId rootid 9 tid 105984
target_page_id id: 11 tid 105984
0 1 tid 105984
726 11 tid 105984
254 tid 105984
Insert  tid 105984
FindTargetPageId rootid 9 tid 105982
target_page_id id: 12 tid 105982
0 1 tid 105982
726 11 tid 105982
853 12 tid 105982
128 tid 105982
Insert  tid 105982
FindTargetPageId rootid 9 tid 105982
target_page_id id: 12 tid 105982
0 1 tid 105982
726 11 tid 105982
853 12 tid 105982
128 tid 105982
Insert  tid 105982
FindTargetPageId rootid 9 tid 105984
target_page_id id: 12 tid 105984
0 1 tid 105984
726 11 tid 105984
853 12 tid 105984
128 tid 105984
Insert  tid 105984
FindTargetPageId rootid 9 tid 105983
target_page_id id: 1 tid 105983
0 1 tid 105983
726 11 tid 105983
853 12 tid 105983
226 tid 105983
Remove  tid 105983
FindTargetPageId rootid 9 tid 105982
target_page_id id: 12 tid 105982
0 1 tid 105982
726 11 tid 105982
853 12 tid 105982
129 tid 105982
Insert  tid 105982
FindTargetPageId rootid 9 tid 105984
target_page_id id: 12 tid 105984
0 1 tid 105984
726 11 tid 105984
853 12 tid 105984
129 tid 105984
Insert  tid 105984
FindTargetPageId rootid 9 tid 105984
target_page_id id: 12 tid 105984
0 1 tid 105984
726 11 tid 105984
853 12 tid 105984
130 tid 105984
Insert  tid 105984
FindTargetPageId rootid 9 tid 105984
target_page_id id: 12 tid 105984
0 1 tid 105984
726 11 tid 105984
853 12 tid 105984
131 tid 105984
Insert  tid 105984
FindTargetPageId rootid 9 tid 105984
target_page_id id: 12 tid 105984
0 1 tid 105984
726 11 tid 105984
853 12 tid 105984
132 tid 105984
Insert  tid 105984
FindTargetPageId rootid 9 tid 105984
target_page_id id: 12 tid 105984
0 1 tid 105984
726 11 tid 105984
853 12 tid 105984
133 tid 105984
FindTargetPageId rootid 9 tid 105982
target_page_id id: 12 tid 105982
0 1 tid 105982
726 11 tid 105982
853 12 tid 105982
134 tid 105982
Insert  tid 105984
Insert  tid 105982
FindTargetPageId rootid 9 tid 105983
target_page_id id: 1 tid 105983
0 1 tid 105983
726 11 tid 105983
853 12 tid 105983
225 tid 105983
Remove  tid 105983
FindTargetPageId rootid 9 tid 105983
target_page_id id: 1 tid 105983
0 1 tid 105983
726 11 tid 105983
853 12 tid 105983
224 tid 105983
Remove  tid 105983
FindTargetPageId rootid 9 tid 105983
target_page_id id: 1 tid 105983
0 1 tid 105983
726 11 tid 105983
853 12 tid 105983
223 tid 105983
Remove  tid 105983
FindTargetPageId rootid 9 tid 105983
target_page_id id: 1 tid 105983
0 1 tid 105983
726 11 tid 105983
853 12 tid 105983
222 tid 105983
Remove  tid 105983
FindTargetPageId rootid 9 tid 105982
target_page_id id: 12 tid 105982
0 1 tid 105982
726 11 tid 105982
853 12 tid 105982
134 tid 105982
Insert  tid 105982
FindTargetPageId rootid 9 tid 105982
target_page_id id: 12 tid 105982
0 1 tid 105982
726 11 tid 105982
853 12 tid 105982
134 tid 105982
Insert  tid 105982
FindTargetPageId rootid 9 tid 105982
target_page_id id: 12 tid 105982
0 1 tid 105982
726 11 tid 105982
853 12 tid 105982
134 tid 105982
Insert  tid 105982
FindTargetPageId rootid 9 tid 105984
target_page_id id: 12 tid 105984
0 1 tid 105984
726 11 tid 105984
853 12 tid 105984
134 tid 105984
Insert  tid 105984
FindTargetPageId rootid 9 tid 105984
target_page_id id: 12 tid 105984
0 1 tid 105984
726 11 tid 105984
853 12 tid 105984
135 tid 105984
Insert  tid 105984
FindTargetPageId rootid 9 tid 105984
target_page_id id: 12 tid 105984
0 1 tid 105984
726 11 tid 105984
853 12 tid 105984
136 tid 105984
Insert  tid 105984
FindTargetPageId rootid 9 tid 105984
target_page_id id: 12 tid 105984
0 1 tid 105984
726 11 tid 105984
853 12 tid 105984
137 tid 105984
Insert  tid 105984
FindTargetPageId rootid 9 tid 105984
target_page_id id: 12 tid 105984
0 1 tid 105984
726 11 tid 105984
853 12 tid 105984
138 tid 105984
Insert  tid 105984
FindTargetPageId rootid 9 tid 105984
target_page_id id: 12 tid 105984
0 1 tid 105984
726 11 tid 105984
853 12 tid 105984
139 tid 105984
Insert  tid 105984
FindTargetPageId rootid 9 tid 105984
target_page_id id: 12 tid 105984
0 1 tid 105984
726 11 tid 105984
853 12 tid 105984
140 tid 105984
Insert  tid 105984
FindTargetPageId rootid 9 tid 105984
target_page_id id: 12 tid 105984
0 1 tid 105984
726 11 tid 105984
853 12 tid 105984
141 tid 105984
Insert  tid 105984
FindTargetPageId rootid 9 tid 105984
target_page_id id: 12 tid 105984
0 1 tid 105984
726 11 tid 105984
853 12 tid 105984
142 tid 105984
Insert  tid 105984
FindTargetPageId rootid 9 tid 105984
target_page_id id: 12 tid 105984
0 1 tid 105984
726 11 tid 105984
853 12 tid 105984
143 tid 105984
Insert  tid 105984
FindTargetPageId rootid 9 tid 105984
target_page_id id: 12 tid 105984
0 1 tid 105984
726 11 tid 105984
853 12 tid 105984
144 tid 105984
Insert  tid 105984
FindTargetPageId rootid 9 tid 105984
target_page_id id: 12 tid 105984
0 1 tid 105984
726 11 tid 105984
853 12 tid 105984
145 tid 105984
Insert  tid 105984
FindTargetPageId rootid 9 tid 105984
target_page_id id: 12 tid 105984
0 1 tid 105984
726 11 tid 105984
853 12 tid 105984
146 tid 105984
Insert  tid 105984
FindTargetPageId rootid 9 tid 105984
target_page_id id: 12 tid 105984
0 1 tid 105984
726 11 tid 105984
853 12 tid 105984
147 tid 105984
FindTargetPageId rootid 9 tid 105982
target_page_id id: 12 tid 105982
0 1 tid 105982
726 11 tid 105982
853 12 tid 105982
148 tid 105982
Insert  tid 105982
FindTargetPageId rootid 9 tid 105982
target_page_id id: 12 tid 105982
0 1 tid 105982
726 11 tid 105982
853 12 tid 105982
148 tid 105982
Insert  tid 105982
FindTargetPageId rootid 9 tid 105982
target_page_id id: 12 tid 105982
0 1 tid 105982
726 11 tid 105982
853 12 tid 105982
148 tid 105982
Insert  tid 105982
FindTargetPageId rootid 9 tid 105982
target_page_id id: 12 tid 105982
0 1 tid 105982
726 11 tid 105982
853 12 tid 105982
148 tid 105982
Insert  tid 105982
FindTargetPageId rootid 9 tid 105982
target_page_id id: 12 tid 105982
0 1 tid 105982
726 11 tid 105982
853 12 tid 105982
148 tid 105982
Insert  tid 105982
FindTargetPageId rootid 9 tid 105982
target_page_id id: 12 tid 105982
0 1 tid 105982
726 11 tid 105982
853 12 tid 105982
148 tid 105982
Insert  tid 105982
FindTargetPageId rootid 9 tid 105982
target_page_id id: 12 tid 105982
0 1 tid 105982
726 11 tid 105982
853 12 tid 105982
148 tid 105982
Insert  tid 105982
FindTargetPageId rootid 9 tid 105982
target_page_id id: 12 tid 105982
0 1 tid 105982
726 11 tid 105982
853 12 tid 105982
148 tid 105982
Insert  tid 105982
FindTargetPageId rootid 9 tid 105982
target_page_id id: 12 tid 105982
0 1 tid 105982
726 11 tid 105982
853 12 tid 105982
148 tid 105982
Insert  tid 105982
FindTargetPageId rootid 9 tid 105982
target_page_id id: 12 tid 105982
0 1 tid 105982
726 11 tid 105982
853 12 tid 105982
148 tid 105982
Insert  tid 105982
FindTargetPageId rootid 9 tid 105982
target_page_id id: 12 tid 105982
0 1 tid 105982
726 11 tid 105982
853 12 tid 105982
148 tid 105982
Insert  tid 105982
FindTargetPageId rootid 9 tid 105982
target_page_id id: 12 tid 105982
0 1 tid 105982
726 11 tid 105982
853 12 tid 105982
148 tid 105982
Insert  tid 105982
FindTargetPageId rootid 9 tid 105982
target_page_id id: 12 tid 105982
0 1 tid 105982
726 11 tid 105982
853 12 tid 105982
148 tid 105982
Insert  tid 105982
FindTargetPageId rootid 9 tid 105982
target_page_id id: 12 tid 105982
0 1 tid 105982
726 11 tid 105982
853 12 tid 105982
148 tid 105982
Insert  tid 105982
FindTargetPageId rootid 9 tid 105982
target_page_id id: 12 tid 105982
0 1 tid 105982
726 11 tid 105982
853 12 tid 105982
148 tid 105982
Insert  tid 105982
FindTargetPageId rootid 9 tid 105982
target_page_id id: 12 tid 105982
0 1 tid 105982
726 11 tid 105982
853 12 tid 105982
148 tid 105982
Insert  tid 105982
FindTargetPageId rootid 9 tid 105982
target_page_id id: 12 tid 105982
0 1 tid 105982
726 11 tid 105982
853 12 tid 105982
148 tid 105982
Insert  tid 105982
FindTargetPageId rootid 9 tid 105983
target_page_id id: 1 tid 105983
0 1 tid 105983
726 11 tid 105983
853 12 tid 105983
221 tid 105983
Remove  tid 105983
FindTargetPageId rootid 9 tid 105982
target_page_id id: 12 tid 105982
0 1 tid 105982
726 11 tid 105982
853 12 tid 105982
148 tid 105982
Insert  tid 105982
FindTargetPageId rootid 9 tid 105983
target_page_id id: 1 tid 105983
0 1 tid 105983
726 11 tid 105983
853 12 tid 105983
220 tid 105983
Remove  tid 105983
FindTargetPageId rootid 9 tid 105983
target_page_id id: 1 tid 105983
0 1 tid 105983
726 11 tid 105983
853 12 tid 105983
219 tid 105983
Remove  tid 105983
FindTargetPageId rootid 9 tid 105982
target_page_id id: 12 tid 105982
0 1 tid 105982
726 11 tid 105982
853 12 tid 105982
148 tid 105982
Insert  tid 105982
FindTargetPageId rootid 9 tid 105982
target_page_id id: 12 tid 105982
0 1 tid 105982
726 11 tid 105982
853 12 tid 105982
148 tid 105982
Insert  tid 105982
FindTargetPageId rootid 9 tid 105983
target_page_id id: 1 tid 105983
0 1 tid 105983
726 11 tid 105983
853 12 tid 105983
218 tid 105983
Remove  tid 105983
FindTargetPageId rootid 9 tid 105983
target_page_id id: 1 tid 105983
0 1 tid 105983
726 11 tid 105983
853 12 tid 105983
217 tid 105983
Remove  tid 105983
FindTargetPageId rootid 9 tid 105983
target_page_id id: 1 tid 105983
0 1 tid 105983
726 11 tid 105983
853 12 tid 105983
216 tid 105983
Remove  tid 105983
FindTargetPageId rootid 9 tid 105983
target_page_id id: 1 tid 105983
0 1 tid 105983
726 11 tid 105983
853 12 tid 105983
215 tid 105983
Remove  tid 105983
FindTargetPageId rootid 9 tid 105983
target_page_id id: 1 tid 105983
0 1 tid 105983
726 11 tid 105983
853 12 tid 105983
214 tid 105983
Remove  tid 105983
FindTargetPageId rootid 9 tid 105983
target_page_id id: 1 tid 105983
0 1 tid 105983
726 11 tid 105983
853 12 tid 105983
213 tid 105983
Remove  tid 105983
FindTargetPageId rootid 9 tid 105983
target_page_id id: 1 tid 105983
0 1 tid 105983
726 11 tid 105983
853 12 tid 105983
212 tid 105983
Remove  tid 105983
FindTargetPageId rootid 9 tid 105983
target_page_id id: 1 tid 105983
0 1 tid 105983
726 11 tid 105983
853 12 tid 105983
211 tid 105983
Remove  tid 105983
FindTargetPageId rootid 9 tid 105983
target_page_id id: 1 tid 105983
0 1 tid 105983
726 11 tid 105983
853 12 tid 105983
210 tid 105983
Remove  tid 105983
FindTargetPageId rootid 9 tid 105983
target_page_id id: 1 tid 105983
0 1 tid 105983
726 11 tid 105983
853 12 tid 105983
209 tid 105983
Remove  tid 105983
FindTargetPageId rootid 9 tid 105983
target_page_id id: 1 tid 105983
0 1 tid 105983
726 11 tid 105983
853 12 tid 105983
208 tid 105983
Remove  tid 105983
FindTargetPageId rootid 9 tid 105983
target_page_id id: 1 tid 105983
0 1 tid 105983
726 11 tid 105983
853 12 tid 105983
207 tid 105983
Remove  tid 105983
FindTargetPageId rootid 9 tid 105983
target_page_id id: 1 tid 105983
0 1 tid 105983
726 11 tid 105983
853 12 tid 105983
206 tid 105983
Remove  tid 105983
FindTargetPageId rootid 9 tid 105982
target_page_id id: 12 tid 105982
0 1 tid 105982
726 11 tid 105982
853 12 tid 105982
148 tid 105982
Insert  tid 105982
FindTargetPageId rootid 9 tid 105982
target_page_id id: 12 tid 105982
0 1 tid 105982
726 11 tid 105982
853 12 tid 105982
148 tid 105982
Insert  tid 105982
FindTargetPageId rootid 9 tid 105983
target_page_id id: 1 tid 105983
0 1 tid 105983
726 11 tid 105983
853 12 tid 105983
205 tid 105983
Remove  tid 105983
FindTargetPageId rootid 9 tid 105983
target_page_id id: 1 tid 105983
0 1 tid 105983
726 11 tid 105983
853 12 tid 105983
204 tid 105983
Remove  tid 105983
FindTargetPageId rootid 9 tid 105983
target_page_id id: 1 tid 105983
0 1 tid 105983
726 11 tid 105983
853 12 tid 105983
203 tid 105983
Remove  tid 105983
FindTargetPageId rootid 9 tid 105983
target_page_id id: 1 tid 105983
0 1 tid 105983
726 11 tid 105983
853 12 tid 105983
202 tid 105983
Remove  tid 105983
FindTargetPageId rootid 9 tid 105983
target_page_id id: 1 tid 105983
0 1 tid 105983
726 11 tid 105983
853 12 tid 105983
201 tid 105983
Remove  tid 105983
FindTargetPageId rootid 9 tid 105983
target_page_id id: 1 tid 105983
0 1 tid 105983
726 11 tid 105983
853 12 tid 105983
200 tid 105983
Remove  tid 105983
FindTargetPageId rootid 9 tid 105983
target_page_id id: 1 tid 105983
0 1 tid 105983
726 11 tid 105983
853 12 tid 105983
199 tid 105983
Remove  tid 105983
FindTargetPageId rootid 9 tid 105983
target_page_id id: 1 tid 105983
0 1 tid 105983
726 11 tid 105983
853 12 tid 105983
198 tid 105983
Remove  tid 105983
FindTargetPageId rootid 9 tid 105983
target_page_id id: 1 tid 105983
0 1 tid 105983
726 11 tid 105983
853 12 tid 105983
197 tid 105983
Remove  tid 105983
FindTargetPageId rootid 9 tid 105983
target_page_id id: 1 tid 105983
0 1 tid 105983
726 11 tid 105983
853 12 tid 105983
196 tid 105983
Remove  tid 105983
FindTargetPageId rootid 9 tid 105983
target_page_id id: 1 tid 105983
0 1 tid 105983
726 11 tid 105983
853 12 tid 105983
195 tid 105983
Remove  tid 105983
FindTargetPageId rootid 9 tid 105983
target_page_id id: 1 tid 105983
0 1 tid 105983
726 11 tid 105983
853 12 tid 105983
194 tid 105983
Remove  tid 105983
FindTargetPageId rootid 9 tid 105983
target_page_id id: 1 tid 105983
0 1 tid 105983
726 11 tid 105983
853 12 tid 105983
193 tid 105983
Remove  tid 105983
FindTargetPageId rootid 9 tid 105983
target_page_id id: 1 tid 105983
0 1 tid 105983
726 11 tid 105983
853 12 tid 105983
192 tid 105983
Remove  tid 105983
FindTargetPageId rootid 9 tid 105983
target_page_id id: 1 tid 105983
0 1 tid 105983
726 11 tid 105983
853 12 tid 105983
191 tid 105983
Remove  tid 105983
FindTargetPageId rootid 9 tid 105983
target_page_id id: 1 tid 105983
0 1 tid 105983
726 11 tid 105983
853 12 tid 105983
190 tid 105983
Remove  tid 105983
FindTargetPageId rootid 9 tid 105983
target_page_id id: 1 tid 105983
0 1 tid 105983
726 11 tid 105983
853 12 tid 105983
189 tid 105983
Remove  tid 105983
FindTargetPageId rootid 9 tid 105983
target_page_id id: 1 tid 105983
0 1 tid 105983
726 11 tid 105983
853 12 tid 105983
188 tid 105983
Remove  tid 105983
FindTargetPageId rootid 9 tid 105983
target_page_id id: 1 tid 105983
0 1 tid 105983
726 11 tid 105983
853 12 tid 105983
187 tid 105983
Remove  tid 105983
FindTargetPageId rootid 9 tid 105983
target_page_id id: 1 tid 105983
0 1 tid 105983
726 11 tid 105983
853 12 tid 105983
186 tid 105983
Remove  tid 105983
FindTargetPageId rootid 9 tid 105983
target_page_id id: 1 tid 105983
0 1 tid 105983
726 11 tid 105983
853 12 tid 105983
185 tid 105983
Remove  tid 105983
FindTargetPageId rootid 9 tid 105983
target_page_id id: 1 tid 105983
0 1 tid 105983
726 11 tid 105983
853 12 tid 105983
184 tid 105983
Remove  tid 105983
FindTargetPageId rootid 9 tid 105983
target_page_id id: 1 tid 105983
0 1 tid 105983
726 11 tid 105983
853 12 tid 105983
183 tid 105983
Remove  tid 105983
FindTargetPageId rootid 9 tid 105983
target_page_id id: 1 tid 105983
0 1 tid 105983
726 11 tid 105983
853 12 tid 105983
182 tid 105983
Remove  tid 105983
FindTargetPageId rootid 9 tid 105983
target_page_id id: 1 tid 105983
0 1 tid 105983
726 11 tid 105983
853 12 tid 105983
181 tid 105983
Remove  tid 105983
FindTargetPageId rootid 9 tid 105983
target_page_id id: 1 tid 105983
0 1 tid 105983
726 11 tid 105983
853 12 tid 105983
180 tid 105983
Remove  tid 105983
FindTargetPageId rootid 9 tid 105983
target_page_id id: 1 tid 105983
0 1 tid 105983
726 11 tid 105983
853 12 tid 105983
179 tid 105983
Remove  tid 105983
FindTargetPageId rootid 9 tid 105983
target_page_id id: 1 tid 105983
0 1 tid 105983
726 11 tid 105983
853 12 tid 105983
178 tid 105983
Remove  tid 105983
FindTargetPageId rootid 9 tid 105983
target_page_id id: 1 tid 105983
0 1 tid 105983
726 11 tid 105983
853 12 tid 105983
177 tid 105983
Remove  tid 105983
FindTargetPageId rootid 9 tid 105983
target_page_id id: 1 tid 105983
0 1 tid 105983
726 11 tid 105983
853 12 tid 105983
176 tid 105983
Remove  tid 105983
FindTargetPageId rootid 9 tid 105983
target_page_id id: 1 tid 105983
0 1 tid 105983
726 11 tid 105983
853 12 tid 105983
175 tid 105983
Remove  tid 105983
FindTargetPageId rootid 9 tid 105983
target_page_id id: 1 tid 105983
0 1 tid 105983
726 11 tid 105983
853 12 tid 105983
174 tid 105983
Remove  tid 105983
FindTargetPageId rootid 9 tid 105983
target_page_id id: 1 tid 105983
0 1 tid 105983
726 11 tid 105983
853 12 tid 105983
173 tid 105983
Remove  tid 105983
FindTargetPageId rootid 9 tid 105983
target_page_id id: 1 tid 105983
0 1 tid 105983
726 11 tid 105983
853 12 tid 105983
172 tid 105983
Remove  tid 105983
FindTargetPageId rootid 9 tid 105983
target_page_id id: 1 tid 105983
0 1 tid 105983
726 11 tid 105983
853 12 tid 105983
171 tid 105983
Remove  tid 105983
FindTargetPageId rootid 9 tid 105983
target_page_id id: 1 tid 105983
0 1 tid 105983
726 11 tid 105983
853 12 tid 105983
170 tid 105983
Remove  tid 105983
FindTargetPageId rootid 9 tid 105983
target_page_id id: 1 tid 105983
0 1 tid 105983
726 11 tid 105983
853 12 tid 105983
169 tid 105983
Remove  tid 105983
FindTargetPageId rootid 9 tid 105983
target_page_id id: 1 tid 105983
0 1 tid 105983
726 11 tid 105983
853 12 tid 105983
168 tid 105983
Remove  tid 105983
FindTargetPageId rootid 9 tid 105983
target_page_id id: 1 tid 105983
0 1 tid 105983
726 11 tid 105983
853 12 tid 105983
167 tid 105983
Remove  tid 105983
FindTargetPageId rootid 9 tid 105983
target_page_id id: 1 tid 105983
0 1 tid 105983
726 11 tid 105983
853 12 tid 105983
166 tid 105983
Remove  tid 105983
FindTargetPageId rootid 9 tid 105983
target_page_id id: 1 tid 105983
0 1 tid 105983
726 11 tid 105983
853 12 tid 105983
165 tid 105983
Remove  tid 105983
FindTargetPageId rootid 9 tid 105983
target_page_id id: 1 tid 105983
0 1 tid 105983
726 11 tid 105983
853 12 tid 105983
164 tid 105983
Remove  tid 105983
FindTargetPageId rootid 9 tid 105983
target_page_id id: 1 tid 105983
0 1 tid 105983
726 11 tid 105983
853 12 tid 105983
163 tid 105983
Remove  tid 105983
FindTargetPageId rootid 9 tid 105983
target_page_id id: 1 tid 105983
0 1 tid 105983
726 11 tid 105983
853 12 tid 105983
162 tid 105983
Remove  tid 105983
FindTargetPageId rootid 9 tid 105983
target_page_id id: 1 tid 105983
0 1 tid 105983
726 11 tid 105983
853 12 tid 105983
161 tid 105983
Remove  tid 105983
FindTargetPageId rootid 9 tid 105983
target_page_id id: 1 tid 105983
0 1 tid 105983
726 11 tid 105983
853 12 tid 105983
160 tid 105983
Remove  tid 105983
FindTargetPageId rootid 9 tid 105983
target_page_id id: 1 tid 105983
0 1 tid 105983
726 11 tid 105983
853 12 tid 105983
159 tid 105983
Remove  tid 105983
FindTargetPageId rootid 9 tid 105983
target_page_id id: 1 tid 105983
0 1 tid 105983
726 11 tid 105983
853 12 tid 105983
158 tid 105983
Remove  tid 105983
FindTargetPageId rootid 9 tid 105983
target_page_id id: 1 tid 105983
0 1 tid 105983
726 11 tid 105983
853 12 tid 105983
157 tid 105983
Remove  tid 105983
FindTargetPageId rootid 9 tid 105983
target_page_id id: 1 tid 105983
0 1 tid 105983
726 11 tid 105983
853 12 tid 105983
156 tid 105983
Remove  tid 105983
FindTargetPageId rootid 9 tid 105983
target_page_id id: 1 tid 105983
0 1 tid 105983
726 11 tid 105983
853 12 tid 105983
155 tid 105983
Remove  tid 105983
FindTargetPageId rootid 9 tid 105983
target_page_id id: 1 tid 105983
0 1 tid 105983
726 11 tid 105983
853 12 tid 105983
154 tid 105983
Remove  tid 105983
FindTargetPageId rootid 9 tid 105983
target_page_id id: 11 tid 105983
0 1 tid 105983
726 11 tid 105983
853 12 tid 105983
127 tid 105983
Remove  tid 105983
FindTargetPageId rootid 9 tid 105983
target_page_id id: 11 tid 105983
0 1 tid 105983
725 11 tid 105983
853 12 tid 105983
127 tid 105983
Remove  tid 105983
FindTargetPageId rootid 9 tid 105983
target_page_id id: 11 tid 105983
0 1 tid 105983
720 11 tid 105983
853 12 tid 105983
127 tid 105983
Remove  tid 105983
FindTargetPageId rootid 9 tid 105983
target_page_id id: 11 tid 105983
0 1 tid 105983
715 11 tid 105983
853 12 tid 105983
127 tid 105983
Remove  tid 105983
FindTargetPageId rootid 9 tid 105983
target_page_id id: 11 tid 105983
0 1 tid 105983
710 11 tid 105983
853 12 tid 105983
127 tid 105983
Remove  tid 105983
FindTargetPageId rootid 9 tid 105983
target_page_id id: 11 tid 105983
0 1 tid 105983
705 11 tid 105983
853 12 tid 105983
127 tid 105983
Remove  tid 105983
FindTargetPageId rootid 9 tid 105983
target_page_id id: 11 tid 105983
0 1 tid 105983
700 11 tid 105983
853 12 tid 105983
127 tid 105983
Remove  tid 105983
FindTargetPageId rootid 9 tid 105983
target_page_id id: 11 tid 105983
0 1 tid 105983
695 11 tid 105983
853 12 tid 105983
127 tid 105983
Remove  tid 105983
FindTargetPageId rootid 9 tid 105983
target_page_id id: 11 tid 105983
0 1 tid 105983
690 11 tid 105983
853 12 tid 105983
127 tid 105983
Remove  tid 105983
FindTargetPageId rootid 9 tid 105983
target_page_id id: 11 tid 105983
0 1 tid 105983
685 11 tid 105983
853 12 tid 105983
127 tid 105983
Remove  tid 105983
FindTargetPageId rootid 9 tid 105983
target_page_id id: 11 tid 105983
0 1 tid 105983
680 11 tid 105983
853 12 tid 105983
127 tid 105983
Remove  tid 105983
FindTargetPageId rootid 9 tid 105983
target_page_id id: 11 tid 105983
0 1 tid 105983
675 11 tid 105983
853 12 tid 105983
127 tid 105983
Remove  tid 105983
FindTargetPageId rootid 9 tid 105983
target_page_id id: 11 tid 105983
0 1 tid 105983
670 11 tid 105983
853 12 tid 105983
127 tid 105983
Remove  tid 105983
FindTargetPageId rootid 9 tid 105983
target_page_id id: 11 tid 105983
0 1 tid 105983
665 11 tid 105983
853 12 tid 105983
127 tid 105983
Remove  tid 105983
FindTargetPageId rootid 9 tid 105983
target_page_id id: 11 tid 105983
0 1 tid 105983
660 11 tid 105983
853 12 tid 105983
127 tid 105983
Remove  tid 105983
FindTargetPageId rootid 9 tid 105983
target_page_id id: 11 tid 105983
0 1 tid 105983
655 11 tid 105983
853 12 tid 105983
127 tid 105983
Remove  tid 105983
FindTargetPageId rootid 9 tid 105983
target_page_id id: 11 tid 105983
0 1 tid 105983
650 11 tid 105983
853 12 tid 105983
127 tid 105983
Remove  tid 105983
FindTargetPageId rootid 9 tid 105983
target_page_id id: 11 tid 105983
0 1 tid 105983
645 11 tid 105983
853 12 tid 105983
127 tid 105983
Remove  tid 105983
FindTargetPageId rootid 9 tid 105983
target_page_id id: 11 tid 105983
0 1 tid 105983
640 11 tid 105983
853 12 tid 105983
127 tid 105983
Remove  tid 105983
FindTargetPageId rootid 9 tid 105983
target_page_id id: 11 tid 105983
0 1 tid 105983
635 11 tid 105983
853 12 tid 105983
127 tid 105983
Remove  tid 105983
FindTargetPageId rootid 9 tid 105983
target_page_id id: 11 tid 105983
0 1 tid 105983
630 11 tid 105983
853 12 tid 105983
127 tid 105983
Remove  tid 105983
FindTargetPageId rootid 9 tid 105983
target_page_id id: 11 tid 105983
0 1 tid 105983
625 11 tid 105983
853 12 tid 105983
127 tid 105983
Remove  tid 105983
FindTargetPageId rootid 9 tid 105983
target_page_id id: 11 tid 105983
0 1 tid 105983
620 11 tid 105983
853 12 tid 105983
127 tid 105983
Remove  tid 105983
FindTargetPageId rootid 9 tid 105983
target_page_id id: 11 tid 105983
0 1 tid 105983
615 11 tid 105983
853 12 tid 105983
127 tid 105983
Remove  tid 105983
FindTargetPageId rootid 9 tid 105983
target_page_id id: 11 tid 105983
0 1 tid 105983
610 11 tid 105983
853 12 tid 105983
127 tid 105983
Remove  tid 105983
FindTargetPageId rootid 9 tid 105983
target_page_id id: 11 tid 105983
0 1 tid 105983
605 11 tid 105983
853 12 tid 105983
127 tid 105983
Remove  tid 105983
FindTargetPageId rootid 9 tid 105983
target_page_id id: 1 tid 105983
0 1 tid 105983
853 12 tid 105983
254 tid 105983
Remove FindTargetPageId rootid  tid 9 tid 105983105982

target_page_id id: 12 tid 105982
0 1 tid 105982
853 12 tid 105982
148 tid 105982
Insert  tid 105982
FindTargetPageId rootid 9 tid 105982
target_page_id id: 12 tid 105982
0 1 tid 105982
853 12 tid 105982
148 tid 105982
Insert  tid 105982
FindTargetPageId rootid 9 tid 105983
target_page_id id: 1 tid 105983
0 1 tid 105983
853 12 tid 105983
253 tid 105983
Remove  tid 105983
FindTargetPageId rootid 9 tid 105982
target_page_id id: 12 tid 105982
0 1 tid 105982
853 12 tid 105982
148 tid 105982
Insert  tid 105982
FindTargetPageId rootid 9 tid 105983
target_page_id id: 1 tid 105983
0 1 tid 105983
853 12 tid 105983
252 tid 105983
Remove  tid 105983
FindTargetPageId rootid 9 tid 105982
target_page_id id: 12 tid 105982
0 1 tid 105982
853 12 tid 105982
148 tid 105982
Insert  tid 105982
FindTargetPageId rootid 9 tid 105983
target_page_id id: 1 tid 105983
0 1 tid 105983
853 12 tid 105983
251 tid 105983
FindTargetPageId rootid 9 tid 105982
target_page_id id: 12 tid 105982
0 1 tid 105982
853 12 tid 105982
Remove  tid 105983
148 tid 105982
FindTargetPageId rootid 9 tid 105983
target_page_id id: 1 tid 105983
0 1 tid 105983
853 12 tid 105983
250 tid 105983
Remove  tid 105983
FindTargetPageId rootid 9 tid 105983
target_page_id id: 1 tid 105983
0 1 tid 105983
853 12 tid 105983
249 tid 105983
Remove  tid 105983
FindTargetPageId rootid 9 tid 105983
target_page_id id: 1 tid 105983
0 1 tid 105983
853 12 tid 105983
248 tid 105983
Remove  tid 105983
FindTargetPageId rootid 9 tid 105983
target_page_id id: 1 tid 105983
0 1 tid 105983
853 12 tid 105983
247 tid 105983
Remove  tid 105983
FindTargetPageId rootid 9 tid 105983
target_page_id id: 1 tid 105983
0 1 tid 105983
853 12 tid 105983
246 tid 105983
Remove  tid 105983
FindTargetPageId rootid 9 tid 105983
target_page_id id: 1 tid 105983
0 1 tid 105983
853 12 tid 105983
245 tid 105983
Remove  tid 105983
FindTargetPageId rootid 9 tid 105983
target_page_id id: 1 tid 105983
0 1 tid 105983
853 12 tid 105983
244 tid 105983
Remove  tid 105983
FindTargetPageId rootid 9 tid 105983
target_page_id id: 1 tid 105983
0 1 tid 105983
853 12 tid 105983
243 tid 105983
Remove  tid 105983
FindTargetPageId rootid 9 tid 105983
target_page_id id: 1 tid 105983
0 1 tid 105983
853 12 tid 105983
242 tid 105983
Remove  tid 105983
FindTargetPageId rootid 9 tid 105983
target_page_id id: 1 tid 105983
0 1 tid 105983
853 12 tid 105983
241 tid 105983
Remove  tid 105983
FindTargetPageId rootid 9 tid 105983
target_page_id id: 1 tid 105983
0 1 tid 105983
853 12 tid 105983
240 tid 105983
Remove  tid 105983
FindTargetPageId rootid 9 tid 105983
target_page_id id: 1 tid 105983
0 1 tid 105983
853 12 tid 105983
239 tid 105983
Remove  tid 105983
FindTargetPageId rootid 9 tid 105983
target_page_id id: 1 tid 105983
0 1 tid 105983
853 12 tid 105983
238 tid 105983
Remove  tid 105983
FindTargetPageId rootid 9 tid 105983
target_page_id id: 1 tid 105983
0 1 tid 105983
853 12 tid 105983
237 tid 105983
Remove  tid 105983
FindTargetPageId rootid 9 tid 105983
target_page_id id: 1 tid 105983
0 1 tid 105983
853 12 tid 105983
236 tid 105983
Remove  tid 105983
FindTargetPageId rootid 9 tid 105983
target_page_id id: 1 tid 105983
0 1 tid 105983
853 12 tid 105983
235 tid 105983
Remove  tid 105983
FindTargetPageId rootid 9 tid 105983
target_page_id id: 1 tid 105983
0 1 tid 105983
853 12 tid 105983
234 tid 105983
Remove  tid 105983
FindTargetPageId rootid 9 tid 105983
target_page_id id: 1 tid 105983
0 1 tid 105983
853 12 tid 105983
233 tid 105983
Remove  tid 105983
FindTargetPageId rootid 9 tid 105983
target_page_id id: 1 tid 105983
0 1 tid 105983
853 12 tid 105983
232 tid 105983
Remove  tid 105983
FindTargetPageId rootid 9 tid 105983
target_page_id id: 1 tid 105983
0 1 tid 105983
853 12 tid 105983
231 tid 105983
Remove  tid 105983
FindTargetPageId rootid 9 tid 105983
target_page_id id: 1 tid 105983
0 1 tid 105983
853 12 tid 105983
230 tid 105983
Remove  tid 105983
FindTargetPageId rootid 9 tid 105983
target_page_id id: 1 tid 105983
0 1 tid 105983
853 12 tid 105983
229 tid 105983
Remove  tid 105983
FindTargetPageId rootid 9 tid 105983
target_page_id id: 1 tid 105983
0 1 tid 105983
853 12 tid 105983
228 tid 105983
Remove  tid 105983
FindTargetPageId rootid 9 tid 105983
target_page_id id: 1 tid 105983
0 1 tid 105983
853 12 tid 105983
227 tid 105983
Remove  tid 105983
FindTargetPageId rootid 9 tid 105983
target_page_id id: 1 tid 105983
0 1 tid 105983
853 12 tid 105983
226 tid 105983
Remove  tid 105983
FindTargetPageId rootid 9 tid 105983
target_page_id id: 1 tid 105983
0 1 tid 105983
853 12 tid 105983
225 tid 105983
Remove  tid 105983
FindTargetPageId rootid 9 tid 105983
target_page_id id: 1 tid 105983
0 1 tid 105983
853 12 tid 105983
224 tid 105983
Remove  tid 105983
FindTargetPageId rootid 9 tid 105983
target_page_id id: 1 tid 105983
0 1 tid 105983
853 12 tid 105983
223 tid 105983
Remove  tid 105983
FindTargetPageId rootid 9 tid 105983
target_page_id id: 1 tid 105983
0 1 tid 105983
853 12 tid 105983
222 tid 105983
Remove  tid 105983
FindTargetPageId rootid 9 tid 105983
target_page_id id: 1 tid 105983
0 1 tid 105983
853 12 tid 105983
221 tid 105983
Remove  tid 105983
FindTargetPageId rootid 9 tid 105983
target_page_id id: 1 tid 105983
0 1 tid 105983
853 12 tid 105983
220 tid 105983
Remove  tid 105983
FindTargetPageId rootid 9 tid 105983
target_page_id id: 1 tid 105983
0 1 tid 105983
853 12 tid 105983
219 tid 105983
Remove  tid 105983
FindTargetPageId rootid 9 tid 105983
target_page_id id: 1 tid 105983
0 1 tid 105983
853 12 tid 105983
218 tid 105983
Remove  tid 105983
FindTargetPageId rootid 9 tid 105983
target_page_id id: 1 tid 105983
0 1 tid 105983
853 12 tid 105983
217 tid 105983
Remove  tid 105983
FindTargetPageId rootid 9 tid 105983
target_page_id id: 1 tid 105983
0 1 tid 105983
853 12 tid 105983
216 tid 105983
Remove  tid 105983
FindTargetPageId rootid 9 tid 105983
target_page_id id: 1 tid 105983
0 1 tid 105983
853 12 tid 105983
215 tid 105983
Remove  tid 105983
FindTargetPageId rootid 9 tid 105983
target_page_id id: 1 tid 105983
0 1 tid 105983
853 12 tid 105983
214 tid 105983
Remove  tid 105983
FindTargetPageId rootid 9 tid 105983
target_page_id id: 1 tid 105983
0 1 tid 105983
853 12 tid 105983
213 tid 105983
Remove  tid 105983
FindTargetPageId rootid 9 tid 105983
target_page_id id: 1 tid 105983
0 1 tid 105983
853 12 tid 105983
212 tid 105983
Remove  tid 105983
FindTargetPageId rootid 9 tid 105983
target_page_id id: 1 tid 105983
0 1 tid 105983
853 12 tid 105983
211 tid 105983
Remove  tid 105983
FindTargetPageId rootid 9 tid 105983
target_page_id id: 1 tid 105983
0 1 tid 105983
853 12 tid 105983
210 tid 105983
Remove  tid 105983
FindTargetPageId rootid 9 tid 105983
target_page_id id: 1 tid 105983
0 1 tid 105983
853 12 tid 105983
209 tid 105983
Remove  tid 105983
FindTargetPageId rootid 9 tid 105983
target_page_id id: 1 tid 105983
0 1 tid 105983
853 12 tid 105983
208 tid 105983
Remove  tid 105983
FindTargetPageId rootid 9 tid 105983
target_page_id id: 1 tid 105983
0 1 tid 105983
853 12 tid 105983
207 tid 105983
Remove  tid 105983
FindTargetPageId rootid 9 tid 105983
target_page_id id: 1 tid 105983
0 1 tid 105983
853 12 tid 105983
206 tid 105983
Remove  tid 105983
FindTargetPageId rootid 9 tid 105983
target_page_id id: 1 tid 105983
0 1 tid 105983
853 12 tid 105983
205 tid 105983
Remove  tid 105983
FindTargetPageId rootid 9 tid 105983
target_page_id id: 1 tid 105983
0 1 tid 105983
853 12 tid 105983
204 tid 105983
Remove  tid 105983
FindTargetPageId rootid 9 tid 105983
target_page_id id: 1 tid 105983
0 1 tid 105983
853 12 tid 105983
203 tid 105983
Remove  tid 105983
FindTargetPageId rootid 9 tid 105983
target_page_id id: 1 tid 105983
0 1 tid 105983
853 12 tid 105983
202 tid 105983
Remove  tid 105983
FindTargetPageId rootid 9 tid 105983
target_page_id id: 1 tid 105983
0 1 tid 105983
853 12 tid 105983
201 tid 105983
Remove  tid 105983
FindTargetPageId rootid 9 tid 105983
target_page_id id: 1 tid 105983
0 1 tid 105983
853 12 tid 105983
200 tid 105983
Remove  tid 105983
FindTargetPageId rootid 9 tid 105983
target_page_id id: 1 tid 105983
0 1 tid 105983
853 12 tid 105983
199 tid 105983
Remove  tid 105983
FindTargetPageId rootid 9 tid 105983
target_page_id id: 1 tid 105983
0 1 tid 105983
853 12 tid 105983
198 tid 105983
Remove  tid 105983
FindTargetPageId rootid 9 tid 105983
target_page_id id: 1 tid 105983
0 1 tid 105983
853 12 tid 105983
197 tid 105983
Remove  tid 105983
FindTargetPageId rootid 9 tid 105983
target_page_id id: 1 tid 105983
0 1 tid 105983
853 12 tid 105983
196 tid 105983
Remove  tid 105983
FindTargetPageId rootid 9 tid 105983
target_page_id id: 1 tid 105983
0 1 tid 105983
853 12 tid 105983
195 tid 105983
Remove  tid 105983
FindTargetPageId rootid 9 tid 105983
target_page_id id: 1 tid 105983
0 1 tid 105983
853 12 tid 105983
194 tid 105983
Remove  tid 105983
FindTargetPageId rootid 9 tid 105983
target_page_id id: 1 tid 105983
0 1 tid 105983
853 12 tid 105983
193 tid 105983
Remove  tid 105983
FindTargetPageId rootid 9 tid 105983
target_page_id id: 1 tid 105983
0 1 tid 105983
853 12 tid 105983
192 tid 105983
Remove  tid 105983
FindTargetPageId rootid 9 tid 105983
target_page_id id: 1 tid 105983
0 1 tid 105983
853 12 tid 105983
191 tid 105983
Remove  tid 105983
FindTargetPageId rootid 9 tid 105983
target_page_id id: 1 tid 105983
0 1 tid 105983
853 12 tid 105983
190 tid 105983
Remove  tid 105983
FindTargetPageId rootid 9 tid 105983
target_page_id id: 1 tid 105983
0 1 tid 105983
853 12 tid 105983
189 tid 105983
Remove  tid 105983
FindTargetPageId rootid 9 tid 105983
target_page_id id: 1 tid 105983
0 1 tid 105983
853 12 tid 105983
188 tid 105983
Remove  tid 105983
FindTargetPageId rootid 9 tid 105983
target_page_id id: 1 tid 105983
0 1 tid 105983
853 12 tid 105983
187 tid 105983
Remove  tid 105983
FindTargetPageId rootid 9 tid 105983
target_page_id id: 1 tid 105983
0 1 tid 105983
853 12 tid 105983
186 tid 105983
Remove  tid 105983
FindTargetPageId rootid 9 tid 105983
target_page_id id: 1 tid 105983
0 1 tid 105983
853 12 tid 105983
185 tid 105983
Remove  tid 105983
FindTargetPageId rootid 9 tid 105983
target_page_id id: 1 tid 105983
0 1 tid 105983
853 12 tid 105983
184 tid 105983
Remove  tid 105983
FindTargetPageId rootid 9 tid 105983
target_page_id id: 1 tid 105983
0 1 tid 105983
853 12 tid 105983
183 tid 105983
Remove  tid 105983
FindTargetPageId rootid 9 tid 105983
target_page_id id: 1 tid 105983
0 1 tid 105983
853 12 tid 105983
182 tid 105983
Remove  tid 105983
FindTargetPageId rootid 9 tid 105983
target_page_id id: 1 tid 105983
0 1 tid 105983
853 12 tid 105983
181 tid 105983
Remove  tid 105983
FindTargetPageId rootid 9 tid 105983
target_page_id id: 1 tid 105983
0 1 tid 105983
853 12 tid 105983
180 tid 105983
Remove  tid 105983
FindTargetPageId rootid 9 tid 105983
target_page_id id: 1 tid 105983
0 1 tid 105983
853 12 tid 105983
179 tid 105983
Remove  tid 105983
FindTargetPageId rootid 9 tid 105983
target_page_id id: 12 tid 105983
0 1 tid 105983
853 12 tid 105983
148 tid 105983
Remove  tid 105983
FindTargetPageId rootid 9 tid 105983
target_page_id id: 12 tid 105983
0 1 tid 105983
853 12 tid 105983
147 tid 105983
Remove  tid 105983
FindTargetPageId rootid 9 tid 105983
target_page_id id: 12 tid 105983
0 1 tid 105983
853 12 tid 105983
146 tid 105983
Remove  tid 105983
FindTargetPageId rootid 9 tid 105983
target_page_id id: 12 tid 105983
0 1 tid 105983
853 12 tid 105983
145 tid 105983
Remove  tid 105983
FindTargetPageId rootid 9 tid 105983
target_page_id id: 12 tid 105983
0 1 tid 105983
853 12 tid 105983
144 tid 105983
Remove  tid 105983
FindTargetPageId rootid 9 tid 105983
target_page_id id: 12 tid 105983
0 1 tid 105983
853 12 tid 105983
143 tid 105983
Remove  tid 105983
FindTargetPageId rootid 9 tid 105983
target_page_id id: 12 tid 105983
0 1 tid 105983
853 12 tid 105983
142 tid 105983
Remove  tid 105983
FindTargetPageId rootid 9 tid 105983
target_page_id id: 12 tid 105983
0 1 tid 105983
853 12 tid 105983
141 tid 105983
Remove  tid 105983
FindTargetPageId rootid 9 tid 105983
target_page_id id: 12 tid 105983
0 1 tid 105983
853 12 tid 105983
140 tid 105983
Remove  tid 105983
FindTargetPageId rootid 9 tid 105983
target_page_id id: 12 tid 105983
0 1 tid 105983
853 12 tid 105983
139 tid 105983
Remove  tid 105983
FindTargetPageId rootid 9 tid 105983
target_page_id id: 12 tid 105983
0 1 tid 105983
853 12 tid 105983
138 tid 105983
Remove  tid 105983
FindTargetPageId rootid 9 tid 105983
target_page_id id: 12 tid 105983
0 1 tid 105983
853 12 tid 105983
137 tid 105983
Remove  tid 105983
FindTargetPageId rootid 9 tid 105983
target_page_id id: 12 tid 105983
0 1 tid 105983
853 12 tid 105983
136 tid 105983
Remove  tid 105983
FindTargetPageId rootid 9 tid 105983
target_page_id id: 12 tid 105983
0 1 tid 105983
853 12 tid 105983
135 tid 105983
Remove  tid 105983
FindTargetPageId rootid 9 tid 105983
target_page_id id: 12 tid 105983
0 1 tid 105983
853 12 tid 105983
134 tid 105983
Remove  tid 105983
FindTargetPageId rootid 9 tid 105983
target_page_id id: 12 tid 105983
0 1 tid 105983
853 12 tid 105983
133 tid 105983
Remove  tid 105983
FindTargetPageId rootid 9 tid 105983
target_page_id id: 12 tid 105983
0 1 tid 105983
853 12 tid 105983
132 tid 105983
Remove  tid 105983
FindTargetPageId rootid 9 tid 105983
target_page_id id: 12 tid 105983
0 1 tid 105983
853 12 tid 105983
131 tid 105983
Remove  tid 105983
FindTargetPageId rootid 9 tid 105983
target_page_id id: 12 tid 105983
0 1 tid 105983
853 12 tid 105983
130 tid 105983
Remove  tid 105983
FindTargetPageId rootid 9 tid 105983
target_page_id id: 12 tid 105983
0 1 tid 105983
853 12 tid 105983
129 tid 105983
Remove  tid 105983
FindTargetPageId rootid 9 tid 105983
target_page_id id: 12 tid 105983
0 1 tid 105983
853 12 tid 105983
128 tid 105983
Remove  tid 105983
FindTargetPageId rootid 9 tid 105983
target_page_id id: 12 tid 105983
0 1 tid 105983
853 12 tid 105983
127 tid 105983
Remove  tid 105983
FindTargetPageId rootid 9 tid 105983
target_page_id id: 12 tid 105983
0 1 tid 105983
850 12 tid 105983
127 tid 105983
Remove  tid 105983
FindTargetPageId rootid 9 tid 105983
target_page_id id: 12 tid 105983
0 1 tid 105983
845 12 tid 105983
127 tid 105983
Remove  tid 105983
FindTargetPageId rootid 9 tid 105983
target_page_id id: 12 tid 105983
0 1 tid 105983
840 12 tid 105983
127 tid 105983
Remove  tid 105983
FindTargetPageId rootid 9 tid 105983
target_page_id id: 12 tid 105983
0 1 tid 105983
835 12 tid 105983
127 tid 105983
Remove  tid 105983
FindTargetPageId rootid 9 tid 105983
target_page_id id: 12 tid 105983
0 1 tid 105983
830 12 tid 105983
127 tid 105983
Remove  tid 105983
FindTargetPageId rootid 9 tid 105983
target_page_id id: 12 tid 105983
0 1 tid 105983
825 12 tid 105983
127 tid 105983
Remove  tid 105983
FindTargetPageId rootid 9 tid 105983
target_page_id id: 12 tid 105983
0 1 tid 105983
820 12 tid 105983
127 tid 105983
Remove  tid 105983
FindTargetPageId rootid 9 tid 105983
target_page_id id: 12 tid 105983
0 1 tid 105983
815 12 tid 105983
127 tid 105983
Remove  tid 105983
FindTargetPageId rootid 9 tid 105983
target_page_id id: 12 tid 105983
0 1 tid 105983
810 12 tid 105983
127 tid 105983
Remove  tid 105983
FindTargetPageId rootid 9 tid 105983
target_page_id id: 12 tid 105983
0 1 tid 105983
805 12 tid 105983
127 tid 105983
Remove  tid 105983
FindTargetPageId rootid 9 tid 105983
target_page_id id: 12 tid 105983
0 1 tid 105983
800 12 tid 105983
127 tid 105983
Remove  tid 105983
FindTargetPageId rootid 9 tid 105983
target_page_id id: 12 tid 105983
0 1 tid 105983
795 12 tid 105983
127 tid 105983
Remove  tid 105983
FindTargetPageId rootid 9 tid 105983
target_page_id id: 12 tid 105983
0 1 tid 105983
790 12 tid 105983
127 tid 105983
Remove  tid 105983
FindTargetPageId rootid 9 tid 105983
target_page_id id: 12 tid 105983
0 1 tid 105983
785 12 tid 105983
127 tid 105983
Remove  tid 105983
FindTargetPageId rootid 9 tid 105983
target_page_id id: 12 tid 105983
0 1 tid 105983
780 12 tid 105983
127 tid 105983
Remove  tid 105983
FindTargetPageId rootid 9 tid 105983
target_page_id id: 12 tid 105983
0 1 tid 105983
775 12 tid 105983
127 tid 105983
Remove  tid 105983
FindTargetPageId rootid 9 tid 105983
target_page_id id: 12 tid 105983
0 1 tid 105983
770 12 tid 105983
127 tid 105983
Remove  tid 105983
FindTargetPageId rootid 9 tid 105983
target_page_id id: 12 tid 105983
0 1 tid 105983
765 12 tid 105983
127 tid 105983
Remove  tid 105983
FindTargetPageId rootid 9 tid 105983
target_page_id id: 12 tid 105983
0 1 tid 105983
760 12 tid 105983
127 tid 105983
Remove  tid 105983
FindTargetPageId rootid 9 tid 105983
target_page_id id: 12 tid 105983
0 1 tid 105983
755 12 tid 105983
127 tid 105983
Remove  tid 105983
FindTargetPageId rootid 9 tid 105983
target_page_id id: 12 tid 105983
0 1 tid 105983
750 12 tid 105983
127 tid 105983
Remove  tid 105983
FindTargetPageId rootid 9 tid 105983
target_page_id id: 12 tid 105983
0 1 tid 105983
745 12 tid 105983
127 tid 105983
Remove  tid 105983
FindTargetPageId rootid 9 tid 105983
target_page_id id: 12 tid 105983
0 1 tid 105983
740 12 tid 105983
127 tid 105983
Remove  tid 105983
FindTargetPageId rootid 9 tid 105983
target_page_id id: 12 tid 105983
0 1 tid 105983
735 12 tid 105983
127 tid 105983
Remove  tid 105983
FindTargetPageId rootid 9 tid 105983
target_page_id id: 12 tid 105983
0 1 tid 105983
730 12 tid 105983
127 tid 105983
Remove  tid 105983
FindTargetPageId rootid 9 tid 105983
target_page_id id: 12 tid 105983
0 1 tid 105983
725 12 tid 105983
127 tid 105983
Remove  tid 105983
FindTargetPageId rootid 9 tid 105983
target_page_id id: 12 tid 105983
0 1 tid 105983
720 12 tid 105983
127 tid 105983
Remove  tid 105983
FindTargetPageId rootid 9 tid 105983
target_page_id id: 12 tid 105983
0 1 tid 105983
715 12 tid 105983
127 tid 105983
Remove  tid 105983
FindTargetPageId rootid 9 tid 105983
target_page_id id: 12 tid 105983
0 1 tid 105983
710 12 tid 105983
127 tid 105983
Remove  tid 105983
FindTargetPageId rootid 9 tid 105983
target_page_id id: 12 tid 105983
0 1 tid 105983
705 12 tid 105983
127 tid 105983
Remove  tid 105983
FindTargetPageId rootid 9 tid 105983
target_page_id id: 12 tid 105983
0 1 tid 105983
700 12 tid 105983
127 tid 105983
Remove  tid 105983
FindTargetPageId rootid 9 tid 105983
target_page_id id: 12 tid 105983
0 1 tid 105983
695 12 tid 105983
127 tid 105983
Remove  tid 105983
FindTargetPageId rootid 9 tid 105983
target_page_id id: 12 tid 105983
0 1 tid 105983
690 12 tid 105983
127 tid 105983
Remove  tid 105983
FindTargetPageId rootid 9 tid 105983
target_page_id id: 12 tid 105983
0 1 tid 105983
685 12 tid 105983
127 tid 105983
Remove  tid 105983
FindTargetPageId rootid 9 tid 105983
target_page_id id: 12 tid 105983
0 1 tid 105983
680 12 tid 105983
127 tid 105983
Remove  tid 105983
FindTargetPageId rootid 9 tid 105983
target_page_id id: 12 tid 105983
0 1 tid 105983
675 12 tid 105983
127 tid 105983
Remove  tid 105983
FindTargetPageId rootid 9 tid 105983
target_page_id id: 12 tid 105983
0 1 tid 105983
670 12 tid 105983
127 tid 105983
Remove  tid 105983
FindTargetPageId rootid 9 tid 105983
target_page_id id: 12 tid 105983
0 1 tid 105983
665 12 tid 105983
127 tid 105983
Remove  tid 105983
FindTargetPageId rootid 9 tid 105983
target_page_id id: 12 tid 105983
0 1 tid 105983
660 12 tid 105983
127 tid 105983
Remove  tid 105983
FindTargetPageId rootid 9 tid 105983
target_page_id id: 12 tid 105983
0 1 tid 105983
655 12 tid 105983
127 tid 105983
Remove  tid 105983
FindTargetPageId rootid 9 tid 105983
target_page_id id: 12 tid 105983
0 1 tid 105983
650 12 tid 105983
127 tid 105983
Remove  tid 105983
FindTargetPageId rootid 9 tid 105983
target_page_id id: 12 tid 105983
0 1 tid 105983
645 12 tid 105983
127 tid 105983
Remove  tid 105983
FindTargetPageId rootid 9 tid 105983
target_page_id id: 12 tid 105983
0 1 tid 105983
640 12 tid 105983
127 tid 105983
Remove  tid 105983
FindTargetPageId rootid 9 tid 105983
target_page_id id: 12 tid 105983
0 1 tid 105983
635 12 tid 105983
127 tid 105983
Remove  tid 105983
FindTargetPageId rootid 9 tid 105983
target_page_id id: 12 tid 105983
0 1 tid 105983
630 12 tid 105983
127 tid 105983
Remove  tid 105983
FindTargetPageId rootid 9 tid 105983
target_page_id id: 12 tid 105983
0 1 tid 105983
625 12 tid 105983
127 tid 105983
Remove  tid 105983
FindTargetPageId rootid 9 tid 105983
target_page_id id: 12 tid 105983
0 1 tid 105983
620 12 tid 105983
127 tid 105983
Remove  tid 105983
FindTargetPageId rootid 9 tid 105983
target_page_id id: 12 tid 105983
0 1 tid 105983
615 12 tid 105983
127 tid 105983
Remove  tid 105983
FindTargetPageId rootid 9 tid 105983
target_page_id id: 12 tid 105983
0 1 tid 105983
610 12 tid 105983
127 tid 105983
Remove  tid 105983
FindTargetPageId rootid 9 tid 105983
target_page_id id: 12 tid 105983
0 1 tid 105983
605 12 tid 105983
127 tid 105983
Remove  tid 105983
FindTargetPageId rootid 1 tid 105983
254 tid 105983
Remove  tid 105983
FindTargetPageId rootid 1 tid 105983
253 tid 105983
Remove  tid 105983
FindTargetPageId rootid 1 tid 105983
252 tid 105983
Remove  tid 105983
FindTargetPageId rootid 1 tid 105983
251 tid 105983
Remove  tid 105983
FindTargetPageId rootid 1 tid 105983
250 tid 105983
Remove  tid 105983
FindTargetPageId rootid 1 tid 105983
249 tid 105983
Remove  tid 105983
FindTargetPageId rootid 1 tid 105983
248 tid 105983
Remove  tid 105983
FindTargetPageId rootid 1 tid 105983
247 tid 105983
Remove  tid 105983
FindTargetPageId rootid 1 tid 105983
246 tid 105983
Remove  tid 105983
FindTargetPageId rootid 1 tid 105983
245 tid 105983
Remove  tid 105983
FindTargetPageId rootid 1 tid 105983
244 tid 105983
Remove  tid 105983
FindTargetPageId rootid 1 tid 105983
243 tid 105983
Remove  tid 105983
FindTargetPageId rootid 1 tid 105983
242 tid 105983
Remove  tid 105983
FindTargetPageId rootid 1 tid 105983
241 tid 105983
Remove  tid 105983
FindTargetPageId rootid 1 tid 105983
240 tid 105983
Remove  tid 105983
FindTargetPageId rootid 1 tid 105983
239 tid 105983
Remove  tid 105983
FindTargetPageId rootid 1 tid 105983
238 tid 105983
Remove  tid 105983
FindTargetPageId rootid 1 tid 105983
237 tid 105983
Remove  tid 105983
FindTargetPageId rootid 1 tid 105983
236 tid 105983
Remove  tid 105983
FindTargetPageId rootid 1 tid 105983
235 tid 105983
Remove  tid 105983
FindTargetPageId rootid 1 tid 105983
234 tid 105983
Remove  tid 105983
FindTargetPageId rootid 1 tid 105983
233 tid 105983
Remove  tid 105983
FindTargetPageId rootid 1 tid 105983
232 tid 105983
Remove  tid 105983
FindTargetPageId rootid 1 tid 105983
231 tid 105983
Remove  tid 105983
FindTargetPageId rootid 1 tid 105983
230 tid 105983
Remove  tid 105983
FindTargetPageId rootid 1 tid 105983
229 tid 105983
Remove  tid 105983
FindTargetPageId rootid 1 tid 105983
228 tid 105983
Remove  tid 105983
FindTargetPageId rootid 1 tid 105983
227 tid 105983
Remove  tid 105983
FindTargetPageId rootid 1 tid 105983
226 tid 105983
Remove  tid 105983
FindTargetPageId rootid 1 tid 105983
225 tid 105983
Remove  tid 105983
FindTargetPageId rootid 1 tid 105983
224 tid 105983
Remove  tid 105983
FindTargetPageId rootid 1 tid 105983
223 tid 105983
Remove  tid 105983
FindTargetPageId rootid 1 tid 105983
222 tid 105983
Remove  tid 105983
FindTargetPageId rootid 1 tid 105983
221 tid 105983
Remove  tid 105983
FindTargetPageId rootid 1 tid 105983
220 tid 105983
Remove  tid 105983
FindTargetPageId rootid 1 tid 105983
219 tid 105983
Remove  tid 105983
FindTargetPageId rootid 1 tid 105983
218 tid 105983
Remove  tid 105983
FindTargetPageId rootid 1 tid 105983
217 tid 105983
Remove  tid 105983
FindTargetPageId rootid 1 tid 105983
216 tid 105983
Remove  tid 105983
FindTargetPageId rootid 1 tid 105983
215 tid 105983
Remove  tid 105983
FindTargetPageId rootid 1 tid 105983
214 tid 105983
Remove  tid 105983
FindTargetPageId rootid 1 tid 105983
213 tid 105983
Remove  tid 105983
FindTargetPageId rootid 1 tid 105983
212 tid 105983
Remove  tid 105983
FindTargetPageId rootid 1 tid 105983
211 tid 105983
Remove  tid 105983
FindTargetPageId rootid 1 tid 105983
210 tid 105983
Remove  tid 105983
FindTargetPageId rootid 1 tid 105983
209 tid 105983
leaf_max_size 254
Insert  tid 105929
Insert  tid 105929
new root page id: 1 tid 105929
Insert  tid 105929
FindTargetPageId rootid 1 tid 105929
1 tid 105929
Insert  tid 105929
FindTargetPageId rootid 1 tid 105929
2 tid 105929
Insert  tid 105929
FindTargetPageId rootid 1 tid 105929
3 tid 105929
Insert  tid 105929
FindTargetPageId rootid 1 tid 105929
4 tid 105929
Insert  tid 105929
FindTargetPageId rootid 1 tid 105929
5 tid 105929
Insert  tid 105929
FindTargetPageId rootid 1 tid 105929
6 tid 105929
Insert  tid 105929
FindTargetPageId rootid 1 tid 105929
7 tid 105929
Insert  tid 105929
FindTargetPageId rootid 1 tid 105929
8 tid 105929
Insert  tid 105929
FindTargetPageId rootid 1 tid 105929
9 tid 105929
Insert  tid 105929
FindTargetPageId rootid 1 tid 105929
10 tid 105929
Insert  tid 105929
FindTargetPageId rootid 1 tid 105929
11 tid 105929
Insert  tid 105929
FindTargetPageId rootid 1 tid 105929
12 tid 105929
Insert  tid 105929
FindTargetPageId rootid 1 tid 105929
13 tid 105929
Insert  tid 105929
FindTargetPageId rootid 1 tid 105929
14 tid 105929
Insert  tid 105929
FindTargetPageId rootid 1 tid 105929
15 tid 105929
Insert  tid 105929
FindTargetPageId rootid 1 tid 105929
16 tid 105929
Insert  tid 105929
FindTargetPageId rootid 1 tid 105929
17 tid 105929
Insert  tid 105929
FindTargetPageId rootid 1 tid 105929
18 tid 105929
Insert  tid 105929
FindTargetPageId rootid 1 tid 105929
19 tid 105929
Insert  tid 105929
FindTargetPageId rootid 1 tid 105929
20 tid 105929
Insert  tid 105929
FindTargetPageId rootid 1 tid 105929
21 tid 105929
Insert  tid 105929
FindTargetPageId rootid 1 tid 105929
22 tid 105929
Insert  tid 105929
FindTargetPageId rootid 1 tid 105929
23 tid 105929
Insert  tid 105929
FindTargetPageId rootid 1 tid 105929
24 tid 105929
Insert  tid 105929
FindTargetPageId rootid 1 tid 105929
25 tid 105929
Insert  tid 105929
FindTargetPageId rootid 1 tid 105929
26 tid 105929
Insert  tid 105929
FindTargetPageId rootid 1 tid 105929
27 tid 105929
Insert  tid 105929
FindTargetPageId rootid 1 tid 105929
28 tid 105929
Insert  tid 105929
FindTargetPageId rootid 1 tid 105929
29 tid 105929
Insert  tid 105929
FindTargetPageId rootid 1 tid 105929
30 tid 105929
Insert  tid 105929
FindTargetPageId rootid 1 tid 105929
31 tid 105929
Insert  tid 105929
FindTargetPageId rootid 1 tid 105929
32 tid 105929
Insert  tid 105929
FindTargetPageId rootid 1 tid 105929
33 tid 105929
Insert  tid 105929
FindTargetPageId rootid 1 tid 105929
34 tid 105929
Insert  tid 105929
FindTargetPageId rootid 1 tid 105929
35 tid 105929
Insert  tid 105929
FindTargetPageId rootid 1 tid 105929
36 tid 105929
Insert  tid 105929
FindTargetPageId rootid 1 tid 105929
37 tid 105929
Insert  tid 105929
FindTargetPageId rootid 1 tid 105929
38 tid 105929
Insert  tid 105929
FindTargetPageId rootid 1 tid 105929
39 tid 105929
Insert  tid 105929
FindTargetPageId rootid 1 tid 105929
40 tid 105929
Insert  tid 105929
FindTargetPageId rootid 1 tid 105929
41 tid 105929
Insert  tid 105929
FindTargetPageId rootid 1 tid 105929
42 tid 105929
Insert  tid 105929
FindTargetPageId rootid 1 tid 105929
43 tid 105929
Insert  tid 105929
FindTargetPageId rootid 1 tid 105929
44 tid 105929
Insert  tid 105929
FindTargetPageId rootid 1 tid 105929
45 tid 105929
Insert  tid 105929
FindTargetPageId rootid 1 tid 105929
46 tid 105929
Insert  tid 105929
FindTargetPageId rootid 1 tid 105929
47 tid 105929
Insert  tid 105929
FindTargetPageId rootid 1 tid 105929
48 tid 105929
Insert  tid 105929
FindTargetPageId rootid 1 tid 105929
49 tid 105929
Insert  tid 105929
FindTargetPageId rootid 1 tid 105929
50 tid 105929
Insert  tid 105929
FindTargetPageId rootid 1 tid 105929
51 tid 105929
Insert  tid 105929
FindTargetPageId rootid 1 tid 105929
52 tid 105929
Insert  tid 105929
FindTargetPageId rootid 1 tid 105929
53 tid 105929
Insert  tid 105929
FindTargetPageId rootid 1 tid 105929
54 tid 105929
Insert  tid 105929
FindTargetPageId rootid 1 tid 105929
55 tid 105929
Insert  tid 105929
FindTargetPageId rootid 1 tid 105929
56 tid 105929
Insert  tid 105929
FindTargetPageId rootid 1 tid 105929
57 tid 105929
Insert  tid 105929
FindTargetPageId rootid 1 tid 105929
58 tid 105929
Insert  tid 105929
FindTargetPageId rootid 1 tid 105929
59 tid 105929
Insert  tid 105929
FindTargetPageId rootid 1 tid 105929
60 tid 105929
Insert  tid 105929
FindTargetPageId rootid 1 tid 105929
61 tid 105929
Insert  tid 105929
FindTargetPageId rootid 1 tid 105929
62 tid 105929
Insert  tid 105929
FindTargetPageId rootid 1 tid 105929
63 tid 105929
Insert  tid 105929
FindTargetPageId rootid 1 tid 105929
64 tid 105929
Insert  tid 105929
FindTargetPageId rootid 1 tid 105929
65 tid 105929
Insert  tid 105929
FindTargetPageId rootid 1 tid 105929
66 tid 105929
Insert  tid 105929
FindTargetPageId rootid 1 tid 105929
67 tid 105929
Insert  tid 105929
FindTargetPageId rootid 1 tid 105929
68 tid 105929
Insert  tid 105929
FindTargetPageId rootid 1 tid 105929
69 tid 105929
Insert  tid 105929
FindTargetPageId rootid 1 tid 105929
70 tid 105929
Insert  tid 105929
FindTargetPageId rootid 1 tid 105929
71 tid 105929
Insert  tid 105929
FindTargetPageId rootid 1 tid 105929
72 tid 105929
Insert  tid 105929
FindTargetPageId rootid 1 tid 105929
73 tid 105929
Insert  tid 105929
FindTargetPageId rootid 1 tid 105929
74 tid 105929
Insert  tid 105929
FindTargetPageId rootid 1 tid 105929
75 tid 105929
Insert  tid 105929
FindTargetPageId rootid 1 tid 105929
76 tid 105929
Insert  tid 105929
FindTargetPageId rootid 1 tid 105929
77 tid 105929
Insert  tid 105929
FindTargetPageId rootid 1 tid 105929
78 tid 105929
Insert  tid 105929
FindTargetPageId rootid 1 tid 105929
79 tid 105929
Insert  tid 105929
FindTargetPageId rootid 1 tid 105929
80 tid 105929
Insert  tid 105929
FindTargetPageId rootid 1 tid 105929
81 tid 105929
Insert  tid 105929
FindTargetPageId rootid 1 tid 105929
82 tid 105929
Insert  tid 105929
FindTargetPageId rootid 1 tid 105929
83 tid 105929
Insert  tid 105929
FindTargetPageId rootid 1 tid 105929
84 tid 105929
Insert  tid 105929
FindTargetPageId rootid 1 tid 105929
85 tid 105929
Insert  tid 105929
FindTargetPageId rootid 1 tid 105929
86 tid 105929
Insert  tid 105929
FindTargetPageId rootid 1 tid 105929
87 tid 105929
Insert  tid 105929
FindTargetPageId rootid 1 tid 105929
88 tid 105929
Insert  tid 105929
FindTargetPageId rootid 1 tid 105929
89 tid 105929
Insert  tid 105929
FindTargetPageId rootid 1 tid 105929
90 tid 105929
Insert  tid 105929
FindTargetPageId rootid 1 tid 105929
91 tid 105929
Insert  tid 105929
FindTargetPageId rootid 1 tid 105929
92 tid 105929
Insert  tid 105929
FindTargetPageId rootid 1 tid 105929
93 tid 105929
Insert  tid 105929
FindTargetPageId rootid 1 tid 105929
94 tid 105929
Insert  tid 105929
FindTargetPageId rootid 1 tid 105929
95 tid 105929
Insert  tid 105929
FindTargetPageId rootid 1 tid 105929
96 tid 105929
Insert  tid 105929
FindTargetPageId rootid 1 tid 105929
97 tid 105929
Insert  tid 105929
FindTargetPageId rootid 1 tid 105929
98 tid 105929
Insert  tid 105929
FindTargetPageId rootid 1 tid 105929
99 tid 105929
Insert  tid 105929
FindTargetPageId rootid 1 tid 105929
100 tid 105929
Insert  tid 105929
FindTargetPageId rootid 1 tid 105929
101 tid 105929
Insert  tid 105929
FindTargetPageId rootid 1 tid 105929
102 tid 105929
Insert  tid 105929
FindTargetPageId rootid 1 tid 105929
103 tid 105929
Insert  tid 105929
FindTargetPageId rootid 1 tid 105929
104 tid 105929
Insert  tid 105929
FindTargetPageId rootid 1 tid 105929
105 tid 105929
Insert  tid 105929
FindTargetPageId rootid 1 tid 105929
106 tid 105929
Insert  tid 105929
FindTargetPageId rootid 1 tid 105929
107 tid 105929
Insert  tid 105929
FindTargetPageId rootid 1 tid 105929
108 tid 105929
Insert  tid 105929
FindTargetPageId rootid 1 tid 105929
109 tid 105929
Insert  tid 105929
FindTargetPageId rootid 1 tid 105929
110 tid 105929
Insert  tid 105929
FindTargetPageId rootid 1 tid 105929
111 tid 105929
Insert  tid 105929
FindTargetPageId rootid 1 tid 105929
112 tid 105929
Insert  tid 105929
FindTargetPageId rootid 1 tid 105929
113 tid 105929
Insert  tid 105929
FindTargetPageId rootid 1 tid 105929
114 tid 105929
Insert  tid 105929
FindTargetPageId rootid 1 tid 105929
115 tid 105929
Insert  tid 105929
FindTargetPageId rootid 1 tid 105929
116 tid 105929
Insert  tid 105929
FindTargetPageId rootid 1 tid 105929
117 tid 105929
Insert  tid 105929
FindTargetPageId rootid 1 tid 105929
118 tid 105929
Insert  tid 105929
FindTargetPageId rootid 1 tid 105929
119 tid 105929
Insert  tid 105929
FindTargetPageId rootid 1 tid 105929
120 tid 105929
Insert  tid 105929
FindTargetPageId rootid 1 tid 105929
121 tid 105929
Insert  tid 105929
FindTargetPageId rootid 1 tid 105929
122 tid 105929
Insert  tid 105929
FindTargetPageId rootid 1 tid 105929
123 tid 105929
Insert  tid 105929
FindTargetPageId rootid 1 tid 105929
124 tid 105929
Insert  tid 105929
FindTargetPageId rootid 1 tid 105929
125 tid 105929
Insert  tid 105929
FindTargetPageId rootid 1 tid 105929
126 tid 105929
Insert  tid 105929
FindTargetPageId rootid 1 tid 105929
127 tid 105929
Insert  tid 105929
FindTargetPageId rootid 1 tid 105929
128 tid 105929
Insert  tid 105929
FindTargetPageId rootid 1 tid 105929
129 tid 105929
Insert  tid 105929
FindTargetPageId rootid 1 tid 105929
130 tid 105929
Insert  tid 105929
FindTargetPageId rootid 1 tid 105929
131 tid 105929
Insert  tid 105929
FindTargetPageId rootid 1 tid 105929
132 tid 105929
Insert  tid 105929
FindTargetPageId rootid 1 tid 105929
133 tid 105929
Insert  tid 105929
FindTargetPageId rootid 1 tid 105929
134 tid 105929
Insert  tid 105929
FindTargetPageId rootid 1 tid 105929
135 tid 105929
Insert  tid 105929
FindTargetPageId rootid 1 tid 105929
136 tid 105929
Insert  tid 105929
FindTargetPageId rootid 1 tid 105929
137 tid 105929
Insert  tid 105929
FindTargetPageId rootid 1 tid 105929
138 tid 105929
Insert  tid 105929
FindTargetPageId rootid 1 tid 105929
139 tid 105929
Insert  tid 105929
FindTargetPageId rootid 1 tid 105929
140 tid 105929
Insert  tid 105929
FindTargetPageId rootid 1 tid 105929
141 tid 105929
Insert  tid 105929
FindTargetPageId rootid 1 tid 105929
142 tid 105929
Insert  tid 105929
FindTargetPageId rootid 1 tid 105929
143 tid 105929
Insert  tid 105929
FindTargetPageId rootid 1 tid 105929
144 tid 105929
Insert  tid 105929
FindTargetPageId rootid 1 tid 105929
145 tid 105929
Insert  tid 105929
FindTargetPageId rootid 1 tid 105929
146 tid 105929
Insert  tid 105929
FindTargetPageId rootid 1 tid 105929
147 tid 105929
Insert  tid 105929
FindTargetPageId rootid 1 tid 105929
148 tid 105929
Insert  tid 105929
FindTargetPageId rootid 1 tid 105929
149 tid 105929
Insert  tid 105929
FindTargetPageId rootid 1 tid 105929
150 tid 105929
Insert  tid 105929
FindTargetPageId rootid 1 tid 105929
151 tid 105929
Insert  tid 105929
FindTargetPageId rootid 1 tid 105929
152 tid 105929
Insert  tid 105929
FindTargetPageId rootid 1 tid 105929
153 tid 105929
Insert  tid 105929
FindTargetPageId rootid 1 tid 105929
154 tid 105929
Insert  tid 105929
FindTargetPageId rootid 1 tid 105929
155 tid 105929
Insert  tid 105929
FindTargetPageId rootid 1 tid 105929
156 tid 105929
Insert  tid 105929
FindTargetPageId rootid 1 tid 105929
157 tid 105929
Insert  tid 105929
FindTargetPageId rootid 1 tid 105929
158 tid 105929
Insert  tid 105929
FindTargetPageId rootid 1 tid 105929
159 tid 105929
Insert  tid 105929
FindTargetPageId rootid 1 tid 105929
160 tid 105929
Insert  tid 105929
FindTargetPageId rootid 1 tid 105929
161 tid 105929
Insert  tid 105929
FindTargetPageId rootid 1 tid 105929
162 tid 105929
Insert  tid 105929
FindTargetPageId rootid 1 tid 105929
163 tid 105929
Insert  tid 105929
FindTargetPageId rootid 1 tid 105929
164 tid 105929
Insert  tid 105929
FindTargetPageId rootid 1 tid 105929
165 tid 105929
Insert  tid 105929
FindTargetPageId rootid 1 tid 105929
166 tid 105929
Insert  tid 105929
FindTargetPageId rootid 1 tid 105929
167 tid 105929
Insert  tid 105929
FindTargetPageId rootid 1 tid 105929
168 tid 105929
Insert  tid 105929
FindTargetPageId rootid 1 tid 105929
169 tid 105929
Insert  tid 105929
FindTargetPageId rootid 1 tid 105929
170 tid 105929
Insert  tid 105929
FindTargetPageId rootid 1 tid 105929
171 tid 105929
Insert  tid 105929
FindTargetPageId rootid 1 tid 105929
172 tid 105929
Insert  tid 105929
FindTargetPageId rootid 1 tid 105929
173 tid 105929
Insert  tid 105929
FindTargetPageId rootid 1 tid 105929
174 tid 105929
Insert  tid 105929
FindTargetPageId rootid 1 tid 105929
175 tid 105929
Insert  tid 105929
FindTargetPageId rootid 1 tid 105929
176 tid 105929
Insert  tid 105929
FindTargetPageId rootid 1 tid 105929
177 tid 105929
Insert  tid 105929
FindTargetPageId rootid 1 tid 105929
178 tid 105929
Insert  tid 105929
FindTargetPageId rootid 1 tid 105929
179 tid 105929
Insert  tid 105929
FindTargetPageId rootid 1 tid 105929
180 tid 105929
Insert  tid 105929
FindTargetPageId rootid 1 tid 105929
181 tid 105929
Insert  tid 105929
FindTargetPageId rootid 1 tid 105929
182 tid 105929
Insert  tid 105929
FindTargetPageId rootid 1 tid 105929
183 tid 105929
Insert  tid 105929
FindTargetPageId rootid 1 tid 105929
184 tid 105929
Insert  tid 105929
FindTargetPageId rootid 1 tid 105929
185 tid 105929
Insert  tid 105929
FindTargetPageId rootid 1 tid 105929
186 tid 105929
Insert  tid 105929
FindTargetPageId rootid 1 tid 105929
187 tid 105929
Insert  tid 105929
FindTargetPageId rootid 1 tid 105929
188 tid 105929
Insert  tid 105929
FindTargetPageId rootid 1 tid 105929
189 tid 105929
Insert  tid 105929
FindTargetPageId rootid 1 tid 105929
190 tid 105929
Insert  tid 105929
FindTargetPageId rootid 1 tid 105929
191 tid 105929
Insert  tid 105929
FindTargetPageId rootid 1 tid 105929
192 tid 105929
Insert  tid 105929
FindTargetPageId rootid 1 tid 105929
193 tid 105929
Insert  tid 105929
FindTargetPageId rootid 1 tid 105929
194 tid 105929
Insert  tid 105929
FindTargetPageId rootid 1 tid 105929
195 tid 105929
Insert  tid 105929
FindTargetPageId rootid 1 tid 105929
196 tid 105929
Insert  tid 105929
FindTargetPageId rootid 1 tid 105929
197 tid 105929
Insert  tid 105929
FindTargetPageId rootid 1 tid 105929
198 tid 105929
Insert  tid 105929
FindTargetPageId rootid 1 tid 105929
199 tid 105929
Insert  tid 105986
Insert  tid 105986
FindTargetPageId rootid 1 tid 105986
200 tid 105986
Insert  tid 105986
FindTargetPageId rootid 1 tid 105986
201 tid 105986
Insert  tid 105986
Remove  tid 105987
FindTargetPageId rootid 1 tid 105986
202 tid 105986
Insert  tid 105986
FindTargetPageId rootid 1 tid 105986
203 tid 105986
Insert  tid 105986
Insert  tid 105988
Remove FindTargetPageId rootid 1 tid 105986
204 tid 105986
 tid Insert  tid 105986
FindTargetPageId rootid 1 tid 105986105987

205 tid 105986
Insert  tid 105988
Insert  tid 105986
FindTargetPageId rootid 1 tid 105987
206 tid 105987
Remove  tid 105987
FindTargetPageId rootid 1 tid 105987
205 tid 105987
Remove  tid 105987
FindTargetPageId rootid 1 tid 105987
204 tid 105987
Remove  tid 105987
FindTargetPageId rootid 1 tid 105987
203 tid 105987
Remove  tid 105987
FindTargetPageId rootid 1 tid 105987
202 tid 105987
Remove  tid 105987
FindTargetPageId rootid 1 tid 105987
201 tid 105987
Remove  tid 105987
FindTargetPageId rootid 1 tid 105987
200 tid 105987
Remove  tid 105987
FindTargetPageId rootid 1 tid 105987
200 tid 105987
Remove  tid 105987
FindTargetPageId rootid 1 tid 105987
200 tid 105987
Remove  tid 105987
FindTargetPageId rootid 1 tid 105987
200 tid 105987
Remove  tid 105987
FindTargetPageId rootid 1 tid 105987
200 tid 105987
Remove  tid 105987
FindTargetPageId rootid 1 tid 105987
200 tid 105987
Remove  tid 105987
FindTargetPageId rootid 1 tid 105987
200 tid 105987
Remove  tid 105987
FindTargetPageId rootid 1 tid 105987
200 tid 105987
Remove  tid 105987
FindTargetPageId rootid 1 tid 105987
200 tid 105987
Remove  tid 105987
FindTargetPageId rootid 1 tid 105987
200 tid 105987
Remove  tid 105987
FindTargetPageId rootid 1 tid 105987
200 tid 105987
Remove  tid 105987
FindTargetPageId rootid 1 tid 105987
200 tid 105987
Remove  tid 105987
FindTargetPageId rootid 1 tid 105987
200 tid 105987
Remove  tid 105987
FindTargetPageId rootid 1 tid 105987
200 tid 105987
Remove  tid 105987
FindTargetPageId rootid 1 tid 105987
200 tid 105987
Remove  tid 105987
FindTargetPageId rootid 1 tid 105987
200 tid 105987
Remove  tid 105987
FindTargetPageId rootid 1 tid 105987
200 tid 105987
Remove  tid 105987
FindTargetPageId rootid 1 tid 105987
200 tid 105987
Remove  tid 105987
FindTargetPageId rootid 1 tid 105987
200 tid 105987
Remove  tid 105987
FindTargetPageId rootid 1 tid 105987
200 tid 105987
Remove  tid 105987
FindTargetPageId rootid 1 tid 105987
200 tid 105987
Remove  tid 105987
FindTargetPageId rootid 1 tid 105987
200 tid 105987
Remove  tid 105987
FindTargetPageId rootid 1 tid 105987
200 tid 105987
Remove  tid 105987
FindTargetPageId rootid 1 tid 105987
200 tid 105987
Remove  tid 105987
FindTargetPageId rootid 1 tid 105987
200 tid 105987
Remove  tid 105987
FindTargetPageId rootid 1 tid 105987
200 tid 105987
Remove  tid 105987
FindTargetPageId rootid 1 tid 105987
200 tid 105987
Remove  tid 105987
FindTargetPageId rootid 1 tid 105987
200 tid 105987
Remove  tid 105987
FindTargetPageId rootid 1 tid 105987
200 tid 105987
Remove  tid 105987
FindTargetPageId rootid 1 tid 105987
200 tid 105987
Remove  tid 105987
FindTargetPageId rootid 1 tid 105987
200 tid 105987
Remove  tid 105987
FindTargetPageId rootid 1 tid 105987
200 tid 105987
Remove  tid 105987
FindTargetPageId rootid 1 tid 105987
200 tid 105987
Remove  tid 105987
FindTargetPageId rootid 1 tid 105987
200 tid 105987
Remove  tid 105987
FindTargetPageId rootid 1 tid 105987
200 tid 105987
Remove  tid 105987
FindTargetPageId rootid 1 tid 105987
200 tid 105987
Remove  tid 105987
FindTargetPageId rootid 1 tid 105987
200 tid 105987
Remove  tid 105987
FindTargetPageId rootid 1 tid 105986
200 tid 105986
Insert  tid 105986
FindTargetPageId rootid 1 tid 105986
201 tid 105986
Insert  tid 105986
FindTargetPageId rootid 1 tid 105988
202 tid 105988
Insert  tid 105988
FindTargetPageId rootid 1 tid 105988
203 tid 105988
Insert  tid 105988
FindTargetPageId rootid 1 tid 105988
204 tid 105988
Insert  tid 105988
FindTargetPageId rootid 1 tid 105988
205 tid 105988
Insert  tid 105988
FindTargetPageId rootid 1 tid 105988
206 tid 105988
Insert  tid 105988
FindTargetPageId rootid 1 tid 105987
207 tid 105987
Remove  tid 105987
FindTargetPageId rootid 1 tid 105987
207 tid 105987
Remove  tid 105987
FindTargetPageId rootid 1 tid 105987
207 tid 105987
Remove  tid 105987
FindTargetPageId rootid 1 tid 105987
207 tid 105987
Remove  tid 105987
FindTargetPageId rootid 1 tid 105988
207 tid 105988
Insert  tid 105988
FindTargetPageId rootid 1 tid 105988
208 tid 105988
Insert  tid 105988
FindTargetPageId rootid 1 tid 105988
208 tid 105988
Insert  tid 105988
FindTargetPageId rootid 1 tid 105988
208 tid 105988
Insert  tid 105988
FindTargetPageId rootid 1 tid 105988
209 tid 105988
Insert  tid 105988
FindTargetPageId rootid 1 tid 105988
210 tid 105988
Insert  tid 105988
FindTargetPageId rootid 1 tid 105988
211 tid 105988
Insert  tid 105988
FindTargetPageId rootid 1 tid 105988
212 tid 105988
Insert  tid 105988
FindTargetPageId rootid 1 tid 105987
213 tid 105987
Remove  tid 105987
FindTargetPageId rootid 1 tid 105987
213 tid 105987
Remove  tid 105987
FindTargetPageId rootid 1 tid 105987
213 tid 105987
Remove  tid 105987
FindTargetPageId rootid 1 tid 105987
213 tid 105987
Remove  tid 105987
FindTargetPageId rootid 1 tid 105987
213 tid 105987
Remove  tid 105987
FindTargetPageId rootid 1 tid 105987
213 tid 105987
Remove  tid 105987
FindTargetPageId rootid 1 tid 105987
213 tid 105987
Remove  tid 105987
FindTargetPageId rootid 1 tid 105987
213 tid 105987
Remove  tid 105987
FindTargetPageId rootid 1 tid 105987
213 tid 105987
Remove  tid 105987
FindTargetPageId rootid 1 tid 105987
213 tid 105987
Remove  tid 105987
FindTargetPageId rootid 1 tid 105987
213 tid 105987
Remove  tid 105987
FindTargetPageId rootid 1 tid 105987
213 tid 105987
Remove  tid 105987
FindTargetPageId rootid 1 tid 105987
213 tid 105987
Remove  tid 105987
FindTargetPageId rootid 1 tid 105986
213 tid 105986
Insert  tid 105986
FindTargetPageId rootid 1 tid 105986
213 tid 105986
Insert  tid 105986
FindTargetPageId rootid 1 tid 105987
213 tid 105987
Remove  tid 105987
FindTargetPageId rootid 1 tid 105987
213 tid 105987
Remove  tid 105987
FindTargetPageId rootid 1 tid 105987
213 tid 105987
Remove  tid 105987
FindTargetPageId rootid 1 tid 105987
213 tid 105987
Remove  tid 105987
FindTargetPageId rootid 1 tid 105987
213 tid 105987
Remove  tid 105987
FindTargetPageId rootid 1 tid 105987
213 tid 105987
Remove  tid 105987
FindTargetPageId rootid 1 tid 105987
213 tid 105987
Remove  tid 105987
FindTargetPageId rootid 1 tid 105987
213 tid 105987
Remove  tid 105987
FindTargetPageId rootid 1 tid 105987
213 tid 105987
Remove  tid 105987
FindTargetPageId rootid 1 tid 105987
213 tid 105987
Remove  tid 105987
FindTargetPageId rootid 1 tid 105987
213 tid 105987
Remove  tid 105987
FindTargetPageId rootid 1 tid 105987
213 tid 105987
Remove  tid 105987
FindTargetPageId rootid 1 tid 105987
213 tid 105987
Remove  tid 105987
FindTargetPageId rootid 1 tid 105987
213 tid 105987
Remove  tid 105987
FindTargetPageId rootid 1 tid 105987
213 tid 105987
Remove  tid 105987
FindTargetPageId rootid 1 tid 105987
213 tid 105987
Remove  tid 105987
FindTargetPageId rootid 1 tid 105987
213 tid 105987
Remove  tid 105987
FindTargetPageId rootid 1 tid 105987
213 tid 105987
Remove  tid 105987
FindTargetPageId rootid 1 tid 105987
213 tid 105987
Remove  tid 105987
FindTargetPageId rootid 1 tid 105987
213 tid 105987
Remove  tid 105987
FindTargetPageId rootid 1 tid 105987
213 tid 105987
Remove  tid 105987
FindTargetPageId rootid 1 tid 105987
213 tid 105987
Remove  tid 105987
FindTargetPageId rootid 1 tid 105987
213 tid 105987
Remove  tid 105987
FindTargetPageId rootid 1 tid 105987
213 tid 105987
Remove  tid 105987
FindTargetPageId rootid 1 tid 105987
213 tid 105987
Remove  tid 105987
FindTargetPageId rootid 1 tid 105987
213 tid 105987
Remove  tid 105987
FindTargetPageId rootid 1 tid 105988
213 tid 105988
Insert  tid 105988
FindTargetPageId rootid 1 tid 105988
214 tid 105988
Insert  tid 105988
FindTargetPageId rootid 1 tid 105988
215 tid 105988
Insert  tid 105988
FindTargetPageId rootid 1 tid 105986
216 tid 105986
Insert  tid 105986
FindTargetPageId rootid 1 tid 105986
216 tid 105986
Insert  tid 105986
FindTargetPageId rootid 1 tid 105987
216 tid 105987
Remove  tid 105987
FindTargetPageId rootid 1 tid 105988
216 tid 105988
Insert  tid 105988
FindTargetPageId rootid 1 tid 105988
217 tid 105988
Insert  tid 105988
FindTargetPageId rootid 1 tid 105988
218 tid 105988
Insert  tid 105988
FindTargetPageId rootid 1 tid 105988
219 tid 105988
Insert  tid 105988
FindTargetPageId rootid 1 tid 105988
220 tid 105988
Insert  tid 105988
FindTargetPageId rootid 1 tid 105986
221 tid 105986
Insert  tid 105986
FindTargetPageId rootid 1 tid 105987
221 tid 105987
Remove  tid 105987
FindTargetPageId rootid 1 tid 105987
221 tid 105987
Remove  tid 105987
FindTargetPageId rootid 1 tid 105988
221 tid 105988
Insert  tid 105988
FindTargetPageId rootid 1 tid 105988
222 tid 105988
Insert  tid 105988
FindTargetPageId rootid 1 tid 105988
223 tid 105988
Insert  tid 105988
FindTargetPageId rootid 1 tid 105988
224 tid 105988
Insert  tid 105988
FindTargetPageId rootid 1 tid 105987
225 tid 105987
Remove  tid 105987
FindTargetPageId rootid 1 tid 105986
225 tid 105986
Insert  tid 105986
FindTargetPageId rootid 1 tid 105988
225 tid 105988
Insert  tid 105988
FindTargetPageId rootid 1 tid 105987
226 tid 105987
Remove  tid 105987
FindTargetPageId rootid 1 tid 105986
226 tid 105986
Insert  tid 105986
FindTargetPageId rootid 1 tid 105986
226 tid 105986
Insert  tid 105986
FindTargetPageId rootid 1 tid 105986
226 tid 105986
Insert  tid 105986
FindTargetPageId rootid 1 tid 105987
226 tid 105987
Remove  tid 105987
FindTargetPageId rootid 1 tid 105988
226 tid 105988
Insert  tid 105988
FindTargetPageId rootid 1 tid 105986
227 tid 105986
Insert  tid 105986
FindTargetPageId rootid 1 tid 105987
227 tid 105987
Remove  tid 105987
FindTargetPageId rootid 1 tid 105987
227 tid 105987
Remove  tid 105987
FindTargetPageId rootid 1 tid 105987
227 tid 105987
Remove  tid 105987
FindTargetPageId rootid 1 tid 105987
227 tid 105987
Remove  tid 105987
FindTargetPageId rootid 1 tid 105987
227 tid 105987
Remove  tid 105987
FindTargetPageId rootid 1 tid 105987
227 tid 105987
Remove  tid 105987
FindTargetPageId rootid 1 tid 105987
227 tid 105987
Remove  tid 105987
FindTargetPageId rootid 1 tid 105987
227 tid 105987
Remove  tid 105987
FindTargetPageId rootid 1 tid 105987
227 tid 105987
Remove  tid 105987
FindTargetPageId rootid 1 tid 105987
227 tid 105987
Remove  tid 105987
FindTargetPageId rootid 1 tid 105987
227 tid 105987
Remove  tid 105987
FindTargetPageId rootid 1 tid 105987
227 tid 105987
Remove  tid 105987
FindTargetPageId rootid 1 tid 105987
227 tid 105987
Remove  tid 105987
FindTargetPageId rootid 1 tid 105987
227 tid 105987
Remove  tid 105987
FindTargetPageId rootid 1 tid 105987
227 tid 105987
Remove  tid 105987
FindTargetPageId rootid 1 tid 105987
227 tid 105987
Remove  tid 105987
FindTargetPageId rootid 1 tid 105987
227 tid 105987
Remove  tid 105987
FindTargetPageId rootid 1 tid 105987
227 tid 105987
Remove  tid 105987
FindTargetPageId rootid 1 tid 105987
227 tid 105987
Remove  tid 105987
FindTargetPageId rootid 1 tid 105987
227 tid 105987
Remove  tid 105987
FindTargetPageId rootid 1 tid 105987
227 tid 105987
Remove  tid 105987
FindTargetPageId rootid 1 tid 105986
227 tid 105986
FindTargetPageId rootid 1 tid 105988
227 tid 105988
Insert  tid 105986
Insert  tid 105988
FindTargetPageId rootid 1 tid 105986
228 tid 105986
Insert  tid 105986
FindTargetPageId rootid 1 tid 105988
228 tid 105988
Insert  tid 105988
FindTargetPageId rootid 1 tid 105987
229 tid 105987
Remove  tid 105987
FindTargetPageId rootid 1 tid 105986
229 tid 105986
Insert  tid 105986
FindTargetPageId rootid 1 tid 105986
229 tid 105986
Insert  tid 105986
FindTargetPageId rootid 1 tid 105987
229 tid 105987
FindTargetPageId rootid 1 tid 105988
229 tid 105988
Insert  tid 105988
Remove FindTargetPageId rootid 1 tid 105988
230 tid 105988
 tid 105987
FindTargetPageId rootid 1 tid 105986
231 tid 105986
Insert  tid 105988
FindTargetPageId rootid 1 tid 105988
231 tid 105988
Insert  tid 105986
Insert  tid 105988
FindTargetPageId rootid 1 tid 105986
232 tid 105986
Insert  tid 105986
FindTargetPageId rootid 1 tid 105986
232 tid 105986
Insert  tid 105986
FindTargetPageId rootid 1 tid 105987
232 tid 105987
Remove  tid 105987
FindTargetPageId rootid 1 tid 105988
232 tid 105988
Insert  tid 105988
FindTargetPageId rootid 1 tid 105986
233 tid 105986
Insert  tid 105986
FindTargetPageId rootid 1 tid 105986
233 tid 105986
Insert  tid 105986
FindTargetPageId rootid 1 tid 105986
233 tid 105986
Insert  tid 105986
FindTargetPageId rootid 1 tid 105987
233 tid 105987
Remove  tid 105987
FindTargetPageId rootid 1 tid 105987
233 tid 105987
Remove  tid 105987
FindTargetPageId rootid 1 tid 105987
233 tid 105987
Remove  tid 105987
FindTargetPageId rootid 1 tid 105987
233 tid 105987
Remove  tid 105987
FindTargetPageId rootid 1 tid 105987
233 tid 105987
Remove  tid 105987
FindTargetPageId rootid 1 tid 105987
233 tid 105987
Remove  tid 105987
FindTargetPageId rootid 1 tid 105987
233 tid 105987
Remove  tid 105987
FindTargetPageId rootid 1 tid 105987
233 tid 105987
Remove  tid 105987
FindTargetPageId rootid 1 tid 105987
233 tid 105987
Remove  tid 105987
FindTargetPageId rootid 1 tid 105987
233 tid 105987
Remove  tid 105987
FindTargetPageId rootid 1 tid 105987
233 tid 105987
Remove  tid 105987
FindTargetPageId rootid 1 tid 105987
233 tid 105987
Remove  tid 105987
FindTargetPageId rootid 1 tid 105987
233 tid 105987
Remove  tid 105987
FindTargetPageId rootid 1 tid 105987
233 tid 105987
Remove  tid 105987
FindTargetPageId rootid 1 tid 105987
233 tid 105987
Remove  tid 105987
FindTargetPageId rootid 1 tid 105988
233 tid 105988
Insert  tid 105988
FindTargetPageId rootid 1 tid 105988
234 tid 105988
Insert  tid 105988
FindTargetPageId rootid 1 tid 105988
235 tid 105988
Insert  tid 105988
FindTargetPageId rootid 1 tid 105988
236 tid 105988
Insert  tid 105988
FindTargetPageId rootid 1 tid 105988
237 tid 105988
Insert  tid 105988
FindTargetPageId rootid 1 tid 105987
238 tid 105987
Remove  tid 105987
FindTargetPageId rootid 1 tid 105987
238 tid 105987
Remove  tid 105987
FindTargetPageId rootid 1 tid 105986
238 tid 105986
Insert  tid 105986
FindTargetPageId rootid 1 tid 105988
238 tid 105988
Insert  tid 105988
FindTargetPageId rootid 1 tid 105988
239 tid 105988
Insert  tid 105988
FindTargetPageId rootid 1 tid 105986
240 tid 105986
Insert  tid 105986
FindTargetPageId rootid 1 tid 105986
240 tid 105986
Insert  tid 105986
FindTargetPageId rootid 1 tid 105986
240 tid 105986
Insert  tid 105986
FindTargetPageId rootid 1 tid 105986
240 tid 105986
Insert  tid 105986
FindTargetPageId rootid 1 tid 105986
240 tid 105986
Insert  tid 105986
FindTargetPageId rootid 1 tid 105986
240 tid 105986
Insert  tid 105986
FindTargetPageId rootid 1 tid 105986
240 tid 105986
Insert  tid 105986
FindTargetPageId rootid 1 tid 105987
240 tid 105987
Remove  tid 105987
FindTargetPageId rootid 1 tid 105987
240 tid 105987
Remove  tid 105987
FindTargetPageId rootid 1 tid 105987
240 tid 105987
Remove  tid 105987
FindTargetPageId rootid 1 tid 105987
240 tid 105987
Remove  tid 105987
FindTargetPageId rootid 1 tid 105987
240 tid 105987
Remove  tid 105987
FindTargetPageId rootid 1 tid 105987
240 tid 105987
Remove  tid 105987
FindTargetPageId rootid 1 tid 105987
240 tid 105987
Remove  tid 105987
FindTargetPageId rootid 1 tid 105987
240 tid 105987
Remove  tid 105987
FindTargetPageId rootid 1 tid 105987
240 tid 105987
Remove  tid 105987
FindTargetPageId rootid 1 tid 105987
240 tid 105987
Remove  tid 105987
FindTargetPageId rootid 1 tid 105986
240 tid 105986
Insert  tid 105986
FindTargetPageId rootid 1 tid 105988
240 tid 105988
Insert  tid 105988
FindTargetPageId rootid 1 tid 105987
241 tid 105987
Remove  tid 105987
FindTargetPageId rootid 1 tid 105986
241 tid 105986
Insert  tid 105986
FindTargetPageId rootid 1 tid 105988
241 tid 105988
Insert  tid 105988
FindTargetPageId rootid 1 tid 105987
242 tid 105987
Remove  tid 105987
FindTargetPageId rootid 1 tid 105986
242 tid 105986
Insert  tid 105986
FindTargetPageId rootid 1 tid 105988
242 tid 105988
Insert  tid 105988
FindTargetPageId rootid 1 tid 105987
243 tid 105987
Remove  tid 105987
FindTargetPageId rootid 1 tid 105986
243 tid 105986
Insert  tid 105986
FindTargetPageId rootid 1 tid 105986
243 tid 105986
Insert  tid 105986
FindTargetPageId rootid 1 tid 105986
243 tid 105986
Insert  tid 105986
FindTargetPageId rootid 1 tid 105986
243 tid 105986
Insert  tid 105986
FindTargetPageId rootid 1 tid 105986
243 tid 105986
Insert  tid 105986
FindTargetPageId rootid 1 tid 105986
244 tid 105986
Insert  tid 105986
FindTargetPageId rootid 1 tid 105986
245 tid 105986
Insert  tid 105986
FindTargetPageId rootid 1 tid 105986
246 tid 105986
Insert  tid 105986
FindTargetPageId rootid 1 tid 105986
247 tid 105986
Insert  tid 105986
FindTargetPageId rootid 1 tid 105986
248 tid 105986
Insert  tid 105986
FindTargetPageId rootid 1 tid 105986
249 tid 105986
Insert  tid 105986
FindTargetPageId rootid 1 tid 105986
250 tid 105986
Insert  tid 105986
FindTargetPageId rootid 1 tid 105988
251 tid 105988
Insert  tid 105988
FindTargetPageId rootid 1 tid 105988
251 tid 105988
Insert  tid 105988
FindTargetPageId rootid 1 tid 105987
251 tid 105987
Remove  tid 105987
FindTargetPageId rootid 1 tid 105986
251 tid 105986
Insert  tid 105986
FindTargetPageId rootid 1 tid 105986
252 tid 105986
Insert  tid 105986
FindTargetPageId rootid 1 tid 105986
253 tid 105986
Insert  tid 105986
FindTargetPageId rootid 1 tid 105986
254 tid 105986
Insert  tid 105986
FindTargetPageId rootid 3 tid 105988
target_page_id id: 1 tid 105988
0 1 tid 105988
365 2 tid 105988
127 tid 105988
Insert  tid 105988
FindTargetPageId rootid 3 tid 105988
target_page_id id: 1 tid 105988
0 1 tid 105988
365 2 tid 105988
127 tid 105988
Insert  tid 105988
FindTargetPageId rootid 3 tid 105986
target_page_id id: 1 tid 105986
0 1 tid 105986
365 2 tid 105986
127 tid 105986
Insert  tid 105986
FindTargetPageId rootid 3 tid 105986
target_page_id id: 1 tid 105986
0 1 tid 105986
365 2 tid 105986
128 tid 105986
Insert  tid 105986
FindTargetPageId rootid 3 tid 105986
target_page_id id: 1 tid 105986
0 1 tid 105986
365 2 tid 105986
129 tid 105986
Insert  tid 105986
FindTargetPageId rootid 3 tid 105986
target_page_id id: 1 tid 105986
0 1 tid 105986
365 2 tid 105986
130 tid 105986
Insert  tid 105986
FindTargetPageId rootid 3 tid 105986
target_page_id id: 1 tid 105986
0 1 tid 105986
365 2 tid 105986
131 tid 105986
Insert  tid 105986
FindTargetPageId rootid 3 tid 105988
target_page_id id: 1 tid 105988
0 1 tid 105988
365 2 tid 105988
132 tid 105988
Insert  tid 105988
FindTargetPageId rootid 3 tid 105988
target_page_id id: 1 tid 105988
0 1 tid 105988
365 2 tid 105988
132 tid 105988
Insert  tid 105988
FindTargetPageId rootid 3 tid 105988
target_page_id id: 1 tid 105988
0 1 tid 105988
365 2 tid 105988
132 tid 105988
Insert  tid 105988
FindTargetPageId rootid 3 tid 105987
target_page_id id: 1 tid 105987
0 1 tid 105987
365 2 tid 105987
132 tid 105987
Remove  tid 105987
FindTargetPageId rootid 3 tid 105986
target_page_id id: 1 tid 105986
0 1 tid 105986
365 2 tid 105986
132 tid 105986
Insert  tid 105986
FindTargetPageId rootid 3 tid 105988
target_page_id id: 1 tid 105988
0 1 tid 105988
365 2 tid 105988
133 tid 105988
FindTargetPageId rootid 3 tid 105987
Insert  tid 105988
target_page_id id: 1 tid 105987
0 1 tid 105987
365 2 tid 105987
133 tid 105987
Remove  tid 105987
FindTargetPageId rootid 3 tid 105986
target_page_id id: 1 tid 105986
0 1 tid 105986
365 2 tid 105986
133 tid 105986
Insert  tid 105986
FindTargetPageId rootid 3 tid 105988
target_page_id id: 1 tid 105988
0 1 tid 105988
365 2 tid 105988
134 tid 105988
Insert  tid 105988
FindTargetPageId rootid 3 tid 105988
target_page_id id: 1 tid 105988
0 1 tid 105988
365 2 tid 105988
134 tid 105988
Insert  tid 105988
FindTargetPageId rootid 3 tid 105988
target_page_id id: 1 tid 105988
0 1 tid 105988
365 2 tid 105988
134 tid 105988
Insert  tid 105988
FindTargetPageId rootid 3 tid 105986
target_page_id id: 1 tid 105986
0 1 tid 105986
365 2 tid 105986
134 tid 105986
Insert  tid 105986
FindTargetPageId rootid 3 tid 105987
target_page_id id: 1 tid 105987
0 1 tid 105987
365 2 tid 105987
135 tid 105987
Remove  tid 105987
FindTargetPageId rootid 3 tid 105988
target_page_id id: 1 tid 105988
0 1 tid 105988
365 2 tid 105988
135 tid 105988
Insert  tid 105988
FindTargetPageId rootid 3 tid 105986
target_page_id id: 1 tid 105986
0 1 tid 105986
365 2 tid 105986
135 tid 105986
Insert  tid 105986
FindTargetPageId rootid 3 tid 105987
target_page_id id: 1 tid 105987
0 1 tid 105987
365 2 tid 105987
136 tid 105987
Remove  tid 105987
FindTargetPageId rootid 3 tid 105988
target_page_id id: 1 tid 105988
0 1 tid 105988
365 2 tid 105988
136 tid 105988
Insert  tid 105988
FindTargetPageId rootid 3 tid 105986
target_page_id id: 1 tid 105986
0 1 tid 105986
365 2 tid 105986
136 tid 105986
Insert  tid 105986
FindTargetPageId rootid 3 tid 105987
target_page_id id: 1 tid 105987
0 1 tid 105987
365 2 tid 105987
137 tid 105987
Remove  tid 105987
FindTargetPageId rootid 3 tid 105988
target_page_id id: 1 tid 105988
0 1 tid 105988
365 2 tid 105988
137 tid 105988
Insert  tid 105988
FindTargetPageId rootid 3 tid 105986
target_page_id id: 1 tid 105986
0 1 tid 105986
365 2 tid 105986
137 tid 105986
Insert  tid 105986
FindTargetPageId rootid 3 tid 105987
target_page_id id: 1 tid 105987
0 1 tid 105987
365 2 tid 105987
138 tid 105987
Remove  tid FindTargetPageId rootid 105987
3 tid 105988
target_page_id id: 1 tid 105988
0 1 tid 105988
365 2 tid 105988
138 tid 105988
Insert  tid 105988
FindTargetPageId rootid 3 tid 105986
target_page_id id: 1 tid 105986
0 1 tid 105986
365 2 tid 105986
138 tid 105986
Insert  tid 105986
FindTargetPageId rootid 3 tid 105987
target_page_id id: 1 tid 105987
0 1 tid 105987
365 2 tid 105987
139 tid 105987
Remove  tid 105987
FindTargetPageId rootid 3 tid 105988
target_page_id id: 1 tid 105988
0 1 tid 105988
365 2 tid 105988
139 tid 105988
Insert  tid 105988
FindTargetPageId rootid 3 tid 105986
target_page_id id: 1 tid 105986
0 1 tid 105986
365 2 tid 105986
139 tid 105986
Insert  tid 105986
FindTargetPageId rootid 3 tid 105987
target_page_id id: 1 tid 105987
0 1 tid 105987
365 2 tid 105987
140 tid 105987
Remove  tid 105987
FindTargetPageId rootid 3 tid 105988
target_page_id id: 1 tid 105988
0 1 tid 105988
365 2 tid 105988
140 tid 105988
Insert  tid 105988
FindTargetPageId rootid 3 tid 105986
target_page_id id: 1 tid 105986
0 1 tid 105986
365 2 tid 105986
140 tid 105986
Insert  tid 105986
FindTargetPageId rootid 3 tid 105987
target_page_id id: 1 tid 105987
0 1 tid 105987
365 2 tid 105987
141 tid 105987
Remove  tid 105987
FindTargetPageId rootid 3 tid 105987
target_page_id id: 1 tid 105987
0 1 tid 105987
365 2 tid 105987
141 tid 105987
Remove  tid 105987
FindTargetPageId rootid 3 tid 105987
target_page_id id: 1 tid 105987
0 1 tid 105987
365 2 tid 105987
141 tid 105987
Remove  tid 105987
FindTargetPageId rootid 3 tid 105987
target_page_id id: 1 tid 105987
0 1 tid 105987
365 2 tid 105987
141 tid 105987
Remove  tid 105987
FindTargetPageId rootid 3 tid 105987
target_page_id id: 1 tid 105987
0 1 tid 105987
365 2 tid 105987
141 tid 105987
Remove  tid 105987
FindTargetPageId rootid 3 tid 105988
target_page_id id: 1 tid 105988
0 1 tid 105988
365 2 tid 105988
141 tid 105988
Insert  tid 105988
FindTargetPageId rootid 3 tid 105986
target_page_id id: 1 tid 105986
0 1 tid 105986
365 2 tid 105986
141 tid 105986
Insert  tid 105986
FindTargetPageId rootid 3 tid 105987
target_page_id id: 1 tid 105987
0 1 tid 105987
365 2 tid 105987
142 tid 105987
Remove  tid 105987
FindTargetPageId rootid 3 tid 105988
target_page_id id: 1 tid 105988
0 1 tid 105988
365 2 tid 105988
142 tid 105988
Insert  tid 105988
FindTargetPageId rootid 3 tid 105986
target_page_id id: 1 tid 105986
0 1 tid 105986
365 2 tid 105986
142 tid 105986
Insert  tid 105986
FindTargetPageId rootid 3 tid 105987
target_page_id id: 1 tid 105987
0 1 tid 105987
365 2 tid 105987
143 tid 105987
Remove  tid 105987
FindTargetPageId rootid 3 tid 105988
target_page_id id: 1 tid 105988
0 1 tid 105988
365 2 tid 105988
143 tid 105988
Insert  tid 105988
FindTargetPageId rootid 3 tid 105988
target_page_id id: 1 tid 105988
0 1 tid 105988
365 2 tid 105988
143 tid 105988
FindTargetPageId rootid Insert 3 tid  tid 105986
105988
target_page_id id: 1 tid 105986
0 1 tid 105986
365 2 tid 105986
143 tid 105986
FindTargetPageId rootid 3 tid 105988
target_page_id id: 1 tid 105988
0 1 tid 105988
365 2 tid 105988
144 tid 105988
Insert  tid 105988
FindTargetPageId rootid 3 tid 105988
target_page_id id: 1 tid 105988
0 1 tid Insert 105988 tid 
365 2 tid 105988
144 tid 105988
105986
Insert  tid 105988
FindTargetPageId rootid 3 tid 105986
target_page_id id: 1 tid 105986
0 1 tid 105986
365 2 tid 105986
144 tid 105986
Insert  tid 105986
FindTargetPageId rootid 3 tid 105986
target_page_id id: 1 tid 105986
0 1 tid 105986
365 2 tid 105986
145 tid 105986
Insert  tid 105986
FindTargetPageId rootid 3 tid 105987
target_page_id id: 1 tid 105987
0 1 tid 105987
365 2 tid 105987
146 tid 105987
Remove  tid 105987
FindTargetPageId rootid 3 tid 105987
target_page_id id: 1 tid 105987
0 1 tid 105987
365 2 tid 105987
146 tid 105987
Remove  tid 105987
FindTargetPageId rootid 3 tid 105986
target_page_id id: 1 tid 105986
0 1 tid 105986
365 2 tid 105986
146 tid 105986
Insert  tid 105986
FindTargetPageId rootid 3 tid 105988
target_page_id id: 1 tid 105988
0 1 tid 105988
365 2 tid 105988
147 tid 105988
Insert  tid 105988
FindTargetPageId rootid 3 tid 105987
target_page_id id: 1 tid 105987
0 1 tid 105987
365 2 tid 105987
147 tid 105987
Remove  tid 105987
FindTargetPageId rootid 3 tid 105986
target_page_id id: 1 tid 105986
0 1 tid 105986
365 2 tid 105986
147 tid 105986
Insert  tid 105986
FindTargetPageId rootid 3 tid 105988
target_page_id id: 1 tid 105988
0 1 tid 105988
365 2 tid 105988
148 tid 105988
Insert  tid 105988
FindTargetPageId rootid 3 tid 105987
target_page_id id: 1 tid 105987
0 1 tid 105987
365 2 tid 105987
148 tid 105987
Remove  tid 105987
FindTargetPageId rootid 3 tid 105986
target_page_id id: 1 tid 105986
0 1 tid 105986
365 2 tid 105986
148 tid 105986
Insert  tid 105986
FindTargetPageId rootid 3 tid 105988
target_page_id id: 1 tid 105988
0 1 tid 105988
365 2 tid 105988
149 tid 105988
Insert  tid 105988
FindTargetPageId rootid 3 tid 105987
target_page_id id: 1 tid 105987
0 1 tid 105987
365 2 tid 105987
149 tid 105987
Remove  tid 105987
FindTargetPageId rootid 3 tid 105986
target_page_id id: 1 tid 105986
0 1 tid 105986
365 2 tid 105986
149 tid 105986
Insert  tid 105986
FindTargetPageId rootid 3 tid 105988
target_page_id id: 1 tid 105988
0 1 tid 105988
365 2 tid 105988
150 tid 105988
Insert  tid 105988
FindTargetPageId rootid 3 tid 105987
target_page_id id: 1 tid 105987
0 1 tid 105987
365 2 tid 105987
150 tid 105987
Remove  tid 105987
FindTargetPageId rootid 3 tid 105986
target_page_id id: 1 tid 105986
0 1 tid 105986
365 2 tid 105986
150 tid 105986
Insert  tid 105986
FindTargetPageId rootid 3 tid 105986
target_page_id id: 1 tid 105986
0 1 tid 105986
365 2 tid 105986
151 tid 105986
Insert  tid 105986
FindTargetPageId rootid 3 tid 105987
target_page_id id: 1 tid 105987
0 1 tid 105987
365 2 tid 105987
152 tid 105987
Remove  tid 105987
FindTargetPageId rootid 3 tid 105988
target_page_id id: 1 tid 105988
0 1 tid 105988
365 2 tid 105988
152 tid 105988
Insert  tid 105988
FindTargetPageId rootid 3 tid 105986
target_page_id id: 1 tid 105986
0 1 tid 105986
365 2 tid 105986
152 tid 105986
Insert  tid 105986
FindTargetPageId rootid 3 tid 105987
target_page_id id: 1 tid 105987
0 1 tid 105987
365 2 tid 105987
153 tid 105987
Remove  tid 105987
FindTargetPageId rootid 3 tid 105987
target_page_id id: 1 tid 105987
0 1 tid 105987
365 2 tid 105987
153 tid 105987
Remove  tid 105987
FindTargetPageId rootid 3 tid 105987
target_page_id id: 1 tid 105987
0 1 tid 105987
365 2 tid 105987
153 tid 105987
Remove  tid 105987
FindTargetPageId rootid 3 tid 105986
target_page_id id: 1 tid 105986
0 1 tid 105986
365 2 tid 105986
153 tid 105986
Insert  tid 105986
FindTargetPageId rootid 3 tid 105986
target_page_id id: 1 tid 105986
0 1 tid 105986
365 2 tid 105986
154 tid 105986
Insert  tid 105986
FindTargetPageId rootid 3 tid 105987
target_page_id id: 1 tid 105987
0 1 tid 105987
365 2 tid 105987
155 tid 105987
Remove  tid 105987
FindTargetPageId rootid 3 tid 105987
target_page_id id: 1 tid 105987
0 1 tid 105987
365 2 tid 105987
155 tid 105987
Remove  tid 105987
FindTargetPageId rootid 3 tid 105988
target_page_id id: 1 tid 105988
0 1 tid 105988
365 2 tid 105988
155 tid 105988
Insert  tid 105988
FindTargetPageId rootid 3 tid 105986
target_page_id id: 1 tid 105986
0 1 tid 105986
365 2 tid 105986
155 tid 105986
Insert  tid 105986
FindTargetPageId rootid 3 tid 105987
target_page_id id: 1 tid 105987
0 1 tid 105987
365 2 tid 105987
156 tid 105987
Remove  tid 105987
FindTargetPageId rootid 3 tid 105988
target_page_id id: 1 tid 105988
0 1 tid 105988
365 2 tid 105988
156 tid 105988
Insert  tid 105988
FindTargetPageId rootid 3 tid 105988
target_page_id id: 1 tid 105988
0 1 tid 105988
365 2 tid 105988
156 tid 105988
Insert  tid 105988
FindTargetPageId rootid 3 tid 105986
target_page_id id: 1 tid 105986
0 1 tid 105986
365 2 tid 105986
156 tid 105986
Insert  tid 105986
FindTargetPageId rootid 3 tid 105987
target_page_id id: 1 tid 105987
0 1 tid 105987
365 2 tid 105987
157 tid 105987
Remove  tid 105987
FindTargetPageId rootid 3 tid 105988
target_page_id id: 1 tid 105988
0 1 tid 105988
365 2 tid 105988
157 tid 105988
Insert  tid 105988
FindTargetPageId rootid 3 tid 105986
target_page_id id: 1 tid 105986
0 1 tid 105986
365 2 tid 105986
157 tid 105986
Insert  tid 105986
FindTargetPageId rootid 3 tid 105986
target_page_id id: 1 tid 105986
0 1 tid 105986
365 2 tid 105986
158 tid 105986
Insert  tid 105986
FindTargetPageId rootid 3 tid 105987
target_page_id id: 1 tid 105987
0 1 tid 105987
365 2 tid 105987
159 tid 105987
Remove  tid 105987
FindTargetPageId rootid 3 tid 105988
target_page_id id: 1 tid 105988
0 1 tid 105988
365 2 tid 105988
159 tid 105988
Insert  tid 105988
FindTargetPageId rootid 3 tid 105986
target_page_id id: 1 tid 105986
0 1 tid 105986
365 2 tid 105986
159 tid 105986
Insert  tid 105986
FindTargetPageId rootid 3 tid 105987
target_page_id id: 1 tid 105987
0 1 tid 105987
365 2 tid 105987
160 tid 105987
Remove  tid 105987
FindTargetPageId rootid 3 tid 105987
target_page_id id: 1 tid 105987
0 1 tid 105987
365 2 tid 105987
160 tid 105987
Remove  tid 105987
FindTargetPageId rootid 3 tid 105987
target_page_id id: 1 tid 105987
0 1 tid 105987
365 2 tid 105987
160 tid 105987
Remove  tid 105987
FindTargetPageId rootid 3 tid 105987
target_page_id id: 1 tid 105987
0 1 tid 105987
365 2 tid 105987
160 tid 105987
Remove  tid 105987
FindTargetPageId rootid 3 tid 105987
target_page_id id: 1 tid 105987
0 1 tid 105987
365 2 tid 105987
160 tid 105987
Remove  tid 105987
FindTargetPageId rootid 3 tid 105988
target_page_id id: 1 tid 105988
0 1 tid 105988
365 2 tid 105988
160 tid 105988
Insert  tid 105988
FindTargetPageId rootid 3 tid 105986
target_page_id id: 1 tid 105986
0 1 tid 105986
365 2 tid 105986
160 tid 105986
Insert  tid 105986
FindTargetPageId rootid 3 tid 105987
target_page_id id: 1 tid 105987
0 1 tid 105987
365 2 tid 105987
161 tid 105987
Remove  tid 105987
FindTargetPageId rootid 3 tid 105988
target_page_id id: 1 tid 105988
0 1 tid 105988
365 2 tid 105988
161 tid 105988
Insert  tid 105988
FindTargetPageId rootid 3 tid 105988
target_page_id id: 1 tid 105988
0 1 tid 105988
365 2 tid 105988
161 tid 105988
Insert  tid 105988
FindTargetPageId rootid 3 tid 105988
target_page_id id: 1 tid 105988
0 1 tid 105988
365 2 tid 105988
161 tid 105988
Insert  tid 105988
FindTargetPageId rootid 3 tid 105988
target_page_id id: 1 tid 105988
0 1 tid 105988
365 2 tid 105988
161 tid 105988
Insert  tid 105988
FindTargetPageId rootid 3 tid 105987
target_page_id id: 1 tid 105987
0 1 tid 105987
365 2 tid 105987
161 tid 105987
Remove  tid 105987
FindTargetPageId rootid 3 tid 105986
target_page_id id: 1 tid 105986
0 1 tid 105986
365 2 tid 105986
161 tid 105986
Insert  tid 105986
FindTargetPageId rootid 3 tid 105988
target_page_id id: 1 tid 105988
0 1 tid 105988
365 2 tid 105988
162 tid 105988
Insert  tid 105988
FindTargetPageId rootid 3 tid 105987
target_page_id id: 1 tid 105987
0 1 tid 105987
365 2 tid 105987
162 tid 105987
Remove  tid 105987
FindTargetPageId rootid 3 tid 105986
target_page_id id: 1 tid 105986
0 1 tid 105986
365 2 tid 105986
162 tid 105986
Insert  tid 105986
FindTargetPageId rootid 3 tid 105988
target_page_id id: 1 tid 105988
0 1 tid 105988
365 2 tid 105988
163 tid 105988
Insert  tid 105988
FindTargetPageId rootid 3 tid 105987
target_page_id id: 1 tid 105987
0 1 tid 105987
365 2 tid 105987
163 tid 105987
Remove  tid 105987
FindTargetPageId rootid 3 tid 105986
target_page_id id: 1 tid 105986
0 1 tid 105986
365 2 tid 105986
163 tid 105986
Insert  tid 105986
FindTargetPageId rootid 3 tid 105988
target_page_id id: 1 tid 105988
0 1 tid 105988
365 2 tid 105988
164 tid 105988
Insert  tid 105988
FindTargetPageId rootid 3 tid 105987
target_page_id id: 1 tid 105987
0 1 tid 105987
365 2 tid 105987
164 tid 105987
Remove  tid 105987
FindTargetPageId rootid 3 tid 105986
target_page_id id: 1 tid 105986
0 1 tid 105986
365 2 tid 105986
164 tid 105986
FindTargetPageId rootid 3 tid 105987
Insert  tid 105986
target_page_id id: 1 tid 105987
0 1 tid 105987
365 2 tid 105987
165 tid 105987
Remove  tid 105987
FindTargetPageId rootid 3 tid 105987
target_page_id id: 1 tid 105987
0 1 tid 105987
365 2 tid 105987
165 tid 105987
Remove  tid 105987
FindTargetPageId rootid 3 tid 105987
target_page_id id: 1 tid 105987
0 1 tid 105987
365 2 tid 105987
165 tid 105987
Remove  tid 105987
FindTargetPageId rootid 3 tid 105988
target_page_id id: 1 tid 105988
0 1 tid 105988
365 2 tid 105988
165 tid 105988
Insert  tid 105988
FindTargetPageId rootid 3 tid 105986
target_page_id id: 1 tid 105986
0 1 tid 105986
365 2 tid 105986
165 tid 105986
Insert  tid 105986
FindTargetPageId rootid 3 tid 105987
target_page_id id: 1 tid 105987
0 1 tid 105987
365 2 tid 105987
166 tid 105987
Remove  tid 105987
FindTargetPageId rootid 3 tid 105987
target_page_id id: 1 tid 105987
0 1 tid 105987
365 2 tid 105987
166 tid 105987
Remove  tid 105987
FindTargetPageId rootid 3 tid 105987
target_page_id id: 1 tid 105987
0 1 tid 105987
365 2 tid 105987
166 tid 105987
Remove  tid 105987
FindTargetPageId rootid 3 tid 105987
target_page_id id: 1 tid 105987
0 1 tid 105987
365 2 tid 105987
166 tid 105987
Remove  tid 105987
FindTargetPageId rootid 3 tid 105987
target_page_id id: 1 tid 105987
0 1 tid 105987
365 2 tid 105987
166 tid 105987
Remove  tid 105987
FindTargetPageId rootid 3 tid 105987
target_page_id id: 1 tid 105987
0 1 tid 105987
365 2 tid 105987
166 tid 105987
Remove  tid 105987
FindTargetPageId rootid 3 tid 105987
target_page_id id: 1 tid 105987
0 1 tid 105987
365 2 tid 105987
166 tid 105987
Remove  tid 105987
FindTargetPageId rootid 3 tid 105987
target_page_id id: 1 tid 105987
0 1 tid 105987
365 2 tid 105987
166 tid 105987
Remove  tid 105987
FindTargetPageId rootid 3 tid 105986
target_page_id id: 1 tid 105986
0 1 tid 105986
365 2 tid 105986
166 tid 105986
Insert  tid 105986
FindTargetPageId rootid 3 tid 105988
target_page_id id: 1 tid 105988
0 1 tid 105988
365 2 tid 105988
167 tid 105988
Insert  tid 105988
FindTargetPageId rootid 3 tid 105987
target_page_id id: 1 tid 105987
0 1 tid 105987
365 2 tid 105987
167 tid 105987
Remove  tid 105987
FindTargetPageId rootid 3 tid 105987
target_page_id id: 1 tid 105987
0 1 tid 105987
365 2 tid 105987
167 tid 105987
Remove  tid 105987
FindTargetPageId rootid 3 tid 105987
target_page_id id: 1 tid 105987
0 1 tid 105987
365 2 tid 105987
167 tid 105987
Remove  tid 105987
FindTargetPageId rootid 3 tid 105987
target_page_id id: 1 tid 105987
0 1 tid 105987
365 2 tid 105987
167 tid 105987
Remove  tid 105987
FindTargetPageId rootid 3 tid 105987
target_page_id id: 1 tid 105987
0 1 tid 105987
365 2 tid 105987
167 tid 105987
Remove  tid 105987
FindTargetPageId rootid 3 tid 105987
target_page_id id: 1 tid 105987
0 1 tid 105987
365 2 tid 105987
167 tid 105987
Remove  tid 105987
FindTargetPageId rootid 3 tid 105987
target_page_id id: 1 tid 105987
0 1 tid 105987
365 2 tid 105987
167 tid 105987
Remove  tid 105987
FindTargetPageId rootid 3 tid 105987
target_page_id id: 1 tid 105987
0 1 tid 105987
365 2 tid 105987
167 tid 105987
Remove  tid 105987
FindTargetPageId rootid 3 tid 105986
target_page_id id: 1 tid 105986
0 1 tid 105986
365 2 tid 105986
167 tid 105986
Insert  tid 105986
FindTargetPageId rootid 3 tid 105986
target_page_id id: 1 tid 105986
0 1 tid 105986
365 2 tid 105986
168 tid 105986
Insert  tid 105986
FindTargetPageId rootid 3 tid 105988
target_page_id id: 1 tid 105988
0 1 tid 105988
365 2 tid 105988
169 tid 105988
Insert  tid 105988
FindTargetPageId rootid 3 tid 105987
target_page_id id: 1 tid 105987
0 1 tid 105987
365 2 tid 105987
169 tid 105987
Remove  tid 105987
FindTargetPageId rootid 3 tid 105987
target_page_id id: 1 tid 105987
0 1 tid 105987
365 2 tid 105987
169 tid 105987
Remove  tid 105987
FindTargetPageId rootid 3 tid 105987
target_page_id id: 1 tid 105987
0 1 tid 105987
365 2 tid 105987
169 tid 105987
Remove  tid 105987
FindTargetPageId rootid 3 tid 105986
target_page_id id: 1 tid 105986
0 1 tid 105986
365 2 tid 105986
169 tid 105986
Insert  tid 105986
FindTargetPageId rootid 3 tid 105986
target_page_id id: 1 tid 105986
0 1 tid 105986
365 2 tid 105986
170 tid 105986
Insert  tid 105986
FindTargetPageId rootid 3 tid 105986
target_page_id id: 1 tid 105986
0 1 tid 105986
365 2 tid 105986
171 tid 105986
Insert  tid 105986
FindTargetPageId rootid 3 tid 105986
target_page_id id: 1 tid 105986
0 1 tid 105986
365 2 tid 105986
172 tid 105986
Insert  tid 105986
FindTargetPageId rootid 3 tid 105986
target_page_id id: 1 tid 105986
0 1 tid 105986
365 2 tid 105986
173 tid 105986
Insert  tid 105986
FindTargetPageId rootid 3 tid 105988
target_page_id id: 1 tid 105988
0 1 tid 105988
365 2 tid 105988
174 tid 105988
Insert  tid 105988
FindTargetPageId rootid 3 tid 105987
target_page_id id: 1 tid 105987
0 1 tid 105987
365 2 tid 105987
174 tid 105987
Remove  tid 105987
FindTargetPageId rootid 3 tid 105986
target_page_id id: 1 tid 105986
0 1 tid 105986
365 2 tid 105986
174 tid 105986
Insert  tid 105986
FindTargetPageId rootid 3 tid 105988
target_page_id id: 1 tid 105988
0 1 tid 105988
365 2 tid 105988
175 tid 105988
FindTargetPageId rootid 3 tid 105987
Insert  tid target_page_id id: 1 tid 105987
0 1 tid 105987
365 2 tid 105987
175 tid 105987
105988
Remove  tid 105987
FindTargetPageId rootid 3 tid 105988
target_page_id id: 1 tid 105988
0 1 tid 105988
365 2 tid 105988
175 tid 105988
Insert  tid 105988
FindTargetPageId rootid 3 tid 105986
target_page_id id: 1 tid 105986
0 1 tid 105986
365 2 tid 105986
175 tid 105986
Insert  tid 105986
FindTargetPageId rootid 3 tid 105987
target_page_id id: 1 tid 105987
0 1 tid 105987
365 2 tid 105987
176 tid 105987
Remove  tid 105987
FindTargetPageId rootid 3 tid 105988
target_page_id id: 1 tid 105988
0 1 tid 105988
365 2 tid 105988
176 tid 105988
Insert  tid 105988
FindTargetPageId rootid 3 tid 105986
target_page_id id: 1 tid 105986
0 1 tid 105986
365 2 tid 105986
176 tid 105986
Insert  tid 105986
FindTargetPageId rootid 3 tid 105987
target_page_id id: 1 tid 105987
0 1 tid 105987
365 2 tid 105987
177 tid 105987
FindTargetPageId rootid 3 tid Remove  tid 105988
target_page_id id: 1 tid 105988
105987
0 1 tid 105988
365 2 tid 105988
177 tid 105988
Insert  tid 105988
FindTargetPageId rootid 3 tid 105986
target_page_id id: 1 tid 105986
0 1 tid 105986
365 2 tid 105986
177 tid 105986
Insert  tid 105986
FindTargetPageId rootid 3 tid 105987
target_page_id id: 1 tid 105987
0 1 tid 105987
365 2 tid 105987
178 tid 105987
Remove  tid 105987
FindTargetPageId rootid 3 tid 105988
target_page_id id: 1 tid 105988
0 1 tid 105988
365 2 tid 105988
178 tid 105988
Insert  tid 105988
FindTargetPageId rootid 3 tid 105986
target_page_id id: 1 tid 105986
0 1 tid 105986
365 2 tid 105986
178 tid 105986
Insert  tid 105986
FindTargetPageId rootid 3 tid 105986
target_page_id id: 1 tid 105986
0 1 tid 105986
365 2 tid 105986
179 tid 105986
Insert  tid 105986
FindTargetPageId rootid 3 tid 105988
target_page_id id: 1 tid 105988
0 1 tid 105988
365 2 tid 105988
180 tid 105988
Insert  tid 105988
FindTargetPageId rootid 3 tid 105987
target_page_id id: 1 tid 105987
0 1 tid 105987
365 2 tid 105987
180 tid 105987
Remove  tid 105987
FindTargetPageId rootid 3 tid 105986
target_page_id id: 1 tid 105986
0 1 tid 105986
365 2 tid 105986
180 tid 105986
Insert  tid 105986
FindTargetPageId rootid 3 tid 105988
target_page_id id: 1 tid 105988
0 1 tid 105988
365 2 tid 105988
181 tid 105988
Insert  tid 105988
FindTargetPageId rootid 3 tid 105987
target_page_id id: 1 tid 105987
0 1 tid 105987
365 2 tid 105987
181 tid 105987
FindTargetPageId rootid 3 tid 105986
target_page_id id: 1 tid 105986
0 1 tid 105986
365 2 tid 105986
181 tid 105986
Remove  tid 105987
Insert  tid 105986
FindTargetPageId rootid 3 tid 105987
target_page_id id: 1 tid 105987
0 1 tid 105987
365 2 tid 105987
182 tid 105987
Remove  tid 105987
FindTargetPageId rootid 3 tid 105986
target_page_id id: 1 tid 105986
0 1 tid 105986
365 2 tid 105986
182 tid 105986
Insert  tid 105986
FindTargetPageId rootid 3 tid 105988
target_page_id id: 1 tid 105988
0 1 tid 105988
365 2 tid 105988
183 tid 105988
Insert  tid 105988
FindTargetPageId rootid 3 tid 105987
target_page_id id: 1 tid 105987
0 1 tid 105987
365 2 tid 105987
183 tid 105987
Remove  tid 105987
FindTargetPageId rootid 3 tid 105986
target_page_id id: 1 tid 105986
0 1 tid 105986
365 2 tid 105986
183 tid 105986
Insert  tid 105986
FindTargetPageId rootid 3 tid 105986
target_page_id id: 1 tid 105986
0 1 tid 105986
365 2 tid 105986
184 tid 105986
Insert  tid 105986
FindTargetPageId rootid 3 tid 105986
target_page_id id: 1 tid 105986
0 1 tid 105986
365 2 tid 105986
185 tid 105986
Insert  tid 105986
FindTargetPageId rootid 3 tid 105986
target_page_id id: 1 tid 105986
0 1 tid 105986
365 2 tid 105986
186 tid 105986
Insert  tid 105986
FindTargetPageId rootid 3 tid 105986
target_page_id id: 1 tid 105986
0 1 tid 105986
365 2 tid 105986
187 tid 105986
Insert  tid 105986
FindTargetPageId rootid 3 tid 105988
target_page_id id: 1 tid 105988
0 1 tid 105988
365 2 tid 105988
188 tid 105988
Insert  tid 105988
FindTargetPageId rootid 3 tid 105988
target_page_id id: 1 tid 105988
0 1 tid 105988
365 2 tid 105988
188 tid 105988
Insert  tid 105988
FindTargetPageId rootid 3 tid 105988
target_page_id id: 1 tid 105988
0 1 tid 105988
365 2 tid 105988
188 tid 105988
Insert  tid 105988
FindTargetPageId rootid 3 tid 105986
target_page_id id: 1 tid 105986
0 1 tid 105986
365 2 tid 105986
188 tid 105986
Insert  tid 105986
FindTargetPageId rootid 3 tid 105986
target_page_id id: 1 tid 105986
0 1 tid 105986
365 2 tid 105986
189 tid 105986
Insert  tid 105986
FindTargetPageId rootid 3 tid 105986
target_page_id id: 1 tid 105986
0 1 tid 105986
365 2 tid 105986
190 tid 105986
Insert  tid 105986
FindTargetPageId rootid 3 tid 105986
target_page_id id: 1 tid 105986
0 1 tid 105986
365 2 tid 105986
191 tid 105986
Insert  tid 105986
FindTargetPageId rootid 3 tid 105986
target_page_id id: 1 tid 105986
0 1 tid 105986
365 2 tid 105986
192 tid 105986
Insert  tid 105986
FindTargetPageId rootid 3 tid 105986
target_page_id id: 1 tid 105986
0 1 tid 105986
365 2 tid 105986
193 tid 105986
Insert  tid 105986
FindTargetPageId rootid 3 tid 105986
target_page_id id: 1 tid 105986
0 1 tid 105986
365 2 tid 105986
194 tid 105986
Insert  tid 105986
FindTargetPageId rootid 3 tid 105987
target_page_id id: 1 tid 105987
0 1 tid 105987
365 2 tid 105987
195 tid 105987
Remove  tid 105987
FindTargetPageId rootid 3 tid 105987
target_page_id id: 1 tid 105987
0 1 tid 105987
365 2 tid 105987
195 tid 105987
Remove  tid 105987
FindTargetPageId rootid 3 tid 105987
target_page_id id: 1 tid 105987
0 1 tid 105987
365 2 tid 105987
195 tid 105987
Remove  tid 105987
FindTargetPageId rootid 3 tid 105987
target_page_id id: 1 tid 105987
0 1 tid 105987
365 2 tid 105987
195 tid 105987
Remove  tid 105987
FindTargetPageId rootid 3 tid 105987
target_page_id id: 1 tid 105987
0 1 tid 105987
365 2 tid 105987
195 tid 105987
Remove  tid 105987
FindTargetPageId rootid 3 tid 105987
target_page_id id: 1 tid 105987
0 1 tid 105987
365 2 tid 105987
195 tid 105987
Remove  tid 105987
FindTargetPageId rootid 3 tid 105987
target_page_id id: 1 tid 105987
0 1 tid 105987
365 2 tid 105987
195 tid 105987
Remove  tid 105987
FindTargetPageId rootid 3 tid 105987
target_page_id id: 1 tid 105987
0 1 tid 105987
365 2 tid 105987
195 tid 105987
Remove  tid 105987
FindTargetPageId rootid 3 tid 105987
target_page_id id: 1 tid 105987
0 1 tid 105987
365 2 tid 105987
195 tid 105987
Remove  tid 105987
FindTargetPageId rootid 3 tid 105987
target_page_id id: 1 tid 105987
0 1 tid 105987
365 2 tid 105987
195 tid 105987
Remove  tid 105987
FindTargetPageId rootid 3 tid 105987
target_page_id id: 1 tid 105987
0 1 tid 105987
365 2 tid 105987
195 tid 105987
Remove  tid 105987
FindTargetPageId rootid 3 tid 105987
target_page_id id: 1 tid 105987
0 1 tid 105987
365 2 tid 105987
195 tid 105987
Remove  tid 105987
FindTargetPageId rootid 3 tid 105987
target_page_id id: 1 tid 105987
0 1 tid 105987
365 2 tid 105987
195 tid 105987
Remove  tid 105987
FindTargetPageId rootid 3 tid 105986
target_page_id id: 1 tid 105986
0 1 tid 105986
365 2 tid 105986
195 tid 105986
Insert  tid 105986
FindTargetPageId rootid 3 tid 105988
target_page_id id: 1 tid 105988
0 1 tid 105988
365 2 tid 105988
196 tid 105988
Insert  tid 105988
FindTargetPageId rootid 3 tid 105987
target_page_id id: 1 tid 105987
0 1 tid 105987
365 2 tid 105987
196 tid 105987
Remove  tid 105987
FindTargetPageId rootid 3 tid 105987
target_page_id id: 1 tid 105987
0 1 tid 105987
365 2 tid 105987
196 tid 105987
Remove  tid 105987
FindTargetPageId rootid 3 tid 105986
target_page_id id: 1 tid 105986
0 1 tid 105986
365 2 tid 105986
196 tid 105986
Insert  tid 105986
FindTargetPageId rootid 3 tid 105986
target_page_id id: 1 tid 105986
0 1 tid 105986
365 2 tid 105986
197 tid 105986
Insert  tid 105986
FindTargetPageId rootid 3 tid 105986
target_page_id id: 1 tid 105986
0 1 tid 105986
365 2 tid 105986
198 tid 105986
Insert  tid 105986
FindTargetPageId rootid 3 tid 105986
target_page_id id: 1 tid 105986
0 1 tid 105986
365 2 tid 105986
199 tid 105986
Insert  tid 105986
FindTargetPageId rootid 3 tid 105986
target_page_id id: 1 tid 105986
0 1 tid 105986
365 2 tid 105986
200 tid 105986
Insert  tid 105986
FindTargetPageId rootid 3 tid 105986
target_page_id id: 1 tid 105986
0 1 tid 105986
365 2 tid 105986
201 tid 105986
Insert  tid 105986
FindTargetPageId rootid 3 tid 105986
target_page_id id: 1 tid 105986
0 1 tid 105986
365 2 tid 105986
202 tid 105986
Insert  tid 105986
FindTargetPageId rootid 3 tid 105986
target_page_id id: 1 tid 105986
0 1 tid 105986
365 2 tid 105986
203 tid 105986
Insert  tid 105986
FindTargetPageId rootid 3 tid 105988
target_page_id id: 1 tid 105988
0 1 tid 105988
365 2 tid 105988
204 tid 105988
Insert  tid 105988
FindTargetPageId rootid 3 tid 105987
target_page_id id: 1 tid 105987
0 1 tid 105987
365 2 tid 105987
204 tid 105987
Remove  tid 105987
FindTargetPageId rootid 3 tid 105987
target_page_id id: 1 tid 105987
0 1 tid 105987
365 2 tid 105987
204 tid 105987
Remove  tid 105987
FindTargetPageId rootid 3 tid 105987
target_page_id id: 1 tid 105987
0 1 tid 105987
365 2 tid 105987
204 tid 105987
Remove  tid 105987
FindTargetPageId rootid 3 tid 105988
target_page_id id: 1 tid 105988
0 1 tid 105988
365 2 tid 105988
204 tid 105988
Insert  tid 105988
FindTargetPageId rootid 3 tid 105988
target_page_id id: 1 tid 105988
0 1 tid 105988
365 2 tid 105988
204 tid 105988
Insert  tid 105988
FindTargetPageId rootid 3 tid 105988
target_page_id id: 1 tid 105988
0 1 tid 105988
365 2 tid 105988
204 tid 105988
Insert  tid 105988
FindTargetPageId rootid 3 tid 105988
target_page_id id: 1 tid 105988
0 1 tid 105988
365 2 tid 105988
204 tid 105988
Insert  tid 105988
FindTargetPageId rootid 3 tid 105987
target_page_id id: 1 tid 105987
0 1 tid 105987
365 2 tid 105987
204 tid 105987
Remove  tid 105987
FindTargetPageId rootid 3 tid 105987
target_page_id id: 1 tid 105987
0 1 tid 105987
365 2 tid 105987
204 tid 105987
Remove  tid 105987
FindTargetPageId rootid 3 tid 105987
target_page_id id: 1 tid 105987
0 1 tid 105987
365 2 tid 105987
204 tid 105987
Remove  tid 105987
FindTargetPageId rootid 3 tid 105986
target_page_id id: 1 tid 105986
0 1 tid 105986
365 2 tid 105986
204 tid 105986
Insert  tid 105986
FindTargetPageId rootid 3 tid 105986
target_page_id id: 1 tid 105986
0 1 tid 105986
365 2 tid 105986
205 tid 105986
Insert  tid 105986
FindTargetPageId rootid 3 tid 105986
target_page_id id: 1 tid 105986
0 1 tid 105986
365 2 tid 105986
206 tid 105986
Insert  tid 105986
FindTargetPageId rootid 3 tid 105986
target_page_id id: 1 tid 105986
0 1 tid 105986
365 2 tid 105986
207 tid 105986
Insert  tid 105986
FindTargetPageId rootid 3 tid 105986
target_page_id id: 1 tid 105986
0 1 tid 105986
365 2 tid 105986
208 tid 105986
Insert  tid 105986
FindTargetPageId rootid 3 tid 105986
target_page_id id: 1 tid 105986
0 1 tid 105986
365 2 tid 105986
209 tid 105986
Insert  tid 105986
FindTargetPageId rootid 3 tid 105988
target_page_id id: 1 tid 105988
0 1 tid 105988
365 2 tid 105988
210 tid 105988
Insert  tid 105988
FindTargetPageId rootid 3 tid 105988
target_page_id id: 1 tid 105988
0 1 tid 105988
365 2 tid 105988
210 tid 105988
Insert  tid 105988
FindTargetPageId rootid 3 tid 105988
target_page_id id: 1 tid 105988
0 1 tid 105988
365 2 tid 105988
210 tid 105988
Insert  tid 105988
FindTargetPageId rootid 3 tid 105988
target_page_id id: 1 tid 105988
0 1 tid 105988
365 2 tid 105988
210 tid 105988
Insert  tid 105988
FindTargetPageId rootid 3 tid 105988
target_page_id id: 1 tid 105988
0 1 tid 105988
365 2 tid 105988
210 tid 105988
Insert  tid 105988
FindTargetPageId rootid 3 tid 105988
target_page_id id: 1 tid 105988
0 1 tid 105988
365 2 tid 105988
210 tid 105988
Insert  tid 105988
FindTargetPageId rootid 3 tid 105987
target_page_id id: 1 tid 105987
0 1 tid 105987
365 2 tid 105987
210 tid 105987
Remove  tid 105987
FindTargetPageId rootid 3 tid 105987
target_page_id id: 1 tid 105987
0 1 tid 105987
365 2 tid 105987
210 tid 105987
Remove  tid 105987
FindTargetPageId rootid 3 tid 105987
target_page_id id: 1 tid 105987
0 1 tid 105987
365 2 tid 105987
210 tid 105987
Remove  tid 105987
FindTargetPageId rootid 3 tid 105988
target_page_id id: 1 tid 105988
0 1 tid 105988
365 2 tid 105988
210 tid 105988
Insert  tid 105988
FindTargetPageId rootid 3 tid 105986
target_page_id id: 1 tid 105986
0 1 tid 105986
365 2 tid 105986
210 tid 105986
Insert  tid 105986
FindTargetPageId rootid 3 tid 105986
target_page_id id: 1 tid 105986
0 1 tid 105986
365 2 tid 105986
211 tid 105986
Insert  tid 105986
FindTargetPageId rootid 3 tid 105987
target_page_id id: 1 tid 105987
0 1 tid 105987
365 2 tid 105987
212 tid 105987
Remove  tid 105987
FindTargetPageId rootid 3 tid 105988
target_page_id id: 1 tid 105988
0 1 tid 105988
365 2 tid 105988
212 tid 105988
Insert  tid 105988
FindTargetPageId rootid 3 tid 105988
target_page_id id: 1 tid 105988
0 1 tid 105988
365 2 tid 105988
212 tid 105988
Insert  tid 105988
FindTargetPageId rootid 3 tid 105988
target_page_id id: 1 tid 105988
0 1 tid 105988
365 2 tid 105988
212 tid 105988
Insert  tid 105988
FindTargetPageId rootid 3 tid 105988
target_page_id id: 1 tid 105988
0 1 tid 105988
365 2 tid 105988
212 tid 105988
Insert  tid 105988
FindTargetPageId rootid 3 tid 105988
target_page_id id: 1 tid 105988
0 1 tid 105988
365 2 tid 105988
212 tid 105988
Insert  tid 105988
FindTargetPageId rootid 3 tid 105987
target_page_id id: 1 tid 105987
0 1 tid 105987
365 2 tid 105987
212 tid 105987
Remove  tid 105987
FindTargetPageId rootid 3 tid 105986
target_page_id id: 1 tid 105986
0 1 tid 105986
365 2 tid 105986
212 tid 105986
Insert  tid 105986
FindTargetPageId rootid 3 tid 105986
target_page_id id: 1 tid 105986
0 1 tid 105986
365 2 tid 105986
213 tid 105986
Insert  tid 105986
FindTargetPageId rootid 3 tid 105986
target_page_id id: 1 tid 105986
0 1 tid 105986
365 2 tid 105986
214 tid 105986
Insert  tid 105986
FindTargetPageId rootid 3 tid 105988
target_page_id id: 1 tid 105988
0 1 tid 105988
365 2 tid 105988
215 tid 105988
Insert  tid 105988
FindTargetPageId rootid 3 tid 105987
target_page_id id: 1 tid 105987
0 1 tid 105987
365 2 tid 105987
215 tid 105987
Remove  tid 105987
FindTargetPageId rootid 3 tid 105986
target_page_id id: 1 tid 105986
0 1 tid 105986
365 2 tid 105986
215 tid 105986
Insert  tid 105986
FindTargetPageId rootid 3 tid 105988
target_page_id id: 1 tid 105988
0 1 tid 105988
365 2 tid 105988
216 tid 105988
Insert  tid 105988
FindTargetPageId rootid 3 tid 105987
target_page_id id: 1 tid 105987
0 1 tid 105987
365 2 tid 105987
216 tid 105987
Remove  tid 105987
FindTargetPageId rootid 3 tid 105986
target_page_id id: 1 tid 105986
0 1 tid 105986
365 2 tid 105986
216 tid 105986
Insert  tid 105986
FindTargetPageId rootid 3 tid 105988
target_page_id id: 1 tid 105988
0 1 tid 105988
365 2 tid 105988
217 tid 105988
Insert  tid 105988
FindTargetPageId rootid 3 tid 105988
target_page_id id: 1 tid 105988
0 1 tid 105988
365 2 tid 105988
217 tid 105988
Insert  tid 105988
FindTargetPageId rootid 3 tid 105986
target_page_id id: 1 tid 105986
0 1 tid 105986
365 2 tid 105986
217 tid 105986
Insert  tid 105986
FindTargetPageId rootid 3 tid 105987
target_page_id id: 1 tid 105987
0 1 tid 105987
365 2 tid 105987
218 tid 105987
Remove  tid 105987
FindTargetPageId rootid 3 tid 105987
target_page_id id: 1 tid 105987
0 1 tid 105987
365 2 tid 105987
218 tid 105987
Remove  tid 105987
FindTargetPageId rootid 3 tid 105986
target_page_id id: 1 tid 105986
0 1 tid 105986
365 2 tid 105986
218 tid 105986
Insert  tid 105986
FindTargetPageId rootid 3 tid 105988
target_page_id id: 1 tid 105988
0 1 tid 105988
365 2 tid 105988
219 tid 105988
Insert  tid 105988
FindTargetPageId rootid 3 tid 105988
target_page_id id: 1 tid 105988
0 1 tid 105988
365 2 tid 105988
219 tid 105988
Insert  tid 105988
FindTargetPageId rootid 3 tid 105987
target_page_id id: 1 tid 105987
0 1 tid 105987
365 2 tid 105987
219 tid 105987
Remove  tid 105987
FindTargetPageId rootid 3 tid 105987
target_page_id id: 1 tid 105987
0 1 tid 105987
365 2 tid 105987
219 tid 105987
Remove  tid 105987
FindTargetPageId rootid 3 tid 105987
target_page_id id: 1 tid 105987
0 1 tid 105987
365 2 tid 105987
219 tid 105987
Remove  tid 105987
FindTargetPageId rootid 3 tid 105986
target_page_id id: 1 tid 105986
0 1 tid 105986
365 2 tid 105986
219 tid 105986
Insert  tid 105986
FindTargetPageId rootid 3 tid 105988
target_page_id id: 1 tid 105988
0 1 tid 105988
365 2 tid 105988
220 tid 105988
Insert  tid 105988
FindTargetPageId rootid 3 tid 105988
target_page_id id: 1 tid 105988
0 1 tid 105988
365 2 tid 105988
220 tid 105988
Insert  tid 105988
FindTargetPageId rootid 3 tid 105988
target_page_id id: 1 tid 105988
0 1 tid 105988
365 2 tid 105988
220 tid 105988
Insert  tid 105988
FindTargetPageId rootid 3 tid 105988
target_page_id id: 1 tid 105988
0 1 tid 105988
365 2 tid 105988
220 tid 105988
Insert  tid 105988
FindTargetPageId rootid 3 tid 105986
target_page_id id: 1 tid 105986
0 1 tid 105986
365 2 tid 105986
220 tid 105986
Insert  tid 105986
FindTargetPageId rootid 3 tid 105986
target_page_id id: 1 tid 105986
0 1 tid 105986
365 2 tid 105986
221 tid 105986
Insert  tid 105986
FindTargetPageId rootid 3 tid 105986
target_page_id id: 1 tid 105986
0 1 tid 105986
365 2 tid 105986
222 tid 105986
Insert  tid 105986
FindTargetPageId rootid 3 tid 105986
target_page_id id: 1 tid 105986
0 1 tid 105986
365 2 tid 105986
223 tid 105986
Insert  tid 105986
FindTargetPageId rootid 3 tid 105986
target_page_id id: 1 tid 105986
0 1 tid 105986
365 2 tid 105986
224 tid 105986
Insert  tid 105986
FindTargetPageId rootid 3 tid 105986
target_page_id id: 1 tid 105986
0 1 tid 105986
365 2 tid 105986
225 tid 105986
Insert  tid 105986
FindTargetPageId rootid 3 tid 105986
target_page_id id: 1 tid 105986
0 1 tid 105986
365 2 tid 105986
226 tid 105986
Insert  tid 105986
FindTargetPageId rootid 3 tid 105986
target_page_id id: 1 tid 105986
0 1 tid 105986
365 2 tid 105986
227 tid 105986
Insert  tid 105986
FindTargetPageId rootid 3 tid 105987
target_page_id id: 1 tid 105987
0 1 tid 105987
365 2 tid 105987
228 tid 105987
Remove  tid 105987
FindTargetPageId rootid 3 tid 105987
target_page_id id: 1 tid 105987
0 1 tid 105987
365 2 tid 105987
228 tid 105987
Remove  tid 105987
FindTargetPageId rootid 3 tid 105987
target_page_id id: 1 tid 105987
0 1 tid 105987
365 2 tid 105987
228 tid 105987
Remove  tid 105987
FindTargetPageId rootid 3 tid 105987
target_page_id id: 1 tid 105987
0 1 tid 105987
365 2 tid 105987
228 tid 105987
FindTargetPageId rootid 3 tid 105988
target_page_id id: 1 tid 105988
0 1 tid 105988
365 2 tid 105988
228 tid 105988
Remove  tid 105987
FindTargetPageId rootid 3 tid 105986
target_page_id id: 1 tid 105986
0 1 tid 105986
365 2 tid 105986
228 tid 105986
Insert  tid 105986
Insert FindTargetPageId rootid 3 tid 105986
 tid 105988
target_page_id id: 1 tid 105986
0 1 tid 105986
365 2 tid 105986
229 tid 105986
Insert  tid 105986
FindTargetPageId rootid 3 tid 105987
target_page_id id: 1 tid 105987
0 1 tid 105987
365 2 tid 105987
230 tid 105987
FindTargetPageId rootid 3 tid 105988
target_page_id id: 1 tid 105988
0 1 tid 105988
365 2 tid 105988
230 tid 105988
Insert  tid 105988
Remove  tid FindTargetPageId rootid 3 tid 105988
target_page_id id: 1 tid 105988
0 1 tid 105988
365 2 tid 105988
105987
230 tid 105988
Insert  tid 105988
FindTargetPageId rootid 3 tid 105988
target_page_id id: 1 tid 105988
0 1 tid 105988
365 2 tid 105988
230 tid 105988
Insert  tid 105988
FindTargetPageId rootid 3 tid 105987
target_page_id id: 1 tid 105987
0 1 tid 105987
365 2 tid 105987
230 tid 105987
Remove  tid 105987
FindTargetPageId rootid 3 tid 105986
target_page_id id: 1 tid 105986
0 1 tid 105986
365 2 tid 105986
230 tid 105986
Insert  tid 105986
FindTargetPageId rootid 3 tid 105988
target_page_id id: 1 tid 105988
0 1 tid 105988
365 2 tid 105988
231 tid 105988
Insert  tid 105988
FindTargetPageId rootid 3 tid 105988
target_page_id id: 1 tid 105988
0 1 tid 105988
365 2 tid 105988
231 tid 105988
Insert  tid 105988
FindTargetPageId rootid 3 tid 105987
target_page_id id: 1 tid 105987
0 1 tid 105987
365 2 tid 105987
231 tid 105987
Remove  tid 105987
FindTargetPageId rootid 3 tid 105987
target_page_id id: 1 tid 105987
0 1 tid 105987
365 2 tid 105987
231 tid 105987
Remove  tid 105987
FindTargetPageId rootid 3 tid 105986
target_page_id id: 1 tid 105986
0 1 tid 105986
365 2 tid 105986
231 tid 105986
Insert  tid 105986
FindTargetPageId rootid 3 tid 105988
target_page_id id: 1 tid 105988
0 1 tid 105988
365 2 tid 105988
232 tid 105988
Insert  tid 105988
FindTargetPageId rootid 3 tid 105988
target_page_id id: 1 tid 105988
0 1 tid 105988
365 2 tid 105988
232 tid 105988
Insert  tid 105988
FindTargetPageId rootid 3 tid 105988
target_page_id id: 1 tid 105988
0 1 tid 105988
365 2 tid 105988
232 tid 105988
Insert  tid 105988
FindTargetPageId rootid 3 tid 105988
target_page_id id: 1 tid 105988
0 1 tid 105988
365 2 tid 105988
232 tid 105988
Insert  tid 105988
FindTargetPageId rootid 3 tid 105988
target_page_id id: 1 tid 105988
0 1 tid 105988
365 2 tid 105988
232 tid 105988
Insert  tid 105988
FindTargetPageId rootid 3 tid 105988
target_page_id id: 1 tid 105988
0 1 tid 105988
365 2 tid 105988
232 tid 105988
Insert  tid 105988
FindTargetPageId rootid 3 tid 105988
target_page_id id: 1 tid 105988
0 1 tid 105988
365 2 tid 105988
232 tid 105988
Insert  tid 105988
FindTargetPageId rootid 3 tid 105987
target_page_id id: 1 tid 105987
0 1 tid 105987
365 2 tid 105987
232 tid 105987
Remove  tid 105987
FindTargetPageId rootid 3 tid 105987
target_page_id id: 1 tid 105987
0 1 tid 105987
365 2 tid 105987
232 tid 105987
Remove  tid 105987
FindTargetPageId rootid 3 tid 105987
target_page_id id: 1 tid 105987
0 1 tid 105987
365 2 tid 105987
232 tid 105987
Remove  tid 105987
FindTargetPageId rootid 3 tid 105987
target_page_id id: 1 tid 105987
0 1 tid 105987
365 2 tid 105987
232 tid 105987
Remove  tid 105987
FindTargetPageId rootid 3 tid 105987
target_page_id id: 1 tid 105987
0 1 tid 105987
365 2 tid 105987
232 tid 105987
Remove  tid 105987
FindTargetPageId rootid 3 tid 105988
target_page_id id: 1 tid 105988
0 1 tid 105988
365 2 tid 105988
232 tid 105988
Insert  tid 105988
FindTargetPageId rootid 3 tid 105986
target_page_id id: 1 tid 105986
0 1 tid 105986
365 2 tid 105986
232 tid 105986
Insert  tid 105986
FindTargetPageId rootid 3 tid 105986
target_page_id id: 1 tid 105986
0 1 tid 105986
365 2 tid 105986
233 tid 105986
FindTargetPageId rootid 3 tid 105987
target_page_id id: 1 tid 105987
0 1 tid 105987
365 2 tid 105987
234 tid 105987
Remove  tid 105987
FindTargetPageId rootid 3 tid 105987
target_page_id id: 1 tid 105987
0 1 tid 105987
365 2 tid 105987
234 tid 105987
Insert  tid 105986
Remove  tid 105987
FindTargetPageId rootid 3 tid 105987
target_page_id id: 1 tid 105987
0 1 tid 105987
365 2 tid 105987
234 tid 105987
Remove  tid 105987
FindTargetPageId rootid 3 tid 105988
target_page_id id: 1 tid 105988
0 1 tid 105988
365 2 tid 105988
234 tid 105988
Insert  tid 105988
FindTargetPageId rootid 3 tid 105988
target_page_id id: 1 tid 105988
0 1 tid 105988
365 2 tid 105988
234 tid 105988
Insert  tid 105988
FindTargetPageId rootid 3 tid 105988
target_page_id id: 1 tid 105988
0 1 tid 105988
365 2 tid 105988
234 tid 105988
Insert  tid 105988
FindTargetPageId rootid 3 tid 105988
target_page_id id: 1 tid 105988
0 1 tid 105988
365 2 tid 105988
234 tid 105988
Insert  tid 105988
FindTargetPageId rootid 3 tid 105988
target_page_id id: 1 tid 105988
0 1 tid 105988
365 2 tid 105988
234 tid 105988
Insert  tid 105988
FindTargetPageId rootid 3 tid 105988
target_page_id id: 1 tid 105988
0 1 tid 105988
365 2 tid 105988
234 tid 105988
Insert  tid 105988
FindTargetPageId rootid 3 tid 105987
target_page_id id: 1 tid 105987
0 1 tid 105987
365 2 tid 105987
234 tid 105987
Remove  tid 105987
FindTargetPageId rootid 3 tid 105987
target_page_id id: 1 tid 105987
0 1 tid 105987
365 2 tid 105987
234 tid 105987
Remove  tid 105987
FindTargetPageId rootid 3 tid 105987
target_page_id id: 1 tid 105987
0 1 tid 105987
365 2 tid 105987
234 tid 105987
Remove  tid 105987
FindTargetPageId rootid 3 tid 105987
target_page_id id: 1 tid 105987
0 1 tid 105987
365 2 tid 105987
234 tid 105987
Remove  tid 105987
FindTargetPageId rootid 3 tid 105986
target_page_id id: 1 tid 105986
0 1 tid 105986
365 2 tid 105986
234 tid 105986
Insert  tid 105986
FindTargetPageId rootid 3 tid 105986
target_page_id id: 1 tid 105986
0 1 tid 105986
365 2 tid 105986
235 tid 105986
Insert  tid 105986
FindTargetPageId rootid 3 tid 105986
target_page_id id: 1 tid 105986
0 1 tid 105986
365 2 tid 105986
236 tid 105986
Insert  tid 105986
FindTargetPageId rootid 3 tid 105986
target_page_id id: 1 tid 105986
0 1 tid 105986
365 2 tid 105986
237 tid 105986
Insert  tid 105986
FindTargetPageId rootid 3 tid 105986
target_page_id id: 1 tid 105986
0 1 tid 105986
365 2 tid 105986
238 tid 105986
Insert  tid 105986
FindTargetPageId rootid 3 tid 105986
target_page_id id: 1 tid 105986
0 1 tid 105986
365 2 tid 105986
239 tid 105986
Insert  tid 105986
FindTargetPageId rootid 3 tid 105986
target_page_id id: 1 tid 105986
0 1 tid 105986
365 2 tid 105986
240 tid 105986
Insert  tid 105986
FindTargetPageId rootid 3 tid 105986
target_page_id id: 1 tid 105986
0 1 tid 105986
365 2 tid 105986
241 tid 105986
Insert  tid 105986
FindTargetPageId rootid 3 tid 105986
target_page_id id: 1 tid 105986
0 1 tid 105986
365 2 tid 105986
242 tid 105986
Insert  tid 105986
FindTargetPageId rootid 3 tid 105986
target_page_id id: 1 tid 105986
0 1 tid 105986
365 2 tid 105986
243 tid 105986
Insert  tid 105986
FindTargetPageId rootid 3 tid 105986
target_page_id id: 1 tid 105986
0 1 tid 105986
365 2 tid 105986
244 tid 105986
Insert  tid 105986
FindTargetPageId rootid 3 tid 105986
target_page_id id: 1 tid 105986
0 1 tid 105986
365 2 tid 105986
245 tid 105986
Insert  tid 105986
FindTargetPageId rootid 3 tid 105986
target_page_id id: 1 tid 105986
0 1 tid 105986
365 2 tid 105986
246 tid 105986
Insert  tid 105986
FindTargetPageId rootid 3 tid 105987
target_page_id id: 1 tid 105987
0 1 tid 105987
365 2 tid 105987
247 tid 105987
Remove  tid 105987
FindTargetPageId rootid 3 tid 105987
target_page_id id: 1 tid 105987
0 1 tid 105987
365 2 tid 105987
247 tid 105987
Remove  tid 105987
FindTargetPageId rootid 3 tid 105986
target_page_id id: 1 tid 105986
0 1 tid 105986
365 2 tid 105986
247 tid 105986
Insert  tid 105986
FindTargetPageId rootid 3 tid 105986
target_page_id id: 1 tid 105986
0 1 tid 105986
365 2 tid 105986
248 tid 105986
Insert  tid 105986
FindTargetPageId rootid 3 tid 105987
target_page_id id: 1 tid 105987
0 1 tid 105987
365 2 tid 105987
249 tid 105987
Remove  tid 105987
FindTargetPageId rootid 3 tid 105988
target_page_id id: 1 tid 105988
0 1 tid 105988
365 2 tid 105988
249 tid 105988
Insert  tid 105988
FindTargetPageId rootid 3 tid 105986
target_page_id id: 1 tid 105986
0 1 tid 105986
365 2 tid 105986
249 tid 105986
Insert  tid 105986
FindTargetPageId rootid 3 tid 105987
target_page_id id: 1 tid 105987
0 1 tid 105987
365 2 tid 105987
250 tid 105987
Remove  tid 105987
FindTargetPageId rootid 3 tid 105988
target_page_id id: 1 tid 105988
0 1 tid 105988
365 2 tid 105988
250 tid 105988
Insert  tid 105988
FindTargetPageId rootid 3 tid 105986
target_page_id id: 1 tid 105986
0 1 tid 105986
365 2 tid 105986
250 tid 105986
Insert  tid 105986
FindTargetPageId rootid 3 tid 105987
target_page_id id: 1 tid 105987
0 1 tid 105987
365 2 tid 105987
251 tid 105987
Remove  tid 105987
FindTargetPageId rootid 3 tid 105988
target_page_id id: 1 tid 105988
0 1 tid 105988
365 2 tid 105988
251 tid 105988
Insert  tid 105988
FindTargetPageId rootid 3 tid 105988
target_page_id id: 1 tid 105988
0 1 tid 105988
365 2 tid 105988
251 tid 105988
Insert  tid 105988
FindTargetPageId rootid 3 tid 105987
target_page_id id: 1 tid 105987
0 1 tid 105987
365 2 tid 105987
251 tid 105987
Remove  tid 105987
FindTargetPageId rootid 3 tid 105986
target_page_id id: 1 tid 105986
0 1 tid 105986
365 2 tid 105986
251 tid 105986
Insert  tid 105986
FindTargetPageId rootid 3 tid 105988
target_page_id id: 1 tid 105988
0 1 tid 105988
365 2 tid 105988
252 tid 105988
Insert  tid 105988
FindTargetPageId rootid 3 tid 105987
target_page_id id: 1 tid 105987
0 1 tid 105987
365 2 tid 105987
252 tid 105987
Remove  tid 105987
FindTargetPageId rootid 3 tid 105987
target_page_id id: 1 tid 105987
0 1 tid 105987
365 2 tid 105987
252 tid 105987
Remove  tid 105987
FindTargetPageId rootid 3 tid 105987
target_page_id id: 1 tid 105987
0 1 tid 105987
365 2 tid 105987
252 tid 105987
Remove  tid 105987
FindTargetPageId rootid 3 tid 105987
target_page_id id: 1 tid 105987
0 1 tid 105987
365 2 tid 105987
252 tid 105987
Remove  tid 105987
FindTargetPageId rootid 3 tid 105987
target_page_id id: 1 tid 105987
0 1 tid 105987
365 2 tid 105987
252 tid 105987
Remove  tid 105987
FindTargetPageId rootid 3 tid 105987
target_page_id id: 1 tid 105987
0 1 tid 105987
365 2 tid 105987
252 tid 105987
Remove  tid 105987
FindTargetPageId rootid 3 tid 105987
target_page_id id: 1 tid 105987
0 1 tid 105987
365 2 tid 105987
252 tid 105987
Remove  tid 105987
FindTargetPageId rootid 3 tid 105987
target_page_id id: 1 tid 105987
0 1 tid 105987
365 2 tid 105987
252 tid 105987
Remove  tid 105987
FindTargetPageId rootid 3 tid 105987
target_page_id id: 1 tid 105987
0 1 tid 105987
365 2 tid 105987
252 tid 105987
Remove  tid 105987
FindTargetPageId rootid 3 tid 105987
target_page_id id: 1 tid 105987
0 1 tid 105987
365 2 tid 105987
252 tid 105987
Remove  tid 105987
FindTargetPageId rootid 3 tid 105987
target_page_id id: 1 tid 105987
0 1 tid 105987
365 2 tid 105987
252 tid 105987
Remove  tid 105987
FindTargetPageId rootid 3 tid 105987
target_page_id id: 1 tid 105987
0 1 tid 105987
365 2 tid 105987
252 tid 105987
Remove  tid 105987
FindTargetPageId rootid 3 tid 105987
target_page_id id: 1 tid 105987
0 1 tid 105987
365 2 tid 105987
252 tid 105987
Remove  tid 105987
FindTargetPageId rootid 3 tid 105987
target_page_id id: 1 tid 105987
0 1 tid 105987
365 2 tid 105987
252 tid 105987
Remove  tid 105987
FindTargetPageId rootid 3 tid 105987
target_page_id id: 1 tid 105987
0 1 tid 105987
365 2 tid 105987
252 tid 105987
Remove  tid 105987
FindTargetPageId rootid 3 tid 105987
target_page_id id: 2 tid 105987
0 1 tid 105987
365 2 tid 105987
128 tid 105987
Remove  tid 105987
FindTargetPageId rootid 3 tid 105987
target_page_id id: 2 tid 105987
0 1 tid 105987
365 2 tid 105987
128 tid 105987
Remove  tid 105987
FindTargetPageId rootid 3 tid 105987
target_page_id id: 2 tid 105987
0 1 tid 105987
365 2 tid 105987
128 tid 105987
Remove  tid 105987
FindTargetPageId rootid 3 tid 105987
target_page_id id: 2 tid 105987
0 1 tid 105987
365 2 tid 105987
128 tid 105987
Remove  tid 105987
FindTargetPageId rootid 3 tid 105987
target_page_id id: 2 tid 105987
0 1 tid 105987
365 2 tid 105987
128 tid 105987
Remove  tid 105987
FindTargetPageId rootid 3 tid 105987
target_page_id id: 2 tid 105987
0 1 tid 105987
365 2 tid 105987
128 tid 105987
Remove  tid 105987
FindTargetPageId rootid 3 tid 105987
target_page_id id: 2 tid 105987
0 1 tid 105987
365 2 tid 105987
128 tid 105987
Remove  tid 105987
FindTargetPageId rootid 3 tid 105987
target_page_id id: 2 tid 105987
0 1 tid 105987
365 2 tid 105987
128 tid 105987
Remove  tid 105987
FindTargetPageId rootid 3 tid 105987
target_page_id id: 2 tid 105987
0 1 tid 105987
365 2 tid 105987
128 tid 105987
Remove  tid 105987
FindTargetPageId rootid 3 tid 105987
target_page_id id: 2 tid 105987
0 1 tid 105987
365 2 tid 105987
128 tid 105987
Remove  tid 105987
FindTargetPageId rootid 3 tid 105987
target_page_id id: 2 tid 105987
0 1 tid 105987
365 2 tid 105987
128 tid 105987
Remove  tid 105987
FindTargetPageId rootid 3 tid 105987
target_page_id id: 2 tid 105987
0 1 tid 105987
365 2 tid 105987
128 tid 105987
Remove  tid 105987
FindTargetPageId rootid 3 tid 105987
target_page_id id: 2 tid 105987
0 1 tid 105987
365 2 tid 105987
128 tid 105987
Remove  tid 105987
FindTargetPageId rootid 3 tid 105987
target_page_id id: 2 tid 105987
0 1 tid 105987
365 2 tid 105987
128 tid 105987
Remove  tid 105987
FindTargetPageId rootid 3 tid 105987
target_page_id id: 2 tid 105987
0 1 tid 105987
365 2 tid 105987
128 tid 105987
Remove  tid 105987
FindTargetPageId rootid 3 tid 105987
target_page_id id: 2 tid 105987
0 1 tid 105987
365 2 tid 105987
128 tid 105987
Remove  tid 105987
FindTargetPageId rootid 3 tid 105987
target_page_id id: 2 tid 105987
0 1 tid 105987
365 2 tid 105987
128 tid 105987
Remove  tid 105987
FindTargetPageId rootid 3 tid 105987
target_page_id id: 2 tid 105987
0 1 tid 105987
365 2 tid 105987
128 tid 105987
Remove  tid 105987
FindTargetPageId rootid 3 tid 105987
target_page_id id: 2 tid 105987
0 1 tid 105987
365 2 tid 105987
128 tid 105987
Remove  tid 105987
FindTargetPageId rootid 3 tid 105987
target_page_id id: 2 tid 105987
0 1 tid 105987
365 2 tid 105987
128 tid 105987
Remove  tid 105987
FindTargetPageId rootid 3 tid 105987
target_page_id id: 2 tid 105987
0 1 tid 105987
365 2 tid 105987
128 tid 105987
Remove  tid 105987
FindTargetPageId rootid 3 tid 105987
target_page_id id: 2 tid 105987
0 1 tid 105987
365 2 tid 105987
128 tid 105987
Remove  tid 105987
FindTargetPageId rootid 3 tid 105986
target_page_id id: 1 tid 105986
0 1 tid 105986
365 2 tid 105986
252 tid 105986
Insert  tid 105986
FindTargetPageId rootid 3 tid 105988
target_page_id id: 1 tid 105988
0 1 tid 105988
365 2 tid 105988
253 tid 105988
FindTargetPageId rootid 3 tid 105987
target_page_id id: 2 tid 105987
0 1 tid 105987
365 2 tid 105987
Insert  tid 105988
128 tid 105987
Remove  tid 105987
FindTargetPageId rootid 3 tid 105986
target_page_id id: 1 tid 105986
0 1 tid 105986
365 2 tid 105986
253 tid 105986
Insert  tid 105986
FindTargetPageId rootid 3 tid 105986
target_page_id id: 1 tid 105986
0 1 tid 105986
365 2 tid 105986
254 tid 105986
Insert  tid 105986
FindTargetPageId rootid 3 tid 105986
target_page_id id: 4 tid 105986
0 1 tid 105986
128 4 tid 105986
365 2 tid 105986
128 tid 105986
Insert  tid 105986
FindTargetPageId rootid 3 tid 105988
target_page_id id: 4 tid 105988
0 1 tid 105988
128 4 tid 105988
365 2 tid 105988
129 tid 105988
Insert  tid 105988
FindTargetPageId rootid 3 tid 105987
target_page_id id: 2 tid 105987
0 1 tid 105987
128 4 tid 105987
365 2 tid 105987
128 tid 105987
Remove  tid 105987
FindTargetPageId rootid 3 tid 105986
target_page_id id: 4 tid 105986
0 1 tid 105986
128 4 tid 105986
365 2 tid 105986
129 tid 105986
Insert  tid 105986
FindTargetPageId rootid 3 tid 105988
target_page_id id: 4 tid 105988
0 1 tid 105988
128 4 tid 105988
365 2 tid 105988
130 tid 105988
Insert  tid 105988
FindTargetPageId rootid 3 tid 105987
target_page_id id: 2 tid 105987
0 1 tid 105987
128 4 tid 105987
365 2 tid 105987
128 tid 105987
Remove  tid 105987
FindTargetPageId rootid 3 tid 105987
target_page_id id: 2 tid 105987
0 1 tid 105987
128 4 tid 105987
365 2 tid 105987
128 tid 105987
Remove  tid 105987
FindTargetPageId rootid 3 tid 105987
target_page_id id: 2 tid 105987
0 1 tid 105987
128 4 tid 105987
365 2 tid 105987
128 tid 105987
Remove  tid 105987
FindTargetPageId rootid 3 tid 105987
target_page_id id: 2 tid 105987
0 1 tid 105987
128 4 tid 105987
365 2 tid 105987
128 tid 105987
Remove  tid 105987
FindTargetPageId rootid 3 tid 105988
target_page_id id: 4 tid 105988
0 1 tid 105988
128 4 tid 105988
365 2 tid 105988
130 tid 105988
Insert  tid 105988
FindTargetPageId rootid 3 tid 105988
target_page_id id: 4 tid 105988
0 1 tid 105988
128 4 tid 105988
365 2 tid 105988
130 tid 105988
Insert  tid 105988
FindTargetPageId rootid 3 tid 105987
target_page_id id: 2 tid 105987
0 1 tid 105987
128 4 tid 105987
365 2 tid 105987
128 tid 105987
Remove  tid 105987
FindTargetPageId rootid 3 tid 105987
target_page_id id: 2 tid 105987
0 1 tid 105987
128 4 tid 105987
365 2 tid 105987
128 tid 105987
Remove  tid 105987
FindTargetPageId rootid 3 tid 105988
target_page_id id: 4 tid 105988
0 1 tid 105988
128 4 tid 105988
365 2 tid 105988
130 tid 105988
Insert  tid 105988
FindTargetPageId rootid 3 tid 105986
target_page_id id: 4 tid 105986
0 1 tid 105986
128 4 tid 105986
365 2 tid 105986
130 tid 105986
Insert  tid 105986
FindTargetPageId rootid 3 tid 105987
target_page_id id: 2 tid 105987
0 1 tid 105987
128 4 tid 105987
365 2 tid 105987
128 tid 105987
Remove  tid 105987
FindTargetPageId rootid 3 tid 105988
target_page_id id: 4 tid 105988
0 1 tid 105988
128 4 tid 105988
365 2 tid 105988
131 tid 105988
Insert  tid 105988
FindTargetPageId rootid 3 tid 105986
target_page_id id: 4 tid 105986
0 1 tid 105986
128 4 tid 105986
365 2 tid 105986
131 tid 105986
Insert  tid 105986
FindTargetPageId rootid 3 tid 105987
target_page_id id: 2 tid 105987
0 1 tid 105987
128 4 tid 105987
365 2 tid 105987
128 tid 105987
Remove  tid 105987
FindTargetPageId rootid 3 tid 105988
target_page_id id: 4 tid 105988
0 1 tid 105988
128 4 tid 105988
365 2 tid 105988
132 tid 105988
Insert  tid 105988
FindTargetPageId rootid 3 tid 105986
target_page_id id: 4 tid 105986
0 1 tid 105986
128 4 tid 105986
365 2 tid 105986
132 tid 105986
Insert  tid 105986
FindTargetPageId rootid 3 tid 105987
target_page_id id: 2 tid 105987
0 1 tid 105987
128 4 tid 105987
365 2 tid 105987
128 tid 105987
Remove  tid 105987
FindTargetPageId rootid 3 tid 105988
target_page_id id: 4 tid 105988
0 1 tid 105988
128 4 tid 105988
365 2 tid 105988
133 tid 105988
Insert  tid 105988
FindTargetPageId rootid 3 tid 105986
target_page_id id: 4 tid 105986
0 1 tid 105986
128 4 tid 105986
365 2 tid 105986
133 tid 105986
Insert  tid 105986
FindTargetPageId rootid 3 tid 105987
target_page_id id: 2 tid 105987
0 1 tid 105987
128 4 tid 105987
365 2 tid 105987
128 tid 105987
Remove  tid 105987
FindTargetPageId rootid 3 tid 105988
target_page_id id: 4 tid 105988
0 1 tid 105988
128 4 tid 105988
365 2 tid 105988
134 tid 105988
Insert  tid 105988
FindTargetPageId rootid 3 tid 105986
target_page_id id: 4 tid 105986
0 1 tid 105986
128 4 tid 105986
365 2 tid 105986
134 tid 105986
Insert  tid 105986
FindTargetPageId rootid 3 tid 105987
target_page_id id: 2 tid 105987
0 1 tid 105987
128 4 tid 105987
365 2 tid 105987
128 tid 105987
Remove  tid 105987
FindTargetPageId rootid 3 tid 105987
target_page_id id: 2 tid 105987
0 1 tid 105987
128 4 tid 105987
365 2 tid 105987
128 tid 105987
Remove  tid 105987
FindTargetPageId rootid 3 tid 105987
target_page_id id: 2 tid 105987
0 1 tid 105987
128 4 tid 105987
365 2 tid 105987
128 tid 105987
Remove  tid 105987
FindTargetPageId rootid 3 tid 105987
target_page_id id: 2 tid 105987
0 1 tid 105987
128 4 tid 105987
365 2 tid 105987
128 tid 105987
Remove  tid 105987
FindTargetPageId rootid 3 tid 105987
target_page_id id: 2 tid 105987
0 1 tid 105987
128 4 tid 105987
365 2 tid 105987
128 tid 105987
Remove  tid 105987
FindTargetPageId rootid 3 tid 105987
target_page_id id: 2 tid 105987
0 1 tid 105987
128 4 tid 105987
365 2 tid 105987
128 tid 105987
Remove  tid 105987
FindTargetPageId rootid 3 tid 105986
target_page_id id: 4 tid 105986
0 1 tid 105986
128 4 tid 105986
365 2 tid 105986
135 tid 105986
Insert  tid 105986
FindTargetPageId rootid 3 tid 105988
target_page_id id: 4 tid 105988
0 1 tid 105988
128 4 tid 105988
365 2 tid 105988
136 tid 105988
Insert  tid 105988
FindTargetPageId rootid 3 tid 105987
target_page_id id: 2 tid 105987
0 1 tid 105987
128 4 tid 105987
365 2 tid 105987
128 tid 105987
Remove  tid 105987
FindTargetPageId rootid 3 tid 105986
target_page_id id: 4 tid 105986
0 1 tid 105986
128 4 tid 105986
365 2 tid 105986
136 tid 105986
Insert  tid 105986
FindTargetPageId rootid 3 tid 105986
target_page_id id: 4 tid 105986
0 1 tid 105986
128 4 tid 105986
365 2 tid 105986
137 tid 105986
Insert  tid 105986
FindTargetPageId rootid 3 tid 105987
target_page_id id: 2 tid 105987
0 1 tid 105987
128 4 tid 105987
365 2 tid 105987
128 tid 105987
Remove  tid 105987
FindTargetPageId rootid 3 tid 105988
target_page_id id: 4 tid 105988
0 1 tid 105988
128 4 tid 105988
365 2 tid 105988
138 tid 105988
Insert  tid 105988
FindTargetPageId rootid 3 tid 105986
target_page_id id: 4 tid 105986
0 1 tid 105986
128 4 tid 105986
365 2 tid 105986
138 tid 105986
Insert  tid 105986
FindTargetPageId rootid 3 tid 105986
target_page_id id: 4 tid 105986
0 1 tid 105986
128 4 tid 105986
365 2 tid 105986
139 tid 105986
Insert  tid 105986
FindTargetPageId rootid 3 tid 105986
target_page_id id: 4 tid 105986
0 1 tid 105986
128 4 tid 105986
365 2 tid 105986
140 tid 105986
Insert  tid 105986
FindTargetPageId rootid 3 tid 105986
target_page_id id: 4 tid 105986
0 1 tid 105986
128 4 tid 105986
365 2 tid 105986
141 tid 105986
Insert  tid 105986
FindTargetPageId rootid 3 tid 105987
target_page_id id: 2 tid 105987
0 1 tid 105987
128 4 tid 105987
365 2 tid 105987
128 tid 105987
Remove  tid 105987
FindTargetPageId rootid 3 tid 105988
target_page_id id: 4 tid 105988
0 1 tid 105988
128 4 tid 105988
365 2 tid 105988
142 tid 105988
Insert  tid 105988
FindTargetPageId rootid 3 tid 105988
target_page_id id: 4 tid 105988
0 1 tid 105988
128 4 tid 105988
365 2 tid 105988
142 tid 105988
FindTargetPageId rootid 3 tid 105986
target_page_id id: 4 tid 105986
0 1 tid 105986
128 4 tid 105986
365 2 tid 105986
142 tid 105986
Insert  tid 105986
Insert  tid 105988
FindTargetPageId rootid 3 tid 105986
target_page_id id: 4 tid 105986
0 1 tid 105986
128 4 tid 105986
365 2 tid 105986
143 tid 105986
Insert  tid 105986
FindTargetPageId rootid 3 tid 105987
target_page_id id: 2 tid 105987
0 1 tid 105987
128 4 tid 105987
365 2 tid 105987
128 tid 105987
Remove  tid 105987
FindTargetPageId rootid 3 tid 105988
target_page_id id: 4 tid 105988
0 1 tid 105988
128 4 tid 105988
365 2 tid 105988
144 tid 105988
Insert  tid 105988
FindTargetPageId rootid 3 tid 105987
target_page_id id: 2 tid 105987
0 1 tid 105987
128 4 tid 105987
365 2 tid 105987
128 tid 105987
Remove  tid 105987
FindTargetPageId rootid 3 tid 105987
target_page_id id: 2 tid 105987
0 1 tid 105987
128 4 tid 105987
365 2 tid 105987
128 tid 105987
Remove  tid 105987
FindTargetPageId rootid 3 tid 105986
target_page_id id: 4 tid 105986
0 1 tid 105986
128 4 tid 105986
365 2 tid 105986
144 tid 105986
Insert  tid 105986
FindTargetPageId rootid 3 tid 105988
target_page_id id: 4 tid 105988
0 1 tid 105988
128 4 tid 105988
365 2 tid 105988
145 tid 105988
Insert  tid 105988
FindTargetPageId rootid 3 tid 105987
target_page_id id: 2 tid 105987
0 1 tid 105987
128 4 tid 105987
365 2 tid 105987
128 tid 105987
Remove  tid 105987
FindTargetPageId rootid 3 tid 105986
target_page_id id: 4 tid 105986
0 1 tid 105986
128 4 tid 105986
365 2 tid 105986
145 tid 105986
Insert  tid 105986
FindTargetPageId rootid 3 tid 105988
target_page_id id: 4 tid 105988
0 1 tid 105988
128 4 tid 105988
365 2 tid 105988
146 tid 105988
Insert  tid 105988
FindTargetPageId rootid 3 tid 105987
target_page_id id: 2 tid 105987
0 1 tid 105987
128 4 tid 105987
365 2 tid 105987
128 tid 105987
Remove  tid 105987
FindTargetPageId rootid 3 tid 105986
target_page_id id: 4 tid 105986
0 1 tid 105986
128 4 tid 105986
365 2 tid 105986
146 tid 105986
Insert  tid 105986
FindTargetPageId rootid 3 tid 105988
target_page_id id: 4 tid 105988
0 1 tid 105988
128 4 tid 105988
365 2 tid 105988
147 tid 105988
Insert  tid 105988
FindTargetPageId rootid 3 tid 105987
target_page_id id: 2 tid 105987
0 1 tid 105987
128 4 tid 105987
365 2 tid 105987
128 tid 105987
Remove  tid 105987
FindTargetPageId rootid 3 tid 105986
target_page_id id: 4 tid 105986
0 1 tid 105986
128 4 tid 105986
365 2 tid 105986
147 tid 105986
Insert  tid 105986
FindTargetPageId rootid 3 tid 105988
target_page_id id: 4 tid 105988
0 1 tid 105988
128 4 tid 105988
365 2 tid 105988
148 tid 105988
Insert  tid 105988
FindTargetPageId rootid 3 tid 105987
target_page_id id: 2 tid 105987
0 1 tid 105987
128 4 tid 105987
365 2 tid 105987
128 tid 105987
Remove  tid 105987
FindTargetPageId rootid 3 tid 105987
target_page_id id: 2 tid 105987
0 1 tid 105987
128 4 tid 105987
365 2 tid 105987
128 tid 105987
Remove  tid 105987
FindTargetPageId rootid 3 tid 105988
target_page_id id: 4 tid 105988
0 1 tid 105988
128 4 tid 105988
365 2 tid 105988
148 tid 105988
Insert  tid 105988
FindTargetPageId rootid 3 tid 105986
target_page_id id: 4 tid 105986
0 1 tid 105986
128 4 tid 105986
365 2 tid 105986
148 tid 105986
FindTargetPageId rootid 3 tid 105987
target_page_id id: 2 tid 105987
Insert 0 1 tid 105987
128 4 tid 105987
365 2 tid 105987
 tid 105986
128 tid 105987
Remove  tid 105987
FindTargetPageId rootid 3 tid 105988
target_page_id id: 4 tid 105988
0 1 tid 105988
128 4 tid 105988
365 2 tid 105988
149 tid 105988
Insert  tid 105988
FindTargetPageId rootid 3 tid 105986
target_page_id id: 4 tid 105986
0 1 tid 105986
128 4 tid 105986
365 2 tid 105986
149 tid 105986
Insert  tid 105986
FindTargetPageId rootid 3 tid 105987
target_page_id id: 2 tid 105987
0 1 tid 105987
128 4 tid 105987
365 2 tid 105987
128 tid 105987
Remove  tid 105987
FindTargetPageId rootid 3 tid 105987
target_page_id id: 2 tid 105987
0 1 tid 105987
128 4 tid 105987
365 2 tid 105987
128 tid 105987
Remove  tid 105987
FindTargetPageId rootid 3 tid 105986
target_page_id id: 4 tid 105986
0 1 tid 105986
128 4 tid 105986
365 2 tid 105986
150 tid 105986
Insert  tid 105986
FindTargetPageId rootid 3 tid 105986
target_page_id id: 4 tid 105986
0 1 tid 105986
128 4 tid 105986
365 2 tid 105986
151 tid 105986
Insert  tid 105986
FindTargetPageId rootid 3 tid 105986
target_page_id id: 4 tid 105986
0 1 tid 105986
128 4 tid 105986
365 2 tid 105986
152 tid 105986
Insert  tid 105986
FindTargetPageId rootid 3 tid 105986
target_page_id id: 4 tid 105986
0 1 tid 105986
128 4 tid 105986
365 2 tid 105986
153 tid 105986
Insert  tid 105986
FindTargetPageId rootid 3 tid 105986
target_page_id id: 4 tid 105986
0 1 tid 105986
128 4 tid 105986
365 2 tid 105986
154 tid 105986
Insert  tid 105986
FindTargetPageId rootid 3 tid 105986
target_page_id id: 4 tid 105986
0 1 tid 105986
128 4 tid 105986
365 2 tid 105986
155 tid 105986
Insert  tid 105986
FindTargetPageId rootid 3 tid 105986
target_page_id id: 4 tid 105986
0 1 tid 105986
128 4 tid 105986
365 2 tid 105986
156 tid 105986
Insert  tid 105986
FindTargetPageId rootid 3 tid 105986
target_page_id id: 4 tid 105986
0 1 tid 105986
128 4 tid 105986
365 2 tid 105986
157 tid 105986
Insert  tid 105986
FindTargetPageId rootid 3 tid 105988
target_page_id id: 4 tid 105988
0 1 tid 105988
128 4 tid 105988
365 2 tid 105988
158 tid 105988
Insert  tid 105988
FindTargetPageId rootid 3 tid 105987
target_page_id id: 2 tid 105987
0 1 tid 105987
128 4 tid 105987
365 2 tid 105987
128 tid 105987
Remove  tid 105987
FindTargetPageId rootid 3 tid 105986
target_page_id id: 4 tid 105986
0 1 tid 105986
128 4 tid 105986
365 2 tid 105986
158 tid 105986
Insert  tid 105986
FindTargetPageId rootid 3 tid 105988
target_page_id id: 4 tid 105988
0 1 tid 105988
128 4 tid 105988
365 2 tid 105988
159 tid 105988
Insert  tid 105988
FindTargetPageId rootid 3 tid 105987
target_page_id id: 2 tid 105987
0 1 tid 105987
128 4 tid 105987
365 2 tid 105987
128 tid 105987
Remove  tid 105987
FindTargetPageId rootid 3 tid 105986
target_page_id id: 4 tid 105986
0 1 tid 105986
128 4 tid 105986
365 2 tid 105986
159 tid 105986
Insert  tid 105986
FindTargetPageId rootid 3 tid 105986
target_page_id id: 4 tid 105986
0 1 tid 105986
128 4 tid 105986
365 2 tid 105986
160 tid 105986
Insert  tid 105986
FindTargetPageId rootid 3 tid 105986
target_page_id id: 4 tid 105986
0 1 tid 105986
128 4 tid 105986
365 2 tid 105986
161 tid 105986
Insert  tid 105986
FindTargetPageId rootid 3 tid 105988
target_page_id id: 4 tid 105988
0 1 tid 105988
128 4 tid 105988
365 2 tid 105988
162 tid 105988
Insert  tid 105988
FindTargetPageId rootid 3 tid 105987
target_page_id id: 2 tid 105987
0 1 tid 105987
128 4 tid 105987
365 2 tid 105987
128 tid 105987
Remove  tid 105987
FindTargetPageId rootid 3 tid 105986
target_page_id id: 4 tid 105986
0 1 tid 105986
128 4 tid 105986
365 2 tid 105986
162 tid 105986
Insert  tid 105986
FindTargetPageId rootid 3 tid 105988
target_page_id id: 4 tid 105988
0 1 tid 105988
128 4 tid 105988
365 2 tid 105988
163 tid 105988
Insert  tid 105988
FindTargetPageId rootid 3 tid 105987
target_page_id id: 2 tid 105987
0 1 tid 105987
128 4 tid 105987
365 2 tid 105987
128 tid 105987
Remove  tid 105987
FindTargetPageId rootid 3 tid 105986
target_page_id id: 4 tid 105986
0 1 tid 105986
128 4 tid 105986
365 2 tid 105986
163 tid 105986
Insert  tid 105986
FindTargetPageId rootid 3 tid 105988
target_page_id id: 4 tid 105988
0 1 tid 105988
128 4 tid 105988
365 2 tid 105988
164 tid 105988
Insert  tid 105988
FindTargetPageId rootid 3 tid 105987
target_page_id id: 2 tid 105987
0 1 tid 105987
128 4 tid 105987
365 2 tid 105987
128 tid 105987
Remove  tid 105987
FindTargetPageId rootid 3 tid 105986
target_page_id id: 4 tid 105986
0 1 tid 105986
128 4 tid 105986
365 2 tid 105986
164 tid 105986
Insert  tid 105986
FindTargetPageId rootid 3 tid 105988
target_page_id id: 4 tid 105988
0 1 tid 105988
128 4 tid 105988
365 2 tid 105988
165 tid 105988
Insert  tid 105988
FindTargetPageId rootid 3 tid 105987
target_page_id id: 2 tid 105987
0 1 tid 105987
128 4 tid 105987
365 2 tid 105987
128 tid 105987
Remove  tid 105987
FindTargetPageId rootid 3 tid 105986
target_page_id id: 4 tid 105986
0 1 tid 105986
128 4 tid 105986
365 2 tid 105986
165 tid 105986
Insert  tid 105986
FindTargetPageId rootid 3 tid 105988
target_page_id id: 4 tid 105988
0 1 tid 105988
128 4 tid 105988
365 2 tid 105988
166 tid 105988
Insert  tid 105988
FindTargetPageId rootid 3 tid 105987
target_page_id id: 2 tid 105987
0 1 tid 105987
128 4 tid 105987
365 2 tid 105987
128 tid 105987
Remove  tid 105987
FindTargetPageId rootid 3 tid 105986
target_page_id id: 4 tid 105986
0 1 tid 105986
128 4 tid 105986
365 2 tid 105986
166 tid 105986
Insert  tid 105986
FindTargetPageId rootid 3 tid 105986
target_page_id id: 4 tid 105986
0 1 tid 105986
128 4 tid 105986
365 2 tid 105986
167 tid 105986
Insert  tid 105986
FindTargetPageId rootid 3 tid 105987
target_page_id id: 2 tid 105987
0 1 tid 105987
128 4 tid 105987
365 2 tid 105987
128 tid 105987
Remove  tid 105987
FindTargetPageId rootid 3 tid 105988
target_page_id id: 4 tid 105988
0 1 tid 105988
128 4 tid 105988
365 2 tid 105988
168 tid 105988
Insert  tid 105988
FindTargetPageId rootid 3 tid 105988
target_page_id id: 4 tid 105988
0 1 tid 105988
128 4 tid 105988
365 2 tid 105988
168 tid 105988
Insert  tid 105988
FindTargetPageId rootid 3 tid 105987
target_page_id id: 2 tid 105987
0 1 tid 105987
128 4 tid 105987
365 2 tid 105987
128 tid 105987
Remove  tid 105987
FindTargetPageId rootid 3 tid 105986
target_page_id id: 4 tid 105986
0 1 tid 105986
128 4 tid 105986
365 2 tid 105986
168 tid 105986
Insert  tid 105986
FindTargetPageId rootid 3 tid 105988
target_page_id id: 4 tid 105988
0 1 tid 105988
128 4 tid 105988
365 2 tid 105988
169 tid 105988
Insert  tid 105988
FindTargetPageId rootid 3 tid 105987
target_page_id id: 2 tid 105987
0 1 tid 105987
128 4 tid 105987
365 2 tid 105987
128 tid 105987
Remove  tid 105987
FindTargetPageId rootid 3 tid 105986
target_page_id id: 4 tid 105986
0 1 tid 105986
128 4 tid 105986
365 2 tid 105986
169 tid 105986
Insert  tid 105986
FindTargetPageId rootid 3 tid 105988
target_page_id id: 4 tid 105988
0 1 tid 105988
128 4 tid 105988
365 2 tid 105988
170 tid 105988
Insert  tid 105988
FindTargetPageId rootid 3 tid 105987
target_page_id id: 2 tid 105987
0 1 tid 105987
128 4 tid 105987
365 2 tid 105987
128 tid 105987
FindTargetPageId rootid 3 tid 105986
target_page_id id: 4 tid 105986
0 1 tid 105986
128 4 tid 105986
365 2 tid 105986
170 tid 105986
Insert  tid 105986
Remove  tid 105987
FindTargetPageId rootid 3 tid 105986
target_page_id id: 4 tid 105986
0 1 tid 105986
128 4 tid 105986
365 2 tid 105986
171 tid 105986
Insert  tid 105986
FindTargetPageId rootid 3 tid 105988
target_page_id id: 4 tid 105988
0 1 tid 105988
128 4 tid 105988
365 2 tid 105988
172 tid 105988
Insert  tid 105988
FindTargetPageId rootid 3 tid 105987
target_page_id id: 2 tid 105987
0 1 tid 105987
128 4 tid 105987
365 2 tid 105987
128 tid 105987
Remove  tid 105987
FindTargetPageId rootid 3 tid 105987
target_page_id id: 2 tid 105987
0 1 tid 105987
128 4 tid 105987
365 2 tid 105987
128 tid 105987
Remove  tid 105987
FindTargetPageId rootid 3 tid 105988
target_page_id id: 4 tid 105988
0 1 tid 105988
128 4 tid 105988
365 2 tid 105988
172 tid 105988
Insert  tid 105988
FindTargetPageId rootid 3 tid 105986
target_page_id id: 4 tid 105986
0 1 tid 105986
128 4 tid 105986
365 2 tid 105986
172 tid 105986
Insert  tid 105986
FindTargetPageId rootid 3 tid 105987
target_page_id id: 2 tid 105987
0 1 tid 105987
128 4 tid 105987
365 2 tid 105987
128 tid 105987
Remove  tid 105987
FindTargetPageId rootid 3 tid 105988
target_page_id id: 4 tid 105988
0 1 tid 105988
128 4 tid 105988
365 2 tid 105988
173 tid 105988
Insert  tid 105988
FindTargetPageId rootid 3 tid 105986
target_page_id id: 4 tid 105986
0 1 tid 105986
128 4 tid 105986
365 2 tid 105986
173 tid 105986
Insert  tid 105986
FindTargetPageId rootid 3 tid 105987
target_page_id id: 2 tid 105987
0 1 tid 105987
128 4 tid 105987
365 2 tid 105987
128 tid 105987
Remove  tid 105987
FindTargetPageId rootid 3 tid 105988
target_page_id id: 4 tid 105988
0 1 tid 105988
128 4 tid 105988
365 2 tid 105988
174 tid 105988
Insert  tid 105988
FindTargetPageId rootid 3 tid 105986
target_page_id id: 4 tid 105986
0 1 tid 105986
128 4 tid 105986
365 2 tid 105986
174 tid 105986
Insert  tid 105986
FindTargetPageId rootid 3 tid 105987
target_page_id id: 2 tid 105987
0 1 tid 105987
128 4 tid 105987
365 2 tid 105987
128 tid 105987
Remove  tid 105987
FindTargetPageId rootid 3 tid 105988
target_page_id id: 4 tid 105988
0 1 tid 105988
128 4 tid 105988
365 2 tid 105988
175 tid 105988
Insert  tid 105988
FindTargetPageId rootid 3 tid 105986
target_page_id id: 4 tid 105986
0 1 tid 105986
128 4 tid 105986
365 2 tid 105986
175 tid 105986
Insert  tid 105986
FindTargetPageId rootid 3 tid 105987
target_page_id id: 2 tid 105987
0 1 tid 105987
128 4 tid 105987
365 2 tid 105987
128 tid 105987
Remove  tid 105987
FindTargetPageId rootid 3 tid 105987
target_page_id id: 2 tid 105987
0 1 tid 105987
128 4 tid 105987
365 2 tid 105987
128 tid 105987
Remove  tid 105987
FindTargetPageId rootid 3 tid 105986
target_page_id id: 4 tid 105986
0 1 tid 105986
128 4 tid 105986
365 2 tid 105986
176 tid 105986
Insert  tid 105986
FindTargetPageId rootid 3 tid 105986
target_page_id id: 4 tid 105986
0 1 tid 105986
128 4 tid 105986
365 2 tid 105986
177 tid 105986
Insert  tid 105986
FindTargetPageId rootid 3 tid 105986
target_page_id id: 4 tid 105986
0 1 tid 105986
128 4 tid 105986
365 2 tid 105986
178 tid 105986
Insert  tid 105986
FindTargetPageId rootid 3 tid 105986
target_page_id id: 4 tid 105986
0 1 tid 105986
128 4 tid 105986
365 2 tid 105986
179 tid 105986
Insert  tid 105986
FindTargetPageId rootid 3 tid 105986
target_page_id id: 4 tid 105986
0 1 tid 105986
128 4 tid 105986
365 2 tid 105986
180 tid 105986
Insert  tid 105986
FindTargetPageId rootid 3 tid 105988
target_page_id id: 4 tid 105988
0 1 tid 105988
128 4 tid 105988
365 2 tid 105988
181 tid 105988
Insert  tid 105988
FindTargetPageId rootid 3 tid 105987
target_page_id id: 2 tid 105987
0 1 tid 105987
128 4 tid 105987
365 2 tid 105987
128 tid 105987
Remove  tid 105987
FindTargetPageId rootid 3 tid 105987
target_page_id id: 2 tid 105987
0 1 tid 105987
128 4 tid 105987
365 2 tid 105987
128 tid 105987
Remove  tid 105987
FindTargetPageId rootid 3 tid 105988
target_page_id id: 4 tid 105988
0 1 tid 105988
128 4 tid 105988
365 2 tid 105988
181 tid 105988
Insert  tid 105988
FindTargetPageId rootid 3 tid 105986
target_page_id id: 4 tid 105986
0 1 tid 105986
128 4 tid 105986
365 2 tid 105986
181 tid 105986
Insert  tid 105986
FindTargetPageId rootid 3 tid 105987
target_page_id id: 2 tid 105987
0 1 tid 105987
128 4 tid 105987
365 2 tid 105987
128 tid 105987
Remove  tid 105987
FindTargetPageId rootid 3 tid 105988
target_page_id id: 4 tid 105988
0 1 tid 105988
128 4 tid 105988
365 2 tid 105988
182 tid 105988
Insert  tid 105988
FindTargetPageId rootid 3 tid 105986
target_page_id id: 4 tid 105986
0 1 tid 105986
128 4 tid 105986
365 2 tid 105986
182 tid 105986
Insert  tid 105986
FindTargetPageId rootid 3 tid 105986
target_page_id id: 4 tid 105986
0 1 tid 105986
128 4 tid 105986
365 2 tid 105986
183 tid 105986
Insert  tid 105986
FindTargetPageId rootid 3 tid 105988
target_page_id id: 4 tid 105988
0 1 tid 105988
128 4 tid 105988
365 2 tid 105988
184 tid 105988
Insert  tid 105988
FindTargetPageId rootid 3 tid 105987
target_page_id id: 2 tid 105987
0 1 tid 105987
128 4 tid 105987
365 2 tid 105987
128 tid 105987
Remove  tid 105987
FindTargetPageId rootid 3 tid 105986
target_page_id id: 4 tid 105986
0 1 tid 105986
128 4 tid 105986
365 2 tid 105986
184 tid 105986
Insert  tid 105986
FindTargetPageId rootid 3 tid 105988
target_page_id id: 4 tid 105988
0 1 tid 105988
128 4 tid 105988
365 2 tid 105988
185 tid 105988
Insert  tid 105988
FindTargetPageId rootid 3 tid 105987
target_page_id id: 2 tid 105987
0 1 tid 105987
128 4 tid 105987
365 2 tid 105987
128 tid 105987
Remove  tid 105987
FindTargetPageId rootid 3 tid 105986
target_page_id id: 4 tid 105986
0 1 tid 105986
128 4 tid 105986
365 2 tid 105986
185 tid 105986
Insert  tid 105986
FindTargetPageId rootid 3 tid 105988
target_page_id id: 4 tid 105988
0 1 tid 105988
128 4 tid 105988
365 2 tid 105988
186 tid 105988
Insert  tid 105988
FindTargetPageId rootid 3 tid 105988
target_page_id id: 4 tid 105988
0 1 tid 105988
128 4 tid 105988
365 2 tid 105988
186 tid 105988
Insert  tid 105988
FindTargetPageId rootid 3 tid 105988
target_page_id id: 4 tid 105988
0 1 tid 105988
128 4 tid 105988
365 2 tid 105988
186 tid 105988
Insert  tid 105988
FindTargetPageId rootid 3 tid 105988
target_page_id id: 4 tid 105988
0 1 tid 105988
128 4 tid 105988
365 2 tid 105988
186 tid 105988
Insert  tid 105988
FindTargetPageId rootid 3 tid 105988
target_page_id id: 4 tid 105988
0 1 tid 105988
128 4 tid 105988
365 2 tid 105988
186 tid 105988
Insert  tid 105988
FindTargetPageId rootid 3 tid 105988
target_page_id id: 4 tid 105988
0 1 tid 105988
128 4 tid 105988
365 2 tid 105988
186 tid 105988
Insert  tid 105988
FindTargetPageId rootid 3 tid 105988
target_page_id id: 4 tid 105988
0 1 tid 105988
128 4 tid 105988
365 2 tid 105988
186 tid 105988
Insert  tid 105988
FindTargetPageId rootid 3 tid 105986
target_page_id id: 4 tid 105986
0 1 tid 105986
128 4 tid 105986
365 2 tid 105986
186 tid 105986
Insert  tid 105986
FindTargetPageId rootid 3 tid 105987
target_page_id id: 2 tid 105987
0 1 tid 105987
128 4 tid 105987
365 2 tid 105987
128 tid 105987
Remove  tid 105987
FindTargetPageId rootid 3 tid 105988
target_page_id id: 4 tid 105988
0 1 tid 105988
128 4 tid 105988
365 2 tid 105988
187 tid 105988
Insert  tid 105988
FindTargetPageId rootid 3 tid 105988
target_page_id id: 4 tid 105988
0 1 tid 105988
128 4 tid 105988
365 2 tid 105988
187 tid 105988
Insert  tid 105988
FindTargetPageId rootid 3 tid 105987
target_page_id id: 2 tid 105987
0 1 tid 105987
128 4 tid 105987
365 2 tid 105987
128 tid 105987
Remove  tid 105987
FindTargetPageId rootid 3 tid 105986
target_page_id id: 4 tid 105986
0 1 tid 105986
128 4 tid 105986
365 2 tid 105986
187 tid 105986
Insert  tid 105986
FindTargetPageId rootid 3 tid 105988
target_page_id id: 4 tid 105988
0 1 tid 105988
128 4 tid 105988
365 2 tid 105988
188 tid 105988
Insert  tid 105988
FindTargetPageId rootid 3 tid 105988
target_page_id id: 4 tid 105988
0 1 tid 105988
128 4 tid 105988
365 2 tid 105988
188 tid 105988
Insert  tid 105988
FindTargetPageId rootid 3 tid 105988
target_page_id id: 4 tid 105988
0 1 tid 105988
128 4 tid 105988
365 2 tid 105988
188 tid 105988
Insert  tid 105988
FindTargetPageId rootid 3 tid 105988
target_page_id id: 4 tid 105988
0 1 tid 105988
128 4 tid 105988
365 2 tid 105988
188 tid 105988
Insert  tid 105988
FindTargetPageId rootid 3 tid 105988
target_page_id id: 4 tid 105988
0 1 tid 105988
128 4 tid 105988
365 2 tid 105988
188 tid 105988
Insert  tid 105988
FindTargetPageId rootid 3 tid 105986
target_page_id id: 4 tid 105986
0 1 tid 105986
128 4 tid 105986
365 2 tid 105986
188 tid 105986
Insert  tid 105986
FindTargetPageId rootid 3 tid 105987
target_page_id id: 2 tid 105987
0 1 tid 105987
128 4 tid 105987
365 2 tid 105987
128 tid 105987
Remove  tid 105987
FindTargetPageId rootid 3 tid 105988
target_page_id id: 4 tid 105988
0 1 tid 105988
128 4 tid 105988
365 2 tid 105988
189 tid 105988
Insert  tid 105988
FindTargetPageId rootid 3 tid 105986
target_page_id id: 4 tid 105986
0 1 tid 105986
128 4 tid 105986
365 2 tid 105986
189 tid 105986
Insert  tid 105986
FindTargetPageId rootid 3 tid 105987
target_page_id id: 2 tid 105987
0 1 tid 105987
128 4 tid 105987
365 2 tid 105987
128 tid 105987
Remove  tid 105987
FindTargetPageId rootid 3 tid 105988
target_page_id id: 4 tid 105988
0 1 tid 105988
128 4 tid 105988
365 2 tid 105988
190 tid 105988
Insert  tid 105988
FindTargetPageId rootid 3 tid 105986
target_page_id id: 4 tid 105986
0 1 tid 105986
128 4 tid 105986
365 2 tid 105986
190 tid 105986
Insert  tid 105986
FindTargetPageId rootid 3 tid 105987
target_page_id id: 2 tid 105987
0 1 tid 105987
128 4 tid 105987
365 2 tid 105987
128 tid 105987
Remove  tid 105987
FindTargetPageId rootid 3 tid 105987
target_page_id id: 2 tid 105987
0 1 tid 105987
128 4 tid 105987
365 2 tid 105987
128 tid 105987
Remove  tid 105987
FindTargetPageId rootid 3 tid 105986
target_page_id id: 4 tid 105986
0 1 tid 105986
128 4 tid 105986
365 2 tid 105986
191 tid 105986
Insert  tid 105986
FindTargetPageId rootid 3 tid 105988
target_page_id id: 4 tid 105988
0 1 tid 105988
128 4 tid 105988
365 2 tid 105988
192 tid 105988
Insert  tid 105988
FindTargetPageId rootid 3 tid 105987
target_page_id id: 2 tid 105987
0 1 tid 105987
128 4 tid 105987
365 2 tid 105987
128 tid 105987
Remove  tid 105987
FindTargetPageId rootid 3 tid 105986
target_page_id id: 4 tid 105986
0 1 tid 105986
128 4 tid 105986
365 2 tid 105986
192 tid 105986
Insert  tid 105986
FindTargetPageId rootid 3 tid 105988
target_page_id id: 4 tid 105988
0 1 tid 105988
128 4 tid 105988
365 2 tid 105988
193 tid 105988
Insert  tid 105988
FindTargetPageId rootid 3 tid 105987
target_page_id id: 2 tid 105987
0 1 tid 105987
128 4 tid 105987
365 2 tid 105987
128 tid 105987
Remove  tid 105987
FindTargetPageId rootid 3 tid 105986
target_page_id id: 4 tid 105986
0 1 tid 105986
128 4 tid 105986
365 2 tid 105986
193 tid 105986
Insert  tid 105986
FindTargetPageId rootid 3 tid 105988
target_page_id id: 4 tid 105988
0 1 tid 105988
128 4 tid 105988
365 2 tid 105988
194 tid 105988
Insert  tid 105988
FindTargetPageId rootid 3 tid 105987
target_page_id id: 2 tid 105987
0 1 tid 105987
128 4 tid 105987
365 2 tid 105987
128 tid 105987
Remove  tid 105987
FindTargetPageId rootid 3 tid 105986
target_page_id id: 4 tid 105986
0 1 tid 105986
128 4 tid 105986
365 2 tid 105986
194 tid 105986
Insert  tid 105986
FindTargetPageId rootid 3 tid 105988
target_page_id id: 4 tid 105988
0 1 tid 105988
128 4 tid 105988
365 2 tid 105988
195 tid 105988
Insert  tid 105988
FindTargetPageId rootid 3 tid 105987
target_page_id id: 2 tid 105987
0 1 tid 105987
128 4 tid 105987
365 2 tid 105987
128 tid 105987
Remove  tid 105987
FindTargetPageId rootid 3 tid 105986
target_page_id id: 4 tid 105986
0 1 tid 105986
128 4 tid 105986
365 2 tid 105986
195 tid 105986
Insert  tid 105986
FindTargetPageId rootid 3 tid 105986
target_page_id id: 4 tid 105986
0 1 tid 105986
128 4 tid 105986
365 2 tid 105986
196 tid 105986
Insert  tid 105986
FindTargetPageId rootid 3 tid 105987
target_page_id id: 2 tid 105987
0 1 tid 105987
128 4 tid 105987
365 2 tid 105987
128 tid 105987
Remove  tid 105987
FindTargetPageId rootid 3 tid 105988
target_page_id id: 4 tid 105988
0 1 tid 105988
128 4 tid 105988
365 2 tid 105988
197 tid 105988
Insert  tid 105988
FindTargetPageId rootid 3 tid 105986
target_page_id id: 4 tid 105986
0 1 tid 105986
128 4 tid 105986
365 2 tid 105986
197 tid 105986
Insert  tid 105986
FindTargetPageId rootid 3 tid 105987
target_page_id id: 2 tid 105987
0 1 tid 105987
128 4 tid 105987
365 2 tid 105987
128 tid 105987
Remove  tid 105987
FindTargetPageId rootid 3 tid 105988
target_page_id id: 4 tid 105988
0 1 tid 105988
128 4 tid 105988
365 2 tid 105988
198 tid 105988
Insert  tid 105988
FindTargetPageId rootid 3 tid 105988
target_page_id id: 4 tid 105988
0 1 tid 105988
128 4 tid 105988
365 2 tid 105988
198 tid 105988
Insert  tid 105988
FindTargetPageId rootid 3 tid 105987
target_page_id id: 2 tid 105987
0 1 tid 105987
128 4 tid 105987
365 2 tid 105987
128 tid 105987
Remove  tid 105987
FindTargetPageId rootid 3 tid 105986
target_page_id id: 4 tid 105986
0 1 tid 105986
128 4 tid 105986
365 2 tid 105986
198 tid 105986
Insert  tid 105986
FindTargetPageId rootid 3 tid 105988
target_page_id id: 4 tid 105988
0 1 tid 105988
128 4 tid 105988
365 2 tid 105988
199 tid 105988
Insert  tid 105988
FindTargetPageId rootid 3 tid 105988
target_page_id id: 4 tid 105988
0 1 tid 105988
128 4 tid 105988
365 2 tid 105988
199 tid 105988
Insert  tid 105988
FindTargetPageId rootid 3 tid 105986
target_page_id id: 4 tid 105986
0 1 tid 105986
128 4 tid 105986
365 2 tid 105986
199 tid 105986
Insert  tid 105986
FindTargetPageId rootid 3 tid 105987
target_page_id id: 2 tid 105987
0 1 tid 105987
128 4 tid 105987
365 2 tid 105987
128 tid 105987
Remove  tid 105987
FindTargetPageId rootid 3 tid 105988
target_page_id id: 4 tid 105988
0 1 tid 105988
128 4 tid 105988
365 2 tid 105988
200 tid 105988
Insert  tid 105988
FindTargetPageId rootid 3 tid 105986
target_page_id id: 4 tid 105986
0 1 tid 105986
128 4 tid 105986
365 2 tid 105986
200 tid 105986
Insert  tid 105986
FindTargetPageId rootid 3 tid 105986
target_page_id id: 4 tid 105986
0 1 tid 105986
128 4 tid 105986
365 2 tid 105986
201 tid 105986
Insert  tid 105986
FindTargetPageId rootid 3 tid 105988
target_page_id id: 4 tid 105988
0 1 tid 105988
128 4 tid 105988
365 2 tid 105988
202 tid 105988
Insert  tid 105988
FindTargetPageId rootid 3 tid 105988
target_page_id id: 4 tid 105988
0 1 tid 105988
128 4 tid 105988
365 2 tid 105988
202 tid 105988
Insert  tid 105988
FindTargetPageId rootid 3 tid 105986
target_page_id id: 4 tid 105986
0 1 tid 105986
128 4 tid 105986
365 2 tid 105986
202 tid 105986
Insert  tid 105986
FindTargetPageId rootid 3 tid 105987
target_page_id id: 2 tid 105987
0 1 tid 105987
128 4 tid 105987
365 2 tid 105987
128 tid 105987
FindTargetPageId rootid 3 tid 105988
target_page_id id: 4 tid 105988
0 1 tid 105988
128 4 tid 105988
365 2 tid 105988
Remove  tid 105987
203 tid 105988
Insert  tid 105988
FindTargetPageId rootid 3 tid 105986
target_page_id id: 4 tid 105986
0 1 tid 105986
128 4 tid 105986
365 2 tid 105986
203 tid 105986
Insert  tid 105986
FindTargetPageId rootid 3 tid 105987
target_page_id id: 2 tid 105987
0 1 tid 105987
128 4 tid 105987
365 2 tid 105987
128 tid 105987
Remove  tid 105987
FindTargetPageId rootid 3 tid 105988
target_page_id id: 4 tid 105988
0 1 tid 105988
128 4 tid 105988
365 2 tid 105988
204 tid 105988
Insert  tid 105988
FindTargetPageId rootid 3 tid 105986
target_page_id id: 4 tid 105986
0 1 tid 105986
128 4 tid 105986
365 2 tid 105986
204 tid 105986
Insert  tid 105986
FindTargetPageId rootid 3 tid 105987
target_page_id id: 2 tid 105987
0 1 tid 105987
128 4 tid 105987
365 2 tid 105987
128 tid 105987
Remove  tid 105987
FindTargetPageId rootid 3 tid 105988
target_page_id id: 4 tid 105988
0 1 tid 105988
128 4 tid 105988
365 2 tid 105988
205 tid 105988
Insert  tid 105988
FindTargetPageId rootid 3 tid 105986
target_page_id id: 4 tid 105986
0 1 tid 105986
128 4 tid 105986
365 2 tid 105986
205 tid 105986
Insert  tid 105986
FindTargetPageId rootid 3 tid 105987
target_page_id id: 2 tid 105987
0 1 tid 105987
128 4 tid 105987
365 2 tid 105987
128 tid 105987
Remove  tid 105987
FindTargetPageId rootid 3 tid 105988
target_page_id id: 4 tid 105988
0 1 tid 105988
128 4 tid 105988
365 2 tid 105988
206 tid 105988
Insert  tid 105988
FindTargetPageId rootid 3 tid 105986
target_page_id id: 4 tid 105986
0 1 tid 105986
128 4 tid 105986
365 2 tid 105986
206 tid 105986
Insert  tid 105986
FindTargetPageId rootid 3 tid 105987
target_page_id id: 2 tid 105987
0 1 tid 105987
128 4 tid 105987
365 2 tid 105987
128 tid 105987
Remove  tid 105987
FindTargetPageId rootid 3 tid 105988
target_page_id id: 4 tid 105988
0 1 tid 105988
128 4 tid 105988
365 2 tid 105988
207 tid 105988
Insert  tid 105988
FindTargetPageId rootid 3 tid 105986
target_page_id id: 4 tid 105986
0 1 tid 105986
128 4 tid 105986
365 2 tid 105986
207 tid 105986
Insert  tid 105986
FindTargetPageId rootid 3 tid 105987
target_page_id id: 2 tid 105987
0 1 tid 105987
128 4 tid 105987
365 2 tid 105987
128 tid 105987
Remove  tid 105987
FindTargetPageId rootid 3 tid 105988
target_page_id id: 4 tid 105988
0 1 tid 105988
128 4 tid 105988
365 2 tid 105988
208 tid 105988
Insert  tid 105988
FindTargetPageId rootid 3 tid 105986
target_page_id id: 4 tid 105986
0 1 tid 105986
128 4 tid 105986
365 2 tid 105986
208 tid 105986
Insert  tid 105986
FindTargetPageId rootid 3 tid 105987
target_page_id id: 2 tid 105987
0 1 tid 105987
128 4 tid 105987
365 2 tid 105987
128 tid 105987
Remove  tid 105987
FindTargetPageId rootid 3 tid 105988
target_page_id id: 4 tid 105988
0 1 tid 105988
128 4 tid 105988
365 2 tid 105988
209 tid 105988
Insert  tid 105988
FindTargetPageId rootid 3 tid 105986
target_page_id id: 4 tid 105986
0 1 tid 105986
128 4 tid 105986
365 2 tid 105986
209 tid 105986
Insert  tid 105986
FindTargetPageId rootid 3 tid 105987
target_page_id id: 2 tid 105987
0 1 tid 105987
128 4 tid 105987
365 2 tid 105987
128 tid 105987
Remove  tid 105987
FindTargetPageId rootid 3 tid 105988
target_page_id id: 4 tid 105988
0 1 tid 105988
128 4 tid 105988
365 2 tid 105988
210 tid 105988
Insert  tid 105988
FindTargetPageId rootid 3 tid 105988
target_page_id id: 4 tid 105988
0 1 tid 105988
128 4 tid 105988
365 2 tid 105988
210 tid 105988
Insert  tid 105988
FindTargetPageId rootid 3 tid 105988
target_page_id id: 4 tid 105988
0 1 tid 105988
128 4 tid 105988
365 2 tid 105988
210 tid 105988
Insert  tid 105988
FindTargetPageId rootid 3 tid 105988
target_page_id id: 4 tid 105988
0 1 tid 105988
128 4 tid 105988
365 2 tid 105988
210 tid 105988
Insert  tid 105988
FindTargetPageId rootid 3 tid 105987
target_page_id id: 2 tid 105987
0 1 tid 105987
128 4 tid 105987
365 2 tid 105987
128 tid 105987
Remove  tid 105987
FindTargetPageId rootid 3 tid 105987
target_page_id id: 2 tid 105987
0 1 tid 105987
128 4 tid 105987
365 2 tid 105987
128 tid 105987
Remove  tid 105987
FindTargetPageId rootid 3 tid 105987
target_page_id id: 2 tid 105987
0 1 tid 105987
128 4 tid 105987
365 2 tid 105987
128 tid 105987
Remove  tid 105987
FindTargetPageId rootid 3 tid 105987
target_page_id id: 2 tid 105987
0 1 tid 105987
128 4 tid 105987
365 2 tid 105987
128 tid 105987
Remove  tid 105987
FindTargetPageId rootid 3 tid 105986
target_page_id id: 4 tid 105986
0 1 tid 105986
128 4 tid 105986
365 2 tid 105986
210 tid 105986
Insert  tid 105986
FindTargetPageId rootid 3 tid 105988
target_page_id id: 4 tid 105988
0 1 tid 105988
128 4 tid 105988
365 2 tid 105988
211 tid 105988
Insert  tid 105988
FindTargetPageId rootid 3 tid 105987
target_page_id id: 2 tid 105987
0 1 tid 105987
128 4 tid 105987
365 2 tid 105987
128 tid 105987
Remove  tid 105987
FindTargetPageId rootid 3 tid 105986
target_page_id id: 4 tid 105986
0 1 tid 105986
128 4 tid 105986
365 2 tid 105986
211 tid 105986
Insert  tid 105986
FindTargetPageId rootid 3 tid 105988
target_page_id id: 4 tid 105988
0 1 tid 105988
128 4 tid 105988
365 2 tid 105988
212 tid 105988
Insert  tid 105988
FindTargetPageId rootid 3 tid 105987
target_page_id id: 2 tid 105987
0 1 tid 105987
128 4 tid 105987
365 2 tid 105987
128 tid 105987
Remove  tid 105987
FindTargetPageId rootid 3 tid 105986
target_page_id id: 4 tid 105986
0 1 tid 105986
128 4 tid 105986
365 2 tid 105986
212 tid 105986
Insert  tid 105986
FindTargetPageId rootid 3 tid 105988
target_page_id id: 4 tid 105988
0 1 tid 105988
128 4 tid 105988
365 2 tid 105988
213 tid 105988
Insert  tid 105988
FindTargetPageId rootid 3 tid 105987
target_page_id id: 2 tid 105987
0 1 tid 105987
128 4 tid 105987
365 2 tid 105987
128 tid 105987
Remove  tid 105987
FindTargetPageId rootid 3 tid 105986
target_page_id id: 4 tid 105986
0 1 tid 105986
128 4 tid 105986
365 2 tid 105986
213 tid 105986
Insert  tid 105986
FindTargetPageId rootid 3 tid 105988
target_page_id id: 4 tid 105988
0 1 tid 105988
128 4 tid 105988
365 2 tid 105988
214 tid 105988
Insert  tid 105988
FindTargetPageId rootid 3 tid 105987
target_page_id id: 2 tid 105987
0 1 tid 105987
128 4 tid 105987
365 2 tid 105987
128 tid 105987
Remove  tid 105987
FindTargetPageId rootid 3 tid 105986
target_page_id id: 4 tid 105986
0 1 tid 105986
128 4 tid 105986
365 2 tid 105986
214 tid 105986
Insert  tid 105986
FindTargetPageId rootid 3 tid 105988
target_page_id id: 4 tid 105988
0 1 tid 105988
128 4 tid 105988
365 2 tid 105988
215 tid 105988
Insert  tid 105988
FindTargetPageId rootid 3 tid 105987
target_page_id id: 2 tid 105987
0 1 tid 105987
128 4 tid 105987
365 2 tid 105987
128 tid 105987
Remove  tid 105987
FindTargetPageId rootid 3 tid 105986
target_page_id id: 4 tid 105986
0 1 tid 105986
128 4 tid 105986
365 2 tid 105986
215 tid 105986
Insert  tid 105986
FindTargetPageId rootid 3 tid 105988
target_page_id id: 4 tid 105988
0 1 tid 105988
128 4 tid 105988
365 2 tid 105988
216 tid 105988
Insert  tid 105988
FindTargetPageId rootid 3 tid 105987
target_page_id id: 2 tid 105987
0 1 tid 105987
128 4 tid 105987
365 2 tid 105987
128 tid 105987
Remove  tid 105987
FindTargetPageId rootid 3 tid 105986
target_page_id id: 4 tid 105986
0 1 tid 105986
128 4 tid 105986
365 2 tid 105986
216 tid 105986
Insert  tid 105986
FindTargetPageId rootid 3 tid 105986
target_page_id id: 4 tid 105986
0 1 tid 105986
128 4 tid 105986
365 2 tid 105986
217 tid 105986
Insert  tid 105986
FindTargetPageId rootid 3 tid 105986
target_page_id id: 4 tid 105986
0 1 tid 105986
128 4 tid 105986
365 2 tid 105986
218 tid 105986
Insert  tid 105986
FindTargetPageId rootid 3 tid 105988
target_page_id id: 4 tid 105988
0 1 tid 105988
128 4 tid 105988
365 2 tid 105988
219 tid 105988
Insert  tid 105988
FindTargetPageId rootid 3 tid 105987
target_page_id id: 2 tid 105987
0 1 tid 105987
128 4 tid 105987
365 2 tid 105987
128 tid 105987
Remove  tid 105987
FindTargetPageId rootid 3 tid 105986
target_page_id id: 4 tid 105986
0 1 tid 105986
128 4 tid 105986
365 2 tid 105986
219 tid 105986
Insert  tid 105986
FindTargetPageId rootid 3 tid 105988
target_page_id id: 4 tid 105988
0 1 tid 105988
128 4 tid 105988
365 2 tid 105988
220 tid 105988
Insert  tid 105988
FindTargetPageId rootid 3 tid 105987
target_page_id id: 2 tid 105987
0 1 tid 105987
128 4 tid 105987
365 2 tid 105987
128 tid 105987
Remove  tid 105987
FindTargetPageId rootid 3 tid 105987
target_page_id id: 2 tid 105987
0 1 tid 105987
128 4 tid 105987
365 2 tid 105987
128 tid 105987
Remove  tid 105987
FindTargetPageId rootid 3 tid 105987
target_page_id id: 2 tid 105987
0 1 tid 105987
128 4 tid 105987
365 2 tid 105987
128 tid 105987
Remove  tid 105987
FindTargetPageId rootid 3 tid 105986
target_page_id id: 4 tid 105986
0 1 tid 105986
128 4 tid 105986
365 2 tid 105986
220 tid 105986
Insert  tid 105986
FindTargetPageId rootid 3 tid 105988
target_page_id id: 4 tid 105988
0 1 tid 105988
128 4 tid 105988
365 2 tid 105988
221 tid 105988
Insert  tid 105988
FindTargetPageId rootid 3 tid 105987
target_page_id id: 2 tid 105987
0 1 tid 105987
128 4 tid 105987
365 2 tid 105987
128 tid 105987
Remove  tid 105987
FindTargetPageId rootid 3 tid 105987
target_page_id id: 2 tid 105987
0 1 tid 105987
128 4 tid 105987
365 2 tid 105987
128 tid 105987
Remove  tid 105987
FindTargetPageId rootid 3 tid 105987
target_page_id id: 2 tid 105987
0 1 tid 105987
128 4 tid 105987
365 2 tid 105987
128 tid 105987
FindTargetPageId rootid 3 tid 105986
target_page_id id: 4 tid 105986
0 1 tid 105986
128 4 tid 105986
365 2 tid 105986
Remove  tid 105987
221 tid 105986
Insert  tid 105986
FindTargetPageId rootid 3 tid 105988
target_page_id id: 4 tid 105988
0 1 tid 105988
128 4 tid 105988
365 2 tid 105988
222 tid 105988
Insert  tid 105988
FindTargetPageId rootid 3 tid 105987
target_page_id id: 2 tid 105987
0 1 tid 105987
128 4 tid 105987
365 2 tid 105987
128 tid 105987
Remove  tid 105987
FindTargetPageId rootid 3 tid 105986
target_page_id id: 4 tid 105986
0 1 tid 105986
128 4 tid 105986
365 2 tid 105986
222 tid 105986
Insert  tid 105986
FindTargetPageId rootid 3 tid 105988
target_page_id id: 4 tid 105988
0 1 tid 105988
128 4 tid 105988
365 2 tid 105988
223 tid 105988
Insert  tid 105988
FindTargetPageId rootid 3 tid 105988
target_page_id id: 4 tid 105988
0 1 tid 105988
128 4 tid 105988
365 2 tid 105988
223 tid 105988
Insert  tid 105988
FindTargetPageId rootid 3 tid 105986
target_page_id id: 4 tid 105986
0 1 tid 105986
128 4 tid 105986
365 2 tid 105986
223 tid 105986
Insert  tid 105986
FindTargetPageId rootid 3 tid 105987
target_page_id id: 2 tid 105987
0 1 tid 105987
128 4 tid 105987
365 2 tid 105987
128 tid 105987
Remove  tid 105987
FindTargetPageId rootid 3 tid 105988
target_page_id id: 4 tid 105988
0 1 tid 105988
128 4 tid 105988
365 2 tid 105988
224 tid 105988
Insert  tid 105988
FindTargetPageId rootid 3 tid 105986
target_page_id id: 4 tid 105986
0 1 tid 105986
128 4 tid 105986
365 2 tid 105986
224 tid 105986
Insert  tid 105986
FindTargetPageId rootid 3 tid 105987
target_page_id id: 2 tid 105987
0 1 tid 105987
128 4 tid 105987
365 2 tid 105987
128 tid 105987
Remove  tid 105987
FindTargetPageId rootid 3 tid 105987
target_page_id id: 2 tid 105987
0 1 tid 105987
128 4 tid 105987
365 2 tid 105987
128 tid 105987
Remove  tid 105987
FindTargetPageId rootid 3 tid 105987
target_page_id id: 2 tid 105987
0 1 tid 105987
128 4 tid 105987
365 2 tid 105987
128 tid 105987
Remove  tid 105987
FindTargetPageId rootid 3 tid 105987
target_page_id id: 2 tid 105987
0 1 tid 105987
128 4 tid 105987
365 2 tid 105987
128 tid 105987
Remove  tid 105987
FindTargetPageId rootid 3 tid 105987
target_page_id id: 2 tid 105987
0 1 tid 105987
128 4 tid 105987
365 2 tid 105987
128 tid 105987
Remove  tid 105987
FindTargetPageId rootid 3 tid 105987
target_page_id id: 2 tid 105987
0 1 tid 105987
128 4 tid 105987
365 2 tid 105987
128 tid 105987
Remove  tid 105987
FindTargetPageId rootid 3 tid 105987
target_page_id id: 2 tid 105987
0 1 tid 105987
128 4 tid 105987
365 2 tid 105987
128 tid 105987
Remove  tid 105987
FindTargetPageId rootid 3 tid 105987
target_page_id id: 2 tid 105987
0 1 tid 105987
128 4 tid 105987
365 2 tid 105987
128 tid 105987
Remove  tid 105987
FindTargetPageId rootid 3 tid 105988
target_page_id id: 4 tid 105988
0 1 tid 105988
128 4 tid 105988
365 2 tid 105988
225 tid 105988
Insert  tid 105988
FindTargetPageId rootid 3 tid 105986
target_page_id id: 4 tid 105986
0 1 tid 105986
128 4 tid 105986
365 2 tid 105986
225 tid 105986
Insert  tid 105986
FindTargetPageId rootid 3 tid 105987
target_page_id id: 2 tid 105987
0 1 tid 105987
128 4 tid 105987
365 2 tid 105987
128 tid 105987
Remove  tid 105987
FindTargetPageId rootid 3 tid 105987
target_page_id id: 2 tid 105987
0 1 tid 105987
128 4 tid 105987
365 2 tid 105987
128 tid 105987
Remove  tid 105987
FindTargetPageId rootid 3 tid 105987
target_page_id id: 2 tid 105987
0 1 tid 105987
128 4 tid 105987
365 2 tid 105987
128 tid 105987
Remove  tid 105987
FindTargetPageId rootid 3 tid 105987
target_page_id id: 2 tid 105987
0 1 tid 105987
128 4 tid 105987
365 2 tid 105987
128 tid 105987
Remove  tid 105987
FindTargetPageId rootid 3 tid 105987
target_page_id id: 2 tid 105987
0 1 tid 105987
128 4 tid 105987
365 2 tid 105987
128 tid 105987
Remove  tid 105987
FindTargetPageId rootid 3 tid 105987
target_page_id id: 2 tid 105987
0 1 tid 105987
128 4 tid 105987
365 2 tid 105987
128 tid 105987
Remove  tid 105987
FindTargetPageId rootid 3 tid 105988
target_page_id id: 4 tid 105988
0 1 tid 105988
128 4 tid 105988
365 2 tid 105988
226 tid 105988
Insert  tid 105988
FindTargetPageId rootid 3 tid 105986
target_page_id id: 4 tid 105986
0 1 tid 105986
128 4 tid 105986
365 2 tid 105986
226 tid 105986
Insert  tid 105986
FindTargetPageId rootid 3 tid 105986
target_page_id id: 4 tid 105986
0 1 tid 105986
128 4 tid 105986
365 2 tid 105986
227 tid 105986
Insert  tid 105986
FindTargetPageId rootid 3 tid 105988
target_page_id id: 4 tid 105988
0 1 tid 105988
128 4 tid 105988
365 2 tid 105988
228 tid 105988
Insert  tid 105988
FindTargetPageId rootid 3 tid 105988
target_page_id id: 4 tid 105988
0 1 tid 105988
128 4 tid 105988
365 2 tid 105988
228 tid 105988
Insert  tid 105988
FindTargetPageId rootid 3 tid 105988
target_page_id id: 4 tid 105988
0 1 tid 105988
128 4 tid 105988
365 2 tid 105988
228 tid 105988
Insert  tid 105988
FindTargetPageId rootid 3 tid 105988
target_page_id id: 4 tid 105988
0 1 tid 105988
128 4 tid 105988
365 2 tid 105988
228 tid 105988
Insert  tid 105988
FindTargetPageId rootid 3 tid 105987
target_page_id id: 2 tid 105987
0 1 tid 105987
128 4 tid 105987
365 2 tid 105987
128 tid 105987
Remove  tid 105987
FindTargetPageId rootid 3 tid 105986
target_page_id id: 4 tid 105986
0 1 tid 105986
128 4 tid 105986
365 2 tid 105986
228 tid 105986
Insert  tid 105986
FindTargetPageId rootid 3 tid 105988
target_page_id id: 4 tid 105988
0 1 tid 105988
128 4 tid 105988
365 2 tid 105988
229 tid 105988
Insert  tid 105988
FindTargetPageId rootid 3 tid 105988
target_page_id id: 4 tid 105988
0 1 tid 105988
128 4 tid 105988
365 2 tid 105988
229 tid 105988
Insert  tid 105988
FindTargetPageId rootid 3 tid 105986
target_page_id id: 4 tid 105986
0 1 tid 105986
128 4 tid 105986
365 2 tid 105986
229 tid 105986
Insert  tid 105986
FindTargetPageId rootid 3 tid 105986
target_page_id id: 4 tid 105986
0 1 tid 105986
128 4 tid 105986
365 2 tid 105986
230 tid 105986
Insert  tid 105986
FindTargetPageId rootid 3 tid 105986
target_page_id id: 4 tid 105986
0 1 tid 105986
128 4 tid 105986
365 2 tid 105986
231 tid 105986
Insert  tid 105986
FindTargetPageId rootid 3 tid 105986
target_page_id id: 4 tid 105986
0 1 tid 105986
128 4 tid 105986
365 2 tid 105986
232 tid 105986
Insert  tid 105986
FindTargetPageId rootid 3 tid 105986
target_page_id id: 4 tid 105986
0 1 tid 105986
128 4 tid 105986
365 2 tid 105986
233 tid 105986
Insert  tid 105986
FindTargetPageId rootid 3 tid 105986
target_page_id id: 4 tid 105986
0 1 tid 105986
128 4 tid 105986
365 2 tid 105986
234 tid 105986
Insert  tid 105986
FindTargetPageId rootid 3 tid 105987
target_page_id id: 2 tid 105987
0 1 tid 105987
128 4 tid 105987
365 2 tid 105987
128 tid 105987
Remove  tid 105987
FindTargetPageId rootid 3 tid 105988
target_page_id id: 4 tid 105988
0 1 tid 105988
128 4 tid 105988
365 2 tid 105988
235 tid 105988
FindTargetPageId rootid 3 tid 105986
target_page_id id: 4 tid 105986
0 1 tid 105986
128 4 tid 105986
365 2 tid 105986
235 tid 105986
Insert  tid 105988
FindTargetPageId rootid 3 tid 105987
target_page_id id: 2 tid 105987
0 1 tid 105987
128 4 tid 105987
365 2 tid 105987
128 tid 105987
Remove  tid 105987
FindTargetPageId rootid 3 tid 105987
target_page_id id: 2 tid 105987
0 1 tid 105987
Insert  tid 105986
128 4 tid 105987
365 2 tid 105987
128 tid 105987
Remove  tid 105987
FindTargetPageId rootid 3 tid 105988
target_page_id id: 4 tid 105988
0 1 tid 105988
128 4 tid 105988
365 2 tid 105988
236 tid 105988
Insert  tid 105988
FindTargetPageId rootid 3 tid 105986
target_page_id id: 4 tid 105986
0 1 tid 105986
128 4 tid 105986
365 2 tid 105986
236 tid 105986
Insert  tid 105986
FindTargetPageId rootid 3 tid 105987
target_page_id id: 2 tid 105987
0 1 tid 105987
128 4 tid 105987
365 2 tid 105987
128 tid 105987
Remove  tid 105987
FindTargetPageId rootid 3 tid 105988
target_page_id id: 4 tid 105988
0 1 tid 105988
128 4 tid 105988
365 2 tid 105988
237 tid 105988
Insert  tid 105988
FindTargetPageId rootid 3 tid 105986
target_page_id id: 2 tid 105986
0 1 tid 105986
128 4 tid 105986
365 2 tid 105986
128 tid 105986
Insert  tid 105986
FindTargetPageId rootid 3 tid 105987
target_page_id id: 2 tid 105987
0 1 tid 105987
128 4 tid 105987
365 2 tid 105987
129 tid 105987
Remove  tid 105987
FindTargetPageId rootid 3 tid 105988
target_page_id id: 4 tid 105988
0 1 tid 105988
128 4 tid 105988
365 2 tid 105988
237 tid 105988
Insert  tid 105988
FindTargetPageId rootid 3 tid 105986
target_page_id id: 2 tid 105986
0 1 tid 105986
128 4 tid 105986
365 2 tid 105986
129 tid 105986
Insert  tid 105986
FindTargetPageId rootid 3 tid 105987
target_page_id id: 2 tid 105987
0 1 tid 105987
128 4 tid 105987
365 2 tid 105987
130 tid 105987
Remove  tid 105987
FindTargetPageId rootid 3 tid 105988
target_page_id id: 4 tid 105988
0 1 tid 105988
128 4 tid 105988
365 2 tid 105988
237 tid 105988
Insert  tid 105988
FindTargetPageId rootid 3 tid 105986
target_page_id id: 2 tid 105986
0 1 tid 105986
128 4 tid 105986
365 2 tid 105986
130 tid 105986
Insert  tid 105986
FindTargetPageId rootid 3 tid 105987
target_page_id id: 2 tid 105987
0 1 tid 105987
128 4 tid 105987
365 2 tid 105987
131 tid 105987
Remove  tid 105987
FindTargetPageId rootid 3 tid 105988
target_page_id id: 4 tid 105988
0 1 tid 105988
128 4 tid 105988
365 2 tid 105988
237 tid 105988
Insert  tid 105988
FindTargetPageId rootid 3 tid 105986
target_page_id id: 2 tid 105986
0 1 tid 105986
128 4 tid 105986
365 2 tid 105986
131 tid 105986
Insert  tid 105986
FindTargetPageId rootid 3 tid 105987
target_page_id id: 2 tid 105987
0 1 tid 105987
128 4 tid 105987
365 2 tid 105987
132 tid 105987
Remove  tid 105987
FindTargetPageId rootid 3 tid 105988
target_page_id id: 4 tid 105988
0 1 tid 105988
128 4 tid 105988
365 2 tid 105988
237 tid 105988
Insert  tid 105988
FindTargetPageId rootid 3 tid 105988
target_page_id id: 4 tid 105988
0 1 tid 105988
128 4 tid 105988
365 2 tid 105988
237 tid 105988
Insert  tid 105988
FindTargetPageId rootid 3 tid 105987
target_page_id id: 2 tid 105987
0 1 tid 105987
128 4 tid 105987
365 2 tid 105987
132 tid 105987
Remove  tid 105987
FindTargetPageId rootid 3 tid 105986
target_page_id id: 2 tid 105986
0 1 tid 105986
128 4 tid 105986
365 2 tid 105986
132 tid 105986
Insert  tid 105986
FindTargetPageId rootid 3 tid 105988
target_page_id id: 4 tid 105988
0 1 tid 105988
128 4 tid 105988
365 2 tid 105988
237 tid 105988
Insert  tid 105988
FindTargetPageId rootid 3 tid 105987
target_page_id id: 2 tid 105987
0 1 tid 105987
128 4 tid 105987
365 2 tid 105987
133 tid 105987
Remove  tid 105987
FindTargetPageId rootid 3 tid 105986
target_page_id id: 2 tid 105986
0 1 tid 105986
128 4 tid 105986
365 2 tid 105986
133 tid 105986
Insert  tid 105986
FindTargetPageId rootid 3 tid 105988
target_page_id id: 4 tid 105988
0 1 tid 105988
128 4 tid 105988
365 2 tid 105988
237 tid 105988
Insert  tid 105988
FindTargetPageId rootid 3 tid 105987
target_page_id id: 2 tid 105987
0 1 tid 105987
128 4 tid 105987
365 2 tid 105987
134 tid 105987
Remove  tid 105987
FindTargetPageId rootid 3 tid 105986
target_page_id id: 2 tid 105986
0 1 tid 105986
128 4 tid 105986
365 2 tid 105986
134 tid 105986
Insert  tid 105986
FindTargetPageId rootid 3 tid 105988
target_page_id id: 4 tid 105988
0 1 tid 105988
128 4 tid 105988
365 2 tid 105988
237 tid 105988
FindTargetPageId rootid Insert 3 tid  tid 105987
105988target_page_id id: 2 tid 105987
0 1 tid 105987
128 4 tid 105987
365 2 tid 105987

135 tid 105987
Remove  tid 105987
FindTargetPageId rootid 3 tid 105986
target_page_id id: 2 tid 105986
0 1 tid 105986
128 4 tid 105986
365 2 tid 105986
135 tid 105986
Insert  tid 105986
FindTargetPageId rootid 3 tid 105988
target_page_id id: 4 tid 105988
0 1 tid 105988
128 4 tid 105988
365 2 tid 105988
237 tid 105988
Insert  tid 105988
FindTargetPageId rootid 3 tid 105987
target_page_id id: 2 tid 105987
0 1 tid 105987
128 4 tid 105987
365 2 tid 105987
136 tid 105987
Remove  tid 105987
FindTargetPageId rootid 3 tid 105986
target_page_id id: 2 tid 105986
0 1 tid 105986
128 4 tid 105986
365 2 tid 105986
136 tid 105986
Insert  tid 105986
FindTargetPageId rootid 3 tid 105986
target_page_id id: 2 tid 105986
0 1 tid 105986
128 4 tid 105986
365 2 tid 105986
137 tid 105986
Insert  tid 105986
FindTargetPageId rootid 3 tid 105988
target_page_id id: 4 tid 105988
0 1 tid 105988
128 4 tid 105988
365 2 tid 105988
237 tid 105988
Insert  tid 105988
FindTargetPageId rootid 3 tid 105987
target_page_id id: 2 tid 105987
0 1 tid 105987
128 4 tid 105987
365 2 tid 105987
138 tid 105987
Remove  tid 105987
FindTargetPageId rootid 3 tid 105987
target_page_id id: 2 tid 105987
0 1 tid 105987
128 4 tid 105987
365 2 tid 105987
138 tid 105987
Remove  tid 105987
FindTargetPageId rootid 3 tid 105986
target_page_id id: 2 tid 105986
0 1 tid 105986
128 4 tid 105986
365 2 tid 105986
138 tid 105986
Insert  tid 105986
FindTargetPageId rootid 3 tid 105988
target_page_id id: 4 tid 105988
0 1 tid 105988
128 4 tid 105988
365 2 tid 105988
237 tid 105988
Insert  tid 105988
FindTargetPageId rootid 3 tid 105987
target_page_id id: 2 tid 105987
0 1 tid 105987
128 4 tid 105987
365 2 tid 105987
139 tid 105987
Remove  tid 105987
FindTargetPageId rootid 3 tid 105986
target_page_id id: 2 tid 105986
0 1 tid 105986
128 4 tid 105986
365 2 tid 105986
139 tid 105986
Insert  tid 105986
FindTargetPageId rootid 3 tid 105988
target_page_id id: 4 tid 105988
0 1 tid 105988
128 4 tid 105988
365 2 tid 105988
237 tid 105988
Insert  tid 105988
FindTargetPageId rootid 3 tid 105987
target_page_id id: 2 tid 105987
0 1 tid 105987
128 4 tid 105987
365 2 tid 105987
140 tid 105987
Remove  tid 105987
FindTargetPageId rootid 3 tid 105986
target_page_id id: 2 tid 105986
0 1 tid 105986
128 4 tid 105986
365 2 tid 105986
140 tid 105986
Insert  tid 105986
FindTargetPageId rootid 3 tid 105988
target_page_id id: 4 tid 105988
0 1 tid 105988
128 4 tid 105988
365 2 tid 105988
237 tid 105988
Insert  tid 105988
FindTargetPageId rootid 3 tid 105987
target_page_id id: 2 tid 105987
0 1 tid 105987
128 4 tid 105987
365 2 tid 105987
141 tid 105987
Remove  tid 105987
FindTargetPageId rootid 3 tid 105986
target_page_id id: 2 tid 105986
0 1 tid 105986
128 4 tid 105986
365 2 tid 105986
141 tid 105986
FindTargetPageId rootid 3 tid 105988
target_page_id id: 4 tid 105988
Insert  tid 105986
0 1 tid 105988
128 4 tid 105988
365 2 tid 105988
237 tid 105988
Insert  tid 105988
FindTargetPageId rootid 3 tid 105987
target_page_id id: 2 tid 105987
0 1 tid 105987
128 4 tid 105987
365 2 tid 105987
142 tid 105987
Remove  tid 105987
FindTargetPageId rootid 3 tid 105986
target_page_id id: 2 tid 105986
0 1 tid 105986
128 4 tid 105986
365 2 tid 105986
142 tid 105986
Insert  tid 105986
FindTargetPageId rootid 3 tid 105988
target_page_id id: 4 tid 105988
0 1 tid 105988
128 4 tid 105988
365 2 tid 105988
237 tid 105988
Insert  tid 105988
FindTargetPageId rootid 3 tid 105987
target_page_id id: 2 tid 105987
0 1 tid 105987
128 4 tid 105987
365 2 tid 105987
143 tid 105987
Remove  tid 105987
FindTargetPageId rootid 3 tid 105986
target_page_id id: 2 tid 105986
0 1 tid 105986
128 4 tid 105986
365 2 tid 105986
143 tid 105986
Insert  tid 105986
FindTargetPageId rootid 3 tid 105986
target_page_id id: 2 tid 105986
0 1 tid 105986
128 4 tid 105986
365 2 tid 105986
144 tid 105986
Insert  tid 105986
FindTargetPageId rootid 3 tid 105986
target_page_id id: 2 tid 105986
0 1 tid 105986
128 4 tid 105986
365 2 tid 105986
145 tid 105986
Insert  tid 105986
FindTargetPageId rootid 3 tid 105988
target_page_id id: 4 tid 105988
0 1 tid 105988
128 4 tid 105988
365 2 tid 105988
237 tid 105988
Insert  tid 105988
FindTargetPageId rootid 3 tid 105987
target_page_id id: 2 tid 105987
0 1 tid 105987
128 4 tid 105987
365 2 tid 105987
146 tid 105987
Remove  tid 105987
FindTargetPageId rootid 3 tid 105986
target_page_id id: 2 tid 105986
0 1 tid 105986
128 4 tid 105986
365 2 tid 105986
146 tid 105986
Insert  tid 105986
FindTargetPageId rootid 3 tid 105988
target_page_id id: 4 tid 105988
0 1 tid 105988
128 4 tid 105988
365 2 tid 105988
237 tid 105988
FindTargetPageId rootid 3 tid 105987
target_page_id id: 2 tid 105987
0 1 tid 105987
128 4 tid 105987
365 2 tid 105987
147 tid 105987
Insert  tid 105988
Remove  tid 105987
FindTargetPageId rootid 3 tid 105988
target_page_id id: 4 tid 105988
0 1 tid 105988
128 4 tid 105988
365 2 tid 105988
237 tid 105988
Insert  tid 105988
FindTargetPageId rootid 3 tid 105986
target_page_id id: 2 tid 105986
0 1 tid 105986
128 4 tid 105986
365 2 tid 105986
147 tid 105986
Insert  tid 105986
FindTargetPageId rootid 3 tid 105987
target_page_id id: 2 tid 105987
0 1 tid 105987
128 4 tid 105987
365 2 tid 105987
148 tid 105987
FindTargetPageId rootid 3 tid 105988
target_page_id id: 4 tid 105988
0 1 tid 105988
128 4 tid 105988
365 2 tid 105988
Remove  tid 105987
237 tid 105988
Insert  tid 105988
FindTargetPageId rootid 3 tid 105986
target_page_id id: 2 tid 105986
0 1 tid 105986
128 4 tid 105986
365 2 tid 105986
148 tid 105986
Insert  tid 105986
FindTargetPageId rootid 3 tid 105987
target_page_id id: 2 tid 105987
0 1 tid 105987
128 4 tid 105987
365 2 tid 105987
149 tid 105987
Remove  tid 105987
FindTargetPageId rootid 3 tid 105988
target_page_id id: 4 tid 105988
0 1 tid 105988
128 4 tid 105988
365 2 tid 105988
237 tid 105988
Insert  tid 105988
FindTargetPageId rootid 3 tid 105986
target_page_id id: 2 tid 105986
0 1 tid 105986
128 4 tid 105986
365 2 tid 105986
149 tid 105986
Insert  tid 105986
FindTargetPageId rootid 3 tid 105987
target_page_id id: 2 tid 105987
0 1 tid 105987
128 4 tid 105987
365 2 tid 105987
150 tid 105987
Remove  tid 105987
FindTargetPageId rootid 3 tid 105988
target_page_id id: 4 tid 105988
0 1 tid 105988
128 4 tid 105988
365 2 tid 105988
237 tid 105988
Insert  tid 105988
FindTargetPageId rootid 3 tid 105986
target_page_id id: 2 tid 105986
0 1 tid 105986
128 4 tid 105986
365 2 tid 105986
150 tid 105986
Insert  tid 105986
FindTargetPageId rootid 3 tid 105987
target_page_id id: 2 tid 105987
0 1 tid 105987
128 4 tid 105987
365 2 tid 105987
151 tid 105987
Remove  tid 105987
FindTargetPageId rootid 3 tid 105988
target_page_id id: 4 tid 105988
0 1 tid 105988
128 4 tid 105988
365 2 tid 105988
237 tid 105988
Insert  tid 105988
FindTargetPageId rootid 3 tid 105986
target_page_id id: 2 tid 105986
0 1 tid 105986
128 4 tid 105986
365 2 tid 105986
151 tid 105986
Insert  tid 105986
FindTargetPageId rootid 3 tid 105987
target_page_id id: 2 tid 105987
0 1 tid 105987
128 4 tid 105987
365 2 tid 105987
152 tid 105987
Remove  tid 105987
FindTargetPageId rootid 3 tid 105988
target_page_id id: 4 tid 105988
0 1 tid 105988
128 4 tid 105988
365 2 tid 105988
237 tid 105988
Insert  tid 105988
FindTargetPageId rootid 3 tid 105986
target_page_id id: 2 tid 105986
0 1 tid 105986
128 4 tid 105986
365 2 tid 105986
152 tid 105986
Insert  tid 105986
FindTargetPageId rootid 3 tid 105987
target_page_id id: 2 tid 105987
0 1 tid 105987
128 4 tid 105987
365 2 tid 105987
153 tid 105987
Remove  tid 105987
FindTargetPageId rootid 3 tid 105988
target_page_id id: 4 tid 105988
0 1 tid 105988
128 4 tid 105988
365 2 tid 105988
237 tid 105988
Insert  tid 105988
FindTargetPageId rootid 3 tid 105986
target_page_id id: 2 tid 105986
0 1 tid 105986
128 4 tid 105986
365 2 tid 105986
153 tid 105986
Insert  tid 105986
FindTargetPageId rootid 3 tid 105987
target_page_id id: 2 tid 105987
0 1 tid 105987
128 4 tid 105987
365 2 tid 105987
154 tid 105987
Remove  tid 105987
FindTargetPageId rootid 3 tid 105988
target_page_id id: 4 tid 105988
0 1 tid 105988
128 4 tid 105988
365 2 tid 105988
237 tid 105988
Insert  tid 105988
FindTargetPageId rootid 3 tid 105986
target_page_id id: 2 tid 105986
0 1 tid 105986
128 4 tid 105986
365 2 tid 105986
154 tid 105986
Insert  tid 105986
FindTargetPageId rootid 3 tid 105987
target_page_id id: 2 tid 105987
0 1 tid 105987
128 4 tid 105987
365 2 tid 105987
155 tid 105987
Remove  tid 105987
FindTargetPageId rootid 3 tid 105988
target_page_id id: 4 tid 105988
0 1 tid 105988
128 4 tid 105988
365 2 tid 105988
237 tid 105988
Insert  tid 105988
FindTargetPageId rootid 3 tid 105988
target_page_id id: 4 tid 105988
0 1 tid 105988
128 4 tid 105988
365 2 tid 105988
237 tid 105988
Insert  tid 105988
FindTargetPageId rootid 3 tid 105987
target_page_id id: 2 tid 105987
0 1 tid 105987
128 4 tid 105987
365 2 tid 105987
155 tid 105987
Remove  tid 105987
FindTargetPageId rootid 3 tid 105986
target_page_id id: 2 tid 105986
0 1 tid 105986
128 4 tid 105986
365 2 tid 105986
155 tid 105986
Insert  tid 105986
FindTargetPageId rootid 3 tid 105988
target_page_id id: 4 tid 105988
0 1 tid 105988
128 4 tid 105988
365 2 tid 105988
237 tid 105988
Insert  tid 105988
FindTargetPageId rootid 3 tid 105987
target_page_id id: 2 tid 105987
0 1 tid 105987
128 4 tid 105987
365 2 tid 105987
156 tid 105987
Remove  tid 105987
FindTargetPageId rootid 3 tid 105986
target_page_id id: 2 tid 105986
0 1 tid 105986
128 4 tid 105986
365 2 tid 105986
156 tid 105986
Insert  tid 105986
FindTargetPageId rootid 3 tid 105988
target_page_id id: 4 tid 105988
0 1 tid 105988
128 4 tid 105988
365 2 tid 105988
237 tid 105988
Insert  tid 105988
FindTargetPageId rootid 3 tid 105987
target_page_id id: 2 tid 105987
0 1 tid 105987
128 4 tid 105987
365 2 tid 105987
157 tid 105987
Remove  tid 105987
FindTargetPageId rootid 3 tid 105987
target_page_id id: 2 tid 105987
0 1 tid 105987
128 4 tid 105987
365 2 tid 105987
157 tid 105987
Remove  tid 105987
FindTargetPageId rootid 3 tid 105987
target_page_id id: 2 tid 105987
0 1 tid 105987
128 4 tid 105987
365 2 tid 105987
157 tid 105987
Remove  tid 105987
FindTargetPageId rootid 3 tid 105986
target_page_id id: 2 tid 105986
0 1 tid 105986
128 4 tid 105986
365 2 tid 105986
157 tid 105986
Insert  tid 105986
FindTargetPageId rootid 3 tid 105986
target_page_id id: 2 tid 105986
0 1 tid 105986
128 4 tid 105986
365 2 tid 105986
158 tid 105986
Insert  tid 105986
FindTargetPageId rootid 3 tid 105986
target_page_id id: 2 tid 105986
0 1 tid 105986
128 4 tid 105986
365 2 tid 105986
159 tid 105986
Insert  tid 105986
FindTargetPageId rootid 3 tid 105986
target_page_id id: 2 tid 105986
0 1 tid 105986
128 4 tid 105986
365 2 tid 105986
160 tid 105986
Insert  tid 105986
FindTargetPageId rootid 3 tid 105988
target_page_id id: 4 tid 105988
0 1 tid 105988
128 4 tid 105988
365 2 tid 105988
237 tid 105988
Insert  tid 105988
FindTargetPageId rootid 3 tid 105988
target_page_id id: 4 tid 105988
0 1 tid 105988
128 4 tid 105988
365 2 tid 105988
237 tid 105988
Insert  tid 105988
FindTargetPageId rootid 3 tid 105987
target_page_id id: 2 tid 105987
0 1 tid 105987
128 4 tid 105987
365 2 tid 105987
161 tid 105987
Remove  tid 105987
FindTargetPageId rootid 3 tid 105987
target_page_id id: 2 tid 105987
0 1 tid 105987
128 4 tid 105987
365 2 tid 105987
161 tid 105987
Remove  tid 105987
FindTargetPageId rootid 3 tid 105987
target_page_id id: 2 tid 105987
0 1 tid 105987
128 4 tid 105987
365 2 tid 105987
161 tid 105987
Remove  tid 105987
FindTargetPageId rootid 3 tid 105987
target_page_id id: 2 tid 105987
0 1 tid 105987
128 4 tid 105987
365 2 tid 105987
161 tid 105987
Remove  tid 105987
FindTargetPageId rootid 3 tid 105987
target_page_id id: 2 tid 105987
0 1 tid 105987
128 4 tid 105987
365 2 tid 105987
161 tid 105987
Remove  tid 105987
FindTargetPageId rootid 3 tid 105987
target_page_id id: 2 tid 105987
0 1 tid 105987
128 4 tid 105987
365 2 tid 105987
161 tid 105987
Remove  tid 105987
FindTargetPageId rootid 3 tid 105987
target_page_id id: 2 tid 105987
0 1 tid 105987
128 4 tid 105987
365 2 tid 105987
161 tid 105987
Remove  tid 105987
FindTargetPageId rootid 3 tid 105987
target_page_id id: 2 tid 105987
0 1 tid 105987
128 4 tid 105987
365 2 tid 105987
161 tid 105987
Remove  tid 105987
FindTargetPageId rootid 3 tid 105986
target_page_id id: 2 tid 105986
0 1 tid 105986
128 4 tid 105986
365 2 tid 105986
161 tid 105986
Insert  tid 105986
FindTargetPageId rootid 3 tid 105986
target_page_id id: 2 tid 105986
0 1 tid 105986
128 4 tid 105986
365 2 tid 105986
162 tid 105986
Insert  tid 105986
FindTargetPageId rootid 3 tid 105986
target_page_id id: 2 tid 105986
0 1 tid 105986
128 4 tid 105986
365 2 tid 105986
163 tid 105986
Insert  tid 105986
FindTargetPageId rootid 3 tid 105986
target_page_id id: 2 tid 105986
0 1 tid 105986
128 4 tid 105986
365 2 tid 105986
164 tid 105986
Insert  tid 105986
FindTargetPageId rootid 3 tid 105986
target_page_id id: 2 tid 105986
0 1 tid 105986
128 4 tid 105986
365 2 tid 105986
165 tid 105986
Insert  tid 105986
FindTargetPageId rootid 3 tid 105986
target_page_id id: 2 tid 105986
0 1 tid 105986
128 4 tid 105986
365 2 tid 105986
166 tid 105986
Insert  tid 105986
FindTargetPageId rootid 3 tid 105986
target_page_id id: 2 tid 105986
0 1 tid 105986
128 4 tid 105986
365 2 tid 105986
167 tid 105986
Insert  tid 105986
FindTargetPageId rootid 3 tid 105986
target_page_id id: 2 tid 105986
0 1 tid 105986
128 4 tid 105986
365 2 tid 105986
168 tid 105986
Insert  tid 105986
FindTargetPageId rootid 3 tid 105986
target_page_id id: 2 tid 105986
0 1 tid 105986
128 4 tid 105986
365 2 tid 105986
169 tid 105986
Insert  tid 105986
FindTargetPageId rootid 3 tid 105988
target_page_id id: 4 tid 105988
0 1 tid 105988
128 4 tid 105988
365 2 tid 105988
237 tid 105988
Insert  tid 105988
FindTargetPageId rootid 3 tid 105988
target_page_id id: 4 tid 105988
0 1 tid 105988
128 4 tid 105988
365 2 tid 105988
237 tid 105988
Insert  tid 105988
FindTargetPageId rootid 3 tid 105988
target_page_id id: 4 tid 105988
0 1 tid 105988
128 4 tid 105988
365 2 tid 105988
237 tid 105988
Insert  tid 105988
FindTargetPageId rootid 3 tid 105988
target_page_id id: 4 tid 105988
0 1 tid 105988
128 4 tid 105988
365 2 tid 105988
237 tid 105988
Insert  tid 105988
FindTargetPageId rootid 3 tid 105988
target_page_id id: 2 tid 105988
0 1 tid 105988
128 4 tid 105988
365 2 tid 105988
170 tid 105988
Insert  tid 105988
FindTargetPageId rootid 3 tid 105988
target_page_id id: 2 tid 105988
0 1 tid 105988
128 4 tid 105988
365 2 tid 105988
170 tid 105988
Insert  tid 105988
FindTargetPageId rootid 3 tid 105988
target_page_id id: 2 tid 105988
0 1 tid 105988
128 4 tid 105988
365 2 tid 105988
170 tid 105988
Insert  tid 105988
FindTargetPageId rootid 3 tid 105988
target_page_id id: 2 tid 105988
0 1 tid 105988
128 4 tid 105988
365 2 tid 105988
170 tid 105988
Insert  tid 105988
FindTargetPageId rootid 3 tid 105988
target_page_id id: 2 tid 105988
0 1 tid 105988
128 4 tid 105988
365 2 tid 105988
170 tid 105988
Insert  tid 105988
FindTargetPageId rootid 3 tid 105988
target_page_id id: 2 tid 105988
0 1 tid 105988
128 4 tid 105988
365 2 tid 105988
170 tid 105988
Insert  tid 105988
FindTargetPageId rootid 3 tid 105988
target_page_id id: 2 tid 105988
0 1 tid 105988
128 4 tid 105988
365 2 tid 105988
170 tid 105988
Insert  tid 105988
FindTargetPageId rootid 3 tid 105988
target_page_id id: 2 tid 105988
0 1 tid 105988
128 4 tid 105988
365 2 tid 105988
170 tid 105988
Insert  tid 105988
FindTargetPageId rootid 3 tid 105988
target_page_id id: 2 tid 105988
0 1 tid 105988
128 4 tid 105988
365 2 tid 105988
170 tid 105988
Insert  tid 105988
FindTargetPageId rootid 3 tid 105988
target_page_id id: 2 tid 105988
0 1 tid 105988
128 4 tid 105988
365 2 tid 105988
170 tid 105988
Insert  tid 105988
FindTargetPageId rootid 3 tid 105988
target_page_id id: 2 tid 105988
0 1 tid 105988
128 4 tid 105988
365 2 tid 105988
170 tid 105988
Insert  tid 105988
FindTargetPageId rootid 3 tid 105988
target_page_id id: 2 tid 105988
0 1 tid 105988
128 4 tid 105988
365 2 tid 105988
170 tid 105988
Insert  tid 105988
FindTargetPageId rootid 3 tid 105988
target_page_id id: 2 tid 105988
0 1 tid 105988
128 4 tid 105988
365 2 tid 105988
170 tid 105988
Insert  tid 105988
FindTargetPageId rootid 3 tid 105986
target_page_id id: 2 tid 105986
0 1 tid 105986
128 4 tid 105986
365 2 tid 105986
170 tid 105986
Insert  tid 105986
FindTargetPageId rootid 3 tid 105987
target_page_id id: 2 tid 105987
0 1 tid 105987
128 4 tid 105987
365 2 tid 105987
171 tid 105987
Remove  tid 105987
FindTargetPageId rootid 3 tid 105988
target_page_id id: 2 tid 105988
0 1 tid 105988
128 4 tid 105988
365 2 tid 105988
171 tid 105988
FindTargetPageId rootid 3 tid 105986
target_page_id id: 2 tid 105986
0 1 tid 105986
128 4 tid 105986
365 2 tid 105986
Insert  tid 105988
171 tid 105986
Insert  tid 105986
FindTargetPageId rootid 3 tid 105987
target_page_id id: 2 tid 105987
0 1 tid 105987
128 4 tid 105987
365 2 tid 105987
172 tid 105987
Remove  tid 105987
FindTargetPageId rootid 3 tid 105988
target_page_id id: 2 tid 105988
0 1 tid 105988
128 4 tid 105988
365 2 tid 105988
172 tid 105988
Insert  tid 105988
FindTargetPageId rootid 3 tid 105986
target_page_id id: 2 tid 105986
0 1 tid 105986
128 4 tid 105986
365 2 tid 105986
172 tid 105986
Insert  tid 105986
FindTargetPageId rootid 3 tid 105987
target_page_id id: 2 tid 105987
0 1 tid 105987
128 4 tid 105987
365 2 tid 105987
173 tid 105987
Remove  tid 105987
FindTargetPageId rootid 3 tid 105988
target_page_id id: 2 tid 105988
0 1 tid 105988
128 4 tid 105988
365 2 tid 105988
173 tid 105988
Insert  tid 105988
FindTargetPageId rootid 3 tid 105986
target_page_id id: 2 tid 105986
0 1 tid 105986
128 4 tid 105986
365 2 tid 105986
173 tid 105986
Insert  tid 105986
FindTargetPageId rootid 3 tid 105987
target_page_id id: 2 tid 105987
0 1 tid 105987
128 4 tid 105987
365 2 tid 105987
174 tid 105987
Remove  tid 105987
FindTargetPageId rootid 3 tid 105988
target_page_id id: 2 tid 105988
0 1 tid 105988
128 4 tid 105988
365 2 tid 105988
174 tid 105988
Insert  tid 105988
FindTargetPageId rootid 3 tid 105986
target_page_id id: 2 tid 105986
0 1 tid 105986
128 4 tid 105986
365 2 tid 105986
174 tid 105986
Insert  tid 105986
FindTargetPageId rootid 3 tid 105987
target_page_id id: 2 tid 105987
0 1 tid 105987
128 4 tid 105987
365 2 tid 105987
175 tid 105987
Remove  tid 105987
FindTargetPageId rootid 3 tid 105988
target_page_id id: 2 tid 105988
0 1 tid 105988
128 4 tid 105988
365 2 tid 105988
175 tid 105988
Insert  tid 105988
FindTargetPageId rootid 3 tid 105986
target_page_id id: 2 tid 105986
0 1 tid 105986
128 4 tid 105986
365 2 tid 105986
175 tid 105986
Insert  tid 105986
FindTargetPageId rootid 3 tid 105987
target_page_id id: 2 tid 105987
0 1 tid 105987
128 4 tid 105987
365 2 tid 105987
176 tid 105987
Remove  tid 105987
FindTargetPageId rootid 3 tid 105988
target_page_id id: 2 tid 105988
0 1 tid 105988
128 4 tid 105988
365 2 tid 105988
176 tid 105988
Insert  tid 105988
FindTargetPageId rootid 3 tid 105986
target_page_id id: 2 tid 105986
0 1 tid 105986
128 4 tid 105986
365 2 tid 105986
176 tid 105986
Insert  tid 105986
FindTargetPageId rootid 3 tid 105987
target_page_id id: 2 tid 105987
0 1 tid 105987
128 4 tid 105987
365 2 tid 105987
177 tid 105987
Remove  tid 105987
FindTargetPageId rootid 3 tid 105988
target_page_id id: 2 tid 105988
0 1 tid 105988
128 4 tid 105988
365 2 tid 105988
177 tid 105988
Insert  tid 105988
FindTargetPageId rootid 3 tid 105986
target_page_id id: 2 tid 105986
0 1 tid 105986
128 4 tid 105986
365 2 tid 105986
177 tid 105986
Insert  tid 105986
FindTargetPageId rootid 3 tid 105987
target_page_id id: 2 tid 105987
0 1 tid 105987
128 4 tid 105987
365 2 tid 105987
178 tid 105987
Remove  tid 105987
FindTargetPageId rootid 3 tid 105988
target_page_id id: 2 tid 105988
0 1 tid 105988
128 4 tid 105988
365 2 tid 105988
178 tid 105988
Insert  tid 105988
FindTargetPageId rootid 3 tid 105986
target_page_id id: 2 tid 105986
0 1 tid 105986
128 4 tid 105986
365 2 tid 105986
178 tid 105986
Insert  tid 105986
FindTargetPageId rootid 3 tid 105986
target_page_id id: 2 tid 105986
0 1 tid 105986
128 4 tid 105986
365 2 tid 105986
179 tid 105986
Insert  tid 105986
FindTargetPageId rootid 3 tid 105986
target_page_id id: 2 tid 105986
0 1 tid 105986
128 4 tid 105986
365 2 tid 105986
180 tid 105986
Insert  tid 105986
FindTargetPageId rootid 3 tid 105986
target_page_id id: 2 tid 105986
0 1 tid 105986
128 4 tid 105986
365 2 tid 105986
181 tid 105986
Insert  tid 105986
FindTargetPageId rootid 3 tid 105988
target_page_id id: 2 tid 105988
0 1 tid 105988
128 4 tid 105988
365 2 tid 105988
182 tid 105988
Insert  tid 105988
FindTargetPageId rootid 3 tid 105987
target_page_id id: 2 tid 105987
0 1 tid 105987
128 4 tid 105987
365 2 tid 105987
182 tid 105987
Remove  tid 105987
FindTargetPageId rootid 3 tid 105986
target_page_id id: 2 tid 105986
0 1 tid 105986
128 4 tid 105986
365 2 tid 105986
182 tid 105986
Insert  tid 105986
FindTargetPageId rootid 3 tid 105988
target_page_id id: 2 tid 105988
0 1 tid 105988
128 4 tid 105988
365 2 tid 105988
183 tid 105988
Insert  tid 105988
FindTargetPageId rootid 3 tid 105987
target_page_id id: 2 tid 105987
0 1 tid 105987
128 4 tid 105987
365 2 tid 105987
183 tid 105987
Remove  tid 105987
FindTargetPageId rootid 3 tid 105986
target_page_id id: 2 tid 105986
0 1 tid 105986
128 4 tid 105986
365 2 tid 105986
183 tid 105986
Insert  tid 105986
FindTargetPageId rootid 3 tid 105988
target_page_id id: 2 tid 105988
0 1 tid 105988
128 4 tid 105988
365 2 tid 105988
184 tid 105988
Insert  tid 105988
FindTargetPageId rootid 3 tid 105988
target_page_id id: 2 tid 105988
0 1 tid 105988
128 4 tid 105988
365 2 tid 105988
184 tid 105988
Insert  tid 105988
FindTargetPageId rootid 3 tid 105986
target_page_id id: 2 tid 105986
0 1 tid 105986
128 4 tid 105986
365 2 tid 105986
184 tid 105986
Insert  tid 105986
FindTargetPageId rootid 3 tid 105987
target_page_id id: 2 tid 105987
0 1 tid 105987
128 4 tid 105987
365 2 tid 105987
185 tid 105987
Remove  tid 105987
FindTargetPageId rootid 3 tid 105988
target_page_id id: 2 tid 105988
0 1 tid 105988
128 4 tid 105988
365 2 tid 105988
185 tid 105988
Insert  tid 105988
FindTargetPageId rootid 3 tid 105986
target_page_id id: 2 tid 105986
0 1 tid 105986
128 4 tid 105986
365 2 tid 105986
185 tid 105986
Insert  tid 105986
FindTargetPageId rootid 3 tid 105987
target_page_id id: 2 tid 105987
0 1 tid 105987
128 4 tid 105987
365 2 tid 105987
186 tid 105987
Remove  tid 105987
FindTargetPageId rootid 3 tid 105988
target_page_id id: 2 tid 105988
0 1 tid 105988
128 4 tid 105988
365 2 tid 105988
186 tid 105988
Insert  tid 105988
FindTargetPageId rootid 3 tid 105986
target_page_id id: 2 tid 105986
0 1 tid 105986
128 4 tid 105986
365 2 tid 105986
186 tid 105986
Insert  tid 105986
FindTargetPageId rootid 3 tid 105987
target_page_id id: 2 tid 105987
0 1 tid 105987
128 4 tid 105987
365 2 tid 105987
187 tid 105987
Remove  tid 105987
FindTargetPageId rootid 3 tid 105988
target_page_id id: 2 tid 105988
0 1 tid 105988
128 4 tid 105988
365 2 tid 105988
187 tid 105988
FindTargetPageId rootid Insert 3 tid  tid 105986
105988target_page_id id: 2 tid 105986
0 1 tid 105986
128 4 tid 105986
365 2 tid 105986

187 tid 105986
Insert  tid 105986
FindTargetPageId rootid 3 tid 105987
target_page_id id: 2 tid 105987
0 1 tid 105987
128 4 tid 105987
365 2 tid 105987
188 tid 105987
Remove  tid 105987
FindTargetPageId rootid 3 tid 105988
target_page_id id: 2 tid 105988
0 1 tid 105988
128 4 tid 105988
365 2 tid 105988
188 tid 105988
Insert  tid 105988
FindTargetPageId rootid 3 tid 105988
target_page_id id: 2 tid 105988
0 1 tid 105988
128 4 tid 105988
365 2 tid 105988
188 tid 105988
Insert  tid 105988
FindTargetPageId rootid 3 tid 105987
target_page_id id: 2 tid 105987
0 1 tid 105987
128 4 tid 105987
365 2 tid 105987
188 tid 105987
Remove  tid 105987
FindTargetPageId rootid 3 tid 105986
target_page_id id: 2 tid 105986
0 1 tid 105986
128 4 tid 105986
365 2 tid 105986
188 tid 105986
Insert  tid 105986
FindTargetPageId rootid 3 tid 105988
target_page_id id: 2 tid 105988
0 1 tid 105988
128 4 tid 105988
365 2 tid 105988
189 tid 105988
Insert  tid 105988
FindTargetPageId rootid 3 tid 105987
target_page_id id: 2 tid 105987
0 1 tid 105987
128 4 tid 105987
365 2 tid 105987
189 tid 105987
Remove  tid 105987
FindTargetPageId rootid 3 tid 105986
target_page_id id: 2 tid 105986
0 1 tid 105986
128 4 tid 105986
365 2 tid 105986
189 tid 105986
Insert  tid 105986
FindTargetPageId rootid 3 tid 105988
target_page_id id: 2 tid 105988
0 1 tid 105988
128 4 tid 105988
365 2 tid 105988
190 tid 105988
Insert  tid 105988
FindTargetPageId rootid 3 tid 105988
target_page_id id: 2 tid 105988
0 1 tid 105988
128 4 tid 105988
365 2 tid 105988
190 tid 105988
Insert  tid 105988
FindTargetPageId rootid 3 tid 105986
target_page_id id: 2 tid 105986
0 1 tid 105986
128 4 tid 105986
365 2 tid 105986
190 tid 105986
Insert  tid 105986
FindTargetPageId rootid 3 tid 105986
target_page_id id: 2 tid 105986
0 1 tid 105986
128 4 tid 105986
365 2 tid 105986
191 tid 105986
Insert  tid 105986
FindTargetPageId rootid 3 tid 105988
target_page_id id: 2 tid 105988
0 1 tid 105988
128 4 tid 105988
365 2 tid 105988
192 tid 105988
Insert  tid 105988
FindTargetPageId rootid 3 tid 105987
target_page_id id: 2 tid 105987
0 1 tid 105987
128 4 tid 105987
365 2 tid 105987
192 tid 105987
Remove  tid 105987
FindTargetPageId rootid 3 tid 105986
target_page_id id: 2 tid 105986
0 1 tid 105986
128 4 tid 105986
365 2 tid 105986
192 tid 105986
FindTargetPageId rootid 3 tid 105988
Insert  tid 105986
target_page_id id: 2 tid 105988
0 1 tid 105988
128 4 tid 105988
365 2 tid 105988
193 tid 105988
Insert  tid 105988
FindTargetPageId rootid 3 tid 105987
target_page_id id: 2 tid 105987
0 1 tid 105987
128 4 tid 105987
365 2 tid 105987
193 tid 105987
Remove  tid 105987
FindTargetPageId rootid 3 tid 105986
target_page_id id: 2 tid 105986
0 1 tid 105986
128 4 tid 105986
365 2 tid 105986
193 tid 105986
Insert  tid 105986
FindTargetPageId rootid 3 tid 105988
target_page_id id: 2 tid 105988
0 1 tid 105988
128 4 tid 105988
365 2 tid 105988
194 tid 105988
Insert  tid 105988
FindTargetPageId rootid 3 tid 105987
target_page_id id: 2 tid 105987
0 1 tid 105987
128 4 tid 105987
365 2 tid 105987
194 tid 105987
Remove  tid 105987
FindTargetPageId rootid 3 tid 105986
target_page_id id: 2 tid 105986
0 1 tid 105986
128 4 tid 105986
365 2 tid 105986
194 tid 105986
Insert  tid 105986
FindTargetPageId rootid 3 tid 105988
target_page_id id: 2 tid 105988
0 1 tid 105988
128 4 tid 105988
365 2 tid 105988
195 tid 105988
Insert  tid 105988
FindTargetPageId rootid 3 tid 105987
target_page_id id: 2 tid 105987
0 1 tid 105987
128 4 tid 105987
365 2 tid 105987
195 tid 105987
Remove  tid 105987
FindTargetPageId rootid 3 tid 105986
target_page_id id: 2 tid 105986
0 1 tid 105986
128 4 tid 105986
365 2 tid 105986
195 tid 105986
Insert  tid 105986
FindTargetPageId rootid 3 tid 105988
target_page_id id: 2 tid 105988
0 1 tid 105988
128 4 tid 105988
365 2 tid 105988
196 tid 105988
Insert  tid 105988
FindTargetPageId rootid 3 tid 105987
target_page_id id: 2 tid 105987
0 1 tid 105987
128 4 tid 105987
365 2 tid 105987
196 tid 105987
Remove  tid 105987
FindTargetPageId rootid 3 tid 105986
target_page_id id: 2 tid 105986
0 1 tid 105986
128 4 tid 105986
365 2 tid 105986
196 tid 105986
Insert  tid 105986
FindTargetPageId rootid 3 tid 105988
target_page_id id: 2 tid 105988
0 1 tid 105988
128 4 tid 105988
365 2 tid 105988
197 tid 105988
Insert  tid 105988
FindTargetPageId rootid 3 tid 105987
target_page_id id: 2 tid 105987
0 1 tid 105987
128 4 tid 105987
365 2 tid 105987
197 tid 105987
Remove  tid 105987
FindTargetPageId rootid 3 tid 105986
target_page_id id: 2 tid 105986
0 1 tid 105986
128 4 tid 105986
365 2 tid 105986
197 tid 105986
Insert  tid 105986
FindTargetPageId rootid 3 tid 105988
target_page_id id: 2 tid 105988
0 1 tid 105988
128 4 tid 105988
365 2 tid 105988
198 tid 105988
Insert  tid 105988
FindTargetPageId rootid 3 tid 105987
target_page_id id: 2 tid 105987
0 1 tid 105987
128 4 tid 105987
365 2 tid 105987
198 tid 105987
Remove  tid 105987
FindTargetPageId rootid 3 tid 105986
target_page_id id: 2 tid 105986
0 1 tid 105986
128 4 tid 105986
365 2 tid 105986
198 tid 105986
Insert  tid 105986
FindTargetPageId rootid 3 tid 105988
target_page_id id: 2 tid 105988
0 1 tid 105988
128 4 tid 105988
365 2 tid 105988
199 tid 105988
Insert  tid 105988
FindTargetPageId rootid 3 tid 105987
target_page_id id: 2 tid 105987
0 1 tid 105987
128 4 tid 105987
365 2 tid 105987
199 tid 105987
Remove  tid 105987
FindTargetPageId rootid 3 tid 105986
target_page_id id: 2 tid 105986
0 1 tid 105986
128 4 tid 105986
365 2 tid 105986
199 tid 105986
Insert  tid 105986
FindTargetPageId rootid 3 tid 105988
target_page_id id: 2 tid 105988
0 1 tid 105988
128 4 tid 105988
365 2 tid 105988
200 tid 105988
Insert  tid 105988
FindTargetPageId rootid 3 tid 105987
target_page_id id: 2 tid 105987
0 1 tid 105987
128 4 tid 105987
365 2 tid 105987
200 tid 105987
Remove  tid 105987
FindTargetPageId rootid 3 tid 105986
target_page_id id: 2 tid 105986
0 1 tid 105986
128 4 tid 105986
365 2 tid 105986
200 tid 105986
Insert  tid 105986
FindTargetPageId rootid 3 tid 105988
target_page_id id: 2 tid 105988
0 1 tid 105988
128 4 tid 105988
365 2 tid 105988
201 tid 105988
Insert  tid 105988
FindTargetPageId rootid 3 tid 105987
target_page_id id: 2 tid 105987
0 1 tid 105987
128 4 tid 105987
365 2 tid 105987
201 tid 105987
Remove  tid 105987
FindTargetPageId rootid 3 tid 105986
target_page_id id: 2 tid 105986
0 1 tid 105986
128 4 tid 105986
365 2 tid 105986
201 tid 105986
Insert  tid 105986
FindTargetPageId rootid 3 tid 105988
target_page_id id: 2 tid 105988
0 1 tid 105988
128 4 tid 105988
365 2 tid 105988
202 tid 105988
Insert  tid 105988
FindTargetPageId rootid 3 tid 105987
target_page_id id: 2 tid 105987
0 1 tid 105987
128 4 tid 105987
365 2 tid 105987
202 tid 105987
Remove  tid 105987
FindTargetPageId rootid 3 tid 105986
target_page_id id: 2 tid 105986
0 1 tid 105986
128 4 tid 105986
365 2 tid 105986
202 tid 105986
Insert  tid 105986
FindTargetPageId rootid 3 tid 105988
target_page_id id: 2 tid 105988
0 1 tid 105988
128 4 tid 105988
365 2 tid 105988
203 tid 105988
Insert  tid 105988
FindTargetPageId rootid 3 tid 105987
target_page_id id: 2 tid 105987
0 1 tid 105987
128 4 tid 105987
365 2 tid 105987
203 tid 105987
Remove  tid 105987
FindTargetPageId rootid 3 tid 105986
target_page_id id: 2 tid 105986
0 1 tid 105986
128 4 tid 105986
365 2 tid 105986
203 tid 105986
Insert  tid 105986
FindTargetPageId rootid 3 tid 105988
target_page_id id: 2 tid 105988
0 1 tid 105988
128 4 tid 105988
365 2 tid 105988
204 tid 105988
Insert  tid 105988
FindTargetPageId rootid 3 tid 105987
target_page_id id: 2 tid 105987
0 1 tid 105987
128 4 tid 105987
365 2 tid 105987
204 tid 105987
Remove  tid 105987
FindTargetPageId rootid 3 tid 105987
target_page_id id: 2 tid 105987
0 1 tid 105987
128 4 tid 105987
365 2 tid 105987
204 tid 105987
Remove  tid 105987
FindTargetPageId rootid 3 tid 105987
target_page_id id: 2 tid 105987
0 1 tid 105987
128 4 tid 105987
365 2 tid 105987
204 tid 105987
Remove  tid 105987
FindTargetPageId rootid 3 tid 105987
target_page_id id: 2 tid 105987
0 1 tid 105987
128 4 tid 105987
365 2 tid 105987
204 tid 105987
Remove  tid 105987
FindTargetPageId rootid 3 tid 105987
target_page_id id: 2 tid 105987
0 1 tid 105987
128 4 tid 105987
365 2 tid 105987
204 tid 105987
Remove  tid 105987
FindTargetPageId rootid 3 tid 105987
target_page_id id: 2 tid 105987
0 1 tid 105987
128 4 tid 105987
365 2 tid 105987
204 tid 105987
Remove  tid 105987
FindTargetPageId rootid 3 tid 105987
target_page_id id: 2 tid 105987
0 1 tid 105987
128 4 tid 105987
365 2 tid 105987
204 tid 105987
Remove  tid 105987
FindTargetPageId rootid 3 tid 105987
target_page_id id: 2 tid 105987
0 1 tid 105987
128 4 tid 105987
365 2 tid 105987
204 tid 105987
Remove  tid 105987
FindTargetPageId rootid 3 tid 105987
target_page_id id: 2 tid 105987
0 1 tid 105987
128 4 tid 105987
365 2 tid 105987
204 tid 105987
Remove  tid 105987
FindTargetPageId rootid 3 tid 105987
target_page_id id: 2 tid 105987
0 1 tid 105987
128 4 tid 105987
365 2 tid 105987
204 tid 105987
Remove  tid 105987
FindTargetPageId rootid 3 tid 105987
target_page_id id: 2 tid 105987
0 1 tid 105987
128 4 tid 105987
365 2 tid 105987
204 tid 105987
Remove  tid 105987
FindTargetPageId rootid 3 tid 105986
target_page_id id: 2 tid 105986
0 1 tid 105986
128 4 tid 105986
365 2 tid 105986
204 tid 105986
Insert  tid 105986
FindTargetPageId rootid 3 tid 105986
target_page_id id: 2 tid 105986
0 1 tid 105986
128 4 tid 105986
365 2 tid 105986
205 tid 105986
Insert  tid 105986
FindTargetPageId rootid 3 tid 105986
target_page_id id: 2 tid 105986
0 1 tid 105986
128 4 tid 105986
365 2 tid 105986
206 tid 105986
Insert  tid 105986
FindTargetPageId rootid 3 tid 105986
target_page_id id: 2 tid 105986
0 1 tid 105986
128 4 tid 105986
365 2 tid 105986
207 tid 105986
Insert  tid 105986
FindTargetPageId rootid 3 tid 105987
target_page_id id: 2 tid 105987
0 1 tid 105987
128 4 tid 105987
365 2 tid 105987
208 tid 105987
Remove  tid 105987
FindTargetPageId rootid 3 tid 105988
target_page_id id: 2 tid 105988
0 1 tid 105988
128 4 tid 105988
365 2 tid 105988
208 tid 105988
Insert  tid 105988
FindTargetPageId rootid 3 tid 105986
target_page_id id: 2 tid 105986
0 1 tid 105986
128 4 tid 105986
365 2 tid 105986
208 tid 105986
Insert  tid 105986
FindTargetPageId rootid 3 tid 105987
target_page_id id: 2 tid 105987
0 1 tid 105987
128 4 tid 105987
365 2 tid 105987
209 tid 105987
Remove  tid 105987
FindTargetPageId rootid 3 tid 105988
target_page_id id: 2 tid 105988
0 1 tid 105988
128 4 tid 105988
365 2 tid 105988
209 tid 105988
Insert  tid 105988
FindTargetPageId rootid 3 tid 105986
target_page_id id: 2 tid 105986
0 1 tid 105986
128 4 tid 105986
365 2 tid 105986
209 tid 105986
Insert  tid 105986
FindTargetPageId rootid 3 tid 105987
target_page_id id: 2 tid 105987
0 1 tid 105987
128 4 tid 105987
365 2 tid 105987
210 tid 105987
Remove  tid 105987
FindTargetPageId rootid 3 tid 105988
target_page_id id: 2 tid 105988
0 1 tid 105988
128 4 tid 105988
365 2 tid 105988
210 tid 105988
Insert  tid 105988
FindTargetPageId rootid 3 tid 105986
target_page_id id: 2 tid 105986
0 1 tid 105986
128 4 tid 105986
365 2 tid 105986
210 tid 105986
Insert  tid 105986
FindTargetPageId rootid 3 tid 105987
target_page_id id: 2 tid 105987
0 1 tid 105987
128 4 tid 105987
365 2 tid 105987
211 tid 105987
Remove  tid 105987
FindTargetPageId rootid 3 tid 105988
target_page_id id: 2 tid 105988
0 1 tid 105988
128 4 tid 105988
365 2 tid 105988
211 tid 105988
Insert  tid 105988
FindTargetPageId rootid 3 tid 105986
target_page_id id: 2 tid 105986
0 1 tid 105986
128 4 tid 105986
365 2 tid 105986
211 tid 105986
Insert  tid 105986
FindTargetPageId rootid 3 tid 105987
target_page_id id: 2 tid 105987
0 1 tid 105987
128 4 tid 105987
365 2 tid 105987
212 tid 105987
Remove  tid 105987
FindTargetPageId rootid 3 tid 105988
target_page_id id: 2 tid 105988
0 1 tid 105988
128 4 tid 105988
365 2 tid 105988
212 tid 105988
Insert  tid 105988
FindTargetPageId rootid 3 tid 105986
target_page_id id: 2 tid 105986
0 1 tid 105986
128 4 tid 105986
365 2 tid 105986
212 tid 105986
Insert  tid 105986
FindTargetPageId rootid 3 tid 105987
target_page_id id: 2 tid 105987
0 1 tid 105987
128 4 tid 105987
365 2 tid 105987
213 tid 105987
Remove  tid 105987
FindTargetPageId rootid 3 tid 105988
target_page_id id: 2 tid 105988
0 1 tid 105988
128 4 tid 105988
365 2 tid 105988
213 tid 105988
Insert  tid 105988
FindTargetPageId rootid 3 tid 105986
target_page_id id: 2 tid 105986
0 1 tid 105986
128 4 tid 105986
365 2 tid 105986
213 tid 105986
Insert  tid 105986
FindTargetPageId rootid 3 tid 105986
target_page_id id: 2 tid 105986
0 1 tid 105986
128 4 tid 105986
365 2 tid 105986
214 tid 105986
Insert  tid 105986
FindTargetPageId rootid 3 tid 105988
target_page_id id: 2 tid 105988
0 1 tid 105988
128 4 tid 105988
365 2 tid 105988
215 tid 105988
Insert  tid 105988
FindTargetPageId rootid 3 tid 105987
target_page_id id: 2 tid 105987
0 1 tid 105987
128 4 tid 105987
365 2 tid 105987
215 tid 105987
Remove  tid 105987
FindTargetPageId rootid 3 tid 105986
target_page_id id: 2 tid 105986
0 1 tid 105986
128 4 tid 105986
365 2 tid 105986
215 tid 105986
Insert  tid 105986
FindTargetPageId rootid 3 tid 105988
target_page_id id: 2 tid 105988
0 1 tid 105988
128 4 tid 105988
365 2 tid 105988
216 tid 105988
Insert  tid 105988
FindTargetPageId rootid 3 tid 105987
target_page_id id: 2 tid 105987
0 1 tid 105987
128 4 tid 105987
365 2 tid 105987
216 tid 105987
Remove  tid 105987
FindTargetPageId rootid 3 tid 105986
target_page_id id: 2 tid 105986
0 1 tid 105986
128 4 tid 105986
365 2 tid 105986
216 tid 105986
Insert  tid 105986
FindTargetPageId rootid 3 tid 105988
target_page_id id: 2 tid 105988
0 1 tid 105988
128 4 tid 105988
365 2 tid 105988
217 tid 105988
Insert  tid 105988
FindTargetPageId rootid 3 tid 105987
target_page_id id: 2 tid 105987
0 1 tid 105987
128 4 tid 105987
365 2 tid 105987
217 tid 105987
Remove  tid 105987
FindTargetPageId rootid 3 tid 105986
target_page_id id: 2 tid 105986
0 1 tid 105986
128 4 tid 105986
365 2 tid 105986
217 tid 105986
FindTargetPageId rootid 3 tid 105988
target_page_id id: 2 tid 105988
0 1 tid 105988
128 4 tid 105988
365 2 tid 105988
Insert  tid 105986
218 tid 105988
Insert  tid 105988
FindTargetPageId rootid 3 tid 105987
target_page_id id: 2 tid 105987
0 1 tid 105987
128 4 tid 105987
365 2 tid 105987
218 tid 105987
Remove  tid 105987
FindTargetPageId rootid 3 tid 105986
target_page_id id: 2 tid 105986
0 1 tid 105986
128 4 tid 105986
365 2 tid 105986
218 tid 105986
Insert  tid 105986
FindTargetPageId rootid 3 tid 105988
target_page_id id: 2 tid 105988
0 1 tid 105988
128 4 tid 105988
365 2 tid 105988
219 tid 105988
Insert  tid 105988
FindTargetPageId rootid 3 tid 105987
target_page_id id: 2 tid 105987
0 1 tid 105987
128 4 tid 105987
365 2 tid 105987
219 tid 105987
Remove  tid 105987
FindTargetPageId rootid 3 tid 105986
target_page_id id: 2 tid 105986
0 1 tid 105986
128 4 tid 105986
365 2 tid 105986
219 tid 105986
Insert  tid 105986
FindTargetPageId rootid 3 tid 105988
target_page_id id: 2 tid 105988
0 1 tid 105988
128 4 tid 105988
365 2 tid 105988
220 tid 105988
Insert  tid 105988
FindTargetPageId rootid 3 tid 105987
target_page_id id: 2 tid 105987
0 1 tid 105987
128 4 tid 105987
365 2 tid 105987
220 tid 105987
Remove  tid 105987
FindTargetPageId rootid 3 tid 105986
target_page_id id: 2 tid 105986
0 1 tid 105986
128 4 tid 105986
365 2 tid 105986
220 tid 105986
Insert  tid 105986
FindTargetPageId rootid 3 tid 105988
target_page_id id: 2 tid 105988
0 1 tid 105988
128 4 tid 105988
365 2 tid 105988
221 tid 105988
Insert  tid 105988
FindTargetPageId rootid 3 tid 105987
target_page_id id: 2 tid 105987
0 1 tid 105987
128 4 tid 105987
365 2 tid 105987
221 tid 105987
Remove  tid 105987
FindTargetPageId rootid 3 tid 105986
target_page_id id: 2 tid 105986
0 1 tid 105986
128 4 tid 105986
365 2 tid 105986
221 tid 105986
Insert  tid 105986
FindTargetPageId rootid 3 tid 105988
target_page_id id: 2 tid 105988
0 1 tid 105988
128 4 tid 105988
365 2 tid 105988
222 tid 105988
Insert  tid 105988
FindTargetPageId rootid 3 tid 105987
target_page_id id: 2 tid 105987
0 1 tid 105987
128 4 tid 105987
365 2 tid 105987
222 tid 105987
FindTargetPageId rootid Remove 3 tid  tid 105987
105988
target_page_id id: 2 tid 105988
0 1 tid 105988
128 4 tid 105988
365 2 tid 105988
222 tid 105988
Insert  tid 105988
FindTargetPageId rootid 3 tid 105988
target_page_id id: 2 tid 105988
0 1 tid 105988
128 4 tid 105988
365 2 tid 105988
222 tid 105988
Insert  tid 105988
FindTargetPageId rootid 3 tid 105988
target_page_id id: 2 tid 105988
0 1 tid 105988
128 4 tid 105988
365 2 tid 105988
222 tid 105988
Insert  tid 105988
FindTargetPageId rootid 3 tid 105986
target_page_id id: 2 tid 105986
0 1 tid 105986
128 4 tid 105986
365 2 tid 105986
222 tid 105986
Insert  tid 105986
FindTargetPageId rootid 3 tid 105987
target_page_id id: 2 tid 105987
0 1 tid 105987
128 4 tid 105987
365 2 tid 105987
223 tid 105987
Remove  tid 105987
FindTargetPageId rootid 3 tid 105988
target_page_id id: 2 tid 105988
0 1 tid 105988
128 4 tid 105988
365 2 tid 105988
223 tid 105988
Insert  tid 105988
FindTargetPageId rootid 3 tid 105986
target_page_id id: 2 tid 105986
0 1 tid 105986
128 4 tid 105986
365 2 tid 105986
223 tid 105986
Insert  tid 105986
FindTargetPageId rootid 3 tid 105987
target_page_id id: 2 tid 105987
0 1 tid 105987
128 4 tid 105987
365 2 tid 105987
224 tid 105987
Remove  tid 105987
FindTargetPageId rootid 3 tid 105988
target_page_id id: 2 tid 105988
0 1 tid 105988
128 4 tid 105988
365 2 tid 105988
224 tid 105988
FindTargetPageId rootid 3 tid 105986
target_page_id id: 2 tid 105986
0 1 tid 105986
128 4 tid 105986
365 2 tid 105986
Insert  tid 105988
224 tid 105986
Insert  tid 105986
FindTargetPageId rootid 3 tid 105987
target_page_id id: 2 tid 105987
0 1 tid 105987
128 4 tid 105987
365 2 tid 105987
225 tid 105987
Remove  tid 105987
FindTargetPageId rootid 3 tid 105988
target_page_id id: 2 tid 105988
0 1 tid 105988
128 4 tid 105988
365 2 tid 105988
225 tid 105988
Insert  tid 105988
FindTargetPageId rootid 3 tid 105986
target_page_id id: 2 tid 105986
0 1 tid 105986
128 4 tid 105986
365 2 tid 105986
225 tid 105986
Insert  tid 105986
FindTargetPageId rootid 3 tid 105986
target_page_id id: 2 tid 105986
0 1 tid 105986
128 4 tid 105986
365 2 tid 105986
226 tid 105986
Insert  tid 105986
FindTargetPageId rootid 3 tid 105988
target_page_id id: 2 tid 105988
0 1 tid 105988
128 4 tid 105988
365 2 tid 105988
227 tid 105988
Insert  tid 105988
FindTargetPageId rootid 3 tid 105987
target_page_id id: 2 tid 105987
0 1 tid 105987
128 4 tid 105987
365 2 tid 105987
227 tid 105987
Remove  tid 105987
FindTargetPageId rootid 3 tid 105986
target_page_id id: 2 tid 105986
0 1 tid 105986
128 4 tid 105986
365 2 tid 105986
227 tid 105986
Insert  tid 105986
FindTargetPageId rootid 3 tid 105988
target_page_id id: 2 tid 105988
0 1 tid 105988
128 4 tid 105988
365 2 tid 105988
228 tid 105988
Insert  tid 105988
FindTargetPageId rootid 3 tid 105987
target_page_id id: 2 tid 105987
0 1 tid 105987
128 4 tid 105987
365 2 tid 105987
228 tid 105987
Remove  tid 105987
FindTargetPageId rootid 3 tid 105986
target_page_id id: 2 tid 105986
0 1 tid 105986
128 4 tid 105986
365 2 tid 105986
228 tid 105986
Insert  tid 105986
FindTargetPageId rootid 3 tid 105988
target_page_id id: 2 tid 105988
0 1 tid 105988
128 4 tid 105988
365 2 tid 105988
229 tid 105988
Insert  tid 105988
FindTargetPageId rootid 3 tid 105987
target_page_id id: 2 tid 105987
0 1 tid 105987
128 4 tid 105987
365 2 tid 105987
229 tid 105987
FindTargetPageId rootid 3 tid 105986
target_page_id id: 2 tid 105986
0 1 tid 105986
128 4 tid 105986
365 2 tid 105986
229 tid 105986
Remove  tid 105987
Insert  tid 105986
FindTargetPageId rootid 3 tid 105988
target_page_id id: 2 tid 105988
0 1 tid 105988
128 4 tid 105988
365 2 tid 105988
230 tid 105988
Insert  tid 105988
FindTargetPageId rootid 3 tid 105987
target_page_id id: 2 tid 105987
0 1 tid 105987
128 4 tid 105987
365 2 tid 105987
230 tid 105987
Remove  tid 105987
FindTargetPageId rootid 3 tid 105986
target_page_id id: 2 tid 105986
0 1 tid 105986
128 4 tid 105986
365 2 tid 105986
230 tid 105986
Insert  tid 105986
FindTargetPageId rootid 3 tid 105988
target_page_id id: 2 tid 105988
0 1 tid 105988
128 4 tid 105988
365 2 tid 105988
231 tid 105988
Insert  tid 105988
FindTargetPageId rootid 3 tid 105987
target_page_id id: 2 tid 105987
0 1 tid 105987
128 4 tid 105987
365 2 tid 105987
231 tid 105987
Remove  tid 105987
FindTargetPageId rootid 3 tid 105986
target_page_id id: 2 tid 105986
0 1 tid 105986
128 4 tid 105986
365 2 tid 105986
231 tid 105986
Insert  tid 105986
FindTargetPageId rootid 3 tid 105988
target_page_id id: 2 tid 105988
0 1 tid 105988
128 4 tid 105988
365 2 tid 105988
232 tid 105988
Insert  tid 105988
FindTargetPageId rootid 3 tid 105987
target_page_id id: 2 tid 105987
0 1 tid 105987
128 4 tid 105987
365 2 tid 105987
232 tid 105987
Remove  tid 105987
FindTargetPageId rootid 3 tid 105987
target_page_id id: 2 tid 105987
0 1 tid 105987
128 4 tid 105987
365 2 tid 105987
232 tid 105987
Remove  tid 105987
FindTargetPageId rootid 3 tid 105987
target_page_id id: 2 tid 105987
0 1 tid 105987
128 4 tid 105987
365 2 tid 105987
232 tid 105987
Remove  tid 105987
FindTargetPageId rootid 3 tid 105986
target_page_id id: 2 tid 105986
0 1 tid 105986
128 4 tid 105986
365 2 tid 105986
232 tid 105986
Insert  tid 105986
FindTargetPageId rootid 3 tid 105988
target_page_id id: 2 tid 105988
0 1 tid 105988
128 4 tid 105988
365 2 tid 105988
233 tid 105988
Insert  tid 105988
FindTargetPageId rootid 3 tid 105987
target_page_id id: 2 tid 105987
0 1 tid 105987
128 4 tid 105987
365 2 tid 105987
233 tid 105987
Remove  tid 105987
FindTargetPageId rootid 3 tid 105986
target_page_id id: 2 tid 105986
0 1 tid 105986
128 4 tid 105986
365 2 tid 105986
233 tid 105986
Insert  tid 105986
FindTargetPageId rootid 3 tid 105988
target_page_id id: 2 tid 105988
0 1 tid 105988
128 4 tid 105988
365 2 tid 105988
234 tid 105988
Insert  tid 105988
FindTargetPageId rootid 3 tid 105987
target_page_id id: 2 tid 105987
0 1 tid 105987
128 4 tid 105987
365 2 tid 105987
234 tid 105987
FindTargetPageId rootid 3 tid 105986
target_page_id id: 2 tid 105986
0 1 tid 105986
128 4 tid 105986
365 2 tid 105986
234 tid 105986
Insert  tid 105986
Remove  tid 105987
FindTargetPageId rootid 3 tid 105988
target_page_id id: 2 tid 105988
0 1 tid 105988
128 4 tid 105988
365 2 tid 105988
235 tid 105988
Insert  tid 105988
FindTargetPageId rootid 3 tid 105986
target_page_id id: 2 tid 105986
0 1 tid 105986
128 4 tid 105986
365 2 tid 105986
235 tid 105986
Insert  tid 105986
FindTargetPageId rootid 3 tid 105987
target_page_id id: 2 tid 105987
0 1 tid 105987
128 4 tid 105987
365 2 tid 105987
236 tid 105987
Remove  tid 105987
FindTargetPageId rootid 3 tid 105988
target_page_id id: 2 tid 105988
0 1 tid 105988
128 4 tid 105988
365 2 tid 105988
236 tid 105988
Insert  tid 105988
FindTargetPageId rootid 3 tid 105986
target_page_id id: 2 tid 105986
0 1 tid 105986
128 4 tid 105986
365 2 tid 105986
236 tid 105986
Insert  tid 105986
FindTargetPageId rootid 3 tid 105987
target_page_id id: 2 tid 105987
0 1 tid 105987
128 4 tid 105987
365 2 tid 105987
237 tid 105987
Remove  tid 105987
FindTargetPageId rootid 3 tid 105987
target_page_id id: 2 tid 105987
0 1 tid 105987
128 4 tid 105987
365 2 tid 105987
237 tid 105987
Remove  tid 105987
FindTargetPageId rootid 3 tid 105987
target_page_id id: 2 tid 105987
0 1 tid 105987
128 4 tid 105987
365 2 tid 105987
237 tid 105987
Remove  tid 105987
FindTargetPageId rootid 3 tid 105987
target_page_id id: 2 tid 105987
0 1 tid 105987
128 4 tid 105987
365 2 tid 105987
237 tid 105987
Remove  tid 105987
FindTargetPageId rootid 3 tid 105987
target_page_id id: 2 tid 105987
0 1 tid 105987
128 4 tid 105987
365 2 tid 105987
237 tid 105987
Remove  tid 105987
FindTargetPageId rootid 3 tid 105987
target_page_id id: 2 tid 105987
0 1 tid 105987
128 4 tid 105987
365 2 tid 105987
237 tid 105987
Remove  tid 105987
FindTargetPageId rootid 3 tid 105988
target_page_id id: 2 tid 105988
0 1 tid 105988
128 4 tid 105988
365 2 tid 105988
237 tid 105988
Insert  tid 105988
FindTargetPageId rootid 3 tid 105988
target_page_id id: 2 tid 105988
0 1 tid 105988
128 4 tid 105988
365 2 tid 105988
237 tid 105988
Insert  tid 105988
FindTargetPageId rootid 3 tid 105988
target_page_id id: 2 tid 105988
0 1 tid 105988
128 4 tid 105988
365 2 tid 105988
237 tid 105988
Insert  tid 105988
FindTargetPageId rootid 3 tid 105986
target_page_id id: 2 tid 105986
0 1 tid 105986
128 4 tid 105986
365 2 tid 105986
237 tid 105986
Insert  tid 105986
FindTargetPageId rootid 3 tid 105987
target_page_id id: 2 tid 105987
0 1 tid 105987
128 4 tid 105987
365 2 tid 105987
238 tid 105987
Remove  tid 105987
FindTargetPageId rootid 3 tid 105988
target_page_id id: 2 tid 105988
0 1 tid 105988
128 4 tid 105988
365 2 tid 105988
238 tid 105988
Insert  tid 105988
FindTargetPageId rootid 3 tid 105988
target_page_id id: 2 tid 105988
0 1 tid 105988
128 4 tid 105988
365 2 tid 105988
238 tid 105988
Insert  tid 105988
FindTargetPageId rootid 3 tid 105988
target_page_id id: 2 tid 105988
0 1 tid 105988
128 4 tid 105988
365 2 tid 105988
238 tid 105988
Insert  tid 105988
FindTargetPageId rootid 3 tid 105988
target_page_id id: 2 tid 105988
0 1 tid 105988
128 4 tid 105988
365 2 tid 105988
238 tid 105988
Insert  tid 105988
FindTargetPageId rootid 3 tid 105988
target_page_id id: 2 tid 105988
0 1 tid 105988
128 4 tid 105988
365 2 tid 105988
238 tid 105988
Insert  tid 105988
FindTargetPageId rootid 3 tid 105988
target_page_id id: 2 tid 105988
0 1 tid 105988
128 4 tid 105988
365 2 tid 105988
238 tid 105988
Insert  tid 105988
FindTargetPageId rootid 3 tid 105988
target_page_id id: 2 tid 105988
0 1 tid 105988
128 4 tid 105988
365 2 tid 105988
238 tid 105988
Insert  tid 105988
FindTargetPageId rootid 3 tid 105988
target_page_id id: 2 tid 105988
0 1 tid 105988
128 4 tid 105988
365 2 tid 105988
238 tid 105988
Insert  tid 105988
FindTargetPageId rootid 3 tid 105988
target_page_id id: 2 tid 105988
0 1 tid 105988
128 4 tid 105988
365 2 tid 105988
238 tid 105988
Insert  tid 105988
FindTargetPageId rootid 3 tid 105988
target_page_id id: 2 tid 105988
0 1 tid 105988
128 4 tid 105988
365 2 tid 105988
238 tid 105988
Insert  tid 105988
FindTargetPageId rootid 3 tid 105988
target_page_id id: 2 tid 105988
0 1 tid 105988
128 4 tid 105988
365 2 tid 105988
238 tid 105988
Insert  tid 105988
FindTargetPageId rootid 3 tid 105986
target_page_id id: 2 tid 105986
0 1 tid 105986
128 4 tid 105986
365 2 tid 105986
238 tid 105986
Insert  tid 105986
FindTargetPageId rootid 3 tid 105986
target_page_id id: 2 tid 105986
0 1 tid 105986
128 4 tid 105986
365 2 tid 105986
239 tid 105986
Insert  tid 105986
FindTargetPageId rootid 3 tid 105988
target_page_id id: 2 tid 105988
0 1 tid 105988
128 4 tid 105988
365 2 tid 105988
240 tid 105988
Insert  tid 105988
FindTargetPageId rootid 3 tid 105988
target_page_id id: 2 tid 105988
0 1 tid 105988
128 4 tid 105988
365 2 tid 105988
240 tid 105988
Insert  tid 105988
FindTargetPageId rootid 3 tid 105986
target_page_id id: 2 tid 105986
0 1 tid 105986
128 4 tid 105986
365 2 tid 105986
240 tid 105986
Insert  tid 105986
FindTargetPageId rootid 3 tid 105986
target_page_id id: 2 tid 105986
0 1 tid 105986
128 4 tid 105986
365 2 tid 105986
241 tid 105986
Insert  tid 105986
FindTargetPageId rootid 3 tid 105986
target_page_id id: 2 tid 105986
0 1 tid 105986
128 4 tid 105986
365 2 tid 105986
242 tid 105986
Insert  tid 105986
FindTargetPageId rootid 3 tid 105986
target_page_id id: 2 tid 105986
0 1 tid 105986
128 4 tid 105986
365 2 tid 105986
243 tid 105986
FindTargetPageId rootid 3 tid 105988
target_page_id id: 2 tid 105988
0 1 tid 105988
128 4 tid 105988
365 2 tid 105988
244 tid 105988
Insert  tid 105986
Insert  tid 105988
FindTargetPageId rootid 3 tid 105986
target_page_id id: 2 tid 105986
0 1 tid 105986
128 4 tid 105986
365 2 tid 105986
244 tid 105986
Insert  tid 105986
FindTargetPageId rootid 3 tid 105987
target_page_id id: 2 tid 105987
0 1 tid 105987
128 4 tid 105987
365 2 tid 105987
245 tid 105987
Remove  tid 105987
FindTargetPageId rootid 3 tid 105988
target_page_id id: 2 tid 105988
0 1 tid 105988
128 4 tid 105988
365 2 tid 105988
245 tid 105988
Insert  tid 105988
FindTargetPageId rootid 3 tid 105986
target_page_id id: 2 tid 105986
0 1 tid 105986
128 4 tid 105986
365 2 tid 105986
245 tid 105986
Insert  tid 105986
FindTargetPageId rootid 3 tid 105986
target_page_id id: 2 tid 105986
0 1 tid 105986
128 4 tid 105986
365 2 tid 105986
246 tid 105986
Insert  tid 105986
FindTargetPageId rootid 3 tid 105986
target_page_id id: 2 tid 105986
0 1 tid 105986
128 4 tid 105986
365 2 tid 105986
247 tid 105986
Insert  tid 105986
FindTargetPageId rootid 3 tid 105986
target_page_id id: 2 tid 105986
0 1 tid 105986
128 4 tid 105986
365 2 tid 105986
248 tid 105986
Insert  tid 105986
FindTargetPageId rootid 3 tid 105986
target_page_id id: 2 tid 105986
0 1 tid 105986
128 4 tid 105986
365 2 tid 105986
249 tid 105986
Insert  tid 105986
FindTargetPageId rootid 3 tid 105986
target_page_id id: 2 tid 105986
0 1 tid 105986
128 4 tid 105986
365 2 tid 105986
250 tid 105986
Insert  tid 105986
FindTargetPageId rootid 3 tid 105986
target_page_id id: 2 tid 105986
0 1 tid 105986
128 4 tid 105986
365 2 tid 105986
251 tid 105986
Insert  tid 105986
FindTargetPageId rootid 3 tid 105986
target_page_id id: 2 tid 105986
0 1 tid 105986
128 4 tid 105986
365 2 tid 105986
252 tid 105986
Insert  tid 105986
FindTargetPageId rootid 3 tid 105986
target_page_id id: 2 tid 105986
0 1 tid 105986
128 4 tid 105986
365 2 tid 105986
253 tid 105986
Insert  tid 105986
FindTargetPageId rootid 3 tid 105986
target_page_id id: 2 tid 105986
0 1 tid 105986
128 4 tid 105986
365 2 tid 105986
254 tid 105986
Insert  tid 105986
FindTargetPageId rootid 3 tid 105987
target_page_id id: 5 tid 105987
0 1 tid 105987
128 4 tid 105987
365 2 tid 105987
492 5 tid 105987
128 tid 105987
Remove  tid 105987
FindTargetPageId rootid 3 tid 105988
target_page_id id: 2 tid 105988
0 1 tid 105988
128 4 tid 105988
365 2 tid 105988
492 5 tid 105988
127 tid 105988
Insert  tid 105988
FindTargetPageId rootid 3 tid 105986
target_page_id id: 5 tid 105986
0 1 tid 105986
128 4 tid 105986
365 2 tid 105986
492 5 tid 105986
128 tid 105986
Insert  tid 105986
FindTargetPageId rootid 3 tid 105987
target_page_id id: 5 tid 105987
0 1 tid 105987
128 4 tid 105987
365 2 tid 105987
492 5 tid 105987
129 tid 105987
Remove  tid 105987
FindTargetPageId rootid 3 tid 105988
target_page_id id: 2 tid 105988
0 1 tid 105988
128 4 tid 105988
365 2 tid 105988
492 5 tid 105988
127 tid 105988
Insert  tid 105988
FindTargetPageId rootid 3 tid 105986
target_page_id id: 5 tid 105986
0 1 tid 105986
128 4 tid 105986
365 2 tid 105986
492 5 tid 105986
129 tid 105986
Insert  tid 105986
FindTargetPageId rootid 3 tid 105987
target_page_id id: 5 tid 105987
0 1 tid 105987
128 4 tid 105987
365 2 tid 105987
492 5 tid 105987
130 tid 105987
Remove  tid 105987
FindTargetPageId rootid 3 tid 105988
target_page_id id: 2 tid 105988
0 1 tid 105988
128 4 tid 105988
365 2 tid 105988
492 5 tid 105988
127 tid 105988
Insert  tid 105988
FindTargetPageId rootid 3 tid 105986
target_page_id id: 5 tid 105986
0 1 tid 105986
128 4 tid 105986
365 2 tid 105986
492 5 tid 105986
130 tid 105986
Insert  tid 105986
FindTargetPageId rootid 3 tid 105987
target_page_id id: 5 tid 105987
0 1 tid 105987
128 4 tid 105987
365 2 tid 105987
492 5 tid 105987
131 tid 105987
Remove  tid 105987
FindTargetPageId rootid 3 tid 105988
target_page_id id: 2 tid 105988
0 1 tid 105988
128 4 tid 105988
365 2 tid 105988
492 5 tid 105988
127 tid 105988
Insert  tid 105988
FindTargetPageId rootid 3 tid 105986
target_page_id id: 5 tid 105986
0 1 tid 105986
128 4 tid 105986
365 2 tid 105986
492 5 tid 105986
131 tid 105986
Insert  tid 105986
FindTargetPageId rootid 3 tid 105987
target_page_id id: 5 tid 105987
0 1 tid 105987
128 4 tid 105987
365 2 tid 105987
492 5 tid 105987
132 tid 105987
Remove  tid 105987
FindTargetPageId rootid 3 tid 105988
target_page_id id: 2 tid 105988
0 1 tid 105988
128 4 tid 105988
365 2 tid 105988
492 5 tid 105988
127 tid 105988
Insert  tid 105988
FindTargetPageId rootid 3 tid 105986
target_page_id id: 5 tid 105986
0 1 tid 105986
128 4 tid 105986
365 2 tid 105986
492 5 tid 105986
132 tid 105986
Insert  tid 105986
FindTargetPageId rootid 3 tid 105987
target_page_id id: 5 tid 105987
0 1 tid 105987
128 4 tid 105987
365 2 tid 105987
492 5 tid 105987
133 tid 105987
Remove  tid 105987
FindTargetPageId rootid 3 tid 105988
target_page_id id: 2 tid 105988
0 1 tid 105988
128 4 tid 105988
365 2 tid 105988
492 5 tid 105988
127 tid 105988
Insert  tid 105988
FindTargetPageId rootid 3 tid 105986
target_page_id id: 5 tid 105986
0 1 tid 105986
128 4 tid 105986
365 2 tid 105986
492 5 tid 105986
133 tid 105986
Insert  tid 105986
FindTargetPageId rootid 3 tid 105987
target_page_id id: 5 tid 105987
0 1 tid 105987
128 4 tid 105987
365 2 tid 105987
492 5 tid 105987
134 tid 105987
Remove  tid 105987
FindTargetPageId rootid 3 tid 105988
target_page_id id: 2 tid 105988
0 1 tid 105988
128 4 tid 105988
365 2 tid 105988
492 5 tid 105988
127 tid 105988
Insert  tid 105988
FindTargetPageId rootid 3 tid 105986
target_page_id id: 5 tid 105986
0 1 tid 105986
128 4 tid 105986
365 2 tid 105986
492 5 tid 105986
134 tid 105986
Insert  tid 105986
FindTargetPageId rootid 3 tid 105987
target_page_id id: 5 tid 105987
0 1 tid 105987
128 4 tid 105987
365 2 tid 105987
492 5 tid 105987
135 tid 105987
Remove  tid 105987
FindTargetPageId rootid 3 tid 105988
target_page_id id: 5 tid 105988
0 1 tid 105988
128 4 tid 105988
365 2 tid 105988
492 5 tid 105988
135 tid 105988
Insert  tid 105988
FindTargetPageId rootid 3 tid 105986
target_page_id id: 5 tid 105986
0 1 tid 105986
128 4 tid 105986
365 2 tid 105986
492 5 tid 105986
135 tid 105986
Insert  tid 105986
FindTargetPageId rootid 3 tid 105987
target_page_id id: 5 tid 105987
0 1 tid 105987
128 4 tid 105987
365 2 tid 105987
492 5 tid 105987
136 tid 105987
Remove  tid 105987
FindTargetPageId rootid 3 tid 105988
target_page_id id: 5 tid 105988
0 1 tid 105988
128 4 tid 105988
365 2 tid 105988
492 5 tid 105988
136 tid 105988
Insert  tid 105988
FindTargetPageId rootid 3 tid 105986
target_page_id id: 5 tid 105986
0 1 tid 105986
128 4 tid 105986
365 2 tid 105986
492 5 tid 105986
136 tid 105986
Insert  tid 105986
FindTargetPageId rootid 3 tid 105987
target_page_id id: 5 tid 105987
0 1 tid 105987
128 4 tid 105987
365 2 tid 105987
492 5 tid 105987
137 tid 105987
Remove  tid 105987
FindTargetPageId rootid 3 tid 105988
target_page_id id: 5 tid 105988
0 1 tid 105988
128 4 tid 105988
365 2 tid 105988
492 5 tid 105988
137 tid 105988
Insert  tid 105988
FindTargetPageId rootid 3 tid 105986
target_page_id id: 5 tid 105986
0 1 tid 105986
128 4 tid 105986
365 2 tid 105986
492 5 tid 105986
137 tid 105986
Insert  tid 105986
FindTargetPageId rootid 3 tid 105987
target_page_id id: 5 tid 105987
0 1 tid 105987
128 4 tid 105987
365 2 tid 105987
492 5 tid 105987
138 tid 105987
Remove  tid 105987
FindTargetPageId rootid 3 tid 105988
target_page_id id: 5 tid 105988
0 1 tid 105988
128 4 tid 105988
365 2 tid 105988
492 5 tid 105988
138 tid 105988
Insert  tid 105988
FindTargetPageId rootid 3 tid 105986
target_page_id id: 5 tid 105986
0 1 tid 105986
128 4 tid 105986
365 2 tid 105986
492 5 tid 105986
138 tid 105986
Insert  tid 105986
FindTargetPageId rootid 3 tid 105987
target_page_id id: 5 tid 105987
0 1 tid 105987
128 4 tid 105987
365 2 tid 105987
492 5 tid 105987
139 tid 105987
Remove  tid 105987
FindTargetPageId rootid 3 tid 105987
target_page_id id: 5 tid 105987
0 1 tid 105987
128 4 tid 105987
365 2 tid 105987
492 5 tid 105987
139 tid 105987
Remove  tid 105987
FindTargetPageId rootid 3 tid 105986
target_page_id id: 5 tid 105986
0 1 tid 105986
128 4 tid 105986
365 2 tid 105986
492 5 tid 105986
139 tid 105986
Insert  tid 105986
FindTargetPageId rootid 3 tid 105988
target_page_id id: 5 tid 105988
0 1 tid 105988
128 4 tid 105988
365 2 tid 105988
492 5 tid 105988
140 tid 105988
Insert  tid 105988
FindTargetPageId rootid 3 tid 105987
target_page_id id: 5 tid 105987
0 1 tid 105987
128 4 tid 105987
365 2 tid 105987
492 5 tid 105987
140 tid 105987
Remove  tid 105987
FindTargetPageId rootid 3 tid 105986
target_page_id id: 5 tid 105986
0 1 tid 105986
128 4 tid 105986
365 2 tid 105986
492 5 tid 105986
140 tid 105986
Insert  tid 105986
FindTargetPageId rootid 3 tid 105988
target_page_id id: 5 tid 105988
0 1 tid 105988
128 4 tid 105988
365 2 tid 105988
492 5 tid 105988
141 tid 105988
Insert  tid 105988
FindTargetPageId rootid 3 tid 105987
target_page_id id: 5 tid 105987
0 1 tid 105987
128 4 tid 105987
365 2 tid 105987
492 5 tid 105987
141 tid 105987
Remove  tid 105987
FindTargetPageId rootid 3 tid 105986
target_page_id id: 5 tid 105986
0 1 tid 105986
128 4 tid 105986
365 2 tid 105986
492 5 tid 105986
141 tid 105986
Insert  tid 105986
FindTargetPageId rootid 3 tid 105988
target_page_id id: 5 tid 105988
0 1 tid 105988
128 4 tid 105988
365 2 tid 105988
492 5 tid 105988
142 tid 105988
Insert  tid 105988
FindTargetPageId rootid 3 tid 105987
target_page_id id: 5 tid 105987
0 1 tid 105987
128 4 tid 105987
365 2 tid 105987
492 5 tid 105987
142 tid 105987
Remove  tid 105987
FindTargetPageId rootid 3 tid 105986
target_page_id id: 5 tid 105986
0 1 tid 105986
128 4 tid 105986
365 2 tid 105986
492 5 tid 105986
142 tid 105986
Insert  tid 105986
FindTargetPageId rootid 3 tid 105988
target_page_id id: 5 tid 105988
0 1 tid 105988
128 4 tid 105988
365 2 tid 105988
492 5 tid 105988
143 tid 105988
Insert  tid 105988
FindTargetPageId rootid 3 tid 105987
target_page_id id: 5 tid 105987
0 1 tid 105987
128 4 tid 105987
365 2 tid 105987
492 5 tid 105987
143 tid 105987
Remove  tid 105987
FindTargetPageId rootid 3 tid 105986
target_page_id id: 5 tid 105986
0 1 tid 105986
128 4 tid 105986
365 2 tid 105986
492 5 tid 105986
143 tid 105986
Insert  tid 105986
FindTargetPageId rootid 3 tid 105988
target_page_id id: 5 tid 105988
0 1 tid 105988
128 4 tid 105988
365 2 tid 105988
492 5 tid 105988
144 tid 105988
Insert  tid 105988
FindTargetPageId rootid 3 tid 105987
target_page_id id: 5 tid 105987
0 1 tid 105987
128 4 tid 105987
365 2 tid 105987
492 5 tid 105987
144 tid 105987
Remove  tid 105987
FindTargetPageId rootid 3 tid 105986
target_page_id id: 5 tid 105986
0 1 tid 105986
128 4 tid 105986
365 2 tid 105986
492 5 tid 105986
144 tid 105986
Insert  tid 105986
FindTargetPageId rootid 3 tid 105986
target_page_id id: 5 tid 105986
0 1 tid 105986
128 4 tid 105986
365 2 tid 105986
492 5 tid 105986
145 tid 105986
Insert  tid 105986
FindTargetPageId rootid 3 tid 105987
target_page_id id: 5 tid 105987
0 1 tid 105987
128 4 tid 105987
365 2 tid 105987
492 5 tid 105987
146 tid 105987
Remove  tid 105987
FindTargetPageId rootid 3 tid 105988
target_page_id id: 5 tid 105988
0 1 tid 105988
128 4 tid 105988
365 2 tid 105988
492 5 tid 105988
146 tid 105988
Insert  tid 105988
FindTargetPageId rootid 3 tid 105986
target_page_id id: 5 tid 105986
0 1 tid 105986
128 4 tid 105986
365 2 tid 105986
492 5 tid 105986
146 tid 105986
Insert  tid 105986
FindTargetPageId rootid 3 tid 105987
target_page_id id: 5 tid 105987
0 1 tid 105987
128 4 tid 105987
365 2 tid 105987
492 5 tid 105987
147 tid 105987
Remove  tid 105987
FindTargetPageId rootid 3 tid 105987
target_page_id id: 5 tid 105987
0 1 tid 105987
128 4 tid 105987
365 2 tid 105987
492 5 tid 105987
147 tid 105987
Remove  tid 105987
FindTargetPageId rootid 3 tid 105986
target_page_id id: 5 tid 105986
0 1 tid 105986
128 4 tid 105986
365 2 tid 105986
492 5 tid 105986
147 tid 105986
Insert  tid 105986
FindTargetPageId rootid 3 tid 105988
target_page_id id: 5 tid 105988
0 1 tid 105988
128 4 tid 105988
365 2 tid 105988
492 5 tid 105988
148 tid 105988
Insert  tid 105988
FindTargetPageId rootid 3 tid 105987
target_page_id id: 5 tid 105987
0 1 tid 105987
128 4 tid 105987
365 2 tid 105987
492 5 tid 105987
148 tid 105987
Remove  tid 105987
FindTargetPageId rootid 3 tid 105986
target_page_id id: 5 tid 105986
0 1 tid 105986
128 4 tid 105986
365 2 tid 105986
492 5 tid 105986
148 tid 105986
Insert  tid 105986
FindTargetPageId rootid 3 tid 105988
target_page_id id: 5 tid 105988
0 1 tid 105988
128 4 tid 105988
365 2 tid 105988
492 5 tid 105988
149 tid 105988
Insert  tid 105988
FindTargetPageId rootid 3 tid 105987
target_page_id id: 5 tid 105987
0 1 tid 105987
128 4 tid 105987
365 2 tid 105987
492 5 tid 105987
149 tid 105987
Remove  tid 105987
FindTargetPageId rootid 3 tid 105986
target_page_id id: 5 tid 105986
0 1 tid 105986
128 4 tid 105986
365 2 tid 105986
492 5 tid 105986
149 tid 105986
Insert  tid 105986
FindTargetPageId rootid 3 tid 105988
target_page_id id: 5 tid 105988
0 1 tid 105988
128 4 tid 105988
365 2 tid 105988
492 5 tid 105988
150 tid 105988
Insert  tid 105988
FindTargetPageId rootid 3 tid 105987
target_page_id id: 5 tid 105987
0 1 tid 105987
128 4 tid 105987
365 2 tid 105987
492 5 tid 105987
150 tid 105987
Remove  tid 105987
FindTargetPageId rootid 3 tid 105986
target_page_id id: 5 tid 105986
0 1 tid 105986
128 4 tid 105986
365 2 tid 105986
492 5 tid 105986
150 tid 105986
Insert  tid 105986
FindTargetPageId rootid 3 tid 105988
target_page_id id: 5 tid 105988
0 1 tid 105988
128 4 tid 105988
365 2 tid 105988
492 5 tid 105988
151 tid 105988
Insert  tid 105988
FindTargetPageId rootid 3 tid 105987
target_page_id id: 5 tid 105987
0 1 tid 105987
128 4 tid 105987
365 2 tid 105987
492 5 tid 105987
151 tid 105987
Remove  tid 105987
FindTargetPageId rootid 3 tid 105986
target_page_id id: 5 tid 105986
0 1 tid 105986
128 4 tid 105986
365 2 tid 105986
492 5 tid 105986
151 tid 105986
Insert  tid 105986
FindTargetPageId rootid 3 tid 105988
target_page_id id: 5 tid 105988
0 1 tid 105988
128 4 tid 105988
365 2 tid 105988
492 5 tid 105988
152 tid 105988
FindTargetPageId rootid 3 tid 105987
target_page_id id: 5 tid 105987
0 1 tid 105987
128 4 tid 105987
365 2 tid 105987
492 5 tid 105987
Insert 152 tid 105987
 tid 105988
FindTargetPageId rootid 3 tid 105986
Remove  tid 105987
target_page_id id: 5 tid 105986
0 1 tid 105986
128 4 tid 105986
365 2 tid 105986
492 5 tid 105986
152 tid 105986
Insert  tid 105986
FindTargetPageId rootid 3 tid 105988
target_page_id id: 5 tid 105988
0 1 tid 105988
128 4 tid 105988
365 2 tid 105988
492 5 tid 105988
153 tid 105988
Insert  tid 105988
FindTargetPageId rootid 3 tid 105987
target_page_id id: 5 tid 105987
0 1 tid 105987
128 4 tid 105987
365 2 tid 105987
492 5 tid 105987
153 tid 105987
Remove  tid 105987
FindTargetPageId rootid 3 tid 105986
target_page_id id: 5 tid 105986
0 1 tid 105986
128 4 tid 105986
365 2 tid 105986
492 5 tid 105986
153 tid 105986
Insert  tid 105986
FindTargetPageId rootid 3 tid 105988
target_page_id id: 5 tid 105988
0 1 tid 105988
128 4 tid 105988
365 2 tid 105988
492 5 tid 105988
154 tid 105988
Insert  tid 105988
FindTargetPageId rootid 3 tid 105987
target_page_id id: 5 tid 105987
0 1 tid 105987
128 4 tid 105987
365 2 tid 105987
492 5 tid 105987
154 tid 105987
Remove  tid 105987
FindTargetPageId rootid 3 tid 105986
target_page_id id: 5 tid 105986
0 1 tid 105986
128 4 tid 105986
365 2 tid 105986
492 5 tid 105986
154 tid 105986
FindTargetPageId rootid 3 tid 105988
target_page_id id: 5 tid 105988
0 1 tid 105988
128 4 tid 105988
365 2 tid 105988
492 5 tid 105988
Insert 155 tid 105988
 tid 105986
FindTargetPageId rootid 3 tid 105987
target_page_id id: 5 tid 105987
0Insert  tid 105988
 1 tid 105987
128 4 tid 105987
365 2 tid 105987
492 5 tid 105987
155 tid 105987
Remove  tid 105987
FindTargetPageId rootid 3 tid 105986
target_page_id id: 5 tid 105986
0 1 tid 105986
128 4 tid 105986
365 2 tid 105986
492 5 tid 105986
155 tid 105986
Insert  tid 105986
FindTargetPageId rootid 3 tid 105988
target_page_id id: 5 tid 105988
0 1 tid 105988
128 4 tid 105988
365 2 tid 105988
492 5 tid 105988
156 tid 105988
Insert  tid 105988
FindTargetPageId rootid 3 tid 105987
target_page_id id: 5 tid 105987
0 1 tid 105987
128 4 tid 105987
365 2 tid 105987
492 5 tid 105987
156 tid 105987
Remove  tid 105987
FindTargetPageId rootid 3 tid 105986
target_page_id id: 5 tid 105986
0 1 tid 105986
128 4 tid 105986
365 2 tid 105986
492 5 tid 105986
156 tid 105986
Insert  tid 105986
FindTargetPageId rootid 3 tid 105988
target_page_id id: 5 tid 105988
0 1 tid 105988
128 4 tid 105988
365 2 tid 105988
492 5 tid 105988
157 tid 105988
Insert  tid 105988
FindTargetPageId rootid 3 tid 105987
target_page_id id: 5 tid 105987
0 1 tid 105987
128 4 tid 105987
365 2 tid 105987
492 5 tid 105987
157 tid 105987
Remove  tid 105987
FindTargetPageId rootid 3 tid 105987
target_page_id id: 5 tid 105987
0 1 tid 105987
128 4 tid 105987
365 2 tid 105987
492 5 tid 105987
157 tid 105987
Remove  tid 105987
FindTargetPageId rootid 3 tid 105987
target_page_id id: 5 tid 105987
0 1 tid 105987
128 4 tid 105987
365 2 tid 105987
492 5 tid 105987
157 tid 105987
Remove  tid 105987
FindTargetPageId rootid 3 tid 105987
target_page_id id: 5 tid 105987
0 1 tid 105987
128 4 tid 105987
365 2 tid 105987
492 5 tid 105987
157 tid 105987
Remove  tid 105987
FindTargetPageId rootid 3 tid 105988
target_page_id id: 5 tid 105988
0 1 tid 105988
128 4 tid 105988
365 2 tid 105988
492 5 tid 105988
157 tid 105988
Insert  tid 105988
FindTargetPageId rootid 3 tid 105986
target_page_id id: 5 tid 105986
0 1 tid 105986
128 4 tid 105986
365 2 tid 105986
492 5 tid 105986
157 tid 105986
Insert  tid 105986
FindTargetPageId rootid 3 tid 105987
target_page_id id: 5 tid 105987
0 1 tid 105987
128 4 tid 105987
365 2 tid 105987
492 5 tid 105987
158 tid 105987
Remove  tid 105987
FindTargetPageId rootid 3 tid 105988
target_page_id id: 5 tid 105988
0 1 tid 105988
128 4 tid 105988
365 2 tid 105988
492 5 tid 105988
158 tid 105988
Insert  tid 105988
FindTargetPageId rootid 3 tid 105986
target_page_id id: 5 tid 105986
0 1 tid 105986
128 4 tid 105986
365 2 tid 105986
492 5 tid 105986
158 tid 105986
Insert  tid 105986
FindTargetPageId rootid 3 tid 105987
target_page_id id: 5 tid 105987
0 1 tid 105987
128 4 tid 105987
365 2 tid 105987
492 5 tid 105987
159 tid 105987
Remove  tid 105987
FindTargetPageId rootid 3 tid 105988
target_page_id id: 5 tid 105988
0 1 tid 105988
128 4 tid 105988
365 2 tid 105988
492 5 tid 105988
159 tid 105988
Insert  tid 105988
FindTargetPageId rootid 3 tid 105986
target_page_id id: 5 tid 105986
0 1 tid 105986
128 4 tid 105986
365 2 tid 105986
492 5 tid 105986
159 tid 105986
Insert  tid 105986
FindTargetPageId rootid 3 tid 105987
target_page_id id: 5 tid 105987
0 1 tid 105987
128 4 tid 105987
365 2 tid 105987
492 5 tid 105987
160 tid 105987
Remove  tid 105987
FindTargetPageId rootid 3 tid 105988
target_page_id id: 5 tid 105988
0 1 tid 105988
128 4 tid 105988
365 2 tid 105988
492 5 tid 105988
160 tid 105988
Insert  tid 105988
FindTargetPageId rootid 3 tid 105986
target_page_id id: 5 tid 105986
0 1 tid 105986
128 4 tid 105986
365 2 tid 105986
492 5 tid 105986
160 tid 105986
Insert  tid 105986
FindTargetPageId rootid 3 tid 105987
target_page_id id: 5 tid 105987
0 1 tid 105987
128 4 tid 105987
365 2 tid 105987
492 5 tid 105987
161 tid 105987
Remove  tid 105987
FindTargetPageId rootid 3 tid 105988
target_page_id id: 5 tid 105988
0 1 tid 105988
128 4 tid 105988
365 2 tid 105988
492 5 tid 105988
161 tid 105988
Insert  tid 105988
FindTargetPageId rootid 3 tid 105986
target_page_id id: 5 tid 105986
0 1 tid 105986
128 4 tid 105986
365 2 tid 105986
492 5 tid 105986
161 tid 105986
Insert  tid 105986
FindTargetPageId rootid 3 tid 105987
target_page_id id: 5 tid 105987
0 1 tid 105987
128 4 tid 105987
365 2 tid 105987
492 5 tid 105987
162 tid 105987
Remove  tid 105987
FindTargetPageId rootid 3 tid 105988
target_page_id id: 5 tid 105988
0 1 tid 105988
128 4 tid 105988
365 2 tid 105988
492 5 tid 105988
162 tid 105988
Insert  tid 105988
FindTargetPageId rootid 3 tid 105986
target_page_id id: 5 tid 105986
0 1 tid 105986
128 4 tid 105986
365 2 tid 105986
492 5 tid 105986
162 tid 105986
Insert  tid 105986
FindTargetPageId rootid 3 tid 105987
target_page_id id: 5 tid 105987
0 1 tid 105987
128 4 tid 105987
365 2 tid 105987
492 5 tid 105987
163 tid 105987
Remove  tid 105987
FindTargetPageId rootid 3 tid 105988
target_page_id id: 5 tid 105988
0 1 tid 105988
128 4 tid 105988
365 2 tid 105988
492 5 tid 105988
163 tid 105988
Insert  tid 105988
FindTargetPageId rootid 3 tid 105986
target_page_id id: 5 tid 105986
0 1 tid 105986
128 4 tid 105986
365 2 tid 105986
492 5 tid 105986
163 tid 105986
Insert  tid 105986
FindTargetPageId rootid 3 tid 105987
target_page_id id: 5 tid 105987
0 1 tid 105987
128 4 tid 105987
365 2 tid 105987
492 5 tid 105987
164 tid 105987
Remove  tid 105987
FindTargetPageId rootid 3 tid 105988
target_page_id id: 5 tid 105988
0 1 tid 105988
128 4 tid 105988
365 2 tid 105988
492 5 tid 105988
164 tid 105988
Insert  tid 105988
FindTargetPageId rootid 3 tid 105986
target_page_id id: 5 tid 105986
0 1 tid 105986
128 4 tid 105986
365 2 tid 105986
492 5 tid 105986
164 tid 105986
Insert  tid 105986
FindTargetPageId rootid 3 tid 105987
target_page_id id: 5 tid 105987
0 1 tid 105987
128 4 tid 105987
365 2 tid 105987
492 5 tid 105987
165 tid 105987
Remove  tid 105987
FindTargetPageId rootid 3 tid 105988
target_page_id id: 5 tid 105988
0 1 tid 105988
128 4 tid 105988
365 2 tid 105988
492 5 tid 105988
165 tid 105988
Insert  tid 105988
FindTargetPageId rootid 3 tid 105986
target_page_id id: 5 tid 105986
0 1 tid 105986
128 4 tid 105986
365 2 tid 105986
492 5 tid 105986
165 tid 105986
Insert  tid 105986
FindTargetPageId rootid 3 tid 105987
target_page_id id: 5 tid 105987
0 1 tid 105987
128 4 tid 105987
365 2 tid 105987
492 5 tid 105987
166 tid 105987
Remove  tid 105987
FindTargetPageId rootid 3 tid 105988
target_page_id id: 5 tid 105988
0 1 tid 105988
128 4 tid 105988
365 2 tid 105988
492 5 tid 105988
166 tid 105988
Insert  tid 105988
FindTargetPageId rootid 3 tid 105986
target_page_id id: 5 tid 105986
0 1 tid 105986
128 4 tid 105986
365 2 tid 105986
492 5 tid 105986
166 tid 105986
Insert  tid 105986
FindTargetPageId rootid 3 tid 105987
target_page_id id: 5 tid 105987
0 1 tid 105987
128 4 tid 105987
365 2 tid 105987
492 5 tid 105987
167 tid 105987
Remove  tid 105987
FindTargetPageId rootid 3 tid 105988
target_page_id id: 5 tid 105988
0 1 tid 105988
128 4 tid 105988
365 2 tid 105988
492 5 tid 105988
167 tid 105988
Insert  tid 105988
FindTargetPageId rootid 3 tid 105986
target_page_id id: 5 tid 105986
0 1 tid 105986
128 4 tid 105986
365 2 tid 105986
492 5 tid 105986
167 tid 105986
FindTargetPageId rootid 3 tid 105987
target_page_id id: 5 tid 105987
0 1 tid 105987
128 4 tid 105987
365 2 tid 105987
492 5 tid 105987
168 tid 105987
Insert  tid 105986
Remove  tid 105987
FindTargetPageId rootid 3 tid 105988
target_page_id id: 5 tid 105988
0 1 tid 105988
128 4 tid 105988
365 2 tid 105988
492 5 tid 105988
168 tid 105988
Insert  tid 105988
FindTargetPageId rootid 3 tid 105986
target_page_id id: 5 tid 105986
0 1 tid 105986
128 4 tid 105986
365 2 tid 105986
492 5 tid 105986
168 tid 105986
Insert  tid 105986
FindTargetPageId rootid 3 tid 105987
target_page_id id: 5 tid 105987
0 1 tid 105987
128 4 tid 105987
365 2 tid 105987
492 5 tid 105987
169 tid 105987
Remove  tid 105987
FindTargetPageId rootid 3 tid 105988
target_page_id id: 5 tid 105988
0 1 tid 105988
128 4 tid 105988
365 2 tid 105988
492 5 tid 105988
169 tid 105988
Insert  tid 105988
FindTargetPageId rootid 3 tid 105986
target_page_id id: 5 tid 105986
0 1 tid 105986
128 4 tid 105986
365 2 tid 105986
492 5 tid 105986
169 tid 105986
Insert  tid 105986
FindTargetPageId rootid 3 tid 105987
target_page_id id: 5 tid 105987
0 1 tid 105987
128 4 tid 105987
365 2 tid 105987
492 5 tid 105987
170 tid 105987
Remove  tid 105987
FindTargetPageId rootid 3 tid 105988
target_page_id id: 5 tid 105988
0 1 tid 105988
128 4 tid 105988
365 2 tid 105988
492 5 tid 105988
170 tid 105988
Insert  tid 105988
FindTargetPageId rootid 3 tid 105986
target_page_id id: 5 tid 105986
0 1 tid 105986
128 4 tid 105986
365 2 tid 105986
492 5 tid 105986
170 tid 105986
Insert  tid 105986
FindTargetPageId rootid 3 tid 105987
target_page_id id: 5 tid 105987
0 1 tid 105987
128 4 tid 105987
365 2 tid 105987
492 5 tid 105987
171 tid 105987
Remove  tid 105987
FindTargetPageId rootid 3 tid 105988
target_page_id id: 5 tid 105988
0 1 tid 105988
128 4 tid 105988
365 2 tid 105988
492 5 tid 105988
171 tid 105988
Insert  tid 105988
FindTargetPageId rootid 3 tid 105986
target_page_id id: 5 tid 105986
0 1 tid 105986
128 4 tid 105986
365 2 tid 105986
492 5 tid 105986
171 tid 105986
Insert  tid 105986
FindTargetPageId rootid 3 tid 105987
target_page_id id: 5 tid 105987
0 1 tid 105987
128 4 tid 105987
365 2 tid 105987
492 5 tid 105987
172 tid 105987
Remove  tid 105987
FindTargetPageId rootid 3 tid 105988
target_page_id id: 5 tid 105988
0 1 tid 105988
128 4 tid 105988
365 2 tid 105988
492 5 tid 105988
172 tid 105988
Insert  tid 105988
FindTargetPageId rootid 3 tid 105986
target_page_id id: 5 tid 105986
0 1 tid 105986
128 4 tid 105986
365 2 tid 105986
492 5 tid 105986
172 tid 105986
Insert  tid 105986
FindTargetPageId rootid 3 tid 105987
target_page_id id: 5 tid 105987
0 1 tid 105987
128 4 tid 105987
365 2 tid 105987
492 5 tid 105987
173 tid 105987
Remove  tid 105987
FindTargetPageId rootid 3 tid 105988
target_page_id id: 5 tid 105988
0 1 tid 105988
128 4 tid 105988
365 2 tid 105988
492 5 tid 105988
173 tid 105988
Insert  tid 105988
FindTargetPageId rootid 3 tid 105986
target_page_id id: 5 tid 105986
0 1 tid 105986
128 4 tid 105986
365 2 tid 105986
492 5 tid 105986
173 tid 105986
Insert  tid 105986
FindTargetPageId rootid 3 tid 105987
target_page_id id: 5 tid 105987
0 1 tid 105987
128 4 tid 105987
365 2 tid 105987
492 5 tid 105987
174 tid 105987
Remove  tid 105987
FindTargetPageId rootid 3 tid 105988
target_page_id id: 5 tid 105988
0 1 tid 105988
128 4 tid 105988
365 2 tid 105988
492 5 tid 105988
174 tid 105988
Insert  tid 105988
FindTargetPageId rootid 3 tid 105986
target_page_id id: 5 tid 105986
0 1 tid 105986
128 4 tid 105986
365 2 tid 105986
492 5 tid 105986
174 tid 105986
Insert  tid 105986
FindTargetPageId rootid 3 tid 105987
target_page_id id: 5 tid 105987
0 1 tid 105987
128 4 tid 105987
365 2 tid 105987
492 5 tid 105987
175 tid 105987
Remove  tid 105987
FindTargetPageId rootid 3 tid 105988
target_page_id id: 5 tid 105988
0 1 tid 105988
128 4 tid 105988
365 2 tid 105988
492 5 tid 105988
175 tid 105988
Insert  tid 105988
FindTargetPageId rootid 3 tid 105986
target_page_id id: 5 tid 105986
0 1 tid 105986
128 4 tid 105986
365 2 tid 105986
492 5 tid 105986
175 tid 105986
Insert  tid 105986
FindTargetPageId rootid 3 tid 105987
target_page_id id: 5 tid 105987
0 1 tid 105987
128 4 tid 105987
365 2 tid 105987
492 5 tid 105987
176 tid 105987
Remove  tid 105987
FindTargetPageId rootid 3 tid 105988
target_page_id id: 5 tid 105988
0 1 tid 105988
128 4 tid 105988
365 2 tid 105988
492 5 tid 105988
176 tid 105988
Insert  tid 105988
FindTargetPageId rootid 3 tid 105986
target_page_id id: 5 tid 105986
0 1 tid 105986
128 4 tid 105986
365 2 tid 105986
492 5 tid 105986
176 tid 105986
Insert  tid 105986
FindTargetPageId rootid 3 tid 105987
target_page_id id: 5 tid 105987
0 1 tid 105987
128 4 tid 105987
365 2 tid 105987
492 5 tid 105987
177 tid 105987
Remove  tid 105987
FindTargetPageId rootid 3 tid 105988
target_page_id id: 5 tid 105988
0 1 tid 105988
128 4 tid 105988
365 2 tid 105988
492 5 tid 105988
177 tid 105988
Insert  tid 105988
FindTargetPageId rootid 3 tid 105986
target_page_id id: 5 tid 105986
0 1 tid 105986
128 4 tid 105986
365 2 tid 105986
492 5 tid 105986
177 tid 105986
FindTargetPageId rootid 3 tid 105987
target_page_id id: 5 tid 105987
0 1 tid 105987
128 4 tid 105987
365 2 tid 105987
492 5 tid 105987
178 tid 105987
Insert  tid 105986
Remove  tid 105987
FindTargetPageId rootid 3 tid 105988
target_page_id id: 5 tid 105988
0 1 tid 105988
128 4 tid 105988
365 2 tid 105988
492 5 tid 105988
178 tid 105988
Insert  tid 105988
FindTargetPageId rootid 3 tid 105986
target_page_id id: 5 tid 105986
0 1 tid 105986
128 4 tid 105986
365 2 tid 105986
492 5 tid 105986
178 tid 105986
Insert  tid 105986
FindTargetPageId rootid 3 tid 105987
target_page_id id: 5 tid 105987
0 1 tid 105987
128 4 tid 105987
365 2 tid 105987
492 5 tid 105987
179 tid 105987
Remove  tid 105987
FindTargetPageId rootid 3 tid 105988
target_page_id id: 5 tid 105988
0 1 tid 105988
128 4 tid 105988
365 2 tid 105988
492 5 tid 105988
179 tid 105988
Insert  tid 105988
FindTargetPageId rootid 3 tid 105986
target_page_id id: 5 tid 105986
0 1 tid 105986
128 4 tid 105986
365 2 tid 105986
492 5 tid 105986
179 tid 105986
Insert  tid 105986
FindTargetPageId rootid 3 tid 105987
target_page_id id: 5 tid 105987
0 1 tid 105987
128 4 tid 105987
365 2 tid 105987
492 5 tid 105987
180 tid 105987
Remove  tid 105987
FindTargetPageId rootid 3 tid 105988
target_page_id id: 5 tid 105988
0 1 tid 105988
128 4 tid 105988
365 2 tid 105988
492 5 tid 105988
180 tid 105988
Insert  tid 105988
FindTargetPageId rootid 3 tid 105986
target_page_id id: 5 tid 105986
0 1 tid 105986
128 4 tid 105986
365 2 tid 105986
492 5 tid 105986
180 tid 105986
FindTargetPageId rootid Insert 3 tid  tid 105987
105986target_page_id id: 5 tid 105987
0 1 tid 105987
128 4 tid 105987
365 2 tid 105987
492 5 tid 105987
181 tid 105987

Remove  tid 105987
FindTargetPageId rootid 3 tid 105988
target_page_id id: 5 tid 105988
0 1 tid 105988
128 4 tid 105988
365 2 tid 105988
492 5 tid 105988
181 tid 105988
Insert  tid 105988
FindTargetPageId rootid 3 tid 105986
target_page_id id: 5 tid 105986
0 1 tid 105986
128 4 tid 105986
365 2 tid 105986
492 5 tid 105986
181 tid 105986
Insert  tid 105986
FindTargetPageId rootid 3 tid 105987
target_page_id id: 5 tid 105987
0 1 tid 105987
128 4 tid 105987
365 2 tid 105987
492 5 tid 105987
182 tid 105987
Remove  tid 105987
FindTargetPageId rootid 3 tid 105988
target_page_id id: 5 tid 105988
0 1 tid 105988
128 4 tid 105988
365 2 tid 105988
492 5 tid 105988
182 tid 105988
Insert  tid 105988
FindTargetPageId rootid 3 tid 105988
target_page_id id: 5 tid 105988
0 1 tid 105988
128 4 tid 105988
365 2 tid 105988
492 5 tid 105988
182 tid 105988
Insert  tid 105988
FindTargetPageId rootid 3 tid 105988
target_page_id id: 5 tid 105988
0 1 tid 105988
128 4 tid 105988
365 2 tid 105988
492 5 tid 105988
182 tid 105988
Insert  tid 105988
FindTargetPageId rootid 3 tid 105987
target_page_id id: 5 tid 105987
0 1 tid 105987
128 4 tid 105987
365 2 tid 105987
492 5 tid 105987
182 tid 105987
Remove  tid 105987
FindTargetPageId rootid 3 tid 105986
target_page_id id: 5 tid 105986
0 1 tid 105986
128 4 tid 105986
365 2 tid 105986
492 5 tid 105986
182 tid 105986
Insert  tid 105986
FindTargetPageId rootid 3 tid 105988
target_page_id id: 5 tid 105988
0 1 tid 105988
128 4 tid 105988
365 2 tid 105988
492 5 tid 105988
183 tid 105988
Insert  tid 105988
FindTargetPageId rootid 3 tid 105987
target_page_id id: 5 tid 105987
0 1 tid 105987
128 4 tid 105987
365 2 tid 105987
492 5 tid 105987
183 tid 105987
Remove  tid 105987
FindTargetPageId rootid 3 tid 105986
target_page_id id: 5 tid 105986
0 1 tid 105986
128 4 tid 105986
365 2 tid 105986
492 5 tid 105986
183 tid 105986
Insert  tid 105986
FindTargetPageId rootid 3 tid 105988
target_page_id id: 5 tid 105988
0 1 tid 105988
128 4 tid 105988
365 2 tid 105988
492 5 tid 105988
184 tid 105988
Insert  tid 105988
FindTargetPageId rootid 3 tid 105987
target_page_id id: 5 tid 105987
0 1 tid 105987
128 4 tid 105987
365 2 tid 105987
492 5 tid 105987
184 tid 105987
Remove  tid 105987
FindTargetPageId rootid 3 tid 105986
target_page_id id: 5 tid 105986
0 1 tid 105986
128 4 tid 105986
365 2 tid 105986
492 5 tid 105986
184 tid 105986
Insert  tid 105986
FindTargetPageId rootid 3 tid 105988
target_page_id id: 5 tid 105988
0 1 tid 105988
128 4 tid 105988
365 2 tid 105988
492 5 tid 105988
185 tid 105988
Insert  tid 105988
FindTargetPageId rootid 3 tid 105987
target_page_id id: 5 tid 105987
0 1 tid 105987
128 4 tid 105987
365 2 tid 105987
492 5 tid 105987
185 tid 105987
Remove  tid 105987
FindTargetPageId rootid 3 tid 105986
target_page_id id: 5 tid 105986
0 1 tid 105986
128 4 tid 105986
365 2 tid 105986
492 5 tid 105986
185 tid 105986
Insert  tid 105986
FindTargetPageId rootid 3 tid 105988
target_page_id id: 5 tid 105988
0 1 tid 105988
128 4 tid 105988
365 2 tid 105988
492 5 tid 105988
186 tid 105988
Insert  tid 105988
FindTargetPageId rootid 3 tid 105987
target_page_id id: 5 tid 105987
0 1 tid 105987
128 4 tid 105987
365 2 tid 105987
492 5 tid 105987
186 tid 105987
Remove  tid 105987
FindTargetPageId rootid 3 tid 105986
target_page_id id: 5 tid 105986
0 1 tid 105986
128 4 tid 105986
365 2 tid 105986
492 5 tid 105986
186 tid 105986
Insert  tid 105986
FindTargetPageId rootid 3 tid 105988
target_page_id id: 5 tid 105988
0 1 tid 105988
128 4 tid 105988
365 2 tid 105988
492 5 tid 105988
187 tid 105988
Insert  tid 105988
FindTargetPageId rootid 3 tid 105987
target_page_id id: 5 tid 105987
0 1 tid 105987
128 4 tid 105987
365 2 tid 105987
492 5 tid 105987
187 tid 105987
Remove  tid 105987
FindTargetPageId rootid 3 tid 105986
target_page_id id: 5 tid 105986
0 1 tid 105986
128 4 tid 105986
365 2 tid 105986
492 5 tid 105986
187 tid 105986
Insert  tid 105986
FindTargetPageId rootid 3 tid 105988
target_page_id id: 5 tid 105988
0 1 tid 105988
128 4 tid 105988
365 2 tid 105988
492 5 tid 105988
188 tid 105988
Insert  tid 105988
FindTargetPageId rootid 3 tid 105987
target_page_id id: 5 tid 105987
0 1 tid 105987
128 4 tid 105987
365 2 tid 105987
492 5 tid 105987
188 tid 105987
Remove  tid 105987
FindTargetPageId rootid 3 tid 105986
target_page_id id: 5 tid 105986
0 1 tid 105986
128 4 tid 105986
365 2 tid 105986
492 5 tid 105986
188 tid 105986
Insert  tid 105986
FindTargetPageId rootid 3 tid 105988
target_page_id id: 5 tid 105988
0 1 tid 105988
128 4 tid 105988
365 2 tid 105988
492 5 tid 105988
189 tid 105988
FindTargetPageId rootid 3 tid 105987
target_page_id id: 5 tid 105987
0Insert  tid 105988 
1 tid 105987
128 4 tid 105987
365 2 tid 105987
492 5 tid 105987
189 tid 105987
Remove  tid 105987
FindTargetPageId rootid 3 tid 105986
target_page_id id: 5 tid 105986
0 1 tid 105986
128 4 tid 105986
365 2 tid 105986
492 5 tid 105986
189 tid 105986
Insert  tid 105986
FindTargetPageId rootid 3 tid 105988
target_page_id id: 5 tid 105988
0 1 tid 105988
128 4 tid 105988
365 2 tid 105988
492 5 tid 105988
190 tid 105988
Insert  tid 105988
FindTargetPageId rootid 3 tid 105987
target_page_id id: 5 tid 105987
0 1 tid 105987
128 4 tid 105987
365 2 tid 105987
492 5 tid 105987
190 tid 105987
Remove  tid FindTargetPageId rootid 3 tid 105987
105986
target_page_id id: 5 tid 105986
0 1 tid 105986
128 4 tid 105986
365 2 tid 105986
492 5 tid 105986
190 tid 105986
Insert  tid 105986
FindTargetPageId rootid 3 tid 105988
target_page_id id: 5 tid 105988
0 1 tid 105988
128 4 tid 105988
365 2 tid 105988
492 5 tid 105988
191 tid 105988
Insert  tid 105988
FindTargetPageId rootid 3 tid 105987
target_page_id id: 5 tid 105987
0 1 tid 105987
128 4 tid 105987
365 2 tid 105987
492 5 tid 105987
191 tid 105987
FindTargetPageId rootid 3 tid 105986
target_page_id id: 5 tid 105986
0 1 tid 105986
128 4 tid 105986
365 2 tid 105986
492 5 tid 105986
191 tid 105986
Remove  tid 105987
Insert  tid 105986
FindTargetPageId rootid 3 tid 105988
target_page_id id: 5 tid 105988
0 1 tid 105988
128 4 tid 105988
365 2 tid 105988
492 5 tid 105988
192 tid 105988
Insert  tid 105988
FindTargetPageId rootid 3 tid 105988
target_page_id id: 5 tid 105988
0 1 tid 105988
128 4 tid 105988
365 2 tid 105988
492 5 tid 105988
192 tid 105988
Insert  tid 105988
FindTargetPageId rootid 3 tid 105988
target_page_id id: 5 tid 105988
0 1 tid 105988
128 4 tid 105988
365 2 tid 105988
492 5 tid 105988
192 tid 105988
Insert  tid 105988
FindTargetPageId rootid 3 tid 105988
target_page_id id: 5 tid 105988
0 1 tid 105988
128 4 tid 105988
365 2 tid 105988
492 5 tid 105988
192 tid 105988
Insert  tid 105988
FindTargetPageId rootid 3 tid 105988
target_page_id id: 5 tid 105988
0 1 tid 105988
128 4 tid 105988
365 2 tid 105988
492 5 tid 105988
192 tid 105988
Insert  tid 105988
FindTargetPageId rootid 3 tid 105988
target_page_id id: 5 tid 105988
0 1 tid 105988
128 4 tid 105988
365 2 tid 105988
492 5 tid 105988
192 tid 105988
Insert  tid 105988
FindTargetPageId rootid 3 tid 105987
target_page_id id: 5 tid 105987
0 1 tid 105987
128 4 tid 105987
365 2 tid 105987
492 5 tid 105987
192 tid 105987
Remove  tid 105987
FindTargetPageId rootid 3 tid 105987
target_page_id id: 5 tid 105987
0 1 tid 105987
128 4 tid 105987
365 2 tid 105987
492 5 tid 105987
192 tid 105987
Remove  tid 105987
FindTargetPageId rootid 3 tid 105987
target_page_id id: 5 tid 105987
0 1 tid 105987
128 4 tid 105987
365 2 tid 105987
492 5 tid 105987
192 tid 105987
Remove  tid 105987
FindTargetPageId rootid 3 tid 105987
target_page_id id: 5 tid 105987
0 1 tid 105987
128 4 tid 105987
365 2 tid 105987
492 5 tid 105987
192 tid 105987
Remove  tid 105987
FindTargetPageId rootid 3 tid 105987
target_page_id id: 5 tid 105987
0 1 tid 105987
128 4 tid 105987
365 2 tid 105987
492 5 tid 105987
192 tid 105987
Remove  tid 105987
FindTargetPageId rootid 3 tid 105986
target_page_id id: 5 tid 105986
0 1 tid 105986
128 4 tid 105986
365 2 tid 105986
492 5 tid 105986
192 tid 105986
Insert  tid 105986
FindTargetPageId rootid 3 tid 105988
target_page_id id: 5 tid 105988
0 1 tid 105988
128 4 tid 105988
365 2 tid 105988
492 5 tid 105988
193 tid 105988
Insert  tid 105988
FindTargetPageId rootid 3 tid 105987
target_page_id id: 5 tid 105987
0 1 tid 105987
128 4 tid 105987
365 2 tid 105987
492 5 tid 105987
193 tid 105987
Remove  tid 105987
FindTargetPageId rootid 3 tid 105986
target_page_id id: 5 tid 105986
0 1 tid 105986
128 4 tid 105986
365 2 tid 105986
492 5 tid 105986
193 tid 105986
Insert  tid 105986
FindTargetPageId rootid 3 tid 105988
target_page_id id: 5 tid 105988
0 1 tid 105988
128 4 tid 105988
365 2 tid 105988
492 5 tid 105988
194 tid 105988
Insert  tid 105988
FindTargetPageId rootid 3 tid 105988
target_page_id id: 5 tid 105988
0 1 tid 105988
128 4 tid 105988
365 2 tid 105988
492 5 tid 105988
194 tid 105988
Insert  tid 105988
FindTargetPageId rootid 3 tid 105988
target_page_id id: 5 tid 105988
0 1 tid 105988
128 4 tid 105988
365 2 tid 105988
492 5 tid 105988
194 tid 105988
Insert  tid 105988
FindTargetPageId rootid 3 tid 105988
target_page_id id: 5 tid 105988
0 1 tid 105988
128 4 tid 105988
365 2 tid 105988
492 5 tid 105988
194 tid 105988
Insert  tid 105988
FindTargetPageId rootid 3 tid 105988
target_page_id id: 5 tid 105988
0 1 tid 105988
128 4 tid 105988
365 2 tid 105988
492 5 tid 105988
194 tid 105988
Insert  tid 105988
FindTargetPageId rootid 3 tid 105987
target_page_id id: 5 tid 105987
0 1 tid 105987
128 4 tid 105987
365 2 tid 105987
492 5 tid 105987
194 tid 105987
Remove  tid 105987
FindTargetPageId rootid 3 tid 105986
target_page_id id: 5 tid 105986
0 1 tid 105986
128 4 tid 105986
365 2 tid 105986
492 5 tid 105986
194 tid 105986
Insert  tid 105986
FindTargetPageId rootid 3 tid 105988
target_page_id id: 5 tid 105988
0 1 tid 105988
128 4 tid 105988
365 2 tid 105988
492 5 tid 105988
195 tid 105988
Insert  tid 105988
FindTargetPageId rootid 3 tid 105987
target_page_id id: 5 tid 105987
0 1 tid 105987
128 4 tid 105987
365 2 tid 105987
492 5 tid 105987
195 tid 105987
Remove  tid 105987
FindTargetPageId rootid 3 tid 105986
target_page_id id: 5 tid 105986
0 1 tid 105986
128 4 tid 105986
365 2 tid 105986
492 5 tid 105986
195 tid 105986
Insert  tid 105986
FindTargetPageId rootid 3 tid 105988
target_page_id id: 5 tid 105988
0 1 tid 105988
128 4 tid 105988
365 2 tid 105988
492 5 tid 105988
196 tid 105988
Insert  tid 105988
FindTargetPageId rootid 3 tid 105987
target_page_id id: 5 tid 105987
0 1 tid 105987
128 4 tid 105987
365 2 tid 105987
492 5 tid 105987
196 tid 105987
Remove  tid 105987
FindTargetPageId rootid 3 tid 105986
target_page_id id: 5 tid 105986
0 1 tid 105986
128 4 tid 105986
365 2 tid 105986
492 5 tid 105986
196 tid 105986
Insert  tid 105986
FindTargetPageId rootid 3 tid 105988
target_page_id id: 5 tid 105988
0 1 tid 105988
128 4 tid 105988
365 2 tid 105988
492 5 tid 105988
197 tid 105988
Insert  tid 105988
FindTargetPageId rootid 3 tid 105987
target_page_id id: 5 tid 105987
0 1 tid 105987
128 4 tid 105987
365 2 tid 105987
492 5 tid 105987
197 tid 105987
Remove  tid 105987
FindTargetPageId rootid 3 tid 105986
target_page_id id: 5 tid 105986
0 1 tid 105986
128 4 tid 105986
365 2 tid 105986
492 5 tid 105986
197 tid 105986
Insert  tid 105986
FindTargetPageId rootid 3 tid 105986
target_page_id id: 5 tid 105986
0 1 tid 105986
128 4 tid 105986
365 2 tid 105986
492 5 tid 105986
198 tid 105986
Insert  tid 105986
FindTargetPageId rootid 3 tid 105987
target_page_id id: 5 tid 105987
0 1 tid 105987
128 4 tid 105987
365 2 tid 105987
492 5 tid 105987
199 tid 105987
Remove  tid 105987
FindTargetPageId rootid 3 tid 105988
target_page_id id: 5 tid 105988
0 1 tid 105988
128 4 tid 105988
365 2 tid 105988
492 5 tid 105988
199 tid 105988
Insert  tid 105988
FindTargetPageId rootid 3 tid 105986
target_page_id id: 5 tid 105986
0 1 tid 105986
128 4 tid 105986
365 2 tid 105986
492 5 tid 105986
199 tid 105986
Insert  tid 105986
FindTargetPageId rootid 3 tid 105987
target_page_id id: 5 tid 105987
0 1 tid 105987
128 4 tid 105987
365 2 tid 105987
492 5 tid 105987
200 tid 105987
Remove  tid 105987
FindTargetPageId rootid 3 tid 105988
target_page_id id: 5 tid 105988
0 1 tid 105988
128 4 tid 105988
365 2 tid 105988
492 5 tid 105988
200 tid 105988
Insert  tid 105988
FindTargetPageId rootid 3 tid 105986
target_page_id id: 5 tid 105986
0 1 tid 105986
128 4 tid 105986
365 2 tid 105986
492 5 tid 105986
200 tid 105986
Insert  tid 105986
FindTargetPageId rootid 3 tid 105987
target_page_id id: 5 tid 105987
0 1 tid 105987
128 4 tid 105987
365 2 tid 105987
492 5 tid 105987
201 tid 105987
Remove  tid 105987
FindTargetPageId rootid 3 tid 105988
target_page_id id: 5 tid 105988
0 1 tid 105988
128 4 tid 105988
365 2 tid 105988
492 5 tid 105988
201 tid 105988
Insert  tid 105988
FindTargetPageId rootid 3 tid 105986
target_page_id id: 5 tid 105986
0 1 tid 105986
128 4 tid 105986
365 2 tid 105986
492 5 tid 105986
201 tid 105986
Insert  tid 105986
FindTargetPageId rootid 3 tid 105987
target_page_id id: 5 tid 105987
0 1 tid 105987
128 4 tid 105987
365 2 tid 105987
492 5 tid 105987
202 tid 105987
Remove  tid 105987
FindTargetPageId rootid 3 tid 105988
target_page_id id: 5 tid 105988
0 1 tid 105988
128 4 tid 105988
365 2 tid 105988
492 5 tid 105988
202 tid 105988
Insert  tid 105988
FindTargetPageId rootid 3 tid 105988
target_page_id id: 5 tid 105988
0 1 tid 105988
128 4 tid 105988
365 2 tid 105988
492 5 tid 105988
202 tid 105988
Insert  tid 105988
FindTargetPageId rootid 3 tid 105988
target_page_id id: 5 tid 105988
0 1 tid 105988
128 4 tid 105988
365 2 tid 105988
492 5 tid 105988
202 tid 105988
Insert  tid 105988
FindTargetPageId rootid 3 tid 105988
target_page_id id: 5 tid 105988
0 1 tid 105988
128 4 tid 105988
365 2 tid 105988
492 5 tid 105988
202 tid 105988
Insert  tid 105988
FindTargetPageId rootid 3 tid 105988
target_page_id id: 5 tid 105988
0 1 tid 105988
128 4 tid 105988
365 2 tid 105988
492 5 tid 105988
202 tid 105988
Insert  tid 105988
FindTargetPageId rootid 3 tid 105988
target_page_id id: 5 tid 105988
0 1 tid 105988
128 4 tid 105988
365 2 tid 105988
492 5 tid 105988
202 tid 105988
Insert  tid 105988
FindTargetPageId rootid 3 tid 105988
target_page_id id: 5 tid 105988
0 1 tid 105988
128 4 tid 105988
365 2 tid 105988
492 5 tid 105988
202 tid 105988
Insert  tid 105988
FindTargetPageId rootid 3 tid 105988
target_page_id id: 5 tid 105988
0 1 tid 105988
128 4 tid 105988
365 2 tid 105988
492 5 tid 105988
202 tid 105988
Insert  tid 105988
FindTargetPageId rootid 3 tid 105988
target_page_id id: 5 tid 105988
0 1 tid 105988
128 4 tid 105988
365 2 tid 105988
492 5 tid 105988
202 tid 105988
Insert  tid 105988
FindTargetPageId rootid 3 tid 105988
target_page_id id: 5 tid 105988
0 1 tid 105988
128 4 tid 105988
365 2 tid 105988
492 5 tid 105988
202 tid 105988
Insert  tid 105988
FindTargetPageId rootid 3 tid 105988
target_page_id id: 5 tid 105988
0 1 tid 105988
128 4 tid 105988
365 2 tid 105988
492 5 tid 105988
202 tid 105988
Insert  tid 105988
FindTargetPageId rootid 3 tid 105988
target_page_id id: 5 tid 105988
0 1 tid 105988
128 4 tid 105988
365 2 tid 105988
492 5 tid 105988
202 tid 105988
Insert  tid 105988
FindTargetPageId rootid 3 tid 105988
target_page_id id: 5 tid 105988
0 1 tid 105988
128 4 tid 105988
365 2 tid 105988
492 5 tid 105988
202 tid 105988
Insert  tid 105988
FindTargetPageId rootid 3 tid 105988
target_page_id id: 5 tid 105988
0 1 tid 105988
128 4 tid 105988
365 2 tid 105988
492 5 tid 105988
202 tid 105988
Insert  tid 105988
FindTargetPageId rootid 3 tid 105988
target_page_id id: 5 tid 105988
0 1 tid 105988
128 4 tid 105988
365 2 tid 105988
492 5 tid 105988
202 tid 105988
Insert  tid 105988
FindTargetPageId rootid 3 tid 105988
target_page_id id: 5 tid 105988
0 1 tid 105988
128 4 tid 105988
365 2 tid 105988
492 5 tid 105988
202 tid 105988
Insert  tid 105988
FindTargetPageId rootid 3 tid 105986
target_page_id id: 5 tid 105986
0 1 tid 105986
128 4 tid 105986
365 2 tid 105986
492 5 tid 105986
202 tid 105986
Insert  tid 105986
FindTargetPageId rootid 3 tid 105987
target_page_id id: 5 tid 105987
0 1 tid 105987
128 4 tid 105987
365 2 tid 105987
492 5 tid 105987
203 tid 105987
Remove  tid 105987
FindTargetPageId rootid 3 tid 105988
target_page_id id: 5 tid 105988
0 1 tid 105988
128 4 tid 105988
365 2 tid 105988
492 5 tid 105988
203 tid 105988
Insert  tid 105988
FindTargetPageId rootid 3 tid 105986
target_page_id id: 5 tid 105986
0 1 tid 105986
128 4 tid 105986
365 2 tid 105986
492 5 tid 105986
203 tid 105986
Insert  tid 105986
FindTargetPageId rootid 3 tid 105987
target_page_id id: 5 tid 105987
0 1 tid 105987
128 4 tid 105987
365 2 tid 105987
492 5 tid 105987
204 tid 105987
Remove  tid 105987
FindTargetPageId rootid 3 tid 105988
target_page_id id: 5 tid 105988
0 1 tid 105988
128 4 tid 105988
365 2 tid 105988
492 5 tid 105988
204 tid 105988
Insert  tid 105988
FindTargetPageId rootid 3 tid 105986
target_page_id id: 5 tid 105986
0 1 tid 105986
128 4 tid 105986
365 2 tid 105986
492 5 tid 105986
204 tid 105986
Insert  tid 105986
FindTargetPageId rootid 3 tid 105987
target_page_id id: 5 tid 105987
0 1 tid 105987
128 4 tid 105987
365 2 tid 105987
492 5 tid 105987
205 tid 105987
Remove  tid 105987
FindTargetPageId rootid 3 tid 105988
target_page_id id: 5 tid 105988
0 1 tid 105988
128 4 tid 105988
365 2 tid 105988
492 5 tid 105988
205 tid 105988
Insert  tid 105988
FindTargetPageId rootid 3 tid 105986
target_page_id id: 5 tid 105986
0 1 tid 105986
128 4 tid 105986
365 2 tid 105986
492 5 tid 105986
205 tid 105986
Insert  tid 105986
FindTargetPageId rootid 3 tid 105987
target_page_id id: 5 tid 105987
0 1 tid 105987
128 4 tid 105987
365 2 tid 105987
492 5 tid 105987
206 tid 105987
Remove  tid 105987
FindTargetPageId rootid 3 tid 105988
target_page_id id: 5 tid 105988
0 1 tid 105988
128 4 tid 105988
365 2 tid 105988
492 5 tid 105988
206 tid 105988
Insert  tid 105988
FindTargetPageId rootid 3 tid 105986
target_page_id id: 5 tid 105986
0 1 tid 105986
128 4 tid 105986
365 2 tid 105986
492 5 tid 105986
206 tid 105986
Insert  tid 105986
FindTargetPageId rootid 3 tid 105986
target_page_id id: 5 tid 105986
0 1 tid 105986
128 4 tid 105986
365 2 tid 105986
492 5 tid 105986
207 tid 105986
Insert  tid 105986
FindTargetPageId rootid 3 tid 105988
target_page_id id: 5 tid 105988
0 1 tid 105988
128 4 tid 105988
365 2 tid 105988
492 5 tid 105988
208 tid 105988
Insert  tid 105988
FindTargetPageId rootid 3 tid 105987
target_page_id id: 5 tid 105987
0 1 tid 105987
128 4 tid 105987
365 2 tid 105987
492 5 tid 105987
208 tid 105987
Remove  tid 105987
FindTargetPageId rootid 3 tid 105987
target_page_id id: 5 tid 105987
0 1 tid 105987
128 4 tid 105987
365 2 tid 105987
492 5 tid 105987
208 tid 105987
Remove  tid 105987
FindTargetPageId rootid 3 tid 105987
target_page_id id: 5 tid 105987
0 1 tid 105987
128 4 tid 105987
365 2 tid 105987
492 5 tid 105987
208 tid 105987
Remove  tid 105987
FindTargetPageId rootid 3 tid 105987
target_page_id id: 5 tid 105987
0 1 tid 105987
128 4 tid 105987
365 2 tid 105987
492 5 tid 105987
208 tid 105987
Remove  tid 105987
FindTargetPageId rootid 3 tid 105986
target_page_id id: 5 tid 105986
0 1 tid 105986
128 4 tid 105986
365 2 tid 105986
492 5 tid 105986
208 tid 105986
Insert  tid 105986
FindTargetPageId rootid 3 tid 105986
target_page_id id: 5 tid 105986
0 1 tid 105986
128 4 tid 105986
365 2 tid 105986
492 5 tid 105986
209 tid 105986
Insert  tid 105986
FindTargetPageId rootid 3 tid 105987
target_page_id id: 5 tid 105987
0 1 tid 105987
128 4 tid 105987
365 2 tid 105987
492 5 tid 105987
210 tid 105987
Remove  tid 105987
FindTargetPageId rootid 3 tid 105987
target_page_id id: 5 tid 105987
0 1 tid 105987
128 4 tid 105987
365 2 tid 105987
492 5 tid 105987
210 tid 105987
Remove  tid 105987
FindTargetPageId rootid 3 tid 105987
target_page_id id: 5 tid 105987
0 1 tid 105987
128 4 tid 105987
365 2 tid 105987
492 5 tid 105987
210 tid 105987
Remove  tid 105987
FindTargetPageId rootid 3 tid 105988
target_page_id id: 5 tid 105988
0 1 tid 105988
128 4 tid 105988
365 2 tid 105988
492 5 tid 105988
210 tid 105988
Insert  tid 105988
FindTargetPageId rootid 3 tid 105988
target_page_id id: 5 tid 105988
0 1 tid 105988
128 4 tid 105988
365 2 tid 105988
492 5 tid 105988
210 tid 105988
Insert  tid 105988
FindTargetPageId rootid 3 tid 105988
target_page_id id: 5 tid 105988
0 1 tid 105988
128 4 tid 105988
365 2 tid 105988
492 5 tid 105988
210 tid 105988
Insert  tid 105988
FindTargetPageId rootid 3 tid 105986
target_page_id id: 5 tid 105986
0 1 tid 105986
128 4 tid 105986
365 2 tid 105986
492 5 tid 105986
210 tid 105986
Insert  tid 105986
FindTargetPageId rootid 3 tid 105987
target_page_id id: 5 tid 105987
0 1 tid 105987
128 4 tid 105987
365 2 tid 105987
492 5 tid 105987
211 tid 105987
Remove  tid 105987
FindTargetPageId rootid 3 tid 105988
target_page_id id: 5 tid 105988
0 1 tid 105988
128 4 tid 105988
365 2 tid 105988
492 5 tid 105988
211 tid 105988
Insert  tid 105988
FindTargetPageId rootid 3 tid 105986
target_page_id id: 5 tid 105986
0 1 tid 105986
128 4 tid 105986
365 2 tid 105986
492 5 tid 105986
211 tid 105986
Insert  tid 105986
FindTargetPageId rootid 3 tid 105987
target_page_id id: 5 tid 105987
0 1 tid 105987
128 4 tid 105987
365 2 tid 105987
492 5 tid 105987
212 tid 105987
Remove  tid 105987
FindTargetPageId rootid 3 tid 105988
target_page_id id: 5 tid 105988
0 1 tid 105988
128 4 tid 105988
365 2 tid 105988
492 5 tid 105988
212 tid 105988
Insert  tid 105988
FindTargetPageId rootid 3 tid 105986
target_page_id id: 5 tid 105986
0 1 tid 105986
128 4 tid 105986
365 2 tid 105986
492 5 tid 105986
212 tid 105986
Insert  tid 105986
FindTargetPageId rootid 3 tid 105987
target_page_id id: 5 tid 105987
0 1 tid 105987
128 4 tid 105987
365 2 tid 105987
492 5 tid 105987
213 tid 105987
Remove  tid FindTargetPageId rootid 1059873 tid 
105988
target_page_id id: 5 tid 105988
0 1 tid 105988
128 4 tid 105988
365 2 tid 105988
492 5 tid 105988
213 tid 105988
Insert  tid 105988
FindTargetPageId rootid 3 tid 105986
target_page_id id: 5 tid 105986
0 1 tid 105986
128 4 tid 105986
365 2 tid 105986
492 5 tid 105986
213 tid 105986
Insert  tid 105986
FindTargetPageId rootid 3 tid 105987
target_page_id id: 5 tid 105987
0 1 tid 105987
128 4 tid 105987
365 2 tid 105987
492 5 tid 105987
214 tid 105987
Remove  tid 105987
FindTargetPageId rootid 3 tid 105988
target_page_id id: 5 tid 105988
0 1 tid 105988
128 4 tid 105988
365 2 tid 105988
492 5 tid 105988
214 tid 105988
Insert  tid 105988
FindTargetPageId rootid 3 tid 105986
target_page_id id: 5 tid 105986
0 1 tid 105986
128 4 tid 105986
365 2 tid 105986
492 5 tid 105986
214 tid 105986
Insert  tid 105986
FindTargetPageId rootid 3 tid 105986
target_page_id id: 5 tid 105986
0 1 tid 105986
128 4 tid 105986
365 2 tid 105986
492 5 tid 105986
215 tid 105986
Insert  tid 105986
FindTargetPageId rootid 3 tid 105986
target_page_id id: 5 tid 105986
0 1 tid 105986
128 4 tid 105986
365 2 tid 105986
492 5 tid 105986
216 tid 105986
Insert  tid 105986
FindTargetPageId rootid 3 tid 105986
target_page_id id: 5 tid 105986
0 1 tid 105986
128 4 tid 105986
365 2 tid 105986
492 5 tid 105986
217 tid 105986
Insert  tid 105986
FindTargetPageId rootid 3 tid 105987
target_page_id id: 5 tid 105987
0 1 tid 105987
128 4 tid 105987
365 2 tid 105987
492 5 tid 105987
218 tid 105987
Remove  tid 105987
FindTargetPageId rootid 3 tid 105987
target_page_id id: 5 tid 105987
0 1 tid 105987
128 4 tid 105987
365 2 tid 105987
492 5 tid 105987
218 tid 105987
Remove  tid 105987
FindTargetPageId rootid 3 tid 105986
target_page_id id: 5 tid 105986
0 1 tid 105986
128 4 tid 105986
365 2 tid 105986
492 5 tid 105986
218 tid 105986
FindTargetPageId rootid 3 tid 105988
Insert target_page_id id:  tid 5 tid 105988105986
0 1 tid 105988
128
 4 tid 105988
365 2 tid 105988
492 5 tid 105988
219 tid 105988
Insert  tid 105988
FindTargetPageId rootid 3 tid 105987
target_page_id id: 5 tid 105987
0 1 tid 105987
128 4 tid 105987
365 2 tid 105987
492 5 tid 105987
219 tid 105987
Remove  tid 105987
FindTargetPageId rootid 3 tid 105986
target_page_id id: 5 tid 105986
0 1 tid 105986
128 4 tid 105986
365 2 tid 105986
492 5 tid 105986
219 tid 105986
Insert  tid 105986
FindTargetPageId rootid 3 tid 105988
target_page_id id: 5 tid 105988
0 1 tid 105988
128 4 tid 105988
365 2 tid 105988
492 5 tid 105988
220 tid 105988
Insert  tid 105988
FindTargetPageId rootid 3 tid 105987
target_page_id id: 5 tid 105987
0 1 tid 105987
128 4 tid 105987
365 2 tid 105987
492 5 tid 105987
220 tid 105987
Remove  tid 105987
FindTargetPageId rootid 3 tid 105986
target_page_id id: 5 tid 105986
0 1 tid 105986
128 4 tid 105986
365 2 tid 105986
492 5 tid 105986
220 tid 105986
Insert  tid 105986
FindTargetPageId rootid 3 tid 105988
target_page_id id: 5 tid 105988
0 1 tid 105988
128 4 tid 105988
365 2 tid 105988
492 5 tid 105988
221 tid 105988
Insert  tid 105988
FindTargetPageId rootid 3 tid 105987
target_page_id id: 5 tid 105987
0 1 tid 105987
128 4 tid 105987
365 2 tid 105987
492 5 tid 105987
221 tid 105987
Remove  tid 105987
FindTargetPageId rootid 3 tid 105986
target_page_id id: 5 tid 105986
0 1 tid 105986
128 4 tid 105986
365 2 tid 105986
492 5 tid 105986
221 tid 105986
Insert  tid 105986
FindTargetPageId rootid 3 tid 105988
target_page_id id: 5 tid 105988
0 1 tid 105988
128 4 tid 105988
365 2 tid 105988
492 5 tid 105988
222 tid 105988
Insert  tid 105988
FindTargetPageId rootid 3 tid 105987
target_page_id id: 5 tid 105987
0 1 tid 105987
128 4 tid 105987
365 2 tid 105987
492 5 tid 105987
222 tid 105987
Remove  tid 105987
FindTargetPageId rootid 3 tid 105986
target_page_id id: 5 tid 105986
0 1 tid 105986
128 4 tid 105986
365 2 tid 105986
492 5 tid 105986
222 tid 105986
Insert  tid 105986
FindTargetPageId rootid 3 tid 105988
target_page_id id: 5 tid 105988
0 1 tid 105988
128 4 tid 105988
365 2 tid 105988
492 5 tid 105988
223 tid 105988
Insert  tid 105988
FindTargetPageId rootid 3 tid 105987
target_page_id id: 5 tid 105987
0 1 tid 105987
128 4 tid 105987
365 2 tid 105987
492 5 tid 105987
223 tid 105987
Remove  tid 105987
FindTargetPageId rootid 3 tid 105986
target_page_id id: 5 tid 105986
0 1 tid 105986
128 4 tid 105986
365 2 tid 105986
492 5 tid 105986
223 tid 105986
Insert  tid 105986
FindTargetPageId rootid 3 tid 105988
target_page_id id: 5 tid 105988
0 1 tid 105988
128 4 tid 105988
365 2 tid 105988
492 5 tid 105988
224 tid 105988
Insert  tid 105988
FindTargetPageId rootid 3 tid 105987
target_page_id id: 5 tid 105987
0 1 tid 105987
128 4 tid 105987
365 2 tid 105987
492 5 tid 105987
224 tid 105987
Remove  tid 105987
FindTargetPageId rootid 3 tid 105986
target_page_id id: 5 tid 105986
0 1 tid 105986
128 4 tid 105986
365 2 tid 105986
492 5 tid 105986
224 tid 105986
Insert  tid 105986
FindTargetPageId rootid 3 tid 105988
target_page_id id: 5 tid 105988
0 1 tid 105988
128 4 tid 105988
365 2 tid 105988
492 5 tid 105988
225 tid 105988
Insert  tid 105988
FindTargetPageId rootid 3 tid 105987
target_page_id id: 5 tid 105987
0 1 tid 105987
128 4 tid 105987
365 2 tid 105987
492 5 tid 105987
225 tid 105987
Remove  tid 105987
FindTargetPageId rootid 3 tid 105986
target_page_id id: 5 tid 105986
0 1 tid 105986
128 4 tid 105986
365 2 tid 105986
492 5 tid 105986
225 tid 105986
Insert  tid 105986
FindTargetPageId rootid 3 tid 105988
target_page_id id: 5 tid 105988
0 1 tid 105988
128 4 tid 105988
365 2 tid 105988
492 5 tid 105988
226 tid 105988
Insert  tid 105988
FindTargetPageId rootid 3 tid 105987
target_page_id id: 5 tid 105987
0 1 tid 105987
128 4 tid 105987
365 2 tid 105987
492 5 tid 105987
226 tid 105987
Remove  tid 105987
FindTargetPageId rootid 3 tid 105987
target_page_id id: 5 tid 105987
0 1 tid 105987
128 4 tid 105987
365 2 tid 105987
492 5 tid 105987
226 tid 105987
Remove  tid 105987
FindTargetPageId rootid 3 tid 105988
target_page_id id: 5 tid 105988
0 1 tid 105988
128 4 tid 105988
365 2 tid 105988
492 5 tid 105988
226 tid 105988
Insert  tid 105988
FindTargetPageId rootid 3 tid 105986
target_page_id id: 5 tid 105986
0 1 tid 105986
128 4 tid 105986
365 2 tid 105986
492 5 tid 105986
226 tid 105986
Insert  tid 105986
FindTargetPageId rootid 3 tid 105987
target_page_id id: 5 tid 105987
0 1 tid 105987
128 4 tid 105987
365 2 tid 105987
492 5 tid 105987
227 tid 105987
Remove  tid 105987
FindTargetPageId rootid 3 tid 105988
target_page_id id: 5 tid 105988
0 1 tid 105988
128 4 tid 105988
365 2 tid 105988
492 5 tid 105988
227 tid 105988
Insert  tid 105988
FindTargetPageId rootid 3 tid 105986
target_page_id id: 5 tid 105986
0 1 tid 105986
128 4 tid 105986
365 2 tid 105986
492 5 tid 105986
227 tid 105986
Insert  tid 105986
FindTargetPageId rootid 3 tid 105987
target_page_id id: 5 tid 105987
0 1 tid 105987
128 4 tid 105987
365 2 tid 105987
492 5 tid 105987
228 tid 105987
Remove  tid 105987
FindTargetPageId rootid 3 tid 105988
target_page_id id: 5 tid 105988
0 1 tid 105988
128 4 tid 105988
365 2 tid 105988
492 5 tid 105988
228 tid 105988
Insert  tid 105988
FindTargetPageId rootid 3 tid 105986
target_page_id id: 5 tid 105986
0 1 tid 105986
128 4 tid 105986
365 2 tid 105986
492 5 tid 105986
228 tid 105986
Insert  tid 105986
FindTargetPageId rootid 3 tid 105987
target_page_id id: 5 tid 105987
0 1 tid 105987
128 4 tid 105987
365 2 tid 105987
492 5 tid 105987
229 tid 105987
Remove  tid 105987
FindTargetPageId rootid 3 tid 105988
target_page_id id: 5 tid 105988
0 1 tid 105988
128 4 tid 105988
365 2 tid 105988
492 5 tid 105988
229 tid 105988
Insert  tid 105988
FindTargetPageId rootid 3 tid 105986
target_page_id id: 5 tid 105986
0 1 tid 105986
128 4 tid 105986
365 2 tid 105986
492 5 tid 105986
229 tid 105986
Insert  tid 105986
FindTargetPageId rootid 3 tid 105987
target_page_id id: 5 tid 105987
0 1 tid 105987
128 4 tid 105987
365 2 tid 105987
492 5 tid 105987
230 tid 105987
Remove  tid 105987
FindTargetPageId rootid 3 tid 105988
target_page_id id: 5 tid 105988
0 1 tid 105988
128 4 tid 105988
365 2 tid 105988
492 5 tid 105988
230 tid 105988
Insert  tid 105988
FindTargetPageId rootid 3 tid 105988
target_page_id id: 5 tid 105988
0 1 tid 105988
128 4 tid 105988
365 2 tid 105988
492 5 tid 105988
230 tid 105988
Insert  tid 105988
FindTargetPageId rootid 3 tid 105987
target_page_id id: 5 tid 105987
0 1 tid 105987
128 4 tid 105987
365 2 tid 105987
492 5 tid 105987
230 tid 105987
Remove  tid 105987
FindTargetPageId rootid 3 tid 105987
target_page_id id: 5 tid 105987
0 1 tid 105987
128 4 tid 105987
365 2 tid 105987
492 5 tid 105987
230 tid 105987
Remove  tid 105987
FindTargetPageId rootid 3 tid 105987
target_page_id id: 5 tid 105987
0 1 tid 105987
128 4 tid 105987
365 2 tid 105987
492 5 tid 105987
230 tid 105987
Remove  tid 105987
FindTargetPageId rootid 3 tid 105987
target_page_id id: 5 tid 105987
0 1 tid 105987
128 4 tid 105987
365 2 tid 105987
492 5 tid 105987
230 tid 105987
Remove  tid 105987
FindTargetPageId rootid 3 tid 105987
target_page_id id: 5 tid 105987
0 1 tid 105987
128 4 tid 105987
365 2 tid 105987
492 5 tid 105987
230 tid 105987
Remove  tid 105987
FindTargetPageId rootid 3 tid 105987
target_page_id id: 5 tid 105987
0 1 tid 105987
128 4 tid 105987
365 2 tid 105987
492 5 tid 105987
230 tid 105987
Remove  tid 105987
FindTargetPageId rootid 3 tid 105987
target_page_id id: 5 tid 105987
0 1 tid 105987
128 4 tid 105987
365 2 tid 105987
492 5 tid 105987
230 tid 105987
Remove  tid 105987
FindTargetPageId rootid 3 tid 105988
target_page_id id: 5 tid 105988
0 1 tid 105988
128 4 tid 105988
365 2 tid 105988
492 5 tid 105988
230 tid 105988
Insert  tid 105988
FindTargetPageId rootid 3 tid 105988
target_page_id id: 5 tid 105988
0 1 tid 105988
128 4 tid 105988
365 2 tid 105988
492 5 tid 105988
230 tid 105988
Insert  tid 105988
FindTargetPageId rootid 3 tid 105987
target_page_id id: 5 tid 105987
0 1 tid 105987
128 4 tid 105987
365 2 tid 105987
492 5 tid 105987
230 tid 105987
Remove  tid 105987
FindTargetPageId rootid 3 tid 105987
target_page_id id: 5 tid 105987
0 1 tid 105987
128 4 tid 105987
365 2 tid 105987
492 5 tid 105987
230 tid 105987
Remove  tid 105987
FindTargetPageId rootid 3 tid 105986
target_page_id id: 5 tid 105986
0 1 tid 105986
128 4 tid 105986
365 2 tid 105986
492 5 tid 105986
230 tid 105986
Insert  tid 105986
FindTargetPageId rootid 3 tid 105986
target_page_id id: 5 tid 105986
0 1 tid 105986
128 4 tid 105986
365 2 tid 105986
492 5 tid 105986
231 tid 105986
Insert  tid 105986
FindTargetPageId rootid 3 tid 105986
target_page_id id: 5 tid 105986
0 1 tid 105986
128 4 tid 105986
365 2 tid 105986
492 5 tid 105986
232 tid 105986
Insert  tid 105986
FindTargetPageId rootid 3 tid 105986
target_page_id id: 5 tid 105986
0 1 tid 105986
128 4 tid 105986
365 2 tid 105986
492 5 tid 105986
233 tid 105986
Insert  tid 105986
FindTargetPageId rootid 3 tid 105986
target_page_id id: 5 tid 105986
0 1 tid 105986
128 4 tid 105986
365 2 tid 105986
492 5 tid 105986
234 tid 105986
Insert  tid 105986
FindTargetPageId rootid 3 tid 105987
target_page_id id: 5 tid 105987
0 1 tid 105987
128 4 tid 105987
365 2 tid 105987
492 5 tid 105987
235 tid 105987
Remove  tid 105987
FindTargetPageId rootid 3 tid 105987
target_page_id id: 5 tid 105987
0 1 tid 105987
128 4 tid 105987
365 2 tid 105987
492 5 tid 105987
235 tid 105987
Remove  tid 105987
FindTargetPageId rootid 3 tid 105987
target_page_id id: 5 tid 105987
0 1 tid 105987
128 4 tid 105987
365 2 tid 105987
492 5 tid 105987
235 tid 105987
Remove  tid 105987
FindTargetPageId rootid 3 tid 105987
target_page_id id: 5 tid 105987
0 1 tid 105987
128 4 tid 105987
365 2 tid 105987
492 5 tid 105987
235 tid 105987
Remove  tid 105987
FindTargetPageId rootid 3 tid 105988
target_page_id id: 5 tid 105988
0 1 tid 105988
128 4 tid 105988
365 2 tid 105988
492 5 tid 105988
235 tid 105988
Insert  tid 105988
FindTargetPageId rootid 3 tid 105988
target_page_id id: 5 tid 105988
0 1 tid 105988
128 4 tid 105988
365 2 tid 105988
492 5 tid 105988
235 tid 105988
Insert  tid 105988
FindTargetPageId rootid 3 tid 105988
target_page_id id: 5 tid 105988
0 1 tid 105988
128 4 tid 105988
365 2 tid 105988
492 5 tid 105988
235 tid 105988
Insert  tid 105988
FindTargetPageId rootid 3 tid 105988
target_page_id id: 5 tid 105988
0 1 tid 105988
128 4 tid 105988
365 2 tid 105988
492 5 tid 105988
235 tid 105988
Insert  tid 105988
FindTargetPageId rootid 3 tid 105988
target_page_id id: 5 tid 105988
0 1 tid 105988
128 4 tid 105988
365 2 tid 105988
492 5 tid 105988
235 tid 105988
Insert  tid 105988
FindTargetPageId rootid 3 tid 105987
target_page_id id: 5 tid 105987
0 1 tid 105987
128 4 tid 105987
365 2 tid 105987
492 5 tid 105987
235 tid 105987
Remove  tid 105987
FindTargetPageId rootid 3 tid 105987
target_page_id id: 5 tid 105987
0 1 tid 105987
128 4 tid 105987
365 2 tid 105987
492 5 tid 105987
235 tid 105987
Remove  tid 105987
FindTargetPageId rootid 3 tid 105988
target_page_id id: 5 tid 105988
0 1 tid 105988
128 4 tid 105988
365 2 tid 105988
492 5 tid 105988
235 tid 105988
Insert  tid 105988
FindTargetPageId rootid 3 tid 105986
target_page_id id: 5 tid 105986
0 1 tid 105986
128 4 tid 105986
365 2 tid 105986
492 5 tid 105986
235 tid 105986
Insert  tid 105986
FindTargetPageId rootid 3 tid 105987
target_page_id id: 5 tid 105987
0 1 tid 105987
128 4 tid 105987
365 2 tid 105987
492 5 tid 105987
236 tid 105987
Remove  tid 105987
FindTargetPageId rootid 3 tid 105988
target_page_id id: 5 tid 105988
0 1 tid 105988
128 4 tid 105988
365 2 tid 105988
492 5 tid 105988
236 tid 105988
Insert  tid 105988
FindTargetPageId rootid 3 tid 105986
target_page_id id: 5 tid 105986
0 1 tid 105986
128 4 tid 105986
365 2 tid 105986
492 5 tid 105986
236 tid 105986
Insert  tid 105986
FindTargetPageId rootid 3 tid 105987
target_page_id id: 5 tid 105987
0 1 tid 105987
128 4 tid 105987
365 2 tid 105987
492 5 tid 105987
237 tid 105987
FindTargetPageId rootid 3 tid 105988
Remove  tid target_page_id id: 1059875 tid 
105988
0 1 tid 105988
128 4 tid 105988
365 2 tid 105988
492 5 tid 105988
237 tid 105988
Insert  tid 105988
FindTargetPageId rootid 3 tid 105988
target_page_id id: 5 tid 105988
0 1 tid 105988
128 4 tid 105988
365 2 tid 105988
492 5 tid 105988
237 tid 105988
Insert  tid 105988
FindTargetPageId rootid 3 tid 105987
target_page_id id: 5 tid 105987
0 1 tid 105987
128 4 tid 105987
365 2 tid 105987
492 5 tid 105987
237 tid 105987
Remove  tid 105987
FindTargetPageId rootid 3 tid 105986
target_page_id id: 5 tid 105986
0 1 tid 105986
128 4 tid 105986
365 2 tid 105986
492 5 tid 105986
237 tid 105986
Insert  tid 105986
FindTargetPageId rootid 3 tid 105986
target_page_id id: 5 tid 105986
0 1 tid 105986
128 4 tid 105986
365 2 tid 105986
492 5 tid 105986
238 tid 105986
Insert  tid 105986
FindTargetPageId rootid 3 tid 105987
target_page_id id: 5 tid 105987
0 1 tid 105987
128 4 tid 105987
365 2 tid 105987
492 5 tid 105987
239 tid 105987
Remove  tid 105987
FindTargetPageId rootid 3 tid 105988
target_page_id id: 5 tid 105988
0 1 tid 105988
128 4 tid 105988
365 2 tid 105988
492 5 tid 105988
239 tid 105988
Insert  tid 105988
FindTargetPageId rootid 3 tid 105988
target_page_id id: 5 tid 105988
0 1 tid 105988
128 4 tid 105988
365 2 tid 105988
492 5 tid 105988
239 tid 105988
Insert  tid 105988
FindTargetPageId rootid 3 tid 105987
target_page_id id: 5 tid 105987
0 1 tid 105987
128 4 tid 105987
365 2 tid 105987
492 5 tid 105987
239 tid 105987
Remove  tid 105987
FindTargetPageId rootid 3 tid 105986
target_page_id id: 5 tid 105986
0 1 tid 105986
128 4 tid 105986
365 2 tid 105986
492 5 tid 105986
239 tid 105986
Insert  tid 105986
FindTargetPageId rootid 3 tid 105988
target_page_id id: 5 tid 105988
0 1 tid 105988
128 4 tid 105988
365 2 tid 105988
492 5 tid 105988
240 tid 105988
Insert  tid 105988
FindTargetPageId rootid 3 tid 105987
target_page_id id: 5 tid 105987
0 1 tid 105987
128 4 tid 105987
365 2 tid 105987
492 5 tid 105987
240 tid 105987
Remove  tid 105987
FindTargetPageId rootid 3 tid 105987
target_page_id id: 5 tid 105987
0 1 tid 105987
128 4 tid 105987
365 2 tid 105987
492 5 tid 105987
240 tid 105987
Remove  tid 105987
FindTargetPageId rootid 3 tid 105987
target_page_id id: 5 tid 105987
0 1 tid 105987
128 4 tid 105987
365 2 tid 105987
492 5 tid 105987
240 tid 105987
Remove  tid 105987
FindTargetPageId rootid 3 tid 105987
target_page_id id: 5 tid 105987
0 1 tid 105987
128 4 tid 105987
365 2 tid 105987
492 5 tid 105987
240 tid 105987
Remove  tid 105987
FindTargetPageId rootid 3 tid 105987
target_page_id id: 5 tid 105987
0 1 tid 105987
128 4 tid 105987
365 2 tid 105987
492 5 tid 105987
240 tid 105987
Remove  tid 105987
FindTargetPageId rootid 3 tid 105987
target_page_id id: 5 tid 105987
0 1 tid 105987
128 4 tid 105987
365 2 tid 105987
492 5 tid 105987
240 tid 105987
Remove  tid 105987
FindTargetPageId rootid 3 tid 105988
target_page_id id: 5 tid 105988
0 1 tid 105988
128 4 tid 105988
365 2 tid 105988
492 5 tid 105988
240 tid 105988
Insert  tid 105988
FindTargetPageId rootid 3 tid 105986
target_page_id id: 5 tid 105986
0 1 tid 105986
128 4 tid 105986
365 2 tid 105986
492 5 tid 105986
240 tid 105986
Insert  tid 105986
FindTargetPageId rootid 3 tid 105987
target_page_id id: 5 tid 105987
0 1 tid 105987
128 4 tid 105987
365 2 tid 105987
492 5 tid 105987
241 tid 105987
Remove  tid 105987
FindTargetPageId rootid 3 tid 105987
target_page_id id: 5 tid 105987
0 1 tid 105987
128 4 tid 105987
365 2 tid 105987
492 5 tid 105987
241 tid 105987
Remove  tid 105987
FindTargetPageId rootid 3 tid 105987
target_page_id id: 5 tid 105987
0 1 tid 105987
128 4 tid 105987
365 2 tid 105987
492 5 tid 105987
241 tid 105987
Remove  tid 105987
FindTargetPageId rootid 3 tid 105987
target_page_id id: 5 tid 105987
0 1 tid 105987
128 4 tid 105987
365 2 tid 105987
492 5 tid 105987
241 tid 105987
Remove  tid 105987
FindTargetPageId rootid 3 tid 105988
target_page_id id: 5 tid 105988
0 1 tid 105988
128 4 tid 105988
365 2 tid 105988
492 5 tid 105988
241 tid 105988
Insert  tid 105988
FindTargetPageId rootid 3 tid 105988
target_page_id id: 5 tid 105988
0 1 tid 105988
128 4 tid 105988
365 2 tid 105988
492 5 tid 105988
241 tid 105988
Insert  tid 105988
FindTargetPageId rootid 3 tid 105987
target_page_id id: 5 tid 105987
0 1 tid 105987
128 4 tid 105987
365 2 tid 105987
492 5 tid 105987
241 tid 105987
Remove  tid 105987
FindTargetPageId rootid 3 tid 105986
target_page_id id: 5 tid 105986
0 1 tid 105986
128 4 tid 105986
365 2 tid 105986
492 5 tid 105986
241 tid 105986
Insert  tid 105986
FindTargetPageId rootid 3 tid 105986
target_page_id id: 5 tid 105986
0 1 tid 105986
128 4 tid 105986
365 2 tid 105986
492 5 tid 105986
242 tid 105986
Insert  tid 105986
FindTargetPageId rootid 3 tid 105986
target_page_id id: 5 tid 105986
0 1 tid 105986
128 4 tid 105986
365 2 tid 105986
492 5 tid 105986
243 tid 105986
Insert  tid 105986
FindTargetPageId rootid 3 tid 105986
target_page_id id: 5 tid 105986
0 1 tid 105986
128 4 tid 105986
365 2 tid 105986
492 5 tid 105986
244 tid 105986
Insert  tid 105986
FindTargetPageId rootid 3 tid 105986
target_page_id id: 5 tid 105986
0 1 tid 105986
128 4 tid 105986
365 2 tid 105986
492 5 tid 105986
245 tid 105986
Insert  tid 105986
FindTargetPageId rootid 3 tid 105986
target_page_id id: 5 tid 105986
0 1 tid 105986
128 4 tid 105986
365 2 tid 105986
492 5 tid 105986
246 tid 105986
Insert  tid 105986
FindTargetPageId rootid 3 tid 105986
target_page_id id: 5 tid 105986
0 1 tid 105986
128 4 tid 105986
365 2 tid 105986
492 5 tid 105986
247 tid 105986
Insert  tid 105986
FindTargetPageId rootid 3 tid 105986
target_page_id id: 5 tid 105986
0 1 tid 105986
128 4 tid 105986
365 2 tid 105986
492 5 tid 105986
248 tid 105986
Insert  tid 105986
FindTargetPageId rootid 3 tid 105988
target_page_id id: 5 tid 105988
0 1 tid 105988
128 4 tid 105988
365 2 tid 105988
492 5 tid 105988
249 tid 105988
Insert  tid 105988
FindTargetPageId rootid 3 tid 105987
target_page_id id: 5 tid 105987
0 1 tid 105987
128 4 tid 105987
365 2 tid 105987
492 5 tid 105987
249 tid 105987
Remove  tid 105987
FindTargetPageId rootid 3 tid 105986
target_page_id id: 5 tid 105986
0 1 tid 105986
128 4 tid 105986
365 2 tid 105986
492 5 tid 105986
249 tid 105986
Insert  tid 105986
FindTargetPageId rootid 3 tid 105988
target_page_id id: 5 tid 105988
0 1 tid 105988
128 4 tid 105988
365 2 tid 105988
492 5 tid 105988
250 tid 105988
Insert  tid 105988
FindTargetPageId rootid 3 tid 105988
target_page_id id: 5 tid 105988
0 1 tid 105988
128 4 tid 105988
365 2 tid 105988
492 5 tid 105988
250 tid 105988
Insert  tid 105988
FindTargetPageId rootid 3 tid 105986
target_page_id id: 5 tid 105986
0 1 tid 105986
128 4 tid 105986
365 2 tid 105986
492 5 tid 105986
250 tid 105986
Insert  tid 105986
FindTargetPageId rootid 3 tid 105986
target_page_id id: 5 tid 105986
0 1 tid 105986
128 4 tid 105986
365 2 tid 105986
492 5 tid 105986
251 tid 105986
Insert  tid 105986
FindTargetPageId rootid 3 tid 105986
target_page_id id: 5 tid 105986
0 1 tid 105986
128 4 tid 105986
365 2 tid 105986
492 5 tid 105986
252 tid 105986
Insert  tid 105986
FindTargetPageId rootid 3 tid 105986
target_page_id id: 5 tid 105986
0 1 tid 105986
128 4 tid 105986
365 2 tid 105986
492 5 tid 105986
253 tid 105986
Insert  tid 105986
FindTargetPageId rootid 3 tid 105986
target_page_id id: 5 tid 105986
0 1 tid 105986
128 4 tid 105986
365 2 tid 105986
492 5 tid 105986
254 tid 105986
Insert  tid 105986
FindTargetPageId rootid 3 tid 105987
target_page_id id: 6 tid 105987
0 1 tid 105987
128 4 tid 105987
365 2 tid 105987
492 5 tid 105987
619 6 tid 105987
128 tid 105987
Remove  tid 105987
FindTargetPageId rootid 3 tid 105988
target_page_id id: 6 tid 105988
0 1 tid 105988
128 4 tid 105988
365 2 tid 105988
492 5 tid 105988
619 6 tid 105988
128 tid 105988
Insert  tid 105988
FindTargetPageId rootid 3 tid 105988
target_page_id id: 6 tid 105988
0 1 tid 105988
128 4 tid 105988
365 2 tid 105988
492 5 tid 105988
619 6 tid 105988
128 tid 105988
Insert  tid 105988
FindTargetPageId rootid 3 tid 105988
target_page_id id: 6 tid 105988
0 1 tid 105988
128 4 tid 105988
365 2 tid 105988
492 5 tid 105988
619 6 tid 105988
128 tid 105988
Insert  tid 105988
FindTargetPageId rootid 3 tid 105986
target_page_id id: 6 tid 105986
0 1 tid 105986
128 4 tid 105986
365 2 tid 105986
492 5 tid 105986
619 6 tid 105986
128 tid 105986
Insert  tid 105986
FindTargetPageId rootid 3 tid 105987
target_page_id id: 6 tid 105987
0 1 tid 105987
128 4 tid 105987
365 2 tid 105987
492 5 tid 105987
619 6 tid 105987
129 tid 105987
Remove  tid 105987
FindTargetPageId rootid 3 tid 105988
target_page_id id: 6 tid 105988
0 1 tid 105988
128 4 tid 105988
365 2 tid 105988
492 5 tid 105988
619 6 tid 105988
129 tid 105988
Insert  tid 105988
FindTargetPageId rootid 3 tid 105986
target_page_id id: 6 tid 105986
0 1 tid 105986
128 4 tid 105986
365 2 tid 105986
492 5 tid 105986
619 6 tid 105986
129 tid 105986
Insert  tid 105986
FindTargetPageId rootid 3 tid 105987
target_page_id id: 6 tid 105987
0 1 tid 105987
128 4 tid 105987
365 2 tid 105987
492 5 tid 105987
619 6 tid 105987
130 tid 105987
Remove  tid 105987
FindTargetPageId rootid 3 tid 105988
target_page_id id: 6 tid 105988
0 1 tid 105988
128 4 tid 105988
365 2 tid 105988
492 5 tid 105988
619 6 tid 105988
130 tid 105988
Insert  tid 105988
FindTargetPageId rootid 3 tid 105986
target_page_id id: 6 tid 105986
0 1 tid 105986
128 4 tid 105986
365 2 tid 105986
492 5 tid 105986
619 6 tid 105986
130 tid 105986
Insert  tid 105986
FindTargetPageId rootid 3 tid 105987
target_page_id id: 6 tid 105987
0 1 tid 105987
128 4 tid 105987
365 2 tid 105987
492 5 tid 105987
619 6 tid 105987
131 tid 105987
Remove  tid 105987
FindTargetPageId rootid 3 tid 105988
target_page_id id: 6 tid 105988
0 1 tid 105988
128 4 tid 105988
365 2 tid 105988
492 5 tid 105988
619 6 tid 105988
131 tid 105988
Insert  tid 105988
FindTargetPageId rootid 3 tid 105988
target_page_id id: 6 tid 105988
0 1 tid 105988
128 4 tid 105988
365 2 tid 105988
492 5 tid 105988
619 6 tid 105988
131 tid 105988
Insert  tid 105988
FindTargetPageId rootid 3 tid 105986
target_page_id id: 6 tid 105986
0 1 tid 105986
128 4 tid 105986
365 2 tid 105986
492 5 tid 105986
619 6 tid 105986
131 tid 105986
Insert  tid 105986
FindTargetPageId rootid 3 tid 105986
target_page_id id: 6 tid 105986
0 1 tid 105986
128 4 tid 105986
365 2 tid 105986
492 5 tid 105986
619 6 tid 105986
132 tid 105986
Insert  tid 105986
FindTargetPageId rootid 3 tid 105988
target_page_id id: 6 tid 105988
0 1 tid 105988
128 4 tid 105988
365 2 tid 105988
492 5 tid 105988
619 6 tid 105988
133 tid 105988
Insert  tid 105988
FindTargetPageId rootid 3 tid 105987
target_page_id id: 6 tid 105987
0 1 tid 105987
128 4 tid 105987
365 2 tid 105987
492 5 tid 105987
619 6 tid 105987
133 tid 105987
Remove  tid 105987
FindTargetPageId rootid 3 tid 105986
target_page_id id: 6 tid 105986
0 1 tid 105986
128 4 tid 105986
365 2 tid 105986
492 5 tid 105986
619 6 tid 105986
133 tid 105986
Insert  tid 105986
FindTargetPageId rootid 3 tid 105988
target_page_id id: 6 tid 105988
0 1 tid 105988
128 4 tid 105988
365 2 tid 105988
492 5 tid 105988
619 6 tid 105988
134 tid 105988
Insert  tid 105988
FindTargetPageId rootid 3 tid 105987
target_page_id id: 6 tid 105987
0 1 tid 105987
128 4 tid 105987
365 2 tid 105987
492 5 tid 105987
619 6 tid 105987
134 tid 105987
Remove  tid 105987
FindTargetPageId rootid 3 tid 105986
target_page_id id: 6 tid 105986
0 1 tid 105986
128 4 tid 105986
365 2 tid 105986
492 5 tid 105986
619 6 tid 105986
134 tid 105986
Insert  tid 105986
FindTargetPageId rootid 3 tid 105988
target_page_id id: 6 tid 105988
0 1 tid 105988
128 4 tid 105988
365 2 tid 105988
492 5 tid 105988
619 6 tid 105988
135 tid 105988
Insert  tid 105988
FindTargetPageId rootid 3 tid 105988
target_page_id id: 6 tid 105988
0 1 tid 105988
128 4 tid 105988
365 2 tid 105988
492 5 tid 105988
619 6 tid 105988
135 tid 105988
Insert  tid 105988
FindTargetPageId rootid 3 tid 105986
target_page_id id: 6 tid 105986
0 1 tid 105986
128 4 tid 105986
365 2 tid 105986
492 5 tid 105986
619 6 tid 105986
135 tid 105986
Insert  tid 105986
FindTargetPageId rootid 3 tid 105987
target_page_id id: 6 tid 105987
0 1 tid 105987
128 4 tid 105987
365 2 tid 105987
492 5 tid 105987
619 6 tid 105987
136 tid 105987
Remove  tid 105987
FindTargetPageId rootid 3 tid 105987
target_page_id id: 6 tid 105987
0 1 tid 105987
128 4 tid 105987
365 2 tid 105987
492 5 tid 105987
619 6 tid 105987
136 tid 105987
Remove  tid 105987
FindTargetPageId rootid 3 tid 105988
target_page_id id: 6 tid 105988
0 1 tid 105988
128 4 tid 105988
365 2 tid 105988
492 5 tid 105988
619 6 tid 105988
136 tid 105988
Insert  tid 105988
FindTargetPageId rootid 3 tid 105988
target_page_id id: 6 tid 105988
0 1 tid 105988
128 4 tid 105988
365 2 tid 105988
492 5 tid 105988
619 6 tid 105988
136 tid 105988
Insert  tid 105988
FindTargetPageId rootid 3 tid 105987
target_page_id id: 6 tid 105987
0 1 tid 105987
128 4 tid 105987
365 2 tid 105987
492 5 tid 105987
619 6 tid 105987
136 tid 105987
Remove  tid 105987
FindTargetPageId rootid 3 tid 105986
target_page_id id: 6 tid 105986
0 1 tid 105986
128 4 tid 105986
365 2 tid 105986
492 5 tid 105986
619 6 tid 105986
136 tid 105986
Insert  tid 105986
FindTargetPageId rootid 3 tid 105988
target_page_id id: 6 tid 105988
0 1 tid 105988
128 4 tid 105988
365 2 tid 105988
492 5 tid 105988
619 6 tid 105988
137 tid 105988
Insert  tid 105988
FindTargetPageId rootid 3 tid 105987
target_page_id id: 6 tid 105987
0 1 tid 105987
128 4 tid 105987
365 2 tid 105987
492 5 tid 105987
619 6 tid 105987
137 tid 105987
Remove  tid 105987
FindTargetPageId rootid 3 tid 105986
target_page_id id: 6 tid 105986
0 1 tid 105986
128 4 tid 105986
365 2 tid 105986
492 5 tid 105986
619 6 tid 105986
137 tid 105986
Insert  tid 105986
FindTargetPageId rootid 3 tid 105986
target_page_id id: 6 tid 105986
0 1 tid 105986
128 4 tid 105986
365 2 tid 105986
492 5 tid 105986
619 6 tid 105986
138 tid 105986
Insert  tid 105986
FindTargetPageId rootid 3 tid 105987
target_page_id id: 6 tid 105987
0 1 tid 105987
128 4 tid 105987
365 2 tid 105987
492 5 tid 105987
619 6 tid 105987
139 tid 105987
Remove  tid 105987
FindTargetPageId rootid 3 tid 105988
target_page_id id: 6 tid 105988
0 1 tid 105988
128 4 tid 105988
365 2 tid 105988
492 5 tid 105988
619 6 tid 105988
139 tid 105988
Insert  tid 105988
FindTargetPageId rootid 3 tid 105986
target_page_id id: 6 tid 105986
0 1 tid 105986
128 4 tid 105986
365 2 tid 105986
492 5 tid 105986
619 6 tid 105986
139 tid 105986
Insert  tid 105986
FindTargetPageId rootid 3 tid 105986
target_page_id id: 6 tid 105986
0 1 tid 105986
128 4 tid 105986
365 2 tid 105986
492 5 tid 105986
619 6 tid 105986
140 tid 105986
Insert  tid 105986
FindTargetPageId rootid 3 tid 105988
target_page_id id: 6 tid 105988
0 1 tid 105988
128 4 tid 105988
365 2 tid 105988
492 5 tid 105988
619 6 tid 105988
141 tid 105988
Insert  tid 105988
FindTargetPageId rootid 3 tid 105987
target_page_id id: 6 tid 105987
0 1 tid 105987
128 4 tid 105987
365 2 tid 105987
492 5 tid 105987
619 6 tid 105987
141 tid 105987
Remove  tid 105987
FindTargetPageId rootid 3 tid 105986
target_page_id id: 6 tid 105986
0 1 tid 105986
128 4 tid 105986
365 2 tid 105986
492 5 tid 105986
619 6 tid 105986
141 tid 105986
Insert  tid 105986
FindTargetPageId rootid 3 tid 105988
target_page_id id: 6 tid 105988
0 1 tid 105988
128 4 tid 105988
365 2 tid 105988
492 5 tid 105988
619 6 tid 105988
142 tid 105988
Insert  tid 105988
FindTargetPageId rootid 3 tid 105987
target_page_id id: 6 tid 105987
0 1 tid 105987
128 4 tid 105987
365 2 tid 105987
492 5 tid 105987
619 6 tid 105987
142 tid 105987
Remove  tid 105987
FindTargetPageId rootid 3 tid 105986
target_page_id id: 6 tid 105986
0 1 tid 105986
128 4 tid 105986
365 2 tid 105986
492 5 tid 105986
619 6 tid 105986
142 tid 105986
FindTargetPageId rootid 3 tid 105988
target_page_id id: 6 tid 105988
0 1 tid 105988
128 4 tid 105988
365 2 tid 105988
492 5 tid 105988
619 6 tid 105988
Insert  tid 105986
143 tid 105988
Insert  tid 105988
FindTargetPageId rootid 3 tid 105987
target_page_id id: 6 tid 105987
0 1 tid 105987
128 4 tid 105987
365 2 tid 105987
492 5 tid 105987
619 6 tid 105987
143 tid 105987
Remove  tid 105987
FindTargetPageId rootid 3 tid 105986
target_page_id id: 6 tid 105986
0 1 tid 105986
128 4 tid 105986
365 2 tid 105986
492 5 tid 105986
619 6 tid 105986
143 tid 105986
Insert  tid 105986
FindTargetPageId rootid 3 tid 105988
target_page_id id: 6 tid 105988
0 1 tid 105988
128 4 tid 105988
365 2 tid 105988
492 5 tid 105988
619 6 tid 105988
144 tid 105988
Insert  tid 105988
FindTargetPageId rootid 3 tid 105988
target_page_id id: 6 tid 105988
0 1 tid 105988
128 4 tid 105988
365 2 tid 105988
492 5 tid 105988
619 6 tid 105988
144 tid 105988
Insert  tid 105988
FindTargetPageId rootid 3 tid 105988
target_page_id id: 6 tid 105988
0 1 tid 105988
128 4 tid 105988
365 2 tid 105988
492 5 tid 105988
619 6 tid 105988
144 tid 105988
Insert  tid 105988
FindTargetPageId rootid 3 tid 105988
target_page_id id: 6 tid 105988
0 1 tid 105988
128 4 tid 105988
365 2 tid 105988
492 5 tid 105988
619 6 tid 105988
144 tid 105988
Insert  tid 105988
FindTargetPageId rootid 3 tid 105988
target_page_id id: 6 tid 105988
0 1 tid 105988
128 4 tid 105988
365 2 tid 105988
492 5 tid 105988
619 6 tid 105988
144 tid 105988
Insert  tid 105988
FindTargetPageId rootid 3 tid 105988
target_page_id id: 6 tid 105988
0 1 tid 105988
128 4 tid 105988
365 2 tid 105988
492 5 tid 105988
619 6 tid 105988
144 tid 105988
Insert  tid 105988
FindTargetPageId rootid 3 tid 105986
target_page_id id: 6 tid 105986
0 1 tid 105986
128 4 tid 105986
365 2 tid 105986
492 5 tid 105986
619 6 tid 105986
144 tid 105986
Insert  tid 105986
FindTargetPageId rootid 3 tid 105986
target_page_id id: 6 tid 105986
0 1 tid 105986
128 4 tid 105986
365 2 tid 105986
492 5 tid 105986
619 6 tid 105986
145 tid 105986
Insert  tid 105986
FindTargetPageId rootid 3 tid 105986
target_page_id id: 6 tid 105986
0 1 tid 105986
128 4 tid 105986
365 2 tid 105986
492 5 tid 105986
619 6 tid 105986
146 tid 105986
Insert  tid 105986
FindTargetPageId rootid 3 tid 105986
target_page_id id: 6 tid 105986
0 1 tid 105986
128 4 tid 105986
365 2 tid 105986
492 5 tid 105986
619 6 tid 105986
147 tid 105986
Insert  tid 105986
FindTargetPageId rootid 3 tid 105986
target_page_id id: 6 tid 105986
0 1 tid 105986
128 4 tid 105986
365 2 tid 105986
492 5 tid 105986
619 6 tid 105986
148 tid 105986
Insert  tid 105986
FindTargetPageId rootid 3 tid 105986
target_page_id id: 6 tid 105986
0 1 tid 105986
128 4 tid 105986
365 2 tid 105986
492 5 tid 105986
619 6 tid 105986
149 tid 105986
Insert  tid 105986
FindTargetPageId rootid 3 tid 105986
target_page_id id: 6 tid 105986
0 1 tid 105986
128 4 tid 105986
365 2 tid 105986
492 5 tid 105986
619 6 tid 105986
150 tid 105986
Insert  tid 105986
FindTargetPageId rootid 3 tid 105986
target_page_id id: 6 tid 105986
0 1 tid 105986
128 4 tid 105986
365 2 tid 105986
492 5 tid 105986
619 6 tid 105986
151 tid 105986
Insert  tid 105986
FindTargetPageId rootid 3 tid 105986
target_page_id id: 6 tid 105986
0 1 tid 105986
128 4 tid 105986
365 2 tid 105986
492 5 tid 105986
619 6 tid 105986
152 tid 105986
Insert  tid 105986
FindTargetPageId rootid 3 tid 105986
target_page_id id: 6 tid 105986
0 1 tid 105986
128 4 tid 105986
365 2 tid 105986
492 5 tid 105986
619 6 tid 105986
153 tid 105986
Insert  tid 105986
FindTargetPageId rootid 3 tid 105986
target_page_id id: 6 tid 105986
0 1 tid 105986
128 4 tid 105986
365 2 tid 105986
492 5 tid 105986
619 6 tid 105986
154 tid 105986
Insert  tid 105986
FindTargetPageId rootid 3 tid 105987
target_page_id id: 6 tid 105987
0 1 tid 105987
128 4 tid 105987
365 2 tid 105987
492 5 tid 105987
619 6 tid 105987
155 tid 105987
Remove  tid 105987
FindTargetPageId rootid 3 tid 105987
target_page_id id: 6 tid 105987
0 1 tid 105987
128 4 tid 105987
365 2 tid 105987
492 5 tid 105987
619 6 tid 105987
155 tid 105987
Remove  tid 105987
FindTargetPageId rootid 3 tid 105987
target_page_id id: 6 tid 105987
0 1 tid 105987
128 4 tid 105987
365 2 tid 105987
492 5 tid 105987
619 6 tid 105987
155 tid 105987
Remove  tid 105987
FindTargetPageId rootid 3 tid 105987
target_page_id id: 6 tid 105987
0 1 tid 105987
128 4 tid 105987
365 2 tid 105987
492 5 tid 105987
619 6 tid 105987
155 tid 105987
Remove  tid 105987
FindTargetPageId rootid 3 tid 105986
target_page_id id: 6 tid 105986
0 1 tid 105986
128 4 tid 105986
365 2 tid 105986
492 5 tid 105986
619 6 tid 105986
155 tid 105986
Insert  tid 105986
FindTargetPageId rootid 3 tid 105988
target_page_id id: 6 tid 105988
0 1 tid 105988
128 4 tid 105988
365 2 tid 105988
492 5 tid 105988
619 6 tid 105988
156 tid 105988
Insert  tid 105988
FindTargetPageId rootid 3 tid 105987
target_page_id id: 6 tid 105987
0 1 tid 105987
128 4 tid 105987
365 2 tid 105987
492 5 tid 105987
619 6 tid 105987
156 tid 105987
Remove  tid 105987
FindTargetPageId rootid 3 tid 105986
target_page_id id: 6 tid 105986
0 1 tid 105986
128 4 tid 105986
365 2 tid 105986
492 5 tid 105986
619 6 tid 105986
156 tid 105986
Insert  tid 105986
FindTargetPageId rootid 3 tid 105988
target_page_id id: 6 tid 105988
0 1 tid 105988
128 4 tid 105988
365 2 tid 105988
492 5 tid 105988
619 6 tid 105988
157 tid 105988
Insert  tid 105988
FindTargetPageId rootid 3 tid 105987
target_page_id id: 6 tid 105987
0 1 tid 105987
128 4 tid 105987
365 2 tid 105987
492 5 tid 105987
619 6 tid 105987
157 tid 105987
Remove  tid 105987
FindTargetPageId rootid 3 tid 105986
target_page_id id: 6 tid 105986
0 1 tid 105986
128 4 tid 105986
365 2 tid 105986
492 5 tid 105986
619 6 tid 105986
157 tid 105986
Insert  tid 105986
FindTargetPageId rootid 3 tid 105988
target_page_id id: 6 tid 105988
0 1 tid 105988
128 4 tid 105988
365 2 tid 105988
492 5 tid 105988
619 6 tid 105988
158 tid 105988
Insert  tid 105988
FindTargetPageId rootid 3 tid 105987
target_page_id id: 6 tid 105987
0 1 tid 105987
128 4 tid 105987
365 2 tid 105987
492 5 tid 105987
619 6 tid 105987
158 tid 105987
Remove  tid 105987
FindTargetPageId rootid 3 tid 105987
target_page_id id: 6 tid 105987
0 1 tid 105987
128 4 tid 105987
365 2 tid 105987
492 5 tid 105987
619 6 tid 105987
158 tid 105987
Remove  tid 105987
FindTargetPageId rootid 3 tid 105987
target_page_id id: 6 tid 105987
0 1 tid 105987
128 4 tid 105987
365 2 tid 105987
492 5 tid 105987
619 6 tid 105987
158 tid 105987
Remove  tid 105987
FindTargetPageId rootid 3 tid 105987
target_page_id id: 6 tid 105987
0 1 tid 105987
128 4 tid 105987
365 2 tid 105987
492 5 tid 105987
619 6 tid 105987
158 tid 105987
Remove  tid 105987
FindTargetPageId rootid 3 tid 105987
target_page_id id: 6 tid 105987
0 1 tid 105987
128 4 tid 105987
365 2 tid 105987
492 5 tid 105987
619 6 tid 105987
158 tid 105987
Remove  tid 105987
FindTargetPageId rootid 3 tid 105987
target_page_id id: 6 tid 105987
0 1 tid 105987
128 4 tid 105987
365 2 tid 105987
492 5 tid 105987
619 6 tid 105987
158 tid 105987
Remove  tid 105987
FindTargetPageId rootid 3 tid 105986
target_page_id id: 6 tid 105986
0 1 tid 105986
128 4 tid 105986
365 2 tid 105986
492 5 tid 105986
619 6 tid 105986
158 tid 105986
Insert  tid 105986
FindTargetPageId rootid 3 tid 105988
target_page_id id: 6 tid 105988
0 1 tid 105988
128 4 tid 105988
365 2 tid 105988
492 5 tid 105988
619 6 tid 105988
159 tid 105988
Insert  tid 105988
FindTargetPageId rootid 3 tid 105987
target_page_id id: 6 tid 105987
0 1 tid 105987
128 4 tid 105987
365 2 tid 105987
492 5 tid 105987
619 6 tid 105987
159 tid 105987
Remove  tid 105987
FindTargetPageId rootid 3 tid 105986
target_page_id id: 6 tid 105986
0 1 tid 105986
128 4 tid 105986
365 2 tid 105986
492 5 tid 105986
619 6 tid 105986
159 tid 105986
Insert  tid 105986
FindTargetPageId rootid 3 tid 105988
target_page_id id: 6 tid 105988
0 1 tid 105988
128 4 tid 105988
365 2 tid 105988
492 5 tid 105988
619 6 tid 105988
160 tid 105988
Insert  tid 105988
FindTargetPageId rootid 3 tid 105987
target_page_id id: 6 tid 105987
0 1 tid 105987
128 4 tid 105987
365 2 tid 105987
492 5 tid 105987
619 6 tid 105987
160 tid 105987
Remove  tid 105987
FindTargetPageId rootid 3 tid 105986
target_page_id id: 6 tid 105986
0 1 tid 105986
128 4 tid 105986
365 2 tid 105986
492 5 tid 105986
619 6 tid 105986
160 tid 105986
Insert  tid 105986
FindTargetPageId rootid 3 tid 105986
target_page_id id: 6 tid 105986
0 1 tid 105986
128 4 tid 105986
365 2 tid 105986
492 5 tid 105986
619 6 tid 105986
161 tid 105986
Insert  tid 105986
FindTargetPageId rootid 3 tid 105987
target_page_id id: 6 tid 105987
0 1 tid 105987
128 4 tid 105987
365 2 tid 105987
492 5 tid 105987
619 6 tid 105987
162 tid 105987
Remove  tid 105987
FindTargetPageId rootid 3 tid 105988
target_page_id id: 6 tid 105988
0 1 tid 105988
128 4 tid 105988
365 2 tid 105988
492 5 tid 105988
619 6 tid 105988
162 tid 105988
Insert  tid 105988
FindTargetPageId rootid 3 tid 105986
target_page_id id: 6 tid 105986
0 1 tid 105986
128 4 tid 105986
365 2 tid 105986
492 5 tid 105986
619 6 tid 105986
162 tid 105986
Insert  tid 105986
FindTargetPageId rootid 3 tid 105987
target_page_id id: 6 tid 105987
0 1 tid 105987
128 4 tid 105987
365 2 tid 105987
492 5 tid 105987
619 6 tid 105987
163 tid 105987
Remove  tid 105987
FindTargetPageId rootid 3 tid 105988
target_page_id id: 6 tid 105988
0 1 tid 105988
128 4 tid 105988
365 2 tid 105988
492 5 tid 105988
619 6 tid 105988
163 tid 105988
Insert  tid 105988
FindTargetPageId rootid 3 tid 105986
target_page_id id: 6 tid 105986
0 1 tid 105986
128 4 tid 105986
365 2 tid 105986
492 5 tid 105986
619 6 tid 105986
163 tid 105986
Insert  tid 105986
FindTargetPageId rootid 3 tid 105986
target_page_id id: 6 tid 105986
0 1 tid 105986
128 4 tid 105986
365 2 tid 105986
492 5 tid 105986
619 6 tid 105986
164 tid 105986
Insert  tid 105986
FindTargetPageId rootid 3 tid 105988
target_page_id id: 6 tid 105988
0 1 tid 105988
128 4 tid 105988
365 2 tid 105988
492 5 tid 105988
619 6 tid 105988
165 tid 105988
Insert  tid 105988
FindTargetPageId rootid 3 tid 105988
target_page_id id: 6 tid 105988
0 1 tid 105988
128 4 tid 105988
365 2 tid 105988
492 5 tid 105988
619 6 tid 105988
165 tid 105988
Insert  tid 105988
FindTargetPageId rootid 3 tid 105988
target_page_id id: 6 tid 105988
0 1 tid 105988
128 4 tid 105988
365 2 tid 105988
492 5 tid 105988
619 6 tid 105988
165 tid 105988
Insert  tid 105988
FindTargetPageId rootid 3 tid 105987
target_page_id id: 6 tid 105987
0 1 tid 105987
128 4 tid 105987
365 2 tid 105987
492 5 tid 105987
619 6 tid 105987
165 tid 105987
Remove  tid 105987
FindTargetPageId rootid 3 tid 105986
target_page_id id: 6 tid 105986
0 1 tid 105986
128 4 tid 105986
365 2 tid 105986
492 5 tid 105986
619 6 tid 105986
165 tid 105986
Insert  tid 105986
FindTargetPageId rootid 3 tid 105988
target_page_id id: 6 tid 105988
0 1 tid 105988
128 4 tid 105988
365 2 tid 105988
492 5 tid 105988
619 6 tid 105988
166 tid 105988
Insert  tid 105988
FindTargetPageId rootid 3 tid 105987
target_page_id id: 6 tid 105987
0 1 tid 105987
128 4 tid 105987
365 2 tid 105987
492 5 tid 105987
619 6 tid 105987
166 tid 105987
Remove  tid 105987
FindTargetPageId rootid 3 tid 105986
target_page_id id: 6 tid 105986
0 1 tid 105986
128 4 tid 105986
365 2 tid 105986
492 5 tid 105986
619 6 tid 105986
166 tid 105986
Insert  tid 105986
FindTargetPageId rootid 3 tid 105988
target_page_id id: 6 tid 105988
0 1 tid 105988
128 4 tid 105988
365 2 tid 105988
492 5 tid 105988
619 6 tid 105988
167 tid 105988
Insert  tid 105988
FindTargetPageId rootid 3 tid 105987
target_page_id id: 6 tid 105987
0 1 tid 105987
128 4 tid 105987
365 2 tid 105987
492 5 tid 105987
619 6 tid 105987
167 tid 105987
Remove  tid 105987
FindTargetPageId rootid 3 tid 105986
target_page_id id: 6 tid 105986
0 1 tid 105986
128 4 tid 105986
365 2 tid 105986
492 5 tid 105986
619 6 tid 105986
167 tid 105986
FindTargetPageId rootid 3 tid 105988
target_page_id id: 6 tid 105988
0 1 tid 105988
128 4 tid 105988
365 2 tid 105988
492 5 tid 105988
619 6 tid 105988
Insert  tid 168105986 tid 105988

Insert  tid 105988
FindTargetPageId rootid 3 tid 105986
target_page_id id: 6 tid 105986
0 1 tid 105986
128 4 tid 105986
365 2 tid 105986
492 5 tid 105986
619 6 tid 105986
168 tid 105986
Insert  tid 105986
FindTargetPageId rootid 3 tid 105987
target_page_id id: 6 tid 105987
0 1 tid 105987
128 4 tid 105987
365 2 tid 105987
492 5 tid 105987
619 6 tid 105987
169 tid 105987
Remove  tid 105987
FindTargetPageId rootid 3 tid 105988
target_page_id id: 6 tid 105988
0 1 tid 105988
128 4 tid 105988
365 2 tid 105988
492 5 tid 105988
619 6 tid 105988
169 tid 105988
Insert  tid 105988
FindTargetPageId rootid 3 tid 105986
target_page_id id: 6 tid 105986
0 1 tid 105986
128 4 tid 105986
365 2 tid 105986
492 5 tid 105986
619 6 tid 105986
169 tid 105986
Insert  tid 105986
FindTargetPageId rootid 3 tid 105987
target_page_id id: 6 tid 105987
0 1 tid 105987
128 4 tid 105987
365 2 tid 105987
492 5 tid 105987
619 6 tid 105987
170 tid 105987
Remove  tid 105987
FindTargetPageId rootid 3 tid 105988
target_page_id id: 6 tid 105988
0 1 tid 105988
128 4 tid 105988
365 2 tid 105988
492 5 tid 105988
619 6 tid 105988
170 tid 105988
Insert  tid 105988
FindTargetPageId rootid 3 tid 105986
target_page_id id: 6 tid 105986
0 1 tid 105986
128 4 tid 105986
365 2 tid 105986
492 5 tid 105986
619 6 tid 105986
170 tid 105986
Insert  tid 105986
FindTargetPageId rootid 3 tid 105987
target_page_id id: 6 tid 105987
0 1 tid 105987
128 4 tid 105987
365 2 tid 105987
492 5 tid 105987
619 6 tid 105987
171 tid 105987
Remove  tid 105987
FindTargetPageId rootid 3 tid 105987
target_page_id id: 6 tid 105987
0 1 tid 105987
128 4 tid 105987
365 2 tid 105987
492 5 tid 105987
619 6 tid 105987
171 tid 105987
Remove  tid 105987
FindTargetPageId rootid 3 tid 105986
target_page_id id: 6 tid 105986
0 1 tid 105986
128 4 tid 105986
365 2 tid 105986
492 5 tid 105986
619 6 tid 105986
171 tid 105986
Insert  tid 105986
FindTargetPageId rootid 3 tid 105988
target_page_id id: 6 tid 105988
0 1 tid 105988
128 4 tid 105988
365 2 tid 105988
492 5 tid 105988
619 6 tid 105988
172 tid 105988
Insert  tid 105988
FindTargetPageId rootid 3 tid 105987
target_page_id id: 6 tid 105987
0 1 tid 105987
128 4 tid 105987
365 2 tid 105987
492 5 tid 105987
619 6 tid 105987
172 tid 105987
Remove  tid 105987
FindTargetPageId rootid 3 tid 105986
target_page_id id: 6 tid 105986
0 1 tid 105986
128 4 tid 105986
365 2 tid 105986
492 5 tid 105986
619 6 tid 105986
172 tid 105986
Insert  tid 105986
FindTargetPageId rootid 3 tid 105988
target_page_id id: 6 tid 105988
0 1 tid 105988
128 4 tid 105988
365 2 tid 105988
492 5 tid 105988
619 6 tid 105988
173 tid 105988
Insert  tid 105988
FindTargetPageId rootid 3 tid 105987
target_page_id id: 6 tid 105987
0 1 tid 105987
128 4 tid 105987
365 2 tid 105987
492 5 tid 105987
619 6 tid 105987
173 tid 105987
Remove  tid 105987
FindTargetPageId rootid 3 tid 105987
target_page_id id: 6 tid 105987
0 1 tid 105987
128 4 tid 105987
365 2 tid 105987
492 5 tid 105987
619 6 tid 105987
173 tid 105987
Remove  tid 105987
FindTargetPageId rootid 3 tid 105988
target_page_id id: 6 tid 105988
0 1 tid 105988
128 4 tid 105988
365 2 tid 105988
492 5 tid 105988
619 6 tid 105988
173 tid 105988
Insert  tid 105988
FindTargetPageId rootid 3 tid 105986
target_page_id id: 6 tid 105986
0 1 tid 105986
128 4 tid 105986
365 2 tid 105986
492 5 tid 105986
619 6 tid 105986
173 tid 105986
Insert  tid 105986
FindTargetPageId rootid 3 tid 105987
target_page_id id: 6 tid 105987
0 1 tid 105987
128 4 tid 105987
365 2 tid 105987
492 5 tid 105987
619 6 tid 105987
174 tid 105987
Remove  tid 105987
FindTargetPageId rootid 3 tid 105988
target_page_id id: 6 tid 105988
0 1 tid 105988
128 4 tid 105988
365 2 tid 105988
492 5 tid 105988
619 6 tid 105988
174 tid 105988
Insert  tid 105988
FindTargetPageId rootid 3 tid 105986
target_page_id id: 6 tid 105986
0 1 tid 105986
128 4 tid 105986
365 2 tid 105986
492 5 tid 105986
619 6 tid 105986
174 tid 105986
Insert  tid 105986
FindTargetPageId rootid 3 tid 105987
target_page_id id: 6 tid 105987
0 1 tid 105987
128 4 tid 105987
365 2 tid 105987
492 5 tid 105987
619 6 tid 105987
175 tid 105987
Remove  tid 105987
FindTargetPageId rootid 3 tid 105988
target_page_id id: 6 tid 105988
0 1 tid 105988
128 4 tid 105988
365 2 tid 105988
492 5 tid 105988
619 6 tid 105988
175 tid 105988
Insert  tid 105988
FindTargetPageId rootid 3 tid 105986
target_page_id id: 6 tid 105986
0 1 tid 105986
128 4 tid 105986
365 2 tid 105986
492 5 tid 105986
619 6 tid 105986
175 tid 105986
Insert  tid 105986
FindTargetPageId rootid 3 tid 105987
target_page_id id: 6 tid 105987
0 1 tid 105987
128 4 tid 105987
365 2 tid 105987
492 5 tid 105987
619 6 tid 105987
176 tid 105987
Remove  tid 105987
FindTargetPageId rootid 3 tid 105988
target_page_id id: 6 tid 105988
0 1 tid 105988
128 4 tid 105988
365 2 tid 105988
492 5 tid 105988
619 6 tid 105988
176 tid 105988
Insert  tid 105988
FindTargetPageId rootid 3 tid 105988
target_page_id id: 6 tid 105988
0 1 tid 105988
128 4 tid 105988
365 2 tid 105988
492 5 tid 105988
619 6 tid 105988
176 tid 105988
Insert  tid 105988
FindTargetPageId rootid 3 tid 105987
target_page_id id: 6 tid 105987
0 1 tid 105987
128 4 tid 105987
365 2 tid 105987
492 5 tid 105987
619 6 tid 105987
176 tid 105987
Remove  tid 105987
FindTargetPageId rootid 3 tid 105987
target_page_id id: 6 tid 105987
0 1 tid 105987
128 4 tid 105987
365 2 tid 105987
492 5 tid 105987
619 6 tid 105987
176 tid 105987
Remove  tid 105987
FindTargetPageId rootid 3 tid 105988
target_page_id id: 6 tid 105988
0 1 tid 105988
128 4 tid 105988
365 2 tid 105988
492 5 tid 105988
619 6 tid 105988
176 tid 105988
Insert  tid 105988
FindTargetPageId rootid 3 tid 105986
target_page_id id: 6 tid 105986
0 1 tid 105986
128 4 tid 105986
365 2 tid 105986
492 5 tid 105986
619 6 tid 105986
176 tid 105986
Insert  tid 105986
FindTargetPageId rootid 3 tid 105987
target_page_id id: 6 tid 105987
0 1 tid 105987
128 4 tid 105987
365 2 tid 105987
492 5 tid 105987
619 6 tid 105987
177 tid 105987
Remove  tid 105987
FindTargetPageId rootid 3 tid 105988
target_page_id id: 6 tid 105988
0 1 tid 105988
128 4 tid 105988
365 2 tid 105988
492 5 tid 105988
619 6 tid 105988
177 tid 105988
Insert  tid 105988
FindTargetPageId rootid 3 tid 105986
target_page_id id: 6 tid 105986
0 1 tid 105986
128 4 tid 105986
365 2 tid 105986
492 5 tid 105986
619 6 tid 105986
177 tid 105986
Insert  tid 105986
FindTargetPageId rootid 3 tid 105987
target_page_id id: 6 tid 105987
0 1 tid 105987
128 4 tid 105987
365 2 tid 105987
492 5 tid 105987
619 6 tid 105987
178 tid 105987
Remove  tid 105987
FindTargetPageId rootid 3 tid 105988
target_page_id id: 6 tid 105988
0 1 tid 105988
128 4 tid 105988
365 2 tid 105988
492 5 tid 105988
619 6 tid 105988
178 tid 105988
Insert  tid 105988
FindTargetPageId rootid 3 tid 105986
target_page_id id: 6 tid 105986
0 1 tid 105986
128 4 tid 105986
365 2 tid 105986
492 5 tid 105986
619 6 tid 105986
178 tid 105986
Insert  tid 105986
FindTargetPageId rootid 3 tid 105987
target_page_id id: 6 tid 105987
0 1 tid 105987
128 4 tid 105987
365 2 tid 105987
492 5 tid 105987
619 6 tid 105987
179 tid 105987
Remove  tid 105987
FindTargetPageId rootid 3 tid 105988
target_page_id id: 6 tid 105988
0 1 tid 105988
128 4 tid 105988
365 2 tid 105988
492 5 tid 105988
619 6 tid 105988
179 tid 105988
Insert  tid 105988
FindTargetPageId rootid 3 tid 105986
target_page_id id: 6 tid 105986
0 1 tid 105986
128 4 tid 105986
365 2 tid 105986
492 5 tid 105986
619 6 tid 105986
179 tid 105986
Insert  tid 105986
FindTargetPageId rootid 3 tid 105987
target_page_id id: 6 tid 105987
0 1 tid 105987
128 4 tid 105987
365 2 tid 105987
492 5 tid 105987
619 6 tid 105987
180 tid 105987
Remove  tid 105987
FindTargetPageId rootid 3 tid 105987
target_page_id id: 6 tid 105987
0 1 tid 105987
128 4 tid 105987
365 2 tid 105987
492 5 tid 105987
619 6 tid 105987
180 tid 105987
Remove  tid 105987
FindTargetPageId rootid 3 tid 105987
target_page_id id: 6 tid 105987
0 1 tid 105987
128 4 tid 105987
365 2 tid 105987
492 5 tid 105987
619 6 tid 105987
180 tid 105987
Remove  tid 105987
FindTargetPageId rootid 3 tid 105988
target_page_id id: 6 tid 105988
0 1 tid 105988
128 4 tid 105988
365 2 tid 105988
492 5 tid 105988
619 6 tid 105988
180 tid 105988
Insert  tid 105988
FindTargetPageId rootid 3 tid 105986
target_page_id id: 6 tid 105986
0 1 tid 105986
128 4 tid 105986
365 2 tid 105986
492 5 tid 105986
619 6 tid 105986
180 tid 105986
Insert  tid 105986
FindTargetPageId rootid 3 tid 105986
target_page_id id: 6 tid 105986
0 1 tid 105986
128 4 tid 105986
365 2 tid 105986
492 5 tid 105986
619 6 tid 105986
181 tid 105986
Insert  tid 105986
FindTargetPageId rootid 3 tid 105988
target_page_id id: 6 tid 105988
0 1 tid 105988
128 4 tid 105988
365 2 tid 105988
492 5 tid 105988
619 6 tid 105988
182 tid 105988
Insert  tid 105988
FindTargetPageId rootid 3 tid 105987
target_page_id id: 6 tid 105987
0 1 tid 105987
128 4 tid 105987
365 2 tid 105987
492 5 tid 105987
619 6 tid 105987
182 tid 105987
Remove  tid 105987
FindTargetPageId rootid 3 tid 105987
target_page_id id: 6 tid 105987
0 1 tid 105987
128 4 tid 105987
365 2 tid 105987
492 5 tid 105987
619 6 tid 105987
182 tid 105987
Remove  tid 105987
FindTargetPageId rootid 3 tid 105987
target_page_id id: 6 tid 105987
0 1 tid 105987
128 4 tid 105987
365 2 tid 105987
492 5 tid 105987
619 6 tid 105987
182 tid 105987
Remove  tid 105987
FindTargetPageId rootid 3 tid 105987
target_page_id id: 6 tid 105987
0 1 tid 105987
128 4 tid 105987
365 2 tid 105987
492 5 tid 105987
619 6 tid 105987
182 tid 105987
Remove  tid 105987
FindTargetPageId rootid 3 tid 105988
target_page_id id: 6 tid 105988
0 1 tid 105988
128 4 tid 105988
365 2 tid 105988
492 5 tid 105988
619 6 tid 105988
182 tid 105988
Insert  tid 105988
FindTargetPageId rootid 3 tid 105988
target_page_id id: 6 tid 105988
0 1 tid 105988
128 4 tid 105988
365 2 tid 105988
492 5 tid 105988
619 6 tid 105988
182 tid 105988
Insert  tid 105988
FindTargetPageId rootid 3 tid 105988
target_page_id id: 6 tid 105988
0 1 tid 105988
128 4 tid 105988
365 2 tid 105988
492 5 tid 105988
619 6 tid 105988
182 tid 105988
Insert  tid 105988
FindTargetPageId rootid 3 tid 105988
target_page_id id: 6 tid 105988
0 1 tid 105988
128 4 tid 105988
365 2 tid 105988
492 5 tid 105988
619 6 tid 105988
182 tid 105988
Insert  tid 105988
FindTargetPageId rootid 3 tid 105988
target_page_id id: 6 tid 105988
0 1 tid 105988
128 4 tid 105988
365 2 tid 105988
492 5 tid 105988
619 6 tid 105988
182 tid 105988
Insert  tid 105988
FindTargetPageId rootid 3 tid 105988
target_page_id id: 6 tid 105988
0 1 tid 105988
128 4 tid 105988
365 2 tid 105988
492 5 tid 105988
619 6 tid 105988
182 tid 105988
Insert  tid 105988
FindTargetPageId rootid 3 tid 105986
target_page_id id: 6 tid 105986
0 1 tid 105986
128 4 tid 105986
365 2 tid 105986
492 5 tid 105986
619 6 tid 105986
182 tid 105986
Insert  tid 105986
FindTargetPageId rootid 3 tid 105987
target_page_id id: 6 tid 105987
0 1 tid 105987
128 4 tid 105987
365 2 tid 105987
492 5 tid 105987
619 6 tid 105987
183 tid 105987
Remove  tid 105987
FindTargetPageId rootid 3 tid 105988
target_page_id id: 6 tid 105988
0 1 tid 105988
128 4 tid 105988
365 2 tid 105988
492 5 tid 105988
619 6 tid 105988
183 tid 105988
FindTargetPageId rootid 3 tid 105986
target_page_id id: 6 tid 105986
0 1 tid 105986
128 4 tid 105986
365 2 tid 105986
492 5 tid 105986
619 6 tid 105986
Insert  tid 183105988 tid 
105986
Insert  tid 105986
FindTargetPageId rootid 3 tid 105986
target_page_id id: 6 tid 105986
0 1 tid 105986
128 4 tid 105986
365 2 tid 105986
492 5 tid 105986
619 6 tid 105986
184 tid 105986
Insert  tid 105986
FindTargetPageId rootid 3 tid 105987
target_page_id id: 6 tid 105987
0 1 tid 105987
128 4 tid 105987
365 2 tid 105987
492 5 tid 105987
619 6 tid 105987
185 tid 105987
Remove  tid 105987
FindTargetPageId rootid 3 tid 105988
target_page_id id: 6 tid 105988
0 1 tid 105988
128 4 tid 105988
365 2 tid 105988
492 5 tid 105988
619 6 tid 105988
185 tid 105988
Insert  tid 105988
FindTargetPageId rootid 3 tid 105986
target_page_id id: 6 tid 105986
0 1 tid 105986
128 4 tid 105986
365 2 tid 105986
492 5 tid 105986
619 6 tid 105986
185 tid 105986
Insert  tid 105986
FindTargetPageId rootid 3 tid 105986
target_page_id id: 6 tid 105986
0 1 tid 105986
128 4 tid 105986
365 2 tid 105986
492 5 tid 105986
619 6 tid 105986
186 tid 105986
Insert  tid 105986
FindTargetPageId rootid 3 tid 105986
target_page_id id: 6 tid 105986
0 1 tid 105986
128 4 tid 105986
365 2 tid 105986
492 5 tid 105986
619 6 tid 105986
187 tid 105986
Insert  tid 105986
FindTargetPageId rootid 3 tid 105986
target_page_id id: 6 tid 105986
0 1 tid 105986
128 4 tid 105986
365 2 tid 105986
492 5 tid 105986
619 6 tid 105986
188 tid 105986
Insert  tid 105986
FindTargetPageId rootid 3 tid 105986
target_page_id id: 6 tid 105986
0 1 tid 105986
128 4 tid 105986
365 2 tid 105986
492 5 tid 105986
619 6 tid 105986
189 tid 105986
Insert  tid 105986
FindTargetPageId rootid 3 tid 105986
target_page_id id: 6 tid 105986
0 1 tid 105986
128 4 tid 105986
365 2 tid 105986
492 5 tid 105986
619 6 tid 105986
190 tid 105986
Insert  tid 105986
FindTargetPageId rootid 3 tid 105986
target_page_id id: 6 tid 105986
0 1 tid 105986
128 4 tid 105986
365 2 tid 105986
492 5 tid 105986
619 6 tid 105986
191 tid 105986
Insert  tid 105986
FindTargetPageId rootid 3 tid 105986
target_page_id id: 6 tid 105986
0 1 tid 105986
128 4 tid 105986
365 2 tid 105986
492 5 tid 105986
619 6 tid 105986
192 tid 105986
Insert  tid 105986
FindTargetPageId rootid 3 tid 105988
target_page_id id: 6 tid 105988
0 1 tid 105988
128 4 tid 105988
365 2 tid 105988
492 5 tid 105988
619 6 tid 105988
193 tid 105988
Insert  tid 105988
FindTargetPageId rootid 3 tid 105988
target_page_id id: 6 tid 105988
0 1 tid 105988
128 4 tid 105988
365 2 tid 105988
492 5 tid 105988
619 6 tid 105988
193 tid 105988
Insert  tid 105988
FindTargetPageId rootid 3 tid 105988
target_page_id id: 6 tid 105988
0 1 tid 105988
128 4 tid 105988
365 2 tid 105988
492 5 tid 105988
619 6 tid 105988
193 tid 105988
Insert  tid 105988
FindTargetPageId rootid 3 tid 105988
target_page_id id: 6 tid 105988
0 1 tid 105988
128 4 tid 105988
365 2 tid 105988
492 5 tid 105988
619 6 tid 105988
193 tid 105988
Insert  tid 105988
FindTargetPageId rootid 3 tid 105988
target_page_id id: 6 tid 105988
0 1 tid 105988
128 4 tid 105988
365 2 tid 105988
492 5 tid 105988
619 6 tid 105988
193 tid 105988
Insert  tid 105988
FindTargetPageId rootid 3 tid 105988
target_page_id id: 6 tid 105988
0 1 tid 105988
128 4 tid 105988
365 2 tid 105988
492 5 tid 105988
619 6 tid 105988
193 tid 105988
Insert  tid 105988
FindTargetPageId rootid 3 tid 105988
target_page_id id: 6 tid 105988
0 1 tid 105988
128 4 tid 105988
365 2 tid 105988
492 5 tid 105988
619 6 tid 105988
193 tid 105988
Insert  tid 105988
FindTargetPageId rootid 3 tid 105988
target_page_id id: 6 tid 105988
0 1 tid 105988
128 4 tid 105988
365 2 tid 105988
492 5 tid 105988
619 6 tid 105988
193 tid 105988
Insert  tid 105988
FindTargetPageId rootid 3 tid 105986
target_page_id id: 6 tid 105986
0 1 tid 105986
128 4 tid 105986
365 2 tid 105986
492 5 tid 105986
619 6 tid 105986
193 tid 105986
FindTargetPageId rootid 3 tid 105987
target_page_id id: 6 tid 105987
0 1 tid 105987
128 4 tid 105987
365 2 tid 105987
Insert  tid 492105986
 5 tid 105987
619 6 tid 105987
194 tid 105987
Remove  tid 105987
FindTargetPageId rootid 3 tid 105987
target_page_id id: 6 tid 105987
0 1 tid 105987
128 4 tid 105987
365 2 tid 105987
492 5 tid 105987
619 6 tid 105987
194 tid 105987
Remove  tid 105987
FindTargetPageId rootid 3 tid 105986
target_page_id id: 6 tid 105986
0 1 tid 105986
128 4 tid 105986
365 2 tid 105986
492 5 tid 105986
619 6 tid 105986
194 tid 105986
Insert  tid 105986
FindTargetPageId rootid 3 tid 105986
target_page_id id: 6 tid 105986
0 1 tid 105986
128 4 tid 105986
365 2 tid 105986
492 5 tid 105986
619 6 tid 105986
195 tid 105986
Insert  tid 105986
FindTargetPageId rootid 3 tid 105987
target_page_id id: 6 tid 105987
0 1 tid 105987
128 4 tid 105987
365 2 tid 105987
492 5 tid 105987
619 6 tid 105987
196 tid 105987
Remove  tid 105987
FindTargetPageId rootid 3 tid 105988
target_page_id id: 6 tid 105988
0 1 tid 105988
128 4 tid 105988
365 2 tid 105988
492 5 tid 105988
619 6 tid 105988
196 tid 105988
Insert  tid 105988
FindTargetPageId rootid 3 tid 105986
target_page_id id: 6 tid 105986
0 1 tid 105986
128 4 tid 105986
365 2 tid 105986
492 5 tid 105986
619 6 tid 105986
196 tid 105986
Insert  tid 105986
FindTargetPageId rootid 3 tid 105987
target_page_id id: 6 tid 105987
0 1 tid 105987
128 4 tid 105987
365 2 tid 105987
492 5 tid 105987
619 6 tid 105987
197 tid 105987
Remove  tid 105987
FindTargetPageId rootid 3 tid 105988
target_page_id id: 6 tid 105988
0 1 tid 105988
128 4 tid 105988
365 2 tid 105988
492 5 tid 105988
619 6 tid 105988
197 tid 105988
Insert  tid 105988
FindTargetPageId rootid 3 tid 105988
target_page_id id: 6 tid 105988
0 1 tid 105988
128 4 tid 105988
365 2 tid 105988
492 5 tid 105988
619 6 tid 105988
197 tid 105988
Insert  tid 105988
FindTargetPageId rootid 3 tid 105988
target_page_id id: 6 tid 105988
0 1 tid 105988
128 4 tid 105988
365 2 tid 105988
492 5 tid 105988
619 6 tid 105988
197 tid 105988
Insert  tid 105988
FindTargetPageId rootid 3 tid 105986
target_page_id id: 6 tid 105986
0 1 tid 105986
128 4 tid 105986
365 2 tid 105986
492 5 tid 105986
619 6 tid 105986
197 tid 105986
Insert  tid 105986
FindTargetPageId rootid 3 tid 105987
target_page_id id: 6 tid 105987
0 1 tid 105987
128 4 tid 105987
365 2 tid 105987
492 5 tid 105987
619 6 tid 105987
198 tid 105987
Remove  tid 105987
FindTargetPageId rootid 3 tid 105988
target_page_id id: 6 tid 105988
0 1 tid 105988
128 4 tid 105988
365 2 tid 105988
492 5 tid 105988
619 6 tid 105988
198 tid 105988
Insert  tid 105988
FindTargetPageId rootid 3 tid 105986
target_page_id id: 6 tid 105986
0 1 tid 105986
128 4 tid 105986
365 2 tid 105986
492 5 tid 105986
619 6 tid 105986
198 tid 105986
Insert  tid 105986
FindTargetPageId rootid 3 tid 105987
target_page_id id: 6 tid 105987
0 1 tid 105987
128 4 tid 105987
365 2 tid 105987
492 5 tid 105987
619 6 tid 105987
199 tid 105987
Remove  tid 105987
FindTargetPageId rootid 3 tid 105987
target_page_id id: 6 tid 105987
0 1 tid 105987
128 4 tid 105987
365 2 tid 105987
492 5 tid 105987
619 6 tid 105987
199 tid 105987
Remove  tid 105987
FindTargetPageId rootid 3 tid 105986
target_page_id id: 6 tid 105986
0 1 tid 105986
128 4 tid 105986
365 2 tid 105986
492 5 tid 105986
619 6 tid 105986
199 tid 105986
Insert  tid 105986
FindTargetPageId rootid 3 tid 105988
target_page_id id: 6 tid 105988
0 1 tid 105988
128 4 tid 105988
365 2 tid 105988
492 5 tid 105988
619 6 tid 105988
200 tid 105988
Insert  tid 105988
FindTargetPageId rootid 3 tid 105987
target_page_id id: 6 tid 105987
0 1 tid 105987
128 4 tid 105987
365 2 tid 105987
492 5 tid 105987
619 6 tid 105987
200 tid 105987
Remove  tid 105987
FindTargetPageId rootid 3 tid 105986
target_page_id id: 6 tid 105986
0 1 tid 105986
128 4 tid 105986
365 2 tid 105986
492 5 tid 105986
619 6 tid 105986
200 tid 105986
Insert  tid 105986
FindTargetPageId rootid 3 tid 105988
target_page_id id: 6 tid 105988
0 1 tid 105988
128 4 tid 105988
365 2 tid 105988
492 5 tid 105988
619 6 tid 105988
201 tid 105988
Insert  tid 105988
FindTargetPageId rootid 3 tid 105987
target_page_id id: 6 tid 105987
0 1 tid 105987
128 4 tid 105987
365 2 tid 105987
492 5 tid 105987
619 6 tid 105987
201 tid 105987
Remove  tid 105987
FindTargetPageId rootid 3 tid 105986
target_page_id id: 6 tid 105986
0 1 tid 105986
128 4 tid 105986
365 2 tid 105986
492 5 tid 105986
619 6 tid 105986
201 tid 105986
Insert  tid 105986
FindTargetPageId rootid 3 tid 105988
target_page_id id: 6 tid 105988
0 1 tid 105988
128 4 tid 105988
365 2 tid 105988
492 5 tid 105988
619 6 tid 105988
202 tid 105988
Insert  tid 105988
FindTargetPageId rootid 3 tid 105987
target_page_id id: 6 tid 105987
0 1 tid 105987
128 4 tid 105987
365 2 tid 105987
492 5 tid 105987
619 6 tid 105987
202 tid 105987
Remove  tid 105987
FindTargetPageId rootid 3 tid 105986
target_page_id id: 6 tid 105986
0 1 tid 105986
128 4 tid 105986
365 2 tid 105986
492 5 tid 105986
619 6 tid 105986
202 tid 105986
Insert  tid 105986
FindTargetPageId rootid 3 tid 105988
target_page_id id: 6 tid 105988
0 1 tid 105988
128 4 tid 105988
365 2 tid 105988
492 5 tid 105988
619 6 tid 105988
203 tid 105988
Insert  tid 105988
FindTargetPageId rootid 3 tid 105987
target_page_id id: 6 tid 105987
0 1 tid 105987
128 4 tid 105987
365 2 tid 105987
492 5 tid 105987
619 6 tid 105987
203 tid 105987
Remove  tid 105987
FindTargetPageId rootid 3 tid 105986
target_page_id id: 6 tid 105986
0 1 tid 105986
128 4 tid 105986
365 2 tid 105986
492 5 tid 105986
619 6 tid 105986
203 tid 105986
Insert  tid 105986
FindTargetPageId rootid 3 tid 105988
target_page_id id: 6 tid 105988
0 1 tid 105988
128 4 tid 105988
365 2 tid 105988
492 5 tid 105988
619 6 tid 105988
204 tid 105988
Insert  tid 105988
FindTargetPageId rootid 3 tid 105986
target_page_id id: 6 tid 105986
0 1 tid 105986
128 4 tid 105986
365 2 tid 105986
492 5 tid 105986
619 6 tid 105986
204 tid 105986
Insert  tid 105986
FindTargetPageId rootid 3 tid 105987
target_page_id id: 6 tid 105987
0 1 tid 105987
128 4 tid 105987
365 2 tid 105987
492 5 tid 105987
619 6 tid 105987
205 tid 105987
Remove  tid 105987
FindTargetPageId rootid 3 tid 105988
target_page_id id: 6 tid 105988
0 1 tid 105988
128 4 tid 105988
365 2 tid 105988
492 5 tid 105988
619 6 tid 105988
205 tid 105988
Insert  tid 105988
FindTargetPageId rootid 3 tid 105986
target_page_id id: 6 tid 105986
0 1 tid 105986
128 4 tid 105986
365 2 tid 105986
492 5 tid 105986
619 6 tid 105986
205 tid 105986
Insert  tid 105986
FindTargetPageId rootid 3 tid 105987
target_page_id id: 6 tid 105987
0 1 tid 105987
128 4 tid 105987
365 2 tid 105987
492 5 tid 105987
619 6 tid 105987
206 tid 105987
Remove  tid 105987
FindTargetPageId rootid 3 tid 105988
target_page_id id: 6 tid 105988
0 1 tid 105988
128 4 tid 105988
365 2 tid 105988
492 5 tid 105988
619 6 tid 105988
206 tid 105988
Insert  tid 105988
FindTargetPageId rootid 3 tid 105988
target_page_id id: 6 tid 105988
0 1 tid 105988
128 4 tid 105988
365 2 tid 105988
492 5 tid 105988
619 6 tid 105988
206 tid 105988
Insert  tid 105988
FindTargetPageId rootid 3 tid 105987
target_page_id id: 6 tid 105987
0 1 tid 105987
128 4 tid 105987
365 2 tid 105987
492 5 tid 105987
619 6 tid 105987
206 tid 105987
Remove  tid 105987
FindTargetPageId rootid 3 tid 105986
target_page_id id: 6 tid 105986
0 1 tid 105986
128 4 tid 105986
365 2 tid 105986
492 5 tid 105986
619 6 tid 105986
206 tid 105986
Insert  tid 105986
FindTargetPageId rootid 3 tid 105988
target_page_id id: 6 tid 105988
0 1 tid 105988
128 4 tid 105988
365 2 tid 105988
492 5 tid 105988
619 6 tid 105988
207 tid 105988
Insert  tid 105988
FindTargetPageId rootid 3 tid 105988
target_page_id id: 6 tid 105988
0 1 tid 105988
128 4 tid 105988
365 2 tid 105988
492 5 tid 105988
619 6 tid 105988
207 tid 105988
Insert  tid 105988
FindTargetPageId rootid 3 tid 105986
target_page_id id: 6 tid 105986
0 1 tid 105986
128 4 tid 105986
365 2 tid 105986
492 5 tid 105986
619 6 tid 105986
207 tid 105986
Insert  tid 105986
FindTargetPageId rootid 3 tid 105987
target_page_id id: 6 tid 105987
0 1 tid 105987
128 4 tid 105987
365 2 tid 105987
492 5 tid 105987
619 6 tid 105987
208 tid 105987
Remove  tid 105987
FindTargetPageId rootid 3 tid 105987
target_page_id id: 6 tid 105987
0 1 tid 105987
128 4 tid 105987
365 2 tid 105987
492 5 tid 105987
619 6 tid 105987
208 tid 105987
Remove  tid 105987
FindTargetPageId rootid 3 tid 105987
target_page_id id: 6 tid 105987
0 1 tid 105987
128 4 tid 105987
365 2 tid 105987
492 5 tid 105987
619 6 tid 105987
208 tid 105987
Remove  tid 105987
FindTargetPageId rootid 3 tid 105986
target_page_id id: 6 tid 105986
0 1 tid 105986
128 4 tid 105986
365 2 tid 105986
492 5 tid 105986
619 6 tid 105986
208 tid 105986
Insert  tid 105986
FindTargetPageId rootid 3 tid 105986
target_page_id id: 6 tid 105986
0 1 tid 105986
128 4 tid 105986
365 2 tid 105986
492 5 tid 105986
619 6 tid 105986
209 tid 105986
Insert  tid 105986
FindTargetPageId rootid 3 tid 105987
target_page_id id: 6 tid 105987
0 1 tid 105987
128 4 tid 105987
365 2 tid 105987
492 5 tid 105987
619 6 tid 105987
210 tid 105987
Remove  tid 105987
FindTargetPageId rootid 3 tid 105988
target_page_id id: 6 tid 105988
0 1 tid 105988
128 4 tid 105988
365 2 tid 105988
492 5 tid 105988
619 6 tid 105988
210 tid 105988
Insert  tid 105988
FindTargetPageId rootid 3 tid 105988
target_page_id id: 6 tid 105988
0 1 tid 105988
128 4 tid 105988
365 2 tid 105988
492 5 tid 105988
619 6 tid 105988
210 tid 105988
Insert  tid 105988
FindTargetPageId rootid 3 tid 105987
target_page_id id: 6 tid 105987
0 1 tid 105987
128 4 tid 105987
365 2 tid 105987
492 5 tid 105987
619 6 tid 105987
210 tid 105987
Remove  tid 105987
FindTargetPageId rootid 3 tid 105986
target_page_id id: 6 tid 105986
0 1 tid 105986
128 4 tid 105986
365 2 tid 105986
492 5 tid 105986
619 6 tid 105986
210 tid 105986
Insert  tid 105986
FindTargetPageId rootid 3 tid 105988
target_page_id id: 6 tid 105988
0 1 tid 105988
128 4 tid 105988
365 2 tid 105988
492 5 tid 105988
619 6 tid 105988
211 tid 105988
Insert  tid 105988
FindTargetPageId rootid 3 tid 105987
target_page_id id: 6 tid 105987
0 1 tid 105987
128 4 tid 105987
365 2 tid 105987
492 5 tid 105987
619 6 tid 105987
211 tid 105987
FindTargetPageId rootid 3 tid 105986
Remove  tid 105987
target_page_id id: 6 tid 105986
0 1 tid 105986
128 4 tid 105986
365 2 tid 105986
492 5 tid 105986
619 6 tid 105986
211 tid 105986
Insert  tid 105986
FindTargetPageId rootid 3 tid 105988
target_page_id id: 6 tid 105988
0 1 tid 105988
128 4 tid 105988
365 2 tid 105988
492 5 tid 105988
619 6 tid 105988
212 tid 105988
Insert  tid 105988
FindTargetPageId rootid 3 tid 105987
target_page_id id: 6 tid 105987
0 1 tid 105987
128 4 tid 105987
365 2 tid 105987
492 5 tid 105987
619 6 tid 105987
212 tid 105987
Remove  tid 105987
FindTargetPageId rootid 3 tid 105987
target_page_id id: 6 tid 105987
0 1 tid 105987
128 4 tid 105987
365 2 tid 105987
492 5 tid 105987
619 6 tid 105987
212 tid 105987
Remove  tid 105987
FindTargetPageId rootid 3 tid 105988
target_page_id id: 6 tid 105988
0 1 tid 105988
128 4 tid 105988
365 2 tid 105988
492 5 tid 105988
619 6 tid 105988
212 tid 105988
Insert  tid 105988
FindTargetPageId rootid 3 tid 105986
target_page_id id: 6 tid 105986
0 1 tid 105986
128 4 tid 105986
365 2 tid 105986
492 5 tid 105986
619 6 tid 105986
212 tid 105986
Insert  tid 105986
FindTargetPageId rootid 3 tid 105987
target_page_id id: 6 tid 105987
0 1 tid 105987
128 4 tid 105987
365 2 tid 105987
492 5 tid 105987
619 6 tid 105987
213 tid 105987
Remove  tid 105987
FindTargetPageId rootid 3 tid 105988
target_page_id id: 6 tid 105988
0 1 tid 105988
128 4 tid 105988
365 2 tid 105988
492 5 tid 105988
619 6 tid 105988
213 tid 105988
Insert  tid 105988
FindTargetPageId rootid 3 tid 105986
target_page_id id: 6 tid 105986
0 1 tid 105986
128 4 tid 105986
365 2 tid 105986
492 5 tid 105986
619 6 tid 105986
213 tid 105986
Insert  tid 105986
FindTargetPageId rootid 3 tid 105987
target_page_id id: 6 tid 105987
0 1 tid 105987
128 4 tid 105987
365 2 tid 105987
492 5 tid 105987
619 6 tid 105987
214 tid 105987
Remove  tid 105987
FindTargetPageId rootid 3 tid 105988
target_page_id id: 6 tid 105988
0 1 tid 105988
128 4 tid 105988
365 2 tid 105988
492 5 tid 105988
619 6 tid 105988
214 tid 105988
Insert  tid 105988
FindTargetPageId rootid 3 tid 105986
target_page_id id: 6 tid 105986
0 1 tid 105986
128 4 tid 105986
365 2 tid 105986
492 5 tid 105986
619 6 tid 105986
214 tid 105986
Insert  tid 105986
FindTargetPageId rootid 3 tid 105987
target_page_id id: 6 tid 105987
0 1 tid 105987
128 4 tid 105987
365 2 tid 105987
492 5 tid 105987
619 6 tid 105987
215 tid 105987
Remove  tid 105987
FindTargetPageId rootid 3 tid 105988
target_page_id id: 6 tid 105988
0 1 tid 105988
128 4 tid 105988
365 2 tid 105988
492 5 tid 105988
619 6 tid 105988
215 tid 105988
Insert  tid 105988
FindTargetPageId rootid 3 tid 105986
target_page_id id: 6 tid 105986
0 1 tid 105986
128 4 tid 105986
365 2 tid 105986
492 5 tid 105986
619 6 tid 105986
215 tid 105986
Insert  tid 105986
FindTargetPageId rootid 3 tid 105987
target_page_id id: 6 tid 105987
0 1 tid 105987
128 4 tid 105987
365 2 tid 105987
492 5 tid 105987
619 6 tid 105987
216 tid 105987
Remove  tid 105987
FindTargetPageId rootid 3 tid 105988
target_page_id id: 6 tid 105988
0 1 tid 105988
128 4 tid 105988
365 2 tid 105988
492 5 tid 105988
619 6 tid 105988
216 tid 105988
Insert  tid 105988
FindTargetPageId rootid 3 tid 105986
target_page_id id: 6 tid 105986
0 1 tid 105986
128 4 tid 105986
365 2 tid 105986
492 5 tid 105986
619 6 tid 105986
216 tid 105986
Insert  tid 105986
FindTargetPageId rootid 3 tid 105987
target_page_id id: 6 tid 105987
0 1 tid 105987
128 4 tid 105987
365 2 tid 105987
492 5 tid 105987
619 6 tid 105987
217 tid 105987
Remove  tid 105987
FindTargetPageId rootid 3 tid 105988
target_page_id id: 6 tid 105988
0 1 tid 105988
128 4 tid 105988
365 2 tid 105988
492 5 tid 105988
619 6 tid 105988
217 tid 105988
Insert  tid 105988
FindTargetPageId rootid 3 tid 105986
target_page_id id: 6 tid 105986
0 1 tid 105986
128 4 tid 105986
365 2 tid 105986
492 5 tid 105986
619 6 tid 105986
217 tid 105986
Insert  tid 105986
FindTargetPageId rootid 3 tid 105987
target_page_id id: 6 tid 105987
0 1 tid 105987
128 4 tid 105987
365 2 tid 105987
492 5 tid 105987
619 6 tid 105987
218 tid 105987
Remove  tid 105987
FindTargetPageId rootid 3 tid 105988
target_page_id id: 6 tid 105988
0 1 tid 105988
128 4 tid 105988
365 2 tid 105988
492 5 tid 105988
619 6 tid 105988
218 tid 105988
Insert  tid 105988
FindTargetPageId rootid 3 tid 105986
target_page_id id: 6 tid 105986
0 1 tid 105986
128 4 tid 105986
365 2 tid 105986
492 5 tid 105986
619 6 tid 105986
218 tid 105986
Insert  tid 105986
FindTargetPageId rootid 3 tid 105987
target_page_id id: 6 tid 105987
0 1 tid 105987
128 4 tid 105987
365 2 tid 105987
492 5 tid 105987
619 6 tid 105987
219 tid 105987
Remove  tid 105987
FindTargetPageId rootid 3 tid 105987
target_page_id id: 6 tid 105987
0 1 tid 105987
128 4 tid 105987
365 2 tid 105987
492 5 tid 105987
619 6 tid 105987
219 tid 105987
Remove  tid 105987
FindTargetPageId rootid 3 tid 105987
target_page_id id: 6 tid 105987
0 1 tid 105987
128 4 tid 105987
365 2 tid 105987
492 5 tid 105987
619 6 tid 105987
219 tid 105987
Remove  tid 105987
FindTargetPageId rootid 3 tid 105988
target_page_id id: 6 tid 105988
0 1 tid 105988
128 4 tid 105988
365 2 tid 105988
492 5 tid 105988
619 6 tid 105988
219 tid 105988
Insert  tid 105988
FindTargetPageId rootid 3 tid 105986
target_page_id id: 6 tid 105986
0 1 tid 105986
128 4 tid 105986
365 2 tid 105986
492 5 tid 105986
619 6 tid 105986
219 tid 105986
Insert  tid 105986
FindTargetPageId rootid 3 tid 105987
target_page_id id: 6 tid 105987
0 1 tid 105987
128 4 tid 105987
365 2 tid 105987
492 5 tid 105987
619 6 tid 105987
220 tid 105987
Remove  tid 105987
FindTargetPageId rootid 3 tid 105988
target_page_id id: 6 tid 105988
0 1 tid 105988
128 4 tid 105988
365 2 tid 105988
492 5 tid 105988
619 6 tid 105988
220 tid 105988
Insert  tid 105988
FindTargetPageId rootid 3 tid 105986
target_page_id id: 6 tid 105986
0 1 tid 105986
128 4 tid 105986
365 2 tid 105986
492 5 tid 105986
619 6 tid 105986
220 tid 105986
Insert  tid 105986
FindTargetPageId rootid 3 tid 105987
target_page_id id: 6 tid 105987
0 1 tid 105987
128 4 tid 105987
365 2 tid 105987
492 5 tid 105987
619 6 tid 105987
221 tid 105987
FindTargetPageId rootid 3 tid 105988
target_page_id id: 6 tid 105988
0 1 tid 105988
128 4 tid 105988
365 2 tid 105988
492 5 tid 105988
619 6 tid 105988
Remove  tid 221 tid 105988
105987
Insert  tid 105988
FindTargetPageId rootid 3 tid 105987
target_page_id id: 6 tid 105987
0 1 tid 105987
128 4 tid 105987
365 2 tid 105987
492 5 tid 105987
619 6 tid 105987
221 tid 105987
Remove  tid 105987
FindTargetPageId rootid 3 tid 105988
target_page_id id: 6 tid 105988
0 1 tid 105988
128 4 tid 105988
365 2 tid 105988
492 5 tid 105988
619 6 tid 105988
221 tid 105988
Insert  tid 105988
FindTargetPageId rootid 3 tid 105986
target_page_id id: 6 tid 105986
0 1 tid 105986
128 4 tid 105986
365 2 tid 105986
492 5 tid 105986
619 6 tid 105986
221 tid 105986
Insert  tid 105986
FindTargetPageId rootid 3 tid 105987
target_page_id id: 6 tid 105987
0 1 tid 105987
128 4 tid 105987
365 2 tid 105987
492 5 tid 105987
619 6 tid 105987
222 tid 105987
Remove  tid 105987
FindTargetPageId rootid 3 tid 105987
target_page_id id: 6 tid 105987
0 1 tid 105987
128 4 tid 105987
365 2 tid 105987
492 5 tid 105987
619 6 tid 105987
222 tid 105987
Remove  tid 105987
FindTargetPageId rootid 3 tid 105986
target_page_id id: 6 tid 105986
0 1 tid 105986
128 4 tid 105986
365 2 tid 105986
492 5 tid 105986
619 6 tid 105986
222 tid 105986
Insert  tid 105986
FindTargetPageId rootid 3 tid 105988
target_page_id id: 6 tid 105988
0 1 tid 105988
128 4 tid 105988
365 2 tid 105988
492 5 tid 105988
619 6 tid 105988
223 tid 105988
Insert  tid 105988
FindTargetPageId rootid 3 tid 105988
target_page_id id: 6 tid 105988
0 1 tid 105988
128 4 tid 105988
365 2 tid 105988
492 5 tid 105988
619 6 tid 105988
223 tid 105988
Insert  tid 105988
FindTargetPageId rootid 3 tid 105987
target_page_id id: 6 tid 105987
0 1 tid 105987
128 4 tid 105987
365 2 tid 105987
492 5 tid 105987
619 6 tid 105987
223 tid 105987
Remove  tid 105987
FindTargetPageId rootid 3 tid 105987
target_page_id id: 6 tid 105987
0 1 tid 105987
128 4 tid 105987
365 2 tid 105987
492 5 tid 105987
619 6 tid 105987
223 tid 105987
Remove  tid 105987
FindTargetPageId rootid 3 tid 105987
target_page_id id: 6 tid 105987
0 1 tid 105987
128 4 tid 105987
365 2 tid 105987
492 5 tid 105987
619 6 tid 105987
223 tid 105987
Remove  tid 105987
FindTargetPageId rootid 3 tid 105987
target_page_id id: 6 tid 105987
0 1 tid 105987
128 4 tid 105987
365 2 tid 105987
492 5 tid 105987
619 6 tid 105987
223 tid 105987
Remove  tid 105987
FindTargetPageId rootid 3 tid 105987
target_page_id id: 6 tid 105987
0 1 tid 105987
128 4 tid 105987
365 2 tid 105987
492 5 tid 105987
619 6 tid 105987
223 tid 105987
Remove  tid 105987
FindTargetPageId rootid 3 tid 105987
target_page_id id: 6 tid 105987
0 1 tid 105987
128 4 tid 105987
365 2 tid 105987
492 5 tid 105987
619 6 tid 105987
223 tid 105987
Remove  tid 105987
FindTargetPageId rootid 3 tid 105988
target_page_id id: 6 tid 105988
0 1 tid 105988
128 4 tid 105988
365 2 tid 105988
492 5 tid 105988
619 6 tid 105988
223 tid 105988
Insert  tid 105988
FindTargetPageId rootid 3 tid 105986
target_page_id id: 6 tid 105986
0 1 tid 105986
128 4 tid 105986
365 2 tid 105986
492 5 tid 105986
619 6 tid 105986
223 tid 105986
Insert  tid 105986
FindTargetPageId rootid 3 tid 105987
target_page_id id: 6 tid 105987
0 1 tid 105987
128 4 tid 105987
365 2 tid 105987
492 5 tid 105987
619 6 tid 105987
224 tid 105987
Remove  tid 105987
FindTargetPageId rootid 3 tid 105988
target_page_id id: 6 tid 105988
0 1 tid 105988
128 4 tid 105988
365 2 tid 105988
492 5 tid 105988
619 6 tid 105988
224 tid 105988
Insert  tid 105988
FindTargetPageId rootid 3 tid 105986
target_page_id id: 6 tid 105986
0 1 tid 105986
128 4 tid 105986
365 2 tid 105986
492 5 tid 105986
619 6 tid 105986
224 tid 105986
Insert  tid 105986
FindTargetPageId rootid 3 tid 105987
target_page_id id: 6 tid 105987
0 1 tid 105987
128 4 tid 105987
365 2 tid 105987
492 5 tid 105987
619 6 tid 105987
225 tid 105987
FindTargetPageId rootid 3 tid Remove 105988 tid 
target_page_id id: 6 tid 105988
0 1 tid 105988
128 4 tid 105988
365 2 tid 105988
492 5 tid 105988
619 6 tid 105988
225 tid 105988
Insert  tid 105988
FindTargetPageId rootid 3 tid 105988
target_page_id id: 6 tid 105988
0 1 tid 105988
128 4 tid 105988
365 2 tid 105988
492 5 tid 105988
619 6 tid 105988
225 tid 105988
105987
Insert  tid 105988
FindTargetPageId rootid 3 tid 105986
target_page_id id: 6 tid 105986
0 1 tid 105986
128 4 tid 105986
365 2 tid 105986
492 5 tid 105986
619 6 tid 105986
225 tid 105986
Insert  tid 105986
FindTargetPageId rootid 3 tid 105986
target_page_id id: 6 tid 105986
0 1 tid 105986
128 4 tid 105986
365 2 tid 105986
492 5 tid 105986
619 6 tid 105986
226 tid 105986
Insert  tid 105986
FindTargetPageId rootid 3 tid 105986
target_page_id id: 6 tid 105986
0 1 tid 105986
128 4 tid 105986
365 2 tid 105986
492 5 tid 105986
619 6 tid 105986
227 tid 105986
Insert  tid 105986
FindTargetPageId rootid 3 tid 105987
target_page_id id: 6 tid 105987
0 1 tid 105987
128 4 tid 105987
365 2 tid 105987
492 5 tid 105987
619 6 tid 105987
228 tid 105987
Remove  tid 105987
FindTargetPageId rootid 3 tid 105988
target_page_id id: 6 tid 105988
0 1 tid 105988
128 4 tid 105988
365 2 tid 105988
492 5 tid 105988
619 6 tid 105988
228 tid 105988
Insert  tid 105988
FindTargetPageId rootid 3 tid 105988
target_page_id id: 6 tid 105988
0 1 tid 105988
128 4 tid 105988
365 2 tid 105988
492 5 tid 105988
619 6 tid 105988
228 tid 105988
Insert  tid 105988
FindTargetPageId rootid 3 tid 105987
target_page_id id: 6 tid 105987
0 1 tid 105987
128 4 tid 105987
365 2 tid 105987
492 5 tid 105987
619 6 tid 105987
228 tid 105987
Remove  tid 105987
FindTargetPageId rootid 3 tid 105987
target_page_id id: 6 tid 105987
0 1 tid 105987
128 4 tid 105987
365 2 tid 105987
492 5 tid 105987
619 6 tid 105987
228 tid 105987
Remove  tid 105987
FindTargetPageId rootid 3 tid 105987
target_page_id id: 6 tid 105987
0 1 tid 105987
128 4 tid 105987
365 2 tid 105987
492 5 tid 105987
619 6 tid 105987
228 tid 105987
Remove  tid 105987
FindTargetPageId rootid 3 tid 105987
target_page_id id: 6 tid 105987
0 1 tid 105987
128 4 tid 105987
365 2 tid 105987
492 5 tid 105987
619 6 tid 105987
228 tid 105987
Remove  tid 105987
FindTargetPageId rootid 3 tid 105987
target_page_id id: 6 tid 105987
0 1 tid 105987
128 4 tid 105987
365 2 tid 105987
492 5 tid 105987
619 6 tid 105987
228 tid 105987
Remove  tid 105987
FindTargetPageId rootid 3 tid 105987
target_page_id id: 6 tid 105987
0 1 tid 105987
128 4 tid 105987
365 2 tid 105987
492 5 tid 105987
619 6 tid 105987
228 tid 105987
Remove  tid 105987
FindTargetPageId rootid 3 tid 105987
target_page_id id: 6 tid 105987
0 1 tid 105987
128 4 tid 105987
365 2 tid 105987
492 5 tid 105987
619 6 tid 105987
228 tid 105987
Remove  tid 105987
FindTargetPageId rootid 3 tid 105987
target_page_id id: 6 tid 105987
0 1 tid 105987
128 4 tid 105987
365 2 tid 105987
492 5 tid 105987
619 6 tid 105987
228 tid 105987
Remove  tid 105987
FindTargetPageId rootid 3 tid 105987
target_page_id id: 6 tid 105987
0 1 tid 105987
128 4 tid 105987
365 2 tid 105987
492 5 tid 105987
619 6 tid 105987
228 tid 105987
Remove  tid 105987
FindTargetPageId rootid 3 tid 105987
target_page_id id: 6 tid 105987
0 1 tid 105987
128 4 tid 105987
365 2 tid 105987
492 5 tid 105987
619 6 tid 105987
228 tid 105987
FindTargetPageId rootid 3 tid 105988
target_page_id id: 6 tid 105988
0 1 tid 105988
128 4 tid 105988
365 2 tid 105988
492 5 tid 105988
619 6 tid 105988
228 tid 105988
Insert  tid 105988
FindTargetPageId rootid 3 tid 105988
target_page_id id: 6 tid 105988
0 1 tid 105988
128 4 tid 105988
365 2 tid 105988
492 5 tid 105988
619 6 tid 105988
228 tid 105988
Insert  tid 105988
FindTargetPageId rootid 3 tid 105986
target_page_id id: 6 tid 105986
0 1 tid 105986
128 4 tid 105986
365 2 tid 105986
492 5 tid 105986
619 6 tid 105986
228 tid 105986
Insert  tid 105986
FindTargetPageId rootid 3 tid 105988
target_page_id id: 6 tid 105988
0 1 tid 105988
128 4 tid 105988
365 2 tid 105988
492 5 tid 105988
619 6 tid 105988
229 tid 105988
Insert  tid 105988
FindTargetPageId rootid 3 tid 105986
target_page_id id: 6 tid 105986
0 1 tid 105986
128 4 tid 105986
365 2 tid 105986
492 5 tid 105986
619 6 tid 105986
229 tid 105986
Insert  tid 105986
FindTargetPageId rootid 3 tid 105988
target_page_id id: 6 tid 105988
0 1 tid 105988
128 4 tid 105988
365 2 tid 105988
492 5 tid 105988
619 6 tid 105988
230 tid 105988
Insert  tid 105988
FindTargetPageId rootid 3 tid 105986
target_page_id id: 6 tid 105986
0 1 tid 105986
128 4 tid 105986
365 2 tid 105986
492 5 tid 105986
619 6 tid 105986
230 tid 105986
Insert  tid 105986
FindTargetPageId rootid 3 tid 105988
target_page_id id: 6 tid 105988
0 1 tid 105988
128 4 tid 105988
365 2 tid 105988
492 5 tid 105988
619 6 tid 105988
231 tid 105988
Insert  tid 105988
FindTargetPageId rootid 3 tid 105986
target_page_id id: 6 tid 105986
0 1 tid 105986
128 4 tid 105986
365 2 tid 105986
492 5 tid 105986
619 6 tid 105986
231 tid 105986
Insert  tid 105986
FindTargetPageId rootid 3 tid 105988
target_page_id id: 6 tid 105988
0 1 tid 105988
128 4 tid 105988
365 2 tid 105988
492 5 tid 105988
619 6 tid 105988
232 tid 105988
Insert  tid 105988
FindTargetPageId rootid 3 tid 105986
target_page_id id: 6 tid 105986
0 1 tid 105986
128 4 tid 105986
365 2 tid 105986
492 5 tid 105986
619 6 tid 105986
232 tid 105986
Insert  tid 105986
FindTargetPageId rootid 3 tid 105988
target_page_id id: 6 tid 105988
0 1 tid 105988
128 4 tid 105988
365 2 tid 105988
492 5 tid 105988
619 6 tid 105988
233 tid 105988
Insert  tid 105988
FindTargetPageId rootid 3 tid 105986
target_page_id id: 6 tid 105986
0 1 tid 105986
128 4 tid 105986
365 2 tid 105986
492 5 tid 105986
619 6 tid 105986
233 tid 105986
Insert  tid 105986
FindTargetPageId rootid 3 tid 105986
target_page_id id: 6 tid 105986
0 1 tid 105986
128 4 tid 105986
365 2 tid 105986
492 5 tid 105986
619 6 tid 105986
234 tid 105986
Insert  tid 105986
FindTargetPageId rootid 3 tid 105986
target_page_id id: 6 tid 105986
0 1 tid 105986
128 4 tid 105986
365 2 tid 105986
492 5 tid 105986
619 6 tid 105986
235 tid 105986
Insert  tid 105986
FindTargetPageId rootid 3 tid 105986
target_page_id id: 6 tid 105986
0 1 tid 105986
128 4 tid 105986
365 2 tid 105986
492 5 tid 105986
619 6 tid 105986
236 tid 105986
Insert  tid 105986
FindTargetPageId rootid 3 tid 105988
target_page_id id: 6 tid 105988
0 1 tid 105988
128 4 tid 105988
365 2 tid 105988
492 5 tid 105988
619 6 tid 105988
237 tid 105988
Insert  tid 105988
FindTargetPageId rootid 3 tid 105986
target_page_id id: 6 tid 105986
0 1 tid 105986
128 4 tid 105986
365 2 tid 105986
492 5 tid 105986
619 6 tid 105986
237 tid 105986
Insert  tid 105986
FindTargetPageId rootid 3 tid 105986
target_page_id id: 6 tid 105986
0 1 tid 105986
128 4 tid 105986
365 2 tid 105986
492 5 tid 105986
619 6 tid 105986
238 tid 105986
Insert  tid 105986
FindTargetPageId rootid 3 tid 105988
target_page_id id: 6 tid 105988
0 1 tid 105988
128 4 tid 105988
365 2 tid 105988
492 5 tid 105988
619 6 tid 105988
239 tid 105988
Insert  tid 105988
FindTargetPageId rootid 3 tid 105988
target_page_id id: 6 tid 105988
0 1 tid 105988
128 4 tid 105988
365 2 tid 105988
492 5 tid 105988
619 6 tid 105988
239 tid 105988
Insert  tid 105988
FindTargetPageId rootid 3 tid 105986
target_page_id id: 6 tid 105986
0 1 tid 105986
128 4 tid 105986
365 2 tid 105986
492 5 tid 105986
619 6 tid 105986
239 tid 105986
Insert  tid 105986
FindTargetPageId rootid 3 tid 105986
target_page_id id: 6 tid 105986
0 1 tid 105986
128 4 tid 105986
365 2 tid 105986
492 5 tid 105986
619 6 tid 105986
240 tid 105986
Insert  tid 105986
FindTargetPageId rootid 3 tid 105988
target_page_id id: 6 tid 105988
0 1 tid 105988
128 4 tid 105988
365 2 tid 105988
492 5 tid 105988
619 6 tid 105988
241 tid 105988
Insert  tid 105988
FindTargetPageId rootid 3 tid 105986
target_page_id id: 6 tid 105986
0 1 tid 105986
128 4 tid 105986
365 2 tid 105986
492 5 tid 105986
619 6 tid 105986
241 tid 105986
Insert  tid 105986
FindTargetPageId rootid 3 tid 105988
target_page_id id: 6 tid 105988
0 1 tid 105988
128 4 tid 105988
365 2 tid 105988
492 5 tid 105988
619 6 tid 105988
242 tid 105988
Insert  tid 105988
FindTargetPageId rootid 3 tid 105986
target_page_id id: 6 tid 105986
0 1 tid 105986
128 4 tid 105986
365 2 tid 105986
492 5 tid 105986
619 6 tid 105986
242 tid 105986
Insert  tid 105986
FindTargetPageId rootid 3 tid 105988
target_page_id id: 6 tid 105988
0 1 tid 105988
128 4 tid 105988
365 2 tid 105988
492 5 tid 105988
619 6 tid 105988
243 tid 105988
Insert  tid 105988
FindTargetPageId rootid 3 tid 105986
target_page_id id: 6 tid 105986
0 1 tid 105986
128 4 tid 105986
365 2 tid 105986
492 5 tid 105986
619 6 tid 105986
243 tid 105986
Insert  tid 105986
FindTargetPageId rootid 3 tid 105988
target_page_id id: 6 tid 105988
0 1 tid 105988
128 4 tid 105988
365 2 tid 105988
492 5 tid 105988
619 6 tid 105988
244 tid 105988
Insert  tid 105988
FindTargetPageId rootid 3 tid 105986
target_page_id id: 6 tid 105986
0 1 tid 105986
128 4 tid 105986
365 2 tid 105986
492 5 tid 105986
619 6 tid 105986
244 tid 105986
Insert  tid 105986
FindTargetPageId rootid 3 tid 105988
target_page_id id: 6 tid 105988
0 1 tid 105988
128 4 tid 105988
365 2 tid 105988
492 5 tid 105988
619 6 tid 105988
245 tid 105988
Insert  tid 105988
FindTargetPageId rootid 3 tid 105986
target_page_id id: 6 tid 105986
0 1 tid 105986
128 4 tid 105986
365 2 tid 105986
492 5 tid 105986
619 6 tid 105986
245 tid 105986
Insert  tid 105986
FindTargetPageId rootid 3 tid 105988
target_page_id id: 6 tid 105988
0 1 tid 105988
128 4 tid 105988
365 2 tid 105988
492 5 tid 105988
619 6 tid 105988
246 tid 105988
Insert  tid 105988
FindTargetPageId rootid 3 tid 105986
target_page_id id: 6 tid 105986
0 1 tid 105986
128 4 tid 105986
365 2 tid 105986
492 5 tid 105986
619 6 tid 105986
246 tid 105986
Insert  tid 105986
FindTargetPageId rootid 3 tid 105988
target_page_id id: 6 tid 105988
0 1 tid 105988
128 4 tid 105988
365 2 tid 105988
492 5 tid 105988
619 6 tid 105988
247 tid 105988
Insert  tid 105988
FindTargetPageId rootid 3 tid 105986
target_page_id id: 6 tid 105986
0 1 tid 105986
128 4 tid 105986
365 2 tid 105986
492 5 tid 105986
619 6 tid 105986
247 tid 105986
Insert  tid 105986
FindTargetPageId rootid 3 tid 105988
target_page_id id: 6 tid 105988
0 1 tid 105988
128 4 tid 105988
365 2 tid 105988
492 5 tid 105988
619 6 tid 105988
248 tid 105988
FindTargetPageId rootid 3 tid 105986
target_page_id id: 6 tid 105986
0 1 tid 105986
128 4 tid 105986
365 2 tid 105986
492 5 tid 105986
619 6 tid 105986
248 tid 105986
Insert  tid 105986
FindTargetPageId rootid 3 tid 105986
target_page_id id: 6 tid 105986
0 1 tid 105986
128 4 tid 105986
365 2 tid 105986
492Insert  5 tid  tid 105988105986

619 6 tid 105986
249 tid 105986
Insert  tid 105986
FindTargetPageId rootid 3 tid 105988
target_page_id id: 6 tid 105988
0 1 tid 105988
128 4 tid 105988
365 2 tid 105988
492 5 tid 105988
619 6 tid 105988
250 tid 105988
Insert  tid 105988
FindTargetPageId rootid 3 tid 105988
target_page_id id: 6 tid 105988
0 1 tid 105988
128 4 tid 105988
365 2 tid 105988
492 5 tid 105988
619 6 tid 105988
250 tid 105988
Insert  tid 105988
FindTargetPageId rootid 3 tid 105988
target_page_id id: 6 tid 105988
0 1 tid 105988
128 4 tid 105988
365 2 tid 105988
492 5 tid 105988
619 6 tid 105988
250 tid 105988
Insert  tid 105988
FindTargetPageId rootid 3 tid 105986
target_page_id id: 6 tid 105986
0 1 tid 105986
128 4 tid 105986
365 2 tid 105986
492 5 tid 105986
619 6 tid 105986
250 tid 105986
Insert  tid 105986
FindTargetPageId rootid 3 tid 105988
target_page_id id: 6 tid 105988
0 1 tid 105988
128 4 tid 105988
365 2 tid 105988
492 5 tid 105988
619 6 tid 105988
251 tid 105988
Insert  tid 105988
FindTargetPageId rootid 3 tid 105986
target_page_id id: 6 tid 105986
0 1 tid 105986
128 4 tid 105986
365 2 tid 105986
492 5 tid 105986
619 6 tid 105986
251 tid 105986
Insert  tid 105986
FindTargetPageId rootid 3 tid 105988
target_page_id id: 6 tid 105988
0 1 tid 105988
128 4 tid 105988
365 2 tid 105988
492 5 tid 105988
619 6 tid 105988
252 tid 105988
Insert  tid 105988
FindTargetPageId rootid 3 tid 105986
target_page_id id: 6 tid 105986
0 1 tid 105986
128 4 tid 105986
365 2 tid 105986
492 5 tid 105986
619 6 tid 105986
252 tid 105986
Insert  tid 105986
FindTargetPageId rootid 3 tid 105988
target_page_id id: 6 tid 105988
0 1 tid 105988
128 4 tid 105988
365 2 tid 105988
492 5 tid 105988
619 6 tid 105988
253 tid 105988
Insert  tid 105988
FindTargetPageId rootid 3 tid 105986
target_page_id id: 6 tid 105986
0 1 tid 105986
128 4 tid 105986
365 2 tid 105986
492 5 tid 105986
619 6 tid 105986
253 tid 105986
Insert  tid 105986
FindTargetPageId rootid 3 tid 105986
target_page_id id: 6 tid 105986
0 1 tid 105986
128 4 tid 105986
365 2 tid 105986
492 5 tid 105986
619 6 tid 105986
254 tid 105986
Insert  tid 105986
FindTargetPageId rootid 3 tid 105988
target_page_id id: 7 tid 105988
0 1 tid 105988
128 4 tid 105988
365 2 tid 105988
492 5 tid 105988
619 6 tid 105988
746 7 tid 105988
128 tid 105988
Insert  tid 105988
FindTargetPageId rootid 3 tid 105986
target_page_id id: 7 tid 105986
0 1 tid 105986
128 4 tid 105986
365 2 tid 105986
492 5 tid 105986
619 6 tid 105986
746 7 tid 105986
128 tid 105986
Insert  tid 105986
FindTargetPageId rootid 3 tid 105986
target_page_id id: 7 tid 105986
0 1 tid 105986
128 4 tid 105986
365 2 tid 105986
492 5 tid 105986
619 6 tid 105986
746 7 tid 105986
129 tid 105986
Insert  tid 105986
FindTargetPageId rootid 3 tid 105986
target_page_id id: 7 tid 105986
0 1 tid 105986
128 4 tid 105986
365 2 tid 105986
492 5 tid 105986
619 6 tid 105986
746 7 tid 105986
130 tid 105986
Insert  tid 105986
FindTargetPageId rootid 3 tid 105988
target_page_id id: 7 tid 105988
0 1 tid 105988
128 4 tid 105988
365 2 tid 105988
492 5 tid 105988
619 6 tid 105988
746 7 tid 105988
131 tid 105988
Insert  tid 105988
FindTargetPageId rootid 3 tid 105986
target_page_id id: 7 tid 105986
0 1 tid 105986
128 4 tid 105986
365 2 tid 105986
492 5 tid 105986
619 6 tid 105986
746 7 tid 105986
131 tid 105986
Insert  tid 105986
FindTargetPageId rootid 3 tid 105988
target_page_id id: 7 tid 105988
0 1 tid 105988
128 4 tid 105988
365 2 tid 105988
492 5 tid 105988
619 6 tid 105988
746 7 tid 105988
132 tid 105988
FindTargetPageId rootid 3 tid 105986
target_page_id id: 7 tid 105986
Insert  tid 105988
0 1 tid 105986
128 4 tid 105986
365 2 tid 105986
492 5 tid 105986
619 6 tid 105986
746 7 tid 105986
132 tid 105986
Insert  tid 105986
FindTargetPageId rootid 3 tid 105988
target_page_id id: 7 tid 105988
0 1 tid 105988
128 4 tid 105988
365 2 tid 105988
492 5 tid 105988
619 6 tid 105988
746 7 tid 105988
133 tid 105988
Insert  tid 105988
FindTargetPageId rootid 3 tid 105986
target_page_id id: 7 tid 105986
0 1 tid 105986
128 4 tid 105986
365 2 tid 105986
492 5 tid 105986
619 6 tid 105986
746 7 tid 105986
133 tid 105986
Insert  tid 105986
FindTargetPageId rootid 3 tid 105988
target_page_id id: 7 tid 105988
0 1 tid 105988
128 4 tid 105988
365 2 tid 105988
492 5 tid 105988
619 6 tid 105988
746 7 tid 105988
134 tid 105988
Insert  tid 105988
FindTargetPageId rootid 3 tid 105986
target_page_id id: 7 tid 105986
0 1 tid 105986
128 4 tid 105986
365 2 tid 105986
492 5 tid 105986
619 6 tid 105986
746 7 tid 105986
134 tid 105986
Insert  tid 105986
FindTargetPageId rootid 3 tid 105988
target_page_id id: 7 tid 105988
0 1 tid 105988
128 4 tid 105988
365 2 tid 105988
492 5 tid 105988
619 6 tid 105988
746 7 tid 105988
135 tid 105988
Insert  tid 105988
FindTargetPageId rootid 3 tid 105986
target_page_id id: 7 tid 105986
0 1 tid 105986
128 4 tid 105986
365 2 tid 105986
492 5 tid 105986
619 6 tid 105986
746 7 tid 105986
135 tid 105986
Insert  tid 105986
FindTargetPageId rootid 3 tid 105988
target_page_id id: 7 tid 105988
0 1 tid 105988
128 4 tid 105988
365 2 tid 105988
492 5 tid 105988
619 6 tid 105988
746 7 tid 105988
136 tid 105988
Insert  tid 105988
FindTargetPageId rootid 3 tid 105986
target_page_id id: 7 tid 105986
0 1 tid 105986
128 4 tid 105986
365 2 tid 105986
492 5 tid 105986
619 6 tid 105986
746 7 tid 105986
136 tid 105986
Insert  tid 105986
FindTargetPageId rootid 3 tid 105988
target_page_id id: 7 tid 105988
0 1 tid 105988
128 4 tid 105988
365 2 tid 105988
492 5 tid 105988
619 6 tid 105988
746 7 tid 105988
137 tid 105988
Insert  tid 105988
FindTargetPageId rootid 3 tid 105986
target_page_id id: 7 tid 105986
0 1 tid 105986
128 4 tid 105986
365 2 tid 105986
492 5 tid 105986
619 6 tid 105986
746 7 tid 105986
137 tid 105986
Insert  tid 105986
FindTargetPageId rootid 3 tid 105988
target_page_id id: 7 tid 105988
0 1 tid 105988
128 4 tid 105988
365 2 tid 105988
492 5 tid 105988
619 6 tid 105988
746 7 tid 105988
138 tid 105988
Insert  tid 105988
FindTargetPageId rootid 3 tid 105986
target_page_id id: 7 tid 105986
0 1 tid 105986
128 4 tid 105986
365 2 tid 105986
492 5 tid 105986
619 6 tid 105986
746 7 tid 105986
138 tid 105986
Insert  tid 105986
FindTargetPageId rootid 3 tid 105988
target_page_id id: 7 tid 105988
0 1 tid 105988
128 4 tid 105988
365 2 tid 105988
492 5 tid 105988
619 6 tid 105988
746 7 tid 105988
139 tid 105988
Insert  tid 105988
FindTargetPageId rootid 3 tid 105986
target_page_id id: 7 tid 105986
0 1 tid 105986
128 4 tid 105986
365 2 tid 105986
492 5 tid 105986
619 6 tid 105986
746 7 tid 105986
139 tid 105986
Insert  tid 105986
FindTargetPageId rootid 3 tid 105988
target_page_id id: 7 tid 105988
0 1 tid 105988
128 4 tid 105988
365 2 tid 105988
492 5 tid 105988
619 6 tid 105988
746 7 tid 105988
140 tid 105988
Insert  tid 105988
FindTargetPageId rootid 3 tid 105986
target_page_id id: 7 tid 105986
0 1 tid 105986
128 4 tid 105986
365 2 tid 105986
492 5 tid 105986
619 6 tid 105986
746 7 tid 105986
140 tid 105986
Insert  tid 105986
FindTargetPageId rootid 3 tid 105986
target_page_id id: 7 tid 105986
0 1 tid 105986
128 4 tid 105986
365 2 tid 105986
492 5 tid 105986
619 6 tid 105986
746 7 tid 105986
141 tid 105986
Insert  tid 105986
FindTargetPageId rootid 3 tid 105986
target_page_id id: 7 tid 105986
0 1 tid 105986
128 4 tid 105986
365 2 tid 105986
492 5 tid 105986
619 6 tid 105986
746 7 tid 105986
142 tid 105986
Insert  tid 105986
FindTargetPageId rootid 3 tid 105988
target_page_id id: 7 tid 105988
0 1 tid 105988
128 4 tid 105988
365 2 tid 105988
492 5 tid 105988
619 6 tid 105988
746 7 tid 105988
143 tid 105988
Insert  tid 105988
FindTargetPageId rootid 3 tid 105986
target_page_id id: 7 tid 105986
0 1 tid 105986
128 4 tid 105986
365 2 tid 105986
492 5 tid 105986
619 6 tid 105986
746 7 tid 105986
143 tid 105986
Insert  tid 105986
FindTargetPageId rootid 3 tid 105988
target_page_id id: 7 tid 105988
0 1 tid 105988
128 4 tid 105988
365 2 tid 105988
492 5 tid 105988
619 6 tid 105988
746 7 tid 105988
144 tid 105988
Insert  tid 105988
FindTargetPageId rootid 3 tid 105986
target_page_id id: 7 tid 105986
0 1 tid 105986
128 4 tid 105986
365 2 tid 105986
492 5 tid 105986
619 6 tid 105986
746 7 tid 105986
144 tid 105986
Insert  tid 105986
FindTargetPageId rootid 3 tid 105988
target_page_id id: 7 tid 105988
0 1 tid 105988
128 4 tid 105988
365 2 tid 105988
492 5 tid 105988
619 6 tid 105988
746 7 tid 105988
145 tid 105988
Insert  tid 105988
FindTargetPageId rootid 3 tid 105986
target_page_id id: 7 tid 105986
0 1 tid 105986
128 4 tid 105986
365 2 tid 105986
492 5 tid 105986
619 6 tid 105986
746 7 tid 105986
145 tid 105986
Insert  tid 105986
FindTargetPageId rootid 3 tid 105988
target_page_id id: 7 tid 105988
0 1 tid 105988
128 4 tid 105988
365 2 tid 105988
492 5 tid 105988
619 6 tid 105988
746 7 tid 105988
146 tid 105988
Insert  tid 105988
FindTargetPageId rootid 3 tid 105988
target_page_id id: 7 tid 105988
0 1 tid 105988
128 4 tid 105988
365 2 tid 105988
492 5 tid 105988
619 6 tid 105988
746 7 tid 105988
146 tid 105988
Insert  tid 105988
FindTargetPageId rootid 3 tid 105988
target_page_id id: 7 tid 105988
0 1 tid 105988
128 4 tid 105988
365 2 tid 105988
492 5 tid 105988
619 6 tid 105988
746 7 tid 105988
146 tid 105988
Insert  tid 105988
FindTargetPageId rootid 3 tid 105988
target_page_id id: 7 tid 105988
0 1 tid 105988
128 4 tid 105988
365 2 tid 105988
492 5 tid 105988
619 6 tid 105988
746 7 tid 105988
146 tid 105988
Insert  tid 105988
FindTargetPageId rootid 3 tid 105988
target_page_id id: 7 tid 105988
0 1 tid 105988
128 4 tid 105988
365 2 tid 105988
492 5 tid 105988
619 6 tid 105988
746 7 tid 105988
146 tid 105988
Insert  tid 105988
FindTargetPageId rootid 3 tid 105988
target_page_id id: 7 tid 105988
0 1 tid 105988
128 4 tid 105988
365 2 tid 105988
492 5 tid 105988
619 6 tid 105988
746 7 tid 105988
146 tid 105988
Insert  tid 105988
FindTargetPageId rootid 3 tid 105988
target_page_id id: 7 tid 105988
0 1 tid 105988
128 4 tid 105988
365 2 tid 105988
492 5 tid 105988
619 6 tid 105988
746 7 tid 105988
146 tid 105988
Insert  tid 105988
FindTargetPageId rootid 3 tid 105988
target_page_id id: 7 tid 105988
0 1 tid 105988
128 4 tid 105988
365 2 tid 105988
492 5 tid 105988
619 6 tid 105988
746 7 tid 105988
146 tid 105988
Insert  tid 105988
FindTargetPageId rootid 3 tid 105988
target_page_id id: 7 tid 105988
0 1 tid 105988
128 4 tid 105988
365 2 tid 105988
492 5 tid 105988
619 6 tid 105988
746 7 tid 105988
146 tid 105988
Insert  tid 105988
FindTargetPageId rootid 3 tid 105988
target_page_id id: 7 tid 105988
0 1 tid 105988
128 4 tid 105988
365 2 tid 105988
492 5 tid 105988
619 6 tid 105988
746 7 tid 105988
146 tid 105988
Insert  tid 105988
FindTargetPageId rootid 3 tid 105988
target_page_id id: 7 tid 105988
0 1 tid 105988
128 4 tid 105988
365 2 tid 105988
492 5 tid 105988
619 6 tid 105988
746 7 tid 105988
146 tid 105988
Insert  tid 105988
FindTargetPageId rootid 3 tid 105986
target_page_id id: 7 tid 105986
0 1 tid 105986
128 4 tid 105986
365 2 tid 105986
492 5 tid 105986
619 6 tid 105986
746 7 tid 105986
146 tid 105986
Insert  tid 105986
FindTargetPageId rootid 3 tid 105986
target_page_id id: 7 tid 105986
0 1 tid 105986
128 4 tid 105986
365 2 tid 105986
492 5 tid 105986
619 6 tid 105986
746 7 tid 105986
147 tid 105986
Insert  tid 105986
FindTargetPageId rootid 3 tid 105986
target_page_id id: 7 tid 105986
0 1 tid 105986
128 4 tid 105986
365 2 tid 105986
492 5 tid 105986
619 6 tid 105986
746 7 tid 105986
148 tid 105986
Insert  tid 105986
FindTargetPageId rootid 3 tid 105986
target_page_id id: 7 tid 105986
0 1 tid 105986
128 4 tid 105986
365 2 tid 105986
492 5 tid 105986
619 6 tid 105986
746 7 tid 105986
149 tid 105986
Insert  tid 105986
FindTargetPageId rootid 3 tid 105986
target_page_id id: 7 tid 105986
0 1 tid 105986
128 4 tid 105986
365 2 tid 105986
492 5 tid 105986
619 6 tid 105986
746 7 tid 105986
150 tid 105986
Insert  tid 105986
FindTargetPageId rootid 3 tid 105988
target_page_id id: 7 tid 105988
0 1 tid 105988
128 4 tid 105988
365 2 tid 105988
492 5 tid 105988
619 6 tid 105988
746 7 tid 105988
151 tid 105988
Insert  tid 105988
FindTargetPageId rootid 3 tid 105988
target_page_id id: 7 tid 105988
0 1 tid 105988
128 4 tid 105988
365 2 tid 105988
492 5 tid 105988
619 6 tid 105988
746 7 tid 105988
151 tid 105988
Insert  tid 105988
FindTargetPageId rootid 3 tid 105988
target_page_id id: 7 tid 105988
0 1 tid 105988
128 4 tid 105988
365 2 tid 105988
492 5 tid 105988
619 6 tid 105988
746 7 tid 105988
151 tid 105988
Insert  tid 105988
FindTargetPageId rootid 3 tid 105986
target_page_id id: 7 tid 105986
0 1 tid 105986
128 4 tid 105986
365 2 tid 105986
492 5 tid 105986
619 6 tid 105986
746 7 tid 105986
151 tid 105986
Insert  tid 105986
FindTargetPageId rootid 3 tid 105986
target_page_id id: 7 tid 105986
0 1 tid 105986
128 4 tid 105986
365 2 tid 105986
492 5 tid 105986
619 6 tid 105986
746 7 tid 105986
152 tid 105986
Insert  tid 105986
FindTargetPageId rootid 3 tid 105986
target_page_id id: 7 tid 105986
0 1 tid 105986
128 4 tid 105986
365 2 tid 105986
492 5 tid 105986
619 6 tid 105986
746 7 tid 105986
153 tid 105986
Insert  tid 105986
FindTargetPageId rootid 3 tid 105986
target_page_id id: 7 tid 105986
0 1 tid 105986
128 4 tid 105986
365 2 tid 105986
492 5 tid 105986
619 6 tid 105986
746 7 tid 105986
154 tid 105986
Insert  tid 105986
FindTargetPageId rootid 3 tid 105988
target_page_id id: 7 tid 105988
0 1 tid 105988
128 4 tid 105988
365 2 tid 105988
492 5 tid 105988
619 6 tid 105988
746 7 tid 105988
155 tid 105988
Insert  tid 105988
FindTargetPageId rootid 3 tid 105986
target_page_id id: 7 tid 105986
0 1 tid 105986
128 4 tid 105986
365 2 tid 105986
492 5 tid 105986
619 6 tid 105986
746 7 tid 105986
155 tid 105986
FindTargetPageId rootid 3 tid 105988
target_page_id id: 7 tid 105988
0 1 tid 105988
128 4 tid 105988
365 2 tid 105988
492 5 tid 105988
619 6 tid 105988
746 7 tid 105988
156 tid 105988Insert  tid 105986

Insert  tid 105988
FindTargetPageId rootid 3 tid 105986
target_page_id id: 7 tid 105986
0 1 tid 105986
128 4 tid 105986
365 2 tid 105986
492 5 tid 105986
619 6 tid 105986
746 7 tid 105986
156 tid 105986
Insert  tid 105986
FindTargetPageId rootid 3 tid 105988
target_page_id id: 7 tid 105988
0 1 tid 105988
128 4 tid 105988
365 2 tid 105988
492 5 tid 105988
619 6 tid 105988
746 7 tid 105988
157 tid 105988
FindTargetPageId rootid Insert 3 tid  tid 105986
target_page_id id: 7 tid 105986
0 1 tid 105986
128 4 tid 105986
365 2 tid 105986
492 5 tid 105986
105988619 6 tid 105986
746 7 tid 105986
157 tid 105986

Insert  tid 105986
FindTargetPageId rootid 3 tid 105988
target_page_id id: 7 tid 105988
0 1 tid 105988
128 4 tid 105988
365 2 tid 105988
492 5 tid 105988
619 6 tid 105988
746 7 tid 105988
158 tid 105988
Insert  tid 105988
FindTargetPageId rootid 3 tid 105986
target_page_id id: 7 tid 105986
0 1 tid 105986
128 4 tid 105986
365 2 tid 105986
492 5 tid 105986
619 6 tid 105986
746 7 tid 105986
158 tid 105986
Insert  tid 105986
FindTargetPageId rootid 3 tid 105988
target_page_id id: 7 tid 105988
0 1 tid 105988
128 4 tid 105988
365 2 tid 105988
492 5 tid 105988
619 6 tid 105988
746 7 tid 105988
159 tid 105988
Insert  tid 105988
FindTargetPageId rootid 3 tid 105986
target_page_id id: 7 tid 105986
0 1 tid 105986
128 4 tid 105986
365 2 tid 105986
492 5 tid 105986
619 6 tid 105986
746 7 tid 105986
159 tid 105986
Insert  tid 105986
FindTargetPageId rootid 3 tid 105988
target_page_id id: 7 tid 105988
0 1 tid 105988
128 4 tid 105988
365 2 tid 105988
492 5 tid 105988
619 6 tid 105988
746 7 tid 105988
160 tid 105988
Insert  tid 105988
FindTargetPageId rootid 3 tid 105986
target_page_id id: 7 tid 105986
0 1 tid 105986
128 4 tid 105986
365 2 tid 105986
492 5 tid 105986
619 6 tid 105986
746 7 tid 105986
160 tid 105986
Insert  tid 105986
FindTargetPageId rootid 3 tid 105988
target_page_id id: 7 tid 105988
0 1 tid 105988
128 4 tid 105988
365 2 tid 105988
492 5 tid 105988
619 6 tid 105988
746 7 tid 105988
161 tid 105988
Insert  tid 105988
FindTargetPageId rootid 3 tid 105986
target_page_id id: 7 tid 105986
0 1 tid 105986
128 4 tid 105986
365 2 tid 105986
492 5 tid 105986
619 6 tid 105986
746 7 tid 105986
161 tid 105986
Insert  tid 105986
FindTargetPageId rootid 3 tid 105988
target_page_id id: 7 tid 105988
0 1 tid 105988
128 4 tid 105988
365 2 tid 105988
492 5 tid 105988
619 6 tid 105988
746 7 tid 105988
162 tid 105988
Insert  tid 105988
FindTargetPageId rootid 3 tid 105986
target_page_id id: 7 tid 105986
0 1 tid 105986
128 4 tid 105986
365 2 tid 105986
492 5 tid 105986
619 6 tid 105986
746 7 tid 105986
162 tid 105986
Insert  tid 105986
FindTargetPageId rootid 3 tid 105988
target_page_id id: 7 tid 105988
0 1 tid 105988
128 4 tid 105988
365 2 tid 105988
492 5 tid 105988
619 6 tid 105988
746 7 tid 105988
163 tid 105988
Insert  tid 105988
FindTargetPageId rootid 3 tid 105986
target_page_id id: 7 tid 105986
0 1 tid 105986
128 4 tid 105986
365 2 tid 105986
492 5 tid 105986
619 6 tid 105986
746 7 tid 105986
163 tid 105986
Insert  tid 105986
FindTargetPageId rootid 3 tid 105988
target_page_id id: 7 tid 105988
0 1 tid 105988
128 4 tid 105988
365 2 tid 105988
492 5 tid 105988
619 6 tid 105988
746 7 tid 105988
164 tid 105988
Insert  tid 105988
FindTargetPageId rootid 3 tid 105986
target_page_id id: 7 tid 105986
0 1 tid 105986
128 4 tid 105986
365 2 tid 105986
492 5 tid 105986
619 6 tid 105986
746 7 tid 105986
164 tid 105986
Insert  tid 105986
FindTargetPageId rootid 3 tid 105986
target_page_id id: 7 tid 105986
0 1 tid 105986
128 4 tid 105986
365 2 tid 105986
492 5 tid 105986
619 6 tid 105986
746 7 tid 105986
165 tid 105986
Insert  tid 105986
FindTargetPageId rootid 3 tid 105986
target_page_id id: 7 tid 105986
0 1 tid 105986
128 4 tid 105986
365 2 tid 105986
492 5 tid 105986
619 6 tid 105986
746 7 tid 105986
166 tid 105986
Insert  tid 105986
FindTargetPageId rootid 3 tid 105988
target_page_id id: 7 tid 105988
0 1 tid 105988
128 4 tid 105988
365 2 tid 105988
492 5 tid 105988
619 6 tid 105988
746 7 tid 105988
167 tid 105988
Insert  tid 105988
FindTargetPageId rootid 3 tid 105986
target_page_id id: 7 tid 105986
0 1 tid 105986
128 4 tid 105986
365 2 tid 105986
492 5 tid 105986
619 6 tid 105986
746 7 tid 105986
167 tid 105986
Insert  tid 105986
FindTargetPageId rootid 3 tid 105988
target_page_id id: 7 tid 105988
0 1 tid 105988
128 4 tid 105988
365 2 tid 105988
492 5 tid 105988
619 6 tid 105988
746 7 tid 105988
168 tid 105988
Insert  tid 105988
FindTargetPageId rootid 3 tid 105986
target_page_id id: 7 tid 105986
0 1 tid 105986
128 4 tid 105986
365 2 tid 105986
492 5 tid 105986
619 6 tid 105986
746 7 tid 105986
168 tid 105986
Insert  tid 105986
FindTargetPageId rootid 3 tid 105986
target_page_id id: 7 tid 105986
0 1 tid 105986
128 4 tid 105986
365 2 tid 105986
492 5 tid 105986
619 6 tid 105986
746 7 tid 105986
169 tid 105986
Insert  tid 105986
FindTargetPageId rootid 3 tid 105986
target_page_id id: 7 tid 105986
0 1 tid 105986
128 4 tid 105986
365 2 tid 105986
492 5 tid 105986
619 6 tid 105986
746 7 tid 105986
170 tid 105986
Insert  tid 105986
FindTargetPageId rootid 3 tid 105986
target_page_id id: 7 tid 105986
0 1 tid 105986
128 4 tid 105986
365 2 tid 105986
492 5 tid 105986
619 6 tid 105986
746 7 tid 105986
171 tid 105986
Insert  tid 105986
FindTargetPageId rootid 3 tid 105988
target_page_id id: 7 tid 105988
0 1 tid 105988
128 4 tid 105988
365 2 tid 105988
492 5 tid 105988
619 6 tid 105988
746 7 tid 105988
172 tid 105988
Insert  tid 105988
FindTargetPageId rootid 3 tid 105986
target_page_id id: 7 tid 105986
0 1 tid 105986
128 4 tid 105986
365 2 tid 105986
492 5 tid 105986
619 6 tid 105986
746 7 tid 105986
172 tid 105986
Insert  tid 105986
FindTargetPageId rootid 3 tid 105988
target_page_id id: 7 tid 105988
0 1 tid 105988
128 4 tid 105988
365 2 tid 105988
492 5 tid 105988
619 6 tid 105988
746 7 tid 105988
173 tid 105988
Insert  tid 105988
FindTargetPageId rootid 3 tid 105986
target_page_id id: 7 tid 105986
0 1 tid 105986
128 4 tid 105986
365 2 tid 105986
492 5 tid 105986
619 6 tid 105986
746 7 tid 105986
173 tid 105986
Insert  tid 105986
FindTargetPageId rootid 3 tid 105988
target_page_id id: 7 tid 105988
0 1 tid 105988
128 4 tid 105988
365 2 tid 105988
492 5 tid 105988
619 6 tid 105988
746 7 tid 105988
174 tid 105988
Insert  tid 105988
FindTargetPageId rootid 3 tid 105986
target_page_id id: 7 tid 105986
0 1 tid 105986
128 4 tid 105986
365 2 tid 105986
492 5 tid 105986
619 6 tid 105986
746 7 tid 105986
174 tid 105986
Insert  tid 105986
FindTargetPageId rootid 3 tid 105988
target_page_id id: 7 tid 105988
0 1 tid 105988
128 4 tid 105988
365 2 tid 105988
492 5 tid 105988
619 6 tid 105988
746 7 tid 105988
175 tid 105988
FindTargetPageId rootid 3 tid 105986
target_page_id id: 7 tid 105986
0 1 tid 105986
128 4 tid 105986
365 2 tid 105986
492 5 tid 105986
619 6 tid 105986
746 7 tid 105986
Insert 175 tid 105986
 tid Insert  tid 105986
FindTargetPageId rootid 3 tid 105986
target_page_id id: 7 tid 105986
0 1 tid 105986
128 4 tid 105986
365 2 tid 105986
492 5 tid 105986105988

619 6 tid 105986
746 7 tid 105986
176 tid 105986
Insert  tid 105986
FindTargetPageId rootid 3 tid 105988
target_page_id id: 7 tid 105988
0 1 tid 105988
128 4 tid 105988
365 2 tid 105988
492 5 tid 105988
619 6 tid 105988
746 7 tid 105988
177 tid 105988
Insert  tid 105988
FindTargetPageId rootid 3 tid 105988
target_page_id id: 7 tid 105988
0 1 tid 105988
128 4 tid 105988
365 2 tid 105988
492 5 tid 105988
619 6 tid 105988
746 7 tid 105988
177 tid 105988
Insert  tid 105988
FindTargetPageId rootid 3 tid 105988
target_page_id id: 7 tid 105988
0 1 tid 105988
128 4 tid 105988
365 2 tid 105988
492 5 tid 105988
619 6 tid 105988
746 7 tid 105988
177 tid 105988
Insert  tid 105988
FindTargetPageId rootid 3 tid 105986
target_page_id id: 7 tid 105986
0 1 tid 105986
128 4 tid 105986
365 2 tid 105986
492 5 tid 105986
619 6 tid 105986
746 7 tid 105986
177 tid 105986
Insert  tid 105986
FindTargetPageId rootid 3 tid 105988
target_page_id id: 7 tid 105988
0 1 tid 105988
128 4 tid 105988
365 2 tid 105988
492 5 tid 105988
619 6 tid 105988
746 7 tid 105988
178 tid 105988
Insert  tid 105988
FindTargetPageId rootid 3 tid 105988
target_page_id id: 7 tid 105988
0 1 tid 105988
128 4 tid 105988
365 2 tid 105988
492 5 tid 105988
619 6 tid 105988
746 7 tid 105988
178 tid 105988
Insert  tid 105988
FindTargetPageId rootid 3 tid 105986
target_page_id id: 7 tid 105986
0 1 tid 105986
128 4 tid 105986
365 2 tid 105986
492 5 tid 105986
619 6 tid 105986
746 7 tid 105986
178 tid 105986
Insert  tid 105986
FindTargetPageId rootid 3 tid 105986
target_page_id id: 7 tid 105986
0 1 tid 105986
128 4 tid 105986
365 2 tid 105986
492 5 tid 105986
619 6 tid 105986
746 7 tid 105986
179 tid 105986
Insert  tid 105986
FindTargetPageId rootid 3 tid 105986
target_page_id id: 7 tid 105986
0 1 tid 105986
128 4 tid 105986
365 2 tid 105986
492 5 tid 105986
619 6 tid 105986
746 7 tid 105986
180 tid 105986
Insert  tid 105986
FindTargetPageId rootid 3 tid 105988
target_page_id id: 7 tid 105988
0 1 tid 105988
128 4 tid 105988
365 2 tid 105988
492 5 tid 105988
619 6 tid 105988
746 7 tid 105988
181 tid 105988
Insert  tid 105988
FindTargetPageId rootid 3 tid 105986
target_page_id id: 7 tid 105986
0 1 tid 105986
128 4 tid 105986
365 2 tid 105986
492 5 tid 105986
619 6 tid 105986
746 7 tid 105986
181 tid 105986
Insert  tid 105986
FindTargetPageId rootid 3 tid 105988
target_page_id id: 7 tid 105988
0 1 tid 105988
128 4 tid 105988
365 2 tid 105988
492 5 tid 105988
619 6 tid 105988
746 7 tid 105988
182 tid 105988
Insert FindTargetPageId rootid  tid 3 tid 105986
target_page_id id: 7 tid 105986
0 1 tid 105986
128 4 tid 105986
365 2 tid 105986
492 5 tid 105986
619 6 tid 105986
746 7 tid 105986
182 tid 105986
Insert  tid 105986
FindTargetPageId rootid 3 tid 105986
target_page_id id: 7 tid 105986
0 1 tid 105986
128 4 tid 105986
365 2 tid 105986
492 5 tid 105986
619 6 tid 105986
746 7 tid 105986
183 tid 105986
Insert  tid 105986
FindTargetPageId rootid 3 tid 105986
target_page_id id: 7 tid 105986
0 1 tid 105986
128 4 tid 105986
365 2 tid 105986
492 5 tid 105986
105988
619 6 tid 105986
746 7 tid 105986
184 tid 105986
Insert  tid 105986
FindTargetPageId rootid 3 tid 105986
target_page_id id: 7 tid 105986
0 1 tid 105986
128 4 tid 105986
365 2 tid 105986
492 5 tid 105986
619 6 tid 105986
746 7 tid 105986
185 tid 105986
Insert  tid 105986
FindTargetPageId rootid 3 tid 105986
target_page_id id: 7 tid 105986
0 1 tid 105986
128 4 tid 105986
365 2 tid 105986
492 5 tid 105986
619 6 tid 105986
746 7 tid 105986
186 tid 105986
Insert  tid 105986
FindTargetPageId rootid 3 tid 105986
target_page_id id: 7 tid 105986
0 1 tid 105986
128 4 tid 105986
365 2 tid 105986
492 5 tid 105986
619 6 tid 105986
746 7 tid 105986
187 tid 105986
Insert  tid 105986
FindTargetPageId rootid 3 tid 105986
target_page_id id: 7 tid 105986
0 1 tid 105986
128 4 tid 105986
365 2 tid 105986
492 5 tid 105986
619 6 tid 105986
746 7 tid 105986
188 tid 105986
Insert  tid 105986
FindTargetPageId rootid 3 tid 105988
target_page_id id: 7 tid 105988
0 1 tid 105988
128 4 tid 105988
365 2 tid 105988
492 5 tid 105988
619 6 tid 105988
746 7 tid 105988
189 tid 105988
Insert  tid 105988
FindTargetPageId rootid 3 tid 105988
target_page_id id: 7 tid 105988
0 1 tid 105988
128 4 tid 105988
365 2 tid 105988
492 5 tid 105988
619 6 tid 105988
746 7 tid 105988
189 tid 105988
Insert  tid 105988
FindTargetPageId rootid 3 tid 105986
target_page_id id: 7 tid 105986
0 1 tid 105986
128 4 tid 105986
365 2 tid 105986
492 5 tid 105986
619 6 tid 105986
746 7 tid 105986
189 tid 105986
Insert  tid 105986
FindTargetPageId rootid 3 tid 105986
target_page_id id: 7 tid 105986
0 1 tid 105986
128 4 tid 105986
365 2 tid 105986
492 5 tid 105986
619 6 tid 105986
746 7 tid 105986
190 tid 105986
Insert  tid 105986
FindTargetPageId rootid 3 tid 105988
target_page_id id: 7 tid 105988
0 1 tid 105988
128 4 tid 105988
365 2 tid 105988
492 5 tid 105988
619 6 tid 105988
746 7 tid 105988
191 tid 105988
Insert  tid 105988
FindTargetPageId rootid 3 tid 105986
target_page_id id: 7 tid 105986
0 1 tid 105986
128 4 tid 105986
365 2 tid 105986
492 5 tid 105986
619 6 tid 105986
746 7 tid 105986
191 tid 105986
Insert  tid 105986
FindTargetPageId rootid 3 tid 105986
target_page_id id: 7 tid 105986
0 1 tid 105986
128 4 tid 105986
365 2 tid 105986
492 5 tid 105986
619 6 tid 105986
746 7 tid 105986
192 tid 105986
Insert  tid 105986
FindTargetPageId rootid 3 tid 105986
target_page_id id: 7 tid 105986
0 1 tid 105986
128 4 tid 105986
365 2 tid 105986
492 5 tid 105986
619 6 tid 105986
746 7 tid 105986
193 tid 105986
Insert  tid 105986
FindTargetPageId rootid 3 tid 105988
target_page_id id: 7 tid 105988
0 1 tid 105988
128 4 tid 105988
365 2 tid 105988
492 5 tid 105988
619 6 tid 105988
746 7 tid 105988
194 tid 105988
Insert  tid 105988
FindTargetPageId rootid 3 tid 105986
target_page_id id: 7 tid 105986
0 1 tid 105986
128 4 tid 105986
365 2 tid 105986
492 5 tid 105986
619 6 tid 105986
746 7 tid 105986
194 tid 105986
Insert  tid 105986
FindTargetPageId rootid 3 tid 105988
target_page_id id: 7 tid 105988
0 1 tid 105988
128 4 tid 105988
365 2 tid 105988
492 5 tid 105988
619 6 tid 105988
746 7 tid 105988
195 tid 105988
Insert  tid 105988
FindTargetPageId rootid 3 tid 105986
target_page_id id: 7 tid 105986
0 1 tid 105986
128 4 tid 105986
365 2 tid 105986
492 5 tid 105986
619 6 tid 105986
746 7 tid 105986
195 tid 105986
Insert  tid 105986
FindTargetPageId rootid 3 tid 105988
target_page_id id: 7 tid 105988
0 1 tid 105988
128 4 tid 105988
365 2 tid 105988
492 5 tid 105988
619 6 tid 105988
746 7 tid 105988
196 tid 105988
Insert  tid 105988
FindTargetPageId rootid 3 tid 105986
target_page_id id: 7 tid 105986
0 1 tid 105986
128 4 tid 105986
365 2 tid 105986
492 5 tid 105986
619 6 tid 105986
746 7 tid 105986
196 tid 105986
Insert  tid 105986
FindTargetPageId rootid 3 tid 105988
target_page_id id: 7 tid 105988
0 1 tid 105988
128 4 tid 105988
365 2 tid 105988
492 5 tid 105988
619 6 tid 105988
746 7 tid 105988
197 tid 105988
Insert  tid 105988
FindTargetPageId rootid 3 tid 105986
target_page_id id: 7 tid 105986
0 1 tid 105986
128 4 tid 105986
365 2 tid 105986
492 5 tid 105986
619 6 tid 105986
746 7 tid 105986
197 tid 105986
Insert  tid 105986
FindTargetPageId rootid 3 tid 105986
target_page_id id: 7 tid 105986
0 1 tid 105986
128 4 tid 105986
365 2 tid 105986
492 5 tid 105986
619 6 tid 105986
746 7 tid 105986
198 tid 105986
Insert  tid 105986
FindTargetPageId rootid 3 tid 105986
target_page_id id: 7 tid 105986
0 1 tid 105986
128 4 tid 105986
365 2 tid 105986
492 5 tid 105986
619 6 tid 105986
746 7 tid 105986
199 tid 105986
Insert  tid 105986
FindTargetPageId rootid 3 tid 105986
target_page_id id: 7 tid 105986
0 1 tid 105986
128 4 tid 105986
365 2 tid 105986
492 5 tid 105986
619 6 tid 105986
746 7 tid 105986
200 tid 105986
Insert  tid 105986
FindTargetPageId rootid 3 tid 105986
target_page_id id: 7 tid 105986
0 1 tid 105986
128 4 tid 105986
365 2 tid 105986
492 5 tid 105986
619 6 tid 105986
746 7 tid 105986
201 tid 105986
Insert  tid 105986
FindTargetPageId rootid 3 tid 105986
target_page_id id: 7 tid 105986
0 1 tid 105986
128 4 tid 105986
365 2 tid 105986
492 5 tid 105986
619 6 tid 105986
746 7 tid 105986
202 tid 105986
Insert  tid 105986
FindTargetPageId rootid 3 tid 105988
target_page_id id: 7 tid 105988
0 1 tid 105988
128 4 tid 105988
365 2 tid 105988
492 5 tid 105988
619 6 tid 105988
746 7 tid 105988
203 tid 105988
Insert  tid 105988
FindTargetPageId rootid 3 tid 105986
target_page_id id: 7 tid 105986
0 1 tid 105986
128 4 tid 105986
365 2 tid 105986
492 5 tid 105986
619 6 tid 105986
746 7 tid 105986
203 tid 105986
Insert  tid 105986
FindTargetPageId rootid 3 tid 105986
target_page_id id: 7 tid 105986
0 1 tid 105986
128 4 tid 105986
365 2 tid 105986
492 5 tid 105986
619 6 tid 105986
746 7 tid 105986
204 tid 105986
Insert  tid 105986
FindTargetPageId rootid 3 tid 105988
target_page_id id: 7 tid 105988
0 1 tid 105988
128 4 tid 105988
365 2 tid 105988
492 5 tid 105988
619 6 tid 105988
746 7 tid 105988
205 tid 105988
Insert  tid 105988
FindTargetPageId rootid 3 tid 105988
target_page_id id: 7 tid 105988
0 1 tid 105988
128 4 tid 105988
365 2 tid 105988
492 5 tid 105988
619 6 tid 105988
746 7 tid 105988
205 tid 105988
Insert  tid 105988
FindTargetPageId rootid 3 tid 105988
target_page_id id: 7 tid 105988
0 1 tid 105988
128 4 tid 105988
365 2 tid 105988
492 5 tid 105988
619 6 tid 105988
746 7 tid 105988
205 tid 105988
Insert  tid 105988
FindTargetPageId rootid 3 tid 105986
target_page_id id: 7 tid 105986
0 1 tid 105986
128 4 tid 105986
365 2 tid 105986
492 5 tid 105986
619 6 tid 105986
746 7 tid 105986
205 tid 105986
Insert  tid 105986
FindTargetPageId rootid 3 tid 105986
target_page_id id: 7 tid 105986
0 1 tid 105986
128 4 tid 105986
365 2 tid 105986
492 5 tid 105986
619 6 tid 105986
746 7 tid 105986
206 tid 105986
Insert  tid 105986
FindTargetPageId rootid 3 tid 105986
target_page_id id: 7 tid 105986
0 1 tid 105986
128 4 tid 105986
365 2 tid 105986
492 5 tid 105986
619 6 tid 105986
746 7 tid 105986
207 tid 105986
Insert  tid 105986
FindTargetPageId rootid 3 tid 105988
target_page_id id: 7 tid 105988
0 1 tid 105988
128 4 tid 105988
365 2 tid 105988
492 5 tid 105988
619 6 tid 105988
746 7 tid 105988
208 tid 105988
Insert  tid 105988
FindTargetPageId rootid 3 tid 105986
target_page_id id: 7 tid 105986
0 1 tid 105986
128 4 tid 105986
365 2 tid 105986
492 5 tid 105986
619 6 tid 105986
746 7 tid 105986
208 tid 105986
Insert  tid 105986
FindTargetPageId rootid 3 tid 105988
target_page_id id: 7 tid 105988
0 1 tid 105988
128 4 tid 105988
365 2 tid 105988
492 5 tid 105988
619 6 tid 105988
746 7 tid 105988
209 tid 105988
Insert  tid 105988
FindTargetPageId rootid 3 tid 105988
target_page_id id: 7 tid 105988
0 1 tid 105988
128 4 tid 105988
365 2 tid 105988
492 5 tid 105988
619 6 tid 105988
746 7 tid 105988
209 tid 105988
Insert  tid 105988
FindTargetPageId rootid 3 tid 105986
target_page_id id: 7 tid 105986
0 1 tid 105986
128 4 tid 105986
365 2 tid 105986
492 5 tid 105986
619 6 tid 105986
746 7 tid 105986
209 tid 105986
Insert  tid 105986
FindTargetPageId rootid 3 tid 105988
target_page_id id: 7 tid 105988
0 1 tid 105988
128 4 tid 105988
365 2 tid 105988
492 5 tid 105988
619 6 tid 105988
746 7 tid 105988
210 tid 105988
Insert  tid 105988
FindTargetPageId rootid 3 tid 105988
target_page_id id: 7 tid 105988
0 1 tid 105988
128 4 tid 105988
365 2 tid 105988
492 5 tid 105988
619 6 tid 105988
746 7 tid 105988
210 tid 105988
Insert  tid 105988
FindTargetPageId rootid 3 tid 105986
target_page_id id: 7 tid 105986
0 1 tid 105986
128 4 tid 105986
365 2 tid 105986
492 5 tid 105986
619 6 tid 105986
746 7 tid 105986
210 tid 105986
Insert  tid 105986
FindTargetPageId rootid 3 tid 105988
target_page_id id: 7 tid 105988
0 1 tid 105988
128 4 tid 105988
365 2 tid 105988
492 5 tid 105988
619 6 tid 105988
746 7 tid 105988
211 tid 105988
Insert  tid 105988
FindTargetPageId rootid 3 tid 105988
target_page_id id: 7 tid 105988
0 1 tid 105988
128 4 tid 105988
365 2 tid 105988
492 5 tid 105988
619 6 tid 105988
746 7 tid 105988
211 tid 105988
Insert  tid 105988
FindTargetPageId rootid 3 tid 105986
target_page_id id: 7 tid 105986
0 1 tid 105986
128 4 tid 105986
365 2 tid 105986
492 5 tid 105986
619 6 tid 105986
746 7 tid 105986
211 tid 105986
Insert  tid 105986
FindTargetPageId rootid 3 tid 105988
target_page_id id: 7 tid 105988
0 1 tid 105988
128 4 tid 105988
365 2 tid 105988
492 5 tid 105988
619 6 tid 105988
746 7 tid 105988
212 tid 105988
Insert  tid 105988
FindTargetPageId rootid 3 tid 105986
target_page_id id: 7 tid 105986
0 1 tid 105986
128 4 tid 105986
365 2 tid 105986
492 5 tid 105986
619 6 tid 105986
746 7 tid 105986
212 tid 105986
Insert  tid 105986
FindTargetPageId rootid 3 tid 105988
target_page_id id: 7 tid 105988
0 1 tid 105988
128 4 tid 105988
365 2 tid 105988
492 5 tid 105988
619 6 tid 105988
746 7 tid 105988
213 tid 105988
Insert  tid 105988
FindTargetPageId rootid 3 tid 105988
target_page_id id: 7 tid 105988
0 1 tid 105988
128 4 tid 105988
365 2 tid 105988
492 5 tid 105988
619 6 tid 105988
746 7 tid 105988
213 tid 105988
Insert  tid 105988
FindTargetPageId rootid 3 tid 105988
target_page_id id: 7 tid 105988
0 1 tid 105988
128 4 tid 105988
365 2 tid 105988
492 5 tid 105988
619 6 tid 105988
746 7 tid 105988
213 tid 105988
Insert  tid 105988
FindTargetPageId rootid 3 tid 105986
target_page_id id: 7 tid 105986
0 1 tid 105986
128 4 tid 105986
365 2 tid 105986
492 5 tid 105986
619 6 tid 105986
746 7 tid 105986
213 tid 105986
Insert  tid 105986
FindTargetPageId rootid 3 tid 105986
target_page_id id: 7 tid 105986
0 1 tid 105986
128 4 tid 105986
365 2 tid 105986
492 5 tid 105986
619 6 tid 105986
746 7 tid 105986
214 tid 105986
Insert  tid 105986
FindTargetPageId rootid 3 tid 105986
target_page_id id: 7 tid 105986
0 1 tid 105986
128 4 tid 105986
365 2 tid 105986
492 5 tid 105986
619 6 tid 105986
746 7 tid 105986
215 tid 105986
Insert  tid 105986
FindTargetPageId rootid 3 tid 105986
target_page_id id: 7 tid 105986
0 1 tid 105986
128 4 tid 105986
365 2 tid 105986
492 5 tid 105986
619 6 tid 105986
746 7 tid 105986
216 tid 105986
Insert  tid 105986
FindTargetPageId rootid 3 tid 105988
target_page_id id: 7 tid 105988
0 1 tid 105988
128 4 tid 105988
365 2 tid 105988
492 5 tid 105988
619 6 tid 105988
746 7 tid 105988
217 tid 105988
Insert  tid 105988
FindTargetPageId rootid 3 tid 105988
target_page_id id: 7 tid 105988
0 1 tid 105988
128 4 tid 105988
365 2 tid 105988
492 5 tid 105988
619 6 tid 105988
746 7 tid 105988
217 tid 105988
Insert  tid 105988
FindTargetPageId rootid 3 tid 105988
target_page_id id: 7 tid 105988
0 1 tid 105988
128 4 tid 105988
365 2 tid 105988
492 5 tid 105988
619 6 tid 105988
746 7 tid 105988
217 tid 105988
Insert  tid 105988
FindTargetPageId rootid 3 tid 105988
target_page_id id: 7 tid 105988
0 1 tid 105988
128 4 tid 105988
365 2 tid 105988
492 5 tid 105988
619 6 tid 105988
746 7 tid 105988
217 tid 105988
Insert  tid 105988
FindTargetPageId rootid 3 tid 105988
target_page_id id: 7 tid 105988
0 1 tid 105988
128 4 tid 105988
365 2 tid 105988
492 5 tid 105988
619 6 tid 105988
746 7 tid 105988
217 tid 105988
Insert  tid 105988
FindTargetPageId rootid 3 tid 105988
target_page_id id: 7 tid 105988
0 1 tid 105988
128 4 tid 105988
365 2 tid 105988
492 5 tid 105988
619 6 tid 105988
746 7 tid 105988
217 tid 105988
Insert  tid 105988
FindTargetPageId rootid 3 tid 105988
target_page_id id: 7 tid 105988
0 1 tid 105988
128 4 tid 105988
365 2 tid 105988
492 5 tid 105988
619 6 tid 105988
746 7 tid 105988
217 tid 105988
Insert  tid 105988
FindTargetPageId rootid 3 tid 105988
target_page_id id: 7 tid 105988
0 1 tid 105988
128 4 tid 105988
365 2 tid 105988
492 5 tid 105988
619 6 tid 105988
746 7 tid 105988
217 tid 105988
Insert  tid 105988
FindTargetPageId rootid 3 tid 105988
target_page_id id: 7 tid 105988
0 1 tid 105988
128 4 tid 105988
365 2 tid 105988
492 5 tid 105988
619 6 tid 105988
746 7 tid 105988
217 tid 105988
Insert  tid 105988
FindTargetPageId rootid 3 tid 105988
target_page_id id: 7 tid 105988
0 1 tid 105988
128 4 tid 105988
365 2 tid 105988
492 5 tid 105988
619 6 tid 105988
746 7 tid 105988
217 tid 105988
Insert  tid 105988
FindTargetPageId rootid 3 tid 105988
target_page_id id: 7 tid 105988
0 1 tid 105988
128 4 tid 105988
365 2 tid 105988
492 5 tid 105988
619 6 tid 105988
746 7 tid 105988
217 tid 105988
Insert  tid 105988
FindTargetPageId rootid 3 tid 105986
target_page_id id: 7 tid 105986
0 1 tid 105986
128 4 tid 105986
365 2 tid 105986
492 5 tid 105986
619 6 tid 105986
746 7 tid 105986
217 tid 105986
Insert  tid 105986
FindTargetPageId rootid 3 tid 105988
target_page_id id: 7 tid 105988
0 1 tid 105988
128 4 tid 105988
365 2 tid 105988
492 5 tid 105988
619 6 tid 105988
746 7 tid 105988
218 tid 105988
Insert  tid 105988
FindTargetPageId rootid 3 tid 105986
target_page_id id: 7 tid 105986
0 1 tid 105986
128 4 tid 105986
365 2 tid 105986
492 5 tid 105986
619 6 tid 105986
746 7 tid 105986
218 tid 105986
Insert  tid 105986
FindTargetPageId rootid 3 tid 105986
target_page_id id: 7 tid 105986
0 1 tid 105986
128 4 tid 105986
365 2 tid 105986
492 5 tid 105986
619 6 tid 105986
746 7 tid 105986
219 tid 105986
FindTargetPageId rootid 3 tid 105988
target_page_id id: 7 tid 105988
0 1 tid 105988
128 4 tid 105988
365 2 tid 105988
492 5 tid 105988
619 6 tid 105988
746 7 tid 105988
220 tid 105988
Insert  tid 105988
FindTargetPageId rootid 3 tid 105988
target_page_id id: 7 tid 105988
0 1 tid 105988
128 4 tid 105988
365 2 tid 105988
492 5 tid 105988
619 6 tid 105988
746 7 tid Insert  tid 105988105986

220 tid 105988
Insert  tid 105988
FindTargetPageId rootid 3 tid 105988
target_page_id id: 7 tid 105988
0 1 tid 105988
128 4 tid 105988
365 2 tid 105988
492 5 tid 105988
619 6 tid 105988
746 7 tid 105988
220 tid 105988
Insert  tid 105988
FindTargetPageId rootid 3 tid 105988
target_page_id id: 7 tid 105988
0 1 tid 105988
128 4 tid 105988
365 2 tid 105988
492 5 tid 105988
619 6 tid 105988
746 7 tid 105988
220 tid 105988
Insert  tid 105988
FindTargetPageId rootid 3 tid 105986
target_page_id id: 7 tid 105986
0 1 tid 105986
128 4 tid 105986
365 2 tid 105986
492 5 tid 105986
619 6 tid 105986
746 7 tid 105986
220 tid 105986
Insert  tid 105986
FindTargetPageId rootid 3 tid 105988
target_page_id id: 7 tid 105988
0 1 tid 105988
128 4 tid 105988
365 2 tid 105988
492 5 tid 105988
619 6 tid 105988
746 7 tid 105988
221 tid 105988
Insert  tid 105988
FindTargetPageId rootid 3 tid 105986
target_page_id id: 7 tid 105986
0 1 tid 105986
128 4 tid 105986
365 2 tid 105986
492 5 tid 105986
619 6 tid 105986
746 7 tid 105986
221 tid 105986
Insert  tid 105986
FindTargetPageId rootid 3 tid 105986
target_page_id id: 7 tid 105986
0 1 tid 105986
128 4 tid 105986
365 2 tid 105986
492 5 tid 105986
619 6 tid 105986
746 7 tid 105986
222 tid 105986
Insert  tid FindTargetPageId rootid 105986
3 tid 105988
target_page_id id: 7 tid 105988
0 1 tid 105988
128 4 tid 105988
365 2 tid 105988
492 5 tid 105988
619 6 tid 105988
746 7 tid 105988
223 tid 105988
Insert  tid 105988
FindTargetPageId rootid 3 tid 105986
target_page_id id: 7 tid 105986
0 1 tid 105986
128 4 tid 105986
365 2 tid 105986
492 5 tid 105986
619 6 tid 105986
746 7 tid 105986
223 tid 105986
Insert  tid 105986
FindTargetPageId rootid 3 tid 105986
target_page_id id: 7 tid 105986
0 1 tid 105986
128 4 tid 105986
365 2 tid 105986
492 5 tid 105986
619 6 tid 105986
746 7 tid 105986
224 tid 105986
Insert  tid 105986
FindTargetPageId rootid 3 tid 105986
target_page_id id: 7 tid 105986
0 1 tid 105986
128 4 tid 105986
365 2 tid 105986
492 5 tid 105986
619 6 tid 105986
746 7 tid 105986
225 tid 105986
Insert  tid 105986
FindTargetPageId rootid 3 tid 105986
target_page_id id: 7 tid 105986
0 1 tid 105986
128 4 tid 105986
365 2 tid 105986
492 5 tid 105986
619 6 tid 105986
746 7 tid 105986
226 tid 105986
Insert  tid 105986
FindTargetPageId rootid 3 tid 105986
target_page_id id: 7 tid 105986
0 1 tid 105986
128 4 tid 105986
365 2 tid 105986
492 5 tid 105986
619 6 tid 105986
746 7 tid 105986
227 tid 105986
Insert  tid 105986
FindTargetPageId rootid 3 tid 105986
target_page_id id: 7 tid 105986
0 1 tid 105986
128 4 tid 105986
365 2 tid 105986
492 5 tid 105986
619 6 tid 105986
746 7 tid 105986
228 tid 105986
Insert  tid 105986
FindTargetPageId rootid 3 tid 105988
target_page_id id: 7 tid 105988
0 1 tid 105988
128 4 tid 105988
365 2 tid 105988
492 5 tid 105988
619 6 tid 105988
746 7 tid 105988
229 tid 105988
Insert  tid 105988
FindTargetPageId rootid 3 tid 105986
target_page_id id: 7 tid 105986
0 1 tid 105986
128 4 tid 105986
365 2 tid 105986
492 5 tid 105986
619 6 tid 105986
746 7 tid 105986
229 tid 105986
Insert  tid 105986
FindTargetPageId rootid 3 tid 105988
target_page_id id: 7 tid 105988
0 1 tid 105988
128 4 tid 105988
365 2 tid 105988
492 5 tid 105988
619 6 tid 105988
746 7 tid 105988
230 tid 105988
Insert  tid 105988
FindTargetPageId rootid 3 tid 105986
target_page_id id: 7 tid 105986
0 1 tid 105986
128 4 tid 105986
365 2 tid 105986
492 5 tid 105986
619 6 tid 105986
746 7 tid 105986
230 tid 105986
Insert  tid 105986
FindTargetPageId rootid 3 tid 105988
target_page_id id: 7 tid 105988
0 1 tid 105988
128 4 tid 105988
365 2 tid 105988
492 5 tid 105988
619 6 tid 105988
746 7 tid 105988
231 tid 105988
Insert  tid 105988
FindTargetPageId rootid 3 tid 105986
target_page_id id: 7 tid 105986
0 1 tid 105986
128 4 tid 105986
365 2 tid 105986
492 5 tid 105986
619 6 tid 105986
746 7 tid 105986
231 tid 105986
Insert  tid 105986
FindTargetPageId rootid 3 tid 105988
target_page_id id: 7 tid 105988
0 1 tid 105988
128 4 tid 105988
365 2 tid 105988
492 5 tid 105988
619 6 tid 105988
746 7 tid 105988
232 tid 105988
Insert  tid 105988
FindTargetPageId rootid 3 tid 105986
target_page_id id: 7 tid 105986
0 1 tid 105986
128 4 tid 105986
365 2 tid 105986
492 5 tid 105986
619 6 tid 105986
746 7 tid 105986
232 tid 105986
Insert  tid 105986
FindTargetPageId rootid 3 tid 105986
target_page_id id: 7 tid 105986
0 1 tid 105986
128 4 tid 105986
365 2 tid 105986
492 5 tid 105986
619 6 tid 105986
746 7 tid 105986
233 tid 105986
Insert  tid 105986
FindTargetPageId rootid 3 tid 105988
target_page_id id: 7 tid 105988
0 1 tid 105988
128 4 tid 105988
365 2 tid 105988
492 5 tid 105988
619 6 tid 105988
746 7 tid 105988
234 tid 105988
Insert  tid 105988
FindTargetPageId rootid 3 tid 105986
target_page_id id: 7 tid 105986
0 1 tid 105986
128 4 tid 105986
365 2 tid 105986
492 5 tid 105986
619 6 tid 105986
746 7 tid 105986
234 tid 105986
Insert  tid 105986
FindTargetPageId rootid 3 tid 105988
target_page_id id: 7 tid 105988
0 1 tid 105988
128 4 tid 105988
365 2 tid 105988
492 5 tid 105988
619 6 tid 105988
746 7 tid 105988
235 tid 105988
Insert  tid 105988
FindTargetPageId rootid 3 tid 105986
target_page_id id: 7 tid 105986
0 1 tid 105986
128 4 tid 105986
365 2 tid 105986
492 5 tid 105986
619 6 tid 105986
746 7 tid 105986
235 tid 105986
Insert  tid 105986
FindTargetPageId rootid 3 tid 105988
target_page_id id: 7 tid 105988
0 1 tid 105988
128 4 tid 105988
365 2 tid 105988
492 5 tid 105988
619 6 tid 105988
746 7 tid 105988
236 tid 105988
Insert  tid 105988
FindTargetPageId rootid 3 tid 105986
target_page_id id: 7 tid 105986
0 1 tid 105986
128 4 tid 105986
365 2 tid 105986
492 5 tid 105986
619 6 tid 105986
746 7 tid 105986
236 tid 105986
Insert  tid 105986
FindTargetPageId rootid 3 tid 105988
target_page_id id: 7 tid 105988
0 1 tid 105988
128 4 tid 105988
365 2 tid 105988
492 5 tid 105988
619 6 tid 105988
746 7 tid 105988
237 tid 105988
Insert  tid 105988
FindTargetPageId rootid 3 tid 105986
target_page_id id: 7 tid 105986
0 1 tid 105986
128 4 tid 105986
365 2 tid 105986
492 5 tid 105986
619 6 tid 105986
746 7 tid 105986
237 tid 105986
FindTargetPageId rootid 3 tid 105988
target_page_id id: 7 tid 105988
0 1 tid 105988
128 4 tid 105988
365 2 tid 105988
492 5 tid 105988
619 6 tid 105988
746 7 tid 105988
238 tid 105988
Insert  tid 105988
FindTargetPageId rootid 3 tid 105988
target_page_id id: Insert  tid 7 tid 105986105988

0 1 tid 105988
128 4 tid 105988
365 2 tid 105988
492 5 tid 105988
619 6 tid 105988
746 7 tid 105988
238 tid 105988
Insert  tid 105988
FindTargetPageId rootid 3 tid 105988
target_page_id id: 7 tid 105988
0 1 tid 105988
128 4 tid 105988
365 2 tid 105988
492 5 tid 105988
619 6 tid 105988
746 7 tid 105988
238 tid 105988
Insert  tid 105988
FindTargetPageId rootid 3 tid 105988
target_page_id id: 7 tid 105988
0 1 tid 105988
128 4 tid 105988
365 2 tid 105988
492 5 tid 105988
619 6 tid 105988
746 7 tid 105988
238 tid 105988
Insert  tid 105988
FindTargetPageId rootid 3 tid 105988
target_page_id id: 7 tid 105988
0 1 tid 105988
128 4 tid 105988
365 2 tid 105988
492 5 tid 105988
619 6 tid 105988
746 7 tid 105988
238 tid 105988
Insert  tid 105988
FindTargetPageId rootid 3 tid 105988
target_page_id id: 7 tid 105988
0 1 tid 105988
128 4 tid 105988
365 2 tid 105988
492 5 tid 105988
619 6 tid 105988
746 7 tid 105988
238 tid 105988
Insert  tid 105988
FindTargetPageId rootid 3 tid 105988
target_page_id id: 7 tid 105988
0 1 tid 105988
128 4 tid 105988
365 2 tid 105988
492 5 tid 105988
619 6 tid 105988
746 7 tid 105988
238 tid 105988
Insert  tid 105988
FindTargetPageId rootid 3 tid 105988
target_page_id id: 7 tid 105988
0 1 tid 105988
128 4 tid 105988
365 2 tid 105988
492 5 tid 105988
619 6 tid 105988
746 7 tid 105988
238 tid 105988
Insert  tid 105988
FindTargetPageId rootid 3 tid 105986
target_page_id id: 7 tid 105986
0 1 tid 105986
128 4 tid 105986
365 2 tid 105986
492 5 tid 105986
619 6 tid 105986
746 7 tid 105986
238 tid 105986
Insert  tid 105986
FindTargetPageId rootid 3 tid 105988
target_page_id id: 7 tid 105988
0 1 tid 105988
128 4 tid 105988
365 2 tid 105988
492 5 tid 105988
619 6 tid 105988
746 7 tid 105988
239 tid 105988
Insert  tid 105988
FindTargetPageId rootid 3 tid 105988
target_page_id id: 7 tid 105988
0 1 tid 105988
128 4 tid 105988
365 2 tid 105988
492 5 tid 105988
619 6 tid 105988
746 7 tid 105988
239 tid 105988
Insert  tid 105988
FindTargetPageId rootid 3 tid 105986
target_page_id id: 7 tid 105986
0 1 tid 105986
128 4 tid 105986
365 2 tid 105986
492 5 tid 105986
619 6 tid 105986
746 7 tid 105986
239 tid 105986
Insert  tid 105986
FindTargetPageId rootid 3 tid 105988
target_page_id id: 7 tid 105988
0 1 tid 105988
128 4 tid 105988
365 2 tid 105988
492 5 tid 105988
619 6 tid 105988
746 7 tid 105988
240 tid 105988
Insert  tid 105988
FindTargetPageId rootid 3 tid 105986
target_page_id id: 7 tid 105986
0 1 tid 105986
128 4 tid 105986
365 2 tid 105986
492 5 tid 105986
619 6 tid 105986
746 7 tid 105986
240 tid 105986
Insert  tid 105986
FindTargetPageId rootid 3 tid 105986
target_page_id id: 7 tid 105986
0 1 tid 105986
128 4 tid 105986
365 2 tid 105986
492 5 tid 105986
619 6 tid 105986
746 7 tid 105986
241 tid 105986
Insert  tid 105986
FindTargetPageId rootid 3 tid 105986
target_page_id id: 7 tid 105986
0 1 tid 105986
128 4 tid 105986
365 2 tid 105986
492 5 tid 105986
619 6 tid 105986
746 7 tid 105986
242 tid 105986
Insert  tid 105986
FindTargetPageId rootid 3 tid 105986
target_page_id id: 7 tid 105986
0 1 tid 105986
128 4 tid 105986
365 2 tid 105986
492 5 tid 105986
619 6 tid 105986
746 7 tid 105986
243 tid 105986
Insert  tid 105986
FindTargetPageId rootid 3 tid 105986
target_page_id id: 7 tid 105986
0 1 tid 105986
128 4 tid 105986
365 2 tid 105986
492 5 tid 105986
619 6 tid 105986
746 7 tid 105986
244 tid 105986
Insert  tid 105986
FindTargetPageId rootid 3 tid 105986
target_page_id id: 7 tid 105986
0 1 tid 105986
128 4 tid 105986
365 2 tid 105986
492 5 tid 105986
619 6 tid 105986
746 7 tid 105986
245 tid 105986
Insert  tid 105986
FindTargetPageId rootid 3 tid 105986
target_page_id id: 7 tid 105986
0 1 tid 105986
128 4 tid 105986
365 2 tid 105986
492 5 tid 105986
619 6 tid 105986
746 7 tid 105986
246 tid 105986
Insert  tid 105986
FindTargetPageId rootid 3 tid 105986
target_page_id id: 7 tid 105986
0 1 tid 105986
128 4 tid 105986
365 2 tid 105986
492 5 tid 105986
619 6 tid 105986
746 7 tid 105986
247 tid 105986
Insert  tid 105986
FindTargetPageId rootid 3 tid 105986
target_page_id id: 7 tid 105986
0 1 tid 105986
128 4 tid 105986
365 2 tid 105986
492 5 tid 105986
619 6 tid 105986
746 7 tid 105986
248 tid 105986
Insert  tid 105986
FindTargetPageId rootid 3 tid 105988
target_page_id id: 7 tid 105988
0 1 tid 105988
128 4 tid 105988
365 2 tid 105988
492 5 tid 105988
619 6 tid 105988
746 7 tid 105988
249 tid 105988
Insert  tid 105988
FindTargetPageId rootid 3 tid 105986
target_page_id id: 7 tid 105986
0 1 tid 105986
128 4 tid 105986
365 2 tid 105986
492 5 tid 105986
619 6 tid 105986
746 7 tid 105986
249 tid 105986
FindTargetPageId rootid 3 tid 105988
target_page_id id: 7 tid 105988
0 1 tid 105988
128 4 tid 105988
365 2 tid 105988
492 5 tid 105988
619 6 tid 105988
746 7 tid 105988
250 tid 105988
Insert  tid 105988
FindTargetPageId rootid 3 tid 105988
target_page_id id: 7 tid 105988
0 1 tid 105988
128 4 tid 105988
365 2 tid 105988
492 5 tid 105988
619 6 tid 105988
746 7 tid 105988
250 tid 105988
Insert  tid 105986
Insert  tid 105988
FindTargetPageId rootid 3 tid 105986
target_page_id id: 7 tid 105986
0 1 tid 105986
128 4 tid 105986
365 2 tid 105986
492 5 tid 105986
619 6 tid 105986
746 7 tid 105986
250 tid 105986
Insert  tid 105986
FindTargetPageId rootid 3 tid 105986
target_page_id id: 7 tid 105986
0 1 tid 105986
128 4 tid 105986
365 2 tid 105986
492 5 tid 105986
619 6 tid 105986
746 7 tid 105986
251 tid 105986
Insert  tid 105986
FindTargetPageId rootid 3 tid 105988
target_page_id id: 7 tid 105988
0 1 tid 105988
128 4 tid 105988
365 2 tid 105988
492 5 tid 105988
619 6 tid 105988
746 7 tid 105988
252 tid 105988
Insert  tid 105988
FindTargetPageId rootid 3 tid 105986
target_page_id id: 7 tid 105986
0 1 tid 105986
128 4 tid 105986
365 2 tid 105986
492 5 tid 105986
619 6 tid 105986
746 7 tid 105986
252 tid 105986
Insert  tid 105986
FindTargetPageId rootid 3 tid 105988
target_page_id id: 7 tid 105988
0 1 tid 105988
128 4 tid 105988
365 2 tid 105988
492 5 tid 105988
619 6 tid 105988
746 7 tid 105988
253 tid 105988
Insert  tid 105988
FindTargetPageId rootid 3 tid 105988
target_page_id id: 7 tid 105988
0 1 tid 105988
128 4 tid 105988
365 2 tid 105988
492 5 tid 105988
619 6 tid 105988
746 7 tid 105988
253 tid 105988
Insert  tid 105988
FindTargetPageId rootid 3 tid 105988
target_page_id id: 7 tid 105988
0 1 tid 105988
128 4 tid 105988
365 2 tid 105988
492 5 tid 105988
619 6 tid 105988
746 7 tid 105988
253 tid 105988
Insert  tid 105988
FindTargetPageId rootid 3 tid 105988
target_page_id id: 7 tid 105988
0 1 tid 105988
128 4 tid 105988
365 2 tid 105988
492 5 tid 105988
619 6 tid 105988
746 7 tid 105988
253 tid 105988
Insert  tid 105988
FindTargetPageId rootid 3 tid 105988
target_page_id id: 7 tid 105988
0 1 tid 105988
128 4 tid 105988
365 2 tid 105988
492 5 tid 105988
619 6 tid 105988
746 7 tid 105988
253 tid 105988
Insert  tid 105988
FindTargetPageId rootid 3 tid 105986
target_page_id id: 7 tid 105986
0 1 tid 105986
128 4 tid 105986
365 2 tid 105986
492 5 tid 105986
619 6 tid 105986
746 7 tid 105986
253 tid 105986
Insert  tid 105986
FindTargetPageId rootid 3 tid 105988
target_page_id id: 7 tid 105988
0 1 tid 105988
128 4 tid 105988
365 2 tid 105988
492 5 tid 105988
619 6 tid 105988
746 7 tid 105988
254 tid 105988
Insert  tid 105988
FindTargetPageId rootid 3 tid 105986
target_page_id id: 7 tid 105986
0 1 tid 105986
128 4 tid 105986
365 2 tid 105986
492 5 tid 105986
619 6 tid 105986
746 7 tid 105986
254 tid 105986
FindTargetPageId rootid 3 tid 105988
target_page_id id: 8 tid 105988
0 1 tid 105988
128 4 tid 105988
365 2 tid 105988
492 5 tid 105988
619 6 tid 105988
746 7 tid 105988
873 8 tid 105988
128 tid 105988
Insert  tid 105988
FindTargetPageId rootid 3 tid 105988
target_page_id id: 8 tid 105988
0 1 tid 105988
128 4 tid 105988
365 2 tid 105988
492 5 tid 105988
619 6 tid 105988
746 7 tid 105988
873 8 tid 105988
128 tid 105988
Insert  tid 105988
FindTargetPageId rootid 3 tid 105988
target_page_id id: 8 tid 105988
0 1 tid 105988
128 4 tid 105988
365 2 tid 105988
492 5 tid 105988
619 6 tid 105988
746 7 tid 105988
873 8 tid 105988
128 tid 105988
Insert  tid 105988
FindTargetPageId rootid 3 tid 105988
target_page_id id: 8 tid 105988
0 1 tid 105988
128 4 tid 105988
365 2 tid 105988
492 5 tid 105988
619 6 tid 105988
746 7 tid 105988
873 8 tid 105988
128 tid 105988
Insert  tid 105988
FindTargetPageId rootid 3 tid 105988
target_page_id id: 8 tid 105988
0 1 tid 105988
128 4 tid 105988
365 2 tid 105988
492 5 tid 105988
619 6 tid 105988
746 7 tid 105988
873 8 tid 105988
128 tid 105988
Insert  tid 105988
FindTargetPageId rootid 3 tid 105988
target_page_id id: 8 tid 105988
0 1 tid 105988
128 4 tid 105988
365 2 tid 105988
492 5 tid 105988
619 6 tid 105988
746 7 tid 105988
873 8 tid 105988
128 tid 105988
Insert  tid 105988
FindTargetPageId rootid 3 tid 105988
target_page_id id: 8 tid 105988
0 1 tid 105988
128 4 tid 105988
365 2 tid 105988
492 5 tid 105988
619 6 tid 105988
746 7 tid 105988
873 8 tid 105988
128 tid 105988
Insert  tid 105988
FindTargetPageId rootid 3 tid 105988
target_page_id id: 8 tid 105988
0 1 tid 105988
128 4 tid 105988
365 2 tid 105988
492 5 tid 105988
619 6 tid 105988
746 7 tid 105988
873 8 tid 105988
128 tid 105988
Insert  tid 105988
FindTargetPageId rootid 3 tid 105988
target_page_id id: 8 tid 105988
0 1 tid 105988
128 4 tid 105988
365 2 tid 105988
492 5 tid 105988
619 6 tid 105988
746 7 tid 105988
873 8 tid 105988
128 tid 105988
Insert  tid 105988
FindTargetPageId rootid 3 tid 105988
target_page_id id: 8 tid 105988
0 1 tid 105988
128 4 tid 105988
365 2 tid 105988
492 5 tid 105988
619 6 tid 105988
746 7 tid 105988
873 8 tid 105988
128 tid 105988
Insert  tid 105988
FindTargetPageId rootid 3 tid 105988
target_page_id id: 8 tid 105988
0 1 tid 105988
128 4 tid 105988
365 2 tid 105988
492 5 tid 105988
619 6 tid 105988
746 7 tid 105988
873 8 tid 105988
128 tid 105988
Insert  tid 105988
FindTargetPageId rootid 3 tid 105988
target_page_id id: 8 tid 105988
0 1 tid 105988
128 4 tid 105988
365 2 tid 105988
492 5 tid 105988
619 6 tid 105988
746 7 tid 105988
873 8 tid 105988
128 tid 105988
Insert  tid 105988
FindTargetPageId rootid 3 tid 105988
target_page_id id: 8 tid 105988
0 1 tid 105988
128 4 tid 105988
365 2 tid 105988
492 5 tid 105988
619 6 tid 105988
746 7 tid 105988
873 8 tid 105988
128 tid 105988
Insert  tid 105988
FindTargetPageId rootid 3 tid 105988
target_page_id id: 8 tid 105988
0 1 tid 105988
128 4 tid 105988
365 2 tid 105988
492 5 tid 105988
619 6 tid 105988
746 7 tid 105988
873 8 tid 105988
128 tid 105988
Insert  tid 105988
FindTargetPageId rootid 3 tid 105988
target_page_id id: 8 tid 105988
0 1 tid 105988
128 4 tid 105988
365 2 tid 105988
492 5 tid 105988
619 6 tid 105988
746 7 tid 105988
873 8 tid 105988
128 tid 105988
Insert  tid 105988
FindTargetPageId rootid 3 tid 105988
target_page_id id: 8 tid 105988
0 1 tid 105988
128 4 tid 105988
365 2 tid 105988
492 5 tid 105988
619 6 tid 105988
746 7 tid 105988
873 8 tid 105988
128 tid 105988
Insert  tid 105988
FindTargetPageId rootid 3 tid 105988
target_page_id id: 8 tid 105988
0 1 tid 105988
128 4 tid 105988
365 2 tid 105988
492 5 tid 105988
619 6 tid 105988
746 7 tid 105988
873 8 tid 105988
128 tid 105988
Insert  tid 105988
FindTargetPageId rootid 3 tid 105988
target_page_id id: 8 tid 105988
0 1 tid 105988
128 4 tid 105988
365 2 tid 105988
492 5 tid 105988
619 6 tid 105988
746 7 tid 105988
873 8 tid 105988
128 tid 105988
Insert  tid 105988
FindTargetPageId rootid 3 tid 105988
target_page_id id: 8 tid 105988
0 1 tid 105988
128 4 tid 105988
365 2 tid 105988
492 5 tid 105988
619 6 tid 105988
746 7 tid 105988
873 8 tid 105988
128 tid 105988
Insert  tid 105988
FindTargetPageId rootid 3 tid 105988
target_page_id id: 8 tid 105988
0 1 tid 105988
128 4 tid 105988
365 2 tid 105988
492 5 tid 105988
619 6 tid 105988
746 7 tid 105988
873 8 tid 105988
128 tid 105988
leaf_max_size 254
Insert  tid 105929
Insert  tid 105929
new root page id: 1 tid 105929
Insert  tid 105929
FindTargetPageId rootid 1 tid 105929
1 tid 105929
Insert  tid 105929
FindTargetPageId rootid 1 tid 105929
2 tid 105929
Insert  tid 105929
FindTargetPageId rootid 1 tid 105929
3 tid 105929
Insert  tid 105929
FindTargetPageId rootid 1 tid 105929
4 tid 105929
Insert  tid 105929
FindTargetPageId rootid 1 tid 105929
5 tid 105929
Insert  tid 105929
FindTargetPageId rootid 1 tid 105929
6 tid 105929
Insert  tid 105929
FindTargetPageId rootid 1 tid 105929
7 tid 105929
Insert  tid 105929
FindTargetPageId rootid 1 tid 105929
8 tid 105929
Insert  tid 105929
FindTargetPageId rootid 1 tid 105929
9 tid 105929
Insert  tid 105929
FindTargetPageId rootid 1 tid 105929
10 tid 105929
Insert  tid 105929
FindTargetPageId rootid 1 tid 105929
11 tid 105929
Insert  tid 105929
FindTargetPageId rootid 1 tid 105929
12 tid 105929
Insert  tid 105929
FindTargetPageId rootid 1 tid 105929
13 tid 105929
Insert  tid 105929
FindTargetPageId rootid 1 tid 105929
14 tid 105929
Insert  tid 105929
FindTargetPageId rootid 1 tid 105929
15 tid 105929
Insert  tid 105929
FindTargetPageId rootid 1 tid 105929
16 tid 105929
Insert  tid 105929
FindTargetPageId rootid 1 tid 105929
17 tid 105929
Insert  tid 105929
FindTargetPageId rootid 1 tid 105929
18 tid 105929
Insert  tid 105929
FindTargetPageId rootid 1 tid 105929
19 tid 105929
Insert  tid 105929
FindTargetPageId rootid 1 tid 105929
20 tid 105929
Insert  tid 105929
FindTargetPageId rootid 1 tid 105929
21 tid 105929
Insert  tid 105929
FindTargetPageId rootid 1 tid 105929
22 tid 105929
Insert  tid 105929
FindTargetPageId rootid 1 tid 105929
23 tid 105929
Insert  tid 105929
FindTargetPageId rootid 1 tid 105929
24 tid 105929
Insert  tid 105929
FindTargetPageId rootid 1 tid 105929
25 tid 105929
Insert  tid 105929
FindTargetPageId rootid 1 tid 105929
26 tid 105929
Insert  tid 105929
FindTargetPageId rootid 1 tid 105929
27 tid 105929
Insert  tid 105929
FindTargetPageId rootid 1 tid 105929
28 tid 105929
Insert  tid 105929
FindTargetPageId rootid 1 tid 105929
29 tid 105929
Insert  tid 105929
FindTargetPageId rootid 1 tid 105929
30 tid 105929
Insert  tid 105929
FindTargetPageId rootid 1 tid 105929
31 tid 105929
Insert  tid 105929
FindTargetPageId rootid 1 tid 105929
32 tid 105929
Insert  tid 105929
FindTargetPageId rootid 1 tid 105929
33 tid 105929
Insert  tid 105929
FindTargetPageId rootid 1 tid 105929
34 tid 105929
Insert  tid 105929
FindTargetPageId rootid 1 tid 105929
35 tid 105929
Insert  tid 105929
FindTargetPageId rootid 1 tid 105929
36 tid 105929
Insert  tid 105929
FindTargetPageId rootid 1 tid 105929
37 tid 105929
Insert  tid 105929
FindTargetPageId rootid 1 tid 105929
38 tid 105929
Insert  tid 105929
FindTargetPageId rootid 1 tid 105929
39 tid 105929
Insert  tid 105929
FindTargetPageId rootid 1 tid 105929
40 tid 105929
Insert  tid 105929
FindTargetPageId rootid 1 tid 105929
41 tid 105929
Insert  tid 105929
FindTargetPageId rootid 1 tid 105929
42 tid 105929
Insert  tid 105929
FindTargetPageId rootid 1 tid 105929
43 tid 105929
Insert  tid 105929
FindTargetPageId rootid 1 tid 105929
44 tid 105929
Insert  tid 105929
FindTargetPageId rootid 1 tid 105929
45 tid 105929
Insert  tid 105929
FindTargetPageId rootid 1 tid 105929
46 tid 105929
Insert  tid 105929
FindTargetPageId rootid 1 tid 105929
47 tid 105929
Insert  tid 105929
FindTargetPageId rootid 1 tid 105929
48 tid 105929
Insert  tid 105929
FindTargetPageId rootid 1 tid 105929
49 tid 105929
Insert  tid 105929
FindTargetPageId rootid 1 tid 105929
50 tid 105929
Insert  tid 105929
FindTargetPageId rootid 1 tid 105929
51 tid 105929
Insert  tid 105929
FindTargetPageId rootid 1 tid 105929
52 tid 105929
Insert  tid 105929
FindTargetPageId rootid 1 tid 105929
53 tid 105929
Insert  tid 105929
FindTargetPageId rootid 1 tid 105929
54 tid 105929
Insert  tid 105929
FindTargetPageId rootid 1 tid 105929
55 tid 105929
Insert  tid 105929
FindTargetPageId rootid 1 tid 105929
56 tid 105929
Insert  tid 105929
FindTargetPageId rootid 1 tid 105929
57 tid 105929
Insert  tid 105929
FindTargetPageId rootid 1 tid 105929
58 tid 105929
Insert  tid 105929
FindTargetPageId rootid 1 tid 105929
59 tid 105929
Insert  tid 105929
FindTargetPageId rootid 1 tid 105929
60 tid 105929
Insert  tid 105929
FindTargetPageId rootid 1 tid 105929
61 tid 105929
Insert  tid 105929
FindTargetPageId rootid 1 tid 105929
62 tid 105929
Insert  tid 105929
FindTargetPageId rootid 1 tid 105929
63 tid 105929
Insert  tid 105929
FindTargetPageId rootid 1 tid 105929
64 tid 105929
Insert  tid 105929
FindTargetPageId rootid 1 tid 105929
65 tid 105929
Insert  tid 105929
FindTargetPageId rootid 1 tid 105929
66 tid 105929
Insert  tid 105929
FindTargetPageId rootid 1 tid 105929
67 tid 105929
Insert  tid 105929
FindTargetPageId rootid 1 tid 105929
68 tid 105929
Insert  tid 105929
FindTargetPageId rootid 1 tid 105929
69 tid 105929
Insert  tid 105929
FindTargetPageId rootid 1 tid 105929
70 tid 105929
Insert  tid 105929
FindTargetPageId rootid 1 tid 105929
71 tid 105929
Insert  tid 105929
FindTargetPageId rootid 1 tid 105929
72 tid 105929
Insert  tid 105929
FindTargetPageId rootid 1 tid 105929
73 tid 105929
Insert  tid 105929
FindTargetPageId rootid 1 tid 105929
74 tid 105929
Insert  tid 105929
FindTargetPageId rootid 1 tid 105929
75 tid 105929
Insert  tid 105929
FindTargetPageId rootid 1 tid 105929
76 tid 105929
Insert  tid 105929
FindTargetPageId rootid 1 tid 105929
77 tid 105929
Insert  tid 105929
FindTargetPageId rootid 1 tid 105929
78 tid 105929
Insert  tid 105929
FindTargetPageId rootid 1 tid 105929
79 tid 105929
Insert  tid 105929
FindTargetPageId rootid 1 tid 105929
80 tid 105929
Insert  tid 105929
FindTargetPageId rootid 1 tid 105929
81 tid 105929
Insert  tid 105929
FindTargetPageId rootid 1 tid 105929
82 tid 105929
Insert  tid 105929
FindTargetPageId rootid 1 tid 105929
83 tid 105929
Insert  tid 105929
FindTargetPageId rootid 1 tid 105929
84 tid 105929
Insert  tid 105929
FindTargetPageId rootid 1 tid 105929
85 tid 105929
Insert  tid 105929
FindTargetPageId rootid 1 tid 105929
86 tid 105929
Insert  tid 105929
FindTargetPageId rootid 1 tid 105929
87 tid 105929
Insert  tid 105929
FindTargetPageId rootid 1 tid 105929
88 tid 105929
Insert  tid 105929
FindTargetPageId rootid 1 tid 105929
89 tid 105929
Insert  tid 105929
FindTargetPageId rootid 1 tid 105929
90 tid 105929
Insert  tid 105929
FindTargetPageId rootid 1 tid 105929
91 tid 105929
Insert  tid 105929
FindTargetPageId rootid 1 tid 105929
92 tid 105929
Insert  tid 105929
FindTargetPageId rootid 1 tid 105929
93 tid 105929
Insert  tid 105929
FindTargetPageId rootid 1 tid 105929
94 tid 105929
Insert  tid 105929
FindTargetPageId rootid 1 tid 105929
95 tid 105929
Insert  tid 105929
FindTargetPageId rootid 1 tid 105929
96 tid 105929
Insert  tid 105929
FindTargetPageId rootid 1 tid 105929
97 tid 105929
Insert  tid 105929
FindTargetPageId rootid 1 tid 105929
98 tid 105929
Insert  tid 105929
FindTargetPageId rootid 1 tid 105929
99 tid 105929
Insert  tid 105929
FindTargetPageId rootid 1 tid 105929
100 tid 105929
Insert  tid 105929
FindTargetPageId rootid 1 tid 105929
101 tid 105929
Insert  tid 105929
FindTargetPageId rootid 1 tid 105929
102 tid 105929
Insert  tid 105929
FindTargetPageId rootid 1 tid 105929
103 tid 105929
Insert  tid 105929
FindTargetPageId rootid 1 tid 105929
104 tid 105929
Insert  tid 105929
FindTargetPageId rootid 1 tid 105929
105 tid 105929
Insert  tid 105929
FindTargetPageId rootid 1 tid 105929
106 tid 105929
Insert  tid 105929
FindTargetPageId rootid 1 tid 105929
107 tid 105929
Insert  tid 105929
FindTargetPageId rootid 1 tid 105929
108 tid 105929
Insert  tid 105929
FindTargetPageId rootid 1 tid 105929
109 tid 105929
Insert  tid 105929
FindTargetPageId rootid 1 tid 105929
110 tid 105929
Insert  tid 105929
FindTargetPageId rootid 1 tid 105929
111 tid 105929
Insert  tid 105929
FindTargetPageId rootid 1 tid 105929
112 tid 105929
Insert  tid 105929
FindTargetPageId rootid 1 tid 105929
113 tid 105929
Insert  tid 105929
FindTargetPageId rootid 1 tid 105929
114 tid 105929
Insert  tid 105929
FindTargetPageId rootid 1 tid 105929
115 tid 105929
Insert  tid 105929
FindTargetPageId rootid 1 tid 105929
116 tid 105929
Insert  tid 105929
FindTargetPageId rootid 1 tid 105929
117 tid 105929
Insert  tid 105929
FindTargetPageId rootid 1 tid 105929
118 tid 105929
Insert  tid 105929
FindTargetPageId rootid 1 tid 105929
119 tid 105929
Insert  tid 105929
FindTargetPageId rootid 1 tid 105929
120 tid 105929
Insert  tid 105929
FindTargetPageId rootid 1 tid 105929
121 tid 105929
Insert  tid 105929
FindTargetPageId rootid 1 tid 105929
122 tid 105929
Insert  tid 105929
FindTargetPageId rootid 1 tid 105929
123 tid 105929
Insert  tid 105929
FindTargetPageId rootid 1 tid 105929
124 tid 105929
Insert  tid 105929
FindTargetPageId rootid 1 tid 105929
125 tid 105929
Insert  tid 105929
FindTargetPageId rootid 1 tid 105929
126 tid 105929
Insert  tid 105929
FindTargetPageId rootid 1 tid 105929
127 tid 105929
Insert  tid 105929
FindTargetPageId rootid 1 tid 105929
128 tid 105929
Insert  tid 105929
FindTargetPageId rootid 1 tid 105929
129 tid 105929
Insert  tid 105929
FindTargetPageId rootid 1 tid 105929
130 tid 105929
Insert  tid 105929
FindTargetPageId rootid 1 tid 105929
131 tid 105929
Insert  tid 105929
FindTargetPageId rootid 1 tid 105929
132 tid 105929
Insert  tid 105929
FindTargetPageId rootid 1 tid 105929
133 tid 105929
Insert  tid 105929
FindTargetPageId rootid 1 tid 105929
134 tid 105929
Insert  tid 105929
FindTargetPageId rootid 1 tid 105929
135 tid 105929
Insert  tid 105929
FindTargetPageId rootid 1 tid 105929
136 tid 105929
Insert  tid 105929
FindTargetPageId rootid 1 tid 105929
137 tid 105929
Insert  tid 105929
FindTargetPageId rootid 1 tid 105929
138 tid 105929
Insert  tid 105929
FindTargetPageId rootid 1 tid 105929
139 tid 105929
Insert  tid 105929
FindTargetPageId rootid 1 tid 105929
140 tid 105929
Insert  tid 105929
FindTargetPageId rootid 1 tid 105929
141 tid 105929
Insert  tid 105929
FindTargetPageId rootid 1 tid 105929
142 tid 105929
Insert  tid 105929
FindTargetPageId rootid 1 tid 105929
143 tid 105929
Insert  tid 105929
FindTargetPageId rootid 1 tid 105929
144 tid 105929
Insert  tid 105929
FindTargetPageId rootid 1 tid 105929
145 tid 105929
Insert  tid 105929
FindTargetPageId rootid 1 tid 105929
146 tid 105929
Insert  tid 105929
FindTargetPageId rootid 1 tid 105929
147 tid 105929
Insert  tid 105929
FindTargetPageId rootid 1 tid 105929
148 tid 105929
Insert  tid 105929
FindTargetPageId rootid 1 tid 105929
149 tid 105929
Insert  tid 105929
FindTargetPageId rootid 1 tid 105929
150 tid 105929
Insert  tid 105929
FindTargetPageId rootid 1 tid 105929
151 tid 105929
Insert  tid 105929
FindTargetPageId rootid 1 tid 105929
152 tid 105929
Insert  tid 105929
FindTargetPageId rootid 1 tid 105929
153 tid 105929
Insert  tid 105929
FindTargetPageId rootid 1 tid 105929
154 tid 105929
Insert  tid 105929
FindTargetPageId rootid 1 tid 105929
155 tid 105929
Insert  tid 105929
FindTargetPageId rootid 1 tid 105929
156 tid 105929
Insert  tid 105929
FindTargetPageId rootid 1 tid 105929
157 tid 105929
Insert  tid 105929
FindTargetPageId rootid 1 tid 105929
158 tid 105929
Insert  tid 105929
FindTargetPageId rootid 1 tid 105929
159 tid 105929
Insert  tid 105929
FindTargetPageId rootid 1 tid 105929
160 tid 105929
Insert  tid 105929
FindTargetPageId rootid 1 tid 105929
161 tid 105929
Insert  tid 105929
FindTargetPageId rootid 1 tid 105929
162 tid 105929
Insert  tid 105929
FindTargetPageId rootid 1 tid 105929
163 tid 105929
Insert  tid 105929
FindTargetPageId rootid 1 tid 105929
164 tid 105929
Insert  tid 105929
FindTargetPageId rootid 1 tid 105929
165 tid 105929
Insert  tid 105929
FindTargetPageId rootid 1 tid 105929
166 tid 105929
Insert  tid 105929
FindTargetPageId rootid 1 tid 105929
167 tid 105929
Insert  tid 105929
FindTargetPageId rootid 1 tid 105929
168 tid 105929
Insert  tid 105929
FindTargetPageId rootid 1 tid 105929
169 tid 105929
Insert  tid 105929
FindTargetPageId rootid 1 tid 105929
170 tid 105929
Insert  tid 105929
FindTargetPageId rootid 1 tid 105929
171 tid 105929
Insert  tid 105929
FindTargetPageId rootid 1 tid 105929
172 tid 105929
Insert  tid 105929
FindTargetPageId rootid 1 tid 105929
173 tid 105929
Insert  tid 105929
FindTargetPageId rootid 1 tid 105929
174 tid 105929
Insert  tid 105929
FindTargetPageId rootid 1 tid 105929
175 tid 105929
Insert  tid 105929
FindTargetPageId rootid 1 tid 105929
176 tid 105929
Insert  tid 105929
FindTargetPageId rootid 1 tid 105929
177 tid 105929
Insert  tid 105929
FindTargetPageId rootid 1 tid 105929
178 tid 105929
Insert  tid 105929
FindTargetPageId rootid 1 tid 105929
179 tid 105929
Insert  tid 105929
FindTargetPageId rootid 1 tid 105929
180 tid 105929
Insert  tid 105929
FindTargetPageId rootid 1 tid 105929
181 tid 105929
Insert  tid 105929
FindTargetPageId rootid 1 tid 105929
182 tid 105929
Insert  tid 105929
FindTargetPageId rootid 1 tid 105929
183 tid 105929
Insert  tid 105929
FindTargetPageId rootid 1 tid 105929
184 tid 105929
Insert  tid 105929
FindTargetPageId rootid 1 tid 105929
185 tid 105929
Insert  tid 105929
FindTargetPageId rootid 1 tid 105929
186 tid 105929
Insert  tid 105929
FindTargetPageId rootid 1 tid 105929
187 tid 105929
Insert  tid 105929
FindTargetPageId rootid 1 tid 105929
188 tid 105929
Insert  tid 105929
FindTargetPageId rootid 1 tid 105929
189 tid 105929
Insert  tid 105929
FindTargetPageId rootid 1 tid 105929
190 tid 105929
Insert  tid 105929
FindTargetPageId rootid 1 tid 105929
191 tid 105929
Insert  tid 105929
FindTargetPageId rootid 1 tid 105929
192 tid 105929
Insert  tid 105929
FindTargetPageId rootid 1 tid 105929
193 tid 105929
Insert  tid 105929
FindTargetPageId rootid 1 tid 105929
194 tid 105929
Insert  tid 105929
FindTargetPageId rootid 1 tid 105929
195 tid 105929
Insert  tid 105929
FindTargetPageId rootid 1 tid 105929
196 tid 105929
Insert  tid 105929
FindTargetPageId rootid 1 tid 105929
197 tid 105929
Insert  tid 105929
FindTargetPageId rootid 1 tid 105929
198 tid 105929
Insert  tid 105929
FindTargetPageId rootid 1 tid 105929
199 tid 105929
Insert  tid 105990
Remove  tid 105991
Insert  tid 105990
FindTargetPageId rootid 1 tid 105990
200 tid 105990
Insert  tid 105990
FindTargetPageId rootid 1 tid 105990
201 tid 105990
Insert  tid 105990
Remove  tid 105991
FindTargetPageId rootid 1 tid 105990
202 tid 105990
Insert  tid 105990
Insert  tid 105992
FindTargetPageId rootid 1 tid 105991
Insert  tid 203105992 tid 
105991
Remove  tid 105991
FindTargetPageId rootid 1 tid 105990
202 tid 105990
Insert  tid 105990
FindTargetPageId rootid 1 tid 105990
203 tid 105990
Insert  tid 105990
FindTargetPageId rootid 1 tid 105991
204 tid 105991
Remove  tid 105991
FindTargetPageId rootid 1 tid 105992
203 tid 105992
Insert  tid 105992
FindTargetPageId rootid 1 tid 105990
204 tid 105990
Insert  tid 105990
FindTargetPageId rootid 1 tid 105991
205 tid 105991
Remove  tid 105991
FindTargetPageId rootid 1 tid 105992
204 tid 105992
Insert  tid 105992
FindTargetPageId rootid 1 tid 105990
205 tid 105990
Insert  tid 105990
FindTargetPageId rootid 1 tid 105991
206 tid 105991
Remove  tid 105991
FindTargetPageId rootid 1 tid 105992
205 tid 105992
Insert  tid 105992
FindTargetPageId rootid 1 tid 105990
206 tid 105990
Insert  tid 105990
FindTargetPageId rootid 1 tid 105990
207 tid 105990
Insert  tid 105990
FindTargetPageId rootid 1 tid 105992
208 tid 105992
Insert  tid 105992
FindTargetPageId rootid 1 tid 105991
209 tid 105991
Remove  tid 105991
FindTargetPageId rootid 1 tid 105991
208 tid 105991
Remove  tid 105991
FindTargetPageId rootid 1 tid 105992
207 tid 105992
Insert  tid 105992
FindTargetPageId rootid 1 tid 105990
208 tid 105990
Insert  tid 105990
FindTargetPageId rootid 1 tid 105991
209 tid 105991
Remove  tid 105991
FindTargetPageId rootid 1 tid 105991
208 tid 105991
Remove  tid 105991
FindTargetPageId rootid 1 tid 105991
207 tid 105991
Remove  tid 105991
FindTargetPageId rootid 1 tid 105991
206 tid 105991
Remove  tid 105991
FindTargetPageId rootid 1 tid 105991
205 tid 105991
Remove  tid 105991
FindTargetPageId rootid 1 tid 105991
205 tid 105991
Remove  tid 105991
FindTargetPageId rootid 1 tid 105991
205 tid 105991
Remove  tid 105991
FindTargetPageId rootid 1 tid 105991
205 tid 105991
Remove  tid 105991
FindTargetPageId rootid 1 tid 105991
205 tid 105991
Remove  tid 105991
FindTargetPageId rootid 1 tid 105991
205 tid 105991
Remove  tid 105991
FindTargetPageId rootid 1 tid 105990
205 tid 105990
Insert  tid 105990
FindTargetPageId rootid 1 tid 105992
206 tid 105992
Insert  tid 105992
FindTargetPageId rootid 1 tid 105991
207 tid 105991
Remove  tid 105991
FindTargetPageId rootid 1 tid 105991
207 tid 105991
Remove  tid 105991
FindTargetPageId rootid 1 tid 105992
207 tid 105992
Insert  tid 105992
FindTargetPageId rootid 1 tid 105992
208 tid 105992
Insert  tid 105992
FindTargetPageId rootid 1 tid 105992
209 tid 105992
Insert  tid 105992
FindTargetPageId rootid 1 tid 105992
210 tid 105992
Insert  tid 105992
FindTargetPageId rootid 1 tid 105991
211 tid 105991
Remove  tid 105991
FindTargetPageId rootid 1 tid 105990
211 tid 105990
Insert  tid 105990
FindTargetPageId rootid 1 tid 105992
212 tid 105992
Insert  tid 105992
FindTargetPageId rootid 1 tid 105991
212 tid 105991
Remove  tid 105991
FindTargetPageId rootid 1 tid 105991
212 tid 105991
Remove  tid 105991
FindTargetPageId rootid 1 tid 105991
212 tid 105991
Remove  tid 105991
FindTargetPageId rootid 1 tid 105990
212 tid 105990
Insert  tid 105990
FindTargetPageId rootid 1 tid 105990
213 tid 105990
Insert  tid 105990
FindTargetPageId rootid 1 tid 105991
214 tid 105991
Remove  tid 105991
FindTargetPageId rootid 1 tid 105991
214 tid 105991
Remove  tid 105991
FindTargetPageId rootid 1 tid 105991
214 tid 105991
Remove  tid 105991
FindTargetPageId rootid 1 tid 105991
214 tid 105991
Remove  tid 105991
FindTargetPageId rootid 1 tid 105991
214 tid 105991
Remove  tid 105991
FindTargetPageId rootid 1 tid 105991
214 tid 105991
Remove  tid 105991
FindTargetPageId rootid 1 tid 105991
214 tid 105991
Remove  tid 105991
FindTargetPageId rootid 1 tid 105991
214 tid 105991
Remove  tid 105991
FindTargetPageId rootid 1 tid 105990
214 tid 105990
Insert  tid 105990
FindTargetPageId rootid 1 tid 105992
215 tid 105992
Insert  tid 105992
FindTargetPageId rootid 1 tid 105992
215 tid 105992
Insert  tid 105992
FindTargetPageId rootid 1 tid 105992
215 tid 105992
Insert  tid 105992
FindTargetPageId rootid 1 tid 105991
215 tid 105991
Remove  tid 105991
FindTargetPageId rootid 1 tid 105991
215 tid 105991
Remove  tid 105991
FindTargetPageId rootid 1 tid 105992
215 tid 105992
Insert  tid 105992
FindTargetPageId rootid 1 tid 105990
215 tid 105990
Insert  tid 105990
FindTargetPageId rootid 1 tid 105991
216 tid 105991
Remove  tid 105991
FindTargetPageId rootid 1 tid 105992
216 tid 105992
Insert  tid 105992
FindTargetPageId rootid 1 tid 105992
216 tid 105992
Insert  tid 105992
FindTargetPageId rootid 1 tid 105992
217 tid 105992
Insert  tid 105992
FindTargetPageId rootid 1 tid 105992
218 tid 105992
Insert  tid 105992
FindTargetPageId rootid 1 tid 105992
219 tid 105992
Insert FindTargetPageId rootid  tid 1 tid 105991
220 tid 105991
105992
Remove  tid 105991
FindTargetPageId rootid 1 tid 105992
220 tid 105992
Insert  tid 105992
FindTargetPageId rootid 1 tid 105991
221 tid 105991
FindTargetPageId rootid 1Remove  tid  tid 105990
221 tid 105990
105991
Insert  tid 105990
FindTargetPageId rootid 1 tid 105991
221 tid 105991
Remove  tid 105991
FindTargetPageId rootid 1 tid 105991
221 tid 105991
Remove  tid 105991
FindTargetPageId rootid 1 tid 105992
221 tid 105992
Insert  tid 105992
FindTargetPageId rootid 1 tid 105990
222 tid 105990
Insert  tid 105990
FindTargetPageId rootid 1 tid 105990
222 tid 105990
Insert  tid 105990
FindTargetPageId rootid 1 tid 105990
222 tid 105990
Insert  tid 105990
FindTargetPageId rootid 1 tid 105990
222 tid 105990
Insert  tid 105990
FindTargetPageId rootid 1 tid 105990
222 tid 105990
Insert  tid 105990
FindTargetPageId rootid 1 tid 105990
222 tid 105990
Insert  tid 105990
FindTargetPageId rootid 1 tid 105991
223 tid 105991
Remove  tid 105991
FindTargetPageId rootid 1 tid 105991
223 tid 105991
Remove  tid 105991
FindTargetPageId rootid 1 tid 105991
223 tid 105991
Remove  tid 105991
FindTargetPageId rootid 1 tid 105991
223 tid 105991
Remove  tid 105991
FindTargetPageId rootid 1 tid 105991
223 tid 105991
Remove  tid 105991
FindTargetPageId rootid 1 tid 105991
223 tid 105991
Remove  tid 105991
FindTargetPageId rootid 1 tid 105991
223 tid 105991
Remove  tid 105991
FindTargetPageId rootid 1 tid 105991
223 tid 105991
Remove  tid 105991
FindTargetPageId rootid 1 tid 105991
223 tid 105991
Remove  tid 105991
FindTargetPageId rootid 1 tid 105991
223 tid 105991
Remove  tid 105991
FindTargetPageId rootid 1 tid 105991
223 tid 105991
Remove  tid 105991
FindTargetPageId rootid 1 tid 105991
223 tid 105991
Remove  tid 105991
FindTargetPageId rootid 1 tid 105991
223 tid 105991
Remove  tid 105991
FindTargetPageId rootid 1 tid 105991
223 tid 105991
Remove  tid 105991
FindTargetPageId rootid 1 tid 105991
223 tid 105991
Remove  tid 105991
FindTargetPageId rootid 1 tid 105991
223 tid 105991
Remove  tid 105991
FindTargetPageId rootid 1 tid 105991
223 tid 105991
Remove  tid 105991
FindTargetPageId rootid 1 tid 105991
223 tid 105991
Remove  tid 105991
FindTargetPageId rootid 1 tid 105990
223 tid 105990
Insert  tid 105990
FindTargetPageId rootid 1 tid 105990
224 tid 105990
Insert  tid 105990
FindTargetPageId rootid 1 tid 105990
225 tid 105990
Insert  tid 105990
FindTargetPageId rootid 1 tid 105990
226 tid 105990
Insert  tid 105990
FindTargetPageId rootid 1 tid 105990
227 tid 105990
Insert  tid 105990
FindTargetPageId rootid 1 tid 105990
228 tid 105990
Insert  tid 105990
FindTargetPageId rootid 1 tid 105992
229 tid 105992
Insert  tid 105992
FindTargetPageId rootid 1 tid 105992
229 tid 105992
Insert  tid 105992
FindTargetPageId rootid 1 tid 105991
229 tid 105991
Remove  tid 105991
FindTargetPageId rootid 1 tid 105991
229 tid 105991
Remove  tid 105991
FindTargetPageId rootid 1 tid 105990
229 tid 105990
Insert  tid 105990
FindTargetPageId rootid 1 tid 105990
230 tid 105990
Insert  tid 105990
FindTargetPageId rootid 1 tid 105990
231 tid 105990
Insert  tid 105990
FindTargetPageId rootid 1 tid 105990
232 tid 105990
Insert  tid 105990
FindTargetPageId rootid 1 tid 105990
233 tid 105990
Insert  tid 105990
FindTargetPageId rootid 1 tid 105990
234 tid 105990
Insert  tid 105990
FindTargetPageId rootid 1 tid 105990
235 tid 105990
Insert  tid 105990
FindTargetPageId rootid 1 tid 105990
236 tid 105990
Insert  tid 105990
FindTargetPageId rootid 1 tid 105990
237 tid 105990
Insert  tid 105990
FindTargetPageId rootid 1 tid 105990
238 tid 105990
Insert  tid 105990
FindTargetPageId rootid 1 tid 105990
239 tid 105990
Insert  tid 105990
FindTargetPageId rootid 1 tid 105990
240 tid 105990
Insert  tid 105990
FindTargetPageId rootid 1 tid 105990
241 tid 105990
Insert  tid 105990
FindTargetPageId rootid 1 tid 105990
242 tid 105990
Insert  tid 105990
FindTargetPageId rootid 1 tid 105990
243 tid 105990
Insert  tid 105990
FindTargetPageId rootid 1 tid 105990
244 tid 105990
Insert  tid 105990
FindTargetPageId rootid 1 tid 105990
245 tid 105990
Insert  tid 105990
FindTargetPageId rootid 1 tid 105990
246 tid 105990
Insert  tid 105990
FindTargetPageId rootid 1 tid 105990
247 tid 105990
Insert  tid 105990
FindTargetPageId rootid 1 tid 105990
248 tid 105990
Insert  tid 105990
FindTargetPageId rootid 1 tid 105990
249 tid 105990
Insert  tid 105990
FindTargetPageId rootid 1 tid 105990
250 tid 105990
Insert  tid 105990
FindTargetPageId rootid 1 tid 105990
251 tid 105990
Insert  tid 105990
FindTargetPageId rootid 1 tid 105990
252 tid 105990
Insert  tid 105990
FindTargetPageId rootid 1 tid 105991
253 tid 105991
Remove  tid 105991
FindTargetPageId rootid 1 tid 105992
253 tid 105992
Insert  tid 105992
FindTargetPageId rootid 1 tid 105992
253 tid 105992
Insert  tid 105992
FindTargetPageId rootid 1 tid 105991
253 tid 105991
Remove  tid 105991
FindTargetPageId rootid 1 tid 105992
253 tid 105992
Insert  tid 105992
FindTargetPageId rootid 1 tid 105992
253 tid 105992
Insert  tid 105992
FindTargetPageId rootid 1 tid 105992
253 tid 105992
Insert  tid 105992
FindTargetPageId rootid 1 tid 105992
253 tid 105992
Insert  tid 105992
FindTargetPageId rootid 1 tid 105992
253 tid 105992
Insert  tid 105992
FindTargetPageId rootid 1 tid 105992
253 tid 105992
Insert  tid 105992
FindTargetPageId rootid 1 tid 105992
253 tid 105992
Insert  tid 105992
FindTargetPageId rootid 1 tid 105992
253 tid 105992
Insert  tid 105992
FindTargetPageId rootid 1 tid 105992
253 tid 105992
Insert  tid 105992
FindTargetPageId rootid 1 tid 105990
253 tid 105990
Insert  tid 105990
FindTargetPageId rootid 1 tid 105991
254 tid 105991
Remove  tid 105991
FindTargetPageId rootid 1 tid 105992
254 tid 105992
Insert  tid 105992
FindTargetPageId rootid 1 tid 105992
254 tid 105992
Insert  tid 105992
FindTargetPageId rootid 1 tid 105991
254 tid 105991
Remove  tid 105991
FindTargetPageId rootid 1 tid 105990
254 tid 105990
Insert  tid 105990
FindTargetPageId rootid 3 tid 105992
target_page_id id: 1 tid 105992
0 1 tid 105992
365 2 tid 105992
127 tid 105992
Insert  tid 105992
FindTargetPageId rootid 3 tid 105991
target_page_id id: 1 tid 105991
0 1 tid 105991
365 2 tid 105991
127 tid 105991
Remove  tid 105991
FindTargetPageId rootid 3 tid 105991
target_page_id id: 1 tid 105991
0 1 tid 105991
365 2 tid 105991
127 tid 105991
Remove  tid 105991
FindTargetPageId rootid 3 tid 105992
target_page_id id: 1 tid 105992
0 1 tid 105992
365 2 tid 105992
127 tid 105992
Insert  tid 105992
FindTargetPageId rootid 3 tid 105992
target_page_id id: 1 tid 105992
0 1 tid 105992
365 2 tid 105992
127 tid 105992
Insert  tid 105992
FindTargetPageId rootid 3 tid 105991
target_page_id id: 1 tid 105991
0 1 tid 105991
365 2 tid 105991
127 tid 105991
FindTargetPageId rootid 3 tid 105990
Remove  tid target_page_id id: 1059911
 tid 105990
0 1 tid 105990
365 2 tid 105990
127 tid 105990
Insert  tid 105990
FindTargetPageId rootid 3 tid 105990
target_page_id id: 1 tid 105990
0 1 tid 105990
365 2 tid 105990
128 tid 105990
Insert  tid 105990
FindTargetPageId rootid 3 tid 105990
target_page_id id: 1 tid 105990
0 1 tid 105990
365 2 tid 105990
129 tid 105990
Insert  tid 105990
FindTargetPageId rootid 3 tid 105990
target_page_id id: 1 tid 105990
0 1 tid 105990
365 2 tid 105990
130 tid 105990
Insert  tid 105990
FindTargetPageId rootid 3 tid 105990
target_page_id id: 1 tid 105990
0 1 tid 105990
365 2 tid 105990
131 tid 105990
Insert  tid 105990
FindTargetPageId rootid 3 tid 105990
target_page_id id: 1 tid 105990
0 1 tid 105990
365 2 tid 105990
132 tid 105990
Insert  tid 105990
FindTargetPageId rootid 3 tid 105990
target_page_id id: 1 tid 105990
0 1 tid 105990
365 2 tid 105990
133 tid 105990
Insert  tid 105990
FindTargetPageId rootid 3 tid 105990
target_page_id id: 1 tid 105990
0 1 tid 105990
365 2 tid 105990
134 tid 105990
Insert  tid 105990
FindTargetPageId rootid 3 tid 105990
target_page_id id: 1 tid 105990
0 1 tid 105990
365 2 tid 105990
135 tid 105990
Insert  tid 105990
FindTargetPageId rootid 3 tid 105990
target_page_id id: 1 tid 105990
0 1 tid 105990
365 2 tid 105990
136 tid 105990
Insert  tid 105990
FindTargetPageId rootid 3 tid 105990
target_page_id id: 1 tid 105990
0 1 tid 105990
365 2 tid 105990
137 tid 105990
Insert  tid 105990
FindTargetPageId rootid 3 tid 105990
target_page_id id: 1 tid 105990
0 1 tid 105990
365 2 tid 105990
138 tid 105990
Insert  tid 105990
FindTargetPageId rootid 3 tid 105990
target_page_id id: 1 tid 105990
0 1 tid 105990
365 2 tid 105990
139 tid 105990
Insert  tid 105990
FindTargetPageId rootid 3 tid 105990
target_page_id id: 1 tid 105990
0 1 tid 105990
365 2 tid 105990
140 tid 105990
Insert  tid 105990
FindTargetPageId rootid 3 tid 105990
target_page_id id: 1 tid 105990
0 1 tid 105990
365 2 tid 105990
141 tid 105990
Insert  tid 105990
FindTargetPageId rootid 3 tid 105990
target_page_id id: 1 tid 105990
0 1 tid 105990
365 2 tid 105990
142 tid 105990
Insert  tid 105990
FindTargetPageId rootid 3 tid 105990
target_page_id id: 1 tid 105990
0 1 tid 105990
365 2 tid 105990
143 tid 105990
Insert  tid 105990
FindTargetPageId rootid 3 tid 105990
target_page_id id: 1 tid 105990
0 1 tid 105990
365 2 tid 105990
144 tid 105990
Insert  tid 105990
FindTargetPageId rootid 3 tid 105990
target_page_id id: 1 tid 105990
0 1 tid 105990
365 2 tid 105990
145 tid 105990
Insert  tid 105990
FindTargetPageId rootid 3 tid 105990
target_page_id id: 1 tid 105990
0 1 tid 105990
365 2 tid 105990
146 tid 105990
Insert  tid 105990
FindTargetPageId rootid 3 tid 105990
target_page_id id: 1 tid 105990
0 1 tid 105990
365 2 tid 105990
147 tid 105990
Insert  tid 105990
FindTargetPageId rootid 3 tid 105990
target_page_id id: 1 tid 105990
0 1 tid 105990
365 2 tid 105990
148 tid 105990
Insert  tid 105990
FindTargetPageId rootid 3 tid 105990
target_page_id id: 1 tid 105990
0 1 tid 105990
365 2 tid 105990
149 tid 105990
Insert  tid 105990
FindTargetPageId rootid 3 tid 105992
target_page_id id: 1 tid 105992
0 1 tid 105992
365 2 tid 105992
150 tid 105992
Insert  tid 105992
FindTargetPageId rootid 3 tid 105992
target_page_id id: 1 tid 105992
0 1 tid 105992
365 2 tid 105992
150 tid 105992
Insert  tid 105992
FindTargetPageId rootid 3 tid 105992
target_page_id id: 1 tid 105992
0 1 tid 105992
365 2 tid 105992
150 tid 105992
Insert  tid 105992
FindTargetPageId rootid 3 tid 105992
target_page_id id: 1 tid 105992
0 1 tid 105992
365 2 tid 105992
150 tid 105992
FindTargetPageId rootid 3 tid 105991
Insert target_page_id id: 1 tid 105991 tid 
0 1 tid 105991
365 2 tid 105991
150 tid 105991
105992
FindTargetPageId rootid 3 tid 105992
target_page_id id: 1 tid 105992
0 1 tid 105992
365 2 tid 105992
149 tid 105992
Insert  tid 105992
FindTargetPageId rootid 3 tid 105992
target_page_id id: 1 tid 105992
0 1 tid 105992
365 2 tid 105992
149 tid 105992
Insert  tid 105992
Remove  tid 105991
FindTargetPageId rootid 3 tid 105992
target_page_id id: 1 tid 105992
0 1 tid 105992
365 2 tid 105992
149 tid 105992
Insert  tid 105992
FindTargetPageId rootid 3 tid 105992
target_page_id id: 1 tid 105992
0 1 tid 105992
365 2 tid 105992
149 tid 105992
Insert  tid 105992
FindTargetPageId rootid 3 tid 105990
target_page_id id: 1 tid 105990
0 1 tid 105990
365 2 tid 105990
149 tid 105990
Insert  tid 105990
FindTargetPageId rootid 3 tid 105991
target_page_id id: 1 tid 105991
0 1 tid 105991
365 2 tid 105991
150 tid 105991
Remove  tid 105991
FindTargetPageId rootid 3 tid 105992
target_page_id id: 1 tid 105992
0 1 tid 105992
365 2 tid 105992
149 tid 105992
Insert  tid 105992
FindTargetPageId rootid 3 tid 105992
target_page_id id: 1 tid 105992
0 1 tid 105992
365 2 tid 105992
149 tid 105992
Insert  tid 105992
FindTargetPageId rootid 3 tid 105992
target_page_id id: 1 tid 105992
0 1 tid 105992
365 2 tid 105992
149 tid 105992
Insert  tid 105992
FindTargetPageId rootid 3 tid 105990
target_page_id id: 1 tid 105990
0 1 tid 105990
365 2 tid 105990
149 tid 105990
Insert  tid 105990
FindTargetPageId rootid 3 tid 105990
target_page_id id: 1 tid 105990
0 1 tid 105990
365 2 tid 105990
150 tid 105990
Insert  tid 105990
FindTargetPageId rootid 3 tid 105990
target_page_id id: 1 tid 105990
0 1 tid 105990
365 2 tid 105990
151 tid 105990
Insert  tid 105990
FindTargetPageId rootid 3 tid 105990
target_page_id id: 1 tid 105990
0 1 tid 105990
365 2 tid 105990
152 tid 105990
Insert  tid 105990
FindTargetPageId rootid 3 tid 105990
target_page_id id: 1 tid 105990
0 1 tid 105990
365 2 tid 105990
153 tid 105990
Insert  tid 105990
FindTargetPageId rootid 3 tid 105990
target_page_id id: 1 tid 105990
0 1 tid 105990
365 2 tid 105990
154 tid 105990
Insert  tid 105990
FindTargetPageId rootid 3 tid 105990
target_page_id id: 1 tid 105990
0 1 tid 105990
365 2 tid 105990
155 tid 105990
Insert  tid 105990
FindTargetPageId rootid 3 tid 105990
target_page_id id: 1 tid 105990
0 1 tid 105990
365 2 tid 105990
156 tid 105990
Insert  tid 105990
FindTargetPageId rootid 3 tid 105990
target_page_id id: 1 tid 105990
0 1 tid 105990
365 2 tid 105990
157 tid 105990
Insert  tid 105990
FindTargetPageId rootid 3 tid 105990
target_page_id id: 1 tid 105990
0 1 tid 105990
365 2 tid 105990
158 tid 105990
Insert  tid 105990
FindTargetPageId rootid 3 tid 105990
target_page_id id: 1 tid 105990
0 1 tid 105990
365 2 tid 105990
159 tid 105990
Insert  tid 105990
FindTargetPageId rootid 3 tid 105990
target_page_id id: 1 tid 105990
0 1 tid 105990
365 2 tid 105990
160 tid 105990
Insert  tid 105990
FindTargetPageId rootid 3 tid 105990
target_page_id id: 1 tid 105990
0 1 tid 105990
365 2 tid 105990
161 tid 105990
Insert  tid 105990
FindTargetPageId rootid 3 tid 105990
target_page_id id: 1 tid 105990
0 1 tid 105990
365 2 tid 105990
162 tid 105990
Insert  tid 105990
FindTargetPageId rootid 3 tid 105990
target_page_id id: 1 tid 105990
0 1 tid 105990
365 2 tid 105990
163 tid 105990
Insert  tid 105990
FindTargetPageId rootid 3 tid 105991
target_page_id id: 1 tid 105991
0 1 tid 105991
365 2 tid 105991
164 tid 105991
Remove  tid 105991
FindTargetPageId rootid 3 tid 105991
target_page_id id: 1 tid 105991
0 1 tid 105991
365 2 tid 105991
163 tid 105991
Remove  tid 105991
FindTargetPageId rootid 3 tid 105991
target_page_id id: 1 tid 105991
0 1 tid 105991
365 2 tid 105991
162 tid 105991
Remove  tid 105991
FindTargetPageId rootid 3 tid 105991
target_page_id id: 1 tid 105991
0 1 tid 105991
365 2 tid 105991
161 tid 105991
Remove  tid 105991
FindTargetPageId rootid 3 tid 105990
target_page_id id: 1 tid 105990
0 1 tid 105990
365 2 tid 105990
160 tid 105990
Insert  tid 105990
FindTargetPageId rootid 3 tid 105992
target_page_id id: 1 tid 105992
0 1 tid 105992
365 2 tid 105992
161 tid 105992
Insert  tid 105992
FindTargetPageId rootid 3 tid 105991
target_page_id id: 1 tid 105991
0 1 tid 105991
365 2 tid 105991
161 tid 105991
Remove  tid 105991
FindTargetPageId rootid 3 tid 105991
target_page_id id: 1 tid 105991
0 1 tid 105991
365 2 tid 105991
160 tid 105991
Remove  tid 105991
FindTargetPageId rootid 3 tid 105991
target_page_id id: 1 tid 105991
0 1 tid 105991
365 2 tid 105991
159 tid 105991
Remove  tid 105991
FindTargetPageId rootid 3 tid 105990
target_page_id id: 1 tid 105990
0 1 tid 105990
365 2 tid 105990
158 tid 105990
Insert  tid 105990
FindTargetPageId rootid 3 tid 105992
target_page_id id: 1 tid 105992
0 1 tid 105992
365 2 tid 105992
159 tid 105992
Insert  tid 105992
FindTargetPageId rootid 3 tid 105992
target_page_id id: 1 tid 105992
0 1 tid 105992
365 2 tid 105992
159 tid 105992
Insert  tid 105992
FindTargetPageId rootid 3 tid 105990
target_page_id id: 1 tid 105990
0 1 tid 105990
365 2 tid 105990
159 tid 105990
Insert  tid 105990
FindTargetPageId rootid 3 tid 105991
target_page_id id: 1 tid 105991
0 1 tid 105991
365 2 tid 105991
160 tid 105991
Remove  tid 105991
FindTargetPageId rootid 3 tid 105991
target_page_id id: 1 tid 105991
0 1 tid 105991
365 2 tid 105991
159 tid 105991
Remove  tid 105991
FindTargetPageId rootid 3 tid 105991
target_page_id id: 1 tid 105991
0 1 tid 105991
365 2 tid 105991
158 tid 105991
FindTargetPageId rootid 3 tid 105992
target_page_id id: 1 tid 105992
0 1 tid 105992
365 2 tid 105992
157 tid 105992
Remove  tid 105991
FindTargetPageId rootid 3 tid 105991
target_page_id id: 1 tid 105991
0 1 tid 105991
365 2 tid 105991
157 tid 105991
Insert  tid 105992
FindTargetPageId rootid 3 tid 105992
target_page_id id: 1 tid 105992
0 1 tid 105992
365 2 tid 105992
156 tid 105992
Insert  tid Remove 105992
 tid 105991
FindTargetPageId rootid 3 tid 105990
target_page_id id: 1 tid 105990
0 1 tid 105990
365 2 tid 105990
156 tid 105990
Insert  tid 105990
FindTargetPageId rootid 3 tid 105992
target_page_id id: 1 tid 105992
0 1 tid 105992
365 2 tid 105992
157 tid 105992
Insert  tid 105992
FindTargetPageId rootid 3 tid 105991
target_page_id id: 1 tid 105991
0 1 tid 105991
365 2 tid 105991
157 tid 105991
Remove  tid 105991
FindTargetPageId rootid 3 tid 105990
target_page_id id: 1 tid 105990
0 1 tid 105990
365 2 tid 105990
156 tid 105990
Insert  tid 105990
FindTargetPageId rootid 3 tid 105990
target_page_id id: 1 tid 105990
0 1 tid 105990
365 2 tid 105990
157 tid 105990
Insert  tid 105990
FindTargetPageId rootid 3 tid 105990
target_page_id id: 1 tid 105990
0 1 tid 105990
365 2 tid 105990
158 tid 105990
Insert  tid 105990
FindTargetPageId rootid 3 tid 105990
target_page_id id: 1 tid 105990
0 1 tid 105990
365 2 tid 105990
159 tid 105990
FindTargetPageId rootid 3 tid 105992
target_page_id id: 1 tid 105992
Insert 0 1 tid 105992
365 2 tid 105992
160 tid 105992
 tid 105990
FindTargetPageId rootid 3 tid 105990
target_page_id id: 1 tid 105990
0 1 tid 105990
365 2 tid 105990
Insert  tid 105992
160 tid 105990
Insert  tid 105990
FindTargetPageId rootid 3 tid 105990
target_page_id id: 1 tid 105990
0 1 tid 105990
365 2 tid 105990
161 tid 105990
Insert  tid 105990
FindTargetPageId rootid 3 tid 105991
target_page_id id: 1 tid 105991
0 1 tid 105991
365 2 tid 105991
162 tid 105991
Remove  tid 105991
FindTargetPageId rootid 3 tid 105992
target_page_id id: 1 tid 105992
0 1 tid 105992
365 2 tid 105992
161 tid 105992
Insert  tid 105992
FindTargetPageId rootid 3 tid 105992
target_page_id id: 1 tid 105992
0 1 tid 105992
365 2 tid 105992
161 tid 105992
Insert  tid 105992
FindTargetPageId rootid 3 tid 105991
target_page_id id: 1 tid 105991
0 1 tid 105991
365 2 tid 105991
161 tid 105991
Remove  tid 105991
FindTargetPageId rootid 3 tid 105991
target_page_id id: 1 tid 105991
0 1 tid 105991
365 2 tid 105991
160 tid 105991
Remove  tid 105991
FindTargetPageId rootid 3 tid 105991
target_page_id id: 1 tid 105991
0 1 tid 105991
365 2 tid 105991
159 tid 105991
Remove  tid 105991
FindTargetPageId rootid 3 tid 105991
target_page_id id: 1 tid 105991
0 1 tid 105991
365 2 tid 105991
158 tid 105991
Remove  tid 105991
FindTargetPageId rootid 3 tid 105991
target_page_id id: 1 tid 105991
0 1 tid 105991
365 2 tid 105991
157 tid 105991
Remove  tid 105991
FindTargetPageId rootid 3 tid 105991
target_page_id id: 1 tid 105991
0 1 tid 105991
365 2 tid 105991
156 tid 105991
Remove  tid 105991
FindTargetPageId rootid 3 tid 105990
target_page_id id: 1 tid 105990
0 1 tid 105990
365 2 tid 105990
155 tid 105990
Insert  tid 105990
FindTargetPageId rootid 3 tid 105992
target_page_id id: 1 tid 105992
0 1 tid 105992
365 2 tid 105992
156 tid 105992
FindTargetPageId rootid 3 tid 105991
Insert target_page_id id: 1 tid 105991
0 1 tid 105991
365 2 tid 105991
 tid 105992
156 tid 105991
Remove  tid 105991
FindTargetPageId rootid 3 tid 105990
target_page_id id: 1 tid 105990
0 1 tid 105990
365 2 tid 105990
155 tid 105990
Insert  tid 105990
FindTargetPageId rootid 3 tid 105990
target_page_id id: 1 tid 105990
0 1 tid 105990
365 2 tid 105990
156 tid 105990
Insert  tid 105990
FindTargetPageId rootid 3 tid 105990
target_page_id id: 1 tid 105990
0 1 tid 105990
365 2 tid 105990
157 tid 105990
Insert  tid 105990
FindTargetPageId rootid 3 tid 105990
target_page_id id: 1 tid 105990
0 1 tid 105990
365 2 tid 105990
158 tid 105990
Insert  tid 105990
FindTargetPageId rootid 3 tid 105990
target_page_id id: 1 tid 105990
0 1 tid 105990
365 2 tid 105990
159 tid 105990
Insert  tid 105990
FindTargetPageId rootid 3 tid 105992
target_page_id id: 1 tid 105992
0 1 tid 105992
365 2 tid 105992
160 tid 105992
Insert  tid 105992
FindTargetPageId rootid 3 tid 105992
target_page_id id: 1 tid 105992
0 1 tid 105992
365 2 tid 105992
160 tid 105992
Insert  tid 105992
FindTargetPageId rootid 3 tid 105992
target_page_id id: 1 tid 105992
0 1 tid 105992
365 2 tid 105992
160 tid 105992
Insert  tid 105992
FindTargetPageId rootid 3 tid 105992
target_page_id id: 1 tid 105992
0 1 tid 105992
365 2 tid 105992
160 tid 105992
Insert  tid 105992
FindTargetPageId rootid 3 tid 105990
target_page_id id: 1 tid 105990
0 1 tid 105990
365 2 tid 105990
161 tid 105990
Insert  tid 105990
FindTargetPageId rootid 3 tid 105991
target_page_id id: 1 tid 105991
0 1 tid 105991
365 2 tid 105991
162 tid 105991
Remove  tid 105991
FindTargetPageId rootid 3 tid 105992
target_page_id id: 1 tid 105992
0 1 tid 105992
365 2 tid 105992
161 tid 105992
Insert  tid 105992
FindTargetPageId rootid 3 tid 105990
target_page_id id: 1 tid 105990
0 1 tid 105990
365 2 tid 105990
162 tid 105990
Insert  tid 105990
FindTargetPageId rootid 3 tid 105990
target_page_id id: 1 tid 105990
0 1 tid 105990
365 2 tid 105990
163 tid 105990
Insert  tid 105990
FindTargetPageId rootid 3 tid 105992
target_page_id id: 1 tid 105992
0 1 tid 105992
365 2 tid 105992
164 tid 105992
Insert  tid 105992
FindTargetPageId rootid 3 tid 105991
target_page_id id: 1 tid 105991
0 1 tid 105991
365 2 tid 105991
165 tid 105991
Remove  tid 105991
FindTargetPageId rootid 3 tid 105991
target_page_id id: 1 tid 105991
0 1 tid 105991
365 2 tid 105991
164 tid 105991
Remove  tid 105991
FindTargetPageId rootid 3 tid 105992
target_page_id id: 1 tid 105992
0 1 tid 105992
365 2 tid 105992
163 tid 105992
Insert  tid 105992
FindTargetPageId rootid 3 tid 105992
target_page_id id: 1 tid 105992
0 1 tid 105992
365 2 tid 105992
164 tid 105992
Insert  tid 105992
FindTargetPageId rootid 3 tid 105992
target_page_id id: 1 tid 105992
0 1 tid 105992
365 2 tid 105992
165 tid 105992
Insert  tid 105992
FindTargetPageId rootid 3 tid 105992
target_page_id id: 1 tid 105992
0 1 tid 105992
365 2 tid 105992
166 tid 105992
Insert  tid 105992
FindTargetPageId rootid 3 tid 105992
target_page_id id: 1 tid 105992
0 1 tid 105992
365 2 tid 105992
167 tid 105992
Insert  tid 105992
FindTargetPageId rootid 3 tid 105992
target_page_id id: 1 tid 105992
0 1 tid 105992
365 2 tid 105992
168 tid 105992
Insert  tid 105992
FindTargetPageId rootid 3 tid 105992
target_page_id id: 1 tid 105992
0 1 tid 105992
365 2 tid 105992
169 tid 105992
Insert  tid 105992
FindTargetPageId rootid 3 tid 105992
target_page_id id: 1 tid 105992
0 1 tid 105992
365 2 tid 105992
170 tid 105992
Insert  tid 105992
FindTargetPageId rootid 3 tid 105992
target_page_id id: 1 tid 105992
0 1 tid 105992
365 2 tid 105992
171 tid 105992
Insert  tid 105992
FindTargetPageId rootid 3 tid 105992
target_page_id id: 1 tid 105992
0 1 tid 105992
365 2 tid 105992
172 tid 105992
Insert  tid 105992
FindTargetPageId rootid 3 tid 105992
target_page_id id: 1 tid 105992
0 1 tid 105992
365 2 tid 105992
173 tid 105992
Insert  tid 105992
FindTargetPageId rootid 3 tid 105992
target_page_id id: 1 tid 105992
0 1 tid 105992
365 2 tid 105992
174 tid 105992
Insert  tid 105992
FindTargetPageId rootid 3 tid 105992
target_page_id id: 1 tid 105992
0 1 tid 105992
365 2 tid 105992
175 tid 105992
Insert  tid 105992
FindTargetPageId rootid 3 tid 105992
target_page_id id: 1 tid 105992
0 1 tid 105992
365 2 tid 105992
176 tid 105992
Insert  tid 105992
FindTargetPageId rootid 3 tid 105992
target_page_id id: 1 tid 105992
0 1 tid 105992
365 2 tid 105992
177 tid 105992
Insert  tid 105992
FindTargetPageId rootid 3 tid 105992
target_page_id id: 1 tid 105992
0 1 tid 105992
365 2 tid 105992
178 tid 105992
Insert  tid 105992
FindTargetPageId rootid 3 tid 105992
target_page_id id: 1 tid 105992
0 1 tid 105992
365 2 tid 105992
179 tid 105992
Insert  tid 105992
FindTargetPageId rootid 3 tid 105990
target_page_id id: 1 tid 105990
0 1 tid 105990
365 2 tid 105990
180 tid 105990
Insert  tid 105990
FindTargetPageId rootid 3 tid 105990
target_page_id id: 1 tid 105990
0 1 tid 105990
365 2 tid 105990
181 tid 105990
Insert  tid 105990
FindTargetPageId rootid 3 tid 105990
target_page_id id: 1 tid 105990
0 1 tid 105990
365 2 tid 105990
182 tid 105990
Insert  tid 105990
FindTargetPageId rootid 3 tid 105991
target_page_id id: 1 tid 105991
0 1 tid 105991
365 2 tid 105991
183 tid 105991
Remove  tid 105991
FindTargetPageId rootid 3 tid 105991
target_page_id id: 1 tid 105991
0 1 tid 105991
365 2 tid 105991
182 tid 105991
Remove  tid 105991
FindTargetPageId rootid 3 tid 105991
target_page_id id: 1 tid 105991
0 1 tid 105991
365 2 tid 105991
181 tid 105991
Remove  tid 105991
FindTargetPageId rootid 3 tid 105990
target_page_id id: 1 tid 105990
0 1 tid 105990
365 2 tid 105990
180 tid 105990
Insert  tid 105990
FindTargetPageId rootid 3 tid 105990
target_page_id id: 1 tid 105990
0 1 tid 105990
365 2 tid 105990
181 tid 105990
Insert  tid 105990
FindTargetPageId rootid 3 tid 105990
target_page_id id: 1 tid 105990
0 1 tid 105990
365 2 tid 105990
182 tid 105990
Insert  tid 105990
FindTargetPageId rootid 3 tid 105990
target_page_id id: 1 tid 105990
0 1 tid 105990
365 2 tid 105990
183 tid 105990
Insert  tid 105990
FindTargetPageId rootid 3 tid 105990
target_page_id id: 1 tid 105990
0 1 tid 105990
365 2 tid 105990
184 tid 105990
Insert  tid 105990
FindTargetPageId rootid 3 tid 105990
target_page_id id: 1 tid 105990
0 1 tid 105990
365 2 tid 105990
185 tid 105990
Insert  tid 105990
FindTargetPageId rootid 3 tid 105992
target_page_id id: 1 tid 105992
0 1 tid 105992
365 2 tid 105992
186 tid 105992
Insert  tid 105992
FindTargetPageId rootid 3 tid 105991
target_page_id id: 1 tid 105991
0 1 tid 105991
365 2 tid 105991
187 tid 105991
Remove  tid 105991
FindTargetPageId rootid 3 tid 105991
target_page_id id: 1 tid 105991
0 1 tid 105991
365 2 tid 105991
186 tid 105991
Remove  tid 105991
FindTargetPageId rootid 3 tid 105991
target_page_id id: 1 tid 105991
0 1 tid 105991
365 2 tid 105991
185 tid 105991
Remove  tid 105991
FindTargetPageId rootid 3 tid 105991
target_page_id id: 1 tid 105991
0 1 tid 105991
365 2 tid 105991
184 tid 105991
Remove  tid 105991
FindTargetPageId rootid 3 tid 105992
target_page_id id: 1 tid 105992
0 1 tid 105992
365 2 tid 105992
183 tid 105992
Insert  tid 105992
FindTargetPageId rootid 3 tid 105992
target_page_id id: 1 tid 105992
0 1 tid 105992
365 2 tid 105992
184 tid 105992
Insert  tid 105992
FindTargetPageId rootid 3 tid 105992
target_page_id id: 1 tid 105992
0 1 tid 105992
365 2 tid 105992
185 tid 105992
Insert  tid 105992
FindTargetPageId rootid 3 tid 105992
target_page_id id: 1 tid 105992
0 1 tid 105992
365 2 tid 105992
186 tid 105992
Insert  tid 105992
FindTargetPageId rootid 3 tid 105991
target_page_id id: 1 tid 105991
0 1 tid 105991
365 2 tid 105991
187 tid 105991
Remove  tid 105991
FindTargetPageId rootid 3 tid 105991
target_page_id id: 1 tid 105991
0 1 tid 105991
365 2 tid 105991
186 tid 105991
Remove  tid 105991
FindTargetPageId rootid 3 tid 105991
target_page_id id: 1 tid 105991
0 1 tid 105991
365 2 tid 105991
185 tid 105991
Remove  tid 105991
FindTargetPageId rootid 3 tid 105991
target_page_id id: 1 tid 105991
0 1 tid 105991
365 2 tid 105991
184 tid 105991
Remove  tid 105991
FindTargetPageId rootid 3 tid 105991
target_page_id id: 1 tid 105991
0 1 tid 105991
365 2 tid 105991
183 tid 105991
Remove  tid 105991
FindTargetPageId rootid 3 tid 105991
target_page_id id: 1 tid 105991
0 1 tid 105991
365 2 tid 105991
182 tid 105991
Remove  tid 105991
FindTargetPageId rootid 3 tid 105991
target_page_id id: 1 tid 105991
0 1 tid 105991
365 2 tid 105991
181 tid 105991
Remove  tid 105991
FindTargetPageId rootid 3 tid 105991
target_page_id id: 1 tid 105991
0 1 tid 105991
365 2 tid 105991
180 tid 105991
Remove  tid 105991
FindTargetPageId rootid 3 tid 105991
target_page_id id: 1 tid 105991
0 1 tid 105991
365 2 tid 105991
179 tid 105991
Remove  tid 105991
FindTargetPageId rootid 3 tid 105991
target_page_id id: 1 tid 105991
0 1 tid 105991
365 2 tid 105991
178 tid 105991
Remove  tid 105991
FindTargetPageId rootid 3 tid 105991
target_page_id id: 1 tid 105991
0 1 tid 105991
365 2 tid 105991
177 tid 105991
Remove  tid 105991
FindTargetPageId rootid 3 tid 105991
target_page_id id: 1 tid 105991
0 1 tid 105991
365 2 tid 105991
176 tid 105991
Remove  tid 105991
FindTargetPageId rootid 3 tid 105991
target_page_id id: 1 tid 105991
0 1 tid 105991
365 2 tid 105991
175 tid 105991
Remove  tid 105991
FindTargetPageId rootid 3 tid 105991
target_page_id id: 1 tid 105991
0 1 tid 105991
365 2 tid 105991
174 tid 105991
Remove  tid 105991
FindTargetPageId rootid 3 tid 105991
target_page_id id: 1 tid 105991
0 1 tid 105991
365 2 tid 105991
173 tid 105991
Remove  tid 105991
FindTargetPageId rootid 3 tid 105991
target_page_id id: 1 tid 105991
0 1 tid 105991
365 2 tid 105991
172 tid 105991
Remove  tid 105991
FindTargetPageId rootid 3 tid 105991
target_page_id id: 1 tid 105991
0 1 tid 105991
365 2 tid 105991
171 tid 105991
Remove  tid 105991
FindTargetPageId rootid 3 tid 105992
target_page_id id: 1 tid 105992
0 1 tid 105992
365 2 tid 105992
170 tid 105992
Insert  tid 105992
FindTargetPageId rootid 3 tid 105990
target_page_id id: 1 tid 105990
0 1 tid 105990
365 2 tid 105990
171 tid 105990
Insert  tid 105990
FindTargetPageId rootid 3 tid 105991
target_page_id id: 1 tid 105991
0 1 tid 105991
365 2 tid 105991
172 tid 105991
Remove  tid 105991
FindTargetPageId rootid 3 tid 105992
target_page_id id: 1 tid 105992
0 1 tid 105992
365 2 tid 105992
171 tid 105992
Insert  tid 105992
FindTargetPageId rootid 3 tid 105992
target_page_id id: 1 tid 105992
0 1 tid 105992
365 2 tid 105992
172 tid 105992
Insert  tid 105992
FindTargetPageId rootid 3 tid 105992
target_page_id id: 1 tid 105992
0 1 tid 105992
365 2 tid 105992
173 tid 105992
Insert  tid 105992
FindTargetPageId rootid 3 tid 105992
target_page_id id: 1 tid 105992
0 1 tid 105992
365 2 tid 105992
174 tid 105992
Insert  tid 105992
FindTargetPageId rootid 3 tid 105992
target_page_id id: 1 tid 105992
0 1 tid 105992
365 2 tid 105992
175 tid 105992
Insert  tid 105992
FindTargetPageId rootid 3 tid 105992
target_page_id id: 1 tid 105992
0 1 tid 105992
365 2 tid 105992
176 tid 105992
Insert  tid 105992
FindTargetPageId rootid 3 tid 105992
target_page_id id: 1 tid 105992
0 1 tid 105992
365 2 tid 105992
177 tid 105992
Insert  tid 105992
FindTargetPageId rootid 3 tid 105992
target_page_id id: 1 tid 105992
0 1 tid 105992
365 2 tid 105992
178 tid 105992
Insert  tid 105992
FindTargetPageId rootid 3 tid 105992
target_page_id id: 1 tid 105992
0 1 tid 105992
365 2 tid 105992
179 tid 105992
Insert  tid 105992
FindTargetPageId rootid 3 tid 105992
target_page_id id: 1 tid 105992
0 1 tid 105992
365 2 tid 105992
180 tid 105992
Insert  tid 105992
FindTargetPageId rootid 3 tid 105992
target_page_id id: 1 tid 105992
0 1 tid 105992
365 2 tid 105992
181 tid 105992
Insert  tid 105992
FindTargetPageId rootid 3 tid 105992
target_page_id id: 1 tid 105992
0 1 tid 105992
365 2 tid 105992
182 tid 105992
Insert  tid 105992
FindTargetPageId rootid 3 tid 105992
target_page_id id: 1 tid 105992
0 1 tid 105992
365 2 tid 105992
183 tid 105992
Insert  tid 105992
FindTargetPageId rootid 3 tid 105992
target_page_id id: 1 tid 105992
0 1 tid 105992
365 2 tid 105992
184 tid 105992
Insert  tid 105992
FindTargetPageId rootid 3 tid 105992
target_page_id id: 1 tid 105992
0 1 tid 105992
365 2 tid 105992
185 tid 105992
Insert  tid 105992
FindTargetPageId rootid 3 tid 105992
target_page_id id: 1 tid 105992
0 1 tid 105992
365 2 tid 105992
186 tid 105992
Insert  tid 105992
FindTargetPageId rootid 3 tid 105992
target_page_id id: 1 tid 105992
0 1 tid 105992
365 2 tid 105992
187 tid 105992
Insert  tid 105992
FindTargetPageId rootid 3 tid 105992
target_page_id id: 1 tid 105992
0 1 tid 105992
365 2 tid 105992
188 tid 105992
Insert  tid 105992
FindTargetPageId rootid 3 tid 105992
target_page_id id: 1 tid 105992
0 1 tid 105992
365 2 tid 105992
189 tid 105992
Insert  tid 105992
FindTargetPageId rootid 3 tid 105992
target_page_id id: 1 tid 105992
0 1 tid 105992
365 2 tid 105992
190 tid 105992
Insert  tid 105992
FindTargetPageId rootid 3 tid 105992
target_page_id id: 1 tid 105992
0 1 tid 105992
365 2 tid 105992
191 tid 105992
Insert  tid 105992
FindTargetPageId rootid 3 tid 105992
target_page_id id: 1 tid 105992
0 1 tid 105992
365 2 tid 105992
192 tid 105992
Insert  tid 105992
FindTargetPageId rootid 3 tid 105992
target_page_id id: 1 tid 105992
0 1 tid 105992
365 2 tid 105992
193 tid 105992
Insert  tid 105992
FindTargetPageId rootid 3 tid 105992
target_page_id id: 1 tid 105992
0 1 tid 105992
365 2 tid 105992
194 tid 105992
Insert  tid 105992
FindTargetPageId rootid 3 tid 105992
target_page_id id: 1 tid 105992
0 1 tid 105992
365 2 tid 105992
195 tid 105992
Insert  tid 105992
FindTargetPageId rootid 3 tid 105992
target_page_id id: 1 tid 105992
0 1 tid 105992
365 2 tid 105992
195 tid 105992
Insert  tid 105992
FindTargetPageId rootid 3 tid 105992
target_page_id id: 1 tid 105992
0 1 tid 105992
365 2 tid 105992
195 tid 105992
Insert  tid 105992
FindTargetPageId rootid 3 tid 105992
target_page_id id: 1 tid 105992
0 1 tid 105992
365 2 tid 105992
195 tid 105992
Insert  tid 105992
FindTargetPageId rootid 3 tid 105992
target_page_id id: 1 tid 105992
0 1 tid 105992
365 2 tid 105992
195 tid 105992
Insert  tid 105992
FindTargetPageId rootid 3 tid 105992
target_page_id id: 1 tid 105992
0 1 tid 105992
365 2 tid 105992
195 tid 105992
Insert  tid 105992
FindTargetPageId rootid 3 tid 105992
target_page_id id: 1 tid 105992
0 1 tid 105992
365 2 tid 105992
195 tid 105992
Insert  tid 105992
FindTargetPageId rootid 3 tid 105990
target_page_id id: 1 tid 105990
0 1 tid 105990
365 2 tid 105990
195 tid 105990
Insert  tid 105990
FindTargetPageId rootid 3 tid 105990
target_page_id id: 1 tid 105990
0 1 tid 105990
365 2 tid 105990
196 tid 105990
Insert  tid 105990
FindTargetPageId rootid 3 tid 105990
target_page_id id: 1 tid 105990
0 1 tid 105990
365 2 tid 105990
197 tid 105990
Insert  tid 105990
FindTargetPageId rootid 3 tid 105990
target_page_id id: 1 tid 105990
0 1 tid 105990
365 2 tid 105990
198 tid 105990
Insert  tid 105990
FindTargetPageId rootid 3 tid 105992
target_page_id id: 1 tid 105992
0 1 tid 105992
365 2 tid 105992
199 tid 105992
Insert  tid 105992
FindTargetPageId rootid 3 tid 105992
target_page_id id: 1 tid 105992
0 1 tid 105992
365 2 tid 105992
199 tid 105992
Insert  tid 105992
FindTargetPageId rootid 3 tid 105992
target_page_id id: 1 tid 105992
0 1 tid 105992
365 2 tid 105992
199 tid 105992
Insert  tid 105992
FindTargetPageId rootid 3 tid 105992
target_page_id id: 1 tid 105992
0 1 tid 105992
365 2 tid 105992
199 tid 105992
Insert  tid 105992
FindTargetPageId rootid 3 tid 105992
target_page_id id: 1 tid 105992
0 1 tid 105992
365 2 tid 105992
199 tid 105992
Insert  tid 105992
FindTargetPageId rootid 3 tid 105992
target_page_id id: 1 tid 105992
0 1 tid 105992
365 2 tid 105992
199 tid 105992
Insert  tid 105992
FindTargetPageId rootid 3 tid 105992
target_page_id id: 1 tid 105992
0 1 tid 105992
365 2 tid 105992
199 tid 105992
Insert  tid 105992
FindTargetPageId rootid 3 tid 105992
target_page_id id: 1 tid 105992
0 1 tid 105992
365 2 tid 105992
200 tid 105992
Insert  tid 105992
FindTargetPageId rootid 3 tid 105992
target_page_id id: 1 tid 105992
0 1 tid 105992
365 2 tid 105992
201 tid 105992
Insert  tid 105992
FindTargetPageId rootid 3 tid 105992
target_page_id id: 1 tid 105992
0 1 tid 105992
365 2 tid 105992
202 tid 105992
Insert  tid 105992
FindTargetPageId rootid 3 tid 105992
target_page_id id: 1 tid 105992
0 1 tid 105992
365 2 tid 105992
203 tid 105992
Insert  tid 105992
FindTargetPageId rootid 3 tid 105992
target_page_id id: 1 tid 105992
0 1 tid 105992
365 2 tid 105992
204 tid 105992
Insert  tid 105992
FindTargetPageId rootid 3 tid 105990
target_page_id id: 1 tid 105990
0 1 tid 105990
365 2 tid 105990
205 tid 105990
Insert  tid 105990
FindTargetPageId rootid 3 tid 105990
target_page_id id: 1 tid 105990
0 1 tid 105990
365 2 tid 105990
205 tid 105990
Insert  tid 105990
FindTargetPageId rootid 3 tid 105990
target_page_id id: 1 tid 105990
0 1 tid 105990
365 2 tid 105990
205 tid 105990
Insert  tid 105990
FindTargetPageId rootid 3 tid 105992
target_page_id id: 1 tid 105992
0 1 tid 105992
365 2 tid 105992
205 tid 105992
Insert  tid 105992
FindTargetPageId rootid 3 tid 105992
target_page_id id: 1 tid 105992
0 1 tid 105992
365 2 tid 105992
206 tid 105992
Insert  tid 105992
FindTargetPageId rootid 3 tid 105992
target_page_id id: 1 tid 105992
0 1 tid 105992
365 2 tid 105992
207 tid 105992
Insert  tid 105992
FindTargetPageId rootid 3 tid 105991
target_page_id id: 1 tid 105991
0 1 tid 105991
365 2 tid 105991
208 tid 105991
Remove  tid 105991
FindTargetPageId rootid 3 tid 105991
target_page_id id: 1 tid 105991
0 1 tid 105991
365 2 tid 105991
207 tid 105991
Remove  tid 105991
FindTargetPageId rootid 3 tid 105991
target_page_id id: 1 tid 105991
0 1 tid 105991
365 2 tid 105991
206 tid 105991
Remove  tid 105991
FindTargetPageId rootid 3 tid 105991
target_page_id id: 1 tid 105991
0 1 tid 105991
365 2 tid 105991
205 tid 105991
Remove  tid 105991
FindTargetPageId rootid 3 tid 105991
target_page_id id: 1 tid 105991
0 1 tid 105991
365 2 tid 105991
204 tid 105991
Remove  tid 105991
FindTargetPageId rootid 3 tid 105991
target_page_id id: 1 tid 105991
0 1 tid 105991
365 2 tid 105991
203 tid 105991
Remove  tid 105991
FindTargetPageId rootid 3 tid 105991
target_page_id id: 1 tid 105991
0 1 tid 105991
365 2 tid 105991
202 tid 105991
Remove  tid 105991
FindTargetPageId rootid 3 tid 105991
target_page_id id: 1 tid 105991
0 1 tid 105991
365 2 tid 105991
201 tid 105991
Remove  tid 105991
FindTargetPageId rootid 3 tid 105991
target_page_id id: 1 tid 105991
0 1 tid 105991
365 2 tid 105991
200 tid 105991
Remove  tid 105991
FindTargetPageId rootid 3 tid 105992
target_page_id id: 1 tid 105992
0 1 tid 105992
365 2 tid 105992
199 tid 105992
Insert  tid 105992
FindTargetPageId rootid 3 tid 105990
target_page_id id: 1 tid 105990
0 1 tid 105990
365 2 tid 105990
200 tid 105990
Insert  tid 105990
FindTargetPageId rootid 3 tid 105991
target_page_id id: 1 tid 105991
0 1 tid 105991
365 2 tid 105991
200 tid 105991
Remove  tid 105991
FindTargetPageId rootid 3 tid 105991
target_page_id id: 1 tid 105991
0 1 tid 105991
365 2 tid 105991
199 tid 105991
Remove  tid 105991
FindTargetPageId rootid 3 tid 105991
target_page_id id: 1 tid 105991
0 1 tid 105991
365 2 tid 105991
198 tid 105991
Remove  tid 105991
FindTargetPageId rootid 3 tid 105991
target_page_id id: 1 tid 105991
0 1 tid 105991
365 2 tid 105991
197 tid 105991
Remove  tid 105991
FindTargetPageId rootid 3 tid 105992
target_page_id id: 1 tid 105992
0 1 tid 105992
365 2 tid 105992
196 tid 105992
Insert  tid 105992
FindTargetPageId rootid 3 tid 105990
target_page_id id: 1 tid 105990
0 1 tid 105990
365 2 tid 105990
197 tid 105990
Insert  tid 105990
FindTargetPageId rootid 3 tid 105991
target_page_id id: 1 tid 105991
0 1 tid 105991
365 2 tid 105991
197 tid 105991
Remove  tid 105991
FindTargetPageId rootid 3 tid 105992
target_page_id id: 1 tid 105992
0 1 tid 105992
365 2 tid 105992
196 tid 105992
Insert  tid 105992
FindTargetPageId rootid 3 tid 105990
target_page_id id: 1 tid 105990
0 1 tid 105990
365 2 tid 105990
197 tid 105990
Insert  tid 105990
FindTargetPageId rootid 3 tid 105991
target_page_id id: 1 tid 105991
0 1 tid 105991
365 2 tid 105991
197 tid 105991
Remove  tid 105991
FindTargetPageId rootid 3 tid 105992
target_page_id id: 1 tid 105992
0 1 tid 105992
365 2 tid 105992
196 tid 105992
Insert  tid 105992
FindTargetPageId rootid 3 tid 105992
target_page_id id: 1 tid 105992
0 1 tid 105992
365 2 tid 105992
197 tid 105992
Insert  tid 105992
FindTargetPageId rootid 3 tid 105990
target_page_id id: 1 tid 105990
0 1 tid 105990
365 2 tid 105990
198 tid 105990
Insert  tid 105990
FindTargetPageId rootid 3 tid 105990
target_page_id id: 1 tid 105990
0 1 tid 105990
365 2 tid 105990
198 tid 105990
Insert  tid 105990
FindTargetPageId rootid 3 tid 105992
target_page_id id: 1 tid 105992
0 1 tid 105992
365 2 tid 105992
198 tid 105992
Insert  tid 105992
FindTargetPageId rootid 3 tid 105992
target_page_id id: 1 tid 105992
0 1 tid 105992
365 2 tid 105992
199 tid 105992
Insert  tid 105992
FindTargetPageId rootid 3 tid 105990
target_page_id id: 1 tid 105990
0 1 tid 105990
365 2 tid 105990
200 tid 105990
Insert  tid 105990
FindTargetPageId rootid 3 tid 105990
target_page_id id: 1 tid 105990
0 1 tid 105990
365 2 tid 105990
200 tid 105990
Insert  tid 105990
FindTargetPageId rootid 3 tid 105990
target_page_id id: 1 tid 105990
0 1 tid 105990
365 2 tid 105990
200 tid 105990
Insert  tid 105990
FindTargetPageId rootid 3 tid 105990
target_page_id id: 1 tid 105990
0 1 tid 105990
365 2 tid 105990
200 tid 105990
Insert  tid 105990
FindTargetPageId rootid 3 tid 105990
target_page_id id: 1 tid 105990
0 1 tid 105990
365 2 tid 105990
200 tid 105990
Insert  tid 105990
FindTargetPageId rootid 3 tid 105990
target_page_id id: 1 tid 105990
0 1 tid 105990
365 2 tid 105990
200 tid 105990
Insert  tid 105990
FindTargetPageId rootid 3 tid 105990
target_page_id id: 1 tid 105990
0 1 tid 105990
365 2 tid 105990
200 tid 105990
Insert  tid 105990
FindTargetPageId rootid 3 tid 105990
target_page_id id: 1 tid 105990
0 1 tid 105990
365 2 tid 105990
200 tid 105990
Insert  tid 105990
FindTargetPageId rootid 3 tid 105990
target_page_id id: 1 tid 105990
0 1 tid 105990
365 2 tid 105990
200 tid 105990
Insert  tid 105990
FindTargetPageId rootid 3 tid 105992
target_page_id id: 1 tid 105992
0 1 tid 105992
365 2 tid 105992
201 tid 105992
Insert  tid 105992
FindTargetPageId rootid 3 tid 105991
target_page_id id: 1 tid 105991
0 1 tid 105991
365 2 tid 105991
201 tid 105991
Remove  tid 105991
FindTargetPageId rootid 3 tid 105990
target_page_id id: 1 tid 105990
0 1 tid 105990
365 2 tid 105990
200 tid 105990
Insert  tid 105990
FindTargetPageId rootid 3 tid 105990
target_page_id id: 1 tid 105990
0 1 tid 105990
365 2 tid 105990
201 tid 105990
Insert  tid 105990
FindTargetPageId rootid 3 tid 105992
target_page_id id: 1 tid 105992
0 1 tid 105992
365 2 tid 105992
202 tid 105992
Insert  tid 105992
FindTargetPageId rootid 3 tid 105992
target_page_id id: 1 tid 105992
0 1 tid 105992
365 2 tid 105992
202 tid 105992
Insert  tid 105992
FindTargetPageId rootid 3 tid 105992
target_page_id id: 1 tid 105992
0 1 tid 105992
365 2 tid 105992
202 tid 105992
Insert  tid 105992
FindTargetPageId rootid 3 tid 105992
target_page_id id: 1 tid 105992
0 1 tid 105992
365 2 tid 105992
203 tid 105992
Insert  tid 105992
FindTargetPageId rootid 3 tid 105991
target_page_id id: 1 tid 105991
0 1 tid 105991
365 2 tid 105991
204 tid 105991
Remove  tid 105991
FindTargetPageId rootid 3 tid 105990
target_page_id id: 1 tid 105990
0 1 tid 105990
365 2 tid 105990
203 tid 105990
Insert  tid 105990
FindTargetPageId rootid 3 tid 105992
target_page_id id: 1 tid 105992
0 1 tid 105992
365 2 tid 105992
203 tid 105992
Insert  tid 105992
FindTargetPageId rootid 3 tid 105991
target_page_id id: 1 tid 105991
0 1 tid 105991
365 2 tid 105991
204 tid 105991
Remove  tid 105991
FindTargetPageId rootid 3 tid 105991
target_page_id id: 1 tid 105991
0 1 tid 105991
365 2 tid 105991
203 tid 105991
Remove  tid 105991
FindTargetPageId rootid 3 tid 105991
target_page_id id: 1 tid 105991
0 1 tid 105991
365 2 tid 105991
202 tid 105991
Remove  tid 105991
FindTargetPageId rootid 3 tid 105991
target_page_id id: 1 tid 105991
0 1 tid 105991
365 2 tid 105991
201 tid 105991
Remove  tid 105991
FindTargetPageId rootid 3 tid 105991
target_page_id id: 1 tid 105991
0 1 tid 105991
365 2 tid 105991
200 tid 105991
Remove  tid 105991
FindTargetPageId rootid 3 tid 105991
target_page_id id: 1 tid 105991
0 1 tid 105991
365 2 tid 105991
199 tid 105991
Remove  tid 105991
FindTargetPageId rootid 3 tid 105991
target_page_id id: 1 tid 105991
0 1 tid 105991
365 2 tid 105991
198 tid 105991
Remove  tid 105991
FindTargetPageId rootid 3 tid 105991
target_page_id id: 1 tid 105991
0 1 tid 105991
365 2 tid 105991
197 tid 105991
Remove  tid 105991
FindTargetPageId rootid 3 tid 105990
target_page_id id: 1 tid 105990
0 1 tid 105990
365 2 tid 105990
196 tid 105990
Insert  tid 105990
FindTargetPageId rootid 3 tid 105992
target_page_id id: 1 tid 105992
0 1 tid 105992
365 2 tid 105992
196 tid 105992
Insert  tid 105992
FindTargetPageId rootid 3 tid 105992
target_page_id id: 1 tid 105992
0 1 tid 105992
365 2 tid 105992
197 tid 105992
Insert  tid 105992
FindTargetPageId rootid 3 tid 105992
target_page_id id: 1 tid 105992
0 1 tid 105992
365 2 tid 105992
198 tid 105992
Insert  tid 105992
FindTargetPageId rootid 3 tid 105992
target_page_id id: 1 tid 105992
0 1 tid 105992
365 2 tid 105992
199 tid 105992
Insert  tid 105992
FindTargetPageId rootid 3 tid 105991
target_page_id id: 1 tid 105991
0 1 tid 105991
365 2 tid 105991
200 tid 105991
Remove  tid 105991
FindTargetPageId rootid 3 tid 105990
target_page_id id: 1 tid 105990
0 1 tid 105990
365 2 tid 105990
199 tid 105990
Insert  tid 105990
FindTargetPageId rootid 3 tid 105990
target_page_id id: 1 tid 105990
0 1 tid 105990
365 2 tid 105990
199 tid 105990
Insert  tid 105990
FindTargetPageId rootid 3 tid 105990
target_page_id id: 1 tid 105990
0 1 tid 105990
365 2 tid 105990
199 tid 105990
Insert  tid 105990
FindTargetPageId rootid 3 tid 105990
target_page_id id: 1 tid 105990
0 1 tid 105990
365 2 tid 105990
199 tid 105990
Insert  tid 105990
FindTargetPageId rootid 3 tid 105990
target_page_id id: 1 tid 105990
0 1 tid 105990
365 2 tid 105990
199 tid 105990
Insert  tid 105990
FindTargetPageId rootid 3 tid 105992
target_page_id id: 1 tid 105992
0 1 tid 105992
365 2 tid 105992
199 tid 105992
Insert  tid 105992
FindTargetPageId rootid 3 tid 105991
target_page_id id: 1 tid 105991
0 1 tid 105991
365 2 tid 105991
200 tid 105991
Remove  tid 105991
FindTargetPageId rootid 3 tid 105990
target_page_id id: 1 tid 105990
0 1 tid 105990
365 2 tid 105990
199 tid 105990
Insert  tid 105990
FindTargetPageId rootid 3 tid 105992
target_page_id id: 1 tid 105992
0 1 tid 105992
365 2 tid 105992
199 tid 105992
Insert  tid 105992
FindTargetPageId rootid 3 tid 105991
target_page_id id: 1 tid 105991
0 1 tid 105991
365 2 tid 105991
200 tid 105991
Remove  tid 105991
FindTargetPageId rootid 3 tid 105990
target_page_id id: 1 tid 105990
0 1 tid 105990
365 2 tid 105990
199 tid 105990
Insert  tid 105990
FindTargetPageId rootid 3 tid 105992
target_page_id id: 1 tid 105992
0 1 tid 105992
365 2 tid 105992
199 tid 105992
Insert  tid 105992
FindTargetPageId rootid 3 tid 105991
target_page_id id: 1 tid 105991
0 1 tid 105991
365 2 tid 105991
200 tid 105991
Remove  tid 105991
FindTargetPageId rootid 3 tid 105990
target_page_id id: 1 tid 105990
0 1 tid 105990
365 2 tid 105990
199 tid 105990
Insert  tid 105990
FindTargetPageId rootid 3 tid 105990
target_page_id id: 1 tid 105990
0 1 tid 105990
365 2 tid 105990
199 tid 105990
Insert  tid 105990
FindTargetPageId rootid 3 tid 105990
target_page_id id: 1 tid 105990
0 1 tid 105990
365 2 tid 105990
200 tid 105990
Insert  tid 105990
FindTargetPageId rootid 3 tid 105990
target_page_id id: 1 tid 105990
0 1 tid 105990
365 2 tid 105990
201 tid 105990
Insert  tid 105990
FindTargetPageId rootid 3 tid 105991
target_page_id id: 1 tid 105991
0 1 tid 105991
365 2 tid 105991
202 tid 105991
Remove  tid 105991
FindTargetPageId rootid 3 tid 105991
target_page_id id: 1 tid 105991
0 1 tid 105991
365 2 tid 105991
201 tid 105991
Remove  tid 105991
FindTargetPageId rootid 3 tid 105991
target_page_id id: 1 tid 105991
0 1 tid 105991
365 2 tid 105991
200 tid 105991
Remove  tid 105991
FindTargetPageId rootid 3 tid 105991
target_page_id id: 1 tid 105991
0 1 tid 105991
365 2 tid 105991
199 tid 105991
Remove  tid 105991
FindTargetPageId rootid 3 tid 105991
target_page_id id: 1 tid 105991
0 1 tid 105991
365 2 tid 105991
198 tid 105991
Remove  tid 105991
FindTargetPageId rootid 3 tid 105991
target_page_id id: 1 tid 105991
0 1 tid 105991
365 2 tid 105991
197 tid 105991
Remove  tid 105991
FindTargetPageId rootid 3 tid 105991
target_page_id id: 1 tid 105991
0 1 tid 105991
365 2 tid 105991
196 tid 105991
Remove  tid 105991
FindTargetPageId rootid 3 tid 105991
target_page_id id: 1 tid 105991
0 1 tid 105991
365 2 tid 105991
195 tid 105991
Remove  tid 105991
FindTargetPageId rootid 3 tid 105991
target_page_id id: 1 tid 105991
0 1 tid 105991
365 2 tid 105991
194 tid 105991
Remove  tid 105991
FindTargetPageId rootid 3 tid 105991
target_page_id id: 1 tid 105991
0 1 tid 105991
365 2 tid 105991
193 tid 105991
Remove  tid 105991
FindTargetPageId rootid 3 tid 105991
target_page_id id: 1 tid 105991
0 1 tid 105991
365 2 tid 105991
192 tid 105991
Remove  tid 105991
FindTargetPageId rootid 3 tid 105991
target_page_id id: 1 tid 105991
0 1 tid 105991
365 2 tid 105991
191 tid 105991
Remove  tid 105991
FindTargetPageId rootid 3 tid 105991
target_page_id id: 1 tid 105991
0 1 tid 105991
365 2 tid 105991
190 tid 105991
Remove  tid 105991
FindTargetPageId rootid 3 tid 105991
target_page_id id: 1 tid 105991
0 1 tid 105991
365 2 tid 105991
189 tid 105991
Remove  tid 105991
FindTargetPageId rootid 3 tid 105991
target_page_id id: 1 tid 105991
0 1 tid 105991
365 2 tid 105991
188 tid 105991
Remove  tid 105991
FindTargetPageId rootid 3 tid 105991
target_page_id id: 1 tid 105991
0 1 tid 105991
365 2 tid 105991
187 tid 105991
Remove  tid 105991
FindTargetPageId rootid 3 tid 105991
target_page_id id: 1 tid 105991
0 1 tid 105991
365 2 tid 105991
186 tid 105991
Remove  tid 105991
FindTargetPageId rootid 3 tid 105991
target_page_id id: 1 tid 105991
0 1 tid 105991
365 2 tid 105991
186 tid 105991
Remove  tid 105991
FindTargetPageId rootid 3 tid 105991
target_page_id id: 1 tid 105991
0 1 tid 105991
365 2 tid 105991
186 tid 105991
Remove  tid 105991
FindTargetPageId rootid 3 tid 105991
target_page_id id: 1 tid 105991
0 1 tid 105991
365 2 tid 105991
186 tid 105991
Remove  tid 105991
FindTargetPageId rootid 3 tid 105991
target_page_id id: 1 tid 105991
0 1 tid 105991
365 2 tid 105991
186 tid 105991
Remove  tid 105991
FindTargetPageId rootid 3 tid 105991
target_page_id id: 1 tid 105991
0 1 tid 105991
365 2 tid 105991
186 tid 105991
Remove  tid 105991
FindTargetPageId rootid 3 tid 105991
target_page_id id: 1 tid 105991
0 1 tid 105991
365 2 tid 105991
186 tid 105991
Remove  tid 105991
FindTargetPageId rootid 3 tid 105990
target_page_id id: 1 tid 105990
0 1 tid 105990
365 2 tid 105990
186 tid 105990
Insert  tid 105990
FindTargetPageId rootid 3 tid 105992
target_page_id id: 1 tid 105992
0 1 tid 105992
365 2 tid 105992
187 tid 105992
Insert  tid 105992
FindTargetPageId rootid 3 tid 105991
target_page_id id: 1 tid 105991
0 1 tid 105991
365 2 tid 105991
188 tid 105991
Remove  tid 105991
FindTargetPageId rootid 3 tid 105990
target_page_id id: 1 tid 105990
0 1 tid 105990
365 2 tid 105990
188 tid 105990
Insert  tid 105990
FindTargetPageId rootid 3 tid 105992
target_page_id id: 1 tid 105992
0 1 tid 105992
365 2 tid 105992
189 tid 105992
Insert  tid 105992
FindTargetPageId rootid 3 tid 105992
target_page_id id: 1 tid 105992
0 1 tid 105992
365 2 tid 105992
190 tid 105992
Insert  tid 105992
FindTargetPageId rootid 3 tid 105992
target_page_id id: 1 tid 105992
0 1 tid 105992
365 2 tid 105992
191 tid 105992
Insert  tid 105992
FindTargetPageId rootid 3 tid 105992
target_page_id id: 1 tid 105992
0 1 tid 105992
365 2 tid 105992
191 tid 105992
Insert  tid 105992
FindTargetPageId rootid 3 tid 105992
target_page_id id: 1 tid 105992
0 1 tid 105992
365 2 tid 105992
191 tid 105992
Insert  tid 105992
FindTargetPageId rootid 3 tid 105992
target_page_id id: 1 tid 105992
0 1 tid 105992
365 2 tid 105992
192 tid 105992
Insert  tid 105992
FindTargetPageId rootid 3 tid 105990
target_page_id id: 1 tid 105990
0 1 tid 105990
365 2 tid 105990
193 tid 105990
Insert  tid 105990
FindTargetPageId rootid 3 tid 105990
target_page_id id: 1 tid 105990
0 1 tid 105990
365 2 tid 105990
193 tid 105990
Insert  tid 105990
FindTargetPageId rootid 3 tid 105991
target_page_id id: 1 tid 105991
0 1 tid 105991
365 2 tid 105991
193 tid 105991
Remove  tid 105991
FindTargetPageId rootid 3 tid 105991
target_page_id id: 1 tid 105991
0 1 tid 105991
365 2 tid 105991
193 tid 105991
Remove  tid 105991
FindTargetPageId rootid 3 tid 105990
target_page_id id: 1 tid 105990
0 1 tid 105990
365 2 tid 105990
193 tid 105990
Insert  tid 105990
FindTargetPageId rootid 3 tid 105990
target_page_id id: 1 tid 105990
0 1 tid 105990
365 2 tid 105990
194 tid 105990
Insert  tid 105990
FindTargetPageId rootid 3 tid 105990
target_page_id id: 1 tid 105990
0 1 tid 105990
365 2 tid 105990
195 tid 105990
Insert  tid 105990
FindTargetPageId rootid 3 tid 105990
target_page_id id: 1 tid 105990
0 1 tid 105990
365 2 tid 105990
196 tid 105990
Insert  tid 105990
FindTargetPageId rootid 3 tid 105990
target_page_id id: 1 tid 105990
0 1 tid 105990
365 2 tid 105990
197 tid 105990
Insert  tid 105990
FindTargetPageId rootid 3 tid 105990
target_page_id id: 1 tid 105990
0 1 tid 105990
365 2 tid 105990
198 tid 105990
Insert  tid 105990
FindTargetPageId rootid 3 tid 105990
target_page_id id: 1 tid 105990
0 1 tid 105990
365 2 tid 105990
199 tid 105990
Insert  tid 105990
FindTargetPageId rootid 3 tid 105990
target_page_id id: 1 tid 105990
0 1 tid 105990
365 2 tid 105990
200 tid 105990
Insert  tid 105990
FindTargetPageId rootid 3 tid 105990
target_page_id id: 1 tid 105990
0 1 tid 105990
365 2 tid 105990
201 tid 105990
Insert  tid 105990
FindTargetPageId rootid 3 tid 105991
target_page_id id: 1 tid 105991
0 1 tid 105991
365 2 tid 105991
202 tid 105991
Remove  tid 105991
FindTargetPageId rootid 3 tid 105991
target_page_id id: 1 tid 105991
0 1 tid 105991
365 2 tid 105991
201 tid 105991
Remove  tid 105991
FindTargetPageId rootid 3 tid 105990
target_page_id id: 1 tid 105990
0 1 tid 105990
365 2 tid 105990
200 tid 105990
Insert  tid 105990
FindTargetPageId rootid 3 tid 105992
target_page_id id: 1 tid 105992
0 1 tid 105992
365 2 tid 105992
201 tid 105992
Insert  tid 105992
FindTargetPageId rootid 3 tid 105991
target_page_id id: 1 tid 105991
0 1 tid 105991
365 2 tid 105991
201 tid 105991
Remove  tid 105991
FindTargetPageId rootid 3 tid 105990
target_page_id id: 1 tid 105990
0 1 tid 105990
365 2 tid 105990
200 tid 105990
Insert  tid 105990
FindTargetPageId rootid 3 tid 105992
target_page_id id: 1 tid 105992
0 1 tid 105992
365 2 tid 105992
201 tid 105992
Insert  tid 105992
FindTargetPageId rootid 3 tid 105992
target_page_id id: 1 tid 105992
0 1 tid 105992
365 2 tid 105992
201 tid 105992
Insert  tid 105992
FindTargetPageId rootid 3 tid 105992
target_page_id id: 1 tid 105992
0 1 tid 105992
365 2 tid 105992
201 tid 105992
Insert  tid 105992
FindTargetPageId rootid 3 tid 105992
target_page_id id: 1 tid 105992
0 1 tid 105992
365 2 tid 105992
201 tid 105992
Insert  tid 105992
FindTargetPageId rootid 3 tid 105992
target_page_id id: 1 tid 105992
0 1 tid 105992
365 2 tid 105992
201 tid 105992
Insert  tid 105992
FindTargetPageId rootid 3 tid 105992
target_page_id id: 1 tid 105992
0 1 tid 105992
365 2 tid 105992
201 tid 105992
Insert  tid 105992
FindTargetPageId rootid 3 tid 105992
target_page_id id: 1 tid 105992
0 1 tid 105992
365 2 tid 105992
202 tid 105992
Insert  tid 105992
FindTargetPageId rootid 3 tid 105992
target_page_id id: 1 tid 105992
0 1 tid 105992
365 2 tid 105992
203 tid 105992
Insert  tid 105992
FindTargetPageId rootid 3 tid 105991
target_page_id id: 1 tid 105991
0 1 tid 105991
365 2 tid 105991
204 tid 105991
Remove  tid 105991
FindTargetPageId rootid 3 tid 105990
target_page_id id: 1 tid 105990
0 1 tid 105990
365 2 tid 105990
203 tid 105990
Insert  tid 105990
FindTargetPageId rootid 3 tid 105992
target_page_id id: 1 tid 105992
0 1 tid 105992
365 2 tid 105992
204 tid 105992
Insert  tid 105992
FindTargetPageId rootid 3 tid 105991
target_page_id id: 1 tid 105991
0 1 tid 105991
365 2 tid 105991
205 tid 105991
Remove  tid 105991
FindTargetPageId rootid 3 tid 105991
target_page_id id: 1 tid 105991
0 1 tid 105991
365 2 tid 105991
204 tid 105991
Remove  tid 105991
FindTargetPageId rootid 3 tid 105991
target_page_id id: 1 tid 105991
0 1 tid 105991
365 2 tid 105991
203 tid 105991
Remove  tid 105991
FindTargetPageId rootid 3 tid 105990
target_page_id id: 1 tid 105990
0 1 tid 105990
365 2 tid 105990
203 tid 105990
Insert  tid 105990
FindTargetPageId rootid 3 tid 105992
target_page_id id: 1 tid 105992
0 1 tid 105992
365 2 tid 105992
204 tid 105992
Insert  tid 105992
FindTargetPageId rootid 3 tid 105991
target_page_id id: 1 tid 105991
0 1 tid 105991
365 2 tid 105991
205 tid 105991
Remove  tid 105991
FindTargetPageId rootid 3 tid 105990
target_page_id id: 1 tid 105990
0 1 tid 105990
365 2 tid 105990
205 tid 105990
Insert  tid 105990
FindTargetPageId rootid 3 tid 105992
target_page_id id: 1 tid 105992
0 1 tid 105992
365 2 tid 105992
206 tid 105992
Insert  tid 105992
FindTargetPageId rootid 3 tid 105991
target_page_id id: 1 tid 105991
0 1 tid 105991
365 2 tid 105991
207 tid 105991
Remove  tid 105991
FindTargetPageId rootid 3 tid 105991
target_page_id id: 1 tid 105991
0 1 tid 105991
365 2 tid 105991
207 tid 105991
Remove  tid 105991
FindTargetPageId rootid 3 tid 105991
target_page_id id: 1 tid 105991
0 1 tid 105991
365 2 tid 105991
207 tid 105991
Remove  tid 105991
FindTargetPageId rootid 3 tid 105991
target_page_id id: 1 tid 105991
0 1 tid 105991
365 2 tid 105991
207 tid 105991
Remove  tid 105991
FindTargetPageId rootid 3 tid 105991
target_page_id id: 1 tid 105991
0 1 tid 105991
365 2 tid 105991
207 tid 105991
Remove  tid 105991
FindTargetPageId rootid 3 tid 105992
target_page_id id: 1 tid 105992
0 1 tid 105992
365 2 tid 105992
207 tid 105992
Insert  tid 105992
FindTargetPageId rootid 3 tid 105990
target_page_id id: 1 tid 105990
0 1 tid 105990
365 2 tid 105990
207 tid 105990
Insert  tid 105990
FindTargetPageId rootid 3 tid 105991
target_page_id id: 1 tid 105991
0 1 tid 105991
365 2 tid 105991
208 tid 105991
Remove  tid 105991
FindTargetPageId rootid 3 tid 105991
target_page_id id: 1 tid 105991
0 1 tid 105991
365 2 tid 105991
208 tid 105991
Remove  tid 105991
FindTargetPageId rootid 3 tid 105991
target_page_id id: 1 tid 105991
0 1 tid 105991
365 2 tid 105991
208 tid 105991
Remove  tid 105991
FindTargetPageId rootid 3 tid 105991
target_page_id id: 1 tid 105991
0 1 tid 105991
365 2 tid 105991
208 tid 105991
Remove  tid 105991
FindTargetPageId rootid 3 tid 105991
target_page_id id: 1 tid 105991
0 1 tid 105991
365 2 tid 105991
208 tid 105991
Remove  tid 105991
FindTargetPageId rootid 3 tid 105991
target_page_id id: 1 tid 105991
0 1 tid 105991
365 2 tid 105991
208 tid 105991
Remove  tid 105991
FindTargetPageId rootid 3 tid 105992
target_page_id id: 1 tid 105992
0 1 tid 105992
365 2 tid 105992
208 tid 105992
Insert  tid 105992
FindTargetPageId rootid 3 tid 105990
target_page_id id: 1 tid 105990
0 1 tid 105990
365 2 tid 105990
208 tid 105990
Insert  tid 105990
FindTargetPageId rootid 3 tid 105990
target_page_id id: 1 tid 105990
0 1 tid 105990
365 2 tid 105990
209 tid 105990
Insert  tid 105990
FindTargetPageId rootid 3 tid 105990
target_page_id id: 1 tid 105990
0 1 tid 105990
365 2 tid 105990
210 tid 105990
Insert  tid 105990
FindTargetPageId rootid 3 tid 105992
target_page_id id: 1 tid 105992
0 1 tid 105992
365 2 tid 105992
211 tid 105992
Insert  tid 105992
FindTargetPageId rootid 3 tid 105991
target_page_id id: 1 tid 105991
0 1 tid 105991
365 2 tid 105991
211 tid 105991
Remove  tid 105991
FindTargetPageId rootid 3 tid 105990
target_page_id id: 1 tid 105990
0 1 tid 105990
365 2 tid 105990
211 tid 105990
Insert  tid 105990
FindTargetPageId rootid 3 tid 105992
target_page_id id: 1 tid 105992
0 1 tid 105992
365 2 tid 105992
212 tid 105992
Insert  tid 105992
FindTargetPageId rootid 3 tid 105991
target_page_id id: 1 tid 105991
0 1 tid 105991
365 2 tid 105991
212 tid 105991
Remove  tid 105991
FindTargetPageId rootid 3 tid 105991
target_page_id id: 1 tid 105991
0 1 tid 105991
365 2 tid 105991
212 tid 105991
Remove  tid 105991
FindTargetPageId rootid 3 tid 105992
target_page_id id: 1 tid 105992
0 1 tid 105992
365 2 tid 105992
212 tid 105992
Insert  tid 105992
FindTargetPageId rootid 3 tid 105992
target_page_id id: 1 tid 105992
0 1 tid 105992
365 2 tid 105992
212 tid 105992
Insert  tid 105992
FindTargetPageId rootid 3 tid 105991
target_page_id id: 1 tid 105991
0 1 tid 105991
365 2 tid 105991
212 tid 105991
Remove  tid 105991
FindTargetPageId rootid 3 tid 105991
target_page_id id: 1 tid 105991
0 1 tid 105991
365 2 tid 105991
212 tid 105991
Remove  tid 105991
FindTargetPageId rootid 3 tid 105991
target_page_id id: 1 tid 105991
0 1 tid 105991
365 2 tid 105991
212 tid 105991
Remove  tid 105991
FindTargetPageId rootid 3 tid 105991
target_page_id id: 1 tid 105991
0 1 tid 105991
365 2 tid 105991
212 tid 105991
Remove  tid 105991
FindTargetPageId rootid 3 tid 105991
target_page_id id: 1 tid 105991
0 1 tid 105991
365 2 tid 105991
212 tid 105991
Remove  tid 105991
FindTargetPageId rootid 3 tid 105991
target_page_id id: 1 tid 105991
0 1 tid 105991
365 2 tid 105991
212 tid 105991
Remove  tid 105991
FindTargetPageId rootid 3 tid 105991
target_page_id id: 1 tid 105991
0 1 tid 105991
365 2 tid 105991
212 tid 105991
Remove  tid 105991
FindTargetPageId rootid 3 tid 105991
target_page_id id: 1 tid 105991
0 1 tid 105991
365 2 tid 105991
212 tid 105991
Remove  tid 105991
FindTargetPageId rootid 3 tid 105991
target_page_id id: 1 tid 105991
0 1 tid 105991
365 2 tid 105991
212 tid 105991
Remove  tid 105991
FindTargetPageId rootid 3 tid 105991
target_page_id id: 1 tid 105991
0 1 tid 105991
365 2 tid 105991
212 tid 105991
Remove  tid 105991
FindTargetPageId rootid 3 tid 105991
target_page_id id: 1 tid 105991
0 1 tid 105991
365 2 tid 105991
212 tid 105991
Remove  tid 105991
FindTargetPageId rootid 3 tid 105991
target_page_id id: 1 tid 105991
0 1 tid 105991
365 2 tid 105991
212 tid 105991
Remove  tid 105991
FindTargetPageId rootid 3 tid 105991
target_page_id id: 1 tid 105991
0 1 tid 105991
365 2 tid 105991
212 tid 105991
Remove  tid 105991
FindTargetPageId rootid 3 tid 105991
target_page_id id: 1 tid 105991
0 1 tid 105991
365 2 tid 105991
212 tid 105991
Remove  tid 105991
FindTargetPageId rootid 3 tid 105991
target_page_id id: 1 tid 105991
0 1 tid 105991
365 2 tid 105991
212 tid 105991
Remove  tid 105991
FindTargetPageId rootid 3 tid 105991
target_page_id id: 1 tid 105991
0 1 tid 105991
365 2 tid 105991
212 tid 105991
Remove  tid 105991
FindTargetPageId rootid 3 tid 105991
target_page_id id: 1 tid 105991
0 1 tid 105991
365 2 tid 105991
212 tid 105991
Remove  tid 105991
FindTargetPageId rootid 3 tid 105991
target_page_id id: 1 tid 105991
0 1 tid 105991
365 2 tid 105991
212 tid 105991
Remove  tid 105991
FindTargetPageId rootid 3 tid 105991
target_page_id id: 1 tid 105991
0 1 tid 105991
365 2 tid 105991
212 tid 105991
Remove  tid 105991
FindTargetPageId rootid 3 tid 105991
target_page_id id: 1 tid 105991
0 1 tid 105991
365 2 tid 105991
212 tid 105991
Remove  tid 105991
FindTargetPageId rootid 3 tid 105991
target_page_id id: 1 tid 105991
0 1 tid 105991
365 2 tid 105991
212 tid 105991
Remove  tid 105991
FindTargetPageId rootid 3 tid 105991
target_page_id id: 1 tid 105991
0 1 tid 105991
365 2 tid 105991
212 tid 105991
Remove  tid 105991
FindTargetPageId rootid 3 tid 105992
target_page_id id: 1 tid 105992
0 1 tid 105992
365 2 tid 105992
212 tid 105992
Insert  tid 105992
FindTargetPageId rootid 3 tid 105992
target_page_id id: 1 tid 105992
0 1 tid 105992
365 2 tid 105992
212 tid 105992
Insert  tid 105992
FindTargetPageId rootid 3 tid 105990
target_page_id id: 1 tid 105990
0 1 tid 105990
365 2 tid 105990
213 tid 105990
Insert  tid 105990
FindTargetPageId rootid 3 tid 105991
target_page_id id: 1 tid 105991
0 1 tid 105991
365 2 tid 105991
213 tid 105991
Remove  tid 105991
FindTargetPageId rootid 3 tid 105992
target_page_id id: 1 tid 105992
0 1 tid 105992
365 2 tid 105992
213 tid 105992
Insert  tid 105992
FindTargetPageId rootid 3 tid 105992
target_page_id id: 1 tid 105992
0 1 tid 105992
365 2 tid 105992
214 tid 105992
Insert  tid 105992
FindTargetPageId rootid 3 tid 105991
target_page_id id: 1 tid 105991
0 1 tid 105991
365 2 tid 105991
215 tid 105991
Remove  tid 105991
FindTargetPageId rootid 3 tid 105991
target_page_id id: 1 tid 105991
0 1 tid 105991
365 2 tid 105991
215 tid 105991
Remove  tid 105991
FindTargetPageId rootid 3 tid 105992
target_page_id id: 1 tid 105992
0 1 tid 105992
365 2 tid 105992
215 tid 105992
Insert  tid 105992
FindTargetPageId rootid 3 tid 105992
target_page_id id: 1 tid 105992
0 1 tid 105992
365 2 tid 105992
216 tid 105992
Insert  tid 105992
FindTargetPageId rootid 3 tid 105992
target_page_id id: 1 tid 105992
0 1 tid 105992
365 2 tid 105992
217 tid 105992
Insert  tid 105992
FindTargetPageId rootid 3 tid 105990
target_page_id id: 1 tid 105990
0 1 tid 105990
365 2 tid 105990
218 tid 105990
Insert  tid 105990
FindTargetPageId rootid 3 tid 105991
target_page_id id: 1 tid 105991
0 1 tid 105991
365 2 tid 105991
218 tid 105991
Remove  tid 105991
FindTargetPageId rootid 3 tid 105992
target_page_id id: 1 tid 105992
0 1 tid 105992
365 2 tid 105992
218 tid 105992
Insert  tid 105992
FindTargetPageId rootid 3 tid 105992
target_page_id id: 1 tid 105992
0 1 tid 105992
365 2 tid 105992
219 tid 105992
Insert  tid 105992
FindTargetPageId rootid 3 tid 105992
target_page_id id: 1 tid 105992
0 1 tid 105992
365 2 tid 105992
220 tid 105992
Insert  tid 105992
FindTargetPageId rootid 3 tid 105992
target_page_id id: 1 tid 105992
0 1 tid 105992
365 2 tid 105992
221 tid 105992
Insert  tid 105992
FindTargetPageId rootid 3 tid 105991
target_page_id id: 1 tid 105991
0 1 tid 105991
365 2 tid 105991
222 tid 105991
Remove  tid 105991
FindTargetPageId rootid 3 tid 105990
target_page_id id: 1 tid 105990
0 1 tid 105990
365 2 tid 105990
222 tid 105990
Insert  tid 105990
FindTargetPageId rootid 3 tid 105992
target_page_id id: 1 tid 105992
0 1 tid 105992
365 2 tid 105992
222 tid 105992
Insert  tid 105992
FindTargetPageId rootid 3 tid 105991
target_page_id id: 1 tid 105991
0 1 tid 105991
365 2 tid 105991
223 tid 105991
Remove  tid 105991
FindTargetPageId rootid 3 tid 105991
target_page_id id: 1 tid 105991
0 1 tid 105991
365 2 tid 105991
223 tid 105991
Remove  tid 105991
FindTargetPageId rootid 3 tid 105991
target_page_id id: 1 tid 105991
0 1 tid 105991
365 2 tid 105991
223 tid 105991
Remove  tid 105991
FindTargetPageId rootid 3 tid 105991
target_page_id id: 1 tid 105991
0 1 tid 105991
365 2 tid 105991
223 tid 105991
Remove  tid 105991
FindTargetPageId rootid 3 tid 105991
target_page_id id: 1 tid 105991
0 1 tid 105991
365 2 tid 105991
223 tid 105991
Remove  tid 105991
FindTargetPageId rootid 3 tid 105990
target_page_id id: 1 tid 105990
0 1 tid 105990
365 2 tid 105990
223 tid 105990
Insert  tid 105990
FindTargetPageId rootid 3 tid 105992
target_page_id id: 1 tid 105992
0 1 tid 105992
365 2 tid 105992
223 tid 105992
Insert  tid 105992
FindTargetPageId rootid 3 tid 105991
target_page_id id: 1 tid 105991
0 1 tid 105991
365 2 tid 105991
224 tid 105991
Remove  tid 105991
FindTargetPageId rootid 3 tid 105990
target_page_id id: 1 tid 105990
0 1 tid 105990
365 2 tid 105990
224 tid 105990
Insert  tid 105990
FindTargetPageId rootid 3 tid 105990
target_page_id id: 1 tid 105990
0 1 tid 105990
365 2 tid 105990
224 tid 105990
Insert  tid 105990
FindTargetPageId rootid 3 tid 105990
target_page_id id: 1 tid 105990
0 1 tid 105990
365 2 tid 105990
224 tid 105990
Insert  tid 105990
FindTargetPageId rootid 3 tid 105990
target_page_id id: 1 tid 105990
0 1 tid 105990
365 2 tid 105990
224 tid 105990
Insert  tid 105990
FindTargetPageId rootid 3 tid 105990
target_page_id id: 1 tid 105990
0 1 tid 105990
365 2 tid 105990
224 tid 105990
Insert  tid 105990
FindTargetPageId rootid 3 tid 105991
target_page_id id: 1 tid 105991
0 1 tid 105991
365 2 tid 105991
224 tid 105991
Remove  tid 105991
FindTargetPageId rootid 3 tid 105991
target_page_id id: 1 tid 105991
0 1 tid 105991
365 2 tid 105991
224 tid 105991
Remove  tid 105991
FindTargetPageId rootid 3 tid 105990
target_page_id id: 1 tid 105990
0 1 tid 105990
365 2 tid 105990
224 tid 105990
Insert  tid 105990
FindTargetPageId rootid 3 tid 105990
target_page_id id: 1 tid 105990
0 1 tid 105990
365 2 tid 105990
224 tid 105990
Insert  tid 105990
FindTargetPageId rootid 3 tid 105990
target_page_id id: 1 tid 105990
0 1 tid 105990
365 2 tid 105990
224 tid 105990
Insert  tid 105990
FindTargetPageId rootid 3 tid 105992
target_page_id id: 1 tid 105992
0 1 tid 105992
365 2 tid 105992
224 tid 105992
Insert  tid 105992
FindTargetPageId rootid 3 tid 105992
target_page_id id: 1 tid 105992
0 1 tid 105992
365 2 tid 105992
225 tid 105992
Insert  tid 105992
FindTargetPageId rootid 3 tid 105992
target_page_id id: 1 tid 105992
0 1 tid 105992
365 2 tid 105992
226 tid 105992
Insert  tid 105992
FindTargetPageId rootid 3 tid 105992
target_page_id id: 1 tid 105992
0 1 tid 105992
365 2 tid 105992
227 tid 105992
Insert  tid 105992
FindTargetPageId rootid 3 tid 105992
target_page_id id: 1 tid 105992
0 1 tid 105992
365 2 tid 105992
228 tid 105992
Insert  tid 105992
FindTargetPageId rootid 3 tid 105990
target_page_id id: 1 tid 105990
0 1 tid 105990
365 2 tid 105990
229 tid 105990
Insert  tid 105990
FindTargetPageId rootid 3 tid 105990
target_page_id id: 1 tid 105990
0 1 tid 105990
365 2 tid 105990
229 tid 105990
Insert  tid 105990
FindTargetPageId rootid 3 tid 105990
target_page_id id: 1 tid 105990
0 1 tid 105990
365 2 tid 105990
229 tid 105990
Insert  tid 105990
FindTargetPageId rootid 3 tid 105990
target_page_id id: 1 tid 105990
0 1 tid 105990
365 2 tid 105990
229 tid 105990
Insert  tid 105990
FindTargetPageId rootid 3 tid 105990
target_page_id id: 1 tid 105990
0 1 tid 105990
365 2 tid 105990
229 tid 105990
Insert  tid 105990
FindTargetPageId rootid 3 tid 105990
target_page_id id: 1 tid 105990
0 1 tid 105990
365 2 tid 105990
229 tid 105990
Insert  tid 105990
FindTargetPageId rootid 3 tid 105990
target_page_id id: 1 tid 105990
0 1 tid 105990
365 2 tid 105990
230 tid 105990
Insert  tid 105990
FindTargetPageId rootid 3 tid 105990
target_page_id id: 1 tid 105990
0 1 tid 105990
365 2 tid 105990
231 tid 105990
Insert  tid 105990
FindTargetPageId rootid 3 tid 105990
target_page_id id: 1 tid 105990
0 1 tid 105990
365 2 tid 105990
232 tid 105990
Insert  tid 105990
FindTargetPageId rootid 3 tid 105990
target_page_id id: 1 tid 105990
0 1 tid 105990
365 2 tid 105990
233 tid 105990
Insert  tid 105990
FindTargetPageId rootid 3 tid 105992
target_page_id id: 1 tid 105992
0 1 tid 105992
365 2 tid 105992
234 tid 105992
Insert  tid 105992
FindTargetPageId rootid 3 tid 105991
target_page_id id: 1 tid 105991
0 1 tid 105991
365 2 tid 105991
234 tid 105991
Remove  tid 105991
FindTargetPageId rootid 3 tid 105991
target_page_id id: 1 tid 105991
0 1 tid 105991
365 2 tid 105991
234 tid 105991
Remove  tid 105991
FindTargetPageId rootid 3 tid 105991
target_page_id id: 1 tid 105991
0 1 tid 105991
365 2 tid 105991
234 tid 105991
Remove  tid 105991
FindTargetPageId rootid 3 tid 105991
target_page_id id: 1 tid 105991
0 1 tid 105991
365 2 tid 105991
234 tid 105991
Remove  tid 105991
FindTargetPageId rootid 3 tid 105991
target_page_id id: 1 tid 105991
0 1 tid 105991
365 2 tid 105991
234 tid 105991
Remove  tid 105991
FindTargetPageId rootid 3 tid 105991
target_page_id id: 1 tid 105991
0 1 tid 105991
365 2 tid 105991
234 tid 105991
Remove  tid 105991
FindTargetPageId rootid 3 tid 105991
target_page_id id: 1 tid 105991
0 1 tid 105991
365 2 tid 105991
234 tid 105991
Remove  tid 105991
FindTargetPageId rootid 3 tid 105991
target_page_id id: 1 tid 105991
0 1 tid 105991
365 2 tid 105991
234 tid 105991
Remove  tid 105991
FindTargetPageId rootid 3 tid 105991
target_page_id id: 1 tid 105991
0 1 tid 105991
365 2 tid 105991
234 tid 105991
Remove  tid 105991
FindTargetPageId rootid 3 tid 105991
target_page_id id: 1 tid 105991
0 1 tid 105991
365 2 tid 105991
234 tid 105991
Remove  tid 105991
FindTargetPageId rootid 3 tid 105991
target_page_id id: 1 tid 105991
0 1 tid 105991
365 2 tid 105991
234 tid 105991
Remove  tid 105991
FindTargetPageId rootid 3 tid 105991
target_page_id id: 1 tid 105991
0 1 tid 105991
365 2 tid 105991
234 tid 105991
Remove  tid 105991
FindTargetPageId rootid 3 tid 105991
target_page_id id: 1 tid 105991
0 1 tid 105991
365 2 tid 105991
234 tid 105991
Remove  tid 105991
FindTargetPageId rootid 3 tid 105991
target_page_id id: 1 tid 105991
0 1 tid 105991
365 2 tid 105991
234 tid 105991
Remove  tid 105991
FindTargetPageId rootid 3 tid 105991
target_page_id id: 1 tid 105991
0 1 tid 105991
365 2 tid 105991
234 tid 105991
Remove  tid 105991
FindTargetPageId rootid 3 tid 105991
target_page_id id: 1 tid 105991
0 1 tid 105991
365 2 tid 105991
234 tid 105991
Remove  tid 105991
FindTargetPageId rootid 3 tid 105990
target_page_id id: 1 tid 105990
0 1 tid 105990
365 2 tid 105990
234 tid 105990
Insert  tid 105990
FindTargetPageId rootid 3 tid 105992
target_page_id id: 1 tid 105992
0 1 tid 105992
365 2 tid 105992
235 tid 105992
Insert  tid 105992
FindTargetPageId rootid 3 tid 105992
target_page_id id: 1 tid 105992
0 1 tid 105992
365 2 tid 105992
235 tid 105992
Insert  tid 105992
FindTargetPageId rootid 3 tid 105990
target_page_id id: 1 tid 105990
0 1 tid 105990
365 2 tid 105990
235 tid 105990
Insert  tid 105990
FindTargetPageId rootid 3 tid 105990
target_page_id id: 1 tid 105990
0 1 tid 105990
365 2 tid 105990
236 tid 105990
Insert  tid 105990
FindTargetPageId rootid 3 tid 105991
target_page_id id: 1 tid 105991
0 1 tid 105991
365 2 tid 105991
237 tid 105991
Remove  tid 105991
FindTargetPageId rootid 3 tid 105992
target_page_id id: 1 tid 105992
0 1 tid 105992
365 2 tid 105992
237 tid 105992
Insert  tid 105992
FindTargetPageId rootid 3 tid 105990
target_page_id id: 1 tid 105990
0 1 tid 105990
365 2 tid 105990
237 tid 105990
Insert  tid 105990
FindTargetPageId rootid 3 tid 105991
target_page_id id: 1 tid 105991
0 1 tid 105991
365 2 tid 105991
238 tid 105991
Remove  tid 105991
FindTargetPageId rootid 3 tid 105992
target_page_id id: 1 tid 105992
0 1 tid 105992
365 2 tid 105992
238 tid 105992
FindTargetPageId rootid 3 tid Insert  tid 105990
105992target_page_id id: 1 tid 105990
0 1 tid 
105990
365 2 tid 105990
238 tid 105990
Insert  tid 105990
FindTargetPageId rootid 3 tid 105990
target_page_id id: 1 tid 105990
0 1 tid 105990
365 2 tid 105990
239 tid 105990
Insert  tid 105990
FindTargetPageId rootid 3 tid 105991
target_page_id id: 1 tid 105991
0 1 tid 105991
365 2 tid 105991
240 tid 105991
Remove  tid 105991
FindTargetPageId rootid 3 tid 105992
target_page_id id: 1 tid 105992
0 1 tid 105992
365 2 tid 105992
240 tid 105992
Insert  tid 105992
FindTargetPageId rootid 3 tid 105990
target_page_id id: 1 tid 105990
0 1 tid 105990
365 2 tid 105990
240 tid 105990
Insert  tid 105990
FindTargetPageId rootid 3 tid 105991
target_page_id id: 1 tid 105991
0 1 tid 105991
365 2 tid 105991
241 tid 105991
Remove  tid 105991
FindTargetPageId rootid 3 tid 105992
target_page_id id: 1 tid 105992
0 1 tid 105992
365 2 tid 105992
241 tid 105992
Insert  tid 105992
FindTargetPageId rootid 3 tid 105992
target_page_id id: 1 tid 105992
0 1 tid 105992
365 2 tid 105992
241 tid 105992
Insert  tid 105992
FindTargetPageId rootid 3 tid 105990
target_page_id id: 1 tid 105990
0 1 tid 105990
365 2 tid 105990
241 tid 105990
Insert  tid 105990
FindTargetPageId rootid 3 tid 105991
target_page_id id: 1 tid 105991
0 1 tid 105991
365 2 tid 105991
242 tid 105991
Remove  tid 105991
FindTargetPageId rootid 3 tid 105992
target_page_id id: 1 tid 105992
0 1 tid 105992
365 2 tid 105992
242 tid 105992
Insert  tid 105992
FindTargetPageId rootid 3 tid 105992
target_page_id id: 1 tid 105992
0 1 tid 105992
365 2 tid 105992
242 tid 105992
Insert  tid 105992
FindTargetPageId rootid 3 tid 105992
target_page_id id: 1 tid 105992
0 1 tid 105992
365 2 tid 105992
242 tid 105992
Insert  tid 105992
FindTargetPageId rootid 3 tid 105992
target_page_id id: 1 tid 105992
0 1 tid 105992
365 2 tid 105992
242 tid 105992
Insert  tid 105992
FindTargetPageId rootid 3 tid 105992
target_page_id id: 1 tid 105992
0 1 tid 105992
365 2 tid 105992
242 tid 105992
Insert  tid 105992
FindTargetPageId rootid 3 tid 105992
target_page_id id: 1 tid 105992
0 1 tid 105992
365 2 tid 105992
242 tid 105992
Insert  tid 105992
FindTargetPageId rootid 3 tid 105992
target_page_id id: 1 tid 105992
0 1 tid 105992
365 2 tid 105992
243 tid 105992
Insert  tid 105992
FindTargetPageId rootid 3 tid 105990
target_page_id id: 1 tid 105990
0 1 tid 105990
365 2 tid 105990
244 tid 105990
Insert  tid 105990
FindTargetPageId rootid 3 tid 105990
target_page_id id: 1 tid 105990
0 1 tid 105990
365 2 tid 105990
244 tid 105990
Insert  tid 105990
FindTargetPageId rootid 3 tid 105992
target_page_id id: 1 tid 105992
0 1 tid 105992
365 2 tid 105992
244 tid 105992
Insert  tid 105992
FindTargetPageId rootid 3 tid 105991
target_page_id id: 1 tid 105991
0 1 tid 105991
365 2 tid 105991
245 tid 105991
Remove  tid 105991
FindTargetPageId rootid 3 tid 105990
target_page_id id: 1 tid 105990
0 1 tid 105990
365 2 tid 105990
245 tid 105990
Insert  tid 105990
FindTargetPageId rootid 3 tid 105990
target_page_id id: 1 tid 105990
0 1 tid 105990
365 2 tid 105990
245 tid 105990
Insert  tid 105990
FindTargetPageId rootid 3 tid 105990
target_page_id id: 1 tid 105990
0 1 tid 105990
365 2 tid 105990
246 tid 105990
Insert  tid 105990
FindTargetPageId rootid 3 tid 105991
target_page_id id: 1 tid 105991
0 1 tid 105991
365 2 tid 105991
247 tid 105991
Remove  tid 105991
FindTargetPageId rootid 3 tid 105992
target_page_id id: 1 tid 105992
0 1 tid 105992
365 2 tid 105992
247 tid 105992
Insert  tid 105992
FindTargetPageId rootid 3 tid 105990
target_page_id id: 1 tid 105990
0 1 tid 105990
365 2 tid 105990
247 tid 105990
Insert  tid 105990
FindTargetPageId rootid 3 tid 105990
target_page_id id: 1 tid 105990
0 1 tid 105990
365 2 tid 105990
248 tid 105990
Insert  tid 105990
FindTargetPageId rootid 3 tid 105990
target_page_id id: 1 tid 105990
0 1 tid 105990
365 2 tid 105990
249 tid 105990
Insert  tid 105990
FindTargetPageId rootid 3 tid 105991
target_page_id id: 1 tid 105991
0 1 tid 105991
365 2 tid 105991
250 tid 105991
Remove  tid 105991
FindTargetPageId rootid 3 tid 105992
target_page_id id: 1 tid 105992
0 1 tid 105992
365 2 tid 105992
250 tid 105992
FindTargetPageId rootid 3 tid 105990
target_page_id id: 1 tid 105990
0 1 tid 105990
365 2 tid 105990
250 tid 105990
Insert  tid 105990
FindTargetPageId rootid 3 tid 105990
target_page_id id: 1 tid 105990
0 1 tid 105990
Insert 365 tid 105992
 2 tid 105990
251 tid 105990
Insert  tid 105990
FindTargetPageId rootid 3 tid 105991
target_page_id id: 1 tid 105991
0 1 tid 105991
365 2 tid 105991
252 tid 105991
Remove  tid 105991
FindTargetPageId rootid 3 tid 105991
target_page_id id: 1 tid 105991
0 1 tid 105991
365 2 tid 105991
252 tid 105991
Remove  tid 105991
FindTargetPageId rootid 3 tid 105990
target_page_id id: 1 tid 105990
0 1 tid 105990
365 2 tid 105990
252 tid 105990
Insert  tid 105990
FindTargetPageId rootid 3 tid 105992
target_page_id id: 1 tid 105992
0 1 tid 105992
365 2 tid 105992
253 tid 105992
Insert  tid 105992
FindTargetPageId rootid 3 tid 105991
target_page_id id: 1 tid 105991
0 1 tid 105991
365 2 tid 105991
253 tid 105991
Remove  tid 105991
FindTargetPageId rootid 3 tid 105990
target_page_id id: 1 tid 105990
0 1 tid 105990
365 2 tid 105990
253 tid 105990
Insert  tid 105990
FindTargetPageId rootid 3 tid 105992
target_page_id id: 1 tid 105992
0 1 tid 105992
365 2 tid 105992
254 tid 105992
Insert  tid 105992
FindTargetPageId rootid 3 tid 105992
target_page_id id: 1 tid 105992
0 1 tid 105992
365 2 tid 105992
254 tid 105992
Insert  tid 105992
FindTargetPageId rootid 3 tid 105992
target_page_id id: 1 tid 105992
0 1 tid 105992
365 2 tid 105992
254 tid 105992
Insert  tid 105992
FindTargetPageId rootid 3 tid 105992
target_page_id id: 1 tid 105992
0 1 tid 105992
365 2 tid 105992
254 tid 105992
Insert  tid 105992
FindTargetPageId rootid 3 tid 105992
target_page_id id: 1 tid 105992
0 1 tid 105992
365 2 tid 105992
254 tid 105992
Insert  tid 105992
FindTargetPageId rootid 3 tid 105992
target_page_id id: 1 tid 105992
0 1 tid 105992
365 2 tid 105992
254 tid 105992
Insert  tid 105992
FindTargetPageId rootid 3 tid 105992
target_page_id id: 1 tid 105992
0 1 tid 105992
365 2 tid 105992
254 tid 105992
Insert  tid 105992
FindTargetPageId rootid 3 tid 105990
target_page_id id: 4 tid 105990
0 1 tid 105990
128 4 tid 105990
365 2 tid 105990
128 tid 105990
Insert  tid 105990
FindTargetPageId rootid 3 tid 105991
target_page_id id: 4 tid 105991
0 1 tid 105991
128 4 tid 105991
365 2 tid 105991
128 tid 105991
Remove  tid 105991
FindTargetPageId rootid 3 tid 105992
target_page_id id: 4 tid 105992
0 1 tid 105992
128 4 tid 105992
365 2 tid 105992
128 tid 105992
Insert  tid 105992
FindTargetPageId rootid 3 tid 105990
target_page_id id: 4 tid 105990
0 1 tid 105990
128 4 tid 105990
365 2 tid 105990
129 tid 105990
Insert  tid 105990
FindTargetPageId rootid 3 tid 105991
target_page_id id: 4 tid 105991
0 1 tid 105991
128 4 tid 105991
365 2 tid 105991
129 tid 105991
FindTargetPageId rootid 3 tid 105992
target_page_id id: 4 tid 105992
0 1 tid 105992Remove 
 tid 105991
128 4 tid 105992
365 2 tid 105992
129 tid 105992
Insert  tid 105992
FindTargetPageId rootid 3 tid 105992
target_page_id id: 4 tid 105992
0 1 tid 105992
128 4 tid 105992
365 2 tid 105992
130 tid 105992
Insert  tid 105992
FindTargetPageId rootid 3 tid 105992
target_page_id id: 4 tid 105992
0 1 tid 105992
128 4 tid 105992
365 2 tid 105992
131 tid 105992
Insert  tid 105992
FindTargetPageId rootid 3 tid 105992
target_page_id id: 4 tid 105992
0 1 tid 105992
128 4 tid 105992
365 2 tid 105992
132 tid 105992
Insert  tid 105992
FindTargetPageId rootid 3 tid 105992
target_page_id id: 4 tid 105992
0 1 tid 105992
128 4 tid 105992
365 2 tid 105992
133 tid 105992
Insert  tid 105992
FindTargetPageId rootid 3 tid 105992
target_page_id id: 4 tid 105992
0 1 tid 105992
128 4 tid 105992
365 2 tid 105992
134 tid 105992
Insert  tid 105992
FindTargetPageId rootid 3 tid 105992
target_page_id id: 4 tid 105992
0 1 tid 105992
128 4 tid 105992
365 2 tid 105992
135 tid 105992
Insert  tid 105992
FindTargetPageId rootid 3 tid 105992
target_page_id id: 4 tid 105992
0 1 tid 105992
128 4 tid 105992
365 2 tid 105992
136 tid 105992
Insert  tid 105992
FindTargetPageId rootid 3 tid 105992
target_page_id id: 4 tid 105992
0 1 tid 105992
128 4 tid 105992
365 2 tid 105992
137 tid 105992
Insert  tid 105992
FindTargetPageId rootid 3 tid 105992
target_page_id id: 4 tid 105992
0 1 tid 105992
128 4 tid 105992
365 2 tid 105992
138 tid 105992
Insert  tid 105992
FindTargetPageId rootid 3 tid 105992
target_page_id id: 4 tid 105992
0 1 tid 105992
128 4 tid 105992
365 2 tid 105992
139 tid 105992
Insert  tid 105992
FindTargetPageId rootid 3 tid 105992
target_page_id id: 4 tid 105992
0 1 tid 105992
128 4 tid 105992
365 2 tid 105992
140 tid 105992
Insert  tid 105992
FindTargetPageId rootid 3 tid 105992
target_page_id id: 4 tid 105992
0 1 tid 105992
128 4 tid 105992
365 2 tid 105992
141 tid 105992
Insert  tid 105992
FindTargetPageId rootid 3 tid 105992
target_page_id id: 4 tid 105992
0 1 tid 105992
128 4 tid 105992
365 2 tid 105992
142 tid 105992
Insert  tid 105992
FindTargetPageId rootid 3 tid 105992
target_page_id id: 4 tid 105992
0 1 tid 105992
128 4 tid 105992
365 2 tid 105992
143 tid 105992
Insert  tid 105992
FindTargetPageId rootid 3 tid 105992
target_page_id id: 4 tid 105992
0 1 tid 105992
128 4 tid 105992
365 2 tid 105992
144 tid 105992
Insert  tid 105992
FindTargetPageId rootid 3 tid 105992
target_page_id id: 4 tid 105992
0 1 tid 105992
128 4 tid 105992
365 2 tid 105992
145 tid 105992
Insert  tid 105992
FindTargetPageId rootid 3 tid 105992
target_page_id id: 4 tid 105992
0 1 tid 105992
128 4 tid 105992
365 2 tid 105992
146 tid 105992
Insert  tid 105992
FindTargetPageId rootid 3 tid 105992
target_page_id id: 4 tid 105992
0 1 tid 105992
128 4 tid 105992
365 2 tid 105992
147 tid 105992
Insert  tid 105992
FindTargetPageId rootid 3 tid 105992
target_page_id id: 4 tid 105992
0 1 tid 105992
128 4 tid 105992
365 2 tid 105992
148 tid 105992
Insert  tid 105992
FindTargetPageId rootid 3 tid 105991
target_page_id id: 4 tid 105991
0 1 tid 105991
128 4 tid 105991
365 2 tid 105991
149 tid 105991
Remove  tid 105991
FindTargetPageId rootid 3 tid 105991
target_page_id id: 4 tid 105991
0 1 tid 105991
128 4 tid 105991
365 2 tid 105991
149 tid 105991
Remove  tid 105991
FindTargetPageId rootid 3 tid 105991
target_page_id id: 4 tid 105991
0 1 tid 105991
128 4 tid 105991
365 2 tid 105991
149 tid 105991
Remove  tid 105991
FindTargetPageId rootid 3 tid 105991
target_page_id id: 4 tid 105991
0 1 tid 105991
128 4 tid 105991
365 2 tid 105991
149 tid 105991
Remove  tid 105991
FindTargetPageId rootid 3 tid 105991
target_page_id id: 4 tid 105991
0 1 tid 105991
128 4 tid 105991
365 2 tid 105991
149 tid 105991
Remove  tid 105991
FindTargetPageId rootid 3 tid 105991
target_page_id id: 4 tid 105991
0 1 tid 105991
128 4 tid 105991
365 2 tid 105991
149 tid 105991
Remove  tid 105991
FindTargetPageId rootid 3 tid 105990
target_page_id id: 4 tid 105990
0 1 tid 105990
128 4 tid 105990
365 2 tid 105990
149 tid 105990
Insert  tid 105990
FindTargetPageId rootid 3 tid 105992
target_page_id id: 4 tid 105992
0 1 tid 105992
128 4 tid 105992
365 2 tid 105992
149 tid 105992
Insert  tid 105992
FindTargetPageId rootid 3 tid 105991
target_page_id id: 4 tid 105991
0 1 tid 105991
128 4 tid 105991
365 2 tid 105991
150 tid 105991
Remove  tid 105991
FindTargetPageId rootid 3 tid 105990
target_page_id id: 4 tid 105990
0 1 tid 105990
128 4 tid 105990
365 2 tid 105990
150 tid 105990
Insert  tid 105990
FindTargetPageId rootid 3 tid 105992
target_page_id id: 4 tid 105992
0 1 tid 105992
128 4 tid 105992
365 2 tid 105992
150 tid 105992
Insert  tid 105992
FindTargetPageId rootid 3 tid 105991
target_page_id id: 4 tid 105991
0 1 tid 105991
128 4 tid 105991
365 2 tid 105991
151 tid 105991
Remove  tid 105991
FindTargetPageId rootid 3 tid 105990
target_page_id id: 4 tid 105990
0 1 tid 105990
128 4 tid 105990
365 2 tid 105990
151 tid 105990
Insert  tid 105990
FindTargetPageId rootid 3 tid 105992
target_page_id id: 4 tid 105992
0 1 tid 105992
128 4 tid 105992
365 2 tid 105992
151 tid 105992
Insert  tid 105992
FindTargetPageId rootid 3 tid 105991
target_page_id id: 4 tid 105991
0 1 tid 105991
128 4 tid 105991
365 2 tid 105991
152 tid 105991
Remove  tid 105991
FindTargetPageId rootid 3 tid 105990
target_page_id id: 4 tid 105990
0 1 tid 105990
128 4 tid 105990
365 2 tid 105990
152 tid 105990
Insert  tid 105990
FindTargetPageId rootid 3 tid 105992
target_page_id id: 4 tid 105992
0 1 tid 105992
128 4 tid 105992
365 2 tid 105992
152 tid 105992
Insert  tid 105992
FindTargetPageId rootid 3 tid 105991
target_page_id id: 4 tid 105991
0 1 tid 105991
128 4 tid 105991
365 2 tid 105991
153 tid 105991
Remove  tid 105991
FindTargetPageId rootid 3 tid 105991
target_page_id id: 4 tid 105991
0 1 tid 105991
128 4 tid 105991
365 2 tid 105991
153 tid 105991
Remove  tid 105991
FindTargetPageId rootid 3 tid 105991
target_page_id id: 4 tid 105991
0 1 tid 105991
128 4 tid 105991
365 2 tid 105991
153 tid 105991
Remove  tid 105991
FindTargetPageId rootid 3 tid 105990
target_page_id id: 4 tid 105990
0 1 tid 105990
128 4 tid 105990
365 2 tid 105990
153 tid 105990
Insert  tid 105990
FindTargetPageId rootid 3 tid 105992
target_page_id id: 4 tid 105992
0 1 tid 105992
128 4 tid 105992
365 2 tid 105992
153 tid 105992
Insert  tid 105992
FindTargetPageId rootid 3 tid 105991
target_page_id id: 4 tid 105991
0 1 tid 105991
128 4 tid 105991
365 2 tid 105991
154 tid 105991
Remove  tid 105991
FindTargetPageId rootid 3 tid 105990
target_page_id id: 4 tid 105990
0 1 tid 105990
128 4 tid 105990
365 2 tid 105990
154 tid 105990
FindTargetPageId rootid 3 tid 105992
target_page_id id: 4 tid 105992
0 1 tid 105992
128 4 tid 105992
365 2 tid 105992
154 tid 105992
Insert  tid 105990
FindTargetPageId rootid 3 tid 105990
target_page_id id: 4 tid 105990
0 1 tid 105990
128 4 tid 105990
365 2 tid 105990
Insert  tid 105992
155 tid 105990
FindTargetPageId rootid 3 tid 105992
target_page_id id: 4 tid 105992
0Insert  1 tid 105992
128 4 tid 105992
365 2 tid 105992
 tid 105990
155 tid 105992
Insert  tid 105992
FindTargetPageId rootid 3 tid 105991
target_page_id id: 4 tid 105991
0 1 tid 105991
128 4 tid 105991
365 2 tid 105991
156 tid 105991
Remove  tid 105991
FindTargetPageId rootid 3 tid 105991
target_page_id id: 4 tid 105991
0 1 tid 105991
128 4 tid 105991
365 2 tid 105991
156 tid 105991
Remove  tid 105991
FindTargetPageId rootid 3 tid 105992
target_page_id id: 4 tid 105992
0 1 tid 105992
128 4 tid 105992
365 2 tid 105992
156 tid 105992
Insert  tid 105992
FindTargetPageId rootid 3 tid 105992
target_page_id id: 4 tid 105992
0 1 tid 105992
128 4 tid 105992
365 2 tid 105992
157 tid 105992
Insert  tid 105992
FindTargetPageId rootid 3 tid 105992
target_page_id id: 4 tid 105992
0 1 tid 105992
128 4 tid 105992
365 2 tid 105992
158 tid 105992
Insert  tid 105992
FindTargetPageId rootid 3 tid 105990
target_page_id id: 4 tid 105990
0 1 tid 105990
128 4 tid 105990
365 2 tid 105990
159 tid 105990
Insert  tid 105990
FindTargetPageId rootid 3 tid 105991
target_page_id id: 4 tid 105991
0 1 tid 105991
128 4 tid 105991
365 2 tid 105991
159 tid 105991
Remove  tid 105991
FindTargetPageId rootid 3 tid 105992
target_page_id id: 4 tid 105992
0 1 tid 105992
128 4 tid 105992
365 2 tid 105992
159 tid 105992
Insert  tid 105992
FindTargetPageId rootid 3 tid 105992
target_page_id id: 4 tid 105992
0 1 tid 105992
128 4 tid 105992
365 2 tid 105992
160 tid 105992
Insert  tid 105992
FindTargetPageId rootid 3 tid 105991
target_page_id id: 4 tid 105991
0 1 tid 105991
128 4 tid 105991
365 2 tid 105991
161 tid 105991
Remove  tid 105991
FindTargetPageId rootid 3 tid 105991
target_page_id id: 4 tid 105991
0 1 tid 105991
128 4 tid 105991
365 2 tid 105991
161 tid 105991
Remove  tid 105991
FindTargetPageId rootid 3 tid 105991
target_page_id id: 4 tid 105991
0 1 tid 105991
128 4 tid 105991
365 2 tid 105991
161 tid 105991
Remove  tid 105991
FindTargetPageId rootid 3 tid 105991
target_page_id id: 4 tid 105991
0 1 tid 105991
128 4 tid 105991
365 2 tid 105991
161 tid 105991
Remove  tid 105991
FindTargetPageId rootid 3 tid 105991
target_page_id id: 4 tid 105991
0 1 tid 105991
128 4 tid 105991
365 2 tid 105991
161 tid 105991
Remove  tid 105991
FindTargetPageId rootid 3 tid 105991
target_page_id id: 4 tid 105991
0 1 tid 105991
128 4 tid 105991
365 2 tid 105991
161 tid 105991
Remove  tid 105991
FindTargetPageId rootid 3 tid 105991
target_page_id id: 4 tid 105991
0 1 tid 105991
128 4 tid 105991
365 2 tid 105991
161 tid 105991
Remove  tid 105991
FindTargetPageId rootid 3 tid 105991
target_page_id id: 4 tid 105991
0 1 tid 105991
128 4 tid 105991
365 2 tid 105991
161 tid 105991
Remove  tid 105991
FindTargetPageId rootid 3 tid 105991
target_page_id id: 4 tid 105991
0 1 tid 105991
128 4 tid 105991
365 2 tid 105991
161 tid 105991
Remove  tid 105991
FindTargetPageId rootid 3 tid 105991
target_page_id id: 4 tid 105991
0 1 tid 105991
128 4 tid 105991
365 2 tid 105991
161 tid 105991
Remove  tid 105991
FindTargetPageId rootid 3 tid 105991
target_page_id id: 4 tid 105991
0 1 tid 105991
128 4 tid 105991
365 2 tid 105991
161 tid 105991
Remove  tid 105991
FindTargetPageId rootid 3 tid 105991
target_page_id id: 4 tid 105991
0 1 tid 105991
128 4 tid 105991
365 2 tid 105991
161 tid 105991
Remove  tid 105991
FindTargetPageId rootid 3 tid 105991
target_page_id id: 4 tid 105991
0 1 tid 105991
128 4 tid 105991
365 2 tid 105991
161 tid 105991
Remove  tid 105991
FindTargetPageId rootid 3 tid 105991
target_page_id id: 4 tid 105991
0 1 tid 105991
128 4 tid 105991
365 2 tid 105991
161 tid 105991
Remove  tid 105991
FindTargetPageId rootid 3 tid 105991
target_page_id id: 4 tid 105991
0 1 tid 105991
128 4 tid 105991
365 2 tid 105991
161 tid 105991
Remove  tid 105991
FindTargetPageId rootid 3 tid 105991
target_page_id id: 4 tid 105991
0 1 tid 105991
128 4 tid 105991
365 2 tid 105991
161 tid 105991
Remove  tid 105991
FindTargetPageId rootid 3 tid 105992
target_page_id id: 4 tid 105992
0 1 tid 105992
128 4 tid 105992
365 2 tid 105992
161 tid 105992
Insert  tid 105992
FindTargetPageId rootid 3 tid 105990
target_page_id id: 4 tid 105990
0 1 tid 105990
128 4 tid 105990
365 2 tid 105990
162 tid 105990
Insert  tid 105990
FindTargetPageId rootid 3 tid 105991
target_page_id id: 4 tid 105991
0 1 tid 105991
128 4 tid 105991
365 2 tid 105991
162 tid 105991
Remove  tid 105991
FindTargetPageId rootid 3 tid 105992
target_page_id id: 4 tid 105992
0 1 tid 105992
128 4 tid 105992
365 2 tid 105992
162 tid 105992
Insert  tid 105992
FindTargetPageId rootid 3 tid 105990
target_page_id id: 4 tid 105990
0 1 tid 105990
128 4 tid 105990
365 2 tid 105990
163 tid 105990
Insert  tid 105990
FindTargetPageId rootid 3 tid 105991
target_page_id id: 4 tid 105991
0 1 tid 105991
128 4 tid 105991
365 2 tid 105991
163 tid 105991
Remove  tid 105991
FindTargetPageId rootid 3 tid 105992
target_page_id id: 4 tid 105992
0 1 tid 105992
128 4 tid 105992
365 2 tid 105992
163 tid 105992
Insert  tid 105992
FindTargetPageId rootid 3 tid 105990
target_page_id id: 4 tid 105990
0 1 tid 105990
128 4 tid 105990
365 2 tid 105990
164 tid 105990
Insert  tid 105990
FindTargetPageId rootid 3 tid 105991
target_page_id id: 4 tid 105991
0 1 tid 105991
128 4 tid 105991
365 2 tid 105991
164 tid 105991
Remove  tid 105991
FindTargetPageId rootid 3 tid 105992
target_page_id id: 4 tid 105992
0 1 tid 105992
128 4 tid 105992
365 2 tid 105992
164 tid 105992
Insert  tid 105992
FindTargetPageId rootid 3 tid 105992
target_page_id id: 4 tid 105992
0 1 tid 105992
128 4 tid 105992
365 2 tid 105992
165 tid 105992
Insert  tid 105992
FindTargetPageId rootid 3 tid 105992
target_page_id id: 4 tid 105992
0 1 tid 105992
128 4 tid 105992
365 2 tid 105992
166 tid 105992
Insert  tid 105992
FindTargetPageId rootid 3 tid 105992
target_page_id id: 4 tid 105992
0 1 tid 105992
128 4 tid 105992
365 2 tid 105992
167 tid 105992
Insert  tid 105992
FindTargetPageId rootid 3 tid 105992
target_page_id id: 4 tid 105992
0 1 tid 105992
128 4 tid 105992
365 2 tid 105992
168 tid 105992
Insert  tid 105992
FindTargetPageId rootid 3 tid 105992
target_page_id id: 4 tid 105992
0 1 tid 105992
128 4 tid 105992
365 2 tid 105992
169 tid 105992
Insert  tid 105992
FindTargetPageId rootid 3 tid 105992
target_page_id id: 4 tid 105992
0 1 tid 105992
128 4 tid 105992
365 2 tid 105992
170 tid 105992
Insert  tid 105992
FindTargetPageId rootid 3 tid 105992
target_page_id id: 4 tid 105992
0 1 tid 105992
128 4 tid 105992
365 2 tid 105992
171 tid 105992
Insert  tid 105992
FindTargetPageId rootid 3 tid 105992
target_page_id id: 4 tid 105992
0 1 tid 105992
128 4 tid 105992
365 2 tid 105992
172 tid 105992
Insert  tid 105992
FindTargetPageId rootid 3 tid 105992
target_page_id id: 4 tid 105992
0 1 tid 105992
128 4 tid 105992
365 2 tid 105992
173 tid 105992
Insert  tid 105992
FindTargetPageId rootid 3 tid 105992
target_page_id id: 4 tid 105992
0 1 tid 105992
128 4 tid 105992
365 2 tid 105992
174 tid 105992
Insert  tid 105992
FindTargetPageId rootid 3 tid 105992
target_page_id id: 4 tid 105992
0 1 tid 105992
128 4 tid 105992
365 2 tid 105992
175 tid 105992
Insert  tid 105992
FindTargetPageId rootid 3 tid 105991
target_page_id id: 4 tid 105991
0 1 tid 105991
128 4 tid 105991
365 2 tid 105991
176 tid 105991
Remove  tid 105991
FindTargetPageId rootid 3 tid 105990
target_page_id id: 4 tid 105990
0 1 tid 105990
128 4 tid 105990
365 2 tid 105990
176 tid 105990
Insert  tid 105990
FindTargetPageId rootid 3 tid 105990
target_page_id id: 4 tid 105990
0 1 tid 105990
128 4 tid 105990
365 2 tid 105990
176 tid 105990
Insert  tid 105990
FindTargetPageId rootid 3 tid 105990
target_page_id id: 4 tid 105990
0 1 tid 105990
128 4 tid 105990
365 2 tid 105990
176 tid 105990
Insert  tid 105990
FindTargetPageId rootid 3 tid 105992
target_page_id id: 4 tid 105992
0 1 tid 105992
128 4 tid 105992
365 2 tid 105992
176 tid 105992
Insert  tid 105992
FindTargetPageId rootid 3 tid 105991
target_page_id id: 4 tid 105991
0 1 tid 105991
128 4 tid 105991
365 2 tid 105991
177 tid 105991
Remove  tid 105991
FindTargetPageId rootid 3 tid 105990
target_page_id id: 4 tid 105990
0 1 tid 105990
128 4 tid 105990
365 2 tid 105990
177 tid 105990
Insert  tid 105990
FindTargetPageId rootid 3 tid 105990
target_page_id id: 4 tid 105990
0 1 tid 105990
128 4 tid 105990
365 2 tid 105990
177 tid 105990
Insert  tid 105990
FindTargetPageId rootid 3 tid 105990
target_page_id id: 4 tid 105990
0 1 tid 105990
128 4 tid 105990
365 2 tid 105990
177 tid 105990
Insert  tid 105990
FindTargetPageId rootid 3 tid 105992
target_page_id id: 4 tid 105992
0 1 tid 105992
128 4 tid 105992
365 2 tid 105992
177 tid 105992
Insert  tid 105992
FindTargetPageId rootid 3 tid 105991
target_page_id id: 2 tid 105991
0 1 tid 105991
128 4 tid 105991
365 2 tid 105991
128 tid 105991
Remove  tid 105991
FindTargetPageId rootid 3 tid 105990
target_page_id id: 4 tid 105990
0 1 tid 105990
128 4 tid 105990
365 2 tid 105990
178 tid 105990
Insert  tid 105990
FindTargetPageId rootid 3 tid 105992
target_page_id id: 4 tid 105992
0 1 tid 105992
128 4 tid 105992
365 2 tid 105992
178 tid 105992
Insert  tid 105992
FindTargetPageId rootid 3 tid 105991
target_page_id id: 2 tid 105991
0 1 tid 105991
128 4 tid 105991
365 2 tid 105991
128 tid 105991
Remove  tid 105991
FindTargetPageId rootid 3 tid 105991
target_page_id id: 2 tid 105991
0 1 tid 105991
128 4 tid 105991
365 2 tid 105991
128 tid 105991
Remove  tid 105991
FindTargetPageId rootid 3 tid 105990
target_page_id id: 4 tid 105990
0 1 tid 105990
128 4 tid 105990
365 2 tid 105990
179 tid 105990
Insert  tid 105990
FindTargetPageId rootid 3 tid 105992
target_page_id id: 4 tid 105992
0 1 tid 105992
128 4 tid 105992
365 2 tid 105992
179 tid 105992
Insert  tid 105992
FindTargetPageId rootid 3 tid 105991
target_page_id id: 2 tid 105991
0 1 tid 105991
128 4 tid 105991
365 2 tid 105991
128 tid 105991
FindTargetPageId rootid 3 tid 105990
target_page_id id: 4 tid 105990Remove  tid 
105991
0 1 tid 105990
128 4 tid 105990
365 2 tid 105990
180 tid 105990
Insert  tid 105990
FindTargetPageId rootid 3 tid 105992
target_page_id id: 4 tid 105992
0 1 tid 105992
128 4 tid 105992
365 2 tid 105992
180 tid 105992
Insert  tid 105992
FindTargetPageId rootid 3 tid 105991
target_page_id id: 2 tid 105991
0 1 tid 105991
128 4 tid 105991
365 2 tid 105991
128 tid 105991
Remove  tid 105991
FindTargetPageId rootid 3 tid 105990
target_page_id id: 4 tid 105990
0 1 tid 105990
128 4 tid 105990
365 2 tid 105990
181 tid 105990
Insert  tid 105990
FindTargetPageId rootid 3 tid 105992
target_page_id id: 4 tid 105992
0 1 tid 105992
128 4 tid 105992
365 2 tid 105992
181 tid 105992
Insert  tid 105992
FindTargetPageId rootid 3 tid 105991
target_page_id id: 2 tid 105991
0 1 tid 105991
128 4 tid 105991
365 2 tid 105991
128 tid 105991
Remove  tid 105991
FindTargetPageId rootid 3 tid 105990
target_page_id id: 4 tid 105990
0 1 tid 105990
128 4 tid 105990
365 2 tid 105990
182 tid 105990
Insert  tid 105990
FindTargetPageId rootid 3 tid 105990
target_page_id id: 4 tid 105990
0 1 tid 105990
128 4 tid 105990
365 2 tid 105990
182 tid 105990
Insert  tid 105990
FindTargetPageId rootid 3 tid 105990
target_page_id id: 4 tid 105990
0 1 tid 105990
128 4 tid 105990
365 2 tid 105990
182 tid 105990
Insert  tid 105990
FindTargetPageId rootid 3 tid 105992
target_page_id id: 4 tid 105992
0 1 tid 105992
128 4 tid 105992
365 2 tid 105992
182 tid 105992
Insert  tid 105992
FindTargetPageId rootid 3 tid 105991
target_page_id id: 2 tid 105991
0 1 tid 105991
128 4 tid 105991
365 2 tid 105991
128 tid 105991
Remove  tid 105991
FindTargetPageId rootid 3 tid 105991
target_page_id id: 2 tid 105991
0 1 tid 105991
128 4 tid 105991
365 2 tid 105991
128 tid 105991
Remove  tid 105991
FindTargetPageId rootid 3 tid 105991
target_page_id id: 2 tid 105991
0 1 tid 105991
128 4 tid 105991
365 2 tid 105991
128 tid 105991
Remove  tid 105991
FindTargetPageId rootid 3 tid 105991
target_page_id id: 2 tid 105991
0 1 tid 105991
128 4 tid 105991
365 2 tid 105991
128 tid 105991
Remove  tid 105991
FindTargetPageId rootid 3 tid 105991
target_page_id id: 2 tid 105991
0 1 tid 105991
128 4 tid 105991
365 2 tid 105991
128 tid 105991
Remove  tid 105991
FindTargetPageId rootid 3 tid 105991
target_page_id id: 2 tid 105991
0 1 tid 105991
128 4 tid 105991
365 2 tid 105991
128 tid 105991
Remove  tid 105991
FindTargetPageId rootid 3 tid 105991
target_page_id id: 2 tid 105991
0 1 tid 105991
128 4 tid 105991
365 2 tid 105991
128 tid 105991
Remove  tid 105991
FindTargetPageId rootid 3 tid 105990
target_page_id id: 4 tid 105990
0 1 tid 105990
128 4 tid 105990
365 2 tid 105990
183 tid 105990
Insert  tid 105990
FindTargetPageId rootid 3 tid 105992
target_page_id id: 4 tid 105992
0 1 tid 105992
128 4 tid 105992
365 2 tid 105992
183 tid 105992
Insert  tid 105992
FindTargetPageId rootid 3 tid 105992
target_page_id id: 4 tid 105992
0 1 tid 105992
128 4 tid 105992
365 2 tid 105992
184 tid 105992
Insert  tid 105992
FindTargetPageId rootid 3 tid 105992
target_page_id id: 4 tid 105992
0 1 tid 105992
128 4 tid 105992
365 2 tid 105992
185 tid 105992
Insert  tid 105992
FindTargetPageId rootid 3 tid 105990
target_page_id id: 4 tid 105990
0 1 tid 105990
128 4 tid 105990
365 2 tid 105990
186 tid 105990
Insert  tid 105990
FindTargetPageId rootid 3 tid 105991
target_page_id id: 2 tid 105991
0 1 tid 105991
128 4 tid 105991
365 2 tid 105991
128 tid 105991
Remove  tid 105991
FindTargetPageId rootid 3 tid 105992
target_page_id id: 4 tid 105992
0 1 tid 105992
128 4 tid 105992
365 2 tid 105992
186 tid 105992
Insert  tid 105992
FindTargetPageId rootid 3 tid 105992
target_page_id id: 4 tid 105992
0 1 tid 105992
128 4 tid 105992
365 2 tid 105992
187 tid 105992
Insert  tid 105992
FindTargetPageId rootid 3 tid 105990
target_page_id id: 4 tid 105990
0 1 tid 105990
128 4 tid 105990
365 2 tid 105990
188 tid 105990
Insert  tid 105990
FindTargetPageId rootid 3 tid 105991
target_page_id id: 2 tid 105991
0 1 tid 105991
128 4 tid 105991
365 2 tid 105991
128 tid 105991
Remove  tid 105991
FindTargetPageId rootid 3 tid 105992
target_page_id id: 4 tid 105992
0 1 tid 105992
128 4 tid 105992
365 2 tid 105992
188 tid 105992
Insert  tid 105992
FindTargetPageId rootid 3 tid 105992
target_page_id id: 4 tid 105992
0 1 tid 105992
128 4 tid 105992
365 2 tid 105992
189 tid 105992
Insert  tid 105992
FindTargetPageId rootid 3 tid 105992
target_page_id id: 4 tid 105992
0 1 tid 105992
128 4 tid 105992
365 2 tid 105992
190 tid 105992
Insert  tid 105992
FindTargetPageId rootid 3 tid 105990
target_page_id id: 4 tid 105990
0 1 tid 105990
128 4 tid 105990
365 2 tid 105990
191 tid 105990
Insert  tid 105990
FindTargetPageId rootid 3 tid 105990
target_page_id id: 4 tid 105990
0 1 tid 105990
128 4 tid 105990
365 2 tid 105990
191 tid 105990
Insert  tid 105990
FindTargetPageId rootid 3 tid 105990
target_page_id id: 4 tid 105990
0 1 tid 105990
128 4 tid 105990
365 2 tid 105990
191 tid 105990
Insert  tid 105990
FindTargetPageId rootid 3 tid 105990
target_page_id id: 4 tid 105990
0 1 tid 105990
128 4 tid 105990
365 2 tid 105990
191 tid 105990
Insert  tid 105990
FindTargetPageId rootid 3 tid 105990
target_page_id id: 4 tid 105990
0 1 tid 105990
128 4 tid 105990
365 2 tid 105990
191 tid 105990
Insert  tid 105990
FindTargetPageId rootid 3 tid 105990
target_page_id id: 4 tid 105990
0 1 tid 105990
128 4 tid 105990
365 2 tid 105990
191 tid 105990
Insert  tid 105990
FindTargetPageId rootid 3 tid 105990
target_page_id id: 4 tid 105990
0 1 tid 105990
128 4 tid 105990
365 2 tid 105990
191 tid 105990
Insert  tid 105990
FindTargetPageId rootid 3 tid 105990
target_page_id id: 4 tid 105990
0 1 tid 105990
128 4 tid 105990
365 2 tid 105990
191 tid 105990
Insert  tid 105990
FindTargetPageId rootid 3 tid 105990
target_page_id id: 4 tid 105990
0 1 tid 105990
128 4 tid 105990
365 2 tid 105990
191 tid 105990
Insert  tid 105990
FindTargetPageId rootid 3 tid 105990
target_page_id id: 4 tid 105990
0 1 tid 105990
128 4 tid 105990
365 2 tid 105990
191 tid 105990
Insert  tid 105990
FindTargetPageId rootid 3 tid 105990
target_page_id id: 4 tid 105990
0 1 tid 105990
128 4 tid 105990
365 2 tid 105990
191 tid 105990
Insert  tid 105990
FindTargetPageId rootid 3 tid 105991
target_page_id id: 2 tid 105991
0 1 tid 105991
128 4 tid 105991
365 2 tid 105991
128 tid 105991
Remove  tid 105991
FindTargetPageId rootid 3 tid 105992
target_page_id id: 4 tid 105992
0 1 tid 105992
128 4 tid 105992
365 2 tid 105992
191 tid 105992
Insert  tid 105992
FindTargetPageId rootid 3 tid 105990
target_page_id id: 4 tid 105990
0 1 tid 105990
128 4 tid 105990
365 2 tid 105990
192 tid 105990
Insert  tid 105990
FindTargetPageId rootid 3 tid 105991
target_page_id id: 2 tid 105991
0 1 tid 105991
128 4 tid 105991
365 2 tid 105991
128 tid 105991
FindTargetPageId rootid 3 tid Remove  tid 105992
target_page_id id: 4 tid 105992
0 1 tid 105992
128 4 tid 105992
365 2 tid 105992
192 tid 105992
Insert  tid 105992
FindTargetPageId rootid 3 tid 105990
105991
target_page_id id: 4 tid 105990
0 1 tid 105990
128 4 tid 105990
365 2 tid 105990
193 tid 105990
Insert  tid 105990
FindTargetPageId rootid 3 tid 105992
target_page_id id: 4 tid 105992
0 1 tid 105992
128 4 tid 105992
365 2 tid 105992
193 tid 105992
Insert  tid 105992
FindTargetPageId rootid 3 tid 105992
target_page_id id: 4 tid 105992
0 1 tid 105992
128 4 tid 105992
365 2 tid 105992
194 tid 105992
Insert  tid 105992
FindTargetPageId rootid 3 tid 105992
target_page_id id: 2 tid 105992
0 1 tid 105992
128 4 tid 105992
365 2 tid 105992
128 tid 105992
Insert  tid 105992
FindTargetPageId rootid 3 tid 105992
target_page_id id: 2 tid 105992
0 1 tid 105992
128 4 tid 105992
365 2 tid 105992
129 tid 105992
Insert  tid 105992
FindTargetPageId rootid 3 tid 105992
target_page_id id: 2 tid 105992
0 1 tid 105992
128 4 tid 105992
365 2 tid 105992
130 tid 105992
Insert  tid 105992
FindTargetPageId rootid 3 tid 105992
target_page_id id: 2 tid 105992
0 1 tid 105992
128 4 tid 105992
365 2 tid 105992
131 tid 105992
Insert  tid 105992
FindTargetPageId rootid 3 tid 105990
target_page_id id: 4 tid 105990
0 1 tid 105990
128 4 tid 105990
365 2 tid 105990
195 tid 105990
Insert  tid 105990
FindTargetPageId rootid 3 tid 105990
target_page_id id: 4 tid 105990
0 1 tid 105990
128 4 tid 105990
365 2 tid 105990
195 tid 105990
Insert  tid 105990
FindTargetPageId rootid 3 tid 105991
target_page_id id: 2 tid 105991
0 1 tid 105991
128 4 tid 105991
365 2 tid 105991
132 tid 105991
Remove  tid 105991
FindTargetPageId rootid 3 tid 105991
target_page_id id: 2 tid 105991
0 1 tid 105991
128 4 tid 105991
365 2 tid 105991
132 tid 105991
Remove  tid 105991
FindTargetPageId rootid 3 tid 105991
target_page_id id: 2 tid 105991
0 1 tid 105991
128 4 tid 105991
365 2 tid 105991
132 tid 105991
Remove  tid 105991
FindTargetPageId rootid 3 tid 105991
target_page_id id: 2 tid 105991
0 1 tid 105991
128 4 tid 105991
365 2 tid 105991
132 tid 105991
Remove  tid 105991
FindTargetPageId rootid 3 tid 105991
target_page_id id: 2 tid 105991
0 1 tid 105991
128 4 tid 105991
365 2 tid 105991
132 tid 105991
Remove  tid 105991
FindTargetPageId rootid 3 tid 105991
target_page_id id: 2 tid 105991
0 1 tid 105991
128 4 tid 105991
365 2 tid 105991
132 tid 105991
Remove  tid 105991
FindTargetPageId rootid 3 tid 105991
target_page_id id: 2 tid 105991
0 1 tid 105991
128 4 tid 105991
365 2 tid 105991
132 tid 105991
Remove  tid 105991
FindTargetPageId rootid 3 tid 105991
target_page_id id: 2 tid 105991
0 1 tid 105991
128 4 tid 105991
365 2 tid 105991
132 tid 105991
Remove  tid 105991
FindTargetPageId rootid 3 tid 105991
target_page_id id: 2 tid 105991
0 1 tid 105991
128 4 tid 105991
365 2 tid 105991
132 tid 105991
Remove  tid 105991
FindTargetPageId rootid 3 tid 105991
target_page_id id: 2 tid 105991
0 1 tid 105991
128 4 tid 105991
365 2 tid 105991
132 tid 105991
Remove  tid 105991
FindTargetPageId rootid 3 tid 105991
target_page_id id: 2 tid 105991
0 1 tid 105991
128 4 tid 105991
365 2 tid 105991
132 tid 105991
Remove  tid 105991
FindTargetPageId rootid 3 tid 105991
target_page_id id: 2 tid 105991
0 1 tid 105991
128 4 tid 105991
365 2 tid 105991
132 tid 105991
Remove  tid 105991
FindTargetPageId rootid 3 tid 105991
target_page_id id: 2 tid 105991
0 1 tid 105991
128 4 tid 105991
365 2 tid 105991
132 tid 105991
Remove  tid 105991
FindTargetPageId rootid 3 tid 105991
target_page_id id: 2 tid 105991
0 1 tid 105991
128 4 tid 105991
365 2 tid 105991
132 tid 105991
Remove  tid 105991
FindTargetPageId rootid 3 tid 105991
target_page_id id: 2 tid 105991
0 1 tid 105991
128 4 tid 105991
365 2 tid 105991
132 tid 105991
Remove  tid 105991
FindTargetPageId rootid 3 tid 105991
target_page_id id: 2 tid 105991
0 1 tid 105991
128 4 tid 105991
365 2 tid 105991
132 tid 105991
Remove  tid 105991
FindTargetPageId rootid 3 tid 105992
target_page_id id: 2 tid 105992
0 1 tid 105992
128 4 tid 105992
365 2 tid 105992
132 tid 105992
Insert  tid 105992
FindTargetPageId rootid 3 tid 105992
target_page_id id: 2 tid 105992
0 1 tid 105992
128 4 tid 105992
365 2 tid 105992
133 tid 105992
Insert  tid 105992
FindTargetPageId rootid 3 tid 105992
target_page_id id: 2 tid 105992
0 1 tid 105992
128 4 tid 105992
365 2 tid 105992
134 tid 105992
Insert  tid 105992
FindTargetPageId rootid 3 tid 105992
target_page_id id: 2 tid 105992
0 1 tid 105992
128 4 tid 105992
365 2 tid 105992
135 tid 105992
Insert  tid 105992
FindTargetPageId rootid 3 tid 105992
target_page_id id: 2 tid 105992
0 1 tid 105992
128 4 tid 105992
365 2 tid 105992
136 tid 105992
Insert  tid 105992
FindTargetPageId rootid 3 tid 105991
target_page_id id: 2 tid 105991
0 1 tid 105991
128 4 tid 105991
365 2 tid 105991
137 tid 105991
Remove  tid 105991
FindTargetPageId rootid 3 tid 105991
target_page_id id: 2 tid 105991
0 1 tid 105991
128 4 tid 105991
365 2 tid 105991
137 tid 105991
Remove  tid 105991
FindTargetPageId rootid 3 tid 105991
target_page_id id: 2 tid 105991
0 1 tid 105991
128 4 tid 105991
365 2 tid 105991
137 tid 105991
Remove  tid 105991
FindTargetPageId rootid 3 tid 105991
target_page_id id: 2 tid 105991
0 1 tid 105991
128 4 tid 105991
365 2 tid 105991
137 tid 105991
Remove  tid 105991
FindTargetPageId rootid 3 tid 105991
target_page_id id: 2 tid 105991
0 1 tid 105991
128 4 tid 105991
365 2 tid 105991
137 tid 105991
Remove  tid 105991
FindTargetPageId rootid 3 tid 105991
target_page_id id: 2 tid 105991
0 1 tid 105991
128 4 tid 105991
365 2 tid 105991
137 tid 105991
Remove  tid 105991
FindTargetPageId rootid 3 tid 105991
target_page_id id: 2 tid 105991
0 1 tid 105991
128 4 tid 105991
365 2 tid 105991
137 tid 105991
Remove  tid 105991
FindTargetPageId rootid 3 tid 105991
target_page_id id: 2 tid 105991
0 1 tid 105991
128 4 tid 105991
365 2 tid 105991
137 tid 105991
Remove  tid 105991
FindTargetPageId rootid 3 tid 105991
target_page_id id: 2 tid 105991
0 1 tid 105991
128 4 tid 105991
365 2 tid 105991
137 tid 105991
Remove  tid 105991
FindTargetPageId rootid 3 tid 105990
target_page_id id: 4 tid 105990
0 1 tid 105990
128 4 tid 105990
365 2 tid 105990
195 tid 105990
Insert  tid 105990
FindTargetPageId rootid 3 tid 105990
target_page_id id: 4 tid 105990
0 1 tid 105990
128 4 tid 105990
365 2 tid 105990
195 tid 105990
Insert  tid 105990
FindTargetPageId rootid 3 tid 105990
target_page_id id: 4 tid 105990
0 1 tid 105990
128 4 tid 105990
365 2 tid 105990
195 tid 105990
Insert  tid 105990
FindTargetPageId rootid 3 tid 105991
target_page_id id: 2 tid 105991
0 1 tid 105991
128 4 tid 105991
365 2 tid 105991
137 tid 105991
Remove  tid 105991
FindTargetPageId rootid 3 tid 105991
target_page_id id: 2 tid 105991
0 1 tid 105991
128 4 tid 105991
365 2 tid 105991
137 tid 105991
Remove  tid 105991
FindTargetPageId rootid 3 tid 105991
target_page_id id: 2 tid 105991
0 1 tid 105991
128 4 tid 105991
365 2 tid 105991
137 tid 105991
Remove  tid 105991
FindTargetPageId rootid 3 tid 105992
target_page_id id: 2 tid 105992
0 1 tid 105992
128 4 tid 105992
365 2 tid 105992
137 tid 105992
Insert  tid 105992
FindTargetPageId rootid 3 tid 105990
target_page_id id: 4 tid 105990
0 1 tid 105990
128 4 tid 105990
365 2 tid 105990
195 tid 105990
Insert  tid 105990
FindTargetPageId rootid 3 tid 105990
target_page_id id: 4 tid 105990
0 1 tid 105990
128 4 tid 105990
365 2 tid 105990
195 tid 105990
Insert  tid 105990
FindTargetPageId rootid 3 tid 105990
target_page_id id: 4 tid 105990
0 1 tid 105990
128 4 tid 105990
365 2 tid 105990
195 tid 105990
Insert  tid 105990
FindTargetPageId rootid 3 tid 105990
target_page_id id: 4 tid 105990
0 1 tid 105990
128 4 tid 105990
365 2 tid 105990
195 tid 105990
Insert  tid 105990
FindTargetPageId rootid 3 tid 105990
target_page_id id: 4 tid 105990
0 1 tid 105990
128 4 tid 105990
365 2 tid 105990
195 tid 105990
Insert  tid 105990
FindTargetPageId rootid 3 tid 105990
target_page_id id: 4 tid 105990
0 1 tid 105990
128 4 tid 105990
365 2 tid 105990
195 tid 105990
Insert  tid 105990
FindTargetPageId rootid 3 tid 105990
target_page_id id: 4 tid 105990
0 1 tid 105990
128 4 tid 105990
365 2 tid 105990
195 tid 105990
Insert  tid 105990
FindTargetPageId rootid 3 tid 105990
target_page_id id: 4 tid 105990
0 1 tid 105990
128 4 tid 105990
365 2 tid 105990
195 tid 105990
Insert  tid 105990
FindTargetPageId rootid 3 tid 105990
target_page_id id: 4 tid 105990
0 1 tid 105990
128 4 tid 105990
365 2 tid 105990
195 tid 105990
Insert  tid 105990
FindTargetPageId rootid 3 tid 105990
target_page_id id: 4 tid 105990
0 1 tid 105990
128 4 tid 105990
365 2 tid 105990
195 tid 105990
Insert  tid 105990
FindTargetPageId rootid 3 tid 105990
target_page_id id: 4 tid 105990
0 1 tid 105990
128 4 tid 105990
365 2 tid 105990
195 tid 105990
Insert  tid 105990
FindTargetPageId rootid 3 tid 105990
target_page_id id: 4 tid 105990
0 1 tid 105990
128 4 tid 105990
365 2 tid 105990
195 tid 105990
Insert  tid 105990
FindTargetPageId rootid 3 tid 105990
target_page_id id: 4 tid 105990
0 1 tid 105990
128 4 tid 105990
365 2 tid 105990
195 tid 105990
Insert  tid 105990
FindTargetPageId rootid 3 tid 105990
target_page_id id: 4 tid 105990
0 1 tid 105990
128 4 tid 105990
365 2 tid 105990
195 tid 105990
Insert  tid 105990
FindTargetPageId rootid 3 tid 105990
target_page_id id: 4 tid 105990
0 1 tid 105990
128 4 tid 105990
365 2 tid 105990
195 tid 105990
Insert  tid 105990
FindTargetPageId rootid 3 tid 105990
target_page_id id: 4 tid 105990
0 1 tid 105990
128 4 tid 105990
365 2 tid 105990
195 tid 105990
Insert  tid 105990
FindTargetPageId rootid 3 tid 105990
target_page_id id: 4 tid 105990
0 1 tid 105990
128 4 tid 105990
365 2 tid 105990
195 tid 105990
Insert  tid 105990
FindTargetPageId rootid 3 tid 105990
target_page_id id: 4 tid 105990
0 1 tid 105990
128 4 tid 105990
365 2 tid 105990
195 tid 105990
Insert  tid 105990
FindTargetPageId rootid 3 tid 105990
target_page_id id: 4 tid 105990
0 1 tid 105990
128 4 tid 105990
365 2 tid 105990
195 tid 105990
Insert  tid 105990
FindTargetPageId rootid 3 tid 105990
target_page_id id: 4 tid 105990
0 1 tid 105990
128 4 tid 105990
365 2 tid 105990
195 tid 105990
Insert  tid 105990
FindTargetPageId rootid 3 tid 105990
target_page_id id: 4 tid 105990
0 1 tid 105990
128 4 tid 105990
365 2 tid 105990
195 tid 105990
Insert  tid 105990
FindTargetPageId rootid 3 tid 105990
target_page_id id: 2 tid 105990
0 1 tid 105990
128 4 tid 105990
365 2 tid 105990
138 tid 105990
Insert  tid 105990
FindTargetPageId rootid 3 tid 105991
target_page_id id: 2 tid 105991
0 1 tid 105991
128 4 tid 105991
365 2 tid 105991
138 tid 105991
Remove  tid 105991
FindTargetPageId rootid 3 tid 105992
target_page_id id: 2 tid 105992
0 1 tid 105992
128 4 tid 105992
365 2 tid 105992
138 tid 105992
Insert  tid 105992
FindTargetPageId rootid 3 tid 105990
target_page_id id: 2 tid 105990
0 1 tid 105990
128 4 tid 105990
365 2 tid 105990
139 tid 105990
Insert  tid 105990
FindTargetPageId rootid 3 tid 105991
target_page_id id: 2 tid 105991
0 1 tid 105991
128 4 tid 105991
365 2 tid 105991
139 tid 105991
Remove  tid 105991
FindTargetPageId rootid 3 tid 105991
target_page_id id: 2 tid 105991
0 1 tid 105991
128 4 tid 105991
365 2 tid 105991
139 tid 105991
Remove  tid 105991
FindTargetPageId rootid 3 tid 105991
target_page_id id: 2 tid 105991
0 1 tid 105991
128 4 tid 105991
365 2 tid 105991
139 tid 105991
FindTargetPageId rootid 3 tid 105990
Remove  tid 105991
target_page_id id: 2 tid 105990
0 1 tid 105990
128 4 tid 105990
365 2 tid 105990
139 tid 105990
Insert  tid 105990
FindTargetPageId rootid 3 tid 105992
target_page_id id: 2 tid 105992
0 1 tid 105992
128 4 tid 105992
365 2 tid 105992
139 tid 105992
Insert  tid 105992
FindTargetPageId rootid 3 tid 105992
target_page_id id: 2 tid 105992
0 1 tid 105992
128 4 tid 105992
365 2 tid 105992
140 tid 105992
Insert  tid 105992
FindTargetPageId rootid 3 tid 105990
target_page_id id: 2 tid 105990
0 1 tid 105990
128 4 tid 105990
365 2 tid 105990
141 tid 105990
Insert  tid 105990
FindTargetPageId rootid 3 tid 105991
target_page_id id: 2 tid 105991
0 1 tid 105991
128 4 tid 105991
365 2 tid 105991
141 tid 105991
Remove  tid 105991
FindTargetPageId rootid 3 tid 105992
target_page_id id: 2 tid 105992
0 1 tid 105992
128 4 tid 105992
365 2 tid 105992
141 tid 105992
Insert  tid 105992
FindTargetPageId rootid 3 tid 105990
target_page_id id: 2 tid 105990
0 1 tid 105990
128 4 tid 105990
365 2 tid 105990
142 tid 105990
Insert  tid 105990
FindTargetPageId rootid 3 tid 105990
target_page_id id: 2 tid 105990
0 1 tid 105990
128 4 tid 105990
365 2 tid 105990
142 tid 105990
Insert  tid 105990
FindTargetPageId rootid 3 tid 105990
target_page_id id: 2 tid 105990
0 1 tid 105990
128 4 tid 105990
365 2 tid 105990
142 tid 105990
Insert  tid 105990
FindTargetPageId rootid 3 tid 105990
target_page_id id: 2 tid 105990
0 1 tid 105990
128 4 tid 105990
365 2 tid 105990
142 tid 105990
Insert  tid 105990
FindTargetPageId rootid 3 tid 105990
target_page_id id: 2 tid 105990
0 1 tid 105990
128 4 tid 105990
365 2 tid 105990
142 tid 105990
Insert  tid 105990
FindTargetPageId rootid 3 tid 105992
target_page_id id: 2 tid 105992
0 1 tid 105992
128 4 tid 105992
365 2 tid 105992
142 tid 105992
Insert  tid 105992
FindTargetPageId rootid 3 tid 105991
target_page_id id: 2 tid 105991
0 1 tid 105991
128 4 tid 105991
365 2 tid 105991
143 tid 105991
Remove  tid 105991
FindTargetPageId rootid 3 tid 105991
target_page_id id: 2 tid 105991
0 1 tid 105991
128 4 tid 105991
365 2 tid 105991
143 tid 105991
Remove  tid 105991
FindTargetPageId rootid 3 tid 105991
target_page_id id: 2 tid 105991
0 1 tid 105991
128 4 tid 105991
365 2 tid 105991
143 tid 105991
Remove  tid 105991
FindTargetPageId rootid 3 tid 105991
target_page_id id: 2 tid 105991
0 1 tid 105991
128 4 tid 105991
365 2 tid 105991
143 tid 105991
Remove  tid 105991
FindTargetPageId rootid 3 tid 105992
target_page_id id: 2 tid 105992
0 1 tid 105992
128 4 tid 105992
365 2 tid 105992
143 tid 105992
Insert  tid 105992
FindTargetPageId rootid 3 tid 105990
target_page_id id: 2 tid 105990
0 1 tid 105990
128 4 tid 105990
365 2 tid 105990
144 tid 105990
Insert  tid 105990
FindTargetPageId rootid 3 tid 105990
target_page_id id: 2 tid 105990
0 1 tid 105990
128 4 tid 105990
365 2 tid 105990
144 tid 105990
Insert  tid 105990
FindTargetPageId rootid 3 tid 105990
target_page_id id: 2 tid 105990
0 1 tid 105990
128 4 tid 105990
365 2 tid 105990
144 tid 105990
Insert  tid 105990
FindTargetPageId rootid 3 tid 105992
target_page_id id: 2 tid 105992
0 1 tid 105992
128 4 tid 105992
365 2 tid 105992
144 tid 105992
Insert  tid 105992
FindTargetPageId rootid 3 tid 105992
target_page_id id: 2 tid 105992
0 1 tid 105992
128 4 tid 105992
365 2 tid 105992
145 tid 105992
Insert  tid 105992
FindTargetPageId rootid 3 tid 105992
target_page_id id: 2 tid 105992
0 1 tid 105992
128 4 tid 105992
365 2 tid 105992
146 tid 105992
Insert  tid 105992
FindTargetPageId rootid 3 tid 105992
target_page_id id: 2 tid 105992
0 1 tid 105992
128 4 tid 105992
365 2 tid 105992
147 tid 105992
Insert  tid 105992
FindTargetPageId rootid 3 tid 105992
target_page_id id: 2 tid 105992
0 1 tid 105992
128 4 tid 105992
365 2 tid 105992
148 tid 105992
Insert  tid 105992
FindTargetPageId rootid 3 tid 105992
target_page_id id: 2 tid 105992
0 1 tid 105992
128 4 tid 105992
365 2 tid 105992
149 tid 105992
Insert  tid 105992
FindTargetPageId rootid 3 tid 105992
target_page_id id: 2 tid 105992
0 1 tid 105992
128 4 tid 105992
365 2 tid 105992
150 tid 105992
Insert  tid 105992
FindTargetPageId rootid 3 tid 105992
target_page_id id: 2 tid 105992
0 1 tid 105992
128 4 tid 105992
365 2 tid 105992
151 tid 105992
Insert  tid 105992
FindTargetPageId rootid 3 tid 105992
target_page_id id: 2 tid 105992
0 1 tid 105992
128 4 tid 105992
365 2 tid 105992
152 tid 105992
Insert  tid 105992
FindTargetPageId rootid 3 tid 105992
target_page_id id: 2 tid 105992
0 1 tid 105992
128 4 tid 105992
365 2 tid 105992
153 tid 105992
Insert  tid 105992
FindTargetPageId rootid 3 tid 105992
target_page_id id: 2 tid 105992
0 1 tid 105992
128 4 tid 105992
365 2 tid 105992
154 tid 105992
Insert  tid 105992
FindTargetPageId rootid 3 tid 105992
target_page_id id: 2 tid 105992
0 1 tid 105992
128 4 tid 105992
365 2 tid 105992
155 tid 105992
Insert  tid 105992
FindTargetPageId rootid 3 tid 105992
target_page_id id: 2 tid 105992
0 1 tid 105992
128 4 tid 105992
365 2 tid 105992
156 tid 105992
Insert  tid 105992
FindTargetPageId rootid 3 tid 105992
target_page_id id: 2 tid 105992
0 1 tid 105992
128 4 tid 105992
365 2 tid 105992
157 tid 105992
Insert  tid 105992
FindTargetPageId rootid 3 tid 105992
target_page_id id: 2 tid 105992
0 1 tid 105992
128 4 tid 105992
365 2 tid 105992
158 tid 105992
Insert  tid 105992
FindTargetPageId rootid 3 tid 105992
target_page_id id: 2 tid 105992
0 1 tid 105992
128 4 tid 105992
365 2 tid 105992
159 tid 105992
Insert  tid 105992
FindTargetPageId rootid 3 tid 105992
target_page_id id: 2 tid 105992
0 1 tid 105992
128 4 tid 105992
365 2 tid 105992
160 tid 105992
Insert  tid 105992
FindTargetPageId rootid 3 tid 105992
target_page_id id: 2 tid 105992
0 1 tid 105992
128 4 tid 105992
365 2 tid 105992
161 tid 105992
Insert  tid 105992
FindTargetPageId rootid 3 tid 105992
target_page_id id: 2 tid 105992
0 1 tid 105992
128 4 tid 105992
365 2 tid 105992
162 tid 105992
Insert  tid 105992
FindTargetPageId rootid 3 tid 105990
target_page_id id: 2 tid 105990
0 1 tid 105990
128 4 tid 105990
365 2 tid 105990
163 tid 105990
Insert  tid 105990
FindTargetPageId rootid 3 tid 105992
target_page_id id: 2 tid 105992
0 1 tid 105992
128 4 tid 105992
365 2 tid 105992
163 tid 105992
Insert  tid 105992
FindTargetPageId rootid 3 tid 105992
target_page_id id: 2 tid 105992
0 1 tid 105992
128 4 tid 105992
365 2 tid 105992
164 tid 105992
Insert  tid 105992
FindTargetPageId rootid 3 tid 105990
target_page_id id: 2 tid 105990
0 1 tid 105990
128 4 tid 105990
365 2 tid 105990
165 tid 105990
Insert  tid 105990
FindTargetPageId rootid 3 tid 105991
target_page_id id: 2 tid 105991
0 1 tid 105991
128 4 tid 105991
365 2 tid 105991
165 tid 105991
Remove  tid 105991
FindTargetPageId rootid 3 tid 105992
target_page_id id: 2 tid 105992
0 1 tid 105992
128 4 tid 105992
365 2 tid 105992
165 tid 105992
Insert  tid 105992
FindTargetPageId rootid 3 tid 105990
target_page_id id: 2 tid 105990
0 1 tid 105990
128 4 tid 105990
365 2 tid 105990
166 tid 105990
Insert  tid 105990
FindTargetPageId rootid 3 tid 105991
target_page_id id: 2 tid 105991
0 1 tid 105991
128 4 tid 105991
365 2 tid 105991
166 tid 105991
Remove  tid 105991
FindTargetPageId rootid 3 tid 105992
target_page_id id: 2 tid 105992
0 1 tid 105992
128 4 tid 105992
365 2 tid 105992
166 tid 105992
Insert  tid 105992
FindTargetPageId rootid 3 tid 105990
target_page_id id: 2 tid 105990
0 1 tid 105990
128 4 tid 105990
365 2 tid 105990
167 tid 105990
Insert  tid 105990
FindTargetPageId rootid 3 tid 105990
target_page_id id: 2 tid 105990
0 1 tid 105990
128 4 tid 105990
365 2 tid 105990
167 tid 105990
Insert  tid 105990
FindTargetPageId rootid 3 tid 105990
target_page_id id: 2 tid 105990
0 1 tid 105990
128 4 tid 105990
365 2 tid 105990
167 tid 105990
Insert  tid 105990
FindTargetPageId rootid 3 tid 105990
target_page_id id: 2 tid 105990
0 1 tid 105990
128 4 tid 105990
365 2 tid 105990
167 tid 105990
Insert  tid 105990
FindTargetPageId rootid 3 tid 105990
target_page_id id: 2 tid 105990
0 1 tid 105990
128 4 tid 105990
365 2 tid 105990
167 tid 105990
Insert  tid 105990
FindTargetPageId rootid 3 tid 105992
target_page_id id: 2 tid 105992
0 1 tid 105992
128 4 tid 105992
365 2 tid 105992
167 tid 105992
Insert  tid 105992
FindTargetPageId rootid 3 tid 105992
target_page_id id: 2 tid 105992
0 1 tid 105992
128 4 tid 105992
365 2 tid 105992
168 tid 105992
Insert  tid 105992
FindTargetPageId rootid 3 tid 105992
target_page_id id: 2 tid 105992
0 1 tid 105992
128 4 tid 105992
365 2 tid 105992
169 tid 105992
Insert  tid 105992
FindTargetPageId rootid 3 tid 105992
target_page_id id: 2 tid 105992
0 1 tid 105992
128 4 tid 105992
365 2 tid 105992
170 tid 105992
Insert  tid 105992
FindTargetPageId rootid 3 tid 105992
target_page_id id: 2 tid 105992
0 1 tid 105992
128 4 tid 105992
365 2 tid 105992
171 tid 105992
Insert  tid 105992
FindTargetPageId rootid 3 tid 105992
target_page_id id: 2 tid 105992
0 1 tid 105992
128 4 tid 105992
365 2 tid 105992
172 tid 105992
Insert  tid 105992
FindTargetPageId rootid 3 tid 105992
target_page_id id: 2 tid 105992
0 1 tid 105992
128 4 tid 105992
365 2 tid 105992
173 tid 105992
Insert  tid 105992
FindTargetPageId rootid 3 tid 105992
target_page_id id: 2 tid 105992
0 1 tid 105992
128 4 tid 105992
365 2 tid 105992
174 tid 105992
Insert  tid 105992
FindTargetPageId rootid 3 tid 105992
target_page_id id: 2 tid 105992
0 1 tid 105992
128 4 tid 105992
365 2 tid 105992
175 tid 105992
Insert  tid 105992
FindTargetPageId rootid 3 tid 105992
target_page_id id: 2 tid 105992
0 1 tid 105992
128 4 tid 105992
365 2 tid 105992
176 tid 105992
Insert  tid 105992
FindTargetPageId rootid 3 tid 105990
target_page_id id: 2 tid 105990
0 1 tid 105990
128 4 tid 105990
365 2 tid 105990
177 tid 105990
Insert  tid 105990
FindTargetPageId rootid 3 tid 105991
target_page_id id: 2 tid 105991
0 1 tid 105991
128 4 tid 105991
365 2 tid 105991
177 tid 105991
Remove  tid 105991
FindTargetPageId rootid 3 tid 105991
target_page_id id: 2 tid 105991
0 1 tid 105991
128 4 tid 105991
365 2 tid 105991
177 tid 105991
Remove  tid 105991
FindTargetPageId rootid 3 tid 105990
target_page_id id: 2 tid 105990
0 1 tid 105990
128 4 tid 105990
365 2 tid 105990
177 tid 105990
Insert  tid 105990
FindTargetPageId rootid 3 tid 105992
target_page_id id: 2 tid 105992
0 1 tid 105992
128 4 tid 105992
365 2 tid 105992
177 tid 105992
Insert  tid 105992
FindTargetPageId rootid 3 tid 105991
target_page_id id: 2 tid 105991
0 1 tid 105991
128 4 tid 105991
365 2 tid 105991
178 tid 105991
Remove  tid 105991
FindTargetPageId rootid 3 tid 105990
target_page_id id: 2 tid 105990
0 1 tid 105990
128 4 tid 105990
365 2 tid 105990
178 tid 105990
Insert  tid 105990
FindTargetPageId rootid 3 tid 105992
target_page_id id: 2 tid 105992
0 1 tid 105992
128 4 tid 105992
365 2 tid 105992
178 tid 105992
Insert  tid 105992
FindTargetPageId rootid 3 tid 105992
target_page_id id: 2 tid 105992
0 1 tid 105992
128 4 tid 105992
365 2 tid 105992
179 tid 105992
Insert  tid 105992
FindTargetPageId rootid 3 tid 105990
target_page_id id: 2 tid 105990
0 1 tid 105990
128 4 tid 105990
365 2 tid 105990
180 tid 105990
Insert  tid 105990
FindTargetPageId rootid 3 tid 105991
target_page_id id: 2 tid 105991
0 1 tid 105991
128 4 tid 105991
365 2 tid 105991
180 tid 105991
Remove  tid 105991
FindTargetPageId rootid 3 tid 105992
target_page_id id: 2 tid 105992
0 1 tid 105992
128 4 tid 105992
365 2 tid 105992
180 tid 105992
Insert  tid 105992
FindTargetPageId rootid 3 tid 105992
target_page_id id: 2 tid 105992
0 1 tid 105992
128 4 tid 105992
365 2 tid 105992
181 tid 105992
Insert  tid 105992
FindTargetPageId rootid 3 tid 105992
target_page_id id: 2 tid 105992
0 1 tid 105992
128 4 tid 105992
365 2 tid 105992
182 tid 105992
Insert  tid 105992
FindTargetPageId rootid 3 tid 105992
target_page_id id: 2 tid 105992
0 1 tid 105992
128 4 tid 105992
365 2 tid 105992
183 tid 105992
Insert  tid 105992
FindTargetPageId rootid 3 tid 105991
target_page_id id: 2 tid 105991
0 1 tid 105991
128 4 tid 105991
365 2 tid 105991
184 tid 105991
Remove  tid 105991
FindTargetPageId rootid 3 tid 105991
target_page_id id: 2 tid 105991
0 1 tid 105991
128 4 tid 105991
365 2 tid 105991
184 tid 105991
Remove  tid 105991
FindTargetPageId rootid 3 tid 105991
target_page_id id: 2 tid 105991
0 1 tid 105991
128 4 tid 105991
365 2 tid 105991
184 tid 105991
Remove  tid 105991
FindTargetPageId rootid 3 tid 105991
target_page_id id: 2 tid 105991
0 1 tid 105991
128 4 tid 105991
365 2 tid 105991
184 tid 105991
Remove  tid 105991
FindTargetPageId rootid 3 tid 105991
target_page_id id: 2 tid 105991
0 1 tid 105991
128 4 tid 105991
365 2 tid 105991
184 tid 105991
Remove  tid 105991
FindTargetPageId rootid 3 tid 105991
target_page_id id: 2 tid 105991
0 1 tid 105991
128 4 tid 105991
365 2 tid 105991
184 tid 105991
Remove  tid 105991
FindTargetPageId rootid 3 tid 105991
target_page_id id: 2 tid 105991
0 1 tid 105991
128 4 tid 105991
365 2 tid 105991
184 tid 105991
Remove  tid 105991
FindTargetPageId rootid 3 tid 105991
target_page_id id: 2 tid 105991
0 1 tid 105991
128 4 tid 105991
365 2 tid 105991
184 tid 105991
Remove  tid 105991
FindTargetPageId rootid 3 tid 105991
target_page_id id: 2 tid 105991
0 1 tid 105991
128 4 tid 105991
365 2 tid 105991
184 tid 105991
Remove  tid 105991
FindTargetPageId rootid 3 tid 105991
target_page_id id: 2 tid 105991
0 1 tid 105991
128 4 tid 105991
365 2 tid 105991
184 tid 105991
Remove  tid 105991
FindTargetPageId rootid 3 tid 105990
target_page_id id: 2 tid 105990
0 1 tid 105990
128 4 tid 105990
365 2 tid 105990
184 tid 105990
Insert  tid 105990
FindTargetPageId rootid 3 tid 105990
target_page_id id: 2 tid 105990
0 1 tid 105990
128 4 tid 105990
365 2 tid 105990
184 tid 105990
Insert  tid 105990
FindTargetPageId rootid 3 tid 105992
target_page_id id: 2 tid 105992
0 1 tid 105992
128 4 tid 105992
365 2 tid 105992
184 tid 105992
Insert  tid 105992
FindTargetPageId rootid 3 tid 105991
target_page_id id: 2 tid 105991
0 1 tid 105991
128 4 tid 105991
365 2 tid 105991
185 tid 105991
Remove  tid 105991
FindTargetPageId rootid 3 tid 105990
target_page_id id: 2 tid 105990
0 1 tid 105990
128 4 tid 105990
365 2 tid 105990
185 tid 105990
Insert  tid 105990
FindTargetPageId rootid 3 tid 105990
target_page_id id: 2 tid 105990
0 1 tid 105990
128 4 tid 105990
365 2 tid 105990
185 tid 105990
Insert  tid 105990
FindTargetPageId rootid 3 tid 105990
target_page_id id: 2 tid 105990
0 1 tid 105990
128 4 tid 105990
365 2 tid 105990
185 tid 105990
Insert  tid 105990
FindTargetPageId rootid 3 tid 105990
target_page_id id: 2 tid 105990
0 1 tid 105990
128 4 tid 105990
365 2 tid 105990
185 tid 105990
Insert  tid 105990
FindTargetPageId rootid 3 tid 105990
target_page_id id: 2 tid 105990
0 1 tid 105990
128 4 tid 105990
365 2 tid 105990
185 tid 105990
Insert  tid 105990
FindTargetPageId rootid 3 tid 105991
target_page_id id: 2 tid 105991
0 1 tid 105991
128 4 tid 105991
365 2 tid 105991
185 tid 105991
Remove  tid 105991
FindTargetPageId rootid 3 tid 105992
target_page_id id: 2 tid 105992
0 1 tid 105992
128 4 tid 105992
365 2 tid 105992
185 tid 105992
Insert  tid 105992
FindTargetPageId rootid 3 tid 105990
target_page_id id: 2 tid 105990
0 1 tid 105990
128 4 tid 105990
365 2 tid 105990
186 tid 105990
Insert  tid 105990
FindTargetPageId rootid 3 tid 105990
target_page_id id: 2 tid 105990
0 1 tid 105990
128 4 tid 105990
365 2 tid 105990
186 tid 105990
Insert  tid 105990
FindTargetPageId rootid 3 tid 105990
target_page_id id: 2 tid 105990
0 1 tid 105990
128 4 tid 105990
365 2 tid 105990
186 tid 105990
Insert  tid 105990
FindTargetPageId rootid 3 tid 105990
target_page_id id: 2 tid 105990
0 1 tid 105990
128 4 tid 105990
365 2 tid 105990
186 tid 105990
Insert  tid 105990
FindTargetPageId rootid 3 tid 105990
target_page_id id: 2 tid 105990
0 1 tid 105990
128 4 tid 105990
365 2 tid 105990
186 tid 105990
Insert  tid 105990
FindTargetPageId rootid 3 tid 105991
target_page_id id: 2 tid 105991
0 1 tid 105991
128 4 tid 105991
365 2 tid 105991
186 tid 105991
Remove  tid 105991
FindTargetPageId rootid 3 tid 105991
target_page_id id: 2 tid 105991
0 1 tid 105991
128 4 tid 105991
365 2 tid 105991
186 tid 105991
Remove  tid 105991
FindTargetPageId rootid 3 tid 105991
target_page_id id: 2 tid 105991
0 1 tid 105991
128 4 tid 105991
365 2 tid 105991
186 tid 105991
Remove  tid 105991
FindTargetPageId rootid 3 tid 105991
target_page_id id: 2 tid 105991
0 1 tid 105991
128 4 tid 105991
365 2 tid 105991
186 tid 105991
Remove  tid 105991
FindTargetPageId rootid 3 tid 105991
target_page_id id: 2 tid 105991
0 1 tid 105991
128 4 tid 105991
365 2 tid 105991
186 tid 105991
Remove  tid 105991
FindTargetPageId rootid 3 tid 105991
target_page_id id: 2 tid 105991
0 1 tid 105991
128 4 tid 105991
365 2 tid 105991
186 tid 105991
Remove  tid 105991
FindTargetPageId rootid 3 tid 105991
target_page_id id: 2 tid 105991
0 1 tid 105991
128 4 tid 105991
365 2 tid 105991
186 tid 105991
Remove  tid 105991
FindTargetPageId rootid 3 tid 105991
target_page_id id: 2 tid 105991
0 1 tid 105991
128 4 tid 105991
365 2 tid 105991
186 tid 105991
Remove  tid 105991
FindTargetPageId rootid 3 tid 105991
target_page_id id: 2 tid 105991
0 1 tid 105991
128 4 tid 105991
365 2 tid 105991
186 tid 105991
Remove  tid 105991
FindTargetPageId rootid 3 tid 105991
target_page_id id: 2 tid 105991
0 1 tid 105991
128 4 tid 105991
365 2 tid 105991
186 tid 105991
Remove  tid 105991
FindTargetPageId rootid 3 tid 105991
target_page_id id: 2 tid 105991
0 1 tid 105991
128 4 tid 105991
365 2 tid 105991
186 tid 105991
Remove  tid 105991
FindTargetPageId rootid 3 tid 105991
target_page_id id: 2 tid 105991
0 1 tid 105991
128 4 tid 105991
365 2 tid 105991
186 tid 105991
Remove  tid 105991
FindTargetPageId rootid 3 tid 105991
target_page_id id: 2 tid 105991
0 1 tid 105991
128 4 tid 105991
365 2 tid 105991
186 tid 105991
Remove  tid 105991
FindTargetPageId rootid 3 tid 105991
target_page_id id: 2 tid 105991
0 1 tid 105991
128 4 tid 105991
365 2 tid 105991
186 tid 105991
Remove  tid 105991
FindTargetPageId rootid 3 tid 105991
target_page_id id: 2 tid 105991
0 1 tid 105991
128 4 tid 105991
365 2 tid 105991
186 tid 105991
Remove  tid 105991
FindTargetPageId rootid 3 tid 105991
target_page_id id: 2 tid 105991
0 1 tid 105991
128 4 tid 105991
365 2 tid 105991
186 tid 105991
Remove  tid 105991
FindTargetPageId rootid 3 tid 105991
target_page_id id: 2 tid 105991
0 1 tid 105991
128 4 tid 105991
365 2 tid 105991
186 tid 105991
Remove  tid 105991
FindTargetPageId rootid 3 tid 105991
target_page_id id: 2 tid 105991
0 1 tid 105991
128 4 tid 105991
365 2 tid 105991
186 tid 105991
Remove  tid 105991
FindTargetPageId rootid 3 tid 105991
target_page_id id: 2 tid 105991
0 1 tid 105991
128 4 tid 105991
365 2 tid 105991
186 tid 105991
Remove  tid 105991
FindTargetPageId rootid 3 tid 105991
target_page_id id: 2 tid 105991
0 1 tid 105991
128 4 tid 105991
365 2 tid 105991
186 tid 105991
Remove  tid 105991
FindTargetPageId rootid 3 tid 105991
target_page_id id: 2 tid 105991
0 1 tid 105991
128 4 tid 105991
365 2 tid 105991
186 tid 105991
Remove  tid 105991
FindTargetPageId rootid 3 tid 105991
target_page_id id: 2 tid 105991
0 1 tid 105991
128 4 tid 105991
365 2 tid 105991
186 tid 105991
Remove  tid 105991
FindTargetPageId rootid 3 tid 105992
target_page_id id: 2 tid 105992
0 1 tid 105992
128 4 tid 105992
365 2 tid 105992
186 tid 105992
Insert  tid 105992
FindTargetPageId rootid 3 tid 105992
target_page_id id: 2 tid 105992
0 1 tid 105992
128 4 tid 105992
365 2 tid 105992
187 tid 105992
Insert  tid 105992
FindTargetPageId rootid 3 tid 105992
target_page_id id: 2 tid 105992
0 1 tid 105992
128 4 tid 105992
365 2 tid 105992
188 tid 105992
Insert  tid 105992
FindTargetPageId rootid 3 tid 105992
target_page_id id: 2 tid 105992
0 1 tid 105992
128 4 tid 105992
365 2 tid 105992
189 tid 105992
Insert  tid 105992
FindTargetPageId rootid 3 tid 105992
target_page_id id: 2 tid 105992
0 1 tid 105992
128 4 tid 105992
365 2 tid 105992
190 tid 105992
Insert  tid 105992
FindTargetPageId rootid 3 tid 105992
target_page_id id: 2 tid 105992
0 1 tid 105992
128 4 tid 105992
365 2 tid 105992
191 tid 105992
Insert  tid 105992
FindTargetPageId rootid 3 tid 105992
target_page_id id: 2 tid 105992
0 1 tid 105992
128 4 tid 105992
365 2 tid 105992
192 tid 105992
Insert  tid 105992
FindTargetPageId rootid 3 tid 105991
target_page_id id: 2 tid 105991
0 1 tid 105991
128 4 tid 105991
365 2 tid 105991
193 tid 105991
Remove  tid 105991
FindTargetPageId rootid 3 tid 105991
target_page_id id: 2 tid 105991
0 1 tid 105991
128 4 tid 105991
365 2 tid 105991
193 tid 105991
Remove  tid 105991
FindTargetPageId rootid 3 tid 105990
target_page_id id: 2 tid 105990
0 1 tid 105990
128 4 tid 105990
365 2 tid 105990
193 tid 105990
Insert  tid 105990
FindTargetPageId rootid 3 tid 105992
target_page_id id: 2 tid 105992
0 1 tid 105992
128 4 tid 105992
365 2 tid 105992
193 tid 105992
Insert  tid 105992
FindTargetPageId rootid 3 tid 105991
target_page_id id: 2 tid 105991
0 1 tid 105991
128 4 tid 105991
365 2 tid 105991
194 tid 105991
Remove  tid 105991
FindTargetPageId rootid 3 tid 105990
target_page_id id: 2 tid 105990
0 1 tid 105990
128 4 tid 105990
365 2 tid 105990
194 tid 105990
Insert  tid 105990
FindTargetPageId rootid 3 tid 105990
target_page_id id: 2 tid 105990
0 1 tid 105990
128 4 tid 105990
365 2 tid 105990
194 tid 105990
Insert  tid 105990
FindTargetPageId rootid 3 tid 105990
target_page_id id: 2 tid 105990
0 1 tid 105990
128 4 tid 105990
365 2 tid 105990
194 tid 105990
Insert  tid 105990
FindTargetPageId rootid 3 tid 105992
target_page_id id: 2 tid 105992
0 1 tid 105992
128 4 tid 105992
365 2 tid 105992
194 tid 105992
Insert  tid 105992
FindTargetPageId rootid 3 tid 105992
target_page_id id: 2 tid 105992
0 1 tid 105992
128 4 tid 105992
365 2 tid 105992
195 tid 105992
Insert  tid 105992
FindTargetPageId rootid 3 tid 105992
target_page_id id: 2 tid 105992
0 1 tid 105992
128 4 tid 105992
365 2 tid 105992
196 tid 105992
Insert  tid 105992
FindTargetPageId rootid 3 tid 105992
target_page_id id: 2 tid 105992
0 1 tid 105992
128 4 tid 105992
365 2 tid 105992
197 tid 105992
Insert  tid 105992
FindTargetPageId rootid 3 tid 105991
target_page_id id: 2 tid 105991
0 1 tid 105991
128 4 tid 105991
365 2 tid 105991
198 tid 105991
Remove  tid 105991
FindTargetPageId rootid 3 tid 105990
target_page_id id: 2 tid 105990
0 1 tid 105990
128 4 tid 105990
365 2 tid 105990
198 tid 105990
Insert  tid 105990
FindTargetPageId rootid 3 tid 105992
target_page_id id: 2 tid 105992
0 1 tid 105992
128 4 tid 105992
365 2 tid 105992
198 tid 105992
Insert  tid 105992
FindTargetPageId rootid 3 tid 105992
target_page_id id: 2 tid 105992
0 1 tid 105992
128 4 tid 105992
365 2 tid 105992
199 tid 105992
Insert  tid 105992
FindTargetPageId rootid 3 tid 105990
target_page_id id: 2 tid 105990
0 1 tid 105990
128 4 tid 105990
365 2 tid 105990
200 tid 105990
Insert  tid 105990
FindTargetPageId rootid 3 tid 105990
target_page_id id: 2 tid 105990
0 1 tid 105990
128 4 tid 105990
365 2 tid 105990
200 tid 105990
Insert  tid 105990
FindTargetPageId rootid 3 tid 105990
target_page_id id: 2 tid 105990
0 1 tid 105990
128 4 tid 105990
365 2 tid 105990
200 tid 105990
Insert  tid 105990
FindTargetPageId rootid 3 tid 105992
target_page_id id: 2 tid 105992
0 1 tid 105992
128 4 tid 105992
365 2 tid 105992
200 tid 105992
Insert  tid 105992
FindTargetPageId rootid 3 tid 105992
target_page_id id: 2 tid 105992
0 1 tid 105992
128 4 tid 105992
365 2 tid 105992
201 tid 105992
Insert  tid 105992
FindTargetPageId rootid 3 tid 105992
target_page_id id: 2 tid 105992
0 1 tid 105992
128 4 tid 105992
365 2 tid 105992
202 tid 105992
Insert  tid 105992
FindTargetPageId rootid 3 tid 105992
target_page_id id: 2 tid 105992
0 1 tid 105992
128 4 tid 105992
365 2 tid 105992
203 tid 105992
Insert  tid 105992
FindTargetPageId rootid 3 tid 105992
target_page_id id: 2 tid 105992
0 1 tid 105992
128 4 tid 105992
365 2 tid 105992
204 tid 105992
Insert  tid 105992
FindTargetPageId rootid 3 tid 105992
target_page_id id: 2 tid 105992
0 1 tid 105992
128 4 tid 105992
365 2 tid 105992
205 tid 105992
Insert  tid 105992
FindTargetPageId rootid 3 tid 105992
target_page_id id: 2 tid 105992
0 1 tid 105992
128 4 tid 105992
365 2 tid 105992
206 tid 105992
Insert  tid 105992
FindTargetPageId rootid 3 tid 105992
target_page_id id: 2 tid 105992
0 1 tid 105992
128 4 tid 105992
365 2 tid 105992
207 tid 105992
Insert  tid 105992
FindTargetPageId rootid 3 tid 105990
target_page_id id: 2 tid 105990
0 1 tid 105990
128 4 tid 105990
365 2 tid 105990
208 tid 105990
Insert  tid 105990
FindTargetPageId rootid 3 tid 105990
target_page_id id: 2 tid 105990
0 1 tid 105990
128 4 tid 105990
365 2 tid 105990
208 tid 105990
Insert  tid 105990
FindTargetPageId rootid 3 tid 105990
target_page_id id: 2 tid 105990
0 1 tid 105990
128 4 tid 105990
365 2 tid 105990
208 tid 105990
Insert  tid 105990
FindTargetPageId rootid 3 tid 105990
target_page_id id: 2 tid 105990
0 1 tid 105990
128 4 tid 105990
365 2 tid 105990
208 tid 105990
Insert  tid 105990
FindTargetPageId rootid 3 tid 105990
target_page_id id: 2 tid 105990
0 1 tid 105990
128 4 tid 105990
365 2 tid 105990
208 tid 105990
Insert  tid 105990
FindTargetPageId rootid 3 tid 105990
target_page_id id: 2 tid 105990
0 1 tid 105990
128 4 tid 105990
365 2 tid 105990
208 tid 105990
Insert  tid 105990
FindTargetPageId rootid 3 tid 105990
target_page_id id: 2 tid 105990
0 1 tid 105990
128 4 tid 105990
365 2 tid 105990
208 tid 105990
Insert  tid 105990
FindTargetPageId rootid 3 tid 105991
target_page_id id: 2 tid 105991
0 1 tid 105991
128 4 tid 105991
365 2 tid 105991
208 tid 105991
Remove  tid 105991
FindTargetPageId rootid 3 tid 105992
target_page_id id: 2 tid 105992
0 1 tid 105992
128 4 tid 105992
365 2 tid 105992
208 tid 105992
Insert  tid 105992
FindTargetPageId rootid 3 tid 105990
target_page_id id: 2 tid 105990
0 1 tid 105990
128 4 tid 105990
365 2 tid 105990
209 tid 105990
Insert  tid 105990
FindTargetPageId rootid 3 tid 105991
target_page_id id: 2 tid 105991
0 1 tid 105991
128 4 tid 105991
365 2 tid 105991
209 tid 105991
Remove  tid 105991
FindTargetPageId rootid 3 tid 105992
target_page_id id: 2 tid 105992
0 1 tid 105992
128 4 tid 105992
365 2 tid 105992
209 tid 105992
Insert  tid 105992
FindTargetPageId rootid 3 tid 105990
target_page_id id: 2 tid 105990
0 1 tid 105990
128 4 tid 105990
365 2 tid 105990
210 tid 105990
Insert  tid 105990
FindTargetPageId rootid 3 tid 105990
target_page_id id: 2 tid 105990
0 1 tid 105990
128 4 tid 105990
365 2 tid 105990
210 tid 105990
Insert  tid 105990
FindTargetPageId rootid 3 tid 105990
target_page_id id: 2 tid 105990
0 1 tid 105990
128 4 tid 105990
365 2 tid 105990
210 tid 105990
Insert  tid 105990
FindTargetPageId rootid 3 tid 105990
target_page_id id: 2 tid 105990
0 1 tid 105990
128 4 tid 105990
365 2 tid 105990
210 tid 105990
Insert  tid 105990
FindTargetPageId rootid 3 tid 105990
target_page_id id: 2 tid 105990
0 1 tid 105990
128 4 tid 105990
365 2 tid 105990
210 tid 105990
Insert  tid 105990
FindTargetPageId rootid 3 tid 105992
target_page_id id: 2 tid 105992
0 1 tid 105992
128 4 tid 105992
365 2 tid 105992
210 tid 105992
Insert  tid 105992
FindTargetPageId rootid 3 tid 105991
target_page_id id: 2 tid 105991
0 1 tid 105991
128 4 tid 105991
365 2 tid 105991
211 tid 105991
Remove  tid 105991
FindTargetPageId rootid 3 tid 105990
target_page_id id: 2 tid 105990
0 1 tid 105990
128 4 tid 105990
365 2 tid 105990
211 tid 105990
Insert  tid 105990
FindTargetPageId rootid 3 tid 105992
target_page_id id: 2 tid 105992
0 1 tid 105992
128 4 tid 105992
365 2 tid 105992
211 tid 105992
Insert  tid 105992
FindTargetPageId rootid 3 tid 105991
target_page_id id: 2 tid 105991
0 1 tid 105991
128 4 tid 105991
365 2 tid 105991
212 tid 105991
Remove  tid 105991
FindTargetPageId rootid 3 tid 105990
target_page_id id: 2 tid 105990
0 1 tid 105990
128 4 tid 105990
365 2 tid 105990
212 tid 105990
Insert  tid 105990
FindTargetPageId rootid 3 tid 105992
target_page_id id: 2 tid 105992
0 1 tid 105992
128 4 tid 105992
365 2 tid 105992
212 tid 105992
FindTargetPageId rootid 3 tid 105991
target_page_id id: 2 tid 105991
0 1 tid 105991
128 4 tid 105991
365 2 tid 105991
Insert  tid 213 tid 105992105991

Remove  tid 105991
FindTargetPageId rootid 3 tid 105990
target_page_id id: 2 tid 105990
0 1 tid 105990
128 4 tid 105990
365 2 tid 105990
213 tid 105990
Insert  tid 105990
FindTargetPageId rootid 3 tid 105992
target_page_id id: 2 tid 105992
0 1 tid 105992
128 4 tid 105992
365 2 tid 105992
213 tid 105992
Insert  tid 105992
FindTargetPageId rootid 3 tid 105991
target_page_id id: 2 tid 105991
0 1 tid 105991
128 4 tid 105991
365 2 tid 105991
214 tid 105991
Remove  tid 105991
FindTargetPageId rootid 3 tid 105990
target_page_id id: 2 tid 105990
0 1 tid 105990
128 4 tid 105990
365 2 tid 105990
214 tid 105990
Insert  tid 105990
FindTargetPageId rootid 3 tid 105992
target_page_id id: 2 tid 105992
0 1 tid 105992
128 4 tid 105992
365 2 tid 105992
214 tid 105992
Insert  tid 105992
FindTargetPageId rootid 3 tid 105991
target_page_id id: 2 tid 105991
0 1 tid 105991
128 4 tid 105991
365 2 tid 105991
215 tid 105991
Remove  tid 105991
FindTargetPageId rootid 3 tid 105990
target_page_id id: 2 tid 105990
0 1 tid 105990
128 4 tid 105990
365 2 tid 105990
215 tid 105990
Insert  tid 105990
FindTargetPageId rootid 3 tid 105992
target_page_id id: 2 tid 105992
0 1 tid 105992
128 4 tid 105992
365 2 tid 105992
215 tid 105992
Insert  tid 105992
FindTargetPageId rootid 3 tid 105991
target_page_id id: 2 tid 105991
0 1 tid 105991
128 4 tid 105991
365 2 tid 105991
216 tid 105991
FindTargetPageId rootid 3 tid 105990
target_page_id id: 2 tid 105990
0 1 tid 105990
128 4 tid 105990
365 2 tid 105990
216 tid 105990
Remove  tid 105991
FindTargetPageId rootid 3 tid 105991
target_page_id id: 2 tid 105991
0 1 tid 105991
128 4 tid 105991
365 2 tid 105991
216 tid 105991
Remove  tid 105991
FindTargetPageId rootid 3 tid 105991
target_page_id id: 2 tid 105991
0 1 tid 105991
128 4 tid 105991
365 2 tid 105991
216 tid 105991
Remove  tid 105991
FindTargetPageId rootid 3 tid 105991
target_page_id id: 2 tid 105991
0 1 tid 105991
128 4 tid 105991
365 2 tid 105991
216 tid 105991
Remove  tid 105991
FindTargetPageId rootid 3 tid 105991
target_page_id id: 2 tid 105991
0 1 tid 105991
128 4 tid 105991
365 2 tid 105991
216 tid 105991
Insert  tid 105990
FindTargetPageId rootid 3 tid 105992
target_page_id id: 2 tid 105992
0 1 tid 105992
128 4 tid 105992
365 2 tid 105992
Remove  tid 105991
216 tid 105992
Insert  tid 105992
FindTargetPageId rootid 3 tid 105992
target_page_id id: 2 tid 105992
0 1 tid 105992
128 4 tid 105992
365 2 tid 105992
217 tid 105992
Insert FindTargetPageId rootid 3 tid  tid 105991
target_page_id id: 2 tid 105991
0 1 tid 105991
128 4 tid 105991
365 2 tid 105991
218 tid 105991
Remove  tid 105991
FindTargetPageId rootid 3 tid 105991
target_page_id id: 2 tid 105991
0 1 tid 105991
128 4 tid 105991
365 2 tid 105991
218 tid 105991
Remove  tid 105991
FindTargetPageId rootid 3 tid 105991
target_page_id id: 2 tid 105991
105992
0 1 tid 105991
128 4 tid 105991
365 2 tid 105991
218 tid 105991
FindTargetPageId rootid 3 tid 105990
target_page_id id: 2 tid 105990
0 1 tid 105990
128 4 tid 105990
365 2 tid 105990
218 tid 105990
Remove  tid Insert  tid 105990
FindTargetPageId rootid 3 tid 105990
target_page_id id: 2 tid 105990
0 1 tid 105990
128 4 tid 105990
365 2 tid 105990
105991
218 tid 105990
Insert  tid 105990
FindTargetPageId rootid 3 tid 105990
target_page_id id: 2 tid 105990
0 1 tid 105990
128 4 tid 105990
365 2 tid 105990
218 tid 105990
Insert  tid 105990
FindTargetPageId rootid 3 tid 105990
target_page_id id: 2 tid 105990
0 1 tid 105990
128 4 tid 105990
365 2 tid 105990
218 tid 105990
Insert  tid 105990
FindTargetPageId rootid 3 tid 105990
target_page_id id: 2 tid 105990
0 1 tid 105990
128 4 tid 105990
365 2 tid 105990
218 tid 105990
Insert  tid 105990
FindTargetPageId rootid 3 tid 105990
target_page_id id: 2 tid 105990
0 1 tid 105990
128 4 tid 105990
365 2 tid 105990
218 tid 105990
Insert  tid 105990
FindTargetPageId rootid 3 tid 105990
target_page_id id: 2 tid 105990
0 1 tid 105990
128 4 tid 105990
365 2 tid 105990
218 tid 105990
Insert  tid 105990
FindTargetPageId rootid 3 tid 105990
target_page_id id: 2 tid 105990
0 1 tid 105990
128 4 tid 105990
365 2 tid 105990
218 tid 105990
Insert  tid 105990
FindTargetPageId rootid 3 tid 105991
target_page_id id: 2 tid 105991
0 1 tid 105991
128 4 tid 105991
365 2 tid 105991
218 tid 105991
Remove  tid 105991
FindTargetPageId rootid 3 tid 105992
target_page_id id: 2 tid 105992
0 1 tid 105992
128 4 tid 105992
365 2 tid 105992
218 tid 105992
FindTargetPageId rootid 3 tid 105990
target_page_id id: 2 tid 105990
0 1 tid 105990
128 4 tid 105990
365 2 tid 105990
219 tid 105990
Insert  tid 105990
FindTargetPageId rootid 3 tid 105990
target_page_id id: 2 tid 105990
0 1 tid 105990
128 4 tid 105990
365 2 tid 105990
219 tid 105990
Insert  tid 105992
FindTargetPageId rootid 3 tid 105992Insert  tid 
105990
target_page_id id: 2 tid 105992
0 1 tid 105992
128 4 tid 105992
365 2 tid 105992
219 tid 105992
Insert  tid 105992
FindTargetPageId rootid 3 tid 105991
target_page_id id: 2 tid 105991
0 1 tid 105991
128 4 tid 105991
365 2 tid 105991
220 tid 105991
Remove  tid 105991
FindTargetPageId rootid 3 tid 105990
target_page_id id: 2 tid 105990
0 1 tid 105990
128 4 tid 105990
365 2 tid 105990
220 tid 105990
Insert  tid 105990
FindTargetPageId rootid 3 tid 105990
target_page_id id: 2 tid 105990
0 1 tid 105990
128 4 tid 105990
365 2 tid 105990
220 tid 105990
Insert  tid 105990
FindTargetPageId rootid 3 tid 105990
target_page_id id: 2 tid 105990
0 1 tid 105990
128 4 tid 105990
365 2 tid 105990
220 tid 105990
Insert  tid 105990
FindTargetPageId rootid 3 tid 105990
target_page_id id: 2 tid 105990
0 1 tid 105990
128 4 tid 105990
365 2 tid 105990
220 tid 105990
Insert  tid 105990
FindTargetPageId rootid 3 tid 105990
target_page_id id: 2 tid 105990
0 1 tid 105990
128 4 tid 105990
365 2 tid 105990
220 tid 105990
Insert  tid 105990
FindTargetPageId rootid 3 tid 105992
target_page_id id: 2 tid 105992
0 1 tid 105992
128 4 tid 105992
365 2 tid 105992
220 tid 105992
Insert  tid 105992
FindTargetPageId rootid 3 tid 105991
target_page_id id: 2 tid 105991
0 1 tid 105991
128 4 tid 105991
365 2 tid 105991
221 tid 105991
FindTargetPageId rootid 3 tid 105990
target_page_id id: 2 tid 105990
0 1 tid 105990
128 4 tid 105990
365 2 tid 105990
Remove 221 tid  tid 105990
105991
Insert  tid 105990
FindTargetPageId rootid 3 tid 105991
target_page_id id: 2 tid 105991
0 1 tid 105991
128 4 tid 105991
365 2 tid 105991
221 tid 105991
Remove  tid 105991
FindTargetPageId rootid 3 tid 105991
target_page_id id: 2 tid 105991
0 1 tid 105991
128 4 tid 105991
365 2 tid 105991
221 tid 105991
Remove  tid 105991
FindTargetPageId rootid 3 tid 105990
target_page_id id: 2 tid 105990
0 1 tid 105990
128 4 tid 105990
365 2 tid 105990
221 tid 105990
Insert  tid 105990
FindTargetPageId rootid 3 tid 105992
target_page_id id: 2 tid 105992
0 1 tid 105992
128 4 tid 105992
365 2 tid 105992
221 tid 105992
Insert  tid 105992
FindTargetPageId rootid 3 tid 105992
target_page_id id: 2 tid 105992
0 1 tid 105992
128 4 tid 105992
365 2 tid 105992
222 tid 105992
Insert  tid 105992
FindTargetPageId rootid 3 tid 105992
target_page_id id: 2 tid 105992
0 1 tid 105992
128 4 tid 105992
365 2 tid 105992
223 tid 105992
Insert  tid 105992
FindTargetPageId rootid 3 tid 105992
target_page_id id: 2 tid 105992
0 1 tid 105992
128 4 tid 105992
365 2 tid 105992
224 tid 105992
Insert  tid 105992
FindTargetPageId rootid 3 tid 105992
target_page_id id: 2 tid 105992
0 1 tid 105992
128 4 tid 105992
365 2 tid 105992
225 tid 105992
Insert  tid 105992
FindTargetPageId rootid 3 tid 105991
target_page_id id: 2 tid 105991
0 1 tid 105991
128 4 tid 105991
365 2 tid 105991
226 tid 105991
FindTargetPageId rootid 3 tid 105990
target_page_id id: 2 tid 105990
0 1 tid 105990
128 4 tid 105990
365 2 tid 105990
226 tid 105990
Remove  tid 105991
FindTargetPageId rootid 3 tid 105992
target_page_id id: 2 tid 105992
0 1 tid 105992
128 4 tid 105992
365 2 tid 105992
226 tid 105992
Insert  tid 105992
FindTargetPageId rootid 3 tid 105992
target_page_id id: 2 tid 105992
0 1 tid 105992
128 4 tid 105992
365 2 tid 105992
Insert 227 tid 105992
 tid Insert  tid 105992
FindTargetPageId rootid 3 tid 105992
target_page_id id: 2 tid 105992
0 1 tid 105992
128 4 tid 105992
365 2 tid 105992
105990228 tid 105992

Insert  tid 105992
FindTargetPageId rootid 3 tid 105991
target_page_id id: 2 tid 105991
0 1 tid 105991
128 4 tid 105991
365 2 tid 105991
229 tid 105991
Remove  tid 105991
FindTargetPageId rootid 3 tid 105990
target_page_id id: 2 tid 105990
0 1 tid 105990
128 4 tid 105990
365 2 tid 105990
229 tid 105990
Insert  tid 105990
FindTargetPageId rootid 3 tid 105992
target_page_id id: 2 tid 105992
0 1 tid 105992
128 4 tid 105992
365 2 tid 105992
229 tid 105992
Insert  tid 105992
FindTargetPageId rootid 3 tid 105991
target_page_id id: 2 tid 105991
0 1 tid 105991
128 4 tid 105991
365 2 tid 105991
230 tid 105991
Remove  tid 105991
FindTargetPageId rootid 3 tid 105990
target_page_id id: 2 tid 105990
0 1 tid 105990
128 4 tid 105990
365 2 tid 105990
230 tid 105990
Insert  tid 105990
FindTargetPageId rootid 3 tid 105990
target_page_id id: 2 tid 105990
0 1 tid 105990
128 4 tid 105990
365 2 tid 105990
230 tid 105990
Insert  tid 105990
FindTargetPageId rootid 3 tid 105991
target_page_id id: 2 tid 105991
0 1 tid 105991
128 4 tid 105991
365 2 tid 105991
230 tid 105991
Remove  tid 105991
FindTargetPageId rootid 3 tid 105992
target_page_id id: 2 tid 105992
0 1 tid 105992
128 4 tid 105992
365 2 tid 105992
230 tid 105992
Insert  tid 105992
FindTargetPageId rootid 3 tid 105990
target_page_id id: 2 tid 105990
0 1 tid 105990
128 4 tid 105990
365 2 tid 105990
231 tid 105990
Insert  tid 105990
FindTargetPageId rootid 3 tid 105991
target_page_id id: 2 tid 105991
0 1 tid 105991
128 4 tid 105991
365 2 tid 105991
231 tid 105991
Remove  tid 105991
FindTargetPageId rootid 3 tid 105992
target_page_id id: 2 tid 105992
0 1 tid 105992
128 4 tid 105992
365 2 tid 105992
231 tid 105992
Insert  tid 105992
FindTargetPageId rootid 3 tid 105990
target_page_id id: 2 tid 105990
0 1 tid 105990
128 4 tid 105990
365 2 tid 105990
232 tid 105990
Insert  tid 105990
FindTargetPageId rootid 3 tid 105990
target_page_id id: 2 tid 105990
0 1 tid 105990
128 4 tid 105990
365 2 tid 105990
232 tid 105990
Insert  tid 105990
FindTargetPageId rootid 3 tid 105992
target_page_id id: 2 tid 105992
0 1 tid 105992
128 4 tid 105992
365 2 tid 105992
232 tid 105992
Insert  tid 105992
FindTargetPageId rootid 3 tid 105991
target_page_id id: 2 tid 105991
0 1 tid 105991
128 4 tid 105991
365 2 tid 105991
233 tid 105991
Remove  tid 105991
FindTargetPageId rootid 3 tid 105991
target_page_id id: 2 tid 105991
0 1 tid 105991
128 4 tid 105991
365 2 tid 105991
233 tid 105991
Remove  tid 105991
FindTargetPageId rootid 3 tid 105991
target_page_id id: 2 tid 105991
0 1 tid 105991
128 4 tid 105991
365 2 tid 105991
233 tid 105991
Remove  tid 105991
FindTargetPageId rootid 3 tid 105990
target_page_id id: 2 tid 105990
0 1 tid 105990
128 4 tid 105990
365 2 tid 105990
233 tid 105990
Insert  tid 105990
FindTargetPageId rootid 3 tid 105990
target_page_id id: 2 tid 105990
0 1 tid 105990
128 4 tid 105990
365 2 tid 105990
233 tid 105990
Insert  tid 105990
FindTargetPageId rootid 3 tid 105991
target_page_id id: 2 tid 105991
0 1 tid 105991
128 4 tid 105991
365 2 tid 105991
233 tid 105991
Remove  tid 105991
FindTargetPageId rootid 3 tid 105991
target_page_id id: 2 tid 105991
0 1 tid 105991
128 4 tid 105991
365 2 tid 105991
233 tid 105991
Remove  tid 105991
FindTargetPageId rootid 3 tid 105991
target_page_id id: 2 tid 105991
0 1 tid 105991
128 4 tid 105991
365 2 tid 105991
233 tid 105991
Remove  tid 105991
FindTargetPageId rootid 3 tid 105992
target_page_id id: 2 tid 105992
0 1 tid 105992
128 4 tid 105992
365 2 tid 105992
233 tid 105992
Insert  tid 105992
FindTargetPageId rootid 3 tid 105992
target_page_id id: 2 tid 105992
0 1 tid 105992
128 4 tid 105992
365 2 tid 105992
234 tid 105992
Insert  tid 105992
FindTargetPageId rootid 3 tid 105990
target_page_id id: 2 tid 105990
0 1 tid 105990
128 4 tid 105990
365 2 tid 105990
235 tid 105990
Insert  tid 105990
FindTargetPageId rootid 3 tid 105990
target_page_id id: 2 tid 105990
0 1 tid 105990
128 4 tid 105990
365 2 tid 105990
235 tid 105990
Insert  tid 105990
FindTargetPageId rootid 3 tid 105991
target_page_id id: 2 tid 105991
0 1 tid 105991
128 4 tid 105991
365 2 tid 105991
235 tid 105991
Remove  tid 105991
FindTargetPageId rootid 3 tid 105991
target_page_id id: 2 tid 105991
0 1 tid 105991
128 4 tid 105991
365 2 tid 105991
235 tid 105991
Remove  tid 105991
FindTargetPageId rootid 3 tid 105991
target_page_id id: 2 tid 105991
0 1 tid 105991
128 4 tid 105991
365 2 tid 105991
235 tid 105991
Remove  tid 105991
FindTargetPageId rootid 3 tid 105991
target_page_id id: 2 tid 105991
0 1 tid 105991
128 4 tid 105991
365 2 tid 105991
235 tid 105991
Remove  tid 105991
FindTargetPageId rootid 3 tid 105992
target_page_id id: 2 tid 105992
0 1 tid 105992
128 4 tid 105992
365 2 tid 105992
235 tid 105992
Insert  tid 105992
FindTargetPageId rootid 3 tid 105992
target_page_id id: 2 tid 105992
0 1 tid 105992
128 4 tid 105992
365 2 tid 105992
236 tid 105992
Insert  tid 105992
FindTargetPageId rootid 3 tid 105992
target_page_id id: 2 tid 105992
0 1 tid 105992
128 4 tid 105992
365 2 tid 105992
237 tid 105992
Insert  tid 105992
FindTargetPageId rootid 3 tid 105990
target_page_id id: 2 tid 105990
0 1 tid 105990
128 4 tid 105990
365 2 tid 105990
238 tid 105990
Insert  tid 105990
FindTargetPageId rootid 3 tid 105991
target_page_id id: 2 tid 105991
0 1 tid 105991
128 4 tid 105991
365 2 tid 105991
238 tid 105991
Remove  tid 105991
FindTargetPageId rootid 3 tid 105992
target_page_id id: 2 tid 105992
0 1 tid 105992
128 4 tid 105992
365 2 tid 105992
238 tid 105992
Insert  tid 105992
FindTargetPageId rootid 3 tid 105992
target_page_id id: 2 tid 105992
0 1 tid 105992
128 4 tid 105992
365 2 tid 105992
239 tid 105992
Insert  tid 105992
FindTargetPageId rootid 3 tid 105992
target_page_id id: 2 tid 105992
0 1 tid 105992
128 4 tid 105992
365 2 tid 105992
240 tid 105992
Insert  tid 105992
FindTargetPageId rootid 3 tid 105992
target_page_id id: 2 tid 105992
0 1 tid 105992
128 4 tid 105992
365 2 tid 105992
241 tid 105992
Insert  tid 105992
FindTargetPageId rootid 3 tid 105992
target_page_id id: 2 tid 105992
0 1 tid 105992
128 4 tid 105992
365 2 tid 105992
242 tid 105992
Insert  tid 105992
FindTargetPageId rootid 3 tid 105992
target_page_id id: 2 tid 105992
0 1 tid 105992
128 4 tid 105992
365 2 tid 105992
243 tid 105992
Insert  tid 105992
FindTargetPageId rootid 3 tid 105991
target_page_id id: 2 tid 105991
0 1 tid 105991
128 4 tid 105991
365 2 tid 105991
244 tid 105991
Remove  tid 105991
FindTargetPageId rootid 3 tid 105990
target_page_id id: 2 tid 105990
0 1 tid 105990
128 4 tid 105990
365 2 tid 105990
244 tid 105990
Insert  tid 105990
FindTargetPageId rootid 3 tid 105992
target_page_id id: 2 tid 105992
0 1 tid 105992
128 4 tid 105992
365 2 tid 105992
244 tid 105992
Insert  tid 105992
FindTargetPageId rootid 3 tid 105991
target_page_id id: 2 tid 105991
0 1 tid 105991
128 4 tid 105991
365 2 tid 105991
245 tid 105991
Remove  tid 105991
FindTargetPageId rootid 3 tid 105991
target_page_id id: 2 tid 105991
0 1 tid 105991
128 4 tid 105991
365 2 tid 105991
245 tid 105991
Remove  tid 105991
FindTargetPageId rootid 3 tid 105992
target_page_id id: 2 tid 105992
0 1 tid 105992
128 4 tid 105992
365 2 tid 105992
245 tid 105992
Insert  tid 105992
FindTargetPageId rootid 3 tid 105990
target_page_id id: 2 tid 105990
0 1 tid 105990
128 4 tid 105990
365 2 tid 105990
246 tid 105990
Insert  tid 105990
FindTargetPageId rootid 3 tid 105991
target_page_id id: 2 tid 105991
0 1 tid 105991
128 4 tid 105991
365 2 tid 105991
246 tid 105991
Remove  tid 105991
FindTargetPageId rootid 3 tid 105992
target_page_id id: 2 tid 105992
0 1 tid 105992
128 4 tid 105992
365 2 tid 105992
246 tid 105992
Insert  tid 105992
FindTargetPageId rootid 3 tid 105992
target_page_id id: 2 tid 105992
0 1 tid 105992
128 4 tid 105992
365 2 tid 105992
247 tid 105992
Insert  tid 105992
FindTargetPageId rootid 3 tid 105992
target_page_id id: 2 tid 105992
0 1 tid 105992
128 4 tid 105992
365 2 tid 105992
248 tid 105992
Insert  tid 105992
FindTargetPageId rootid 3 tid 105992
target_page_id id: 2 tid 105992
0 1 tid 105992
128 4 tid 105992
365 2 tid 105992
249 tid 105992
Insert  tid 105992
FindTargetPageId rootid 3 tid 105992
target_page_id id: 2 tid 105992
0 1 tid 105992
128 4 tid 105992
365 2 tid 105992
250 tid 105992
Insert  tid 105992
FindTargetPageId rootid 3 tid 105992
target_page_id id: 2 tid 105992
0 1 tid 105992
128 4 tid 105992
365 2 tid 105992
251 tid 105992
Insert  tid 105992
FindTargetPageId rootid 3 tid 105992
target_page_id id: 2 tid 105992
0 1 tid 105992
128 4 tid 105992
365 2 tid 105992
252 tid 105992
Insert  tid 105992
FindTargetPageId rootid 3 tid 105992
target_page_id id: 2 tid 105992
0 1 tid 105992
128 4 tid 105992
365 2 tid 105992
253 tid 105992
Insert  tid 105992
FindTargetPageId rootid 3 tid 105992
target_page_id id: 2 tid 105992
0 1 tid 105992
128 4 tid 105992
365 2 tid 105992
254 tid 105992
Insert  tid 105992
FindTargetPageId rootid 3 tid 105991
target_page_id id: 5 tid 105991
0 1 tid 105991
128 4 tid 105991
365 2 tid 105991
492 5 tid 105991
128 tid 105991
Remove  tid 105991
FindTargetPageId rootid 3 tid 105990
target_page_id id: 2 tid 105990
0 1 tid 105990
128 4 tid 105990
365 2 tid 105990
492 5 tid 105990
127 tid 105990
Insert  tid 105990
FindTargetPageId rootid 3 tid 105992
target_page_id id: 5 tid 105992
0 1 tid 105992
128 4 tid 105992
365 2 tid 105992
492 5 tid 105992
128 tid 105992
Insert  tid 105992
FindTargetPageId rootid 3 tid 105990
target_page_id id: 2 tid 105990
0 1 tid 105990
128 4 tid 105990
365 2 tid 105990
492 5 tid 105990
127 tid 105990
Insert  tid 105990
FindTargetPageId rootid 3 tid 105990
target_page_id id: 2 tid 105990
0 1 tid 105990
128 4 tid 105990
365 2 tid 105990
492 5 tid 105990
127 tid 105990
Insert  tid 105990
FindTargetPageId rootid 3 tid 105990
target_page_id id: 2 tid 105990
0 1 tid 105990
128 4 tid 105990
365 2 tid 105990
492 5 tid 105990
127 tid 105990
Insert  tid 105990
FindTargetPageId rootid 3 tid 105990
target_page_id id: 2 tid 105990
0 1 tid 105990
128 4 tid 105990
365 2 tid 105990
492 5 tid 105990
127 tid 105990
Insert  tid 105990
FindTargetPageId rootid 3 tid 105992
target_page_id id: 5 tid 105992
0 1 tid 105992
128 4 tid 105992
365 2 tid 105992
492 5 tid 105992
129 tid 105992
Insert  tid 105992
FindTargetPageId rootid 3 tid 105991
target_page_id id: 5 tid 105991
0 1 tid 105991
128 4 tid 105991
365 2 tid 105991
492 5 tid 105991
130 tid 105991
Remove  tid 105991
FindTargetPageId rootid 3 tid 105990
target_page_id id: 2 tid 105990
0 1 tid 105990
128 4 tid 105990
365 2 tid 105990
492 5 tid 105990
127 tid 105990
Insert  tid 105990
FindTargetPageId rootid 3 tid 105992
target_page_id id: 5 tid 105992
0 1 tid 105992
128 4 tid 105992
365 2 tid 105992
492 5 tid 105992
130 tid 105992
Insert  tid 105992
FindTargetPageId rootid 3 tid 105991
target_page_id id: 5 tid 105991
0 1 tid 105991
128 4 tid 105991
365 2 tid 105991
492 5 tid 105991
131 tid 105991
Remove  tid 105991
FindTargetPageId rootid 3 tid 105990
target_page_id id: 2 tid 105990
0 1 tid 105990
128 4 tid 105990
365 2 tid 105990
492 5 tid 105990
127 tid 105990
Insert  tid 105990
FindTargetPageId rootid 3 tid 105992
target_page_id id: 5 tid 105992
0 1 tid 105992
128 4 tid 105992
365 2 tid 105992
492 5 tid 105992
131 tid 105992
Insert  tid 105992
FindTargetPageId rootid 3 tid 105991
target_page_id id: 5 tid 105991
0 1 tid 105991
128 4 tid 105991
365 2 tid 105991
492 5 tid 105991
132 tid 105991
Remove  tid 105991
FindTargetPageId rootid 3 tid 105990
target_page_id id: 5 tid 105990
0 1 tid 105990
128 4 tid 105990
365 2 tid 105990
492 5 tid 105990
132 tid 105990
Insert  tid 105990
FindTargetPageId rootid 3 tid 105992
target_page_id id: 5 tid 105992
0 1 tid 105992
128 4 tid 105992
365 2 tid 105992
492 5 tid 105992
132 tid 105992
Insert  tid 105992
FindTargetPageId rootid 3 tid 105991
target_page_id id: 5 tid 105991
0 1 tid 105991
128 4 tid 105991
365 2 tid 105991
492 5 tid 105991
133 tid 105991
Remove  tid 105991
FindTargetPageId rootid 3 tid 105990
target_page_id id: 5 tid 105990
0 1 tid 105990
128 4 tid 105990
365 2 tid 105990
492 5 tid 105990
133 tid 105990
Insert  tid 105990
FindTargetPageId rootid 3 tid 105992
target_page_id id: 5 tid 105992
0 1 tid 105992
128 4 tid 105992
365 2 tid 105992
492 5 tid 105992
133 tid 105992
Insert  tid 105992
FindTargetPageId rootid 3 tid 105991
target_page_id id: 5 tid 105991
0 1 tid 105991
128 4 tid 105991
365 2 tid 105991
492 5 tid 105991
134 tid 105991
Remove  tid 105991
FindTargetPageId rootid 3 tid 105990
target_page_id id: 5 tid 105990
0 1 tid 105990
128 4 tid 105990
365 2 tid 105990
492 5 tid 105990
134 tid 105990
Insert  tid 105990
FindTargetPageId rootid 3 tid 105992
target_page_id id: 5 tid 105992
0 1 tid 105992
128 4 tid 105992
365 2 tid 105992
492 5 tid 105992
134 tid 105992
Insert  tid 105992
FindTargetPageId rootid 3 tid 105992
target_page_id id: 5 tid 105992
0 1 tid 105992
128 4 tid 105992
365 2 tid 105992
492 5 tid 105992
135 tid 105992
Insert  tid 105992
FindTargetPageId rootid 3 tid 105991
target_page_id id: 5 tid 105991
0 1 tid 105991
128 4 tid 105991
365 2 tid 105991
492 5 tid 105991
136 tid 105991
Remove  tid 105991
FindTargetPageId rootid 3 tid 105990
target_page_id id: 5 tid 105990
0 1 tid 105990
128 4 tid 105990
365 2 tid 105990
492 5 tid 105990
136 tid 105990
Insert  tid 105990
FindTargetPageId rootid 3 tid 105992
target_page_id id: 5 tid 105992
0 1 tid 105992
128 4 tid 105992
365 2 tid 105992
492 5 tid 105992
136 tid 105992
Insert  tid 105992
FindTargetPageId rootid 3 tid 105991
target_page_id id: 5 tid 105991
0 1 tid 105991
128 4 tid 105991
365 2 tid 105991
492 5 tid 105991
137 tid 105991
Remove  tid 105991
FindTargetPageId rootid 3 tid 105990
target_page_id id: 5 tid 105990
0 1 tid 105990
128 4 tid 105990
365 2 tid 105990
492 5 tid 105990
137 tid 105990
Insert  tid 105990
FindTargetPageId rootid 3 tid 105990
target_page_id id: 5 tid 105990
0 1 tid 105990
128 4 tid 105990
365 2 tid 105990
492 5 tid 105990
137 tid 105990
Insert  tid 105990
FindTargetPageId rootid 3 tid 105990
target_page_id id: 5 tid 105990
0 1 tid 105990
128 4 tid 105990
365 2 tid 105990
492 5 tid 105990
137 tid 105990
Insert  tid 105990
FindTargetPageId rootid 3 tid 105990
target_page_id id: 5 tid 105990
0 1 tid 105990
128 4 tid 105990
365 2 tid 105990
492 5 tid 105990
137 tid 105990
Insert  tid 105990
FindTargetPageId rootid 3 tid 105990
target_page_id id: 5 tid 105990
0 1 tid 105990
128 4 tid 105990
365 2 tid 105990
492 5 tid 105990
137 tid 105990
Insert  tid 105990
FindTargetPageId rootid 3 tid 105990
target_page_id id: 5 tid 105990
0 1 tid 105990
128 4 tid 105990
365 2 tid 105990
492 5 tid 105990
137 tid 105990
Insert  tid 105990
FindTargetPageId rootid 3 tid 105990
target_page_id id: 5 tid 105990
0 1 tid 105990
128 4 tid 105990
365 2 tid 105990
492 5 tid 105990
137 tid 105990
Insert  tid 105990
FindTargetPageId rootid 3 tid 105990
target_page_id id: 5 tid 105990
0 1 tid 105990
128 4 tid 105990
365 2 tid 105990
492 5 tid 105990
137 tid 105990
Insert  tid 105990
FindTargetPageId rootid 3 tid 105990
target_page_id id: 5 tid 105990
0 1 tid 105990
128 4 tid 105990
365 2 tid 105990
492 5 tid 105990
137 tid 105990
Insert  tid 105990
FindTargetPageId rootid 3 tid 105990
target_page_id id: 5 tid 105990
0 1 tid 105990
128 4 tid 105990
365 2 tid 105990
492 5 tid 105990
137 tid 105990
Insert  tid 105990
FindTargetPageId rootid 3 tid 105992
target_page_id id: 5 tid 105992
0 1 tid 105992
128 4 tid 105992
365 2 tid 105992
492 5 tid 105992
137 tid 105992
Insert  tid 105992
FindTargetPageId rootid 3 tid 105991
target_page_id id: 5 tid 105991
0 1 tid 105991
128 4 tid 105991
365 2 tid 105991
492 5 tid 105991
138 tid 105991
Remove  tid 105991
FindTargetPageId rootid 3 tid 105991
target_page_id id: 5 tid 105991
0 1 tid 105991
128 4 tid 105991
365 2 tid 105991
492 5 tid 105991
138 tid 105991
Remove  tid 105991
FindTargetPageId rootid 3 tid 105992
target_page_id id: 5 tid 105992
0 1 tid 105992
128 4 tid 105992
365 2 tid 105992
492 5 tid 105992
138 tid 105992
Insert  tid 105992
FindTargetPageId rootid 3 tid 105990
target_page_id id: 5 tid 105990
0 1 tid 105990
128 4 tid 105990
365 2 tid 105990
492 5 tid 105990
139 tid 105990
Insert  tid 105990
FindTargetPageId rootid 3 tid 105991
target_page_id id: 5 tid 105991
0 1 tid 105991
128 4 tid 105991
365 2 tid 105991
492 5 tid 105991
139 tid 105991
Remove  tid 105991
FindTargetPageId rootid 3 tid 105992
target_page_id id: 5 tid 105992
0 1 tid 105992
128 4 tid 105992
365 2 tid 105992
492 5 tid 105992
139 tid 105992
Insert  tid 105992
FindTargetPageId rootid 3 tid 105992
target_page_id id: 5 tid 105992
0 1 tid 105992
128 4 tid 105992
365 2 tid 105992
492 5 tid 105992
140 tid 105992
Insert  tid 105992
FindTargetPageId rootid 3 tid 105991
target_page_id id: 5 tid 105991
0 1 tid 105991
128 4 tid 105991
365 2 tid 105991
492 5 tid 105991
141 tid 105991
Remove  tid 105991
FindTargetPageId rootid 3 tid 105990
target_page_id id: 5 tid 105990
0 1 tid 105990
128 4 tid 105990
365 2 tid 105990
492 5 tid 105990
141 tid 105990
Insert  tid 105990
FindTargetPageId rootid 3 tid 105990
target_page_id id: 5 tid 105990
0 1 tid 105990
128 4 tid 105990
365 2 tid 105990
492 5 tid 105990
141 tid 105990
Insert  tid 105990
FindTargetPageId rootid 3 tid 105990
target_page_id id: 5 tid 105990
0 1 tid 105990
128 4 tid 105990
365 2 tid 105990
492 5 tid 105990
141 tid 105990
FindTargetPageId rootid 3 tid 105992
target_page_id id: 5 tid 105992
0 1 tid 105992
128 4 tid 105992
365 2 tid 105992
492Insert  tid 105990
 5 tid 105992
141 tid 105992
Insert  tid 105992
FindTargetPageId rootid 3 tid 105991
target_page_id id: 5 tid 105991
0 1 tid 105991
128 4 tid 105991
365 2 tid 105991
492 5 tid 105991
142 tid 105991
Remove  tid 105991
FindTargetPageId rootid 3 tid 105990
target_page_id id: 5 tid 105990
0 1 tid 105990
128 4 tid 105990
365 2 tid 105990
492 5 tid 105990
142 tid 105990
Insert  tid 105990
FindTargetPageId rootid 3 tid 105992
target_page_id id: 5 tid 105992
0 1 tid 105992
128 4 tid 105992
365 2 tid 105992
492 5 tid 105992
142 tid 105992
Insert  tid 105992
FindTargetPageId rootid 3 tid 105991
target_page_id id: 5 tid 105991
0 1 tid 105991
128 4 tid 105991
365 2 tid 105991
492 5 tid 105991
143 tid 105991
Remove  tid 105991
FindTargetPageId rootid 3 tid 105990
target_page_id id: 5 tid 105990
0 1 tid 105990
128 4 tid 105990
365 2 tid 105990
492 5 tid 105990
143 tid 105990
Insert  tid 105990
FindTargetPageId rootid 3 tid 105992
target_page_id id: 5 tid 105992
0 1 tid 105992
128 4 tid 105992
365 2 tid 105992
492 5 tid 105992
143 tid 105992
Insert  tid 105992
FindTargetPageId rootid 3 tid 105991
target_page_id id: 5 tid 105991
0 1 tid 105991
128 4 tid 105991
365 2 tid 105991
492 5 tid 105991
144 tid 105991
Remove  tid 105991
FindTargetPageId rootid 3 tid 105990
target_page_id id: 5 tid 105990
0 1 tid 105990
128 4 tid 105990
365 2 tid 105990
492 5 tid 105990
144 tid 105990
Insert  tid 105990
FindTargetPageId rootid 3 tid 105992
target_page_id id: 5 tid 105992
0 1 tid 105992
128 4 tid 105992
365 2 tid 105992
492 5 tid 105992
144 tid 105992
Insert  tid 105992
FindTargetPageId rootid 3 tid 105991
target_page_id id: 5 tid 105991
0 1 tid 105991
128 4 tid 105991
365 2 tid 105991
492 5 tid 105991
145 tid 105991
Remove  tid 105991
FindTargetPageId rootid 3 tid 105990
target_page_id id: 5 tid 105990
0 1 tid 105990
128 4 tid 105990
365 2 tid 105990
492 5 tid 105990
145 tid 105990
Insert  tid 105990
FindTargetPageId rootid 3 tid 105992
target_page_id id: 5 tid 105992
0 1 tid 105992
128 4 tid 105992
365 2 tid 105992
492 5 tid 105992
145 tid 105992
Insert  tid 105992
FindTargetPageId rootid 3 tid 105991
target_page_id id: 5 tid 105991
0 1 tid 105991
128 4 tid 105991
365 2 tid 105991
492 5 tid 105991
146 tid 105991
Remove  tid 105991
FindTargetPageId rootid 3 tid 105990
target_page_id id: 5 tid 105990
0 1 tid 105990
128 4 tid 105990
365 2 tid 105990
492 5 tid 105990
146 tid 105990
Insert  tid 105990
FindTargetPageId rootid 3 tid 105992
target_page_id id: 5 tid 105992
0 1 tid 105992
128 4 tid 105992
365 2 tid 105992
492 5 tid 105992
146 tid 105992
Insert  tid 105992
FindTargetPageId rootid 3 tid 105991
target_page_id id: 5 tid 105991
0 1 tid 105991
128 4 tid 105991
365 2 tid 105991
492 5 tid 105991
147 tid 105991
FindTargetPageId rootid 3 tid 105990
target_page_id id: 5 tid 105990
0 1 tid 105990
128 4 tid 105990
365 2 tid 105990
492 5 tid Remove  tid 105991105990

147 tid 105990
Insert  tid 105990
FindTargetPageId rootid 3 tid 105990
target_page_id id: 5 tid 105990
0 1 tid 105990
128 4 tid 105990
365 2 tid 105990
492 5 tid 105990
147 tid 105990
Insert  tid 105990
FindTargetPageId rootid 3 tid 105991
target_page_id id: 5 tid 105991
0 1 tid 105991
128 4 tid 105991
365 2 tid 105991
492 5 tid 105991
147 tid 105991
Remove  tid 105991
FindTargetPageId rootid 3 tid 105992
target_page_id id: 5 tid 105992
0 1 tid 105992
128 4 tid 105992
365 2 tid 105992
492 5 tid 105992
147 tid 105992
Insert  tid 105992
FindTargetPageId rootid 3 tid 105992
target_page_id id: 5 tid 105992
0 1 tid 105992
128 4 tid 105992
365 2 tid 105992
492 5 tid 105992
148 tid 105992
Insert  tid 105992
FindTargetPageId rootid 3 tid 105991
target_page_id id: 5 tid 105991
0 1 tid 105991
128 4 tid 105991
365 2 tid 105991
492 5 tid 105991
149 tid 105991
Remove  tid 105991
FindTargetPageId rootid 3 tid 105991
target_page_id id: 5 tid 105991
0 1 tid 105991
128 4 tid 105991
365 2 tid 105991
492 5 tid 105991
149 tid 105991
Remove  tid 105991
FindTargetPageId rootid 3 tid 105992
target_page_id id: 5 tid 105992
0 1 tid 105992
128 4 tid 105992
365 2 tid 105992
492 5 tid 105992
149 tid 105992
Insert  tid 105992
FindTargetPageId rootid 3 tid 105992
target_page_id id: 5 tid 105992
0 1 tid 105992
128 4 tid 105992
365 2 tid 105992
492 5 tid 105992
150 tid 105992
Insert  tid 105992
FindTargetPageId rootid 3 tid 105991
target_page_id id: 5 tid 105991
0 1 tid 105991
128 4 tid 105991
365 2 tid 105991
492 5 tid 105991
151 tid 105991
Remove  tid 105991
FindTargetPageId rootid 3 tid 105990
target_page_id id: 5 tid 105990
0 1 tid 105990
128 4 tid 105990
365 2 tid 105990
492 5 tid 105990
151 tid 105990
Insert  tid 105990
FindTargetPageId rootid 3 tid 105990
target_page_id id: 5 tid 105990
0 1 tid 105990
128 4 tid 105990
365 2 tid 105990
492 5 tid 105990
151 tid 105990
Insert  tid 105990
FindTargetPageId rootid 3 tid 105990
target_page_id id: 5 tid 105990
0 1 tid 105990
128 4 tid 105990
365 2 tid 105990
492 5 tid 105990
151 tid 105990
Insert  tid 105990
FindTargetPageId rootid 3 tid 105992
target_page_id id: 5 tid 105992
0 1 tid 105992
128 4 tid 105992
365 2 tid 105992
492 5 tid 105992
151 tid 105992
Insert  tid 105992
FindTargetPageId rootid 3 tid 105991
target_page_id id: 5 tid 105991
0 1 tid 105991
128 4 tid 105991
365 2 tid 105991
492 5 tid 105991
152 tid 105991
Remove  tid 105991
FindTargetPageId rootid 3 tid 105990
target_page_id id: 5 tid 105990
0 1 tid 105990
128 4 tid 105990
365 2 tid 105990
492 5 tid 105990
152 tid 105990
Insert  tid 105990
FindTargetPageId rootid 3 tid 105992
target_page_id id: 5 tid 105992
0 1 tid 105992
128 4 tid 105992
365 2 tid 105992
492 5 tid 105992
152 tid 105992
Insert  tid 105992
FindTargetPageId rootid 3 tid 105991
target_page_id id: 5 tid 105991
0 1 tid 105991
128 4 tid 105991
365 2 tid 105991
492 5 tid 105991
153 tid 105991
Remove  tid 105991
FindTargetPageId rootid 3 tid 105991
target_page_id id: 5 tid 105991
0 1 tid 105991
128 4 tid 105991
365 2 tid 105991
492 5 tid 105991
153 tid 105991
Remove  tid 105991
FindTargetPageId rootid 3 tid 105991
target_page_id id: 5 tid 105991
0 1 tid 105991
128 4 tid 105991
365 2 tid 105991
492 5 tid 105991
153 tid 105991
Remove  tid 105991
FindTargetPageId rootid 3 tid 105991
target_page_id id: 5 tid 105991
0 1 tid 105991
128 4 tid 105991
365 2 tid 105991
492 5 tid 105991
153 tid 105991
Remove  tid 105991
FindTargetPageId rootid 3 tid 105992
target_page_id id: 5 tid 105992
0 1 tid 105992
128 4 tid 105992
365 2 tid 105992
492 5 tid 105992
153 tid 105992
Insert  tid 105992
FindTargetPageId rootid 3 tid 105990
target_page_id id: 5 tid 105990
0 1 tid 105990
128 4 tid 105990
365 2 tid 105990
492 5 tid 105990
154 tid 105990
Insert  tid 105990
FindTargetPageId rootid 3 tid 105991
target_page_id id: 5 tid 105991
0 1 tid 105991
128 4 tid 105991
365 2 tid 105991
492 5 tid 105991
154 tid 105991
Remove  tid 105991
FindTargetPageId rootid 3 tid 105992
target_page_id id: 5 tid 105992
0 1 tid 105992
128 4 tid 105992
365 2 tid 105992
492 5 tid 105992
154 tid 105992
Insert  tid 105992
FindTargetPageId rootid 3 tid 105990
target_page_id id: 5 tid 105990
0 1 tid 105990
128 4 tid 105990
365 2 tid 105990
492 5 tid 105990
155 tid 105990
Insert  tid 105990
FindTargetPageId rootid 3 tid 105991
target_page_id id: 5 tid 105991
0 1 tid 105991
128 4 tid 105991
365 2 tid 105991
492 5 tid 105991
155 tid 105991
FindTargetPageId rootid 3 tid 105992
Remove target_page_id id:  tid 5 tid 105992105991

0 1 tid 105992
128 4 tid 105992
365 2 tid 105992
492 5 tid 105992
155 tid 105992
Insert  tid 105992
FindTargetPageId rootid 3 tid 105990
target_page_id id: 5 tid 105990
0 1 tid 105990
128 4 tid 105990
365 2 tid 105990
492 5 tid 105990
156 tid 105990
Insert  tid 105990
FindTargetPageId rootid 3 tid 105991
target_page_id id: 5 tid 105991
0 1 tid 105991
128 4 tid 105991
365 2 tid 105991
492 5 tid 105991
156 tid 105991
Remove  tid 105991
FindTargetPageId rootid 3 tid 105992
target_page_id id: 5 tid 105992
0 1 tid 105992
128 4 tid 105992
365 2 tid 105992
492 5 tid 105992
156 tid 105992
Insert  tid 105992
FindTargetPageId rootid 3 tid 105990
target_page_id id: 5 tid 105990
0 1 tid 105990
128 4 tid 105990
365 2 tid 105990
492 5 tid 105990
157 tid 105990
Insert  tid 105990
FindTargetPageId rootid 3 tid 105990
target_page_id id: 5 tid 105990
0 1 tid 105990
128 4 tid 105990
365 2 tid 105990
492 5 tid 105990
157 tid 105990
Insert  tid 105990
FindTargetPageId rootid 3 tid 105991
target_page_id id: 5 tid 105991
0 1 tid 105991
128 4 tid 105991
365 2 tid 105991
492 5 tid 105991
157 tid 105991
Remove  tid 105991
FindTargetPageId rootid 3 tid 105991
target_page_id id: 5 tid 105991
0 1 tid 105991
128 4 tid 105991
365 2 tid 105991
492 5 tid 105991
157 tid 105991
Remove  tid 105991
FindTargetPageId rootid 3 tid 105991
target_page_id id: 5 tid 105991
0 1 tid 105991
128 4 tid 105991
365 2 tid 105991
492 5 tid 105991
157 tid 105991
Remove  tid 105991
FindTargetPageId rootid 3 tid 105991
target_page_id id: 5 tid 105991
0 1 tid 105991
128 4 tid 105991
365 2 tid 105991
492 5 tid 105991
157 tid 105991
Remove  tid 105991
FindTargetPageId rootid 3 tid 105991
target_page_id id: 5 tid 105991
0 1 tid 105991
128 4 tid 105991
365 2 tid 105991
492 5 tid 105991
157 tid 105991
Remove  tid 105991
FindTargetPageId rootid 3 tid 105991
target_page_id id: 5 tid 105991
0 1 tid 105991
128 4 tid 105991
365 2 tid 105991
492 5 tid 105991
157 tid 105991
Remove  tid 105991
FindTargetPageId rootid 3 tid 105991
target_page_id id: 5 tid 105991
0 1 tid 105991
128 4 tid 105991
365 2 tid 105991
492 5 tid 105991
157 tid 105991
Remove  tid 105991
FindTargetPageId rootid 3 tid 105991
target_page_id id: 5 tid 105991
0 1 tid 105991
128 4 tid 105991
365 2 tid 105991
492 5 tid 105991
157 tid 105991
Remove  tid 105991
FindTargetPageId rootid 3 tid 105991
target_page_id id: 5 tid 105991
0 1 tid 105991
128 4 tid 105991
365 2 tid 105991
492 5 tid 105991
157 tid 105991
Remove  tid 105991
FindTargetPageId rootid 3 tid 105992
target_page_id id: 5 tid 105992
0 1 tid 105992
128 4 tid 105992
365 2 tid 105992
492 5 tid 105992
157 tid 105992
Insert  tid 105992
FindTargetPageId rootid 3 tid 105992
target_page_id id: 5 tid 105992
0 1 tid 105992
128 4 tid 105992
365 2 tid 105992
492 5 tid 105992
158 tid 105992
Insert  tid 105992
FindTargetPageId rootid 3 tid 105992
target_page_id id: 5 tid 105992
0 1 tid 105992
128 4 tid 105992
365 2 tid 105992
492 5 tid 105992
159 tid 105992
Insert  tid 105992
FindTargetPageId rootid 3 tid 105992
target_page_id id: 5 tid 105992
0 1 tid 105992
128 4 tid 105992
365 2 tid 105992
492 5 tid 105992
160 tid 105992
Insert  tid 105992
FindTargetPageId rootid 3 tid 105992
target_page_id id: 5 tid 105992
0 1 tid 105992
128 4 tid 105992
365 2 tid 105992
492 5 tid 105992
161 tid 105992
Insert  tid 105992
FindTargetPageId rootid 3 tid 105992
target_page_id id: 5 tid 105992
0 1 tid 105992
128 4 tid 105992
365 2 tid 105992
492 5 tid 105992
162 tid 105992
Insert  tid 105992
FindTargetPageId rootid 3 tid 105992
target_page_id id: 5 tid 105992
0 1 tid 105992
128 4 tid 105992
365 2 tid 105992
492 5 tid 105992
163 tid 105992
Insert  tid 105992
FindTargetPageId rootid 3 tid 105992
target_page_id id: 5 tid 105992
0 1 tid 105992
128 4 tid 105992
365 2 tid 105992
492 5 tid 105992
164 tid 105992
Insert  tid 105992
FindTargetPageId rootid 3 tid 105992
target_page_id id: 5 tid 105992
0 1 tid 105992
128 4 tid 105992
365 2 tid 105992
492 5 tid 105992
165 tid 105992
Insert  tid 105992
FindTargetPageId rootid 3 tid 105991
target_page_id id: 5 tid 105991
0 1 tid 105991
128 4 tid 105991
365 2 tid 105991
492 5 tid 105991
166 tid 105991
Remove  tid 105991
FindTargetPageId rootid 3 tid 105990
target_page_id id: 5 tid 105990
0 1 tid 105990
128 4 tid 105990
365 2 tid 105990
492 5 tid 105990
166 tid 105990
Insert  tid 105990
FindTargetPageId rootid 3 tid 105992
target_page_id id: 5 tid 105992
0 1 tid 105992
128 4 tid 105992
365 2 tid 105992
492 5 tid 105992
166 tid 105992
Insert  tid 105992
FindTargetPageId rootid 3 tid 105992
target_page_id id: 5 tid 105992
0 1 tid 105992
128 4 tid 105992
365 2 tid 105992
492 5 tid 105992
167 tid 105992
Insert  tid 105992
FindTargetPageId rootid 3 tid 105990
target_page_id id: 5 tid 105990
0 1 tid 105990
128 4 tid 105990
365 2 tid 105990
492 5 tid 105990
168 tid 105990
Insert  tid 105990
FindTargetPageId rootid 3 tid 105990
target_page_id id: 5 tid 105990
0 1 tid 105990
128 4 tid 105990
365 2 tid 105990
492 5 tid 105990
168 tid 105990
Insert  tid 105990
FindTargetPageId rootid 3 tid 105992
target_page_id id: 5 tid 105992
0 1 tid 105992
128 4 tid 105992
365 2 tid 105992
492 5 tid 105992
168 tid 105992
Insert  tid 105992
FindTargetPageId rootid 3 tid 105992
target_page_id id: 5 tid 105992
0 1 tid 105992
128 4 tid 105992
365 2 tid 105992
492 5 tid 105992
169 tid 105992
Insert  tid 105992
FindTargetPageId rootid 3 tid 105992
target_page_id id: 5 tid 105992
0 1 tid 105992
128 4 tid 105992
365 2 tid 105992
492 5 tid 105992
170 tid 105992
Insert  tid 105992
FindTargetPageId rootid 3 tid 105991
target_page_id id: 5 tid 105991
0 1 tid 105991
128 4 tid 105991
365 2 tid 105991
492 5 tid 105991
171 tid 105991
Remove  tid 105991
FindTargetPageId rootid 3 tid 105990
target_page_id id: 5 tid 105990
0 1 tid 105990
128 4 tid 105990
365 2 tid 105990
492 5 tid 105990
171 tid 105990
Insert  tid 105990
FindTargetPageId rootid 3 tid 105990
target_page_id id: 5 tid 105990
0 1 tid 105990
128 4 tid 105990
365 2 tid 105990
492 5 tid 105990
171 tid 105990
Insert  tid 105990
FindTargetPageId rootid 3 tid 105990
target_page_id id: 5 tid 105990
0 1 tid 105990
128 4 tid 105990
365 2 tid 105990
492 5 tid 105990
171 tid 105990
Insert  tid 105990
FindTargetPageId rootid 3 tid 105990
target_page_id id: 5 tid 105990
0 1 tid 105990
128 4 tid 105990
365 2 tid 105990
492 5 tid 105990
171 tid 105990
Insert  tid 105990
FindTargetPageId rootid 3 tid 105992
target_page_id id: 5 tid 105992
0 1 tid 105992
128 4 tid 105992
365 2 tid 105992
492 5 tid 105992
171 tid 105992
Insert  tid 105992
FindTargetPageId rootid 3 tid 105991
target_page_id id: 5 tid 105991
0 1 tid 105991
128 4 tid 105991
365 2 tid 105991
492 5 tid 105991
172 tid 105991
Remove  tid 105991
FindTargetPageId rootid 3 tid 105990
target_page_id id: 5 tid 105990
0 1 tid 105990
128 4 tid 105990
365 2 tid 105990
492 5 tid 105990
172 tid 105990
Insert  tid 105990
FindTargetPageId rootid 3 tid 105992
target_page_id id: 5 tid 105992
0 1 tid 105992
128 4 tid 105992
365 2 tid 105992
492 5 tid 105992
172 tid 105992
Insert  tid 105992
FindTargetPageId rootid 3 tid 105991
target_page_id id: 5 tid 105991
0 1 tid 105991
128 4 tid 105991
365 2 tid 105991
492 5 tid 105991
173 tid 105991
Remove  tid 105991
FindTargetPageId rootid 3 tid 105990
target_page_id id: 5 tid 105990
0 1 tid 105990
128 4 tid 105990
365 2 tid 105990
492 5 tid 105990
173 tid 105990
Insert  tid 105990
FindTargetPageId rootid 3 tid 105992
target_page_id id: 5 tid 105992
0 1 tid 105992
128 4 tid 105992
365 2 tid 105992
492 5 tid 105992
173 tid 105992
Insert  tid 105992
FindTargetPageId rootid 3 tid 105991
target_page_id id: 5 tid 105991
0 1 tid 105991
128 4 tid 105991
365 2 tid 105991
492 5 tid 105991
174 tid 105991
Remove  tid 105991
FindTargetPageId rootid 3 tid 105990
target_page_id id: 5 tid 105990
0 1 tid 105990
128 4 tid 105990
365 2 tid 105990
492 5 tid 105990
174 tid 105990
Insert  tid 105990
FindTargetPageId rootid 3 tid 105990
target_page_id id: 5 tid 105990
0 1 tid 105990
128 4 tid 105990
365 2 tid 105990
492 5 tid 105990
174 tid 105990
Insert  tid 105990
FindTargetPageId rootid 3 tid 105990
target_page_id id: 5 tid 105990
0 1 tid 105990
128 4 tid 105990
365 2 tid 105990
492 5 tid 105990
174 tid 105990
Insert  tid 105990
FindTargetPageId rootid 3 tid 105990
target_page_id id: 5 tid 105990
0 1 tid 105990
128 4 tid 105990
365 2 tid 105990
492 5 tid 105990
174 tid 105990
Insert  tid 105990
FindTargetPageId rootid 3 tid 105990
target_page_id id: 5 tid 105990
0 1 tid 105990
128 4 tid 105990
365 2 tid 105990
492 5 tid 105990
174 tid 105990
Insert  tid 105990
FindTargetPageId rootid 3 tid 105990
target_page_id id: 5 tid 105990
0 1 tid 105990
128 4 tid 105990
365 2 tid 105990
492 5 tid 105990
174 tid 105990
Insert  tid 105990
FindTargetPageId rootid 3 tid 105992
target_page_id id: 5 tid 105992
0 1 tid 105992
128 4 tid 105992
365 2 tid 105992
492 5 tid 105992
174 tid 105992
Insert  tid 105992
FindTargetPageId rootid 3 tid 105992
target_page_id id: 5 tid 105992
0 1 tid 105992
128 4 tid 105992
365 2 tid 105992
492 5 tid 105992
175 tid 105992
Insert  tid 105992
FindTargetPageId rootid 3 tid 105990
target_page_id id: 5 tid 105990
0 1 tid 105990
128 4 tid 105990
365 2 tid 105990
492 5 tid 105990
176 tid 105990
Insert  tid 105990
FindTargetPageId rootid 3 tid 105991
target_page_id id: 5 tid 105991
0 1 tid 105991
128 4 tid 105991
365 2 tid 105991
492 5 tid 105991
176 tid 105991
Remove  tid 105991
FindTargetPageId rootid 3 tid 105992
target_page_id id: 5 tid 105992
0 1 tid 105992
128 4 tid 105992
365 2 tid 105992
492 5 tid 105992
176 tid 105992
Insert  tid 105992
FindTargetPageId rootid 3 tid 105990
target_page_id id: 5 tid 105990
0 1 tid 105990
128 4 tid 105990
365 2 tid 105990
492 5 tid 105990
177 tid 105990
Insert  tid 105990
FindTargetPageId rootid 3 tid 105991
target_page_id id: 5 tid 105991
0 1 tid 105991
128 4 tid 105991
365 2 tid 105991
492 5 tid 105991
177 tid 105991
Remove  tid 105991
FindTargetPageId rootid 3 tid 105992
target_page_id id: 5 tid 105992
0 1 tid 105992
128 4 tid 105992
365 2 tid 105992
492 5 tid 105992
177 tid 105992
Insert  tid 105992
FindTargetPageId rootid 3 tid 105990
target_page_id id: 5 tid 105990
0 1 tid 105990
128 4 tid 105990
365 2 tid 105990
492 5 tid 105990
178 tid 105990
Insert  tid 105990
FindTargetPageId rootid 3 tid 105991
target_page_id id: 5 tid 105991
0 1 tid 105991
128 4 tid 105991
365 2 tid 105991
492 5 tid 105991
178 tid 105991
Remove  tid 105991
FindTargetPageId rootid 3 tid 105992
target_page_id id: 5 tid 105992
0 1 tid 105992
128 4 tid 105992
365 2 tid 105992
492 5 tid 105992
178 tid 105992
Insert  tid 105992
FindTargetPageId rootid 3 tid 105990
target_page_id id: 5 tid 105990
0 1 tid 105990
128 4 tid 105990
365 2 tid 105990
492 5 tid 105990
179 tid 105990
Insert  tid 105990
FindTargetPageId rootid 3 tid 105991
target_page_id id: 5 tid 105991
0 1 tid 105991
128 4 tid 105991
365 2 tid 105991
492 5 tid 105991
179 tid 105991
Remove  tid 105991
FindTargetPageId rootid 3 tid 105992
target_page_id id: 5 tid 105992
0 1 tid 105992
128 4 tid 105992
365 2 tid 105992
492 5 tid 105992
179 tid 105992
Insert  tid 105992
FindTargetPageId rootid 3 tid 105990
target_page_id id: 5 tid 105990
0 1 tid 105990
128 4 tid 105990
365 2 tid 105990
492 5 tid 105990
180 tid 105990
Insert  tid 105990
FindTargetPageId rootid 3 tid 105991
target_page_id id: 5 tid 105991
0 1 tid 105991
128 4 tid 105991
365 2 tid 105991
492 5 tid 105991
180 tid 105991
Remove  tid 105991
FindTargetPageId rootid 3 tid 105991
target_page_id id: 5 tid 105991
0 1 tid 105991
128 4 tid 105991
365 2 tid 105991
492 5 tid 105991
180 tid 105991
Remove  tid 105991
FindTargetPageId rootid 3 tid 105990
target_page_id id: 5 tid 105990
0 1 tid 105990
128 4 tid 105990
365 2 tid 105990
492 5 tid 105990
180 tid 105990
Insert  tid 105990
FindTargetPageId rootid 3 tid 105992
target_page_id id: 5 tid 105992
0 1 tid 105992
128 4 tid 105992
365 2 tid 105992
492 5 tid 105992
180 tid 105992
FindTargetPageId rootid 3 tid 105991
target_page_id id: 5 tid 105991
0 1 tid 105991
128 4 tid 105991
365 2 tid 105991
492 5 tid 105991
181 tid 105991
Insert  tid 105992
FindTargetPageId rootid 3 tid 105992
target_page_id id: 5 tid 105992
0 1 tid 105992
128 4 tid 105992
365 2 tid 105992
492 5 tid 105992
181 tid 105992
Insert  tid 105992
Remove  tid FindTargetPageId rootid 105991
3 tid 105992
target_page_id id: 5 tid 105992
0 1 tid 105992
128 4 tid 105992
365 2 tid 105992
492 5 tid 105992
182 tid 105992
Insert  tid 105992
FindTargetPageId rootid 3 tid 105991
target_page_id id: 5 tid 105991
0 1 tid 105991
128 4 tid 105991
365 2 tid 105991
492 5 tid 105991
183 tid 105991
Remove  tid 105991
FindTargetPageId rootid 3 tid 105990
target_page_id id: 5 tid 105990
0 1 tid 105990
128 4 tid 105990
365 2 tid 105990
492 5 tid 105990
183 tid 105990
Insert  tid 105990
FindTargetPageId rootid 3 tid 105992
target_page_id id: 5 tid 105992
0 1 tid 105992
128 4 tid 105992
365 2 tid 105992
492 5 tid 105992
183 tid 105992
Insert  tid 105992
FindTargetPageId rootid 3 tid 105992
target_page_id id: 5 tid 105992
0 1 tid 105992
128 4 tid 105992
365 2 tid 105992
492 5 tid 105992
184 tid 105992
Insert  tid 105992
FindTargetPageId rootid 3 tid 105992
target_page_id id: 5 tid 105992
0 1 tid 105992
128 4 tid 105992
365 2 tid 105992
492 5 tid 105992
185 tid 105992
Insert  tid 105992
FindTargetPageId rootid 3 tid 105991
target_page_id id: 5 tid 105991
0 1 tid 105991
128 4 tid 105991
365 2 tid 105991
492 5 tid 105991
186 tid 105991
Remove  tid 105991
FindTargetPageId rootid 3 tid 105990
target_page_id id: 5 tid 105990
0 1 tid 105990
128 4 tid 105990
365 2 tid 105990
492 5 tid 105990
186 tid 105990
Insert  tid 105990
FindTargetPageId rootid 3 tid 105992
target_page_id id: 5 tid 105992
0 1 tid 105992
128 4 tid 105992
365 2 tid 105992
492 5 tid 105992
186 tid 105992
Insert  tid 105992
FindTargetPageId rootid 3 tid 105992
target_page_id id: 5 tid 105992
0 1 tid 105992
128 4 tid 105992
365 2 tid 105992
492 5 tid 105992
187 tid 105992
Insert  tid 105992
FindTargetPageId rootid 3 tid 105992
target_page_id id: 5 tid 105992
0 1 tid 105992
128 4 tid 105992
365 2 tid 105992
492 5 tid 105992
188 tid 105992
Insert  tid 105992
FindTargetPageId rootid 3 tid 105991
target_page_id id: 5 tid 105991
0 1 tid 105991
128 4 tid 105991
365 2 tid 105991
492 5 tid 105991
189 tid 105991
Remove  tid 105991
FindTargetPageId rootid 3 tid 105990
target_page_id id: 5 tid 105990
0 1 tid 105990
128 4 tid 105990
365 2 tid 105990
492 5 tid 105990
189 tid 105990
Insert  tid 105990
FindTargetPageId rootid 3 tid 105990
target_page_id id: 5 tid 105990
0 1 tid 105990
128 4 tid 105990
365 2 tid 105990
492 5 tid 105990
189 tid 105990
Insert  tid 105990
FindTargetPageId rootid 3 tid 105991
target_page_id id: 5 tid 105991
0 1 tid 105991
128 4 tid 105991
365 2 tid 105991
492 5 tid 105991
189 tid 105991
Remove  tid 105991
FindTargetPageId rootid 3 tid 105992
target_page_id id: 5 tid 105992
0 1 tid 105992
128 4 tid 105992
365 2 tid 105992
492 5 tid 105992
189 tid 105992
Insert  tid 105992
FindTargetPageId rootid 3 tid 105990
target_page_id id: 5 tid 105990
0 1 tid 105990
128 4 tid 105990
365 2 tid 105990
492 5 tid 105990
190 tid 105990
Insert  tid 105990
FindTargetPageId rootid 3 tid 105991
target_page_id id: 5 tid 105991
0 1 tid 105991
128 4 tid 105991
365 2 tid 105991
492 5 tid 105991
190 tid 105991
Remove  tid 105991
FindTargetPageId rootid 3 tid 105992
target_page_id id: 5 tid 105992
0 1 tid 105992
128 4 tid 105992
365 2 tid 105992
492 5 tid 105992
190 tid 105992
Insert  tid 105992
FindTargetPageId rootid 3 tid 105990
target_page_id id: 5 tid 105990
0 1 tid 105990
128 4 tid 105990
365 2 tid 105990
492 5 tid 105990
191 tid 105990
Insert  tid 105990
FindTargetPageId rootid 3 tid 105991
target_page_id id: 5 tid 105991
0 1 tid 105991
128 4 tid 105991
365 2 tid 105991
492 5 tid 105991
191 tid 105991
Remove  tid 105991
FindTargetPageId rootid 3 tid 105992
target_page_id id: 5 tid 105992
0 1 tid 105992
128 4 tid 105992
365 2 tid 105992
492 5 tid 105992
191 tid 105992
Insert  tid 105992
FindTargetPageId rootid 3 tid 105990
target_page_id id: 5 tid 105990
0 1 tid 105990
128 4 tid 105990
365 2 tid 105990
492 5 tid 105990
192 tid 105990
Insert  tid 105990
FindTargetPageId rootid 3 tid 105991
target_page_id id: 5 tid 105991
0 1 tid 105991
128 4 tid 105991
365 2 tid 105991
492 5 tid 105991
192 tid 105991
Remove  tid 105991
FindTargetPageId rootid 3 tid 105992
target_page_id id: 5 tid 105992
0 1 tid 105992
128 4 tid 105992
365 2 tid 105992
492 5 tid 105992
192 tid 105992
Insert  tid 105992
FindTargetPageId rootid 3 tid 105990
target_page_id id: 5 tid 105990
0 1 tid 105990
128 4 tid 105990
365 2 tid 105990
492 5 tid 105990
193 tid 105990
Insert  tid 105990
FindTargetPageId rootid 3 tid 105991
target_page_id id: 5 tid 105991
0 1 tid 105991
128 4 tid 105991
365 2 tid 105991
492 5 tid 105991
193 tid 105991
Remove  tid 105991
FindTargetPageId rootid 3 tid 105992
target_page_id id: 5 tid 105992
0 1 tid 105992
128 4 tid 105992
365 2 tid 105992
492 5 tid 105992
193 tid 105992
Insert  tid 105992
FindTargetPageId rootid 3 tid 105992
target_page_id id: 5 tid 105992
0 1 tid 105992
128 4 tid 105992
365 2 tid 105992
492 5 tid 105992
194 tid 105992
Insert  tid 105992
FindTargetPageId rootid 3 tid 105991
target_page_id id: 5 tid 105991
0 1 tid 105991
128 4 tid 105991
365 2 tid 105991
492 5 tid 105991
195 tid 105991
Remove  tid 105991
FindTargetPageId rootid 3 tid 105990
target_page_id id: 5 tid 105990
0 1 tid 105990
128 4 tid 105990
365 2 tid 105990
492 5 tid 105990
195 tid 105990
Insert  tid 105990
FindTargetPageId rootid 3 tid 105992
target_page_id id: 5 tid 105992
0 1 tid 105992
128 4 tid 105992
365 2 tid 105992
492 5 tid 105992
195 tid 105992
Insert  tid 105992
FindTargetPageId rootid 3 tid 105991
target_page_id id: 5 tid 105991
0 1 tid 105991
128 4 tid 105991
365 2 tid 105991
492 5 tid 105991
196 tid 105991
Remove  tid 105991
FindTargetPageId rootid 3 tid 105990
target_page_id id: 5 tid 105990
0 1 tid 105990
128 4 tid 105990
365 2 tid 105990
492 5 tid 105990
196 tid 105990
Insert  tid 105990
FindTargetPageId rootid 3 tid 105992
target_page_id id: 5 tid 105992
0 1 tid 105992
128 4 tid 105992
365 2 tid 105992
492 5 tid 105992
196 tid 105992
Insert  tid 105992
FindTargetPageId rootid 3 tid 105991
target_page_id id: 5 tid 105991
0 1 tid 105991
128 4 tid 105991
365 2 tid 105991
492 5 tid 105991
197 tid 105991
Remove  tid 105991
FindTargetPageId rootid 3 tid 105990
target_page_id id: 5 tid 105990
0 1 tid 105990
128 4 tid 105990
365 2 tid 105990
492 5 tid 105990
197 tid 105990
FindTargetPageId rootid 3 tid 105992
target_page_id id: 5 tid 105992
0 1 tid 105992
128 4 tid 105992
365 2 tid 105992
Insert  tid 105990
492 5 tid 105992
197 tid 105992
Insert  tid 105992
FindTargetPageId rootid 3 tid 105991
target_page_id id: 5 tid 105991
0 1 tid 105991
128 4 tid 105991
365 2 tid 105991
492 5 tid 105991
198 tid 105991
Remove  tid 105991
FindTargetPageId rootid 3 tid 105990
target_page_id id: 5 tid 105990
0 1 tid 105990
128 4 tid 105990
365 2 tid 105990
492 5 tid 105990
198 tid 105990
Insert  tid 105990
FindTargetPageId rootid 3 tid 105992
target_page_id id: 5 tid 105992
0 1 tid 105992
128 4 tid 105992
365 2 tid 105992
492 5 tid 105992
198 tid 105992
Insert  tid 105992
FindTargetPageId rootid 3 tid 105991
target_page_id id: 5 tid 105991
0 1 tid 105991
128 4 tid 105991
365 2 tid 105991
492 5 tid 105991
199 tid 105991
Remove  tid 105991
FindTargetPageId rootid 3 tid 105990
target_page_id id: 5 tid 105990
0 1 tid 105990
128 4 tid 105990
365 2 tid 105990
492 5 tid 105990
199 tid 105990
Insert  tid 105990
FindTargetPageId rootid 3 tid 105990
target_page_id id: 5 tid 105990
0 1 tid 105990
128 4 tid 105990
365 2 tid 105990
492 5 tid 105990
199 tid 105990
Insert  tid 105990
FindTargetPageId rootid 3 tid 105990
target_page_id id: 5 tid 105990
0 1 tid 105990
128 4 tid 105990
365 2 tid 105990
492 5 tid 105990
199 tid 105990
Insert  tid 105990
FindTargetPageId rootid 3 tid 105990
target_page_id id: 5 tid 105990
0 1 tid 105990
128 4 tid 105990
365 2 tid 105990
492 5 tid 105990
199 tid 105990
Insert  tid 105990
FindTargetPageId rootid 3 tid 105990
target_page_id id: 5 tid 105990
0 1 tid 105990
128 4 tid 105990
365 2 tid 105990
492 5 tid 105990
199 tid 105990
Insert  tid 105990
FindTargetPageId rootid 3 tid 105990
target_page_id id: 5 tid 105990
0 1 tid 105990
128 4 tid 105990
365 2 tid 105990
492 5 tid 105990
199 tid 105990
Insert  tid 105990
FindTargetPageId rootid 3 tid 105990
target_page_id id: 5 tid 105990
0 1 tid 105990
128 4 tid 105990
365 2 tid 105990
492 5 tid 105990
199 tid 105990
Insert  tid 105990
FindTargetPageId rootid 3 tid 105991
target_page_id id: 5 tid 105991
0 1 tid 105991
128 4 tid 105991
365 2 tid 105991
492 5 tid 105991
199 tid 105991
Remove  tid 105991
FindTargetPageId rootid 3 tid 105992
target_page_id id: 5 tid 105992
0 1 tid 105992
128 4 tid 105992
365 2 tid 105992
492 5 tid 105992
199 tid 105992
FindTargetPageId rootid 3 tid 105990
Insert  tid 105992
target_page_id id: 5 tid 105990
0 1 tid 105990
128 4 tid 105990
365 2 tid 105990
492 5 tid 105990
200 tid 105990
Insert  tid 105990
FindTargetPageId rootid 3 tid 105991
target_page_id id: 5 tid 105991
0 1 tid 105991
128 4 tid 105991
365 2 tid 105991
492 5 tid 105991
200 tid 105991
Remove  tid 105991
FindTargetPageId rootid 3 tid 105992
target_page_id id: 5 tid 105992
0 1 tid 105992
128 4 tid 105992
365 2 tid 105992
492 5 tid 105992
200 tid 105992
Insert  tid 105992
FindTargetPageId rootid 3 tid 105990
target_page_id id: 5 tid 105990
0 1 tid 105990
128 4 tid 105990
365 2 tid 105990
492 5 tid 105990
201 tid 105990
Insert  tid 105990
FindTargetPageId rootid 3 tid 105991
target_page_id id: 5 tid 105991
0 1 tid 105991
128 4 tid 105991
365 2 tid 105991
492 5 tid 105991
201 tid 105991
Remove  tid 105991
FindTargetPageId rootid 3 tid 105992
target_page_id id: 5 tid 105992
0 1 tid 105992
128 4 tid 105992
365 2 tid 105992
492 5 tid 105992
201 tid 105992
Insert  tid 105992
FindTargetPageId rootid 3 tid 105992
target_page_id id: 5 tid 105992
0 1 tid 105992
128 4 tid 105992
365 2 tid 105992
492 5 tid 105992
202 tid 105992
Insert  tid 105992
FindTargetPageId rootid 3 tid 105991
target_page_id id: 5 tid 105991
0 1 tid 105991
128 4 tid 105991
365 2 tid 105991
492 5 tid 105991
203 tid 105991
Remove  tid 105991
FindTargetPageId rootid 3 tid 105990
target_page_id id: 5 tid 105990
0 1 tid 105990
128 4 tid 105990
365 2 tid 105990
492 5 tid 105990
203 tid 105990
Insert  tid 105990
FindTargetPageId rootid 3 tid 105992
target_page_id id: 5 tid 105992
0 1 tid 105992
128 4 tid 105992
365 2 tid 105992
492 5 tid 105992
203 tid 105992
Insert  tid 105992
FindTargetPageId rootid 3 tid 105992
target_page_id id: 5 tid 105992
0 1 tid 105992
128 4 tid 105992
365 2 tid 105992
492 5 tid 105992
204 tid 105992
Insert  tid 105992
FindTargetPageId rootid 3 tid 105992
target_page_id id: 5 tid 105992
0 1 tid 105992
128 4 tid 105992
365 2 tid 105992
492 5 tid 105992
205 tid 105992
Insert  tid 105992
FindTargetPageId rootid 3 tid 105992
target_page_id id: 5 tid 105992
0 1 tid 105992
128 4 tid 105992
365 2 tid 105992
492 5 tid 105992
206 tid 105992
Insert  tid 105992
FindTargetPageId rootid 3 tid 105992
target_page_id id: 5 tid 105992
0 1 tid 105992
128 4 tid 105992
365 2 tid 105992
492 5 tid 105992
207 tid 105992
Insert  tid 105992
FindTargetPageId rootid 3 tid 105992
target_page_id id: 5 tid 105992
0 1 tid 105992
128 4 tid 105992
365 2 tid 105992
492 5 tid 105992
208 tid 105992
Insert  tid 105992
FindTargetPageId rootid 3 tid 105992
target_page_id id: 5 tid 105992
0 1 tid 105992
128 4 tid 105992
365 2 tid 105992
492 5 tid 105992
209 tid 105992
Insert  tid 105992
FindTargetPageId rootid 3 tid 105992
target_page_id id: 5 tid 105992
0 1 tid 105992
128 4 tid 105992
365 2 tid 105992
492 5 tid 105992
210 tid 105992
Insert  tid 105992
FindTargetPageId rootid 3 tid 105992
target_page_id id: 5 tid 105992
0 1 tid 105992
128 4 tid 105992
365 2 tid 105992
492 5 tid 105992
211 tid 105992
Insert  tid 105992
FindTargetPageId rootid 3 tid 105992
target_page_id id: 5 tid 105992
0 1 tid 105992
128 4 tid 105992
365 2 tid 105992
492 5 tid 105992
212 tid 105992
Insert  tid 105992
FindTargetPageId rootid 3 tid 105992
target_page_id id: 5 tid 105992
0 1 tid 105992
128 4 tid 105992
365 2 tid 105992
492 5 tid 105992
213 tid 105992
Insert  tid 105992
FindTargetPageId rootid 3 tid 105992
target_page_id id: 5 tid 105992
0 1 tid 105992
128 4 tid 105992
365 2 tid 105992
492 5 tid 105992
214 tid 105992
Insert  tid 105992
FindTargetPageId rootid 3 tid 105992
target_page_id id: 5 tid 105992
0 1 tid 105992
128 4 tid 105992
365 2 tid 105992
492 5 tid 105992
215 tid 105992
Insert  tid 105992
FindTargetPageId rootid 3 tid 105992
target_page_id id: 5 tid 105992
0 1 tid 105992
128 4 tid 105992
365 2 tid 105992
492 5 tid 105992
216 tid 105992
Insert  tid 105992
FindTargetPageId rootid 3 tid 105992
target_page_id id: 5 tid 105992
0 1 tid 105992
128 4 tid 105992
365 2 tid 105992
492 5 tid 105992
217 tid 105992
Insert  tid 105992
FindTargetPageId rootid 3 tid 105991
target_page_id id: 5 tid 105991
0 1 tid 105991
128 4 tid 105991
365 2 tid 105991
492 5 tid 105991
218 tid 105991
Remove  tid 105991
FindTargetPageId rootid 3 tid 105990
target_page_id id: 5 tid 105990
0 1 tid 105990
128 4 tid 105990
365 2 tid 105990
492 5 tid 105990
217 tid 105990
Insert  tid 105990
FindTargetPageId rootid 3 tid 105990
target_page_id id: 5 tid 105990
0 1 tid 105990
128 4 tid 105990
365 2 tid 105990
492 5 tid 105990
217 tid 105990
Insert  tid 105990
FindTargetPageId rootid 3 tid 105991
target_page_id id: 5 tid 105991
0 1 tid 105991
128 4 tid 105991
365 2 tid 105991
492 5 tid 105991
217 tid 105991
Remove  tid 105991
FindTargetPageId rootid 3 tid 105991
target_page_id id: 5 tid 105991
0 1 tid 105991
128 4 tid 105991
365 2 tid 105991
492 5 tid 105991
216 tid 105991
Remove  tid 105991
FindTargetPageId rootid 3 tid 105991
target_page_id id: 5 tid 105991
0 1 tid 105991
128 4 tid 105991
365 2 tid 105991
492 5 tid 105991
215 tid 105991
Remove  tid 105991
FindTargetPageId rootid 3 tid 105991
target_page_id id: 5 tid 105991
0 1 tid 105991
128 4 tid 105991
365 2 tid 105991
492 5 tid 105991
214 tid 105991
Remove  tid 105991
FindTargetPageId rootid 3 tid 105991
target_page_id id: 5 tid 105991
0 1 tid 105991
128 4 tid 105991
365 2 tid 105991
492 5 tid 105991
213 tid 105991
Remove  tid 105991
FindTargetPageId rootid 3 tid 105990
target_page_id id: 5 tid 105990
0 1 tid 105990
128 4 tid 105990
365 2 tid 105990
492 5 tid 105990
212 tid 105990
Insert  tid 105990
FindTargetPageId rootid 3 tid 105992
target_page_id id: 5 tid 105992
0 1 tid 105992
128 4 tid 105992
365 2 tid 105992
492 5 tid 105992
212 tid 105992
Insert  tid 105992
FindTargetPageId rootid 3 tid 105992
target_page_id id: 5 tid 105992
0 1 tid 105992
128 4 tid 105992
365 2 tid 105992
492 5 tid 105992
213 tid 105992
Insert  tid 105992
FindTargetPageId rootid 3 tid 105992
target_page_id id: 5 tid 105992
0 1 tid 105992
128 4 tid 105992
365 2 tid 105992
492 5 tid 105992
214 tid 105992
Insert  tid 105992
FindTargetPageId rootid 3 tid 105992
target_page_id id: 5 tid 105992
0 1 tid 105992
128 4 tid 105992
365 2 tid 105992
492 5 tid 105992
215 tid 105992
Insert  tid 105992
FindTargetPageId rootid 3 tid 105992
target_page_id id: 5 tid 105992
0 1 tid 105992
128 4 tid 105992
365 2 tid 105992
492 5 tid 105992
216 tid 105992
Insert  tid 105992
FindTargetPageId rootid 3 tid 105992
target_page_id id: 5 tid 105992
0 1 tid 105992
128 4 tid 105992
365 2 tid 105992
492 5 tid 105992
217 tid 105992
Insert  tid 105992
FindTargetPageId rootid 3 tid 105992
target_page_id id: 5 tid 105992
0 1 tid 105992
128 4 tid 105992
365 2 tid 105992
492 5 tid 105992
218 tid 105992
Insert  tid 105992
FindTargetPageId rootid 3 tid 105992
target_page_id id: 5 tid 105992
0 1 tid 105992
128 4 tid 105992
365 2 tid 105992
492 5 tid 105992
219 tid 105992
Insert  tid 105992
FindTargetPageId rootid 3 tid 105991
target_page_id id: 5 tid 105991
0 1 tid 105991
128 4 tid 105991
365 2 tid 105991
492 5 tid 105991
220 tid 105991
Remove  tid 105991
FindTargetPageId rootid 3 tid 105990
target_page_id id: 5 tid 105990
0 1 tid 105990
128 4 tid 105990
365 2 tid 105990
492 5 tid 105990
219 tid 105990
Insert  tid 105990
FindTargetPageId rootid 3 tid 105991
target_page_id id: 5 tid 105991
0 1 tid 105991
128 4 tid 105991
365 2 tid 105991
492 5 tid 105991
219 tid 105991
Remove  tid 105991
FindTargetPageId rootid 3 tid 105991
target_page_id id: 5 tid 105991
0 1 tid 105991
128 4 tid 105991
365 2 tid 105991
492 5 tid 105991
218 tid 105991
Remove  tid 105991
FindTargetPageId rootid 3 tid 105991
target_page_id id: 5 tid 105991
0 1 tid 105991
128 4 tid 105991
365 2 tid 105991
492 5 tid 105991
217 tid 105991
Remove  tid 105991
FindTargetPageId rootid 3 tid 105991
target_page_id id: 5 tid 105991
0 1 tid 105991
128 4 tid 105991
365 2 tid 105991
492 5 tid 105991
216 tid 105991
Remove  tid 105991
FindTargetPageId rootid 3 tid 105991
target_page_id id: 5 tid 105991
0 1 tid 105991
128 4 tid 105991
365 2 tid 105991
492 5 tid 105991
215 tid 105991
Remove  tid 105991
FindTargetPageId rootid 3 tid 105991
target_page_id id: 5 tid 105991
0 1 tid 105991
128 4 tid 105991
365 2 tid 105991
492 5 tid 105991
214 tid 105991
Remove  tid 105991
FindTargetPageId rootid 3 tid 105991
target_page_id id: 5 tid 105991
0 1 tid 105991
128 4 tid 105991
365 2 tid 105991
492 5 tid 105991
213 tid 105991
Remove  tid 105991
FindTargetPageId rootid 3 tid 105991
target_page_id id: 5 tid 105991
0 1 tid 105991
128 4 tid 105991
365 2 tid 105991
492 5 tid 105991
212 tid 105991
Remove  tid 105991
FindTargetPageId rootid 3 tid 105991
target_page_id id: 5 tid 105991
0 1 tid 105991
128 4 tid 105991
365 2 tid 105991
492 5 tid 105991
211 tid 105991
Remove  tid 105991
FindTargetPageId rootid 3 tid 105991
target_page_id id: 5 tid 105991
0 1 tid 105991
128 4 tid 105991
365 2 tid 105991
492 5 tid 105991
210 tid 105991
Remove  tid 105991
FindTargetPageId rootid 3 tid 105991
target_page_id id: 5 tid 105991
0 1 tid 105991
128 4 tid 105991
365 2 tid 105991
492 5 tid 105991
209 tid 105991
Remove  tid 105991
FindTargetPageId rootid 3 tid 105992
target_page_id id: 5 tid 105992
0 1 tid 105992
128 4 tid 105992
365 2 tid 105992
492 5 tid 105992
208 tid 105992
Insert  tid 105992
FindTargetPageId rootid 3 tid 105992
target_page_id id: 5 tid 105992
0 1 tid 105992
128 4 tid 105992
365 2 tid 105992
492 5 tid 105992
209 tid 105992
Insert  tid 105992
FindTargetPageId rootid 3 tid 105992
target_page_id id: 5 tid 105992
0 1 tid 105992
128 4 tid 105992
365 2 tid 105992
492 5 tid 105992
210 tid 105992
Insert  tid 105992
FindTargetPageId rootid 3 tid 105991
target_page_id id: 5 tid 105991
0 1 tid 105991
128 4 tid 105991
365 2 tid 105991
492 5 tid 105991
211 tid 105991
Remove  tid 105991
FindTargetPageId rootid 3 tid 105991
target_page_id id: 5 tid 105991
0 1 tid 105991
128 4 tid 105991
365 2 tid 105991
492 5 tid 105991
210 tid 105991
Remove  tid 105991
FindTargetPageId rootid 3 tid 105992
target_page_id id: 5 tid 105992
0 1 tid 105992
128 4 tid 105992
365 2 tid 105992
492 5 tid 105992
209 tid 105992
Insert  tid 105992
FindTargetPageId rootid 3 tid 105990
target_page_id id: 5 tid 105990
0 1 tid 105990
128 4 tid 105990
365 2 tid 105990
492 5 tid 105990
210 tid 105990
Insert  tid 105990
FindTargetPageId rootid 3 tid 105991
target_page_id id: 5 tid 105991
0 1 tid 105991
128 4 tid 105991
365 2 tid 105991
492 5 tid 105991
210 tid 105991
Remove  tid 105991
FindTargetPageId rootid 3 tid 105992
target_page_id id: 5 tid 105992
0 1 tid 105992
128 4 tid 105992
365 2 tid 105992
492 5 tid 105992
209 tid 105992
Insert  tid 105992
FindTargetPageId rootid 3 tid 105990
target_page_id id: 5 tid 105990
0 1 tid 105990
128 4 tid 105990
365 2 tid 105990
492 5 tid 105990
210 tid 105990
Insert  tid 105990
FindTargetPageId rootid 3 tid 105991
target_page_id id: 5 tid 105991
0 1 tid 105991
128 4 tid 105991
365 2 tid 105991
492 5 tid 105991
210 tid 105991
Remove  tid 105991
FindTargetPageId rootid 3 tid 105992
target_page_id id: 5 tid 105992
0 1 tid 105992
128 4 tid 105992
365 2 tid 105992
492 5 tid 105992
209 tid 105992
Insert  tid 105992
FindTargetPageId rootid 3 tid 105990
target_page_id id: 5 tid 105990
0 1 tid 105990
128 4 tid 105990
365 2 tid 105990
492 5 tid 105990
210 tid 105990
Insert  tid 105990
FindTargetPageId rootid 3 tid 105991
target_page_id id: 5 tid 105991
0 1 tid 105991
128 4 tid 105991
365 2 tid 105991
492 5 tid 105991
210 tid 105991
Remove  tid 105991
FindTargetPageId rootid 3 tid 105991
target_page_id id: 5 tid 105991
0 1 tid 105991
128 4 tid 105991
365 2 tid 105991
492 5 tid 105991
209 tid 105991
Remove  tid 105991
FindTargetPageId rootid 3 tid 105991
target_page_id id: 5 tid 105991
0 1 tid 105991
128 4 tid 105991
365 2 tid 105991
492 5 tid 105991
208 tid 105991
Remove  tid 105991
FindTargetPageId rootid 3 tid 105992
target_page_id id: 5 tid 105992
0 1 tid 105992
128 4 tid 105992
365 2 tid 105992
492 5 tid 105992
207 tid 105992
Insert  tid 105992
FindTargetPageId rootid 3 tid 105990
target_page_id id: 5 tid 105990
0 1 tid 105990
128 4 tid 105990
365 2 tid 105990
492 5 tid 105990
208 tid 105990
Insert  tid 105990
FindTargetPageId rootid 3 tid 105991
target_page_id id: 5 tid 105991
0 1 tid 105991
128 4 tid 105991
365 2 tid 105991
492 5 tid 105991
208 tid 105991
Remove  tid 105991
FindTargetPageId rootid 3 tid 105992
target_page_id id: 5 tid 105992
0 1 tid 105992
128 4 tid 105992
365 2 tid 105992
492 5 tid 105992
207 tid 105992
Insert  tid 105992
FindTargetPageId rootid 3 tid 105990
target_page_id id: 5 tid 105990
0 1 tid 105990
128 4 tid 105990
365 2 tid 105990
492 5 tid 105990
208 tid 105990
Insert  tid 105990
FindTargetPageId rootid 3 tid 105991
target_page_id id: 5 tid 105991
0 1 tid 105991
128 4 tid 105991
365 2 tid 105991
492 5 tid 105991
208 tid 105991
Remove  tid 105991
FindTargetPageId rootid 3 tid 105992
target_page_id id: 5 tid 105992
0 1 tid 105992
128 4 tid 105992
365 2 tid 105992
492 5 tid 105992
207 tid 105992
Insert  tid 105992
FindTargetPageId rootid 3 tid 105990
target_page_id id: 5 tid 105990
0 1 tid 105990
128 4 tid 105990
365 2 tid 105990
492 5 tid 105990
208 tid 105990
FindTargetPageId rootid 3 tid 105991
target_page_id id: 5 tid 105991
0 1 tid 105991
128 4 tid 105991
365 2 tid 105991
492 5 tid 105991
208 tid 105991
Insert  tid 105990
FindTargetPageId rootid 3 tid 105992
target_page_id id: 5 tid 105992
0 1 tid 105992
128 4 tid 105992
365 2 tid 105992
492 5 tid 105992
207 tid 105992
Remove  tid 105991
Insert  tid 105992
FindTargetPageId rootid 3 tid 105991
target_page_id id: 5 tid 105991
0 1 tid 105991
128 4 tid 105991
365 2 tid 105991
492 5 tid 105991
208 tid 105991
Remove  tid 105991
FindTargetPageId rootid 3 tid 105990
target_page_id id: 5 tid 105990
0 1 tid 105990
128 4 tid 105990
365 2 tid 105990
492 5 tid 105990
207 tid 105990
Insert  tid 105990
FindTargetPageId rootid 3 tid 105992
target_page_id id: 5 tid 105992
0 1 tid 105992
128 4 tid 105992
365 2 tid 105992
492 5 tid 105992
207 tid 105992
Insert  tid 105992
FindTargetPageId rootid 3 tid 105991
target_page_id id: 5 tid 105991
0 1 tid 105991
128 4 tid 105991
365 2 tid 105991
492 5 tid 105991
208 tid 105991
Remove  tid 105991
FindTargetPageId rootid 3 tid 105990
target_page_id id: 5 tid 105990
0 1 tid 105990
128 4 tid 105990
365 2 tid 105990
492 5 tid 105990
207 tid 105990
Insert  tid 105990
FindTargetPageId rootid 3 tid 105992
target_page_id id: 5 tid 105992
0 1 tid 105992
128 4 tid 105992
365 2 tid 105992
492 5 tid 105992
207 tid 105992
Insert  tid 105992
FindTargetPageId rootid 3 tid 105991
target_page_id id: 5 tid 105991
0 1 tid 105991
128 4 tid 105991
365 2 tid 105991
492 5 tid 105991
208 tid 105991
Remove  tid 105991
FindTargetPageId rootid 3 tid 105990
target_page_id id: 5 tid 105990
0 1 tid 105990
128 4 tid 105990
365 2 tid 105990
492 5 tid 105990
207 tid 105990
Insert  tid 105990
FindTargetPageId rootid 3 tid 105992
target_page_id id: 5 tid 105992
0 1 tid 105992
128 4 tid 105992
365 2 tid 105992
492 5 tid 105992
207 tid 105992
Insert  tid 105992
FindTargetPageId rootid 3 tid 105991
target_page_id id: 5 tid 105991
0 1 tid 105991
128 4 tid 105991
365 2 tid 105991
492 5 tid 105991
208 tid 105991
Remove  tid 105991
FindTargetPageId rootid 3 tid 105990
target_page_id id: 5 tid 105990
0 1 tid 105990
128 4 tid 105990
365 2 tid 105990
492 5 tid 105990
207 tid 105990
Insert  tid 105990
FindTargetPageId rootid 3 tid 105992
target_page_id id: 5 tid 105992
0 1 tid 105992
128 4 tid 105992
365 2 tid 105992
492 5 tid 105992
207 tid 105992
Insert  tid 105992
FindTargetPageId rootid 3 tid 105991
target_page_id id: 5 tid 105991
0 1 tid 105991
128 4 tid 105991
365 2 tid 105991
492 5 tid 105991
208 tid 105991
Remove  tid 105991
FindTargetPageId rootid 3 tid 105990
target_page_id id: 5 tid 105990
0 1 tid 105990
128 4 tid 105990
365 2 tid 105990
492 5 tid 105990
207 tid 105990
Insert  tid 105990
FindTargetPageId rootid 3 tid 105992
target_page_id id: 5 tid 105992
0 1 tid 105992
128 4 tid 105992
365 2 tid 105992
492 5 tid 105992
207 tid 105992
Insert  tid 105992
FindTargetPageId rootid 3 tid 105991
target_page_id id: 5 tid 105991
0 1 tid 105991
128 4 tid 105991
365 2 tid 105991
492 5 tid 105991
208 tid 105991
Remove  tid 105991
FindTargetPageId rootid 3 tid 105990
target_page_id id: 5 tid 105990
0 1 tid 105990
128 4 tid 105990
365 2 tid 105990
492 5 tid 105990
207 tid 105990
Insert  tid 105990
FindTargetPageId rootid 3 tid 105990
target_page_id id: 5 tid 105990
0 1 tid 105990
128 4 tid 105990
365 2 tid 105990
492 5 tid 105990
207 tid 105990
Insert  tid 105990
FindTargetPageId rootid 3 tid 105990
target_page_id id: 5 tid 105990
0 1 tid 105990
128 4 tid 105990
365 2 tid 105990
492 5 tid 105990
207 tid 105990
Insert  tid 105990
FindTargetPageId rootid 3 tid 105992
target_page_id id: 5 tid 105992
0 1 tid 105992
128 4 tid 105992
365 2 tid 105992
492 5 tid 105992
207 tid 105992
Insert  tid 105992
FindTargetPageId rootid 3 tid 105991
target_page_id id: 5 tid 105991
0 1 tid 105991
128 4 tid 105991
365 2 tid 105991
492 5 tid 105991
208 tid 105991
Remove  tid 105991
FindTargetPageId rootid 3 tid 105990
target_page_id id: 5 tid 105990
0 1 tid 105990
128 4 tid 105990
365 2 tid 105990
492 5 tid 105990
207 tid 105990
Insert  tid 105990
FindTargetPageId rootid 3 tid 105990
target_page_id id: 5 tid 105990
0 1 tid 105990
128 4 tid 105990
365 2 tid 105990
492 5 tid 105990
207 tid 105990
Insert  tid 105990
FindTargetPageId rootid 3 tid 105991
target_page_id id: 5 tid 105991
0 1 tid 105991
128 4 tid 105991
365 2 tid 105991
492 5 tid 105991
207 tid 105991
Remove  tid 105991
FindTargetPageId rootid 3 tid 105992
target_page_id id: 5 tid 105992
0 1 tid 105992
128 4 tid 105992
365 2 tid 105992
492 5 tid 105992
207 tid 105992
Insert  tid 105992
FindTargetPageId rootid 3 tid 105992
target_page_id id: 5 tid 105992
0 1 tid 105992
128 4 tid 105992
365 2 tid 105992
492 5 tid 105992
208 tid 105992
Insert  tid 105992
FindTargetPageId rootid 3 tid 105992
target_page_id id: 5 tid 105992
0 1 tid 105992
128 4 tid 105992
365 2 tid 105992
492 5 tid 105992
209 tid 105992
Insert  tid 105992
FindTargetPageId rootid 3 tid 105992
target_page_id id: 5 tid 105992
0 1 tid 105992
128 4 tid 105992
365 2 tid 105992
492 5 tid 105992
210 tid 105992
Insert  tid 105992
FindTargetPageId rootid 3 tid 105992
target_page_id id: 5 tid 105992
0 1 tid 105992
128 4 tid 105992
365 2 tid 105992
492 5 tid 105992
211 tid 105992
Insert  tid FindTargetPageId rootid 3 tid 105992
105990
target_page_id id: 5 tid 105990
0 1 tid 105990
128 4 tid 105990
365 2 tid 105990
492 5 tid 105990
212 tid 105990
Insert  tid 105990
FindTargetPageId rootid 3 tid 105991
target_page_id id: 5 tid 105991
0 1 tid 105991
128 4 tid 105991
365 2 tid 105991
492 5 tid 105991
212 tid 105991
Remove  tid 105991
FindTargetPageId rootid 3 tid 105991
target_page_id id: 5 tid 105991
0 1 tid 105991
128 4 tid 105991
365 2 tid 105991
492 5 tid 105991
211 tid 105991
Remove  tid 105991
FindTargetPageId rootid 3 tid 105991
target_page_id id: 5 tid 105991
0 1 tid 105991
128 4 tid 105991
365 2 tid 105991
492 5 tid 105991
210 tid 105991
Remove  tid 105991
FindTargetPageId rootid 3 tid 105991
target_page_id id: 5 tid 105991
0 1 tid 105991
128 4 tid 105991
365 2 tid 105991
492 5 tid 105991
209 tid 105991
Remove  tid 105991
FindTargetPageId rootid 3 tid 105990
target_page_id id: 5 tid 105990
0 1 tid 105990
128 4 tid 105990
365 2 tid 105990
492 5 tid 105990
208 tid 105990
Insert  tid 105990
FindTargetPageId rootid 3 tid 105992
target_page_id id: 5 tid 105992
0 1 tid 105992
128 4 tid 105992
365 2 tid 105992
492 5 tid 105992
208 tid 105992
Insert  tid 105992
FindTargetPageId rootid 3 tid 105991
target_page_id id: 5 tid 105991
0 1 tid 105991
128 4 tid 105991
365 2 tid 105991
492 5 tid 105991
209 tid 105991
Remove  tid 105991
FindTargetPageId rootid 3 tid 105990
target_page_id id: 5 tid 105990
0 1 tid 105990
128 4 tid 105990
365 2 tid 105990
492 5 tid 105990
208 tid 105990
Insert  tid 105990
FindTargetPageId rootid 3 tid 105992
target_page_id id: 5 tid 105992
0 1 tid 105992
128 4 tid 105992
365 2 tid 105992
492 5 tid 105992
208 tid 105992
Insert  tid 105992
FindTargetPageId rootid 3 tid 105991
target_page_id id: 5 tid 105991
0 1 tid 105991
128 4 tid 105991
365 2 tid 105991
492 5 tid 105991
209 tid 105991
Remove  tid 105991
FindTargetPageId rootid 3 tid 105990
target_page_id id: 5 tid 105990
0 1 tid 105990
128 4 tid 105990
365 2 tid 105990
492 5 tid 105990
208 tid 105990
Insert  tid 105990
FindTargetPageId rootid 3 tid 105992
target_page_id id: 5 tid 105992
0 1 tid 105992
128 4 tid 105992
365 2 tid 105992
492 5 tid 105992
208 tid 105992
Insert  tid 105992
FindTargetPageId rootid 3 tid 105992
target_page_id id: 5 tid 105992
0 1 tid 105992
128 4 tid 105992
365 2 tid 105992
492 5 tid 105992
209 tid 105992
Insert  tid 105992
FindTargetPageId rootid 3 tid 105992
target_page_id id: 5 tid 105992
0 1 tid 105992
128 4 tid 105992
365 2 tid 105992
492 5 tid 105992
210 tid 105992
Insert  tid 105992
FindTargetPageId rootid 3 tid 105991
target_page_id id: 5 tid 105991
0 1 tid 105991
128 4 tid 105991
365 2 tid 105991
492 5 tid 105991
211 tid 105991
Remove  tid 105991
FindTargetPageId rootid 3 tid 105990
target_page_id id: 5 tid 105990
0 1 tid 105990
128 4 tid 105990
365 2 tid 105990
492 5 tid 105990
210 tid 105990
Insert  tid 105990
FindTargetPageId rootid 3 tid 105990
target_page_id id: 5 tid 105990
0 1 tid 105990
128 4 tid 105990
365 2 tid 105990
492 5 tid 105990
210 tid 105990
Insert  tid 105990
FindTargetPageId rootid 3 tid 105992
target_page_id id: 5 tid 105992
0 1 tid 105992
128 4 tid 105992
365 2 tid 105992
492 5 tid 105992
210 tid 105992
Insert  tid 105992
FindTargetPageId rootid 3 tid 105992
target_page_id id: 5 tid 105992
0 1 tid 105992
128 4 tid 105992
365 2 tid 105992
492 5 tid 105992
211 tid 105992
Insert  tid 105992
FindTargetPageId rootid 3 tid 105990
target_page_id id: 5 tid 105990
0 1 tid 105990
128 4 tid 105990
365 2 tid 105990
492 5 tid 105990
212 tid 105990
Insert  tid 105990
FindTargetPageId rootid 3 tid 105990
target_page_id id: 5 tid 105990
0 1 tid 105990
128 4 tid 105990
365 2 tid 105990
492 5 tid 105990
212 tid 105990
Insert  tid 105990
FindTargetPageId rootid 3 tid 105990
target_page_id id: 5 tid 105990
0 1 tid 105990
128 4 tid 105990
365 2 tid 105990
492 5 tid 105990
212 tid 105990
Insert  tid 105990
FindTargetPageId rootid 3 tid 105990
target_page_id id: 5 tid 105990
0 1 tid 105990
128 4 tid 105990
365 2 tid 105990
492 5 tid 105990
213 tid 105990
Insert  tid 105990
FindTargetPageId rootid 3 tid 105990
target_page_id id: 5 tid 105990
0 1 tid 105990
128 4 tid 105990
365 2 tid 105990
492 5 tid 105990
214 tid 105990
Insert  tid 105990
FindTargetPageId rootid 3 tid 105991
target_page_id id: 5 tid 105991
0 1 tid 105991
128 4 tid 105991
365 2 tid 105991
492 5 tid 105991
215 tid 105991
Remove  tid 105991
FindTargetPageId rootid 3 tid 105992
target_page_id id: 5 tid 105992
0 1 tid 105992
128 4 tid 105992
365 2 tid 105992
492 5 tid 105992
214 tid 105992
Insert  tid 105992
FindTargetPageId rootid 3 tid 105990
target_page_id id: 5 tid 105990
0 1 tid 105990
128 4 tid 105990
365 2 tid 105990
492 5 tid 105990
215 tid 105990
Insert  tid 105990
FindTargetPageId rootid 3 tid 105990
target_page_id id: 5 tid 105990
0 1 tid 105990
128 4 tid 105990
365 2 tid 105990
492 5 tid 105990
216 tid 105990
Insert  tid 105990
FindTargetPageId rootid 3 tid 105992
target_page_id id: 5 tid 105992
0 1 tid 105992
128 4 tid 105992
365 2 tid 105992
492 5 tid 105992
217 tid 105992
Insert  tid 105992
FindTargetPageId rootid 3 tid 105991
target_page_id id: 5 tid 105991
0 1 tid 105991
128 4 tid 105991
365 2 tid 105991
492 5 tid 105991
218 tid 105991
Remove  tid 105991
FindTargetPageId rootid 3 tid 105990
target_page_id id: 5 tid 105990
0 1 tid 105990
128 4 tid 105990
365 2 tid 105990
492 5 tid 105990
217 tid 105990
Insert  tid 105990
FindTargetPageId rootid 3 tid 105992
target_page_id id: 5 tid 105992
0 1 tid 105992
128 4 tid 105992
365 2 tid 105992
492 5 tid 105992
218 tid 105992
Insert  tid 105992
FindTargetPageId rootid 3 tid 105991
target_page_id id: 5 tid 105991
0 1 tid 105991
128 4 tid 105991
365 2 tid 105991
492 5 tid 105991
219 tid 105991
Remove  tid 105991
FindTargetPageId rootid 3 tid 105991
target_page_id id: 5 tid 105991
0 1 tid 105991
128 4 tid 105991
365 2 tid 105991
492 5 tid 105991
218 tid 105991
Remove  tid 105991
FindTargetPageId rootid 3 tid 105991
target_page_id id: 5 tid 105991
0 1 tid 105991
128 4 tid 105991
365 2 tid 105991
492 5 tid 105991
217 tid 105991
Remove  tid 105991
FindTargetPageId rootid 3 tid 105990
target_page_id id: 5 tid 105990
0 1 tid 105990
128 4 tid 105990
365 2 tid 105990
492 5 tid 105990
216 tid 105990
Insert  tid 105990
FindTargetPageId rootid 3 tid 105992
target_page_id id: 5 tid 105992
0 1 tid 105992
128 4 tid 105992
365 2 tid 105992
492 5 tid 105992
217 tid 105992
Insert  tid 105992
FindTargetPageId rootid 3 tid 105992
target_page_id id: 5 tid 105992
0 1 tid 105992
128 4 tid 105992
365 2 tid 105992
492 5 tid 105992
218 tid 105992
Insert  tid 105992
FindTargetPageId rootid 3 tid 105990
target_page_id id: 5 tid 105990
0 1 tid 105990
128 4 tid 105990
365 2 tid 105990
492 5 tid 105990
219 tid 105990
Insert  tid 105990
FindTargetPageId rootid 3 tid 105990
target_page_id id: 5 tid 105990
0 1 tid 105990
128 4 tid 105990
365 2 tid 105990
492 5 tid 105990
220 tid 105990
Insert  tid 105990
FindTargetPageId rootid 3 tid 105992
target_page_id id: 5 tid 105992
0 1 tid 105992
128 4 tid 105992
365 2 tid 105992
492 5 tid 105992
221 tid 105992
Insert  tid 105992
FindTargetPageId rootid 3 tid 105992
target_page_id id: 5 tid 105992
0 1 tid 105992
128 4 tid 105992
365 2 tid 105992
492 5 tid 105992
222 tid 105992
Insert  tid 105992
FindTargetPageId rootid 3 tid 105992
target_page_id id: 5 tid 105992
0 1 tid 105992
128 4 tid 105992
365 2 tid 105992
492 5 tid 105992
223 tid 105992
Insert  tid 105992
FindTargetPageId rootid 3 tid 105992
target_page_id id: 5 tid 105992
0 1 tid 105992
128 4 tid 105992
365 2 tid 105992
492 5 tid 105992
224 tid 105992
Insert  tid 105992
FindTargetPageId rootid 3 tid 105992
target_page_id id: 5 tid 105992
0 1 tid 105992
128 4 tid 105992
365 2 tid 105992
492 5 tid 105992
225 tid 105992
Insert  tid 105992
FindTargetPageId rootid 3 tid 105992
target_page_id id: 5 tid 105992
0 1 tid 105992
128 4 tid 105992
365 2 tid 105992
492 5 tid 105992
226 tid 105992
Insert  tid 105992
FindTargetPageId rootid 3 tid 105992
target_page_id id: 5 tid 105992
0 1 tid 105992
128 4 tid 105992
365 2 tid 105992
492 5 tid 105992
227 tid 105992
Insert  tid 105992
FindTargetPageId rootid 3 tid 105992
target_page_id id: 5 tid 105992
0 1 tid 105992
128 4 tid 105992
365 2 tid 105992
492 5 tid 105992
228 tid 105992
Insert  tid 105992
FindTargetPageId rootid 3 tid 105992
target_page_id id: 5 tid 105992
0 1 tid 105992
128 4 tid 105992
365 2 tid 105992
492 5 tid 105992
229 tid 105992
Insert  tid 105992
FindTargetPageId rootid 3 tid 105992
target_page_id id: 5 tid 105992
0 1 tid 105992
128 4 tid 105992
365 2 tid 105992
492 5 tid 105992
230 tid 105992
Insert  tid 105992
FindTargetPageId rootid 3 tid 105992
target_page_id id: 5 tid 105992
0 1 tid 105992
128 4 tid 105992
365 2 tid 105992
492 5 tid 105992
231 tid 105992
Insert  tid 105992
FindTargetPageId rootid 3 tid 105992
target_page_id id: 5 tid 105992
0 1 tid 105992
128 4 tid 105992
365 2 tid 105992
492 5 tid 105992
232 tid 105992
Insert  tid 105992
FindTargetPageId rootid 3 tid 105992
target_page_id id: 5 tid 105992
0 1 tid 105992
128 4 tid 105992
365 2 tid 105992
492 5 tid 105992
233 tid 105992
Insert  tid 105992
FindTargetPageId rootid 3 tid 105992
target_page_id id: 5 tid 105992
0 1 tid 105992
128 4 tid 105992
365 2 tid 105992
492 5 tid 105992
234 tid 105992
Insert  tid 105992
FindTargetPageId rootid 3 tid 105992
target_page_id id: 5 tid 105992
0 1 tid 105992
128 4 tid 105992
365 2 tid 105992
492 5 tid 105992
235 tid 105992
Insert  tid 105992
FindTargetPageId rootid 3 tid 105992
target_page_id id: 5 tid 105992
0 1 tid 105992
128 4 tid 105992
365 2 tid 105992
492 5 tid 105992
236 tid 105992
Insert  tid 105992
FindTargetPageId rootid 3 tid 105992
target_page_id id: 5 tid 105992
0 1 tid 105992
128 4 tid 105992
365 2 tid 105992
492 5 tid 105992
237 tid 105992
Insert  tid 105992
FindTargetPageId rootid 3 tid 105992
target_page_id id: 5 tid 105992
0 1 tid 105992
128 4 tid 105992
365 2 tid 105992
492 5 tid 105992
238 tid 105992
Insert  tid 105992
FindTargetPageId rootid 3 tid 105992
target_page_id id: 5 tid 105992
0 1 tid 105992
128 4 tid 105992
365 2 tid 105992
492 5 tid 105992
239 tid 105992
Insert  tid 105992
FindTargetPageId rootid 3 tid 105992
target_page_id id: 5 tid 105992
0 1 tid 105992
128 4 tid 105992
365 2 tid 105992
492 5 tid 105992
240 tid 105992
Insert  tid 105992
FindTargetPageId rootid 3 tid 105992
target_page_id id: 5 tid 105992
0 1 tid 105992
128 4 tid 105992
365 2 tid 105992
492 5 tid 105992
241 tid 105992
Insert  tid 105992
FindTargetPageId rootid 3 tid 105992
target_page_id id: 5 tid 105992
0 1 tid 105992
128 4 tid 105992
365 2 tid 105992
492 5 tid 105992
242 tid 105992
Insert  tid 105992
FindTargetPageId rootid 3 tid 105992
target_page_id id: 5 tid 105992
0 1 tid 105992
128 4 tid 105992
365 2 tid 105992
492 5 tid 105992
243 tid 105992
Insert  tid 105992
FindTargetPageId rootid 3 tid 105992
target_page_id id: 5 tid 105992
0 1 tid 105992
128 4 tid 105992
365 2 tid 105992
492 5 tid 105992
244 tid 105992
Insert  tid 105992
FindTargetPageId rootid 3 tid 105992
target_page_id id: 5 tid 105992
0 1 tid 105992
128 4 tid 105992
365 2 tid 105992
492 5 tid 105992
245 tid 105992
Insert  tid 105992
FindTargetPageId rootid 3 tid 105992
target_page_id id: 5 tid 105992
0 1 tid 105992
128 4 tid 105992
365 2 tid 105992
492 5 tid 105992
246 tid 105992
Insert  tid 105992
FindTargetPageId rootid 3 tid 105992
target_page_id id: 5 tid 105992
0 1 tid 105992
128 4 tid 105992
365 2 tid 105992
492 5 tid 105992
247 tid 105992
Insert  tid 105992
FindTargetPageId rootid 3 tid 105992
target_page_id id: 5 tid 105992
0 1 tid 105992
128 4 tid 105992
365 2 tid 105992
492 5 tid 105992
248 tid 105992
Insert  tid 105992
FindTargetPageId rootid 3 tid 105992
target_page_id id: 5 tid 105992
0 1 tid 105992
128 4 tid 105992
365 2 tid 105992
492 5 tid 105992
249 tid 105992
Insert  tid 105992
FindTargetPageId rootid 3 tid 105992
target_page_id id: 5 tid 105992
0 1 tid 105992
128 4 tid 105992
365 2 tid 105992
492 5 tid 105992
250 tid 105992
Insert  tid 105992
FindTargetPageId rootid 3 tid 105992
target_page_id id: 5 tid 105992
0 1 tid 105992
128 4 tid 105992
365 2 tid 105992
492 5 tid 105992
251 tid 105992
Insert  tid 105992
FindTargetPageId rootid 3 tid 105992
target_page_id id: 5 tid 105992
0 1 tid 105992
128 4 tid 105992
365 2 tid 105992
492 5 tid 105992
252 tid 105992
Insert  tid 105992
FindTargetPageId rootid 3 tid 105990
target_page_id id: 5 tid 105990
0 1 tid 105990
128 4 tid 105990
365 2 tid 105990
492 5 tid 105990
253 tid 105990
Insert  tid 105990
FindTargetPageId rootid 3 tid 105990
target_page_id id: 5 tid 105990
0 1 tid 105990
128 4 tid 105990
365 2 tid 105990
492 5 tid 105990
254 tid 105990
Insert  tid 105990
FindTargetPageId rootid 3 tid 105992
target_page_id id: 6 tid 105992
0 1 tid 105992
128 4 tid 105992
365 2 tid 105992
492 5 tid 105992
619 6 tid 105992
128 tid 105992
Insert  tid 105992
FindTargetPageId rootid 3 tid 105991
target_page_id id: 6 tid 105991
0 1 tid 105991
128 4 tid 105991
365 2 tid 105991
492 5 tid 105991
619 6 tid 105991
129 tid 105991
Remove  tid 105991
FindTargetPageId rootid 3 tid 105990
target_page_id id: 6 tid 105990
0 1 tid 105990
128 4 tid 105990
365 2 tid 105990
492 5 tid 105990
619 6 tid 105990
128 tid 105990
Insert  tid 105990
FindTargetPageId rootid 3 tid 105992
target_page_id id: 6 tid 105992
0 1 tid 105992
128 4 tid 105992
365 2 tid 105992
492 5 tid 105992
619 6 tid 105992
129 tid 105992
Insert  tid 105992
FindTargetPageId rootid 3 tid 105992
target_page_id id: 6 tid 105992
0 1 tid 105992
128 4 tid 105992
365 2 tid 105992
492 5 tid 105992
619 6 tid 105992
130 tid 105992
Insert  tid 105992
FindTargetPageId rootid 3 tid 105992
target_page_id id: 6 tid 105992
0 1 tid 105992
128 4 tid 105992
365 2 tid 105992
492 5 tid 105992
619 6 tid 105992
131 tid 105992
Insert  tid 105992
FindTargetPageId rootid 3 tid 105992
target_page_id id: 6 tid 105992
0 1 tid 105992
128 4 tid 105992
365 2 tid 105992
492 5 tid 105992
619 6 tid 105992
132 tid 105992
Insert  tid 105992
FindTargetPageId rootid 3 tid 105992
target_page_id id: 6 tid 105992
0 1 tid 105992
128 4 tid 105992
365 2 tid 105992
492 5 tid 105992
619 6 tid 105992
133 tid 105992
Insert  tid 105992
FindTargetPageId rootid 3 tid 105992
target_page_id id: 6 tid 105992
0 1 tid 105992
128 4 tid 105992
365 2 tid 105992
492 5 tid 105992
619 6 tid 105992
134 tid 105992
Insert  tid 105992
FindTargetPageId rootid 3 tid 105992
target_page_id id: 6 tid 105992
0 1 tid 105992
128 4 tid 105992
365 2 tid 105992
492 5 tid 105992
619 6 tid 105992
135 tid 105992
Insert  tid 105992
FindTargetPageId rootid 3 tid 105992
target_page_id id: 6 tid 105992
0 1 tid 105992
128 4 tid 105992
365 2 tid 105992
492 5 tid 105992
619 6 tid 105992
136 tid 105992
Insert  tid 105992
FindTargetPageId rootid 3 tid 105992
target_page_id id: 6 tid 105992
0 1 tid 105992
128 4 tid 105992
365 2 tid 105992
492 5 tid 105992
619 6 tid 105992
137 tid 105992
Insert  tid 105992
FindTargetPageId rootid 3 tid 105992
target_page_id id: 6 tid 105992
0 1 tid 105992
128 4 tid 105992
365 2 tid 105992
492 5 tid 105992
619 6 tid 105992
138 tid 105992
Insert  tid 105992
FindTargetPageId rootid 3 tid 105991
target_page_id id: 6 tid 105991
0 1 tid 105991
128 4 tid 105991
365 2 tid 105991
492 5 tid 105991
619 6 tid 105991
139 tid 105991
Remove  tid 105991
FindTargetPageId rootid 3 tid 105990
target_page_id id: 6 tid 105990
0 1 tid 105990
128 4 tid 105990
365 2 tid 105990
492 5 tid 105990
619 6 tid 105990
138 tid 105990
Insert  tid 105990
FindTargetPageId rootid 3 tid 105992
target_page_id id: 6 tid 105992
0 1 tid 105992
128 4 tid 105992
365 2 tid 105992
492 5 tid 105992
619 6 tid 105992
139 tid 105992
Insert  tid 105992
FindTargetPageId rootid 3 tid 105991
target_page_id id: 6 tid 105991
0 1 tid 105991
128 4 tid 105991
365 2 tid 105991
492 5 tid 105991
619 6 tid 105991
140 tid 105991
Remove  tid 105991
FindTargetPageId rootid 3 tid 105990
target_page_id id: 6 tid 105990
0 1 tid 105990
128 4 tid 105990
365 2 tid 105990
492 5 tid 105990
619 6 tid 105990
139 tid 105990
FindTargetPageId rootid 3 tid 105992
target_page_id id: 6 tid 105992
0 1 tid 105992
128 4 tid 105992
365 2 tid 105992
492 5 tid 105992
619 6 tid 105992
Insert  tid 105990
140 tid 105992
Insert  tid 105992
FindTargetPageId rootid 3 tid 105991
target_page_id id: 6 tid 105991
0 1 tid 105991
128 4 tid 105991
365 2 tid 105991
492 5 tid 105991
619 6 tid 105991
141 tid 105991
Remove  tid 105991
FindTargetPageId rootid 3 tid 105991
target_page_id id: 6 tid 105991
0 1 tid 105991
128 4 tid 105991
365 2 tid 105991
492 5 tid 105991
619 6 tid 105991
140 tid 105991
Remove  tid 105991
FindTargetPageId rootid 3 tid 105991
target_page_id id: 6 tid 105991
0 1 tid 105991
128 4 tid 105991
365 2 tid 105991
492 5 tid 105991
619 6 tid 105991
139 tid 105991
Remove  tid 105991
FindTargetPageId rootid 3 tid 105990
target_page_id id: 6 tid 105990
0 1 tid 105990
128 4 tid 105990
365 2 tid 105990
492 5 tid 105990
619 6 tid 105990
138 tid 105990
Insert  tid 105990
FindTargetPageId rootid 3 tid 105992
target_page_id id: 6 tid 105992
0 1 tid 105992
128 4 tid 105992
365 2 tid 105992
492 5 tid 105992
619 6 tid 105992
139 tid 105992
Insert  tid 105992
FindTargetPageId rootid 3 tid 105992
target_page_id id: 6 tid 105992
0 1 tid 105992
128 4 tid 105992
365 2 tid 105992
492 5 tid 105992
619 6 tid 105992
140 tid 105992
Insert  tid 105992
FindTargetPageId rootid 3 tid 105992
target_page_id id: 6 tid 105992
0 1 tid 105992
128 4 tid 105992
365 2 tid 105992
492 5 tid 105992
619 6 tid 105992
141 tid 105992
Insert  tid 105992
FindTargetPageId rootid 3 tid 105992
target_page_id id: 6 tid 105992
0 1 tid 105992
128 4 tid 105992
365 2 tid 105992
492 5 tid 105992
619 6 tid 105992
142 tid 105992
Insert  tid 105992
FindTargetPageId rootid 3 tid 105992
target_page_id id: 6 tid 105992
0 1 tid 105992
128 4 tid 105992
365 2 tid 105992
492 5 tid 105992
619 6 tid 105992
143 tid 105992
Insert  tid 105992
FindTargetPageId rootid 3 tid 105992
target_page_id id: 6 tid 105992
0 1 tid 105992
128 4 tid 105992
365 2 tid 105992
492 5 tid 105992
619 6 tid 105992
144 tid 105992
Insert  tid 105992
FindTargetPageId rootid 3 tid 105992
target_page_id id: 6 tid 105992
0 1 tid 105992
128 4 tid 105992
365 2 tid 105992
492 5 tid 105992
619 6 tid 105992
145 tid 105992
Insert  tid 105992
FindTargetPageId rootid 3 tid 105992
target_page_id id: 6 tid 105992
0 1 tid 105992
128 4 tid 105992
365 2 tid 105992
492 5 tid 105992
619 6 tid 105992
146 tid 105992
Insert  tid 105992
FindTargetPageId rootid 3 tid 105992
target_page_id id: 6 tid 105992
0 1 tid 105992
128 4 tid 105992
365 2 tid 105992
492 5 tid 105992
619 6 tid 105992
147 tid 105992
Insert  tid 105992
FindTargetPageId rootid 3 tid 105992
target_page_id id: 6 tid 105992
0 1 tid 105992
128 4 tid 105992
365 2 tid 105992
492 5 tid 105992
619 6 tid 105992
148 tid 105992
Insert  tid 105992
FindTargetPageId rootid 3 tid 105992
target_page_id id: 6 tid 105992
0 1 tid 105992
128 4 tid 105992
365 2 tid 105992
492 5 tid 105992
619 6 tid 105992
149 tid 105992
Insert  tid 105992
FindTargetPageId rootid 3 tid 105992
target_page_id id: 6 tid 105992
0 1 tid 105992
128 4 tid 105992
365 2 tid 105992
492 5 tid 105992
619 6 tid 105992
150 tid 105992
Insert  tid 105992
FindTargetPageId rootid 3 tid 105992
target_page_id id: 6 tid 105992
0 1 tid 105992
128 4 tid 105992
365 2 tid 105992
492 5 tid 105992
619 6 tid 105992
151 tid 105992
Insert  tid 105992
FindTargetPageId rootid 3 tid 105992
target_page_id id: 6 tid 105992
0 1 tid 105992
128 4 tid 105992
365 2 tid 105992
492 5 tid 105992
619 6 tid 105992
152 tid 105992
Insert  tid 105992
FindTargetPageId rootid 3 tid 105992
target_page_id id: 6 tid 105992
0 1 tid 105992
128 4 tid 105992
365 2 tid 105992
492 5 tid 105992
619 6 tid 105992
153 tid 105992
Insert  tid 105992
FindTargetPageId rootid 3 tid 105992
target_page_id id: 6 tid 105992
0 1 tid 105992
128 4 tid 105992
365 2 tid 105992
492 5 tid 105992
619 6 tid 105992
154 tid 105992
Insert  tid 105992
FindTargetPageId rootid 3 tid 105992
target_page_id id: 6 tid 105992
0 1 tid 105992
128 4 tid 105992
365 2 tid 105992
492 5 tid 105992
619 6 tid 105992
155 tid 105992
Insert  tid 105992
FindTargetPageId rootid 3 tid 105992
target_page_id id: 6 tid 105992
0 1 tid 105992
128 4 tid 105992
365 2 tid 105992
492 5 tid 105992
619 6 tid 105992
156 tid 105992
Insert  tid 105992
FindTargetPageId rootid 3 tid 105990
target_page_id id: 6 tid 105990
0 1 tid 105990
128 4 tid 105990
365 2 tid 105990
492 5 tid 105990
619 6 tid 105990
157 tid 105990
Insert  tid 105990
FindTargetPageId rootid 3 tid 105991
target_page_id id: 6 tid 105991
0 1 tid 105991
128 4 tid 105991
365 2 tid 105991
492 5 tid 105991
619 6 tid 105991
158 tid 105991
Remove  tid 105991
FindTargetPageId rootid 3 tid 105992
target_page_id id: 6 tid 105992
0 1 tid 105992
128 4 tid 105992
365 2 tid 105992
492 5 tid 105992
619 6 tid 105992
157 tid 105992
Insert  tid 105992
FindTargetPageId rootid 3 tid 105990
target_page_id id: 6 tid 105990
0 1 tid 105990
128 4 tid 105990
365 2 tid 105990
492 5 tid 105990
619 6 tid 105990
158 tid 105990
Insert  tid 105990
FindTargetPageId rootid 3 tid 105991
target_page_id id: 6 tid 105991
0 1 tid 105991
128 4 tid 105991
365 2 tid 105991
492 5 tid 105991
619 6 tid 105991
159 tid 105991
Remove  tid 105991
FindTargetPageId rootid 3 tid 105992
target_page_id id: 6 tid 105992
0 1 tid 105992
128 4 tid 105992
365 2 tid 105992
492 5 tid 105992
619 6 tid 105992
158 tid 105992
FindTargetPageId rootid 3 tid 105990
target_page_id id: 6 tid 105990
0 1 tid 105990
128 4 tid 105990
365 2 tid 105990
492 5 tid 105990
619 6 tid 105990
159 tid 105990
Insert  tid 105992
FindTargetPageId rootid 3 tid 105991
target_page_id id: 6 tid 105991
0 1 tid 105991
128 4 tid 105991
365 2 tid 105991
492 5 tid 105991
619 6 tid 105991
Insert  tid 105990
160 tid 105991
Remove  tid 105991
FindTargetPageId rootid 3 tid 105992
target_page_id id: 6 tid 105992
0 1 tid 105992
128 4 tid 105992
365 2 tid 105992
492 5 tid 105992
619 6 tid 105992
159 tid 105992
Insert  tid 105992
FindTargetPageId rootid 3 tid 105990
target_page_id id: 6 tid 105990
0 1 tid 105990
128 4 tid 105990
365 2 tid 105990
492 5 tid 105990
619 6 tid 105990
160 tid 105990
Insert  tid 105990
FindTargetPageId rootid 3 tid 105991
target_page_id id: 6 tid 105991
0 1 tid 105991
128 4 tid 105991
365 2 tid 105991
492 5 tid 105991
619 6 tid 105991
161 tid 105991
FindTargetPageId rootid 3 tid 105992
target_page_id id: 6 tid 105992
0 1 tid 105992
128 4 tid 105992
365 2 tid 105992
492 5 tid 105992
619 6 tid 105992
160 tid 105992
Remove  tid 105991
Insert  tid 105992
FindTargetPageId rootid 3 tid 105990
target_page_id id: 6 tid 105990
0 1 tid 105990
128 4 tid 105990
365 2 tid 105990
492 5 tid 105990
619 6 tid 105990
161 tid 105990
Insert  tid 105990
FindTargetPageId rootid 3 tid 105991
target_page_id id: 6 tid 105991
0 1 tid 105991
128 4 tid 105991
365 2 tid 105991
492 5 tid 105991
619 6 tid 105991
162 tid 105991
Remove  tid 105991
FindTargetPageId rootid 3 tid 105992
target_page_id id: 6 tid 105992
0 1 tid 105992
128 4 tid 105992
365 2 tid 105992
492 5 tid 105992
619 6 tid 105992
161 tid 105992
Insert  tid 105992
FindTargetPageId rootid 3 tid 105990
target_page_id id: 6 tid 105990
0 1 tid 105990
128 4 tid 105990
365 2 tid 105990
492 5 tid 105990
619 6 tid 105990
162 tid 105990
Insert  tid 105990
FindTargetPageId rootid 3 tid 105991
target_page_id id: 6 tid 105991
0 1 tid 105991
128 4 tid 105991
365 2 tid 105991
492 5 tid 105991
619 6 tid 105991
163 tid 105991
Remove  tid 105991
FindTargetPageId rootid 3 tid 105992
target_page_id id: 6 tid 105992
0 1 tid 105992
128 4 tid 105992
365 2 tid 105992
492 5 tid 105992
619 6 tid 105992
162 tid 105992
Insert  tid 105992
FindTargetPageId rootid 3 tid 105990
target_page_id id: 6 tid 105990
0 1 tid 105990
128 4 tid 105990
365 2 tid 105990
492 5 tid 105990
619 6 tid 105990
163 tid 105990
Insert  tid 105990
FindTargetPageId rootid 3 tid 105991
target_page_id id: 6 tid 105991
0 1 tid 105991
128 4 tid 105991
365 2 tid 105991
492 5 tid 105991
619 6 tid 105991
164 tid 105991
Remove  tid 105991
FindTargetPageId rootid 3 tid 105992
target_page_id id: 6 tid 105992
0 1 tid 105992
128 4 tid 105992
365 2 tid 105992
492 5 tid 105992
619 6 tid 105992
163 tid 105992
Insert  tid 105992
FindTargetPageId rootid 3 tid 105990
target_page_id id: 6 tid 105990
0 1 tid 105990
128 4 tid 105990
365 2 tid 105990
492 5 tid 105990
619 6 tid 105990
164 tid 105990
Insert  tid 105990
FindTargetPageId rootid 3 tid 105991
target_page_id id: 6 tid 105991
0 1 tid 105991
128 4 tid 105991
365 2 tid 105991
492 5 tid 105991
619 6 tid 105991
165 tid 105991
Remove  tid 105991
FindTargetPageId rootid 3 tid 105992
target_page_id id: 6 tid 105992
0 1 tid 105992
128 4 tid 105992
365 2 tid 105992
492 5 tid 105992
619 6 tid 105992
164 tid 105992
Insert  tid 105992
FindTargetPageId rootid 3 tid 105990
target_page_id id: 6 tid 105990
0 1 tid 105990
128 4 tid 105990
365 2 tid 105990
492 5 tid 105990
619 6 tid 105990
165 tid 105990
Insert  tid 105990
FindTargetPageId rootid 3 tid 105990
target_page_id id: 6 tid 105990
0 1 tid 105990
128 4 tid 105990
365 2 tid 105990
492 5 tid 105990
619 6 tid 105990
166 tid 105990
Insert  tid 105990
FindTargetPageId rootid 3 tid 105990
target_page_id id: 6 tid 105990
0 1 tid 105990
128 4 tid 105990
365 2 tid 105990
492 5 tid 105990
619 6 tid 105990
167 tid 105990
Insert  tid 105990
FindTargetPageId rootid 3 tid 105991
target_page_id id: 6 tid 105991
0 1 tid 105991
128 4 tid 105991
365 2 tid 105991
492 5 tid 105991
619 6 tid 105991
168 tid 105991
Remove  tid 105991
FindTargetPageId rootid 3 tid 105992
target_page_id id: 6 tid 105992
0 1 tid 105992
128 4 tid 105992
365 2 tid 105992
492 5 tid 105992
619 6 tid 105992
167 tid 105992
Insert  tid 105992
FindTargetPageId rootid 3 tid 105990
target_page_id id: 6 tid 105990
0 1 tid 105990
128 4 tid 105990
365 2 tid 105990
492 5 tid 105990
619 6 tid 105990
168 tid 105990
Insert  tid 105990
FindTargetPageId rootid 3 tid 105991
target_page_id id: 6 tid 105991
0 1 tid 105991
128 4 tid 105991
365 2 tid 105991
492 5 tid 105991
619 6 tid 105991
169 tid 105991
Remove  tid 105991
FindTargetPageId rootid 3 tid 105991
target_page_id id: 6 tid 105991
0 1 tid 105991
128 4 tid 105991
365 2 tid 105991
492 5 tid 105991
619 6 tid 105991
168 tid 105991
Remove  tid 105991
FindTargetPageId rootid 3 tid 105991
target_page_id id: 6 tid 105991
0 1 tid 105991
128 4 tid 105991
365 2 tid 105991
492 5 tid 105991
619 6 tid 105991
167 tid 105991
Remove  tid 105991
FindTargetPageId rootid 3 tid 105991
target_page_id id: 6 tid 105991
0 1 tid 105991
128 4 tid 105991
365 2 tid 105991
492 5 tid 105991
619 6 tid 105991
166 tid 105991
Remove  tid 105991
FindTargetPageId rootid 3 tid 105990
target_page_id id: 6 tid 105990
0 1 tid 105990
128 4 tid 105990
365 2 tid 105990
492 5 tid 105990
619 6 tid 105990
165 tid 105990
Insert  tid 105990
FindTargetPageId rootid 3 tid 105992
target_page_id id: 6 tid 105992
0 1 tid 105992
128 4 tid 105992
365 2 tid 105992
492 5 tid 105992
619 6 tid 105992
166 tid 105992
Insert  tid 105992
FindTargetPageId rootid 3 tid 105991
target_page_id id: 6 tid 105991
0 1 tid 105991
128 4 tid 105991
365 2 tid 105991
492 5 tid 105991
619 6 tid 105991
167 tid 105991
Remove  tid 105991
FindTargetPageId rootid 3 tid 105990
target_page_id id: 6 tid 105990
0 1 tid 105990
128 4 tid 105990
365 2 tid 105990
492 5 tid 105990
619 6 tid 105990
166 tid 105990
Insert  tid 105990
FindTargetPageId rootid 3 tid 105992
target_page_id id: 6 tid 105992
0 1 tid 105992
128 4 tid 105992
365 2 tid 105992
492 5 tid 105992
619 6 tid 105992
167 tid 105992
Insert  tid 105992
FindTargetPageId rootid 3 tid 105991
target_page_id id: 6 tid 105991
0 1 tid 105991
128 4 tid 105991
365 2 tid 105991
492 5 tid 105991
619 6 tid 105991
168 tid 105991
Remove  tid 105991
FindTargetPageId rootid 3 tid 105990
target_page_id id: 6 tid 105990
0 1 tid 105990
128 4 tid 105990
365 2 tid 105990
492 5 tid 105990
619 6 tid 105990
167 tid 105990
Insert  tid 105990
FindTargetPageId rootid 3 tid 105992
target_page_id id: 6 tid 105992
0 1 tid 105992
128 4 tid 105992
365 2 tid 105992
492 5 tid 105992
619 6 tid 105992
168 tid 105992
Insert  tid 105992
FindTargetPageId rootid 3 tid 105991
target_page_id id: 6 tid 105991
0 1 tid 105991
128 4 tid 105991
365 2 tid 105991
492 5 tid 105991
619 6 tid 105991
169 tid 105991
Remove  tid 105991
FindTargetPageId rootid 3 tid 105990
target_page_id id: 6 tid 105990
0 1 tid 105990
128 4 tid 105990
365 2 tid 105990
492 5 tid 105990
619 6 tid 105990
168 tid 105990
Insert  tid 105990
FindTargetPageId rootid 3 tid 105992
target_page_id id: 6 tid 105992
0 1 tid 105992
128 4 tid 105992
365 2 tid 105992
492 5 tid 105992
619 6 tid 105992
169 tid 105992
Insert  tid 105992
FindTargetPageId rootid 3 tid 105991
target_page_id id: 6 tid 105991
0 1 tid 105991
128 4 tid 105991
365 2 tid 105991
492 5 tid 105991
619 6 tid 105991
170 tid 105991
Remove  tid 105991
FindTargetPageId rootid 3 tid 105990
target_page_id id: 6 tid 105990
0 1 tid 105990
128 4 tid 105990
365 2 tid 105990
492 5 tid 105990
619 6 tid 105990
169 tid 105990
Insert  tid 105990
FindTargetPageId rootid 3 tid 105992
target_page_id id: 6 tid 105992
0 1 tid 105992
128 4 tid 105992
365 2 tid 105992
492 5 tid 105992
619 6 tid 105992
170 tid 105992
Insert  tid 105992
FindTargetPageId rootid 3 tid 105992
target_page_id id: 6 tid 105992
0 1 tid 105992
128 4 tid 105992
365 2 tid 105992
492 5 tid 105992
619 6 tid 105992
171 tid 105992
Insert  tid 105992
FindTargetPageId rootid 3 tid 105992
target_page_id id: 6 tid 105992
0 1 tid 105992
128 4 tid 105992
365 2 tid 105992
492 5 tid 105992
619 6 tid 105992
172 tid 105992
Insert  tid 105992
FindTargetPageId rootid 3 tid 105992
target_page_id id: 6 tid 105992
0 1 tid 105992
128 4 tid 105992
365 2 tid 105992
492 5 tid 105992
619 6 tid 105992
173 tid 105992
Insert  tid 105992
FindTargetPageId rootid 3 tid 105990
target_page_id id: 6 tid 105990
0 1 tid 105990
128 4 tid 105990
365 2 tid 105990
492 5 tid 105990
619 6 tid 105990
174 tid 105990
Insert  tid 105990
FindTargetPageId rootid 3 tid 105991
target_page_id id: 6 tid 105991
0 1 tid 105991
128 4 tid 105991
365 2 tid 105991
492 5 tid 105991
619 6 tid 105991
175 tid 105991
Remove  tid 105991
FindTargetPageId rootid 3 tid 105992
target_page_id id: 6 tid 105992
0 1 tid 105992
128 4 tid 105992
365 2 tid 105992
492 5 tid 105992
619 6 tid 105992
174 tid 105992
Insert  tid 105992
FindTargetPageId rootid 3 tid 105990
target_page_id id: 6 tid 105990
0 1 tid 105990
128 4 tid 105990
365 2 tid 105990
492 5 tid 105990
619 6 tid 105990
175 tid 105990
Insert  tid 105990
FindTargetPageId rootid 3 tid 105991
target_page_id id: 6 tid 105991
0 1 tid 105991
128 4 tid 105991
365 2 tid 105991
492 5 tid 105991
619 6 tid 105991
176 tid 105991
Remove  tid 105991
FindTargetPageId rootid 3 tid 105991
target_page_id id: 6 tid 105991
0 1 tid 105991
128 4 tid 105991
365 2 tid 105991
492 5 tid 105991
619 6 tid 105991
175 tid 105991
Remove  tid 105991
FindTargetPageId rootid 3 tid 105990
target_page_id id: 6 tid 105990
0 1 tid 105990
128 4 tid 105990
365 2 tid 105990
492 5 tid 105990
619 6 tid 105990
174 tid 105990
Insert  tid 105990
FindTargetPageId rootid 3 tid 105990
target_page_id id: 6 tid 105990
0 1 tid 105990
128 4 tid 105990
365 2 tid 105990
492 5 tid 105990
619 6 tid 105990
175 tid 105990
Insert  tid 105990
FindTargetPageId rootid 3 tid 105990
target_page_id id: 6 tid 105990
0 1 tid 105990
128 4 tid 105990
365 2 tid 105990
492 5 tid 105990
619 6 tid 105990
175 tid 105990
Insert  tid 105990
FindTargetPageId rootid 3 tid 105992
target_page_id id: 6 tid 105992
0 1 tid 105992
128 4 tid 105992
365 2 tid 105992
492 5 tid 105992
619 6 tid 105992
176 tid 105992
Insert  tid 105992
FindTargetPageId rootid 3 tid 105991
target_page_id id: 6 tid 105991
0 1 tid 105991
128 4 tid 105991
365 2 tid 105991
492 5 tid 105991
619 6 tid 105991
177 tid 105991
Remove  tid 105991
FindTargetPageId rootid 3 tid 105990
target_page_id id: 6 tid 105990
0 1 tid 105990
128 4 tid 105990
365 2 tid 105990
492 5 tid 105990
619 6 tid 105990
176 tid 105990
Insert  tid 105990
FindTargetPageId rootid 3 tid 105992
target_page_id id: 6 tid 105992
0 1 tid 105992
128 4 tid 105992
365 2 tid 105992
492 5 tid 105992
619 6 tid 105992
177 tid 105992
Insert  tid 105992
FindTargetPageId rootid 3 tid 105991
target_page_id id: 6 tid 105991
0 1 tid 105991
128 4 tid 105991
365 2 tid 105991
492 5 tid 105991
619 6 tid 105991
178 tid 105991
Remove  tid 105991
FindTargetPageId rootid 3 tid 105990
target_page_id id: 6 tid 105990
0 1 tid 105990
128 4 tid 105990
365 2 tid 105990
492 5 tid 105990
619 6 tid 105990
177 tid 105990
Insert  tid 105990
FindTargetPageId rootid 3 tid 105992
target_page_id id: 6 tid 105992
0 1 tid 105992
128 4 tid 105992
365 2 tid 105992
492 5 tid 105992
619 6 tid 105992
178 tid 105992
Insert  tid 105992
FindTargetPageId rootid 3 tid 105991
target_page_id id: 6 tid 105991
0 1 tid 105991
128 4 tid 105991
365 2 tid 105991
492 5 tid 105991
619 6 tid 105991
179 tid 105991
Remove  tid 105991
FindTargetPageId rootid 3 tid 105990
target_page_id id: 6 tid 105990
0 1 tid 105990
128 4 tid 105990
365 2 tid 105990
492 5 tid 105990
619 6 tid 105990
178 tid 105990
Insert  tid 105990
FindTargetPageId rootid 3 tid 105992
target_page_id id: 6 tid 105992
0 1 tid 105992
128 4 tid 105992
365 2 tid 105992
492 5 tid 105992
619 6 tid 105992
179 tid 105992
Insert  tid 105992
FindTargetPageId rootid 3 tid 105991
target_page_id id: 6 tid 105991
0 1 tid 105991
128 4 tid 105991
365 2 tid 105991
492 5 tid 105991
619 6 tid 105991
180 tid 105991
Remove  tid 105991
FindTargetPageId rootid 3 tid 105990
target_page_id id: 6 tid 105990
0 1 tid 105990
128 4 tid 105990
365 2 tid 105990
492 5 tid 105990
619 6 tid 105990
179 tid 105990
Insert  tid 105990
FindTargetPageId rootid 3 tid 105992
target_page_id id: 6 tid 105992
0 1 tid 105992
128 4 tid 105992
365 2 tid 105992
492 5 tid 105992
619 6 tid 105992
180 tid 105992
Insert  tid 105992
FindTargetPageId rootid 3 tid 105991
target_page_id id: 6 tid 105991
0 1 tid 105991
128 4 tid 105991
365 2 tid 105991
492 5 tid 105991
619 6 tid 105991
181 tid 105991
Remove  tid 105991
FindTargetPageId rootid 3 tid 105990
target_page_id id: 6 tid 105990
0 1 tid 105990
128 4 tid 105990
365 2 tid 105990
492 5 tid 105990
619 6 tid 105990
180 tid 105990
Insert  tid 105990
FindTargetPageId rootid 3 tid 105992
target_page_id id: 6 tid 105992
0 1 tid 105992
128 4 tid 105992
365 2 tid 105992
492 5 tid 105992
619 6 tid 105992
181 tid 105992
Insert  tid 105992
FindTargetPageId rootid 3 tid 105992
target_page_id id: 6 tid 105992
0 1 tid 105992
128 4 tid 105992
365 2 tid 105992
492 5 tid 105992
619 6 tid 105992
182 tid 105992
Insert  tid 105992
FindTargetPageId rootid 3 tid 105992
target_page_id id: 6 tid 105992
0 1 tid 105992
128 4 tid 105992
365 2 tid 105992
492 5 tid 105992
619 6 tid 105992
183 tid 105992
Insert  tid 105992
FindTargetPageId rootid 3 tid 105992
target_page_id id: 6 tid 105992
0 1 tid 105992
128 4 tid 105992
365 2 tid 105992
492 5 tid 105992
619 6 tid 105992
184 tid 105992
Insert  tid 105992
FindTargetPageId rootid 3 tid 105992
target_page_id id: 6 tid 105992
0 1 tid 105992
128 4 tid 105992
365 2 tid 105992
492 5 tid 105992
619 6 tid 105992
185 tid 105992
Insert  tid 105992
FindTargetPageId rootid 3 tid 105992
target_page_id id: 6 tid 105992
0 1 tid 105992
128 4 tid 105992
365 2 tid 105992
492 5 tid 105992
619 6 tid 105992
186 tid 105992
Insert  tid 105992
FindTargetPageId rootid 3 tid 105992
target_page_id id: 6 tid 105992
0 1 tid 105992
128 4 tid 105992
365 2 tid 105992
492 5 tid 105992
619 6 tid 105992
187 tid 105992
Insert  tid 105992
FindTargetPageId rootid 3 tid 105992
target_page_id id: 6 tid 105992
0 1 tid 105992
128 4 tid 105992
365 2 tid 105992
492 5 tid 105992
619 6 tid 105992
188 tid 105992
Insert  tid 105992
FindTargetPageId rootid 3 tid 105992
target_page_id id: 6 tid 105992
0 1 tid 105992
128 4 tid 105992
365 2 tid 105992
492 5 tid 105992
619 6 tid 105992
189 tid 105992
Insert  tid 105992
FindTargetPageId rootid 3 tid 105992
target_page_id id: 6 tid 105992
0 1 tid 105992
128 4 tid 105992
365 2 tid 105992
492 5 tid 105992
619 6 tid 105992
190 tid 105992
Insert  tid 105992
FindTargetPageId rootid 3 tid 105992
target_page_id id: 6 tid 105992
0 1 tid 105992
128 4 tid 105992
365 2 tid 105992
492 5 tid 105992
619 6 tid 105992
191 tid 105992
Insert  tid 105992
FindTargetPageId rootid 3 tid 105992
target_page_id id: 6 tid 105992
0 1 tid 105992
128 4 tid 105992
365 2 tid 105992
492 5 tid 105992
619 6 tid 105992
192 tid 105992
Insert  tid 105992
FindTargetPageId rootid 3 tid 105992
target_page_id id: 6 tid 105992
0 1 tid 105992
128 4 tid 105992
365 2 tid 105992
492 5 tid 105992
619 6 tid 105992
193 tid 105992
Insert  tid 105992
FindTargetPageId rootid 3 tid 105990
target_page_id id: 6 tid 105990
0 1 tid 105990
128 4 tid 105990
365 2 tid 105990
492 5 tid 105990
619 6 tid 105990
194 tid 105990
Insert  tid 105990
FindTargetPageId rootid 3 tid 105990
target_page_id id: 6 tid 105990
0 1 tid 105990
128 4 tid 105990
365 2 tid 105990
492 5 tid 105990
619 6 tid 105990
195 tid 105990
Insert  tid 105990
FindTargetPageId rootid 3 tid 105990
target_page_id id: 6 tid 105990
0 1 tid 105990
128 4 tid 105990
365 2 tid 105990
492 5 tid 105990
619 6 tid 105990
196 tid 105990
Insert  tid 105990
FindTargetPageId rootid 3 tid 105990
target_page_id id: 6 tid 105990
0 1 tid 105990
128 4 tid 105990
365 2 tid 105990
492 5 tid 105990
619 6 tid 105990
197 tid 105990
Insert  tid 105990
FindTargetPageId rootid 3 tid 105990
target_page_id id: 6 tid 105990
0 1 tid 105990
128 4 tid 105990
365 2 tid 105990
492 5 tid 105990
619 6 tid 105990
198 tid 105990
Insert  tid 105990
FindTargetPageId rootid 3 tid 105992
target_page_id id: 6 tid 105992
0 1 tid 105992
128 4 tid 105992
365 2 tid 105992
492 5 tid 105992
619 6 tid 105992
199 tid 105992
Insert  tid 105992
FindTargetPageId rootid 3 tid 105992
target_page_id id: 6 tid 105992
0 1 tid 105992
128 4 tid 105992
365 2 tid 105992
492 5 tid 105992
619 6 tid 105992
200 tid 105992
Insert  tid 105992
FindTargetPageId rootid 3 tid 105992
target_page_id id: 6 tid 105992
0 1 tid 105992
128 4 tid 105992
365 2 tid 105992
492 5 tid 105992
619 6 tid 105992
201 tid 105992
Insert  tid 105992
FindTargetPageId rootid 3 tid 105991
target_page_id id: 6 tid 105991
0 1 tid 105991
128 4 tid 105991
365 2 tid 105991
492 5 tid 105991
619 6 tid 105991
202 tid 105991
Remove  tid 105991
FindTargetPageId rootid 3 tid 105990
target_page_id id: 6 tid 105990
0 1 tid 105990
128 4 tid 105990
365 2 tid 105990
492 5 tid 105990
619 6 tid 105990
201 tid 105990
Insert  tid 105990
FindTargetPageId rootid 3 tid 105990
target_page_id id: 6 tid 105990
0 1 tid 105990
128 4 tid 105990
365 2 tid 105990
492 5 tid 105990
619 6 tid 105990
202 tid 105990
Insert  tid 105990
FindTargetPageId rootid 3 tid 105991
target_page_id id: 6 tid 105991
0 1 tid 105991
128 4 tid 105991
365 2 tid 105991
492 5 tid 105991
619 6 tid 105991
203 tid 105991
Remove  tid 105991
FindTargetPageId rootid 3 tid 105992
target_page_id id: 6 tid 105992
0 1 tid 105992
128 4 tid 105992
365 2 tid 105992
492 5 tid 105992
619 6 tid 105992
202 tid 105992
Insert  tid 105992
FindTargetPageId rootid 3 tid 105990
target_page_id id: 6 tid 105990
0 1 tid 105990
128 4 tid 105990
365 2 tid 105990
492 5 tid 105990
619 6 tid 105990
203 tid 105990
Insert  tid 105990
FindTargetPageId rootid 3 tid 105991
target_page_id id: 6 tid 105991
0 1 tid 105991
128 4 tid 105991
365 2 tid 105991
492 5 tid 105991
619 6 tid 105991
204 tid 105991
Remove  tid 105991
FindTargetPageId rootid 3 tid 105992
target_page_id id: 6 tid 105992
0 1 tid 105992
128 4 tid 105992
365 2 tid 105992
492 5 tid 105992
619 6 tid 105992
203 tid 105992
Insert  tid 105992
FindTargetPageId rootid 3 tid 105990
target_page_id id: 6 tid 105990
0 1 tid 105990
128 4 tid 105990
365 2 tid 105990
492 5 tid 105990
619 6 tid 105990
204 tid 105990
Insert  tid 105990
FindTargetPageId rootid 3 tid 105990
target_page_id id: 6 tid 105990
0 1 tid 105990
128 4 tid 105990
365 2 tid 105990
492 5 tid 105990
619 6 tid 105990
205 tid 105990
Insert  tid 105990
FindTargetPageId rootid 3 tid 105990
target_page_id id: 6 tid 105990
0 1 tid 105990
128 4 tid 105990
365 2 tid 105990
492 5 tid 105990
619 6 tid 105990
206 tid 105990
Insert  tid 105990
FindTargetPageId rootid 3 tid 105992
target_page_id id: 6 tid 105992
0 1 tid 105992
128 4 tid 105992
365 2 tid 105992
492 5 tid 105992
619 6 tid 105992
207 tid 105992
Insert  tid 105992
FindTargetPageId rootid 3 tid 105992
target_page_id id: 6 tid 105992
0 1 tid 105992
128 4 tid 105992
365 2 tid 105992
492 5 tid 105992
619 6 tid 105992
208 tid 105992
Insert  tid 105992
FindTargetPageId rootid 3 tid 105992
target_page_id id: 6 tid 105992
0 1 tid 105992
128 4 tid 105992
365 2 tid 105992
492 5 tid 105992
619 6 tid 105992
209 tid 105992
Insert  tid 105992
FindTargetPageId rootid 3 tid 105991
target_page_id id: 6 tid 105991
0 1 tid 105991
128 4 tid 105991
365 2 tid 105991
492 5 tid 105991
619 6 tid 105991
210 tid 105991
Remove  tid 105991
FindTargetPageId rootid 3 tid 105990
target_page_id id: 6 tid 105990
0 1 tid 105990
128 4 tid 105990
365 2 tid 105990
492 5 tid 105990
619 6 tid 105990
209 tid 105990
Insert  tid 105990
FindTargetPageId rootid 3 tid 105990
target_page_id id: 6 tid 105990
0 1 tid 105990
128 4 tid 105990
365 2 tid 105990
492 5 tid 105990
619 6 tid 105990
210 tid 105990
Insert  tid 105990
FindTargetPageId rootid 3 tid 105990
target_page_id id: 6 tid 105990
0 1 tid 105990
128 4 tid 105990
365 2 tid 105990
492 5 tid 105990
619 6 tid 105990
211 tid 105990
Insert  tid 105990
FindTargetPageId rootid 3 tid 105992
target_page_id id: 6 tid 105992
0 1 tid 105992
128 4 tid 105992
365 2 tid 105992
492 5 tid 105992
619 6 tid 105992
212 tid 105992
Insert  tid 105992
FindTargetPageId rootid 3 tid 105991
target_page_id id: 6 tid 105991
0 1 tid 105991
128 4 tid 105991
365 2 tid 105991
492 5 tid 105991
619 6 tid 105991
213 tid 105991
Remove  tid 105991
FindTargetPageId rootid 3 tid 105990
target_page_id id: 6 tid 105990
0 1 tid 105990
128 4 tid 105990
365 2 tid 105990
492 5 tid 105990
619 6 tid 105990
212 tid 105990
Insert  tid 105990
FindTargetPageId rootid 3 tid 105992
target_page_id id: 6 tid 105992
0 1 tid 105992
128 4 tid 105992
365 2 tid 105992
492 5 tid 105992
619 6 tid 105992
213 tid 105992
Insert  tid 105992
FindTargetPageId rootid 3 tid 105991
target_page_id id: 6 tid 105991
0 1 tid 105991
128 4 tid 105991
365 2 tid 105991
492 5 tid 105991
619 6 tid 105991
214 tid 105991
Remove  tid 105991
FindTargetPageId rootid 3 tid 105990
target_page_id id: 6 tid 105990
0 1 tid 105990
128 4 tid 105990
365 2 tid 105990
492 5 tid 105990
619 6 tid 105990
213 tid 105990
Insert  tid 105990
FindTargetPageId rootid 3 tid 105992
target_page_id id: 6 tid 105992
0 1 tid 105992
128 4 tid 105992
365 2 tid 105992
492 5 tid 105992
619 6 tid 105992
214 tid 105992
Insert  tid 105992
FindTargetPageId rootid 3 tid 105991
target_page_id id: 6 tid 105991
0 1 tid 105991
128 4 tid 105991
365 2 tid 105991
492 5 tid 105991
619 6 tid 105991
215 tid 105991
Remove  tid 105991
FindTargetPageId rootid 3 tid 105990
target_page_id id: 6 tid 105990
0 1 tid 105990
128 4 tid 105990
365 2 tid 105990
492 5 tid 105990
619 6 tid 105990
214 tid 105990
Insert  tid 105990
FindTargetPageId rootid 3 tid 105992
target_page_id id: 6 tid 105992
0 1 tid 105992
128 4 tid 105992
365 2 tid 105992
492 5 tid 105992
619 6 tid 105992
215 tid 105992
Insert  tid 105992
FindTargetPageId rootid 3 tid 105991
target_page_id id: 6 tid 105991
0 1 tid 105991
128 4 tid 105991
365 2 tid 105991
492 5 tid 105991
619 6 tid 105991
216 tid 105991
Remove  tid 105991
FindTargetPageId rootid 3 tid 105991
target_page_id id: 6 tid 105991
0 1 tid 105991
128 4 tid 105991
365 2 tid 105991
492 5 tid 105991
619 6 tid 105991
215 tid 105991
Remove  tid 105991
FindTargetPageId rootid 3 tid 105992
target_page_id id: 6 tid 105992
0 1 tid 105992
128 4 tid 105992
365 2 tid 105992
492 5 tid 105992
619 6 tid 105992
214 tid 105992
Insert  tid 105992
FindTargetPageId rootid 3 tid 105990
target_page_id id: 6 tid 105990
0 1 tid 105990
128 4 tid 105990
365 2 tid 105990
492 5 tid 105990
619 6 tid 105990
215 tid 105990
Insert  tid 105990
FindTargetPageId rootid 3 tid 105991
target_page_id id: 6 tid 105991
0 1 tid 105991
128 4 tid 105991
365 2 tid 105991
492 5 tid 105991
619 6 tid 105991
216 tid 105991
Remove  tid 105991
FindTargetPageId rootid 3 tid 105992
target_page_id id: 6 tid 105992
0 1 tid 105992
128 4 tid 105992
365 2 tid 105992
492 5 tid 105992
619 6 tid 105992
215 tid 105992
FindTargetPageId rootid 3 tid 105990
target_page_id id: 6 tid 105990
0 1 tid 105990
128 4 tid 105990
365 2 tid 105990
492 5 tid 105990
619 6 tid 105990
216 tid 105990
Insert Insert  tid  tid 105990
105992
FindTargetPageId rootid 3 tid 105991
target_page_id id: 6 tid 105991
0 1 tid 105991
128 4 tid 105991
365 2 tid 105991
492 5 tid 105991
619 6 tid 105991
217 tid 105991
Remove  tid 105991
FindTargetPageId rootid 3 tid 105990
target_page_id id: 6 tid 105990
0 1 tid 105990
128 4 tid 105990
365 2 tid 105990
492 5 tid 105990
619 6 tid 105990
216 tid 105990
Insert  tid 105990
FindTargetPageId rootid 3 tid 105992
target_page_id id: 6 tid 105992
0 1 tid 105992
128 4 tid 105992
365 2 tid 105992
492 5 tid 105992
619 6 tid 105992
217 tid 105992
Insert  tid 105992
FindTargetPageId rootid 3 tid 105992
target_page_id id: 6 tid 105992
0 1 tid 105992
128 4 tid 105992
365 2 tid 105992
492 5 tid 105992
619 6 tid 105992
218 tid 105992
Insert  tid 105992
FindTargetPageId rootid 3 tid 105992
target_page_id id: 6 tid 105992
0 1 tid 105992
128 4 tid 105992
365 2 tid 105992
492 5 tid 105992
619 6 tid 105992
219 tid 105992
Insert  tid 105992
FindTargetPageId rootid 3 tid 105990
target_page_id id: 6 tid 105990
0 1 tid 105990
128 4 tid 105990
365 2 tid 105990
492 5 tid 105990
619 6 tid 105990
220 tid 105990
Insert  tid 105990
FindTargetPageId rootid 3 tid 105991
target_page_id id: 6 tid 105991
0 1 tid 105991
128 4 tid 105991
365 2 tid 105991
492 5 tid 105991
619 6 tid 105991
221 tid 105991
Remove  tid 105991
FindTargetPageId rootid 3 tid 105991
target_page_id id: 6 tid 105991
0 1 tid 105991
128 4 tid 105991
365 2 tid 105991
492 5 tid 105991
619 6 tid 105991
220 tid 105991
Remove  tid 105991
FindTargetPageId rootid 3 tid 105991
target_page_id id: 6 tid 105991
0 1 tid 105991
128 4 tid 105991
365 2 tid 105991
492 5 tid 105991
619 6 tid 105991
219 tid 105991
Remove  tid 105991
FindTargetPageId rootid 3 tid 105991
target_page_id id: 6 tid 105991
0 1 tid 105991
128 4 tid 105991
365 2 tid 105991
492 5 tid 105991
619 6 tid 105991
218 tid 105991
Remove  tid 105991
FindTargetPageId rootid 3 tid 105990
target_page_id id: 6 tid 105990
0 1 tid 105990
128 4 tid 105990
365 2 tid 105990
492 5 tid 105990
619 6 tid 105990
217 tid 105990
Insert  tid 105990
FindTargetPageId rootid 3 tid 105992
target_page_id id: 6 tid 105992
0 1 tid 105992
128 4 tid 105992
365 2 tid 105992
492 5 tid 105992
619 6 tid 105992
218 tid 105992
Insert  tid 105992
FindTargetPageId rootid 3 tid 105991
target_page_id id: 6 tid 105991
0 1 tid 105991
128 4 tid 105991
365 2 tid 105991
492 5 tid 105991
619 6 tid 105991
219 tid 105991
Remove  tid 105991
FindTargetPageId rootid 3 tid 105990
target_page_id id: 6 tid 105990
0 1 tid 105990
128 4 tid 105990
365 2 tid 105990
492 5 tid 105990
619 6 tid 105990
218 tid 105990
Insert  tid 105990
FindTargetPageId rootid 3 tid 105990
target_page_id id: 6 tid 105990
0 1 tid 105990
128 4 tid 105990
365 2 tid 105990
492 5 tid 105990
619 6 tid 105990
219 tid 105990
Insert  tid 105990
FindTargetPageId rootid 3 tid 105990
target_page_id id: 6 tid 105990
0 1 tid 105990
128 4 tid 105990
365 2 tid 105990
492 5 tid 105990
619 6 tid 105990
220 tid 105990
Insert  tid 105990
FindTargetPageId rootid 3 tid 105992
target_page_id id: 6 tid 105992
0 1 tid 105992
128 4 tid 105992
365 2 tid 105992
492 5 tid 105992
619 6 tid 105992
221 tid 105992
Insert  tid 105992
FindTargetPageId rootid 3 tid 105992
target_page_id id: 6 tid 105992
0 1 tid 105992
128 4 tid 105992
365 2 tid 105992
492 5 tid 105992
619 6 tid 105992
222 tid 105992
Insert  tid 105992
FindTargetPageId rootid 3 tid 105992
target_page_id id: 6 tid 105992
0 1 tid 105992
128 4 tid 105992
365 2 tid 105992
492 5 tid 105992
619 6 tid 105992
223 tid 105992
Insert  tid 105992
FindTargetPageId rootid 3 tid 105992
target_page_id id: 6 tid 105992
0 1 tid 105992
128 4 tid 105992
365 2 tid 105992
492 5 tid 105992
619 6 tid 105992
224 tid 105992
Insert  tid 105992
FindTargetPageId rootid 3 tid 105990
target_page_id id: 6 tid 105990
0 1 tid 105990
128 4 tid 105990
365 2 tid 105990
492 5 tid 105990
619 6 tid 105990
225 tid 105990
Insert  tid 105990
FindTargetPageId rootid 3 tid 105990
target_page_id id: 6 tid 105990
0 1 tid 105990
128 4 tid 105990
365 2 tid 105990
492 5 tid 105990
619 6 tid 105990
226 tid 105990
Insert  tid 105990
FindTargetPageId rootid 3 tid 105992
target_page_id id: 6 tid 105992
0 1 tid 105992
128 4 tid 105992
365 2 tid 105992
492 5 tid 105992
619 6 tid 105992
227 tid 105992
Insert  tid 105992
FindTargetPageId rootid 3 tid 105991
target_page_id id: 6 tid 105991
0 1 tid 105991
128 4 tid 105991
365 2 tid 105991
492 5 tid 105991
619 6 tid 105991
228 tid 105991
Remove  tid 105991
FindTargetPageId rootid 3 tid 105990
target_page_id id: 6 tid 105990
0 1 tid 105990
128 4 tid 105990
365 2 tid 105990
492 5 tid 105990
619 6 tid 105990
227 tid 105990
Insert  tid 105990
FindTargetPageId rootid 3 tid 105992
target_page_id id: 6 tid 105992
0 1 tid 105992
128 4 tid 105992
365 2 tid 105992
492 5 tid 105992
619 6 tid 105992
228 tid 105992
Insert  tid 105992
FindTargetPageId rootid 3 tid 105991
target_page_id id: 6 tid 105991
0 1 tid 105991
128 4 tid 105991
365 2 tid 105991
492 5 tid 105991
619 6 tid 105991
229 tid 105991
Remove  tid 105991
FindTargetPageId rootid 3 tid 105990
target_page_id id: 6 tid 105990
0 1 tid 105990
128 4 tid 105990
365 2 tid 105990
492 5 tid 105990
619 6 tid 105990
228 tid 105990
Insert  tid 105990
FindTargetPageId rootid 3 tid 105992
target_page_id id: 6 tid 105992
0 1 tid 105992
128 4 tid 105992
365 2 tid 105992
492 5 tid 105992
619 6 tid 105992
229 tid 105992
Insert  tid 105992
FindTargetPageId rootid 3 tid 105991
target_page_id id: 6 tid 105991
0 1 tid 105991
128 4 tid 105991
365 2 tid 105991
492 5 tid 105991
619 6 tid 105991
230 tid 105991
Remove  tid 105991
FindTargetPageId rootid 3 tid 105990
target_page_id id: 6 tid 105990
0 1 tid 105990
128 4 tid 105990
365 2 tid 105990
492 5 tid 105990
619 6 tid 105990
229 tid 105990
Insert  tid 105990
FindTargetPageId rootid 3 tid 105990
target_page_id id: 6 tid 105990
0 1 tid 105990
128 4 tid 105990
365 2 tid 105990
492 5 tid 105990
619 6 tid 105990
230 tid 105990
Insert  tid 105990
FindTargetPageId rootid 3 tid 105990
target_page_id id: 6 tid 105990
0 1 tid 105990
128 4 tid 105990
365 2 tid 105990
492 5 tid 105990
619 6 tid 105990
231 tid 105990
Insert  tid 105990
FindTargetPageId rootid 3 tid 105990
target_page_id id: 6 tid 105990
0 1 tid 105990
128 4 tid 105990
365 2 tid 105990
492 5 tid 105990
619 6 tid 105990
232 tid 105990
Insert  tid 105990
FindTargetPageId rootid 3 tid 105992
target_page_id id: 6 tid 105992
0 1 tid 105992
128 4 tid 105992
365 2 tid 105992
492 5 tid 105992
619 6 tid 105992
233 tid 105992
Insert  tid 105992
FindTargetPageId rootid 3 tid 105992
target_page_id id: 6 tid 105992
0 1 tid 105992
128 4 tid 105992
365 2 tid 105992
492 5 tid 105992
619 6 tid 105992
234 tid 105992
Insert  tid 105992
FindTargetPageId rootid 3 tid 105990
target_page_id id: 6 tid 105990
0 1 tid 105990
128 4 tid 105990
365 2 tid 105990
492 5 tid 105990
619 6 tid 105990
235 tid 105990
FindTargetPageId rootid 3 tid 105991
target_page_id id: 6 tid 105991
0 1 tid 105991
128 4 tid 105991
365Insert  tid 105990
 2 tid 105991
492 5 tid 105991
619 6 tid 105991
236 tid 105991
Remove  tid 105991
FindTargetPageId rootid 3 tid 105991
target_page_id id: 6 tid 105991
0 1 tid 105991
128 4 tid 105991
365 2 tid 105991
492 5 tid 105991
619 6 tid 105991
235 tid 105991
Remove  tid 105991
FindTargetPageId rootid 3 tid 105991
target_page_id id: 6 tid 105991
0 1 tid 105991
128 4 tid 105991
365 2 tid 105991
492 5 tid 105991
619 6 tid 105991
234 tid 105991
Remove  tid 105991
FindTargetPageId rootid 3 tid 105992
target_page_id id: 6 tid 105992
0 1 tid 105992
128 4 tid 105992
365 2 tid 105992
492 5 tid 105992
619 6 tid 105992
233 tid 105992
Insert  tid 105992
FindTargetPageId rootid 3 tid 105990
target_page_id id: 6 tid 105990
0 1 tid 105990
128 4 tid 105990
365 2 tid 105990
492 5 tid 105990
619 6 tid 105990
234 tid 105990
Insert  tid 105990
FindTargetPageId rootid 3 tid 105990
target_page_id id: 6 tid 105990
0 1 tid 105990
128 4 tid 105990
365 2 tid 105990
492 5 tid 105990
619 6 tid 105990
235 tid 105990
Insert  tid 105990
FindTargetPageId rootid 3 tid 105990
target_page_id id: 6 tid 105990
0 1 tid 105990
128 4 tid 105990
365 2 tid 105990
492 5 tid 105990
619 6 tid 105990
236 tid 105990
Insert  tid 105990
FindTargetPageId rootid 3 tid 105991
target_page_id id: 6 tid 105991
0 1 tid 105991
128 4 tid 105991
365 2 tid 105991
492 5 tid 105991
619 6 tid 105991
237 tid 105991
Remove  tid 105991
FindTargetPageId rootid 3 tid 105991
target_page_id id: 6 tid 105991
0 1 tid 105991
128 4 tid 105991
365 2 tid 105991
492 5 tid 105991
619 6 tid 105991
236 tid 105991
Remove  tid 105991
FindTargetPageId rootid 3 tid 105990
target_page_id id: 6 tid 105990
0 1 tid 105990
128 4 tid 105990
365 2 tid 105990
492 5 tid 105990
619 6 tid 105990
235 tid 105990
Insert  tid 105990
FindTargetPageId rootid 3 tid 105992
target_page_id id: 6 tid 105992
0 1 tid 105992
128 4 tid 105992
365 2 tid 105992
492 5 tid 105992
619 6 tid 105992
236 tid 105992
Insert  tid 105992
FindTargetPageId rootid 3 tid 105992
target_page_id id: 6 tid 105992
0 1 tid 105992
128 4 tid 105992
365 2 tid 105992
492 5 tid 105992
619 6 tid 105992
237 tid 105992
FindTargetPageId rootid 3 tid 105990
Insert  tid target_page_id id: 1059926 tid 
105990
0 1 tid 105990
128 4 tid 105990
365 2 tid 105990
492 5 tid 105990
619 6 tid 105990
238 tid 105990
Insert  tid 105990
FindTargetPageId rootid 3 tid 105991
target_page_id id: 6 tid 105991
0 1 tid 105991
128 4 tid 105991
365 2 tid 105991
492 5 tid 105991
619 6 tid 105991
239 tid 105991
Remove  tid 105991
FindTargetPageId rootid 3 tid 105992
target_page_id id: 6 tid 105992
0 1 tid 105992
128 4 tid 105992
365 2 tid 105992
492 5 tid 105992
619 6 tid 105992
238 tid 105992
Insert  tid 105992
FindTargetPageId rootid 3 tid 105990
target_page_id id: 6 tid 105990
0 1 tid 105990
128 4 tid 105990
365 2 tid 105990
492 5 tid 105990
619 6 tid 105990
239 tid 105990
Insert  tid 105990
FindTargetPageId rootid 3 tid 105990
target_page_id id: 6 tid 105990
0 1 tid 105990
128 4 tid 105990
365 2 tid 105990
492 5 tid 105990
619 6 tid 105990
240 tid 105990
Insert  tid 105990
FindTargetPageId rootid 3 tid 105990
target_page_id id: 6 tid 105990
0 1 tid 105990
128 4 tid 105990
365 2 tid 105990
492 5 tid 105990
619 6 tid 105990
241 tid 105990
Insert  tid 105990
FindTargetPageId rootid 3 tid 105990
target_page_id id: 6 tid 105990
0 1 tid 105990
128 4 tid 105990
365 2 tid 105990
492 5 tid 105990
619 6 tid 105990
242 tid 105990
Insert  tid 105990
FindTargetPageId rootid 3 tid 105990
target_page_id id: 6 tid 105990
0 1 tid 105990
128 4 tid 105990
365 2 tid 105990
492 5 tid 105990
619 6 tid 105990
243 tid 105990
Insert  tid 105990
FindTargetPageId rootid 3 tid 105991
target_page_id id: 6 tid 105991
0 1 tid 105991
128 4 tid 105991
365 2 tid 105991
492 5 tid 105991
619 6 tid 105991
244 tid 105991
Remove  tid 105991
FindTargetPageId rootid 3 tid 105992
target_page_id id: 6 tid 105992
0 1 tid 105992
128 4 tid 105992
365 2 tid 105992
492 5 tid 105992
619 6 tid 105992
243 tid 105992
Insert  tid 105992
FindTargetPageId rootid 3 tid 105990
target_page_id id: 6 tid 105990
0 1 tid 105990
128 4 tid 105990
365 2 tid 105990
492 5 tid 105990
619 6 tid 105990
244 tid 105990
Insert  tid 105990
FindTargetPageId rootid 3 tid 105991
target_page_id id: 6 tid 105991
0 1 tid 105991
128 4 tid 105991
365 2 tid 105991
492 5 tid 105991
619 6 tid 105991
245 tid 105991
Remove  tid 105991
FindTargetPageId rootid 3 tid 105991
target_page_id id: 6 tid 105991
0 1 tid 105991
128 4 tid 105991
365 2 tid 105991
492 5 tid 105991
619 6 tid 105991
244 tid 105991
Remove  tid 105991
FindTargetPageId rootid 3 tid 105991
target_page_id id: 6 tid 105991
0 1 tid 105991
128 4 tid 105991
365 2 tid 105991
492 5 tid 105991
619 6 tid 105991
243 tid 105991
Remove  tid 105991
FindTargetPageId rootid 3 tid 105991
target_page_id id: 6 tid 105991
0 1 tid 105991
128 4 tid 105991
365 2 tid 105991
492 5 tid 105991
619 6 tid 105991
242 tid 105991
Remove  tid 105991
FindTargetPageId rootid 3 tid 105991
target_page_id id: 6 tid 105991
0 1 tid 105991
128 4 tid 105991
365 2 tid 105991
492 5 tid 105991
619 6 tid 105991
241 tid 105991
Remove  tid 105991
FindTargetPageId rootid 3 tid 105991
target_page_id id: 6 tid 105991
0 1 tid 105991
128 4 tid 105991
365 2 tid 105991
492 5 tid 105991
619 6 tid 105991
240 tid 105991
Remove  tid 105991
FindTargetPageId rootid 3 tid 105991
target_page_id id: 6 tid 105991
0 1 tid 105991
128 4 tid 105991
365 2 tid 105991
492 5 tid 105991
619 6 tid 105991
239 tid 105991
Remove  tid 105991
FindTargetPageId rootid 3 tid 105991
target_page_id id: 6 tid 105991
0 1 tid 105991
128 4 tid 105991
365 2 tid 105991
492 5 tid 105991
619 6 tid 105991
238 tid 105991
Remove  tid 105991
FindTargetPageId rootid 3 tid 105991
target_page_id id: 6 tid 105991
0 1 tid 105991
128 4 tid 105991
365 2 tid 105991
492 5 tid 105991
619 6 tid 105991
237 tid 105991
Remove  tid 105991
FindTargetPageId rootid 3 tid 105990
target_page_id id: 6 tid 105990
0 1 tid 105990
128 4 tid 105990
365 2 tid 105990
492 5 tid 105990
619 6 tid 105990
236 tid 105990
Insert  tid 105990
FindTargetPageId rootid 3 tid 105992
target_page_id id: 6 tid 105992
0 1 tid 105992
128 4 tid 105992
365 2 tid 105992
492 5 tid 105992
619 6 tid 105992
237 tid 105992
Insert  tid 105992
FindTargetPageId rootid 3 tid 105991
target_page_id id: 6 tid 105991
0 1 tid 105991
128 4 tid 105991
365 2 tid 105991
492 5 tid 105991
619 6 tid 105991
238 tid 105991
Remove  tid 105991
FindTargetPageId rootid 3 tid 105991
target_page_id id: 6 tid 105991
0 1 tid 105991
128 4 tid 105991
365 2 tid 105991
492 5 tid 105991
619 6 tid 105991
237 tid 105991
Remove  tid FindTargetPageId rootid 1059913 tid 
105990
target_page_id id: 6 tid 105990
0 1 tid 105990
128 4 tid 105990
365 2 tid 105990
492 5 tid 105990
619 6 tid 105990
236 tid 105990
Insert  tid 105990
FindTargetPageId rootid 3 tid 105990
target_page_id id: 6 tid 105990
0 1 tid 105990
128 4 tid 105990
365 2 tid 105990
492 5 tid 105990
619 6 tid 105990
237 tid 105990
Insert  tid 105990
FindTargetPageId rootid 3 tid 105990
target_page_id id: 6 tid 105990
0 1 tid 105990
128 4 tid 105990
365 2 tid 105990
492 5 tid 105990
619 6 tid 105990
238 tid 105990
Insert  tid 105990
FindTargetPageId rootid 3 tid 105991
target_page_id id: 6 tid 105991
0 1 tid 105991
128 4 tid 105991
365 2 tid 105991
492 5 tid 105991
619 6 tid 105991
239 tid 105991
Remove  tid 105991
FindTargetPageId rootid 3 tid 105991
target_page_id id: 6 tid 105991
0 1 tid 105991
128 4 tid 105991
365 2 tid 105991
492 5 tid 105991
619 6 tid 105991
238 tid 105991
Remove  tid 105991
FindTargetPageId rootid 3 tid 105991
target_page_id id: 6 tid 105991
0 1 tid 105991
128 4 tid 105991
365 2 tid 105991
492 5 tid 105991
619 6 tid 105991
237 tid 105991
Remove  tid 105991
FindTargetPageId rootid 3 tid 105990
target_page_id id: 6 tid 105990
0 1 tid 105990
128 4 tid 105990
365 2 tid 105990
492 5 tid 105990
619 6 tid 105990
236 tid 105990
Insert  tid 105990
FindTargetPageId rootid 3 tid 105990
target_page_id id: 6 tid 105990
0 1 tid 105990
128 4 tid 105990
365 2 tid 105990
492 5 tid 105990
619 6 tid 105990
237 tid 105990
Insert  tid 105990
FindTargetPageId rootid 3 tid 105990
target_page_id id: 6 tid 105990
0 1 tid 105990
128 4 tid 105990
365 2 tid 105990
492 5 tid 105990
619 6 tid 105990
238 tid 105990
Insert  tid 105990
FindTargetPageId rootid 3 tid 105990
target_page_id id: 6 tid 105990
0 1 tid 105990
128 4 tid 105990
365 2 tid 105990
492 5 tid 105990
619 6 tid 105990
239 tid 105990
Insert  tid 105990
FindTargetPageId rootid 3 tid 105991
target_page_id id: 6 tid 105991
0 1 tid 105991
128 4 tid 105991
365 2 tid 105991
492 5 tid 105991
619 6 tid 105991
240 tid 105991
Remove  tid 105991
FindTargetPageId rootid 3 tid 105992
target_page_id id: 6 tid 105992
0 1 tid 105992
128 4 tid 105992
365 2 tid 105992
492 5 tid 105992
619 6 tid 105992
239 tid 105992
Insert  tid 105992
FindTargetPageId rootid 3 tid 105992
target_page_id id: 6 tid 105992
0 1 tid 105992
128 4 tid 105992
365 2 tid 105992
492 5 tid 105992
619 6 tid 105992
240 tid 105992
Insert  tid 105992
FindTargetPageId rootid 3 tid 105992
target_page_id id: 6 tid 105992
0 1 tid 105992
128 4 tid 105992
365 2 tid 105992
492 5 tid 105992
619 6 tid 105992
241 tid 105992
Insert  tid 105992
FindTargetPageId rootid 3 tid 105992
target_page_id id: 6 tid 105992
0 1 tid 105992
128 4 tid 105992
365 2 tid 105992
492 5 tid 105992
619 6 tid 105992
242 tid 105992
Insert  tid 105992
FindTargetPageId rootid 3 tid 105992
target_page_id id: 6 tid 105992
0 1 tid 105992
128 4 tid 105992
365 2 tid 105992
492 5 tid 105992
619 6 tid 105992
243 tid 105992
Insert  tid 105992
FindTargetPageId rootid 3 tid 105992
target_page_id id: 6 tid 105992
0 1 tid 105992
128 4 tid 105992
365 2 tid 105992
492 5 tid 105992
619 6 tid 105992
244 tid 105992
Insert  tid 105992
FindTargetPageId rootid 3 tid 105992
target_page_id id: 6 tid 105992
0 1 tid 105992
128 4 tid 105992
365 2 tid 105992
492 5 tid 105992
619 6 tid 105992
245 tid 105992
Insert  tid 105992
FindTargetPageId rootid 3 tid 105992
target_page_id id: 6 tid 105992
0 1 tid 105992
128 4 tid 105992
365 2 tid 105992
492 5 tid 105992
619 6 tid 105992
246 tid 105992
Insert  tid 105992
FindTargetPageId rootid 3 tid 105992
target_page_id id: 6 tid 105992
0 1 tid 105992
128 4 tid 105992
365 2 tid 105992
492 5 tid 105992
619 6 tid 105992
247 tid 105992
Insert  tid 105992
FindTargetPageId rootid 3 tid 105992
target_page_id id: 6 tid 105992
0 1 tid 105992
128 4 tid 105992
365 2 tid 105992
492 5 tid 105992
619 6 tid 105992
248 tid 105992
Insert  tid 105992
FindTargetPageId rootid 3 tid 105992
target_page_id id: 6 tid 105992
0 1 tid 105992
128 4 tid 105992
365 2 tid 105992
492 5 tid 105992
619 6 tid 105992
249 tid 105992
Insert  tid 105992
FindTargetPageId rootid 3 tid 105992
target_page_id id: 6 tid 105992
0 1 tid 105992
128 4 tid 105992
365 2 tid 105992
492 5 tid 105992
619 6 tid 105992
250 tid 105992
Insert  tid 105992
FindTargetPageId rootid 3 tid 105991
target_page_id id: 6 tid 105991
0 1 tid 105991
128 4 tid 105991
365 2 tid 105991
492 5 tid 105991
619 6 tid 105991
251 tid 105991
Remove  tid 105991
FindTargetPageId rootid 3 tid 105990
target_page_id id: 6 tid 105990
0 1 tid 105990
128 4 tid 105990
365 2 tid 105990
492 5 tid 105990
619 6 tid 105990
250 tid 105990
Insert  tid 105990
FindTargetPageId rootid 3 tid 105991
target_page_id id: 6 tid 105991
0 1 tid 105991
128 4 tid 105991
365 2 tid 105991
492 5 tid 105991
619 6 tid 105991
251 tid 105991
Remove  tid 105991
FindTargetPageId rootid 3 tid 105992
target_page_id id: 6 tid 105992
0 1 tid 105992
128 4 tid 105992
365 2 tid 105992
492 5 tid 105992
619 6 tid 105992
250 tid 105992
Insert  tid 105992
FindTargetPageId rootid 3 tid 105990
target_page_id id: 6 tid 105990
0 1 tid 105990
128 4 tid 105990
365 2 tid 105990
492 5 tid 105990
619 6 tid 105990
251 tid 105990
Insert  tid 105990
FindTargetPageId rootid 3 tid 105991
target_page_id id: 6 tid 105991
0 1 tid 105991
128 4 tid 105991
365 2 tid 105991
492 5 tid 105991
619 6 tid 105991
252 tid 105991
Remove  tid 105991
FindTargetPageId rootid 3 tid 105992
target_page_id id: 6 tid 105992
0 1 tid 105992
128 4 tid 105992
365 2 tid 105992
492 5 tid 105992
619 6 tid 105992
251 tid 105992
Insert  tid 105992
FindTargetPageId rootid 3 tid 105990
target_page_id id: 6 tid 105990
0 1 tid 105990
128 4 tid 105990
365 2 tid 105990
492 5 tid 105990
619 6 tid 105990
252 tid 105990
Insert  tid 105990
FindTargetPageId rootid 3 tid 105990
target_page_id id: 6 tid 105990
0 1 tid 105990
128 4 tid 105990
365 2 tid 105990
492 5 tid 105990
619 6 tid 105990
253 tid 105990
Insert  tid 105990
FindTargetPageId rootid 3 tid 105990
target_page_id id: 6 tid 105990
0 1 tid 105990
128 4 tid 105990
365 2 tid 105990
492 5 tid 105990
619 6 tid 105990
254 tid 105990
Insert  tid 105990
FindTargetPageId rootid 3 tid 105991
target_page_id id: 7 tid 105991
0 1 tid 105991
128 4 tid 105991
365 2 tid 105991
492 5 tid 105991
619 6 tid 105991
746 7 tid 105991
128 tid 105991
Remove  tid 105991
FindTargetPageId rootid 3 tid 105992
target_page_id id: 7 tid 105992
0 1 tid 105992
128 4 tid 105992
365 2 tid 105992
492 5 tid 105992
619 6 tid 105992
746 7 tid 105992
127 tid 105992
Insert  tid 105992
FindTargetPageId rootid 3 tid 105990
target_page_id id: 7 tid 105990
0 1 tid 105990
128 4 tid 105990
365 2 tid 105990
492 5 tid 105990
619 6 tid 105990
746 7 tid 105990
128 tid 105990
Insert  tid 105990
FindTargetPageId rootid 3 tid 105991
target_page_id id: 7 tid 105991
0 1 tid 105991
128 4 tid 105991
365 2 tid 105991
492 5 tid 105991
619 6 tid 105991
746 7 tid 105991
129 tid 105991
Remove  tid 105991
FindTargetPageId rootid 3 tid 105992
target_page_id id: 7 tid 105992
0 1 tid 105992
128 4 tid 105992
365 2 tid 105992
492 5 tid 105992
619 6 tid 105992
746 7 tid 105992
128 tid 105992
Insert  tid 105992
FindTargetPageId rootid 3 tid 105990
target_page_id id: 7 tid 105990
0 1 tid 105990
128 4 tid 105990
365 2 tid 105990
492 5 tid 105990
619 6 tid 105990
746 7 tid 105990
129 tid 105990
Insert  tid 105990
FindTargetPageId rootid 3 tid 105991
target_page_id id: 7 tid 105991
0 1 tid 105991
128 4 tid 105991
365 2 tid 105991
492 5 tid 105991
619 6 tid 105991
746 7 tid 105991
130 tid 105991
Remove  tid 105991
FindTargetPageId rootid 3 tid 105992
target_page_id id: 7 tid 105992
0 1 tid 105992
128 4 tid 105992
365 2 tid 105992
492 5 tid 105992
619 6 tid 105992
746 7 tid 105992
129 tid 105992
Insert  tid 105992
FindTargetPageId rootid 3 tid 105992
target_page_id id: 7 tid 105992
0 1 tid 105992
128 4 tid 105992
365 2 tid 105992
492 5 tid 105992
619 6 tid 105992
746 7 tid 105992
130 tid 105992
Insert  tid 105992
FindTargetPageId rootid 3 tid 105991
target_page_id id: 7 tid 105991
0 1 tid 105991
128 4 tid 105991
365 2 tid 105991
492 5 tid 105991
619 6 tid 105991
746 7 tid 105991
131 tid 105991
Remove  tid 105991
FindTargetPageId rootid 3 tid 105991
target_page_id id: 7 tid 105991
0 1 tid 105991
128 4 tid 105991
365 2 tid 105991
492 5 tid 105991
619 6 tid 105991
746 7 tid 105991
130 tid 105991
Remove  tid 105991
FindTargetPageId rootid 3 tid 105991
target_page_id id: 7 tid 105991
0 1 tid 105991
128 4 tid 105991
365 2 tid 105991
492 5 tid 105991
619 6 tid 105991
746 7 tid 105991
129 tid 105991
Remove  tid 105991
FindTargetPageId rootid 3 tid 105991
target_page_id id: 7 tid 105991
0 1 tid 105991
128 4 tid 105991
365 2 tid 105991
492 5 tid 105991
619 6 tid 105991
746 7 tid 105991
128 tid 105991
Remove  tid 105991
FindTargetPageId rootid 3 tid 105991
target_page_id id: 7 tid 105991
0 1 tid 105991
128 4 tid 105991
365 2 tid 105991
492 5 tid 105991
619 6 tid 105991
746 7 tid 105991
127 tid 105991
Remove  tid 105991
FindTargetPageId rootid 3 tid 105991
target_page_id id: 6 tid 105991
0 1 tid 105991
128 4 tid 105991
365 2 tid 105991
492 5 tid 105991
619 6 tid 105991
253 tid 105991
Remove  tid 105991
FindTargetPageId rootid 3 tid 105991
target_page_id id: 6 tid 105991
0 1 tid 105991
128 4 tid 105991
365 2 tid 105991
492 5 tid 105991
619 6 tid 105991
252 tid 105991
Remove  tid 105991
FindTargetPageId rootid 3 tid 105991
target_page_id id: 6 tid 105991
0 1 tid 105991
128 4 tid 105991
365 2 tid 105991
492 5 tid 105991
619 6 tid 105991
251 tid 105991
Remove  tid 105991
FindTargetPageId rootid 3 tid 105991
target_page_id id: 6 tid 105991
0 1 tid 105991
128 4 tid 105991
365 2 tid 105991
492 5 tid 105991
619 6 tid 105991
250 tid 105991
Remove  tid 105991
FindTargetPageId rootid 3 tid 105991
target_page_id id: 6 tid 105991
0 1 tid 105991
128 4 tid 105991
365 2 tid 105991
492 5 tid 105991
619 6 tid 105991
249 tid 105991
Remove  tid 105991
FindTargetPageId rootid 3 tid 105991
target_page_id id: 6 tid 105991
0 1 tid 105991
128 4 tid 105991
365 2 tid 105991
492 5 tid 105991
619 6 tid 105991
248 tid 105991
Remove  tid 105991
FindTargetPageId rootid 3 tid 105991
target_page_id id: 6 tid 105991
0 1 tid 105991
128 4 tid 105991
365 2 tid 105991
492 5 tid 105991
619 6 tid 105991
247 tid 105991
Remove  tid 105991
FindTargetPageId rootid 3 tid 105991
target_page_id id: 6 tid 105991
0 1 tid 105991
128 4 tid 105991
365 2 tid 105991
492 5 tid 105991
619 6 tid 105991
246 tid 105991
Remove  tid 105991
FindTargetPageId rootid 3 tid 105991
target_page_id id: 6 tid 105991
0 1 tid 105991
128 4 tid 105991
365 2 tid 105991
492 5 tid 105991
619 6 tid 105991
245 tid 105991
Remove  tid 105991
FindTargetPageId rootid 3 tid 105992
target_page_id id: 6 tid 105992
0 1 tid 105992
128 4 tid 105992
365 2 tid 105992
492 5 tid 105992
619 6 tid 105992
244 tid 105992
Insert  tid 105992
FindTargetPageId rootid 3 tid 105990
target_page_id id: 6 tid 105990
0 1 tid 105990
128 4 tid 105990
365 2 tid 105990
492 5 tid 105990
619 6 tid 105990
245 tid 105990
Insert  tid 105990
FindTargetPageId rootid 3 tid 105990
target_page_id id: 6 tid 105990
0 1 tid 105990
128 4 tid 105990
365 2 tid 105990
492 5 tid 105990
619 6 tid 105990
246 tid 105990
Insert  tid 105990
FindTargetPageId rootid 3 tid 105990
target_page_id id: 6 tid 105990
0 1 tid 105990
128 4 tid 105990
365 2 tid 105990
492 5 tid 105990
619 6 tid 105990
247 tid 105990
Insert  tid 105990
FindTargetPageId rootid 3 tid 105990
target_page_id id: 6 tid 105990
0 1 tid 105990
128 4 tid 105990
365 2 tid 105990
492 5 tid 105990
619 6 tid 105990
248 tid 105990
Insert  tid 105990
FindTargetPageId rootid 3 tid 105990
target_page_id id: 6 tid 105990
0 1 tid 105990
128 4 tid 105990
365 2 tid 105990
492 5 tid 105990
619 6 tid 105990
249 tid 105990
Insert  tid 105990
FindTargetPageId rootid 3 tid 105990
target_page_id id: 6 tid 105990
0 1 tid 105990
128 4 tid 105990
365 2 tid 105990
492 5 tid 105990
619 6 tid 105990
250 tid 105990
Insert  tid 105990
FindTargetPageId rootid 3 tid 105991
target_page_id id: 6 tid 105991
0 1 tid 105991
128 4 tid 105991
365 2 tid 105991
492 5 tid 105991
619 6 tid 105991
251 tid 105991
Remove  tid 105991
FindTargetPageId rootid 3 tid 105991
target_page_id id: 6 tid 105991
0 1 tid 105991
128 4 tid 105991
365 2 tid 105991
492 5 tid 105991
619 6 tid 105991
250 tid 105991
Remove  tid 105991
FindTargetPageId rootid 3 tid 105991
target_page_id id: 6 tid 105991
0 1 tid 105991
128 4 tid 105991
365 2 tid 105991
492 5 tid 105991
619 6 tid 105991
249 tid 105991
Remove  tid 105991
FindTargetPageId rootid 3 tid 105992
target_page_id id: 6 tid 105992
0 1 tid 105992
128 4 tid 105992
365 2 tid 105992
492 5 tid 105992
619 6 tid 105992
248 tid 105992
Insert  tid 105992
FindTargetPageId rootid 3 tid 105990
target_page_id id: 6 tid 105990
0 1 tid 105990
128 4 tid 105990
365 2 tid 105990
492 5 tid 105990
619 6 tid 105990
249 tid 105990
Insert  tid 105990
FindTargetPageId rootid 3 tid 105991
target_page_id id: 6 tid 105991
0 1 tid 105991
128 4 tid 105991
365 2 tid 105991
492 5 tid 105991
619 6 tid 105991
250 tid 105991
Remove  tid 105991
FindTargetPageId rootid 3 tid 105992
target_page_id id: 6 tid 105992
0 1 tid 105992
128 4 tid 105992
365 2 tid 105992
492 5 tid 105992
619 6 tid 105992
249 tid 105992
Insert  tid 105992
FindTargetPageId rootid 3 tid 105992
target_page_id id: 6 tid 105992
0 1 tid 105992
128 4 tid 105992
365 2 tid 105992
492 5 tid 105992
619 6 tid 105992
250 tid 105992
Insert  tid 105992
FindTargetPageId rootid 3 tid 105992
target_page_id id: 6 tid 105992
0 1 tid 105992
128 4 tid 105992
365 2 tid 105992
492 5 tid 105992
619 6 tid 105992
251 tid 105992
Insert  tid 105992
FindTargetPageId rootid 3 tid 105992
target_page_id id: 6 tid 105992
0 1 tid 105992
128 4 tid 105992
365 2 tid 105992
492 5 tid 105992
619 6 tid 105992
252 tid 105992
Insert  tid 105992
FindTargetPageId rootid 3 tid 105992
target_page_id id: 6 tid 105992
0 1 tid 105992
128 4 tid 105992
365 2 tid 105992
492 5 tid 105992
619 6 tid 105992
253 tid 105992
Insert  tid 105992
FindTargetPageId rootid 3 tid 105992
target_page_id id: 6 tid 105992
0 1 tid 105992
128 4 tid 105992
365 2 tid 105992
492 5 tid 105992
619 6 tid 105992
254 tid 105992
Insert  tid 105992
FindTargetPageId rootid 3 tid 105992
target_page_id id: 8 tid 105992
0 1 tid 105992
128 4 tid 105992
365 2 tid 105992
492 5 tid 105992
619 6 tid 105992
746 8 tid 105992
128 tid 105992
Insert  tid 105992
FindTargetPageId rootid 3 tid 105992
target_page_id id: 8 tid 105992
0 1 tid 105992
128 4 tid 105992
365 2 tid 105992
492 5 tid 105992
619 6 tid 105992
746 8 tid 105992
129 tid 105992
Insert  tid 105992
FindTargetPageId rootid 3 tid 105992
target_page_id id: 8 tid 105992
0 1 tid 105992
128 4 tid 105992
365 2 tid 105992
492 5 tid 105992
619 6 tid 105992
746 8 tid 105992
130 tid 105992
Insert  tid 105992
FindTargetPageId rootid 3 tid 105990
target_page_id id: 8 tid 105990
0 1 tid 105990
128 4 tid 105990
365 2 tid 105990
492 5 tid 105990
619 6 tid 105990
746 8 tid 105990
131 tid 105990
Insert  tid 105990
FindTargetPageId rootid 3 tid 105990
target_page_id id: 8 tid 105990
0 1 tid 105990
128 4 tid 105990
365 2 tid 105990
492 5 tid 105990
619 6 tid 105990
746 8 tid 105990
132 tid 105990
Insert  tid 105990
FindTargetPageId rootid 3 tid 105990
target_page_id id: 8 tid 105990
0 1 tid 105990
128 4 tid 105990
365 2 tid 105990
492 5 tid 105990
619 6 tid 105990
746 8 tid 105990
133 tid 105990
Insert  tid 105990
FindTargetPageId rootid 3 tid 105990
target_page_id id: 8 tid 105990
0 1 tid 105990
128 4 tid 105990
365 2 tid 105990
492 5 tid 105990
619 6 tid 105990
746 8 tid 105990
134 tid 105990
Insert  tid 105990
FindTargetPageId rootid 3 tid 105990
target_page_id id: 8 tid 105990
0 1 tid 105990
128 4 tid 105990
365 2 tid 105990
492 5 tid 105990
619 6 tid 105990
746 8 tid 105990
135 tid 105990
Insert  tid 105990
FindTargetPageId rootid 3 tid 105990
target_page_id id: 8 tid 105990
0 1 tid 105990
128 4 tid 105990
365 2 tid 105990
492 5 tid 105990
619 6 tid 105990
746 8 tid 105990
136 tid 105990
Insert  tid 105990
FindTargetPageId rootid 3 tid 105990
target_page_id id: 8 tid 105990
0 1 tid 105990
128 4 tid 105990
365 2 tid 105990
492 5 tid 105990
619 6 tid 105990
746 8 tid 105990
137 tid 105990
Insert  tid 105990
FindTargetPageId rootid 3 tid 105990
target_page_id id: 8 tid 105990
0 1 tid 105990
128 4 tid 105990
365 2 tid 105990
492 5 tid 105990
619 6 tid 105990
746 8 tid 105990
138 tid 105990
Insert  tid 105990
FindTargetPageId rootid 3 tid 105990
target_page_id id: 8 tid 105990
0 1 tid 105990
128 4 tid 105990
365 2 tid 105990
492 5 tid 105990
619 6 tid 105990
746 8 tid 105990
139 tid 105990
Insert  tid 105990
FindTargetPageId rootid 3 tid 105990
target_page_id id: 8 tid 105990
0 1 tid 105990
128 4 tid 105990
365 2 tid 105990
492 5 tid 105990
619 6 tid 105990
746 8 tid 105990
140 tid 105990
Insert  tid 105990
FindTargetPageId rootid 3 tid 105990
target_page_id id: 8 tid 105990
0 1 tid 105990
128 4 tid 105990
365 2 tid 105990
492 5 tid 105990
619 6 tid 105990
746 8 tid 105990
141 tid 105990
Insert  tid 105990
FindTargetPageId rootid 3 tid 105990
target_page_id id: 8 tid 105990
0 1 tid 105990
128 4 tid 105990
365 2 tid 105990
492 5 tid 105990
619 6 tid 105990
746 8 tid 105990
142 tid 105990
Insert  tid 105990
FindTargetPageId rootid 3 tid 105990
target_page_id id: 8 tid 105990
0 1 tid 105990
128 4 tid 105990
365 2 tid 105990
492 5 tid 105990
619 6 tid 105990
746 8 tid 105990
143 tid 105990
Insert  tid 105990
FindTargetPageId rootid 3 tid 105990
target_page_id id: 8 tid 105990
0 1 tid 105990
128 4 tid 105990
365 2 tid 105990
492 5 tid 105990
619 6 tid 105990
746 8 tid 105990
144 tid 105990
Insert  tid 105990
FindTargetPageId rootid 3 tid 105990
target_page_id id: 8 tid 105990
0 1 tid 105990
128 4 tid 105990
365 2 tid 105990
492 5 tid 105990
619 6 tid 105990
746 8 tid 105990
145 tid 105990
Insert  tid 105990
FindTargetPageId rootid 3 tid 105990
target_page_id id: 8 tid 105990
0 1 tid 105990
128 4 tid 105990
365 2 tid 105990
492 5 tid 105990
619 6 tid 105990
746 8 tid 105990
146 tid 105990
Insert  tid 105990
FindTargetPageId rootid 3 tid 105990
target_page_id id: 8 tid 105990
0 1 tid 105990
128 4 tid 105990
365 2 tid 105990
492 5 tid 105990
619 6 tid 105990
746 8 tid 105990
147 tid 105990
Insert  tid 105990
FindTargetPageId rootid 3 tid 105990
target_page_id id: 8 tid 105990
0 1 tid 105990
128 4 tid 105990
365 2 tid 105990
492 5 tid 105990
619 6 tid 105990
746 8 tid 105990
148 tid 105990
Insert  tid 105990
FindTargetPageId rootid 3 tid 105990
target_page_id id: 8 tid 105990
0 1 tid 105990
128 4 tid 105990
365 2 tid 105990
492 5 tid 105990
619 6 tid 105990
746 8 tid 105990
149 tid 105990
Insert  tid 105990
FindTargetPageId rootid 3 tid 105990
target_page_id id: 8 tid 105990
0 1 tid 105990
128 4 tid 105990
365 2 tid 105990
492 5 tid 105990
619 6 tid 105990
746 8 tid 105990
150 tid 105990
Insert  tid 105990
FindTargetPageId rootid 3 tid 105990
target_page_id id: 8 tid 105990
0 1 tid 105990
128 4 tid 105990
365 2 tid 105990
492 5 tid 105990
619 6 tid 105990
746 8 tid 105990
151 tid 105990
Insert  tid 105990
FindTargetPageId rootid 3 tid 105990
target_page_id id: 8 tid 105990
0 1 tid 105990
128 4 tid 105990
365 2 tid 105990
492 5 tid 105990
619 6 tid 105990
746 8 tid 105990
152 tid 105990
Insert  tid 105990
FindTargetPageId rootid 3 tid 105990
target_page_id id: 8 tid 105990
0 1 tid 105990
128 4 tid 105990
365 2 tid 105990
492 5 tid 105990
619 6 tid 105990
746 8 tid 105990
153 tid 105990
Insert  tid 105990
FindTargetPageId rootid 3 tid 105990
target_page_id id: 8 tid 105990
0 1 tid 105990
128 4 tid 105990
365 2 tid 105990
492 5 tid 105990
619 6 tid 105990
746 8 tid 105990
154 tid 105990
Insert  tid 105990
FindTargetPageId rootid 3 tid 105990
target_page_id id: 8 tid 105990
0 1 tid 105990
128 4 tid 105990
365 2 tid 105990
492 5 tid 105990
619 6 tid 105990
746 8 tid 105990
155 tid 105990
Insert  tid 105990
FindTargetPageId rootid 3 tid 105992
target_page_id id: 8 tid 105992
0 1 tid 105992
128 4 tid 105992
365 2 tid 105992
492 5 tid 105992
619 6 tid 105992
746 8 tid 105992
156 tid 105992
Insert  tid 105992
FindTargetPageId rootid 3 tid 105991
target_page_id id: 8 tid 105991
0 1 tid 105991
128 4 tid 105991
365 2 tid 105991
492 5 tid 105991
619 6 tid 105991
746 8 tid 105991
157 tid 105991
Remove  tid 105991
FindTargetPageId rootid 3 tid 105990
target_page_id id: 8 tid 105990
0 1 tid 105990
128 4 tid 105990
365 2 tid 105990
492 5 tid 105990
619 6 tid 105990
746 8 tid 105990
156 tid 105990
Insert  tid 105990
FindTargetPageId rootid 3 tid 105992
target_page_id id: 8 tid 105992
0 1 tid 105992
128 4 tid 105992
365 2 tid 105992
492 5 tid 105992
619 6 tid 105992
746 8 tid 105992
157 tid 105992
FindTargetPageId rootid 3 tid 105991
target_page_id id: 8 tid 105991
0 1 tid Insert 105991 tid 
128 4 tid 105991
365 2 tid 105991
492 5 tid 105991
619 6 tid 105991
746 8 tid 105991
105992158 tid 105991

Remove  tid 105991
FindTargetPageId rootid 3 tid 105992
target_page_id id: 8 tid 105992
0 1 tid 105992
128 4 tid 105992
365 2 tid 105992
492 5 tid 105992
619 6 tid 105992
746 8 tid 105992
157 tid 105992
Insert  tid 105992
FindTargetPageId rootid 3 tid 105990
target_page_id id: 8 tid 105990
0 1 tid 105990
128 4 tid 105990
365 2 tid 105990
492 5 tid 105990
619 6 tid 105990
746 8 tid 105990
158 tid 105990
Insert  tid 105990
FindTargetPageId rootid 3 tid 105990
target_page_id id: 8 tid 105990
0 1 tid 105990
128 4 tid 105990
365 2 tid 105990
492 5 tid 105990
619 6 tid 105990
746 8 tid 105990
159 tid 105990
Insert  tid 105990
FindTargetPageId rootid 3 tid 105990
target_page_id id: 8 tid 105990
0 1 tid 105990
128 4 tid 105990
365 2 tid 105990
492 5 tid 105990
619 6 tid 105990
746 8 tid 105990
160 tid 105990
Insert  tid 105990
FindTargetPageId rootid 3 tid 105991
target_page_id id: 8 tid 105991
0 1 tid 105991
128 4 tid 105991
365 2 tid 105991
492 5 tid 105991
619 6 tid 105991
746 8 tid 105991
161 tid 105991
FindTargetPageId rootid 3 tid Remove 105992 tid 
target_page_id id: 8 tid 105992
0 1 tid 105992
128 4 tid 105992
365 2 tid 105992
492 5 tid 105992
619 6 tid 105992
746 8 tid 105992
160 tid 105992
105991
FindTargetPageId rootid 3 tid 105991
target_page_id id: 8 tid 105991
0 1 tid 105991
128 4 tid 105991
365 2 tid 105991
492 5 tid 105991
619 6 tid 105991
746 8 tid 105991
Insert  tid 105992
161 tid 105991
Remove  tid 105991
FindTargetPageId rootid 3 tid 105991
target_page_id id: 8 tid 105991
0 1 tid 105991
128 4 tid 105991
365 2 tid 105991
492 5 tid 105991
619 6 tid 105991
746 8 tid 105991
160 tid 105991
Remove  tid 105991
FindTargetPageId rootid 3 tid 105990
target_page_id id: 8 tid 105990
0 1 tid 105990
128 4 tid 105990
365 2 tid 105990
492 5 tid 105990
619 6 tid 105990
746 8 tid 105990
159 tid 105990
Insert  tid 105990
FindTargetPageId rootid 3 tid 105990
target_page_id id: 8 tid 105990
0 1 tid 105990
128 4 tid 105990
365 2 tid 105990
492 5 tid 105990
619 6 tid 105990
746 8 tid 105990
160 tid 105990
Insert  tid 105990
FindTargetPageId rootid 3 tid 105991
target_page_id id: 8 tid 105991
0 1 tid 105991
128 4 tid 105991
365 2 tid 105991
492 5 tid 105991
619 6 tid 105991
746 8 tid 105991
161 tid 105991
Remove  tid 105991
FindTargetPageId rootid 3 tid 105991
target_page_id id: 8 tid 105991
0 1 tid 105991
128 4 tid 105991
365 2 tid 105991
492 5 tid 105991
619 6 tid 105991
746 8 tid 105991
160 tid 105991
Remove  tid 105991
FindTargetPageId rootid 3 tid 105990
target_page_id id: 8 tid 105990
0 1 tid 105990
128 4 tid 105990
365 2 tid 105990
492 5 tid 105990
619 6 tid 105990
746 8 tid 105990
159 tid 105990
Insert  tid 105990
FindTargetPageId rootid 3 tid 105990
target_page_id id: 8 tid 105990
0 1 tid 105990
128 4 tid 105990
365 2 tid 105990
492 5 tid 105990
619 6 tid 105990
746 8 tid 105990
160 tid 105990
Insert  tid 105990
FindTargetPageId rootid 3 tid 105990
target_page_id id: 8 tid 105990
0 1 tid 105990
128 4 tid 105990
365 2 tid 105990
492 5 tid 105990
619 6 tid 105990
746 8 tid 105990
161 tid 105990
Insert  tid 105990
FindTargetPageId rootid 3 tid 105990
target_page_id id: 8 tid 105990
0 1 tid 105990
128 4 tid 105990
365 2 tid 105990
492 5 tid 105990
619 6 tid 105990
746 8 tid 105990
162 tid 105990
Insert  tid 105990
FindTargetPageId rootid 3 tid 105990
target_page_id id: 8 tid 105990
0 1 tid 105990
128 4 tid 105990
365 2 tid 105990
492 5 tid 105990
619 6 tid 105990
746 8 tid 105990
163 tid 105990
Insert  tid 105990
FindTargetPageId rootid 3 tid 105990
target_page_id id: 8 tid 105990
0 1 tid 105990
128 4 tid 105990
365 2 tid 105990
492 5 tid 105990
619 6 tid 105990
746 8 tid 105990
164 tid 105990
Insert  tid 105990
FindTargetPageId rootid 3 tid 105991
target_page_id id: 8 tid 105991
0 1 tid 105991
128 4 tid 105991
365 2 tid 105991
492 5 tid 105991
619 6 tid 105991
746 8 tid 105991
165 tid 105991
Remove  tid 105991
FindTargetPageId rootid 3 tid 105991
target_page_id id: 8 tid 105991
0 1 tid 105991
128 4 tid 105991
365 2 tid 105991
492 5 tid 105991
619 6 tid 105991
746 8 tid 105991
164 tid 105991
Remove  tid 105991
FindTargetPageId rootid 3 tid 105991
target_page_id id: 8 tid 105991
0 1 tid 105991
128 4 tid 105991
365 2 tid 105991
492 5 tid 105991
619 6 tid 105991
746 8 tid 105991
163 tid 105991
Remove  tid 105991
FindTargetPageId rootid 3 tid 105991
target_page_id id: 8 tid 105991
0 1 tid 105991
128 4 tid 105991
365 2 tid 105991
492 5 tid 105991
619 6 tid 105991
746 8 tid 105991
162 tid 105991
Remove  tid 105991
FindTargetPageId rootid 3 tid 105991
target_page_id id: 8 tid 105991
0 1 tid 105991
128 4 tid 105991
365 2 tid 105991
492 5 tid 105991
619 6 tid 105991
746 8 tid 105991
161 tid 105991
Remove  tid 105991
FindTargetPageId rootid 3 tid 105991
target_page_id id: 8 tid 105991
0 1 tid 105991
128 4 tid 105991
365 2 tid 105991
492 5 tid 105991
619 6 tid 105991
746 8 tid 105991
160 tid 105991
Remove  tid 105991
FindTargetPageId rootid 3 tid 105991
target_page_id id: 8 tid 105991
0 1 tid 105991
128 4 tid 105991
365 2 tid 105991
492 5 tid 105991
619 6 tid 105991
746 8 tid 105991
159 tid 105991
Remove  tid 105991
FindTargetPageId rootid 3 tid 105991
target_page_id id: 8 tid 105991
0 1 tid 105991
128 4 tid 105991
365 2 tid 105991
492 5 tid 105991
619 6 tid 105991
746 8 tid 105991
158 tid 105991
Remove  tid 105991
FindTargetPageId rootid 3 tid 105991
target_page_id id: 8 tid 105991
0 1 tid 105991
128 4 tid 105991
365 2 tid 105991
492 5 tid 105991
619 6 tid 105991
746 8 tid 105991
157 tid 105991
Remove  tid 105991
FindTargetPageId rootid 3 tid 105991
target_page_id id: 8 tid 105991
0 1 tid 105991
128 4 tid 105991
365 2 tid 105991
492 5 tid 105991
619 6 tid 105991
746 8 tid 105991
156 tid 105991
Remove  tid 105991
FindTargetPageId rootid 3 tid 105991
target_page_id id: 8 tid 105991
0 1 tid 105991
128 4 tid 105991
365 2 tid 105991
492 5 tid 105991
619 6 tid 105991
746 8 tid 105991
155 tid 105991
Remove  tid 105991
FindTargetPageId rootid 3 tid 105991
target_page_id id: 8 tid 105991
0 1 tid 105991
128 4 tid 105991
365 2 tid 105991
492 5 tid 105991
619 6 tid 105991
746 8 tid 105991
154 tid 105991
Remove  tid 105991
FindTargetPageId rootid 3 tid 105991
target_page_id id: 8 tid 105991
0 1 tid 105991
128 4 tid 105991
365 2 tid 105991
492 5 tid 105991
619 6 tid 105991
746 8 tid 105991
153 tid 105991
Remove  tid 105991
FindTargetPageId rootid 3 tid 105991
target_page_id id: 8 tid 105991
0 1 tid 105991
128 4 tid 105991
365 2 tid 105991
492 5 tid 105991
619 6 tid 105991
746 8 tid 105991
152 tid 105991
Remove  tid 105991
FindTargetPageId rootid 3 tid 105991
target_page_id id: 8 tid 105991
0 1 tid 105991
128 4 tid 105991
365 2 tid 105991
492 5 tid 105991
619 6 tid 105991
746 8 tid 105991
151 tid 105991
Remove  tid 105991
FindTargetPageId rootid 3 tid 105991
target_page_id id: 8 tid 105991
0 1 tid 105991
128 4 tid 105991
365 2 tid 105991
492 5 tid 105991
619 6 tid 105991
746 8 tid 105991
150 tid 105991
Remove  tid 105991
FindTargetPageId rootid 3 tid 105991
target_page_id id: 8 tid 105991
0 1 tid 105991
128 4 tid 105991
365 2 tid 105991
492 5 tid 105991
619 6 tid 105991
746 8 tid 105991
149 tid 105991
Remove  tid 105991
FindTargetPageId rootid 3 tid 105991
target_page_id id: 8 tid 105991
0 1 tid 105991
128 4 tid 105991
365 2 tid 105991
492 5 tid 105991
619 6 tid 105991
746 8 tid 105991
148 tid 105991
Remove  tid 105991
FindTargetPageId rootid 3 tid 105991
target_page_id id: 8 tid 105991
0 1 tid 105991
128 4 tid 105991
365 2 tid 105991
492 5 tid 105991
619 6 tid 105991
746 8 tid 105991
147 tid 105991
Remove  tid 105991
FindTargetPageId rootid 3 tid 105991
target_page_id id: 8 tid 105991
0 1 tid 105991
128 4 tid 105991
365 2 tid 105991
492 5 tid 105991
619 6 tid 105991
746 8 tid 105991
146 tid 105991
Remove  tid 105991
FindTargetPageId rootid 3 tid 105991
target_page_id id: 8 tid 105991
0 1 tid 105991
128 4 tid 105991
365 2 tid 105991
492 5 tid 105991
619 6 tid 105991
746 8 tid 105991
145 tid 105991
Remove  tid 105991
FindTargetPageId rootid 3 tid 105991
target_page_id id: 8 tid 105991
0 1 tid 105991
128 4 tid 105991
365 2 tid 105991
492 5 tid 105991
619 6 tid 105991
746 8 tid 105991
144 tid 105991
Remove  tid 105991
FindTargetPageId rootid 3 tid 105991
target_page_id id: 8 tid 105991
0 1 tid 105991
128 4 tid 105991
365 2 tid 105991
492 5 tid 105991
619 6 tid 105991
746 8 tid 105991
143 tid 105991
Remove  tid 105991
FindTargetPageId rootid 3 tid 105991
target_page_id id: 8 tid 105991
0 1 tid 105991
128 4 tid 105991
365 2 tid 105991
492 5 tid 105991
619 6 tid 105991
746 8 tid 105991
142 tid 105991
Remove  tid 105991
FindTargetPageId rootid 3 tid 105991
target_page_id id: 8 tid 105991
0 1 tid 105991
128 4 tid 105991
365 2 tid 105991
492 5 tid 105991
619 6 tid 105991
746 8 tid 105991
141 tid 105991
Remove  tid 105991
FindTargetPageId rootid 3 tid 105991
target_page_id id: 8 tid 105991
0 1 tid 105991
128 4 tid 105991
365 2 tid 105991
492 5 tid 105991
619 6 tid 105991
746 8 tid 105991
140 tid 105991
Remove  tid 105991
FindTargetPageId rootid 3 tid 105991
target_page_id id: 8 tid 105991
0 1 tid 105991
128 4 tid 105991
365 2 tid 105991
492 5 tid 105991
619 6 tid 105991
746 8 tid 105991
139 tid 105991
Remove  tid 105991
FindTargetPageId rootid 3 tid 105991
target_page_id id: 8 tid 105991
0 1 tid 105991
128 4 tid 105991
365 2 tid 105991
492 5 tid 105991
619 6 tid 105991
746 8 tid 105991
138 tid 105991
Remove  tid 105991
FindTargetPageId rootid 3 tid 105991
target_page_id id: 8 tid 105991
0 1 tid 105991
128 4 tid 105991
365 2 tid 105991
492 5 tid 105991
619 6 tid 105991
746 8 tid 105991
137 tid 105991
Remove  tid 105991
FindTargetPageId rootid 3 tid 105991
target_page_id id: 8 tid 105991
0 1 tid 105991
128 4 tid 105991
365 2 tid 105991
492 5 tid 105991
619 6 tid 105991
746 8 tid 105991
136 tid 105991
Remove  tid 105991
FindTargetPageId rootid 3 tid 105991
target_page_id id: 8 tid 105991
0 1 tid 105991
128 4 tid 105991
365 2 tid 105991
492 5 tid 105991
619 6 tid 105991
746 8 tid 105991
135 tid 105991
Remove  tid 105991
FindTargetPageId rootid 3 tid 105991
target_page_id id: 8 tid 105991
0 1 tid 105991
128 4 tid 105991
365 2 tid 105991
492 5 tid 105991
619 6 tid 105991
746 8 tid 105991
134 tid 105991
Remove  tid 105991
FindTargetPageId rootid 3 tid 105991
target_page_id id: 8 tid 105991
0 1 tid 105991
128 4 tid 105991
365 2 tid 105991
492 5 tid 105991
619 6 tid 105991
746 8 tid 105991
133 tid 105991
Remove  tid 105991
FindTargetPageId rootid 3 tid 105991
target_page_id id: 8 tid 105991
0 1 tid 105991
128 4 tid 105991
365 2 tid 105991
492 5 tid 105991
619 6 tid 105991
746 8 tid 105991
132 tid 105991
Remove  tid 105991
FindTargetPageId rootid 3 tid 105991
target_page_id id: 8 tid 105991
0 1 tid 105991
128 4 tid 105991
365 2 tid 105991
492 5 tid 105991
619 6 tid 105991
746 8 tid 105991
131 tid 105991
Remove  tid 105991
FindTargetPageId rootid 3 tid 105991
target_page_id id: 8 tid 105991
0 1 tid 105991
128 4 tid 105991
365 2 tid 105991
492 5 tid 105991
619 6 tid 105991
746 8 tid 105991
130 tid 105991
Remove  tid 105991
FindTargetPageId rootid 3 tid 105991
target_page_id id: 8 tid 105991
0 1 tid 105991
128 4 tid 105991
365 2 tid 105991
492 5 tid 105991
619 6 tid 105991
746 8 tid 105991
129 tid 105991
Remove  tid 105991
FindTargetPageId rootid 3 tid 105991
target_page_id id: 8 tid 105991
0 1 tid 105991
128 4 tid 105991
365 2 tid 105991
492 5 tid 105991
619 6 tid 105991
746 8 tid 105991
128 tid 105991
Remove  tid 105991
FindTargetPageId rootid 3 tid 105991
target_page_id id: 8 tid 105991
0 1 tid 105991
128 4 tid 105991
365 2 tid 105991
492 5 tid 105991
619 6 tid 105991
746 8 tid 105991
127 tid 105991
Remove  tid 105991
FindTargetPageId rootid 3 tid 105991
target_page_id id: 6 tid 105991
0 1 tid 105991
128 4 tid 105991
365 2 tid 105991
492 5 tid 105991
619 6 tid 105991
253 tid 105991
Remove  tid 105991
FindTargetPageId rootid 3 tid 105991
target_page_id id: 6 tid 105991
0 1 tid 105991
128 4 tid 105991
365 2 tid 105991
492 5 tid 105991
619 6 tid 105991
252 tid 105991
Remove  tid 105991
FindTargetPageId rootid 3 tid 105991
target_page_id id: 6 tid 105991
0 1 tid 105991
128 4 tid 105991
365 2 tid 105991
492 5 tid 105991
619 6 tid 105991
251 tid 105991
Remove  tid 105991
FindTargetPageId rootid 3 tid 105991
target_page_id id: 6 tid 105991
0 1 tid 105991
128 4 tid 105991
365 2 tid 105991
492 5 tid 105991
619 6 tid 105991
250 tid 105991
Remove  tid 105991
FindTargetPageId rootid 3 tid 105991
target_page_id id: 6 tid 105991
0 1 tid 105991
128 4 tid 105991
365 2 tid 105991
492 5 tid 105991
619 6 tid 105991
249 tid 105991
Remove  tid 105991
FindTargetPageId rootid 3 tid 105991
target_page_id id: 6 tid 105991
0 1 tid 105991
128 4 tid 105991
365 2 tid 105991
492 5 tid 105991
619 6 tid 105991
248 tid 105991
Remove  tid 105991
FindTargetPageId rootid 3 tid 105991
target_page_id id: 6 tid 105991
0 1 tid 105991
128 4 tid 105991
365 2 tid 105991
492 5 tid 105991
619 6 tid 105991
247 tid 105991
Remove  tid 105991
FindTargetPageId rootid 3 tid 105991
target_page_id id: 6 tid 105991
0 1 tid 105991
128 4 tid 105991
365 2 tid 105991
492 5 tid 105991
619 6 tid 105991
246 tid 105991
Remove  tid 105991
FindTargetPageId rootid 3 tid 105991
target_page_id id: 6 tid 105991
0 1 tid 105991
128 4 tid 105991
365 2 tid 105991
492 5 tid 105991
619 6 tid 105991
245 tid 105991
Remove  tid 105991
FindTargetPageId rootid 3 tid 105991
target_page_id id: 6 tid 105991
0 1 tid 105991
128 4 tid 105991
365 2 tid 105991
492 5 tid 105991
619 6 tid 105991
244 tid 105991
Remove  tid 105991
FindTargetPageId rootid 3 tid 105991
target_page_id id: 6 tid 105991
0 1 tid 105991
128 4 tid 105991
365 2 tid 105991
492 5 tid 105991
619 6 tid 105991
243 tid 105991
Remove  tid 105991
FindTargetPageId rootid 3 tid 105991
target_page_id id: 6 tid 105991
0 1 tid 105991
128 4 tid 105991
365 2 tid 105991
492 5 tid 105991
619 6 tid 105991
242 tid 105991
Remove  tid 105991
FindTargetPageId rootid 3 tid 105991
target_page_id id: 6 tid 105991
0 1 tid 105991
128 4 tid 105991
365 2 tid 105991
492 5 tid 105991
619 6 tid 105991
241 tid 105991
Remove  tid 105991
FindTargetPageId rootid 3 tid 105991
target_page_id id: 6 tid 105991
0 1 tid 105991
128 4 tid 105991
365 2 tid 105991
492 5 tid 105991
619 6 tid 105991
240 tid 105991
Remove  tid 105991
FindTargetPageId rootid 3 tid 105991
target_page_id id: 6 tid 105991
0 1 tid 105991
128 4 tid 105991
365 2 tid 105991
492 5 tid 105991
619 6 tid 105991
239 tid 105991
Remove  tid 105991
FindTargetPageId rootid 3 tid 105991
target_page_id id: 6 tid 105991
0 1 tid 105991
128 4 tid 105991
365 2 tid 105991
492 5 tid 105991
619 6 tid 105991
238 tid 105991
Remove  tid 105991
FindTargetPageId rootid 3 tid 105991
target_page_id id: 6 tid 105991
0 1 tid 105991
128 4 tid 105991
365 2 tid 105991
492 5 tid 105991
619 6 tid 105991
237 tid 105991
Remove  tid 105991
FindTargetPageId rootid 3 tid 105991
target_page_id id: 6 tid 105991
0 1 tid 105991
128 4 tid 105991
365 2 tid 105991
492 5 tid 105991
619 6 tid 105991
236 tid 105991
Remove  tid 105991
FindTargetPageId rootid 3 tid 105991
target_page_id id: 6 tid 105991
0 1 tid 105991
128 4 tid 105991
365 2 tid 105991
492 5 tid 105991
619 6 tid 105991
235 tid 105991
Remove  tid 105991
FindTargetPageId rootid 3 tid 105991
target_page_id id: 6 tid 105991
0 1 tid 105991
128 4 tid 105991
365 2 tid 105991
492 5 tid 105991
619 6 tid 105991
234 tid 105991
Remove  tid 105991
FindTargetPageId rootid 3 tid 105991
target_page_id id: 6 tid 105991
0 1 tid 105991
128 4 tid 105991
365 2 tid 105991
492 5 tid 105991
619 6 tid 105991
233 tid 105991
Remove  tid 105991
FindTargetPageId rootid 3 tid 105991
target_page_id id: 6 tid 105991
0 1 tid 105991
128 4 tid 105991
365 2 tid 105991
492 5 tid 105991
619 6 tid 105991
232 tid 105991
Remove  tid 105991
FindTargetPageId rootid 3 tid 105991
target_page_id id: 6 tid 105991
0 1 tid 105991
128 4 tid 105991
365 2 tid 105991
492 5 tid 105991
619 6 tid 105991
231 tid 105991
Remove  tid 105991
FindTargetPageId rootid 3 tid 105991
target_page_id id: 6 tid 105991
0 1 tid 105991
128 4 tid 105991
365 2 tid 105991
492 5 tid 105991
619 6 tid 105991
230 tid 105991
Remove  tid 105991
FindTargetPageId rootid 3 tid 105991
target_page_id id: 6 tid 105991
0 1 tid 105991
128 4 tid 105991
365 2 tid 105991
492 5 tid 105991
619 6 tid 105991
229 tid 105991
Remove  tid 105991
FindTargetPageId rootid 3 tid 105991
target_page_id id: 6 tid 105991
0 1 tid 105991
128 4 tid 105991
365 2 tid 105991
492 5 tid 105991
619 6 tid 105991
228 tid 105991
Remove  tid 105991
FindTargetPageId rootid 3 tid 105991
target_page_id id: 6 tid 105991
0 1 tid 105991
128 4 tid 105991
365 2 tid 105991
492 5 tid 105991
619 6 tid 105991
227 tid 105991
Remove  tid 105991
FindTargetPageId rootid 3 tid 105991
target_page_id id: 6 tid 105991
0 1 tid 105991
128 4 tid 105991
365 2 tid 105991
492 5 tid 105991
619 6 tid 105991
226 tid 105991
Remove  tid 105991
FindTargetPageId rootid 3 tid 105991
target_page_id id: 6 tid 105991
0 1 tid 105991
128 4 tid 105991
365 2 tid 105991
492 5 tid 105991
619 6 tid 105991
226 tid 105991
Remove  tid 105991
FindTargetPageId rootid 3 tid 105991
target_page_id id: 6 tid 105991
0 1 tid 105991
128 4 tid 105991
365 2 tid 105991
492 5 tid 105991
619 6 tid 105991
226 tid 105991
Remove  tid 105991
FindTargetPageId rootid 3 tid 105991
target_page_id id: 6 tid 105991
0 1 tid 105991
128 4 tid 105991
365 2 tid 105991
492 5 tid 105991
619 6 tid 105991
226 tid 105991
Remove  tid 105991
FindTargetPageId rootid 3 tid 105991
target_page_id id: 6 tid 105991
0 1 tid 105991
128 4 tid 105991
365 2 tid 105991
492 5 tid 105991
619 6 tid 105991
226 tid 105991
Remove  tid 105991
FindTargetPageId rootid 3 tid 105991
target_page_id id: 6 tid 105991
0 1 tid 105991
128 4 tid 105991
365 2 tid 105991
492 5 tid 105991
619 6 tid 105991
226 tid 105991
Remove  tid 105991
FindTargetPageId rootid 3 tid 105991
target_page_id id: 6 tid 105991
0 1 tid 105991
128 4 tid 105991
365 2 tid 105991
492 5 tid 105991
619 6 tid 105991
226 tid 105991
Remove  tid 105991
FindTargetPageId rootid 3 tid 105991
target_page_id id: 6 tid 105991
0 1 tid 105991
128 4 tid 105991
365 2 tid 105991
492 5 tid 105991
619 6 tid 105991
226 tid 105991
Remove  tid 105991
FindTargetPageId rootid 3 tid 105991
target_page_id id: 6 tid 105991
0 1 tid 105991
128 4 tid 105991
365 2 tid 105991
492 5 tid 105991
619 6 tid 105991
226 tid 105991
Remove  tid 105991
FindTargetPageId rootid 3 tid 105991
target_page_id id: 6 tid 105991
0 1 tid 105991
128 4 tid 105991
365 2 tid 105991
492 5 tid 105991
619 6 tid 105991
226 tid 105991
Remove  tid 105991
FindTargetPageId rootid 3 tid 105991
target_page_id id: 6 tid 105991
0 1 tid 105991
128 4 tid 105991
365 2 tid 105991
492 5 tid 105991
619 6 tid 105991
226 tid 105991
Remove  tid 105991
FindTargetPageId rootid 3 tid 105991
target_page_id id: 6 tid 105991
0 1 tid 105991
128 4 tid 105991
365 2 tid 105991
492 5 tid 105991
619 6 tid 105991
226 tid 105991
Remove  tid 105991
FindTargetPageId rootid 3 tid 105991
target_page_id id: 6 tid 105991
0 1 tid 105991
128 4 tid 105991
365 2 tid 105991
492 5 tid 105991
619 6 tid 105991
226 tid 105991
Remove  tid 105991
FindTargetPageId rootid 3 tid 105991
target_page_id id: 6 tid 105991
0 1 tid 105991
128 4 tid 105991
365 2 tid 105991
492 5 tid 105991
619 6 tid 105991
226 tid 105991
Remove  tid 105991
FindTargetPageId rootid 3 tid 105991
target_page_id id: 6 tid 105991
0 1 tid 105991
128 4 tid 105991
365 2 tid 105991
492 5 tid 105991
619 6 tid 105991
226 tid 105991
Remove  tid 105991
FindTargetPageId rootid 3 tid 105991
target_page_id id: 6 tid 105991
0 1 tid 105991
128 4 tid 105991
365 2 tid 105991
492 5 tid 105991
619 6 tid 105991
226 tid 105991
Remove  tid 105991
FindTargetPageId rootid 3 tid 105991
target_page_id id: 6 tid 105991
0 1 tid 105991
128 4 tid 105991
365 2 tid 105991
492 5 tid 105991
619 6 tid 105991
226 tid 105991
Remove  tid 105991
FindTargetPageId rootid 3 tid 105991
target_page_id id: 6 tid 105991
0 1 tid 105991
128 4 tid 105991
365 2 tid 105991
492 5 tid 105991
619 6 tid 105991
226 tid 105991
Remove  tid 105991
FindTargetPageId rootid 3 tid 105991
target_page_id id: 6 tid 105991
0 1 tid 105991
128 4 tid 105991
365 2 tid 105991
492 5 tid 105991
619 6 tid 105991
226 tid 105991
Remove  tid 105991
FindTargetPageId rootid 3 tid 105991
target_page_id id: 6 tid 105991
0 1 tid 105991
128 4 tid 105991
365 2 tid 105991
492 5 tid 105991
619 6 tid 105991
226 tid 105991
Remove  tid 105991
FindTargetPageId rootid 3 tid 105991
target_page_id id: 6 tid 105991
0 1 tid 105991
128 4 tid 105991
365 2 tid 105991
492 5 tid 105991
619 6 tid 105991
226 tid 105991
Remove  tid 105991
FindTargetPageId rootid 3 tid 105991
target_page_id id: 6 tid 105991
0 1 tid 105991
128 4 tid 105991
365 2 tid 105991
492 5 tid 105991
619 6 tid 105991
226 tid 105991
Remove  tid 105991
FindTargetPageId rootid 3 tid 105991
target_page_id id: 6 tid 105991
0 1 tid 105991
128 4 tid 105991
365 2 tid 105991
492 5 tid 105991
619 6 tid 105991
226 tid 105991
Remove  tid 105991
FindTargetPageId rootid 3 tid 105991
target_page_id id: 6 tid 105991
0 1 tid 105991
128 4 tid 105991
365 2 tid 105991
492 5 tid 105991
619 6 tid 105991
226 tid 105991
Remove  tid 105991
FindTargetPageId rootid 3 tid 105991
target_page_id id: 6 tid 105991
0 1 tid 105991
128 4 tid 105991
365 2 tid 105991
492 5 tid 105991
619 6 tid 105991
226 tid 105991
Remove  tid 105991
FindTargetPageId rootid 3 tid 105991
target_page_id id: 6 tid 105991
0 1 tid 105991
128 4 tid 105991
365 2 tid 105991
492 5 tid 105991
619 6 tid 105991
226 tid 105991
Remove  tid 105991
FindTargetPageId rootid 3 tid 105991
target_page_id id: 6 tid 105991
0 1 tid 105991
128 4 tid 105991
365 2 tid 105991
492 5 tid 105991
619 6 tid 105991
226 tid 105991
Remove  tid 105991
FindTargetPageId rootid 3 tid 105991
target_page_id id: 6 tid 105991
0 1 tid 105991
128 4 tid 105991
365 2 tid 105991
492 5 tid 105991
619 6 tid 105991
226 tid 105991
Remove  tid 105991
FindTargetPageId rootid 3 tid 105991
target_page_id id: 6 tid 105991
0 1 tid 105991
128 4 tid 105991
365 2 tid 105991
492 5 tid 105991
619 6 tid 105991
226 tid 105991
Remove  tid 105991
FindTargetPageId rootid 3 tid 105991
target_page_id id: 6 tid 105991
0 1 tid 105991
128 4 tid 105991
365 2 tid 105991
492 5 tid 105991
619 6 tid 105991
226 tid 105991
Remove  tid 105991
FindTargetPageId rootid 3 tid 105991
target_page_id id: 6 tid 105991
0 1 tid 105991
128 4 tid 105991
365 2 tid 105991
492 5 tid 105991
619 6 tid 105991
226 tid 105991
Remove  tid 105991
FindTargetPageId rootid 3 tid 105991
target_page_id id: 6 tid 105991
0 1 tid 105991
128 4 tid 105991
365 2 tid 105991
492 5 tid 105991
619 6 tid 105991
226 tid 105991
Remove  tid 105991
FindTargetPageId rootid 3 tid 105991
target_page_id id: 6 tid 105991
0 1 tid 105991
128 4 tid 105991
365 2 tid 105991
492 5 tid 105991
619 6 tid 105991
226 tid 105991
Remove  tid 105991
FindTargetPageId rootid 3 tid 105991
target_page_id id: 6 tid 105991
0 1 tid 105991
128 4 tid 105991
365 2 tid 105991
492 5 tid 105991
619 6 tid 105991
226 tid 105991
Remove  tid 105991
FindTargetPageId rootid 3 tid 105991
target_page_id id: 6 tid 105991
0 1 tid 105991
128 4 tid 105991
365 2 tid 105991
492 5 tid 105991
619 6 tid 105991
226 tid 105991
Remove  tid 105991
FindTargetPageId rootid 3 tid 105991
target_page_id id: 6 tid 105991
0 1 tid 105991
128 4 tid 105991
365 2 tid 105991
492 5 tid 105991
619 6 tid 105991
226 tid 105991
Remove  tid 105991
FindTargetPageId rootid 3 tid 105991
target_page_id id: 6 tid 105991
0 1 tid 105991
128 4 tid 105991
365 2 tid 105991
492 5 tid 105991
619 6 tid 105991
226 tid 105991
Remove  tid 105991
FindTargetPageId rootid 3 tid 105991
target_page_id id: 6 tid 105991
0 1 tid 105991
128 4 tid 105991
365 2 tid 105991
492 5 tid 105991
619 6 tid 105991
226 tid 105991
Remove  tid 105991
FindTargetPageId rootid 3 tid 105991
target_page_id id: 6 tid 105991
0 1 tid 105991
128 4 tid 105991
365 2 tid 105991
492 5 tid 105991
619 6 tid 105991
226 tid 105991
Remove  tid 105991
FindTargetPageId rootid 3 tid 105991
target_page_id id: 6 tid 105991
0 1 tid 105991
128 4 tid 105991
365 2 tid 105991
492 5 tid 105991
619 6 tid 105991
226 tid 105991
Remove  tid 105991
FindTargetPageId rootid 3 tid 105991
target_page_id id: 6 tid 105991
0 1 tid 105991
128 4 tid 105991
365 2 tid 105991
492 5 tid 105991
619 6 tid 105991
226 tid 105991
Remove  tid 105991
FindTargetPageId rootid 3 tid 105991
target_page_id id: 6 tid 105991
0 1 tid 105991
128 4 tid 105991
365 2 tid 105991
492 5 tid 105991
619 6 tid 105991
226 tid 105991
Remove  tid 105991
FindTargetPageId rootid 3 tid 105991
target_page_id id: 6 tid 105991
0 1 tid 105991
128 4 tid 105991
365 2 tid 105991
492 5 tid 105991
619 6 tid 105991
226 tid 105991
Remove  tid 105991
FindTargetPageId rootid 3 tid 105991
target_page_id id: 6 tid 105991
0 1 tid 105991
128 4 tid 105991
365 2 tid 105991
492 5 tid 105991
619 6 tid 105991
226 tid 105991
Remove  tid 105991
FindTargetPageId rootid 3 tid 105991
target_page_id id: 6 tid 105991
0 1 tid 105991
128 4 tid 105991
365 2 tid 105991
492 5 tid 105991
619 6 tid 105991
226 tid 105991
Remove  tid 105991
FindTargetPageId rootid 3 tid 105991
target_page_id id: 6 tid 105991
0 1 tid 105991
128 4 tid 105991
365 2 tid 105991
492 5 tid 105991
619 6 tid 105991
226 tid 105991
Remove  tid 105991
FindTargetPageId rootid 3 tid 105991
target_page_id id: 6 tid 105991
0 1 tid 105991
128 4 tid 105991
365 2 tid 105991
492 5 tid 105991
619 6 tid 105991
226 tid 105991
Remove  tid 105991
FindTargetPageId rootid 3 tid 105991
target_page_id id: 6 tid 105991
0 1 tid 105991
128 4 tid 105991
365 2 tid 105991
492 5 tid 105991
619 6 tid 105991
226 tid 105991
Remove  tid 105991
FindTargetPageId rootid 3 tid 105991
target_page_id id: 6 tid 105991
0 1 tid 105991
128 4 tid 105991
365 2 tid 105991
492 5 tid 105991
619 6 tid 105991
226 tid 105991
Remove  tid 105991
FindTargetPageId rootid 3 tid 105991
target_page_id id: 6 tid 105991
0 1 tid 105991
128 4 tid 105991
365 2 tid 105991
492 5 tid 105991
619 6 tid 105991
226 tid 105991
Remove  tid 105991
FindTargetPageId rootid 3 tid 105991
target_page_id id: 6 tid 105991
0 1 tid 105991
128 4 tid 105991
365 2 tid 105991
492 5 tid 105991
619 6 tid 105991
226 tid 105991
Remove  tid 105991
FindTargetPageId rootid 3 tid 105991
target_page_id id: 6 tid 105991
0 1 tid 105991
128 4 tid 105991
365 2 tid 105991
492 5 tid 105991
619 6 tid 105991
226 tid 105991
Remove  tid 105991
FindTargetPageId rootid 3 tid 105991
target_page_id id: 6 tid 105991
0 1 tid 105991
128 4 tid 105991
365 2 tid 105991
492 5 tid 105991
619 6 tid 105991
226 tid 105991
Remove  tid 105991
FindTargetPageId rootid 3 tid 105991
target_page_id id: 6 tid 105991
0 1 tid 105991
128 4 tid 105991
365 2 tid 105991
492 5 tid 105991
619 6 tid 105991
226 tid 105991
Remove  tid 105991
FindTargetPageId rootid 3 tid 105991
target_page_id id: 6 tid 105991
0 1 tid 105991
128 4 tid 105991
365 2 tid 105991
492 5 tid 105991
619 6 tid 105991
226 tid 105991
Remove  tid 105991
FindTargetPageId rootid 3 tid 105991
target_page_id id: 6 tid 105991
0 1 tid 105991
128 4 tid 105991
365 2 tid 105991
492 5 tid 105991
619 6 tid 105991
226 tid 105991
Remove  tid 105991
FindTargetPageId rootid 3 tid 105991
target_page_id id: 6 tid 105991
0 1 tid 105991
128 4 tid 105991
365 2 tid 105991
492 5 tid 105991
619 6 tid 105991
226 tid 105991
Remove  tid 105991
FindTargetPageId rootid 3 tid 105991
target_page_id id: 6 tid 105991
0 1 tid 105991
128 4 tid 105991
365 2 tid 105991
492 5 tid 105991
619 6 tid 105991
226 tid 105991
Remove  tid 105991
FindTargetPageId rootid 3 tid 105991
target_page_id id: 6 tid 105991
0 1 tid 105991
128 4 tid 105991
365 2 tid 105991
492 5 tid 105991
619 6 tid 105991
226 tid 105991
Remove  tid 105991
FindTargetPageId rootid 3 tid 105991
target_page_id id: 6 tid 105991
0 1 tid 105991
128 4 tid 105991
365 2 tid 105991
492 5 tid 105991
619 6 tid 105991
226 tid 105991
Remove  tid 105991
FindTargetPageId rootid 3 tid 105991
target_page_id id: 6 tid 105991
0 1 tid 105991
128 4 tid 105991
365 2 tid 105991
492 5 tid 105991
619 6 tid 105991
226 tid 105991
Remove  tid 105991
FindTargetPageId rootid 3 tid 105991
target_page_id id: 6 tid 105991
0 1 tid 105991
128 4 tid 105991
365 2 tid 105991
492 5 tid 105991
619 6 tid 105991
226 tid 105991
Remove  tid 105991
FindTargetPageId rootid 3 tid 105991
target_page_id id: 6 tid 105991
0 1 tid 105991
128 4 tid 105991
365 2 tid 105991
492 5 tid 105991
619 6 tid 105991
226 tid 105991
Remove  tid 105991
FindTargetPageId rootid 3 tid 105991
target_page_id id: 6 tid 105991
0 1 tid 105991
128 4 tid 105991
365 2 tid 105991
492 5 tid 105991
619 6 tid 105991
226 tid 105991
Remove  tid 105991
FindTargetPageId rootid 3 tid 105991
target_page_id id: 6 tid 105991
0 1 tid 105991
128 4 tid 105991
365 2 tid 105991
492 5 tid 105991
619 6 tid 105991
226 tid 105991
Remove  tid 105991
FindTargetPageId rootid 3 tid 105991
target_page_id id: 6 tid 105991
0 1 tid 105991
128 4 tid 105991
365 2 tid 105991
492 5 tid 105991
619 6 tid 105991
226 tid 105991
Remove  tid 105991
FindTargetPageId rootid 3 tid 105991
target_page_id id: 6 tid 105991
0 1 tid 105991
128 4 tid 105991
365 2 tid 105991
492 5 tid 105991
619 6 tid 105991
226 tid 105991
Remove  tid 105991
FindTargetPageId rootid 3 tid 105991
target_page_id id: 6 tid 105991
0 1 tid 105991
128 4 tid 105991
365 2 tid 105991
492 5 tid 105991
619 6 tid 105991
226 tid 105991
Remove  tid 105991
FindTargetPageId rootid 3 tid 105991
target_page_id id: 6 tid 105991
0 1 tid 105991
128 4 tid 105991
365 2 tid 105991
492 5 tid 105991
619 6 tid 105991
226 tid 105991
Remove  tid 105991
FindTargetPageId rootid 3 tid 105991
target_page_id id: 6 tid 105991
0 1 tid 105991
128 4 tid 105991
365 2 tid 105991
492 5 tid 105991
619 6 tid 105991
226 tid 105991
Remove  tid 105991
FindTargetPageId rootid 3 tid 105991
target_page_id id: 6 tid 105991
0 1 tid 105991
128 4 tid 105991
365 2 tid 105991
492 5 tid 105991
619 6 tid 105991
226 tid 105991
Remove  tid 105991
FindTargetPageId rootid 3 tid 105991
target_page_id id: 6 tid 105991
0 1 tid 105991
128 4 tid 105991
365 2 tid 105991
492 5 tid 105991
619 6 tid 105991
226 tid 105991
Remove  tid 105991
FindTargetPageId rootid 3 tid 105991
target_page_id id: 6 tid 105991
0 1 tid 105991
128 4 tid 105991
365 2 tid 105991
492 5 tid 105991
619 6 tid 105991
226 tid 105991
Remove  tid 105991
FindTargetPageId rootid 3 tid 105991
target_page_id id: 6 tid 105991
0 1 tid 105991
128 4 tid 105991
365 2 tid 105991
492 5 tid 105991
619 6 tid 105991
226 tid 105991
Remove  tid 105991
FindTargetPageId rootid 3 tid 105991
target_page_id id: 6 tid 105991
0 1 tid 105991
128 4 tid 105991
365 2 tid 105991
492 5 tid 105991
619 6 tid 105991
226 tid 105991
Remove  tid 105991
FindTargetPageId rootid 3 tid 105991
target_page_id id: 6 tid 105991
0 1 tid 105991
128 4 tid 105991
365 2 tid 105991
492 5 tid 105991
619 6 tid 105991
226 tid 105991
Remove  tid 105991
FindTargetPageId rootid 3 tid 105991
target_page_id id: 6 tid 105991
0 1 tid 105991
128 4 tid 105991
365 2 tid 105991
492 5 tid 105991
619 6 tid 105991
226 tid 105991
Remove  tid 105991
FindTargetPageId rootid 3 tid 105991
target_page_id id: 6 tid 105991
0 1 tid 105991
128 4 tid 105991
365 2 tid 105991
492 5 tid 105991
619 6 tid 105991
226 tid 105991
Remove  tid 105991
FindTargetPageId rootid 3 tid 105991
target_page_id id: 6 tid 105991
0 1 tid 105991
128 4 tid 105991
365 2 tid 105991
492 5 tid 105991
619 6 tid 105991
226 tid 105991
Remove  tid 105991
FindTargetPageId rootid 3 tid 105991
target_page_id id: 6 tid 105991
0 1 tid 105991
128 4 tid 105991
365 2 tid 105991
492 5 tid 105991
619 6 tid 105991
226 tid 105991
Remove  tid 105991
FindTargetPageId rootid 3 tid 105991
target_page_id id: 6 tid 105991
0 1 tid 105991
128 4 tid 105991
365 2 tid 105991
492 5 tid 105991
619 6 tid 105991
226 tid 105991
Remove  tid 105991
FindTargetPageId rootid 3 tid 105991
target_page_id id: 6 tid 105991
0 1 tid 105991
128 4 tid 105991
365 2 tid 105991
492 5 tid 105991
619 6 tid 105991
226 tid 105991
Remove  tid 105991
FindTargetPageId rootid 3 tid 105991
target_page_id id: 6 tid 105991
0 1 tid 105991
128 4 tid 105991
365 2 tid 105991
492 5 tid 105991
619 6 tid 105991
226 tid 105991
Remove  tid 105991
FindTargetPageId rootid 3 tid 105991
target_page_id id: 6 tid 105991
0 1 tid 105991
128 4 tid 105991
365 2 tid 105991
492 5 tid 105991
619 6 tid 105991
226 tid 105991
Remove  tid 105991
FindTargetPageId rootid 3 tid 105991
target_page_id id: 6 tid 105991
0 1 tid 105991
128 4 tid 105991
365 2 tid 105991
492 5 tid 105991
619 6 tid 105991
226 tid 105991
FindTargetPageId rootid 3 tid 105992
target_page_id id: 6 tid 105992
0 1 tid 105992
128 4 tid 105992
365 2 tid 105992
492 5 tid 105992
619 6 tid 105992
226 tid 105992
Insert  tid 105992
FindTargetPageId rootid 3 tid 105990
target_page_id id: 6 tid 105990
0 1 tid 105990
128 4 tid 105990
365 2 tid 105990
492 5 tid 105990
619 6 tid 105990
227 tid 105990
Insert  tid 105990
FindTargetPageId rootid 3 tid 105990
target_page_id id: 6 tid 105990
0 1 tid 105990
128 4 tid 105990
365 2 tid 105990
492 5 tid 105990
619 6 tid 105990
228 tid 105990
Insert  tid 105990
FindTargetPageId rootid 3 tid 105992
target_page_id id: 6 tid 105992
0 1 tid 105992
128 4 tid 105992
365 2 tid 105992
492 5 tid 105992
619 6 tid 105992
229 tid 105992
Insert  tid 105992
FindTargetPageId rootid 3 tid 105992
target_page_id id: 6 tid 105992
0 1 tid 105992
128 4 tid 105992
365 2 tid 105992
492 5 tid 105992
619 6 tid 105992
230 tid 105992
Insert  tid 105992
FindTargetPageId rootid 3 tid 105992
target_page_id id: 6 tid 105992
0 1 tid 105992
128 4 tid 105992
365 2 tid 105992
492 5 tid 105992
619 6 tid 105992
231 tid 105992
Insert  tid 105992
FindTargetPageId rootid 3 tid 105990
target_page_id id: 6 tid 105990
0 1 tid 105990
128 4 tid 105990
365 2 tid 105990
492 5 tid 105990
619 6 tid 105990
232 tid 105990
FindTargetPageId rootid 3 tid 105992
target_page_id id: 6 tid 105992
0 1 tid 105992
128 4 tid 105992
365 2 tid 105992
492 5 tid 105992
619 6 tid 105992
233 tid 105992
Insert  tid 105992
FindTargetPageId rootid 3 tid 105992
target_page_id id: 6 tid 105992
0 1 tid 105992
128 4 tid 105992
365 2 tid 105992
492 5 tid 105992
619 6 tid 105992
234 tid 105992
Insert  tid 105990
FindTargetPageId rootid 3 tid 105990
target_page_id id: 6 tid 105990
0 1 tid 105990
128 4 tid 105990
365 2 tid 105990
492 5 tid 105990
619 6 tid 105990
Insert  tid 105992
235 tid 105990
Insert  tid 105990
FindTargetPageId rootid 3 tid 105992
target_page_id id: 6 tid 105992
0 1 tid 105992
128 4 tid 105992
365 2 tid 105992
492 5 tid 105992
619 6 tid 105992
236 tid 105992
Insert  tid 105992
FindTargetPageId rootid 3 tid 105990
target_page_id id: 6 tid 105990
0 1 tid 105990
128 4 tid 105990
365 2 tid 105990
492 5 tid 105990
619 6 tid 105990
237 tid 105990
Insert  tid 105990
FindTargetPageId rootid 3 tid 105990
target_page_id id: 6 tid 105990
0 1 tid 105990
128 4 tid 105990
365 2 tid 105990
492 5 tid 105990
619 6 tid 105990
238 tid 105990
Insert  tid 105990
FindTargetPageId rootid 3 tid 105992
target_page_id id: 6 tid 105992
0 1 tid 105992
128 4 tid 105992
365 2 tid 105992
492 5 tid 105992
619 6 tid 105992
239 tid 105992
Insert  tid 105992
FindTargetPageId rootid 3 tid 105992
target_page_id id: 6 tid 105992
0 1 tid 105992
128 4 tid 105992
365 2 tid 105992
492 5 tid 105992
619 6 tid 105992
240 tid 105992
Insert  tid 105992
FindTargetPageId rootid 3 tid 105992
target_page_id id: 6 tid 105992
0 1 tid 105992
128 4 tid 105992
365 2 tid 105992
492 5 tid 105992
619 6 tid 105992
241 tid 105992
Insert  tid 105992
FindTargetPageId rootid 3 tid 105992
target_page_id id: 6 tid 105992
0 1 tid 105992
128 4 tid 105992
365 2 tid 105992
492 5 tid 105992
619 6 tid 105992
242 tid 105992
Insert  tid 105992
FindTargetPageId rootid 3 tid 105992
target_page_id id: 6 tid 105992
0 1 tid 105992
128 4 tid 105992
365 2 tid 105992
492 5 tid 105992
619 6 tid 105992
243 tid 105992
Insert  tid 105992
FindTargetPageId rootid 3 tid 105992
target_page_id id: 6 tid 105992
0 1 tid 105992
128 4 tid 105992
365 2 tid 105992
492 5 tid 105992
619 6 tid 105992
244 tid 105992
Insert  tid 105992
FindTargetPageId rootid 3 tid 105992
target_page_id id: 6 tid 105992
0 1 tid 105992
128 4 tid 105992
365 2 tid 105992
492 5 tid 105992
619 6 tid 105992
245 tid 105992
Insert  tid 105992
FindTargetPageId rootid 3 tid 105992
target_page_id id: 6 tid 105992
0 1 tid 105992
128 4 tid 105992
365 2 tid 105992
492 5 tid 105992
619 6 tid 105992
246 tid 105992
Insert  tid 105992
FindTargetPageId rootid 3 tid 105990
target_page_id id: 6 tid 105990
0 1 tid 105990
128 4 tid 105990
365 2 tid 105990
492 5 tid 105990
619 6 tid 105990
247 tid 105990
Insert  tid 105990
FindTargetPageId rootid 3 tid 105992
target_page_id id: 6 tid 105992
0 1 tid 105992
128 4 tid 105992
365 2 tid 105992
492 5 tid 105992
619 6 tid 105992
248 tid 105992
Insert  tid 105992
FindTargetPageId rootid 3 tid 105990
target_page_id id: 6 tid 105990
0 1 tid 105990
128 4 tid 105990
365 2 tid 105990
492 5 tid 105990
619 6 tid 105990
249 tid 105990
Insert  tid 105990
FindTargetPageId rootid 3 tid 105992
target_page_id id: 6 tid 105992
0 1 tid 105992
128 4 tid 105992
365 2 tid 105992
492 5 tid 105992
619 6 tid 105992
250 tid 105992
Insert  tid 105992
FindTargetPageId rootid 3 tid 105992
target_page_id id: 6 tid 105992
0 1 tid 105992
128 4 tid 105992
365 2 tid 105992
492 5 tid 105992
619 6 tid 105992
251 tid 105992
Insert  tid 105992
FindTargetPageId rootid 3 tid 105992
target_page_id id: 6 tid 105992
0 1 tid 105992
128 4 tid 105992
365 2 tid 105992
492 5 tid 105992
619 6 tid 105992
252 tid 105992
Insert  tid 105992
FindTargetPageId rootid 3 tid 105992
target_page_id id: 6 tid 105992
0 1 tid 105992
128 4 tid 105992
365 2 tid 105992
492 5 tid 105992
619 6 tid 105992
253 tid 105992
Insert  tid 105992
FindTargetPageId rootid 3 tid 105990
target_page_id id: 6 tid 105990
0 1 tid 105990
128 4 tid 105990
365 2 tid 105990
492 5 tid 105990
619 6 tid 105990
254 tid 105990
Insert  tid 105990
FindTargetPageId rootid 3 tid 105992
target_page_id id: 9 tid 105992
0 1 tid 105992
128 4 tid 105992
365 2 tid 105992
492 5 tid 105992
619 6 tid 105992
746 9 tid 105992
128 tid 105992
Insert  tid 105992
FindTargetPageId rootid 3 tid 105990
target_page_id id: 9 tid 105990
0 1 tid 105990
128 4 tid 105990
365 2 tid 105990
492 5 tid 105990
619 6 tid 105990
746 9 tid 105990
129 tid 105990
Insert  tid 105990
FindTargetPageId rootid 3 tid 105990
target_page_id id: 9 tid 105990
0 1 tid 105990
128 4 tid 105990
365 2 tid 105990
492 5 tid 105990
619 6 tid 105990
746 9 tid 105990
130 tid 105990
Insert  tid 105990
FindTargetPageId rootid 3 tid 105992
target_page_id id: 9 tid 105992
0 1 tid 105992
128 4 tid 105992
365 2 tid 105992
492 5 tid 105992
619 6 tid 105992
746 9 tid 105992
131 tid 105992
Insert  tid 105992
FindTargetPageId rootid 3 tid 105990
target_page_id id: 9 tid 105990
0 1 tid 105990
128 4 tid 105990
365 2 tid 105990
492 5 tid 105990
619 6 tid 105990
746 9 tid 105990
132 tid 105990
Insert  tid FindTargetPageId rootid 105990
3 tid 105992
target_page_id id: 9 tid 105992
0 1 tid 105992
128 4 tid 105992
365 2 tid 105992
492 5 tid 105992
619 6 tid 105992
746 9 tid 105992
133 tid 105992
Insert  tid 105992
FindTargetPageId rootid 3 tid 105992
target_page_id id: 9 tid 105992
0 1 tid 105992
128 4 tid 105992
365 2 tid 105992
492 5 tid 105992
619 6 tid 105992
746 9 tid 105992
134 tid 105992
Insert  tid 105992
FindTargetPageId rootid 3 tid 105992
target_page_id id: 9 tid 105992
0 1 tid 105992
128 4 tid 105992
365 2 tid 105992
492 5 tid 105992
619 6 tid 105992
746 9 tid 105992
135 tid 105992
Insert  tid 105992
FindTargetPageId rootid 3 tid 105992
target_page_id id: 9 tid 105992
0 1 tid 105992
128 4 tid 105992
365 2 tid 105992
492 5 tid 105992
619 6 tid 105992
746 9 tid 105992
136 tid 105992
Insert  tid 105992
FindTargetPageId rootid 3 tid 105990
target_page_id id: 9 tid 105990
0 1 tid 105990
128 4 tid 105990
365 2 tid 105990
492 5 tid 105990
619 6 tid 105990
746 9 tid 105990
137 tid 105990
Insert  tid 105990
FindTargetPageId rootid 3 tid 105992
target_page_id id: 9 tid 105992
0 1 tid 105992
128 4 tid 105992
365 2 tid 105992
492 5 tid 105992
619 6 tid 105992
746 9 tid 105992
138 tid 105992
Insert  tid 105992
FindTargetPageId rootid 3 tid 105992
target_page_id id: 9 tid 105992
0 1 tid 105992
128 4 tid 105992
365 2 tid 105992
492 5 tid 105992
619 6 tid 105992
746 9 tid 105992
139 tid 105992
Insert  tid 105992
FindTargetPageId rootid 3 tid 105992
target_page_id id: 9 tid 105992
0 1 tid 105992
128 4 tid 105992
365 2 tid 105992
492 5 tid 105992
619 6 tid 105992
746 9 tid 105992
140 tid 105992
Insert  tid 105992
FindTargetPageId rootid 3 tid 105992
target_page_id id: 9 tid 105992
0 1 tid 105992
128 4 tid 105992
365 2 tid 105992
492 5 tid 105992
619 6 tid 105992
746 9 tid 105992
141 tid 105992
Insert  tid 105992
FindTargetPageId rootid 3 tid 105990
target_page_id id: 9 tid 105990
0 1 tid 105990
128 4 tid 105990
365 2 tid 105990
492 5 tid 105990
619 6 tid 105990
746 9 tid 105990
142 tid 105990
Insert  tid 105990
FindTargetPageId rootid 3 tid 105992
target_page_id id: 9 tid 105992
0 1 tid 105992
128 4 tid 105992
365 2 tid 105992
492 5 tid 105992
619 6 tid 105992
746 9 tid 105992
143 tid 105992
Insert  tid 105992
FindTargetPageId rootid 3 tid 105990
target_page_id id: 9 tid 105990
0 1 tid 105990
128 4 tid 105990
365 2 tid 105990
492 5 tid 105990
619 6 tid 105990
746 9 tid 105990
144 tid 105990
Insert  tid 105990
FindTargetPageId rootid 3 tid 105992
target_page_id id: 9 tid 105992
0 1 tid 105992
128 4 tid 105992
365 2 tid 105992
492 5 tid 105992
619 6 tid 105992
746 9 tid 105992
145 tid 105992
Insert  tid 105992
FindTargetPageId rootid 3 tid 105992
target_page_id id: 9 tid 105992
0 1 tid 105992
128 4 tid 105992
365 2 tid 105992
492 5 tid 105992
619 6 tid 105992
746 9 tid 105992
146 tid 105992
Insert  tid 105992
FindTargetPageId rootid 3 tid 105990
target_page_id id: 9 tid 105990
0 1 tid 105990
128 4 tid 105990
365 2 tid 105990
492 5 tid 105990
619 6 tid 105990
746 9 tid 105990
147 tid 105990
Insert  tid 105990
FindTargetPageId rootid 3 tid 105992
target_page_id id: 9 tid 105992
0 1 tid 105992
128 4 tid 105992
365 2 tid 105992
492 5 tid 105992
619 6 tid 105992
746 9 tid 105992
148 tid 105992
Insert  tid 105992
FindTargetPageId rootid 3 tid 105990
target_page_id id: 9 tid 105990
0 1 tid 105990
128 4 tid 105990
365 2 tid 105990
492 5 tid 105990
619 6 tid 105990
746 9 tid 105990
149 tid 105990
Insert  tid 105990
FindTargetPageId rootid 3 tid 105990
target_page_id id: 9 tid 105990
0 1 tid 105990
128 4 tid 105990
365 2 tid 105990
492 5 tid 105990
619 6 tid 105990
746 9 tid 105990
150 tid 105990
Insert  tid 105990
FindTargetPageId rootid 3 tid 105990
target_page_id id: 9 tid 105990
0 1 tid 105990
128 4 tid 105990
365 2 tid 105990
492 5 tid 105990
619 6 tid 105990
746 9 tid 105990
151 tid 105990
Insert  tid 105990
FindTargetPageId rootid 3 tid 105990
target_page_id id: 9 tid 105990
0 1 tid 105990
128 4 tid 105990
365 2 tid 105990
492 5 tid 105990
619 6 tid 105990
746 9 tid 105990
152 tid 105990
Insert  tid 105990
FindTargetPageId rootid 3 tid 105990
target_page_id id: 9 tid 105990
0 1 tid 105990
128 4 tid 105990
365 2 tid 105990
492 5 tid 105990
619 6 tid 105990
746 9 tid 105990
153 tid 105990
Insert  tid 105990
FindTargetPageId rootid 3 tid 105990
target_page_id id: 9 tid 105990
0 1 tid 105990
128 4 tid 105990
365 2 tid 105990
492 5 tid 105990
619 6 tid 105990
746 9 tid 105990
154 tid 105990
Insert  tid 105990
FindTargetPageId rootid 3 tid 105990
target_page_id id: 9 tid 105990
0 1 tid 105990
128 4 tid 105990
365 2 tid 105990
492 5 tid 105990
619 6 tid 105990
746 9 tid 105990
155 tid 105990
Insert  tid 105990
FindTargetPageId rootid 3 tid 105990
target_page_id id: 9 tid 105990
0 1 tid 105990
128 4 tid 105990
365 2 tid 105990
492 5 tid 105990
619 6 tid 105990
746 9 tid 105990
156 tid 105990
Insert  tid 105990
FindTargetPageId rootid 3 tid 105990
target_page_id id: 9 tid 105990
0 1 tid 105990
128 4 tid 105990
365 2 tid 105990
492 5 tid 105990
619 6 tid 105990
746 9 tid 105990
157 tid 105990
Insert  tid 105990
FindTargetPageId rootid 3 tid 105990
target_page_id id: 9 tid 105990
0 1 tid 105990
128 4 tid 105990
365 2 tid 105990
492 5 tid 105990
619 6 tid 105990
746 9 tid 105990
158 tid 105990
Insert  tid 105990
FindTargetPageId rootid 3 tid 105990
target_page_id id: 9 tid 105990
0 1 tid 105990
128 4 tid 105990
365 2 tid 105990
492 5 tid 105990
619 6 tid 105990
746 9 tid 105990
159 tid 105990
Insert  tid 105990
FindTargetPageId rootid 3 tid 105990
target_page_id id: 9 tid 105990
0 1 tid 105990
128 4 tid 105990
365 2 tid 105990
492 5 tid 105990
619 6 tid 105990
746 9 tid 105990
160 tid 105990
Insert  tid 105990
FindTargetPageId rootid 3 tid 105990
target_page_id id: 9 tid 105990
0 1 tid 105990
128 4 tid 105990
365 2 tid 105990
492 5 tid 105990
619 6 tid 105990
746 9 tid 105990
161 tid 105990
Insert  tid 105990
FindTargetPageId rootid 3 tid 105990
target_page_id id: 9 tid 105990
0 1 tid 105990
128 4 tid 105990
365 2 tid 105990
492 5 tid 105990
619 6 tid 105990
746 9 tid 105990
162 tid 105990
Insert  tid 105990
FindTargetPageId rootid 3 tid 105990
target_page_id id: 9 tid 105990
0 1 tid 105990
128 4 tid 105990
365 2 tid 105990
492 5 tid 105990
619 6 tid 105990
746 9 tid 105990
163 tid 105990
Insert  tid 105990
FindTargetPageId rootid 3 tid 105990
target_page_id id: 9 tid 105990
0 1 tid 105990
128 4 tid 105990
365 2 tid 105990
492 5 tid 105990
619 6 tid 105990
746 9 tid 105990
164 tid 105990
Insert  tid 105990
FindTargetPageId rootid 3 tid 105990
target_page_id id: 9 tid 105990
0 1 tid 105990
128 4 tid 105990
365 2 tid 105990
492 5 tid 105990
619 6 tid 105990
746 9 tid 105990
165 tid 105990
Insert  tid 105990
FindTargetPageId rootid 3 tid 105992
target_page_id id: 9 tid 105992
0 1 tid 105992
128 4 tid 105992
365 2 tid 105992
492 5 tid 105992
619 6 tid 105992
746 9 tid 105992
166 tid 105992
Insert  tid 105992
FindTargetPageId rootid 3 tid 105990
target_page_id id: 9 tid 105990
0 1 tid 105990
128 4 tid 105990
365 2 tid 105990
492 5 tid 105990
619 6 tid 105990
746 9 tid 105990
167 tid 105990
Insert  tid 105990
FindTargetPageId rootid 3 tid 105992
target_page_id id: 9 tid 105992
0 1 tid 105992
128 4 tid 105992
365 2 tid 105992
492 5 tid 105992
619 6 tid 105992
746 9 tid 105992
168 tid 105992
Insert  tid 105992
FindTargetPageId rootid 3 tid 105990
target_page_id id: 9 tid 105990
0 1 tid 105990
128 4 tid 105990
365 2 tid 105990
492 5 tid 105990
619 6 tid 105990
746 9 tid 105990
169 tid 105990
Insert  tid 105990
FindTargetPageId rootid 3 tid 105992
target_page_id id: 9 tid 105992
0 1 tid 105992
128 4 tid 105992
365 2 tid 105992
492 5 tid 105992
619 6 tid 105992
746 9 tid 105992
170 tid 105992
Insert  tid 105992
FindTargetPageId rootid 3 tid 105990
target_page_id id: 9 tid 105990
0 1 tid 105990
128 4 tid 105990
365 2 tid 105990
492 5 tid 105990
619 6 tid 105990
746 9 tid 105990
171 tid 105990
Insert  tid 105990
FindTargetPageId rootid 3 tid 105992
target_page_id id: 9 tid 105992
0 1 tid 105992
128 4 tid 105992
365 2 tid 105992
492 5 tid 105992
619 6 tid 105992
746 9 tid 105992
172 tid 105992
Insert  tid 105992
FindTargetPageId rootid 3 tid 105990
target_page_id id: 9 tid 105990
0 1 tid 105990
128 4 tid 105990
365 2 tid 105990
492 5 tid 105990
619 6 tid 105990
746 9 tid 105990
173 tid 105990
Insert  tid 105990
FindTargetPageId rootid 3 tid 105992
target_page_id id: 9 tid 105992
0 1 tid 105992
128 4 tid 105992
365 2 tid 105992
492 5 tid 105992
619 6 tid 105992
746 9 tid 105992
174 tid 105992
Insert  tid 105992
FindTargetPageId rootid 3 tid 105990
target_page_id id: 9 tid 105990
0 1 tid 105990
128 4 tid 105990
365 2 tid 105990
492 5 tid 105990
619 6 tid 105990
746 9 tid 105990
175 tid 105990
Insert  tid 105990
FindTargetPageId rootid 3 tid 105992
target_page_id id: 9 tid 105992
0 1 tid 105992
128 4 tid 105992
365 2 tid 105992
492 5 tid 105992
619 6 tid 105992
746 9 tid 105992
176 tid 105992
Insert  tid 105992
FindTargetPageId rootid 3 tid 105990
target_page_id id: 9 tid 105990
0 1 tid 105990
128 4 tid 105990
365 2 tid 105990
492 5 tid 105990
619 6 tid 105990
746 9 tid 105990
177 tid 105990
Insert  tid 105990
FindTargetPageId rootid 3 tid 105992
target_page_id id: 9 tid 105992
0 1 tid 105992
128 4 tid 105992
365 2 tid 105992
492 5 tid 105992
619 6 tid 105992
746 9 tid 105992
178 tid 105992
Insert  tid 105992
FindTargetPageId rootid 3 tid 105990
target_page_id id: 9 tid 105990
0 1 tid 105990
128 4 tid 105990
365 2 tid 105990
492 5 tid 105990
619 6 tid 105990
746 9 tid 105990
179 tid 105990
Insert  tid 105990
FindTargetPageId rootid 3 tid 105992
target_page_id id: 9 tid 105992
0 1 tid 105992
128 4 tid 105992
365 2 tid 105992
492 5 tid 105992
619 6 tid 105992
746 9 tid 105992
180 tid 105992
Insert  tid 105992
FindTargetPageId rootid 3 tid 105990
target_page_id id: 9 tid 105990
0 1 tid 105990
128 4 tid 105990
365 2 tid 105990
492 5 tid 105990
619 6 tid 105990
746 9 tid 105990
181 tid 105990
FindTargetPageId rootid 3 tid 105992Insert 
 tid target_page_id id: 9 tid 105992
0 1 tid 105992
128 4 tid 105992
365 2 tid 105992
492 5 tid 105992
619 6 tid 105992
746 9 tid 105992
182 tid 105992
Insert  tid 105992
FindTargetPageId rootid 3 tid 105992
target_page_id id: 9 tid 105992
0 1 tid 105992
128 4 tid 105992
365 2 tid 105992
492 5 tid 105992
619 6 tid 105992
746 9 tid 105992
183 tid 105992
Insert  tid 105992
105990FindTargetPageId rootid 3 tid 105992
target_page_id id: 9 tid 105992
0 1 tid 105992
128 4 tid 105992
365 2 tid 105992
492 5 tid 105992
619 6 tid 105992
746 9 tid 105992
184 tid 105992

Insert  tid 105992
FindTargetPageId rootid 3 tid 105990
target_page_id id: 9 tid 105990
0 1 tid 105990
128 4 tid 105990
365 2 tid 105990
492 5 tid 105990
619 6 tid 105990
746 9 tid 105990
185 tid 105990
Insert  tid 105990
FindTargetPageId rootid 3 tid 105992
target_page_id id: 9 tid 105992
0 1 tid 105992
128 4 tid 105992
365 2 tid 105992
492 5 tid 105992
619 6 tid 105992
746 9 tid 105992
186 tid 105992
Insert  tid 105992
FindTargetPageId rootid 3 tid 105990
target_page_id id: 9 tid 105990
0 1 tid 105990
128 4 tid 105990
365 2 tid 105990
492 5 tid 105990
619 6 tid 105990
746 9 tid 105990
187 tid 105990
Insert  tid 105990
FindTargetPageId rootid 3 tid 105992
target_page_id id: 9 tid 105992
0 1 tid 105992
128 4 tid 105992
365 2 tid 105992
492 5 tid 105992
619 6 tid 105992
746 9 tid 105992
188 tid 105992
Insert  tid 105992
FindTargetPageId rootid 3 tid 105990
target_page_id id: 9 tid 105990
0 1 tid 105990
128 4 tid 105990
365 2 tid 105990
492 5 tid 105990
619 6 tid 105990
746 9 tid 105990
189 tid 105990
Insert  tid 105990
FindTargetPageId rootid 3 tid 105990
target_page_id id: 9 tid 105990
0 1 tid 105990
128 4 tid 105990
365 2 tid 105990
492 5 tid 105990
619 6 tid 105990
746 9 tid 105990
190 tid 105990
Insert  tid 105990
FindTargetPageId rootid 3 tid 105992
target_page_id id: 9 tid 105992
0 1 tid 105992
128 4 tid 105992
365 2 tid 105992
492 5 tid 105992
619 6 tid 105992
746 9 tid 105992
191 tid 105992
Insert  tid 105992
FindTargetPageId rootid 3 tid 105990
target_page_id id: 9 tid 105990
0 1 tid 105990
128 4 tid 105990
365 2 tid 105990
492 5 tid 105990
619 6 tid 105990
746 9 tid 105990
192 tid 105990
Insert  tid 105990
FindTargetPageId rootid 3 tid 105992
target_page_id id: 9 tid 105992
0 1 tid 105992
128 4 tid 105992
365 2 tid 105992
492 5 tid 105992
619 6 tid 105992
746 9 tid 105992
193 tid 105992
Insert  tid 105992
FindTargetPageId rootid 3 tid 105990
target_page_id id: 9 tid 105990
0 1 tid 105990
128 4 tid 105990
365 2 tid 105990
492 5 tid 105990
619 6 tid 105990
746 9 tid 105990
194 tid 105990
Insert  tid 105990
FindTargetPageId rootid 3 tid 105992
target_page_id id: 9 tid 105992
0 1 tid 105992
128 4 tid 105992
365 2 tid 105992
492 5 tid 105992
619 6 tid 105992
746 9 tid 105992
195 tid 105992
Insert  tid 105992
FindTargetPageId rootid 3 tid 105990
target_page_id id: 9 tid 105990
0 1 tid 105990
128 4 tid 105990
365 2 tid 105990
492 5 tid 105990
619 6 tid 105990
746 9 tid 105990
196 tid 105990
Insert  tid 105990
FindTargetPageId rootid 3 tid 105992
target_page_id id: 9 tid 105992
0 1 tid 105992
128 4 tid 105992
365 2 tid 105992
492 5 tid 105992
619 6 tid 105992
746 9 tid 105992
197 tid 105992
Insert  tid 105992
FindTargetPageId rootid 3 tid 105990
target_page_id id: 9 tid 105990
0 1 tid 105990
128 4 tid 105990
365 2 tid 105990
492 5 tid 105990
619 6 tid 105990
746 9 tid 105990
198 tid 105990
Insert  tid 105990
FindTargetPageId rootid 3 tid 105992
target_page_id id: 9 tid 105992
0 1 tid 105992
128 4 tid 105992
365 2 tid 105992
492 5 tid 105992
619 6 tid 105992
746 9 tid 105992
199 tid 105992
Insert  tid 105992
FindTargetPageId rootid 3 tid 105990
target_page_id id: 9 tid 105990
0 1 tid 105990
128 4 tid 105990
365 2 tid 105990
492 5 tid 105990
619 6 tid 105990
746 9 tid 105990
200 tid 105990
Insert  tid 105990
FindTargetPageId rootid 3 tid 105992
target_page_id id: 9 tid 105992
0 1 tid 105992
128 4 tid 105992
365 2 tid 105992
492 5 tid 105992
619 6 tid 105992
746 9 tid 105992
201 tid 105992
Insert  tid 105992
FindTargetPageId rootid 3 tid 105990
target_page_id id: 9 tid 105990
0 1 tid 105990
128 4 tid 105990
365 2 tid 105990
492 5 tid 105990
619 6 tid 105990
746 9 tid 105990
202 tid 105990
Insert  tid 105990
FindTargetPageId rootid 3 tid 105992
target_page_id id: 9 tid 105992
0 1 tid 105992
128 4 tid 105992
365 2 tid 105992
492 5 tid 105992
619 6 tid 105992
746 9 tid 105992
203 tid 105992
Insert  tid 105992
FindTargetPageId rootid 3 tid 105990
target_page_id id: 9 tid 105990
0 1 tid 105990
128 4 tid 105990
365 2 tid 105990
492 5 tid 105990
619 6 tid 105990
746 9 tid 105990
204 tid 105990
Insert  tid 105990
FindTargetPageId rootid 3 tid 105992
target_page_id id: 9 tid 105992
0 1 tid 105992
128 4 tid 105992
365 2 tid 105992
492 5 tid 105992
619 6 tid 105992
746 9 tid 105992
205 tid 105992
Insert  tid 105992
FindTargetPageId rootid 3 tid 105990
target_page_id id: 9 tid 105990
0 1 tid 105990
128 4 tid 105990
365 2 tid 105990
492 5 tid 105990
619 6 tid 105990
746 9 tid 105990
206 tid 105990
Insert  tid 105990
FindTargetPageId rootid 3 tid 105992
target_page_id id: 9 tid 105992
0 1 tid 105992
128 4 tid 105992
365 2 tid 105992
492 5 tid 105992
619 6 tid 105992
746 9 tid 105992
207 tid 105992
Insert  tid 105992
FindTargetPageId rootid 3 tid 105992
target_page_id id: 9 tid 105992
0 1 tid 105992
128 4 tid 105992
365 2 tid 105992
492 5 tid 105992
619 6 tid 105992
746 9 tid 105992
208 tid 105992
Insert  tid 105992
FindTargetPageId rootid 3 tid 105990
target_page_id id: 9 tid 105990
0 1 tid 105990
128 4 tid 105990
365 2 tid 105990
492 5 tid 105990
619 6 tid 105990
746 9 tid 105990
209 tid 105990
Insert  tid 105990
FindTargetPageId rootid 3 tid 105992
target_page_id id: 9 tid 105992
0 1 tid 105992
128 4 tid 105992
365 2 tid 105992
492 5 tid 105992
619 6 tid 105992
746 9 tid 105992
210 tid 105992
Insert  tid 105992
FindTargetPageId rootid 3 tid 105992
target_page_id id: 9 tid 105992
0 1 tid 105992
128 4 tid 105992
365 2 tid 105992
492 5 tid 105992
619 6 tid 105992
746 9 tid 105992
211 tid 105992
Insert  tid 105992
FindTargetPageId rootid 3 tid 105990
target_page_id id: 9 tid 105990
0 1 tid 105990
128 4 tid 105990
365 2 tid 105990
492 5 tid 105990
619 6 tid 105990
746 9 tid 105990
212 tid 105990
Insert  tid 105990
FindTargetPageId rootid 3 tid 105992
target_page_id id: 9 tid 105992
0 1 tid 105992
128 4 tid 105992
365 2 tid 105992
492 5 tid 105992
619 6 tid 105992
746 9 tid 105992
213 tid 105992
Insert  tid 105992
FindTargetPageId rootid 3 tid 105990
target_page_id id: 9 tid 105990
0 1 tid 105990
128 4 tid 105990
365 2 tid 105990
492 5 tid 105990
619 6 tid 105990
746 9 tid 105990
214 tid 105990
Insert  tid 105990
FindTargetPageId rootid 3 tid 105992
target_page_id id: 9 tid 105992
0 1 tid 105992
128 4 tid 105992
365 2 tid 105992
492 5 tid 105992
619 6 tid 105992
746 9 tid 105992
215 tid 105992
Insert  tid 105992
FindTargetPageId rootid 3 tid 105990
target_page_id id: 9 tid 105990
0 1 tid 105990
128 4 tid 105990
365 2 tid 105990
492 5 tid 105990
619 6 tid 105990
746 9 tid 105990
216 tid 105990
FindTargetPageId rootid 3 tid 105992
target_page_id id: 9 tid 105992
0 1 tid 105992
128 4 tid 105992
365 2 tid 105992
492 5 tid 105992
619 6 tid 105992
746 9 tid 105992
217 tid 105992
Insert  tid 105990
Insert  tid 105992
FindTargetPageId rootid 3 tid 105990
target_page_id id: 9 tid 105990
0 1 tid 105990
128 4 tid 105990
365 2 tid 105990
492 5 tid 105990
619 6 tid 105990
746 9 tid 105990
218 tid 105990
Insert  tid 105990
FindTargetPageId rootid 3 tid 105990
target_page_id id: 9 tid 105990
0 1 tid 105990
128 4 tid 105990
365 2 tid 105990
492 5 tid 105990
619 6 tid 105990
746 9 tid 105990
219 tid 105990
Insert  tid 105990
FindTargetPageId rootid 3 tid 105992
target_page_id id: 9 tid 105992
0 1 tid 105992
128 4 tid 105992
365 2 tid 105992
492 5 tid 105992
619 6 tid 105992
746 9 tid 105992
220 tid 105992
Insert  tid 105992
FindTargetPageId rootid 3 tid 105990
target_page_id id: 9 tid 105990
0 1 tid 105990
128 4 tid 105990
365 2 tid 105990
492 5 tid 105990
619 6 tid 105990
746 9 tid 105990
221 tid 105990
Insert  tid 105990
FindTargetPageId rootid 3 tid 105992
target_page_id id: 9 tid 105992
0 1 tid 105992
128 4 tid 105992
365 2 tid 105992
492 5 tid 105992
619 6 tid 105992
746 9 tid 105992
222 tid 105992
Insert  tid 105992
FindTargetPageId rootid 3 tid 105992
target_page_id id: 9 tid 105992
0 1 tid 105992
128 4 tid 105992
365 2 tid 105992
492 5 tid 105992
619 6 tid 105992
746 9 tid 105992
223 tid 105992
Insert  tid 105992
FindTargetPageId rootid 3 tid 105990
target_page_id id: 9 tid 105990
0 1 tid 105990
128 4 tid 105990
365 2 tid 105990
492 5 tid 105990
619 6 tid 105990
746 9 tid 105990
224 tid 105990
FindTargetPageId rootid 3 tid 105992
target_page_id id: 9 tid Insert 105992 tid 
0 1 tid 105992
128 4 tid 105992
365 2 tid 105992
492 5 tid 105992
619 6 tid 105992
746 9 tid 105992
105990
225 tid 105992
Insert  tid 105992
FindTargetPageId rootid 3 tid 105990
target_page_id id: 9 tid 105990
0 1 tid 105990
128 4 tid 105990
365 2 tid 105990
492 5 tid 105990
619 6 tid 105990
746 9 tid 105990
226 tid 105990
Insert  tid 105990
FindTargetPageId rootid 3 tid 105992
target_page_id id: 9 tid 105992
0 1 tid 105992
128 4 tid 105992
365 2 tid 105992
492 5 tid 105992
619 6 tid 105992
746 9 tid 105992
227 tid 105992
Insert  tid 105992
FindTargetPageId rootid 3 tid 105990
target_page_id id: 9 tid 105990
0 1 tid 105990
128 4 tid 105990
365 2 tid 105990
492 5 tid 105990
619 6 tid 105990
746 9 tid 105990
228 tid 105990
Insert  tid 105990
FindTargetPageId rootid 3 tid 105992
target_page_id id: 9 tid 105992
0 1 tid 105992
128 4 tid 105992
365 2 tid 105992
492 5 tid 105992
619 6 tid 105992
746 9 tid 105992
229 tid 105992
Insert  tid 105992
FindTargetPageId rootid 3 tid 105990
target_page_id id: 9 tid 105990
0 1 tid 105990
128 4 tid 105990
365 2 tid 105990
492 5 tid 105990
619 6 tid 105990
746 9 tid 105990
230 tid 105990
Insert  tid 105990
FindTargetPageId rootid 3 tid 105992
target_page_id id: 9 tid 105992
0 1 tid 105992
128 4 tid 105992
365 2 tid 105992
492 5 tid 105992
619 6 tid 105992
746 9 tid 105992
231 tid 105992
Insert  tid 105992
FindTargetPageId rootid 3 tid 105990
target_page_id id: 9 tid 105990
0 1 tid 105990
128 4 tid 105990
365 2 tid 105990
492 5 tid 105990
619 6 tid 105990
746 9 tid 105990
232 tid 105990
Insert  tid 105990
FindTargetPageId rootid 3 tid 105992
target_page_id id: 9 tid 105992
0 1 tid 105992
128 4 tid 105992
365 2 tid 105992
492 5 tid 105992
619 6 tid 105992
746 9 tid 105992
233 tid 105992
Insert  tid 105992
FindTargetPageId rootid 3 tid 105990
target_page_id id: 9 tid 105990
0 1 tid 105990
128 4 tid 105990
365 2 tid 105990
492 5 tid 105990
619 6 tid 105990
746 9 tid 105990
234 tid 105990
Insert  tid 105990
FindTargetPageId rootid 3 tid 105992
target_page_id id: 9 tid 105992
0 1 tid 105992
128 4 tid 105992
365 2 tid 105992
492 5 tid 105992
619 6 tid 105992
746 9 tid 105992
235 tid 105992
Insert  tid 105992
FindTargetPageId rootid 3 tid 105990
target_page_id id: 9 tid 105990
0 1 tid 105990
128 4 tid 105990
365 2 tid 105990
492 5 tid 105990
619 6 tid 105990
746 9 tid 105990
236 tid 105990
Insert  tid 105990
FindTargetPageId rootid 3 tid 105992
target_page_id id: 9 tid 105992
0 1 tid 105992
128 4 tid 105992
365 2 tid 105992
492 5 tid 105992
619 6 tid 105992
746 9 tid 105992
237 tid 105992
Insert  tid 105992
FindTargetPageId rootid 3 tid 105990
target_page_id id: 9 tid 105990
0 1 tid 105990
128 4 tid 105990
365 2 tid 105990
492 5 tid 105990
619 6 tid 105990
746 9 tid 105990
238 tid 105990
Insert  tid 105990
FindTargetPageId rootid 3 tid 105992
target_page_id id: 9 tid 105992
0 1 tid 105992
128 4 tid 105992
365 2 tid 105992
492 5 tid 105992
619 6 tid 105992
746 9 tid 105992
239 tid 105992
Insert  tid 105992
FindTargetPageId rootid 3 tid 105990
target_page_id id: 9 tid 105990
0 1 tid 105990
128 4 tid 105990
365 2 tid 105990
492 5 tid 105990
619 6 tid 105990
746 9 tid 105990
240 tid 105990
Insert  tid 105990
FindTargetPageId rootid 3 tid 105990
target_page_id id: 9 tid 105990
0 1 tid 105990
128 4 tid 105990
365 2 tid 105990
492 5 tid 105990
619 6 tid 105990
746 9 tid 105990
241 tid 105990
FindTargetPageId rootid 3 tid 105992
target_page_id id: 9 tid 105992
0 1 tid 105992
128 4 tid 105992
365 2 tid 105992
492 5 tid 105992
619 6 tid 105992
746 9 tid 105992
242 tid 105992
Insert  tid Insert  tid 105992
FindTargetPageId rootid 3 tid 105992
target_page_id id: 105990
9 tid 105992
0 1 tid 105992
128 4 tid 105992
365 2 tid 105992
492 5 tid 105992
619 6 tid 105992
746 9 tid 105992
243 tid 105992
Insert  tid 105992
FindTargetPageId rootid 3 tid 105992
target_page_id id: 9 tid 105992
0 1 tid 105992
128 4 tid 105992
365 2 tid 105992
492 5 tid 105992
619 6 tid 105992
746 9 tid 105992
244 tid 105992
Insert  tid 105992
FindTargetPageId rootid 3 tid 105990
target_page_id id: 9 tid 105990
0 1 tid 105990
128 4 tid 105990
365 2 tid 105990
492 5 tid 105990
619 6 tid 105990
746 9 tid 105990
245 tid 105990
Insert  tid 105990
FindTargetPageId rootid 3 tid 105992
target_page_id id: 9 tid 105992
0 1 tid 105992
128 4 tid 105992
365 2 tid 105992
492 5 tid 105992
619 6 tid 105992
746 9 tid 105992
246 tid 105992
Insert  tid 105992
FindTargetPageId rootid 3 tid 105990
target_page_id id: 9 tid 105990
0 1 tid 105990
128 4 tid 105990
365 2 tid 105990
492 5 tid 105990
619 6 tid 105990
746 9 tid 105990
247 tid 105990
Insert  tid 105990
FindTargetPageId rootid 3 tid 105992
target_page_id id: 9 tid 105992
0 1 tid 105992
128 4 tid 105992
365 2 tid 105992
492 5 tid 105992
619 6 tid 105992
746 9 tid 105992
247 tid 105992
Insert  tid 105992
FindTargetPageId rootid 3 tid 105990
target_page_id id: 9 tid 105990
0 1 tid 105990
128 4 tid 105990
365 2 tid 105990
492 5 tid 105990
619 6 tid 105990
746 9 tid 105990
248 tid 105990
FindTargetPageId rootid 3 tid 105992
target_page_id id: 9 tid 105992
0 1 tid 105992
Insert 128 4 tid  tid 105992
365 2 tid 105992
492 5 tid 105992
619 6 tid 105992
746 9 tid 105992
248 tid 105992
105990
FindTargetPageId rootid 3 tid 105990
target_page_id id: 9 tid 105990
0 1 tid 105990
128 4 tid 105990
365 2 tid 105990
492 5 tid 105990
619 6 tid 105990
746 9 tid 105990
249 tid Insert  tid 105992105990

Insert  tid 105990
FindTargetPageId rootid 3 tid 105992
target_page_id id: 9 tid 105992
0 1 tid 105992
128 4 tid 105992
365 2 tid 105992
492 5 tid 105992
619 6 tid 105992
746 9 tid 105992
249 tid 105992
Insert  tid 105992
FindTargetPageId rootid 3 tid 105990
target_page_id id: 9 tid 105990
0 1 tid 105990
128 4 tid 105990
365 2 tid 105990
492 5 tid 105990
619 6 tid 105990
746 9 tid 105990
250 tid 105990
Insert  tid 105990
FindTargetPageId rootid 3 tid 105992
target_page_id id: 9 tid 105992
0 1 tid 105992
128 4 tid 105992
365 2 tid 105992
492 5 tid 105992
619 6 tid 105992
746 9 tid 105992
250 tid 105992
Insert  tid 105992
FindTargetPageId rootid 3 tid 105990
target_page_id id: 9 tid 105990
0 1 tid 105990
128 4 tid 105990
365 2 tid 105990
492 5 tid 105990
619 6 tid 105990
746 9 tid 105990
251 tid 105990
Insert  tid 105990
FindTargetPageId rootid 3 tid 105992
target_page_id id: 9 tid 105992
0 1 tid 105992
128 4 tid 105992
365 2 tid 105992
492 5 tid 105992
619 6 tid 105992
746 9 tid 105992
251 tid 105992
Insert  tid 105992
FindTargetPageId rootid 3 tid 105992
target_page_id id: 9 tid 105992
0 1 tid 105992
128 4 tid 105992
365 2 tid 105992
492 5 tid 105992
619 6 tid 105992
746 9 tid 105992
252 tid 105992
Insert  tid 105992
FindTargetPageId rootid 3 tid 105990
target_page_id id: 9 tid 105990
0 1 tid 105990
128 4 tid 105990
365 2 tid 105990
492 5 tid 105990
619 6 tid 105990
746 9 tid 105990
253 tid 105990
Insert  tid 105990
FindTargetPageId rootid 3 tid 105992
target_page_id id: 9 tid 105992
0 1 tid 105992
128 4 tid 105992
365 2 tid 105992
492 5 tid 105992
619 6 tid 105992
746 9 tid 105992
253 tid 105992
Insert  tid 105992
FindTargetPageId rootid 3 tid 105990
target_page_id id: 9 tid 105990
0 1 tid 105990
128 4 tid 105990
365 2 tid 105990
492 5 tid 105990
619 6 tid 105990
746 9 tid 105990
254 tid 105990
Insert  tid 105990
FindTargetPageId rootid 3 tid 105992
target_page_id id: 9 tid 105992
0 1 tid 105992
128 4 tid 105992
365 2 tid 105992
492 5 tid 105992
619 6 tid 105992
746 9 tid 105992
254 tid 105992
FindTargetPageId rootid 3 tid 105990
target_page_id id: 10 tid 105990
0 1 tid 105990
128 4 tid 105990
365 2 tid 105990
492 5 tid 105990
619 6 tid 105990
746 9 tid 105990
873 10 tid 105990
128 tid 105990
Insert  tid 105990
FindTargetPageId rootid 3 tid 105990
target_page_id id: 10 tid 105990
0 1 tid 105990
128 4 tid 105990
365 2 tid 105990
492 5 tid 105990
619 6 tid 105990
746 9 tid 105990
873 10 tid 105990
128 tid 105990
Insert  tid 105990
FindTargetPageId rootid 3 tid 105990
target_page_id id: 10 tid 105990
0 1 tid 105990
128 4 tid 105990
365 2 tid 105990
492 5 tid 105990
619 6 tid 105990
746 9 tid 105990
873 10 tid 105990
128 tid 105990
Insert  tid 105990
FindTargetPageId rootid 3 tid 105990
target_page_id id: 10 tid 105990
0 1 tid 105990
128 4 tid 105990
365 2 tid 105990
492 5 tid 105990
619 6 tid 105990
746 9 tid 105990
873 10 tid 105990
128 tid 105990
Insert  tid 105990
FindTargetPageId rootid 3 tid 105990
target_page_id id: 10 tid 105990
0 1 tid 105990
128 4 tid 105990
365 2 tid 105990
492 5 tid 105990
619 6 tid 105990
746 9 tid 105990
873 10 tid 105990
128 tid 105990
Insert  tid 105990
FindTargetPageId rootid 3 tid 105990
target_page_id id: 10 tid 105990
0 1 tid 105990
128 4 tid 105990
365 2 tid 105990
492 5 tid 105990
619 6 tid 105990
746 9 tid 105990
873 10 tid 105990
128 tid 105990
Insert  tid 105990
FindTargetPageId rootid 3 tid 105990
target_page_id id: 10 tid 105990
0 1 tid 105990
128 4 tid 105990
365 2 tid 105990
492 5 tid 105990
619 6 tid 105990
746 9 tid 105990
873 10 tid 105990
128 tid 105990
Insert  tid 105990
FindTargetPageId rootid 3 tid 105990
target_page_id id: 10 tid 105990
0 1 tid 105990
128 4 tid 105990
365 2 tid 105990
492 5 tid 105990
619 6 tid 105990
746 9 tid 105990
873 10 tid 105990
128 tid 105990
Insert  tid 105990
FindTargetPageId rootid 3 tid 105990
target_page_id id: 10 tid 105990
0 1 tid 105990
128 4 tid 105990
365 2 tid 105990
492 5 tid 105990
619 6 tid 105990
746 9 tid 105990
873 10 tid 105990
128 tid 105990
Insert  tid 105990
FindTargetPageId rootid 3 tid 105990
target_page_id id: 10 tid 105990
0 1 tid 105990
128 4 tid 105990
365 2 tid 105990
492 5 tid 105990
619 6 tid 105990
746 9 tid 105990
873 10 tid 105990
128 tid 105990
Insert  tid 105990
FindTargetPageId rootid 3 tid 105990
target_page_id id: 10 tid 105990
0 1 tid 105990
128 4 tid 105990
365 2 tid 105990
492 5 tid 105990
619 6 tid 105990
746 9 tid 105990
873 10 tid 105990
128 tid 105990
Insert  tid 105990
FindTargetPageId rootid 3 tid 105990
target_page_id id: 10 tid 105990
0 1 tid 105990
128 4 tid 105990
365 2 tid 105990
492 5 tid 105990
619 6 tid 105990
746 9 tid 105990
873 10 tid 105990
128 tid 105990
Insert  tid 105990
FindTargetPageId rootid 3 tid 105990
target_page_id id: 10 tid 105990
0 1 tid 105990
128 4 tid 105990
365 2 tid 105990
492 5 tid 105990
619 6 tid 105990
746 9 tid 105990
873 10 tid 105990
128 tid 105990
Insert  tid 105990
FindTargetPageId rootid 3 tid 105990
target_page_id id: 10 tid 105990
0 1 tid 105990
128 4 tid 105990
365 2 tid 105990
492 5 tid 105990
619 6 tid 105990
746 9 tid 105990
873 10 tid 105990
128 tid 105990
Insert  tid 105990
FindTargetPageId rootid 3 tid 105990
target_page_id id: 10 tid 105990
0 1 tid 105990
128 4 tid 105990
365 2 tid 105990
492 5 tid 105990
619 6 tid 105990
746 9 tid 105990
873 10 tid 105990
128 tid 105990
Insert  tid 105990
FindTargetPageId rootid 3 tid 105990
target_page_id id: 10 tid 105990
0 1 tid 105990
128 4 tid 105990
365 2 tid 105990
492 5 tid 105990
619 6 tid 105990
746 9 tid 105990
873 10 tid 105990
128 tid 105990
Insert  tid 105990
FindTargetPageId rootid 3 tid 105990
target_page_id id: 10 tid 105990
0 1 tid 105990
128 4 tid 105990
365 2 tid 105990
492 5 tid 105990
619 6 tid 105990
746 9 tid 105990
873 10 tid 105990
128 tid 105990
Insert  tid 105990
FindTargetPageId rootid 3 tid 105990
target_page_id id: 10 tid 105990
0 1 tid 105990
128 4 tid 105990
365 2 tid 105990
492 5 tid 105990
619 6 tid 105990
746 9 tid 105990
873 10 tid 105990
128 tid 105990
Insert  tid 105990
FindTargetPageId rootid 3 tid 105990
target_page_id id: 10 tid 105990
0 1 tid 105990
128 4 tid 105990
365 2 tid 105990
492 5 tid 105990
619 6 tid 105990
746 9 tid 105990
873 10 tid 105990
128 tid 105990
Insert  tid 105990
FindTargetPageId rootid 3 tid 105990
target_page_id id: 10 tid 105990
0 1 tid 105990
128 4 tid 105990
365 2 tid 105990
492 5 tid 105990
619 6 tid 105990
746 9 tid 105990
873 10 tid 105990
128 tid 105990
Insert  tid 105990
FindTargetPageId rootid 3 tid 105990
target_page_id id: 10 tid 105990
0 1 tid 105990
128 4 tid 105990
365 2 tid 105990
492 5 tid 105990
619 6 tid 105990
746 9 tid 105990
873 10 tid 105990
128 tid 105990
Insert  tid 105990
FindTargetPageId rootid 3 tid 105990
target_page_id id: 10 tid 105990
0 1 tid 105990
128 4 tid 105990
365 2 tid 105990
492 5 tid 105990
619 6 tid 105990
746 9 tid 105990
873 10 tid 105990
128 tid 105990
Insert  tid 105990
FindTargetPageId rootid 3 tid 105990
target_page_id id: 10 tid 105990
0 1 tid 105990
128 4 tid 105990
365 2 tid 105990
492 5 tid 105990
619 6 tid 105990
746 9 tid 105990
873 10 tid 105990
128 tid 105990
Insert  tid 105990
FindTargetPageId rootid 3 tid 105990
target_page_id id: 10 tid 105990
0 1 tid 105990
128 4 tid 105990
365 2 tid 105990
492 5 tid 105990
619 6 tid 105990
746 9 tid 105990
873 10 tid 105990
128 tid 105990
Insert  tid 105990
FindTargetPageId rootid 3 tid 105990
target_page_id id: 10 tid 105990
0 1 tid 105990
128 4 tid 105990
365 2 tid 105990
492 5 tid 105990
619 6 tid 105990
746 9 tid 105990
873 10 tid 105990
128 tid 105990
Insert  tid 105990
FindTargetPageId rootid 3 tid 105990
target_page_id id: 10 tid 105990
0 1 tid 105990
128 4 tid 105990
365 2 tid 105990
492 5 tid 105990
619 6 tid 105990
746 9 tid 105990
873 10 tid 105990
128 tid 105990
Insert  tid 105990
FindTargetPageId rootid 3 tid 105990
target_page_id id: 10 tid 105990
0 1 tid 105990
128 4 tid 105990
365 2 tid 105990
492 5 tid 105990
619 6 tid 105990
746 9 tid 105990
873 10 tid 105990
128 tid 105990
Insert  tid 105990
FindTargetPageId rootid 3 tid 105990
target_page_id id: 10 tid 105990
0 1 tid 105990
128 4 tid 105990
365 2 tid 105990
492 5 tid 105990
619 6 tid 105990
746 9 tid 105990
873 10 tid 105990
128 tid 105990
Insert  tid 105990
FindTargetPageId rootid 3 tid 105990
target_page_id id: 10 tid 105990
0 1 tid 105990
128 4 tid 105990
365 2 tid 105990
492 5 tid 105990
619 6 tid 105990
746 9 tid 105990
873 10 tid 105990
128 tid 105990
Insert  tid 105990
FindTargetPageId rootid 3 tid 105990
target_page_id id: 10 tid 105990
0 1 tid 105990
128 4 tid 105990
365 2 tid 105990
492 5 tid 105990
619 6 tid 105990
746 9 tid 105990
873 10 tid 105990
128 tid 105990
Insert  tid 105990
FindTargetPageId rootid 3 tid 105990
target_page_id id: 10 tid 105990
0 1 tid 105990
128 4 tid 105990
365 2 tid 105990
492 5 tid 105990
619 6 tid 105990
746 9 tid 105990
873 10 tid 105990
128 tid 105990
Insert  tid 105990
FindTargetPageId rootid 3 tid 105990
target_page_id id: 10 tid 105990
0 1 tid 105990
128 4 tid 105990
365 2 tid 105990
492 5 tid 105990
619 6 tid 105990
746 9 tid 105990
873 10 tid 105990
128 tid 105990
Insert  tid 105990
FindTargetPageId rootid 3 tid 105990
target_page_id id: 10 tid 105990
0 1 tid 105990
128 4 tid 105990
365 2 tid 105990
492 5 tid 105990
619 6 tid 105990
746 9 tid 105990
873 10 tid 105990
128 tid 105990
Insert  tid 105990
FindTargetPageId rootid 3 tid 105990
target_page_id id: 10 tid 105990
0 1 tid 105990
128 4 tid 105990
365 2 tid 105990
492 5 tid 105990
619 6 tid 105990
746 9 tid 105990
873 10 tid 105990
128 tid 105990
Insert  tid 105990
FindTargetPageId rootid 3 tid 105990
target_page_id id: 10 tid 105990
0 1 tid 105990
128 4 tid 105990
365 2 tid 105990
492 5 tid 105990
619 6 tid 105990
746 9 tid 105990
873 10 tid 105990
128 tid 105990
Insert  tid 105990
FindTargetPageId rootid 3 tid 105990
target_page_id id: 10 tid 105990
0 1 tid 105990
128 4 tid 105990
365 2 tid 105990
492 5 tid 105990
619 6 tid 105990
746 9 tid 105990
873 10 tid 105990
128 tid 105990
Insert  tid 105990
FindTargetPageId rootid 3 tid 105990
target_page_id id: 10 tid 105990
0 1 tid 105990
128 4 tid 105990
365 2 tid 105990
492 5 tid 105990
619 6 tid 105990
746 9 tid 105990
873 10 tid 105990
128 tid 105990
Insert  tid 105990
FindTargetPageId rootid 3 tid 105990
target_page_id id: 10 tid 105990
0 1 tid 105990
128 4 tid 105990
365 2 tid 105990
492 5 tid 105990
619 6 tid 105990
746 9 tid 105990
873 10 tid 105990
128 tid 105990
Insert  tid 105990
FindTargetPageId rootid 3 tid 105990
target_page_id id: 10 tid 105990
0 1 tid 105990
128 4 tid 105990
365 2 tid 105990
492 5 tid 105990
619 6 tid 105990
746 9 tid 105990
873 10 tid 105990
128 tid 105990
Insert  tid 105990
FindTargetPageId rootid 3 tid 105990
target_page_id id: 10 tid 105990
0 1 tid 105990
128 4 tid 105990
365 2 tid 105990
492 5 tid 105990
619 6 tid 105990
746 9 tid 105990
873 10 tid 105990
128 tid 105990
Insert  tid 105990
FindTargetPageId rootid 3 tid 105990
target_page_id id: 10 tid 105990
0 1 tid 105990
128 4 tid 105990
365 2 tid 105990
492 5 tid 105990
619 6 tid 105990
746 9 tid 105990
873 10 tid 105990
128 tid 105990
Insert  tid 105990
FindTargetPageId rootid 3 tid 105990
target_page_id id: 10 tid 105990
0 1 tid 105990
128 4 tid 105990
365 2 tid 105990
492 5 tid 105990
619 6 tid 105990
746 9 tid 105990
873 10 tid 105990
128 tid 105990
Insert  tid 105990
FindTargetPageId rootid 3 tid 105990
target_page_id id: 10 tid 105990
0 1 tid 105990
128 4 tid 105990
365 2 tid 105990
492 5 tid 105990
619 6 tid 105990
746 9 tid 105990
873 10 tid 105990
128 tid 105990
Insert  tid 105990
FindTargetPageId rootid 3 tid 105990
target_page_id id: 10 tid 105990
0 1 tid 105990
128 4 tid 105990
365 2 tid 105990
492 5 tid 105990
619 6 tid 105990
746 9 tid 105990
873 10 tid 105990
128 tid 105990
Insert  tid 105990
FindTargetPageId rootid 3 tid 105990
target_page_id id: 10 tid 105990
0 1 tid 105990
128 4 tid 105990
365 2 tid 105990
492 5 tid 105990
619 6 tid 105990
746 9 tid 105990
873 10 tid 105990
128 tid 105990
Insert  tid 105990
FindTargetPageId rootid 3 tid 105990
target_page_id id: 10 tid 105990
0 1 tid 105990
128 4 tid 105990
365 2 tid 105990
492 5 tid 105990
619 6 tid 105990
746 9 tid 105990
873 10 tid 105990
128 tid 105990
Insert  tid 105990
FindTargetPageId rootid 3 tid 105990
target_page_id id: 10 tid 105990
0 1 tid 105990
128 4 tid 105990
365 2 tid 105990
492 5 tid 105990
619 6 tid 105990
746 9 tid 105990
873 10 tid 105990
128 tid 105990
Insert  tid 105990
FindTargetPageId rootid 3 tid 105990
target_page_id id: 10 tid 105990
0 1 tid 105990
128 4 tid 105990
365 2 tid 105990
492 5 tid 105990
619 6 tid 105990
746 9 tid 105990
873 10 tid 105990
128 tid 105990
Insert  tid 105990
FindTargetPageId rootid 3 tid 105990
target_page_id id: 10 tid 105990
0 1 tid 105990
128 4 tid 105990
365 2 tid 105990
492 5 tid 105990
619 6 tid 105990
746 9 tid 105990
873 10 tid 105990
128 tid 105990
Insert  tid 105990
FindTargetPageId rootid 3 tid 105990
target_page_id id: 10 tid 105990
0 1 tid 105990
128 4 tid 105990
365 2 tid 105990
492 5 tid 105990
619 6 tid 105990
746 9 tid 105990
873 10 tid 105990
128 tid 105990
Insert  tid 105990
FindTargetPageId rootid 3 tid 105990
target_page_id id: 10 tid 105990
0 1 tid 105990
128 4 tid 105990
365 2 tid 105990
492 5 tid 105990
619 6 tid 105990
746 9 tid 105990
873 10 tid 105990
128 tid 105990
Insert  tid 105990
FindTargetPageId rootid 3 tid 105990
target_page_id id: 10 tid 105990
0 1 tid 105990
128 4 tid 105990
365 2 tid 105990
492 5 tid 105990
619 6 tid 105990
746 9 tid 105990
873 10 tid 105990
128 tid 105990
Insert  tid 105990
FindTargetPageId rootid 3 tid 105990
target_page_id id: 10 tid 105990
0 1 tid 105990
128 4 tid 105990
365 2 tid 105990
492 5 tid 105990
619 6 tid 105990
746 9 tid 105990
873 10 tid 105990
128 tid 105990
Insert  tid 105990
FindTargetPageId rootid 3 tid 105990
target_page_id id: 10 tid 105990
0 1 tid 105990
128 4 tid 105990
365 2 tid 105990
492 5 tid 105990
619 6 tid 105990
746 9 tid 105990
873 10 tid 105990
128 tid 105990
Insert  tid 105990
FindTargetPageId rootid 3 tid 105990
target_page_id id: 10 tid 105990
0 1 tid 105990
128 4 tid 105990
365 2 tid 105990
492 5 tid 105990
619 6 tid 105990
746 9 tid 105990
873 10 tid 105990
128 tid 105990
Insert  tid 105990
FindTargetPageId rootid 3 tid 105990
target_page_id id: 10 tid 105990
0 1 tid 105990
128 4 tid 105990
365 2 tid 105990
492 5 tid 105990
619 6 tid 105990
746 9 tid 105990
873 10 tid 105990
128 tid 105990
Insert  tid 105990
FindTargetPageId rootid 3 tid 105990
target_page_id id: 10 tid 105990
0 1 tid 105990
128 4 tid 105990
365 2 tid 105990
492 5 tid 105990
619 6 tid 105990
746 9 tid 105990
873 10 tid 105990
128 tid 105990
Insert  tid 105990
FindTargetPageId rootid 3 tid 105990
target_page_id id: 10 tid 105990
0 1 tid 105990
128 4 tid 105990
365 2 tid 105990
492 5 tid 105990
619 6 tid 105990
746 9 tid 105990
873 10 tid 105990
128 tid 105990
Insert  tid 105990
FindTargetPageId rootid 3 tid 105990
target_page_id id: 10 tid 105990
0 1 tid 105990
128 4 tid 105990
365 2 tid 105990
492 5 tid 105990
619 6 tid 105990
746 9 tid 105990
873 10 tid 105990
128 tid 105990
Insert  tid 105990
FindTargetPageId rootid 3 tid 105990
target_page_id id: 10 tid 105990
0 1 tid 105990
128 4 tid 105990
365 2 tid 105990
492 5 tid 105990
619 6 tid 105990
746 9 tid 105990
873 10 tid 105990
128 tid 105990
Insert  tid 105990
FindTargetPageId rootid 3 tid 105990
target_page_id id: 10 tid 105990
0 1 tid 105990
128 4 tid 105990
365 2 tid 105990
492 5 tid 105990
619 6 tid 105990
746 9 tid 105990
873 10 tid 105990
128 tid 105990
Insert  tid 105990
FindTargetPageId rootid 3 tid 105990
target_page_id id: 10 tid 105990
0 1 tid 105990
128 4 tid 105990
365 2 tid 105990
492 5 tid 105990
619 6 tid 105990
746 9 tid 105990
873 10 tid 105990
128 tid 105990
Insert  tid 105990
FindTargetPageId rootid 3 tid 105990
target_page_id id: 10 tid 105990
0 1 tid 105990
128 4 tid 105990
365 2 tid 105990
492 5 tid 105990
619 6 tid 105990
746 9 tid 105990
873 10 tid 105990
128 tid 105990
Insert  tid 105990
FindTargetPageId rootid 3 tid 105990
target_page_id id: 10 tid 105990
0 1 tid 105990
128 4 tid 105990
365 2 tid 105990
492 5 tid 105990
619 6 tid 105990
746 9 tid 105990
873 10 tid 105990
128 tid 105990
Insert  tid 105990
FindTargetPageId rootid 3 tid 105990
target_page_id id: 10 tid 105990
0 1 tid 105990
128 4 tid 105990
365 2 tid 105990
492 5 tid 105990
619 6 tid 105990
746 9 tid 105990
873 10 tid 105990
128 tid 105990
Insert  tid 105990
FindTargetPageId rootid 3 tid 105990
target_page_id id: 10 tid 105990
0 1 tid 105990
128 4 tid 105990
365 2 tid 105990
492 5 tid 105990
619 6 tid 105990
746 9 tid 105990
873 10 tid 105990
128 tid 105990
Insert  tid 105990
FindTargetPageId rootid 3 tid 105990
target_page_id id: 10 tid 105990
0 1 tid 105990
128 4 tid 105990
365 2 tid 105990
492 5 tid 105990
619 6 tid 105990
746 9 tid 105990
873 10 tid 105990
128 tid 105990
Insert  tid 105990
FindTargetPageId rootid 3 tid 105990
target_page_id id: 10 tid 105990
0 1 tid 105990
128 4 tid 105990
365 2 tid 105990
492 5 tid 105990
619 6 tid 105990
746 9 tid 105990
873 10 tid 105990
128 tid 105990
Insert  tid 105990
FindTargetPageId rootid 3 tid 105990
target_page_id id: 10 tid 105990
0 1 tid 105990
128 4 tid 105990
365 2 tid 105990
492 5 tid 105990
619 6 tid 105990
746 9 tid 105990
873 10 tid 105990
128 tid 105990
Insert  tid 105990
FindTargetPageId rootid 3 tid 105990
target_page_id id: 10 tid 105990
0 1 tid 105990
128 4 tid 105990
365 2 tid 105990
492 5 tid 105990
619 6 tid 105990
746 9 tid 105990
873 10 tid 105990
128 tid 105990
Insert  tid 105990
FindTargetPageId rootid 3 tid 105990
target_page_id id: 10 tid 105990
0 1 tid 105990
128 4 tid 105990
365 2 tid 105990
492 5 tid 105990
619 6 tid 105990
746 9 tid 105990
873 10 tid 105990
128 tid 105990
Insert  tid 105990
FindTargetPageId rootid 3 tid 105990
target_page_id id: 10 tid 105990
0 1 tid 105990
128 4 tid 105990
365 2 tid 105990
492 5 tid 105990
619 6 tid 105990
746 9 tid 105990
873 10 tid 105990
128 tid 105990
Insert  tid 105990
FindTargetPageId rootid 3 tid 105990
target_page_id id: 10 tid 105990
0 1 tid 105990
128 4 tid 105990
365 2 tid 105990
492 5 tid 105990
619 6 tid 105990
746 9 tid 105990
873 10 tid 105990
128 tid 105990
Insert  tid 105990
FindTargetPageId rootid 3 tid 105990
target_page_id id: 10 tid 105990
0 1 tid 105990
128 4 tid 105990
365 2 tid 105990
492 5 tid 105990
619 6 tid 105990
746 9 tid 105990
873 10 tid 105990
128 tid 105990
Insert  tid 105990
FindTargetPageId rootid 3 tid 105990
target_page_id id: 10 tid 105990
0 1 tid 105990
128 4 tid 105990
365 2 tid 105990
492 5 tid 105990
619 6 tid 105990
746 9 tid 105990
873 10 tid 105990
128 tid 105990
Insert  tid 105990
FindTargetPageId rootid 3 tid 105990
target_page_id id: 10 tid 105990
0 1 tid 105990
128 4 tid 105990
365 2 tid 105990
492 5 tid 105990
619 6 tid 105990
746 9 tid 105990
873 10 tid 105990
128 tid 105990
Insert  tid 105990
FindTargetPageId rootid 3 tid 105990
target_page_id id: 10 tid 105990
0 1 tid 105990
128 4 tid 105990
365 2 tid 105990
492 5 tid 105990
619 6 tid 105990
746 9 tid 105990
873 10 tid 105990
128 tid 105990
Insert  tid 105990
FindTargetPageId rootid 3 tid 105990
target_page_id id: 10 tid 105990
0 1 tid 105990
128 4 tid 105990
365 2 tid 105990
492 5 tid 105990
619 6 tid 105990
746 9 tid 105990
873 10 tid 105990
128 tid 105990
leaf_max_size 254
Insert  tid 105929
Insert  tid 105929
new root page id: 1 tid 105929
Insert  tid 105929
FindTargetPageId rootid 1 tid 105929
1 tid 105929
Insert  tid 105929
FindTargetPageId rootid 1 tid 105929
2 tid 105929
Insert  tid 105929
FindTargetPageId rootid 1 tid 105929
3 tid 105929
Insert  tid 105929
FindTargetPageId rootid 1 tid 105929
4 tid 105929
Insert  tid 105929
FindTargetPageId rootid 1 tid 105929
5 tid 105929
Insert  tid 105929
FindTargetPageId rootid 1 tid 105929
6 tid 105929
Insert  tid 105929
FindTargetPageId rootid 1 tid 105929
7 tid 105929
Insert  tid 105929
FindTargetPageId rootid 1 tid 105929
8 tid 105929
Insert  tid 105929
FindTargetPageId rootid 1 tid 105929
9 tid 105929
Insert  tid 105929
FindTargetPageId rootid 1 tid 105929
10 tid 105929
Insert  tid 105929
FindTargetPageId rootid 1 tid 105929
11 tid 105929
Insert  tid 105929
FindTargetPageId rootid 1 tid 105929
12 tid 105929
Insert  tid 105929
FindTargetPageId rootid 1 tid 105929
13 tid 105929
Insert  tid 105929
FindTargetPageId rootid 1 tid 105929
14 tid 105929
Insert  tid 105929
FindTargetPageId rootid 1 tid 105929
15 tid 105929
Insert  tid 105929
FindTargetPageId rootid 1 tid 105929
16 tid 105929
Insert  tid 105929
FindTargetPageId rootid 1 tid 105929
17 tid 105929
Insert  tid 105929
FindTargetPageId rootid 1 tid 105929
18 tid 105929
Insert  tid 105929
FindTargetPageId rootid 1 tid 105929
19 tid 105929
Insert  tid 105929
FindTargetPageId rootid 1 tid 105929
20 tid 105929
Insert  tid 105929
FindTargetPageId rootid 1 tid 105929
21 tid 105929
Insert  tid 105929
FindTargetPageId rootid 1 tid 105929
22 tid 105929
Insert  tid 105929
FindTargetPageId rootid 1 tid 105929
23 tid 105929
Insert  tid 105929
FindTargetPageId rootid 1 tid 105929
24 tid 105929
Insert  tid 105929
FindTargetPageId rootid 1 tid 105929
25 tid 105929
Insert  tid 105929
FindTargetPageId rootid 1 tid 105929
26 tid 105929
Insert  tid 105929
FindTargetPageId rootid 1 tid 105929
27 tid 105929
Insert  tid 105929
FindTargetPageId rootid 1 tid 105929
28 tid 105929
Insert  tid 105929
FindTargetPageId rootid 1 tid 105929
29 tid 105929
Insert  tid 105929
FindTargetPageId rootid 1 tid 105929
30 tid 105929
Insert  tid 105929
FindTargetPageId rootid 1 tid 105929
31 tid 105929
Insert  tid 105929
FindTargetPageId rootid 1 tid 105929
32 tid 105929
Insert  tid 105929
FindTargetPageId rootid 1 tid 105929
33 tid 105929
Insert  tid 105929
FindTargetPageId rootid 1 tid 105929
34 tid 105929
Insert  tid 105929
FindTargetPageId rootid 1 tid 105929
35 tid 105929
Insert  tid 105929
FindTargetPageId rootid 1 tid 105929
36 tid 105929
Insert  tid 105929
FindTargetPageId rootid 1 tid 105929
37 tid 105929
Insert  tid 105929
FindTargetPageId rootid 1 tid 105929
38 tid 105929
Insert  tid 105929
FindTargetPageId rootid 1 tid 105929
39 tid 105929
Insert  tid 105929
FindTargetPageId rootid 1 tid 105929
40 tid 105929
Insert  tid 105929
FindTargetPageId rootid 1 tid 105929
41 tid 105929
Insert  tid 105929
FindTargetPageId rootid 1 tid 105929
42 tid 105929
Insert  tid 105929
FindTargetPageId rootid 1 tid 105929
43 tid 105929
Insert  tid 105929
FindTargetPageId rootid 1 tid 105929
44 tid 105929
Insert  tid 105929
FindTargetPageId rootid 1 tid 105929
45 tid 105929
Insert  tid 105929
FindTargetPageId rootid 1 tid 105929
46 tid 105929
Insert  tid 105929
FindTargetPageId rootid 1 tid 105929
47 tid 105929
Insert  tid 105929
FindTargetPageId rootid 1 tid 105929
48 tid 105929
Insert  tid 105929
FindTargetPageId rootid 1 tid 105929
49 tid 105929
Insert  tid 105929
FindTargetPageId rootid 1 tid 105929
50 tid 105929
Insert  tid 105929
FindTargetPageId rootid 1 tid 105929
51 tid 105929
Insert  tid 105929
FindTargetPageId rootid 1 tid 105929
52 tid 105929
Insert  tid 105929
FindTargetPageId rootid 1 tid 105929
53 tid 105929
Insert  tid 105929
FindTargetPageId rootid 1 tid 105929
54 tid 105929
Insert  tid 105929
FindTargetPageId rootid 1 tid 105929
55 tid 105929
Insert  tid 105929
FindTargetPageId rootid 1 tid 105929
56 tid 105929
Insert  tid 105929
FindTargetPageId rootid 1 tid 105929
57 tid 105929
Insert  tid 105929
FindTargetPageId rootid 1 tid 105929
58 tid 105929
Insert  tid 105929
FindTargetPageId rootid 1 tid 105929
59 tid 105929
Insert  tid 105929
FindTargetPageId rootid 1 tid 105929
60 tid 105929
Insert  tid 105929
FindTargetPageId rootid 1 tid 105929
61 tid 105929
Insert  tid 105929
FindTargetPageId rootid 1 tid 105929
62 tid 105929
Insert  tid 105929
FindTargetPageId rootid 1 tid 105929
63 tid 105929
Insert  tid 105929
FindTargetPageId rootid 1 tid 105929
64 tid 105929
Insert  tid 105929
FindTargetPageId rootid 1 tid 105929
65 tid 105929
Insert  tid 105929
FindTargetPageId rootid 1 tid 105929
66 tid 105929
Insert  tid 105929
FindTargetPageId rootid 1 tid 105929
67 tid 105929
Insert  tid 105929
FindTargetPageId rootid 1 tid 105929
68 tid 105929
Insert  tid 105929
FindTargetPageId rootid 1 tid 105929
69 tid 105929
Insert  tid 105929
FindTargetPageId rootid 1 tid 105929
70 tid 105929
Insert  tid 105929
FindTargetPageId rootid 1 tid 105929
71 tid 105929
Insert  tid 105929
FindTargetPageId rootid 1 tid 105929
72 tid 105929
Insert  tid 105929
FindTargetPageId rootid 1 tid 105929
73 tid 105929
Insert  tid 105929
FindTargetPageId rootid 1 tid 105929
74 tid 105929
Insert  tid 105929
FindTargetPageId rootid 1 tid 105929
75 tid 105929
Insert  tid 105929
FindTargetPageId rootid 1 tid 105929
76 tid 105929
Insert  tid 105929
FindTargetPageId rootid 1 tid 105929
77 tid 105929
Insert  tid 105929
FindTargetPageId rootid 1 tid 105929
78 tid 105929
Insert  tid 105929
FindTargetPageId rootid 1 tid 105929
79 tid 105929
Insert  tid 105929
FindTargetPageId rootid 1 tid 105929
80 tid 105929
Insert  tid 105929
FindTargetPageId rootid 1 tid 105929
81 tid 105929
Insert  tid 105929
FindTargetPageId rootid 1 tid 105929
82 tid 105929
Insert  tid 105929
FindTargetPageId rootid 1 tid 105929
83 tid 105929
Insert  tid 105929
FindTargetPageId rootid 1 tid 105929
84 tid 105929
Insert  tid 105929
FindTargetPageId rootid 1 tid 105929
85 tid 105929
Insert  tid 105929
FindTargetPageId rootid 1 tid 105929
86 tid 105929
Insert  tid 105929
FindTargetPageId rootid 1 tid 105929
87 tid 105929
Insert  tid 105929
FindTargetPageId rootid 1 tid 105929
88 tid 105929
Insert  tid 105929
FindTargetPageId rootid 1 tid 105929
89 tid 105929
Insert  tid 105929
FindTargetPageId rootid 1 tid 105929
90 tid 105929
Insert  tid 105929
FindTargetPageId rootid 1 tid 105929
91 tid 105929
Insert  tid 105929
FindTargetPageId rootid 1 tid 105929
92 tid 105929
Insert  tid 105929
FindTargetPageId rootid 1 tid 105929
93 tid 105929
Insert  tid 105929
FindTargetPageId rootid 1 tid 105929
94 tid 105929
Insert  tid 105929
FindTargetPageId rootid 1 tid 105929
95 tid 105929
Insert  tid 105929
FindTargetPageId rootid 1 tid 105929
96 tid 105929
Insert  tid 105929
FindTargetPageId rootid 1 tid 105929
97 tid 105929
Insert  tid 105929
FindTargetPageId rootid 1 tid 105929
98 tid 105929
Insert  tid 105929
FindTargetPageId rootid 1 tid 105929
99 tid 105929
Insert  tid 105929
FindTargetPageId rootid 1 tid 105929
100 tid 105929
Insert  tid 105929
FindTargetPageId rootid 1 tid 105929
101 tid 105929
Insert  tid 105929
FindTargetPageId rootid 1 tid 105929
102 tid 105929
Insert  tid 105929
FindTargetPageId rootid 1 tid 105929
103 tid 105929
Insert  tid 105929
FindTargetPageId rootid 1 tid 105929
104 tid 105929
Insert  tid 105929
FindTargetPageId rootid 1 tid 105929
105 tid 105929
Insert  tid 105929
FindTargetPageId rootid 1 tid 105929
106 tid 105929
Insert  tid 105929
FindTargetPageId rootid 1 tid 105929
107 tid 105929
Insert  tid 105929
FindTargetPageId rootid 1 tid 105929
108 tid 105929
Insert  tid 105929
FindTargetPageId rootid 1 tid 105929
109 tid 105929
Insert  tid 105929
FindTargetPageId rootid 1 tid 105929
110 tid 105929
Insert  tid 105929
FindTargetPageId rootid 1 tid 105929
111 tid 105929
Insert  tid 105929
FindTargetPageId rootid 1 tid 105929
112 tid 105929
Insert  tid 105929
FindTargetPageId rootid 1 tid 105929
113 tid 105929
Insert  tid 105929
FindTargetPageId rootid 1 tid 105929
114 tid 105929
Insert  tid 105929
FindTargetPageId rootid 1 tid 105929
115 tid 105929
Insert  tid 105929
FindTargetPageId rootid 1 tid 105929
116 tid 105929
Insert  tid 105929
FindTargetPageId rootid 1 tid 105929
117 tid 105929
Insert  tid 105929
FindTargetPageId rootid 1 tid 105929
118 tid 105929
Insert  tid 105929
FindTargetPageId rootid 1 tid 105929
119 tid 105929
Insert  tid 105929
FindTargetPageId rootid 1 tid 105929
120 tid 105929
Insert  tid 105929
FindTargetPageId rootid 1 tid 105929
121 tid 105929
Insert  tid 105929
FindTargetPageId rootid 1 tid 105929
122 tid 105929
Insert  tid 105929
FindTargetPageId rootid 1 tid 105929
123 tid 105929
Insert  tid 105929
FindTargetPageId rootid 1 tid 105929
124 tid 105929
Insert  tid 105929
FindTargetPageId rootid 1 tid 105929
125 tid 105929
Insert  tid 105929
FindTargetPageId rootid 1 tid 105929
126 tid 105929
Insert  tid 105929
FindTargetPageId rootid 1 tid 105929
127 tid 105929
Insert  tid 105929
FindTargetPageId rootid 1 tid 105929
128 tid 105929
Insert  tid 105929
FindTargetPageId rootid 1 tid 105929
129 tid 105929
Insert  tid 105929
FindTargetPageId rootid 1 tid 105929
130 tid 105929
Insert  tid 105929
FindTargetPageId rootid 1 tid 105929
131 tid 105929
Insert  tid 105929
FindTargetPageId rootid 1 tid 105929
132 tid 105929
Insert  tid 105929
FindTargetPageId rootid 1 tid 105929
133 tid 105929
Insert  tid 105929
FindTargetPageId rootid 1 tid 105929
134 tid 105929
Insert  tid 105929
FindTargetPageId rootid 1 tid 105929
135 tid 105929
Insert  tid 105929
FindTargetPageId rootid 1 tid 105929
136 tid 105929
Insert  tid 105929
FindTargetPageId rootid 1 tid 105929
137 tid 105929
Insert  tid 105929
FindTargetPageId rootid 1 tid 105929
138 tid 105929
Insert  tid 105929
FindTargetPageId rootid 1 tid 105929
139 tid 105929
Insert  tid 105929
FindTargetPageId rootid 1 tid 105929
140 tid 105929
Insert  tid 105929
FindTargetPageId rootid 1 tid 105929
141 tid 105929
Insert  tid 105929
FindTargetPageId rootid 1 tid 105929
142 tid 105929
Insert  tid 105929
FindTargetPageId rootid 1 tid 105929
143 tid 105929
Insert  tid 105929
FindTargetPageId rootid 1 tid 105929
144 tid 105929
Insert  tid 105929
FindTargetPageId rootid 1 tid 105929
145 tid 105929
Insert  tid 105929
FindTargetPageId rootid 1 tid 105929
146 tid 105929
Insert  tid 105929
FindTargetPageId rootid 1 tid 105929
147 tid 105929
Insert  tid 105929
FindTargetPageId rootid 1 tid 105929
148 tid 105929
Insert  tid 105929
FindTargetPageId rootid 1 tid 105929
149 tid 105929
Insert  tid 105929
FindTargetPageId rootid 1 tid 105929
150 tid 105929
Insert  tid 105929
FindTargetPageId rootid 1 tid 105929
151 tid 105929
Insert  tid 105929
FindTargetPageId rootid 1 tid 105929
152 tid 105929
Insert  tid 105929
FindTargetPageId rootid 1 tid 105929
153 tid 105929
Insert  tid 105929
FindTargetPageId rootid 1 tid 105929
154 tid 105929
Insert  tid 105929
FindTargetPageId rootid 1 tid 105929
155 tid 105929
Insert  tid 105929
FindTargetPageId rootid 1 tid 105929
156 tid 105929
Insert  tid 105929
FindTargetPageId rootid 1 tid 105929
157 tid 105929
Insert  tid 105929
FindTargetPageId rootid 1 tid 105929
158 tid 105929
Insert  tid 105929
FindTargetPageId rootid 1 tid 105929
159 tid 105929
Insert  tid 105929
FindTargetPageId rootid 1 tid 105929
160 tid 105929
Insert  tid 105929
FindTargetPageId rootid 1 tid 105929
161 tid 105929
Insert  tid 105929
FindTargetPageId rootid 1 tid 105929
162 tid 105929
Insert  tid 105929
FindTargetPageId rootid 1 tid 105929
163 tid 105929
Insert  tid 105929
FindTargetPageId rootid 1 tid 105929
164 tid 105929
Insert  tid 105929
FindTargetPageId rootid 1 tid 105929
165 tid 105929
Insert  tid 105929
FindTargetPageId rootid 1 tid 105929
166 tid 105929
Insert  tid 105929
FindTargetPageId rootid 1 tid 105929
167 tid 105929
Insert  tid 105929
FindTargetPageId rootid 1 tid 105929
168 tid 105929
Insert  tid 105929
FindTargetPageId rootid 1 tid 105929
169 tid 105929
Insert  tid 105929
FindTargetPageId rootid 1 tid 105929
170 tid 105929
Insert  tid 105929
FindTargetPageId rootid 1 tid 105929
171 tid 105929
Insert  tid 105929
FindTargetPageId rootid 1 tid 105929
172 tid 105929
Insert  tid 105929
FindTargetPageId rootid 1 tid 105929
173 tid 105929
Insert  tid 105929
FindTargetPageId rootid 1 tid 105929
174 tid 105929
Insert  tid 105929
FindTargetPageId rootid 1 tid 105929
175 tid 105929
Insert  tid 105929
FindTargetPageId rootid 1 tid 105929
176 tid 105929
Insert  tid 105929
FindTargetPageId rootid 1 tid 105929
177 tid 105929
Insert  tid 105929
FindTargetPageId rootid 1 tid 105929
178 tid 105929
Insert  tid 105929
FindTargetPageId rootid 1 tid 105929
179 tid 105929
Insert  tid 105929
FindTargetPageId rootid 1 tid 105929
180 tid 105929
Insert  tid 105929
FindTargetPageId rootid 1 tid 105929
181 tid 105929
Insert  tid 105929
FindTargetPageId rootid 1 tid 105929
182 tid 105929
Insert  tid 105929
FindTargetPageId rootid 1 tid 105929
183 tid 105929
Insert  tid 105929
FindTargetPageId rootid 1 tid 105929
184 tid 105929
Insert  tid 105929
FindTargetPageId rootid 1 tid 105929
185 tid 105929
Insert  tid 105929
FindTargetPageId rootid 1 tid 105929
186 tid 105929
Insert  tid 105929
FindTargetPageId rootid 1 tid 105929
187 tid 105929
Insert  tid 105929
FindTargetPageId rootid 1 tid 105929
188 tid 105929
Insert  tid 105929
FindTargetPageId rootid 1 tid 105929
189 tid 105929
Insert  tid 105929
FindTargetPageId rootid 1 tid 105929
190 tid 105929
Insert  tid 105929
FindTargetPageId rootid 1 tid 105929
191 tid 105929
Insert  tid 105929
FindTargetPageId rootid 1 tid 105929
192 tid 105929
Insert  tid 105929
FindTargetPageId rootid 1 tid 105929
193 tid 105929
Insert  tid 105929
FindTargetPageId rootid 1 tid 105929
194 tid 105929
Insert  tid 105929
FindTargetPageId rootid 1 tid 105929
195 tid 105929
Insert  tid 105929
FindTargetPageId rootid 1 tid 105929
196 tid 105929
Insert  tid 105929
FindTargetPageId rootid 1 tid 105929
197 tid 105929
Insert  tid 105929
FindTargetPageId rootid 1 tid 105929
198 tid 105929
Insert  tid 105929
FindTargetPageId rootid 1 tid 105929
199 tid 105929
Insert  tid 105994
Insert  tid 105994
FindTargetPageId rootid 1 tid Remove 105994 tid 
200 tid 105994
105995
Insert  tid 105994
FindTargetPageId rootid 1 tid 105994
201 tid 105994
Insert  tid 105994
FindTargetPageId rootid 1 tid 105994
202 tid 105994
Insert  tid 105994
Remove  tid 105995
FindTargetPageId rootid 1 tid 105994
203 tid 105994
Insert  tid 105996
Insert  tid 105994
FindTargetPageId rootid 1 tid 105994
204 tid 105994
Insert  tid 105996
Insert  tid 105994
FindTargetPageId rootid 1 tid 105996
205 tid 105996
Insert  tid 105996
FindTargetPageId rootid 1 tid 105994
205 tid 105994
Insert  tid 105994
FindTargetPageId rootid 1 tid 105995
206 tid 105995
Remove  tid 105995
FindTargetPageId rootid 1 tid 105995
205 tid 105995
Remove  tid 105995
FindTargetPageId rootid 1 tid 105995
204 tid 105995
Remove  tid 105995
FindTargetPageId rootid 1 tid 105996
203 tid 105996
Insert  tid 105996
FindTargetPageId rootid 1 tid 105996
204 tid 105996
Insert  tid 105996
FindTargetPageId rootid 1 tid 105996
205 tid 105996
Insert  tid 105996
FindTargetPageId rootid 1 tid 105996
205 tid 105996
Insert  tid 105996
FindTargetPageId rootid 1 tid 105996
205 tid 105996
Insert  tid 105996
FindTargetPageId rootid 1 tid 105996
205 tid 105996
Insert  tid 105996
FindTargetPageId rootid 1 tid 105996
206 tid 105996
Insert  tid 105996
FindTargetPageId rootid 1 tid 105996
207 tid 105996
Insert  tid 105996
FindTargetPageId rootid 1 tid 105996
208 tid 105996
Insert  tid 105996
FindTargetPageId rootid 1 tid 105996
209 tid 105996
Insert  tid 105996
FindTargetPageId rootid 1 tid 105996
210 tid 105996
Insert  tid 105996
FindTargetPageId rootid 1 tid 105996
211 tid 105996
Insert  tid 105996
FindTargetPageId rootid 1 tid 105995
212 tid 105995
Remove  tid 105995
FindTargetPageId rootid 1 tid 105995
211 tid 105995
Remove  tid 105995
FindTargetPageId rootid 1 tid 105995
210 tid 105995
Remove  tid 105995
FindTargetPageId rootid 1 tid 105995
209 tid 105995
Remove  tid 105995
FindTargetPageId rootid 1 tid 105995
208 tid 105995
Remove  tid 105995
FindTargetPageId rootid 1 tid 105995
207 tid 105995
Remove  tid 105995
FindTargetPageId rootid 1 tid 105995
206 tid 105995
Remove  tid 105995
FindTargetPageId rootid 1 tid 105994
205 tid 105994
Insert  tid 105994
FindTargetPageId rootid 1 tid 105996
206 tid 105996
Insert  tid 105996
FindTargetPageId rootid 1 tid 105996
207 tid 105996
Insert  tid 105996
FindTargetPageId rootid 1 tid 105996
208 tid 105996
Insert  tid 105996
FindTargetPageId rootid 1 tid 105995
209 tid 105995
Remove  tid 105995
FindTargetPageId rootid 1 tid 105995
208 tid 105995
Remove  tid 105995
FindTargetPageId rootid 1 tid 105996
207 tid 105996
Insert  tid 105996
FindTargetPageId rootid 1 tid 105994
208 tid 105994
Insert  tid 105994
FindTargetPageId rootid 1 tid 105995
209 tid 105995
Remove  tid 105995
FindTargetPageId rootid 1 tid 105995
208 tid 105995
Remove  tid 105995
FindTargetPageId rootid 1 tid 105994
207 tid 105994
Insert  tid 105994
FindTargetPageId rootid 1 tid 105996
208 tid 105996
Insert  tid 105996
FindTargetPageId rootid 1 tid 105995
209 tid 105995
Remove  tid 105995
FindTargetPageId rootid 1 tid 105994
208 tid 105994
Insert  tid 105994
FindTargetPageId rootid 1 tid 105996
209 tid 105996
Insert  tid 105996
FindTargetPageId rootid 1 tid 105995
210 tid 105995
Remove  tid 105995
FindTargetPageId rootid 1 tid 105994
209 tid 105994
Insert  tid 105994
FindTargetPageId rootid 1 tid 105996
210 tid 105996
Insert  tid 105996
FindTargetPageId rootid 1 tid 105995
211 tid 105995
Remove  tid 105995
FindTargetPageId rootid 1 tid 105994
210 tid 105994
Insert  tid 105994
FindTargetPageId rootid 1 tid 105996
211 tid 105996
Insert  tid 105996
FindTargetPageId rootid 1 tid 105995
212 tid 105995
Remove  tid 105995
FindTargetPageId rootid 1 tid 105994
211 tid 105994
Insert  tid 105994
FindTargetPageId rootid 1 tid 105996
212 tid 105996
Insert  tid 105996
FindTargetPageId rootid 1 tid 105995
213 tid 105995
Remove  tid 105995
FindTargetPageId rootid 1 tid 105994
212 tid 105994
Insert  tid 105994
FindTargetPageId rootid 1 tid 105996
213 tid 105996
Insert  tid 105996
FindTargetPageId rootid 1 tid 105995
214 tid 105995
Remove  tid 105995
FindTargetPageId rootid 1 tid 105994
213 tid 105994
Insert  tid 105994
FindTargetPageId rootid 1 tid 105996
214 tid 105996
Insert  tid 105996
FindTargetPageId rootid 1 tid 105995
215 tid 105995
Remove  tid 105995
FindTargetPageId rootid 1 tid 105994
214 tid 105994
Insert  tid 105994
FindTargetPageId rootid 1 tid 105996
215 tid 105996
Insert  tid 105996
FindTargetPageId rootid 1 tid 105995
216 tid 105995
Remove  tid 105995
FindTargetPageId rootid 1 tid 105994
215 tid 105994
Insert  tid 105994
FindTargetPageId rootid 1 tid 105996
216 tid 105996
Insert  tid 105996
FindTargetPageId rootid 1 tid 105995
217 tid 105995
Remove  tid 105995
FindTargetPageId rootid 1 tid 105994
216 tid 105994
Insert  tid 105994
FindTargetPageId rootid 1 tid 105996
217 tid 105996
Insert  tid 105996
FindTargetPageId rootid 1 tid 105995
218 tid 105995
Remove  tid 105995
FindTargetPageId rootid 1 tid 105994
217 tid 105994
Insert  tid 105994
FindTargetPageId rootid 1 tid 105996
218 tid 105996
Insert  tid 105996
FindTargetPageId rootid 1 tid 105995
219 tid 105995
Remove  tid 105995
FindTargetPageId rootid 1 tid 105994
218 tid 105994
Insert  tid 105994
FindTargetPageId rootid 1 tid 105996
219 tid 105996
Insert  tid 105996
FindTargetPageId rootid 1 tid 105995
220 tid 105995
Remove  tid 105995
FindTargetPageId rootid 1 tid 105994
219 tid 105994
Insert  tid 105994
FindTargetPageId rootid 1 tid 105996
220 tid 105996
Insert  tid 105996
FindTargetPageId rootid 1 tid 105995
221 tid 105995
Remove  tid 105995
FindTargetPageId rootid 1 tid 105994
220 tid 105994
Insert  tid 105994
FindTargetPageId rootid 1 tid 105996
221 tid 105996
Insert  tid 105996
FindTargetPageId rootid 1 tid 105995
222 tid 105995
Remove  tid 105995
FindTargetPageId rootid 1 tid 105994
221 tid 105994
Insert  tid 105994
FindTargetPageId rootid 1 tid 105996
222 tid 105996
Insert  tid 105996
FindTargetPageId rootid 1 tid 105995
223 tid 105995
Remove  tid 105995
FindTargetPageId rootid 1 tid 105994
222 tid 105994
Insert  tid 105994
FindTargetPageId rootid 1 tid 105996
223 tid 105996
Insert  tid 105996
FindTargetPageId rootid 1 tid 105995
224 tid 105995
Remove  tid 105995
FindTargetPageId rootid 1 tid 105994
223 tid 105994
Insert  tid 105994
FindTargetPageId rootid 1 tid 105996
224 tid 105996
Insert  tid 105996
FindTargetPageId rootid 1 tid 105995
225 tid 105995
Remove  tid 105995
FindTargetPageId rootid 1 tid 105994
224 tid 105994
Insert  tid 105994
FindTargetPageId rootid 1 tid 105996
225 tid 105996
Insert  tid 105996
FindTargetPageId rootid 1 tid 105995
226 tid 105995
Remove  tid 105995
FindTargetPageId rootid 1 tid 105994
225 tid 105994
Insert  tid 105994
FindTargetPageId rootid 1 tid 105996
226 tid 105996
Insert  tid 105996
FindTargetPageId rootid 1 tid 105995
227 tid 105995
Remove  tid 105995
FindTargetPageId rootid 1 tid 105994
226 tid 105994
Insert  tid 105994
FindTargetPageId rootid 1 tid 105996
227 tid 105996
Insert  tid 105996
FindTargetPageId rootid 1 tid 105995
228 tid 105995
Remove  tid 105995
FindTargetPageId rootid 1 tid 105995
227 tid 105995
Remove  tid 105995
FindTargetPageId rootid 1 tid 105994
226 tid 105994
Insert  tid 105994
FindTargetPageId rootid 1 tid 105996
227 tid 105996
Insert  tid 105996
FindTargetPageId rootid 1 tid 105995
228 tid 105995
Remove  tid 105995
FindTargetPageId rootid 1 tid 105994
227 tid 105994
Insert  tid 105994
FindTargetPageId rootid 1 tid 105996
228 tid 105996
Insert  tid 105996
FindTargetPageId rootid 1 tid 105995
229 tid 105995
Remove  tid 105995
FindTargetPageId rootid 1 tid 105994
228 tid 105994
Insert  tid 105994
FindTargetPageId rootid 1 tid 105996
229 tid 105996
Insert  tid 105996
FindTargetPageId rootid 1 tid 105996
230 tid 105996
Insert  tid 105996
FindTargetPageId rootid 1 tid 105994
231 tid 105994
Insert  tid 105994
FindTargetPageId rootid 1 tid 105995
232 tid 105995
Remove  tid 105995
FindTargetPageId rootid 1 tid 105996
231 tid 105996
Insert  tid 105996
FindTargetPageId rootid 1 tid 105996
232 tid 105996
Insert  tid 105996
FindTargetPageId rootid 1 tid 105995
233 tid 105995
Remove  tid 105995
FindTargetPageId rootid 1 tid 105994
232 tid 105994
Insert  tid 105994
FindTargetPageId rootid 1 tid 105994
233 tid 105994
Insert  tid 105994
FindTargetPageId rootid 1 tid 105994
234 tid 105994
Insert  tid 105994
FindTargetPageId rootid 1 tid 105995
235 tid 105995
Remove  tid 105995
FindTargetPageId rootid 1 tid 105996
234 tid 105996
Insert  tid 105996
FindTargetPageId rootid 1 tid 105996
235 tid 105996
Insert  tid 105996
FindTargetPageId rootid 1 tid 105995
236 tid 105995
Remove  tid 105995
FindTargetPageId rootid 1 tid 105995
235 tid 105995
Remove  tid 105995
FindTargetPageId rootid 1 tid 105995
234 tid 105995
Remove  tid 105995
FindTargetPageId rootid 1 tid 105995
233 tid 105995
Remove  tid 105995
FindTargetPageId rootid 1 tid 105995
232 tid 105995
Remove  tid 105995
FindTargetPageId rootid 1 tid 105996
231 tid 105996
Insert  tid 105996
FindTargetPageId rootid 1 tid 105996
232 tid 105996
Insert  tid 105996
FindTargetPageId rootid 1 tid 105994
233 tid 105994
Insert  tid 105994
FindTargetPageId rootid 1 tid 105994
234 tid 105994
Insert  tid 105994
FindTargetPageId rootid 1 tid 105996
235 tid 105996
Insert  tid 105996
FindTargetPageId rootid 1 tid 105996
236 tid 105996
Insert  tid 105996
FindTargetPageId rootid 1 tid 105995
237 tid 105995
Remove  tid 105995
FindTargetPageId rootid 1 tid 105994
236 tid 105994
Insert  tid 105994
FindTargetPageId rootid 1 tid 105996
237 tid 105996
Insert  tid 105996
FindTargetPageId rootid 1 tid 105995
238 tid 105995
Remove  tid 105995
FindTargetPageId rootid 1 tid 105995
237 tid 105995
Remove  tid 105995
FindTargetPageId rootid 1 tid 105995
236 tid 105995
Remove  tid 105995
FindTargetPageId rootid 1 tid 105995
235 tid 105995
Remove  tid 105995
FindTargetPageId rootid 1 tid 105995
234 tid 105995
Remove  tid 105995
FindTargetPageId rootid 1 tid 105994
234 tid 105994
Insert  tid 105994
FindTargetPageId rootid 1 tid 105996
235 tid 105996
FindTargetPageId rootid 1 tid 105995
Insert 236 tid  tid 105996105995

Remove  tid 105995
FindTargetPageId rootid 1 tid 105994
236 tid 105994
Insert  tid 105994
FindTargetPageId rootid 1 tid 105996
237 tid 105996
Insert  tid 105996
FindTargetPageId rootid 1 tid 105995
238 tid 105995
Remove  tid 105995
FindTargetPageId rootid 1 tid 105994
238 tid 105994
Insert  tid 105994
FindTargetPageId rootid 1 tid 105996
239 tid 105996
Insert  tid 105996
FindTargetPageId rootid 1 tid 105995
240 tid 105995
Remove  tid 105995
FindTargetPageId rootid 1 tid 105994
240 tid 105994
Insert  tid 105994
FindTargetPageId rootid 1 tid 105996
241 tid 105996
Insert  tid 105996
FindTargetPageId rootid 1 tid 105995
242 tid 105995
Remove  tid 105995
FindTargetPageId rootid 1 tid 105994
242 tid 105994
Insert  tid 105994
FindTargetPageId rootid 1 tid 105996
243 tid 105996
Insert  tid 105996
FindTargetPageId rootid 1 tid 105995
244 tid 105995
Remove  tid 105995
FindTargetPageId rootid 1 tid 105994
244 tid 105994
Insert  tid 105994
FindTargetPageId rootid 1 tid 105996
245 tid 105996
Insert  tid 105996
FindTargetPageId rootid 1 tid 105995
246 tid 105995
Remove  tid 105995
FindTargetPageId rootid 1 tid 105994
246 tid 105994
Insert  tid 105994
FindTargetPageId rootid 1 tid 105996
247 tid 105996
Insert  tid 105996
FindTargetPageId rootid 1 tid 105995
248 tid 105995
Remove  tid 105995
FindTargetPageId rootid 1 tid 105995
248 tid 105995
Remove  tid 105995
FindTargetPageId rootid 1 tid 105994
248 tid 105994
Insert  tid 105994
FindTargetPageId rootid 1 tid 105996
249 tid 105996
Insert  tid 105996
FindTargetPageId rootid 1 tid 105995
250 tid 105995
Remove  tid 105995
FindTargetPageId rootid 1 tid 105994
250 tid 105994
Insert  tid 105994
FindTargetPageId rootid 1 tid 105996
251 tid 105996
Insert  tid 105996
FindTargetPageId rootid 1 tid 105995
252 tid 105995
Remove  tid 105995
FindTargetPageId rootid 1 tid 105994
252 tid 105994
Insert  tid 105994
FindTargetPageId rootid 1 tid 105996
253 tid 105996
Insert  tid 105996
FindTargetPageId rootid 1 tid 105995
254 tid 105995
Remove  tid 105995
FindTargetPageId rootid 1 tid 105994
254 tid 105994
Insert  tid 105994
FindTargetPageId rootid 3 tid 105994
target_page_id id: 1 tid 105994
0 1 tid 105994
365 2 tid 105994
127 tid 105994
Insert  tid 105994
FindTargetPageId rootid 3 tid 105994
target_page_id id: 1 tid 105994
0 1 tid 105994
365 2 tid 105994
128 tid 105994
Insert  tid 105994
FindTargetPageId rootid 3 tid 105994
target_page_id id: 1 tid 105994
0 1 tid 105994
365 2 tid 105994
128 tid 105994
Insert  tid 105994
FindTargetPageId rootid 3 tid 105994
target_page_id id: 1 tid 105994
0 1 tid 105994
365 2 tid 105994
128 tid 105994
Insert  tid 105994
FindTargetPageId rootid 3 tid 105994
target_page_id id: 1 tid 105994
0 1 tid 105994
365 2 tid 105994
128 tid 105994
Insert  tid 105994
FindTargetPageId rootid 3 tid 105994
target_page_id id: 1 tid 105994
0 1 tid 105994
365 2 tid 105994
128 tid 105994
Insert  tid 105994
FindTargetPageId rootid 3 tid 105994
target_page_id id: 1 tid 105994
0 1 tid 105994
365 2 tid 105994
128 tid 105994
Insert  tid 105994
FindTargetPageId rootid 3 tid 105994
target_page_id id: 1 tid 105994
0 1 tid 105994
365 2 tid 105994
128 tid 105994
Insert  tid 105994
FindTargetPageId rootid 3 tid 105994
target_page_id id: 1 tid 105994
0 1 tid 105994
365 2 tid 105994
128 tid 105994
Insert  tid 105994
FindTargetPageId rootid 3 tid 105994
target_page_id id: 1 tid 105994
0 1 tid 105994
365 2 tid 105994
128 tid 105994
Insert  tid 105994
FindTargetPageId rootid 3 tid 105994
target_page_id id: 1 tid 105994
0 1 tid 105994
365 2 tid 105994
128 tid 105994
Insert  tid 105994
FindTargetPageId rootid 3 tid 105994
target_page_id id: 1 tid 105994
0 1 tid 105994
365 2 tid 105994
128 tid 105994
Insert  tid 105994
FindTargetPageId rootid 3 tid 105994
target_page_id id: 1 tid 105994
0 1 tid 105994
365 2 tid 105994
129 tid 105994
Insert  tid 105994
FindTargetPageId rootid 3 tid 105996
target_page_id id: 1 tid 105996
0 1 tid 105996
365 2 tid 105996
130 tid 105996
Insert  tid 105996
FindTargetPageId rootid 3 tid 105996
target_page_id id: 1 tid 105996
0 1 tid 105996
365 2 tid 105996
130 tid 105996
Insert  tid 105996
FindTargetPageId rootid 3 tid 105996
target_page_id id: 1 tid 105996
0 1 tid 105996
365 2 tid 105996
130 tid 105996
Insert  tid 105996
FindTargetPageId rootid 3 tid 105996
target_page_id id: 1 tid 105996
0 1 tid 105996
365 2 tid 105996
131 tid 105996
Insert  tid 105996
FindTargetPageId rootid 3 tid 105995
target_page_id id: 1 tid 105995
0 1 tid 105995
365 2 tid 105995
132 tid 105995
Remove  tid 105995
FindTargetPageId rootid 3 tid 105994
target_page_id id: 1 tid 105994
0 1 tid 105994
365 2 tid 105994
131 tid 105994
Insert  tid 105994
FindTargetPageId rootid 3 tid 105996
target_page_id id: 1 tid 105996
0 1 tid 105996
365 2 tid 105996
132 tid 105996
Insert  tid 105996
FindTargetPageId rootid 3 tid 105995
target_page_id id: 1 tid 105995
0 1 tid 105995
365 2 tid 105995
133 tid 105995
FindTargetPageId rootid 3 tid 105994
target_page_id id: 1 tid 105994
0 1 tid 105994
365 2 tid 105994
Remove  tid 105995
132 tid 105994
Insert  tid 105994
FindTargetPageId rootid 3 tid 105996
target_page_id id: 1 tid 105996
0 1 tid 105996
365 2 tid 105996
133 tid 105996
Insert  tid 105996
FindTargetPageId rootid 3 tid 105995
target_page_id id: 1 tid 105995
0 1 tid 105995
365 2 tid 105995
134 tid 105995
Remove  tid 105995
FindTargetPageId rootid 3 tid 105994
target_page_id id: 1 tid 105994
0 1 tid 105994
365 2 tid 105994
133 tid 105994
Insert  tid 105994
FindTargetPageId rootid 3 tid 105996
target_page_id id: 1 tid 105996
0 1 tid 105996
365 2 tid 105996
134 tid 105996
Insert  tid 105996
FindTargetPageId rootid 3 tid 105995
target_page_id id: 1 tid 105995
0 1 tid 105995
365 2 tid 105995
135 tid 105995
Remove  tid 105995
FindTargetPageId rootid 3 tid 105994
target_page_id id: 1 tid 105994
0 1 tid 105994
365 2 tid 105994
134 tid 105994
Insert  tid 105994
FindTargetPageId rootid 3 tid 105996
target_page_id id: 1 tid 105996
0 1 tid 105996
365 2 tid 105996
135 tid 105996
Insert  tid 105996
FindTargetPageId rootid 3 tid 105995
target_page_id id: 1 tid 105995
0 1 tid 105995
365 2 tid 105995
136 tid 105995
Remove  tid 105995
FindTargetPageId rootid 3 tid 105994
target_page_id id: 1 tid 105994
0 1 tid 105994
365 2 tid 105994
135 tid 105994
Insert  tid 105994
FindTargetPageId rootid 3 tid 105996
target_page_id id: 1 tid 105996
0 1 tid 105996
365 2 tid 105996
136 tid 105996
Insert  tid 105996
FindTargetPageId rootid 3 tid 105995
target_page_id id: 1 tid 105995
0 1 tid 105995
365 2 tid 105995
137 tid 105995
Remove  tid 105995
FindTargetPageId rootid 3 tid 105995
target_page_id id: 1 tid 105995
0 1 tid 105995
365 2 tid 105995
136 tid 105995
Remove  tid 105995
FindTargetPageId rootid 3 tid 105996
target_page_id id: 1 tid 105996
0 1 tid 105996
365 2 tid 105996
135 tid 105996
Insert  tid 105996
FindTargetPageId rootid 3 tid 105994
target_page_id id: 1 tid 105994
0 1 tid 105994
365 2 tid 105994
136 tid 105994
Insert  tid 105994
FindTargetPageId rootid 3 tid 105994
target_page_id id: 1 tid 105994
0 1 tid 105994
365 2 tid 105994
137 tid 105994
Insert  tid 105994
FindTargetPageId rootid 3 tid 105994
target_page_id id: 1 tid 105994
0 1 tid 105994
365 2 tid 105994
138 tid 105994
Insert  tid 105994
FindTargetPageId rootid 3 tid 105994
target_page_id id: 1 tid 105994
0 1 tid 105994
365 2 tid 105994
138 tid 105994
Insert  tid 105994
FindTargetPageId rootid 3 tid 105996
target_page_id id: 1 tid 105996
0 1 tid 105996
365 2 tid 105996
139 tid 105996
Insert  tid 105996
FindTargetPageId rootid 3 tid 105996
target_page_id id: 1 tid 105996
0 1 tid 105996
365 2 tid 105996
139 tid 105996
Insert  tid 105996
FindTargetPageId rootid 3 tid 105995
target_page_id id: 1 tid 105995
0 1 tid 105995
365 2 tid 105995
140 tid 105995
Remove  tid 105995
FindTargetPageId rootid 3 tid 105994
target_page_id id: 1 tid 105994
0 1 tid 105994
365 2 tid 105994
139 tid 105994
Insert  tid 105994
FindTargetPageId rootid 3 tid 105996
target_page_id id: 1 tid 105996
0 1 tid 105996
365 2 tid 105996
139 tid 105996
Insert  tid 105996
FindTargetPageId rootid 3 tid 105995
target_page_id id: 1 tid 105995
0 1 tid 105995
365 2 tid 105995
140 tid 105995
Remove  tid 105995
FindTargetPageId rootid 3 tid 105994
target_page_id id: 1 tid 105994
0 1 tid 105994
365 2 tid 105994
139 tid 105994
Insert  tid 105994
FindTargetPageId rootid 3 tid 105996
target_page_id id: 1 tid 105996
0 1 tid 105996
365 2 tid 105996
139 tid 105996
Insert  tid 105996
FindTargetPageId rootid 3 tid 105995
target_page_id id: 1 tid 105995
0 1 tid 105995
365 2 tid 105995
140 tid 105995
Remove  tid 105995
FindTargetPageId rootid 3 tid 105994
target_page_id id: 1 tid 105994
0 1 tid 105994
365 2 tid 105994
139 tid 105994
Insert  tid 105994
FindTargetPageId rootid 3 tid 105996
target_page_id id: 1 tid 105996
0 1 tid 105996
365 2 tid 105996
139 tid 105996
Insert  tid 105996
FindTargetPageId rootid 3 tid 105995
target_page_id id: 1 tid 105995
0 1 tid 105995
365 2 tid 105995
140 tid 105995
Remove  tid 105995
FindTargetPageId rootid 3 tid 105994
target_page_id id: 1 tid 105994
0 1 tid 105994
365 2 tid 105994
139 tid 105994
Insert  tid 105994
FindTargetPageId rootid 3 tid 105996
target_page_id id: 1 tid 105996
0 1 tid 105996
365 2 tid 105996
139 tid 105996
Insert  tid 105996
FindTargetPageId rootid 3 tid 105995
target_page_id id: 1 tid 105995
0 1 tid 105995
365 2 tid 105995
140 tid 105995
Remove  tid 105995
FindTargetPageId rootid 3 tid 105994
target_page_id id: 1 tid 105994
0 1 tid 105994
365 2 tid 105994
139 tid 105994
Insert  tid 105994
FindTargetPageId rootid 3 tid 105996
target_page_id id: 1 tid 105996
0 1 tid 105996
365 2 tid 105996
139 tid 105996
Insert  tid 105996
FindTargetPageId rootid 3 tid 105996
target_page_id id: 1 tid 105996
0 1 tid 105996
365 2 tid 105996
140 tid 105996
Insert  tid 105996
FindTargetPageId rootid 3 tid 105996
target_page_id id: 1 tid 105996
0 1 tid 105996
365 2 tid 105996
141 tid 105996
Insert  tid 105996
FindTargetPageId rootid 3 tid 105996
target_page_id id: 1 tid 105996
0 1 tid 105996
365 2 tid 105996
142 tid 105996
Insert  tid 105996
FindTargetPageId rootid 3 tid 105994
target_page_id id: 1 tid 105994
0 1 tid 105994
365 2 tid 105994
143 tid 105994
Insert  tid 105994
FindTargetPageId rootid 3 tid 105995
target_page_id id: 1 tid 105995
0 1 tid 105995
365 2 tid 105995
143 tid 105995
Remove  tid 105995
FindTargetPageId rootid 3 tid 105996
target_page_id id: 1 tid 105996
0 1 tid 105996
365 2 tid 105996
142 tid 105996
Insert  tid 105996
FindTargetPageId rootid 3 tid 105994
target_page_id id: 1 tid 105994
0 1 tid 105994
365 2 tid 105994
143 tid 105994
Insert  tid 105994
FindTargetPageId rootid 3 tid 105995
target_page_id id: 1 tid 105995
0 1 tid 105995
365 2 tid 105995
143 tid 105995
Remove  tid 105995
FindTargetPageId rootid 3 tid 105996
target_page_id id: 1 tid 105996
0 1 tid 105996
365 2 tid 105996
142 tid 105996
Insert  tid 105996
FindTargetPageId rootid 3 tid 105994
target_page_id id: 1 tid 105994
0 1 tid 105994
365 2 tid 105994
143 tid 105994
Insert  tid 105994
FindTargetPageId rootid 3 tid 105995
target_page_id id: 1 tid 105995
0 1 tid 105995
365 2 tid 105995
143 tid 105995
Remove  tid 105995
FindTargetPageId rootid 3 tid 105996
target_page_id id: 1 tid 105996
0 1 tid 105996
365 2 tid 105996
142 tid 105996
Insert  tid 105996
FindTargetPageId rootid 3 tid 105996
target_page_id id: 1 tid 105996
0 1 tid 105996
365 2 tid 105996
143 tid 105996
Insert  tid 105996
FindTargetPageId rootid 3 tid 105995
target_page_id id: 1 tid 105995
0 1 tid 105995
365 2 tid 105995
144 tid 105995
Remove  tid 105995
FindTargetPageId rootid 3 tid 105994
target_page_id id: 1 tid 105994
0 1 tid 105994
365 2 tid 105994
143 tid 105994
Insert  tid 105994
FindTargetPageId rootid 3 tid 105994
target_page_id id: 1 tid 105994
0 1 tid 105994
365 2 tid 105994
143 tid 105994
Insert  tid 105994
FindTargetPageId rootid 3 tid 105995
target_page_id id: 1 tid 105995
0 1 tid 105995
365 2 tid 105995
143 tid 105995
Remove  tid 105995
FindTargetPageId rootid 3 tid 105995
target_page_id id: 1 tid 105995
0 1 tid 105995
365 2 tid 105995
142 tid 105995
Remove  tid 105995
FindTargetPageId rootid 3 tid 105995
target_page_id id: 1 tid 105995
0 1 tid 105995
365 2 tid 105995
141 tid 105995
Remove  tid 105995
FindTargetPageId rootid 3 tid 105995
target_page_id id: 1 tid 105995
0 1 tid 105995
365 2 tid 105995
140 tid 105995
Remove  tid 105995
FindTargetPageId rootid 3 tid 105994
target_page_id id: 1 tid 105994
0 1 tid 105994
365 2 tid 105994
139 tid 105994
Insert  tid 105994
FindTargetPageId rootid 3 tid 105996
target_page_id id: 1 tid 105996
0 1 tid 105996
365 2 tid 105996
140 tid 105996
Insert  tid 105996
FindTargetPageId rootid 3 tid 105995
target_page_id id: 1 tid 105995
0 1 tid 105995
365 2 tid 105995
141 tid 105995
Remove  tid 105995
FindTargetPageId rootid 3 tid 105994
target_page_id id: 1 tid 105994
0 1 tid 105994
365 2 tid 105994
140 tid 105994
Insert  tid 105994
FindTargetPageId rootid 3 tid 105996
target_page_id id: 1 tid 105996
0 1 tid 105996
365 2 tid 105996
141 tid 105996
Insert  tid 105996
FindTargetPageId rootid 3 tid 105995
target_page_id id: 1 tid 105995
0 1 tid 105995
365 2 tid 105995
142 tid 105995
Remove  tid 105995
FindTargetPageId rootid 3 tid 105994
target_page_id id: 1 tid 105994
0 1 tid 105994
365 2 tid 105994
141 tid 105994
Insert  tid 105994
FindTargetPageId rootid 3 tid 105996
target_page_id id: 1 tid 105996
0 1 tid 105996
365 2 tid 105996
142 tid 105996
Insert  tid 105996
FindTargetPageId rootid 3 tid 105995
target_page_id id: 1 tid 105995
0 1 tid 105995
365 2 tid 105995
143 tid 105995
Remove  tid 105995
FindTargetPageId rootid 3 tid 105994
target_page_id id: 1 tid 105994
0 1 tid 105994
365 2 tid 105994
142 tid 105994
Insert  tid 105994
FindTargetPageId rootid 3 tid 105996
target_page_id id: 1 tid 105996
0 1 tid 105996
365 2 tid 105996
143 tid 105996
Insert  tid 105996
FindTargetPageId rootid 3 tid 105995
target_page_id id: 1 tid 105995
0 1 tid 105995
365 2 tid 105995
144 tid 105995
Remove  tid 105995
FindTargetPageId rootid 3 tid 105994
target_page_id id: 1 tid 105994
0 1 tid 105994
365 2 tid 105994
143 tid 105994
Insert  tid 105994
FindTargetPageId rootid 3 tid 105996
target_page_id id: 1 tid 105996
0 1 tid 105996
365 2 tid 105996
144 tid 105996
Insert  tid 105996
FindTargetPageId rootid 3 tid 105995
target_page_id id: 1 tid 105995
0 1 tid 105995
365 2 tid 105995
145 tid 105995
Remove  tid 105995
FindTargetPageId rootid 3 tid 105994
target_page_id id: 1 tid 105994
0 1 tid 105994
365 2 tid 105994
144 tid 105994
Insert  tid 105994
FindTargetPageId rootid 3 tid 105996
target_page_id id: 1 tid 105996
0 1 tid 105996
365 2 tid 105996
145 tid 105996
Insert  tid 105996
FindTargetPageId rootid 3 tid 105995
target_page_id id: 1 tid 105995
0 1 tid 105995
365 2 tid 105995
146 tid 105995
Remove  tid 105995
FindTargetPageId rootid 3 tid 105994
target_page_id id: 1 tid 105994
0 1 tid 105994
365 2 tid 105994
145 tid 105994
Insert  tid 105994
FindTargetPageId rootid 3 tid 105996
target_page_id id: 1 tid 105996
0 1 tid 105996
365 2 tid 105996
146 tid 105996
Insert  tid 105996
FindTargetPageId rootid 3 tid 105995
target_page_id id: 1 tid 105995
0 1 tid 105995
365 2 tid 105995
147 tid 105995
Remove  tid 105995
FindTargetPageId rootid 3 tid 105994
target_page_id id: 1 tid 105994
0 1 tid 105994
365 2 tid 105994
146 tid 105994
Insert  tid 105994
FindTargetPageId rootid 3 tid 105996
target_page_id id: 1 tid 105996
0 1 tid 105996
365 2 tid 105996
147 tid 105996
Insert  tid 105996
FindTargetPageId rootid 3 tid 105995
target_page_id id: 1 tid 105995
0 1 tid 105995
365 2 tid 105995
148 tid 105995
Remove  tid 105995
FindTargetPageId rootid 3 tid 105995
target_page_id id: 1 tid 105995
0 1 tid 105995
365 2 tid 105995
147 tid 105995
Remove  tid 105995
FindTargetPageId rootid 3 tid 105996
target_page_id id: 1 tid 105996
0 1 tid 105996
365 2 tid 105996
146 tid 105996
Insert  tid 105996
FindTargetPageId rootid 3 tid 105996
target_page_id id: 1 tid 105996
0 1 tid 105996
365 2 tid 105996
147 tid 105996
Insert  tid 105996
FindTargetPageId rootid 3 tid 105996
target_page_id id: 1 tid 105996
0 1 tid 105996
365 2 tid 105996
148 tid 105996
Insert  tid 105996
FindTargetPageId rootid 3 tid 105996
target_page_id id: 1 tid 105996
0 1 tid 105996
365 2 tid 105996
149 tid 105996
Insert  tid 105996
FindTargetPageId rootid 3 tid 105996
target_page_id id: 1 tid 105996
0 1 tid 105996
365 2 tid 105996
150 tid 105996
Insert  tid 105996
FindTargetPageId rootid 3 tid 105995
target_page_id id: 1 tid 105995
0 1 tid 105995
365 2 tid 105995
151 tid 105995
Remove  tid 105995
FindTargetPageId rootid 3 tid 105995
target_page_id id: 1 tid 105995
0 1 tid 105995
365 2 tid 105995
150 tid 105995
Remove  tid 105995
FindTargetPageId rootid 3 tid 105996
target_page_id id: 1 tid 105996
0 1 tid 105996
365 2 tid 105996
149 tid 105996
Insert  tid 105996
FindTargetPageId rootid 3 tid 105994
target_page_id id: 1 tid 105994
0 1 tid 105994
365 2 tid 105994
150 tid 105994
Insert  tid 105994
FindTargetPageId rootid 3 tid 105995
target_page_id id: 1 tid 105995
0 1 tid 105995
365 2 tid 105995
151 tid 105995
Remove  tid 105995
FindTargetPageId rootid 3 tid 105996
target_page_id id: 1 tid 105996
0 1 tid 105996
365 2 tid 105996
150 tid 105996
Insert  tid 105996
FindTargetPageId rootid 3 tid 105996
target_page_id id: 1 tid 105996
0 1 tid 105996
365 2 tid 105996
151 tid 105996
Insert  tid 105996
FindTargetPageId rootid 3 tid 105995
target_page_id id: 1 tid 105995
0 1 tid 105995
365 2 tid 105995
152 tid 105995
Remove  tid 105995
FindTargetPageId rootid 3 tid 105994
target_page_id id: 1 tid 105994
0 1 tid 105994
365 2 tid 105994
151 tid 105994
Insert  tid 105994
FindTargetPageId rootid 3 tid 105994
target_page_id id: 1 tid 105994
0 1 tid 105994
365 2 tid 105994
152 tid 105994
Insert  tid 105994
FindTargetPageId rootid 3 tid 105994
target_page_id id: 1 tid 105994
0 1 tid 105994
365 2 tid 105994
153 tid 105994
Insert  tid 105994
FindTargetPageId rootid 3 tid 105994
target_page_id id: 1 tid 105994
0 1 tid 105994
365 2 tid 105994
154 tid 105994
Insert  tid 105994
FindTargetPageId rootid 3 tid 105994
target_page_id id: 1 tid 105994
0 1 tid 105994
365 2 tid 105994
155 tid 105994
Insert  tid 105994
FindTargetPageId rootid 3 tid 105994
target_page_id id: 1 tid 105994
0 1 tid 105994
365 2 tid 105994
156 tid 105994
Insert  tid 105994
FindTargetPageId rootid 3 tid 105996
target_page_id id: 1 tid 105996
0 1 tid 105996
365 2 tid 105996
156 tid 105996
Insert  tid 105996
FindTargetPageId rootid 3 tid 105996
target_page_id id: 1 tid 105996
0 1 tid 105996
365 2 tid 105996
157 tid 105996
Insert  tid FindTargetPageId rootid 105996
3 tid 105994
target_page_id id: 1 tid 105994
0 1 tid 105994
365 2 tid 105994
158 tid 105994
Insert  tid 105994
FindTargetPageId rootid 3 tid 105995
target_page_id id: 1 tid 105995
0 1 tid 105995
365 2 tid 105995
158 tid 105995
Remove  tid 105995
FindTargetPageId rootid 3 tid 105996
target_page_id id: 1 tid 105996
0 1 tid 105996
365 2 tid 105996
157 tid 105996
Insert  tid 105996
FindTargetPageId rootid 3 tid 105994
target_page_id id: 1 tid 105994
0 1 tid 105994
365 2 tid 105994
158 tid 105994
Insert  tid 105994
FindTargetPageId rootid 3 tid 105994
target_page_id id: 1 tid 105994
0 1 tid 105994
365 2 tid 105994
158 tid 105994
Insert  tid 105994
FindTargetPageId rootid 3 tid 105996
target_page_id id: 1 tid 105996
0 1 tid 105996
365 2 tid 105996
158 tid 105996
Insert  tid 105996
FindTargetPageId rootid 3 tid 105995
target_page_id id: 1 tid 105995
0 1 tid 105995
365 2 tid 105995
159 tid 105995
Remove  tid 105995
FindTargetPageId rootid 3 tid 105994
target_page_id id: 1 tid 105994
0 1 tid 105994
365 2 tid 105994
158 tid 105994
Insert  tid 105994
FindTargetPageId rootid 3 tid 105996
target_page_id id: 1 tid 105996
0 1 tid 105996
365 2 tid 105996
158 tid 105996
Insert  tid 105996
FindTargetPageId rootid 3 tid 105995
target_page_id id: 1 tid 105995
0 1 tid 105995
365 2 tid 105995
159 tid 105995
Remove  tid 105995
FindTargetPageId rootid 3 tid 105995
target_page_id id: 1 tid 105995
0 1 tid 105995
365 2 tid 105995
158 tid 105995
Remove  tid 105995
FindTargetPageId rootid 3 tid 105995
target_page_id id: 1 tid 105995
0 1 tid 105995
365 2 tid 105995
157 tid 105995
Remove  tid 105995
FindTargetPageId rootid 3 tid 105995
target_page_id id: 1 tid 105995
0 1 tid 105995
365 2 tid 105995
156 tid 105995
Remove  tid 105995
FindTargetPageId rootid 3 tid 105995
target_page_id id: 1 tid 105995
0 1 tid 105995
365 2 tid 105995
155 tid 105995
Remove  tid 105995
FindTargetPageId rootid 3 tid 105996
target_page_id id: 1 tid 105996
0 1 tid 105996
365 2 tid 105996
154 tid 105996
Insert  tid 105996
FindTargetPageId rootid 3 tid 105996
target_page_id id: 1 tid 105996
0 1 tid 105996
365 2 tid 105996
155 tid 105996
Insert  tid 105996
FindTargetPageId rootid 3 tid 105996
target_page_id id: 1 tid 105996
0 1 tid 105996
365 2 tid 105996
156 tid 105996
Insert  tid 105996
FindTargetPageId rootid 3 tid 105996
target_page_id id: 1 tid 105996
0 1 tid 105996
365 2 tid 105996
157 tid 105996
Insert  tid 105996
FindTargetPageId rootid 3 tid 105996
target_page_id id: 1 tid 105996
0 1 tid 105996
365 2 tid 105996
158 tid 105996
Insert  tid 105996
FindTargetPageId rootid 3 tid 105996
target_page_id id: 1 tid 105996
0 1 tid 105996
365 2 tid 105996
159 tid 105996
Insert  tid 105996
FindTargetPageId rootid 3 tid 105996
target_page_id id: 1 tid 105996
0 1 tid 105996
365 2 tid 105996
160 tid 105996
Insert  tid 105996
FindTargetPageId rootid 3 tid 105996
target_page_id id: 1 tid 105996
0 1 tid 105996
365 2 tid 105996
161 tid 105996
Insert  tid 105996
FindTargetPageId rootid 3 tid 105996
target_page_id id: 1 tid 105996
0 1 tid 105996
365 2 tid 105996
162 tid 105996
Insert  tid 105996
FindTargetPageId rootid 3 tid 105996
target_page_id id: 1 tid 105996
0 1 tid 105996
365 2 tid 105996
163 tid 105996
Insert  tid 105996
FindTargetPageId rootid 3 tid 105996
target_page_id id: 1 tid 105996
0 1 tid 105996
365 2 tid 105996
164 tid 105996
Insert  tid 105996
FindTargetPageId rootid 3 tid 105996
target_page_id id: 1 tid 105996
0 1 tid 105996
365 2 tid 105996
165 tid 105996
Insert  tid 105996
FindTargetPageId rootid 3 tid 105996
target_page_id id: 1 tid 105996
0 1 tid 105996
365 2 tid 105996
166 tid 105996
Insert  tid 105996
FindTargetPageId rootid 3 tid 105996
target_page_id id: 1 tid 105996
0 1 tid 105996
365 2 tid 105996
167 tid 105996
Insert  tid 105996
FindTargetPageId rootid 3 tid 105996
target_page_id id: 1 tid 105996
0 1 tid 105996
365 2 tid 105996
168 tid 105996
Insert  tid 105996
FindTargetPageId rootid 3 tid 105994
target_page_id id: 1 tid 105994
0 1 tid 105994
365 2 tid 105994
169 tid 105994
Insert  tid 105994
FindTargetPageId rootid 3 tid 105995
target_page_id id: 1 tid 105995
0 1 tid 105995
365 2 tid 105995
170 tid 105995
Remove  tid 105995
FindTargetPageId rootid 3 tid 105995
target_page_id id: 1 tid 105995
0 1 tid 105995
365 2 tid 105995
169 tid 105995
Remove  tid 105995
FindTargetPageId rootid 3 tid 105995
target_page_id id: 1 tid 105995
0 1 tid 105995
365 2 tid 105995
168 tid 105995
Remove  tid 105995
FindTargetPageId rootid 3 tid 105995
target_page_id id: 1 tid 105995
0 1 tid 105995
365 2 tid 105995
167 tid 105995
Remove  tid 105995
FindTargetPageId rootid 3 tid 105995
target_page_id id: 1 tid 105995
0 1 tid 105995
365 2 tid 105995
166 tid 105995
Remove  tid 105995
FindTargetPageId rootid 3 tid 105995
target_page_id id: 1 tid 105995
0 1 tid 105995
365 2 tid 105995
165 tid 105995
Remove  tid 105995
FindTargetPageId rootid 3 tid 105995
target_page_id id: 1 tid 105995
0 1 tid 105995
365 2 tid 105995
164 tid 105995
Remove  tid 105995
FindTargetPageId rootid 3 tid 105995
target_page_id id: 1 tid 105995
0 1 tid 105995
365 2 tid 105995
163 tid 105995
Remove  tid 105995
FindTargetPageId rootid 3 tid 105995
target_page_id id: 1 tid 105995
0 1 tid 105995
365 2 tid 105995
162 tid 105995
Remove  tid 105995
FindTargetPageId rootid 3 tid 105995
target_page_id id: 1 tid 105995
0 1 tid 105995
365 2 tid 105995
161 tid 105995
Remove  tid 105995
FindTargetPageId rootid 3 tid 105995
target_page_id id: 1 tid 105995
0 1 tid 105995
365 2 tid 105995
160 tid 105995
Remove  tid 105995
FindTargetPageId rootid 3 tid 105995
target_page_id id: 1 tid 105995
0 1 tid 105995
365 2 tid 105995
159 tid 105995
Remove  tid 105995
FindTargetPageId rootid 3 tid 105995
target_page_id id: 1 tid 105995
0 1 tid 105995
365 2 tid 105995
158 tid 105995
Remove  tid 105995
FindTargetPageId rootid 3 tid 105995
target_page_id id: 1 tid 105995
0 1 tid 105995
365 2 tid 105995
157 tid 105995
Remove  tid 105995
FindTargetPageId rootid 3 tid 105995
target_page_id id: 1 tid 105995
0 1 tid 105995
365 2 tid 105995
156 tid 105995
Remove  tid 105995
FindTargetPageId rootid 3 tid 105995
target_page_id id: 1 tid 105995
0 1 tid 105995
365 2 tid 105995
155 tid 105995
Remove  tid 105995
FindTargetPageId rootid 3 tid 105995
target_page_id id: 1 tid 105995
0 1 tid 105995
365 2 tid 105995
154 tid 105995
Remove  tid 105995
FindTargetPageId rootid 3 tid 105995
target_page_id id: 1 tid 105995
0 1 tid 105995
365 2 tid 105995
153 tid 105995
Remove  tid 105995
FindTargetPageId rootid 3 tid 105995
target_page_id id: 1 tid 105995
0 1 tid 105995
365 2 tid 105995
152 tid 105995
Remove  tid 105995
FindTargetPageId rootid 3 tid 105995
target_page_id id: 1 tid 105995
0 1 tid 105995
365 2 tid 105995
152 tid 105995
Remove  tid 105995
FindTargetPageId rootid 3 tid 105995
target_page_id id: 1 tid 105995
0 1 tid 105995
365 2 tid 105995
152 tid 105995
Remove  tid 105995
FindTargetPageId rootid 3 tid 105996
target_page_id id: 1 tid 105996
0 1 tid 105996
365 2 tid 105996
152 tid 105996
Insert  tid 105996
FindTargetPageId rootid 3 tid 105996
target_page_id id: 1 tid 105996
0 1 tid 105996
365 2 tid 105996
153 tid 105996
Insert  tid 105996
FindTargetPageId rootid 3 tid 105996
target_page_id id: 1 tid 105996
0 1 tid 105996
365 2 tid 105996
154 tid 105996
Insert  tid 105996
FindTargetPageId rootid 3 tid 105996
target_page_id id: 1 tid 105996
0 1 tid 105996
365 2 tid 105996
155 tid 105996
Insert  tid 105996
FindTargetPageId rootid 3 tid 105996
target_page_id id: 1 tid 105996
0 1 tid 105996
365 2 tid 105996
156 tid 105996
Insert  tid 105996
FindTargetPageId rootid 3 tid 105996
target_page_id id: 1 tid 105996
0 1 tid 105996
365 2 tid 105996
157 tid 105996
Insert  tid 105996
FindTargetPageId rootid 3 tid 105996
target_page_id id: 1 tid 105996
0 1 tid 105996
365 2 tid 105996
158 tid 105996
Insert  tid 105996
FindTargetPageId rootid 3 tid 105995
target_page_id id: 1 tid 105995
0 1 tid 105995
365 2 tid 105995
159 tid 105995
Remove  tid 105995
FindTargetPageId rootid 3 tid 105995
target_page_id id: 1 tid 105995
0 1 tid 105995
365 2 tid 105995
158 tid 105995
Remove  tid 105995
FindTargetPageId rootid 3 tid 105994
target_page_id id: 1 tid 105994
0 1 tid 105994
365 2 tid 105994
157 tid 105994
Insert  tid 105994
FindTargetPageId rootid 3 tid 105994
target_page_id id: 1 tid 105994
0 1 tid 105994
365 2 tid 105994
158 tid 105994
Insert  tid 105994
FindTargetPageId rootid 3 tid 105994
target_page_id id: 1 tid 105994
0 1 tid 105994
365 2 tid 105994
159 tid 105994
Insert  tid 105994
FindTargetPageId rootid 3 tid 105994
target_page_id id: 1 tid 105994
0 1 tid 105994
365 2 tid 105994
160 tid 105994
Insert  tid 105994
FindTargetPageId rootid 3 tid 105996
target_page_id id: 1 tid 105996
0 1 tid 105996
365 2 tid 105996
161 tid 105996
Insert  tid 105996
FindTargetPageId rootid 3 tid 105995
target_page_id id: 1 tid 105995
0 1 tid 105995
365 2 tid 105995
162 tid 105995
Remove  tid 105995
FindTargetPageId rootid 3 tid 105994
target_page_id id: 1 tid 105994
0 1 tid 105994
365 2 tid 105994
161 tid 105994
Insert  tid 105994
FindTargetPageId rootid 3 tid 105996
target_page_id id: 1 tid 105996
0 1 tid 105996
365 2 tid 105996
162 tid 105996
Insert  tid 105996
FindTargetPageId rootid 3 tid 105995
target_page_id id: 1 tid 105995
0 1 tid 105995
365 2 tid 105995
163 tid 105995
Remove  tid 105995
FindTargetPageId rootid 3 tid 105994
target_page_id id: 1 tid 105994
0 1 tid 105994
365 2 tid 105994
162 tid 105994
Insert  tid 105994
FindTargetPageId rootid 3 tid 105996
target_page_id id: 1 tid 105996
0 1 tid 105996
365 2 tid 105996
163 tid 105996
Insert  tid 105996
FindTargetPageId rootid 3 tid 105995
target_page_id id: 1 tid 105995
0 1 tid 105995
365 2 tid 105995
164 tid 105995
Remove  tid 105995
FindTargetPageId rootid 3 tid 105994
target_page_id id: 1 tid 105994
0 1 tid 105994
365 2 tid 105994
163 tid 105994
Insert  tid 105994
FindTargetPageId rootid 3 tid 105996
target_page_id id: 1 tid 105996
0 1 tid 105996
365 2 tid 105996
164 tid 105996
Insert  tid 105996
FindTargetPageId rootid 3 tid 105996
target_page_id id: 1 tid 105996
0 1 tid 105996
365 2 tid 105996
165 tid 105996
Insert  tid 105996
FindTargetPageId rootid 3 tid 105996
target_page_id id: 1 tid 105996
0 1 tid 105996
365 2 tid 105996
166 tid 105996
Insert  tid 105996
FindTargetPageId rootid 3 tid 105996
target_page_id id: 1 tid 105996
0 1 tid 105996
365 2 tid 105996
167 tid 105996
Insert  tid 105996
FindTargetPageId rootid 3 tid 105995
target_page_id id: 1 tid 105995
0 1 tid 105995
365 2 tid 105995
168 tid 105995
Remove  tid 105995
FindTargetPageId rootid 3 tid 105994
target_page_id id: 1 tid 105994
0 1 tid 105994
365 2 tid 105994
167 tid 105994
Insert  tid 105994
FindTargetPageId rootid 3 tid 105994
target_page_id id: 1 tid 105994
0 1 tid 105994
365 2 tid 105994
168 tid 105994
FindTargetPageId rootid 3 tid 105996
target_page_id id: 1 tid 105996
0 1 tid 105996
365 2 tid 105996
169 tid 105996
Insert  tid 105996
FindTargetPageId rootid 3 tid 105996
Insert target_page_id id: 1 tid 105996
0 1 tid 105996
365 2 tid 105996
170 tid 105996
Insert  tid 105996
FindTargetPageId rootid 3 tid 105996
target_page_id id: 1 tid 105996
0 1 tid 105996
365 2 tid 105996
171 tid 105996
Insert  tid 105996
FindTargetPageId rootid 3 tid 105996
 tid 105994
target_page_id id: 1 tid 105996
0 1 tid 105996
365 2 tid 105996
172 tid 105996
Insert  tid 105996
FindTargetPageId rootid 3 tid 105996
target_page_id id: 1 tid 105996
0 1 tid 105996
365 2 tid 105996
173 tid 105996
Insert  tid 105996
FindTargetPageId rootid 3 tid 105995
target_page_id id: 1 tid 105995
0 1 tid 105995
365 2 tid 105995
174 tid 105995
Remove  tid 105995
FindTargetPageId rootid 3 tid 105995
target_page_id id: 1 tid 105995
0 1 tid 105995
365 2 tid 105995
173 tid 105995
Remove  tid 105995
FindTargetPageId rootid 3 tid 105996
target_page_id id: 1 tid 105996
0 1 tid 105996
365 2 tid 105996
172 tid 105996
Insert  tid 105996
FindTargetPageId rootid 3 tid 105996
target_page_id id: 1 tid 105996
0 1 tid 105996
365 2 tid 105996
173 tid 105996
Insert  tid 105996
FindTargetPageId rootid 3 tid 105996
target_page_id id: 1 tid 105996
0 1 tid 105996
365 2 tid 105996
174 tid 105996
Insert  tid 105996
FindTargetPageId rootid 3 tid 105994
target_page_id id: 1 tid 105994
0 1 tid 105994
365 2 tid 105994
175 tid 105994
Insert  tid 105994
FindTargetPageId rootid 3 tid 105995
target_page_id id: 1 tid 105995
0 1 tid 105995
365 2 tid 105995
176 tid 105995
Remove  tid 105995
FindTargetPageId rootid 3 tid 105996
target_page_id id: 1 tid 105996
0 1 tid 105996
365 2 tid 105996
175 tid 105996
Insert  tid 105996
FindTargetPageId rootid 3 tid 105996
target_page_id id: 1 tid 105996
0 1 tid 105996
365 2 tid 105996
176 tid 105996
Insert  tid 105996
FindTargetPageId rootid 3 tid 105996
target_page_id id: 1 tid 105996
0 1 tid 105996
365 2 tid 105996
177 tid 105996
Insert  tid 105996
FindTargetPageId rootid 3 tid 105994
target_page_id id: 1 tid 105994
0 1 tid 105994
365 2 tid 105994
178 tid 105994
Insert  tid 105994
FindTargetPageId rootid 3 tid 105995
target_page_id id: 1 tid 105995
0 1 tid 105995
365 2 tid 105995
179 tid 105995
Remove  tid 105995
FindTargetPageId rootid 3 tid 105996
target_page_id id: 1 tid 105996
0 1 tid 105996
365 2 tid 105996
178 tid 105996
Insert  tid 105996
FindTargetPageId rootid 3 tid 105994
target_page_id id: 1 tid 105994
0 1 tid 105994
365 2 tid 105994
179 tid 105994
Insert  tid 105994
FindTargetPageId rootid 3 tid 105995
target_page_id id: 1 tid 105995
0 1 tid 105995
365 2 tid 105995
180 tid 105995
Remove  tid 105995
FindTargetPageId rootid 3 tid 105996
target_page_id id: 1 tid 105996
0 1 tid 105996
365 2 tid 105996
179 tid 105996
Insert  tid 105996
FindTargetPageId rootid 3 tid 105996
target_page_id id: 1 tid 105996
0 1 tid 105996
365 2 tid 105996
180 tid 105996
Insert  tid 105996
FindTargetPageId rootid 3 tid 105995
target_page_id id: 1 tid 105995
0 1 tid 105995
365 2 tid 105995
181 tid 105995
Remove  tid 105995
FindTargetPageId rootid 3 tid 105994
target_page_id id: 1 tid 105994
0 1 tid 105994
365 2 tid 105994
180 tid 105994
Insert  tid 105994
FindTargetPageId rootid 3 tid 105996
target_page_id id: 1 tid 105996
0 1 tid 105996
365 2 tid 105996
181 tid 105996
Insert  tid 105996
FindTargetPageId rootid 3 tid 105995
target_page_id id: 1 tid 105995
0 1 tid 105995
365 2 tid 105995
182 tid 105995
Remove  tid 105995
FindTargetPageId rootid 3 tid 105995
target_page_id id: 1 tid 105995
0 1 tid 105995
365 2 tid 105995
181 tid 105995
Remove  tid 105995
FindTargetPageId rootid 3 tid 105995
target_page_id id: 1 tid 105995
0 1 tid 105995
365 2 tid 105995
180 tid 105995
Remove  tid 105995
FindTargetPageId rootid 3 tid 105995
target_page_id id: 1 tid 105995
0 1 tid 105995
365 2 tid 105995
179 tid 105995
Remove  tid 105995
FindTargetPageId rootid 3 tid 105996
target_page_id id: 1 tid 105996
0 1 tid 105996
365 2 tid 105996
178 tid 105996
Insert  tid 105996
FindTargetPageId rootid 3 tid 105994
target_page_id id: 1 tid 105994
0 1 tid 105994
365 2 tid 105994
179 tid 105994
Insert  tid 105994
FindTargetPageId rootid 3 tid 105995
target_page_id id: 1 tid 105995
0 1 tid 105995
365 2 tid 105995
180 tid 105995
Remove  tid 105995
FindTargetPageId rootid 3 tid 105996
target_page_id id: 1 tid 105996
0 1 tid 105996
365 2 tid 105996
179 tid 105996
Insert  tid 105996
FindTargetPageId rootid 3 tid 105994
target_page_id id: 1 tid 105994
0 1 tid 105994
365 2 tid 105994
180 tid 105994
Insert  tid 105994
FindTargetPageId rootid 3 tid 105995
target_page_id id: 1 tid 105995
0 1 tid 105995
365 2 tid 105995
181 tid 105995
Remove  tid 105995
FindTargetPageId rootid 3 tid 105996
target_page_id id: 1 tid 105996
0 1 tid 105996
365 2 tid 105996
180 tid 105996
Insert  tid 105996
FindTargetPageId rootid 3 tid 105996
target_page_id id: 1 tid 105996
0 1 tid 105996
365 2 tid 105996
181 tid 105996
FindTargetPageId rootid 3 tid 105995
target_page_id id: 1 tid 105995
0 1 tid 105995
365 2 tid 105995
182 tid 105995
Insert  tid 105996
Remove  tid 105995
FindTargetPageId rootid 3 tid 105996
target_page_id id: 1 tid 105996
0 1 tid 105996
365 2 tid 105996
181 tid 105996
Insert  tid 105996
FindTargetPageId rootid 3 tid 105996
target_page_id id: 1 tid 105996
0 1 tid 105996
365 2 tid 105996
182 tid 105996
Insert  tid 105996
FindTargetPageId rootid 3 tid 105994
target_page_id id: 1 tid 105994
0 1 tid 105994
365 2 tid 105994
183 tid 105994
Insert  tid 105994
FindTargetPageId rootid 3 tid 105994
target_page_id id: 1 tid 105994
0 1 tid 105994
365 2 tid 105994
184 tid 105994
Insert  tid 105994
FindTargetPageId rootid 3 tid 105996
target_page_id id: 1 tid 105996
0 1 tid 105996
365 2 tid 105996
185 tid 105996
Insert  tid 105996
FindTargetPageId rootid 3 tid 105995
target_page_id id: 1 tid 105995
0 1 tid 105995
365 2 tid 105995
186 tid 105995
Remove  tid 105995
FindTargetPageId rootid 3 tid 105995
target_page_id id: 1 tid 105995
0 1 tid 105995
365 2 tid 105995
185 tid 105995
Remove  tid 105995
FindTargetPageId rootid 3 tid 105996
target_page_id id: 1 tid 105996
0 1 tid 105996
365 2 tid 105996
184 tid 105996
Insert  tid 105996
FindTargetPageId rootid 3 tid 105996
target_page_id id: 1 tid 105996
0 1 tid 105996
365 2 tid 105996
185 tid 105996
Insert  tid 105996
FindTargetPageId rootid 3 tid 105996
target_page_id id: 1 tid 105996
0 1 tid 105996
365 2 tid 105996
186 tid 105996
Insert  tid 105996
FindTargetPageId rootid 3 tid 105996
target_page_id id: 1 tid 105996
0 1 tid 105996
365 2 tid 105996
187 tid 105996
Insert  tid 105996
FindTargetPageId rootid 3 tid 105996
target_page_id id: 1 tid 105996
0 1 tid 105996
365 2 tid 105996
188 tid 105996
Insert  tid 105996
FindTargetPageId rootid 3 tid 105996
target_page_id id: 1 tid 105996
0 1 tid 105996
365 2 tid 105996
189 tid 105996
Insert  tid 105996
FindTargetPageId rootid 3 tid 105994
target_page_id id: 1 tid 105994
0 1 tid 105994
365 2 tid 105994
190 tid 105994
Insert  tid 105994
FindTargetPageId rootid 3 tid 105994
target_page_id id: 1 tid 105994
0 1 tid 105994
365 2 tid 105994
191 tid 105994
Insert  tid 105994
FindTargetPageId rootid 3 tid 105994
target_page_id id: 1 tid 105994
0 1 tid 105994
365 2 tid 105994
192 tid 105994
Insert  tid 105994
FindTargetPageId rootid 3 tid 105994
target_page_id id: 1 tid 105994
0 1 tid 105994
365 2 tid 105994
192 tid 105994
Insert  tid 105994
FindTargetPageId rootid 3 tid 105994
target_page_id id: 1 tid 105994
0 1 tid 105994
365 2 tid 105994
192 tid 105994
Insert  tid 105994
FindTargetPageId rootid 3 tid 105995
target_page_id id: 1 tid 105995
0 1 tid 105995
365 2 tid 105995
192 tid 105995
Remove  tid 105995
FindTargetPageId rootid 3 tid 105996
target_page_id id: 1 tid 105996
0 1 tid 105996
365 2 tid 105996
191 tid 105996
Insert  tid 105996
FindTargetPageId rootid 3 tid 105994
target_page_id id: 1 tid 105994
0 1 tid 105994
365 2 tid 105994
192 tid 105994
Insert  tid 105994
FindTargetPageId rootid 3 tid 105995
target_page_id id: 1 tid 105995
0 1 tid 105995
365 2 tid 105995
193 tid 105995
Remove  tid 105995
FindTargetPageId rootid 3 tid 105996
target_page_id id: 1 tid 105996
0 1 tid 105996
365 2 tid 105996
192 tid 105996
Insert  tid 105996
FindTargetPageId rootid 3 tid 105994
target_page_id id: 1 tid 105994
0 1 tid 105994
365 2 tid 105994
193 tid 105994
Insert  tid 105994
FindTargetPageId rootid 3 tid 105995
target_page_id id: 1 tid 105995
0 1 tid 105995
365 2 tid 105995
194 tid 105995
Remove  tid 105995
FindTargetPageId rootid 3 tid 105996
target_page_id id: 1 tid 105996
0 1 tid 105996
365 2 tid 105996
193 tid 105996
Insert  tid 105996
FindTargetPageId rootid 3 tid 105994
target_page_id id: 1 tid 105994
0 1 tid 105994
365 2 tid 105994
194 tid 105994
Insert  tid 105994
FindTargetPageId rootid 3 tid 105995
target_page_id id: 1 tid 105995
0 1 tid 105995
365 2 tid 105995
195 tid 105995
Remove  tid 105995
FindTargetPageId rootid 3 tid 105996
target_page_id id: 1 tid 105996
0 1 tid 105996
365 2 tid 105996
194 tid 105996
Insert  tid 105996
FindTargetPageId rootid 3 tid 105994
target_page_id id: 1 tid 105994
0 1 tid 105994
365 2 tid 105994
195 tid 105994
Insert  tid 105994
FindTargetPageId rootid 3 tid 105994
target_page_id id: 1 tid 105994
0 1 tid 105994
365 2 tid 105994
196 tid 105994
Insert  tid 105994
FindTargetPageId rootid 3 tid 105994
target_page_id id: 1 tid 105994
0 1 tid 105994
365 2 tid 105994
197 tid 105994
Insert  tid 105994
FindTargetPageId rootid 3 tid 105995
target_page_id id: 1 tid 105995
0 1 tid 105995
365 2 tid 105995
198 tid 105995
Remove  tid 105995
FindTargetPageId rootid 3 tid 105996
target_page_id id: 1 tid 105996
0 1 tid 105996
365 2 tid 105996
197 tid 105996
Insert  tid 105996
FindTargetPageId rootid 3 tid 105994
target_page_id id: 1 tid 105994
0 1 tid 105994
365 2 tid 105994
198 tid 105994
Insert  tid 105994
FindTargetPageId rootid 3 tid 105995
target_page_id id: 1 tid 105995
0 1 tid 105995
365 2 tid 105995
199 tid 105995
Remove  tid 105995
FindTargetPageId rootid 3 tid 105996
target_page_id id: 1 tid 105996
0 1 tid 105996
365 2 tid 105996
198 tid 105996
Insert  tid 105996
FindTargetPageId rootid 3 tid 105994
target_page_id id: 1 tid 105994
0 1 tid 105994
365 2 tid 105994
199 tid 105994
Insert  tid 105994
FindTargetPageId rootid 3 tid 105995
target_page_id id: 1 tid 105995
0 1 tid 105995
365 2 tid 105995
200 tid 105995
Remove  tid 105995
FindTargetPageId rootid 3 tid 105996
target_page_id id: 1 tid 105996
0 1 tid 105996
365 2 tid 105996
199 tid 105996
Insert  tid 105996
FindTargetPageId rootid 3 tid 105994
target_page_id id: 1 tid 105994
0 1 tid 105994
365 2 tid 105994
200 tid 105994
Insert  tid 105994
FindTargetPageId rootid 3 tid 105995
target_page_id id: 1 tid 105995
0 1 tid 105995
365 2 tid 105995
201 tid 105995
Remove  tid 105995
FindTargetPageId rootid 3 tid 105996
target_page_id id: 1 tid 105996
0 1 tid 105996
365 2 tid 105996
200 tid 105996
Insert  tid 105996
FindTargetPageId rootid 3 tid 105996
target_page_id id: 1 tid 105996
0 1 tid 105996
365 2 tid 105996
201 tid 105996
Insert  tid 105996
FindTargetPageId rootid 3 tid 105995
target_page_id id: 1 tid 105995
0 1 tid 105995
365 2 tid 105995
202 tid 105995
FindTargetPageId rootid 3 tid 105994Remove  tid 
target_page_id id: 1 tid 105994
0 1 tid 105994
365 2 tid 105994
201 tid 105994
105995
FindTargetPageId rootid 3 tid 105996
target_page_id id: 1 tid 105996
0 1 tid 105996
365 2 tid 105996
Insert  tid 105994
202 tid 105996
Insert  tid 105996
FindTargetPageId rootid 3 tid 105995
target_page_id id: 1 tid 105995
0 1 tid 105995
365 2 tid 105995
203 tid 105995
Remove  tid 105995
FindTargetPageId rootid 3 tid 105995
target_page_id id: 1 tid 105995
0 1 tid 105995
365 2 tid 105995
202 tid 105995
Remove  tid 105995
FindTargetPageId rootid 3 tid 105995
target_page_id id: 1 tid 105995
0 1 tid 105995
365 2 tid 105995
201 tid 105995
Remove  tid 105995
FindTargetPageId rootid 3 tid 105995
target_page_id id: 1 tid 105995
0 1 tid 105995
365 2 tid 105995
200 tid 105995
Remove  tid 105995
FindTargetPageId rootid 3 tid 105995
target_page_id id: 1 tid 105995
0 1 tid 105995
365 2 tid 105995
199 tid 105995
Remove  tid 105995
FindTargetPageId rootid 3 tid 105995
target_page_id id: 1 tid 105995
0 1 tid 105995
365 2 tid 105995
198 tid 105995
Remove  tid 105995
FindTargetPageId rootid 3 tid 105995
target_page_id id: 1 tid 105995
0 1 tid 105995
365 2 tid 105995
197 tid 105995
Remove  tid 105995
FindTargetPageId rootid 3 tid 105995
target_page_id id: 1 tid 105995
0 1 tid 105995
365 2 tid 105995
196 tid 105995
Remove  tid 105995
FindTargetPageId rootid 3 tid 105995
target_page_id id: 1 tid 105995
0 1 tid 105995
365 2 tid 105995
195 tid 105995
Remove  tid 105995
FindTargetPageId rootid 3 tid 105995
target_page_id id: 1 tid 105995
0 1 tid 105995
365 2 tid 105995
194 tid 105995
Remove  tid 105995
FindTargetPageId rootid 3 tid 105995
target_page_id id: 1 tid 105995
0 1 tid 105995
365 2 tid 105995
193 tid 105995
Remove  tid 105995
FindTargetPageId rootid 3 tid 105995
target_page_id id: 1 tid 105995
0 1 tid 105995
365 2 tid 105995
192 tid 105995
Remove  tid 105995
FindTargetPageId rootid 3 tid 105995
target_page_id id: 1 tid 105995
0 1 tid 105995
365 2 tid 105995
191 tid 105995
Remove  tid 105995
FindTargetPageId rootid 3 tid 105996
target_page_id id: 1 tid 105996
0 1 tid 105996
365 2 tid 105996
190 tid 105996
Insert  tid 105996
FindTargetPageId rootid 3 tid 105996
target_page_id id: 1 tid 105996
0 1 tid 105996
365 2 tid 105996
191 tid 105996
Insert  tid 105996
FindTargetPageId rootid 3 tid 105995
target_page_id id: 1 tid 105995
0 1 tid 105995
365 2 tid 105995
192 tid 105995
Remove  tid 105995
FindTargetPageId rootid 3 tid 105994
target_page_id id: 1 tid 105994
0 1 tid 105994
365 2 tid 105994
191 tid 105994
Insert  tid 105994
FindTargetPageId rootid 3 tid 105996
target_page_id id: 1 tid 105996
0 1 tid 105996
365 2 tid 105996
192 tid 105996
Insert  tid 105996
FindTargetPageId rootid 3 tid 105995
target_page_id id: 1 tid 105995
0 1 tid 105995
365 2 tid 105995
193 tid 105995
Remove  tid 105995
FindTargetPageId rootid 3 tid 105994
target_page_id id: 1 tid 105994
0 1 tid 105994
365 2 tid 105994
192 tid 105994
Insert  tid 105994
FindTargetPageId rootid 3 tid 105996
target_page_id id: 1 tid 105996
0 1 tid 105996
365 2 tid 105996
193 tid 105996
Insert  tid 105996
FindTargetPageId rootid 3 tid 105995
target_page_id id: 1 tid 105995
0 1 tid 105995
365 2 tid 105995
194 tid 105995
Remove  tid 105995
FindTargetPageId rootid 3 tid 105994
target_page_id id: 1 tid 105994
0 1 tid 105994
365 2 tid 105994
193 tid 105994
Insert  tid 105994
FindTargetPageId rootid 3 tid 105996
target_page_id id: 1 tid 105996
0 1 tid 105996
365 2 tid 105996
194 tid 105996
Insert  tid 105996
FindTargetPageId rootid 3 tid 105995
target_page_id id: 1 tid 105995
0 1 tid 105995
365 2 tid 105995
195 tid 105995
Remove  tid 105995
FindTargetPageId rootid 3 tid 105995
target_page_id id: 1 tid 105995
0 1 tid 105995
365 2 tid 105995
194 tid 105995
Remove  tid 105995
FindTargetPageId rootid 3 tid 105994
target_page_id id: 1 tid 105994
0 1 tid 105994
365 2 tid 105994
193 tid 105994
Insert  tid 105994
FindTargetPageId rootid 3 tid 105996
target_page_id id: 1 tid 105996
0 1 tid 105996
365 2 tid 105996
194 tid 105996
Insert  tid 105996
FindTargetPageId rootid 3 tid 105995
target_page_id id: 1 tid 105995
0 1 tid 105995
365 2 tid 105995
195 tid 105995
FindTargetPageId rootid 3 tid 105994
target_page_id id: 1 tid 105994
0 1 tid 105994
365 2 tid 105994
194 tid 105994
Insert  tid 105994
FindTargetPageId rootid 3 tid 105994
target_page_id id: 1 tid 105994
0 1 tid 105994
365 2 tid 105994
195 tid 105994
Remove  tid 105995
Insert  tid 105994
FindTargetPageId rootid 3 tid 105996
target_page_id id: 1 tid 105996
0 1 tid 105996
365 2 tid 105996
196 tid 105996
Insert  tid 105996
FindTargetPageId rootid 3 tid 105995
target_page_id id: 1 tid 105995
0 1 tid 105995
365 2 tid 105995
197 tid 105995
Remove  tid 105995
FindTargetPageId rootid 3 tid 105995
target_page_id id: 1 tid 105995
0 1 tid 105995
365 2 tid 105995
196 tid 105995
Remove  tid 105995
FindTargetPageId rootid 3 tid 105996
target_page_id id: 1 tid 105996
0 1 tid 105996
365 2 tid 105996
195 tid 105996
Insert  tid 105996
FindTargetPageId rootid 3 tid 105994
target_page_id id: 1 tid 105994
0 1 tid 105994
365 2 tid 105994
196 tid 105994
Insert  tid 105994
FindTargetPageId rootid 3 tid 105995
target_page_id id: 1 tid 105995
0 1 tid 105995
365 2 tid 105995
197 tid 105995
Remove  tid 105995
FindTargetPageId rootid 3 tid 105996
target_page_id id: 1 tid 105996
0 1 tid 105996
365 2 tid 105996
196 tid 105996
Insert  tid 105996
FindTargetPageId rootid 3 tid 105994
target_page_id id: 1 tid 105994
0 1 tid 105994
365 2 tid 105994
197 tid 105994
Insert  tid 105994
FindTargetPageId rootid 3 tid 105994
target_page_id id: 1 tid 105994
0 1 tid 105994
365 2 tid 105994
198 tid 105994
Insert  tid 105994
FindTargetPageId rootid 3 tid 105996
target_page_id id: 1 tid 105996
0 1 tid 105996
365 2 tid 105996
199 tid 105996
Insert  tid 105996
FindTargetPageId rootid 3 tid 105996
target_page_id id: 1 tid 105996
0 1 tid 105996
365 2 tid 105996
200 tid 105996
Insert  tid 105996
FindTargetPageId rootid 3 tid 105996
target_page_id id: 1 tid 105996
0 1 tid 105996
365 2 tid 105996
201 tid 105996
Insert  tid 105996
FindTargetPageId rootid 3 tid 105996
target_page_id id: 1 tid 105996
0 1 tid 105996
365 2 tid 105996
202 tid 105996
Insert  tid 105996
FindTargetPageId rootid 3 tid 105996
target_page_id id: 1 tid 105996
0 1 tid 105996
365 2 tid 105996
203 tid 105996
Insert  tid 105996
FindTargetPageId rootid 3 tid 105995
target_page_id id: 1 tid 105995
0 1 tid 105995
365 2 tid 105995
204 tid 105995
Remove  tid 105995
FindTargetPageId rootid 3 tid 105994
target_page_id id: 1 tid 105994
0 1 tid 105994
365 2 tid 105994
203 tid 105994
Insert  tid 105994
FindTargetPageId rootid 3 tid 105996
target_page_id id: 1 tid 105996
0 1 tid 105996
365 2 tid 105996
204 tid 105996
Insert  tid 105996
FindTargetPageId rootid 3 tid 105995
target_page_id id: 1 tid 105995
0 1 tid 105995
365 2 tid 105995
205 tid 105995
Remove  tid 105995
FindTargetPageId rootid 3 tid 105994
target_page_id id: 1 tid 105994
0 1 tid 105994
365 2 tid 105994
204 tid 105994
Insert  tid 105994
FindTargetPageId rootid 3 tid 105996
target_page_id id: 1 tid 105996
0 1 tid 105996
365 2 tid 105996
205 tid 105996
Insert  tid 105996
FindTargetPageId rootid 3 tid 105995
target_page_id id: 1 tid 105995
0 1 tid 105995
365 2 tid 105995
206 tid 105995
Remove  tid 105995
FindTargetPageId rootid 3 tid 105994
target_page_id id: 1 tid 105994
0 1 tid 105994
365 2 tid 105994
205 tid 105994
Insert  tid 105994
FindTargetPageId rootid 3 tid 105996
target_page_id id: 1 tid 105996
0 1 tid 105996
365 2 tid 105996
206 tid 105996
Insert  tid 105996
FindTargetPageId rootid 3 tid 105995
target_page_id id: 1 tid 105995
0 1 tid 105995
365 2 tid 105995
207 tid 105995
Remove  tid 105995
FindTargetPageId rootid 3 tid 105994
target_page_id id: 1 tid 105994
0 1 tid 105994
365 2 tid 105994
206 tid 105994
Insert  tid 105994
FindTargetPageId rootid 3 tid 105996
target_page_id id: 1 tid 105996
0 1 tid 105996
365 2 tid 105996
207 tid 105996
Insert  tid 105996
FindTargetPageId rootid 3 tid 105995
target_page_id id: 1 tid 105995
0 1 tid 105995
365 2 tid 105995
208 tid 105995
Remove  tid 105995
FindTargetPageId rootid 3 tid 105994
target_page_id id: 1 tid 105994
0 1 tid 105994
365 2 tid 105994
207 tid 105994
Insert  tid 105994
FindTargetPageId rootid 3 tid 105996
target_page_id id: 1 tid 105996
0 1 tid 105996
365 2 tid 105996
208 tid 105996
Insert  tid 105996
FindTargetPageId rootid 3 tid 105995
target_page_id id: 1 tid 105995
0 1 tid 105995
365 2 tid 105995
209 tid 105995
Remove  tid 105995
FindTargetPageId rootid 3 tid 105994
target_page_id id: 1 tid 105994
0 1 tid 105994
365 2 tid 105994
208 tid 105994
FindTargetPageId rootid 3 tid 105996
target_page_id id: 1 tid 105996
0 1 tid 105996
365 2 tid 105996
209 tid 105996
Insert  tid 105994
Insert  tid 105996
FindTargetPageId rootid 3 tid 105994
target_page_id id: 1 tid 105994
0 1 tid 105994
365 2 tid 105994
210 tid 105994
Insert  tid 105994
FindTargetPageId rootid 3 tid 105996
target_page_id id: 1 tid 105996
0 1 tid 105996
365 2 tid 105996
211 tid 105996
Insert  tid 105996
FindTargetPageId rootid 3 tid 105995
target_page_id id: 1 tid 105995
0 1 tid 105995
365 2 tid 105995
212 tid 105995
Remove  tid 105995
FindTargetPageId rootid 3 tid 105994
target_page_id id: 1 tid 105994
0 1 tid 105994
365 2 tid 105994
211 tid 105994
Insert  tid 105994
FindTargetPageId rootid 3 tid 105996
target_page_id id: 1 tid 105996
0 1 tid 105996
365 2 tid 105996
212 tid 105996
Insert  tid 105996
FindTargetPageId rootid 3 tid 105995
target_page_id id: 1 tid 105995
0 1 tid 105995
365 2 tid 105995
213 tid 105995
Remove  tid 105995
FindTargetPageId rootid 3 tid 105995
target_page_id id: 1 tid 105995
0 1 tid 105995
365 2 tid 105995
212 tid 105995
Remove  tid 105995
FindTargetPageId rootid 3 tid 105995
target_page_id id: 1 tid 105995
0 1 tid 105995
365 2 tid 105995
211 tid 105995
Remove  tid 105995
FindTargetPageId rootid 3 tid 105996
target_page_id id: 1 tid 105996
0 1 tid 105996
365 2 tid 105996
210 tid 105996
Insert  tid 105996
FindTargetPageId rootid 3 tid 105994
target_page_id id: 1 tid 105994
0 1 tid 105994
365 2 tid 105994
211 tid 105994
Insert  tid 105994
FindTargetPageId rootid 3 tid 105995
target_page_id id: 1 tid 105995
0 1 tid 105995
365 2 tid 105995
212 tid 105995
Remove  tid 105995
FindTargetPageId rootid 3 tid 105996
target_page_id id: 1 tid 105996
0 1 tid 105996
365 2 tid 105996
211 tid 105996
Insert  tid 105996
FindTargetPageId rootid 3 tid 105994
target_page_id id: 1 tid 105994
0 1 tid 105994
365 2 tid 105994
212 tid 105994
Insert  tid 105994
FindTargetPageId rootid 3 tid 105995
target_page_id id: 1 tid 105995
0 1 tid 105995
365 2 tid 105995
213 tid 105995
Remove  tid 105995
FindTargetPageId rootid 3 tid 105996
target_page_id id: 1 tid 105996
0 1 tid 105996
365 2 tid 105996
212 tid 105996
Insert  tid 105996
FindTargetPageId rootid 3 tid 105994
target_page_id id: 1 tid 105994
0 1 tid 105994
365 2 tid 105994
213 tid 105994
FindTargetPageId rootid 3 tid 105995
target_page_id id: 1 tid 105995
0 1 tid 105995
365 2 tid 105995
Insert  tid 214105994 tid 
105995
FindTargetPageId rootid 3 tid 105996
target_page_id id: 1 tid 105996
0 1 tid 105996
365 2 tid 105996
Remove  tid 213 tid 105995105996

Insert  tid 105996
FindTargetPageId rootid 3 tid 105995
target_page_id id: 1 tid 105995
0 1 tid 105995
365 2 tid 105995
214 tid 105995
Remove  tid 105995
FindTargetPageId rootid 3 tid 105996
target_page_id id: 1 tid 105996
0 1 tid 105996
365 2 tid 105996
213 tid 105996
Insert  tid 105996
FindTargetPageId rootid 3 tid 105994
target_page_id id: 1 tid 105994
0 1 tid 105994
365 2 tid 105994
214 tid 105994
Insert  tid 105994
FindTargetPageId rootid 3 tid 105995
target_page_id id: 1 tid 105995
0 1 tid 105995
365 2 tid 105995
215 tid 105995
Remove  tid 105995
FindTargetPageId rootid 3 tid 105996
target_page_id id: 1 tid 105996
0 1 tid 105996
365 2 tid 105996
214 tid 105996
Insert  tid 105996
FindTargetPageId rootid 3 tid 105994
target_page_id id: 1 tid 105994
0 1 tid 105994
365 2 tid 105994
215 tid 105994
Insert  tid 105994
FindTargetPageId rootid 3 tid 105995
target_page_id id: 1 tid 105995
0 1 tid 105995
365 2 tid 105995
216 tid 105995
Remove  tid 105995
FindTargetPageId rootid 3 tid 105996
target_page_id id: 1 tid 105996
0 1 tid 105996
365 2 tid 105996
215 tid 105996
Insert  tid 105996
FindTargetPageId rootid 3 tid 105994
target_page_id id: 1 tid 105994
0 1 tid 105994
365 2 tid 105994
216 tid 105994
Insert  tid 105994
FindTargetPageId rootid 3 tid 105995
target_page_id id: 1 tid 105995
0 1 tid 105995
365 2 tid 105995
217 tid 105995
Remove  tid 105995
FindTargetPageId rootid 3 tid 105995
target_page_id id: 1 tid 105995
0 1 tid 105995
365 2 tid 105995
216 tid 105995
Remove  tid 105995
FindTargetPageId rootid 3 tid 105995
target_page_id id: 1 tid 105995
0 1 tid 105995
365 2 tid 105995
215 tid 105995
Remove  tid 105995
FindTargetPageId rootid 3 tid 105996
target_page_id id: 1 tid 105996
0 1 tid 105996
365 2 tid 105996
214 tid 105996
Insert  tid 105996
FindTargetPageId rootid 3 tid 105996
target_page_id id: 1 tid 105996
0 1 tid 105996
365 2 tid 105996
215 tid 105996
Insert  tid 105996
FindTargetPageId rootid 3 tid 105995
target_page_id id: 1 tid 105995
0 1 tid 105995
365 2 tid 105995
216 tid 105995
Remove  tid 105995
FindTargetPageId rootid 3 tid 105994
target_page_id id: 1 tid 105994
0 1 tid 105994
365 2 tid 105994
215 tid 105994
Insert  tid 105994
FindTargetPageId rootid 3 tid 105996
target_page_id id: 1 tid 105996
0 1 tid 105996
365 2 tid 105996
216 tid 105996
FindTargetPageId rootid 3 tid 105995
target_page_id id: 1 tid 105995
0 1 tid 105995
365 2 tid 105995
Insert 217 tid 105995
 tid 105996
FindTargetPageId rootid 3 tid 105994
target_page_id id: 1 tid 105994
0 1 tid 105994
365 2 tid 105994
216 tid 105994
Insert  tid 105994
FindTargetPageId rootid 3 tid 105996
target_page_id id: 1 tid 105996
0 1 tid 105996
365 2 tid 105996
Remove  tid 105995
217 tid 105996
Insert  tid 105996
FindTargetPageId rootid 3 tid 105994
target_page_id id: 1 tid 105994
0 1 tid 105994
365 2 tid 105994
218 tid 105994
Insert  tid 105994
FindTargetPageId rootid 3 tid 105995
target_page_id id: 1 tid 105995
0 1 tid 105995
365 2 tid 105995
219 tid 105995
Remove  tid 105995
FindTargetPageId rootid 3 tid 105995
target_page_id id: 1 tid 105995
0 1 tid 105995
365 2 tid 105995
218 tid 105995
Remove  tid 105995
FindTargetPageId rootid 3 tid 105994
target_page_id id: 1 tid 105994
0 1 tid 105994
365 2 tid 105994
217 tid 105994
Insert  tid 105994
FindTargetPageId rootid 3 tid 105994
target_page_id id: 1 tid 105994
0 1 tid 105994
365 2 tid 105994
218 tid 105994
Insert  tid 105994
FindTargetPageId rootid 3 tid 105994
target_page_id id: 1 tid 105994
0 1 tid 105994
365 2 tid 105994
219 tid 105994
Insert  tid 105994
FindTargetPageId rootid 3 tid 105994
target_page_id id: 1 tid 105994
0 1 tid 105994
365 2 tid 105994
220 tid 105994
Insert  tid 105994
FindTargetPageId rootid 3 tid 105994
target_page_id id: 1 tid 105994
0 1 tid 105994
365 2 tid 105994
221 tid 105994
Insert  tid 105994
FindTargetPageId rootid 3 tid 105994
target_page_id id: 1 tid 105994
0 1 tid 105994
365 2 tid 105994
222 tid 105994
Insert  tid 105994
FindTargetPageId rootid 3 tid 105994
target_page_id id: 1 tid 105994
0 1 tid 105994
365 2 tid 105994
223 tid 105994
Insert  tid 105994
FindTargetPageId rootid 3 tid 105994
target_page_id id: 1 tid 105994
0 1 tid 105994
365 2 tid 105994
224 tid 105994
Insert  tid 105994
FindTargetPageId rootid 3 tid 105994
target_page_id id: 1 tid 105994
0 1 tid 105994
365 2 tid 105994
225 tid 105994
Insert  tid 105994
FindTargetPageId rootid 3 tid 105996
target_page_id id: 1 tid 105996
0 1 tid 105996
365 2 tid 105996
226 tid 105996
Insert  tid 105996
FindTargetPageId rootid 3 tid 105996
target_page_id id: 1 tid 105996
0 1 tid 105996
365 2 tid 105996
227 tid 105996
Insert  tid 105996
FindTargetPageId rootid 3 tid 105996
target_page_id id: 1 tid 105996
0 1 tid 105996
365 2 tid 105996
228 tid 105996
Insert  tid 105996
FindTargetPageId rootid 3 tid 105996
target_page_id id: 1 tid 105996
0 1 tid 105996
365 2 tid 105996
229 tid 105996
Insert  tid 105996
FindTargetPageId rootid 3 tid 105995
target_page_id id: 1 tid 105995
0 1 tid 105995
365 2 tid 105995
230 tid 105995
Remove  tid 105995
FindTargetPageId rootid 3 tid 105995
target_page_id id: 1 tid 105995
0 1 tid 105995
365 2 tid 105995
229 tid 105995
Remove  tid 105995
FindTargetPageId rootid 3 tid 105996
target_page_id id: 1 tid 105996
0 1 tid 105996
365 2 tid 105996
228 tid 105996
Insert  tid 105996
FindTargetPageId rootid 3 tid 105994
target_page_id id: 1 tid 105994
0 1 tid 105994
365 2 tid 105994
229 tid 105994
Insert  tid 105994
FindTargetPageId rootid 3 tid 105995
target_page_id id: 1 tid 105995
0 1 tid 105995
365 2 tid 105995
230 tid 105995
Remove FindTargetPageId rootid  tid 3 tid 105996
target_page_id id: 1 tid 105996
0 1 tid 105996
365 2 tid 105996
229 tid 105996
Insert  tid 105996
FindTargetPageId rootid 3 tid 105994
target_page_id id: 1 tid 105994
0 1 tid 105994
365 2 tid 105994
230 tid 105994
Insert  tid 105994
105995
FindTargetPageId rootid 3 tid 105994
target_page_id id: 1 tid 105994
0 1 tid 105994
365 2 tid 105994
231 tid 105994
Insert  tid 105994
FindTargetPageId rootid 3 tid 105994
target_page_id id: 1 tid 105994
0 1 tid 105994
365 2 tid 105994
232 tid 105994
Insert  tid 105994
FindTargetPageId rootid 3 tid 105994
target_page_id id: 1 tid 105994
0 1 tid 105994
365 2 tid 105994
233 tid 105994
Insert  tid 105994
FindTargetPageId rootid 3 tid 105995
target_page_id id: 1 tid 105995
0 1 tid 105995
365 2 tid 105995
234 tid 105995
Remove  tid 105995
FindTargetPageId rootid 3 tid 105995
target_page_id id: 1 tid 105995
0 1 tid 105995
365 2 tid 105995
233 tid 105995
Remove  tid 105995
FindTargetPageId rootid 3 tid 105995
target_page_id id: 1 tid 105995
0 1 tid 105995
365 2 tid 105995
232 tid 105995
Remove  tid 105995
FindTargetPageId rootid 3 tid 105994
target_page_id id: 1 tid 105994
0 1 tid 105994
365 2 tid 105994
231 tid 105994
Insert  tid 105994
FindTargetPageId rootid 3 tid 105996
target_page_id id: 1 tid 105996
0 1 tid 105996
365 2 tid 105996
232 tid 105996
Insert  tid 105996
FindTargetPageId rootid 3 tid 105996
target_page_id id: 1 tid 105996
0 1 tid 105996
365 2 tid 105996
233 tid 105996
Insert  tid 105996
FindTargetPageId rootid 3 tid 105996
target_page_id id: 1 tid 105996
0 1 tid 105996
365 2 tid 105996
234 tid 105996
Insert  tid 105996
FindTargetPageId rootid 3 tid 105996
target_page_id id: 1 tid 105996
0 1 tid 105996
365 2 tid 105996
235 tid 105996
Insert  tid 105996
FindTargetPageId rootid 3 tid 105995
target_page_id id: 1 tid 105995
0 1 tid 105995
365 2 tid 105995
236 tid 105995
Remove  tid 105995
FindTargetPageId rootid 3 tid 105994
target_page_id id: 1 tid 105994
0 1 tid 105994
365 2 tid 105994
235 tid 105994
Insert  tid 105994
FindTargetPageId rootid 3 tid 105996
target_page_id id: 1 tid 105996
0 1 tid 105996
365 2 tid 105996
236 tid 105996
Insert  tid 105996
FindTargetPageId rootid 3 tid 105996
target_page_id id: 1 tid 105996
0 1 tid 105996
365 2 tid 105996
237 tid 105996
Insert  tid 105996
FindTargetPageId rootid 3 tid 105994
target_page_id id: 1 tid 105994
0 1 tid 105994
365 2 tid 105994
238 tid 105994
Insert  tid 105994
FindTargetPageId rootid 3 tid 105995
target_page_id id: 1 tid 105995
0 1 tid 105995
365 2 tid 105995
239 tid 105995
Remove  tid 105995
FindTargetPageId rootid 3 tid 105995
target_page_id id: 1 tid 105995
0 1 tid 105995
365 2 tid 105995
238 tid 105995
Remove  tid 105995
FindTargetPageId rootid 3 tid 105995
target_page_id id: 1 tid 105995
0 1 tid 105995
365 2 tid 105995
237 tid 105995
Remove  tid 105995
FindTargetPageId rootid 3 tid 105995
target_page_id id: 1 tid 105995
0 1 tid 105995
365 2 tid 105995
236 tid 105995
Remove  tid 105995
FindTargetPageId rootid 3 tid 105995
target_page_id id: 1 tid 105995
0 1 tid 105995
365 2 tid 105995
235 tid 105995
Remove  tid 105995
FindTargetPageId rootid 3 tid 105995
target_page_id id: 1 tid 105995
0 1 tid 105995
365 2 tid 105995
234 tid 105995
Remove  tid 105995
FindTargetPageId rootid 3 tid 105995
target_page_id id: 1 tid 105995
0 1 tid 105995
365 2 tid 105995
233 tid 105995
Remove  tid 105995
FindTargetPageId rootid 3 tid 105995
target_page_id id: 1 tid 105995
0 1 tid 105995
365 2 tid 105995
232 tid 105995
Remove  tid 105995
FindTargetPageId rootid 3 tid 105995
target_page_id id: 1 tid 105995
0 1 tid 105995
365 2 tid 105995
231 tid 105995
Remove  tid 105995
FindTargetPageId rootid 3 tid 105995
target_page_id id: 1 tid 105995
0 1 tid 105995
365 2 tid 105995
230 tid 105995
Remove  tid 105995
FindTargetPageId rootid 3 tid 105995
target_page_id id: 1 tid 105995
0 1 tid 105995
365 2 tid 105995
229 tid 105995
Remove  tid 105995
FindTargetPageId rootid 3 tid 105995
target_page_id id: 1 tid 105995
0 1 tid 105995
365 2 tid 105995
228 tid 105995
Remove  tid 105995
FindTargetPageId rootid 3 tid 105995
target_page_id id: 1 tid 105995
0 1 tid 105995
365 2 tid 105995
227 tid 105995
Remove  tid 105995
FindTargetPageId rootid 3 tid 105995
target_page_id id: 1 tid 105995
0 1 tid 105995
365 2 tid 105995
227 tid 105995
Remove  tid 105995
FindTargetPageId rootid 3 tid 105995
target_page_id id: 1 tid 105995
0 1 tid 105995
365 2 tid 105995
227 tid 105995
FindTargetPageId rootid 3 tid 105996
target_page_id id: 1 tid 105996
0 1 tid 105996
Remove  tid 365105995
 2 tid 105996
227 tid 105996
Insert  tid 105996
FindTargetPageId rootid 3 tid 105996
target_page_id id: 1 tid 105996
0 1 tid 105996
365 2 tid 105996
228 tid 105996
Insert  tid 105996
FindTargetPageId rootid 3 tid 105996
target_page_id id: 1 tid 105996
0 1 tid 105996
365 2 tid 105996
229 tid 105996
Insert  tid 105996
FindTargetPageId rootid 3 tid 105996
target_page_id id: 1 tid 105996
0 1 tid 105996
365 2 tid 105996
230 tid 105996
Insert  tid 105996
FindTargetPageId rootid 3 tid 105996
target_page_id id: 1 tid 105996
0 1 tid 105996
365 2 tid 105996
231 tid 105996
Insert  tid 105996
FindTargetPageId rootid 3 tid 105994
target_page_id id: 1 tid 105994
0 1 tid 105994
365 2 tid 105994
232 tid 105994
Insert  tid 105994
FindTargetPageId rootid 3 tid 105995
target_page_id id: 1 tid 105995
0 1 tid 105995
365 2 tid 105995
233 tid 105995
Remove  tid 105995
FindTargetPageId rootid 3 tid 105995
target_page_id id: 1 tid 105995
0 1 tid 105995
365 2 tid 105995
232 tid 105995
Remove  tid 105995
FindTargetPageId rootid 3 tid 105995
target_page_id id: 1 tid 105995
0 1 tid 105995
365 2 tid 105995
231 tid 105995
Remove  tid 105995
FindTargetPageId rootid 3 tid 105994
target_page_id id: 1 tid 105994
0 1 tid 105994
365 2 tid 105994
231 tid 105994
Insert  tid 105994
FindTargetPageId rootid 3 tid 105996
target_page_id id: 1 tid 105996
0 1 tid 105996
365 2 tid 105996
232 tid 105996
Insert  tid 105996
FindTargetPageId rootid 3 tid 105995
target_page_id id: 1 tid 105995
0 1 tid 105995
365 2 tid 105995
233 tid 105995
Remove  tid 105995
FindTargetPageId rootid 3 tid 105994
target_page_id id: 1 tid 105994
0 1 tid 105994
365 2 tid 105994
233 tid 105994
Insert  tid 105994
FindTargetPageId rootid 3 tid 105996
target_page_id id: 1 tid 105996
0 1 tid 105996
365 2 tid 105996
234 tid 105996
Insert  tid 105996
FindTargetPageId rootid 3 tid 105995
target_page_id id: 1 tid 105995
0 1 tid 105995
365 2 tid 105995
235 tid 105995
FindTargetPageId rootid 3 tid 105994
target_page_id id: 1 tid 105994
0 1 tid 105994
365 2 tid 105994
235 tid 105994
Insert  tid 105994
FindTargetPageId rootid 3 tid 105996
target_page_id id: 1 tid 105996
0 1 tid 105996
365 2 tid 105996
236 tid 105996
Remove  tid 105995
FindTargetPageId rootid 3 tid 105995
Insert  tid 105996
target_page_id id: 1 tid 105995
0 1 tid 105995
365 2 tid 105995
237 tid 105995
Remove  tid 105995
FindTargetPageId rootid 3 tid 105996
target_page_id id: 1 tid 105996
0 1 tid 105996
365 2 tid 105996
237 tid 105996
Insert  tid 105996
FindTargetPageId rootid 3 tid 105996
target_page_id id: 1 tid 105996
0 1 tid 105996
365 2 tid 105996
238 tid 105996
Insert  tid 105996
FindTargetPageId rootid 3 tid 105996
target_page_id id: 1 tid 105996
0 1 tid 105996
365 2 tid 105996
239 tid 105996
Insert  tid 105996
FindTargetPageId rootid 3 tid 105996
target_page_id id: 1 tid 105996
0 1 tid 105996
365 2 tid 105996
240 tid 105996
Insert  tid 105996
FindTargetPageId rootid 3 tid 105995
target_page_id id: 1 tid 105995
0 1 tid 105995
365 2 tid 105995
241 tid 105995
Remove  tid 105995
FindTargetPageId rootid 3 tid 105994
target_page_id id: 1 tid 105994
0 1 tid 105994
365 2 tid 105994
240 tid 105994
Insert  tid 105994
FindTargetPageId rootid 3 tid 105996
target_page_id id: 1 tid 105996
0 1 tid 105996
365 2 tid 105996
241 tid 105996
Insert  tid 105996
FindTargetPageId rootid 3 tid 105996
target_page_id id: 1 tid 105996
0 1 tid 105996
365 2 tid 105996
242 tid 105996
Insert  tid 105996
FindTargetPageId rootid 3 tid 105996
target_page_id id: 1 tid 105996
0 1 tid 105996
365 2 tid 105996
243 tid 105996
Insert  tid 105996
FindTargetPageId rootid 3 tid 105996
target_page_id id: 1 tid 105996
0 1 tid 105996
365 2 tid 105996
244 tid 105996
Insert  tid 105996
FindTargetPageId rootid 3 tid 105995
target_page_id id: 1 tid 105995
0 1 tid 105995
365 2 tid 105995
245 tid 105995
Remove  tid 105995
FindTargetPageId rootid 3 tid 105995
target_page_id id: 1 tid 105995
0 1 tid 105995
365 2 tid 105995
244 tid 105995
Remove  tid 105995
FindTargetPageId rootid 3 tid 105995
target_page_id id: 1 tid 105995
0 1 tid 105995
365 2 tid 105995
243 tid 105995
Remove  tid 105995
FindTargetPageId rootid 3 tid 105996
target_page_id id: 1 tid 105996
0 1 tid 105996
365 2 tid 105996
242 tid 105996
Insert  tid 105996
FindTargetPageId rootid 3 tid 105996
target_page_id id: 1 tid 105996
0 1 tid 105996
365 2 tid 105996
243 tid 105996
Insert  tid 105996
FindTargetPageId rootid 3 tid 105996
target_page_id id: 1 tid 105996
0 1 tid 105996
365 2 tid 105996
244 tid 105996
Insert  tid 105996
FindTargetPageId rootid 3 tid 105996
target_page_id id: 1 tid 105996
0 1 tid 105996
365 2 tid 105996
245 tid 105996
Insert  tid 105996
FindTargetPageId rootid 3 tid 105996
target_page_id id: 1 tid 105996
0 1 tid 105996
365 2 tid 105996
246 tid 105996
Insert  tid 105996
FindTargetPageId rootid 3 tid 105994
target_page_id id: 1 tid 105994
0 1 tid 105994
365 2 tid 105994
247 tid 105994
Insert  tid 105994
FindTargetPageId rootid 3 tid 105994
target_page_id id: 1 tid 105994
0 1 tid 105994
365 2 tid 105994
248 tid 105994
Insert  tid 105994
FindTargetPageId rootid 3 tid 105994
target_page_id id: 1 tid 105994
0 1 tid 105994
365 2 tid 105994
249 tid 105994
Insert  tid 105994
FindTargetPageId rootid 3 tid 105994
target_page_id id: 1 tid 105994
0 1 tid 105994
365 2 tid 105994
250 tid 105994
Insert  tid 105994
FindTargetPageId rootid 3 tid 105996
target_page_id id: 1 tid 105996
0 1 tid 105996
365 2 tid 105996
251 tid 105996
Insert  tid 105996
FindTargetPageId rootid 3 tid 105996
target_page_id id: 1 tid 105996
0 1 tid 105996
365 2 tid 105996
252 tid 105996
Insert  tid 105996
FindTargetPageId rootid 3 tid 105996
target_page_id id: 1 tid 105996
0 1 tid 105996
365 2 tid 105996
253 tid 105996
Insert  tid 105996
FindTargetPageId rootid 3 tid 105996
target_page_id id: 1 tid 105996
0 1 tid 105996
365 2 tid 105996
254 tid 105996
Insert  tid 105996
FindTargetPageId rootid 3 tid 105994
target_page_id id: 4 tid 105994
0 1 tid 105994
149 4 tid 105994
365 2 tid 105994
128 tid 105994
Insert  tid 105994
FindTargetPageId rootid 3 tid 105995
target_page_id id: 4 tid 105995
0 1 tid 105995
149 4 tid 105995
365 2 tid 105995
129 tid 105995
Remove  tid 105995
FindTargetPageId rootid 3 tid 105996
target_page_id id: 4 tid 105996
0 1 tid 105996
149 4 tid 105996
365 2 tid 105996
128 tid 105996
Insert  tid 105996
FindTargetPageId rootid 3 tid 105994
target_page_id id: 4 tid 105994
0 1 tid 105994
149 4 tid 105994
365 2 tid 105994
129 tid 105994
Insert  tid 105994
FindTargetPageId rootid 3 tid 105994
target_page_id id: 4 tid 105994
0 1 tid 105994
149 4 tid 105994
365 2 tid 105994
130 tid 105994
Insert  tid 105994
FindTargetPageId rootid 3 tid 105996
target_page_id id: 4 tid 105996
0 1 tid 105996
149 4 tid 105996
365 2 tid 105996
131 tid 105996
Insert  tid 105996
FindTargetPageId rootid 3 tid 105995
target_page_id id: 4 tid 105995
0 1 tid 105995
149 4 tid 105995
365 2 tid 105995
132 tid 105995
Remove  tid 105995
FindTargetPageId rootid 3 tid 105994
target_page_id id: 4 tid 105994
0 1 tid 105994
149 4 tid 105994
365 2 tid 105994
131 tid 105994
Insert  tid 105994
FindTargetPageId rootid 3 tid 105996
target_page_id id: 4 tid 105996
0 1 tid 105996
149 4 tid 105996
365 2 tid 105996
132 tid 105996
Insert  tid 105996
FindTargetPageId rootid 3 tid 105996
target_page_id id: 4 tid 105996
0 1 tid 105996
149 4 tid 105996
365 2 tid 105996
133 tid 105996
Insert  tid 105996
FindTargetPageId rootid 3 tid 105996
target_page_id id: 4 tid 105996
0 1 tid 105996
149 4 tid 105996
365 2 tid 105996
134 tid 105996
Insert  tid 105996
FindTargetPageId rootid 3 tid 105996
target_page_id id: 4 tid 105996
0 1 tid 105996
149 4 tid 105996
365 2 tid 105996
135 tid 105996
Insert  tid 105996
FindTargetPageId rootid 3 tid 105996
target_page_id id: 4 tid 105996
0 1 tid 105996
149 4 tid 105996
365 2 tid 105996
136 tid 105996
FindTargetPageId rootid 3 tid 105994
target_page_id id: 4 tid 105994
0 1 tid 105994
149 4 tid 105994
365 2 tid 105994
137 tid 105994
Insert  tid 105996
Insert  tid 105994
FindTargetPageId rootid 3 tid 105996
target_page_id id: 4 tid 105996
0 1 tid 105996
149 4 tid 105996
365 2 tid 105996
138 tid 105996
Insert  tid 105996
FindTargetPageId rootid 3 tid 105996
target_page_id id: 4 tid 105996
0 1 tid 105996
149 4 tid 105996
365 2 tid 105996
139 tid 105996
Insert  tid 105996
FindTargetPageId rootid 3 tid 105995
target_page_id id: 4 tid 105995
0 1 tid 105995
149 4 tid 105995
365 2 tid 105995
140 tid 105995
Remove  tid 105995
FindTargetPageId rootid 3 tid 105995
target_page_id id: 4 tid 105995
0 1 tid 105995
149 4 tid 105995
365 2 tid 105995
139 tid 105995
Remove  tid 105995
FindTargetPageId rootid 3 tid 105995
target_page_id id: 4 tid 105995
0 1 tid 105995
149 4 tid 105995
365 2 tid 105995
138 tid 105995
Remove  tid 105995
FindTargetPageId rootid 3 tid 105995
target_page_id id: 4 tid 105995
0 1 tid 105995
149 4 tid 105995
365 2 tid 105995
137 tid 105995
Remove  tid 105995
FindTargetPageId rootid 3 tid 105994
target_page_id id: 4 tid 105994
0 1 tid 105994
149 4 tid 105994
365 2 tid 105994
136 tid 105994
Insert  tid 105994
FindTargetPageId rootid 3 tid 105996
target_page_id id: 4 tid 105996
0 1 tid 105996
149 4 tid 105996
365 2 tid 105996
137 tid 105996
Insert  tid 105996
FindTargetPageId rootid 3 tid 105995
target_page_id id: 4 tid 105995
0 1 tid 105995
149 4 tid 105995
365 2 tid 105995
138 tid 105995
Remove  tid FindTargetPageId rootid 3 tid 105995
105994
target_page_id id: 4 tid 105994
0 1 tid 105994
149 4 tid 105994
365 2 tid 105994
137 tid 105994
Insert  tid 105994
FindTargetPageId rootid 3 tid 105996
target_page_id id: 4 tid 105996
0 1 tid 105996
149 4 tid 105996
365 2 tid 105996
138 tid 105996
Insert  tid 105996
FindTargetPageId rootid 3 tid 105996
target_page_id id: 4 tid 105996
0 1 tid 105996
149 4 tid 105996
365 2 tid 105996
139 tid 105996
Insert  tid 105996
FindTargetPageId rootid 3 tid 105994
target_page_id id: 4 tid 105994
0 1 tid 105994
149 4 tid 105994
365 2 tid 105994
140 tid 105994
Insert  tid 105994
FindTargetPageId rootid 3 tid 105995
target_page_id id: 4 tid 105995
0 1 tid 105995
149 4 tid 105995
365 2 tid 105995
141 tid 105995
Remove  tid 105995
FindTargetPageId rootid 3 tid 105996
target_page_id id: 4 tid 105996
0 1 tid 105996
149 4 tid 105996
365 2 tid 105996
140 tid 105996
Insert  tid 105996
FindTargetPageId rootid 3 tid 105994
target_page_id id: 4 tid 105994
0 1 tid 105994
149 4 tid 105994
365 2 tid 105994
141 tid 105994
Insert  tid 105994
FindTargetPageId rootid 3 tid 105994
target_page_id id: 4 tid 105994
0 1 tid 105994
149 4 tid 105994
365 2 tid 105994
142 tid 105994
Insert  tid 105994
FindTargetPageId rootid 3 tid 105994
target_page_id id: 4 tid 105994
0 1 tid 105994
149 4 tid 105994
365 2 tid 105994
143 tid 105994
Insert  tid 105994
FindTargetPageId rootid 3 tid 105994
target_page_id id: 4 tid 105994
0 1 tid 105994
149 4 tid 105994
365 2 tid 105994
144 tid 105994
Insert  tid 105994
FindTargetPageId rootid 3 tid 105994
target_page_id id: 4 tid 105994
0 1 tid 105994
149 4 tid 105994
365 2 tid 105994
145 tid 105994
Insert  tid 105994
FindTargetPageId rootid 3 tid 105994
target_page_id id: 4 tid 105994
0 1 tid 105994
149 4 tid 105994
365 2 tid 105994
146 tid 105994
Insert  tid 105994
FindTargetPageId rootid 3 tid 105994
target_page_id id: 4 tid 105994
0 1 tid 105994
149 4 tid 105994
365 2 tid 105994
147 tid 105994
Insert  tid 105994
FindTargetPageId rootid 3 tid 105994
target_page_id id: 4 tid 105994
0 1 tid 105994
149 4 tid 105994
365 2 tid 105994
148 tid 105994
Insert  tid 105994
FindTargetPageId rootid 3 tid 105994
target_page_id id: 4 tid 105994
0 1 tid 105994
149 4 tid 105994
365 2 tid 105994
149 tid 105994
Insert  tid 105994
FindTargetPageId rootid 3 tid 105994
target_page_id id: 4 tid 105994
0 1 tid 105994
149 4 tid 105994
365 2 tid 105994
150 tid 105994
Insert  tid 105994
FindTargetPageId rootid 3 tid 105994
target_page_id id: 4 tid 105994
0 1 tid 105994
149 4 tid 105994
365 2 tid 105994
151 tid 105994
Insert  tid 105994
FindTargetPageId rootid 3 tid 105996
target_page_id id: 4 tid 105996
0 1 tid 105996
149 4 tid 105996
365 2 tid 105996
152 tid 105996
Insert  tid 105996
FindTargetPageId rootid 3 tid 105996
target_page_id id: 4 tid 105996
0 1 tid 105996
149 4 tid 105996
365 2 tid 105996
153 tid 105996
Insert  tid 105996
FindTargetPageId rootid 3 tid 105996
target_page_id id: 4 tid 105996
0 1 tid 105996
149 4 tid 105996
365 2 tid 105996
154 tid 105996
Insert  tid 105996
FindTargetPageId rootid 3 tid 105996
target_page_id id: 4 tid 105996
0 1 tid 105996
149 4 tid 105996
365 2 tid 105996
155 tid 105996
Insert  tid 105996
FindTargetPageId rootid 3 tid 105996
target_page_id id: 4 tid 105996
0 1 tid 105996
149 4 tid 105996
365 2 tid 105996
156 tid 105996
Insert  tid 105996
FindTargetPageId rootid 3 tid 105996
target_page_id id: 4 tid 105996
0 1 tid 105996
149 4 tid 105996
365 2 tid 105996
157 tid 105996
Insert  tid 105996
FindTargetPageId rootid 3 tid 105994
target_page_id id: 4 tid 105994
0 1 tid 105994
149 4 tid 105994
365 2 tid 105994
158 tid 105994
Insert  tid 105994
FindTargetPageId rootid 3 tid 105994
target_page_id id: 4 tid 105994
0 1 tid 105994
149 4 tid 105994
365 2 tid 105994
159 tid 105994
Insert  tid 105994
FindTargetPageId rootid 3 tid 105996
target_page_id id: 4 tid 105996
0 1 tid 105996
149 4 tid 105996
365 2 tid 105996
160 tid 105996
Insert  tid 105996
FindTargetPageId rootid 3 tid 105995
target_page_id id: 4 tid 105995
0 1 tid 105995
149 4 tid 105995
365 2 tid 105995
161 tid 105995
Remove  tid 105995
FindTargetPageId rootid 3 tid 105994
target_page_id id: 4 tid 105994
0 1 tid 105994
149 4 tid 105994
365 2 tid 105994
160 tid 105994
FindTargetPageId rootid 3 tid 105996
target_page_id id: 4 tid 105996
0 1 tid 105996
149 4 tid 105996
365 2 tid 105996
Insert  tid 105994
161 tid 105996
Insert  tid 105996
FindTargetPageId rootid 3 tid 105995
target_page_id id: 4 tid 105995
0 1 tid 105995
149 4 tid 105995
365 2 tid 105995
162 tid 105995
Remove  tid 105995
FindTargetPageId rootid 3 tid 105995
target_page_id id: 4 tid 105995
0 1 tid 105995
149 4 tid 105995
365 2 tid 105995
161 tid 105995
Remove  tid 105995
FindTargetPageId rootid 3 tid 105994
target_page_id id: 4 tid 105994
0 1 tid 105994
149 4 tid 105994
365 2 tid 105994
160 tid 105994
Insert  tid 105994
FindTargetPageId rootid 3 tid 105996
target_page_id id: 4 tid 105996
0 1 tid 105996
149 4 tid 105996
365 2 tid 105996
161 tid 105996
Insert  tid 105996
FindTargetPageId rootid 3 tid 105995
target_page_id id: 4 tid 105995
0 1 tid 105995
149 4 tid 105995
365 2 tid 105995
162 tid 105995
Remove  tid 105995
FindTargetPageId rootid 3 tid 105995
target_page_id id: 4 tid 105995
0 1 tid 105995
149 4 tid 105995
365 2 tid 105995
161 tid 105995
Remove  tid 105995
FindTargetPageId rootid 3 tid 105996
target_page_id id: 4 tid 105996
0 1 tid 105996
149 4 tid 105996
365 2 tid 105996
160 tid 105996
Insert  tid 105996
FindTargetPageId rootid 3 tid 105996
target_page_id id: 4 tid 105996
0 1 tid 105996
149 4 tid 105996
365 2 tid 105996
161 tid 105996
Insert  tid 105996
FindTargetPageId rootid 3 tid 105996
target_page_id id: 4 tid 105996
0 1 tid 105996
149 4 tid 105996
365 2 tid 105996
162 tid 105996
Insert  tid 105996
FindTargetPageId rootid 3 tid 105996
target_page_id id: 4 tid 105996
0 1 tid 105996
149 4 tid 105996
365 2 tid 105996
163 tid 105996
Insert  tid 105996
FindTargetPageId rootid 3 tid 105996
target_page_id id: 4 tid 105996
0 1 tid 105996
149 4 tid 105996
365 2 tid 105996
164 tid 105996
Insert  tid 105996
FindTargetPageId rootid 3 tid 105996
target_page_id id: 4 tid 105996
0 1 tid 105996
149 4 tid 105996
365 2 tid 105996
165 tid 105996
Insert  tid 105996
FindTargetPageId rootid 3 tid 105996
target_page_id id: 4 tid 105996
0 1 tid 105996
149 4 tid 105996
365 2 tid 105996
166 tid 105996
Insert  tid 105996
FindTargetPageId rootid 3 tid 105995
target_page_id id: 4 tid 105995
0 1 tid 105995
149 4 tid 105995
365 2 tid 105995
167 tid 105995
Remove  tid 105995
FindTargetPageId rootid 3 tid 105994
target_page_id id: 4 tid 105994
0 1 tid 105994
149 4 tid 105994
365 2 tid 105994
166 tid 105994
Insert  tid 105994
FindTargetPageId rootid 3 tid 105994
target_page_id id: 4 tid 105994
0 1 tid 105994
149 4 tid 105994
365 2 tid 105994
167 tid 105994
Insert  tid 105994
FindTargetPageId rootid 3 tid 105995
target_page_id id: 4 tid 105995
0 1 tid 105995
149 4 tid 105995
365 2 tid 105995
168 tid 105995
Remove  tid 105995
FindTargetPageId rootid 3 tid 105995
target_page_id id: 4 tid 105995
0 1 tid 105995
149 4 tid 105995
365 2 tid 105995
167 tid 105995
Remove  tid 105995
FindTargetPageId rootid 3 tid 105995
target_page_id id: 4 tid 105995
0 1 tid 105995
149 4 tid 105995
365 2 tid 105995
166 tid 105995
Remove  tid 105995
FindTargetPageId rootid 3 tid 105994
target_page_id id: 4 tid 105994
0 1 tid 105994
149 4 tid 105994
365 2 tid 105994
165 tid 105994
Insert  tid 105994
FindTargetPageId rootid 3 tid 105994
target_page_id id: 4 tid 105994
0 1 tid 105994
149 4 tid 105994
365 2 tid 105994
166 tid 105994
Insert  tid 105994
FindTargetPageId rootid 3 tid 105994
target_page_id id: 4 tid 105994
0 1 tid 105994
149 4 tid 105994
365 2 tid 105994
167 tid 105994
Insert  tid 105994
FindTargetPageId rootid 3 tid 105994
target_page_id id: 4 tid 105994
0 1 tid 105994
149 4 tid 105994
365 2 tid 105994
168 tid 105994
Insert  tid 105994
FindTargetPageId rootid 3 tid 105995
target_page_id id: 4 tid 105995
0 1 tid 105995
149 4 tid 105995
365 2 tid 105995
169 tid 105995
Remove  tid 105995
FindTargetPageId rootid 3 tid 105995
target_page_id id: 4 tid 105995
0 1 tid 105995
149 4 tid 105995
365 2 tid 105995
168 tid 105995
Remove  tid 105995
FindTargetPageId rootid 3 tid 105995
target_page_id id: 4 tid 105995
0 1 tid 105995
149 4 tid 105995
365 2 tid 105995
167 tid 105995
Remove  tid 105995
FindTargetPageId rootid 3 tid 105996
target_page_id id: 4 tid 105996
0 1 tid 105996
149 4 tid 105996
365 2 tid 105996
166 tid 105996
Insert  tid 105996
FindTargetPageId rootid 3 tid 105996
target_page_id id: 4 tid 105996
0 1 tid 105996
149 4 tid 105996
365 2 tid 105996
167 tid 105996
Insert  tid 105996
FindTargetPageId rootid 3 tid 105996
target_page_id id: 4 tid 105996
0 1 tid 105996
149 4 tid 105996
365 2 tid 105996
168 tid 105996
Insert  tid 105996
FindTargetPageId rootid 3 tid 105996
target_page_id id: 4 tid 105996
0 1 tid 105996
149 4 tid 105996
365 2 tid 105996
169 tid 105996
Insert  tid 105996
FindTargetPageId rootid 3 tid 105996
target_page_id id: 4 tid 105996
0 1 tid 105996
149 4 tid 105996
365 2 tid 105996
170 tid 105996
Insert  tid 105996
FindTargetPageId rootid 3 tid 105996
target_page_id id: 4 tid 105996
0 1 tid 105996
149 4 tid 105996
365 2 tid 105996
171 tid 105996
Insert  tid 105996
FindTargetPageId rootid 3 tid 105994
target_page_id id: 4 tid 105994
0 1 tid 105994
149 4 tid 105994
365 2 tid 105994
172 tid 105994
Insert  tid 105994
FindTargetPageId rootid 3 tid 105994
target_page_id id: 4 tid 105994
0 1 tid 105994
149 4 tid 105994
365 2 tid 105994
173 tid 105994
Insert  tid 105994
FindTargetPageId rootid 3 tid 105994
target_page_id id: 4 tid 105994
0 1 tid 105994
149 4 tid 105994
365 2 tid 105994
174 tid 105994
Insert  tid 105994
FindTargetPageId rootid 3 tid 105994
target_page_id id: 4 tid 105994
0 1 tid 105994
149 4 tid 105994
365 2 tid 105994
175 tid 105994
Insert  tid 105994
FindTargetPageId rootid 3 tid 105994
target_page_id id: 4 tid 105994
0 1 tid 105994
149 4 tid 105994
365 2 tid 105994
175 tid 105994
Insert  tid 105994
FindTargetPageId rootid 3 tid 105994
target_page_id id: 4 tid 105994
0 1 tid 105994
149 4 tid 105994
365 2 tid 105994
175 tid 105994
Insert  tid 105994
FindTargetPageId rootid 3 tid 105994
target_page_id id: 4 tid 105994
0 1 tid 105994
149 4 tid 105994
365 2 tid 105994
175 tid 105994
Insert  tid 105994
FindTargetPageId rootid 3 tid 105994
target_page_id id: 4 tid 105994
0 1 tid 105994
149 4 tid 105994
365 2 tid 105994
176 tid 105994
Insert  tid 105994
FindTargetPageId rootid 3 tid 105994
target_page_id id: 4 tid 105994
0 1 tid 105994
149 4 tid 105994
365 2 tid 105994
177 tid 105994
Insert  tid 105994
FindTargetPageId rootid 3 tid 105996
target_page_id id: 4 tid 105996
0 1 tid 105996
149 4 tid 105996
365 2 tid 105996
177 tid 105996
Insert  tid 105996
FindTargetPageId rootid 3 tid 105995
target_page_id id: 4 tid 105995
0 1 tid 105995
149 4 tid 105995
365 2 tid 105995
178 tid 105995
Remove  tid 105995
FindTargetPageId rootid 3 tid 105995
target_page_id id: 4 tid 105995
0 1 tid 105995
149 4 tid 105995
365 2 tid 105995
177 tid 105995
Remove  tid 105995
FindTargetPageId rootid 3 tid 105994
target_page_id id: 4 tid 105994
0 1 tid 105994
149 4 tid 105994
365 2 tid 105994
176 tid 105994
Insert  tid 105994
FindTargetPageId rootid 3 tid 105994
target_page_id id: 4 tid 105994
0 1 tid 105994
149 4 tid 105994
365 2 tid 105994
176 tid 105994
Insert  tid 105994
FindTargetPageId rootid 3 tid 105994
target_page_id id: 4 tid 105994
0 1 tid 105994
149 4 tid 105994
365 2 tid 105994
176 tid 105994
Insert  tid 105994
FindTargetPageId rootid 3 tid 105994
target_page_id id: 4 tid 105994
0 1 tid 105994
149 4 tid 105994
365 2 tid 105994
176 tid 105994
Insert  tid 105994
FindTargetPageId rootid 3 tid 105994
target_page_id id: 4 tid 105994
0 1 tid 105994
149 4 tid 105994
365 2 tid 105994
177 tid 105994
Insert  tid 105994
FindTargetPageId rootid 3 tid 105995
target_page_id id: 4 tid 105995
0 1 tid 105995
149 4 tid 105995
365 2 tid 105995
178 tid 105995
Remove  tid 105995
FindTargetPageId rootid 3 tid 105996
target_page_id id: 4 tid 105996
0 1 tid 105996
149 4 tid 105996
365 2 tid 105996
177 tid 105996
Insert  tid 105996
FindTargetPageId rootid 3 tid 105996
target_page_id id: 4 tid 105996
0 1 tid 105996
149 4 tid 105996
365 2 tid 105996
178 tid 105996
Insert  tid 105996
FindTargetPageId rootid 3 tid 105996
target_page_id id: 4 tid 105996
0 1 tid 105996
149 4 tid 105996
365 2 tid 105996
179 tid 105996
Insert  tid 105996
FindTargetPageId rootid 3 tid 105996
target_page_id id: 4 tid 105996
0 1 tid 105996
149 4 tid 105996
365 2 tid 105996
180 tid 105996
Insert  tid 105996
FindTargetPageId rootid 3 tid 105996
target_page_id id: 4 tid 105996
0 1 tid 105996
149 4 tid 105996
365 2 tid 105996
181 tid 105996
Insert  tid 105996
FindTargetPageId rootid 3 tid 105995
target_page_id id: 4 tid 105995
0 1 tid 105995
149 4 tid 105995
365 2 tid 105995
182 tid 105995
Remove  tid 105995
FindTargetPageId rootid 3 tid 105995
target_page_id id: 4 tid 105995
0 1 tid 105995
149 4 tid 105995
365 2 tid 105995
181 tid 105995
Remove  tid 105995
FindTargetPageId rootid 3 tid 105995
target_page_id id: 4 tid 105995
0 1 tid 105995
149 4 tid 105995
365 2 tid 105995
180 tid 105995
Remove  tid 105995
FindTargetPageId rootid 3 tid 105995
target_page_id id: 4 tid 105995
0 1 tid 105995
149 4 tid 105995
365 2 tid 105995
179 tid 105995
Remove  tid 105995
FindTargetPageId rootid 3 tid 105995
target_page_id id: 4 tid 105995
0 1 tid 105995
149 4 tid 105995
365 2 tid 105995
178 tid 105995
Remove  tid 105995
FindTargetPageId rootid 3 tid 105995
target_page_id id: 4 tid 105995
0 1 tid 105995
149 4 tid 105995
365 2 tid 105995
177 tid 105995
Remove  tid 105995
FindTargetPageId rootid 3 tid 105995
target_page_id id: 4 tid 105995
0 1 tid 105995
149 4 tid 105995
365 2 tid 105995
176 tid 105995
Remove  tid 105995
FindTargetPageId rootid 3 tid 105995
target_page_id id: 4 tid 105995
0 1 tid 105995
149 4 tid 105995
365 2 tid 105995
175 tid 105995
Remove  tid 105995
FindTargetPageId rootid 3 tid 105995
target_page_id id: 4 tid 105995
0 1 tid 105995
149 4 tid 105995
365 2 tid 105995
174 tid 105995
Remove  tid 105995
FindTargetPageId rootid 3 tid 105995
target_page_id id: 4 tid 105995
0 1 tid 105995
149 4 tid 105995
365 2 tid 105995
173 tid 105995
Remove  tid 105995
FindTargetPageId rootid 3 tid 105995
target_page_id id: 4 tid 105995
0 1 tid 105995
149 4 tid 105995
365 2 tid 105995
172 tid 105995
Remove  tid 105995
FindTargetPageId rootid 3 tid 105996
target_page_id id: 4 tid 105996
0 1 tid 105996
149 4 tid 105996
365 2 tid 105996
171 tid 105996
Insert  tid 105996
FindTargetPageId rootid 3 tid 105996
target_page_id id: 4 tid 105996
0 1 tid 105996
149 4 tid 105996
365 2 tid 105996
172 tid 105996
Insert  tid 105996
FindTargetPageId rootid 3 tid 105996
target_page_id id: 4 tid 105996
0 1 tid 105996
149 4 tid 105996
365 2 tid 105996
173 tid 105996
Insert  tid 105996
FindTargetPageId rootid 3 tid 105996
target_page_id id: 4 tid 105996
0 1 tid 105996
149 4 tid 105996
365 2 tid 105996
174 tid 105996
Insert  tid 105996
FindTargetPageId rootid 3 tid 105995
target_page_id id: 4 tid 105995
0 1 tid 105995
149 4 tid 105995
365 2 tid 105995
175 tid 105995
Remove  tid 105995
FindTargetPageId rootid 3 tid 105995
target_page_id id: 4 tid 105995
0 1 tid 105995
149 4 tid 105995
365 2 tid 105995
174 tid 105995
Remove  tid 105995
FindTargetPageId rootid 3 tid 105995
target_page_id id: 4 tid 105995
0 1 tid 105995
149 4 tid 105995
365 2 tid 105995
173 tid 105995
Remove  tid 105995
FindTargetPageId rootid 3 tid 105995
target_page_id id: 4 tid 105995
0 1 tid 105995
149 4 tid 105995
365 2 tid 105995
172 tid 105995
Remove  tid 105995
FindTargetPageId rootid 3 tid 105995
target_page_id id: 4 tid 105995
0 1 tid 105995
149 4 tid 105995
365 2 tid 105995
171 tid 105995
Remove  tid 105995
FindTargetPageId rootid 3 tid 105995
target_page_id id: 4 tid 105995
0 1 tid 105995
149 4 tid 105995
365 2 tid 105995
170 tid 105995
Remove  tid 105995
FindTargetPageId rootid 3 tid 105995
target_page_id id: 4 tid 105995
0 1 tid 105995
149 4 tid 105995
365 2 tid 105995
169 tid 105995
Remove  tid 105995
FindTargetPageId rootid 3 tid 105995
target_page_id id: 4 tid 105995
0 1 tid 105995
149 4 tid 105995
365 2 tid 105995
168 tid 105995
Remove  tid 105995
FindTargetPageId rootid 3 tid 105995
target_page_id id: 4 tid 105995
0 1 tid 105995
149 4 tid 105995
365 2 tid 105995
167 tid 105995
Remove  tid 105995
FindTargetPageId rootid 3 tid 105995
target_page_id id: 4 tid 105995
0 1 tid 105995
149 4 tid 105995
365 2 tid 105995
166 tid 105995
Remove  tid 105995
FindTargetPageId rootid 3 tid 105995
target_page_id id: 4 tid 105995
0 1 tid 105995
149 4 tid 105995
365 2 tid 105995
165 tid 105995
Remove  tid 105995
FindTargetPageId rootid 3 tid 105994
target_page_id id: 4 tid 105994
0 1 tid 105994
149 4 tid 105994
365 2 tid 105994
164 tid 105994
Insert  tid 105994
FindTargetPageId rootid 3 tid 105994
target_page_id id: 4 tid 105994
0 1 tid 105994
149 4 tid 105994
365 2 tid 105994
165 tid 105994
Insert  tid 105994
FindTargetPageId rootid 3 tid 105994
target_page_id id: 4 tid 105994
0 1 tid 105994
149 4 tid 105994
365 2 tid 105994
166 tid 105994
Insert  tid 105994
FindTargetPageId rootid 3 tid 105994
target_page_id id: 4 tid 105994
0 1 tid 105994
149 4 tid 105994
365 2 tid 105994
167 tid 105994
Insert  tid 105994
FindTargetPageId rootid 3 tid 105994
target_page_id id: 4 tid 105994
0 1 tid 105994
149 4 tid 105994
365 2 tid 105994
168 tid 105994
Insert  tid 105994
FindTargetPageId rootid 3 tid 105996
target_page_id id: 4 tid 105996
0 1 tid 105996
149 4 tid 105996
365 2 tid 105996
169 tid 105996
Insert  tid 105996
FindTargetPageId rootid 3 tid 105996
target_page_id id: 4 tid 105996
0 1 tid 105996
149 4 tid 105996
365 2 tid 105996
170 tid 105996
Insert  tid 105996
FindTargetPageId rootid 3 tid 105996
target_page_id id: 4 tid 105996
0 1 tid 105996
149 4 tid 105996
365 2 tid 105996
171 tid 105996
Insert  tid 105996
FindTargetPageId rootid 3 tid 105994
target_page_id id: 4 tid 105994
0 1 tid 105994
149 4 tid 105994
365 2 tid 105994
172 tid 105994
Insert  tid 105994
FindTargetPageId rootid 3 tid 105994
target_page_id id: 4 tid 105994
0 1 tid 105994
149 4 tid 105994
365 2 tid 105994
173 tid 105994
Insert  tid 105994
FindTargetPageId rootid 3 tid 105994
target_page_id id: 4 tid 105994
0 1 tid 105994
149 4 tid 105994
365 2 tid 105994
174 tid 105994
Insert  tid 105994
FindTargetPageId rootid 3 tid 105995
target_page_id id: 4 tid 105995
0 1 tid 105995
149 4 tid 105995
365 2 tid 105995
175 tid 105995
Remove  tid 105995
FindTargetPageId rootid 3 tid 105995
target_page_id id: 4 tid 105995
0 1 tid 105995
149 4 tid 105995
365 2 tid 105995
174 tid 105995
Remove  tid 105995
FindTargetPageId rootid 3 tid 105995
target_page_id id: 4 tid 105995
0 1 tid 105995
149 4 tid 105995
365 2 tid 105995
173 tid 105995
Remove  tid 105995
FindTargetPageId rootid 3 tid 105995
target_page_id id: 4 tid 105995
0 1 tid 105995
149 4 tid 105995
365 2 tid 105995
172 tid 105995
Remove  tid 105995
FindTargetPageId rootid 3 tid 105995
target_page_id id: 4 tid 105995
0 1 tid 105995
149 4 tid 105995
365 2 tid 105995
171 tid 105995
Remove  tid 105995
FindTargetPageId rootid 3 tid 105995
target_page_id id: 4 tid 105995
0 1 tid 105995
149 4 tid 105995
365 2 tid 105995
170 tid 105995
Remove  tid 105995
FindTargetPageId rootid 3 tid 105995
target_page_id id: 4 tid 105995
0 1 tid 105995
149 4 tid 105995
365 2 tid 105995
169 tid 105995
Remove  tid 105995
FindTargetPageId rootid 3 tid 105995
target_page_id id: 4 tid 105995
0 1 tid 105995
149 4 tid 105995
365 2 tid 105995
168 tid 105995
Remove  tid 105995
FindTargetPageId rootid 3 tid 105995
target_page_id id: 4 tid 105995
0 1 tid 105995
149 4 tid 105995
365 2 tid 105995
167 tid 105995
Remove  tid 105995
FindTargetPageId rootid 3 tid 105995
target_page_id id: 4 tid 105995
0 1 tid 105995
149 4 tid 105995
365 2 tid 105995
166 tid 105995
Remove  tid 105995
FindTargetPageId rootid 3 tid 105995
target_page_id id: 4 tid 105995
0 1 tid 105995
149 4 tid 105995
365 2 tid 105995
165 tid 105995
Remove  tid 105995
FindTargetPageId rootid 3 tid 105995
target_page_id id: 4 tid 105995
0 1 tid 105995
149 4 tid 105995
365 2 tid 105995
164 tid 105995
Remove  tid 105995
FindTargetPageId rootid 3 tid 105995
target_page_id id: 4 tid 105995
0 1 tid 105995
149 4 tid 105995
365 2 tid 105995
163 tid 105995
Remove  tid 105995
FindTargetPageId rootid 3 tid 105995
target_page_id id: 4 tid 105995
0 1 tid 105995
149 4 tid 105995
365 2 tid 105995
162 tid 105995
Remove  tid 105995
FindTargetPageId rootid 3 tid 105995
target_page_id id: 4 tid 105995
0 1 tid 105995
149 4 tid 105995
365 2 tid 105995
161 tid 105995
Remove  tid 105995
FindTargetPageId rootid 3 tid 105995
target_page_id id: 4 tid 105995
0 1 tid 105995
149 4 tid 105995
365 2 tid 105995
160 tid 105995
Remove  tid 105995
FindTargetPageId rootid 3 tid 105996
target_page_id id: 4 tid 105996
0 1 tid 105996
149 4 tid 105996
365 2 tid 105996
160 tid 105996
Insert  tid 105996
FindTargetPageId rootid 3 tid 105996
target_page_id id: 4 tid 105996
0 1 tid 105996
149 4 tid 105996
365 2 tid 105996
161 tid 105996
Insert  tid 105996
FindTargetPageId rootid 3 tid 105996
target_page_id id: 2 tid 105996
0 1 tid 105996
149 4 tid 105996
365 2 tid 105996
128 tid 105996
Insert  tid 105996
FindTargetPageId rootid 3 tid 105996
target_page_id id: 2 tid 105996
0 1 tid 105996
149 4 tid 105996
365 2 tid 105996
129 tid 105996
Insert  tid 105996
FindTargetPageId rootid 3 tid 105996
target_page_id id: 2 tid 105996
0 1 tid 105996
149 4 tid 105996
365 2 tid 105996
130 tid 105996
Insert  tid 105996
FindTargetPageId rootid 3 tid 105996
target_page_id id: 2 tid 105996
0 1 tid 105996
149 4 tid 105996
365 2 tid 105996
131 tid 105996
Insert  tid 105996
FindTargetPageId rootid 3 tid 105996
target_page_id id: 2 tid 105996
0 1 tid 105996
149 4 tid 105996
365 2 tid 105996
132 tid 105996
Insert  tid 105996
FindTargetPageId rootid 3 tid 105996
target_page_id id: 2 tid 105996
0 1 tid 105996
149 4 tid 105996
365 2 tid 105996
133 tid 105996
Insert  tid 105996
FindTargetPageId rootid 3 tid 105996
target_page_id id: 2 tid 105996
0 1 tid 105996
149 4 tid 105996
365 2 tid 105996
134 tid 105996
Insert  tid 105996
FindTargetPageId rootid 3 tid 105996
target_page_id id: 2 tid 105996
0 1 tid 105996
149 4 tid 105996
365 2 tid 105996
135 tid 105996
Insert  tid 105996
FindTargetPageId rootid 3 tid 105996
target_page_id id: 2 tid 105996
0 1 tid 105996
149 4 tid 105996
365 2 tid 105996
136 tid 105996
Insert  tid 105996
FindTargetPageId rootid 3 tid 105996
target_page_id id: 2 tid 105996
0 1 tid 105996
149 4 tid 105996
365 2 tid 105996
137 tid 105996
Insert  tid 105996
FindTargetPageId rootid 3 tid 105994
target_page_id id: 4 tid 105994
0 1 tid 105994
149 4 tid 105994
365 2 tid 105994
162 tid 105994
Insert  tid 105994
FindTargetPageId rootid 3 tid 105994
target_page_id id: 4 tid 105994
0 1 tid 105994
149 4 tid 105994
365 2 tid 105994
163 tid 105994
Insert  tid 105994
FindTargetPageId rootid 3 tid 105995
target_page_id id: 4 tid 105995
0 1 tid 105995
149 4 tid 105995
365 2 tid 105995
164 tid 105995
Remove  tid 105995
FindTargetPageId rootid 3 tid 105995
target_page_id id: 2 tid 105995
0 1 tid 105995
149 4 tid 105995
365 2 tid 105995
138 tid 105995
Remove  tid 105995
FindTargetPageId rootid 3 tid 105995
target_page_id id: 2 tid 105995
0 1 tid 105995
149 4 tid 105995
365 2 tid 105995
137 tid 105995
Remove  tid 105995
FindTargetPageId rootid 3 tid 105996
target_page_id id: 2 tid 105996
0 1 tid 105996
149 4 tid 105996
365 2 tid 105996
136 tid 105996
Insert  tid 105996
FindTargetPageId rootid 3 tid 105996
target_page_id id: 2 tid 105996
0 1 tid 105996
149 4 tid 105996
365 2 tid 105996
137 tid 105996
Insert  tid 105996
FindTargetPageId rootid 3 tid 105996
target_page_id id: 2 tid 105996
0 1 tid 105996
149 4 tid 105996
365 2 tid 105996
138 tid 105996
Insert  tid 105996
FindTargetPageId rootid 3 tid 105996
target_page_id id: 2 tid 105996
0 1 tid 105996
149 4 tid 105996
365 2 tid 105996
139 tid 105996
Insert  tid 105996
FindTargetPageId rootid 3 tid 105996
target_page_id id: 2 tid 105996
0 1 tid 105996
149 4 tid 105996
365 2 tid 105996
140 tid 105996
Insert  tid 105996
FindTargetPageId rootid 3 tid 105996
target_page_id id: 2 tid 105996
0 1 tid 105996
149 4 tid 105996
365 2 tid 105996
141 tid 105996
Insert  tid 105996
FindTargetPageId rootid 3 tid 105996
target_page_id id: 2 tid 105996
0 1 tid 105996
149 4 tid 105996
365 2 tid 105996
142 tid 105996
Insert  tid 105996
FindTargetPageId rootid 3 tid 105996
target_page_id id: 2 tid 105996
0 1 tid 105996
149 4 tid 105996
365 2 tid 105996
143 tid 105996
Insert  tid 105996
FindTargetPageId rootid 3 tid 105996
target_page_id id: 2 tid 105996
0 1 tid 105996
149 4 tid 105996
365 2 tid 105996
144 tid 105996
Insert  tid 105996
FindTargetPageId rootid 3 tid 105996
target_page_id id: 2 tid 105996
0 1 tid 105996
149 4 tid 105996
365 2 tid 105996
145 tid 105996
Insert  tid 105996
FindTargetPageId rootid 3 tid 105996
target_page_id id: 2 tid 105996
0 1 tid 105996
149 4 tid 105996
365 2 tid 105996
146 tid 105996
Insert  tid 105996
FindTargetPageId rootid 3 tid 105996
target_page_id id: 2 tid 105996
0 1 tid 105996
149 4 tid 105996
365 2 tid 105996
147 tid 105996
Insert  tid 105996
FindTargetPageId rootid 3 tid 105996
target_page_id id: 2 tid 105996
0 1 tid 105996
149 4 tid 105996
365 2 tid 105996
148 tid 105996
Insert  tid 105996
FindTargetPageId rootid 3 tid 105996
target_page_id id: 2 tid 105996
0 1 tid 105996
149 4 tid 105996
365 2 tid 105996
149 tid 105996
Insert  tid 105996
FindTargetPageId rootid 3 tid 105996
target_page_id id: 2 tid 105996
0 1 tid 105996
149 4 tid 105996
365 2 tid 105996
150 tid 105996
Insert  tid 105996
FindTargetPageId rootid 3 tid 105996
target_page_id id: 2 tid 105996
0 1 tid 105996
149 4 tid 105996
365 2 tid 105996
151 tid 105996
Insert  tid 105996
FindTargetPageId rootid 3 tid 105996
target_page_id id: 2 tid 105996
0 1 tid 105996
149 4 tid 105996
365 2 tid 105996
152 tid 105996
Insert  tid 105996
FindTargetPageId rootid 3 tid 105994
target_page_id id: 4 tid 105994
0 1 tid 105994
149 4 tid 105994
365 2 tid 105994
163 tid 105994
Insert  tid 105994
FindTargetPageId rootid 3 tid 105995
target_page_id id: 2 tid 105995
0 1 tid 105995
149 4 tid 105995
365 2 tid 105995
153 tid 105995
Remove  tid 105995
FindTargetPageId rootid 3 tid 105996
target_page_id id: 2 tid 105996
0 1 tid 105996
149 4 tid 105996
365 2 tid 105996
152 tid 105996
Insert  tid 105996
FindTargetPageId rootid 3 tid 105994
target_page_id id: 4 tid 105994
0 1 tid 105994
149 4 tid 105994
365 2 tid 105994
164 tid 105994
Insert  tid 105994
FindTargetPageId rootid 3 tid 105995
target_page_id id: 2 tid 105995
0 1 tid 105995
149 4 tid 105995
365 2 tid 105995
153 tid 105995
Remove  tid 105995
FindTargetPageId rootid 3 tid 105996
target_page_id id: 2 tid 105996
0 1 tid 105996
149 4 tid 105996
365 2 tid 105996
152 tid 105996
Insert  tid 105996
FindTargetPageId rootid 3 tid 105994
target_page_id id: 4 tid 105994
0 1 tid 105994
149 4 tid 105994
365 2 tid 105994
165 tid 105994
Insert  tid 105994
FindTargetPageId rootid 3 tid 105995
target_page_id id: 2 tid 105995
0 1 tid 105995
149 4 tid 105995
365 2 tid 105995
153 tid 105995
Remove  tid 105995
FindTargetPageId rootid 3 tid 105996
target_page_id id: 2 tid 105996
0 1 tid 105996
149 4 tid 105996
365 2 tid 105996
152 tid 105996
Insert  tid 105996
FindTargetPageId rootid 3 tid 105994
target_page_id id: 4 tid 105994
0 1 tid 105994
149 4 tid 105994
365 2 tid 105994
166 tid 105994
Insert  tid 105994
FindTargetPageId rootid 3 tid 105995
target_page_id id: 2 tid 105995
0 1 tid 105995
149 4 tid 105995
365 2 tid 105995
153 tid 105995
Remove  tid 105995
FindTargetPageId rootid 3 tid 105996
target_page_id id: 2 tid 105996
0 1 tid 105996
149 4 tid 105996
365 2 tid 105996
152 tid 105996
FindTargetPageId rootid 3 tid 105994
target_page_id id: 4 tid 105994
0 1 tid 105994
149 4 tid 105994
365 2 tid 105994
Insert  tid 105996
167 tid 105994
Insert  tid 105994
FindTargetPageId rootid 3 tid 105995
target_page_id id: 2 tid 105995
0 1 tid 105995
149 4 tid 105995
365 2 tid 105995
153 tid 105995
Remove  tid 105995
FindTargetPageId rootid 3 tid 105996
target_page_id id: 2 tid 105996
0 1 tid 105996
149 4 tid 105996
365 2 tid 105996
152 tid 105996
Insert  tid 105996
FindTargetPageId rootid 3 tid 105994
target_page_id id: 4 tid 105994
0 1 tid 105994
149 4 tid 105994
365 2 tid 105994
168 tid 105994
Insert  tid 105994
FindTargetPageId rootid 3 tid 105995
target_page_id id: 2 tid 105995
0 1 tid 105995
149 4 tid 105995
365 2 tid 105995
153 tid 105995
Remove  tid 105995
FindTargetPageId rootid 3 tid 105996
target_page_id id: 2 tid 105996
0 1 tid 105996
149 4 tid 105996
365 2 tid 105996
152 tid 105996
Insert  tid 105996
FindTargetPageId rootid 3 tid 105994
target_page_id id: 4 tid 105994
0 1 tid 105994
149 4 tid 105994
365 2 tid 105994
169 tid 105994
Insert  tid 105994
FindTargetPageId rootid 3 tid 105995
target_page_id id: 2 tid 105995
0 1 tid 105995
149 4 tid 105995
365 2 tid 105995
153 tid 105995
Remove  tid 105995
FindTargetPageId rootid 3 tid 105995
target_page_id id: 2 tid 105995
0 1 tid 105995
149 4 tid 105995
365 2 tid 105995
152 tid 105995
Remove  tid 105995
FindTargetPageId rootid 3 tid 105995
target_page_id id: 2 tid 105995
0 1 tid 105995
149 4 tid 105995
365 2 tid 105995
151 tid 105995
Remove  tid 105995
FindTargetPageId rootid 3 tid 105995
target_page_id id: 2 tid 105995
0 1 tid 105995
149 4 tid 105995
365 2 tid 105995
150 tid 105995
Remove  tid 105995
FindTargetPageId rootid 3 tid 105995
target_page_id id: 2 tid 105995
0 1 tid 105995
149 4 tid 105995
365 2 tid 105995
149 tid 105995
Remove  tid 105995
FindTargetPageId rootid 3 tid 105995
target_page_id id: 2 tid 105995
0 1 tid 105995
149 4 tid 105995
365 2 tid 105995
148 tid 105995
Remove  tid 105995
FindTargetPageId rootid 3 tid 105995
target_page_id id: 2 tid 105995
0 1 tid 105995
149 4 tid 105995
365 2 tid 105995
147 tid 105995
Remove  tid 105995
FindTargetPageId rootid 3 tid 105995
target_page_id id: 2 tid 105995
0 1 tid 105995
149 4 tid 105995
365 2 tid 105995
146 tid 105995
Remove  tid 105995
FindTargetPageId rootid 3 tid 105995
target_page_id id: 2 tid 105995
0 1 tid 105995
149 4 tid 105995
365 2 tid 105995
145 tid 105995
Remove  tid 105995
FindTargetPageId rootid 3 tid 105995
target_page_id id: 2 tid 105995
0 1 tid 105995
149 4 tid 105995
365 2 tid 105995
144 tid 105995
Remove  tid 105995
FindTargetPageId rootid 3 tid 105995
target_page_id id: 2 tid 105995
0 1 tid 105995
149 4 tid 105995
365 2 tid 105995
143 tid 105995
Remove  tid 105995
FindTargetPageId rootid 3 tid 105995
target_page_id id: 2 tid 105995
0 1 tid 105995
149 4 tid 105995
365 2 tid 105995
142 tid 105995
Remove  tid 105995
FindTargetPageId rootid 3 tid 105995
target_page_id id: 2 tid 105995
0 1 tid 105995
149 4 tid 105995
365 2 tid 105995
141 tid 105995
Remove  tid 105995
FindTargetPageId rootid 3 tid 105995
target_page_id id: 2 tid 105995
0 1 tid 105995
149 4 tid 105995
365 2 tid 105995
140 tid 105995
Remove  tid 105995
FindTargetPageId rootid 3 tid 105995
target_page_id id: 2 tid 105995
0 1 tid 105995
149 4 tid 105995
365 2 tid 105995
139 tid 105995
Remove  tid 105995
FindTargetPageId rootid 3 tid 105995
target_page_id id: 2 tid 105995
0 1 tid 105995
149 4 tid 105995
365 2 tid 105995
138 tid 105995
Remove  tid 105995
FindTargetPageId rootid 3 tid 105995
target_page_id id: 2 tid 105995
0 1 tid 105995
149 4 tid 105995
365 2 tid 105995
137 tid 105995
Remove  tid 105995
FindTargetPageId rootid 3 tid 105995
target_page_id id: 2 tid 105995
0 1 tid 105995
149 4 tid 105995
365 2 tid 105995
136 tid 105995
Remove  tid 105995
FindTargetPageId rootid 3 tid 105995
target_page_id id: 2 tid 105995
0 1 tid 105995
149 4 tid 105995
365 2 tid 105995
135 tid 105995
Remove  tid 105995
FindTargetPageId rootid 3 tid 105995
target_page_id id: 2 tid 105995
0 1 tid 105995
149 4 tid 105995
365 2 tid 105995
134 tid 105995
Remove  tid 105995
FindTargetPageId rootid 3 tid 105995
target_page_id id: 2 tid 105995
0 1 tid 105995
149 4 tid 105995
365 2 tid 105995
133 tid 105995
Remove  tid 105995
FindTargetPageId rootid 3 tid 105995
target_page_id id: 2 tid 105995
0 1 tid 105995
149 4 tid 105995
365 2 tid 105995
132 tid 105995
Remove  tid 105995
FindTargetPageId rootid 3 tid 105996
target_page_id id: 2 tid 105996
0 1 tid 105996
149 4 tid 105996
365 2 tid 105996
131 tid 105996
Insert  tid 105996
FindTargetPageId rootid 3 tid 105996
target_page_id id: 2 tid 105996
0 1 tid 105996
149 4 tid 105996
365 2 tid 105996
132 tid 105996
Insert  tid 105996
FindTargetPageId rootid 3 tid 105996
target_page_id id: 2 tid 105996
0 1 tid 105996
149 4 tid 105996
365 2 tid 105996
133 tid 105996
Insert  tid 105996
FindTargetPageId rootid 3 tid 105996
target_page_id id: 2 tid 105996
0 1 tid 105996
149 4 tid 105996
365 2 tid 105996
134 tid 105996
Insert  tid 105996
FindTargetPageId rootid 3 tid 105996
target_page_id id: 2 tid 105996
0 1 tid 105996
149 4 tid 105996
365 2 tid 105996
135 tid 105996
Insert  tid 105996
FindTargetPageId rootid 3 tid 105996
target_page_id id: 2 tid 105996
0 1 tid 105996
149 4 tid 105996
365 2 tid 105996
136 tid 105996
Insert  tid 105996
FindTargetPageId rootid 3 tid 105996
target_page_id id: 2 tid 105996
0 1 tid 105996
149 4 tid 105996
365 2 tid 105996
137 tid 105996
Insert  tid 105996
FindTargetPageId rootid 3 tid 105996
target_page_id id: 2 tid 105996
0 1 tid 105996
149 4 tid 105996
365 2 tid 105996
138 tid 105996
Insert  tid 105996
FindTargetPageId rootid 3 tid 105996
target_page_id id: 2 tid 105996
0 1 tid 105996
149 4 tid 105996
365 2 tid 105996
139 tid 105996
Insert  tid 105996
FindTargetPageId rootid 3 tid 105996
target_page_id id: 2 tid 105996
0 1 tid 105996
149 4 tid 105996
365 2 tid 105996
140 tid 105996
Insert  tid 105996
FindTargetPageId rootid 3 tid 105994
target_page_id id: 4 tid 105994
0 1 tid 105994
149 4 tid 105994
365 2 tid 105994
170 tid 105994
Insert  tid 105994
FindTargetPageId rootid 3 tid 105994
target_page_id id: 4 tid 105994
0 1 tid 105994
149 4 tid 105994
365 2 tid 105994
171 tid 105994
Insert  tid 105994
FindTargetPageId rootid 3 tid 105994
target_page_id id: 4 tid 105994
0 1 tid 105994
149 4 tid 105994
365 2 tid 105994
172 tid 105994
Insert  tid 105994
FindTargetPageId rootid 3 tid 105994
target_page_id id: 4 tid 105994
0 1 tid 105994
149 4 tid 105994
365 2 tid 105994
173 tid 105994
Insert  tid 105994
FindTargetPageId rootid 3 tid 105994
target_page_id id: 4 tid 105994
0 1 tid 105994
149 4 tid 105994
365 2 tid 105994
174 tid 105994
Insert  tid 105994
FindTargetPageId rootid 3 tid 105996
target_page_id id: 2 tid 105996
0 1 tid 105996
149 4 tid 105996
365 2 tid 105996
141 tid 105996
Insert  tid 105996
FindTargetPageId rootid 3 tid 105996
target_page_id id: 2 tid 105996
0 1 tid 105996
149 4 tid 105996
365 2 tid 105996
142 tid 105996
Insert  tid 105996
FindTargetPageId rootid 3 tid 105996
target_page_id id: 2 tid 105996
0 1 tid 105996
149 4 tid 105996
365 2 tid 105996
143 tid 105996
Insert  tid 105996
FindTargetPageId rootid 3 tid 105996
target_page_id id: 2 tid 105996
0 1 tid 105996
149 4 tid 105996
365 2 tid 105996
144 tid 105996
Insert  tid 105996
FindTargetPageId rootid 3 tid 105995
target_page_id id: 2 tid 105995
0 1 tid 105995
149 4 tid 105995
365 2 tid 105995
145 tid 105995
FindTargetPageId rootid Remove  tid 3 tid 105995105994

target_page_id id: 4 tid 105994
0 1 tid 105994
149 4 tid 105994
365 2 tid 105994
175 tid 105994
Insert  tid 105994
FindTargetPageId rootid 3 tid 105996
target_page_id id: 2 tid 105996
0 1 tid 105996
149 4 tid 105996
365 2 tid 105996
144 tid 105996
Insert  tid 105996
FindTargetPageId rootid 3 tid 105996
target_page_id id: 2 tid 105996
0 1 tid 105996
149 4 tid 105996
365 2 tid 105996
145 tid 105996
Insert  tid 105996
FindTargetPageId rootid 3 tid 105996
target_page_id id: 2 tid 105996
0 1 tid 105996
149 4 tid 105996
365 2 tid 105996
146 tid 105996
Insert  tid 105996
FindTargetPageId rootid 3 tid 105996
target_page_id id: 2 tid 105996
0 1 tid 105996
149 4 tid 105996
365 2 tid 105996
147 tid 105996
Insert  tid 105996
FindTargetPageId rootid 3 tid 105996
target_page_id id: 2 tid 105996
0 1 tid 105996
149 4 tid 105996
365 2 tid 105996
148 tid 105996
Insert  tid 105996
FindTargetPageId rootid 3 tid 105996
target_page_id id: 2 tid 105996
0 1 tid 105996
149 4 tid 105996
365 2 tid 105996
149 tid 105996
Insert  tid 105996
FindTargetPageId rootid 3 tid 105996
target_page_id id: 2 tid 105996
0 1 tid 105996
149 4 tid 105996
365 2 tid 105996
150 tid 105996
Insert  tid 105996
FindTargetPageId rootid 3 tid 105996
target_page_id id: 2 tid 105996
0 1 tid 105996
149 4 tid 105996
365 2 tid 105996
151 tid 105996
Insert  tid 105996
FindTargetPageId rootid 3 tid 105995
target_page_id id: 2 tid 105995
0 1 tid 105995
149 4 tid 105995
365 2 tid 105995
152 tid 105995
Remove  tid 105995
FindTargetPageId rootid 3 tid 105995
target_page_id id: 2 tid 105995
0 1 tid 105995
149 4 tid 105995
365 2 tid 105995
151 tid 105995
Remove  tid 105995
FindTargetPageId rootid 3 tid 105996
target_page_id id: 2 tid 105996
0 1 tid 105996
149 4 tid 105996
365 2 tid 105996
150 tid 105996
Insert  tid 105996
FindTargetPageId rootid 3 tid 105994
target_page_id id: 4 tid 105994
0 1 tid 105994
149 4 tid 105994
365 2 tid 105994
176 tid 105994
Insert  tid 105994
FindTargetPageId rootid 3 tid 105995
target_page_id id: 2 tid 105995
0 1 tid 105995
149 4 tid 105995
365 2 tid 105995
151 tid 105995
Remove  tid 105995
FindTargetPageId rootid 3 tid 105996
target_page_id id: 2 tid 105996
0 1 tid 105996
149 4 tid 105996
365 2 tid 105996
150 tid 105996
Insert  tid 105996
FindTargetPageId rootid 3 tid 105994
target_page_id id: 4 tid 105994
0 1 tid 105994
149 4 tid 105994
365 2 tid 105994
177 tid 105994
Insert  tid 105994
FindTargetPageId rootid 3 tid 105995
target_page_id id: 2 tid 105995
0 1 tid 105995
149 4 tid 105995
365 2 tid 105995
151 tid 105995
Remove  tid 105995
FindTargetPageId rootid 3 tid 105996
target_page_id id: 2 tid 105996
0 1 tid 105996
149 4 tid 105996
365 2 tid 105996
150 tid 105996
Insert  tid 105996
FindTargetPageId rootid 3 tid 105994
target_page_id id: 4 tid 105994
0 1 tid 105994
149 4 tid 105994
365 2 tid 105994
178 tid 105994
Insert  tid 105994
FindTargetPageId rootid 3 tid 105995
target_page_id id: 2 tid 105995
0 1 tid 105995
149 4 tid 105995
365 2 tid 105995
151 tid 105995
Remove  tid 105995
FindTargetPageId rootid 3 tid 105996
target_page_id id: 2 tid 105996
0 1 tid 105996
149 4 tid 105996
365 2 tid 105996
150 tid 105996
Insert  tid 105996
FindTargetPageId rootid 3 tid 105996
target_page_id id: 2 tid 105996
0 1 tid 105996
149 4 tid 105996
365 2 tid 105996
151 tid 105996
Insert  tid 105996
FindTargetPageId rootid 3 tid 105996
target_page_id id: 2 tid 105996
0 1 tid 105996
149 4 tid 105996
365 2 tid 105996
152 tid 105996
Insert  tid 105996
FindTargetPageId rootid 3 tid 105996
target_page_id id: 2 tid 105996
0 1 tid 105996
149 4 tid 105996
365 2 tid 105996
153 tid 105996
Insert  tid 105996
FindTargetPageId rootid 3 tid 105996
target_page_id id: 2 tid 105996
0 1 tid 105996
149 4 tid 105996
365 2 tid 105996
154 tid 105996
Insert  tid 105996
FindTargetPageId rootid 3 tid 105994
target_page_id id: 4 tid 105994
0 1 tid 105994
149 4 tid 105994
365 2 tid 105994
179 tid 105994
FindTargetPageId rootid 3 tid 105995
target_page_id id: 2 tid 105995
0 1 tid 105995
149 4 tid 105995
365 2 tid 105995
Insert  tid 105994
155 tid 105995
Remove  tid 105995
FindTargetPageId rootid 3 tid 105996
target_page_id id: 2 tid 105996
0 1 tid 105996
149 4 tid 105996
365 2 tid 105996
154 tid 105996
Insert  tid 105996
FindTargetPageId rootid 3 tid 105994
target_page_id id: 4 tid 105994
0 1 tid 105994
149 4 tid 105994
365 2 tid 105994
180 tid 105994
Insert  tid 105994
FindTargetPageId rootid 3 tid 105995
target_page_id id: 2 tid 105995
0 1 tid 105995
149 4 tid 105995
365 2 tid 105995
155 tid 105995
Remove  tid 105995
FindTargetPageId rootid 3 tid 105996
target_page_id id: 2 tid 105996
0 1 tid 105996
149 4 tid 105996
365 2 tid 105996
154 tid 105996
FindTargetPageId rootid 3 tid 105994
target_page_id id: 4 tid 105994
0 1 tid 105994
149 4 tid 105994
365 2 tid 105994
Insert  tid 105996
181 tid 105994
Insert  tid 105994
FindTargetPageId rootid 3 tid 105995
target_page_id id: 2 tid 105995
0 1 tid 105995
149 4 tid 105995
365 2 tid 105995
155 tid 105995
Remove  tid 105995
FindTargetPageId rootid 3 tid 105996
target_page_id id: 2 tid 105996
0 1 tid 105996
149 4 tid 105996
365 2 tid 105996
154 tid 105996
Insert  tid 105996
FindTargetPageId rootid 3 tid 105994
target_page_id id: 4 tid 105994
0 1 tid 105994
149 4 tid 105994
365 2 tid 105994
182 tid 105994
Insert  tid 105994
FindTargetPageId rootid 3 tid 105995
target_page_id id: 2 tid 105995
0 1 tid 105995
149 4 tid 105995
365 2 tid 105995
155 tid 105995
Remove  tid FindTargetPageId rootid 105995
3 tid 105996
target_page_id id: 2 tid 105996
0 1 tid 105996
149 4 tid 105996
365 2 tid 105996
154 tid 105996
Insert  tid 105996
FindTargetPageId rootid 3 tid 105996
target_page_id id: 2 tid 105996
0 1 tid 105996
149 4 tid 105996
365 2 tid 105996
155 tid 105996
Insert  tid 105996
FindTargetPageId rootid 3 tid 105994
target_page_id id: 4 tid 105994
0 1 tid 105994
149 4 tid 105994
365 2 tid 105994
183 tid 105994
Insert  tid 105994
FindTargetPageId rootid 3 tid 105995
target_page_id id: 2 tid 105995
0 1 tid 105995
149 4 tid 105995
365 2 tid 105995
156 tid 105995
Remove  tid 105995
FindTargetPageId rootid 3 tid 105995
target_page_id id: 2 tid 105995
0 1 tid 105995
149 4 tid 105995
365 2 tid 105995
155 tid 105995
Remove  tid 105995
FindTargetPageId rootid 3 tid 105994
target_page_id id: 4 tid 105994
0 1 tid 105994
149 4 tid 105994
365 2 tid 105994
184 tid 105994
Insert  tid 105994
FindTargetPageId rootid 3 tid 105996
target_page_id id: 2 tid 105996
0 1 tid 105996
149 4 tid 105996
365 2 tid 105996
154 tid 105996
Insert  tid 105996
FindTargetPageId rootid 3 tid 105995
target_page_id id: 2 tid 105995
0 1 tid 105995
149 4 tid 105995
365 2 tid 105995
155 tid 105995
Remove  tid 105995
FindTargetPageId rootid 3 tid 105994
target_page_id id: 4 tid 105994
0 1 tid 105994
149 4 tid 105994
365 2 tid 105994
185 tid 105994
Insert  tid 105994
FindTargetPageId rootid 3 tid 105996
target_page_id id: 2 tid 105996
0 1 tid 105996
149 4 tid 105996
365 2 tid 105996
154 tid 105996
Insert  tid 105996
FindTargetPageId rootid 3 tid 105995
target_page_id id: 2 tid 105995
0 1 tid 105995
149 4 tid 105995
365 2 tid 105995
155 tid 105995
Remove  tid 105995
FindTargetPageId rootid 3 tid 105994
target_page_id id: 4 tid 105994
0 1 tid 105994
149 4 tid 105994
365 2 tid 105994
186 tid 105994
Insert  tid 105994
FindTargetPageId rootid 3 tid 105996
target_page_id id: 2 tid 105996
0 1 tid 105996
149 4 tid 105996
365 2 tid 105996
154 tid 105996
Insert  tid 105996
FindTargetPageId rootid 3 tid 105995
target_page_id id: 2 tid 105995
0 1 tid 105995
149 4 tid 105995
365 2 tid 105995
155 tid 105995
Remove  tid 105995
FindTargetPageId rootid 3 tid 105994
target_page_id id: 4 tid 105994
0 1 tid 105994
149 4 tid 105994
365 2 tid 105994
187 tid 105994
Insert  tid 105994
FindTargetPageId rootid 3 tid 105996
target_page_id id: 2 tid 105996
0 1 tid 105996
149 4 tid 105996
365 2 tid 105996
154 tid 105996
Insert  tid 105996
FindTargetPageId rootid 3 tid 105995
target_page_id id: 2 tid 105995
0 1 tid 105995
149 4 tid 105995
365 2 tid 105995
155 tid 105995
Remove  tid 105995
FindTargetPageId rootid 3 tid 105994
target_page_id id: 4 tid 105994
0 1 tid 105994
149 4 tid 105994
365 2 tid 105994
188 tid 105994
Insert  tid 105994
FindTargetPageId rootid 3 tid 105996
target_page_id id: 2 tid 105996
0 1 tid 105996
149 4 tid 105996
365 2 tid 105996
154 tid 105996
Insert  tid 105996
FindTargetPageId rootid 3 tid 105995
target_page_id id: 2 tid 105995
0 1 tid 105995
149 4 tid 105995
365 2 tid 105995
155 tid 105995
Remove  tid 105995
FindTargetPageId rootid 3 tid 105994
target_page_id id: 4 tid 105994
0 1 tid 105994
149 4 tid 105994
365 2 tid 105994
189 tid 105994
Insert  tid 105994
FindTargetPageId rootid 3 tid 105996
target_page_id id: 2 tid 105996
0 1 tid 105996
149 4 tid 105996
365 2 tid 105996
154 tid 105996
Insert  tid 105996
FindTargetPageId rootid 3 tid 105995
target_page_id id: 2 tid 105995
0 1 tid 105995
149 4 tid 105995
365 2 tid 105995
155 tid 105995
Remove  tid 105995
FindTargetPageId rootid 3 tid 105994
target_page_id id: 4 tid 105994
0 1 tid 105994
149 4 tid 105994
365 2 tid 105994
190 tid 105994
Insert  tid 105994
FindTargetPageId rootid 3 tid 105996
target_page_id id: 2 tid 105996
0 1 tid 105996
149 4 tid 105996
365 2 tid 105996
154 tid 105996
Insert  tid 105996
FindTargetPageId rootid 3 tid 105995
target_page_id id: 2 tid 105995
0 1 tid 105995
149 4 tid 105995
365 2 tid 105995
155 tid 105995
FindTargetPageId rootid 3 tid 105994
target_page_id id: 4 tid 105994
0 1 tid 105994
149 4 tid 105994
365 2 tid 105994
Remove 191 tid 105994
 tid 105995
Insert  tid 105994
FindTargetPageId rootid 3 tid 105995
target_page_id id: 2 tid 105995
0 1 tid 105995
149 4 tid 105995
365 2 tid 105995
154 tid 105995
Remove  tid 105995
FindTargetPageId rootid 3 tid 105996
target_page_id id: 2 tid 105996
0 1 tid 105996
149 4 tid 105996
365 2 tid 105996
153 tid 105996
Insert  tid 105996
FindTargetPageId rootid 3 tid 105994
target_page_id id: 4 tid 105994
0 1 tid 105994
149 4 tid 105994
365 2 tid 105994
192 tid 105994
Insert  tid 105994
FindTargetPageId rootid 3 tid 105995
target_page_id id: 2 tid 105995
0 1 tid 105995
149 4 tid 105995
365 2 tid 105995
154 tid 105995
Remove  tid 105995
FindTargetPageId rootid 3 tid 105996
target_page_id id: 2 tid 105996
0 1 tid 105996
149 4 tid 105996
365 2 tid 105996
153 tid 105996
Insert  tid 105996
FindTargetPageId rootid 3 tid 105996
target_page_id id: 2 tid 105996
0 1 tid 105996
149 4 tid 105996
365 2 tid 105996
154 tid 105996
Insert  tid 105996
FindTargetPageId rootid 3 tid 105996
target_page_id id: 2 tid 105996
0 1 tid 105996
149 4 tid 105996
365 2 tid 105996
155 tid 105996
Insert  tid 105996
FindTargetPageId rootid 3 tid 105995
target_page_id id: 2 tid 105995
0 1 tid 105995
149 4 tid 105995
365 2 tid 105995
156 tid 105995
Remove  tid 105995
FindTargetPageId rootid 3 tid 105995
target_page_id id: 2 tid 105995
0 1 tid 105995
149 4 tid 105995
365 2 tid 105995
155 tid 105995
Remove  tid 105995
FindTargetPageId rootid 3 tid 105996
target_page_id id: 2 tid 105996
0 1 tid 105996
149 4 tid 105996
365 2 tid 105996
154 tid 105996
Insert  tid 105996
FindTargetPageId rootid 3 tid 105996
target_page_id id: 2 tid 105996
0 1 tid 105996
149 4 tid 105996
365 2 tid 105996
155 tid 105996
Insert  tid 105996
FindTargetPageId rootid 3 tid 105995
target_page_id id: 2 tid 105995
0 1 tid 105995
149 4 tid 105995
365 2 tid 105995
156 tid 105995
Remove  tid 105995
FindTargetPageId rootid 3 tid 105994
target_page_id id: 4 tid 105994
0 1 tid 105994
149 4 tid 105994
365 2 tid 105994
193 tid 105994
Insert  tid 105994
FindTargetPageId rootid 3 tid 105996
target_page_id id: 2 tid 105996
0 1 tid 105996
149 4 tid 105996
365 2 tid 105996
155 tid 105996
Insert  tid 105996
FindTargetPageId rootid 3 tid 105995
target_page_id id: 2 tid 105995
0 1 tid 105995
149 4 tid 105995
365 2 tid 105995
156 tid 105995
Remove  tid 105995
FindTargetPageId rootid 3 tid 105995
target_page_id id: 2 tid 105995
0 1 tid 105995
149 4 tid 105995
365 2 tid 105995
155 tid 105995
Remove  tid 105995
FindTargetPageId rootid 3 tid 105995
target_page_id id: 2 tid 105995
0 1 tid 105995
149 4 tid 105995
365 2 tid 105995
154 tid 105995
Remove  tid 105995
FindTargetPageId rootid 3 tid 105996
target_page_id id: 2 tid 105996
0 1 tid 105996
149 4 tid 105996
365 2 tid 105996
153 tid 105996
Insert  tid 105996
FindTargetPageId rootid 3 tid 105996
target_page_id id: 2 tid 105996
0 1 tid 105996
149 4 tid 105996
365 2 tid 105996
154 tid 105996
Insert  tid 105996
FindTargetPageId rootid 3 tid 105995
target_page_id id: 2 tid 105995
0 1 tid 105995
149 4 tid 105995
365 2 tid 105995
155 tid 105995
Remove  tid 105995
FindTargetPageId rootid 3 tid 105994
target_page_id id: 4 tid 105994
0 1 tid 105994
149 4 tid 105994
365 2 tid 105994
194 tid 105994
Insert  tid 105994
FindTargetPageId rootid 3 tid 105996
target_page_id id: 2 tid 105996
0 1 tid 105996
149 4 tid 105996
365 2 tid 105996
154 tid 105996
Insert  tid 105996
FindTargetPageId rootid 3 tid 105996
target_page_id id: 2 tid 105996
0 1 tid 105996
149 4 tid 105996
365 2 tid 105996
155 tid 105996
Insert  tid 105996
FindTargetPageId rootid 3 tid 105994
target_page_id id: 4 tid 105994
0 1 tid 105994
149 4 tid 105994
365 2 tid 105994
195 tid 105994
Insert  tid 105994
FindTargetPageId rootid 3 tid 105995
target_page_id id: 2 tid 105995
0 1 tid 105995
149 4 tid 105995
365 2 tid 105995
156 tid 105995
Remove  tid 105995
FindTargetPageId rootid 3 tid 105996
target_page_id id: 2 tid 105996
0 1 tid 105996
149 4 tid 105996
365 2 tid 105996
155 tid 105996
Insert  tid 105996
FindTargetPageId rootid 3 tid 105994
target_page_id id: 4 tid 105994
0 1 tid 105994
149 4 tid 105994
365 2 tid 105994
196 tid 105994
Insert  tid 105994
FindTargetPageId rootid 3 tid 105995
target_page_id id: 2 tid 105995
0 1 tid 105995
149 4 tid 105995
365 2 tid 105995
156 tid 105995
Remove  tid 105995
FindTargetPageId rootid 3 tid 105996
target_page_id id: 2 tid 105996
0 1 tid 105996
149 4 tid 105996
365 2 tid 105996
155 tid 105996
Insert  tid 105996
FindTargetPageId rootid 3 tid 105994
target_page_id id: 4 tid 105994
0 1 tid 105994
149 4 tid 105994
365 2 tid 105994
197 tid 105994
Insert  tid 105994
FindTargetPageId rootid 3 tid 105995
target_page_id id: 2 tid 105995
0 1 tid 105995
149 4 tid 105995
365 2 tid 105995
156 tid 105995
Remove  tid 105995
FindTargetPageId rootid 3 tid 105996
target_page_id id: 2 tid 105996
0 1 tid 105996
149 4 tid 105996
365 2 tid 105996
155 tid 105996
Insert  tid 105996
FindTargetPageId rootid 3 tid 105994
target_page_id id: 4 tid 105994
0 1 tid 105994
149 4 tid 105994
365 2 tid 105994
198 tid 105994
Insert  tid 105994
FindTargetPageId rootid 3 tid 105995
target_page_id id: 2 tid 105995
0 1 tid 105995
149 4 tid 105995
365 2 tid 105995
156 tid 105995
Remove  tid 105995
FindTargetPageId rootid 3 tid 105996
target_page_id id: 2 tid 105996
0 1 tid 105996
149 4 tid 105996
365 2 tid 105996
155 tid 105996
Insert  tid 105996
FindTargetPageId rootid 3 tid 105994
target_page_id id: 4 tid 105994
0 1 tid 105994
149 4 tid 105994
365 2 tid 105994
199 tid 105994
Insert  tid 105994
FindTargetPageId rootid 3 tid 105995
target_page_id id: 2 tid 105995
0 1 tid 105995
149 4 tid 105995
365 2 tid 105995
156 tid 105995
Remove  tid 105995
FindTargetPageId rootid 3 tid 105996
target_page_id id: 2 tid 105996
0 1 tid 105996
149 4 tid 105996
365 2 tid 105996
155 tid 105996
FindTargetPageId rootid 3 tid 105994
Insert target_page_id id: 4 tid 105994
0 1 tid 105994
149 4 tid 105994
365 2 tid 105994
200 tid 105994
 tid 105996
FindTargetPageId rootid 3 tid 105996
target_page_id id: 2 tid 105996
Insert 0 tid  1 tid 105996
149 4 tid 105996
365 2 tid 105996
156 tid 105996
105994
FindTargetPageId rootid 3 tid 105994
target_page_id id: 4 tid 105994
0 1 tid 105994
149 4 tid 105994
365 2 tid 105994
Insert  tid 105996
201 tid 105994
Insert  tid 105994
FindTargetPageId rootid 3 tid 105995
target_page_id id: 2 tid 105995
0 1 tid 105995
149 4 tid 105995
365 2 tid 105995
157 tid 105995
Remove  tid 105995
FindTargetPageId rootid 3 tid 105996
target_page_id id: 2 tid 105996
0 1 tid 105996
149 4 tid 105996
365 2 tid 105996
156 tid 105996
Insert  tid 105996
FindTargetPageId rootid 3 tid 105994
target_page_id id: 4 tid 105994
0 1 tid 105994
149 4 tid 105994
365 2 tid 105994
202 tid 105994
Insert  tid 105994
FindTargetPageId rootid 3 tid 105995
target_page_id id: 2 tid 105995
0 1 tid 105995
149 4 tid 105995
365 2 tid 105995
157 tid 105995
FindTargetPageId rootid 3 tid 105996
target_page_id id: 2 tid 105996
0 1 tid 105996
149 4 tid 105996
365 2 tid 105996
Remove 156 tid 105996
 tid 105995
Insert  tid 105996
FindTargetPageId rootid 3 tid 105994
target_page_id id: 4 tid 105994
0 1 tid 105994
149 4 tid 105994
365 2 tid 105994
203 tid 105994
Insert  tid 105994
FindTargetPageId rootid 3 tid 105996
target_page_id id: 2 tid 105996
0 1 tid 105996
149 4 tid 105996
365 2 tid 105996
157 tid 105996
Insert  tid 105996
FindTargetPageId rootid 3 tid 105995
target_page_id id: 2 tid 105995
0 1 tid 105995
149 4 tid 105995
365 2 tid 105995
158 tid 105995
Remove  tid 105995
FindTargetPageId rootid 3 tid 105994
target_page_id id: 4 tid 105994
0 1 tid 105994
149 4 tid 105994
365 2 tid 105994
204 tid 105994
Insert  tid 105994
FindTargetPageId rootid 3 tid 105996
target_page_id id: 2 tid 105996
0 1 tid 105996
149 4 tid 105996
365 2 tid 105996
157 tid 105996
Insert  tid 105996
FindTargetPageId rootid 3 tid 105995
target_page_id id: 2 tid 105995
0 1 tid 105995
149 4 tid 105995
365 2 tid 105995
158 tid 105995
Remove  tid 105995
FindTargetPageId rootid 3 tid 105994
target_page_id id: 4 tid 105994
0 1 tid 105994
149 4 tid 105994
365 2 tid 105994
205 tid 105994
Insert  tid 105994
FindTargetPageId rootid 3 tid 105996
target_page_id id: 2 tid 105996
0 1 tid 105996
149 4 tid 105996
365 2 tid 105996
157 tid 105996
Insert  tid 105996
FindTargetPageId rootid 3 tid 105995
target_page_id id: 2 tid 105995
0 1 tid 105995
149 4 tid 105995
365 2 tid 105995
158 tid 105995
Remove  tid 105995
FindTargetPageId rootid 3 tid 105995
target_page_id id: 2 tid 105995
0 1 tid 105995
149 4 tid 105995
365 2 tid 105995
157 tid 105995
Remove  tid 105995
FindTargetPageId rootid 3 tid 105994
target_page_id id: 4 tid 105994
0 1 tid 105994
149 4 tid 105994
365 2 tid 105994
206 tid 105994
Insert  tid 105994
FindTargetPageId rootid 3 tid 105994
target_page_id id: 4 tid 105994
0 1 tid 105994
149 4 tid 105994
365 2 tid 105994
207 tid 105994
Insert  tid 105994
FindTargetPageId rootid 3 tid 105994
target_page_id id: 4 tid 105994
0 1 tid 105994
149 4 tid 105994
365 2 tid 105994
208 tid 105994
Insert  tid 105994
FindTargetPageId rootid 3 tid 105994
target_page_id id: 4 tid 105994
0 1 tid 105994
149 4 tid 105994
365 2 tid 105994
209 tid 105994
Insert  tid 105994
FindTargetPageId rootid 3 tid 105994
target_page_id id: 4 tid 105994
0 1 tid 105994
149 4 tid 105994
365 2 tid 105994
210 tid 105994
Insert  tid 105994
FindTargetPageId rootid 3 tid 105994
target_page_id id: 4 tid 105994
0 1 tid 105994
149 4 tid 105994
365 2 tid 105994
211 tid 105994
Insert  tid 105994
FindTargetPageId rootid 3 tid 105995
target_page_id id: 2 tid 105995
0 1 tid 105995
149 4 tid 105995
365 2 tid 105995
156 tid 105995
Remove  tid 105995
FindTargetPageId rootid 3 tid 105996
target_page_id id: 2 tid 105996
0 1 tid 105996
149 4 tid 105996
365 2 tid 105996
155 tid 105996
Insert  tid 105996
FindTargetPageId rootid 3 tid 105994
target_page_id id: 4 tid 105994
0 1 tid 105994
149 4 tid 105994
365 2 tid 105994
212 tid 105994
Insert  tid 105994
FindTargetPageId rootid 3 tid 105995
target_page_id id: 2 tid 105995
0 1 tid 105995
149 4 tid 105995
365 2 tid 105995
156 tid 105995
Remove  tid 105995
FindTargetPageId rootid 3 tid 105996
target_page_id id: 2 tid 105996
0 1 tid 105996
149 4 tid 105996
365 2 tid 105996
155 tid 105996
Insert  tid 105996
FindTargetPageId rootid 3 tid 105994
target_page_id id: 4 tid 105994
0 1 tid 105994
149 4 tid 105994
365 2 tid 105994
213 tid 105994
Insert  tid 105994
FindTargetPageId rootid 3 tid 105995
target_page_id id: 2 tid 105995
0 1 tid 105995
149 4 tid 105995
365 2 tid 105995
156 tid 105995
Remove  tid 105995
FindTargetPageId rootid 3 tid 105996
target_page_id id: 2 tid 105996
0 1 tid 105996
149 4 tid 105996
365 2 tid 105996
155 tid 105996
Insert  tid 105996
FindTargetPageId rootid 3 tid 105994
target_page_id id: 4 tid 105994
0 1 tid 105994
149 4 tid 105994
365 2 tid 105994
214 tid 105994
Insert  tid 105994
FindTargetPageId rootid 3 tid 105995
target_page_id id: 2 tid 105995
0 1 tid 105995
149 4 tid 105995
365 2 tid 105995
156 tid 105995
Remove  tid 105995
FindTargetPageId rootid 3 tid 105996
target_page_id id: 2 tid 105996
0 1 tid 105996
149 4 tid 105996
365 2 tid 105996
155 tid 105996
Insert  tid 105996
FindTargetPageId rootid 3 tid 105994
target_page_id id: 4 tid 105994
0 1 tid 105994
149 4 tid 105994
365 2 tid 105994
215 tid 105994
Insert  tid 105994
FindTargetPageId rootid 3 tid 105995
target_page_id id: 2 tid 105995
0 1 tid 105995
149 4 tid 105995
365 2 tid 105995
156 tid 105995
Remove  tid 105995
FindTargetPageId rootid 3 tid 105996
target_page_id id: 2 tid 105996
0 1 tid 105996
149 4 tid 105996
365 2 tid 105996
155 tid 105996
Insert  tid 105996
FindTargetPageId rootid 3 tid 105994
target_page_id id: 4 tid 105994
0 1 tid 105994
149 4 tid 105994
365 2 tid 105994
215 tid 105994
Insert  tid 105994
FindTargetPageId rootid 3 tid 105995
target_page_id id: 2 tid 105995
0 1 tid 105995
149 4 tid 105995
365 2 tid 105995
156 tid 105995
Remove  tid 105995
FindTargetPageId rootid 3 tid 105996
target_page_id id: 2 tid 105996
0 1 tid 105996
149 4 tid 105996
365 2 tid 105996
155 tid 105996
Insert  tid 105996
FindTargetPageId rootid 3 tid 105994
target_page_id id: 2 tid 105994
0 1 tid 105994
149 4 tid 105994
365 2 tid 105994
156 tid 105994
Insert  tid 105994
FindTargetPageId rootid 3 tid 105995
target_page_id id: 2 tid 105995
0 1 tid 105995
149 4 tid 105995
365 2 tid 105995
157 tid 105995
Remove  tid 105995
FindTargetPageId rootid 3 tid 105996
target_page_id id: 2 tid 105996
0 1 tid 105996
149 4 tid 105996
365 2 tid 105996
156 tid 105996
Insert  tid 105996
FindTargetPageId rootid 3 tid 105994
target_page_id id: 2 tid 105994
0 1 tid 105994
149 4 tid 105994
365 2 tid 105994
157 tid 105994
Insert  tid 105994
FindTargetPageId rootid 3 tid 105995
target_page_id id: 2 tid 105995
0 1 tid 105995
149 4 tid 105995
365 2 tid 105995
158 tid 105995
Remove  tid 105995
FindTargetPageId rootid 3 tid 105996
target_page_id id: 2 tid 105996
0 1 tid 105996
149 4 tid 105996
365 2 tid 105996
157 tid 105996
Insert  tid 105996
FindTargetPageId rootid 3 tid 105994
target_page_id id: 2 tid 105994
0 1 tid 105994
149 4 tid 105994
365 2 tid 105994
158 tid 105994
Insert  tid 105994
FindTargetPageId rootid 3 tid 105995
target_page_id id: 2 tid 105995
0 1 tid 105995
149 4 tid 105995
365 2 tid 105995
159 tid 105995
Remove  tid 105995
FindTargetPageId rootid 3 tid 105996
target_page_id id: 2 tid 105996
0 1 tid 105996
149 4 tid 105996
365 2 tid 105996
158 tid 105996
Insert  tid 105996
FindTargetPageId rootid 3 tid 105994
target_page_id id: 2 tid 105994
0 1 tid 105994
149 4 tid 105994
365 2 tid 105994
159 tid 105994
Insert  tid 105994
FindTargetPageId rootid 3 tid 105995
target_page_id id: 2 tid 105995
0 1 tid 105995
149 4 tid 105995
365 2 tid 105995
160 tid 105995
Remove  tid 105995
FindTargetPageId rootid 3 tid 105996
target_page_id id: 2 tid 105996
0 1 tid 105996
149 4 tid 105996
365 2 tid 105996
159 tid 105996
Insert  tid 105996
FindTargetPageId rootid 3 tid 105994
target_page_id id: 2 tid 105994
0 1 tid 105994
149 4 tid 105994
365 2 tid 105994
160 tid 105994
Insert  tid 105994
FindTargetPageId rootid 3 tid 105995
target_page_id id: 2 tid 105995
0 1 tid 105995
149 4 tid 105995
365 2 tid 105995
161 tid 105995
Remove  tid 105995
FindTargetPageId rootid 3 tid 105996
target_page_id id: 2 tid 105996
0 1 tid 105996
149 4 tid 105996
365 2 tid 105996
160 tid 105996
Insert  tid 105996
FindTargetPageId rootid 3 tid 105994
target_page_id id: 2 tid 105994
0 1 tid 105994
149 4 tid 105994
365 2 tid 105994
161 tid 105994
Insert  tid 105994
FindTargetPageId rootid 3 tid 105995
target_page_id id: 2 tid 105995
0 1 tid 105995
149 4 tid 105995
365 2 tid 105995
162 tid 105995
Remove  tid 105995
FindTargetPageId rootid 3 tid 105996
target_page_id id: 2 tid 105996
0 1 tid 105996
149 4 tid 105996
365 2 tid 105996
161 tid 105996
Insert  tid 105996
FindTargetPageId rootid 3 tid 105994
target_page_id id: 2 tid 105994
0 1 tid 105994
149 4 tid 105994
365 2 tid 105994
162 tid 105994
Insert  tid 105994
FindTargetPageId rootid 3 tid 105995
target_page_id id: 2 tid 105995
0 1 tid 105995
149 4 tid 105995
365 2 tid 105995
163 tid 105995
Remove  tid 105995
FindTargetPageId rootid 3 tid 105996
target_page_id id: 2 tid 105996
0 1 tid 105996
149 4 tid 105996
365 2 tid 105996
162 tid 105996
Insert  tid 105996
FindTargetPageId rootid 3 tid 105994
target_page_id id: 2 tid 105994
0 1 tid 105994
149 4 tid 105994
365 2 tid 105994
163 tid 105994
Insert  tid 105994
FindTargetPageId rootid 3 tid 105995
target_page_id id: 2 tid 105995
0 1 tid 105995
149 4 tid 105995
365 2 tid 105995
164 tid 105995
Remove  tid 105995
FindTargetPageId rootid 3 tid 105996
target_page_id id: 2 tid 105996
0 1 tid 105996
149 4 tid 105996
365 2 tid 105996
163 tid 105996
Insert  tid 105996
FindTargetPageId rootid 3 tid 105994
target_page_id id: 2 tid 105994
0 1 tid 105994
149 4 tid 105994
365 2 tid 105994
164 tid 105994
Insert  tid 105994
FindTargetPageId rootid 3 tid 105995
target_page_id id: 2 tid 105995
0 1 tid 105995
149 4 tid 105995
365 2 tid 105995
165 tid 105995
Remove  tid 105995
FindTargetPageId rootid 3 tid 105996
target_page_id id: 2 tid 105996
0 1 tid 105996
149 4 tid 105996
365 2 tid 105996
164 tid 105996
Insert  tid 105996
FindTargetPageId rootid 3 tid 105994
target_page_id id: 2 tid 105994
0 1 tid 105994
149 4 tid 105994
365 2 tid 105994
165 tid 105994
Insert  tid 105994
FindTargetPageId rootid 3 tid 105995
target_page_id id: 2 tid 105995
0 1 tid 105995
149 4 tid 105995
365 2 tid 105995
166 tid 105995
Remove  tid 105995
FindTargetPageId rootid 3 tid 105996
target_page_id id: 2 tid 105996
0 1 tid 105996
149 4 tid 105996
365 2 tid 105996
165 tid 105996
Insert  tid 105996
FindTargetPageId rootid 3 tid 105994
target_page_id id: 2 tid 105994
0 1 tid 105994
149 4 tid 105994
365 2 tid 105994
166 tid 105994
Insert  tid 105994
FindTargetPageId rootid 3 tid 105995
target_page_id id: 2 tid 105995
0 1 tid 105995
149 4 tid 105995
365 2 tid 105995
167 tid 105995
Remove  tid 105995
FindTargetPageId rootid 3 tid 105996
target_page_id id: 2 tid 105996
0 1 tid 105996
149 4 tid 105996
365 2 tid 105996
166 tid 105996
Insert  tid 105996
FindTargetPageId rootid 3 tid 105994
target_page_id id: 2 tid 105994
0 1 tid 105994
149 4 tid 105994
365 2 tid 105994
167 tid 105994
Insert  tid 105994
FindTargetPageId rootid 3 tid 105995
target_page_id id: 2 tid 105995
0 1 tid 105995
149 4 tid 105995
365 2 tid 105995
168 tid 105995
Remove  tid 105995
FindTargetPageId rootid 3 tid 105996
target_page_id id: 2 tid 105996
0 1 tid 105996
149 4 tid 105996
365 2 tid 105996
167 tid 105996
Insert  tid 105996
FindTargetPageId rootid 3 tid 105994
target_page_id id: 2 tid 105994
0 1 tid 105994
149 4 tid 105994
365 2 tid 105994
168 tid 105994
Insert  tid 105994
FindTargetPageId rootid 3 tid 105995
target_page_id id: 2 tid 105995
0 1 tid 105995
149 4 tid 105995
365 2 tid 105995
169 tid 105995
Remove  tid 105995
FindTargetPageId rootid 3 tid 105996
target_page_id id: 2 tid 105996
0 1 tid 105996
149 4 tid 105996
365 2 tid 105996
168 tid 105996
FindTargetPageId rootid 3 tid 105994
target_page_id id: 2 tid 105994
0 1 tid 105994
149 4 tid 105994
365 2 tid 105994
Insert  tid 105996
169 tid 105994
FindTargetPageId rootid 3 tid 105995
target_page_id id: 2 tid 105995
0 1 tid 105995
149 4 tid 105995
365 2 tid 105995
Insert  tid 105994
170 tid 105995
Remove  tid 105995
FindTargetPageId rootid 3 tid 105996
target_page_id id: 2 tid 105996
0 1 tid 105996
149 4 tid 105996
365 2 tid 105996
169 tid 105996
Insert  tid 105996
FindTargetPageId rootid 3 tid 105994
target_page_id id: 2 tid 105994
0 1 tid 105994
149 4 tid 105994
365 2 tid 105994
170 tid 105994
Insert  tid 105994
FindTargetPageId rootid 3 tid 105995
target_page_id id: 2 tid 105995
0 1 tid 105995
149 4 tid 105995
365 2 tid 105995
171 tid 105995
Remove  tid 105995
FindTargetPageId rootid 3 tid 105996
target_page_id id: 2 tid 105996
0 1 tid 105996
149 4 tid 105996
365 2 tid 105996
170 tid 105996
Insert  tid 105996
FindTargetPageId rootid 3 tid 105994
target_page_id id: 2 tid 105994
0 1 tid 105994
149 4 tid 105994
365 2 tid 105994
171 tid 105994
Insert  tid 105994
FindTargetPageId rootid 3 tid 105995
target_page_id id: 2 tid 105995
0 1 tid 105995
149 4 tid 105995
365 2 tid 105995
172 tid 105995
Remove  tid 105995
FindTargetPageId rootid 3 tid 105996
target_page_id id: 2 tid 105996
0 1 tid 105996
149 4 tid 105996
365 2 tid 105996
171 tid 105996
FindTargetPageId rootid 3 tid 105994
target_page_id id: 2 tid 105994
0 1 tid 105994
149 4 tid 105994
365 2 tid 105994
172 tid 105994
Insert  tid 105996
Insert  tid 105994
FindTargetPageId rootid 3 tid 105996
target_page_id id: 2 tid 105996
0 1 tid 105996
149 4 tid 105996
365 2 tid 105996
173 tid 105996
Insert  tid 105996
FindTargetPageId rootid 3 tid 105994
target_page_id id: 2 tid 105994
0 1 tid 105994
149 4 tid 105994
365 2 tid 105994
174 tid 105994
Insert  tid 105994
FindTargetPageId rootid 3 tid 105995
target_page_id id: 2 tid 105995
0 1 tid 105995
149 4 tid 105995
365 2 tid 105995
175 tid 105995
FindTargetPageId rootid 3 tid 105996
Remove target_page_id id: 2 tid 105996
0 1 tid 105996
149 4 tid 105996
365 2 tid 105996
 tid 105995
174 tid 105996
Insert  tid 105996
FindTargetPageId rootid 3 tid 105994
target_page_id id: 2 tid 105994
0 1 tid 105994
149 4 tid 105994
365 2 tid 105994
175 tid 105994
Insert  tid 105994
FindTargetPageId rootid 3 tid 105995
target_page_id id: 2 tid 105995
0 1 tid 105995
149 4 tid 105995
365 2 tid 105995
176 tid 105995
Remove  tid 105995
FindTargetPageId rootid 3 tid 105996
target_page_id id: 2 tid 105996
0 1 tid 105996
149 4 tid 105996
365 2 tid 105996
175 tid 105996
Insert  tid 105996
FindTargetPageId rootid 3 tid 105994
target_page_id id: 2 tid 105994
0 1 tid 105994
149 4 tid 105994
365 2 tid 105994
176 tid 105994
Insert  tid 105994
FindTargetPageId rootid 3 tid 105995
target_page_id id: 2 tid 105995
0 1 tid 105995
149 4 tid 105995
365 2 tid 105995
177 tid 105995
Remove  tid 105995
FindTargetPageId rootid 3 tid 105996
target_page_id id: 2 tid 105996
0 1 tid 105996
149 4 tid 105996
365 2 tid 105996
176 tid 105996
Insert  tid 105996
FindTargetPageId rootid 3 tid 105994
target_page_id id: 2 tid 105994
0 1 tid 105994
149 4 tid 105994
365 2 tid 105994
177 tid 105994
Insert  tid 105994
FindTargetPageId rootid 3 tid 105995
target_page_id id: 2 tid 105995
0 1 tid 105995
149 4 tid 105995
365 2 tid 105995
178 tid 105995
Remove  tid 105995
FindTargetPageId rootid 3 tid 105996
target_page_id id: 2 tid 105996
0 1 tid 105996
149 4 tid 105996
365 2 tid 105996
177 tid 105996
Insert  tid 105996
FindTargetPageId rootid 3 tid 105994
target_page_id id: 2 tid 105994
0 1 tid 105994
149 4 tid 105994
365 2 tid 105994
178 tid 105994
Insert  tid 105994
FindTargetPageId rootid 3 tid 105995
target_page_id id: 2 tid 105995
0 1 tid 105995
149 4 tid 105995
365 2 tid 105995
179 tid 105995
Remove  tid 105995
FindTargetPageId rootid 3 tid 105996
target_page_id id: 2 tid 105996
0 1 tid 105996
149 4 tid 105996
365 2 tid 105996
178 tid 105996
Insert  tid 105996
FindTargetPageId rootid 3 tid 105994
target_page_id id: 2 tid 105994
0 1 tid 105994
149 4 tid 105994
365 2 tid 105994
179 tid 105994
Insert  tid 105994
FindTargetPageId rootid 3 tid 105995
target_page_id id: 2 tid 105995
0 1 tid 105995
149 4 tid 105995
365 2 tid 105995
180 tid 105995
Remove  tid 105995
FindTargetPageId rootid 3 tid 105996
target_page_id id: 2 tid 105996
0 1 tid 105996
149 4 tid 105996
365 2 tid 105996
179 tid 105996
Insert  tid 105996
FindTargetPageId rootid 3 tid 105994
target_page_id id: 2 tid 105994
0 1 tid 105994
149 4 tid 105994
365 2 tid 105994
180 tid 105994
Insert  tid 105994
FindTargetPageId rootid 3 tid 105995
target_page_id id: 2 tid 105995
0 1 tid 105995
149 4 tid 105995
365 2 tid 105995
181 tid 105995
Remove  tid 105995
FindTargetPageId rootid 3 tid 105996
target_page_id id: 2 tid 105996
0 1 tid 105996
149 4 tid 105996
365 2 tid 105996
180 tid 105996
Insert  tid 105996
FindTargetPageId rootid 3 tid 105994
target_page_id id: 2 tid 105994
0 1 tid 105994
149 4 tid 105994
365 2 tid 105994
181 tid 105994
Insert  tid 105994
FindTargetPageId rootid 3 tid 105995
target_page_id id: 2 tid 105995
0 1 tid 105995
149 4 tid 105995
365 2 tid 105995
182 tid 105995
Remove  tid 105995
FindTargetPageId rootid 3 tid 105996
target_page_id id: 2 tid 105996
0 1 tid 105996
149 4 tid 105996
365 2 tid 105996
181 tid 105996
Insert  tid 105996
FindTargetPageId rootid 3 tid 105994
target_page_id id: 2 tid 105994
0 1 tid 105994
149 4 tid 105994
365 2 tid 105994
182 tid 105994
Insert  tid 105994
FindTargetPageId rootid 3 tid 105995
target_page_id id: 2 tid 105995
0 1 tid 105995
149 4 tid 105995
365 2 tid 105995
183 tid 105995
Remove  tid 105995
FindTargetPageId rootid 3 tid 105996
target_page_id id: 2 tid 105996
0 1 tid 105996
149 4 tid 105996
365 2 tid 105996
182 tid 105996
Insert  tid 105996
FindTargetPageId rootid 3 tid 105994
target_page_id id: 2 tid 105994
0 1 tid 105994
149 4 tid 105994
365 2 tid 105994
183 tid 105994
Insert  tid 105994
FindTargetPageId rootid 3 tid 105995
target_page_id id: 2 tid 105995
0 1 tid 105995
149 4 tid 105995
365 2 tid 105995
184 tid 105995
Remove  tid 105995
FindTargetPageId rootid 3 tid 105996
target_page_id id: 2 tid 105996
0 1 tid 105996
149 4 tid 105996
365 2 tid 105996
183 tid 105996
Insert  tid 105996
FindTargetPageId rootid 3 tid 105994
target_page_id id: 2 tid 105994
0 1 tid 105994
149 4 tid 105994
365 2 tid 105994
184 tid 105994
Insert  tid 105994
FindTargetPageId rootid 3 tid 105995
target_page_id id: 2 tid 105995
0 1 tid 105995
149 4 tid 105995
365 2 tid 105995
185 tid 105995
Remove  tid 105995
FindTargetPageId rootid 3 tid 105996
target_page_id id: 2 tid 105996
0 1 tid 105996
149 4 tid 105996
365 2 tid 105996
184 tid 105996
Insert  tid 105996
FindTargetPageId rootid 3 tid 105994
target_page_id id: 2 tid 105994
0 1 tid 105994
149 4 tid 105994
365 2 tid 105994
185 tid 105994
Insert  tid 105994
FindTargetPageId rootid 3 tid 105995
target_page_id id: 2 tid 105995
0 1 tid 105995
149 4 tid 105995
365 2 tid 105995
186 tid 105995
Remove  tid 105995
FindTargetPageId rootid 3 tid 105996
target_page_id id: 2 tid 105996
0 1 tid 105996
149 4 tid 105996
365 2 tid 105996
185 tid 105996
Insert  tid 105996
FindTargetPageId rootid 3 tid 105994
target_page_id id: 2 tid 105994
0 1 tid 105994
149 4 tid 105994
365 2 tid 105994
186 tid 105994
Insert  tid 105994
FindTargetPageId rootid 3 tid 105995
target_page_id id: 2 tid 105995
0 1 tid 105995
149 4 tid 105995
365 2 tid 105995
187 tid 105995
Remove  tid 105995
FindTargetPageId rootid 3 tid 105996
target_page_id id: 2 tid 105996
0 1 tid 105996
149 4 tid 105996
365 2 tid 105996
186 tid 105996
Insert  tid 105996
FindTargetPageId rootid 3 tid 105994
target_page_id id: 2 tid 105994
0 1 tid 105994
149 4 tid 105994
365 2 tid 105994
187 tid 105994
Insert  tid 105994
FindTargetPageId rootid 3 tid 105995
target_page_id id: 2 tid 105995
0 1 tid 105995
149 4 tid 105995
365 2 tid 105995
188 tid 105995
Remove  tid 105995
FindTargetPageId rootid 3 tid 105996
target_page_id id: 2 tid 105996
0 1 tid 105996
149 4 tid 105996
365 2 tid 105996
187 tid 105996
Insert  tid 105996
FindTargetPageId rootid 3 tid 105994
target_page_id id: 2 tid 105994
0 1 tid 105994
149 4 tid 105994
365 2 tid 105994
188 tid 105994
Insert  tid 105994
FindTargetPageId rootid 3 tid 105995
target_page_id id: 2 tid 105995
0 1 tid 105995
149 4 tid 105995
365 2 tid 105995
189 tid 105995
Remove  tid 105995
FindTargetPageId rootid 3 tid 105996
target_page_id id: 2 tid 105996
0 1 tid 105996
149 4 tid 105996
365 2 tid 105996
188 tid 105996
Insert  tid 105996
FindTargetPageId rootid 3 tid 105994
target_page_id id: 2 tid 105994
0 1 tid 105994
149 4 tid 105994
365 2 tid 105994
189 tid 105994
Insert  tid 105994
FindTargetPageId rootid 3 tid 105995
target_page_id id: 2 tid 105995
0 1 tid 105995
149 4 tid 105995
365 2 tid 105995
190 tid 105995
Remove  tid 105995
FindTargetPageId rootid 3 tid 105995
target_page_id id: 2 tid 105995
0 1 tid 105995
149 4 tid 105995
365 2 tid 105995
189 tid 105995
Remove  tid 105995
FindTargetPageId rootid 3 tid 105995
target_page_id id: 2 tid 105995
0 1 tid 105995
149 4 tid 105995
365 2 tid 105995
188 tid 105995
Remove  tid 105995
FindTargetPageId rootid 3 tid 105994
target_page_id id: 2 tid 105994
0 1 tid 105994
149 4 tid 105994
365 2 tid 105994
187 tid 105994
Insert  tid 105994
FindTargetPageId rootid 3 tid 105996
target_page_id id: 2 tid 105996
0 1 tid 105996
149 4 tid 105996
365 2 tid 105996
188 tid 105996
Insert  tid 105996
FindTargetPageId rootid 3 tid 105995
target_page_id id: 2 tid 105995
0 1 tid 105995
149 4 tid 105995
365 2 tid 105995
189 tid 105995
Remove  tid 105995
FindTargetPageId rootid 3 tid 105995
target_page_id id: 2 tid 105995
0 1 tid 105995
149 4 tid 105995
365 2 tid 105995
188 tid 105995
Remove  tid 105995
FindTargetPageId rootid 3 tid 105995
target_page_id id: 2 tid 105995
0 1 tid 105995
149 4 tid 105995
365 2 tid 105995
187 tid 105995
Remove  tid 105995
FindTargetPageId rootid 3 tid 105995
target_page_id id: 2 tid 105995
0 1 tid 105995
149 4 tid 105995
365 2 tid 105995
186 tid 105995
Remove  tid 105995
FindTargetPageId rootid 3 tid 105995
target_page_id id: 2 tid 105995
0 1 tid 105995
149 4 tid 105995
365 2 tid 105995
185 tid 105995
Remove  tid 105995
FindTargetPageId rootid 3 tid 105995
target_page_id id: 2 tid 105995
0 1 tid 105995
149 4 tid 105995
365 2 tid 105995
184 tid 105995
Remove  tid 105995
FindTargetPageId rootid 3 tid 105995
target_page_id id: 2 tid 105995
0 1 tid 105995
149 4 tid 105995
365 2 tid 105995
183 tid 105995
Remove  tid 105995
FindTargetPageId rootid 3 tid 105996
target_page_id id: 2 tid 105996
0 1 tid 105996
149 4 tid 105996
365 2 tid 105996
182 tid 105996
Insert  tid 105996
FindTargetPageId rootid 3 tid 105994
target_page_id id: 2 tid 105994
0 1 tid 105994
149 4 tid 105994
365 2 tid 105994
183 tid 105994
Insert  tid 105994
FindTargetPageId rootid 3 tid 105994
target_page_id id: 2 tid 105994
0 1 tid 105994
149 4 tid 105994
365 2 tid 105994
184 tid 105994
Insert  tid 105994
FindTargetPageId rootid 3 tid 105994
target_page_id id: 2 tid 105994
0 1 tid 105994
149 4 tid 105994
365 2 tid 105994
185 tid 105994
Insert  tid 105994
FindTargetPageId rootid 3 tid 105994
target_page_id id: 2 tid 105994
0 1 tid 105994
149 4 tid 105994
365 2 tid 105994
186 tid 105994
Insert  tid 105994
FindTargetPageId rootid 3 tid 105994
target_page_id id: 2 tid 105994
0 1 tid 105994
149 4 tid 105994
365 2 tid 105994
187 tid 105994
Insert  tid 105994
FindTargetPageId rootid 3 tid 105994
target_page_id id: 2 tid 105994
0 1 tid 105994
149 4 tid 105994
365 2 tid 105994
188 tid 105994
Insert  tid 105994
FindTargetPageId rootid 3 tid 105996
target_page_id id: 2 tid 105996
0 1 tid 105996
149 4 tid 105996
365 2 tid 105996
189 tid 105996
Insert  tid 105996
FindTargetPageId rootid 3 tid 105996
target_page_id id: 2 tid 105996
0 1 tid 105996
149 4 tid 105996
365 2 tid 105996
190 tid 105996
Insert  tid 105996
FindTargetPageId rootid 3 tid 105996
target_page_id id: 2 tid 105996
0 1 tid 105996
149 4 tid 105996
365 2 tid 105996
191 tid 105996
Insert  tid 105996
FindTargetPageId rootid 3 tid 105996
target_page_id id: 2 tid 105996
0 1 tid 105996
149 4 tid 105996
365 2 tid 105996
192 tid 105996
Insert  tid 105996
FindTargetPageId rootid 3 tid 105995
target_page_id id: 2 tid 105995
0 1 tid 105995
149 4 tid 105995
365 2 tid 105995
193 tid 105995
Remove  tid 105995
FindTargetPageId rootid 3 tid 105995
target_page_id id: 2 tid 105995
0 1 tid 105995
149 4 tid 105995
365 2 tid 105995
192 tid 105995
Remove  tid 105995
FindTargetPageId rootid 3 tid 105995
target_page_id id: 2 tid 105995
0 1 tid 105995
149 4 tid 105995
365 2 tid 105995
191 tid 105995
Remove  tid 105995
FindTargetPageId rootid 3 tid 105995
target_page_id id: 2 tid 105995
0 1 tid 105995
149 4 tid 105995
365 2 tid 105995
190 tid 105995
Remove  tid 105995
FindTargetPageId rootid 3 tid 105995
target_page_id id: 2 tid 105995
0 1 tid 105995
149 4 tid 105995
365 2 tid 105995
189 tid 105995
Remove  tid 105995
FindTargetPageId rootid 3 tid 105996
target_page_id id: 2 tid 105996
0 1 tid 105996
149 4 tid 105996
365 2 tid 105996
188 tid 105996
Insert  tid 105996
FindTargetPageId rootid 3 tid 105996
target_page_id id: 2 tid 105996
0 1 tid 105996
149 4 tid 105996
365 2 tid 105996
189 tid 105996
Insert  tid 105996
FindTargetPageId rootid 3 tid 105996
target_page_id id: 2 tid 105996
0 1 tid 105996
149 4 tid 105996
365 2 tid 105996
190 tid 105996
Insert  tid 105996
FindTargetPageId rootid 3 tid 105994
target_page_id id: 2 tid 105994
0 1 tid 105994
149 4 tid 105994
365 2 tid 105994
191 tid 105994
Insert  tid 105994
FindTargetPageId rootid 3 tid 105994
target_page_id id: 2 tid 105994
0 1 tid 105994
149 4 tid 105994
365 2 tid 105994
192 tid 105994
Insert  tid 105994
FindTargetPageId rootid 3 tid 105994
target_page_id id: 2 tid 105994
0 1 tid 105994
149 4 tid 105994
365 2 tid 105994
193 tid 105994
Insert  tid 105994
FindTargetPageId rootid 3 tid 105995
target_page_id id: 2 tid 105995
0 1 tid 105995
149 4 tid 105995
365 2 tid 105995
194 tid 105995
Remove  tid 105995
FindTargetPageId rootid 3 tid 105995
target_page_id id: 2 tid 105995
0 1 tid 105995
149 4 tid 105995
365 2 tid 105995
193 tid 105995
Remove  tid 105995
FindTargetPageId rootid 3 tid 105995
target_page_id id: 2 tid 105995
0 1 tid 105995
149 4 tid 105995
365 2 tid 105995
192 tid 105995
Remove  tid 105995
FindTargetPageId rootid 3 tid 105996
target_page_id id: 2 tid 105996
0 1 tid 105996
149 4 tid 105996
365 2 tid 105996
191 tid 105996
Insert  tid 105996
FindTargetPageId rootid 3 tid 105996
target_page_id id: 2 tid 105996
0 1 tid 105996
149 4 tid 105996
365 2 tid 105996
192 tid 105996
Insert  tid 105996
FindTargetPageId rootid 3 tid 105996
target_page_id id: 2 tid 105996
0 1 tid 105996
149 4 tid 105996
365 2 tid 105996
193 tid 105996
Insert  tid 105996
FindTargetPageId rootid 3 tid 105994
target_page_id id: 2 tid 105994
0 1 tid 105994
149 4 tid 105994
365 2 tid 105994
194 tid 105994
Insert  tid 105994
FindTargetPageId rootid 3 tid 105995
target_page_id id: 2 tid 105995
0 1 tid 105995
149 4 tid 105995
365 2 tid 105995
195 tid 105995
Remove  tid 105995
FindTargetPageId rootid 3 tid 105996
target_page_id id: 2 tid 105996
0 1 tid 105996
149 4 tid 105996
365 2 tid 105996
194 tid 105996
Insert  tid 105996
FindTargetPageId rootid 3 tid 105994
target_page_id id: 2 tid 105994
0 1 tid 105994
149 4 tid 105994
365 2 tid 105994
195 tid 105994
Insert  tid 105994
FindTargetPageId rootid 3 tid 105995
target_page_id id: 2 tid 105995
0 1 tid 105995
149 4 tid 105995
365 2 tid 105995
196 tid 105995
Remove  tid 105995
FindTargetPageId rootid 3 tid 105996
target_page_id id: 2 tid 105996
0 1 tid 105996
149 4 tid 105996
365 2 tid 105996
195 tid 105996
Insert  tid 105996
FindTargetPageId rootid 3 tid 105994
target_page_id id: 2 tid 105994
0 1 tid 105994
149 4 tid 105994
365 2 tid 105994
196 tid 105994
Insert  tid 105994
FindTargetPageId rootid 3 tid 105995
target_page_id id: 2 tid 105995
0 1 tid 105995
149 4 tid 105995
365 2 tid 105995
197 tid 105995
Remove  tid 105995
FindTargetPageId rootid 3 tid 105995
target_page_id id: 2 tid 105995
0 1 tid 105995
149 4 tid 105995
365 2 tid 105995
196 tid 105995
Remove  tid 105995
FindTargetPageId rootid 3 tid 105994
target_page_id id: 2 tid 105994
0 1 tid 105994
149 4 tid 105994
365 2 tid 105994
195 tid 105994
Insert  tid 105994
FindTargetPageId rootid 3 tid 105996
target_page_id id: 2 tid 105996
0 1 tid 105996
149 4 tid 105996
365 2 tid 105996
196 tid 105996
Insert  tid 105996
FindTargetPageId rootid 3 tid 105995
target_page_id id: 2 tid 105995
0 1 tid 105995
149 4 tid 105995
365 2 tid 105995
197 tid 105995
Remove  tid 105995
FindTargetPageId rootid 3 tid 105994
target_page_id id: 2 tid 105994
0 1 tid 105994
149 4 tid 105994
365 2 tid 105994
196 tid 105994
Insert  tid 105994
FindTargetPageId rootid 3 tid 105996
target_page_id id: 2 tid 105996
0 1 tid 105996
149 4 tid 105996
365 2 tid 105996
197 tid 105996
Insert  tid 105996
FindTargetPageId rootid 3 tid 105995
target_page_id id: 2 tid 105995
0 1 tid 105995
149 4 tid 105995
365 2 tid 105995
198 tid 105995
Remove  tid 105995
FindTargetPageId rootid 3 tid 105994
target_page_id id: 2 tid 105994
0 1 tid 105994
149 4 tid 105994
365 2 tid 105994
197 tid 105994
Insert  tid 105994
FindTargetPageId rootid 3 tid 105996
target_page_id id: 2 tid 105996
0 1 tid 105996
149 4 tid 105996
365 2 tid 105996
198 tid 105996
Insert  tid 105996
FindTargetPageId rootid 3 tid 105995
target_page_id id: 2 tid 105995
0 1 tid 105995
149 4 tid 105995
365 2 tid 105995
199 tid 105995
Remove  tid 105995
FindTargetPageId rootid 3 tid 105994
target_page_id id: 2 tid 105994
0 1 tid 105994
149 4 tid 105994
365 2 tid 105994
198 tid 105994
Insert  tid 105994
FindTargetPageId rootid 3 tid 105996
target_page_id id: 2 tid 105996
0 1 tid 105996
149 4 tid 105996
365 2 tid 105996
199 tid 105996
Insert  tid 105996
FindTargetPageId rootid 3 tid 105995
target_page_id id: 2 tid 105995
0 1 tid 105995
149 4 tid 105995
365 2 tid 105995
200 tid 105995
Remove  tid 105995
FindTargetPageId rootid 3 tid 105994
target_page_id id: 2 tid 105994
0 1 tid 105994
149 4 tid 105994
365 2 tid 105994
199 tid 105994
Insert  tid 105994
FindTargetPageId rootid 3 tid 105996
target_page_id id: 2 tid 105996
0 1 tid 105996
149 4 tid 105996
365 2 tid 105996
200 tid 105996
Insert  tid 105996
FindTargetPageId rootid 3 tid 105995
target_page_id id: 2 tid 105995
0 1 tid 105995
149 4 tid 105995
365 2 tid 105995
201 tid 105995
Remove  tid 105995
FindTargetPageId rootid 3 tid 105995
target_page_id id: 2 tid 105995
0 1 tid 105995
149 4 tid 105995
365 2 tid 105995
200 tid 105995
Remove  tid 105995
FindTargetPageId rootid 3 tid 105996
target_page_id id: 2 tid 105996
0 1 tid 105996
149 4 tid 105996
365 2 tid 105996
199 tid 105996
FindTargetPageId rootid 3 tid 105994
target_page_id id: 2 tid 105994
0 1 tid 105994
149 4 tid 105994
365 2 tid 105994
Insert 200 tid  tid 105994
105996
Insert  tid 105994
FindTargetPageId rootid 3 tid 105996
target_page_id id: 2 tid 105996
0 1 tid 105996
149 4 tid 105996
365 2 tid 105996
201 tid 105996
Insert  tid 105996
FindTargetPageId rootid 3 tid 105995
target_page_id id: 2 tid 105995
0 1 tid 105995
149 4 tid 105995
365 2 tid 105995
202 tid 105995
Remove  tid 105995
FindTargetPageId rootid 3 tid 105994
target_page_id id: 2 tid 105994
0 1 tid 105994
149 4 tid 105994
365 2 tid 105994
201 tid 105994
Insert  tid 105994
FindTargetPageId rootid 3 tid 105996
target_page_id id: 2 tid 105996
0 1 tid 105996
149 4 tid 105996
365 2 tid 105996
202 tid 105996
Insert  tid 105996
FindTargetPageId rootid 3 tid 105995
target_page_id id: 2 tid 105995
0 1 tid 105995
149 4 tid 105995
365 2 tid 105995
203 tid 105995
Remove  tid 105995
FindTargetPageId rootid 3 tid 105994
target_page_id id: 2 tid 105994
0 1 tid 105994
149 4 tid 105994
365 2 tid 105994
202 tid 105994
Insert  tid 105994
FindTargetPageId rootid 3 tid 105996
target_page_id id: 2 tid 105996
0 1 tid 105996
149 4 tid 105996
365 2 tid 105996
203 tid 105996
Insert  tid 105996
FindTargetPageId rootid 3 tid 105995
target_page_id id: 2 tid 105995
0 1 tid 105995
149 4 tid 105995
365 2 tid 105995
204 tid 105995
Remove  tid 105995
FindTargetPageId rootid 3 tid 105994
target_page_id id: 2 tid 105994
0 1 tid 105994
149 4 tid 105994
365 2 tid 105994
203 tid 105994
Insert  tid 105994
FindTargetPageId rootid 3 tid 105994
target_page_id id: 2 tid 105994
0 1 tid 105994
149 4 tid 105994
365 2 tid 105994
204 tid 105994
Insert  tid 105994
FindTargetPageId rootid 3 tid 105995
target_page_id id: 2 tid 105995
0 1 tid 105995
149 4 tid 105995
365 2 tid 105995
205 tid 105995
FindTargetPageId rootid 3 tid 105996
target_page_id id: 2 tid 105996
0 1 tid 105996
149 4 tid 105996
365 2 tid 105996
204 tid 105996
Insert  tid 105996
FindTargetPageId rootid 3 tid 105996
target_page_id id: 2 tid 105996
0 1 tid 105996
149 4 tid 105996
365 2 tid 105996
205 tid 105996
Insert  tid 105996
FindTargetPageId rootid 3 tid 105996
target_page_id id: 2 tid 105996
0 1 tid 105996
149 4 tid 105996
365 2 tid 105996
206 tid 105996
Insert  tid 105996
FindTargetPageId rootid 3 tid 105996
target_page_id id: 2 tid 105996
0 1 tid 105996
149 4 tid 105996
365 2 tid 105996
Remove  tid 105995
207 tid 105996
Insert  tid 105996
FindTargetPageId rootid 3 tid 105994
target_page_id id: 2 tid 105994
0 1 tid 105994
149 4 tid 105994
365 2 tid 105994
208 tid 105994
Insert  tid 105994
FindTargetPageId rootid 3 tid 105994
target_page_id id: 2 tid 105994
0 1 tid 105994
149 4 tid 105994
365 2 tid 105994
209 tid 105994
Insert  tid 105994
FindTargetPageId rootid 3 tid 105994
target_page_id id: 2 tid 105994
0 1 tid 105994
149 4 tid 105994
365 2 tid 105994
210 tid 105994
Insert  tid 105994
FindTargetPageId rootid 3 tid 105994
target_page_id id: 2 tid 105994
0 1 tid 105994
149 4 tid 105994
365 2 tid 105994
211 tid 105994
Insert  tid 105994
FindTargetPageId rootid 3 tid 105994
target_page_id id: 2 tid 105994
0 1 tid 105994
149 4 tid 105994
365 2 tid 105994
212 tid 105994
Insert  tid 105994
FindTargetPageId rootid 3 tid 105994
target_page_id id: 2 tid 105994
0 1 tid 105994
149 4 tid 105994
365 2 tid 105994
213 tid 105994
Insert  tid 105994
FindTargetPageId rootid 3 tid 105994
target_page_id id: 2 tid 105994
0 1 tid 105994
149 4 tid 105994
365 2 tid 105994
214 tid 105994
Insert  tid 105994
FindTargetPageId rootid 3 tid 105994
target_page_id id: 2 tid 105994
0 1 tid 105994
149 4 tid 105994
365 2 tid 105994
215 tid 105994
Insert  tid 105994
FindTargetPageId rootid 3 tid 105996
target_page_id id: 2 tid 105996
0 1 tid 105996
149 4 tid 105996
365 2 tid 105996
216 tid 105996
Insert  tid 105996
FindTargetPageId rootid 3 tid 105995
target_page_id id: 2 tid 105995
0 1 tid 105995
149 4 tid 105995
365 2 tid 105995
217 tid 105995
Remove  tid 105995
FindTargetPageId rootid 3 tid 105994
target_page_id id: 2 tid 105994
0 1 tid 105994
149 4 tid 105994
365 2 tid 105994
216 tid 105994
Insert  tid 105994
FindTargetPageId rootid 3 tid 105996
target_page_id id: 2 tid 105996
0 1 tid 105996
149 4 tid 105996
365 2 tid 105996
217 tid 105996
Insert  tid 105996
FindTargetPageId rootid 3 tid 105995
target_page_id id: 2 tid 105995
0 1 tid 105995
149 4 tid 105995
365 2 tid 105995
218 tid 105995
Remove  tid 105995
FindTargetPageId rootid 3 tid 105994
target_page_id id: 2 tid 105994
0 1 tid 105994
149 4 tid 105994
365 2 tid 105994
217 tid 105994
Insert  tid 105994
FindTargetPageId rootid 3 tid 105996
target_page_id id: 2 tid 105996
0 1 tid 105996
149 4 tid 105996
365 2 tid 105996
218 tid 105996
Insert  tid 105996
FindTargetPageId rootid 3 tid 105995
target_page_id id: 2 tid 105995
0 1 tid 105995
149 4 tid 105995
365 2 tid 105995
219 tid 105995
Remove  tid 105995
FindTargetPageId rootid 3 tid 105994
target_page_id id: 2 tid 105994
0 1 tid 105994
149 4 tid 105994
365 2 tid 105994
218 tid 105994
Insert  tid 105994
FindTargetPageId rootid 3 tid 105996
target_page_id id: 2 tid 105996
0 1 tid 105996
149 4 tid 105996
365 2 tid 105996
219 tid 105996
Insert  tid 105996
FindTargetPageId rootid 3 tid 105995
target_page_id id: 2 tid 105995
0 1 tid 105995
149 4 tid 105995
365 2 tid 105995
220 tid 105995
Remove  tid 105995
FindTargetPageId rootid 3 tid 105994
target_page_id id: 2 tid 105994
0 1 tid 105994
149 4 tid 105994
365 2 tid 105994
219 tid 105994
Insert  tid 105994
FindTargetPageId rootid 3 tid 105996
target_page_id id: 2 tid 105996
0 1 tid 105996
149 4 tid 105996
365 2 tid 105996
220 tid 105996
FindTargetPageId rootid 3 tid 105995
target_page_id id: 2 tid 105995
0 1 tid 105995
149 4 tid 105995
365 2 tid Insert  tid 105995105996

221 tid 105995
Remove  tid 105995
FindTargetPageId rootid 3 tid 105994
target_page_id id: 2 tid 105994
0 1 tid 105994
149 4 tid 105994
365 2 tid 105994
220 tid 105994
Insert  tid 105994
FindTargetPageId rootid 3 tid 105996
target_page_id id: 2 tid 105996
0 1 tid 105996
149 4 tid 105996
365 2 tid 105996
221 tid 105996
Insert  tid 105996
FindTargetPageId rootid 3 tid 105995
target_page_id id: 2 tid 105995
0 1 tid 105995
149 4 tid 105995
365 2 tid 105995
222 tid 105995
Remove  tid 105995
FindTargetPageId rootid 3 tid 105994
target_page_id id: 2 tid 105994
0 1 tid 105994
149 4 tid 105994
365 2 tid 105994
221 tid 105994
Insert  tid 105994
FindTargetPageId rootid 3 tid 105996
target_page_id id: 2 tid 105996
0 1 tid 105996
149 4 tid 105996
365 2 tid 105996
222 tid 105996
Insert  tid 105996
FindTargetPageId rootid 3 tid 105995
target_page_id id: 2 tid 105995
0 1 tid 105995
149 4 tid 105995
365 2 tid 105995
223 tid 105995
Remove  tid 105995
FindTargetPageId rootid 3 tid 105994
target_page_id id: 2 tid 105994
0 1 tid 105994
149 4 tid 105994
365 2 tid 105994
222 tid 105994
Insert  tid 105994
FindTargetPageId rootid 3 tid 105996
target_page_id id: 2 tid 105996
0 1 tid 105996
149 4 tid 105996
365 2 tid 105996
223 tid 105996
Insert  tid 105996
FindTargetPageId rootid 3 tid 105995
target_page_id id: 2 tid 105995
0 1 tid 105995
149 4 tid 105995
365 2 tid 105995
224 tid 105995
Remove  tid 105995
FindTargetPageId rootid 3 tid 105994
target_page_id id: 2 tid 105994
0 1 tid 105994
149 4 tid 105994
365 2 tid 105994
223 tid 105994
Insert  tid 105994
FindTargetPageId rootid 3 tid 105996
target_page_id id: 2 tid 105996
0 1 tid 105996
149 4 tid 105996
365 2 tid 105996
224 tid 105996
Insert  tid 105996
FindTargetPageId rootid 3 tid 105995
target_page_id id: 2 tid 105995
0 1 tid 105995
149 4 tid 105995
365 2 tid 105995
225 tid 105995
Remove  tid 105995
FindTargetPageId rootid 3 tid 105994
target_page_id id: 2 tid 105994
0 1 tid 105994
149 4 tid 105994
365 2 tid 105994
224 tid 105994
Insert  tid 105994
FindTargetPageId rootid 3 tid 105996
target_page_id id: 2 tid 105996
0 1 tid 105996
149 4 tid 105996
365 2 tid 105996
225 tid 105996
Insert  tid 105996
FindTargetPageId rootid 3 tid 105995
target_page_id id: 2 tid 105995
0 1 tid 105995
149 4 tid 105995
365 2 tid 105995
226 tid 105995
Remove  tid 105995
FindTargetPageId rootid 3 tid 105994
target_page_id id: 2 tid 105994
0 1 tid 105994
149 4 tid 105994
365 2 tid 105994
225 tid 105994
Insert  tid 105994
FindTargetPageId rootid 3 tid 105996
target_page_id id: 2 tid 105996
0 1 tid 105996
149 4 tid 105996
365 2 tid 105996
226 tid 105996
Insert  tid 105996
FindTargetPageId rootid 3 tid 105995
target_page_id id: 2 tid 105995
0 1 tid 105995
149 4 tid 105995
365 2 tid 105995
227 tid 105995
Remove  tid 105995
FindTargetPageId rootid 3 tid 105994
target_page_id id: 2 tid 105994
0 1 tid 105994
149 4 tid 105994
365 2 tid 105994
226 tid 105994
Insert  tid 105994
FindTargetPageId rootid 3 tid 105996
target_page_id id: 2 tid 105996
0 1 tid 105996
149 4 tid 105996
365 2 tid 105996
227 tid 105996
Insert  tid 105996
FindTargetPageId rootid 3 tid 105996
target_page_id id: 2 tid 105996
0 1 tid 105996
149 4 tid 105996
365 2 tid 105996
228 tid 105996
Insert  tid 105996
FindTargetPageId rootid 3 tid 105996
target_page_id id: 2 tid 105996
0 1 tid 105996
149 4 tid 105996
365 2 tid 105996
229 tid 105996
Insert  tid 105996
FindTargetPageId rootid 3 tid 105995
target_page_id id: 2 tid 105995
0 1 tid 105995
149 4 tid 105995
365 2 tid 105995
230 tid 105995
Remove  tid 105995
FindTargetPageId rootid 3 tid 105995
target_page_id id: 2 tid 105995
0 1 tid 105995
149 4 tid 105995
365 2 tid 105995
229 tid 105995
Remove  tid 105995
FindTargetPageId rootid 3 tid 105995
target_page_id id: 2 tid 105995
0 1 tid 105995
149 4 tid 105995
365 2 tid 105995
228 tid 105995
Remove  tid 105995
FindTargetPageId rootid 3 tid 105995
target_page_id id: 2 tid 105995
0 1 tid 105995
149 4 tid 105995
365 2 tid 105995
227 tid 105995
Remove  tid 105995
FindTargetPageId rootid 3 tid 105995
target_page_id id: 2 tid 105995
0 1 tid 105995
149 4 tid 105995
365 2 tid 105995
226 tid 105995
Remove  tid 105995
FindTargetPageId rootid 3 tid 105995
target_page_id id: 2 tid 105995
0 1 tid 105995
149 4 tid 105995
365 2 tid 105995
225 tid 105995
Remove  tid 105995
FindTargetPageId rootid 3 tid 105995
target_page_id id: 2 tid 105995
0 1 tid 105995
149 4 tid 105995
365 2 tid 105995
224 tid 105995
Remove  tid 105995
FindTargetPageId rootid 3 tid 105996
target_page_id id: 2 tid 105996
0 1 tid 105996
149 4 tid 105996
365 2 tid 105996
223 tid 105996
Insert  tid 105996
FindTargetPageId rootid 3 tid 105996
target_page_id id: 2 tid 105996
0 1 tid 105996
149 4 tid 105996
365 2 tid 105996
224 tid 105996
Insert  tid 105996
FindTargetPageId rootid 3 tid 105994
target_page_id id: 2 tid 105994
0 1 tid 105994
149 4 tid 105994
365 2 tid 105994
225 tid 105994
Insert  tid 105994
FindTargetPageId rootid 3 tid 105994
target_page_id id: 2 tid 105994
0 1 tid 105994
149 4 tid 105994
365 2 tid 105994
226 tid 105994
Insert  tid 105994
FindTargetPageId rootid 3 tid 105994
target_page_id id: 2 tid 105994
0 1 tid 105994
149 4 tid 105994
365 2 tid 105994
227 tid 105994
Insert  tid 105994
FindTargetPageId rootid 3 tid 105994
target_page_id id: 2 tid 105994
0 1 tid 105994
149 4 tid 105994
365 2 tid 105994
228 tid 105994
Insert  tid 105994
FindTargetPageId rootid 3 tid 105994
target_page_id id: 2 tid 105994
0 1 tid 105994
149 4 tid 105994
365 2 tid 105994
229 tid 105994
Insert  tid 105994
FindTargetPageId rootid 3 tid 105996
target_page_id id: 2 tid 105996
0 1 tid 105996
149 4 tid 105996
365 2 tid 105996
230 tid 105996
Insert  tid 105996
FindTargetPageId rootid 3 tid 105996
target_page_id id: 2 tid 105996
0 1 tid 105996
149 4 tid 105996
365 2 tid 105996
231 tid 105996
Insert  tid 105996
FindTargetPageId rootid 3 tid 105996
target_page_id id: 2 tid 105996
0 1 tid 105996
149 4 tid 105996
365 2 tid 105996
232 tid 105996
Insert  tid 105996
FindTargetPageId rootid 3 tid 105996
target_page_id id: 2 tid 105996
0 1 tid 105996
149 4 tid 105996
365 2 tid 105996
233 tid 105996
Insert  tid 105996
FindTargetPageId rootid 3 tid 105996
target_page_id id: 2 tid 105996
0 1 tid 105996
149 4 tid 105996
365 2 tid 105996
234 tid 105996
Insert  tid 105996
FindTargetPageId rootid 3 tid 105996
target_page_id id: 2 tid 105996
0 1 tid 105996
149 4 tid 105996
365 2 tid 105996
235 tid 105996
Insert  tid 105996
FindTargetPageId rootid 3 tid 105996
target_page_id id: 2 tid 105996
0 1 tid 105996
149 4 tid 105996
365 2 tid 105996
236 tid 105996
Insert  tid 105996
FindTargetPageId rootid 3 tid 105996
target_page_id id: 2 tid 105996
0 1 tid 105996
149 4 tid 105996
365 2 tid 105996
237 tid 105996
Insert  tid 105996
FindTargetPageId rootid 3 tid 105996
target_page_id id: 2 tid 105996
0 1 tid 105996
149 4 tid 105996
365 2 tid 105996
238 tid 105996
Insert  tid 105996
FindTargetPageId rootid 3 tid 105996
target_page_id id: 2 tid 105996
0 1 tid 105996
149 4 tid 105996
365 2 tid 105996
239 tid 105996
Insert  tid 105996
FindTargetPageId rootid 3 tid 105995
target_page_id id: 2 tid 105995
0 1 tid 105995
149 4 tid 105995
365 2 tid 105995
240 tid 105995
Remove  tid 105995
FindTargetPageId rootid 3 tid 105995
target_page_id id: 2 tid 105995
0 1 tid 105995
149 4 tid 105995
365 2 tid 105995
239 tid 105995
Remove  tid 105995
FindTargetPageId rootid 3 tid 105995
target_page_id id: 2 tid 105995
0 1 tid 105995
149 4 tid 105995
365 2 tid 105995
238 tid 105995
Remove  tid 105995
FindTargetPageId rootid 3 tid 105995
target_page_id id: 2 tid 105995
0 1 tid 105995
149 4 tid 105995
365 2 tid 105995
237 tid 105995
Remove  tid 105995
FindTargetPageId rootid 3 tid 105995
target_page_id id: 2 tid 105995
0 1 tid 105995
149 4 tid 105995
365 2 tid 105995
236 tid 105995
Remove  tid 105995
FindTargetPageId rootid 3 tid 105995
target_page_id id: 2 tid 105995
0 1 tid 105995
149 4 tid 105995
365 2 tid 105995
235 tid 105995
Remove  tid 105995
FindTargetPageId rootid 3 tid 105995
target_page_id id: 2 tid 105995
0 1 tid 105995
149 4 tid 105995
365 2 tid 105995
234 tid 105995
Remove  tid 105995
FindTargetPageId rootid 3 tid 105995
target_page_id id: 2 tid 105995
0 1 tid 105995
149 4 tid 105995
365 2 tid 105995
233 tid 105995
Remove  tid 105995
FindTargetPageId rootid 3 tid 105995
target_page_id id: 2 tid 105995
0 1 tid 105995
149 4 tid 105995
365 2 tid 105995
232 tid 105995
Remove  tid 105995
FindTargetPageId rootid 3 tid 105995
target_page_id id: 2 tid 105995
0 1 tid 105995
149 4 tid 105995
365 2 tid 105995
231 tid 105995
Remove  tid 105995
FindTargetPageId rootid 3 tid 105995
target_page_id id: 2 tid 105995
0 1 tid 105995
149 4 tid 105995
365 2 tid 105995
230 tid 105995
FindTargetPageId rootid 3 tid 105996
target_page_id id: 2 tid 105996
0 1 tid 105996
149 4 tid 105996
365 2 tid 105996
229 tid 105996
Remove  tid 105995
Insert  tid 105996
FindTargetPageId rootid 3 tid 105994
target_page_id id: 2 tid 105994
0 1 tid 105994
149 4 tid 105994
365 2 tid 105994
230 tid 105994
Insert  tid 105994
FindTargetPageId rootid 3 tid 105995
target_page_id id: 2 tid 105995
0 1 tid 105995
149 4 tid 105995
365 2 tid 105995
231 tid 105995
Remove  tid 105995
FindTargetPageId rootid 3 tid 105996
target_page_id id: 2 tid 105996
0 1 tid 105996
149 4 tid 105996
365 2 tid 105996
230 tid 105996
Insert  tid 105996
FindTargetPageId rootid 3 tid 105996
target_page_id id: 2 tid 105996
0 1 tid 105996
149 4 tid 105996
365 2 tid 105996
231 tid 105996
Insert  tid 105996
FindTargetPageId rootid 3 tid 105995
target_page_id id: 2 tid 105995
0 1 tid 105995
149 4 tid 105995
365 2 tid 105995
232 tid 105995
Remove  tid 105995
FindTargetPageId rootid 3 tid 105994
target_page_id id: 2 tid 105994
0 1 tid 105994
149 4 tid 105994
365 2 tid 105994
231 tid 105994
Insert  tid 105994
FindTargetPageId rootid 3 tid 105996
target_page_id id: 2 tid 105996
0 1 tid 105996
149 4 tid 105996
365 2 tid 105996
232 tid 105996
Insert  tid 105996
FindTargetPageId rootid 3 tid 105995
target_page_id id: 2 tid 105995
0 1 tid 105995
149 4 tid 105995
365 2 tid 105995
233 tid 105995
Remove  tid 105995
FindTargetPageId rootid 3 tid 105994
target_page_id id: 2 tid 105994
0 1 tid 105994
149 4 tid 105994
365 2 tid 105994
232 tid 105994
Insert  tid 105994
FindTargetPageId rootid 3 tid 105996
target_page_id id: 2 tid 105996
0 1 tid 105996
149 4 tid 105996
365 2 tid 105996
233 tid 105996
Insert  tid 105996
FindTargetPageId rootid 3 tid 105995
target_page_id id: 2 tid 105995
0 1 tid 105995
149 4 tid 105995
365 2 tid 105995
234 tid 105995
Remove  tid 105995
FindTargetPageId rootid 3 tid 105994
target_page_id id: 2 tid 105994
0 1 tid 105994
149 4 tid 105994
365 2 tid 105994
233 tid 105994
Insert  tid 105994
FindTargetPageId rootid 3 tid 105996
target_page_id id: 2 tid 105996
0 1 tid 105996
149 4 tid 105996
365 2 tid 105996
234 tid 105996
Insert  tid 105996
FindTargetPageId rootid 3 tid 105995
target_page_id id: 2 tid 105995
0 1 tid 105995
149 4 tid 105995
365 2 tid 105995
235 tid 105995
Remove  tid 105995
FindTargetPageId rootid 3 tid 105994
target_page_id id: 2 tid 105994
0 1 tid 105994
149 4 tid 105994
365 2 tid 105994
234 tid 105994
Insert  tid 105994
FindTargetPageId rootid 3 tid 105994
target_page_id id: 2 tid 105994
0 1 tid 105994
149 4 tid 105994
365 2 tid 105994
235 tid 105994
Insert  tid 105994
FindTargetPageId rootid 3 tid 105995
target_page_id id: 2 tid 105995
0 1 tid 105995
149 4 tid 105995
365 2 tid 105995
236 tid 105995
Remove  tid 105995
FindTargetPageId rootid 3 tid 105996
target_page_id id: 2 tid 105996
0 1 tid 105996
149 4 tid 105996
365 2 tid 105996
235 tid 105996
Insert  tid 105996
FindTargetPageId rootid 3 tid 105994
target_page_id id: 2 tid 105994
0 1 tid 105994
149 4 tid 105994
365 2 tid 105994
236 tid 105994
Insert  tid 105994
FindTargetPageId rootid 3 tid 105995
target_page_id id: 2 tid 105995
0 1 tid 105995
149 4 tid 105995
365 2 tid 105995
237 tid 105995
Remove  tid 105995
FindTargetPageId rootid 3 tid 105996
target_page_id id: 2 tid 105996
0 1 tid 105996
149 4 tid 105996
365 2 tid 105996
236 tid 105996
Insert  tid 105996
FindTargetPageId rootid 3 tid 105994
target_page_id id: 2 tid 105994
0 1 tid 105994
149 4 tid 105994
365 2 tid 105994
237 tid 105994
Insert  tid 105994
FindTargetPageId rootid 3 tid 105995
target_page_id id: 2 tid 105995
0 1 tid 105995
149 4 tid 105995
365 2 tid 105995
238 tid 105995
Remove  tid 105995
FindTargetPageId rootid 3 tid 105996
target_page_id id: 2 tid 105996
0 1 tid 105996
149 4 tid 105996
365 2 tid 105996
237 tid 105996
Insert  tid 105996
FindTargetPageId rootid 3 tid 105994
target_page_id id: 2 tid 105994
0 1 tid 105994
149 4 tid 105994
365 2 tid 105994
238 tid 105994
Insert  tid 105994
FindTargetPageId rootid 3 tid 105995
target_page_id id: 2 tid 105995
0 1 tid 105995
149 4 tid 105995
365 2 tid 105995
239 tid 105995
Remove  tid 105995
FindTargetPageId rootid 3 tid 105996
target_page_id id: 2 tid 105996
0 1 tid 105996
149 4 tid 105996
365 2 tid 105996
238 tid 105996
Insert  tid 105996
FindTargetPageId rootid 3 tid 105996
target_page_id id: 2 tid 105996
0 1 tid 105996
149 4 tid 105996
365 2 tid 105996
239 tid 105996
Insert  tid 105996
FindTargetPageId rootid 3 tid 105996
target_page_id id: 2 tid 105996
0 1 tid 105996
149 4 tid 105996
365 2 tid 105996
240 tid 105996
Insert  tid 105996
FindTargetPageId rootid 3 tid 105996
target_page_id id: 2 tid 105996
0 1 tid 105996
149 4 tid 105996
365 2 tid 105996
241 tid 105996
Insert  tid 105996
FindTargetPageId rootid 3 tid 105995
target_page_id id: 2 tid 105995
0 1 tid 105995
149 4 tid 105995
365 2 tid 105995
242 tid 105995
Remove  tid 105995
FindTargetPageId rootid 3 tid 105994
target_page_id id: 2 tid 105994
0 1 tid 105994
149 4 tid 105994
365 2 tid 105994
241 tid 105994
Insert  tid 105994
FindTargetPageId rootid 3 tid 105996
target_page_id id: 2 tid 105996
0 1 tid 105996
149 4 tid 105996
365 2 tid 105996
242 tid 105996
Insert  tid 105996
FindTargetPageId rootid 3 tid 105995
target_page_id id: 2 tid 105995
0 1 tid 105995
149 4 tid 105995
365 2 tid 105995
243 tid 105995
Remove  tid 105995
FindTargetPageId rootid 3 tid 105994
target_page_id id: 2 tid 105994
0 1 tid 105994
149 4 tid 105994
365 2 tid 105994
242 tid 105994
Insert  tid 105994
FindTargetPageId rootid 3 tid 105996
target_page_id id: 2 tid 105996
0 1 tid 105996
149 4 tid 105996
365 2 tid 105996
243 tid 105996
Insert  tid 105996
FindTargetPageId rootid 3 tid 105995
target_page_id id: 2 tid 105995
0 1 tid 105995
149 4 tid 105995
365 2 tid 105995
244 tid 105995
Remove  tid 105995
FindTargetPageId rootid 3 tid 105994
target_page_id id: 2 tid 105994
0 1 tid 105994
149 4 tid 105994
365 2 tid 105994
243 tid 105994
Insert  tid 105994
FindTargetPageId rootid 3 tid 105996
target_page_id id: 2 tid 105996
0 1 tid 105996
149 4 tid 105996
365 2 tid 105996
244 tid 105996
Insert  tid 105996
FindTargetPageId rootid 3 tid 105995
target_page_id id: 2 tid 105995
0 1 tid 105995
149 4 tid 105995
365 2 tid 105995
245 tid 105995
Remove  tid 105995
FindTargetPageId rootid 3 tid 105994
target_page_id id: 2 tid 105994
0 1 tid 105994
149 4 tid 105994
365 2 tid 105994
244 tid 105994
Insert  tid 105994
FindTargetPageId rootid 3 tid 105996
target_page_id id: 2 tid 105996
0 1 tid 105996
149 4 tid 105996
365 2 tid 105996
245 tid 105996
Insert  tid 105996
FindTargetPageId rootid 3 tid 105995
target_page_id id: 2 tid 105995
0 1 tid 105995
149 4 tid 105995
365 2 tid 105995
246 tid 105995
Remove  tid 105995
FindTargetPageId rootid 3 tid 105994
target_page_id id: 2 tid 105994
0 1 tid 105994
149 4 tid 105994
365 2 tid 105994
245 tid 105994
Insert  tid 105994
FindTargetPageId rootid 3 tid 105996
target_page_id id: 2 tid 105996
0 1 tid 105996
149 4 tid 105996
365 2 tid 105996
246 tid 105996
Insert  tid 105996
FindTargetPageId rootid 3 tid 105996
target_page_id id: 2 tid 105996
0 1 tid 105996
149 4 tid 105996
365 2 tid 105996
247 tid 105996
Insert  tid 105996
FindTargetPageId rootid 3 tid 105996
target_page_id id: 2 tid 105996
0 1 tid 105996
149 4 tid 105996
365 2 tid 105996
248 tid 105996
Insert  tid 105996
FindTargetPageId rootid 3 tid 105995
target_page_id id: 2 tid 105995
0 1 tid 105995
149 4 tid 105995
365 2 tid 105995
249 tid 105995
Remove  tid 105995
FindTargetPageId rootid 3 tid 105995
target_page_id id: 2 tid 105995
0 1 tid 105995
149 4 tid 105995
365 2 tid 105995
248 tid 105995
Remove  tid 105995
FindTargetPageId rootid 3 tid 105995
target_page_id id: 2 tid 105995
0 1 tid 105995
149 4 tid 105995
365 2 tid 105995
247 tid 105995
Remove  tid 105995
FindTargetPageId rootid 3 tid 105995
target_page_id id: 2 tid 105995
0 1 tid 105995
149 4 tid 105995
365 2 tid 105995
246 tid 105995
Remove  tid 105995
FindTargetPageId rootid 3 tid 105995
target_page_id id: 2 tid 105995
0 1 tid 105995
149 4 tid 105995
365 2 tid 105995
245 tid 105995
Remove  tid 105995
FindTargetPageId rootid 3 tid 105995
target_page_id id: 2 tid 105995
0 1 tid 105995
149 4 tid 105995
365 2 tid 105995
244 tid 105995
Remove  tid 105995
FindTargetPageId rootid 3 tid 105995
target_page_id id: 2 tid 105995
0 1 tid 105995
149 4 tid 105995
365 2 tid 105995
243 tid 105995
Remove  tid 105995
FindTargetPageId rootid 3 tid 105994
target_page_id id: 2 tid 105994
0 1 tid 105994
149 4 tid 105994
365 2 tid 105994
242 tid 105994
Insert  tid 105994
FindTargetPageId rootid 3 tid 105996
target_page_id id: 2 tid 105996
0 1 tid 105996
149 4 tid 105996
365 2 tid 105996
243 tid 105996
Insert  tid 105996
FindTargetPageId rootid 3 tid 105995
target_page_id id: 2 tid 105995
0 1 tid 105995
149 4 tid 105995
365 2 tid 105995
244 tid 105995
Remove  tid 105995
FindTargetPageId rootid 3 tid 105994
target_page_id id: 2 tid 105994
0 1 tid 105994
149 4 tid 105994
365 2 tid 105994
243 tid 105994
Insert  tid 105994
FindTargetPageId rootid 3 tid 105996
target_page_id id: 2 tid 105996
0 1 tid 105996
149 4 tid 105996
365 2 tid 105996
244 tid 105996
Insert  tid 105996
FindTargetPageId rootid 3 tid 105995
target_page_id id: 2 tid 105995
0 1 tid 105995
149 4 tid 105995
365 2 tid 105995
245 tid 105995
Remove  tid 105995
FindTargetPageId rootid 3 tid 105994
target_page_id id: 2 tid 105994
0 1 tid 105994
149 4 tid 105994
365 2 tid 105994
244 tid 105994
Insert  tid 105994
FindTargetPageId rootid 3 tid 105996
target_page_id id: 2 tid 105996
0 1 tid 105996
149 4 tid 105996
365 2 tid 105996
245 tid 105996
Insert  tid 105996
FindTargetPageId rootid 3 tid 105995
target_page_id id: 2 tid 105995
0 1 tid 105995
149 4 tid 105995
365 2 tid 105995
246 tid 105995
Remove  tid 105995
FindTargetPageId rootid 3 tid 105994
target_page_id id: 2 tid 105994
0 1 tid 105994
149 4 tid 105994
365 2 tid 105994
245 tid 105994
Insert  tid 105994
FindTargetPageId rootid 3 tid 105996
target_page_id id: 2 tid 105996
0 1 tid 105996
149 4 tid 105996
365 2 tid 105996
246 tid 105996
Insert  tid 105996
FindTargetPageId rootid 3 tid 105995
target_page_id id: 2 tid 105995
0 1 tid 105995
149 4 tid 105995
365 2 tid 105995
247 tid 105995
Remove  tid 105995
FindTargetPageId rootid 3 tid 105994
target_page_id id: 2 tid 105994
0 1 tid 105994
149 4 tid 105994
365 2 tid 105994
246 tid 105994
Insert  tid 105994
FindTargetPageId rootid 3 tid 105996
target_page_id id: 2 tid 105996
0 1 tid 105996
149 4 tid 105996
365 2 tid 105996
247 tid 105996
Insert  tid 105996
FindTargetPageId rootid 3 tid 105995
target_page_id id: 2 tid 105995
0 1 tid 105995
149 4 tid 105995
365 2 tid 105995
248 tid 105995
Remove  tid 105995
FindTargetPageId rootid 3 tid 105994
target_page_id id: 2 tid 105994
0 1 tid 105994
149 4 tid 105994
365 2 tid 105994
247 tid 105994
Insert  tid 105994
FindTargetPageId rootid 3 tid 105996
target_page_id id: 2 tid 105996
0 1 tid 105996
149 4 tid 105996
365 2 tid 105996
248 tid 105996
Insert  tid 105996
FindTargetPageId rootid 3 tid 105995
target_page_id id: 2 tid 105995
0 1 tid 105995
149 4 tid 105995
365 2 tid 105995
249 tid 105995
Remove  tid 105995
FindTargetPageId rootid 3 tid 105994
target_page_id id: 2 tid 105994
0 1 tid 105994
149 4 tid 105994
365 2 tid 105994
248 tid 105994
Insert  tid 105994
FindTargetPageId rootid 3 tid 105996
target_page_id id: 2 tid 105996
0 1 tid 105996
149 4 tid 105996
365 2 tid 105996
249 tid 105996
Insert  tid 105996
FindTargetPageId rootid 3 tid 105996
target_page_id id: 2 tid 105996
0 1 tid 105996
149 4 tid 105996
365 2 tid 105996
250 tid 105996
Insert  tid 105996
FindTargetPageId rootid 3 tid 105995
target_page_id id: 2 tid 105995
0 1 tid 105995
149 4 tid 105995
365 2 tid 105995
251 tid 105995
Remove  tid 105995
FindTargetPageId rootid 3 tid 105994
target_page_id id: 2 tid 105994
0 1 tid 105994
149 4 tid 105994
365 2 tid 105994
250 tid 105994
Insert  tid 105994
FindTargetPageId rootid 3 tid 105996
target_page_id id: 2 tid 105996
0 1 tid 105996
149 4 tid 105996
365 2 tid 105996
251 tid 105996
Insert  tid 105996
FindTargetPageId rootid 3 tid 105995
target_page_id id: 2 tid 105995
0 1 tid 105995
149 4 tid 105995
365 2 tid 105995
252 tid 105995
Remove  tid 105995
FindTargetPageId rootid 3 tid 105994
target_page_id id: 2 tid 105994
0 1 tid 105994
149 4 tid 105994
365 2 tid 105994
251 tid 105994
Insert  tid 105994
FindTargetPageId rootid 3 tid 105996
target_page_id id: 2 tid 105996
0 1 tid 105996
149 4 tid 105996
365 2 tid 105996
252 tid 105996
FindTargetPageId rootid 3 tid 105995
target_page_id id: 2 tid 105995
0 1 tid 105995
149 4 tid 105995
Insert  tid 105996
365 2 tid 105995
253 tid 105995
Remove  tid 105995
FindTargetPageId rootid 3 tid 105994
target_page_id id: 2 tid 105994
0 1 tid 105994
149 4 tid 105994
365 2 tid 105994
252 tid 105994
Insert  tid 105994
FindTargetPageId rootid 3 tid 105994
target_page_id id: 2 tid 105994
0 1 tid 105994
149 4 tid 105994
365 2 tid 105994
253 tid 105994
Insert  tid 105994
FindTargetPageId rootid 3 tid 105994
target_page_id id: 2 tid 105994
0 1 tid 105994
149 4 tid 105994
365 2 tid 105994
254 tid 105994
Insert  tid 105994
FindTargetPageId rootid 3 tid 105996
target_page_id id: 5 tid 105996
0 1 tid 105996
149 4 tid 105996
365 2 tid 105996
492 5 tid 105996
128 tid 105996
Insert  tid 105996
FindTargetPageId rootid 3 tid 105996
target_page_id id: 5 tid 105996
0 1 tid 105996
149 4 tid 105996
365 2 tid 105996
492 5 tid 105996
129 tid 105996
Insert  tid 105996
FindTargetPageId rootid 3 tid 105996
target_page_id id: 5 tid 105996
0 1 tid 105996
149 4 tid 105996
365 2 tid 105996
492 5 tid 105996
130 tid 105996
Insert  tid 105996
FindTargetPageId rootid 3 tid 105996
target_page_id id: 5 tid 105996
0 1 tid 105996
149 4 tid 105996
365 2 tid 105996
492 5 tid 105996
131 tid 105996
Insert  tid 105996
FindTargetPageId rootid 3 tid 105996
target_page_id id: 5 tid 105996
0 1 tid 105996
149 4 tid 105996
365 2 tid 105996
492 5 tid 105996
132 tid 105996
Insert  tid 105996
FindTargetPageId rootid 3 tid 105996
target_page_id id: 5 tid 105996
0 1 tid 105996
149 4 tid 105996
365 2 tid 105996
492 5 tid 105996
133 tid 105996
Insert  tid 105996
FindTargetPageId rootid 3 tid 105996
target_page_id id: 5 tid 105996
0 1 tid 105996
149 4 tid 105996
365 2 tid 105996
492 5 tid 105996
134 tid 105996
Insert  tid 105996
FindTargetPageId rootid 3 tid 105996
target_page_id id: 5 tid 105996
0 1 tid 105996
149 4 tid 105996
365 2 tid 105996
492 5 tid 105996
135 tid 105996
Insert  tid 105996
FindTargetPageId rootid 3 tid 105996
target_page_id id: 5 tid 105996
0 1 tid 105996
149 4 tid 105996
365 2 tid 105996
492 5 tid 105996
136 tid 105996
Insert  tid 105996
FindTargetPageId rootid 3 tid 105996
target_page_id id: 5 tid 105996
0 1 tid 105996
149 4 tid 105996
365 2 tid 105996
492 5 tid 105996
137 tid 105996
Insert  tid 105996
FindTargetPageId rootid 3 tid 105996
target_page_id id: 5 tid 105996
0 1 tid 105996
149 4 tid 105996
365 2 tid 105996
492 5 tid 105996
138 tid 105996
Insert  tid 105996
FindTargetPageId rootid 3 tid 105996
target_page_id id: 5 tid 105996
0 1 tid 105996
149 4 tid 105996
365 2 tid 105996
492 5 tid 105996
139 tid 105996
Insert  tid 105996
FindTargetPageId rootid 3 tid 105996
target_page_id id: 5 tid 105996
0 1 tid 105996
149 4 tid 105996
365 2 tid 105996
492 5 tid 105996
140 tid 105996
Insert  tid 105996
FindTargetPageId rootid 3 tid 105996
target_page_id id: 5 tid 105996
0 1 tid 105996
149 4 tid 105996
365 2 tid 105996
492 5 tid 105996
141 tid 105996
Insert  tid 105996
FindTargetPageId rootid 3 tid 105996
target_page_id id: 5 tid 105996
0 1 tid 105996
149 4 tid 105996
365 2 tid 105996
492 5 tid 105996
142 tid 105996
Insert  tid 105996
FindTargetPageId rootid 3 tid 105996
target_page_id id: 5 tid 105996
0 1 tid 105996
149 4 tid 105996
365 2 tid 105996
492 5 tid 105996
143 tid 105996
Insert  tid 105996
FindTargetPageId rootid 3 tid 105996
target_page_id id: 5 tid 105996
0 1 tid 105996
149 4 tid 105996
365 2 tid 105996
492 5 tid 105996
144 tid 105996
Insert  tid 105996
FindTargetPageId rootid 3 tid 105996
target_page_id id: 5 tid 105996
0 1 tid 105996
149 4 tid 105996
365 2 tid 105996
492 5 tid 105996
145 tid 105996
Insert  tid 105996
FindTargetPageId rootid 3 tid 105996
target_page_id id: 5 tid 105996
0 1 tid 105996
149 4 tid 105996
365 2 tid 105996
492 5 tid 105996
146 tid 105996
Insert  tid 105996
FindTargetPageId rootid 3 tid 105996
target_page_id id: 5 tid 105996
0 1 tid 105996
149 4 tid 105996
365 2 tid 105996
492 5 tid 105996
147 tid 105996
Insert  tid 105996
FindTargetPageId rootid 3 tid 105996
target_page_id id: 5 tid 105996
0 1 tid 105996
149 4 tid 105996
365 2 tid 105996
492 5 tid 105996
148 tid 105996
Insert  tid 105996
FindTargetPageId rootid 3 tid 105996
target_page_id id: 5 tid 105996
0 1 tid 105996
149 4 tid 105996
365 2 tid 105996
492 5 tid 105996
149 tid 105996
Insert  tid 105996
FindTargetPageId rootid 3 tid 105994
target_page_id id: 5 tid 105994
0 1 tid 105994
149 4 tid 105994
365 2 tid 105994
492 5 tid 105994
150 tid 105994
Insert  tid 105994
FindTargetPageId rootid 3 tid 105995
target_page_id id: 5 tid 105995
0 1 tid 105995
149 4 tid 105995
365 2 tid 105995
492 5 tid 105995
151 tid 105995
Remove  tid 105995
FindTargetPageId rootid 3 tid 105996
target_page_id id: 5 tid 105996
0 1 tid 105996
149 4 tid 105996
365 2 tid 105996
492 5 tid 105996
150 tid 105996
Insert  tid 105996
FindTargetPageId rootid 3 tid 105994
target_page_id id: 5 tid 105994
0 1 tid 105994
149 4 tid 105994
365 2 tid 105994
492 5 tid 105994
151 tid 105994
Insert  tid 105994
FindTargetPageId rootid 3 tid 105995
target_page_id id: 5 tid 105995
0 1 tid 105995
149 4 tid 105995
365 2 tid 105995
492 5 tid 105995
152 tid 105995
Remove  tid 105995
FindTargetPageId rootid 3 tid 105996
target_page_id id: 5 tid 105996
0 1 tid 105996
149 4 tid 105996
365 2 tid 105996
492 5 tid 105996
151 tid 105996
Insert  tid 105996
FindTargetPageId rootid 3 tid 105994
target_page_id id: 5 tid 105994
0 1 tid 105994
149 4 tid 105994
365 2 tid 105994
492 5 tid 105994
152 tid 105994
Insert  tid 105994
FindTargetPageId rootid 3 tid 105995
target_page_id id: 5 tid 105995
0 1 tid 105995
149 4 tid 105995
365 2 tid 105995
492 5 tid 105995
153 tid 105995
Remove  tid 105995
FindTargetPageId rootid 3 tid 105996
target_page_id id: 5 tid 105996
0 1 tid 105996
149 4 tid 105996
365 2 tid 105996
492 5 tid 105996
152 tid 105996
Insert  tid 105996
FindTargetPageId rootid 3 tid 105996
target_page_id id: 5 tid 105996
0 1 tid 105996
149 4 tid 105996
365 2 tid 105996
492 5 tid 105996
153 tid 105996
Insert  tid 105996
FindTargetPageId rootid 3 tid 105996
target_page_id id: 5 tid 105996
0 1 tid 105996
149 4 tid 105996
365 2 tid 105996
492 5 tid 105996
154 tid 105996
Insert  tid 105996
FindTargetPageId rootid 3 tid 105994
target_page_id id: 5 tid 105994
0 1 tid 105994
149 4 tid 105994
365 2 tid 105994
492 5 tid 105994
155 tid 105994
Insert  tid 105994
FindTargetPageId rootid 3 tid 105994
target_page_id id: 5 tid 105994
0 1 tid 105994
149 4 tid 105994
365 2 tid 105994
492 5 tid 105994
156 tid 105994
Insert  tid 105994
FindTargetPageId rootid 3 tid 105994
target_page_id id: 5 tid 105994
0 1 tid 105994
149 4 tid 105994
365 2 tid 105994
492 5 tid 105994
157 tid 105994
Insert  tid 105994
FindTargetPageId rootid 3 tid 105995
target_page_id id: 5 tid 105995
0 1 tid 105995
149 4 tid 105995
365 2 tid 105995
492 5 tid 105995
158 tid 105995
Remove  tid 105995
FindTargetPageId rootid 3 tid 105996
target_page_id id: 5 tid 105996
0 1 tid 105996
149 4 tid 105996
365 2 tid 105996
492 5 tid 105996
157 tid 105996
Insert  tid 105996
FindTargetPageId rootid 3 tid 105994
target_page_id id: 5 tid 105994
0 1 tid 105994
149 4 tid 105994
365 2 tid 105994
492 5 tid 105994
158 tid 105994
Insert  tid 105994
FindTargetPageId rootid 3 tid 105995
target_page_id id: 5 tid 105995
0 1 tid 105995
149 4 tid 105995
365 2 tid 105995
492 5 tid 105995
159 tid 105995
Remove  tid 105995
FindTargetPageId rootid 3 tid 105996
target_page_id id: 5 tid 105996
0 1 tid 105996
149 4 tid 105996
365 2 tid 105996
492 5 tid 105996
158 tid 105996
Insert  tid 105996
FindTargetPageId rootid 3 tid 105994
target_page_id id: 5 tid 105994
0 1 tid 105994
149 4 tid 105994
365 2 tid 105994
492 5 tid 105994
159 tid 105994
Insert  tid 105994
FindTargetPageId rootid 3 tid 105994
target_page_id id: 5 tid 105994
0 1 tid 105994
149 4 tid 105994
365 2 tid 105994
492 5 tid 105994
160 tid 105994
Insert  tid 105994
FindTargetPageId rootid 3 tid 105994
target_page_id id: 5 tid 105994
0 1 tid 105994
149 4 tid 105994
365 2 tid 105994
492 5 tid 105994
161 tid 105994
FindTargetPageId rootid 3 tid 105996
target_page_id id: 5 tid 105996
0 1 tid 105996
149 4 tid 105996
365 2 tid 105996
492 5 tid 105996
162 tid 105996
Insert  tid 105994
FindTargetPageId rootid 3 tid 105995
target_page_id id: 5 tid 105995
0 1 tid 105995
149 4 tid 105995
365 2 tid 105995
492 5 tid 105995
163 tid 105995
Remove  tid 105995
FindTargetPageId rootid Insert 3 tid 105995
target_page_id id: 5 tid 105995
0 1 tid 105995
149 4 tid 105995
365 2 tid 105995
492 5 tid 105995
162 tid 105995
 tid 105996
Remove  tid 105995
FindTargetPageId rootid 3 tid 105996
target_page_id id: 5 tid 105996
0 1 tid 105996
149 4 tid 105996
365 2 tid 105996
492 5 tid 105996
161 tid 105996
Insert  tid 105996
FindTargetPageId rootid 3 tid 105996
target_page_id id: 5 tid 105996
0 1 tid 105996
149 4 tid 105996
365 2 tid 105996
492 5 tid 105996
162 tid 105996
Insert  tid 105996
FindTargetPageId rootid 3 tid 105994
target_page_id id: 5 tid 105994
0 1 tid 105994
149 4 tid 105994
365 2 tid 105994
492 5 tid 105994
163 tid 105994
Insert  tid 105994
FindTargetPageId rootid 3 tid 105995
target_page_id id: 5 tid 105995
0 1 tid 105995
149 4 tid 105995
365 2 tid 105995
492 5 tid 105995
164 tid 105995
Remove  tid 105995
FindTargetPageId rootid 3 tid 105996
target_page_id id: 5 tid 105996
0 1 tid 105996
149 4 tid 105996
365 2 tid 105996
492 5 tid 105996
163 tid 105996
Insert  tid 105996
FindTargetPageId rootid 3 tid 105994
target_page_id id: 5 tid 105994
0 1 tid 105994
149 4 tid 105994
365 2 tid 105994
492 5 tid 105994
164 tid 105994
Insert  tid 105994
FindTargetPageId rootid 3 tid 105995
target_page_id id: 5 tid 105995
0 1 tid 105995
149 4 tid 105995
365 2 tid 105995
492 5 tid 105995
165 tid 105995
Remove  tid 105995
FindTargetPageId rootid 3 tid 105996
target_page_id id: 5 tid 105996
0 1 tid 105996
149 4 tid 105996
365 2 tid 105996
492 5 tid 105996
164 tid 105996
Insert  tid 105996
FindTargetPageId rootid 3 tid 105994
target_page_id id: 5 tid 105994
0 1 tid 105994
149 4 tid 105994
365 2 tid 105994
492 5 tid 105994
165 tid 105994
Insert  tid 105994
FindTargetPageId rootid 3 tid 105995
target_page_id id: 5 tid 105995
0 1 tid 105995
149 4 tid 105995
365 2 tid 105995
492 5 tid 105995
166 tid 105995
Remove  tid 105995
FindTargetPageId rootid 3 tid 105995
target_page_id id: 5 tid 105995
0 1 tid 105995
149 4 tid 105995
365 2 tid 105995
492 5 tid 105995
165 tid 105995
Remove  tid 105995
FindTargetPageId rootid 3 tid 105994
target_page_id id: 5 tid 105994
0 1 tid 105994
149 4 tid 105994
365 2 tid 105994
492 5 tid 105994
164 tid 105994
Insert  tid 105994
FindTargetPageId rootid 3 tid 105996
target_page_id id: 5 tid 105996
0 1 tid 105996
149 4 tid 105996
365 2 tid 105996
492 5 tid 105996
165 tid 105996
Insert  tid 105996
FindTargetPageId rootid 3 tid 105995
target_page_id id: 5 tid 105995
0 1 tid 105995
149 4 tid 105995
365 2 tid 105995
492 5 tid 105995
166 tid 105995
Remove  tid 105995
FindTargetPageId rootid 3 tid 105994
target_page_id id: 5 tid 105994
0 1 tid 105994
149 4 tid 105994
365 2 tid 105994
492 5 tid 105994
165 tid 105994
Insert  tid 105994
FindTargetPageId rootid 3 tid 105996
target_page_id id: 5 tid 105996
0 1 tid 105996
149 4 tid 105996
365 2 tid 105996
492 5 tid 105996
166 tid 105996
Insert  tid 105996
FindTargetPageId rootid 3 tid 105995
target_page_id id: 5 tid 105995
0 1 tid 105995
149 4 tid 105995
365 2 tid 105995
492 5 tid 105995
167 tid 105995
Remove  tid 105995
FindTargetPageId rootid 3 tid 105994
target_page_id id: 5 tid 105994
0 1 tid 105994
149 4 tid 105994
365 2 tid 105994
492 5 tid 105994
166 tid 105994
Insert  tid 105994
FindTargetPageId rootid 3 tid 105996
target_page_id id: 5 tid 105996
0 1 tid 105996
149 4 tid 105996
365 2 tid 105996
492 5 tid 105996
167 tid 105996
Insert  tid 105996
FindTargetPageId rootid 3 tid 105995
target_page_id id: 5 tid 105995
0 1 tid 105995
149 4 tid 105995
365 2 tid 105995
492 5 tid 105995
168 tid 105995
Remove  tid 105995
FindTargetPageId rootid 3 tid 105994
target_page_id id: 5 tid 105994
0 1 tid 105994
149 4 tid 105994
365 2 tid 105994
492 5 tid 105994
167 tid 105994
Insert  tid 105994
FindTargetPageId rootid 3 tid 105996
target_page_id id: 5 tid 105996
0 1 tid 105996
149 4 tid 105996
365 2 tid 105996
492 5 tid 105996
168 tid 105996
Insert  tid 105996
FindTargetPageId rootid 3 tid 105995
target_page_id id: 5 tid 105995
0 1 tid 105995
149 4 tid 105995
365 2 tid 105995
492 5 tid 105995
169 tid 105995
Remove  tid 105995
FindTargetPageId rootid 3 tid 105994
target_page_id id: 5 tid 105994
0 1 tid 105994
149 4 tid 105994
365 2 tid 105994
492 5 tid 105994
168 tid 105994
Insert  tid 105994
FindTargetPageId rootid 3 tid 105996
target_page_id id: 5 tid 105996
0 1 tid 105996
149 4 tid 105996
365 2 tid 105996
492 5 tid 105996
169 tid 105996
Insert  tid 105996
FindTargetPageId rootid 3 tid 105995
target_page_id id: 5 tid 105995
0 1 tid 105995
149 4 tid 105995
365 2 tid 105995
492 5 tid 105995
170 tid 105995
Remove  tid 105995
FindTargetPageId rootid 3 tid 105994
target_page_id id: 5 tid 105994
0 1 tid 105994
149 4 tid 105994
365 2 tid 105994
492 5 tid 105994
169 tid 105994
Insert  tid 105994
FindTargetPageId rootid 3 tid 105996
target_page_id id: 5 tid 105996
0 1 tid 105996
149 4 tid 105996
365 2 tid 105996
492 5 tid 105996
170 tid 105996
Insert  tid 105996
FindTargetPageId rootid 3 tid 105995
target_page_id id: 5 tid 105995
0 1 tid 105995
149 4 tid 105995
365 2 tid 105995
492 5 tid 105995
171 tid 105995
Remove  tid 105995
FindTargetPageId rootid 3 tid 105994
target_page_id id: 5 tid 105994
0 1 tid 105994
149 4 tid 105994
365 2 tid 105994
492 5 tid 105994
170 tid 105994
Insert  tid 105994
FindTargetPageId rootid 3 tid 105996
target_page_id id: 5 tid 105996
0 1 tid 105996
149 4 tid 105996
365 2 tid 105996
492 5 tid 105996
171 tid 105996
Insert  tid 105996
FindTargetPageId rootid 3 tid 105995
target_page_id id: 5 tid 105995
0 1 tid 105995
149 4 tid 105995
365 2 tid 105995
492 5 tid 105995
172 tid 105995
Remove  tid 105995
FindTargetPageId rootid 3 tid 105994
target_page_id id: 5 tid 105994
0 1 tid 105994
149 4 tid 105994
365 2 tid 105994
492 5 tid 105994
171 tid 105994
Insert  tid 105994
FindTargetPageId rootid 3 tid 105996
target_page_id id: 5 tid 105996
0 1 tid 105996
149 4 tid 105996
365 2 tid 105996
492 5 tid 105996
172 tid 105996
Insert  tid 105996
FindTargetPageId rootid 3 tid 105995
target_page_id id: 5 tid 105995
0 1 tid 105995
149 4 tid 105995
365 2 tid 105995
492 5 tid 105995
173 tid 105995
Remove  tid 105995
FindTargetPageId rootid 3 tid 105994
target_page_id id: 5 tid 105994
0 1 tid 105994
149 4 tid 105994
365 2 tid 105994
492 5 tid 105994
172 tid 105994
Insert  tid 105994
FindTargetPageId rootid 3 tid 105996
target_page_id id: 5 tid 105996
0 1 tid 105996
149 4 tid 105996
365 2 tid 105996
492 5 tid 105996
173 tid 105996
Insert  tid 105996
FindTargetPageId rootid 3 tid 105995
target_page_id id: 5 tid 105995
0 1 tid 105995
149 4 tid 105995
365 2 tid 105995
492 5 tid 105995
174 tid 105995
Remove  tid 105995
FindTargetPageId rootid 3 tid 105994
target_page_id id: 5 tid 105994
0 1 tid 105994
149 4 tid 105994
365 2 tid 105994
492 5 tid 105994
173 tid 105994
Insert  tid 105994
FindTargetPageId rootid 3 tid 105996
target_page_id id: 5 tid 105996
0 1 tid 105996
149 4 tid 105996
365 2 tid 105996
492 5 tid 105996
174 tid 105996
Insert  tid 105996
FindTargetPageId rootid 3 tid 105995
target_page_id id: 5 tid 105995
0 1 tid 105995
149 4 tid 105995
365 2 tid 105995
492 5 tid 105995
175 tid 105995
FindTargetPageId rootid 3 tid 105994
target_page_id id: 5 tid 105994
0 1 tid 105994
149 4 tid 105994
365 2 tid 105994
492 5 tid 105994
174 tid 105994
Remove  tid 105995
Insert  tid FindTargetPageId rootid 3 tid 105994
105995
target_page_id id: 5 tid 105995
0 1 tid 105995
149 4 tid 105995
365 2 tid 105995
492 5 tid 105995
175 tid 105995
Remove  tid 105995
FindTargetPageId rootid 3 tid 105995
target_page_id id: 5 tid 105995
0 1 tid 105995
149 4 tid 105995
365 2 tid 105995
492 5 tid 105995
174 tid 105995
Remove  tid 105995
FindTargetPageId rootid 3 tid 105994
target_page_id id: 5 tid 105994
0 1 tid 105994
149 4 tid 105994
365 2 tid 105994
492 5 tid 105994
173 tid 105994
Insert  tid 105994
FindTargetPageId rootid 3 tid 105996
target_page_id id: 5 tid 105996
0 1 tid 105996
149 4 tid 105996
365 2 tid 105996
492 5 tid 105996
174 tid 105996
Insert  tid 105996
FindTargetPageId rootid 3 tid 105995
target_page_id id: 5 tid 105995
0 1 tid 105995
149 4 tid 105995
365 2 tid 105995
492 5 tid 105995
175 tid 105995
Remove  tid 105995
FindTargetPageId rootid 3 tid 105994
target_page_id id: 5 tid 105994
0 1 tid 105994
149 4 tid 105994
365 2 tid 105994
492 5 tid 105994
174 tid 105994
Insert  tid 105994
FindTargetPageId rootid 3 tid 105996
target_page_id id: 5 tid 105996
0 1 tid 105996
149 4 tid 105996
365 2 tid 105996
492 5 tid 105996
175 tid 105996
Insert  tid 105996
FindTargetPageId rootid 3 tid 105995
target_page_id id: 5 tid 105995
0 1 tid 105995
149 4 tid 105995
365 2 tid 105995
492 5 tid 105995
176 tid 105995
Remove  tid 105995
FindTargetPageId rootid 3 tid 105994
target_page_id id: 5 tid 105994
0 1 tid 105994
149 4 tid 105994
365 2 tid 105994
492 5 tid 105994
175 tid 105994
Insert  tid 105994
FindTargetPageId rootid 3 tid 105996
target_page_id id: 5 tid 105996
0 1 tid 105996
149 4 tid 105996
365 2 tid 105996
492 5 tid 105996
176 tid 105996
Insert  tid 105996
FindTargetPageId rootid 3 tid 105995
target_page_id id: 5 tid 105995
0 1 tid 105995
149 4 tid 105995
365 2 tid 105995
492 5 tid 105995
177 tid 105995
Remove  tid 105995
FindTargetPageId rootid 3 tid 105994
target_page_id id: 5 tid 105994
0 1 tid 105994
149 4 tid 105994
365 2 tid 105994
492 5 tid 105994
176 tid 105994
Insert  tid 105994
FindTargetPageId rootid 3 tid 105996
target_page_id id: 5 tid 105996
0 1 tid 105996
149 4 tid 105996
365 2 tid 105996
492 5 tid 105996
177 tid 105996
Insert  tid 105996
FindTargetPageId rootid 3 tid 105995
target_page_id id: 5 tid 105995
0 1 tid 105995
149 4 tid 105995
365 2 tid 105995
492 5 tid 105995
178 tid 105995
Remove  tid 105995
FindTargetPageId rootid 3 tid 105994
target_page_id id: 5 tid 105994
0 1 tid 105994
149 4 tid 105994
365 2 tid 105994
492 5 tid 105994
177 tid 105994
Insert  tid 105994
FindTargetPageId rootid 3 tid 105996
target_page_id id: 5 tid 105996
0 1 tid 105996
149 4 tid 105996
365 2 tid 105996
492 5 tid 105996
178 tid 105996
Insert  tid 105996
FindTargetPageId rootid 3 tid 105995
target_page_id id: 5 tid 105995
0 1 tid 105995
149 4 tid 105995
365 2 tid 105995
492 5 tid 105995
179 tid 105995
Remove  tid 105995
FindTargetPageId rootid 3 tid 105994
target_page_id id: 5 tid 105994
0 1 tid 105994
149 4 tid 105994
365 2 tid 105994
492 5 tid 105994
178 tid 105994
Insert  tid 105994
FindTargetPageId rootid 3 tid 105996
target_page_id id: 5 tid 105996
0 1 tid 105996
149 4 tid 105996
365 2 tid 105996
492 5 tid 105996
179 tid 105996
Insert  tid 105996
FindTargetPageId rootid 3 tid 105995
target_page_id id: 5 tid 105995
0 1 tid 105995
149 4 tid 105995
365 2 tid 105995
492 5 tid 105995
180 tid 105995
Remove  tid 105995
FindTargetPageId rootid 3 tid 105994
target_page_id id: 5 tid 105994
0 1 tid 105994
149 4 tid 105994
365 2 tid 105994
492 5 tid 105994
179 tid 105994
Insert  tid 105994
FindTargetPageId rootid 3 tid 105996
target_page_id id: 5 tid 105996
0 1 tid 105996
149 4 tid 105996
365 2 tid 105996
492 5 tid 105996
180 tid 105996
Insert  tid 105996
FindTargetPageId rootid 3 tid 105995
target_page_id id: 5 tid 105995
0 1 tid 105995
149 4 tid 105995
365 2 tid 105995
492 5 tid 105995
181 tid 105995
Remove  tid 105995
FindTargetPageId rootid 3 tid 105994
target_page_id id: 5 tid 105994
0 1 tid 105994
149 4 tid 105994
365 2 tid 105994
492 5 tid 105994
180 tid 105994
Insert  tid 105994
FindTargetPageId rootid 3 tid 105996
target_page_id id: 5 tid 105996
0 1 tid 105996
149 4 tid 105996
365 2 tid 105996
492 5 tid 105996
181 tid 105996
Insert  tid 105996
FindTargetPageId rootid 3 tid 105995
target_page_id id: 5 tid 105995
0 1 tid 105995
149 4 tid 105995
365 2 tid 105995
492 5 tid 105995
182 tid 105995
Remove  tid 105995
FindTargetPageId rootid 3 tid 105994
target_page_id id: 5 tid 105994
0 1 tid 105994
149 4 tid 105994
365 2 tid 105994
492 5 tid 105994
181 tid 105994
Insert  tid 105994
FindTargetPageId rootid 3 tid 105996
target_page_id id: 5 tid 105996
0 1 tid 105996
149 4 tid 105996
365 2 tid 105996
492 5 tid 105996
182 tid 105996
Insert  tid 105996
FindTargetPageId rootid 3 tid 105995
target_page_id id: 5 tid 105995
0 1 tid 105995
149 4 tid 105995
365 2 tid 105995
492 5 tid 105995
183 tid 105995
Remove  tid 105995
FindTargetPageId rootid 3 tid 105995
target_page_id id: 5 tid 105995
0 1 tid 105995
149 4 tid 105995
365 2 tid 105995
492 5 tid 105995
182 tid 105995
Remove  tid 105995
FindTargetPageId rootid 3 tid 105996
target_page_id id: 5 tid 105996
0 1 tid 105996
149 4 tid 105996
365 2 tid 105996
492 5 tid 105996
181 tid 105996
Insert  tid 105996
FindTargetPageId rootid 3 tid 105994
target_page_id id: 5 tid 105994
0 1 tid 105994
149 4 tid 105994
365 2 tid 105994
492 5 tid 105994
182 tid 105994
Insert  tid 105994
FindTargetPageId rootid 3 tid 105995
target_page_id id: 5 tid 105995
0 1 tid 105995
149 4 tid 105995
365 2 tid 105995
492 5 tid 105995
183 tid 105995
Remove  tid 105995
FindTargetPageId rootid 3 tid 105996
target_page_id id: 5 tid 105996
0 1 tid 105996
149 4 tid 105996
365 2 tid 105996
492 5 tid 105996
182 tid 105996
Insert  tid 105996
FindTargetPageId rootid 3 tid 105994
target_page_id id: 5 tid 105994
0 1 tid 105994
149 4 tid 105994
365 2 tid 105994
492 5 tid 105994
183 tid 105994
Insert  tid 105994
FindTargetPageId rootid 3 tid 105995
target_page_id id: 5 tid 105995
0 1 tid 105995
149 4 tid 105995
365 2 tid 105995
492 5 tid 105995
184 tid 105995
Remove  tid 105995
FindTargetPageId rootid 3 tid 105995
target_page_id id: 5 tid 105995
0 1 tid 105995
149 4 tid 105995
365 2 tid 105995
492 5 tid 105995
183 tid 105995
Remove  tid 105995
FindTargetPageId rootid 3 tid 105994
target_page_id id: 5 tid 105994
0 1 tid 105994
149 4 tid 105994
365 2 tid 105994
492 5 tid 105994
182 tid 105994
Insert  tid 105994
FindTargetPageId rootid 3 tid 105996
target_page_id id: 5 tid 105996
0 1 tid 105996
149 4 tid 105996
365 2 tid 105996
492 5 tid 105996
183 tid 105996
Insert  tid 105996
FindTargetPageId rootid 3 tid 105995
target_page_id id: 5 tid 105995
0 1 tid 105995
149 4 tid 105995
365 2 tid 105995
492 5 tid 105995
184 tid 105995
Remove  tid 105995
FindTargetPageId rootid 3 tid 105994
target_page_id id: 5 tid 105994
0 1 tid 105994
149 4 tid 105994
365 2 tid 105994
492 5 tid 105994
183 tid 105994
Insert  tid 105994
FindTargetPageId rootid 3 tid 105996
target_page_id id: 5 tid 105996
0 1 tid 105996
149 4 tid 105996
365 2 tid 105996
492 5 tid 105996
184 tid 105996
Insert  tid 105996
FindTargetPageId rootid 3 tid 105995
target_page_id id: 5 tid 105995
0 1 tid 105995
149 4 tid 105995
365 2 tid 105995
492 5 tid 105995
185 tid 105995
Remove  tid 105995
FindTargetPageId rootid 3 tid 105994
target_page_id id: 5 tid 105994
0 1 tid 105994
149 4 tid 105994
365 2 tid 105994
492 5 tid 105994
184 tid 105994
Insert  tid 105994
FindTargetPageId rootid 3 tid 105996
target_page_id id: 5 tid 105996
0 1 tid 105996
149 4 tid 105996
365 2 tid 105996
492 5 tid 105996
185 tid 105996
Insert  tid 105996
FindTargetPageId rootid 3 tid 105995
target_page_id id: 5 tid 105995
0 1 tid 105995
149 4 tid 105995
365 2 tid 105995
492 5 tid 105995
186 tid 105995
Remove  tid 105995
FindTargetPageId rootid 3 tid 105994
target_page_id id: 5 tid 105994
0 1 tid 105994
149 4 tid 105994
365 2 tid 105994
492 5 tid 105994
185 tid 105994
Insert  tid 105994
FindTargetPageId rootid 3 tid 105996
target_page_id id: 5 tid 105996
0 1 tid 105996
149 4 tid 105996
365 2 tid 105996
492 5 tid 105996
186 tid 105996
Insert  tid 105996
FindTargetPageId rootid 3 tid 105995
target_page_id id: 5 tid 105995
0 1 tid 105995
149 4 tid 105995
365 2 tid 105995
492 5 tid 105995
187 tid 105995
Remove  tid 105995
FindTargetPageId rootid 3 tid 105994
target_page_id id: 5 tid 105994
0 1 tid 105994
149 4 tid 105994
365 2 tid 105994
492 5 tid 105994
186 tid 105994
Insert  tid 105994
FindTargetPageId rootid 3 tid 105994
target_page_id id: 5 tid 105994
0 1 tid 105994
149 4 tid 105994
365 2 tid 105994
492 5 tid 105994
187 tid 105994
Insert  tid 105994
FindTargetPageId rootid 3 tid 105994
target_page_id id: 5 tid 105994
0 1 tid 105994
149 4 tid 105994
365 2 tid 105994
492 5 tid 105994
188 tid 105994
Insert  tid 105994
FindTargetPageId rootid 3 tid 105996
target_page_id id: 5 tid 105996
0 1 tid 105996
149 4 tid 105996
365 2 tid 105996
492 5 tid 105996
189 tid 105996
Insert  tid 105996
FindTargetPageId rootid 3 tid 105995
target_page_id id: 5 tid 105995
0 1 tid 105995
149 4 tid 105995
365 2 tid 105995
492 5 tid 105995
190 tid 105995
Remove  tid 105995
FindTargetPageId rootid 3 tid 105994
target_page_id id: 5 tid 105994
0 1 tid 105994
149 4 tid 105994
365 2 tid 105994
492 5 tid 105994
189 tid 105994
Insert  tid 105994
FindTargetPageId rootid 3 tid 105994
target_page_id id: 5 tid 105994
0 1 tid 105994
149 4 tid 105994
365 2 tid 105994
492 5 tid 105994
190 tid 105994
Insert  tid 105994
FindTargetPageId rootid 3 tid 105994
target_page_id id: 5 tid 105994
0 1 tid 105994
149 4 tid 105994
365 2 tid 105994
492 5 tid 105994
191 tid 105994
Insert  tid 105994
FindTargetPageId rootid 3 tid 105995
target_page_id id: 5 tid 105995
0 1 tid 105995
149 4 tid 105995
365 2 tid 105995
492 5 tid 105995
192 tid 105995
Remove  tid 105995
FindTargetPageId rootid 3 tid 105996
target_page_id id: 5 tid 105996
0 1 tid 105996
149 4 tid 105996
365 2 tid 105996
492 5 tid 105996
191 tid 105996
Insert  tid 105996
FindTargetPageId rootid 3 tid 105996
target_page_id id: 5 tid 105996
0 1 tid 105996
149 4 tid 105996
365 2 tid 105996
492 5 tid 105996
192 tid 105996
Insert  tid 105996
FindTargetPageId rootid 3 tid 105996
target_page_id id: 5 tid 105996
0 1 tid 105996
149 4 tid 105996
365 2 tid 105996
492 5 tid 105996
193 tid 105996
Insert  tid 105996
FindTargetPageId rootid 3 tid 105995
target_page_id id: 5 tid 105995
0 1 tid 105995
149 4 tid 105995
365 2 tid 105995
492 5 tid 105995
194 tid 105995
Remove  tid 105995
FindTargetPageId rootid 3 tid 105994
target_page_id id: 5 tid 105994
0 1 tid 105994
149 4 tid 105994
365 2 tid 105994
492 5 tid 105994
193 tid 105994
Insert  tid 105994
FindTargetPageId rootid 3 tid 105996
target_page_id id: 5 tid 105996
0 1 tid 105996
149 4 tid 105996
365 2 tid 105996
492 5 tid 105996
194 tid 105996
Insert  tid 105996
FindTargetPageId rootid 3 tid 105995
target_page_id id: 5 tid 105995
0 1 tid 105995
149 4 tid 105995
365 2 tid 105995
492 5 tid 105995
195 tid 105995
Remove  tid 105995
FindTargetPageId rootid 3 tid 105994
target_page_id id: 5 tid 105994
0 1 tid 105994
149 4 tid 105994
365 2 tid 105994
492 5 tid 105994
194 tid 105994
Insert  tid 105994
FindTargetPageId rootid 3 tid 105996
target_page_id id: 5 tid 105996
0 1 tid 105996
149 4 tid 105996
365 2 tid 105996
492 5 tid 105996
195 tid 105996
FindTargetPageId rootid 3 tid 105995
target_page_id id: 5 tid 105995
0 1 tid 105995
149 4 tid 105995
Insert  tid 105996
365 2 tid 105995
492 5 tid 105995
196 tid 105995
Remove  tid 105995
FindTargetPageId rootid 3 tid 105994
target_page_id id: 5 tid 105994
0 1 tid 105994
149 4 tid 105994
365 2 tid 105994
492 5 tid 105994
195 tid 105994
Insert  tid 105994
FindTargetPageId rootid 3 tid 105996
target_page_id id: 5 tid 105996
0 1 tid 105996
149 4 tid 105996
365 2 tid 105996
492 5 tid 105996
196 tid 105996
Insert  tid 105996
FindTargetPageId rootid 3 tid 105995
target_page_id id: 5 tid 105995
0 1 tid 105995
149 4 tid 105995
365 2 tid 105995
492 5 tid 105995
197 tid 105995
Remove  tid 105995
FindTargetPageId rootid 3 tid 105994
target_page_id id: 5 tid 105994
0 1 tid 105994
149 4 tid 105994
365 2 tid 105994
492 5 tid 105994
196 tid 105994
Insert  tid 105994
FindTargetPageId rootid 3 tid 105996
target_page_id id: 5 tid 105996
0 1 tid 105996
149 4 tid 105996
365 2 tid 105996
492 5 tid 105996
197 tid 105996
Insert  tid 105996
FindTargetPageId rootid 3 tid 105995
target_page_id id: 5 tid 105995
0 1 tid 105995
149 4 tid 105995
365 2 tid 105995
492 5 tid 105995
198 tid 105995
Remove  tid 105995
FindTargetPageId rootid 3 tid 105994
target_page_id id: 5 tid 105994
0 1 tid 105994
149 4 tid 105994
365 2 tid 105994
492 5 tid 105994
197 tid 105994
Insert  tid 105994
FindTargetPageId rootid 3 tid 105996
target_page_id id: 5 tid 105996
0 1 tid 105996
149 4 tid 105996
365 2 tid 105996
492 5 tid 105996
198 tid 105996
Insert  tid 105996
FindTargetPageId rootid 3 tid 105995
target_page_id id: 5 tid 105995
0 1 tid 105995
149 4 tid 105995
365 2 tid 105995
492 5 tid 105995
199 tid 105995
Remove  tid 105995
FindTargetPageId rootid 3 tid 105994
target_page_id id: 5 tid 105994
0 1 tid 105994
149 4 tid 105994
365 2 tid 105994
492 5 tid 105994
198 tid 105994
Insert  tid 105994
FindTargetPageId rootid 3 tid 105996
target_page_id id: 5 tid 105996
0 1 tid 105996
149 4 tid 105996
365 2 tid 105996
492 5 tid 105996
199 tid 105996
Insert  tid 105996
FindTargetPageId rootid 3 tid 105995
target_page_id id: 5 tid 105995
0 1 tid 105995
149 4 tid 105995
365 2 tid 105995
492 5 tid 105995
200 tid 105995
Remove  tid 105995
FindTargetPageId rootid 3 tid 105994
target_page_id id: 5 tid 105994
0 1 tid 105994
149 4 tid 105994
365 2 tid 105994
492 5 tid 105994
199 tid 105994
Insert  tid 105994
FindTargetPageId rootid 3 tid 105994
target_page_id id: 5 tid 105994
0 1 tid 105994
149 4 tid 105994
365 2 tid 105994
492 5 tid 105994
200 tid 105994
Insert  tid 105994
FindTargetPageId rootid 3 tid 105995
target_page_id id: 5 tid 105995
0 1 tid 105995
149 4 tid 105995
365 2 tid 105995
492 5 tid 105995
201 tid 105995
Remove  tid 105995
FindTargetPageId rootid 3 tid 105996
target_page_id id: 5 tid 105996
0 1 tid 105996
149 4 tid 105996
365 2 tid 105996
492 5 tid 105996
200 tid 105996
Insert  tid 105996
FindTargetPageId rootid 3 tid 105994
target_page_id id: 5 tid 105994
0 1 tid 105994
149 4 tid 105994
365 2 tid 105994
492 5 tid 105994
201 tid 105994
Insert  tid 105994
FindTargetPageId rootid 3 tid 105995
target_page_id id: 5 tid 105995
0 1 tid 105995
149 4 tid 105995
365 2 tid 105995
492 5 tid 105995
202 tid 105995
Remove  tid 105995
FindTargetPageId rootid 3 tid 105996
target_page_id id: 5 tid 105996
0 1 tid 105996
149 4 tid 105996
365 2 tid 105996
492 5 tid 105996
201 tid 105996
Insert  tid 105996
FindTargetPageId rootid 3 tid 105996
target_page_id id: 5 tid 105996
0 1 tid 105996
149 4 tid 105996
365 2 tid 105996
492 5 tid 105996
202 tid 105996
Insert  tid 105996
FindTargetPageId rootid 3 tid 105995
target_page_id id: 5 tid 105995
0 1 tid 105995
149 4 tid 105995
365 2 tid 105995
492 5 tid 105995
203 tid 105995
Remove  tid 105995
FindTargetPageId rootid 3 tid 105994
target_page_id id: 5 tid 105994
0 1 tid 105994
149 4 tid 105994
365 2 tid 105994
492 5 tid 105994
202 tid 105994
Insert  tid 105994
FindTargetPageId rootid 3 tid 105996
target_page_id id: 5 tid 105996
0 1 tid 105996
149 4 tid 105996
365 2 tid 105996
492 5 tid 105996
203 tid 105996
Insert  tid 105996
FindTargetPageId rootid 3 tid 105995
target_page_id id: 5 tid 105995
0 1 tid 105995
149 4 tid 105995
365 2 tid 105995
492 5 tid 105995
204 tid 105995
Remove  tid 105995
FindTargetPageId rootid 3 tid 105994
target_page_id id: 5 tid 105994
0 1 tid 105994
149 4 tid 105994
365 2 tid 105994
492 5 tid 105994
203 tid 105994
Insert  tid 105994
FindTargetPageId rootid 3 tid 105994
target_page_id id: 5 tid 105994
0 1 tid 105994
149 4 tid 105994
365 2 tid 105994
492 5 tid 105994
204 tid 105994
Insert  tid 105994
FindTargetPageId rootid 3 tid 105994
target_page_id id: 5 tid 105994
0 1 tid 105994
149 4 tid 105994
365 2 tid 105994
492 5 tid 105994
205 tid 105994
Insert  tid 105994
FindTargetPageId rootid 3 tid 105994
target_page_id id: 5 tid 105994
0 1 tid 105994
149 4 tid 105994
365 2 tid 105994
492 5 tid 105994
206 tid 105994
Insert  tid 105994
FindTargetPageId rootid 3 tid 105994
target_page_id id: 5 tid 105994
0 1 tid 105994
149 4 tid 105994
365 2 tid 105994
492 5 tid 105994
207 tid 105994
Insert  tid 105994
FindTargetPageId rootid 3 tid 105994
target_page_id id: 5 tid 105994
0 1 tid 105994
149 4 tid 105994
365 2 tid 105994
492 5 tid 105994
208 tid 105994
Insert  tid 105994
FindTargetPageId rootid 3 tid 105994
target_page_id id: 5 tid 105994
0 1 tid 105994
149 4 tid 105994
365 2 tid 105994
492 5 tid 105994
209 tid 105994
Insert  tid 105994
FindTargetPageId rootid 3 tid 105994
target_page_id id: 5 tid 105994
0 1 tid 105994
149 4 tid 105994
365 2 tid 105994
492 5 tid 105994
210 tid 105994
Insert  tid 105994
FindTargetPageId rootid 3 tid 105994
target_page_id id: 5 tid 105994
0 1 tid 105994
149 4 tid 105994
365 2 tid 105994
492 5 tid 105994
211 tid 105994
Insert  tid 105994
FindTargetPageId rootid 3 tid 105994
target_page_id id: 5 tid 105994
0 1 tid 105994
149 4 tid 105994
365 2 tid 105994
492 5 tid 105994
212 tid 105994
Insert  tid 105994
FindTargetPageId rootid 3 tid 105994
target_page_id id: 5 tid 105994
0 1 tid 105994
149 4 tid 105994
365 2 tid 105994
492 5 tid 105994
213 tid 105994
Insert  tid 105994
FindTargetPageId rootid 3 tid 105994
target_page_id id: 5 tid 105994
0 1 tid 105994
149 4 tid 105994
365 2 tid 105994
492 5 tid 105994
214 tid 105994
Insert  tid 105994
FindTargetPageId rootid 3 tid 105994
target_page_id id: 5 tid 105994
0 1 tid 105994
149 4 tid 105994
365 2 tid 105994
492 5 tid 105994
215 tid 105994
Insert  tid 105994
FindTargetPageId rootid 3 tid 105994
target_page_id id: 5 tid 105994
0 1 tid 105994
149 4 tid 105994
365 2 tid 105994
492 5 tid 105994
216 tid 105994
Insert  tid 105994
FindTargetPageId rootid 3 tid 105994
target_page_id id: 5 tid 105994
0 1 tid 105994
149 4 tid 105994
365 2 tid 105994
492 5 tid 105994
217 tid 105994
Insert  tid 105994
FindTargetPageId rootid 3 tid 105994
target_page_id id: 5 tid 105994
0 1 tid 105994
149 4 tid 105994
365 2 tid 105994
492 5 tid 105994
218 tid 105994
Insert  tid 105994
FindTargetPageId rootid 3 tid 105994
target_page_id id: 5 tid 105994
0 1 tid 105994
149 4 tid 105994
365 2 tid 105994
492 5 tid 105994
219 tid 105994
Insert  tid 105994
FindTargetPageId rootid 3 tid 105994
target_page_id id: 5 tid 105994
0 1 tid 105994
149 4 tid 105994
365 2 tid 105994
492 5 tid 105994
220 tid 105994
Insert  tid 105994
FindTargetPageId rootid 3 tid 105994
target_page_id id: 5 tid 105994
0 1 tid 105994
149 4 tid 105994
365 2 tid 105994
492 5 tid 105994
221 tid 105994
Insert  tid 105994
FindTargetPageId rootid 3 tid 105994
target_page_id id: 5 tid 105994
0 1 tid 105994
149 4 tid 105994
365 2 tid 105994
492 5 tid 105994
222 tid 105994
Insert  tid 105994
FindTargetPageId rootid 3 tid 105994
target_page_id id: 5 tid 105994
0 1 tid 105994
149 4 tid 105994
365 2 tid 105994
492 5 tid 105994
223 tid 105994
Insert  tid 105994
FindTargetPageId rootid 3 tid 105994
target_page_id id: 5 tid 105994
0 1 tid 105994
149 4 tid 105994
365 2 tid 105994
492 5 tid 105994
224 tid 105994
Insert  tid 105994
FindTargetPageId rootid 3 tid 105994
target_page_id id: 5 tid 105994
0 1 tid 105994
149 4 tid 105994
365 2 tid 105994
492 5 tid 105994
225 tid 105994
Insert  tid 105994
FindTargetPageId rootid 3 tid 105994
target_page_id id: 5 tid 105994
0 1 tid 105994
149 4 tid 105994
365 2 tid 105994
492 5 tid 105994
226 tid 105994
Insert  tid 105994
FindTargetPageId rootid 3 tid 105994
target_page_id id: 5 tid 105994
0 1 tid 105994
149 4 tid 105994
365 2 tid 105994
492 5 tid 105994
227 tid 105994
Insert  tid 105994
FindTargetPageId rootid 3 tid 105994
target_page_id id: 5 tid 105994
0 1 tid 105994
149 4 tid 105994
365 2 tid 105994
492 5 tid 105994
228 tid 105994
Insert  tid 105994
FindTargetPageId rootid 3 tid 105994
target_page_id id: 5 tid 105994
0 1 tid 105994
149 4 tid 105994
365 2 tid 105994
492 5 tid 105994
229 tid 105994
Insert  tid 105994
FindTargetPageId rootid 3 tid 105994
target_page_id id: 5 tid 105994
0 1 tid 105994
149 4 tid 105994
365 2 tid 105994
492 5 tid 105994
230 tid 105994
Insert  tid 105994
FindTargetPageId rootid 3 tid 105994
target_page_id id: 5 tid 105994
0 1 tid 105994
149 4 tid 105994
365 2 tid 105994
492 5 tid 105994
231 tid 105994
Insert  tid 105994
FindTargetPageId rootid 3 tid 105994
target_page_id id: 5 tid 105994
0 1 tid 105994
149 4 tid 105994
365 2 tid 105994
492 5 tid 105994
232 tid 105994
Insert  tid 105994
FindTargetPageId rootid 3 tid 105994
target_page_id id: 5 tid 105994
0 1 tid 105994
149 4 tid 105994
365 2 tid 105994
492 5 tid 105994
233 tid 105994
Insert  tid 105994
FindTargetPageId rootid 3 tid 105994
target_page_id id: 5 tid 105994
0 1 tid 105994
149 4 tid 105994
365 2 tid 105994
492 5 tid 105994
234 tid 105994
Insert  tid 105994
FindTargetPageId rootid 3 tid 105994
target_page_id id: 5 tid 105994
0 1 tid 105994
149 4 tid 105994
365 2 tid 105994
492 5 tid 105994
235 tid 105994
Insert  tid 105994
FindTargetPageId rootid 3 tid 105994
target_page_id id: 5 tid 105994
0 1 tid 105994
149 4 tid 105994
365 2 tid 105994
492 5 tid 105994
236 tid 105994
Insert  tid 105994
FindTargetPageId rootid 3 tid 105994
target_page_id id: 5 tid 105994
0 1 tid 105994
149 4 tid 105994
365 2 tid 105994
492 5 tid 105994
237 tid 105994
Insert  tid 105994
FindTargetPageId rootid 3 tid 105994
target_page_id id: 5 tid 105994
0 1 tid 105994
149 4 tid 105994
365 2 tid 105994
492 5 tid 105994
238 tid 105994
Insert  tid 105994
FindTargetPageId rootid 3 tid 105994
target_page_id id: 5 tid 105994
0 1 tid 105994
149 4 tid 105994
365 2 tid 105994
492 5 tid 105994
239 tid 105994
Insert  tid 105994
FindTargetPageId rootid 3 tid 105994
target_page_id id: 5 tid 105994
0 1 tid 105994
149 4 tid 105994
365 2 tid 105994
492 5 tid 105994
240 tid 105994
Insert  tid 105994
FindTargetPageId rootid 3 tid 105994
target_page_id id: 5 tid 105994
0 1 tid 105994
149 4 tid 105994
365 2 tid 105994
492 5 tid 105994
241 tid 105994
Insert  tid 105994
FindTargetPageId rootid 3 tid 105994
target_page_id id: 5 tid 105994
0 1 tid 105994
149 4 tid 105994
365 2 tid 105994
492 5 tid 105994
242 tid 105994
Insert  tid 105994
FindTargetPageId rootid 3 tid 105994
target_page_id id: 5 tid 105994
0 1 tid 105994
149 4 tid 105994
365 2 tid 105994
492 5 tid 105994
243 tid 105994
Insert  tid 105994
FindTargetPageId rootid 3 tid 105994
target_page_id id: 5 tid 105994
0 1 tid 105994
149 4 tid 105994
365 2 tid 105994
492 5 tid 105994
244 tid 105994
Insert  tid 105994
FindTargetPageId rootid 3 tid 105994
target_page_id id: 5 tid 105994
0 1 tid 105994
149 4 tid 105994
365 2 tid 105994
492 5 tid 105994
245 tid 105994
Insert  tid 105994
FindTargetPageId rootid 3 tid 105994
target_page_id id: 5 tid 105994
0 1 tid 105994
149 4 tid 105994
365 2 tid 105994
492 5 tid 105994
246 tid 105994
Insert  tid 105994
FindTargetPageId rootid 3 tid 105994
target_page_id id: 5 tid 105994
0 1 tid 105994
149 4 tid 105994
365 2 tid 105994
492 5 tid 105994
247 tid 105994
Insert  tid 105994
FindTargetPageId rootid 3 tid 105996
target_page_id id: 5 tid 105996
0 1 tid 105996
149 4 tid 105996
365 2 tid 105996
492 5 tid 105996
248 tid 105996
Insert  tid 105996
FindTargetPageId rootid 3 tid 105995
target_page_id id: 5 tid 105995
0 1 tid 105995
149 4 tid 105995
365 2 tid 105995
492 5 tid 105995
249 tid 105995
Remove  tid 105995
FindTargetPageId rootid 3 tid 105995
target_page_id id: 5 tid 105995
0 1 tid 105995
149 4 tid 105995
365 2 tid 105995
492 5 tid 105995
248 tid 105995
Remove  tid 105995
FindTargetPageId rootid 3 tid 105995
target_page_id id: 5 tid 105995
0 1 tid 105995
149 4 tid 105995
365 2 tid 105995
492 5 tid 105995
247 tid 105995
Remove  tid 105995
FindTargetPageId rootid 3 tid 105996
target_page_id id: 5 tid 105996
0 1 tid 105996
149 4 tid 105996
365 2 tid 105996
492 5 tid 105996
246 tid 105996
Insert  tid 105996
FindTargetPageId rootid 3 tid 105996
target_page_id id: 5 tid 105996
0 1 tid 105996
149 4 tid 105996
365 2 tid 105996
492 5 tid 105996
247 tid 105996
Insert  tid 105996
FindTargetPageId rootid 3 tid 105996
target_page_id id: 5 tid 105996
0 1 tid 105996
149 4 tid 105996
365 2 tid 105996
492 5 tid 105996
248 tid 105996
Insert  tid 105996
FindTargetPageId rootid 3 tid 105994
target_page_id id: 5 tid 105994
0 1 tid 105994
149 4 tid 105994
365 2 tid 105994
492 5 tid 105994
249 tid 105994
Insert  tid 105994
FindTargetPageId rootid 3 tid 105994
target_page_id id: 5 tid 105994
0 1 tid 105994
149 4 tid 105994
365 2 tid 105994
492 5 tid 105994
250 tid 105994
Insert  tid 105994
FindTargetPageId rootid 3 tid 105994
target_page_id id: 5 tid 105994
0 1 tid 105994
149 4 tid 105994
365 2 tid 105994
492 5 tid 105994
251 tid 105994
Insert  tid 105994
FindTargetPageId rootid 3 tid 105994
target_page_id id: 5 tid 105994
0 1 tid 105994
149 4 tid 105994
365 2 tid 105994
492 5 tid 105994
252 tid 105994
Insert  tid 105994
FindTargetPageId rootid 3 tid 105994
target_page_id id: 5 tid 105994
0 1 tid 105994
149 4 tid 105994
365 2 tid 105994
492 5 tid 105994
253 tid 105994
Insert  tid 105994
FindTargetPageId rootid 3 tid 105994
target_page_id id: 5 tid 105994
0 1 tid 105994
149 4 tid 105994
365 2 tid 105994
492 5 tid 105994
254 tid 105994
Insert  tid 105994
FindTargetPageId rootid 3 tid 105995
target_page_id id: 6 tid 105995
0 1 tid 105995
149 4 tid 105995
365 2 tid 105995
492 5 tid 105995
619 6 tid 105995
128 tid 105995
Remove  tid 105995
FindTargetPageId rootid 3 tid 105996
target_page_id id: 6 tid 105996
0 1 tid 105996
149 4 tid 105996
365 2 tid 105996
492 5 tid 105996
619 6 tid 105996
127 tid 105996
Insert  tid 105996
FindTargetPageId rootid 3 tid 105996
target_page_id id: 6 tid 105996
0 1 tid 105996
149 4 tid 105996
365 2 tid 105996
492 5 tid 105996
619 6 tid 105996
128 tid 105996
Insert  tid 105996
FindTargetPageId rootid 3 tid 105995
target_page_id id: 6 tid 105995
0 1 tid 105995
149 4 tid 105995
365 2 tid 105995
492 5 tid 105995
619 6 tid 105995
129 tid 105995
Remove  tid 105995
FindTargetPageId rootid 3 tid 105994
target_page_id id: 6 tid 105994
0 1 tid 105994
149 4 tid 105994
365 2 tid 105994
492 5 tid 105994
619 6 tid 105994
128 tid 105994
Insert  tid 105994
FindTargetPageId rootid 3 tid 105994
target_page_id id: 6 tid 105994
0 1 tid 105994
149 4 tid 105994
365 2 tid 105994
492 5 tid 105994
619 6 tid 105994
129 tid 105994
Insert  tid 105994
FindTargetPageId rootid 3 tid 105994
target_page_id id: 6 tid 105994
0 1 tid 105994
149 4 tid 105994
365 2 tid 105994
492 5 tid 105994
619 6 tid 105994
130 tid 105994
Insert  tid 105994
FindTargetPageId rootid 3 tid 105995
target_page_id id: 6 tid 105995
0 1 tid 105995
149 4 tid 105995
365 2 tid 105995
492 5 tid 105995
619 6 tid 105995
131 tid 105995
Remove  tid 105995
FindTargetPageId rootid 3 tid 105995
target_page_id id: 6 tid 105995
0 1 tid 105995
149 4 tid 105995
365 2 tid 105995
492 5 tid 105995
619 6 tid 105995
130 tid 105995
Remove  tid 105995
FindTargetPageId rootid 3 tid 105995
target_page_id id: 6 tid 105995
0 1 tid 105995
149 4 tid 105995
365 2 tid 105995
492 5 tid 105995
619 6 tid 105995
129 tid 105995
Remove  tid 105995
FindTargetPageId rootid 3 tid 105995
target_page_id id: 6 tid 105995
0 1 tid 105995
149 4 tid 105995
365 2 tid 105995
492 5 tid 105995
619 6 tid 105995
128 tid 105995
Remove  tid 105995
FindTargetPageId rootid 3 tid 105996
target_page_id id: 6 tid 105996
0 1 tid 105996
149 4 tid 105996
365 2 tid 105996
492 5 tid 105996
619 6 tid 105996
127 tid 105996
Insert  tid 105996
FindTargetPageId rootid 3 tid 105996
target_page_id id: 6 tid 105996
0 1 tid 105996
149 4 tid 105996
365 2 tid 105996
492 5 tid 105996
619 6 tid 105996
128 tid 105996
Insert  tid 105996
FindTargetPageId rootid 3 tid 105996
target_page_id id: 6 tid 105996
0 1 tid 105996
149 4 tid 105996
365 2 tid 105996
492 5 tid 105996
619 6 tid 105996
129 tid 105996
Insert  tid 105996
FindTargetPageId rootid 3 tid 105996
target_page_id id: 6 tid 105996
0 1 tid 105996
149 4 tid 105996
365 2 tid 105996
492 5 tid 105996
619 6 tid 105996
130 tid 105996
Insert  tid 105996
FindTargetPageId rootid 3 tid 105996
target_page_id id: 6 tid 105996
0 1 tid 105996
149 4 tid 105996
365 2 tid 105996
492 5 tid 105996
619 6 tid 105996
131 tid 105996
Insert  tid 105996
FindTargetPageId rootid 3 tid 105996
target_page_id id: 6 tid 105996
0 1 tid 105996
149 4 tid 105996
365 2 tid 105996
492 5 tid 105996
619 6 tid 105996
132 tid 105996
Insert  tid 105996
FindTargetPageId rootid 3 tid 105996
target_page_id id: 6 tid 105996
0 1 tid 105996
149 4 tid 105996
365 2 tid 105996
492 5 tid 105996
619 6 tid 105996
133 tid 105996
Insert  tid 105996
FindTargetPageId rootid 3 tid 105996
target_page_id id: 6 tid 105996
0 1 tid 105996
149 4 tid 105996
365 2 tid 105996
492 5 tid 105996
619 6 tid 105996
134 tid 105996
FindTargetPageId rootid 3 tid 105995
target_page_id id: 6 tid 105995
0 1 tid 105995
149 4 tid 105995
365 2 tid 105995
492 5 tid 105995
Insert  tid 105996
619 6 tid 105995
135 tid 105995
Remove  tid 105995
FindTargetPageId rootid 3 tid 105995
target_page_id id: 6 tid 105995
0 1 tid 105995
149 4 tid 105995
365 2 tid 105995
492 5 tid 105995
619 6 tid 105995
134 tid 105995
Remove  tid 105995
FindTargetPageId rootid 3 tid 105996
target_page_id id: 6 tid 105996
0 1 tid 105996
149 4 tid 105996
365 2 tid 105996
492 5 tid 105996
619 6 tid 105996
133 tid 105996
Insert  tid 105996
FindTargetPageId rootid 3 tid 105994
target_page_id id: 6 tid 105994
0 1 tid 105994
149 4 tid 105994
365 2 tid 105994
492 5 tid 105994
619 6 tid 105994
134 tid 105994
Insert  tid 105994
FindTargetPageId rootid 3 tid 105994
target_page_id id: 6 tid 105994
0 1 tid 105994
149 4 tid 105994
365 2 tid 105994
492 5 tid 105994
619 6 tid 105994
135 tid 105994
Insert  tid 105994
FindTargetPageId rootid 3 tid 105994
target_page_id id: 6 tid 105994
0 1 tid 105994
149 4 tid 105994
365 2 tid 105994
492 5 tid 105994
619 6 tid 105994
136 tid 105994
FindTargetPageId rootid 3 tid 105996
target_page_id id: 6 tid 105996
0 1 tid 105996
149 4 tid 105996
365 2 tid 105996
492 5 tid 105996
619 6 tid 105996
Insert  tid 105994
137 tid 105996
Insert  tid 105996
FindTargetPageId rootid 3 tid 105996
target_page_id id: 6 tid 105996
0 1 tid 105996
149 4 tid 105996
365 2 tid 105996
492 5 tid 105996
619 6 tid 105996
138 tid 105996
Insert  tid 105996
FindTargetPageId rootid 3 tid 105996
target_page_id id: 6 tid 105996
0 1 tid 105996
149 4 tid 105996
365 2 tid 105996
492 5 tid 105996
619 6 tid 105996
139 tid 105996
Insert  tid 105996
FindTargetPageId rootid 3 tid 105996
target_page_id id: 6 tid 105996
0 1 tid 105996
149 4 tid 105996
365 2 tid 105996
492 5 tid 105996
619 6 tid 105996
140 tid 105996
Insert  tid 105996
FindTargetPageId rootid 3 tid 105995
target_page_id id: 6 tid 105995
0 1 tid 105995
149 4 tid 105995
365 2 tid 105995
492 5 tid 105995
619 6 tid 105995
141 tid 105995
Remove  tid 105995
FindTargetPageId rootid 3 tid 105995
target_page_id id: 6 tid 105995
0 1 tid 105995
149 4 tid 105995
365 2 tid 105995
492 5 tid 105995
619 6 tid 105995
140 tid 105995
Remove  tid 105995
FindTargetPageId rootid 3 tid 105995
target_page_id id: 6 tid 105995
0 1 tid 105995
149 4 tid 105995
365 2 tid 105995
492 5 tid 105995
619 6 tid 105995
139 tid 105995
Remove  tid 105995
FindTargetPageId rootid 3 tid 105995
target_page_id id: 6 tid 105995
0 1 tid 105995
149 4 tid 105995
365 2 tid 105995
492 5 tid 105995
619 6 tid 105995
138 tid 105995
Remove  tid 105995
FindTargetPageId rootid 3 tid 105996
target_page_id id: 6 tid 105996
0 1 tid 105996
149 4 tid 105996
365 2 tid 105996
492 5 tid 105996
619 6 tid 105996
137 tid 105996
Insert  tid 105996
FindTargetPageId rootid 3 tid 105994
target_page_id id: 6 tid 105994
0 1 tid 105994
149 4 tid 105994
365 2 tid 105994
492 5 tid 105994
619 6 tid 105994
138 tid 105994
Insert  tid 105994
FindTargetPageId rootid 3 tid 105995
target_page_id id: 6 tid 105995
0 1 tid 105995
149 4 tid 105995
365 2 tid 105995
492 5 tid 105995
619 6 tid 105995
139 tid 105995
Remove  tid 105995
FindTargetPageId rootid 3 tid 105996
target_page_id id: 6 tid 105996
0 1 tid 105996
149 4 tid 105996
365 2 tid 105996
492 5 tid 105996
619 6 tid 105996
138 tid 105996
Insert  tid 105996
FindTargetPageId rootid 3 tid 105994
target_page_id id: 6 tid 105994
0 1 tid 105994
149 4 tid 105994
365 2 tid 105994
492 5 tid 105994
619 6 tid 105994
139 tid 105994
FindTargetPageId rootid 3 tid 105995
target_page_id id: 6 tid 105995
0 1 tid 105995
149 4 tid 105995
365 2 tid 105995
492 5 tid 105995
619 6 tid 105995
Insert  tid 105994
140 tid 105995
Remove  tid 105995
FindTargetPageId rootid 3 tid 105996
target_page_id id: 6 tid 105996
0 1 tid 105996
149 4 tid 105996
365 2 tid 105996
492 5 tid 105996
619 6 tid 105996
139 tid 105996
Insert  tid 105996
FindTargetPageId rootid 3 tid 105996
target_page_id id: 6 tid 105996
0 1 tid 105996
149 4 tid 105996
365 2 tid 105996
492 5 tid 105996
619 6 tid 105996
140 tid 105996
Insert  tid 105996
FindTargetPageId rootid 3 tid 105994
target_page_id id: 6 tid 105994
0 1 tid 105994
149 4 tid 105994
365 2 tid 105994
492 5 tid 105994
619 6 tid 105994
141 tid 105994
Insert  tid 105994
FindTargetPageId rootid 3 tid 105994
target_page_id id: 6 tid 105994
0 1 tid 105994
149 4 tid 105994
365 2 tid 105994
492 5 tid 105994
619 6 tid 105994
142 tid 105994
Insert  tid 105994
FindTargetPageId rootid 3 tid 105996
target_page_id id: 6 tid 105996
0 1 tid 105996
149 4 tid 105996
365 2 tid 105996
492 5 tid 105996
619 6 tid 105996
143 tid 105996
Insert  tid 105996
FindTargetPageId rootid 3 tid 105996
target_page_id id: 6 tid 105996
0 1 tid 105996
149 4 tid 105996
365 2 tid 105996
492 5 tid 105996
619 6 tid 105996
144 tid 105996
Insert  tid 105996
FindTargetPageId rootid 3 tid 105994
target_page_id id: 6 tid 105994
0 1 tid 105994
149 4 tid 105994
365 2 tid 105994
492 5 tid 105994
619 6 tid 105994
145 tid 105994
Insert  tid 105994
FindTargetPageId rootid 3 tid 105994
target_page_id id: 6 tid 105994
0 1 tid 105994
149 4 tid 105994
365 2 tid 105994
492 5 tid 105994
619 6 tid 105994
146 tid 105994
Insert  tid 105994
FindTargetPageId rootid 3 tid 105994
target_page_id id: 6 tid 105994
0 1 tid 105994
149 4 tid 105994
365 2 tid 105994
492 5 tid 105994
619 6 tid 105994
147 tid 105994
Insert  tid 105994
FindTargetPageId rootid 3 tid 105994
target_page_id id: 6 tid 105994
0 1 tid 105994
149 4 tid 105994
365 2 tid 105994
492 5 tid 105994
619 6 tid 105994
148 tid 105994
Insert  tid 105994
FindTargetPageId rootid 3 tid 105994
target_page_id id: 6 tid 105994
0 1 tid 105994
149 4 tid 105994
365 2 tid 105994
492 5 tid 105994
619 6 tid 105994
149 tid 105994
Insert  tid 105994
FindTargetPageId rootid 3 tid 105994
target_page_id id: 6 tid 105994
0 1 tid 105994
149 4 tid 105994
365 2 tid 105994
492 5 tid 105994
619 6 tid 105994
150 tid 105994
Insert  tid 105994
FindTargetPageId rootid 3 tid 105995
target_page_id id: 6 tid 105995
0 1 tid 105995
149 4 tid 105995
365 2 tid 105995
492 5 tid 105995
619 6 tid 105995
151 tid 105995
Remove  tid 105995
FindTargetPageId rootid 3 tid 105995
target_page_id id: 6 tid 105995
0 1 tid 105995
149 4 tid 105995
365 2 tid 105995
492 5 tid 105995
619 6 tid 105995
150 tid 105995
Remove  tid 105995
FindTargetPageId rootid 3 tid 105995
target_page_id id: 6 tid 105995
0 1 tid 105995
149 4 tid 105995
365 2 tid 105995
492 5 tid 105995
619 6 tid 105995
149 tid 105995
Remove  tid 105995
FindTargetPageId rootid 3 tid 105995
target_page_id id: 6 tid 105995
0 1 tid 105995
149 4 tid 105995
365 2 tid 105995
492 5 tid 105995
619 6 tid 105995
148 tid 105995
Remove  tid 105995
FindTargetPageId rootid 3 tid 105996
target_page_id id: 6 tid 105996
0 1 tid 105996
149 4 tid 105996
365 2 tid 105996
492 5 tid 105996
619 6 tid 105996
147 tid 105996
Insert  tid 105996
FindTargetPageId rootid 3 tid 105996
target_page_id id: 6 tid 105996
0 1 tid 105996
149 4 tid 105996
365 2 tid 105996
492 5 tid 105996
619 6 tid 105996
148 tid 105996
Insert  tid 105996
FindTargetPageId rootid 3 tid 105994
target_page_id id: 6 tid 105994
0 1 tid 105994
149 4 tid 105994
365 2 tid 105994
492 5 tid 105994
619 6 tid 105994
149 tid 105994
Insert  tid 105994
FindTargetPageId rootid 3 tid 105994
target_page_id id: 6 tid 105994
0 1 tid 105994
149 4 tid 105994
365 2 tid 105994
492 5 tid 105994
619 6 tid 105994
150 tid 105994
Insert  tid 105994
FindTargetPageId rootid 3 tid 105994
target_page_id id: 6 tid 105994
0 1 tid 105994
149 4 tid 105994
365 2 tid 105994
492 5 tid 105994
619 6 tid 105994
151 tid 105994
Insert  tid 105994
FindTargetPageId rootid 3 tid 105995
target_page_id id: 6 tid 105995
0 1 tid 105995
149 4 tid 105995
365 2 tid 105995
492 5 tid 105995
619 6 tid 105995
152 tid 105995
Remove  tid 105995
FindTargetPageId rootid 3 tid 105996
target_page_id id: 6 tid 105996
0 1 tid 105996
149 4 tid 105996
365 2 tid 105996
492 5 tid 105996
619 6 tid 105996
151 tid 105996
Insert  tid 105996
FindTargetPageId rootid 3 tid 105994
target_page_id id: 6 tid 105994
0 1 tid 105994
149 4 tid 105994
365 2 tid 105994
492 5 tid 105994
619 6 tid 105994
152 tid 105994
Insert  tid 105994
FindTargetPageId rootid 3 tid 105995
target_page_id id: 6 tid 105995
0 1 tid 105995
149 4 tid 105995
365 2 tid 105995
492 5 tid 105995
619 6 tid 105995
153 tid 105995
Remove  tid 105995
FindTargetPageId rootid 3 tid 105996
target_page_id id: 6 tid 105996
0 1 tid 105996
149 4 tid 105996
365 2 tid 105996
492 5 tid 105996
619 6 tid 105996
152 tid 105996
FindTargetPageId rootid 3 tid 105994
target_page_id id: 6 tid 105994
0 1 tid 105994
149 4 tid 105994
365 2 tid 105994
492 5 tid 105994
619 6 tid 105994
153 tid 105994
Insert  tid 105994
FindTargetPageId rootid 3 tid 105994
target_page_id id: 6 tid 105994
0 1 tid 105994
149 4 tid 105994
365 2 tid 105994
492 5 tid 105994
619 6 tid 105994
154 tid 105994
Insert  tid 105994
FindTargetPageId rootid 3 tid 105994
target_page_id id: 6 tid 105994
0 1 tid 105994
149 4 tid 105994
365 2 tid 105994
492 5 tid 105994
619 6 tid 105994
155 tid 105994
Insert  tid 105994
FindTargetPageId rootid 3 tid 105994
target_page_id id: 6 tid 105994
0 1 tid 105994
149 4 tid 105994
365 2 tid 105994
492 5 tid 105994
619 6 tid 105994
156 tid 105994
Insert  tid 105994
FindTargetPageId rootid 3 tid 105994
target_page_id id: 6 tid 105994
0 1 tid 105994
149 4 tid 105994
365 2 tid 105994
492 5 tid 105994
619 6 tid 105994
157 tid 105994
Insert  tid 105994
FindTargetPageId rootid 3 tid 105994
target_page_id id: 6 tid 105994
0 1 tid 105994
149 4 tid 105994
365 2 tid 105994
492 5 tid 105994
619 6 tid 105994
158 tid 105994
Insert  tid 105996
Insert  tid 105994
FindTargetPageId rootid 3 tid 105996
target_page_id id: 6 tid 105996
0 1 tid 105996
149 4 tid 105996
365 2 tid 105996
492 5 tid 105996
619 6 tid 105996
159 tid 105996
Insert  tid 105996
FindTargetPageId rootid 3 tid 105996
target_page_id id: 6 tid 105996
0 1 tid 105996
149 4 tid 105996
365 2 tid 105996
492 5 tid 105996
619 6 tid 105996
160 tid 105996
Insert  tid 105996
FindTargetPageId rootid 3 tid 105996
target_page_id id: 6 tid 105996
0 1 tid 105996
149 4 tid 105996
365 2 tid 105996
492 5 tid 105996
619 6 tid 105996
161 tid 105996
Insert  tid 105996
FindTargetPageId rootid 3 tid 105996
target_page_id id: 6 tid 105996
0 1 tid 105996
149 4 tid 105996
365 2 tid 105996
492 5 tid 105996
619 6 tid 105996
162 tid 105996
Insert  tid 105996
FindTargetPageId rootid 3 tid 105996
target_page_id id: 6 tid 105996
0 1 tid 105996
149 4 tid 105996
365 2 tid 105996
492 5 tid 105996
619 6 tid 105996
163 tid 105996
Insert  tid 105996
FindTargetPageId rootid 3 tid 105994
target_page_id id: 6 tid 105994
0 1 tid 105994
149 4 tid 105994
365 2 tid 105994
492 5 tid 105994
619 6 tid 105994
164 tid 105994
Insert  tid 105994
FindTargetPageId rootid 3 tid 105994
target_page_id id: 6 tid 105994
0 1 tid 105994
149 4 tid 105994
365 2 tid 105994
492 5 tid 105994
619 6 tid 105994
165 tid 105994
Insert  tid 105994
FindTargetPageId rootid 3 tid 105994
target_page_id id: 6 tid 105994
0 1 tid 105994
149 4 tid 105994
365 2 tid 105994
492 5 tid 105994
619 6 tid 105994
166 tid 105994
Insert  tid 105994
FindTargetPageId rootid 3 tid 105994
target_page_id id: 6 tid 105994
0 1 tid 105994
149 4 tid 105994
365 2 tid 105994
492 5 tid 105994
619 6 tid 105994
167 tid 105994
Insert  tid 105994
FindTargetPageId rootid 3 tid 105994
target_page_id id: 6 tid 105994
0 1 tid 105994
149 4 tid 105994
365 2 tid 105994
492 5 tid 105994
619 6 tid 105994
168 tid 105994
Insert  tid 105994
FindTargetPageId rootid 3 tid 105994
target_page_id id: 6 tid 105994
0 1 tid 105994
149 4 tid 105994
365 2 tid 105994
492 5 tid 105994
619 6 tid 105994
169 tid 105994
Insert  tid 105994
FindTargetPageId rootid 3 tid 105994
target_page_id id: 6 tid 105994
0 1 tid 105994
149 4 tid 105994
365 2 tid 105994
492 5 tid 105994
619 6 tid 105994
170 tid 105994
Insert  tid 105994
FindTargetPageId rootid 3 tid 105994
target_page_id id: 6 tid 105994
0 1 tid 105994
149 4 tid 105994
365 2 tid 105994
492 5 tid 105994
619 6 tid 105994
171 tid 105994
Insert  tid 105994
FindTargetPageId rootid 3 tid 105994
target_page_id id: 6 tid 105994
0 1 tid 105994
149 4 tid 105994
365 2 tid 105994
492 5 tid 105994
619 6 tid 105994
172 tid 105994
Insert  tid 105994
FindTargetPageId rootid 3 tid 105994
target_page_id id: 6 tid 105994
0 1 tid 105994
149 4 tid 105994
365 2 tid 105994
492 5 tid 105994
619 6 tid 105994
173 tid 105994
Insert  tid 105994
FindTargetPageId rootid 3 tid 105994
target_page_id id: 6 tid 105994
0 1 tid 105994
149 4 tid 105994
365 2 tid 105994
492 5 tid 105994
619 6 tid 105994
174 tid 105994
Insert  tid 105994
FindTargetPageId rootid 3 tid 105994
target_page_id id: 6 tid 105994
0 1 tid 105994
149 4 tid 105994
365 2 tid 105994
492 5 tid 105994
619 6 tid 105994
175 tid 105994
Insert  tid 105994
FindTargetPageId rootid 3 tid 105996
target_page_id id: 6 tid 105996
0 1 tid 105996
149 4 tid 105996
365 2 tid 105996
492 5 tid 105996
619 6 tid 105996
176 tid 105996
Insert  tid 105996
FindTargetPageId rootid 3 tid 105996
target_page_id id: 6 tid 105996
0 1 tid 105996
149 4 tid 105996
365 2 tid 105996
492 5 tid 105996
619 6 tid 105996
177 tid 105996
Insert  tid 105996
FindTargetPageId rootid 3 tid 105994
target_page_id id: 6 tid 105994
0 1 tid 105994
149 4 tid 105994
365 2 tid 105994
492 5 tid 105994
619 6 tid 105994
178 tid 105994
Insert  tid 105994
FindTargetPageId rootid 3 tid 105995
target_page_id id: 6 tid 105995
0 1 tid 105995
149 4 tid 105995
365 2 tid 105995
492 5 tid 105995
619 6 tid 105995
179 tid 105995
Remove  tid 105995
FindTargetPageId rootid 3 tid 105996
target_page_id id: 6 tid 105996
0 1 tid 105996
149 4 tid 105996
365 2 tid 105996
492 5 tid 105996
619 6 tid 105996
178 tid 105996
Insert  tid 105996
FindTargetPageId rootid 3 tid 105994
target_page_id id: 6 tid 105994
0 1 tid 105994
149 4 tid 105994
365 2 tid 105994
492 5 tid 105994
619 6 tid 105994
179 tid 105994
Insert  tid 105994
FindTargetPageId rootid 3 tid 105994
target_page_id id: 6 tid 105994
0 1 tid 105994
149 4 tid 105994
365 2 tid 105994
492 5 tid 105994
619 6 tid 105994
180 tid 105994
Insert  tid 105994
FindTargetPageId rootid 3 tid 105994
target_page_id id: 6 tid 105994
0 1 tid 105994
149 4 tid 105994
365 2 tid 105994
492 5 tid 105994
619 6 tid 105994
181 tid 105994
Insert  tid 105994
FindTargetPageId rootid 3 tid 105994
target_page_id id: 6 tid 105994
0 1 tid 105994
149 4 tid 105994
365 2 tid 105994
492 5 tid 105994
619 6 tid 105994
182 tid 105994
Insert  tid 105994
FindTargetPageId rootid 3 tid 105995
target_page_id id: 6 tid 105995
0 1 tid 105995
149 4 tid 105995
365 2 tid 105995
492 5 tid 105995
619 6 tid 105995
183 tid 105995
Remove  tid 105995
FindTargetPageId rootid 3 tid 105995
target_page_id id: 6 tid 105995
0 1 tid 105995
149 4 tid 105995
365 2 tid 105995
492 5 tid 105995
619 6 tid 105995
182 tid 105995
Remove  tid 105995
FindTargetPageId rootid 3 tid 105995
target_page_id id: 6 tid 105995
0 1 tid 105995
149 4 tid 105995
365 2 tid 105995
492 5 tid 105995
619 6 tid 105995
181 tid 105995
Remove  tid 105995
FindTargetPageId rootid 3 tid 105995
target_page_id id: 6 tid 105995
0 1 tid 105995
149 4 tid 105995
365 2 tid 105995
492 5 tid 105995
619 6 tid 105995
180 tid 105995
Remove  tid 105995
FindTargetPageId rootid 3 tid 105995
target_page_id id: 6 tid 105995
0 1 tid 105995
149 4 tid 105995
365 2 tid 105995
492 5 tid 105995
619 6 tid 105995
179 tid 105995
Remove  tid 105995
FindTargetPageId rootid 3 tid 105996
target_page_id id: 6 tid 105996
0 1 tid 105996
149 4 tid 105996
365 2 tid 105996
492 5 tid 105996
619 6 tid 105996
178 tid 105996
Insert  tid 105996
FindTargetPageId rootid 3 tid 105996
target_page_id id: 6 tid 105996
0 1 tid 105996
149 4 tid 105996
365 2 tid 105996
492 5 tid 105996
619 6 tid 105996
179 tid 105996
Insert  tid 105996
FindTargetPageId rootid 3 tid 105996
target_page_id id: 6 tid 105996
0 1 tid 105996
149 4 tid 105996
365 2 tid 105996
492 5 tid 105996
619 6 tid 105996
180 tid 105996
Insert  tid 105996
FindTargetPageId rootid 3 tid 105996
target_page_id id: 6 tid 105996
0 1 tid 105996
149 4 tid 105996
365 2 tid 105996
492 5 tid 105996
619 6 tid 105996
181 tid 105996
Insert  tid 105996
FindTargetPageId rootid 3 tid 105996
target_page_id id: 6 tid 105996
0 1 tid 105996
149 4 tid 105996
365 2 tid 105996
492 5 tid 105996
619 6 tid 105996
182 tid 105996
Insert  tid 105996
FindTargetPageId rootid 3 tid 105996
target_page_id id: 6 tid 105996
0 1 tid 105996
149 4 tid 105996
365 2 tid 105996
492 5 tid 105996
619 6 tid 105996
183 tid 105996
Insert  tid 105996
FindTargetPageId rootid 3 tid 105996
target_page_id id: 6 tid 105996
0 1 tid 105996
149 4 tid 105996
365 2 tid 105996
492 5 tid 105996
619 6 tid 105996
184 tid 105996
Insert  tid 105996
FindTargetPageId rootid 3 tid 105996
target_page_id id: 6 tid 105996
0 1 tid 105996
149 4 tid 105996
365 2 tid 105996
492 5 tid 105996
619 6 tid 105996
185 tid 105996
Insert  tid 105996
FindTargetPageId rootid 3 tid 105996
target_page_id id: 6 tid 105996
0 1 tid 105996
149 4 tid 105996
365 2 tid 105996
492 5 tid 105996
619 6 tid 105996
186 tid 105996
Insert  tid 105996
FindTargetPageId rootid 3 tid 105996
target_page_id id: 6 tid 105996
0 1 tid 105996
149 4 tid 105996
365 2 tid 105996
492 5 tid 105996
619 6 tid 105996
187 tid 105996
Insert  tid 105996
FindTargetPageId rootid 3 tid 105996
target_page_id id: 6 tid 105996
0 1 tid 105996
149 4 tid 105996
365 2 tid 105996
492 5 tid 105996
619 6 tid 105996
188 tid 105996
Insert  tid 105996
FindTargetPageId rootid 3 tid 105996
target_page_id id: 6 tid 105996
0 1 tid 105996
149 4 tid 105996
365 2 tid 105996
492 5 tid 105996
619 6 tid 105996
189 tid 105996
Insert  tid 105996
FindTargetPageId rootid 3 tid 105996
target_page_id id: 6 tid 105996
0 1 tid 105996
149 4 tid 105996
365 2 tid 105996
492 5 tid 105996
619 6 tid 105996
190 tid 105996
Insert  tid 105996
FindTargetPageId rootid 3 tid 105995
target_page_id id: 6 tid 105995
0 1 tid 105995
149 4 tid 105995
365 2 tid 105995
492 5 tid 105995
619 6 tid 105995
191 tid 105995
Remove  tid 105995
FindTargetPageId rootid 3 tid 105994
target_page_id id: 6 tid 105994
0 1 tid 105994
149 4 tid 105994
365 2 tid 105994
492 5 tid 105994
619 6 tid 105994
190 tid 105994
Insert  tid 105994
FindTargetPageId rootid 3 tid 105996
target_page_id id: 6 tid 105996
0 1 tid 105996
149 4 tid 105996
365 2 tid 105996
492 5 tid 105996
619 6 tid 105996
191 tid 105996
Insert  tid 105996
FindTargetPageId rootid 3 tid 105995
target_page_id id: 6 tid 105995
0 1 tid 105995
149 4 tid 105995
365 2 tid 105995
492 5 tid 105995
619 6 tid 105995
192 tid 105995
Remove  tid 105995
FindTargetPageId rootid 3 tid 105994
target_page_id id: 6 tid 105994
0 1 tid 105994
149 4 tid 105994
365 2 tid 105994
492 5 tid 105994
619 6 tid 105994
191 tid 105994
Insert  tid 105994
FindTargetPageId rootid 3 tid 105996
target_page_id id: 6 tid 105996
0 1 tid 105996
149 4 tid 105996
365 2 tid 105996
492 5 tid 105996
619 6 tid 105996
192 tid 105996
Insert  tid 105996
FindTargetPageId rootid 3 tid 105996
target_page_id id: 6 tid 105996
0 1 tid 105996
149 4 tid 105996
365 2 tid 105996
492 5 tid 105996
619 6 tid 105996
193 tid 105996
Insert  tid 105996
FindTargetPageId rootid 3 tid 105996
target_page_id id: 6 tid 105996
0 1 tid 105996
149 4 tid 105996
365 2 tid 105996
492 5 tid 105996
619 6 tid 105996
194 tid 105996
Insert  tid 105996
FindTargetPageId rootid 3 tid 105996
target_page_id id: 6 tid 105996
0 1 tid 105996
149 4 tid 105996
365 2 tid 105996
492 5 tid 105996
619 6 tid 105996
195 tid 105996
Insert  tid 105996
FindTargetPageId rootid 3 tid 105996
target_page_id id: 6 tid 105996
0 1 tid 105996
149 4 tid 105996
365 2 tid 105996
492 5 tid 105996
619 6 tid 105996
196 tid 105996
Insert  tid 105996
FindTargetPageId rootid 3 tid 105996
target_page_id id: 6 tid 105996
0 1 tid 105996
149 4 tid 105996
365 2 tid 105996
492 5 tid 105996
619 6 tid 105996
197 tid 105996
Insert  tid 105996
FindTargetPageId rootid 3 tid 105996
target_page_id id: 6 tid 105996
0 1 tid 105996
149 4 tid 105996
365 2 tid 105996
492 5 tid 105996
619 6 tid 105996
198 tid 105996
Insert  tid 105996
FindTargetPageId rootid 3 tid 105995
target_page_id id: 6 tid 105995
0 1 tid 105995
149 4 tid 105995
365 2 tid 105995
492 5 tid 105995
619 6 tid 105995
199 tid 105995
Remove  tid 105995
FindTargetPageId rootid 3 tid 105994
target_page_id id: 6 tid 105994
0 1 tid 105994
149 4 tid 105994
365 2 tid 105994
492 5 tid 105994
619 6 tid 105994
198 tid 105994
Insert  tid 105994
FindTargetPageId rootid 3 tid 105994
target_page_id id: 6 tid 105994
0 1 tid 105994
149 4 tid 105994
365 2 tid 105994
492 5 tid 105994
619 6 tid 105994
199 tid 105994
Insert  tid 105994
FindTargetPageId rootid 3 tid 105994
target_page_id id: 6 tid 105994
0 1 tid 105994
149 4 tid 105994
365 2 tid 105994
492 5 tid 105994
619 6 tid 105994
200 tid 105994
Insert  tid 105994
FindTargetPageId rootid 3 tid 105995
target_page_id id: 6 tid 105995
0 1 tid 105995
149 4 tid 105995
365 2 tid 105995
492 5 tid 105995
619 6 tid 105995
201 tid 105995
Remove  tid 105995
FindTargetPageId rootid 3 tid 105996
target_page_id id: 6 tid 105996
0 1 tid 105996
149 4 tid 105996
365 2 tid 105996
492 5 tid 105996
619 6 tid 105996
200 tid 105996
Insert  tid 105996
FindTargetPageId rootid 3 tid 105994
target_page_id id: 6 tid 105994
0 1 tid 105994
149 4 tid 105994
365 2 tid 105994
492 5 tid 105994
619 6 tid 105994
201 tid 105994
Insert  tid 105994
FindTargetPageId rootid 3 tid 105994
target_page_id id: 6 tid 105994
0 1 tid 105994
149 4 tid 105994
365 2 tid 105994
492 5 tid 105994
619 6 tid 105994
202 tid 105994
Insert  tid 105994
FindTargetPageId rootid 3 tid 105994
target_page_id id: 6 tid 105994
0 1 tid 105994
149 4 tid 105994
365 2 tid 105994
492 5 tid 105994
619 6 tid 105994
203 tid 105994
Insert  tid 105994
FindTargetPageId rootid 3 tid 105995
target_page_id id: 6 tid 105995
0 1 tid 105995
149 4 tid 105995
365 2 tid 105995
492 5 tid 105995
619 6 tid 105995
204 tid 105995
Remove  tid 105995
FindTargetPageId rootid 3 tid 105996
target_page_id id: 6 tid 105996
0 1 tid 105996
149 4 tid 105996
365 2 tid 105996
492 5 tid 105996
619 6 tid 105996
203 tid 105996
Insert  tid 105996
FindTargetPageId rootid 3 tid 105994
target_page_id id: 6 tid 105994
0 1 tid 105994
149 4 tid 105994
365 2 tid 105994
492 5 tid 105994
619 6 tid 105994
204 tid 105994
Insert  tid 105994
FindTargetPageId rootid 3 tid 105994
target_page_id id: 6 tid 105994
0 1 tid 105994
149 4 tid 105994
365 2 tid 105994
492 5 tid 105994
619 6 tid 105994
205 tid 105994
Insert  tid 105994
FindTargetPageId rootid 3 tid 105994
target_page_id id: 6 tid 105994
0 1 tid 105994
149 4 tid 105994
365 2 tid 105994
492 5 tid 105994
619 6 tid 105994
206 tid 105994
Insert  tid 105994
FindTargetPageId rootid 3 tid 105994
target_page_id id: 6 tid 105994
0 1 tid 105994
149 4 tid 105994
365 2 tid 105994
492 5 tid 105994
619 6 tid 105994
207 tid 105994
Insert  tid 105994
FindTargetPageId rootid 3 tid 105994
target_page_id id: 6 tid 105994
0 1 tid 105994
149 4 tid 105994
365 2 tid 105994
492 5 tid 105994
619 6 tid 105994
208 tid 105994
Insert  tid 105994
FindTargetPageId rootid 3 tid 105994
target_page_id id: 6 tid 105994
0 1 tid 105994
149 4 tid 105994
365 2 tid 105994
492 5 tid 105994
619 6 tid 105994
209 tid 105994
Insert  tid 105994
FindTargetPageId rootid 3 tid 105996
target_page_id id: 6 tid 105996
0 1 tid 105996
149 4 tid 105996
365 2 tid 105996
492 5 tid 105996
619 6 tid 105996
210 tid 105996
Insert  tid 105996
FindTargetPageId rootid 3 tid 105996
target_page_id id: 6 tid 105996
0 1 tid 105996
149 4 tid 105996
365 2 tid 105996
492 5 tid 105996
619 6 tid 105996
211 tid 105996
Insert  tid 105996
FindTargetPageId rootid 3 tid 105996
target_page_id id: 6 tid 105996
0 1 tid 105996
149 4 tid 105996
365 2 tid 105996
492 5 tid 105996
619 6 tid 105996
212 tid 105996
Insert  tid 105996
FindTargetPageId rootid 3 tid 105994
target_page_id id: 6 tid 105994
0 1 tid 105994
149 4 tid 105994
365 2 tid 105994
492 5 tid 105994
619 6 tid 105994
213 tid 105994
Insert  tid 105994
FindTargetPageId rootid 3 tid 105995
target_page_id id: 6 tid 105995
0 1 tid 105995
149 4 tid 105995
365 2 tid 105995
492 5 tid 105995
619 6 tid 105995
214 tid 105995
Remove  tid 105995
FindTargetPageId rootid 3 tid 105996
target_page_id id: 6 tid 105996
0 1 tid 105996
149 4 tid 105996
365 2 tid 105996
492 5 tid 105996
619 6 tid 105996
213 tid 105996
Insert  tid 105996
FindTargetPageId rootid 3 tid 105996
target_page_id id: 6 tid 105996
0 1 tid 105996
149 4 tid 105996
365 2 tid 105996
492 5 tid 105996
619 6 tid 105996
214 tid 105996
Insert  tid 105996
FindTargetPageId rootid 3 tid 105996
target_page_id id: 6 tid 105996
0 1 tid 105996
149 4 tid 105996
365 2 tid 105996
492 5 tid 105996
619 6 tid 105996
215 tid 105996
Insert  tid 105996
FindTargetPageId rootid 3 tid 105996
target_page_id id: 6 tid 105996
0 1 tid 105996
149 4 tid 105996
365 2 tid 105996
492 5 tid 105996
619 6 tid 105996
216 tid 105996
Insert  tid 105996
FindTargetPageId rootid 3 tid 105996
target_page_id id: 6 tid 105996
0 1 tid 105996
149 4 tid 105996
365 2 tid 105996
492 5 tid 105996
619 6 tid 105996
217 tid 105996
Insert  tid 105996
FindTargetPageId rootid 3 tid 105996
target_page_id id: 6 tid 105996
0 1 tid 105996
149 4 tid 105996
365 2 tid 105996
492 5 tid 105996
619 6 tid 105996
218 tid 105996
Insert  tid 105996
FindTargetPageId rootid 3 tid 105996
target_page_id id: 6 tid 105996
0 1 tid 105996
149 4 tid 105996
365 2 tid 105996
492 5 tid 105996
619 6 tid 105996
219 tid 105996
Insert  tid 105996
FindTargetPageId rootid 3 tid 105995
target_page_id id: 6 tid 105995
0 1 tid 105995
149 4 tid 105995
365 2 tid 105995
492 5 tid 105995
619 6 tid 105995
220 tid 105995
Remove  tid 105995
FindTargetPageId rootid 3 tid 105996
target_page_id id: 6 tid 105996
0 1 tid 105996
149 4 tid 105996
365 2 tid 105996
492 5 tid 105996
619 6 tid 105996
219 tid 105996
Insert  tid 105996
FindTargetPageId rootid 3 tid 105994
target_page_id id: 6 tid 105994
0 1 tid 105994
149 4 tid 105994
365 2 tid 105994
492 5 tid 105994
619 6 tid 105994
220 tid 105994
Insert  tid 105994
FindTargetPageId rootid 3 tid 105995
target_page_id id: 6 tid 105995
0 1 tid 105995
149 4 tid 105995
365 2 tid 105995
492 5 tid 105995
619 6 tid 105995
221 tid 105995
Remove  tid 105995
FindTargetPageId rootid 3 tid 105995
target_page_id id: 6 tid 105995
0 1 tid 105995
149 4 tid 105995
365 2 tid 105995
492 5 tid 105995
619 6 tid 105995
220 tid 105995
Remove  tid 105995
FindTargetPageId rootid 3 tid 105994
target_page_id id: 6 tid 105994
0 1 tid 105994
149 4 tid 105994
365 2 tid 105994
492 5 tid 105994
619 6 tid 105994
219 tid 105994
Insert  tid 105994
FindTargetPageId rootid 3 tid 105994
target_page_id id: 6 tid 105994
0 1 tid 105994
149 4 tid 105994
365 2 tid 105994
492 5 tid 105994
619 6 tid 105994
220 tid 105994
Insert  tid 105994
FindTargetPageId rootid 3 tid 105995
target_page_id id: 6 tid 105995
0 1 tid 105995
149 4 tid 105995
365 2 tid 105995
492 5 tid 105995
619 6 tid 105995
221 tid 105995
Remove  tid 105995
FindTargetPageId rootid 3 tid 105995
target_page_id id: 6 tid 105995
0 1 tid 105995
149 4 tid 105995
365 2 tid 105995
492 5 tid 105995
619 6 tid 105995
220 tid 105995
Remove  tid 105995
FindTargetPageId rootid 3 tid 105995
target_page_id id: 6 tid 105995
0 1 tid 105995
149 4 tid 105995
365 2 tid 105995
492 5 tid 105995
619 6 tid 105995
219 tid 105995
Remove  tid 105995
FindTargetPageId rootid 3 tid 105995
target_page_id id: 6 tid 105995
0 1 tid 105995
149 4 tid 105995
365 2 tid 105995
492 5 tid 105995
619 6 tid 105995
218 tid 105995
Remove  tid 105995
FindTargetPageId rootid 3 tid 105995
target_page_id id: 6 tid 105995
0 1 tid 105995
149 4 tid 105995
365 2 tid 105995
492 5 tid 105995
619 6 tid 105995
217 tid 105995
Remove  tid 105995
FindTargetPageId rootid 3 tid 105995
target_page_id id: 6 tid 105995
0 1 tid 105995
149 4 tid 105995
365 2 tid 105995
492 5 tid 105995
619 6 tid 105995
216 tid 105995
Remove  tid 105995
FindTargetPageId rootid 3 tid 105994
target_page_id id: 6 tid 105994
0 1 tid 105994
149 4 tid 105994
365 2 tid 105994
492 5 tid 105994
619 6 tid 105994
215 tid 105994
Insert  tid 105994
FindTargetPageId rootid 3 tid 105994
target_page_id id: 6 tid 105994
0 1 tid 105994
149 4 tid 105994
365 2 tid 105994
492 5 tid 105994
619 6 tid 105994
216 tid 105994
Insert  tid 105994
FindTargetPageId rootid 3 tid 105994
target_page_id id: 6 tid 105994
0 1 tid 105994
149 4 tid 105994
365 2 tid 105994
492 5 tid 105994
619 6 tid 105994
217 tid 105994
Insert  tid 105994
FindTargetPageId rootid 3 tid 105994
target_page_id id: 6 tid 105994
0 1 tid 105994
149 4 tid 105994
365 2 tid 105994
492 5 tid 105994
619 6 tid 105994
218 tid 105994
Insert  tid 105994
FindTargetPageId rootid 3 tid 105994
target_page_id id: 6 tid 105994
0 1 tid 105994
149 4 tid 105994
365 2 tid 105994
492 5 tid 105994
619 6 tid 105994
219 tid 105994
Insert  tid 105994
FindTargetPageId rootid 3 tid 105994
target_page_id id: 6 tid 105994
0 1 tid 105994
149 4 tid 105994
365 2 tid 105994
492 5 tid 105994
619 6 tid 105994
220 tid 105994
Insert  tid 105994
FindTargetPageId rootid 3 tid 105995
target_page_id id: 6 tid 105995
0 1 tid 105995
149 4 tid 105995
365 2 tid 105995
492 5 tid 105995
619 6 tid 105995
221 tid 105995
Remove  tid 105995
FindTargetPageId rootid 3 tid 105996
target_page_id id: 6 tid 105996
0 1 tid 105996
149 4 tid 105996
365 2 tid 105996
492 5 tid 105996
619 6 tid 105996
220 tid 105996
Insert  tid 105996
FindTargetPageId rootid 3 tid 105996
target_page_id id: 6 tid 105996
0 1 tid 105996
149 4 tid 105996
365 2 tid 105996
492 5 tid 105996
619 6 tid 105996
221 tid 105996
Insert  tid 105996
FindTargetPageId rootid 3 tid 105995
target_page_id id: 6 tid 105995
0 1 tid 105995
149 4 tid 105995
365 2 tid 105995
492 5 tid 105995
619 6 tid 105995
222 tid 105995
Remove  tid 105995
FindTargetPageId rootid 3 tid 105995
target_page_id id: 6 tid 105995
0 1 tid 105995
149 4 tid 105995
365 2 tid 105995
492 5 tid 105995
619 6 tid 105995
221 tid 105995
Remove  tid 105995
FindTargetPageId rootid 3 tid 105994
target_page_id id: 6 tid 105994
0 1 tid 105994
149 4 tid 105994
365 2 tid 105994
492 5 tid 105994
619 6 tid 105994
220 tid 105994
Insert  tid 105994
FindTargetPageId rootid 3 tid 105994
target_page_id id: 6 tid 105994
0 1 tid 105994
149 4 tid 105994
365 2 tid 105994
492 5 tid 105994
619 6 tid 105994
221 tid 105994
FindTargetPageId rootid 3 tid 105996
target_page_id id: 6 tid 105996
0 1 tid 105996
149 4 tid 105996
365 2 tid 105996
492 5 tid 105996
619 6 tid 105996
222 tid 105996
Insert  tid 105996
FindTargetPageId rootid 3 tid 105995
target_page_id id: 6 tid 105995
0 1 tid 105995
149 4 tid 105995
365 2 tid 105995
492 5 tid 105995
619 6 tid 105995
223 tid 105995
Remove  tid 105995
FindTargetPageId rootid 3 tid 105995
target_page_id id: 6 tid 105995
0 1 tid 105995
149 4 tid 105995
365 2 tid 105995
492 5 tid 105995
619 6 tid 105995
Insert  tid 105994
222 tid 105995
Remove  tid 105995
FindTargetPageId rootid 3 tid 105994
target_page_id id: 6 tid 105994
0 1 tid 105994
149 4 tid 105994
365 2 tid 105994
492 5 tid 105994
619 6 tid 105994
221 tid 105994
Insert  tid 105994
FindTargetPageId rootid 3 tid 105994
target_page_id id: 6 tid 105994
0 1 tid 105994
149 4 tid 105994
365 2 tid 105994
492 5 tid 105994
619 6 tid 105994
222 tid 105994
Insert  tid 105994
FindTargetPageId rootid 3 tid 105995
target_page_id id: 6 tid 105995
0 1 tid 105995
149 4 tid 105995
365 2 tid 105995
492 5 tid 105995
619 6 tid 105995
223 tid 105995
Remove  tid 105995
FindTargetPageId rootid 3 tid 105996
target_page_id id: 6 tid 105996
0 1 tid 105996
149 4 tid 105996
365 2 tid 105996
492 5 tid 105996
619 6 tid 105996
222 tid 105996
Insert  tid 105996
FindTargetPageId rootid 3 tid 105994
target_page_id id: 6 tid 105994
0 1 tid 105994
149 4 tid 105994
365 2 tid 105994
492 5 tid 105994
619 6 tid 105994
223 tid 105994
Insert  tid 105994
FindTargetPageId rootid 3 tid 105995
target_page_id id: 6 tid 105995
0 1 tid 105995
149 4 tid 105995
365 2 tid 105995
492 5 tid 105995
619 6 tid 105995
224 tid 105995
Remove  tid 105995
FindTargetPageId rootid 3 tid 105996
target_page_id id: 6 tid 105996
0 1 tid 105996
149 4 tid 105996
365 2 tid 105996
492 5 tid 105996
619 6 tid 105996
223 tid 105996
Insert  tid 105996
FindTargetPageId rootid 3 tid 105994
target_page_id id: 6 tid 105994
0 1 tid 105994
149 4 tid 105994
365 2 tid 105994
492 5 tid 105994
619 6 tid 105994
224 tid 105994
Insert  tid 105994
FindTargetPageId rootid 3 tid 105994
target_page_id id: 6 tid 105994
0 1 tid 105994
149 4 tid 105994
365 2 tid 105994
492 5 tid 105994
619 6 tid 105994
225 tid 105994
Insert  tid 105994
FindTargetPageId rootid 3 tid 105994
target_page_id id: 6 tid 105994
0 1 tid 105994
149 4 tid 105994
365 2 tid 105994
492 5 tid 105994
619 6 tid 105994
226 tid 105994
Insert  tid 105994
FindTargetPageId rootid 3 tid 105994
target_page_id id: 6 tid 105994
0 1 tid 105994
149 4 tid 105994
365 2 tid 105994
492 5 tid 105994
619 6 tid 105994
227 tid 105994
Insert  tid 105994
FindTargetPageId rootid 3 tid 105994
target_page_id id: 6 tid 105994
0 1 tid 105994
149 4 tid 105994
365 2 tid 105994
492 5 tid 105994
619 6 tid 105994
228 tid 105994
Insert  tid 105994
FindTargetPageId rootid 3 tid 105994
target_page_id id: 6 tid 105994
0 1 tid 105994
149 4 tid 105994
365 2 tid 105994
492 5 tid 105994
619 6 tid 105994
229 tid 105994
Insert  tid 105994
FindTargetPageId rootid 3 tid 105995
target_page_id id: 6 tid 105995
0 1 tid 105995
149 4 tid 105995
365 2 tid 105995
492 5 tid 105995
619 6 tid 105995
230 tid 105995
Remove  tid 105995
FindTargetPageId rootid 3 tid 105995
target_page_id id: 6 tid 105995
0 1 tid 105995
149 4 tid 105995
365 2 tid 105995
492 5 tid 105995
619 6 tid 105995
229 tid 105995
Remove  tid 105995
FindTargetPageId rootid 3 tid 105994
target_page_id id: 6 tid 105994
0 1 tid 105994
149 4 tid 105994
365 2 tid 105994
492 5 tid 105994
619 6 tid 105994
228 tid 105994
Insert  tid 105994
FindTargetPageId rootid 3 tid 105996
target_page_id id: 6 tid 105996
0 1 tid 105996
149 4 tid 105996
365 2 tid 105996
492 5 tid 105996
619 6 tid 105996
229 tid 105996
Insert  tid 105996
FindTargetPageId rootid 3 tid 105996
target_page_id id: 6 tid 105996
0 1 tid 105996
149 4 tid 105996
365 2 tid 105996
492 5 tid 105996
619 6 tid 105996
230 tid 105996
Insert  tid 105996
FindTargetPageId rootid 3 tid 105996
target_page_id id: 6 tid 105996
0 1 tid 105996
149 4 tid 105996
365 2 tid 105996
492 5 tid 105996
619 6 tid 105996
231 tid 105996
Insert  tid 105996
FindTargetPageId rootid 3 tid 105996
target_page_id id: 6 tid 105996
0 1 tid 105996
149 4 tid 105996
365 2 tid 105996
492 5 tid 105996
619 6 tid 105996
232 tid 105996
Insert  tid 105996
FindTargetPageId rootid 3 tid 105994
target_page_id id: 6 tid 105994
0 1 tid 105994
149 4 tid 105994
365 2 tid 105994
492 5 tid 105994
619 6 tid 105994
233 tid 105994
Insert  tid 105994
FindTargetPageId rootid 3 tid 105994
target_page_id id: 6 tid 105994
0 1 tid 105994
149 4 tid 105994
365 2 tid 105994
492 5 tid 105994
619 6 tid 105994
234 tid 105994
Insert  tid 105994
FindTargetPageId rootid 3 tid 105994
target_page_id id: 6 tid 105994
0 1 tid 105994
149 4 tid 105994
365 2 tid 105994
492 5 tid 105994
619 6 tid 105994
235 tid 105994
Insert  tid 105994
FindTargetPageId rootid 3 tid 105995
target_page_id id: 6 tid 105995
0 1 tid 105995
149 4 tid 105995
365 2 tid 105995
492 5 tid 105995
619 6 tid 105995
236 tid 105995
Remove  tid 105995
FindTargetPageId rootid 3 tid 105995
target_page_id id: 6 tid 105995
0 1 tid 105995
149 4 tid 105995
365 2 tid 105995
492 5 tid 105995
619 6 tid 105995
235 tid 105995
Remove  tid 105995
FindTargetPageId rootid 3 tid 105995
target_page_id id: 6 tid 105995
0 1 tid 105995
149 4 tid 105995
365 2 tid 105995
492 5 tid 105995
619 6 tid 105995
234 tid 105995
Remove  tid 105995
FindTargetPageId rootid 3 tid 105994
target_page_id id: 6 tid 105994
0 1 tid 105994
149 4 tid 105994
365 2 tid 105994
492 5 tid 105994
619 6 tid 105994
233 tid 105994
Insert  tid 105994
FindTargetPageId rootid 3 tid 105994
target_page_id id: 6 tid 105994
0 1 tid 105994
149 4 tid 105994
365 2 tid 105994
492 5 tid 105994
619 6 tid 105994
234 tid 105994
Insert  tid 105994
FindTargetPageId rootid 3 tid 105994
target_page_id id: 6 tid 105994
0 1 tid 105994
149 4 tid 105994
365 2 tid 105994
492 5 tid 105994
619 6 tid 105994
235 tid 105994
Insert  tid 105994
FindTargetPageId rootid 3 tid 105996
target_page_id id: 6 tid 105996
0 1 tid 105996
149 4 tid 105996
365 2 tid 105996
492 5 tid 105996
619 6 tid 105996
236 tid 105996
Insert  tid 105996
FindTargetPageId rootid 3 tid 105996
target_page_id id: 6 tid 105996
0 1 tid 105996
149 4 tid 105996
365 2 tid 105996
492 5 tid 105996
619 6 tid 105996
237 tid 105996
Insert  tid 105996
FindTargetPageId rootid 3 tid 105996
target_page_id id: 6 tid 105996
0 1 tid 105996
149 4 tid 105996
365 2 tid 105996
492 5 tid 105996
619 6 tid 105996
238 tid 105996
Insert  tid 105996
FindTargetPageId rootid 3 tid 105996
target_page_id id: 6 tid 105996
0 1 tid 105996
149 4 tid 105996
365 2 tid 105996
492 5 tid 105996
619 6 tid 105996
239 tid 105996
Insert  tid 105996
FindTargetPageId rootid 3 tid 105995
target_page_id id: 6 tid 105995
0 1 tid 105995
149 4 tid 105995
365 2 tid 105995
492 5 tid 105995
619 6 tid 105995
240 tid 105995
Remove  tid 105995
FindTargetPageId rootid 3 tid 105995
target_page_id id: 6 tid 105995
0 1 tid 105995
149 4 tid 105995
365 2 tid 105995
492 5 tid 105995
619 6 tid 105995
239 tid 105995
Remove  tid 105995
FindTargetPageId rootid 3 tid 105995
target_page_id id: 6 tid 105995
0 1 tid 105995
149 4 tid 105995
365 2 tid 105995
492 5 tid 105995
619 6 tid 105995
238 tid 105995
Remove  tid 105995
FindTargetPageId rootid 3 tid 105995
target_page_id id: 6 tid 105995
0 1 tid 105995
149 4 tid 105995
365 2 tid 105995
492 5 tid 105995
619 6 tid 105995
237 tid 105995
Remove  tid 105995
FindTargetPageId rootid 3 tid 105995
target_page_id id: 6 tid 105995
0 1 tid 105995
149 4 tid 105995
365 2 tid 105995
492 5 tid 105995
619 6 tid 105995
236 tid 105995
Remove  tid 105995
FindTargetPageId rootid 3 tid 105995
target_page_id id: 6 tid 105995
0 1 tid 105995
149 4 tid 105995
365 2 tid 105995
492 5 tid 105995
619 6 tid 105995
235 tid 105995
Remove  tid 105995
FindTargetPageId rootid 3 tid 105995
target_page_id id: 6 tid 105995
0 1 tid 105995
149 4 tid 105995
365 2 tid 105995
492 5 tid 105995
619 6 tid 105995
234 tid 105995
Remove  tid 105995
FindTargetPageId rootid 3 tid 105994
target_page_id id: 6 tid 105994
0 1 tid 105994
149 4 tid 105994
365 2 tid 105994
492 5 tid 105994
619 6 tid 105994
233 tid 105994
Insert  tid 105994
FindTargetPageId rootid 3 tid 105996
target_page_id id: 6 tid 105996
0 1 tid 105996
149 4 tid 105996
365 2 tid 105996
492 5 tid 105996
619 6 tid 105996
234 tid 105996
Insert  tid 105996
FindTargetPageId rootid 3 tid 105996
target_page_id id: 6 tid 105996
0 1 tid 105996
149 4 tid 105996
365 2 tid 105996
492 5 tid 105996
619 6 tid 105996
235 tid 105996
Insert  tid 105996
FindTargetPageId rootid 3 tid 105994
target_page_id id: 6 tid 105994
0 1 tid 105994
149 4 tid 105994
365 2 tid 105994
492 5 tid 105994
619 6 tid 105994
236 tid 105994
Insert  tid 105994
FindTargetPageId rootid 3 tid 105994
target_page_id id: 6 tid 105994
0 1 tid 105994
149 4 tid 105994
365 2 tid 105994
492 5 tid 105994
619 6 tid 105994
237 tid 105994
Insert  tid 105994
FindTargetPageId rootid 3 tid 105996
target_page_id id: 6 tid 105996
0 1 tid 105996
149 4 tid 105996
365 2 tid 105996
492 5 tid 105996
619 6 tid 105996
238 tid 105996
Insert  tid 105996
FindTargetPageId rootid 3 tid 105996
target_page_id id: 6 tid 105996
0 1 tid 105996
149 4 tid 105996
365 2 tid 105996
492 5 tid 105996
619 6 tid 105996
239 tid 105996
Insert  tid 105996
FindTargetPageId rootid 3 tid 105995
target_page_id id: 6 tid 105995
0 1 tid 105995
149 4 tid 105995
365 2 tid 105995
492 5 tid 105995
619 6 tid 105995
240 tid 105995
Remove  tid 105995
FindTargetPageId rootid 3 tid 105995
target_page_id id: 6 tid 105995
0 1 tid 105995
149 4 tid 105995
365 2 tid 105995
492 5 tid 105995
619 6 tid 105995
239 tid 105995
Remove  tid 105995
FindTargetPageId rootid 3 tid 105995
target_page_id id: 6 tid 105995
0 1 tid 105995
149 4 tid 105995
365 2 tid 105995
492 5 tid 105995
619 6 tid 105995
238 tid 105995
Remove  tid 105995
FindTargetPageId rootid 3 tid 105995
target_page_id id: 6 tid 105995
0 1 tid 105995
149 4 tid 105995
365 2 tid 105995
492 5 tid 105995
619 6 tid 105995
237 tid 105995
Remove  tid 105995
FindTargetPageId rootid 3 tid 105995
target_page_id id: 6 tid 105995
0 1 tid 105995
149 4 tid 105995
365 2 tid 105995
492 5 tid 105995
619 6 tid 105995
236 tid 105995
Remove  tid 105995
FindTargetPageId rootid 3 tid 105995
target_page_id id: 6 tid 105995
0 1 tid 105995
149 4 tid 105995
365 2 tid 105995
492 5 tid 105995
619 6 tid 105995
235 tid 105995
Remove  tid 105995
FindTargetPageId rootid 3 tid 105995
target_page_id id: 6 tid 105995
0 1 tid 105995
149 4 tid 105995
365 2 tid 105995
492 5 tid 105995
619 6 tid 105995
234 tid 105995
FindTargetPageId rootid 3 tid 105994
target_page_id id: 6 tid 105994
0 1 tid 105994
149 4 tid 105994
365 2 tid 105994
492 5 tid 105994
619 6 tid 105994
233 tid 105994
Remove  tid Insert 105995 tid 
105994
FindTargetPageId rootid 3 tid 105996
target_page_id id: 6 tid 105996
0 1 tid 105996
149 4 tid 105996
365 2 tid 105996
492 5 tid 105996
619 6 tid 105996
234 tid 105996
Insert  tid 105996
FindTargetPageId rootid 3 tid 105996
target_page_id id: 6 tid 105996
0 1 tid 105996
149 4 tid 105996
365 2 tid 105996
492 5 tid 105996
619 6 tid 105996
235 tid 105996
Insert  tid 105996
FindTargetPageId rootid 3 tid 105996
target_page_id id: 6 tid 105996
0 1 tid 105996
149 4 tid 105996
365 2 tid 105996
492 5 tid 105996
619 6 tid 105996
236 tid 105996
Insert  tid 105996
FindTargetPageId rootid 3 tid 105996
target_page_id id: 6 tid 105996
0 1 tid 105996
149 4 tid 105996
365 2 tid 105996
492 5 tid 105996
619 6 tid 105996
237 tid 105996
Insert  tid 105996
FindTargetPageId rootid 3 tid 105996
target_page_id id: 6 tid 105996
0 1 tid 105996
149 4 tid 105996
365 2 tid 105996
492 5 tid 105996
619 6 tid 105996
238 tid 105996
Insert  tid 105996
FindTargetPageId rootid 3 tid 105994
target_page_id id: 6 tid 105994
0 1 tid 105994
149 4 tid 105994
365 2 tid 105994
492 5 tid 105994
619 6 tid 105994
239 tid 105994
Insert  tid 105994
FindTargetPageId rootid 3 tid 105994
target_page_id id: 6 tid 105994
0 1 tid 105994
149 4 tid 105994
365 2 tid 105994
492 5 tid 105994
619 6 tid 105994
240 tid 105994
Insert  tid 105994
FindTargetPageId rootid 3 tid 105994
target_page_id id: 6 tid 105994
0 1 tid 105994
149 4 tid 105994
365 2 tid 105994
492 5 tid 105994
619 6 tid 105994
241 tid 105994
Insert  tid 105994
FindTargetPageId rootid 3 tid 105994
target_page_id id: 6 tid 105994
0 1 tid 105994
149 4 tid 105994
365 2 tid 105994
492 5 tid 105994
619 6 tid 105994
242 tid 105994
Insert  tid 105994
FindTargetPageId rootid 3 tid 105994
target_page_id id: 6 tid 105994
0 1 tid 105994
149 4 tid 105994
365 2 tid 105994
492 5 tid 105994
619 6 tid 105994
243 tid 105994
Insert  tid 105994
FindTargetPageId rootid 3 tid 105994
target_page_id id: 6 tid 105994
0 1 tid 105994
149 4 tid 105994
365 2 tid 105994
492 5 tid 105994
619 6 tid 105994
244 tid 105994
Insert  tid 105994
FindTargetPageId rootid 3 tid 105995
target_page_id id: 6 tid 105995
0 1 tid 105995
149 4 tid 105995
365 2 tid 105995
492 5 tid 105995
619 6 tid 105995
245 tid 105995
Remove  tid 105995
FindTargetPageId rootid 3 tid 105995
target_page_id id: 6 tid 105995
0 1 tid 105995
149 4 tid 105995
365 2 tid 105995
492 5 tid 105995
619 6 tid 105995
244 tid 105995
Remove  tid 105995
FindTargetPageId rootid 3 tid 105995
target_page_id id: 6 tid 105995
0 1 tid 105995
149 4 tid 105995
365 2 tid 105995
492 5 tid 105995
619 6 tid 105995
243 tid 105995
Remove  tid 105995
FindTargetPageId rootid 3 tid 105994
target_page_id id: 6 tid 105994
0 1 tid 105994
149 4 tid 105994
365 2 tid 105994
492 5 tid 105994
619 6 tid 105994
242 tid 105994
Insert  tid 105994
FindTargetPageId rootid 3 tid 105996
target_page_id id: 6 tid 105996
0 1 tid 105996
149 4 tid 105996
365 2 tid 105996
492 5 tid 105996
619 6 tid 105996
243 tid 105996
Insert  tid 105996
FindTargetPageId rootid 3 tid 105995
target_page_id id: 6 tid 105995
0 1 tid 105995
149 4 tid 105995
365 2 tid 105995
492 5 tid 105995
619 6 tid 105995
244 tid 105995
Remove  tid 105995
FindTargetPageId rootid 3 tid 105995
target_page_id id: 6 tid 105995
0 1 tid 105995
149 4 tid 105995
365 2 tid 105995
492 5 tid 105995
619 6 tid 105995
243 tid 105995
Remove  tid 105995
FindTargetPageId rootid 3 tid 105995
target_page_id id: 6 tid 105995
0 1 tid 105995
149 4 tid 105995
365 2 tid 105995
492 5 tid 105995
619 6 tid 105995
242 tid 105995
Remove  tid 105995
FindTargetPageId rootid 3 tid 105995
target_page_id id: 6 tid 105995
0 1 tid 105995
149 4 tid 105995
365 2 tid 105995
492 5 tid 105995
619 6 tid 105995
241 tid 105995
Remove  tid 105995
FindTargetPageId rootid 3 tid 105995
target_page_id id: 6 tid 105995
0 1 tid 105995
149 4 tid 105995
365 2 tid 105995
492 5 tid 105995
619 6 tid 105995
240 tid 105995
Remove  tid 105995
FindTargetPageId rootid 3 tid 105995
target_page_id id: 6 tid 105995
0 1 tid 105995
149 4 tid 105995
365 2 tid 105995
492 5 tid 105995
619 6 tid 105995
239 tid 105995
Remove  tid 105995
FindTargetPageId rootid 3 tid 105995
target_page_id id: 6 tid 105995
0 1 tid 105995
149 4 tid 105995
365 2 tid 105995
492 5 tid 105995
619 6 tid 105995
238 tid 105995
Remove  tid 105995
FindTargetPageId rootid 3 tid 105995
target_page_id id: 6 tid 105995
0 1 tid 105995
149 4 tid 105995
365 2 tid 105995
492 5 tid 105995
619 6 tid 105995
237 tid 105995
Remove  tid 105995
FindTargetPageId rootid 3 tid 105995
target_page_id id: 6 tid 105995
0 1 tid 105995
149 4 tid 105995
365 2 tid 105995
492 5 tid 105995
619 6 tid 105995
236 tid 105995
Remove  tid 105995
FindTargetPageId rootid 3 tid 105995
target_page_id id: 6 tid 105995
0 1 tid 105995
149 4 tid 105995
365 2 tid 105995
492 5 tid 105995
619 6 tid 105995
235 tid 105995
Remove  tid 105995
FindTargetPageId rootid 3 tid 105996
target_page_id id: 6 tid 105996
0 1 tid 105996
149 4 tid 105996
365 2 tid 105996
492 5 tid 105996
619 6 tid 105996
234 tid 105996
Insert  tid 105996
FindTargetPageId rootid 3 tid 105996
target_page_id id: 6 tid 105996
0 1 tid 105996
149 4 tid 105996
365 2 tid 105996
492 5 tid 105996
619 6 tid 105996
235 tid 105996
Insert  tid 105996
FindTargetPageId rootid 3 tid 105995
target_page_id id: 6 tid 105995
0 1 tid 105995
149 4 tid 105995
365 2 tid 105995
492 5 tid 105995
619 6 tid 105995
236 tid 105995
Remove  tid 105995
FindTargetPageId rootid 3 tid 105994
target_page_id id: 6 tid 105994
0 1 tid 105994
149 4 tid 105994
365 2 tid 105994
492 5 tid 105994
619 6 tid 105994
235 tid 105994
Insert  tid 105994
FindTargetPageId rootid 3 tid 105994
target_page_id id: 6 tid 105994
0 1 tid 105994
149 4 tid 105994
365 2 tid 105994
492 5 tid 105994
619 6 tid 105994
236 tid 105994
Insert  tid 105994
FindTargetPageId rootid 3 tid 105995
target_page_id id: 6 tid 105995
0 1 tid 105995
149 4 tid 105995
365 2 tid 105995
492 5 tid 105995
619 6 tid 105995
237 tid 105995
Remove  tid 105995
FindTargetPageId rootid 3 tid 105995
target_page_id id: 6 tid 105995
0 1 tid 105995
149 4 tid 105995
365 2 tid 105995
492 5 tid 105995
619 6 tid 105995
236 tid 105995
Remove  tid 105995
FindTargetPageId rootid 3 tid 105994
target_page_id id: 6 tid 105994
0 1 tid 105994
149 4 tid 105994
365 2 tid 105994
492 5 tid 105994
619 6 tid 105994
235 tid 105994
Insert  tid 105994
FindTargetPageId rootid 3 tid 105996
target_page_id id: 6 tid 105996
0 1 tid 105996
149 4 tid 105996
365 2 tid 105996
492 5 tid 105996
619 6 tid 105996
236 tid 105996
Insert  tid 105996
FindTargetPageId rootid 3 tid 105995
target_page_id id: 6 tid 105995
0 1 tid 105995
149 4 tid 105995
365 2 tid 105995
492 5 tid 105995
619 6 tid 105995
237 tid 105995
Remove  tid 105995
FindTargetPageId rootid 3 tid 105995
target_page_id id: 6 tid 105995
0 1 tid 105995
149 4 tid 105995
365 2 tid 105995
492 5 tid 105995
619 6 tid 105995
236 tid 105995
Remove  tid 105995
FindTargetPageId rootid 3 tid 105995
target_page_id id: 6 tid 105995
0 1 tid 105995
149 4 tid 105995
365 2 tid 105995
492 5 tid 105995
619 6 tid 105995
235 tid 105995
Remove  tid 105995
FindTargetPageId rootid 3 tid 105995
target_page_id id: 6 tid 105995
0 1 tid 105995
149 4 tid 105995
365 2 tid 105995
492 5 tid 105995
619 6 tid 105995
234 tid 105995
Remove  tid 105995
FindTargetPageId rootid 3 tid 105995
target_page_id id: 6 tid 105995
0 1 tid 105995
149 4 tid 105995
365 2 tid 105995
492 5 tid 105995
619 6 tid 105995
233 tid 105995
Remove  tid 105995
FindTargetPageId rootid 3 tid 105995
target_page_id id: 6 tid 105995
0 1 tid 105995
149 4 tid 105995
365 2 tid 105995
492 5 tid 105995
619 6 tid 105995
232 tid 105995
Remove  tid 105995
FindTargetPageId rootid 3 tid 105995
target_page_id id: 6 tid 105995
0 1 tid 105995
149 4 tid 105995
365 2 tid 105995
492 5 tid 105995
619 6 tid 105995
231 tid 105995
Remove  tid 105995
FindTargetPageId rootid 3 tid 105996
target_page_id id: 6 tid 105996
0 1 tid 105996
149 4 tid 105996
365 2 tid 105996
492 5 tid 105996
619 6 tid 105996
230 tid 105996
Insert  tid 105996
FindTargetPageId rootid 3 tid 105996
target_page_id id: 6 tid 105996
0 1 tid 105996
149 4 tid 105996
365 2 tid 105996
492 5 tid 105996
619 6 tid 105996
231 tid 105996
Insert  tid 105996
FindTargetPageId rootid 3 tid 105995
target_page_id id: 6 tid 105995
0 1 tid 105995
149 4 tid 105995
365 2 tid 105995
492 5 tid 105995
619 6 tid 105995
232 tid 105995
Remove  tid 105995
FindTargetPageId rootid 3 tid 105995
target_page_id id: 6 tid 105995
0 1 tid 105995
149 4 tid 105995
365 2 tid 105995
492 5 tid 105995
619 6 tid 105995
231 tid 105995
Remove  tid 105995
FindTargetPageId rootid 3 tid 105995
target_page_id id: 6 tid 105995
0 1 tid 105995
149 4 tid 105995
365 2 tid 105995
492 5 tid 105995
619 6 tid 105995
230 tid 105995
Remove  tid 105995
FindTargetPageId rootid 3 tid 105995
target_page_id id: 6 tid 105995
0 1 tid 105995
149 4 tid 105995
365 2 tid 105995
492 5 tid 105995
619 6 tid 105995
229 tid 105995
Remove  tid 105995
FindTargetPageId rootid 3 tid 105995
target_page_id id: 6 tid 105995
0 1 tid 105995
149 4 tid 105995
365 2 tid 105995
492 5 tid 105995
619 6 tid 105995
228 tid 105995
Remove  tid 105995
FindTargetPageId rootid 3 tid 105995
target_page_id id: 6 tid 105995
0 1 tid 105995
149 4 tid 105995
365 2 tid 105995
492 5 tid 105995
619 6 tid 105995
227 tid 105995
Remove  tid 105995
FindTargetPageId rootid 3 tid 105995
target_page_id id: 6 tid 105995
0 1 tid 105995
149 4 tid 105995
365 2 tid 105995
492 5 tid 105995
619 6 tid 105995
226 tid 105995
Remove  tid 105995
FindTargetPageId rootid 3 tid 105995
target_page_id id: 6 tid 105995
0 1 tid 105995
149 4 tid 105995
365 2 tid 105995
492 5 tid 105995
619 6 tid 105995
225 tid 105995
Remove  tid 105995
FindTargetPageId rootid 3 tid 105995
target_page_id id: 6 tid 105995
0 1 tid 105995
149 4 tid 105995
365 2 tid 105995
492 5 tid 105995
619 6 tid 105995
224 tid 105995
Remove  tid 105995
FindTargetPageId rootid 3 tid 105995
target_page_id id: 6 tid 105995
0 1 tid 105995
149 4 tid 105995
365 2 tid 105995
492 5 tid 105995
619 6 tid 105995
223 tid 105995
Remove  tid 105995
FindTargetPageId rootid 3 tid 105995
target_page_id id: 6 tid 105995
0 1 tid 105995
149 4 tid 105995
365 2 tid 105995
492 5 tid 105995
619 6 tid 105995
222 tid 105995
Remove  tid 105995
FindTargetPageId rootid 3 tid 105995
target_page_id id: 6 tid 105995
0 1 tid 105995
149 4 tid 105995
365 2 tid 105995
492 5 tid 105995
619 6 tid 105995
221 tid 105995
Remove  tid 105995
FindTargetPageId rootid 3 tid 105995
target_page_id id: 6 tid 105995
0 1 tid 105995
149 4 tid 105995
365 2 tid 105995
492 5 tid 105995
619 6 tid 105995
220 tid 105995
Remove  tid 105995
FindTargetPageId rootid 3 tid 105995
target_page_id id: 6 tid 105995
0 1 tid 105995
149 4 tid 105995
365 2 tid 105995
492 5 tid 105995
619 6 tid 105995
219 tid 105995
Remove  tid 105995
FindTargetPageId rootid 3 tid 105995
target_page_id id: 6 tid 105995
0 1 tid 105995
149 4 tid 105995
365 2 tid 105995
492 5 tid 105995
619 6 tid 105995
218 tid 105995
Remove  tid 105995
FindTargetPageId rootid 3 tid 105995
target_page_id id: 6 tid 105995
0 1 tid 105995
149 4 tid 105995
365 2 tid 105995
492 5 tid 105995
619 6 tid 105995
217 tid 105995
Remove  tid 105995
FindTargetPageId rootid 3 tid 105994
target_page_id id: 6 tid 105994
0 1 tid 105994
149 4 tid 105994
365 2 tid 105994
492 5 tid 105994
619 6 tid 105994
216 tid 105994
Insert  tid 105994
FindTargetPageId rootid 3 tid 105996
target_page_id id: 6 tid 105996
0 1 tid 105996
149 4 tid 105996
365 2 tid 105996
492 5 tid 105996
619 6 tid 105996
217 tid 105996
Insert  tid 105996
FindTargetPageId rootid 3 tid 105996
target_page_id id: 6 tid 105996
0 1 tid 105996
149 4 tid 105996
365 2 tid 105996
492 5 tid 105996
619 6 tid 105996
218 tid 105996
Insert  tid 105996
FindTargetPageId rootid 3 tid 105996
target_page_id id: 6 tid 105996
0 1 tid 105996
149 4 tid 105996
365 2 tid 105996
492 5 tid 105996
619 6 tid 105996
219 tid 105996
Insert  tid 105996
FindTargetPageId rootid 3 tid 105995
target_page_id id: 6 tid 105995
0 1 tid 105995
149 4 tid 105995
365 2 tid 105995
492 5 tid 105995
619 6 tid 105995
220 tid 105995
Remove  tid 105995
FindTargetPageId rootid 3 tid 105995
target_page_id id: 6 tid 105995
0 1 tid 105995
149 4 tid 105995
365 2 tid 105995
492 5 tid 105995
619 6 tid 105995
219 tid 105995
Remove  tid 105995
FindTargetPageId rootid 3 tid 105995
target_page_id id: 6 tid 105995
0 1 tid 105995
149 4 tid 105995
365 2 tid 105995
492 5 tid 105995
619 6 tid 105995
218 tid 105995
Remove  tid 105995
FindTargetPageId rootid 3 tid 105995
target_page_id id: 6 tid 105995
0 1 tid 105995
149 4 tid 105995
365 2 tid 105995
492 5 tid 105995
619 6 tid 105995
217 tid 105995
Remove  tid 105995
FindTargetPageId rootid 3 tid 105995
target_page_id id: 6 tid 105995
0 1 tid 105995
149 4 tid 105995
365 2 tid 105995
492 5 tid 105995
619 6 tid 105995
216 tid 105995
Remove  tid 105995
FindTargetPageId rootid 3 tid 105995
target_page_id id: 6 tid 105995
0 1 tid 105995
149 4 tid 105995
365 2 tid 105995
492 5 tid 105995
619 6 tid 105995
215 tid 105995
Remove  tid 105995
FindTargetPageId rootid 3 tid 105996
target_page_id id: 6 tid 105996
0 1 tid 105996
149 4 tid 105996
365 2 tid 105996
492 5 tid 105996
619 6 tid 105996
214 tid 105996
Insert  tid 105996
FindTargetPageId rootid 3 tid 105996
target_page_id id: 6 tid 105996
0 1 tid 105996
149 4 tid 105996
365 2 tid 105996
492 5 tid 105996
619 6 tid 105996
215 tid 105996
Insert  tid 105996
FindTargetPageId rootid 3 tid 105996
target_page_id id: 6 tid 105996
0 1 tid 105996
149 4 tid 105996
365 2 tid 105996
492 5 tid 105996
619 6 tid 105996
216 tid 105996
Insert  tid 105996
FindTargetPageId rootid 3 tid 105996
target_page_id id: 6 tid 105996
0 1 tid 105996
149 4 tid 105996
365 2 tid 105996
492 5 tid 105996
619 6 tid 105996
217 tid 105996
Insert  tid 105996
FindTargetPageId rootid 3 tid 105996
target_page_id id: 6 tid 105996
0 1 tid 105996
149 4 tid 105996
365 2 tid 105996
492 5 tid 105996
619 6 tid 105996
218 tid 105996
Insert  tid 105996
FindTargetPageId rootid 3 tid 105996
target_page_id id: 6 tid 105996
0 1 tid 105996
149 4 tid 105996
365 2 tid 105996
492 5 tid 105996
619 6 tid 105996
219 tid 105996
Insert  tid 105996
FindTargetPageId rootid 3 tid 105996
target_page_id id: 6 tid 105996
0 1 tid 105996
149 4 tid 105996
365 2 tid 105996
492 5 tid 105996
619 6 tid 105996
220 tid 105996
Insert  tid 105996
FindTargetPageId rootid 3 tid 105996
target_page_id id: 6 tid 105996
0 1 tid 105996
149 4 tid 105996
365 2 tid 105996
492 5 tid 105996
619 6 tid 105996
221 tid 105996
Insert  tid 105996
FindTargetPageId rootid 3 tid 105996
target_page_id id: 6 tid 105996
0 1 tid 105996
149 4 tid 105996
365 2 tid 105996
492 5 tid 105996
619 6 tid 105996
222 tid 105996
Insert  tid 105996
FindTargetPageId rootid 3 tid 105996
target_page_id id: 6 tid 105996
0 1 tid 105996
149 4 tid 105996
365 2 tid 105996
492 5 tid 105996
619 6 tid 105996
223 tid 105996
Insert  tid 105996
FindTargetPageId rootid 3 tid 105996
target_page_id id: 6 tid 105996
0 1 tid 105996
149 4 tid 105996
365 2 tid 105996
492 5 tid 105996
619 6 tid 105996
224 tid 105996
Insert  tid 105996
FindTargetPageId rootid 3 tid 105996
target_page_id id: 6 tid 105996
0 1 tid 105996
149 4 tid 105996
365 2 tid 105996
492 5 tid 105996
619 6 tid 105996
225 tid 105996
Insert  tid 105996
FindTargetPageId rootid 3 tid 105996
target_page_id id: 6 tid 105996
0 1 tid 105996
149 4 tid 105996
365 2 tid 105996
492 5 tid 105996
619 6 tid 105996
226 tid 105996
Insert  tid 105996
FindTargetPageId rootid 3 tid 105996
target_page_id id: 6 tid 105996
0 1 tid 105996
149 4 tid 105996
365 2 tid 105996
492 5 tid 105996
619 6 tid 105996
227 tid 105996
Insert  tid 105996
FindTargetPageId rootid 3 tid 105996
target_page_id id: 6 tid 105996
0 1 tid 105996
149 4 tid 105996
365 2 tid 105996
492 5 tid 105996
619 6 tid 105996
228 tid 105996
Insert  tid 105996
FindTargetPageId rootid 3 tid 105996
target_page_id id: 6 tid 105996
0 1 tid 105996
149 4 tid 105996
365 2 tid 105996
492 5 tid 105996
619 6 tid 105996
229 tid 105996
Insert  tid 105996
FindTargetPageId rootid 3 tid 105996
target_page_id id: 6 tid 105996
0 1 tid 105996
149 4 tid 105996
365 2 tid 105996
492 5 tid 105996
619 6 tid 105996
230 tid 105996
Insert  tid 105996
FindTargetPageId rootid 3 tid 105995
target_page_id id: 6 tid 105995
0 1 tid 105995
149 4 tid 105995
365 2 tid 105995
492 5 tid 105995
619 6 tid 105995
231 tid 105995
Remove  tid 105995
FindTargetPageId rootid 3 tid 105995
target_page_id id: 6 tid 105995
0 1 tid 105995
149 4 tid 105995
365 2 tid 105995
492 5 tid 105995
619 6 tid 105995
230 tid 105995
Remove  tid 105995
FindTargetPageId rootid 3 tid 105994
target_page_id id: 6 tid 105994
0 1 tid 105994
149 4 tid 105994
365 2 tid 105994
492 5 tid 105994
619 6 tid 105994
229 tid 105994
Insert  tid 105994
FindTargetPageId rootid 3 tid 105994
target_page_id id: 6 tid 105994
0 1 tid 105994
149 4 tid 105994
365 2 tid 105994
492 5 tid 105994
619 6 tid 105994
230 tid 105994
Insert  tid 105994
FindTargetPageId rootid 3 tid 105995
target_page_id id: 6 tid 105995
0 1 tid 105995
149 4 tid 105995
365 2 tid 105995
492 5 tid 105995
619 6 tid 105995
231 tid 105995
Remove  tid 105995
FindTargetPageId rootid 3 tid 105996
target_page_id id: 6 tid 105996
0 1 tid 105996
149 4 tid 105996
365 2 tid 105996
492 5 tid 105996
619 6 tid 105996
230 tid 105996
FindTargetPageId rootid 3 tid 105994
target_page_id id: 6 tid 105994
0 1 tid 105994
149 4 tid 105994
365 2 tid 105994
492 5 tid 105994
619 6 tid 105994
Insert 231 tid 105994
 tid 105996
FindTargetPageId rootid 3 tid 105995
target_page_id id: 6 tid 105995
0 1 tid 105995
149 4 tid 105995
365 2 tid 105995
492 5 tid 105995
619 6 tid 105995
Insert  tid 105994
232 tid 105995
Remove  tid 105995
FindTargetPageId rootid 3 tid 105996
target_page_id id: 6 tid 105996
0 1 tid 105996
149 4 tid 105996
365 2 tid 105996
492 5 tid 105996
619 6 tid 105996
231 tid 105996
Insert  tid 105996
FindTargetPageId rootid 3 tid 105994
target_page_id id: 6 tid 105994
0 1 tid 105994
149 4 tid 105994
365 2 tid 105994
492 5 tid 105994
619 6 tid 105994
232 tid 105994
Insert  tid 105994
FindTargetPageId rootid 3 tid 105995
target_page_id id: 6 tid 105995
0 1 tid 105995
149 4 tid 105995
365 2 tid 105995
492 5 tid 105995
619 6 tid 105995
233 tid 105995
Remove  tid 105995
FindTargetPageId rootid 3 tid 105996
target_page_id id: 6 tid 105996
0 1 tid 105996
149 4 tid 105996
365 2 tid 105996
492 5 tid 105996
619 6 tid 105996
232 tid 105996
Insert  tid 105996
FindTargetPageId rootid 3 tid 105994
target_page_id id: 6 tid 105994
0 1 tid 105994
149 4 tid 105994
365 2 tid 105994
492 5 tid 105994
619 6 tid 105994
233 tid 105994
Insert  tid 105994
FindTargetPageId rootid 3 tid 105995
target_page_id id: 6 tid 105995
0 1 tid 105995
149 4 tid 105995
365 2 tid 105995
492 5 tid 105995
619 6 tid 105995
234 tid 105995
Remove  tid 105995
FindTargetPageId rootid 3 tid 105996
target_page_id id: 6 tid 105996
0 1 tid 105996
149 4 tid 105996
365 2 tid 105996
492 5 tid 105996
619 6 tid 105996
233 tid 105996
Insert  tid 105996
FindTargetPageId rootid 3 tid 105994
target_page_id id: 6 tid 105994
0 1 tid 105994
149 4 tid 105994
365 2 tid 105994
492 5 tid 105994
619 6 tid 105994
234 tid 105994
Insert  tid 105994
FindTargetPageId rootid 3 tid 105995
target_page_id id: 6 tid 105995
0 1 tid 105995
149 4 tid 105995
365 2 tid 105995
492 5 tid 105995
619 6 tid 105995
235 tid 105995
Remove  tid 105995
FindTargetPageId rootid 3 tid 105996
target_page_id id: 6 tid 105996
0 1 tid 105996
149 4 tid 105996
365 2 tid 105996
492 5 tid 105996
619 6 tid 105996
234 tid 105996
Insert  tid 105996
FindTargetPageId rootid 3 tid 105994
target_page_id id: 6 tid 105994
0 1 tid 105994
149 4 tid 105994
365 2 tid 105994
492 5 tid 105994
619 6 tid 105994
235 tid 105994
Insert  tid 105994
FindTargetPageId rootid 3 tid 105995
target_page_id id: 6 tid 105995
0 1 tid 105995
149 4 tid 105995
365 2 tid 105995
492 5 tid 105995
619 6 tid 105995
236 tid 105995
Remove  tid 105995
FindTargetPageId rootid 3 tid 105996
target_page_id id: 6 tid 105996
0 1 tid 105996
149 4 tid 105996
365 2 tid 105996
492 5 tid 105996
619 6 tid 105996
235 tid 105996
FindTargetPageId rootid 3 tid 105994
target_page_id id: 6 tid 105994
0 1 tid 105994
149 4 tid 105994
365 2 tid 105994
492 5 tid 105994
619 6 tid 105994
236 tid 105994
Insert  tid 105996
Insert  tid 105994
FindTargetPageId rootid 3 tid 105995
target_page_id id: 6 tid 105995
0 1 tid 105995
149 4 tid 105995
365 2 tid 105995
492 5 tid 105995
619 6 tid 105995
237 tid 105995
Remove  tid 105995
FindTargetPageId rootid 3 tid 105996
target_page_id id: 6 tid 105996
0 1 tid 105996
149 4 tid 105996
365 2 tid 105996
492 5 tid 105996
619 6 tid 105996
236 tid 105996
Insert  tid 105996
FindTargetPageId rootid 3 tid 105996
target_page_id id: 6 tid 105996
0 1 tid 105996
149 4 tid 105996
365 2 tid 105996
492 5 tid 105996
619 6 tid 105996
237 tid 105996
Insert  tid 105996
FindTargetPageId rootid 3 tid 105996
target_page_id id: 6 tid 105996
0 1 tid 105996
149 4 tid 105996
365 2 tid 105996
492 5 tid 105996
619 6 tid 105996
238 tid 105996
Insert  tid 105996
FindTargetPageId rootid 3 tid 105994
target_page_id id: 6 tid 105994
0 1 tid 105994
149 4 tid 105994
365 2 tid 105994
492 5 tid 105994
619 6 tid 105994
239 tid 105994
Insert  tid 105994
FindTargetPageId rootid 3 tid 105995
target_page_id id: 6 tid 105995
0 1 tid 105995
149 4 tid 105995
365 2 tid 105995
492 5 tid 105995
619 6 tid 105995
240 tid 105995
Remove  tid 105995
FindTargetPageId rootid 3 tid 105995
target_page_id id: 6 tid 105995
0 1 tid 105995
149 4 tid 105995
365 2 tid 105995
492 5 tid 105995
619 6 tid 105995
239 tid 105995
Remove  tid 105995
FindTargetPageId rootid 3 tid 105995
target_page_id id: 6 tid 105995
0 1 tid 105995
149 4 tid 105995
365 2 tid 105995
492 5 tid 105995
619 6 tid 105995
238 tid 105995
Remove  tid 105995
FindTargetPageId rootid 3 tid 105994
target_page_id id: 6 tid 105994
0 1 tid 105994
149 4 tid 105994
365 2 tid 105994
492 5 tid 105994
619 6 tid 105994
237 tid 105994
Insert  tid 105994
FindTargetPageId rootid 3 tid 105996
target_page_id id: 6 tid 105996
0 1 tid 105996
149 4 tid 105996
365 2 tid 105996
492 5 tid 105996
619 6 tid 105996
238 tid 105996
Insert  tid 105996
FindTargetPageId rootid 3 tid 105996
target_page_id id: 6 tid 105996
0 1 tid 105996
149 4 tid 105996
365 2 tid 105996
492 5 tid 105996
619 6 tid 105996
239 tid 105996
Insert  tid 105996
FindTargetPageId rootid 3 tid 105996
target_page_id id: 6 tid 105996
0 1 tid 105996
149 4 tid 105996
365 2 tid 105996
492 5 tid 105996
619 6 tid 105996
240 tid 105996
Insert  tid 105996
FindTargetPageId rootid 3 tid 105996
target_page_id id: 6 tid 105996
0 1 tid 105996
149 4 tid 105996
365 2 tid 105996
492 5 tid 105996
619 6 tid 105996
241 tid 105996
Insert  tid 105996
FindTargetPageId rootid 3 tid 105994
target_page_id id: 6 tid 105994
0 1 tid 105994
149 4 tid 105994
365 2 tid 105994
492 5 tid 105994
619 6 tid 105994
242 tid 105994
Insert  tid 105994
FindTargetPageId rootid 3 tid 105995
target_page_id id: 6 tid 105995
0 1 tid 105995
149 4 tid 105995
365 2 tid 105995
492 5 tid 105995
619 6 tid 105995
243 tid 105995
Remove  tid 105995
FindTargetPageId rootid 3 tid 105996
target_page_id id: 6 tid 105996
0 1 tid 105996
149 4 tid 105996
365 2 tid 105996
492 5 tid 105996
619 6 tid 105996
242 tid 105996
Insert  tid 105996
FindTargetPageId rootid 3 tid 105996
target_page_id id: 6 tid 105996
0 1 tid 105996
149 4 tid 105996
365 2 tid 105996
492 5 tid 105996
619 6 tid 105996
243 tid 105996
Insert  tid 105996
FindTargetPageId rootid 3 tid 105995
target_page_id id: 6 tid 105995
0 1 tid 105995
149 4 tid 105995
365 2 tid 105995
492 5 tid 105995
619 6 tid 105995
244 tid 105995
Remove  tid 105995
FindTargetPageId rootid 3 tid 105995
target_page_id id: 6 tid 105995
0 1 tid 105995
149 4 tid 105995
365 2 tid 105995
492 5 tid 105995
619 6 tid 105995
243 tid 105995
Remove  tid 105995
FindTargetPageId rootid 3 tid 105996
target_page_id id: 6 tid 105996
0 1 tid 105996
149 4 tid 105996
365 2 tid 105996
492 5 tid 105996
619 6 tid 105996
242 tid 105996
Insert  tid 105996
FindTargetPageId rootid 3 tid 105994
target_page_id id: 6 tid 105994
0 1 tid 105994
149 4 tid 105994
365 2 tid 105994
492 5 tid 105994
619 6 tid 105994
243 tid 105994
Insert  tid 105994
FindTargetPageId rootid 3 tid 105994
target_page_id id: 6 tid 105994
0 1 tid 105994
149 4 tid 105994
365 2 tid 105994
492 5 tid 105994
619 6 tid 105994
244 tid 105994
Insert  tid 105994
FindTargetPageId rootid 3 tid 105996
target_page_id id: 6 tid 105996
0 1 tid 105996
149 4 tid 105996
365 2 tid 105996
492 5 tid 105996
619 6 tid 105996
245 tid 105996
Insert  tid 105996
FindTargetPageId rootid 3 tid 105996
target_page_id id: 6 tid 105996
0 1 tid 105996
149 4 tid 105996
365 2 tid 105996
492 5 tid 105996
619 6 tid 105996
246 tid 105996
Insert  tid 105996
FindTargetPageId rootid 3 tid 105996
target_page_id id: 6 tid 105996
0 1 tid 105996
149 4 tid 105996
365 2 tid 105996
492 5 tid 105996
619 6 tid 105996
247 tid 105996
Insert  tid 105996
FindTargetPageId rootid 3 tid 105995
target_page_id id: 6 tid 105995
0 1 tid 105995
149 4 tid 105995
365 2 tid 105995
492 5 tid 105995
619 6 tid 105995
248 tid 105995
Remove  tid 105995
FindTargetPageId rootid 3 tid 105995
target_page_id id: 6 tid 105995
0 1 tid 105995
149 4 tid 105995
365 2 tid 105995
492 5 tid 105995
619 6 tid 105995
247 tid 105995
Remove  tid 105995
FindTargetPageId rootid 3 tid 105995
target_page_id id: 6 tid 105995
0 1 tid 105995
149 4 tid 105995
365 2 tid 105995
492 5 tid 105995
619 6 tid 105995
246 tid 105995
Remove  tid 105995
FindTargetPageId rootid 3 tid 105995
target_page_id id: 6 tid 105995
0 1 tid 105995
149 4 tid 105995
365 2 tid 105995
492 5 tid 105995
619 6 tid 105995
245 tid 105995
Remove  tid 105995
FindTargetPageId rootid 3 tid 105995
target_page_id id: 6 tid 105995
0 1 tid 105995
149 4 tid 105995
365 2 tid 105995
492 5 tid 105995
619 6 tid 105995
244 tid 105995
Remove  tid 105995
FindTargetPageId rootid 3 tid 105995
target_page_id id: 6 tid 105995
0 1 tid 105995
149 4 tid 105995
365 2 tid 105995
492 5 tid 105995
619 6 tid 105995
243 tid 105995
Remove  tid 105995
FindTargetPageId rootid 3 tid 105995
target_page_id id: 6 tid 105995
0 1 tid 105995
149 4 tid 105995
365 2 tid 105995
492 5 tid 105995
619 6 tid 105995
242 tid 105995
Remove  tid 105995
FindTargetPageId rootid 3 tid 105994
target_page_id id: 6 tid 105994
0 1 tid 105994
149 4 tid 105994
365 2 tid 105994
492 5 tid 105994
619 6 tid 105994
241 tid 105994
Insert  tid 105994
FindTargetPageId rootid 3 tid 105996
target_page_id id: 6 tid 105996
0 1 tid 105996
149 4 tid 105996
365 2 tid 105996
492 5 tid 105996
619 6 tid 105996
242 tid 105996
Insert  tid 105996
FindTargetPageId rootid 3 tid 105995
target_page_id id: 6 tid 105995
0 1 tid 105995
149 4 tid 105995
365 2 tid 105995
492 5 tid 105995
619 6 tid 105995
243 tid 105995
Remove  tid 105995
FindTargetPageId rootid 3 tid 105995
target_page_id id: 6 tid 105995
0 1 tid 105995
149 4 tid 105995
365 2 tid 105995
492 5 tid 105995
619 6 tid 105995
242 tid 105995
Remove  tid 105995
FindTargetPageId rootid 3 tid 105995
target_page_id id: 6 tid 105995
0 1 tid 105995
149 4 tid 105995
365 2 tid 105995
492 5 tid 105995
619 6 tid 105995
241 tid 105995
Remove  tid 105995
FindTargetPageId rootid 3 tid 105994
target_page_id id: 6 tid 105994
0 1 tid 105994
149 4 tid 105994
365 2 tid 105994
492 5 tid 105994
619 6 tid 105994
240 tid 105994
Insert  tid 105994
FindTargetPageId rootid 3 tid 105996
target_page_id id: 6 tid 105996
0 1 tid 105996
149 4 tid 105996
365 2 tid 105996
492 5 tid 105996
619 6 tid 105996
241 tid 105996
Insert  tid 105996
FindTargetPageId rootid 3 tid 105996
target_page_id id: 6 tid 105996
0 1 tid 105996
149 4 tid 105996
365 2 tid 105996
492 5 tid 105996
619 6 tid 105996
242 tid 105996
Insert  tid 105996
FindTargetPageId rootid 3 tid 105996
target_page_id id: 6 tid 105996
0 1 tid 105996
149 4 tid 105996
365 2 tid 105996
492 5 tid 105996
619 6 tid 105996
243 tid 105996
Insert  tid 105996
FindTargetPageId rootid 3 tid 105996
target_page_id id: 6 tid 105996
0 1 tid 105996
149 4 tid 105996
365 2 tid 105996
492 5 tid 105996
619 6 tid 105996
244 tid 105996
Insert  tid 105996
FindTargetPageId rootid 3 tid 105996
target_page_id id: 6 tid 105996
0 1 tid 105996
149 4 tid 105996
365 2 tid 105996
492 5 tid 105996
619 6 tid 105996
245 tid 105996
Insert  tid 105996
FindTargetPageId rootid 3 tid 105994
target_page_id id: 6 tid 105994
0 1 tid 105994
149 4 tid 105994
365 2 tid 105994
492 5 tid 105994
619 6 tid 105994
246 tid 105994
Insert  tid 105994
FindTargetPageId rootid 3 tid 105995
target_page_id id: 6 tid 105995
0 1 tid 105995
149 4 tid 105995
365 2 tid 105995
492 5 tid 105995
619 6 tid 105995
247 tid 105995
Remove  tid 105995
FindTargetPageId rootid 3 tid 105995
target_page_id id: 6 tid 105995
0 1 tid 105995
149 4 tid 105995
365 2 tid 105995
492 5 tid 105995
619 6 tid 105995
246 tid 105995
Remove  tid 105995
FindTargetPageId rootid 3 tid 105995
target_page_id id: 6 tid 105995
0 1 tid 105995
149 4 tid 105995
365 2 tid 105995
492 5 tid 105995
619 6 tid 105995
245 tid 105995
Remove  tid 105995
FindTargetPageId rootid 3 tid 105995
target_page_id id: 6 tid 105995
0 1 tid 105995
149 4 tid 105995
365 2 tid 105995
492 5 tid 105995
619 6 tid 105995
244 tid 105995
Remove  tid 105995
FindTargetPageId rootid 3 tid 105995
target_page_id id: 6 tid 105995
0 1 tid 105995
149 4 tid 105995
365 2 tid 105995
492 5 tid 105995
619 6 tid 105995
243 tid 105995
Remove  tid 105995
FindTargetPageId rootid 3 tid 105995
target_page_id id: 6 tid 105995
0 1 tid 105995
149 4 tid 105995
365 2 tid 105995
492 5 tid 105995
619 6 tid 105995
242 tid 105995
Remove  tid 105995
FindTargetPageId rootid 3 tid 105995
target_page_id id: 6 tid 105995
0 1 tid 105995
149 4 tid 105995
365 2 tid 105995
492 5 tid 105995
619 6 tid 105995
241 tid 105995
Remove  tid 105995
FindTargetPageId rootid 3 tid 105995
target_page_id id: 6 tid 105995
0 1 tid 105995
149 4 tid 105995
365 2 tid 105995
492 5 tid 105995
619 6 tid 105995
240 tid 105995
Remove  tid 105995
FindTargetPageId rootid 3 tid 105995
target_page_id id: 6 tid 105995
0 1 tid 105995
149 4 tid 105995
365 2 tid 105995
492 5 tid 105995
619 6 tid 105995
239 tid 105995
Remove  tid 105995
FindTargetPageId rootid 3 tid 105996
target_page_id id: 6 tid 105996
0 1 tid 105996
149 4 tid 105996
365 2 tid 105996
492 5 tid 105996
619 6 tid 105996
238 tid 105996
Insert  tid 105996
FindTargetPageId rootid 3 tid 105996
target_page_id id: 6 tid 105996
0 1 tid 105996
149 4 tid 105996
365 2 tid 105996
492 5 tid 105996
619 6 tid 105996
239 tid 105996
Insert  tid 105996
FindTargetPageId rootid 3 tid 105996
target_page_id id: 6 tid 105996
0 1 tid 105996
149 4 tid 105996
365 2 tid 105996
492 5 tid 105996
619 6 tid 105996
240 tid 105996
Insert  tid 105996
FindTargetPageId rootid 3 tid 105996
target_page_id id: 6 tid 105996
0 1 tid 105996
149 4 tid 105996
365 2 tid 105996
492 5 tid 105996
619 6 tid 105996
241 tid 105996
Insert  tid 105996
FindTargetPageId rootid 3 tid 105996
target_page_id id: 6 tid 105996
0 1 tid 105996
149 4 tid 105996
365 2 tid 105996
492 5 tid 105996
619 6 tid 105996
242 tid 105996
Insert  tid 105996
FindTargetPageId rootid 3 tid 105996
target_page_id id: 6 tid 105996
0 1 tid 105996
149 4 tid 105996
365 2 tid 105996
492 5 tid 105996
619 6 tid 105996
243 tid 105996
Insert  tid 105996
FindTargetPageId rootid 3 tid 105996
target_page_id id: 6 tid 105996
0 1 tid 105996
149 4 tid 105996
365 2 tid 105996
492 5 tid 105996
619 6 tid 105996
244 tid 105996
Insert  tid 105996
FindTargetPageId rootid 3 tid 105995
target_page_id id: 6 tid 105995
0 1 tid 105995
149 4 tid 105995
365 2 tid 105995
492 5 tid 105995
619 6 tid 105995
245 tid 105995
Remove  tid 105995
FindTargetPageId rootid 3 tid 105995
target_page_id id: 6 tid 105995
0 1 tid 105995
149 4 tid 105995
365 2 tid 105995
492 5 tid 105995
619 6 tid 105995
244 tid 105995
Remove  tid 105995
FindTargetPageId rootid 3 tid 105994
target_page_id id: 6 tid 105994
0 1 tid 105994
149 4 tid 105994
365 2 tid 105994
492 5 tid 105994
619 6 tid 105994
243 tid 105994
Insert  tid 105994
FindTargetPageId rootid 3 tid 105994
target_page_id id: 6 tid 105994
0 1 tid 105994
149 4 tid 105994
365 2 tid 105994
492 5 tid 105994
619 6 tid 105994
244 tid 105994
Insert  tid 105994
FindTargetPageId rootid 3 tid 105995
target_page_id id: 6 tid 105995
0 1 tid 105995
149 4 tid 105995
365 2 tid 105995
492 5 tid 105995
619 6 tid 105995
245 tid 105995
Remove  tid 105995
FindTargetPageId rootid 3 tid 105995
target_page_id id: 6 tid 105995
0 1 tid 105995
149 4 tid 105995
365 2 tid 105995
492 5 tid 105995
619 6 tid 105995
244 tid 105995
Remove  tid 105995
FindTargetPageId rootid 3 tid 105996
target_page_id id: 6 tid 105996
0 1 tid 105996
149 4 tid 105996
365 2 tid 105996
492 5 tid 105996
619 6 tid 105996
243 tid 105996
Insert  tid 105996
FindTargetPageId rootid 3 tid 105996
target_page_id id: 6 tid 105996
0 1 tid 105996
149 4 tid 105996
365 2 tid 105996
492 5 tid 105996
619 6 tid 105996
244 tid 105996
Insert  tid 105996
FindTargetPageId rootid 3 tid 105996
target_page_id id: 6 tid 105996
0 1 tid 105996
149 4 tid 105996
365 2 tid 105996
492 5 tid 105996
619 6 tid 105996
245 tid 105996
Insert  tid 105996
FindTargetPageId rootid 3 tid 105994
target_page_id id: 6 tid 105994
0 1 tid 105994
149 4 tid 105994
365 2 tid 105994
492 5 tid 105994
619 6 tid 105994
246 tid 105994
Insert  tid 105994
FindTargetPageId rootid 3 tid 105994
target_page_id id: 6 tid 105994
0 1 tid 105994
149 4 tid 105994
365 2 tid 105994
492 5 tid 105994
619 6 tid 105994
247 tid 105994
Insert  tid 105994
FindTargetPageId rootid 3 tid 105994
target_page_id id: 6 tid 105994
0 1 tid 105994
149 4 tid 105994
365 2 tid 105994
492 5 tid 105994
619 6 tid 105994
248 tid 105994
Insert  tid 105994
FindTargetPageId rootid 3 tid 105994
target_page_id id: 6 tid 105994
0 1 tid 105994
149 4 tid 105994
365 2 tid 105994
492 5 tid 105994
619 6 tid 105994
249 tid 105994
Insert  tid 105994
FindTargetPageId rootid 3 tid 105994
target_page_id id: 6 tid 105994
0 1 tid 105994
149 4 tid 105994
365 2 tid 105994
492 5 tid 105994
619 6 tid 105994
250 tid 105994
Insert  tid 105994
FindTargetPageId rootid 3 tid 105994
target_page_id id: 6 tid 105994
0 1 tid 105994
149 4 tid 105994
365 2 tid 105994
492 5 tid 105994
619 6 tid 105994
251 tid 105994
Insert  tid 105994
FindTargetPageId rootid 3 tid 105995
target_page_id id: 6 tid 105995
0 1 tid 105995
149 4 tid 105995
365 2 tid 105995
492 5 tid 105995
619 6 tid 105995
252 tid 105995
Remove  tid 105995
FindTargetPageId rootid 3 tid 105995
target_page_id id: 6 tid 105995
0 1 tid 105995
149 4 tid 105995
365 2 tid 105995
492 5 tid 105995
619 6 tid 105995
251 tid 105995
Remove  tid 105995
FindTargetPageId rootid 3 tid 105995
target_page_id id: 6 tid 105995
0 1 tid 105995
149 4 tid 105995
365 2 tid 105995
492 5 tid 105995
619 6 tid 105995
250 tid 105995
Remove  tid 105995
FindTargetPageId rootid 3 tid 105996
target_page_id id: 6 tid 105996
0 1 tid 105996
149 4 tid 105996
365 2 tid 105996
492 5 tid 105996
619 6 tid 105996
249 tid 105996
Insert  tid 105996
FindTargetPageId rootid 3 tid 105996
target_page_id id: 6 tid 105996
0 1 tid 105996
149 4 tid 105996
365 2 tid 105996
492 5 tid 105996
619 6 tid 105996
250 tid 105996
Insert  tid 105996
FindTargetPageId rootid 3 tid 105995
target_page_id id: 6 tid 105995
0 1 tid 105995
149 4 tid 105995
365 2 tid 105995
492 5 tid 105995
619 6 tid 105995
251 tid 105995
Remove  tid 105995
FindTargetPageId rootid 3 tid 105995
target_page_id id: 6 tid 105995
0 1 tid 105995
149 4 tid 105995
365 2 tid 105995
492 5 tid 105995
619 6 tid 105995
250 tid 105995
Remove  tid 105995
FindTargetPageId rootid 3 tid 105995
target_page_id id: 6 tid 105995
0 1 tid 105995
149 4 tid 105995
365 2 tid 105995
492 5 tid 105995
619 6 tid 105995
249 tid 105995
Remove  tid 105995
FindTargetPageId rootid 3 tid 105995
target_page_id id: 6 tid 105995
0 1 tid 105995
149 4 tid 105995
365 2 tid 105995
492 5 tid 105995
619 6 tid 105995
248 tid 105995
Remove  tid 105995
FindTargetPageId rootid 3 tid 105995
target_page_id id: 6 tid 105995
0 1 tid 105995
149 4 tid 105995
365 2 tid 105995
492 5 tid 105995
619 6 tid 105995
247 tid 105995
Remove  tid 105995
FindTargetPageId rootid 3 tid 105995
target_page_id id: 6 tid 105995
0 1 tid 105995
149 4 tid 105995
365 2 tid 105995
492 5 tid 105995
619 6 tid 105995
246 tid 105995
Remove  tid 105995
FindTargetPageId rootid 3 tid 105994
target_page_id id: 6 tid 105994
0 1 tid 105994
149 4 tid 105994
365 2 tid 105994
492 5 tid 105994
619 6 tid 105994
245 tid 105994
Insert  tid 105994
FindTargetPageId rootid 3 tid 105994
target_page_id id: 6 tid 105994
0 1 tid 105994
149 4 tid 105994
365 2 tid 105994
492 5 tid 105994
619 6 tid 105994
246 tid 105994
Insert  tid 105994
FindTargetPageId rootid 3 tid 105994
target_page_id id: 6 tid 105994
0 1 tid 105994
149 4 tid 105994
365 2 tid 105994
492 5 tid 105994
619 6 tid 105994
247 tid 105994
Insert  tid 105994
FindTargetPageId rootid 3 tid 105994
target_page_id id: 6 tid 105994
0 1 tid 105994
149 4 tid 105994
365 2 tid 105994
492 5 tid 105994
619 6 tid 105994
248 tid 105994
Insert  tid 105994
FindTargetPageId rootid 3 tid 105994
target_page_id id: 6 tid 105994
0 1 tid 105994
149 4 tid 105994
365 2 tid 105994
492 5 tid 105994
619 6 tid 105994
249 tid 105994
Insert  tid 105994
FindTargetPageId rootid 3 tid 105994
target_page_id id: 6 tid 105994
0 1 tid 105994
149 4 tid 105994
365 2 tid 105994
492 5 tid 105994
619 6 tid 105994
250 tid 105994
Insert  tid 105994
FindTargetPageId rootid 3 tid 105994
target_page_id id: 6 tid 105994
0 1 tid 105994
149 4 tid 105994
365 2 tid 105994
492 5 tid 105994
619 6 tid 105994
251 tid 105994
Insert  tid 105994
FindTargetPageId rootid 3 tid 105994
target_page_id id: 6 tid 105994
0 1 tid 105994
149 4 tid 105994
365 2 tid 105994
492 5 tid 105994
619 6 tid 105994
252 tid 105994
Insert  tid 105994
FindTargetPageId rootid 3 tid 105994
target_page_id id: 6 tid 105994
0 1 tid 105994
149 4 tid 105994
365 2 tid 105994
492 5 tid 105994
619 6 tid 105994
253 tid 105994
Insert  tid 105994
FindTargetPageId rootid 3 tid 105994
target_page_id id: 6 tid 105994
0 1 tid 105994
149 4 tid 105994
365 2 tid 105994
492 5 tid 105994
619 6 tid 105994
254 tid 105994
Insert  tid 105994
FindTargetPageId rootid 3 tid 105996
target_page_id id: 7 tid 105996
0 1 tid 105996
149 4 tid 105996
365 2 tid 105996
492 5 tid 105996
619 6 tid 105996
746 7 tid 105996
128 tid 105996
Insert  tid 105996
FindTargetPageId rootid 3 tid 105996
target_page_id id: 7 tid 105996
0 1 tid 105996
149 4 tid 105996
365 2 tid 105996
492 5 tid 105996
619 6 tid 105996
746 7 tid 105996
129 tid 105996
Insert  tid 105996
FindTargetPageId rootid 3 tid 105996
target_page_id id: 7 tid 105996
0 1 tid 105996
149 4 tid 105996
365 2 tid 105996
492 5 tid 105996
619 6 tid 105996
746 7 tid 105996
130 tid 105996
Insert  tid 105996
FindTargetPageId rootid 3 tid 105996
target_page_id id: 7 tid 105996
0 1 tid 105996
149 4 tid 105996
365 2 tid 105996
492 5 tid 105996
619 6 tid 105996
746 7 tid 105996
131 tid 105996
Insert  tid 105996
FindTargetPageId rootid 3 tid 105996
target_page_id id: 7 tid 105996
0 1 tid 105996
149 4 tid 105996
365 2 tid 105996
492 5 tid 105996
619 6 tid 105996
746 7 tid 105996
132 tid 105996
Insert  tid 105996
FindTargetPageId rootid 3 tid 105996
target_page_id id: 7 tid 105996
0 1 tid 105996
149 4 tid 105996
365 2 tid 105996
492 5 tid 105996
619 6 tid 105996
746 7 tid 105996
133 tid 105996
Insert  tid 105996
FindTargetPageId rootid 3 tid 105996
target_page_id id: 7 tid 105996
0 1 tid 105996
149 4 tid 105996
365 2 tid 105996
492 5 tid 105996
619 6 tid 105996
746 7 tid 105996
134 tid 105996
Insert  tid 105996
FindTargetPageId rootid 3 tid 105996
target_page_id id: 7 tid 105996
0 1 tid 105996
149 4 tid 105996
365 2 tid 105996
492 5 tid 105996
619 6 tid 105996
746 7 tid 105996
135 tid 105996
Insert  tid 105996
FindTargetPageId rootid 3 tid 105996
target_page_id id: 7 tid 105996
0 1 tid 105996
149 4 tid 105996
365 2 tid 105996
492 5 tid 105996
619 6 tid 105996
746 7 tid 105996
136 tid 105996
Insert  tid 105996
FindTargetPageId rootid 3 tid 105996
target_page_id id: 7 tid 105996
0 1 tid 105996
149 4 tid 105996
365 2 tid 105996
492 5 tid 105996
619 6 tid 105996
746 7 tid 105996
137 tid 105996
Insert  tid 105996
FindTargetPageId rootid 3 tid 105996
target_page_id id: 7 tid 105996
0 1 tid 105996
149 4 tid 105996
365 2 tid 105996
492 5 tid 105996
619 6 tid 105996
746 7 tid 105996
138 tid 105996
Insert  tid 105996
FindTargetPageId rootid 3 tid 105996
target_page_id id: 7 tid 105996
0 1 tid 105996
149 4 tid 105996
365 2 tid 105996
492 5 tid 105996
619 6 tid 105996
746 7 tid 105996
139 tid 105996
Insert  tid 105996
FindTargetPageId rootid 3 tid 105996
target_page_id id: 7 tid 105996
0 1 tid 105996
149 4 tid 105996
365 2 tid 105996
492 5 tid 105996
619 6 tid 105996
746 7 tid 105996
140 tid 105996
Insert  tid 105996
FindTargetPageId rootid 3 tid 105995
target_page_id id: 7 tid 105995
0 1 tid 105995
149 4 tid 105995
365 2 tid 105995
492 5 tid 105995
619 6 tid 105995
746 7 tid 105995
141 tid 105995
Remove  tid 105995
FindTargetPageId rootid 3 tid 105994
target_page_id id: 7 tid 105994
0 1 tid 105994
149 4 tid 105994
365 2 tid 105994
492 5 tid 105994
619 6 tid 105994
746 7 tid 105994
140 tid 105994
Insert  tid 105994
FindTargetPageId rootid 3 tid 105996
target_page_id id: 7 tid 105996
0 1 tid 105996
149 4 tid 105996
365 2 tid 105996
492 5 tid 105996
619 6 tid 105996
746 7 tid 105996
141 tid 105996
Insert  tid 105996
FindTargetPageId rootid 3 tid 105995
target_page_id id: 7 tid 105995
0 1 tid 105995
149 4 tid 105995
365 2 tid 105995
492 5 tid 105995
619 6 tid 105995
746 7 tid 105995
142 tid 105995
Remove  tid 105995
FindTargetPageId rootid 3 tid 105995
target_page_id id: 7 tid 105995
0 1 tid 105995
149 4 tid 105995
365 2 tid 105995
492 5 tid 105995
619 6 tid 105995
746 7 tid 105995
141 tid 105995
Remove  tid 105995
FindTargetPageId rootid 3 tid 105995
target_page_id id: 7 tid 105995
0 1 tid 105995
149 4 tid 105995
365 2 tid 105995
492 5 tid 105995
619 6 tid 105995
746 7 tid 105995
140 tid 105995
Remove  tid 105995
FindTargetPageId rootid 3 tid 105995
target_page_id id: 7 tid 105995
0 1 tid 105995
149 4 tid 105995
365 2 tid 105995
492 5 tid 105995
619 6 tid 105995
746 7 tid 105995
139 tid 105995
Remove  tid 105995
FindTargetPageId rootid 3 tid 105994
target_page_id id: 7 tid 105994
0 1 tid 105994
149 4 tid 105994
365 2 tid 105994
492 5 tid 105994
619 6 tid 105994
746 7 tid 105994
138 tid 105994
Insert  tid 105994
FindTargetPageId rootid 3 tid 105994
target_page_id id: 7 tid 105994
0 1 tid 105994
149 4 tid 105994
365 2 tid 105994
492 5 tid 105994
619 6 tid 105994
746 7 tid 105994
139 tid 105994
Insert  tid 105994
FindTargetPageId rootid 3 tid 105994
target_page_id id: 7 tid 105994
0 1 tid 105994
149 4 tid 105994
365 2 tid 105994
492 5 tid 105994
619 6 tid 105994
746 7 tid 105994
140 tid 105994
Insert  tid 105994
FindTargetPageId rootid 3 tid 105994
target_page_id id: 7 tid 105994
0 1 tid 105994
149 4 tid 105994
365 2 tid 105994
492 5 tid 105994
619 6 tid 105994
746 7 tid 105994
141 tid 105994
Insert  tid 105994
FindTargetPageId rootid 3 tid 105994
target_page_id id: 7 tid 105994
0 1 tid 105994
149 4 tid 105994
365 2 tid 105994
492 5 tid 105994
619 6 tid 105994
746 7 tid 105994
142 tid 105994
Insert  tid 105994
FindTargetPageId rootid 3 tid 105994
target_page_id id: 7 tid 105994
0 1 tid 105994
149 4 tid 105994
365 2 tid 105994
492 5 tid 105994
619 6 tid 105994
746 7 tid 105994
143 tid 105994
Insert  tid 105994
FindTargetPageId rootid 3 tid 105994
target_page_id id: 7 tid 105994
0 1 tid 105994
149 4 tid 105994
365 2 tid 105994
492 5 tid 105994
619 6 tid 105994
746 7 tid 105994
144 tid 105994
Insert  tid 105994
FindTargetPageId rootid 3 tid 105994
target_page_id id: 7 tid 105994
0 1 tid 105994
149 4 tid 105994
365 2 tid 105994
492 5 tid 105994
619 6 tid 105994
746 7 tid 105994
145 tid 105994
Insert  tid 105994
FindTargetPageId rootid 3 tid 105994
target_page_id id: 7 tid 105994
0 1 tid 105994
149 4 tid 105994
365 2 tid 105994
492 5 tid 105994
619 6 tid 105994
746 7 tid 105994
146 tid 105994
Insert  tid 105994
FindTargetPageId rootid 3 tid 105994
target_page_id id: 7 tid 105994
0 1 tid 105994
149 4 tid 105994
365 2 tid 105994
492 5 tid 105994
619 6 tid 105994
746 7 tid 105994
147 tid 105994
Insert  tid 105994
FindTargetPageId rootid 3 tid 105996
target_page_id id: 7 tid 105996
0 1 tid 105996
149 4 tid 105996
365 2 tid 105996
492 5 tid 105996
619 6 tid 105996
746 7 tid 105996
148 tid 105996
Insert  tid 105996
FindTargetPageId rootid 3 tid 105996
target_page_id id: 7 tid 105996
0 1 tid 105996
149 4 tid 105996
365 2 tid 105996
492 5 tid 105996
619 6 tid 105996
746 7 tid 105996
149 tid 105996
Insert  tid 105996
FindTargetPageId rootid 3 tid 105994
target_page_id id: 7 tid 105994
0 1 tid 105994
149 4 tid 105994
365 2 tid 105994
492 5 tid 105994
619 6 tid 105994
746 7 tid 105994
150 tid 105994
Insert  tid 105994
FindTargetPageId rootid 3 tid 105994
target_page_id id: 7 tid 105994
0 1 tid 105994
149 4 tid 105994
365 2 tid 105994
492 5 tid 105994
619 6 tid 105994
746 7 tid 105994
151 tid 105994
Insert  tid 105994
FindTargetPageId rootid 3 tid 105995
target_page_id id: 7 tid 105995
0 1 tid 105995
149 4 tid 105995
365 2 tid 105995
492 5 tid 105995
619 6 tid 105995
746 7 tid 105995
152 tid 105995
Remove  tid 105995
FindTargetPageId rootid 3 tid 105995
target_page_id id: 7 tid 105995
0 1 tid 105995
149 4 tid 105995
365 2 tid 105995
492 5 tid 105995
619 6 tid 105995
746 7 tid 105995
151 tid 105995
Remove  tid 105995
FindTargetPageId rootid 3 tid 105995
target_page_id id: 7 tid 105995
0 1 tid 105995
149 4 tid 105995
365 2 tid 105995
492 5 tid 105995
619 6 tid 105995
746 7 tid 105995
150 tid 105995
Remove  tid 105995
FindTargetPageId rootid 3 tid 105995
target_page_id id: 7 tid 105995
0 1 tid 105995
149 4 tid 105995
365 2 tid 105995
492 5 tid 105995
619 6 tid 105995
746 7 tid 105995
149 tid 105995
Remove  tid 105995
FindTargetPageId rootid 3 tid 105995
target_page_id id: 7 tid 105995
0 1 tid 105995
149 4 tid 105995
365 2 tid 105995
492 5 tid 105995
619 6 tid 105995
746 7 tid 105995
148 tid 105995
FindTargetPageId rootid 3 tid 105996
target_page_id id: 7 tid 105996
0 1 tid 105996
149 4 tid 105996
365 2 tid 105996
492 5 tid 105996
619 6 tid 105996
746 7 tid 105996
147 tid 105996
Insert  tid 105996
FindTargetPageId rootid 3 tid 105996
target_page_id id: 7 tid 105996
0 1 tid 105996
149 4 tid 105996
365 2 tid 105996
492 5 tid 105996
619 6 tid 105996
746 7 tid 105996
148 tid 105996
Insert  tid 105996
FindTargetPageId rootid 3 tid 105996
target_page_id id: 7 tid 105996
0 1 tid 105996
149 4 tid 105996
365 2 tid 105996
492 5 tid 105996
619 6 tid 105996
746 7 tid 105996
149 tid 105996
Insert  tid 105996
FindTargetPageId rootid 3 tid 105996
target_page_id id: 7 tid 105996
0 1 tid 105996
149 4 tid 105996
365 2 tid 105996
492 5 tid 105996
619 6 tid 105996
746 7 tid 105996
150 tid 105996
Insert  tid 105996
FindTargetPageId rootid 3 tid 105996
target_page_id id: 7 tid 105996
0 1 tid 105996
149 4 tid 105996
365 2 tid 105996
492 5 tid 105996
619 6 tid 105996
746 7 tid 105996
151 tid 105996
Insert  tid 105996
Remove FindTargetPageId rootid  tid 3 tid 105996
target_page_id id: 7 tid 105996
0 1 tid 105996
149 4 tid 105996
365 2 tid 105996
492 5 tid 105996
619 6 tid 105996
746 7 tid 105996
152 tid 105996
105995
FindTargetPageId rootid 3 tid 105995
target_page_id id: 7 tid 105995
0 1 tid 105995
149 4 tid 105995
365 2 tid 105995
492 5 tid 105995
619 6 tid 105995
746 7 tid 105995
153 tid 105995
Insert  tid 105996
Remove  tid 105995
FindTargetPageId rootid 3 tid 105996
target_page_id id: 7 tid 105996
0 1 tid 105996
149 4 tid 105996
365 2 tid 105996
492 5 tid 105996
619 6 tid 105996
746 7 tid 105996
152 tid 105996
Insert  tid 105996
FindTargetPageId rootid 3 tid 105994
target_page_id id: 7 tid 105994
0 1 tid 105994
149 4 tid 105994
365 2 tid 105994
492 5 tid 105994
619 6 tid 105994
746 7 tid 105994
153 tid 105994
Insert  tid 105994
FindTargetPageId rootid 3 tid 105994
target_page_id id: 7 tid 105994
0 1 tid 105994
149 4 tid 105994
365 2 tid 105994
492 5 tid 105994
619 6 tid 105994
746 7 tid 105994
154 tid 105994
Insert  tid 105994
FindTargetPageId rootid 3 tid 105996
target_page_id id: 7 tid 105996
0 1 tid 105996
149 4 tid 105996
365 2 tid 105996
492 5 tid 105996
619 6 tid 105996
746 7 tid 105996
155 tid 105996
Insert  tid 105996
FindTargetPageId rootid 3 tid 105996
target_page_id id: 7 tid 105996
0 1 tid 105996
149 4 tid 105996
365 2 tid 105996
492 5 tid 105996
619 6 tid 105996
746 7 tid 105996
156 tid 105996
Insert  tid 105996
FindTargetPageId rootid 3 tid 105996
target_page_id id: 7 tid 105996
0 1 tid 105996
149 4 tid 105996
365 2 tid 105996
492 5 tid 105996
619 6 tid 105996
746 7 tid 105996
157 tid 105996
Insert  tid 105996
FindTargetPageId rootid 3 tid 105994
target_page_id id: 7 tid 105994
0 1 tid 105994
149 4 tid 105994
365 2 tid 105994
492 5 tid 105994
619 6 tid 105994
746 7 tid 105994
158 tid 105994
Insert  tid 105994
FindTargetPageId rootid 3 tid 105995
target_page_id id: 7 tid 105995
0 1 tid 105995
149 4 tid 105995
365 2 tid 105995
492 5 tid 105995
619 6 tid 105995
746 7 tid 105995
159 tid 105995
Remove  tid 105995
FindTargetPageId rootid 3 tid 105996
target_page_id id: 7 tid 105996
0 1 tid 105996
149 4 tid 105996
365 2 tid 105996
492 5 tid 105996
619 6 tid 105996
746 7 tid 105996
158 tid 105996
Insert  tid 105996
FindTargetPageId rootid 3 tid 105994
target_page_id id: 7 tid 105994
0 1 tid 105994
149 4 tid 105994
365 2 tid 105994
492 5 tid 105994
619 6 tid 105994
746 7 tid 105994
159 tid 105994
Insert  tid 105994
FindTargetPageId rootid 3 tid 105994
target_page_id id: 7 tid 105994
0 1 tid 105994
149 4 tid 105994
365 2 tid 105994
492 5 tid 105994
619 6 tid 105994
746 7 tid 105994
160 tid 105994
Insert  tid 105994
FindTargetPageId rootid 3 tid 105996
target_page_id id: 7 tid 105996
0 1 tid 105996
149 4 tid 105996
365 2 tid 105996
492 5 tid 105996
619 6 tid 105996
746 7 tid 105996
161 tid 105996
Insert  tid 105996
FindTargetPageId rootid 3 tid 105995
target_page_id id: 7 tid 105995
0 1 tid 105995
149 4 tid 105995
365 2 tid 105995
492 5 tid 105995
619 6 tid 105995
746 7 tid 105995
162 tid 105995
Remove  tid 105995
FindTargetPageId rootid 3 tid 105995
target_page_id id: 7 tid 105995
0 1 tid 105995
149 4 tid 105995
365 2 tid 105995
492 5 tid 105995
619 6 tid 105995
746 7 tid 105995
161 tid 105995
Remove  tid 105995
FindTargetPageId rootid 3 tid 105995
target_page_id id: 7 tid 105995
0 1 tid 105995
149 4 tid 105995
365 2 tid 105995
492 5 tid 105995
619 6 tid 105995
746 7 tid 105995
160 tid 105995
Remove  tid 105995
FindTargetPageId rootid 3 tid 105995
target_page_id id: 7 tid 105995
0 1 tid 105995
149 4 tid 105995
365 2 tid 105995
492 5 tid 105995
619 6 tid 105995
746 7 tid 105995
159 tid 105995
Remove  tid 105995
FindTargetPageId rootid 3 tid 105995
target_page_id id: 7 tid 105995
0 1 tid 105995
149 4 tid 105995
365 2 tid 105995
492 5 tid 105995
619 6 tid 105995
746 7 tid 105995
158 tid 105995
Remove  tid 105995
FindTargetPageId rootid 3 tid 105995
target_page_id id: 7 tid 105995
0 1 tid 105995
149 4 tid 105995
365 2 tid 105995
492 5 tid 105995
619 6 tid 105995
746 7 tid 105995
157 tid 105995
Remove  tid 105995
FindTargetPageId rootid 3 tid 105995
target_page_id id: 7 tid 105995
0 1 tid 105995
149 4 tid 105995
365 2 tid 105995
492 5 tid 105995
619 6 tid 105995
746 7 tid 105995
156 tid 105995
Remove  tid 105995
FindTargetPageId rootid 3 tid 105995
target_page_id id: 7 tid 105995
0 1 tid 105995
149 4 tid 105995
365 2 tid 105995
492 5 tid 105995
619 6 tid 105995
746 7 tid 105995
155 tid 105995
Remove  tid 105995
FindTargetPageId rootid 3 tid 105995
target_page_id id: 7 tid 105995
0 1 tid 105995
149 4 tid 105995
365 2 tid 105995
492 5 tid 105995
619 6 tid 105995
746 7 tid 105995
154 tid 105995
Remove  tid 105995
FindTargetPageId rootid 3 tid 105995
target_page_id id: 7 tid 105995
0 1 tid 105995
149 4 tid 105995
365 2 tid 105995
492 5 tid 105995
619 6 tid 105995
746 7 tid 105995
153 tid 105995
Remove  tid 105995
FindTargetPageId rootid 3 tid 105994
target_page_id id: 7 tid 105994
0 1 tid 105994
149 4 tid 105994
365 2 tid 105994
492 5 tid 105994
619 6 tid 105994
746 7 tid 105994
152 tid 105994
Insert  tid 105994
FindTargetPageId rootid 3 tid 105996
target_page_id id: 7 tid 105996
0 1 tid 105996
149 4 tid 105996
365 2 tid 105996
492 5 tid 105996
619 6 tid 105996
746 7 tid 105996
153 tid 105996
Insert  tid 105996
FindTargetPageId rootid 3 tid 105995
target_page_id id: 7 tid 105995
0 1 tid 105995
149 4 tid 105995
365 2 tid 105995
492 5 tid 105995
619 6 tid 105995
746 7 tid 105995
154 tid 105995
Remove  tid 105995
FindTargetPageId rootid 3 tid 105994
target_page_id id: 7 tid 105994
0 1 tid 105994
149 4 tid 105994
365 2 tid 105994
492 5 tid 105994
619 6 tid 105994
746 7 tid 105994
153 tid 105994
Insert  tid 105994
FindTargetPageId rootid 3 tid 105994
target_page_id id: 7 tid 105994
0 1 tid 105994
149 4 tid 105994
365 2 tid 105994
492 5 tid 105994
619 6 tid 105994
746 7 tid 105994
154 tid 105994
Insert  tid 105994
FindTargetPageId rootid 3 tid 105994
target_page_id id: 7 tid 105994
0 1 tid 105994
149 4 tid 105994
365 2 tid 105994
492 5 tid 105994
619 6 tid 105994
746 7 tid 105994
155 tid 105994
Insert  tid 105994
FindTargetPageId rootid 3 tid 105995
target_page_id id: 7 tid 105995
0 1 tid 105995
149 4 tid 105995
365 2 tid 105995
492 5 tid 105995
619 6 tid 105995
746 7 tid 105995
156 tid 105995
Remove  tid 105995
FindTargetPageId rootid 3 tid 105996
target_page_id id: 7 tid 105996
0 1 tid 105996
149 4 tid 105996
365 2 tid 105996
492 5 tid 105996
619 6 tid 105996
746 7 tid 105996
155 tid 105996
Insert  tid 105996
FindTargetPageId rootid 3 tid 105996
target_page_id id: 7 tid 105996
0 1 tid 105996
149 4 tid 105996
365 2 tid 105996
492 5 tid 105996
619 6 tid 105996
746 7 tid 105996
156 tid 105996
Insert  tid 105996
FindTargetPageId rootid 3 tid 105995
target_page_id id: 7 tid 105995
0 1 tid 105995
149 4 tid 105995
365 2 tid 105995
492 5 tid 105995
619 6 tid 105995
746 7 tid 105995
157 tid 105995
Remove  tid 105995
FindTargetPageId rootid 3 tid 105994
target_page_id id: 7 tid 105994
0 1 tid 105994
149 4 tid 105994
365 2 tid 105994
492 5 tid 105994
619 6 tid 105994
746 7 tid 105994
156 tid 105994
Insert  tid 105994
FindTargetPageId rootid 3 tid 105996
target_page_id id: 7 tid 105996
0 1 tid 105996
149 4 tid 105996
365 2 tid 105996
492 5 tid 105996
619 6 tid 105996
746 7 tid 105996
157 tid 105996
Insert  tid 105996
FindTargetPageId rootid 3 tid 105996
target_page_id id: 7 tid 105996
0 1 tid 105996
149 4 tid 105996
365 2 tid 105996
492 5 tid 105996
619 6 tid 105996
746 7 tid 105996
158 tid 105996
Insert  tid 105996
FindTargetPageId rootid 3 tid 105996
target_page_id id: 7 tid 105996
0 1 tid 105996
149 4 tid 105996
365 2 tid 105996
492 5 tid 105996
619 6 tid 105996
746 7 tid 105996
159 tid 105996
Insert  tid 105996
FindTargetPageId rootid 3 tid 105996
target_page_id id: 7 tid 105996
0 1 tid 105996
149 4 tid 105996
365 2 tid 105996
492 5 tid 105996
619 6 tid 105996
746 7 tid 105996
160 tid 105996
Insert  tid 105996
FindTargetPageId rootid 3 tid 105996
target_page_id id: 7 tid 105996
0 1 tid 105996
149 4 tid 105996
365 2 tid 105996
492 5 tid 105996
619 6 tid 105996
746 7 tid 105996
161 tid 105996
Insert  tid 105996
FindTargetPageId rootid 3 tid 105996
target_page_id id: 7 tid 105996
0 1 tid 105996
149 4 tid 105996
365 2 tid 105996
492 5 tid 105996
619 6 tid 105996
746 7 tid 105996
162 tid 105996
Insert  tid 105996
FindTargetPageId rootid 3 tid 105996
target_page_id id: 7 tid 105996
0 1 tid 105996
149 4 tid 105996
365 2 tid 105996
492 5 tid 105996
619 6 tid 105996
746 7 tid 105996
163 tid 105996
Insert  tid 105996
FindTargetPageId rootid 3 tid 105996
target_page_id id: 7 tid 105996
0 1 tid 105996
149 4 tid 105996
365 2 tid 105996
492 5 tid 105996
619 6 tid 105996
746 7 tid 105996
164 tid 105996
Insert  tid 105996
FindTargetPageId rootid 3 tid 105996
target_page_id id: 7 tid 105996
0 1 tid 105996
149 4 tid 105996
365 2 tid 105996
492 5 tid 105996
619 6 tid 105996
746 7 tid 105996
165 tid 105996
Insert  tid 105996
FindTargetPageId rootid 3 tid 105996
target_page_id id: 7 tid 105996
0 1 tid 105996
149 4 tid 105996
365 2 tid 105996
492 5 tid 105996
619 6 tid 105996
746 7 tid 105996
166 tid 105996
Insert  tid 105996
FindTargetPageId rootid 3 tid 105996
target_page_id id: 7 tid 105996
0 1 tid 105996
149 4 tid 105996
365 2 tid 105996
492 5 tid 105996
619 6 tid 105996
746 7 tid 105996
167 tid 105996
Insert  tid 105996
FindTargetPageId rootid 3 tid 105996
target_page_id id: 7 tid 105996
0 1 tid 105996
149 4 tid 105996
365 2 tid 105996
492 5 tid 105996
619 6 tid 105996
746 7 tid 105996
168 tid 105996
Insert  tid 105996
FindTargetPageId rootid 3 tid 105996
target_page_id id: 7 tid 105996
0 1 tid 105996
149 4 tid 105996
365 2 tid 105996
492 5 tid 105996
619 6 tid 105996
746 7 tid 105996
169 tid 105996
Insert  tid 105996
FindTargetPageId rootid 3 tid 105996
target_page_id id: 7 tid 105996
0 1 tid 105996
149 4 tid 105996
365 2 tid 105996
492 5 tid 105996
619 6 tid 105996
746 7 tid 105996
170 tid 105996
Insert  tid 105996
FindTargetPageId rootid 3 tid 105996
target_page_id id: 7 tid 105996
0 1 tid 105996
149 4 tid 105996
365 2 tid 105996
492 5 tid 105996
619 6 tid 105996
746 7 tid 105996
171 tid 105996
Insert  tid 105996
FindTargetPageId rootid 3 tid 105996
target_page_id id: 7 tid 105996
0 1 tid 105996
149 4 tid 105996
365 2 tid 105996
492 5 tid 105996
619 6 tid 105996
746 7 tid 105996
172 tid 105996
Insert  tid 105996
FindTargetPageId rootid 3 tid 105996
target_page_id id: 7 tid 105996
0 1 tid 105996
149 4 tid 105996
365 2 tid 105996
492 5 tid 105996
619 6 tid 105996
746 7 tid 105996
173 tid 105996
Insert  tid 105996
FindTargetPageId rootid 3 tid 105996
target_page_id id: 7 tid 105996
0 1 tid 105996
149 4 tid 105996
365 2 tid 105996
492 5 tid 105996
619 6 tid 105996
746 7 tid 105996
174 tid 105996
Insert  tid 105996
FindTargetPageId rootid 3 tid 105996
target_page_id id: 7 tid 105996
0 1 tid 105996
149 4 tid 105996
365 2 tid 105996
492 5 tid 105996
619 6 tid 105996
746 7 tid 105996
175 tid 105996
Insert  tid 105996
FindTargetPageId rootid 3 tid 105996
target_page_id id: 7 tid 105996
0 1 tid 105996
149 4 tid 105996
365 2 tid 105996
492 5 tid 105996
619 6 tid 105996
746 7 tid 105996
176 tid 105996
Insert  tid 105996
FindTargetPageId rootid 3 tid 105996
target_page_id id: 7 tid 105996
0 1 tid 105996
149 4 tid 105996
365 2 tid 105996
492 5 tid 105996
619 6 tid 105996
746 7 tid 105996
177 tid 105996
Insert  tid 105996
FindTargetPageId rootid 3 tid 105996
target_page_id id: 7 tid 105996
0 1 tid 105996
149 4 tid 105996
365 2 tid 105996
492 5 tid 105996
619 6 tid 105996
746 7 tid 105996
178 tid 105996
Insert  tid 105996
FindTargetPageId rootid 3 tid 105996
target_page_id id: 7 tid 105996
0 1 tid 105996
149 4 tid 105996
365 2 tid 105996
492 5 tid 105996
619 6 tid 105996
746 7 tid 105996
179 tid 105996
Insert  tid 105996
FindTargetPageId rootid 3 tid 105996
target_page_id id: 7 tid 105996
0 1 tid 105996
149 4 tid 105996
365 2 tid 105996
492 5 tid 105996
619 6 tid 105996
746 7 tid 105996
180 tid 105996
Insert  tid 105996
FindTargetPageId rootid 3 tid 105996
target_page_id id: 7 tid 105996
0 1 tid 105996
149 4 tid 105996
365 2 tid 105996
492 5 tid 105996
619 6 tid 105996
746 7 tid 105996
181 tid 105996
Insert  tid 105996
FindTargetPageId rootid 3 tid 105996
target_page_id id: 7 tid 105996
0 1 tid 105996
149 4 tid 105996
365 2 tid 105996
492 5 tid 105996
619 6 tid 105996
746 7 tid 105996
182 tid 105996
Insert  tid 105996
FindTargetPageId rootid 3 tid 105996
target_page_id id: 7 tid 105996
0 1 tid 105996
149 4 tid 105996
365 2 tid 105996
492 5 tid 105996
619 6 tid 105996
746 7 tid 105996
183 tid 105996
Insert  tid 105996
FindTargetPageId rootid 3 tid 105996
target_page_id id: 7 tid 105996
0 1 tid 105996
149 4 tid 105996
365 2 tid 105996
492 5 tid 105996
619 6 tid 105996
746 7 tid 105996
184 tid 105996
Insert  tid 105996
FindTargetPageId rootid 3 tid 105996
target_page_id id: 7 tid 105996
0 1 tid 105996
149 4 tid 105996
365 2 tid 105996
492 5 tid 105996
619 6 tid 105996
746 7 tid 105996
185 tid 105996
Insert  tid 105996
FindTargetPageId rootid 3 tid 105996
target_page_id id: 7 tid 105996
0 1 tid 105996
149 4 tid 105996
365 2 tid 105996
492 5 tid 105996
619 6 tid 105996
746 7 tid 105996
186 tid 105996
FindTargetPageId rootid 3 tid 105994
target_page_id id: 7 tid 105994
0 1 tid 105994
149 4 tid 105994
365 2 tid 105994
492 5 tid 105994
619 6 tid 105994
746 7 tid 105994
187 tid 105994
Insert  tid 105994
FindTargetPageId rootid 3 tid 105994
target_page_id id: 7 tid 105994
0 1 tid 105994
149 4 tid 105994
365 2 tid 105994
492 5 tid 105994
619 6 tid 105994
746 7 tid 105994
188 tid 105994
Insert  tid 105994
FindTargetPageId rootid 3 tid 105995
target_page_id id: 7 tid 105995
0 1 tid 105995
149 4 tid 105995
365 2 tid 105995
492 5 tid 105995
619 6 tid 105995
746 7 tid 105995
189 tid 105995
Remove  tid 105995
FindTargetPageId rootid 3 tid 105994
target_page_id id: 7 tid 105994
0 1 tid 105994
149 4 tid 105994
365 2 tid 105994
492 5 tid 105994
619 6 tid 105994
746 7 tid 105994
188 tid 105994
Insert  tid 105994
FindTargetPageId rootid 3 tid 105994
target_page_id id: 7 tid 105994
0 1 tid 105994
149 4 tid 105994
365 2 tid 105994
492 5 tid 105994
619 6 tid 105994
746 7 tid 105994
189 tid 105994
Insert  tid 105994
FindTargetPageId rootid 3 tid 105994
target_page_id id: 7 tid 105994
0 1 tid 105994
149 4 tid 105994
365 2 tid 105994
492 5 tid 105994
619 6 tid 105994
746 7 tid 105994
190 tid 105994
Insert  tid 105994
FindTargetPageId rootid 3 tid 105995
target_page_id id: 7 tid 105995
0 1 tid 105995
149 4 tid 105995
365 2 tid 105995
492 5 tid 105995
619 6 tid 105995
746 7 tid 105995
191 tid 105995
Remove  tid 105995
FindTargetPageId rootid 3 tid 105994
target_page_id id: 7 tid 105994
0 1 tid 105994
149 4 tid 105994
365 2 tid 105994
492 5 tid 105994
619 6 tid 105994
746 7 tid 105994
190 tid 105994
Insert  tid 105994
FindTargetPageId rootid 3 tid 105995
target_page_id id: 7 tid 105995
0 1 tid 105995
149 4 tid 105995
365 2 tid 105995
492 5 tid 105995
619 6 tid 105995
746 7 tid 105995
191 tid 105995
Remove  tid 105995
FindTargetPageId rootid 3 tid 105994
target_page_id id: 7 tid 105994
0 1 tid 105994
149 4 tid 105994
365 2 tid 105994
492 5 tid 105994
619 6 tid 105994
746 7 tid 105994
190 tid 105994
Insert  tid 105994
FindTargetPageId rootid 3 tid 105995
target_page_id id: 7 tid 105995
0 1 tid 105995
149 4 tid 105995
365 2 tid 105995
492 5 tid 105995
619 6 tid 105995
746 7 tid 105995
191 tid 105995
Remove  tid 105995
FindTargetPageId rootid 3 tid 105994
target_page_id id: 7 tid 105994
0 1 tid 105994
149 4 tid 105994
365 2 tid 105994
492 5 tid 105994
619 6 tid 105994
746 7 tid 105994
190 tid 105994
FindTargetPageId rootid 3 tid 105995
target_page_id id: 7 tid 105995
0 1 tid 105995
149 4 tid 105995
365 2 tid 105995
492 5 tid 105995
619 6 tid 105995
746 7 tid 105995
191 tid 105995
Insert  tid 105994
Remove  tid 105995
FindTargetPageId rootid 3 tid 105995
target_page_id id: 7 tid 105995
0 1 tid 105995
149 4 tid 105995
365 2 tid 105995
492 5 tid 105995
619 6 tid 105995
746 7 tid 105995
190 tid 105995
Remove  tid 105995
FindTargetPageId rootid 3 tid 105995
target_page_id id: 7 tid 105995
0 1 tid 105995
149 4 tid 105995
365 2 tid 105995
492 5 tid 105995
619 6 tid 105995
746 7 tid 105995
189 tid 105995
Remove  tid 105995
FindTargetPageId rootid 3 tid 105995
target_page_id id: 7 tid 105995
0 1 tid 105995
149 4 tid 105995
365 2 tid 105995
492 5 tid 105995
619 6 tid 105995
746 7 tid 105995
188 tid 105995
Remove  tid 105995
FindTargetPageId rootid 3 tid 105995
target_page_id id: 7 tid 105995
0 1 tid 105995
149 4 tid 105995
365 2 tid 105995
492 5 tid 105995
619 6 tid 105995
746 7 tid 105995
187 tid 105995
Remove  tid 105995
FindTargetPageId rootid 3 tid 105995
target_page_id id: 7 tid 105995
0 1 tid 105995
149 4 tid 105995
365 2 tid 105995
492 5 tid 105995
619 6 tid 105995
746 7 tid 105995
186 tid 105995
Remove  tid 105995
FindTargetPageId rootid 3 tid 105995
target_page_id id: 7 tid 105995
0 1 tid 105995
149 4 tid 105995
365 2 tid 105995
492 5 tid 105995
619 6 tid 105995
746 7 tid 105995
185 tid 105995
Remove  tid 105995
FindTargetPageId rootid 3 tid 105995
target_page_id id: 7 tid 105995
0 1 tid 105995
149 4 tid 105995
365 2 tid 105995
492 5 tid 105995
619 6 tid 105995
746 7 tid 105995
184 tid 105995
Remove  tid 105995
FindTargetPageId rootid 3 tid 105995
target_page_id id: 7 tid 105995
0 1 tid 105995
149 4 tid 105995
365 2 tid 105995
492 5 tid 105995
619 6 tid 105995
746 7 tid 105995
183 tid 105995
Remove  tid 105995
FindTargetPageId rootid 3 tid 105995
target_page_id id: 7 tid 105995
0 1 tid 105995
149 4 tid 105995
365 2 tid 105995
492 5 tid 105995
619 6 tid 105995
746 7 tid 105995
182 tid 105995
Remove  tid 105995
FindTargetPageId rootid 3 tid 105995
target_page_id id: 7 tid 105995
0 1 tid 105995
149 4 tid 105995
365 2 tid 105995
492 5 tid 105995
619 6 tid 105995
746 7 tid 105995
181 tid 105995
Remove  tid 105995
FindTargetPageId rootid 3 tid 105995
target_page_id id: 7 tid 105995
0 1 tid 105995
149 4 tid 105995
365 2 tid 105995
492 5 tid 105995
619 6 tid 105995
746 7 tid 105995
180 tid 105995
Remove  tid 105995
FindTargetPageId rootid 3 tid 105995
target_page_id id: 7 tid 105995
0 1 tid 105995
149 4 tid 105995
365 2 tid 105995
492 5 tid 105995
619 6 tid 105995
746 7 tid 105995
179 tid 105995
Remove  tid 105995
FindTargetPageId rootid 3 tid 105995
target_page_id id: 7 tid 105995
0 1 tid 105995
149 4 tid 105995
365 2 tid 105995
492 5 tid 105995
619 6 tid 105995
746 7 tid 105995
178 tid 105995
Remove  tid 105995
FindTargetPageId rootid 3 tid 105994
target_page_id id: 7 tid 105994
0 1 tid 105994
149 4 tid 105994
365 2 tid 105994
492 5 tid 105994
619 6 tid 105994
746 7 tid 105994
177 tid 105994
Insert  tid 105994
FindTargetPageId rootid 3 tid 105994
target_page_id id: 7 tid 105994
0 1 tid 105994
149 4 tid 105994
365 2 tid 105994
492 5 tid 105994
619 6 tid 105994
746 7 tid 105994
178 tid 105994
Insert  tid 105994
FindTargetPageId rootid 3 tid 105995
target_page_id id: 7 tid 105995
0 1 tid 105995
149 4 tid 105995
365 2 tid 105995
492 5 tid 105995
619 6 tid 105995
746 7 tid 105995
179 tid 105995
Remove  tid 105995
FindTargetPageId rootid 3 tid 105995
target_page_id id: 7 tid 105995
0 1 tid 105995
149 4 tid 105995
365 2 tid 105995
492 5 tid 105995
619 6 tid 105995
746 7 tid 105995
178 tid 105995
FindTargetPageId rootid 3 tid 105994
target_page_id id: 7 tid 105994
0 1 tid 105994
149 4 tid 105994
365Remove  2 tid 105994
492 5 tid 105994
619 6 tid 105994
746 7 tid 105994
177 tid 105994
Insert  tid 105994
FindTargetPageId rootid 3 tid 105994
target_page_id id: 7 tid 105994
0 1 tid 105994
149 4 tid 105994
365 2 tid 105994
492 5 tid 105994
619 6 tid 105994
746 7 tid 105994
178 tid 105994
Insert  tid 105994
FindTargetPageId rootid 3 tid 105994
target_page_id id: 7 tid 105994
0 1 tid 105994
149 4 tid 105994
365 2 tid 105994
492 5 tid 105994
619 6 tid 105994
746 7 tid 105994
179 tid 105994
Insert  tid 105994
FindTargetPageId rootid 3 tid 105994
target_page_id id: 7 tid 105994
0 1 tid 105994
149 4 tid 105994
365 2 tid 105994
492 5 tid 105994
619 6 tid 105994
746 7 tid 105994
180 tid 105994
 tid 105995
Insert FindTargetPageId rootid 3 tid  tid 105995
target_page_id id: 7 tid 105995
0 1105994
 tid 105995
149 4 tid 105995
365 2 tid 105995
492 5 tid 105995
619 6 tid 105995
746 7 tid 105995
181 tid 105995
Remove  tid 105995
FindTargetPageId rootid 3 tid 105995
target_page_id id: 7 tid 105995
0 1 tid 105995
149 4 tid 105995
365 2 tid 105995
492 5 tid 105995
619 6 tid 105995
746 7 tid 105995
180 tid 105995
Remove  tid 105995
FindTargetPageId rootid 3 tid 105995
target_page_id id: 7 tid 105995
0 1 tid 105995
149 4 tid 105995
365 2 tid 105995
492 5 tid 105995
619 6 tid 105995
746 7 tid 105995
179 tid 105995
Remove  tid 105995
FindTargetPageId rootid 3 tid 105994
target_page_id id: 7 tid 105994
0 1 tid 105994
149 4 tid 105994
365 2 tid 105994
492 5 tid 105994
619 6 tid 105994
746 7 tid 105994
178 tid 105994
Insert  tid 105994
FindTargetPageId rootid 3 tid 105994
target_page_id id: 7 tid 105994
0 1 tid 105994
149 4 tid 105994
365 2 tid 105994
492 5 tid 105994
619 6 tid 105994
746 7 tid 105994
179 tid 105994
Insert  tid 105994
FindTargetPageId rootid 3 tid 105995
target_page_id id: 7 tid 105995
0 1 tid 105995
149 4 tid 105995
365 2 tid 105995
492 5 tid 105995
619 6 tid 105995
746 7 tid 105995
180 tid 105995
Remove  tid 105995
FindTargetPageId rootid 3 tid 105994
target_page_id id: 7 tid 105994
0 1 tid 105994
149 4 tid 105994
365 2 tid 105994
492 5 tid 105994
619 6 tid 105994
746 7 tid 105994
179 tid 105994
Insert  tid 105994
FindTargetPageId rootid 3 tid 105995
target_page_id id: 7 tid 105995
0 1 tid 105995
149 4 tid 105995
365 2 tid 105995
492 5 tid 105995
619 6 tid 105995
746 7 tid 105995
180 tid 105995
Remove  tid 105995
FindTargetPageId rootid 3 tid 105994
target_page_id id: 7 tid 105994
0 1 tid 105994
149 4 tid 105994
365 2 tid 105994
492 5 tid 105994
619 6 tid 105994
746 7 tid 105994
179 tid 105994
Insert  tid 105994
FindTargetPageId rootid 3 tid 105994
target_page_id id: 7 tid 105994
0 1 tid 105994
149 4 tid 105994
365 2 tid 105994
492 5 tid 105994
619 6 tid 105994
746 7 tid 105994
180 tid 105994
Insert  tid 105994
FindTargetPageId rootid 3 tid 105994
target_page_id id: 7 tid 105994
0 1 tid 105994
149 4 tid 105994
365 2 tid 105994
492 5 tid 105994
619 6 tid 105994
746 7 tid 105994
181 tid 105994
Insert  tid 105994
FindTargetPageId rootid 3 tid 105994
target_page_id id: 7 tid 105994
0 1 tid 105994
149 4 tid 105994
365 2 tid 105994
492 5 tid 105994
619 6 tid 105994
746 7 tid 105994
182 tid 105994
Insert  tid 105994
FindTargetPageId rootid 3 tid 105994
target_page_id id: 7 tid 105994
0 1 tid 105994
149 4 tid 105994
365 2 tid 105994
492 5 tid 105994
619 6 tid 105994
746 7 tid 105994
183 tid 105994
Insert  tid 105994
FindTargetPageId rootid 3 tid 105994
target_page_id id: 7 tid 105994
0 1 tid 105994
149 4 tid 105994
365 2 tid 105994
492 5 tid 105994
619 6 tid 105994
746 7 tid 105994
184 tid 105994
Insert  tid 105994
FindTargetPageId rootid 3 tid 105994
target_page_id id: 7 tid 105994
0 1 tid 105994
149 4 tid 105994
365 2 tid 105994
492 5 tid 105994
619 6 tid 105994
746 7 tid 105994
185 tid 105994
Insert  tid 105994
FindTargetPageId rootid 3 tid 105994
target_page_id id: 7 tid 105994
0 1 tid 105994
149 4 tid 105994
365 2 tid 105994
492 5 tid 105994
619 6 tid 105994
746 7 tid 105994
186 tid 105994
Insert  tid 105994
FindTargetPageId rootid 3 tid 105994
target_page_id id: 7 tid 105994
0 1 tid 105994
149 4 tid 105994
365 2 tid 105994
492 5 tid 105994
619 6 tid 105994
746 7 tid 105994
187 tid 105994
Insert  tid 105994
FindTargetPageId rootid 3 tid 105994
target_page_id id: 7 tid 105994
0 1 tid 105994
149 4 tid 105994
365 2 tid 105994
492 5 tid 105994
619 6 tid 105994
746 7 tid 105994
188 tid 105994
Insert  tid 105994
FindTargetPageId rootid 3 tid 105994
target_page_id id: 7 tid 105994
0 1 tid 105994
149 4 tid 105994
365 2 tid 105994
492 5 tid 105994
619 6 tid 105994
746 7 tid 105994
189 tid 105994
Insert  tid 105994
FindTargetPageId rootid 3 tid 105994
target_page_id id: 7 tid 105994
0 1 tid 105994
149 4 tid 105994
365 2 tid 105994
492 5 tid 105994
619 6 tid 105994
746 7 tid 105994
190 tid 105994
Insert  tid 105994
FindTargetPageId rootid 3 tid 105994
target_page_id id: 7 tid 105994
0 1 tid 105994
149 4 tid 105994
365 2 tid 105994
492 5 tid 105994
619 6 tid 105994
746 7 tid 105994
191 tid 105994
Insert  tid 105994
FindTargetPageId rootid 3 tid 105994
target_page_id id: 7 tid 105994
0 1 tid 105994
149 4 tid 105994
365 2 tid 105994
492 5 tid 105994
619 6 tid 105994
746 7 tid 105994
192 tid 105994
Insert  tid 105994
FindTargetPageId rootid 3 tid 105994
target_page_id id: 7 tid 105994
0 1 tid 105994
149 4 tid 105994
365 2 tid 105994
492 5 tid 105994
619 6 tid 105994
746 7 tid 105994
193 tid 105994
Insert  tid 105994
FindTargetPageId rootid 3 tid 105994
target_page_id id: 7 tid 105994
0 1 tid 105994
149 4 tid 105994
365 2 tid 105994
492 5 tid 105994
619 6 tid 105994
746 7 tid 105994
194 tid 105994
Insert  tid 105994
FindTargetPageId rootid 3 tid 105994
target_page_id id: 7 tid 105994
0 1 tid 105994
149 4 tid 105994
365 2 tid 105994
492 5 tid 105994
619 6 tid 105994
746 7 tid 105994
195 tid 105994
Insert  tid 105994
FindTargetPageId rootid 3 tid 105994
target_page_id id: 7 tid 105994
0 1 tid 105994
149 4 tid 105994
365 2 tid 105994
492 5 tid 105994
619 6 tid 105994
746 7 tid 105994
196 tid 105994
Insert  tid 105994
FindTargetPageId rootid 3 tid 105994
target_page_id id: 7 tid 105994
0 1 tid 105994
149 4 tid 105994
365 2 tid 105994
492 5 tid 105994
619 6 tid 105994
746 7 tid 105994
197 tid 105994
Insert  tid 105994
FindTargetPageId rootid 3 tid 105994
target_page_id id: 7 tid 105994
0 1 tid 105994
149 4 tid 105994
365 2 tid 105994
492 5 tid 105994
619 6 tid 105994
746 7 tid 105994
198 tid 105994
Insert  tid 105994
FindTargetPageId rootid 3 tid 105994
target_page_id id: 7 tid 105994
0 1 tid 105994
149 4 tid 105994
365 2 tid 105994
492 5 tid 105994
619 6 tid 105994
746 7 tid 105994
199 tid 105994
Insert  tid 105994
FindTargetPageId rootid 3 tid 105994
target_page_id id: 7 tid 105994
0 1 tid 105994
149 4 tid 105994
365 2 tid 105994
492 5 tid 105994
619 6 tid 105994
746 7 tid 105994
200 tid 105994
Insert  tid 105994
FindTargetPageId rootid 3 tid 105994
target_page_id id: 7 tid 105994
0 1 tid 105994
149 4 tid 105994
365 2 tid 105994
492 5 tid 105994
619 6 tid 105994
746 7 tid 105994
201 tid 105994
Insert  tid 105994
FindTargetPageId rootid 3 tid 105994
target_page_id id: 7 tid 105994
0 1 tid 105994
149 4 tid 105994
365 2 tid 105994
492 5 tid 105994
619 6 tid 105994
746 7 tid 105994
202 tid 105994
Insert  tid 105994
FindTargetPageId rootid 3 tid 105994
target_page_id id: 7 tid 105994
0 1 tid 105994
149 4 tid 105994
365 2 tid 105994
492 5 tid 105994
619 6 tid 105994
746 7 tid 105994
203 tid 105994
Insert  tid 105994
FindTargetPageId rootid 3 tid 105995
target_page_id id: 7 tid 105995
0 1 tid 105995
149 4 tid 105995
365 2 tid 105995
492 5 tid 105995
619 6 tid 105995
746 7 tid 105995
204 tid 105995
Remove  tid 105995
FindTargetPageId rootid 3 tid 105994
target_page_id id: 7 tid 105994
0 1 tid 105994
149 4 tid 105994
365 2 tid 105994
492 5 tid 105994
619 6 tid 105994
746 7 tid 105994
203 tid 105994
Insert  tid 105994
FindTargetPageId rootid 3 tid 105994
target_page_id id: 7 tid 105994
0 1 tid 105994
149 4 tid 105994
365 2 tid 105994
492 5 tid 105994
619 6 tid 105994
746 7 tid 105994
204 tid 105994
Insert  tid 105994
FindTargetPageId rootid 3 tid 105994
target_page_id id: 7 tid 105994
0 1 tid 105994
149 4 tid 105994
365 2 tid 105994
492 5 tid 105994
619 6 tid 105994
746 7 tid 105994
205 tid 105994
Insert  tid 105994
FindTargetPageId rootid 3 tid 105994
target_page_id id: 7 tid 105994
0 1 tid 105994
149 4 tid 105994
365 2 tid 105994
492 5 tid 105994
619 6 tid 105994
746 7 tid 105994
206 tid 105994
Insert  tid 105994
FindTargetPageId rootid 3 tid 105995
target_page_id id: 7 tid 105995
0 1 tid 105995
149 4 tid 105995
365 2 tid 105995
492 5 tid 105995
619 6 tid 105995
746 7 tid 105995
207 tid 105995
Remove  tid 105995
FindTargetPageId rootid 3 tid 105994
target_page_id id: 7 tid 105994
0 1 tid 105994
149 4 tid 105994
365 2 tid 105994
492 5 tid 105994
619 6 tid 105994
746 7 tid 105994
206 tid 105994
Insert  tid 105994
FindTargetPageId rootid 3 tid 105995
target_page_id id: 7 tid 105995
0 1 tid 105995
149 4 tid 105995
365 2 tid 105995
492 5 tid 105995
619 6 tid 105995
746 7 tid 105995
207 tid 105995
Remove  tid 105995
FindTargetPageId rootid 3 tid 105994
target_page_id id: 7 tid 105994
0 1 tid 105994
149 4 tid 105994
365 2 tid 105994
492 5 tid 105994
619 6 tid 105994
746 7 tid 105994
206 tid 105994
Insert  tid 105994
FindTargetPageId rootid 3 tid 105995
target_page_id id: 7 tid 105995
0 1 tid 105995
149 4 tid 105995
365 2 tid 105995
492 5 tid 105995
619 6 tid 105995
746 7 tid 105995
207 tid 105995
Remove  tid 105995
FindTargetPageId rootid 3 tid 105994
target_page_id id: 7 tid 105994
0 1 tid 105994
149 4 tid 105994
365 2 tid 105994
492 5 tid 105994
619 6 tid 105994
746 7 tid 105994
206 tid 105994
Insert  tid 105994
FindTargetPageId rootid 3 tid 105994
target_page_id id: 7 tid 105994
0 1 tid 105994
149 4 tid 105994
365 2 tid 105994
492 5 tid 105994
619 6 tid 105994
746 7 tid 105994
207 tid 105994
Insert  tid 105994
FindTargetPageId rootid 3 tid 105995
target_page_id id: 7 tid 105995
0 1 tid 105995
149 4 tid 105995
365 2 tid 105995
492 5 tid 105995
619 6 tid 105995
746 7 tid 105995
208 tid 105995
Remove  tid 105995
FindTargetPageId rootid 3 tid 105995
target_page_id id: 7 tid 105995
0 1 tid 105995
149 4 tid 105995
365 2 tid 105995
492 5 tid 105995
619 6 tid 105995
746 7 tid 105995
207 tid 105995
Remove  tid 105995
FindTargetPageId rootid 3 tid 105995
target_page_id id: 7 tid 105995
0 1 tid 105995
149 4 tid 105995
365 2 tid 105995
492 5 tid 105995
619 6 tid 105995
746 7 tid 105995
206 tid 105995
Remove  tid 105995
FindTargetPageId rootid 3 tid 105995
target_page_id id: 7 tid 105995
0 1 tid 105995
149 4 tid 105995
365 2 tid 105995
492 5 tid 105995
619 6 tid 105995
746 7 tid 105995
205 tid 105995
Remove  tid 105995
FindTargetPageId rootid 3 tid 105995
target_page_id id: 7 tid 105995
0 1 tid 105995
149 4 tid 105995
365 2 tid 105995
492 5 tid 105995
619 6 tid 105995
746 7 tid 105995
204 tid 105995
Remove  tid 105995
FindTargetPageId rootid 3 tid 105995
target_page_id id: 7 tid 105995
0 1 tid 105995
149 4 tid 105995
365 2 tid 105995
492 5 tid 105995
619 6 tid 105995
746 7 tid 105995
203 tid 105995
Remove  tid 105995
FindTargetPageId rootid 3 tid 105995
target_page_id id: 7 tid 105995
0 1 tid 105995
149 4 tid 105995
365 2 tid 105995
492 5 tid 105995
619 6 tid 105995
746 7 tid 105995
202 tid 105995
Remove  tid 105995
FindTargetPageId rootid 3 tid 105995
target_page_id id: 7 tid 105995
0 1 tid 105995
149 4 tid 105995
365 2 tid 105995
492 5 tid 105995
619 6 tid 105995
746 7 tid 105995
201 tid 105995
Remove  tid 105995
FindTargetPageId rootid 3 tid 105995
target_page_id id: 7 tid 105995
0 1 tid 105995
149 4 tid 105995
365 2 tid 105995
492 5 tid 105995
619 6 tid 105995
746 7 tid 105995
200 tid 105995
Remove  tid 105995
FindTargetPageId rootid 3 tid 105995
target_page_id id: 7 tid 105995
0 1 tid 105995
149 4 tid 105995
365 2 tid 105995
492 5 tid 105995
619 6 tid 105995
746 7 tid 105995
199 tid 105995
Remove  tid 105995
FindTargetPageId rootid 3 tid 105995
target_page_id id: 7 tid 105995
0 1 tid 105995
149 4 tid 105995
365 2 tid 105995
492 5 tid 105995
619 6 tid 105995
746 7 tid 105995
198 tid 105995
Remove  tid 105995
FindTargetPageId rootid 3 tid 105995
target_page_id id: 7 tid 105995
0 1 tid 105995
149 4 tid 105995
365 2 tid 105995
492 5 tid 105995
619 6 tid 105995
746 7 tid 105995
197 tid 105995
Remove  tid 105995
FindTargetPageId rootid 3 tid 105995
target_page_id id: 7 tid 105995
0 1 tid 105995
149 4 tid 105995
365 2 tid 105995
492 5 tid 105995
619 6 tid 105995
746 7 tid 105995
196 tid 105995
Remove  tid 105995
FindTargetPageId rootid 3 tid 105995
target_page_id id: 7 tid 105995
0 1 tid 105995
149 4 tid 105995
365 2 tid 105995
492 5 tid 105995
619 6 tid 105995
746 7 tid 105995
195 tid 105995
Remove  tid 105995
FindTargetPageId rootid 3 tid 105995
target_page_id id: 7 tid 105995
0 1 tid 105995
149 4 tid 105995
365 2 tid 105995
492 5 tid 105995
619 6 tid 105995
746 7 tid 105995
194 tid 105995
Remove  tid 105995
FindTargetPageId rootid 3 tid 105995
target_page_id id: 7 tid 105995
0 1 tid 105995
149 4 tid 105995
365 2 tid 105995
492 5 tid 105995
619 6 tid 105995
746 7 tid 105995
193 tid 105995
FindTargetPageId rootid 3 tid 105994
target_page_id id: 7 tid 105994
0 1 tid 105994
149 4 tid 105994
365 2 tid 105994
492 5 tid 105994
619 6 tid 105994
Remove 746 7 tid 105994
192 tid 105994
 tid Insert  tid 105995105994

FindTargetPageId rootid 3 tid 105995
target_page_id id: 7 tid 105995
0 1 tid 105995
149 4 tid 105995
365 2 tid 105995
492 5 tid 105995
619 6 tid 105995
746 7 tid 105995
193 tid 105995
Remove  tid 105995
FindTargetPageId rootid 3 tid 105994
target_page_id id: 7 tid 105994
0 1 tid 105994
149 4 tid 105994
365 2 tid 105994
492 5 tid 105994
619 6 tid 105994
746 7 tid 105994
192 tid 105994
Insert  tid 105994
FindTargetPageId rootid 3 tid 105994
target_page_id id: 7 tid 105994
0 1 tid 105994
149 4 tid 105994
365 2 tid 105994
492 5 tid 105994
619 6 tid 105994
746 7 tid 105994
193 tid 105994
Insert  tid 105994
FindTargetPageId rootid 3 tid 105995
target_page_id id: 7 tid 105995
0 1 tid 105995
149 4 tid 105995
365 2 tid 105995
492 5 tid 105995
619 6 tid 105995
746 7 tid 105995
194 tid 105995
Remove  tid 105995
FindTargetPageId rootid 3 tid 105995
target_page_id id: 7 tid 105995
0 1 tid 105995
149 4 tid 105995
365 2 tid 105995
492 5 tid 105995
619 6 tid 105995
746 7 tid 105995
193 tid 105995
Remove  tid 105995
FindTargetPageId rootid 3 tid 105994
target_page_id id: 7 tid 105994
0 1 tid 105994
149 4 tid 105994
365 2 tid 105994
492 5 tid 105994
619 6 tid 105994
746 7 tid 105994
192 tid 105994
Insert  tid 105994
FindTargetPageId rootid 3 tid 105994
target_page_id id: 7 tid 105994
0 1 tid 105994
149 4 tid 105994
365 2 tid 105994
492 5 tid 105994
619 6 tid 105994
746 7 tid 105994
193 tid 105994
Insert  tid 105994
FindTargetPageId rootid 3 tid 105994
target_page_id id: 7 tid 105994
0 1 tid 105994
149 4 tid 105994
365 2 tid 105994
492 5 tid 105994
619 6 tid 105994
746 7 tid 105994
194 tid 105994
Insert  tid 105994
FindTargetPageId rootid 3 tid 105994
target_page_id id: 7 tid 105994
0 1 tid 105994
149 4 tid 105994
365 2 tid 105994
492 5 tid 105994
619 6 tid 105994
746 7 tid 105994
195 tid 105994
Insert  tid 105994
FindTargetPageId rootid 3 tid 105994
target_page_id id: 7 tid 105994
0 1 tid 105994
149 4 tid 105994
365 2 tid 105994
492 5 tid 105994
619 6 tid 105994
746 7 tid 105994
196 tid 105994
Insert  tid 105994
FindTargetPageId rootid 3 tid 105994
target_page_id id: 7 tid 105994
0 1 tid 105994
149 4 tid 105994
365 2 tid 105994
492 5 tid 105994
619 6 tid 105994
746 7 tid 105994
197 tid 105994
Insert  tid 105994
FindTargetPageId rootid 3 tid 105994
target_page_id id: 7 tid 105994
0 1 tid 105994
149 4 tid 105994
365 2 tid 105994
492 5 tid 105994
619 6 tid 105994
746 7 tid 105994
198 tid 105994
Insert  tid 105994
FindTargetPageId rootid 3 tid 105994
target_page_id id: 7 tid 105994
0 1 tid 105994
149 4 tid 105994
365 2 tid 105994
492 5 tid 105994
619 6 tid 105994
746 7 tid 105994
199 tid 105994
Insert  tid 105994
FindTargetPageId rootid 3 tid 105994
target_page_id id: 7 tid 105994
0 1 tid 105994
149 4 tid 105994
365 2 tid 105994
492 5 tid 105994
619 6 tid 105994
746 7 tid 105994
200 tid 105994
Insert  tid 105994
FindTargetPageId rootid 3 tid 105994
target_page_id id: 7 tid 105994
0 1 tid 105994
149 4 tid 105994
365 2 tid 105994
492 5 tid 105994
619 6 tid 105994
746 7 tid 105994
201 tid 105994
Insert  tid FindTargetPageId rootid 105994
3 tid 105995
target_page_id id: 7 tid 105995
0 1 tid 105995
149 4 tid 105995
365 2 tid 105995
492 5 tid 105995
619 6 tid 105995
746 7 tid 105995
202 tid 105995
Remove  tid 105995
FindTargetPageId rootid 3 tid 105995
target_page_id id: 7 tid 105995
0 1 tid 105995
149 4 tid 105995
365 2 tid 105995
492 5 tid 105995
619 6 tid 105995
746 7 tid 105995
201 tid 105995
Remove  tid 105995
FindTargetPageId rootid 3 tid 105995
target_page_id id: 7 tid 105995
0 1 tid 105995
149 4 tid 105995
365 2 tid 105995
492 5 tid 105995
619 6 tid 105995
746 7 tid 105995
200 tid 105995
Remove  tid 105995
FindTargetPageId rootid 3 tid 105995
target_page_id id: 7 tid 105995
0 1 tid 105995
149 4 tid 105995
365 2 tid 105995
492 5 tid 105995
619 6 tid 105995
746 7 tid 105995
199 tid 105995
Remove  tid 105995
FindTargetPageId rootid 3 tid 105995
target_page_id id: 7 tid 105995
0 1 tid 105995
149 4 tid 105995
365 2 tid 105995
492 5 tid 105995
619 6 tid 105995
746 7 tid 105995
198 tid 105995
Remove  tid 105995
FindTargetPageId rootid 3 tid 105995
target_page_id id: 7 tid 105995
0 1 tid 105995
149 4 tid 105995
365 2 tid 105995
492 5 tid 105995
619 6 tid 105995
746 7 tid 105995
197 tid 105995
Remove  tid 105995
FindTargetPageId rootid 3 tid 105995
target_page_id id: 7 tid 105995
0 1 tid 105995
149 4 tid 105995
365 2 tid 105995
492 5 tid 105995
619 6 tid 105995
746 7 tid 105995
196 tid 105995
Remove  tid 105995
FindTargetPageId rootid 3 tid 105995
target_page_id id: 7 tid 105995
0 1 tid 105995
149 4 tid 105995
365 2 tid 105995
492 5 tid 105995
619 6 tid 105995
746 7 tid 105995
195 tid 105995
Remove  tid 105995
FindTargetPageId rootid 3 tid 105995
target_page_id id: 7 tid 105995
0 1 tid 105995
149 4 tid 105995
365 2 tid 105995
492 5 tid 105995
619 6 tid 105995
746 7 tid 105995
194 tid 105995
Remove  tid 105995
FindTargetPageId rootid 3 tid 105995
target_page_id id: 7 tid 105995
0 1 tid 105995
149 4 tid 105995
365 2 tid 105995
492 5 tid 105995
619 6 tid 105995
746 7 tid 105995
193 tid 105995
Remove  tid 105995
FindTargetPageId rootid 3 tid 105995
target_page_id id: 7 tid 105995
0 1 tid 105995
149 4 tid 105995
365 2 tid 105995
492 5 tid 105995
619 6 tid 105995
746 7 tid 105995
192 tid 105995
Remove  tid 105995
FindTargetPageId rootid 3 tid 105995
target_page_id id: 7 tid 105995
0 1 tid 105995
149 4 tid 105995
365 2 tid 105995
492 5 tid 105995
619 6 tid 105995
746 7 tid 105995
191 tid 105995
Remove  tid 105995
FindTargetPageId rootid 3 tid 105995
target_page_id id: 7 tid 105995
0 1 tid 105995
149 4 tid 105995
365 2 tid 105995
492 5 tid 105995
619 6 tid 105995
746 7 tid 105995
190 tid 105995
Remove  tid 105995
FindTargetPageId rootid 3 tid 105995
target_page_id id: 7 tid 105995
0 1 tid 105995
149 4 tid 105995
365 2 tid 105995
492 5 tid 105995
619 6 tid 105995
746 7 tid 105995
189 tid 105995
Remove  tid 105995
FindTargetPageId rootid 3 tid 105994
target_page_id id: 7 tid 105994
0 1 tid 105994
149 4 tid 105994
365 2 tid 105994
492 5 tid 105994
619 6 tid 105994
746 7 tid 105994
188 tid 105994
Insert  tid 105994
FindTargetPageId rootid 3 tid 105994
target_page_id id: 7 tid 105994
0 1 tid 105994
149 4 tid 105994
365 2 tid 105994
492 5 tid 105994
619 6 tid 105994
746 7 tid 105994
189 tid 105994
Insert  tid 105994
FindTargetPageId rootid 3 tid 105995
target_page_id id: 7 tid 105995
0 1 tid 105995
149 4 tid 105995
365 2 tid 105995
492 5 tid 105995
619 6 tid 105995
746 7 tid 105995
190 tid 105995
Remove  tid 105995
FindTargetPageId rootid 3 tid 105995
target_page_id id: 7 tid 105995
0 1 tid 105995
149 4 tid 105995
365 2 tid 105995
492 5 tid 105995
619 6 tid 105995
746 7 tid 105995
189 tid 105995
Remove  tid 105995
FindTargetPageId rootid 3 tid 105995
target_page_id id: 7 tid 105995
0 1 tid 105995
149 4 tid 105995
365 2 tid 105995
492 5 tid 105995
619 6 tid 105995
746 7 tid 105995
188 tid 105995
Remove  tid 105995
FindTargetPageId rootid 3 tid 105995
target_page_id id: 7 tid 105995
0 1 tid 105995
149 4 tid 105995
365 2 tid 105995
492 5 tid 105995
619 6 tid 105995
746 7 tid 105995
187 tid 105995
Remove  tid 105995
FindTargetPageId rootid 3 tid 105995
target_page_id id: 7 tid 105995
0 1 tid 105995
149 4 tid 105995
365 2 tid 105995
492 5 tid 105995
619 6 tid 105995
746 7 tid 105995
186 tid 105995
Remove  tid 105995
FindTargetPageId rootid 3 tid 105995
target_page_id id: 7 tid 105995
0 1 tid 105995
149 4 tid 105995
365 2 tid 105995
492 5 tid 105995
619 6 tid 105995
746 7 tid 105995
185 tid 105995
Remove  tid 105995
FindTargetPageId rootid 3 tid 105995
target_page_id id: 7 tid 105995
0 1 tid 105995
149 4 tid 105995
365 2 tid 105995
492 5 tid 105995
619 6 tid 105995
746 7 tid 105995
184 tid 105995
Remove  tid 105995
FindTargetPageId rootid 3 tid 105995
target_page_id id: 7 tid 105995
0 1 tid 105995
149 4 tid 105995
365 2 tid 105995
492 5 tid 105995
619 6 tid 105995
746 7 tid 105995
183 tid 105995
Remove  tid 105995
FindTargetPageId rootid 3 tid 105995
target_page_id id: 7 tid 105995
0 1 tid 105995
149 4 tid 105995
365 2 tid 105995
492 5 tid 105995
619 6 tid 105995
746 7 tid 105995
182 tid 105995
FindTargetPageId rootid 3 tid 105994
target_page_id id: 7 tid 105994
0 1 tid 105994
149 4 tid 105994
365 2 tid 105994
492 5 tid 105994
619 6 tid 105994
746 7 tid 105994
181 tid 105994
Insert  tid 105994
FindTargetPageId rootid 3 tid 105994
target_page_id id: 7 tid 105994
0 1 tid 105994
149 4 tid 105994
365 2 tid 105994
492 5 tid 105994
619 6 tid 105994
746 7 tid 105994
182 tid 105994
Insert  tid 105994
FindTargetPageId rootid 3 tid 105994
target_page_id id: 7 tid 105994
0 1 tid 105994
149 4 tid 105994
365 2 tid 105994
492 5 tid 105994
619 6 tid 105994
746 7 tid 105994
183 tid 105994
Insert  tid 105994
FindTargetPageId rootid 3 tid 105994
target_page_id id: 7 tid 105994
0 1 tid 105994
149 4 tid 105994
365 2 tid 105994
492 5 tid 105994
619 6 tid 105994
746 7 tid 105994
184 tid 105994
Insert  tid 105994
FindTargetPageId rootid 3 tid 105994
target_page_id id: 7 tid 105994
0 1 tid 105994
149 4 tid 105994
365 2 tid 105994
492 5 tid 105994
619 6 tid 105994
746 7 tid 105994
185 tid 105994
Insert  tid 105994
FindTargetPageId rootid 3 tid 105994
target_page_id id: 7 tid 105994
0 1 tid 105994
149 4 tid 105994
365 2 tid 105994
492 5 tid 105994
619 6 tid 105994
746 7 tid 105994
186 tid 105994
Insert  tid 105994
FindTargetPageId rootid 3 tid 105994
target_page_id id: 7 tid 105994
0 1 tid 105994
149 4 tid 105994
365 2 tid 105994
492 5 tid 105994
619 6 tid 105994
746 7 tid 105994
187 tid 105994
Insert  tid 105994
FindTargetPageId rootid 3 tid 105994
target_page_id id: 7 tid 105994
0 1 tid 105994
149 4 tid 105994
365 2 tid 105994
492 5 tid 105994
619 6 tid 105994
746 7 tid 105994
188 tid 105994
Insert  tid 105994
FindTargetPageId rootid 3 tid 105994
target_page_id id: 7 tid 105994
0 1 tid 105994
149 4 tid 105994
365 2 tid 105994
492 5 tid 105994
619 6 tid 105994
746 7 tid 105994
189 tid 105994
Insert  tid 105994
FindTargetPageId rootid 3 tid 105994
target_page_id id: 7 tid 105994
0 1 tid 105994
149 4 tid 105994
365 2 tid 105994
492 5 tid 105994
619 6 tid 105994
746 7 tid 105994
190 tid 105994
Insert  tid 105994
FindTargetPageId rootid 3 tid 105994
target_page_id id: 7 tid 105994
0 1 tid 105994
149 4 tid 105994
365 2 tid 105994
492 5 tid 105994
619 6 tid 105994
746 7 tid 105994
191 tid 105994
Insert  tid 105994
FindTargetPageId rootid 3 tid 105994
target_page_id id: 7 tid 105994
0 1 tid 105994
149 4 tid 105994
365 2 tid 105994
492 5 tid 105994
619 6 tid 105994
746 7 tid 105994
192 tid 105994
Insert  tid 105994
FindTargetPageId rootid 3 tid 105994
target_page_id id: 7 tid 105994
0 1 tid 105994
149 4 tid 105994
365 2 tid 105994
492 5 tid 105994
619 6 tid 105994
746 7 tid 105994
193 tid 105994
Insert  tid 105994
FindTargetPageId rootid 3 tid 105994
target_page_id id: 7 tid 105994
0 1 tid 105994
149 4 tid 105994
365 2 tid 105994
492 5 tid 105994
619 6 tid 105994
746 7 tid 105994
194 tid 105994
Insert  tid 105994
FindTargetPageId rootid 3 tid 105994
target_page_id id: 7 tid 105994
0 1 tid 105994
149 4 tid 105994
365 2 tid 105994
492 5 tid 105994
619 6 tid 105994
746 7 tid 105994
195 tid 105994
Insert  tid 105994
FindTargetPageId rootid 3 tid 105994
target_page_id id: 7 tid 105994
0 1 tid 105994
149 4 tid 105994
365 2 tid 105994
492 5 tid 105994
619 6 tid 105994
746 7 tid 105994
196 tid 105994
Insert  tid 105994
FindTargetPageId rootid 3 tid 105994
target_page_id id: 7 tid 105994
0 1 tid 105994
149 4 tid 105994
365 2 tid 105994
492 5 tid 105994
619 6 tid 105994
746 7 tid 105994
197 tid 105994
Insert  tid 105994
FindTargetPageId rootid 3 tid 105994
target_page_id id: 7 tid 105994
0 1 tid 105994
149 4 tid 105994
365 2 tid 105994
492 5 tid 105994
619 6 tid 105994
746 7 tid 105994
198 tid 105994
Insert  tid 105994
FindTargetPageId rootid 3 tid 105994
target_page_id id: 7 tid 105994
0 1 tid 105994
149 4 tid 105994
365 2 tid 105994
492 5 tid 105994
619 6 tid 105994
746 7 tid 105994
199 tid 105994
Insert  tid 105994
FindTargetPageId rootid 3 tid 105994
target_page_id id: 7 tid 105994
0 1 tid 105994
149 4 tid 105994
365 2 tid 105994
492 5 tid 105994
619 6 tid 105994
746 7 tid 105994
200 tid 105994
Insert  tid 105994
FindTargetPageId rootid 3 tid 105994
target_page_id id: 7 tid 105994
0 1 tid 105994
149 4 tid 105994
365 2 tid 105994
492 5 tid 105994
619 6 tid 105994
746 7 tid 105994
201 tid 105994
Insert  tid 105994
FindTargetPageId rootid 3 tid 105994
target_page_id id: 7 tid 105994
0 1 tid 105994
149 4 tid 105994
365 2 tid 105994
492 5 tid 105994
619 6 tid 105994
746 7 tid 105994
202 tid 105994
Insert  tid 105994
FindTargetPageId rootid 3 tid 105994
target_page_id id: 7 tid 105994
0 1 tid 105994
149 4 tid 105994
365 2 tid 105994
492 5 tid 105994
619 6 tid 105994
746 7 tid 105994
203 tid 105994
Insert  tid 105994
FindTargetPageId rootid 3 tid 105994
target_page_id id: 7 tid 105994
0 1 tid 105994
149 4 tid 105994
365 2 tid 105994
492 5 tid 105994
619 6 tid 105994
746 7 tid 105994
204 tid 105994
Insert  tid 105994
FindTargetPageId rootid 3 tid 105994
target_page_id id: 7 tid 105994
0 1 tid 105994
149 4 tid 105994
365 2 tid 105994
492 5 tid 105994
619 6 tid 105994
746 7 tid 105994
205 tid 105994
Insert  tid 105994
FindTargetPageId rootid 3 tid 105994
target_page_id id: 7 tid 105994
0 1 tid 105994
149 4 tid 105994
365 2 tid 105994
492 5 tid 105994
619 6 tid 105994
746 7 tid 105994
206 tid 105994
Insert  tid 105994
FindTargetPageId rootid 3 tid 105994
target_page_id id: 7 tid 105994
0 1 tid 105994
149 4 tid 105994
365 2 tid 105994
492 5 tid 105994
619 6 tid 105994
746 7 tid 105994
207 tid 105994
Insert  tid 105994
FindTargetPageId rootid 3 tid 105994
target_page_id id: 7 tid 105994
0 1 tid 105994
149 4 tid 105994
365 2 tid 105994
492 5 tid 105994
619 6 tid 105994
746 7 tid 105994
208 tid 105994
Insert  tid 105994
FindTargetPageId rootid 3 tid 105994
target_page_id id: 7 tid 105994
0 1 tid 105994
149 4 tid 105994
365 2 tid 105994
492 5 tid 105994
619 6 tid 105994
746 7 tid 105994
209 tid 105994
Insert  tid 105994
FindTargetPageId rootid 3 tid 105994
target_page_id id: 7 tid 105994
0 1 tid 105994
149 4 tid 105994
365 2 tid 105994
492 5 tid 105994
619 6 tid 105994
746 7 tid 105994
210 tid 105994
Insert  tid 105994
FindTargetPageId rootid 3 tid 105994
target_page_id id: 7 tid 105994
0 1 tid 105994
149 4 tid 105994
365 2 tid 105994
492 5 tid 105994
619 6 tid 105994
746 7 tid 105994
211 tid 105994
Insert  tid 105994
FindTargetPageId rootid 3 tid 105994
target_page_id id: 7 tid 105994
0 1 tid 105994
149 4 tid 105994
365 2 tid 105994
492 5 tid 105994
619 6 tid 105994
746 7 tid 105994
212 tid 105994
Insert  tid 105994
FindTargetPageId rootid 3 tid 105994
target_page_id id: 7 tid 105994
0 1 tid 105994
149 4 tid 105994
365 2 tid 105994
492 5 tid 105994
619 6 tid 105994
746 7 tid 105994
213 tid 105994
Insert  tid 105994
FindTargetPageId rootid 3 tid 105994
target_page_id id: 7 tid 105994
0 1 tid 105994
149 4 tid 105994
365 2 tid 105994
492 5 tid 105994
619 6 tid 105994
746 7 tid 105994
214 tid 105994
Insert  tid 105994
FindTargetPageId rootid 3 tid 105994
target_page_id id: 7 tid 105994
0 1 tid 105994
149 4 tid 105994
365 2 tid 105994
492 5 tid 105994
619 6 tid 105994
746 7 tid 105994
215 tid 105994
Insert  tid 105994
FindTargetPageId rootid 3 tid 105994
target_page_id id: 7 tid 105994
0 1 tid 105994
149 4 tid 105994
365 2 tid 105994
492 5 tid 105994
619 6 tid 105994
746 7 tid 105994
216 tid 105994
Insert  tid 105994
FindTargetPageId rootid 3 tid 105994
target_page_id id: 7 tid 105994
0 1 tid 105994
149 4 tid 105994
365 2 tid 105994
492 5 tid 105994
619 6 tid 105994
746 7 tid 105994
217 tid 105994
Insert  tid 105994
FindTargetPageId rootid 3 tid 105994
target_page_id id: 7 tid 105994
0 1 tid 105994
149 4 tid 105994
365 2 tid 105994
492 5 tid 105994
619 6 tid 105994
746 7 tid 105994
218 tid 105994
Insert  tid 105994
FindTargetPageId rootid 3 tid 105994
target_page_id id: 7 tid 105994
0 1 tid 105994
149 4 tid 105994
365 2 tid 105994
492 5 tid 105994
619 6 tid 105994
746 7 tid 105994
219 tid 105994
Insert  tid 105994
FindTargetPageId rootid 3 tid 105994
target_page_id id: 7 tid 105994
0 1 tid 105994
149 4 tid 105994
365 2 tid 105994
492 5 tid 105994
619 6 tid 105994
746 7 tid 105994
220 tid 105994
Insert  tid 105994
FindTargetPageId rootid 3 tid 105994
target_page_id id: 7 tid 105994
0 1 tid 105994
149 4 tid 105994
365 2 tid 105994
492 5 tid 105994
619 6 tid 105994
746 7 tid 105994
221 tid 105994
Insert  tid 105994
FindTargetPageId rootid 3 tid 105994
target_page_id id: 7 tid 105994
0 1 tid 105994
149 4 tid 105994
365 2 tid 105994
492 5 tid 105994
619 6 tid 105994
746 7 tid 105994
222 tid 105994
Insert  tid 105994
FindTargetPageId rootid 3 tid 105994
target_page_id id: 7 tid 105994
0 1 tid 105994
149 4 tid 105994
365 2 tid 105994
492 5 tid 105994
619 6 tid 105994
746 7 tid 105994
223 tid 105994
Insert  tid 105994
FindTargetPageId rootid 3 tid 105994
target_page_id id: 7 tid 105994
0 1 tid 105994
149 4 tid 105994
365 2 tid 105994
492 5 tid 105994
619 6 tid 105994
746 7 tid 105994
224 tid 105994
Insert  tid 105994
FindTargetPageId rootid 3 tid 105994
target_page_id id: 7 tid 105994
0 1 tid 105994
149 4 tid 105994
365 2 tid 105994
492 5 tid 105994
619 6 tid 105994
746 7 tid 105994
225 tid 105994
Insert  tid 105994
FindTargetPageId rootid 3 tid 105994
target_page_id id: 7 tid 105994
0 1 tid 105994
149 4 tid 105994
365 2 tid 105994
492 5 tid 105994
619 6 tid 105994
746 7 tid 105994
226 tid 105994
Insert  tid 105994
FindTargetPageId rootid 3 tid 105994
target_page_id id: 7 tid 105994
0 1 tid 105994
149 4 tid 105994
365 2 tid 105994
492 5 tid 105994
619 6 tid 105994
746 7 tid 105994
227 tid 105994
Insert  tid 105994
FindTargetPageId rootid 3 tid 105994
target_page_id id: 7 tid 105994
0 1 tid 105994
149 4 tid 105994
365 2 tid 105994
492 5 tid 105994
619 6 tid 105994
746 7 tid 105994
228 tid 105994
Insert  tid 105994
FindTargetPageId rootid 3 tid 105994
target_page_id id: 7 tid 105994
0 1 tid 105994
149 4 tid 105994
365 2 tid 105994
492 5 tid 105994
619 6 tid 105994
746 7 tid 105994
229 tid 105994
Insert  tid 105994
FindTargetPageId rootid 3 tid 105994
target_page_id id: 7 tid 105994
0 1 tid 105994
149 4 tid 105994
365 2 tid 105994
492 5 tid 105994
619 6 tid 105994
746 7 tid 105994
230 tid 105994
Insert  tid 105994
FindTargetPageId rootid 3 tid 105994
target_page_id id: 7 tid 105994
0 1 tid 105994
149 4 tid 105994
365 2 tid 105994
492 5 tid 105994
619 6 tid 105994
746 7 tid 105994
231 tid 105994
Insert  tid 105994
FindTargetPageId rootid 3 tid 105994
target_page_id id: 7 tid 105994
0 1 tid 105994
149 4 tid 105994
365 2 tid 105994
492 5 tid 105994
619 6 tid 105994
746 7 tid 105994
232 tid 105994
Insert  tid 105994
FindTargetPageId rootid 3 tid 105994
target_page_id id: 7 tid 105994
0 1 tid 105994
149 4 tid 105994
365 2 tid 105994
492 5 tid 105994
619 6 tid 105994
746 7 tid 105994
233 tid 105994
Insert  tid 105994
FindTargetPageId rootid 3 tid 105994
target_page_id id: 7 tid 105994
0 1 tid 105994
149 4 tid 105994
365 2 tid 105994
492 5 tid 105994
619 6 tid 105994
746 7 tid 105994
234 tid 105994
Insert  tid 105994
FindTargetPageId rootid 3 tid 105994
target_page_id id: 7 tid 105994
0 1 tid 105994
149 4 tid 105994
365 2 tid 105994
492 5 tid 105994
619 6 tid 105994
746 7 tid 105994
235 tid 105994
Insert  tid 105994
FindTargetPageId rootid 3 tid 105994
target_page_id id: 7 tid 105994
0 1 tid 105994
149 4 tid 105994
365 2 tid 105994
492 5 tid 105994
619 6 tid 105994
746 7 tid 105994
236 tid 105994
Insert  tid 105994
FindTargetPageId rootid 3 tid 105994
target_page_id id: 7 tid 105994
0 1 tid 105994
149 4 tid 105994
365 2 tid 105994
492 5 tid 105994
619 6 tid 105994
746 7 tid 105994
237 tid 105994
Insert  tid 105994
FindTargetPageId rootid 3 tid 105994
target_page_id id: 7 tid 105994
0 1 tid 105994
149 4 tid 105994
365 2 tid 105994
492 5 tid 105994
619 6 tid 105994
746 7 tid 105994
238 tid 105994
Insert  tid 105994
FindTargetPageId rootid 3 tid 105994
target_page_id id: 7 tid 105994
0 1 tid 105994
149 4 tid 105994
365 2 tid 105994
492 5 tid 105994
619 6 tid 105994
746 7 tid 105994
239 tid 105994
Insert  tid 105994
FindTargetPageId rootid 3 tid 105994
target_page_id id: 7 tid 105994
0 1 tid 105994
149 4 tid 105994
365 2 tid 105994
492 5 tid 105994
619 6 tid 105994
746 7 tid 105994
240 tid 105994
Insert  tid 105994
FindTargetPageId rootid 3 tid 105994
target_page_id id: 7 tid 105994
0 1 tid 105994
149 4 tid 105994
365 2 tid 105994
492 5 tid 105994
619 6 tid 105994
746 7 tid 105994
241 tid 105994
Insert  tid 105994
FindTargetPageId rootid 3 tid 105994
target_page_id id: 7 tid 105994
0 1 tid 105994
149 4 tid 105994
365 2 tid 105994
492 5 tid 105994
619 6 tid 105994
746 7 tid 105994
242 tid 105994
Insert  tid 105994
FindTargetPageId rootid 3 tid 105994
target_page_id id: 7 tid 105994
0 1 tid 105994
149 4 tid 105994
365 2 tid 105994
492 5 tid 105994
619 6 tid 105994
746 7 tid 105994
243 tid 105994
Insert  tid 105994
FindTargetPageId rootid 3 tid 105994
target_page_id id: 7 tid 105994
0 1 tid 105994
149 4 tid 105994
365 2 tid 105994
492 5 tid 105994
619 6 tid 105994
746 7 tid 105994
244 tid 105994
Insert  tid 105994
FindTargetPageId rootid 3 tid 105994
target_page_id id: 7 tid 105994
0 1 tid 105994
149 4 tid 105994
365 2 tid 105994
492 5 tid 105994
619 6 tid 105994
746 7 tid 105994
245 tid 105994
Insert  tid 105994
FindTargetPageId rootid 3 tid 105994
target_page_id id: 7 tid 105994
0 1 tid 105994
149 4 tid 105994
365 2 tid 105994
492 5 tid 105994
619 6 tid 105994
746 7 tid 105994
246 tid 105994
Insert  tid 105994
FindTargetPageId rootid 3 tid 105994
target_page_id id: 7 tid 105994
0 1 tid 105994
149 4 tid 105994
365 2 tid 105994
492 5 tid 105994
619 6 tid 105994
746 7 tid 105994
247 tid 105994
Insert  tid 105994
FindTargetPageId rootid 3 tid 105994
target_page_id id: 7 tid 105994
0 1 tid 105994
149 4 tid 105994
365 2 tid 105994
492 5 tid 105994
619 6 tid 105994
746 7 tid 105994
248 tid 105994
Insert  tid 105994
FindTargetPageId rootid 3 tid 105994
target_page_id id: 7 tid 105994
0 1 tid 105994
149 4 tid 105994
365 2 tid 105994
492 5 tid 105994
619 6 tid 105994
746 7 tid 105994
249 tid 105994
Insert  tid 105994
FindTargetPageId rootid 3 tid 105994
target_page_id id: 7 tid 105994
0 1 tid 105994
149 4 tid 105994
365 2 tid 105994
492 5 tid 105994
619 6 tid 105994
746 7 tid 105994
250 tid 105994
Insert  tid 105994
FindTargetPageId rootid 3 tid 105994
target_page_id id: 7 tid 105994
0 1 tid 105994
149 4 tid 105994
365 2 tid 105994
492 5 tid 105994
619 6 tid 105994
746 7 tid 105994
251 tid 105994
Insert  tid 105994
FindTargetPageId rootid 3 tid 105994
target_page_id id: 7 tid 105994
0 1 tid 105994
149 4 tid 105994
365 2 tid 105994
492 5 tid 105994
619 6 tid 105994
746 7 tid 105994
252 tid 105994
Insert  tid 105994
FindTargetPageId rootid 3 tid 105994
target_page_id id: 7 tid 105994
0 1 tid 105994
149 4 tid 105994
365 2 tid 105994
492 5 tid 105994
619 6 tid 105994
746 7 tid 105994
253 tid 105994
Insert  tid 105994
FindTargetPageId rootid 3 tid 105994
target_page_id id: 7 tid 105994
0 1 tid 105994
149 4 tid 105994
365 2 tid 105994
492 5 tid 105994
619 6 tid 105994
746 7 tid 105994
254 tid 105994
leaf_max_size 254
Insert  tid 105929
Insert  tid 105929
new root page id: 1 tid 105929
Insert  tid 105929
FindTargetPageId rootid 1 tid 105929
1 tid 105929
Insert  tid 105929
FindTargetPageId rootid 1 tid 105929
2 tid 105929
Insert  tid 105929
FindTargetPageId rootid 1 tid 105929
3 tid 105929
Insert  tid 105929
FindTargetPageId rootid 1 tid 105929
4 tid 105929
Insert  tid 105929
FindTargetPageId rootid 1 tid 105929
5 tid 105929
Insert  tid 105929
FindTargetPageId rootid 1 tid 105929
6 tid 105929
Insert  tid 105929
FindTargetPageId rootid 1 tid 105929
7 tid 105929
Insert  tid 105929
FindTargetPageId rootid 1 tid 105929
8 tid 105929
Insert  tid 105929
FindTargetPageId rootid 1 tid 105929
9 tid 105929
Insert  tid 105929
FindTargetPageId rootid 1 tid 105929
10 tid 105929
Insert  tid 105929
FindTargetPageId rootid 1 tid 105929
11 tid 105929
Insert  tid 105929
FindTargetPageId rootid 1 tid 105929
12 tid 105929
Insert  tid 105929
FindTargetPageId rootid 1 tid 105929
13 tid 105929
Insert  tid 105929
FindTargetPageId rootid 1 tid 105929
14 tid 105929
Insert  tid 105929
FindTargetPageId rootid 1 tid 105929
15 tid 105929
Insert  tid 105929
FindTargetPageId rootid 1 tid 105929
16 tid 105929
Insert  tid 105929
FindTargetPageId rootid 1 tid 105929
17 tid 105929
Insert  tid 105929
FindTargetPageId rootid 1 tid 105929
18 tid 105929
Insert  tid 105929
FindTargetPageId rootid 1 tid 105929
19 tid 105929
Insert  tid 105929
FindTargetPageId rootid 1 tid 105929
20 tid 105929
Insert  tid 105929
FindTargetPageId rootid 1 tid 105929
21 tid 105929
Insert  tid 105929
FindTargetPageId rootid 1 tid 105929
22 tid 105929
Insert  tid 105929
FindTargetPageId rootid 1 tid 105929
23 tid 105929
Insert  tid 105929
FindTargetPageId rootid 1 tid 105929
24 tid 105929
Insert  tid 105929
FindTargetPageId rootid 1 tid 105929
25 tid 105929
Insert  tid 105929
FindTargetPageId rootid 1 tid 105929
26 tid 105929
Insert  tid 105929
FindTargetPageId rootid 1 tid 105929
27 tid 105929
Insert  tid 105929
FindTargetPageId rootid 1 tid 105929
28 tid 105929
Insert  tid 105929
FindTargetPageId rootid 1 tid 105929
29 tid 105929
Insert  tid 105929
FindTargetPageId rootid 1 tid 105929
30 tid 105929
Insert  tid 105929
FindTargetPageId rootid 1 tid 105929
31 tid 105929
Insert  tid 105929
FindTargetPageId rootid 1 tid 105929
32 tid 105929
Insert  tid 105929
FindTargetPageId rootid 1 tid 105929
33 tid 105929
Insert  tid 105929
FindTargetPageId rootid 1 tid 105929
34 tid 105929
Insert  tid 105929
FindTargetPageId rootid 1 tid 105929
35 tid 105929
Insert  tid 105929
FindTargetPageId rootid 1 tid 105929
36 tid 105929
Insert  tid 105929
FindTargetPageId rootid 1 tid 105929
37 tid 105929
Insert  tid 105929
FindTargetPageId rootid 1 tid 105929
38 tid 105929
Insert  tid 105929
FindTargetPageId rootid 1 tid 105929
39 tid 105929
Insert  tid 105929
FindTargetPageId rootid 1 tid 105929
40 tid 105929
Insert  tid 105929
FindTargetPageId rootid 1 tid 105929
41 tid 105929
Insert  tid 105929
FindTargetPageId rootid 1 tid 105929
42 tid 105929
Insert  tid 105929
FindTargetPageId rootid 1 tid 105929
43 tid 105929
Insert  tid 105929
FindTargetPageId rootid 1 tid 105929
44 tid 105929
Insert  tid 105929
FindTargetPageId rootid 1 tid 105929
45 tid 105929
Insert  tid 105929
FindTargetPageId rootid 1 tid 105929
46 tid 105929
Insert  tid 105929
FindTargetPageId rootid 1 tid 105929
47 tid 105929
Insert  tid 105929
FindTargetPageId rootid 1 tid 105929
48 tid 105929
Insert  tid 105929
FindTargetPageId rootid 1 tid 105929
49 tid 105929
Insert  tid 105929
FindTargetPageId rootid 1 tid 105929
50 tid 105929
Insert  tid 105929
FindTargetPageId rootid 1 tid 105929
51 tid 105929
Insert  tid 105929
FindTargetPageId rootid 1 tid 105929
52 tid 105929
Insert  tid 105929
FindTargetPageId rootid 1 tid 105929
53 tid 105929
Insert  tid 105929
FindTargetPageId rootid 1 tid 105929
54 tid 105929
Insert  tid 105929
FindTargetPageId rootid 1 tid 105929
55 tid 105929
Insert  tid 105929
FindTargetPageId rootid 1 tid 105929
56 tid 105929
Insert  tid 105929
FindTargetPageId rootid 1 tid 105929
57 tid 105929
Insert  tid 105929
FindTargetPageId rootid 1 tid 105929
58 tid 105929
Insert  tid 105929
FindTargetPageId rootid 1 tid 105929
59 tid 105929
Insert  tid 105929
FindTargetPageId rootid 1 tid 105929
60 tid 105929
Insert  tid 105929
FindTargetPageId rootid 1 tid 105929
61 tid 105929
Insert  tid 105929
FindTargetPageId rootid 1 tid 105929
62 tid 105929
Insert  tid 105929
FindTargetPageId rootid 1 tid 105929
63 tid 105929
Insert  tid 105929
FindTargetPageId rootid 1 tid 105929
64 tid 105929
Insert  tid 105929
FindTargetPageId rootid 1 tid 105929
65 tid 105929
Insert  tid 105929
FindTargetPageId rootid 1 tid 105929
66 tid 105929
Insert  tid 105929
FindTargetPageId rootid 1 tid 105929
67 tid 105929
Insert  tid 105929
FindTargetPageId rootid 1 tid 105929
68 tid 105929
Insert  tid 105929
FindTargetPageId rootid 1 tid 105929
69 tid 105929
Insert  tid 105929
FindTargetPageId rootid 1 tid 105929
70 tid 105929
Insert  tid 105929
FindTargetPageId rootid 1 tid 105929
71 tid 105929
Insert  tid 105929
FindTargetPageId rootid 1 tid 105929
72 tid 105929
Insert  tid 105929
FindTargetPageId rootid 1 tid 105929
73 tid 105929
Insert  tid 105929
FindTargetPageId rootid 1 tid 105929
74 tid 105929
Insert  tid 105929
FindTargetPageId rootid 1 tid 105929
75 tid 105929
Insert  tid 105929
FindTargetPageId rootid 1 tid 105929
76 tid 105929
Insert  tid 105929
FindTargetPageId rootid 1 tid 105929
77 tid 105929
Insert  tid 105929
FindTargetPageId rootid 1 tid 105929
78 tid 105929
Insert  tid 105929
FindTargetPageId rootid 1 tid 105929
79 tid 105929
Insert  tid 105929
FindTargetPageId rootid 1 tid 105929
80 tid 105929
Insert  tid 105929
FindTargetPageId rootid 1 tid 105929
81 tid 105929
Insert  tid 105929
FindTargetPageId rootid 1 tid 105929
82 tid 105929
Insert  tid 105929
FindTargetPageId rootid 1 tid 105929
83 tid 105929
Insert  tid 105929
FindTargetPageId rootid 1 tid 105929
84 tid 105929
Insert  tid 105929
FindTargetPageId rootid 1 tid 105929
85 tid 105929
Insert  tid 105929
FindTargetPageId rootid 1 tid 105929
86 tid 105929
Insert  tid 105929
FindTargetPageId rootid 1 tid 105929
87 tid 105929
Insert  tid 105929
FindTargetPageId rootid 1 tid 105929
88 tid 105929
Insert  tid 105929
FindTargetPageId rootid 1 tid 105929
89 tid 105929
Insert  tid 105929
FindTargetPageId rootid 1 tid 105929
90 tid 105929
Insert  tid 105929
FindTargetPageId rootid 1 tid 105929
91 tid 105929
Insert  tid 105929
FindTargetPageId rootid 1 tid 105929
92 tid 105929
Insert  tid 105929
FindTargetPageId rootid 1 tid 105929
93 tid 105929
Insert  tid 105929
FindTargetPageId rootid 1 tid 105929
94 tid 105929
Insert  tid 105929
FindTargetPageId rootid 1 tid 105929
95 tid 105929
Insert  tid 105929
FindTargetPageId rootid 1 tid 105929
96 tid 105929
Insert  tid 105929
FindTargetPageId rootid 1 tid 105929
97 tid 105929
Insert  tid 105929
FindTargetPageId rootid 1 tid 105929
98 tid 105929
Insert  tid 105929
FindTargetPageId rootid 1 tid 105929
99 tid 105929
Insert  tid 105929
FindTargetPageId rootid 1 tid 105929
100 tid 105929
Insert  tid 105929
FindTargetPageId rootid 1 tid 105929
101 tid 105929
Insert  tid 105929
FindTargetPageId rootid 1 tid 105929
102 tid 105929
Insert  tid 105929
FindTargetPageId rootid 1 tid 105929
103 tid 105929
Insert  tid 105929
FindTargetPageId rootid 1 tid 105929
104 tid 105929
Insert  tid 105929
FindTargetPageId rootid 1 tid 105929
105 tid 105929
Insert  tid 105929
FindTargetPageId rootid 1 tid 105929
106 tid 105929
Insert  tid 105929
FindTargetPageId rootid 1 tid 105929
107 tid 105929
Insert  tid 105929
FindTargetPageId rootid 1 tid 105929
108 tid 105929
Insert  tid 105929
FindTargetPageId rootid 1 tid 105929
109 tid 105929
Insert  tid 105929
FindTargetPageId rootid 1 tid 105929
110 tid 105929
Insert  tid 105929
FindTargetPageId rootid 1 tid 105929
111 tid 105929
Insert  tid 105929
FindTargetPageId rootid 1 tid 105929
112 tid 105929
Insert  tid 105929
FindTargetPageId rootid 1 tid 105929
113 tid 105929
Insert  tid 105929
FindTargetPageId rootid 1 tid 105929
114 tid 105929
Insert  tid 105929
FindTargetPageId rootid 1 tid 105929
115 tid 105929
Insert  tid 105929
FindTargetPageId rootid 1 tid 105929
116 tid 105929
Insert  tid 105929
FindTargetPageId rootid 1 tid 105929
117 tid 105929
Insert  tid 105929
FindTargetPageId rootid 1 tid 105929
118 tid 105929
Insert  tid 105929
FindTargetPageId rootid 1 tid 105929
119 tid 105929
Insert  tid 105929
FindTargetPageId rootid 1 tid 105929
120 tid 105929
Insert  tid 105929
FindTargetPageId rootid 1 tid 105929
121 tid 105929
Insert  tid 105929
FindTargetPageId rootid 1 tid 105929
122 tid 105929
Insert  tid 105929
FindTargetPageId rootid 1 tid 105929
123 tid 105929
Insert  tid 105929
FindTargetPageId rootid 1 tid 105929
124 tid 105929
Insert  tid 105929
FindTargetPageId rootid 1 tid 105929
125 tid 105929
Insert  tid 105929
FindTargetPageId rootid 1 tid 105929
126 tid 105929
Insert  tid 105929
FindTargetPageId rootid 1 tid 105929
127 tid 105929
Insert  tid 105929
FindTargetPageId rootid 1 tid 105929
128 tid 105929
Insert  tid 105929
FindTargetPageId rootid 1 tid 105929
129 tid 105929
Insert  tid 105929
FindTargetPageId rootid 1 tid 105929
130 tid 105929
Insert  tid 105929
FindTargetPageId rootid 1 tid 105929
131 tid 105929
Insert  tid 105929
FindTargetPageId rootid 1 tid 105929
132 tid 105929
Insert  tid 105929
FindTargetPageId rootid 1 tid 105929
133 tid 105929
Insert  tid 105929
FindTargetPageId rootid 1 tid 105929
134 tid 105929
Insert  tid 105929
FindTargetPageId rootid 1 tid 105929
135 tid 105929
Insert  tid 105929
FindTargetPageId rootid 1 tid 105929
136 tid 105929
Insert  tid 105929
FindTargetPageId rootid 1 tid 105929
137 tid 105929
Insert  tid 105929
FindTargetPageId rootid 1 tid 105929
138 tid 105929
Insert  tid 105929
FindTargetPageId rootid 1 tid 105929
139 tid 105929
Insert  tid 105929
FindTargetPageId rootid 1 tid 105929
140 tid 105929
Insert  tid 105929
FindTargetPageId rootid 1 tid 105929
141 tid 105929
Insert  tid 105929
FindTargetPageId rootid 1 tid 105929
142 tid 105929
Insert  tid 105929
FindTargetPageId rootid 1 tid 105929
143 tid 105929
Insert  tid 105929
FindTargetPageId rootid 1 tid 105929
144 tid 105929
Insert  tid 105929
FindTargetPageId rootid 1 tid 105929
145 tid 105929
Insert  tid 105929
FindTargetPageId rootid 1 tid 105929
146 tid 105929
Insert  tid 105929
FindTargetPageId rootid 1 tid 105929
147 tid 105929
Insert  tid 105929
FindTargetPageId rootid 1 tid 105929
148 tid 105929
Insert  tid 105929
FindTargetPageId rootid 1 tid 105929
149 tid 105929
Insert  tid 105929
FindTargetPageId rootid 1 tid 105929
150 tid 105929
Insert  tid 105929
FindTargetPageId rootid 1 tid 105929
151 tid 105929
Insert  tid 105929
FindTargetPageId rootid 1 tid 105929
152 tid 105929
Insert  tid 105929
FindTargetPageId rootid 1 tid 105929
153 tid 105929
Insert  tid 105929
FindTargetPageId rootid 1 tid 105929
154 tid 105929
Insert  tid 105929
FindTargetPageId rootid 1 tid 105929
155 tid 105929
Insert  tid 105929
FindTargetPageId rootid 1 tid 105929
156 tid 105929
Insert  tid 105929
FindTargetPageId rootid 1 tid 105929
157 tid 105929
Insert  tid 105929
FindTargetPageId rootid 1 tid 105929
158 tid 105929
Insert  tid 105929
FindTargetPageId rootid 1 tid 105929
159 tid 105929
Insert  tid 105929
FindTargetPageId rootid 1 tid 105929
160 tid 105929
Insert  tid 105929
FindTargetPageId rootid 1 tid 105929
161 tid 105929
Insert  tid 105929
FindTargetPageId rootid 1 tid 105929
162 tid 105929
Insert  tid 105929
FindTargetPageId rootid 1 tid 105929
163 tid 105929
Insert  tid 105929
FindTargetPageId rootid 1 tid 105929
164 tid 105929
Insert  tid 105929
FindTargetPageId rootid 1 tid 105929
165 tid 105929
Insert  tid 105929
FindTargetPageId rootid 1 tid 105929
166 tid 105929
Insert  tid 105929
FindTargetPageId rootid 1 tid 105929
167 tid 105929
Insert  tid 105929
FindTargetPageId rootid 1 tid 105929
168 tid 105929
Insert  tid 105929
FindTargetPageId rootid 1 tid 105929
169 tid 105929
Insert  tid 105929
FindTargetPageId rootid 1 tid 105929
170 tid 105929
Insert  tid 105929
FindTargetPageId rootid 1 tid 105929
171 tid 105929
Insert  tid 105929
FindTargetPageId rootid 1 tid 105929
172 tid 105929
Insert  tid 105929
FindTargetPageId rootid 1 tid 105929
173 tid 105929
Insert  tid 105929
FindTargetPageId rootid 1 tid 105929
174 tid 105929
Insert  tid 105929
FindTargetPageId rootid 1 tid 105929
175 tid 105929
Insert  tid 105929
FindTargetPageId rootid 1 tid 105929
176 tid 105929
Insert  tid 105929
FindTargetPageId rootid 1 tid 105929
177 tid 105929
Insert  tid 105929
FindTargetPageId rootid 1 tid 105929
178 tid 105929
Insert  tid 105929
FindTargetPageId rootid 1 tid 105929
179 tid 105929
Insert  tid 105929
FindTargetPageId rootid 1 tid 105929
180 tid 105929
Insert  tid 105929
FindTargetPageId rootid 1 tid 105929
181 tid 105929
Insert  tid 105929
FindTargetPageId rootid 1 tid 105929
182 tid 105929
Insert  tid 105929
FindTargetPageId rootid 1 tid 105929
183 tid 105929
Insert  tid 105929
FindTargetPageId rootid 1 tid 105929
184 tid 105929
Insert  tid 105929
FindTargetPageId rootid 1 tid 105929
185 tid 105929
Insert  tid 105929
FindTargetPageId rootid 1 tid 105929
186 tid 105929
Insert  tid 105929
FindTargetPageId rootid 1 tid 105929
187 tid 105929
Insert  tid 105929
FindTargetPageId rootid 1 tid 105929
188 tid 105929
Insert  tid 105929
FindTargetPageId rootid 1 tid 105929
189 tid 105929
Insert  tid 105929
FindTargetPageId rootid 1 tid 105929
190 tid 105929
Insert  tid 105929
FindTargetPageId rootid 1 tid 105929
191 tid 105929
Insert  tid 105929
FindTargetPageId rootid 1 tid 105929
192 tid 105929
Insert  tid 105929
FindTargetPageId rootid 1 tid 105929
193 tid 105929
Insert  tid 105929
FindTargetPageId rootid 1 tid 105929
194 tid 105929
Insert  tid 105929
FindTargetPageId rootid 1 tid 105929
195 tid 105929
Insert  tid 105929
FindTargetPageId rootid 1 tid 105929
196 tid 105929
Insert  tid 105929
FindTargetPageId rootid 1 tid 105929
197 tid 105929
Insert  tid 105929
FindTargetPageId rootid 1 tid 105929
198 tid 105929
Insert  tid 105929
FindTargetPageId rootid 1 tid 105929
199 tid 105929
Insert  tid 106003
Insert  tid 106003
FindTargetPageId rootid 1 tid 106003
200 tid 106003
Remove  tid 106004
Insert  tid 106003
FindTargetPageId rootid 1 tid 106003
201 tid 106003
Insert  tid 106003
FindTargetPageId rootid 1 tid 106003
202 tid 106003
Insert  tid 106003
FindTargetPageId rootid 1 tid 106003Remove 
 tid 203 tid 106003
Insert  tid 106005
106004Insert  tid 106003

FindTargetPageId rootid 1 tid 106003
204 tid 106003
Insert  tid 106005
FindTargetPageId rootid 1 tid 106005
205 tid 106005
Insert  tid 106003
Insert  tid 106005
FindTargetPageId rootid 1 tid 106003
205 tid 106003
Insert  tid 106003
FindTargetPageId rootid 1 tid 106004
206 tid 106004
Remove  tid 106004
FindTargetPageId rootid 1 tid 106005
205 tid 106005
Insert  tid 106005
FindTargetPageId rootid 1 tid 106003
205 tid 106003
Insert  tid 106003
FindTargetPageId rootid 1 tid 106004
206 tid 106004
Remove  tid 106004
FindTargetPageId rootid 1 tid 106005
205 tid 106005
Insert  tid 106005
FindTargetPageId rootid 1 tid 106003
205 tid 106003
Insert  tid 106003
FindTargetPageId rootid 1 tid 106004
206 tid 106004
Remove  tid 106004
FindTargetPageId rootid 1 tid 106005
205 tid 106005
Insert  tid 106005
FindTargetPageId rootid 1 tid 106003
205 tid 106003
Insert  tid 106003
FindTargetPageId rootid 1 tid 106004
206 tid 106004
Remove  tid 106004
FindTargetPageId rootid 1 tid 106005
205 tid 106005
Insert  tid 106005
FindTargetPageId rootid 1 tid 106003
205 tid 106003
Insert  tid 106003
FindTargetPageId rootid 1 tid 106004
206 tid 106004
Remove  tid 106004
FindTargetPageId rootid 1 tid 106004
205 tid 106004
Remove  tid 106004
FindTargetPageId rootid 1 tid 106004
204 tid 106004
Remove  tid 106004
FindTargetPageId rootid 1 tid 106004
203 tid 106004
Remove  tid 106004
FindTargetPageId rootid 1 tid 106003
202 tid 106003
Insert  tid 106003
FindTargetPageId rootid 1 tid 106005
203 tid 106005
FindTargetPageId rootid 1 tid Insert 106004
204 tid 106004
 tid 106005
Remove  tid 106004
FindTargetPageId rootid 1 tid 106005
203 tid 106005
Insert  tid 106005
FindTargetPageId rootid 1 tid 106004
204 tid 106004
Remove  tid 106004
FindTargetPageId rootid 1 tid 106003
203 tid 106003
Insert  tid 106003
FindTargetPageId rootid 1 tid 106003
204 tid 106003
Insert  tid 106003
FindTargetPageId rootid 1 tid 106003
205 tid 106003
Insert  tid 106003
FindTargetPageId rootid 1 tid 106003
206 tid 106003
Insert  tid 106003
FindTargetPageId rootid 1 tid 106003
207 tid 106003
Insert  tid 106003
FindTargetPageId rootid 1 tid 106005
208 tid 106005
Insert  tid 106005
FindTargetPageId rootid 1 tid 106004
209 tid 106004
Remove  tid 106004
FindTargetPageId rootid 1 tid 106004
208 tid 106004
Remove  tid 106004
FindTargetPageId rootid 1 tid 106004
207 tid 106004
Remove  tid 106004
FindTargetPageId rootid 1 tid 106004
206 tid 106004
Remove  tid 106004
FindTargetPageId rootid 1 tid 106005
205 tid 106005
Insert  tid 106005
FindTargetPageId rootid 1 tid 106005
206 tid 106005
Insert  tid 106005
FindTargetPageId rootid 1 tid 106004
207 tid 106004
Remove  tid 106004
FindTargetPageId rootid 1 tid 106004
206 tid 106004
Remove  tid 106004
FindTargetPageId rootid 1 tid 106005
205 tid 106005
Insert  tid 106005
FindTargetPageId rootid 1 tid 106005
206 tid 106005
Insert  tid 106005
FindTargetPageId rootid 1 tid 106005
207 tid 106005
Insert  tid 106005
FindTargetPageId rootid 1 tid 106005
208 tid 106005
Insert  tid 106005
FindTargetPageId rootid 1 tid 106003
209 tid 106003
Insert  tid 106003
FindTargetPageId rootid 1 tid 106003
210 tid 106003
Insert  tid 106003
FindTargetPageId rootid 1 tid 106003
211 tid 106003
Insert  tid 106003
FindTargetPageId rootid 1 tid 106003
212 tid 106003
Insert  tid 106003
FindTargetPageId rootid 1 tid 106003
213 tid 106003
Insert  tid 106003
FindTargetPageId rootid 1 tid 106003
214 tid 106003
Insert  tid 106003
FindTargetPageId rootid 1 tid 106003
215 tid 106003
Insert  tid 106003
FindTargetPageId rootid 1 tid 106003
216 tid 106003
Insert  tid 106003
FindTargetPageId rootid 1 tid 106004
217 tid 106004
Remove  tid 106004
FindTargetPageId rootid 1 tid 106004
216 tid 106004
Remove  tid 106004
FindTargetPageId rootid 1 tid 106005
215 tid 106005
Insert  tid 106005
FindTargetPageId rootid 1 tid 106005
216 tid 106005
Insert  tid 106005
FindTargetPageId rootid 1 tid 106005
217 tid 106005
Insert  tid 106005
FindTargetPageId rootid 1 tid 106005
218 tid 106005
Insert  tid 106005
FindTargetPageId rootid 1 tid 106005
219 tid 106005
Insert  tid 106005
FindTargetPageId rootid 1 tid 106005
219 tid 106005
Insert  tid 106005
FindTargetPageId rootid 1 tid 106004
219 tid 106004
Remove  tid 106004
FindTargetPageId rootid 1 tid 106004
218 tid 106004
Remove  tid 106004
FindTargetPageId rootid 1 tid 106004
217 tid 106004
Remove  tid 106004
FindTargetPageId rootid 1 tid 106004
216 tid 106004
Remove  tid 106004
FindTargetPageId rootid 1 tid 106004
215 tid 106004
Remove  tid 106004
FindTargetPageId rootid 1 tid 106004
214 tid 106004
Remove  tid 106004
FindTargetPageId rootid 1 tid 106004
213 tid 106004
FindTargetPageId rootid 1 tid 106003
213 tid 106003
Insert  tid 106003
FindTargetPageId rootid 1 tid 106005
Remove  tid 106004
214 tid 106005
Insert  tid 106005
FindTargetPageId rootid 1 tid 106005
215 tid 106005
Insert  tid 106005
FindTargetPageId rootid 1 tid 106003
216 tid 106003
Insert  tid 106003
FindTargetPageId rootid 1 tid 106003
217 tid 106003
Insert  tid 106003
FindTargetPageId rootid 1 tid 106003
218 tid 106003
Insert  tid 106003
FindTargetPageId rootid 1 tid 106003
219 tid 106003
Insert  tid 106003
FindTargetPageId rootid 1 tid 106003
220 tid 106003
Insert  tid 106003
FindTargetPageId rootid 1 tid 106003
221 tid 106003
Insert  tid 106003
FindTargetPageId rootid 1 tid 106004
222 tid 106004
Remove  tid 106004
FindTargetPageId rootid 1 tid 106004
221 tid 106004
Remove  tid 106004
FindTargetPageId rootid 1 tid 106004
220 tid 106004
Remove  tid 106004
FindTargetPageId rootid 1 tid 106003
219 tid 106003
Insert  tid 106003
FindTargetPageId rootid 1 tid 106003
220 tid 106003
Insert  tid 106003
FindTargetPageId rootid 1 tid 106003
221 tid 106003
Insert  tid 106003
FindTargetPageId rootid 1 tid 106005
222 tid 106005
Insert  tid 106005
FindTargetPageId rootid 1 tid 106005
223 tid 106005
Insert  tid 106005
FindTargetPageId rootid 1 tid 106005
224 tid 106005
Insert  tid 106005
FindTargetPageId rootid 1 tid 106005
224 tid 106005
Insert  tid 106005
FindTargetPageId rootid 1 tid 106005
225 tid 106005
Insert  tid 106005
FindTargetPageId rootid 1 tid 106004
226 tid 106004
Remove  tid 106004
FindTargetPageId rootid 1 tid 106004
225 tid 106004
Remove  tid 106004
FindTargetPageId rootid 1 tid 106004
224 tid 106004
Remove  tid 106004
FindTargetPageId rootid 1 tid 106004
223 tid 106004
Remove  tid 106004
FindTargetPageId rootid 1 tid 106004
222 tid 106004
Remove  tid 106004
FindTargetPageId rootid 1 tid 106004
221 tid 106004
Remove  tid 106004
FindTargetPageId rootid 1 tid 106004
220 tid 106004
Remove  tid 106004
FindTargetPageId rootid 1 tid 106004
220 tid 106004
Remove  tid 106004
FindTargetPageId rootid 1 tid 106004
220 tid 106004
Remove  tid 106004
FindTargetPageId rootid 1 tid 106004
220 tid 106004
Remove  tid 106004
FindTargetPageId rootid 1 tid 106004
220 tid 106004
FindTargetPageId rootid 1 tid 106005
220 tid 106005
Insert  tid 106005
FindTargetPageId rootid 1 tid 106005
221 tid 106005
Insert  tid 106005
Remove  tid 106004
FindTargetPageId rootid 1 tid 106003
222 tid 106003
Insert  tid 106003
FindTargetPageId rootid 1 tid 106005
223 tid 106005
Insert  tid 106005
FindTargetPageId rootid 1 tid 106004
224 tid 106004
Remove  tid 106004
FindTargetPageId rootid 1 tid 106004
224 tid 106004
Remove  tid 106004
FindTargetPageId rootid 1 tid 106004
224 tid 106004
Remove  tid 106004
FindTargetPageId rootid 1 tid 106004
224 tid 106004
Remove  tid 106004
FindTargetPageId rootid 1 tid 106005
224 tid 106005
Insert  tid 106005
FindTargetPageId rootid 1 tid 106003
225 tid 106003
Insert  tid 106003
FindTargetPageId rootid 1 tid 106004
226 tid 106004
Remove  tid 106004
FindTargetPageId rootid 1 tid 106004
226 tid 106004
Remove  tid 106004
FindTargetPageId rootid 1 tid 106004
226 tid 106004
Remove  tid 106004
FindTargetPageId rootid 1 tid 106004
226 tid 106004
Remove  tid 106004
FindTargetPageId rootid 1 tid 106004
226 tid 106004
Remove  tid 106004
FindTargetPageId rootid 1 tid 106004
226 tid 106004
Remove  tid 106004
FindTargetPageId rootid 1 tid 106004
226 tid 106004
Remove  tid 106004
FindTargetPageId rootid 1 tid 106004
226 tid 106004
Remove  tid 106004
FindTargetPageId rootid 1 tid 106004
226 tid 106004
Remove  tid 106004
FindTargetPageId rootid 1 tid 106004
226 tid 106004
Remove  tid 106004
FindTargetPageId rootid 1 tid 106004
226 tid 106004
Remove  tid 106004
FindTargetPageId rootid 1 tid 106005
226 tid 106005
Insert  tid 106005
FindTargetPageId rootid 1 tid 106005
227 tid 106005
Insert  tid 106005
FindTargetPageId rootid 1 tid 106003
228 tid 106003
Insert  tid 106003
FindTargetPageId rootid 1 tid 106003
229 tid 106003
Insert  tid 106003
FindTargetPageId rootid 1 tid 106004
230 tid 106004
Remove  tid 106004
FindTargetPageId rootid 1 tid 106004
230 tid 106004
Remove  tid 106004
FindTargetPageId rootid 1 tid 106004
230 tid 106004
Remove  tid 106004
FindTargetPageId rootid 1 tid 106005
230 tid 106005
Insert  tid 106005
FindTargetPageId rootid 1 tid 106003
231 tid 106003
Insert  tid 106003
FindTargetPageId rootid 1 tid 106004
232 tid 106004
Remove  tid 106004
FindTargetPageId rootid 1 tid 106005
232 tid 106005
Insert  tid 106005
FindTargetPageId rootid 1 tid 106005
232 tid 106005
Insert  tid 106005
FindTargetPageId rootid 1 tid 106005
232 tid 106005
Insert  tid 106005
FindTargetPageId rootid 1 tid 106005
232 tid 106005
Insert  tid 106005
FindTargetPageId rootid 1 tid 106005
232 tid 106005
Insert  tid 106005
FindTargetPageId rootid 1 tid 106005
232 tid 106005
Insert  tid 106005
FindTargetPageId rootid 1 tid 106003
233 tid 106003
Insert  tid 106003
FindTargetPageId rootid 1 tid 106003
233 tid 106003
Insert  tid 106003
FindTargetPageId rootid 1 tid 106004
234 tid 106004
Remove  tid 106004
FindTargetPageId rootid 1 tid 106004
234 tid 106004
Remove  tid 106004
FindTargetPageId rootid 1 tid 106004
234 tid 106004
Remove  tid 106004
FindTargetPageId rootid 1 tid 106004
234 tid 106004
Remove  tid 106004
FindTargetPageId rootid 1 tid 106004
234 tid 106004
Remove  tid 106004
FindTargetPageId rootid 1 tid 106004
234 tid 106004
Remove  tid 106004
FindTargetPageId rootid 1 tid 106004
234 tid 106004
Remove  tid 106004
FindTargetPageId rootid 1 tid 106004
234 tid 106004
Remove  tid 106004
FindTargetPageId rootid 1 tid 106004
234 tid 106004
Remove  tid 106004
FindTargetPageId rootid 1 tid 106004
234 tid 106004
Remove  tid 106004
FindTargetPageId rootid 1 tid 106004
234 tid 106004
Remove  tid 106004
FindTargetPageId rootid 1 tid 106004
234 tid 106004
Remove  tid 106004
FindTargetPageId rootid 1 tid 106004
234 tid 106004
Remove  tid 106004
FindTargetPageId rootid 1 tid 106004
234 tid 106004
Remove  tid 106004
FindTargetPageId rootid 1 tid 106004
234 tid 106004
Remove  tid 106004
FindTargetPageId rootid 1 tid 106004
234 tid 106004
Remove  tid 106004
FindTargetPageId rootid 1 tid 106004
234 tid 106004
Remove  tid 106004
FindTargetPageId rootid 1 tid 106004
234 tid 106004
Remove  tid 106004
FindTargetPageId rootid 1 tid 106004
234 tid 106004
Remove  tid 106004
FindTargetPageId rootid 1 tid 106004
234 tid 106004
Remove  tid 106004
FindTargetPageId rootid 1 tid 106004
234 tid 106004
Remove  tid 106004
FindTargetPageId rootid 1 tid 106004
234 tid 106004
Remove  tid 106004
FindTargetPageId rootid 1 tid 106004
234 tid 106004
Remove  tid 106004
FindTargetPageId rootid 1 tid 106003
234 tid 106003
Insert  tid 106003
FindTargetPageId rootid 1 tid 106005
235 tid 106005
Insert  tid 106005
FindTargetPageId rootid 1 tid 106005
235 tid 106005
Insert  tid 106005
FindTargetPageId rootid 1 tid 106004
235 tid 106004
Remove  tid 106004
FindTargetPageId rootid 1 tid 106004
235 tid 106004
Remove  tid 106004
FindTargetPageId rootid 1 tid 106004
235 tid 106004
Remove  tid 106004
FindTargetPageId rootid 1 tid 106004
235 tid 106004
Remove  tid 106004
FindTargetPageId rootid 1 tid 106004
235 tid 106004
Remove  tid 106004
FindTargetPageId rootid 1 tid 106004
235 tid 106004
Remove  tid 106004
FindTargetPageId rootid 1 tid 106004
235 tid 106004
Remove  tid 106004
FindTargetPageId rootid 1 tid 106004
235 tid 106004
Remove  tid 106004
FindTargetPageId rootid 1 tid 106004
235 tid 106004
Remove  tid 106004
FindTargetPageId rootid 1 tid 106004
235 tid 106004
Remove  tid 106004
FindTargetPageId rootid 1 tid 106004
235 tid 106004
Remove  tid 106004
FindTargetPageId rootid 1 tid 106004
235 tid 106004
Remove  tid 106004
FindTargetPageId rootid 1 tid 106004
235 tid 106004
Remove  tid 106004
FindTargetPageId rootid 1 tid 106004
235 tid 106004
Remove  tid 106004
FindTargetPageId rootid 1 tid 106004
235 tid 106004
Remove  tid 106004
FindTargetPageId rootid 1 tid 106004
235 tid 106004
Remove  tid 106004
FindTargetPageId rootid 1 tid 106004
235 tid 106004
Remove  tid 106004
FindTargetPageId rootid 1 tid 106004
235 tid 106004
Remove  tid 106004
FindTargetPageId rootid 1 tid 106004
235 tid 106004
Remove  tid 106004
FindTargetPageId rootid 1 tid 106004
235 tid 106004
Remove  tid 106004
FindTargetPageId rootid 1 tid 106004
235 tid 106004
Remove  tid 106004
FindTargetPageId rootid 1 tid 106003
235 tid 106003
Insert  tid 106003
FindTargetPageId rootid 1 tid 106005
236 tid 106005
Insert  tid 106005
FindTargetPageId rootid 1 tid 106005
236 tid 106005
Insert  tid 106005
FindTargetPageId rootid 1 tid 106005
237 tid 106005
Insert  tid 106005
FindTargetPageId rootid 1 tid 106005
238 tid 106005
Insert  tid 106005
FindTargetPageId rootid 1 tid 106005
239 tid 106005
Insert  tid 106005
FindTargetPageId rootid 1 tid 106005
240 tid 106005
Insert  tid 106005
FindTargetPageId rootid 1 tid 106005
241 tid 106005
Insert  tid 106005
FindTargetPageId rootid 1 tid 106005
242 tid 106005
Insert  tid 106005
FindTargetPageId rootid 1 tid 106005
243 tid 106005
Insert  tid 106005
FindTargetPageId rootid 1 tid 106004
244 tid 106004
FindTargetPageId rootid Remove 1 tid  tid 106005
106004244 tid 106005

Insert  tid 106005
FindTargetPageId rootid 1 tid 106004
245 tid 106004
Remove  tid 106004
FindTargetPageId rootid 1 tid 106003
245 tid 106003
Insert  tid 106003
FindTargetPageId rootid 1 tid 106005
245 tid 106005
Insert  tid 106005
FindTargetPageId rootid 1 tid 106005
246 tid 106005
Insert  tid 106005
FindTargetPageId rootid 1 tid 106005
247 tid 106005
Insert  tid 106005
FindTargetPageId rootid 1 tid 106005
248 tid 106005
Insert  tid 106005
FindTargetPageId rootid 1 tid 106005
249 tid 106005
Insert  tid 106005
FindTargetPageId rootid 1 tid 106005
250 tid 106005
Insert  tid 106005
FindTargetPageId rootid 1 tid 106005
251 tid 106005
Insert  tid 106005
FindTargetPageId rootid 1 tid 106003
252 tid 106003
Insert  tid 106003
FindTargetPageId rootid 1 tid 106004
252 tid 106004
Remove  tid 106004
FindTargetPageId rootid 1 tid 106004
252 tid 106004
Remove  tid 106004
FindTargetPageId rootid 1 tid 106004
252 tid 106004
Remove  tid 106004
FindTargetPageId rootid 1 tid 106004
252 tid 106004
Remove  tid 106004
FindTargetPageId rootid 1 tid 106004
252 tid 106004
Remove  tid 106004
FindTargetPageId rootid 1 tid 106004
252 tid 106004
Remove  tid 106004
FindTargetPageId rootid 1 tid 106004
252 tid 106004
Remove  tid 106004
FindTargetPageId rootid 1 tid 106004
252 tid 106004
Remove  tid 106004
FindTargetPageId rootid 1 tid 106004
252 tid 106004
Remove  tid 106004
FindTargetPageId rootid 1 tid 106003
252 tid 106003
Insert  tid 106003
FindTargetPageId rootid 1 tid 106005
252 tid 106005
Insert  tid 106005
FindTargetPageId rootid 1 tid 106005
253 tid 106005
Insert  tid 106005
FindTargetPageId rootid 1 tid 106005
254 tid 106005
Insert  tid 106005
FindTargetPageId rootid 3 tid 106003
target_page_id id: 1 tid 106003
0 1 tid 106003
365 2 tid 106003
127 tid 106003
FindTargetPageId rootid 3 tid 106004
target_page_id id: 1 tid 106004
0 1 tid 106004
365 2 tid 106004
127 tid 106004
Remove  tid 106004
FindTargetPageId rootid 3 tid 106004
target_page_id id: 1 tid 106004
0 1 tid 106004
365 2 tid 106004
127 tid 106004
Remove  tid 106004
FindTargetPageId rootid 3 tid 106004
target_page_id id: 1 tid 106004
0 1 tid 106004
365 2 tid 106004
Insert 127 tid 106004
 tid 106003Remove  tid 106004

FindTargetPageId rootid 3 tid 106005
target_page_id id: 1 tid 106005
0 1 tid 106005
365 2 tid 106005
127 tid 106005
Insert  tid 106005
FindTargetPageId rootid 3 tid 106005
target_page_id id: 1 tid 106005
0 1 tid 106005
365 2 tid 106005
128 tid 106005
Insert  tid 106005
FindTargetPageId rootid 3 tid 106005
target_page_id id: 1 tid 106005
0 1 tid 106005
365 2 tid 106005
129 tid 106005
Insert  tid 106005
FindTargetPageId rootid 3 tid 106004
target_page_id id: 1 tid 106004
0 1 tid 106004
365 2 tid 106004
130 tid 106004
Remove  tid 106004
FindTargetPageId rootid 3 tid 106003
target_page_id id: 1 tid 106003
0 1 tid 106003
365 2 tid 106003
130 tid 106003
Insert  tid 106003
FindTargetPageId rootid 3 tid 106003
target_page_id id: 1 tid 106003
0 1 tid 106003
365 2 tid 106003
130 tid 106003
Insert  tid 106003
FindTargetPageId rootid 3 tid 106005
target_page_id id: 1 tid 106005
0 1 tid 106005
365 2 tid 106005
130 tid 106005
Insert  tid 106005
FindTargetPageId rootid 3 tid 106005
target_page_id id: 1 tid 106005
0 1 tid 106005
365 2 tid 106005
131 tid 106005
Insert  tid 106005
FindTargetPageId rootid 3 tid 106005
target_page_id id: 1 tid 106005
0 1 tid 106005
365 2 tid 106005
132 tid 106005
Insert  tid 106005
FindTargetPageId rootid 3 tid 106005
target_page_id id: 1 tid 106005
0 1 tid 106005
365 2 tid 106005
133 tid 106005
Insert  tid 106005
FindTargetPageId rootid 3 tid 106005
target_page_id id: 1 tid 106005
0 1 tid 106005
365 2 tid 106005
134 tid 106005
Insert  tid 106005
FindTargetPageId rootid 3 tid 106005
target_page_id id: 1 tid 106005
0 1 tid 106005
365 2 tid 106005
135 tid 106005
Insert  tid 106005
FindTargetPageId rootid 3 tid 106005
target_page_id id: 1 tid 106005
0 1 tid 106005
365 2 tid 106005
136 tid 106005
Insert  tid 106005
FindTargetPageId rootid 3 tid 106005
target_page_id id: 1 tid 106005
0 1 tid 106005
365 2 tid 106005
137 tid 106005
Insert  tid 106005
FindTargetPageId rootid 3 tid 106005
target_page_id id: 1 tid 106005
0 1 tid 106005
365 2 tid 106005
138 tid 106005
Insert  tid 106005
FindTargetPageId rootid 3 tid 106005
target_page_id id: 1 tid 106005
0 1 tid 106005
365 2 tid 106005
139 tid 106005
Insert  tid 106005
FindTargetPageId rootid 3 tid 106005
target_page_id id: 1 tid 106005
0 1 tid 106005
365 2 tid 106005
140 tid 106005
Insert  tid 106005
FindTargetPageId rootid 3 tid 106005
target_page_id id: 1 tid 106005
0 1 tid 106005
365 2 tid 106005
141 tid 106005
Insert  tid 106005
FindTargetPageId rootid 3 tid 106005
target_page_id id: 1 tid 106005
0 1 tid 106005
365 2 tid 106005
142 tid 106005
Insert  tid 106005
FindTargetPageId rootid 3 tid 106005
target_page_id id: 1 tid 106005
0 1 tid 106005
365 2 tid 106005
143 tid 106005
Insert  tid 106005
FindTargetPageId rootid 3 tid 106005
target_page_id id: 1 tid 106005
0 1 tid 106005
365 2 tid 106005
144 tid 106005
Insert  tid 106005
FindTargetPageId rootid 3 tid 106005
target_page_id id: 1 tid 106005
0 1 tid 106005
365 2 tid 106005
145 tid 106005
Insert  tid 106005
FindTargetPageId rootid 3 tid 106005
target_page_id id: 1 tid 106005
0 1 tid 106005
365 2 tid 106005
146 tid 106005
Insert  tid 106005
FindTargetPageId rootid 3 tid 106005
target_page_id id: 1 tid 106005
0 1 tid 106005
365 2 tid 106005
147 tid 106005
Insert  tid 106005
FindTargetPageId rootid 3 tid 106005
target_page_id id: 1 tid 106005
0 1 tid 106005
365 2 tid 106005
148 tid 106005
Insert  tid 106005
FindTargetPageId rootid 3 tid 106005
target_page_id id: 1 tid 106005
0 1 tid 106005
365 2 tid 106005
149 tid 106005
Insert  tid 106005
FindTargetPageId rootid 3 tid 106005
target_page_id id: 1 tid 106005
0 1 tid 106005
365 2 tid 106005
150 tid 106005
Insert  tid 106005
FindTargetPageId rootid 3 tid 106005
target_page_id id: 1 tid 106005
0 1 tid 106005
365 2 tid 106005
151 tid 106005
Insert  tid 106005
FindTargetPageId rootid 3 tid 106005
target_page_id id: 1 tid 106005
0 1 tid 106005
365 2 tid 106005
152 tid 106005
Insert  tid 106005
FindTargetPageId rootid 3 tid 106005
target_page_id id: 1 tid 106005
0 1 tid 106005
365 2 tid 106005
153 tid 106005
Insert  tid 106005
FindTargetPageId rootid 3 tid 106005
target_page_id id: 1 tid 106005
0 1 tid 106005
365 2 tid 106005
154 tid 106005
Insert  tid 106005
FindTargetPageId rootid 3 tid 106005
target_page_id id: 1 tid 106005
0 1 tid 106005
365 2 tid 106005
155 tid 106005
Insert  tid 106005
FindTargetPageId rootid 3 tid 106005
target_page_id id: 1 tid 106005
0 1 tid 106005
365 2 tid 106005
156 tid 106005
Insert  tid 106005
FindTargetPageId rootid 3 tid 106005
target_page_id id: 1 tid 106005
0 1 tid 106005
365 2 tid 106005
157 tid 106005
Insert  tid 106005
FindTargetPageId rootid 3 tid 106005
target_page_id id: 1 tid 106005
0 1 tid 106005
365 2 tid 106005
158 tid 106005
Insert  tid 106005
FindTargetPageId rootid 3 tid 106005
target_page_id id: 1 tid 106005
0 1 tid 106005
365 2 tid 106005
159 tid 106005
Insert  tid 106005
FindTargetPageId rootid 3 tid 106005
target_page_id id: 1 tid 106005
0 1 tid 106005
365 2 tid 106005
160 tid 106005
Insert  tid 106005
FindTargetPageId rootid 3 tid 106005
target_page_id id: 1 tid 106005
0 1 tid 106005
365 2 tid 106005
161 tid 106005
Insert  tid 106005
FindTargetPageId rootid 3 tid 106005
target_page_id id: 1 tid 106005
0 1 tid 106005
365 2 tid 106005
162 tid 106005
Insert  tid 106005
FindTargetPageId rootid 3 tid 106005
target_page_id id: 1 tid 106005
0 1 tid 106005
365 2 tid 106005
163 tid 106005
Insert  tid 106005
FindTargetPageId rootid 3 tid 106005
target_page_id id: 1 tid 106005
0 1 tid 106005
365 2 tid 106005
164 tid 106005
Insert  tid 106005
FindTargetPageId rootid 3 tid 106005
target_page_id id: 1 tid 106005
0 1 tid 106005
365 2 tid 106005
165 tid 106005
Insert  tid 106005
FindTargetPageId rootid 3 tid 106005
target_page_id id: 1 tid 106005
0 1 tid 106005
365 2 tid 106005
166 tid 106005
Insert  tid 106005
FindTargetPageId rootid 3 tid 106005
target_page_id id: 1 tid 106005
0 1 tid 106005
365 2 tid 106005
167 tid 106005
Insert  tid 106005
FindTargetPageId rootid 3 tid 106005
target_page_id id: 1 tid 106005
0 1 tid 106005
365 2 tid 106005
168 tid 106005
Insert  tid 106005
FindTargetPageId rootid 3 tid 106005
target_page_id id: 1 tid 106005
0 1 tid 106005
365 2 tid 106005
169 tid 106005
Insert  tid 106005
FindTargetPageId rootid 3 tid 106005
target_page_id id: 1 tid 106005
0 1 tid 106005
365 2 tid 106005
170 tid 106005
Insert  tid 106005
FindTargetPageId rootid 3 tid 106005
target_page_id id: 1 tid 106005
0 1 tid 106005
365 2 tid 106005
171 tid 106005
Insert  tid 106005
FindTargetPageId rootid 3 tid 106005
target_page_id id: 1 tid 106005
0 1 tid 106005
365 2 tid 106005
172 tid 106005
Insert  tid 106005
FindTargetPageId rootid 3 tid 106005
target_page_id id: 1 tid 106005
0 1 tid 106005
365 2 tid 106005
173 tid 106005
Insert  tid 106005
FindTargetPageId rootid 3 tid 106005
target_page_id id: 1 tid 106005
0 1 tid 106005
365 2 tid 106005
174 tid 106005
Insert  tid 106005
FindTargetPageId rootid 3 tid 106005
target_page_id id: 1 tid 106005
0 1 tid 106005
365 2 tid 106005
175 tid 106005
Insert  tid 106005
FindTargetPageId rootid 3 tid 106005
target_page_id id: 1 tid 106005
0 1 tid 106005
365 2 tid 106005
176 tid 106005
Insert  tid 106005
FindTargetPageId rootid 3 tid 106005
target_page_id id: 1 tid 106005
0 1 tid 106005
365 2 tid 106005
177 tid 106005
Insert  tid 106005
FindTargetPageId rootid 3 tid 106005
target_page_id id: 1 tid 106005
0 1 tid 106005
365 2 tid 106005
178 tid 106005
Insert  tid 106005
FindTargetPageId rootid 3 tid 106005
target_page_id id: 1 tid 106005
0 1 tid 106005
365 2 tid 106005
179 tid 106005
Insert  tid 106005
FindTargetPageId rootid 3 tid 106005
target_page_id id: 1 tid 106005
0 1 tid 106005
365 2 tid 106005
180 tid 106005
Insert  tid 106005
FindTargetPageId rootid 3 tid 106005
target_page_id id: 1 tid 106005
0 1 tid 106005
365 2 tid 106005
181 tid 106005
Insert  tid 106005
FindTargetPageId rootid 3 tid 106005
target_page_id id: 1 tid 106005
0 1 tid 106005
365 2 tid 106005
182 tid 106005
Insert  tid 106005
FindTargetPageId rootid 3 tid 106005
target_page_id id: 1 tid 106005
0 1 tid 106005
365 2 tid 106005
183 tid 106005
Insert  tid 106005
FindTargetPageId rootid 3 tid 106005
target_page_id id: 1 tid 106005
0 1 tid 106005
365 2 tid 106005
184 tid 106005
Insert  tid 106005
FindTargetPageId rootid 3 tid 106005
target_page_id id: 1 tid 106005
0 1 tid 106005
365 2 tid 106005
185 tid 106005
Insert  tid 106005
FindTargetPageId rootid 3 tid 106005
target_page_id id: 1 tid 106005
0 1 tid 106005
365 2 tid 106005
186 tid 106005
Insert  tid 106005
FindTargetPageId rootid 3 tid 106005
target_page_id id: 1 tid 106005
0 1 tid 106005
365 2 tid 106005
187 tid 106005
Insert  tid 106005
FindTargetPageId rootid 3 tid 106005
target_page_id id: 1 tid 106005
0 1 tid 106005
365 2 tid 106005
188 tid 106005
Insert  tid 106005
FindTargetPageId rootid 3 tid 106005
target_page_id id: 1 tid 106005
0 1 tid 106005
365 2 tid 106005
189 tid 106005
Insert  tid 106005
FindTargetPageId rootid 3 tid 106005
target_page_id id: 1 tid 106005
0 1 tid 106005
365 2 tid 106005
190 tid 106005
Insert  tid 106005
FindTargetPageId rootid 3 tid 106005
target_page_id id: 1 tid 106005
0 1 tid 106005
365 2 tid 106005
191 tid 106005
Insert  tid 106005
FindTargetPageId rootid 3 tid 106005
target_page_id id: 1 tid 106005
0 1 tid 106005
365 2 tid 106005
192 tid 106005
Insert  tid 106005
FindTargetPageId rootid 3 tid 106005
target_page_id id: 1 tid 106005
0 1 tid 106005
365 2 tid 106005
193 tid 106005
Insert  tid 106005
FindTargetPageId rootid 3 tid 106005
target_page_id id: 1 tid 106005
0 1 tid 106005
365 2 tid 106005
194 tid 106005
Insert  tid 106005
FindTargetPageId rootid 3 tid 106005
target_page_id id: 1 tid 106005
0 1 tid 106005
365 2 tid 106005
195 tid 106005
Insert  tid 106005
FindTargetPageId rootid 3 tid 106005
target_page_id id: 1 tid 106005
0 1 tid 106005
365 2 tid 106005
196 tid 106005
Insert  tid 106005
FindTargetPageId rootid 3 tid 106005
target_page_id id: 1 tid 106005
0 1 tid 106005
365 2 tid 106005
197 tid 106005
Insert  tid 106005
FindTargetPageId rootid 3 tid 106005
target_page_id id: 1 tid 106005
0 1 tid 106005
365 2 tid 106005
198 tid 106005
Insert  tid 106005
FindTargetPageId rootid 3 tid 106005
target_page_id id: 1 tid 106005
0 1 tid 106005
365 2 tid 106005
199 tid 106005
Insert  tid 106005
FindTargetPageId rootid 3 tid 106005
target_page_id id: 1 tid 106005
0 1 tid 106005
365 2 tid 106005
200 tid 106005
Insert  tid 106005
FindTargetPageId rootid 3 tid 106005
target_page_id id: 1 tid 106005
0 1 tid 106005
365 2 tid 106005
201 tid 106005
Insert  tid 106005
FindTargetPageId rootid 3 tid 106005
target_page_id id: 1 tid 106005
0 1 tid 106005
365 2 tid 106005
202 tid 106005
Insert  tid 106005
FindTargetPageId rootid 3 tid 106005
target_page_id id: 1 tid 106005
0 1 tid 106005
365 2 tid 106005
203 tid 106005
Insert  tid 106005
FindTargetPageId rootid 3 tid 106005
target_page_id id: 1 tid 106005
0 1 tid 106005
365 2 tid 106005
204 tid 106005
Insert  tid 106005
FindTargetPageId rootid 3 tid 106005
target_page_id id: 1 tid 106005
0 1 tid 106005
365 2 tid 106005
205 tid 106005
Insert  tid 106005
FindTargetPageId rootid 3 tid 106005
target_page_id id: 1 tid 106005
0 1 tid 106005
365 2 tid 106005
206 tid 106005
Insert  tid 106005
FindTargetPageId rootid 3 tid 106005
target_page_id id: 1 tid 106005
0 1 tid 106005
365 2 tid 106005
207 tid 106005
Insert  tid 106005
FindTargetPageId rootid 3 tid 106005
target_page_id id: 1 tid 106005
0 1 tid 106005
365 2 tid 106005
208 tid 106005
Insert  tid 106005
FindTargetPageId rootid 3 tid 106005
target_page_id id: 1 tid 106005
0 1 tid 106005
365 2 tid 106005
209 tid 106005
Insert  tid 106005
FindTargetPageId rootid 3 tid 106005
target_page_id id: 1 tid 106005
0 1 tid 106005
365 2 tid 106005
210 tid 106005
Insert  tid 106005
FindTargetPageId rootid 3 tid 106005
target_page_id id: 1 tid 106005
0 1 tid 106005
365 2 tid 106005
211 tid 106005
Insert  tid 106005
FindTargetPageId rootid 3 tid 106005
target_page_id id: 1 tid 106005
0 1 tid 106005
365 2 tid 106005
212 tid 106005
Insert  tid 106005
FindTargetPageId rootid 3 tid 106005
target_page_id id: 1 tid 106005
0 1 tid 106005
365 2 tid 106005
213 tid 106005
Insert  tid 106005
FindTargetPageId rootid 3 tid 106005
target_page_id id: 1 tid 106005
0 1 tid 106005
365 2 tid 106005
214 tid 106005
Insert  tid 106005
FindTargetPageId rootid 3 tid 106005
target_page_id id: 1 tid 106005
0 1 tid 106005
365 2 tid 106005
215 tid 106005
Insert  tid 106005
FindTargetPageId rootid 3 tid 106005
target_page_id id: 1 tid 106005
0 1 tid 106005
365 2 tid 106005
216 tid 106005
Insert  tid 106005
FindTargetPageId rootid 3 tid 106005
target_page_id id: 1 tid 106005
0 1 tid 106005
365 2 tid 106005
217 tid 106005
Insert  tid 106005
FindTargetPageId rootid 3 tid 106003
target_page_id id: 1 tid 106003
0 1 tid 106003
365 2 tid 106003
218 tid 106003
FindTargetPageId rootid 3 tid 106005
target_page_id id: 1 tid 106005
0 1 tid 106005
365 2 tid 106005
Insert  tid 106003
218 tid 106005
Insert  tid 106005
FindTargetPageId rootid 3 tid 106005
target_page_id id: 1 tid 106005
0 1 tid 106005
365 2 tid 106005
219 tid 106005
Insert  tid 106005
FindTargetPageId rootid 3 tid 106005
target_page_id id: 1 tid 106005
0 1 tid 106005
365 2 tid 106005
220 tid 106005
Insert  tid 106005
FindTargetPageId rootid 3 tid 106005
target_page_id id: 1 tid 106005
0 1 tid 106005
365 2 tid 106005
221 tid 106005
Insert  tid 106005
FindTargetPageId rootid 3 tid 106005
target_page_id id: 1 tid 106005
0 1 tid 106005
365 2 tid 106005
222 tid 106005
Insert  tid 106005
FindTargetPageId rootid 3 tid 106005
target_page_id id: 1 tid 106005
0 1 tid 106005
365 2 tid 106005
223 tid 106005
Insert  tid 106005
FindTargetPageId rootid 3 tid 106005
target_page_id id: 1 tid 106005
0 1 tid 106005
365 2 tid 106005
224 tid 106005
Insert  tid 106005
FindTargetPageId rootid 3 tid 106005
target_page_id id: 1 tid 106005
0 1 tid 106005
365 2 tid 106005
225 tid 106005
Insert  tid 106005
FindTargetPageId rootid 3 tid 106005
target_page_id id: 1 tid 106005
0 1 tid 106005
365 2 tid 106005
226 tid 106005
Insert  tid 106005
FindTargetPageId rootid 3 tid 106005
target_page_id id: 1 tid 106005
0 1 tid 106005
365 2 tid 106005
227 tid 106005
Insert  tid 106005
FindTargetPageId rootid 3 tid 106005
target_page_id id: 1 tid 106005
0 1 tid 106005
365 2 tid 106005
228 tid 106005
Insert  tid 106005
FindTargetPageId rootid 3 tid 106004
target_page_id id: 1 tid 106004
0 1 tid 106004
365 2 tid 106004
229 tid 106004
Remove  tid 106004
FindTargetPageId rootid 3 tid 106003
target_page_id id: 1 tid 106003
0 1 tid 106003
365 2 tid 106003
228 tid 106003
Insert  tid 106003
FindTargetPageId rootid 3 tid 106003
target_page_id id: 1 tid 106003
0 1 tid 106003
365 2 tid 106003
228 tid 106003
Insert  tid 106003
FindTargetPageId rootid 3 tid 106003
target_page_id id: 1 tid 106003
0 1 tid 106003
365 2 tid 106003
228 tid 106003
Insert  tid 106003
FindTargetPageId rootid 3 tid 106003
target_page_id id: 1 tid 106003
0 1 tid 106003
365 2 tid 106003
228 tid 106003
Insert  tid 106003
FindTargetPageId rootid 3 tid 106003
target_page_id id: 1 tid 106003
0 1 tid 106003
365 2 tid 106003
228 tid 106003
Insert  tid 106003
FindTargetPageId rootid 3 tid 106003
target_page_id id: 1 tid 106003
0 1 tid 106003
365 2 tid 106003
228 tid 106003
Insert  tid 106003
FindTargetPageId rootid 3 tid 106003
target_page_id id: 1 tid 106003
0 1 tid 106003
365 2 tid 106003
228 tid 106003
Insert  tid 106003
FindTargetPageId rootid 3 tid 106004
target_page_id id: 1 tid 106004
0 1 tid 106004
365 2 tid 106004
228 tid 106004
Remove  tid 106004
FindTargetPageId rootid 3 tid 106004
target_page_id id: 1 tid 106004
0 1 tid 106004
365 2 tid 106004
227 tid 106004
Remove  tid 106004
FindTargetPageId rootid 3 tid 106004
target_page_id id: 1 tid 106004
0 1 tid 106004
365 2 tid 106004
226 tid 106004
Remove  tid 106004
FindTargetPageId rootid 3 tid 106004
target_page_id id: 1 tid 106004
0 1 tid 106004
365 2 tid 106004
225 tid 106004
Remove  tid 106004
FindTargetPageId rootid 3 tid 106004
target_page_id id: 1 tid 106004
0 1 tid 106004
365 2 tid 106004
224 tid 106004
FindTargetPageId rootid 3 tid 106005
target_page_id id: 1 tid 106005
0 1 tid 106005
365 2 tid 106005
223 tid 106005
Remove  tid 106004
FindTargetPageId rootid 3 tid 106003
target_page_id id: 1 tid 106003
0 1 tid 106003
365 2 tid 106003
Insert  tid 106005
224 tid 106003
Insert  tid 106003
FindTargetPageId rootid 3 tid 106004
target_page_id id: 1 tid 106004
0 1 tid 106004
365 2 tid 106004
224 tid 106004
Remove  tid 106004
FindTargetPageId rootid 3 tid 106004
target_page_id id: 1 tid 106004
0 1 tid 106004
365 2 tid 106004
223 tid 106004
Remove  tid 106004
FindTargetPageId rootid 3 tid 106004
target_page_id id: 1 tid 106004
0 1 tid 106004
365 2 tid 106004
222 tid 106004
Remove  tid 106004
FindTargetPageId rootid 3 tid 106004
target_page_id id: 1 tid 106004
0 1 tid 106004
365 2 tid 106004
221 tid 106004
Remove  tid 106004
FindTargetPageId rootid 3 tid 106005
target_page_id id: 1 tid 106005
0 1 tid 106005
365 2 tid 106005
220 tid 106005
Insert  tid 106005
FindTargetPageId rootid 3 tid 106005
target_page_id id: 1 tid 106005
0 1 tid 106005
365 2 tid 106005
221 tid 106005
Insert  tid 106005
FindTargetPageId rootid 3 tid 106005
target_page_id id: 1 tid 106005
0 1 tid 106005
365 2 tid 106005
222 tid 106005
Insert  tid 106005
FindTargetPageId rootid 3 tid 106005
target_page_id id: 1 tid 106005
0 1 tid 106005
365 2 tid 106005
223 tid 106005
Insert  tid 106005
FindTargetPageId rootid 3 tid 106005
target_page_id id: 1 tid 106005
0 1 tid 106005
365 2 tid 106005
224 tid 106005
Insert  tid 106005
FindTargetPageId rootid 3 tid 106005
target_page_id id: 1 tid 106005
0 1 tid 106005
365 2 tid 106005
225 tid 106005
Insert  tid 106005
FindTargetPageId rootid 3 tid 106005
target_page_id id: 1 tid 106005
0 1 tid 106005
365 2 tid 106005
226 tid 106005
Insert  tid 106005
FindTargetPageId rootid 3 tid 106005
target_page_id id: 1 tid 106005
0 1 tid 106005
365 2 tid 106005
227 tid 106005
Insert  tid 106005
FindTargetPageId rootid 3 tid 106005
target_page_id id: 1 tid 106005
0 1 tid 106005
365 2 tid 106005
228 tid 106005
Insert  tid 106005
FindTargetPageId rootid 3 tid 106005
target_page_id id: 1 tid 106005
0 1 tid 106005
365 2 tid 106005
229 tid 106005
Insert  tid 106005
FindTargetPageId rootid 3 tid 106005
target_page_id id: 1 tid 106005
0 1 tid 106005
365 2 tid 106005
230 tid 106005
Insert  tid 106005
FindTargetPageId rootid 3 tid 106005
target_page_id id: 1 tid 106005
0 1 tid 106005
365 2 tid 106005
231 tid 106005
Insert  tid 106005
FindTargetPageId rootid 3 tid 106005
target_page_id id: 1 tid 106005
0 1 tid 106005
365 2 tid 106005
232 tid 106005
Insert  tid 106005
FindTargetPageId rootid 3 tid 106005
target_page_id id: 1 tid 106005
0 1 tid 106005
365 2 tid 106005
233 tid 106005
Insert  tid 106005
FindTargetPageId rootid 3 tid 106005
target_page_id id: 1 tid 106005
0 1 tid 106005
365 2 tid 106005
234 tid 106005
Insert  tid 106005
FindTargetPageId rootid 3 tid 106005
target_page_id id: 1 tid 106005
0 1 tid 106005
365 2 tid 106005
235 tid 106005
Insert  tid 106005
FindTargetPageId rootid 3 tid 106005
target_page_id id: 1 tid 106005
0 1 tid 106005
365 2 tid 106005
236 tid 106005
Insert  tid 106005
FindTargetPageId rootid 3 tid 106005
target_page_id id: 1 tid 106005
0 1 tid 106005
365 2 tid 106005
237 tid 106005
Insert  tid 106005
FindTargetPageId rootid 3 tid 106005
target_page_id id: 1 tid 106005
0 1 tid 106005
365 2 tid 106005
238 tid 106005
Insert  tid 106005
FindTargetPageId rootid 3 tid 106005
target_page_id id: 1 tid 106005
0 1 tid 106005
365 2 tid 106005
239 tid 106005
Insert  tid 106005
FindTargetPageId rootid 3 tid 106005
target_page_id id: 1 tid 106005
0 1 tid 106005
365 2 tid 106005
240 tid 106005
Insert  tid 106005
FindTargetPageId rootid 3 tid 106005
target_page_id id: 1 tid 106005
0 1 tid 106005
365 2 tid 106005
241 tid 106005
Insert  tid 106005
FindTargetPageId rootid 3 tid 106005
target_page_id id: 1 tid 106005
0 1 tid 106005
365 2 tid 106005
242 tid 106005
Insert  tid 106005
FindTargetPageId rootid 3 tid 106005
target_page_id id: 1 tid 106005
0 1 tid 106005
365 2 tid 106005
243 tid 106005
Insert  tid 106005
FindTargetPageId rootid 3 tid 106004
target_page_id id: 1 tid 106004
0 1 tid 106004
365 2 tid 106004
244 tid 106004
Remove  tid 106004
FindTargetPageId rootid 3 tid 106003
target_page_id id: 1 tid 106003
0 1 tid 106003
365 2 tid 106003
243 tid 106003
Insert  tid 106003
FindTargetPageId rootid 3 tid 106003
target_page_id id: 1 tid 106003
0 1 tid 106003
365 2 tid 106003
243 tid 106003
Insert  tid 106003
FindTargetPageId rootid 3 tid 106003
target_page_id id: 1 tid 106003
0 1 tid 106003
365 2 tid 106003
243 tid 106003
Insert  tid 106003
FindTargetPageId rootid 3 tid 106003
target_page_id id: 1 tid 106003
0 1 tid 106003
365 2 tid 106003
243 tid 106003
Insert  tid 106003
FindTargetPageId rootid 3 tid 106003
target_page_id id: 1 tid 106003
0 1 tid 106003
365 2 tid 106003
243 tid 106003
Insert  tid 106003
FindTargetPageId rootid 3 tid 106003
target_page_id id: 1 tid 106003
0 1 tid 106003
365 2 tid 106003
243 tid 106003
Insert  tid 106003
FindTargetPageId rootid 3 tid 106003
target_page_id id: 1 tid 106003
0 1 tid 106003
365 2 tid 106003
243 tid 106003
Insert  tid 106003
FindTargetPageId rootid 3 tid 106003
target_page_id id: 1 tid 106003
0 1 tid 106003
365 2 tid 106003
243 tid 106003
Insert  tid 106003
FindTargetPageId rootid 3 tid 106003
target_page_id id: 1 tid 106003
0 1 tid 106003
365 2 tid 106003
243 tid 106003
Insert  tid 106003
FindTargetPageId rootid 3 tid 106003
target_page_id id: 1 tid 106003
0 1 tid 106003
365 2 tid 106003
243 tid 106003
Insert  tid 106003
FindTargetPageId rootid 3 tid 106003
target_page_id id: 1 tid 106003
0 1 tid 106003
365 2 tid 106003
243 tid 106003
Insert  tid 106003
FindTargetPageId rootid 3 tid 106003
target_page_id id: 1 tid 106003
0 1 tid 106003
365 2 tid 106003
243 tid 106003
Insert  tid 106003
FindTargetPageId rootid 3 tid 106003
target_page_id id: 1 tid 106003
0 1 tid 106003
365 2 tid 106003
243 tid 106003
Insert  tid 106003
FindTargetPageId rootid 3 tid 106003
target_page_id id: 1 tid 106003
0 1 tid 106003
365 2 tid 106003
243 tid 106003
Insert  tid 106003
FindTargetPageId rootid 3 tid 106003
target_page_id id: 1 tid 106003
0 1 tid 106003
365 2 tid 106003
243 tid 106003
Insert  tid 106003
FindTargetPageId rootid 3 tid 106003
target_page_id id: 1 tid 106003
0 1 tid 106003
365 2 tid 106003
243 tid 106003
Insert  tid 106003
FindTargetPageId rootid 3 tid 106003
target_page_id id: 1 tid 106003
0 1 tid 106003
365 2 tid 106003
243 tid 106003
Insert  tid 106003
FindTargetPageId rootid 3 tid 106003
target_page_id id: 1 tid 106003
0 1 tid 106003
365 2 tid 106003
243 tid 106003
Insert  tid 106003
FindTargetPageId rootid 3 tid 106003
target_page_id id: 1 tid 106003
0 1 tid 106003
365 2 tid 106003
243 tid 106003
Insert  tid 106003
FindTargetPageId rootid 3 tid 106003
target_page_id id: 1 tid 106003
0 1 tid 106003
365 2 tid 106003
243 tid 106003
Insert  tid 106003
FindTargetPageId rootid 3 tid 106003
target_page_id id: 1 tid 106003
0 1 tid 106003
365 2 tid 106003
243 tid 106003
Insert  tid 106003
FindTargetPageId rootid 3 tid 106003
target_page_id id: 1 tid 106003
0 1 tid 106003
365 2 tid 106003
243 tid 106003
Insert  tid 106003
FindTargetPageId rootid 3 tid 106003
target_page_id id: 1 tid 106003
0 1 tid 106003
365 2 tid 106003
243 tid 106003
FindTargetPageId rootid 3 tid 106005
Insert  tid target_page_id id: 1 tid 106005
1060030 1 tid 106005
365 2 tid 106005

243 tid 106005
Insert  tid 106005
FindTargetPageId rootid 3 tid 106005
target_page_id id: 1 tid 106005
0 1 tid 106005
365 2 tid 106005
244 tid 106005
Insert  tid 106005
FindTargetPageId rootid 3 tid 106005
target_page_id id: 1 tid 106005
0 1 tid 106005
365 2 tid 106005
245 tid 106005
Insert  tid 106005
FindTargetPageId rootid 3 tid 106005
target_page_id id: 1 tid 106005
0 1 tid 106005
365 2 tid 106005
246 tid 106005
Insert  tid 106005
FindTargetPageId rootid 3 tid 106005
target_page_id id: 1 tid 106005
0 1 tid 106005
365 2 tid 106005
247 tid 106005
Insert  tid 106005
FindTargetPageId rootid 3 tid 106005
target_page_id id: 1 tid 106005
0 1 tid 106005
365 2 tid 106005
248 tid 106005
Insert  tid 106005
FindTargetPageId rootid 3 tid 106005
target_page_id id: 1 tid 106005
0 1 tid 106005
365 2 tid 106005
249 tid 106005
Insert  tid 106005
FindTargetPageId rootid 3 tid 106004
target_page_id id: 1 tid 106004
0 1 tid 106004
365 2 tid 106004
250 tid 106004
Remove  tid 106004
FindTargetPageId rootid 3 tid 106004
target_page_id id: 1 tid 106004
0 1 tid 106004
365 2 tid 106004
249 tid 106004
Remove  tid 106004
FindTargetPageId rootid 3 tid 106004
target_page_id id: 1 tid 106004
0 1 tid 106004
365 2 tid 106004
248 tid 106004
Remove  tid 106004
FindTargetPageId rootid 3 tid 106005
target_page_id id: 1 tid 106005
0 1 tid 106005
365 2 tid 106005
247 tid 106005
Insert  tid 106005
FindTargetPageId rootid 3 tid 106005
target_page_id id: 1 tid 106005
0 1 tid 106005
365 2 tid 106005
248 tid 106005
Insert  tid 106005
FindTargetPageId rootid 3 tid 106005
target_page_id id: 1 tid 106005
0 1 tid 106005
365 2 tid 106005
249 tid 106005
Insert  tid 106005
FindTargetPageId rootid 3 tid 106005
target_page_id id: 1 tid 106005
0 1 tid 106005
365 2 tid 106005
250 tid 106005
Insert  tid 106005
FindTargetPageId rootid 3 tid 106005
target_page_id id: 1 tid 106005
0 1 tid 106005
365 2 tid 106005
251 tid 106005
Insert  tid 106005
FindTargetPageId rootid 3 tid 106005
target_page_id id: 1 tid 106005
0 1 tid 106005
365 2 tid 106005
252 tid 106005
Insert  tid 106005
FindTargetPageId rootid 3 tid 106005
target_page_id id: 1 tid 106005
0 1 tid 106005
365 2 tid 106005
253 tid 106005
Insert  tid 106005
FindTargetPageId rootid 3 tid 106005
target_page_id id: 1 tid 106005
0 1 tid 106005
365 2 tid 106005
254 tid 106005
FindTargetPageId rootid 3 tid 106003
target_page_id id: 1 tid 106003
0 1 tid 106003
135 4 tid 106003
365 2 tid 106003
127 tid 106003
Insert Insert  tid 106003
FindTargetPageId rootid 3 tid 106003
target_page_id id: 1 tid 106003
0 1 tid 106003
135 4 tid 106003
365 2 tid 106003
127 tid 106003
Insert  tid 106003
FindTargetPageId rootid 3 tid 106003
target_page_id id: 1 tid 106003
0 1 tid 106003
135 4 tid 106003
365 2 tid 106003
127 tid 106003
Insert  tid 106003
FindTargetPageId rootid 3 tid 106003
target_page_id id: 1 tid 106003
0 1 tid 106003
135 4 tid 106003
365 2 tid 106003
127 tid 106003
Insert  tid 106003
FindTargetPageId rootid 3 tid 106003
target_page_id id: 1 tid 106003
0 1 tid 106003
135 4 tid 106003
365 2 tid 106003
127 tid 106003
Insert  tid 106003
FindTargetPageId rootid 3 tid 106004
target_page_id id: 4 tid 106004
0 1 tid 106004
135 4 tid 106004
365 2 tid 106004
128 tid 106004
 tid 106005
FindTargetPageId rootid 3 tid 106005
target_page_id id: 4 tid 106005
0 1 tid 106005
135 4 tid 106005
365 2 tid 106005
127 tid 106005
Insert  tid 106005
FindTargetPageId rootid 3 tid 106005
target_page_id id: 4 tid 106005
0 1 tid 106005
135 4 tid 106005
365 2 tid 106005
128 tid 106005
Insert  tid 106005
FindTargetPageId rootid 3 tid 106005
target_page_id id: 4 tid 106005
0 1 tid 106005
135 4 tid 106005
365 2 tid 106005
129 tid 106005
Insert  tid 106005
FindTargetPageId rootid 3 tid 106005
target_page_id id: 4 tid 106005
0 1 tid 106005
135 4 tid 106005
365 2 tid 106005
130 tid 106005
Insert  tid 106005
FindTargetPageId rootid 3 tid 106005
target_page_id id: 4 tid 106005
0 1 tid 106005
135 4 tid 106005
365 2 tid 106005
131 tid 106005
Insert  tid 106005
FindTargetPageId rootid 3 tid 106005
target_page_id id: 4 tid 106005
0 1 tid 106005
135 4 tid 106005
365 2 tid 106005
132 tid 106005
Insert  tid 106005
FindTargetPageId rootid 3 tid 106005
target_page_id id: 4 tid 106005
0 1 tid 106005
135 4 tid 106005
365 2 tid 106005
133 tid 106005
Insert  tid 106005
FindTargetPageId rootid 3 tid 106005
target_page_id id: 4 tid 106005
0 1 tid 106005
135 4 tid 106005
365 2 tid 106005
134 tid 106005
Insert  tid 106005
FindTargetPageId rootid 3 tid 106005
target_page_id id: 4 tid 106005
0 1 tid 106005
135 4 tid 106005
365 2 tid 106005
135 tid 106005
Insert  tid 106005
FindTargetPageId rootid 3 tid 106005
target_page_id id: 4 tid 106005
0 1 tid 106005
135 4 tid 106005
365 2 tid 106005
136 tid 106005
Insert  tid 106005
FindTargetPageId rootid 3 tid 106005
target_page_id id: 4 tid 106005
0 1 tid 106005
135 4 tid 106005
365 2 tid 106005
137 tid 106005
Insert  tid 106005
FindTargetPageId rootid 3 tid 106005
target_page_id id: 4 tid 106005
0 1 tid 106005
135 4 tid 106005
365 2 tid 106005
138 tid 106005
Insert  tid 106005
FindTargetPageId rootid 3 tid 106005
target_page_id id: 4 tid 106005
0 1 tid 106005
135 4 tid 106005
365 2 tid 106005
139 tid 106005
Insert  tid 106005
FindTargetPageId rootid 3 tid 106005
target_page_id id: 4 tid 106005
0 1 tid 106005
135 4 tid 106005
365 2 tid 106005
140 tid 106005
Insert  tid 106005
FindTargetPageId rootid 3 tid 106005
target_page_id id: 4 tid 106005
0 1 tid 106005
135 4 tid 106005
365 2 tid 106005
141 tid 106005
Insert  tid 106005
FindTargetPageId rootid 3 tid 106005
target_page_id id: 4 tid 106005
0 1 tid 106005
135 4 tid 106005
365 2 tid 106005
142 tid 106005
Insert  tid 106005
FindTargetPageId rootid 3 tid 106005
target_page_id id: 4 tid 106005
0 1 tid 106005
135 4 tid 106005
365 2 tid 106005
143 tid 106005
Insert  tid 106005
FindTargetPageId rootid 3 tid 106005
target_page_id id: 4 tid 106005
0 1 tid 106005
135 4 tid 106005
365 2 tid 106005
144 tid 106005
Insert  tid 106005
FindTargetPageId rootid 3 tid 106005
target_page_id id: 4 tid 106005
0 1 tid 106005
135 4 tid 106005
365 2 tid 106005
145 tid 106005
Insert  tid 106005
FindTargetPageId rootid 3 tid 106005
target_page_id id: 4 tid 106005
0 1 tid 106005
135 4 tid 106005
365 2 tid 106005
146 tid 106005
Insert  tid 106005
FindTargetPageId rootid 3 tid 106005
target_page_id id: 4 tid 106005
0 1 tid 106005
135 4 tid 106005
365 2 tid 106005
147 tid 106005
Insert  tid 106005
FindTargetPageId rootid 3 tid 106005
target_page_id id: 4 tid 106005
0 1 tid 106005
135 4 tid 106005
365 2 tid 106005
148 tid 106005
Insert  tid 106005
FindTargetPageId rootid 3 tid 106005
target_page_id id: 4 tid 106005
0 1 tid 106005
135 4 tid 106005
365 2 tid 106005
149 tid 106005
Insert  tid 106005
FindTargetPageId rootid 3 tid 106005
target_page_id id: 4 tid 106005
0 1 tid 106005
135 4 tid 106005
365 2 tid 106005
150 tid 106005
Insert  tid 106005
FindTargetPageId rootid 3 tid 106005
target_page_id id: 4 tid 106005
0 1 tid 106005
135 4 tid 106005
365 2 tid 106005
151 tid 106005
Insert  tid 106005
FindTargetPageId rootid 3 tid 106005
target_page_id id: 4 tid 106005
0 1 tid 106005
135 4 tid 106005
365 2 tid 106005
152 tid 106005
Insert  tid 106005
FindTargetPageId rootid 3 tid 106005
target_page_id id: 4 tid 106005
0 1 tid 106005
135 4 tid 106005
365 2 tid 106005
153 tid 106005
Insert  tid 106005
FindTargetPageId rootid 3 tid 106005
target_page_id id: 4 tid 106005
0 1 tid 106005
135 4 tid 106005
365 2 tid 106005
154 tid 106005
Insert  tid 106005
FindTargetPageId rootid 3 tid 106005
target_page_id id: 4 tid 106005
0 1 tid 106005
135 4 tid 106005
365 2 tid 106005
155 tid 106005
Insert  tid 106005
FindTargetPageId rootid 3 tid 106005
target_page_id id: 4 tid 106005
0 1 tid 106005
135 4 tid 106005
365 2 tid 106005
156 tid 106005
Insert  tid 106005
FindTargetPageId rootid 3 tid 106005
target_page_id id: 4 tid 106005
0 1 tid 106005
135 4 tid 106005
365 2 tid 106005
157 tid 106005
Insert  tid 106005
FindTargetPageId rootid 3 tid 106005
target_page_id id: 4 tid 106005
0 1 tid 106005
135 4 tid 106005
365 2 tid 106005
158 tid 106005
Insert  tid 106005
FindTargetPageId rootid 3 tid 106005
target_page_id id: 4 tid 106005
0 1 tid 106005
135 4 tid 106005
365 2 tid 106005
159 tid 106005
Insert  tid 106005
FindTargetPageId rootid 3 tid 106005
target_page_id id: 4 tid 106005
0 1 tid 106005
135 4 tid 106005
365 2 tid 106005
160 tid 106005
Insert  tid 106005
FindTargetPageId rootid 3 tid 106005
target_page_id id: 4 tid 106005
0 1 tid 106005
135 4 tid 106005
365 2 tid 106005
161 tid 106005
Insert  tid 106005
FindTargetPageId rootid 3 tid 106005
target_page_id id: 4 tid 106005
0 1 tid 106005
135 4 tid 106005
365 2 tid 106005
162 tid 106005
Insert  tid 106005
FindTargetPageId rootid 3 tid 106005
target_page_id id: 4 tid 106005
0 1 tid 106005
135 4 tid 106005
365 2 tid 106005
163 tid 106005
Insert  tid 106005
FindTargetPageId rootid 3 tid 106005
target_page_id id: 4 tid 106005
0 1 tid 106005
135 4 tid 106005
365 2 tid 106005
164 tid 106005
Insert  tid 106005
FindTargetPageId rootid 3 tid 106005
target_page_id id: 4 tid 106005
0 1 tid 106005
135 4 tid 106005
365 2 tid 106005
165 tid 106005
Insert  tid 106005
FindTargetPageId rootid 3 tid 106005
target_page_id id: 4 tid 106005
0 1 tid 106005
135 4 tid 106005
365 2 tid 106005
166 tid 106005
Insert  tid 106005
FindTargetPageId rootid 3 tid 106005
target_page_id id: 4 tid 106005
0 1 tid 106005
135 4 tid 106005
365 2 tid 106005
167 tid 106005
Insert  tid 106005
FindTargetPageId rootid 3 tid 106005
target_page_id id: 4 tid 106005
0 1 tid 106005
135 4 tid 106005
365 2 tid 106005
168 tid 106005
Insert  tid 106005
FindTargetPageId rootid 3 tid 106005
target_page_id id: 4 tid 106005
0 1 tid 106005
135 4 tid 106005
365 2 tid 106005
169 tid 106005
Insert  tid 106005
FindTargetPageId rootid 3 tid 106005
target_page_id id: 4 tid 106005
0 1 tid 106005
135 4 tid 106005
365 2 tid 106005
170 tid 106005
Insert  tid 106005
FindTargetPageId rootid 3 tid 106005
target_page_id id: 4 tid 106005
0 1 tid 106005
135 4 tid 106005
365 2 tid 106005
171 tid 106005
Insert  tid 106005
FindTargetPageId rootid 3 tid 106005
target_page_id id: 4 tid 106005
0 1 tid 106005
135 4 tid 106005
365 2 tid 106005
172 tid 106005
Insert  tid 106005
FindTargetPageId rootid 3 tid 106005
target_page_id id: 4 tid 106005
0 1 tid 106005
135 4 tid 106005
365 2 tid 106005
173 tid 106005
Insert  tid 106005
FindTargetPageId rootid 3 tid 106005
target_page_id id: 4 tid 106005
0 1 tid 106005
135 4 tid 106005
365 2 tid 106005
174 tid 106005
Insert  tid 106005
FindTargetPageId rootid 3 tid 106005
target_page_id id: 4 tid 106005
0 1 tid 106005
135 4 tid 106005
365 2 tid 106005
175 tid 106005
Insert  tid 106005
FindTargetPageId rootid 3 tid 106005
target_page_id id: 4 tid 106005
0 1 tid 106005
135 4 tid 106005
365 2 tid 106005
176 tid 106005
Insert  tid 106005
FindTargetPageId rootid 3 tid 106005
target_page_id id: 4 tid 106005
0 1 tid 106005
135 4 tid 106005
365 2 tid 106005
177 tid 106005
Insert  tid 106005
FindTargetPageId rootid 3 tid 106005
target_page_id id: 4 tid 106005
0 1 tid 106005
135 4 tid 106005
365 2 tid 106005
178 tid 106005
Insert  tid 106005
FindTargetPageId rootid 3 tid 106005
target_page_id id: 4 tid 106005
0 1 tid 106005
135 4 tid 106005
365 2 tid 106005
179 tid 106005
Insert  tid 106005
FindTargetPageId rootid 3 tid 106005
target_page_id id: 4 tid 106005
0 1 tid 106005
135 4 tid 106005
365 2 tid 106005
180 tid 106005
Insert  tid 106005
FindTargetPageId rootid 3 tid 106005
target_page_id id: 4 tid 106005
0 1 tid 106005
135 4 tid 106005
365 2 tid 106005
181 tid 106005
Insert  tid 106005
FindTargetPageId rootid 3 tid 106005
target_page_id id: 4 tid 106005
0 1 tid 106005
135 4 tid 106005
365 2 tid 106005
182 tid 106005
Insert  tid 106005
FindTargetPageId rootid 3 tid 106005
target_page_id id: 4 tid 106005
0 1 tid 106005
135 4 tid 106005
365 2 tid 106005
183 tid 106005
Insert  tid 106005
FindTargetPageId rootid 3 tid 106005
target_page_id id: 4 tid 106005
0 1 tid 106005
135 4 tid 106005
365 2 tid 106005
184 tid 106005
Insert  tid 106005
FindTargetPageId rootid 3 tid 106005
target_page_id id: 4 tid 106005
0 1 tid 106005
135 4 tid 106005
365 2 tid 106005
185 tid 106005
Insert  tid 106005
FindTargetPageId rootid 3 tid 106005
target_page_id id: 4 tid 106005
0 1 tid 106005
135 4 tid 106005
365 2 tid 106005
186 tid 106005
Insert  tid 106005
FindTargetPageId rootid 3 tid 106005
target_page_id id: 4 tid 106005
0 1 tid 106005
135 4 tid 106005
365 2 tid 106005
187 tid 106005
Insert  tid 106005
FindTargetPageId rootid 3 tid 106005
target_page_id id: 4 tid 106005
0 1 tid 106005
135 4 tid 106005
365 2 tid 106005
188 tid 106005
Insert  tid 106005
FindTargetPageId rootid 3 tid 106005
target_page_id id: 4 tid 106005
0 1 tid 106005
135 4 tid 106005
365 2 tid 106005
189 tid 106005
Insert  tid 106005
FindTargetPageId rootid 3 tid 106005
target_page_id id: 4 tid 106005
0 1 tid 106005
135 4 tid 106005
365 2 tid 106005
190 tid 106005
Insert  tid 106005
FindTargetPageId rootid 3 tid 106005
target_page_id id: 4 tid 106005
0 1 tid 106005
135 4 tid 106005
365 2 tid 106005
191 tid 106005
Insert  tid 106005
FindTargetPageId rootid 3 tid 106005
target_page_id id: 4 tid 106005
0 1 tid 106005
135 4 tid 106005
365 2 tid 106005
192 tid 106005
Insert  tid 106005
FindTargetPageId rootid 3 tid 106005
target_page_id id: 4 tid 106005
0 1 tid 106005
135 4 tid 106005
365 2 tid 106005
193 tid 106005
Insert  tid 106005
FindTargetPageId rootid 3 tid 106005
target_page_id id: 4 tid 106005
0 1 tid 106005
135 4 tid 106005
365 2 tid 106005
194 tid 106005
Insert  tid 106005
FindTargetPageId rootid 3 tid 106005
target_page_id id: 4 tid 106005
0 1 tid 106005
135 4 tid 106005
365 2 tid 106005
195 tid 106005
Insert  tid 106005
FindTargetPageId rootid 3 tid 106005
target_page_id id: 4 tid 106005
0 1 tid 106005
135 4 tid 106005
365 2 tid 106005
196 tid 106005
Insert  tid 106005
FindTargetPageId rootid 3 tid 106005
target_page_id id: 4 tid 106005
0 1 tid 106005
135 4 tid 106005
365 2 tid 106005
197 tid 106005
Insert  tid 106005
FindTargetPageId rootid 3 tid 106005
target_page_id id: 4 tid 106005
0 1 tid 106005
135 4 tid 106005
365 2 tid 106005
198 tid 106005
Insert  tid 106005
FindTargetPageId rootid 3 tid 106005
target_page_id id: 4 tid 106005
0 1 tid 106005
135 4 tid 106005
365 2 tid 106005
199 tid 106005
Insert  tid 106005
FindTargetPageId rootid 3 tid 106005
target_page_id id: 4 tid 106005
0 1 tid 106005
135 4 tid 106005
365 2 tid 106005
200 tid 106005
Insert  tid 106005
FindTargetPageId rootid 3 tid 106005
target_page_id id: 4 tid 106005
0 1 tid 106005
135 4 tid 106005
365 2 tid 106005
201 tid 106005
Insert  tid 106005
FindTargetPageId rootid 3 tid 106005
target_page_id id: 4 tid 106005
0 1 tid 106005
135 4 tid 106005
365 2 tid 106005
202 tid 106005
Insert  tid 106005
FindTargetPageId rootid 3 tid 106005
target_page_id id: 4 tid 106005
0 1 tid 106005
135 4 tid 106005
365 2 tid 106005
203 tid 106005
Insert  tid 106005
FindTargetPageId rootid 3 tid 106005
target_page_id id: 4 tid 106005
0 1 tid 106005
135 4 tid 106005
365 2 tid 106005
204 tid 106005
Insert  tid 106005
FindTargetPageId rootid 3 tid 106005
target_page_id id: 4 tid 106005
0 1 tid 106005
135 4 tid 106005
365 2 tid 106005
205 tid 106005
Insert  tid 106005
FindTargetPageId rootid 3 tid 106005
target_page_id id: 4 tid 106005
0 1 tid 106005
135 4 tid 106005
365 2 tid 106005
206 tid 106005
Insert  tid 106005
FindTargetPageId rootid 3 tid 106005
target_page_id id: 4 tid 106005
0 1 tid 106005
135 4 tid 106005
365 2 tid 106005
207 tid 106005
Insert  tid 106005
FindTargetPageId rootid 3 tid 106005
target_page_id id: 4 tid 106005
0 1 tid 106005
135 4 tid 106005
365 2 tid 106005
208 tid 106005
Insert  tid 106005
FindTargetPageId rootid 3 tid 106005
target_page_id id: 4 tid 106005
0 1 tid 106005
135 4 tid 106005
365 2 tid 106005
209 tid 106005
Insert  tid 106005
FindTargetPageId rootid 3 tid 106005
target_page_id id: 4 tid 106005
0 1 tid 106005
135 4 tid 106005
365 2 tid 106005
210 tid 106005
Insert  tid 106005
FindTargetPageId rootid 3 tid 106005
target_page_id id: 4 tid 106005
0 1 tid 106005
135 4 tid 106005
365 2 tid 106005
211 tid 106005
Insert  tid 106005
FindTargetPageId rootid 3 tid 106005
target_page_id id: 4 tid 106005
0 1 tid 106005
135 4 tid 106005
365 2 tid 106005
212 tid 106005
Insert  tid 106005
FindTargetPageId rootid 3 tid 106005
target_page_id id: 4 tid 106005
0 1 tid 106005
135 4 tid 106005
365 2 tid 106005
213 tid 106005
Insert  tid 106005
FindTargetPageId rootid 3 tid 106005
target_page_id id: 4 tid 106005
0 1 tid 106005
135 4 tid 106005
365 2 tid 106005
214 tid 106005
Insert  tid 106005
FindTargetPageId rootid 3 tid 106005
target_page_id id: 2 tid 106005
0 1 tid 106005
135 4 tid 106005
365 2 tid 106005
128 tid 106005
Insert  tid 106005
FindTargetPageId rootid 3 tid 106005
target_page_id id: 2 tid 106005
0 1 tid 106005
135 4 tid 106005
365 2 tid 106005
129 tid 106005
Insert  tid 106005
FindTargetPageId rootid 3 tid 106005
target_page_id id: 2 tid 106005
0 1 tid 106005
135 4 tid 106005
365 2 tid 106005
130 tid 106005
Insert  tid 106005
FindTargetPageId rootid 3 tid 106005
target_page_id id: 2 tid 106005
0 1 tid 106005
135 4 tid 106005
365 2 tid 106005
131 tid 106005
Insert  tid 106005
FindTargetPageId rootid 3 tid 106005
target_page_id id: 2 tid 106005
0 1 tid 106005
135 4 tid 106005
365 2 tid 106005
132 tid 106005
Insert  tid 106005
FindTargetPageId rootid 3 tid 106005
target_page_id id: 2 tid 106005
0 1 tid 106005
135 4 tid 106005
365 2 tid 106005
133 tid 106005
Remove  tid Insert  tid 106004106005

FindTargetPageId rootid 3 tid 106003
target_page_id id: 1 tid 106003
0 1 tid 106003
135 4 tid 106003
365 2 tid 106003
127 tid 106003
Insert  tid 106003
FindTargetPageId rootid 3 tid 106004
target_page_id id: 4 tid 106004
0 1 tid 106004
135 4 tid 106004
365 2 tid 106004
215 tid 106004
Remove  tid 106004
FindTargetPageId rootid 3 tid 106005
target_page_id id: 2 tid 106005
0 1 tid 106005
135 4 tid 106005
365 2 tid 106005
134 tid 106005
Insert  tid 106005
FindTargetPageId rootid 3 tid 106003
target_page_id id: 1 tid 106003
0 1 tid 106003
135 4 tid 106003
365 2 tid 106003
127 tid 106003
Insert  tid 106003
FindTargetPageId rootid 3 tid 106003
target_page_id id: 1 tid 106003
0 1 tid 106003
135 4 tid 106003
365 2 tid 106003
127 tid 106003
FindTargetPageId rootid 3 tid Insert  tid 106004
target_page_id id: 4 tid 106004
0 1 tid 106004
135 4 tid 106004
365 2 tid 106004
214 tid 106004
Remove  tid 106004
FindTargetPageId rootid 3 tid 106005
target_page_id id: 2 tid 106005
0 1 tid 106005
135 4 tid 106005
365 2 tid 106005
135 tid 106005
Insert  tid 106005
FindTargetPageId rootid 3 tid 106005
target_page_id id: 2 tid 106005
0 1 tid 106005
135 4 tid 106005
365 2 tid 106005
136 tid 106005
Insert  tid 106005
FindTargetPageId rootid 3 tid 106005
target_page_id id: 2 tid 106005
0 1 tid 106005
135 4 tid 106005
365 2 tid 106005
137 tid 106005
Insert  tid 106005
FindTargetPageId rootid 3 tid 106005
target_page_id id: 2 tid 106005
0 1 tid 106005
135 4 tid 106005
365 2 tid 106005
138 tid 106005
Insert  tid 106005
FindTargetPageId rootid 3 tid 106005
target_page_id id: 2 tid 106005
0 1 tid 106005
135 4 tid 106005
365 2 tid 106005
139 tid 106005
Insert  tid 106005
FindTargetPageId rootid 3 tid 106005
target_page_id id: 2 tid 106005
0 1 tid 106005
135 4 tid 106005
365 2 tid 106005
140 tid 106005
Insert  tid 106005
FindTargetPageId rootid 3 tid 106005
target_page_id id: 2 tid 106005
0 1 tid 106005
135 4 tid 106005
365 2 tid 106005
141 tid 106005
Insert  tid 106005
FindTargetPageId rootid 3 tid 106005
target_page_id id: 2 tid 106005
0 1 tid 106005
135 4 tid 106005
365 2 tid 106005
142 tid 106005
Insert  tid 106005
FindTargetPageId rootid 3 tid 106005
target_page_id id: 2 tid 106005
0 1 tid 106005
135 4 tid 106005
365 2 tid 106005
143 tid 106005
Insert  tid 106005
FindTargetPageId rootid 3 tid 106005
target_page_id id: 2 tid 106005
0 1 tid 106005
135 4 tid 106005
365 2 tid 106005
144 tid 106005
Insert  tid 106005
FindTargetPageId rootid 3 tid 106005
target_page_id id: 2 tid 106005
0 1 tid 106005
135 4 tid 106005
365 2 tid 106005
145 tid 106005
Insert  tid 106005
FindTargetPageId rootid 3 tid 106005
target_page_id id: 2 tid 106005
0 1 tid 106005
135 4 tid 106005
365 2 tid 106005
146 tid 106005
Insert  tid 106005
FindTargetPageId rootid 3 tid 106005
target_page_id id: 2 tid 106005
0 1 tid 106005
135 4 tid 106005
365 2 tid 106005
147 tid 106005
Insert  tid 106005
FindTargetPageId rootid 3 tid 106005
target_page_id id: 2 tid 106005
0 1 tid 106005
135 4 tid 106005
365 2 tid 106005
148 tid 106005
Insert  tid 106005
FindTargetPageId rootid 3 tid 106005
target_page_id id: 2 tid 106005
0 1 tid 106005
135 4 tid 106005
365 2 tid 106005
149 tid 106005
Insert  tid 106005
FindTargetPageId rootid 3 tid 106005
target_page_id id: 2 tid 106005
0 1 tid 106005
135 4 tid 106005
365 2 tid 106005
150 tid 106005
Insert  tid 106005
FindTargetPageId rootid 3 tid 106005
target_page_id id: 2 tid 106005
0 1 tid 106005
135 4 tid 106005
365 2 tid 106005
151 tid 106005
Insert  tid 106005
FindTargetPageId rootid 3 tid 106005
target_page_id id: 2 tid 106005
0 1 tid 106005
135 4 tid 106005
365 2 tid 106005
152 tid 106005
Insert  tid 106005
FindTargetPageId rootid 3 tid 106005
target_page_id id: 2 tid 106005
0 1 tid 106005
135 4 tid 106005
365 2 tid 106005
153 tid 106005
Insert  tid 106005
FindTargetPageId rootid 3 tid 106005
target_page_id id: 2 tid 106005
0 1 tid 106005
135 4 tid 106005
365 2 tid 106005
154 tid 106005
Insert  tid 106005
FindTargetPageId rootid 3 tid 106005
target_page_id id: 2 tid 106005
0 1 tid 106005
135 4 tid 106005
365 2 tid 106005
155 tid 106005
Insert  tid 106005
FindTargetPageId rootid 3 tid 106005
target_page_id id: 2 tid 106005
0 1 tid 106005
135 4 tid 106005
365 2 tid 106005
156 tid 106005
Insert  tid 106005
FindTargetPageId rootid 3 tid 106005
target_page_id id: 2 tid 106005
0 1 tid 106005
135 4 tid 106005
365 2 tid 106005
157 tid 106005
Insert  tid 106005
FindTargetPageId rootid 3 tid 106005
target_page_id id: 2 tid 106005
0 1 tid 106005
135 4 tid 106005
365 2 tid 106005
158 tid 106005
Insert  tid 106005
FindTargetPageId rootid 3 tid 106005
target_page_id id: 2 tid 106005
0 1 tid 106005
135 4 tid 106005
365 2 tid 106005
159 tid 106005
Insert  tid 106005
FindTargetPageId rootid 3 tid 106005
target_page_id id: 2 tid 106005
0 1 tid 106005
135 4 tid 106005
365 2 tid 106005
160 tid 106005
Insert  tid 106005
FindTargetPageId rootid 3 tid 106005
target_page_id id: 2 tid 106005
0 1 tid 106005
135 4 tid 106005
365 2 tid 106005
161 tid 106005
Insert  tid 106005
FindTargetPageId rootid 3 tid 106005
target_page_id id: 2 tid 106005
0 1 tid 106005
135 4 tid 106005
365 2 tid 106005
162 tid 106005
Insert  tid 106005
FindTargetPageId rootid 3 tid 106005
target_page_id id: 2 tid 106005
0 1 tid 106005
135 4 tid 106005
365 2 tid 106005
163 tid 106005
Insert  tid 106005
FindTargetPageId rootid 3 tid 106005
target_page_id id: 2 tid 106005
0 1 tid 106005
135 4 tid 106005
365 2 tid 106005
164 tid 106005
Insert  tid 106005
FindTargetPageId rootid 3 tid 106005
target_page_id id: 2 tid 106005
0 1 tid 106005
135 4 tid 106005
365 2 tid 106005
165 tid 106005
Insert  tid 106005
FindTargetPageId rootid 3 tid 106005
target_page_id id: 2 tid 106005
0 1 tid 106005
135 4 tid 106005
365 2 tid 106005
166 tid 106005
Insert  tid 106005
FindTargetPageId rootid 3 tid 106005
target_page_id id: 2 tid 106005
0 1 tid 106005
135 4 tid 106005
365 2 tid 106005
167 tid 106005
Insert  tid 106005
FindTargetPageId rootid 3 tid 106005
target_page_id id: 2 tid 106005
0 1 tid 106005
135 4 tid 106005
365 2 tid 106005
168 tid 106005
Insert  tid 106005
FindTargetPageId rootid 3 tid 106005
target_page_id id: 2 tid 106005
0 1 tid 106005
135 4 tid 106005
365 2 tid 106005
169 tid 106005
Insert  tid 106005
FindTargetPageId rootid 3 tid 106005
target_page_id id: 2 tid 106005
0 1 tid 106005
135 4 tid 106005
365 2 tid 106005
170 tid 106005
Insert  tid 106005
FindTargetPageId rootid 3 tid 106005
target_page_id id: 2 tid 106005
0 1 tid 106005
135 4 tid 106005
365 2 tid 106005
171 tid 106005
Insert  tid 106005
FindTargetPageId rootid 3 tid 106005
target_page_id id: 2 tid 106005
0 1 tid 106005
135 4 tid 106005
365 2 tid 106005
172 tid 106005
Insert  tid 106005
FindTargetPageId rootid 3 tid 106005
target_page_id id: 2 tid 106005
0 1 tid 106005
135 4 tid 106005
365 2 tid 106005
173 tid 106005
Insert  tid 106005
FindTargetPageId rootid 3 tid 106005
target_page_id id: 2 tid 106005
0 1 tid 106005
135 4 tid 106005
365 2 tid 106005
174 tid 106005
Insert  tid 106005
FindTargetPageId rootid 3 tid 106005
target_page_id id: 2 tid 106005
0 1 tid 106005
135 4 tid 106005
365 2 tid 106005
175 tid 106005
Insert  tid 106005
FindTargetPageId rootid 3 tid 106005
target_page_id id: 2 tid 106005
0 1 tid 106005
135 4 tid 106005
365 2 tid 106005
176 tid 106005
Insert  tid 106005
FindTargetPageId rootid 3 tid 106005
target_page_id id: 2 tid 106005
0 1 tid 106005
135 4 tid 106005
365 2 tid 106005
177 tid 106005
Insert  tid 106005
FindTargetPageId rootid 3 tid 106005
target_page_id id: 2 tid 106005
0 1 tid 106005
135 4 tid 106005
365 2 tid 106005
178 tid 106005
Insert  tid 106005
FindTargetPageId rootid 3 tid 106005
target_page_id id: 2 tid 106005
0 1 tid 106005
135 4 tid 106005
365 2 tid 106005
179 tid 106005
Insert  tid 106005
FindTargetPageId rootid 3 tid 106005
target_page_id id: 2 tid 106005
0 1 tid 106005
135 4 tid 106005
365 2 tid 106005
180 tid 106005
Insert  tid 106005
FindTargetPageId rootid 3 tid 106005
target_page_id id: 2 tid 106005
0 1 tid 106005
135 4 tid 106005
365 2 tid 106005
181 tid 106005
Insert  tid 106005
FindTargetPageId rootid 3 tid 106005
target_page_id id: 2 tid 106005
0 1 tid 106005
135 4 tid 106005
365 2 tid 106005
182 tid 106005
Insert  tid 106005
FindTargetPageId rootid 3 tid 106005
target_page_id id: 2 tid 106005
0 1 tid 106005
135 4 tid 106005
365 2 tid 106005
183 tid 106005
Insert  tid 106005
FindTargetPageId rootid 3 tid 106005
target_page_id id: 2 tid 106005
0 1 tid 106005
135 4 tid 106005
365 2 tid 106005
184 tid 106005
Insert  tid 106005
FindTargetPageId rootid 3 tid 106005
target_page_id id: 2 tid 106005
0 1 tid 106005
135 4 tid 106005
365 2 tid 106005
185 tid 106005
Insert  tid 106005
FindTargetPageId rootid 3 tid 106005
target_page_id id: 2 tid 106005
0 1 tid 106005
135 4 tid 106005
365 2 tid 106005
186 tid 106005
Insert  tid 106005
FindTargetPageId rootid 3 tid 106005
target_page_id id: 2 tid 106005
0 1 tid 106005
135 4 tid 106005
365 2 tid 106005
187 tid 106005
Insert  tid 106005
FindTargetPageId rootid 3 tid 106005
target_page_id id: 2 tid 106005
0 1 tid 106005
135 4 tid 106005
365 2 tid 106005
188 tid 106005
Insert  tid 106005
FindTargetPageId rootid 3 tid 106005
target_page_id id: 2 tid 106005
0 1 tid 106005
135 4 tid 106005
365 2 tid 106005
189 tid 106005
Insert  tid 106005
FindTargetPageId rootid 3 tid 106005
target_page_id id: 2 tid 106005
0 1 tid 106005
135 4 tid 106005
365 2 tid 106005
190 tid 106005
Insert  tid 106005
FindTargetPageId rootid 3 tid 106005
target_page_id id: 2 tid 106005
0 1 tid 106005
135 4 tid 106005
365 2 tid 106005
191 tid 106005
Insert  tid 106005
FindTargetPageId rootid 3 tid 106005
target_page_id id: 2 tid 106005
0 1 tid 106005
135 4 tid 106005
365 2 tid 106005
192 tid 106005
Insert  tid 106005
FindTargetPageId rootid 3 tid 106005
target_page_id id: 2 tid 106005
0 1 tid 106005
135 4 tid 106005
365 2 tid 106005
193 tid 106005
Insert  tid 106005
FindTargetPageId rootid 3 tid 106005
target_page_id id: 2 tid 106005
0 1 tid 106005
135 4 tid 106005
365 2 tid 106005
194 tid 106005
Insert  tid 106005
FindTargetPageId rootid 3 tid 106005
target_page_id id: 2 tid 106005
0 1 tid 106005
135 4 tid 106005
365 2 tid 106005
195 tid 106005
Insert  tid 106005
FindTargetPageId rootid 3 tid 106005
target_page_id id: 2 tid 106005
0 1 tid 106005
135 4 tid 106005
365 2 tid 106005
196 tid 106005
Insert  tid 106005
FindTargetPageId rootid 3 tid 106005
target_page_id id: 2 tid 106005
0 1 tid 106005
135 4 tid 106005
365 2 tid 106005
197 tid 106005
Insert  tid 106005
FindTargetPageId rootid 3 tid 106005
target_page_id id: 2 tid 106005
0 1 tid 106005
135 4 tid 106005
365 2 tid 106005
198 tid 106005
Insert  tid 106005
FindTargetPageId rootid 3 tid 106005
target_page_id id: 2 tid 106005
0 1 tid 106005
135 4 tid 106005
365 2 tid 106005
199 tid 106005
Insert  tid 106005
FindTargetPageId rootid 3 tid 106005
target_page_id id: 2 tid 106005
0 1 tid 106005
135 4 tid 106005
365 2 tid 106005
200 tid 106005
Insert  tid 106005
FindTargetPageId rootid 3 tid 106005
target_page_id id: 2 tid 106005
0 1 tid 106005
135 4 tid 106005
365 2 tid 106005
106003
201 tid 106005
Insert  tid 106005
FindTargetPageId rootid 3 tid 106005
target_page_id id: 2 tid 106005
0 1 tid 106005
135 4 tid 106005
365 2 tid 106005
202 tid 106005
Insert  tid 106005
FindTargetPageId rootid 3 tid 106004
target_page_id id: 4 tid 106004
0 1 tid 106004
135 4 tid 106004
365 2 tid 106004
213 tid 106004
Remove  tid 106004
FindTargetPageId rootid 3 tid 106003
target_page_id id: 1 tid 106003
0 1 tid 106003
135 4 tid 106003
365 2 tid 106003
127 tid 106003
Insert  tid 106003
FindTargetPageId rootid 3 tid 106005
target_page_id id: 2 tid 106005
0 1 tid 106005
135 4 tid 106005
365 2 tid 106005
203 tid 106005
Insert  tid 106005
FindTargetPageId rootid 3 tid 106004
target_page_id id: 4 tid 106004
0 1 tid 106004
135 4 tid 106004
365 2 tid 106004
212 tid 106004
Remove  tid 106004
FindTargetPageId rootid 3 tid 106004
target_page_id id: 4 tid 106004
0 1 tid 106004
135 4 tid 106004
365 2 tid 106004
211 tid 106004
Remove  tid 106004
FindTargetPageId rootid 3 tid 106004
target_page_id id: 4 tid 106004
0 1 tid 106004
135 4 tid 106004
365 2 tid 106004
210 tid 106004
Remove  tid 106004
FindTargetPageId rootid 3 tid 106004
target_page_id id: 4 tid 106004
0 1 tid 106004
135 4 tid 106004
365 2 tid 106004
209 tid 106004
Remove  tid 106004
FindTargetPageId rootid 3 tid 106004
target_page_id id: 4 tid 106004
0 1 tid 106004
135 4 tid 106004
365 2 tid 106004
208 tid 106004
Remove  tid 106004
FindTargetPageId rootid 3 tid 106004
target_page_id id: 4 tid 106004
0 1 tid 106004
135 4 tid 106004
365 2 tid 106004
207 tid 106004
Remove  tid 106004
FindTargetPageId rootid 3 tid 106004
target_page_id id: 4 tid 106004
0 1 tid 106004
135 4 tid 106004
365 2 tid 106004
206 tid 106004
Remove  tid 106004
FindTargetPageId rootid 3 tid 106004
target_page_id id: 4 tid 106004
0 1 tid 106004
135 4 tid 106004
365 2 tid 106004
205 tid 106004
Remove  tid 106004
FindTargetPageId rootid 3 tid 106004
target_page_id id: 4 tid 106004
0 1 tid 106004
135 4 tid 106004
365 2 tid 106004
204 tid 106004
Remove  tid 106004
FindTargetPageId rootid 3 tid 106004
target_page_id id: 4 tid 106004
0 1 tid 106004
135 4 tid 106004
365 2 tid 106004
203 tid 106004
Remove  tid 106004
FindTargetPageId rootid 3 tid 106004
target_page_id id: 4 tid 106004
0 1 tid 106004
135 4 tid 106004
365 2 tid 106004
202 tid 106004
Remove  tid 106004
FindTargetPageId rootid 3 tid 106003
target_page_id id: 1 tid 106003
0 1 tid 106003
135 4 tid 106003
365 2 tid 106003
127 tid 106003
Insert  tid 106003
FindTargetPageId rootid 3 tid 106005
target_page_id id: 2 tid 106005
0 1 tid 106005
135 4 tid 106005
365 2 tid 106005
204 tid 106005
Insert  tid 106005
FindTargetPageId rootid 3 tid 106005
target_page_id id: 2 tid 106005
0 1 tid 106005
135 4 tid 106005
365 2 tid 106005
205 tid 106005
Insert  tid 106005
FindTargetPageId rootid 3 tid 106005
target_page_id id: 2 tid 106005
0 1 tid 106005
135 4 tid 106005
365 2 tid 106005
206 tid 106005
Insert  tid 106005
FindTargetPageId rootid 3 tid 106005
target_page_id id: 2 tid 106005
0 1 tid 106005
135 4 tid 106005
365 2 tid 106005
207 tid 106005
Insert  tid 106005
FindTargetPageId rootid 3 tid 106005
target_page_id id: 2 tid 106005
0 1 tid 106005
135 4 tid 106005
365 2 tid 106005
208 tid 106005
Insert  tid 106005
FindTargetPageId rootid 3 tid 106005
target_page_id id: 2 tid 106005
0 1 tid 106005
135 4 tid 106005
365 2 tid 106005
209 tid 106005
Insert  tid 106005
FindTargetPageId rootid 3 tid 106005
target_page_id id: 2 tid 106005
0 1 tid 106005
135 4 tid 106005
365 2 tid 106005
210 tid 106005
Insert  tid 106005
FindTargetPageId rootid 3 tid 106005
target_page_id id: 2 tid 106005
0 1 tid 106005
135 4 tid 106005
365 2 tid 106005
211 tid 106005
Insert  tid 106005
FindTargetPageId rootid 3 tid 106005
target_page_id id: 2 tid 106005
0 1 tid 106005
135 4 tid 106005
365 2 tid 106005
212 tid 106005
Insert  tid 106005
FindTargetPageId rootid 3 tid 106005
target_page_id id: 2 tid 106005
0 1 tid 106005
135 4 tid 106005
365 2 tid 106005
213 tid 106005
Insert  tid 106005
FindTargetPageId rootid 3 tid 106005
target_page_id id: 2 tid 106005
0 1 tid 106005
135 4 tid 106005
365 2 tid 106005
214 tid 106005
Insert  tid 106005
FindTargetPageId rootid 3 tid 106005
target_page_id id: 2 tid 106005
0 1 tid 106005
135 4 tid 106005
365 2 tid 106005
215 tid 106005
Insert  tid 106005
FindTargetPageId rootid 3 tid 106005
target_page_id id: 2 tid 106005
0 1 tid 106005
135 4 tid 106005
365 2 tid 106005
216 tid 106005
Insert  tid 106005
FindTargetPageId rootid 3 tid 106005
target_page_id id: 2 tid 106005
0 1 tid 106005
135 4 tid 106005
365 2 tid 106005
217 tid 106005
Insert  tid 106005
FindTargetPageId rootid 3 tid 106005
target_page_id id: 2 tid 106005
0 1 tid 106005
135 4 tid 106005
365 2 tid 106005
218 tid 106005
Insert  tid 106005
FindTargetPageId rootid 3 tid 106003
target_page_id id: 1 tid 106003
0 1 tid 106003
135 4 tid 106003
365 2 tid 106003
127 tid 106003
Insert  tid 106003
FindTargetPageId rootid 3 tid 106004
target_page_id id: 4 tid 106004
0 1 tid 106004
135 4 tid 106004
365 2 tid 106004
201 tid 106004
Remove  tid 106004
FindTargetPageId rootid 3 tid 106004
target_page_id id: 4 tid 106004
0 1 tid 106004
135 4 tid 106004
365 2 tid 106004
200 tid 106004
Remove  tid 106004
FindTargetPageId rootid 3 tid 106004
target_page_id id: 4 tid 106004
0 1 tid 106004
135 4 tid 106004
365 2 tid 106004
199 tid 106004
Remove  tid 106004
FindTargetPageId rootid 3 tid 106004
target_page_id id: 4 tid 106004
0 1 tid 106004
135 4 tid 106004
365 2 tid 106004
198 tid 106004
Remove  tid 106004
FindTargetPageId rootid 3 tid 106004
target_page_id id: 4 tid 106004
0 1 tid 106004
135 4 tid 106004
365 2 tid 106004
197 tid 106004
Remove  tid 106004
FindTargetPageId rootid 3 tid 106005
target_page_id id: 2 tid 106005
0 1 tid 106005
135 4 tid 106005
365 2 tid 106005
219 tid 106005
Insert  tid 106005
FindTargetPageId rootid 3 tid 106005
target_page_id id: 2 tid 106005
0 1 tid 106005
135 4 tid 106005
365 2 tid 106005
220 tid 106005
Insert  tid 106005
FindTargetPageId rootid 3 tid 106005
target_page_id id: 2 tid 106005
0 1 tid 106005
135 4 tid 106005
365 2 tid 106005
221 tid 106005
Insert  tid 106005
FindTargetPageId rootid 3 tid 106005
target_page_id id: 2 tid 106005
0 1 tid 106005
135 4 tid 106005
365 2 tid 106005
222 tid 106005
Insert  tid 106005
FindTargetPageId rootid 3 tid 106005
target_page_id id: 2 tid 106005
0 1 tid 106005
135 4 tid 106005
365 2 tid 106005
223 tid 106005
Insert  tid 106005
FindTargetPageId rootid 3 tid 106005
target_page_id id: 2 tid 106005
0 1 tid 106005
135 4 tid 106005
365 2 tid 106005
224 tid 106005
Insert  tid 106005
FindTargetPageId rootid 3 tid 106005
target_page_id id: 2 tid 106005
0 1 tid 106005
135 4 tid 106005
365 2 tid 106005
225 tid 106005
Insert  tid 106005
FindTargetPageId rootid 3 tid 106005
target_page_id id: 2 tid 106005
0 1 tid 106005
135 4 tid 106005
365 2 tid 106005
226 tid 106005
Insert  tid 106005
FindTargetPageId rootid 3 tid 106005
target_page_id id: 2 tid 106005
0 1 tid 106005
135 4 tid 106005
365 2 tid 106005
227 tid 106005
Insert  tid 106005
FindTargetPageId rootid 3 tid 106005
target_page_id id: 2 tid 106005
0 1 tid 106005
135 4 tid 106005
365 2 tid 106005
228 tid 106005
Insert  tid 106005
FindTargetPageId rootid 3 tid 106005
target_page_id id: 2 tid 106005
0 1 tid 106005
135 4 tid 106005
365 2 tid 106005
229 tid 106005
Insert  tid 106005
FindTargetPageId rootid 3 tid 106005
target_page_id id: 2 tid 106005
0 1 tid 106005
135 4 tid 106005
365 2 tid 106005
230 tid 106005
Insert  tid 106005
FindTargetPageId rootid 3 tid 106005
target_page_id id: 2 tid 106005
0 1 tid 106005
135 4 tid 106005
365 2 tid 106005
231 tid 106005
Insert  tid 106005
FindTargetPageId rootid 3 tid 106005
target_page_id id: 2 tid 106005
0 1 tid 106005
135 4 tid 106005
365 2 tid 106005
232 tid 106005
Insert  tid 106005
FindTargetPageId rootid 3 tid 106005
target_page_id id: 2 tid 106005
0 1 tid 106005
135 4 tid 106005
365 2 tid 106005
233 tid 106005
Insert  tid 106005
FindTargetPageId rootid 3 tid 106005
target_page_id id: 2 tid 106005
0 1 tid 106005
135 4 tid 106005
365 2 tid 106005
234 tid 106005
Insert  tid 106005
FindTargetPageId rootid 3 tid 106005
target_page_id id: 2 tid 106005
0 1 tid 106005
135 4 tid 106005
365 2 tid 106005
235 tid 106005
Insert  tid 106005
FindTargetPageId rootid 3 tid 106005
target_page_id id: 2 tid 106005
0 1 tid 106005
135 4 tid 106005
365 2 tid 106005
236 tid 106005
Insert  tid 106005
FindTargetPageId rootid 3 tid 106005
target_page_id id: 2 tid 106005
0 1 tid 106005
135 4 tid 106005
365 2 tid 106005
237 tid 106005
Insert  tid 106005
FindTargetPageId rootid 3 tid 106005
target_page_id id: 2 tid 106005
0 1 tid 106005
135 4 tid 106005
365 2 tid 106005
238 tid 106005
Insert  tid 106005
FindTargetPageId rootid 3 tid 106005
target_page_id id: 2 tid 106005
0 1 tid 106005
135 4 tid 106005
365 2 tid 106005
239 tid 106005
Insert  tid 106005
FindTargetPageId rootid 3 tid 106005
target_page_id id: 2 tid 106005
0 1 tid 106005
135 4 tid 106005
365 2 tid 106005
240 tid 106005
Insert  tid 106005
FindTargetPageId rootid 3 tid 106005
target_page_id id: 2 tid 106005
0 1 tid 106005
135 4 tid 106005
365 2 tid 106005
241 tid 106005
Insert  tid 106005
FindTargetPageId rootid 3 tid 106005
target_page_id id: 2 tid 106005
0 1 tid 106005
135 4 tid 106005
365 2 tid 106005
242 tid 106005
Insert  tid 106005
FindTargetPageId rootid 3 tid 106005
target_page_id id: 2 tid 106005
0 1 tid 106005
135 4 tid 106005
365 2 tid 106005
243 tid 106005
Insert  tid 106005
FindTargetPageId rootid 3 tid 106005
target_page_id id: 2 tid 106005
0 1 tid 106005
135 4 tid 106005
365 2 tid 106005
244 tid 106005
Insert  tid 106005
FindTargetPageId rootid 3 tid 106005
target_page_id id: 2 tid 106005
0 1 tid 106005
135 4 tid 106005
365 2 tid 106005
245 tid 106005
Insert  tid 106005
FindTargetPageId rootid 3 tid 106005
target_page_id id: 2 tid 106005
0 1 tid 106005
135 4 tid 106005
365 2 tid 106005
246 tid 106005
Insert  tid 106005
FindTargetPageId rootid 3 tid 106005
target_page_id id: 2 tid 106005
0 1 tid 106005
135 4 tid 106005
365 2 tid 106005
247 tid 106005
Insert  tid 106005
FindTargetPageId rootid 3 tid 106004
target_page_id id: 4 tid 106004
0 1 tid 106004
135 4 tid 106004
365 2 tid 106004
196 tid 106004
Remove  tid 106004
FindTargetPageId rootid 3 tid 106004
target_page_id id: 4 tid 106004
0 1 tid 106004
135 4 tid 106004
365 2 tid 106004
195 tid 106004
FindTargetPageId rootid 3 tid 106005
target_page_id id: 2 tid 106005
0 1 tid 106005
135 4 tid 106005
365 2 tid 106005
248 tid 106005
Insert  tid 106005
FindTargetPageId rootid 3 tid 106005
target_page_id id: 2 tid 106005
0 1 tid 106005
135 4 tid 106005
365 2 tid 106005
Remove 249 tid 106005
 tid 106004
FindTargetPageId rootid 3 tid 106003
target_page_id id: 1 tid 106003
0 1 tid 106003
135 4 tid 106003
365 2 tid 106003
127 tid 106003
Insert  tid 106003
Insert FindTargetPageId rootid 3 tid  tid 106003
target_page_id id: 1 tid 106003
0 1 tid 106003
135 4 tid 106003
365 2 tid 106003
127 tid 106003
Insert  tid 106003
FindTargetPageId rootid 3 tid 106003
target_page_id id: 1 tid 106003
0 1 tid 106003
135 4 tid 106003
365 2 tid 106003
127 tid 106003
Insert  tid 106003
FindTargetPageId rootid 3 tid 106004
target_page_id id: 4 tid 106004
0 1 tid 106004
135 4 tid 106004
365 2 tid 106004
194 tid 106004
Remove  tid 106004
FindTargetPageId rootid 3 tid 106003
target_page_id id: 1 tid 106003
0 1 tid 106003
135 4 tid 106003
365 2 tid 106003
127 tid 106003
Insert  tid 106003
FindTargetPageId rootid 3 tid 106003
target_page_id id: 1 tid 106003
0 1 tid 106003
135 4 tid 106003
365 2 tid 106003
127 tid 106003
Insert  tid 106003
FindTargetPageId rootid 3 tid 106003
target_page_id id: 1 tid 106003
0 1 tid 106003
135 4 tid 106003
365 2 tid 106003
127 tid 106003
Insert  tid 106003
FindTargetPageId rootid 3 tid 106003
target_page_id id: 1 tid 106003
0 1 tid 106003
135 4 tid 106003
365 2 tid 106003
127 tid 106003
Insert  tid 106003
FindTargetPageId rootid 3 tid 106003
target_page_id id: 1 tid 106003
0 1 tid 106003
135 4 tid 106003
365 2 tid 106003
127 tid 106003
Insert  tid 106003
FindTargetPageId rootid 3 tid 106003
target_page_id id: 1 tid 106003
0 1 tid 106003
135 4 tid 106003
365 2 tid 106003
127 tid 106003
Insert  tid 106003
FindTargetPageId rootid 3 tid 106003
target_page_id id: 1 tid 106003
0 1 tid 106003
135 4 tid 106003
365 2 tid 106003
127 tid 106003
Insert  tid 106003
FindTargetPageId rootid 3 tid 106003
target_page_id id: 1 tid 106003
0 1 tid 106003
135 4 tid 106003
365 2 tid 106003
127 tid 106003
Insert  tid 106003
FindTargetPageId rootid 3 tid 106003
target_page_id id: 1 tid 106003
0 1 tid 106003
135 4 tid 106003
365 2 tid 106003
127 tid 106003
Insert  tid 106003
FindTargetPageId rootid 3 tid 106003
target_page_id id: 1 tid 106003
0 1 tid 106003
135 4 tid 106003
365 2 tid 106003
127 tid 106003
Insert  tid 106003
FindTargetPageId rootid 3 tid 106003
target_page_id id: 1 tid 106003
0 1 tid 106003
135 4 tid 106003
365 2 tid 106003
127 tid 106003
Insert  tid 106003
FindTargetPageId rootid 3 tid 106003
target_page_id id: 1 tid 106003
0 1 tid 106003
135 4 tid 106003
365 2 tid 106003
127 tid 106003
Insert  tid 106003
FindTargetPageId rootid 3 tid 106003
target_page_id id: 1 tid 106003
0 1 tid 106003
135 4 tid 106003
365 2 tid 106003
127 tid 106003
Insert  tid 106003
FindTargetPageId rootid 3 tid 106003
target_page_id id: 4 tid 106003
0 1 tid 106003
135 4 tid 106003
365 2 tid 106003
193 tid 106003
Insert  tid 106003
FindTargetPageId rootid 3 tid 106003
target_page_id id: 4 tid 106003
0 1 tid 106003
135 4 tid 106003
365 2 tid 106003
193 tid 106003
Insert  tid 106003
FindTargetPageId rootid 3 tid 106003
target_page_id id: 4 tid 106003
0 1 tid 106003
135 4 tid 106003
365 2 tid 106003
193 tid 106003
Insert  tid 106003
FindTargetPageId rootid 3 tid 106003
target_page_id id: 4 tid 106003
0 1 tid 106003
135 4 tid 106003
365 2 tid 106003
193 tid 106003
Insert  tid 106003
FindTargetPageId rootid 3 tid 106003
target_page_id id: 4 tid 106003
0 1 tid 106003
135 4 tid 106003
365 2 tid 106003
193 tid 106003
Insert  tid 106003
FindTargetPageId rootid 3 tid 106003
target_page_id id: 4 tid 106003
0 1 tid 106003
135 4 tid 106003
365 2 tid 106003
193 tid 106003
Insert  tid 106003
FindTargetPageId rootid 3 tid 106003
target_page_id id: 4 tid 106003
0 1 tid 106003
135 4 tid 106003
365 2 tid 106003
193 tid 106003
Insert  tid 106003
FindTargetPageId rootid 3 tid 106003
target_page_id id: 4 tid 106003
0 1 tid 106003
135 4 tid 106003
365 2 tid 106003
193 tid 106003
Insert  tid 106003
FindTargetPageId rootid 3 tid 106003
target_page_id id: 4 tid 106003
0 1 tid 106003
135 4 tid 106003
365 2 tid 106003
193 tid 106003
Insert  tid 106003
FindTargetPageId rootid 3 tid 106003
target_page_id id: 4 tid 106003
0 1 tid 106003
135 4 tid 106003
365 2 tid 106003
193 tid 106003
Insert  tid 106003
FindTargetPageId rootid 3 tid 106003
target_page_id id: 4 tid 106003
0 1 tid 106003
135 4 tid 106003
365 2 tid 106003
194 tid 106003
Insert  tid 106003
FindTargetPageId rootid 3 tid 106003
target_page_id id: 4 tid 106003
0 1 tid 106003
135 4 tid 106003
365 2 tid 106003
195 tid 106003
Insert  tid 106003
FindTargetPageId rootid 3 tid 106003
target_page_id id: 4 tid 106003
0 1 tid 106003
135 4 tid 106003
365 2 tid 106003
196 tid 106003
Insert  tid 106003
FindTargetPageId rootid 3 tid 106003
target_page_id id: 4 tid 106003
0 1 tid 106003
135 4 tid 106003
365 2 tid 106003
197 tid 106003
Insert  tid 106003
FindTargetPageId rootid 3 tid 106003
target_page_id id: 4 tid 106003
0 1 tid 106003
135 4 tid 106003
365 2 tid 106003
198 tid 106003
Insert  tid 106003
FindTargetPageId rootid 3 tid 106003
target_page_id id: 4 tid 106003
0 1 tid 106003
135 4 tid 106003
365 2 tid 106003
199 tid 106003
Insert  tid 106003
FindTargetPageId rootid 3 tid 106003
target_page_id id: 4 tid 106003
0 1 tid 106003
135 4 tid 106003
365 2 tid 106003
200 tid 106003
Insert  tid 106003
FindTargetPageId rootid 3 tid 106003
target_page_id id: 4 tid 106003
0 1 tid 106003
135 4 tid 106003
365 2 tid 106003
201 tid 106003
Insert  tid 106003
FindTargetPageId rootid 3 tid 106003
target_page_id id: 4 tid 106003
0 1 tid 106003
135 4 tid 106003
365 2 tid 106003
202 tid 106003
Insert  tid 106003
FindTargetPageId rootid 3 tid 106003
target_page_id id: 4 tid 106003
0 1 tid 106003
135 4 tid 106003
365 2 tid 106003
203 tid 106003
Insert  tid 106003
FindTargetPageId rootid 3 tid 106003
target_page_id id: 4 tid 106003
0 1 tid 106003
135 4 tid 106003
365 2 tid 106003
204 tid 106003
Insert  tid 106003
FindTargetPageId rootid 3 tid 106003
target_page_id id: 4 tid 106003
0 1 tid 106003
135 4 tid 106003
365 2 tid 106003
205 tid 106003
Insert  tid 106003
FindTargetPageId rootid 3 tid 106003
target_page_id id: 4 tid 106003
0 1 tid 106003
135 4 tid 106003
365 2 tid 106003
106005206 tid 106003

FindTargetPageId rootid 3 tid 106004
target_page_id id: 4 tid 106004
0 1 tid 106004
135 4 tid 106004
365 2 tid 106004
207 tid 106004
Remove  tid 106004
Insert  tid 106003FindTargetPageId rootid 
3 tid 106004
target_page_id id: 4 tid 106004
0 1 tid 106004
135 4 tid 106004
365 2 tid 106004
206 tid 106004
Remove  tid 106004
FindTargetPageId rootid 3 tid 106004
target_page_id id: 4 tid 106004
0 1 tid 106004
135 4 tid 106004
365 2 tid 106004
205 tid 106004
Remove  tid 106004
FindTargetPageId rootid 3 tid 106004
target_page_id id: 4 tid 106004
0 1 tid 106004
135 4 tid 106004
365 2 tid 106004
204 tid 106004
Remove  tid 106004
FindTargetPageId rootid 3 tid 106004
target_page_id id: 4 tid 106004
0 1 tid 106004
135 4 tid 106004
365 2 tid 106004
203 tid 106004
Remove  tid 106004
FindTargetPageId rootid 3 tid 106004
target_page_id id: 4 tid 106004
0 1 tid 106004
135 4 tid 106004
365 2 tid 106004
202 tid 106004
Remove  tid 106004
FindTargetPageId rootid 3 tid 106004
target_page_id id: 4 tid 106004
0 1 tid 106004
135 4 tid 106004
365 2 tid 106004
201 tid 106004
Remove  tid 106004
FindTargetPageId rootid 3 tid 106004
target_page_id id: 4 tid 106004
0 1 tid 106004
135 4 tid 106004
365 2 tid 106004
200 tid 106004
Remove  tid 106004
FindTargetPageId rootid 3 tid 106004
target_page_id id: 4 tid 106004
0 1 tid 106004
135 4 tid 106004
365 2 tid 106004
199 tid 106004
Remove  tid 106004
FindTargetPageId rootid 3 tid 106004
target_page_id id: 4 tid 106004
0 1 tid 106004
135 4 tid 106004
365 2 tid 106004
198 tid 106004
Remove  tid 106004
FindTargetPageId rootid 3 tid 106004
target_page_id id: 4 tid 106004
0 1 tid 106004
135 4 tid 106004
365 2 tid 106004
197 tid 106004
Remove  tid 106004
FindTargetPageId rootid 3 tid 106004
target_page_id id: 4 tid 106004
0 1 tid 106004
135 4 tid 106004
365 2 tid 106004
196 tid 106004
Remove  tid 106004
FindTargetPageId rootid 3 tid 106003
target_page_id id: 4 tid 106003
0 1 tid 106003
135 4 tid 106003
365 2 tid 106003
195 tid 106003
Insert  tid 106003
FindTargetPageId rootid 3 tid 106003
target_page_id id: 4 tid 106003
0 1 tid 106003
135 4 tid 106003
365 2 tid 106003
196 tid 106003
Insert  tid 106003
FindTargetPageId rootid 3 tid 106003
target_page_id id: 4 tid 106003
0 1 tid 106003
135 4 tid 106003
365 2 tid 106003
197 tid 106003
Insert  tid 106003
FindTargetPageId rootid 3 tid 106005
target_page_id id: 2 tid 106005
0 1 tid 106005
135 4 tid 106005
365 2 tid 106005
250 tid 106005
Insert  tid 106005
FindTargetPageId rootid 3 tid 106005
target_page_id id: 2 tid 106005
0 1 tid 106005
135 4 tid 106005
365 2 tid 106005
251 tid 106005
Insert  tid 106005
FindTargetPageId rootid 3 tid 106005
target_page_id id: 2 tid 106005
0 1 tid 106005
135 4 tid 106005
365 2 tid 106005
252 tid 106005
Insert  tid 106005
FindTargetPageId rootid 3 tid 106005
target_page_id id: 2 tid 106005
0 1 tid 106005
135 4 tid 106005
365 2 tid 106005
253 tid 106005
Insert  tid 106005
FindTargetPageId rootid 3 tid 106005
target_page_id id: 2 tid 106005
0 1 tid 106005
135 4 tid 106005
365 2 tid 106005
254 tid 106005
Insert  tid 106005
FindTargetPageId rootid 3 tid 106005
target_page_id id: 5 tid 106005
0 1 tid 106005
135 4 tid 106005
365 2 tid 106005
492 5 tid 106005
128 tid 106005
Insert  tid 106005
FindTargetPageId rootid 3 tid 106005
target_page_id id: 5 tid 106005
0 1 tid 106005
135 4 tid 106005
365 2 tid 106005
492 5 tid 106005
129 tid 106005
Insert  tid 106005
FindTargetPageId rootid 3 tid 106003
target_page_id id: 4 tid 106003
0 1 tid 106003
135 4 tid 106003
365 2 tid 106003
492 5 tid 106003
198 tid 106003
Insert  tid 106003
FindTargetPageId rootid 3 tid 106004
target_page_id id: 4 tid 106004
0 1 tid 106004
135 4 tid 106004
365 2 tid 106004
492 5 tid 106004
199 tid 106004
Remove  tid 106004
FindTargetPageId rootid 3 tid 106005
target_page_id id: 5 tid 106005
0 1 tid 106005
135 4 tid 106005
365 2 tid 106005
492 5 tid 106005
130 tid 106005
Insert  tid 106005
FindTargetPageId rootid 3 tid 106005
target_page_id id: 5 tid 106005
0 1 tid 106005
135 4 tid 106005
365 2 tid 106005
492 5 tid 106005
131 tid 106005
Insert  tid 106005
FindTargetPageId rootid 3 tid 106005
target_page_id id: 5 tid 106005
0 1 tid 106005
135 4 tid 106005
365 2 tid 106005
492 5 tid 106005
132 tid 106005
Insert  tid 106005
FindTargetPageId rootid 3 tid 106003
target_page_id id: 4 tid 106003
0 1 tid 106003
135 4 tid 106003
365 2 tid 106003
492 5 tid 106003
198 tid 106003
Insert  tid 106003
FindTargetPageId rootid 3 tid 106003
target_page_id id: 4 tid 106003
0 1 tid 106003
135 4 tid 106003
365 2 tid 106003
492 5 tid 106003
199 tid 106003
Insert  tid 106003
FindTargetPageId rootid 3 tid 106003
target_page_id id: 4 tid 106003
0 1 tid 106003
135 4 tid 106003
365 2 tid 106003
492 5 tid 106003
200 tid 106003
Insert  tid 106003
FindTargetPageId rootid 3 tid 106003
target_page_id id: 4 tid 106003
0 1 tid 106003
135 4 tid 106003
365 2 tid 106003
492 5 tid 106003
201 tid 106003
Insert  tid 106003
FindTargetPageId rootid 3 tid 106003
target_page_id id: 4 tid 106003
0 1 tid 106003
135 4 tid 106003
365 2 tid 106003
492 5 tid 106003
202 tid 106003
Insert  tid 106003
FindTargetPageId rootid 3 tid 106003
target_page_id id: 4 tid 106003
0 1 tid 106003
135 4 tid 106003
365 2 tid 106003
492 5 tid 106003
203 tid 106003
Insert  tid 106003
FindTargetPageId rootid 3 tid 106003
target_page_id id: 4 tid 106003
0 1 tid 106003
135 4 tid 106003
365 2 tid 106003
492 5 tid 106003
204 tid 106003
Insert  tid 106003
FindTargetPageId rootid 3 tid 106003
target_page_id id: 4 tid 106003
0 1 tid 106003
135 4 tid 106003
365 2 tid 106003
492 5 tid 106003
205 tid 106003
Insert  tid 106003
FindTargetPageId rootid 3 tid 106003
target_page_id id: 4 tid 106003
0 1 tid 106003
135 4 tid 106003
365 2 tid 106003
492 5 tid 106003
206 tid 106003
Insert  tid 106003
FindTargetPageId rootid 3 tid 106003
target_page_id id: 4 tid 106003
0 1 tid 106003
135 4 tid 106003
365 2 tid 106003
492 5 tid 106003
207 tid 106003
Insert  tid 106003
FindTargetPageId rootid 3 tid 106003
target_page_id id: 4 tid 106003
0 1 tid 106003
135 4 tid 106003
365 2 tid 106003
492 5 tid 106003
208 tid 106003
Insert  tid 106003
FindTargetPageId rootid 3 tid 106003
target_page_id id: 4 tid 106003
0 1 tid 106003
135 4 tid 106003
365 2 tid 106003
492 5 tid 106003
209 tid 106003
Insert  tid 106003
FindTargetPageId rootid 3 tid 106003
target_page_id id: 4 tid 106003
0 1 tid 106003
135 4 tid 106003
365 2 tid 106003
492 5 tid 106003
210 tid 106003
Insert  tid 106003
FindTargetPageId rootid 3 tid 106005
target_page_id id: 5 tid 106005
0 1 tid 106005
135 4 tid 106005
365 2 tid 106005
492 5 tid 106005
133 tid 106005
Insert  tid 106005
FindTargetPageId rootid 3 tid 106005
target_page_id id: 5 tid 106005
0 1 tid 106005
135 4 tid 106005
365 2 tid 106005
492 5 tid 106005
134 tid 106005
Insert  tid 106005
FindTargetPageId rootid 3 tid 106005
target_page_id id: 5 tid 106005
0 1 tid 106005
135 4 tid 106005
365 2 tid 106005
492 5 tid 106005
135 tid 106005
FindTargetPageId rootid 3 tid 106004
target_page_id id: 4 tid 106004
0 1 tid 106004
135 4 tid 106004
365 2 tid 106004
492 5 tid 106004
211 tid 106004
Insert  tid 106005
FindTargetPageId rootid 3 tid 106005
target_page_id id: 5 tid 106005
0 1 tid 106005
135 4 tid 106005
365 2 tid 106005
492 5 tid 106005
Remove  tid 106004
136 tid 106005
Insert  tid 106005
FindTargetPageId rootid 3 tid 106003
target_page_id id: 4 tid 106003
0 1 tid 106003
135 4 tid 106003
365 2 tid 106003
492 5 tid 106003
210 tid 106003
Insert  tid 106003
FindTargetPageId rootid 3 tid 106004
target_page_id id: 4 tid 106004
0 1 tid 106004
135 4 tid 106004
365 2 tid 106004
492 5 tid 106004
211 tid 106004
Remove  tid 106004
FindTargetPageId rootid 3 tid 106004
target_page_id id: 4 tid 106004
0 1 tid 106004
135 4 tid 106004
365 2 tid 106004
492 5 tid 106004
210 tid 106004
Remove  tid 106004
FindTargetPageId rootid 3 tid 106004
target_page_id id: 4 tid 106004
0 1 tid 106004
135 4 tid 106004
365 2 tid 106004
492 5 tid 106004
209 tid 106004
Remove  tid 106004
FindTargetPageId rootid 3 tid 106004
target_page_id id: 4 tid 106004
0 1 tid 106004
135 4 tid 106004
365 2 tid 106004
492 5 tid 106004
208 tid 106004
Remove  tid 106004
FindTargetPageId rootid 3 tid 106004
target_page_id id: 4 tid 106004
0 1 tid 106004
135 4 tid 106004
365 2 tid 106004
492 5 tid 106004
207 tid 106004
Remove  tid 106004
FindTargetPageId rootid 3 tid 106004
target_page_id id: 4 tid 106004
0 1 tid 106004
135 4 tid 106004
365 2 tid 106004
492 5 tid 106004
206 tid 106004
Remove  tid 106004
FindTargetPageId rootid 3 tid 106004
target_page_id id: 4 tid 106004
0 1 tid 106004
135 4 tid 106004
365 2 tid 106004
492 5 tid 106004
205 tid 106004
Remove  tid 106004
FindTargetPageId rootid 3 tid 106004
target_page_id id: 4 tid 106004
0 1 tid 106004
135 4 tid 106004
365 2 tid 106004
492 5 tid 106004
204 tid 106004
Remove  tid 106004
FindTargetPageId rootid 3 tid 106004
target_page_id id: 4 tid 106004
0 1 tid 106004
135 4 tid 106004
365 2 tid 106004
492 5 tid 106004
203 tid 106004
Remove  tid 106004
FindTargetPageId rootid 3 tid 106004
target_page_id id: 4 tid 106004
0 1 tid 106004
135 4 tid 106004
365 2 tid 106004
492 5 tid 106004
202 tid 106004
Remove  tid 106004
FindTargetPageId rootid 3 tid 106004
target_page_id id: 4 tid 106004
0 1 tid 106004
135 4 tid 106004
365 2 tid 106004
492 5 tid 106004
201 tid 106004
Remove  tid 106004
FindTargetPageId rootid 3 tid 106004
target_page_id id: 4 tid 106004
0 1 tid 106004
135 4 tid 106004
365 2 tid 106004
492 5 tid 106004
200 tid 106004
Remove  tid 106004
FindTargetPageId rootid 3 tid 106004
target_page_id id: 4 tid 106004
0 1 tid 106004
135 4 tid 106004
365 2 tid 106004
492 5 tid 106004
199 tid 106004
Remove  tid 106004
FindTargetPageId rootid 3 tid 106004
target_page_id id: 4 tid 106004
0 1 tid 106004
135 4 tid 106004
365 2 tid 106004
492 5 tid 106004
198 tid 106004
Remove  tid 106004
FindTargetPageId rootid 3 tid 106004
target_page_id id: 4 tid 106004
0 1 tid 106004
135 4 tid 106004
365 2 tid 106004
492 5 tid 106004
197 tid 106004
Remove  tid 106004
FindTargetPageId rootid 3 tid 106004
target_page_id id: 4 tid 106004
0 1 tid 106004
135 4 tid 106004
365 2 tid 106004
492 5 tid 106004
196 tid 106004
Remove  tid 106004
FindTargetPageId rootid 3 tid 106004
target_page_id id: 4 tid 106004
0 1 tid 106004
135 4 tid 106004
365 2 tid 106004
492 5 tid 106004
195 tid 106004
Remove  tid 106004
FindTargetPageId rootid 3 tid 106004
target_page_id id: 4 tid 106004
0 1 tid 106004
135 4 tid 106004
365 2 tid 106004
492 5 tid 106004
194 tid 106004
Remove  tid 106004
FindTargetPageId rootid 3 tid 106004
target_page_id id: 4 tid 106004
0 1 tid 106004
135 4 tid 106004
365 2 tid 106004
492 5 tid 106004
193 tid 106004
Remove  tid 106004
FindTargetPageId rootid 3 tid 106004
target_page_id id: 4 tid 106004
0 1 tid 106004
135 4 tid 106004
365 2 tid 106004
492 5 tid 106004
192 tid 106004
Remove  tid 106004
FindTargetPageId rootid 3 tid 106004
target_page_id id: 4 tid 106004
0 1 tid 106004
135 4 tid 106004
365 2 tid 106004
492 5 tid 106004
191 tid 106004
Remove  tid 106004
FindTargetPageId rootid 3 tid 106004
target_page_id id: 4 tid 106004
0 1 tid 106004
135 4 tid 106004
365 2 tid 106004
492 5 tid 106004
190 tid 106004
Remove  tid 106004
FindTargetPageId rootid 3 tid 106004
target_page_id id: 4 tid 106004
0 1 tid 106004
135 4 tid 106004
365 2 tid 106004
492 5 tid 106004
189 tid 106004
Remove  tid 106004
FindTargetPageId rootid 3 tid 106004
target_page_id id: 4 tid 106004
0 1 tid 106004
135 4 tid 106004
365 2 tid 106004
492 5 tid 106004
188 tid 106004
FindTargetPageId rootid 3 tid 106003
Remove  tid 106004
target_page_id id: 4 tid 106003
0 1 tid 106003
135 4 tid 106003
365 2 tid 106003
492 5 tid 106003
187 tid 106003
FindTargetPageId rootid 3 tid 106005
target_page_id id: 5 tid 106005
0 1 tid 106005
135 4 tid 106005
Insert 365 tid  2 tid 106005
492 5 tid 106005
137 tid 106005
106003Insert  tid 106005

FindTargetPageId rootid 3 tid 106004
target_page_id id: 4 tid 106004
0 1 tid 106004
135 4 tid 106004
365 2 tid 106004
492 5 tid 106004
188 tid 106004
FindTargetPageId rootid 3 tid 106005
Remove target_page_id id: 5 tid 106005
0 1 tid 106005
135 4 tid 106005
365 2 tid 106005
492 5 tid 106005
138 tid 106005
Insert  tid 106005
 tid 106004
FindTargetPageId rootid 3 tid 106005
target_page_id id: 5 tid 106005
0 1 tid 106005
135 4 tid 106005
365 2 tid 106005
492 5 tid 106005
139 tid 106005
Insert  tid 106005
FindTargetPageId rootid 3 tid 106005
target_page_id id: 5 tid 106005
0 1 tid 106005
135 4 tid 106005
365 2 tid 106005
492 5 tid 106005
140 tid 106005
Insert  tid 106005
FindTargetPageId rootid 3 tid 106005
target_page_id id: 5 tid 106005
0 1 tid 106005
135 4 tid 106005
365 2 tid 106005
492 5 tid 106005
141 tid 106005
Insert  tid 106005
FindTargetPageId rootid 3 tid 106004
target_page_id id: 4 tid 106004
0 1 tid 106004
135 4 tid 106004
365 2 tid 106004
492 5 tid 106004
187 tid 106004
Remove  tid 106004
FindTargetPageId rootid 3 tid 106004
target_page_id id: 4 tid 106004
0 1 tid 106004
135 4 tid 106004
365 2 tid 106004
492 5 tid 106004
186 tid 106004
Remove  tid 106004
FindTargetPageId rootid 3 tid 106004
target_page_id id: 4 tid 106004
0 1 tid 106004
135 4 tid 106004
365 2 tid 106004
492 5 tid 106004
185 tid 106004
Remove  tid 106004
FindTargetPageId rootid 3 tid 106005
target_page_id id: 5 tid 106005
0 1 tid 106005
135 4 tid 106005
365 2 tid 106005
492 5 tid 106005
142 tid 106005
Insert  tid 106005
FindTargetPageId rootid 3 tid 106003
target_page_id id: 4 tid 106003
0 1 tid 106003
135 4 tid 106003
365 2 tid 106003
492 5 tid 106003
184 tid 106003
Insert  tid 106003
FindTargetPageId rootid 3 tid 106003
target_page_id id: 4 tid 106003
0 1 tid 106003
135 4 tid 106003
365 2 tid 106003
492 5 tid 106003
185 tid 106003
Insert  tid 106003
FindTargetPageId rootid 3 tid 106005
target_page_id id: 5 tid 106005
0 1 tid 106005
135 4 tid 106005
365 2 tid 106005
492 5 tid 106005
143 tid 106005
Insert  tid 106005
FindTargetPageId rootid 3 tid 106005
target_page_id id: 5 tid 106005
0 1 tid 106005
135 4 tid 106005
365 2 tid 106005
492 5 tid 106005
144 tid 106005
Insert  tid 106005
FindTargetPageId rootid 3 tid 106005
target_page_id id: 5 tid 106005
0 1 tid 106005
135 4 tid 106005
365 2 tid 106005
492 5 tid 106005
145 tid 106005
Insert  tid 106005
FindTargetPageId rootid 3 tid 106005
target_page_id id: 5 tid 106005
0 1 tid 106005
135 4 tid 106005
365 2 tid 106005
492 5 tid 106005
146 tid 106005
Insert  tid 106005
FindTargetPageId rootid 3 tid 106005
target_page_id id: 5 tid 106005
0 1 tid 106005
135 4 tid 106005
365 2 tid 106005
492 5 tid 106005
147 tid 106005
Insert  tid 106005
FindTargetPageId rootid 3 tid 106005
target_page_id id: 5 tid 106005
0 1 tid 106005
135 4 tid 106005
365 2 tid 106005
492 5 tid 106005
148 tid 106005
Insert  tid 106005
FindTargetPageId rootid 3 tid 106004
target_page_id id: 4 tid 106004
0 1 tid 106004
135 4 tid 106004
365 2 tid 106004
492 5 tid 106004
186 tid 106004
Remove  tid 106004
FindTargetPageId rootid 3 tid 106004
target_page_id id: 4 tid 106004
0 1 tid 106004
135 4 tid 106004
365 2 tid 106004
492 5 tid 106004
185 tid 106004
Remove  tid 106004
FindTargetPageId rootid 3 tid 106004
target_page_id id: 4 tid 106004
0 1 tid 106004
135 4 tid 106004
365 2 tid 106004
492 5 tid 106004
184 tid 106004
Remove  tid 106004
FindTargetPageId rootid 3 tid 106004
target_page_id id: 4 tid 106004
0 1 tid 106004
135 4 tid 106004
365 2 tid 106004
492 5 tid 106004
183 tid 106004
Remove  tid 106004
FindTargetPageId rootid 3 tid 106004
target_page_id id: 4 tid 106004
0 1 tid 106004
135 4 tid 106004
365 2 tid 106004
492 5 tid 106004
182 tid 106004
Remove  tid 106004
FindTargetPageId rootid 3 tid 106004
target_page_id id: 4 tid 106004
0 1 tid 106004
135 4 tid 106004
365 2 tid 106004
492 5 tid 106004
181 tid 106004
Remove  tid 106004
FindTargetPageId rootid 3 tid 106003
target_page_id id: 4 tid 106003
0 1 tid 106003
135 4 tid 106003
365 2 tid 106003
492 5 tid 106003
180 tid 106003
Insert  tid 106003
FindTargetPageId rootid 3 tid 106003
target_page_id id: 4 tid 106003
0 1 tid 106003
135 4 tid 106003
365 2 tid 106003
492 5 tid 106003
181 tid 106003
Insert  tid 106003
FindTargetPageId rootid 3 tid 106004
target_page_id id: 4 tid 106004
0 1 tid 106004
135 4 tid 106004
365 2 tid 106004
492 5 tid 106004
182 tid 106004
Remove  tid 106004
FindTargetPageId rootid 3 tid 106004
target_page_id id: 4 tid 106004
0 1 tid 106004
135 4 tid 106004
365 2 tid 106004
492 5 tid 106004
181 tid 106004
Remove  tid 106004
FindTargetPageId rootid 3 tid 106005
target_page_id id: 5 tid 106005
0 1 tid 106005
135 4 tid 106005
365 2 tid 106005
492 5 tid 106005
149 tid 106005
Insert  tid 106005
FindTargetPageId rootid 3 tid 106003
target_page_id id: 4 tid 106003
0 1 tid 106003
135 4 tid 106003
365 2 tid 106003
492 5 tid 106003
180 tid 106003
Insert  tid 106003
FindTargetPageId rootid 3 tid 106003
target_page_id id: 4 tid 106003
0 1 tid 106003
135 4 tid 106003
365 2 tid 106003
492 5 tid 106003
181 tid 106003
Insert  tid 106003
FindTargetPageId rootid 3 tid 106003
target_page_id id: 4 tid 106003
0 1 tid 106003
135 4 tid 106003
365 2 tid 106003
492 5 tid 106003
182 tid 106003
Insert  tid 106003
FindTargetPageId rootid 3 tid 106003
target_page_id id: 4 tid 106003
0 1 tid 106003
135 4 tid 106003
365 2 tid 106003
492 5 tid 106003
183 tid 106003
Insert  tid 106003
FindTargetPageId rootid 3 tid 106003
target_page_id id: 4 tid 106003
0 1 tid 106003
135 4 tid 106003
365 2 tid 106003
492 5 tid 106003
184 tid 106003
Insert  tid 106003
FindTargetPageId rootid 3 tid 106003
target_page_id id: 4 tid 106003
0 1 tid 106003
135 4 tid 106003
365 2 tid 106003
492 5 tid 106003
185 tid 106003
Insert  tid 106003
FindTargetPageId rootid 3 tid 106003
target_page_id id: 4 tid 106003
0 1 tid 106003
135 4 tid 106003
365 2 tid 106003
492 5 tid 106003
186 tid 106003
Insert  tid 106003
FindTargetPageId rootid 3 tid 106003
target_page_id id: 4 tid 106003
0 1 tid 106003
135 4 tid 106003
365 2 tid 106003
492 5 tid 106003
187 tid 106003
Insert  tid 106003
FindTargetPageId rootid 3 tid 106005
target_page_id id: 5 tid 106005
0 1 tid 106005
135 4 tid 106005
365 2 tid 106005
492 5 tid 106005
150 tid 106005
Insert  tid 106005
FindTargetPageId rootid 3 tid 106004
target_page_id id: 4 tid 106004
0 1 tid 106004
135 4 tid 106004
365 2 tid 106004
492 5 tid 106004
188 tid 106004
Remove  tid 106004
FindTargetPageId rootid 3 tid 106003
target_page_id id: 4 tid 106003
0 1 tid 106003
135 4 tid 106003
365 2 tid 106003
492 5 tid 106003
187 tid 106003
Insert  tid 106003
FindTargetPageId rootid 3 tid 106003
target_page_id id: 4 tid 106003
0 1 tid 106003
135 4 tid 106003
365 2 tid 106003
492 5 tid 106003
188 tid 106003
Insert  tid 106003
FindTargetPageId rootid 3 tid 106003
target_page_id id: 4 tid 106003
0 1 tid 106003
135 4 tid 106003
365 2 tid 106003
492 5 tid 106003
189 tid 106003
Insert  tid 106003
FindTargetPageId rootid 3 tid 106003
target_page_id id: 4 tid 106003
0 1 tid 106003
135 4 tid 106003
365 2 tid 106003
492 5 tid 106003
190 tid 106003
Insert  tid 106003
FindTargetPageId rootid 3 tid 106003
target_page_id id: 4 tid 106003
0 1 tid 106003
135 4 tid 106003
365 2 tid 106003
492 5 tid 106003
191 tid 106003
Insert  tid 106003
FindTargetPageId rootid 3 tid 106003
target_page_id id: 4 tid 106003
0 1 tid 106003
135 4 tid 106003
365 2 tid 106003
492 5 tid 106003
192 tid 106003
Insert  tid 106003
FindTargetPageId rootid 3 tid 106003
target_page_id id: 4 tid 106003
0 1 tid 106003
135 4 tid 106003
365 2 tid 106003
492 5 tid 106003
193 tid 106003
Insert  tid 106003
FindTargetPageId rootid 3 tid 106003
target_page_id id: 4 tid 106003
0 1 tid 106003
135 4 tid 106003
365 2 tid 106003
492 5 tid 106003
194 tid 106003
Insert  tid 106003
FindTargetPageId rootid 3 tid 106003
target_page_id id: 4 tid 106003
0 1 tid 106003
135 4 tid 106003
365 2 tid 106003
492 5 tid 106003
195 tid 106003
Insert  tid 106003
FindTargetPageId rootid 3 tid 106003
target_page_id id: 4 tid 106003
0 1 tid 106003
135 4 tid 106003
365 2 tid 106003
492 5 tid 106003
196 tid 106003
Insert  tid 106003
FindTargetPageId rootid 3 tid 106003
target_page_id id: 4 tid 106003
0 1 tid 106003
135 4 tid 106003
365 2 tid 106003
492 5 tid 106003
197 tid 106003
Insert  tid 106003
FindTargetPageId rootid 3 tid 106003
target_page_id id: 4 tid 106003
0 1 tid 106003
135 4 tid 106003
365 2 tid 106003
492 5 tid 106003
198 tid 106003
Insert  tid 106003
FindTargetPageId rootid 3 tid 106003
target_page_id id: 4 tid 106003
0 1 tid 106003
135 4 tid 106003
365 2 tid 106003
492 5 tid 106003
199 tid 106003
Insert  tid 106003
FindTargetPageId rootid 3 tid 106003
target_page_id id: 4 tid 106003
0 1 tid 106003
135 4 tid 106003
365 2 tid 106003
492 5 tid 106003
200 tid 106003
Insert  tid 106003
FindTargetPageId rootid 3 tid 106003
target_page_id id: 4 tid 106003
0 1 tid 106003
135 4 tid 106003
365 2 tid 106003
492 5 tid 106003
201 tid 106003
Insert  tid 106003
FindTargetPageId rootid 3 tid 106003
target_page_id id: 4 tid 106003
0 1 tid 106003
135 4 tid 106003
365 2 tid 106003
492 5 tid 106003
202 tid 106003
Insert  tid 106003
FindTargetPageId rootid 3 tid 106003
target_page_id id: 4 tid 106003
0 1 tid 106003
135 4 tid 106003
365 2 tid 106003
492 5 tid 106003
203 tid 106003
Insert  tid 106003
FindTargetPageId rootid 3 tid 106003
target_page_id id: 4 tid 106003
0 1 tid 106003
135 4 tid 106003
365 2 tid 106003
492 5 tid 106003
204 tid 106003
Insert  tid 106003
FindTargetPageId rootid 3 tid 106003
target_page_id id: 4 tid 106003
0 1 tid 106003
135 4 tid 106003
365 2 tid 106003
492 5 tid 106003
205 tid 106003
Insert  tid 106003
FindTargetPageId rootid 3 tid 106003
target_page_id id: 4 tid 106003
0 1 tid 106003
135 4 tid 106003
365 2 tid 106003
492 5 tid 106003
206 tid 106003
Insert  tid 106003
FindTargetPageId rootid 3 tid 106003
target_page_id id: 4 tid 106003
0 1 tid 106003
135 4 tid 106003
365 2 tid 106003
492 5 tid 106003
207 tid 106003
Insert  tid 106003
FindTargetPageId rootid 3 tid 106003
target_page_id id: 4 tid 106003
0 1 tid 106003
135 4 tid 106003
365 2 tid 106003
492 5 tid 106003
208 tid 106003
Insert  tid 106003
FindTargetPageId rootid 3 tid 106003
target_page_id id: 4 tid 106003
0 1 tid 106003
135 4 tid 106003
365 2 tid 106003
492 5 tid 106003
209 tid 106003
Insert  tid 106003
FindTargetPageId rootid 3 tid 106003
target_page_id id: 4 tid 106003
0 1 tid 106003
135 4 tid 106003
365 2 tid 106003
492 5 tid 106003
210 tid 106003
Insert  tid 106003
FindTargetPageId rootid 3 tid 106003
target_page_id id: 4 tid 106003
0 1 tid 106003
135 4 tid 106003
365 2 tid 106003
492 5 tid 106003
211 tid 106003
Insert  tid 106003
FindTargetPageId rootid 3 tid 106003
target_page_id id: 4 tid 106003
0 1 tid 106003
135 4 tid 106003
365 2 tid 106003
492 5 tid 106003
212 tid 106003
Insert  tid 106003
FindTargetPageId rootid 3 tid 106003
target_page_id id: 4 tid 106003
0 1 tid 106003
135 4 tid 106003
365 2 tid 106003
492 5 tid 106003
213 tid 106003
Insert  tid 106003
FindTargetPageId rootid 3 tid 106003
target_page_id id: 4 tid 106003
0 1 tid 106003
135 4 tid 106003
365 2 tid 106003
492 5 tid 106003
214 tid 106003
Insert  tid 106003
FindTargetPageId rootid 3 tid 106003
target_page_id id: 4 tid 106003
0 1 tid 106003
135 4 tid 106003
365 2 tid 106003
492 5 tid 106003
215 tid 106003
Insert  tid 106003
FindTargetPageId rootid 3 tid 106003
target_page_id id: 4 tid 106003
0 1 tid 106003
135 4 tid 106003
365 2 tid 106003
492 5 tid 106003
216 tid 106003
Insert  tid 106003
FindTargetPageId rootid 3 tid 106003
target_page_id id: 4 tid 106003
0 1 tid 106003
135 4 tid 106003
365 2 tid 106003
492 5 tid 106003
217 tid 106003
Insert  tid 106003
FindTargetPageId rootid 3 tid 106003
target_page_id id: 4 tid 106003
0 1 tid 106003
135 4 tid 106003
365 2 tid 106003
492 5 tid 106003
218 tid 106003
Insert  tid 106003
FindTargetPageId rootid 3 tid 106003
target_page_id id: 4 tid 106003
0 1 tid 106003
135 4 tid 106003
365 2 tid 106003
492 5 tid 106003
219 tid 106003
Insert  tid 106003
FindTargetPageId rootid 3 tid 106003
target_page_id id: 4 tid 106003
0 1 tid 106003
135 4 tid 106003
365 2 tid 106003
492 5 tid 106003
220 tid 106003
Insert  tid 106003
FindTargetPageId rootid 3 tid 106003
target_page_id id: 4 tid 106003
0 1 tid 106003
135 4 tid 106003
365 2 tid 106003
492 5 tid 106003
221 tid 106003
Insert  tid 106003
FindTargetPageId rootid 3 tid 106003
target_page_id id: 4 tid 106003
0 1 tid 106003
135 4 tid 106003
365 2 tid 106003
492 5 tid 106003
222 tid 106003
Insert  tid 106003
FindTargetPageId rootid 3 tid 106003
target_page_id id: 4 tid 106003
0 1 tid 106003
135 4 tid 106003
365 2 tid 106003
492 5 tid 106003
223 tid 106003
Insert  tid 106003
FindTargetPageId rootid 3 tid 106003
target_page_id id: 4 tid 106003
0 1 tid 106003
135 4 tid 106003
365 2 tid 106003
492 5 tid 106003
224 tid 106003
Insert  tid 106003
FindTargetPageId rootid 3 tid 106003
target_page_id id: 4 tid 106003
0 1 tid 106003
135 4 tid 106003
365 2 tid 106003
492 5 tid 106003
225 tid 106003
Insert  tid 106003
FindTargetPageId rootid 3 tid 106004
target_page_id id: 4 tid 106004
0 1 tid 106004
135 4 tid 106004
365 2 tid 106004
492 5 tid 106004
226 tid 106004
Remove  tid 106004
FindTargetPageId rootid 3 tid 106004
target_page_id id: 4 tid 106004
0 1 tid 106004
135 4 tid 106004
365 2 tid 106004
492 5 tid 106004
225 tid 106004
Remove  tid 106004
FindTargetPageId rootid 3 tid 106003
target_page_id id: 4 tid 106003
0 1 tid 106003
135 4 tid 106003
365 2 tid 106003
492 5 tid 106003
224 tid 106003
Insert  tid 106003
FindTargetPageId rootid 3 tid 106003
target_page_id id: 4 tid 106003
0 1 tid 106003
135 4 tid 106003
365 2 tid 106003
492 5 tid 106003
225 tid 106003
Insert  tid 106003
FindTargetPageId rootid 3 tid 106003
target_page_id id: 4 tid 106003
0 1 tid 106003
135 4 tid 106003
365 2 tid 106003
492 5 tid 106003
226 tid 106003
Insert  tid 106003
FindTargetPageId rootid 3 tid 106003
target_page_id id: 4 tid 106003
0 1 tid 106003
135 4 tid 106003
365 2 tid 106003
492 5 tid 106003
227 tid 106003
Insert  tid 106003
FindTargetPageId rootid 3 tid 106003
target_page_id id: 4 tid 106003
0 1 tid 106003
135 4 tid 106003
365 2 tid 106003
492 5 tid 106003
228 tid 106003
Insert  tid 106003
FindTargetPageId rootid 3 tid 106003
target_page_id id: 4 tid 106003
0 1 tid 106003
135 4 tid 106003
365 2 tid 106003
492 5 tid 106003
229 tid 106003
Insert  tid 106003
FindTargetPageId rootid 3 tid 106004
target_page_id id: 4 tid 106004
0 1 tid 106004
135 4 tid 106004
365 2 tid 106004
492 5 tid 106004
230 tid 106004
Remove  tid 106004
FindTargetPageId rootid 3 tid 106005
target_page_id id: 5 tid 106005
0 1 tid 106005
135 4 tid 106005
365 2 tid 106005
492 5 tid 106005
151 tid 106005
Insert  tid 106005
FindTargetPageId rootid 3 tid 106003
target_page_id id: 4 tid 106003
0 1 tid 106003
135 4 tid 106003
365 2 tid 106003
492 5 tid 106003
229 tid 106003
Insert  tid 106003
FindTargetPageId rootid 3 tid 106003
target_page_id id: 4 tid 106003
0 1 tid 106003
135 4 tid 106003
365 2 tid 106003
492 5 tid 106003
230 tid 106003
Insert  tid 106003
FindTargetPageId rootid 3 tid 106003
target_page_id id: 4 tid 106003
0 1 tid 106003
135 4 tid 106003
365 2 tid 106003
492 5 tid 106003
230 tid 106003
Insert  tid 106003
FindTargetPageId rootid 3 tid 106004
target_page_id id: 4 tid 106004
0 1 tid 106004
135 4 tid 106004
365 2 tid 106004
492 5 tid 106004
230 tid 106004
Remove  tid 106004
FindTargetPageId rootid 3 tid 106004
target_page_id id: 4 tid 106004
0 1 tid 106004
135 4 tid 106004
365 2 tid 106004
492 5 tid 106004
229 tid 106004
Remove  tid 106004
FindTargetPageId rootid 3 tid 106004
target_page_id id: 4 tid 106004
0 1 tid 106004
135 4 tid 106004
365 2 tid 106004
492 5 tid 106004
228 tid 106004
Remove  tid 106004
FindTargetPageId rootid 3 tid 106004
target_page_id id: 4 tid 106004
0 1 tid 106004
135 4 tid 106004
365 2 tid 106004
492 5 tid 106004
227 tid 106004
Remove  tid 106004
FindTargetPageId rootid 3 tid 106004
target_page_id id: 4 tid 106004
0 1 tid 106004
135 4 tid 106004
365 2 tid 106004
492 5 tid 106004
226 tid 106004
Remove  tid 106004
FindTargetPageId rootid 3 tid 106004
target_page_id id: 4 tid 106004
0 1 tid 106004
135 4 tid 106004
365 2 tid 106004
492 5 tid 106004
225 tid 106004
Remove  tid 106004
FindTargetPageId rootid 3 tid 106004
target_page_id id: 4 tid 106004
0 1 tid 106004
135 4 tid 106004
365 2 tid 106004
492 5 tid 106004
224 tid 106004
Remove  tid 106004
FindTargetPageId rootid 3 tid 106004
target_page_id id: 4 tid 106004
0 1 tid 106004
135 4 tid 106004
365 2 tid 106004
492 5 tid 106004
223 tid 106004
Remove  tid 106004
FindTargetPageId rootid 3 tid 106004
target_page_id id: 4 tid 106004
0 1 tid 106004
135 4 tid 106004
365 2 tid 106004
492 5 tid 106004
222 tid 106004
Remove  tid 106004
FindTargetPageId rootid 3 tid 106004
target_page_id id: 4 tid 106004
0 1 tid 106004
135 4 tid 106004
365 2 tid 106004
492 5 tid 106004
221 tid 106004
Remove  tid 106004
FindTargetPageId rootid 3 tid 106004
target_page_id id: 4 tid 106004
0 1 tid 106004
135 4 tid 106004
365 2 tid 106004
492 5 tid 106004
220 tid 106004
Remove  tid 106004
FindTargetPageId rootid 3 tid 106004
target_page_id id: 4 tid 106004
0 1 tid 106004
135 4 tid 106004
365 2 tid 106004
492 5 tid 106004
219 tid 106004
Remove  tid 106004
FindTargetPageId rootid 3 tid 106004
target_page_id id: 4 tid 106004
0 1 tid 106004
135 4 tid 106004
365 2 tid 106004
492 5 tid 106004
218 tid 106004
Remove  tid 106004
FindTargetPageId rootid 3 tid 106004
target_page_id id: 4 tid 106004
0 1 tid 106004
135 4 tid 106004
365 2 tid 106004
492 5 tid 106004
217 tid 106004
Remove  tid 106004
FindTargetPageId rootid 3 tid 106004
target_page_id id: 4 tid 106004
0 1 tid 106004
135 4 tid 106004
365 2 tid 106004
492 5 tid 106004
216 tid 106004
Remove  tid 106004
FindTargetPageId rootid 3 tid 106004
target_page_id id: 4 tid 106004
0 1 tid 106004
135 4 tid 106004
365 2 tid 106004
492 5 tid 106004
215 tid 106004
Remove  tid 106004
FindTargetPageId rootid 3 tid 106004
target_page_id id: 4 tid 106004
0 1 tid 106004
135 4 tid 106004
365 2 tid 106004
492 5 tid 106004
214 tid 106004
Remove  tid 106004
FindTargetPageId rootid 3 tid 106004
target_page_id id: 4 tid 106004
0 1 tid 106004
135 4 tid 106004
365 2 tid 106004
492 5 tid 106004
213 tid 106004
Remove  tid 106004
FindTargetPageId rootid 3 tid 106004
target_page_id id: 4 tid 106004
0 1 tid 106004
135 4 tid 106004
365 2 tid 106004
492 5 tid 106004
212 tid 106004
Remove  tid 106004
FindTargetPageId rootid 3 tid 106004
target_page_id id: 4 tid 106004
0 1 tid 106004
135 4 tid 106004
365 2 tid 106004
492 5 tid 106004
211 tid 106004
Remove  tid 106004
FindTargetPageId rootid 3 tid 106004
target_page_id id: 4 tid 106004
0 1 tid 106004
135 4 tid 106004
365 2 tid 106004
492 5 tid 106004
210 tid 106004
Remove  tid 106004
FindTargetPageId rootid 3 tid 106004
target_page_id id: 4 tid 106004
0 1 tid 106004
135 4 tid 106004
365 2 tid 106004
492 5 tid 106004
209 tid 106004
Remove  tid 106004
FindTargetPageId rootid 3 tid 106004
target_page_id id: 4 tid 106004
0 1 tid 106004
135 4 tid 106004
365 2 tid 106004
492 5 tid 106004
208 tid 106004
Remove  tid 106004
FindTargetPageId rootid 3 tid 106004
target_page_id id: 4 tid 106004
0 1 tid 106004
135 4 tid 106004
365 2 tid 106004
492 5 tid 106004
207 tid 106004
Remove  tid 106004
FindTargetPageId rootid 3 tid 106004
target_page_id id: 4 tid 106004
0 1 tid 106004
135 4 tid 106004
365 2 tid 106004
492 5 tid 106004
206 tid 106004
Remove  tid 106004
FindTargetPageId rootid 3 tid 106004
target_page_id id: 4 tid 106004
0 1 tid 106004
135 4 tid 106004
365 2 tid 106004
492 5 tid 106004
205 tid 106004
Remove  tid 106004
FindTargetPageId rootid 3 tid 106004
target_page_id id: 4 tid 106004
0 1 tid 106004
135 4 tid 106004
365 2 tid 106004
492 5 tid 106004
204 tid 106004
Remove  tid 106004
FindTargetPageId rootid 3 tid 106004
target_page_id id: 4 tid 106004
0 1 tid 106004
135 4 tid 106004
365 2 tid 106004
492 5 tid 106004
203 tid 106004
Remove  tid 106004
FindTargetPageId rootid 3 tid 106004
target_page_id id: 4 tid 106004
0 1 tid 106004
135 4 tid 106004
365 2 tid 106004
492 5 tid 106004
202 tid 106004
Remove  tid 106004
FindTargetPageId rootid 3 tid 106004
target_page_id id: 4 tid 106004
0 1 tid 106004
135 4 tid 106004
365 2 tid 106004
492 5 tid 106004
201 tid 106004
Remove  tid 106004
FindTargetPageId rootid 3 tid 106004
target_page_id id: 4 tid 106004
0 1 tid 106004
135 4 tid 106004
365 2 tid 106004
492 5 tid 106004
200 tid 106004
Remove  tid 106004
FindTargetPageId rootid 3 tid 106004
target_page_id id: 4 tid 106004
0 1 tid 106004
135 4 tid 106004
365 2 tid 106004
492 5 tid 106004
199 tid 106004
Remove  tid 106004
FindTargetPageId rootid 3 tid 106004
target_page_id id: 4 tid 106004
0 1 tid 106004
135 4 tid 106004
365 2 tid 106004
492 5 tid 106004
198 tid 106004
Remove  tid 106004
FindTargetPageId rootid 3 tid 106004
target_page_id id: 4 tid 106004
0 1 tid 106004
135 4 tid 106004
365 2 tid 106004
492 5 tid 106004
197 tid 106004
Remove  tid 106004
FindTargetPageId rootid 3 tid 106004
target_page_id id: 4 tid 106004
0 1 tid 106004
135 4 tid 106004
365 2 tid 106004
492 5 tid 106004
196 tid 106004
Remove  tid 106004
FindTargetPageId rootid 3 tid 106004
target_page_id id: 4 tid 106004
0 1 tid 106004
135 4 tid 106004
365 2 tid 106004
492 5 tid 106004
195 tid 106004
Remove  tid 106004
FindTargetPageId rootid 3 tid 106004
target_page_id id: 4 tid 106004
0 1 tid 106004
135 4 tid 106004
365 2 tid 106004
492 5 tid 106004
194 tid 106004
Remove  tid 106004
FindTargetPageId rootid 3 tid 106004
target_page_id id: 4 tid 106004
0 1 tid 106004
135 4 tid 106004
365 2 tid 106004
492 5 tid 106004
193 tid 106004
Remove  tid 106004
FindTargetPageId rootid 3 tid 106004
target_page_id id: 4 tid 106004
0 1 tid 106004
135 4 tid 106004
365 2 tid 106004
492 5 tid 106004
192 tid 106004
Remove  tid 106004
FindTargetPageId rootid 3 tid 106004
target_page_id id: 4 tid 106004
0 1 tid 106004
135 4 tid 106004
365 2 tid 106004
492 5 tid 106004
191 tid 106004
Remove  tid 106004
FindTargetPageId rootid 3 tid 106004
target_page_id id: 4 tid 106004
0 1 tid 106004
135 4 tid 106004
365 2 tid 106004
492 5 tid 106004
190 tid 106004
Remove  tid 106004
FindTargetPageId rootid 3 tid 106004
target_page_id id: 4 tid 106004
0 1 tid 106004
135 4 tid 106004
365 2 tid 106004
492 5 tid 106004
189 tid 106004
Remove  tid 106004
FindTargetPageId rootid 3 tid 106004
target_page_id id: 4 tid 106004
0 1 tid 106004
135 4 tid 106004
365 2 tid 106004
492 5 tid 106004
188 tid 106004
Remove  tid 106004
FindTargetPageId rootid 3 tid 106003
target_page_id id: 4 tid 106003
0 1 tid 106003
135 4 tid 106003
365 2 tid 106003
492 5 tid 106003
187 tid 106003
Insert  tid 106003
FindTargetPageId rootid 3 tid 106005
target_page_id id: 5 tid 106005
0 1 tid 106005
135 4 tid 106005
365 2 tid 106005
492 5 tid 106005
152 tid 106005
Insert  tid 106005
FindTargetPageId rootid 3 tid 106004
target_page_id id: 4 tid 106004
0 1 tid 106004
135 4 tid 106004
365 2 tid 106004
492 5 tid 106004
188 tid 106004
Remove  tid 106004
FindTargetPageId rootid 3 tid 106004
target_page_id id: 4 tid 106004
0 1 tid 106004
135 4 tid 106004
365 2 tid 106004
492 5 tid 106004
187 tid 106004
FindTargetPageId rootid 3 tid 106005
target_page_id id: 5 tid 106005
0 1 tid 106005
135 4 tid 106005
365 2 tid 106005
492 5 tid 106005
Remove  tid 106004
153 tid 106005
Insert  tid 106005
FindTargetPageId rootid 3 tid 106003
target_page_id id: 4 tid 106003
0 1 tid 106003
135 4 tid 106003
365 2 tid 106003
492 5 tid 106003
186 tid 106003
Insert  tid 106003
FindTargetPageId rootid 3 tid 106003
target_page_id id: 4 tid 106003
0 1 tid 106003
135 4 tid 106003
365 2 tid 106003
492 5 tid 106003
187 tid 106003
FindTargetPageId rootid 3 tid 106005
target_page_id id: 5 tid 106005
0 1 tid 106005
135 4 tid 106005
365 2 tid 106005
492 5 tid 106005
Insert 154 tid 106005
 tid 106003
Insert  tid 106005
FindTargetPageId rootid 3 tid 106004
target_page_id id: 4 tid 106004
0 1 tid 106004
135 4 tid 106004
365 2 tid 106004
492 5 tid 106004
188 tid 106004
Remove  tid 106004
FindTargetPageId rootid 3 tid 106003
target_page_id id: 4 tid 106003
0 1 tid 106003
135 4 tid 106003
365 2 tid 106003
492 5 tid 106003
187 tid 106003
Insert  tid 106003
FindTargetPageId rootid 3 tid 106003
target_page_id id: 4 tid 106003
0 1 tid 106003
135 4 tid 106003
365 2 tid 106003
492 5 tid 106003
188 tid 106003
Insert  tid 106003
FindTargetPageId rootid 3 tid 106003
target_page_id id: 4 tid 106003
0 1 tid 106003
135 4 tid 106003
365 2 tid 106003
492 5 tid 106003
189 tid 106003
Insert  tid 106003
FindTargetPageId rootid 3 tid 106003
target_page_id id: 4 tid 106003
0 1 tid 106003
135 4 tid 106003
365 2 tid 106003
492 5 tid 106003
190 tid 106003
Insert  tid 106003
FindTargetPageId rootid 3 tid 106003
target_page_id id: 4 tid 106003
0 1 tid 106003
135 4 tid 106003
365 2 tid 106003
492 5 tid 106003
191 tid 106003
Insert  tid 106003
FindTargetPageId rootid 3 tid 106003
target_page_id id: 4 tid 106003
0 1 tid 106003
135 4 tid 106003
365 2 tid 106003
492 5 tid 106003
192 tid 106003
Insert  tid 106003
FindTargetPageId rootid 3 tid 106003
target_page_id id: 4 tid 106003
0 1 tid 106003
135 4 tid 106003
365 2 tid 106003
492 5 tid 106003
193 tid 106003
Insert  tid 106003
FindTargetPageId rootid 3 tid 106003
target_page_id id: 4 tid 106003
0 1 tid 106003
135 4 tid 106003
365 2 tid 106003
492 5 tid 106003
194 tid 106003
Insert  tid 106003
FindTargetPageId rootid 3 tid 106005
target_page_id id: 5 tid 106005
0 1 tid 106005
135 4 tid 106005
365 2 tid 106005
492 5 tid 106005
155 tid 106005
Insert  tid 106005
FindTargetPageId rootid 3 tid 106004
target_page_id id: 4 tid 106004
0 1 tid 106004
135 4 tid 106004
365 2 tid 106004
492 5 tid 106004
195 tid 106004
Remove  tid 106004
FindTargetPageId rootid 3 tid 106004
target_page_id id: 4 tid 106004
0 1 tid 106004
135 4 tid 106004
365 2 tid 106004
492 5 tid 106004
194 tid 106004
Remove  tid 106004
FindTargetPageId rootid 3 tid 106004
target_page_id id: 4 tid 106004
0 1 tid 106004
135 4 tid 106004
365 2 tid 106004
492 5 tid 106004
193 tid 106004
Remove  tid 106004
FindTargetPageId rootid 3 tid 106004
target_page_id id: 4 tid 106004
0 1 tid 106004
135 4 tid 106004
365 2 tid 106004
492 5 tid 106004
192 tid 106004
Remove  tid 106004
FindTargetPageId rootid 3 tid 106004
target_page_id id: 4 tid 106004
0 1 tid 106004
135 4 tid 106004
365 2 tid 106004
492 5 tid 106004
191 tid 106004
Remove  tid 106004
FindTargetPageId rootid 3 tid 106004
target_page_id id: 4 tid 106004
0 1 tid 106004
135 4 tid 106004
365 2 tid 106004
492 5 tid 106004
190 tid 106004
Remove  tid 106004
FindTargetPageId rootid 3 tid 106004
target_page_id id: 4 tid 106004
0 1 tid 106004
135 4 tid 106004
365 2 tid 106004
492 5 tid 106004
189 tid 106004
Remove  tid 106004
FindTargetPageId rootid 3 tid 106004
target_page_id id: 4 tid 106004
0 1 tid 106004
135 4 tid 106004
365 2 tid 106004
492 5 tid 106004
188 tid 106004
Remove  tid 106004
FindTargetPageId rootid 3 tid 106004
target_page_id id: 4 tid 106004
0 1 tid 106004
135 4 tid 106004
365 2 tid 106004
492 5 tid 106004
187 tid 106004
Remove  tid 106004
FindTargetPageId rootid 3 tid 106004
target_page_id id: 4 tid 106004
0 1 tid 106004
135 4 tid 106004
365 2 tid 106004
492 5 tid 106004
186 tid 106004
Remove  tid 106004
FindTargetPageId rootid 3 tid 106004
target_page_id id: 4 tid 106004
0 1 tid 106004
135 4 tid 106004
365 2 tid 106004
492 5 tid 106004
185 tid 106004
Remove  tid 106004
FindTargetPageId rootid 3 tid 106004
target_page_id id: 4 tid 106004
0 1 tid 106004
135 4 tid 106004
365 2 tid 106004
492 5 tid 106004
184 tid 106004
Remove  tid 106004
FindTargetPageId rootid 3 tid 106004
target_page_id id: 4 tid 106004
0 1 tid 106004
135 4 tid 106004
365 2 tid 106004
492 5 tid 106004
183 tid 106004
Remove  tid 106004
FindTargetPageId rootid 3 tid 106004
target_page_id id: 4 tid 106004
0 1 tid 106004
135 4 tid 106004
365 2 tid 106004
492 5 tid 106004
182 tid 106004
Remove  tid 106004
FindTargetPageId rootid 3 tid 106005
target_page_id id: 5 tid 106005
0 1 tid 106005
135 4 tid 106005
365 2 tid 106005
492 5 tid 106005
156 tid 106005
Insert  tid 106005
FindTargetPageId rootid 3 tid 106005
target_page_id id: 5 tid 106005
0 1 tid 106005
135 4 tid 106005
365 2 tid 106005
492 5 tid 106005
157 tid 106005
Insert  tid 106005
FindTargetPageId rootid 3 tid 106005
target_page_id id: 5 tid 106005
0 1 tid 106005
135 4 tid 106005
365 2 tid 106005
492 5 tid 106005
158 tid 106005
Insert  tid 106005
FindTargetPageId rootid 3 tid 106005
target_page_id id: 5 tid 106005
0 1 tid 106005
135 4 tid 106005
365 2 tid 106005
492 5 tid 106005
159 tid 106005
Insert  tid 106005
FindTargetPageId rootid 3 tid 106005
target_page_id id: 5 tid 106005
0 1 tid 106005
135 4 tid 106005
365 2 tid 106005
492 5 tid 106005
160 tid 106005
Insert  tid 106005
FindTargetPageId rootid 3 tid 106005
target_page_id id: 5 tid 106005
0 1 tid 106005
135 4 tid 106005
365 2 tid 106005
492 5 tid 106005
161 tid 106005
Insert  tid 106005
FindTargetPageId rootid 3 tid 106005
target_page_id id: 5 tid 106005
0 1 tid 106005
135 4 tid 106005
365 2 tid 106005
492 5 tid 106005
162 tid 106005
Insert  tid 106005
FindTargetPageId rootid 3 tid 106005
target_page_id id: 5 tid 106005
0 1 tid 106005
135 4 tid 106005
365 2 tid 106005
492 5 tid 106005
163 tid 106005
Insert  tid 106005
FindTargetPageId rootid 3 tid 106004
target_page_id id: 4 tid 106004
0 1 tid 106004
135 4 tid 106004
365 2 tid 106004
492 5 tid 106004
181 tid 106004
Remove  tid 106004
FindTargetPageId rootid 3 tid 106004
target_page_id id: 4 tid 106004
0 1 tid 106004
135 4 tid 106004
365 2 tid 106004
492 5 tid 106004
180 tid 106004
FindTargetPageId rootid 3 tid 106005
target_page_id id: 5 tid 106005
0 1 tid 106005
135 4 tid 106005
365 2 tid 106005
492 5 tid 106005
164 tid 106005
Remove  tid 106004
Insert  tid 106005
FindTargetPageId rootid 3 tid 106004
target_page_id id: 4 tid 106004
0 1 tid 106004
135 4 tid 106004
365 2 tid 106004
492 5 tid 106004
179 tid 106004
Remove  tid 106004
FindTargetPageId rootid 3 tid 106005
target_page_id id: 5 tid 106005
0 1 tid 106005
135 4 tid 106005
365 2 tid 106005
492 5 tid 106005
165 tid 106005
Insert  tid 106005
FindTargetPageId rootid 3 tid 106003
target_page_id id: 4 tid 106003
0 1 tid 106003
135 4 tid 106003
365 2 tid 106003
492 5 tid 106003
178 tid 106003
Insert  tid 106003
FindTargetPageId rootid 3 tid 106003
target_page_id id: 4 tid 106003
0 1 tid 106003
135 4 tid 106003
365 2 tid 106003
492 5 tid 106003
179 tid 106003
Insert  tid 106003
FindTargetPageId rootid 3 tid 106003
target_page_id id: 4 tid 106003
0 1 tid 106003
135 4 tid 106003
365 2 tid 106003
492 5 tid 106003
180 tid 106003
Insert  tid 106003
FindTargetPageId rootid 3 tid 106003
target_page_id id: 4 tid 106003
0 1 tid 106003
135 4 tid 106003
365 2 tid 106003
492 5 tid 106003
181 tid 106003
Insert  tid 106003
FindTargetPageId rootid 3 tid 106003
target_page_id id: 4 tid 106003
0 1 tid 106003
135 4 tid 106003
365 2 tid 106003
492 5 tid 106003
182 tid 106003
Insert  tid 106003
FindTargetPageId rootid 3 tid 106003
target_page_id id: 4 tid 106003
0 1 tid 106003
135 4 tid 106003
365 2 tid 106003
492 5 tid 106003
183 tid 106003
Insert  tid 106003
FindTargetPageId rootid 3 tid 106003
target_page_id id: 4 tid 106003
0 1 tid 106003
135 4 tid 106003
365 2 tid 106003
492 5 tid 106003
184 tid 106003
Insert  tid 106003
FindTargetPageId rootid 3 tid 106003
target_page_id id: 4 tid 106003
0 1 tid 106003
135 4 tid 106003
365 2 tid 106003
492 5 tid 106003
185 tid 106003
Insert  tid 106003
FindTargetPageId rootid 3 tid 106003
target_page_id id: 4 tid 106003
0 1 tid 106003
135 4 tid 106003
365 2 tid 106003
492 5 tid 106003
186 tid 106003
Insert  tid 106003
FindTargetPageId rootid 3 tid 106003
target_page_id id: 4 tid 106003
0 1 tid 106003
135 4 tid 106003
365 2 tid 106003
492 5 tid 106003
187 tid 106003
Insert  tid 106003
FindTargetPageId rootid 3 tid 106003
target_page_id id: 4 tid 106003
0 1 tid 106003
135 4 tid 106003
365 2 tid 106003
492 5 tid 106003
188 tid 106003
Insert  tid 106003
FindTargetPageId rootid 3 tid 106003
target_page_id id: 4 tid 106003
0 1 tid 106003
135 4 tid 106003
365 2 tid 106003
492 5 tid 106003
189 tid 106003
Insert  tid 106003
FindTargetPageId rootid 3 tid 106003
target_page_id id: 4 tid 106003
0 1 tid 106003
135 4 tid 106003
365 2 tid 106003
492 5 tid 106003
190 tid 106003
Insert  tid 106003
FindTargetPageId rootid 3 tid 106003
target_page_id id: 4 tid 106003
0 1 tid 106003
135 4 tid 106003
365 2 tid 106003
492 5 tid 106003
191 tid 106003
Insert  tid 106003
FindTargetPageId rootid 3 tid 106003
target_page_id id: 4 tid 106003
0 1 tid 106003
135 4 tid 106003
365 2 tid 106003
492 5 tid 106003
192 tid 106003
Insert  tid 106003
FindTargetPageId rootid 3 tid 106003
target_page_id id: 4 tid 106003
0 1 tid 106003
135 4 tid 106003
365 2 tid 106003
492 5 tid 106003
193 tid 106003
Insert  tid 106003
FindTargetPageId rootid 3 tid 106003
target_page_id id: 4 tid 106003
0 1 tid 106003
135 4 tid 106003
365 2 tid 106003
492 5 tid 106003
194 tid 106003
Insert  tid 106003
FindTargetPageId rootid 3 tid 106003
target_page_id id: 4 tid 106003
0 1 tid 106003
135 4 tid 106003
365 2 tid 106003
492 5 tid 106003
195 tid 106003
Insert  tid 106003
FindTargetPageId rootid 3 tid 106003
target_page_id id: 4 tid 106003
0 1 tid 106003
135 4 tid 106003
365 2 tid 106003
492 5 tid 106003
196 tid 106003
Insert  tid 106003
FindTargetPageId rootid 3 tid 106003
target_page_id id: 4 tid 106003
0 1 tid 106003
135 4 tid 106003
365 2 tid 106003
492 5 tid 106003
197 tid 106003
Insert  tid 106003
FindTargetPageId rootid 3 tid 106003
target_page_id id: 4 tid 106003
0 1 tid 106003
135 4 tid 106003
365 2 tid 106003
492 5 tid 106003
198 tid 106003
Insert  tid 106003
FindTargetPageId rootid 3 tid 106003
target_page_id id: 4 tid 106003
0 1 tid 106003
135 4 tid 106003
365 2 tid 106003
492 5 tid 106003
199 tid 106003
Insert  tid 106003
FindTargetPageId rootid 3 tid 106003
target_page_id id: 4 tid 106003
0 1 tid 106003
135 4 tid 106003
365 2 tid 106003
492 5 tid 106003
200 tid 106003
Insert  tid 106003
FindTargetPageId rootid 3 tid 106003
target_page_id id: 4 tid 106003
0 1 tid 106003
135 4 tid 106003
365 2 tid 106003
492 5 tid 106003
201 tid 106003
Insert  tid 106003
FindTargetPageId rootid 3 tid 106003
target_page_id id: 4 tid 106003
0 1 tid 106003
135 4 tid 106003
365 2 tid 106003
492 5 tid 106003
202 tid 106003
Insert  tid 106003
FindTargetPageId rootid 3 tid 106003
target_page_id id: 4 tid 106003
0 1 tid 106003
135 4 tid 106003
365 2 tid 106003
492 5 tid 106003
203 tid 106003
Insert  tid 106003
FindTargetPageId rootid 3 tid 106003
target_page_id id: 4 tid 106003
0 1 tid 106003
135 4 tid 106003
365 2 tid 106003
492 5 tid 106003
204 tid 106003
Insert  tid 106003
FindTargetPageId rootid 3 tid 106003
target_page_id id: 4 tid 106003
0 1 tid 106003
135 4 tid 106003
365 2 tid 106003
492 5 tid 106003
205 tid 106003
Insert  tid 106003
FindTargetPageId rootid 3 tid 106003
target_page_id id: 4 tid 106003
0 1 tid 106003
135 4 tid 106003
365 2 tid 106003
492 5 tid 106003
206 tid 106003
Insert  tid 106003
FindTargetPageId rootid 3 tid 106003
target_page_id id: 4 tid 106003
0 1 tid 106003
135 4 tid 106003
365 2 tid 106003
492 5 tid 106003
207 tid 106003
Insert  tid 106003
FindTargetPageId rootid 3 tid 106003
target_page_id id: 4 tid 106003
0 1 tid 106003
135 4 tid 106003
365 2 tid 106003
492 5 tid 106003
208 tid 106003
Insert  tid 106003
FindTargetPageId rootid 3 tid 106003
target_page_id id: 4 tid 106003
0 1 tid 106003
135 4 tid 106003
365 2 tid 106003
492 5 tid 106003
209 tid 106003
Insert  tid 106003
FindTargetPageId rootid 3 tid 106003
target_page_id id: 4 tid 106003
0 1 tid 106003
135 4 tid 106003
365 2 tid 106003
492 5 tid 106003
210 tid 106003
Insert  tid 106003
FindTargetPageId rootid 3 tid 106003
target_page_id id: 4 tid 106003
0 1 tid 106003
135 4 tid 106003
365 2 tid 106003
492 5 tid 106003
211 tid 106003
Insert  tid 106003
FindTargetPageId rootid 3 tid 106003
target_page_id id: 4 tid 106003
0 1 tid 106003
135 4 tid 106003
365 2 tid 106003
492 5 tid 106003
212 tid 106003
Insert  tid 106003
FindTargetPageId rootid 3 tid 106003
target_page_id id: 4 tid 106003
0 1 tid 106003
135 4 tid 106003
365 2 tid 106003
492 5 tid 106003
213 tid 106003
Insert  tid 106003
FindTargetPageId rootid 3 tid 106004
target_page_id id: 4 tid 106004
0 1 tid 106004
135 4 tid 106004
365 2 tid 106004
492 5 tid 106004
214 tid 106004
Remove  tid 106004
FindTargetPageId rootid 3 tid 106004
target_page_id id: 4 tid 106004
0 1 tid 106004
135 4 tid 106004
365 2 tid 106004
492 5 tid 106004
213 tid 106004
Remove  tid 106004
FindTargetPageId rootid 3 tid 106004
target_page_id id: 4 tid 106004
0 1 tid 106004
135 4 tid 106004
365 2 tid 106004
492 5 tid 106004
212 tid 106004
Remove  tid 106004
FindTargetPageId rootid 3 tid 106003
target_page_id id: 4 tid 106003
0 1 tid 106003
135 4 tid 106003
365 2 tid 106003
492 5 tid 106003
211 tid 106003
Insert  tid 106003
FindTargetPageId rootid 3 tid 106003
target_page_id id: 4 tid 106003
0 1 tid 106003
135 4 tid 106003
365 2 tid 106003
492 5 tid 106003
212 tid 106003
Insert  tid 106003
FindTargetPageId rootid 3 tid 106003
target_page_id id: 4 tid 106003
0 1 tid 106003
135 4 tid 106003
365 2 tid 106003
492 5 tid 106003
213 tid 106003
Insert  tid 106003
FindTargetPageId rootid 3 tid 106003
target_page_id id: 4 tid 106003
0 1 tid 106003
135 4 tid 106003
365 2 tid 106003
492 5 tid 106003
214 tid 106003
Insert  tid 106003
FindTargetPageId rootid 3 tid 106003
target_page_id id: 4 tid 106003
0 1 tid 106003
135 4 tid 106003
365 2 tid 106003
492 5 tid 106003
215 tid 106003
Insert  tid 106003
FindTargetPageId rootid 3 tid 106003
target_page_id id: 4 tid 106003
0 1 tid 106003
135 4 tid 106003
365 2 tid 106003
492 5 tid 106003
216 tid 106003
Insert  tid 106003
FindTargetPageId rootid 3 tid 106003
target_page_id id: 4 tid 106003
0 1 tid 106003
135 4 tid 106003
365 2 tid 106003
492 5 tid 106003
217 tid 106003
Insert  tid 106003
FindTargetPageId rootid 3 tid 106003
target_page_id id: 4 tid 106003
0 1 tid 106003
135 4 tid 106003
365 2 tid 106003
492 5 tid 106003
218 tid 106003
Insert  tid 106003
FindTargetPageId rootid 3 tid 106003
target_page_id id: 4 tid 106003
0 1 tid 106003
135 4 tid 106003
365 2 tid 106003
492 5 tid 106003
219 tid 106003
Insert  tid 106003
FindTargetPageId rootid 3 tid 106003
target_page_id id: 4 tid 106003
0 1 tid 106003
135 4 tid 106003
365 2 tid 106003
492 5 tid 106003
220 tid 106003
Insert  tid 106003
FindTargetPageId rootid 3 tid 106005
target_page_id id: 5 tid 106005
0 1 tid 106005
135 4 tid 106005
365 2 tid 106005
492 5 tid 106005
166 tid 106005
Insert  tid 106005
FindTargetPageId rootid 3 tid 106005
target_page_id id: 5 tid 106005
0 1 tid 106005
135 4 tid 106005
365 2 tid 106005
492 5 tid 106005
167 tid 106005
Insert  tid 106005
FindTargetPageId rootid 3 tid 106005
target_page_id id: 5 tid 106005
0 1 tid 106005
135 4 tid 106005
365 2 tid 106005
492 5 tid 106005
168 tid 106005
Insert  tid 106005
FindTargetPageId rootid 3 tid 106005
target_page_id id: 5 tid 106005
0 1 tid 106005
135 4 tid 106005
365 2 tid 106005
492 5 tid 106005
169 tid 106005
Insert  tid 106005
FindTargetPageId rootid 3 tid 106005
target_page_id id: 5 tid 106005
0 1 tid 106005
135 4 tid 106005
365 2 tid 106005
492 5 tid 106005
170 tid 106005
Insert  tid 106005
FindTargetPageId rootid 3 tid 106005
target_page_id id: 5 tid 106005
0 1 tid 106005
135 4 tid 106005
365 2 tid 106005
492 5 tid 106005
171 tid 106005
Insert  tid 106005
FindTargetPageId rootid 3 tid 106005
target_page_id id: 5 tid 106005
0 1 tid 106005
135 4 tid 106005
365 2 tid 106005
492 5 tid 106005
172 tid 106005
Insert  tid 106005
FindTargetPageId rootid 3 tid 106005
target_page_id id: 5 tid 106005
0 1 tid 106005
135 4 tid 106005
365 2 tid 106005
492 5 tid 106005
173 tid 106005
Insert  tid 106005
FindTargetPageId rootid 3 tid 106005
target_page_id id: 5 tid 106005
0 1 tid 106005
135 4 tid 106005
365 2 tid 106005
492 5 tid 106005
174 tid 106005
Insert  tid 106005
FindTargetPageId rootid 3 tid 106005
target_page_id id: 5 tid 106005
0 1 tid 106005
135 4 tid 106005
365 2 tid 106005
492 5 tid 106005
175 tid 106005
Insert  tid 106005
FindTargetPageId rootid 3 tid 106005
target_page_id id: 5 tid 106005
0 1 tid 106005
135 4 tid 106005
365 2 tid 106005
492 5 tid 106005
176 tid 106005
Insert  tid 106005
FindTargetPageId rootid 3 tid 106005
target_page_id id: 5 tid 106005
0 1 tid 106005
135 4 tid 106005
365 2 tid 106005
492 5 tid 106005
177 tid 106005
Insert  tid 106005
FindTargetPageId rootid 3 tid 106005
target_page_id id: 5 tid 106005
0 1 tid 106005
135 4 tid 106005
365 2 tid 106005
492 5 tid 106005
178 tid 106005
Insert  tid 106005
FindTargetPageId rootid 3 tid 106005
target_page_id id: 5 tid 106005
0 1 tid 106005
135 4 tid 106005
365 2 tid 106005
492 5 tid 106005
179 tid 106005
Insert  tid 106005
FindTargetPageId rootid 3 tid 106005
target_page_id id: 5 tid 106005
0 1 tid 106005
135 4 tid 106005
365 2 tid 106005
492 5 tid 106005
180 tid 106005
Insert  tid 106005
FindTargetPageId rootid 3 tid 106005
target_page_id id: 5 tid 106005
0 1 tid 106005
135 4 tid 106005
365 2 tid 106005
492 5 tid 106005
181 tid 106005
Insert  tid 106005
FindTargetPageId rootid 3 tid 106005
target_page_id id: 5 tid 106005
0 1 tid 106005
135 4 tid 106005
365 2 tid 106005
492 5 tid 106005
182 tid 106005
Insert  tid 106005
FindTargetPageId rootid 3 tid 106005
target_page_id id: 5 tid 106005
0 1 tid 106005
135 4 tid 106005
365 2 tid 106005
492 5 tid 106005
183 tid 106005
Insert  tid 106005
FindTargetPageId rootid 3 tid 106005
target_page_id id: 5 tid 106005
0 1 tid 106005
135 4 tid 106005
365 2 tid 106005
492 5 tid 106005
184 tid 106005
Insert  tid 106005
FindTargetPageId rootid 3 tid 106005
target_page_id id: 5 tid 106005
0 1 tid 106005
135 4 tid 106005
365 2 tid 106005
492 5 tid 106005
185 tid 106005
Insert  tid 106005
FindTargetPageId rootid 3 tid 106005
target_page_id id: 5 tid 106005
0 1 tid 106005
135 4 tid 106005
365 2 tid 106005
492 5 tid 106005
186 tid 106005
Insert  tid 106005
FindTargetPageId rootid 3 tid 106005
target_page_id id: 5 tid 106005
0 1 tid 106005
135 4 tid 106005
365 2 tid 106005
492 5 tid 106005
187 tid 106005
Insert  tid 106005
FindTargetPageId rootid 3 tid 106004
target_page_id id: 4 tid 106004
0 1 tid 106004
135 4 tid 106004
365 2 tid 106004
492 5 tid 106004
221 tid 106004
Remove  tid 106004
FindTargetPageId rootid 3 tid 106003
target_page_id id: 4 tid 106003
0 1 tid 106003
135 4 tid 106003
365 2 tid 106003
492 5 tid 106003
220 tid 106003
Insert  tid 106003
FindTargetPageId rootid 3 tid 106003
target_page_id id: 4 tid 106003
0 1 tid 106003
135 4 tid 106003
365 2 tid 106003
492 5 tid 106003
221 tid 106003
Insert  tid 106003
FindTargetPageId rootid 3 tid 106003
target_page_id id: 4 tid 106003
0 1 tid 106003
135 4 tid 106003
365 2 tid 106003
492 5 tid 106003
222 tid 106003
Insert  tid 106003
FindTargetPageId rootid 3 tid 106003
target_page_id id: 4 tid 106003
0 1 tid 106003
135 4 tid 106003
365 2 tid 106003
492 5 tid 106003
223 tid 106003
Insert  tid 106003
FindTargetPageId rootid 3 tid 106003
target_page_id id: 4 tid 106003
0 1 tid 106003
135 4 tid 106003
365 2 tid 106003
492 5 tid 106003
224 tid 106003
Insert  tid 106003
FindTargetPageId rootid 3 tid 106003
target_page_id id: 4 tid 106003
0 1 tid 106003
135 4 tid 106003
365 2 tid 106003
492 5 tid 106003
225 tid 106003
Insert  tid 106003
FindTargetPageId rootid 3 tid 106003
target_page_id id: 4 tid 106003
0 1 tid 106003
135 4 tid 106003
365 2 tid 106003
492 5 tid 106003
226 tid 106003
Insert  tid 106003
FindTargetPageId rootid 3 tid 106003
target_page_id id: 4 tid 106003
0 1 tid 106003
135 4 tid 106003
365 2 tid 106003
492 5 tid 106003
227 tid 106003
Insert  tid 106003
FindTargetPageId rootid 3 tid 106003
target_page_id id: 4 tid 106003
0 1 tid 106003
135 4 tid 106003
365 2 tid 106003
492 5 tid 106003
228 tid 106003
Insert  tid 106003
FindTargetPageId rootid 3 tid 106003
target_page_id id: 4 tid 106003
0 1 tid 106003
135 4 tid 106003
365 2 tid 106003
492 5 tid 106003
228 tid 106003
Insert  tid 106003
FindTargetPageId rootid 3 tid 106003
target_page_id id: 4 tid 106003
0 1 tid 106003
135 4 tid 106003
365 2 tid 106003
492 5 tid 106003
228 tid 106003
Insert  tid 106003
FindTargetPageId rootid 3 tid 106003
target_page_id id: 4 tid 106003
0 1 tid 106003
135 4 tid 106003
365 2 tid 106003
492 5 tid 106003
228 tid 106003
Insert  tid 106003
FindTargetPageId rootid 3 tid 106003
target_page_id id: 4 tid 106003
0 1 tid 106003
135 4 tid 106003
365 2 tid 106003
492 5 tid 106003
228 tid 106003
Insert  tid 106003
FindTargetPageId rootid 3 tid 106003
target_page_id id: 4 tid 106003
0 1 tid 106003
135 4 tid 106003
365 2 tid 106003
492 5 tid 106003
228 tid 106003
Insert  tid 106003
FindTargetPageId rootid 3 tid 106003
target_page_id id: 4 tid 106003
0 1 tid 106003
135 4 tid 106003
365 2 tid 106003
492 5 tid 106003
228 tid 106003
Insert  tid 106003
FindTargetPageId rootid 3 tid 106003
target_page_id id: 4 tid 106003
0 1 tid 106003
135 4 tid 106003
365 2 tid 106003
492 5 tid 106003
228 tid 106003
Insert  tid 106003
FindTargetPageId rootid 3 tid 106003
target_page_id id: 4 tid 106003
0 1 tid 106003
135 4 tid 106003
365 2 tid 106003
492 5 tid 106003
228 tid 106003
Insert  tid 106003
FindTargetPageId rootid 3 tid 106003
target_page_id id: 4 tid 106003
0 1 tid 106003
135 4 tid 106003
365 2 tid 106003
492 5 tid 106003
228 tid 106003
Insert  tid 106003
FindTargetPageId rootid 3 tid 106003
target_page_id id: 4 tid 106003
0 1 tid 106003
135 4 tid 106003
365 2 tid 106003
492 5 tid 106003
228 tid 106003
Insert  tid 106003
FindTargetPageId rootid 3 tid 106003
target_page_id id: 4 tid 106003
0 1 tid 106003
135 4 tid 106003
365 2 tid 106003
492 5 tid 106003
228 tid 106003
Insert  tid 106003
FindTargetPageId rootid 3 tid 106003
target_page_id id: 4 tid 106003
0 1 tid 106003
135 4 tid 106003
365 2 tid 106003
492 5 tid 106003
228 tid 106003
Insert  tid 106003
FindTargetPageId rootid 3 tid 106003
target_page_id id: 4 tid 106003
0 1 tid 106003
135 4 tid 106003
365 2 tid 106003
492 5 tid 106003
228 tid 106003
Insert  tid 106003
FindTargetPageId rootid 3 tid 106003
target_page_id id: 4 tid 106003
0 1 tid 106003
135 4 tid 106003
365 2 tid 106003
492 5 tid 106003
228 tid 106003
Insert  tid 106003
FindTargetPageId rootid 3 tid 106003
target_page_id id: 4 tid 106003
0 1 tid 106003
135 4 tid 106003
365 2 tid 106003
492 5 tid 106003
228 tid 106003
Insert  tid 106003
FindTargetPageId rootid 3 tid 106003
target_page_id id: 4 tid 106003
0 1 tid 106003
135 4 tid 106003
365 2 tid 106003
492 5 tid 106003
228 tid 106003
Insert  tid 106003
FindTargetPageId rootid 3 tid 106003
target_page_id id: 2 tid 106003
0 1 tid 106003
135 4 tid 106003
365 2 tid 106003
492 5 tid 106003
127 tid 106003
Insert  tid 106003
FindTargetPageId rootid 3 tid 106003
target_page_id id: 2 tid 106003
0 1 tid 106003
135 4 tid 106003
365 2 tid 106003
492 5 tid 106003
127 tid 106003
Insert  tid 106003
FindTargetPageId rootid 3 tid 106003
target_page_id id: 2 tid 106003
0 1 tid 106003
135 4 tid 106003
365 2 tid 106003
492 5 tid 106003
127 tid 106003
Insert  tid 106003
FindTargetPageId rootid 3 tid 106003
target_page_id id: 2 tid 106003
0 1 tid 106003
135 4 tid 106003
365 2 tid 106003
492 5 tid 106003
127 tid 106003
Insert  tid 106003
FindTargetPageId rootid 3 tid 106003
target_page_id id: 2 tid 106003
0 1 tid 106003
135 4 tid 106003
365 2 tid 106003
492 5 tid 106003
127 tid 106003
Insert  tid 106003
FindTargetPageId rootid 3 tid 106003
target_page_id id: 2 tid 106003
0 1 tid 106003
135 4 tid 106003
365 2 tid 106003
492 5 tid 106003
127 tid 106003
Insert  tid 106003
FindTargetPageId rootid 3 tid 106003
target_page_id id: 2 tid 106003
0 1 tid 106003
135 4 tid 106003
365 2 tid 106003
492 5 tid 106003
127 tid 106003
Insert  tid 106003
FindTargetPageId rootid 3 tid 106003
target_page_id id: 2 tid 106003
0 1 tid 106003
135 4 tid 106003
365 2 tid 106003
492 5 tid 106003
127 tid 106003
Insert  tid 106003
FindTargetPageId rootid 3 tid 106003
target_page_id id: 2 tid 106003
0 1 tid 106003
135 4 tid 106003
365 2 tid 106003
492 5 tid 106003
127 tid 106003
Insert  tid 106003
FindTargetPageId rootid 3 tid 106003
target_page_id id: 2 tid 106003
0 1 tid 106003
135 4 tid 106003
365 2 tid 106003
492 5 tid 106003
127 tid 106003
Insert  tid 106003
FindTargetPageId rootid 3 tid 106003
target_page_id id: 2 tid 106003
0 1 tid 106003
135 4 tid 106003
365 2 tid 106003
492 5 tid 106003
127 tid 106003
Insert  tid 106003
FindTargetPageId rootid 3 tid 106003
target_page_id id: 2 tid 106003
0 1 tid 106003
135 4 tid 106003
365 2 tid 106003
492 5 tid 106003
127 tid 106003
Insert  tid 106003
FindTargetPageId rootid 3 tid 106003
target_page_id id: 2 tid 106003
0 1 tid 106003
135 4 tid 106003
365 2 tid 106003
492 5 tid 106003
127 tid 106003
Insert  tid 106003
FindTargetPageId rootid 3 tid 106003
target_page_id id: 2 tid 106003
0 1 tid 106003
135 4 tid 106003
365 2 tid 106003
492 5 tid 106003
127 tid 106003
Insert  tid 106003
FindTargetPageId rootid 3 tid 106003
target_page_id id: 2 tid 106003
0 1 tid 106003
135 4 tid 106003
365 2 tid 106003
492 5 tid 106003
127 tid 106003
Insert  tid 106003
FindTargetPageId rootid 3 tid 106003
target_page_id id: 2 tid 106003
0 1 tid 106003
135 4 tid 106003
365 2 tid 106003
492 5 tid 106003
127 tid 106003
Insert  tid 106003
FindTargetPageId rootid 3 tid 106003
target_page_id id: 2 tid 106003
0 1 tid 106003
135 4 tid 106003
365 2 tid 106003
492 5 tid 106003
127 tid 106003
Insert  tid 106003
FindTargetPageId rootid 3 tid 106003
target_page_id id: 2 tid 106003
0 1 tid 106003
135 4 tid 106003
365 2 tid 106003
492 5 tid 106003
127 tid 106003
Insert  tid 106003
FindTargetPageId rootid 3 tid 106003
target_page_id id: 2 tid 106003
0 1 tid 106003
135 4 tid 106003
365 2 tid 106003
492 5 tid 106003
127 tid 106003
Insert  tid 106003
FindTargetPageId rootid 3 tid 106003
target_page_id id: 2 tid 106003
0 1 tid 106003
135 4 tid 106003
365 2 tid 106003
492 5 tid 106003
127 tid 106003
Insert  tid 106003
FindTargetPageId rootid 3 tid 106003
target_page_id id: 2 tid 106003
0 1 tid 106003
135 4 tid 106003
365 2 tid 106003
492 5 tid 106003
127 tid 106003
Insert  tid 106003
FindTargetPageId rootid 3 tid 106003
target_page_id id: 2 tid 106003
0 1 tid 106003
135 4 tid 106003
365 2 tid 106003
492 5 tid 106003
127 tid 106003
Insert  tid 106003
FindTargetPageId rootid 3 tid 106003
target_page_id id: 2 tid 106003
0 1 tid 106003
135 4 tid 106003
365 2 tid 106003
492 5 tid 106003
127 tid 106003
Insert  tid 106003
FindTargetPageId rootid 3 tid 106003
target_page_id id: 2 tid 106003
0 1 tid 106003
135 4 tid 106003
365 2 tid 106003
492 5 tid 106003
127 tid 106003
Insert  tid 106003
FindTargetPageId rootid 3 tid 106005
target_page_id id: 5 tid 106005
0 1 tid 106005
135 4 tid 106005
365 2 tid 106005
492 5 tid 106005
188 tid 106005
Insert  tid 106005
FindTargetPageId rootid 3 tid 106005
target_page_id id: 5 tid 106005
0 1 tid 106005
135 4 tid 106005
365 2 tid 106005
492 5 tid 106005
189 tid 106005
Insert  tid 106005
FindTargetPageId rootid 3 tid 106004
target_page_id id: 4 tid 106004
0 1 tid 106004
135 4 tid 106004
365 2 tid 106004
492 5 tid 106004
228 tid 106004
Remove  tid 106004
FindTargetPageId rootid 3 tid 106004
target_page_id id: 4 tid 106004
0 1 tid 106004
135 4 tid 106004
365 2 tid 106004
492 5 tid 106004
227 tid 106004
Remove  tid 106004
FindTargetPageId rootid 3 tid 106004
target_page_id id: 4 tid 106004
0 1 tid 106004
135 4 tid 106004
365 2 tid 106004
492 5 tid 106004
226 tid 106004
Remove  tid 106004
FindTargetPageId rootid 3 tid 106004
target_page_id id: 4 tid 106004
0 1 tid 106004
135 4 tid 106004
365 2 tid 106004
492 5 tid 106004
225 tid 106004
Remove  tid 106004
FindTargetPageId rootid 3 tid 106005
target_page_id id: 5 tid 106005
0 1 tid 106005
135 4 tid 106005
365 2 tid 106005
492 5 tid 106005
190 tid 106005
Insert  tid 106005
FindTargetPageId rootid 3 tid 106005
target_page_id id: 5 tid 106005
0 1 tid 106005
135 4 tid 106005
365 2 tid 106005
492 5 tid 106005
191 tid 106005
Insert  tid 106005
FindTargetPageId rootid 3 tid 106005
target_page_id id: 5 tid 106005
0 1 tid 106005
135 4 tid 106005
365 2 tid 106005
492 5 tid 106005
192 tid 106005
Insert  tid 106005
FindTargetPageId rootid 3 tid 106005
target_page_id id: 5 tid 106005
0 1 tid 106005
135 4 tid 106005
365 2 tid 106005
492 5 tid 106005
193 tid 106005
Insert  tid 106005
FindTargetPageId rootid 3 tid 106005
target_page_id id: 5 tid 106005
0 1 tid 106005
135 4 tid 106005
365 2 tid 106005
492 5 tid 106005
194 tid 106005
Insert  tid 106005
FindTargetPageId rootid 3 tid 106005
target_page_id id: 5 tid 106005
0 1 tid 106005
135 4 tid 106005
365 2 tid 106005
492 5 tid 106005
195 tid 106005
Insert  tid 106005
FindTargetPageId rootid 3 tid 106005
target_page_id id: 5 tid 106005
0 1 tid 106005
135 4 tid 106005
365 2 tid 106005
492 5 tid 106005
196 tid 106005
Insert  tid 106005
FindTargetPageId rootid 3 tid 106003
target_page_id id: 2 tid 106003
0 1 tid 106003
135 4 tid 106003
365 2 tid 106003
492 5 tid 106003
127 tid 106003
Insert  tid 106003
FindTargetPageId rootid 3 tid 106003
target_page_id id: 2 tid 106003
0 1 tid 106003
135 4 tid 106003
365 2 tid 106003
492 5 tid 106003
127 tid 106003
Insert  tid 106003
FindTargetPageId rootid 3 tid 106003
target_page_id id: 2 tid 106003
0 1 tid 106003
135 4 tid 106003
365 2 tid 106003
492 5 tid 106003
127 tid 106003
Insert  tid 106003
FindTargetPageId rootid 3 tid 106003
target_page_id id: 2 tid 106003
0 1 tid 106003
135 4 tid 106003
365 2 tid 106003
492 5 tid 106003
127 tid 106003
Insert  tid 106003
FindTargetPageId rootid 3 tid 106004
target_page_id id: 4 tid 106004
0 1 tid 106004
135 4 tid 106004
365 2 tid 106004
492 5 tid 106004
224 tid 106004
FindTargetPageId rootid 3 tid 106005
target_page_id id: 5 tid 106005
0 1 tid 106005
135 4 tid 106005
365 2 tid 106005
492 5 tid 106005
197 tid 106005
Insert  tid 106005
FindTargetPageId rootid 3 tid 106005
target_page_id id: 5 tid 106005
0 1 tid 106005
135 4 tid 106005
365 2 tid 106005
492 5 tid 106005
198 tid 106005
Insert  tid 106005
FindTargetPageId rootid 3 tid 106005
target_page_id id: 5 tid 106005
0 1 tid 106005
135 4 tid 106005
365 2 tid 106005
492 5 tid 106005
199 tid 106005
Insert  tid 106005
FindTargetPageId rootid 3 tid 106005
target_page_id id: 5 tid 106005
0 1 tid 106005
135 4 tid 106005
365 2 tid 106005
492 5 tid 106005
200 tid 106005
Insert  tid 106005
FindTargetPageId rootid 3 tid 106005
target_page_id id: 5 tid 106005
0 1 tid 106005
135 4 tid 106005
365 2 tid 106005
492 5 tid 106005
201 tid 106005
Insert  tid 106005
FindTargetPageId rootid 3 tid 106005
target_page_id id: 5 tid 106005
0 1 tid 106005
135 4 tid 106005
365 2 tid 106005
492 5 tid 106005
202 tid 106005
Insert  tid 106005
FindTargetPageId rootid 3 tid 106005
target_page_id id: 5 tid 106005
0 1 tid 106005
135 4 tid 106005
365 2 tid 106005
492 5 tid 106005
203 tid 106005
Remove  tid 106004
FindTargetPageId rootid 3 tid 106004
target_page_id id: 4 tid 106004
0 1 tid 106004
135 4 tid 106004
365 2 tid 106004
492 5 tid 106004
223 tid 106004
Insert  tid 106005
FindTargetPageId rootid 3 tid 106003
target_page_id id: 2 tid 106003
0 1 tid 106003
135 4 tid 106003
365 2 tid 106003
492 5 tid 106003
127 tid 106003
Insert  tid 106003
Remove  tid 106004
FindTargetPageId rootid 3 tid 106003
target_page_id id: 2 tid 106003
0 1 tid 106003
135 4 tid 106003
365 2 tid 106003
492 5 tid 106003
127 tid 106003
Insert  tid 106003
FindTargetPageId rootid 3 tid 106003
target_page_id id: 2 tid 106003
0 1 tid 106003
135 4 tid 106003
365 2 tid 106003
492 5 tid 106003
127 tid 106003
Insert  tid 106003
FindTargetPageId rootid 3 tid 106003
target_page_id id: 2 tid 106003
0 1 tid 106003
135 4 tid 106003
365 2 tid 106003
492 5 tid 106003
127 tid 106003
Insert  tid 106003
FindTargetPageId rootid 3 tid 106003
target_page_id id: 2 tid 106003
0 1 tid 106003
135 4 tid 106003
365 2 tid 106003
492 5 tid 106003
127 tid 106003
Insert  tid 106003
FindTargetPageId rootid 3 tid 106003
target_page_id id: 2 tid 106003
0 1 tid 106003
135 4 tid 106003
365 2 tid 106003
492 5 tid 106003
127 tid 106003
Insert  tid 106003
FindTargetPageId rootid 3 tid 106003
target_page_id id: 2 tid 106003
0 1 tid 106003
135 4 tid 106003
365 2 tid 106003
492 5 tid 106003
127 tid 106003
Insert  tid 106003
FindTargetPageId rootid 3 tid 106003
target_page_id id: 2 tid 106003
0 1 tid 106003
135 4 tid 106003
365 2 tid 106003
492 5 tid 106003
127 tid 106003
Insert  tid 106003
FindTargetPageId rootid 3 tid 106003
target_page_id id: 2 tid 106003
0 1 tid 106003
135 4 tid 106003
365 2 tid 106003
492 5 tid 106003
127 tid 106003
Insert  tid 106003
FindTargetPageId rootid 3 tid 106003
target_page_id id: 2 tid 106003
0 1 tid 106003
135 4 tid 106003
365 2 tid 106003
492 5 tid 106003
127 tid 106003
Insert  tid 106003
FindTargetPageId rootid 3 tid 106003
target_page_id id: 2 tid 106003
0 1 tid 106003
135 4 tid 106003
365 2 tid 106003
492 5 tid 106003
127 tid 106003
Insert  tid 106003
FindTargetPageId rootid 3 tid 106003
target_page_id id: 2 tid 106003
0 1 tid 106003
135 4 tid 106003
365 2 tid 106003
492 5 tid 106003
127 tid 106003
Insert  tid 106003
FindTargetPageId rootid 3 tid 106003
target_page_id id: 2 tid 106003
0 1 tid 106003
135 4 tid 106003
365 2 tid 106003
492 5 tid 106003
127 tid 106003
Insert  tid 106003
FindTargetPageId rootid 3 tid 106003
target_page_id id: 2 tid 106003
0 1 tid 106003
135 4 tid 106003
365 2 tid 106003
492 5 tid 106003
127 tid 106003
Insert  tid 106003
FindTargetPageId rootid 3 tid 106003
target_page_id id: 2 tid 106003
0 1 tid 106003
135 4 tid 106003
365 2 tid 106003
492 5 tid 106003
127 tid 106003
Insert  tid 106003
FindTargetPageId rootid 3 tid 106004
target_page_id id: 4 tid 106004
0 1 tid 106004
135 4 tid 106004
365 2 tid 106004
492 5 tid 106004
222 tid 106004
Remove  tid 106004
FindTargetPageId rootid 3 tid 106004
target_page_id id: 4 tid 106004
0 1 tid 106004
135 4 tid 106004
365 2 tid 106004
492 5 tid 106004
221 tid 106004
Remove  tid 106004
FindTargetPageId rootid 3 tid 106003
target_page_id id: 2 tid 106003
0 1 tid 106003
135 4 tid 106003
365 2 tid 106003
492 5 tid 106003
127 tid 106003
Insert  tid 106003
FindTargetPageId rootid 3 tid 106005
target_page_id id: 5 tid 106005
0 1 tid 106005
135 4 tid 106005
365 2 tid 106005
492 5 tid 106005
204 tid 106005
Insert  tid 106005
FindTargetPageId rootid 3 tid 106005
target_page_id id: 5 tid 106005
0 1 tid 106005
135 4 tid 106005
365 2 tid 106005
492 5 tid 106005
205 tid 106005
Insert  tid 106005
FindTargetPageId rootid 3 tid 106005
target_page_id id: 5 tid 106005
0 1 tid 106005
135 4 tid 106005
365 2 tid 106005
492 5 tid 106005
206 tid 106005
Insert  tid 106005
FindTargetPageId rootid 3 tid 106005
target_page_id id: 5 tid 106005
0 1 tid 106005
135 4 tid 106005
365 2 tid 106005
492 5 tid 106005
207 tid 106005
Insert  tid 106005
FindTargetPageId rootid 3 tid 106005
target_page_id id: 5 tid 106005
0 1 tid 106005
135 4 tid 106005
365 2 tid 106005
492 5 tid 106005
208 tid 106005
Insert  tid 106005
FindTargetPageId rootid 3 tid 106005
target_page_id id: 5 tid 106005
0 1 tid 106005
135 4 tid 106005
365 2 tid 106005
492 5 tid 106005
209 tid 106005
Insert  tid 106005
FindTargetPageId rootid 3 tid 106005
target_page_id id: 5 tid 106005
0 1 tid 106005
135 4 tid 106005
365 2 tid 106005
492 5 tid 106005
210 tid 106005
Insert  tid 106005
FindTargetPageId rootid 3 tid 106005
target_page_id id: 5 tid 106005
0 1 tid 106005
135 4 tid 106005
365 2 tid 106005
492 5 tid 106005
211 tid 106005
Insert  tid 106005
FindTargetPageId rootid 3 tid 106005
target_page_id id: 5 tid 106005
0 1 tid 106005
135 4 tid 106005
365 2 tid 106005
492 5 tid 106005
212 tid 106005
Insert  tid 106005
FindTargetPageId rootid 3 tid 106005
target_page_id id: 5 tid 106005
0 1 tid 106005
135 4 tid 106005
365 2 tid 106005
492 5 tid 106005
213 tid 106005
Insert  tid 106005
FindTargetPageId rootid 3 tid 106005
target_page_id id: 5 tid 106005
0 1 tid 106005
135 4 tid 106005
365 2 tid 106005
492 5 tid 106005
214 tid 106005
Insert  tid 106005
FindTargetPageId rootid 3 tid 106004
target_page_id id: 4 tid 106004
0 1 tid 106004
135 4 tid 106004
365 2 tid 106004
492 5 tid 106004
220 tid 106004
Remove  tid 106004
FindTargetPageId rootid 3 tid 106003
target_page_id id: 2 tid 106003
0 1 tid 106003
135 4 tid 106003
365 2 tid 106003
492 5 tid 106003
127 tid 106003
Insert  tid 106003
FindTargetPageId rootid 3 tid 106005
target_page_id id: 5 tid 106005
0 1 tid 106005
135 4 tid 106005
365 2 tid 106005
492 5 tid 106005
215 tid 106005
Insert  tid 106005
FindTargetPageId rootid 3 tid 106005
target_page_id id: 5 tid 106005
0 1 tid 106005
135 4 tid 106005
365 2 tid 106005
492 5 tid 106005
216 tid 106005
Insert  tid 106005
FindTargetPageId rootid 3 tid 106005
target_page_id id: 5 tid 106005
0 1 tid 106005
135 4 tid 106005
365 2 tid 106005
492 5 tid 106005
217 tid 106005
Insert  tid 106005
FindTargetPageId rootid 3 tid 106005
target_page_id id: 5 tid 106005
0 1 tid 106005
135 4 tid 106005
365 2 tid 106005
492 5 tid 106005
218 tid 106005
Insert  tid 106005
FindTargetPageId rootid 3 tid 106005
target_page_id id: 5 tid 106005
0 1 tid 106005
135 4 tid 106005
365 2 tid 106005
492 5 tid 106005
219 tid 106005
Insert  tid 106005
FindTargetPageId rootid 3 tid 106005
target_page_id id: 5 tid 106005
0 1 tid 106005
135 4 tid 106005
365 2 tid 106005
492 5 tid 106005
220 tid 106005
Insert  tid 106005
FindTargetPageId rootid 3 tid 106005
target_page_id id: 5 tid 106005
0 1 tid 106005
135 4 tid 106005
365 2 tid 106005
492 5 tid 106005
221 tid 106005
Insert  tid 106005
FindTargetPageId rootid 3 tid 106003
target_page_id id: 2 tid 106003
0 1 tid 106003
135 4 tid 106003
365 2 tid 106003
492 5 tid 106003
127 tid 106003
Insert  tid 106003
FindTargetPageId rootid 3 tid 106004
target_page_id id: 4 tid 106004
0 1 tid 106004
135 4 tid 106004
365 2 tid 106004
492 5 tid 106004
219 tid 106004
Remove  tid 106004
FindTargetPageId rootid 3 tid 106004
target_page_id id: 4 tid 106004
0 1 tid 106004
135 4 tid 106004
365 2 tid 106004
492 5 tid 106004
218 tid 106004
Remove  tid 106004
FindTargetPageId rootid 3 tid 106004
target_page_id id: 4 tid 106004
0 1 tid 106004
135 4 tid 106004
365 2 tid 106004
492 5 tid 106004
217 tid 106004
Remove  tid 106004
FindTargetPageId rootid 3 tid 106004
target_page_id id: 4 tid 106004
0 1 tid 106004
135 4 tid 106004
365 2 tid 106004
492 5 tid 106004
216 tid 106004
Remove  tid 106004
FindTargetPageId rootid 3 tid 106004
target_page_id id: 4 tid 106004
0 1 tid 106004
135 4 tid 106004
365 2 tid 106004
492 5 tid 106004
215 tid 106004
Remove  tid 106004
FindTargetPageId rootid 3 tid 106004
target_page_id id: 4 tid 106004
0 1 tid 106004
135 4 tid 106004
365 2 tid 106004
492 5 tid 106004
214 tid 106004
Remove  tid 106004
FindTargetPageId rootid 3 tid 106005
target_page_id id: 5 tid 106005
0 1 tid 106005
135 4 tid 106005
365 2 tid 106005
492 5 tid 106005
222 tid 106005
Insert  tid 106005
FindTargetPageId rootid 3 tid 106003
target_page_id id: 2 tid 106003
0 1 tid 106003
135 4 tid 106003
365 2 tid 106003
492 5 tid 106003
127 tid 106003
Insert  tid 106003
FindTargetPageId rootid 3 tid 106004
target_page_id id: 4 tid 106004
0 1 tid 106004
135 4 tid 106004
365 2 tid 106004
492 5 tid 106004
213 tid 106004
Remove  tid 106004
FindTargetPageId rootid 3 tid 106004
target_page_id id: 4 tid 106004
0 1 tid 106004
135 4 tid 106004
365 2 tid 106004
492 5 tid 106004
212 tid 106004
Remove  tid 106004
FindTargetPageId rootid 3 tid 106004
target_page_id id: 2 tid 106004
0 1 tid 106004
135 4 tid 106004
365 2 tid 106004
492 5 tid 106004
127 tid 106004
Remove  tid 106004
FindTargetPageId rootid 3 tid 106004
target_page_id id: 2 tid 106004
0 1 tid 106004
135 4 tid 106004
360 2 tid 106004
492 5 tid 106004
127 tid 106004
Remove  tid 106004
FindTargetPageId rootid 3 tid 106004
target_page_id id: 2 tid 106004
0 1 tid 106004
135 4 tid 106004
355 2 tid 106004
492 5 tid 106004
127 tid 106004
Remove  tid 106004
FindTargetPageId rootid 3 tid 106004
target_page_id id: 2 tid 106004
0 1 tid 106004
135 4 tid 106004
350 2 tid 106004
492 5 tid 106004
127 tid 106004
Remove  tid 106004
FindTargetPageId rootid 3 tid 106004
target_page_id id: 2 tid 106004
0 1 tid 106004
135 4 tid 106004
345 2 tid 106004
492 5 tid 106004
127 tid 106004
Remove  tid 106004
FindTargetPageId rootid 3 tid 106003
target_page_id id: 2 tid 106003
0 1 tid 106003
135 4 tid 106003
343 2 tid 106003
492 5 tid 106003
127 tid 106003
Insert  tid 106003
FindTargetPageId rootid 3 tid 106003
target_page_id id: 2 tid 106003
0 1 tid 106003
135 4 tid 106003
343 2 tid 106003
492 5 tid 106003
127 tid 106003
Insert  tid 106003
FindTargetPageId rootid 3 tid 106005
target_page_id id: 5 tid 106005
0 1 tid 106005
135 4 tid 106005
343 2 tid 106005
492 5 tid 106005
223 tid 106005
Insert  tid 106005
FindTargetPageId rootid 3 tid 106005
target_page_id id: 5 tid 106005
0 1 tid 106005
135 4 tid 106005
343 2 tid 106005
492 5 tid 106005
224 tid 106005
Insert  tid 106005
FindTargetPageId rootid 3 tid 106005
target_page_id id: 5 tid 106005
0 1 tid 106005
135 4 tid 106005
343 2 tid 106005
492 5 tid 106005
225 tid 106005
Insert  tid 106005
FindTargetPageId rootid 3 tid 106005
target_page_id id: 5 tid 106005
0 1 tid 106005
135 4 tid 106005
343 2 tid 106005
492 5 tid 106005
226 tid 106005
Insert  tid 106005
FindTargetPageId rootid 3 tid 106005
target_page_id id: 5 tid 106005
0 1 tid 106005
135 4 tid 106005
343 2 tid 106005
492 5 tid 106005
227 tid 106005
Insert  tid 106005
FindTargetPageId rootid 3 tid 106005
target_page_id id: 5 tid 106005
0 1 tid 106005
135 4 tid 106005
343 2 tid 106005
492 5 tid 106005
228 tid 106005
Insert  tid 106005
FindTargetPageId rootid 3 tid 106005
target_page_id id: 5 tid 106005
0 1 tid 106005
135 4 tid 106005
343 2 tid 106005
492 5 tid 106005
229 tid 106005
Insert  tid 106005
FindTargetPageId rootid 3 tid 106005
target_page_id id: 5 tid 106005
0 1 tid 106005
135 4 tid 106005
343 2 tid 106005
492 5 tid 106005
230 tid 106005
Insert  tid 106005
FindTargetPageId rootid 3 tid 106005
target_page_id id: 5 tid 106005
0 1 tid 106005
135 4 tid 106005
343 2 tid 106005
492 5 tid 106005
231 tid 106005
Insert  tid 106005
FindTargetPageId rootid 3 tid 106005
target_page_id id: 5 tid 106005
0 1 tid 106005
135 4 tid 106005
343 2 tid 106005
492 5 tid 106005
232 tid 106005
Insert  tid 106005
FindTargetPageId rootid 3 tid 106005
target_page_id id: 5 tid 106005
0 1 tid 106005
135 4 tid 106005
343 2 tid 106005
492 5 tid 106005
233 tid 106005
Insert  tid 106005
FindTargetPageId rootid 3 tid 106005
target_page_id id: 5 tid 106005
0 1 tid 106005
135 4 tid 106005
343 2 tid 106005
492 5 tid 106005
234 tid 106005
Insert  tid 106005
FindTargetPageId rootid 3 tid 106005
target_page_id id: 5 tid 106005
0 1 tid 106005
135 4 tid 106005
343 2 tid 106005
492 5 tid 106005
235 tid 106005
Insert  tid 106005
FindTargetPageId rootid 3 tid 106005
target_page_id id: 5 tid 106005
0 1 tid 106005
135 4 tid 106005
343 2 tid 106005
492 5 tid 106005
236 tid 106005
Insert  tid 106005
FindTargetPageId rootid 3 tid 106005
target_page_id id: 5 tid 106005
0 1 tid 106005
135 4 tid 106005
343 2 tid 106005
492 5 tid 106005
237 tid 106005
Insert  tid 106005
FindTargetPageId rootid 3 tid 106005
target_page_id id: 5 tid 106005
0 1 tid 106005
135 4 tid 106005
343 2 tid 106005
492 5 tid 106005
238 tid 106005
Insert  tid 106005
FindTargetPageId rootid 3 tid 106005
target_page_id id: 5 tid 106005
0 1 tid 106005
135 4 tid 106005
343 2 tid 106005
492 5 tid 106005
239 tid 106005
Insert  tid 106005
FindTargetPageId rootid 3 tid 106005
target_page_id id: 5 tid 106005
0 1 tid 106005
135 4 tid 106005
343 2 tid 106005
492 5 tid 106005
240 tid 106005
Insert  tid 106005
FindTargetPageId rootid 3 tid 106005
target_page_id id: 5 tid 106005
0 1 tid 106005
135 4 tid 106005
343 2 tid 106005
492 5 tid 106005
241 tid 106005
Insert  tid 106005
FindTargetPageId rootid 3 tid 106005
target_page_id id: 5 tid 106005
0 1 tid 106005
135 4 tid 106005
343 2 tid 106005
492 5 tid 106005
242 tid 106005
Insert  tid 106005
FindTargetPageId rootid 3 tid 106005
target_page_id id: 5 tid 106005
0 1 tid 106005
135 4 tid 106005
343 2 tid 106005
492 5 tid 106005
243 tid 106005
Insert  tid 106005
FindTargetPageId rootid 3 tid 106005
target_page_id id: 5 tid 106005
0 1 tid 106005
135 4 tid 106005
343 2 tid 106005
492 5 tid 106005
244 tid 106005
Insert  tid 106005
FindTargetPageId rootid 3 tid 106005
target_page_id id: 5 tid 106005
0 1 tid 106005
135 4 tid 106005
343 2 tid 106005
492 5 tid 106005
245 tid 106005
Insert  tid 106005
FindTargetPageId rootid 3 tid 106005
target_page_id id: 5 tid 106005
0 1 tid 106005
135 4 tid 106005
343 2 tid 106005
492 5 tid 106005
246 tid 106005
Insert  tid 106005
FindTargetPageId rootid 3 tid 106005
target_page_id id: 5 tid 106005
0 1 tid 106005
135 4 tid 106005
343 2 tid 106005
492 5 tid 106005
247 tid 106005
Insert  tid 106005
FindTargetPageId rootid 3 tid 106005
target_page_id id: 5 tid 106005
0 1 tid 106005
135 4 tid 106005
343 2 tid 106005
492 5 tid 106005
248 tid 106005
Insert  tid 106005
FindTargetPageId rootid 3 tid 106005
target_page_id id: 5 tid 106005
0 1 tid 106005
135 4 tid 106005
343 2 tid 106005
492 5 tid 106005
249 tid 106005
Insert  tid 106005
FindTargetPageId rootid 3 tid 106005
target_page_id id: 5 tid 106005
0 1 tid 106005
135 4 tid 106005
343 2 tid 106005
492 5 tid 106005
250 tid 106005
Insert  tid 106005
FindTargetPageId rootid 3 tid 106005
target_page_id id: 5 tid 106005
0 1 tid 106005
135 4 tid 106005
343 2 tid 106005
492 5 tid 106005
251 tid 106005
Insert  tid 106005
FindTargetPageId rootid 3 tid 106005
target_page_id id: 5 tid 106005
0 1 tid 106005
135 4 tid 106005
343 2 tid 106005
492 5 tid 106005
252 tid 106005
Insert  tid 106005
FindTargetPageId rootid 3 tid 106005
target_page_id id: 5 tid 106005
0 1 tid 106005
135 4 tid 106005
343 2 tid 106005
492 5 tid 106005
253 tid 106005
Insert  tid 106005
FindTargetPageId rootid 3 tid 106005
target_page_id id: 5 tid 106005
0 1 tid 106005
135 4 tid 106005
343 2 tid 106005
492 5 tid 106005
254 tid 106005
Insert  tid 106005
FindTargetPageId rootid 3 tid 106005
target_page_id id: 6 tid 106005
0 1 tid 106005
135 4 tid 106005
343 2 tid 106005
492 5 tid 106005
619 6 tid 106005
128 tid 106005
Insert  tid 106005
FindTargetPageId rootid 3 tid 106005
target_page_id id: 6 tid 106005
0 1 tid 106005
135 4 tid 106005
343 2 tid 106005
492 5 tid 106005
619 6 tid 106005
129 tid 106005
Insert  tid 106005
FindTargetPageId rootid 3 tid 106005
target_page_id id: 6 tid 106005
0 1 tid 106005
135 4 tid 106005
343 2 tid 106005
492 5 tid 106005
619 6 tid 106005
130 tid 106005
Insert  tid 106005
FindTargetPageId rootid 3 tid 106005
target_page_id id: 6 tid 106005
0 1 tid 106005
135 4 tid 106005
343 2 tid 106005
492 5 tid 106005
619 6 tid 106005
131 tid 106005
Insert  tid 106005
FindTargetPageId rootid 3 tid 106005
target_page_id id: 6 tid 106005
0 1 tid 106005
135 4 tid 106005
343 2 tid 106005
492 5 tid 106005
619 6 tid 106005
132 tid 106005
Insert  tid 106005
FindTargetPageId rootid 3 tid 106005
target_page_id id: 6 tid 106005
0 1 tid 106005
135 4 tid 106005
343 2 tid 106005
492 5 tid 106005
619 6 tid 106005
133 tid 106005
Insert  tid 106005
FindTargetPageId rootid 3 tid 106004
target_page_id id: 2 tid 106004
0 1 tid 106004
135 4 tid 106004
343 2 tid 106004
492 5 tid 106004
619 6 tid 106004
127 tid 106004
Remove  tid 106004
FindTargetPageId rootid 3 tid 106003
target_page_id id: 2 tid 106003
0 1 tid 106003
135 4 tid 106003
342 2 tid 106003
492 5 tid 106003
619 6 tid 106003
127 tid 106003
Insert  tid 106003
FindTargetPageId rootid 3 tid 106003
target_page_id id: 2 tid 106003
0 1 tid 106003
135 4 tid 106003
342 2 tid 106003
492 5 tid 106003
619 6 tid 106003
127 tid 106003
Insert  tid 106003
FindTargetPageId rootid 3 tid 106004
target_page_id id: 2 tid 106004
0 1 tid 106004
135 4 tid 106004
342 2 tid 106004
492 5 tid 106004
619 6 tid 106004
127 tid 106004
Remove  tid 106004
FindTargetPageId rootid 3 tid 106004
target_page_id id: 2 tid 106004
0 1 tid 106004
135 4 tid 106004
341 2 tid 106004
492 5 tid 106004
619 6 tid 106004
127 tid 106004
Remove  tid 106004
FindTargetPageId rootid 3 tid 106004
target_page_id id: 2 tid 106004
0 1 tid 106004
135 4 tid 106004
340 2 tid 106004
492 5 tid 106004
619 6 tid 106004
127 tid 106004
Remove  tid 106004
FindTargetPageId rootid 3 tid 106004
target_page_id id: 2 tid 106004
0 1 tid 106004
135 4 tid 106004
339 2 tid 106004
492 5 tid 106004
619 6 tid 106004
127 tid 106004
Remove  tid 106004
FindTargetPageId rootid 3 tid 106004
target_page_id id: 2 tid 106004
0 1 tid 106004
135 4 tid 106004
338 2 tid 106004
492 5 tid 106004
619 6 tid 106004
127 tid 106004
Remove  tid 106004
FindTargetPageId rootid 3 tid 106004
target_page_id id: 2 tid 106004
0 1 tid 106004
135 4 tid 106004
337 2 tid 106004
492 5 tid 106004
619 6 tid 106004
127 tid 106004
Remove  tid 106004
FindTargetPageId rootid 3 tid 106004
target_page_id id: 2 tid 106004
0 1 tid 106004
135 4 tid 106004
336 2 tid 106004
492 5 tid 106004
619 6 tid 106004
127 tid 106004
Remove  tid 106004
FindTargetPageId rootid 3 tid 106004
target_page_id id: 2 tid 106004
0 1 tid 106004
135 4 tid 106004
335 2 tid 106004
492 5 tid 106004
619 6 tid 106004
127 tid 106004
Remove  tid 106004
FindTargetPageId rootid 3 tid 106004
target_page_id id: 2 tid 106004
0 1 tid 106004
135 4 tid 106004
334 2 tid 106004
492 5 tid 106004
619 6 tid 106004
127 tid 106004
Remove  tid 106004
FindTargetPageId rootid 3 tid 106003
target_page_id id: 2 tid 106003
0 1 tid 106003
135 4 tid 106003
333 2 tid 106003
492 5 tid 106003
619 6 tid 106003
127 tid 106003
Insert  tid 106003
FindTargetPageId rootid 3 tid 106005
target_page_id id: 6 tid 106005
0 1 tid 106005
135 4 tid 106005
333 2 tid 106005
492 5 tid 106005
619 6 tid 106005
134 tid 106005
Insert  tid 106005
FindTargetPageId rootid 3 tid 106004
target_page_id id: 2 tid 106004
0 1 tid 106004
135 4 tid 106004
333 2 tid 106004
492 5 tid 106004
619 6 tid 106004
127 tid 106004
Remove  tid 106004
FindTargetPageId rootid 3 tid 106004
target_page_id id: 2 tid 106004
0 1 tid 106004
135 4 tid 106004
332 2 tid 106004
492 5 tid 106004
619 6 tid 106004
127 tid 106004
Remove  tid 106004
FindTargetPageId rootid 3 tid 106004
target_page_id id: 2 tid 106004
0 1 tid 106004
135 4 tid 106004
331 2 tid 106004
492 5 tid 106004
619 6 tid 106004
127 tid 106004
Remove  tid 106004
FindTargetPageId rootid 3 tid 106005
target_page_id id: 6 tid 106005
0 1 tid 106005
135 4 tid 106005
330 2 tid 106005
492 5 tid 106005
619 6 tid 106005
135 tid 106005
Insert  tid 106005
FindTargetPageId rootid 3 tid 106005
target_page_id id: 6 tid 106005
0 1 tid 106005
135 4 tid 106005
330 2 tid 106005
492 5 tid 106005
619 6 tid 106005
136 tid 106005
Insert  tid 106005
FindTargetPageId rootid 3 tid 106005
target_page_id id: 6 tid 106005
0 1 tid 106005
135 4 tid 106005
330 2 tid 106005
492 5 tid 106005
619 6 tid 106005
137 tid 106005
Insert  tid 106005
FindTargetPageId rootid 3 tid 106005
target_page_id id: 6 tid 106005
0 1 tid 106005
135 4 tid 106005
330 2 tid 106005
492 5 tid 106005
619 6 tid 106005
138 tid 106005
Insert  tid 106005
FindTargetPageId rootid 3 tid 106005
target_page_id id: 6 tid 106005
0 1 tid 106005
135 4 tid 106005
330 2 tid 106005
492 5 tid 106005
619 6 tid 106005
139 tid 106005
Insert  tid 106005
FindTargetPageId rootid 3 tid 106005
target_page_id id: 6 tid 106005
0 1 tid 106005
135 4 tid 106005
330 2 tid 106005
492 5 tid 106005
619 6 tid 106005
140 tid 106005
Insert  tid 106005
FindTargetPageId rootid 3 tid 106005
target_page_id id: 6 tid 106005
0 1 tid 106005
135 4 tid 106005
330 2 tid 106005
492 5 tid 106005
619 6 tid 106005
141 tid 106005
Insert  tid 106005
FindTargetPageId rootid 3 tid 106005
target_page_id id: 6 tid 106005
0 1 tid 106005
135 4 tid 106005
330 2 tid 106005
492 5 tid 106005
619 6 tid 106005
142 tid 106005
Insert  tid 106005
FindTargetPageId rootid 3 tid 106005
target_page_id id: 6 tid 106005
0 1 tid 106005
135 4 tid 106005
330 2 tid 106005
492 5 tid 106005
619 6 tid 106005
143 tid 106005
Insert  tid 106005
FindTargetPageId rootid 3 tid 106005
target_page_id id: 6 tid 106005
0 1 tid 106005
135 4 tid 106005
330 2 tid 106005
492 5 tid 106005
619 6 tid 106005
144 tid 106005
Insert  tid 106005
FindTargetPageId rootid 3 tid 106005
target_page_id id: 6 tid 106005
0 1 tid 106005
135 4 tid 106005
330 2 tid 106005
492 5 tid 106005
619 6 tid 106005
145 tid 106005
Insert  tid 106005
FindTargetPageId rootid 3 tid 106004
target_page_id id: 2 tid 106004
0 1 tid 106004
135 4 tid 106004
330 2 tid 106004
492 5 tid 106004
619 6 tid 106004
127 tid 106004
Remove  tid 106004
FindTargetPageId rootid 3 tid 106004
target_page_id id: 2 tid 106004
0 1 tid 106004
135 4 tid 106004
329 2 tid 106004
492 5 tid 106004
619 6 tid 106004
127 tid 106004
Remove  tid 106004
FindTargetPageId rootid 3 tid 106004
target_page_id id: 2 tid 106004
0 1 tid 106004
135 4 tid 106004
328 2 tid 106004
492 5 tid 106004
619 6 tid 106004
127 tid 106004
Remove  tid 106004
FindTargetPageId rootid 3 tid 106004
target_page_id id: 2 tid 106004
0 1 tid 106004
135 4 tid 106004
327 2 tid 106004
492 5 tid 106004
619 6 tid 106004
127 tid 106004
Remove  tid 106004
FindTargetPageId rootid 3 tid 106004
target_page_id id: 2 tid 106004
0 1 tid 106004
135 4 tid 106004
326 2 tid 106004
492 5 tid 106004
619 6 tid 106004
127 tid 106004
Remove  tid 106004
FindTargetPageId rootid 3 tid 106004
target_page_id id: 2 tid 106004
0 1 tid 106004
135 4 tid 106004
325 2 tid 106004
492 5 tid 106004
619 6 tid 106004
127 tid 106004
Remove  tid 106004
FindTargetPageId rootid 3 tid 106004
target_page_id id: 2 tid 106004
0 1 tid 106004
135 4 tid 106004
324 2 tid 106004
492 5 tid 106004
619 6 tid 106004
127 tid 106004
Remove  tid 106004
FindTargetPageId rootid 3 tid 106004
target_page_id id: 2 tid 106004
0 1 tid 106004
135 4 tid 106004
323 2 tid 106004
492 5 tid 106004
619 6 tid 106004
127 tid 106004
Remove  tid 106004
FindTargetPageId rootid 3 tid 106004
target_page_id id: 2 tid 106004
0 1 tid 106004
135 4 tid 106004
322 2 tid 106004
492 5 tid 106004
619 6 tid 106004
127 tid 106004
Remove  tid 106004
FindTargetPageId rootid 3 tid 106004
target_page_id id: 2 tid 106004
0 1 tid 106004
135 4 tid 106004
321 2 tid 106004
492 5 tid 106004
619 6 tid 106004
127 tid 106004
Remove  tid 106004
FindTargetPageId rootid 3 tid 106004
target_page_id id: 2 tid 106004
0 1 tid 106004
135 4 tid 106004
320 2 tid 106004
492 5 tid 106004
619 6 tid 106004
127 tid 106004
Remove  tid 106004
FindTargetPageId rootid 3 tid 106004
target_page_id id: 2 tid 106004
0 1 tid 106004
135 4 tid 106004
319 2 tid 106004
492 5 tid 106004
619 6 tid 106004
127 tid 106004
Remove  tid 106004
FindTargetPageId rootid 3 tid 106004
target_page_id id: 2 tid 106004
0 1 tid 106004
135 4 tid 106004
318 2 tid 106004
492 5 tid 106004
619 6 tid 106004
127 tid 106004
Remove  tid 106004
FindTargetPageId rootid 3 tid 106003
target_page_id id: 2 tid 106003
0 1 tid 106003
135 4 tid 106003
317 2 tid 106003
492 5 tid 106003
619 6 tid 106003
127 tid 106003
Insert  tid 106003
FindTargetPageId rootid 3 tid 106003
target_page_id id: 2 tid 106003
0 1 tid 106003
135 4 tid 106003
317 2 tid 106003
492 5 tid 106003
619 6 tid 106003
127 tid 106003
Insert  tid 106003
FindTargetPageId rootid 3 tid 106003
target_page_id id: 2 tid 106003
0 1 tid 106003
135 4 tid 106003
317 2 tid 106003
492 5 tid 106003
619 6 tid 106003
127 tid 106003
Insert  tid 106003
FindTargetPageId rootid 3 tid 106003
target_page_id id: 2 tid 106003
0 1 tid 106003
135 4 tid 106003
317 2 tid 106003
492 5 tid 106003
619 6 tid 106003
127 tid 106003
Insert  tid 106003
FindTargetPageId rootid 3 tid 106003
target_page_id id: 2 tid 106003
0 1 tid 106003
135 4 tid 106003
317 2 tid 106003
492 5 tid 106003
619 6 tid 106003
127 tid 106003
Insert  tid 106003
FindTargetPageId rootid 3 tid 106003
target_page_id id: 2 tid 106003
0 1 tid 106003
135 4 tid 106003
317 2 tid 106003
492 5 tid 106003
619 6 tid 106003
127 tid 106003
Insert  tid 106003
FindTargetPageId rootid 3 tid 106003
target_page_id id: 2 tid 106003
0 1 tid 106003
135 4 tid 106003
317 2 tid 106003
492 5 tid 106003
619 6 tid 106003
127 tid 106003
Insert  tid 106003
FindTargetPageId rootid 3 tid 106003
target_page_id id: 2 tid 106003
0 1 tid 106003
135 4 tid 106003
317 2 tid 106003
492 5 tid 106003
619 6 tid 106003
127 tid 106003
Insert  tid 106003
FindTargetPageId rootid 3 tid 106005
target_page_id id: 6 tid 106005
0 1 tid 106005
135 4 tid 106005
317 2 tid 106005
492 5 tid 106005
619 6 tid 106005
146 tid 106005
Insert  tid 106005
FindTargetPageId rootid 3 tid 106004
target_page_id id: 2 tid 106004
0 1 tid 106004
135 4 tid 106004
317 2 tid 106004
492 5 tid 106004
619 6 tid 106004
127 tid 106004
Remove  tid 106004
FindTargetPageId rootid 3 tid 106003
target_page_id id: 2 tid 106003
0 1 tid 106003
135 4 tid 106003
316 2 tid 106003
492 5 tid 106003
619 6 tid 106003
127 tid 106003
Insert  tid 106003
FindTargetPageId rootid 3 tid 106003
target_page_id id: 2 tid 106003
0 1 tid 106003
135 4 tid 106003
316 2 tid 106003
492 5 tid 106003
619 6 tid 106003
127 tid 106003
Insert  tid 106003
FindTargetPageId rootid 3 tid 106003
target_page_id id: 2 tid 106003
0 1 tid 106003
135 4 tid 106003
316 2 tid 106003
492 5 tid 106003
619 6 tid 106003
127 tid 106003
Insert  tid 106003
FindTargetPageId rootid 3 tid 106003
target_page_id id: 2 tid 106003
0 1 tid 106003
135 4 tid 106003
316 2 tid 106003
492 5 tid 106003
619 6 tid 106003
127 tid 106003
Insert  tid 106003
FindTargetPageId rootid 3 tid 106003
target_page_id id: 2 tid 106003
0 1 tid 106003
135 4 tid 106003
316 2 tid 106003
492 5 tid 106003
619 6 tid 106003
127 tid 106003
Insert  tid 106003
FindTargetPageId rootid 3 tid 106004
target_page_id id: 2 tid 106004
0 1 tid 106004
135 4 tid 106004
316 2 tid 106004
492 5 tid 106004
619 6 tid 106004
127 tid 106004
FindTargetPageId rootid 3 tid 106005
target_page_id id: 6 tid 106005
0 1 tid 106005
135 4 tid 106005
315 2 tid 106005
492 5 tid 106005
619 6 tid 106005
147 tid 106005
Insert  tid 106005
FindTargetPageId rootid 3 tid 106005
target_page_id id: 6 tid 106005
0 1 tid 106005
135 4 tid 106005
315 2 tid 106005
492 5 tid 106005
619 6 tid 106005
148 tid 106005
Insert  tid 106005
FindTargetPageId rootid 3 tid 106005
target_page_id id: 6 tid 106005
0 1 tid 106005
135 4 tid 106005
315 2 tid 106005
492 5 tid 106005
619 6 tid 106005
149 tid 106005
Insert  tid 106005
FindTargetPageId rootid 3 tid 106005
target_page_id id: 6 tid 106005
0 1 tid 106005
135 4 tid 106005
315 2 tid 106005
492 5 tid 106005
619 6 tid 106005
150 tid 106005
Insert  tid 106005
FindTargetPageId rootid 3 tid 106005
target_page_id id: 6 tid 106005
0 1 tid 106005
135 4 tid 106005
315 2 tid 106005
492 5 tid 106005
619 6 tid 106005
151 tid 106005
Insert  tid 106005
FindTargetPageId rootid Remove 3 tid  tid 106003106004

target_page_id id: 2 tid 106003
0 1 tid 106003
135 4 tid 106003
315 2 tid 106003
492 5 tid 106003
619 6 tid 106003
127 tid 106003
Insert  tid 106003
FindTargetPageId rootid 3 tid 106005
target_page_id id: 6 tid 106005
0 1 tid 106005
135 4 tid 106005
315 2 tid 106005
492 5 tid 106005
619 6 tid 106005
152 tid 106005
Insert  tid 106005
FindTargetPageId rootid 3 tid 106005
target_page_id id: 6 tid 106005
0 1 tid 106005
135 4 tid 106005
315 2 tid 106005
492 5 tid 106005
619 6 tid 106005
153 tid 106005
Insert  tid 106005
FindTargetPageId rootid 3 tid 106005
target_page_id id: 6 tid 106005
0 1 tid 106005
135 4 tid 106005
315 2 tid 106005
492 5 tid 106005
619 6 tid 106005
154 tid 106005
Insert  tid 106005
FindTargetPageId rootid 3 tid 106004
target_page_id id: 2 tid 106004
0 1 tid 106004
135 4 tid 106004
315 2 tid 106004
492 5 tid 106004
619 6 tid 106004
127 tid 106004
Remove  tid 106004
FindTargetPageId rootid 3 tid 106004
target_page_id id: 2 tid 106004
0 1 tid 106004
135 4 tid 106004
314 2 tid 106004
492 5 tid 106004
619 6 tid 106004
127 tid 106004
Remove  tid 106004
FindTargetPageId rootid 3 tid 106004
target_page_id id: 2 tid 106004
0 1 tid 106004
135 4 tid 106004
313 2 tid 106004
492 5 tid 106004
619 6 tid 106004
127 tid 106004
Remove  tid 106004
FindTargetPageId rootid 3 tid 106004
target_page_id id: 2 tid 106004
0 1 tid 106004
135 4 tid 106004
312 2 tid 106004
492 5 tid 106004
619 6 tid 106004
127 tid 106004
Remove  tid 106004
FindTargetPageId rootid 3 tid 106003
target_page_id id: 2 tid 106003
0 1 tid 106003
135 4 tid 106003
311 2 tid 106003
492 5 tid 106003
619 6 tid 106003
127 tid 106003
Insert  tid 106003
FindTargetPageId rootid 3 tid 106003
target_page_id id: 2 tid 106003
0 1 tid 106003
135 4 tid 106003
311 2 tid 106003
492 5 tid 106003
619 6 tid 106003
127 tid 106003
Insert  tid 106003
FindTargetPageId rootid 3 tid 106004
target_page_id id: 2 tid 106004
0 1 tid 106004
135 4 tid 106004
311 2 tid 106004
492 5 tid 106004
619 6 tid 106004
127 tid 106004
Remove  tid 106004
FindTargetPageId rootid 3 tid 106004
target_page_id id: 2 tid 106004
0 1 tid 106004
135 4 tid 106004
310 2 tid 106004
492 5 tid 106004
619 6 tid 106004
127 tid 106004
Remove  tid 106004
FindTargetPageId rootid 3 tid 106004
target_page_id id: 2 tid 106004
0 1 tid 106004
135 4 tid 106004
309 2 tid 106004
492 5 tid 106004
619 6 tid 106004
127 tid 106004
Remove  tid 106004
FindTargetPageId rootid 3 tid 106004
target_page_id id: 2 tid 106004
0 1 tid 106004
135 4 tid 106004
308 2 tid 106004
492 5 tid 106004
619 6 tid 106004
127 tid 106004
Remove  tid 106004
FindTargetPageId rootid 3 tid 106004
target_page_id id: 2 tid 106004
0 1 tid 106004
135 4 tid 106004
307 2 tid 106004
492 5 tid 106004
619 6 tid 106004
127 tid 106004
Remove  tid 106004
FindTargetPageId rootid 3 tid 106004
target_page_id id: 2 tid 106004
0 1 tid 106004
135 4 tid 106004
306 2 tid 106004
492 5 tid 106004
619 6 tid 106004
127 tid 106004
Remove  tid 106004
FindTargetPageId rootid 3 tid 106004
target_page_id id: 2 tid 106004
0 1 tid 106004
135 4 tid 106004
305 2 tid 106004
492 5 tid 106004
619 6 tid 106004
127 tid 106004
Remove  tid 106004
FindTargetPageId rootid 3 tid 106004
target_page_id id: 2 tid 106004
0 1 tid 106004
135 4 tid 106004
304 2 tid 106004
492 5 tid 106004
619 6 tid 106004
127 tid 106004
Remove  tid 106004
FindTargetPageId rootid 3 tid 106004
target_page_id id: 2 tid 106004
0 1 tid 106004
135 4 tid 106004
303 2 tid 106004
492 5 tid 106004
619 6 tid 106004
127 tid 106004
Remove  tid 106004
FindTargetPageId rootid 3 tid 106004
target_page_id id: 2 tid 106004
0 1 tid 106004
135 4 tid 106004
302 2 tid 106004
492 5 tid 106004
619 6 tid 106004
127 tid 106004
Remove  tid 106004
FindTargetPageId rootid 3 tid 106004
target_page_id id: 2 tid 106004
0 1 tid 106004
135 4 tid 106004
301 2 tid 106004
492 5 tid 106004
619 6 tid 106004
127 tid 106004
Remove  tid 106004
FindTargetPageId rootid 3 tid 106004
target_page_id id: 2 tid 106004
0 1 tid 106004
135 4 tid 106004
300 2 tid 106004
492 5 tid 106004
619 6 tid 106004
127 tid 106004
Remove  tid 106004
FindTargetPageId rootid 3 tid 106004
target_page_id id: 2 tid 106004
0 1 tid 106004
135 4 tid 106004
299 2 tid 106004
492 5 tid 106004
619 6 tid 106004
127 tid 106004
Remove  tid 106004
FindTargetPageId rootid 3 tid 106004
target_page_id id: 2 tid 106004
0 1 tid 106004
135 4 tid 106004
298 2 tid 106004
492 5 tid 106004
619 6 tid 106004
127 tid 106004
Remove  tid 106004
FindTargetPageId rootid 3 tid 106004
target_page_id id: 2 tid 106004
0 1 tid 106004
135 4 tid 106004
297 2 tid 106004
492 5 tid 106004
619 6 tid 106004
127 tid 106004
Remove  tid 106004
FindTargetPageId rootid 3 tid 106004
target_page_id id: 2 tid 106004
0 1 tid 106004
135 4 tid 106004
296 2 tid 106004
492 5 tid 106004
619 6 tid 106004
127 tid 106004
Remove  tid 106004
FindTargetPageId rootid 3 tid 106004
target_page_id id: 2 tid 106004
0 1 tid 106004
135 4 tid 106004
295 2 tid 106004
492 5 tid 106004
619 6 tid 106004
127 tid 106004
Remove  tid 106004
FindTargetPageId rootid 3 tid 106004
target_page_id id: 2 tid 106004
0 1 tid 106004
135 4 tid 106004
294 2 tid 106004
492 5 tid 106004
619 6 tid 106004
127 tid 106004
Remove  tid 106004
FindTargetPageId rootid 3 tid 106004
target_page_id id: 2 tid 106004
0 1 tid 106004
135 4 tid 106004
293 2 tid 106004
492 5 tid 106004
619 6 tid 106004
127 tid 106004
Remove  tid 106004
FindTargetPageId rootid 3 tid 106004
target_page_id id: 2 tid 106004
0 1 tid 106004
135 4 tid 106004
292 2 tid 106004
492 5 tid 106004
619 6 tid 106004
127 tid 106004
Remove  tid 106004
FindTargetPageId rootid 3 tid 106004
target_page_id id: 2 tid 106004
0 1 tid 106004
135 4 tid 106004
291 2 tid 106004
492 5 tid 106004
619 6 tid 106004
127 tid 106004
Remove  tid 106004
FindTargetPageId rootid 3 tid 106004
target_page_id id: 2 tid 106004
0 1 tid 106004
135 4 tid 106004
290 2 tid 106004
492 5 tid 106004
619 6 tid 106004
127 tid 106004
Remove  tid 106004
FindTargetPageId rootid 3 tid 106004
target_page_id id: 2 tid 106004
0 1 tid 106004
135 4 tid 106004
289 2 tid 106004
492 5 tid 106004
619 6 tid 106004
127 tid 106004
Remove  tid 106004
FindTargetPageId rootid 3 tid 106004
target_page_id id: 2 tid 106004
0 1 tid 106004
135 4 tid 106004
288 2 tid 106004
492 5 tid 106004
619 6 tid 106004
127 tid 106004
Remove  tid 106004
FindTargetPageId rootid 3 tid 106004
target_page_id id: 2 tid 106004
0 1 tid 106004
135 4 tid 106004
287 2 tid 106004
492 5 tid 106004
619 6 tid 106004
127 tid 106004
Remove  tid 106004
FindTargetPageId rootid 3 tid 106004
target_page_id id: 2 tid 106004
0 1 tid 106004
135 4 tid 106004
286 2 tid 106004
492 5 tid 106004
619 6 tid 106004
127 tid 106004
Remove  tid 106004
FindTargetPageId rootid 3 tid 106004
target_page_id id: 2 tid 106004
0 1 tid 106004
135 4 tid 106004
285 2 tid 106004
492 5 tid 106004
619 6 tid 106004
127 tid 106004
Remove  tid 106004
FindTargetPageId rootid 3 tid 106004
target_page_id id: 2 tid 106004
0 1 tid 106004
135 4 tid 106004
284 2 tid 106004
492 5 tid 106004
619 6 tid 106004
127 tid 106004
Remove  tid 106004
FindTargetPageId rootid 3 tid 106004
target_page_id id: 2 tid 106004
0 1 tid 106004
135 4 tid 106004
283 2 tid 106004
492 5 tid 106004
619 6 tid 106004
127 tid 106004
Remove  tid 106004
FindTargetPageId rootid 3 tid 106004
target_page_id id: 2 tid 106004
0 1 tid 106004
135 4 tid 106004
282 2 tid 106004
492 5 tid 106004
619 6 tid 106004
127 tid 106004
Remove  tid 106004
FindTargetPageId rootid 3 tid 106004
target_page_id id: 2 tid 106004
0 1 tid 106004
135 4 tid 106004
281 2 tid 106004
492 5 tid 106004
619 6 tid 106004
127 tid 106004
Remove  tid 106004
FindTargetPageId rootid 3 tid 106004
target_page_id id: 2 tid 106004
0 1 tid 106004
135 4 tid 106004
280 2 tid 106004
492 5 tid 106004
619 6 tid 106004
127 tid 106004
Remove  tid 106004
FindTargetPageId rootid 3 tid 106004
target_page_id id: 2 tid 106004
0 1 tid 106004
135 4 tid 106004
279 2 tid 106004
492 5 tid 106004
619 6 tid 106004
127 tid 106004
Remove  tid 106004
FindTargetPageId rootid 3 tid 106004
target_page_id id: 2 tid 106004
0 1 tid 106004
135 4 tid 106004
278 2 tid 106004
492 5 tid 106004
619 6 tid 106004
127 tid 106004
Remove  tid 106004
FindTargetPageId rootid 3 tid 106004
target_page_id id: 2 tid 106004
0 1 tid 106004
135 4 tid 106004
277 2 tid 106004
492 5 tid 106004
619 6 tid 106004
127 tid 106004
Remove  tid 106004
FindTargetPageId rootid 3 tid 106004
target_page_id id: 2 tid 106004
0 1 tid 106004
135 4 tid 106004
276 2 tid 106004
492 5 tid 106004
619 6 tid 106004
127 tid 106004
Remove  tid 106004
FindTargetPageId rootid 3 tid 106004
target_page_id id: 2 tid 106004
0 1 tid 106004
135 4 tid 106004
275 2 tid 106004
492 5 tid 106004
619 6 tid 106004
127 tid 106004
Remove  tid 106004
FindTargetPageId rootid 3 tid 106004
target_page_id id: 2 tid 106004
0 1 tid 106004
135 4 tid 106004
274 2 tid 106004
492 5 tid 106004
619 6 tid 106004
127 tid 106004
Remove  tid 106004
FindTargetPageId rootid 3 tid 106004
target_page_id id: 2 tid 106004
0 1 tid 106004
135 4 tid 106004
273 2 tid 106004
492 5 tid 106004
619 6 tid 106004
127 tid 106004
Remove  tid 106004
FindTargetPageId rootid 3 tid 106004
target_page_id id: 2 tid 106004
0 1 tid 106004
135 4 tid 106004
272 2 tid 106004
492 5 tid 106004
619 6 tid 106004
127 tid 106004
Remove  tid 106004
FindTargetPageId rootid 3 tid 106004
target_page_id id: 2 tid 106004
0 1 tid 106004
135 4 tid 106004
271 2 tid 106004
492 5 tid 106004
619 6 tid 106004
127 tid 106004
Remove  tid 106004
FindTargetPageId rootid 3 tid 106004
target_page_id id: 2 tid 106004
0 1 tid 106004
135 4 tid 106004
270 2 tid 106004
492 5 tid 106004
619 6 tid 106004
127 tid 106004
Remove  tid 106004
FindTargetPageId rootid 3 tid 106004
target_page_id id: 2 tid 106004
0 1 tid 106004
135 4 tid 106004
269 2 tid 106004
492 5 tid 106004
619 6 tid 106004
127 tid 106004
Remove  tid 106004
FindTargetPageId rootid 3 tid 106004
target_page_id id: 2 tid 106004
0 1 tid 106004
135 4 tid 106004
268 2 tid 106004
492 5 tid 106004
619 6 tid 106004
127 tid 106004
Remove  tid 106004
FindTargetPageId rootid 3 tid 106004
target_page_id id: 2 tid 106004
0 1 tid 106004
135 4 tid 106004
267 2 tid 106004
492 5 tid 106004
619 6 tid 106004
127 tid 106004
Remove  tid 106004
FindTargetPageId rootid 3 tid 106004
target_page_id id: 2 tid 106004
0 1 tid 106004
135 4 tid 106004
266 2 tid 106004
492 5 tid 106004
619 6 tid 106004
127 tid 106004
Remove  tid 106004
FindTargetPageId rootid 3 tid 106004
target_page_id id: 2 tid 106004
0 1 tid 106004
135 4 tid 106004
265 2 tid 106004
492 5 tid 106004
619 6 tid 106004
127 tid 106004
Remove  tid 106004
FindTargetPageId rootid 3 tid 106004
target_page_id id: 4 tid 106004
0 1 tid 106004
135 4 tid 106004
492 5 tid 106004
619 6 tid 106004
254 tid 106004
Remove  tid 106004
FindTargetPageId rootid 3 tid 106004
target_page_id id: 4 tid 106004
0 1 tid 106004
135 4 tid 106004
492 5 tid 106004
619 6 tid 106004
253 tid 106004
Remove  tid 106004
FindTargetPageId rootid 3 tid 106004
target_page_id id: 4 tid 106004
0 1 tid 106004
135 4 tid 106004
492 5 tid 106004
619 6 tid 106004
252 tid 106004
Remove  tid 106004
FindTargetPageId rootid 3 tid 106004
target_page_id id: 4 tid 106004
0 1 tid 106004
135 4 tid 106004
492 5 tid 106004
619 6 tid 106004
251 tid 106004
Remove  tid 106004
FindTargetPageId rootid 3 tid 106004
target_page_id id: 4 tid 106004
0 1 tid 106004
135 4 tid 106004
492 5 tid 106004
619 6 tid 106004
250 tid 106004
Remove  tid 106004
FindTargetPageId rootid 3 tid 106004
target_page_id id: 4 tid 106004
0 1 tid 106004
135 4 tid 106004
492 5 tid 106004
619 6 tid 106004
249 tid 106004
Remove  tid 106004
FindTargetPageId rootid 3 tid 106004
target_page_id id: 4 tid 106004
0 1 tid 106004
135 4 tid 106004
492 5 tid 106004
619 6 tid 106004
248 tid 106004
Remove  tid 106004
FindTargetPageId rootid 3 tid 106004
target_page_id id: 4 tid 106004
0 1 tid 106004
135 4 tid 106004
492 5 tid 106004
619 6 tid 106004
247 tid 106004
Remove  tid 106004
FindTargetPageId rootid 3 tid 106004
target_page_id id: 4 tid 106004
0 1 tid 106004
135 4 tid 106004
492 5 tid 106004
619 6 tid 106004
246 tid 106004
Remove  tid 106004
FindTargetPageId rootid 3 tid 106004
target_page_id id: 4 tid 106004
0 1 tid 106004
135 4 tid 106004
492 5 tid 106004
619 6 tid 106004
245 tid 106004
Remove  tid 106004
FindTargetPageId rootid 3 tid 106004
target_page_id id: 4 tid 106004
0 1 tid 106004
135 4 tid 106004
492 5 tid 106004
619 6 tid 106004
244 tid 106004
Remove  tid 106004
FindTargetPageId rootid 3 tid 106004
target_page_id id: 4 tid 106004
0 1 tid 106004
135 4 tid 106004
492 5 tid 106004
619 6 tid 106004
243 tid 106004
Remove  tid 106004
FindTargetPageId rootid 3 tid 106004
target_page_id id: 4 tid 106004
0 1 tid 106004
135 4 tid 106004
492 5 tid 106004
619 6 tid 106004
242 tid 106004
Remove  tid 106004FindTargetPageId rootid 
3 tid 106003
target_page_id id: 4 tid 106003
0 1 tid 106003
135 4 tid 106003
492 5 tid 106003
619 6 tid 106003
241 tid 106003
Insert  tid 106003
FindTargetPageId rootid 3 tid 106003
target_page_id id: 4 tid 106003
0 1 tid 106003
135 4 tid 106003
492 5 tid 106003
619 6 tid 106003
242 tid 106003
Insert  tid 106003
FindTargetPageId rootid 3 tid 106003
target_page_id id: 4 tid 106003
0 1 tid 106003
135 4 tid 106003
492 5 tid 106003
619 6 tid 106003
243 tid 106003
Insert  tid 106003
FindTargetPageId rootid 3 tid 106003
target_page_id id: 4 tid 106003
0 1 tid 106003
135 4 tid 106003
492 5 tid 106003
619 6 tid 106003
244 tid 106003
Insert  tid 106003
FindTargetPageId rootid 3 tid 106003
target_page_id id: 4 tid 106003
0 1 tid 106003
135 4 tid 106003
492 5 tid 106003
619 6 tid 106003
245 tid 106003
Insert  tid 106003
FindTargetPageId rootid 3 tid 106003
target_page_id id: 4 tid 106003
0 1 tid 106003
135 4 tid 106003
492 5 tid 106003
619 6 tid 106003
246 tid 106003
Insert  tid 106003
FindTargetPageId rootid 3 tid 106005
target_page_id id: 6 tid 106005
0 1 tid 106005
135 4 tid 106005
492 5 tid 106005
619 6 tid 106005
155 tid 106005
Insert  tid 106005
FindTargetPageId rootid 3 tid 106005
target_page_id id: 6 tid 106005
0 1 tid 106005
135 4 tid 106005
492 5 tid 106005
619 6 tid 106005
156 tid 106005
Insert  tid 106005
FindTargetPageId rootid 3 tid 106003
target_page_id id: 4 tid 106003
0 1 tid 106003
135 4 tid 106003
492 5 tid 106003
619 6 tid 106003
247 tid 106003
Insert  tid 106003
FindTargetPageId rootid 3 tid 106003
target_page_id id: 4 tid 106003
0 1 tid 106003
135 4 tid 106003
492 5 tid 106003
619 6 tid 106003
248 tid 106003
Insert  tid 106003
FindTargetPageId rootid 3 tid 106003
target_page_id id: 4 tid 106003
0 1 tid 106003
135 4 tid 106003
492 5 tid 106003
619 6 tid 106003
249 tid 106003
Insert  tid 106003
FindTargetPageId rootid 3 tid 106003
target_page_id id: 4 tid 106003
0 1 tid 106003
135 4 tid 106003
492 5 tid 106003
619 6 tid 106003
250 tid 106003
Insert  tid 106003
FindTargetPageId rootid 3 tid 106003
target_page_id id: 4 tid 106003
0 1 tid 106003
135 4 tid 106003
492 5 tid 106003
619 6 tid 106003
251 tid 106003
Insert  tid 106003
FindTargetPageId rootid 3 tid 106003
target_page_id id: 4 tid 106003
0 1 tid 106003
135 4 tid 106003
492 5 tid 106003
619 6 tid 106003
252 tid 106003
Insert  tid 106003
FindTargetPageId rootid 3 tid 106003
target_page_id id: 4 tid 106003
0 1 tid 106003
135 4 tid 106003
492 5 tid 106003
619 6 tid 106003
253 tid 106003
Insert  tid 106003
FindTargetPageId rootid 3 tid 106003
target_page_id id: 4 tid 106003
0 1 tid 106003
135 4 tid 106003
492 5 tid 106003
619 6 tid 106003
254 tid 106003
Insert  tid 106003
FindTargetPageId rootid 3 tid 106004
target_page_id id: 7 tid 106004
0 1 tid 106004
135 4 tid 106004
264 7 tid 106004
492 5 tid 106004
619 6 tid 106004
128 tid 106004
Remove  tid 106004
FindTargetPageId rootid 3 tid 106004
target_page_id id: 7 tid 106004
0 1 tid 106004
135 4 tid 106004
264 7 tid 106004
492 5 tid 106004
619 6 tid 106004
127 tid 106004
Remove  tid 106004
FindTargetPageId rootid 3 tid 106004
target_page_id id: 4 tid 106004
0 1 tid 106004
135 4 tid 106004
492 5 tid 106004
619 6 tid 106004
253 tid 106004
Remove  tid 106004
FindTargetPageId rootid 3 tid 106004
target_page_id id: 4 tid 106004
0 1 tid 106004
135 4 tid 106004
492 5 tid 106004
619 6 tid 106004
252 tid 106004
Remove  tid 106004
FindTargetPageId rootid 3 tid 106004
target_page_id id: 5 tid 106004
0 1 tid 106004
135 4 tid 106004
492 5 tid 106004
619 6 tid 106004
127 tid 106004
Remove  tid 106004
FindTargetPageId rootid 3 tid 106004
target_page_id id: 5 tid 106004
0 1 tid 106004
135 4 tid 106004
490 5 tid 106004
619 6 tid 106004
127 tid 106004
Remove  tid 106004
FindTargetPageId rootid 3 tid 106004
target_page_id id: 5 tid 106004
0 1 tid 106004
135 4 tid 106004
485 5 tid 106004
619 6 tid 106004
127 tid 106004
Remove  tid 106004
FindTargetPageId rootid 3 tid 106004
target_page_id id: 5 tid 106004
0 1 tid 106004
135 4 tid 106004
480 5 tid 106004
619 6 tid 106004
127 tid 106004
Remove  tid 106004
FindTargetPageId rootid 3 tid 106003
target_page_id id: 4 tid 106003
0 1 tid 106003
135 4 tid 106003
475 5 tid 106003
619 6 tid 106003
247 tid 106003
Insert  tid 106003
FindTargetPageId rootid 3 tid 106005
target_page_id id: 6 tid 106005
0 1 tid 106005
135 4 tid 106005
475 5 tid 106005
619 6 tid 106005
157 tid 106005
Insert  tid 106005
FindTargetPageId rootid 3 tid 106005
target_page_id id: 6 tid 106005
0 1 tid 106005
135 4 tid 106005
475 5 tid 106005
619 6 tid 106005
158 tid 106005
Insert  tid 106005
FindTargetPageId rootid 3 tid 106005
target_page_id id: 6 tid 106005
0 1 tid 106005
135 4 tid 106005
475 5 tid 106005
619 6 tid 106005
159 tid 106005
Insert  tid 106005
FindTargetPageId rootid 3 tid 106005
target_page_id id: 6 tid 106005
0 1 tid 106005
135 4 tid 106005
475 5 tid 106005
619 6 tid 106005
160 tid 106005
Insert  tid 106005
FindTargetPageId rootid 3 tid 106005
target_page_id id: 6 tid 106005
0 1 tid 106005
135 4 tid 106005
475 5 tid 106005
619 6 tid 106005
161 tid 106005
Insert  tid 106005
FindTargetPageId rootid 3 tid 106005
target_page_id id: 6 tid 106005
0 1 tid 106005
135 4 tid 106005
475 5 tid 106005
619 6 tid 106005
162 tid 106005
Insert  tid 106005
FindTargetPageId rootid 3 tid 106005
target_page_id id: 6 tid 106005
0 1 tid 106005
135 4 tid 106005
475 5 tid 106005
619 6 tid 106005
163 tid 106005
Insert  tid 106005
FindTargetPageId rootid 3 tid 106005
target_page_id id: 6 tid 106005
0 1 tid 106005
135 4 tid 106005
475 5 tid 106005
619 6 tid 106005
164 tid 106005
Insert  tid 106005
FindTargetPageId rootid 3 tid 106005
target_page_id id: 6 tid 106005
0 1 tid 106005
135 4 tid 106005
475 5 tid 106005
619 6 tid 106005
165 tid 106005
Insert  tid 106005
FindTargetPageId rootid 3 tid 106005
target_page_id id: 6 tid 106005
0 1 tid 106005
135 4 tid 106005
475 5 tid 106005
619 6 tid 106005
166 tid 106005
Insert  tid 106005
FindTargetPageId rootid 3 tid 106005
target_page_id id: 6 tid 106005
0 1 tid 106005
135 4 tid 106005
475 5 tid 106005
619 6 tid 106005
167 tid 106005
Insert  tid 106005
FindTargetPageId rootid 3 tid 106005
target_page_id id: 6 tid 106005
0 1 tid 106005
135 4 tid 106005
475 5 tid 106005
619 6 tid 106005
168 tid 106005
Insert  tid 106005
FindTargetPageId rootid 3 tid 106005
target_page_id id: 6 tid 106005
0 1 tid 106005
135 4 tid 106005
475 5 tid 106005
619 6 tid 106005
169 tid 106005
Insert  tid 106005
FindTargetPageId rootid 3 tid 106005
target_page_id id: 6 tid 106005
0 1 tid 106005
135 4 tid 106005
475 5 tid 106005
619 6 tid 106005
170 tid 106005
Insert  tid 106005
FindTargetPageId rootid 3 tid 106005
target_page_id id: 6 tid 106005
0 1 tid 106005
135 4 tid 106005
475 5 tid 106005
619 6 tid 106005
171 tid 106005
Insert  tid 106005
FindTargetPageId rootid 3 tid 106005
target_page_id id: 6 tid 106005
0 1 tid 106005
135 4 tid 106005
475 5 tid 106005
619 6 tid 106005
172 tid 106005
Insert  tid 106005
FindTargetPageId rootid 3 tid 106005
target_page_id id: 6 tid 106005
0 1 tid 106005
135 4 tid 106005
475 5 tid 106005
619 6 tid 106005
173 tid 106005
Insert  tid 106005
FindTargetPageId rootid 3 tid 106005
target_page_id id: 6 tid 106005
0 1 tid 106005
135 4 tid 106005
475 5 tid 106005
619 6 tid 106005
174 tid 106005
Insert  tid 106005
FindTargetPageId rootid 3 tid 106005
target_page_id id: 6 tid 106005
0 1 tid 106005
135 4 tid 106005
475 5 tid 106005
619 6 tid 106005
175 tid 106005
Insert  tid 106005
FindTargetPageId rootid 3 tid 106005
target_page_id id: 6 tid 106005
0 1 tid 106005
135 4 tid 106005
475 5 tid 106005
619 6 tid 106005
176 tid 106005
Insert  tid 106005
FindTargetPageId rootid 3 tid 106005
target_page_id id: 6 tid 106005
0 1 tid 106005
135 4 tid 106005
475 5 tid 106005
619 6 tid 106005
177 tid 106005
Insert  tid 106005
FindTargetPageId rootid 3 tid 106005
target_page_id id: 6 tid 106005
0 1 tid 106005
135 4 tid 106005
475 5 tid 106005
619 6 tid 106005
178 tid 106005
Insert  tid 106005
FindTargetPageId rootid 3 tid 106005
target_page_id id: 6 tid 106005
0 1 tid 106005
135 4 tid 106005
475 5 tid 106005
619 6 tid 106005
179 tid 106005
Insert  tid 106005
FindTargetPageId rootid 3 tid 106005
target_page_id id: 6 tid 106005
0 1 tid 106005
135 4 tid 106005
475 5 tid 106005
619 6 tid 106005
180 tid 106005
Insert  tid 106005
FindTargetPageId rootid 3 tid 106005
target_page_id id: 6 tid 106005
0 1 tid 106005
135 4 tid 106005
475 5 tid 106005
619 6 tid 106005
181 tid 106005
Insert  tid 106005
FindTargetPageId rootid 3 tid 106005
target_page_id id: 6 tid 106005
0 1 tid 106005
135 4 tid 106005
475 5 tid 106005
619 6 tid 106005
182 tid 106005
Insert  tid 106005
FindTargetPageId rootid 3 tid 106005
target_page_id id: 6 tid 106005
0 1 tid 106005
135 4 tid 106005
475 5 tid 106005
619 6 tid 106005
183 tid 106005
Insert  tid 106005
FindTargetPageId rootid 3 tid 106005
target_page_id id: 6 tid 106005
0 1 tid 106005
135 4 tid 106005
475 5 tid 106005
619 6 tid 106005
184 tid 106005
Insert  tid 106005
FindTargetPageId rootid 3 tid 106003
target_page_id id: 4 tid 106003
0 1 tid 106003
135 4 tid 106003
475 5 tid 106003
619 6 tid 106003
248 tid 106003
Insert  tid 106003
FindTargetPageId rootid 3 tid 106004
target_page_id id: 5 tid 106004
0 1 tid 106004
135 4 tid 106004
475 5 tid 106004
619 6 tid 106004
127 tid 106004
Remove  tid 106004
FindTargetPageId rootid 3 tid 106005
target_page_id id: 6 tid 106005
0 1 tid 106005
135 4 tid 106005
470 5 tid 106005
619 6 tid 106005
185 tid 106005
Insert  tid 106005
FindTargetPageId rootid 3 tid 106005
target_page_id id: 6 tid 106005
0 1 tid 106005
135 4 tid 106005
470 5 tid 106005
619 6 tid 106005
186 tid 106005
Insert  tid 106005
FindTargetPageId rootid 3 tid 106005
target_page_id id: 6 tid 106005
0 1 tid 106005
135 4 tid 106005
470 5 tid 106005
619 6 tid 106005
187 tid 106005
Insert  tid 106005
FindTargetPageId rootid 3 tid 106005
target_page_id id: 6 tid 106005
0 1 tid 106005
135 4 tid 106005
470 5 tid 106005
619 6 tid 106005
188 tid 106005
Insert  tid 106005
FindTargetPageId rootid 3 tid 106005
target_page_id id: 6 tid 106005
0 1 tid 106005
135 4 tid 106005
470 5 tid 106005
619 6 tid 106005
189 tid 106005
Insert  tid 106005
FindTargetPageId rootid 3 tid 106005
target_page_id id: 6 tid 106005
0 1 tid 106005
135 4 tid 106005
470 5 tid 106005
619 6 tid 106005
190 tid 106005
Insert  tid 106005
FindTargetPageId rootid 3 tid 106004
target_page_id id: 5 tid 106004
0 1 tid 106004
135 4 tid 106004
470 5 tid 106004
619 6 tid 106004
127 tid 106004
Remove  tid 106004
FindTargetPageId rootid 3 tid 106003
target_page_id id: 5 tid 106003
0 1 tid 106003
135 4 tid 106003
469 5 tid 106003
619 6 tid 106003
127 tid 106003
Insert  tid 106003
FindTargetPageId rootid 3 tid 106003
target_page_id id: 5 tid 106003
0 1 tid 106003
135 4 tid 106003
469 5 tid 106003
619 6 tid 106003
128 tid 106003
Insert  tid 106003
FindTargetPageId rootid 3 tid 106003
target_page_id id: 5 tid 106003
0 1 tid 106003
135 4 tid 106003
469 5 tid 106003
619 6 tid 106003
129 tid 106003
Insert  tid 106003
FindTargetPageId rootid 3 tid 106003
target_page_id id: 5 tid 106003
0 1 tid 106003
135 4 tid 106003
469 5 tid 106003
619 6 tid 106003
130 tid 106003
Insert  tid 106003
FindTargetPageId rootid 3 tid 106003
target_page_id id: 5 tid 106003
0 1 tid 106003
135 4 tid 106003
469 5 tid 106003
619 6 tid 106003
131 tid 106003
Insert  tid 106003
FindTargetPageId rootid 3 tid 106003
target_page_id id: 5 tid 106003
0 1 tid 106003
135 4 tid 106003
469 5 tid 106003
619 6 tid 106003
132 tid 106003
Insert  tid 106003
FindTargetPageId rootid 3 tid 106003
target_page_id id: 5 tid 106003
0 1 tid 106003
135 4 tid 106003
469 5 tid 106003
619 6 tid 106003
133 tid 106003
Insert  tid 106003
FindTargetPageId rootid 3 tid 106005
target_page_id id: 6 tid 106005
0 1 tid 106005
135 4 tid 106005
469 5 tid 106005
619 6 tid 106005
191 tid 106005
Insert  tid 106005
FindTargetPageId rootid 3 tid 106005
target_page_id id: 6 tid 106005
0 1 tid 106005
135 4 tid 106005
469 5 tid 106005
619 6 tid 106005
192 tid 106005
Insert  tid 106005
FindTargetPageId rootid 3 tid 106005
target_page_id id: 6 tid 106005
0 1 tid 106005
135 4 tid 106005
469 5 tid 106005
619 6 tid 106005
193 tid 106005
FindTargetPageId rootid 3 tid 106003
target_page_id id: 5 tid 106003
0 1 tid 106003
135 4 tid 106003
469 5 tid 106003
619 6 tid 106003
134 tid 106003
Insert  tid 106005
FindTargetPageId rootid 3 tid 106005
Insert target_page_id id:  tid 6 tid 106003
106005
0 1 tid 106005
135 4 tid 106005
469 5 tid 106005
619 6 tid 106005
194 tid 106005
Insert  tid 106005
FindTargetPageId rootid 3 tid 106005
target_page_id id: 6 tid 106005
0 1 tid 106005
135 4 tid 106005
469 5 tid 106005
619 6 tid 106005
195 tid 106005
Insert  tid 106005
FindTargetPageId rootid 3 tid 106005
target_page_id id: 6 tid 106005
0 1 tid 106005
135 4 tid 106005
469 5 tid 106005
619 6 tid 106005
196 tid 106005
Insert  tid 106005
FindTargetPageId rootid 3 tid 106004
target_page_id id: 5 tid 106004
0 1 tid 106004
135 4 tid 106004
469 5 tid 106004
619 6 tid 106004
135 tid 106004
Remove  tid 106004
FindTargetPageId rootid 3 tid 106004
target_page_id id: 5 tid 106004
0 1 tid 106004
135 4 tid 106004
469 5 tid 106004
619 6 tid 106004
134 tid 106004
Remove  tid 106004
FindTargetPageId rootid 3 tid 106004
target_page_id id: 5 tid 106004
0 1 tid 106004
135 4 tid 106004
469 5 tid 106004
619 6 tid 106004
133 tid 106004
Remove  tid 106004
FindTargetPageId rootid 3 tid 106005
target_page_id id: 6 tid 106005
0 1 tid 106005
135 4 tid 106005
469 5 tid 106005
619 6 tid 106005
197 tid 106005
Insert  tid 106005
FindTargetPageId rootid 3 tid 106005
target_page_id id: 6 tid 106005
0 1 tid 106005
135 4 tid 106005
469 5 tid 106005
619 6 tid 106005
198 tid 106005
Insert  tid 106005
FindTargetPageId rootid 3 tid 106005
target_page_id id: 6 tid 106005
0 1 tid 106005
135 4 tid 106005
469 5 tid 106005
619 6 tid 106005
199 tid 106005
Insert  tid 106005
FindTargetPageId rootid 3 tid 106005
target_page_id id: 6 tid 106005
0 1 tid 106005
135 4 tid 106005
469 5 tid 106005
619 6 tid 106005
200 tid 106005
Insert  tid 106005
FindTargetPageId rootid 3 tid 106005
target_page_id id: 6 tid 106005
0 1 tid 106005
135 4 tid 106005
469 5 tid 106005
619 6 tid 106005
201 tid 106005
Insert  tid 106005
FindTargetPageId rootid 3 tid 106005
target_page_id id: 6 tid 106005
0 1 tid 106005
135 4 tid 106005
469 5 tid 106005
619 6 tid 106005
202 tid 106005
Insert  tid 106005
FindTargetPageId rootid 3 tid 106005
target_page_id id: 6 tid 106005
0 1 tid 106005
135 4 tid 106005
469 5 tid 106005
619 6 tid 106005
203 tid 106005
Insert  tid 106005
FindTargetPageId rootid 3 tid 106005
target_page_id id: 6 tid 106005
0 1 tid 106005
135 4 tid 106005
469 5 tid 106005
619 6 tid 106005
204 tid 106005
Insert  tid 106005
FindTargetPageId rootid 3 tid 106005
target_page_id id: 6 tid 106005
0 1 tid 106005
135 4 tid 106005
469 5 tid 106005
619 6 tid 106005
205 tid 106005
Insert  tid 106005
FindTargetPageId rootid 3 tid 106005
target_page_id id: 6 tid 106005
0 1 tid 106005
135 4 tid 106005
469 5 tid 106005
619 6 tid 106005
206 tid 106005
Insert  tid 106005
FindTargetPageId rootid 3 tid 106005
target_page_id id: 6 tid 106005
0 1 tid 106005
135 4 tid 106005
469 5 tid 106005
619 6 tid 106005
207 tid 106005
Insert  tid 106005
FindTargetPageId rootid 3 tid 106003
target_page_id id: 5 tid 106003
0 1 tid 106003
135 4 tid 106003
469 5 tid 106003
619 6 tid 106003
132 tid 106003
Insert  tid 106003
FindTargetPageId rootid 3 tid 106003
target_page_id id: 5 tid 106003
0 1 tid 106003
135 4 tid 106003
469 5 tid 106003
619 6 tid 106003
133 tid 106003
Insert  tid 106003
FindTargetPageId rootid 3 tid 106003
target_page_id id: 5 tid 106003
0 1 tid 106003
135 4 tid 106003
469 5 tid 106003
619 6 tid 106003
134 tid 106003
Insert  tid 106003
FindTargetPageId rootid 3 tid 106003
target_page_id id: 5 tid 106003
0 1 tid 106003
135 4 tid 106003
469 5 tid 106003
619 6 tid 106003
135 tid 106003
Insert  tid 106003
FindTargetPageId rootid 3 tid 106004
target_page_id id: 5 tid 106004
0 1 tid 106004
135 4 tid 106004
469 5 tid 106004
619 6 tid 106004
136 tid 106004
Remove  tid 106004
FindTargetPageId rootid 3 tid 106004
target_page_id id: 5 tid 106004
0 1 tid 106004
135 4 tid 106004
469 5 tid 106004
619 6 tid 106004
135 tid 106004
Remove  tid 106004
FindTargetPageId rootid 3 tid 106003
target_page_id id: 5 tid 106003
0 1 tid 106003
135 4 tid 106003
469 5 tid 106003
619 6 tid 106003
134 tid 106003
Insert  tid 106003
FindTargetPageId rootid 3 tid 106003
target_page_id id: 5 tid 106003
0 1 tid 106003
135 4 tid 106003
469 5 tid 106003
619 6 tid 106003
135 tid 106003
Insert  tid 106003
FindTargetPageId rootid 3 tid 106003
target_page_id id: 5 tid 106003
0 1 tid 106003
135 4 tid 106003
469 5 tid 106003
619 6 tid 106003
136 tid 106003
Insert  tid 106003
FindTargetPageId rootid 3 tid 106003
target_page_id id: 5 tid 106003
0 1 tid 106003
135 4 tid 106003
469 5 tid 106003
619 6 tid 106003
137 tid 106003
Insert  tid 106003
FindTargetPageId rootid 3 tid 106003
target_page_id id: 5 tid 106003
0 1 tid 106003
135 4 tid 106003
469 5 tid 106003
619 6 tid 106003
138 tid 106003
Insert  tid 106003
FindTargetPageId rootid 3 tid 106003
target_page_id id: 5 tid 106003
0 1 tid 106003
135 4 tid 106003
469 5 tid 106003
619 6 tid 106003
139 tid 106003
Insert  tid 106003
FindTargetPageId rootid 3 tid 106003
target_page_id id: 5 tid 106003
0 1 tid 106003
135 4 tid 106003
469 5 tid 106003
619 6 tid 106003
140 tid 106003
Insert  tid 106003
FindTargetPageId rootid 3 tid 106005
target_page_id id: 6 tid 106005
0 1 tid 106005
135 4 tid 106005
469 5 tid 106005
619 6 tid 106005
208 tid 106005
Insert  tid 106005
FindTargetPageId rootid 3 tid 106005
target_page_id id: 6 tid 106005
0 1 tid 106005
135 4 tid 106005
469 5 tid 106005
619 6 tid 106005
209 tid 106005
Insert  tid 106005
FindTargetPageId rootid 3 tid 106005
target_page_id id: 6 tid 106005
0 1 tid 106005
135 4 tid 106005
469 5 tid 106005
619 6 tid 106005
210 tid 106005
Insert  tid 106005
FindTargetPageId rootid 3 tid 106005
target_page_id id: 6 tid 106005
0 1 tid 106005
135 4 tid 106005
469 5 tid 106005
619 6 tid 106005
211 tid 106005
Insert  tid 106005
FindTargetPageId rootid 3 tid 106005
target_page_id id: 6 tid 106005
0 1 tid 106005
135 4 tid 106005
469 5 tid 106005
619 6 tid 106005
212 tid 106005
Insert  tid 106005
FindTargetPageId rootid 3 tid 106003
target_page_id id: 5 tid 106003
0 1 tid 106003
135 4 tid 106003
469 5 tid 106003
619 6 tid 106003
141 tid 106003
Insert  tid 106003
FindTargetPageId rootid 3 tid 106004
target_page_id id: 5 tid 106004
0 1 tid 106004
135 4 tid 106004
469 5 tid 106004
619 6 tid 106004
142 tid 106004
Remove  tid 106004
FindTargetPageId rootid 3 tid 106005
target_page_id id: 6 tid 106005
0 1 tid 106005
135 4 tid 106005
469 5 tid 106005
619 6 tid 106005
213 tid 106005
Insert  tid 106005
FindTargetPageId rootid 3 tid 106003
target_page_id id: 5 tid 106003
0 1 tid 106003
135 4 tid 106003
469 5 tid 106003
619 6 tid 106003
141 tid 106003
Insert  tid 106003
FindTargetPageId rootid 3 tid 106003
target_page_id id: 5 tid 106003
0 1 tid 106003
135 4 tid 106003
469 5 tid 106003
619 6 tid 106003
142 tid 106003
Insert  tid 106003
FindTargetPageId rootid 3 tid 106004
target_page_id id: 5 tid 106004
0 1 tid 106004
135 4 tid 106004
469 5 tid 106004
619 6 tid 106004
143 tid 106004
Remove  tid 106004
FindTargetPageId rootid 3 tid 106004
target_page_id id: 5 tid 106004
0 1 tid 106004
135 4 tid 106004
469 5 tid 106004
619 6 tid 106004
142 tid 106004
Remove  tid 106004
FindTargetPageId rootid 3 tid 106003
target_page_id id: 5 tid 106003
0 1 tid 106003
135 4 tid 106003
469 5 tid 106003
619 6 tid 106003
141 tid 106003
Insert  tid 106003
FindTargetPageId rootid 3 tid 106005
target_page_id id: 6 tid 106005
0 1 tid 106005
135 4 tid 106005
469 5 tid 106005
619 6 tid 106005
214 tid 106005
Insert  tid 106005
FindTargetPageId rootid 3 tid 106005
target_page_id id: 6 tid 106005
0 1 tid 106005
135 4 tid 106005
469 5 tid 106005
619 6 tid 106005
215 tid 106005
Insert  tid 106005
FindTargetPageId rootid 3 tid 106005
target_page_id id: 6 tid 106005
0 1 tid 106005
135 4 tid 106005
469 5 tid 106005
619 6 tid 106005
216 tid 106005
Insert  tid 106005
FindTargetPageId rootid 3 tid 106005
target_page_id id: 6 tid 106005
0 1 tid 106005
135 4 tid 106005
469 5 tid 106005
619 6 tid 106005
217 tid 106005
Insert  tid 106005
FindTargetPageId rootid 3 tid 106005
target_page_id id: 6 tid 106005
0 1 tid 106005
135 4 tid 106005
469 5 tid 106005
619 6 tid 106005
218 tid 106005
Insert  tid 106005
FindTargetPageId rootid 3 tid 106003
target_page_id id: 5 tid 106003
0 1 tid 106003
135 4 tid 106003
469 5 tid 106003
619 6 tid 106003
142 tid 106003
Insert  tid 106003
FindTargetPageId rootid 3 tid 106003
target_page_id id: 5 tid 106003
0 1 tid 106003
135 4 tid 106003
469 5 tid 106003
619 6 tid 106003
143 tid 106003
Insert  tid 106003
FindTargetPageId rootid 3 tid 106003
target_page_id id: 5 tid 106003
0 1 tid 106003
135 4 tid 106003
469 5 tid 106003
619 6 tid 106003
144 tid 106003
Insert  tid 106003
FindTargetPageId rootid 3 tid 106003
target_page_id id: 5 tid 106003
0 1 tid 106003
135 4 tid 106003
469 5 tid 106003
619 6 tid 106003
145 tid 106003
Insert  tid 106003
FindTargetPageId rootid 3 tid 106003
target_page_id id: 5 tid 106003
0 1 tid 106003
135 4 tid 106003
469 5 tid 106003
619 6 tid 106003
146 tid 106003
Insert  tid 106003
FindTargetPageId rootid 3 tid 106003
target_page_id id: 5 tid 106003
0 1 tid 106003
135 4 tid 106003
469 5 tid 106003
619 6 tid 106003
147 tid 106003
Insert  tid 106003
FindTargetPageId rootid 3 tid 106003
target_page_id id: 5 tid 106003
0 1 tid 106003
135 4 tid 106003
469 5 tid 106003
619 6 tid 106003
148 tid 106003
Insert  tid 106003
FindTargetPageId rootid 3 tid 106005
target_page_id id: 6 tid 106005
0 1 tid 106005
135 4 tid 106005
469 5 tid 106005
619 6 tid 106005
219 tid 106005
Insert  tid 106005
FindTargetPageId rootid 3 tid 106004
target_page_id id: 5 tid 106004
0 1 tid 106004
135 4 tid 106004
469 5 tid 106004
619 6 tid 106004
149 tid 106004
FindTargetPageId rootid 3 tid 106003
target_page_id id: 5 tid 106003
0 1 tid 106003
135 4 tid 106003
469 5 tid 106003
619 6 tid 106003
148 tid 106003
Remove  tid 106004
FindTargetPageId rootid 3 tid 106004
Insert  tid target_page_id id: 5 tid 106003106004
0 1 tid 106004
135 4 tid 
106004
469 5 tid 106004
619 6 tid 106004
149 tid 106004
Remove  tid 106004
FindTargetPageId rootid 3 tid 106004
target_page_id id: 5 tid 106004
0 1 tid 106004
135 4 tid 106004
469 5 tid 106004
619 6 tid 106004
148 tid 106004
Remove  tid 106004
FindTargetPageId rootid 3 tid 106004
target_page_id id: 5 tid 106004
0 1 tid 106004
135 4 tid 106004
469 5 tid 106004
619 6 tid 106004
147 tid 106004
Remove  tid FindTargetPageId rootid 3 tid 106003
target_page_id id: 5 tid 106003
0 1 tid 106003
135 4 tid 106003
106004
469 5 tid 106003
619 6 tid 106003
146 tid 106003
Insert  tid 106003
FindTargetPageId rootid 3 tid 106005
target_page_id id: 6 tid 106005
0 1 tid 106005
135 4 tid 106005
469 5 tid 106005
619 6 tid 106005
220 tid 106005
Insert  tid 106005
FindTargetPageId rootid 3 tid 106005
target_page_id id: 6 tid 106005
0 1 tid 106005
135 4 tid 106005
469 5 tid 106005
619 6 tid 106005
221 tid 106005
Insert  tid 106005
FindTargetPageId rootid 3 tid 106005
target_page_id id: 6 tid 106005
0 1 tid 106005
135 4 tid 106005
469 5 tid 106005
619 6 tid 106005
222 tid 106005
Insert  tid 106005
FindTargetPageId rootid 3 tid 106004
target_page_id id: 5 tid 106004
0 1 tid 106004
135 4 tid 106004
469 5 tid 106004
619 6 tid 106004
147 tid 106004
Remove  tid 106004
FindTargetPageId rootid 3 tid 106004
target_page_id id: 5 tid 106004
0 1 tid 106004
135 4 tid 106004
469 5 tid 106004
619 6 tid 106004
146 tid 106004
Remove  tid 106004
FindTargetPageId rootid 3 tid 106004
target_page_id id: 5 tid 106004
0 1 tid 106004
135 4 tid 106004
469 5 tid 106004
619 6 tid 106004
145 tid 106004
Remove  tid 106004
FindTargetPageId rootid 3 tid 106004
target_page_id id: 5 tid 106004
0 1 tid 106004
135 4 tid 106004
469 5 tid 106004
619 6 tid 106004
144 tid 106004
Remove  tid 106004
FindTargetPageId rootid 3 tid 106004
target_page_id id: 5 tid 106004
0 1 tid 106004
135 4 tid 106004
469 5 tid 106004
619 6 tid 106004
143 tid 106004
Remove  tid 106004
FindTargetPageId rootid 3 tid 106004
target_page_id id: 5 tid 106004
0 1 tid 106004
135 4 tid 106004
469 5 tid 106004
619 6 tid 106004
142 tid 106004
Remove  tid 106004
FindTargetPageId rootid 3 tid 106004
target_page_id id: 5 tid 106004
0 1 tid 106004
135 4 tid 106004
469 5 tid 106004
619 6 tid 106004
141 tid 106004
Remove  tid 106004
FindTargetPageId rootid 3 tid 106004
target_page_id id: 5 tid 106004
0 1 tid 106004
135 4 tid 106004
469 5 tid 106004
619 6 tid 106004
140 tid 106004
Remove  tid 106004
FindTargetPageId rootid 3 tid 106003
target_page_id id: 5 tid 106003
0 1 tid 106003
135 4 tid 106003
469 5 tid 106003
619 6 tid 106003
139 tid 106003
Insert  tid 106003
FindTargetPageId rootid 3 tid 106003
target_page_id id: 5 tid 106003
0 1 tid 106003
135 4 tid 106003
469 5 tid 106003
619 6 tid 106003
140 tid 106003
Insert  tid 106003
FindTargetPageId rootid 3 tid 106003
target_page_id id: 5 tid 106003
0 1 tid 106003
135 4 tid 106003
469 5 tid 106003
619 6 tid 106003
141 tid 106003
Insert  tid 106003
FindTargetPageId rootid 3 tid 106003
target_page_id id: 5 tid 106003
0 1 tid 106003
135 4 tid 106003
469 5 tid 106003
619 6 tid 106003
142 tid 106003
Insert  tid 106003
FindTargetPageId rootid 3 tid 106003
target_page_id id: 5 tid 106003
0 1 tid 106003
135 4 tid 106003
469 5 tid 106003
619 6 tid 106003
143 tid 106003
Insert  tid 106003
FindTargetPageId rootid 3 tid 106003
target_page_id id: 5 tid 106003
0 1 tid 106003
135 4 tid 106003
469 5 tid 106003
619 6 tid 106003
144 tid 106003
Insert  tid 106003
FindTargetPageId rootid 3 tid 106005
target_page_id id: 6 tid 106005
0 1 tid 106005
135 4 tid 106005
469 5 tid 106005
619 6 tid 106005
223 tid 106005
Insert  tid 106005
FindTargetPageId rootid 3 tid 106005
target_page_id id: 6 tid 106005
0 1 tid 106005
135 4 tid 106005
469 5 tid 106005
619 6 tid 106005
224 tid 106005
Insert  tid 106005
FindTargetPageId rootid 3 tid 106005
target_page_id id: 6 tid 106005
0 1 tid 106005
135 4 tid 106005
469 5 tid 106005
619 6 tid 106005
225 tid 106005
Insert  tid 106005
FindTargetPageId rootid 3 tid 106005
target_page_id id: 6 tid 106005
0 1 tid 106005
135 4 tid 106005
469 5 tid 106005
619 6 tid 106005
226 tid 106005
Insert  tid 106005
FindTargetPageId rootid 3 tid 106004
target_page_id id: 5 tid 106004
0 1 tid 106004
135 4 tid 106004
469 5 tid 106004
619 6 tid 106004
145 tid 106004
Remove  tid 106004
FindTargetPageId rootid 3 tid 106004
target_page_id id: 5 tid 106004
0 1 tid 106004
135 4 tid 106004
469 5 tid 106004
619 6 tid 106004
144 tid 106004
Remove  tid 106004
FindTargetPageId rootid 3 tid 106004
target_page_id id: 5 tid 106004
0 1 tid 106004
135 4 tid 106004
469 5 tid 106004
619 6 tid 106004
143 tid 106004
Remove  tid 106004
FindTargetPageId rootid 3 tid 106004
target_page_id id: 5 tid 106004
0 1 tid 106004
135 4 tid 106004
469 5 tid 106004
619 6 tid 106004
142 tid 106004
Remove  tid 106004
FindTargetPageId rootid 3 tid 106005
target_page_id id: 6 tid 106005
0 1 tid 106005
135 4 tid 106005
469 5 tid 106005
619 6 tid 106005
227 tid 106005
Insert  tid 106005
FindTargetPageId rootid 3 tid 106005
target_page_id id: 6 tid 106005
0 1 tid 106005
135 4 tid 106005
469 5 tid 106005
619 6 tid 106005
228 tid 106005
Insert  tid 106005
FindTargetPageId rootid 3 tid 106005
target_page_id id: 6 tid 106005
0 1 tid 106005
135 4 tid 106005
469 5 tid 106005
619 6 tid 106005
229 tid 106005
Insert  tid 106005
FindTargetPageId rootid 3 tid 106005
target_page_id id: 6 tid 106005
0 1 tid 106005
135 4 tid 106005
469 5 tid 106005
619 6 tid 106005
230 tid 106005
Insert  tid 106005
FindTargetPageId rootid 3 tid 106005
target_page_id id: 6 tid 106005
0 1 tid 106005
135 4 tid 106005
469 5 tid 106005
619 6 tid 106005
231 tid 106005
Insert  tid 106005
FindTargetPageId rootid 3 tid 106003
target_page_id id: 5 tid 106003
0 1 tid 106003
135 4 tid 106003
469 5 tid 106003
619 6 tid 106003
141 tid 106003
Insert  tid 106003
FindTargetPageId rootid 3 tid 106003
target_page_id id: 5 tid 106003
0 1 tid 106003
135 4 tid 106003
469 5 tid 106003
619 6 tid 106003
142 tid 106003
Insert  tid 106003
FindTargetPageId rootid 3 tid 106003
target_page_id id: 5 tid 106003
0 1 tid 106003
135 4 tid 106003
469 5 tid 106003
619 6 tid 106003
143 tid 106003
Insert  tid 106003
FindTargetPageId rootid 3 tid 106003
target_page_id id: 5 tid 106003
0 1 tid 106003
135 4 tid 106003
469 5 tid 106003
619 6 tid 106003
144 tid 106003
Insert  tid 106003
FindTargetPageId rootid 3 tid 106003
target_page_id id: 5 tid 106003
0 1 tid 106003
135 4 tid 106003
469 5 tid 106003
619 6 tid 106003
145 tid 106003
Insert  tid 106003
FindTargetPageId rootid 3 tid 106003
target_page_id id: 5 tid 106003
0 1 tid 106003
135 4 tid 106003
469 5 tid 106003
619 6 tid 106003
146 tid 106003
Insert  tid 106003
FindTargetPageId rootid 3 tid 106003
target_page_id id: 5 tid 106003
0 1 tid 106003
135 4 tid 106003
469 5 tid 106003
619 6 tid 106003
147 tid 106003
Insert  tid 106003
FindTargetPageId rootid 3 tid 106003
target_page_id id: 5 tid 106003
0 1 tid 106003
135 4 tid 106003
469 5 tid 106003
619 6 tid 106003
148 tid 106003
Insert  tid 106003
FindTargetPageId rootid 3 tid 106003
target_page_id id: 5 tid 106003
0 1 tid 106003
135 4 tid 106003
469 5 tid 106003
619 6 tid 106003
149 tid 106003
Insert  tid 106003
FindTargetPageId rootid 3 tid 106003
target_page_id id: 5 tid 106003
0 1 tid 106003
135 4 tid 106003
469 5 tid 106003
619 6 tid 106003
150 tid 106003
Insert  tid 106003
FindTargetPageId rootid 3 tid 106003
target_page_id id: 5 tid 106003
0 1 tid 106003
135 4 tid 106003
469 5 tid 106003
619 6 tid 106003
150 tid 106003
Insert  tid 106003
FindTargetPageId rootid 3 tid 106003
target_page_id id: 5 tid 106003
0 1 tid 106003
135 4 tid 106003
469 5 tid 106003
619 6 tid 106003
150 tid 106003
Insert  tid 106003
FindTargetPageId rootid 3 tid 106003
target_page_id id: 5 tid 106003
0 1 tid 106003
135 4 tid 106003
469 5 tid 106003
619 6 tid 106003
150 tid 106003
Insert  tid 106003
FindTargetPageId rootid 3 tid 106003
target_page_id id: 5 tid 106003
0 1 tid 106003
135 4 tid 106003
469 5 tid 106003
619 6 tid 106003
150 tid 106003
Insert  tid 106003
FindTargetPageId rootid 3 tid 106003
target_page_id id: 5 tid 106003
0 1 tid 106003
135 4 tid 106003
469 5 tid 106003
619 6 tid 106003
150 tid 106003
Insert  tid 106003
FindTargetPageId rootid 3 tid 106003
target_page_id id: 5 tid 106003
0 1 tid 106003
135 4 tid 106003
469 5 tid 106003
619 6 tid 106003
150 tid 106003
Insert  tid 106003
FindTargetPageId rootid 3 tid 106003
target_page_id id: 5 tid 106003
0 1 tid 106003
135 4 tid 106003
469 5 tid 106003
619 6 tid 106003
150 tid 106003
Insert  tid 106003
FindTargetPageId rootid 3 tid 106003
target_page_id id: 5 tid 106003
0 1 tid 106003
135 4 tid 106003
469 5 tid 106003
619 6 tid 106003
150 tid 106003
Insert  tid 106003
FindTargetPageId rootid 3 tid 106003
target_page_id id: 5 tid 106003
0 1 tid 106003
135 4 tid 106003
469 5 tid 106003
619 6 tid 106003
150 tid 106003
Insert  tid 106003
FindTargetPageId rootid 3 tid 106003
target_page_id id: 5 tid 106003
0 1 tid 106003
135 4 tid 106003
469 5 tid 106003
619 6 tid 106003
150 tid 106003
Insert  tid 106003
FindTargetPageId rootid 3 tid 106003
target_page_id id: 5 tid 106003
0 1 tid 106003
135 4 tid 106003
469 5 tid 106003
619 6 tid 106003
150 tid 106003
Insert  tid 106003
FindTargetPageId rootid 3 tid 106003
target_page_id id: 5 tid 106003
0 1 tid 106003
135 4 tid 106003
469 5 tid 106003
619 6 tid 106003
150 tid 106003
Insert  tid 106003
FindTargetPageId rootid 3 tid 106003
target_page_id id: 5 tid 106003
0 1 tid 106003
135 4 tid 106003
469 5 tid 106003
619 6 tid 106003
150 tid 106003
Insert  tid 106003
FindTargetPageId rootid 3 tid 106003
target_page_id id: 5 tid 106003
0 1 tid 106003
135 4 tid 106003
469 5 tid 106003
619 6 tid 106003
150 tid 106003
Insert  tid 106003
FindTargetPageId rootid 3 tid 106003
target_page_id id: 5 tid 106003
0 1 tid 106003
135 4 tid 106003
469 5 tid 106003
619 6 tid 106003
150 tid 106003
Insert  tid 106003
FindTargetPageId rootid 3 tid 106003
target_page_id id: 5 tid 106003
0 1 tid 106003
135 4 tid 106003
469 5 tid 106003
619 6 tid 106003
150 tid 106003
Insert  tid 106003
FindTargetPageId rootid 3 tid 106003
target_page_id id: 5 tid 106003
0 1 tid 106003
135 4 tid 106003
469 5 tid 106003
619 6 tid 106003
150 tid 106003
Insert  tid 106003
FindTargetPageId rootid 3 tid 106003
target_page_id id: 5 tid 106003
0 1 tid 106003
135 4 tid 106003
469 5 tid 106003
619 6 tid 106003
150 tid 106003
Insert  tid 106003
FindTargetPageId rootid 3 tid 106003
target_page_id id: 5 tid 106003
0 1 tid 106003
135 4 tid 106003
469 5 tid 106003
619 6 tid 106003
150 tid 106003
Insert  tid 106003
FindTargetPageId rootid 3 tid 106003
target_page_id id: 5 tid 106003
0 1 tid 106003
135 4 tid 106003
469 5 tid 106003
619 6 tid 106003
150 tid 106003
Insert  tid 106003
FindTargetPageId rootid 3 tid 106005
target_page_id id: 6 tid 106005
0 1 tid 106005
135 4 tid 106005
469 5 tid 106005
619 6 tid 106005
232 tid 106005
Insert  tid 106005
FindTargetPageId rootid 3 tid 106005
target_page_id id: 6 tid 106005
0 1 tid 106005
135 4 tid 106005
469 5 tid 106005
619 6 tid 106005
233 tid 106005
Insert  tid 106005
FindTargetPageId rootid 3 tid 106005
target_page_id id: 6 tid 106005
0 1 tid 106005
135 4 tid 106005
469 5 tid 106005
619 6 tid 106005
234 tid 106005
Insert  tid 106005
FindTargetPageId rootid 3 tid 106005
target_page_id id: 6 tid 106005
0 1 tid 106005
135 4 tid 106005
469 5 tid 106005
619 6 tid 106005
235 tid 106005
Insert  tid 106005
FindTargetPageId rootid 3 tid 106005
target_page_id id: 6 tid 106005
0 1 tid 106005
135 4 tid 106005
469 5 tid 106005
619 6 tid 106005
236 tid 106005
Insert  tid 106005
FindTargetPageId rootid 3 tid 106005
target_page_id id: 6 tid 106005
0 1 tid 106005
135 4 tid 106005
469 5 tid 106005
619 6 tid 106005
237 tid 106005
Insert  tid 106005
FindTargetPageId rootid 3 tid 106005
target_page_id id: 6 tid 106005
0 1 tid 106005
135 4 tid 106005
469 5 tid 106005
619 6 tid 106005
238 tid 106005
Insert  tid 106005
FindTargetPageId rootid 3 tid 106004
target_page_id id: 5 tid 106004
0 1 tid 106004
135 4 tid 106004
469 5 tid 106004
619 6 tid 106004
150 tid 106004
Remove  tid 106004
FindTargetPageId rootid 3 tid 106003
target_page_id id: 5 tid 106003
0 1 tid 106003
135 4 tid 106003
469 5 tid 106003
619 6 tid 106003
149 tid 106003
Insert  tid 106003
FindTargetPageId rootid 3 tid 106005
target_page_id id: 6 tid 106005
0 1 tid 106005
135 4 tid 106005
469 5 tid 106005
619 6 tid 106005
239 tid 106005
Insert  tid 106005
FindTargetPageId rootid 3 tid 106005
target_page_id id: 6 tid 106005
0 1 tid 106005
135 4 tid 106005
469 5 tid 106005
619 6 tid 106005
240 tid 106005
Insert  tid 106005
FindTargetPageId rootid 3 tid 106005
target_page_id id: 6 tid 106005
0 1 tid 106005
135 4 tid 106005
469 5 tid 106005
619 6 tid 106005
241 tid 106005
Insert  tid 106005
FindTargetPageId rootid 3 tid 106005
target_page_id id: 6 tid 106005
0 1 tid 106005
135 4 tid 106005
469 5 tid 106005
619 6 tid 106005
242 tid 106005
Insert  tid 106005
FindTargetPageId rootid 3 tid 106005
target_page_id id: 6 tid 106005
0 1 tid 106005
135 4 tid 106005
469 5 tid 106005
619 6 tid 106005
243 tid 106005
Insert  tid 106005
FindTargetPageId rootid 3 tid 106005
target_page_id id: 6 tid 106005
0 1 tid 106005
135 4 tid 106005
469 5 tid 106005
619 6 tid 106005
244 tid 106005
Insert  tid 106005
FindTargetPageId rootid 3 tid 106004
target_page_id id: 5 tid 106004
0 1 tid 106004
135 4 tid 106004
469 5 tid 106004
619 6 tid 106004
149 tid 106004
Remove  tid 106004
FindTargetPageId rootid 3 tid 106003
target_page_id id: 5 tid 106003
0 1 tid 106003
135 4 tid 106003
469 5 tid 106003
619 6 tid 106003
148 tid 106003
Insert  tid 106003
FindTargetPageId rootid 3 tid 106005
target_page_id id: 6 tid 106005
0 1 tid 106005
135 4 tid 106005
469 5 tid 106005
619 6 tid 106005
245 tid 106005
Insert  tid 106005
FindTargetPageId rootid 3 tid 106004
target_page_id id: 5 tid 106004
0 1 tid 106004
135 4 tid 106004
469 5 tid 106004
619 6 tid 106004
148 tid 106004
Remove  tid 106004
FindTargetPageId rootid 3 tid 106003
target_page_id id: 5 tid 106003
0 1 tid 106003
135 4 tid 106003
469 5 tid 106003
619 6 tid 106003
147 tid 106003
Insert  tid 106003
FindTargetPageId rootid 3 tid 106003
target_page_id id: 5 tid 106003
0 1 tid 106003
135 4 tid 106003
469 5 tid 106003
619 6 tid 106003
147 tid 106003
Insert  tid 106003
FindTargetPageId rootid 3 tid 106003
target_page_id id: 5 tid 106003
0 1 tid 106003
135 4 tid 106003
469 5 tid 106003
619 6 tid 106003
147 tid 106003
Insert  tid 106003
FindTargetPageId rootid 3 tid 106003
target_page_id id: 5 tid 106003
0 1 tid 106003
135 4 tid 106003
469 5 tid 106003
619 6 tid 106003
147 tid 106003
Insert  tid 106003
FindTargetPageId rootid 3 tid 106003
target_page_id id: 5 tid 106003
0 1 tid 106003
135 4 tid 106003
469 5 tid 106003
619 6 tid 106003
147 tid 106003
Insert  tid 106003
FindTargetPageId rootid 3 tid 106003
target_page_id id: 5 tid 106003
0 1 tid 106003
135 4 tid 106003
469 5 tid 106003
619 6 tid 106003
147 tid 106003
Insert  tid 106003
FindTargetPageId rootid 3 tid 106003
target_page_id id: 5 tid 106003
0 1 tid 106003
135 4 tid 106003
469 5 tid 106003
619 6 tid 106003
147 tid 106003
Insert  tid 106003
FindTargetPageId rootid 3 tid 106003
target_page_id id: 5 tid 106003
0 1 tid 106003
135 4 tid 106003
469 5 tid 106003
619 6 tid 106003
147 tid 106003
Insert  tid 106003
FindTargetPageId rootid 3 tid 106003
target_page_id id: 5 tid 106003
0 1 tid 106003
135 4 tid 106003
469 5 tid 106003
619 6 tid 106003
147 tid 106003
Insert  tid 106003
FindTargetPageId rootid 3 tid 106003
target_page_id id: 5 tid 106003
0 1 tid 106003
135 4 tid 106003
469 5 tid 106003
619 6 tid 106003
147 tid 106003
Insert  tid 106003
FindTargetPageId rootid 3 tid 106003
target_page_id id: 5 tid 106003
0 1 tid 106003
135 4 tid 106003
469 5 tid 106003
619 6 tid 106003
147 tid 106003
Insert  tid 106003
FindTargetPageId rootid 3 tid 106003
target_page_id id: 5 tid 106003
0 1 tid 106003
135 4 tid 106003
469 5 tid 106003
619 6 tid 106003
147 tid 106003
Insert  tid 106003
FindTargetPageId rootid 3 tid 106003
target_page_id id: 5 tid 106003
0 1 tid 106003
135 4 tid 106003
469 5 tid 106003
619 6 tid 106003
147 tid 106003
Insert  tid 106003
FindTargetPageId rootid 3 tid 106005
target_page_id id: 6 tid 106005
0 1 tid 106005
135 4 tid 106005
469 5 tid 106005
619 6 tid 106005
246 tid 106005
Insert  tid 106005
FindTargetPageId rootid 3 tid 106004
target_page_id id: 5 tid 106004
0 1 tid 106004
135 4 tid 106004
469 5 tid 106004
619 6 tid 106004
147 tid 106004
Remove  tid 106004
FindTargetPageId rootid 3 tid 106004
target_page_id id: 5 tid 106004
0 1 tid 106004
135 4 tid 106004
469 5 tid 106004
619 6 tid 106004
146 tid 106004
Remove  tid 106004
FindTargetPageId rootid 3 tid 106004
target_page_id id: 5 tid 106004
0 1 tid 106004
135 4 tid 106004
469 5 tid 106004
619 6 tid 106004
145 tid 106004
Remove  tid 106004
FindTargetPageId rootid 3 tid 106004
target_page_id id: 5 tid 106004
0 1 tid 106004
135 4 tid 106004
469 5 tid 106004
619 6 tid 106004
144 tid 106004
Remove  tid 106004
FindTargetPageId rootid 3 tid 106004
target_page_id id: 5 tid 106004
0 1 tid 106004
135 4 tid 106004
469 5 tid 106004
619 6 tid 106004
143 tid 106004
Remove  tid 106004
FindTargetPageId rootid 3 tid 106004
target_page_id id: 5 tid 106004
0 1 tid 106004
135 4 tid 106004
469 5 tid 106004
619 6 tid 106004
142 tid 106004
Remove  tid 106004
FindTargetPageId rootid 3 tid 106005
target_page_id id: 6 tid 106005
0 1 tid 106005
135 4 tid 106005
469 5 tid 106005
619 6 tid 106005
247 tid 106005
Insert  tid 106005
FindTargetPageId rootid 3 tid 106005
target_page_id id: 6 tid 106005
0 1 tid 106005
135 4 tid 106005
469 5 tid 106005
619 6 tid 106005
248 tid 106005
Insert  tid 106005
FindTargetPageId rootid 3 tid 106005
target_page_id id: 6 tid 106005
0 1 tid 106005
135 4 tid 106005
469 5 tid 106005
619 6 tid 106005
249 tid 106005
Insert  tid 106005
FindTargetPageId rootid 3 tid 106005
target_page_id id: 6 tid 106005
0 1 tid 106005
135 4 tid 106005
469 5 tid 106005
619 6 tid 106005
250 tid 106005
Insert  tid 106005
FindTargetPageId rootid 3 tid 106005
target_page_id id: 6 tid 106005
0 1 tid 106005
135 4 tid 106005
469 5 tid 106005
619 6 tid 106005
251 tid 106005
Insert  tid 106005
FindTargetPageId rootid 3 tid 106005
target_page_id id: 6 tid 106005
0 1 tid 106005
135 4 tid 106005
469 5 tid 106005
619 6 tid 106005
252 tid 106005
Insert  tid 106005
FindTargetPageId rootid 3 tid 106005
target_page_id id: 6 tid 106005
0 1 tid 106005
135 4 tid 106005
469 5 tid 106005
619 6 tid 106005
253 tid 106005
Insert  tid 106005
FindTargetPageId rootid 3 tid 106005
target_page_id id: 6 tid 106005
0 1 tid 106005
135 4 tid 106005
469 5 tid 106005
619 6 tid 106005
254 tid 106005
Insert  tid 106005
FindTargetPageId rootid 3 tid 106003
target_page_id id: 5 tid 106003
0 1 tid 106003
135 4 tid 106003
469 5 tid 106003
619 6 tid 106003
746 8 tid 106003
141 tid 106003
Insert  tid 106003
FindTargetPageId rootid 3 tid 106003
target_page_id id: 5 tid 106003
0 1 tid 106003
135 4 tid 106003
469 5 tid 106003
619 6 tid 106003
746 8 tid 106003
141 tid 106003
Insert  tid 106003
FindTargetPageId rootid 3 tid 106005
target_page_id id: 8 tid 106005
0 1 tid 106005
135 4 tid 106005
469 5 tid 106005
619 6 tid 106005
746 8 tid 106005
128 tid 106005
Insert  tid 106005
FindTargetPageId rootid 3 tid 106004
target_page_id id: 5 tid 106004
0 1 tid 106004
135 4 tid 106004
469 5 tid 106004
619 6 tid 106004
746 8 tid 106004
141 tid 106004
Remove  tid 106004
FindTargetPageId rootid 3 tid 106004
target_page_id id: 5 tid 106004
0 1 tid 106004
135 4 tid 106004
469 5 tid 106004
619 6 tid 106004
746 8 tid 106004
140 tid 106004
Remove  tid 106004
FindTargetPageId rootid 3 tid 106005
target_page_id id: 8 tid 106005
0 1 tid 106005
135 4 tid 106005
469 5 tid 106005
619 6 tid 106005
746 8 tid 106005
129 tid 106005
Insert  tid 106005
FindTargetPageId rootid 3 tid 106003
target_page_id id: 5 tid 106003
0 1 tid 106003
135 4 tid 106003
469 5 tid 106003
619 6 tid 106003
746 8 tid 106003
139 tid 106003
Insert  tid 106003
FindTargetPageId rootid 3 tid 106003
target_page_id id: 5 tid 106003
0 1 tid 106003
135 4 tid 106003
469 5 tid 106003
619 6 tid 106003
746 8 tid 106003
139 tid 106003
Insert  tid 106003
FindTargetPageId rootid 3 tid 106003
target_page_id id: 5 tid 106003
0 1 tid 106003
135 4 tid 106003
469 5 tid 106003
619 6 tid 106003
746 8 tid 106003
139 tid 106003
Insert  tid 106003
FindTargetPageId rootid 3 tid 106003
target_page_id id: 5 tid 106003
0 1 tid 106003
135 4 tid 106003
469 5 tid 106003
619 6 tid 106003
746 8 tid 106003
139 tid 106003
Insert  tid 106003
FindTargetPageId rootid 3 tid 106003
target_page_id id: 5 tid 106003
0 1 tid 106003
135 4 tid 106003
469 5 tid 106003
619 6 tid 106003
746 8 tid 106003
139 tid 106003
Insert  tid 106003
FindTargetPageId rootid 3 tid 106003
target_page_id id: 5 tid 106003
0 1 tid 106003
135 4 tid 106003
469 5 tid 106003
619 6 tid 106003
746 8 tid 106003
139 tid 106003
Insert  tid 106003
FindTargetPageId rootid 3 tid 106003
target_page_id id: 5 tid 106003
0 1 tid 106003
135 4 tid 106003
469 5 tid 106003
619 6 tid 106003
746 8 tid 106003
139 tid 106003
Insert  tid 106003
FindTargetPageId rootid 3 tid 106003
target_page_id id: 5 tid 106003
0 1 tid 106003
135 4 tid 106003
469 5 tid 106003
619 6 tid 106003
746 8 tid 106003
139 tid 106003
Insert  tid 106003
FindTargetPageId rootid 3 tid 106003
target_page_id id: 5 tid 106003
0 1 tid 106003
135 4 tid 106003
469 5 tid 106003
619 6 tid 106003
746 8 tid 106003
139 tid 106003
Insert  tid 106003
FindTargetPageId rootid 3 tid 106003
target_page_id id: 5 tid 106003
0 1 tid 106003
135 4 tid 106003
469 5 tid 106003
619 6 tid 106003
746 8 tid 106003
139 tid 106003
Insert  tid 106003
FindTargetPageId rootid 3 tid 106003
target_page_id id: 5 tid 106003
0 1 tid 106003
135 4 tid 106003
469 5 tid 106003
619 6 tid 106003
746 8 tid 106003
139 tid 106003
Insert  tid 106003
FindTargetPageId rootid 3 tid 106003
target_page_id id: 5 tid 106003
0 1 tid 106003
135 4 tid 106003
469 5 tid 106003
619 6 tid 106003
746 8 tid 106003
139 tid 106003
Insert  tid 106003
FindTargetPageId rootid 3 tid 106003
target_page_id id: 5 tid 106003
0 1 tid 106003
135 4 tid 106003
469 5 tid 106003
619 6 tid 106003
746 8 tid 106003
139 tid 106003
Insert  tid 106003
FindTargetPageId rootid 3 tid 106003
target_page_id id: 5 tid 106003
0 1 tid 106003
135 4 tid 106003
469 5 tid 106003
619 6 tid 106003
746 8 tid 106003
139 tid 106003
Insert  tid 106003
FindTargetPageId rootid 3 tid 106004
target_page_id id: 5 tid 106004
0 1 tid 106004
135 4 tid 106004
469 5 tid 106004
619 6 tid 106004
746 8 tid 106004
139 tid 106004
Remove  tid 106004
FindTargetPageId rootid 3 tid 106005
target_page_id id: 8 tid 106005
0 1 tid 106005
135 4 tid 106005
469 5 tid 106005
619 6 tid 106005
746 8 tid 106005
130 tid 106005
Insert  tid 106005
FindTargetPageId rootid 3 tid 106003
target_page_id id: 5 tid 106003
0 1 tid 106003
135 4 tid 106003
469 5 tid 106003
619 6 tid 106003
746 8 tid 106003
138 tid 106003
Insert  tid 106003
FindTargetPageId rootid 3 tid 106003
target_page_id id: 5 tid 106003
0 1 tid 106003
135 4 tid 106003
469 5 tid 106003
619 6 tid 106003
746 8 tid 106003
138 tid 106003
Insert  tid 106003
FindTargetPageId rootid 3 tid 106005
target_page_id id: 8 tid 106005
0 1 tid 106005
135 4 tid 106005
469 5 tid 106005
619 6 tid 106005
746 8 tid 106005
131 tid 106005
Insert  tid 106005
FindTargetPageId rootid 3 tid 106005
target_page_id id: 8 tid 106005
0 1 tid 106005
135 4 tid 106005
469 5 tid 106005
619 6 tid 106005
746 8 tid 106005
132 tid 106005
Insert  tid 106005
FindTargetPageId rootid 3 tid 106005
target_page_id id: 8 tid 106005
0 1 tid 106005
135 4 tid 106005
469 5 tid 106005
619 6 tid 106005
746 8 tid 106005
133 tid 106005
Insert  tid 106005
FindTargetPageId rootid 3 tid 106005
target_page_id id: 8 tid 106005
0 1 tid 106005
135 4 tid 106005
469 5 tid 106005
619 6 tid 106005
746 8 tid 106005
134 tid 106005
Insert  tid 106005
FindTargetPageId rootid 3 tid 106005
target_page_id id: 8 tid 106005
0 1 tid 106005
135 4 tid 106005
469 5 tid 106005
619 6 tid 106005
746 8 tid 106005
135 tid 106005
Insert  tid 106005
FindTargetPageId rootid 3 tid 106005
target_page_id id: 8 tid 106005
0 1 tid 106005
135 4 tid 106005
469 5 tid 106005
619 6 tid 106005
746 8 tid 106005
136 tid 106005
Insert  tid 106005
FindTargetPageId rootid 3 tid 106005
target_page_id id: 8 tid 106005
0 1 tid 106005
135 4 tid 106005
469 5 tid 106005
619 6 tid 106005
746 8 tid 106005
137 tid 106005
Insert  tid 106005
FindTargetPageId rootid 3 tid 106005
target_page_id id: 8 tid 106005
0 1 tid 106005
135 4 tid 106005
469 5 tid 106005
619 6 tid 106005
746 8 tid 106005
138 tid 106005
Insert  tid 106005
FindTargetPageId rootid 3 tid 106005
target_page_id id: 8 tid 106005
0 1 tid 106005
135 4 tid 106005
469 5 tid 106005
619 6 tid 106005
746 8 tid 106005
139 tid 106005
Insert  tid 106005
FindTargetPageId rootid 3 tid 106005
target_page_id id: 8 tid 106005
0 1 tid 106005
135 4 tid 106005
469 5 tid 106005
619 6 tid 106005
746 8 tid 106005
140 tid 106005
Insert  tid 106005
FindTargetPageId rootid 3 tid 106005
target_page_id id: 8 tid 106005
0 1 tid 106005
135 4 tid 106005
469 5 tid 106005
619 6 tid 106005
746 8 tid 106005
141 tid 106005
Insert  tid 106005
FindTargetPageId rootid 3 tid 106005
target_page_id id: 8 tid 106005
0 1 tid 106005
135 4 tid 106005
469 5 tid 106005
619 6 tid 106005
746 8 tid 106005
142 tid 106005
Insert  tid 106005
FindTargetPageId rootid 3 tid 106005
target_page_id id: 8 tid 106005
0 1 tid 106005
135 4 tid 106005
469 5 tid 106005
619 6 tid 106005
746 8 tid 106005
143 tid 106005
Insert  tid 106005
FindTargetPageId rootid 3 tid 106005
target_page_id id: 8 tid 106005
0 1 tid 106005
135 4 tid 106005
469 5 tid 106005
619 6 tid 106005
746 8 tid 106005
144 tid 106005
Insert  tid 106005
FindTargetPageId rootid 3 tid 106005
target_page_id id: 8 tid 106005
0 1 tid 106005
135 4 tid 106005
469 5 tid 106005
619 6 tid 106005
746 8 tid 106005
145 tid 106005
Insert  tid 106005
FindTargetPageId rootid 3 tid 106005
target_page_id id: 8 tid 106005
0 1 tid 106005
135 4 tid 106005
469 5 tid 106005
619 6 tid 106005
746 8 tid 106005
146 tid 106005
Insert  tid 106005
FindTargetPageId rootid 3 tid 106005
target_page_id id: 8 tid 106005
0 1 tid 106005
135 4 tid 106005
469 5 tid 106005
619 6 tid 106005
746 8 tid 106005
147 tid 106005
Insert  tid 106005
FindTargetPageId rootid 3 tid 106005
target_page_id id: 8 tid 106005
0 1 tid 106005
135 4 tid 106005
469 5 tid 106005
619 6 tid 106005
746 8 tid 106005
148 tid 106005
Insert  tid 106005
FindTargetPageId rootid 3 tid 106005
target_page_id id: 8 tid 106005
0 1 tid 106005
135 4 tid 106005
469 5 tid 106005
619 6 tid 106005
746 8 tid 106005
149 tid 106005
Insert  tid 106005
FindTargetPageId rootid 3 tid 106005
target_page_id id: 8 tid 106005
0 1 tid 106005
135 4 tid 106005
469 5 tid 106005
619 6 tid 106005
746 8 tid 106005
150 tid 106005
Insert  tid 106005
FindTargetPageId rootid 3 tid 106005
target_page_id id: 8 tid 106005
0 1 tid 106005
135 4 tid 106005
469 5 tid 106005
619 6 tid 106005
746 8 tid 106005
151 tid 106005
Insert  tid 106005
FindTargetPageId rootid 3 tid 106005
target_page_id id: 8 tid 106005
0 1 tid 106005
135 4 tid 106005
469 5 tid 106005
619 6 tid 106005
746 8 tid 106005
152 tid 106005
Insert  tid 106005
FindTargetPageId rootid 3 tid 106005
target_page_id id: 8 tid 106005
0 1 tid 106005
135 4 tid 106005
469 5 tid 106005
619 6 tid 106005
746 8 tid 106005
153 tid 106005
Insert  tid 106005
FindTargetPageId rootid 3 tid 106005
target_page_id id: 8 tid 106005
0 1 tid 106005
135 4 tid 106005
469 5 tid 106005
619 6 tid 106005
746 8 tid 106005
154 tid 106005
Insert  tid 106005
FindTargetPageId rootid 3 tid 106004
target_page_id id: 5 tid 106004
0 1 tid 106004
135 4 tid 106004
469 5 tid 106004
619 6 tid 106004
746 8 tid 106004
138 tid 106004
Remove  tid 106004
FindTargetPageId rootid 3 tid 106003
target_page_id id: 5 tid 106003
0 1 tid 106003
135 4 tid 106003
469 5 tid 106003
619 6 tid 106003
746 8 tid 106003
137 tid 106003
Insert  tid 106003
FindTargetPageId rootid 3 tid 106005
target_page_id id: 8 tid 106005
0 1 tid 106005
135 4 tid 106005
469 5 tid 106005
619 6 tid 106005
746 8 tid 106005
155 tid 106005
Insert  tid 106005
FindTargetPageId rootid 3 tid 106005
target_page_id id: 8 tid 106005
0 1 tid 106005
135 4 tid 106005
469 5 tid 106005
619 6 tid 106005
746 8 tid 106005
156 tid 106005
Insert  tid 106005
FindTargetPageId rootid 3 tid 106005
target_page_id id: 8 tid 106005
0 1 tid 106005
135 4 tid 106005
469 5 tid 106005
619 6 tid 106005
746 8 tid 106005
157 tid 106005
Insert  tid 106005
FindTargetPageId rootid 3 tid 106005
target_page_id id: 8 tid 106005
0 1 tid 106005
135 4 tid 106005
469 5 tid 106005
619 6 tid 106005
746 8 tid 106005
158 tid 106005
Insert  tid 106005
FindTargetPageId rootid 3 tid 106005
target_page_id id: 8 tid 106005
0 1 tid 106005
135 4 tid 106005
469 5 tid 106005
619 6 tid 106005
746 8 tid 106005
159 tid 106005
Insert  tid 106005
FindTargetPageId rootid 3 tid 106005
target_page_id id: 8 tid 106005
0 1 tid 106005
135 4 tid 106005
469 5 tid 106005
619 6 tid 106005
746 8 tid 106005
160 tid 106005
Insert  tid 106005
FindTargetPageId rootid 3 tid 106005
target_page_id id: 8 tid 106005
0 1 tid 106005
135 4 tid 106005
469 5 tid 106005
619 6 tid 106005
746 8 tid 106005
161 tid 106005
Insert  tid 106005
FindTargetPageId rootid 3 tid 106005
target_page_id id: 8 tid 106005
0 1 tid 106005
135 4 tid 106005
469 5 tid 106005
619 6 tid 106005
746 8 tid 106005
162 tid 106005
Insert  tid 106005
FindTargetPageId rootid 3 tid 106005
target_page_id id: 8 tid 106005
0 1 tid 106005
135 4 tid 106005
469 5 tid 106005
619 6 tid 106005
746 8 tid 106005
163 tid 106005
Insert  tid 106005
FindTargetPageId rootid 3 tid 106005
target_page_id id: 8 tid 106005
0 1 tid 106005
135 4 tid 106005
469 5 tid 106005
619 6 tid 106005
746 8 tid 106005
164 tid 106005
Insert  tid 106005
FindTargetPageId rootid 3 tid 106005
target_page_id id: 8 tid 106005
0 1 tid 106005
135 4 tid 106005
469 5 tid 106005
619 6 tid 106005
746 8 tid 106005
165 tid 106005
Insert  tid 106005
FindTargetPageId rootid 3 tid 106003
target_page_id id: 5 tid 106003
0 1 tid 106003
135 4 tid 106003
469 5 tid 106003
619 6 tid 106003
746 8 tid 106003
137 tid 106003
Insert  tid 106003
FindTargetPageId rootid 3 tid 106003
target_page_id id: 5 tid 106003
0 1 tid 106003
135 4 tid 106003
469 5 tid 106003
619 6 tid 106003
746 8 tid 106003
137 tid 106003
Insert  tid 106003
FindTargetPageId rootid 3 tid 106003
target_page_id id: 5 tid 106003
0 1 tid 106003
135 4 tid 106003
469 5 tid 106003
619 6 tid 106003
746 8 tid 106003
137 tid 106003
Insert  tid 106003
FindTargetPageId rootid 3 tid 106003
target_page_id id: 5 tid 106003
0 1 tid 106003
135 4 tid 106003
469 5 tid 106003
619 6 tid 106003
746 8 tid 106003
137 tid 106003
Insert  tid 106003
FindTargetPageId rootid 3 tid 106003
target_page_id id: 5 tid 106003
0 1 tid 106003
135 4 tid 106003
469 5 tid 106003
619 6 tid 106003
746 8 tid 106003
137 tid 106003
Insert  tid 106003
FindTargetPageId rootid 3 tid 106003
target_page_id id: 5 tid 106003
0 1 tid 106003
135 4 tid 106003
469 5 tid 106003
619 6 tid 106003
746 8 tid 106003
137 tid 106003
Insert  tid 106003
FindTargetPageId rootid 3 tid 106003
target_page_id id: 5 tid 106003
0 1 tid 106003
135 4 tid 106003
469 5 tid 106003
619 6 tid 106003
746 8 tid 106003
137 tid 106003
Insert  tid 106003
FindTargetPageId rootid 3 tid 106003
target_page_id id: 5 tid 106003
0 1 tid 106003
135 4 tid 106003
469 5 tid 106003
619 6 tid 106003
746 8 tid 106003
137 tid 106003
Insert  tid 106003
FindTargetPageId rootid 3 tid 106003
target_page_id id: 5 tid 106003
0 1 tid 106003
135 4 tid 106003
469 5 tid 106003
619 6 tid 106003
746 8 tid 106003
137 tid 106003
Insert  tid 106003
FindTargetPageId rootid 3 tid 106003
target_page_id id: 5 tid 106003
0 1 tid 106003
135 4 tid 106003
469 5 tid 106003
619 6 tid 106003
746 8 tid 106003
137 tid 106003
Insert  tid 106003
FindTargetPageId rootid 3 tid 106003
target_page_id id: 5 tid 106003
0 1 tid 106003
135 4 tid 106003
469 5 tid 106003
619 6 tid 106003
746 8 tid 106003
137 tid 106003
Insert  tid 106003
FindTargetPageId rootid 3 tid 106003
target_page_id id: 5 tid 106003
0 1 tid 106003
135 4 tid 106003
469 5 tid 106003
619 6 tid 106003
746 8 tid 106003
137 tid 106003
Insert  tid 106003
FindTargetPageId rootid 3 tid 106003
target_page_id id: 5 tid 106003
0 1 tid 106003
135 4 tid 106003
469 5 tid 106003
619 6 tid 106003
746 8 tid 106003
137 tid 106003
Insert  tid 106003
FindTargetPageId rootid 3 tid 106003
target_page_id id: 5 tid 106003
0 1 tid 106003
135 4 tid 106003
469 5 tid 106003
619 6 tid 106003
746 8 tid 106003
137 tid 106003
Insert  tid 106003
FindTargetPageId rootid 3 tid 106003
target_page_id id: 5 tid 106003
0 1 tid 106003
135 4 tid 106003
469 5 tid 106003
619 6 tid 106003
746 8 tid 106003
137 tid 106003
Insert  tid 106003
FindTargetPageId rootid 3 tid 106003
target_page_id id: 5 tid 106003
0 1 tid 106003
135 4 tid 106003
469 5 tid 106003
619 6 tid 106003
746 8 tid 106003
137 tid 106003
Insert  tid 106003
FindTargetPageId rootid 3 tid 106003
target_page_id id: 5 tid 106003
0 1 tid 106003
135 4 tid 106003
469 5 tid 106003
619 6 tid 106003
746 8 tid 106003
137 tid 106003
Insert  tid 106003
FindTargetPageId rootid 3 tid 106003
target_page_id id: 6 tid 106003
0 1 tid 106003
135 4 tid 106003
469 5 tid 106003
619 6 tid 106003
746 8 tid 106003
127 tid 106003
Insert  tid 106003
FindTargetPageId rootid 3 tid 106003
target_page_id id: 6 tid 106003
0 1 tid 106003
135 4 tid 106003
469 5 tid 106003
619 6 tid 106003
746 8 tid 106003
127 tid 106003
Insert  tid 106003
FindTargetPageId rootid 3 tid 106003
target_page_id id: 6 tid 106003
0 1 tid 106003
135 4 tid 106003
469 5 tid 106003
619 6 tid 106003
746 8 tid 106003
127 tid 106003
Insert  tid 106003
FindTargetPageId rootid 3 tid 106003
target_page_id id: 6 tid 106003
0 1 tid 106003
135 4 tid 106003
469 5 tid 106003
619 6 tid 106003
746 8 tid 106003
127 tid 106003
Insert  tid 106003
FindTargetPageId rootid 3 tid 106003
target_page_id id: 6 tid 106003
0 1 tid 106003
135 4 tid 106003
469 5 tid 106003
619 6 tid 106003
746 8 tid 106003
127 tid 106003
Insert  tid 106003
FindTargetPageId rootid 3 tid 106003
target_page_id id: 6 tid 106003
0 1 tid 106003
135 4 tid 106003
469 5 tid 106003
619 6 tid 106003
746 8 tid 106003
127 tid 106003
Insert  tid 106003
FindTargetPageId rootid 3 tid 106003
target_page_id id: 6 tid 106003
0 1 tid 106003
135 4 tid 106003
469 5 tid 106003
619 6 tid 106003
746 8 tid 106003
127 tid 106003
Insert  tid 106003
FindTargetPageId rootid 3 tid 106003
target_page_id id: 6 tid 106003
0 1 tid 106003
135 4 tid 106003
469 5 tid 106003
619 6 tid 106003
746 8 tid 106003
127 tid 106003
Insert  tid 106003
FindTargetPageId rootid 3 tid 106003
target_page_id id: 6 tid 106003
0 1 tid 106003
135 4 tid 106003
469 5 tid 106003
619 6 tid 106003
746 8 tid 106003
127 tid 106003
Insert  tid 106003
FindTargetPageId rootid 3 tid 106003
target_page_id id: 6 tid 106003
0 1 tid 106003
135 4 tid 106003
469 5 tid 106003
619 6 tid 106003
746 8 tid 106003
127 tid 106003
Insert  tid 106003
FindTargetPageId rootid 3 tid 106003
target_page_id id: 6 tid 106003
0 1 tid 106003
135 4 tid 106003
469 5 tid 106003
619 6 tid 106003
746 8 tid 106003
127 tid 106003
Insert  tid 106003
FindTargetPageId rootid 3 tid 106003
target_page_id id: 6 tid 106003
0 1 tid 106003
135 4 tid 106003
469 5 tid 106003
619 6 tid 106003
746 8 tid 106003
127 tid 106003
Insert  tid 106003
FindTargetPageId rootid 3 tid 106003
target_page_id id: 6 tid 106003
0 1 tid 106003
135 4 tid 106003
469 5 tid 106003
619 6 tid 106003
746 8 tid 106003
127 tid 106003
Insert  tid 106003
FindTargetPageId rootid 3 tid 106003
target_page_id id: 6 tid 106003
0 1 tid 106003
135 4 tid 106003
469 5 tid 106003
619 6 tid 106003
746 8 tid 106003
127 tid 106003
Insert  tid 106003
FindTargetPageId rootid 3 tid 106003
target_page_id id: 6 tid 106003
0 1 tid 106003
135 4 tid 106003
469 5 tid 106003
619 6 tid 106003
746 8 tid 106003
127 tid 106003
Insert  tid 106003
FindTargetPageId rootid 3 tid 106003
target_page_id id: 6 tid 106003
0 1 tid 106003
135 4 tid 106003
469 5 tid 106003
619 6 tid 106003
746 8 tid 106003
127 tid 106003
Insert  tid 106003
FindTargetPageId rootid 3 tid 106003
target_page_id id: 6 tid 106003
0 1 tid 106003
135 4 tid 106003
469 5 tid 106003
619 6 tid 106003
746 8 tid 106003
127 tid 106003
Insert  tid 106003
FindTargetPageId rootid 3 tid 106003
target_page_id id: 6 tid 106003
0 1 tid 106003
135 4 tid 106003
469 5 tid 106003
619 6 tid 106003
746 8 tid 106003
127 tid 106003
Insert  tid 106003
FindTargetPageId rootid 3 tid 106003
target_page_id id: 6 tid 106003
0 1 tid 106003
135 4 tid 106003
469 5 tid 106003
619 6 tid 106003
746 8 tid 106003
127 tid 106003
Insert  tid 106003
FindTargetPageId rootid 3 tid 106003
target_page_id id: 6 tid 106003
0 1 tid 106003
135 4 tid 106003
469 5 tid 106003
619 6 tid 106003
746 8 tid 106003
127 tid 106003
Insert  tid 106003
FindTargetPageId rootid 3 tid 106003
target_page_id id: 6 tid 106003
0 1 tid 106003
135 4 tid 106003
469 5 tid 106003
619 6 tid 106003
746 8 tid 106003
127 tid 106003
Insert  tid 106003
FindTargetPageId rootid 3 tid 106003
target_page_id id: 6 tid 106003
0 1 tid 106003
135 4 tid 106003
469 5 tid 106003
619 6 tid 106003
746 8 tid 106003
127 tid 106003
Insert  tid 106003
FindTargetPageId rootid 3 tid 106003
target_page_id id: 6 tid 106003
0 1 tid 106003
135 4 tid 106003
469 5 tid 106003
619 6 tid 106003
746 8 tid 106003
127 tid 106003
Insert  tid 106003
FindTargetPageId rootid 3 tid 106003
target_page_id id: 6 tid 106003
0 1 tid 106003
135 4 tid 106003
469 5 tid 106003
619 6 tid 106003
746 8 tid 106003
127 tid 106003
Insert  tid 106003
FindTargetPageId rootid 3 tid 106003
target_page_id id: 6 tid 106003
0 1 tid 106003
135 4 tid 106003
469 5 tid 106003
619 6 tid 106003
746 8 tid 106003
127 tid 106003
Insert  tid 106003
FindTargetPageId rootid 3 tid 106003
target_page_id id: 6 tid 106003
0 1 tid 106003
135 4 tid 106003
469 5 tid 106003
619 6 tid 106003
746 8 tid 106003
127 tid 106003
Insert  tid 106003
FindTargetPageId rootid 3 tid 106003
target_page_id id: 6 tid 106003
0 1 tid 106003
135 4 tid 106003
469 5 tid 106003
619 6 tid 106003
746 8 tid 106003
127 tid 106003
Insert  tid 106003
FindTargetPageId rootid 3 tid 106003
target_page_id id: 6 tid 106003
0 1 tid 106003
135 4 tid 106003
469 5 tid 106003
619 6 tid 106003
746 8 tid 106003
127 tid 106003
Insert  tid 106003
FindTargetPageId rootid 3 tid 106003
target_page_id id: 6 tid 106003
0 1 tid 106003
135 4 tid 106003
469 5 tid 106003
619 6 tid 106003
746 8 tid 106003
127 tid 106003
Insert  tid 106003
FindTargetPageId rootid 3 tid 106003
target_page_id id: 6 tid 106003
0 1 tid 106003
135 4 tid 106003
469 5 tid 106003
619 6 tid 106003
746 8 tid 106003
127 tid 106003
Insert  tid 106003
FindTargetPageId rootid 3 tid 106003
target_page_id id: 6 tid 106003
0 1 tid 106003
135 4 tid 106003
469 5 tid 106003
619 6 tid 106003
746 8 tid 106003
127 tid 106003
Insert  tid 106003
FindTargetPageId rootid 3 tid 106003
target_page_id id: 6 tid 106003
0 1 tid 106003
135 4 tid 106003
469 5 tid 106003
619 6 tid 106003
746 8 tid 106003
127 tid 106003
Insert  tid 106003
FindTargetPageId rootid 3 tid 106003
target_page_id id: 6 tid 106003
0 1 tid 106003
135 4 tid 106003
469 5 tid 106003
619 6 tid 106003
746 8 tid 106003
127 tid 106003
Insert  tid 106003
FindTargetPageId rootid 3 tid 106003
target_page_id id: 6 tid 106003
0 1 tid 106003
135 4 tid 106003
469 5 tid 106003
619 6 tid 106003
746 8 tid 106003
127 tid 106003
Insert  tid 106003
FindTargetPageId rootid 3 tid 106003
target_page_id id: 6 tid 106003
0 1 tid 106003
135 4 tid 106003
469 5 tid 106003
619 6 tid 106003
746 8 tid 106003
127 tid 106003
Insert  tid 106003
FindTargetPageId rootid 3 tid 106003
target_page_id id: 6 tid 106003
0 1 tid 106003
135 4 tid 106003
469 5 tid 106003
619 6 tid 106003
746 8 tid 106003
127 tid 106003
Insert  tid 106003
FindTargetPageId rootid 3 tid 106003
target_page_id id: 6 tid 106003
0 1 tid 106003
135 4 tid 106003
469 5 tid 106003
619 6 tid 106003
746 8 tid 106003
127 tid 106003
Insert  tid 106003
FindTargetPageId rootid 3 tid 106003
target_page_id id: 6 tid 106003
0 1 tid 106003
135 4 tid 106003
469 5 tid 106003
619 6 tid 106003
746 8 tid 106003
127 tid 106003
Insert  tid 106003
FindTargetPageId rootid 3 tid 106003
target_page_id id: 6 tid 106003
0 1 tid 106003
135 4 tid 106003
469 5 tid 106003
619 6 tid 106003
746 8 tid 106003
127 tid 106003
Insert  tid 106003
FindTargetPageId rootid 3 tid 106003
target_page_id id: 6 tid 106003
0 1 tid 106003
135 4 tid 106003
469 5 tid 106003
619 6 tid 106003
746 8 tid 106003
127 tid 106003
Insert  tid 106003
FindTargetPageId rootid 3 tid 106003
target_page_id id: 6 tid 106003
0 1 tid 106003
135 4 tid 106003
469 5 tid 106003
619 6 tid 106003
746 8 tid 106003
127 tid 106003
Insert  tid 106003
FindTargetPageId rootid 3 tid 106003
target_page_id id: 6 tid 106003
0 1 tid 106003
135 4 tid 106003
469 5 tid 106003
619 6 tid 106003
746 8 tid 106003
127 tid 106003
Insert  tid 106003
FindTargetPageId rootid 3 tid 106003
target_page_id id: 6 tid 106003
0 1 tid 106003
135 4 tid 106003
469 5 tid 106003
619 6 tid 106003
746 8 tid 106003
127 tid 106003
Insert  tid 106003
FindTargetPageId rootid 3 tid 106003
target_page_id id: 6 tid 106003
0 1 tid 106003
135 4 tid 106003
469 5 tid 106003
619 6 tid 106003
746 8 tid 106003
127 tid 106003
Insert  tid 106003
FindTargetPageId rootid 3 tid 106003
target_page_id id: 6 tid 106003
0 1 tid 106003
135 4 tid 106003
469 5 tid 106003
619 6 tid 106003
746 8 tid 106003
127 tid 106003
Insert  tid 106003
FindTargetPageId rootid 3 tid 106003
target_page_id id: 6 tid 106003
0 1 tid 106003
135 4 tid 106003
469 5 tid 106003
619 6 tid 106003
746 8 tid 106003
127 tid 106003
Insert  tid 106003
FindTargetPageId rootid 3 tid 106003
target_page_id id: 6 tid 106003
0 1 tid 106003
135 4 tid 106003
469 5 tid 106003
619 6 tid 106003
746 8 tid 106003
127 tid 106003
Insert  tid 106003
FindTargetPageId rootid 3 tid 106003
target_page_id id: 6 tid 106003
0 1 tid 106003
135 4 tid 106003
469 5 tid 106003
619 6 tid 106003
746 8 tid 106003
127 tid 106003
Insert  tid 106003
FindTargetPageId rootid 3 tid 106003
target_page_id id: 6 tid 106003
0 1 tid 106003
135 4 tid 106003
469 5 tid 106003
619 6 tid 106003
746 8 tid 106003
127 tid 106003
Insert  tid 106003
FindTargetPageId rootid 3 tid 106003
target_page_id id: 6 tid 106003
0 1 tid 106003
135 4 tid 106003
469 5 tid 106003
619 6 tid 106003
746 8 tid 106003
127 tid 106003
Insert  tid 106003
FindTargetPageId rootid 3 tid 106003
target_page_id id: 6 tid 106003
0 1 tid 106003
135 4 tid 106003
469 5 tid 106003
619 6 tid 106003
746 8 tid 106003
127 tid 106003
Insert  tid 106003
FindTargetPageId rootid 3 tid 106003
target_page_id id: 6 tid 106003
0 1 tid 106003
135 4 tid 106003
469 5 tid 106003
619 6 tid 106003
746 8 tid 106003
127 tid 106003
Insert  tid 106003
FindTargetPageId rootid 3 tid 106003
target_page_id id: 6 tid 106003
0 1 tid 106003
135 4 tid 106003
469 5 tid 106003
619 6 tid 106003
746 8 tid 106003
127 tid 106003
Insert  tid 106003
FindTargetPageId rootid 3 tid 106003
target_page_id id: 6 tid 106003
0 1 tid 106003
135 4 tid 106003
469 5 tid 106003
619 6 tid 106003
746 8 tid 106003
127 tid 106003
Insert  tid 106003
FindTargetPageId rootid 3 tid 106003
target_page_id id: 6 tid 106003
0 1 tid 106003
135 4 tid 106003
469 5 tid 106003
619 6 tid 106003
746 8 tid 106003
127 tid 106003
Insert  tid 106003
FindTargetPageId rootid 3 tid 106003
target_page_id id: 6 tid 106003
0 1 tid 106003
135 4 tid 106003
469 5 tid 106003
619 6 tid 106003
746 8 tid 106003
127 tid 106003
Insert  tid 106003
FindTargetPageId rootid 3 tid 106003
target_page_id id: 6 tid 106003
0 1 tid 106003
135 4 tid 106003
469 5 tid 106003
619 6 tid 106003
746 8 tid 106003
127 tid 106003
Insert  tid 106003
FindTargetPageId rootid 3 tid 106003
target_page_id id: 6 tid 106003
0 1 tid 106003
135 4 tid 106003
469 5 tid 106003
619 6 tid 106003
746 8 tid 106003
127 tid 106003
Insert  tid 106003
FindTargetPageId rootid 3 tid 106003
target_page_id id: 6 tid 106003
0 1 tid 106003
135 4 tid 106003
469 5 tid 106003
619 6 tid 106003
746 8 tid 106003
127 tid 106003
Insert  tid 106003
FindTargetPageId rootid 3 tid 106003
target_page_id id: 6 tid 106003
0 1 tid 106003
135 4 tid 106003
469 5 tid 106003
619 6 tid 106003
746 8 tid 106003
127 tid 106003
Insert  tid 106003
FindTargetPageId rootid 3 tid 106003
target_page_id id: 6 tid 106003
0 1 tid 106003
135 4 tid 106003
469 5 tid 106003
619 6 tid 106003
746 8 tid 106003
127 tid 106003
Insert  tid 106003
FindTargetPageId rootid 3 tid 106004
target_page_id id: 5 tid 106004
0 1 tid 106004
135 4 tid 106004
469 5 tid 106004
619 6 tid 106004
746 8 tid 106004
137 tid 106004
Remove  tid 106004
FindTargetPageId rootid 3 tid 106004
target_page_id id: 5 tid 106004
0 1 tid 106004
135 4 tid 106004
469 5 tid 106004
619 6 tid 106004
746 8 tid 106004
136 tid 106004
Remove  tid 106004
FindTargetPageId rootid 3 tid 106004
target_page_id id: 5 tid 106004
0 1 tid 106004
135 4 tid 106004
469 5 tid 106004
619 6 tid 106004
746 8 tid 106004
135 tid 106004
Remove  tid 106004
FindTargetPageId rootid 3 tid 106004
target_page_id id: 5 tid 106004
0 1 tid 106004
135 4 tid 106004
469 5 tid 106004
619 6 tid 106004
746 8 tid 106004
134 tid 106004
Remove  tid 106004
FindTargetPageId rootid 3 tid 106004
target_page_id id: 5 tid 106004
0 1 tid 106004
135 4 tid 106004
469 5 tid 106004
619 6 tid 106004
746 8 tid 106004
133 tid 106004
Remove  tid 106004
FindTargetPageId rootid 3 tid 106004
target_page_id id: 5 tid 106004
0 1 tid 106004
135 4 tid 106004
469 5 tid 106004
619 6 tid 106004
746 8 tid 106004
132 tid 106004
Remove  tid 106004
FindTargetPageId rootid 3 tid 106004
target_page_id id: 5 tid 106004
0 1 tid 106004
135 4 tid 106004
469 5 tid 106004
619 6 tid 106004
746 8 tid 106004
131 tid 106004
Remove  tid 106004
FindTargetPageId rootid 3 tid 106004
target_page_id id: 5 tid 106004
0 1 tid 106004
135 4 tid 106004
469 5 tid 106004
619 6 tid 106004
746 8 tid 106004
130 tid 106004
Remove  tid 106004
FindTargetPageId rootid 3 tid 106004
target_page_id id: 5 tid 106004
0 1 tid 106004
135 4 tid 106004
469 5 tid 106004
619 6 tid 106004
746 8 tid 106004
129 tid 106004
Remove  tid 106004
FindTargetPageId rootid 3 tid 106004
target_page_id id: 5 tid 106004
0 1 tid 106004
135 4 tid 106004
469 5 tid 106004
619 6 tid 106004
746 8 tid 106004
128 tid 106004
Remove  tid 106004
FindTargetPageId rootid 3 tid 106004
target_page_id id: 5 tid 106004
0 1 tid 106004
135 4 tid 106004
469 5 tid 106004
619 6 tid 106004
746 8 tid 106004
127 tid 106004
Remove  tid 106004
FindTargetPageId rootid 3 tid 106003
target_page_id id: 6 tid 106003
0 1 tid 106003
135 4 tid 106003
468 5 tid 106003
619 6 tid 106003
746 8 tid 106003
127 tid 106003
Insert  tid 106003
FindTargetPageId rootid 3 tid 106003
target_page_id id: 6 tid 106003
0 1 tid 106003
135 4 tid 106003
468 5 tid 106003
619 6 tid 106003
746 8 tid 106003
127 tid 106003
Insert  tid 106003
FindTargetPageId rootid 3 tid 106003
target_page_id id: 6 tid 106003
0 1 tid 106003
135 4 tid 106003
468 5 tid 106003
619 6 tid 106003
746 8 tid 106003
127 tid 106003
Insert  tid 106003
FindTargetPageId rootid 3 tid 106003
target_page_id id: 6 tid 106003
0 1 tid 106003
135 4 tid 106003
468 5 tid 106003
619 6 tid 106003
746 8 tid 106003
127 tid 106003
Insert  tid 106003
FindTargetPageId rootid 3 tid 106003
target_page_id id: 6 tid 106003
0 1 tid 106003
135 4 tid 106003
468 5 tid 106003
619 6 tid 106003
746 8 tid 106003
127 tid 106003
Insert  tid 106003
FindTargetPageId rootid 3 tid 106003
target_page_id id: 6 tid 106003
0 1 tid 106003
135 4 tid 106003
468 5 tid 106003
619 6 tid 106003
746 8 tid 106003
127 tid 106003
Insert  tid 106003
FindTargetPageId rootid 3 tid 106003
target_page_id id: 6 tid 106003
0 1 tid 106003
135 4 tid 106003
468 5 tid 106003
619 6 tid 106003
746 8 tid 106003
127 tid 106003
Insert  tid 106003FindTargetPageId rootid 
3 tid 106005
target_page_id id: 8 tid 106005
0 1 tid 106005
135 4 tid 106005
468 5 tid 106005
619 6 tid 106005
746 8 tid 106005
166 tid 106005
Insert  tid 106005
FindTargetPageId rootid 3 tid 106005
target_page_id id: 8 tid 106005
0 1 tid 106005
135 4 tid 106005
468 5 tid 106005
619 6 tid 106005
746 8 tid 106005
167 tid 106005
Insert  tid 106005
FindTargetPageId rootid 3 tid 106004
target_page_id id: 5 tid 106004
0 1 tid 106004
135 4 tid 106004
468 5 tid 106004
619 6 tid 106004
746 8 tid 106004
127 tid 106004
Remove  tid 106004
FindTargetPageId rootid 3 tid 106004
target_page_id id: 5 tid 106004
0 1 tid 106004
135 4 tid 106004
467 5 tid 106004
619 6 tid 106004
746 8 tid 106004
127 tid 106004
Remove  tid 106004
FindTargetPageId rootid 3 tid 106004
target_page_id id: 5 tid 106004
0 1 tid 106004
135 4 tid 106004
466 5 tid 106004
619 6 tid 106004
746 8 tid 106004
127 tid 106004
Remove  tid 106004
FindTargetPageId rootid 3 tid 106004
target_page_id id: 5 tid 106004
0 1 tid 106004
135 4 tid 106004
465 5 tid 106004
619 6 tid 106004
746 8 tid 106004
127 tid 106004
Remove  tid 106004
FindTargetPageId rootid 3 tid 106004
target_page_id id: 5 tid 106004
0 1 tid 106004
135 4 tid 106004
464 5 tid 106004
619 6 tid 106004
746 8 tid 106004
127 tid 106004
Remove  tid 106004
FindTargetPageId rootid 3 tid 106004
target_page_id id: 5 tid 106004
0 1 tid 106004
135 4 tid 106004
463 5 tid 106004
619 6 tid 106004
746 8 tid 106004
127 tid 106004
Remove  tid 106004
FindTargetPageId rootid 3 tid 106004
target_page_id id: 5 tid 106004
0 1 tid 106004
135 4 tid 106004
462 5 tid 106004
619 6 tid 106004
746 8 tid 106004
127 tid 106004
Remove  tid 106004
FindTargetPageId rootid 3 tid 106004
target_page_id id: 5 tid 106004
0 1 tid 106004
135 4 tid 106004
461 5 tid 106004
619 6 tid 106004
746 8 tid 106004
127 tid 106004
Remove  tid 106004
FindTargetPageId rootid 3 tid 106004
target_page_id id: 5 tid 106004
0 1 tid 106004
135 4 tid 106004
460 5 tid 106004
619 6 tid 106004
746 8 tid 106004
127 tid 106004
Remove  tid 106004
FindTargetPageId rootid 3 tid 106004
target_page_id id: 5 tid 106004
0 1 tid 106004
135 4 tid 106004
459 5 tid 106004
619 6 tid 106004
746 8 tid 106004
127 tid 106004
Remove  tid 106004
FindTargetPageId rootid 3 tid 106004
target_page_id id: 5 tid 106004
0 1 tid 106004
135 4 tid 106004
458 5 tid 106004
619 6 tid 106004
746 8 tid 106004
127 tid 106004
Remove  tid 106004
FindTargetPageId rootid 3 tid 106004
target_page_id id: 5 tid 106004
0 1 tid 106004
135 4 tid 106004
457 5 tid 106004
619 6 tid 106004
746 8 tid 106004
127 tid 106004
Remove  tid 106004
FindTargetPageId rootid 3 tid 106004
target_page_id id: 5 tid 106004
0 1 tid 106004
135 4 tid 106004
456 5 tid 106004
619 6 tid 106004
746 8 tid 106004
127 tid 106004
Remove  tid 106004
FindTargetPageId rootid 3 tid 106004
target_page_id id: 5 tid 106004
0 1 tid 106004
135 4 tid 106004
455 5 tid 106004
619 6 tid 106004
746 8 tid 106004
127 tid 106004
Remove  tid 106004
FindTargetPageId rootid 3 tid 106004
target_page_id id: 5 tid 106004
0 1 tid 106004
135 4 tid 106004
454 5 tid 106004
619 6 tid 106004
746 8 tid 106004
127 tid 106004
Remove  tid 106004
FindTargetPageId rootid 3 tid 106004
target_page_id id: 5 tid 106004
0 1 tid 106004
135 4 tid 106004
453 5 tid 106004
619 6 tid 106004
746 8 tid 106004
127 tid 106004
Remove  tid 106004
FindTargetPageId rootid 3 tid 106004
target_page_id id: 5 tid 106004
0 1 tid 106004
135 4 tid 106004
452 5 tid 106004
619 6 tid 106004
746 8 tid 106004
127 tid 106004
Remove  tid 106004
FindTargetPageId rootid 3 tid 106004
target_page_id id: 5 tid 106004
0 1 tid 106004
135 4 tid 106004
451 5 tid 106004
619 6 tid 106004
746 8 tid 106004
127 tid 106004
Remove  tid 106004
FindTargetPageId rootid 3 tid 106004
target_page_id id: 5 tid 106004
0 1 tid 106004
135 4 tid 106004
450 5 tid 106004
619 6 tid 106004
746 8 tid 106004
127 tid 106004
Remove  tid 106004
FindTargetPageId rootid 3 tid 106004
target_page_id id: 5 tid 106004
0 1 tid 106004
135 4 tid 106004
445 5 tid 106004
619 6 tid 106004
746 8 tid 106004
127 tid 106004
Remove  tid 106004
FindTargetPageId rootid 3 tid 106004
target_page_id id: 5 tid 106004
0 1 tid 106004
135 4 tid 106004
440 5 tid 106004
619 6 tid 106004
746 8 tid 106004
127 tid 106004
Remove  tid 106004
FindTargetPageId rootid 3 tid 106004
target_page_id id: 5 tid 106004
0 1 tid 106004
135 4 tid 106004
435 5 tid 106004
619 6 tid 106004
746 8 tid 106004
127 tid 106004
Remove  tid 106004
FindTargetPageId rootid 3 tid 106004
target_page_id id: 5 tid 106004
0 1 tid 106004
135 4 tid 106004
430 5 tid 106004
619 6 tid 106004
746 8 tid 106004
127 tid 106004
Remove  tid 106004
FindTargetPageId rootid 3 tid 106004
target_page_id id: 5 tid 106004
0 1 tid 106004
135 4 tid 106004
425 5 tid 106004
619 6 tid 106004
746 8 tid 106004
127 tid 106004
Remove  tid 106004
FindTargetPageId rootid 3 tid 106004
target_page_id id: 5 tid 106004
0 1 tid 106004
135 4 tid 106004
420 5 tid 106004
619 6 tid 106004
746 8 tid 106004
127 tid 106004
Remove  tid 106004
FindTargetPageId rootid 3 tid 106004
target_page_id id: 5 tid 106004
0 1 tid 106004
135 4 tid 106004
415 5 tid 106004
619 6 tid 106004
746 8 tid 106004
127 tid 106004
Remove  tid 106004
FindTargetPageId rootid 3 tid 106004
target_page_id id: 5 tid 106004
0 1 tid 106004
135 4 tid 106004
410 5 tid 106004
619 6 tid 106004
746 8 tid 106004
127 tid 106004
Remove  tid 106004
FindTargetPageId rootid 3 tid 106004
target_page_id id: 5 tid 106004
0 1 tid 106004
135 4 tid 106004
405 5 tid 106004
619 6 tid 106004
746 8 tid 106004
127 tid 106004
Remove  tid 106004
FindTargetPageId rootid 3 tid 106004
target_page_id id: 5 tid 106004
0 1 tid 106004
135 4 tid 106004
400 5 tid 106004
619 6 tid 106004
746 8 tid 106004
127 tid 106004
Remove  tid 106004
FindTargetPageId rootid 3 tid 106004
target_page_id id: 5 tid 106004
0 1 tid 106004
135 4 tid 106004
395 5 tid 106004
619 6 tid 106004
746 8 tid 106004
127 tid 106004
Remove  tid 106004
FindTargetPageId rootid 3 tid 106004
target_page_id id: 5 tid 106004
0 1 tid 106004
135 4 tid 106004
390 5 tid 106004
619 6 tid 106004
746 8 tid 106004
127 tid 106004
Remove  tid 106004
FindTargetPageId rootid 3 tid 106004
target_page_id id: 5 tid 106004
0 1 tid 106004
135 4 tid 106004
385 5 tid 106004
619 6 tid 106004
746 8 tid 106004
127 tid 106004
Remove  tid 106004
FindTargetPageId rootid 3 tid 106004
target_page_id id: 5 tid 106004
0 1 tid 106004
135 4 tid 106004
380 5 tid 106004
619 6 tid 106004
746 8 tid 106004
127 tid 106004
Remove  tid 106004
FindTargetPageId rootid 3 tid 106004
target_page_id id: 5 tid 106004
0 1 tid 106004
135 4 tid 106004
375 5 tid 106004
619 6 tid 106004
746 8 tid 106004
127 tid 106004
Remove  tid 106004
FindTargetPageId rootid 3 tid 106004
target_page_id id: 5 tid 106004
0 1 tid 106004
135 4 tid 106004
370 5 tid 106004
619 6 tid 106004
746 8 tid 106004
127 tid 106004
Remove  tid 106004
FindTargetPageId rootid 3 tid 106004
target_page_id id: 5 tid 106004
0 1 tid 106004
135 4 tid 106004
365 5 tid 106004
619 6 tid 106004
746 8 tid 106004
127 tid 106004
Remove  tid 106004
FindTargetPageId rootid 3 tid 106004
target_page_id id: 5 tid 106004
0 1 tid 106004
135 4 tid 106004
360 5 tid 106004
619 6 tid 106004
746 8 tid 106004
127 tid 106004
Remove  tid 106004
FindTargetPageId rootid 3 tid 106004
target_page_id id: 5 tid 106004
0 1 tid 106004
135 4 tid 106004
355 5 tid 106004
619 6 tid 106004
746 8 tid 106004
127 tid 106004
Remove  tid 106004
FindTargetPageId rootid 3 tid 106004
target_page_id id: 5 tid 106004
0 1 tid 106004
135 4 tid 106004
350 5 tid 106004
619 6 tid 106004
746 8 tid 106004
127 tid 106004
Remove  tid 106004
FindTargetPageId rootid 3 tid 106004
target_page_id id: 5 tid 106004
0 1 tid 106004
135 4 tid 106004
345 5 tid 106004
619 6 tid 106004
746 8 tid 106004
127 tid 106004
Remove  tid 106004
FindTargetPageId rootid 3 tid 106004
target_page_id id: 5 tid 106004
0 1 tid 106004
135 4 tid 106004
343 5 tid 106004
619 6 tid 106004
746 8 tid 106004
127 tid 106004
Remove  tid 106004
FindTargetPageId rootid 3 tid 106004
target_page_id id: 5 tid 106004
0 1 tid 106004
135 4 tid 106004
342 5 tid 106004
619 6 tid 106004
746 8 tid 106004
127 tid 106004
Remove  tid 106004
FindTargetPageId rootid 3 tid 106004
target_page_id id: 5 tid 106004
0 1 tid 106004
135 4 tid 106004
341 5 tid 106004
619 6 tid 106004
746 8 tid 106004
127 tid 106004
Remove  tid 106004
FindTargetPageId rootid 3 tid 106004
target_page_id id: 5 tid 106004
0 1 tid 106004
135 4 tid 106004
340 5 tid 106004
619 6 tid 106004
746 8 tid 106004
127 tid 106004
Remove  tid 106004
FindTargetPageId rootid 3 tid 106004
target_page_id id: 5 tid 106004
0 1 tid 106004
135 4 tid 106004
339 5 tid 106004
619 6 tid 106004
746 8 tid 106004
127 tid 106004
Remove  tid 106004
FindTargetPageId rootid 3 tid 106004
target_page_id id: 5 tid 106004
0 1 tid 106004
135 4 tid 106004
338 5 tid 106004
619 6 tid 106004
746 8 tid 106004
127 tid 106004
Remove  tid 106004
FindTargetPageId rootid 3 tid 106004
target_page_id id: 5 tid 106004
0 1 tid 106004
135 4 tid 106004
337 5 tid 106004
619 6 tid 106004
746 8 tid 106004
127 tid 106004
Remove  tid 106004
FindTargetPageId rootid 3 tid 106004
target_page_id id: 5 tid 106004
0 1 tid 106004
135 4 tid 106004
336 5 tid 106004
619 6 tid 106004
746 8 tid 106004
127 tid 106004
Remove  tid 106004
FindTargetPageId rootid 3 tid 106004
target_page_id id: 6 tid 106004
0 1 tid 106004
135 4 tid 106004
335 5 tid 106004
619 6 tid 106004
746 8 tid 106004
127 tid 106004
Remove  tid 106004
FindTargetPageId rootid 3 tid 106004
target_page_id id: 5 tid 106004
0 1 tid 106004
135 4 tid 106004
335 5 tid 106004
746 8 tid 106004
253 tid 106004
Remove  tid 106004
FindTargetPageId rootid 3 tid 106004
target_page_id id: 5 tid 106004
0 1 tid 106004
135 4 tid 106004
335 5 tid 106004
746 8 tid 106004
252 tid 106004
Remove  tid 106004
FindTargetPageId rootid 3 tid 106004
target_page_id id: 5 tid 106004
0 1 tid 106004
135 4 tid 106004
335 5 tid 106004
746 8 tid 106004
251 tid 106004
Remove  tid 106004
FindTargetPageId rootid 3 tid 106004
target_page_id id: 5 tid 106004
0 1 tid 106004
135 4 tid 106004
335 5 tid 106004
746 8 tid 106004
250 tid 106004
Remove  tid 106004
FindTargetPageId rootid 3 tid 106004
target_page_id id: 5 tid 106004
0 1 tid 106004
135 4 tid 106004
335 5 tid 106004
746 8 tid 106004
249 tid 106004
Remove  tid 106004
FindTargetPageId rootid 3 tid 106004
target_page_id id: 5 tid 106004
0 1 tid 106004
135 4 tid 106004
335 5 tid 106004
746 8 tid 106004
248 tid 106004
Remove  tid 106004
FindTargetPageId rootid 3 tid 106004
target_page_id id: 5 tid 106004
0 1 tid 106004
135 4 tid 106004
335 5 tid 106004
746 8 tid 106004
247 tid 106004
Remove  tid 106004
FindTargetPageId rootid 3 tid 106004
target_page_id id: 5 tid 106004
0 1 tid 106004
135 4 tid 106004
335 5 tid 106004
746 8 tid 106004
246 tid 106004
Remove  tid 106004
FindTargetPageId rootid 3 tid 106004
target_page_id id: 5 tid 106004
0 1 tid 106004
135 4 tid 106004
335 5 tid 106004
746 8 tid 106004
245 tid 106004
Remove  tid 106004
FindTargetPageId rootid 3 tid 106004
target_page_id id: 5 tid 106004
0 1 tid 106004
135 4 tid 106004
335 5 tid 106004
746 8 tid 106004
244 tid 106004
Remove  tid 106004
FindTargetPageId rootid 3 tid 106004
target_page_id id: 5 tid 106004
0 1 tid 106004
135 4 tid 106004
335 5 tid 106004
746 8 tid 106004
243 tid 106004
Remove  tid 106004
FindTargetPageId rootid 3 tid 106004
target_page_id id: 5 tid 106004
0 1 tid 106004
135 4 tid 106004
335 5 tid 106004
746 8 tid 106004
242 tid 106004
Remove  tid 106004
FindTargetPageId rootid 3 tid 106005
target_page_id id: 8 tid 106005
0 1 tid 106005
135 4 tid 106005
335 5 tid 106005
746 8 tid 106005
168 tid 106005
Insert  tid 106005
FindTargetPageId rootid 3 tid 106005
target_page_id id: 8 tid 106005
0 1 tid 106005
135 4 tid 106005
335 5 tid 106005
746 8 tid 106005
169 tid 106005
Insert  tid 106005
FindTargetPageId rootid 3 tid 106005
target_page_id id: 8 tid 106005
0 1 tid 106005
135 4 tid 106005
335 5 tid 106005
746 8 tid 106005
170 tid 106005
Insert  tid 106005
FindTargetPageId rootid 3 tid 106005
target_page_id id: 8 tid 106005
0 1 tid 106005
135 4 tid 106005
335 5 tid 106005
746 8 tid 106005
171 tid 106005
Insert  tid 106005
FindTargetPageId rootid 3 tid 106005
target_page_id id: 8 tid 106005
0 1 tid 106005
135 4 tid 106005
335 5 tid 106005
746 8 tid 106005
172 tid 106005
Insert  tid 106005
FindTargetPageId rootid 3 tid 106005
target_page_id id: 8 tid 106005
0 1 tid 106005
135 4 tid 106005
335 5 tid 106005
746 8 tid 106005
173 tid 106005
Insert  tid 106005
FindTargetPageId rootid 3 tid 106005
target_page_id id: 8 tid 106005
0 1 tid 106005
135 4 tid 106005
335 5 tid 106005
746 8 tid 106005
174 tid 106005
Insert  tid 106005
FindTargetPageId rootid 3 tid 106005
target_page_id id: 8 tid 106005
0 1 tid 106005
135 4 tid 106005
335 5 tid 106005
746 8 tid 106005
175 tid 106005
Insert  tid 106005
FindTargetPageId rootid 3 tid 106005
target_page_id id: 8 tid 106005
0 1 tid 106005
135 4 tid 106005
335 5 tid 106005
746 8 tid 106005
176 tid 106005
Insert  tid 106005
FindTargetPageId rootid 3 tid 106004
target_page_id id: 5 tid 106004
0 1 tid 106004
135 4 tid 106004
335 5 tid 106004
746 8 tid 106004
241 tid 106004
Remove  tid 106004
FindTargetPageId rootid 3 tid 106004
target_page_id id: 5 tid 106004
0 1 tid 106004
135 4 tid 106004
335 5 tid 106004
746 8 tid 106004
240 tid 106004
Remove  tid 106004
FindTargetPageId rootid 3 tid 106004
target_page_id id: 5 tid 106004
0 1 tid 106004
135 4 tid 106004
335 5 tid 106004
746 8 tid 106004
239 tid 106004
Remove  tid 106004
FindTargetPageId rootid 3 tid 106004
target_page_id id: 5 tid 106004
0 1 tid 106004
135 4 tid 106004
335 5 tid 106004
746 8 tid 106004
238 tid 106004
Remove  tid 106004
FindTargetPageId rootid 3 tid 106004
target_page_id id: 5 tid 106004
0 1 tid 106004
135 4 tid 106004
335 5 tid 106004
746 8 tid 106004
237 tid 106004
Remove  tid 106004
FindTargetPageId rootid 3 tid 106004
target_page_id id: 5 tid 106004
0 1 tid 106004
135 4 tid 106004
335 5 tid 106004
746 8 tid 106004
236 tid 106004
Remove  tid 106004
FindTargetPageId rootid 3 tid 106004
target_page_id id: 5 tid 106004
0 1 tid 106004
135 4 tid 106004
335 5 tid 106004
746 8 tid 106004
235 tid 106004
Remove  tid 106004
FindTargetPageId rootid 3 tid 106004
target_page_id id: 5 tid 106004
0 1 tid 106004
135 4 tid 106004
335 5 tid 106004
746 8 tid 106004
234 tid 106004
Remove  tid 106004
FindTargetPageId rootid 3 tid 106004
target_page_id id: 5 tid 106004
0 1 tid 106004
135 4 tid 106004
335 5 tid 106004
746 8 tid 106004
233 tid 106004
Remove  tid 106004
FindTargetPageId rootid 3 tid 106004
target_page_id id: 5 tid 106004
0 1 tid 106004
135 4 tid 106004
335 5 tid 106004
746 8 tid 106004
232 tid 106004
Remove  tid 106004
FindTargetPageId rootid 3 tid 106004
target_page_id id: 5 tid 106004
0 1 tid 106004
135 4 tid 106004
335 5 tid 106004
746 8 tid 106004
231 tid 106004
Remove  tid 106004
FindTargetPageId rootid 3 tid 106004
target_page_id id: 5 tid 106004
0 1 tid 106004
135 4 tid 106004
335 5 tid 106004
746 8 tid 106004
230 tid 106004
Remove  tid 106004
FindTargetPageId rootid 3 tid 106004
target_page_id id: 5 tid 106004
0 1 tid 106004
135 4 tid 106004
335 5 tid 106004
746 8 tid 106004
229 tid 106004
Remove  tid 106004
FindTargetPageId rootid 3 tid 106004
target_page_id id: 5 tid 106004
0 1 tid 106004
135 4 tid 106004
335 5 tid 106004
746 8 tid 106004
228 tid 106004
Remove  tid 106004
FindTargetPageId rootid 3 tid 106004
target_page_id id: 5 tid 106004
0 1 tid 106004
135 4 tid 106004
335 5 tid 106004
746 8 tid 106004
227 tid 106004
Remove  tid 106004
FindTargetPageId rootid 3 tid 106004
target_page_id id: 5 tid 106004
0 1 tid 106004
135 4 tid 106004
335 5 tid 106004
746 8 tid 106004
226 tid 106004
Remove  tid 106004
FindTargetPageId rootid 3 tid 106004
target_page_id id: 5 tid 106004
0 1 tid 106004
135 4 tid 106004
335 5 tid 106004
746 8 tid 106004
225 tid 106004
Remove  tid 106004
FindTargetPageId rootid 3 tid 106004
target_page_id id: 5 tid 106004
0 1 tid 106004
135 4 tid 106004
335 5 tid 106004
746 8 tid 106004
224 tid 106004
Remove  tid 106004
FindTargetPageId rootid 3 tid 106004
target_page_id id: 5 tid 106004
0 1 tid 106004
135 4 tid 106004
335 5 tid 106004
746 8 tid 106004
223 tid 106004
Remove  tid 106004
FindTargetPageId rootid 3 tid 106004
target_page_id id: 5 tid 106004
0 1 tid 106004
135 4 tid 106004
335 5 tid 106004
746 8 tid 106004
222 tid 106004
Remove  tid 106004
FindTargetPageId rootid 3 tid 106004
target_page_id id: 5 tid 106004
0 1 tid 106004
135 4 tid 106004
335 5 tid 106004
746 8 tid 106004
221 tid 106004
Remove  tid 106004
FindTargetPageId rootid 3 tid 106004
target_page_id id: 5 tid 106004
0 1 tid 106004
135 4 tid 106004
335 5 tid 106004
746 8 tid 106004
220 tid 106004
Remove  tid 106004
FindTargetPageId rootid 3 tid 106004
target_page_id id: 5 tid 106004
0 1 tid 106004
135 4 tid 106004
335 5 tid 106004
746 8 tid 106004
219 tid 106004
Remove  tid 106004
FindTargetPageId rootid 3 tid 106004
target_page_id id: 5 tid 106004
0 1 tid 106004
135 4 tid 106004
335 5 tid 106004
746 8 tid 106004
218 tid 106004
Remove  tid 106004
FindTargetPageId rootid 3 tid 106004
target_page_id id: 5 tid 106004
0 1 tid 106004
135 4 tid 106004
335 5 tid 106004
746 8 tid 106004
217 tid 106004
Remove  tid 106004
FindTargetPageId rootid 3 tid 106004
target_page_id id: 5 tid 106004
0 1 tid 106004
135 4 tid 106004
335 5 tid 106004
746 8 tid 106004
216 tid 106004
Remove  tid 106004
FindTargetPageId rootid 3 tid 106004
target_page_id id: 5 tid 106004
0 1 tid 106004
135 4 tid 106004
335 5 tid 106004
746 8 tid 106004
215 tid 106004
Remove  tid 106004
FindTargetPageId rootid 3 tid 106004
target_page_id id: 5 tid 106004
0 1 tid 106004
135 4 tid 106004
335 5 tid 106004
746 8 tid 106004
214 tid 106004
Remove  tid 106004
FindTargetPageId rootid 3 tid 106004
target_page_id id: 5 tid 106004
0 1 tid 106004
135 4 tid 106004
335 5 tid 106004
746 8 tid 106004
213 tid 106004
Remove  tid 106004
FindTargetPageId rootid 3 tid 106004
target_page_id id: 5 tid 106004
0 1 tid 106004
135 4 tid 106004
335 5 tid 106004
746 8 tid 106004
212 tid 106004
Remove  tid 106004
FindTargetPageId rootid 3 tid 106004
target_page_id id: 5 tid 106004
0 1 tid 106004
135 4 tid 106004
335 5 tid 106004
746 8 tid 106004
211 tid 106004
Remove  tid 106004
FindTargetPageId rootid 3 tid 106004
target_page_id id: 5 tid 106004
0 1 tid 106004
135 4 tid 106004
335 5 tid 106004
746 8 tid 106004
210 tid 106004
Remove  tid 106004
FindTargetPageId rootid 3 tid 106004
target_page_id id: 5 tid 106004
0 1 tid 106004
135 4 tid 106004
335 5 tid 106004
746 8 tid 106004
209 tid 106004
Remove  tid 106004
FindTargetPageId rootid 3 tid 106004
target_page_id id: 5 tid 106004
0 1 tid 106004
135 4 tid 106004
335 5 tid 106004
746 8 tid 106004
208 tid 106004
Remove  tid 106004
FindTargetPageId rootid 3 tid 106004
target_page_id id: 5 tid 106004
0 1 tid 106004
135 4 tid 106004
335 5 tid 106004
746 8 tid 106004
207 tid 106004
Remove  tid 106004
FindTargetPageId rootid 3 tid 106004
target_page_id id: 5 tid 106004
0 1 tid 106004
135 4 tid 106004
335 5 tid 106004
746 8 tid 106004
206 tid 106004
Remove  tid 106004
FindTargetPageId rootid 3 tid 106004
target_page_id id: 5 tid 106004
0 1 tid 106004
135 4 tid 106004
335 5 tid 106004
746 8 tid 106004
205 tid 106004
Remove  tid 106004
FindTargetPageId rootid 3 tid 106004
target_page_id id: 5 tid 106004
0 1 tid 106004
135 4 tid 106004
335 5 tid 106004
746 8 tid 106004
204 tid 106004
Remove  tid 106004
FindTargetPageId rootid 3 tid 106004
target_page_id id: 5 tid 106004
0 1 tid 106004
135 4 tid 106004
335 5 tid 106004
746 8 tid 106004
203 tid 106004
Remove  tid 106004
FindTargetPageId rootid 3 tid 106004
target_page_id id: 5 tid 106004
0 1 tid 106004
135 4 tid 106004
335 5 tid 106004
746 8 tid 106004
202 tid 106004
Remove  tid 106004
FindTargetPageId rootid 3 tid 106004
target_page_id id: 5 tid 106004
0 1 tid 106004
135 4 tid 106004
335 5 tid 106004
746 8 tid 106004
201 tid 106004
Remove  tid 106004
FindTargetPageId rootid 3 tid 106004
target_page_id id: 5 tid 106004
0 1 tid 106004
135 4 tid 106004
335 5 tid 106004
746 8 tid 106004
200 tid 106004
Remove  tid 106004
FindTargetPageId rootid 3 tid 106004
target_page_id id: 5 tid 106004
0 1 tid 106004
135 4 tid 106004
335 5 tid 106004
746 8 tid 106004
199 tid 106004
Remove  tid 106004
FindTargetPageId rootid 3 tid 106004
target_page_id id: 5 tid 106004
0 1 tid 106004
135 4 tid 106004
335 5 tid 106004
746 8 tid 106004
198 tid 106004
Remove  tid 106004
FindTargetPageId rootid 3 tid 106004
target_page_id id: 5 tid 106004
0 1 tid 106004
135 4 tid 106004
335 5 tid 106004
746 8 tid 106004
197 tid 106004
Remove  tid 106004
FindTargetPageId rootid 3 tid 106004
target_page_id id: 5 tid 106004
0 1 tid 106004
135 4 tid 106004
335 5 tid 106004
746 8 tid 106004
196 tid 106004
Remove  tid 106004
FindTargetPageId rootid 3 tid 106004
target_page_id id: 5 tid 106004
0 1 tid 106004
135 4 tid 106004
335 5 tid 106004
746 8 tid 106004
195 tid 106004
Remove  tid 106004
FindTargetPageId rootid 3 tid 106004
target_page_id id: 5 tid 106004
0 1 tid 106004
135 4 tid 106004
335 5 tid 106004
746 8 tid 106004
194 tid 106004
Remove  tid 106004
FindTargetPageId rootid 3 tid 106004
target_page_id id: 5 tid 106004
0 1 tid 106004
135 4 tid 106004
335 5 tid 106004
746 8 tid 106004
193 tid 106004
Remove  tid 106004
FindTargetPageId rootid 3 tid 106004
target_page_id id: 5 tid 106004
0 1 tid 106004
135 4 tid 106004
335 5 tid 106004
746 8 tid 106004
192 tid 106004
Remove  tid 106004
FindTargetPageId rootid 3 tid 106004
target_page_id id: 5 tid 106004
0 1 tid 106004
135 4 tid 106004
335 5 tid 106004
746 8 tid 106004
191 tid 106004
Remove  tid 106004
FindTargetPageId rootid 3 tid 106004
target_page_id id: 5 tid 106004
0 1 tid 106004
135 4 tid 106004
335 5 tid 106004
746 8 tid 106004
190 tid 106004
Remove  tid 106004
FindTargetPageId rootid 3 tid 106004
target_page_id id: 5 tid 106004
0 1 tid 106004
135 4 tid 106004
335 5 tid 106004
746 8 tid 106004
189 tid 106004
Remove  tid 106004
FindTargetPageId rootid 3 tid 106004
target_page_id id: 5 tid 106004
0 1 tid 106004
135 4 tid 106004
335 5 tid 106004
746 8 tid 106004
188 tid 106004
Remove  tid 106004
FindTargetPageId rootid 3 tid 106004
target_page_id id: 5 tid 106004
0 1 tid 106004
135 4 tid 106004
335 5 tid 106004
746 8 tid 106004
187 tid 106004
Remove  tid 106004
FindTargetPageId rootid 3 tid 106004
target_page_id id: 5 tid 106004
0 1 tid 106004
135 4 tid 106004
335 5 tid 106004
746 8 tid 106004
186 tid 106004
Remove  tid 106004
FindTargetPageId rootid 3 tid 106004
target_page_id id: 5 tid 106004
0 1 tid 106004
135 4 tid 106004
335 5 tid 106004
746 8 tid 106004
185 tid 106004
Remove  tid 106004
FindTargetPageId rootid 3 tid 106004
target_page_id id: 5 tid 106004
0 1 tid 106004
135 4 tid 106004
335 5 tid 106004
746 8 tid 106004
184 tid 106004
Remove  tid 106004
FindTargetPageId rootid 3 tid 106004
target_page_id id: 5 tid 106004
0 1 tid 106004
135 4 tid 106004
335 5 tid 106004
746 8 tid 106004
183 tid 106004
Remove  tid 106004
FindTargetPageId rootid 3 tid 106004
target_page_id id: 5 tid 106004
0 1 tid 106004
135 4 tid 106004
335 5 tid 106004
746 8 tid 106004
182 tid 106004
Remove  tid 106004
FindTargetPageId rootid 3 tid 106004
target_page_id id: 5 tid 106004
0 1 tid 106004
135 4 tid 106004
335 5 tid 106004
746 8 tid 106004
181 tid 106004
Remove  tid 106004
FindTargetPageId rootid 3 tid 106004
target_page_id id: 5 tid 106004
0 1 tid 106004
135 4 tid 106004
335 5 tid 106004
746 8 tid 106004
180 tid 106004
Remove  tid 106004
FindTargetPageId rootid 3 tid 106004
target_page_id id: 5 tid 106004
0 1 tid 106004
135 4 tid 106004
335 5 tid 106004
746 8 tid 106004
179 tid 106004
Remove  tid 106004
FindTargetPageId rootid 3 tid 106004
target_page_id id: 5 tid 106004
0 1 tid 106004
135 4 tid 106004
335 5 tid 106004
746 8 tid 106004
178 tid 106004
Remove  tid 106004
FindTargetPageId rootid 3 tid 106004
target_page_id id: 5 tid 106004
0 1 tid 106004
135 4 tid 106004
335 5 tid 106004
746 8 tid 106004
177 tid 106004
Remove  tid 106004
FindTargetPageId rootid 3 tid 106004
target_page_id id: 5 tid 106004
0 1 tid 106004
135 4 tid 106004
335 5 tid 106004
746 8 tid 106004
176 tid 106004
Remove  tid 106004
FindTargetPageId rootid 3 tid 106004
target_page_id id: 5 tid 106004
0 1 tid 106004
135 4 tid 106004
335 5 tid 106004
746 8 tid 106004
175 tid 106004
Remove  tid 106004
FindTargetPageId rootid 3 tid 106004
target_page_id id: 5 tid 106004
0 1 tid 106004
135 4 tid 106004
335 5 tid 106004
746 8 tid 106004
174 tid 106004
Remove  tid 106004
FindTargetPageId rootid 3 tid 106004
target_page_id id: 5 tid 106004
0 1 tid 106004
135 4 tid 106004
335 5 tid 106004
746 8 tid 106004
173 tid 106004
Remove  tid 106004
FindTargetPageId rootid 3 tid 106004
target_page_id id: 5 tid 106004
0 1 tid 106004
135 4 tid 106004
335 5 tid 106004
746 8 tid 106004
172 tid 106004
Remove  tid 106004
FindTargetPageId rootid 3 tid 106004
target_page_id id: 5 tid 106004
0 1 tid 106004
135 4 tid 106004
335 5 tid 106004
746 8 tid 106004
171 tid 106004
Remove  tid 106004
FindTargetPageId rootid 3 tid 106004
target_page_id id: 5 tid 106004
0 1 tid 106004
135 4 tid 106004
335 5 tid 106004
746 8 tid 106004
170 tid 106004
Remove  tid 106004
FindTargetPageId rootid 3 tid 106004
target_page_id id: 5 tid 106004
0 1 tid 106004
135 4 tid 106004
335 5 tid 106004
746 8 tid 106004
169 tid 106004
Remove  tid 106004
FindTargetPageId rootid 3 tid 106004
target_page_id id: 5 tid 106004
0 1 tid 106004
135 4 tid 106004
335 5 tid 106004
746 8 tid 106004
168 tid 106004
Remove  tid 106004
FindTargetPageId rootid 3 tid 106004
target_page_id id: 5 tid 106004
0 1 tid 106004
135 4 tid 106004
335 5 tid 106004
746 8 tid 106004
167 tid 106004
Remove  tid 106004
FindTargetPageId rootid 3 tid 106004
target_page_id id: 5 tid 106004
0 1 tid 106004
135 4 tid 106004
335 5 tid 106004
746 8 tid 106004
166 tid 106004
Remove  tid 106004
FindTargetPageId rootid 3 tid 106004
target_page_id id: 5 tid 106004
0 1 tid 106004
135 4 tid 106004
335 5 tid 106004
746 8 tid 106004
165 tid 106004
Remove  tid 106004
FindTargetPageId rootid 3 tid 106004
target_page_id id: 5 tid 106004
0 1 tid 106004
135 4 tid 106004
335 5 tid 106004
746 8 tid 106004
164 tid 106004
Remove  tid 106004
FindTargetPageId rootid 3 tid 106004
target_page_id id: 5 tid 106004
0 1 tid 106004
135 4 tid 106004
335 5 tid 106004
746 8 tid 106004
163 tid 106004
Remove  tid 106004
FindTargetPageId rootid 3 tid 106004
target_page_id id: 5 tid 106004
0 1 tid 106004
135 4 tid 106004
335 5 tid 106004
746 8 tid 106004
162 tid 106004
Remove  tid 106004
FindTargetPageId rootid 3 tid 106004
target_page_id id: 5 tid 106004
0 1 tid 106004
135 4 tid 106004
335 5 tid 106004
746 8 tid 106004
161 tid 106004
Remove  tid 106004
FindTargetPageId rootid 3 tid 106004
target_page_id id: 5 tid 106004
0 1 tid 106004
135 4 tid 106004
335 5 tid 106004
746 8 tid 106004
160 tid 106004
Remove  tid 106004
FindTargetPageId rootid 3 tid 106004
target_page_id id: 5 tid 106004
0 1 tid 106004
135 4 tid 106004
335 5 tid 106004
746 8 tid 106004
159 tid 106004
Remove  tid 106004
FindTargetPageId rootid 3 tid 106005
target_page_id id: 8 tid 106005
0 1 tid 106005
135 4 tid 106005
335 5 tid 106005
746 8 tid 106005
177 tid 106005
FindTargetPageId rootid 3 tid 106003
target_page_id id: 5 tid 106003
0 1 tid 106003
135 4 tid 106003
Insert  tid 106005
335 5 tid 106003
746 8 tid 106003
158 tid 106003
Insert  tid 106003
FindTargetPageId rootid 3 tid 106003
target_page_id id: 5 tid 106003
0 1 tid 106003
135 4 tid 106003
335 5 tid 106003
746 8 tid 106003
159 tid 106003
Insert  tid 106003
FindTargetPageId rootid 3 tid 106003
target_page_id id: 5 tid 106003
0 1 tid 106003
135 4 tid 106003
335 5 tid 106003
746 8 tid 106003
160 tid 106003
Insert  tid 106003
FindTargetPageId rootid 3 tid 106003
target_page_id id: 5 tid 106003
0 1 tid 106003
135 4 tid 106003
335 5 tid 106003
746 8 tid 106003
161 tid 106003
Insert  tid 106003
FindTargetPageId rootid 3 tid 106003
target_page_id id: 5 tid 106003
0 1 tid 106003
135 4 tid 106003
335 5 tid 106003
746 8 tid 106003
162 tid 106003
Insert  tid 106003
FindTargetPageId rootid 3 tid 106003
target_page_id id: 5 tid 106003
0 1 tid 106003
135 4 tid 106003
335 5 tid 106003
746 8 tid 106003
163 tid 106003
Insert  tid 106003
FindTargetPageId rootid 3 tid 106003
target_page_id id: 5 tid 106003
0 1 tid 106003
135 4 tid 106003
335 5 tid 106003
746 8 tid 106003
164 tid 106003
Insert  tid 106003
FindTargetPageId rootid 3 tid 106003
target_page_id id: 5 tid 106003
0 1 tid 106003
135 4 tid 106003
335 5 tid 106003
746 8 tid 106003
165 tid 106003
Insert  tid 106003
FindTargetPageId rootid 3 tid 106003
target_page_id id: 5 tid 106003
0 1 tid 106003
135 4 tid 106003
335 5 tid 106003
746 8 tid 106003
166 tid 106003
Insert  tid 106003
FindTargetPageId rootid 3 tid 106003
target_page_id id: 5 tid 106003
0 1 tid 106003
135 4 tid 106003
335 5 tid 106003
746 8 tid 106003
167 tid 106003
Insert  tid 106003
FindTargetPageId rootid 3 tid 106003
target_page_id id: 5 tid 106003
0 1 tid 106003
135 4 tid 106003
335 5 tid 106003
746 8 tid 106003
168 tid 106003
Insert  tid 106003
FindTargetPageId rootid 3 tid 106003
target_page_id id: 5 tid 106003
0 1 tid 106003
135 4 tid 106003
335 5 tid 106003
746 8 tid 106003
169 tid 106003
Insert  tid 106003
FindTargetPageId rootid 3 tid 106003
target_page_id id: 5 tid 106003
0 1 tid 106003
135 4 tid 106003
335 5 tid 106003
746 8 tid 106003
170 tid 106003
Insert  tid 106003
FindTargetPageId rootid 3 tid 106003
target_page_id id: 5 tid 106003
0 1 tid 106003
135 4 tid 106003
335 5 tid 106003
746 8 tid 106003
171 tid 106003
Insert  tid 106003
FindTargetPageId rootid 3 tid 106003
target_page_id id: 5 tid 106003
0 1 tid 106003
135 4 tid 106003
335 5 tid 106003
746 8 tid 106003
172 tid 106003
Insert  tid 106003
FindTargetPageId rootid 3 tid 106003
target_page_id id: 5 tid 106003
0 1 tid 106003
135 4 tid 106003
335 5 tid 106003
746 8 tid 106003
173 tid 106003
Insert  tid 106003
FindTargetPageId rootid 3 tid 106003
target_page_id id: 5 tid 106003
0 1 tid 106003
135 4 tid 106003
335 5 tid 106003
746 8 tid 106003
174 tid 106003
Insert  tid 106003
FindTargetPageId rootid 3 tid 106003
target_page_id id: 5 tid 106003
0 1 tid 106003
135 4 tid 106003
335 5 tid 106003
746 8 tid 106003
175 tid 106003
Insert  tid 106003
FindTargetPageId rootid 3 tid 106003
target_page_id id: 5 tid 106003
0 1 tid 106003
135 4 tid 106003
335 5 tid 106003
746 8 tid 106003
176 tid 106003
Insert  tid 106003
FindTargetPageId rootid 3 tid 106005
target_page_id id: 8 tid 106005
0 1 tid 106005
135 4 tid 106005
335 5 tid 106005
746 8 tid 106005
178 tid 106005
Insert  tid 106005
FindTargetPageId rootid 3 tid 106005
target_page_id id: 8 tid 106005
0 1 tid 106005
135 4 tid 106005
335 5 tid 106005
746 8 tid 106005
179 tid 106005
FindTargetPageId rootid 3 tid 106003
target_page_id id: 5 tid Insert 106003
0 1 tid 106003
135 4 tid 106003
335 5 tid 106003
746 8 tid 106003
 tid 106005
177 tid 106003
Insert  tid 106003
FindTargetPageId rootid 3 tid 106003
target_page_id id: 5 tid 106003
0 1 tid 106003
135 4 tid 106003
335 5 tid 106003
746 8 tid 106003
178 tid 106003
Insert  tid 106003
FindTargetPageId rootid 3 tid 106003
target_page_id id: 5 tid 106003
0 1 tid 106003
135 4 tid 106003
335 5 tid 106003
746 8 tid 106003
179 tid 106003
Insert  tid 106003
FindTargetPageId rootid 3 tid 106003
target_page_id id: 5 tid 106003
0 1 tid 106003
135 4 tid 106003
335 5 tid 106003
746 8 tid 106003
180 tid 106003
Insert  tid 106003
FindTargetPageId rootid 3 tid 106003
target_page_id id: 5 tid 106003
0 1 tid 106003
135 4 tid 106003
335 5 tid 106003
746 8 tid 106003
181 tid 106003
Insert  tid 106003
FindTargetPageId rootid 3 tid 106003
target_page_id id: 5 tid 106003
0 1 tid 106003
135 4 tid 106003
335 5 tid 106003
746 8 tid 106003
182 tid 106003
Insert  tid 106003
FindTargetPageId rootid 3 tid 106003
target_page_id id: 5 tid 106003
0 1 tid 106003
135 4 tid 106003
335 5 tid 106003
746 8 tid 106003
183 tid 106003
Insert  tid 106003
FindTargetPageId rootid 3 tid 106003
target_page_id id: 5 tid 106003
0 1 tid 106003
135 4 tid 106003
335 5 tid 106003
746 8 tid 106003
184 tid 106003
Insert  tid 106003
FindTargetPageId rootid 3 tid 106003
target_page_id id: 5 tid 106003
0 1 tid 106003
135 4 tid 106003
335 5 tid 106003
746 8 tid 106003
185 tid 106003
Insert  tid 106003
FindTargetPageId rootid 3 tid 106005
target_page_id id: 8 tid 106005
0 1 tid 106005
135 4 tid 106005
335 5 tid 106005
746 8 tid 106005
180 tid 106005
Insert  tid 106005
FindTargetPageId rootid 3 tid 106005
target_page_id id: 8 tid 106005
0 1 tid 106005
135 4 tid 106005
335 5 tid 106005
746 8 tid 106005
181 tid 106005
Insert  tid 106005
FindTargetPageId rootid 3 tid 106005
target_page_id id: 8 tid 106005
0 1 tid 106005
135 4 tid 106005
335 5 tid 106005
746 8 tid 106005
182 tid 106005
Insert  tid 106005
FindTargetPageId rootid 3 tid 106005
target_page_id id: 8 tid 106005
0 1 tid 106005
135 4 tid 106005
335 5 tid 106005
746 8 tid 106005
183 tid 106005
Insert  tid 106005
FindTargetPageId rootid 3 tid 106005
target_page_id id: 8 tid 106005
0 1 tid 106005
135 4 tid 106005
335 5 tid 106005
746 8 tid 106005
184 tid 106005
Insert  tid 106005
FindTargetPageId rootid 3 tid 106005
target_page_id id: 8 tid 106005
0 1 tid 106005
135 4 tid 106005
335 5 tid 106005
746 8 tid 106005
185 tid 106005
Insert  tid 106005
FindTargetPageId rootid 3 tid 106005
target_page_id id: 8 tid 106005
0 1 tid 106005
135 4 tid 106005
335 5 tid 106005
746 8 tid 106005
186 tid 106005
Insert  tid 106005
FindTargetPageId rootid 3 tid 106005
target_page_id id: 8 tid 106005
0 1 tid 106005
135 4 tid 106005
335 5 tid 106005
746 8 tid 106005
187 tid 106005
Insert  tid 106005
FindTargetPageId rootid 3 tid 106005
target_page_id id: 8 tid 106005
0 1 tid 106005
135 4 tid 106005
335 5 tid 106005
746 8 tid 106005
188 tid 106005
Insert  tid 106005
FindTargetPageId rootid 3 tid 106005
target_page_id id: 8 tid 106005
0 1 tid 106005
135 4 tid 106005
335 5 tid 106005
746 8 tid 106005
189 tid 106005
Insert  tid 106005
FindTargetPageId rootid 3 tid 106005
target_page_id id: 8 tid 106005
0 1 tid 106005
135 4 tid 106005
335 5 tid 106005
746 8 tid 106005
190 tid 106005
Insert  tid 106005
FindTargetPageId rootid 3 tid 106005
target_page_id id: 8 tid 106005
0 1 tid 106005
135 4 tid 106005
335 5 tid 106005
746 8 tid 106005
191 tid 106005
Insert  tid 106005
FindTargetPageId rootid 3 tid 106004
target_page_id id: 5 tid 106004
0 1 tid 106004
135 4 tid 106004
335 5 tid 106004
746 8 tid 106004
186 tid 106004
Remove  tid 106004
FindTargetPageId rootid 3 tid 106004
target_page_id id: 5 tid 106004
0 1 tid 106004
135 4 tid 106004
335 5 tid 106004
746 8 tid 106004
185 tid 106004
Remove  tid 106004
FindTargetPageId rootid 3 tid 106004
target_page_id id: 5 tid 106004
0 1 tid 106004
135 4 tid 106004
335 5 tid 106004
746 8 tid 106004
184 tid 106004
Remove  tid 106004
FindTargetPageId rootid 3 tid 106004
target_page_id id: 5 tid 106004
0 1 tid 106004
135 4 tid 106004
335 5 tid 106004
746 8 tid 106004
183 tid 106004
Remove  tid 106004
FindTargetPageId rootid 3 tid 106004
target_page_id id: 5 tid 106004
0 1 tid 106004
135 4 tid 106004
335 5 tid 106004
746 8 tid 106004
182 tid 106004
Remove  tid 106004
FindTargetPageId rootid 3 tid 106004
target_page_id id: 8 tid 106004
0 1 tid 106004
135 4 tid 106004
335 5 tid 106004
746 8 tid 106004
192 tid 106004
Remove  tid 106004
FindTargetPageId rootid 3 tid 106004
target_page_id id: 8 tid 106004
0 1 tid 106004
135 4 tid 106004
335 5 tid 106004
746 8 tid 106004
191 tid 106004
Remove  tid 106004
FindTargetPageId rootid 3 tid 106004
target_page_id id: 8 tid 106004
0 1 tid 106004
135 4 tid 106004
335 5 tid 106004
746 8 tid 106004
190 tid 106004
FindTargetPageId rootid 3 tid 106003
target_page_id id: 5 tid 106003
0 1 tid 106003
135 4 tid 106003
335 5 tid 106003
746 8 tid 106003
181 tid 106003
Insert  tid 106003
Remove  tid 106004
FindTargetPageId rootid 3 tid 106005
target_page_id id: 8 tid 106005
0 1 tid 106005
135 4 tid 106005
335 5 tid 106005
746 8 tid 106005
189 tid 106005
Insert  tid 106005
FindTargetPageId rootid 3 tid 106005
target_page_id id: 8 tid 106005
0 1 tid 106005
135 4 tid 106005
335 5 tid 106005
746 8 tid 106005
190 tid 106005
Insert  tid 106005
FindTargetPageId rootid 3 tid 106005
target_page_id id: 8 tid 106005
0 1 tid 106005
135 4 tid 106005
335 5 tid 106005
746 8 tid 106005
191 tid 106005
Insert  tid 106005
FindTargetPageId rootid 3 tid 106005
target_page_id id: 8 tid 106005
0 1 tid 106005
135 4 tid 106005
335 5 tid 106005
746 8 tid 106005
192 tid 106005
Insert  tid 106005
FindTargetPageId rootid 3 tid 106005
target_page_id id: 8 tid 106005
0 1 tid 106005
135 4 tid 106005
335 5 tid 106005
746 8 tid 106005
193 tid 106005
Insert  tid FindTargetPageId rootid 3 tid 106003
106005
target_page_id id: 5 tid 106003
0 1 tid 106003
135 4 tid 106003
335 5 tid 106003
746 8 tid 106003
182 tid 106003
Insert  tid 106003
FindTargetPageId rootid 3 tid 106003
target_page_id id: 5 tid 106003
0 1 tid 106003
135 4 tid 106003
335 5 tid 106003
746 8 tid 106003
183 tid 106003
Insert  tid 106003
FindTargetPageId rootid 3 tid 106005
target_page_id id: 8 tid 106005
0 1 tid 106005
135 4 tid 106005
335 5 tid 106005
746 8 tid 106005
194 tid 106005
Insert  tid 106005
FindTargetPageId rootid 3 tid 106004
target_page_id id: 8 tid 106004
0 1 tid 106004
135 4 tid 106004
335 5 tid 106004
746 8 tid 106004
195 tid 106004
Remove  tid 106004
FindTargetPageId rootid 3 tid 106004
target_page_id id: 8 tid 106004
0 1 tid 106004
135 4 tid 106004
335 5 tid 106004
746 8 tid 106004
194 tid 106004
Remove  tid 106004
FindTargetPageId rootid 3 tid 106004
target_page_id id: 8 tid 106004
0 1 tid 106004
135 4 tid 106004
335 5 tid 106004
746 8 tid 106004
193 tid 106004
Remove  tid 106004
FindTargetPageId rootid 3 tid 106004
target_page_id id: 8 tid 106004
0 1 tid 106004
135 4 tid 106004
335 5 tid 106004
746 8 tid 106004
192 tid 106004
Remove  tid 106004
FindTargetPageId rootid 3 tid 106003
target_page_id id: 5 tid 106003
0 1 tid 106003
135 4 tid 106003
335 5 tid 106003
746 8 tid 106003
184 tid 106003
Insert  tid 106003
FindTargetPageId rootid 3 tid 106003
target_page_id id: 5 tid 106003
0 1 tid 106003
135 4 tid 106003
335 5 tid 106003
746 8 tid 106003
185 tid 106003
Insert  tid 106003
FindTargetPageId rootid 3 tid 106003
target_page_id id: 8 tid 106003
0 1 tid 106003
135 4 tid 106003
335 5 tid 106003
746 8 tid 106003
191 tid 106003
Insert  tid 106003
FindTargetPageId rootid 3 tid 106003
target_page_id id: 8 tid 106003
0 1 tid 106003
135 4 tid 106003
335 5 tid 106003
746 8 tid 106003
192 tid 106003
Insert  tid 106003
FindTargetPageId rootid 3 tid 106003
target_page_id id: 8 tid 106003
0 1 tid 106003
135 4 tid 106003
335 5 tid 106003
746 8 tid 106003
193 tid 106003
Insert  tid 106003
FindTargetPageId rootid 3 tid 106005
target_page_id id: 8 tid 106005
0 1 tid 106005
135 4 tid 106005
335 5 tid 106005
746 8 tid 106005
194 tid 106005
Insert  tid 106005
FindTargetPageId rootid 3 tid 106005
target_page_id id: 8 tid 106005
0 1 tid 106005
135 4 tid 106005
335 5 tid 106005
746 8 tid 106005
195 tid 106005
Insert  tid 106005
FindTargetPageId rootid 3 tid 106005
target_page_id id: 8 tid 106005
0 1 tid 106005
135 4 tid 106005
335 5 tid 106005
746 8 tid 106005
196 tid 106005
Insert  tid 106005
FindTargetPageId rootid 3 tid 106005
target_page_id id: 8 tid 106005
0 1 tid 106005
135 4 tid 106005
335 5 tid 106005
746 8 tid 106005
197 tid 106005
Insert  tid 106005
FindTargetPageId rootid 3 tid 106005
target_page_id id: 8 tid 106005
0 1 tid 106005
135 4 tid 106005
335 5 tid 106005
746 8 tid 106005
198 tid 106005
Insert  tid 106005
FindTargetPageId rootid 3 tid 106004
target_page_id id: 8 tid 106004
0 1 tid 106004
135 4 tid 106004
335 5 tid 106004
746 8 tid 106004
199 tid 106004
Remove  tid 106004
FindTargetPageId rootid 3 tid 106003
target_page_id id: 8 tid 106003
0 1 tid 106003
135 4 tid 106003
335 5 tid 106003
746 8 tid 106003
198 tid 106003
Insert  tid 106003
FindTargetPageId rootid 3 tid 106003
target_page_id id: 8 tid 106003
0 1 tid 106003
135 4 tid 106003
335 5 tid 106003
746 8 tid 106003
199 tid 106003
Insert  tid 106003
FindTargetPageId rootid 3 tid 106003
target_page_id id: 8 tid 106003
0 1 tid 106003
135 4 tid 106003
335 5 tid 106003
746 8 tid 106003
200 tid 106003
Insert  tid 106003
FindTargetPageId rootid 3 tid 106003
target_page_id id: 8 tid 106003
0 1 tid 106003
135 4 tid 106003
335 5 tid 106003
746 8 tid 106003
201 tid 106003
Insert  tid 106003
FindTargetPageId rootid 3 tid 106005
target_page_id id: 8 tid 106005
0 1 tid 106005
135 4 tid 106005
335 5 tid 106005
746 8 tid 106005
202 tid 106005
Insert  tid 106005
FindTargetPageId rootid 3 tid 106004
target_page_id id: 8 tid 106004
0 1 tid 106004
135 4 tid 106004
335 5 tid 106004
746 8 tid 106004
203 tid 106004
Remove  tid 106004
FindTargetPageId rootid 3 tid 106004
target_page_id id: 8 tid 106004
0 1 tid 106004
135 4 tid 106004
335 5 tid 106004
746 8 tid 106004
202 tid 106004
Remove  tid 106004
FindTargetPageId rootid 3 tid 106004
target_page_id id: 8 tid 106004
0 1 tid 106004
135 4 tid 106004
335 5 tid 106004
746 8 tid 106004
201 tid 106004
Remove  tid 106004
FindTargetPageId rootid 3 tid 106004
target_page_id id: 8 tid 106004
0 1 tid 106004
135 4 tid 106004
335 5 tid 106004
746 8 tid 106004
200 tid 106004
Remove  tid 106004
FindTargetPageId rootid 3 tid 106005
target_page_id id: 8 tid 106005
0 1 tid 106005
135 4 tid 106005
335 5 tid 106005
746 8 tid 106005
199 tid 106005
Insert  tid 106005
FindTargetPageId rootid 3 tid 106005
target_page_id id: 8 tid 106005
0 1 tid 106005
135 4 tid 106005
335 5 tid 106005
746 8 tid 106005
200 tid 106005
Insert  tid 106005
FindTargetPageId rootid 3 tid 106005
target_page_id id: 8 tid 106005
0 1 tid 106005
135 4 tid 106005
335 5 tid 106005
746 8 tid 106005
201 tid 106005
Insert  tid 106005
FindTargetPageId rootid 3 tid 106004
target_page_id id: 8 tid 106004
0 1 tid 106004
135 4 tid 106004
335 5 tid 106004
746 8 tid 106004
202 tid 106004
Remove  tid 106004
FindTargetPageId rootid 3 tid 106004
target_page_id id: 8 tid 106004
0 1 tid 106004
135 4 tid 106004
335 5 tid 106004
746 8 tid 106004
201 tid 106004
Remove  tid 106004
FindTargetPageId rootid 3 tid 106004
target_page_id id: 8 tid 106004
0 1 tid 106004
135 4 tid 106004
335 5 tid 106004
746 8 tid 106004
200 tid 106004
Remove  tid 106004
FindTargetPageId rootid 3 tid 106004
target_page_id id: 8 tid 106004
0 1 tid 106004
135 4 tid 106004
335 5 tid 106004
746 8 tid 106004
199 tid 106004
Remove  tid 106004
FindTargetPageId rootid 3 tid 106003
target_page_id id: 8 tid 106003
0 1 tid 106003
135 4 tid 106003
335 5 tid 106003
746 8 tid 106003
198 tid 106003
Insert  tid 106003
FindTargetPageId rootid 3 tid 106003
target_page_id id: 8 tid 106003
0 1 tid 106003
135 4 tid 106003
335 5 tid 106003
746 8 tid 106003
199 tid 106003
Insert  tid 106003
FindTargetPageId rootid 3 tid 106003
target_page_id id: 8 tid 106003
0 1 tid 106003
135 4 tid 106003
335 5 tid 106003
746 8 tid 106003
200 tid 106003
Insert  tid 106003
FindTargetPageId rootid 3 tid 106003
target_page_id id: 8 tid 106003
0 1 tid 106003
135 4 tid 106003
335 5 tid 106003
746 8 tid 106003
201 tid 106003
Insert  tid 106003
FindTargetPageId rootid 3 tid 106003
target_page_id id: 8 tid 106003
0 1 tid 106003
135 4 tid 106003
335 5 tid 106003
746 8 tid 106003
202 tid 106003
Insert  tid 106003
FindTargetPageId rootid 3 tid 106003
target_page_id id: 8 tid 106003
0 1 tid 106003
135 4 tid 106003
335 5 tid 106003
746 8 tid 106003
203 tid 106003
Insert  tid 106003
FindTargetPageId rootid 3 tid 106003
target_page_id id: 8 tid 106003
0 1 tid 106003
135 4 tid 106003
335 5 tid 106003
746 8 tid 106003
204 tid 106003
Insert  tid 106003
FindTargetPageId rootid 3 tid 106003
target_page_id id: 8 tid 106003
0 1 tid 106003
135 4 tid 106003
335 5 tid 106003
746 8 tid 106003
205 tid 106003
Insert  tid 106003
FindTargetPageId rootid 3 tid 106004
target_page_id id: 8 tid 106004
0 1 tid 106004
135 4 tid 106004
335 5 tid 106004
746 8 tid 106004
206 tid 106004
Remove  tid 106004
FindTargetPageId rootid 3 tid 106004
target_page_id id: 8 tid 106004
0 1 tid 106004
135 4 tid 106004
335 5 tid 106004
746 8 tid 106004
205 tid 106004
Remove  tid 106004
FindTargetPageId rootid 3 tid 106004
target_page_id id: 8 tid 106004
0 1 tid 106004
135 4 tid 106004
335 5 tid 106004
746 8 tid 106004
204 tid 106004
Remove  tid 106004
FindTargetPageId rootid 3 tid 106004
target_page_id id: 8 tid 106004
0 1 tid 106004
135 4 tid 106004
335 5 tid 106004
746 8 tid 106004
203 tid 106004
Remove  tid 106004
FindTargetPageId rootid 3 tid 106004
target_page_id id: 8 tid 106004
0 1 tid 106004
135 4 tid 106004
335 5 tid 106004
746 8 tid 106004
202 tid 106004
Remove  tid 106004
FindTargetPageId rootid 3 tid 106004
target_page_id id: 8 tid 106004
0 1 tid 106004
135 4 tid 106004
335 5 tid 106004
746 8 tid 106004
201 tid 106004
Remove  tid 106004
FindTargetPageId rootid 3 tid 106004
target_page_id id: 8 tid 106004
0 1 tid 106004
135 4 tid 106004
335 5 tid 106004
746 8 tid 106004
200 tid 106004
Remove  tid 106004
FindTargetPageId rootid 3 tid 106004
target_page_id id: 8 tid 106004
0 1 tid 106004
135 4 tid 106004
335 5 tid 106004
746 8 tid 106004
199 tid 106004
Remove  tid 106004
FindTargetPageId rootid 3 tid 106004
target_page_id id: 8 tid 106004
0 1 tid 106004
135 4 tid 106004
335 5 tid 106004
746 8 tid 106004
198 tid 106004
Remove  tid 106004
FindTargetPageId rootid 3 tid 106004
target_page_id id: 8 tid 106004
0 1 tid 106004
135 4 tid 106004
335 5 tid 106004
746 8 tid 106004
197 tid 106004
Remove  tid 106004
FindTargetPageId rootid 3 tid 106005
target_page_id id: 8 tid 106005
0 1 tid 106005
135 4 tid 106005
335 5 tid 106005
746 8 tid 106005
196 tid 106005
Insert  tid 106005
FindTargetPageId rootid 3 tid 106005
target_page_id id: 8 tid 106005
0 1 tid 106005
135 4 tid 106005
335 5 tid 106005
746 8 tid 106005
197 tid 106005
Insert  tid 106005
FindTargetPageId rootid 3 tid 106005
target_page_id id: 8 tid 106005
0 1 tid 106005
135 4 tid 106005
335 5 tid 106005
746 8 tid 106005
198 tid 106005
Insert  tid 106005
FindTargetPageId rootid 3 tid 106003
target_page_id id: 8 tid 106003
0 1 tid 106003
135 4 tid 106003
335 5 tid 106003
746 8 tid 106003
199 tid 106003
Insert  tid 106003
FindTargetPageId rootid 3 tid 106005
target_page_id id: 8 tid 106005
0 1 tid 106005
135 4 tid 106005
335 5 tid 106005
746 8 tid 106005
200 tid 106005
Insert  tid 106005
FindTargetPageId rootid 3 tid 106005
target_page_id id: 8 tid 106005
0 1 tid 106005
135 4 tid 106005
335 5 tid 106005
746 8 tid 106005
201 tid 106005
Insert  tid 106005
FindTargetPageId rootid 3 tid 106005
target_page_id id: 8 tid 106005
0 1 tid 106005
135 4 tid 106005
335 5 tid 106005
746 8 tid 106005
202 tid 106005
Insert  tid 106005
FindTargetPageId rootid 3 tid 106005
target_page_id id: 8 tid 106005
0 1 tid 106005
135 4 tid 106005
335 5 tid 106005
746 8 tid 106005
203 tid 106005
Insert  tid 106005
FindTargetPageId rootid 3 tid 106005
target_page_id id: 8 tid 106005
0 1 tid 106005
135 4 tid 106005
335 5 tid 106005
746 8 tid 106005
204 tid 106005
Insert  tid 106005
FindTargetPageId rootid 3 tid 106005
target_page_id id: 8 tid 106005
0 1 tid 106005
135 4 tid 106005
335 5 tid 106005
746 8 tid 106005
205 tid 106005
Insert  tid 106005
FindTargetPageId rootid 3 tid 106005
target_page_id id: 8 tid 106005
0 1 tid 106005
135 4 tid 106005
335 5 tid 106005
746 8 tid 106005
206 tid 106005
Insert  tid 106005
FindTargetPageId rootid 3 tid 106005
target_page_id id: 8 tid 106005
0 1 tid 106005
135 4 tid 106005
335 5 tid 106005
746 8 tid 106005
207 tid 106005
Insert  tid 106005
FindTargetPageId rootid 3 tid 106005
target_page_id id: 8 tid 106005
0 1 tid 106005
135 4 tid 106005
335 5 tid 106005
746 8 tid 106005
208 tid 106005
Insert  tid 106005
FindTargetPageId rootid 3 tid 106005
target_page_id id: 8 tid 106005
0 1 tid 106005
135 4 tid 106005
335 5 tid 106005
746 8 tid 106005
209 tid 106005
Insert  tid 106005
FindTargetPageId rootid 3 tid 106005
target_page_id id: 8 tid 106005
0 1 tid 106005
135 4 tid 106005
335 5 tid 106005
746 8 tid 106005
210 tid 106005
Insert  tid 106005
FindTargetPageId rootid 3 tid 106005
target_page_id id: 8 tid 106005
0 1 tid 106005
135 4 tid 106005
335 5 tid 106005
746 8 tid 106005
211 tid 106005
Insert  tid 106005
FindTargetPageId rootid 3 tid 106005
target_page_id id: 8 tid 106005
0 1 tid 106005
135 4 tid 106005
335 5 tid 106005
746 8 tid 106005
212 tid 106005
Insert  tid 106005
FindTargetPageId rootid 3 tid 106005
target_page_id id: 8 tid 106005
0 1 tid 106005
135 4 tid 106005
335 5 tid 106005
746 8 tid 106005
213 tid 106005
Insert  tid 106005
FindTargetPageId rootid 3 tid 106005
target_page_id id: 8 tid 106005
0 1 tid 106005
135 4 tid 106005
335 5 tid 106005
746 8 tid 106005
214 tid 106005
Insert  tid 106005
FindTargetPageId rootid 3 tid 106005
target_page_id id: 8 tid 106005
0 1 tid 106005
135 4 tid 106005
335 5 tid 106005
746 8 tid 106005
215 tid 106005
Insert  tid 106005
FindTargetPageId rootid 3 tid 106005
target_page_id id: 8 tid 106005
0 1 tid 106005
135 4 tid 106005
335 5 tid 106005
746 8 tid 106005
216 tid 106005
Insert  tid 106005
FindTargetPageId rootid 3 tid 106005
target_page_id id: 8 tid 106005
0 1 tid 106005
135 4 tid 106005
335 5 tid 106005
746 8 tid 106005
217 tid 106005
Insert  tid 106005
FindTargetPageId rootid 3 tid 106005
target_page_id id: 8 tid 106005
0 1 tid 106005
135 4 tid 106005
335 5 tid 106005
746 8 tid 106005
218 tid 106005
Insert  tid 106005
FindTargetPageId rootid 3 tid 106005
target_page_id id: 8 tid 106005
0 1 tid 106005
135 4 tid 106005
335 5 tid 106005
746 8 tid 106005
219 tid 106005
Insert  tid 106005
FindTargetPageId rootid 3 tid 106005
target_page_id id: 8 tid 106005
0 1 tid 106005
135 4 tid 106005
335 5 tid 106005
746 8 tid 106005
220 tid 106005
Insert  tid 106005
FindTargetPageId rootid 3 tid 106005
target_page_id id: 8 tid 106005
0 1 tid 106005
135 4 tid 106005
335 5 tid 106005
746 8 tid 106005
221 tid 106005
FindTargetPageId rootid 3 tid 106004
target_page_id id: 8 tid 106004
0 1 tid 106004
135 4 tid 106004
335 5 tid 106004
746 8 tid 106004
Insert  tid 106005
222 tid 106004
Remove  tid 106004
FindTargetPageId rootid 3 tid 106004
target_page_id id: 8 tid 106004
0 1 tid 106004
135 4 tid 106004
335 5 tid 106004
746 8 tid 106004
221 tid 106004
Remove  tid 106004
FindTargetPageId rootid 3 tid 106004
target_page_id id: 8 tid 106004
0 1 tid 106004
135 4 tid 106004
335 5 tid 106004
746 8 tid 106004
220 tid 106004
Remove  tid 106004
FindTargetPageId rootid 3 tid 106004
target_page_id id: 8 tid 106004
0 1 tid 106004
135 4 tid 106004
335 5 tid 106004
746 8 tid 106004
219 tid 106004
Remove  tid 106004
FindTargetPageId rootid 3 tid 106004
target_page_id id: 8 tid 106004
0 1 tid 106004
135 4 tid 106004
335 5 tid 106004
746 8 tid 106004
218 tid 106004
Remove  tid 106004
FindTargetPageId rootid 3 tid 106004
target_page_id id: 8 tid 106004
0 1 tid 106004
135 4 tid 106004
335 5 tid 106004
746 8 tid 106004
217 tid 106004
Remove  tid 106004
FindTargetPageId rootid 3 tid 106004
target_page_id id: 8 tid 106004
0 1 tid 106004
135 4 tid 106004
335 5 tid 106004
746 8 tid 106004
216 tid 106004
Remove  tid 106004
FindTargetPageId rootid 3 tid 106004
target_page_id id: 8 tid 106004
0 1 tid 106004
135 4 tid 106004
335 5 tid 106004
746 8 tid 106004
215 tid 106004
Remove  tid 106004
FindTargetPageId rootid 3 tid 106004
target_page_id id: 8 tid 106004
0 1 tid 106004
135 4 tid 106004
335 5 tid 106004
746 8 tid 106004
214 tid 106004
Remove  tid 106004
FindTargetPageId rootid 3 tid 106004
target_page_id id: 8 tid 106004
0 1 tid 106004
135 4 tid 106004
335 5 tid 106004
746 8 tid 106004
213 tid 106004
Remove  tid 106004
FindTargetPageId rootid 3 tid 106004
target_page_id id: 8 tid 106004
0 1 tid 106004
135 4 tid 106004
335 5 tid 106004
746 8 tid 106004
212 tid 106004
Remove  tid 106004
FindTargetPageId rootid 3 tid 106004
target_page_id id: 8 tid 106004
0 1 tid 106004
135 4 tid 106004
335 5 tid 106004
746 8 tid 106004
211 tid 106004
Remove  tid 106004
FindTargetPageId rootid 3 tid 106004
target_page_id id: 8 tid 106004
0 1 tid 106004
135 4 tid 106004
335 5 tid 106004
746 8 tid 106004
210 tid 106004
Remove  tid 106004
FindTargetPageId rootid 3 tid 106004
target_page_id id: 8 tid 106004
0 1 tid 106004
135 4 tid 106004
335 5 tid 106004
746 8 tid 106004
209 tid 106004
Remove  tid 106004
FindTargetPageId rootid 3 tid 106005
target_page_id id: 8 tid 106005
0 1 tid 106005
135 4 tid 106005
335 5 tid 106005
746 8 tid 106005
208 tid 106005
Insert  tid 106005
FindTargetPageId rootid 3 tid 106005
target_page_id id: 8 tid 106005
0 1 tid 106005
135 4 tid 106005
335 5 tid 106005
746 8 tid 106005
209 tid 106005
Insert  tid 106005
FindTargetPageId rootid 3 tid 106005
target_page_id id: 8 tid 106005
0 1 tid 106005
135 4 tid 106005
335 5 tid 106005
746 8 tid 106005
210 tid 106005
Insert  tid 106005
FindTargetPageId rootid 3 tid 106003
target_page_id id: 8 tid 106003
0 1 tid 106003
135 4 tid 106003
335 5 tid 106003
746 8 tid 106003
211 tid 106003
Insert  tid 106003
FindTargetPageId rootid 3 tid 106003
target_page_id id: 8 tid 106003
0 1 tid 106003
135 4 tid 106003
335 5 tid 106003
746 8 tid 106003
212 tid 106003
Insert  tid 106003
FindTargetPageId rootid 3 tid 106003
target_page_id id: 8 tid 106003
0 1 tid 106003
135 4 tid 106003
335 5 tid 106003
746 8 tid 106003
213 tid 106003
Insert  tid 106003
FindTargetPageId rootid 3 tid 106003
target_page_id id: 8 tid 106003
0 1 tid 106003
135 4 tid 106003
335 5 tid 106003
746 8 tid 106003
214 tid 106003
Insert  tid 106003
FindTargetPageId rootid 3 tid 106003
target_page_id id: 8 tid 106003
0 1 tid 106003
135 4 tid 106003
335 5 tid 106003
746 8 tid 106003
215 tid 106003
Insert  tid 106003
FindTargetPageId rootid 3 tid 106003
target_page_id id: 8 tid 106003
0 1 tid 106003
135 4 tid 106003
335 5 tid 106003
746 8 tid 106003
216 tid 106003
Insert  tid 106003
FindTargetPageId rootid 3 tid 106003
target_page_id id: 8 tid 106003
0 1 tid 106003
135 4 tid 106003
335 5 tid 106003
746 8 tid 106003
217 tid 106003
Insert  tid 106003
FindTargetPageId rootid 3 tid 106003
target_page_id id: 8 tid 106003
0 1 tid 106003
135 4 tid 106003
335 5 tid 106003
746 8 tid 106003
218 tid 106003
Insert  tid 106003
FindTargetPageId rootid 3 tid 106003
target_page_id id: 8 tid 106003
0 1 tid 106003
135 4 tid 106003
335 5 tid 106003
746 8 tid 106003
219 tid 106003
Insert  tid 106003
FindTargetPageId rootid 3 tid 106003
target_page_id id: 8 tid 106003
0 1 tid 106003
135 4 tid 106003
335 5 tid 106003
746 8 tid 106003
220 tid 106003
Insert  tid 106003
FindTargetPageId rootid 3 tid 106003
target_page_id id: 8 tid 106003
0 1 tid 106003
135 4 tid 106003
335 5 tid 106003
746 8 tid 106003
221 tid 106003
Insert  tid 106003
FindTargetPageId rootid 3 tid 106005
target_page_id id: 8 tid 106005
0 1 tid 106005
135 4 tid 106005
335 5 tid 106005
746 8 tid 106005
222 tid 106005
Insert  tid 106005
FindTargetPageId rootid 3 tid 106005
target_page_id id: 8 tid 106005
0 1 tid 106005
135 4 tid 106005
335 5 tid 106005
746 8 tid 106005
223 tid 106005
Insert  tid 106005
FindTargetPageId rootid 3 tid 106005
target_page_id id: 8 tid 106005
0 1 tid 106005
135 4 tid 106005
335 5 tid 106005
746 8 tid 106005
224 tid 106005
Insert  tid 106005
FindTargetPageId rootid 3 tid 106005
target_page_id id: 8 tid 106005
0 1 tid 106005
135 4 tid 106005
335 5 tid 106005
746 8 tid 106005
225 tid 106005
Insert  tid 106005
FindTargetPageId rootid 3 tid 106005
target_page_id id: 8 tid 106005
0 1 tid 106005
135 4 tid 106005
335 5 tid 106005
746 8 tid 106005
226 tid 106005
Insert  tid 106005
FindTargetPageId rootid 3 tid 106005
target_page_id id: 8 tid 106005
0 1 tid 106005
135 4 tid 106005
335 5 tid 106005
746 8 tid 106005
227 tid 106005
Insert  tid 106005
FindTargetPageId rootid 3 tid 106004
target_page_id id: 8 tid 106004
0 1 tid 106004
135 4 tid 106004
335 5 tid 106004
746 8 tid 106004
228 tid 106004
Remove  tid 106004
FindTargetPageId rootid 3 tid 106005
target_page_id id: 8 tid 106005
0 1 tid 106005
135 4 tid 106005
335 5 tid 106005
746 8 tid 106005
227 tid 106005
Insert  tid 106005
FindTargetPageId rootid 3 tid 106005
target_page_id id: 8 tid 106005
0 1 tid 106005
135 4 tid 106005
335 5 tid 106005
746 8 tid 106005
228 tid 106005
FindTargetPageId rootid 3 tid 106004
target_page_id id: 8 tid 106004
0 1 tid 106004
135 4 tid 106004
Insert  tid 106005
335 5 tid 106004
746 8 tid 106004
229 tid 106004
Remove  tid 106004
FindTargetPageId rootid 3 tid 106003
target_page_id id: 8 tid 106003
0 1 tid 106003
135 4 tid 106003
335 5 tid 106003
746 8 tid 106003
228 tid 106003
Insert  tid 106003
FindTargetPageId rootid 3 tid 106005
target_page_id id: 8 tid 106005
0 1 tid 106005
135 4 tid 106005
335 5 tid 106005
746 8 tid 106005
229 tid 106005
Insert  tid 106005
FindTargetPageId rootid 3 tid 106005
target_page_id id: 8 tid 106005
0 1 tid 106005
135 4 tid 106005
335 5 tid 106005
746 8 tid 106005
230 tid 106005
Insert  tid 106005
FindTargetPageId rootid 3 tid 106005
target_page_id id: 8 tid 106005
0 1 tid 106005
135 4 tid 106005
335 5 tid 106005
746 8 tid 106005
231 tid 106005
Insert  tid 106005
FindTargetPageId rootid 3 tid 106005
target_page_id id: 8 tid 106005
0 1 tid 106005
135 4 tid 106005
335 5 tid 106005
746 8 tid 106005
232 tid 106005
Insert  tid 106005
FindTargetPageId rootid 3 tid 106005
target_page_id id: 8 tid 106005
0 1 tid 106005
135 4 tid 106005
335 5 tid 106005
746 8 tid 106005
233 tid 106005
FindTargetPageId rootid 3Insert  tid  tid 106005
106003
target_page_id id: 8 tid 106003
0 1 tid 106003
135 4 tid 106003
335 5 tid 106003
746 8 tid 106003
234 tid 106003
Insert  tid 106003
FindTargetPageId rootid 3 tid 106003
target_page_id id: 8 tid 106003
0 1 tid 106003
135 4 tid 106003
335 5 tid 106003
746 8 tid 106003
235 tid 106003
Insert  tid 106003
FindTargetPageId rootid 3 tid 106003
target_page_id id: 8 tid 106003
0 1 tid 106003
135 4 tid 106003
335 5 tid 106003
746 8 tid 106003
236 tid 106003
Insert  tid 106003
FindTargetPageId rootid 3 tid 106003
target_page_id id: 8 tid 106003
0 1 tid 106003
135 4 tid 106003
335 5 tid 106003
746 8 tid 106003
237 tid 106003
Insert  tid 106003
FindTargetPageId rootid 3 tid 106003
target_page_id id: 8 tid 106003
0 1 tid 106003
135 4 tid 106003
335 5 tid 106003
746 8 tid 106003
238 tid 106003
Insert  tid 106003
FindTargetPageId rootid 3 tid 106003
target_page_id id: 8 tid 106003
0 1 tid 106003
135 4 tid 106003
335 5 tid 106003
746 8 tid 106003
239 tid 106003
Insert  tid 106003
FindTargetPageId rootid 3 tid 106003
target_page_id id: 8 tid 106003
0 1 tid 106003
135 4 tid 106003
335 5 tid 106003
746 8 tid 106003
240 tid 106003
Insert  tid 106003
FindTargetPageId rootid 3 tid 106003
target_page_id id: 8 tid 106003
0 1 tid 106003
135 4 tid 106003
335 5 tid 106003
746 8 tid 106003
241 tid 106003
Insert  tid 106003
FindTargetPageId rootid 3 tid 106003
target_page_id id: 8 tid 106003
0 1 tid 106003
135 4 tid 106003
335 5 tid 106003
746 8 tid 106003
242 tid 106003
Insert  tid 106003
FindTargetPageId rootid 3 tid 106003
target_page_id id: 8 tid 106003
0 1 tid 106003
135 4 tid 106003
335 5 tid 106003
746 8 tid 106003
243 tid 106003
Insert  tid 106003
FindTargetPageId rootid 3 tid 106003
target_page_id id: 8 tid 106003
0 1 tid 106003
135 4 tid 106003
335 5 tid 106003
746 8 tid 106003
244 tid 106003
Insert  tid 106003
FindTargetPageId rootid 3 tid 106003
target_page_id id: 8 tid 106003
0 1 tid 106003
135 4 tid 106003
335 5 tid 106003
746 8 tid 106003
245 tid 106003
Insert  tid 106003
FindTargetPageId rootid 3 tid 106003
target_page_id id: 8 tid 106003
0 1 tid 106003
135 4 tid 106003
335 5 tid 106003
746 8 tid 106003
246 tid 106003
Insert  tid 106003
FindTargetPageId rootid 3 tid 106003
target_page_id id: 8 tid 106003
0 1 tid 106003
135 4 tid 106003
335 5 tid 106003
746 8 tid 106003
247 tid 106003
Insert  tid 106003
FindTargetPageId rootid 3 tid 106003
target_page_id id: 8 tid 106003
0 1 tid 106003
135 4 tid 106003
335 5 tid 106003
746 8 tid 106003
248 tid 106003
Insert  tid 106003
FindTargetPageId rootid 3 tid 106004
target_page_id id: 8 tid 106004
0 1 tid 106004
135 4 tid 106004
335 5 tid 106004
746 8 tid 106004
248 tid 106004
Remove  tid 106004
FindTargetPageId rootid 3 tid 106005
target_page_id id: 8 tid 106005
0 1 tid 106005
135 4 tid 106005
335 5 tid 106005
746 8 tid 106005
247 tid 106005
Insert  tid 106005
FindTargetPageId rootid 3 tid 106003
target_page_id id: 8 tid 106003
0 1 tid 106003
135 4 tid 106003
335 5 tid 106003
746 8 tid 106003
248 tid 106003
Insert  tid 106003
FindTargetPageId rootid 3 tid 106004
target_page_id id: 8 tid 106004
0 1 tid 106004
135 4 tid 106004
335 5 tid 106004
746 8 tid 106004
248 tid 106004
FindTargetPageId rootid 3 tid 106005
target_page_id id: 8 tid 106005
0 1 tid 106005
135 4 tid 106005
335 5 tid 106005
746 8 tid 106005
247 tid 106005
Insert  tid 106005
FindTargetPageId rootid 3 tid 106003
target_page_id id: 8 tid 106003
0 1 tid 106003
135 4 tid 106003
335 5 tid 106003
746 8 tid 106003
248 tid 106003
Insert  tid 106003
FindTargetPageId rootid 3 tid 106003
target_page_id id: 8 tid 106003
0 1 tid 106003
135 4 tid 106003
335 5 tid 106003
746 8 tid 106003
248 tid 106003
Insert  tid 106003
FindTargetPageId rootid 3 tid 106003
target_page_id id: 8 tid 106003
0 1 tid 106003
135 4 tid 106003
335 5 tid 106003
746 8 tid 106003
248 tid 106003
Insert  tid 106003
FindTargetPageId rootid 3 tid 106003
target_page_id id: 8 tid 106003
0 1 tid 106003
135 4 tid 106003
335 5 tid 106003
746 8 tid 106003
248 tid 106003
Insert  tid 106003
FindTargetPageId rootid 3 tid 106003
target_page_id id: 8 tid 106003
0 1 tid 106003
135 4 tid 106003
335 5 tid 106003
746 8 tid 106003
248 tid 106003
Insert  tid 106003
FindTargetPageId rootid 3 tid 106003
target_page_id id: 8 tid 106003
0 1 tid 106003
135 4 tid 106003
335 5 tid 106003
746 8 tid 106003
248 tid 106003
Insert  tid 106003
FindTargetPageId rootid 3 tid 106003
target_page_id id: 8 tid 106003
0 1 tid 106003
135 4 tid 106003
335 5 tid 106003
746 8 tid 106003
248 tid 106003
Insert  tid 106003
Remove  tid 106004
FindTargetPageId rootid 3 tid 106005
target_page_id id: 8 tid 106005
0 1 tid 106005
135 4 tid 106005
335 5 tid 106005
746 8 tid 106005
248 tid 106005
Insert  tid 106005
FindTargetPageId rootid 3 tid 106005
target_page_id id: 8 tid 106005
0 1 tid 106005
135 4 tid 106005
335 5 tid 106005
746 8 tid 106005
249 tid 106005
Insert  tid 106005
FindTargetPageId rootid 3 tid 106005
target_page_id id: 8 tid 106005
0 1 tid 106005
135 4 tid 106005
335 5 tid 106005
746 8 tid 106005
250 tid 106005
Insert  tid 106005
FindTargetPageId rootid 3 tid 106005
target_page_id id: 8 tid 106005
0 1 tid 106005
135 4 tid 106005
335 5 tid 106005
746 8 tid 106005
251 tid 106005
Insert  tid 106005
FindTargetPageId rootid 3 tid 106005
target_page_id id: 8 tid 106005
0 1 tid 106005
135 4 tid 106005
335 5 tid 106005
746 8 tid 106005
252 tid 106005
FindTargetPageId rootid 3 tid 106004
target_page_id id: 8 tid 106004
0 1 tid 106004
135 4 tid 106004
335 5 tid 106004
746 8 tid 106004
253 tid 106004
Remove  tid 106004
FindTargetPageId rootid 3 tid 106004
target_page_id id: 8 tid 106004
0 1 tid 106004
135 4 tid 106004
335 5 tid 106004
746 8 tid 106004
252 tid 106004
Remove  tid 106004
FindTargetPageId rootid 3 tid 106004
target_page_id id: 8 tid 106004
0 1 tid 106004
135 4 tid 106004
335 5 tid 106004
746 8 tid 106004
251 tid 106004
Remove  tid 106004
FindTargetPageId rootid 3 tid 106004
target_page_id id: 8 tid 106004
0 1 tid 106004
135 4 tid 106004
335 5 tid 106004
746 8 tid 106004
250 tid 106004
Remove  tid 106004
FindTargetPageId rootid 3 tid 106004
target_page_id id: 8 tid 106004
0 1 tid 106004
135 4 tid 106004
335 5 tid 106004
746 8 tid 106004
249 tid 106004
Remove  tid 106004
FindTargetPageId rootid 3 tid 106004
target_page_id id: 8 tid 106004
0 1 tid 106004
135 4 tid 106004
335 5 tid 106004
746 8 tid 106004
248 tid 106004
Remove  tid 106004
FindTargetPageId rootid 3 tid 106004
target_page_id id: 8 tid 106004
0 1 tid 106004
135 4 tid 106004
335 5 tid 106004
746 8 tid 106004
247 tid 106004
Remove  tid 106004
FindTargetPageId rootid 3 tid 106003
target_page_id id: 8 tid 106003
0 1 tid 106003
135 4 tid 106003
335 5 tid 106003
746 8 tid 106003
246 tid 106003
Insert  tid 106003
FindTargetPageId rootid 3 tid 106003
target_page_id id: 8 tid 106003
0 1 tid 106003
135 4 tid 106003
335 5 tid 106003
746 8 tid 106003
246 tid 106003
Insert  tid 106003
FindTargetPageId rootid 3 tid 106003
target_page_id id: 8 tid 106003
0 1 tid 106003
135 4 tid 106003
335 5 tid 106003
746 8 tid 106003
246 tid 106003
Insert  tid 106003
FindTargetPageId rootid 3 tid 106003
target_page_id id: 8 tid 106003
0 1 tid 106003
135 4 tid 106003
335 5 tid 106003
746 8 tid 106003
246 tid 106003
Insert  tid 106003
FindTargetPageId rootid 3 tid 106003
target_page_id id: 8 tid 106003
0 1 tid 106003
135 4 tid 106003
335 5 tid 106003
746 8 tid 106003
246 tid 106003
Insert  tid 106003
FindTargetPageId rootid 3 tid 106003
target_page_id id: 8 tid 106003
0 1 tid 106003
135 4 tid 106003
335 5 tid 106003
746 8 tid 106003
246 tid 106003
Insert  tid 106003
FindTargetPageId rootid 3 tid 106003
target_page_id id: 8 tid 106003
0 1 tid 106003
135 4 tid 106003
335 5 tid 106003
746 8 tid 106003
246 tid 106003
Insert  tid 106003
FindTargetPageId rootid 3 tid 106003
target_page_id id: 8 tid 106003
0 1 tid 106003
135 4 tid 106003
335 5 tid 106003
746 8 tid 106003
246 tid 106003
Insert  tid 106003
FindTargetPageId rootid 3 tid 106003
target_page_id id: 8 tid 106003
0 1 tid 106003
135 4 tid 106003
335 5 tid 106003
746 8 tid 106003
246 tid 106003
Insert  tid 106003
FindTargetPageId rootid 3 tid 106003
target_page_id id: 8 tid 106003
0 1 tid 106003
135 4 tid 106003
335 5 tid 106003
746 8 tid 106003
246 tid 106003
Insert  tid 106003
FindTargetPageId rootid 3 tid 106004
target_page_id id: 8 tid 106004
0 1 tid 106004
135 4 tid 106004
335 5 tid 106004
746 8 tid 106004
246 tid 106004
Remove  tid 106004
FindTargetPageId rootid 3 tid 106004
target_page_id id: 8 tid 106004
0 1 tid 106004
135 4 tid 106004
335 5 tid 106004
746 8 tid 106004
245 tid 106004
Remove  tid 106004
FindTargetPageId rootid 3 tid 106004
target_page_id id: 8 tid 106004
0 1 tid 106004
135 4 tid 106004
335 5 tid 106004
746 8 tid 106004
244 tid 106004
Remove  tid 106004
FindTargetPageId rootid 3 tid 106004
target_page_id id: 8 tid 106004
0 1 tid 106004
135 4 tid 106004
335 5 tid 106004
746 8 tid 106004
243 tid 106004
Remove  tid 106004
FindTargetPageId rootid 3 tid 106004
target_page_id id: 8 tid 106004
0 1 tid 106004
135 4 tid 106004
335 5 tid 106004
746 8 tid 106004
242 tid 106004
Remove  tid 106004
FindTargetPageId rootid 3 tid 106004
target_page_id id: 8 tid 106004
0 1 tid 106004
135 4 tid 106004
335 5 tid 106004
746 8 tid 106004
241 tid 106004
Remove  tid 106004
FindTargetPageId rootid 3 tid 106004
target_page_id id: 8 tid 106004
0 1 tid 106004
135 4 tid 106004
335 5 tid 106004
746 8 tid 106004
240 tid 106004
Remove  tid 106004
FindTargetPageId rootid 3 tid 106004
target_page_id id: 8 tid 106004
0 1 tid 106004
135 4 tid 106004
335 5 tid 106004
746 8 tid 106004
239 tid 106004
Remove  tid 106004
FindTargetPageId rootid 3 tid 106004
target_page_id id: 8 tid 106004
0 1 tid 106004
135 4 tid 106004
335 5 tid 106004
746 8 tid 106004
238 tid 106004
Remove  tid 106004
FindTargetPageId rootid 3 tid 106004
target_page_id id: 8 tid 106004
0 1 tid 106004
135 4 tid 106004
335 5 tid 106004
746 8 tid 106004
237 tid 106004
Remove  tid 106004
FindTargetPageId rootid 3 tid 106004
target_page_id id: 8 tid 106004
0 1 tid 106004
135 4 tid 106004
335 5 tid 106004
746 8 tid 106004
236 tid 106004
Remove  tid 106004
FindTargetPageId rootid 3 tid 106004
target_page_id id: 8 tid 106004
0 1 tid 106004
135 4 tid 106004
335 5 tid 106004
746 8 tid 106004
235 tid 106004
Remove  tid 106004
FindTargetPageId rootid 3 tid 106003
target_page_id id: 8 tid 106003
0 1 tid 106003
135 4 tid 106003
335 5 tid 106003
746 8 tid 106003
234 tid 106003
Insert  tid 106003
FindTargetPageId rootid 3 tid 106004
target_page_id id: 8 tid 106004
0 1 tid 106004
135 4 tid 106004
335 5 tid 106004
746 8 tid 106004
235 tid 106004
Remove  tid 106004
FindTargetPageId rootid 3 tid 106004
target_page_id id: 8 tid 106004
0 1 tid 106004
135 4 tid 106004
335 5 tid 106004
746 8 tid 106004
234 tid 106004
Remove  tid 106004
FindTargetPageId rootid 3 tid 106004
target_page_id id: 8 tid 106004
0 1 tid 106004
135 4 tid 106004
335 5 tid 106004
746 8 tid 106004
233 tid 106004
Remove  tid 106004
FindTargetPageId rootid 3 tid 106004
target_page_id id: 8 tid 106004
0 1 tid 106004
135 4 tid 106004
335 5 tid 106004
746 8 tid 106004
232 tid 106004
Remove  tid 106004
FindTargetPageId rootid 3 tid 106004
target_page_id id: 8 tid 106004
0 1 tid 106004
135 4 tid 106004
335 5 tid 106004
746 8 tid 106004
231 tid 106004
Remove  tid 106004
FindTargetPageId rootid 3 tid 106004
target_page_id id: 8 tid 106004
0 1 tid 106004
135 4 tid 106004
335 5 tid 106004
746 8 tid 106004
230 tid 106004
Remove  tid 106004
FindTargetPageId rootid 3 tid 106004
target_page_id id: 8 tid 106004
0 1 tid 106004
135 4 tid 106004
335 5 tid 106004
746 8 tid 106004
229 tid 106004
Remove  tid 106004
FindTargetPageId rootid 3 tid 106004
target_page_id id: 8 tid 106004
0 1 tid 106004
135 4 tid 106004
335 5 tid 106004
746 8 tid 106004
228 tid 106004
Remove  tid 106004
FindTargetPageId rootid 3 tid 106004
target_page_id id: 8 tid 106004
0 1 tid 106004
135 4 tid 106004
335 5 tid 106004
746 8 tid 106004
227 tid 106004
Remove  tid 106004
FindTargetPageId rootid 3 tid 106004
target_page_id id: 8 tid 106004
0 1 tid 106004
135 4 tid 106004
335 5 tid 106004
746 8 tid 106004
226 tid 106004
Remove  tid 106004
FindTargetPageId rootid 3 tid 106004
target_page_id id: 8 tid 106004
0 1 tid 106004
135 4 tid 106004
335 5 tid 106004
746 8 tid 106004
225 tid 106004
Remove  tid 106004
FindTargetPageId rootid 3 tid 106004
target_page_id id: 8 tid 106004
0 1 tid 106004
135 4 tid 106004
335 5 tid 106004
746 8 tid 106004
224 tid 106004
Remove  tid 106004
FindTargetPageId rootid 3 tid 106004
target_page_id id: 8 tid 106004
0 1 tid 106004
135 4 tid 106004
335 5 tid 106004
746 8 tid 106004
223 tid 106004
Remove  tid 106004
FindTargetPageId rootid 3 tid 106004
target_page_id id: 8 tid 106004
0 1 tid 106004
135 4 tid 106004
335 5 tid 106004
746 8 tid 106004
222 tid 106004
Remove  tid 106004
FindTargetPageId rootid 3 tid 106004
target_page_id id: 8 tid 106004
0 1 tid 106004
135 4 tid 106004
335 5 tid 106004
746 8 tid 106004
221 tid 106004
Remove  tid 106004
FindTargetPageId rootid 3 tid 106004
target_page_id id: 8 tid 106004
0 1 tid 106004
135 4 tid 106004
335 5 tid 106004
746 8 tid 106004
220 tid 106004
Remove  tid 106004
FindTargetPageId rootid 3 tid 106004
target_page_id id: 8 tid 106004
0 1 tid 106004
135 4 tid 106004
335 5 tid 106004
746 8 tid 106004
219 tid 106004
Remove  tid 106004
FindTargetPageId rootid 3 tid 106004
target_page_id id: 8 tid 106004
0 1 tid 106004
135 4 tid 106004
335 5 tid 106004
746 8 tid 106004
218 tid 106004
Remove  tid 106004
FindTargetPageId rootid 3 tid 106004
target_page_id id: 8 tid 106004
0 1 tid 106004
135 4 tid 106004
335 5 tid 106004
746 8 tid 106004
217 tid 106004
Remove  tid 106004
FindTargetPageId rootid 3 tid 106004
target_page_id id: 8 tid 106004
0 1 tid 106004
135 4 tid 106004
335 5 tid 106004
746 8 tid 106004
216 tid 106004
Remove  tid 106004
FindTargetPageId rootid 3 tid 106004
target_page_id id: 8 tid 106004
0 1 tid 106004
135 4 tid 106004
335 5 tid 106004
746 8 tid 106004
215 tid 106004
Remove  tid 106004
FindTargetPageId rootid 3 tid 106004
target_page_id id: 8 tid 106004
0 1 tid 106004
135 4 tid 106004
335 5 tid 106004
746 8 tid 106004
214 tid 106004
Remove  tid 106004
FindTargetPageId rootid 3 tid 106004
target_page_id id: 8 tid 106004
0 1 tid 106004
135 4 tid 106004
335 5 tid 106004
746 8 tid 106004
213 tid 106004
Remove  tid 106004
FindTargetPageId rootid 3 tid 106004
target_page_id id: 8 tid 106004
0 1 tid 106004
135 4 tid 106004
335 5 tid 106004
746 8 tid 106004
212 tid 106004
Remove  tid 106004
FindTargetPageId rootid 3 tid 106004
target_page_id id: 8 tid 106004
0 1 tid 106004
135 4 tid 106004
335 5 tid 106004
746 8 tid 106004
211 tid 106004
Remove  tid 106004
FindTargetPageId rootid 3 tid 106004
target_page_id id: 8 tid 106004
0 1 tid 106004
135 4 tid 106004
335 5 tid 106004
746 8 tid 106004
210 tid 106004
Remove  tid 106004
FindTargetPageId rootid 3 tid 106004
target_page_id id: 8 tid 106004
0 1 tid 106004
135 4 tid 106004
335 5 tid 106004
746 8 tid 106004
209 tid 106004
Remove  tid 106004
FindTargetPageId rootid 3 tid 106004
target_page_id id: 8 tid 106004
0 1 tid 106004
135 4 tid 106004
335 5 tid 106004
746 8 tid 106004
208 tid 106004
Remove  tid 106004
FindTargetPageId rootid 3 tid 106004
target_page_id id: 8 tid 106004
0 1 tid 106004
135 4 tid 106004
335 5 tid 106004
746 8 tid 106004
207 tid 106004
Remove  tid 106004
FindTargetPageId rootid 3 tid 106004
target_page_id id: 8 tid 106004
0 1 tid 106004
135 4 tid 106004
335 5 tid 106004
746 8 tid 106004
206 tid 106004
Remove  tid 106004
FindTargetPageId rootid 3 tid 106004
target_page_id id: 8 tid 106004
0 1 tid 106004
135 4 tid 106004
335 5 tid 106004
746 8 tid 106004
205 tid 106004
Remove  tid 106004
FindTargetPageId rootid 3 tid 106004
target_page_id id: 8 tid 106004
0 1 tid 106004
135 4 tid 106004
335 5 tid 106004
746 8 tid 106004
204 tid 106004
Remove  tid 106004
FindTargetPageId rootid 3 tid 106004
target_page_id id: 8 tid 106004
0 1 tid 106004
135 4 tid 106004
335 5 tid 106004
746 8 tid 106004
203 tid 106004
Remove  tid 106004
FindTargetPageId rootid 3 tid 106004
target_page_id id: 8 tid 106004
0 1 tid 106004
135 4 tid 106004
335 5 tid 106004
746 8 tid 106004
202 tid 106004
Remove  tid 106004
FindTargetPageId rootid 3 tid 106004
target_page_id id: 8 tid 106004
0 1 tid 106004
135 4 tid 106004
335 5 tid 106004
746 8 tid 106004
201 tid 106004
Remove  tid 106004
FindTargetPageId rootid 3 tid 106004
target_page_id id: 8 tid 106004
0 1 tid 106004
135 4 tid 106004
335 5 tid 106004
746 8 tid 106004
200 tid 106004
Remove  tid 106004
FindTargetPageId rootid 3 tid 106003
target_page_id id: 8 tid 106003
0 1 tid 106003
135 4 tid 106003
335 5 tid 106003
746 8 tid 106003
199 tid 106003
Insert  tid 106003
FindTargetPageId rootid 3 tid 106003
target_page_id id: 8 tid 106003
0 1 tid 106003
135 4 tid 106003
335 5 tid 106003
746 8 tid 106003
200 tid 106003
Insert  tid 106003
FindTargetPageId rootid 3 tid 106003
target_page_id id: 8 tid 106003
0 1 tid 106003
135 4 tid 106003
335 5 tid 106003
746 8 tid 106003
201 tid 106003
Insert  tid 106003
FindTargetPageId rootid 3 tid 106004
target_page_id id: 8 tid 106004
0 1 tid 106004
135 4 tid 106004
335 5 tid 106004
746 8 tid 106004
202 tid 106004
Remove  tid 106004
FindTargetPageId rootid 3 tid 106004
target_page_id id: 8 tid 106004
0 1 tid 106004
135 4 tid 106004
335 5 tid 106004
746 8 tid 106004
201 tid 106004
Remove  tid 106004
FindTargetPageId rootid 3 tid 106004
target_page_id id: 8 tid 106004
0 1 tid 106004
135 4 tid 106004
335 5 tid 106004
746 8 tid 106004
200 tid 106004
Remove  tid 106004
FindTargetPageId rootid 3 tid 106003
target_page_id id: 8 tid 106003
0 1 tid 106003
135 4 tid 106003
335 5 tid 106003
746 8 tid 106003
199 tid 106003
Insert  tid 106003
FindTargetPageId rootid 3 tid 106004
target_page_id id: 8 tid 106004
0 1 tid 106004
135 4 tid 106004
335 5 tid 106004
746 8 tid 106004
200 tid 106004
Remove  tid 106004
FindTargetPageId rootid 3 tid 106004
target_page_id id: 8 tid 106004
0 1 tid 106004
135 4 tid 106004
335 5 tid 106004
746 8 tid 106004
199 tid 106004
Remove  tid 106004
FindTargetPageId rootid 3 tid 106004
target_page_id id: 8 tid 106004
0 1 tid 106004
135 4 tid 106004
335 5 tid 106004
746 8 tid 106004
198 tid 106004
Remove  tid 106004
FindTargetPageId rootid 3 tid 106003
target_page_id id: 8 tid 106003
0 1 tid 106003
135 4 tid 106003
335 5 tid 106003
746 8 tid 106003
197 tid 106003
FindTargetPageId rootid 3 tid 106004
target_page_id id: 8 tid 106004
0 1 tid 106004
135 4 tid 106004
335 5 tid 106004
746 8 tid 106004
198 tid 106004
Insert  tid 106003
Remove  tid 106004
FindTargetPageId rootid 3 tid 106003
target_page_id id: 8 tid 106003
0 1 tid 106003
135 4 tid 106003
335 5 tid 106003
746 8 tid 106003
197 tid 106003
Insert  tid 106003
FindTargetPageId rootid 3 tid 106003
target_page_id id: 8 tid 106003
0 1 tid 106003
135 4 tid 106003
335 5 tid 106003
746 8 tid 106003
198 tid 106003
Insert  tid 106003
FindTargetPageId rootid 3 tid 106004
target_page_id id: 8 tid 106004
0 1 tid 106004
135 4 tid 106004
335 5 tid 106004
746 8 tid 106004
199 tid 106004
Remove  tid 106004
FindTargetPageId rootid 3 tid 106003
target_page_id id: 8 tid 106003
0 1 tid 106003
135 4 tid 106003
335 5 tid 106003
746 8 tid 106003
198 tid 106003
Insert  tid 106003
FindTargetPageId rootid 3 tid 106003
target_page_id id: 8 tid 106003
0 1 tid 106003
135 4 tid 106003
335 5 tid 106003
746 8 tid 106003
199 tid 106003
Insert  tid 106003
FindTargetPageId rootid 3 tid 106003
target_page_id id: 8 tid 106003
0 1 tid 106003
135 4 tid 106003
335 5 tid 106003
746 8 tid 106003
200 tid 106003
Insert  tid 106003
FindTargetPageId rootid 3 tid 106003
target_page_id id: 8 tid 106003
0 1 tid 106003
135 4 tid 106003
335 5 tid 106003
746 8 tid 106003
201 tid 106003
Insert  tid 106003
FindTargetPageId rootid 3 tid 106003
target_page_id id: 8 tid 106003
0 1 tid 106003
135 4 tid 106003
335 5 tid 106003
746 8 tid 106003
202 tid 106003
Insert  tid 106003
FindTargetPageId rootid 3 tid 106003
target_page_id id: 8 tid 106003
0 1 tid 106003
135 4 tid 106003
335 5 tid 106003
746 8 tid 106003
203 tid 106003
Insert  tid 106003
FindTargetPageId rootid 3 tid 106004
target_page_id id: 8 tid 106004
0 1 tid 106004
135 4 tid 106004
335 5 tid 106004
746 8 tid 106004
204 tid 106004
Remove  tid 106004
FindTargetPageId rootid 3 tid 106004
target_page_id id: 8 tid 106004
0 1 tid 106004
135 4 tid 106004
335 5 tid 106004
746 8 tid 106004
203 tid 106004
Remove  tid 106004
FindTargetPageId rootid 3 tid 106004
target_page_id id: 8 tid 106004
0 1 tid 106004
135 4 tid 106004
335 5 tid 106004
746 8 tid 106004
202 tid 106004
Remove  tid 106004
FindTargetPageId rootid 3 tid 106004
target_page_id id: 8 tid 106004
0 1 tid 106004
135 4 tid 106004
335 5 tid 106004
746 8 tid 106004
201 tid 106004
FindTargetPageId rootid 3 tid 106003
target_page_id id: 8 tid 106003
0 1 tid 106003
135 4 tid 106003
335 5 tid 106003
746 8 tid 106003
200 tid 106003
Insert  tid 106003
Remove  tid 106004
FindTargetPageId rootid 3 tid 106003
target_page_id id: 8 tid 106003
0 1 tid 106003
135 4 tid 106003
335 5 tid 106003
746 8 tid 106003
201 tid 106003
Insert  tid 106003
FindTargetPageId rootid 3 tid 106003
target_page_id id: 8 tid 106003
0 1 tid 106003
135 4 tid 106003
335 5 tid 106003
746 8 tid 106003
202 tid 106003
Insert  tid 106003
FindTargetPageId rootid 3 tid 106003
target_page_id id: 8 tid 106003
0 1 tid 106003
135 4 tid 106003
335 5 tid 106003
746 8 tid 106003
203 tid 106003
Insert  tid 106003
FindTargetPageId rootid 3 tid 106003
target_page_id id: 8 tid 106003
0 1 tid 106003
135 4 tid 106003
335 5 tid 106003
746 8 tid 106003
204 tid 106003
Insert  tid 106003
FindTargetPageId rootid 3 tid 106003
target_page_id id: 8 tid 106003
0 1 tid 106003
135 4 tid 106003
335 5 tid 106003
746 8 tid 106003
205 tid 106003
Insert  tid 106003
FindTargetPageId rootid 3 tid 106003
target_page_id id: 8 tid 106003
0 1 tid 106003
135 4 tid 106003
335 5 tid 106003
746 8 tid 106003
206 tid 106003
Insert  tid 106003
FindTargetPageId rootid 3 tid 106003
target_page_id id: 8 tid 106003
0 1 tid 106003
135 4 tid 106003
335 5 tid 106003
746 8 tid 106003
207 tid 106003
Insert  tid 106003
FindTargetPageId rootid 3 tid 106003
target_page_id id: 8 tid 106003
0 1 tid 106003
135 4 tid 106003
335 5 tid 106003
746 8 tid 106003
208 tid 106003
FindTargetPageId rootid 3 tid 106004
target_page_id id: 8 tid 106004
0 1 tid 106004
135 4 tid 106004
335 5 tid 106004
746 8 tid 106004
209 tid 106004
Remove  tid 106004
Insert FindTargetPageId rootid 3 tid 106004
target_page_id id: 8 tid 106004
0 tid  1 tid 106004
135 4 tid 106004
335 5 tid 106004
746 8 tid 106004
106003
208 tid 106004
Remove  tid 106004
FindTargetPageId rootid 3 tid 106003
target_page_id id: 8 tid 106003
0 1 tid 106003
135 4 tid 106003
335 5 tid 106003
746 8 tid 106003
207 tid 106003
Insert  tid 106003
FindTargetPageId rootid 3 tid 106004
target_page_id id: 8 tid 106004
0 1 tid 106004
135 4 tid 106004
335 5 tid 106004
746 8 tid 106004
208 tid 106004
FindTargetPageId rootid 3 tid 106003
target_page_id id: 8 tid 106003
0 1 tid 106003
135 4 tid 106003
335 5 tid 106003
746 8 tid 106003
207 tid 106003
Remove  tid 106004
Insert  tid FindTargetPageId rootid 3106003
 tid 106004
target_page_id id: 8 tid 106004
0 1 tid 106004
135 4 tid 106004
335 5 tid 106004
746 8 tid 106004
208 tid 106004
Remove  tid 106004
FindTargetPageId rootid 3 tid 106004
target_page_id id: 8 tid 106004
0 1 tid 106004
135 4 tid 106004
335 5 tid 106004
746 8 tid 106004
207 tid 106004
Remove  tid 106004
FindTargetPageId rootid 3 tid 106004
target_page_id id: 8 tid 106004
0 1 tid 106004
135 4 tid 106004
335 5 tid 106004
746 8 tid 106004
206 tid 106004
Remove  tid 106004
FindTargetPageId rootid 3 tid 106004
target_page_id id: 8 tid 106004
0 1 tid 106004
135 4 tid 106004
335 5 tid 106004
746 8 tid 106004
205 tid 106004
Remove  tid 106004
FindTargetPageId rootid 3 tid 106004
target_page_id id: 8 tid 106004
0 1 tid 106004
135 4 tid 106004
335 5 tid 106004
746 8 tid 106004
204 tid 106004
Remove  tid 106004
FindTargetPageId rootid 3 tid 106004
target_page_id id: 8 tid 106004
0 1 tid 106004
135 4 tid 106004
335 5 tid 106004
746 8 tid 106004
203 tid 106004
Remove  tid 106004
FindTargetPageId rootid 3 tid 106004
target_page_id id: 8 tid 106004
0 1 tid 106004
135 4 tid 106004
335 5 tid 106004
746 8 tid 106004
202 tid 106004
Remove  tid 106004
FindTargetPageId rootid 3 tid 106004
target_page_id id: 8 tid 106004
0 1 tid 106004
135 4 tid 106004
335 5 tid 106004
746 8 tid 106004
201 tid 106004
Remove  tid 106004
FindTargetPageId rootid 3 tid 106004
target_page_id id: 8 tid 106004
0 1 tid 106004
135 4 tid 106004
335 5 tid 106004
746 8 tid 106004
200 tid 106004
Remove  tid 106004
FindTargetPageId rootid 3 tid 106004
target_page_id id: 8 tid 106004
0 1 tid 106004
135 4 tid 106004
335 5 tid 106004
746 8 tid 106004
199 tid 106004
Remove  tid 106004
FindTargetPageId rootid 3 tid 106003
target_page_id id: 8 tid 106003
0 1 tid 106003
135 4 tid 106003
335 5 tid 106003
746 8 tid 106003
198 tid 106003
Insert  tid 106003
FindTargetPageId rootid 3 tid 106003
target_page_id id: 8 tid 106003
0 1 tid 106003
135 4 tid 106003
335 5 tid 106003
746 8 tid 106003
199 tid 106003
Insert  tid 106003
FindTargetPageId rootid 3 tid 106004
target_page_id id: 8 tid 106004
0 1 tid 106004
135 4 tid 106004
335 5 tid 106004
746 8 tid 106004
200 tid 106004
Remove  tid 106004
FindTargetPageId rootid 3 tid 106004
target_page_id id: 8 tid 106004
0 1 tid 106004
135 4 tid 106004
335 5 tid 106004
746 8 tid 106004
199 tid 106004
Remove  tid 106004
FindTargetPageId rootid 3 tid 106004
target_page_id id: 8 tid 106004
0 1 tid 106004
135 4 tid 106004
335 5 tid 106004
746 8 tid 106004
198 tid 106004
Remove  tid 106004
FindTargetPageId rootid 3 tid 106004
target_page_id id: 8 tid 106004
0 1 tid 106004
135 4 tid 106004
335 5 tid 106004
746 8 tid 106004
197 tid 106004
Remove  tid 106004
FindTargetPageId rootid 3 tid 106004
target_page_id id: 8 tid 106004
0 1 tid 106004
135 4 tid 106004
335 5 tid 106004
746 8 tid 106004
196 tid 106004
Remove  tid 106004
FindTargetPageId rootid 3 tid 106004
target_page_id id: 8 tid 106004
0 1 tid 106004
135 4 tid 106004
335 5 tid 106004
746 8 tid 106004
195 tid 106004
Remove  tid 106004
FindTargetPageId rootid 3 tid 106004
target_page_id id: 8 tid 106004
0 1 tid 106004
135 4 tid 106004
335 5 tid 106004
746 8 tid 106004
194 tid 106004
Remove  tid 106004
FindTargetPageId rootid 3 tid 106004
target_page_id id: 8 tid 106004
0 1 tid 106004
135 4 tid 106004
335 5 tid 106004
746 8 tid 106004
193 tid 106004
Remove  tid 106004
FindTargetPageId rootid 3 tid 106004
target_page_id id: 8 tid 106004
0 1 tid 106004
135 4 tid 106004
335 5 tid 106004
746 8 tid 106004
192 tid 106004
Remove  tid 106004
FindTargetPageId rootid 3 tid 106004
target_page_id id: 8 tid 106004
0 1 tid 106004
135 4 tid 106004
335 5 tid 106004
746 8 tid 106004
191 tid 106004
Remove  tid 106004
FindTargetPageId rootid 3 tid 106004
target_page_id id: 8 tid 106004
0 1 tid 106004
135 4 tid 106004
335 5 tid 106004
746 8 tid 106004
190 tid 106004
Remove  tid 106004
FindTargetPageId rootid 3 tid 106004
target_page_id id: 8 tid 106004
0 1 tid 106004
135 4 tid 106004
335 5 tid 106004
746 8 tid 106004
189 tid 106004
Remove  tid 106004
FindTargetPageId rootid 3 tid 106004
target_page_id id: 8 tid 106004
0 1 tid 106004
135 4 tid 106004
335 5 tid 106004
746 8 tid 106004
188 tid 106004
Remove  tid 106004
FindTargetPageId rootid 3 tid 106004
target_page_id id: 8 tid 106004
0 1 tid 106004
135 4 tid 106004
335 5 tid 106004
746 8 tid 106004
187 tid 106004
Remove  tid 106004
FindTargetPageId rootid 3 tid 106004
target_page_id id: 8 tid 106004
0 1 tid 106004
135 4 tid 106004
335 5 tid 106004
746 8 tid 106004
186 tid 106004
Remove  tid 106004
FindTargetPageId rootid 3 tid 106004
target_page_id id: 8 tid 106004
0 1 tid 106004
135 4 tid 106004
335 5 tid 106004
746 8 tid 106004
185 tid 106004
Remove  tid 106004
FindTargetPageId rootid 3 tid 106004
target_page_id id: 8 tid 106004
0 1 tid 106004
135 4 tid 106004
335 5 tid 106004
746 8 tid 106004
184 tid 106004
Remove  tid 106004
FindTargetPageId rootid 3 tid 106004
target_page_id id: 8 tid 106004
0 1 tid 106004
135 4 tid 106004
335 5 tid 106004
746 8 tid 106004
183 tid 106004
Remove  tid 106004
FindTargetPageId rootid 3 tid 106004
target_page_id id: 8 tid 106004
0 1 tid 106004
135 4 tid 106004
335 5 tid 106004
746 8 tid 106004
182 tid 106004
Remove  tid 106004
FindTargetPageId rootid 3 tid 106004
target_page_id id: 8 tid 106004
0 1 tid 106004
135 4 tid 106004
335 5 tid 106004
746 8 tid 106004
181 tid 106004
Remove  tid 106004
FindTargetPageId rootid 3 tid 106004
target_page_id id: 8 tid 106004
0 1 tid 106004
135 4 tid 106004
335 5 tid 106004
746 8 tid 106004
180 tid 106004
Remove  tid 106004
FindTargetPageId rootid 3 tid 106004
target_page_id id: 8 tid 106004
0 1 tid 106004
135 4 tid 106004
335 5 tid 106004
746 8 tid 106004
179 tid 106004
Remove  tid 106004
FindTargetPageId rootid 3 tid 106004
target_page_id id: 8 tid 106004
0 1 tid 106004
135 4 tid 106004
335 5 tid 106004
746 8 tid 106004
178 tid 106004
Remove  tid 106004
FindTargetPageId rootid 3 tid 106004
target_page_id id: 8 tid 106004
0 1 tid 106004
135 4 tid 106004
335 5 tid 106004
746 8 tid 106004
177 tid 106004
Remove  tid 106004
FindTargetPageId rootid 3 tid 106004
target_page_id id: 8 tid 106004
0 1 tid 106004
135 4 tid 106004
335 5 tid 106004
746 8 tid 106004
176 tid 106004
Remove  tid 106004
FindTargetPageId rootid 3 tid 106004
target_page_id id: 8 tid 106004
0 1 tid 106004
135 4 tid 106004
335 5 tid 106004
746 8 tid 106004
175 tid 106004
Remove  tid 106004
FindTargetPageId rootid 3 tid 106004
target_page_id id: 8 tid 106004
0 1 tid 106004
135 4 tid 106004
335 5 tid 106004
746 8 tid 106004
174 tid 106004
Remove  tid 106004
FindTargetPageId rootid 3 tid 106004
target_page_id id: 8 tid 106004
0 1 tid 106004
135 4 tid 106004
335 5 tid 106004
746 8 tid 106004
173 tid 106004
Remove  tid 106004
FindTargetPageId rootid 3 tid 106004
target_page_id id: 8 tid 106004
0 1 tid 106004
135 4 tid 106004
335 5 tid 106004
746 8 tid 106004
172 tid 106004
Remove  tid 106004
FindTargetPageId rootid 3 tid 106004
target_page_id id: 8 tid 106004
0 1 tid 106004
135 4 tid 106004
335 5 tid 106004
746 8 tid 106004
171 tid 106004
Remove  tid 106004
FindTargetPageId rootid 3 tid 106004
target_page_id id: 8 tid 106004
0 1 tid 106004
135 4 tid 106004
335 5 tid 106004
746 8 tid 106004
170 tid 106004
Remove  tid 106004
FindTargetPageId rootid 3 tid 106004
target_page_id id: 8 tid 106004
0 1 tid 106004
135 4 tid 106004
335 5 tid 106004
746 8 tid 106004
169 tid 106004
Remove  tid 106004
FindTargetPageId rootid 3 tid 106004
target_page_id id: 8 tid 106004
0 1 tid 106004
135 4 tid 106004
335 5 tid 106004
746 8 tid 106004
168 tid 106004
Remove  tid 106004
FindTargetPageId rootid 3 tid 106004
target_page_id id: 8 tid 106004
0 1 tid 106004
135 4 tid 106004
335 5 tid 106004
746 8 tid 106004
167 tid 106004
Remove  tid 106004
FindTargetPageId rootid 3 tid 106004
target_page_id id: 8 tid 106004
0 1 tid 106004
135 4 tid 106004
335 5 tid 106004
746 8 tid 106004
166 tid 106004
Remove  tid 106004
FindTargetPageId rootid 3 tid 106004
target_page_id id: 8 tid 106004
0 1 tid 106004
135 4 tid 106004
335 5 tid 106004
746 8 tid 106004
165 tid 106004
Remove  tid 106004
FindTargetPageId rootid 3 tid 106004
target_page_id id: 8 tid 106004
0 1 tid 106004
135 4 tid 106004
335 5 tid 106004
746 8 tid 106004
164 tid 106004
Remove  tid 106004
FindTargetPageId rootid 3 tid 106004
target_page_id id: 8 tid 106004
0 1 tid 106004
135 4 tid 106004
335 5 tid 106004
746 8 tid 106004
163 tid 106004
Remove  tid 106004
FindTargetPageId rootid 3 tid 106004
target_page_id id: 8 tid 106004
0 1 tid 106004
135 4 tid 106004
335 5 tid 106004
746 8 tid 106004
162 tid 106004
Remove  tid 106004
FindTargetPageId rootid 3 tid 106004
target_page_id id: 8 tid 106004
0 1 tid 106004
135 4 tid 106004
335 5 tid 106004
746 8 tid 106004
161 tid 106004
Remove  tid 106004
FindTargetPageId rootid 3 tid 106004
target_page_id id: 8 tid 106004
0 1 tid 106004
135 4 tid 106004
335 5 tid 106004
746 8 tid 106004
160 tid 106004
Remove  tid 106004
FindTargetPageId rootid 3 tid 106004
target_page_id id: 8 tid 106004
0 1 tid 106004
135 4 tid 106004
335 5 tid 106004
746 8 tid 106004
159 tid 106004
Remove  tid 106004
FindTargetPageId rootid 3 tid 106004
target_page_id id: 8 tid 106004
0 1 tid 106004
135 4 tid 106004
335 5 tid 106004
746 8 tid 106004
158 tid 106004
Remove  tid 106004
FindTargetPageId rootid 3 tid 106004
target_page_id id: 8 tid 106004
0 1 tid 106004
135 4 tid 106004
335 5 tid 106004
746 8 tid 106004
157 tid 106004
Remove  tid 106004
FindTargetPageId rootid 3 tid 106004
target_page_id id: 8 tid 106004
0 1 tid 106004
135 4 tid 106004
335 5 tid 106004
746 8 tid 106004
156 tid 106004
Remove  tid 106004
FindTargetPageId rootid 3 tid 106004
target_page_id id: 8 tid 106004
0 1 tid 106004
135 4 tid 106004
335 5 tid 106004
746 8 tid 106004
155 tid 106004
Remove  tid 106004
FindTargetPageId rootid 3 tid 106004
target_page_id id: 8 tid 106004
0 1 tid 106004
135 4 tid 106004
335 5 tid 106004
746 8 tid 106004
154 tid 106004
Remove  tid 106004
FindTargetPageId rootid 3 tid 106004
target_page_id id: 8 tid 106004
0 1 tid 106004
135 4 tid 106004
335 5 tid 106004
746 8 tid 106004
153 tid 106004
Remove  tid 106004
FindTargetPageId rootid 3 tid 106004
target_page_id id: 8 tid 106004
0 1 tid 106004
135 4 tid 106004
335 5 tid 106004
746 8 tid 106004
152 tid 106004
Remove  tid 106004
FindTargetPageId rootid 3 tid 106004
target_page_id id: 8 tid 106004
0 1 tid 106004
135 4 tid 106004
335 5 tid 106004
746 8 tid 106004
151 tid 106004
Remove  tid 106004
FindTargetPageId rootid 3 tid 106004
target_page_id id: 8 tid 106004
0 1 tid 106004
135 4 tid 106004
335 5 tid 106004
746 8 tid 106004
150 tid 106004
Remove  tid 106004
FindTargetPageId rootid 3 tid 106004
target_page_id id: 8 tid 106004
0 1 tid 106004
135 4 tid 106004
335 5 tid 106004
746 8 tid 106004
149 tid 106004
Remove  tid 106004
FindTargetPageId rootid 3 tid 106004
target_page_id id: 8 tid 106004
0 1 tid 106004
135 4 tid 106004
335 5 tid 106004
746 8 tid 106004
148 tid 106004
Remove  tid 106004
FindTargetPageId rootid 3 tid 106004
target_page_id id: 8 tid 106004
0 1 tid 106004
135 4 tid 106004
335 5 tid 106004
746 8 tid 106004
147 tid 106004
Remove  tid 106004
FindTargetPageId rootid 3 tid 106004
target_page_id id: 8 tid 106004
0 1 tid 106004
135 4 tid 106004
335 5 tid 106004
746 8 tid 106004
146 tid 106004
Remove  tid 106004
FindTargetPageId rootid 3 tid 106004
target_page_id id: 8 tid 106004
0 1 tid 106004
135 4 tid 106004
335 5 tid 106004
746 8 tid 106004
145 tid 106004
Remove  tid 106004
FindTargetPageId rootid 3 tid 106004
target_page_id id: 8 tid 106004
0 1 tid 106004
135 4 tid 106004
335 5 tid 106004
746 8 tid 106004
144 tid 106004
Remove  tid 106004
FindTargetPageId rootid 3 tid 106004
target_page_id id: 8 tid 106004
0 1 tid 106004
135 4 tid 106004
335 5 tid 106004
746 8 tid 106004
143 tid 106004
Remove  tid 106004
FindTargetPageId rootid 3 tid 106004
target_page_id id: 8 tid 106004
0 1 tid 106004
135 4 tid 106004
335 5 tid 106004
746 8 tid 106004
142 tid 106004
Remove  tid 106004
FindTargetPageId rootid 3 tid 106004
target_page_id id: 8 tid 106004
0 1 tid 106004
135 4 tid 106004
335 5 tid 106004
746 8 tid 106004
141 tid 106004
Remove  tid 106004
FindTargetPageId rootid 3 tid 106004
target_page_id id: 8 tid 106004
0 1 tid 106004
135 4 tid 106004
335 5 tid 106004
746 8 tid 106004
140 tid 106004
Remove  tid 106004
FindTargetPageId rootid 3 tid 106004
target_page_id id: 8 tid 106004
0 1 tid 106004
135 4 tid 106004
335 5 tid 106004
746 8 tid 106004
139 tid 106004
Remove  tid 106004
FindTargetPageId rootid 3 tid 106004
target_page_id id: 8 tid 106004
0 1 tid 106004
135 4 tid 106004
335 5 tid 106004
746 8 tid 106004
138 tid 106004
Remove  tid 106004
FindTargetPageId rootid 3 tid 106004
target_page_id id: 8 tid 106004
0 1 tid 106004
135 4 tid 106004
335 5 tid 106004
746 8 tid 106004
137 tid 106004
Remove  tid 106004
FindTargetPageId rootid 3 tid 106004
target_page_id id: 8 tid 106004
0 1 tid 106004
135 4 tid 106004
335 5 tid 106004
746 8 tid 106004
136 tid 106004
Remove  tid 106004
FindTargetPageId rootid 3 tid 106004
target_page_id id: 8 tid 106004
0 1 tid 106004
135 4 tid 106004
335 5 tid 106004
746 8 tid 106004
135 tid 106004
Remove  tid 106004
FindTargetPageId rootid 3 tid 106004
target_page_id id: 8 tid 106004
0 1 tid 106004
135 4 tid 106004
335 5 tid 106004
746 8 tid 106004
134 tid 106004
Remove  tid 106004
FindTargetPageId rootid 3 tid 106004
target_page_id id: 8 tid 106004
0 1 tid 106004
135 4 tid 106004
335 5 tid 106004
746 8 tid 106004
133 tid 106004
Remove  tid 106004
FindTargetPageId rootid 3 tid 106004
target_page_id id: 8 tid 106004
0 1 tid 106004
135 4 tid 106004
335 5 tid 106004
746 8 tid 106004
132 tid 106004
Remove  tid 106004
FindTargetPageId rootid 3 tid 106004
target_page_id id: 8 tid 106004
0 1 tid 106004
135 4 tid 106004
335 5 tid 106004
746 8 tid 106004
131 tid 106004
Remove  tid 106004
FindTargetPageId rootid 3 tid 106004
target_page_id id: 8 tid 106004
0 1 tid 106004
135 4 tid 106004
335 5 tid 106004
746 8 tid 106004
130 tid 106004
Remove  tid 106004
FindTargetPageId rootid 3 tid 106004
target_page_id id: 8 tid 106004
0 1 tid 106004
135 4 tid 106004
335 5 tid 106004
746 8 tid 106004
129 tid 106004
Remove  tid 106004
FindTargetPageId rootid 3 tid 106004
target_page_id id: 8 tid 106004
0 1 tid 106004
135 4 tid 106004
335 5 tid 106004
746 8 tid 106004
128 tid 106004
Remove  tid 106004
FindTargetPageId rootid 3 tid 106004
target_page_id id: 8 tid 106004
0 1 tid 106004
135 4 tid 106004
335 5 tid 106004
746 8 tid 106004
127 tid 106004
Remove  tid 106004
FindTargetPageId rootid 3 tid 106004
target_page_id id: 8 tid 106004
0 1 tid 106004
135 4 tid 106004
335 5 tid 106004
745 8 tid 106004
127 tid 106004
Remove  tid 106004
FindTargetPageId rootid 3 tid 106004
target_page_id id: 8 tid 106004
0 1 tid 106004
135 4 tid 106004
335 5 tid 106004
744 8 tid 106004
127 tid 106004
Remove  tid 106004
FindTargetPageId rootid 3 tid 106004
target_page_id id: 8 tid 106004
0 1 tid 106004
135 4 tid 106004
335 5 tid 106004
743 8 tid 106004
127 tid 106004
Remove  tid 106004
FindTargetPageId rootid 3 tid 106004
target_page_id id: 8 tid 106004
0 1 tid 106004
135 4 tid 106004
335 5 tid 106004
742 8 tid 106004
127 tid 106004
Remove  tid 106004
FindTargetPageId rootid 3 tid 106004
target_page_id id: 8 tid 106004
0 1 tid 106004
135 4 tid 106004
335 5 tid 106004
741 8 tid 106004
127 tid 106004
Remove  tid 106004
FindTargetPageId rootid 3 tid 106004
target_page_id id: 8 tid 106004
0 1 tid 106004
135 4 tid 106004
335 5 tid 106004
740 8 tid 106004
127 tid 106004
FindTargetPageId rootid 3 tid 106003
target_page_id id: 8 tid 106003
0 1 tid 106003
135 4 tid 106003
335 5 tid 106003
739 8 tid 106003
127 tid 106003
Insert  tid 106003
FindTargetPageId rootid 3 tid 106003
target_page_id id: 8 tid 106003
0 1 tid 106003
135 4 tid 106003
335 5 tid 106003
739 8 tid 106003
128 tid 106003
Insert  tid 106003
FindTargetPageId rootid 3 tid 106003
target_page_id id: 8 tid 106003
0 1 tid 106003
135 4 tid 106003
335 5 tid 106003
739 8 tid 106003
129 tid 106003
Insert  tid 106003
FindTargetPageId rootid 3 tid 106003
target_page_id id: 8 tid 106003
0 1 tid 106003
135 4 tid 106003
335 5 tid 106003
739 8 tid 106003
130 tid 106003
Insert  tid 106003
FindTargetPageId rootid 3 tid 106003
target_page_id id: 8 tid 106003
0 1 tid 106003
135 4 tid 106003
335 5 tid 106003
739 8 tid 106003
131 tid 106003
Insert  tid 106003
FindTargetPageId rootid 3 tid 106003
target_page_id id: 8 tid 106003
0 1 tid 106003
135 4 tid 106003
335 5 tid 106003
739 8 tid 106003
132 tid 106003
Insert  tid 106003
FindTargetPageId rootid 3 tid 106003
target_page_id id: 8 tid 106003
0 1 tid 106003
135 4 tid 106003
335 5 tid 106003
739 8 tid 106003
133 tid 106003
Insert  tid 106003
FindTargetPageId rootid 3 tid 106003
target_page_id id: 8 tid 106003
0 1 tid 106003
135 4 tid 106003
335 5 tid 106003
739 8 tid 106003
134 tid 106003
Insert  tid 106003
FindTargetPageId rootid 3 tid 106003
target_page_id id: 8 tid 106003
0 1 tid 106003
135 4 tid 106003
335 5 tid 106003
739 8 tid 106003
135 tid 106003
Insert  tid 106003
FindTargetPageId rootid 3 tid 106003
target_page_id id: 8 tid 106003
0 1 tid 106003
135 4 tid 106003
335 5 tid 106003
739 8 tid 106003
136 tid 106003
Insert  tid 106003
FindTargetPageId rootid 3 tid 106003
target_page_id id: 8 tid 106003
0 1 tid 106003
135 4 tid 106003
335 5 tid 106003
739 8 tid 106003
137 tid 106003
Insert  tid 106003
FindTargetPageId rootid 3 tid 106003
target_page_id id: 8 tid 106003
0 1 tid 106003
135 4 tid 106003
335 5 tid 106003
739 8 tid 106003
138 tid 106003
Insert  tid 106003
FindTargetPageId rootid 3 tid 106003
target_page_id id: 8 tid 106003
0 1 tid 106003
135 4 tid 106003
335 5 tid 106003
739 8 tid 106003
139 tid 106003
Insert  tid 106003
FindTargetPageId rootid 3 tid 106003
target_page_id id: 8 tid 106003
0 1 tid 106003
135 4 tid 106003
335 5 tid 106003
739 8 tid 106003
140 tid 106003
Insert  tid 106003
FindTargetPageId rootid 3 tid 106003
target_page_id id: 8 tid 106003
0 1 tid 106003
135 4 tid 106003
335 5 tid 106003
739 8 tid 106003
141 tid 106003
Insert  tid 106003
FindTargetPageId rootid 3 tid 106003
target_page_id id: 8 tid 106003
0 1 tid 106003
135 4 tid 106003
335 5 tid 106003
739 8 tid 106003
142 tid 106003
Insert  tid 106003
FindTargetPageId rootid 3 tid 106003
target_page_id id: 8 tid 106003
0 1 tid 106003
135 4 tid 106003
335 5 tid 106003
739 8 tid 106003
143 tid 106003
Insert  tid 106003
FindTargetPageId rootid 3 tid 106003
target_page_id id: 8 tid 106003
0 1 tid 106003
135 4 tid 106003
335 5 tid 106003
739 8 tid 106003
144 tid 106003
Insert  tid 106003
FindTargetPageId rootid 3 tid 106003
target_page_id id: 8 tid 106003
0 1 tid 106003
135 4 tid 106003
335 5 tid 106003
739 8 tid 106003
145 tid 106003
Insert  tid 106003
FindTargetPageId rootid 3 tid 106003
target_page_id id: 8 tid 106003
0 1 tid 106003
135 4 tid 106003
335 5 tid 106003
739 8 tid 106003
146 tid 106003
Insert  tid 106003
FindTargetPageId rootid 3 tid 106003
target_page_id id: 8 tid 106003
0 1 tid 106003
135 4 tid 106003
335 5 tid 106003
739 8 tid 106003
147 tid 106003
Insert  tid 106003
FindTargetPageId rootid 3 tid 106003
target_page_id id: 8 tid 106003
0 1 tid 106003
135 4 tid 106003
335 5 tid 106003
739 8 tid 106003
148 tid 106003
Insert  tid 106003
FindTargetPageId rootid 3 tid 106003
target_page_id id: 8 tid 106003
0 1 tid 106003
135 4 tid 106003
335 5 tid 106003
739 8 tid 106003
149 tid 106003
Insert  tid 106003
FindTargetPageId rootid 3 tid 106003
target_page_id id: 8 tid 106003
0 1 tid 106003
135 4 tid 106003
335 5 tid 106003
739 8 tid 106003
150 tid 106003
Insert  tid 106003
FindTargetPageId rootid 3 tid 106003
target_page_id id: 8 tid 106003
0 1 tid 106003
135 4 tid 106003
335 5 tid 106003
739 8 tid 106003
151 tid 106003
Insert  tid 106003
FindTargetPageId rootid 3 tid 106003
target_page_id id: 8 tid 106003
0 1 tid 106003
135 4 tid 106003
335 5 tid 106003
739 8 tid 106003
152 tid 106003
Insert  tid 106003
FindTargetPageId rootid 3 tid 106003
target_page_id id: 8 tid 106003
0 1 tid 106003
135 4 tid 106003
335 5 tid 106003
739 8 tid 106003
153 tid 106003
Insert  tid 106003
FindTargetPageId rootid 3 tid 106003
target_page_id id: 8 tid 106003
0 1 tid 106003
135 4 tid 106003
335 5 tid 106003
739 8 tid 106003
154 tid 106003
Insert  tid 106003
FindTargetPageId rootid 3 tid 106003
target_page_id id: 8 tid 106003
0 1 tid 106003
135 4 tid 106003
335 5 tid 106003
739 8 tid 106003
155 tid 106003
Insert  tid 106003
FindTargetPageId rootid 3 tid 106003
target_page_id id: 8 tid 106003
0 1 tid 106003
135 4 tid 106003
335 5 tid 106003
739 8 tid 106003
156 tid 106003
Insert  tid 106003
FindTargetPageId rootid 3 tid 106003
target_page_id id: 8 tid 106003
0 1 tid 106003
135 4 tid 106003
335 5 tid 106003
739 8 tid 106003
157 tid 106003
Insert  tid 106003
FindTargetPageId rootid 3 tid 106003
target_page_id id: 8 tid 106003
0 1 tid 106003
135 4 tid 106003
335 5 tid 106003
739 8 tid 106003
158 tid 106003
Insert  tid 106003
FindTargetPageId rootid 3 tid 106003
target_page_id id: 8 tid 106003
0 1 tid 106003
135 4 tid 106003
335 5 tid 106003
739 8 tid 106003
159 tid 106003
Insert  tid 106003
FindTargetPageId rootid 3 tid 106003
target_page_id id: 8 tid 106003
0 1 tid 106003
135 4 tid 106003
335 5 tid 106003
739 8 tid 106003
160 tid 106003
Insert  tid 106003
FindTargetPageId rootid 3 tid 106003
target_page_id id: 8 tid 106003
0 1 tid 106003
135 4 tid 106003
335 5 tid 106003
739 8 tid 106003
161 tid 106003
Insert  tid 106003
FindTargetPageId rootid 3 tid 106003
target_page_id id: 8 tid 106003
0 1 tid 106003
135 4 tid 106003
335 5 tid 106003
739 8 tid 106003
162 tid 106003
Insert  tid 106003
FindTargetPageId rootid 3 tid 106003
target_page_id id: 8 tid 106003
0 1 tid 106003
135 4 tid 106003
335 5 tid 106003
739 8 tid 106003
163 tid 106003
Insert  tid 106003
FindTargetPageId rootid 3 tid 106003
target_page_id id: 8 tid 106003
0 1 tid 106003
135 4 tid 106003
335 5 tid 106003
739 8 tid 106003
164 tid 106003
Insert  tid 106003
FindTargetPageId rootid 3 tid 106003
target_page_id id: 8 tid 106003
0 1 tid 106003
135 4 tid 106003
335 5 tid 106003
739 8 tid 106003
165 tid 106003
Insert  tid 106003
FindTargetPageId rootid 3 tid 106003
target_page_id id: 8 tid 106003
0 1 tid 106003
135 4 tid 106003
335 5 tid 106003
739 8 tid 106003
166 tid 106003
Insert  tid 106003
FindTargetPageId rootid 3 tid 106003
target_page_id id: 8 tid 106003
0 1 tid 106003
135 4 tid 106003
335 5 tid 106003
739 8 tid 106003
167 tid 106003
Insert  tid 106003
FindTargetPageId rootid 3 tid 106003
target_page_id id: 8 tid 106003
0 1 tid 106003
135 4 tid 106003
335 5 tid 106003
739 8 tid 106003
168 tid 106003
Insert  tid 106003
FindTargetPageId rootid 3 tid 106003
target_page_id id: 8 tid 106003
0 1 tid 106003
135 4 tid 106003
335 5 tid 106003
739 8 tid 106003
169 tid 106003
Insert  tid 106003
FindTargetPageId rootid 3 tid 106003
target_page_id id: 8 tid 106003
0 1 tid 106003
135 4 tid 106003
335 5 tid 106003
739 8 tid 106003
170 tid 106003
Insert  tid 106003
FindTargetPageId rootid 3 tid 106003
target_page_id id: 8 tid 106003
0 1 tid 106003
135 4 tid 106003
335 5 tid 106003
739 8 tid 106003
171 tid 106003
Insert  tid 106003
FindTargetPageId rootid 3 tid 106003
target_page_id id: 8 tid 106003
0 1 tid 106003
135 4 tid 106003
335 5 tid 106003
739 8 tid 106003
172 tid 106003
Insert  tid 106003
FindTargetPageId rootid 3 tid 106003
target_page_id id: 8 tid 106003
0 1 tid 106003
135 4 tid 106003
335 5 tid 106003
739 8 tid 106003
173 tid 106003
Insert  tid 106003
FindTargetPageId rootid 3 tid 106003
target_page_id id: 8 tid 106003
0 1 tid 106003
135 4 tid 106003
335 5 tid 106003
739 8 tid 106003
174 tid 106003
Insert  tid 106003
FindTargetPageId rootid 3 tid 106003
target_page_id id: 8 tid 106003
0 1 tid 106003
135 4 tid 106003
335 5 tid 106003
739 8 tid 106003
175 tid 106003
Insert  tid 106003
FindTargetPageId rootid 3 tid 106003
target_page_id id: 8 tid 106003
0 1 tid 106003
135 4 tid 106003
335 5 tid 106003
739 8 tid 106003
176 tid 106003
Insert  tid 106003
FindTargetPageId rootid 3 tid 106003
target_page_id id: 8 tid 106003
0 1 tid 106003
135 4 tid 106003
335 5 tid 106003
739 8 tid 106003
177 tid 106003
Insert  tid 106003
FindTargetPageId rootid 3 tid 106003
target_page_id id: 8 tid 106003
0 1 tid 106003
135 4 tid 106003
335 5 tid 106003
739 8 tid 106003
178 tid 106003
Insert  tid 106003
FindTargetPageId rootid 3 tid 106003
target_page_id id: 8 tid 106003
0 1 tid 106003
135 4 tid 106003
335 5 tid 106003
739 8 tid 106003
179 tid 106003
Insert  tid 106003
FindTargetPageId rootid 3 tid 106003
target_page_id id: 8 tid 106003
0 1 tid 106003
135 4 tid 106003
335 5 tid 106003
739 8 tid 106003
180 tid 106003
Insert  tid 106003
FindTargetPageId rootid 3 tid 106003
target_page_id id: 8 tid 106003
0 1 tid 106003
135 4 tid 106003
335 5 tid 106003
739 8 tid 106003
181 tid 106003
Insert  tid 106003
FindTargetPageId rootid 3 tid 106003
target_page_id id: 8 tid 106003
0 1 tid 106003
135 4 tid 106003
335 5 tid 106003
739 8 tid 106003
182 tid 106003
Insert  tid 106003
FindTargetPageId rootid 3 tid 106003
target_page_id id: 8 tid 106003
0 1 tid 106003
135 4 tid 106003
335 5 tid 106003
739 8 tid 106003
183 tid 106003
Insert  tid 106003
FindTargetPageId rootid 3 tid 106003
target_page_id id: 8 tid 106003
0 1 tid 106003
135 4 tid 106003
335 5 tid 106003
739 8 tid 106003
184 tid 106003
Insert  tid 106003
FindTargetPageId rootid 3 tid 106003
target_page_id id: 8 tid 106003
0 1 tid 106003
135 4 tid 106003
335 5 tid 106003
739 8 tid 106003
185 tid 106003
Insert  tid 106003
FindTargetPageId rootid 3 tid 106003
target_page_id id: 8 tid 106003
0 1 tid 106003
135 4 tid 106003
335 5 tid 106003
739 8 tid 106003
186 tid 106003
Insert  tid 106003
FindTargetPageId rootid 3 tid 106003
target_page_id id: 8 tid 106003
0 1 tid 106003
135 4 tid 106003
335 5 tid 106003
739 8 tid 106003
187 tid 106003
Insert  tid 106003
FindTargetPageId rootid 3 tid 106003
target_page_id id: 8 tid 106003
0 1 tid 106003
135 4 tid 106003
335 5 tid 106003
739 8 tid 106003
188 tid 106003
Insert  tid 106003
FindTargetPageId rootid 3 tid 106003
target_page_id id: 8 tid 106003
0 1 tid 106003
135 4 tid 106003
335 5 tid 106003
739 8 tid 106003
189 tid 106003
Insert  tid 106003
FindTargetPageId rootid 3 tid 106003
target_page_id id: 8 tid 106003
0 1 tid 106003
135 4 tid 106003
335 5 tid 106003
739 8 tid 106003
190 tid 106003
Insert  tid 106003
FindTargetPageId rootid 3 tid 106003
target_page_id id: 8 tid 106003
0 1 tid 106003
135 4 tid 106003
335 5 tid 106003
739 8 tid 106003
191 tid 106003
Insert  tid 106003
FindTargetPageId rootid 3 tid 106003
target_page_id id: 8 tid 106003
0 1 tid 106003
135 4 tid 106003
335 5 tid 106003
739 8 tid 106003
192 tid 106003
Insert  tid 106003
FindTargetPageId rootid 3 tid 106003
target_page_id id: 8 tid 106003
0 1 tid 106003
135 4 tid 106003
335 5 tid 106003
739 8 tid 106003
193 tid 106003
Insert  tid 106003
FindTargetPageId rootid 3 tid 106003
target_page_id id: 8 tid 106003
0 1 tid 106003
135 4 tid 106003
335 5 tid 106003
739 8 tid 106003
194 tid 106003
Insert  tid 106003
FindTargetPageId rootid 3 tid 106003
target_page_id id: 8 tid 106003
0 1 tid 106003
135 4 tid 106003
335 5 tid 106003
739 8 tid 106003
195 tid 106003
Insert  tid 106003
FindTargetPageId rootid 3 tid 106003
target_page_id id: 8 tid 106003
0 1 tid 106003
135 4 tid 106003
335 5 tid 106003
739 8 tid 106003
196 tid 106003
Insert  tid 106003
FindTargetPageId rootid 3 tid 106003
target_page_id id: 8 tid 106003
0 1 tid 106003
135 4 tid 106003
335 5 tid 106003
739 8 tid 106003
197 tid 106003
Insert  tid 106003
FindTargetPageId rootid 3 tid 106003
target_page_id id: 8 tid 106003
0 1 tid 106003
135 4 tid 106003
335 5 tid 106003
739 8 tid 106003
198 tid 106003
Insert  tid 106003
FindTargetPageId rootid 3 tid 106003
target_page_id id: 8 tid 106003
0 1 tid 106003
135 4 tid 106003
335 5 tid 106003
739 8 tid 106003
199 tid 106003
Insert  tid 106003
FindTargetPageId rootid 3 tid 106003
target_page_id id: 8 tid 106003
0 1 tid 106003
135 4 tid 106003
335 5 tid 106003
739 8 tid 106003
200 tid 106003
Insert  tid 106003
FindTargetPageId rootid 3 tid 106003
target_page_id id: 8 tid 106003
0 1 tid 106003
135 4 tid 106003
335 5 tid 106003
739 8 tid 106003
201 tid 106003
Insert  tid 106003
FindTargetPageId rootid 3 tid 106003
target_page_id id: 8 tid 106003
0 1 tid 106003
135 4 tid 106003
335 5 tid 106003
739 8 tid 106003
202 tid 106003
Insert  tid 106003
FindTargetPageId rootid 3 tid 106003
target_page_id id: 8 tid 106003
0 1 tid 106003
135 4 tid 106003
335 5 tid 106003
739 8 tid 106003
203 tid 106003
Insert  tid 106003
FindTargetPageId rootid 3 tid 106003
target_page_id id: 8 tid 106003
0 1 tid 106003
135 4 tid 106003
335 5 tid 106003
739 8 tid 106003
204 tid 106003
Insert  tid 106003
FindTargetPageId rootid 3 tid 106003
target_page_id id: 8 tid 106003
0 1 tid 106003
135 4 tid 106003
335 5 tid 106003
739 8 tid 106003
205 tid 106003
Insert  tid 106003
FindTargetPageId rootid 3 tid 106003
target_page_id id: 8 tid 106003
0 1 tid 106003
135 4 tid 106003
335 5 tid 106003
739 8 tid 106003
206 tid 106003
Insert  tid 106003
FindTargetPageId rootid 3 tid 106003
target_page_id id: 8 tid 106003
0 1 tid 106003
135 4 tid 106003
335 5 tid 106003
739 8 tid 106003
207 tid 106003
Insert  tid 106003
FindTargetPageId rootid 3 tid 106003
target_page_id id: 8 tid 106003
0 1 tid 106003
135 4 tid 106003
335 5 tid 106003
739 8 tid 106003
208 tid 106003
Insert  tid 106003
FindTargetPageId rootid 3 tid 106003
target_page_id id: 8 tid 106003
0 1 tid 106003
135 4 tid 106003
335 5 tid 106003
739 8 tid 106003
209 tid 106003
Insert  tid 106003
FindTargetPageId rootid 3 tid 106003
target_page_id id: 8 tid 106003
0 1 tid 106003
135 4 tid 106003
335 5 tid 106003
739 8 tid 106003
210 tid 106003
Insert  tid 106003
FindTargetPageId rootid 3 tid 106003
target_page_id id: 8 tid 106003
0 1 tid 106003
135 4 tid 106003
335 5 tid 106003
739 8 tid 106003
211 tid 106003
Insert  tid 106003
FindTargetPageId rootid 3 tid 106003
target_page_id id: 8 tid 106003
0 1 tid 106003
135 4 tid 106003
335 5 tid 106003
739 8 tid 106003
212 tid 106003
Insert  tid 106003
FindTargetPageId rootid 3 tid 106003
target_page_id id: 8 tid 106003
0 1 tid 106003
135 4 tid 106003
335 5 tid 106003
739 8 tid 106003
213 tid 106003
Insert  tid 106003
FindTargetPageId rootid 3 tid 106003
target_page_id id: 8 tid 106003
0 1 tid 106003
135 4 tid 106003
335 5 tid 106003
739 8 tid 106003
214 tid 106003
Insert  tid 106003
FindTargetPageId rootid 3 tid 106003
target_page_id id: 8 tid 106003
0 1 tid 106003
135 4 tid 106003
335 5 tid 106003
739 8 tid 106003
215 tid 106003
Insert  tid 106003
FindTargetPageId rootid 3 tid 106003
target_page_id id: 8 tid 106003
0 1 tid 106003
135 4 tid 106003
335 5 tid 106003
739 8 tid 106003
216 tid 106003
Insert  tid 106003
FindTargetPageId rootid 3 tid 106003
target_page_id id: 8 tid 106003
0 1 tid 106003
135 4 tid 106003
335 5 tid 106003
739 8 tid 106003
217 tid 106003
Insert  tid 106003
FindTargetPageId rootid 3 tid 106003
target_page_id id: 8 tid 106003
0 1 tid 106003
135 4 tid 106003
335 5 tid 106003
739 8 tid 106003
218 tid 106003
Insert  tid 106003
FindTargetPageId rootid 3 tid 106003
target_page_id id: 8 tid 106003
0 1 tid 106003
135 4 tid 106003
335 5 tid 106003
739 8 tid 106003
219 tid 106003
Insert  tid 106003
FindTargetPageId rootid 3 tid 106003
target_page_id id: 8 tid 106003
0 1 tid 106003
135 4 tid 106003
335 5 tid 106003
739 8 tid 106003
220 tid 106003
Insert  tid 106003
FindTargetPageId rootid 3 tid 106003
target_page_id id: 8 tid 106003
0 1 tid 106003
135 4 tid 106003
335 5 tid 106003
739 8 tid 106003
221 tid 106003
Insert  tid 106003
FindTargetPageId rootid 3 tid 106003
target_page_id id: 8 tid 106003
0 1 tid 106003
135 4 tid 106003
335 5 tid 106003
739 8 tid 106003
222 tid 106003
Insert  tid 106003
FindTargetPageId rootid 3 tid 106003
target_page_id id: 8 tid 106003
0 1 tid 106003
135 4 tid 106003
335 5 tid 106003
739 8 tid 106003
223 tid 106003
Insert  tid 106003
FindTargetPageId rootid 3 tid 106003
target_page_id id: 8 tid 106003
0 1 tid 106003
135 4 tid 106003
335 5 tid 106003
739 8 tid 106003
224 tid 106003
Insert  tid 106003
FindTargetPageId rootid 3 tid 106003
target_page_id id: 8 tid 106003
0 1 tid 106003
135 4 tid 106003
335 5 tid 106003
739 8 tid 106003
225 tid 106003
Insert  tid 106003
FindTargetPageId rootid 3 tid 106003
target_page_id id: 8 tid 106003
0 1 tid 106003
135 4 tid 106003
335 5 tid 106003
739 8 tid 106003
226 tid 106003
Insert  tid 106003
FindTargetPageId rootid 3 tid 106003
target_page_id id: 8 tid 106003
0 1 tid 106003
135 4 tid 106003
335 5 tid 106003
739 8 tid 106003
227 tid 106003
Insert  tid 106003
FindTargetPageId rootid 3 tid 106003
target_page_id id: 8 tid 106003
0 1 tid 106003
135 4 tid 106003
335 5 tid 106003
739 8 tid 106003
228 tid 106003
Insert  tid 106003
FindTargetPageId rootid 3 tid 106003
target_page_id id: 8 tid 106003
0 1 tid 106003
135 4 tid 106003
335 5 tid 106003
739 8 tid 106003
229 tid 106003
Insert  tid 106003
FindTargetPageId rootid 3 tid 106003
target_page_id id: 8 tid 106003
0 1 tid 106003
135 4 tid 106003
335 5 tid 106003
739 8 tid 106003
230 tid 106003
Insert  tid 106003
FindTargetPageId rootid 3 tid 106003
target_page_id id: 8 tid 106003
0 1 tid 106003
135 4 tid 106003
335 5 tid 106003
739 8 tid 106003
231 tid 106003
Insert  tid 106003
FindTargetPageId rootid 3 tid 106003
target_page_id id: 8 tid 106003
0 1 tid 106003
135 4 tid 106003
335 5 tid 106003
739 8 tid 106003
232 tid 106003
Insert  tid 106003
FindTargetPageId rootid 3 tid 106003
target_page_id id: 8 tid 106003
0 1 tid 106003
135 4 tid 106003
335 5 tid 106003
739 8 tid 106003
233 tid 106003
Insert  tid 106003
FindTargetPageId rootid 3 tid 106003
target_page_id id: 8 tid 106003
0 1 tid 106003
135 4 tid 106003
335 5 tid 106003
739 8 tid 106003
234 tid 106003
Insert  tid 106003
FindTargetPageId rootid 3 tid 106003
target_page_id id: 8 tid 106003
0 1 tid 106003
135 4 tid 106003
335 5 tid 106003
739 8 tid 106003
235 tid 106003
Insert  tid 106003
FindTargetPageId rootid 3 tid 106003
target_page_id id: 8 tid 106003
0 1 tid 106003
135 4 tid 106003
335 5 tid 106003
739 8 tid 106003
236 tid 106003
Insert  tid 106003
FindTargetPageId rootid 3 tid 106003
target_page_id id: 8 tid 106003
0 1 tid 106003
135 4 tid 106003
335 5 tid 106003
739 8 tid 106003
237 tid 106003
Insert  tid 106003
FindTargetPageId rootid 3 tid 106003
target_page_id id: 8 tid 106003
0 1 tid 106003
135 4 tid 106003
335 5 tid 106003
739 8 tid 106003
238 tid 106003
Insert  tid 106003
FindTargetPageId rootid 3 tid 106003
target_page_id id: 8 tid 106003
0 1 tid 106003
135 4 tid 106003
335 5 tid 106003
739 8 tid 106003
239 tid 106003
Insert  tid 106003
FindTargetPageId rootid 3 tid 106003
target_page_id id: 8 tid 106003
0 1 tid 106003
135 4 tid 106003
335 5 tid 106003
739 8 tid 106003
240 tid 106003
Insert  tid 106003
FindTargetPageId rootid 3 tid 106003
target_page_id id: 8 tid 106003
0 1 tid 106003
135 4 tid 106003
335 5 tid 106003
739 8 tid 106003
241 tid 106003
Insert  tid 106003
FindTargetPageId rootid 3 tid 106003
target_page_id id: 8 tid 106003
0 1 tid 106003
135 4 tid 106003
335 5 tid 106003
739 8 tid 106003
242 tid 106003
leaf_max_size 254
Insert  tid 105929
Insert  tid 105929
new root page id: 1 tid 105929
Insert  tid 105929
FindTargetPageId rootid 1 tid 105929
1 tid 105929
Insert  tid 105929
FindTargetPageId rootid 1 tid 105929
2 tid 105929
Insert  tid 105929
FindTargetPageId rootid 1 tid 105929
3 tid 105929
Insert  tid 105929
FindTargetPageId rootid 1 tid 105929
4 tid 105929
Insert  tid 105929
FindTargetPageId rootid 1 tid 105929
5 tid 105929
Insert  tid 105929
FindTargetPageId rootid 1 tid 105929
6 tid 105929
Insert  tid 105929
FindTargetPageId rootid 1 tid 105929
7 tid 105929
Insert  tid 105929
FindTargetPageId rootid 1 tid 105929
8 tid 105929
Insert  tid 105929
FindTargetPageId rootid 1 tid 105929
9 tid 105929
Insert  tid 105929
FindTargetPageId rootid 1 tid 105929
10 tid 105929
Insert  tid 105929
FindTargetPageId rootid 1 tid 105929
11 tid 105929
Insert  tid 105929
FindTargetPageId rootid 1 tid 105929
12 tid 105929
Insert  tid 105929
FindTargetPageId rootid 1 tid 105929
13 tid 105929
Insert  tid 105929
FindTargetPageId rootid 1 tid 105929
14 tid 105929
Insert  tid 105929
FindTargetPageId rootid 1 tid 105929
15 tid 105929
Insert  tid 105929
FindTargetPageId rootid 1 tid 105929
16 tid 105929
Insert  tid 105929
FindTargetPageId rootid 1 tid 105929
17 tid 105929
Insert  tid 105929
FindTargetPageId rootid 1 tid 105929
18 tid 105929
Insert  tid 105929
FindTargetPageId rootid 1 tid 105929
19 tid 105929
Insert  tid 105929
FindTargetPageId rootid 1 tid 105929
20 tid 105929
Insert  tid 105929
FindTargetPageId rootid 1 tid 105929
21 tid 105929
Insert  tid 105929
FindTargetPageId rootid 1 tid 105929
22 tid 105929
Insert  tid 105929
FindTargetPageId rootid 1 tid 105929
23 tid 105929
Insert  tid 105929
FindTargetPageId rootid 1 tid 105929
24 tid 105929
Insert  tid 105929
FindTargetPageId rootid 1 tid 105929
25 tid 105929
Insert  tid 105929
FindTargetPageId rootid 1 tid 105929
26 tid 105929
Insert  tid 105929
FindTargetPageId rootid 1 tid 105929
27 tid 105929
Insert  tid 105929
FindTargetPageId rootid 1 tid 105929
28 tid 105929
Insert  tid 105929
FindTargetPageId rootid 1 tid 105929
29 tid 105929
Insert  tid 105929
FindTargetPageId rootid 1 tid 105929
30 tid 105929
Insert  tid 105929
FindTargetPageId rootid 1 tid 105929
31 tid 105929
Insert  tid 105929
FindTargetPageId rootid 1 tid 105929
32 tid 105929
Insert  tid 105929
FindTargetPageId rootid 1 tid 105929
33 tid 105929
Insert  tid 105929
FindTargetPageId rootid 1 tid 105929
34 tid 105929
Insert  tid 105929
FindTargetPageId rootid 1 tid 105929
35 tid 105929
Insert  tid 105929
FindTargetPageId rootid 1 tid 105929
36 tid 105929
Insert  tid 105929
FindTargetPageId rootid 1 tid 105929
37 tid 105929
Insert  tid 105929
FindTargetPageId rootid 1 tid 105929
38 tid 105929
Insert  tid 105929
FindTargetPageId rootid 1 tid 105929
39 tid 105929
Insert  tid 105929
FindTargetPageId rootid 1 tid 105929
40 tid 105929
Insert  tid 105929
FindTargetPageId rootid 1 tid 105929
41 tid 105929
Insert  tid 105929
FindTargetPageId rootid 1 tid 105929
42 tid 105929
Insert  tid 105929
FindTargetPageId rootid 1 tid 105929
43 tid 105929
Insert  tid 105929
FindTargetPageId rootid 1 tid 105929
44 tid 105929
Insert  tid 105929
FindTargetPageId rootid 1 tid 105929
45 tid 105929
Insert  tid 105929
FindTargetPageId rootid 1 tid 105929
46 tid 105929
Insert  tid 105929
FindTargetPageId rootid 1 tid 105929
47 tid 105929
Insert  tid 105929
FindTargetPageId rootid 1 tid 105929
48 tid 105929
Insert  tid 105929
FindTargetPageId rootid 1 tid 105929
49 tid 105929
Insert  tid 105929
FindTargetPageId rootid 1 tid 105929
50 tid 105929
Insert  tid 105929
FindTargetPageId rootid 1 tid 105929
51 tid 105929
Insert  tid 105929
FindTargetPageId rootid 1 tid 105929
52 tid 105929
Insert  tid 105929
FindTargetPageId rootid 1 tid 105929
53 tid 105929
Insert  tid 105929
FindTargetPageId rootid 1 tid 105929
54 tid 105929
Insert  tid 105929
FindTargetPageId rootid 1 tid 105929
55 tid 105929
Insert  tid 105929
FindTargetPageId rootid 1 tid 105929
56 tid 105929
Insert  tid 105929
FindTargetPageId rootid 1 tid 105929
57 tid 105929
Insert  tid 105929
FindTargetPageId rootid 1 tid 105929
58 tid 105929
Insert  tid 105929
FindTargetPageId rootid 1 tid 105929
59 tid 105929
Insert  tid 105929
FindTargetPageId rootid 1 tid 105929
60 tid 105929
Insert  tid 105929
FindTargetPageId rootid 1 tid 105929
61 tid 105929
Insert  tid 105929
FindTargetPageId rootid 1 tid 105929
62 tid 105929
Insert  tid 105929
FindTargetPageId rootid 1 tid 105929
63 tid 105929
Insert  tid 105929
FindTargetPageId rootid 1 tid 105929
64 tid 105929
Insert  tid 105929
FindTargetPageId rootid 1 tid 105929
65 tid 105929
Insert  tid 105929
FindTargetPageId rootid 1 tid 105929
66 tid 105929
Insert  tid 105929
FindTargetPageId rootid 1 tid 105929
67 tid 105929
Insert  tid 105929
FindTargetPageId rootid 1 tid 105929
68 tid 105929
Insert  tid 105929
FindTargetPageId rootid 1 tid 105929
69 tid 105929
Insert  tid 105929
FindTargetPageId rootid 1 tid 105929
70 tid 105929
Insert  tid 105929
FindTargetPageId rootid 1 tid 105929
71 tid 105929
Insert  tid 105929
FindTargetPageId rootid 1 tid 105929
72 tid 105929
Insert  tid 105929
FindTargetPageId rootid 1 tid 105929
73 tid 105929
Insert  tid 105929
FindTargetPageId rootid 1 tid 105929
74 tid 105929
Insert  tid 105929
FindTargetPageId rootid 1 tid 105929
75 tid 105929
Insert  tid 105929
FindTargetPageId rootid 1 tid 105929
76 tid 105929
Insert  tid 105929
FindTargetPageId rootid 1 tid 105929
77 tid 105929
Insert  tid 105929
FindTargetPageId rootid 1 tid 105929
78 tid 105929
Insert  tid 105929
FindTargetPageId rootid 1 tid 105929
79 tid 105929
Insert  tid 105929
FindTargetPageId rootid 1 tid 105929
80 tid 105929
Insert  tid 105929
FindTargetPageId rootid 1 tid 105929
81 tid 105929
Insert  tid 105929
FindTargetPageId rootid 1 tid 105929
82 tid 105929
Insert  tid 105929
FindTargetPageId rootid 1 tid 105929
83 tid 105929
Insert  tid 105929
FindTargetPageId rootid 1 tid 105929
84 tid 105929
Insert  tid 105929
FindTargetPageId rootid 1 tid 105929
85 tid 105929
Insert  tid 105929
FindTargetPageId rootid 1 tid 105929
86 tid 105929
Insert  tid 105929
FindTargetPageId rootid 1 tid 105929
87 tid 105929
Insert  tid 105929
FindTargetPageId rootid 1 tid 105929
88 tid 105929
Insert  tid 105929
FindTargetPageId rootid 1 tid 105929
89 tid 105929
Insert  tid 105929
FindTargetPageId rootid 1 tid 105929
90 tid 105929
Insert  tid 105929
FindTargetPageId rootid 1 tid 105929
91 tid 105929
Insert  tid 105929
FindTargetPageId rootid 1 tid 105929
92 tid 105929
Insert  tid 105929
FindTargetPageId rootid 1 tid 105929
93 tid 105929
Insert  tid 105929
FindTargetPageId rootid 1 tid 105929
94 tid 105929
Insert  tid 105929
FindTargetPageId rootid 1 tid 105929
95 tid 105929
Insert  tid 105929
FindTargetPageId rootid 1 tid 105929
96 tid 105929
Insert  tid 105929
FindTargetPageId rootid 1 tid 105929
97 tid 105929
Insert  tid 105929
FindTargetPageId rootid 1 tid 105929
98 tid 105929
Insert  tid 105929
FindTargetPageId rootid 1 tid 105929
99 tid 105929
Insert  tid 105929
FindTargetPageId rootid 1 tid 105929
100 tid 105929
Insert  tid 105929
FindTargetPageId rootid 1 tid 105929
101 tid 105929
Insert  tid 105929
FindTargetPageId rootid 1 tid 105929
102 tid 105929
Insert  tid 105929
FindTargetPageId rootid 1 tid 105929
103 tid 105929
Insert  tid 105929
FindTargetPageId rootid 1 tid 105929
104 tid 105929
Insert  tid 105929
FindTargetPageId rootid 1 tid 105929
105 tid 105929
Insert  tid 105929
FindTargetPageId rootid 1 tid 105929
106 tid 105929
Insert  tid 105929
FindTargetPageId rootid 1 tid 105929
107 tid 105929
Insert  tid 105929
FindTargetPageId rootid 1 tid 105929
108 tid 105929
Insert  tid 105929
FindTargetPageId rootid 1 tid 105929
109 tid 105929
Insert  tid 105929
FindTargetPageId rootid 1 tid 105929
110 tid 105929
Insert  tid 105929
FindTargetPageId rootid 1 tid 105929
111 tid 105929
Insert  tid 105929
FindTargetPageId rootid 1 tid 105929
112 tid 105929
Insert  tid 105929
FindTargetPageId rootid 1 tid 105929
113 tid 105929
Insert  tid 105929
FindTargetPageId rootid 1 tid 105929
114 tid 105929
Insert  tid 105929
FindTargetPageId rootid 1 tid 105929
115 tid 105929
Insert  tid 105929
FindTargetPageId rootid 1 tid 105929
116 tid 105929
Insert  tid 105929
FindTargetPageId rootid 1 tid 105929
117 tid 105929
Insert  tid 105929
FindTargetPageId rootid 1 tid 105929
118 tid 105929
Insert  tid 105929
FindTargetPageId rootid 1 tid 105929
119 tid 105929
Insert  tid 105929
FindTargetPageId rootid 1 tid 105929
120 tid 105929
Insert  tid 105929
FindTargetPageId rootid 1 tid 105929
121 tid 105929
Insert  tid 105929
FindTargetPageId rootid 1 tid 105929
122 tid 105929
Insert  tid 105929
FindTargetPageId rootid 1 tid 105929
123 tid 105929
Insert  tid 105929
FindTargetPageId rootid 1 tid 105929
124 tid 105929
Insert  tid 105929
FindTargetPageId rootid 1 tid 105929
125 tid 105929
Insert  tid 105929
FindTargetPageId rootid 1 tid 105929
126 tid 105929
Insert  tid 105929
FindTargetPageId rootid 1 tid 105929
127 tid 105929
Insert  tid 105929
FindTargetPageId rootid 1 tid 105929
128 tid 105929
Insert  tid 105929
FindTargetPageId rootid 1 tid 105929
129 tid 105929
Insert  tid 105929
FindTargetPageId rootid 1 tid 105929
130 tid 105929
Insert  tid 105929
FindTargetPageId rootid 1 tid 105929
131 tid 105929
Insert  tid 105929
FindTargetPageId rootid 1 tid 105929
132 tid 105929
Insert  tid 105929
FindTargetPageId rootid 1 tid 105929
133 tid 105929
Insert  tid 105929
FindTargetPageId rootid 1 tid 105929
134 tid 105929
Insert  tid 105929
FindTargetPageId rootid 1 tid 105929
135 tid 105929
Insert  tid 105929
FindTargetPageId rootid 1 tid 105929
136 tid 105929
Insert  tid 105929
FindTargetPageId rootid 1 tid 105929
137 tid 105929
Insert  tid 105929
FindTargetPageId rootid 1 tid 105929
138 tid 105929
Insert  tid 105929
FindTargetPageId rootid 1 tid 105929
139 tid 105929
Insert  tid 105929
FindTargetPageId rootid 1 tid 105929
140 tid 105929
Insert  tid 105929
FindTargetPageId rootid 1 tid 105929
141 tid 105929
Insert  tid 105929
FindTargetPageId rootid 1 tid 105929
142 tid 105929
Insert  tid 105929
FindTargetPageId rootid 1 tid 105929
143 tid 105929
Insert  tid 105929
FindTargetPageId rootid 1 tid 105929
144 tid 105929
Insert  tid 105929
FindTargetPageId rootid 1 tid 105929
145 tid 105929
Insert  tid 105929
FindTargetPageId rootid 1 tid 105929
146 tid 105929
Insert  tid 105929
FindTargetPageId rootid 1 tid 105929
147 tid 105929
Insert  tid 105929
FindTargetPageId rootid 1 tid 105929
148 tid 105929
Insert  tid 105929
FindTargetPageId rootid 1 tid 105929
149 tid 105929
Insert  tid 105929
FindTargetPageId rootid 1 tid 105929
150 tid 105929
Insert  tid 105929
FindTargetPageId rootid 1 tid 105929
151 tid 105929
Insert  tid 105929
FindTargetPageId rootid 1 tid 105929
152 tid 105929
Insert  tid 105929
FindTargetPageId rootid 1 tid 105929
153 tid 105929
Insert  tid 105929
FindTargetPageId rootid 1 tid 105929
154 tid 105929
Insert  tid 105929
FindTargetPageId rootid 1 tid 105929
155 tid 105929
Insert  tid 105929
FindTargetPageId rootid 1 tid 105929
156 tid 105929
Insert  tid 105929
FindTargetPageId rootid 1 tid 105929
157 tid 105929
Insert  tid 105929
FindTargetPageId rootid 1 tid 105929
158 tid 105929
Insert  tid 105929
FindTargetPageId rootid 1 tid 105929
159 tid 105929
Insert  tid 105929
FindTargetPageId rootid 1 tid 105929
160 tid 105929
Insert  tid 105929
FindTargetPageId rootid 1 tid 105929
161 tid 105929
Insert  tid 105929
FindTargetPageId rootid 1 tid 105929
162 tid 105929
Insert  tid 105929
FindTargetPageId rootid 1 tid 105929
163 tid 105929
Insert  tid 105929
FindTargetPageId rootid 1 tid 105929
164 tid 105929
Insert  tid 105929
FindTargetPageId rootid 1 tid 105929
165 tid 105929
Insert  tid 105929
FindTargetPageId rootid 1 tid 105929
166 tid 105929
Insert  tid 105929
FindTargetPageId rootid 1 tid 105929
167 tid 105929
Insert  tid 105929
FindTargetPageId rootid 1 tid 105929
168 tid 105929
Insert  tid 105929
FindTargetPageId rootid 1 tid 105929
169 tid 105929
Insert  tid 105929
FindTargetPageId rootid 1 tid 105929
170 tid 105929
Insert  tid 105929
FindTargetPageId rootid 1 tid 105929
171 tid 105929
Insert  tid 105929
FindTargetPageId rootid 1 tid 105929
172 tid 105929
Insert  tid 105929
FindTargetPageId rootid 1 tid 105929
173 tid 105929
Insert  tid 105929
FindTargetPageId rootid 1 tid 105929
174 tid 105929
Insert  tid 105929
FindTargetPageId rootid 1 tid 105929
175 tid 105929
Insert  tid 105929
FindTargetPageId rootid 1 tid 105929
176 tid 105929
Insert  tid 105929
FindTargetPageId rootid 1 tid 105929
177 tid 105929
Insert  tid 105929
FindTargetPageId rootid 1 tid 105929
178 tid 105929
Insert  tid 105929
FindTargetPageId rootid 1 tid 105929
179 tid 105929
Insert  tid 105929
FindTargetPageId rootid 1 tid 105929
180 tid 105929
Insert  tid 105929
FindTargetPageId rootid 1 tid 105929
181 tid 105929
Insert  tid 105929
FindTargetPageId rootid 1 tid 105929
182 tid 105929
Insert  tid 105929
FindTargetPageId rootid 1 tid 105929
183 tid 105929
Insert  tid 105929
FindTargetPageId rootid 1 tid 105929
184 tid 105929
Insert  tid 105929
FindTargetPageId rootid 1 tid 105929
185 tid 105929
Insert  tid 105929
FindTargetPageId rootid 1 tid 105929
186 tid 105929
Insert  tid 105929
FindTargetPageId rootid 1 tid 105929
187 tid 105929
Insert  tid 105929
FindTargetPageId rootid 1 tid 105929
188 tid 105929
Insert  tid 105929
FindTargetPageId rootid 1 tid 105929
189 tid 105929
Insert  tid 105929
FindTargetPageId rootid 1 tid 105929
190 tid 105929
Insert  tid 105929
FindTargetPageId rootid 1 tid 105929
191 tid 105929
Insert  tid 105929
FindTargetPageId rootid 1 tid 105929
192 tid 105929
Insert  tid 105929
FindTargetPageId rootid 1 tid 105929
193 tid 105929
Insert  tid 105929
FindTargetPageId rootid 1 tid 105929
194 tid 105929
Insert  tid 105929
FindTargetPageId rootid 1 tid 105929
195 tid 105929
Insert  tid 105929
FindTargetPageId rootid 1 tid 105929
196 tid 105929
Insert  tid 105929
FindTargetPageId rootid 1 tid 105929
197 tid 105929
Insert  tid 105929
FindTargetPageId rootid 1 tid 105929
198 tid 105929
Insert  tid 105929
FindTargetPageId rootid 1 tid 105929
199 tid 105929
Insert  tid 106007
Insert  tid 106007
FindTargetPageId rootid 1 tid 106007
200 tid 106007
Insert  tid 106007
FindTargetPageId rootid 1 tid 106007
201 tid 106007
Insert  tid 106007
FindTargetPageId rootid 1 tid 106007
202 tid 106007
Remove  tid 106008
Insert  tid 106007
FindTargetPageId rootid 1 tid 106007
203 tid 106007
Insert  tid 106007
FindTargetPageId rootid 1 tid 106007
204 tid 106007
Insert  tid 106007
FindTargetPageId rootid 1 tid Remove 106007 tid 
205 tid 106007
Insert  tid 106009
106008
FindTargetPageId rootid 1 tid 106008
206 tid 106008
Insert  tid 106009
FindTargetPageId rootid 1 tid 106009
205 tid 106009
Insert  tid 106009
FindTargetPageId rootid 1 tid 106009
206 tid 106009
Insert  tid 106009
FindTargetPageId rootid 1 tid 106009
206 tid 106009
Insert  tid 106009
FindTargetPageId rootid 1 tid 106009
206 tid 106009
Remove Insert  tid 106009
FindTargetPageId rootid 1 tid 106009
 tid 206106008 tid 
106009
Insert  tid 106009
FindTargetPageId rootid 1 tid 106009
206 tid 106009
Insert  tid 106009
FindTargetPageId rootid 1 tid 106009
206 tid 106009
Insert  tid 106009
FindTargetPageId rootid 1 tid 106009
207 tid 106009
Insert  tid 106009
FindTargetPageId rootid 1 tid 106009
208 tid 106009
Insert  tid 106009
FindTargetPageId rootid 1 tid 106009
209 tid 106009
Insert  tid 106009
FindTargetPageId rootid 1 tid 106009
210 tid 106009
Insert  tid 106009
FindTargetPageId rootid 1 tid 106009
211 tid 106009
Insert  tid 106009
FindTargetPageId rootid 1 tid 106009
212 tid 106009
Insert Insert  tid 106009
 tid FindTargetPageId rootid 1 tid 106009106007
213 tid 106009
Insert  tid 106009
FindTargetPageId rootid 1 tid 106008
214 tid 106008

Remove  tid 106008
FindTargetPageId rootid 1 tid 106007
213 tid 106007
Insert  tid 106007
FindTargetPageId rootid 1 tid 106008
213 tid 106008
Remove  tid 106008
FindTargetPageId rootid 1 tid 106007
212 tid 106007
Insert  tid 106007
FindTargetPageId rootid 1 tid 106007
212 tid 106007
Insert  tid 106007
FindTargetPageId rootid 1 tid 106007
212 tid 106007
Insert  tid 106007
FindTargetPageId rootid 1 tid 106007
212 tid 106007
Insert  tid 106007
FindTargetPageId rootid 1 tid 106007
212 tid 106007
Insert  tid 106007
FindTargetPageId rootid 1 tid 106007
212 tid 106007
Insert  tid 106007
FindTargetPageId rootid 1 tid 106007
212 tid 106007
Insert  tid 106007
FindTargetPageId rootid 1 tid 106007
212 tid 106007
Insert  tid 106007
FindTargetPageId rootid 1 tid 106007
213 tid 106007
Insert  tid 106007
FindTargetPageId rootid 1 tid 106007
214 tid 106007
Insert  tid 106007
FindTargetPageId rootid 1 tid 106007
215 tid 106007
Insert  tid 106007
FindTargetPageId rootid 1 tid 106007
216 tid 106007
Insert  tid 106007
FindTargetPageId rootid 1 tid 106007
217 tid 106007
Insert  tid 106007
FindTargetPageId rootid 1 tid 106007
218 tid 106007
Insert  tid 106007
FindTargetPageId rootid 1 tid 106007
219 tid 106007
Insert  tid 106007
FindTargetPageId rootid 1 tid 106007
220 tid 106007
Insert  tid 106007
FindTargetPageId rootid 1 tid 106007
221 tid 106007
Insert  tid 106007
FindTargetPageId rootid 1 tid 106007
222 tid 106007
Insert  tid 106007
FindTargetPageId rootid 1 tid 106007
223 tid 106007
Insert  tid 106007
FindTargetPageId rootid 1 tid 106007
224 tid 106007
Insert  tid 106007
FindTargetPageId rootid 1 tid 106007
225 tid 106007
Insert  tid 106007
FindTargetPageId rootid 1 tid 106007
226 tid 106007
Insert  tid 106007
FindTargetPageId rootid 1 tid 106007
227 tid 106007
Insert  tid 106007
FindTargetPageId rootid 1 tid 106007
228 tid 106007
Insert  tid 106007
FindTargetPageId rootid 1 tid 106007
229 tid 106007
Insert  tid 106007
FindTargetPageId rootid 1 tid 106007
230 tid 106007
Insert  tid 106007
FindTargetPageId rootid 1 tid 106007
231 tid 106007
Insert  tid 106007
FindTargetPageId rootid 1 tid 106007
232 tid 106007
Insert  tid 106007
FindTargetPageId rootid 1 tid 106007
233 tid 106007
Insert  tid 106007
FindTargetPageId rootid 1 tid 106007
234 tid 106007
Insert  tid 106007
FindTargetPageId rootid 1 tid 106007
235 tid 106007
Insert  tid 106007
FindTargetPageId rootid 1 tid 106007
236 tid 106007
Insert  tid 106007
FindTargetPageId rootid 1 tid 106007
237 tid 106007
Insert  tid 106007
FindTargetPageId rootid 1 tid 106007
238 tid 106007
Insert  tid 106007
FindTargetPageId rootid 1 tid 106007
239 tid 106007
Insert  tid 106007
FindTargetPageId rootid 1 tid 106007
240 tid 106007
Insert  tid 106007
FindTargetPageId rootid 1 tid 106007
241 tid 106007
Insert  tid 106007
FindTargetPageId rootid 1 tid 106007
242 tid 106007
Insert  tid 106007
FindTargetPageId rootid 1 tid 106007
243 tid 106007
Insert  tid 106007
FindTargetPageId rootid 1 tid 106009
244 tid 106009
Insert  tid 106009
FindTargetPageId rootid 1 tid 106009
244 tid 106009
Insert  tid 106009
FindTargetPageId rootid 1 tid 106009
244 tid 106009
Insert  tid 106009
FindTargetPageId rootid 1 tid 106009
244 tid 106009
Insert  tid 106009
FindTargetPageId rootid 1 tid 106009
244 tid 106009
Insert  tid 106009
FindTargetPageId rootid 1 tid 106008
244 tid 106008
Remove  tid 106008
FindTargetPageId rootid 1 tid 106007
243 tid 106007
Insert  tid 106007
FindTargetPageId rootid 1 tid 106007
244 tid 106007
Insert  tid 106007
FindTargetPageId rootid 1 tid 106007
245 tid 106007
Insert  tid 106007
FindTargetPageId rootid 1 tid 106007
246 tid 106007
Insert  tid 106007
FindTargetPageId rootid 1 tid 106007
247 tid 106007
Insert  tid 106007
FindTargetPageId rootid 1 tid 106009
248 tid 106009
Insert  tid 106009
FindTargetPageId rootid 1 tid 106008
248 tid 106008
Remove  tid 106008
FindTargetPageId rootid 1 tid 106008
247 tid 106008
Remove  tid 106008
FindTargetPageId rootid 1 tid 106008
246 tid 106008
Remove  tid 106008
FindTargetPageId rootid 1 tid 106008
245 tid 106008
Remove  tid 106008
FindTargetPageId rootid 1 tid 106008
244 tid 106008
Remove  tid 106008
FindTargetPageId rootid 1 tid 106008
243 tid 106008
Remove  tid 106008
FindTargetPageId rootid 1 tid 106008
242 tid 106008
Remove  tid 106008
FindTargetPageId rootid 1 tid 106008
241 tid 106008
Remove  tid 106008
FindTargetPageId rootid 1 tid 106008
240 tid 106008
Remove  tid 106008
FindTargetPageId rootid 1 tid 106008
239 tid 106008
Remove  tid 106008
FindTargetPageId rootid 1 tid 106008
238 tid 106008
Remove  tid 106008
FindTargetPageId rootid 1 tid 106008
237 tid 106008
Remove  tid 106008
FindTargetPageId rootid 1 tid 106008
236 tid 106008
Remove  tid 106008
FindTargetPageId rootid 1 tid 106008
235 tid 106008
Remove  tid 106008
FindTargetPageId rootid 1 tid 106008
234 tid 106008
Remove  tid 106008
FindTargetPageId rootid 1 tid 106009
233 tid 106009
Insert  tid 106009
FindTargetPageId rootid 1 tid 106007
233 tid 106007
Insert  tid 106007
FindTargetPageId rootid 1 tid 106007
234 tid 106007
Insert  tid 106007
FindTargetPageId rootid 1 tid 106007
235 tid 106007
Insert  tid 106007
FindTargetPageId rootid 1 tid 106007
236 tid 106007
Insert  tid 106007
FindTargetPageId rootid 1 tid 106007
237 tid 106007
Insert  tid 106007
FindTargetPageId rootid 1 tid 106007
238 tid 106007
Insert  tid 106007
FindTargetPageId rootid 1 tid 106007
239 tid 106007
Insert  tid 106007
FindTargetPageId rootid 1 tid 106007
240 tid 106007
Insert  tid 106007
FindTargetPageId rootid 1 tid 106007
241 tid 106007
Insert  tid 106007
FindTargetPageId rootid 1 tid 106007
242 tid 106007
Insert  tid 106007
FindTargetPageId rootid 1 tid 106007
243 tid 106007
Insert  tid 106007
FindTargetPageId rootid 1 tid 106007
244 tid 106007
Insert  tid 106007
FindTargetPageId rootid 1 tid 106007
245 tid 106007
Insert  tid 106007
FindTargetPageId rootid 1 tid 106007
246 tid 106007
Insert  tid 106007
FindTargetPageId rootid 1 tid 106007
247 tid 106007
Insert  tid 106007
FindTargetPageId rootid 1 tid 106007
248 tid 106007
Insert  tid 106007
FindTargetPageId rootid 1 tid 106007
249 tid 106007
Insert  tid 106007
FindTargetPageId rootid 1 tid 106007
250 tid 106007
Insert  tid 106007
FindTargetPageId rootid 1 tid 106007
251 tid 106007
Insert  tid 106007
FindTargetPageId rootid 1 tid 106007
252 tid 106007
Insert  tid 106007
FindTargetPageId rootid 1 tid 106007
253 tid 106007
Insert  tid 106007
FindTargetPageId rootid 1 tid 106007
254 tid 106007
Insert  tid FindTargetPageId rootid 3 tid 106007106009

target_page_id id: 1 tid 106009
0 1 tid 106009
365 2 tid 106009
127 tid 106009
Insert  tid 106009
FindTargetPageId rootid 3 tid 106009
target_page_id id: 1 tid 106009
0 1 tid 106009
365 2 tid 106009
127 tid 106009
Insert  tid 106009
FindTargetPageId rootid 3 tid 106007
target_page_id id: 1 tid 106007
0 1 tid 106007
365 2 tid 106007
127 tid 106007
Insert  tid 106007
FindTargetPageId rootid 3 tid 106007
target_page_id id: 1 tid 106007
0 1 tid 106007
365 2 tid 106007
128 tid 106007
Insert  tid 106007
FindTargetPageId rootid 3 tid 106007
target_page_id id: 1 tid 106007
0 1 tid 106007
365 2 tid 106007
129 tid 106007
Insert  tid 106007
FindTargetPageId rootid 3 tid 106007
target_page_id id: 1 tid 106007
0 1 tid 106007
365 2 tid 106007
130 tid 106007
Insert  tid 106007
FindTargetPageId rootid 3 tid 106007
target_page_id id: 1 tid 106007
0 1 tid 106007
365 2 tid 106007
131 tid 106007
Insert  tid 106007
FindTargetPageId rootid 3 tid 106007
target_page_id id: 1 tid 106007
0 1 tid 106007
365 2 tid 106007
132 tid 106007
Insert  tid 106007
FindTargetPageId rootid 3 tid 106007
target_page_id id: 1 tid 106007
0 1 tid 106007
365 2 tid 106007
133 tid 106007
Insert  tid 106007
FindTargetPageId rootid 3 tid 106007
target_page_id id: 1 tid 106007
0 1 tid 106007
365 2 tid 106007
134 tid 106007
Insert  tid 106007
FindTargetPageId rootid 3 tid 106007
target_page_id id: 1 tid 106007
0 1 tid 106007
365 2 tid 106007
135 tid 106007
Insert  tid 106007
FindTargetPageId rootid 3 tid 106007
target_page_id id: 1 tid 106007
0 1 tid 106007
365 2 tid 106007
136 tid 106007
Insert  tid 106007
FindTargetPageId rootid 3 tid 106007
target_page_id id: 1 tid 106007
0 1 tid 106007
365 2 tid 106007
137 tid 106007
Insert  tid 106007
FindTargetPageId rootid 3 tid 106007
target_page_id id: 1 tid 106007
0 1 tid 106007
365 2 tid 106007
138 tid 106007
Insert  tid 106007
FindTargetPageId rootid 3 tid 106007
target_page_id id: 1 tid 106007
0 1 tid 106007
365 2 tid 106007
139 tid 106007
Insert  tid 106007
FindTargetPageId rootid 3 tid 106008
target_page_id id: 1 tid 106008
0 1 tid 106008
365 2 tid 106008
140 tid 106008
Remove  tid 106008
FindTargetPageId rootid 3 tid 106009
target_page_id id: 1 tid 106009
0 1 tid 106009
365 2 tid 106009
139 tid 106009
Insert  tid 106009
FindTargetPageId rootid 3 tid 106007
target_page_id id: 1 tid 106007
0 1 tid 106007
365 2 tid 106007
139 tid 106007
Insert  tid 106007
FindTargetPageId rootid 3 tid 106008
target_page_id id: 1 tid 106008
0 1 tid 106008
365 2 tid 106008
140 tid 106008
Remove  tid 106008
FindTargetPageId rootid 3 tid 106009
target_page_id id: 1 tid 106009
0 1 tid 106009
365 2 tid 106009
139 tid 106009
Insert  tid 106009
FindTargetPageId rootid 3 tid 106007
target_page_id id: 1 tid 106007
0 1 tid 106007
365 2 tid 106007
139 tid 106007
Insert  tid 106007
FindTargetPageId rootid 3 tid 106008
target_page_id id: 1 tid 106008
0 1 tid 106008
365 2 tid 106008
140 tid 106008
Remove  tid 106008
FindTargetPageId rootid 3 tid 106009
target_page_id id: 1 tid 106009
0 1 tid 106009
365 2 tid 106009
139 tid 106009
Insert  tid 106009
FindTargetPageId rootid 3 tid 106007
target_page_id id: 1 tid 106007
0 1 tid 106007
365 2 tid 106007
139 tid 106007
Insert  tid 106007
FindTargetPageId rootid 3 tid 106008
target_page_id id: 1 tid 106008
0 1 tid 106008
365 2 tid 106008
140 tid 106008
Remove  tid 106008
FindTargetPageId rootid 3 tid 106009
target_page_id id: 1 tid 106009
0 1 tid 106009
365 2 tid 106009
139 tid 106009
Insert  tid 106009
FindTargetPageId rootid 3 tid 106007
target_page_id id: 1 tid 106007
0 1 tid 106007
365 2 tid 106007
139 tid 106007
Insert  tid 106007
FindTargetPageId rootid 3 tid 106007
target_page_id id: 1 tid 106007
0 1 tid 106007
365 2 tid 106007
140 tid 106007
Insert  tid 106007
FindTargetPageId rootid 3 tid 106009
target_page_id id: 1 tid 106009
0 1 tid 106009
365 2 tid 106009
141 tid 106009
Insert  tid 106009
FindTargetPageId rootid 3 tid 106008
target_page_id id: 1 tid 106008
0 1 tid 106008
365 2 tid 106008
141 tid 106008
Remove  tid 106008
FindTargetPageId rootid 3 tid 106007
target_page_id id: 1 tid 106007
0 1 tid 106007
365 2 tid 106007
140 tid 106007
Insert  tid 106007
FindTargetPageId rootid 3 tid 106009
target_page_id id: 1 tid 106009
0 1 tid 106009
365 2 tid 106009
141 tid 106009
Insert  tid 106009
FindTargetPageId rootid 3 tid 106008
target_page_id id: 1 tid 106008
0 1 tid 106008
365 2 tid 106008
141 tid 106008
Remove  tid 106008
FindTargetPageId rootid 3 tid 106007
target_page_id id: 1 tid 106007
0 1 tid 106007
365 2 tid 106007
140 tid 106007
Insert  tid 106007
FindTargetPageId rootid 3 tid 106009
target_page_id id: 1 tid 106009
0 1 tid 106009
365 2 tid 106009
141 tid 106009
FindTargetPageId rootid 3 tid 106008
target_page_id id: 1 tid 106008
0 1 tid 106008
365 2 tid 106008
Insert  tid 106009
141 tid 106008
FindTargetPageId rootid 3 tid 106007
target_page_id id: 1 tid 106007
0 1 tid 106007
365 2 tid 106007
140 tid 106007
Insert  tid 106007
FindTargetPageId rootid 3 tid 106007
target_page_id id: 1 tid 106007
0 1 tid 106007
365 2 tid 106007
141 tid 106007
Insert  tid 106007
FindTargetPageId rootid 3 tid 106007
target_page_id id: 1 tid 106007
0 1 tid 106007
365 2 tid 106007
142 tid 106007
Insert  tid 106007
FindTargetPageId rootid 3 tid 106007
target_page_id id: 1 tid 106007
0 1 tid 106007
365 2 tid 106007
143 tid 106007
Insert  tid 106007
FindTargetPageId rootid 3 tid 106007
target_page_id id: 1 tid 106007
0 1 tid 106007
365 2 tid 106007
144 tid 106007
Insert  tid 106007
FindTargetPageId rootid 3 tid 106007
target_page_id id: 1 tid 106007
0 1 tid 106007
365 2 tid 106007
145 tid 106007
Insert  tid 106007
FindTargetPageId rootid 3 tid 106007
target_page_id id: 1 tid 106007
0 1 tid 106007
365 2 tid 106007
146 tid 106007
Insert  tid 106007
FindTargetPageId rootid 3 tid Remove 106007
target_page_id id: 1 tid 106007
0 1 tid 106007
365 2 tid 106007
147 tid 106007
Insert  tid 106007
FindTargetPageId rootid 3 tid 106007
target_page_id id: 1 tid 106007
0 1 tid 106007
365 2 tid 106007
148 tid 106007
Insert  tid 106007
FindTargetPageId rootid 3 tid 106007
target_page_id id: 1 tid 106007
0 1 tid 106007
365 2 tid 106007
149 tid 106007
Insert  tid 106007
 tid 106008
FindTargetPageId rootid 3 tid 106007
target_page_id id: 1 tid 106007
0 1 tid 106007
365 2 tid 106007
150 tid 106007
Insert  tid 106007
FindTargetPageId rootid 3 tid 106007
target_page_id id: 1 tid 106007
0 1 tid 106007
365 2 tid 106007
151 tid 106007
Insert  tid 106007
FindTargetPageId rootid 3 tid 106008
target_page_id id: 1 tid 106008
0 1 tid 106008
365 2 tid 106008
152 tid 106008
Remove  tid 106008
FindTargetPageId rootid 3 tid 106008
target_page_id id: 1 tid 106008
0 1 tid 106008
365 2 tid 106008
151 tid 106008
Remove  tid 106008
FindTargetPageId rootid 3 tid 106008
target_page_id id: 1 tid 106008
0 1 tid 106008
365 2 tid 106008
150 tid 106008
Remove  tid 106008
FindTargetPageId rootid 3 tid 106008
target_page_id id: 1 tid 106008
0 1 tid 106008
365 2 tid 106008
149 tid 106008
Remove  tid 106008
FindTargetPageId rootid 3 tid 106009
target_page_id id: 1 tid 106009
0 1 tid 106009
365 2 tid 106009
148 tid 106009
Insert  tid 106009
FindTargetPageId rootid 3 tid 106007
target_page_id id: 1 tid 106007
0 1 tid 106007
365 2 tid 106007
148 tid 106007
Insert  tid 106007
FindTargetPageId rootid 3 tid 106008
target_page_id id: 1 tid 106008
0 1 tid 106008
365 2 tid 106008
149 tid 106008
Remove  tid 106008
FindTargetPageId rootid 3 tid 106008
target_page_id id: 1 tid 106008
0 1 tid 106008
365 2 tid 106008
148 tid 106008
Remove  tid 106008
FindTargetPageId rootid 3 tid 106009
target_page_id id: 1 tid 106009
0 1 tid 106009
365 2 tid 106009
147 tid 106009
Insert  tid 106009
FindTargetPageId rootid 3 tid 106007
target_page_id id: 1 tid 106007
0 1 tid 106007
365 2 tid 106007
148 tid 106007
Insert  tid 106007
FindTargetPageId rootid 3 tid 106007
target_page_id id: 1 tid 106007
0 1 tid 106007
365 2 tid 106007
149 tid 106007
Insert  tid 106007
FindTargetPageId rootid 3 tid 106007
target_page_id id: 1 tid 106007
0 1 tid 106007
365 2 tid 106007
150 tid 106007
Insert  tid 106007
FindTargetPageId rootid 3 tid 106007
target_page_id id: 1 tid 106007
0 1 tid 106007
365 2 tid 106007
151 tid 106007
Insert  tid 106007
FindTargetPageId rootid 3 tid 106007
target_page_id id: 1 tid 106007
0 1 tid 106007
365 2 tid 106007
152 tid 106007
Insert  tid 106007
FindTargetPageId rootid 3 tid 106007
target_page_id id: 1 tid 106007
0 1 tid 106007
365 2 tid 106007
153 tid 106007
Insert  tid 106007
FindTargetPageId rootid 3 tid 106009
target_page_id id: 1 tid 106009
0 1 tid 106009
365 2 tid 106009
154 tid 106009
Insert  tid 106009
FindTargetPageId rootid 3 tid 106008
target_page_id id: 1 tid 106008
0 1 tid 106008
365 2 tid 106008
154 tid 106008
Remove  tid 106008
FindTargetPageId rootid 3 tid 106007
target_page_id id: 1 tid 106007
0 1 tid 106007
365 2 tid 106007
153 tid 106007
Insert  tid 106007
FindTargetPageId rootid 3 tid 106007
target_page_id id: 1 tid 106007
0 1 tid 106007
365 2 tid 106007
154 tid 106007
Insert  tid 106007
FindTargetPageId rootid 3 tid 106007
target_page_id id: 1 tid 106007
0 1 tid 106007
365 2 tid 106007
155 tid 106007
Insert  tid 106007
FindTargetPageId rootid 3 tid 106007
target_page_id id: 1 tid 106007
0 1 tid 106007
365 2 tid 106007
156 tid 106007
Insert  tid 106007
FindTargetPageId rootid 3 tid 106007
target_page_id id: 1 tid 106007
0 1 tid 106007
365 2 tid 106007
157 tid 106007
Insert  tid 106007
FindTargetPageId rootid 3 tid 106007
target_page_id id: 1 tid 106007
0 1 tid 106007
365 2 tid 106007
158 tid 106007
Insert  tid 106007
FindTargetPageId rootid 3 tid 106007
target_page_id id: 1 tid 106007
0 1 tid 106007
365 2 tid 106007
159 tid 106007
Insert  tid 106007
FindTargetPageId rootid 3 tid 106007
target_page_id id: 1 tid 106007
0 1 tid 106007
365 2 tid 106007
160 tid 106007
Insert  tid 106007
FindTargetPageId rootid 3 tid 106007
target_page_id id: 1 tid 106007
0 1 tid 106007
365 2 tid 106007
161 tid 106007
Insert  tid 106007
FindTargetPageId rootid 3 tid 106007
target_page_id id: 1 tid 106007
0 1 tid 106007
365 2 tid 106007
162 tid 106007
Insert  tid 106007
FindTargetPageId rootid 3 tid 106007
target_page_id id: 1 tid 106007
0 1 tid 106007
365 2 tid 106007
163 tid 106007
Insert  tid 106007
FindTargetPageId rootid 3 tid 106007
target_page_id id: 1 tid 106007
0 1 tid 106007
365 2 tid 106007
164 tid 106007
Insert  tid 106007
FindTargetPageId rootid 3 tid 106007
target_page_id id: 1 tid 106007
0 1 tid 106007
365 2 tid 106007
165 tid 106007
Insert  tid 106007
FindTargetPageId rootid 3 tid 106007
target_page_id id: 1 tid 106007
0 1 tid 106007
365 2 tid 106007
166 tid 106007
Insert  tid 106007
FindTargetPageId rootid 3 tid 106007
target_page_id id: 1 tid 106007
0 1 tid 106007
365 2 tid 106007
167 tid 106007
Insert  tid 106007
FindTargetPageId rootid 3 tid 106007
target_page_id id: 1 tid 106007
0 1 tid 106007
365 2 tid 106007
168 tid 106007
Insert  tid 106007
FindTargetPageId rootid 3 tid 106007
target_page_id id: 1 tid 106007
0 1 tid 106007
365 2 tid 106007
169 tid 106007
Insert  tid 106007
FindTargetPageId rootid 3 tid 106007
target_page_id id: 1 tid 106007
0 1 tid 106007
365 2 tid 106007
170 tid 106007
Insert  tid 106007
FindTargetPageId rootid 3 tid 106007
target_page_id id: 1 tid 106007
0 1 tid 106007
365 2 tid 106007
171 tid 106007
Insert  tid 106007
FindTargetPageId rootid 3 tid 106007
target_page_id id: 1 tid 106007
0 1 tid 106007
365 2 tid 106007
172 tid 106007
Insert  tid 106007
FindTargetPageId rootid 3 tid 106007
target_page_id id: 1 tid 106007
0 1 tid 106007
365 2 tid 106007
173 tid 106007
Insert  tid 106007
FindTargetPageId rootid 3 tid 106007
target_page_id id: 1 tid 106007
0 1 tid 106007
365 2 tid 106007
174 tid 106007
Insert  tid 106007
FindTargetPageId rootid 3 tid 106007
target_page_id id: 1 tid 106007
0 1 tid 106007
365 2 tid 106007
175 tid 106007
Insert  tid 106007
FindTargetPageId rootid 3 tid 106007
target_page_id id: 1 tid 106007
0 1 tid 106007
365 2 tid 106007
176 tid 106007
Insert  tid 106007
FindTargetPageId rootid 3 tid 106007
target_page_id id: 1 tid 106007
0 1 tid 106007
365 2 tid 106007
177 tid 106007
Insert  tid 106007
FindTargetPageId rootid 3 tid 106007
target_page_id id: 1 tid 106007
0 1 tid 106007
365 2 tid 106007
178 tid 106007
Insert  tid 106007
FindTargetPageId rootid 3 tid 106007
target_page_id id: 1 tid 106007
0 1 tid 106007
365 2 tid 106007
179 tid 106007
Insert  tid 106007
FindTargetPageId rootid 3 tid 106007
target_page_id id: 1 tid 106007
0 1 tid 106007
365 2 tid 106007
180 tid 106007
Insert  tid 106007
FindTargetPageId rootid 3 tid 106007
target_page_id id: 1 tid 106007
0 1 tid 106007
365 2 tid 106007
181 tid 106007
Insert  tid 106007
FindTargetPageId rootid 3 tid 106007
target_page_id id: 1 tid 106007
0 1 tid 106007
365 2 tid 106007
182 tid 106007
Insert  tid 106007
FindTargetPageId rootid 3 tid 106007
target_page_id id: 1 tid 106007
0 1 tid 106007
365 2 tid 106007
183 tid 106007
Insert  tid 106007
FindTargetPageId rootid 3 tid 106007
target_page_id id: 1 tid 106007
0 1 tid 106007
365 2 tid 106007
184 tid 106007
Insert  tid 106007
FindTargetPageId rootid 3 tid 106007
target_page_id id: 1 tid 106007
0 1 tid 106007
365 2 tid 106007
185 tid 106007
Insert  tid 106007
FindTargetPageId rootid 3 tid 106007
target_page_id id: 1 tid 106007
0 1 tid 106007
365 2 tid 106007
186 tid 106007
Insert  tid 106007
FindTargetPageId rootid 3 tid 106007
target_page_id id: 1 tid 106007
0 1 tid 106007
365 2 tid 106007
187 tid 106007
Insert  tid 106007
FindTargetPageId rootid 3 tid 106007
target_page_id id: 1 tid 106007
0 1 tid 106007
365 2 tid 106007
188 tid 106007
Insert  tid 106007
FindTargetPageId rootid 3 tid 106007
target_page_id id: 1 tid 106007
0 1 tid 106007
365 2 tid 106007
189 tid 106007
Insert  tid 106007
FindTargetPageId rootid 3 tid 106007
target_page_id id: 1 tid 106007
0 1 tid 106007
365 2 tid 106007
190 tid 106007
Insert  tid 106007
FindTargetPageId rootid 3 tid 106007
target_page_id id: 1 tid 106007
0 1 tid 106007
365 2 tid 106007
191 tid 106007
Insert  tid 106007
FindTargetPageId rootid 3 tid 106007
target_page_id id: 1 tid 106007
0 1 tid 106007
365 2 tid 106007
192 tid 106007
Insert  tid 106007
FindTargetPageId rootid 3 tid 106007
target_page_id id: 1 tid 106007
0 1 tid 106007
365 2 tid 106007
193 tid 106007
Insert  tid 106007
FindTargetPageId rootid 3 tid 106007
target_page_id id: 1 tid 106007
0 1 tid 106007
365 2 tid 106007
194 tid 106007
Insert  tid 106007
FindTargetPageId rootid 3 tid 106007
target_page_id id: 1 tid 106007
0 1 tid 106007
365 2 tid 106007
195 tid 106007
Insert  tid 106007
FindTargetPageId rootid 3 tid 106007
target_page_id id: 1 tid 106007
0 1 tid 106007
365 2 tid 106007
196 tid 106007
Insert  tid 106007
FindTargetPageId rootid 3 tid 106007
target_page_id id: 1 tid 106007
0 1 tid 106007
365 2 tid 106007
197 tid 106007
Insert  tid 106007
FindTargetPageId rootid 3 tid 106007
target_page_id id: 1 tid 106007
0 1 tid 106007
365 2 tid 106007
198 tid 106007
Insert  tid 106007
FindTargetPageId rootid 3 tid 106007
target_page_id id: 1 tid 106007
0 1 tid 106007
365 2 tid 106007
199 tid 106007
Insert  tid 106007
FindTargetPageId rootid 3 tid 106007
target_page_id id: 1 tid 106007
0 1 tid 106007
365 2 tid 106007
200 tid 106007
Insert  tid 106007
FindTargetPageId rootid 3 tid 106007
target_page_id id: 1 tid 106007
0 1 tid 106007
365 2 tid 106007
201 tid 106007
Insert  tid 106007
FindTargetPageId rootid 3 tid 106007
target_page_id id: 1 tid 106007
0 1 tid 106007
365 2 tid 106007
202 tid 106007
Insert  tid 106007
FindTargetPageId rootid 3 tid 106007
target_page_id id: 1 tid 106007
0 1 tid 106007
365 2 tid 106007
203 tid 106007
Insert  tid 106007
FindTargetPageId rootid 3 tid 106007
target_page_id id: 1 tid 106007
0 1 tid 106007
365 2 tid 106007
204 tid 106007
Insert  tid 106007
FindTargetPageId rootid 3 tid 106007
target_page_id id: 1 tid 106007
0 1 tid 106007
365 2 tid 106007
205 tid 106007
Insert  tid 106007
FindTargetPageId rootid 3 tid 106007
target_page_id id: 1 tid 106007
0 1 tid 106007
365 2 tid 106007
206 tid 106007
Insert  tid 106007
FindTargetPageId rootid 3 tid 106007
target_page_id id: 1 tid 106007
0 1 tid 106007
365 2 tid 106007
207 tid 106007
Insert  tid 106007
FindTargetPageId rootid 3 tid 106007
target_page_id id: 1 tid 106007
0 1 tid 106007
365 2 tid 106007
208 tid 106007
Insert  tid 106007
FindTargetPageId rootid 3 tid 106007
target_page_id id: 1 tid 106007
0 1 tid 106007
365 2 tid 106007
209 tid 106007
Insert  tid 106007
FindTargetPageId rootid 3 tid 106007
target_page_id id: 1 tid 106007
0 1 tid 106007
365 2 tid 106007
210 tid 106007
Insert  tid 106007
FindTargetPageId rootid 3 tid 106007
target_page_id id: 1 tid 106007
0 1 tid 106007
365 2 tid 106007
211 tid 106007
Insert  tid 106007
FindTargetPageId rootid 3 tid 106007
target_page_id id: 1 tid 106007
0 1 tid 106007
365 2 tid 106007
212 tid 106007
Insert  tid 106007
FindTargetPageId rootid 3 tid 106007
target_page_id id: 1 tid 106007
0 1 tid 106007
365 2 tid 106007
213 tid 106007
Insert  tid 106007
FindTargetPageId rootid 3 tid 106007
target_page_id id: 1 tid 106007
0 1 tid 106007
365 2 tid 106007
214 tid 106007
Insert  tid 106007
FindTargetPageId rootid 3 tid 106007
target_page_id id: 1 tid 106007
0 1 tid 106007
365 2 tid 106007
215 tid 106007
Insert  tid 106007
FindTargetPageId rootid 3 tid 106007
target_page_id id: 1 tid 106007
0 1 tid 106007
365 2 tid 106007
216 tid 106007
Insert  tid 106007
FindTargetPageId rootid 3 tid 106007
target_page_id id: 1 tid 106007
0 1 tid 106007
365 2 tid 106007
217 tid 106007
Insert  tid 106007
FindTargetPageId rootid 3 tid 106007
target_page_id id: 1 tid 106007
0 1 tid 106007
365 2 tid 106007
218 tid 106007
Insert  tid 106007
FindTargetPageId rootid 3 tid 106007
target_page_id id: 1 tid 106007
0 1 tid 106007
365 2 tid 106007
219 tid 106007
Insert  tid 106007
FindTargetPageId rootid 3 tid 106007
target_page_id id: 1 tid 106007
0 1 tid 106007
365 2 tid 106007
220 tid 106007
Insert  tid 106007
FindTargetPageId rootid 3 tid 106007
target_page_id id: 1 tid 106007
0 1 tid 106007
365 2 tid 106007
221 tid 106007
Insert  tid 106007
FindTargetPageId rootid 3 tid 106007
target_page_id id: 1 tid 106007
0 1 tid 106007
365 2 tid 106007
222 tid 106007
Insert  tid 106007
FindTargetPageId rootid 3 tid 106007
target_page_id id: 1 tid 106007
0 1 tid 106007
365 2 tid 106007
223 tid 106007
Insert  tid 106007
FindTargetPageId rootid 3 tid 106007
target_page_id id: 1 tid 106007
0 1 tid 106007
365 2 tid 106007
224 tid 106007
Insert  tid 106007
FindTargetPageId rootid 3 tid 106007
target_page_id id: 1 tid 106007
0 1 tid 106007
365 2 tid 106007
225 tid 106007
Insert  tid 106007
FindTargetPageId rootid 3 tid 106007
target_page_id id: 1 tid 106007
0 1 tid 106007
365 2 tid 106007
226 tid 106007
Insert  tid 106007
FindTargetPageId rootid 3 tid 106007
target_page_id id: 1 tid 106007
0 1 tid 106007
365 2 tid 106007
227 tid 106007
Insert  tid 106007
FindTargetPageId rootid 3 tid 106007
target_page_id id: 1 tid 106007
0 1 tid 106007
365 2 tid 106007
228 tid 106007
Insert  tid 106007
FindTargetPageId rootid 3 tid 106007
target_page_id id: 1 tid 106007
0 1 tid 106007
365 2 tid 106007
229 tid 106007
Insert  tid 106007
FindTargetPageId rootid 3 tid 106007
target_page_id id: 1 tid 106007
0 1 tid 106007
365 2 tid 106007
230 tid 106007
Insert  tid 106007
FindTargetPageId rootid 3 tid 106007
target_page_id id: 1 tid 106007
0 1 tid 106007
365 2 tid 106007
231 tid 106007
Insert  tid 106007
FindTargetPageId rootid 3 tid 106007
target_page_id id: 1 tid 106007
0 1 tid 106007
365 2 tid 106007
232 tid 106007
Insert  tid 106007
FindTargetPageId rootid 3 tid 106007
target_page_id id: 1 tid 106007
0 1 tid 106007
365 2 tid 106007
233 tid 106007
Insert  tid 106007
FindTargetPageId rootid 3 tid 106007
target_page_id id: 1 tid 106007
0 1 tid 106007
365 2 tid 106007
234 tid 106007
Insert  tid 106007
FindTargetPageId rootid 3 tid 106007
target_page_id id: 1 tid 106007
0 1 tid 106007
365 2 tid 106007
235 tid 106007
Insert  tid 106007
FindTargetPageId rootid 3 tid 106007
target_page_id id: 1 tid 106007
0 1 tid 106007
365 2 tid 106007
236 tid 106007
Insert  tid 106007
FindTargetPageId rootid 3 tid 106007
target_page_id id: 1 tid 106007
0 1 tid 106007
365 2 tid 106007
237 tid 106007
Insert  tid 106007
FindTargetPageId rootid 3 tid 106007
target_page_id id: 1 tid 106007
0 1 tid 106007
365 2 tid 106007
238 tid 106007
Insert  tid 106007
FindTargetPageId rootid 3 tid 106007
target_page_id id: 1 tid 106007
0 1 tid 106007
365 2 tid 106007
239 tid 106007
Insert  tid 106007
FindTargetPageId rootid 3 tid 106007
target_page_id id: 1 tid 106007
0 1 tid 106007
365 2 tid 106007
240 tid 106007
Insert  tid 106007
FindTargetPageId rootid 3 tid 106007
target_page_id id: 1 tid 106007
0 1 tid 106007
365 2 tid 106007
241 tid 106007
Insert  tid 106007
FindTargetPageId rootid 3 tid 106007
target_page_id id: 1 tid 106007
0 1 tid 106007
365 2 tid 106007
242 tid 106007
Insert  tid 106007
FindTargetPageId rootid 3 tid 106007
target_page_id id: 1 tid 106007
0 1 tid 106007
365 2 tid 106007
243 tid 106007
Insert  tid 106007
FindTargetPageId rootid 3 tid 106007
target_page_id id: 1 tid 106007
0 1 tid 106007
365 2 tid 106007
244 tid 106007
Insert  tid 106007
FindTargetPageId rootid 3 tid 106007
target_page_id id: 1 tid 106007
0 1 tid 106007
365 2 tid 106007
245 tid 106007
Insert  tid 106007
FindTargetPageId rootid 3 tid 106007
target_page_id id: 1 tid 106007
0 1 tid 106007
365 2 tid 106007
246 tid 106007
Insert  tid 106007
FindTargetPageId rootid 3 tid 106007
target_page_id id: 1 tid 106007
0 1 tid 106007
365 2 tid 106007
247 tid 106007
Insert  tid 106007
FindTargetPageId rootid 3 tid 106009
target_page_id id: 1 tid 106009
0 1 tid 106009
365 2 tid 106009
248 tid 106009
Insert  tid 106009
FindTargetPageId rootid 3 tid 106009
target_page_id id: 1 tid 106009
0 1 tid 106009
365 2 tid 106009
248 tid 106009
Insert  tid 106009
FindTargetPageId rootid 3 tid 106009
target_page_id id: 1 tid 106009
0 1 tid 106009
365 2 tid 106009
248 tid 106009
Insert  tid 106009
FindTargetPageId rootid 3 tid 106009
target_page_id id: 1 tid 106009
0 1 tid 106009
365 2 tid 106009
248 tid 106009
Insert  tid 106009
FindTargetPageId rootid 3 tid 106007
target_page_id id: 1 tid 106007
0 1 tid 106007
365 2 tid 106007
248 tid 106007
Insert  tid 106007
FindTargetPageId rootid 3 tid 106007
target_page_id id: 1 tid 106007
0 1 tid 106007
365 2 tid 106007
249 tid 106007
Insert  tid 106007
FindTargetPageId rootid 3 tid 106009
target_page_id id: 1 tid 106009
0 1 tid 106009
365 2 tid 106009
250 tid 106009
FindTargetPageId rootid 3 tid 106008
target_page_id id: 1 tid 106008
0 1 tid 106008
365 2 tid 106008
Insert  tid 106009
250 tid 106008
Remove  tid 106008
FindTargetPageId rootid 3 tid 106007
target_page_id id: 1 tid 106007
0 1 tid 106007
365 2 tid 106007
249 tid 106007
FindTargetPageId rootid 3 tid 106009
Insert target_page_id id:  tid 1 tid 106007
106009
0 1 tid 106009
365 2 tid 106009
250 tid 106009
Insert  tid 106009
FindTargetPageId rootid 3 tid 106009
target_page_id id: 1 tid 106009
0 1 tid 106009
365 2 tid 106009
250 tid 106009
Insert  tid 106009
FindTargetPageId rootid 3 tid 106009
target_page_id id: 1 tid 106009
0 1 tid 106009
365 2 tid 106009
250 tid 106009
Insert  tid 106009
FindTargetPageId rootid 3 tid 106008
target_page_id id: 1 tid 106008
0 1 tid 106008
365 2 tid 106008
250 tid 106008
Remove  tid 106008
FindTargetPageId rootid 3 tid 106008
target_page_id id: 1 tid 106008
0 1 tid 106008
365 2 tid 106008
249 tid 106008
Remove  tid 106008
FindTargetPageId rootid 3 tid 106008
target_page_id id: 1 tid 106008
0 1 tid 106008
365 2 tid 106008
248 tid 106008
Remove  tid 106008
FindTargetPageId rootid 3 tid 106009
target_page_id id: 1 tid 106009
0 1 tid 106009
365 2 tid 106009
247 tid 106009
Insert  tid 106009
FindTargetPageId rootid 3 tid 106007
target_page_id id: 1 tid 106007
0 1 tid 106007
365 2 tid 106007
247 tid 106007
Insert  tid 106007
FindTargetPageId rootid 3 tid 106008
target_page_id id: 1 tid 106008
0 1 tid 106008
365 2 tid 106008
248 tid 106008
Remove  tid 106008
FindTargetPageId rootid 3 tid 106008
target_page_id id: 1 tid 106008
0 1 tid 106008
365 2 tid 106008
247 tid 106008
Remove  tid 106008
FindTargetPageId rootid 3 tid 106008
target_page_id id: 1 tid 106008
0 1 tid 106008
365 2 tid 106008
246 tid 106008
Remove  tid 106008
FindTargetPageId rootid 3 tid 106008
target_page_id id: 1 tid 106008
0 1 tid 106008
365 2 tid 106008
245 tid 106008
Remove  tid 106008
FindTargetPageId rootid 3 tid 106008
target_page_id id: 1 tid 106008
0 1 tid 106008
365 2 tid 106008
244 tid 106008
Remove  tid 106008
FindTargetPageId rootid 3 tid 106008
target_page_id id: 1 tid 106008
0 1 tid 106008
365 2 tid 106008
243 tid 106008
Remove  tid 106008
FindTargetPageId rootid 3 tid 106008
target_page_id id: 1 tid 106008
0 1 tid 106008
365 2 tid 106008
242 tid 106008
Remove  tid 106008
FindTargetPageId rootid 3 tid 106008
target_page_id id: 1 tid 106008
0 1 tid 106008
365 2 tid 106008
241 tid 106008
Remove  tid 106008
FindTargetPageId rootid 3 tid 106008
target_page_id id: 1 tid 106008
0 1 tid 106008
365 2 tid 106008
240 tid 106008
Remove  tid 106008
FindTargetPageId rootid 3 tid 106008
target_page_id id: 1 tid 106008
0 1 tid 106008
365 2 tid 106008
239 tid 106008
Remove  tid 106008
FindTargetPageId rootid 3 tid 106008
target_page_id id: 1 tid 106008
0 1 tid 106008
365 2 tid 106008
238 tid 106008
Remove  tid 106008
FindTargetPageId rootid 3 tid 106008
target_page_id id: 1 tid 106008
0 1 tid 106008
365 2 tid 106008
237 tid 106008
Remove  tid 106008
FindTargetPageId rootid 3 tid 106008
target_page_id id: 1 tid 106008
0 1 tid 106008
365 2 tid 106008
236 tid 106008
Remove  tid 106008
FindTargetPageId rootid 3 tid 106008
target_page_id id: 1 tid 106008
0 1 tid 106008
365 2 tid 106008
235 tid 106008
Remove  tid 106008
FindTargetPageId rootid 3 tid 106008
target_page_id id: 1 tid 106008
0 1 tid 106008
365 2 tid 106008
234 tid 106008
Remove  tid 106008
FindTargetPageId rootid 3 tid 106008
target_page_id id: 1 tid 106008
0 1 tid 106008
365 2 tid 106008
233 tid 106008
Remove  tid 106008
FindTargetPageId rootid 3 tid 106008
target_page_id id: 1 tid 106008
0 1 tid 106008
365 2 tid 106008
232 tid 106008
Remove  tid 106008
FindTargetPageId rootid 3 tid 106008
target_page_id id: 1 tid 106008
0 1 tid 106008
365 2 tid 106008
231 tid 106008
Remove  tid 106008
FindTargetPageId rootid 3 tid 106008
target_page_id id: 1 tid 106008
0 1 tid 106008
365 2 tid 106008
230 tid 106008
Remove  tid 106008
FindTargetPageId rootid 3 tid 106008
target_page_id id: 1 tid 106008
0 1 tid 106008
365 2 tid 106008
229 tid 106008
Remove  tid 106008
FindTargetPageId rootid 3 tid 106008
target_page_id id: 1 tid 106008
0 1 tid 106008
365 2 tid 106008
228 tid 106008
Remove  tid 106008
FindTargetPageId rootid 3 tid 106008
target_page_id id: 1 tid 106008
0 1 tid 106008
365 2 tid 106008
227 tid 106008
Remove  tid 106008
FindTargetPageId rootid 3 tid 106008
target_page_id id: 1 tid 106008
0 1 tid 106008
365 2 tid 106008
226 tid 106008
Remove  tid 106008
FindTargetPageId rootid 3 tid 106008
target_page_id id: 1 tid 106008
0 1 tid 106008
365 2 tid 106008
225 tid 106008
Remove  tid 106008
FindTargetPageId rootid 3 tid 106008
target_page_id id: 1 tid 106008
0 1 tid 106008
365 2 tid 106008
224 tid 106008
Remove  tid 106008
FindTargetPageId rootid 3 tid 106008
target_page_id id: 1 tid 106008
0 1 tid 106008
365 2 tid 106008
223 tid 106008
Remove  tid 106008
FindTargetPageId rootid 3 tid 106008
target_page_id id: 1 tid 106008
0 1 tid 106008
365 2 tid 106008
222 tid 106008
Remove  tid 106008
FindTargetPageId rootid 3 tid 106008
target_page_id id: 1 tid 106008
0 1 tid 106008
365 2 tid 106008
221 tid 106008
Remove  tid 106008
FindTargetPageId rootid 3 tid 106008
target_page_id id: 1 tid 106008
0 1 tid 106008
365 2 tid 106008
220 tid 106008
Remove  tid 106008
FindTargetPageId rootid 3 tid 106008
target_page_id id: 1 tid 106008
0 1 tid 106008
365 2 tid 106008
219 tid 106008
Remove  tid 106008
FindTargetPageId rootid 3 tid 106008
target_page_id id: 1 tid 106008
0 1 tid 106008
365 2 tid 106008
218 tid 106008
Remove  tid 106008
FindTargetPageId rootid 3 tid 106008
target_page_id id: 1 tid 106008
0 1 tid 106008
365 2 tid 106008
217 tid 106008
Remove  tid 106008
FindTargetPageId rootid 3 tid 106008
target_page_id id: 1 tid 106008
0 1 tid 106008
365 2 tid 106008
216 tid 106008
Remove  tid 106008
FindTargetPageId rootid 3 tid 106008
target_page_id id: 1 tid 106008
0 1 tid 106008
365 2 tid 106008
215 tid 106008
Remove  tid 106008
FindTargetPageId rootid 3 tid 106008
target_page_id id: 1 tid 106008
0 1 tid 106008
365 2 tid 106008
214 tid 106008
FindTargetPageId rootid 3 tid 106007
target_page_id id: 1 tid 106007
0 1 tid 106007
365 2 tid 106007
213 tid 106007
Remove  tid 106008
Insert  tid 106007
FindTargetPageId rootid 3 tid 106009
target_page_id id: 1 tid 106009
0 1 tid 106009
365 2 tid 106009
214 tid 106009
Insert  tid 106009
FindTargetPageId rootid 3 tid 106009
target_page_id id: 1 tid 106009
0 1 tid 106009
365 2 tid 106009
215 tid 106009
Insert  tid 106009
FindTargetPageId rootid 3 tid 106007
target_page_id id: 1 tid 106007
0 1 tid 106007
365 2 tid 106007
216 tid 106007
Insert  tid 106007
FindTargetPageId rootid 3 tid 106007
target_page_id id: 1 tid 106007
0 1 tid 106007
365 2 tid 106007
217 tid 106007
Insert  tid 106007
FindTargetPageId rootid 3 tid 106009
target_page_id id: 1 tid 106009
0 1 tid 106009
365 2 tid 106009
218 tid 106009
Insert  tid 106009
FindTargetPageId rootid 3 tid 106008
target_page_id id: 1 tid 106008
0 1 tid 106008
365 2 tid 106008
219 tid 106008
FindTargetPageId rootid 3 tid 106007
Remove target_page_id id:  tid 1106008 tid 
106007
0 1 tid 106007
365 2 tid 106007
218 tid 106007
Insert  tid 106007
FindTargetPageId rootid 3 tid 106007
target_page_id id: 1 tid 106007
0 1 tid 106007
365 2 tid 106007
219 tid 106007
Insert  tid 106007
FindTargetPageId rootid 3 tid 106007
target_page_id id: 1 tid 106007
0 1 tid 106007
365 2 tid 106007
220 tid 106007
Insert  tid 106007
FindTargetPageId rootid 3 tid 106007
target_page_id id: 1 tid 106007
0 1 tid 106007
365 2 tid 106007
221 tid 106007
Insert  tid 106007
FindTargetPageId rootid 3 tid 106007
target_page_id id: 1 tid 106007
0 1 tid 106007
365 2 tid 106007
222 tid 106007
Insert  tid 106007
FindTargetPageId rootid 3 tid 106007
target_page_id id: 1 tid 106007
0 1 tid 106007
365 2 tid 106007
223 tid 106007
Insert  tid 106007
FindTargetPageId rootid 3 tid 106007
target_page_id id: 1 tid 106007
0 1 tid 106007
365 2 tid 106007
224 tid 106007
Insert  tid 106007
FindTargetPageId rootid 3 tid 106007
target_page_id id: 1 tid 106007
0 1 tid 106007
365 2 tid 106007
225 tid 106007
Insert  tid 106007
FindTargetPageId rootid 3 tid 106007
target_page_id id: 1 tid 106007
0 1 tid 106007
365 2 tid 106007
226 tid 106007
Insert  tid 106007
FindTargetPageId rootid 3 tid 106008
target_page_id id: 1 tid 106008
0 1 tid 106008
365 2 tid 106008
227 tid 106008
Remove  tid 106008
FindTargetPageId rootid 3 tid 106008
target_page_id id: 1 tid 106008
0 1 tid 106008
365 2 tid 106008
226 tid 106008
Remove  tid 106008
FindTargetPageId rootid 3 tid 106008
target_page_id id: 1 tid 106008
0 1 tid 106008
365 2 tid 106008
225 tid 106008
Remove  tid 106008
FindTargetPageId rootid 3 tid 106007
target_page_id id: 1 tid 106007
0 1 tid 106007
365 2 tid 106007
224 tid 106007
Insert  tid 106007
FindTargetPageId rootid 3 tid 106009
target_page_id id: 1 tid 106009
0 1 tid 106009
365 2 tid 106009
225 tid 106009
Insert  tid 106009
FindTargetPageId rootid 3 tid 106008
target_page_id id: 1 tid 106008
0 1 tid 106008
365 2 tid 106008
226 tid 106008
Remove  tid 106008
FindTargetPageId rootid 3 tid 106008
target_page_id id: 1 tid 106008
0 1 tid 106008
365 2 tid 106008
225 tid 106008
Remove  tid 106008
FindTargetPageId rootid 3 tid 106008
target_page_id id: 1 tid 106008
0 1 tid 106008
365 2 tid 106008
224 tid 106008
Remove  tid 106008
FindTargetPageId rootid 3 tid 106008
target_page_id id: 1 tid 106008
0 1 tid 106008
365 2 tid 106008
223 tid 106008
Remove  tid 106008
FindTargetPageId rootid 3 tid 106008
target_page_id id: 1 tid 106008
0 1 tid 106008
365 2 tid 106008
222 tid 106008
Remove  tid 106008
FindTargetPageId rootid 3 tid 106008
target_page_id id: 1 tid 106008
0 1 tid 106008
365 2 tid 106008
221 tid 106008
Remove  tid 106008
FindTargetPageId rootid 3 tid 106008
target_page_id id: 1 tid 106008
0 1 tid 106008
365 2 tid 106008
220 tid 106008
Remove  tid 106008
FindTargetPageId rootid 3 tid 106008
target_page_id id: 1 tid 106008
0 1 tid 106008
365 2 tid 106008
219 tid 106008
Remove  tid 106008
FindTargetPageId rootid 3 tid 106008
target_page_id id: 1 tid 106008
0 1 tid 106008
365 2 tid 106008
218 tid 106008
Remove  tid 106008
FindTargetPageId rootid 3 tid 106008
target_page_id id: 1 tid 106008
0 1 tid 106008
365 2 tid 106008
217 tid 106008
Remove  tid 106008
FindTargetPageId rootid 3 tid 106008
target_page_id id: 1 tid 106008
0 1 tid 106008
365 2 tid 106008
216 tid 106008
Remove  tid 106008
FindTargetPageId rootid 3 tid 106008
target_page_id id: 1 tid 106008
0 1 tid 106008
365 2 tid 106008
215 tid 106008
Remove  tid 106008
FindTargetPageId rootid 3 tid 106008
target_page_id id: 1 tid 106008
0 1 tid 106008
365 2 tid 106008
214 tid 106008
Remove  tid 106008
FindTargetPageId rootid 3 tid 106008
target_page_id id: 1 tid 106008
0 1 tid 106008
365 2 tid 106008
213 tid 106008
Remove  tid 106008
FindTargetPageId rootid 3 tid 106008
target_page_id id: 1 tid 106008
0 1 tid 106008
365 2 tid 106008
212 tid 106008
Remove  tid 106008
FindTargetPageId rootid 3 tid 106008
target_page_id id: 1 tid 106008
0 1 tid 106008
365 2 tid 106008
211 tid 106008
Remove  tid 106008
FindTargetPageId rootid 3 tid 106008
target_page_id id: 1 tid 106008
0 1 tid 106008
365 2 tid 106008
210 tid 106008
Remove  tid 106008
FindTargetPageId rootid 3 tid 106008
target_page_id id: 1 tid 106008
0 1 tid 106008
365 2 tid 106008
209 tid 106008
Remove  tid 106008
FindTargetPageId rootid 3 tid 106008
target_page_id id: 1 tid 106008
0 1 tid 106008
365 2 tid 106008
208 tid 106008
Remove  tid 106008
FindTargetPageId rootid 3 tid 106008
target_page_id id: 1 tid 106008
0 1 tid 106008
365 2 tid 106008
207 tid 106008
Remove  tid 106008
FindTargetPageId rootid 3 tid 106008
target_page_id id: 1 tid 106008
0 1 tid 106008
365 2 tid 106008
206 tid 106008
Remove  tid 106008
FindTargetPageId rootid 3 tid 106008
target_page_id id: 1 tid 106008
0 1 tid 106008
365 2 tid 106008
205 tid 106008
Remove  tid 106008
FindTargetPageId rootid 3 tid 106008
target_page_id id: 1 tid 106008
0 1 tid 106008
365 2 tid 106008
204 tid 106008
Remove  tid 106008
FindTargetPageId rootid 3 tid 106008
target_page_id id: 1 tid 106008
0 1 tid 106008
365 2 tid 106008
203 tid 106008
Remove  tid 106008
FindTargetPageId rootid 3 tid 106008
target_page_id id: 1 tid 106008
0 1 tid 106008
365 2 tid 106008
202 tid 106008
Remove  tid 106008
FindTargetPageId rootid 3 tid 106008
target_page_id id: 1 tid 106008
0 1 tid 106008
365 2 tid 106008
201 tid 106008
Remove  tid 106008
FindTargetPageId rootid 3 tid 106008
target_page_id id: 1 tid 106008
0 1 tid 106008
365 2 tid 106008
200 tid 106008
Remove  tid 106008
FindTargetPageId rootid 3 tid 106008
target_page_id id: 1 tid 106008
0 1 tid 106008
365 2 tid 106008
199 tid 106008
Remove  tid 106008
FindTargetPageId rootid 3 tid 106008
target_page_id id: 1 tid 106008
0 1 tid 106008
365 2 tid 106008
198 tid 106008
Remove  tid 106008
FindTargetPageId rootid 3 tid 106008
target_page_id id: 1 tid 106008
0 1 tid 106008
365 2 tid 106008
197 tid 106008
Remove  tid 106008
FindTargetPageId rootid 3 tid 106008
target_page_id id: 1 tid 106008
0 1 tid 106008
365 2 tid 106008
196 tid 106008
Remove  tid 106008
FindTargetPageId rootid 3 tid 106008
target_page_id id: 1 tid 106008
0 1 tid 106008
365 2 tid 106008
195 tid 106008
Remove  tid 106008
FindTargetPageId rootid 3 tid 106008
target_page_id id: 1 tid 106008
0 1 tid 106008
365 2 tid 106008
194 tid 106008
Remove  tid 106008
FindTargetPageId rootid 3 tid 106008
target_page_id id: 1 tid 106008
0 1 tid 106008
365 2 tid 106008
193 tid 106008
Remove  tid 106008
FindTargetPageId rootid 3 tid 106008
target_page_id id: 1 tid 106008
0 1 tid 106008
365 2 tid 106008
192 tid 106008
Remove  tid 106008
FindTargetPageId rootid 3 tid 106008
target_page_id id: 1 tid 106008
0 1 tid 106008
365 2 tid 106008
191 tid 106008
Remove  tid 106008
FindTargetPageId rootid 3 tid 106008
target_page_id id: 1 tid 106008
0 1 tid 106008
365 2 tid 106008
190 tid 106008
Remove  tid 106008
FindTargetPageId rootid 3 tid 106008
target_page_id id: 1 tid 106008
0 1 tid 106008
365 2 tid 106008
189 tid 106008
Remove  tid 106008
FindTargetPageId rootid 3 tid 106008
target_page_id id: 1 tid 106008
0 1 tid 106008
365 2 tid 106008
188 tid 106008
Remove  tid 106008
FindTargetPageId rootid 3 tid 106008
target_page_id id: 1 tid 106008
0 1 tid 106008
365 2 tid 106008
187 tid 106008
Remove  tid 106008
FindTargetPageId rootid 3 tid 106008
target_page_id id: 1 tid 106008
0 1 tid 106008
365 2 tid 106008
186 tid 106008
Remove  tid 106008
FindTargetPageId rootid 3 tid 106008
target_page_id id: 1 tid 106008
0 1 tid 106008
365 2 tid 106008
185 tid 106008
Remove  tid 106008
FindTargetPageId rootid 3 tid 106008
target_page_id id: 1 tid 106008
0 1 tid 106008
365 2 tid 106008
184 tid 106008
Remove  tid 106008
FindTargetPageId rootid 3 tid 106008
target_page_id id: 1 tid 106008
0 1 tid 106008
365 2 tid 106008
183 tid 106008
Remove  tid 106008
FindTargetPageId rootid 3 tid 106008
target_page_id id: 1 tid 106008
0 1 tid 106008
365 2 tid 106008
182 tid 106008
Remove  tid 106008
FindTargetPageId rootid 3 tid 106008
target_page_id id: 1 tid 106008
0 1 tid 106008
365 2 tid 106008
181 tid 106008
Remove  tid 106008
FindTargetPageId rootid 3 tid 106008
target_page_id id: 1 tid 106008
0 1 tid 106008
365 2 tid 106008
180 tid 106008
Remove  tid 106008
FindTargetPageId rootid 3 tid 106008
target_page_id id: 1 tid 106008
0 1 tid 106008
365 2 tid 106008
179 tid 106008
Remove  tid 106008
FindTargetPageId rootid 3 tid 106008
target_page_id id: 1 tid 106008
0 1 tid 106008
365 2 tid 106008
178 tid 106008
Remove  tid 106008
FindTargetPageId rootid 3 tid 106008
target_page_id id: 1 tid 106008
0 1 tid 106008
365 2 tid 106008
177 tid 106008
Remove  tid 106008
FindTargetPageId rootid 3 tid 106008
target_page_id id: 1 tid 106008
0 1 tid 106008
365 2 tid 106008
176 tid 106008
Remove  tid 106008
FindTargetPageId rootid 3 tid 106008
target_page_id id: 1 tid 106008
0 1 tid 106008
365 2 tid 106008
175 tid 106008
Remove  tid 106008
FindTargetPageId rootid 3 tid 106008
target_page_id id: 1 tid 106008
0 1 tid 106008
365 2 tid 106008
174 tid 106008
Remove  tid 106008
FindTargetPageId rootid 3 tid 106008
target_page_id id: 1 tid 106008
0 1 tid 106008
365 2 tid 106008
173 tid 106008
Remove  tid 106008
FindTargetPageId rootid 3 tid 106008
target_page_id id: 1 tid 106008
0 1 tid 106008
365 2 tid 106008
172 tid 106008
Remove  tid 106008
FindTargetPageId rootid 3 tid 106008
target_page_id id: 1 tid 106008
0 1 tid 106008
365 2 tid 106008
171 tid 106008
Remove  tid 106008
FindTargetPageId rootid 3 tid 106008
target_page_id id: 1 tid 106008
0 1 tid 106008
365 2 tid 106008
170 tid 106008
Remove  tid 106008
FindTargetPageId rootid 3 tid 106008
target_page_id id: 1 tid 106008
0 1 tid 106008
365 2 tid 106008
169 tid 106008
Remove  tid 106008
FindTargetPageId rootid 3 tid 106008
target_page_id id: 1 tid 106008
0 1 tid 106008
365 2 tid 106008
168 tid 106008
Remove  tid 106008
FindTargetPageId rootid 3 tid 106008
target_page_id id: 1 tid 106008
0 1 tid 106008
365 2 tid 106008
167 tid 106008
Remove  tid 106008
FindTargetPageId rootid 3 tid 106008
target_page_id id: 1 tid 106008
0 1 tid 106008
365 2 tid 106008
166 tid 106008
Remove  tid 106008
FindTargetPageId rootid 3 tid 106008
target_page_id id: 1 tid 106008
0 1 tid 106008
365 2 tid 106008
165 tid 106008
Remove  tid 106008
FindTargetPageId rootid 3 tid 106008
target_page_id id: 1 tid 106008
0 1 tid 106008
365 2 tid 106008
164 tid 106008
Remove  tid 106008
FindTargetPageId rootid 3 tid 106008
target_page_id id: 1 tid 106008
0 1 tid 106008
365 2 tid 106008
163 tid 106008
Remove  tid 106008
FindTargetPageId rootid 3 tid 106008
target_page_id id: 1 tid 106008
0 1 tid 106008
365 2 tid 106008
162 tid 106008
Remove  tid 106008
FindTargetPageId rootid 3 tid 106008
target_page_id id: 1 tid 106008
0 1 tid 106008
365 2 tid 106008
161 tid 106008
Remove  tid 106008
FindTargetPageId rootid 3 tid 106008
target_page_id id: 1 tid 106008
0 1 tid 106008
365 2 tid 106008
160 tid 106008
Remove  tid 106008
FindTargetPageId rootid 3 tid 106008
target_page_id id: 1 tid 106008
0 1 tid 106008
365 2 tid 106008
159 tid 106008
Remove  tid 106008
FindTargetPageId rootid 3 tid 106008
target_page_id id: 1 tid 106008
0 1 tid 106008
365 2 tid 106008
158 tid 106008
Remove  tid 106008
FindTargetPageId rootid 3 tid 106008
target_page_id id: 1 tid 106008
0 1 tid 106008
365 2 tid 106008
157 tid 106008
Remove  tid 106008
FindTargetPageId rootid 3 tid 106008
target_page_id id: 1 tid 106008
0 1 tid 106008
365 2 tid 106008
156 tid 106008
Remove  tid 106008
FindTargetPageId rootid 3 tid 106008
target_page_id id: 1 tid 106008
0 1 tid 106008
365 2 tid 106008
155 tid 106008
Remove  tid 106008
FindTargetPageId rootid 3 tid 106008
target_page_id id: 1 tid 106008
0 1 tid 106008
365 2 tid 106008
154 tid 106008
Remove  tid 106008
FindTargetPageId rootid 3 tid 106008
target_page_id id: 1 tid 106008
0 1 tid 106008
365 2 tid 106008
153 tid 106008
Remove  tid 106008
FindTargetPageId rootid 3 tid 106008
target_page_id id: 1 tid 106008
0 1 tid 106008
365 2 tid 106008
152 tid 106008
Remove  tid 106008
FindTargetPageId rootid 3 tid 106008
target_page_id id: 1 tid 106008
0 1 tid 106008
365 2 tid 106008
151 tid 106008
Remove  tid 106008
FindTargetPageId rootid 3 tid 106008
target_page_id id: 1 tid 106008
0 1 tid 106008
365 2 tid 106008
150 tid 106008
Remove  tid 106008
FindTargetPageId rootid 3 tid 106008
target_page_id id: 1 tid 106008
0 1 tid 106008
365 2 tid 106008
149 tid 106008
Remove  tid 106008
FindTargetPageId rootid 3 tid 106008
target_page_id id: 1 tid 106008
0 1 tid 106008
365 2 tid 106008
148 tid 106008
Remove  tid 106008
FindTargetPageId rootid 3 tid 106008
target_page_id id: 1 tid 106008
0 1 tid 106008
365 2 tid 106008
147 tid 106008
Remove  tid 106008
FindTargetPageId rootid 3 tid 106008
target_page_id id: 1 tid 106008
0 1 tid 106008
365 2 tid 106008
146 tid 106008
Remove  tid 106008
FindTargetPageId rootid 3 tid 106008
target_page_id id: 1 tid 106008
0 1 tid 106008
365 2 tid 106008
145 tid 106008
Remove  tid 106008
FindTargetPageId rootid 3 tid 106008
target_page_id id: 1 tid 106008
0 1 tid 106008
365 2 tid 106008
144 tid 106008
Remove  tid 106008
FindTargetPageId rootid 3 tid 106008
target_page_id id: 1 tid 106008
0 1 tid 106008
365 2 tid 106008
143 tid 106008
Remove  tid 106008
FindTargetPageId rootid 3 tid 106008
target_page_id id: 1 tid 106008
0 1 tid 106008
365 2 tid 106008
142 tid 106008
Remove  tid 106008
FindTargetPageId rootid 3 tid 106008
target_page_id id: 1 tid 106008
0 1 tid 106008
365 2 tid 106008
141 tid 106008
Remove  tid 106008
FindTargetPageId rootid 3 tid 106008
target_page_id id: 1 tid 106008
0 1 tid 106008
365 2 tid 106008
140 tid 106008
Remove  tid 106008
FindTargetPageId rootid 3 tid 106008
target_page_id id: 1 tid 106008
0 1 tid 106008
365 2 tid 106008
139 tid 106008
Remove  tid 106008
FindTargetPageId rootid 3 tid 106008
target_page_id id: 1 tid 106008
0 1 tid 106008
365 2 tid 106008
138 tid 106008
Remove  tid 106008
FindTargetPageId rootid 3 tid 106008
target_page_id id: 1 tid 106008
0 1 tid 106008
365 2 tid 106008
137 tid 106008
Remove  tid 106008
FindTargetPageId rootid 3 tid 106008
target_page_id id: 1 tid 106008
0 1 tid 106008
365 2 tid 106008
136 tid 106008
Remove  tid 106008
FindTargetPageId rootid 3 tid 106008
target_page_id id: 1 tid 106008
0 1 tid 106008
365 2 tid 106008
135 tid 106008
Remove  tid 106008
FindTargetPageId rootid 3 tid 106008
target_page_id id: 1 tid 106008
0 1 tid 106008
365 2 tid 106008
134 tid 106008
Remove  tid 106008
FindTargetPageId rootid 3 tid 106008
target_page_id id: 1 tid 106008
0 1 tid 106008
365 2 tid 106008
133 tid 106008
Remove  tid 106008
FindTargetPageId rootid 3 tid 106008
target_page_id id: 1 tid 106008
0 1 tid 106008
365 2 tid 106008
132 tid 106008
Remove  tid 106008
FindTargetPageId rootid 3 tid 106008
target_page_id id: 1 tid 106008
0 1 tid 106008
365 2 tid 106008
131 tid 106008
Remove  tid 106008
FindTargetPageId rootid 3 tid 106008
target_page_id id: 1 tid 106008
0 1 tid 106008
365 2 tid 106008
130 tid 106008
Remove  tid 106008
FindTargetPageId rootid 3 tid 106008
target_page_id id: 1 tid 106008
0 1 tid 106008
365 2 tid 106008
129 tid 106008
Remove  tid 106008
FindTargetPageId rootid 3 tid 106008
target_page_id id: 1 tid 106008
0 1 tid 106008
365 2 tid 106008
128 tid 106008
FindTargetPageId rootid 3 tid 106007
Remove  tid target_page_id id: 1 tid 106007
0 1 tid 106007
365 2 tid 106007
127 tid 106007
Insert  tid 106007
FindTargetPageId rootid 3 tid 106007
target_page_id id: 1 tid 106008106007
0 1 tid 106007
365 2 tid 106007
128 tid 
106007
Insert  tid 106007
FindTargetPageId rootid 3 tid 106007
target_page_id id: 1 tid 106007
0 1 tid 106007
365 2 tid 106007
129 tid 106007
Insert  tid 106007
FindTargetPageId rootid 3 tid 106007
target_page_id id: 1 tid 106007
0 1 tid 106007
365 2 tid 106007
130 tid 106007
Insert  tid 106007
FindTargetPageId rootid 3 tid 106008
target_page_id id: 1 tid 106008
0 1 tid 106008
365 2 tid 106008
131 tid 106008
Remove  tid 106008
FindTargetPageId rootid 3 tid 106008
target_page_id id: 1 tid 106008
0 1 tid 106008
365 2 tid 106008
130 tid 106008
Remove  tid 106008
FindTargetPageId rootid 3 tid 106008
target_page_id id: 1 tid 106008
0 1 tid 106008
365 2 tid 106008
129 tid 106008
Remove  tid 106008
FindTargetPageId rootid 3 tid 106008
target_page_id id: 1 tid 106008
0 1 tid 106008
365 2 tid 106008
128 tid 106008
Remove  tid 106008
FindTargetPageId rootid 3 tid 106008
target_page_id id: 1 tid 106008
0 1 tid 106008
365 2 tid 106008
127 tid 106008
Remove  tid 106008
FindTargetPageId rootid 1 tid 106008
254 tid 106008
Remove  tid 106008
FindTargetPageId rootid 1 tid 106008
253 tid 106008
Remove  tid 106008
FindTargetPageId rootid 1 tid 106008
252 tid 106008
Remove  tid 106008
FindTargetPageId rootid 1 tid 106008
251 tid 106008
Remove  tid 106008
FindTargetPageId rootid 1 tid 106008
250 tid 106008
Remove  tid 106008
FindTargetPageId rootid 1 tid 106008
249 tid 106008
Remove  tid 106008
FindTargetPageId rootid 1 tid 106008
248 tid 106008
Remove  tid 106008
FindTargetPageId rootid 1 tid 106008
247 tid 106008
Remove  tid 106008
FindTargetPageId rootid 1 tid 106008
246 tid 106008
Remove  tid 106008
FindTargetPageId rootid 1 tid 106008
245 tid 106008
Remove  tid 106008
FindTargetPageId rootid 1 tid 106008
244 tid 106008
Remove  tid 106008
FindTargetPageId rootid 1 tid 106009
243 tid 106009
Insert  tid 106009
FindTargetPageId rootid 1 tid 106009
244 tid 106009
Insert  tid 106009
FindTargetPageId rootid 1 tid 106009
245 tid 106009
Insert  tid 106009
FindTargetPageId rootid 1 tid 106009
246 tid 106009
Insert  tid 106009
FindTargetPageId rootid 1 tid 106008
247 tid 106008
Remove  tid 106008
FindTargetPageId rootid 1 tid 106007
246 tid 106007
Insert  tid 106007
FindTargetPageId rootid 1 tid 106009
247 tid 106009
FindTargetPageId rootid 1 tid 106008
248 tid 106008
Remove  tid 106008
Insert  tid 106009
FindTargetPageId rootid 1 tid 106007
247 tid 106007
Insert  tid 106007
FindTargetPageId rootid 1 tid 106007
248 tid 106007
Insert  tid 106007
FindTargetPageId rootid 1 tid 106007
249 tid 106007
Insert  tid 106007
FindTargetPageId rootid 1 tid 106007
250 tid 106007
Insert  tid 106007
FindTargetPageId rootid 1 tid 106007
251 tid 106007
Insert  tid 106007
FindTargetPageId rootid 1 tid 106007
252 tid 106007
Insert  tid 106007
FindTargetPageId rootid 1 tid 106007
253 tid 106007
Insert  tid 106007
FindTargetPageId rootid 1 tid 106007
254 tid 106007
Insert  tid 106007
FindTargetPageId rootid 5 tid 106007
target_page_id id: 1 tid 106007
0 1 tid 106007
365 4 tid 106007
127 tid 106007
Insert  tid 106007
FindTargetPageId rootid 5 tid 106007
target_page_id id: 1 tid 106007
0 1 tid 106007
365 4 tid 106007
128 tid 106007
Insert  tid 106007
FindTargetPageId rootid 5 tid 106007
target_page_id id: 1 tid 106007
0 1 tid 106007
365 4 tid 106007
129 tid 106007
Insert  tid 106007
FindTargetPageId rootid 5 tid 106009
target_page_id id: 1 tid 106009
0 1 tid 106009
365 4 tid 106009
130 tid 106009
Insert  tid 106009
FindTargetPageId rootid 5 tid 106009
target_page_id id: 1 tid 106009
0 1 tid 106009
365 4 tid 106009
131 tid 106009
Insert  tid 106009
FindTargetPageId rootid 5 tid 106009
target_page_id id: 1 tid 106009
0 1 tid 106009
365 4 tid 106009
132 tid 106009
Insert  tid 106009
FindTargetPageId rootid 5 tid 106009
target_page_id id: 1 tid 106009
0 1 tid 106009
365 4 tid 106009
133 tid 106009
Insert  tid 106009
FindTargetPageId rootid 5 tid 106007
target_page_id id: 1 tid 106007
0 1 tid 106007
365 4 tid 106007
134 tid 106007
Insert  tid 106007
FindTargetPageId rootid 5 tid 106007
target_page_id id: 1 tid 106007
0 1 tid 106007
365 4 tid 106007
135 tid 106007
Insert  tid 106007
FindTargetPageId rootid 5 tid 106008
target_page_id id: 1 tid 106008
0 1 tid 106008
365 4 tid 106008
136 tid 106008
FindTargetPageId rootid 5 tid 106009
target_page_id id: 1 tid 106009
0 1 tid 106009
365 4 tid 106009
Remove  tid 106008
135 tid 106009
Insert  tid 106009
FindTargetPageId rootid 5 tid 106009
target_page_id id: 1 tid 106009
0 1 tid 106009
365 4 tid 106009
136 tid 106009
Insert  tid 106009
FindTargetPageId rootid 5 tid 106009
target_page_id id: 1 tid 106009
0 1 tid 106009
365 4 tid 106009
137 tid 106009
Insert  tid 106009
FindTargetPageId rootid 5 tid 106007
target_page_id id: 1 tid 106007
0 1 tid 106007
365 4 tid 106007
138 tid 106007
Insert  tid 106007
FindTargetPageId rootid 5 tid 106007
target_page_id id: 1 tid 106007
0 1 tid 106007
365 4 tid 106007
139 tid 106007
Insert  tid 106007
FindTargetPageId rootid 5 tid 106007
target_page_id id: 1 tid 106007
0 1 tid 106007
365 4 tid 106007
140 tid 106007
Insert  tid 106007
FindTargetPageId rootid 5 tid 106007
target_page_id id: 1 tid 106007
0 1 tid 106007
365 4 tid 106007
141 tid 106007
Insert  tid 106007
FindTargetPageId rootid 5 tid 106007
target_page_id id: 1 tid 106007
0 1 tid 106007
365 4 tid 106007
142 tid 106007
Insert  tid 106007
FindTargetPageId rootid 5 tid 106007
target_page_id id: 1 tid 106007
0 1 tid 106007
365 4 tid 106007
143 tid 106007
Insert  tid 106007
FindTargetPageId rootid 5 tid 106007
target_page_id id: 1 tid 106007
0 1 tid 106007
365 4 tid 106007
144 tid 106007
Insert  tid 106007
FindTargetPageId rootid 5 tid 106008
target_page_id id: 1 tid 106008
0 1 tid 106008
365 4 tid 106008
145 tid 106008
Remove  tid 106008
FindTargetPageId rootid 5 tid 106008
target_page_id id: 1 tid 106008
0 1 tid 106008
365 4 tid 106008
144 tid 106008
Remove  tid 106008
FindTargetPageId rootid 5 tid 106009
target_page_id id: 1 tid 106009
0 1 tid 106009
365 4 tid 106009
143 tid 106009
Insert  tid 106009
FindTargetPageId rootid 5 tid 106009
target_page_id id: 1 tid 106009
0 1 tid 106009
365 4 tid 106009
144 tid 106009
Insert  tid 106009
FindTargetPageId rootid 5 tid 106009
target_page_id id: 1 tid 106009
0 1 tid 106009
365 4 tid 106009
145 tid 106009
Insert  tid 106009
FindTargetPageId rootid 5 tid 106009
target_page_id id: 1 tid 106009
0 1 tid 106009
365 4 tid 106009
146 tid 106009
Insert  tid 106009
FindTargetPageId rootid 5 tid 106009
target_page_id id: 1 tid 106009
0 1 tid 106009
365 4 tid 106009
147 tid 106009
Insert  tid 106009
FindTargetPageId rootid 5 tid 106009
target_page_id id: 1 tid 106009
0 1 tid 106009
365 4 tid 106009
148 tid 106009
Insert  tid 106009
FindTargetPageId rootid 5 tid 106009
target_page_id id: 1 tid 106009
0 1 tid 106009
365 4 tid 106009
149 tid 106009
Insert  tid 106009
FindTargetPageId rootid 5 tid 106009
target_page_id id: 1 tid 106009
0 1 tid 106009
365 4 tid 106009
150 tid 106009
Insert  tid 106009
FindTargetPageId rootid 5 tid 106009
target_page_id id: 1 tid 106009
0 1 tid 106009
365 4 tid 106009
151 tid 106009
Insert  tid 106009
FindTargetPageId rootid 5 tid 106009
target_page_id id: 1 tid 106009
0 1 tid 106009
365 4 tid 106009
152 tid 106009
Insert  tid 106009
FindTargetPageId rootid 5 tid 106009
target_page_id id: 1 tid 106009
0 1 tid 106009
365 4 tid 106009
153 tid 106009
Insert  tid 106009
FindTargetPageId rootid 5 tid 106009
target_page_id id: 1 tid 106009
0 1 tid 106009
365 4 tid 106009
154 tid 106009
Insert  tid 106009
FindTargetPageId rootid 5 tid 106008
target_page_id id: 1 tid 106008
0 1 tid 106008
365 4 tid 106008
155 tid 106008
Remove  tid 106008
FindTargetPageId rootid 5 tid 106008
target_page_id id: 1 tid 106008
0 1 tid 106008
365 4 tid 106008
154 tid 106008
Remove  tid 106008
FindTargetPageId rootid 5 tid 106008
target_page_id id: 1 tid 106008
0 1 tid 106008
365 4 tid 106008
153 tid 106008
Remove  tid 106008
FindTargetPageId rootid 5 tid 106008
target_page_id id: 1 tid 106008
0 1 tid 106008
365 4 tid 106008
152 tid 106008
Remove  tid 106008
FindTargetPageId rootid 5 tid 106007
target_page_id id: 1 tid 106007
0 1 tid 106007
365 4 tid 106007
151 tid 106007
Insert  tid 106007
FindTargetPageId rootid 5 tid 106007
target_page_id id: 1 tid 106007
0 1 tid 106007
365 4 tid 106007
152 tid 106007
Insert  tid 106007
FindTargetPageId rootid 5 tid 106007
target_page_id id: 1 tid 106007
0 1 tid 106007
365 4 tid 106007
153 tid 106007
Insert  tid 106007
FindTargetPageId rootid 5 tid 106007
target_page_id id: 1 tid 106007
0 1 tid 106007
365 4 tid 106007
154 tid 106007
Insert  tid 106007
FindTargetPageId rootid 5 tid 106008
target_page_id id: 1 tid 106008
0 1 tid 106008
365 4 tid 106008
155 tid 106008
Remove  tid 106008
FindTargetPageId rootid 5 tid 106008
target_page_id id: 1 tid 106008
0 1 tid 106008
365 4 tid 106008
154 tid 106008
Remove  tid 106008
FindTargetPageId rootid 5 tid 106008
target_page_id id: 1 tid 106008
0 1 tid 106008
365 4 tid 106008
153 tid 106008
Remove  tid 106008
FindTargetPageId rootid 5 tid 106008
target_page_id id: 1 tid 106008
0 1 tid 106008
365 4 tid 106008
152 tid 106008
Remove  tid 106008
FindTargetPageId rootid 5 tid 106008
target_page_id id: 1 tid 106008
0 1 tid 106008
365 4 tid 106008
151 tid 106008
Remove  tid 106008
FindTargetPageId rootid 5 tid 106008
target_page_id id: 1 tid 106008
0 1 tid 106008
365 4 tid 106008
150 tid 106008
Remove  tid 106008
FindTargetPageId rootid 5 tid 106008
target_page_id id: 1 tid 106008
0 1 tid 106008
365 4 tid 106008
149 tid 106008
Remove  tid 106008
FindTargetPageId rootid 5 tid 106008
target_page_id id: 1 tid 106008
0 1 tid 106008
365 4 tid 106008
148 tid 106008
Remove  tid 106008
FindTargetPageId rootid 5 tid 106008
target_page_id id: 1 tid 106008
0 1 tid 106008
365 4 tid 106008
147 tid 106008
Remove  tid 106008
FindTargetPageId rootid 5 tid 106008
target_page_id id: 1 tid 106008
0 1 tid 106008
365 4 tid 106008
146 tid 106008
Remove  tid 106008
FindTargetPageId rootid 5 tid 106008
target_page_id id: 1 tid 106008
0 1 tid 106008
365 4 tid 106008
145 tid 106008
Remove  tid 106008
FindTargetPageId rootid 5 tid 106008
target_page_id id: 1 tid 106008
0 1 tid 106008
365 4 tid 106008
144 tid 106008
Remove  tid 106008
FindTargetPageId rootid 5 tid 106008
target_page_id id: 1 tid 106008
0 1 tid 106008
365 4 tid 106008
143 tid 106008
Remove  tid 106008
FindTargetPageId rootid 5 tid 106008
target_page_id id: 1 tid 106008
0 1 tid 106008
365 4 tid 106008
142 tid 106008
Remove  tid 106008
FindTargetPageId rootid 5 tid 106008
target_page_id id: 1 tid 106008
0 1 tid 106008
365 4 tid 106008
141 tid 106008
Remove  tid 106008
FindTargetPageId rootid 5 tid 106008
target_page_id id: 1 tid 106008
0 1 tid 106008
365 4 tid 106008
140 tid 106008
Remove  tid 106008
FindTargetPageId rootid 5 tid 106008
target_page_id id: 1 tid 106008
0 1 tid 106008
365 4 tid 106008
139 tid 106008
Remove  tid 106008
FindTargetPageId rootid 5 tid 106008
target_page_id id: 1 tid 106008
0 1 tid 106008
365 4 tid 106008
138 tid 106008
Remove  tid 106008
FindTargetPageId rootid 5 tid 106008
target_page_id id: 1 tid 106008
0 1 tid 106008
365 4 tid 106008
137 tid 106008
Remove  tid 106008
FindTargetPageId rootid 5 tid 106008
target_page_id id: 1 tid 106008
0 1 tid 106008
365 4 tid 106008
136 tid 106008
Remove  tid 106008
FindTargetPageId rootid 5 tid 106008
target_page_id id: 1 tid 106008
0 1 tid 106008
365 4 tid 106008
135 tid 106008
Remove  tid 106008
FindTargetPageId rootid 5 tid 106008
target_page_id id: 1 tid 106008
0 1 tid 106008
365 4 tid 106008
134 tid 106008
Remove  tid 106008
FindTargetPageId rootid 5 tid 106008
target_page_id id: 1 tid 106008
0 1 tid 106008
365 4 tid 106008
133 tid 106008
Remove  tid 106008
FindTargetPageId rootid 5 tid 106008
target_page_id id: 1 tid 106008
0 1 tid 106008
365 4 tid 106008
132 tid 106008
Remove  tid 106008
FindTargetPageId rootid 5 tid 106008
target_page_id id: 1 tid 106008
0 1 tid 106008
365 4 tid 106008
131 tid 106008
Remove  tid 106008
FindTargetPageId rootid 5 tid 106008
target_page_id id: 1 tid 106008
0 1 tid 106008
365 4 tid 106008
130 tid 106008
Remove  tid 106008
FindTargetPageId rootid 5 tid 106008
target_page_id id: 1 tid 106008
0 1 tid 106008
365 4 tid 106008
129 tid 106008
Remove  tid 106008
FindTargetPageId rootid 5 tid 106008
target_page_id id: 1 tid 106008
0 1 tid 106008
365 4 tid 106008
128 tid 106008
Remove  tid 106008
FindTargetPageId rootid 5 tid 106008
target_page_id id: 1 tid 106008
0 1 tid 106008
365 4 tid 106008
127 tid 106008
Remove  tid 106008
FindTargetPageId rootid 1 tid 106008
254 tid 106008
Remove  tid 106008
FindTargetPageId rootid 1 tid 106008
253 tid 106008
Remove  tid 106008
FindTargetPageId rootid 1 tid 106008
252 tid 106008
Remove  tid 106008
FindTargetPageId rootid 1 tid 106008
251 tid 106008
Remove  tid 106008
FindTargetPageId rootid 1 tid 106008
250 tid 106008
Remove  tid 106008
FindTargetPageId rootid 1 tid 106008
249 tid 106008
Remove  tid 106008
FindTargetPageId rootid 1 tid 106008
248 tid 106008
Remove  tid 106008
FindTargetPageId rootid 1 tid 106008
247 tid 106008
Remove  tid 106008
FindTargetPageId rootid 1 tid 106008
246 tid 106008
Remove  tid 106008
FindTargetPageId rootid 1 tid 106008
245 tid 106008
Remove  tid 106008
FindTargetPageId rootid 1 tid 106008
244 tid 106008
Remove  tid 106008
FindTargetPageId rootid 1 tid 106008
243 tid 106008
Remove  tid 106008
FindTargetPageId rootid 1 tid 106008
242 tid 106008
Remove  tid 106008
FindTargetPageId rootid 1 tid 106008
241 tid 106008
Remove  tid 106008
FindTargetPageId rootid 1 tid 106008
240 tid 106008
Remove  tid 106008
FindTargetPageId rootid 1 tid 106008
239 tid 106008
Remove  tid 106008
FindTargetPageId rootid 1 tid 106008
238 tid 106008
Remove  tid 106008
FindTargetPageId rootid 1 tid 106008
237 tid 106008
Remove  tid 106008
FindTargetPageId rootid 1 tid 106008
236 tid 106008
Remove  tid 106008
FindTargetPageId rootid 1 tid 106008
235 tid 106008
Remove  tid 106008
FindTargetPageId rootid 1 tid 106008
234 tid 106008
Remove  tid 106008
FindTargetPageId rootid 1 tid 106008
233 tid 106008
Remove  tid 106008
FindTargetPageId rootid 1 tid 106008
232 tid 106008
Remove  tid 106008
FindTargetPageId rootid 1 tid 106008
231 tid 106008
Remove  tid 106008
FindTargetPageId rootid 1 tid 106008
230 tid 106008
Remove  tid 106008
FindTargetPageId rootid 1 tid 106008
230 tid 106008
Remove  tid 106008
FindTargetPageId rootid 1 tid 106008
230 tid 106008
Remove  tid 106008
FindTargetPageId rootid 1 tid 106008
230 tid 106008
Remove  tid 106008
FindTargetPageId rootid 1 tid 106008
230 tid 106008
FindTargetPageId rootid 1 tid 106009
230 tid 106009
Remove  tid 106008
Insert  tid 106009
FindTargetPageId rootid 1 tid 106008
231 tid 106008
FindTargetPageId rootid 1 tid 106007
231 tid 106007
Remove  tid 106008
FindTargetPageId rootid 1 tid 106008
232 tid 106008
Insert  tid 106007
Remove  tid 106008
FindTargetPageId rootid 1 tid 106007
232 tid 106007
Insert  tid 106007
FindTargetPageId rootid 1 tid 106009
233 tid 106009
FindTargetPageId rootid 1 tid Insert 106008 tid 
234 tid 106008
106009
Remove  tid 106008
FindTargetPageId rootid 1 tid 106007
234 tid 106007
Insert  tid 106007
FindTargetPageId rootid 1 tid 106007
235 tid 106007
Insert  tid 106007
FindTargetPageId rootid 1 tid 106007
236 tid 106007
Insert  tid 106007
FindTargetPageId rootid 1 tid 106007
237 tid 106007
Insert  tid 106007
FindTargetPageId rootid 1 tid 106007
238 tid 106007
Insert  tid 106007
FindTargetPageId rootid 1 tid 106007
239 tid 106007
Insert  tid 106007
FindTargetPageId rootid 1 tid 106007
240 tid 106007
Insert  tid 106007
FindTargetPageId rootid 1 tid 106007
241 tid 106007
Insert  tid 106007
FindTargetPageId rootid 1 tid 106007
242 tid 106007
Insert  tid 106007
FindTargetPageId rootid 1 tid 106008
243 tid 106008
Remove  tid 106008
FindTargetPageId rootid 1 tid 106008
242 tid 106008
Remove  tid 106008
FindTargetPageId rootid 1 tid 106008
241 tid 106008
Remove  tid 106008
FindTargetPageId rootid 1 tid 106008
240 tid 106008
Remove  tid 106008
FindTargetPageId rootid 1 tid 106008
240 tid 106008
Remove  tid 106008
FindTargetPageId rootid 1 tid 106008
240 tid 106008
Remove  tid 106008
FindTargetPageId rootid 1 tid 106008
240 tid 106008
Remove  tid 106008
FindTargetPageId rootid 1 tid 106008
240 tid 106008
Remove  tid 106008
FindTargetPageId rootid 1 tid 106008
240 tid 106008
Remove  tid 106008
FindTargetPageId rootid 1 tid 106008
240 tid 106008
Remove  tid 106008
FindTargetPageId rootid 1 tid 106009
240 tid 106009
Insert  tid 106009
FindTargetPageId rootid 1 tid 106009
241 tid 106009
Insert  tid 106009
FindTargetPageId rootid 1 tid 106009
242 tid 106009
Insert  tid 106009
FindTargetPageId rootid 1 tid 106009
243 tid 106009
Insert  tid 106009
FindTargetPageId rootid 1 tid 106009
244 tid 106009
Insert  tid 106009
FindTargetPageId rootid 1 tid 106009
245 tid 106009
Insert  tid 106009
FindTargetPageId rootid 1 tid 106009
246 tid 106009
Insert  tid 106009
FindTargetPageId rootid 1 tid 106009
247 tid 106009
Insert  tid 106009
FindTargetPageId rootid 1 tid 106009
248 tid 106009
Insert  tid 106009
FindTargetPageId rootid 1 tid 106008
249 tid 106008
Remove  tid 106008
FindTargetPageId rootid 1 tid 106008
249 tid 106008
Remove  tid 106008
FindTargetPageId rootid 1 tid 106008
249 tid 106008
Remove  tid 106008
FindTargetPageId rootid 1 tid 106008
249 tid 106008
Remove  tid 106008
FindTargetPageId rootid 1 tid 106008
249 tid 106008
Remove  tid 106008
FindTargetPageId rootid 1 tid 106008
249 tid 106008
Remove  tid 106008
FindTargetPageId rootid 1 tid 106008
249 tid 106008
Remove  tid 106008
FindTargetPageId rootid 1 tid 106008
249 tid 106008
Remove  tid 106008
FindTargetPageId rootid 1 tid 106008
249 tid 106008
Remove  tid 106008
FindTargetPageId rootid 1 tid 106008
249 tid 106008
Remove  tid 106008
FindTargetPageId rootid 1 tid 106008
249 tid 106008
Remove  tid 106008
FindTargetPageId rootid 1 tid 106008
249 tid 106008
Remove  tid 106008
FindTargetPageId rootid 1 tid 106008
249 tid 106008
Remove  tid 106008
FindTargetPageId rootid 1 tid 106008
249 tid 106008
Remove  tid 106008
FindTargetPageId rootid 1 tid 106008
249 tid 106008
Remove  tid 106008
FindTargetPageId rootid 1 tid 106008
249 tid 106008
Remove  tid 106008
FindTargetPageId rootid 1 tid 106008
249 tid 106008
Remove  tid 106008
FindTargetPageId rootid 1 tid 106008
249 tid 106008
Remove  tid 106008
FindTargetPageId rootid 1 tid 106008
249 tid 106008
Remove  tid 106008
FindTargetPageId rootid 1 tid 106009
249 tid 106009
Insert  tid 106009
FindTargetPageId rootid 1 tid 106009
250 tid 106009
Insert  tid 106009
FindTargetPageId rootid 1 tid 106009
251 tid 106009
Insert  tid 106009
FindTargetPageId rootid 1 tid 106009
252 tid 106009
Insert  tid 106009
FindTargetPageId rootid 1 tid 106009
253 tid 106009
Insert  tid 106009
FindTargetPageId rootid 1 tid 106009
254 tid 106009
Insert  tid 106009
FindTargetPageId rootid 7 tid 106009
target_page_id id: 1 tid 106009
0 1 tid 106009
365 6 tid 106009
127 tid 106009
Insert  tid 106009
FindTargetPageId rootid 7 tid 106009
target_page_id id: 1 tid 106009
0 1 tid 106009
365 6 tid 106009
128 tid 106009
Insert  tid 106009
FindTargetPageId rootid 7 tid 106009
target_page_id id: 1 tid 106009
0 1 tid 106009
365 6 tid 106009
129 tid 106009
Insert  tid 106009
FindTargetPageId rootid 7 tid 106009
target_page_id id: 1 tid 106009
0 1 tid 106009
365 6 tid 106009
130 tid 106009
Insert  tid 106009
FindTargetPageId rootid 7 tid 106009
target_page_id id: 1 tid 106009
0 1 tid 106009
365 6 tid 106009
131 tid 106009
Insert  tid 106009
FindTargetPageId rootid 7 tid 106008
target_page_id id: 1 tid 106008
0 1 tid 106008
365 6 tid 106008
132 tid 106008
Remove  tid 106008
FindTargetPageId rootid 7 tid 106008
target_page_id id: 1 tid 106008
0 1 tid 106008
365 6 tid 106008
132 tid 106008
Remove  tid 106008
FindTargetPageId rootid 7 tid 106008
target_page_id id: 6 tid 106008
0 1 tid 106008
365 6 tid 106008
128 tid 106008
Remove  tid 106008
FindTargetPageId rootid 7 tid 106009
target_page_id id: 1 tid 106009
0 1 tid 106009
365 6 tid 106009
132 tid 106009
Insert  tid 106009
FindTargetPageId rootid 7 tid 106009
target_page_id id: 1 tid 106009
0 1 tid 106009
365 6 tid 106009
133 tid 106009
Insert  tid 106009
FindTargetPageId rootid 7 tid 106009
target_page_id id: 1 tid 106009
0 1 tid 106009
365 6 tid 106009
134 tid 106009
Insert  tid 106009
FindTargetPageId rootid 7 tid 106007
target_page_id id: 1 tid 106007
0 1 tid 106007
365 6 tid 106007
135 tid 106007
Insert  tid 106007
FindTargetPageId rootid 7 tid 106007
target_page_id id: 1 tid 106007
0 1 tid 106007
365 6 tid 106007
136 tid 106007
Insert  tid 106007
FindTargetPageId rootid 7 tid 106007
target_page_id id: 1 tid 106007
0 1 tid 106007
365 6 tid 106007
137 tid 106007
Insert  tid 106007
FindTargetPageId rootid 7 tid 106007
target_page_id id: 1 tid 106007
0 1 tid 106007
365 6 tid 106007
138 tid 106007
Insert  tid 106007
FindTargetPageId rootid 7 tid 106007
target_page_id id: 1 tid 106007
0 1 tid 106007
365 6 tid 106007
139 tid 106007
Insert  tid 106007
FindTargetPageId rootid 7 tid 106007
target_page_id id: 1 tid 106007
0 1 tid 106007
365 6 tid 106007
140 tid 106007
Insert  tid 106007
FindTargetPageId rootid 7 tid 106007
target_page_id id: 1 tid 106007
0 1 tid 106007
365 6 tid 106007
141 tid 106007
Insert  tid 106007
FindTargetPageId rootid 7 tid 106007
target_page_id id: 1 tid 106007
0 1 tid 106007
365 6 tid 106007
142 tid 106007
Insert  tid 106007
FindTargetPageId rootid 7 tid 106007
target_page_id id: 1 tid 106007
0 1 tid 106007
365 6 tid 106007
143 tid 106007
Insert  tid 106007
FindTargetPageId rootid 7 tid 106007
target_page_id id: 1 tid 106007
0 1 tid 106007
365 6 tid 106007
144 tid 106007
Insert  tid 106007
FindTargetPageId rootid 7 tid 106007
target_page_id id: 1 tid 106007
0 1 tid 106007
365 6 tid 106007
145 tid 106007
Insert  tid 106007
FindTargetPageId rootid 7 tid 106009
target_page_id id: 1 tid 106009
0 1 tid 106009
365 6 tid 106009
146 tid 106009
Insert  tid 106009
FindTargetPageId rootid 7 tid 106009
target_page_id id: 1 tid 106009
0 1 tid 106009
365 6 tid 106009
147 tid 106009
Insert  tid 106009
FindTargetPageId rootid 7 tid 106009
target_page_id id: 1 tid 106009
0 1 tid 106009
365 6 tid 106009
148 tid 106009
Insert  tid 106009
FindTargetPageId rootid 7 tid 106009
target_page_id id: 1 tid 106009
0 1 tid 106009
365 6 tid 106009
149 tid 106009
Insert  tid 106009
FindTargetPageId rootid 7 tid 106009
target_page_id id: 1 tid 106009
0 1 tid 106009
365 6 tid 106009
150 tid 106009
Insert  tid 106009
FindTargetPageId rootid 7 tid 106009
target_page_id id: 1 tid 106009
0 1 tid 106009
365 6 tid 106009
151 tid 106009
Insert  tid 106009
FindTargetPageId rootid 7 tid 106009
target_page_id id: 1 tid 106009
0 1 tid 106009
365 6 tid 106009
152 tid 106009
Insert  tid 106009
FindTargetPageId rootid 7 tid 106009
target_page_id id: 1 tid 106009
0 1 tid 106009
365 6 tid 106009
153 tid 106009
Insert  tid 106009
FindTargetPageId rootid 7 tid 106009
target_page_id id: 1 tid 106009
0 1 tid 106009
365 6 tid 106009
154 tid 106009
Insert  tid 106009
FindTargetPageId rootid 7 tid 106009
target_page_id id: 1 tid 106009
0 1 tid 106009
365 6 tid 106009
155 tid 106009
Insert  tid 106009
FindTargetPageId rootid 7 tid 106009
target_page_id id: 1 tid 106009
0 1 tid 106009
365 6 tid 106009
156 tid 106009
Insert  tid 106009
FindTargetPageId rootid 7 tid 106009
target_page_id id: 1 tid 106009
0 1 tid 106009
365 6 tid 106009
157 tid 106009
Insert  tid 106009
FindTargetPageId rootid 7 tid 106009
target_page_id id: 1 tid 106009
0 1 tid 106009
365 6 tid 106009
158 tid 106009
Insert  tid 106009
FindTargetPageId rootid 7 tid 106007
target_page_id id: 1 tid 106007
0 1 tid 106007
365 6 tid 106007
159 tid 106007
Insert  tid 106007
FindTargetPageId rootid 7 tid 106007
target_page_id id: 1 tid 106007
0 1 tid 106007
365 6 tid 106007
160 tid 106007
Insert  tid 106007
FindTargetPageId rootid 7 tid 106007
target_page_id id: 1 tid 106007
0 1 tid 106007
365 6 tid 106007
161 tid 106007
Insert  tid 106007
FindTargetPageId rootid 7 tid 106007
target_page_id id: 1 tid 106007
0 1 tid 106007
365 6 tid 106007
162 tid 106007
Insert  tid 106007
FindTargetPageId rootid 7 tid 106007
target_page_id id: 1 tid 106007
0 1 tid 106007
365 6 tid 106007
163 tid 106007
FindTargetPageId rootid 7 tid 106008
target_page_id id: 6 tid 106008
0 1 tid 106008
365 6 tid 106008
128 tid 106008
Insert  tid 106007
Remove  tid 106008
FindTargetPageId rootid 7 tid 106007
target_page_id id: 1 tid 106007
0 1 tid 106007
365 6 tid 106007
164 tid 106007
Insert  tid 106007
FindTargetPageId rootid 7 tid 106007
target_page_id id: 1 tid 106007
0 1 tid 106007
365 6 tid 106007
165 tid 106007
Insert  tid 106007
FindTargetPageId rootid 7 tid 106007
target_page_id id: 1 tid 106007
0 1 tid 106007
365 6 tid 106007
166 tid 106007
Insert  tid 106007
FindTargetPageId rootid 7 tid 106007
target_page_id id: 1 tid 106007
0 1 tid 106007
365 6 tid 106007
167 tid 106007
Insert  tid 106007
FindTargetPageId rootid 7 tid 106007
target_page_id id: 1 tid 106007
0 1 tid 106007
365 6 tid 106007
168 tid 106007
Insert  tid 106007
FindTargetPageId rootid 7 tid 106008
target_page_id id: 6 tid 106008
0 1 tid 106008
365 6 tid 106008
128 tid 106008
Remove  tid 106008
FindTargetPageId rootid 7 tid 106008
target_page_id id: 6 tid 106008
0 1 tid 106008
365 6 tid 106008
128 tid 106008
Remove  tid 106008
FindTargetPageId rootid 7 tid 106008
target_page_id id: 6 tid 106008
0 1 tid 106008
365 6 tid 106008
128 tid 106008
Remove  tid 106008
FindTargetPageId rootid 7 tid 106008
target_page_id id: 6 tid 106008
0 1 tid 106008
365 6 tid 106008
128 tid 106008
Remove  tid 106008
FindTargetPageId rootid 7 tid 106008
target_page_id id: 6 tid 106008
0 1 tid 106008
365 6 tid 106008
128 tid 106008
Remove  tid 106008
FindTargetPageId rootid 7 tid 106008
target_page_id id: 6 tid 106008
0 1 tid 106008
365 6 tid 106008
128 tid 106008
Remove  tid 106008
FindTargetPageId rootid 7 tid 106008
target_page_id id: 6 tid 106008
0 1 tid 106008
365 6 tid 106008
128 tid 106008
Remove  tid 106008
FindTargetPageId rootid 7 tid 106008
target_page_id id: 6 tid 106008
0 1 tid 106008
365 6 tid 106008
128 tid 106008
Remove  tid 106008
FindTargetPageId rootid 7 tid 106008
target_page_id id: 6 tid 106008
0 1 tid 106008
365 6 tid 106008
128 tid 106008
Remove  tid 106008
FindTargetPageId rootid 7 tid 106008
target_page_id id: 6 tid 106008
0 1 tid 106008
365 6 tid 106008
128 tid 106008
Remove  tid 106008
FindTargetPageId rootid 7 tid 106008
target_page_id id: 6 tid 106008
0 1 tid 106008
365 6 tid 106008
128 tid 106008
Remove  tid 106008
FindTargetPageId rootid 7 tid 106008
target_page_id id: 6 tid 106008
0 1 tid 106008
365 6 tid 106008
128 tid 106008
FindTargetPageId rootid 7Remove  tid  tid 106008
106007
target_page_id id: 1 tid 106007
0 1 tid 106007
365 6 tid 106007
169 tid 106007
Insert  tid 106007
FindTargetPageId rootid 7 tid 106007
target_page_id id: 1 tid 106007
0 1 tid 106007
365 6 tid 106007
170 tid 106007
Insert  tid 106007
FindTargetPageId rootid 7 tid 106009
target_page_id id: 1 tid 106009
0 1 tid 106009
365 6 tid 106009
171 tid 106009
Insert  tid 106009
FindTargetPageId rootid 7 tid 106009
target_page_id id: 1 tid 106009
0 1 tid 106009
365 6 tid 106009
172 tid 106009
Insert  tid 106009
FindTargetPageId rootid 7 tid 106009
target_page_id id: 1 tid 106009
0 1 tid 106009
365 6 tid 106009
173 tid 106009
Insert  tid 106009
FindTargetPageId rootid 7 tid 106009
target_page_id id: 1 tid 106009
0 1 tid 106009
365 6 tid 106009
174 tid 106009
Insert  tid 106009
FindTargetPageId rootid 7 tid 106009
target_page_id id: 1 tid 106009
0 1 tid 106009
365 6 tid 106009
175 tid 106009
Insert  tid 106009
FindTargetPageId rootid 7 tid 106009
target_page_id id: 1 tid 106009
0 1 tid 106009
365 6 tid 106009
176 tid 106009
Insert  tid 106009
FindTargetPageId rootid 7 tid 106007
target_page_id id: 1 tid 106007
0 1 tid 106007
365 6 tid 106007
177 tid 106007
Insert  tid 106007
FindTargetPageId rootid 7 tid 106007
target_page_id id: 1 tid 106007
0 1 tid 106007
365 6 tid 106007
178 tid 106007
Insert  tid 106007
FindTargetPageId rootid 7 tid 106007
target_page_id id: 1 tid 106007
0 1 tid 106007
365 6 tid 106007
179 tid 106007
Insert  tid 106007
FindTargetPageId rootid 7 tid 106007
target_page_id id: 1 tid 106007
0 1 tid 106007
365 6 tid 106007
180 tid 106007
Insert  tid 106007
FindTargetPageId rootid 7 tid 106007
target_page_id id: 1 tid 106007
0 1 tid 106007
365 6 tid 106007
181 tid 106007
Insert  tid 106007
FindTargetPageId rootid 7 tid 106007
target_page_id id: 6 tid 106007
0 1 tid 106007
365 6 tid 106007
128 tid 106007
Insert  tid 106007
FindTargetPageId rootid 7 tid 106007
target_page_id id: 6 tid 106007
0 1 tid 106007
365 6 tid 106007
129 tid 106007
Insert  tid 106007
FindTargetPageId rootid 7 tid 106007
target_page_id id: 6 tid 106007
0 1 tid 106007
365 6 tid 106007
130 tid 106007
Insert  tid 106007
FindTargetPageId rootid 7 tid 106007
target_page_id id: 6 tid 106007
0 1 tid 106007
365 6 tid 106007
131 tid 106007
Insert  tid 106007
FindTargetPageId rootid 7 tid 106007
target_page_id id: 6 tid 106007
0 1 tid 106007
365 6 tid 106007
132 tid 106007
Insert  tid 106007
FindTargetPageId rootid 7 tid 106007
target_page_id id: 6 tid 106007
0 1 tid 106007
365 6 tid 106007
133 tid 106007
Insert  tid 106007
FindTargetPageId rootid 7 tid 106007
target_page_id id: 6 tid 106007
0 1 tid 106007
365 6 tid 106007
134 tid 106007
Insert  tid 106007
FindTargetPageId rootid 7 tid 106007
target_page_id id: 6 tid 106007
0 1 tid 106007
365 6 tid 106007
135 tid 106007
Insert  tid 106007
FindTargetPageId rootid 7 tid 106009
target_page_id id: 1 tid 106009
0 1 tid 106009
365 6 tid 106009
182 tid 106009
Insert  tid 106009
FindTargetPageId rootid 7 tid 106008
target_page_id id: 6 tid 106008
0 1 tid 106008
365 6 tid 106008
136 tid 106008
Remove  tid 106008
FindTargetPageId rootid 7 tid 106008
target_page_id id: 6 tid 106008
0 1 tid 106008
365 6 tid 106008
136 tid 106008
Remove  tid 106008
FindTargetPageId rootid 7 tid 106008
target_page_id id: 6 tid 106008
0 1 tid 106008
365 6 tid 106008
136 tid 106008
Remove  tid 106008
FindTargetPageId rootid 7 tid 106008
target_page_id id: 6 tid 106008
0 1 tid 106008
365 6 tid 106008
136 tid 106008
Remove  tid 106008
FindTargetPageId rootid 7 tid 106008
target_page_id id: 6 tid 106008
0 1 tid 106008
365 6 tid 106008
136 tid 106008
Remove  tid 106008
FindTargetPageId rootid 7 tid 106008
target_page_id id: 6 tid 106008
0 1 tid 106008
365 6 tid 106008
136 tid 106008
Remove  tid 106008
FindTargetPageId rootid 7 tid 106008
target_page_id id: 6 tid 106008
0 1 tid 106008
365 6 tid 106008
136 tid 106008
Remove  tid 106008
FindTargetPageId rootid 7 tid 106008
target_page_id id: 6 tid 106008
0 1 tid 106008
365 6 tid 106008
136 tid 106008
Remove  tid 106008
FindTargetPageId rootid 7 tid 106008
target_page_id id: 6 tid 106008
0 1 tid 106008
365 6 tid 106008
136 tid 106008
Remove  tid 106008
FindTargetPageId rootid 7 tid 106008
target_page_id id: 6 tid 106008
0 1 tid 106008
365 6 tid 106008
136 tid 106008
Remove  tid 106008
FindTargetPageId rootid 7 tid 106008
target_page_id id: 6 tid 106008
0 1 tid 106008
365 6 tid 106008
136 tid 106008
Remove  tid 106008
FindTargetPageId rootid 7 tid 106008
target_page_id id: 6 tid 106008
0 1 tid 106008
365 6 tid 106008
136 tid 106008
Remove  tid 106008
FindTargetPageId rootid 7 tid 106009
target_page_id id: 1 tid 106009
0 1 tid 106009
365 6 tid 106009
183 tid 106009
Insert  tid 106009
FindTargetPageId rootid 7 tid 106009
target_page_id id: 1 tid 106009
0 1 tid 106009
365 6 tid 106009
184 tid 106009
Insert  tid 106009
FindTargetPageId rootid 7 tid 106009
target_page_id id: 1 tid 106009
0 1 tid 106009
365 6 tid 106009
185 tid 106009
Insert  tid 106009
FindTargetPageId rootid 7 tid 106009
target_page_id id: 1 tid 106009
0 1 tid 106009
365 6 tid 106009
186 tid 106009
Insert  tid 106009
FindTargetPageId rootid 7 tid 106009
target_page_id id: 1 tid 106009
0 1 tid 106009
365 6 tid 106009
187 tid 106009
Insert  tid 106009
FindTargetPageId rootid 7 tid 106009
target_page_id id: 1 tid 106009
0 1 tid 106009
365 6 tid 106009
188 tid 106009
Insert  tid 106009
FindTargetPageId rootid 7 tid 106009
target_page_id id: 1 tid 106009
0 1 tid 106009
365 6 tid 106009
189 tid 106009
Insert  tid 106009
FindTargetPageId rootid 7 tid 106007
target_page_id id: 6 tid 106007
0 1 tid 106007
365 6 tid 106007
136 tid 106007
Insert  tid 106007
FindTargetPageId rootid 7 tid 106007
target_page_id id: 6 tid 106007
0 1 tid 106007
365 6 tid 106007
137 tid 106007
Insert  tid 106007
FindTargetPageId rootid 7 tid 106007
target_page_id id: 6 tid 106007
0 1 tid 106007
365 6 tid 106007
138 tid 106007
Insert  tid 106007
FindTargetPageId rootid 7 tid 106007
target_page_id id: 6 tid 106007
0 1 tid 106007
365 6 tid 106007
139 tid 106007
Insert  tid 106007
FindTargetPageId rootid 7 tid 106007
target_page_id id: 6 tid 106007
0 1 tid 106007
365 6 tid 106007
140 tid 106007
Insert  tid 106007
FindTargetPageId rootid 7 tid 106008
target_page_id id: 6 tid 106008
0 1 tid 106008
365 6 tid 106008
141 tid 106008
Remove  tid 106008
FindTargetPageId rootid 7 tid 106008
target_page_id id: 6 tid 106008
0 1 tid 106008
365 6 tid 106008
141 tid 106008
Remove  tid 106008
FindTargetPageId rootid 7 tid 106008
target_page_id id: 6 tid 106008
0 1 tid 106008
365 6 tid 106008
141 tid 106008
Remove  tid 106008
FindTargetPageId rootid 7 tid 106008
target_page_id id: 6 tid 106008
0 1 tid 106008
365 6 tid 106008
141 tid 106008
Remove  tid 106008
FindTargetPageId rootid 7 tid 106009
target_page_id id: 1 tid 106009
0 1 tid 106009
365 6 tid 106009
190 tid 106009
Insert  tid 106009
FindTargetPageId rootid 7 tid 106009
target_page_id id: 1 tid 106009
0 1 tid 106009
365 6 tid 106009
191 tid 106009
Insert  tid 106009
FindTargetPageId rootid 7 tid 106009
target_page_id id: 1 tid 106009
0 1 tid 106009
365 6 tid 106009
192 tid 106009
Insert  tid 106009
FindTargetPageId rootid 7 tid 106008
target_page_id id: 6 tid 106008
0 1 tid 106008
365 6 tid 106008
141 tid 106008
Remove  tid 106008
FindTargetPageId rootid 7 tid 106007
target_page_id id: 6 tid 106007
0 1 tid 106007
365 6 tid 106007
141 tid 106007
FindTargetPageId rootid 7 tid 106009
target_page_id id: 1 tid 106009
0 1 tid 106009
365 6 tid 106009
Insert 193 tid 106009
 tid 106007
FindTargetPageId rootid 7 tid 106007
target_page_id id: 6 tid 106007
0 1 tid 106007
365 6 tid 106007
142 tid 106007
Insert  tid 106007
FindTargetPageId rootid 7 tid 106007
target_page_id id: 6 tid 106007
0 1 tid 106007
365 6 tid 106007
143 tid 106007
Insert  tid 106007
FindTargetPageId rootid 7 tid 106007
target_page_id id: 6Insert  tid  tid 106007
0 1 tid 106007
365 6 tid 106007
144 tid 106007106009

Insert  tid 106007
FindTargetPageId rootid 7 tid 106007
target_page_id id: 6 tid 106007
0 1 tid 106007
365 6 tid 106007
145 tid 106007
Insert  tid 106007
FindTargetPageId rootid 7 tid 106007
target_page_id id: 6 tid 106007
0 1 tid 106007
365 6 tid 106007
146 tid 106007
Insert  tid 106007
FindTargetPageId rootid 7 tid 106007
target_page_id id: 6 tid 106007
0 1 tid 106007
365 6 tid 106007
147 tid 106007
Insert  tid 106007
FindTargetPageId rootid 7 tid 106008
target_page_id id: 6 tid 106008
0 1 tid 106008
365 6 tid 106008
148 tid 106008
Remove  tid 106008
FindTargetPageId rootid 7 tid 106008
target_page_id id: 6 tid 106008
0 1 tid 106008
365 6 tid 106008
148 tid 106008
Remove  tid 106008
FindTargetPageId rootid 7 tid 106008
target_page_id id: 6 tid 106008
0 1 tid 106008
365 6 tid 106008
148 tid 106008
Remove  tid 106008
FindTargetPageId rootid 7 tid 106007
target_page_id id: 6 tid 106007
0 1 tid 106007
365 6 tid 106007
148 tid 106007
Insert  tid 106007
FindTargetPageId rootid 7 tid 106007
target_page_id id: 6 tid 106007
0 1 tid 106007
365 6 tid 106007
149 tid 106007
Insert  tid 106007
FindTargetPageId rootid 7 tid 106007
target_page_id id: 6 tid 106007
0 1 tid 106007
365 6 tid 106007
150 tid 106007
Insert  tid 106007
FindTargetPageId rootid 7 tid 106007
target_page_id id: 6 tid 106007
0 1 tid 106007
365 6 tid 106007
151 tid 106007
Insert  tid 106007
FindTargetPageId rootid 7 tid 106009
target_page_id id: 1 tid 106009
0 1 tid 106009
365 6 tid 106009
194 tid 106009
Insert  tid 106009
FindTargetPageId rootid 7 tid 106008
target_page_id id: 6 tid 106008
0 1 tid 106008
365 6 tid 106008
152 tid 106008
Remove  tid 106008
FindTargetPageId rootid 7 tid 106008
target_page_id id: 6 tid 106008
0 1 tid 106008
365 6 tid 106008
152 tid 106008
Remove  tid 106008
FindTargetPageId rootid 7 tid 106007
target_page_id id: 6 tid 106007
0 1 tid 106007
365 6 tid 106007
152 tid 106007
Insert  tid 106007
FindTargetPageId rootid 7 tid 106007
target_page_id id: 6 tid 106007
0 1 tid 106007
365 6 tid 106007
153 tid 106007
Insert  tid 106007
FindTargetPageId rootid 7 tid 106007
target_page_id id: 6 tid 106007
0 1 tid 106007
365 6 tid 106007
154 tid 106007
Insert  tid 106007
FindTargetPageId rootid 7 tid 106007
target_page_id id: 6 tid 106007
0 1 tid 106007
365 6 tid 106007
155 tid 106007
Insert  tid 106007
FindTargetPageId rootid 7 tid 106007
target_page_id id: 6 tid 106007
0 1 tid 106007
365 6 tid 106007
156 tid 106007
Insert  tid 106007
FindTargetPageId rootid 7 tid 106007
target_page_id id: 6 tid 106007
0 1 tid 106007
365 6 tid 106007
157 tid 106007
Insert  tid 106007
FindTargetPageId rootid 7 tid 106007
target_page_id id: 6 tid 106007
0 1 tid 106007
365 6 tid 106007
158 tid 106007
Insert  tid 106007
FindTargetPageId rootid 7 tid 106007
target_page_id id: 6 tid 106007
0 1 tid 106007
365 6 tid 106007
159 tid 106007
Insert  tid 106007
FindTargetPageId rootid 7 tid 106007
target_page_id id: 6 tid 106007
0 1 tid 106007
365 6 tid 106007
160 tid 106007
Insert  tid 106007
FindTargetPageId rootid 7 tid 106007
target_page_id id: 6 tid 106007
0 1 tid 106007
365 6 tid 106007
161 tid 106007
Insert  tid 106007
FindTargetPageId rootid 7 tid 106007
target_page_id id: 6 tid 106007
0 1 tid 106007
365 6 tid 106007
162 tid 106007
Insert  tid 106007
FindTargetPageId rootid 7 tid 106007
target_page_id id: 6 tid 106007
0 1 tid 106007
365 6 tid 106007
163 tid 106007
Insert  tid 106007
FindTargetPageId rootid 7 tid 106007
target_page_id id: 6 tid 106007
0 1 tid 106007
365 6 tid 106007
164 tid 106007
Insert  tid 106007
FindTargetPageId rootid 7 tid 106007
target_page_id id: 6 tid 106007
0 1 tid 106007
365 6 tid 106007
165 tid 106007
Insert  tid 106007
FindTargetPageId rootid 7 tid 106007
target_page_id id: 6 tid 106007
0 1 tid 106007
365 6 tid 106007
166 tid 106007
Insert  tid 106007
FindTargetPageId rootid 7 tid 106007
target_page_id id: 6 tid 106007
0 1 tid 106007
365 6 tid 106007
167 tid 106007
Insert  tid 106007
FindTargetPageId rootid 7 tid 106007
target_page_id id: 6 tid 106007
0 1 tid 106007
365 6 tid 106007
168 tid 106007
Insert  tid 106007
FindTargetPageId rootid 7 tid 106007
target_page_id id: 6 tid 106007
0 1 tid 106007
365 6 tid 106007
169 tid 106007
Insert  tid 106007
FindTargetPageId rootid 7 tid 106007
target_page_id id: 6 tid 106007
0 1 tid 106007
365 6 tid 106007
170 tid 106007
Insert  tid 106007
FindTargetPageId rootid 7 tid 106007
target_page_id id: 6 tid 106007
0 1 tid 106007
365 6 tid 106007
171 tid 106007
Insert  tid 106007
FindTargetPageId rootid 7 tid 106007
target_page_id id: 6 tid 106007
0 1 tid 106007
365 6 tid 106007
172 tid 106007
Insert  tid 106007
FindTargetPageId rootid 7 tid 106007
target_page_id id: 6 tid 106007
0 1 tid 106007
365 6 tid 106007
173 tid 106007
Insert  tid 106007
FindTargetPageId rootid 7 tid 106007
target_page_id id: 6 tid 106007
0 1 tid 106007
365 6 tid 106007
174 tid 106007
Insert  tid 106007
FindTargetPageId rootid 7 tid 106007
target_page_id id: 6 tid 106007
0 1 tid 106007
365 6 tid 106007
175 tid 106007
Insert  tid 106007
FindTargetPageId rootid 7 tid 106007
target_page_id id: 6 tid 106007
0 1 tid 106007
365 6 tid 106007
176 tid 106007
Insert  tid 106007
FindTargetPageId rootid 7 tid 106007
target_page_id id: 6 tid 106007
0 1 tid 106007
365 6 tid 106007
177 tid 106007
Insert  tid 106007
FindTargetPageId rootid 7 tid 106007
target_page_id id: 6 tid 106007
0 1 tid 106007
365 6 tid 106007
178 tid 106007
Insert  tid 106007
FindTargetPageId rootid 7 tid 106007
target_page_id id: 6 tid 106007
0 1 tid 106007
365 6 tid 106007
179 tid 106007
Insert  tid 106007
FindTargetPageId rootid 7 tid 106007
target_page_id id: 6 tid 106007
0 1 tid 106007
365 6 tid 106007
180 tid 106007
Insert  tid 106007
FindTargetPageId rootid 7 tid 106007
target_page_id id: 6 tid 106007
0 1 tid 106007
365 6 tid 106007
181 tid 106007
Insert  tid 106007
FindTargetPageId rootid 7 tid 106007
target_page_id id: 6 tid 106007
0 1 tid 106007
365 6 tid 106007
182 tid 106007
Insert  tid 106007
FindTargetPageId rootid 7 tid 106007
target_page_id id: 6 tid 106007
0 1 tid 106007
365 6 tid 106007
183 tid 106007
Insert  tid 106007
FindTargetPageId rootid 7 tid 106007
target_page_id id: 6 tid 106007
0 1 tid 106007
365 6 tid 106007
184 tid 106007
Insert  tid 106007
FindTargetPageId rootid 7 tid 106007
target_page_id id: 6 tid 106007
0 1 tid 106007
365 6 tid 106007
185 tid 106007
Insert  tid 106007
FindTargetPageId rootid 7 tid 106007
target_page_id id: 6 tid 106007
0 1 tid 106007
365 6 tid 106007
186 tid 106007
Insert  tid 106007
FindTargetPageId rootid 7 tid 106007
target_page_id id: 6 tid 106007
0 1 tid 106007
365 6 tid 106007
187 tid 106007
Insert  tid 106007
FindTargetPageId rootid 7 tid 106007
target_page_id id: 6 tid 106007
0 1 tid 106007
365 6 tid 106007
188 tid 106007
Insert  tid 106007
FindTargetPageId rootid 7 tid 106007
target_page_id id: 6 tid 106007
0 1 tid 106007
365 6 tid 106007
189 tid 106007
Insert  tid 106007
FindTargetPageId rootid 7 tid 106007
target_page_id id: 6 tid 106007
0 1 tid 106007
365 6 tid 106007
190 tid 106007
Insert  tid 106007
FindTargetPageId rootid 7 tid 106007
target_page_id id: 6 tid 106007
0 1 tid 106007
365 6 tid 106007
191 tid 106007
Insert  tid 106007
FindTargetPageId rootid 7 tid 106007
target_page_id id: 6 tid 106007
0 1 tid 106007
365 6 tid 106007
192 tid 106007
Insert  tid 106007
FindTargetPageId rootid 7 tid 106007
target_page_id id: 6 tid 106007
0 1 tid 106007
365 6 tid 106007
193 tid 106007
Insert  tid 106007
FindTargetPageId rootid 7 tid 106007
target_page_id id: 6 tid 106007
0 1 tid 106007
365 6 tid 106007
194 tid 106007
Insert  tid 106007
FindTargetPageId rootid 7 tid 106007
target_page_id id: 6 tid 106007
0 1 tid 106007
365 6 tid 106007
195 tid 106007
Insert  tid 106007
FindTargetPageId rootid 7 tid 106007
target_page_id id: 6 tid 106007
0 1 tid 106007
365 6 tid 106007
196 tid 106007
Insert  tid 106007
FindTargetPageId rootid 7 tid 106007
target_page_id id: 6 tid 106007
0 1 tid 106007
365 6 tid 106007
197 tid 106007
Insert  tid 106007
FindTargetPageId rootid 7 tid 106007
target_page_id id: 6 tid 106007
0 1 tid 106007
365 6 tid 106007
198 tid 106007
Insert  tid 106007
FindTargetPageId rootid 7 tid 106007
target_page_id id: 6 tid 106007
0 1 tid 106007
365 6 tid 106007
199 tid 106007
Insert  tid 106007
FindTargetPageId rootid 7 tid 106007
target_page_id id: 6 tid 106007
0 1 tid 106007
365 6 tid 106007
200 tid 106007
Insert  tid 106007
FindTargetPageId rootid 7 tid 106007
target_page_id id: 6 tid 106007
0 1 tid 106007
365 6 tid 106007
201 tid 106007
Insert  tid 106007
FindTargetPageId rootid 7 tid 106007
target_page_id id: 6 tid 106007
0 1 tid 106007
365 6 tid 106007
202 tid 106007
Insert  tid 106007
FindTargetPageId rootid 7 tid 106007
target_page_id id: 6 tid 106007
0 1 tid 106007
365 6 tid 106007
203 tid 106007
Insert  tid 106007
FindTargetPageId rootid 7 tid 106007
target_page_id id: 6 tid 106007
0 1 tid 106007
365 6 tid 106007
204 tid 106007
Insert  tid 106007
FindTargetPageId rootid 7 tid 106007
target_page_id id: 6 tid 106007
0 1 tid 106007
365 6 tid 106007
205 tid 106007
Insert  tid 106007
FindTargetPageId rootid 7 tid 106007
target_page_id id: 6 tid 106007
0 1 tid 106007
365 6 tid 106007
206 tid 106007
Insert  tid 106007
FindTargetPageId rootid 7 tid 106007
target_page_id id: 6 tid 106007
0 1 tid 106007
365 6 tid 106007
207 tid 106007
Insert  tid 106007
FindTargetPageId rootid 7 tid 106007
target_page_id id: 6 tid 106007
0 1 tid 106007
365 6 tid 106007
208 tid 106007
Insert  tid 106007
FindTargetPageId rootid 7 tid 106007
target_page_id id: 6 tid 106007
0 1 tid 106007
365 6 tid 106007
209 tid 106007
Insert  tid 106007
FindTargetPageId rootid 7 tid 106007
target_page_id id: 6 tid 106007
0 1 tid 106007
365 6 tid 106007
210 tid 106007
Insert  tid 106007
FindTargetPageId rootid 7 tid 106007
target_page_id id: 6 tid 106007
0 1 tid 106007
365 6 tid 106007
211 tid 106007
Insert  tid 106007
FindTargetPageId rootid 7 tid 106007
target_page_id id: 6 tid 106007
0 1 tid 106007
365 6 tid 106007
212 tid 106007
Insert  tid 106007
FindTargetPageId rootid 7 tid 106007
target_page_id id: 6 tid 106007
0 1 tid 106007
365 6 tid 106007
213 tid 106007
Insert  tid 106007
FindTargetPageId rootid 7 tid 106007
target_page_id id: 6 tid 106007
0 1 tid 106007
365 6 tid 106007
214 tid 106007
Insert  tid 106007
FindTargetPageId rootid 7 tid 106007
target_page_id id: 6 tid 106007
0 1 tid 106007
365 6 tid 106007
215 tid 106007
Insert  tid 106007
FindTargetPageId rootid 7 tid 106007
target_page_id id: 6 tid 106007
0 1 tid 106007
365 6 tid 106007
216 tid 106007
Insert  tid 106007
FindTargetPageId rootid 7 tid 106007
target_page_id id: 6 tid 106007
0 1 tid 106007
365 6 tid 106007
217 tid 106007
Insert  tid 106007
FindTargetPageId rootid 7 tid 106007
target_page_id id: 6 tid 106007
0 1 tid 106007
365 6 tid 106007
218 tid 106007
Insert  tid 106007
FindTargetPageId rootid 7 tid 106007
target_page_id id: 6 tid 106007
0 1 tid 106007
365 6 tid 106007
219 tid 106007
Insert  tid 106007
FindTargetPageId rootid 7 tid 106007
target_page_id id: 6 tid 106007
0 1 tid 106007
365 6 tid 106007
220 tid 106007
Insert  tid 106007
FindTargetPageId rootid 7 tid 106007
target_page_id id: 6 tid 106007
0 1 tid 106007
365 6 tid 106007
221 tid 106007
Insert  tid 106007
FindTargetPageId rootid 7 tid 106007
target_page_id id: 6 tid 106007
0 1 tid 106007
365 6 tid 106007
222 tid 106007
Insert  tid 106007
FindTargetPageId rootid 7 tid 106007
target_page_id id: 6 tid 106007
0 1 tid 106007
365 6 tid 106007
223 tid 106007
Insert  tid 106007
FindTargetPageId rootid 7 tid 106007
target_page_id id: 6 tid 106007
0 1 tid 106007
365 6 tid 106007
224 tid 106007
Insert  tid 106007
FindTargetPageId rootid 7 tid 106007
target_page_id id: 6 tid 106007
0 1 tid 106007
365 6 tid 106007
225 tid 106007
Insert  tid 106007
FindTargetPageId rootid 7 tid 106007
target_page_id id: 6 tid 106007
0 1 tid 106007
365 6 tid 106007
226 tid 106007
Insert  tid 106007
FindTargetPageId rootid 7 tid 106007
target_page_id id: 6 tid 106007
0 1 tid 106007
365 6 tid 106007
227 tid 106007
Insert  tid 106007
FindTargetPageId rootid 7 tid 106007
target_page_id id: 6 tid 106007
0 1 tid 106007
365 6 tid 106007
228 tid 106007
Insert  tid 106007
FindTargetPageId rootid 7 tid 106007
target_page_id id: 6 tid 106007
0 1 tid 106007
365 6 tid 106007
229 tid 106007
Insert  tid 106007
FindTargetPageId rootid 7 tid 106007
target_page_id id: 6 tid 106007
0 1 tid 106007
365 6 tid 106007
230 tid 106007
Insert  tid 106007
FindTargetPageId rootid 7 tid 106007
target_page_id id: 6 tid 106007
0 1 tid 106007
365 6 tid 106007
231 tid 106007
Insert  tid 106007
FindTargetPageId rootid 7 tid 106007
target_page_id id: 6 tid 106007
0 1 tid 106007
365 6 tid 106007
232 tid 106007
Insert  tid 106007
FindTargetPageId rootid 7 tid 106007
target_page_id id: 6 tid 106007
0 1 tid 106007
365 6 tid 106007
233 tid 106007
Insert  tid 106007
FindTargetPageId rootid 7 tid 106007
target_page_id id: 6 tid 106007
0 1 tid 106007
365 6 tid 106007
234 tid 106007
Insert  tid 106007
FindTargetPageId rootid 7 tid 106008
target_page_id id: 6 tid 106008
0 1 tid 106008
365 6 tid 106008
235 tid 106008
Remove  tid 106008
FindTargetPageId rootid 7 tid 106008
target_page_id id: 6 tid 106008
0 1 tid 106008
365 6 tid 106008
234 tid 106008
Remove  tid 106008
FindTargetPageId rootid 7 tid 106008
target_page_id id: 6 tid 106008
0 1 tid 106008
365 6 tid 106008
233 tid 106008
Remove  tid 106008
FindTargetPageId rootid 7 tid 106008
target_page_id id: 6 tid 106008
0 1 tid 106008
365 6 tid 106008
232 tid 106008
Remove  tid 106008
FindTargetPageId rootid 7 tid 106008
target_page_id id: 6 tid 106008
0 1 tid 106008
365 6 tid 106008
231 tid 106008
Remove  tid 106008
FindTargetPageId rootid 7 tid 106008
target_page_id id: 6 tid 106008
0 1 tid 106008
365 6 tid 106008
230 tid 106008
Remove  tid 106008
FindTargetPageId rootid 7 tid 106008
target_page_id id: 6 tid 106008
0 1 tid 106008
365 6 tid 106008
229 tid 106008
Remove  tid 106008
FindTargetPageId rootid 7 tid 106007
target_page_id id: 6 tid 106007
0 1 tid 106007
365 6 tid 106007
228 tid 106007
Insert  tid 106007
FindTargetPageId rootid 7 tid 106007
target_page_id id: 6 tid 106007
0 1 tid 106007
365 6 tid 106007
229 tid 106007
Insert  tid 106007
FindTargetPageId rootid 7 tid 106009
target_page_id id: 1 tid 106009
0 1 tid 106009
365 6 tid 106009
195 tid 106009
Insert  tid 106009
FindTargetPageId rootid 7 tid 106009
target_page_id id: 1 tid 106009
0 1 tid 106009
365 6 tid 106009
196 tid 106009
Insert  tid 106009
FindTargetPageId rootid 7 tid 106009
target_page_id id: 1 tid 106009
0 1 tid 106009
365 6 tid 106009
197 tid 106009
Insert  tid 106009
FindTargetPageId rootid 7 tid 106009
target_page_id id: 1 tid 106009
0 1 tid 106009
365 6 tid 106009
198 tid 106009
Insert  tid 106009
FindTargetPageId rootid 7 tid 106009
target_page_id id: 1 tid 106009
0 1 tid 106009
365 6 tid 106009
199 tid 106009
Insert  tid 106009
FindTargetPageId rootid 7 tid 106009
target_page_id id: 1 tid 106009
0 1 tid 106009
365 6 tid 106009
200 tid 106009
Insert  tid 106009
FindTargetPageId rootid 7 tid 106009
target_page_id id: 1 tid 106009
0 1 tid 106009
365 6 tid 106009
201 tid 106009
Insert  tid 106009
FindTargetPageId rootid 7 tid 106009
target_page_id id: 1 tid 106009
0 1 tid 106009
365 6 tid 106009
202 tid 106009
Insert  tid 106009
FindTargetPageId rootid 7 tid 106009
target_page_id id: 1 tid 106009
0 1 tid 106009
365 6 tid 106009
203 tid 106009
Insert  tid 106009
FindTargetPageId rootid 7 tid 106009
target_page_id id: 1 tid 106009
0 1 tid 106009
365 6 tid 106009
204 tid 106009
Insert  tid 106009
FindTargetPageId rootid 7 tid 106009
target_page_id id: 1 tid 106009
0 1 tid 106009
365 6 tid 106009
205 tid 106009
Insert  tid 106009
FindTargetPageId rootid 7 tid 106009
target_page_id id: 1 tid 106009
0 1 tid 106009
365 6 tid 106009
206 tid 106009
Insert  tid 106009
FindTargetPageId rootid 7 tid 106009
target_page_id id: 1 tid 106009
0 1 tid 106009
365 6 tid 106009
207 tid 106009
Insert  tid 106009
FindTargetPageId rootid 7 tid 106009
target_page_id id: 1 tid 106009
0 1 tid 106009
365 6 tid 106009
208 tid 106009
Insert  tid 106009
FindTargetPageId rootid 7 tid 106009
target_page_id id: 1 tid 106009
0 1 tid 106009
365 6 tid 106009
209 tid 106009
Insert  tid 106009
FindTargetPageId rootid 7 tid 106009
target_page_id id: 1 tid 106009
0 1 tid 106009
365 6 tid 106009
210 tid 106009
Insert  tid 106009
FindTargetPageId rootid 7 tid 106009
target_page_id id: 1 tid 106009
0 1 tid 106009
365 6 tid 106009
211 tid 106009
Insert  tid 106009
FindTargetPageId rootid 7 tid 106009
target_page_id id: 1 tid 106009
0 1 tid 106009
365 6 tid 106009
212 tid 106009
Insert  tid 106009
FindTargetPageId rootid 7 tid 106009
target_page_id id: 1 tid 106009
0 1 tid 106009
365 6 tid 106009
213 tid 106009
Insert  tid 106009
FindTargetPageId rootid 7 tid 106009
target_page_id id: 1 tid 106009
0 1 tid 106009
365 6 tid 106009
214 tid 106009
Insert  tid 106009
FindTargetPageId rootid 7 tid 106009
target_page_id id: 1 tid 106009
0 1 tid 106009
365 6 tid 106009
215 tid 106009
Insert  tid 106009
FindTargetPageId rootid 7 tid 106009
target_page_id id: 1 tid 106009
0 1 tid 106009
365 6 tid 106009
216 tid 106009
Insert  tid 106009
FindTargetPageId rootid 7 tid 106009
target_page_id id: 1 tid 106009
0 1 tid 106009
365 6 tid 106009
217 tid 106009
Insert  tid 106009
FindTargetPageId rootid 7 tid 106009
target_page_id id: 1 tid 106009
0 1 tid 106009
365 6 tid 106009
218 tid 106009
Insert  tid 106009
FindTargetPageId rootid 7 tid 106009
target_page_id id: 1 tid 106009
0 1 tid 106009
365 6 tid 106009
219 tid 106009
Insert  tid 106009
FindTargetPageId rootid 7 tid 106009
target_page_id id: 1 tid 106009
0 1 tid 106009
365 6 tid 106009
220 tid 106009
Insert  tid 106009
FindTargetPageId rootid 7 tid 106008
target_page_id id: 6 tid 106008
0 1 tid 106008
365 6 tid 106008
230 tid 106008
Remove  tid 106008
FindTargetPageId rootid 7 tid 106008
target_page_id id: 6 tid 106008
0 1 tid 106008
365 6 tid 106008
229 tid 106008
Remove  tid 106008
FindTargetPageId rootid 7 tid 106008
target_page_id id: 6 tid 106008
0 1 tid 106008
365 6 tid 106008
228 tid 106008
Remove  tid 106008
FindTargetPageId rootid 7 tid 106007
target_page_id id: 6 tid 106007
0 1 tid 106007
365 6 tid 106007
227 tid 106007
Insert  tid 106007
FindTargetPageId rootid 7 tid 106007
target_page_id id: 6 tid 106007
0 1 tid 106007
365 6 tid 106007
228 tid 106007
Insert  tid 106007
FindTargetPageId rootid 7 tid 106007
target_page_id id: 6 tid 106007
0 1 tid 106007
365 6 tid 106007
229 tid 106007
Insert  tid 106007
FindTargetPageId rootid 7 tid 106007
target_page_id id: 6 tid 106007
0 1 tid 106007
365 6 tid 106007
230 tid 106007
Insert  tid 106007
FindTargetPageId rootid 7 tid 106007
target_page_id id: 6 tid 106007
0 1 tid 106007
365 6 tid 106007
231 tid 106007
Insert  tid 106007
FindTargetPageId rootid 7 tid 106007
target_page_id id: 6 tid 106007
0 1 tid 106007
365 6 tid 106007
232 tid 106007
Insert  tid 106007
FindTargetPageId rootid 7 tid 106007
target_page_id id: 6 tid 106007
0 1 tid 106007
365 6 tid 106007
233 tid 106007
Insert  tid 106007
FindTargetPageId rootid 7 tid 106007
target_page_id id: 6 tid 106007
0 1 tid 106007
365 6 tid 106007
234 tid 106007
Insert  tid 106007
FindTargetPageId rootid 7 tid 106008
target_page_id id: 6 tid 106008
0 1 tid 106008
365 6 tid 106008
235 tid 106008
Remove  tid 106008
FindTargetPageId rootid 7 tid 106008
target_page_id id: 6 tid 106008
0 1 tid 106008
365 6 tid 106008
234 tid 106008
Remove  tid 106008
FindTargetPageId rootid 7 tid 106009
target_page_id id: 1 tid 106009
0 1 tid 106009
365 6 tid 106009
221 tid 106009
Insert  tid 106009
FindTargetPageId rootid 7 tid 106009
target_page_id id: 1 tid 106009
0 1 tid 106009
365 6 tid 106009
222 tid 106009
Insert  tid 106009
FindTargetPageId rootid 7 tid 106009
target_page_id id: 1 tid 106009
0 1 tid 106009
365 6 tid 106009
223 tid 106009
Insert  tid 106009
FindTargetPageId rootid 7 tid 106008
target_page_id id: 6 tid 106008
0 1 tid 106008
365 6 tid 106008
233 tid 106008
Remove  tid 106008
FindTargetPageId rootid 7 tid 106008
target_page_id id: 6 tid 106008
0 1 tid 106008
365 6 tid 106008
232 tid 106008
Remove  tid 106008
FindTargetPageId rootid 7 tid 106008
target_page_id id: 6 tid 106008
0 1 tid 106008
365 6 tid 106008
231 tid 106008
Remove  tid 106008
FindTargetPageId rootid 7 tid 106008
target_page_id id: 6 tid 106008
0 1 tid 106008
365 6 tid 106008
230 tid 106008
Remove  tid 106008
FindTargetPageId rootid 7 tid 106008
target_page_id id: 6 tid 106008
0 1 tid 106008
365 6 tid 106008
229 tid 106008
Remove  tid 106008
FindTargetPageId rootid 7 tid 106008
target_page_id id: 6 tid 106008
0 1 tid 106008
365 6 tid 106008
228 tid 106008
Remove  tid 106008
FindTargetPageId rootid 7 tid 106008
target_page_id id: 6 tid 106008
0 1 tid 106008
365 6 tid 106008
227 tid 106008
Remove  tid 106008
FindTargetPageId rootid 7 tid 106007
target_page_id id: 6 tid 106007
0 1 tid 106007
365 6 tid 106007
226 tid 106007
Insert  tid 106007
FindTargetPageId rootid 7 tid 106007
target_page_id id: 6 tid 106007
0 1 tid 106007
365 6 tid 106007
227 tid 106007
Insert  tid 106007
FindTargetPageId rootid 7 tid 106007
target_page_id id: 6 tid 106007
0 1 tid 106007
365 6 tid 106007
228 tid 106007
Insert  tid 106007
FindTargetPageId rootid 7 tid 106008
target_page_id id: 6 tid 106008
0 1 tid 106008
365 6 tid 106008
229 tid 106008
Remove  tid 106008
FindTargetPageId rootid 7 tid 106009
target_page_id id: 1 tid 106009
0 1 tid 106009
365 6 tid 106009
224 tid 106009
Insert  tid 106009
FindTargetPageId rootid 7 tid 106009
target_page_id id: 1 tid 106009
0 1 tid 106009
365 6 tid 106009
225 tid 106009
Insert  tid 106009
FindTargetPageId rootid 7 tid 106008
target_page_id id: 6 tid 106008
0 1 tid 106008
365 6 tid 106008
228 tid 106008
Remove  tid 106008
FindTargetPageId rootid 7 tid 106008
target_page_id id: 6 tid 106008
0 1 tid 106008
365 6 tid 106008
227 tid 106008
Remove  tid 106008
FindTargetPageId rootid 7 tid 106008
target_page_id id: 6 tid 106008
0 1 tid 106008
365 6 tid 106008
226 tid 106008
Remove  tid 106008
FindTargetPageId rootid 7 tid 106008
target_page_id id: 6 tid 106008
0 1 tid 106008
365 6 tid 106008
225 tid 106008
Remove  tid 106008
FindTargetPageId rootid 7 tid 106008
target_page_id id: 6 tid 106008
0 1 tid 106008
365 6 tid 106008
224 tid 106008
Remove  tid 106008
FindTargetPageId rootid 7 tid 106008
target_page_id id: 6 tid 106008
0 1 tid 106008
365 6 tid 106008
223 tid 106008
Remove  tid 106008
FindTargetPageId rootid 7 tid 106008
target_page_id id: 6 tid 106008
0 1 tid 106008
365 6 tid 106008
222 tid 106008
Remove  tid 106008
FindTargetPageId rootid 7 tid 106008
target_page_id id: 6 tid 106008
0 1 tid 106008
365 6 tid 106008
221 tid 106008
Remove  tid 106008
FindTargetPageId rootid 7 tid 106008
target_page_id id: 6 tid 106008
0 1 tid 106008
365 6 tid 106008
220 tid 106008
Remove  tid 106008
FindTargetPageId rootid 7 tid 106009
target_page_id id: 1 tid 106009
0 1 tid 106009
365 6 tid 106009
226 tid 106009
Insert  tid 106009
FindTargetPageId rootid 7 tid 106009
target_page_id id: 1 tid 106009
0 1 tid 106009
365 6 tid 106009
227 tid 106009
Insert  tid 106009
FindTargetPageId rootid 7 tid 106009
target_page_id id: 1 tid 106009
0 1 tid 106009
365 6 tid 106009
228 tid 106009
Insert  tid 106009
FindTargetPageId rootid 7 tid 106009
target_page_id id: 1 tid 106009
0 1 tid 106009
365 6 tid 106009
229 tid 106009
Insert  tid 106009
FindTargetPageId rootid 7 tid 106009
target_page_id id: 1 tid 106009
0 1 tid 106009
365 6 tid 106009
230 tid 106009
Insert  tid 106009
FindTargetPageId rootid 7 tid 106009
target_page_id id: 1 tid 106009
0 1 tid 106009
365 6 tid 106009
231 tid 106009
Insert  tid 106009
FindTargetPageId rootid 7 tid 106009
target_page_id id: 1 tid 106009
0 1 tid 106009
365 6 tid 106009
232 tid 106009
Insert  tid 106009
FindTargetPageId rootid 7 tid 106009
target_page_id id: 1 tid 106009
0 1 tid 106009
365 6 tid 106009
233 tid 106009
Insert  tid 106009
FindTargetPageId rootid 7 tid 106008
target_page_id id: 6 tid 106008
0 1 tid 106008
365 6 tid 106008
219 tid 106008
Remove  tid 106008
FindTargetPageId rootid 7 tid 106008
target_page_id id: 6 tid 106008
0 1 tid 106008
365 6 tid 106008
218 tid 106008
Remove  tid 106008
FindTargetPageId rootid 7 tid 106008
target_page_id id: 6 tid 106008
0 1 tid 106008
365 6 tid 106008
217 tid 106008
Remove  tid 106008
FindTargetPageId rootid 7 tid 106007
target_page_id id: 6 tid 106007
0 1 tid 106007
365 6 tid 106007
216 tid 106007
Insert  tid 106007
FindTargetPageId rootid 7 tid 106007
target_page_id id: 6 tid 106007
0 1 tid 106007
365 6 tid 106007
217 tid 106007
Insert  tid 106007
FindTargetPageId rootid 7 tid 106007
target_page_id id: 6 tid 106007
0 1 tid 106007
365 6 tid 106007
218 tid 106007
Insert  tid 106007
FindTargetPageId rootid 7 tid 106007
target_page_id id: 6 tid 106007
0 1 tid 106007
365 6 tid 106007
219 tid 106007
Insert  tid 106007
FindTargetPageId rootid 7 tid 106007
target_page_id id: 6 tid 106007
0 1 tid 106007
365 6 tid 106007
220 tid 106007
Insert  tid 106007
FindTargetPageId rootid 7 tid 106007
target_page_id id: 6 tid 106007
0 1 tid 106007
365 6 tid 106007
221 tid 106007
Insert  tid 106007
FindTargetPageId rootid 7 tid 106009
target_page_id id: 1 tid 106009
0 1 tid 106009
365 6 tid 106009
234 tid 106009
Insert  tid 106009
FindTargetPageId rootid 7 tid 106009
target_page_id id: 1 tid 106009
0 1 tid 106009
365 6 tid 106009
235 tid 106009
Insert  tid 106009
FindTargetPageId rootid 7 tid 106009
target_page_id id: 1 tid 106009
0 1 tid 106009
365 6 tid 106009
236 tid 106009
Insert  tid 106009
FindTargetPageId rootid 7 tid 106009
target_page_id id: 1 tid 106009
0 1 tid 106009
365 6 tid 106009
237 tid 106009
Insert  tid 106009
FindTargetPageId rootid 7 tid 106009
target_page_id id: 1 tid 106009
0 1 tid 106009
365 6 tid 106009
238 tid 106009
Insert  tid 106009
FindTargetPageId rootid 7 tid 106008
target_page_id id: 6 tid 106008
0 1 tid 106008
365 6 tid 106008
222 tid 106008
Remove  tid 106008
FindTargetPageId rootid 7 tid 106007
target_page_id id: 6 tid 106007
0 1 tid 106007
365 6 tid 106007
221 tid 106007
Insert  tid 106007
FindTargetPageId rootid 7 tid 106007
target_page_id id: 6 tid 106007
0 1 tid 106007
365 6 tid 106007
222 tid 106007
Insert  tid 106007
FindTargetPageId rootid 7 tid 106007
target_page_id id: 6 tid 106007
0 1 tid 106007
365 6 tid 106007
223 tid 106007
Insert  tid 106007
FindTargetPageId rootid 7 tid 106007
target_page_id id: 6 tid 106007
0 1 tid 106007
365 6 tid 106007
224 tid 106007
Insert  tid 106007
FindTargetPageId rootid 7 tid 106007
target_page_id id: 6 tid 106007
0 1 tid 106007
365 6 tid 106007
225 tid 106007
Insert  tid 106007
FindTargetPageId rootid 7 tid 106009
target_page_id id: 1 tid 106009
0 1 tid 106009
365 6 tid 106009
239 tid 106009
Insert  tid 106009
FindTargetPageId rootid 7 tid 106008
target_page_id id: 6 tid 106008
0 1 tid 106008
365 6 tid 106008
226 tid 106008
Remove  tid 106008
FindTargetPageId rootid 7 tid 106008
target_page_id id: 6 tid 106008
0 1 tid 106008
365 6 tid 106008
225 tid 106008
Remove  tid 106008
FindTargetPageId rootid 7 tid 106008
target_page_id id: 6 tid 106008
0 1 tid 106008
365 6 tid 106008
224 tid 106008
Remove  tid 106008
FindTargetPageId rootid 7 tid 106008
target_page_id id: 6 tid 106008
0 1 tid 106008
365 6 tid 106008
223 tid 106008
Remove  tid 106008
FindTargetPageId rootid 7 tid 106008
target_page_id id: 6 tid 106008
0 1 tid 106008
365 6 tid 106008
222 tid 106008
Remove  tid 106008
FindTargetPageId rootid 7 tid 106008
target_page_id id: 6 tid 106008
0 1 tid 106008
365 6 tid 106008
221 tid 106008
Remove  tid 106008
FindTargetPageId rootid 7 tid 106008
target_page_id id: 6 tid 106008
0 1 tid 106008
365 6 tid 106008
220 tid 106008
Remove  tid 106008
FindTargetPageId rootid 7 tid 106007
target_page_id id: 6 tid 106007
0 1 tid 106007
365 6 tid 106007
219 tid 106007
Insert  tid 106007
FindTargetPageId rootid 7 tid 106009
target_page_id id: 1 tid 106009
0 1 tid 106009
365 6 tid 106009
240 tid 106009
Insert  tid 106009
FindTargetPageId rootid 7 tid 106009
target_page_id id: 1 tid 106009
0 1 tid 106009
365 6 tid 106009
241 tid 106009
Insert  tid 106009
FindTargetPageId rootid 7 tid 106009
target_page_id id: 1 tid 106009
0 1 tid 106009
365 6 tid 106009
242 tid 106009
Insert  tid 106009
FindTargetPageId rootid 7 tid 106009
target_page_id id: 1 tid 106009
0 1 tid 106009
365 6 tid 106009
243 tid 106009
Insert  tid 106009
FindTargetPageId rootid 7 tid 106009
target_page_id id: 1 tid 106009
0 1 tid 106009
365 6 tid 106009
244 tid 106009
Insert  tid 106009
FindTargetPageId rootid 7 tid 106007
target_page_id id: 6 tid 106007
0 1 tid 106007
365 6 tid 106007
220 tid 106007
Insert  tid 106007
FindTargetPageId rootid 7 tid 106008
target_page_id id: 6 tid 106008
0 1 tid 106008
365 6 tid 106008
221 tid 106008
Remove  tid 106008
FindTargetPageId rootid 7 tid 106008
target_page_id id: 6 tid 106008
0 1 tid 106008
365 6 tid 106008
220 tid 106008
Remove  tid 106008
FindTargetPageId rootid 7 tid 106007
target_page_id id: 6 tid 106007
0 1 tid 106007
365 6 tid 106007
219 tid 106007
Insert  tid 106007
FindTargetPageId rootid 7 tid 106007
target_page_id id: 6 tid 106007
0 1 tid 106007
365 6 tid 106007
220 tid 106007
Insert  tid 106007
FindTargetPageId rootid 7 tid 106007
target_page_id id: 6 tid 106007
0 1 tid 106007
365 6 tid 106007
221 tid 106007
Insert  tid 106007
FindTargetPageId rootid 7 tid 106007
target_page_id id: 6 tid 106007
0 1 tid 106007
365 6 tid 106007
222 tid 106007
Insert  tid 106007
FindTargetPageId rootid 7 tid 106007
target_page_id id: 6 tid 106007
0 1 tid 106007
365 6 tid 106007
223 tid 106007
Insert  tid 106007
FindTargetPageId rootid 7 tid 106007
target_page_id id: 6 tid 106007
0 1 tid 106007
365 6 tid 106007
224 tid 106007
Insert  tid 106007
FindTargetPageId rootid 7 tid 106007
target_page_id id: 6 tid 106007
0 1 tid 106007
365 6 tid 106007
225 tid 106007
Insert  tid 106007
FindTargetPageId rootid 7 tid 106007
target_page_id id: 6 tid 106007
0 1 tid 106007
365 6 tid 106007
226 tid 106007
Insert  tid 106007
FindTargetPageId rootid 7 tid 106007
target_page_id id: 6 tid 106007
0 1 tid 106007
365 6 tid 106007
227 tid 106007
Insert  tid 106007
FindTargetPageId rootid 7 tid 106007
target_page_id id: 6 tid 106007
0 1 tid 106007
365 6 tid 106007
228 tid 106007
Insert  tid 106007
FindTargetPageId rootid 7 tid 106007
target_page_id id: 6 tid 106007
0 1 tid 106007
365 6 tid 106007
229 tid 106007
Insert  tid 106007
FindTargetPageId rootid 7 tid 106007
target_page_id id: 6 tid 106007
0 1 tid 106007
365 6 tid 106007
230 tid 106007
Insert  tid 106007
FindTargetPageId rootid 7 tid 106009
target_page_id id: 1 tid 106009
0 1 tid 106009
365 6 tid 106009
245 tid 106009
Insert  tid 106009
FindTargetPageId rootid 7 tid 106009
target_page_id id: 1 tid 106009
0 1 tid 106009
365 6 tid 106009
246 tid 106009
Insert  tid 106009
FindTargetPageId rootid 7 tid 106009
target_page_id id: 1 tid 106009
0 1 tid 106009
365 6 tid 106009
247 tid 106009
Insert  tid 106009
FindTargetPageId rootid 7 tid 106009
target_page_id id: 1 tid 106009
0 1 tid 106009
365 6 tid 106009
248 tid 106009
Insert  tid 106009
FindTargetPageId rootid 7 tid 106009
target_page_id id: 1 tid 106009
0 1 tid 106009
365 6 tid 106009
249 tid 106009
Insert  tid 106009
FindTargetPageId rootid 7 tid 106009
target_page_id id: 1 tid 106009
0 1 tid 106009
365 6 tid 106009
250 tid 106009
Insert  tid 106009
FindTargetPageId rootid 7 tid 106007
target_page_id id: 6 tid 106007
0 1 tid 106007
365 6 tid 106007
231 tid 106007
Insert  tid 106007
FindTargetPageId rootid 7 tid 106009
target_page_id id: 1 tid 106009
0 1 tid 106009
365 6 tid 106009
251 tid 106009
Insert  tid 106009
FindTargetPageId rootid 7 tid 106009
target_page_id id: 1 tid 106009
0 1 tid 106009
365 6 tid 106009
252 tid 106009
Insert  tid 106009
FindTargetPageId rootid 7 tid 106008
target_page_id id: 6 tid 106008
0 1 tid 106008
365 6 tid 106008
232 tid 106008
Remove  tid 106008
FindTargetPageId rootid 7 tid 106008
target_page_id id: 6 tid 106008
0 1 tid 106008
365 6 tid 106008
231 tid 106008
Remove  tid 106008
FindTargetPageId rootid 7 tid 106008
target_page_id id: 6 tid 106008
0 1 tid 106008
365 6 tid 106008
230 tid 106008
Remove  tid 106008
FindTargetPageId rootid 7 tid 106007
target_page_id id: 6 tid 106007
0 1 tid 106007
365 6 tid 106007
229 tid 106007
Insert  tid 106007
FindTargetPageId rootid 7 tid 106007
target_page_id id: 6 tid 106007
0 1 tid 106007
365 6 tid 106007
230 tid 106007
Insert  tid 106007
FindTargetPageId rootid 7 tid 106008
target_page_id id: 6 tid 106008
0 1 tid 106008
365 6 tid 106008
231 tid 106008
Remove  tid 106008
FindTargetPageId rootid 7 tid 106008
target_page_id id: 6 tid 106008
0 1 tid 106008
365 6 tid 106008
230 tid 106008
Remove  tid 106008
FindTargetPageId rootid 7 tid 106008
target_page_id id: 6 tid 106008
0 1 tid 106008
365 6 tid 106008
229 tid 106008
Remove  tid 106008
FindTargetPageId rootid 7 tid 106008
target_page_id id: 6 tid 106008
0 1 tid 106008
365 6 tid 106008
228 tid 106008
Remove  tid 106008
FindTargetPageId rootid 7 tid 106008
target_page_id id: 6 tid 106008
0 1 tid 106008
365 6 tid 106008
227 tid 106008
Remove  tid 106008
FindTargetPageId rootid 7 tid 106008
target_page_id id: 6 tid 106008
0 1 tid 106008
365 6 tid 106008
226 tid 106008
Remove  tid 106008
FindTargetPageId rootid 7 tid 106007
target_page_id id: 6 tid 106007
0 1 tid 106007
365 6 tid 106007
225 tid 106007
Insert  tid 106007
FindTargetPageId rootid 7 tid 106007
target_page_id id: 6 tid 106007
0 1 tid 106007
365 6 tid 106007
226 tid 106007
Insert  tid 106007
FindTargetPageId rootid 7 tid 106007
target_page_id id: 6 tid 106007
0 1 tid 106007
365 6 tid 106007
227 tid 106007
Insert  tid 106007
FindTargetPageId rootid 7 tid 106007
target_page_id id: 6 tid 106007
0 1 tid 106007
365 6 tid 106007
228 tid 106007
Insert  tid 106007
FindTargetPageId rootid 7 tid 106009
target_page_id id: 1 tid 106009
0 1 tid 106009
365 6 tid 106009
253 tid 106009
Insert  tid 106009
FindTargetPageId rootid 7 tid 106009
target_page_id id: 1 tid 106009
0 1 tid 106009
365 6 tid 106009
254 tid 106009
Insert  tid 106009
FindTargetPageId rootid 7 tid 106007
target_page_id id: 6 tid 106007
0 1 tid 106007
168 8 tid 106007
365 6 tid 106007
229 tid 106007
Insert  tid 106007
FindTargetPageId rootid 7 tid 106008
target_page_id id: 6 tid 106008
0 1 tid 106008
168 8 tid 106008
365 6 tid 106008
230 tid 106008
Remove  tid 106008
FindTargetPageId rootid 7 tid 106009
target_page_id id: 8 tid 106009
0 1 tid 106009
168 8 tid 106009
365 6 tid 106009
128 tid 106009
Insert  tid 106009
FindTargetPageId rootid 7 tid 106007
target_page_id id: 6 tid 106007
0 1 tid 106007
168 8 tid 106007
365 6 tid 106007
229 tid 106007
Insert  tid 106007
FindTargetPageId rootid 7 tid 106007
target_page_id id: 6 tid 106007
0 1 tid 106007
168 8 tid 106007
365 6 tid 106007
230 tid 106007
Insert  tid 106007
FindTargetPageId rootid 7 tid 106007
target_page_id id: 6 tid 106007
0 1 tid 106007
168 8 tid 106007
365 6 tid 106007
231 tid 106007
Insert  tid 106007
FindTargetPageId rootid 7 tid 106007
target_page_id id: 6 tid 106007
0 1 tid 106007
168 8 tid 106007
365 6 tid 106007
232 tid 106007
Insert  tid 106007
FindTargetPageId rootid 7 tid 106007
target_page_id id: 6 tid 106007
0 1 tid 106007
168 8 tid 106007
365 6 tid 106007
233 tid 106007
Insert  tid 106007
FindTargetPageId rootid 7 tid 106008
target_page_id id: 6 tid 106008
0 1 tid 106008
168 8 tid 106008
365 6 tid 106008
234 tid 106008
Remove  tid 106008
FindTargetPageId rootid 7 tid 106009
target_page_id id: 8 tid 106009
0 1 tid 106009
168 8 tid 106009
365 6 tid 106009
129 tid 106009
Insert  tid 106009
FindTargetPageId rootid 7 tid 106007
target_page_id id: 6 tid 106007
0 1 tid 106007
168 8 tid 106007
365 6 tid 106007
233 tid 106007
Insert  tid 106007
FindTargetPageId rootid 7 tid 106008
target_page_id id: 6 tid 106008
0 1 tid 106008
168 8 tid 106008
365 6 tid 106008
234 tid 106008
Remove  tid 106008
FindTargetPageId rootid 7 tid 106009
target_page_id id: 8 tid 106009
0 1 tid 106009
168 8 tid 106009
365 6 tid 106009
130 tid 106009
Insert  tid 106009
FindTargetPageId rootid 7 tid 106009
target_page_id id: 8 tid 106009
0 1 tid 106009
168 8 tid 106009
365 6 tid 106009
131 tid 106009
Insert  tid 106009
FindTargetPageId rootid 7 tid 106008
target_page_id id: 6 tid 106008
0 1 tid 106008
168 8 tid 106008
365 6 tid 106008
233 tid 106008
Remove  tid 106008
FindTargetPageId rootid 7 tid 106008
target_page_id id: 6 tid 106008
0 1 tid 106008
168 8 tid 106008
365 6 tid 106008
232 tid 106008
Remove  tid 106008
FindTargetPageId rootid 7 tid 106008
target_page_id id: 6 tid 106008
0 1 tid 106008
168 8 tid 106008
365 6 tid 106008
231 tid 106008
Remove  tid 106008
FindTargetPageId rootid 7 tid 106008
target_page_id id: 6 tid 106008
0 1 tid 106008
168 8 tid 106008
365 6 tid 106008
230 tid 106008
Remove  tid 106008
FindTargetPageId rootid 7 tid 106009
target_page_id id: 8 tid 106009
0 1 tid 106009
168 8 tid 106009
365 6 tid 106009
132 tid 106009
Insert  tid 106009
FindTargetPageId rootid 7 tid 106009
target_page_id id: 8 tid 106009
0 1 tid 106009
168 8 tid 106009
365 6 tid 106009
133 tid 106009
Insert  tid 106009
FindTargetPageId rootid 7 tid 106009
target_page_id id: 8 tid 106009
0 1 tid 106009
168 8 tid 106009
365 6 tid 106009
134 tid 106009
Insert  tid 106009
FindTargetPageId rootid 7 tid 106007
target_page_id id: 6 tid 106007
0 1 tid 106007
168 8 tid 106007
365 6 tid 106007
229 tid 106007
Insert  tid 106007
FindTargetPageId rootid 7 tid 106007
target_page_id id: 6 tid 106007
0 1 tid 106007
168 8 tid 106007
365 6 tid 106007
230 tid 106007
Insert  tid 106007
FindTargetPageId rootid 7 tid 106007
target_page_id id: 6 tid 106007
0 1 tid 106007
168 8 tid 106007
365 6 tid 106007
231 tid 106007
Insert  tid 106007
FindTargetPageId rootid 7 tid 106007
target_page_id id: 6 tid 106007
0 1 tid 106007
168 8 tid 106007
365 6 tid 106007
232 tid 106007
Insert  tid 106007
FindTargetPageId rootid 7 tid 106007
target_page_id id: 6 tid 106007
0 1 tid 106007
168 8 tid 106007
365 6 tid 106007
233 tid 106007
Insert  tid 106007
FindTargetPageId rootid 7 tid 106007
target_page_id id: 6 tid 106007
0 1 tid 106007
168 8 tid 106007
365 6 tid 106007
234 tid 106007
Insert  tid 106007
FindTargetPageId rootid 7 tid 106007
target_page_id id: 6 tid 106007
0 1 tid 106007
168 8 tid 106007
365 6 tid 106007
235 tid 106007
Insert  tid 106007
FindTargetPageId rootid 7 tid 106007
target_page_id id: 6 tid 106007
0 1 tid 106007
168 8 tid 106007
365 6 tid 106007
236 tid 106007
Insert  tid 106007
FindTargetPageId rootid 7 tid 106007
target_page_id id: 6 tid 106007
0 1 tid 106007
168 8 tid 106007
365 6 tid 106007
237 tid 106007
Insert  tid 106007
FindTargetPageId rootid 7 tid 106007
target_page_id id: 6 tid 106007
0 1 tid 106007
168 8 tid 106007
365 6 tid 106007
238 tid 106007
Insert  tid 106007
FindTargetPageId rootid 7 tid 106007
target_page_id id: 6 tid 106007
0 1 tid 106007
168 8 tid 106007
365 6 tid 106007
239 tid 106007
Insert  tid 106007
FindTargetPageId rootid 7 tid 106007
target_page_id id: 6 tid 106007
0 1 tid 106007
168 8 tid 106007
365 6 tid 106007
240 tid 106007
Insert  tid 106007
FindTargetPageId rootid 7 tid 106007
target_page_id id: 6 tid 106007
0 1 tid 106007
168 8 tid 106007
365 6 tid 106007
241 tid 106007
Insert  tid 106007
FindTargetPageId rootid 7 tid 106007
target_page_id id: 6 tid 106007
0 1 tid 106007
168 8 tid 106007
365 6 tid 106007
242 tid 106007
Insert  tid 106007
FindTargetPageId rootid 7 tid 106009
target_page_id id: 8 tid 106009
0 1 tid 106009
168 8 tid 106009
365 6 tid 106009
135 tid 106009
Insert  tid 106009
FindTargetPageId rootid 7 tid 106008
target_page_id id: 6 tid 106008
0 1 tid 106008
168 8 tid 106008
365 6 tid 106008
243 tid 106008
Remove  tid 106008
FindTargetPageId rootid 7 tid 106008
target_page_id id: 6 tid 106008
0 1 tid 106008
168 8 tid 106008
365 6 tid 106008
242 tid 106008
Remove  tid 106008
FindTargetPageId rootid 7 tid 106008
target_page_id id: 6 tid 106008
0 1 tid 106008
168 8 tid 106008
365 6 tid 106008
241 tid 106008
Remove  tid 106008
FindTargetPageId rootid 7 tid 106009
target_page_id id: 8 tid 106009
0 1 tid 106009
168 8 tid 106009
365 6 tid 106009
136 tid 106009
Insert  tid 106009
FindTargetPageId rootid 7 tid 106007
target_page_id id: 6 tid 106007
0 1 tid 106007
168 8 tid 106007
365 6 tid 106007
240 tid 106007
Insert  tid 106007
FindTargetPageId rootid 7 tid 106008
target_page_id id: 6 tid 106008
0 1 tid 106008
168 8 tid 106008
365 6 tid 106008
241 tid 106008
Remove  tid 106008
FindTargetPageId rootid 7 tid 106009
target_page_id id: 8 tid 106009
0 1 tid 106009
168 8 tid 106009
365 6 tid 106009
137 tid 106009
Insert  tid 106009
FindTargetPageId rootid 7 tid 106007
target_page_id id: 6 tid 106007
0 1 tid 106007
168 8 tid 106007
365 6 tid 106007
240 tid 106007
Insert  tid 106007
FindTargetPageId rootid 7 tid 106008
target_page_id id: 6 tid 106008
0 1 tid 106008
168 8 tid 106008
365 6 tid 106008
241 tid 106008
Remove  tid 106008
FindTargetPageId rootid 7 tid 106009
target_page_id id: 8 tid 106009
0 1 tid 106009
168 8 tid 106009
365 6 tid 106009
138 tid 106009
Insert  tid 106009
FindTargetPageId rootid 7 tid 106009
target_page_id id: 8 tid 106009
0 1 tid 106009
168 8 tid 106009
365 6 tid 106009
139 tid 106009
Insert  tid 106009
FindTargetPageId rootid 7 tid 106008
target_page_id id: 6 tid 106008
0 1 tid 106008
168 8 tid 106008
365 6 tid 106008
240 tid 106008
Remove  tid 106008
FindTargetPageId rootid 7 tid 106007
target_page_id id: 6 tid 106007
0 1 tid 106007
168 8 tid 106007
365 6 tid 106007
239 tid 106007
Insert  tid 106007
FindTargetPageId rootid 7 tid 106009
target_page_id id: 8 tid 106009
0 1 tid 106009
168 8 tid 106009
365 6 tid 106009
140 tid 106009
Insert  tid 106009
FindTargetPageId rootid 7 tid 106008
target_page_id id: 6 tid 106008
0 1 tid 106008
168 8 tid 106008
365 6 tid 106008
240 tid 106008
Remove  tid 106008
FindTargetPageId rootid 7 tid 106007
target_page_id id: 6 tid 106007
0 1 tid 106007
168 8 tid 106007
365 6 tid 106007
239 tid 106007
Insert  tid 106007
FindTargetPageId rootid 7 tid 106009
target_page_id id: 8 tid 106009
0 1 tid 106009
168 8 tid 106009
365 6 tid 106009
141 tid 106009
Insert  tid 106009
FindTargetPageId rootid 7 tid 106008
target_page_id id: 6 tid 106008
0 1 tid 106008
168 8 tid 106008
365 6 tid 106008
240 tid 106008
Remove  tid 106008
FindTargetPageId rootid 7 tid 106007
target_page_id id: 6 tid 106007
0 1 tid 106007
168 8 tid 106007
365 6 tid 106007
239 tid 106007
Insert  tid 106007
FindTargetPageId rootid 7 tid 106009
target_page_id id: 8 tid 106009
0 1 tid 106009
168 8 tid 106009
365 6 tid 106009
142 tid 106009
Insert  tid 106009
FindTargetPageId rootid 7 tid 106008
target_page_id id: 6 tid 106008
0 1 tid 106008
168 8 tid 106008
365 6 tid 106008
240 tid 106008
Remove  tid 106008
FindTargetPageId rootid 7 tid 106007
target_page_id id: 6 tid 106007
0 1 tid 106007
168 8 tid 106007
365 6 tid 106007
239 tid 106007
Insert  tid 106007
FindTargetPageId rootid 7 tid 106009
target_page_id id: 8 tid 106009
0 1 tid 106009
168 8 tid 106009
365 6 tid 106009
143 tid 106009
FindTargetPageId rootid 7 tid 106008
target_page_id id: 6 tid 106008
0 1 tid 106008
168 8 tid 106008
365 6 tid 106008
Insert  tid 106009240
 tid 106008
Remove  tid 106008
FindTargetPageId rootid 7 tid 106007
target_page_id id: 6 tid 106007
0 1 tid 106007
168 8 tid 106007
365 6 tid 106007
239 tid 106007
Insert  tid 106007
FindTargetPageId rootid 7 tid 106007
target_page_id id: 6 tid 106007
0 1 tid 106007
168 8 tid 106007
365 6 tid 106007
240 tid 106007
Insert  tid 106007
FindTargetPageId rootid 7 tid 106007
target_page_id id: 6 tid 106007
0 1 tid 106007
168 8 tid 106007
365 6 tid 106007
241 tid 106007
Insert  tid 106007
FindTargetPageId rootid 7 tid 106008
target_page_id id: 6 tid 106008
0 1 tid 106008
168 8 tid 106008
365 6 tid 106008
242 tid 106008
Remove  tid 106008
FindTargetPageId rootid 7 tid 106009
target_page_id id: 8 tid 106009
0 1 tid 106009
168 8 tid 106009
365 6 tid 106009
144 tid 106009
Insert  tid 106009
FindTargetPageId rootid 7 tid 106009
target_page_id id: 8 tid 106009
0 1 tid 106009
168 8 tid 106009
365 6 tid 106009
145 tid 106009
Insert  tid 106009
FindTargetPageId rootid 7 tid 106009
target_page_id id: 8 tid 106009
0 1 tid 106009
168 8 tid 106009
365 6 tid 106009
146 tid 106009
Insert  tid 106009
FindTargetPageId rootid 7 tid 106009
target_page_id id: 8 tid 106009
0 1 tid 106009
168 8 tid 106009
365 6 tid 106009
147 tid 106009
Insert  tid 106009
FindTargetPageId rootid 7 tid 106009
target_page_id id: 8 tid 106009
0 1 tid 106009
168 8 tid 106009
365 6 tid 106009
148 tid 106009
Insert  tid 106009
FindTargetPageId rootid 7 tid 106009
target_page_id id: 8 tid 106009
0 1 tid 106009
168 8 tid 106009
365 6 tid 106009
149 tid 106009
Insert  tid 106009
FindTargetPageId rootid 7 tid 106009
target_page_id id: 8 tid 106009
0 1 tid 106009
168 8 tid 106009
365 6 tid 106009
150 tid 106009
Insert  tid 106009
FindTargetPageId rootid 7 tid 106009
target_page_id id: 8 tid 106009
0 1 tid 106009
168 8 tid 106009
365 6 tid 106009
151 tid 106009
Insert  tid 106009
FindTargetPageId rootid 7 tid 106009
target_page_id id: 8 tid 106009
0 1 tid 106009
168 8 tid 106009
365 6 tid 106009
152 tid 106009
Insert  tid 106009
FindTargetPageId rootid 7 tid 106009
target_page_id id: 8 tid 106009
0 1 tid 106009
168 8 tid 106009
365 6 tid 106009
153 tid 106009
Insert  tid 106009
FindTargetPageId rootid 7 tid 106009
target_page_id id: 8 tid 106009
0 1 tid 106009
168 8 tid 106009
365 6 tid 106009
154 tid 106009
Insert  tid 106009
FindTargetPageId rootid 7 tid 106008
target_page_id id: 6 tid 106008
0 1 tid 106008
168 8 tid 106008
365 6 tid 106008
241 tid 106008
Remove FindTargetPageId rootid  tid 7 tid 106007106008

target_page_id id: 6 tid 106007
0 1 tid 106007
168 8 tid 106007
365 6 tid 106007
240 tid 106007
Insert  tid 106007
FindTargetPageId rootid 7 tid 106008
target_page_id id: 6 tid 106008
0 1 tid 106008
168 8 tid 106008
365 6 tid 106008
241 tid 106008
Remove  tid 106008
FindTargetPageId rootid 7 tid 106009
target_page_id id: 8 tid 106009
0 1 tid 106009
168 8 tid 106009
365 6 tid 106009
155 tid 106009
Insert  tid 106009
FindTargetPageId rootid 7 tid 106007
target_page_id id: 6 tid 106007
0 1 tid 106007
168 8 tid 106007
365 6 tid 106007
240 tid 106007
Insert  tid 106007
FindTargetPageId rootid 7 tid 106008
target_page_id id: 6 tid 106008
0 1 tid 106008
168 8 tid 106008
365 6 tid 106008
241 tid 106008
Remove  tid 106008
FindTargetPageId rootid 7 tid 106008
target_page_id id: 6 tid 106008
0 1 tid 106008
168 8 tid 106008
365 6 tid 106008
240 tid 106008
Remove  tid 106008
FindTargetPageId rootid 7 tid 106007
target_page_id id: 6 tid 106007
0 1 tid 106007
168 8 tid 106007
365 6 tid 106007
239 tid 106007
Insert  tid 106007
FindTargetPageId rootid 7 tid 106009
target_page_id id: 8 tid 106009
0 1 tid 106009
168 8 tid 106009
365 6 tid 106009
156 tid 106009
Insert  tid 106009
FindTargetPageId rootid 7 tid 106008
target_page_id id: 6 tid 106008
0 1 tid 106008
168 8 tid 106008
365 6 tid 106008
240 tid 106008
Remove  tid 106008
FindTargetPageId rootid 7 tid 106007
target_page_id id: 6 tid 106007
0 1 tid 106007
168 8 tid 106007
365 6 tid 106007
239 tid 106007
Insert  tid 106007
FindTargetPageId rootid 7 tid 106007
target_page_id id: 6 tid 106007
0 1 tid 106007
168 8 tid 106007
365 6 tid 106007
240 tid 106007
Insert  tid 106007
FindTargetPageId rootid 7 tid 106008
target_page_id id: 6 tid 106008
0 1 tid 106008
168 8 tid 106008
365 6 tid 106008
241 tid 106008
Remove  tid 106008
FindTargetPageId rootid 7 tid 106008
target_page_id id: 6 tid 106008
0 1 tid 106008
168 8 tid 106008
365 6 tid 106008
240 tid 106008
Remove  tid 106008
FindTargetPageId rootid 7 tid 106008
target_page_id id: 6 tid 106008
0 1 tid 106008
168 8 tid 106008
365 6 tid 106008
239 tid 106008
Remove  tid 106008
FindTargetPageId rootid 7 tid 106009
target_page_id id: 8 tid 106009
0 1 tid 106009
168 8 tid 106009
365 6 tid 106009
157 tid 106009
Insert  tid 106009
FindTargetPageId rootid 7 tid 106009
target_page_id id: 8 tid 106009
0 1 tid 106009
168 8 tid 106009
365 6 tid 106009
158 tid 106009
Insert  tid 106009
FindTargetPageId rootid 7 tid 106009
target_page_id id: 8 tid 106009
0 1 tid 106009
168 8 tid 106009
365 6 tid 106009
159 tid 106009
Insert  tid 106009
FindTargetPageId rootid 7 tid 106009
target_page_id id: 8 tid 106009
0 1 tid 106009
168 8 tid 106009
365 6 tid 106009
160 tid 106009
Insert  tid 106009
FindTargetPageId rootid 7 tid 106007
target_page_id id: 6 tid 106007
0 1 tid 106007
168 8 tid 106007
365 6 tid 106007
238 tid 106007
Insert  tid 106007
FindTargetPageId rootid 7 tid 106007
target_page_id id: 6 tid 106007
0 1 tid 106007
168 8 tid 106007
365 6 tid 106007
239 tid 106007
Insert  tid 106007
FindTargetPageId rootid 7 tid 106009
target_page_id id: 8 tid 106009
0 1 tid 106009
168 8 tid 106009
365 6 tid 106009
161 tid 106009
Insert  tid 106009
FindTargetPageId rootid 7 tid 106009
target_page_id id: 8 tid 106009
0 1 tid 106009
168 8 tid 106009
365 6 tid 106009
162 tid 106009
Insert  tid 106009
FindTargetPageId rootid 7 tid 106009
target_page_id id: 8 tid 106009
0 1 tid 106009
168 8 tid 106009
365 6 tid 106009
163 tid 106009
Insert  tid 106009
FindTargetPageId rootid 7 tid 106009
target_page_id id: 8 tid 106009
0 1 tid 106009
168 8 tid 106009
365 6 tid 106009
164 tid 106009
Insert  tid 106009
FindTargetPageId rootid 7 tid 106009
target_page_id id: 8 tid 106009
0 1 tid 106009
168 8 tid 106009
365 6 tid 106009
165 tid 106009
Insert  tid 106009
FindTargetPageId rootid 7 tid 106009
target_page_id id: 8 tid 106009
0 1 tid 106009
168 8 tid 106009
365 6 tid 106009
166 tid 106009
Insert  tid 106009
FindTargetPageId rootid 7 tid 106009
target_page_id id: 8 tid 106009
0 1 tid 106009
168 8 tid 106009
365 6 tid 106009
167 tid 106009
Insert  tid 106009
FindTargetPageId rootid 7 tid 106009
target_page_id id: 8 tid 106009
0 1 tid 106009
168 8 tid 106009
365 6 tid 106009
168 tid 106009
Insert  tid 106009
FindTargetPageId rootid 7 tid 106009
target_page_id id: 8 tid 106009
0 1 tid 106009
168 8 tid 106009
365 6 tid 106009
169 tid 106009
Insert  tid 106009
FindTargetPageId rootid 7 tid 106009
target_page_id id: 8 tid 106009
0 1 tid 106009
168 8 tid 106009
365 6 tid 106009
170 tid 106009
Insert  tid 106009
FindTargetPageId rootid 7 tid 106009
target_page_id id: 8 tid 106009
0 1 tid 106009
168 8 tid 106009
365 6 tid 106009
171 tid 106009
Insert  tid 106009
FindTargetPageId rootid 7 tid 106009
target_page_id id: 8 tid 106009
0 1 tid 106009
168 8 tid 106009
365 6 tid 106009
172 tid 106009
Insert  tid 106009
FindTargetPageId rootid 7 tid 106008
target_page_id id: 6 tid 106008
0 1 tid 106008
168 8 tid 106008
365 6 tid 106008
240 tid 106008
Remove  tid 106008
FindTargetPageId rootid 7 tid 106007
target_page_id id: 6 tid 106007
0 1 tid 106007
168 8 tid 106007
365 6 tid 106007
239 tid 106007
Insert  tid 106007
FindTargetPageId rootid 7 tid 106009
target_page_id id: 8 tid 106009
0 1 tid 106009
168 8 tid 106009
365 6 tid 106009
173 tid 106009
Insert  tid 106009
FindTargetPageId rootid 7 tid 106008
target_page_id id: 6 tid 106008
0 1 tid 106008
168 8 tid 106008
365 6 tid 106008
240 tid 106008
Remove  tid 106008
FindTargetPageId rootid 7 tid 106007
target_page_id id: 6 tid 106007
0 1 tid 106007
168 8 tid 106007
365 6 tid 106007
239 tid 106007
Insert  tid 106007
FindTargetPageId rootid 7 tid 106009
target_page_id id: 8 tid 106009
0 1 tid 106009
168 8 tid 106009
365 6 tid 106009
174 tid 106009
Insert  tid 106009
FindTargetPageId rootid 7 tid 106008
target_page_id id: 6 tid 106008
0 1 tid 106008
168 8 tid 106008
365 6 tid 106008
240 tid 106008
FindTargetPageId rootid 7 tid 106007
target_page_id id: 6 tid 106007
0 1 tid 106007
168 8 tid 106007
365 6 tid 106007
239 tid 106007
Insert  tid 106007
Remove  tid 106008
FindTargetPageId rootid 7 tid 106007
target_page_id id: 6 tid 106007
0 1 tid 106007
168 8 tid 106007
365 6 tid 106007
240 tid 106007
Insert  tid 106007
FindTargetPageId rootid 7 tid 106009
target_page_id id: 8 tid 106009
0 1 tid 106009
168 8 tid 106009
365 6 tid 106009
175 tid 106009
Insert  tid 106009
FindTargetPageId rootid 7 tid 106008
target_page_id id: 6 tid 106008
0 1 tid 106008
168 8 tid 106008
365 6 tid 106008
241 tid 106008
Remove  tid 106008
FindTargetPageId rootid 7 tid 106007
target_page_id id: 6 tid 106007
0 1 tid 106007
168 8 tid 106007
365 6 tid 106007
240 tid 106007
Insert  tid 106007
FindTargetPageId rootid 7 tid 106009
target_page_id id: 8 tid 106009
0 1 tid 106009
168 8 tid 106009
365 6 tid 106009
176 tid 106009
Insert  tid 106009
FindTargetPageId rootid 7 tid 106008
target_page_id id: 6 tid 106008
0 1 tid 106008
168 8 tid 106008
365 6 tid 106008
241 tid 106008
Remove  tid 106008
FindTargetPageId rootid 7 tid 106007
target_page_id id: 6 tid 106007
0 1 tid 106007
168 8 tid 106007
365 6 tid 106007
240 tid 106007
Insert  tid 106007
FindTargetPageId rootid 7 tid 106009
target_page_id id: 8 tid 106009
0 1 tid 106009
168 8 tid 106009
365 6 tid 106009
177 tid 106009
Insert  tid 106009
FindTargetPageId rootid 7 tid 106008
target_page_id id: 6 tid 106008
0 1 tid 106008
168 8 tid 106008
365 6 tid 106008
241 tid 106008
Remove  tid 106008
FindTargetPageId rootid 7 tid 106007
target_page_id id: 6 tid 106007
0 1 tid 106007
168 8 tid 106007
365 6 tid 106007
240 tid 106007
Insert  tid 106007
FindTargetPageId rootid 7 tid 106009
target_page_id id: 8 tid 106009
0 1 tid 106009
168 8 tid 106009
365 6 tid 106009
178 tid 106009
Insert  tid 106009
FindTargetPageId rootid 7 tid 106008
target_page_id id: 6 tid 106008
0 1 tid 106008
168 8 tid 106008
365 6 tid 106008
241 tid 106008
Remove  tid 106008
FindTargetPageId rootid 7 tid 106007
target_page_id id: 6 tid 106007
0 1 tid 106007
168 8 tid 106007
365 6 tid 106007
240 tid 106007
Insert  tid 106007
FindTargetPageId rootid 7 tid 106009
target_page_id id: 8 tid 106009
0 1 tid 106009
168 8 tid 106009
365 6 tid 106009
179 tid 106009
Insert  tid 106009
FindTargetPageId rootid 7 tid 106008
target_page_id id: 6 tid 106008
0 1 tid 106008
168 8 tid 106008
365 6 tid 106008
241 tid 106008
Remove  tid 106008
FindTargetPageId rootid 7 tid 106008
target_page_id id: 6 tid 106008
0 1 tid 106008
168 8 tid 106008
365 6 tid 106008
240 tid 106008
Remove  tid 106008
FindTargetPageId rootid 7 tid 106009
target_page_id id: 8 tid 106009
0 1 tid 106009
168 8 tid 106009
365 6 tid 106009
180 tid 106009
Insert  tid 106009
FindTargetPageId rootid 7 tid 106007
target_page_id id: 6 tid 106007
0 1 tid 106007
168 8 tid 106007
365 6 tid 106007
239 tid 106007
Insert  tid 106007
FindTargetPageId rootid 7 tid 106008
target_page_id id: 6 tid 106008
0 1 tid 106008
168 8 tid 106008
365 6 tid 106008
240 tid 106008
Remove  tid 106008
FindTargetPageId rootid 7 tid 106009
target_page_id id: 8 tid 106009
0 1 tid 106009
168 8 tid 106009
365 6 tid 106009
181 tid 106009
Insert  tid 106009
FindTargetPageId rootid 7 tid 106009
target_page_id id: 8 tid 106009
0 1 tid 106009
168 8 tid 106009
365 6 tid 106009
182 tid 106009
Insert  tid 106009
FindTargetPageId rootid 7 tid 106009
target_page_id id: 8 tid 106009
0 1 tid 106009
168 8 tid 106009
365 6 tid 106009
183 tid 106009
Insert  tid 106009
FindTargetPageId rootid 7 tid 106009
target_page_id id: 8 tid 106009
0 1 tid 106009
168 8 tid 106009
365 6 tid 106009
184 tid 106009
Insert  tid 106009
FindTargetPageId rootid 7 tid 106007
target_page_id id: 6 tid 106007
0 1 tid 106007
168 8 tid 106007
365 6 tid 106007
239 tid 106007
Insert  tid 106007
FindTargetPageId rootid 7 tid 106008
target_page_id id: 6 tid 106008
0 1 tid 106008
168 8 tid 106008
365 6 tid 106008
240 tid 106008
Remove  tid 106008
FindTargetPageId rootid 7 tid 106009
target_page_id id: 8 tid 106009
0 1 tid 106009
168 8 tid 106009
365 6 tid 106009
185 tid 106009
Insert  tid 106009
FindTargetPageId rootid 7 tid 106007
target_page_id id: 6 tid 106007
0 1 tid 106007
168 8 tid 106007
365 6 tid 106007
239 tid 106007
Insert  tid 106007
FindTargetPageId rootid 7 tid 106008
target_page_id id: 6 tid 106008
0 1 tid 106008
168 8 tid 106008
365 6 tid 106008
240 tid 106008
Remove  tid 106008
FindTargetPageId rootid 7 tid 106008
target_page_id id: 6 tid 106008
0 1 tid 106008
168 8 tid 106008
365 6 tid 106008
239 tid 106008
Remove  tid 106008
FindTargetPageId rootid 7 tid 106008
target_page_id id: 6 tid 106008
0 1 tid 106008
168 8 tid 106008
365 6 tid 106008
238 tid 106008
Remove  tid 106008
FindTargetPageId rootid 7 tid 106008
target_page_id id: 6 tid 106008
0 1 tid 106008
168 8 tid 106008
365 6 tid 106008
237 tid 106008
Remove  tid 106008
FindTargetPageId rootid 7 tid 106008
target_page_id id: 6 tid 106008
0 1 tid 106008
168 8 tid 106008
365 6 tid 106008
236 tid 106008
Remove  tid 106008
FindTargetPageId rootid 7 tid 106009
target_page_id id: 8 tid 106009
0 1 tid 106009
168 8 tid 106009
365 6 tid 106009
186 tid 106009
Insert  tid 106009
FindTargetPageId rootid 7 tid 106007
target_page_id id: 6 tid 106007
0 1 tid 106007
168 8 tid 106007
365 6 tid 106007
235 tid 106007
Insert  tid 106007
FindTargetPageId rootid 7 tid 106007
target_page_id id: 6 tid 106007
0 1 tid 106007
168 8 tid 106007
365 6 tid 106007
236 tid 106007
Insert  tid 106007
FindTargetPageId rootid 7 tid 106007
target_page_id id: 6 tid 106007
0 1 tid 106007
168 8 tid 106007
365 6 tid 106007
237 tid 106007
Insert  tid 106007
FindTargetPageId rootid 7 tid 106007
target_page_id id: 6 tid 106007
0 1 tid 106007
168 8 tid 106007
365 6 tid 106007
238 tid 106007
Insert  tid 106007
FindTargetPageId rootid 7 tid 106007
target_page_id id: 6 tid 106007
0 1 tid 106007
168 8 tid 106007
365 6 tid 106007
239 tid 106007
Insert  tid 106007
FindTargetPageId rootid 7 tid 106007
target_page_id id: 6 tid 106007
0 1 tid 106007
168 8 tid 106007
365 6 tid 106007
240 tid 106007
Insert  tid 106007
FindTargetPageId rootid 7 tid 106007
target_page_id id: 6 tid 106007
0 1 tid 106007
168 8 tid 106007
365 6 tid 106007
241 tid 106007
Insert  tid 106007
FindTargetPageId rootid 7 tid 106007
target_page_id id: 6 tid 106007
0 1 tid 106007
168 8 tid 106007
365 6 tid 106007
242 tid 106007
Insert  tid 106007
FindTargetPageId rootid 7 tid 106007
target_page_id id: 6 tid 106007
0 1 tid 106007
168 8 tid 106007
365 6 tid 106007
243 tid 106007
Insert  tid 106007
FindTargetPageId rootid 7 tid 106007
target_page_id id: 6 tid 106007
0 1 tid 106007
168 8 tid 106007
365 6 tid 106007
244 tid 106007
Insert  tid 106007
FindTargetPageId rootid 7 tid 106007
target_page_id id: 6 tid 106007
0 1 tid 106007
168 8 tid 106007
365 6 tid 106007
245 tid 106007
Insert  tid 106007
FindTargetPageId rootid 7 tid 106008
target_page_id id: 6 tid 106008
0 1 tid 106008
168 8 tid 106008
365 6 tid 106008
246 tid 106008
Remove  tid 106008
FindTargetPageId rootid 7 tid 106008
target_page_id id: 6 tid 106008
0 1 tid 106008
168 8 tid 106008
365 6 tid 106008
245 tid 106008
Remove  tid 106008
FindTargetPageId rootid 7 tid 106008
target_page_id id: 6 tid 106008
0 1 tid 106008
168 8 tid 106008
365 6 tid 106008
244 tid 106008
Remove  tid 106008
FindTargetPageId rootid 7 tid 106007
target_page_id id: 6 tid 106007
0 1 tid 106007
168 8 tid 106007
365 6 tid 106007
243 tid 106007
Insert  tid 106007
FindTargetPageId rootid 7 tid 106009
target_page_id id: 8 tid 106009
0 1 tid 106009
168 8 tid 106009
365 6 tid 106009
187 tid 106009
Insert  tid 106009
FindTargetPageId rootid 7 tid 106009
target_page_id id: 8 tid 106009
0 1 tid 106009
168 8 tid 106009
365 6 tid 106009
188 tid 106009
Insert  tid 106009
FindTargetPageId rootid 7 tid 106009
target_page_id id: 8 tid 106009
0 1 tid 106009
168 8 tid 106009
365 6 tid 106009
189 tid 106009
Insert  tid 106009
FindTargetPageId rootid 7 tid 106009
target_page_id id: 8 tid 106009
0 1 tid 106009
168 8 tid 106009
365 6 tid 106009
190 tid 106009
Insert  tid 106009
FindTargetPageId rootid 7 tid 106009
target_page_id id: 8 tid 106009
0 1 tid 106009
168 8 tid 106009
365 6 tid 106009
191 tid 106009
Insert  tid 106009
FindTargetPageId rootid 7 tid 106008
target_page_id id: 6 tid 106008
0 1 tid 106008
168 8 tid 106008
365 6 tid 106008
244 tid 106008
Remove  tid 106008
FindTargetPageId rootid 7 tid 106007
target_page_id id: 6 tid 106007
0 1 tid 106007
168 8 tid 106007
365 6 tid 106007
243 tid 106007
Insert  tid 106007
FindTargetPageId rootid 7 tid 106009
target_page_id id: 8 tid 106009
0 1 tid 106009
168 8 tid 106009
365 6 tid 106009
192 tid 106009
Insert  tid 106009
FindTargetPageId rootid 7 tid 106009
target_page_id id: 8 tid 106009
0 1 tid 106009
168 8 tid 106009
365 6 tid 106009
193 tid 106009
Insert  tid 106009
FindTargetPageId rootid 7 tid 106009
target_page_id id: 8 tid 106009
0 1 tid 106009
168 8 tid 106009
365 6 tid 106009
194 tid 106009
Insert  tid 106009
FindTargetPageId rootid 7 tid 106007
target_page_id id: 6 tid 106007
0 1 tid 106007
168 8 tid 106007
365 6 tid 106007
244 tid 106007
Insert  tid 106007
FindTargetPageId rootid 7 tid 106008
target_page_id id: 6 tid 106008
0 1 tid 106008
168 8 tid 106008
365 6 tid 106008
245 tid 106008
Remove  tid 106008
FindTargetPageId rootid 7 tid 106009
target_page_id id: 8 tid 106009
0 1 tid 106009
168 8 tid 106009
365 6 tid 106009
194 tid 106009
Insert  tid 106009
FindTargetPageId rootid 7 tid 106009
target_page_id id: 8 tid 106009
0 1 tid 106009
168 8 tid 106009
365 6 tid 106009
194 tid 106009
Insert  tid 106009
FindTargetPageId rootid 7 tid 106008
target_page_id id: 6 tid 106008
0 1 tid 106008
168 8 tid 106008
365 6 tid 106008
244 tid 106008
Remove  tid 106008
FindTargetPageId rootid 7 tid 106007
target_page_id id: 6 tid 106007
0 1 tid 106007
168 8 tid 106007
365 6 tid 106007
243 tid 106007
Insert  tid 106007
FindTargetPageId rootid 7 tid 106007
target_page_id id: 6 tid 106007
0 1 tid 106007
168 8 tid 106007
365 6 tid 106007
244 tid 106007
Insert  tid 106007
FindTargetPageId rootid 7 tid 106008
target_page_id id: 6 tid 106008
0 1 tid 106008
168 8 tid 106008
365 6 tid 106008
245 tid 106008
Remove  tid 106008
FindTargetPageId rootid 7 tid 106009
target_page_id id: 8 tid 106009
0 1 tid 106009
168 8 tid 106009
365 6 tid 106009
194 tid 106009
Insert  tid 106009
FindTargetPageId rootid 7 tid 106007
target_page_id id: 6 tid 106007
0 1 tid 106007
168 8 tid 106007
365 6 tid 106007
244 tid 106007
Insert  tid 106007
FindTargetPageId rootid 7 tid 106008
target_page_id id: 6 tid 106008
0 1 tid 106008
168 8 tid 106008
365 6 tid 106008
245 tid 106008
Remove  tid 106008
FindTargetPageId rootid 7 tid 106009
target_page_id id: 8 tid 106009
0 1 tid 106009
168 8 tid 106009
365 6 tid 106009
194 tid 106009
Insert  tid 106009
FindTargetPageId rootid 7 tid 106007
target_page_id id: 6 tid 106007
0 1 tid 106007
168 8 tid 106007
365 6 tid 106007
244 tid 106007
FindTargetPageId rootid 7 tid 106008
target_page_id id: 6 tid 106008
0 1 tid 106008
168 8 tid 106008
365 6 tid 106008
245 tid 106008
Insert  tid 106007
Remove  tid 106008
FindTargetPageId rootid 7 tid 106007
target_page_id id: 6 tid 106007
0 1 tid 106007
168 8 tid 106007
365 6 tid 106007
244 tid 106007
Insert  tid 106007
FindTargetPageId rootid 7 tid 106008
target_page_id id: 6 tid 106008
0 1 tid 106008
168 8 tid 106008
365 6 tid 106008
245 tid 106008
Remove  tid 106008
FindTargetPageId rootid 7 tid 106009
target_page_id id: 8 tid 106009
0 1 tid 106009
168 8 tid 106009
365 6 tid 106009
194 tid 106009
Insert  tid 106009
FindTargetPageId rootid 7 tid 106009
target_page_id id: 8 tid 106009
0 1 tid 106009
168 8 tid 106009
365 6 tid 106009
194 tid 106009
Insert  tid 106009
FindTargetPageId rootid 7 tid 106009
target_page_id id: 8 tid 106009
0 1 tid 106009
168 8 tid 106009
365 6 tid 106009
194 tid 106009
Insert  tid 106009
FindTargetPageId rootid 7 tid 106009
target_page_id id: 8 tid 106009
0 1 tid 106009
168 8 tid 106009
365 6 tid 106009
194 tid 106009
Insert  tid 106009
FindTargetPageId rootid 7 tid 106009
target_page_id id: 8 tid 106009
0 1 tid 106009
168 8 tid 106009
365 6 tid 106009
195 tid 106009
Insert  tid 106009
FindTargetPageId rootid 7 tid 106009
target_page_id id: 8 tid 106009
0 1 tid 106009
168 8 tid 106009
365 6 tid 106009
196 tid 106009
Insert  tid 106009
FindTargetPageId rootid 7 tid 106009
target_page_id id: 8 tid 106009
0 1 tid 106009
168 8 tid 106009
365 6 tid 106009
197 tid 106009
Insert  tid 106009
FindTargetPageId rootid 7 tid 106009
target_page_id id: 8 tid 106009
0 1 tid 106009
168 8 tid 106009
365 6 tid 106009
197 tid 106009
Insert  tid 106009
FindTargetPageId rootid 7 tid 106009
target_page_id id: 8 tid 106009
0 1 tid 106009
168 8 tid 106009
365 6 tid 106009
197 tid 106009
Insert  tid 106009
FindTargetPageId rootid 7 tid 106008
target_page_id id: 6 tid 106008
0 1 tid 106008
168 8 tid 106008
365 6 tid 106008
244 tid 106008
Remove  tid 106008
FindTargetPageId rootid 7 tid 106007
target_page_id id: 6 tid 106007
0 1 tid 106007
168 8 tid 106007
365 6 tid 106007
243 tid 106007
Insert  tid 106007
FindTargetPageId rootid 7 tid 106009
target_page_id id: 8 tid 106009
0 1 tid 106009
168 8 tid 106009
365 6 tid 106009
197 tid 106009
Insert  tid 106009
FindTargetPageId rootid 7 tid 106008
target_page_id id: 6 tid 106008
0 1 tid 106008
168 8 tid 106008
365 6 tid 106008
244 tid 106008
Remove  tid 106008
FindTargetPageId rootid 7 tid 106007
target_page_id id: 6 tid 106007
0 1 tid 106007
168 8 tid 106007
365 6 tid 106007
243 tid 106007
Insert  tid 106007
FindTargetPageId rootid 7 tid 106009
target_page_id id: 8 tid 106009
0 1 tid 106009
168 8 tid 106009
365 6 tid 106009
197 tid 106009
Insert  tid 106009
FindTargetPageId rootid 7 tid 106009
target_page_id id: 8 tid 106009
0 1 tid 106009
168 8 tid 106009
365 6 tid 106009
197 tid 106009
Insert  tid 106009
FindTargetPageId rootid 7 tid 106008
target_page_id id: 6 tid 106008
0 1 tid 106008
168 8 tid 106008
365 6 tid 106008
244 tid 106008
Remove  tid 106008
FindTargetPageId rootid 7 tid 106007
target_page_id id: 6 tid 106007
0 1 tid 106007
168 8 tid 106007
365 6 tid 106007
243 tid 106007
Insert  tid 106007
FindTargetPageId rootid 7 tid 106007
target_page_id id: 6 tid 106007
0 1 tid 106007
168 8 tid 106007
365 6 tid 106007
244 tid 106007
Insert  tid 106007
FindTargetPageId rootid 7 tid 106007
target_page_id id: 6 tid 106007
0 1 tid 106007
168 8 tid 106007
365 6 tid 106007
245 tid 106007
Insert  tid 106007
FindTargetPageId rootid 7 tid 106008
target_page_id id: 6 tid 106008
0 1 tid 106008
168 8 tid 106008
365 6 tid 106008
246 tid 106008
Remove  tid 106008
FindTargetPageId rootid 7 tid 106008
target_page_id id: 6 tid 106008
0 1 tid 106008
168 8 tid 106008
365 6 tid 106008
245 tid 106008
Remove  tid 106008
FindTargetPageId rootid 7 tid 106008
target_page_id id: 6 tid 106008
0 1 tid 106008
168 8 tid 106008
365 6 tid 106008
244 tid 106008
Remove  tid 106008
FindTargetPageId rootid 7 tid 106008
target_page_id id: 6 tid 106008
0 1 tid 106008
168 8 tid 106008
365 6 tid 106008
243 tid 106008
Remove  tid 106008
FindTargetPageId rootid 7 tid 106009
target_page_id id: 8 tid 106009
0 1 tid 106009
168 8 tid 106009
365 6 tid 106009
197 tid 106009
Insert  tid 106009
FindTargetPageId rootid 7 tid 106009
target_page_id id: 8 tid 106009
0 1 tid 106009
168 8 tid 106009
365 6 tid 106009
197 tid 106009
Insert  tid 106009
FindTargetPageId rootid 7 tid 106007
target_page_id id: 6 tid 106007
0 1 tid 106007
168 8 tid 106007
365 6 tid 106007
242 tid 106007
Insert  tid 106007
FindTargetPageId rootid 7 tid 106008
target_page_id id: 6 tid 106008
0 1 tid 106008
168 8 tid 106008
365 6 tid 106008
243 tid 106008
Remove  tid 106008
FindTargetPageId rootid 7 tid 106008
target_page_id id: 6 tid 106008
0 1 tid 106008
168 8 tid 106008
365 6 tid 106008
242 tid 106008
Remove  tid 106008
FindTargetPageId rootid 7 tid 106007
target_page_id id: 6 tid 106007
0 1 tid 106007
168 8 tid 106007
365 6 tid 106007
241 tid 106007
Insert  tid 106007
FindTargetPageId rootid 7 tid 106009
target_page_id id: 8 tid 106009
0 1 tid 106009
168 8 tid 106009
365 6 tid 106009
197 tid 106009
Insert  tid 106009
FindTargetPageId rootid 7 tid 106009
target_page_id id: 8 tid 106009
0 1 tid 106009
168 8 tid 106009
365 6 tid 106009
197 tid 106009
Insert  tid 106009
FindTargetPageId rootid 7 tid 106007
target_page_id id: 6 tid 106007
0 1 tid 106007
168 8 tid 106007
365 6 tid 106007
242 tid 106007
Insert  tid 106007
FindTargetPageId rootid 7 tid 106007
target_page_id id: 6 tid 106007
0 1 tid 106007
168 8 tid 106007
365 6 tid 106007
243 tid 106007
Insert  tid 106007
FindTargetPageId rootid 7 tid 106007
target_page_id id: 6 tid 106007
0 1 tid 106007
168 8 tid 106007
365 6 tid 106007
244 tid 106007
Insert  tid 106007
FindTargetPageId rootid 7 tid 106007
target_page_id id: 6 tid 106007
0 1 tid 106007
168 8 tid 106007
365 6 tid 106007
245 tid 106007
Insert  tid 106007
FindTargetPageId rootid 7 tid 106007
target_page_id id: 6 tid 106007
0 1 tid 106007
168 8 tid 106007
365 6 tid 106007
246 tid 106007
Insert  tid 106007
FindTargetPageId rootid 7 tid 106009
target_page_id id: 8 tid 106009
0 1 tid 106009
168 8 tid 106009
365 6 tid 106009
197 tid 106009
Insert  tid 106009
FindTargetPageId rootid 7 tid 106008
target_page_id id: 6 tid 106008
0 1 tid 106008
168 8 tid 106008
365 6 tid 106008
247 tid 106008
Remove  tid 106008
FindTargetPageId rootid 7 tid 106007
target_page_id id: 6 tid 106007
0 1 tid 106007
168 8 tid 106007
365 6 tid 106007
246 tid 106007
Insert  tid 106007
FindTargetPageId rootid 7 tid 106009
target_page_id id: 8 tid 106009
0 1 tid 106009
168 8 tid 106009
365 6 tid 106009
197 tid 106009
Insert  tid 106009
FindTargetPageId rootid 7 tid 106008
target_page_id id: 6 tid 106008
0 1 tid 106008
168 8 tid 106008
365 6 tid 106008
247 tid 106008
Remove  tid 106008
FindTargetPageId rootid 7 tid 106008
target_page_id id: 6 tid 106008
0 1 tid 106008
168 8 tid 106008
365 6 tid 106008
246 tid 106008
Remove  tid 106008
FindTargetPageId rootid 7 tid 106009
target_page_id id: 8 tid 106009
0 1 tid 106009
168 8 tid 106009
365 6 tid 106009
197 tid 106009
Insert  tid 106009
FindTargetPageId rootid 7 tid 106007
target_page_id id: 6 tid 106007
0 1 tid 106007
168 8 tid 106007
365 6 tid 106007
245 tid 106007
Insert  tid 106007
FindTargetPageId rootid 7 tid 106008
target_page_id id: 6 tid 106008
0 1 tid 106008
168 8 tid 106008
365 6 tid 106008
246 tid 106008
Remove  tid 106008
FindTargetPageId rootid 7 tid 106009
target_page_id id: 8 tid 106009
0 1 tid 106009
168 8 tid 106009
365 6 tid 106009
197 tid 106009
Insert  tid 106009
FindTargetPageId rootid 7 tid 106007
target_page_id id: 6 tid 106007
0 1 tid 106007
168 8 tid 106007
365 6 tid 106007
245 tid 106007
Insert  tid 106007
FindTargetPageId rootid 7 tid 106008
target_page_id id: 6 tid 106008
0 1 tid 106008
168 8 tid 106008
365 6 tid 106008
246 tid 106008
Remove  tid 106008
FindTargetPageId rootid 7 tid 106009
target_page_id id: 8 tid 106009
0 1 tid 106009
168 8 tid 106009
365 6 tid 106009
197 tid 106009
Insert  tid 106009
FindTargetPageId rootid 7 tid 106007
target_page_id id: 6 tid 106007
0 1 tid 106007
168 8 tid 106007
365 6 tid 106007
245 tid 106007
Insert  tid 106007
FindTargetPageId rootid 7 tid 106008
target_page_id id: 6 tid 106008
0 1 tid 106008
168 8 tid 106008
365 6 tid 106008
246 tid 106008
Remove  tid 106008
FindTargetPageId rootid 7 tid 106009
target_page_id id: 8 tid 106009
0 1 tid 106009
168 8 tid 106009
365 6 tid 106009
197 tid 106009
Insert  tid 106009
FindTargetPageId rootid 7 tid 106007
target_page_id id: 6 tid 106007
0 1 tid 106007
168 8 tid 106007
365 6 tid 106007
245 tid 106007
Insert  tid 106007
FindTargetPageId rootid 7 tid 106008
target_page_id id: 6 tid 106008
0 1 tid 106008
168 8 tid 106008
365 6 tid 106008
246 tid 106008
Remove  tid 106008
FindTargetPageId rootid 7 tid 106008
target_page_id id: 6 tid 106008
0 1 tid 106008
168 8 tid 106008
365 6 tid 106008
245 tid 106008
FindTargetPageId rootid 7 tid 106007
target_page_id id: Remove 6 tid  tid 106007
0 1 tid 106007
168 8 tid 106007
365 6 tid 106007
244 tid 106007
106008
Insert  tid 106007
FindTargetPageId rootid 7 tid 106009
target_page_id id: 8 tid 106009
0 1 tid 106009
168 8 tid 106009
365 6 tid 106009
197 tid 106009
Insert  tid 106009
FindTargetPageId rootid 7 tid 106008
target_page_id id: 6 tid 106008
0 1 tid 106008
168 8 tid 106008
365 6 tid 106008
245 tid 106008
Remove  tid 106008
FindTargetPageId rootid 7 tid 106007
target_page_id id: 6 tid 106007
0 1 tid 106007
168 8 tid 106007
365 6 tid 106007
244 tid 106007
Insert  tid 106007
FindTargetPageId rootid 7 tid 106009
target_page_id id: 8 tid 106009
0 1 tid 106009
168 8 tid 106009
365 6 tid 106009
197 tid 106009
Insert  tid 106009
FindTargetPageId rootid 7 tid 106008
target_page_id id: 6 tid 106008
0 1 tid 106008
168 8 tid 106008
365 6 tid 106008
245 tid 106008
Remove  tid 106008
FindTargetPageId rootid 7 tid 106007
target_page_id id: 6 tid 106007
0 1 tid 106007
168 8 tid 106007
365 6 tid 106007
244 tid 106007
Insert  tid 106007
FindTargetPageId rootid 7 tid 106009
target_page_id id: 8 tid 106009
0 1 tid 106009
168 8 tid 106009
365 6 tid 106009
197 tid 106009
Insert  tid 106009
FindTargetPageId rootid 7 tid 106008
target_page_id id: 6 tid 106008
0 1 tid 106008
168 8 tid 106008
365 6 tid 106008
245 tid 106008
Remove  tid 106008
FindTargetPageId rootid 7 tid 106007
target_page_id id: 6 tid 106007
0 1 tid 106007
168 8 tid 106007
365 6 tid 106007
244 tid 106007
Insert  tid 106007
FindTargetPageId rootid 7 tid 106009
target_page_id id: 8 tid 106009
0 1 tid 106009
168 8 tid 106009
365 6 tid 106009
197 tid 106009
Insert  tid 106009
FindTargetPageId rootid 7 tid 106008
target_page_id id: 6 tid 106008
0 1 tid 106008
168 8 tid 106008
365 6 tid 106008
245 tid 106008
Remove  tid 106008
FindTargetPageId rootid 7 tid 106007
target_page_id id: 6 tid 106007
0 1 tid 106007
168 8 tid 106007
365 6 tid 106007
244 tid 106007
Insert  tid 106007
FindTargetPageId rootid 7 tid 106009
target_page_id id: 8 tid 106009
0 1 tid 106009
168 8 tid 106009
365 6 tid 106009
197 tid 106009
Insert  tid 106009
FindTargetPageId rootid 7 tid 106008
target_page_id id: 6 tid 106008
0 1 tid 106008
168 8 tid 106008
365 6 tid 106008
245 tid 106008
Remove  tid 106008
FindTargetPageId rootid 7 tid 106007
target_page_id id: 6 tid 106007
0 1 tid 106007
168 8 tid 106007
365 6 tid 106007
244 tid 106007
Insert  tid 106007
FindTargetPageId rootid 7 tid 106009
target_page_id id: 8 tid 106009
0 1 tid 106009
168 8 tid 106009
365 6 tid 106009
197 tid 106009
Insert  tid 106009
FindTargetPageId rootid 7 tid 106008
target_page_id id: 6 tid 106008
0 1 tid 106008
168 8 tid 106008
365 6 tid 106008
245 tid 106008
Remove  tid 106008
FindTargetPageId rootid 7 tid 106007
target_page_id id: 6 tid 106007
0 1 tid 106007
168 8 tid 106007
365 6 tid 106007
244 tid 106007
Insert  tid 106007
FindTargetPageId rootid 7 tid 106009
target_page_id id: 8 tid 106009
0 1 tid 106009
168 8 tid 106009
365 6 tid 106009
197 tid 106009
Insert  tid 106009
FindTargetPageId rootid 7 tid 106008
target_page_id id: 6 tid 106008
0 1 tid 106008
168 8 tid 106008
365 6 tid 106008
245 tid 106008
Remove  tid 106008
FindTargetPageId rootid 7 tid 106007
target_page_id id: 6 tid 106007
0 1 tid 106007
168 8 tid 106007
365 6 tid 106007
244 tid 106007
Insert  tid 106007
FindTargetPageId rootid 7 tid 106009
target_page_id id: 8 tid 106009
0 1 tid 106009
168 8 tid 106009
365 6 tid 106009
197 tid 106009
Insert  tid 106009
FindTargetPageId rootid 7 tid 106008
target_page_id id: 6 tid 106008
0 1 tid 106008
168 8 tid 106008
365 6 tid 106008
245 tid 106008
Remove  tid 106008
FindTargetPageId rootid 7 tid 106007
target_page_id id: 6 tid 106007
0 1 tid 106007
168 8 tid 106007
365 6 tid 106007
244 tid 106007
Insert  tid 106007
FindTargetPageId rootid 7 tid 106009
target_page_id id: 8 tid 106009
0 1 tid 106009
168 8 tid 106009
365 6 tid 106009
197 tid 106009
Insert  tid 106009
FindTargetPageId rootid 7 tid 106008
target_page_id id: 6 tid 106008
0 1 tid 106008
168 8 tid 106008
365 6 tid 106008
245 tid 106008
Remove  tid 106008
FindTargetPageId rootid 7 tid 106007
target_page_id id: 6 tid 106007
0 1 tid 106007
168 8 tid 106007
365 6 tid 106007
244 tid 106007
Insert  tid 106007
FindTargetPageId rootid 7 tid 106009
target_page_id id: 8 tid 106009
0 1 tid 106009
168 8 tid 106009
365 6 tid 106009
197 tid 106009
Insert  tid 106009
FindTargetPageId rootid 7 tid 106008
target_page_id id: 6 tid 106008
0 1 tid 106008
168 8 tid 106008
365 6 tid 106008
245 tid 106008
Remove  tid 106008
FindTargetPageId rootid 7 tid 106007
target_page_id id: 6 tid 106007
0 1 tid 106007
168 8 tid 106007
365 6 tid 106007
244 tid 106007
Insert  tid 106007
FindTargetPageId rootid 7 tid 106007
target_page_id id: 6 tid 106007
0 1 tid 106007
168 8 tid 106007
365 6 tid 106007
245 tid 106007
Insert  tid 106007
FindTargetPageId rootid 7 tid 106007
target_page_id id: 6 tid 106007
0 1 tid 106007
168 8 tid 106007
365 6 tid 106007
246 tid 106007
Insert  tid 106007
FindTargetPageId rootid 7 tid 106007
target_page_id id: 6 tid 106007
0 1 tid 106007
168 8 tid 106007
365 6 tid 106007
247 tid 106007
Insert  tid 106007
FindTargetPageId rootid 7 tid 106009
target_page_id id: 8 tid 106009
0 1 tid 106009
168 8 tid 106009
365 6 tid 106009
197 tid 106009
Insert  tid 106009
FindTargetPageId rootid 7 tid 106008
target_page_id id: 6 tid 106008
0 1 tid 106008
168 8 tid 106008
365 6 tid 106008
248 tid 106008
Remove  tid 106008
FindTargetPageId rootid 7 tid 106007
target_page_id id: 6 tid 106007
0 1 tid 106007
168 8 tid 106007
365 6 tid 106007
247 tid 106007
Insert  tid 106007
FindTargetPageId rootid 7 tid 106009
target_page_id id: 8 tid 106009
0 1 tid 106009
168 8 tid 106009
365 6 tid 106009
197 tid 106009
Insert  tid 106009
FindTargetPageId rootid 7 tid 106008
target_page_id id: 6 tid 106008
0 1 tid 106008
168 8 tid 106008
365 6 tid 106008
248 tid 106008
Remove  tid 106008
FindTargetPageId rootid 7 tid 106007
target_page_id id: 6 tid 106007
0 1 tid 106007
168 8 tid 106007
365 6 tid 106007
247 tid 106007
Insert  tid 106007
FindTargetPageId rootid 7 tid 106009
target_page_id id: 6 tid 106009
0 1 tid 106009
168 8 tid 106009
365 6 tid 106009
248 tid 106009
Insert  tid 106009
FindTargetPageId rootid 7 tid 106008
target_page_id id: 6 tid 106008
0 1 tid 106008
168 8 tid 106008
365 6 tid 106008
248 tid 106008
Remove  tid 106008
FindTargetPageId rootid 7 tid 106007
target_page_id id: 6 tid 106007
0 1 tid 106007
168 8 tid 106007
365 6 tid 106007
247 tid 106007
Insert  tid 106007
FindTargetPageId rootid 7 tid 106009
target_page_id id: 6 tid 106009
0 1 tid 106009
168 8 tid 106009
365 6 tid 106009
248 tid 106009
Insert  tid 106009
FindTargetPageId rootid 7 tid 106008
target_page_id id: 6 tid 106008
0 1 tid 106008
168 8 tid 106008
365 6 tid 106008
248 tid 106008
Remove  tid 106008
FindTargetPageId rootid 7 tid 106007
target_page_id id: 6 tid 106007
0 1 tid 106007
168 8 tid 106007
365 6 tid 106007
247 tid 106007
Insert  tid 106007
FindTargetPageId rootid 7 tid 106009
target_page_id id: 6 tid 106009
0 1 tid 106009
168 8 tid 106009
365 6 tid 106009
248 tid 106009
Insert  tid 106009
FindTargetPageId rootid 7 tid 106009
target_page_id id: 6 tid 106009
0 1 tid 106009
168 8 tid 106009
365 6 tid 106009
248 tid 106009
Insert  tid 106009
FindTargetPageId rootid 7 tid 106009
target_page_id id: 6 tid 106009
0 1 tid 106009
168 8 tid 106009
365 6 tid 106009
248 tid 106009
Insert  tid 106009
FindTargetPageId rootid 7 tid 106008
target_page_id id: 6 tid 106008
0 1 tid 106008
168 8 tid 106008
365 6 tid 106008
248 tid 106008
Remove  tid 106008
FindTargetPageId rootid 7 tid 106007
target_page_id id: 6 tid 106007
0 1 tid 106007
168 8 tid 106007
365 6 tid 106007
247 tid 106007
Insert  tid 106007
FindTargetPageId rootid 7 tid 106009
target_page_id id: 6 tid 106009
0 1 tid 106009
168 8 tid 106009
365 6 tid 106009
248 tid 106009
Insert  tid 106009
FindTargetPageId rootid 7 tid 106009
target_page_id id: 6 tid 106009
0 1 tid 106009
168 8 tid 106009
365 6 tid 106009
248 tid 106009
Insert  tid 106009
FindTargetPageId rootid 7 tid 106007
target_page_id id: 6 tid 106007
0 1 tid 106007
168 8 tid 106007
365 6 tid 106007
248 tid 106007
Insert  tid 106007
FindTargetPageId rootid 7 tid 106008
target_page_id id: 6 tid 106008
0 1 tid 106008
168 8 tid 106008
365 6 tid 106008
249 tid 106008
Remove  tid 106008
FindTargetPageId rootid 7 tid 106009
target_page_id id: 6 tid 106009
0 1 tid 106009
168 8 tid 106009
365 6 tid 106009
248 tid 106009
Insert  tid 106009
FindTargetPageId rootid 7 tid 106007
target_page_id id: 6 tid 106007
0 1 tid 106007
168 8 tid 106007
365 6 tid 106007
248 tid 106007
Insert  tid 106007
FindTargetPageId rootid 7 tid 106008
target_page_id id: 6 tid 106008
0 1 tid 106008
168 8 tid 106008
365 6 tid 106008
249 tid 106008
Remove  tid 106008
FindTargetPageId rootid 7 tid 106009
target_page_id id: 6 tid 106009
0 1 tid 106009
168 8 tid 106009
365 6 tid 106009
248 tid 106009
Insert  tid 106009
FindTargetPageId rootid 7 tid 106007
target_page_id id: 6 tid 106007
0 1 tid 106007
168 8 tid 106007
365 6 tid 106007
248 tid 106007
Insert  tid 106007
FindTargetPageId rootid 7 tid 106007
target_page_id id: 6 tid 106007
0 1 tid 106007
168 8 tid 106007
365 6 tid 106007
249 tid 106007
Insert  tid 106007
FindTargetPageId rootid 7 tid 106009
target_page_id id: 6 tid 106009
0 1 tid 106009
168 8 tid 106009
365 6 tid 106009
250 tid 106009
Insert  tid 106009
FindTargetPageId rootid 7 tid 106008
target_page_id id: 6 tid 106008
0 1 tid 106008
168 8 tid 106008
365 6 tid 106008
250 tid 106008
Remove  tid 106008
FindTargetPageId rootid 7 tid 106008
target_page_id id: 6 tid 106008
0 1 tid 106008
168 8 tid 106008
365 6 tid 106008
249 tid 106008
Remove  tid 106008
FindTargetPageId rootid 7 tid 106008
target_page_id id: 6 tid 106008
0 1 tid 106008
168 8 tid 106008
365 6 tid 106008
248 tid 106008
Remove  tid 106008
FindTargetPageId rootid 7 tid 106008
target_page_id id: 6 tid 106008
0 1 tid 106008
168 8 tid 106008
365 6 tid 106008
247 tid 106008
FindTargetPageId rootid 7 tid 106007
target_page_id id: 6 tid 106007
0 1 tid 106007
168 8 tid 106007
365 6 tid 106007
246 tid 106007
Insert  tid 106007
FindTargetPageId rootid 7 tid 106007
target_page_id id: 6 tid 106007
0 1 tid 106007
168 8 tid 106007
365 6 tid 106007
247 tid 106007
Insert  tid 106007
FindTargetPageId rootid 7 tid 106007
target_page_id id: 6 tid 106007
0 1 tid 106007
168 8 tid 106007
365 6 tid 106007
248 tid 106007
Insert  tid 106007
FindTargetPageId rootid 7 tid 106007
target_page_id id: 6 tid 106007
0 1 tid 106007
168 8 tid 106007
365 6 tid 106007
249 tid 106007
Remove  tid 106008
Insert  tid 106007
FindTargetPageId rootid 7 tid 106009
target_page_id id: 6 tid 106009
0 1 tid 106009
168 8 tid 106009
365 6 tid 106009
250 tid 106009
Insert  tid 106009
FindTargetPageId rootid 7 tid 106009
target_page_id id: 6 tid 106009
0 1 tid 106009
168 8 tid 106009
365 6 tid 106009
250 tid 106009
Insert  tid 106009
FindTargetPageId rootid 7 tid 106009
target_page_id id: 6 tid 106009
0 1 tid 106009
168 8 tid 106009
365 6 tid 106009
250 tid 106009
Insert  tid 106009
FindTargetPageId rootid 7 tid 106009
target_page_id id: 6 tid 106009
0 1 tid 106009
168 8 tid 106009
365 6 tid 106009
250 tid 106009
Insert  tid 106009
FindTargetPageId rootid 7 tid 106009
target_page_id id: 6 tid 106009
0 1 tid 106009
168 8 tid 106009
365 6 tid 106009
250 tid 106009
Insert  tid 106009
FindTargetPageId rootid 7 tid 106007
target_page_id id: 6 tid 106007
0 1 tid 106007
168 8 tid 106007
365 6 tid 106007
250 tid 106007
Insert  tid 106007
FindTargetPageId rootid 7 tid 106007
target_page_id id: 6 tid 106007
0 1 tid 106007
168 8 tid 106007
365 6 tid 106007
251 tid 106007
Insert  tid 106007
FindTargetPageId rootid 7 tid 106008
target_page_id id: 6 tid 106008
0 1 tid 106008
168 8 tid 106008
365 6 tid 106008
252 tid 106008
Remove  tid 106008
FindTargetPageId rootid 7 tid 106009
target_page_id id: 6 tid 106009
0 1 tid 106009
168 8 tid 106009
365 6 tid 106009
251 tid 106009
Insert  tid 106009
FindTargetPageId rootid 7 tid 106007
target_page_id id: 6 tid 106007
0 1 tid 106007
168 8 tid 106007
365 6 tid 106007
251 tid 106007
Insert  tid 106007
FindTargetPageId rootid 7 tid 106008
target_page_id id: 6 tid 106008
0 1 tid 106008
168 8 tid 106008
365 6 tid 106008
252 tid 106008
Remove  tid 106008
FindTargetPageId rootid 7 tid 106009
target_page_id id: 6 tid 106009
0 1 tid 106009
168 8 tid 106009
365 6 tid 106009
251 tid 106009
Insert  tid 106009
FindTargetPageId rootid 7 tid 106007
target_page_id id: 6 tid 106007
0 1 tid 106007
168 8 tid 106007
365 6 tid 106007
251 tid 106007
Insert  tid 106007
FindTargetPageId rootid 7 tid 106008
target_page_id id: 6 tid 106008
0 1 tid 106008
168 8 tid 106008
365 6 tid 106008
252 tid 106008
Remove  tid 106008
FindTargetPageId rootid 7 tid 106009
target_page_id id: 6 tid 106009
0 1 tid 106009
168 8 tid 106009
365 6 tid 106009
251 tid 106009
Insert  tid 106009
FindTargetPageId rootid 7 tid 106007
target_page_id id: 6 tid 106007
0 1 tid 106007
168 8 tid 106007
365 6 tid 106007
251 tid 106007
Insert  tid 106007
FindTargetPageId rootid 7 tid 106008
target_page_id id: 6 tid 106008
0 1 tid 106008
168 8 tid 106008
365 6 tid 106008
252 tid 106008
Remove  tid 106008
FindTargetPageId rootid 7 tid 106009
target_page_id id: 6 tid 106009
0 1 tid 106009
168 8 tid 106009
365 6 tid 106009
251 tid 106009
Insert  tid 106009
FindTargetPageId rootid 7 tid 106007
target_page_id id: 6 tid 106007
0 1 tid 106007
168 8 tid 106007
365 6 tid 106007
251 tid 106007
FindTargetPageId rootid 7 tid 106008
target_page_id id: 6 tid 106008
0 1 tid 106008
168 8 tid 106008
365 6 tid 106008
Insert  tid 252106007 tid 
106008
Remove  tid 106008
FindTargetPageId rootid 7 tid 106009
target_page_id id: 6 tid 106009
0 1 tid 106009
168 8 tid 106009
365 6 tid 106009
251 tid 106009
Insert  tid 106009
FindTargetPageId rootid 7 tid 106007
target_page_id id: 6 tid 106007
0 1 tid 106007
168 8 tid 106007
365 6 tid 106007
251 tid 106007
Insert  tid 106007
FindTargetPageId rootid 7 tid 106008
target_page_id id: 6 tid 106008
0 1 tid 106008
168 8 tid 106008
365 6 tid 106008
252 tid 106008
Remove  tid 106008
FindTargetPageId rootid 7 tid 106008
target_page_id id: 6 tid 106008
0 1 tid 106008
168 8 tid 106008
365 6 tid 106008
251 tid 106008
Remove  tid 106008
FindTargetPageId rootid 7 tid 106008
target_page_id id: 6 tid 106008
0 1 tid 106008
168 8 tid 106008
365 6 tid 106008
250 tid 106008
Remove  tid 106008
FindTargetPageId rootid 7 tid 106009
target_page_id id: 6 tid 106009
0 1 tid 106009
168 8 tid 106009
365 6 tid 106009
249 tid 106009
Insert  tid 106009
FindTargetPageId rootid 7 tid 106007
target_page_id id: 6 tid 106007
0 1 tid 106007
168 8 tid 106007
365 6 tid 106007
249 tid 106007
Insert  tid 106007
FindTargetPageId rootid 7 tid 106007
target_page_id id: 6 tid 106007
0 1 tid 106007
168 8 tid 106007
365 6 tid 106007
250 tid 106007
Insert  tid 106007
FindTargetPageId rootid 7 tid 106007
target_page_id id: 6 tid 106007
0 1 tid 106007
168 8 tid 106007
365 6 tid 106007
251 tid 106007
Insert  tid 106007
FindTargetPageId rootid 7 tid 106008
target_page_id id: 6 tid 106008
0 1 tid 106008
168 8 tid 106008
365 6 tid 106008
252 tid 106008
Remove  tid 106008
FindTargetPageId rootid 7 tid 106009
target_page_id id: 6 tid 106009
0 1 tid 106009
168 8 tid 106009
365 6 tid 106009
251 tid 106009
Insert  tid 106009
FindTargetPageId rootid 7 tid 106009
target_page_id id: 6 tid 106009
0 1 tid 106009
168 8 tid 106009
365 6 tid 106009
251 tid 106009
Insert  tid 106009
FindTargetPageId rootid 7 tid 106008
target_page_id id: 6 tid 106008
0 1 tid 106008
168 8 tid 106008
365 6 tid 106008
251 tid 106008
Remove  tid 106008
FindTargetPageId rootid 7 tid 106007
target_page_id id: 6 tid 106007
0 1 tid 106007
168 8 tid 106007
365 6 tid 106007
250 tid 106007
Insert  tid 106007
FindTargetPageId rootid 7 tid 106009
target_page_id id: 6 tid 106009
0 1 tid 106009
168 8 tid 106009
365 6 tid 106009
251 tid 106009
Insert  tid 106009
FindTargetPageId rootid 7 tid 106008
target_page_id id: 6 tid 106008
0 1 tid 106008
168 8 tid 106008
365 6 tid 106008
251 tid 106008
Remove  tid 106008
FindTargetPageId rootid 7 tid 106007
target_page_id id: 6 tid 106007
0 1 tid 106007
168 8 tid 106007
365 6 tid 106007
250 tid 106007
Insert  tid 106007
FindTargetPageId rootid 7 tid 106009
target_page_id id: 6 tid 106009
0 1 tid 106009
168 8 tid 106009
365 6 tid 106009
251 tid 106009
Insert  tid 106009
FindTargetPageId rootid 7 tid 106008
target_page_id id: 6 tid 106008
0 1 tid 106008
168 8 tid 106008
365 6 tid 106008
251 tid 106008
Remove  tid 106008
FindTargetPageId rootid 7 tid 106007
target_page_id id: 6 tid 106007
0 1 tid 106007
168 8 tid 106007
365 6 tid 106007
250 tid 106007
Insert  tid 106007
FindTargetPageId rootid 7 tid 106007
target_page_id id: 6 tid 106007
0 1 tid 106007
168 8 tid 106007
365 6 tid 106007
251 tid 106007
Insert  tid 106007
FindTargetPageId rootid 7 tid 106007
target_page_id id: 6 tid 106007
0 1 tid 106007
168 8 tid 106007
365 6 tid 106007
252 tid 106007
Insert  tid 106007
FindTargetPageId rootid 7 tid 106009
target_page_id id: 6 tid 106009
0 1 tid 106009
168 8 tid 106009
365 6 tid 106009
253 tid 106009
FindTargetPageId rootid 7 tid 106008
target_page_id id: 6 tid 106008
0 1 tid 106008
168 8 tid 106008
365 6 tid 106008
253 tid 106008
Insert  tid 106009
Remove  tid 106008
FindTargetPageId rootid 7 tid 106007
target_page_id id: 6 tid 106007
0 1 tid 106007
168 8 tid 106007
365 6 tid 106007
252 tid 106007
Insert  tid 106007
FindTargetPageId rootid 7 tid 106009
target_page_id id: 6 tid 106009
0 1 tid 106009
168 8 tid 106009
365 6 tid 106009
253 tid 106009
Insert  tid 106009
FindTargetPageId rootid 7 tid 106008
target_page_id id: 6 tid 106008
0 1 tid 106008
168 8 tid 106008
365 6 tid 106008
253 tid 106008
Remove  tid 106008
FindTargetPageId rootid 7 tid 106007
target_page_id id: 6 tid 106007
0 1 tid 106007
168 8 tid 106007
365 6 tid 106007
252 tid 106007
Insert  tid 106007
FindTargetPageId rootid 7 tid 106009
target_page_id id: 6 tid 106009
0 1 tid 106009
168 8 tid 106009
365 6 tid 106009
253 tid 106009
Insert  tid 106009
FindTargetPageId rootid 7 tid 106008
target_page_id id: 6 tid 106008
0 1 tid 106008
168 8 tid 106008
365 6 tid 106008
253 tid 106008
Remove  tid 106008
FindTargetPageId rootid 7 tid 106007
target_page_id id: 6 tid 106007
0 1 tid 106007
168 8 tid 106007
365 6 tid 106007
252 tid 106007
Insert  tid 106007
FindTargetPageId rootid 7 tid 106009
target_page_id id: 6 tid 106009
0 1 tid 106009
168 8 tid 106009
365 6 tid 106009
253 tid 106009
Insert  tid 106009
FindTargetPageId rootid 7 tid 106009
target_page_id id: 6 tid 106009
0 1 tid 106009
168 8 tid 106009
365 6 tid 106009
253 tid 106009
Insert  tid 106009
FindTargetPageId rootid 7 tid 106009
target_page_id id: 6 tid 106009
0 1 tid 106009
168 8 tid 106009
365 6 tid 106009
253 tid 106009
Insert  tid 106009
FindTargetPageId rootid 7 tid 106008
target_page_id id: 6 tid 106008
0 1 tid 106008
168 8 tid 106008
365 6 tid 106008
253 tid 106008
Remove  tid 106008
FindTargetPageId rootid 7 tid 106007
target_page_id id: 6 tid 106007
0 1 tid 106007
168 8 tid 106007
365 6 tid 106007
252 tid 106007
FindTargetPageId rootid 7 tid Insert  tid 106009
target_page_id id: 6 tid 106009
0 1 tid 106009
168 8 tid 106009
365 6 tid 106009
106007253 tid 
106009
Insert  tid 106009
FindTargetPageId rootid 7 tid 106008
target_page_id id: 6 tid 106008
0 1 tid 106008
168 8 tid 106008
365 6 tid 106008
253 tid 106008
Remove  tid 106008
FindTargetPageId rootid 7 tid 106007
target_page_id id: 6 tid 106007
0 1 tid 106007
168 8 tid 106007
365 6 tid 106007
252 tid 106007
Insert  tid 106007
FindTargetPageId rootid 7 tid 106007
target_page_id id: 6 tid 106007
0 1 tid 106007
168 8 tid 106007
365 6 tid 106007
253 tid 106007
Insert  tid 106007
FindTargetPageId rootid 7 tid 106007
target_page_id id: 6 tid 106007
0 1 tid 106007
168 8 tid 106007
365 6 tid 106007
254 tid 106007
Insert  tid 106007
FindTargetPageId rootid 7 tid 106009
target_page_id id: 6 tid 106009
0 1 tid 106009
168 8 tid 106009
365 6 tid 106009
650 9 tid 106009
127 tid 106009
Insert  tid 106009
FindTargetPageId rootid 7 tid 106009
target_page_id id: 6 tid 106009
0 1 tid 106009
168 8 tid 106009
365 6 tid 106009
650 9 tid 106009
127 tid 106009
Insert  tid 106009
FindTargetPageId rootid 7 tid 106007
target_page_id id: 9 tid 106007
0 1 tid 106007
168 8 tid 106007
365 6 tid 106007
650 9 tid 106007
128 tid 106007
Insert  tid 106007
FindTargetPageId rootid 7 tid 106008
target_page_id id: 6 tid 106008
0 1 tid 106008
168 8 tid 106008
365 6 tid 106008
650 9 tid 106008
127 tid 106008
Remove  tid 106008
FindTargetPageId rootid 7 tid 106009
target_page_id id: 6 tid 106009
0 1 tid 106009
168 8 tid 106009
364 6 tid 106009
650 9 tid 106009
127 tid 106009
Insert  tid 106009
FindTargetPageId rootid 7 tid 106007
target_page_id id: 9 tid 106007
0 1 tid 106007
168 8 tid 106007
364 6 tid 106007
650 9 tid 106007
129 tid 106007
Insert  tid 106007
FindTargetPageId rootid 7 tid 106008
target_page_id id: 6 tid 106008
0 1 tid 106008
168 8 tid 106008
364 6 tid 106008
650 9 tid 106008
127 tid 106008
Remove  tid 106008
FindTargetPageId rootid 7 tid 106009
target_page_id id: 6 tid 106009
0 1 tid 106009
168 8 tid 106009
363 6 tid 106009
650 9 tid 106009
127 tid 106009
Insert  tid 106009
FindTargetPageId rootid 7 tid 106007
target_page_id id: 9 tid 106007
0 1 tid 106007
168 8 tid 106007
363 6 tid 106007
650 9 tid 106007
130 tid 106007
Insert  tid 106007
FindTargetPageId rootid 7 tid 106008
target_page_id id: 6 tid 106008
0 1 tid 106008
168 8 tid 106008
363 6 tid 106008
650 9 tid 106008
127 tid 106008
Remove  tid 106008
FindTargetPageId rootid 7 tid 106009
target_page_id id: 6 tid 106009
0 1 tid 106009
168 8 tid 106009
362 6 tid 106009
650 9 tid 106009
127 tid 106009
Insert  tid 106009
FindTargetPageId rootid 7 tid 106007
target_page_id id: 9 tid 106007
0 1 tid 106007
168 8 tid 106007
362 6 tid 106007
650 9 tid 106007
131 tid 106007
Insert  tid 106007
FindTargetPageId rootid 7 tid 106008
target_page_id id: 6 tid 106008
0 1 tid 106008
168 8 tid 106008
362 6 tid 106008
650 9 tid 106008
128 tid 106008
Remove  tid 106008
FindTargetPageId rootid 7 tid 106009
target_page_id id: 6 tid 106009
0 1 tid 106009
168 8 tid 106009
362 6 tid 106009
650 9 tid 106009
127 tid 106009
Insert  tid 106009
FindTargetPageId rootid 7 tid 106007
target_page_id id: 9 tid 106007
0 1 tid 106007
168 8 tid 106007
362 6 tid 106007
650 9 tid 106007
132 tid 106007
Insert  tid 106007
FindTargetPageId rootid 7 tid 106008
target_page_id id: 6 tid 106008
0 1 tid 106008
168 8 tid 106008
362 6 tid 106008
650 9 tid 106008
128 tid 106008
Remove  tid 106008
FindTargetPageId rootid 7 tid 106009
target_page_id id: 6 tid 106009
0 1 tid 106009
168 8 tid 106009
362 6 tid 106009
650 9 tid 106009
127 tid 106009
Insert  tid 106009
FindTargetPageId rootid 7 tid 106007
target_page_id id: 9 tid 106007
0 1 tid 106007
168 8 tid 106007
362 6 tid 106007
650 9 tid 106007
133 tid 106007
Insert  tid 106007
FindTargetPageId rootid 7 tid 106008
target_page_id id: 6 tid 106008
0 1 tid 106008
168 8 tid 106008
362 6 tid 106008
650 9 tid 106008
128 tid 106008
Remove  tid 106008
FindTargetPageId rootid 7 tid 106009
target_page_id id: 6 tid 106009
0 1 tid 106009
168 8 tid 106009
362 6 tid 106009
650 9 tid 106009
127 tid 106009
Insert  tid 106009
FindTargetPageId rootid 7 tid 106007
target_page_id id: 9 tid 106007
0 1 tid 106007
168 8 tid 106007
362 6 tid 106007
650 9 tid 106007
134 tid 106007
Insert  tid 106007
FindTargetPageId rootid 7 tid 106008
target_page_id id: 6 tid 106008
0 1 tid 106008
168 8 tid 106008
362 6 tid 106008
650 9 tid 106008
128 tid 106008
Remove  tid 106008
FindTargetPageId rootid 7 tid 106008
target_page_id id: 6 tid 106008
0 1 tid 106008
168 8 tid 106008
362 6 tid 106008
650 9 tid 106008
127 tid 106008
Remove  tid 106008
FindTargetPageId rootid 7 tid 106007
target_page_id id: 9 tid 106007
0 1 tid 106007
168 8 tid 106007
361 6 tid 106007
650 9 tid 106007
135 tid 106007
Insert  tid 106007
FindTargetPageId rootid 7 tid 106007
target_page_id id: 9 tid 106007
0 1 tid 106007
168 8 tid 106007
361 6 tid 106007
650 9 tid 106007
136 tid 106007
Insert  tid 106007
FindTargetPageId rootid 7 tid 106008
target_page_id id: 6 tid 106008
0 1 tid 106008
168 8 tid 106008
361 6 tid 106008
650 9 tid 106008
127 tid 106008
Remove  tid 106008
FindTargetPageId rootid 7 tid 106009
target_page_id id: 6 tid 106009
0 1 tid 106009
168 8 tid 106009
360 6 tid 106009
650 9 tid 106009
127 tid 106009
Insert  tid 106009
FindTargetPageId rootid 7 tid 106007
target_page_id id: 9 tid 106007
0 1 tid 106007
168 8 tid 106007
360 6 tid 106007
650 9 tid 106007
137 tid 106007
FindTargetPageId rootid 7 tid 106009
target_page_id id: 6 tid 106009
0 1 tid 106009
168 8 tid 106009
360 6 tid 106009
650 9 tid 106009
128 tid 106009
Insert  tid 106009
FindTargetPageId rootid 7 tid 106009
target_page_id id: 6 tid 106009
0 1 tid 106009
168 8 tid 106009
360 6 tid 106009
650 9 tid 106009
129 tid 106009
Insert Insert  tid  tid 106007106009

FindTargetPageId rootid 7 tid 106008
target_page_id id: 6 tid 106008
0 1 tid 106008
168 8 tid 106008
360 6 tid 106008
650 9 tid 106008
130 tid 106008
Remove  tid 106008
FindTargetPageId rootid 7 tid 106008
target_page_id id: 6 tid 106008
0 1 tid 106008
168 8 tid 106008
360 6 tid 106008
650 9 tid 106008
129 tid 106008
Remove  tid 106008
FindTargetPageId rootid 7 tid 106007
target_page_id id: 9 tid 106007
0 1 tid 106007
168 8 tid 106007
360 6 tid 106007
650 9 tid 106007
138 tid 106007
Insert  tid 106007
FindTargetPageId rootid 7 tid 106009
target_page_id id: 6 tid 106009
0 1 tid 106009
168 8 tid 106009
360 6 tid 106009
650 9 tid 106009
128 tid 106009
Insert  tid 106009
FindTargetPageId rootid 7 tid 106008
target_page_id id: 6 tid 106008
0 1 tid 106008
168 8 tid 106008
360 6 tid 106008
650 9 tid 106008
129 tid 106008
Remove  tid 106008
FindTargetPageId rootid 7 tid 106008
target_page_id id: 6 tid 106008
0 1 tid 106008
168 8 tid 106008
360 6 tid 106008
650 9 tid 106008
128 tid 106008
Remove  tid 106008
FindTargetPageId rootid 7 tid 106009
target_page_id id: 6 tid 106009
0 1 tid 106009
168 8 tid 106009
360 6 tid 106009
650 9 tid 106009
127 tid 106009
Insert  tid 106009
FindTargetPageId rootid 7 tid 106007
target_page_id id: 9 tid 106007
0 1 tid 106007
168 8 tid 106007
360 6 tid 106007
650 9 tid 106007
139 tid 106007
Insert  tid 106007
FindTargetPageId rootid 7 tid 106007
target_page_id id: 9 tid 106007
0 1 tid 106007
168 8 tid 106007
360 6 tid 106007
650 9 tid 106007
140 tid 106007
Insert  tid 106007
FindTargetPageId rootid 7 tid 106009
target_page_id id: 6 tid 106009
0 1 tid 106009
168 8 tid 106009
360 6 tid 106009
650 9 tid 106009
128 tid 106009
Insert  tid 106009
FindTargetPageId rootid 7 tid 106008
target_page_id id: 6 tid 106008
0 1 tid 106008
168 8 tid 106008
360 6 tid 106008
650 9 tid 106008
129 tid 106008
Remove  tid 106008
FindTargetPageId rootid 7 tid 106007
target_page_id id: 9 tid 106007
0 1 tid 106007
168 8 tid 106007
360 6 tid 106007
650 9 tid 106007
141 tid 106007
Insert  tid 106007
FindTargetPageId rootid 7 tid 106009
target_page_id id: 6 tid 106009
0 1 tid 106009
168 8 tid 106009
360 6 tid 106009
650 9 tid 106009
128 tid 106009
Insert  tid 106009
FindTargetPageId rootid 7 tid 106008
target_page_id id: 6 tid 106008
0 1 tid 106008
168 8 tid 106008
360 6 tid 106008
650 9 tid 106008
129 tid 106008
Remove  tid 106008
FindTargetPageId rootid 7 tid 106007
target_page_id id: 9 tid 106007
0 1 tid 106007
168 8 tid 106007
360 6 tid 106007
650 9 tid 106007
142 tid 106007
Insert  tid 106007
FindTargetPageId rootid 7 tid 106009
target_page_id id: 6 tid 106009
0 1 tid 106009
168 8 tid 106009
360 6 tid 106009
650 9 tid 106009
128 tid 106009
Insert  tid 106009
FindTargetPageId rootid 7 tid 106008
target_page_id id: 6 tid 106008
0 1 tid 106008
168 8 tid 106008
360 6 tid 106008
650 9 tid 106008
129 tid 106008
Remove  tid 106008
FindTargetPageId rootid 7 tid 106007
target_page_id id: 9 tid 106007
0 1 tid 106007
168 8 tid 106007
360 6 tid 106007
650 9 tid 106007
143 tid 106007
Insert  tid 106007
FindTargetPageId rootid 7 tid 106007
target_page_id id: 9 tid 106007
0 1 tid 106007
168 8 tid 106007
360 6 tid 106007
650 9 tid 106007
144 tid 106007
Insert  tid 106007
FindTargetPageId rootid 7 tid 106007
target_page_id id: 9 tid 106007
0 1 tid 106007
168 8 tid 106007
360 6 tid 106007
650 9 tid 106007
145 tid 106007
Insert  tid 106007
FindTargetPageId rootid 7 tid 106009
target_page_id id: 6 tid 106009
0 1 tid 106009
168 8 tid 106009
360 6 tid 106009
650 9 tid 106009
128 tid 106009
Insert  tid 106009
FindTargetPageId rootid 7 tid 106009
target_page_id id: 6 tid 106009
0 1 tid 106009
168 8 tid 106009
360 6 tid 106009
650 9 tid 106009
129 tid 106009
Insert  tid 106009
FindTargetPageId rootid 7 tid 106009
target_page_id id: 6 tid 106009
0 1 tid 106009
168 8 tid 106009
360 6 tid 106009
650 9 tid 106009
130 tid 106009
Insert  tid 106009
FindTargetPageId rootid 7 tid 106007
target_page_id id: 9 tid 106007
0 1 tid 106007
168 8 tid 106007
360 6 tid 106007
650 9 tid 106007
146 tid 106007
Insert  tid 106007
FindTargetPageId rootid 7 tid 106007
target_page_id id: 9 tid 106007
0 1 tid 106007
168 8 tid 106007
360 6 tid 106007
650 9 tid 106007
147 tid 106007
Insert  tid 106007
FindTargetPageId rootid 7 tid 106009
target_page_id id: 6 tid 106009
0 1 tid 106009
168 8 tid 106009
360 6 tid 106009
650 9 tid 106009
131 tid 106009
Insert  tid 106009
FindTargetPageId rootid 7 tid 106009
target_page_id id: 6 tid 106009
0 1 tid 106009
168 8 tid 106009
360 6 tid 106009
650 9 tid 106009
132 tid 106009
Insert  tid 106009
FindTargetPageId rootid 7 tid 106009
target_page_id id: 6 tid 106009
0 1 tid 106009
168 8 tid 106009
360 6 tid 106009
650 9 tid 106009
133 tid 106009
Insert  tid 106009
FindTargetPageId rootid 7 tid 106009
target_page_id id: 6 tid 106009
0 1 tid 106009
168 8 tid 106009
360 6 tid 106009
650 9 tid 106009
134 tid 106009
Insert  tid 106009
FindTargetPageId rootid 7 tid 106008
target_page_id id: 6 tid 106008
0 1 tid 106008
168 8 tid 106008
360 6 tid 106008
650 9 tid 106008
135 tid 106008
Remove  tid 106008
FindTargetPageId rootid 7 tid 106008
target_page_id id: 6 tid 106008
0 1 tid 106008
168 8 tid 106008
360 6 tid 106008
650 9 tid 106008
134 tid 106008
Remove  tid 106008
FindTargetPageId rootid 7 tid 106008
target_page_id id: 6 tid 106008
0 1 tid 106008
168 8 tid 106008
360 6 tid 106008
650 9 tid 106008
133 tid 106008
Remove  tid 106008
FindTargetPageId rootid 7 tid 106008
target_page_id id: 6 tid 106008
0 1 tid 106008
168 8 tid 106008
360 6 tid 106008
650 9 tid 106008
132 tid 106008
Remove  tid 106008
FindTargetPageId rootid 7 tid 106008
target_page_id id: 6 tid 106008
0 1 tid 106008
168 8 tid 106008
360 6 tid 106008
650 9 tid 106008
131 tid 106008
Remove  tid 106008
FindTargetPageId rootid 7 tid 106008
target_page_id id: 6 tid 106008
0 1 tid 106008
168 8 tid 106008
360 6 tid 106008
650 9 tid 106008
130 tid 106008
Remove  tid 106008
FindTargetPageId rootid 7 tid 106008
target_page_id id: 6 tid 106008
0 1 tid 106008
168 8 tid 106008
360 6 tid 106008
650 9 tid 106008
129 tid 106008
Remove  tid 106008
FindTargetPageId rootid 7 tid 106009
target_page_id id: 6 tid 106009
0 1 tid 106009
168 8 tid 106009
360 6 tid 106009
650 9 tid 106009
128 tid 106009
Insert  tid 106009
FindTargetPageId rootid 7 tid 106009
target_page_id id: 6 tid 106009
0 1 tid 106009
168 8 tid 106009
360 6 tid 106009
650 9 tid 106009
129 tid 106009
Insert  tid 106009
FindTargetPageId rootid 7 tid 106009
target_page_id id: 6 tid 106009
0 1 tid 106009
168 8 tid 106009
360 6 tid 106009
650 9 tid 106009
130 tid 106009
Insert  tid 106009
FindTargetPageId rootid 7 tid 106009
target_page_id id: 6 tid 106009
0 1 tid 106009
168 8 tid 106009
360 6 tid 106009
650 9 tid 106009
131 tid 106009
Insert  tid 106009
FindTargetPageId rootid 7 tid 106009
target_page_id id: 6 tid 106009
0 1 tid 106009
168 8 tid 106009
360 6 tid 106009
650 9 tid 106009
132 tid 106009
Insert  tid 106009
FindTargetPageId rootid 7 tid 106009
target_page_id id: 6 tid 106009
0 1 tid 106009
168 8 tid 106009
360 6 tid 106009
650 9 tid 106009
133 tid 106009
Insert  tid 106009
FindTargetPageId rootid 7 tid 106009
target_page_id id: 6 tid 106009
0 1 tid 106009
168 8 tid 106009
360 6 tid 106009
650 9 tid 106009
134 tid 106009
Insert  tid 106009
FindTargetPageId rootid 7 tid 106009
target_page_id id: 6 tid 106009
0 1 tid 106009
168 8 tid 106009
360 6 tid 106009
650 9 tid 106009
135 tid 106009
Insert  tid 106009
FindTargetPageId rootid 7 tid 106009
target_page_id id: 6 tid 106009
0 1 tid 106009
168 8 tid 106009
360 6 tid 106009
650 9 tid 106009
136 tid 106009
FindTargetPageId rootid 7 tid Insert 106008 tid 
target_page_id id: 6 tid 106008
0 1 tid 106008
168 8 tid 106008
360 6 tid 106008
650 9 tid 106008
137 tid 106008
106009
Remove  tid 106008
FindTargetPageId rootid 7 tid 106007
target_page_id id: 9 tid 106007
0 1 tid 106007
168 8 tid 106007
360 6 tid 106007
650 9 tid 106007
148 tid 106007
Insert  tid 106007
FindTargetPageId rootid 7 tid 106007
target_page_id id: 9 tid 106007
0 1 tid 106007
168 8 tid 106007
360 6 tid 106007
650 9 tid 106007
149 tid 106007
Insert  tid 106007
FindTargetPageId rootid 7 tid 106007
target_page_id id: 9 tid 106007
0 1 tid 106007
168 8 tid 106007
360 6 tid 106007
650 9 tid 106007
150 tid 106007
Insert  tid 106007
FindTargetPageId rootid 7 tid 106009
target_page_id id: 6 tid 106009
0 1 tid 106009
168 8 tid 106009
360 6 tid 106009
650 9 tid 106009
136 tid 106009
Insert  tid 106009
FindTargetPageId rootid 7 tid 106008
target_page_id id: 6 tid 106008
0 1 tid 106008
168 8 tid 106008
360 6 tid 106008
650 9 tid 106008
137 tid 106008
Remove  tid 106008
FindTargetPageId rootid 7 tid 106007
target_page_id id: 9 tid 106007
0 1 tid 106007
168 8 tid 106007
360 6 tid 106007
650 9 tid 106007
151 tid 106007
Insert  tid 106007
FindTargetPageId rootid 7 tid 106009
target_page_id id: 6 tid 106009
0 1 tid 106009
168 8 tid 106009
360 6 tid 106009
650 9 tid 106009
136 tid 106009
Insert  tid 106009
FindTargetPageId rootid 7 tid 106008
target_page_id id: 6 tid 106008
0 1 tid 106008
168 8 tid 106008
360 6 tid 106008
650 9 tid 106008
137 tid 106008
Remove  tid 106008
FindTargetPageId rootid 7 tid 106007
target_page_id id: 9 tid 106007
0 1 tid 106007
168 8 tid 106007
360 6 tid 106007
650 9 tid 106007
152 tid 106007
Insert  tid 106007
FindTargetPageId rootid 7 tid 106009
target_page_id id: 6 tid 106009
0 1 tid 106009
168 8 tid 106009
360 6 tid 106009
650 9 tid 106009
136 tid 106009
Insert  tid 106009
FindTargetPageId rootid 7 tid 106008
target_page_id id: 6 tid 106008
0 1 tid 106008
168 8 tid 106008
360 6 tid 106008
650 9 tid 106008
137 tid 106008
Remove  tid 106008
FindTargetPageId rootid 7 tid 106007
target_page_id id: 9 tid 106007
0 1 tid 106007
168 8 tid 106007
360 6 tid 106007
650 9 tid 106007
153 tid 106007
Insert  tid 106007
FindTargetPageId rootid 7 tid 106009
target_page_id id: 6 tid 106009
0 1 tid 106009
168 8 tid 106009
360 6 tid 106009
650 9 tid 106009
136 tid 106009
Insert  tid 106009
FindTargetPageId rootid 7 tid 106008
target_page_id id: 6 tid 106008
0 1 tid 106008
168 8 tid 106008
360 6 tid 106008
650 9 tid 106008
137 tid 106008
Remove  tid 106008
FindTargetPageId rootid 7 tid 106007
target_page_id id: 9 tid 106007
0 1 tid 106007
168 8 tid 106007
360 6 tid 106007
650 9 tid 106007
154 tid 106007
Insert  tid 106007
FindTargetPageId rootid 7 tid 106009
target_page_id id: 6 tid 106009
0 1 tid 106009
168 8 tid 106009
360 6 tid 106009
650 9 tid 106009
136 tid 106009
Insert  tid 106009
FindTargetPageId rootid 7 tid 106009
target_page_id id: 6 tid 106009
0 1 tid 106009
168 8 tid 106009
360 6 tid 106009
650 9 tid 106009
137 tid 106009
Insert  tid 106009
FindTargetPageId rootid 7 tid 106007
target_page_id id: 9 tid 106007
0 1 tid 106007
168 8 tid 106007
360 6 tid 106007
650 9 tid 106007
155 tid 106007
Insert  tid 106007
FindTargetPageId rootid 7 tid 106008
target_page_id id: 6 tid 106008
0 1 tid 106008
168 8 tid 106008
360 6 tid 106008
650 9 tid 106008
138 tid 106008
Remove  tid 106008
FindTargetPageId rootid 7 tid 106008
target_page_id id: 6 tid 106008
0 1 tid 106008
168 8 tid 106008
360 6 tid 106008
650 9 tid 106008
137 tid 106008
Remove  tid 106008
FindTargetPageId rootid 7 tid 106007
target_page_id id: 9 tid 106007
0 1 tid 106007
168 8 tid 106007
360 6 tid 106007
650 9 tid 106007
156 tid 106007
Insert  tid 106007
FindTargetPageId rootid 7 tid 106009
target_page_id id: 6 tid 106009
0 1 tid 106009
168 8 tid 106009
360 6 tid 106009
650 9 tid 106009
136 tid 106009
Insert  tid 106009
FindTargetPageId rootid 7 tid 106008
target_page_id id: 6 tid 106008
0 1 tid 106008
168 8 tid 106008
360 6 tid 106008
650 9 tid 106008
137 tid 106008
Remove  tid 106008
FindTargetPageId rootid 7 tid 106007
target_page_id id: 9 tid 106007
0 1 tid 106007
168 8 tid 106007
360 6 tid 106007
650 9 tid 106007
157 tid 106007
Insert  tid 106007
FindTargetPageId rootid 7 tid 106009
target_page_id id: 6 tid 106009
0 1 tid 106009
168 8 tid 106009
360 6 tid 106009
650 9 tid 106009
136 tid 106009
Insert  tid 106009
FindTargetPageId rootid 7 tid 106008
target_page_id id: 6 tid 106008
0 1 tid 106008
168 8 tid 106008
360 6 tid 106008
650 9 tid 106008
137 tid 106008
Remove  tid 106008
FindTargetPageId rootid 7 tid 106007
target_page_id id: 9 tid 106007
0 1 tid 106007
168 8 tid 106007
360 6 tid 106007
650 9 tid 106007
158 tid 106007
Insert  tid 106007
FindTargetPageId rootid 7 tid 106009
target_page_id id: 6 tid 106009
0 1 tid 106009
168 8 tid 106009
360 6 tid 106009
650 9 tid 106009
136 tid 106009
Insert  tid 106009
FindTargetPageId rootid 7 tid 106008
target_page_id id: 6 tid 106008
0 1 tid 106008
168 8 tid 106008
360 6 tid 106008
650 9 tid 106008
137 tid 106008
Remove  tid 106008
FindTargetPageId rootid 7 tid 106007
target_page_id id: 9 tid 106007
0 1 tid 106007
168 8 tid 106007
360 6 tid 106007
650 9 tid 106007
159 tid 106007
Insert  tid 106007
FindTargetPageId rootid 7 tid 106009
target_page_id id: 6 tid 106009
0 1 tid 106009
168 8 tid 106009
360 6 tid 106009
650 9 tid 106009
136 tid 106009
Insert  tid 106009
FindTargetPageId rootid 7 tid 106008
target_page_id id: 6 tid 106008
0 1 tid 106008
168 8 tid 106008
360 6 tid 106008
650 9 tid 106008
137 tid 106008
Remove  tid 106008
FindTargetPageId rootid 7 tid 106007
target_page_id id: 9 tid 106007
0 1 tid 106007
168 8 tid 106007
360 6 tid 106007
650 9 tid 106007
160 tid 106007
Insert  tid 106007
FindTargetPageId rootid 7 tid 106009
target_page_id id: 6 tid 106009
0 1 tid 106009
168 8 tid 106009
360 6 tid 106009
650 9 tid 106009
136 tid 106009
Insert  tid 106009
FindTargetPageId rootid 7 tid 106008
target_page_id id: 9 tid 106008
0 1 tid 106008
168 8 tid 106008
360 6 tid 106008
650 9 tid 106008
161 tid 106008
Remove  tid 106008
FindTargetPageId rootid 7 tid 106007
target_page_id id: 9 tid 106007
0 1 tid 106007
168 8 tid 106007
360 6 tid 106007
650 9 tid 106007
160 tid 106007
Insert  tid 106007
FindTargetPageId rootid 7 tid 106009
target_page_id id: 6 tid 106009
0 1 tid 106009
168 8 tid 106009
360 6 tid 106009
650 9 tid 106009
137 tid 106009
Insert  tid 106009
FindTargetPageId rootid 7 tid 106008
target_page_id id: 9 tid 106008
0 1 tid 106008
168 8 tid 106008
360 6 tid 106008
650 9 tid 106008
161 tid 106008
Remove  tid 106008
FindTargetPageId rootid 7 tid 106007
target_page_id id: 9 tid 106007
0 1 tid 106007
168 8 tid 106007
360 6 tid 106007
650 9 tid 106007
160 tid 106007
FindTargetPageId rootid 7 tid 106009
target_page_id id: 6 tid 106009
0Insert  tid 106007
 1 tid 106009
168 8 tid 106009
360 6 tid 106009
650 9 tid 106009
138 tid 106009
Insert  tid 106009
FindTargetPageId rootid 7 tid 106008
target_page_id id: 9 tid 106008
0 1 tid 106008
168 8 tid 106008
360 6 tid 106008
650 9 tid 106008
161 tid 106008
Remove  tid 106008
FindTargetPageId rootid 7 tid 106008
target_page_id id: 9 tid 106008
0 1 tid 106008
168 8 tid 106008
360 6 tid 106008
650 9 tid 106008
160 tid 106008
Remove  tid 106008
FindTargetPageId rootid 7 tid 106009
target_page_id id: 6 tid 106009
0 1 tid 106009
168 8 tid 106009
360 6 tid 106009
650 9 tid 106009
139 tid 106009
Insert  tid 106009
FindTargetPageId rootid 7 tid 106007
target_page_id id: 9 tid 106007
0 1 tid 106007
168 8 tid 106007
360 6 tid 106007
650 9 tid 106007
159 tid 106007
Insert  tid 106007
FindTargetPageId rootid 7 tid 106008
target_page_id id: 9 tid 106008
0 1 tid 106008
168 8 tid 106008
360 6 tid 106008
650 9 tid 106008
160 tid 106008
Remove  tid 106008
FindTargetPageId rootid 7 tid 106009
target_page_id id: 6 tid 106009
0 1 tid 106009
168 8 tid 106009
360 6 tid 106009
650 9 tid 106009
140 tid 106009
Insert  tid 106009
FindTargetPageId rootid 7 tid 106007
target_page_id id: 9 tid 106007
0 1 tid 106007
168 8 tid 106007
360 6 tid 106007
650 9 tid 106007
159 tid 106007
Insert  tid 106007
FindTargetPageId rootid 7 tid 106008
target_page_id id: 9 tid 106008
0 1 tid 106008
168 8 tid 106008
360 6 tid 106008
650 9 tid 106008
160 tid 106008
Remove  tid 106008
FindTargetPageId rootid 7 tid 106009
target_page_id id: 6 tid 106009
0 1 tid 106009
168 8 tid 106009
360 6 tid 106009
650 9 tid 106009
141 tid 106009
Insert  tid 106009
FindTargetPageId rootid 7 tid 106007
target_page_id id: 9 tid 106007
0 1 tid 106007
168 8 tid 106007
360 6 tid 106007
650 9 tid 106007
159 tid 106007
Insert  tid 106007
FindTargetPageId rootid 7 tid 106008
target_page_id id: 9 tid 106008
0 1 tid 106008
168 8 tid 106008
360 6 tid 106008
650 9 tid 106008
160 tid 106008
Remove  tid 106008
FindTargetPageId rootid 7 tid 106009
target_page_id id: 6 tid 106009
0 1 tid 106009
168 8 tid 106009
360 6 tid 106009
650 9 tid 106009
142 tid 106009
Insert  tid 106009
FindTargetPageId rootid 7 tid 106007
target_page_id id: 9 tid 106007
0 1 tid 106007
168 8 tid 106007
360 6 tid 106007
650 9 tid 106007
159 tid 106007
Insert  tid 106007
FindTargetPageId rootid 7 tid 106007
target_page_id id: 9 tid 106007
0 1 tid 106007
168 8 tid 106007
360 6 tid 106007
650 9 tid 106007
160 tid 106007
Insert  tid 106007
FindTargetPageId rootid 7 tid 106007
target_page_id id: 9 tid 106007
0 1 tid 106007
168 8 tid 106007
360 6 tid 106007
650 9 tid 106007
161 tid 106007
Insert  tid 106007
FindTargetPageId rootid 7 tid 106007
target_page_id id: 9 tid 106007
0 1 tid 106007
168 8 tid 106007
360 6 tid 106007
650 9 tid 106007
162 tid 106007
Insert  tid 106007
FindTargetPageId rootid 7 tid 106007
target_page_id id: 9 tid 106007
0 1 tid 106007
168 8 tid 106007
360 6 tid 106007
650 9 tid 106007
163 tid 106007
Insert  tid 106007
FindTargetPageId rootid 7 tid 106009
target_page_id id: 6 tid 106009
0 1 tid 106009
168 8 tid 106009
360 6 tid 106009
650 9 tid 106009
143 tid 106009
Insert  tid 106009
FindTargetPageId rootid 7 tid 106008
target_page_id id: 9 tid 106008
0 1 tid 106008
168 8 tid 106008
360 6 tid 106008
650 9 tid 106008
164 tid 106008
Remove  tid 106008
FindTargetPageId rootid 7 tid 106008
target_page_id id: 9 tid 106008
0 1 tid 106008
168 8 tid 106008
360 6 tid 106008
650 9 tid 106008
163 tid 106008
Remove  tid 106008
FindTargetPageId rootid 7 tid 106009
target_page_id id: 6 tid 106009
0 1 tid 106009
168 8 tid 106009
360 6 tid 106009
650 9 tid 106009
144 tid 106009
Insert  tid 106009
FindTargetPageId rootid 7 tid 106009
target_page_id id: 6 tid 106009
0 1 tid 106009
168 8 tid 106009
360 6 tid 106009
650 9 tid 106009
145 tid 106009
Insert  tid 106009
FindTargetPageId rootid 7 tid 106009
target_page_id id: 6 tid 106009
0 1 tid 106009
168 8 tid 106009
360 6 tid 106009
650 9 tid 106009
146 tid 106009
Insert  tid 106009
FindTargetPageId rootid 7 tid 106009
target_page_id id: 6 tid 106009
0 1 tid 106009
168 8 tid 106009
360 6 tid 106009
650 9 tid 106009
147 tid 106009
Insert  tid 106009
FindTargetPageId rootid 7 tid 106009
target_page_id id: 6 tid 106009
0 1 tid 106009
168 8 tid 106009
360 6 tid 106009
650 9 tid 106009
148 tid 106009
Insert  tid 106009
FindTargetPageId rootid 7 tid 106008
target_page_id id: 9 tid 106008
0 1 tid 106008
168 8 tid 106008
360 6 tid 106008
650 9 tid 106008
162 tid 106008
Remove  tid 106008
FindTargetPageId rootid 7 tid 106008
target_page_id id: 9 tid 106008
0 1 tid 106008
168 8 tid 106008
360 6 tid 106008
650 9 tid 106008
161 tid 106008
Remove  tid 106008
FindTargetPageId rootid 7 tid 106008
target_page_id id: 9 tid 106008
0 1 tid 106008
168 8 tid 106008
360 6 tid 106008
650 9 tid 106008
160 tid 106008
Remove  tid 106008
FindTargetPageId rootid 7 tid 106007
target_page_id id: 9 tid 106007
0 1 tid 106007
168 8 tid 106007
360 6 tid 106007
650 9 tid 106007
159 tid 106007
Insert  tid 106007
FindTargetPageId rootid 7 tid 106009
target_page_id id: 6 tid 106009
0 1 tid 106009
168 8 tid 106009
360 6 tid 106009
650 9 tid 106009
149 tid 106009
Insert  tid 106009
FindTargetPageId rootid 7 tid 106008
target_page_id id: 9 tid 106008
0 1 tid 106008
168 8 tid 106008
360 6 tid 106008
650 9 tid 106008
160 tid 106008
Remove  tid 106008
FindTargetPageId rootid 7 tid 106007
target_page_id id: 9 tid 106007
0 1 tid 106007
168 8 tid 106007
360 6 tid 106007
650 9 tid 106007
159 tid 106007
Insert  tid 106007
FindTargetPageId rootid 7 tid 106009
target_page_id id: 6 tid 106009
0 1 tid 106009
168 8 tid 106009
360 6 tid 106009
650 9 tid 106009
150 tid 106009
Insert  tid 106009
FindTargetPageId rootid 7 tid 106008
target_page_id id: 9 tid 106008
0 1 tid 106008
168 8 tid 106008
360 6 tid 106008
650 9 tid 106008
160 tid 106008
Remove  tid 106008
FindTargetPageId rootid 7 tid 106007
target_page_id id: 9 tid 106007
0 1 tid 106007
168 8 tid 106007
360 6 tid 106007
650 9 tid 106007
159 tid 106007
Insert  tid 106007
FindTargetPageId rootid 7 tid 106009
target_page_id id: 6 tid 106009
0 1 tid 106009
168 8 tid 106009
360 6 tid 106009
650 9 tid 106009
151 tid 106009
Insert  tid 106009
FindTargetPageId rootid 7 tid 106008
target_page_id id: 9 tid 106008
0 1 tid 106008
168 8 tid 106008
360 6 tid 106008
650 9 tid 106008
160 tid 106008
Remove  tid 106008
FindTargetPageId rootid 7 tid 106007
target_page_id id: 9 tid 106007
0 1 tid 106007
168 8 tid 106007
360 6 tid 106007
650 9 tid 106007
159 tid 106007
Insert  tid 106007
FindTargetPageId rootid 7 tid 106009
target_page_id id: 6 tid 106009
0 1 tid 106009
168 8 tid 106009
360 6 tid 106009
650 9 tid 106009
152 tid 106009
Insert  tid 106009
FindTargetPageId rootid 7 tid 106008
target_page_id id: 9 tid 106008
0 1 tid 106008
168 8 tid 106008
360 6 tid 106008
650 9 tid 106008
160 tid 106008
Remove  tid 106008
FindTargetPageId rootid 7 tid 106007
target_page_id id: 9 tid 106007
0 1 tid 106007
168 8 tid 106007
360 6 tid 106007
650 9 tid 106007
159 tid 106007
Insert  tid 106007
FindTargetPageId rootid 7 tid 106009
target_page_id id: 6 tid 106009
0 1 tid 106009
168 8 tid 106009
360 6 tid 106009
650 9 tid 106009
153 tid 106009
Insert  tid 106009
FindTargetPageId rootid 7 tid 106008
target_page_id id: 9 tid 106008
0 1 tid 106008
168 8 tid 106008
360 6 tid 106008
650 9 tid 106008
160 tid 106008
Remove  tid 106008
FindTargetPageId rootid 7 tid 106007
target_page_id id: 9 tid 106007
0 1 tid 106007
168 8 tid 106007
360 6 tid 106007
650 9 tid 106007
159 tid 106007
Insert  tid 106007
FindTargetPageId rootid 7 tid 106009
target_page_id id: 6 tid 106009
0 1 tid 106009
168 8 tid 106009
360 6 tid 106009
650 9 tid 106009
154 tid 106009
Insert  tid 106009
FindTargetPageId rootid 7 tid 106008
target_page_id id: 9 tid 106008
0 1 tid 106008
168 8 tid 106008
360 6 tid 106008
650 9 tid 106008
160 tid 106008
Remove  tid 106008
FindTargetPageId rootid 7 tid 106007
target_page_id id: 9 tid 106007
0 1 tid 106007
168 8 tid 106007
360 6 tid 106007
650 9 tid 106007
159 tid 106007
Insert  tid 106007
FindTargetPageId rootid 7 tid 106009
target_page_id id: 6 tid 106009
0 1 tid 106009
168 8 tid 106009
360 6 tid 106009
650 9 tid 106009
155 tid 106009
Insert  tid 106009
FindTargetPageId rootid 7 tid 106008
target_page_id id: 9 tid 106008
0 1 tid 106008
168 8 tid 106008
360 6 tid 106008
650 9 tid 106008
160 tid 106008
Remove  tid 106008
FindTargetPageId rootid 7 tid 106007
target_page_id id: 9 tid 106007
0 1 tid 106007
168 8 tid 106007
360 6 tid 106007
650 9 tid 106007
159 tid 106007
Insert  tid 106007
FindTargetPageId rootid 7 tid 106009
target_page_id id: 6 tid 106009
0 1 tid 106009
168 8 tid 106009
360 6 tid 106009
650 9 tid 106009
156 tid 106009
Insert  tid 106009
FindTargetPageId rootid 7 tid 106008
target_page_id id: 9 tid 106008
0 1 tid 106008
168 8 tid 106008
360 6 tid 106008
650 9 tid 106008
160 tid 106008
Remove  tid 106008
FindTargetPageId rootid 7 tid 106007
target_page_id id: 9 tid 106007
0 1 tid 106007
168 8 tid 106007
360 6 tid 106007
650 9 tid 106007
159 tid 106007
Insert  tid 106007
FindTargetPageId rootid 7 tid 106009
target_page_id id: 6 tid 106009
0 1 tid 106009
168 8 tid 106009
360 6 tid 106009
650 9 tid 106009
157 tid 106009
Insert  tid 106009
FindTargetPageId rootid 7 tid 106008
target_page_id id: 9 tid 106008
0 1 tid 106008
168 8 tid 106008
360 6 tid 106008
650 9 tid 106008
160 tid 106008
Remove  tid 106008
FindTargetPageId rootid 7 tid 106008
target_page_id id: 9 tid 106008
0 1 tid 106008
168 8 tid 106008
360 6 tid 106008
650 9 tid 106008
159 tid 106008
Remove  tid 106008
FindTargetPageId rootid 7 tid 106008
target_page_id id: 9 tid 106008
0 1 tid 106008
168 8 tid 106008
360 6 tid 106008
650 9 tid 106008
158 tid 106008
Remove  tid 106008
FindTargetPageId rootid 7 tid 106008
target_page_id id: 9 tid 106008
0 1 tid 106008
168 8 tid 106008
360 6 tid 106008
650 9 tid 106008
157 tid 106008
Remove  tid 106008
FindTargetPageId rootid 7 tid 106008
target_page_id id: 9 tid 106008
0 1 tid 106008
168 8 tid 106008
360 6 tid 106008
650 9 tid 106008
156 tid 106008
Remove  tid 106008
FindTargetPageId rootid 7 tid 106007
target_page_id id: 9 tid 106007
0 1 tid 106007
168 8 tid 106007
360 6 tid 106007
650 9 tid 106007
155 tid 106007
Insert  tid 106007
FindTargetPageId rootid 7 tid 106007
target_page_id id: 9 tid 106007
0 1 tid 106007
168 8 tid 106007
360 6 tid 106007
650 9 tid 106007
156 tid 106007
Insert  tid 106007
FindTargetPageId rootid 7 tid 106007
target_page_id id: 9 tid 106007
0 1 tid 106007
168 8 tid 106007
360 6 tid 106007
650 9 tid 106007
157 tid 106007
Insert  tid 106007
FindTargetPageId rootid 7 tid 106007
target_page_id id: 9 tid 106007
0 1 tid 106007
168 8 tid 106007
360 6 tid 106007
650 9 tid 106007
158 tid 106007
Insert  tid 106007
FindTargetPageId rootid 7 tid 106008
target_page_id id: 9 tid 106008
0 1 tid 106008
168 8 tid 106008
360 6 tid 106008
650 9 tid 106008
159 tid 106008
Remove  tid 106008
FindTargetPageId rootid 7 tid 106009
target_page_id id: 6 tid 106009
0 1 tid 106009
168 8 tid 106009
360 6 tid 106009
650 9 tid 106009
158 tid 106009
Insert  tid 106009
FindTargetPageId rootid 7 tid 106009
target_page_id id: 6 tid 106009
0 1 tid 106009
168 8 tid 106009
360 6 tid 106009
650 9 tid 106009
159 tid 106009
Insert  tid 106009
FindTargetPageId rootid 7 tid 106009
target_page_id id: 6 tid 106009
0 1 tid 106009
168 8 tid 106009
360 6 tid 106009
650 9 tid 106009
160 tid 106009
Insert  tid 106009
FindTargetPageId rootid 7 tid 106009
target_page_id id: 6 tid 106009
0 1 tid 106009
168 8 tid 106009
360 6 tid 106009
650 9 tid 106009
161 tid 106009
Insert  tid 106009
FindTargetPageId rootid 7 tid 106009
target_page_id id: 6 tid 106009
0 1 tid 106009
168 8 tid 106009
360 6 tid 106009
650 9 tid 106009
162 tid 106009
Insert  tid 106009
FindTargetPageId rootid 7 tid 106007
target_page_id id: 9 tid 106007
0 1 tid 106007
168 8 tid 106007
360 6 tid 106007
650 9 tid 106007
158 tid 106007
Insert  tid 106007
FindTargetPageId rootid 7 tid 106007
target_page_id id: 9 tid 106007
0 1 tid 106007
168 8 tid 106007
360 6 tid 106007
650 9 tid 106007
159 tid 106007
Insert  tid 106007
FindTargetPageId rootid 7 tid 106007
target_page_id id: 9 tid 106007
0 1 tid 106007
168 8 tid 106007
360 6 tid 106007
650 9 tid 106007
160 tid 106007
Insert  tid 106007
FindTargetPageId rootid 7 tid 106007
target_page_id id: 9 tid 106007
0 1 tid 106007
168 8 tid 106007
360 6 tid 106007
650 9 tid 106007
161 tid 106007
Insert  tid 106007
FindTargetPageId rootid 7 tid 106008
target_page_id id: 9 tid 106008
0 1 tid 106008
168 8 tid 106008
360 6 tid 106008
650 9 tid 106008
162 tid 106008
Remove  tid 106008
FindTargetPageId rootid 7 tid 106008
target_page_id id: 9 tid 106008
0 1 tid 106008
168 8 tid 106008
360 6 tid 106008
650 9 tid 106008
161 tid 106008
Remove  tid 106008
FindTargetPageId rootid 7 tid 106008
target_page_id id: 9 tid 106008
0 1 tid 106008
168 8 tid 106008
360 6 tid 106008
650 9 tid 106008
160 tid 106008
Remove  tid 106008
FindTargetPageId rootid 7 tid 106008
target_page_id id: 9 tid 106008
0 1 tid 106008
168 8 tid 106008
360 6 tid 106008
650 9 tid 106008
159 tid 106008
Remove  tid 106008
FindTargetPageId rootid 7 tid 106009
target_page_id id: 6 tid 106009
0 1 tid 106009
168 8 tid 106009
360 6 tid 106009
650 9 tid 106009
163 tid 106009
Insert  tid 106009
FindTargetPageId rootid 7 tid 106007
target_page_id id: 9 tid 106007
0 1 tid 106007
168 8 tid 106007
360 6 tid 106007
650 9 tid 106007
158 tid 106007
Insert  tid 106007
FindTargetPageId rootid 7 tid 106008
target_page_id id: 9 tid 106008
0 1 tid 106008
168 8 tid 106008
360 6 tid 106008
650 9 tid 106008
159 tid 106008
Remove  tid 106008
FindTargetPageId rootid 7 tid 106009
target_page_id id: 6 tid 106009
0 1 tid 106009
168 8 tid 106009
360 6 tid 106009
650 9 tid 106009
164 tid 106009
Insert  tid 106009
FindTargetPageId rootid 7 tid 106007
target_page_id id: 9 tid 106007
0 1 tid 106007
168 8 tid 106007
360 6 tid 106007
650 9 tid 106007
158 tid 106007
Insert  tid 106007
FindTargetPageId rootid 7 tid 106008
target_page_id id: 9 tid 106008
0 1 tid 106008
168 8 tid 106008
360 6 tid 106008
650 9 tid 106008
159 tid 106008
Remove  tid 106008
FindTargetPageId rootid 7 tid 106008
target_page_id id: 9 tid 106008
0 1 tid 106008
168 8 tid 106008
360 6 tid 106008
650 9 tid 106008
158 tid 106008
Remove  tid 106008
FindTargetPageId rootid 7 tid 106008
target_page_id id: 9 tid 106008
0 1 tid 106008
168 8 tid 106008
360 6 tid 106008
650 9 tid 106008
157 tid 106008
Remove  tid 106008
FindTargetPageId rootid 7 tid 106008
target_page_id id: 9 tid 106008
0 1 tid 106008
168 8 tid 106008
360 6 tid 106008
650 9 tid 106008
156 tid 106008
Remove  tid 106008
FindTargetPageId rootid 7 tid 106008
target_page_id id: 9 tid 106008
0 1 tid 106008
168 8 tid 106008
360 6 tid 106008
650 9 tid 106008
155 tid 106008
Remove  tid 106008
FindTargetPageId rootid 7 tid 106008
target_page_id id: 9 tid 106008
0 1 tid 106008
168 8 tid 106008
360 6 tid 106008
650 9 tid 106008
154 tid 106008
Remove  tid 106008
FindTargetPageId rootid 7 tid 106008
target_page_id id: 9 tid 106008
0 1 tid 106008
168 8 tid 106008
360 6 tid 106008
650 9 tid 106008
153 tid 106008
Remove  tid 106008
FindTargetPageId rootid 7 tid 106008
target_page_id id: 9 tid 106008
0 1 tid 106008
168 8 tid 106008
360 6 tid 106008
650 9 tid 106008
152 tid 106008
Remove  tid 106008
FindTargetPageId rootid 7 tid 106008
target_page_id id: 9 tid 106008
0 1 tid 106008
168 8 tid 106008
360 6 tid 106008
650 9 tid 106008
151 tid 106008
Remove  tid 106008
FindTargetPageId rootid 7 tid 106008
target_page_id id: 9 tid 106008
0 1 tid 106008
168 8 tid 106008
360 6 tid 106008
650 9 tid 106008
150 tid 106008
Remove  tid 106008
FindTargetPageId rootid 7 tid 106009
target_page_id id: 6 tid 106009
0 1 tid 106009
168 8 tid 106009
360 6 tid 106009
650 9 tid 106009
165 tid 106009
Insert  tid 106009
FindTargetPageId rootid 7 tid 106007
target_page_id id: 9 tid 106007
0 1 tid 106007
168 8 tid 106007
360 6 tid 106007
650 9 tid 106007
149 tid 106007
Insert  tid 106007
FindTargetPageId rootid 7 tid 106008
target_page_id id: 9 tid 106008
0 1 tid 106008
168 8 tid 106008
360 6 tid 106008
650 9 tid 106008
150 tid 106008
Remove  tid 106008
FindTargetPageId rootid 7 tid 106009
target_page_id id: 6 tid 106009
0 1 tid 106009
168 8 tid 106009
360 6 tid 106009
650 9 tid 106009
166 tid 106009
Insert  tid 106009
FindTargetPageId rootid 7 tid 106007
target_page_id id: 9 tid 106007
0 1 tid 106007
168 8 tid 106007
360 6 tid 106007
650 9 tid 106007
149 tid 106007
Insert  tid 106007
FindTargetPageId rootid 7 tid 106008
target_page_id id: 9 tid 106008
0 1 tid 106008
168 8 tid 106008
360 6 tid 106008
650 9 tid 106008
150 tid 106008
Remove  tid 106008
FindTargetPageId rootid 7 tid 106009
target_page_id id: 6 tid 106009
0 1 tid 106009
168 8 tid 106009
360 6 tid 106009
650 9 tid 106009
167 tid 106009
Insert  tid 106009
FindTargetPageId rootid 7 tid 106007
target_page_id id: 9 tid 106007
0 1 tid 106007
168 8 tid 106007
360 6 tid 106007
650 9 tid 106007
149 tid 106007
Insert  tid 106007
FindTargetPageId rootid 7 tid 106008
target_page_id id: 9 tid 106008
0 1 tid 106008
168 8 tid 106008
360 6 tid 106008
650 9 tid 106008
150 tid 106008
Remove  tid 106008
FindTargetPageId rootid 7 tid 106009
target_page_id id: 6 tid 106009
0 1 tid 106009
168 8 tid 106009
360 6 tid 106009
650 9 tid 106009
168 tid 106009
Insert  tid 106009
FindTargetPageId rootid 7 tid 106007
target_page_id id: 9 tid 106007
0 1 tid 106007
168 8 tid 106007
360 6 tid 106007
650 9 tid 106007
149 tid 106007
Insert  tid 106007
FindTargetPageId rootid 7 tid 106008
target_page_id id: 9 tid 106008
0 1 tid 106008
168 8 tid 106008
360 6 tid 106008
650 9 tid 106008
150 tid 106008
Remove  tid 106008
FindTargetPageId rootid 7 tid 106009
target_page_id id: 6 tid 106009
0 1 tid 106009
168 8 tid 106009
360 6 tid 106009
650 9 tid 106009
169 tid 106009
Insert  tid 106009
FindTargetPageId rootid 7 tid 106007
target_page_id id: 9 tid 106007
0 1 tid 106007
168 8 tid 106007
360 6 tid 106007
650 9 tid 106007
149 tid 106007
Insert  tid 106007
FindTargetPageId rootid 7 tid 106008
target_page_id id: 9 tid 106008
0 1 tid 106008
168 8 tid 106008
360 6 tid 106008
650 9 tid 106008
150 tid 106008
Remove  tid 106008
FindTargetPageId rootid 7 tid 106009
target_page_id id: 6 tid 106009
0 1 tid 106009
168 8 tid 106009
360 6 tid 106009
650 9 tid 106009
170 tid 106009
Insert  tid 106009
FindTargetPageId rootid 7 tid 106007
target_page_id id: 9 tid 106007
0 1 tid 106007
168 8 tid 106007
360 6 tid 106007
650 9 tid 106007
149 tid 106007
Insert  tid 106007
FindTargetPageId rootid 7 tid 106008
target_page_id id: 9 tid 106008
0 1 tid 106008
168 8 tid 106008
360 6 tid 106008
650 9 tid 106008
150 tid 106008
Remove  tid 106008
FindTargetPageId rootid 7 tid 106009
target_page_id id: 6 tid 106009
0 1 tid 106009
168 8 tid 106009
360 6 tid 106009
650 9 tid 106009
171 tid 106009
Insert  tid 106009
FindTargetPageId rootid 7 tid 106007
target_page_id id: 9 tid 106007
0 1 tid 106007
168 8 tid 106007
360 6 tid 106007
650 9 tid 106007
149 tid 106007
Insert  tid 106007
FindTargetPageId rootid 7 tid 106008
target_page_id id: 9 tid 106008
0 1 tid 106008
168 8 tid 106008
360 6 tid 106008
650 9 tid 106008
150 tid 106008
Remove  tid 106008
FindTargetPageId rootid 7 tid 106009
target_page_id id: 6 tid 106009
0 1 tid 106009
168 8 tid 106009
360 6 tid 106009
650 9 tid 106009
172 tid 106009
Insert  tid 106009
FindTargetPageId rootid 7 tid 106007
target_page_id id: 9 tid 106007
0 1 tid 106007
168 8 tid 106007
360 6 tid 106007
650 9 tid 106007
149 tid 106007
Insert  tid 106007
FindTargetPageId rootid 7 tid 106008
target_page_id id: 9 tid 106008
0 1 tid 106008
168 8 tid 106008
360 6 tid 106008
650 9 tid 106008
150 tid 106008
Remove  tid 106008
FindTargetPageId rootid 7 tid 106009
target_page_id id: 6 tid 106009
0 1 tid 106009
168 8 tid 106009
360 6 tid 106009
650 9 tid 106009
173 tid 106009
Insert  tid 106009
FindTargetPageId rootid 7 tid 106009
target_page_id id: 6 tid 106009
0 1 tid 106009
168 8 tid 106009
360 6 tid 106009
650 9 tid 106009
174 tid 106009
Insert  tid 106009
FindTargetPageId rootid 7 tid 106009
target_page_id id: 6 tid 106009
0 1 tid 106009
168 8 tid 106009
360 6 tid 106009
650 9 tid 106009
175 tid 106009
Insert  tid 106009
FindTargetPageId rootid 7 tid 106009
target_page_id id: 6 tid 106009
0 1 tid 106009
168 8 tid 106009
360 6 tid 106009
650 9 tid 106009
176 tid 106009
Insert  tid 106009
FindTargetPageId rootid 7 tid 106009
target_page_id id: 6 tid 106009
0 1 tid 106009
168 8 tid 106009
360 6 tid 106009
650 9 tid 106009
177 tid 106009
Insert  tid 106009
FindTargetPageId rootid 7 tid 106009
target_page_id id: 6 tid 106009
0 1 tid 106009
168 8 tid 106009
360 6 tid 106009
650 9 tid 106009
178 tid 106009
Insert  tid 106009
FindTargetPageId rootid 7 tid 106009
target_page_id id: 6 tid 106009
0 1 tid 106009
168 8 tid 106009
360 6 tid 106009
650 9 tid 106009
179 tid 106009
Insert  tid 106009
FindTargetPageId rootid 7 tid 106009
target_page_id id: 6 tid 106009
0 1 tid 106009
168 8 tid 106009
360 6 tid 106009
650 9 tid 106009
180 tid 106009
Insert  tid 106009
FindTargetPageId rootid 7 tid 106009
target_page_id id: 6 tid 106009
0 1 tid 106009
168 8 tid 106009
360 6 tid 106009
650 9 tid 106009
181 tid 106009
Insert  tid 106009
FindTargetPageId rootid 7 tid 106009
target_page_id id: 6 tid 106009
0 1 tid 106009
168 8 tid 106009
360 6 tid 106009
650 9 tid 106009
182 tid 106009
Insert  tid 106009
FindTargetPageId rootid 7 tid 106009
target_page_id id: 6 tid 106009
0 1 tid 106009
168 8 tid 106009
360 6 tid 106009
650 9 tid 106009
183 tid 106009
Insert  tid 106009
FindTargetPageId rootid 7 tid 106009
target_page_id id: 6 tid 106009
0 1 tid 106009
168 8 tid 106009
360 6 tid 106009
650 9 tid 106009
184 tid 106009
Insert  tid 106009
FindTargetPageId rootid 7 tid 106009
target_page_id id: 6 tid 106009
0 1 tid 106009
168 8 tid 106009
360 6 tid 106009
650 9 tid 106009
185 tid 106009
Insert  tid 106009
FindTargetPageId rootid 7 tid 106008
target_page_id id: 9 tid 106008
0 1 tid 106008
168 8 tid 106008
360 6 tid 106008
650 9 tid 106008
149 tid 106008
Remove  tid 106008
FindTargetPageId rootid 7 tid 106007
target_page_id id: 9 tid 106007
0 1 tid 106007
168 8 tid 106007
360 6 tid 106007
650 9 tid 106007
148 tid 106007
Insert  tid 106007
FindTargetPageId rootid 7 tid 106009
target_page_id id: 6 tid 106009
0 1 tid 106009
168 8 tid 106009
360 6 tid 106009
650 9 tid 106009
186 tid 106009
Insert  tid 106009
FindTargetPageId rootid 7 tid 106008
target_page_id id: 9 tid 106008
0 1 tid 106008
168 8 tid 106008
360 6 tid 106008
650 9 tid 106008
149 tid 106008
Remove  tid 106008
FindTargetPageId rootid 7 tid 106007
target_page_id id: 9 tid 106007
0 1 tid 106007
168 8 tid 106007
360 6 tid 106007
650 9 tid 106007
148 tid 106007
Insert  tid 106007
FindTargetPageId rootid 7 tid 106009
target_page_id id: 6 tid 106009
0 1 tid 106009
168 8 tid 106009
360 6 tid 106009
650 9 tid 106009
187 tid 106009
Insert  tid 106009
FindTargetPageId rootid 7 tid 106008
target_page_id id: 9 tid 106008
0 1 tid 106008
168 8 tid 106008
360 6 tid 106008
650 9 tid 106008
149 tid 106008
Remove  tid 106008
FindTargetPageId rootid 7 tid 106007
target_page_id id: 9 tid 106007
0 1 tid 106007
168 8 tid 106007
360 6 tid 106007
650 9 tid 106007
148 tid 106007
Insert  tid 106007
FindTargetPageId rootid 7 tid 106009
target_page_id id: 6 tid 106009
0 1 tid 106009
168 8 tid 106009
360 6 tid 106009
650 9 tid 106009
188 tid 106009
Insert  tid 106009
FindTargetPageId rootid 7 tid 106008
target_page_id id: 9 tid 106008
0 1 tid 106008
168 8 tid 106008
360 6 tid 106008
650 9 tid 106008
149 tid 106008
Remove  tid 106008
FindTargetPageId rootid 7 tid 106007
target_page_id id: 9 tid 106007
0 1 tid 106007
168 8 tid 106007
360 6 tid 106007
650 9 tid 106007
148 tid 106007
Insert  tid 106007
FindTargetPageId rootid 7 tid 106009
target_page_id id: 6 tid 106009
0 1 tid 106009
168 8 tid 106009
360 6 tid 106009
650 9 tid 106009
189 tid 106009
Insert  tid 106009
FindTargetPageId rootid 7 tid 106008
target_page_id id: 9 tid 106008
0 1 tid 106008
168 8 tid 106008
360 6 tid 106008
650 9 tid 106008
149 tid 106008
Remove  tid 106008
FindTargetPageId rootid 7 tid 106007
target_page_id id: 9 tid 106007
0 1 tid 106007
168 8 tid 106007
360 6 tid 106007
650 9 tid 106007
148 tid 106007
Insert  tid 106007
FindTargetPageId rootid 7 tid 106009
target_page_id id: 6 tid 106009
0 1 tid 106009
168 8 tid 106009
360 6 tid 106009
650 9 tid 106009
190 tid 106009
Insert  tid 106009
FindTargetPageId rootid 7 tid 106008
target_page_id id: 9 tid 106008
0 1 tid 106008
168 8 tid 106008
360 6 tid 106008
650 9 tid 106008
149 tid 106008
Remove  tid 106008
FindTargetPageId rootid 7 tid 106008
target_page_id id: 9 tid 106008
0 1 tid 106008
168 8 tid 106008
360 6 tid 106008
650 9 tid 106008
148 tid 106008
Remove  tid 106008
FindTargetPageId rootid 7 tid 106009
target_page_id id: 6 tid 106009
0 1 tid 106009
168 8 tid 106009
360 6 tid 106009
650 9 tid 106009
191 tid 106009
Insert  tid 106009
FindTargetPageId rootid 7 tid 106009
target_page_id id: 6 tid 106009
0 1 tid 106009
168 8 tid 106009
360 6 tid 106009
650 9 tid 106009
192 tid 106009
Insert  tid 106009
FindTargetPageId rootid 7 tid 106008
target_page_id id: 9 tid 106008
0 1 tid 106008
168 8 tid 106008
360 6 tid 106008
650 9 tid 106008
147 tid 106008
Remove  tid 106008
FindTargetPageId rootid 7 tid 106007
target_page_id id: 9 tid 106007
0 1 tid 106007
168 8 tid 106007
360 6 tid 106007
650 9 tid 106007
146 tid 106007
Insert  tid 106007
FindTargetPageId rootid 7 tid 106009
target_page_id id: 6 tid 106009
0 1 tid 106009
168 8 tid 106009
360 6 tid 106009
650 9 tid 106009
193 tid 106009
Insert  tid 106009
FindTargetPageId rootid 7 tid 106008
target_page_id id: 9 tid 106008
0 1 tid 106008
168 8 tid 106008
360 6 tid 106008
650 9 tid 106008
147 tid 106008
Remove  tid 106008
FindTargetPageId rootid 7 tid 106007
target_page_id id: 9 tid 106007
0 1 tid 106007
168 8 tid 106007
360 6 tid 106007
650 9 tid 106007
146 tid 106007
Insert  tid 106007
FindTargetPageId rootid 7 tid 106009
target_page_id id: 6 tid 106009
0 1 tid 106009
168 8 tid 106009
360 6 tid 106009
650 9 tid 106009
194 tid 106009
Insert  tid 106009
FindTargetPageId rootid 7 tid 106008
target_page_id id: 9 tid 106008
0 1 tid 106008
168 8 tid 106008
360 6 tid 106008
650 9 tid 106008
147 tid 106008
Remove  tid 106008
FindTargetPageId rootid 7 tid 106007
target_page_id id: 9 tid 106007
0 1 tid 106007
168 8 tid 106007
360 6 tid 106007
650 9 tid 106007
146 tid 106007
Insert  tid 106007
FindTargetPageId rootid 7 tid 106009
target_page_id id: 6 tid 106009
0 1 tid 106009
168 8 tid 106009
360 6 tid 106009
650 9 tid 106009
195 tid 106009
Insert  tid 106009
FindTargetPageId rootid 7 tid 106008
target_page_id id: 9 tid 106008
0 1 tid 106008
168 8 tid 106008
360 6 tid 106008
650 9 tid 106008
147 tid 106008
Remove  tid 106008
FindTargetPageId rootid 7 tid 106008
target_page_id id: 9 tid 106008
0 1 tid 106008
168 8 tid 106008
360 6 tid 106008
650 9 tid 106008
146 tid 106008
Remove  tid 106008
FindTargetPageId rootid 7 tid 106009
target_page_id id: 6 tid 106009
0 1 tid 106009
168 8 tid 106009
360 6 tid 106009
650 9 tid 106009
196 tid 106009
Insert  tid 106009
FindTargetPageId rootid 7 tid 106007
target_page_id id: 9 tid 106007
0 1 tid 106007
168 8 tid 106007
360 6 tid 106007
650 9 tid 106007
145 tid 106007
Insert  tid 106007
FindTargetPageId rootid 7 tid 106008
target_page_id id: 9 tid 106008
0 1 tid 106008
168 8 tid 106008
360 6 tid 106008
650 9 tid 106008
146 tid 106008
Remove  tid 106008
FindTargetPageId rootid 7 tid 106009
target_page_id id: 6 tid 106009
0 1 tid 106009
168 8 tid 106009
360 6 tid 106009
650 9 tid 106009
197 tid 106009
Insert  tid 106009
FindTargetPageId rootid 7 tid 106007
target_page_id id: 9 tid 106007
0 1 tid 106007
168 8 tid 106007
360 6 tid 106007
650 9 tid 106007
145 tid 106007
Insert  tid 106007
FindTargetPageId rootid 7 tid 106008
target_page_id id: 9 tid 106008
0 1 tid 106008
168 8 tid 106008
360 6 tid 106008
650 9 tid 106008
146 tid 106008
Remove  tid 106008
FindTargetPageId rootid 7 tid 106009
target_page_id id: 6 tid 106009
0 1 tid 106009
168 8 tid 106009
360 6 tid 106009
650 9 tid 106009
198 tid 106009
Insert  tid 106009
FindTargetPageId rootid 7 tid 106007
target_page_id id: 9 tid 106007
0 1 tid 106007
168 8 tid 106007
360 6 tid 106007
650 9 tid 106007
145 tid 106007
Insert  tid 106007
FindTargetPageId rootid 7 tid 106008
target_page_id id: 9 tid 106008
0 1 tid 106008
168 8 tid 106008
360 6 tid 106008
650 9 tid 106008
146 tid 106008
Remove  tid 106008
FindTargetPageId rootid 7 tid 106009
target_page_id id: 6 tid 106009
0 1 tid 106009
168 8 tid 106009
360 6 tid 106009
650 9 tid 106009
199 tid 106009
Insert  tid 106009
FindTargetPageId rootid 7 tid 106007
target_page_id id: 9 tid 106007
0 1 tid 106007
168 8 tid 106007
360 6 tid 106007
650 9 tid 106007
145 tid 106007
Insert  tid 106007
FindTargetPageId rootid 7 tid 106008
target_page_id id: 9 tid 106008
0 1 tid 106008
168 8 tid 106008
360 6 tid 106008
650 9 tid 106008
146 tid 106008
Remove  tid 106008
FindTargetPageId rootid 7 tid 106009
target_page_id id: 6 tid 106009
0 1 tid 106009
168 8 tid 106009
360 6 tid 106009
650 9 tid 106009
200 tid 106009
Insert  tid 106009
FindTargetPageId rootid 7 tid 106007
target_page_id id: 9 tid 106007
0 1 tid 106007
168 8 tid 106007
360 6 tid 106007
650 9 tid 106007
145 tid 106007
Insert  tid 106007
FindTargetPageId rootid 7 tid 106008
target_page_id id: 9 tid 106008
0 1 tid 106008
168 8 tid 106008
360 6 tid 106008
650 9 tid 106008
146 tid 106008
Remove  tid 106008
FindTargetPageId rootid 7 tid 106009
target_page_id id: 6 tid 106009
0 1 tid 106009
168 8 tid 106009
360 6 tid 106009
650 9 tid 106009
201 tid 106009
Insert  tid 106009
FindTargetPageId rootid 7 tid 106007
target_page_id id: 9 tid 106007
0 1 tid 106007
168 8 tid 106007
360 6 tid 106007
650 9 tid 106007
145 tid 106007
Insert  tid 106007
FindTargetPageId rootid 7 tid 106008
target_page_id id: 9 tid 106008
0 1 tid 106008
168 8 tid 106008
360 6 tid 106008
650 9 tid 106008
146 tid 106008
Remove  tid 106008
FindTargetPageId rootid 7 tid 106009
target_page_id id: 6 tid 106009
0 1 tid 106009
168 8 tid 106009
360 6 tid 106009
650 9 tid 106009
202 tid 106009
Insert  tid 106009
FindTargetPageId rootid 7 tid 106007
target_page_id id: 9 tid 106007
0 1 tid 106007
168 8 tid 106007
360 6 tid 106007
650 9 tid 106007
145 tid 106007
Insert  tid 106007
FindTargetPageId rootid 7 tid 106008
target_page_id id: 9 tid 106008
0 1 tid 106008
168 8 tid 106008
360 6 tid 106008
650 9 tid 106008
146 tid 106008
Remove  tid 106008
FindTargetPageId rootid 7 tid 106009
target_page_id id: 6 tid 106009
0 1 tid 106009
168 8 tid 106009
360 6 tid 106009
650 9 tid 106009
203 tid 106009
Insert  tid 106009
FindTargetPageId rootid 7 tid 106007
target_page_id id: 9 tid 106007
0 1 tid 106007
168 8 tid 106007
360 6 tid 106007
650 9 tid 106007
145 tid 106007
FindTargetPageId rootid 7 tid 106008
target_page_id id: 9 tid 106008
0 1 tid 106008
168 8 tid 106008
360 6 tid 106008
650 9 tid 106008
146 tid 106008
Remove  tid Insert  tid 106008
106007
FindTargetPageId rootid 7 tid 106009
target_page_id id: 6 tid 106009
0 1 tid 106009
168 8 tid 106009
360 6 tid 106009
650 9 tid 106009
204 tid 106009
Insert  tid 106009
FindTargetPageId rootid 7 tid 106008
target_page_id id: 9 tid 106008
0 1 tid 106008
168 8 tid 106008
360 6 tid 106008
650 9 tid 106008
145 tid 106008
Remove  tid 106008
FindTargetPageId rootid 7 tid 106007
target_page_id id: 9 tid 106007
0 1 tid 106007
168 8 tid 106007
360 6 tid 106007
650 9 tid 106007
144 tid 106007
Insert  tid 106007
FindTargetPageId rootid 7 tid 106009
target_page_id id: 6 tid 106009
0 1 tid 106009
168 8 tid 106009
360 6 tid 106009
650 9 tid 106009
205 tid 106009
Insert  tid 106009
FindTargetPageId rootid 7 tid 106009
target_page_id id: 6 tid 106009
0 1 tid 106009
168 8 tid 106009
360 6 tid 106009
650 9 tid 106009
206 tid 106009
Insert  tid 106009
FindTargetPageId rootid 7 tid 106009
target_page_id id: 6 tid 106009
0 1 tid 106009
168 8 tid 106009
360 6 tid 106009
650 9 tid 106009
207 tid 106009
Insert  tid 106009
FindTargetPageId rootid 7 tid 106009
target_page_id id: 6 tid 106009
0 1 tid 106009
168 8 tid 106009
360 6 tid 106009
650 9 tid 106009
208 tid 106009
Insert  tid 106009
FindTargetPageId rootid 7 tid 106009
target_page_id id: 6 tid 106009
0 1 tid 106009
168 8 tid 106009
360 6 tid 106009
650 9 tid 106009
209 tid 106009
Insert  tid 106009
FindTargetPageId rootid 7 tid 106009
target_page_id id: 6 tid 106009
0 1 tid 106009
168 8 tid 106009
360 6 tid 106009
650 9 tid 106009
210 tid 106009
Insert  tid 106009
FindTargetPageId rootid 7 tid 106009
target_page_id id: 6 tid 106009
0 1 tid 106009
168 8 tid 106009
360 6 tid 106009
650 9 tid 106009
211 tid 106009
Insert  tid 106009
FindTargetPageId rootid 7 tid 106009
target_page_id id: 6 tid 106009
0 1 tid 106009
168 8 tid 106009
360 6 tid 106009
650 9 tid 106009
212 tid 106009
Insert  tid 106009
FindTargetPageId rootid 7 tid 106007
target_page_id id: 9 tid 106007
0 1 tid 106007
168 8 tid 106007
360 6 tid 106007
650 9 tid 106007
145 tid 106007
Insert  tid 106007
FindTargetPageId rootid 7 tid 106007
target_page_id id: 9 tid 106007
0 1 tid 106007
168 8 tid 106007
360 6 tid 106007
650 9 tid 106007
146 tid 106007
Insert  tid 106007
FindTargetPageId rootid 7 tid 106007
target_page_id id: 9 tid 106007
0 1 tid 106007
168 8 tid 106007
360 6 tid 106007
650 9 tid 106007
147 tid 106007
Insert  tid 106007
FindTargetPageId rootid 7 tid 106007
target_page_id id: 9 tid 106007
0 1 tid 106007
168 8 tid 106007
360 6 tid 106007
650 9 tid 106007
148 tid 106007
Insert  tid 106007
FindTargetPageId rootid 7 tid 106007
target_page_id id: 9 tid 106007
0 1 tid 106007
168 8 tid 106007
360 6 tid 106007
650 9 tid 106007
149 tid 106007
Insert  tid 106007
FindTargetPageId rootid 7 tid 106007
target_page_id id: 9 tid 106007
0 1 tid 106007
168 8 tid 106007
360 6 tid 106007
650 9 tid 106007
150 tid 106007
Insert  tid 106007
FindTargetPageId rootid 7 tid 106007
target_page_id id: 9 tid 106007
0 1 tid 106007
168 8 tid 106007
360 6 tid 106007
650 9 tid 106007
151 tid 106007
Insert  tid 106007
FindTargetPageId rootid 7 tid 106007
target_page_id id: 9 tid 106007
0 1 tid 106007
168 8 tid 106007
360 6 tid 106007
650 9 tid 106007
152 tid 106007
Insert  tid 106007
FindTargetPageId rootid 7 tid 106008
target_page_id id: 9 tid 106008
0 1 tid 106008
168 8 tid 106008
360 6 tid 106008
650 9 tid 106008
153 tid 106008
Remove  tid 106008
FindTargetPageId rootid 7 tid 106009
target_page_id id: 6 tid 106009
0 1 tid 106009
168 8 tid 106009
360 6 tid 106009
650 9 tid 106009
213 tid 106009
Insert  tid 106009
FindTargetPageId rootid 7 tid 106007
target_page_id id: 9 tid 106007
0 1 tid 106007
168 8 tid 106007
360 6 tid 106007
650 9 tid 106007
152 tid 106007
Insert  tid 106007
FindTargetPageId rootid 7 tid 106008
target_page_id id: 9 tid 106008
0 1 tid 106008
168 8 tid 106008
360 6 tid 106008
650 9 tid 106008
153 tid 106008
Remove  tid 106008
FindTargetPageId rootid 7 tid 106008
target_page_id id: 9 tid 106008
0 1 tid 106008
168 8 tid 106008
360 6 tid 106008
650 9 tid 106008
152 tid 106008
Remove  tid 106008
FindTargetPageId rootid 7 tid 106007
target_page_id id: 9 tid 106007
0 1 tid 106007
168 8 tid 106007
360 6 tid 106007
650 9 tid 106007
151 tid 106007
Insert  tid 106007
FindTargetPageId rootid 7 tid 106009
target_page_id id: 6 tid 106009
0 1 tid 106009
168 8 tid 106009
360 6 tid 106009
650 9 tid 106009
214 tid 106009
Insert  tid 106009
FindTargetPageId rootid 7 tid 106008
target_page_id id: 9 tid 106008
0 1 tid 106008
168 8 tid 106008
360 6 tid 106008
650 9 tid 106008
152 tid 106008
Remove  tid 106008
FindTargetPageId rootid 7 tid 106007
target_page_id id: 9 tid 106007
0 1 tid 106007
168 8 tid 106007
360 6 tid 106007
650 9 tid 106007
151 tid 106007
Insert  tid 106007
FindTargetPageId rootid 7 tid 106009
target_page_id id: 6 tid 106009
0 1 tid 106009
168 8 tid 106009
360 6 tid 106009
650 9 tid 106009
215 tid 106009
Insert  tid 106009
FindTargetPageId rootid 7 tid 106008
target_page_id id: 9 tid 106008
0 1 tid 106008
168 8 tid 106008
360 6 tid 106008
650 9 tid 106008
152 tid 106008
Remove  tid 106008
FindTargetPageId rootid 7 tid 106008
target_page_id id: 9 tid 106008
0 1 tid 106008
168 8 tid 106008
360 6 tid 106008
650 9 tid 106008
151 tid 106008
Remove  tid 106008
FindTargetPageId rootid 7 tid 106009
target_page_id id: 6 tid 106009
0 1 tid 106009
168 8 tid 106009
360 6 tid 106009
650 9 tid 106009
216 tid 106009
Insert  tid 106009
FindTargetPageId rootid 7 tid 106007
target_page_id id: 9 tid 106007
0 1 tid 106007
168 8 tid 106007
360 6 tid 106007
650 9 tid 106007
150 tid 106007
Insert  tid 106007
FindTargetPageId rootid 7 tid 106007
target_page_id id: 9 tid 106007
0 1 tid 106007
168 8 tid 106007
360 6 tid 106007
650 9 tid 106007
151 tid 106007
Insert  tid 106007
FindTargetPageId rootid 7 tid 106008
target_page_id id: 9 tid 106008
0 1 tid 106008
168 8 tid 106008
360 6 tid 106008
650 9 tid 106008
152 tid 106008
Remove  tid 106008
FindTargetPageId rootid 7 tid 106009
target_page_id id: 6 tid 106009
0 1 tid 106009
168 8 tid 106009
360 6 tid 106009
650 9 tid 106009
217 tid 106009
Insert  tid 106009
FindTargetPageId rootid 7 tid 106007
target_page_id id: 9 tid 106007
0 1 tid 106007
168 8 tid 106007
360 6 tid 106007
650 9 tid 106007
151 tid 106007
Insert  tid 106007
FindTargetPageId rootid 7 tid 106008
target_page_id id: 9 tid 106008
0 1 tid 106008
168 8 tid 106008
360 6 tid 106008
650 9 tid 106008
152 tid 106008
Remove  tid 106008
FindTargetPageId rootid 7 tid 106009
target_page_id id: 6 tid 106009
0 1 tid 106009
168 8 tid 106009
360 6 tid 106009
650 9 tid 106009
218 tid 106009
Insert  tid 106009
FindTargetPageId rootid 7 tid 106007
target_page_id id: 9 tid 106007
0 1 tid 106007
168 8 tid 106007
360 6 tid 106007
650 9 tid 106007
151 tid 106007
Insert  tid 106007
FindTargetPageId rootid 7 tid 106008
target_page_id id: 9 tid 106008
0 1 tid 106008
168 8 tid 106008
360 6 tid 106008
650 9 tid 106008
152 tid 106008
Remove  tid 106008
FindTargetPageId rootid 7 tid 106009
target_page_id id: 6 tid 106009
0 1 tid 106009
168 8 tid 106009
360 6 tid 106009
650 9 tid 106009
219 tid 106009
Insert  tid 106009
FindTargetPageId rootid 7 tid 106007
target_page_id id: 9 tid 106007
0 1 tid 106007
168 8 tid 106007
360 6 tid 106007
650 9 tid 106007
151 tid 106007
Insert  tid 106007
FindTargetPageId rootid 7 tid 106008
target_page_id id: 9 tid 106008
0 1 tid 106008
168 8 tid 106008
360 6 tid 106008
650 9 tid 106008
152 tid 106008
Remove  tid 106008
FindTargetPageId rootid 7 tid 106009
target_page_id id: 6 tid 106009
0 1 tid 106009
168 8 tid 106009
360 6 tid 106009
650 9 tid 106009
220 tid 106009
Insert  tid 106009
FindTargetPageId rootid 7 tid 106007
target_page_id id: 9 tid 106007
0 1 tid 106007
168 8 tid 106007
360 6 tid 106007
650 9 tid 106007
151 tid 106007
Insert  tid 106007
FindTargetPageId rootid 7 tid 106008
target_page_id id: 9 tid 106008
0 1 tid 106008
168 8 tid 106008
360 6 tid 106008
650 9 tid 106008
152 tid 106008
Remove  tid 106008
FindTargetPageId rootid 7 tid 106009
target_page_id id: 6 tid 106009
0 1 tid 106009
168 8 tid 106009
360 6 tid 106009
650 9 tid 106009
221 tid 106009
Insert  tid 106009
FindTargetPageId rootid 7 tid 106007
target_page_id id: 9 tid 106007
0 1 tid 106007
168 8 tid 106007
360 6 tid 106007
650 9 tid 106007
151 tid 106007
Insert  tid 106007
FindTargetPageId rootid 7 tid 106008
target_page_id id: 9 tid 106008
0 1 tid 106008
168 8 tid 106008
360 6 tid 106008
650 9 tid 106008
152 tid 106008
Remove  tid 106008
FindTargetPageId rootid 7 tid 106009
target_page_id id: 6 tid 106009
0 1 tid 106009
168 8 tid 106009
360 6 tid 106009
650 9 tid 106009
222 tid 106009
Insert  tid 106009
FindTargetPageId rootid 7 tid 106007
target_page_id id: 9 tid 106007
0 1 tid 106007
168 8 tid 106007
360 6 tid 106007
650 9 tid 106007
151 tid 106007
Insert  tid 106007
FindTargetPageId rootid 7 tid 106007
target_page_id id: 9 tid 106007
0 1 tid 106007
168 8 tid 106007
360 6 tid 106007
650 9 tid 106007
152 tid 106007
Insert  tid 106007
FindTargetPageId rootid 7 tid 106009
target_page_id id: 6 tid 106009
0 1 tid 106009
168 8 tid 106009
360 6 tid 106009
650 9 tid 106009
223 tid 106009
Insert  tid 106009
FindTargetPageId rootid 7 tid 106008
target_page_id id: 9 tid 106008
0 1 tid 106008
168 8 tid 106008
360 6 tid 106008
650 9 tid 106008
153 tid 106008
Remove  tid 106008
FindTargetPageId rootid 7 tid 106007
target_page_id id: 9 tid 106007
0 1 tid 106007
168 8 tid 106007
360 6 tid 106007
650 9 tid 106007
152 tid 106007
Insert  tid 106007
FindTargetPageId rootid 7 tid 106009
target_page_id id: 6 tid 106009
0 1 tid 106009
168 8 tid 106009
360 6 tid 106009
650 9 tid 106009
224 tid 106009
Insert  tid 106009
FindTargetPageId rootid 7 tid 106008
target_page_id id: 9 tid 106008
0 1 tid 106008
168 8 tid 106008
360 6 tid 106008
650 9 tid 106008
153 tid 106008
Remove  tid 106008
FindTargetPageId rootid 7 tid 106007
target_page_id id: 9 tid 106007
0 1 tid 106007
168 8 tid 106007
360 6 tid 106007
650 9 tid 106007
152 tid 106007
Insert  tid 106007
FindTargetPageId rootid 7 tid 106009
target_page_id id: 6 tid 106009
0 1 tid 106009
168 8 tid 106009
360 6 tid 106009
650 9 tid 106009
225 tid 106009
Insert  tid 106009
FindTargetPageId rootid 7 tid 106008
target_page_id id: 9 tid 106008
0 1 tid 106008
168 8 tid 106008
360 6 tid 106008
650 9 tid 106008
153 tid 106008
Remove  tid 106008
FindTargetPageId rootid 7 tid 106007
target_page_id id: 9 tid 106007
0 1 tid 106007
168 8 tid 106007
360 6 tid 106007
650 9 tid 106007
152 tid 106007
Insert  tid 106007
FindTargetPageId rootid 7 tid 106007
target_page_id id: 9 tid 106007
0 1 tid 106007
168 8 tid 106007
360 6 tid 106007
650 9 tid 106007
153 tid 106007
Insert  tid 106007
FindTargetPageId rootid 7 tid 106007
target_page_id id: 9 tid 106007
0 1 tid 106007
168 8 tid 106007
360 6 tid 106007
650 9 tid 106007
154 tid 106007
Insert  tid 106007
FindTargetPageId rootid 7 tid 106007
target_page_id id: 9 tid 106007
0 1 tid 106007
168 8 tid 106007
360 6 tid 106007
650 9 tid 106007
155 tid 106007
Insert  tid 106007
FindTargetPageId rootid 7 tid 106007
target_page_id id: 9 tid 106007
0 1 tid 106007
168 8 tid 106007
360 6 tid 106007
650 9 tid 106007
156 tid 106007
Insert  tid 106007
FindTargetPageId rootid 7 tid 106007
target_page_id id: 9 tid 106007
0 1 tid 106007
168 8 tid 106007
360 6 tid 106007
650 9 tid 106007
157 tid 106007
Insert  tid 106007
FindTargetPageId rootid 7 tid 106007
target_page_id id: 9 tid 106007
0 1 tid 106007
168 8 tid 106007
360 6 tid 106007
650 9 tid 106007
158 tid 106007
Insert  tid 106007
FindTargetPageId rootid 7 tid 106007
target_page_id id: 9 tid 106007
0 1 tid 106007
168 8 tid 106007
360 6 tid 106007
650 9 tid 106007
159 tid 106007
Insert  tid 106007
FindTargetPageId rootid 7 tid 106007
target_page_id id: 9 tid 106007
0 1 tid 106007
168 8 tid 106007
360 6 tid 106007
650 9 tid 106007
160 tid 106007
Insert  tid 106007
FindTargetPageId rootid 7 tid 106007
target_page_id id: 9 tid 106007
0 1 tid 106007
168 8 tid 106007
360 6 tid 106007
650 9 tid 106007
161 tid 106007
Insert  tid 106007
FindTargetPageId rootid 7 tid 106007
target_page_id id: 9 tid 106007
0 1 tid 106007
168 8 tid 106007
360 6 tid 106007
650 9 tid 106007
162 tid 106007
Insert  tid 106007
FindTargetPageId rootid 7 tid 106007
target_page_id id: 9 tid 106007
0 1 tid 106007
168 8 tid 106007
360 6 tid 106007
650 9 tid 106007
163 tid 106007
Insert  tid 106007
FindTargetPageId rootid 7 tid 106007
target_page_id id: 9 tid 106007
0 1 tid 106007
168 8 tid 106007
360 6 tid 106007
650 9 tid 106007
164 tid 106007
Insert  tid 106007
FindTargetPageId rootid 7 tid 106007
target_page_id id: 9 tid 106007
0 1 tid 106007
168 8 tid 106007
360 6 tid 106007
650 9 tid 106007
165 tid 106007
Insert  tid 106007
FindTargetPageId rootid 7 tid 106007
target_page_id id: 9 tid 106007
0 1 tid 106007
168 8 tid 106007
360 6 tid 106007
650 9 tid 106007
166 tid 106007
Insert  tid 106007
FindTargetPageId rootid 7 tid 106008
target_page_id id: 9 tid 106008
0 1 tid 106008
168 8 tid 106008
360 6 tid 106008
650 9 tid 106008
167 tid 106008
Remove  tid 106008
FindTargetPageId rootid 7 tid 106009
target_page_id id: 6 tid 106009
0 1 tid 106009
168 8 tid 106009
360 6 tid 106009
650 9 tid 106009
226 tid 106009
Insert  tid 106009
FindTargetPageId rootid 7 tid 106009
target_page_id id: 6 tid 106009
0 1 tid 106009
168 8 tid 106009
360 6 tid 106009
650 9 tid 106009
227 tid 106009
FindTargetPageId rootid 7 tid 106007
target_page_id id: 9 tid 106007
0 1 tid 106007
168 8 tid 106007
360 6 tid 106007
650 9 tid 106007
166 tid 106007
Insert  tid 106009
Insert  tid 106007
FindTargetPageId rootid 7 tid 106009
target_page_id id: 6 tid 106009
0 1 tid 106009
168 8 tid 106009
360 6 tid 106009
650 9 tid 106009
228 tid 106009
Insert  tid 106009
FindTargetPageId rootid 7 tid 106008
target_page_id id: 9 tid 106008
0 1 tid 106008
168 8 tid 106008
360 6 tid 106008
650 9 tid 106008
167 tid 106008
Remove  tid 106008
FindTargetPageId rootid 7 tid 106007
target_page_id id: 9 tid 106007
0 1 tid 106007
168 8 tid 106007
360 6 tid 106007
650 9 tid 106007
166 tid 106007
Insert  tid 106007
FindTargetPageId rootid 7 tid 106009
target_page_id id: 6 tid 106009
0 1 tid 106009
168 8 tid 106009
360 6 tid 106009
650 9 tid 106009
229 tid 106009
Insert  tid 106009
FindTargetPageId rootid 7 tid 106008
target_page_id id: 9 tid 106008
0 1 tid 106008
168 8 tid 106008
360 6 tid 106008
650 9 tid 106008
167 tid 106008
Remove  tid 106008
FindTargetPageId rootid 7 tid 106007
target_page_id id: 9 tid 106007
0 1 tid 106007
168 8 tid 106007
360 6 tid 106007
650 9 tid 106007
166 tid 106007
Insert  tid 106007
FindTargetPageId rootid 7 tid 106009
target_page_id id: 6 tid 106009
0 1 tid 106009
168 8 tid 106009
360 6 tid 106009
650 9 tid 106009
230 tid 106009
Insert  tid 106009
FindTargetPageId rootid 7 tid 106008
target_page_id id: 9 tid 106008
0 1 tid 106008
168 8 tid 106008
360 6 tid 106008
650 9 tid 106008
167 tid 106008
Remove  tid 106008
FindTargetPageId rootid 7 tid 106007
target_page_id id: 9 tid 106007
0 1 tid 106007
168 8 tid 106007
360 6 tid 106007
650 9 tid 106007
166 tid 106007
Insert  tid 106007
FindTargetPageId rootid 7 tid 106009
target_page_id id: 6 tid 106009
0 1 tid 106009
168 8 tid 106009
360 6 tid 106009
650 9 tid 106009
231 tid 106009
Insert  tid 106009
FindTargetPageId rootid 7 tid 106008
target_page_id id: 9 tid 106008
0 1 tid 106008
168 8 tid 106008
360 6 tid 106008
650 9 tid 106008
167 tid 106008
Remove  tid 106008
FindTargetPageId rootid 7 tid 106007
target_page_id id: 9 tid 106007
0 1 tid 106007
168 8 tid 106007
360 6 tid 106007
650 9 tid 106007
166 tid 106007
Insert  tid 106007
FindTargetPageId rootid 7 tid 106009
target_page_id id: 6 tid 106009
0 1 tid 106009
168 8 tid 106009
360 6 tid 106009
650 9 tid 106009
232 tid 106009
Insert  tid 106009
FindTargetPageId rootid 7 tid 106008
target_page_id id: 9 tid 106008
0 1 tid 106008
168 8 tid 106008
360 6 tid 106008
650 9 tid 106008
167 tid 106008
Remove  tid 106008
FindTargetPageId rootid 7 tid 106007
target_page_id id: 9 tid 106007
0 1 tid 106007
168 8 tid 106007
360 6 tid 106007
650 9 tid 106007
166 tid 106007
Insert  tid 106007
FindTargetPageId rootid 7 tid 106009
target_page_id id: 6 tid 106009
0 1 tid 106009
168 8 tid 106009
360 6 tid 106009
650 9 tid 106009
233 tid 106009
Insert  tid 106009
FindTargetPageId rootid 7 tid 106009
target_page_id id: 6 tid 106009
0 1 tid 106009
168 8 tid 106009
360 6 tid 106009
650 9 tid 106009
234 tid 106009
Insert  tid 106009
FindTargetPageId rootid 7 tid 106007
target_page_id id: 9 tid 106007
0 1 tid 106007
168 8 tid 106007
360 6 tid 106007
650 9 tid 106007
167 tid 106007
Insert  tid 106007
FindTargetPageId rootid 7 tid 106008
target_page_id id: 9 tid 106008
0 1 tid 106008
168 8 tid 106008
360 6 tid 106008
650 9 tid 106008
168 tid 106008
FindTargetPageId rootid 7 tid 106009
target_page_id id: 6 tid 106009
0 1 tid 106009
168 8 tid 106009
360 6 tid 106009
650 9 tid 106009
235 tid 106009
Insert  tid 106009
FindTargetPageId rootid 7 tid 106009
target_page_id id: 6 tid 106009
0 1 tid 106009
168 8 tid 106009
360 6 tid 106009
650 9 tid 106009
236 tid 106009
Insert  tid 106009
Remove  tid FindTargetPageId rootid 1060087
 tid 106007
target_page_id id: 9 tid 106007
0 1 tid 106007
168 8 tid 106007
360 6 tid 106007
650 9 tid 106007
167 tid 106007
Insert  tid 106007
FindTargetPageId rootid 7 tid 106007
target_page_id id: 9 tid 106007
0 1 tid 106007
168 8 tid 106007
360 6 tid 106007
650 9 tid 106007
168 tid 106007
Insert  tid 106007
FindTargetPageId rootid 7 tid 106008
target_page_id id: 9 tid 106008
0 1 tid 106008
168 8 tid 106008
360 6 tid 106008
650 9 tid 106008
169 tid 106008
Remove  tid 106008
FindTargetPageId rootid 7 tid 106009
target_page_id id: 6 tid 106009
0 1 tid 106009
168 8 tid 106009
360 6 tid 106009
650 9 tid 106009
237 tid 106009
FindTargetPageId rootid 7 tid 106007
target_page_id id: 9 tid 106007
0 1 tid 106007
168 8 tid 106007
360 6 tid 106007
650 9 tid 106007
168 tid 106007
Insert  tid 106007
FindTargetPageId rootid 7 tid 106007
target_page_id id: 9 tid 106007
0 1 tid 106007
168 8 tid 106007
360 6 tid 106007
650 9 tid 106007
Insert 169 tid 106007
 tid 106009
FindTargetPageId rootid 7 tid 106008
target_page_id id: 9 tid 106008
0 1 tid 106008
168 8 tid 106008
360 6 tid 106008
650 9 tid 106008
170 tid 106008
Remove  tid 106008
FindTargetPageId rootid 7 tid 106008
target_page_id id: 9 tid 106008
0 1 tid 106008
168 8 tid 106008
Insert  tid 360106007 
6 tid 106008
650 9 tid 106008
169 tid 106008
Remove  tid 106008
FindTargetPageId rootid 7 tid 106009
target_page_id id: 6 tid 106009
0 1 tid 106009
168 8 tid 106009
360 6 tid 106009
650 9 tid 106009
238 tid 106009
Insert  tid 106009
FindTargetPageId rootid 7 tid 106007
target_page_id id: 9 tid 106007
0 1 tid 106007
168 8 tid 106007
360 6 tid 106007
650 9 tid 106007
168 tid 106007
Insert  tid 106007
FindTargetPageId rootid 7 tid 106007
target_page_id id: 9 tid 106007
0 1 tid 106007
168 8 tid 106007
360 6 tid 106007
650 9 tid 106007
169 tid 106007
FindTargetPageId rootid 7 tid 106008
target_page_id id: 9 tid 106008
0 1 tid 106008
168 8 tid 106008
360 6 tid 106008
650 9 tid 106008
Insert 170 tid 106008
 tid 106007
Remove  tid 106008
FindTargetPageId rootid 7 tid 106007
target_page_id id: 9 tid 106007
0 1 tid 106007
168 8 tid 106007
360 6 tid 106007
650 9 tid 106007
169 tid 106007
Insert  tid 106007
FindTargetPageId rootid 7 tid 106009
target_page_id id: 6 tid 106009
0 1 tid 106009
168 8 tid 106009
360 6 tid 106009
650 9 tid 106009
239 tid 106009
Insert  tid 106009
FindTargetPageId rootid 7 tid 106008
target_page_id id: 9 tid 106008
0 1 tid 106008
168 8 tid 106008
360 6 tid 106008
650 9 tid 106008
170 tid 106008
Remove  tid 106008
FindTargetPageId rootid 7 tid 106007
target_page_id id: 9 tid 106007
0 1 tid 106007
168 8 tid 106007
360 6 tid 106007
650 9 tid 106007
169 tid 106007
Insert  tid 106007
FindTargetPageId rootid 7 tid 106009
target_page_id id: 6 tid 106009
0 1 tid 106009
168 8 tid 106009
360 6 tid 106009
650 9 tid 106009
240 tid 106009
Insert  tid 106009
FindTargetPageId rootid 7 tid 106008
target_page_id id: 9 tid 106008
0 1 tid 106008
168 8 tid 106008
360 6 tid 106008
650 9 tid 106008
170 tid 106008
Remove  tid 106008
FindTargetPageId rootid 7 tid 106007
target_page_id id: 9 tid 106007
0 1 tid 106007
168 8 tid 106007
360 6 tid 106007
650 9 tid 106007
169 tid 106007
Insert  tid 106007
FindTargetPageId rootid 7 tid 106009
target_page_id id: 6 tid 106009
0 1 tid 106009
168 8 tid 106009
360 6 tid 106009
650 9 tid 106009
241 tid 106009
Insert  tid 106009
FindTargetPageId rootid 7 tid 106008
target_page_id id: 9 tid 106008
0 1 tid 106008
168 8 tid 106008
360 6 tid 106008
650 9 tid 106008
170 tid 106008
Remove  tid 106008
FindTargetPageId rootid 7 tid 106007
target_page_id id: 9 tid 106007
0 1 tid 106007
168 8 tid 106007
360 6 tid 106007
650 9 tid 106007
169 tid 106007
Insert  tid 106007
FindTargetPageId rootid 7 tid 106009
target_page_id id: 6 tid 106009
0 1 tid 106009
168 8 tid 106009
360 6 tid 106009
650 9 tid 106009
242 tid 106009
Insert  tid 106009
FindTargetPageId rootid 7 tid 106008
target_page_id id: 9 tid 106008
0 1 tid 106008
168 8 tid 106008
360 6 tid 106008
650 9 tid 106008
170 tid 106008
Remove  tid 106008
FindTargetPageId rootid 7 tid 106007
target_page_id id: 9 tid 106007
0 1 tid 106007
168 8 tid 106007
360 6 tid 106007
650 9 tid 106007
169 tid 106007
Insert  tid 106007
FindTargetPageId rootid 7 tid 106009
target_page_id id: 6 tid 106009
0 1 tid 106009
168 8 tid 106009
360 6 tid 106009
650 9 tid 106009
243 tid 106009
Insert  tid 106009
FindTargetPageId rootid 7 tid 106008
target_page_id id: 9 tid 106008
0 1 tid 106008
168 8 tid 106008
360 6 tid 106008
650 9 tid 106008
170 tid 106008
Remove  tid 106008
FindTargetPageId rootid 7 tid 106007
target_page_id id: 9 tid 106007
0 1 tid 106007
168 8 tid 106007
360 6 tid 106007
650 9 tid 106007
169 tid 106007
FindTargetPageId rootid 7 tid 106009
target_page_id id: 6 tid 106009
0 1 tid 106009
168 8 tid 106009
360 6 tid 106009
650 9 tid 106009
244 tid 106009
Insert  tid 106007
Insert  tid FindTargetPageId rootid 7 tid 106008
target_page_id id: 9 tid 106008
0 1 tid 106008
168 8 tid 106008
360 6 tid 106008
650 9 tid 106008
170 tid 106008
Remove  tid 106008
106009
FindTargetPageId rootid 7 tid 106008
target_page_id id: 9 tid 106008
0 1 tid 106008
168 8 tid 106008
360 6 tid 106008
650 9 tid 106008
169 tid 106008
Remove  tid 106008
FindTargetPageId rootid 7 tid 106009
target_page_id id: 6 tid 106009
0 1 tid 106009
168 8 tid 106009
360 6 tid 106009
650 9 tid 106009
245 tid 106009
Insert  tid 106009
FindTargetPageId rootid 7 tid 106007
target_page_id id: 9 tid 106007
0 1 tid 106007
168 8 tid 106007
360 6 tid 106007
650 9 tid 106007
168 tid 106007
Insert  tid 106007
FindTargetPageId rootid 7 tid 106008
target_page_id id: 9 tid 106008
0 1 tid 106008
168 8 tid 106008
360 6 tid 106008
650 9 tid 106008
169 tid 106008
Remove  tid 106008
FindTargetPageId rootid 7 tid 106008
target_page_id id: 9 tid 106008
0 1 tid 106008
168 8 tid 106008
360 6 tid 106008
650 9 tid 106008
168 tid 106008
Remove  tid 106008
FindTargetPageId rootid 7 tid 106008
target_page_id id: 9 tid 106008
0 1 tid 106008
168 8 tid 106008
360 6 tid 106008
650 9 tid 106008
167 tid 106008
Remove  tid 106008
FindTargetPageId rootid 7 tid 106008
target_page_id id: 9 tid 106008
0 1 tid 106008
168 8 tid 106008
360 6 tid 106008
650 9 tid 106008
166 tid 106008
Remove  tid 106008
FindTargetPageId rootid 7 tid 106008
target_page_id id: 9 tid 106008
0 1 tid 106008
168 8 tid 106008
360 6 tid 106008
650 9 tid 106008
165 tid 106008
Remove  tid 106008
FindTargetPageId rootid 7 tid 106008
target_page_id id: 9 tid 106008
0 1 tid 106008
168 8 tid 106008
360 6 tid 106008
650 9 tid 106008
164 tid 106008
Remove  tid 106008
FindTargetPageId rootid 7 tid 106008
target_page_id id: 9 tid 106008
0 1 tid 106008
168 8 tid 106008
360 6 tid 106008
650 9 tid 106008
163 tid 106008
Remove  tid 106008
FindTargetPageId rootid 7 tid 106008
target_page_id id: 9 tid 106008
0 1 tid 106008
168 8 tid 106008
360 6 tid 106008
650 9 tid 106008
162 tid 106008
Remove  tid 106008
FindTargetPageId rootid 7 tid 106008
target_page_id id: 9 tid 106008
0 1 tid 106008
168 8 tid 106008
360 6 tid 106008
650 9 tid 106008
161 tid 106008
Remove  tid 106008
FindTargetPageId rootid 7 tid 106008
target_page_id id: 9 tid 106008
0 1 tid 106008
168 8 tid 106008
360 6 tid 106008
650 9 tid 106008
160 tid 106008
Remove  tid 106008
FindTargetPageId rootid 7 tid 106008
target_page_id id: 9 tid 106008
0 1 tid 106008
168 8 tid 106008
360 6 tid 106008
650 9 tid 106008
159 tid 106008
Remove  tid 106008
FindTargetPageId rootid 7 tid 106009
target_page_id id: 6 tid 106009
0 1 tid 106009
168 8 tid 106009
360 6 tid 106009
650 9 tid 106009
246 tid 106009
Insert  tid 106009
FindTargetPageId rootid 7 tid 106009
target_page_id id: 6 tid 106009
0 1 tid 106009
168 8 tid 106009
360 6 tid 106009
650 9 tid 106009
247 tid 106009
Insert  tid 106009
FindTargetPageId rootid 7 tid 106008
target_page_id id: 9 tid 106008
0 1 tid 106008
168 8 tid 106008
360 6 tid 106008
650 9 tid 106008
158 tid 106008
Remove  tid 106008
FindTargetPageId rootid 7 tid 106007
target_page_id id: 9 tid 106007
0 1 tid 106007
168 8 tid 106007
360 6 tid 106007
650 9 tid 106007
157 tid 106007
Insert  tid 106007
FindTargetPageId rootid 7 tid 106009
target_page_id id: 6 tid 106009
0 1 tid 106009
168 8 tid 106009
360 6 tid 106009
650 9 tid 106009
248 tid 106009
Insert  tid 106009
FindTargetPageId rootid 7 tid 106008
target_page_id id: 9 tid 106008
0 1 tid 106008
168 8 tid 106008
360 6 tid 106008
650 9 tid 106008
158 tid 106008
Remove  tid 106008
FindTargetPageId rootid 7 tid 106007
target_page_id id: 9 tid 106007
0 1 tid 106007
168 8 tid 106007
360 6 tid 106007
650 9 tid 106007
157 tid 106007
Insert  tid 106007
FindTargetPageId rootid 7 tid 106009
target_page_id id: 6 tid 106009
0 1 tid 106009
168 8 tid 106009
360 6 tid 106009
650 9 tid 106009
249 tid 106009
Insert  tid 106009
FindTargetPageId rootid 7 tid 106009
target_page_id id: 6 tid 106009
0 1 tid 106009
168 8 tid 106009
360 6 tid 106009
650 9 tid 106009
250 tid 106009
Insert  tid 106009
FindTargetPageId rootid 7 tid 106007
target_page_id id: 9 tid 106007
0 1 tid 106007
168 8 tid 106007
360 6 tid 106007
650 9 tid 106007
158 tid 106007
Insert  tid 106007
FindTargetPageId rootid 7 tid 106007
target_page_id id: 9 tid 106007
0 1 tid 106007
168 8 tid 106007
360 6 tid 106007
650 9 tid 106007
159 tid 106007
Insert  tid 106007
FindTargetPageId rootid 7 tid 106008
target_page_id id: 9 tid 106008
0 1 tid 106008
168 8 tid 106008
360 6 tid 106008
650 9 tid 106008
160 tid 106008
Remove  tid 106008
FindTargetPageId rootid 7 tid 106009
target_page_id id: 6 tid 106009
0 1 tid 106009
168 8 tid 106009
360 6 tid 106009
650 9 tid 106009
251 tid 106009
Insert  tid 106009
FindTargetPageId rootid 7 tid 106009
target_page_id id: 6 tid 106009
0 1 tid 106009
168 8 tid 106009
360 6 tid 106009
650 9 tid 106009
252 tid 106009
Insert  tid 106009
FindTargetPageId rootid 7 tid 106009
target_page_id id: 6 tid 106009
0 1 tid 106009
168 8 tid 106009
360 6 tid 106009
650 9 tid 106009
253 tid 106009
Insert  tid 106009
FindTargetPageId rootid 7 tid 106009
target_page_id id: 6 tid 106009
0 1 tid 106009
168 8 tid 106009
360 6 tid 106009
650 9 tid 106009
254 tid 106009
Insert  tid 106009
FindTargetPageId rootid 7 tid 106008
target_page_id id: 9 tid 106008
0 1 tid 106008
168 8 tid 106008
360 6 tid 106008
487 10 tid 106008
650 9 tid 106008
159 tid 106008
FindTargetPageId rootid Remove  tid 7 tid 106008
106007
target_page_id id: 9 tid 106007
0 1 tid 106007
168 8 tid 106007
360 6 tid 106007
487 10 tid 106007
650 9 tid 106007
158 tid 106007
Insert  tid 106007
FindTargetPageId rootid 7 tid 106009
target_page_id id: 10 tid 106009
0 1 tid 106009
168 8 tid 106009
360 6 tid 106009
487 10 tid 106009
650 9 tid 106009
128 tid 106009
Insert  tid 106009
FindTargetPageId rootid 7 tid 106008
target_page_id id: 9 tid 106008
0 1 tid 106008
168 8 tid 106008
360 6 tid 106008
487 10 tid 106008
650 9 tid 106008
159 tid 106008
Remove  tid 106008
FindTargetPageId rootid 7 tid 106007
target_page_id id: 9 tid 106007
0 1 tid 106007
168 8 tid 106007
360 6 tid 106007
487 10 tid 106007
650 9 tid 106007
158 tid 106007
Insert  tid 106007
FindTargetPageId rootid 7 tid 106009
target_page_id id: 10 tid 106009
0 1 tid 106009
168 8 tid 106009
360 6 tid 106009
487 10 tid 106009
650 9 tid 106009
129 tid 106009
Insert  tid 106009
FindTargetPageId rootid 7 tid 106008
target_page_id id: 9 tid 106008
0 1 tid 106008
168 8 tid 106008
360 6 tid 106008
487 10 tid 106008
650 9 tid 106008
159 tid 106008
Remove  tid 106008
FindTargetPageId rootid 7 tid 106007
target_page_id id: 9 tid 106007
0 1 tid 106007
168 8 tid 106007
360 6 tid 106007
487 10 tid 106007
650 9 tid 106007
158 tid 106007
Insert  tid 106007
FindTargetPageId rootid 7 tid 106009
target_page_id id: 10 tid 106009
0 1 tid 106009
168 8 tid 106009
360 6 tid 106009
487 10 tid 106009
650 9 tid 106009
130 tid 106009
Insert  tid 106009
FindTargetPageId rootid 7 tid 106008
target_page_id id: 9 tid 106008
0 1 tid 106008
168 8 tid 106008
360 6 tid 106008
487 10 tid 106008
650 9 tid 106008
159 tid 106008
Remove  tid 106008
FindTargetPageId rootid 7 tid 106007
target_page_id id: 9 tid 106007
0 1 tid 106007
168 8 tid 106007
360 6 tid 106007
487 10 tid 106007
650 9 tid 106007
158 tid 106007
Insert  tid 106007
FindTargetPageId rootid 7 tid 106009
target_page_id id: 10 tid 106009
0 1 tid 106009
168 8 tid 106009
360 6 tid 106009
487 10 tid 106009
650 9 tid 106009
131 tid 106009
Insert  tid 106009
FindTargetPageId rootid 7 tid 106008
target_page_id id: 9 tid 106008
0 1 tid 106008
168 8 tid 106008
360 6 tid 106008
487 10 tid 106008
650 9 tid 106008
159 tid 106008
Remove  tid 106008
FindTargetPageId rootid 7 tid 106007
target_page_id id: 9 tid 106007
0 1 tid 106007
168 8 tid 106007
360 6 tid 106007
487 10 tid 106007
650 9 tid 106007
158 tid 106007
Insert  tid 106007
FindTargetPageId rootid 7 tid 106009
target_page_id id: 10 tid 106009
0 1 tid 106009
168 8 tid 106009
360 6 tid 106009
487 10 tid 106009
650 9 tid 106009
132 tid 106009
Insert  tid 106009
FindTargetPageId rootid 7 tid 106008
target_page_id id: 9 tid 106008
0 1 tid 106008
168 8 tid 106008
360 6 tid 106008
487 10 tid 106008
650 9 tid 106008
159 tid 106008
Remove  tid 106008
FindTargetPageId rootid 7 tid 106007
target_page_id id: 9 tid 106007
0 1 tid 106007
168 8 tid 106007
360 6 tid 106007
487 10 tid 106007
650 9 tid 106007
158 tid 106007
Insert  tid 106007
FindTargetPageId rootid 7 tid 106009
target_page_id id: 10 tid 106009
0 1 tid 106009
168 8 tid 106009
360 6 tid 106009
487 10 tid 106009
650 9 tid 106009
133 tid 106009
Insert  tid 106009
FindTargetPageId rootid 7 tid 106008
target_page_id id: 9 tid 106008
0 1 tid 106008
168 8 tid 106008
360 6 tid 106008
487 10 tid 106008
650 9 tid 106008
159 tid 106008
Remove  tid 106008
FindTargetPageId rootid 7 tid 106007
target_page_id id: 9 tid 106007
0 1 tid 106007
168 8 tid 106007
360 6 tid 106007
487 10 tid 106007
650 9 tid 106007
158 tid 106007
Insert  tid 106007
FindTargetPageId rootid 7 tid 106009
target_page_id id: 10 tid 106009
0 1 tid 106009
168 8 tid 106009
360 6 tid 106009
487 10 tid 106009
650 9 tid 106009
134 tid 106009
Insert  tid 106009
FindTargetPageId rootid 7 tid 106008
target_page_id id: 9 tid 106008
0 1 tid 106008
168 8 tid 106008
360 6 tid 106008
487 10 tid 106008
650 9 tid 106008
159 tid 106008
Remove  tid 106008
FindTargetPageId rootid 7 tid 106007
target_page_id id: 9 tid 106007
0 1 tid 106007
168 8 tid 106007
360 6 tid 106007
487 10 tid 106007
650 9 tid 106007
158 tid 106007
Insert  tid 106007
FindTargetPageId rootid 7 tid 106009
target_page_id id: 10 tid 106009
0 1 tid 106009
168 8 tid 106009
360 6 tid 106009
487 10 tid 106009
650 9 tid 106009
135 tid 106009
Insert  tid 106009
FindTargetPageId rootid 7 tid 106008
target_page_id id: 9 tid 106008
0 1 tid 106008
168 8 tid 106008
360 6 tid 106008
487 10 tid 106008
650 9 tid 106008
159 tid 106008
Remove  tid 106008
FindTargetPageId rootid 7 tid 106007
target_page_id id: 9 tid 106007
0 1 tid 106007
168 8 tid 106007
360 6 tid 106007
487 10 tid 106007
650 9 tid 106007
158 tid 106007
Insert  tid 106007
FindTargetPageId rootid 7 tid 106009
target_page_id id: 10 tid 106009
0 1 tid 106009
168 8 tid 106009
360 6 tid 106009
487 10 tid 106009
650 9 tid 106009
136 tid 106009
Insert  tid 106009
FindTargetPageId rootid 7 tid 106008
target_page_id id: 9 tid 106008
0 1 tid 106008
168 8 tid 106008
360 6 tid 106008
487 10 tid 106008
650 9 tid 106008
159 tid 106008
Remove  tid 106008
FindTargetPageId rootid 7 tid 106007
target_page_id id: 9 tid 106007
0 1 tid 106007
168 8 tid 106007
360 6 tid 106007
487 10 tid 106007
650 9 tid 106007
158 tid 106007
Insert  tid 106007
FindTargetPageId rootid 7 tid 106009
target_page_id id: 10 tid 106009
0 1 tid 106009
168 8 tid 106009
360 6 tid 106009
487 10 tid 106009
650 9 tid 106009
137 tid 106009
Insert  tid 106009
FindTargetPageId rootid 7 tid 106008
target_page_id id: 9 tid 106008
0 1 tid 106008
168 8 tid 106008
360 6 tid 106008
487 10 tid 106008
650 9 tid 106008
159 tid 106008
Remove  tid 106008
FindTargetPageId rootid 7 tid 106007
target_page_id id: 9 tid 106007
0 1 tid 106007
168 8 tid 106007
360 6 tid 106007
487 10 tid 106007
650 9 tid 106007
158 tid 106007
FindTargetPageId rootid 7 tid 106009
target_page_id id: 10 tid 106009
0 1 tid 106009
168 8 tid 106009
360 6 tid 106009
487 10 tid 106009
650 9 tid 106009
Insert 138 tid 106009
 tid 106007
FindTargetPageId rootid 7 tid 106008
Insert  tid 106009
target_page_id id: 9 tid 106008
0 1 tid 106008
168 8 tid 106008
360 6 tid 106008
487 10 tid 106008
650 9 tid 106008
159 tid 106008
Remove  tid 106008
FindTargetPageId rootid 7 tid 106007
target_page_id id: 9 tid 106007
0 1 tid 106007
168 8 tid 106007
360 6 tid 106007
487 10 tid 106007
650 9 tid 106007
158 tid 106007
Insert  tid 106007
FindTargetPageId rootid 7 tid 106009
target_page_id id: 10 tid 106009
0 1 tid 106009
168 8 tid 106009
360 6 tid 106009
487 10 tid 106009
650 9 tid 106009
139 tid 106009
Insert  tid 106009
FindTargetPageId rootid 7 tid 106009
target_page_id id: 10 tid 106009
0 1 tid 106009
168 8 tid 106009
360 6 tid 106009
487 10 tid 106009
650 9 tid 106009
140 tid 106009
Insert  tid 106009
FindTargetPageId rootid 7 tid 106009
target_page_id id: 10 tid 106009
0 1 tid 106009
168 8 tid 106009
360 6 tid 106009
487 10 tid 106009
650 9 tid 106009
141 tid 106009
Insert  tid 106009
FindTargetPageId rootid 7 tid 106009
target_page_id id: 10 tid 106009
0 1 tid 106009
168 8 tid 106009
360 6 tid 106009
487 10 tid 106009
650 9 tid 106009
142 tid 106009
Insert  tid 106009
FindTargetPageId rootid 7 tid 106009
target_page_id id: 10 tid 106009
0 1 tid 106009
168 8 tid 106009
360 6 tid 106009
487 10 tid 106009
650 9 tid 106009
143 tid 106009
Insert  tid 106009
FindTargetPageId rootid 7 tid 106009
target_page_id id: 10 tid 106009
0 1 tid 106009
168 8 tid 106009
360 6 tid 106009
487 10 tid 106009
650 9 tid 106009
144 tid 106009
Insert  tid 106009
FindTargetPageId rootid 7 tid 106009
target_page_id id: 10 tid 106009
0 1 tid 106009
168 8 tid 106009
360 6 tid 106009
487 10 tid 106009
650 9 tid 106009
145 tid 106009
Insert  tid 106009
FindTargetPageId rootid 7 tid 106009
target_page_id id: 10 tid 106009
0 1 tid 106009
168 8 tid 106009
360 6 tid 106009
487 10 tid 106009
650 9 tid 106009
146 tid 106009
Insert  tid 106009
FindTargetPageId rootid 7 tid 106009
target_page_id id: 10 tid 106009
0 1 tid 106009
168 8 tid 106009
360 6 tid 106009
487 10 tid 106009
650 9 tid 106009
147 tid 106009
Insert  tid 106009
FindTargetPageId rootid 7 tid 106007
target_page_id id: 9 tid 106007
0 1 tid 106007
168 8 tid 106007
360 6 tid 106007
487 10 tid 106007
650 9 tid 106007
159 tid 106007
Insert  tid 106007
FindTargetPageId rootid 7 tid 106008
target_page_id id: 9 tid 106008
0 1 tid 106008
168 8 tid 106008
360 6 tid 106008
487 10 tid 106008
650 9 tid 106008
160 tid 106008
Remove  tid 106008
FindTargetPageId rootid 7 tid 106009
target_page_id id: 10 tid 106009
0 1 tid 106009
168 8 tid 106009
360 6 tid 106009
487 10 tid 106009
650 9 tid 106009
148 tid 106009
Insert  tid 106009
FindTargetPageId rootid 7 tid 106007
target_page_id id: 9 tid 106007
0 1 tid 106007
168 8 tid 106007
360 6 tid 106007
487 10 tid 106007
650 9 tid 106007
159 tid 106007
Insert  tid 106007
FindTargetPageId rootid 7 tid 106008
target_page_id id: 9 tid 106008
0 1 tid 106008
168 8 tid 106008
360 6 tid 106008
487 10 tid 106008
650 9 tid 106008
160 tid 106008
Remove  tid 106008
FindTargetPageId rootid 7 tid 106009
target_page_id id: 10 tid 106009
0 1 tid 106009
168 8 tid 106009
360 6 tid 106009
487 10 tid 106009
650 9 tid 106009
149 tid 106009
Insert  tid 106009
FindTargetPageId rootid 7 tid 106007
target_page_id id: 9 tid 106007
0 1 tid 106007
168 8 tid 106007
360 6 tid 106007
487 10 tid 106007
650 9 tid 106007
159 tid 106007
Insert  tid 106007
FindTargetPageId rootid 7 tid 106008
target_page_id id: 9 tid 106008
0 1 tid 106008
168 8 tid 106008
360 6 tid 106008
487 10 tid 106008
650 9 tid 106008
160 tid 106008
Remove  tid 106008
FindTargetPageId rootid 7 tid 106009
target_page_id id: 10 tid 106009
0 1 tid 106009
168 8 tid 106009
360 6 tid 106009
487 10 tid 106009
650 9 tid 106009
150 tid 106009
Insert  tid 106009
FindTargetPageId rootid 7 tid 106009
target_page_id id: 10 tid 106009
0 1 tid 106009
168 8 tid 106009
360 6 tid 106009
487 10 tid 106009
650 9 tid 106009
151 tid 106009
FindTargetPageId rootid 7 tid 106008
target_page_id id: 9 tid 106008
0 1 tid 106008
168 8 tid 106008
360 6 tid 106008
487 10 tid 106008
650 9 tid 106008
159 tid 106008
Remove  tid 106008
FindTargetPageId rootid 7 tid 106008
target_page_id id: 9 tid 106008
0 1 tid 106008
168 8 tid 106008
360 6 tid 106008
487 10 tid 106008
650 9 tid 106008
158 tid 106008
Insert  tid 106009
Remove  tid 106008
FindTargetPageId rootid 7 tid 106007
target_page_id id: 9 tid 106007
0 1 tid 106007
168 8 tid 106007
360 6 tid 106007
487 10 tid 106007
650 9 tid 106007
157 tid 106007
Insert  tid 106007
FindTargetPageId rootid 7 tid 106007
target_page_id id: 9 tid 106007
0 1 tid 106007
168 8 tid 106007
360 6 tid 106007
487 10 tid 106007
650 9 tid 106007
158 tid 106007
Insert  tid 106007
FindTargetPageId rootid 7 tid 106008
target_page_id id: 9 tid 106008
0 1 tid 106008
168 8 tid 106008
360 6 tid 106008
487 10 tid 106008
650 9 tid 106008
159 tid 106008
Remove  tid 106008
FindTargetPageId rootid 7 tid 106009
target_page_id id: 10 tid 106009
0 1 tid 106009
168 8 tid 106009
360 6 tid 106009
487 10 tid 106009
650 9 tid 106009
152 tid 106009
FindTargetPageId rootid 7 tid 106007
target_page_id id: 9 tid 106007
0 1 tid 106007
168 8 tid 106007
360Insert   tid 6106009 tid 
106007
487 10 tid 106007
650 9 tid 106007
158 tid 106007
Insert  tid 106007
FindTargetPageId rootid 7 tid 106008
target_page_id id: 9 tid 106008
0 1 tid 106008
168 8 tid 106008
360 6 tid 106008
487 10 tid 106008
650 9 tid 106008
159 tid 106008
Remove  tid 106008
FindTargetPageId rootid 7 tid 106009
target_page_id id: 10 tid 106009
0 1 tid 106009
168 8 tid 106009
360 6 tid 106009
487 10 tid 106009
650 9 tid 106009
153 tid 106009
Insert  tid 106009
FindTargetPageId rootid 7 tid 106007
target_page_id id: 9 tid 106007
0 1 tid 106007
168 8 tid 106007
360 6 tid 106007
487 10 tid 106007
650 9 tid 106007
158 tid 106007
Insert  tid 106007
FindTargetPageId rootid 7 tid 106008
target_page_id id: 9 tid 106008
0 1 tid 106008
168 8 tid 106008
360 6 tid 106008
487 10 tid 106008
650 9 tid 106008
159 tid 106008
Remove  tid 106008
FindTargetPageId rootid 7 tid 106009
target_page_id id: 10 tid 106009
0 1 tid 106009
168 8 tid 106009
360 6 tid 106009
487 10 tid 106009
650 9 tid 106009
154 tid 106009
Insert  tid 106009
FindTargetPageId rootid 7 tid 106007
target_page_id id: 9 tid 106007
0 1 tid 106007
168 8 tid 106007
360 6 tid 106007
487 10 tid 106007
650 9 tid 106007
158 tid 106007
Insert  tid 106007
FindTargetPageId rootid 7 tid 106008
target_page_id id: 9 tid 106008
0 1 tid 106008
168 8 tid 106008
360 6 tid 106008
487 10 tid 106008
650 9 tid 106008
159 tid 106008
Remove  tid 106008
FindTargetPageId rootid 7 tid 106009
target_page_id id: 10 tid 106009
0 1 tid 106009
168 8 tid 106009
360 6 tid 106009
487 10 tid 106009
650 9 tid 106009
155 tid 106009
Insert  tid 106009
FindTargetPageId rootid 7 tid 106007
target_page_id id: 9 tid 106007
0 1 tid 106007
168 8 tid 106007
360 6 tid 106007
487 10 tid 106007
650 9 tid 106007
158 tid 106007
Insert  tid 106007
FindTargetPageId rootid 7 tid 106008
target_page_id id: 9 tid 106008
0 1 tid 106008
168 8 tid 106008
360 6 tid 106008
487 10 tid 106008
650 9 tid 106008
159 tid 106008
Remove  tid 106008
FindTargetPageId rootid 7 tid 106009
target_page_id id: 10 tid 106009
0 1 tid 106009
168 8 tid 106009
360 6 tid 106009
487 10 tid 106009
650 9 tid 106009
156 tid 106009
Insert  tid 106009
FindTargetPageId rootid 7 tid 106007
target_page_id id: 9 tid 106007
0 1 tid 106007
168 8 tid 106007
360 6 tid 106007
487 10 tid 106007
650 9 tid 106007
158 tid 106007
Insert  tid 106007
FindTargetPageId rootid 7 tid 106008
target_page_id id: 9 tid 106008
0 1 tid 106008
168 8 tid 106008
360 6 tid 106008
487 10 tid 106008
650 9 tid 106008
159 tid 106008
Remove  tid 106008
FindTargetPageId rootid 7 tid 106009
target_page_id id: 10 tid 106009
0 1 tid 106009
168 8 tid 106009
360 6 tid 106009
487 10 tid 106009
650 9 tid 106009
157 tid 106009
Insert  tid 106009
FindTargetPageId rootid 7 tid 106007
target_page_id id: 9 tid 106007
0 1 tid 106007
168 8 tid 106007
360 6 tid 106007
487 10 tid 106007
650 9 tid 106007
158 tid 106007
Insert  tid 106007
FindTargetPageId rootid 7 tid 106008
target_page_id id: 9 tid 106008
0 1 tid 106008
168 8 tid 106008
360 6 tid 106008
487 10 tid 106008
650 9 tid 106008
159 tid 106008
Remove  tid 106008
FindTargetPageId rootid 7 tid 106009
target_page_id id: 10 tid 106009
0 1 tid 106009
168 8 tid 106009
360 6 tid 106009
487 10 tid 106009
650 9 tid 106009
158 tid 106009
Insert  tid 106009
FindTargetPageId rootid 7 tid 106007
target_page_id id: 9 tid 106007
0 1 tid 106007
168 8 tid 106007
360 6 tid 106007
487 10 tid 106007
650 9 tid 106007
158 tid 106007
Insert  tid 106007
FindTargetPageId rootid 7 tid 106008
target_page_id id: 9 tid 106008
0 1 tid 106008
168 8 tid 106008
360 6 tid 106008
487 10 tid 106008
650 9 tid 106008
159 tid 106008
Remove  tid 106008
FindTargetPageId rootid 7 tid 106009
target_page_id id: 10 tid 106009
0 1 tid 106009
168 8 tid 106009
360 6 tid 106009
487 10 tid 106009
650 9 tid 106009
159 tid 106009
Insert  tid 106009
FindTargetPageId rootid 7 tid 106007
target_page_id id: 9 tid 106007
0 1 tid 106007
168 8 tid 106007
360 6 tid 106007
487 10 tid 106007
650 9 tid 106007
158 tid 106007
Insert  tid 106007
FindTargetPageId rootid 7 tid 106008
target_page_id id: 9 tid 106008
0 1 tid 106008
168 8 tid 106008
360 6 tid 106008
487 10 tid 106008
650 9 tid 106008
159 tid 106008
Remove  tid 106008
FindTargetPageId rootid 7 tid 106009
target_page_id id: 10 tid 106009
0 1 tid 106009
168 8 tid 106009
360 6 tid 106009
487 10 tid 106009
650 9 tid 106009
160 tid 106009
Insert  tid 106009
FindTargetPageId rootid 7 tid 106007
target_page_id id: 9 tid 106007
0 1 tid 106007
168 8 tid 106007
360 6 tid 106007
487 10 tid 106007
650 9 tid 106007
158 tid 106007
Insert  tid 106007
FindTargetPageId rootid 7 tid 106008
target_page_id id: 9 tid 106008
0 1 tid 106008
168 8 tid 106008
360 6 tid 106008
487 10 tid 106008
650 9 tid 106008
159 tid 106008
Remove  tid 106008
FindTargetPageId rootid 7 tid 106009
target_page_id id: 10 tid 106009
0 1 tid 106009
168 8 tid 106009
360 6 tid 106009
487 10 tid 106009
650 9 tid 106009
161 tid 106009
Insert  tid 106009
FindTargetPageId rootid 7 tid 106007
target_page_id id: 9 tid 106007
0 1 tid 106007
168 8 tid 106007
360 6 tid 106007
487 10 tid 106007
650 9 tid 106007
158 tid 106007
Insert  tid 106007
FindTargetPageId rootid 7 tid 106007
target_page_id id: 9 tid 106007
0 1 tid 106007
168 8 tid 106007
360 6 tid 106007
487 10 tid 106007
650 9 tid 106007
159 tid 106007
Insert  tid 106007
FindTargetPageId rootid 7 tid 106007
target_page_id id: 9 tid 106007
0 1 tid 106007
168 8 tid 106007
360 6 tid 106007
487 10 tid 106007
650 9 tid 106007
160 tid 106007
Insert  tid 106007
FindTargetPageId rootid 7 tid 106007
target_page_id id: 9 tid 106007
0 1 tid 106007
168 8 tid 106007
360 6 tid 106007
487 10 tid 106007
650 9 tid 106007
161 tid 106007
Insert  tid 106007
FindTargetPageId rootid 7 tid 106009
target_page_id id: 10 tid 106009
0 1 tid 106009
168 8 tid 106009
360 6 tid 106009
487 10 tid 106009
650 9 tid 106009
162 tid 106009
Insert  tid 106009
FindTargetPageId rootid 7 tid 106008
target_page_id id: 9 tid 106008
0 1 tid 106008
168 8 tid 106008
360 6 tid 106008
487 10 tid 106008
650 9 tid 106008
162 tid 106008
Remove  tid 106008
FindTargetPageId rootid 7 tid 106007
target_page_id id: 9 tid 106007
0 1 tid 106007
168 8 tid 106007
360 6 tid 106007
487 10 tid 106007
650 9 tid 106007
161 tid 106007
Insert  tid 106007
FindTargetPageId rootid 7 tid 106009
target_page_id id: 9 tid 106009
0 1 tid 106009
168 8 tid 106009
360 6 tid 106009
487 10 tid 106009
650 9 tid 106009
162 tid 106009
Insert  tid 106009
FindTargetPageId rootid 7 tid 106009
target_page_id id: 9 tid 106009
0 1 tid 106009
168 8 tid 106009
360 6 tid 106009
487 10 tid 106009
650 9 tid 106009
163 tid 106009
Insert  tid 106009
FindTargetPageId rootid 7 tid 106007
target_page_id id: 9 tid 106007
0 1 tid 106007
168 8 tid 106007
360 6 tid 106007
487 10 tid 106007
650 9 tid 106007
164 tid 106007
Insert  tid 106007
FindTargetPageId rootid 7 tid 106008
target_page_id id: 9 tid 106008
0 1 tid 106008
168 8 tid 106008
360 6 tid 106008
487 10 tid 106008
650 9 tid 106008
165 tid 106008
Remove  tid 106008
FindTargetPageId rootid 7 tid 106009
target_page_id id: 9 tid 106009
0 1 tid 106009
168 8 tid 106009
360 6 tid 106009
487 10 tid 106009
650 9 tid 106009
164 tid 106009
Insert  tid 106009
FindTargetPageId rootid 7 tid 106007
target_page_id id: 9 tid 106007
0 1 tid 106007
168 8 tid 106007
360 6 tid 106007
487 10 tid 106007
650 9 tid 106007
165 tid 106007
Insert  tid 106007
FindTargetPageId rootid 7 tid 106008
target_page_id id: 9 tid 106008
0 1 tid 106008
168 8 tid 106008
360 6 tid 106008
487 10 tid 106008
650 9 tid 106008
166 tid 106008
Remove  tid 106008
FindTargetPageId rootid 7 tid 106009
target_page_id id: 9 tid 106009
0 1 tid 106009
168 8 tid 106009
360 6 tid 106009
487 10 tid 106009
650 9 tid 106009
165 tid 106009
Insert  tid 106009
FindTargetPageId rootid 7 tid 106007
target_page_id id: 9 tid 106007
0 1 tid 106007
168 8 tid 106007
360 6 tid 106007
487 10 tid 106007
650 9 tid 106007
166 tid 106007
Insert  tid 106007
FindTargetPageId rootid 7 tid 106007
target_page_id id: 9 tid 106007
0 1 tid 106007
168 8 tid 106007
360 6 tid 106007
487 10 tid 106007
650 9 tid 106007
167 tid 106007
Insert  tid 106007
FindTargetPageId rootid 7 tid 106007
target_page_id id: 9 tid 106007
0 1 tid 106007
168 8 tid 106007
360 6 tid 106007
487 10 tid 106007
650 9 tid 106007
168 tid 106007
Insert  tid 106007
FindTargetPageId rootid 7 tid 106007
target_page_id id: 9 tid 106007
0 1 tid 106007
168 8 tid 106007
360 6 tid 106007
487 10 tid 106007
650 9 tid 106007
169 tid 106007
Insert  tid 106007
FindTargetPageId rootid 7 tid 106008
target_page_id id: 9 tid 106008
0 1 tid 106008
168 8 tid 106008
360 6 tid 106008
487 10 tid 106008
650 9 tid 106008
170 tid 106008
Remove  tid 106008
FindTargetPageId rootid 7 tid 106009
target_page_id id: 9 tid 106009
0 1 tid 106009
168 8 tid 106009
360 6 tid 106009
487 10 tid 106009
650 9 tid 106009
169 tid 106009
Insert  tid 106009
FindTargetPageId rootid 7 tid 106007
target_page_id id: 9 tid 106007
0 1 tid 106007
168 8 tid 106007
360 6 tid 106007
487 10 tid 106007
650 9 tid 106007
170 tid 106007
Insert  tid 106007
FindTargetPageId rootid 7 tid 106008
target_page_id id: 9 tid 106008
0 1 tid 106008
168 8 tid 106008
360 6 tid 106008
487 10 tid 106008
650 9 tid 106008
171 tid 106008
Remove  tid 106008
FindTargetPageId rootid 7 tid 106009
target_page_id id: 9 tid 106009
0 1 tid 106009
168 8 tid 106009
360 6 tid 106009
487 10 tid 106009
650 9 tid 106009
170 tid 106009
Insert  tid 106009
FindTargetPageId rootid 7 tid 106007
target_page_id id: 9 tid 106007
0 1 tid 106007
168 8 tid 106007
360 6 tid 106007
487 10 tid 106007
650 9 tid 106007
171 tid 106007
Insert  tid 106007
FindTargetPageId rootid 7 tid 106007
target_page_id id: 9 tid 106007
0 1 tid 106007
168 8 tid 106007
360 6 tid 106007
487 10 tid 106007
650 9 tid 106007
172 tid 106007
FindTargetPageId rootid 7 tid 106008
target_page_id id: 9 tid 106008
0 1 tid 106008
168 8 tid 106008
360 6 tid 106008
487 10 tid 106008
650 9 tid 106008
Insert  tid 106007173 tid 
106008
Remove  tid 106008
FindTargetPageId rootid 7 tid 106008
target_page_id id: 9 tid 106008
0 1 tid 106008
168 8 tid 106008
360 6 tid 106008
487 10 tid 106008
650 9 tid 106008
172 tid 106008
Remove  tid 106008
FindTargetPageId rootid 7 tid 106007
target_page_id id: 9 tid 106007
0 1 tid 106007
168 8 tid 106007
360 6 tid 106007
487 10 tid 106007
650 9 tid 106007
171 tid 106007
Insert  tid 106007
FindTargetPageId rootid 7 tid 106009
target_page_id id: 9 tid 106009
0 1 tid 106009
168 8 tid 106009
360 6 tid 106009
487 10 tid 106009
650 9 tid 106009
172 tid 106009
Insert  tid 106009
FindTargetPageId rootid 7 tid 106008
target_page_id id: 9 tid 106008
0 1 tid 106008
168 8 tid 106008
360 6 tid 106008
487 10 tid 106008
650 9 tid 106008
173 tid 106008
Remove  tid 106008
FindTargetPageId rootid 7 tid 106007
target_page_id id: 9 tid 106007
0 1 tid 106007
168 8 tid 106007
360 6 tid 106007
487 10 tid 106007
650 9 tid 106007
172 tid 106007
Insert  tid 106007
FindTargetPageId rootid 7 tid 106007
target_page_id id: 9 tid 106007
0 1 tid 106007
168 8 tid 106007
360 6 tid 106007
487 10 tid 106007
650 9 tid 106007
173 tid 106007
Insert  tid 106007
FindTargetPageId rootid 7 tid 106007
target_page_id id: 9 tid 106007
0 1 tid 106007
168 8 tid 106007
360 6 tid 106007
487 10 tid 106007
650 9 tid 106007
174 tid 106007
Insert  tid 106007
FindTargetPageId rootid 7 tid 106007
target_page_id id: 9 tid 106007
0 1 tid 106007
168 8 tid 106007
360 6 tid 106007
487 10 tid 106007
650 9 tid 106007
175 tid 106007
Insert  tid 106007
FindTargetPageId rootid 7 tid 106007
target_page_id id: 9 tid 106007
0 1 tid 106007
168 8 tid 106007
360 6 tid 106007
487 10 tid 106007
650 9 tid 106007
176 tid 106007
Insert  tid 106007
FindTargetPageId rootid 7 tid 106007
target_page_id id: 9 tid 106007
0 1 tid 106007
168 8 tid 106007
360 6 tid 106007
487 10 tid 106007
650 9 tid 106007
177 tid 106007
Insert  tid 106007
FindTargetPageId rootid 7 tid 106007
target_page_id id: 9 tid 106007
0 1 tid 106007
168 8 tid 106007
360 6 tid 106007
487 10 tid 106007
650 9 tid 106007
178 tid 106007
Insert  tid 106007
FindTargetPageId rootid 7 tid 106007
target_page_id id: 9 tid 106007
0 1 tid 106007
168 8 tid 106007
360 6 tid 106007
487 10 tid 106007
650 9 tid 106007
179 tid 106007
Insert  tid 106007
FindTargetPageId rootid 7 tid 106007
target_page_id id: 9 tid 106007
0 1 tid 106007
168 8 tid 106007
360 6 tid 106007
487 10 tid 106007
650 9 tid 106007
180 tid 106007
Insert  tid 106007
FindTargetPageId rootid 7 tid 106007
target_page_id id: 9 tid 106007
0 1 tid 106007
168 8 tid 106007
360 6 tid 106007
487 10 tid 106007
650 9 tid 106007
181 tid 106007
Insert  tid 106007
FindTargetPageId rootid 7 tid 106007
target_page_id id: 9 tid 106007
0 1 tid 106007
168 8 tid 106007
360 6 tid 106007
487 10 tid 106007
650 9 tid 106007
182 tid 106007
Insert  tid 106007
FindTargetPageId rootid 7 tid 106007
target_page_id id: 9 tid 106007
0 1 tid 106007
168 8 tid 106007
360 6 tid 106007
487 10 tid 106007
650 9 tid 106007
183 tid 106007
Insert  tid 106007
FindTargetPageId rootid 7 tid 106008
target_page_id id: 9 tid 106008
0 1 tid 106008
168 8 tid 106008
360 6 tid 106008
487 10 tid 106008
650 9 tid 106008
184 tid 106008
Remove  tid 106008
FindTargetPageId rootid 7 tid 106009
target_page_id id: 9 tid 106009
0 1 tid 106009
168 8 tid 106009
360 6 tid 106009
487 10 tid 106009
650 9 tid 106009
183 tid 106009
Insert  tid 106009
FindTargetPageId rootid 7 tid 106007
target_page_id id: 9 tid 106007
0 1 tid 106007
168 8 tid 106007
360 6 tid 106007
487 10 tid 106007
650 9 tid 106007
184 tid 106007
Insert  tid 106007
FindTargetPageId rootid 7 tid 106008
target_page_id id: 9 tid 106008
0 1 tid 106008
168 8 tid 106008
360 6 tid 106008
487 10 tid 106008
650 9 tid 106008
185 tid 106008
Remove  tid FindTargetPageId rootid 1060087
 tid 106009
target_page_id id: 9 tid 106009
0 1 tid 106009
168 8 tid 106009
360 6 tid 106009
487 10 tid 106009
650 9 tid 106009
184 tid 106009
Insert  tid 106009
FindTargetPageId rootid 7 tid 106007
target_page_id id: 9 tid 106007
0 1 tid 106007
168 8 tid 106007
360 6 tid 106007
487 10 tid 106007
650 9 tid 106007
185 tid 106007
Insert  tid 106007
FindTargetPageId rootid 7 tid 106008
target_page_id id: 9 tid 106008
0 1 tid 106008
168 8 tid 106008
360 6 tid 106008
487 10 tid 106008
650 9 tid 106008
186 tid 106008
Remove  tid 106008
FindTargetPageId rootid 7 tid 106008
target_page_id id: 9 tid 106008
0 1 tid 106008
168 8 tid 106008
360 6 tid 106008
487 10 tid 106008
650 9 tid 106008
185 tid 106008
Remove  tid 106008
FindTargetPageId rootid 7 tid 106007
target_page_id id: 9 tid 106007
0 1 tid 106007
168 8 tid 106007
360 6 tid 106007
487 10 tid 106007
650 9 tid 106007
184 tid 106007
Insert  tid 106007
FindTargetPageId rootid 7 tid 106009
target_page_id id: 9 tid 106009
0 1 tid 106009
168 8 tid 106009
360 6 tid 106009
487 10 tid 106009
650 9 tid 106009
185 tid 106009
Insert  tid 106009
FindTargetPageId rootid 7 tid 106008
target_page_id id: 9 tid 106008
0 1 tid 106008
168 8 tid 106008
360 6 tid 106008
487 10 tid 106008
650 9 tid 106008
186 tid 106008
Remove  tid 106008
FindTargetPageId rootid 7 tid 106007
target_page_id id: 9 tid 106007
0 1 tid 106007
168 8 tid 106007
360 6 tid 106007
487 10 tid 106007
650 9 tid 106007
185 tid 106007
FindTargetPageId rootid 7 tid 106009
target_page_id id: 9 tid 106009
0 1 tid 106009
168 8 tid 106009
360 6 tid 106009
487 10 tid 106009
650 9 tid 106009
186 tid 106009
Insert  tid 106007
Insert  tid 106009
FindTargetPageId rootid 7 tid 106009
target_page_id id: 9 tid 106009
0 1 tid 106009
168 8 tid 106009
360 6 tid 106009
487 10 tid 106009
650 9 tid 106009
187 tid 106009
Insert  tid 106009
FindTargetPageId rootid 7 tid 106009
target_page_id id: 9 tid 106009
0 1 tid 106009
168 8 tid 106009
360 6 tid 106009
487 10 tid 106009
650 9 tid 106009
188 tid 106009
Insert  tid 106009
FindTargetPageId rootid 7 tid 106009
target_page_id id: 9 tid 106009
0 1 tid 106009
168 8 tid 106009
360 6 tid 106009
487 10 tid 106009
650 9 tid 106009
189 tid 106009
Insert  tid 106009
FindTargetPageId rootid 7 tid 106009
target_page_id id: 9 tid 106009
0 1 tid 106009
168 8 tid 106009
360 6 tid 106009
487 10 tid 106009
650 9 tid 106009
190 tid 106009
Insert  tid 106009
FindTargetPageId rootid 7 tid 106008
target_page_id id: 9 tid 106008
0 1 tid 106008
168 8 tid 106008
360 6 tid 106008
487 10 tid 106008
650 9 tid 106008
191 tid 106008
Remove  tid 106008
FindTargetPageId rootid 7 tid 106008
target_page_id id: 9 tid 106008
0 1 tid 106008
168 8 tid 106008
360 6 tid 106008
487 10 tid 106008
650 9 tid 106008
190 tid 106008
Remove  tid 106008
FindTargetPageId rootid 7 tid 106008
target_page_id id: 9 tid 106008
0 1 tid 106008
168 8 tid 106008
360 6 tid 106008
487 10 tid 106008
650 9 tid 106008
189 tid 106008
Remove  tid 106008
FindTargetPageId rootid 7 tid 106008
target_page_id id: 9 tid 106008
0 1 tid 106008
168 8 tid 106008
360 6 tid 106008
487 10 tid 106008
650 9 tid 106008
188 tid 106008
Remove  tid 106008
FindTargetPageId rootid 7 tid 106008
target_page_id id: 9 tid 106008
0 1 tid 106008
168 8 tid 106008
360 6 tid 106008
487 10 tid 106008
650 9 tid 106008
187 tid 106008
Remove  tid 106008
FindTargetPageId rootid 7 tid 106008
target_page_id id: 9 tid 106008
0 1 tid 106008
168 8 tid 106008
360 6 tid 106008
487 10 tid 106008
650 9 tid 106008
186 tid 106008
Remove  tid 106008
FindTargetPageId rootid 7 tid 106007
target_page_id id: 9 tid 106007
0 1 tid 106007
168 8 tid 106007
360 6 tid 106007
487 10 tid 106007
650 9 tid 106007
185 tid 106007
Insert  tid 106007
FindTargetPageId rootid 7 tid 106007
target_page_id id: 9 tid 106007
0 1 tid 106007
168 8 tid 106007
360 6 tid 106007
487 10 tid 106007
650 9 tid 106007
186 tid 106007
Insert  tid 106007
FindTargetPageId rootid 7 tid 106008
target_page_id id: 9 tid 106008
0 1 tid 106008
168 8 tid 106008
360 6 tid 106008
487 10 tid 106008
650 9 tid 106008
187 tid 106008
Remove  tid 106008
FindTargetPageId rootid 7 tid 106009
target_page_id id: 9 tid 106009
0 1 tid 106009
168 8 tid 106009
360 6 tid 106009
487 10 tid 106009
650 9 tid 106009
186 tid 106009
Insert  tid 106009
FindTargetPageId rootid 7 tid 106007
target_page_id id: 9 tid 106007
0 1 tid 106007
168 8 tid 106007
360 6 tid 106007
487 10 tid 106007
650 9 tid 106007
187 tid 106007
Insert  tid 106007
FindTargetPageId rootid 7 tid 106007
target_page_id id: 9 tid 106007
0 1 tid 106007
168 8 tid 106007
360 6 tid 106007
487 10 tid 106007
650 9 tid 106007
188 tid 106007
Insert  tid 106007
FindTargetPageId rootid 7 tid 106007
target_page_id id: 9 tid 106007
0 1 tid 106007
168 8 tid 106007
360 6 tid 106007
487 10 tid 106007
650 9 tid 106007
189 tid 106007
FindTargetPageId rootid 7 tid 106009
target_page_id id: 9 tid 106009
0 1 tid 106009
168 8 tid 106009
360 6 tid 106009
487 10 tid 106009
650 9 tid 106009
Insert  tid 106007
190 tid 106009
Insert  tid 106009
FindTargetPageId rootid 7 tid 106008
target_page_id id: 9 tid 106008
0 1 tid 106008
168 8 tid 106008
360 6 tid 106008
487 10 tid 106008
650 9 tid 106008
191 tid 106008
Remove  tid 106008
FindTargetPageId rootid 7 tid 106008
target_page_id id: 9 tid 106008
0 1 tid 106008
168 8 tid 106008
360 6 tid 106008
487 10 tid 106008
650 9 tid 106008
190 tid 106008
Remove  tid 106008
FindTargetPageId rootid 7 tid 106008
target_page_id id: 9 tid 106008
0 1 tid 106008
168 8 tid 106008
360 6 tid 106008
487 10 tid 106008
650 9 tid 106008
189 tid 106008
Remove  tid 106008
FindTargetPageId rootid 7 tid 106008
target_page_id id: 9 tid 106008
0 1 tid 106008
168 8 tid 106008
360 6 tid 106008
487 10 tid 106008
650 9 tid 106008
188 tid 106008
Remove  tid 106008
FindTargetPageId rootid 7 tid 106007
target_page_id id: 9 tid 106007
0 1 tid 106007
168 8 tid 106007
360 6 tid 106007
487 10 tid 106007
650 9 tid 106007
187 tid 106007
Insert  tid 106007
FindTargetPageId rootid 7 tid 106007
target_page_id id: 9 tid 106007
0 1 tid 106007
168 8 tid 106007
360 6 tid 106007
487 10 tid 106007
650 9 tid 106007
188 tid 106007
Insert  tid 106007
FindTargetPageId rootid 7 tid 106007
target_page_id id: 9 tid 106007
0 1 tid 106007
168 8 tid 106007
360 6 tid 106007
487 10 tid 106007
650 9 tid 106007
189 tid 106007
Insert  tid 106007
FindTargetPageId rootid 7 tid 106007
target_page_id id: 9 tid 106007
0 1 tid 106007
168 8 tid 106007
360 6 tid 106007
487 10 tid 106007
650 9 tid 106007
190 tid 106007
Insert  tid 106007
FindTargetPageId rootid 7 tid 106007
target_page_id id: 9 tid 106007
0 1 tid 106007
168 8 tid 106007
360 6 tid 106007
487 10 tid 106007
650 9 tid 106007
191 tid 106007
Insert  tid 106007
FindTargetPageId rootid 7 tid 106008
target_page_id id: 9 tid 106008
0 1 tid 106008
168 8 tid 106008
360 6 tid 106008
487 10 tid 106008
650 9 tid 106008
192 tid 106008
Remove  tid 106008
FindTargetPageId rootid 7 tid 106009
target_page_id id: 9 tid 106009
0 1 tid 106009
168 8 tid 106009
360 6 tid 106009
487 10 tid 106009
650 9 tid 106009
191 tid 106009
Insert  tid 106009
FindTargetPageId rootid 7 tid 106007
target_page_id id: 9 tid 106007
0 1 tid 106007
168 8 tid 106007
360 6 tid 106007
487 10 tid 106007
650 9 tid 106007
192 tid 106007
Insert  tid 106007
FindTargetPageId rootid 7 tid 106008
target_page_id id: 9 tid 106008
0 1 tid 106008
168 8 tid 106008
360 6 tid 106008
487 10 tid 106008
650 9 tid 106008
193 tid 106008
Remove  tid 106008
FindTargetPageId rootid 7 tid 106009
target_page_id id: 9 tid 106009
0 1 tid 106009
168 8 tid 106009
360 6 tid 106009
487 10 tid 106009
650 9 tid 106009
192 tid 106009
Insert  tid 106009
FindTargetPageId rootid 7 tid 106007
target_page_id id: 9 tid 106007
0 1 tid 106007
168 8 tid 106007
360 6 tid 106007
487 10 tid 106007
650 9 tid 106007
193 tid 106007
Insert  tid 106007
FindTargetPageId rootid 7 tid 106007
target_page_id id: 9 tid 106007
0 1 tid 106007
168 8 tid 106007
360 6 tid 106007
487 10 tid 106007
650 9 tid 106007
194 tid 106007
Insert  tid 106007
FindTargetPageId rootid 7 tid 106007
target_page_id id: 9 tid 106007
0 1 tid 106007
168 8 tid 106007
360 6 tid 106007
487 10 tid 106007
650 9 tid 106007
195 tid 106007
Insert  tid 106007
FindTargetPageId rootid 7 tid 106007
target_page_id id: 9 tid 106007
0 1 tid 106007
168 8 tid 106007
360 6 tid 106007
487 10 tid 106007
650 9 tid 106007
196 tid 106007
Insert  tid 106007
FindTargetPageId rootid 7 tid 106007
target_page_id id: 9 tid 106007
0 1 tid 106007
168 8 tid 106007
360 6 tid 106007
487 10 tid 106007
650 9 tid 106007
197 tid 106007
Insert  tid 106007
FindTargetPageId rootid 7 tid 106007
target_page_id id: 9 tid 106007
0 1 tid 106007
168 8 tid 106007
360 6 tid 106007
487 10 tid 106007
650 9 tid 106007
198 tid 106007
Insert  tid 106007
FindTargetPageId rootid 7 tid 106007
target_page_id id: 9 tid 106007
0 1 tid 106007
168 8 tid 106007
360 6 tid 106007
487 10 tid 106007
650 9 tid 106007
199 tid 106007
FindTargetPageId rootid 7 tid 106009
target_page_id id: 9 tid 106009
0 1 tid 106009
168 8 tid 106009
360 6 tid 106009
487 10 tid 106009
650 9 tid 106009
200 tid 106009
Insert  tid 106009
FindTargetPageId rootid 7 tid 106009
target_page_id id: 9 tid 106009
0 1 tid 106009
168 8 tid 106009
360 6 tid 106009
487 10 tid 106009
650 9 tid 106009
201 tid 106009
Insert  tid 106009
FindTargetPageId rootid 7 tid 106008
target_page_id id: 9 tid 106008
0 1 tid 106008
168 8 tid 106008
360 6 tid 106008
487 10 tid 106008
650 9 tid 106008
202 tid 106008
Remove  tid 106008
FindTargetPageId rootid 7 tid 106009
target_page_id id: 9 tid 106009
0 1 tid 106009
168 8 tid 106009
360 6 tid 106009
487 10 tid 106009
650 9 tid 106009
201 tid 106009
Insert  tid 106009
FindTargetPageId rootid 7 tid 106008
target_page_id id: 9 tid 106008
0 1 tid 106008
168 8 tid 106008
360 6 tid 106008
487 10 tid 106008
650 9 tid 106008
202 tid 106008
Remove  tid 106008
FindTargetPageId rootid 7 tid 106009
target_page_id id: 9 tid 106009
0 1 tid 106009
168 8 tid 106009
360 6 tid 106009
487 10 tid 106009
650 9 tid 106009
201 tid 106009
Insert  tid 106009
FindTargetPageId rootid 7 tid 106008
target_page_id id: 9 tid 106008
0 1 tid 106008
168 8 tid 106008
360 6 tid 106008
487 10 tid 106008
650 9 tid 106008
202 tid 106008
Remove  tid 106008
FindTargetPageId rootid 7 tid 106009
target_page_id id: 9 tid 106009
0 1 tid 106009
168 8 tid 106009
360 6 tid 106009
487 10 tid 106009
650 9 tid 106009
201 tid 106009
Insert  tid 106009
FindTargetPageId rootid 7 tid 106008
target_page_id id: 9 tid 106008
0 1 tid 106008
168 8 tid 106008
360 6 tid 106008
487 10 tid 106008
650 9 tid 106008
202 tid 106008
Remove  tid 106008
FindTargetPageId rootid 7 tid 106009
target_page_id id: 9 tid 106009
0 1 tid 106009
168 8 tid 106009
360 6 tid 106009
487 10 tid 106009
650 9 tid 106009
201 tid 106009
Insert  tid 106009
FindTargetPageId rootid 7 tid 106008
target_page_id id: 9 tid 106008
0 1 tid 106008
168 8 tid 106008
360 6 tid 106008
487 10 tid 106008
650 9 tid 106008
202 tid 106008
Remove  tid 106008
FindTargetPageId rootid 7 tid 106009
target_page_id id: 9 tid 106009
0 1 tid 106009
168 8 tid 106009
360 6 tid 106009
487 10 tid 106009
650 9 tid 106009
201 tid 106009
Insert  tid 106009
FindTargetPageId rootid 7 tid 106008
target_page_id id: 9 tid 106008
0 1 tid 106008
168 8 tid 106008
360 6 tid 106008
487 10 tid 106008
650 9 tid 106008
202 tid 106008
Remove  tid 106008
FindTargetPageId rootid 7 tid 106009
target_page_id id: 9 tid 106009
0 1 tid 106009
168 8 tid 106009
360 6 tid 106009
487 10 tid 106009
650 9 tid 106009
201 tid 106009
Insert  tid 106009
FindTargetPageId rootid 7 tid 106009
target_page_id id: 9 tid 106009
0 1 tid 106009
168 8 tid 106009
360 6 tid 106009
487 10 tid 106009
650 9 tid 106009
202 tid 106009
Insert  tid 106009
FindTargetPageId rootid 7 tid 106008
target_page_id id: 9 tid 106008
0 1 tid 106008
168 8 tid 106008
360 6 tid 106008
487 10 tid 106008
650 9 tid 106008
203 tid 106008
Remove  tid 106008
FindTargetPageId rootid 7 tid 106008
target_page_id id: 9 tid 106008
0 1 tid 106008
168 8 tid 106008
360 6 tid 106008
487 10 tid 106008
650 9 tid 106008
202 tid 106008
Remove  tid 106008
FindTargetPageId rootid 7 tid 106008
target_page_id id: 9 tid 106008
0 1 tid 106008
168 8 tid 106008
360 6 tid 106008
487 10 tid 106008
650 9 tid 106008
201 tid 106008
Remove  tid 106008
FindTargetPageId rootid 7 tid 106008
target_page_id id: 9 tid 106008
0 1 tid 106008
168 8 tid 106008
360 6 tid 106008
487 10 tid 106008
650 9 tid 106008
200 tid 106008
Remove  tid 106008
FindTargetPageId rootid 7 tid 106009
target_page_id id: 9 tid 106009
0 1 tid 106009
168 8 tid 106009
360 6 tid 106009
487 10 tid 106009
650 9 tid 106009
199 tid 106009
Insert  tid 106009
FindTargetPageId rootid 7 tid 106008
target_page_id id: 9 tid 106008
0 1 tid 106008
168 8 tid 106008
360 6 tid 106008
487 10 tid 106008
650 9 tid 106008
200 tid 106008
Remove  tid 106008
FindTargetPageId rootid 7 tid 106009
target_page_id id: 9 tid 106009
0 1 tid 106009
168 8 tid 106009
360 6 tid 106009
487 10 tid 106009
650 9 tid 106009
199 tid 106009
Insert  tid 106009
FindTargetPageId rootid 7 tid 106009
target_page_id id: 9 tid 106009
0 1 tid 106009
168 8 tid 106009
360 6 tid 106009
487 10 tid 106009
650 9 tid 106009
200 tid 106009
Insert  tid 106009
FindTargetPageId rootid 7 tid 106008
target_page_id id: 9 tid 106008
0 1 tid 106008
168 8 tid 106008
360 6 tid 106008
487 10 tid 106008
650 9 tid 106008
201 tid 106008
Remove  tid 106008
FindTargetPageId rootid 7 tid 106009
target_page_id id: 9 tid 106009
0 1 tid 106009
168 8 tid 106009
360 6 tid 106009
487 10 tid 106009
650 9 tid 106009
200 tid 106009
Insert  tid 106009
FindTargetPageId rootid 7 tid 106008
target_page_id id: 9 tid 106008
0 1 tid 106008
168 8 tid 106008
360 6 tid 106008
487 10 tid 106008
650 9 tid 106008
201 tid 106008
Remove  tid 106008
FindTargetPageId rootid 7 tid 106009
target_page_id id: 9 tid 106009
0 1 tid 106009
168 8 tid 106009
360 6 tid 106009
487 10 tid 106009
650 9 tid 106009
200 tid 106009
Insert  tid 106009
FindTargetPageId rootid 7 tid 106009
target_page_id id: 9 tid 106009
0 1 tid 106009
168 8 tid 106009
360 6 tid 106009
487 10 tid 106009
650 9 tid 106009
201 tid 106009
Insert  tid 106009
FindTargetPageId rootid 7 tid 106008
target_page_id id: 9 tid 106008
0 1 tid 106008
168 8 tid 106008
360 6 tid 106008
487 10 tid 106008
650 9 tid 106008
202 tid 106008
Remove  tid 106008
FindTargetPageId rootid 7 tid 106009
target_page_id id: 9 tid 106009
0 1 tid 106009
168 8 tid 106009
360 6 tid 106009
487 10 tid 106009
650 9 tid 106009
201 tid 106009
Insert  tid 106009
FindTargetPageId rootid 7 tid 106008
target_page_id id: 9 tid 106008
0 1 tid 106008
168 8 tid 106008
360 6 tid 106008
487 10 tid 106008
650 9 tid 106008
202 tid 106008
Remove  tid 106008
FindTargetPageId rootid 7 tid 106009
target_page_id id: 9 tid 106009
0 1 tid 106009
168 8 tid 106009
360 6 tid 106009
487 10 tid 106009
650 9 tid 106009
201 tid 106009
Insert  tid 106009
FindTargetPageId rootid 7 tid 106008
target_page_id id: 9 tid 106008
0 1 tid 106008
168 8 tid 106008
360 6 tid 106008
487 10 tid 106008
650 9 tid 106008
202 tid 106008
Remove  tid 106008
FindTargetPageId rootid 7 tid 106009
target_page_id id: 9 tid 106009
0 1 tid 106009
168 8 tid 106009
360 6 tid 106009
487 10 tid 106009
650 9 tid 106009
201 tid 106009
Insert  tid 106009
FindTargetPageId rootid 7 tid 106008
target_page_id id: 9 tid 106008
0 1 tid 106008
168 8 tid 106008
360 6 tid 106008
487 10 tid 106008
650 9 tid 106008
202 tid 106008
Remove  tid 106008
FindTargetPageId rootid 7 tid 106009
target_page_id id: 9 tid 106009
0 1 tid 106009
168 8 tid 106009
360 6 tid 106009
487 10 tid 106009
650 9 tid 106009
201 tid 106009
Insert  tid 106009
FindTargetPageId rootid 7 tid 106008
target_page_id id: 9 tid 106008
0 1 tid 106008
168 8 tid 106008
360 6 tid 106008
487 10 tid 106008
650 9 tid 106008
202 tid 106008
Remove  tid 106008
FindTargetPageId rootid 7 tid 106009
target_page_id id: 9 tid 106009
0 1 tid 106009
168 8 tid 106009
360 6 tid 106009
487 10 tid 106009
650 9 tid 106009
201 tid 106009
Insert  tid 106009
FindTargetPageId rootid 7 tid 106008
target_page_id id: 9 tid 106008
0 1 tid 106008
168 8 tid 106008
360 6 tid 106008
487 10 tid 106008
650 9 tid 106008
202 tid 106008
Remove  tid 106008
FindTargetPageId rootid 7 tid 106009
target_page_id id: 9 tid 106009
0 1 tid 106009
168 8 tid 106009
360 6 tid 106009
487 10 tid 106009
650 9 tid 106009
201 tid 106009
Insert  tid 106009
FindTargetPageId rootid 7 tid 106008
target_page_id id: 9 tid 106008
0 1 tid 106008
168 8 tid 106008
360 6 tid 106008
487 10 tid 106008
650 9 tid 106008
202 tid 106008
Remove  tid 106008
FindTargetPageId rootid 7 tid 106009
target_page_id id: 9 tid 106009
0 1 tid 106009
168 8 tid 106009
360 6 tid 106009
487 10 tid 106009
650 9 tid 106009
201 tid 106009
Insert  tid 106009
FindTargetPageId rootid 7 tid 106008
target_page_id id: 9 tid 106008
0 1 tid 106008
168 8 tid 106008
360 6 tid 106008
487 10 tid 106008
650 9 tid 106008
202 tid 106008
Remove  tid 106008
FindTargetPageId rootid 7 tid 106009
target_page_id id: 9 tid 106009
0 1 tid 106009
168 8 tid 106009
360 6 tid 106009
487 10 tid 106009
650 9 tid 106009
201 tid 106009
Insert  tid 106009
FindTargetPageId rootid 7 tid 106008
target_page_id id: 9 tid 106008
0 1 tid 106008
168 8 tid 106008
360 6 tid 106008
487 10 tid 106008
650 9 tid 106008
202 tid 106008
FindTargetPageId rootid 7 tid 106009
target_page_id id: 9 tid 106009
0 1 tid 106009
168 8 tid 106009
360Remove  tid 106008
 6 tid 106009
487 10 tid 106009
650 9 tid 106009
201 tid 106009
Insert  tid 106009
FindTargetPageId rootid 7 tid 106008
target_page_id id: 9 tid 106008
0 1 tid 106008
168 8 tid 106008
360 6 tid 106008
487 10 tid 106008
650 9 tid 106008
202 tid 106008
Remove  tid 106008
FindTargetPageId rootid 7 tid 106008
target_page_id id: 9 tid 106008
0 1 tid 106008
168 8 tid 106008
360 6 tid 106008
487 10 tid 106008
650 9 tid 106008
201 tid 106008
FindTargetPageId rootid 7 tid 106009
target_page_id id: 9 tid 106009
0 1 tid 106009
168 8 tid 106009
360 6 tid 106009
487 10 tid 106009
650 9 tid 106009
Remove  tid 106008
200 tid 106009
Insert  tid 106009
FindTargetPageId rootid 7 tid 106008
target_page_id id: 9 tid 106008
0 1 tid 106008
168 8 tid 106008
360 6 tid 106008
487 10 tid 106008
650 9 tid 106008
201 tid 106008
Remove  tid 106008
FindTargetPageId rootid 7 tid 106009
target_page_id id: 9 tid 106009
0 1 tid 106009
168 8 tid 106009
360 6 tid 106009
487 10 tid 106009
650 9 tid 106009
200 tid 106009
Insert  tid 106009
FindTargetPageId rootid 7 tid 106008
target_page_id id: 9 tid 106008
0 1 tid 106008
168 8 tid 106008
360 6 tid 106008
487 10 tid 106008
650 9 tid 106008
201 tid 106008
Remove  tid 106008
FindTargetPageId rootid 7 tid 106009
target_page_id id: 9 tid 106009
0 1 tid 106009
168 8 tid 106009
360 6 tid 106009
487 10 tid 106009
650 9 tid 106009
200 tid 106009
Insert  tid 106009
FindTargetPageId rootid 7 tid 106008
target_page_id id: 9 tid 106008
0 1 tid 106008
168 8 tid 106008
360 6 tid 106008
487 10 tid 106008
650 9 tid 106008
201 tid 106008
Remove  tid 106008
FindTargetPageId rootid 7 tid 106009
target_page_id id: 9 tid 106009
0 1 tid 106009
168 8 tid 106009
360 6 tid 106009
487 10 tid 106009
650 9 tid 106009
200 tid 106009
Insert  tid 106009
FindTargetPageId rootid 7 tid 106008
target_page_id id: 9 tid 106008
0 1 tid 106008
168 8 tid 106008
360 6 tid 106008
487 10 tid 106008
650 9 tid 106008
201 tid 106008
Remove  tid 106008
FindTargetPageId rootid 7 tid 106009
target_page_id id: 9 tid 106009
0 1 tid 106009
168 8 tid 106009
360 6 tid 106009
487 10 tid 106009
650 9 tid 106009
200 tid 106009
Insert  tid 106009
FindTargetPageId rootid 7 tid 106008
target_page_id id: 9 tid 106008
0 1 tid 106008
168 8 tid 106008
360 6 tid 106008
487 10 tid 106008
650 9 tid 106008
201 tid 106008
Remove  tid 106008
FindTargetPageId rootid 7 tid 106009
target_page_id id: 9 tid 106009
0 1 tid 106009
168 8 tid 106009
360 6 tid 106009
487 10 tid 106009
650 9 tid 106009
200 tid 106009
Insert  tid 106009
FindTargetPageId rootid 7 tid 106008
target_page_id id: 9 tid 106008
0 1 tid 106008
168 8 tid 106008
360 6 tid 106008
487 10 tid 106008
650 9 tid 106008
201 tid 106008
Remove  tid 106008
FindTargetPageId rootid 7 tid 106009
target_page_id id: 9 tid 106009
0 1 tid 106009
168 8 tid 106009
360 6 tid 106009
487 10 tid 106009
650 9 tid 106009
200 tid 106009
Insert  tid 106009
FindTargetPageId rootid 7 tid 106008
target_page_id id: 9 tid 106008
0 1 tid 106008
168 8 tid 106008
360 6 tid 106008
487 10 tid 106008
650 9 tid 106008
201 tid 106008
Remove  tid 106008
FindTargetPageId rootid 7 tid 106009
target_page_id id: 9 tid 106009
0 1 tid 106009
168 8 tid 106009
360 6 tid 106009
487 10 tid 106009
650 9 tid 106009
200 tid 106009
Insert  tid 106009
FindTargetPageId rootid 7 tid 106008
target_page_id id: 9 tid 106008
0 1 tid 106008
168 8 tid 106008
360 6 tid 106008
487 10 tid 106008
650 9 tid 106008
201 tid 106008
Remove  tid 106008
FindTargetPageId rootid 7 tid 106009
target_page_id id: 9 tid 106009
0 1 tid 106009
168 8 tid 106009
360 6 tid 106009
487 10 tid 106009
650 9 tid 106009
200 tid 106009
Insert  tid 106009
FindTargetPageId rootid 7 tid 106008
target_page_id id: 9 tid 106008
0 1 tid 106008
168 8 tid 106008
360 6 tid 106008
487 10 tid 106008
650 9 tid 106008
201 tid 106008
Remove  tid 106008
FindTargetPageId rootid 7 tid 106009
target_page_id id: 9 tid 106009
0 1 tid 106009
168 8 tid 106009
360 6 tid 106009
487 10 tid 106009
650 9 tid 106009
200 tid 106009
Insert  tid 106009
FindTargetPageId rootid 7 tid 106008
target_page_id id: 9 tid 106008
0 1 tid 106008
168 8 tid 106008
360 6 tid 106008
487 10 tid 106008
650 9 tid 106008
201 tid 106008
Remove  tid 106008
FindTargetPageId rootid 7 tid 106009
target_page_id id: 9 tid 106009
0 1 tid 106009
168 8 tid 106009
360 6 tid 106009
487 10 tid 106009
650 9 tid 106009
200 tid 106009
Insert  tid 106009
FindTargetPageId rootid 7 tid 106008
target_page_id id: 9 tid 106008
0 1 tid 106008
168 8 tid 106008
360 6 tid 106008
487 10 tid 106008
650 9 tid 106008
201 tid 106008
Remove  tid 106008
FindTargetPageId rootid 7 tid 106009
target_page_id id: 9 tid 106009
0 1 tid 106009
168 8 tid 106009
360 6 tid 106009
487 10 tid 106009
650 9 tid 106009
200 tid 106009
Insert  tid 106009
FindTargetPageId rootid 7 tid 106009
target_page_id id: 9 tid 106009
0 1 tid 106009
168 8 tid 106009
360 6 tid 106009
487 10 tid 106009
650 9 tid 106009
201 tid 106009
Insert  tid 106009
FindTargetPageId rootid 7 tid 106008
target_page_id id: 9 tid 106008
0 1 tid 106008
168 8 tid 106008
360 6 tid 106008
487 10 tid 106008
650 9 tid 106008
202 tid 106008
Remove  tid 106008
FindTargetPageId rootid 7 tid 106009
target_page_id id: 9 tid 106009
0 1 tid 106009
168 8 tid 106009
360 6 tid 106009
487 10 tid 106009
650 9 tid 106009
201 tid 106009
Insert  tid 106009
FindTargetPageId rootid 7 tid 106008
target_page_id id: 9 tid 106008
0 1 tid 106008
168 8 tid 106008
360 6 tid 106008
487 10 tid 106008
650 9 tid 106008
202 tid 106008
Remove  tid 106008
FindTargetPageId rootid 7 tid 106009
target_page_id id: 9 tid 106009
0 1 tid 106009
168 8 tid 106009
360 6 tid 106009
487 10 tid 106009
650 9 tid 106009
201 tid 106009
Insert  tid 106009
FindTargetPageId rootid 7 tid 106009
target_page_id id: 9 tid 106009
0 1 tid 106009
168 8 tid 106009
360 6 tid 106009
487 10 tid 106009
650 9 tid 106009
202 tid 106009
Insert  tid 106009
FindTargetPageId rootid 7 tid 106009
target_page_id id: 9 tid 106009
0 1 tid 106009
168 8 tid 106009
360 6 tid 106009
487 10 tid 106009
650 9 tid 106009
203 tid 106009
Insert  tid 106009
FindTargetPageId rootid 7 tid 106009
target_page_id id: 9 tid 106009
0 1 tid 106009
168 8 tid 106009
360 6 tid 106009
487 10 tid 106009
650 9 tid 106009
204 tid 106009
Insert  tid 106009
FindTargetPageId rootid 7 tid 106008
target_page_id id: 9 tid 106008
0 1 tid 106008
168 8 tid 106008
360 6 tid 106008
487 10 tid 106008
650 9 tid 106008
205 tid 106008
Remove  tid 106008
FindTargetPageId rootid 7 tid 106009
target_page_id id: 9 tid 106009
0 1 tid 106009
168 8 tid 106009
360 6 tid 106009
487 10 tid 106009
650 9 tid 106009
204 tid 106009
Insert  tid 106009
FindTargetPageId rootid 7 tid 106008
target_page_id id: 9 tid 106008
0 1 tid 106008
168 8 tid 106008
360 6 tid 106008
487 10 tid 106008
650 9 tid 106008
205 tid 106008
Remove  tid 106008
FindTargetPageId rootid 7 tid 106009
target_page_id id: 9 tid 106009
0 1 tid 106009
168 8 tid 106009
360 6 tid 106009
487 10 tid 106009
650 9 tid 106009
204 tid 106009
Insert  tid 106009
FindTargetPageId rootid 7 tid 106008
target_page_id id: 9 tid 106008
0 1 tid 106008
168 8 tid 106008
360 6 tid 106008
487 10 tid 106008
650 9 tid 106008
205 tid 106008
Remove  tid 106008
FindTargetPageId rootid 7 tid 106009
target_page_id id: 9 tid 106009
0 1 tid 106009
168 8 tid 106009
360 6 tid 106009
487 10 tid 106009
650 9 tid 106009
204 tid 106009
Insert  tid 106009
FindTargetPageId rootid 7 tid 106009
target_page_id id: 9 tid 106009
0 1 tid 106009
168 8 tid 106009
360 6 tid 106009
487 10 tid 106009
650 9 tid 106009
205 tid 106009
Insert  tid 106009
FindTargetPageId rootid 7 tid 106008
target_page_id id: 9 tid 106008
0 1 tid 106008
168 8 tid 106008
360 6 tid 106008
487 10 tid 106008
650 9 tid 106008
206 tid 106008
Remove  tid 106008
FindTargetPageId rootid 7 tid 106008
target_page_id id: 9 tid 106008
0 1 tid 106008
168 8 tid 106008
360 6 tid 106008
487 10 tid 106008
650 9 tid 106008
205 tid 106008
Remove  tid 106008
FindTargetPageId rootid 7 tid 106008
target_page_id id: 9 tid 106008
0 1 tid 106008
168 8 tid 106008
360 6 tid 106008
487 10 tid 106008
650 9 tid 106008
204 tid 106008
Remove  tid 106008
FindTargetPageId rootid 7 tid 106008
target_page_id id: 9 tid 106008
0 1 tid 106008
168 8 tid 106008
360 6 tid 106008
487 10 tid 106008
650 9 tid 106008
203 tid 106008
Remove  tid 106008
FindTargetPageId rootid 7 tid 106009
target_page_id id: 9 tid 106009
0 1 tid 106009
168 8 tid 106009
360 6 tid 106009
487 10 tid 106009
650 9 tid 106009
202 tid 106009
Insert  tid 106009
FindTargetPageId rootid 7 tid 106008
target_page_id id: 9 tid 106008
0 1 tid 106008
168 8 tid 106008
360 6 tid 106008
487 10 tid 106008
650 9 tid 106008
203 tid 106008
Remove  tid 106008
FindTargetPageId rootid 7 tid 106008
target_page_id id: 9 tid 106008
0 1 tid 106008
168 8 tid 106008
360 6 tid 106008
487 10 tid 106008
650 9 tid 106008
202 tid 106008
Remove  tid 106008
FindTargetPageId rootid 7 tid 106009
target_page_id id: 9 tid 106009
0 1 tid 106009
168 8 tid 106009
360 6 tid 106009
487 10 tid 106009
650 9 tid 106009
201 tid 106009
Insert  tid 106009
FindTargetPageId rootid 7 tid 106008
target_page_id id: 9 tid 106008
0 1 tid 106008
168 8 tid 106008
360 6 tid 106008
487 10 tid 106008
650 9 tid 106008
202 tid 106008
Remove  tid 106008
FindTargetPageId rootid 7 tid 106009
target_page_id id: 9 tid 106009
0 1 tid 106009
168 8 tid 106009
360 6 tid 106009
487 10 tid 106009
650 9 tid 106009
201 tid 106009
Insert  tid 106009
FindTargetPageId rootid 7 tid 106008
target_page_id id: 9 tid 106008
0 1 tid 106008
168 8 tid 106008
360 6 tid 106008
487 10 tid 106008
650 9 tid 106008
202 tid 106008
Remove  tid 106008
FindTargetPageId rootid 7 tid 106009
target_page_id id: 9 tid 106009
0 1 tid 106009
168 8 tid 106009
360 6 tid 106009
487 10 tid 106009
650 9 tid 106009
201 tid 106009
Insert  tid 106009
FindTargetPageId rootid 7 tid 106008
target_page_id id: 9 tid 106008
0 1 tid 106008
168 8 tid 106008
360 6 tid 106008
487 10 tid 106008
650 9 tid 106008
202 tid 106008
Remove  tid 106008
FindTargetPageId rootid 7 tid 106009
target_page_id id: 9 tid 106009
0 1 tid 106009
168 8 tid 106009
360 6 tid 106009
487 10 tid 106009
650 9 tid 106009
201 tid 106009
Insert  tid 106009
FindTargetPageId rootid 7 tid 106008
target_page_id id: 9 tid 106008
0 1 tid 106008
168 8 tid 106008
360 6 tid 106008
487 10 tid 106008
650 9 tid 106008
202 tid 106008
FindTargetPageId rootid 7 tid 106009
Remove  tid 106008
target_page_id id: 9 tid 106009
0 1 tid 106009
168 8 tid 106009
360 6 tid 106009
487 10 tid 106009
650 9 tid 106009
201 tid 106009
Insert  tid 106009
FindTargetPageId rootid 7 tid 106008
target_page_id id: 9 tid 106008
0 1 tid 106008
168 8 tid 106008
360 6 tid 106008
487 10 tid 106008
650 9 tid 106008
202 tid 106008
Remove  tid 106008
FindTargetPageId rootid 7 tid 106009
target_page_id id: 9 tid 106009
0 1 tid 106009
168 8 tid 106009
360 6 tid 106009
487 10 tid 106009
650 9 tid 106009
201 tid 106009
Insert  tid 106009
FindTargetPageId rootid 7 tid 106008
target_page_id id: 9 tid 106008
0 1 tid 106008
168 8 tid 106008
360 6 tid 106008
487 10 tid 106008
650 9 tid 106008
202 tid 106008
Remove  tid 106008
FindTargetPageId rootid 7 tid 106009
target_page_id id: 9 tid 106009
0 1 tid 106009
168 8 tid 106009
360 6 tid 106009
487 10 tid 106009
650 9 tid 106009
201 tid 106009
Insert  tid 106009
FindTargetPageId rootid 7 tid 106008
target_page_id id: 9 tid 106008
0 1 tid 106008
168 8 tid 106008
360 6 tid 106008
487 10 tid 106008
650 9 tid 106008
202 tid 106008
Remove  tid 106008
FindTargetPageId rootid 7 tid 106009
target_page_id id: 9 tid 106009
0 1 tid 106009
168 8 tid 106009
360 6 tid 106009
487 10 tid 106009
650 9 tid 106009
201 tid 106009
Insert  tid 106009
FindTargetPageId rootid 7 tid 106009
target_page_id id: 9 tid 106009
0 1 tid 106009
168 8 tid 106009
360 6 tid 106009
487 10 tid 106009
650 9 tid 106009
202 tid 106009
Insert  tid 106009
FindTargetPageId rootid 7 tid 106009
target_page_id id: 9 tid 106009
0 1 tid 106009
168 8 tid 106009
360 6 tid 106009
487 10 tid 106009
650 9 tid 106009
203 tid 106009
Insert  tid 106009
FindTargetPageId rootid 7 tid 106009
target_page_id id: 9 tid 106009
0 1 tid 106009
168 8 tid 106009
360 6 tid 106009
487 10 tid 106009
650 9 tid 106009
204 tid 106009
Insert  tid 106009
FindTargetPageId rootid 7 tid 106009
target_page_id id: 9 tid 106009
0 1 tid 106009
168 8 tid 106009
360 6 tid 106009
487 10 tid 106009
650 9 tid 106009
205 tid 106009
Insert  tid 106009
FindTargetPageId rootid 7 tid 106009
target_page_id id: 9 tid 106009
0 1 tid 106009
168 8 tid 106009
360 6 tid 106009
487 10 tid 106009
650 9 tid 106009
206 tid 106009
Insert  tid 106009
FindTargetPageId rootid 7 tid 106009
target_page_id id: 9 tid 106009
0 1 tid 106009
168 8 tid 106009
360 6 tid 106009
487 10 tid 106009
650 9 tid 106009
207 tid 106009
Insert  tid 106009
FindTargetPageId rootid 7 tid 106009
target_page_id id: 9 tid 106009
0 1 tid 106009
168 8 tid 106009
360 6 tid 106009
487 10 tid 106009
650 9 tid 106009
208 tid 106009
Insert  tid 106009
FindTargetPageId rootid 7 tid 106008
target_page_id id: 9 tid 106008
0 1 tid 106008
168 8 tid 106008
360 6 tid 106008
487 10 tid 106008
650 9 tid 106008
209 tid 106008
Remove  tid 106008
FindTargetPageId rootid 7 tid 106009
target_page_id id: 9 tid 106009
0 1 tid 106009
168 8 tid 106009
360 6 tid 106009
487 10 tid 106009
650 9 tid 106009
208 tid 106009
Insert  tid 106009
FindTargetPageId rootid 7 tid 106008
target_page_id id: 9 tid 106008
0 1 tid 106008
168 8 tid 106008
360 6 tid 106008
487 10 tid 106008
650 9 tid 106008
209 tid 106008
Remove  tid 106008
FindTargetPageId rootid 7 tid 106009
target_page_id id: 9 tid 106009
0 1 tid 106009
168 8 tid 106009
360 6 tid 106009
487 10 tid 106009
650 9 tid 106009
208 tid 106009
Insert  tid 106009
FindTargetPageId rootid 7 tid 106008
target_page_id id: 9 tid 106008
0 1 tid 106008
168 8 tid 106008
360 6 tid 106008
487 10 tid 106008
650 9 tid 106008
209 tid 106008
Remove  tid 106008
FindTargetPageId rootid 7 tid 106009
target_page_id id: 9 tid 106009
0 1 tid 106009
168 8 tid 106009
360 6 tid 106009
487 10 tid 106009
650 9 tid 106009
208 tid 106009
Insert  tid 106009
FindTargetPageId rootid 7 tid 106009
target_page_id id: 9 tid 106009
0 1 tid 106009
168 8 tid 106009
360 6 tid 106009
487 10 tid 106009
650 9 tid 106009
209 tid 106009
Insert  tid 106009
FindTargetPageId rootid 7 tid 106009
target_page_id id: 9 tid 106009
0 1 tid 106009
168 8 tid 106009
360 6 tid 106009
487 10 tid 106009
650 9 tid 106009
210 tid 106009
Insert  tid 106009
FindTargetPageId rootid 7 tid 106009
target_page_id id: 9 tid 106009
0 1 tid 106009
168 8 tid 106009
360 6 tid 106009
487 10 tid 106009
650 9 tid 106009
211 tid 106009
Insert  tid 106009
FindTargetPageId rootid 7 tid 106008
target_page_id id: 9 tid 106008
0 1 tid 106008
168 8 tid 106008
360 6 tid 106008
487 10 tid 106008
650 9 tid 106008
212 tid 106008
Remove  tid 106008
FindTargetPageId rootid 7 tid 106008
target_page_id id: 9 tid 106008
0 1 tid 106008
168 8 tid 106008
360 6 tid 106008
487 10 tid 106008
650 9 tid 106008
211 tid 106008
Remove  tid 106008
FindTargetPageId rootid 7 tid 106008
target_page_id id: 9 tid 106008
0 1 tid 106008
168 8 tid 106008
360 6 tid 106008
487 10 tid 106008
650 9 tid 106008
210 tid 106008
Remove  tid 106008
FindTargetPageId rootid 7 tid 106008
target_page_id id: 9 tid 106008
0 1 tid 106008
168 8 tid 106008
360 6 tid 106008
487 10 tid 106008
650 9 tid 106008
209 tid 106008
Remove  tid 106008
FindTargetPageId rootid 7 tid 106008
target_page_id id: 9 tid 106008
0 1 tid 106008
168 8 tid 106008
360 6 tid 106008
487 10 tid 106008
650 9 tid 106008
208 tid 106008
Remove  tid 106008
FindTargetPageId rootid 7 tid 106008
target_page_id id: 9 tid 106008
0 1 tid 106008
168 8 tid 106008
360 6 tid 106008
487 10 tid 106008
650 9 tid 106008
207 tid 106008
Remove  tid 106008
FindTargetPageId rootid 7 tid 106009
target_page_id id: 9 tid 106009
0 1 tid 106009
168 8 tid 106009
360 6 tid 106009
487 10 tid 106009
650 9 tid 106009
206 tid 106009
Insert  tid 106009
FindTargetPageId rootid 7 tid 106008
target_page_id id: 9 tid 106008
0 1 tid 106008
168 8 tid 106008
360 6 tid 106008
487 10 tid 106008
650 9 tid 106008
207 tid 106008
Remove  tid 106008
FindTargetPageId rootid 7 tid 106008
target_page_id id: 9 tid 106008
0 1 tid 106008
168 8 tid 106008
360 6 tid 106008
487 10 tid 106008
650 9 tid 106008
206 tid 106008
Remove  tid 106008
FindTargetPageId rootid 7 tid 106008
target_page_id id: 9 tid 106008
0 1 tid 106008
168 8 tid 106008
360 6 tid 106008
487 10 tid 106008
650 9 tid 106008
205 tid 106008
Remove  tid 106008
FindTargetPageId rootid 7 tid 106008
target_page_id id: 9 tid 106008
0 1 tid 106008
168 8 tid 106008
360 6 tid 106008
487 10 tid 106008
650 9 tid 106008
204 tid 106008
Remove  tid 106008
FindTargetPageId rootid 7 tid 106009
target_page_id id: 9 tid 106009
0 1 tid 106009
168 8 tid 106009
360 6 tid 106009
487 10 tid 106009
650 9 tid 106009
203 tid 106009
Insert  tid 106009
FindTargetPageId rootid 7 tid 106008
target_page_id id: 9 tid 106008
0 1 tid 106008
168 8 tid 106008
360 6 tid 106008
487 10 tid 106008
650 9 tid 106008
204 tid 106008
Remove  tid 106008
FindTargetPageId rootid 7 tid 106008
target_page_id id: 9 tid 106008
0 1 tid 106008
168 8 tid 106008
360 6 tid 106008
487 10 tid 106008
650 9 tid 106008
203 tid 106008
Remove  tid 106008
FindTargetPageId rootid 7 tid 106008
target_page_id id: 9 tid 106008
0 1 tid 106008
168 8 tid 106008
360 6 tid 106008
487 10 tid 106008
650 9 tid 106008
202 tid 106008
Remove  tid 106008
FindTargetPageId rootid 7 tid 106008
target_page_id id: 9 tid 106008
0 1 tid 106008
168 8 tid 106008
360 6 tid 106008
487 10 tid 106008
650 9 tid 106008
201 tid 106008
Remove  tid 106008
FindTargetPageId rootid 7 tid 106008
target_page_id id: 9 tid 106008
0 1 tid 106008
168 8 tid 106008
360 6 tid 106008
487 10 tid 106008
650 9 tid 106008
200 tid 106008
Remove  tid 106008
FindTargetPageId rootid 7 tid 106008
target_page_id id: 9 tid 106008
0 1 tid 106008
168 8 tid 106008
360 6 tid 106008
487 10 tid 106008
650 9 tid 106008
199 tid 106008
Remove  tid 106008
FindTargetPageId rootid 7 tid 106009
target_page_id id: 9 tid 106009
0 1 tid 106009
168 8 tid 106009
360 6 tid 106009
487 10 tid 106009
650 9 tid 106009
198 tid 106009
Insert  tid 106009
FindTargetPageId rootid 7 tid 106008
target_page_id id: 9 tid 106008
0 1 tid 106008
168 8 tid 106008
360 6 tid 106008
487 10 tid 106008
650 9 tid 106008
199 tid 106008
Remove  tid 106008
FindTargetPageId rootid 7 tid 106009
target_page_id id: 9 tid 106009
0 1 tid 106009
168 8 tid 106009
360 6 tid 106009
487 10 tid 106009
650 9 tid 106009
198 tid 106009
FindTargetPageId rootid 7 tid 106008
target_page_id id: 9 tid 106008
0 1 tid 106008
168 8 tid 106008
360 6 tid 106008
487 10 tid 106008
650 9 tid 106008
Insert  tid 199 tid 106009106008

Remove  tid 106008
FindTargetPageId rootid 7 tid 106009
target_page_id id: 9 tid 106009
0 1 tid 106009
168 8 tid 106009
360 6 tid 106009
487 10 tid 106009
650 9 tid 106009
198 tid 106009
Insert  tid 106009
FindTargetPageId rootid 7 tid 106008
target_page_id id: 9 tid 106008
0 1 tid 106008
168 8 tid 106008
360 6 tid 106008
487 10 tid 106008
650 9 tid 106008
199 tid 106008
FindTargetPageId rootid 7 tid 106009
target_page_id id: 9 tid Remove  tid 106008
106009
0 1 tid 106009
168 8 tid 106009
360 6 tid 106009
487 10 tid 106009
650 9 tid 106009
198 tid 106009
Insert  tid 106009
FindTargetPageId rootid 7 tid 106008
target_page_id id: 9 tid 106008
0 1 tid 106008
168 8 tid 106008
360 6 tid 106008
487 10 tid 106008
650 9 tid 106008
199 tid 106008
Remove  tid 106008
FindTargetPageId rootid 7 tid 106009
target_page_id id: 9 tid 106009
0 1 tid 106009
168 8 tid 106009
360 6 tid 106009
487 10 tid 106009
650 9 tid 106009
198 tid 106009
Insert  tid 106009
FindTargetPageId rootid 7 tid 106008
target_page_id id: 9 tid 106008
0 1 tid 106008
168 8 tid 106008
360 6 tid 106008
487 10 tid 106008
650 9 tid 106008
199 tid 106008
Remove  tid 106008
FindTargetPageId rootid 7 tid 106009
target_page_id id: 9 tid 106009
0 1 tid 106009
168 8 tid 106009
360 6 tid 106009
487 10 tid 106009
650 9 tid 106009
198 tid 106009
Insert  tid 106009
FindTargetPageId rootid 7 tid 106008
target_page_id id: 9 tid 106008
0 1 tid 106008
168 8 tid 106008
360 6 tid 106008
487 10 tid 106008
650 9 tid 106008
199 tid 106008
FindTargetPageId rootid 7 tid 106009
target_page_id id: 9 tid 106009
0 1 tid 106009
168 8 tid 106009
360 6 tid 106009
487 10 tid 106009
650 9 tid 106009
Remove  tid 106008
198 tid 106009
Insert  tid 106009
FindTargetPageId rootid 7 tid 106008
target_page_id id: 9 tid 106008
0 1 tid 106008
168 8 tid 106008
360 6 tid 106008
487 10 tid 106008
650 9 tid 106008
199 tid 106008
Remove  tid 106008
FindTargetPageId rootid 7 tid 106009
target_page_id id: 9 tid 106009
0 1 tid 106009
168 8 tid 106009
360 6 tid 106009
487 10 tid 106009
650 9 tid 106009
198 tid 106009
Insert  tid 106009
FindTargetPageId rootid 7 tid 106008
target_page_id id: 9 tid 106008
0 1 tid 106008
168 8 tid 106008
360 6 tid 106008
487 10 tid 106008
650 9 tid 106008
199 tid 106008
Remove  tid 106008
FindTargetPageId rootid 7 tid 106009
target_page_id id: 9 tid 106009
0 1 tid 106009
168 8 tid 106009
360 6 tid 106009
487 10 tid 106009
650 9 tid 106009
198 tid 106009
Insert  tid 106009
FindTargetPageId rootid 7 tid 106008
target_page_id id: 9 tid 106008
0 1 tid 106008
168 8 tid 106008
360 6 tid 106008
487 10 tid 106008
650 9 tid 106008
199 tid 106008
Remove  tid 106008
FindTargetPageId rootid 7 tid 106009
target_page_id id: 9 tid 106009
0 1 tid 106009
168 8 tid 106009
360 6 tid 106009
487 10 tid 106009
650 9 tid 106009
198 tid 106009
Insert  tid 106009
FindTargetPageId rootid 7 tid 106008
target_page_id id: 9 tid 106008
0 1 tid 106008
168 8 tid 106008
360 6 tid 106008
487 10 tid 106008
650 9 tid 106008
199 tid 106008
Remove  tid 106008
FindTargetPageId rootid 7 tid 106009
target_page_id id: 9 tid 106009
0 1 tid 106009
168 8 tid 106009
360 6 tid 106009
487 10 tid 106009
650 9 tid 106009
198 tid 106009
Insert  tid 106009
FindTargetPageId rootid 7 tid 106008
target_page_id id: 9 tid 106008
0 1 tid 106008
168 8 tid 106008
360 6 tid 106008
487 10 tid 106008
650 9 tid 106008
199 tid 106008
Remove  tid 106008
FindTargetPageId rootid 7 tid 106009
target_page_id id: 9 tid 106009
0 1 tid 106009
168 8 tid 106009
360 6 tid 106009
487 10 tid 106009
650 9 tid 106009
198 tid 106009
Insert  tid 106009
FindTargetPageId rootid 7 tid 106008
target_page_id id: 9 tid 106008
0 1 tid 106008
168 8 tid 106008
360 6 tid 106008
487 10 tid 106008
650 9 tid 106008
199 tid 106008
Remove  tid 106008
FindTargetPageId rootid 7 tid 106009
target_page_id id: 9 tid 106009
0 1 tid 106009
168 8 tid 106009
360 6 tid 106009
487 10 tid 106009
650 9 tid 106009
198 tid 106009
Insert  tid 106009
FindTargetPageId rootid 7 tid 106008
target_page_id id: 9 tid 106008
0 1 tid 106008
168 8 tid 106008
360 6 tid 106008
487 10 tid 106008
650 9 tid 106008
199 tid 106008
Remove  tid 106008
FindTargetPageId rootid 7 tid 106009
target_page_id id: 9 tid 106009
0 1 tid 106009
168 8 tid 106009
360 6 tid 106009
487 10 tid 106009
650 9 tid 106009
198 tid 106009
Insert  tid 106009
FindTargetPageId rootid 7 tid 106008
target_page_id id: 9 tid 106008
0 1 tid 106008
168 8 tid 106008
360 6 tid 106008
487 10 tid 106008
650 9 tid 106008
199 tid 106008
Remove  tid 106008
FindTargetPageId rootid 7 tid 106009
target_page_id id: 9 tid 106009
0 1 tid 106009
168 8 tid 106009
360 6 tid 106009
487 10 tid 106009
650 9 tid 106009
198 tid 106009
Insert  tid 106009
FindTargetPageId rootid 7 tid 106008
target_page_id id: 9 tid 106008
0 1 tid 106008
168 8 tid 106008
360 6 tid 106008
487 10 tid 106008
650 9 tid 106008
199 tid 106008
Remove  tid 106008
FindTargetPageId rootid 7 tid 106009
target_page_id id: 9 tid 106009
0 1 tid 106009
168 8 tid 106009
360 6 tid 106009
487 10 tid 106009
650 9 tid 106009
198 tid 106009
Insert  tid 106009
FindTargetPageId rootid 7 tid 106008
target_page_id id: 9 tid 106008
0 1 tid 106008
168 8 tid 106008
360 6 tid 106008
487 10 tid 106008
650 9 tid 106008
199 tid 106008
Remove  tid 106008
FindTargetPageId rootid 7 tid 106009
target_page_id id: 9 tid 106009
0 1 tid 106009
168 8 tid 106009
360 6 tid 106009
487 10 tid 106009
650 9 tid 106009
198 tid 106009
Insert  tid 106009
FindTargetPageId rootid 7 tid 106008
target_page_id id: 9 tid 106008
0 1 tid 106008
168 8 tid 106008
360 6 tid 106008
487 10 tid 106008
650 9 tid 106008
199 tid 106008
Remove  tid 106008
FindTargetPageId rootid 7 tid 106009
target_page_id id: 9 tid 106009
0 1 tid 106009
168 8 tid 106009
360 6 tid 106009
487 10 tid 106009
650 9 tid 106009
198 tid 106009
Insert  tid 106009
FindTargetPageId rootid 7 tid 106008
target_page_id id: 9 tid 106008
0 1 tid 106008
168 8 tid 106008
360 6 tid 106008
487 10 tid 106008
650 9 tid 106008
199 tid 106008
Remove  tid 106008
FindTargetPageId rootid 7 tid 106009
target_page_id id: 9 tid 106009
0 1 tid 106009
168 8 tid 106009
360 6 tid 106009
487 10 tid 106009
650 9 tid 106009
198 tid 106009
Insert  tid 106009
FindTargetPageId rootid 7 tid 106008
target_page_id id: 9 tid 106008
0 1 tid 106008
168 8 tid 106008
360 6 tid 106008
487 10 tid 106008
650 9 tid 106008
199 tid 106008
Remove  tid 106008
FindTargetPageId rootid 7 tid 106009
target_page_id id: 9 tid 106009
0 1 tid 106009
168 8 tid 106009
360 6 tid 106009
487 10 tid 106009
650 9 tid 106009
198 tid 106009
Insert  tid 106009
FindTargetPageId rootid 7 tid 106008
target_page_id id: 9 tid 106008
0 1 tid 106008
168 8 tid 106008
360 6 tid 106008
487 10 tid 106008
650 9 tid 106008
199 tid 106008
Remove  tid 106008
FindTargetPageId rootid 7 tid 106009
target_page_id id: 9 tid 106009
0 1 tid 106009
168 8 tid 106009
360 6 tid 106009
487 10 tid 106009
650 9 tid 106009
198 tid 106009
Insert  tid 106009
FindTargetPageId rootid 7 tid 106008
target_page_id id: 9 tid 106008
0 1 tid 106008
168 8 tid 106008
360 6 tid 106008
487 10 tid 106008
650 9 tid 106008
199 tid 106008
Remove  tid 106008
FindTargetPageId rootid 7 tid 106009
target_page_id id: 9 tid 106009
0 1 tid 106009
168 8 tid 106009
360 6 tid 106009
487 10 tid 106009
650 9 tid 106009
198 tid 106009
Insert  tid 106009
FindTargetPageId rootid 7 tid 106008
target_page_id id: 9 tid 106008
0 1 tid 106008
168 8 tid 106008
360 6 tid 106008
487 10 tid 106008
650 9 tid 106008
199 tid 106008
Remove  tid 106008
FindTargetPageId rootid 7 tid 106009
target_page_id id: 9 tid 106009
0 1 tid 106009
168 8 tid 106009
360 6 tid 106009
487 10 tid 106009
650 9 tid 106009
198 tid 106009
Insert  tid 106009
FindTargetPageId rootid 7 tid 106008
target_page_id id: 9 tid 106008
0 1 tid 106008
168 8 tid 106008
360 6 tid 106008
487 10 tid 106008
650 9 tid 106008
199 tid 106008
Remove  tid 106008
FindTargetPageId rootid 7 tid 106009
target_page_id id: 9 tid 106009
0 1 tid 106009
168 8 tid 106009
360 6 tid 106009
487 10 tid 106009
650 9 tid 106009
198 tid 106009
Insert  tid 106009
FindTargetPageId rootid 7 tid 106008
target_page_id id: 9 tid 106008
0 1 tid 106008
168 8 tid 106008
360 6 tid 106008
487 10 tid 106008
650 9 tid 106008
199 tid 106008
Remove  tid 106008
FindTargetPageId rootid 7 tid 106009
target_page_id id: 9 tid 106009
0 1 tid 106009
168 8 tid 106009
360 6 tid 106009
487 10 tid 106009
650 9 tid 106009
198 tid 106009
Insert  tid 106009
FindTargetPageId rootid 7 tid 106008
target_page_id id: 9 tid 106008
0 1 tid 106008
168 8 tid 106008
360 6 tid 106008
487 10 tid 106008
650 9 tid 106008
199 tid 106008
Remove  tid 106008
FindTargetPageId rootid 7 tid 106009
target_page_id id: 9 tid 106009
0 1 tid 106009
168 8 tid 106009
360 6 tid 106009
487 10 tid 106009
650 9 tid 106009
198 tid 106009
Insert  tid 106009
FindTargetPageId rootid 7 tid 106008
target_page_id id: 9 tid 106008
0 1 tid 106008
168 8 tid 106008
360 6 tid 106008
487 10 tid 106008
650 9 tid 106008
199 tid 106008
Remove  tid 106008
FindTargetPageId rootid 7 tid 106009
target_page_id id: 9 tid 106009
0 1 tid 106009
168 8 tid 106009
360 6 tid 106009
487 10 tid 106009
650 9 tid 106009
198 tid 106009
Insert  tid 106009
FindTargetPageId rootid 7 tid 106008
target_page_id id: 9 tid 106008
0 1 tid 106008
168 8 tid 106008
360 6 tid 106008
487 10 tid 106008
650 9 tid 106008
199 tid 106008
Remove  tid 106008
FindTargetPageId rootid 7 tid 106009
target_page_id id: 9 tid 106009
0 1 tid 106009
168 8 tid 106009
360 6 tid 106009
487 10 tid 106009
650 9 tid 106009
198 tid 106009
Insert  tid 106009
FindTargetPageId rootid 7 tid 106008
target_page_id id: 9 tid 106008
0 1 tid 106008
168 8 tid 106008
360 6 tid 106008
487 10 tid 106008
650 9 tid 106008
199 tid 106008
Remove  tid 106008
FindTargetPageId rootid 7 tid 106009
target_page_id id: 9 tid 106009
0 1 tid 106009
168 8 tid 106009
360 6 tid 106009
487 10 tid 106009
650 9 tid 106009
198 tid 106009
Insert  tid 106009
FindTargetPageId rootid 7 tid 106008
target_page_id id: 9 tid 106008
0 1 tid 106008
168 8 tid 106008
360 6 tid 106008
487 10 tid 106008
650 9 tid 106008
199 tid 106008
Remove  tid 106008
FindTargetPageId rootid 7 tid 106009
target_page_id id: 9 tid 106009
0 1 tid 106009
168 8 tid 106009
360 6 tid 106009
487 10 tid 106009
650 9 tid 106009
198 tid 106009
Insert  tid 106009
FindTargetPageId rootid 7 tid 106008
target_page_id id: 9 tid 106008
0 1 tid 106008
168 8 tid 106008
360 6 tid 106008
487 10 tid 106008
650 9 tid 106008
199 tid 106008
Remove  tid 106008
FindTargetPageId rootid 7 tid 106009
target_page_id id: 9 tid 106009
0 1 tid 106009
168 8 tid 106009
360 6 tid 106009
487 10 tid 106009
650 9 tid 106009
198 tid 106009
Insert  tid 106009
FindTargetPageId rootid 7 tid 106008
target_page_id id: 9 tid 106008
0 1 tid 106008
168 8 tid 106008
360 6 tid 106008
487 10 tid 106008
650 9 tid 106008
199 tid 106008
Remove  tid 106008
FindTargetPageId rootid 7 tid 106009
target_page_id id: 9 tid 106009
0 1 tid 106009
168 8 tid 106009
360 6 tid 106009
487 10 tid 106009
650 9 tid 106009
198 tid 106009
Insert  tid 106009
FindTargetPageId rootid 7 tid 106008
target_page_id id: 9 tid 106008
0 1 tid 106008
168 8 tid 106008
360 6 tid 106008
487 10 tid 106008
650 9 tid 106008
199 tid 106008
Remove  tid 106008
FindTargetPageId rootid 7 tid 106009
target_page_id id: 9 tid 106009
0 1 tid 106009
168 8 tid 106009
360 6 tid 106009
487 10 tid 106009
650 9 tid 106009
198 tid 106009
Insert  tid 106009
FindTargetPageId rootid 7 tid 106008
target_page_id id: 9 tid 106008
0 1 tid 106008
168 8 tid 106008
360 6 tid 106008
487 10 tid 106008
650 9 tid 106008
199 tid 106008
Remove  tid 106008
FindTargetPageId rootid 7 tid 106009
target_page_id id: 9 tid 106009
0 1 tid 106009
168 8 tid 106009
360 6 tid 106009
487 10 tid 106009
650 9 tid 106009
198 tid 106009
Insert  tid 106009
FindTargetPageId rootid 7 tid 106008
target_page_id id: 9 tid 106008
0 1 tid 106008
168 8 tid 106008
360 6 tid 106008
487 10 tid 106008
650 9 tid 106008
199 tid 106008
Remove  tid 106008
FindTargetPageId rootid 7 tid 106009
target_page_id id: 9 tid 106009
0 1 tid 106009
168 8 tid 106009
360 6 tid 106009
487 10 tid 106009
650 9 tid 106009
198 tid 106009
Insert  tid 106009
FindTargetPageId rootid 7 tid 106008
target_page_id id: 9 tid 106008
0 1 tid 106008
168 8 tid 106008
360 6 tid 106008
487 10 tid 106008
650 9 tid 106008
199 tid 106008
Remove  tid 106008
FindTargetPageId rootid 7 tid 106009
target_page_id id: 9 tid 106009
0 1 tid 106009
168 8 tid 106009
360 6 tid 106009
487 10 tid 106009
650 9 tid 106009
198 tid 106009
Insert  tid 106009
FindTargetPageId rootid 7 tid 106008
target_page_id id: 9 tid 106008
0 1 tid 106008
168 8 tid 106008
360 6 tid 106008
487 10 tid 106008
650 9 tid 106008
199 tid 106008
Remove  tid 106008
FindTargetPageId rootid 7 tid 106009
target_page_id id: 9 tid 106009
0 1 tid 106009
168 8 tid 106009
360 6 tid 106009
487 10 tid 106009
650 9 tid 106009
198 tid 106009
FindTargetPageId rootid 7 tid Insert  tid 106008106009

target_page_id id: 9 tid 106008
0 1 tid 106008
168 8 tid 106008
360 6 tid 106008
487 10 tid 106008
650 9 tid 106008
199 tid 106008
Remove  tid 106008
FindTargetPageId rootid 7 tid 106009
target_page_id id: 9 tid 106009
0 1 tid 106009
168 8 tid 106009
360 6 tid 106009
487 10 tid 106009
650 9 tid 106009
198 tid 106009
Insert  tid 106009
FindTargetPageId rootid 7 tid 106008
target_page_id id: 9 tid 106008
0 1 tid 106008
168 8 tid 106008
360 6 tid 106008
487 10 tid 106008
650 9 tid 106008
199 tid 106008
FindTargetPageId rootid 7 tid 106009
target_page_id id: 9 tid 106009
0 1 tid 106009
168 8 tid 106009
360 6 tid 106009
487 10 tid 106009
650 9 tid 106009
198 tid 106009
Insert  tid 106009
FindTargetPageId rootid 7 tid 106009
target_page_id id: 9 tid 106009
0 1 tid 106009
168 8 tid 106009
360 6 tid 106009
487 10 tid 106009
650 9 tid 106009
199 tid 106009
Insert  tid 106009
FindTargetPageId rootid 7 tid 106009
target_page_id id: 9 tid 106009
0 1 tid 106009
168 8 tid 106009
360 6 tid 106009
487 10 tid 106009
650 9 tid 106009
200 tid 106009
Insert  tid 106009
FindTargetPageId rootid 7 tid 106009
target_page_id id: 9 tid 106009
0 1 tid 106009
168 8 tid 106009
360 6 tid 106009
487 10 tid 106009
650 9 tid 106009
201 tid 106009
Insert  tid 106009
FindTargetPageId rootid 7 tid 106009
target_page_id id: 9 tid 106009
0 1 tid 106009
168 8 tid 106009
360 6 tid 106009
487 10 tid 106009
650 9 tid 106009
202 tid 106009
Insert  tid 106009
FindTargetPageId rootid 7 tid 106009
target_page_id id: 9 tid 106009
0 1 tid 106009
168 8 tid 106009
360 6 tid 106009
487 10 tid 106009
650 9 tid 106009
203 tid 106009
Insert  tid 106009
FindTargetPageId rootid 7 tid 106009
target_page_id id: 9 tid 106009
0 1 tid 106009
168 8 tid 106009
360 6 tid 106009
487 10 tid 106009
650 9 tid 106009
204 tid 106009
Insert  tid 106009
FindTargetPageId rootid 7 tid 106009
target_page_id id: 9 tid 106009
0 1 tid 106009
168 8 tid 106009
360 6 tid 106009
487 10 tid 106009
650 9 tid 106009
205 tid 106009
Insert  tid 106009
FindTargetPageId rootid 7 tid 106009
target_page_id id: 9 tid 106009
0 1 tid 106009
168 8 tid 106009
360 6 tid 106009
487 10 tid 106009
650 9 tid 106009
206 tid 106009
Insert  tid 106009
FindTargetPageId rootid 7 tid 106009
target_page_id id: 9 tid 106009
0 1 tid 106009
168 8 tid 106009
360 6 tid 106009
487 10 tid 106009
650 9 tid 106009
207 tid 106009
Insert  tid 106009
FindTargetPageId rootid 7 tid 106009
target_page_id id: 9 tid 106009
0 1 tid 106009
168 8 tid 106009
360 6 tid 106009
487 10 tid 106009
650 9 tid 106009
208 tid 106009
Insert  tid 106009
FindTargetPageId rootid 7 tid 106009
target_page_id id: 9 tid 106009
0 1 tid 106009
168 8 tid 106009
360 6 tid 106009
487 10 tid 106009
650 9 tid 106009
209 tid 106009
Insert  tid 106009
FindTargetPageId rootid 7 tid 106009
target_page_id id: 9 tid 106009
0 1 tid 106009
168 8 tid 106009
360 6 tid 106009
487 10 tid 106009
650 9 tid 106009
210 tid 106009
Insert  tid 106009
FindTargetPageId rootid 7 tid 106009
target_page_id id: 9 tid 106009
0 1 tid 106009
168 8 tid 106009
360 6 tid 106009
487 10 tid 106009
650 9 tid 106009
211 tid 106009
Insert  tid 106009
FindTargetPageId rootid 7 tid 106009
target_page_id id: 9 tid 106009
0 1 tid 106009
168 8 tid 106009
360 6 tid 106009
487 10 tid 106009
650 9 tid 106009
212 tid 106009
Insert  tid 106009
FindTargetPageId rootid 7 tid 106009
target_page_id id: 9 tid 106009
0 1 tid 106009
168 8 tid 106009
360 6 tid 106009
487 10 tid 106009
650 9 tid 106009
213 tid 106009
Insert  tid 106009
FindTargetPageId rootid 7 tid 106009
target_page_id id: 9 tid 106009
0 1 tid 106009
168 8 tid 106009
360 6 tid 106009
487 10 tid 106009
650 9 tid 106009
214 tid 106009
Insert  tid 106009
FindTargetPageId rootid 7 tid 106009
target_page_id id: 9 tid 106009
0 1 tid 106009
168 8 tid 106009
360 6 tid 106009
487 10 tid 106009
650 9 tid 106009
215 tid 106009
Insert  tid 106009
FindTargetPageId rootid 7 tid 106009
target_page_id id: 9 tid 106009
0 1 tid 106009
168 8 tid 106009
360 6 tid 106009
487 10 tid 106009
650 9 tid 106009
216 tid 106009
Insert  tid 106009
FindTargetPageId rootid 7 tid 106009
target_page_id id: 9 tid 106009
0 1 tid 106009
168 8 tid 106009
360 6 tid 106009
487 10 tid 106009
650 9 tid 106009
217 tid 106009
Insert  tid 106009
FindTargetPageId rootid 7 tid 106009
target_page_id id: 9 tid 106009
0 1 tid 106009
168 8 tid 106009
360 6 tid 106009
487 10 tid 106009
650 9 tid 106009
218 tid 106009
Insert  tid 106009
FindTargetPageId rootid 7 tid 106009
target_page_id id: 9 tid 106009
0 1 tid 106009
168 8 tid 106009
360 6 tid 106009
487 10 tid 106009
650 9 tid 106009
219 tid 106009
Insert  tid 106009
FindTargetPageId rootid 7 tid 106009
target_page_id id: 9 tid 106009
0 1 tid 106009
168 8 tid 106009
360 6 tid 106009
487 10 tid 106009
650 9 tid 106009
220 tid 106009
Insert  tid 106009
FindTargetPageId rootid 7 tid 106009
target_page_id id: 9 tid 106009
0 1 tid 106009
168 8 tid 106009
360 6 tid 106009
487 10 tid 106009
650 9 tid 106009
221 tid 106009
Insert  tid 106009
FindTargetPageId rootid 7 tid 106009
target_page_id id: 9 tid 106009
0 1 tid 106009
168 8 tid 106009
360 6 tid 106009
487 10 tid 106009
650 9 tid 106009
222 tid 106009
Insert  tid 106009
FindTargetPageId rootid 7 tid 106009
target_page_id id: 9 tid 106009
0 1 tid 106009
168 8 tid 106009
360 6 tid 106009
487 10 tid 106009
650 9 tid 106009
223 tid 106009
Insert  tid 106009
FindTargetPageId rootid 7 tid 106009
target_page_id id: 9 tid 106009
0 1 tid 106009
168 8 tid 106009
360 6 tid 106009
487 10 tid 106009
650 9 tid 106009
224 tid 106009
Insert  tid 106009
FindTargetPageId rootid 7 tid 106009
target_page_id id: 9 tid 106009
0 1 tid 106009
168 8 tid 106009
360 6 tid 106009
487 10 tid 106009
650 9 tid 106009
225 tid 106009
Insert  tid 106009
FindTargetPageId rootid 7 tid 106009
target_page_id id: 9 tid 106009
0 1 tid 106009
168 8 tid 106009
360 6 tid 106009
487 10 tid 106009
650 9 tid 106009
226 tid 106009
Insert  tid 106009
FindTargetPageId rootid 7 tid 106009
target_page_id id: 9 tid 106009
0 1 tid 106009
168 8 tid 106009
360 6 tid 106009
487 10 tid 106009
650 9 tid 106009
227 tid 106009
Insert  tid 106009
FindTargetPageId rootid 7 tid 106009
target_page_id id: 9 tid 106009
0 1 tid 106009
168 8 tid 106009
360 6 tid 106009
487 10 tid 106009
650 9 tid 106009
228 tid 106009
Insert  tid 106009
FindTargetPageId rootid 7 tid 106009
target_page_id id: 9 tid 106009
0 1 tid 106009
168 8 tid 106009
360 6 tid 106009
487 10 tid 106009
650 9 tid 106009
229 tid 106009
Insert  tid 106009
FindTargetPageId rootid 7 tid 106009
target_page_id id: 9 tid 106009
0 1 tid 106009
168 8 tid 106009
360 6 tid 106009
487 10 tid 106009
650 9 tid 106009
230 tid 106009
Insert  tid 106009
FindTargetPageId rootid 7 tid 106009
target_page_id id: 9 tid 106009
0 1 tid 106009
168 8 tid 106009
360 6 tid 106009
487 10 tid 106009
650 9 tid 106009
231 tid 106009
Insert  tid 106009
FindTargetPageId rootid 7 tid 106009
target_page_id id: 9 tid 106009
0 1 tid 106009
168 8 tid 106009
360 6 tid 106009
487 10 tid 106009
650 9 tid 106009
232 tid 106009
Insert  tid 106009
FindTargetPageId rootid 7 tid 106009
target_page_id id: 9 tid 106009
0 1 tid 106009
168 8 tid 106009
360 6 tid 106009
487 10 tid 106009
650 9 tid 106009
233 tid 106009
Insert  tid 106009
FindTargetPageId rootid 7 tid 106009
target_page_id id: 9 tid 106009
0 1 tid 106009
168 8 tid 106009
360 6 tid 106009
487 10 tid 106009
650 9 tid 106009
234 tid 106009
Insert  tid 106009
FindTargetPageId rootid 7 tid 106009
target_page_id id: 9 tid 106009
0 1 tid 106009
168 8 tid 106009
360 6 tid 106009
487 10 tid 106009
650 9 tid 106009
235 tid 106009
Insert  tid 106009
FindTargetPageId rootid 7 tid 106009
target_page_id id: 9 tid 106009
0 1 tid 106009
168 8 tid 106009
360 6 tid 106009
487 10 tid 106009
650 9 tid 106009
236 tid 106009
Insert  tid 106009
FindTargetPageId rootid 7 tid 106009
target_page_id id: 9 tid 106009
0 1 tid 106009
168 8 tid 106009
360 6 tid 106009
487 10 tid 106009
650 9 tid 106009
237 tid 106009
Insert  tid 106009
FindTargetPageId rootid 7 tid 106009
target_page_id id: 9 tid 106009
0 1 tid 106009
168 8 tid 106009
360 6 tid 106009
487 10 tid 106009
650 9 tid 106009
238 tid 106009
Insert  tid 106009
FindTargetPageId rootid 7 tid 106009
target_page_id id: 9 tid 106009
0 1 tid 106009
168 8 tid 106009
360 6 tid 106009
487 10 tid 106009
650 9 tid 106009
239 tid 106009
Insert  tid 106009
FindTargetPageId rootid 7 tid 106009
target_page_id id: 9 tid 106009
0 1 tid 106009
168 8 tid 106009
360 6 tid 106009
487 10 tid 106009
650 9 tid 106009
240 tid 106009
Insert  tid 106009
FindTargetPageId rootid 7 tid 106009
target_page_id id: 9 tid 106009
0 1 tid 106009
168 8 tid 106009
360 6 tid 106009
487 10 tid 106009
650 9 tid 106009
241 tid 106009
Insert  tid 106009
FindTargetPageId rootid 7 tid 106009
target_page_id id: 9 tid 106009
0 1 tid 106009
168 8 tid 106009
360 6 tid 106009
487 10 tid 106009
650 9 tid 106009
242 tid 106009
Insert  tid 106009
FindTargetPageId rootid 7 tid 106009
target_page_id id: 9 tid 106009
0 1 tid 106009
168 8 tid 106009
360 6 tid 106009
487 10 tid 106009
650 9 tid 106009
243 tid 106009
Insert  tid 106009
FindTargetPageId rootid 7 tid 106009
target_page_id id: 9 tid 106009
0 1 tid 106009
168 8 tid 106009
360 6 tid 106009
487 10 tid 106009
650 9 tid 106009
244 tid 106009
Insert  tid 106009
FindTargetPageId rootid 7 tid 106009
target_page_id id: 9 tid 106009
0 1 tid 106009
168 8 tid 106009
360 6 tid 106009
487 10 tid 106009
650 9 tid 106009
245 tid 106009
Insert  tid 106009
FindTargetPageId rootid 7 tid 106009
target_page_id id: 9 tid 106009
0 1 tid 106009
168 8 tid 106009
360 6 tid 106009
487 10 tid 106009
650 9 tid 106009
246 tid 106009
Insert  tid 106009
FindTargetPageId rootid 7 tid 106009
target_page_id id: 9 tid 106009
0 1 tid 106009
168 8 tid 106009
360 6 tid 106009
487 10 tid 106009
650 9 tid 106009
247 tid 106009
Insert  tid 106009
FindTargetPageId rootid 7 tid 106009
target_page_id id: 9 tid 106009
0 1 tid 106009
168 8 tid 106009
360 6 tid 106009
487 10 tid 106009
650 9 tid 106009
248 tid 106009
Insert  tid 106009
FindTargetPageId rootid 7 tid 106009
target_page_id id: 9 tid 106009
0 1 tid 106009
168 8 tid 106009
360 6 tid 106009
487 10 tid 106009
650 9 tid 106009
249 tid 106009
Insert  tid 106009
FindTargetPageId rootid 7 tid 106009
target_page_id id: 9 tid 106009
0 1 tid 106009
168 8 tid 106009
360 6 tid 106009
487 10 tid 106009
650 9 tid 106009
250 tid 106009
Insert  tid 106009
FindTargetPageId rootid 7 tid 106009
target_page_id id: 9 tid 106009
0 1 tid 106009
168 8 tid 106009
360 6 tid 106009
487 10 tid 106009
650 9 tid 106009
251 tid 106009
Insert  tid 106009
FindTargetPageId rootid 7 tid 106009
target_page_id id: 9 tid 106009
0 1 tid 106009
168 8 tid 106009
360 6 tid 106009
487 10 tid 106009
650 9 tid 106009
252 tid 106009
Insert  tid 106009
FindTargetPageId rootid 7 tid 106009
target_page_id id: 9 tid 106009
0 1 tid 106009
168 8 tid 106009
360 6 tid 106009
487 10 tid 106009
650 9 tid 106009
253 tid 106009
Insert  tid 106009
FindTargetPageId rootid 7 tid 106009
target_page_id id: 9 tid 106009
0 1 tid 106009
168 8 tid 106009
360 6 tid 106009
487 10 tid 106009
650 9 tid 106009
254 tid 106009
Insert  tid 106009
FindTargetPageId rootid 7 tid 106009
target_page_id id: 11 tid 106009
0 1 tid 106009
168 8 tid 106009
360 6 tid 106009
487 10 tid 106009
650 9 tid 106009
777 11 tid 106009
128 tid 106009
Insert  tid 106009
FindTargetPageId rootid 7 tid 106009
target_page_id id: 11 tid 106009
0 1 tid 106009
168 8 tid 106009
360 6 tid 106009
487 10 tid 106009
650 9 tid 106009
777 11 tid 106009
129 tid 106009
Insert  tid 106009
FindTargetPageId rootid 7 tid 106009
target_page_id id: 11 tid 106009
0 1 tid 106009
168 8 tid 106009
360 6 tid 106009
487 10 tid 106009
650 9 tid 106009
777 11 tid 106009
130 tid 106009
Insert  tid 106009
FindTargetPageId rootid 7 tid 106009
target_page_id id: 11 tid 106009
0 1 tid 106009
168 8 tid 106009
360 6 tid 106009
487 10 tid 106009
650 9 tid 106009
777 11 tid 106009
131 tid 106009
Insert  tid 106009
FindTargetPageId rootid 7 tid 106009
target_page_id id: 11 tid 106009
0 1 tid 106009
168 8 tid 106009
360 6 tid 106009
487 10 tid 106009
650 9 tid 106009
777 11 tid 106009
132 tid 106009
Insert  tid 106009
FindTargetPageId rootid 7 tid 106009
target_page_id id: 11 tid 106009
0 1 tid 106009
168 8 tid 106009
360 6 tid 106009
487 10 tid 106009
650 9 tid 106009
777 11 tid 106009
133 tid 106009
Insert  tid 106009
FindTargetPageId rootid 7 tid 106009
target_page_id id: 11 tid 106009
0 1 tid 106009
168 8 tid 106009
360 6 tid 106009
487 10 tid 106009
650 9 tid 106009
777 11 tid 106009
134 tid 106009
Insert  tid 106009
FindTargetPageId rootid 7 tid 106009
target_page_id id: 11 tid 106009
0 1 tid 106009
168 8 tid 106009
360 6 tid 106009
487 10 tid 106009
650 9 tid 106009
777 11 tid 106009
135 tid 106009
Insert  tid 106009
FindTargetPageId rootid 7 tid 106009
target_page_id id: 11 tid 106009
0 1 tid 106009
168 8 tid 106009
360 6 tid 106009
487 10 tid 106009
650 9 tid 106009
777 11 tid 106009
136 tid 106009
Insert  tid 106009
FindTargetPageId rootid 7 tid 106009
target_page_id id: 11 tid 106009
0 1 tid 106009
168 8 tid 106009
360 6 tid 106009
487 10 tid 106009
650 9 tid 106009
777 11 tid 106009
137 tid 106009
Insert  tid 106009
FindTargetPageId rootid 7 tid 106009
target_page_id id: 11 tid 106009
0 1 tid 106009
168 8 tid 106009
360 6 tid 106009
487 10 tid 106009
650 9 tid 106009
777 11 tid 106009
138 tid 106009
Insert  tid 106009
FindTargetPageId rootid 7 tid 106009
target_page_id id: 11 tid 106009
0 1 tid 106009
168 8 tid 106009
360 6 tid 106009
487 10 tid 106009
650 9 tid 106009
777 11 tid 106009
139 tid 106009
Insert  tid 106009
FindTargetPageId rootid 7 tid 106009
target_page_id id: 11 tid 106009
0 1 tid 106009
168 8 tid 106009
360 6 tid 106009
487 10 tid 106009
650 9 tid 106009
777 11 tid 106009
140 tid 106009
Insert  tid 106009
FindTargetPageId rootid 7 tid 106009
target_page_id id: 11 tid 106009
0 1 tid 106009
168 8 tid 106009
360 6 tid 106009
487 10 tid 106009
650 9 tid 106009
777 11 tid 106009
141 tid 106009
Insert  tid 106009
FindTargetPageId rootid 7 tid 106009
target_page_id id: 11 tid 106009
0 1 tid 106009
168 8 tid 106009
360 6 tid 106009
487 10 tid 106009
650 9 tid 106009
777 11 tid 106009
142 tid 106009
Insert  tid 106009
FindTargetPageId rootid 7 tid 106009
target_page_id id: 11 tid 106009
0 1 tid 106009
168 8 tid 106009
360 6 tid 106009
487 10 tid 106009
650 9 tid 106009
777 11 tid 106009
143 tid 106009
Insert  tid 106009
FindTargetPageId rootid 7 tid 106009
target_page_id id: 11 tid 106009
0 1 tid 106009
168 8 tid 106009
360 6 tid 106009
487 10 tid 106009
650 9 tid 106009
777 11 tid 106009
144 tid 106009
Insert  tid 106009
FindTargetPageId rootid 7 tid 106009
target_page_id id: 11 tid 106009
0 1 tid 106009
168 8 tid 106009
360 6 tid 106009
487 10 tid 106009
650 9 tid 106009
777 11 tid 106009
145 tid 106009
Insert  tid 106009
FindTargetPageId rootid 7 tid 106009
target_page_id id: 11 tid 106009
0 1 tid 106009
168 8 tid 106009
360 6 tid 106009
487 10 tid 106009
650 9 tid 106009
777 11 tid 106009
146 tid 106009
Insert  tid 106009
FindTargetPageId rootid 7 tid 106009
target_page_id id: 11 tid 106009
0 1 tid 106009
168 8 tid 106009
360 6 tid 106009
487 10 tid 106009
650 9 tid 106009
777 11 tid 106009
147 tid 106009
Insert  tid 106009
FindTargetPageId rootid 7 tid 106009
target_page_id id: 11 tid 106009
0 1 tid 106009
168 8 tid 106009
360 6 tid 106009
487 10 tid 106009
650 9 tid 106009
777 11 tid 106009
148 tid 106009
Insert  tid 106009
FindTargetPageId rootid 7 tid 106009
target_page_id id: 11 tid 106009
0 1 tid 106009
168 8 tid 106009
360 6 tid 106009
487 10 tid 106009
650 9 tid 106009
777 11 tid 106009
149 tid 106009
Insert  tid 106009
FindTargetPageId rootid 7 tid 106009
target_page_id id: 11 tid 106009
0 1 tid 106009
168 8 tid 106009
360 6 tid 106009
487 10 tid 106009
650 9 tid 106009
777 11 tid 106009
150 tid 106009
Insert  tid 106009
FindTargetPageId rootid 7 tid 106009
target_page_id id: 11 tid 106009
0 1 tid 106009
168 8 tid 106009
360 6 tid 106009
487 10 tid 106009
650 9 tid 106009
777 11 tid 106009
151 tid 106009
Insert  tid 106009
FindTargetPageId rootid 7 tid 106009
target_page_id id: 11 tid 106009
0 1 tid 106009
168 8 tid 106009
360 6 tid 106009
487 10 tid 106009
650 9 tid 106009
777 11 tid 106009
152 tid 106009
Insert  tid 106009
FindTargetPageId rootid 7 tid 106009
target_page_id id: 11 tid 106009
0 1 tid 106009
168 8 tid 106009
360 6 tid 106009
487 10 tid 106009
650 9 tid 106009
777 11 tid 106009
153 tid 106009
Insert  tid 106009
FindTargetPageId rootid 7 tid 106009
target_page_id id: 11 tid 106009
0 1 tid 106009
168 8 tid 106009
360 6 tid 106009
487 10 tid 106009
650 9 tid 106009
777 11 tid 106009
154 tid 106009
Insert  tid 106009
FindTargetPageId rootid 7 tid 106009
target_page_id id: 11 tid 106009
0 1 tid 106009
168 8 tid 106009
360 6 tid 106009
487 10 tid 106009
650 9 tid 106009
777 11 tid 106009
155 tid 106009
Insert  tid 106009
FindTargetPageId rootid 7 tid 106009
target_page_id id: 11 tid 106009
0 1 tid 106009
168 8 tid 106009
360 6 tid 106009
487 10 tid 106009
650 9 tid 106009
777 11 tid 106009
156 tid 106009
Insert  tid 106009
FindTargetPageId rootid 7 tid 106009
target_page_id id: 11 tid 106009
0 1 tid 106009
168 8 tid 106009
360 6 tid 106009
487 10 tid 106009
650 9 tid 106009
777 11 tid 106009
157 tid 106009
Insert  tid 106009
FindTargetPageId rootid 7 tid 106009
target_page_id id: 11 tid 106009
0 1 tid 106009
168 8 tid 106009
360 6 tid 106009
487 10 tid 106009
650 9 tid 106009
777 11 tid 106009
158 tid 106009
Insert  tid 106009
FindTargetPageId rootid 7 tid 106009
target_page_id id: 11 tid 106009
0 1 tid 106009
168 8 tid 106009
360 6 tid 106009
487 10 tid 106009
650 9 tid 106009
777 11 tid 106009
159 tid 106009
Insert  tid 106009
FindTargetPageId rootid 7 tid 106009
target_page_id id: 11 tid 106009
0 1 tid 106009
168 8 tid 106009
360 6 tid 106009
487 10 tid 106009
650 9 tid 106009
777 11 tid 106009
160 tid 106009
Insert  tid 106009
FindTargetPageId rootid 7 tid 106009
target_page_id id: 11 tid 106009
0 1 tid 106009
168 8 tid 106009
360 6 tid 106009
487 10 tid 106009
650 9 tid 106009
777 11 tid 106009
161 tid 106009
Insert  tid 106009
FindTargetPageId rootid 7 tid 106009
target_page_id id: 11 tid 106009
0 1 tid 106009
168 8 tid 106009
360 6 tid 106009
487 10 tid 106009
650 9 tid 106009
777 11 tid 106009
162 tid 106009
Insert  tid 106009
FindTargetPageId rootid 7 tid 106009
target_page_id id: 11 tid 106009
0 1 tid 106009
168 8 tid 106009
360 6 tid 106009
487 10 tid 106009
650 9 tid 106009
777 11 tid 106009
163 tid 106009
Insert  tid 106009
FindTargetPageId rootid 7 tid 106009
target_page_id id: 11 tid 106009
0 1 tid 106009
168 8 tid 106009
360 6 tid 106009
487 10 tid 106009
650 9 tid 106009
777 11 tid 106009
164 tid 106009
Insert  tid 106009
FindTargetPageId rootid 7 tid 106009
target_page_id id: 11 tid 106009
0 1 tid 106009
168 8 tid 106009
360 6 tid 106009
487 10 tid 106009
650 9 tid 106009
777 11 tid 106009
165 tid 106009
Insert  tid 106009
FindTargetPageId rootid 7 tid 106009
target_page_id id: 11 tid 106009
0 1 tid 106009
168 8 tid 106009
360 6 tid 106009
487 10 tid 106009
650 9 tid 106009
777 11 tid 106009
166 tid 106009
Insert  tid 106009
FindTargetPageId rootid 7 tid 106009
target_page_id id: 11 tid 106009
0 1 tid 106009
168 8 tid 106009
360 6 tid 106009
487 10 tid 106009
650 9 tid 106009
777 11 tid 106009
167 tid 106009
Insert  tid 106009
FindTargetPageId rootid 7 tid 106009
target_page_id id: 11 tid 106009
0 1 tid 106009
168 8 tid 106009
360 6 tid 106009
487 10 tid 106009
650 9 tid 106009
777 11 tid 106009
168 tid 106009
Insert  tid 106009
FindTargetPageId rootid 7 tid 106009
target_page_id id: 11 tid 106009
0 1 tid 106009
168 8 tid 106009
360 6 tid 106009
487 10 tid 106009
650 9 tid 106009
777 11 tid 106009
169 tid 106009
Insert  tid 106009
FindTargetPageId rootid 7 tid 106009
target_page_id id: 11 tid 106009
0 1 tid 106009
168 8 tid 106009
360 6 tid 106009
487 10 tid 106009
650 9 tid 106009
777 11 tid 106009
170 tid 106009
Insert  tid 106009
FindTargetPageId rootid 7 tid 106009
target_page_id id: 11 tid 106009
0 1 tid 106009
168 8 tid 106009
360 6 tid 106009
487 10 tid 106009
650 9 tid 106009
777 11 tid 106009
171 tid 106009
Insert  tid 106009
FindTargetPageId rootid 7 tid 106009
target_page_id id: 11 tid 106009
0 1 tid 106009
168 8 tid 106009
360 6 tid 106009
487 10 tid 106009
650 9 tid 106009
777 11 tid 106009
172 tid 106009
Insert  tid 106009
FindTargetPageId rootid 7 tid 106009
target_page_id id: 11 tid 106009
0 1 tid 106009
168 8 tid 106009
360 6 tid 106009
487 10 tid 106009
650 9 tid 106009
777 11 tid 106009
173 tid 106009
Insert  tid 106009
FindTargetPageId rootid 7 tid 106009
target_page_id id: 11 tid 106009
0 1 tid 106009
168 8 tid 106009
360 6 tid 106009
487 10 tid 106009
650 9 tid 106009
777 11 tid 106009
174 tid 106009
Insert  tid 106009
FindTargetPageId rootid 7 tid 106009
target_page_id id: 11 tid 106009
0 1 tid 106009
168 8 tid 106009
360 6 tid 106009
487 10 tid 106009
650 9 tid 106009
777 11 tid 106009
175 tid 106009
Insert  tid 106009
FindTargetPageId rootid 7 tid 106009
target_page_id id: 11 tid 106009
0 1 tid 106009
168 8 tid 106009
360 6 tid 106009
487 10 tid 106009
650 9 tid 106009
777 11 tid 106009
176 tid 106009
Insert  tid 106009
FindTargetPageId rootid 7 tid 106009
target_page_id id: 11 tid 106009
0 1 tid 106009
168 8 tid 106009
360 6 tid 106009
487 10 tid 106009
650 9 tid 106009
777 11 tid 106009
177 tid 106009
Insert  tid 106009
FindTargetPageId rootid 7 tid 106009
target_page_id id: 11 tid 106009
0 1 tid 106009
168 8 tid 106009
360 6 tid 106009
487 10 tid 106009
650 9 tid 106009
777 11 tid 106009
178 tid 106009
Insert  tid 106009
FindTargetPageId rootid 7 tid 106009
target_page_id id: 11 tid 106009
0 1 tid 106009
168 8 tid 106009
360 6 tid 106009
487 10 tid 106009
650 9 tid 106009
777 11 tid 106009
179 tid 106009
Insert  tid 106009
FindTargetPageId rootid 7 tid 106009
target_page_id id: 11 tid 106009
0 1 tid 106009
168 8 tid 106009
360 6 tid 106009
487 10 tid 106009
650 9 tid 106009
777 11 tid 106009
180 tid 106009
Insert  tid 106009
FindTargetPageId rootid 7 tid 106009
target_page_id id: 11 tid 106009
0 1 tid 106009
168 8 tid 106009
360 6 tid 106009
487 10 tid 106009
650 9 tid 106009
777 11 tid 106009
181 tid 106009
Insert  tid 106009
FindTargetPageId rootid 7 tid 106009
target_page_id id: 11 tid 106009
0 1 tid 106009
168 8 tid 106009
360 6 tid 106009
487 10 tid 106009
650 9 tid 106009
777 11 tid 106009
182 tid 106009
Insert  tid 106009
FindTargetPageId rootid 7 tid 106009
target_page_id id: 11 tid 106009
0 1 tid 106009
168 8 tid 106009
360 6 tid 106009
487 10 tid 106009
650 9 tid 106009
777 11 tid 106009
183 tid 106009
Insert  tid 106009
FindTargetPageId rootid 7 tid 106009
target_page_id id: 11 tid 106009
0 1 tid 106009
168 8 tid 106009
360 6 tid 106009
487 10 tid 106009
650 9 tid 106009
777 11 tid 106009
184 tid 106009
Insert  tid 106009
FindTargetPageId rootid 7 tid 106009
target_page_id id: 11 tid 106009
0 1 tid 106009
168 8 tid 106009
360 6 tid 106009
487 10 tid 106009
650 9 tid 106009
777 11 tid 106009
185 tid 106009
Insert  tid 106009
FindTargetPageId rootid 7 tid 106009
target_page_id id: 11 tid 106009
0 1 tid 106009
168 8 tid 106009
360 6 tid 106009
487 10 tid 106009
650 9 tid 106009
777 11 tid 106009
186 tid 106009
Insert  tid 106009
FindTargetPageId rootid 7 tid 106009
target_page_id id: 11 tid 106009
0 1 tid 106009
168 8 tid 106009
360 6 tid 106009
487 10 tid 106009
650 9 tid 106009
777 11 tid 106009
187 tid 106009
Insert  tid 106009
FindTargetPageId rootid 7 tid 106009
target_page_id id: 11 tid 106009
0 1 tid 106009
168 8 tid 106009
360 6 tid 106009
487 10 tid 106009
650 9 tid 106009
777 11 tid 106009
188 tid 106009
Insert  tid 106009
FindTargetPageId rootid 7 tid 106009
target_page_id id: 11 tid 106009
0 1 tid 106009
168 8 tid 106009
360 6 tid 106009
487 10 tid 106009
650 9 tid 106009
777 11 tid 106009
189 tid 106009
Insert  tid 106009
FindTargetPageId rootid 7 tid 106009
target_page_id id: 11 tid 106009
0 1 tid 106009
168 8 tid 106009
360 6 tid 106009
487 10 tid 106009
650 9 tid 106009
777 11 tid 106009
190 tid 106009
Insert  tid 106009
FindTargetPageId rootid 7 tid 106009
target_page_id id: 11 tid 106009
0 1 tid 106009
168 8 tid 106009
360 6 tid 106009
487 10 tid 106009
650 9 tid 106009
777 11 tid 106009
191 tid 106009
Insert  tid 106009
FindTargetPageId rootid 7 tid 106009
target_page_id id: 11 tid 106009
0 1 tid 106009
168 8 tid 106009
360 6 tid 106009
487 10 tid 106009
650 9 tid 106009
777 11 tid 106009
192 tid 106009
Insert  tid 106009
FindTargetPageId rootid 7 tid 106009
target_page_id id: 11 tid 106009
0 1 tid 106009
168 8 tid 106009
360 6 tid 106009
487 10 tid 106009
650 9 tid 106009
777 11 tid 106009
193 tid 106009
Insert  tid 106009
FindTargetPageId rootid 7 tid 106009
target_page_id id: 11 tid 106009
0 1 tid 106009
168 8 tid 106009
360 6 tid 106009
487 10 tid 106009
650 9 tid 106009
777 11 tid 106009
194 tid 106009
Insert  tid 106009
FindTargetPageId rootid 7 tid 106009
target_page_id id: 11 tid 106009
0 1 tid 106009
168 8 tid 106009
360 6 tid 106009
487 10 tid 106009
650 9 tid 106009
777 11 tid 106009
195 tid 106009
Insert  tid 106009
FindTargetPageId rootid 7 tid 106009
target_page_id id: 11 tid 106009
0 1 tid 106009
168 8 tid 106009
360 6 tid 106009
487 10 tid 106009
650 9 tid 106009
777 11 tid 106009
196 tid 106009
Insert  tid 106009
FindTargetPageId rootid 7 tid 106009
target_page_id id: 11 tid 106009
0 1 tid 106009
168 8 tid 106009
360 6 tid 106009
487 10 tid 106009
650 9 tid 106009
777 11 tid 106009
197 tid 106009
Insert  tid 106009
FindTargetPageId rootid 7 tid 106009
target_page_id id: 11 tid 106009
0 1 tid 106009
168 8 tid 106009
360 6 tid 106009
487 10 tid 106009
650 9 tid 106009
777 11 tid 106009
198 tid 106009
Insert  tid 106009
FindTargetPageId rootid 7 tid 106009
target_page_id id: 11 tid 106009
0 1 tid 106009
168 8 tid 106009
360 6 tid 106009
487 10 tid 106009
650 9 tid 106009
777 11 tid 106009
199 tid 106009
Insert  tid 106009
FindTargetPageId rootid 7 tid 106009
target_page_id id: 11 tid 106009
0 1 tid 106009
168 8 tid 106009
360 6 tid 106009
487 10 tid 106009
650 9 tid 106009
777 11 tid 106009
200 tid 106009
Insert  tid 106009
FindTargetPageId rootid 7 tid 106009
target_page_id id: 11 tid 106009
0 1 tid 106009
168 8 tid 106009
360 6 tid 106009
487 10 tid 106009
650 9 tid 106009
777 11 tid 106009
201 tid 106009
Insert  tid 106009
FindTargetPageId rootid 7 tid 106009
target_page_id id: 11 tid 106009
0 1 tid 106009
168 8 tid 106009
360 6 tid 106009
487 10 tid 106009
650 9 tid 106009
777 11 tid 106009
202 tid 106009
Insert  tid 106009
FindTargetPageId rootid 7 tid 106009
target_page_id id: 11 tid 106009
0 1 tid 106009
168 8 tid 106009
360 6 tid 106009
487 10 tid 106009
650 9 tid 106009
777 11 tid 106009
203 tid 106009
Insert  tid 106009
FindTargetPageId rootid 7 tid 106009
target_page_id id: 11 tid 106009
0 1 tid 106009
168 8 tid 106009
360 6 tid 106009
487 10 tid 106009
650 9 tid 106009
777 11 tid 106009
204 tid 106009
Insert  tid 106009
FindTargetPageId rootid 7 tid 106009
target_page_id id: 11 tid 106009
0 1 tid 106009
168 8 tid 106009
360 6 tid 106009
487 10 tid 106009
650 9 tid 106009
777 11 tid 106009
205 tid 106009
Insert  tid 106009
FindTargetPageId rootid 7 tid 106009
target_page_id id: 11 tid 106009
0 1 tid 106009
168 8 tid 106009
360 6 tid 106009
487 10 tid 106009
650 9 tid 106009
777 11 tid 106009
206 tid 106009
Insert  tid 106009
FindTargetPageId rootid 7 tid 106009
target_page_id id: 11 tid 106009
0 1 tid 106009
168 8 tid 106009
360 6 tid 106009
487 10 tid 106009
650 9 tid 106009
777 11 tid 106009
207 tid 106009
Insert  tid 106009
FindTargetPageId rootid 7 tid 106009
target_page_id id: 11 tid 106009
0 1 tid 106009
168 8 tid 106009
360 6 tid 106009
487 10 tid 106009
650 9 tid 106009
777 11 tid 106009
208 tid 106009
Insert  tid 106009
FindTargetPageId rootid 7 tid 106009
target_page_id id: 11 tid 106009
0 1 tid 106009
168 8 tid 106009
360 6 tid 106009
487 10 tid 106009
650 9 tid 106009
777 11 tid 106009
209 tid 106009
Insert  tid 106009
FindTargetPageId rootid 7 tid 106009
target_page_id id: 11 tid 106009
0 1 tid 106009
168 8 tid 106009
360 6 tid 106009
487 10 tid 106009
650 9 tid 106009
777 11 tid 106009
210 tid 106009
Insert  tid 106009
FindTargetPageId rootid 7 tid 106009
target_page_id id: 11 tid 106009
0 1 tid 106009
168 8 tid 106009
360 6 tid 106009
487 10 tid 106009
650 9 tid 106009
777 11 tid 106009
211 tid 106009
Insert  tid 106009
FindTargetPageId rootid 7 tid 106009
target_page_id id: 11 tid 106009
0 1 tid 106009
168 8 tid 106009
360 6 tid 106009
487 10 tid 106009
650 9 tid 106009
777 11 tid 106009
212 tid 106009
Insert  tid 106009
FindTargetPageId rootid 7 tid 106009
target_page_id id: 11 tid 106009
0 1 tid 106009
168 8 tid 106009
360 6 tid 106009
487 10 tid 106009
650 9 tid 106009
777 11 tid 106009
213 tid 106009
Insert  tid 106009
FindTargetPageId rootid 7 tid 106009
target_page_id id: 11 tid 106009
0 1 tid 106009
168 8 tid 106009
360 6 tid 106009
487 10 tid 106009
650 9 tid 106009
777 11 tid 106009
214 tid 106009
Insert  tid 106009
FindTargetPageId rootid 7 tid 106009
target_page_id id: 11 tid 106009
0 1 tid 106009
168 8 tid 106009
360 6 tid 106009
487 10 tid 106009
650 9 tid 106009
777 11 tid 106009
215 tid 106009
Insert  tid 106009
FindTargetPageId rootid 7 tid 106009
target_page_id id: 11 tid 106009
0 1 tid 106009
168 8 tid 106009
360 6 tid 106009
487 10 tid 106009
650 9 tid 106009
777 11 tid 106009
216 tid 106009
Insert  tid 106009
FindTargetPageId rootid 7 tid 106009
target_page_id id: 11 tid 106009
0 1 tid 106009
168 8 tid 106009
360 6 tid 106009
487 10 tid 106009
650 9 tid 106009
777 11 tid 106009
217 tid 106009
Insert  tid 106009
FindTargetPageId rootid 7 tid 106009
target_page_id id: 11 tid 106009
0 1 tid 106009
168 8 tid 106009
360 6 tid 106009
487 10 tid 106009
650 9 tid 106009
777 11 tid 106009
218 tid 106009
Insert  tid 106009
FindTargetPageId rootid 7 tid 106009
target_page_id id: 11 tid 106009
0 1 tid 106009
168 8 tid 106009
360 6 tid 106009
487 10 tid 106009
650 9 tid 106009
777 11 tid 106009
219 tid 106009
Insert  tid 106009
FindTargetPageId rootid 7 tid 106009
target_page_id id: 11 tid 106009
0 1 tid 106009
168 8 tid 106009
360 6 tid 106009
487 10 tid 106009
650 9 tid 106009
777 11 tid 106009
220 tid 106009
Insert  tid 106009
FindTargetPageId rootid 7 tid 106009
target_page_id id: 11 tid 106009
0 1 tid 106009
168 8 tid 106009
360 6 tid 106009
487 10 tid 106009
650 9 tid 106009
777 11 tid 106009
221 tid 106009
Insert  tid 106009
FindTargetPageId rootid 7 tid 106009
target_page_id id: 11 tid 106009
0 1 tid 106009
168 8 tid 106009
360 6 tid 106009
487 10 tid 106009
650 9 tid 106009
777 11 tid 106009
222 tid 106009
Insert  tid 106009
FindTargetPageId rootid 7 tid 106009
target_page_id id: 11 tid 106009
0 1 tid 106009
168 8 tid 106009
360 6 tid 106009
487 10 tid 106009
650 9 tid 106009
777 11 tid 106009
223 tid 106009
leaf_max_size 254
Insert  tid 105929
Insert  tid 105929
new root page id: 1 tid 105929
Insert  tid 105929
FindTargetPageId rootid 1 tid 105929
1 tid 105929
Insert  tid 105929
FindTargetPageId rootid 1 tid 105929
2 tid 105929
Insert  tid 105929
FindTargetPageId rootid 1 tid 105929
3 tid 105929
Insert  tid 105929
FindTargetPageId rootid 1 tid 105929
4 tid 105929
Insert  tid 105929
FindTargetPageId rootid 1 tid 105929
5 tid 105929
Insert  tid 105929
FindTargetPageId rootid 1 tid 105929
6 tid 105929
Insert  tid 105929
FindTargetPageId rootid 1 tid 105929
7 tid 105929
Insert  tid 105929
FindTargetPageId rootid 1 tid 105929
8 tid 105929
Insert  tid 105929
FindTargetPageId rootid 1 tid 105929
9 tid 105929
Insert  tid 105929
FindTargetPageId rootid 1 tid 105929
10 tid 105929
Insert  tid 105929
FindTargetPageId rootid 1 tid 105929
11 tid 105929
Insert  tid 105929
FindTargetPageId rootid 1 tid 105929
12 tid 105929
Insert  tid 105929
FindTargetPageId rootid 1 tid 105929
13 tid 105929
Insert  tid 105929
FindTargetPageId rootid 1 tid 105929
14 tid 105929
Insert  tid 105929
FindTargetPageId rootid 1 tid 105929
15 tid 105929
Insert  tid 105929
FindTargetPageId rootid 1 tid 105929
16 tid 105929
Insert  tid 105929
FindTargetPageId rootid 1 tid 105929
17 tid 105929
Insert  tid 105929
FindTargetPageId rootid 1 tid 105929
18 tid 105929
Insert  tid 105929
FindTargetPageId rootid 1 tid 105929
19 tid 105929
Insert  tid 105929
FindTargetPageId rootid 1 tid 105929
20 tid 105929
Insert  tid 105929
FindTargetPageId rootid 1 tid 105929
21 tid 105929
Insert  tid 105929
FindTargetPageId rootid 1 tid 105929
22 tid 105929
Insert  tid 105929
FindTargetPageId rootid 1 tid 105929
23 tid 105929
Insert  tid 105929
FindTargetPageId rootid 1 tid 105929
24 tid 105929
Insert  tid 105929
FindTargetPageId rootid 1 tid 105929
25 tid 105929
Insert  tid 105929
FindTargetPageId rootid 1 tid 105929
26 tid 105929
Insert  tid 105929
FindTargetPageId rootid 1 tid 105929
27 tid 105929
Insert  tid 105929
FindTargetPageId rootid 1 tid 105929
28 tid 105929
Insert  tid 105929
FindTargetPageId rootid 1 tid 105929
29 tid 105929
Insert  tid 105929
FindTargetPageId rootid 1 tid 105929
30 tid 105929
Insert  tid 105929
FindTargetPageId rootid 1 tid 105929
31 tid 105929
Insert  tid 105929
FindTargetPageId rootid 1 tid 105929
32 tid 105929
Insert  tid 105929
FindTargetPageId rootid 1 tid 105929
33 tid 105929
Insert  tid 105929
FindTargetPageId rootid 1 tid 105929
34 tid 105929
Insert  tid 105929
FindTargetPageId rootid 1 tid 105929
35 tid 105929
Insert  tid 105929
FindTargetPageId rootid 1 tid 105929
36 tid 105929
Insert  tid 105929
FindTargetPageId rootid 1 tid 105929
37 tid 105929
Insert  tid 105929
FindTargetPageId rootid 1 tid 105929
38 tid 105929
Insert  tid 105929
FindTargetPageId rootid 1 tid 105929
39 tid 105929
Insert  tid 105929
FindTargetPageId rootid 1 tid 105929
40 tid 105929
Insert  tid 105929
FindTargetPageId rootid 1 tid 105929
41 tid 105929
Insert  tid 105929
FindTargetPageId rootid 1 tid 105929
42 tid 105929
Insert  tid 105929
FindTargetPageId rootid 1 tid 105929
43 tid 105929
Insert  tid 105929
FindTargetPageId rootid 1 tid 105929
44 tid 105929
Insert  tid 105929
FindTargetPageId rootid 1 tid 105929
45 tid 105929
Insert  tid 105929
FindTargetPageId rootid 1 tid 105929
46 tid 105929
Insert  tid 105929
FindTargetPageId rootid 1 tid 105929
47 tid 105929
Insert  tid 105929
FindTargetPageId rootid 1 tid 105929
48 tid 105929
Insert  tid 105929
FindTargetPageId rootid 1 tid 105929
49 tid 105929
Insert  tid 105929
FindTargetPageId rootid 1 tid 105929
50 tid 105929
Insert  tid 105929
FindTargetPageId rootid 1 tid 105929
51 tid 105929
Insert  tid 105929
FindTargetPageId rootid 1 tid 105929
52 tid 105929
Insert  tid 105929
FindTargetPageId rootid 1 tid 105929
53 tid 105929
Insert  tid 105929
FindTargetPageId rootid 1 tid 105929
54 tid 105929
Insert  tid 105929
FindTargetPageId rootid 1 tid 105929
55 tid 105929
Insert  tid 105929
FindTargetPageId rootid 1 tid 105929
56 tid 105929
Insert  tid 105929
FindTargetPageId rootid 1 tid 105929
57 tid 105929
Insert  tid 105929
FindTargetPageId rootid 1 tid 105929
58 tid 105929
Insert  tid 105929
FindTargetPageId rootid 1 tid 105929
59 tid 105929
Insert  tid 105929
FindTargetPageId rootid 1 tid 105929
60 tid 105929
Insert  tid 105929
FindTargetPageId rootid 1 tid 105929
61 tid 105929
Insert  tid 105929
FindTargetPageId rootid 1 tid 105929
62 tid 105929
Insert  tid 105929
FindTargetPageId rootid 1 tid 105929
63 tid 105929
Insert  tid 105929
FindTargetPageId rootid 1 tid 105929
64 tid 105929
Insert  tid 105929
FindTargetPageId rootid 1 tid 105929
65 tid 105929
Insert  tid 105929
FindTargetPageId rootid 1 tid 105929
66 tid 105929
Insert  tid 105929
FindTargetPageId rootid 1 tid 105929
67 tid 105929
Insert  tid 105929
FindTargetPageId rootid 1 tid 105929
68 tid 105929
Insert  tid 105929
FindTargetPageId rootid 1 tid 105929
69 tid 105929
Insert  tid 105929
FindTargetPageId rootid 1 tid 105929
70 tid 105929
Insert  tid 105929
FindTargetPageId rootid 1 tid 105929
71 tid 105929
Insert  tid 105929
FindTargetPageId rootid 1 tid 105929
72 tid 105929
Insert  tid 105929
FindTargetPageId rootid 1 tid 105929
73 tid 105929
Insert  tid 105929
FindTargetPageId rootid 1 tid 105929
74 tid 105929
Insert  tid 105929
FindTargetPageId rootid 1 tid 105929
75 tid 105929
Insert  tid 105929
FindTargetPageId rootid 1 tid 105929
76 tid 105929
Insert  tid 105929
FindTargetPageId rootid 1 tid 105929
77 tid 105929
Insert  tid 105929
FindTargetPageId rootid 1 tid 105929
78 tid 105929
Insert  tid 105929
FindTargetPageId rootid 1 tid 105929
79 tid 105929
Insert  tid 105929
FindTargetPageId rootid 1 tid 105929
80 tid 105929
Insert  tid 105929
FindTargetPageId rootid 1 tid 105929
81 tid 105929
Insert  tid 105929
FindTargetPageId rootid 1 tid 105929
82 tid 105929
Insert  tid 105929
FindTargetPageId rootid 1 tid 105929
83 tid 105929
Insert  tid 105929
FindTargetPageId rootid 1 tid 105929
84 tid 105929
Insert  tid 105929
FindTargetPageId rootid 1 tid 105929
85 tid 105929
Insert  tid 105929
FindTargetPageId rootid 1 tid 105929
86 tid 105929
Insert  tid 105929
FindTargetPageId rootid 1 tid 105929
87 tid 105929
Insert  tid 105929
FindTargetPageId rootid 1 tid 105929
88 tid 105929
Insert  tid 105929
FindTargetPageId rootid 1 tid 105929
89 tid 105929
Insert  tid 105929
FindTargetPageId rootid 1 tid 105929
90 tid 105929
Insert  tid 105929
FindTargetPageId rootid 1 tid 105929
91 tid 105929
Insert  tid 105929
FindTargetPageId rootid 1 tid 105929
92 tid 105929
Insert  tid 105929
FindTargetPageId rootid 1 tid 105929
93 tid 105929
Insert  tid 105929
FindTargetPageId rootid 1 tid 105929
94 tid 105929
Insert  tid 105929
FindTargetPageId rootid 1 tid 105929
95 tid 105929
Insert  tid 105929
FindTargetPageId rootid 1 tid 105929
96 tid 105929
Insert  tid 105929
FindTargetPageId rootid 1 tid 105929
97 tid 105929
Insert  tid 105929
FindTargetPageId rootid 1 tid 105929
98 tid 105929
Insert  tid 105929
FindTargetPageId rootid 1 tid 105929
99 tid 105929
Insert  tid 105929
FindTargetPageId rootid 1 tid 105929
100 tid 105929
Insert  tid 105929
FindTargetPageId rootid 1 tid 105929
101 tid 105929
Insert  tid 105929
FindTargetPageId rootid 1 tid 105929
102 tid 105929
Insert  tid 105929
FindTargetPageId rootid 1 tid 105929
103 tid 105929
Insert  tid 105929
FindTargetPageId rootid 1 tid 105929
104 tid 105929
Insert  tid 105929
FindTargetPageId rootid 1 tid 105929
105 tid 105929
Insert  tid 105929
FindTargetPageId rootid 1 tid 105929
106 tid 105929
Insert  tid 105929
FindTargetPageId rootid 1 tid 105929
107 tid 105929
Insert  tid 105929
FindTargetPageId rootid 1 tid 105929
108 tid 105929
Insert  tid 105929
FindTargetPageId rootid 1 tid 105929
109 tid 105929
Insert  tid 105929
FindTargetPageId rootid 1 tid 105929
110 tid 105929
Insert  tid 105929
FindTargetPageId rootid 1 tid 105929
111 tid 105929
Insert  tid 105929
FindTargetPageId rootid 1 tid 105929
112 tid 105929
Insert  tid 105929
FindTargetPageId rootid 1 tid 105929
113 tid 105929
Insert  tid 105929
FindTargetPageId rootid 1 tid 105929
114 tid 105929
Insert  tid 105929
FindTargetPageId rootid 1 tid 105929
115 tid 105929
Insert  tid 105929
FindTargetPageId rootid 1 tid 105929
116 tid 105929
Insert  tid 105929
FindTargetPageId rootid 1 tid 105929
117 tid 105929
Insert  tid 105929
FindTargetPageId rootid 1 tid 105929
118 tid 105929
Insert  tid 105929
FindTargetPageId rootid 1 tid 105929
119 tid 105929
Insert  tid 105929
FindTargetPageId rootid 1 tid 105929
120 tid 105929
Insert  tid 105929
FindTargetPageId rootid 1 tid 105929
121 tid 105929
Insert  tid 105929
FindTargetPageId rootid 1 tid 105929
122 tid 105929
Insert  tid 105929
FindTargetPageId rootid 1 tid 105929
123 tid 105929
Insert  tid 105929
FindTargetPageId rootid 1 tid 105929
124 tid 105929
Insert  tid 105929
FindTargetPageId rootid 1 tid 105929
125 tid 105929
Insert  tid 105929
FindTargetPageId rootid 1 tid 105929
126 tid 105929
Insert  tid 105929
FindTargetPageId rootid 1 tid 105929
127 tid 105929
Insert  tid 105929
FindTargetPageId rootid 1 tid 105929
128 tid 105929
Insert  tid 105929
FindTargetPageId rootid 1 tid 105929
129 tid 105929
Insert  tid 105929
FindTargetPageId rootid 1 tid 105929
130 tid 105929
Insert  tid 105929
FindTargetPageId rootid 1 tid 105929
131 tid 105929
Insert  tid 105929
FindTargetPageId rootid 1 tid 105929
132 tid 105929
Insert  tid 105929
FindTargetPageId rootid 1 tid 105929
133 tid 105929
Insert  tid 105929
FindTargetPageId rootid 1 tid 105929
134 tid 105929
Insert  tid 105929
FindTargetPageId rootid 1 tid 105929
135 tid 105929
Insert  tid 105929
FindTargetPageId rootid 1 tid 105929
136 tid 105929
Insert  tid 105929
FindTargetPageId rootid 1 tid 105929
137 tid 105929
Insert  tid 105929
FindTargetPageId rootid 1 tid 105929
138 tid 105929
Insert  tid 105929
FindTargetPageId rootid 1 tid 105929
139 tid 105929
Insert  tid 105929
FindTargetPageId rootid 1 tid 105929
140 tid 105929
Insert  tid 105929
FindTargetPageId rootid 1 tid 105929
141 tid 105929
Insert  tid 105929
FindTargetPageId rootid 1 tid 105929
142 tid 105929
Insert  tid 105929
FindTargetPageId rootid 1 tid 105929
143 tid 105929
Insert  tid 105929
FindTargetPageId rootid 1 tid 105929
144 tid 105929
Insert  tid 105929
FindTargetPageId rootid 1 tid 105929
145 tid 105929
Insert  tid 105929
FindTargetPageId rootid 1 tid 105929
146 tid 105929
Insert  tid 105929
FindTargetPageId rootid 1 tid 105929
147 tid 105929
Insert  tid 105929
FindTargetPageId rootid 1 tid 105929
148 tid 105929
Insert  tid 105929
FindTargetPageId rootid 1 tid 105929
149 tid 105929
Insert  tid 105929
FindTargetPageId rootid 1 tid 105929
150 tid 105929
Insert  tid 105929
FindTargetPageId rootid 1 tid 105929
151 tid 105929
Insert  tid 105929
FindTargetPageId rootid 1 tid 105929
152 tid 105929
Insert  tid 105929
FindTargetPageId rootid 1 tid 105929
153 tid 105929
Insert  tid 105929
FindTargetPageId rootid 1 tid 105929
154 tid 105929
Insert  tid 105929
FindTargetPageId rootid 1 tid 105929
155 tid 105929
Insert  tid 105929
FindTargetPageId rootid 1 tid 105929
156 tid 105929
Insert  tid 105929
FindTargetPageId rootid 1 tid 105929
157 tid 105929
Insert  tid 105929
FindTargetPageId rootid 1 tid 105929
158 tid 105929
Insert  tid 105929
FindTargetPageId rootid 1 tid 105929
159 tid 105929
Insert  tid 105929
FindTargetPageId rootid 1 tid 105929
160 tid 105929
Insert  tid 105929
FindTargetPageId rootid 1 tid 105929
161 tid 105929
Insert  tid 105929
FindTargetPageId rootid 1 tid 105929
162 tid 105929
Insert  tid 105929
FindTargetPageId rootid 1 tid 105929
163 tid 105929
Insert  tid 105929
FindTargetPageId rootid 1 tid 105929
164 tid 105929
Insert  tid 105929
FindTargetPageId rootid 1 tid 105929
165 tid 105929
Insert  tid 105929
FindTargetPageId rootid 1 tid 105929
166 tid 105929
Insert  tid 105929
FindTargetPageId rootid 1 tid 105929
167 tid 105929
Insert  tid 105929
FindTargetPageId rootid 1 tid 105929
168 tid 105929
Insert  tid 105929
FindTargetPageId rootid 1 tid 105929
169 tid 105929
Insert  tid 105929
FindTargetPageId rootid 1 tid 105929
170 tid 105929
Insert  tid 105929
FindTargetPageId rootid 1 tid 105929
171 tid 105929
Insert  tid 105929
FindTargetPageId rootid 1 tid 105929
172 tid 105929
Insert  tid 105929
FindTargetPageId rootid 1 tid 105929
173 tid 105929
Insert  tid 105929
FindTargetPageId rootid 1 tid 105929
174 tid 105929
Insert  tid 105929
FindTargetPageId rootid 1 tid 105929
175 tid 105929
Insert  tid 105929
FindTargetPageId rootid 1 tid 105929
176 tid 105929
Insert  tid 105929
FindTargetPageId rootid 1 tid 105929
177 tid 105929
Insert  tid 105929
FindTargetPageId rootid 1 tid 105929
178 tid 105929
Insert  tid 105929
FindTargetPageId rootid 1 tid 105929
179 tid 105929
Insert  tid 105929
FindTargetPageId rootid 1 tid 105929
180 tid 105929
Insert  tid 105929
FindTargetPageId rootid 1 tid 105929
181 tid 105929
Insert  tid 105929
FindTargetPageId rootid 1 tid 105929
182 tid 105929
Insert  tid 105929
FindTargetPageId rootid 1 tid 105929
183 tid 105929
Insert  tid 105929
FindTargetPageId rootid 1 tid 105929
184 tid 105929
Insert  tid 105929
FindTargetPageId rootid 1 tid 105929
185 tid 105929
Insert  tid 105929
FindTargetPageId rootid 1 tid 105929
186 tid 105929
Insert  tid 105929
FindTargetPageId rootid 1 tid 105929
187 tid 105929
Insert  tid 105929
FindTargetPageId rootid 1 tid 105929
188 tid 105929
Insert  tid 105929
FindTargetPageId rootid 1 tid 105929
189 tid 105929
Insert  tid 105929
FindTargetPageId rootid 1 tid 105929
190 tid 105929
Insert  tid 105929
FindTargetPageId rootid 1 tid 105929
191 tid 105929
Insert  tid 105929
FindTargetPageId rootid 1 tid 105929
192 tid 105929
Insert  tid 105929
FindTargetPageId rootid 1 tid 105929
193 tid 105929
Insert  tid 105929
FindTargetPageId rootid 1 tid 105929
194 tid 105929
Insert  tid 105929
FindTargetPageId rootid 1 tid 105929
195 tid 105929
Insert  tid 105929
FindTargetPageId rootid 1 tid 105929
196 tid 105929
Insert  tid 105929
FindTargetPageId rootid 1 tid 105929
197 tid 105929
Insert  tid 105929
FindTargetPageId rootid 1 tid 105929
198 tid 105929
Insert  tid 105929
FindTargetPageId rootid 1 tid 105929
199 tid 105929
Insert  tid 106011
Insert  tid 106011
FindTargetPageId rootid 1 tid 106011
200 tid 106011
Remove  tid Insert  tid 106012106011

FindTargetPageId rootid 1 tid 106011
201 tid 106011
Insert  tid 106011
FindTargetPageId rootid 1 tid 106011
202 tid 106011
Insert  tid 106013
Insert  tid 106011
Insert  tid 106013
Remove  tid 106012
FindTargetPageId rootid 1 tid 106011
203 tid 106011
Insert  tid 106011
FindTargetPageId rootid 1 tid 106013
204 tid 106013
Insert  tid 106013
FindTargetPageId rootid 1 tid 106012
204 tid 106012
Remove  tid 106012
FindTargetPageId rootid 1 tid 106011
203 tid 106011
Insert  tid 106011
FindTargetPageId rootid 1 tid 106013
204 tid 106013
Insert  tid 106013
FindTargetPageId rootid 1 tid 106012
204 tid 106012
Remove  tid 106012
FindTargetPageId rootid 1 tid 106011
203 tid 106011
Insert  tid 106011
FindTargetPageId rootid 1 tid 106013
204 tid 106013
Insert  tid 106013
FindTargetPageId rootid 1 tid 106012
204 tid 106012
Remove  tid 106012
FindTargetPageId rootid 1 tid 106011
203 tid 106011
Insert  tid 106011
FindTargetPageId rootid 1 tid 106013
204 tid 106013
Insert  tid 106013
FindTargetPageId rootid 1 tid 106012
204 tid 106012
Remove  tid 106012
FindTargetPageId rootid 1 tid 106011
203 tid 106011
Insert  tid 106011
FindTargetPageId rootid 1 tid 106013
204 tid 106013
Insert  tid 106013
FindTargetPageId rootid 1 tid 106012
204 tid 106012
Remove  tid 106012
FindTargetPageId rootid 1 tid 106012
203 tid 106012
Remove  tid 106012
FindTargetPageId rootid 1 tid 106011
202 tid 106011
Insert  tid 106011
FindTargetPageId rootid 1 tid 106013
203 tid 106013
Insert  tid 106013
FindTargetPageId rootid 1 tid 106012
204 tid 106012
Remove  tid 106012
FindTargetPageId rootid 1 tid 106011
203 tid 106011
Insert  tid 106011
FindTargetPageId rootid 1 tid 106013
204 tid 106013
Insert  tid 106013
FindTargetPageId rootid 1 tid 106013
205 tid 106013
Insert  tid 106013
FindTargetPageId rootid 1 tid 106013
205 tid 106013
Insert  tid 106013
FindTargetPageId rootid 1 tid 106011
205 tid 106011
Insert  tid 106011
FindTargetPageId rootid 1 tid 106012
206 tid 106012
Remove  tid 106012
FindTargetPageId rootid 1 tid 106013
205 tid 106013
Insert  tid 106013
FindTargetPageId rootid 1 tid 106011
205 tid 106011
Insert  tid 106011
FindTargetPageId rootid 1 tid 106012
206 tid 106012
Remove  tid 106012
FindTargetPageId rootid 1 tid 106012
205 tid 106012
Remove  tid 106012
FindTargetPageId rootid 1 tid 106011
204 tid 106011
Insert  tid 106011
FindTargetPageId rootid 1 tid 106013
205 tid 106013
Insert  tid 106013
FindTargetPageId rootid 1 tid 106012
205 tid 106012
Remove  tid 106012
FindTargetPageId rootid 1 tid 106011
204 tid 106011
Insert  tid 106011
FindTargetPageId rootid 1 tid 106013
205 tid 106013
Insert  tid 106013
FindTargetPageId rootid 1 tid 106012
205 tid 106012
Remove  tid 106012
FindTargetPageId rootid 1 tid 106011
204 tid 106011
Insert  tid 106011
FindTargetPageId rootid 1 tid 106013
205 tid 106013
Insert  tid 106013
FindTargetPageId rootid 1 tid 106012
205 tid 106012
Remove  tid 106012
FindTargetPageId rootid 1 tid 106011
204 tid 106011
Insert  tid 106011
FindTargetPageId rootid 1 tid 106013
205 tid 106013
Insert  tid 106013
FindTargetPageId rootid 1 tid 106012
205 tid 106012
Remove  tid 106012
FindTargetPageId rootid 1 tid 106011
204 tid 106011
Insert  tid 106011
FindTargetPageId rootid 1 tid 106013
205 tid 106013
Insert  tid 106013
FindTargetPageId rootid 1 tid 106012
205 tid 106012
Remove  tid 106012
FindTargetPageId rootid 1 tid 106011
204 tid 106011
Insert  tid 106011
FindTargetPageId rootid 1 tid 106013
205 tid 106013
Insert  tid 106013
FindTargetPageId rootid 1 tid 106012
205 tid 106012
Remove  tid 106012
FindTargetPageId rootid 1 tid 106011
204 tid 106011
Insert  tid 106011
FindTargetPageId rootid 1 tid 106013
205 tid 106013
Insert  tid 106013
FindTargetPageId rootid 1 tid 106012
205 tid 106012
Remove  tid 106012
FindTargetPageId rootid 1 tid 106011
204 tid 106011
Insert  tid 106011
FindTargetPageId rootid 1 tid 106013
205 tid 106013
Insert  tid 106013
FindTargetPageId rootid 1 tid 106012
205 tid 106012
Remove  tid 106012
FindTargetPageId rootid 1 tid 106011
204 tid 106011
Insert  tid 106011
FindTargetPageId rootid 1 tid 106013
205 tid 106013
Insert  tid 106013
FindTargetPageId rootid 1 tid 106013
205 tid 106013
Insert  tid 106013
FindTargetPageId rootid 1 tid 106013
205 tid 106013
Insert  tid 106013
FindTargetPageId rootid 1 tid 106013
205 tid 106013
Insert  tid 106013
FindTargetPageId rootid 1 tid 106013
206 tid 106013
Insert  tid 106013
FindTargetPageId rootid 1 tid 106013
207 tid 106013
Insert  tid 106013
FindTargetPageId rootid 1 tid 106013
208 tid 106013
Insert  tid 106013
FindTargetPageId rootid 1 tid 106013
209 tid 106013
Insert  tid 106013
FindTargetPageId rootid 1 tid 106013
210 tid 106013
Insert  tid 106013
FindTargetPageId rootid 1 tid 106013
211 tid 106013
Insert  tid 106013
FindTargetPageId rootid 1 tid 106013
212 tid 106013
Insert  tid 106013
FindTargetPageId rootid 1 tid 106012
213 tid 106012
Remove  tid 106012
FindTargetPageId rootid 1 tid 106011
212 tid 106011
Insert  tid 106011
FindTargetPageId rootid 1 tid 106011
212 tid 106011
Insert  tid 106011
FindTargetPageId rootid 1 tid 106012
212 tid 106012
Remove  tid 106012
FindTargetPageId rootid 1 tid 106012
211 tid 106012
Remove  tid 106012
FindTargetPageId rootid 1 tid 106013
210 tid 106013
Insert  tid 106013
FindTargetPageId rootid 1 tid 106011
211 tid 106011
Insert  tid 106011
FindTargetPageId rootid 1 tid 106012
211 tid 106012
Remove  tid 106012
FindTargetPageId rootid 1 tid 106013
210 tid 106013
Insert  tid 106013
FindTargetPageId rootid 1 tid 106013
211 tid 106013
Insert  tid 106013
FindTargetPageId rootid 1 tid 106011
212 tid 106011
Insert  tid 106011
FindTargetPageId rootid 1 tid 106012
212 tid 106012
Remove  tid 106012
FindTargetPageId rootid 1 tid 106013
211 tid 106013
Insert  tid 106013
FindTargetPageId rootid 1 tid 106011
212 tid 106011
Insert  tid 106011
FindTargetPageId rootid 1 tid 106012
212 tid 106012
Remove  tid 106012
FindTargetPageId rootid 1 tid 106013
211 tid 106013
Insert  tid 106013
FindTargetPageId rootid 1 tid 106011
212 tid 106011
Insert  tid 106011
FindTargetPageId rootid 1 tid 106012
212 tid 106012
Remove  tid 106012
FindTargetPageId rootid 1 tid 106013
211 tid 106013
Insert  tid 106013
FindTargetPageId rootid 1 tid 106011
212 tid 106011
Insert  tid 106011
FindTargetPageId rootid 1 tid 106012
212 tid 106012
Remove  tid 106012
FindTargetPageId rootid 1 tid 106013
211 tid 106013
Insert  tid 106013
FindTargetPageId rootid 1 tid 106011
212 tid 106011
Insert  tid 106011
FindTargetPageId rootid 1 tid 106012
212 tid 106012
Remove  tid 106012
FindTargetPageId rootid 1 tid 106013
211 tid 106013
Insert  tid 106013
FindTargetPageId rootid 1 tid 106011
212 tid 106011
Insert  tid 106011
FindTargetPageId rootid 1 tid 106012
212 tid 106012
Remove  tid 106012
FindTargetPageId rootid 1 tid 106013
211 tid 106013
Insert  tid 106013
FindTargetPageId rootid 1 tid 106011
212 tid 106011
Insert  tid 106011
FindTargetPageId rootid 1 tid 106012
212 tid 106012
Remove  tid 106012
FindTargetPageId rootid 1 tid 106013
211 tid 106013
Insert  tid 106013
FindTargetPageId rootid 1 tid 106011
212 tid 106011
Insert  tid 106011
FindTargetPageId rootid 1 tid 106012
212 tid 106012
Remove  tid 106012
FindTargetPageId rootid 1 tid 106012
211 tid 106012
Remove  tid 106012
FindTargetPageId rootid 1 tid 106011
210 tid 106011
Insert  tid 106011
FindTargetPageId rootid 1 tid 106013
210 tid 106013
Insert  tid 106013
FindTargetPageId rootid 1 tid 106012
211 tid 106012
Remove  tid 106012
FindTargetPageId rootid 1 tid 106011
210 tid 106011
Insert  tid 106011
FindTargetPageId rootid 1 tid 106013
210 tid 106013
Insert  tid 106013
FindTargetPageId rootid 1 tid 106012
211 tid 106012
Remove  tid 106012
FindTargetPageId rootid 1 tid 106011
210 tid 106011
Insert  tid 106011
FindTargetPageId rootid 1 tid 106013
210 tid 106013
Insert  tid 106013
FindTargetPageId rootid 1 tid 106012
211 tid 106012
Remove  tid 106012
FindTargetPageId rootid 1 tid 106012
210 tid 106012
Remove  tid 106012
FindTargetPageId rootid 1 tid 106011
209 tid 106011
Insert  tid 106011
FindTargetPageId rootid 1 tid 106013
209 tid 106013
Insert  tid 106013
FindTargetPageId rootid 1 tid 106012
210 tid 106012
Remove  tid 106012
FindTargetPageId rootid 1 tid 106011
209 tid 106011
Insert  tid 106011
FindTargetPageId rootid 1 tid 106013
209 tid 106013
Insert  tid 106013
FindTargetPageId rootid 1 tid 106012
210 tid 106012
Remove  tid 106012
FindTargetPageId rootid 1 tid 106011
209 tid 106011
Insert  tid 106011
FindTargetPageId rootid 1 tid 106013
209 tid 106013
Insert  tid 106013
FindTargetPageId rootid 1 tid 106013
210 tid 106013
Insert  tid 106013
FindTargetPageId rootid 1 tid 106013
211 tid 106013
Insert  tid 106013
FindTargetPageId rootid 1 tid 106013
212 tid 106013
Insert  tid 106013
FindTargetPageId rootid 1 tid 106012
213 tid 106012
Remove  tid 106012
FindTargetPageId rootid 1 tid 106012
212 tid 106012
Remove  tid 106012
FindTargetPageId rootid 1 tid 106012
211 tid 106012
Remove  tid 106012
FindTargetPageId rootid 1 tid 106012
210 tid 106012
Remove  tid 106012
FindTargetPageId rootid 1 tid 106012
209 tid 106012
Remove  tid 106012
FindTargetPageId rootid 1 tid 106012
208 tid 106012
Remove  tid 106012
FindTargetPageId rootid 1 tid 106012
207 tid 106012
Remove  tid 106012
FindTargetPageId rootid 1 tid 106013
206 tid 106013
Insert  tid 106013
FindTargetPageId rootid 1 tid 106013
207 tid 106013
Insert  tid 106013
FindTargetPageId rootid 1 tid 106013
208 tid 106013
Insert  tid 106013
FindTargetPageId rootid 1 tid 106013
209 tid 106013
Insert  tid 106013
FindTargetPageId rootid 1 tid 106013
210 tid 106013
Insert  tid 106013
FindTargetPageId rootid 1 tid 106013
211 tid 106013
Insert  tid 106013
FindTargetPageId rootid 1 tid 106013
212 tid 106013
Insert  tid 106013
FindTargetPageId rootid 1 tid 106013
213 tid 106013
Insert  tid 106013
FindTargetPageId rootid 1 tid 106013
214 tid 106013
Insert  tid 106013
FindTargetPageId rootid 1 tid 106013
215 tid 106013
Insert  tid 106013
FindTargetPageId rootid 1 tid 106013
216 tid 106013
Insert  tid 106013
FindTargetPageId rootid 1 tid 106013
217 tid 106013
Insert  tid 106013
FindTargetPageId rootid 1 tid 106013
218 tid 106013
Insert  tid 106013
FindTargetPageId rootid 1 tid 106013
219 tid 106013
Insert  tid 106013
FindTargetPageId rootid 1 tid 106013
220 tid 106013
Insert  tid 106013
FindTargetPageId rootid 1 tid 106013
221 tid 106013
Insert  tid 106013
FindTargetPageId rootid 1 tid 106013
222 tid 106013
Insert  tid 106013
FindTargetPageId rootid 1 tid 106013
223 tid 106013
Insert  tid 106013
FindTargetPageId rootid 1 tid 106013
224 tid 106013
Insert  tid 106013
FindTargetPageId rootid 1 tid 106013
225 tid 106013
Insert  tid 106013
FindTargetPageId rootid 1 tid 106013
226 tid 106013
Insert  tid 106013
FindTargetPageId rootid 1 tid 106013
227 tid 106013
Insert  tid 106013
FindTargetPageId rootid 1 tid 106013
228 tid 106013
Insert  tid 106013
FindTargetPageId rootid 1 tid 106011
229 tid 106011
Insert  tid 106011
FindTargetPageId rootid 1 tid 106011
230 tid 106011
Insert  tid 106011
FindTargetPageId rootid 1 tid 106011
231 tid 106011
Insert  tid 106011
FindTargetPageId rootid 1 tid 106011
232 tid 106011
Insert  tid 106011
FindTargetPageId rootid 1 tid 106011
233 tid 106011
Insert  tid 106011
FindTargetPageId rootid 1 tid 106011
234 tid 106011
Insert  tid 106011
FindTargetPageId rootid 1 tid 106011
235 tid 106011
Insert  tid 106011
FindTargetPageId rootid 1 tid 106011
235 tid 106011
Insert  tid 106011
FindTargetPageId rootid 1 tid 106011
235 tid 106011
Insert  tid 106011
FindTargetPageId rootid 1 tid 106011
235 tid 106011
Insert  tid 106011
FindTargetPageId rootid 1 tid 106011
235 tid 106011
Insert  tid 106011
FindTargetPageId rootid 1 tid 106011
235 tid 106011
Insert  tid 106011
FindTargetPageId rootid 1 tid 106011
235 tid 106011
Insert  tid 106011
FindTargetPageId rootid 1 tid 106011
235 tid 106011
Insert  tid 106011
FindTargetPageId rootid 1 tid 106011
235 tid 106011
Insert  tid 106011
FindTargetPageId rootid 1 tid 106011
235 tid 106011
Insert  tid 106011
FindTargetPageId rootid 1 tid 106011
235 tid 106011
Insert  tid 106011
FindTargetPageId rootid 1 tid 106011
235 tid 106011
Insert  tid 106011
FindTargetPageId rootid 1 tid 106011
235 tid 106011
Insert  tid 106011
FindTargetPageId rootid 1 tid 106011
235 tid 106011
Insert  tid 106011
FindTargetPageId rootid 1 tid 106011
235 tid 106011
Insert  tid 106011
FindTargetPageId rootid 1 tid 106011
235 tid 106011
Insert  tid 106011
FindTargetPageId rootid 1 tid 106011
235 tid 106011
Insert  tid 106011
FindTargetPageId rootid 1 tid 106011
235 tid 106011
Insert  tid 106011
FindTargetPageId rootid 1 tid 106011
235 tid 106011
Insert  tid 106011
FindTargetPageId rootid 1 tid 106011
235 tid 106011
Insert  tid 106011
FindTargetPageId rootid 1 tid 106011
235 tid 106011
Insert  tid 106011
FindTargetPageId rootid 1 tid 106011
235 tid 106011
Insert  tid 106011
FindTargetPageId rootid 1 tid 106011
235 tid 106011
Insert  tid 106011
FindTargetPageId rootid 1 tid 106011
235 tid 106011
Insert  tid 106011
FindTargetPageId rootid 1 tid 106011
235 tid 106011
Insert  tid 106011
FindTargetPageId rootid 1 tid 106011
235 tid 106011
Insert  tid 106011
FindTargetPageId rootid 1 tid 106011
235 tid 106011
Insert  tid 106011
FindTargetPageId rootid 1 tid 106011
235 tid 106011
Insert  tid 106011
FindTargetPageId rootid 1 tid 106011
236 tid 106011
Insert  tid 106011
FindTargetPageId rootid 1 tid 106011
237 tid 106011
Insert  tid 106011
FindTargetPageId rootid 1 tid 106011
238 tid 106011
Insert  tid 106011
FindTargetPageId rootid 1 tid 106011
239 tid 106011
Insert  tid 106011
FindTargetPageId rootid 1 tid 106011
240 tid 106011
Insert  tid 106011
FindTargetPageId rootid 1 tid 106011
241 tid 106011
Insert  tid 106011
FindTargetPageId rootid 1 tid 106011
242 tid 106011
Insert  tid 106011
FindTargetPageId rootid 1 tid 106011
243 tid 106011
Insert  tid 106011
FindTargetPageId rootid 1 tid 106011
244 tid 106011
Insert  tid 106011
FindTargetPageId rootid 1 tid 106011
245 tid 106011
Insert  tid 106011
FindTargetPageId rootid 1 tid 106011
246 tid 106011
Insert  tid 106011
FindTargetPageId rootid 1 tid 106011
247 tid 106011
Insert  tid 106011
FindTargetPageId rootid 1 tid 106011
248 tid 106011
Insert  tid 106011
FindTargetPageId rootid 1 tid 106011
249 tid 106011
Insert  tid 106011
FindTargetPageId rootid 1 tid 106011
250 tid 106011
Insert  tid 106011
FindTargetPageId rootid 1 tid 106011
251 tid 106011
Insert  tid 106011
FindTargetPageId rootid 1 tid 106011
252 tid 106011
Insert  tid 106011
FindTargetPageId rootid 1 tid 106011
253 tid 106011
Insert  tid 106011
FindTargetPageId rootid 1 tid 106011
254 tid 106011
Insert  tid 106011
FindTargetPageId rootid 3 tid 106011
target_page_id id: 1 tid 106011
0 1 tid 106011
365 2 tid 106011
127 tid 106011
Insert  tid 106011
FindTargetPageId rootid 3 tid 106012
target_page_id id: 1 tid 106012
0 1 tid 106012
365 2 tid 106012
128 tid 106012
Remove  tid 106012
FindTargetPageId rootid 3 tid 106013
target_page_id id: 1 tid 106013
0 1 tid 106013
365 2 tid 106013
127 tid 106013
Insert  tid 106013
FindTargetPageId rootid 3 tid 106011
target_page_id id: 1 tid 106011
0 1 tid 106011
365 2 tid 106011
127 tid 106011
Insert  tid 106011
FindTargetPageId rootid 3 tid 106011
target_page_id id: 1 tid 106011
0 1 tid 106011
365 2 tid 106011
128 tid 106011
Insert  tid 106011
FindTargetPageId rootid 3 tid 106013
target_page_id id: 1 tid 106013
0 1 tid 106013
365 2 tid 106013
129 tid 106013
FindTargetPageId rootid 3 tid 106012
target_page_id id: 1 tid 106012
0 1 tid 106012
365 2 tid 106012
Insert 129 tid 106012
 tid 106013
Remove  tid 106012
FindTargetPageId rootid 3 tid 106011
target_page_id id: 1 tid 106011
0 1 tid 106011
365 2 tid 106011
128 tid 106011
Insert  tid 106011
FindTargetPageId rootid 3 tid 106011
target_page_id id: 1 tid 106011
0 1 tid 106011
365 2 tid 106011
129 tid 106011
Insert  tid 106011
FindTargetPageId rootid 3 tid 106012
target_page_id id: 1 tid 106012
0 1 tid 106012
365 2 tid 106012
130 tid 106012
Remove  tid 106012
FindTargetPageId rootid 3 tid 106013
target_page_id id: 1 tid 106013
0 1 tid 106013
365 2 tid 106013
129 tid 106013
Insert  tid 106013
FindTargetPageId rootid 3 tid 106011
target_page_id id: 1 tid 106011
0 1 tid 106011
365 2 tid 106011
129 tid 106011
Insert  tid 106011
FindTargetPageId rootid 3 tid 106012
target_page_id id: 1 tid 106012
0 1 tid 106012
365 2 tid 106012
130 tid 106012
Remove  tid 106012
FindTargetPageId rootid 3 tid 106013
target_page_id id: 1 tid 106013
0 1 tid 106013
365 2 tid 106013
129 tid 106013
Insert  tid 106013
FindTargetPageId rootid 3 tid 106011
target_page_id id: 1 tid 106011
0 1 tid 106011
365 2 tid 106011
129 tid 106011
FindTargetPageId rootid 3 tid 106013
target_page_id id: Insert  tid 106011
1 tid 106013
0 1 tid 106013
365 2 tid 106013
130 tid 106013
Insert  tid 106013
FindTargetPageId rootid 3 tid 106012
target_page_id id: 1 tid 106012
0 1 tid 106012
365 2 tid 106012
130 tid 106012
Remove  tid 106012
FindTargetPageId rootid 3 tid 106011
target_page_id id: 1 tid 106011
0 1 tid 106011
365 2 tid 106011
129 tid 106011
Insert  tid 106011
FindTargetPageId rootid 3 tid 106011
target_page_id id: 1 tid 106011
0 1 tid 106011
365 2 tid 106011
130 tid 106011
Insert  tid 106011
FindTargetPageId rootid 3 tid 106011
target_page_id id: 1 tid 106011
0 1 tid 106011
365 2 tid 106011
131 tid 106011
Insert  tid 106011
FindTargetPageId rootid 3 tid 106011
target_page_id id: 1 tid 106011
0 1 tid 106011
365 2 tid 106011
132 tid 106011
Insert  tid 106011
FindTargetPageId rootid 3 tid 106013
target_page_id id: 1 tid 106013
0 1 tid 106013
365 2 tid 106013
133 tid 106013
Insert  tid 106013
FindTargetPageId rootid 3 tid 106012
target_page_id id: 1 tid 106012
0 1 tid 106012
365 2 tid 106012
133 tid 106012
Remove  tid 106012
FindTargetPageId rootid 3 tid 106011
target_page_id id: 1 tid 106011
0 1 tid 106011
365 2 tid 106011
132 tid 106011
Insert  tid 106011
FindTargetPageId rootid 3 tid 106013
target_page_id id: 1 tid 106013
0 1 tid 106013
365 2 tid 106013
133 tid 106013
Insert  tid 106013
FindTargetPageId rootid 3 tid 106012
target_page_id id: 1 tid 106012
0 1 tid 106012
365 2 tid 106012
133 tid 106012
FindTargetPageId rootid 3 tid 106011
target_page_id id: 1 tid 106011
0 1 tid Remove 106011 tid 
365 2 tid 106011
132 tid 106011
106012
FindTargetPageId rootid 3 tid 106013
target_page_id id: 1 tid 106013
0 1 tid 106013
365 2 tid 106013
133 tid 106013
Insert  tid 106011
FindTargetPageId rootid 3 tid 106011
target_page_id id: 1 tid 106011
0 1 tid 106011
365 2 tid 106011
133 tid 106011
Insert  tid 106013
FindTargetPageId rootid 3 tid 106013
target_page_id id: 1 tid 106013
0 1 tid 106013
365 2 tid 106013
134 tid 106013
Insert  tid 106013
FindTargetPageId rootid 3 tid 106013
target_page_id id: 1 tid 106013
0 1 tid 106013
365 2 tid 106013
134 tid 106013
Insert  tid 106011
FindTargetPageId rootid 3 tid 106011
Insert  tid 106013
target_page_id id: 1 tid 106011
0 1 tid 106011
365 2 tid 106011
134 tid 106011
Insert  tid 106011
FindTargetPageId rootid 3 tid 106012
target_page_id id: 1 tid 106012
0 1 tid 106012
365 2 tid 106012
135 tid 106012
Remove  tid 106012
FindTargetPageId rootid 3 tid 106012
target_page_id id: 1 tid 106012
0 1 tid 106012
365 2 tid 106012
134 tid 106012
Remove  tid 106012
FindTargetPageId rootid 3 tid 106012
target_page_id id: 1 tid 106012
0 1 tid 106012
365 2 tid 106012
133 tid 106012
Remove  tid 106012
FindTargetPageId rootid 3 tid 106012
target_page_id id: 1 tid 106012
0 1 tid 106012
365 2 tid 106012
132 tid 106012
Remove  tid 106012
FindTargetPageId rootid 3 tid 106012
target_page_id id: 1 tid 106012
0 1 tid 106012
365 2 tid 106012
131 tid 106012
Remove  tid 106012
FindTargetPageId rootid 3 tid 106013
target_page_id id: 1 tid 106013
0 1 tid 106013
365 2 tid 106013
130 tid 106013
Insert  tid 106013
FindTargetPageId rootid 3 tid 106011
target_page_id id: 1 tid 106011
0 1 tid 106011
365 2 tid 106011
130 tid 106011
Insert  tid 106011
FindTargetPageId rootid 3 tid 106011
target_page_id id: 1 tid 106011
0 1 tid 106011
365 2 tid 106011
131 tid 106011
Insert  tid 106011
FindTargetPageId rootid 3 tid 106011
target_page_id id: 1 tid 106011
0 1 tid 106011
365 2 tid 106011
132 tid 106011
Insert  tid 106011
FindTargetPageId rootid 3 tid 106013
target_page_id id: 1 tid 106013
0 1 tid 106013
365 2 tid 106013
133 tid 106013
Insert  tid 106013
FindTargetPageId rootid 3 tid 106012
target_page_id id: 1 tid 106012
0 1 tid 106012
365 2 tid 106012
133 tid 106012
Remove  tid 106012
FindTargetPageId rootid 3 tid 106011
target_page_id id: 1 tid 106011
0 1 tid 106011
365 2 tid 106011
132 tid 106011
Insert  tid 106011
FindTargetPageId rootid 3 tid 106011
target_page_id id: 1 tid 106011
0 1 tid 106011
365 2 tid 106011
133 tid 106011
Insert  tid 106011
FindTargetPageId rootid 3 tid 106011
target_page_id id: 1 tid 106011
0 1 tid 106011
365 2 tid 106011
134 tid 106011
Insert  tid FindTargetPageId rootid 106011
3 tid 106012
target_page_id id: 1 tid 106012
0 1 tid 106012
365 2 tid 106012
135 tid 106012
Remove  tid 106012
FindTargetPageId rootid 3 tid 106013
target_page_id id: 1 tid 106013
0 1 tid 106013
365 2 tid 106013
134 tid 106013
Insert  tid 106013
FindTargetPageId rootid 3 tid 106011
target_page_id id: 1 tid 106011
0 1 tid 106011
365 2 tid 106011
134 tid 106011
Insert  tid 106011
FindTargetPageId rootid 3 tid 106012
target_page_id id: 1 tid 106012
0 1 tid 106012
365 2 tid 106012
135 tid 106012
Remove  tid 106012
FindTargetPageId rootid 3 tid 106013
target_page_id id: 1 tid 106013
0 1 tid 106013
365 2 tid 106013
134 tid 106013
Insert  tid 106013
FindTargetPageId rootid 3 tid 106011
target_page_id id: 1 tid 106011
0 1 tid 106011
365 2 tid 106011
134 tid 106011
Insert  tid 106011
FindTargetPageId rootid 3 tid 106012
target_page_id id: 1 tid 106012
0 1 tid 106012
365 2 tid 106012
135 tid 106012
Remove  tid 106012
FindTargetPageId rootid 3 tid 106013
target_page_id id: 1 tid 106013
0 1 tid 106013
365 2 tid 106013
134 tid 106013
Insert  tid 106013
FindTargetPageId rootid 3 tid 106011
target_page_id id: 1 tid 106011
0 1 tid 106011
365 2 tid 106011
134 tid 106011
Insert  tid 106011
FindTargetPageId rootid 3 tid 106012
target_page_id id: 1 tid 106012
0 1 tid 106012
365 2 tid 106012
135 tid 106012
Remove  tid 106012
FindTargetPageId rootid 3 tid 106013
target_page_id id: 1 tid 106013
0 1 tid 106013
365 2 tid 106013
134 tid 106013
Insert  tid 106013
FindTargetPageId rootid 3 tid 106011
target_page_id id: 1 tid 106011
0 1 tid 106011
365 2 tid 106011
134 tid 106011
Insert  tid 106011
FindTargetPageId rootid 3 tid 106012
target_page_id id: 1 tid 106012
0 1 tid 106012
365 2 tid 106012
135 tid 106012
Remove  tid 106012
FindTargetPageId rootid 3 tid 106013
target_page_id id: 1 tid 106013
0 1 tid 106013
365 2 tid 106013
134 tid 106013
Insert  tid 106013
FindTargetPageId rootid 3 tid 106011
target_page_id id: 1 tid 106011
0 1 tid 106011
365 2 tid 106011
134 tid 106011
Insert  tid 106011
FindTargetPageId rootid 3 tid 106012
target_page_id id: 1 tid 106012
0 1 tid 106012
365 2 tid 106012
135 tid 106012
Remove  tid 106012
FindTargetPageId rootid 3 tid 106013
target_page_id id: 1 tid 106013
0 1 tid 106013
365 2 tid 106013
134 tid 106013
Insert  tid 106013
FindTargetPageId rootid 3 tid 106011
target_page_id id: 1 tid 106011
0 1 tid 106011
365 2 tid 106011
134 tid 106011
Insert  tid 106011
FindTargetPageId rootid 3 tid 106012
target_page_id id: 1 tid 106012
0 1 tid 106012
365 2 tid 106012
135 tid 106012
Remove  tid 106012
FindTargetPageId rootid 3 tid 106013
target_page_id id: 1 tid 106013
0 1 tid 106013
365 2 tid 106013
134 tid 106013
Insert  tid 106013
FindTargetPageId rootid 3 tid 106011
target_page_id id: 1 tid 106011
0 1 tid 106011
365 2 tid 106011
134 tid 106011
Insert  tid 106011
FindTargetPageId rootid 3 tid 106012
target_page_id id: 1 tid 106012
0 1 tid 106012
365 2 tid 106012
135 tid 106012
Remove  tid 106012
FindTargetPageId rootid 3 tid 106013
target_page_id id: 1 tid 106013
0 1 tid 106013
365 2 tid 106013
134 tid 106013
Insert  tid 106013
FindTargetPageId rootid 3 tid 106013
target_page_id id: 1 tid 106013
0 1 tid 106013
365 2 tid 106013
134 tid 106013
Insert  tid 106013
FindTargetPageId rootid 3 tid 106012
target_page_id id: 1 tid 106012
0 1 tid 106012
365 2 tid 106012
134 tid 106012
Remove  tid 106012
FindTargetPageId rootid 3 tid 106011
target_page_id id: 1 tid 106011
0 1 tid 106011
365 2 tid 106011
133 tid 106011
Insert  tid 106011
FindTargetPageId rootid 3 tid 106013
target_page_id id: 1 tid 106013
0 1 tid 106013
365 2 tid 106013
134 tid 106013
Insert  tid 106013
FindTargetPageId rootid 3 tid 106013
target_page_id id: 1 tid 106013
0 1 tid 106013
365 2 tid 106013
134 tid 106013
Insert  tid 106013
FindTargetPageId rootid 3 tid 106013
target_page_id id: 1 tid 106013
0 1 tid 106013
365 2 tid 106013
134 tid 106013
Insert  tid 106013
FindTargetPageId rootid 3 tid 106013
target_page_id id: 1 tid 106013
0 1 tid 106013
365 2 tid 106013
134 tid 106013
Insert  tid 106013
FindTargetPageId rootid 3 tid 106013
target_page_id id: 1 tid 106013
0 1 tid 106013
365 2 tid 106013
134 tid 106013
Insert  tid 106013
FindTargetPageId rootid 3 tid 106013
target_page_id id: 1 tid 106013
0 1 tid 106013
365 2 tid 106013
134 tid 106013
Insert  tid 106013
FindTargetPageId rootid 3 tid 106013
target_page_id id: 1 tid 106013
0 1 tid 106013
365 2 tid 106013
134 tid 106013
Insert  tid 106013
FindTargetPageId rootid 3 tid 106013
target_page_id id: 1 tid 106013
0 1 tid 106013
365 2 tid 106013
134 tid 106013
Insert  tid 106013
FindTargetPageId rootid 3 tid 106013
target_page_id id: 1 tid 106013
0 1 tid 106013
365 2 tid 106013
134 tid 106013
Insert  tid 106013
FindTargetPageId rootid 3 tid 106013
target_page_id id: 1 tid 106013
0 1 tid 106013
365 2 tid 106013
134 tid 106013
Insert  tid 106013
FindTargetPageId rootid 3 tid 106013
target_page_id id: 1 tid 106013
0 1 tid 106013
365 2 tid 106013
134 tid 106013
Insert  tid 106013
FindTargetPageId rootid 3 tid 106013
target_page_id id: 1 tid 106013
0 1 tid 106013
365 2 tid 106013
134 tid 106013
Insert  tid 106013
FindTargetPageId rootid 3 tid 106013
target_page_id id: 1 tid 106013
0 1 tid 106013
365 2 tid 106013
134 tid 106013
Insert  tid 106013
FindTargetPageId rootid 3 tid 106013
target_page_id id: 1 tid 106013
0 1 tid 106013
365 2 tid 106013
134 tid 106013
Insert  tid 106013
FindTargetPageId rootid 3 tid 106013
target_page_id id: 1 tid 106013
0 1 tid 106013
365 2 tid 106013
134 tid 106013
Insert  tid 106013
FindTargetPageId rootid 3 tid 106013
target_page_id id: 1 tid 106013
0 1 tid 106013
365 2 tid 106013
134 tid 106013
Insert  tid 106013
FindTargetPageId rootid 3 tid 106013
target_page_id id: 1 tid 106013
0 1 tid 106013
365 2 tid 106013
134 tid 106013
Insert  tid 106013
FindTargetPageId rootid 3 tid 106013
target_page_id id: 1 tid 106013
0 1 tid 106013
365 2 tid 106013
134 tid 106013
Insert  tid 106013
FindTargetPageId rootid 3 tid 106013
target_page_id id: 1 tid 106013
0 1 tid 106013
365 2 tid 106013
134 tid 106013
Insert  tid 106013
FindTargetPageId rootid 3 tid 106013
target_page_id id: 1 tid 106013
0 1 tid 106013
365 2 tid 106013
134 tid 106013
Insert  tid 106013
FindTargetPageId rootid 3 tid 106013
target_page_id id: 1 tid 106013
0 1 tid 106013
365 2 tid 106013
134 tid 106013
Insert  tid 106013
FindTargetPageId rootid 3 tid 106013
target_page_id id: 1 tid 106013
0 1 tid 106013
365 2 tid 106013
134 tid 106013
Insert  tid 106013
FindTargetPageId rootid 3 tid 106013
target_page_id id: 1 tid 106013
0 1 tid 106013
365 2 tid 106013
134 tid 106013
Insert  tid 106013
FindTargetPageId rootid 3 tid 106013
target_page_id id: 1 tid 106013
0 1 tid 106013
365 2 tid 106013
134 tid 106013
Insert  tid 106013
FindTargetPageId rootid 3 tid 106013
target_page_id id: 1 tid 106013
0 1 tid 106013
365 2 tid 106013
134 tid 106013
Insert  tid 106013
FindTargetPageId rootid 3 tid 106013
target_page_id id: 1 tid 106013
0 1 tid 106013
365 2 tid 106013
134 tid 106013
Insert  tid 106013
FindTargetPageId rootid 3 tid 106013
target_page_id id: 1 tid 106013
0 1 tid 106013
365 2 tid 106013
134 tid 106013
Insert  tid 106013
FindTargetPageId rootid 3 tid 106013
target_page_id id: 1 tid 106013
0 1 tid 106013
365 2 tid 106013
134 tid 106013
Insert  tid 106013
FindTargetPageId rootid 3 tid 106013
target_page_id id: 1 tid 106013
0 1 tid 106013
365 2 tid 106013
134 tid 106013
Insert  tid 106013
FindTargetPageId rootid 3 tid 106013
target_page_id id: 1 tid 106013
0 1 tid 106013
365 2 tid 106013
135 tid 106013
Insert  tid 106013
FindTargetPageId rootid 3 tid 106013
target_page_id id: 1 tid 106013
0 1 tid 106013
365 2 tid 106013
136 tid 106013
Insert  tid 106013
FindTargetPageId rootid 3 tid 106013
target_page_id id: 1 tid 106013
0 1 tid 106013
365 2 tid 106013
137 tid 106013
Insert  tid 106013
FindTargetPageId rootid 3 tid 106013
target_page_id id: 1 tid 106013
0 1 tid 106013
365 2 tid 106013
138 tid 106013
Insert  tid 106013
FindTargetPageId rootid 3 tid 106013
target_page_id id: 1 tid 106013
0 1 tid 106013
365 2 tid 106013
139 tid 106013
Insert  tid 106013
FindTargetPageId rootid 3 tid 106013
target_page_id id: 1 tid 106013
0 1 tid 106013
365 2 tid 106013
140 tid 106013
Insert  tid 106013
FindTargetPageId rootid 3 tid 106013
target_page_id id: 1 tid 106013
0 1 tid 106013
365 2 tid 106013
141 tid 106013
Insert  tid 106013
FindTargetPageId rootid 3 tid 106013
target_page_id id: 1 tid 106013
0 1 tid 106013
365 2 tid 106013
142 tid 106013
Insert  tid 106013
FindTargetPageId rootid 3 tid 106013
target_page_id id: 1 tid 106013
0 1 tid 106013
365 2 tid 106013
143 tid 106013
Insert  tid 106013
FindTargetPageId rootid 3 tid 106013
target_page_id id: 1 tid 106013
0 1 tid 106013
365 2 tid 106013
144 tid 106013
Insert  tid 106013
FindTargetPageId rootid 3 tid 106013
target_page_id id: 1 tid 106013
0 1 tid 106013
365 2 tid 106013
145 tid 106013
Insert  tid 106013
FindTargetPageId rootid 3 tid 106013
target_page_id id: 1 tid 106013
0 1 tid 106013
365 2 tid 106013
146 tid 106013
Insert  tid 106013
FindTargetPageId rootid 3 tid 106013
target_page_id id: 1 tid 106013
0 1 tid 106013
365 2 tid 106013
147 tid 106013
Insert  tid 106013
FindTargetPageId rootid 3 tid 106013
target_page_id id: 1 tid 106013
0 1 tid 106013
365 2 tid 106013
148 tid 106013
Insert  tid 106013
FindTargetPageId rootid 3 tid 106013
target_page_id id: 1 tid 106013
0 1 tid 106013
365 2 tid 106013
149 tid 106013
Insert  tid 106013
FindTargetPageId rootid 3 tid 106013
target_page_id id: 1 tid 106013
0 1 tid 106013
365 2 tid 106013
150 tid 106013
Insert  tid 106013
FindTargetPageId rootid 3 tid 106013
target_page_id id: 1 tid 106013
0 1 tid 106013
365 2 tid 106013
151 tid 106013
Insert  tid 106013
FindTargetPageId rootid 3 tid 106013
target_page_id id: 1 tid 106013
0 1 tid 106013
365 2 tid 106013
152 tid 106013
Insert  tid 106013
FindTargetPageId rootid 3 tid 106013
target_page_id id: 1 tid 106013
0 1 tid 106013
365 2 tid 106013
153 tid 106013
Insert  tid 106013
FindTargetPageId rootid 3 tid 106013
target_page_id id: 1 tid 106013
0 1 tid 106013
365 2 tid 106013
154 tid 106013
Insert  tid 106013
FindTargetPageId rootid 3 tid 106013
target_page_id id: 1 tid 106013
0 1 tid 106013
365 2 tid 106013
155 tid 106013
Insert  tid 106013
FindTargetPageId rootid 3 tid 106013
target_page_id id: 1 tid 106013
0 1 tid 106013
365 2 tid 106013
156 tid 106013
Insert  tid 106013
FindTargetPageId rootid 3 tid 106013
target_page_id id: 1 tid 106013
0 1 tid 106013
365 2 tid 106013
157 tid 106013
Insert  tid 106013
FindTargetPageId rootid 3 tid 106013
target_page_id id: 1 tid 106013
0 1 tid 106013
365 2 tid 106013
158 tid 106013
Insert  tid 106013
FindTargetPageId rootid 3 tid 106013
target_page_id id: 1 tid 106013
0 1 tid 106013
365 2 tid 106013
159 tid 106013
Insert  tid 106013
FindTargetPageId rootid 3 tid 106013
target_page_id id: 1 tid 106013
0 1 tid 106013
365 2 tid 106013
160 tid 106013
Insert  tid 106013
FindTargetPageId rootid 3 tid 106013
target_page_id id: 1 tid 106013
0 1 tid 106013
365 2 tid 106013
161 tid 106013
Insert  tid 106013
FindTargetPageId rootid 3 tid 106013
target_page_id id: 1 tid 106013
0 1 tid 106013
365 2 tid 106013
162 tid 106013
Insert  tid 106013
FindTargetPageId rootid 3 tid 106013
target_page_id id: 1 tid 106013
0 1 tid 106013
365 2 tid 106013
163 tid 106013
Insert  tid 106013
FindTargetPageId rootid 3 tid 106013
target_page_id id: 1 tid 106013
0 1 tid 106013
365 2 tid 106013
164 tid 106013
Insert  tid 106013
FindTargetPageId rootid 3 tid 106013
target_page_id id: 1 tid 106013
0 1 tid 106013
365 2 tid 106013
165 tid 106013
Insert  tid 106013
FindTargetPageId rootid 3 tid 106013
target_page_id id: 1 tid 106013
0 1 tid 106013
365 2 tid 106013
166 tid 106013
Insert  tid 106013
FindTargetPageId rootid 3 tid 106013
target_page_id id: 1 tid 106013
0 1 tid 106013
365 2 tid 106013
167 tid 106013
Insert  tid 106013
FindTargetPageId rootid 3 tid 106013
target_page_id id: 1 tid 106013
0 1 tid 106013
365 2 tid 106013
168 tid 106013
Insert  tid 106013
FindTargetPageId rootid 3 tid 106013
target_page_id id: 1 tid 106013
0 1 tid 106013
365 2 tid 106013
169 tid 106013
Insert  tid 106013
FindTargetPageId rootid 3 tid 106013
target_page_id id: 1 tid 106013
0 1 tid 106013
365 2 tid 106013
170 tid 106013
Insert  tid 106013
FindTargetPageId rootid 3 tid 106013
target_page_id id: 1 tid 106013
0 1 tid 106013
365 2 tid 106013
171 tid 106013
Insert  tid 106013
FindTargetPageId rootid 3 tid 106013
target_page_id id: 1 tid 106013
0 1 tid 106013
365 2 tid 106013
172 tid 106013
Insert  tid 106013
FindTargetPageId rootid 3 tid 106013
target_page_id id: 1 tid 106013
0 1 tid 106013
365 2 tid 106013
173 tid 106013
Insert  tid 106013
FindTargetPageId rootid 3 tid 106013
target_page_id id: 1 tid 106013
0 1 tid 106013
365 2 tid 106013
174 tid 106013
Insert  tid 106013
FindTargetPageId rootid 3 tid 106013
target_page_id id: 1 tid 106013
0 1 tid 106013
365 2 tid 106013
175 tid 106013
Insert  tid 106013
FindTargetPageId rootid 3 tid 106012
target_page_id id: 1 tid 106012
0 1 tid 106012
365 2 tid 106012
176 tid 106012
Remove  tid 106012
FindTargetPageId rootid 3 tid 106012
target_page_id id: 1 tid 106012
0 1 tid 106012
365 2 tid 106012
175 tid 106012
Remove  tid 106012
FindTargetPageId rootid 3 tid 106012
target_page_id id: 1 tid 106012
0 1 tid 106012
365 2 tid 106012
174 tid 106012
Remove  tid 106012
FindTargetPageId rootid 3 tid 106012
target_page_id id: 1 tid 106012
0 1 tid 106012
365 2 tid 106012
173 tid 106012
Remove  tid 106012
FindTargetPageId rootid 3 tid 106012
target_page_id id: 1 tid 106012
0 1 tid 106012
365 2 tid 106012
172 tid 106012
Remove  tid 106012
FindTargetPageId rootid 3 tid 106012
target_page_id id: 1 tid 106012
0 1 tid 106012
365 2 tid 106012
171 tid 106012
Remove  tid 106012
FindTargetPageId rootid 3 tid 106012
target_page_id id: 1 tid 106012
0 1 tid 106012
365 2 tid 106012
170 tid 106012
Remove  tid 106012
FindTargetPageId rootid 3 tid 106012
target_page_id id: 1 tid 106012
0 1 tid 106012
365 2 tid 106012
169 tid 106012
Remove  tid 106012
FindTargetPageId rootid 3 tid 106011
target_page_id id: 1 tid 106011
0 1 tid 106011
365 2 tid 106011
168 tid 106011
Insert  tid 106011
FindTargetPageId rootid 3 tid 106011
target_page_id id: 1 tid 106011
0 1 tid 106011
365 2 tid 106011
168 tid 106011
Insert  tid 106011
FindTargetPageId rootid 3 tid 106011
target_page_id id: 1 tid 106011
0 1 tid 106011
365 2 tid 106011
168 tid 106011
Insert  tid 106011
FindTargetPageId rootid 3 tid 106011
target_page_id id: 1 tid 106011
0 1 tid 106011
365 2 tid 106011
168 tid 106011
Insert  tid 106011
FindTargetPageId rootid 3 tid 106011
target_page_id id: 1 tid 106011
0 1 tid 106011
365 2 tid 106011
168 tid 106011
Insert  tid 106011
FindTargetPageId rootid 3 tid 106011
target_page_id id: 1 tid 106011
0 1 tid 106011
365 2 tid 106011
168 tid 106011
Insert  tid 106011
FindTargetPageId rootid 3 tid 106011
target_page_id id: 1 tid 106011
0 1 tid 106011
365 2 tid 106011
168 tid 106011
Insert  tid 106011
FindTargetPageId rootid 3 tid 106011
target_page_id id: 1 tid 106011
0 1 tid 106011
365 2 tid 106011
168 tid 106011
Insert  tid 106011
FindTargetPageId rootid 3 tid 106011
target_page_id id: 1 tid 106011
0 1 tid 106011
365 2 tid 106011
168 tid 106011
Insert  tid 106011
FindTargetPageId rootid 3 tid 106013
target_page_id id: 1 tid 106013
0 1 tid 106013
365 2 tid 106013
168 tid 106013
Insert  tid 106013
FindTargetPageId rootid 3 tid 106012
target_page_id id: 1 tid 106012
0 1 tid 106012
365 2 tid 106012
169 tid 106012
Remove  tid 106012
FindTargetPageId rootid 3 tid 106011
target_page_id id: 1 tid 106011
0 1 tid 106011
365 2 tid 106011
168 tid 106011
Insert  tid 106011
FindTargetPageId rootid 3 tid 106013
target_page_id id: 1 tid 106013
0 1 tid 106013
365 2 tid 106013
168 tid 106013
Insert  tid 106013
FindTargetPageId rootid 3 tid 106012
target_page_id id: 1 tid 106012
0 1 tid 106012
365 2 tid 106012
169 tid 106012
Remove  tid 106012
FindTargetPageId rootid 3 tid 106011
target_page_id id: 1 tid 106011
0 1 tid 106011
365 2 tid 106011
168 tid 106011
Insert  tid 106011
FindTargetPageId rootid 3 tid 106013
target_page_id id: 1 tid 106013
0 1 tid 106013
365 2 tid 106013
168 tid 106013
Insert  tid 106013
FindTargetPageId rootid 3 tid 106012
target_page_id id: 1 tid 106012
0 1 tid 106012
365 2 tid 106012
169 tid 106012
Remove  tid 106012
FindTargetPageId rootid 3 tid 106011
target_page_id id: 1 tid 106011
0 1 tid 106011
365 2 tid 106011
168 tid 106011
Insert  tid 106011
FindTargetPageId rootid 3 tid 106013
target_page_id id: 1 tid 106013
0 1 tid 106013
365 2 tid 106013
168 tid 106013
Insert  tid 106013
FindTargetPageId rootid 3 tid 106012
target_page_id id: 1 tid 106012
0 1 tid 106012
365 2 tid 106012
169 tid 106012
Remove  tid 106012
FindTargetPageId rootid 3 tid 106011
target_page_id id: 1 tid 106011
0 1 tid 106011
365 2 tid 106011
168 tid 106011
Insert  tid 106011
FindTargetPageId rootid 3 tid 106013
target_page_id id: 1 tid 106013
0 1 tid 106013
365 2 tid 106013
168 tid 106013
Insert  tid 106013
FindTargetPageId rootid 3 tid 106013
target_page_id id: 1 tid 106013
0 1 tid 106013
365 2 tid 106013
169 tid 106013
Insert  tid 106013
FindTargetPageId rootid 3 tid 106013
target_page_id id: 1 tid 106013
0 1 tid 106013
365 2 tid 106013
170 tid 106013
Insert  tid 106013
FindTargetPageId rootid 3 tid 106013
target_page_id id: 1 tid 106013
0 1 tid 106013
365 2 tid 106013
171 tid 106013
Insert  tid 106013
FindTargetPageId rootid 3 tid 106013
target_page_id id: 1 tid 106013
0 1 tid 106013
365 2 tid 106013
172 tid 106013
Insert  tid 106013
FindTargetPageId rootid 3 tid 106013
target_page_id id: 1 tid 106013
0 1 tid 106013
365 2 tid 106013
173 tid 106013
Insert  tid 106013
FindTargetPageId rootid 3 tid 106013
target_page_id id: 1 tid 106013
0 1 tid 106013
365 2 tid 106013
174 tid 106013
Insert  tid 106013
FindTargetPageId rootid 3 tid 106013
target_page_id id: 1 tid 106013
0 1 tid 106013
365 2 tid 106013
175 tid 106013
Insert  tid 106013
FindTargetPageId rootid 3 tid 106013
target_page_id id: 1 tid 106013
0 1 tid 106013
365 2 tid 106013
176 tid 106013
Insert  tid 106013
FindTargetPageId rootid 3 tid 106013
target_page_id id: 1 tid 106013
0 1 tid 106013
365 2 tid 106013
177 tid 106013
Insert  tid 106013
FindTargetPageId rootid 3 tid 106013
target_page_id id: 1 tid 106013
0 1 tid 106013
365 2 tid 106013
178 tid 106013
Insert  tid 106013
FindTargetPageId rootid 3 tid 106013
target_page_id id: 1 tid 106013
0 1 tid 106013
365 2 tid 106013
179 tid 106013
Insert  tid 106013
FindTargetPageId rootid 3 tid 106013
target_page_id id: 1 tid 106013
0 1 tid 106013
365 2 tid 106013
180 tid 106013
Insert  tid 106013
FindTargetPageId rootid 3 tid 106013
target_page_id id: 1 tid 106013
0 1 tid 106013
365 2 tid 106013
181 tid 106013
Insert  tid 106013
FindTargetPageId rootid 3 tid 106013
target_page_id id: 1 tid 106013
0 1 tid 106013
365 2 tid 106013
182 tid 106013
Insert  tid 106013
FindTargetPageId rootid 3 tid 106013
target_page_id id: 1 tid 106013
0 1 tid 106013
365 2 tid 106013
183 tid 106013
Insert  tid 106013
FindTargetPageId rootid 3 tid 106013
target_page_id id: 1 tid 106013
0 1 tid 106013
365 2 tid 106013
184 tid 106013
Insert  tid 106013
FindTargetPageId rootid 3 tid 106013
target_page_id id: 1 tid 106013
0 1 tid 106013
365 2 tid 106013
185 tid 106013
Insert  tid 106013
FindTargetPageId rootid 3 tid 106013
target_page_id id: 1 tid 106013
0 1 tid 106013
365 2 tid 106013
186 tid 106013
Insert  tid 106013
FindTargetPageId rootid 3 tid 106013
target_page_id id: 1 tid 106013
0 1 tid 106013
365 2 tid 106013
187 tid 106013
Insert  tid 106013
FindTargetPageId rootid 3 tid 106013
target_page_id id: 1 tid 106013
0 1 tid 106013
365 2 tid 106013
188 tid 106013
Insert  tid 106013
FindTargetPageId rootid 3 tid 106013
target_page_id id: 1 tid 106013
0 1 tid 106013
365 2 tid 106013
189 tid 106013
Insert  tid 106013
FindTargetPageId rootid 3 tid 106013
target_page_id id: 1 tid 106013
0 1 tid 106013
365 2 tid 106013
190 tid 106013
Insert  tid 106013
FindTargetPageId rootid 3 tid 106013
target_page_id id: 1 tid 106013
0 1 tid 106013
365 2 tid 106013
191 tid 106013
Insert  tid 106013
FindTargetPageId rootid 3 tid 106013
target_page_id id: 1 tid 106013
0 1 tid 106013
365 2 tid 106013
192 tid 106013
Insert  tid 106013
FindTargetPageId rootid 3 tid 106013
target_page_id id: 1 tid 106013
0 1 tid 106013
365 2 tid 106013
193 tid 106013
Insert  tid 106013
FindTargetPageId rootid 3 tid 106013
target_page_id id: 1 tid 106013
0 1 tid 106013
365 2 tid 106013
194 tid 106013
Insert  tid 106013
FindTargetPageId rootid 3 tid 106013
target_page_id id: 1 tid 106013
0 1 tid 106013
365 2 tid 106013
195 tid 106013
Insert  tid 106013
FindTargetPageId rootid 3 tid 106013
target_page_id id: 1 tid 106013
0 1 tid 106013
365 2 tid 106013
196 tid 106013
Insert  tid 106013
FindTargetPageId rootid 3 tid 106013
target_page_id id: 1 tid 106013
0 1 tid 106013
365 2 tid 106013
197 tid 106013
Insert  tid 106013
FindTargetPageId rootid 3 tid 106013
target_page_id id: 1 tid 106013
0 1 tid 106013
365 2 tid 106013
198 tid 106013
Insert  tid 106013
FindTargetPageId rootid 3 tid 106013
target_page_id id: 1 tid 106013
0 1 tid 106013
365 2 tid 106013
199 tid 106013
Insert  tid 106013
FindTargetPageId rootid 3 tid 106013
target_page_id id: 1 tid 106013
0 1 tid 106013
365 2 tid 106013
200 tid 106013
Insert  tid 106013
FindTargetPageId rootid 3 tid 106013
target_page_id id: 1 tid 106013
0 1 tid 106013
365 2 tid 106013
201 tid 106013
Insert  tid 106013
FindTargetPageId rootid 3 tid 106013
target_page_id id: 1 tid 106013
0 1 tid 106013
365 2 tid 106013
202 tid 106013
Insert  tid 106013
FindTargetPageId rootid 3 tid 106013
target_page_id id: 1 tid 106013
0 1 tid 106013
365 2 tid 106013
203 tid 106013
Insert  tid 106013
FindTargetPageId rootid 3 tid 106013
target_page_id id: 1 tid 106013
0 1 tid 106013
365 2 tid 106013
204 tid 106013
Insert  tid 106013
FindTargetPageId rootid 3 tid 106013
target_page_id id: 1 tid 106013
0 1 tid 106013
365 2 tid 106013
205 tid 106013
Insert  tid 106013
FindTargetPageId rootid 3 tid 106013
target_page_id id: 1 tid 106013
0 1 tid 106013
365 2 tid 106013
206 tid 106013
Insert  tid 106013
FindTargetPageId rootid 3 tid 106013
target_page_id id: 1 tid 106013
0 1 tid 106013
365 2 tid 106013
207 tid 106013
Insert  tid 106013
FindTargetPageId rootid 3 tid 106013
target_page_id id: 1 tid 106013
0 1 tid 106013
365 2 tid 106013
208 tid 106013
Insert  tid 106013
FindTargetPageId rootid 3 tid 106013
target_page_id id: 1 tid 106013
0 1 tid 106013
365 2 tid 106013
209 tid 106013
Insert  tid 106013
FindTargetPageId rootid 3 tid 106013
target_page_id id: 1 tid 106013
0 1 tid 106013
365 2 tid 106013
210 tid 106013
Insert  tid 106013
FindTargetPageId rootid 3 tid 106013
target_page_id id: 1 tid 106013
0 1 tid 106013
365 2 tid 106013
211 tid 106013
Insert  tid 106013
FindTargetPageId rootid 3 tid 106013
target_page_id id: 1 tid 106013
0 1 tid 106013
365 2 tid 106013
212 tid 106013
Insert  tid 106013
FindTargetPageId rootid 3 tid 106013
target_page_id id: 1 tid 106013
0 1 tid 106013
365 2 tid 106013
213 tid 106013
Insert  tid 106013
FindTargetPageId rootid 3 tid 106013
target_page_id id: 1 tid 106013
0 1 tid 106013
365 2 tid 106013
214 tid 106013
Insert  tid 106013
FindTargetPageId rootid 3 tid 106013
target_page_id id: 1 tid 106013
0 1 tid 106013
365 2 tid 106013
215 tid 106013
Insert  tid 106013
FindTargetPageId rootid 3 tid 106013
target_page_id id: 1 tid 106013
0 1 tid 106013
365 2 tid 106013
216 tid 106013
Insert  tid 106013
FindTargetPageId rootid 3 tid 106013
target_page_id id: 1 tid 106013
0 1 tid 106013
365 2 tid 106013
217 tid 106013
Insert  tid 106013
FindTargetPageId rootid 3 tid 106013
target_page_id id: 1 tid 106013
0 1 tid 106013
365 2 tid 106013
218 tid 106013
Insert  tid 106013
FindTargetPageId rootid 3 tid 106013
target_page_id id: 1 tid 106013
0 1 tid 106013
365 2 tid 106013
219 tid 106013
Insert  tid 106013
FindTargetPageId rootid 3 tid 106013
target_page_id id: 1 tid 106013
0 1 tid 106013
365 2 tid 106013
220 tid 106013
Insert  tid 106013
FindTargetPageId rootid 3 tid 106013
target_page_id id: 1 tid 106013
0 1 tid 106013
365 2 tid 106013
221 tid 106013
Insert  tid 106013
FindTargetPageId rootid 3 tid 106013
target_page_id id: 1 tid 106013
0 1 tid 106013
365 2 tid 106013
222 tid 106013
Insert  tid 106013
FindTargetPageId rootid 3 tid 106013
target_page_id id: 1 tid 106013
0 1 tid 106013
365 2 tid 106013
223 tid 106013
Insert  tid 106013
FindTargetPageId rootid 3 tid 106013
target_page_id id: 1 tid 106013
0 1 tid 106013
365 2 tid 106013
224 tid 106013
Insert  tid 106013
FindTargetPageId rootid 3 tid 106013
target_page_id id: 1 tid 106013
0 1 tid 106013
365 2 tid 106013
225 tid 106013
Insert  tid 106013
FindTargetPageId rootid 3 tid 106013
target_page_id id: 1 tid 106013
0 1 tid 106013
365 2 tid 106013
226 tid 106013
Insert  tid 106013
FindTargetPageId rootid 3 tid 106013
target_page_id id: 1 tid 106013
0 1 tid 106013
365 2 tid 106013
227 tid 106013
Insert  tid 106013
FindTargetPageId rootid 3 tid 106013
target_page_id id: 1 tid 106013
0 1 tid 106013
365 2 tid 106013
228 tid 106013
Insert  tid 106013
FindTargetPageId rootid 3 tid 106013
target_page_id id: 1 tid 106013
0 1 tid 106013
365 2 tid 106013
229 tid 106013
Insert  tid 106013
FindTargetPageId rootid 3 tid 106013
target_page_id id: 1 tid 106013
0 1 tid 106013
365 2 tid 106013
230 tid 106013
Insert  tid 106013
FindTargetPageId rootid 3 tid 106013
target_page_id id: 1 tid 106013
0 1 tid 106013
365 2 tid 106013
231 tid 106013
Insert  tid 106013
FindTargetPageId rootid 3 tid 106013
target_page_id id: 1 tid 106013
0 1 tid 106013
365 2 tid 106013
232 tid 106013
Insert  tid 106013
FindTargetPageId rootid 3 tid 106013
target_page_id id: 1 tid 106013
0 1 tid 106013
365 2 tid 106013
233 tid 106013
Insert  tid 106013
FindTargetPageId rootid 3 tid 106013
target_page_id id: 1 tid 106013
0 1 tid 106013
365 2 tid 106013
234 tid 106013
Insert  tid 106013
FindTargetPageId rootid 3 tid 106013
target_page_id id: 1 tid 106013
0 1 tid 106013
365 2 tid 106013
235 tid 106013
Insert  tid 106013
FindTargetPageId rootid 3 tid 106013
target_page_id id: 1 tid 106013
0 1 tid 106013
365 2 tid 106013
236 tid 106013
Insert  tid 106013
FindTargetPageId rootid 3 tid 106013
target_page_id id: 1 tid 106013
0 1 tid 106013
365 2 tid 106013
237 tid 106013
Insert  tid 106013
FindTargetPageId rootid 3 tid 106013
target_page_id id: 1 tid 106013
0 1 tid 106013
365 2 tid 106013
238 tid 106013
Insert  tid 106013
FindTargetPageId rootid 3 tid 106013
target_page_id id: 1 tid 106013
0 1 tid 106013
365 2 tid 106013
239 tid 106013
Insert  tid 106013
FindTargetPageId rootid 3 tid 106013
target_page_id id: 1 tid 106013
0 1 tid 106013
365 2 tid 106013
240 tid 106013
Insert  tid 106013
FindTargetPageId rootid 3 tid 106013
target_page_id id: 1 tid 106013
0 1 tid 106013
365 2 tid 106013
241 tid 106013
Insert  tid 106013
FindTargetPageId rootid 3 tid 106013
target_page_id id: 1 tid 106013
0 1 tid 106013
365 2 tid 106013
242 tid 106013
Insert  tid 106013
FindTargetPageId rootid 3 tid 106013
target_page_id id: 1 tid 106013
0 1 tid 106013
365 2 tid 106013
243 tid 106013
Insert  tid 106013
FindTargetPageId rootid 3 tid 106013
target_page_id id: 1 tid 106013
0 1 tid 106013
365 2 tid 106013
244 tid 106013
Insert  tid 106013
FindTargetPageId rootid 3 tid 106013
target_page_id id: 1 tid 106013
0 1 tid 106013
365 2 tid 106013
245 tid 106013
Insert  tid 106013
FindTargetPageId rootid 3 tid 106013
target_page_id id: 1 tid 106013
0 1 tid 106013
365 2 tid 106013
246 tid 106013
Insert  tid 106013
FindTargetPageId rootid 3 tid 106013
target_page_id id: 1 tid 106013
0 1 tid 106013
365 2 tid 106013
247 tid 106013
Insert  tid 106013
FindTargetPageId rootid 3 tid 106013
target_page_id id: 1 tid 106013
0 1 tid 106013
365 2 tid 106013
248 tid 106013
Insert  tid 106013
FindTargetPageId rootid 3 tid 106013
target_page_id id: 1 tid 106013
0 1 tid 106013
365 2 tid 106013
249 tid 106013
Insert  tid 106013
FindTargetPageId rootid 3 tid 106013
target_page_id id: 1 tid 106013
0 1 tid 106013
365 2 tid 106013
250 tid 106013
Insert  tid 106013
FindTargetPageId rootid 3 tid 106013
target_page_id id: 1 tid 106013
0 1 tid 106013
365 2 tid 106013
251 tid 106013
Insert  tid 106013
FindTargetPageId rootid 3 tid 106013
target_page_id id: 1 tid 106013
0 1 tid 106013
365 2 tid 106013
252 tid 106013
Insert  tid 106013
FindTargetPageId rootid 3 tid 106013
target_page_id id: 1 tid 106013
0 1 tid 106013
365 2 tid 106013
253 tid 106013
Insert  tid 106013
FindTargetPageId rootid 3 tid 106013
target_page_id id: 1 tid 106013
0 1 tid 106013
365 2 tid 106013
254 tid 106013
Insert  tid 106013
FindTargetPageId rootid 3 tid 106011
target_page_id id: 1 tid 106011
0 1 tid 106011
198 4 tid 106011
365 2 tid 106011
127 tid 106011
Insert  tid 106011
FindTargetPageId rootid 3 tid 106012
target_page_id id: 1 tid 106012
0 1 tid 106012
198 4 tid 106012
365 2 tid 106012
127 tid 106012
Remove  tid 106012
FindTargetPageId rootid 3 tid 106012
target_page_id id: 1 tid 106012
0 1 tid 106012
365 2 tid 106012
254 tid 106012
Remove  tid 106012
FindTargetPageId rootid 3 tid 106012
target_page_id id: 1 tid 106012
0 1 tid 106012
365 2 tid 106012
253 tid 106012
Remove  tid 106012
FindTargetPageId rootid 3 tid 106012
target_page_id id: 1 tid 106012
0 1 tid 106012
365 2 tid 106012
252 tid 106012
Remove  tid 106012
FindTargetPageId rootid 3 tid 106012
target_page_id id: 1 tid 106012
0 1 tid 106012
365 2 tid 106012
251 tid 106012
Remove  tid 106012
FindTargetPageId rootid 3 tid 106012
target_page_id id: 1 tid 106012
0 1 tid 106012
365 2 tid 106012
250 tid 106012
Remove  tid 106012
FindTargetPageId rootid 3 tid 106012
target_page_id id: 1 tid 106012
0 1 tid 106012
365 2 tid 106012
249 tid 106012
Remove  tid 106012
FindTargetPageId rootid 3 tid 106012
target_page_id id: 1 tid 106012
0 1 tid 106012
365 2 tid 106012
248 tid 106012
Remove  tid 106012
FindTargetPageId rootid 3 tid 106012
target_page_id id: 1 tid 106012
0 1 tid 106012
365 2 tid 106012
247 tid 106012
Remove  tid 106012
FindTargetPageId rootid 3 tid 106012
target_page_id id: 1 tid 106012
0 1 tid 106012
365 2 tid 106012
246 tid 106012
Remove  tid 106012
FindTargetPageId rootid 3 tid 106012
target_page_id id: 1 tid 106012
0 1 tid 106012
365 2 tid 106012
245 tid 106012
Remove  tid 106012
FindTargetPageId rootid 3 tid 106012
target_page_id id: 1 tid 106012
0 1 tid 106012
365 2 tid 106012
244 tid 106012
Remove  tid 106012
FindTargetPageId rootid 3 tid 106012
target_page_id id: 1 tid 106012
0 1 tid 106012
365 2 tid 106012
243 tid 106012
Remove  tid 106012
FindTargetPageId rootid 3 tid 106012
target_page_id id: 1 tid 106012
0 1 tid 106012
365 2 tid 106012
242 tid 106012
Remove  tid 106012
FindTargetPageId rootid 3 tid 106012
target_page_id id: 1 tid 106012
0 1 tid 106012
365 2 tid 106012
241 tid 106012
Remove  tid 106012
FindTargetPageId rootid 3 tid 106012
target_page_id id: 1 tid 106012
0 1 tid 106012
365 2 tid 106012
240 tid 106012
Remove  tid 106012
FindTargetPageId rootid 3 tid 106012
target_page_id id: 1 tid 106012
0 1 tid 106012
365 2 tid 106012
239 tid 106012
Remove  tid 106012
FindTargetPageId rootid 3 tid 106012
target_page_id id: 1 tid 106012
0 1 tid 106012
365 2 tid 106012
238 tid 106012
Remove  tid 106012
FindTargetPageId rootid 3 tid 106012
target_page_id id: 1 tid 106012
0 1 tid 106012
365 2 tid 106012
237 tid 106012
Remove  tid 106012
FindTargetPageId rootid 3 tid 106012
target_page_id id: 1 tid 106012
0 1 tid 106012
365 2 tid 106012
236 tid 106012
Remove  tid 106012
FindTargetPageId rootid 3 tid 106012
target_page_id id: 1 tid 106012
0 1 tid 106012
365 2 tid 106012
235 tid 106012
Remove  tid 106012
FindTargetPageId rootid 3 tid 106012
target_page_id id: 1 tid 106012
0 1 tid 106012
365 2 tid 106012
234 tid 106012
Remove  tid 106012
FindTargetPageId rootid 3 tid 106012
target_page_id id: 1 tid 106012
0 1 tid 106012
365 2 tid 106012
233 tid 106012
Remove  tid 106012
FindTargetPageId rootid 3 tid 106012
target_page_id id: 1 tid 106012
0 1 tid 106012
365 2 tid 106012
232 tid 106012
Remove  tid 106012
FindTargetPageId rootid 3 tid 106012
target_page_id id: 1 tid 106012
0 1 tid 106012
365 2 tid 106012
231 tid 106012
Remove  tid 106012
FindTargetPageId rootid 3 tid 106012
target_page_id id: 1 tid 106012
0 1 tid 106012
365 2 tid 106012
230 tid 106012
Remove  tid 106012
FindTargetPageId rootid 3 tid 106012
target_page_id id: 1 tid 106012
0 1 tid 106012
365 2 tid 106012
229 tid 106012
Remove  tid 106012
FindTargetPageId rootid 3 tid 106012
target_page_id id: 1 tid 106012
0 1 tid 106012
365 2 tid 106012
228 tid 106012
Remove  tid 106012
FindTargetPageId rootid 3 tid 106012
target_page_id id: 1 tid 106012
0 1 tid 106012
365 2 tid 106012
227 tid 106012
Remove  tid 106012
FindTargetPageId rootid 3 tid 106012
target_page_id id: 1 tid 106012
0 1 tid 106012
365 2 tid 106012
226 tid 106012
Remove  tid 106012
FindTargetPageId rootid 3 tid 106012
target_page_id id: 1 tid 106012
0 1 tid 106012
365 2 tid 106012
225 tid 106012
Remove  tid 106012
FindTargetPageId rootid 3 tid 106012
target_page_id id: 1 tid 106012
0 1 tid 106012
365 2 tid 106012
224 tid 106012
Remove  tid 106012
FindTargetPageId rootid 3 tid 106012
target_page_id id: 1 tid 106012
0 1 tid 106012
365 2 tid 106012
223 tid 106012
Remove  tid 106012
FindTargetPageId rootid 3 tid 106012
target_page_id id: 1 tid 106012
0 1 tid 106012
365 2 tid 106012
222 tid 106012
Remove  tid 106012
FindTargetPageId rootid 3 tid 106012
target_page_id id: 1 tid 106012
0 1 tid 106012
365 2 tid 106012
221 tid 106012
Remove  tid 106012
FindTargetPageId rootid 3 tid 106012
target_page_id id: 1 tid 106012
0 1 tid 106012
365 2 tid 106012
220 tid 106012
Remove  tid 106012
FindTargetPageId rootid 3 tid 106012
target_page_id id: 1 tid 106012
0 1 tid 106012
365 2 tid 106012
219 tid 106012
Remove  tid 106012
FindTargetPageId rootid 3 tid 106012
target_page_id id: 1 tid 106012
0 1 tid 106012
365 2 tid 106012
218 tid 106012
Remove  tid 106012
FindTargetPageId rootid 3 tid 106012
target_page_id id: 1 tid 106012
0 1 tid 106012
365 2 tid 106012
217 tid 106012
Remove  tid 106012
FindTargetPageId rootid 3 tid 106012
target_page_id id: 1 tid 106012
0 1 tid 106012
365 2 tid 106012
216 tid 106012
Remove  tid 106012
FindTargetPageId rootid 3 tid 106012
target_page_id id: 1 tid 106012
0 1 tid 106012
365 2 tid 106012
215 tid 106012
Remove  tid 106012
FindTargetPageId rootid 3 tid 106012
target_page_id id: 1 tid 106012
0 1 tid 106012
365 2 tid 106012
214 tid 106012
Remove  tid 106012
FindTargetPageId rootid 3 tid 106012
target_page_id id: 1 tid 106012
0 1 tid 106012
365 2 tid 106012
213 tid 106012
Remove  tid 106012
FindTargetPageId rootid 3 tid 106012
target_page_id id: 1 tid 106012
0 1 tid 106012
365 2 tid 106012
212 tid 106012
Remove  tid 106012
FindTargetPageId rootid 3 tid 106012
target_page_id id: 1 tid 106012
0 1 tid 106012
365 2 tid 106012
211 tid 106012
Remove  tid 106012
FindTargetPageId rootid 3 tid 106012
target_page_id id: 1 tid 106012
0 1 tid 106012
365 2 tid 106012
210 tid 106012
Remove  tid 106012
FindTargetPageId rootid 3 tid 106012
target_page_id id: 1 tid 106012
0 1 tid 106012
365 2 tid 106012
209 tid 106012
Remove  tid 106012
FindTargetPageId rootid 3 tid 106012
target_page_id id: 1 tid 106012
0 1 tid 106012
365 2 tid 106012
208 tid 106012
Remove  tid 106012
FindTargetPageId rootid 3 tid 106012
target_page_id id: 1 tid 106012
0 1 tid 106012
365 2 tid 106012
207 tid 106012
Remove  tid 106012
FindTargetPageId rootid 3 tid 106012
target_page_id id: 1 tid 106012
0 1 tid 106012
365 2 tid 106012
206 tid 106012
Remove  tid 106012
FindTargetPageId rootid 3 tid 106012
target_page_id id: 1 tid 106012
0 1 tid 106012
365 2 tid 106012
205 tid 106012
Remove  tid 106012
FindTargetPageId rootid 3 tid 106012
target_page_id id: 1 tid 106012
0 1 tid 106012
365 2 tid 106012
204 tid 106012
Remove  tid 106012
FindTargetPageId rootid 3 tid 106012
target_page_id id: 1 tid 106012
0 1 tid 106012
365 2 tid 106012
203 tid 106012
Remove  tid 106012
FindTargetPageId rootid 3 tid 106012
target_page_id id: 1 tid 106012
0 1 tid 106012
365 2 tid 106012
202 tid 106012
Remove  tid 106012
FindTargetPageId rootid 3 tid 106012
target_page_id id: 1 tid 106012
0 1 tid 106012
365 2 tid 106012
201 tid 106012
Remove  tid 106012
FindTargetPageId rootid 3 tid 106012
target_page_id id: 1 tid 106012
0 1 tid 106012
365 2 tid 106012
200 tid 106012
Remove  tid 106012
FindTargetPageId rootid 3 tid 106012
target_page_id id: 1 tid 106012
0 1 tid 106012
365 2 tid 106012
199 tid 106012
Remove  tid 106012
FindTargetPageId rootid 3 tid 106012
target_page_id id: 1 tid 106012
0 1 tid 106012
365 2 tid 106012
198 tid 106012
Remove  tid 106012
FindTargetPageId rootid 3 tid 106012
target_page_id id: 1 tid 106012
0 1 tid 106012
365 2 tid 106012
197 tid 106012
Remove  tid 106012
FindTargetPageId rootid 3 tid 106012
target_page_id id: 1 tid 106012
0 1 tid 106012
365 2 tid 106012
196 tid 106012
Remove  tid 106012
FindTargetPageId rootid 3 tid 106012
target_page_id id: 1 tid 106012
0 1 tid 106012
365 2 tid 106012
195 tid 106012
Remove  tid 106012
FindTargetPageId rootid 3 tid 106012
target_page_id id: 1 tid 106012
0 1 tid 106012
365 2 tid 106012
194 tid 106012
Remove  tid 106012
FindTargetPageId rootid 3 tid 106012
target_page_id id: 1 tid 106012
0 1 tid 106012
365 2 tid 106012
193 tid 106012
Remove  tid 106012
FindTargetPageId rootid 3 tid 106012
target_page_id id: 1 tid 106012
0 1 tid 106012
365 2 tid 106012
192 tid 106012
Remove  tid 106012
FindTargetPageId rootid 3 tid 106012
target_page_id id: 1 tid 106012
0 1 tid 106012
365 2 tid 106012
191 tid 106012
Remove  tid 106012
FindTargetPageId rootid 3 tid 106012
target_page_id id: 1 tid 106012
0 1 tid 106012
365 2 tid 106012
190 tid 106012
Remove  tid 106012
FindTargetPageId rootid 3 tid 106012
target_page_id id: 1 tid 106012
0 1 tid 106012
365 2 tid 106012
189 tid 106012
Remove  tid 106012
FindTargetPageId rootid 3 tid 106012
target_page_id id: 1 tid 106012
0 1 tid 106012
365 2 tid 106012
188 tid 106012
Remove  tid 106012
FindTargetPageId rootid 3 tid 106012
target_page_id id: 1 tid 106012
0 1 tid 106012
365 2 tid 106012
187 tid 106012
Remove  tid 106012
FindTargetPageId rootid 3 tid 106012
target_page_id id: 1 tid 106012
0 1 tid 106012
365 2 tid 106012
186 tid 106012
Remove  tid 106012
FindTargetPageId rootid 3 tid 106012
target_page_id id: 1 tid 106012
0 1 tid 106012
365 2 tid 106012
185 tid 106012
Remove  tid 106012
FindTargetPageId rootid 3 tid 106012
target_page_id id: 1 tid 106012
0 1 tid 106012
365 2 tid 106012
184 tid 106012
Remove  tid 106012
FindTargetPageId rootid 3 tid 106012
target_page_id id: 1 tid 106012
0 1 tid 106012
365 2 tid 106012
183 tid 106012
Remove  tid 106012
FindTargetPageId rootid 3 tid 106012
target_page_id id: 1 tid 106012
0 1 tid 106012
365 2 tid 106012
182 tid 106012
Remove  tid 106012
FindTargetPageId rootid 3 tid 106012
target_page_id id: 1 tid 106012
0 1 tid 106012
365 2 tid 106012
181 tid 106012
Remove  tid 106012
FindTargetPageId rootid 3 tid 106012
target_page_id id: 1 tid 106012
0 1 tid 106012
365 2 tid 106012
180 tid 106012
Remove  tid 106012
FindTargetPageId rootid 3 tid 106012
target_page_id id: 1 tid 106012
0 1 tid 106012
365 2 tid 106012
179 tid 106012
Remove  tid 106012
FindTargetPageId rootid 3 tid 106012
target_page_id id: 1 tid 106012
0 1 tid 106012
365 2 tid 106012
178 tid 106012
Remove  tid 106012
FindTargetPageId rootid 3 tid 106012
target_page_id id: 1 tid 106012
0 1 tid 106012
365 2 tid 106012
177 tid 106012
Remove  tid 106012
FindTargetPageId rootid 3 tid 106012
target_page_id id: 1 tid 106012
0 1 tid 106012
365 2 tid 106012
176 tid 106012
Remove  tid 106012
FindTargetPageId rootid 3 tid 106012
target_page_id id: 1 tid 106012
0 1 tid 106012
365 2 tid 106012
175 tid 106012
Remove  tid 106012
FindTargetPageId rootid 3 tid 106012
target_page_id id: 1 tid 106012
0 1 tid 106012
365 2 tid 106012
174 tid 106012
Remove  tid 106012
FindTargetPageId rootid 3 tid 106012
target_page_id id: 1 tid 106012
0 1 tid 106012
365 2 tid 106012
173 tid 106012
Remove  tid 106012
FindTargetPageId rootid 3 tid 106012
target_page_id id: 1 tid 106012
0 1 tid 106012
365 2 tid 106012
172 tid 106012
Remove  tid 106012
FindTargetPageId rootid 3 tid 106012
target_page_id id: 1 tid 106012
0 1 tid 106012
365 2 tid 106012
171 tid 106012
Remove  tid 106012
FindTargetPageId rootid 3 tid 106012
target_page_id id: 1 tid 106012
0 1 tid 106012
365 2 tid 106012
170 tid 106012
Remove  tid 106012
FindTargetPageId rootid 3 tid 106012
target_page_id id: 1 tid 106012
0 1 tid 106012
365 2 tid 106012
169 tid 106012
Remove  tid 106012
FindTargetPageId rootid 3 tid 106012
target_page_id id: 1 tid 106012
0 1 tid 106012
365 2 tid 106012
168 tid 106012
Remove  tid 106012
FindTargetPageId rootid 3 tid 106012
target_page_id id: 1 tid 106012
0 1 tid 106012
365 2 tid 106012
167 tid 106012
Remove  tid 106012
FindTargetPageId rootid 3 tid 106012
target_page_id id: 1 tid 106012
0 1 tid 106012
365 2 tid 106012
166 tid 106012
Remove  tid 106012
FindTargetPageId rootid 3 tid 106012
target_page_id id: 1 tid 106012
0 1 tid 106012
365 2 tid 106012
165 tid 106012
Remove  tid 106012
FindTargetPageId rootid 3 tid 106012
target_page_id id: 1 tid 106012
0 1 tid 106012
365 2 tid 106012
164 tid 106012
Remove  tid 106012
FindTargetPageId rootid 3 tid 106012
target_page_id id: 1 tid 106012
0 1 tid 106012
365 2 tid 106012
163 tid 106012
Remove  tid 106012
FindTargetPageId rootid 3 tid 106012
target_page_id id: 1 tid 106012
0 1 tid 106012
365 2 tid 106012
162 tid 106012
Remove  tid 106012
FindTargetPageId rootid 3 tid 106012
target_page_id id: 1 tid 106012
0 1 tid 106012
365 2 tid 106012
161 tid 106012
Remove  tid 106012
FindTargetPageId rootid 3 tid 106012
target_page_id id: 1 tid 106012
0 1 tid 106012
365 2 tid 106012
160 tid 106012
Remove  tid 106012
FindTargetPageId rootid 3 tid 106012
target_page_id id: 1 tid 106012
0 1 tid 106012
365 2 tid 106012
159 tid 106012
Remove  tid 106012
FindTargetPageId rootid 3 tid 106012
target_page_id id: 1 tid 106012
0 1 tid 106012
365 2 tid 106012
158 tid 106012
Remove  tid 106012
FindTargetPageId rootid 3 tid 106012
target_page_id id: 1 tid 106012
0 1 tid 106012
365 2 tid 106012
157 tid 106012
Remove  tid 106012
FindTargetPageId rootid 3 tid 106012
target_page_id id: 1 tid 106012
0 1 tid 106012
365 2 tid 106012
156 tid 106012
Remove  tid 106012
FindTargetPageId rootid 3 tid 106012
target_page_id id: 1 tid 106012
0 1 tid 106012
365 2 tid 106012
155 tid 106012
Remove  tid 106012
FindTargetPageId rootid 3 tid 106012
target_page_id id: 1 tid 106012
0 1 tid 106012
365 2 tid 106012
154 tid 106012
Remove  tid 106012
FindTargetPageId rootid 3 tid 106012
target_page_id id: 1 tid 106012
0 1 tid 106012
365 2 tid 106012
153 tid 106012
Remove  tid 106012
FindTargetPageId rootid 3 tid 106012
target_page_id id: 1 tid 106012
0 1 tid 106012
365 2 tid 106012
152 tid 106012
Remove  tid 106012
FindTargetPageId rootid 3 tid 106012
target_page_id id: 1 tid 106012
0 1 tid 106012
365 2 tid 106012
151 tid 106012
Remove  tid 106012
FindTargetPageId rootid 3 tid 106012
target_page_id id: 1 tid 106012
0 1 tid 106012
365 2 tid 106012
150 tid 106012
Remove  tid 106012
FindTargetPageId rootid 3 tid 106012
target_page_id id: 1 tid 106012
0 1 tid 106012
365 2 tid 106012
149 tid 106012
Remove  tid 106012
FindTargetPageId rootid 3 tid 106012
target_page_id id: 1 tid 106012
0 1 tid 106012
365 2 tid 106012
148 tid 106012
Remove  tid 106012
FindTargetPageId rootid 3 tid 106012
target_page_id id: 1 tid 106012
0 1 tid 106012
365 2 tid 106012
147 tid 106012
Remove  tid 106012
FindTargetPageId rootid 3 tid 106012
target_page_id id: 1 tid 106012
0 1 tid 106012
365 2 tid 106012
146 tid 106012
Remove  tid 106012
FindTargetPageId rootid 3 tid 106012
target_page_id id: 1 tid 106012
0 1 tid 106012
365 2 tid 106012
145 tid 106012
Remove  tid 106012
FindTargetPageId rootid 3 tid 106012
target_page_id id: 1 tid 106012
0 1 tid 106012
365 2 tid 106012
144 tid 106012
Remove  tid 106012
FindTargetPageId rootid 3 tid 106012
target_page_id id: 1 tid 106012
0 1 tid 106012
365 2 tid 106012
143 tid 106012
Remove  tid 106012
FindTargetPageId rootid 3 tid 106012
target_page_id id: 1 tid 106012
0 1 tid 106012
365 2 tid 106012
142 tid 106012
Remove  tid 106012
FindTargetPageId rootid 3 tid 106012
target_page_id id: 1 tid 106012
0 1 tid 106012
365 2 tid 106012
141 tid 106012
Remove  tid 106012
FindTargetPageId rootid 3 tid 106012
target_page_id id: 1 tid 106012
0 1 tid 106012
365 2 tid 106012
140 tid 106012
Remove  tid 106012
FindTargetPageId rootid 3 tid 106012
target_page_id id: 1 tid 106012
0 1 tid 106012
365 2 tid 106012
139 tid 106012
Remove  tid 106012
FindTargetPageId rootid 3 tid 106012
target_page_id id: 1 tid 106012
0 1 tid 106012
365 2 tid 106012
138 tid 106012
Remove  tid 106012
FindTargetPageId rootid 3 tid 106012
target_page_id id: 1 tid 106012
0 1 tid 106012
365 2 tid 106012
137 tid 106012
Remove  tid 106012
FindTargetPageId rootid 3 tid 106012
target_page_id id: 1 tid 106012
0 1 tid 106012
365 2 tid 106012
136 tid 106012
Remove  tid 106012
FindTargetPageId rootid 3 tid 106012
target_page_id id: 1 tid 106012
0 1 tid 106012
365 2 tid 106012
135 tid 106012
Remove  tid 106012
FindTargetPageId rootid 3 tid 106012
target_page_id id: 1 tid 106012
0 1 tid 106012
365 2 tid 106012
134 tid 106012
Remove  tid 106012
FindTargetPageId rootid 3 tid 106012
target_page_id id: 1 tid 106012
0 1 tid 106012
365 2 tid 106012
133 tid 106012
Remove  tid 106012
FindTargetPageId rootid 3 tid 106012
target_page_id id: 1 tid 106012
0 1 tid 106012
365 2 tid 106012
132 tid 106012
Remove  tid 106012
FindTargetPageId rootid 3 tid 106012
target_page_id id: 1 tid 106012
0 1 tid 106012
365 2 tid 106012
131 tid 106012
Remove  tid 106012
FindTargetPageId rootid 3 tid 106012
target_page_id id: 1 tid 106012
0 1 tid 106012
365 2 tid 106012
130 tid 106012
Remove  tid 106012
FindTargetPageId rootid 3 tid 106012
target_page_id id: 1 tid 106012
0 1 tid 106012
365 2 tid 106012
129 tid 106012
Remove  tid 106012
FindTargetPageId rootid 3 tid 106012
target_page_id id: 1 tid 106012
0 1 tid 106012
365 2 tid 106012
128 tid 106012
Remove  tid 106012
FindTargetPageId rootid 3 tid 106012
target_page_id id: 1 tid 106012
0 1 tid 106012
365 2 tid 106012
127 tid 106012
Remove  tid 106012
FindTargetPageId rootid 1 tid 106012
254 tid 106012
Remove  tid 106012
FindTargetPageId rootid 1 tid 106012
253 tid 106012
Remove  tid 106012
FindTargetPageId rootid 1 tid 106012
252 tid 106012
Remove  tid 106012
FindTargetPageId rootid 1 tid 106012
251 tid 106012
Remove  tid 106012
FindTargetPageId rootid 1 tid 106012
250 tid 106012
Remove  tid 106012
FindTargetPageId rootid 1 tid 106012
249 tid 106012
Remove  tid 106012
FindTargetPageId rootid 1 tid 106012
248 tid 106012
Remove  tid 106012
FindTargetPageId rootid 1 tid 106012
247 tid 106012
Remove  tid 106012
FindTargetPageId rootid 1 tid 106012
246 tid 106012
Remove  tid 106012
FindTargetPageId rootid 1 tid 106012
245 tid 106012
Remove  tid 106012
FindTargetPageId rootid 1 tid 106012
244 tid 106012
Remove  tid 106012
FindTargetPageId rootid 1 tid 106012
243 tid 106012
Remove  tid 106012
FindTargetPageId rootid 1 tid 106011
242 tid 106011
Insert  tid 106011
FindTargetPageId rootid 1 tid 106011
243 tid 106011
Insert  tid 106011
FindTargetPageId rootid 1 tid 106011
244 tid 106011
Insert  tid 106011
FindTargetPageId rootid 1 tid 106012
245 tid 106012
Remove  tid 106012
FindTargetPageId rootid 1 tid 106013
244 tid 106013
Insert  tid 106013
FindTargetPageId rootid 1 tid 106013
245 tid 106013
Insert  tid 106013
FindTargetPageId rootid 1 tid 106011
246 tid 106011
Insert  tid 106011
FindTargetPageId rootid 1 tid 106011
247 tid 106011
Insert  tid 106011
FindTargetPageId rootid 1 tid 106012
248 tid 106012
Remove  tid 106012
FindTargetPageId rootid 1 tid 106012
247 tid 106012
Remove  tid 106012
FindTargetPageId rootid 1 tid 106012
246 tid 106012
Remove  tid 106012
FindTargetPageId rootid 1 tid 106011
245 tid 106011
Insert  tid 106011
FindTargetPageId rootid 1 tid 106013
246 tid 106013
Insert  tid 106013
FindTargetPageId rootid 1 tid 106013
247 tid 106013
Insert  tid 106013
FindTargetPageId rootid 1 tid 106012
248 tid 106012
Remove  tid 106012
FindTargetPageId rootid 1 tid 106012
247 tid 106012
Remove  tid 106012
FindTargetPageId rootid 1 tid 106013
246 tid 106013
Insert  tid 106013
FindTargetPageId rootid 1 tid 106013
247 tid 106013
Insert  tid 106013
FindTargetPageId rootid 1 tid 106013
248 tid 106013
Insert  tid 106013
FindTargetPageId rootid 1 tid 106013
249 tid 106013
Insert  tid 106013
FindTargetPageId rootid 1 tid 106013
250 tid 106013
Insert  tid 106013
FindTargetPageId rootid 1 tid 106011
251 tid 106011
Insert  tid 106011
FindTargetPageId rootid 1 tid 106011
252 tid 106011
Insert  tid 106011
FindTargetPageId rootid 1 tid 106011
253 tid 106011
Insert  tid 106011
FindTargetPageId rootid 1 tid 106011
254 tid 106011
Insert  tid 106011
FindTargetPageId rootid 6 tid 106013
target_page_id id: 1 tid 106013
0 1 tid 106013
365 5 tid 106013
127 tid 106013
Insert  tid 106013
FindTargetPageId rootid 6 tid 106013
target_page_id id: 1 tid 106013
0 1 tid 106013
365 5 tid 106013
128 tid 106013
Insert  tid 106013
FindTargetPageId rootid 6 tid 106011
target_page_id id: 1 tid 106011
0 1 tid 106011
365 5 tid 106011
129 tid 106011
Insert  tid 106011
FindTargetPageId rootid 6 tid 106011
target_page_id id: 1 tid 106011
0 1 tid 106011
365 5 tid 106011
130 tid 106011
Insert  tid 106011
FindTargetPageId rootid 6 tid 106011
target_page_id id: 1 tid 106011
0 1 tid 106011
365 5 tid 106011
131 tid 106011
Insert  tid 106011
FindTargetPageId rootid 6 tid 106012
target_page_id id: 1 tid 106012
0 1 tid 106012
365 5 tid 106012
132 tid 106012
Remove  tid 106012
FindTargetPageId rootid 6 tid 106012
target_page_id id: 1 tid 106012
0 1 tid 106012
365 5 tid 106012
131 tid 106012
Remove  tid 106012
FindTargetPageId rootid 6 tid 106011
target_page_id id: 1 tid 106011
0 1 tid 106011
365 5 tid 106011
130 tid 106011
Insert  tid 106011
FindTargetPageId rootid 6 tid 106013
target_page_id id: 1 tid 106013
0 1 tid 106013
365 5 tid 106013
131 tid 106013
Insert  tid 106013
FindTargetPageId rootid 6 tid 106012
target_page_id id: 1 tid 106012
0 1 tid 106012
365 5 tid 106012
132 tid 106012
Remove  tid 106012
FindTargetPageId rootid 6 tid 106011
target_page_id id: 1 tid 106011
0 1 tid 106011
365 5 tid 106011
131 tid 106011
Insert  tid 106011
FindTargetPageId rootid 6 tid 106013
target_page_id id: 1 tid 106013
0 1 tid 106013
365 5 tid 106013
132 tid 106013
Insert  tid 106013
FindTargetPageId rootid 6 tid 106012
target_page_id id: 1 tid 106012
0 1 tid 106012
365 5 tid 106012
133 tid 106012
Remove  tid 106012
FindTargetPageId rootid 6 tid 106011
target_page_id id: 1 tid 106011
0 1 tid 106011
365 5 tid 106011
132 tid 106011
Insert  tid 106011
FindTargetPageId rootid 6 tid 106013
target_page_id id: 1 tid 106013
0 1 tid 106013
365 5 tid 106013
133 tid 106013
Insert  tid 106013
FindTargetPageId rootid 6 tid 106012
target_page_id id: 1 tid 106012
0 1 tid 106012
365 5 tid 106012
134 tid 106012
Remove  tid 106012
FindTargetPageId rootid 6 tid 106012
target_page_id id: 1 tid 106012
0 1 tid 106012
365 5 tid 106012
133 tid 106012
Remove  tid 106012
FindTargetPageId rootid 6 tid 106012
target_page_id id: 1 tid 106012
0 1 tid 106012
365 5 tid 106012
132 tid 106012
Remove  tid 106012
FindTargetPageId rootid 6 tid 106012
target_page_id id: 1 tid 106012
0 1 tid 106012
365 5 tid 106012
131 tid 106012
Remove  tid 106012
FindTargetPageId rootid 6 tid 106013
target_page_id id: 1 tid 106013
0 1 tid 106013
365 5 tid 106013
130 tid 106013
Insert  tid 106013
FindTargetPageId rootid 6 tid 106011
target_page_id id: 1 tid 106011
0 1 tid 106011
365 5 tid 106011
131 tid 106011
Insert  tid 106011
FindTargetPageId rootid 6 tid 106012
target_page_id id: 1 tid 106012
0 1 tid 106012
365 5 tid 106012
132 tid 106012
Remove  tid 106012
FindTargetPageId rootid 6 tid 106013
target_page_id id: 1 tid 106013
0 1 tid 106013
365 5 tid 106013
131 tid 106013
Insert  tid 106013
FindTargetPageId rootid 6 tid 106011
target_page_id id: 1 tid 106011
0 1 tid 106011
365 5 tid 106011
132 tid 106011
Insert  tid 106011
FindTargetPageId rootid 6 tid 106012
target_page_id id: 1 tid 106012
0 1 tid 106012
365 5 tid 106012
133 tid 106012
Remove  tid 106012
FindTargetPageId rootid 6 tid 106013
target_page_id id: 1 tid 106013
0 1 tid 106013
365 5 tid 106013
132 tid 106013
Insert  tid 106013
FindTargetPageId rootid 6 tid 106011
target_page_id id: 1 tid 106011
0 1 tid 106011
365 5 tid 106011
133 tid 106011
FindTargetPageId rootid 6 tid 106012
target_page_id id: 1 tid 106012
0 1 tid 106012Insert  tid 106011

365 5 tid 106012
134 tid 106012
Remove  tid 106012
FindTargetPageId rootid 6 tid 106013
target_page_id id: 1 tid 106013
0 1 tid 106013
365 5 tid 106013
133 tid 106013
Insert  tid 106013
FindTargetPageId rootid 6 tid 106011
target_page_id id: 1 tid 106011
0 1 tid 106011
365 5 tid 106011
134 tid 106011
Insert  tid 106011
FindTargetPageId rootid 6 tid 106012
target_page_id id: 1 tid 106012
0 1 tid 106012
365 5 tid 106012
135 tid 106012
Remove  tid 106012
FindTargetPageId rootid 6 tid 106013
target_page_id id: 1 tid 106013
0 1 tid 106013
365 5 tid 106013
134 tid 106013
Insert  tid 106013
FindTargetPageId rootid 6 tid 106011
target_page_id id: 1 tid 106011
0 1 tid 106011
365 5 tid 106011
135 tid 106011
Insert  tid 106011
FindTargetPageId rootid 6 tid 106012
target_page_id id: 1 tid 106012
0 1 tid 106012
365 5 tid 106012
136 tid 106012
Remove  tid 106012
FindTargetPageId rootid 6 tid 106013
target_page_id id: 1 tid 106013
0 1 tid 106013
365 5 tid 106013
135 tid 106013
Insert  tid 106013
FindTargetPageId rootid 6 tid 106011
target_page_id id: 1 tid 106011
0 1 tid 106011
365 5 tid 106011
136 tid 106011
Insert  tid 106011
FindTargetPageId rootid 6 tid 106012
target_page_id id: 1 tid 106012
0 1 tid 106012
365 5 tid 106012
137 tid 106012
Remove  tid 106012
FindTargetPageId rootid 6 tid 106013
target_page_id id: 1 tid 106013
0 1 tid 106013
365 5 tid 106013
136 tid 106013
Insert  tid 106013
FindTargetPageId rootid 6 tid 106011
target_page_id id: 1 tid 106011
0 1 tid 106011
365 5 tid 106011
137 tid 106011
Insert  tid 106011
FindTargetPageId rootid 6 tid 106011
target_page_id id: 1 tid 106011
0 1 tid 106011
365 5 tid 106011
138 tid 106011
Insert  tid 106011
FindTargetPageId rootid 6 tid 106013
target_page_id id: 1 tid 106013
0 1 tid 106013
365 5 tid 106013
139 tid 106013
Insert  tid 106013
FindTargetPageId rootid 6 tid 106012
target_page_id id: 1 tid 106012
0 1 tid 106012
365 5 tid 106012
140 tid 106012
Remove  tid 106012
FindTargetPageId rootid 6 tid 106011
target_page_id id: 1 tid 106011
0 1 tid 106011
365 5 tid 106011
139 tid 106011
Insert  tid 106011
FindTargetPageId rootid 6 tid 106013
target_page_id id: 1 tid 106013
0 1 tid 106013
365 5 tid 106013
140 tid 106013
Insert  tid 106013
FindTargetPageId rootid 6 tid 106012
target_page_id id: 1 tid 106012
0 1 tid 106012
365 5 tid 106012
141 tid 106012
Remove  tid 106012
FindTargetPageId rootid 6 tid 106011
target_page_id id: 1 tid 106011
0 1 tid 106011
365 5 tid 106011
140 tid 106011
Insert  tid 106011
FindTargetPageId rootid 6 tid 106013
target_page_id id: 1 tid 106013
0 1 tid 106013
365 5 tid 106013
141 tid 106013
Insert  tid 106013
FindTargetPageId rootid 6 tid 106012
target_page_id id: 1 tid 106012
0 1 tid 106012
365 5 tid 106012
142 tid 106012
Remove  tid 106012
FindTargetPageId rootid 6 tid 106011
target_page_id id: 1 tid 106011
0 1 tid 106011
365 5 tid 106011
141 tid 106011
Insert  tid 106011
FindTargetPageId rootid 6 tid 106011
target_page_id id: 1 tid 106011
0 1 tid 106011
365 5 tid 106011
142 tid 106011
Insert  tid 106011
FindTargetPageId rootid 6 tid 106011
target_page_id id: 1 tid 106011
0 1 tid 106011
365 5 tid 106011
143 tid 106011
Insert  tid 106011
FindTargetPageId rootid 6 tid 106013
target_page_id id: 1 tid 106013
0 1 tid 106013
365 5 tid 106013
144 tid 106013
Insert  tid 106013
FindTargetPageId rootid 6 tid 106012
target_page_id id: 1 tid 106012
0 1 tid 106012
365 5 tid 106012
145 tid 106012
Remove  tid 106012
FindTargetPageId rootid 6 tid 106011
target_page_id id: 1 tid 106011
0 1 tid 106011
365 5 tid 106011
144 tid 106011
Insert  tid 106011
FindTargetPageId rootid 6 tid 106013
target_page_id id: 1 tid 106013
0 1 tid 106013
365 5 tid 106013
145 tid 106013
Insert  tid 106013
FindTargetPageId rootid 6 tid 106012
target_page_id id: 1 tid 106012
0 1 tid 106012
365 5 tid 106012
146 tid 106012
Remove  tid 106012
FindTargetPageId rootid 6 tid 106011
target_page_id id: 1 tid 106011
0 1 tid 106011
365 5 tid 106011
145 tid 106011
Insert  tid 106011
FindTargetPageId rootid 6 tid 106013
target_page_id id: 1 tid 106013
0 1 tid 106013
365 5 tid 106013
146 tid 106013
Insert  tid 106013
FindTargetPageId rootid 6 tid 106012
target_page_id id: 1 tid 106012
0 1 tid 106012
365 5 tid 106012
147 tid 106012
Remove  tid 106012
FindTargetPageId rootid 6 tid 106011
target_page_id id: 1 tid 106011
0 1 tid 106011
365 5 tid 106011
146 tid 106011
Insert  tid 106011
FindTargetPageId rootid 6 tid 106013
target_page_id id: 1 tid 106013
0 1 tid 106013
365 5 tid 106013
147 tid 106013
Insert  tid 106013
FindTargetPageId rootid 6 tid 106012
target_page_id id: 1 tid 106012
0 1 tid 106012
365 5 tid 106012
148 tid 106012
FindTargetPageId rootid 6 tid Remove  tid 106011
target_page_id id: 1 tid 106011
106012
0 1 tid 106011
365 5 tid 106011
147 tid 106011
Insert  tid 106011
FindTargetPageId rootid 6 tid 106013
target_page_id id: 1 tid 106013
0 1 tid 106013
365 5 tid 106013
148 tid 106013
Insert  tid 106013
FindTargetPageId rootid 6 tid 106012
target_page_id id: 1 tid 106012
0 1 tid 106012
365 5 tid 106012
149 tid 106012
Remove  tid 106012
FindTargetPageId rootid 6 tid 106011
target_page_id id: 1 tid 106011
0 1 tid 106011
365 5 tid 106011
148 tid 106011
Insert  tid 106011
FindTargetPageId rootid 6 tid 106013
target_page_id id: 1 tid 106013
0 1 tid 106013
365 5 tid 106013
149 tid 106013
Insert  tid 106013
FindTargetPageId rootid 6 tid 106012
target_page_id id: 1 tid 106012
0 1 tid 106012
365 5 tid 106012
150 tid 106012
Remove  tid 106012
FindTargetPageId rootid 6 tid 106011
target_page_id id: 1 tid 106011
0 1 tid 106011
365 5 tid 106011
149 tid 106011
Insert  tid 106011
FindTargetPageId rootid 6 tid 106013
target_page_id id: 1 tid 106013
0 1 tid 106013
365 5 tid 106013
150 tid 106013
Insert  tid 106013
FindTargetPageId rootid 6 tid 106012
target_page_id id: 1 tid 106012
0 1 tid 106012
365 5 tid 106012
151 tid 106012
Remove  tid 106012
FindTargetPageId rootid 6 tid 106011
target_page_id id: 1 tid 106011
0 1 tid 106011
365 5 tid 106011
150 tid 106011
Insert  tid 106011
FindTargetPageId rootid 6 tid 106013
target_page_id id: 1 tid 106013
0 1 tid 106013
365 5 tid 106013
151 tid 106013
Insert  tid 106013
FindTargetPageId rootid 6 tid 106012
target_page_id id: 1 tid 106012
0 1 tid 106012
365 5 tid 106012
152 tid 106012
Remove  tid 106012
FindTargetPageId rootid 6 tid 106011
target_page_id id: 1 tid 106011
0 1 tid 106011
365 5 tid 106011
151 tid 106011
Insert  tid 106011
FindTargetPageId rootid 6 tid 106013
target_page_id id: 1 tid 106013
0 1 tid 106013
365 5 tid 106013
152 tid 106013
Insert  tid 106013
FindTargetPageId rootid 6 tid 106012
target_page_id id: 1 tid 106012
0 1 tid 106012
365 5 tid 106012
153 tid 106012
Remove  tid 106012
FindTargetPageId rootid 6 tid 106011
target_page_id id: 1 tid 106011
0 1 tid 106011
365 5 tid 106011
152 tid 106011
Insert  tid 106011
FindTargetPageId rootid 6 tid 106013
target_page_id id: 1 tid 106013
0 1 tid 106013
365 5 tid 106013
153 tid 106013
Insert  tid 106013
FindTargetPageId rootid 6 tid 106012
target_page_id id: 1 tid 106012
0 1 tid 106012
365 5 tid 106012
154 tid 106012
Remove  tid 106012
FindTargetPageId rootid 6 tid 106011
target_page_id id: 1 tid 106011
0 1 tid 106011
365 5 tid 106011
153 tid 106011
Insert  tid 106011
FindTargetPageId rootid 6 tid 106013
target_page_id id: 1 tid 106013
0 1 tid 106013
365 5 tid 106013
154 tid 106013
Insert  tid 106013
FindTargetPageId rootid 6 tid 106012
target_page_id id: 1 tid 106012
0 1 tid 106012
365 5 tid 106012
155 tid 106012
Remove  tid 106012
FindTargetPageId rootid 6 tid 106011
target_page_id id: 1 tid 106011
0 1 tid 106011
365 5 tid 106011
154 tid 106011
Insert  tid 106011
FindTargetPageId rootid 6 tid 106013
target_page_id id: 1 tid 106013
0 1 tid 106013
365 5 tid 106013
155 tid 106013
Insert  tid 106013
FindTargetPageId rootid 6 tid 106012
target_page_id id: 1 tid 106012
0 1 tid 106012
365 5 tid 106012
156 tid 106012
Remove  tid 106012
FindTargetPageId rootid 6 tid 106011
target_page_id id: 1 tid 106011
0 1 tid 106011
365 5 tid 106011
155 tid 106011
Insert  tid 106011
FindTargetPageId rootid 6 tid 106013
target_page_id id: 1 tid 106013
0 1 tid 106013
365 5 tid 106013
156 tid 106013
Insert  tid 106013
FindTargetPageId rootid 6 tid 106012
target_page_id id: 1 tid 106012
0 1 tid 106012
365 5 tid 106012
157 tid 106012
Remove  tid 106012
FindTargetPageId rootid 6 tid 106011
target_page_id id: 1 tid 106011
0 1 tid 106011
365 5 tid 106011
156 tid 106011
Insert  tid 106011
FindTargetPageId rootid 6 tid 106013
target_page_id id: 1 tid 106013
0 1 tid 106013
365 5 tid 106013
157 tid 106013
Insert  tid 106013
FindTargetPageId rootid 6 tid 106012
target_page_id id: 1 tid 106012
0 1 tid 106012
365 5 tid 106012
158 tid 106012
Remove  tid 106012
FindTargetPageId rootid 6 tid 106011
target_page_id id: 1 tid 106011
0 1 tid 106011
365 5 tid 106011
157 tid 106011
Insert  tid 106011
FindTargetPageId rootid 6 tid 106011
target_page_id id: 1 tid 106011
0 1 tid 106011
365 5 tid 106011
158 tid 106011
Insert  tid 106011
FindTargetPageId rootid 6 tid 106011
target_page_id id: 1 tid 106011
0 1 tid 106011
365 5 tid 106011
159 tid 106011
Insert  tid 106011
FindTargetPageId rootid 6 tid 106011
target_page_id id: 1 tid 106011
0 1 tid 106011
365 5 tid 106011
160 tid 106011
Insert  tid 106011
FindTargetPageId rootid 6 tid 106011
target_page_id id: 1 tid 106011
0 1 tid 106011
365 5 tid 106011
161 tid 106011
Insert  tid 106011
FindTargetPageId rootid 6 tid 106011
target_page_id id: 1 tid 106011
0 1 tid 106011
365 5 tid 106011
162 tid 106011
Insert  tid 106011
FindTargetPageId rootid 6 tid 106011
target_page_id id: 1 tid 106011
0 1 tid 106011
365 5 tid 106011
163 tid 106011
Insert  tid 106011
FindTargetPageId rootid 6 tid 106011
target_page_id id: 1 tid 106011
0 1 tid 106011
365 5 tid 106011
164 tid 106011
Insert  tid 106011
FindTargetPageId rootid 6 tid 106011
target_page_id id: 1 tid 106011
0 1 tid 106011
365 5 tid 106011
165 tid 106011
Insert  tid 106011
FindTargetPageId rootid 6 tid 106011
target_page_id id: 1 tid 106011
0 1 tid 106011
365 5 tid 106011
166 tid 106011
Insert  tid 106011
FindTargetPageId rootid 6 tid 106011
target_page_id id: 1 tid 106011
0 1 tid 106011
365 5 tid 106011
167 tid 106011
Insert  tid 106011
FindTargetPageId rootid 6 tid 106011
target_page_id id: 1 tid 106011
0 1 tid 106011
365 5 tid 106011
168 tid 106011
Insert  tid 106011
FindTargetPageId rootid 6 tid 106011
target_page_id id: 1 tid 106011
0 1 tid 106011
365 5 tid 106011
169 tid 106011
Insert  tid 106011
FindTargetPageId rootid 6 tid 106011
target_page_id id: 1 tid 106011
0 1 tid 106011
365 5 tid 106011
170 tid 106011
FindTargetPageId rootid 6 tid 106013
target_page_id id: 1 tid 106013
0 1 tid 106013
365 5 tid 106013
Insert 171 tid 106013
 tid 106011
FindTargetPageId rootid 6 tid 106012
target_page_id id: 1 tid 106012
0 1 tid 106012
365 5 tid 106012
172 tid 106012
Insert  tid 106013Remove 
FindTargetPageId rootid 6 tid 106013
target_page_id id: 5 tid 106013
0 1 tid 106013
365 5 tid 106013
 tid 128 tid 106013
106012
Insert  tid 106013
FindTargetPageId rootid 6 tid 106012
target_page_id id: 1 tid 106012
0 1 tid 106012
365 5 tid 106012
171 tid 106012
Remove  tid 106012
FindTargetPageId rootid 6 tid 106012
target_page_id id: 1 tid 106012
0 1 tid 106012
365 5 tid 106012
170 tid 106012
Remove  tid 106012
FindTargetPageId rootid 6 tid 106012
target_page_id id: 1 tid 106012
0 1 tid 106012
365 5 tid 106012
169 tid 106012
Remove  tid 106012
FindTargetPageId rootid 6 tid 106012
target_page_id id: 1 tid 106012
0 1 tid 106012
365 5 tid 106012
168 tid 106012
Remove  tid 106012
FindTargetPageId rootid 6 tid 106012
target_page_id id: 1 tid 106012
0 1 tid 106012
365 5 tid 106012
167 tid 106012
Remove  tid 106012
FindTargetPageId rootid 6 tid 106012
target_page_id id: 1 tid 106012
0 1 tid 106012
365 5 tid 106012
166 tid 106012
Remove  tid 106012
FindTargetPageId rootid 6 tid 106012
target_page_id id: 1 tid 106012
0 1 tid 106012
365 5 tid 106012
165 tid 106012
Remove  tid 106012
FindTargetPageId rootid 6 tid 106012
target_page_id id: 1 tid 106012
0 1 tid 106012
365 5 tid 106012
164 tid 106012
Remove  tid 106012
FindTargetPageId rootid 6 tid 106013
target_page_id id: 5 tid 106013
0 1 tid 106013
365 5 tid 106013
129 tid 106013
FindTargetPageId rootid 6 tid Insert  tid 106011
106013target_page_id id: 1 tid 106011
0 1 tid 106011
365 5 tid 106011
163 tid 106011

Insert  tid 106011
FindTargetPageId rootid 6 tid 106012
target_page_id id: 1 tid 106012
0 1 tid 106012
365 5 tid 106012
164 tid 106012
Remove  tid 106012
FindTargetPageId rootid 6 tid 106013
target_page_id id: 5 tid 106013
0 1 tid 106013
365 5 tid 106013
130 tid 106013
Insert  tid 106013
FindTargetPageId rootid 6 tid 106011
target_page_id id: 1 tid 106011
0 1 tid 106011
365 5 tid 106011
163 tid 106011
Insert  tid 106011
FindTargetPageId rootid 6 tid 106012
target_page_id id: 1 tid 106012
0 1 tid 106012
365 5 tid 106012
164 tid 106012
Remove  tid 106012
FindTargetPageId rootid 6 tid 106012
target_page_id id: 1 tid 106012
0 1 tid 106012
365 5 tid 106012
163 tid 106012
Remove  tid 106012
FindTargetPageId rootid 6 tid 106013
target_page_id id: 5 tid 106013
0 1 tid 106013
365 5 tid 106013
131 tid 106013
Insert  tid 106013
FindTargetPageId rootid 6 tid 106011
target_page_id id: 1 tid 106011
0 1 tid 106011
365 5 tid 106011
162 tid 106011
Insert  tid 106011
FindTargetPageId rootid 6 tid 106011
target_page_id id: 1 tid 106011
0 1 tid 106011
365 5 tid 106011
163 tid 106011
Insert  tid 106011
FindTargetPageId rootid 6 tid 106013
target_page_id id: 5 tid 106013
0 1 tid 106013
365 5 tid 106013
132 tid 106013
Insert  tid 106013
FindTargetPageId rootid 6 tid 106012
target_page_id id: 1 tid 106012
0 1 tid 106012
365 5 tid 106012
164 tid 106012
Remove  tid 106012
FindTargetPageId rootid 6 tid 106011
target_page_id id: 1 tid 106011
0 1 tid 106011
365 5 tid 106011
163 tid 106011
Insert  tid 106011
FindTargetPageId rootid 6 tid 106013
target_page_id id: 5 tid 106013
0 1 tid 106013
365 5 tid 106013
133 tid 106013
Insert  tid 106013
FindTargetPageId rootid 6 tid 106012
target_page_id id: 1 tid 106012
0 1 tid 106012
365 5 tid 106012
164 tid 106012
Remove  tid 106012
FindTargetPageId rootid 6 tid 106011
target_page_id id: 1 tid 106011
0 1 tid 106011
365 5 tid 106011
163 tid 106011
Insert  tid 106011
FindTargetPageId rootid 6 tid 106013
target_page_id id: 5 tid 106013
0 1 tid 106013
365 5 tid 106013
134 tid 106013
Insert  tid 106013
FindTargetPageId rootid 6 tid 106012
target_page_id id: 1 tid 106012
0 1 tid 106012
365 5 tid 106012
164 tid 106012
Remove  tid 106012
FindTargetPageId rootid 6 tid 106011
target_page_id id: 1 tid 106011
0 1 tid 106011
365 5 tid 106011
163 tid 106011
Insert  tid 106011
FindTargetPageId rootid 6 tid 106013
target_page_id id: 5 tid 106013
0 1 tid 106013
365 5 tid 106013
135 tid 106013
Insert  tid 106013
FindTargetPageId rootid 6 tid 106012
target_page_id id: 1 tid 106012
0 1 tid 106012
365 5 tid 106012
164 tid 106012
Remove  tid 106012
FindTargetPageId rootid 6 tid 106011
target_page_id id: 1 tid 106011
0 1 tid 106011
365 5 tid 106011
163 tid 106011
Insert  tid 106011
FindTargetPageId rootid 6 tid 106011
target_page_id id: 1 tid 106011
0 1 tid 106011
365 5 tid 106011
164 tid 106011
Insert  tid 106011
FindTargetPageId rootid 6 tid 106011
target_page_id id: 1 tid 106011
0 1 tid 106011
365 5 tid 106011
165 tid 106011
Insert  tid 106011
FindTargetPageId rootid 6 tid 106011
target_page_id id: 1 tid 106011
0 1 tid 106011
365 5 tid 106011
166 tid 106011
Insert  tid 106011
FindTargetPageId rootid 6 tid 106011
target_page_id id: 1 tid 106011
0 1 tid 106011
365 5 tid 106011
167 tid 106011
Insert  tid 106011
FindTargetPageId rootid 6 tid 106011
target_page_id id: 1 tid 106011
0 1 tid 106011
365 5 tid 106011
168 tid 106011
Insert  tid 106011
FindTargetPageId rootid 6 tid 106011
target_page_id id: 1 tid 106011
0 1 tid 106011
365 5 tid 106011
169 tid 106011
Insert  tid 106011
FindTargetPageId rootid 6 tid 106011
target_page_id id: 1 tid 106011
0 1 tid 106011
365 5 tid 106011
170 tid 106011
Insert  tid 106011
FindTargetPageId rootid 6 tid 106011
target_page_id id: 1 tid 106011
0 1 tid 106011
365 5 tid 106011
171 tid 106011
Insert  tid 106011
FindTargetPageId rootid 6 tid 106013
target_page_id id: 5 tid 106013
0 1 tid 106013
365 5 tid 106013
136 tid 106013
Insert  tid 106013
FindTargetPageId rootid 6 tid 106012
target_page_id id: 1 tid 106012
0 1 tid 106012
365 5 tid 106012
172 tid 106012
Remove  tid 106012
FindTargetPageId rootid 6 tid 106011
target_page_id id: 1 tid 106011
0 1 tid 106011
365 5 tid 106011
171 tid 106011
Insert  tid 106011
FindTargetPageId rootid 6 tid 106011
target_page_id id: 1 tid 106011
0 1 tid 106011
365 5 tid 106011
172 tid 106011
Insert  tid 106011
FindTargetPageId rootid 6 tid 106011
target_page_id id: 1 tid 106011
0 1 tid 106011
365 5 tid 106011
173 tid 106011
Insert  tid 106011
FindTargetPageId rootid 6 tid 106011
target_page_id id: 1 tid 106011
0 1 tid 106011
365 5 tid 106011
174 tid 106011
Insert  tid 106011
FindTargetPageId rootid 6 tid 106011
target_page_id id: 1 tid 106011
0 1 tid 106011
365 5 tid 106011
175 tid 106011
Insert  tid 106011
FindTargetPageId rootid 6 tid 106011
target_page_id id: 1 tid 106011
0 1 tid 106011
365 5 tid 106011
176 tid 106011
Insert  tid 106011
FindTargetPageId rootid 6 tid 106011
target_page_id id: 1 tid 106011
0 1 tid 106011
365 5 tid 106011
177 tid 106011
Insert  tid 106011
FindTargetPageId rootid 6 tid 106011
target_page_id id: 1 tid 106011
0 1 tid 106011
365 5 tid 106011
178 tid 106011
Insert  tid 106011
FindTargetPageId rootid 6 tid 106011
target_page_id id: 1 tid 106011
0 1 tid 106011
365 5 tid 106011
179 tid 106011
Insert  tid 106011
FindTargetPageId rootid 6 tid 106013
target_page_id id: 5 tid 106013
0 1 tid 106013
365 5 tid 106013
137 tid 106013
Insert  tid 106013
FindTargetPageId rootid 6 tid 106012
target_page_id id: 1 tid 106012
0 1 tid 106012
365 5 tid 106012
180 tid 106012
Remove  tid FindTargetPageId rootid 1060126 tid 
106011
target_page_id id: 1 tid 106011
0 1 tid 106011
365 5 tid 106011
179 tid 106011
Insert  tid 106011
FindTargetPageId rootid 6 tid 106011
target_page_id id: 1 tid 106011
0 1 tid 106011
365 5 tid 106011
180 tid 106011
Insert  tid 106011
FindTargetPageId rootid 6 tid 106011
target_page_id id: 1 tid 106011
0 1 tid 106011
365 5 tid 106011
181 tid 106011
Insert  tid 106011
FindTargetPageId rootid 6 tid 106011
target_page_id id: 1 tid 106011
0 1 tid 106011
365 5 tid 106011
182 tid 106011
Insert  tid 106011
FindTargetPageId rootid 6 tid 106011
target_page_id id: 1 tid 106011
0 1 tid 106011
365 5 tid 106011
183 tid 106011
Insert  tid 106011
FindTargetPageId rootid 6 tid 106012
target_page_id id: 1 tid 106012
0 1 tid 106012
365 5 tid 106012
184 tid 106012
Remove  tid 106012
FindTargetPageId rootid 6 tid 106013
target_page_id id: 5 tid 106013
0 1 tid 106013
365 5 tid 106013
138 tid 106013
Insert  tid 106013
FindTargetPageId rootid 6 tid 106013
target_page_id id: 5 tid 106013
0 1 tid 106013
365 5 tid 106013
139 tid 106013
Insert  tid 106013
FindTargetPageId rootid 6 tid 106011
target_page_id id: 1 tid 106011
0 1 tid 106011
365 5 tid 106011
183 tid 106011
Insert  tid 106011
FindTargetPageId rootid 6 tid 106011
target_page_id id: 1 tid 106011
0 1 tid 106011
365 5 tid 106011
184 tid 106011
Insert  tid 106011
FindTargetPageId rootid 6 tid 106013
target_page_id id: 5 tid 106013
0 1 tid 106013
365 5 tid 106013
140 tid 106013
Insert  tid 106013
FindTargetPageId rootid 6 tid 106013
target_page_id id: 5 tid 106013
0 1 tid 106013
365 5 tid 106013
141 tid 106013
FindTargetPageId rootid 6 tid 106012
target_page_id id: 1 tid 106012
0 1 tid 106012
365 5 tid 106012
185 tid 106012
Insert  tid 106013
Remove FindTargetPageId rootid 6 tid  tid 106013106012

target_page_id id: 5 tid 106013
0 1 tid 106013
365 5 tid 106013
142 tid 106013
Insert  tid 106013
FindTargetPageId rootid 6 tid 106011
target_page_id id: 1 tid 106011
0 1 tid 106011
365 5 tid 106011
184 tid 106011
Insert  tid 106011
FindTargetPageId rootid 6 tid 106012
target_page_id id: 1 tid 106012
0 1 tid 106012
365 5 tid 106012
185 tid 106012
FindTargetPageId rootid 6 tid 106013
target_page_id id: 5 tid 106013
0 1 tid 106013
365 5 tid 106013
143 tid 106013
Insert  tid 106013
FindTargetPageId rootid 6 tid 106013
target_page_id id: 5 tid 106013
0 1 tid 106013
365 5 tid 106013
144 tid 106013
Remove  tid 106012
FindTargetPageId rootid 6 tid 106011
target_page_id id: 1 tid 106011
0 1 tid 106011
365 5 tid 106011
184 tid 106011
Insert  tid 106011
FindTargetPageId rootid 6 tid 106011
target_page_id id: 1 tid 106011
0 1 tid 106011
365 5 tid 106011
Insert  tid 106013
185 tid 106011
Insert  tid 106011
FindTargetPageId rootid 6 tid 106011
target_page_id id: 1 tid 106011
0 1 tid 106011
365 5 tid 106011
186 tid 106011
Insert  tid 106011
FindTargetPageId rootid 6 tid 106011
target_page_id id: 1 tid 106011
0 1 tid 106011
365 5 tid 106011
187 tid 106011
Insert  tid 106011
FindTargetPageId rootid 6 tid 106011
target_page_id id: 1 tid 106011
0 1 tid 106011
365 5 tid 106011
188 tid 106011
Insert  tid 106011
FindTargetPageId rootid 6 tid 106011
target_page_id id: 1 tid 106011
0 1 tid 106011
365 5 tid 106011
189 tid 106011
Insert  tid 106011
FindTargetPageId rootid 6 tid 106011
target_page_id id: 1 tid 106011
0 1 tid 106011
365 5 tid 106011
190 tid 106011
Insert  tid 106011
FindTargetPageId rootid 6 tid 106013
target_page_id id: 5 tid 106013
0 1 tid 106013
365 5 tid 106013
145 tid 106013
Insert  tid 106013
FindTargetPageId rootid 6 tid 106012
target_page_id id: 1 tid 106012
0 1 tid 106012
365 5 tid 106012
191 tid 106012
Remove  tid 106012
FindTargetPageId rootid 6 tid 106011
target_page_id id: 1 tid 106011
0 1 tid 106011
365 5 tid 106011
190 tid 106011
Insert  tid 106011
FindTargetPageId rootid 6 tid 106013
target_page_id id: 5 tid 106013
0 1 tid 106013
365 5 tid 106013
146 tid 106013
Insert  tid 106013
FindTargetPageId rootid 6 tid 106012
target_page_id id: 1 tid 106012
0 1 tid 106012
365 5 tid 106012
191 tid 106012
Remove  tid 106012
FindTargetPageId rootid 6 tid 106011
target_page_id id: 1 tid 106011
0 1 tid 106011
365 5 tid 106011
190 tid 106011
Insert  tid 106011
FindTargetPageId rootid 6 tid 106011
target_page_id id: 1 tid 106011
0 1 tid 106011
365 5 tid 106011
191 tid 106011
Insert  tid 106011
FindTargetPageId rootid 6 tid 106011
target_page_id id: 1 tid 106011
0 1 tid 106011
365 5 tid 106011
192 tid 106011
Insert  tid 106011
FindTargetPageId rootid 6 tid 106013
target_page_id id: 5 tid 106013
0 1 tid 106013
365 5 tid 106013
147 tid 106013
Insert  tid 106013
FindTargetPageId rootid 6 tid 106012
target_page_id id: 1 tid 106012
0 1 tid 106012
365 5 tid 106012
193 tid 106012
Remove  tid 106012
FindTargetPageId rootid 6 tid 106012
target_page_id id: 1 tid 106012
0 1 tid 106012
365 5 tid 106012
192 tid 106012
Remove  tid 106012
FindTargetPageId rootid 6 tid 106012
target_page_id id: 1 tid 106012
0 1 tid 106012
365 5 tid 106012
191 tid 106012
Remove  tid 106012
FindTargetPageId rootid 6 tid 106012
target_page_id id: 1 tid 106012
0 1 tid 106012
365 5 tid 106012
190 tid 106012
Remove  tid 106012
FindTargetPageId rootid 6 tid 106013
target_page_id id: 5 tid 106013
0 1 tid 106013
365 5 tid 106013
148 tid 106013
Insert  tid 106013
FindTargetPageId rootid 6 tid 106011
target_page_id id: 1 tid 106011
0 1 tid 106011
365 5 tid 106011
189 tid 106011
Insert  tid 106011
FindTargetPageId rootid 6 tid 106011
target_page_id id: 1 tid 106011
0 1 tid 106011
365 5 tid 106011
190 tid 106011
Insert  tid 106011
FindTargetPageId rootid 6 tid 106012
target_page_id id: 1 tid 106012
0 1 tid 106012
365 5 tid 106012
191 tid 106012
Remove  tid 106012
FindTargetPageId rootid 6 tid 106013
target_page_id id: 5 tid 106013
0 1 tid 106013
365 5 tid 106013
149 tid 106013
Insert  tid 106013
FindTargetPageId rootid 6 tid 106011
target_page_id id: 1 tid 106011
0 1 tid 106011
365 5 tid 106011
190 tid 106011
Insert  tid 106011
FindTargetPageId rootid 6 tid 106011
target_page_id id: 1 tid 106011
0 1 tid 106011
365 5 tid 106011
191 tid 106011
Insert  tid 106011
FindTargetPageId rootid 6 tid 106011
target_page_id id: 1 tid 106011
0 1 tid 106011
365 5 tid 106011
192 tid 106011
Insert  tid 106011
FindTargetPageId rootid 6 tid 106011
target_page_id id: 1 tid 106011
0 1 tid 106011
365 5 tid 106011
193 tid 106011
Insert  tid 106011
FindTargetPageId rootid 6 tid 106011
target_page_id id: 1 tid 106011
0 1 tid 106011
365 5 tid 106011
194 tid 106011
Insert  tid 106011
FindTargetPageId rootid 6 tid 106012
target_page_id id: 1 tid 106012
0 1 tid 106012
365 5 tid 106012
195 tid 106012
Remove  tid 106012
FindTargetPageId rootid 6 tid 106013
target_page_id id: 5 tid 106013
0 1 tid 106013
365 5 tid 106013
150 tid 106013
Insert  tid 106013
FindTargetPageId rootid 6 tid 106011
target_page_id id: 1 tid 106011
0 1 tid 106011
365 5 tid 106011
194 tid 106011
Insert  tid 106011
FindTargetPageId rootid 6 tid 106012
target_page_id id: 1 tid 106012
0 1 tid 106012
365 5 tid 106012
195 tid 106012
Remove  tid 106012
FindTargetPageId rootid 6 tid 106011
target_page_id id: 1 tid 106011
0 1 tid 106011
365 5 tid 106011
194 tid 106011
FindTargetPageId rootid 6 tid 106013
target_page_id id: 5 tid 106013
0 1 tid 106013
365 5 tid 106013
Insert  tid 151 tid 106013
106011
Insert  tid 106013
FindTargetPageId rootid 6 tid 106011
target_page_id id: 1 tid 106011
0 1 tid 106011
365 5 tid 106011
195 tid 106011
Insert  tid 106011
FindTargetPageId rootid 6 tid 106013
target_page_id id: 5 tid 106013
0 1 tid 106013
365 5 tid 106013
152 tid 106013
Insert  tid 106013
FindTargetPageId rootid 6 tid 106013
target_page_id id: 5 tid 106013
0 1 tid 106013
365 5 tid 106013
153 tid 106013
Insert  tid 106013
FindTargetPageId rootid 6 tid 106013
target_page_id id: 5 tid 106013
0 1 tid 106013
365 5 tid 106013
154 tid 106013
Insert  tid 106013
FindTargetPageId rootid 6 tid 106011
target_page_id id: 1 tid 106011
0 1 tid 106011
365 5 tid 106011
196 tid 106011
Insert  tid 106011
FindTargetPageId rootid 6 tid 106011
target_page_id id: 1 tid 106011
0 1 tid 106011
365 5 tid 106011
197 tid 106011
Insert  tid 106011
FindTargetPageId rootid 6 tid 106011
target_page_id id: 1 tid 106011
0 1 tid 106011
365 5 tid 106011
198 tid 106011
Insert  tid 106011
FindTargetPageId rootid 6 tid 106011
target_page_id id: 1 tid 106011
0 1 tid 106011
365 5 tid 106011
199 tid 106011
Insert  tid 106011
FindTargetPageId rootid 6 tid 106011
target_page_id id: 1 tid 106011
0 1 tid 106011
365 5 tid 106011
200 tid 106011
Insert  tid 106011
FindTargetPageId rootid 6 tid 106012
target_page_id id: 1 tid 106012
0 1 tid 106012
365 5 tid 106012
201 tid 106012
Remove  tid 106012
FindTargetPageId rootid 6 tid 106013
target_page_id id: 5 tid 106013
0 1 tid 106013
365 5 tid 106013
155 tid 106013
Insert  tid 106013
FindTargetPageId rootid 6 tid 106011
target_page_id id: 1 tid 106011
0 1 tid 106011
365 5 tid 106011
200 tid 106011
Insert  tid 106011
FindTargetPageId rootid 6 tid 106012
target_page_id id: 1 tid 106012
0 1 tid 106012
365 5 tid 106012
201 tid 106012
Remove  tid 106012
FindTargetPageId rootid 6 tid 106012
target_page_id id: 1 tid 106012
0 1 tid 106012
365 5 tid 106012
200 tid 106012
Remove  tid 106012
FindTargetPageId rootid 6 tid 106012
target_page_id id: 1 tid 106012
0 1 tid 106012
365 5 tid 106012
199 tid 106012
Remove  tid 106012
FindTargetPageId rootid 6 tid 106013
target_page_id id: 5 tid 106013
0 1 tid 106013
365 5 tid 106013
156 tid 106013
Insert  tid 106013
FindTargetPageId rootid 6 tid 106013
target_page_id id: 5 tid 106013
0 1 tid 106013
365 5 tid 106013
157 tid 106013
Insert  tid 106013
FindTargetPageId rootid 6 tid 106013
target_page_id id: 5 tid 106013
0 1 tid 106013
365 5 tid 106013
158 tid 106013
Insert  tid 106013
FindTargetPageId rootid 6 tid 106013
target_page_id id: 5 tid 106013
0 1 tid 106013
365 5 tid 106013
159 tid 106013
Insert  tid 106013
FindTargetPageId rootid 6 tid 106013
target_page_id id: 5 tid 106013
0 1 tid 106013
365 5 tid 106013
160 tid 106013
Insert  tid 106013
FindTargetPageId rootid 6 tid 106013
target_page_id id: 5 tid 106013
0 1 tid 106013
365 5 tid 106013
161 tid 106013
Insert  tid 106013
FindTargetPageId rootid 6 tid 106013
target_page_id id: 5 tid 106013
0 1 tid 106013
365 5 tid 106013
162 tid 106013
Insert  tid 106013
FindTargetPageId rootid 6 tid 106013
target_page_id id: 5 tid 106013
0 1 tid 106013
365 5 tid 106013
163 tid 106013
Insert  tid 106013
FindTargetPageId rootid 6 tid 106013
target_page_id id: 5 tid 106013
0 1 tid 106013
365 5 tid 106013
164 tid 106013
Insert  tid 106013
FindTargetPageId rootid 6 tid 106013
target_page_id id: 5 tid 106013
0 1 tid 106013
365 5 tid 106013
165 tid 106013
Insert  tid 106013
FindTargetPageId rootid 6 tid 106011
target_page_id id: 1 tid 106011
0 1 tid 106011
365 5 tid 106011
198 tid 106011
Insert  tid 106011
FindTargetPageId rootid 6 tid 106011
target_page_id id: 1 tid 106011
0 1 tid 106011
365 5 tid 106011
199 tid 106011
Insert  tid 106011
FindTargetPageId rootid 6 tid 106011
target_page_id id: 1 tid 106011
0 1 tid 106011
365 5 tid 106011
200 tid 106011
Insert  tid 106011
FindTargetPageId rootid 6 tid 106013
target_page_id id: 5 tid 106013
0 1 tid 106013
365 5 tid 106013
166 tid 106013
Insert  tid 106013
FindTargetPageId rootid 6 tid 106012
target_page_id id: 1 tid 106012
0 1 tid 106012
365 5 tid 106012
201 tid 106012
Remove  tid 106012
FindTargetPageId rootid 6 tid 106011
target_page_id id: 1 tid 106011
0 1 tid 106011
365 5 tid 106011
200 tid 106011
Insert  tid 106011
FindTargetPageId rootid 6 tid 106013
target_page_id id: 5 tid 106013
0 1 tid 106013
365 5 tid 106013
167 tid 106013
Insert  tid 106013
FindTargetPageId rootid 6 tid 106013
target_page_id id: 5 tid 106013
0 1 tid 106013
365 5 tid 106013
168 tid 106013
Insert  tid 106013
FindTargetPageId rootid 6 tid 106013
target_page_id id: 5 tid 106013
0 1 tid 106013
365 5 tid 106013
169 tid 106013
Insert  tid 106013
FindTargetPageId rootid 6 tid 106013
target_page_id id: 5 tid 106013
0 1 tid 106013
365 5 tid 106013
170 tid 106013
Insert  tid 106013
FindTargetPageId rootid 6 tid 106013
target_page_id id: 5 tid 106013
0 1 tid 106013
365 5 tid 106013
171 tid 106013
Insert  tid 106013
FindTargetPageId rootid 6 tid 106012
target_page_id id: 1 tid 106012
0 1 tid 106012
365 5 tid 106012
201 tid 106012
Remove  tid 106012
FindTargetPageId rootid 6 tid 106012
target_page_id id: 5 tid 106012
0 1 tid 106012
365 5 tid 106012
172 tid 106012
Remove  tid 106012
FindTargetPageId rootid 6 tid 106012
target_page_id id: 5 tid 106012
0 1 tid 106012
365 5 tid 106012
171 tid 106012
Remove  tid 106012
FindTargetPageId rootid 6 tid 106012
target_page_id id: 5 tid 106012
0 1 tid 106012
365 5 tid 106012
170 tid 106012
Remove  tid 106012
FindTargetPageId rootid 6 tid 106012
target_page_id id: 5 tid 106012
0 1 tid 106012
365 5 tid 106012
169 tid 106012
FindTargetPageId rootid 6 tid 106011
target_page_id id: 1 tid 106011
0 1 tid 106011
Remove 365 5 tid 106011
200 tid 106011
Insert  tid 106011
FindTargetPageId rootid 6 tid 106011
target_page_id id: 1 tid 106011
0 1 tid 106011
365 5 tid 106011
201 tid 106011
Insert  tid 106011
FindTargetPageId rootid 6 tid 106011
 tid 106012
target_page_id id: 1 tid 106011
0 1 tid 106011
365 5 tid 106011
202 tid 106011
Insert  tid 106011
FindTargetPageId rootid 6 tid 106013
target_page_id id: 5 tid 106013
0 1 tid 106013
365 5 tid 106013
168 tid 106013
Insert  tid 106013
FindTargetPageId rootid 6 tid 106013
target_page_id id: 5 tid 106013
0 1 tid 106013
365 5 tid 106013
169 tid 106013
Insert  tid 106013
FindTargetPageId rootid 6 tid 106013
target_page_id id: 5 tid 106013
0 1 tid 106013
365 5 tid 106013
170 tid 106013
Insert  tid 106013
FindTargetPageId rootid 6 tid 106012
target_page_id id: 5 tid 106012
0 1 tid 106012
365 5 tid 106012
171 tid 106012
Remove  tid 106012
FindTargetPageId rootid 6 tid 106012
target_page_id id: 5 tid 106012
0 1 tid 106012
365 5 tid 106012
170 tid 106012
Remove  tid 106012
FindTargetPageId rootid 6 tid 106012
target_page_id id: 5 tid 106012
0 1 tid 106012
365 5 tid 106012
169 tid 106012
Remove  tid 106012
FindTargetPageId rootid 6 tid 106012
target_page_id id: 5 tid 106012
0 1 tid 106012
365 5 tid 106012
168 tid 106012
Remove  tid 106012
FindTargetPageId rootid 6 tid 106012
target_page_id id: 5 tid 106012
0 1 tid 106012
365 5 tid 106012
167 tid 106012
Remove  tid 106012
FindTargetPageId rootid 6 tid 106012
target_page_id id: 5 tid 106012
0 1 tid 106012
365 5 tid 106012
166 tid 106012
Remove  tid 106012
FindTargetPageId rootid 6 tid 106012
target_page_id id: 5 tid 106012
0 1 tid 106012
365 5 tid 106012
165 tid 106012
Remove  tid 106012
FindTargetPageId rootid 6 tid 106012
target_page_id id: 5 tid 106012
0 1 tid 106012
365 5 tid 106012
164 tid 106012
Remove  tid 106012
FindTargetPageId rootid 6 tid 106012
target_page_id id: 5 tid 106012
0 1 tid 106012
365 5 tid 106012
163 tid 106012
Remove  tid 106012
FindTargetPageId rootid 6 tid 106012
target_page_id id: 5 tid 106012
0 1 tid 106012
365 5 tid 106012
162 tid 106012
Remove  tid 106012
FindTargetPageId rootid 6 tid 106012
target_page_id id: 5 tid 106012
0 1 tid 106012
365 5 tid 106012
161 tid 106012
Remove  tid 106012
FindTargetPageId rootid 6 tid 106011
target_page_id id: 1 tid 106011
0 1 tid 106011
365 5 tid 106011
203 tid 106011
Insert  tid 106011
FindTargetPageId rootid 6 tid 106011
target_page_id id: 1 tid 106011
0 1 tid 106011
365 5 tid 106011
204 tid 106011
Insert  tid 106011
FindTargetPageId rootid 6 tid 106011
target_page_id id: 1 tid 106011
0 1 tid 106011
365 5 tid 106011
205 tid 106011
Insert  tid 106011
FindTargetPageId rootid 6 tid 106011
target_page_id id: 1 tid 106011
0 1 tid 106011
365 5 tid 106011
206 tid 106011
Insert  tid 106011
FindTargetPageId rootid 6 tid 106011
target_page_id id: 1 tid 106011
0 1 tid 106011
365 5 tid 106011
207 tid 106011
Insert  tid 106011
FindTargetPageId rootid 6 tid 106011
target_page_id id: 1 tid 106011
0 1 tid 106011
365 5 tid 106011
208 tid 106011
Insert  tid 106011
FindTargetPageId rootid 6 tid 106013
target_page_id id: 5 tid 106013
0 1 tid 106013
365 5 tid 106013
160 tid 106013
Insert  tid 106013
FindTargetPageId rootid 6 tid 106012
target_page_id id: 5 tid 106012
0 1 tid 106012
365 5 tid 106012
161 tid 106012
Remove  tid 106012
FindTargetPageId rootid 6 tid 106012
target_page_id id: 5 tid 106012
0 1 tid 106012
365 5 tid 106012
160 tid 106012
Remove  tid 106012
FindTargetPageId rootid 6 tid 106013
target_page_id id: 5 tid 106013
0 1 tid 106013
365 5 tid 106013
159 tid 106013
Insert  tid 106013
FindTargetPageId rootid 6 tid 106013
target_page_id id: 5 tid 106013
0 1 tid 106013
365 5 tid 106013
160 tid 106013
Insert  tid 106013
FindTargetPageId rootid 6 tid 106013
target_page_id id: 5 tid 106013
0 1 tid 106013
365 5 tid 106013
161 tid 106013
Insert  tid 106013
FindTargetPageId rootid 6 tid 106013
target_page_id id: 5 tid 106013
0 1 tid 106013
365 5 tid 106013
162 tid 106013
Insert  tid 106013
FindTargetPageId rootid 6 tid 106013
target_page_id id: 5 tid 106013
0 1 tid 106013
365 5 tid 106013
163 tid 106013
Insert  tid 106013
FindTargetPageId rootid 6 tid 106013
target_page_id id: 5 tid 106013
0 1 tid 106013
365 5 tid 106013
164 tid 106013
Insert  tid 106013
FindTargetPageId rootid 6 tid 106012
target_page_id id: 5 tid 106012
0 1 tid 106012
365 5 tid 106012
165 tid 106012
Remove  tid 106012
FindTargetPageId rootid 6 tid 106011
target_page_id id: 1 tid 106011
0 1 tid 106011
365 5 tid 106011
209 tid 106011
Insert  tid 106011
FindTargetPageId rootid 6 tid 106013
target_page_id id: 5 tid 106013
0 1 tid 106013
365 5 tid 106013
164 tid 106013
Insert  tid 106013
FindTargetPageId rootid 6 tid 106012
target_page_id id: 5 tid 106012
0 1 tid 106012
365 5 tid 106012
165 tid 106012
Remove  tid 106012
FindTargetPageId rootid 6 tid 106011
target_page_id id: 1 tid 106011
0 1 tid 106011
365 5 tid 106011
210 tid 106011
Insert  tid 106011
FindTargetPageId rootid 6 tid 106013
target_page_id id: 5 tid 106013
0 1 tid 106013
365 5 tid 106013
164 tid 106013
Insert  tid 106013
FindTargetPageId rootid 6 tid 106012
target_page_id id: 5 tid 106012
0 1 tid 106012
365 5 tid 106012
165 tid 106012
Remove  tid 106012
FindTargetPageId rootid 6 tid 106011
target_page_id id: 1 tid 106011
0 1 tid 106011
365 5 tid 106011
211 tid 106011
Insert  tid 106011
FindTargetPageId rootid 6 tid 106013
target_page_id id: 5 tid 106013
0 1 tid 106013
365 5 tid 106013
164 tid 106013
Insert  tid 106013
FindTargetPageId rootid 6 tid 106012
target_page_id id: 5 tid 106012
0 1 tid 106012
365 5 tid 106012
165 tid 106012
Remove  tid 106012
FindTargetPageId rootid 6 tid 106012
target_page_id id: 5 tid 106012
0 1 tid 106012
365 5 tid 106012
164 tid 106012
Remove  tid 106012
FindTargetPageId rootid 6 tid 106012
target_page_id id: 5 tid 106012
0 1 tid 106012
365 5 tid 106012
163 tid 106012
Remove  tid 106012
FindTargetPageId rootid 6 tid 106011
target_page_id id: 1 tid 106011
0 1 tid 106011
365 5 tid 106011
212 tid 106011
Insert  tid 106011
FindTargetPageId rootid 6 tid 106013
target_page_id id: 5 tid 106013
0 1 tid 106013
365 5 tid 106013
162 tid 106013
Insert  tid 106013
FindTargetPageId rootid 6 tid 106012
target_page_id id: 5 tid 106012
0 1 tid 106012
365 5 tid 106012
163 tid 106012
Remove  tid 106012
FindTargetPageId rootid 6 tid 106011
target_page_id id: 1 tid 106011
0 1 tid 106011
365 5 tid 106011
213 tid 106011
Insert  tid 106011
FindTargetPageId rootid 6 tid 106013
target_page_id id: 5 tid 106013
0 1 tid 106013
365 5 tid 106013
162 tid 106013
FindTargetPageId rootid 6 tid 106012
target_page_id id: 5 tid 106012
0 1 tid 106012
365 5 tid 106012
163 tid 106012
Insert  tid 106013
FindTargetPageId rootid 6 tid 106011
target_page_id id: 1 tid 106011
0 1 tid 106011
365 5 tid 106011
214 tid 106011
Remove  tid 106012
Insert  tid 106011
FindTargetPageId rootid 6 tid 106012
target_page_id id: 5 tid 106012
0 1 tid 106012
365 5 tid 106012
162 tid 106012
FindTargetPageId rootid 6 tid 106011
target_page_id id: 1 tid 106011
0 1 tid 106011
365 5 tid 106011
215 tid 106011
Insert  tid 106011
FindTargetPageId rootid 6 tid 106011
target_page_id id: 1 tid 106011
0 1 tid 106011
365 5 tid 106011
216 tid 106011
Insert  tid 106011
FindTargetPageId rootid 6 tid 106013
target_page_id id: 5 tid 106013
0 1 tid 106013
365 5 tid 106013
Remove  tid 161 tid 106013
106012
Insert  tid 106013
FindTargetPageId rootid 6 tid 106012
target_page_id id: 5 tid 106012
0 1 tid 106012
365 5 tid 106012
162 tid 106012
Remove  tid 106012
FindTargetPageId rootid 6 tid 106011
target_page_id id: 1 tid 106011
0 1 tid 106011
365 5 tid 106011
217 tid 106011
Insert  tid 106011
FindTargetPageId rootid 6 tid 106011
target_page_id id: 1 tid 106011
0 1 tid 106011
365 5 tid 106011
218 tid 106011
Insert  tid 106011
FindTargetPageId rootid 6 tid 106012
target_page_id id: 5 tid 106012
0 1 tid 106012
365 5 tid 106012
161 tid 106012
Remove  tid 106012
FindTargetPageId rootid 6 tid 106012
target_page_id id: 5 tid 106012
0 1 tid 106012
365 5 tid 106012
160 tid 106012
Remove  tid 106012
FindTargetPageId rootid 6 tid 106012
target_page_id id: 5 tid 106012
0 1 tid 106012
365 5 tid 106012
159 tid 106012
Remove  tid 106012
FindTargetPageId rootid 6 tid 106011
target_page_id id: 1 tid 106011
0 1 tid 106011
365 5 tid 106011
219 tid 106011
Insert  tid 106011
FindTargetPageId rootid 6 tid 106011
target_page_id id: 1 tid 106011
0 1 tid 106011
365 5 tid 106011
220 tid 106011
Insert  tid 106011
FindTargetPageId rootid 6 tid 106013
target_page_id id: 5 tid 106013
0 1 tid 106013
365 5 tid 106013
158 tid 106013
Insert  tid 106013
FindTargetPageId rootid 6 tid 106012
target_page_id id: 5 tid 106012
0 1 tid 106012
365 5 tid 106012
159 tid 106012
Remove  tid 106012
FindTargetPageId rootid 6 tid 106011
target_page_id id: 1 tid 106011
0 1 tid 106011
365 5 tid 106011
221 tid 106011
Insert  tid 106011
FindTargetPageId rootid 6 tid 106011
target_page_id id: 1 tid 106011
0 1 tid 106011
365 5 tid 106011
222 tid 106011
Insert  tid 106011
FindTargetPageId rootid 6 tid 106011
target_page_id id: 1 tid 106011
0 1 tid 106011
365 5 tid 106011
223 tid 106011
Insert  tid 106011
FindTargetPageId rootid 6 tid 106011
target_page_id id: 1 tid 106011
0 1 tid 106011
365 5 tid 106011
224 tid 106011
Insert  tid 106011
FindTargetPageId rootid 6 tid 106011
target_page_id id: 1 tid 106011
0 1 tid 106011
365 5 tid 106011
225 tid 106011
Insert  tid 106011
FindTargetPageId rootid 6 tid 106011
target_page_id id: 1 tid 106011
0 1 tid 106011
365 5 tid 106011
226 tid 106011
Insert  tid 106011
FindTargetPageId rootid 6 tid 106011
target_page_id id: 1 tid 106011
0 1 tid 106011
365 5 tid 106011
227 tid 106011
Insert  tid 106011
FindTargetPageId rootid 6 tid 106011
target_page_id id: 1 tid 106011
0 1 tid 106011
365 5 tid 106011
228 tid 106011
Insert  tid 106011
FindTargetPageId rootid 6 tid 106011
target_page_id id: 1 tid 106011
0 1 tid 106011
365 5 tid 106011
229 tid 106011
Insert  tid 106011
FindTargetPageId rootid 6 tid 106011
target_page_id id: 1 tid 106011
0 1 tid 106011
365 5 tid 106011
230 tid 106011
Insert  tid 106011
FindTargetPageId rootid 6 tid 106011
target_page_id id: 1 tid 106011
0 1 tid 106011
365 5 tid 106011
231 tid 106011
Insert  tid 106011
FindTargetPageId rootid 6 tid 106011
target_page_id id: 1 tid 106011
0 1 tid 106011
365 5 tid 106011
232 tid 106011
Insert  tid 106011
FindTargetPageId rootid 6 tid 106011
target_page_id id: 1 tid 106011
0 1 tid 106011
365 5 tid 106011
233 tid 106011
Insert  tid 106011
FindTargetPageId rootid 6 tid 106011
target_page_id id: 1 tid 106011
0 1 tid 106011
365 5 tid 106011
234 tid 106011
Insert  tid 106011
FindTargetPageId rootid 6 tid 106011
target_page_id id: 1 tid 106011
0 1 tid 106011
365 5 tid 106011
235 tid 106011
Insert  tid 106011
FindTargetPageId rootid 6 tid 106011
target_page_id id: 1 tid 106011
0 1 tid 106011
365 5 tid 106011
236 tid 106011
Insert  tid 106011
FindTargetPageId rootid 6 tid 106011
target_page_id id: 1 tid 106011
0 1 tid 106011
365 5 tid 106011
237 tid 106011
Insert  tid 106011
FindTargetPageId rootid 6 tid 106011
target_page_id id: 5 tid 106011
0 1 tid 106011
365 5 tid 106011
158 tid 106011
Insert  tid 106011
FindTargetPageId rootid 6 tid 106011
target_page_id id: 5 tid 106011
0 1 tid 106011
365 5 tid 106011
159 tid 106011
Insert  tid 106011
FindTargetPageId rootid 6 tid 106011
target_page_id id: 5 tid 106011
0 1 tid 106011
365 5 tid 106011
160 tid 106011
Insert  tid 106011
FindTargetPageId rootid 6 tid 106011
target_page_id id: 5 tid 106011
0 1 tid 106011
365 5 tid 106011
161 tid 106011
Insert  tid 106011
FindTargetPageId rootid 6 tid 106011
target_page_id id: 5 tid 106011
0 1 tid 106011
365 5 tid 106011
162 tid 106011
Insert  tid 106011
FindTargetPageId rootid 6 tid 106011
target_page_id id: 5 tid 106011
0 1 tid 106011
365 5 tid 106011
163 tid 106011
Insert  tid 106011
FindTargetPageId rootid 6 tid 106011
target_page_id id: 5 tid 106011
0 1 tid 106011
365 5 tid 106011
164 tid 106011
Insert  tid 106011
FindTargetPageId rootid 6 tid 106011
target_page_id id: 5 tid 106011
0 1 tid 106011
365 5 tid 106011
165 tid 106011
Insert  tid 106011
FindTargetPageId rootid 6 tid 106011
target_page_id id: 5 tid 106011
0 1 tid 106011
365 5 tid 106011
166 tid 106011
Insert  tid 106011
FindTargetPageId rootid 6 tid 106011
target_page_id id: 5 tid 106011
0 1 tid 106011
365 5 tid 106011
167 tid 106011
Insert  tid 106011
FindTargetPageId rootid 6 tid 106011
target_page_id id: 5 tid 106011
0 1 tid 106011
365 5 tid 106011
168 tid 106011
Insert  tid 106011
FindTargetPageId rootid 6 tid 106011
target_page_id id: 5 tid 106011
0 1 tid 106011
365 5 tid 106011
169 tid 106011
Insert  tid 106011
FindTargetPageId rootid 6 tid 106011
target_page_id id: 5 tid 106011
0 1 tid 106011
365 5 tid 106011
170 tid 106011
Insert  tid 106011
FindTargetPageId rootid 6 tid 106011
target_page_id id: 5 tid 106011
0 1 tid 106011
365 5 tid 106011
171 tid 106011
Insert  tid 106011
FindTargetPageId rootid 6 tid 106011
target_page_id id: 5 tid 106011
0 1 tid 106011
365 5 tid 106011
172 tid 106011
Insert  tid 106011
FindTargetPageId rootid 6 tid 106011
target_page_id id: 5 tid 106011
0 1 tid 106011
365 5 tid 106011
173 tid 106011
Insert  tid 106011
FindTargetPageId rootid 6 tid 106011
target_page_id id: 5 tid 106011
0 1 tid 106011
365 5 tid 106011
174 tid 106011
Insert  tid 106011
FindTargetPageId rootid 6 tid 106011
target_page_id id: 5 tid 106011
0 1 tid 106011
365 5 tid 106011
175 tid 106011
Insert  tid 106011
FindTargetPageId rootid 6 tid 106011
target_page_id id: 5 tid 106011
0 1 tid 106011
365 5 tid 106011
176 tid 106011
Insert  tid 106011
FindTargetPageId rootid 6 tid 106011
target_page_id id: 5 tid 106011
0 1 tid 106011
365 5 tid 106011
177 tid 106011
Insert  tid 106011
FindTargetPageId rootid 6 tid 106011
target_page_id id: 5 tid 106011
0 1 tid 106011
365 5 tid 106011
178 tid 106011
Insert  tid 106011
FindTargetPageId rootid 6 tid 106011
target_page_id id: 5 tid 106011
0 1 tid 106011
365 5 tid 106011
179 tid 106011
Insert  tid 106011
FindTargetPageId rootid 6 tid 106011
target_page_id id: 5 tid 106011
0 1 tid 106011
365 5 tid 106011
180 tid 106011
Insert  tid 106011
FindTargetPageId rootid 6 tid 106011
target_page_id id: 5 tid 106011
0 1 tid 106011
365 5 tid 106011
181 tid 106011
Insert  tid 106011
FindTargetPageId rootid 6 tid 106011
target_page_id id: 5 tid 106011
0 1 tid 106011
365 5 tid 106011
182 tid 106011
Insert  tid 106011
FindTargetPageId rootid 6 tid 106011
target_page_id id: 5 tid 106011
0 1 tid 106011
365 5 tid 106011
183 tid 106011
Insert  tid 106011
FindTargetPageId rootid 6 tid 106011
target_page_id id: 5 tid 106011
0 1 tid 106011
365 5 tid 106011
184 tid 106011
Insert  tid 106011
FindTargetPageId rootid 6 tid 106011
target_page_id id: 5 tid 106011
0 1 tid 106011
365 5 tid 106011
185 tid 106011
Insert  tid 106011
FindTargetPageId rootid 6 tid 106011
target_page_id id: 5 tid 106011
0 1 tid 106011
365 5 tid 106011
186 tid 106011
Insert  tid 106011
FindTargetPageId rootid 6 tid 106011
target_page_id id: 5 tid 106011
0 1 tid 106011
365 5 tid 106011
187 tid 106011
Insert  tid 106011
FindTargetPageId rootid 6 tid 106012
target_page_id id: 5 tid 106012
0 1 tid 106012
365 5 tid 106012
188 tid 106012
Remove  tid 106012
FindTargetPageId rootid 6 tid 106013
target_page_id id: 5 tid 106013
0 1 tid 106013
365 5 tid 106013
187 tid 106013
Insert  tid 106013
FindTargetPageId rootid 6 tid 106013
target_page_id id: 5 tid 106013
0 1 tid 106013
365 5 tid 106013
188 tid 106013
Insert  tid 106013
FindTargetPageId rootid 6 tid 106013
target_page_id id: 5 tid 106013
0 1 tid 106013
365 5 tid 106013
189 tid 106013
Insert  tid 106013
FindTargetPageId rootid 6 tid 106013
target_page_id id: 5 tid 106013
0 1 tid 106013
365 5 tid 106013
190 tid 106013
Insert  tid 106013
FindTargetPageId rootid 6 tid 106013
target_page_id id: 5 tid 106013
0 1 tid 106013
365 5 tid 106013
191 tid 106013
Insert  tid 106013
FindTargetPageId rootid 6 tid 106013
target_page_id id: 5 tid 106013
0 1 tid 106013
365 5 tid 106013
192 tid 106013
Insert  tid 106013
FindTargetPageId rootid 6 tid 106013
target_page_id id: 5 tid 106013
0 1 tid 106013
365 5 tid 106013
193 tid 106013
Insert  tid 106013
FindTargetPageId rootid 6 tid 106013
target_page_id id: 5 tid 106013
0 1 tid 106013
365 5 tid 106013
194 tid 106013
Insert  tid 106013
FindTargetPageId rootid 6 tid 106013
target_page_id id: 5 tid 106013
0 1 tid 106013
365 5 tid 106013
195 tid 106013
Insert  tid 106013
FindTargetPageId rootid 6 tid 106013
target_page_id id: 5 tid 106013
0 1 tid 106013
365 5 tid 106013
196 tid 106013
Insert  tid 106013
FindTargetPageId rootid 6 tid 106013
target_page_id id: 5 tid 106013
0 1 tid 106013
365 5 tid 106013
197 tid 106013
Insert  tid 106013
FindTargetPageId rootid 6 tid 106013
target_page_id id: 5 tid 106013
0 1 tid 106013
365 5 tid 106013
198 tid 106013
Insert  tid 106013
FindTargetPageId rootid 6 tid 106013
target_page_id id: 5 tid 106013
0 1 tid 106013
365 5 tid 106013
199 tid 106013
Insert  tid 106013
FindTargetPageId rootid 6 tid 106013
target_page_id id: 5 tid 106013
0 1 tid 106013
365 5 tid 106013
200 tid 106013
Insert  tid 106013
FindTargetPageId rootid 6 tid 106013
target_page_id id: 5 tid 106013
0 1 tid 106013
365 5 tid 106013
201 tid 106013
Insert  tid 106013
FindTargetPageId rootid 6 tid 106013
target_page_id id: 5 tid 106013
0 1 tid 106013
365 5 tid 106013
202 tid 106013
Insert  tid 106013
FindTargetPageId rootid 6 tid 106013
target_page_id id: 5 tid 106013
0 1 tid 106013
365 5 tid 106013
203 tid 106013
Insert  tid 106013
FindTargetPageId rootid 6 tid 106013
target_page_id id: 5 tid 106013
0 1 tid 106013
365 5 tid 106013
204 tid 106013
Insert  tid 106013
FindTargetPageId rootid 6 tid 106013
target_page_id id: 5 tid 106013
0 1 tid 106013
365 5 tid 106013
205 tid 106013
Insert  tid 106013
FindTargetPageId rootid 6 tid 106013
target_page_id id: 5 tid 106013
0 1 tid 106013
365 5 tid 106013
206 tid 106013
Insert  tid 106013
FindTargetPageId rootid 6 tid 106013
target_page_id id: 5 tid 106013
0 1 tid 106013
365 5 tid 106013
207 tid 106013
Insert  tid 106013
FindTargetPageId rootid 6 tid 106013
target_page_id id: 5 tid 106013
0 1 tid 106013
365 5 tid 106013
208 tid 106013
Insert  tid 106013
FindTargetPageId rootid 6 tid 106013
target_page_id id: 5 tid 106013
0 1 tid 106013
365 5 tid 106013
209 tid 106013
Insert  tid 106013
FindTargetPageId rootid 6 tid 106013
target_page_id id: 5 tid 106013
0 1 tid 106013
365 5 tid 106013
210 tid 106013
Insert  tid 106013
FindTargetPageId rootid 6 tid 106013
target_page_id id: 5 tid 106013
0 1 tid 106013
365 5 tid 106013
211 tid 106013
Insert  tid 106013
FindTargetPageId rootid 6 tid 106013
target_page_id id: 5 tid 106013
0 1 tid 106013
365 5 tid 106013
212 tid 106013
Insert  tid 106013
FindTargetPageId rootid 6 tid 106013
target_page_id id: 5 tid 106013
0 1 tid 106013
365 5 tid 106013
213 tid 106013
Insert  tid 106013
FindTargetPageId rootid 6 tid 106013
target_page_id id: 5 tid 106013
0 1 tid 106013
365 5 tid 106013
214 tid 106013
Insert  tid 106013
FindTargetPageId rootid 6 tid 106013
target_page_id id: 5 tid 106013
0 1 tid 106013
365 5 tid 106013
215 tid 106013
Insert  tid 106013
FindTargetPageId rootid 6 tid 106013
target_page_id id: 5 tid 106013
0 1 tid 106013
365 5 tid 106013
216 tid 106013
Insert  tid 106013
FindTargetPageId rootid 6 tid 106013
target_page_id id: 5 tid 106013
0 1 tid 106013
365 5 tid 106013
217 tid 106013
Insert  tid 106013
FindTargetPageId rootid 6 tid 106013
target_page_id id: 5 tid 106013
0 1 tid 106013
365 5 tid 106013
218 tid 106013
Insert  tid 106013
FindTargetPageId rootid 6 tid 106013
target_page_id id: 5 tid 106013
0 1 tid 106013
365 5 tid 106013
219 tid 106013
Insert  tid 106013
FindTargetPageId rootid 6 tid 106013
target_page_id id: 5 tid 106013
0 1 tid 106013
365 5 tid 106013
220 tid 106013
Insert  tid 106013
FindTargetPageId rootid 6 tid 106013
target_page_id id: 5 tid 106013
0 1 tid 106013
365 5 tid 106013
221 tid 106013
Insert  tid 106013
FindTargetPageId rootid 6 tid 106013
target_page_id id: 5 tid 106013
0 1 tid 106013
365 5 tid 106013
222 tid 106013
Insert  tid 106013
FindTargetPageId rootid 6 tid 106013
target_page_id id: 5 tid 106013
0 1 tid 106013
365 5 tid 106013
223 tid 106013
Insert  tid 106013
FindTargetPageId rootid 6 tid 106013
target_page_id id: 5 tid 106013
0 1 tid 106013
365 5 tid 106013
224 tid 106013
Insert  tid 106013
FindTargetPageId rootid 6 tid 106013
target_page_id id: 5 tid 106013
0 1 tid 106013
365 5 tid 106013
225 tid 106013
Insert  tid 106013
FindTargetPageId rootid 6 tid 106013
target_page_id id: 5 tid 106013
0 1 tid 106013
365 5 tid 106013
226 tid 106013
Insert  tid 106013
FindTargetPageId rootid 6 tid 106013
target_page_id id: 5 tid 106013
0 1 tid 106013
365 5 tid 106013
227 tid 106013
Insert  tid 106013
FindTargetPageId rootid 6 tid 106013
target_page_id id: 5 tid 106013
0 1 tid 106013
365 5 tid 106013
228 tid 106013
Insert  tid 106013
FindTargetPageId rootid 6 tid 106013
target_page_id id: 5 tid 106013
0 1 tid 106013
365 5 tid 106013
229 tid 106013
Insert  tid 106013
FindTargetPageId rootid 6 tid 106013
target_page_id id: 5 tid 106013
0 1 tid 106013
365 5 tid 106013
230 tid 106013
Insert  tid 106013
FindTargetPageId rootid 6 tid 106013
target_page_id id: 5 tid 106013
0 1 tid 106013
365 5 tid 106013
231 tid 106013
Insert  tid 106013
FindTargetPageId rootid 6 tid 106013
target_page_id id: 5 tid 106013
0 1 tid 106013
365 5 tid 106013
232 tid 106013
Insert  tid 106013
FindTargetPageId rootid 6 tid 106013
target_page_id id: 5 tid 106013
0 1 tid 106013
365 5 tid 106013
233 tid 106013
Insert  tid 106013
FindTargetPageId rootid 6 tid 106013
target_page_id id: 5 tid 106013
0 1 tid 106013
365 5 tid 106013
234 tid 106013
Insert  tid 106013
FindTargetPageId rootid 6 tid 106013
target_page_id id: 5 tid 106013
0 1 tid 106013
365 5 tid 106013
235 tid 106013
Insert  tid 106013
FindTargetPageId rootid 6 tid 106013
target_page_id id: 5 tid 106013
0 1 tid 106013
365 5 tid 106013
236 tid 106013
Insert  tid 106013
FindTargetPageId rootid 6 tid 106013
target_page_id id: 5 tid 106013
0 1 tid 106013
365 5 tid 106013
237 tid 106013
Insert  tid 106013
FindTargetPageId rootid 6 tid 106013
target_page_id id: 5 tid 106013
0 1 tid 106013
365 5 tid 106013
238 tid 106013
Insert  tid 106013
FindTargetPageId rootid 6 tid 106013
target_page_id id: 5 tid 106013
0 1 tid 106013
365 5 tid 106013
239 tid 106013
Insert  tid 106013
FindTargetPageId rootid 6 tid 106013
target_page_id id: 5 tid 106013
0 1 tid 106013
365 5 tid 106013
240 tid 106013
Insert  tid 106013
FindTargetPageId rootid 6 tid 106013
target_page_id id: 5 tid 106013
0 1 tid 106013
365 5 tid 106013
241 tid 106013
Insert  tid 106013
FindTargetPageId rootid 6 tid 106012
target_page_id id: 5 tid 106012
0 1 tid 106012
365 5 tid 106012
242 tid 106012
Remove  tid 106012
FindTargetPageId rootid 6 tid 106011
target_page_id id: 5 tid 106011
0 1 tid 106011
365 5 tid 106011
241 tid 106011
Insert  tid 106011
FindTargetPageId rootid 6 tid 106013
target_page_id id: 5 tid 106013
0 1 tid 106013
365 5 tid 106013
242 tid 106013
Insert  tid 106013
FindTargetPageId rootid 6 tid 106012
target_page_id id: 5 tid 106012
0 1 tid 106012
365 5 tid 106012
243 tid 106012
Remove  tid 106012
FindTargetPageId rootid 6 tid 106011
target_page_id id: 5 tid 106011
0 1 tid 106011
365 5 tid 106011
242 tid 106011
Insert  tid 106011
FindTargetPageId rootid 6 tid 106013
target_page_id id: 5 tid 106013
0 1 tid 106013
365 5 tid 106013
243 tid 106013
Insert  tid 106013
FindTargetPageId rootid 6 tid 106012
target_page_id id: 5 tid 106012
0 1 tid 106012
365 5 tid 106012
244 tid 106012
Remove  tid 106012
FindTargetPageId rootid 6 tid 106011
target_page_id id: 5 tid 106011
0 1 tid 106011
365 5 tid 106011
243 tid 106011
Insert  tid 106011
FindTargetPageId rootid 6 tid 106013
target_page_id id: 5 tid 106013
0 1 tid 106013
365 5 tid 106013
244 tid 106013
Insert  tid 106013
FindTargetPageId rootid 6 tid 106012
target_page_id id: 5 tid 106012
0 1 tid 106012
365 5 tid 106012
245 tid 106012
Remove  tid 106012
FindTargetPageId rootid 6 tid 106011
target_page_id id: 5 tid 106011
0 1 tid 106011
365 5 tid 106011
244 tid 106011
Insert  tid 106011
FindTargetPageId rootid 6 tid 106013
target_page_id id: 5 tid 106013
0 1 tid 106013
365 5 tid 106013
245 tid 106013
Insert  tid 106013
FindTargetPageId rootid 6 tid 106012
target_page_id id: 5 tid 106012
0 1 tid 106012
365 5 tid 106012
246 tid 106012
Remove  tid 106012
FindTargetPageId rootid 6 tid 106011
target_page_id id: 5 tid 106011
0 1 tid 106011
365 5 tid 106011
245 tid 106011
Insert  tid 106011
FindTargetPageId rootid 6 tid 106011
target_page_id id: 5 tid 106011
0 1 tid 106011
365 5 tid 106011
246 tid 106011
Insert  tid 106011
FindTargetPageId rootid 6 tid 106011
target_page_id id: 5 tid 106011
0 1 tid 106011
365 5 tid 106011
247 tid 106011
Insert  tid 106011
FindTargetPageId rootid 6 tid 106011
target_page_id id: 5 tid 106011
0 1 tid 106011
365 5 tid 106011
248 tid 106011
Insert  tid 106011
FindTargetPageId rootid 6 tid 106011
target_page_id id: 5 tid 106011
0 1 tid 106011
365 5 tid 106011
248 tid 106011
Insert  tid 106011
FindTargetPageId rootid 6 tid 106011
target_page_id id: 5 tid 106011
0 1 tid 106011
365 5 tid 106011
248 tid 106011
Insert  tid 106011
FindTargetPageId rootid 6 tid 106011
target_page_id id: 5 tid 106011
0 1 tid 106011
365 5 tid 106011
248 tid 106011
Insert  tid 106011
FindTargetPageId rootid 6 tid 106011
target_page_id id: 5 tid 106011
0 1 tid 106011
365 5 tid 106011
248 tid 106011
Insert  tid 106011
FindTargetPageId rootid 6 tid 106011
target_page_id id: 5 tid 106011
0 1 tid 106011
365 5 tid 106011
248 tid 106011
Insert  tid 106011
FindTargetPageId rootid 6 tid 106011
target_page_id id: 5 tid 106011
0 1 tid 106011
365 5 tid 106011
248 tid 106011
Insert  tid 106011
FindTargetPageId rootid 6 tid 106011
target_page_id id: 5 tid 106011
0 1 tid 106011
365 5 tid 106011
248 tid 106011
Insert  tid 106011
FindTargetPageId rootid 6 tid 106011
target_page_id id: 5 tid 106011
0 1 tid 106011
365 5 tid 106011
248 tid 106011
Insert  tid 106011
FindTargetPageId rootid 6 tid 106011
target_page_id id: 5 tid 106011
0 1 tid 106011
365 5 tid 106011
248 tid 106011
Insert  tid 106011
FindTargetPageId rootid 6 tid 106011
target_page_id id: 5 tid 106011
0 1 tid 106011
365 5 tid 106011
248 tid 106011
Insert  tid 106011
FindTargetPageId rootid 6 tid 106011
target_page_id id: 5 tid 106011
0 1 tid 106011
365 5 tid 106011
248 tid 106011
Insert  tid 106011
FindTargetPageId rootid 6 tid 106011
target_page_id id: 5 tid 106011
0 1 tid 106011
365 5 tid 106011
248 tid 106011
Insert  tid 106011
FindTargetPageId rootid 6 tid 106011
target_page_id id: 5 tid 106011
0 1 tid 106011
365 5 tid 106011
248 tid 106011
Insert  tid 106011
FindTargetPageId rootid 6 tid 106011
target_page_id id: 5 tid 106011
0 1 tid 106011
365 5 tid 106011
248 tid 106011
Insert  tid 106011
FindTargetPageId rootid 6 tid 106011
target_page_id id: 5 tid 106011
0 1 tid 106011
365 5 tid 106011
248 tid 106011
Insert  tid 106011
FindTargetPageId rootid 6 tid 106011
target_page_id id: 5 tid 106011
0 1 tid 106011
365 5 tid 106011
248 tid 106011
Insert  tid 106011
FindTargetPageId rootid 6 tid 106012
target_page_id id: 5 tid 106012
0 1 tid 106012
365 5 tid 106012
248 tid 106012
Remove  tid 106012
FindTargetPageId rootid 6 tid 106012
target_page_id id: 5 tid 106012
0 1 tid 106012
365 5 tid 106012
247 tid 106012
Remove  tid 106012
FindTargetPageId rootid 6 tid 106012
target_page_id id: 5 tid 106012
0 1 tid 106012
365 5 tid 106012
246 tid 106012
Remove  tid 106012
FindTargetPageId rootid 6 tid 106012
target_page_id id: 5 tid 106012
0 1 tid 106012
365 5 tid 106012
245 tid 106012
Remove  tid 106012
FindTargetPageId rootid 6 tid 106012
target_page_id id: 5 tid 106012
0 1 tid 106012
365 5 tid 106012
244 tid 106012
Remove  tid 106012
FindTargetPageId rootid 6 tid 106012
target_page_id id: 5 tid 106012
0 1 tid 106012
365 5 tid 106012
243 tid 106012
Remove  tid 106012
FindTargetPageId rootid 6 tid 106012
target_page_id id: 5 tid 106012
0 1 tid 106012
365 5 tid 106012
242 tid 106012
Remove  tid 106012
FindTargetPageId rootid 6 tid 106012
target_page_id id: 5 tid 106012
0 1 tid 106012
365 5 tid 106012
241 tid 106012
Remove  tid 106012
FindTargetPageId rootid 6 tid 106012
target_page_id id: 5 tid 106012
0 1 tid 106012
365 5 tid 106012
240 tid 106012
Remove  tid 106012
FindTargetPageId rootid 6 tid 106012
target_page_id id: 5 tid 106012
0 1 tid 106012
365 5 tid 106012
239 tid 106012
Remove  tid 106012
FindTargetPageId rootid 6 tid 106012
target_page_id id: 5 tid 106012
0 1 tid 106012
365 5 tid 106012
238 tid 106012
Remove  tid 106012
FindTargetPageId rootid 6 tid 106012
target_page_id id: 5 tid 106012
0 1 tid 106012
365 5 tid 106012
237 tid 106012
Remove  tid 106012
FindTargetPageId rootid 6 tid 106013
target_page_id id: 5 tid 106013
0 1 tid 106013
365 5 tid 106013
236 tid 106013
Insert  tid 106013
FindTargetPageId rootid 6 tid 106013
target_page_id id: 5 tid 106013
0 1 tid 106013
365 5 tid 106013
237 tid 106013
Insert  tid 106013
FindTargetPageId rootid 6 tid 106011
target_page_id id: 5 tid 106011
0 1 tid 106011
365 5 tid 106011
238 tid 106011
Insert  tid 106011
FindTargetPageId rootid 6 tid 106011
target_page_id id: 5 tid 106011
0 1 tid 106011
365 5 tid 106011
238 tid 106011
Insert  tid 106011
FindTargetPageId rootid 6 tid 106013
target_page_id id: 5 tid 106013
0 1 tid 106013
365 5 tid 106013
238 tid 106013
Insert  tid 106013
FindTargetPageId rootid 6 tid 106012
target_page_id id: 5 tid 106012
0 1 tid 106012
365 5 tid 106012
239 tid 106012
Remove  tid 106012
FindTargetPageId rootid 6 tid 106011
target_page_id id: 5 tid 106011
0 1 tid 106011
365 5 tid 106011
238 tid 106011
Insert  tid 106011
FindTargetPageId rootid 6 tid 106013
target_page_id id: 5 tid 106013
0 1 tid 106013
365 5 tid 106013
238 tid 106013
Insert  tid 106013
FindTargetPageId rootid 6 tid 106013
target_page_id id: 5 tid 106013
0 1 tid 106013
365 5 tid 106013
239 tid 106013
Insert  tid 106013
FindTargetPageId rootid 6 tid 106013
target_page_id id: 5 tid 106013
0 1 tid 106013
365 5 tid 106013
240 tid 106013
Insert  tid 106013
FindTargetPageId rootid 6 tid 106012
target_page_id id: 5 tid 106012
0 1 tid 106012
365 5 tid 106012
241 tid 106012
Remove  tid 106012
FindTargetPageId rootid 6 tid 106012
target_page_id id: 5 tid 106012
0 1 tid 106012
365 5 tid 106012
240 tid 106012
Remove  tid 106012
FindTargetPageId rootid 6 tid 106012
target_page_id id: 5 tid 106012
0 1 tid 106012
365 5 tid 106012
239 tid 106012
Remove  tid 106012
FindTargetPageId rootid 6 tid 106011
target_page_id id: 5 tid 106011
0 1 tid 106011
365 5 tid 106011
238 tid 106011
Insert  tid 106011
FindTargetPageId rootid 6 tid 106011
target_page_id id: 5 tid 106011
0 1 tid 106011
365 5 tid 106011
238 tid 106011
Insert  tid 106011
FindTargetPageId rootid 6 tid 106013
target_page_id id: 5 tid 106013
0 1 tid 106013
365 5 tid 106013
238 tid 106013
Insert  tid 106013
FindTargetPageId rootid 6 tid 106012
target_page_id id: 5 tid 106012
0 1 tid 106012
365 5 tid 106012
239 tid 106012
Remove  tid 106012
FindTargetPageId rootid 6 tid 106012
target_page_id id: 5 tid 106012
0 1 tid 106012
365 5 tid 106012
238 tid 106012
Remove  tid 106012
FindTargetPageId rootid 6 tid 106012
target_page_id id: 5 tid 106012
0 1 tid 106012
365 5 tid 106012
237 tid 106012
Remove  tid 106012
FindTargetPageId rootid 6 tid 106012
target_page_id id: 5 tid 106012
0 1 tid 106012
365 5 tid 106012
236 tid 106012
Remove  tid 106012
FindTargetPageId rootid 6 tid 106012
target_page_id id: 5 tid 106012
0 1 tid 106012
365 5 tid 106012
235 tid 106012
Remove  tid 106012
FindTargetPageId rootid 6 tid 106011
target_page_id id: 5 tid 106011
0 1 tid 106011
365 5 tid 106011
234 tid 106011
Insert  tid 106011
FindTargetPageId rootid 6 tid 106011
target_page_id id: 5 tid 106011
0 1 tid 106011
365 5 tid 106011
234 tid 106011
Insert  tid 106011
FindTargetPageId rootid 6 tid 106011
target_page_id id: 5 tid 106011
0 1 tid 106011
365 5 tid 106011
234 tid 106011
Insert  tid 106011
FindTargetPageId rootid 6 tid 106011
target_page_id id: 5 tid 106011
0 1 tid 106011
365 5 tid 106011
234 tid 106011
Insert  tid 106011
FindTargetPageId rootid 6 tid 106011
target_page_id id: 5 tid 106011
0 1 tid 106011
365 5 tid 106011
234 tid 106011
Insert  tid 106011
FindTargetPageId rootid 6 tid 106011
target_page_id id: 5 tid 106011
0 1 tid 106011
365 5 tid 106011
234 tid 106011
FindTargetPageId rootid 6 tid 106012
target_page_id id: 5 tid 106012
0 1 tid 106012
365 5 tid 106012
Insert  tid 106011
234 tid 106012
Remove  tid 106012
FindTargetPageId rootid 6 tid 106013
target_page_id id: 5 tid 106013
0 1 tid 106013
365 5 tid 106013
233 tid 106013
Insert  tid 106013
FindTargetPageId rootid 6 tid 106011
target_page_id id: 5 tid 106011
0 1 tid 106011
365 5 tid 106011
234 tid 106011
Insert  tid 106011
FindTargetPageId rootid 6 tid 106011
target_page_id id: 5 tid 106011
0 1 tid 106011
365 5 tid 106011
234 tid 106011
Insert  tid 106011
FindTargetPageId rootid 6 tid 106011
target_page_id id: 5 tid 106011
0 1 tid 106011
365 5 tid 106011
234 tid 106011
Insert  tid 106011
FindTargetPageId rootid 6 tid 106011
target_page_id id: 5 tid 106011
0 1 tid 106011
365 5 tid 106011
234 tid 106011
Insert  tid 106011
FindTargetPageId rootid 6 tid 106011
target_page_id id: 5 tid 106011
0 1 tid 106011
365 5 tid 106011
234 tid 106011
Insert  tid 106011
FindTargetPageId rootid 6 tid 106011
target_page_id id: 5 tid 106011
0 1 tid 106011
365 5 tid 106011
234 tid 106011
Insert  tid 106011
FindTargetPageId rootid 6 tid 106011
target_page_id id: 5 tid 106011
0 1 tid 106011
365 5 tid 106011
234 tid 106011
Insert  tid 106011
FindTargetPageId rootid 6 tid 106011
target_page_id id: 5 tid 106011
0 1 tid 106011
365 5 tid 106011
234 tid 106011
Insert  tid 106011
FindTargetPageId rootid 6 tid 106011
target_page_id id: 5 tid 106011
0 1 tid 106011
365 5 tid 106011
234 tid 106011
Insert  tid 106011
FindTargetPageId rootid 6 tid 106011
target_page_id id: 5 tid 106011
0 1 tid 106011
365 5 tid 106011
234 tid 106011
Insert  tid 106011
FindTargetPageId rootid 6 tid 106011
target_page_id id: 5 tid 106011
0 1 tid 106011
365 5 tid 106011
234 tid 106011
Insert  tid 106011
FindTargetPageId rootid 6 tid 106013
target_page_id id: 5 tid 106013
0 1 tid 106013
365 5 tid 106013
234 tid 106013
Insert  tid 106013
FindTargetPageId rootid 6 tid 106012
target_page_id id: 5 tid 106012
0 1 tid 106012
365 5 tid 106012
235 tid 106012
Remove  tid 106012
FindTargetPageId rootid 6 tid 106012
target_page_id id: 5 tid 106012
0 1 tid 106012
365 5 tid 106012
234 tid 106012
Remove  tid 106012
FindTargetPageId rootid 6 tid 106012
target_page_id id: 5 tid 106012
0 1 tid 106012
365 5 tid 106012
233 tid 106012
Remove  tid 106012
FindTargetPageId rootid 6 tid 106012
target_page_id id: 5 tid 106012
0 1 tid 106012
365 5 tid 106012
232 tid 106012
Remove  tid 106012
FindTargetPageId rootid 6 tid 106012
target_page_id id: 5 tid 106012
0 1 tid 106012
365 5 tid 106012
231 tid 106012
Remove  tid 106012
FindTargetPageId rootid 6 tid 106012
target_page_id id: 5 tid 106012
0 1 tid 106012
365 5 tid 106012
230 tid 106012
Remove  tid 106012
FindTargetPageId rootid 6 tid 106012
target_page_id id: 5 tid 106012
0 1 tid 106012
365 5 tid 106012
229 tid 106012
Remove  tid 106012
FindTargetPageId rootid 6 tid 106012
target_page_id id: 5 tid 106012
0 1 tid 106012
365 5 tid 106012
228 tid 106012
Remove  tid 106012
FindTargetPageId rootid 6 tid 106012
target_page_id id: 5 tid 106012
0 1 tid 106012
365 5 tid 106012
227 tid 106012
Remove  tid 106012
FindTargetPageId rootid 6 tid 106012
target_page_id id: 5 tid 106012
0 1 tid 106012
365 5 tid 106012
226 tid 106012
Remove  tid 106012
FindTargetPageId rootid 6 tid 106012
target_page_id id: 5 tid 106012
0 1 tid 106012
365 5 tid 106012
225 tid 106012
Remove  tid 106012
FindTargetPageId rootid 6 tid 106012
target_page_id id: 5 tid 106012
0 1 tid 106012
365 5 tid 106012
224 tid 106012
Remove  tid 106012
FindTargetPageId rootid 6 tid 106012
target_page_id id: 5 tid 106012
0 1 tid 106012
365 5 tid 106012
223 tid 106012
Remove  tid 106012
FindTargetPageId rootid 6 tid 106012
target_page_id id: 5 tid 106012
0 1 tid 106012
365 5 tid 106012
222 tid 106012
Remove  tid 106012
FindTargetPageId rootid 6 tid 106012
target_page_id id: 5 tid 106012
0 1 tid 106012
365 5 tid 106012
221 tid 106012
Remove  tid 106012
FindTargetPageId rootid 6 tid 106012
target_page_id id: 5 tid 106012
0 1 tid 106012
365 5 tid 106012
220 tid 106012
Remove  tid 106012
FindTargetPageId rootid 6 tid 106012
target_page_id id: 5 tid 106012
0 1 tid 106012
365 5 tid 106012
219 tid 106012
Remove  tid 106012
FindTargetPageId rootid 6 tid 106012
target_page_id id: 5 tid 106012
0 1 tid 106012
365 5 tid 106012
218 tid 106012
Remove  tid 106012
FindTargetPageId rootid 6 tid 106012
target_page_id id: 5 tid 106012
0 1 tid 106012
365 5 tid 106012
217 tid 106012
Remove  tid 106012
FindTargetPageId rootid 6 tid 106012
target_page_id id: 5 tid 106012
0 1 tid 106012
365 5 tid 106012
216 tid 106012
Remove  tid 106012
FindTargetPageId rootid 6 tid 106012
target_page_id id: 5 tid 106012
0 1 tid 106012
365 5 tid 106012
215 tid 106012
Remove  tid 106012
FindTargetPageId rootid 6 tid 106012
target_page_id id: 5 tid 106012
0 1 tid 106012
365 5 tid 106012
214 tid 106012
Remove  tid 106012
FindTargetPageId rootid 6 tid 106012
target_page_id id: 5 tid 106012
0 1 tid 106012
365 5 tid 106012
213 tid 106012
Remove  tid 106012
FindTargetPageId rootid 6 tid 106012
target_page_id id: 5 tid 106012
0 1 tid 106012
365 5 tid 106012
212 tid 106012
Remove  tid 106012
FindTargetPageId rootid 6 tid 106012
target_page_id id: 5 tid 106012
0 1 tid 106012
365 5 tid 106012
211 tid 106012
Remove  tid 106012
FindTargetPageId rootid 6 tid 106012
target_page_id id: 5 tid 106012
0 1 tid 106012
365 5 tid 106012
210 tid 106012
Remove  tid 106012
FindTargetPageId rootid 6 tid 106012
target_page_id id: 5 tid 106012
0 1 tid 106012
365 5 tid 106012
209 tid 106012
Remove  tid 106012
FindTargetPageId rootid 6 tid 106012
target_page_id id: 5 tid 106012
0 1 tid 106012
365 5 tid 106012
208 tid 106012
Remove  tid 106012
FindTargetPageId rootid 6 tid 106012
target_page_id id: 5 tid 106012
0 1 tid 106012
365 5 tid 106012
207 tid 106012
Remove  tid 106012
FindTargetPageId rootid 6 tid 106012
target_page_id id: 5 tid 106012
0 1 tid 106012
365 5 tid 106012
206 tid 106012
Remove  tid 106012
FindTargetPageId rootid 6 tid 106012
target_page_id id: 5 tid 106012
0 1 tid 106012
365 5 tid 106012
205 tid 106012
Remove  tid 106012
FindTargetPageId rootid 6 tid 106012
target_page_id id: 5 tid 106012
0 1 tid 106012
365 5 tid 106012
204 tid 106012
Remove  tid 106012
FindTargetPageId rootid 6 tid 106012
target_page_id id: 5 tid 106012
0 1 tid 106012
365 5 tid 106012
203 tid 106012
Remove  tid 106012
FindTargetPageId rootid 6 tid 106012
target_page_id id: 5 tid 106012
0 1 tid 106012
365 5 tid 106012
202 tid 106012
Remove  tid 106012
FindTargetPageId rootid 6 tid 106012
target_page_id id: 5 tid 106012
0 1 tid 106012
365 5 tid 106012
201 tid 106012
Remove  tid 106012
FindTargetPageId rootid 6 tid 106012
target_page_id id: 5 tid 106012
0 1 tid 106012
365 5 tid 106012
200 tid 106012
Remove  tid 106012
FindTargetPageId rootid 6 tid 106012
target_page_id id: 5 tid 106012
0 1 tid 106012
365 5 tid 106012
199 tid 106012
Remove  tid 106012
FindTargetPageId rootid 6 tid 106012
target_page_id id: 5 tid 106012
0 1 tid 106012
365 5 tid 106012
198 tid 106012
Remove  tid 106012
FindTargetPageId rootid 6 tid 106012
target_page_id id: 5 tid 106012
0 1 tid 106012
365 5 tid 106012
197 tid 106012
Remove  tid 106012
FindTargetPageId rootid 6 tid 106012
target_page_id id: 5 tid 106012
0 1 tid 106012
365 5 tid 106012
196 tid 106012
Remove  tid 106012
FindTargetPageId rootid 6 tid 106012
target_page_id id: 5 tid 106012
0 1 tid 106012
365 5 tid 106012
195 tid 106012
Remove  tid 106012
FindTargetPageId rootid 6 tid 106012
target_page_id id: 5 tid 106012
0 1 tid 106012
365 5 tid 106012
194 tid 106012
Remove  tid 106012
FindTargetPageId rootid 6 tid 106012
target_page_id id: 5 tid 106012
0 1 tid 106012
365 5 tid 106012
193 tid 106012
Remove  tid 106012
FindTargetPageId rootid 6 tid 106012
target_page_id id: 5 tid 106012
0 1 tid 106012
365 5 tid 106012
192 tid 106012
Remove  tid 106012
FindTargetPageId rootid 6 tid 106012
target_page_id id: 5 tid 106012
0 1 tid 106012
365 5 tid 106012
191 tid 106012
Remove  tid 106012
FindTargetPageId rootid 6 tid 106012
target_page_id id: 5 tid 106012
0 1 tid 106012
365 5 tid 106012
190 tid 106012
Remove  tid 106012
FindTargetPageId rootid 6 tid 106012
target_page_id id: 5 tid 106012
0 1 tid 106012
365 5 tid 106012
189 tid 106012
Remove  tid 106012
FindTargetPageId rootid 6 tid 106012
target_page_id id: 5 tid 106012
0 1 tid 106012
365 5 tid 106012
188 tid 106012
Remove  tid 106012
FindTargetPageId rootid 6 tid 106012
target_page_id id: 5 tid 106012
0 1 tid 106012
365 5 tid 106012
187 tid 106012
Remove  tid 106012
FindTargetPageId rootid 6 tid 106012
target_page_id id: 5 tid 106012
0 1 tid 106012
365 5 tid 106012
186 tid 106012
Remove  tid 106012
FindTargetPageId rootid 6 tid 106012
target_page_id id: 5 tid 106012
0 1 tid 106012
365 5 tid 106012
185 tid 106012
Remove  tid 106012
FindTargetPageId rootid 6 tid 106012
target_page_id id: 5 tid 106012
0 1 tid 106012
365 5 tid 106012
184 tid 106012
Remove  tid 106012
FindTargetPageId rootid 6 tid 106012
target_page_id id: 5 tid 106012
0 1 tid 106012
365 5 tid 106012
183 tid 106012
Remove  tid 106012
FindTargetPageId rootid 6 tid 106012
target_page_id id: 5 tid 106012
0 1 tid 106012
365 5 tid 106012
182 tid 106012
Remove  tid 106012
FindTargetPageId rootid 6 tid 106012
target_page_id id: 5 tid 106012
0 1 tid 106012
365 5 tid 106012
181 tid 106012
Remove  tid 106012
FindTargetPageId rootid 6 tid 106012
target_page_id id: 5 tid 106012
0 1 tid 106012
365 5 tid 106012
180 tid 106012
Remove  tid 106012
FindTargetPageId rootid 6 tid 106012
target_page_id id: 5 tid 106012
0 1 tid 106012
365 5 tid 106012
179 tid 106012
Remove  tid 106012
FindTargetPageId rootid 6 tid 106012
target_page_id id: 5 tid 106012
0 1 tid 106012
365 5 tid 106012
178 tid 106012
Remove  tid 106012
FindTargetPageId rootid 6 tid 106012
target_page_id id: 5 tid 106012
0 1 tid 106012
365 5 tid 106012
177 tid 106012
Remove  tid 106012
FindTargetPageId rootid 6 tid 106012
target_page_id id: 5 tid 106012
0 1 tid 106012
365 5 tid 106012
176 tid 106012
Remove  tid 106012
FindTargetPageId rootid 6 tid 106012
target_page_id id: 5 tid 106012
0 1 tid 106012
365 5 tid 106012
175 tid 106012
Remove  tid 106012
FindTargetPageId rootid 6 tid 106012
target_page_id id: 5 tid 106012
0 1 tid 106012
365 5 tid 106012
174 tid 106012
Remove  tid 106012
FindTargetPageId rootid 6 tid 106012
target_page_id id: 5 tid 106012
0 1 tid 106012
365 5 tid 106012
173 tid 106012
Remove  tid 106012
FindTargetPageId rootid 6 tid 106012
target_page_id id: 5 tid 106012
0 1 tid 106012
365 5 tid 106012
172 tid 106012
Remove  tid 106012
FindTargetPageId rootid 6 tid 106012
target_page_id id: 5 tid 106012
0 1 tid 106012
365 5 tid 106012
171 tid 106012
Remove  tid 106012
FindTargetPageId rootid 6 tid 106012
target_page_id id: 5 tid 106012
0 1 tid 106012
365 5 tid 106012
170 tid 106012
Remove  tid 106012
FindTargetPageId rootid 6 tid 106012
target_page_id id: 5 tid 106012
0 1 tid 106012
365 5 tid 106012
169 tid 106012
Remove  tid 106012
FindTargetPageId rootid 6 tid 106012
target_page_id id: 5 tid 106012
0 1 tid 106012
365 5 tid 106012
168 tid 106012
Remove  tid 106012
FindTargetPageId rootid 6 tid 106012
target_page_id id: 5 tid 106012
0 1 tid 106012
365 5 tid 106012
167 tid 106012
Remove  tid 106012
FindTargetPageId rootid 6 tid 106012
target_page_id id: 5 tid 106012
0 1 tid 106012
365 5 tid 106012
166 tid 106012
Remove  tid 106012
FindTargetPageId rootid 6 tid 106012
target_page_id id: 5 tid 106012
0 1 tid 106012
365 5 tid 106012
165 tid 106012
Remove  tid 106012
FindTargetPageId rootid 6 tid 106012
target_page_id id: 5 tid 106012
0 1 tid 106012
365 5 tid 106012
165 tid 106012
Remove  tid 106012
FindTargetPageId rootid 6 tid 106012
target_page_id id: 5 tid 106012
0 1 tid 106012
365 5 tid 106012
165 tid 106012
Remove  tid 106012
FindTargetPageId rootid 6 tid 106012
target_page_id id: 5 tid 106012
0 1 tid 106012
365 5 tid 106012
165 tid 106012
Remove  tid 106012
FindTargetPageId rootid 6 tid 106012
target_page_id id: 5 tid 106012
0 1 tid 106012
365 5 tid 106012
165 tid 106012
Remove  tid 106012
FindTargetPageId rootid 6 tid 106012
target_page_id id: 5 tid 106012
0 1 tid 106012
365 5 tid 106012
165 tid 106012
Remove  tid 106012
FindTargetPageId rootid 6 tid 106012
target_page_id id: 5 tid 106012
0 1 tid 106012
365 5 tid 106012
165 tid 106012
Remove  tid 106012
FindTargetPageId rootid 6 tid 106012
target_page_id id: 5 tid 106012
0 1 tid 106012
365 5 tid 106012
165 tid 106012
Remove  tid 106012
FindTargetPageId rootid 6 tid 106012
target_page_id id: 5 tid 106012
0 1 tid 106012
365 5 tid 106012
165 tid 106012
Remove  tid 106012
FindTargetPageId rootid 6 tid 106012
target_page_id id: 5 tid 106012
0 1 tid 106012
365 5 tid 106012
165 tid 106012
Remove  tid 106012
FindTargetPageId rootid 6 tid 106012
target_page_id id: 5 tid 106012
0 1 tid 106012
365 5 tid 106012
165 tid 106012
Remove  tid 106012
FindTargetPageId rootid 6 tid 106012
target_page_id id: 5 tid 106012
0 1 tid 106012
365 5 tid 106012
165 tid 106012
Remove  tid 106012
FindTargetPageId rootid 6 tid 106012
target_page_id id: 5 tid 106012
0 1 tid 106012
365 5 tid 106012
165 tid 106012
Remove  tid 106012
FindTargetPageId rootid 6 tid 106012
target_page_id id: 5 tid 106012
0 1 tid 106012
365 5 tid 106012
165 tid 106012
Remove  tid 106012
FindTargetPageId rootid 6 tid 106012
target_page_id id: 5 tid 106012
0 1 tid 106012
365 5 tid 106012
165 tid 106012
Remove  tid 106012
FindTargetPageId rootid 6 tid 106012
target_page_id id: 5 tid 106012
0 1 tid 106012
365 5 tid 106012
165 tid 106012
Remove  tid 106012
FindTargetPageId rootid 6 tid 106012
target_page_id id: 5 tid 106012
0 1 tid 106012
365 5 tid 106012
165 tid 106012
Remove  tid 106012
FindTargetPageId rootid 6 tid 106012
target_page_id id: 5 tid 106012
0 1 tid 106012
365 5 tid 106012
165 tid 106012
Remove  tid 106012
FindTargetPageId rootid 6 tid 106012
target_page_id id: 5 tid 106012
0 1 tid 106012
365 5 tid 106012
165 tid 106012
Remove  tid 106012
FindTargetPageId rootid 6 tid 106012
target_page_id id: 5 tid 106012
0 1 tid 106012
365 5 tid 106012
165 tid 106012
Remove  tid 106012
FindTargetPageId rootid 6 tid 106012
target_page_id id: 5 tid 106012
0 1 tid 106012
365 5 tid 106012
165 tid 106012
Remove  tid 106012
FindTargetPageId rootid 6 tid 106012
target_page_id id: 5 tid 106012
0 1 tid 106012
365 5 tid 106012
165 tid 106012
Remove  tid 106012
FindTargetPageId rootid 6 tid 106012
target_page_id id: 5 tid 106012
0 1 tid 106012
365 5 tid 106012
165 tid 106012
Remove  tid 106012
FindTargetPageId rootid 6 tid 106012
target_page_id id: 5 tid 106012
0 1 tid 106012
365 5 tid 106012
165 tid 106012
Remove  tid 106012
FindTargetPageId rootid 6 tid 106012
target_page_id id: 5 tid 106012
0 1 tid 106012
365 5 tid 106012
165 tid 106012
Remove  tid 106012
FindTargetPageId rootid 6 tid 106012
target_page_id id: 5 tid 106012
0 1 tid 106012
365 5 tid 106012
165 tid 106012
Remove  tid 106012
FindTargetPageId rootid 6 tid 106012
target_page_id id: 5 tid 106012
0 1 tid 106012
365 5 tid 106012
165 tid 106012
Remove  tid 106012
FindTargetPageId rootid 6 tid 106012
target_page_id id: 5 tid 106012
0 1 tid 106012
365 5 tid 106012
165 tid 106012
Remove  tid 106012
FindTargetPageId rootid 6 tid 106012
target_page_id id: 5 tid 106012
0 1 tid 106012
365 5 tid 106012
165 tid 106012
Remove  tid 106012
FindTargetPageId rootid 6 tid 106012
target_page_id id: 5 tid 106012
0 1 tid 106012
365 5 tid 106012
165 tid 106012
Remove  tid 106012
FindTargetPageId rootid 6 tid 106012
target_page_id id: 5 tid 106012
0 1 tid 106012
365 5 tid 106012
165 tid 106012
Remove  tid 106012
FindTargetPageId rootid 6 tid 106012
target_page_id id: 5 tid 106012
0 1 tid 106012
365 5 tid 106012
165 tid 106012
Remove  tid 106012
FindTargetPageId rootid 6 tid 106012
target_page_id id: 5 tid 106012
0 1 tid 106012
365 5 tid 106012
165 tid 106012
Remove  tid 106012
FindTargetPageId rootid 6 tid 106012
target_page_id id: 5 tid 106012
0 1 tid 106012
365 5 tid 106012
165 tid 106012
Remove  tid 106012
FindTargetPageId rootid 6 tid 106012
target_page_id id: 5 tid 106012
0 1 tid 106012
365 5 tid 106012
165 tid 106012
Remove  tid 106012
FindTargetPageId rootid 6 tid 106012
target_page_id id: 5 tid 106012
0 1 tid 106012
365 5 tid 106012
165 tid 106012
Remove  tid 106012
FindTargetPageId rootid 6 tid 106012
target_page_id id: 5 tid 106012
0 1 tid 106012
365 5 tid 106012
165 tid 106012
Remove  tid 106012
FindTargetPageId rootid 6 tid 106012
target_page_id id: 5 tid 106012
0 1 tid 106012
365 5 tid 106012
165 tid 106012
Remove  tid 106012
FindTargetPageId rootid 6 tid 106012
target_page_id id: 5 tid 106012
0 1 tid 106012
365 5 tid 106012
165 tid 106012
Remove  tid 106012
FindTargetPageId rootid 6 tid 106012
target_page_id id: 5 tid 106012
0 1 tid 106012
365 5 tid 106012
165 tid 106012
Remove  tid 106012
FindTargetPageId rootid 6 tid 106012
target_page_id id: 5 tid 106012
0 1 tid 106012
365 5 tid 106012
165 tid 106012
Remove  tid 106012
FindTargetPageId rootid 6 tid 106012
target_page_id id: 5 tid 106012
0 1 tid 106012
365 5 tid 106012
165 tid 106012
Remove  tid 106012
FindTargetPageId rootid 6 tid 106012
target_page_id id: 5 tid 106012
0 1 tid 106012
365 5 tid 106012
165 tid 106012
Remove  tid 106012
FindTargetPageId rootid 6 tid 106012
target_page_id id: 5 tid 106012
0 1 tid 106012
365 5 tid 106012
165 tid 106012
Remove  tid 106012
FindTargetPageId rootid 6 tid 106012
target_page_id id: 5 tid 106012
0 1 tid 106012
365 5 tid 106012
165 tid 106012
Remove  tid 106012
FindTargetPageId rootid 6 tid 106012
target_page_id id: 5 tid 106012
0 1 tid 106012
365 5 tid 106012
165 tid 106012
Remove  tid 106012
FindTargetPageId rootid 6 tid 106012
target_page_id id: 5 tid 106012
0 1 tid 106012
365 5 tid 106012
165 tid 106012
Remove  tid 106012
FindTargetPageId rootid 6 tid 106012
target_page_id id: 5 tid 106012
0 1 tid 106012
365 5 tid 106012
165 tid 106012
Remove  tid 106012
FindTargetPageId rootid 6 tid 106012
target_page_id id: 5 tid 106012
0 1 tid 106012
365 5 tid 106012
165 tid 106012
Remove  tid 106012
FindTargetPageId rootid 6 tid 106012
target_page_id id: 5 tid 106012
0 1 tid 106012
365 5 tid 106012
165 tid 106012
Remove  tid 106012
FindTargetPageId rootid 6 tid 106012
target_page_id id: 5 tid 106012
0 1 tid 106012
365 5 tid 106012
165 tid 106012
Remove  tid 106012
FindTargetPageId rootid 6 tid 106012
target_page_id id: 5 tid 106012
0 1 tid 106012
365 5 tid 106012
165 tid 106012
Remove  tid 106012
FindTargetPageId rootid 6 tid 106012
target_page_id id: 5 tid 106012
0 1 tid 106012
365 5 tid 106012
165 tid 106012
Remove  tid 106012
FindTargetPageId rootid 6 tid 106012
target_page_id id: 5 tid 106012
0 1 tid 106012
365 5 tid 106012
165 tid 106012
Remove  tid 106012
FindTargetPageId rootid 6 tid 106012
target_page_id id: 5 tid 106012
0 1 tid 106012
365 5 tid 106012
165 tid 106012
Remove  tid 106012
FindTargetPageId rootid 6 tid 106012
target_page_id id: 5 tid 106012
0 1 tid 106012
365 5 tid 106012
165 tid 106012
Remove  tid 106012
FindTargetPageId rootid 6 tid 106012
target_page_id id: 5 tid 106012
0 1 tid 106012
365 5 tid 106012
165 tid 106012
Remove  tid 106012
FindTargetPageId rootid 6 tid 106012
target_page_id id: 5 tid 106012
0 1 tid 106012
365 5 tid 106012
165 tid 106012
Remove  tid 106012
FindTargetPageId rootid 6 tid 106012
target_page_id id: 5 tid 106012
0 1 tid 106012
365 5 tid 106012
165 tid 106012
Remove  tid 106012
FindTargetPageId rootid 6 tid 106012
target_page_id id: 5 tid 106012
0 1 tid 106012
365 5 tid 106012
165 tid 106012
Remove  tid 106012
FindTargetPageId rootid 6 tid 106012
target_page_id id: 5 tid 106012
0 1 tid 106012
365 5 tid 106012
165 tid 106012
Remove  tid 106012
FindTargetPageId rootid 6 tid 106012
target_page_id id: 5 tid 106012
0 1 tid 106012
365 5 tid 106012
165 tid 106012
Remove  tid 106012
FindTargetPageId rootid 6 tid 106012
target_page_id id: 5 tid 106012
0 1 tid 106012
365 5 tid 106012
165 tid 106012
Remove  tid 106012
FindTargetPageId rootid 6 tid 106012
target_page_id id: 5 tid 106012
0 1 tid 106012
365 5 tid 106012
165 tid 106012
Remove  tid 106012
FindTargetPageId rootid 6 tid 106012
target_page_id id: 5 tid 106012
0 1 tid 106012
365 5 tid 106012
165 tid 106012
Remove  tid 106012
FindTargetPageId rootid 6 tid 106012
target_page_id id: 5 tid 106012
0 1 tid 106012
365 5 tid 106012
165 tid 106012
Remove  tid 106012
FindTargetPageId rootid 6 tid 106012
target_page_id id: 5 tid 106012
0 1 tid 106012
365 5 tid 106012
165 tid 106012
Remove  tid 106012
FindTargetPageId rootid 6 tid 106012
target_page_id id: 5 tid 106012
0 1 tid 106012
365 5 tid 106012
165 tid 106012
Remove  tid 106012
FindTargetPageId rootid 6 tid 106012
target_page_id id: 5 tid 106012
0 1 tid 106012
365 5 tid 106012
165 tid 106012
Remove  tid 106012
FindTargetPageId rootid 6 tid 106012
target_page_id id: 5 tid 106012
0 1 tid 106012
365 5 tid 106012
165 tid 106012
Remove  tid 106012
FindTargetPageId rootid 6 tid 106012
target_page_id id: 5 tid 106012
0 1 tid 106012
365 5 tid 106012
165 tid 106012
Remove  tid 106012
FindTargetPageId rootid 6 tid 106012
target_page_id id: 5 tid 106012
0 1 tid 106012
365 5 tid 106012
165 tid 106012
Remove  tid 106012
FindTargetPageId rootid 6 tid 106012
target_page_id id: 5 tid 106012
0 1 tid 106012
365 5 tid 106012
165 tid 106012
Remove  tid 106012
FindTargetPageId rootid 6 tid 106012
target_page_id id: 5 tid 106012
0 1 tid 106012
365 5 tid 106012
165 tid 106012
Remove  tid 106012
FindTargetPageId rootid 6 tid 106012
target_page_id id: 5 tid 106012
0 1 tid 106012
365 5 tid 106012
165 tid 106012
Remove  tid 106012
FindTargetPageId rootid 6 tid 106012
target_page_id id: 5 tid 106012
0 1 tid 106012
365 5 tid 106012
165 tid 106012
Remove  tid 106012
FindTargetPageId rootid 6 tid 106012
target_page_id id: 5 tid 106012
0 1 tid 106012
365 5 tid 106012
165 tid 106012
Remove  tid 106012
FindTargetPageId rootid 6 tid 106012
target_page_id id: 5 tid 106012
0 1 tid 106012
365 5 tid 106012
165 tid 106012
Remove  tid 106012
FindTargetPageId rootid 6 tid 106012
target_page_id id: 5 tid 106012
0 1 tid 106012
365 5 tid 106012
165 tid 106012
Remove  tid 106012
FindTargetPageId rootid 6 tid 106012
target_page_id id: 5 tid 106012
0 1 tid 106012
365 5 tid 106012
165 tid 106012
Remove  tid 106012
FindTargetPageId rootid 6 tid 106012
target_page_id id: 5 tid 106012
0 1 tid 106012
365 5 tid 106012
165 tid 106012
Remove  tid 106012
FindTargetPageId rootid 6 tid 106012
target_page_id id: 5 tid 106012
0 1 tid 106012
365 5 tid 106012
165 tid 106012
Remove  tid 106012
FindTargetPageId rootid 6 tid 106012
target_page_id id: 5 tid 106012
0 1 tid 106012
365 5 tid 106012
165 tid 106012
Remove  tid 106012
FindTargetPageId rootid 6 tid 106012
target_page_id id: 5 tid 106012
0 1 tid 106012
365 5 tid 106012
165 tid 106012
Remove  tid 106012
FindTargetPageId rootid 6 tid 106012
target_page_id id: 5 tid 106012
0 1 tid 106012
365 5 tid 106012
165 tid 106012
Remove  tid 106012
FindTargetPageId rootid 6 tid 106012
target_page_id id: 5 tid 106012
0 1 tid 106012
365 5 tid 106012
165 tid 106012
Remove  tid 106012
FindTargetPageId rootid 6 tid 106012
target_page_id id: 5 tid 106012
0 1 tid 106012
365 5 tid 106012
165 tid 106012
Remove  tid 106012
FindTargetPageId rootid 6 tid 106012
target_page_id id: 5 tid 106012
0 1 tid 106012
365 5 tid 106012
165 tid 106012
Remove  tid 106012
FindTargetPageId rootid 6 tid 106012
target_page_id id: 5 tid 106012
0 1 tid 106012
365 5 tid 106012
165 tid 106012
Remove  tid 106012
FindTargetPageId rootid 6 tid 106012
target_page_id id: 5 tid 106012
0 1 tid 106012
365 5 tid 106012
165 tid 106012
Remove  tid 106012
FindTargetPageId rootid 6 tid 106012
target_page_id id: 5 tid 106012
0 1 tid 106012
365 5 tid 106012
165 tid 106012
Remove  tid 106012
FindTargetPageId rootid 6 tid 106012
target_page_id id: 5 tid 106012
0 1 tid 106012
365 5 tid 106012
165 tid 106012
Remove  tid 106012
FindTargetPageId rootid 6 tid 106012
target_page_id id: 5 tid 106012
0 1 tid 106012
365 5 tid 106012
165 tid 106012
Remove  tid 106012
FindTargetPageId rootid 6 tid 106012
target_page_id id: 5 tid 106012
0 1 tid 106012
365 5 tid 106012
165 tid 106012
Remove  tid 106012
FindTargetPageId rootid 6 tid 106012
target_page_id id: 5 tid 106012
0 1 tid 106012
365 5 tid 106012
165 tid 106012
Remove  tid 106012
FindTargetPageId rootid 6 tid 106012
target_page_id id: 5 tid 106012
0 1 tid 106012
365 5 tid 106012
165 tid 106012
Remove  tid 106012
FindTargetPageId rootid 6 tid 106012
target_page_id id: 5 tid 106012
0 1 tid 106012
365 5 tid 106012
165 tid 106012
Remove  tid 106012
FindTargetPageId rootid 6 tid 106012
target_page_id id: 5 tid 106012
0 1 tid 106012
365 5 tid 106012
165 tid 106012
Remove  tid 106012
FindTargetPageId rootid 6 tid 106012
target_page_id id: 5 tid 106012
0 1 tid 106012
365 5 tid 106012
165 tid 106012
Remove  tid 106012
FindTargetPageId rootid 6 tid 106012
target_page_id id: 5 tid 106012
0 1 tid 106012
365 5 tid 106012
165 tid 106012
Remove  tid 106012
FindTargetPageId rootid 6 tid 106012
target_page_id id: 5 tid 106012
0 1 tid 106012
365 5 tid 106012
165 tid 106012
Remove  tid 106012
FindTargetPageId rootid 6 tid 106012
target_page_id id: 5 tid 106012
0 1 tid 106012
365 5 tid 106012
165 tid 106012
Remove  tid 106012
FindTargetPageId rootid 6 tid 106012
target_page_id id: 5 tid 106012
0 1 tid 106012
365 5 tid 106012
165 tid 106012
Remove  tid 106012
FindTargetPageId rootid 6 tid 106012
target_page_id id: 5 tid 106012
0 1 tid 106012
365 5 tid 106012
165 tid 106012
Remove  tid 106012
FindTargetPageId rootid 6 tid 106012
target_page_id id: 5 tid 106012
0 1 tid 106012
365 5 tid 106012
165 tid 106012
Remove  tid 106012
FindTargetPageId rootid 6 tid 106012
target_page_id id: 5 tid 106012
0 1 tid 106012
365 5 tid 106012
165 tid 106012
Remove  tid 106012
FindTargetPageId rootid 6 tid 106012
target_page_id id: 5 tid 106012
0 1 tid 106012
365 5 tid 106012
165 tid 106012
Remove  tid 106012
FindTargetPageId rootid 6 tid 106012
target_page_id id: 5 tid 106012
0 1 tid 106012
365 5 tid 106012
165 tid 106012
Remove  tid 106012
FindTargetPageId rootid 6 tid 106012
target_page_id id: 5 tid 106012
0 1 tid 106012
365 5 tid 106012
165 tid 106012
Remove  tid 106012
FindTargetPageId rootid 6 tid 106012
target_page_id id: 5 tid 106012
0 1 tid 106012
365 5 tid 106012
165 tid 106012
Remove  tid 106012
FindTargetPageId rootid 6 tid 106012
target_page_id id: 5 tid 106012
0 1 tid 106012
365 5 tid 106012
165 tid 106012
Remove  tid 106012
FindTargetPageId rootid 6 tid 106012
target_page_id id: 5 tid 106012
0 1 tid 106012
365 5 tid 106012
165 tid 106012
Remove  tid 106012
FindTargetPageId rootid 6 tid 106012
target_page_id id: 5 tid 106012
0 1 tid 106012
365 5 tid 106012
165 tid 106012
Remove  tid 106012
FindTargetPageId rootid 6 tid 106012
target_page_id id: 5 tid 106012
0 1 tid 106012
365 5 tid 106012
165 tid 106012
Remove  tid 106012
FindTargetPageId rootid 6 tid 106012
target_page_id id: 5 tid 106012
0 1 tid 106012
365 5 tid 106012
165 tid 106012
Remove  tid 106012
FindTargetPageId rootid 6 tid 106012
target_page_id id: 5 tid 106012
0 1 tid 106012
365 5 tid 106012
165 tid 106012
Remove  tid 106012
FindTargetPageId rootid 6 tid 106012
target_page_id id: 5 tid 106012
0 1 tid 106012
365 5 tid 106012
165 tid 106012
Remove  tid 106012
FindTargetPageId rootid 6 tid 106012
target_page_id id: 5 tid 106012
0 1 tid 106012
365 5 tid 106012
165 tid 106012
Remove  tid 106012
FindTargetPageId rootid 6 tid 106012
target_page_id id: 5 tid 106012
0 1 tid 106012
365 5 tid 106012
165 tid 106012
Remove  tid 106012
FindTargetPageId rootid 6 tid 106012
target_page_id id: 5 tid 106012
0 1 tid 106012
365 5 tid 106012
165 tid 106012
Remove  tid 106012
FindTargetPageId rootid 6 tid 106012
target_page_id id: 5 tid 106012
0 1 tid 106012
365 5 tid 106012
165 tid 106012
Remove  tid 106012
FindTargetPageId rootid 6 tid 106012
target_page_id id: 5 tid 106012
0 1 tid 106012
365 5 tid 106012
165 tid 106012
Remove  tid 106012
FindTargetPageId rootid 6 tid 106012
target_page_id id: 5 tid 106012
0 1 tid 106012
365 5 tid 106012
165 tid 106012
Remove  tid 106012
FindTargetPageId rootid 6 tid 106012
target_page_id id: 5 tid 106012
0 1 tid 106012
365 5 tid 106012
165 tid 106012
Remove  tid 106012
FindTargetPageId rootid 6 tid 106012
target_page_id id: 5 tid 106012
0 1 tid 106012
365 5 tid 106012
165 tid 106012
Remove  tid 106012
FindTargetPageId rootid 6 tid 106012
target_page_id id: 5 tid 106012
0 1 tid 106012
365 5 tid 106012
165 tid 106012
Remove  tid 106012
FindTargetPageId rootid 6 tid 106012
target_page_id id: 5 tid 106012
0 1 tid 106012
365 5 tid 106012
165 tid 106012
Remove  tid 106012
FindTargetPageId rootid 6 tid 106012
target_page_id id: 5 tid 106012
0 1 tid 106012
365 5 tid 106012
165 tid 106012
Remove  tid 106012
FindTargetPageId rootid 6 tid 106012
target_page_id id: 5 tid 106012
0 1 tid 106012
365 5 tid 106012
165 tid 106012
Remove  tid 106012
FindTargetPageId rootid 6 tid 106012
target_page_id id: 5 tid 106012
0 1 tid 106012
365 5 tid 106012
165 tid 106012
Remove  tid 106012
FindTargetPageId rootid 6 tid 106012
target_page_id id: 5 tid 106012
0 1 tid 106012
365 5 tid 106012
165 tid 106012
Remove  tid 106012
FindTargetPageId rootid 6 tid 106012
target_page_id id: 5 tid 106012
0 1 tid 106012
365 5 tid 106012
165 tid 106012
Remove  tid 106012
FindTargetPageId rootid 6 tid 106012
target_page_id id: 5 tid 106012
0 1 tid 106012
365 5 tid 106012
165 tid 106012
Remove  tid 106012
FindTargetPageId rootid 6 tid 106013
target_page_id id: 5 tid 106013
0 1 tid 106013
365 5 tid 106013
165 tid 106013
Insert  tid 106013
FindTargetPageId rootid 6 tid 106013
target_page_id id: 5 tid 106013
0 1 tid 106013
365 5 tid 106013
166 tid 106013
Insert  tid 106013
FindTargetPageId rootid 6 tid 106013
target_page_id id: 5 tid 106013
0 1 tid 106013
365 5 tid 106013
167 tid 106013
Insert  tid 106013
FindTargetPageId rootid 6 tid 106013
target_page_id id: 5 tid 106013
0 1 tid 106013
365 5 tid 106013
168 tid 106013
Insert  tid 106013
FindTargetPageId rootid 6 tid 106011
target_page_id id: 5 tid 106011
0 1 tid 106011
365 5 tid 106011
169 tid 106011
Insert  tid 106011
FindTargetPageId rootid 6 tid 106012
target_page_id id: 5 tid 106012
0 1 tid 106012
365 5 tid 106012
170 tid 106012
Remove  tid 106012
FindTargetPageId rootid 6 tid 106012
target_page_id id: 5 tid 106012
0 1 tid 106012
365 5 tid 106012
170 tid 106012
Remove  tid 106012
FindTargetPageId rootid 6 tid 106013
target_page_id id: 5 tid 106013
0 1 tid 106013
365 5 tid 106013
170 tid 106013
Insert  tid 106013
FindTargetPageId rootid 6 tid 106011
target_page_id id: 5 tid 106011
0 1 tid 106011
365 5 tid 106011
171 tid 106011
Insert  tid 106011
FindTargetPageId rootid 6 tid 106012
target_page_id id: 5 tid 106012
0 1 tid 106012
365 5 tid 106012
172 tid 106012
Remove  tid 106012
FindTargetPageId rootid 6 tid 106013
target_page_id id: 5 tid 106013
0 1 tid 106013
365 5 tid 106013
172 tid 106013
Insert FindTargetPageId rootid  tid 6 tid 106011106013

target_page_id id: 5 tid 106011
0 1 tid 106011
365 5 tid 106011
173 tid 106011
FindTargetPageId rootid Insert 6 tid  tid 106013106011

target_page_id id: 5 tid 106013
0 1 tid 106013
365 5 tid 106013
174 tid 106013
Insert  tid 106013
FindTargetPageId rootid 6 tid 106011
target_page_id id: 5 tid 106011
0 1 tid 106011
365 5 tid 106011
175 tid 106011
Insert  tid 106011
FindTargetPageId rootid 6 tid 106011
target_page_id id: 5 tid 106011
0 1 tid 106011
365 5 tid 106011
176 tid 106011
Insert  tid 106011
FindTargetPageId rootid 6 tid 106011
target_page_id id: 5 tid 106011
0 1 tid 106011
365 5 tid 106011
177 tid 106011
Insert  tid 106011
FindTargetPageId rootid 6 tid 106011
target_page_id id: 5 tid 106011
0 1 tid 106011
365 5 tid 106011
178 tid 106011
Insert  tid 106011
FindTargetPageId rootid 6 tid 106013
target_page_id id: 5 tid 106013
0 1 tid 106013
365 5 tid 106013
179 tid 106013
Insert  tid 106013
FindTargetPageId rootid 6 tid 106012
target_page_id id: 5 tid 106012
0 1 tid 106012
365 5 tid 106012
180 tid 106012
Remove  tid 106012
FindTargetPageId rootid 6 tid 106011
target_page_id id: 5 tid 106011
0 1 tid 106011
365 5 tid 106011
180 tid 106011
Insert  tid 106011
FindTargetPageId rootid 6 tid 106011
target_page_id id: 5 tid 106011
0 1 tid 106011
365 5 tid 106011
181 tid 106011
Insert  tid 106011
FindTargetPageId rootid 6 tid 106012
target_page_id id: 5 tid 106012
0 1 tid 106012
365 5 tid 106012
182 tid 106012
Remove  tid 106012
FindTargetPageId rootid 6 tid 106013
target_page_id id: 5 tid 106013
0 1 tid 106013
365 5 tid 106013
182 tid 106013
Insert  tid 106013
FindTargetPageId rootid 6 tid 106013
target_page_id id: 5 tid 106013
0 1 tid 106013
365 5 tid 106013
183 tid 106013
Insert  tid 106013
FindTargetPageId rootid 6 tid 106013
target_page_id id: 5 tid 106013
0 1 tid 106013
365 5 tid 106013
184 tid 106013
Insert  tid 106013
FindTargetPageId rootid 6 tid 106013
target_page_id id: 5 tid 106013
0 1 tid 106013
365 5 tid 106013
185 tid 106013
Insert  tid 106013
FindTargetPageId rootid 6 tid 106011
target_page_id id: 5 tid 106011
0 1 tid 106011
365 5 tid 106011
186 tid 106011
Insert  tid 106011
FindTargetPageId rootid 6 tid 106012
target_page_id id: 5 tid 106012
0 1 tid 106012
365 5 tid 106012
187 tid 106012
Remove  tid 106012
FindTargetPageId rootid 6 tid 106013
target_page_id id: 5 tid 106013
0 1 tid 106013
365 5 tid 106013
187 tid 106013
Insert  tid 106013
FindTargetPageId rootid 6 tid 106011
target_page_id id: 5 tid 106011
0 1 tid 106011
365 5 tid 106011
188 tid 106011
Insert  tid 106011
FindTargetPageId rootid 6 tid 106012
target_page_id id: 5 tid 106012
0 1 tid 106012
365 5 tid 106012
189 tid 106012
FindTargetPageId rootid 6 tid 106013
Remove  tid 106012
target_page_id id: 5 tid 106013
0 1 tid 106013
365 5 tid 106013
189 tid 106013
Insert  tid 106013
FindTargetPageId rootid 6 tid 106011
target_page_id id: 5 tid 106011
0 1 tid 106011
365 5 tid 106011
190 tid 106011
Insert  tid 106011
FindTargetPageId rootid 6 tid 106012
target_page_id id: 5 tid 106012
0 1 tid 106012
365 5 tid 106012
191 tid 106012
Remove  tid 106012
FindTargetPageId rootid 6 tid 106013
target_page_id id: 5 tid 106013
0 1 tid 106013
365 5 tid 106013
191 tid 106013
Insert  tid 106013
FindTargetPageId rootid 6 tid 106011
target_page_id id: 5 tid 106011
0 1 tid 106011
365 5 tid 106011
192 tid 106011
Insert  tid 106011
FindTargetPageId rootid 6 tid 106012
target_page_id id: 5 tid 106012
0 1 tid 106012
365 5 tid 106012
193 tid 106012
Remove  tid 106012
FindTargetPageId rootid 6 tid 106013
target_page_id id: 5 tid 106013
0 1 tid 106013
365 5 tid 106013
193 tid 106013
Insert  tid 106013
FindTargetPageId rootid 6 tid 106011
target_page_id id: 5 tid 106011
0 1 tid 106011
365 5 tid 106011
194 tid 106011
FindTargetPageId rootid 6 tid 106012
target_page_id id: 5 tid 106012
0 1 tid 106012
365 5 tid 106012
Insert  tid 106011
195 tid 106012
Remove  tid 106012
FindTargetPageId rootid 6 tid 106013
target_page_id id: 5 tid 106013
0 1 tid 106013
365 5 tid 106013
195 tid 106013
Insert  tid 106013
FindTargetPageId rootid 6 tid 106011
target_page_id id: 5 tid 106011
0 1 tid 106011
365 5 tid 106011
196 tid 106011
Insert  tid 106011
FindTargetPageId rootid 6 tid 106011
target_page_id id: 5 tid 106011
0 1 tid 106011
365 5 tid 106011
197 tid 106011
Insert  tid 106011
FindTargetPageId rootid 6 tid 106013
target_page_id id: 5 tid 106013
0 1 tid 106013
365 5 tid 106013
198 tid 106013
Insert  tid 106013
FindTargetPageId rootid 6 tid 106013
target_page_id id: 5 tid 106013
0 1 tid 106013
365 5 tid 106013
199 tid 106013
Insert  tid 106013
FindTargetPageId rootid 6 tid 106011
target_page_id id: 5 tid 106011
0 1 tid 106011
365 5 tid 106011
200 tid 106011
Insert  tid 106011
FindTargetPageId rootid 6 tid 106012
target_page_id id: 5 tid 106012
0 1 tid 106012
365 5 tid 106012
201 tid 106012
Remove  tid 106012
FindTargetPageId rootid 6 tid 106013
target_page_id id: 5 tid 106013
0 1 tid 106013
365 5 tid 106013
201 tid 106013
Insert  tid 106013
FindTargetPageId rootid 6 tid 106011
target_page_id id: 5 tid 106011
0 1 tid 106011
365 5 tid 106011
202 tid 106011
Insert  tid 106011
FindTargetPageId rootid 6 tid 106012
target_page_id id: 5 tid 106012
0 1 tid 106012
365 5 tid 106012
203 tid 106012
Remove  tid 106012
FindTargetPageId rootid 6 tid 106013
target_page_id id: 5 tid 106013
0 1 tid 106013
365 5 tid 106013
203 tid 106013
Insert  tid 106013
FindTargetPageId rootid 6 tid 106011
target_page_id id: 5 tid 106011
0 1 tid 106011
365 5 tid 106011
204 tid 106011
Insert  tid 106011
FindTargetPageId rootid 6 tid 106012
target_page_id id: 5 tid 106012
0 1 tid 106012
365 5 tid 106012
205 tid 106012
Remove  tid 106012
FindTargetPageId rootid 6 tid 106013
target_page_id id: 5 tid 106013
0 1 tid 106013
365 5 tid 106013
205 tid 106013
Insert  tid 106013
FindTargetPageId rootid 6 tid 106011
target_page_id id: 5 tid 106011
0 1 tid 106011
365 5 tid 106011
206 tid 106011
Insert  tid 106011
FindTargetPageId rootid 6 tid 106012
target_page_id id: 5 tid 106012
0 1 tid 106012
365 5 tid 106012
207 tid 106012
Remove  tid 106012
FindTargetPageId rootid 6 tid 106013
target_page_id id: 5 tid 106013
0 1 tid 106013
365 5 tid 106013
207 tid 106013
Insert  tid 106013
FindTargetPageId rootid 6 tid 106011
target_page_id id: 5 tid 106011
0 1 tid 106011
365 5 tid 106011
208 tid 106011
Insert  tid 106011
FindTargetPageId rootid 6 tid 106012
target_page_id id: 5 tid 106012
0 1 tid 106012
365 5 tid 106012
209 tid 106012
Remove  tid 106012
FindTargetPageId rootid 6 tid 106013
target_page_id id: 5 tid 106013
0 1 tid 106013
365 5 tid 106013
209 tid 106013
Insert  tid 106013
FindTargetPageId rootid 6 tid 106011
target_page_id id: 5 tid 106011
0 1 tid 106011
365 5 tid 106011
210 tid 106011
Insert  tid 106011
FindTargetPageId rootid 6 tid 106012
target_page_id id: 5 tid 106012
0 1 tid 106012
365 5 tid 106012
211 tid 106012
Remove  tid 106012
FindTargetPageId rootid 6 tid 106013
target_page_id id: 5 tid 106013
0 1 tid 106013
365 5 tid 106013
211 tid 106013
Insert  tid 106013
FindTargetPageId rootid 6 tid 106011
target_page_id id: 5 tid 106011
0 1 tid 106011
365 5 tid 106011
212 tid 106011
Insert  tid 106011
FindTargetPageId rootid 6 tid 106012
target_page_id id: 5 tid 106012
0 1 tid 106012
365 5 tid 106012
213 tid 106012
Remove  tid 106012
FindTargetPageId rootid 6 tid 106013
target_page_id id: 5 tid 106013
0 1 tid 106013
365 5 tid 106013
213 tid 106013
Insert  tid 106013
FindTargetPageId rootid 6 tid 106011
target_page_id id: 5 tid 106011
0 1 tid 106011
365 5 tid 106011
214 tid 106011
Insert  tid 106011
FindTargetPageId rootid 6 tid 106012
target_page_id id: 5 tid 106012
0 1 tid 106012
365 5 tid 106012
215 tid 106012
Remove  tid 106012
FindTargetPageId rootid 6 tid 106013
target_page_id id: 5 tid 106013
0 1 tid 106013
365 5 tid 106013
215 tid 106013
Insert  tid 106013
FindTargetPageId rootid 6 tid 106011
target_page_id id: 5 tid 106011
0 1 tid 106011
365 5 tid 106011
216 tid 106011
Insert  tid 106011
FindTargetPageId rootid 6 tid 106011
target_page_id id: 5 tid 106011
0 1 tid 106011
365 5 tid 106011
217 tid 106011
Insert  tid 106011
FindTargetPageId rootid 6 tid 106011
target_page_id id: 5 tid 106011
0 1 tid 106011
365 5 tid 106011
218 tid 106011
Insert  tid 106011
FindTargetPageId rootid 6 tid 106012
target_page_id id: 5 tid 106012
0 1 tid 106012
365 5 tid 106012
219 tid 106012
Remove  tid 106012
FindTargetPageId rootid 6 tid 106013
target_page_id id: 5 tid 106013
0 1 tid 106013
365 5 tid 106013
219 tid 106013
Insert  tid 106013
FindTargetPageId rootid 6 tid 106011
target_page_id id: 5 tid 106011
0 1 tid 106011
365 5 tid 106011
220 tid 106011
Insert  tid 106011
FindTargetPageId rootid 6 tid 106012
target_page_id id: 5 tid 106012
0 1 tid 106012
365 5 tid 106012
221 tid 106012
Remove  tid 106012
FindTargetPageId rootid 6 tid 106012
target_page_id id: 5 tid 106012
0 1 tid 106012
365 5 tid 106012
221 tid 106012
Remove  tid 106012
FindTargetPageId rootid 6 tid 106011
target_page_id id: 5 tid 106011
0 1 tid 106011
365 5 tid 106011
221 tid 106011
Insert  tid 106011
FindTargetPageId rootid 6 tid 106011
target_page_id id: 5 tid 106011
0 1 tid 106011
365 5 tid 106011
222 tid 106011
Insert  tid 106011
FindTargetPageId rootid 6 tid 106012
target_page_id id: 5 tid 106012
0 1 tid 106012
365 5 tid 106012
223 tid 106012
FindTargetPageId rootid 6 tid 106013
target_page_id id: 5 tid Remove 106013
0 1 tid 106013
365 5 tid 106013
223 tid 106013
 tid 106012
FindTargetPageId rootid 6 tid 106012
target_page_id id: 5 tid 106012
0 1 tid 106012
365 5 tid 106012
224 tid 106012
Remove  tid FindTargetPageId rootid 106012
6 tid 106011
Insert target_page_id id: 5 tid  tid 106011
0 1 tid 106011
365 5 tid 106011
106013
224 tid 106011
Insert  tid 106011
FindTargetPageId rootid 6 tid 106012
target_page_id id: 5 tid 106012
0 1 tid 106012
365 5 tid 106012
225 tid 106012
Remove  tid 106012
FindTargetPageId rootid 6 tid 106013
target_page_id id: 5 tid 106013
0 1 tid 106013
365 5 tid 106013
225 tid 106013
Insert  tid 106013
FindTargetPageId rootid 6 tid 106011
target_page_id id: 5 tid 106011
0 1 tid 106011
365 5 tid 106011
226 tid 106011
Insert  tid 106011
FindTargetPageId rootid 6 tid 106012
target_page_id id: 5 tid 106012
0 1 tid 106012
365 5 tid 106012
227 tid 106012
Remove  tid 106012
FindTargetPageId rootid 6 tid 106013
target_page_id id: 5 tid 106013
0 1 tid 106013
365 5 tid 106013
227 tid 106013
Insert  tid 106013
FindTargetPageId rootid 6 tid 106011
target_page_id id: 5 tid 106011
0 1 tid 106011
365 5 tid 106011
228 tid 106011
Insert  tid 106011
FindTargetPageId rootid 6 tid 106011
target_page_id id: 5 tid 106011
0 1 tid 106011
365 5 tid 106011
229 tid 106011
Insert  tid 106011
FindTargetPageId rootid 6 tid 106011
target_page_id id: 5 tid 106011
0 1 tid 106011
365 5 tid 106011
230 tid 106011
Insert  tid 106011
FindTargetPageId rootid 6 tid 106012
target_page_id id: 5 tid 106012
0 1 tid 106012
365 5 tid 106012
231 tid 106012
Remove  tid 106012
FindTargetPageId rootid 6 tid 106013
target_page_id id: 5 tid 106013
0 1 tid 106013
365 5 tid 106013
231 tid 106013
Insert  tid 106013
FindTargetPageId rootid 6 tid 106013
target_page_id id: 5 tid 106013
0 1 tid 106013
365 5 tid 106013
232 tid 106013
Insert  tid 106013
FindTargetPageId rootid 6 tid 106013
target_page_id id: 5 tid 106013
0 1 tid 106013
365 5 tid 106013
233 tid 106013
Insert  tid 106013
FindTargetPageId rootid 6 tid 106013
target_page_id id: 5 tid 106013
0 1 tid 106013
365 5 tid 106013
234 tid 106013
Insert  tid 106013
FindTargetPageId rootid 6 tid 106012
target_page_id id: 5 tid 106012
0 1 tid 106012
365 5 tid 106012
235 tid 106012
Remove  tid 106012
FindTargetPageId rootid 6 tid 106012
target_page_id id: 5 tid 106012
0 1 tid 106012
365 5 tid 106012
235 tid 106012
Remove  tid 106012
FindTargetPageId rootid 6 tid 106012
target_page_id id: 5 tid 106012
0 1 tid 106012
365 5 tid 106012
235 tid 106012
Remove  tid 106012
FindTargetPageId rootid 6 tid 106013
target_page_id id: 5 tid 106013
0 1 tid 106013
365 5 tid 106013
235 tid 106013
Insert  tid 106013
FindTargetPageId rootid 6 tid 106013
target_page_id id: 5 tid 106013
0 1 tid 106013
365 5 tid 106013
236 tid 106013
Insert  tid 106013
FindTargetPageId rootid 6 tid 106013
target_page_id id: 5 tid 106013
0 1 tid 106013
365 5 tid 106013
237 tid 106013
FindTargetPageId rootid 6 tid 106012
target_page_id id: 5 tid 106012
0 1 tid 106012
365 5 tid 106012
238 tid 106012
Remove  tid 106012
FindTargetPageId rootid 6 tid 106012
target_page_id id: 5 tid 106012
0 1 tid 106012
365 5 tid 106012
238 tid 106012
Remove  tid 106012
FindTargetPageId rootid 6 tid 106012
target_page_id id: 5 tid 106012
0 1 tid 106012
365 5 tid 106012
238 tid 106012
Insert  tid 106013
Remove  tid 106012
FindTargetPageId rootid 6 tid 106013
target_page_id id: 5 tid 106013
0 1 tid 106013
365 5 tid 106013
238 tid 106013
Insert  tid 106013
FindTargetPageId rootid 6 tid 106013
target_page_id id: 5 tid 106013
0 1 tid 106013
365 5 tid 106013
239 tid 106013
Insert  tid 106013
FindTargetPageId rootid 6 tid 106012
target_page_id id: 5 tid 106012
0 1 tid 106012
365 5 tid 106012
240 tid 106012
Remove  tid 106012
FindTargetPageId rootid 6 tid 106011
target_page_id id: 5 tid 106011
0 1 tid 106011
365 5 tid 106011
240 tid 106011
Insert  tid 106011
FindTargetPageId rootid 6 tid 106013
target_page_id id: 5 tid 106013
0 1 tid 106013
365 5 tid 106013
241 tid 106013
Insert  tid 106013
FindTargetPageId rootid 6 tid 106013
target_page_id id: 5 tid 106013
0 1 tid 106013
365 5 tid 106013
242 tid 106013
Insert  tid 106013
FindTargetPageId rootid 6 tid 106013
target_page_id id: 5 tid 106013
0 1 tid 106013
365 5 tid 106013
243 tid 106013
Insert  tid 106013
FindTargetPageId rootid 6 tid 106013
target_page_id id: 5 tid 106013
0 1 tid 106013
365 5 tid 106013
244 tid 106013
Insert  tid 106013
FindTargetPageId rootid 6 tid 106013
target_page_id id: 5 tid 106013
0 1 tid 106013
365 5 tid 106013
245 tid 106013
Insert  tid 106013
FindTargetPageId rootid 6 tid 106013
target_page_id id: 5 tid 106013
0 1 tid 106013
365 5 tid 106013
246 tid 106013
Insert  tid 106013
FindTargetPageId rootid 6 tid 106013
target_page_id id: 5 tid 106013
0 1 tid 106013
365 5 tid 106013
247 tid 106013
Insert  tid 106013
FindTargetPageId rootid 6 tid 106011
target_page_id id: 5 tid 106011
0 1 tid 106011
365 5 tid 106011
248 tid 106011
Insert  tid 106011
FindTargetPageId rootid 6 tid 106012
target_page_id id: 5 tid 106012
0 1 tid 106012
365 5 tid 106012
249 tid 106012
Remove  tid 106012
FindTargetPageId rootid 6 tid 106013
target_page_id id: 5 tid 106013
0 1 tid 106013
365 5 tid 106013
249 tid 106013
Insert  tid 106013
FindTargetPageId rootid 6 tid 106011
target_page_id id: 5 tid 106011
0 1 tid 106011
365 5 tid 106011
250 tid 106011
Insert  tid 106011
FindTargetPageId rootid 6 tid 106011
target_page_id id: 5 tid 106011
0 1 tid 106011
365 5 tid 106011
251 tid 106011
Insert  tid 106011
FindTargetPageId rootid 6 tid 106013
target_page_id id: 5 tid 106013
0 1 tid 106013
365 5 tid 106013
252 tid 106013
Insert  tid 106013
FindTargetPageId rootid 6 tid 106013
target_page_id id: 5 tid 106013
0 1 tid 106013
365 5 tid 106013
253 tid 106013
Insert  tid 106013
FindTargetPageId rootid 6 tid 106013
target_page_id id: 5 tid 106013
0 1 tid 106013
365 5 tid 106013
254 tid 106013
Insert  tid 106013
FindTargetPageId rootid 6 tid 106012
target_page_id id: 7 tid 106012
0 1 tid 106012
365 5 tid 106012
545 7 tid 106012
128 tid 106012
Remove  tid 106012
FindTargetPageId rootid 6 tid 106011
target_page_id id: 5 tid 106011
0 1 tid 106011
365 5 tid 106011
545 7 tid 106011
127 tid 106011
FindTargetPageId rootid 6 tid 106013
target_page_id id: 7 tid 106013
0 1 tid 106013
365 5 tid 106013
545 7 tid 106013Insert  tid 106011

128 tid 106013
Insert  tid 106013
FindTargetPageId rootid 6 tid 106012
target_page_id id: 7 tid 106012
0 1 tid 106012
365 5 tid 106012
545 7 tid 106012
129 tid 106012
Remove  tid 106012
FindTargetPageId rootid 6 tid 106011
target_page_id id: 5 tid 106011
0 1 tid 106011
365 5 tid 106011
545 7 tid 106011
128 tid 106011
Insert  tid 106011
FindTargetPageId rootid 6 tid 106013
target_page_id id: 7 tid 106013
0 1 tid 106013
365 5 tid 106013
545 7 tid 106013
129 tid 106013
Insert  tid 106013
FindTargetPageId rootid 6 tid 106013
target_page_id id: 7 tid 106013
0 1 tid 106013
365 5 tid 106013
545 7 tid 106013
130 tid 106013
Insert  tid 106013
FindTargetPageId rootid 6 tid 106013
target_page_id id: 7 tid 106013
0 1 tid 106013
365 5 tid 106013
545 7 tid 106013
131 tid 106013
Insert  tid 106013
FindTargetPageId rootid 6 tid 106013
target_page_id id: 7 tid 106013
0 1 tid 106013
365 5 tid 106013
545 7 tid 106013
132 tid 106013
Insert  tid 106013
FindTargetPageId rootid 6 tid 106013
target_page_id id: 7 tid 106013
0 1 tid 106013
365 5 tid 106013
545 7 tid 106013
133 tid 106013
Insert  tid 106013
FindTargetPageId rootid 6 tid 106013
target_page_id id: 7 tid 106013
0 1 tid 106013
365 5 tid 106013
545 7 tid 106013
134 tid 106013
Insert  tid 106013
FindTargetPageId rootid 6 tid 106013
target_page_id id: 7 tid 106013
0 1 tid 106013
365 5 tid 106013
545 7 tid 106013
135 tid 106013
Insert  tid 106013
FindTargetPageId rootid 6 tid 106013
target_page_id id: 7 tid 106013
0 1 tid 106013
365 5 tid 106013
545 7 tid 106013
136 tid 106013
Insert  tid 106013
FindTargetPageId rootid 6 tid 106013
target_page_id id: 7 tid 106013
0 1 tid 106013
365 5 tid 106013
545 7 tid 106013
137 tid 106013
Insert  tid 106013
FindTargetPageId rootid 6 tid 106013
target_page_id id: 7 tid 106013
0 1 tid 106013
365 5 tid 106013
545 7 tid 106013
138 tid 106013
Insert  tid 106013
FindTargetPageId rootid 6 tid 106013
target_page_id id: 7 tid 106013
0 1 tid 106013
365 5 tid 106013
545 7 tid 106013
139 tid 106013
Insert  tid 106013
FindTargetPageId rootid 6 tid 106011
target_page_id id: 5 tid 106011
0 1 tid 106011
365 5 tid 106011
545 7 tid 106011
129 tid 106011
Insert  tid 106011
FindTargetPageId rootid 6 tid 106011
target_page_id id: 5 tid 106011
0 1 tid 106011
365 5 tid 106011
545 7 tid 106011
130 tid 106011
Insert  tid 106011
FindTargetPageId rootid 6 tid 106011
target_page_id id: 5 tid 106011
0 1 tid 106011
365 5 tid 106011
545 7 tid 106011
131 tid 106011
Insert  tid 106011
FindTargetPageId rootid 6 tid 106011
target_page_id id: 5 tid 106011
0 1 tid 106011
365 5 tid 106011
545 7 tid 106011
132 tid 106011
Insert  tid 106011
FindTargetPageId rootid 6 tid 106011
target_page_id id: 5 tid 106011
0 1 tid 106011
365 5 tid 106011
545 7 tid 106011
133 tid 106011
Insert  tid 106011
FindTargetPageId rootid 6 tid 106011
target_page_id id: 5 tid 106011
0 1 tid 106011
365 5 tid 106011
545 7 tid 106011
134 tid 106011
Insert  tid 106011
FindTargetPageId rootid 6 tid 106011
target_page_id id: 5 tid 106011
0 1 tid 106011
365 5 tid 106011
545 7 tid 106011
135 tid 106011
Insert  tid 106011
FindTargetPageId rootid 6 tid 106011
target_page_id id: 5 tid 106011
0 1 tid 106011
365 5 tid 106011
545 7 tid 106011
136 tid 106011
Insert  tid 106011
FindTargetPageId rootid 6 tid 106011
target_page_id id: 5 tid 106011
0 1 tid 106011
365 5 tid 106011
545 7 tid 106011
137 tid 106011
Insert  tid 106011
FindTargetPageId rootid 6 tid 106013
target_page_id id: 7 tid 106013
0 1 tid 106013
365 5 tid 106013
545 7 tid 106013
140 tid 106013
Insert  tid 106013
FindTargetPageId rootid 6 tid 106013
target_page_id id: 7 tid 106013
0 1 tid 106013
365 5 tid 106013
545 7 tid 106013
141 tid 106013
Insert  tid 106013
FindTargetPageId rootid 6 tid 106011
target_page_id id: 5 tid 106011
0 1 tid 106011
365 5 tid 106011
545 7 tid 106011
138 tid 106011
Insert  tid 106011
FindTargetPageId rootid 6 tid 106012
target_page_id id: 7 tid 106012
0 1 tid 106012
365 5 tid 106012
545 7 tid 106012
142 tid 106012
Remove  tid 106012
FindTargetPageId rootid 6 tid 106012
target_page_id id: 7 tid 106012
0 1 tid 106012
365 5 tid 106012
545 7 tid 106012
142 tid 106012
Remove  tid 106012
FindTargetPageId rootid 6 tid 106012
target_page_id id: 7 tid 106012
0 1 tid 106012
365 5 tid 106012
545 7 tid 106012
142 tid 106012
Remove  tid 106012
FindTargetPageId rootid 6 tid 106012
target_page_id id: 7 tid 106012
0 1 tid 106012
365 5 tid 106012
545 7 tid 106012
142 tid 106012
Remove  tid 106012
FindTargetPageId rootid 6 tid 106012
target_page_id id: 7 tid 106012
0 1 tid 106012
365 5 tid 106012
545 7 tid 106012
142 tid 106012
Remove  tid 106012
FindTargetPageId rootid 6 tid 106012
target_page_id id: 7 tid 106012
0 1 tid 106012
365 5 tid 106012
545 7 tid 106012
142 tid 106012
Remove  tid 106012
FindTargetPageId rootid 6 tid 106013
target_page_id id: 7 tid 106013
0 1 tid 106013
365 5 tid 106013
545 7 tid 106013
142 tid 106013
FindTargetPageId rootid 6 tid 106011
target_page_id id: 5 tid 106011
0 1 tid 106011
365 5 tid 106011
545 7 tid 106011
139 tid 106011
Insert  tid 106013
FindTargetPageId rootid 6 tid 106013
target_page_id id: 7 tid 106013
0 1 tid 106013
365 5 tid 106013
545 7 tid 106013
143 tid 106013
Insert  tid 106013
FindTargetPageId rootid 6 tid 106013
target_page_id id: 7 tid 106013
0 1 tid 106013
365 5 tid 106013
545 7 tid 106013
144 tid 106013
Insert  tid 106013
FindTargetPageId rootid 6 tid 106013
target_page_id id: 7 tid 106013
0 1 tid 106013
365 5 tid 106013
545 7 tid 106013
145 tid 106013
Insert  tid 106013
FindTargetPageId rootid 6 tid 106013
target_page_id id: 7 tid 106013
0 1 tid 106013
365 5 tid 106013
545 7 tid 106013
146 tid 106013
Insert  tid 106011
Insert  tid 106013
FindTargetPageId rootid 6 tid 106011
target_page_id id: 5 tid 106011
0 1 tid 106011
365 5 tid 106011
545 7 tid 106011
140 tid 106011
Insert  tid 106011
FindTargetPageId rootid 6 tid 106011
target_page_id id: 5 tid 106011
0 1 tid 106011
365 5 tid 106011
545 7 tid 106011
141 tid 106011
Insert  tid 106011
FindTargetPageId rootid 6 tid 106011
target_page_id id: 5 tid 106011
0 1 tid 106011
365 5 tid 106011
545 7 tid 106011
141 tid 106011
Insert  tid 106011
FindTargetPageId rootid 6 tid 106011
target_page_id id: 5 tid 106011
0 1 tid 106011
365 5 tid 106011
545 7 tid 106011
141 tid 106011
Insert  tid 106011
FindTargetPageId rootid 6 tid 106011
target_page_id id: 5 tid 106011
0 1 tid 106011
365 5 tid 106011
545 7 tid 106011
141 tid 106011
Insert  tid 106011
FindTargetPageId rootid 6 tid 106011
target_page_id id: 5 tid 106011
0 1 tid 106011
365 5 tid 106011
545 7 tid 106011
141 tid 106011
Insert  tid 106011
FindTargetPageId rootid 6 tid 106011
target_page_id id: 5 tid 106011
0 1 tid 106011
365 5 tid 106011
545 7 tid 106011
141 tid 106011
Insert  tid 106011
FindTargetPageId rootid 6 tid 106013
target_page_id id: 7 tid 106013
0 1 tid 106013
365 5 tid 106013
545 7 tid 106013
147 tid 106013
Insert  tid 106013
FindTargetPageId rootid 6 tid 106013
target_page_id id: 7 tid 106013
0 1 tid 106013
365 5 tid 106013
545 7 tid 106013
148 tid 106013
Insert  tid 106013
FindTargetPageId rootid 6 tid 106011
target_page_id id: 5 tid 106011
0 1 tid 106011
365 5 tid 106011
545 7 tid 106011
141 tid 106011
Insert  tid 106011
FindTargetPageId rootid 6 tid 106011
target_page_id id: 5 tid 106011
0 1 tid 106011
365 5 tid 106011
545 7 tid 106011
141 tid 106011
Insert  tid 106011
FindTargetPageId rootid 6 tid 106011
target_page_id id: 5 tid 106011
0 1 tid 106011
365 5 tid 106011
545 7 tid 106011
141 tid 106011
Insert  tid 106011
FindTargetPageId rootid 6 tid 106012
target_page_id id: 7 tid 106012
0 1 tid 106012
365 5 tid 106012
545 7 tid 106012
149 tid 106012
Remove  tid 106012
FindTargetPageId rootid 6 tid 106012
target_page_id id: 7 tid 106012
0 1 tid 106012
365 5 tid 106012
545 7 tid 106012
149 tid 106012
Remove  tid 106012
FindTargetPageId rootid 6 tid 106012
target_page_id id: 7 tid 106012
0 1 tid 106012
365 5 tid 106012
545 7 tid 106012
149 tid 106012
Remove  tid 106012
FindTargetPageId rootid 6 tid 106012
target_page_id id: 7 tid 106012
0 1 tid 106012
365 5 tid 106012
545 7 tid 106012
149 tid 106012
Remove  tid 106012
FindTargetPageId rootid 6 tid 106012
target_page_id id: 7 tid 106012
0 1 tid 106012
365 5 tid 106012
545 7 tid 106012
149 tid 106012
Remove  tid 106012
FindTargetPageId rootid 6 tid 106012
target_page_id id: 7 tid 106012
0 1 tid 106012
365 5 tid 106012
545 7 tid 106012
149 tid 106012
Remove  tid 106012
FindTargetPageId rootid 6 tid 106012
target_page_id id: 7 tid 106012
0 1 tid 106012
365 5 tid 106012
545 7 tid 106012
149 tid 106012
Remove  tid 106012
FindTargetPageId rootid 6 tid 106012
target_page_id id: 7 tid 106012
0 1 tid 106012
365 5 tid 106012
545 7 tid 106012
149 tid 106012
Remove  tid 106012
FindTargetPageId rootid 6 tid 106012
target_page_id id: 7 tid 106012
0 1 tid 106012
365 5 tid 106012
545 7 tid 106012
149 tid 106012
Remove  tid 106012
FindTargetPageId rootid 6 tid 106012
target_page_id id: 7 tid 106012
0 1 tid 106012
365 5 tid 106012
545 7 tid 106012
149 tid 106012
Remove  tid 106012
FindTargetPageId rootid 6 tid 106012
target_page_id id: 7 tid 106012
0 1 tid 106012
365 5 tid 106012
545 7 tid 106012
149 tid 106012
Remove  tid 106012
FindTargetPageId rootid 6 tid 106012
target_page_id id: 7 tid 106012
0 1 tid 106012
365 5 tid 106012
545 7 tid 106012
149 tid 106012
Remove  tid 106012
FindTargetPageId rootid 6 tid 106012
target_page_id id: 7 tid 106012
0 1 tid 106012
365 5 tid 106012
545 7 tid 106012
149 tid 106012
Remove  tid 106012
FindTargetPageId rootid 6 tid 106012
target_page_id id: 7 tid 106012
0 1 tid 106012
365 5 tid 106012
545 7 tid 106012
149 tid 106012
Remove  tid 106012
FindTargetPageId rootid 6 tid 106012
target_page_id id: 7 tid 106012
0 1 tid 106012
365 5 tid 106012
545 7 tid 106012
149 tid 106012
Remove  tid 106012
FindTargetPageId rootid 6 tid 106012
target_page_id id: 7 tid 106012
0 1 tid 106012
365 5 tid 106012
545 7 tid 106012
149 tid 106012
Remove  tid 106012
FindTargetPageId rootid 6 tid 106012
target_page_id id: 7 tid 106012
0 1 tid 106012
365 5 tid 106012
545 7 tid 106012
149 tid 106012
Remove  tid 106012
FindTargetPageId rootid 6 tid 106012
target_page_id id: 7 tid 106012
0 1 tid 106012
365 5 tid 106012
545 7 tid 106012
149 tid 106012
Remove  tid 106012
FindTargetPageId rootid 6 tid 106012
target_page_id id: 7 tid 106012
0 1 tid 106012
365 5 tid 106012
545 7 tid 106012
149 tid 106012
Remove  tid 106012
FindTargetPageId rootid 6 tid 106012
target_page_id id: 7 tid 106012
0 1 tid 106012
365 5 tid 106012
545 7 tid 106012
149 tid 106012
Remove  tid 106012
FindTargetPageId rootid 6 tid 106012
target_page_id id: 7 tid 106012
0 1 tid 106012
365 5 tid 106012
545 7 tid 106012
149 tid 106012
Remove  tid 106012
FindTargetPageId rootid 6 tid 106012
target_page_id id: 7 tid 106012
0 1 tid 106012
365 5 tid 106012
545 7 tid 106012
149 tid 106012
Remove  tid 106012
FindTargetPageId rootid 6 tid 106012
target_page_id id: 7 tid 106012
0 1 tid 106012
365 5 tid 106012
545 7 tid 106012
149 tid 106012
Remove  tid 106012
FindTargetPageId rootid 6 tid 106012
target_page_id id: 7 tid 106012
0 1 tid 106012
365 5 tid 106012
545 7 tid 106012
149 tid 106012
Remove  tid 106012
FindTargetPageId rootid 6 tid 106012
target_page_id id: 7 tid 106012
0 1 tid 106012
365 5 tid 106012
545 7 tid 106012
149 tid 106012
Remove  tid 106012
FindTargetPageId rootid 6 tid 106012
target_page_id id: 7 tid 106012
0 1 tid 106012
365 5 tid 106012
545 7 tid 106012
149 tid 106012
Remove  tid 106012
FindTargetPageId rootid 6 tid 106012
target_page_id id: 7 tid 106012
0 1 tid 106012
365 5 tid 106012
545 7 tid 106012
149 tid 106012
Remove  tid 106012
FindTargetPageId rootid 6 tid 106012
target_page_id id: 7 tid 106012
0 1 tid 106012
365 5 tid 106012
545 7 tid 106012
149 tid 106012
Remove  tid 106012
FindTargetPageId rootid 6 tid 106012
target_page_id id: 7 tid 106012
0 1 tid 106012
365 5 tid 106012
545 7 tid 106012
149 tid 106012
Remove  tid 106012
FindTargetPageId rootid 6 tid 106012
target_page_id id: 7 tid 106012
0 1 tid 106012
365 5 tid 106012
545 7 tid 106012
149 tid 106012
Remove  tid 106012
FindTargetPageId rootid 6 tid 106012
target_page_id id: 7 tid 106012
0 1 tid 106012
365 5 tid 106012
545 7 tid 106012
149 tid 106012
Remove  tid 106012
FindTargetPageId rootid 6 tid 106012
target_page_id id: 7 tid 106012
0 1 tid 106012
365 5 tid 106012
545 7 tid 106012
149 tid 106012
Remove  tid 106012
FindTargetPageId rootid 6 tid 106012
target_page_id id: 7 tid 106012
0 1 tid 106012
365 5 tid 106012
545 7 tid 106012
149 tid 106012
Remove  tid 106012
FindTargetPageId rootid 6 tid 106012
target_page_id id: 7 tid 106012
0 1 tid 106012
365 5 tid 106012
545 7 tid 106012
149 tid 106012
Remove  tid 106012
FindTargetPageId rootid 6 tid 106012
target_page_id id: 7 tid 106012
0 1 tid 106012
365 5 tid 106012
545 7 tid 106012
149 tid 106012
Remove  tid 106012
FindTargetPageId rootid 6 tid 106012
target_page_id id: 7 tid 106012
0 1 tid 106012
365 5 tid 106012
545 7 tid 106012
149 tid 106012
Remove  tid 106012
FindTargetPageId rootid 6 tid 106012
target_page_id id: 7 tid 106012
0 1 tid 106012
365 5 tid 106012
545 7 tid 106012
149 tid 106012
Remove  tid 106012
FindTargetPageId rootid 6 tid 106012
target_page_id id: 7 tid 106012
0 1 tid 106012
365 5 tid 106012
545 7 tid 106012
149 tid 106012
Remove  tid 106012
FindTargetPageId rootid 6 tid 106012
target_page_id id: 7 tid 106012
0 1 tid 106012
365 5 tid 106012
545 7 tid 106012
149 tid 106012
Remove  tid 106012
FindTargetPageId rootid 6 tid 106012
target_page_id id: 7 tid 106012
0 1 tid 106012
365 5 tid 106012
545 7 tid 106012
149 tid 106012
Remove  tid 106012
FindTargetPageId rootid 6 tid 106012
target_page_id id: 7 tid 106012
0 1 tid 106012
365 5 tid 106012
545 7 tid 106012
149 tid 106012
Remove  tid 106012
FindTargetPageId rootid 6 tid 106012
target_page_id id: 7 tid 106012
0 1 tid 106012
365 5 tid 106012
545 7 tid 106012
149 tid 106012
Remove  tid 106012
FindTargetPageId rootid 6 tid 106012
target_page_id id: 7 tid 106012
0 1 tid 106012
365 5 tid 106012
545 7 tid 106012
149 tid 106012
Remove  tid 106012
FindTargetPageId rootid 6 tid 106012
target_page_id id: 7 tid 106012
0 1 tid 106012
365 5 tid 106012
545 7 tid 106012
149 tid 106012
Remove  tid 106012
FindTargetPageId rootid 6 tid 106012
target_page_id id: 7 tid 106012
0 1 tid 106012
365 5 tid 106012
545 7 tid 106012
149 tid 106012
Remove  tid 106012
FindTargetPageId rootid 6 tid 106012
target_page_id id: 7 tid 106012
0 1 tid 106012
365 5 tid 106012
545 7 tid 106012
149 tid 106012
Remove  tid 106012
FindTargetPageId rootid 6 tid 106012
target_page_id id: 7 tid 106012
0 1 tid 106012
365 5 tid 106012
545 7 tid 106012
149 tid 106012
Remove  tid 106012
FindTargetPageId rootid 6 tid 106012
target_page_id id: 7 tid 106012
0 1 tid 106012
365 5 tid 106012
545 7 tid 106012
149 tid 106012
Remove  tid 106012
FindTargetPageId rootid 6 tid 106012
target_page_id id: 7 tid 106012
0 1 tid 106012
365 5 tid 106012
545 7 tid 106012
149 tid 106012
Remove  tid 106012
FindTargetPageId rootid 6 tid 106012
target_page_id id: 7 tid 106012
0 1 tid 106012
365 5 tid 106012
545 7 tid 106012
149 tid 106012
Remove  tid 106012
FindTargetPageId rootid 6 tid 106012
target_page_id id: 7 tid 106012
0 1 tid 106012
365 5 tid 106012
545 7 tid 106012
149 tid 106012
Remove  tid 106012
FindTargetPageId rootid 6 tid 106012
target_page_id id: 7 tid 106012
0 1 tid 106012
365 5 tid 106012
545 7 tid 106012
149 tid 106012
Remove  tid 106012
FindTargetPageId rootid 6 tid 106012
target_page_id id: 7 tid 106012
0 1 tid 106012
365 5 tid 106012
545 7 tid 106012
149 tid 106012
Remove  tid 106012
FindTargetPageId rootid 6 tid 106012
target_page_id id: 7 tid 106012
0 1 tid 106012
365 5 tid 106012
545 7 tid 106012
149 tid 106012
Remove  tid 106012
FindTargetPageId rootid 6 tid 106012
target_page_id id: 7 tid 106012
0 1 tid 106012
365 5 tid 106012
545 7 tid 106012
149 tid 106012
Remove  tid 106012
FindTargetPageId rootid 6 tid 106012
target_page_id id: 7 tid 106012
0 1 tid 106012
365 5 tid 106012
545 7 tid 106012
149 tid 106012
Remove  tid 106012
FindTargetPageId rootid 6 tid 106012
target_page_id id: 7 tid 106012
0 1 tid 106012
365 5 tid 106012
545 7 tid 106012
149 tid 106012
Remove  tid 106012
FindTargetPageId rootid 6 tid 106012
target_page_id id: 7 tid 106012
0 1 tid 106012
365 5 tid 106012
545 7 tid 106012
149 tid 106012
Remove  tid 106012
FindTargetPageId rootid 6 tid 106012
target_page_id id: 7 tid 106012
0 1 tid 106012
365 5 tid 106012
545 7 tid 106012
149 tid 106012
Remove  tid 106012
FindTargetPageId rootid 6 tid 106012
target_page_id id: 7 tid 106012
0 1 tid 106012
365 5 tid 106012
545 7 tid 106012
149 tid 106012
Remove  tid 106012
FindTargetPageId rootid 6 tid 106012
target_page_id id: 7 tid 106012
0 1 tid 106012
365 5 tid 106012
545 7 tid 106012
149 tid 106012
Remove  tid 106012
FindTargetPageId rootid 6 tid 106012
target_page_id id: 7 tid 106012
0 1 tid 106012
365 5 tid 106012
545 7 tid 106012
149 tid 106012
Remove  tid 106012
FindTargetPageId rootid 6 tid 106012
target_page_id id: 7 tid 106012
0 1 tid 106012
365 5 tid 106012
545 7 tid 106012
149 tid 106012
Remove  tid 106012
FindTargetPageId rootid 6 tid 106012
target_page_id id: 7 tid 106012
0 1 tid 106012
365 5 tid 106012
545 7 tid 106012
149 tid 106012
Remove  tid 106012
FindTargetPageId rootid 6 tid 106012
target_page_id id: 7 tid 106012
0 1 tid 106012
365 5 tid 106012
545 7 tid 106012
149 tid 106012
Remove  tid 106012
FindTargetPageId rootid 6 tid 106012
target_page_id id: 7 tid 106012
0 1 tid 106012
365 5 tid 106012
545 7 tid 106012
149 tid 106012
Remove  tid 106012
FindTargetPageId rootid 6 tid 106012
target_page_id id: 7 tid 106012
0 1 tid 106012
365 5 tid 106012
545 7 tid 106012
149 tid 106012
Remove  tid 106012
FindTargetPageId rootid 6 tid 106012
target_page_id id: 7 tid 106012
0 1 tid 106012
365 5 tid 106012
545 7 tid 106012
149 tid 106012
Remove  tid 106012
FindTargetPageId rootid 6 tid 106012
target_page_id id: 7 tid 106012
0 1 tid 106012
365 5 tid 106012
545 7 tid 106012
149 tid 106012
Remove  tid 106012
FindTargetPageId rootid 6 tid 106012
target_page_id id: 7 tid 106012
0 1 tid 106012
365 5 tid 106012
545 7 tid 106012
149 tid 106012
Remove  tid 106012
FindTargetPageId rootid 6 tid 106012
target_page_id id: 7 tid 106012
0 1 tid 106012
365 5 tid 106012
545 7 tid 106012
149 tid 106012
Remove  tid 106012
FindTargetPageId rootid 6 tid 106012
target_page_id id: 7 tid 106012
0 1 tid 106012
365 5 tid 106012
545 7 tid 106012
149 tid 106012
Remove  tid 106012
FindTargetPageId rootid 6 tid 106012
target_page_id id: 7 tid 106012
0 1 tid 106012
365 5 tid 106012
545 7 tid 106012
149 tid 106012
Remove  tid 106012
FindTargetPageId rootid 6 tid 106012
target_page_id id: 7 tid 106012
0 1 tid 106012
365 5 tid 106012
545 7 tid 106012
149 tid 106012
Remove  tid 106012
FindTargetPageId rootid 6 tid 106012
target_page_id id: 7 tid 106012
0 1 tid 106012
365 5 tid 106012
545 7 tid 106012
149 tid 106012
Remove  tid 106012
FindTargetPageId rootid 6 tid 106012
target_page_id id: 7 tid 106012
0 1 tid 106012
365 5 tid 106012
545 7 tid 106012
149 tid 106012
Remove  tid 106012
FindTargetPageId rootid 6 tid 106012
target_page_id id: 7 tid 106012
0 1 tid 106012
365 5 tid 106012
545 7 tid 106012
149 tid 106012
Remove  tid 106012
FindTargetPageId rootid 6 tid 106012
target_page_id id: 7 tid 106012
0 1 tid 106012
365 5 tid 106012
545 7 tid 106012
149 tid 106012
Remove  tid 106012
FindTargetPageId rootid 6 tid 106012
target_page_id id: 7 tid 106012
0 1 tid 106012
365 5 tid 106012
545 7 tid 106012
149 tid 106012
Remove  tid 106012
FindTargetPageId rootid 6 tid 106012
target_page_id id: 7 tid 106012
0 1 tid 106012
365 5 tid 106012
545 7 tid 106012
149 tid 106012
Remove  tid 106012
FindTargetPageId rootid 6 tid 106012
target_page_id id: 7 tid 106012
0 1 tid 106012
365 5 tid 106012
545 7 tid 106012
149 tid 106012
Remove  tid 106012
FindTargetPageId rootid 6 tid 106012
target_page_id id: 7 tid 106012
0 1 tid 106012
365 5 tid 106012
545 7 tid 106012
149 tid 106012
Remove  tid 106012
FindTargetPageId rootid 6 tid 106012
target_page_id id: 7 tid 106012
0 1 tid 106012
365 5 tid 106012
545 7 tid 106012
149 tid 106012
Remove  tid 106012
FindTargetPageId rootid 6 tid 106012
target_page_id id: 7 tid 106012
0 1 tid 106012
365 5 tid 106012
545 7 tid 106012
149 tid 106012
Remove  tid 106012
FindTargetPageId rootid 6 tid 106012
target_page_id id: 7 tid 106012
0 1 tid 106012
365 5 tid 106012
545 7 tid 106012
149 tid 106012
Remove  tid 106012
FindTargetPageId rootid 6 tid 106012
target_page_id id: 7 tid 106012
0 1 tid 106012
365 5 tid 106012
545 7 tid 106012
149 tid 106012
Remove  tid 106012
FindTargetPageId rootid 6 tid 106012
target_page_id id: 7 tid 106012
0 1 tid 106012
365 5 tid 106012
545 7 tid 106012
149 tid 106012
Remove  tid 106012
FindTargetPageId rootid 6 tid 106012
target_page_id id: 7 tid 106012
0 1 tid 106012
365 5 tid 106012
545 7 tid 106012
149 tid 106012
Remove  tid 106012
FindTargetPageId rootid 6 tid 106012
target_page_id id: 7 tid 106012
0 1 tid 106012
365 5 tid 106012
545 7 tid 106012
149 tid 106012
Remove  tid 106012
FindTargetPageId rootid 6 tid 106012
target_page_id id: 7 tid 106012
0 1 tid 106012
365 5 tid 106012
545 7 tid 106012
149 tid 106012
Remove  tid 106012
FindTargetPageId rootid 6 tid 106012
target_page_id id: 7 tid 106012
0 1 tid 106012
365 5 tid 106012
545 7 tid 106012
149 tid 106012
Remove  tid 106012
FindTargetPageId rootid 6 tid 106012
target_page_id id: 7 tid 106012
0 1 tid 106012
365 5 tid 106012
545 7 tid 106012
149 tid 106012
Remove  tid 106012
FindTargetPageId rootid 6 tid 106012
target_page_id id: 7 tid 106012
0 1 tid 106012
365 5 tid 106012
545 7 tid 106012
149 tid 106012
Remove  tid 106012
FindTargetPageId rootid 6 tid 106012
target_page_id id: 7 tid 106012
0 1 tid 106012
365 5 tid 106012
545 7 tid 106012
149 tid 106012
Remove  tid 106012
FindTargetPageId rootid 6 tid 106012
target_page_id id: 7 tid 106012
0 1 tid 106012
365 5 tid 106012
545 7 tid 106012
149 tid 106012
Remove  tid 106012
FindTargetPageId rootid 6 tid 106012
target_page_id id: 7 tid 106012
0 1 tid 106012
365 5 tid 106012
545 7 tid 106012
149 tid 106012
Remove  tid 106012
FindTargetPageId rootid 6 tid 106012
target_page_id id: 7 tid 106012
0 1 tid 106012
365 5 tid 106012
545 7 tid 106012
149 tid 106012
Remove  tid 106012
FindTargetPageId rootid 6 tid 106012
target_page_id id: 7 tid 106012
0 1 tid 106012
365 5 tid 106012
545 7 tid 106012
149 tid 106012
Remove  tid 106012
FindTargetPageId rootid 6 tid 106012
target_page_id id: 7 tid 106012
0 1 tid 106012
365 5 tid 106012
545 7 tid 106012
149 tid 106012
Remove  tid 106012
FindTargetPageId rootid 6 tid 106012
target_page_id id: 7 tid 106012
0 1 tid 106012
365 5 tid 106012
545 7 tid 106012
149 tid 106012
Remove  tid 106012
FindTargetPageId rootid 6 tid 106012
target_page_id id: 7 tid 106012
0 1 tid 106012
365 5 tid 106012
545 7 tid 106012
149 tid 106012
Remove  tid 106012
FindTargetPageId rootid 6 tid 106012
target_page_id id: 7 tid 106012
0 1 tid 106012
365 5 tid 106012
545 7 tid 106012
149 tid 106012
Remove  tid 106012
FindTargetPageId rootid 6 tid 106012
target_page_id id: 7 tid 106012
0 1 tid 106012
365 5 tid 106012
545 7 tid 106012
149 tid 106012
Remove  tid 106012
FindTargetPageId rootid 6 tid 106012
target_page_id id: 7 tid 106012
0 1 tid 106012
365 5 tid 106012
545 7 tid 106012
149 tid 106012
Remove  tid 106012
FindTargetPageId rootid 6 tid 106012
target_page_id id: 7 tid 106012
0 1 tid 106012
365 5 tid 106012
545 7 tid 106012
149 tid 106012
Remove  tid 106012
FindTargetPageId rootid 6 tid 106012
target_page_id id: 7 tid 106012
0 1 tid 106012
365 5 tid 106012
545 7 tid 106012
149 tid 106012
Remove  tid 106012
FindTargetPageId rootid 6 tid 106012
target_page_id id: 7 tid 106012
0 1 tid 106012
365 5 tid 106012
545 7 tid 106012
149 tid 106012
Remove  tid 106012
FindTargetPageId rootid 6 tid 106012
target_page_id id: 7 tid 106012
0 1 tid 106012
365 5 tid 106012
545 7 tid 106012
149 tid 106012
Remove  tid 106012
FindTargetPageId rootid 6 tid 106012
target_page_id id: 7 tid 106012
0 1 tid 106012
365 5 tid 106012
545 7 tid 106012
149 tid 106012
Remove  tid 106012
FindTargetPageId rootid 6 tid 106012
target_page_id id: 7 tid 106012
0 1 tid 106012
365 5 tid 106012
545 7 tid 106012
149 tid 106012
Remove  tid 106012
FindTargetPageId rootid 6 tid 106012
target_page_id id: 7 tid 106012
0 1 tid 106012
365 5 tid 106012
545 7 tid 106012
149 tid 106012
Remove  tid 106012
FindTargetPageId rootid 6 tid 106012
target_page_id id: 7 tid 106012
0 1 tid 106012
365 5 tid 106012
545 7 tid 106012
149 tid 106012
Remove  tid 106012
FindTargetPageId rootid 6 tid 106012
target_page_id id: 7 tid 106012
0 1 tid 106012
365 5 tid 106012
545 7 tid 106012
149 tid 106012
Remove  tid 106012
FindTargetPageId rootid 6 tid 106012
target_page_id id: 7 tid 106012
0 1 tid 106012
365 5 tid 106012
545 7 tid 106012
149 tid 106012
Remove  tid 106012
FindTargetPageId rootid 6 tid 106012
target_page_id id: 7 tid 106012
0 1 tid 106012
365 5 tid 106012
545 7 tid 106012
149 tid 106012
Remove  tid 106012
FindTargetPageId rootid 6 tid 106012
target_page_id id: 7 tid 106012
0 1 tid 106012
365 5 tid 106012
545 7 tid 106012
149 tid 106012
Remove  tid 106012
FindTargetPageId rootid 6 tid 106012
target_page_id id: 7 tid 106012
0 1 tid 106012
365 5 tid 106012
545 7 tid 106012
149 tid 106012
Remove  tid 106012
FindTargetPageId rootid 6 tid 106012
target_page_id id: 7 tid 106012
0 1 tid 106012
365 5 tid 106012
545 7 tid 106012
149 tid 106012
Remove  tid 106012
FindTargetPageId rootid 6 tid 106012
target_page_id id: 7 tid 106012
0 1 tid 106012
365 5 tid 106012
545 7 tid 106012
149 tid 106012
Remove  tid 106012
FindTargetPageId rootid 6 tid 106012
target_page_id id: 7 tid 106012
0 1 tid 106012
365 5 tid 106012
545 7 tid 106012
149 tid 106012
Remove  tid 106012
FindTargetPageId rootid 6 tid 106012
target_page_id id: 7 tid 106012
0 1 tid 106012
365 5 tid 106012
545 7 tid 106012
149 tid 106012
Remove  tid 106012
FindTargetPageId rootid 6 tid 106012
target_page_id id: 7 tid 106012
0 1 tid 106012
365 5 tid 106012
545 7 tid 106012
149 tid 106012
Remove  tid 106012
FindTargetPageId rootid 6 tid 106012
target_page_id id: 7 tid 106012
0 1 tid 106012
365 5 tid 106012
545 7 tid 106012
149 tid 106012
Remove  tid 106012
FindTargetPageId rootid 6 tid 106012
target_page_id id: 7 tid 106012
0 1 tid 106012
365 5 tid 106012
545 7 tid 106012
149 tid 106012
Remove  tid 106012
FindTargetPageId rootid 6 tid 106012
target_page_id id: 7 tid 106012
0 1 tid 106012
365 5 tid 106012
545 7 tid 106012
149 tid 106012
Remove  tid 106012
FindTargetPageId rootid 6 tid 106012
target_page_id id: 7 tid 106012
0 1 tid 106012
365 5 tid 106012
545 7 tid 106012
149 tid 106012
Remove  tid 106012
FindTargetPageId rootid 6 tid 106012
target_page_id id: 7 tid 106012
0 1 tid 106012
365 5 tid 106012
545 7 tid 106012
149 tid 106012
Remove  tid 106012
FindTargetPageId rootid 6 tid 106012
target_page_id id: 7 tid 106012
0 1 tid 106012
365 5 tid 106012
545 7 tid 106012
149 tid 106012
Remove  tid 106012
FindTargetPageId rootid 6 tid 106012
target_page_id id: 7 tid 106012
0 1 tid 106012
365 5 tid 106012
545 7 tid 106012
149 tid 106012
Remove  tid 106012
FindTargetPageId rootid 6 tid 106012
target_page_id id: 7 tid 106012
0 1 tid 106012
365 5 tid 106012
545 7 tid 106012
149 tid 106012
Remove  tid 106012
FindTargetPageId rootid 6 tid 106012
target_page_id id: 7 tid 106012
0 1 tid 106012
365 5 tid 106012
545 7 tid 106012
149 tid 106012
Remove  tid 106012
FindTargetPageId rootid 6 tid 106012
target_page_id id: 7 tid 106012
0 1 tid 106012
365 5 tid 106012
545 7 tid 106012
149 tid 106012
Remove  tid 106012
FindTargetPageId rootid 6 tid 106012
target_page_id id: 7 tid 106012
0 1 tid 106012
365 5 tid 106012
545 7 tid 106012
149 tid 106012
Remove  tid 106012
FindTargetPageId rootid 6 tid 106012
target_page_id id: 7 tid 106012
0 1 tid 106012
365 5 tid 106012
545 7 tid 106012
149 tid 106012
Remove  tid 106012
FindTargetPageId rootid 6 tid 106012
target_page_id id: 7 tid 106012
0 1 tid 106012
365 5 tid 106012
545 7 tid 106012
149 tid 106012
Remove  tid 106012
FindTargetPageId rootid 6 tid 106012
target_page_id id: 7 tid 106012
0 1 tid 106012
365 5 tid 106012
545 7 tid 106012
149 tid 106012
Remove  tid 106012
FindTargetPageId rootid 6 tid 106012
target_page_id id: 7 tid 106012
0 1 tid 106012
365 5 tid 106012
545 7 tid 106012
149 tid 106012
Remove  tid 106012
FindTargetPageId rootid 6 tid 106012
target_page_id id: 7 tid 106012
0 1 tid 106012
365 5 tid 106012
545 7 tid 106012
149 tid 106012
Remove  tid 106012
FindTargetPageId rootid 6 tid 106012
target_page_id id: 7 tid 106012
0 1 tid 106012
365 5 tid 106012
545 7 tid 106012
149 tid 106012
Remove  tid 106012
FindTargetPageId rootid 6 tid 106012
target_page_id id: 7 tid 106012
0 1 tid 106012
365 5 tid 106012
545 7 tid 106012
149 tid 106012
Remove  tid 106012
FindTargetPageId rootid 6 tid 106012
target_page_id id: 7 tid 106012
0 1 tid 106012
365 5 tid 106012
545 7 tid 106012
149 tid 106012
Remove  tid 106012
FindTargetPageId rootid 6 tid 106012
target_page_id id: 7 tid 106012
0 1 tid 106012
365 5 tid 106012
545 7 tid 106012
149 tid 106012
Remove  tid 106012
FindTargetPageId rootid 6 tid 106012
target_page_id id: 7 tid 106012
0 1 tid 106012
365 5 tid 106012
545 7 tid 106012
149 tid 106012
Remove  tid 106012
FindTargetPageId rootid 6 tid 106012
target_page_id id: 7 tid 106012
0 1 tid 106012
365 5 tid 106012
545 7 tid 106012
149 tid 106012
Remove  tid 106012
FindTargetPageId rootid 6 tid 106012
target_page_id id: 7 tid 106012
0 1 tid 106012
365 5 tid 106012
545 7 tid 106012
149 tid 106012
Remove  tid 106012
FindTargetPageId rootid 6 tid 106012
target_page_id id: 7 tid 106012
0 1 tid 106012
365 5 tid 106012
545 7 tid 106012
149 tid 106012
Remove  tid 106012
FindTargetPageId rootid 6 tid 106012
target_page_id id: 7 tid 106012
0 1 tid 106012
365 5 tid 106012
545 7 tid 106012
149 tid 106012
Remove  tid 106012
FindTargetPageId rootid 6 tid 106012
target_page_id id: 7 tid 106012
0 1 tid 106012
365 5 tid 106012
545 7 tid 106012
149 tid 106012
Remove  tid 106012
FindTargetPageId rootid 6 tid 106012
target_page_id id: 7 tid 106012
0 1 tid 106012
365 5 tid 106012
545 7 tid 106012
149 tid 106012
Remove  tid 106012
FindTargetPageId rootid 6 tid 106012
target_page_id id: 7 tid 106012
0 1 tid 106012
365 5 tid 106012
545 7 tid 106012
149 tid 106012
Remove  tid 106012
FindTargetPageId rootid 6 tid 106012
target_page_id id: 7 tid 106012
0 1 tid 106012
365 5 tid 106012
545 7 tid 106012
149 tid 106012
Remove  tid 106012
FindTargetPageId rootid 6 tid 106012
target_page_id id: 7 tid 106012
0 1 tid 106012
365 5 tid 106012
545 7 tid 106012
149 tid 106012
Remove  tid 106012
FindTargetPageId rootid 6 tid 106012
target_page_id id: 7 tid 106012
0 1 tid 106012
365 5 tid 106012
545 7 tid 106012
149 tid 106012
Remove  tid 106012
FindTargetPageId rootid 6 tid 106012
target_page_id id: 7 tid 106012
0 1 tid 106012
365 5 tid 106012
545 7 tid 106012
149 tid 106012
Remove  tid 106012
FindTargetPageId rootid 6 tid 106012
target_page_id id: 7 tid 106012
0 1 tid 106012
365 5 tid 106012
545 7 tid 106012
149 tid 106012
Remove  tid 106012
FindTargetPageId rootid 6 tid 106012
target_page_id id: 7 tid 106012
0 1 tid 106012
365 5 tid 106012
545 7 tid 106012
149 tid 106012
Remove  tid 106012
FindTargetPageId rootid 6 tid 106012
target_page_id id: 7 tid 106012
0 1 tid 106012
365 5 tid 106012
545 7 tid 106012
149 tid 106012
Remove  tid 106012
FindTargetPageId rootid 6 tid 106012
target_page_id id: 7 tid 106012
0 1 tid 106012
365 5 tid 106012
545 7 tid 106012
149 tid 106012
Remove  tid 106012
FindTargetPageId rootid 6 tid 106012
target_page_id id: 7 tid 106012
0 1 tid 106012
365 5 tid 106012
545 7 tid 106012
149 tid 106012
Remove  tid 106012
FindTargetPageId rootid 6 tid 106012
target_page_id id: 7 tid 106012
0 1 tid 106012
365 5 tid 106012
545 7 tid 106012
149 tid 106012
Remove  tid 106012
FindTargetPageId rootid 6 tid 106012
target_page_id id: 7 tid 106012
0 1 tid 106012
365 5 tid 106012
545 7 tid 106012
149 tid 106012
Remove  tid 106012
FindTargetPageId rootid 6 tid 106012
target_page_id id: 7 tid 106012
0 1 tid 106012
365 5 tid 106012
545 7 tid 106012
149 tid 106012
Remove  tid 106012
FindTargetPageId rootid 6 tid 106012
target_page_id id: 7 tid 106012
0 1 tid 106012
365 5 tid 106012
545 7 tid 106012
149 tid 106012
Remove  tid 106012
FindTargetPageId rootid 6 tid 106012
target_page_id id: 7 tid 106012
0 1 tid 106012
365 5 tid 106012
545 7 tid 106012
149 tid 106012
Remove  tid 106012
FindTargetPageId rootid 6 tid 106012
target_page_id id: 7 tid 106012
0 1 tid 106012
365 5 tid 106012
545 7 tid 106012
149 tid 106012
Remove  tid 106012
FindTargetPageId rootid 6 tid 106012
target_page_id id: 7 tid 106012
0 1 tid 106012
365 5 tid 106012
545 7 tid 106012
149 tid 106012
Remove  tid 106012
FindTargetPageId rootid 6 tid 106012
target_page_id id: 7 tid 106012
0 1 tid 106012
365 5 tid 106012
545 7 tid 106012
149 tid 106012
Remove  tid 106012
FindTargetPageId rootid 6 tid 106012
target_page_id id: 7 tid 106012
0 1 tid 106012
365 5 tid 106012
545 7 tid 106012
149 tid 106012
Remove  tid 106012
FindTargetPageId rootid 6 tid 106012
target_page_id id: 7 tid 106012
0 1 tid 106012
365 5 tid 106012
545 7 tid 106012
149 tid 106012
Remove  tid 106012
FindTargetPageId rootid 6 tid 106012
target_page_id id: 7 tid 106012
0 1 tid 106012
365 5 tid 106012
545 7 tid 106012
149 tid 106012
Remove  tid 106012
FindTargetPageId rootid 6 tid 106012
target_page_id id: 7 tid 106012
0 1 tid 106012
365 5 tid 106012
545 7 tid 106012
149 tid 106012
Remove  tid 106012
FindTargetPageId rootid 6 tid 106012
target_page_id id: 7 tid 106012
0 1 tid 106012
365 5 tid 106012
545 7 tid 106012
149 tid 106012
Remove  tid 106012
FindTargetPageId rootid 6 tid 106012
target_page_id id: 7 tid 106012
0 1 tid 106012
365 5 tid 106012
545 7 tid 106012
149 tid 106012
Remove  tid 106012
FindTargetPageId rootid 6 tid 106012
target_page_id id: 7 tid 106012
0 1 tid 106012
365 5 tid 106012
545 7 tid 106012
149 tid 106012
Remove  tid 106012
FindTargetPageId rootid 6 tid 106012
target_page_id id: 7 tid 106012
0 1 tid 106012
365 5 tid 106012
545 7 tid 106012
149 tid 106012
Remove  tid 106012
FindTargetPageId rootid 6 tid 106012
target_page_id id: 7 tid 106012
0 1 tid 106012
365 5 tid 106012
545 7 tid 106012
149 tid 106012
Remove  tid 106012
FindTargetPageId rootid 6 tid 106012
target_page_id id: 7 tid 106012
0 1 tid 106012
365 5 tid 106012
545 7 tid 106012
149 tid 106012
Remove  tid 106012
FindTargetPageId rootid 6 tid 106012
target_page_id id: 7 tid 106012
0 1 tid 106012
365 5 tid 106012
545 7 tid 106012
149 tid 106012
Remove  tid 106012
FindTargetPageId rootid 6 tid 106012
target_page_id id: 7 tid 106012
0 1 tid 106012
365 5 tid 106012
545 7 tid 106012
149 tid 106012
Remove  tid 106012
FindTargetPageId rootid 6 tid 106012
target_page_id id: 7 tid 106012
0 1 tid 106012
365 5 tid 106012
545 7 tid 106012
149 tid 106012
Remove  tid 106012
FindTargetPageId rootid 6 tid 106012
target_page_id id: 7 tid 106012
0 1 tid 106012
365 5 tid 106012
545 7 tid 106012
149 tid 106012
Remove  tid 106012
FindTargetPageId rootid 6 tid 106012
target_page_id id: 7 tid 106012
0 1 tid 106012
365 5 tid 106012
545 7 tid 106012
149 tid 106012
Remove  tid 106012
FindTargetPageId rootid 6 tid 106012
target_page_id id: 7 tid 106012
0 1 tid 106012
365 5 tid 106012
545 7 tid 106012
149 tid 106012
Remove  tid 106012
FindTargetPageId rootid 6 tid 106012
target_page_id id: 7 tid 106012
0 1 tid 106012
365 5 tid 106012
545 7 tid 106012
149 tid 106012
Remove  tid 106012
FindTargetPageId rootid 6 tid 106012
target_page_id id: 7 tid 106012
0 1 tid 106012
365 5 tid 106012
545 7 tid 106012
149 tid 106012
Remove  tid 106012
FindTargetPageId rootid 6 tid 106012
target_page_id id: 7 tid 106012
0 1 tid 106012
365 5 tid 106012
545 7 tid 106012
149 tid 106012
Remove  tid 106012
FindTargetPageId rootid 6 tid 106012
target_page_id id: 7 tid 106012
0 1 tid 106012
365 5 tid 106012
545 7 tid 106012
149 tid 106012
Remove  tid 106012
FindTargetPageId rootid 6 tid 106012
target_page_id id: 7 tid 106012
0 1 tid 106012
365 5 tid 106012
545 7 tid 106012
149 tid 106012
Remove  tid 106012
FindTargetPageId rootid 6 tid 106012
target_page_id id: 7 tid 106012
0 1 tid 106012
365 5 tid 106012
545 7 tid 106012
149 tid 106012
Remove  tid 106012
FindTargetPageId rootid 6 tid 106012
target_page_id id: 7 tid 106012
0 1 tid 106012
365 5 tid 106012
545 7 tid 106012
149 tid 106012
Remove  tid 106012
FindTargetPageId rootid 6 tid 106012
target_page_id id: 7 tid 106012
0 1 tid 106012
365 5 tid 106012
545 7 tid 106012
149 tid 106012
Remove  tid 106012
FindTargetPageId rootid 6 tid 106012
target_page_id id: 7 tid 106012
0 1 tid 106012
365 5 tid 106012
545 7 tid 106012
149 tid 106012
Remove  tid 106012
FindTargetPageId rootid 6 tid 106012
target_page_id id: 7 tid 106012
0 1 tid 106012
365 5 tid 106012
545 7 tid 106012
149 tid 106012
Remove  tid 106012
FindTargetPageId rootid 6 tid 106012
target_page_id id: 7 tid 106012
0 1 tid 106012
365 5 tid 106012
545 7 tid 106012
149 tid 106012
Remove  tid 106012
FindTargetPageId rootid 6 tid 106012
target_page_id id: 7 tid 106012
0 1 tid 106012
365 5 tid 106012
545 7 tid 106012
149 tid 106012
Remove  tid 106012
FindTargetPageId rootid 6 tid 106012
target_page_id id: 7 tid 106012
0 1 tid 106012
365 5 tid 106012
545 7 tid 106012
149 tid 106012
Remove  tid 106012
FindTargetPageId rootid 6 tid 106012
target_page_id id: 7 tid 106012
0 1 tid 106012
365 5 tid 106012
545 7 tid 106012
149 tid 106012
Remove  tid 106012
FindTargetPageId rootid 6 tid 106012
target_page_id id: 7 tid 106012
0 1 tid 106012
365 5 tid 106012
545 7 tid 106012
149 tid 106012
Remove  tid 106012
FindTargetPageId rootid 6 tid 106012
target_page_id id: 7 tid 106012
0 1 tid 106012
365 5 tid 106012
545 7 tid 106012
149 tid 106012
Remove  tid 106012
FindTargetPageId rootid 6 tid 106012
target_page_id id: 7 tid 106012
0 1 tid 106012
365 5 tid 106012
545 7 tid 106012
149 tid 106012
Remove  tid 106012
FindTargetPageId rootid 6 tid 106012
target_page_id id: 7 tid 106012
0 1 tid 106012
365 5 tid 106012
545 7 tid 106012
149 tid 106012
Remove  tid 106012
FindTargetPageId rootid 6 tid 106012
target_page_id id: 7 tid 106012
0 1 tid 106012
365 5 tid 106012
545 7 tid 106012
149 tid 106012
Remove  tid 106012
FindTargetPageId rootid 6 tid 106012
target_page_id id: 7 tid 106012
0 1 tid 106012
365 5 tid 106012
545 7 tid 106012
149 tid 106012
Remove  tid 106012
FindTargetPageId rootid 6 tid 106012
target_page_id id: 7 tid 106012
0 1 tid 106012
365 5 tid 106012
545 7 tid 106012
149 tid 106012
FindTargetPageId rootid 6 tid 106013
target_page_id id: 7 tid 106013
0 1 tid 106013
365 5 tid 106013
545 7 tid 106013
149 tid 106013
Insert  tid 106013
FindTargetPageId rootid 6 tid 106013
target_page_id id: 7 tid 106013
0 1 tid 106013
365 5 tid 106013
545 7 tid 106013
150 tid 106013
Insert  tid 106013
FindTargetPageId rootid 6 tid 106013
target_page_id id: 7 tid 106013
0 1 tid 106013
365 5 tid 106013
545 7 tid 106013
151 tid 106013
Insert  tid 106013
FindTargetPageId rootid 6 tid 106013
target_page_id id: 7 tid 106013
0 1 tid 106013
365 5 tid 106013
545 7 tid 106013
152 tid 106013
Insert  tid 106013
FindTargetPageId rootid 6 tid 106013
target_page_id id: 7 tid 106013
0 1 tid 106013
365 5 tid 106013
545 7 tid 106013
153 tid 106013
Insert  tid 106013
FindTargetPageId rootid 6 tid 106013
target_page_id id: 7 tid 106013
0 1 tid 106013
365 5 tid 106013
545 7 tid 106013
154 tid 106013
Insert  tid 106013
FindTargetPageId rootid 6 tid 106013
target_page_id id: 7 tid 106013
0 1 tid 106013
365 5 tid 106013
545 7 tid 106013
155 tid 106013
Insert  tid 106013
FindTargetPageId rootid 6 tid 106013
target_page_id id: 7 tid 106013
0 1 tid 106013
365 5 tid 106013
545 7 tid 106013
156 tid 106013
Insert  tid 106013
FindTargetPageId rootid 6 tid 106013
target_page_id id: 7 tid 106013
0 1 tid 106013
365 5 tid 106013
545 7 tid 106013
157 tid 106013
Insert  tid 106013
FindTargetPageId rootid 6 tid 106013
target_page_id id: 7 tid 106013
0 1 tid 106013
365 5 tid 106013
545 7 tid 106013
158 tid 106013
Insert  tid 106013
FindTargetPageId rootid 6 tid 106013
target_page_id id: 7 tid 106013
0 1 tid 106013
365 5 tid 106013
545 7 tid 106013
159 tid 106013
Insert  tid 106013
FindTargetPageId rootid 6 tid 106013
target_page_id id: 7 tid 106013
0 1 tid 106013
365 5 tid 106013
545 7 tid 106013
160 tid 106013
Insert  tid 106013
FindTargetPageId rootid 6 tid 106013
target_page_id id: 7 tid 106013
0 1 tid 106013
365 5 tid 106013
545 7 tid 106013
161 tid 106013
Insert  tid 106013
FindTargetPageId rootid 6 tid 106013
target_page_id id: 7 tid 106013
0 1 tid 106013
365 5 tid 106013
545 7 tid 106013
162 tid 106013
Insert  tid 106013
FindTargetPageId rootid 6 tid 106013
target_page_id id: 7 tid 106013
0 1 tid 106013
365 5 tid 106013
545 7 tid 106013
163 tid 106013
Insert  tid 106013
FindTargetPageId rootid 6 tid 106013
target_page_id id: 7 tid 106013
0 1 tid 106013
365 5 tid 106013
545 7 tid 106013
164 tid 106013
Insert  tid 106013
FindTargetPageId rootid 6 tid 106013
target_page_id id: 7 tid 106013
0 1 tid 106013
365 5 tid 106013
545 7 tid 106013
165 tid 106013
Insert  tid 106013
FindTargetPageId rootid 6 tid 106013
target_page_id id: 7 tid 106013
0 1 tid 106013
365 5 tid 106013
545 7 tid 106013
166 tid 106013
Insert  tid 106013
FindTargetPageId rootid 6 tid 106011
target_page_id id: 5 tid 106011
0 1 tid 106011
365 5 tid 106011
545 7 tid 106011
141 tid 106011
Insert  tid 106011
FindTargetPageId rootid 6 tid 106011
target_page_id id: 5 tid 106011
0 1 tid 106011
365 5 tid 106011
545 7 tid 106011
141 tid 106011
Insert  tid 106011
FindTargetPageId rootid 6 tid 106011
target_page_id id: 5 tid 106011
0 1 tid 106011
365 5 tid 106011
545 7 tid 106011
141 tid 106011
Insert  tid 106011
FindTargetPageId rootid 6 tid 106013
target_page_id id: 7 tid 106013
0 1 tid 106013
365 5 tid 106013
545 7 tid 106013
167 tid 106013
Insert  tid 106013
FindTargetPageId rootid 6 tid 106013
target_page_id id: 7 tid 106013
0 1 tid 106013
365 5 tid 106013
545 7 tid 106013
168 tid 106013
Insert  tid 106013
FindTargetPageId rootid 6 tid 106013
target_page_id id: 7 tid 106013
0 1 tid 106013
365 5 tid 106013
545 7 tid 106013
169 tid 106013
Insert  tid 106013
FindTargetPageId rootid 6 tid 106013
target_page_id id: 7 tid 106013
0 1 tid 106013
365 5 tid 106013
545 7 tid 106013
170 tid 106013
Insert  tid 106013
FindTargetPageId rootid 6 tid 106013
target_page_id id: 7 tid 106013
0 1 tid 106013
365 5 tid 106013
545 7 tid 106013
171 tid 106013
Insert  tid 106013
FindTargetPageId rootid 6 tid 106013
target_page_id id: 7 tid 106013
0 1 tid 106013
365 5 tid 106013
545 7 tid 106013
172 tid 106013
Insert  tid 106013
FindTargetPageId rootid 6 tid 106013
target_page_id id: 7 tid 106013
0 1 tid 106013
365 5 tid 106013
545 7 tid 106013
173 tid 106013
Insert  tid 106013
FindTargetPageId rootid 6 tid 106013
target_page_id id: 7 tid 106013
0 1 tid 106013
365 5 tid 106013
545 7 tid 106013
174 tid 106013
Insert  tid 106013
FindTargetPageId rootid 6 tid 106011
target_page_id id: 5 tid 106011
0 1 tid 106011
365 5 tid 106011
545 7 tid 106011
141 tid 106011
Insert  tid 106011
FindTargetPageId rootid 6 tid 106011
target_page_id id: 5 tid 106011
0 1 tid 106011
365 5 tid 106011
545 7 tid 106011
141 tid 106011
Insert  tid 106011
FindTargetPageId rootid 6 tid 106011
target_page_id id: 5 tid 106011
0 1 tid 106011
365 5 tid 106011
545 7 tid 106011
141 tid 106011
Insert  tid 106011
FindTargetPageId rootid 6 tid 106011
target_page_id id: 7 tid 106011
0 1 tid 106011
365 5 tid 106011
545 7 tid 106011
175 tid 106011
Insert  tid 106011
FindTargetPageId rootid 6 tid 106011
target_page_id id: 7 tid 106011
0 1 tid 106011
365 5 tid 106011
545 7 tid 106011
175 tid 106011
Insert  tid 106011
FindTargetPageId rootid 6 tid 106011
target_page_id id: 7 tid 106011
0 1 tid 106011
365 5 tid 106011
545 7 tid 106011
175 tid 106011
Insert  tid 106011
FindTargetPageId rootid 6 tid 106013
target_page_id id: 7 tid 106013
0 1 tid 106013
365 5 tid 106013
545 7 tid 106013
175 tid 106013
Insert  tid 106013
FindTargetPageId rootid 6 tid 106011
target_page_id id: 7 tid 106011
0 1 tid 106011
365 5 tid 106011
545 7 tid 106011
176 tid 106011
Insert  tid 106011
FindTargetPageId rootid 6 tid 106013
target_page_id id: 7 tid 106013
0 1 tid 106013
365 5 tid 106013
545 7 tid 106013
176 tid 106013
Insert  tid 106013
FindTargetPageId rootid 6 tid 106011
target_page_id id: 7 tid 106011
0 1 tid 106011
365 5 tid 106011
545 7 tid 106011
177 tid 106011
Insert  tid 106011
FindTargetPageId rootid 6 tid 106013
target_page_id id: 7 tid 106013
0 1 tid 106013
365 5 tid 106013
545 7 tid 106013
177 tid 106013
Insert  tid 106013
FindTargetPageId rootid 6 tid 106011
target_page_id id: 7 tid 106011
0 1 tid 106011
365 5 tid 106011
545 7 tid 106011
178 tid 106011
Insert  tid 106011
FindTargetPageId rootid 6 tid 106011
target_page_id id: 7 tid 106011
0 1 tid 106011
365 5 tid 106011
545 7 tid 106011
178 tid 106011
Insert  tid 106011
FindTargetPageId rootid 6 tid 106013
target_page_id id: 7 tid 106013
0 1 tid 106013
365 5 tid 106013
545 7 tid 106013
178 tid 106013
Insert  tid 106013
FindTargetPageId rootid 6 tid 106011
target_page_id id: 7 tid 106011
0 1 tid 106011
365 5 tid 106011
545 7 tid 106011
179 tid 106011
Insert  tid 106011
FindTargetPageId rootid 6 tid 106011
target_page_id id: 7 tid 106011
0 1 tid 106011
365 5 tid 106011
545 7 tid 106011
179 tid 106011
Insert  tid 106011
FindTargetPageId rootid 6 tid 106013
target_page_id id: 7 tid 106013
0 1 tid 106013
365 5 tid 106013
545 7 tid 106013
179 tid 106013
Insert  tid 106013
FindTargetPageId rootid 6 tid 106011
target_page_id id: 7 tid 106011
0 1 tid 106011
365 5 tid 106011
545 7 tid 106011
180 tid 106011
FindTargetPageId rootid 6 tid 106013
target_page_id id: 7 tid 106013
0 1 tid 106013
365 5 tid 106013
545 7 tid 106013
Insert  tid 180 tid 106013
106011
Insert  tid 106013
FindTargetPageId rootid 6 tid 106011
target_page_id id: 7 tid 106011
0 1 tid 106011
365 5 tid 106011
545 7 tid 106011
181 tid 106011
Insert  tid 106011
FindTargetPageId rootid 6 tid 106013
target_page_id id: 7 tid 106013
0 1 tid 106013
365 5 tid 106013
545 7 tid 106013
181 tid 106013
Insert  tid FindTargetPageId rootid 6 tid 106013106011

target_page_id id: 7 tid 106011
0 1 tid 106011
365 5 tid 106011
545 7 tid 106011
182 tid 106011
Insert  tid 106011
FindTargetPageId rootid 6 tid 106011
target_page_id id: 7 tid 106011
0 1 tid 106011
365 5 tid 106011
545 7 tid 106011
182 tid 106011
Insert  tid 106011
FindTargetPageId rootid 6 tid 106011
target_page_id id: 7 tid 106011
0 1 tid 106011
365 5 tid 106011
545 7 tid 106011
182 tid 106011
Insert  tid 106011
FindTargetPageId rootid 6 tid 106011
target_page_id id: 7 tid 106011
0 1 tid 106011
365 5 tid 106011
545 7 tid 106011
182 tid 106011
Insert  tid 106011
FindTargetPageId rootid 6 tid 106011
target_page_id id: 7 tid 106011
0 1 tid 106011
365 5 tid 106011
545 7 tid 106011
182 tid 106011
Insert  tid 106011
FindTargetPageId rootid 6 tid 106013
target_page_id id: 7 tid 106013
0 1 tid 106013
365 5 tid 106013
545 7 tid 106013
182 tid 106013
Insert  tid 106013
FindTargetPageId rootid 6 tid 106011
target_page_id id: 7 tid 106011
0 1 tid 106011
365 5 tid 106011
545 7 tid 106011
183 tid 106011
Insert  tid 106011
FindTargetPageId rootid 6 tid 106011
target_page_id id: 7 tid 106011
0 1 tid 106011
365 5 tid 106011
545 7 tid 106011
183 tid 106011
Insert  tid 106011
FindTargetPageId rootid 6 tid 106011
target_page_id id: 7 tid 106011
0 1 tid 106011
365 5 tid 106011
545 7 tid 106011
183 tid 106011
Insert  tid 106011
FindTargetPageId rootid 6 tid 106011
target_page_id id: 7 tid 106011
0 1 tid 106011
365 5 tid 106011
545 7 tid 106011
183 tid 106011
Insert  tid 106011
FindTargetPageId rootid 6 tid 106011
target_page_id id: 7 tid 106011
0 1 tid 106011
365 5 tid 106011
545 7 tid 106011
183 tid 106011
Insert  tid 106011
FindTargetPageId rootid 6 tid 106013
target_page_id id: 7 tid 106013
0 1 tid 106013
365 5 tid 106013
545 7 tid 106013
183 tid 106013
Insert  tid 106013
FindTargetPageId rootid 6 tid 106011
target_page_id id: 7 tid 106011
0 1 tid 106011
365 5 tid 106011
545 7 tid 106011
184 tid 106011
Insert  tid 106011
FindTargetPageId rootid 6 tid 106013
target_page_id id: 7 tid 106013
0 1 tid 106013
365 5 tid 106013
545 7 tid 106013
184 tid 106013
Insert  tid 106013
FindTargetPageId rootid 6 tid 106011
target_page_id id: 7 tid 106011
0 1 tid 106011
365 5 tid 106011
545 7 tid 106011
185 tid 106011
Insert  tid 106011
FindTargetPageId rootid 6 tid 106013
target_page_id id: 7 tid 106013
0 1 tid 106013
365 5 tid 106013
545 7 tid 106013
185 tid 106013
Insert  tid 106013
FindTargetPageId rootid 6 tid 106013
target_page_id id: 7 tid 106013
0 1 tid 106013
365 5 tid 106013
545 7 tid 106013
186 tid 106013
Insert  tid 106013
FindTargetPageId rootid 6 tid 106011
target_page_id id: 7 tid 106011
0 1 tid 106011
365 5 tid 106011
545 7 tid 106011
187 tid 106011
Insert  tid 106011
FindTargetPageId rootid 6 tid 106013
target_page_id id: 7 tid 106013
0 1 tid 106013
365 5 tid 106013
545 7 tid 106013
187 tid 106013
Insert  tid 106013
FindTargetPageId rootid 6 tid 106011
target_page_id id: 7 tid 106011
0 1 tid 106011
365 5 tid 106011
545 7 tid 106011
188 tid 106011
Insert  tid 106011
FindTargetPageId rootid 6 tid 106013
target_page_id id: 7 tid 106013
0 1 tid 106013
365 5 tid 106013
545 7 tid 106013
188 tid 106013
Insert  tid 106013
FindTargetPageId rootid 6 tid 106013
target_page_id id: 7 tid 106013
0 1 tid 106013
365 5 tid 106013
545 7 tid 106013
189 tid 106013
Insert  tid 106013
FindTargetPageId rootid 6 tid 106013
target_page_id id: 7 tid 106013
0 1 tid 106013
365 5 tid 106013
545 7 tid 106013
190 tid 106013
Insert  tid 106013
FindTargetPageId rootid 6 tid 106011
target_page_id id: 7 tid 106011
0 1 tid 106011
365 5 tid 106011
545 7 tid 106011
191 tid 106011
Insert  tid 106011
FindTargetPageId rootid 6 tid 106013
target_page_id id: 7 tid 106013
0 1 tid 106013
365 5 tid 106013
545 7 tid 106013
191 tid 106013
Insert  tid 106013
FindTargetPageId rootid 6 tid 106011
target_page_id id: 7 tid 106011
0 1 tid 106011
365 5 tid 106011
545 7 tid 106011
192 tid 106011
Insert  tid 106011
FindTargetPageId rootid 6 tid 106011
target_page_id id: 7 tid 106011
0 1 tid 106011
365 5 tid 106011
545 7 tid 106011
192 tid 106011
Insert  tid 106011
FindTargetPageId rootid 6 tid 106011
target_page_id id: 7 tid 106011
0 1 tid 106011
365 5 tid 106011
545 7 tid 106011
192 tid 106011
Insert  tid 106011
FindTargetPageId rootid 6 tid 106013
target_page_id id: 7 tid 106013
0 1 tid 106013
365 5 tid 106013
545 7 tid 106013
192 tid 106013
Insert  tid 106013
FindTargetPageId rootid 6 tid 106011
target_page_id id: 7 tid 106011
0 1 tid 106011
365 5 tid 106011
545 7 tid 106011
193 tid 106011
Insert  tid 106011
FindTargetPageId rootid 6 tid 106011
target_page_id id: 7 tid 106011
0 1 tid 106011
365 5 tid 106011
545 7 tid 106011
193 tid 106011
Insert  tid 106011
FindTargetPageId rootid 6 tid 106013
target_page_id id: 7 tid 106013
0 1 tid 106013
365 5 tid 106013
545 7 tid 106013
193 tid 106013
Insert  tid 106013
FindTargetPageId rootid 6 tid 106013
target_page_id id: 7 tid 106013
0 1 tid 106013
365 5 tid 106013
545 7 tid 106013
194 tid 106013
Insert  tid 106013
FindTargetPageId rootid 6 tid 106011
target_page_id id: 7 tid 106011
0 1 tid 106011
365 5 tid 106011
545 7 tid 106011
195 tid 106011
Insert  tid 106011
FindTargetPageId rootid 6 tid 106011
target_page_id id: 7 tid 106011
0 1 tid 106011
365 5 tid 106011
545 7 tid 106011
195 tid 106011
Insert  tid 106011
FindTargetPageId rootid 6 tid 106013
target_page_id id: 7 tid 106013
0 1 tid 106013
365 5 tid 106013
545 7 tid 106013
195 tid 106013
Insert  tid 106013
FindTargetPageId rootid 6 tid 106011
target_page_id id: 7 tid 106011
0 1 tid 106011
365 5 tid 106011
545 7 tid 106011
196 tid 106011
Insert  tid 106011
FindTargetPageId rootid 6 tid 106013
target_page_id id: 7 tid 106013
0 1 tid 106013
365 5 tid 106013
545 7 tid 106013
196 tid 106013
Insert  tid 106013
FindTargetPageId rootid 6 tid 106011
target_page_id id: 7 tid 106011
0 1 tid 106011
365 5 tid 106011
545 7 tid 106011
197 tid 106011
Insert  tid 106011
FindTargetPageId rootid 6 tid 106011
target_page_id id: 7 tid 106011
0 1 tid 106011
365 5 tid 106011
545 7 tid 106011
197 tid 106011
Insert  tid 106011
FindTargetPageId rootid 6 tid 106011
target_page_id id: 7 tid 106011
0 1 tid 106011
365 5 tid 106011
545 7 tid 106011
197 tid 106011
Insert  tid 106011
FindTargetPageId rootid 6 tid 106013
target_page_id id: 7 tid 106013
0 1 tid 106013
365 5 tid 106013
545 7 tid 106013
197 tid 106013
Insert  tid 106013
FindTargetPageId rootid 6 tid 106011
target_page_id id: 7 tid 106011
0 1 tid 106011
365 5 tid 106011
545 7 tid 106011
198 tid 106011
Insert  tid 106011
FindTargetPageId rootid 6 tid 106013
target_page_id id: 7 tid 106013
0 1 tid 106013
365 5 tid 106013
545 7 tid 106013
198 tid 106013
Insert  tid 106013
FindTargetPageId rootid 6 tid 106011
target_page_id id: 7 tid 106011
0 1 tid 106011
365 5 tid 106011
545 7 tid 106011
199 tid 106011
Insert  tid 106011
FindTargetPageId rootid 6 tid 106013
target_page_id id: 7 tid 106013
0 1 tid 106013
365 5 tid 106013
545 7 tid 106013
199 tid 106013
Insert  tid 106013
FindTargetPageId rootid 6 tid 106011
target_page_id id: 7 tid 106011
0 1 tid 106011
365 5 tid 106011
545 7 tid 106011
200 tid 106011
Insert  tid 106011
FindTargetPageId rootid 6 tid 106013
target_page_id id: 7 tid 106013
0 1 tid 106013
365 5 tid 106013
545 7 tid 106013
200 tid 106013
Insert  tid 106013
FindTargetPageId rootid 6 tid 106011
target_page_id id: 7 tid 106011
0 1 tid 106011
365 5 tid 106011
545 7 tid 106011
201 tid 106011
Insert  tid 106011
FindTargetPageId rootid 6 tid 106013
target_page_id id: 7 tid 106013
0 1 tid 106013
365 5 tid 106013
545 7 tid 106013
201 tid 106013
Insert  tid 106013
FindTargetPageId rootid 6 tid 106011
target_page_id id: 7 tid 106011
0 1 tid 106011
365 5 tid 106011
545 7 tid 106011
202 tid 106011
Insert  tid 106011
FindTargetPageId rootid 6 tid 106013
target_page_id id: 7 tid 106013
0 1 tid 106013
365 5 tid 106013
545 7 tid 106013
202 tid 106013
Insert  tid 106013
FindTargetPageId rootid 6 tid 106011
target_page_id id: 7 tid 106011
0 1 tid 106011
365 5 tid 106011
545 7 tid 106011
203 tid 106011
Insert  tid 106011
FindTargetPageId rootid 6 tid 106011
target_page_id id: 7 tid 106011
0 1 tid 106011
365 5 tid 106011
545 7 tid 106011
203 tid 106011
Insert  tid 106011
FindTargetPageId rootid 6 tid 106013
target_page_id id: 7 tid 106013
0 1 tid 106013
365 5 tid 106013
545 7 tid 106013
203 tid 106013
Insert  tid 106013
FindTargetPageId rootid 6 tid 106013
target_page_id id: 7 tid 106013
0 1 tid 106013
365 5 tid 106013
545 7 tid 106013
204 tid 106013
Insert  tid 106013
FindTargetPageId rootid 6 tid 106013
target_page_id id: 7 tid 106013
0 1 tid 106013
365 5 tid 106013
545 7 tid 106013
205 tid 106013
Insert  tid 106013
FindTargetPageId rootid 6 tid 106011
target_page_id id: 7 tid 106011
0 1 tid 106011
365 5 tid 106011
545 7 tid 106011
206 tid 106011
Insert  tid 106011
FindTargetPageId rootid 6 tid 106013
target_page_id id: 7 tid 106013
0 1 tid 106013
365 5 tid 106013
545 7 tid 106013
206 tid 106013
Insert  tid 106013
FindTargetPageId rootid 6 tid 106011
target_page_id id: 7 tid 106011
0 1 tid 106011
365 5 tid 106011
545 7 tid 106011
207 tid 106011
Insert  tid 106011
FindTargetPageId rootid 6 tid 106011
target_page_id id: 7 tid 106011
0 1 tid 106011
365 5 tid 106011
545 7 tid 106011
207 tid 106011
Insert  tid 106011
FindTargetPageId rootid 6 tid 106011
target_page_id id: 7 tid 106011
0 1 tid 106011
365 5 tid 106011
545 7 tid 106011
207 tid 106011
Insert  tid 106011
FindTargetPageId rootid 6 tid 106013
target_page_id id: 7 tid 106013
0 1 tid 106013
365 5 tid 106013
545 7 tid 106013
207 tid 106013
Insert  tid 106013
FindTargetPageId rootid 6 tid 106011
target_page_id id: 7 tid 106011
0 1 tid 106011
365 5 tid 106011
545 7 tid 106011
208 tid 106011
Insert  tid 106011
FindTargetPageId rootid 6 tid 106013
target_page_id id: 7 tid 106013
0 1 tid 106013
365 5 tid 106013
545 7 tid 106013
208 tid 106013
Insert  tid 106013
FindTargetPageId rootid 6 tid 106013
target_page_id id: 7 tid 106013
0 1 tid 106013
365 5 tid 106013
545 7 tid 106013
209 tid 106013
Insert  tid 106013
FindTargetPageId rootid 6 tid 106013
target_page_id id: 7 tid 106013
0 1 tid 106013
365 5 tid 106013
545 7 tid 106013
210 tid 106013
Insert  tid 106013
FindTargetPageId rootid 6 tid 106013
target_page_id id: 7 tid 106013
0 1 tid 106013
365 5 tid 106013
545 7 tid 106013
211 tid 106013
Insert  tid 106013
FindTargetPageId rootid 6 tid 106013
target_page_id id: 7 tid 106013
0 1 tid 106013
365 5 tid 106013
545 7 tid 106013
212 tid 106013
Insert  tid 106013
FindTargetPageId rootid 6 tid 106013
target_page_id id: 7 tid 106013
0 1 tid 106013
365 5 tid 106013
545 7 tid 106013
213 tid 106013
Insert  tid 106013
FindTargetPageId rootid 6 tid 106013
target_page_id id: 7 tid 106013
0 1 tid 106013
365 5 tid 106013
545 7 tid 106013
214 tid 106013
Insert  tid 106013
FindTargetPageId rootid 6 tid 106013
target_page_id id: 7 tid 106013
0 1 tid 106013
365 5 tid 106013
545 7 tid 106013
215 tid 106013
Insert  tid 106013
FindTargetPageId rootid 6 tid 106013
target_page_id id: 7 tid 106013
0 1 tid 106013
365 5 tid 106013
545 7 tid 106013
216 tid 106013
FindTargetPageId rootid 6 tid 106011
Insert  tid 106013target_page_id id: 
7 tid 106011
0 1 tid 106011
365 5 tid 106011
545 7 tid 106011
217 tid 106011
Insert  tid 106011
FindTargetPageId rootid 6 tid 106011
target_page_id id: 7 tid 106011
0 1 tid 106011
365 5 tid 106011
545 7 tid 106011
217 tid 106011
Insert  tid 106011
FindTargetPageId rootid 6 tid 106011
target_page_id id: 7 tid 106011
0 1 tid 106011
365 5 tid 106011
545 7 tid 106011
217 tid 106011
Insert  tid 106011
FindTargetPageId rootid 6 tid 106011
target_page_id id: 7 tid 106011
0 1 tid 106011
365 5 tid 106011
545 7 tid 106011
217 tid 106011
Insert  tid 106011
FindTargetPageId rootid 6 tid 106013
target_page_id id: 7 tid 106013
0 1 tid 106013
365 5 tid 106013
545 7 tid 106013
217 tid 106013
Insert  tid 106013
FindTargetPageId rootid 6 tid 106013
target_page_id id: 7 tid 106013
0 1 tid 106013
365 5 tid 106013
545 7 tid 106013
218 tid 106013
Insert  tid 106013
FindTargetPageId rootid 6 tid 106013
target_page_id id: 7 tid 106013
0 1 tid 106013
365 5 tid 106013
545 7 tid 106013
219 tid 106013
Insert  tid 106013
FindTargetPageId rootid 6 tid 106013
target_page_id id: 7 tid 106013
0 1 tid 106013
365 5 tid 106013
545 7 tid 106013
220 tid 106013
Insert  tid 106013
FindTargetPageId rootid 6 tid 106011
target_page_id id: 7 tid 106011
0 1 tid 106011
365 5 tid 106011
545 7 tid 106011
221 tid 106011
Insert  tid 106011
FindTargetPageId rootid 6 tid 106011
target_page_id id: 7 tid 106011
0 1 tid 106011
365 5 tid 106011
545 7 tid 106011
221 tid 106011
Insert  tid 106011
FindTargetPageId rootid 6 tid 106011
target_page_id id: 7 tid 106011
0 1 tid 106011
365 5 tid 106011
545 7 tid 106011
221 tid 106011
Insert  tid 106011
FindTargetPageId rootid 6 tid 106011
target_page_id id: 7 tid 106011
0 1 tid 106011
365 5 tid 106011
545 7 tid 106011
221 tid 106011
Insert  tid 106011
FindTargetPageId rootid 6 tid 106011
target_page_id id: 7 tid 106011
0 1 tid 106011
365 5 tid 106011
545 7 tid 106011
221 tid 106011
Insert  tid 106011
FindTargetPageId rootid 6 tid 106013
target_page_id id: 7 tid 106013
0 1 tid 106013
365 5 tid 106013
545 7 tid 106013
221 tid 106013
Insert  tid 106013
FindTargetPageId rootid 6 tid 106011
target_page_id id: 7 tid 106011
0 1 tid 106011
365 5 tid 106011
545 7 tid 106011
222 tid 106011
Insert  tid 106011
FindTargetPageId rootid 6 tid 106011
target_page_id id: 7 tid 106011
0 1 tid 106011
365 5 tid 106011
545 7 tid 106011
222 tid 106011
Insert  tid 106011
FindTargetPageId rootid 6 tid 106011
target_page_id id: 7 tid 106011
0 1 tid 106011
365 5 tid 106011
545 7 tid 106011
222 tid 106011
Insert  tid 106011
FindTargetPageId rootid 6 tid 106011
target_page_id id: 7 tid 106011
0 1 tid 106011
365 5 tid 106011
545 7 tid 106011
222 tid 106011
Insert  tid 106011
FindTargetPageId rootid 6 tid 106011
target_page_id id: 7 tid 106011
0 1 tid 106011
365 5 tid 106011
545 7 tid 106011
222 tid 106011
Insert  tid 106011
FindTargetPageId rootid 6 tid 106011
target_page_id id: 7 tid 106011
0 1 tid 106011
365 5 tid 106011
545 7 tid 106011
222 tid 106011
Insert  tid 106011
FindTargetPageId rootid 6 tid 106011
target_page_id id: 7 tid 106011
0 1 tid 106011
365 5 tid 106011
545 7 tid 106011
222 tid 106011
Insert  tid 106011
FindTargetPageId rootid 6 tid 106011
target_page_id id: 7 tid 106011
0 1 tid 106011
365 5 tid 106011
545 7 tid 106011
222 tid 106011
Insert  tid 106011
FindTargetPageId rootid 6 tid 106013
target_page_id id: 7 tid 106013
0 1 tid 106013
365 5 tid 106013
545 7 tid 106013
222 tid 106013
Insert  tid 106013
FindTargetPageId rootid 6 tid 106011
target_page_id id: 7 tid 106011
0 1 tid 106011
365 5 tid 106011
545 7 tid 106011
223 tid 106011
Insert  tid 106011
FindTargetPageId rootid 6 tid 106013
target_page_id id: 7 tid 106013
0 1 tid 106013
365 5 tid 106013
545 7 tid 106013
223 tid 106013
Insert  tid 106013
FindTargetPageId rootid 6 tid 106013
target_page_id id: 7 tid 106013
0 1 tid 106013
365 5 tid 106013
545 7 tid 106013
224 tid 106013
Insert  tid 106013
FindTargetPageId rootid 6 tid 106011
target_page_id id: 7 tid 106011
0 1 tid 106011
365 5 tid 106011
545 7 tid 106011
225 tid 106011
Insert  tid 106011
FindTargetPageId rootid 6 tid 106011
target_page_id id: 7 tid 106011
0 1 tid 106011
365 5 tid 106011
545 7 tid 106011
225 tid 106011
Insert  tid 106011
FindTargetPageId rootid 6 tid 106011
target_page_id id: 7 tid 106011
0 1 tid 106011
365 5 tid 106011
545 7 tid 106011
225 tid 106011
Insert  tid 106011
FindTargetPageId rootid 6 tid 106011
target_page_id id: 7 tid 106011
0 1 tid 106011
365 5 tid 106011
545 7 tid 106011
225 tid 106011
Insert  tid 106011
FindTargetPageId rootid 6 tid 106011
target_page_id id: 7 tid 106011
0 1 tid 106011
365 5 tid 106011
545 7 tid 106011
225 tid 106011
Insert  tid 106011
FindTargetPageId rootid 6 tid 106011
target_page_id id: 7 tid 106011
0 1 tid 106011
365 5 tid 106011
545 7 tid 106011
225 tid 106011
Insert  tid 106011
FindTargetPageId rootid 6 tid 106011
target_page_id id: 7 tid 106011
0 1 tid 106011
365 5 tid 106011
545 7 tid 106011
225 tid 106011
Insert  tid 106011
FindTargetPageId rootid 6 tid 106013
target_page_id id: 7 tid 106013
0 1 tid 106013
365 5 tid 106013
545 7 tid 106013
225 tid 106013
Insert  tid 106013
FindTargetPageId rootid 6 tid 106013
target_page_id id: 7 tid 106013
0 1 tid 106013
365 5 tid 106013
545 7 tid 106013
226 tid 106013
Insert  tid 106013
FindTargetPageId rootid 6 tid 106013
target_page_id id: 7 tid 106013
0 1 tid 106013
365 5 tid 106013
545 7 tid 106013
227 tid 106013
Insert  tid 106013
FindTargetPageId rootid 6 tid 106013
target_page_id id: 7 tid 106013
0 1 tid 106013
365 5 tid 106013
545 7 tid 106013
228 tid 106013
Insert  tid 106013
FindTargetPageId rootid 6 tid 106011
target_page_id id: 7 tid 106011
0 1 tid 106011
365 5 tid 106011
545 7 tid 106011
229 tid 106011
Insert  tid 106011
FindTargetPageId rootid 6 tid 106013
target_page_id id: 7 tid 106013
0 1 tid 106013
365 5 tid 106013
545 7 tid 106013
229 tid 106013
Insert  tid 106013
FindTargetPageId rootid 6 tid 106011
target_page_id id: 7 tid 106011
0 1 tid 106011
365 5 tid 106011
545 7 tid 106011
230 tid 106011
Insert  tid 106011
FindTargetPageId rootid 6 tid 106013
target_page_id id: 7 tid 106013
0 1 tid 106013
365 5 tid 106013
545 7 tid 106013
230 tid 106013
Insert  tid 106013
FindTargetPageId rootid 6 tid 106011
target_page_id id: 7 tid 106011
0 1 tid 106011
365 5 tid 106011
545 7 tid 106011
231 tid 106011
Insert  tid 106011
FindTargetPageId rootid 6 tid 106013
target_page_id id: 7 tid 106013
0 1 tid 106013
365 5 tid 106013
545 7 tid 106013
231 tid 106013
Insert  tid 106013
FindTargetPageId rootid 6 tid 106011
target_page_id id: 7 tid 106011
0 1 tid 106011
365 5 tid 106011
545 7 tid 106011
232 tid 106011
Insert  tid 106011
FindTargetPageId rootid 6 tid 106013
target_page_id id: 7 tid 106013
0 1 tid 106013
365 5 tid 106013
545 7 tid 106013
232 tid 106013
Insert  tid 106013
FindTargetPageId rootid 6 tid 106011
target_page_id id: 7 tid 106011
0 1 tid 106011
365 5 tid 106011
545 7 tid 106011
233 tid 106011
Insert  tid 106011
FindTargetPageId rootid 6 tid 106013
target_page_id id: 7 tid 106013
0 1 tid 106013
365 5 tid 106013
545 7 tid 106013
233 tid 106013
Insert  tid 106013
FindTargetPageId rootid 6 tid 106013
target_page_id id: 7 tid 106013
0 1 tid 106013
365 5 tid 106013
545 7 tid 106013
234 tid 106013
Insert  tid 106013
FindTargetPageId rootid 6 tid 106013
target_page_id id: 7 tid 106013
0 1 tid 106013
365 5 tid 106013
545 7 tid 106013
235 tid 106013
Insert  tid 106013
FindTargetPageId rootid 6 tid 106013
target_page_id id: 7 tid 106013
0 1 tid 106013
365 5 tid 106013
545 7 tid 106013
236 tid 106013
Insert  tid 106013
FindTargetPageId rootid 6 tid 106011
target_page_id id: 7 tid 106011
0 1 tid 106011
365 5 tid 106011
545 7 tid 106011
237 tid 106011
Insert  tid 106011
FindTargetPageId rootid 6 tid 106013
target_page_id id: 7 tid 106013
0 1 tid 106013
365 5 tid 106013
545 7 tid 106013
237 tid 106013
Insert  tid 106013
FindTargetPageId rootid 6 tid 106013
target_page_id id: 7 tid 106013
0 1 tid 106013
365 5 tid 106013
545 7 tid 106013
238 tid 106013
Insert  tid 106013
FindTargetPageId rootid 6 tid 106011
target_page_id id: 7 tid 106011
0 1 tid 106011
365 5 tid 106011
545 7 tid 106011
239 tid 106011
Insert  tid 106011
FindTargetPageId rootid 6 tid 106011
target_page_id id: 7 tid 106011
0 1 tid 106011
365 5 tid 106011
545 7 tid 106011
239 tid 106011
Insert  tid 106011
FindTargetPageId rootid 6 tid 106011
target_page_id id: 7 tid 106011
0 1 tid 106011
365 5 tid 106011
545 7 tid 106011
239 tid 106011
Insert  tid 106011
FindTargetPageId rootid 6 tid 106013
target_page_id id: 7 tid 106013
0 1 tid 106013
365 5 tid 106013
545 7 tid 106013
239 tid 106013
Insert  tid 106013
FindTargetPageId rootid 6 tid 106013
target_page_id id: 7 tid 106013
0 1 tid 106013
365 5 tid 106013
545 7 tid 106013
240 tid 106013
Insert  tid 106013
FindTargetPageId rootid 6 tid 106011
target_page_id id: 7 tid 106011
0 1 tid 106011
365 5 tid 106011
545 7 tid 106011
241 tid 106011
Insert  tid 106011
FindTargetPageId rootid 6 tid 106013
target_page_id id: 7 tid 106013
0 1 tid 106013
365 5 tid 106013
545 7 tid 106013
241 tid 106013
Insert  tid 106013
FindTargetPageId rootid 6 tid 106013
target_page_id id: 7 tid 106013
0 1 tid 106013
365 5 tid 106013
545 7 tid 106013
242 tid 106013
Insert  tid 106013
FindTargetPageId rootid 6 tid 106013
target_page_id id: 7 tid 106013
0 1 tid 106013
365 5 tid 106013
545 7 tid 106013
243 tid 106013
Insert  tid 106013
FindTargetPageId rootid 6 tid 106013
target_page_id id: 7 tid 106013
0 1 tid 106013
365 5 tid 106013
545 7 tid 106013
244 tid 106013
Insert  tid 106013
FindTargetPageId rootid 6 tid 106013
target_page_id id: 7 tid 106013
0 1 tid 106013
365 5 tid 106013
545 7 tid 106013
245 tid 106013
Insert  tid 106013
FindTargetPageId rootid 6 tid 106013
target_page_id id: 7 tid 106013
0 1 tid 106013
365 5 tid 106013
545 7 tid 106013
246 tid 106013
Insert  tid 106013
FindTargetPageId rootid 6 tid 106013
target_page_id id: 7 tid 106013
0 1 tid 106013
365 5 tid 106013
545 7 tid 106013
247 tid 106013
Insert  tid 106013
FindTargetPageId rootid 6 tid 106011
target_page_id id: 7 tid 106011
0 1 tid 106011
365 5 tid 106011
545 7 tid 106011
248 tid 106011
Insert  tid 106011
FindTargetPageId rootid 6 tid 106013
target_page_id id: 7 tid 106013
0 1 tid 106013
365 5 tid 106013
545 7 tid 106013
248 tid 106013
Insert  tid 106013
FindTargetPageId rootid 6 tid 106013
target_page_id id: 7 tid 106013
0 1 tid 106013
365 5 tid 106013
545 7 tid 106013
249 tid 106013
Insert  tid 106013
FindTargetPageId rootid 6 tid 106013
target_page_id id: 7 tid 106013
0 1 tid 106013
365 5 tid 106013
545 7 tid 106013
250 tid 106013
Insert  tid 106013
FindTargetPageId rootid 6 tid 106011
target_page_id id: 7 tid 106011
0 1 tid 106011
365 5 tid 106011
545 7 tid 106011
251 tid 106011
Insert  tid 106011
FindTargetPageId rootid 6 tid 106013
target_page_id id: 7 tid 106013
0 1 tid 106013
365 5 tid 106013
545 7 tid 106013
251 tid 106013
FindTargetPageId rootid 6 tid 106011
target_page_id id: 7 tid 106011
0 1 tid 106011
365 5 tid 106011
545 7 tid 106011
252 tid 106011
Insert  tid 106011
FindTargetPageId rootid 6 tid 106011
target_page_id id: 7 tid 106011
0 1 tid 106011
365 5 tid 106011
545 7 tid 106011
252 tid 106011
Insert  tid 106011
FindTargetPageId rootid 6 tid 106011
target_page_id id: 7 tid 106011
0 1 tid 106011
365 5 tid 106011
545 7 tid 106011
252 tid 106011
Insert  tid 106011
FindTargetPageId rootid 6 tid 106011
target_page_id id: 7 tid 106011
0 1 tid 106011
365 5 tid 106011
545 7 tid 106011
252 tid 106011
Insert  tid 106011
FindTargetPageId rootid 6 tid 106011
target_page_id id: 7 tid 106011
0 1 tid 106011
365 5 tid 106011
545 7 tid 106011
252 tid 106011
Insert  tid 106011
FindTargetPageId rootid 6 tid 106011
target_page_id id: 7 tid 106011
0 1 tid 106011
365 5 tid 106011
545 7 tid 106011
252 tid 106011
Insert  tid 106011
FindTargetPageId rootid 6 tid 106011
target_page_id id: 7 tid 106011
0 1 tid 106011
365 5 tid 106011
545 7 tid 106011
252 tid 106011
Insert  tid 106011
FindTargetPageId rootid 6 tid 106011
target_page_id id: 7 tid 106011
0 1 tid 106011
365 5 tid 106011
Insert 545 tid  7 tid 106011
252 tid 106011
106013
FindTargetPageId rootid 6 tid 106013
target_page_id id: 7 tid 106013
0 1 tid 106013
365 5 tid 106013
545 7 tid 106013
252 tid 106013
Insert  tid 106013
FindTargetPageId rootid 6 tid 106013
target_page_id id: 7 tid 106013
0 1 tid 106013
365 5 tid 106013
545 7 tid 106013
253 tid 106013
Insert Insert  tid 106013
 tid 106011
FindTargetPageId rootid 6 tid 106013
target_page_id id: 7 tid 106013
0 1 tid 106013
365 5 tid 106013
545 7 tid 106013
254 tid 106013
Insert  tid 106013
FindTargetPageId rootid 6 tid 106011
target_page_id id: 7 tid 106011
0 1 tid 106011
365 5 tid 106011
545 7 tid 106011
672 8 tid 106011
127 tid 106011
Insert  tid 106011
FindTargetPageId rootid 6 tid 106011
target_page_id id: 7 tid 106011
0 1 tid 106011
365 5 tid 106011
545 7 tid 106011
672 8 tid 106011
127 tid 106011
Insert  tid 106011
FindTargetPageId rootid 6 tid 106011
target_page_id id: 7 tid 106011
0 1 tid 106011
365 5 tid 106011
545 7 tid 106011
672 8 tid 106011
127 tid 106011
Insert  tid 106011
FindTargetPageId rootid 6 tid 106013
target_page_id id: 8 tid 106013
0 1 tid 106013
365 5 tid 106013
545 7 tid 106013
672 8 tid 106013
128 tid 106013
Insert  tid 106013
FindTargetPageId rootid 6 tid 106013
target_page_id id: 8 tid 106013
0 1 tid 106013
365 5 tid 106013
545 7 tid 106013
672 8 tid 106013
129 tid 106013
Insert  tid 106013
FindTargetPageId rootid 6 tid 106013
target_page_id id: 8 tid 106013
0 1 tid 106013
365 5 tid 106013
545 7 tid 106013
672 8 tid 106013
130 tid 106013
Insert  tid 106013
FindTargetPageId rootid 6 tid 106013
target_page_id id: 8 tid 106013
0 1 tid 106013
365 5 tid 106013
545 7 tid 106013
672 8 tid 106013
131 tid 106013
Insert  tid 106013
FindTargetPageId rootid 6 tid 106013
target_page_id id: 8 tid 106013
0 1 tid 106013
365 5 tid 106013
545 7 tid 106013
672 8 tid 106013
132 tid 106013
Insert  tid 106013
FindTargetPageId rootid 6 tid 106011
target_page_id id: 7 tid 106011
0 1 tid 106011
365 5 tid 106011
545 7 tid 106011
672 8 tid 106011
127 tid 106011
Insert  tid 106011
FindTargetPageId rootid 6 tid 106013
target_page_id id: 8 tid 106013
0 1 tid 106013
365 5 tid 106013
545 7 tid 106013
672 8 tid 106013
133 tid 106013
Insert  tid 106013
FindTargetPageId rootid 6 tid 106013
target_page_id id: 8 tid 106013
0 1 tid 106013
365 5 tid 106013
545 7 tid 106013
672 8 tid 106013
134 tid 106013
Insert  tid 106013
FindTargetPageId rootid 6 tid 106011
target_page_id id: 7 tid 106011
0 1 tid 106011
365 5 tid 106011
545 7 tid 106011
672 8 tid 106011
127 tid 106011
Insert  tid 106011
FindTargetPageId rootid 6 tid 106013
target_page_id id: 8 tid 106013
0 1 tid 106013
365 5 tid 106013
545 7 tid 106013
672 8 tid 106013
135 tid 106013
Insert  tid 106013
FindTargetPageId rootid 6 tid 106011
target_page_id id: 7 tid 106011
0 1 tid 106011
365 5 tid 106011
545 7 tid 106011
672 8 tid 106011
127 tid 106011
Insert  tid 106011
FindTargetPageId rootid 6 tid 106013
target_page_id id: 8 tid 106013
0 1 tid 106013
365 5 tid 106013
545 7 tid 106013
672 8 tid 106013
136 tid 106013
Insert  tid 106013
FindTargetPageId rootid 6 tid 106011
target_page_id id: 7 tid 106011
0 1 tid 106011
365 5 tid 106011
545 7 tid 106011
672 8 tid 106011
127 tid 106011
Insert  tid 106011
FindTargetPageId rootid 6 tid 106013
target_page_id id: 8 tid 106013
0 1 tid 106013
365 5 tid 106013
545 7 tid 106013
672 8 tid 106013
137 tid 106013
Insert  tid 106013
FindTargetPageId rootid 6 tid 106011
target_page_id id: 8 tid 106011
0 1 tid 106011
365 5 tid 106011
545 7 tid 106011
672 8 tid 106011
138 tid 106011
Insert  tid 106011
FindTargetPageId rootid 6 tid 106011
target_page_id id: 8 tid 106011
0 1 tid 106011
365 5 tid 106011
545 7 tid 106011
672 8 tid 106011
138 tid 106011
Insert  tid 106011
FindTargetPageId rootid 6 tid 106013
target_page_id id: 8 tid 106013
0 1 tid 106013
365 5 tid 106013
545 7 tid 106013
672 8 tid 106013
138 tid 106013
Insert  tid 106013
FindTargetPageId rootid 6 tid 106011
target_page_id id: 8 tid 106011
0 1 tid 106011
365 5 tid 106011
545 7 tid 106011
672 8 tid 106011
139 tid 106011
Insert  tid 106011
FindTargetPageId rootid 6 tid 106011
target_page_id id: 8 tid 106011
0 1 tid 106011
365 5 tid 106011
545 7 tid 106011
672 8 tid 106011
139 tid 106011
Insert  tid 106011
FindTargetPageId rootid 6 tid 106011
target_page_id id: 8 tid 106011
0 1 tid 106011
365 5 tid 106011
545 7 tid 106011
672 8 tid 106011
139 tid 106011
Insert  tid 106011
FindTargetPageId rootid 6 tid 106011
target_page_id id: 8 tid 106011
0 1 tid 106011
365 5 tid 106011
545 7 tid 106011
672 8 tid 106011
139 tid 106011
Insert  tid 106011
FindTargetPageId rootid 6 tid 106011
target_page_id id: 8 tid 106011
0 1 tid 106011
365 5 tid 106011
545 7 tid 106011
672 8 tid 106011
139 tid 106011
Insert  tid 106011
FindTargetPageId rootid 6 tid 106013
target_page_id id: 8 tid 106013
0 1 tid 106013
365 5 tid 106013
545 7 tid 106013
672 8 tid 106013
139 tid 106013
Insert  tid 106013
FindTargetPageId rootid 6 tid 106011
target_page_id id: 8 tid 106011
0 1 tid 106011
365 5 tid 106011
545 7 tid 106011
672 8 tid 106011
140 tid 106011
Insert  tid 106011
FindTargetPageId rootid 6 tid 106011
target_page_id id: 8 tid 106011
0 1 tid 106011
365 5 tid 106011
545 7 tid 106011
672 8 tid 106011
140 tid 106011
Insert  tid 106011
FindTargetPageId rootid 6 tid 106011
target_page_id id: 8 tid 106011
0 1 tid 106011
365 5 tid 106011
545 7 tid 106011
672 8 tid 106011
140 tid 106011
Insert  tid 106011
FindTargetPageId rootid 6 tid 106011
target_page_id id: 8 tid 106011
0 1 tid 106011
365 5 tid 106011
545 7 tid 106011
672 8 tid 106011
140 tid 106011
Insert  tid 106011
FindTargetPageId rootid 6 tid 106011
target_page_id id: 8 tid 106011
0 1 tid 106011
365 5 tid 106011
545 7 tid 106011
672 8 tid 106011
140 tid 106011
Insert  tid 106011
FindTargetPageId rootid 6 tid 106011
target_page_id id: 8 tid 106011
0 1 tid 106011
365 5 tid 106011
545 7 tid 106011
672 8 tid 106011
140 tid 106011
Insert  tid 106011
FindTargetPageId rootid 6 tid 106013
target_page_id id: 8 tid 106013
0 1 tid 106013
365 5 tid 106013
545 7 tid 106013
672 8 tid 106013
140 tid 106013
Insert  tid 106013
FindTargetPageId rootid 6 tid 106011
target_page_id id: 8 tid 106011
0 1 tid 106011
365 5 tid 106011
545 7 tid 106011
672 8 tid 106011
141 tid 106011
Insert  tid 106011
FindTargetPageId rootid 6 tid 106013
target_page_id id: 8 tid 106013
0 1 tid 106013
365 5 tid 106013
545 7 tid 106013
672 8 tid 106013
141 tid 106013
Insert  tid 106013
FindTargetPageId rootid 6 tid 106013
target_page_id id: 8 tid 106013
0 1 tid 106013
365 5 tid 106013
545 7 tid 106013
672 8 tid 106013
142 tid 106013
Insert  tid 106013
FindTargetPageId rootid 6 tid 106013
target_page_id id: 8 tid 106013
0 1 tid 106013
365 5 tid 106013
545 7 tid 106013
672 8 tid 106013
143 tid 106013
Insert  tid 106013
FindTargetPageId rootid 6 tid 106013
target_page_id id: 8 tid 106013
0 1 tid 106013
365 5 tid 106013
545 7 tid 106013
672 8 tid 106013
144 tid 106013
Insert  tid 106013
FindTargetPageId rootid 6 tid 106013
target_page_id id: 8 tid 106013
0 1 tid 106013
365 5 tid 106013
545 7 tid 106013
672 8 tid 106013
145 tid 106013
Insert  tid 106013
FindTargetPageId rootid 6 tid 106011
target_page_id id: 8 tid 106011
0 1 tid 106011
365 5 tid 106011
545 7 tid 106011
672 8 tid 106011
146 tid 106011
Insert  tid 106011
FindTargetPageId rootid 6 tid 106011
target_page_id id: 8 tid 106011
0 1 tid 106011
365 5 tid 106011
545 7 tid 106011
672 8 tid 106011
146 tid 106011
Insert  tid 106011
FindTargetPageId rootid 6 tid 106011
target_page_id id: 8 tid 106011
0 1 tid 106011
365 5 tid 106011
545 7 tid 106011
672 8 tid 106011
146 tid 106011
Insert  tid 106011
FindTargetPageId rootid 6 tid 106011
target_page_id id: 8 tid 106011
0 1 tid 106011
365 5 tid 106011
545 7 tid 106011
672 8 tid 106011
146 tid 106011
Insert  tid 106011
FindTargetPageId rootid 6 tid 106013
target_page_id id: 8 tid 106013
0 1 tid 106013
365 5 tid 106013
545 7 tid 106013
672 8 tid 106013
146 tid 106013
Insert  tid 106013
FindTargetPageId rootid 6 tid 106013
target_page_id id: 8 tid 106013
0 1 tid 106013
365 5 tid 106013
545 7 tid 106013
672 8 tid 106013
147 tid 106013
Insert  tid 106013
FindTargetPageId rootid 6 tid 106011
target_page_id id: 8 tid 106011
0 1 tid 106011
365 5 tid 106011
545 7 tid 106011
672 8 tid 106011
148 tid 106011
Insert  tid 106011
FindTargetPageId rootid 6 tid 106011
target_page_id id: 8 tid 106011
0 1 tid 106011
365 5 tid 106011
545 7 tid 106011
672 8 tid 106011
148 tid 106011
Insert  tid 106011
FindTargetPageId rootid 6 tid 106011
target_page_id id: 8 tid 106011
0 1 tid 106011
365 5 tid 106011
545 7 tid 106011
672 8 tid 106011
148 tid 106011
Insert  tid 106011
FindTargetPageId rootid 6 tid 106013
target_page_id id: 8 tid 106013
0 1 tid 106013
365 5 tid 106013
545 7 tid 106013
672 8 tid 106013
148 tid 106013
Insert  tid 106013
FindTargetPageId rootid 6 tid 106011
target_page_id id: 8 tid 106011
0 1 tid 106011
365 5 tid 106011
545 7 tid 106011
672 8 tid 106011
149 tid 106011
Insert  tid 106011
FindTargetPageId rootid 6 tid 106013
target_page_id id: 8 tid 106013
0 1 tid 106013
365 5 tid 106013
545 7 tid 106013
672 8 tid 106013
149 tid 106013
Insert  tid 106013
FindTargetPageId rootid 6 tid 106011
target_page_id id: 8 tid 106011
0 1 tid 106011
365 5 tid 106011
545 7 tid 106011
672 8 tid 106011
150 tid 106011
Insert  tid 106011
FindTargetPageId rootid 6 tid 106013
target_page_id id: 8 tid 106013
0 1 tid 106013
365 5 tid 106013
545 7 tid 106013
672 8 tid 106013
150 tid 106013
Insert  tid 106013
FindTargetPageId rootid 6 tid 106013
target_page_id id: 8 tid 106013
0 1 tid 106013
365 5 tid 106013
545 7 tid 106013
672 8 tid 106013
151 tid 106013
Insert  tid 106013
FindTargetPageId rootid 6 tid 106013
target_page_id id: 8 tid 106013
0 1 tid 106013
365 5 tid 106013
545 7 tid 106013
672 8 tid 106013
152 tid 106013
Insert  tid 106013
FindTargetPageId rootid 6 tid 106011
target_page_id id: 8 tid 106011
0 1 tid 106011
365 5 tid 106011
545 7 tid 106011
672 8 tid 106011
153 tid 106011
FindTargetPageId rootid 6 tid 106013
target_page_id id: 8 tid 106013
0 1 tid 106013
365 5 tid 106013
545 7 tid 106013
672 8 tid 106013
Insert  tid 106011
153 tid 106013
Insert  tid 106013
FindTargetPageId rootid 6 tid 106013
target_page_id id: 8 tid 106013
0 1 tid 106013
365 5 tid 106013
545 7 tid 106013
672 8 tid 106013
154 tid 106013
Insert  tid 106013
FindTargetPageId rootid 6 tid 106011
target_page_id id: 8 tid 106011
0 1 tid 106011
365 5 tid 106011
545 7 tid 106011
672 8 tid 106011
155 tid 106011
Insert  tid 106011
FindTargetPageId rootid 6 tid 106013
target_page_id id: 8 tid 106013
0 1 tid 106013
365 5 tid 106013
545 7 tid 106013
672 8 tid 106013
155 tid 106013
Insert  tid 106013
FindTargetPageId rootid 6 tid 106011
target_page_id id: 8 tid 106011
0 1 tid 106011
365 5 tid 106011
545 7 tid 106011
672 8 tid 106011
156 tid 106011
Insert  tid 106011
FindTargetPageId rootid 6 tid 106011
target_page_id id: 8 tid 106011
0 1 tid 106011
365 5 tid 106011
545 7 tid 106011
672 8 tid 106011
156 tid 106011
Insert  tid 106011
FindTargetPageId rootid 6 tid 106011
target_page_id id: 8 tid 106011
0 1 tid 106011
365 5 tid 106011
545 7 tid 106011
672 8 tid 106011
156 tid 106011
Insert  tid 106011
FindTargetPageId rootid 6 tid 106011
target_page_id id: 8 tid 106011
0 1 tid 106011
365 5 tid 106011
545 7 tid 106011
672 8 tid 106011
156 tid 106011
Insert  tid 106011
FindTargetPageId rootid 6 tid 106011
target_page_id id: 8 tid 106011
0 1 tid 106011
365 5 tid 106011
545 7 tid 106011
672 8 tid 106011
156 tid 106011
Insert  tid 106011
FindTargetPageId rootid 6 tid 106011
target_page_id id: 8 tid 106011
0 1 tid 106011
365 5 tid 106011
545 7 tid 106011
672 8 tid 106011
156 tid 106011
Insert  tid 106011
FindTargetPageId rootid 6 tid 106011
target_page_id id: 8 tid 106011
0 1 tid 106011
365 5 tid 106011
545 7 tid 106011
672 8 tid 106011
156 tid 106011
Insert  tid 106011
FindTargetPageId rootid 6 tid 106011
target_page_id id: 8 tid 106011
0 1 tid 106011
365 5 tid 106011
545 7 tid 106011
672 8 tid 106011
156 tid 106011
Insert  tid 106011
FindTargetPageId rootid 6 tid 106013
target_page_id id: 8 tid 106013
0 1 tid 106013
365 5 tid 106013
545 7 tid 106013
672 8 tid 106013
156 tid 106013
FindTargetPageId rootid 6 tid 106011
target_page_id id: 8 tid 106011
0 1 tid 106011
365 5 tid 106011
545 7 tid 106011
672 8 tid 106011
Insert  tid 106013
157 tid 106011
Insert  tid 106011
FindTargetPageId rootid 6 tid 106013
target_page_id id: 8 tid 106013
0 1 tid 106013
365 5 tid 106013
545 7 tid 106013
672 8 tid 106013
157 tid 106013
Insert  tid 106013
FindTargetPageId rootid 6 tid 106011
target_page_id id: 8 tid 106011
0 1 tid 106011
365 5 tid 106011
545 7 tid 106011
672 8 tid 106011
158 tid 106011
Insert  tid 106011
FindTargetPageId rootid 6 tid 106013
target_page_id id: 8 tid 106013
0 1 tid 106013
365 5 tid 106013
545 7 tid 106013
672 8 tid 106013
158 tid 106013
Insert  tid 106013
FindTargetPageId rootid 6 tid 106011
target_page_id id: 8 tid 106011
0 1 tid 106011
365 5 tid 106011
545 7 tid 106011
672 8 tid 106011
159 tid 106011
Insert  tid 106011
FindTargetPageId rootid 6 tid 106013
target_page_id id: 8 tid 106013
0 1 tid 106013
365 5 tid 106013
545 7 tid 106013
672 8 tid 106013
159 tid 106013
Insert  tid 106013
FindTargetPageId rootid 6 tid 106013
target_page_id id: 8 tid 106013
0 1 tid 106013
365 5 tid 106013
545 7 tid 106013
672 8 tid 106013
160 tid 106013
Insert  tid 106013
FindTargetPageId rootid 6 tid 106013
target_page_id id: 8 tid 106013
0 1 tid 106013
365 5 tid 106013
545 7 tid 106013
672 8 tid 106013
161 tid 106013
Insert  tid 106013
FindTargetPageId rootid 6 tid 106013
target_page_id id: 8 tid 106013
0 1 tid 106013
365 5 tid 106013
545 7 tid 106013
672 8 tid 106013
162 tid 106013
Insert  tid 106013
FindTargetPageId rootid 6 tid 106013
target_page_id id: 8 tid 106013
0 1 tid 106013
365 5 tid 106013
545 7 tid 106013
672 8 tid 106013
163 tid 106013
Insert  tid 106013
FindTargetPageId rootid 6 tid 106013
target_page_id id: 8 tid 106013
0 1 tid 106013
365 5 tid 106013
545 7 tid 106013
672 8 tid 106013
164 tid 106013
Insert  tid 106013
FindTargetPageId rootid 6 tid 106013
target_page_id id: 8 tid 106013
0 1 tid 106013
365 5 tid 106013
545 7 tid 106013
672 8 tid 106013
165 tid 106013
Insert  tid 106013
FindTargetPageId rootid 6 tid 106013
target_page_id id: 8 tid 106013
0 1 tid 106013
365 5 tid 106013
545 7 tid 106013
672 8 tid 106013
166 tid 106013
Insert  tid 106013
FindTargetPageId rootid 6 tid 106013
target_page_id id: 8 tid 106013
0 1 tid 106013
365 5 tid 106013
545 7 tid 106013
672 8 tid 106013
167 tid 106013
Insert  tid 106013
FindTargetPageId rootid 6 tid 106013
target_page_id id: 8 tid 106013
0 1 tid 106013
365 5 tid 106013
545 7 tid 106013
672 8 tid 106013
168 tid 106013
Insert  tid 106013
FindTargetPageId rootid 6 tid 106013
target_page_id id: 8 tid 106013
0 1 tid 106013
365 5 tid 106013
545 7 tid 106013
672 8 tid 106013
169 tid 106013
Insert  tid 106013
FindTargetPageId rootid 6 tid 106013
target_page_id id: 8 tid 106013
0 1 tid 106013
365 5 tid 106013
545 7 tid 106013
672 8 tid 106013
170 tid 106013
Insert  tid 106013
FindTargetPageId rootid 6 tid 106013
target_page_id id: 8 tid 106013
0 1 tid 106013
365 5 tid 106013
545 7 tid 106013
672 8 tid 106013
171 tid 106013
Insert  tid 106013
FindTargetPageId rootid 6 tid 106011
target_page_id id: 8 tid 106011
0 1 tid 106011
365 5 tid 106011
545 7 tid 106011
672 8 tid 106011
172 tid 106011
Insert  tid 106011
FindTargetPageId rootid 6 tid 106011
target_page_id id: 8 tid 106011
0 1 tid 106011
365 5 tid 106011
545 7 tid 106011
672 8 tid 106011
172 tid 106011
Insert  tid 106011
FindTargetPageId rootid 6 tid 106011
target_page_id id: 8 tid 106011
0 1 tid 106011
365 5 tid 106011
545 7 tid 106011
672 8 tid 106011
172 tid 106011
Insert  tid 106011
FindTargetPageId rootid 6 tid 106011
target_page_id id: 8 tid 106011
0 1 tid 106011
365 5 tid 106011
545 7 tid 106011
672 8 tid 106011
172 tid 106011
Insert  tid 106011
FindTargetPageId rootid 6 tid 106011
target_page_id id: 8 tid 106011
0 1 tid 106011
365 5 tid 106011
545 7 tid 106011
672 8 tid 106011
172 tid 106011
Insert  tid 106011
FindTargetPageId rootid 6 tid 106011
target_page_id id: 8 tid 106011
0 1 tid 106011
365 5 tid 106011
545 7 tid 106011
672 8 tid 106011
172 tid 106011
Insert  tid 106011
FindTargetPageId rootid 6 tid 106011
target_page_id id: 8 tid 106011
0 1 tid 106011
365 5 tid 106011
545 7 tid 106011
672 8 tid 106011
172 tid 106011
Insert  tid 106011
FindTargetPageId rootid 6 tid 106011
target_page_id id: 8 tid 106011
0 1 tid 106011
365 5 tid 106011
545 7 tid 106011
672 8 tid 106011
172 tid 106011
Insert  tid 106011
FindTargetPageId rootid 6 tid 106011
target_page_id id: 8 tid 106011
0 1 tid 106011
365 5 tid 106011
545 7 tid 106011
672 8 tid 106011
172 tid 106011
Insert  tid 106011
FindTargetPageId rootid 6 tid 106011
target_page_id id: 8 tid 106011
0 1 tid 106011
365 5 tid 106011
545 7 tid 106011
672 8 tid 106011
172 tid 106011
Insert  tid 106011
FindTargetPageId rootid 6 tid 106011
target_page_id id: 8 tid 106011
0 1 tid 106011
365 5 tid 106011
545 7 tid 106011
672 8 tid 106011
172 tid 106011
Insert  tid 106011
FindTargetPageId rootid 6 tid 106011
target_page_id id: 8 tid 106011
0 1 tid 106011
365 5 tid 106011
545 7 tid 106011
672 8 tid 106011
172 tid 106011
Insert  tid 106011
FindTargetPageId rootid 6 tid 106013
target_page_id id: 8 tid 106013
0 1 tid 106013
365 5 tid 106013
545 7 tid 106013
672 8 tid 106013
172 tid 106013
Insert  tid 106013
FindTargetPageId rootid 6 tid 106013
target_page_id id: 8 tid 106013
0 1 tid 106013
365 5 tid 106013
545 7 tid 106013
672 8 tid 106013
173 tid 106013
Insert  tid 106013
FindTargetPageId rootid 6 tid 106013
target_page_id id: 8 tid 106013
0 1 tid 106013
365 5 tid 106013
545 7 tid 106013
672 8 tid 106013
174 tid 106013
Insert  tid 106013
FindTargetPageId rootid 6 tid 106011
target_page_id id: 8 tid 106011
0 1 tid 106011
365 5 tid 106011
545 7 tid 106011
672 8 tid 106011
175 tid 106011
Insert  tid 106011
FindTargetPageId rootid 6 tid 106011
target_page_id id: 8 tid 106011
0 1 tid 106011
365 5 tid 106011
545 7 tid 106011
672 8 tid 106011
175 tid 106011
Insert  tid 106011
FindTargetPageId rootid 6 tid 106011
target_page_id id: 8 tid 106011
0 1 tid 106011
365 5 tid 106011
545 7 tid 106011
672 8 tid 106011
175 tid 106011
Insert  tid 106011
FindTargetPageId rootid 6 tid 106013
target_page_id id: 8 tid 106013
0 1 tid 106013
365 5 tid 106013
545 7 tid 106013
672 8 tid 106013
175 tid 106013
Insert  tid 106013
FindTargetPageId rootid 6 tid 106013
target_page_id id: 8 tid 106013
0 1 tid 106013
365 5 tid 106013
545 7 tid 106013
672 8 tid 106013
176 tid 106013
Insert  tid 106013
FindTargetPageId rootid 6 tid 106013
target_page_id id: 8 tid 106013
0 1 tid 106013
365 5 tid 106013
545 7 tid 106013
672 8 tid 106013
177 tid 106013
Insert  tid 106013
FindTargetPageId rootid 6 tid 106013
target_page_id id: 8 tid 106013
0 1 tid 106013
365 5 tid 106013
545 7 tid 106013
672 8 tid 106013
178 tid 106013
Insert  tid 106013
FindTargetPageId rootid 6 tid 106013
target_page_id id: 8 tid 106013
0 1 tid 106013
365 5 tid 106013
545 7 tid 106013
672 8 tid 106013
179 tid 106013
Insert  tid 106013
FindTargetPageId rootid 6 tid 106013
target_page_id id: 8 tid 106013
0 1 tid 106013
365 5 tid 106013
545 7 tid 106013
672 8 tid 106013
180 tid 106013
Insert  tid 106013
FindTargetPageId rootid 6 tid 106013
target_page_id id: 8 tid 106013
0 1 tid 106013
365 5 tid 106013
545 7 tid 106013
672 8 tid 106013
181 tid 106013
Insert  tid 106013
FindTargetPageId rootid 6 tid 106013
target_page_id id: 8 tid 106013
0 1 tid 106013
365 5 tid 106013
545 7 tid 106013
672 8 tid 106013
182 tid 106013
Insert  tid 106013
FindTargetPageId rootid 6 tid 106013
target_page_id id: 8 tid 106013
0 1 tid 106013
365 5 tid 106013
545 7 tid 106013
672 8 tid 106013
183 tid 106013
Insert  tid 106013
FindTargetPageId rootid 6 tid 106013
target_page_id id: 8 tid 106013
0 1 tid 106013
365 5 tid 106013
545 7 tid 106013
672 8 tid 106013
184 tid 106013
Insert  tid 106013
FindTargetPageId rootid 6 tid 106013
target_page_id id: 8 tid 106013
0 1 tid 106013
365 5 tid 106013
545 7 tid 106013
672 8 tid 106013
185 tid 106013
Insert  tid 106013
FindTargetPageId rootid 6 tid 106013
target_page_id id: 8 tid 106013
0 1 tid 106013
365 5 tid 106013
545 7 tid 106013
672 8 tid 106013
186 tid 106013
Insert  tid 106013
FindTargetPageId rootid 6 tid 106013
target_page_id id: 8 tid 106013
0 1 tid 106013
365 5 tid 106013
545 7 tid 106013
672 8 tid 106013
187 tid 106013
Insert  tid 106013
FindTargetPageId rootid 6 tid 106013
target_page_id id: 8 tid 106013
0 1 tid 106013
365 5 tid 106013
545 7 tid 106013
672 8 tid 106013
188 tid 106013
Insert  tid 106013
FindTargetPageId rootid 6 tid 106013
target_page_id id: 8 tid 106013
0 1 tid 106013
365 5 tid 106013
545 7 tid 106013
672 8 tid 106013
189 tid 106013
Insert  tid 106013
FindTargetPageId rootid 6 tid 106013
target_page_id id: 8 tid 106013
0 1 tid 106013
365 5 tid 106013
545 7 tid 106013
672 8 tid 106013
190 tid 106013
Insert  tid 106013
FindTargetPageId rootid 6 tid 106013
target_page_id id: 8 tid 106013
0 1 tid 106013
365 5 tid 106013
545 7 tid 106013
672 8 tid 106013
191 tid 106013
Insert  tid 106013
FindTargetPageId rootid 6 tid 106013
target_page_id id: 8 tid 106013
0 1 tid 106013
365 5 tid 106013
545 7 tid 106013
672 8 tid 106013
192 tid 106013
Insert  tid 106013
FindTargetPageId rootid 6 tid 106013
target_page_id id: 8 tid 106013
0 1 tid 106013
365 5 tid 106013
545 7 tid 106013
672 8 tid 106013
193 tid 106013
Insert  tid 106013
FindTargetPageId rootid 6 tid 106013
target_page_id id: 8 tid 106013
0 1 tid 106013
365 5 tid 106013
545 7 tid 106013
672 8 tid 106013
194 tid 106013
Insert  tid 106013
FindTargetPageId rootid 6 tid 106013
target_page_id id: 8 tid 106013
0 1 tid 106013
365 5 tid 106013
545 7 tid 106013
672 8 tid 106013
195 tid 106013
Insert  tid 106013
FindTargetPageId rootid 6 tid 106013
target_page_id id: 8 tid 106013
0 1 tid 106013
365 5 tid 106013
545 7 tid 106013
672 8 tid 106013
196 tid 106013
Insert  tid 106013
FindTargetPageId rootid 6 tid 106013
target_page_id id: 8 tid 106013
0 1 tid 106013
365 5 tid 106013
545 7 tid 106013
672 8 tid 106013
197 tid 106013
Insert  tid 106013
FindTargetPageId rootid 6 tid 106013
target_page_id id: 8 tid 106013
0 1 tid 106013
365 5 tid 106013
545 7 tid 106013
672 8 tid 106013
198 tid 106013
Insert  tid 106013
FindTargetPageId rootid 6 tid 106013
target_page_id id: 8 tid 106013
0 1 tid 106013
365 5 tid 106013
545 7 tid 106013
672 8 tid 106013
199 tid 106013
Insert  tid 106013
FindTargetPageId rootid 6 tid 106011
target_page_id id: 8 tid 106011
0 1 tid 106011
365 5 tid 106011
545 7 tid 106011
672 8 tid 106011
200 tid 106011
Insert  tid 106011
FindTargetPageId rootid 6 tid 106011
target_page_id id: 8 tid 106011
0 1 tid 106011
365 5 tid 106011
545 7 tid 106011
672 8 tid 106011
200 tid 106011
Insert  tid 106011
FindTargetPageId rootid 6 tid 106011
target_page_id id: 8 tid 106011
0 1 tid 106011
365 5 tid 106011
545 7 tid 106011
672 8 tid 106011
200 tid 106011
Insert  tid 106011
FindTargetPageId rootid 6 tid 106013
target_page_id id: 8 tid 106013
0 1 tid 106013
365 5 tid 106013
545 7 tid 106013
672 8 tid 106013
200 tid 106013
Insert  tid 106013
FindTargetPageId rootid 6 tid 106011
target_page_id id: 8 tid 106011
0 1 tid 106011
365 5 tid 106011
545 7 tid 106011
672 8 tid 106011
201 tid 106011
Insert  tid 106011
FindTargetPageId rootid 6 tid 106011
target_page_id id: 8 tid 106011
0 1 tid 106011
365 5 tid 106011
545 7 tid 106011
672 8 tid 106011
201 tid 106011
Insert  tid 106011
FindTargetPageId rootid 6 tid 106013
target_page_id id: 8 tid 106013
0 1 tid 106013
365 5 tid 106013
545 7 tid 106013
672 8 tid 106013
201 tid 106013
Insert  tid 106013
FindTargetPageId rootid 6 tid 106011
target_page_id id: 8 tid 106011
0 1 tid 106011
365 5 tid 106011
545 7 tid 106011
672 8 tid 106011
202 tid 106011
Insert  tid 106011
FindTargetPageId rootid 6 tid 106013
target_page_id id: 8 tid 106013
0 1 tid 106013
365 5 tid 106013
545 7 tid 106013
672 8 tid 106013
202 tid 106013
Insert  tid 106013
FindTargetPageId rootid 6 tid 106011
target_page_id id: 8 tid 106011
0 1 tid 106011
365 5 tid 106011
545 7 tid 106011
672 8 tid 106011
203 tid 106011
Insert  tid 106011
FindTargetPageId rootid 6 tid 106013
target_page_id id: 8 tid 106013
0 1 tid 106013
365 5 tid 106013
545 7 tid 106013
672 8 tid 106013
203 tid 106013
FindTargetPageId rootid 6 tid 106011
Insert target_page_id id: 8 tid 106011
0 1 tid 106011
365 5 tid 106011
545 7 tid 106011
672 8 tid 106011
204 tid 106011
 tid 106013
FindTargetPageId rootid 6 tid 106013
Insert target_page_id id: 8 tid 106013
0 1 tid 106013
365 5 tid 106013
545 7 tid 106013
672 8 tid 106013
204 tid 106013
 tid 106011
Insert  tid 106013
FindTargetPageId rootid 6 tid 106011
target_page_id id: 8 tid 106011
0 1 tid 106011
365 5 tid 106011
545 7 tid 106011
672 8 tid 106011
205 tid 106011
Insert  tid 106011
FindTargetPageId rootid 6 tid 106013
target_page_id id: 8 tid 106013
0 1 tid 106013
365 5 tid 106013
545 7 tid 106013
672 8 tid 106013
205 tid 106013
Insert  tid 106013
FindTargetPageId rootid 6 tid 106013
target_page_id id: 8 tid 106013
0 1 tid 106013
365 5 tid 106013
545 7 tid 106013
672 8 tid 106013
206 tid 106013
Insert  tid 106013
FindTargetPageId rootid 6 tid 106011
target_page_id id: 8 tid 106011
0 1 tid 106011
365 5 tid 106011
545 7 tid 106011
672 8 tid 106011
207 tid 106011
Insert  tid 106011
FindTargetPageId rootid 6 tid 106013
target_page_id id: 8 tid 106013
0 1 tid 106013
365 5 tid 106013
545 7 tid 106013
672 8 tid 106013
207 tid 106013
Insert  tid 106013
FindTargetPageId rootid 6 tid 106011
target_page_id id: 8 tid 106011
0 1 tid 106011
365 5 tid 106011
545 7 tid 106011
672 8 tid 106011
208 tid 106011
Insert  tid 106011
FindTargetPageId rootid 6 tid 106013
target_page_id id: 8 tid 106013
0 1 tid 106013
365 5 tid 106013
545 7 tid 106013
672 8 tid 106013
208 tid 106013
Insert  tid 106013
FindTargetPageId rootid 6 tid 106011
target_page_id id: 8 tid 106011
0 1 tid 106011
365 5 tid 106011
545 7 tid 106011
672 8 tid 106011
209 tid 106011
Insert  tid 106011
FindTargetPageId rootid 6 tid 106011
target_page_id id: 8 tid 106011
0 1 tid 106011
365 5 tid 106011
545 7 tid 106011
672 8 tid 106011
209 tid 106011
Insert  tid 106011
FindTargetPageId rootid 6 tid 106011
target_page_id id: 8 tid 106011
0 1 tid 106011
365 5 tid 106011
545 7 tid 106011
672 8 tid 106011
209 tid 106011
Insert  tid 106011
FindTargetPageId rootid 6 tid 106013
target_page_id id: 8 tid 106013
0 1 tid 106013
365 5 tid 106013
545 7 tid 106013
672 8 tid 106013
209 tid 106013
Insert  tid 106013
FindTargetPageId rootid 6 tid 106011
target_page_id id: 8 tid 106011
0 1 tid 106011
365 5 tid 106011
545 7 tid 106011
672 8 tid 106011
210 tid 106011
Insert  tid 106011
FindTargetPageId rootid 6 tid 106011
target_page_id id: 8 tid 106011
0 1 tid 106011
365 5 tid 106011
545 7 tid 106011
672 8 tid 106011
210 tid 106011
Insert  tid 106011
FindTargetPageId rootid 6 tid 106011
target_page_id id: 8 tid 106011
0 1 tid 106011
365 5 tid 106011
545 7 tid 106011
672 8 tid 106011
210 tid 106011
Insert  tid 106011
FindTargetPageId rootid 6 tid 106011
target_page_id id: 8 tid 106011
0 1 tid 106011
365 5 tid 106011
545 7 tid 106011
672 8 tid 106011
210 tid 106011
Insert  tid 106011
FindTargetPageId rootid 6 tid 106013
target_page_id id: 8 tid 106013
0 1 tid 106013
365 5 tid 106013
545 7 tid 106013
672 8 tid 106013
210 tid 106013
Insert  tid 106013
FindTargetPageId rootid 6 tid 106011
target_page_id id: 8 tid 106011
0 1 tid 106011
365 5 tid 106011
545 7 tid 106011
672 8 tid 106011
211 tid 106011
Insert  tid 106011
FindTargetPageId rootid 6 tid 106013
target_page_id id: 8 tid 106013
0 1 tid 106013
365 5 tid 106013
545 7 tid 106013
672 8 tid 106013
211 tid 106013
Insert  tid 106013
FindTargetPageId rootid 6 tid 106011
target_page_id id: 8 tid 106011
0 1 tid 106011
365 5 tid 106011
545 7 tid 106011
672 8 tid 106011
212 tid 106011
Insert  tid 106011
FindTargetPageId rootid 6 tid 106013
target_page_id id: 8 tid 106013
0 1 tid 106013
365 5 tid 106013
545 7 tid 106013
672 8 tid 106013
212 tid 106013
Insert  tid 106013
FindTargetPageId rootid 6 tid 106011
target_page_id id: 8 tid 106011
0 1 tid 106011
365 5 tid 106011
545 7 tid 106011
672 8 tid 106011
213 tid 106011
Insert  tid 106011
FindTargetPageId rootid 6 tid 106011
target_page_id id: 8 tid 106011
0 1 tid 106011
365 5 tid 106011
545 7 tid 106011
672 8 tid 106011
213 tid 106011
Insert  tid 106011
FindTargetPageId rootid 6 tid 106011
target_page_id id: 8 tid 106011
0 1 tid 106011
365 5 tid 106011
545 7 tid 106011
672 8 tid 106011
213 tid 106011
Insert  tid 106011
FindTargetPageId rootid 6 tid 106011
target_page_id id: 8 tid 106011
0 1 tid 106011
365 5 tid 106011
545 7 tid 106011
672 8 tid 106011
213 tid 106011
FindTargetPageId rootid 6 tid 106013
target_page_id id: 8 tid 106013
0 1 tid 106013
365 5 tid 106013
545 7 tid 106013
672 8 tid 106013
213 tid 106013
Insert  tid 106013
Insert  tid 106011
FindTargetPageId rootid 6 tid 106013
target_page_id id: 8 tid 106013
0 1 tid 106013
365 5 tid 106013
545 7 tid 106013
672 8 tid 106013
214 tid 106013
Insert  tid 106013
FindTargetPageId rootid 6 tid 106011
target_page_id id: 8 tid 106011
0 1 tid 106011
365 5 tid 106011
545 7 tid 106011
672 8 tid 106011
215 tid 106011
Insert  tid 106011
FindTargetPageId rootid 6 tid 106013
target_page_id id: 8 tid 106013
0 1 tid 106013
365 5 tid 106013
545 7 tid 106013
672 8 tid 106013
215 tid 106013
Insert  tid 106013
FindTargetPageId rootid 6 tid 106013
target_page_id id: 8 tid 106013
0 1 tid 106013
365 5 tid 106013
545 7 tid 106013
672 8 tid 106013
216 tid 106013
FindTargetPageId rootid 6 tid 106011
target_page_id id: 8 tid 106011
0 1 tid 106011
365 5 tid 106011
545 7 tid 106011
672 8 tid 106011
217 tid 106011
Insert  tid 106013
FindTargetPageId rootid 6 tid 106013
target_page_id id: 8 tid 106013
0 1 tid 106013
365 5 tid Insert 106013
545 7 tid 106013
672 8 tid 106013
 tid 106011
217 tid 106013
Insert  tid 106013
FindTargetPageId rootid 6 tid 106011
target_page_id id: 8 tid 106011
0 1 tid 106011
365 5 tid 106011
545 7 tid 106011
672 8 tid 106011
218 tid 106011
Insert  tid 106011
FindTargetPageId rootid 6 tid 106013
target_page_id id: 8 tid 106013
0 1 tid 106013
365 5 tid 106013
545 7 tid 106013
672 8 tid 106013
218 tid 106013
Insert  tid 106013
FindTargetPageId rootid 6 tid 106011
target_page_id id: 8 tid 106011
0 1 tid 106011
365 5 tid 106011
545 7 tid 106011
672 8 tid 106011
219 tid 106011
Insert  tid 106011
FindTargetPageId rootid 6 tid 106013
target_page_id id: 8 tid 106013
0 1 tid 106013
365 5 tid 106013
545 7 tid 106013
672 8 tid 106013
219 tid 106013
Insert  tid 106013
FindTargetPageId rootid 6 tid 106011
target_page_id id: 8 tid 106011
0 1 tid 106011
365 5 tid 106011
545 7 tid 106011
672 8 tid 106011
220 tid 106011
Insert  tid 106011
FindTargetPageId rootid 6 tid 106011
target_page_id id: 8 tid 106011
0 1 tid 106011
365 5 tid 106011
545 7 tid 106011
672 8 tid 106011
220 tid 106011
Insert  tid 106011
FindTargetPageId rootid 6 tid 106013
target_page_id id: 8 tid 106013
0 1 tid 106013
365 5 tid 106013
545 7 tid 106013
672 8 tid 106013
220 tid 106013
Insert  tid 106013
FindTargetPageId rootid 6 tid 106011
target_page_id id: 8 tid 106011
0 1 tid 106011
365 5 tid 106011
545 7 tid 106011
672 8 tid 106011
221 tid 106011
Insert  tid 106011
FindTargetPageId rootid 6 tid 106013
target_page_id id: 8 tid 106013
0 1 tid 106013
365 5 tid 106013
545 7 tid 106013
672 8 tid 106013
221 tid 106013
Insert  tid 106013
FindTargetPageId rootid 6 tid 106011
target_page_id id: 8 tid 106011
0 1 tid 106011
365 5 tid 106011
545 7 tid 106011
672 8 tid 106011
222 tid 106011
Insert  tid 106011
FindTargetPageId rootid 6 tid 106013
target_page_id id: 8 tid 106013
0 1 tid 106013
365 5 tid 106013
545 7 tid 106013
672 8 tid 106013
222 tid 106013
Insert  tid 106013
FindTargetPageId rootid 6 tid 106011
target_page_id id: 8 tid 106011
0 1 tid 106011
365 5 tid 106011
545 7 tid 106011
672 8 tid 106011
223 tid 106011
Insert  tid 106011
FindTargetPageId rootid 6 tid 106013
target_page_id id: 8 tid 106013
0 1 tid 106013
365 5 tid 106013
545 7 tid 106013
672 8 tid 106013
223 tid 106013
Insert  tid 106013
FindTargetPageId rootid 6 tid 106011
target_page_id id: 8 tid 106011
0 1 tid 106011
365 5 tid 106011
545 7 tid 106011
672 8 tid 106011
224 tid 106011
Insert  tid 106011
FindTargetPageId rootid 6 tid 106013
target_page_id id: 8 tid 106013
0 1 tid 106013
365 5 tid 106013
545 7 tid 106013
672 8 tid 106013
224 tid 106013
Insert  tid 106013
FindTargetPageId rootid 6 tid 106013
target_page_id id: 8 tid 106013
0 1 tid 106013
365 5 tid 106013
545 7 tid 106013
672 8 tid 106013
225 tid 106013
Insert  tid 106013
FindTargetPageId rootid 6 tid 106011
target_page_id id: 8 tid 106011
0 1 tid 106011
365 5 tid 106011
545 7 tid 106011
672 8 tid 106011
226 tid 106011
Insert  tid 106011
FindTargetPageId rootid 6 tid 106013
target_page_id id: 8 tid 106013
0 1 tid 106013
365 5 tid 106013
545 7 tid 106013
672 8 tid 106013
226 tid 106013
FindTargetPageId rootid 6 tid Insert  tid 106013
106011
target_page_id id: 8 tid 106011
0 1 tid 106011
365 5 tid 106011
545 7 tid 106011
672 8 tid 106011
227 tid 106011
Insert  tid 106011
FindTargetPageId rootid 6 tid 106013
target_page_id id: 8 tid 106013
0 1 tid 106013
365 5 tid 106013
545 7 tid 106013
672 8 tid 106013
227 tid 106013
Insert  tid 106013
FindTargetPageId rootid 6 tid 106011
target_page_id id: 8 tid 106011
0 1 tid 106011
365 5 tid 106011
545 7 tid 106011
672 8 tid 106011
228 tid 106011
Insert  tid 106011
FindTargetPageId rootid 6 tid 106013
target_page_id id: 8 tid 106013
0 1 tid 106013
365 5 tid 106013
545 7 tid 106013
672 8 tid 106013
228 tid 106013
Insert  tid 106013
FindTargetPageId rootid 6 tid 106011
target_page_id id: 8 tid 106011
0 1 tid 106011
365 5 tid 106011
545 7 tid 106011
672 8 tid 106011
229 tid 106011
Insert  tid 106011
FindTargetPageId rootid 6 tid 106013
target_page_id id: 8 tid 106013
0 1 tid 106013
365 5 tid 106013
545 7 tid 106013
672 8 tid 106013
229 tid 106013
Insert  tid 106013
FindTargetPageId rootid 6 tid 106011
target_page_id id: 8 tid 106011
0 1 tid 106011
365 5 tid 106011
545 7 tid 106011
672 8 tid 106011
230 tid 106011
Insert  tid 106011
FindTargetPageId rootid 6 tid 106013
target_page_id id: 8 tid 106013
0 1 tid 106013
365 5 tid 106013
545 7 tid 106013
672 8 tid 106013
230 tid 106013
FindTargetPageId rootid 6 tid 106011
target_page_id id: 8 tid 106011
0 1 tid 106011
365 5 tid 106011
545 7 tid 106011
672 8 tid 106011
231 tid 106011
Insert  tid 106011
FindTargetPageId rootid 6 tid 106011
target_page_id id: 8 tid 106011
0 1 tid 106011
365 5 tid 106011
545 7 tid 106011
672 8 tid 106011
231 tid 106011
Insert Insert  tid 106011
FindTargetPageId rootid 6 tid 106011
target_page_id id: 8 tid 106011
0 1 tid 106011
365 5 tid 106011
545 7 tid 106011
672 8 tid 106011
231 tid 106011
Insert  tid 106011
FindTargetPageId rootid 6 tid 106011
target_page_id id: 8 tid 106011
0 1 tid 106011
365 5 tid 106011
545 7 tid 106011
672 8 tid 106011
231 tid 106011
Insert  tid 106011
 tid 106013
FindTargetPageId rootid 6 tid 106013
target_page_id id: 8 tid 106013
0 1 tid 106013
365 5 tid 106013
545 7 tid 106013
672 8 tid 106013
231 tid 106013
Insert  tid 106013
FindTargetPageId rootid 6 tid 106011
target_page_id id: 8 tid 106011
0 1 tid 106011
365 5 tid 106011
545 7 tid 106011
672 8 tid 106011
232 tid 106011
Insert  tid 106011
FindTargetPageId rootid 6 tid 106013
target_page_id id: 8 tid 106013
0 1 tid 106013
365 5 tid 106013
545 7 tid 106013
672 8 tid 106013
232 tid 106013
Insert  tid 106013
FindTargetPageId rootid 6 tid 106011
target_page_id id: 8 tid 106011
0 1 tid 106011
365 5 tid 106011
545 7 tid 106011
672 8 tid 106011
233 tid 106011
Insert  tid 106011
FindTargetPageId rootid 6 tid 106013
target_page_id id: 8 tid 106013
0 1 tid 106013
365 5 tid 106013
545 7 tid 106013
672 8 tid 106013
233 tid 106013
Insert  tid 106013
FindTargetPageId rootid 6 tid 106013
target_page_id id: 8 tid 106013
0 1 tid 106013
365 5 tid 106013
545 7 tid 106013
672 8 tid 106013
234 tid 106013
Insert  tid 106013
FindTargetPageId rootid 6 tid 106011
target_page_id id: 8 tid 106011
0 1 tid 106011
365 5 tid 106011
545 7 tid 106011
672 8 tid 106011
235 tid 106011
Insert  tid 106011
FindTargetPageId rootid 6 tid 106011
target_page_id id: 8 tid 106011
0 1 tid 106011
365 5 tid 106011
545 7 tid 106011
672 8 tid 106011
235 tid 106011
Insert  tid 106011
FindTargetPageId rootid 6 tid 106011
target_page_id id: 8 tid 106011
0 1 tid 106011
365 5 tid 106011
545 7 tid 106011
672 8 tid 106011
235 tid 106011
Insert  tid 106011
FindTargetPageId rootid 6 tid 106011
target_page_id id: 8 tid 106011
0 1 tid 106011
365 5 tid 106011
545 7 tid 106011
672 8 tid 106011
235 tid 106011
Insert  tid 106011
FindTargetPageId rootid 6 tid 106011
target_page_id id: 8 tid 106011
0 1 tid 106011
365 5 tid 106011
545 7 tid 106011
672 8 tid 106011
235 tid 106011
FindTargetPageId rootid 6 tid 106013
target_page_id id: 8Insert  tid 106011
 tid 106013
0 1 tid 106013
365 5 tid 106013
545 7 tid 106013
672 8 tid 106013
235 tid 106013
Insert  tid 106013
FindTargetPageId rootid 6 tid 106013
target_page_id id: 8 tid 106013
0 1 tid 106013
365 5 tid 106013
545 7 tid 106013
672 8 tid 106013
236 tid 106013
Insert  tid 106013
FindTargetPageId rootid 6 tid 106013
target_page_id id: 8 tid 106013
0 1 tid 106013
365 5 tid 106013
545 7 tid 106013
672 8 tid 106013
237 tid 106013
Insert  tid 106013
FindTargetPageId rootid 6 tid 106011
target_page_id id: 8 tid 106011
0 1 tid 106011
365 5 tid 106011
545 7 tid 106011
672 8 tid 106011
238 tid 106011
Insert  tid 106011
FindTargetPageId rootid 6 tid 106013
target_page_id id: 8 tid 106013
0 1 tid 106013
365 5 tid 106013
545 7 tid 106013
672 8 tid 106013
238 tid 106013
Insert  tid 106013
FindTargetPageId rootid 6 tid 106011
target_page_id id: 8 tid 106011
0 1 tid 106011
365 5 tid 106011
545 7 tid 106011
672 8 tid 106011
239 tid 106011
Insert  tid 106011
FindTargetPageId rootid 6 tid 106013
target_page_id id: 8 tid 106013
0 1 tid 106013
365 5 tid 106013
545 7 tid 106013
672 8 tid 106013
239 tid 106013
Insert  tid 106013
FindTargetPageId rootid 6 tid 106011
target_page_id id: 8 tid 106011
0 1 tid 106011
365 5 tid 106011
545 7 tid 106011
672 8 tid 106011
240 tid 106011
Insert  tid 106011
FindTargetPageId rootid 6 tid 106011
target_page_id id: 8 tid 106011
0 1 tid 106011
365 5 tid 106011
545 7 tid 106011
672 8 tid 106011
240 tid 106011
Insert  tid 106011
FindTargetPageId rootid 6 tid 106011
target_page_id id: 8 tid 106011
0 1 tid 106011
365 5 tid 106011
545 7 tid 106011
672 8 tid 106011
240 tid 106011
Insert  tid 106011
FindTargetPageId rootid 6 tid 106013
target_page_id id: 8 tid 106013
0 1 tid 106013
365 5 tid 106013
545 7 tid 106013
672 8 tid 106013
240 tid 106013
Insert  tid 106013
FindTargetPageId rootid 6 tid 106013
target_page_id id: 8 tid 106013
0 1 tid 106013
365 5 tid 106013
545 7 tid 106013
672 8 tid 106013
241 tid 106013
Insert  tid 106013
FindTargetPageId rootid 6 tid 106013
target_page_id id: 8 tid 106013
0 1 tid 106013
365 5 tid 106013
545 7 tid 106013
672 8 tid 106013
242 tid 106013
Insert  tid 106013
FindTargetPageId rootid 6 tid 106013
target_page_id id: 8 tid 106013
0 1 tid 106013
365 5 tid 106013
545 7 tid 106013
672 8 tid 106013
243 tid 106013
Insert  tid 106013
FindTargetPageId rootid 6 tid 106013
target_page_id id: 8 tid 106013
0 1 tid 106013
365 5 tid 106013
545 7 tid 106013
672 8 tid 106013
244 tid 106013
Insert  tid 106013
FindTargetPageId rootid 6 tid 106013
target_page_id id: 8 tid 106013
0 1 tid 106013
365 5 tid 106013
545 7 tid 106013
672 8 tid 106013
245 tid 106013
Insert  tid 106013
FindTargetPageId rootid 6 tid 106013
target_page_id id: 8 tid 106013
0 1 tid 106013
365 5 tid 106013
545 7 tid 106013
672 8 tid 106013
246 tid 106013
Insert  tid 106013
FindTargetPageId rootid 6 tid 106013
target_page_id id: 8 tid 106013
0 1 tid 106013
365 5 tid 106013
545 7 tid 106013
672 8 tid 106013
247 tid 106013
Insert  tid 106013
FindTargetPageId rootid 6 tid 106013
target_page_id id: 8 tid 106013
0 1 tid 106013
365 5 tid 106013
545 7 tid 106013
672 8 tid 106013
248 tid 106013
Insert  tid 106013
FindTargetPageId rootid 6 tid 106013
target_page_id id: 8 tid 106013
0 1 tid 106013
365 5 tid 106013
545 7 tid 106013
672 8 tid 106013
249 tid 106013
Insert  tid 106013
FindTargetPageId rootid 6 tid 106013
target_page_id id: 8 tid 106013
0 1 tid 106013
365 5 tid 106013
545 7 tid 106013
672 8 tid 106013
250 tid 106013
Insert  tid 106013
FindTargetPageId rootid 6 tid 106013
target_page_id id: 8 tid 106013
0 1 tid 106013
365 5 tid 106013
545 7 tid 106013
672 8 tid 106013
251 tid 106013
Insert  tid 106013
FindTargetPageId rootid 6 tid 106013
target_page_id id: 8 tid 106013
0 1 tid 106013
365 5 tid 106013
545 7 tid 106013
672 8 tid 106013
252 tid 106013
Insert  tid 106013
FindTargetPageId rootid 6 tid 106013
target_page_id id: 8 tid 106013
0 1 tid 106013
365 5 tid 106013
545 7 tid 106013
672 8 tid 106013
253 tid 106013
Insert  tid 106013
FindTargetPageId rootid 6 tid 106013
target_page_id id: 8 tid 106013
0 1 tid 106013
365 5 tid 106013
545 7 tid 106013
672 8 tid 106013
254 tid 106013
Insert  tid 106013
FindTargetPageId rootid 6 tid 106011
target_page_id id: 9 tid 106011
0 1 tid 106011
365 5 tid 106011
545 7 tid 106011
672 8 tid 106011
799 9 tid 106011
128 tid 106011
Insert  tid 106011
FindTargetPageId rootid 6 tid 106011
target_page_id id: 9 tid 106011
0 1 tid 106011
365 5 tid 106011
545 7 tid 106011
672 8 tid 106011
799 9 tid 106011
128 tid 106011
Insert  tid 106011
FindTargetPageId rootid 6 tid 106011
target_page_id id: 9 tid 106011
0 1 tid 106011
365 5 tid 106011
545 7 tid 106011
672 8 tid 106011
799 9 tid 106011
128 tid 106011
Insert  tid 106011
FindTargetPageId rootid 6 tid 106011
target_page_id id: 9 tid 106011
0 1 tid 106011
365 5 tid 106011
545 7 tid 106011
672 8 tid 106011
799 9 tid 106011
128 tid 106011
Insert  tid 106011
FindTargetPageId rootid 6 tid 106011
target_page_id id: 9 tid 106011
0 1 tid 106011
365 5 tid 106011
545 7 tid 106011
672 8 tid 106011
799 9 tid 106011
128 tid 106011
Insert  tid 106011
FindTargetPageId rootid 6 tid 106011
target_page_id id: 9 tid 106011
0 1 tid 106011
365 5 tid 106011
545 7 tid 106011
672 8 tid 106011
799 9 tid 106011
128 tid 106011
Insert  tid 106011
FindTargetPageId rootid 6 tid 106013
target_page_id id: 9 tid 106013
0 1 tid 106013
365 5 tid 106013
545 7 tid 106013
672 8 tid 106013
799 9 tid 106013
128 tid 106013
Insert  tid 106013
FindTargetPageId rootid 6 tid 106011
target_page_id id: 9 tid 106011
0 1 tid 106011
365 5 tid 106011
545 7 tid 106011
672 8 tid 106011
799 9 tid 106011
129 tid 106011
Insert  tid 106011
FindTargetPageId rootid 6 tid 106013
target_page_id id: 9 tid 106013
0 1 tid 106013
365 5 tid 106013
545 7 tid 106013
672 8 tid 106013
799 9 tid 106013
129 tid 106013
Insert  tid 106013
FindTargetPageId rootid 6 tid 106011
target_page_id id: 9 tid 106011
0 1 tid 106011
365 5 tid 106011
545 7 tid 106011
672 8 tid 106011
799 9 tid 106011
130 tid 106011
Insert  tid 106011
FindTargetPageId rootid 6 tid 106011
target_page_id id: 9 tid 106011
0 1 tid 106011
365 5 tid 106011
545 7 tid 106011
672 8 tid 106011
799 9 tid 106011
130 tid 106011
Insert  tid 106011
FindTargetPageId rootid 6 tid 106011
target_page_id id: 9 tid 106011
0 1 tid 106011
365 5 tid 106011
545 7 tid 106011
672 8 tid 106011
799 9 tid 106011
130 tid 106011
Insert  tid 106011
FindTargetPageId rootid 6 tid 106011
target_page_id id: 9 tid 106011
0 1 tid 106011
365 5 tid 106011
545 7 tid 106011
672 8 tid 106011
799 9 tid 106011
130 tid 106011
Insert  tid 106011
FindTargetPageId rootid 6 tid 106011
target_page_id id: 9 tid 106011
0 1 tid 106011
365 5 tid 106011
545 7 tid 106011
672 8 tid 106011
799 9 tid 106011
130 tid 106011
Insert  tid 106011
FindTargetPageId rootid 6 tid 106011
target_page_id id: 9 tid 106011
0 1 tid 106011
365 5 tid 106011
545 7 tid 106011
672 8 tid 106011
799 9 tid 106011
130 tid 106011
Insert  tid 106011
FindTargetPageId rootid 6 tid 106013
target_page_id id: 9 tid 106013
0 1 tid 106013
365 5 tid 106013
545 7 tid 106013
672 8 tid 106013
799 9 tid 106013
130 tid 106013
FindTargetPageId rootid 6 tid 106011
target_page_id id: 9 tid 106011
0 1 tid 106011
365 5 tid 106011
545 7 tid 106011
672 8 tid 106011
799 9 tid 106011
131 tid 106011
Insert  tid 106011
FindTargetPageId rootid 6 tid 106011
target_page_id id: 9 tid 106011
0 1 tid 106011
365 5 tid 106011
545 7 tid 106011
672 8 tid 106011
799 9 tid 106011
131 tid 106011
Insert  tid 106011
FindTargetPageId rootid 6 tid 106011
target_page_id id: 9 tid 106011
0 1 tid 106011
365 5 tid 106011
545 7 tid 106011
672 8 tid 106011
799 9 tid 106011
131 tid 106011
Insert  tid 106011
Insert  tid FindTargetPageId rootid 1060136
 tid 106011
target_page_id id: 9 tid 106011
0 1 tid 106011
365 5 tid 106011
545 7 tid 106011
672 8 tid 106011
799 9 tid 106011
131 tid 106011
Insert  tid 106011
FindTargetPageId rootid 6 tid 106013
target_page_id id: 9 tid 106013
0 1 tid 106013
365 5 tid 106013
545 7 tid 106013
672 8 tid 106013
799 9 tid 106013
131 tid 106013
Insert  tid 106013
FindTargetPageId rootid 6 tid 106011
target_page_id id: 9 tid 106011
0 1 tid 106011
365 5 tid 106011
545 7 tid 106011
672 8 tid 106011
799 9 tid 106011
132 tid 106011
Insert  tid 106011
FindTargetPageId rootid 6 tid 106011
target_page_id id: 9 tid 106011
0 1 tid 106011
365 5 tid 106011
545 7 tid 106011
672 8 tid 106011
799 9 tid 106011
132 tid 106011
Insert  tid 106011
FindTargetPageId rootid 6 tid 106011
target_page_id id: 9 tid 106011
0 1 tid 106011
365 5 tid 106011
545 7 tid 106011
672 8 tid 106011
799 9 tid 106011
132 tid 106011
Insert  tid 106011
FindTargetPageId rootid 6 tid 106011
target_page_id id: 9 tid 106011
0 1 tid 106011
365 5 tid 106011
545 7 tid 106011
672 8 tid 106011
799 9 tid 106011
132 tid 106011
Insert  tid 106011
FindTargetPageId rootid 6 tid 106011
target_page_id id: 9 tid 106011
0 1 tid 106011
365 5 tid 106011
545 7 tid 106011
672 8 tid 106011
799 9 tid 106011
132 tid 106011
Insert  tid 106011
FindTargetPageId rootid 6 tid 106011
target_page_id id: 9 tid 106011
0 1 tid 106011
365 5 tid 106011
545 7 tid 106011
672 8 tid 106011
799 9 tid 106011
132 tid 106011
Insert  tid 106011
FindTargetPageId rootid 6 tid 106011
target_page_id id: 9 tid 106011
0 1 tid 106011
365 5 tid 106011
545 7 tid 106011
672 8 tid 106011
799 9 tid 106011
132 tid 106011
Insert  tid 106011
FindTargetPageId rootid 6 tid 106011
target_page_id id: 9 tid 106011
0 1 tid 106011
365 5 tid 106011
545 7 tid 106011
672 8 tid 106011
799 9 tid 106011
132 tid 106011
Insert  tid 106011
FindTargetPageId rootid 6 tid 106011
target_page_id id: 9 tid 106011
0 1 tid 106011
365 5 tid 106011
545 7 tid 106011
672 8 tid 106011
799 9 tid 106011
132 tid 106011
Insert  tid 106011
FindTargetPageId rootid 6 tid 106011
target_page_id id: 9 tid 106011
0 1 tid 106011
365 5 tid 106011
545 7 tid 106011
672 8 tid 106011
799 9 tid 106011
132 tid 106011
Insert  tid 106011
FindTargetPageId rootid 6 tid 106011
target_page_id id: 9 tid 106011
0 1 tid 106011
365 5 tid 106011
545 7 tid 106011
672 8 tid 106011
799 9 tid 106011
132 tid 106011
Insert  tid 106011
FindTargetPageId rootid 6 tid 106011
target_page_id id: 9 tid 106011
0 1 tid 106011
365 5 tid 106011
545 7 tid 106011
672 8 tid 106011
799 9 tid 106011
132 tid 106011
Insert  tid 106011
FindTargetPageId rootid 6 tid 106011
target_page_id id: 9 tid 106011
0 1 tid 106011
365 5 tid 106011
545 7 tid 106011
672 8 tid 106011
799 9 tid 106011
132 tid 106011
Insert  tid 106011
FindTargetPageId rootid 6 tid 106011
target_page_id id: 9 tid 106011
0 1 tid 106011
365 5 tid 106011
545 7 tid 106011
672 8 tid 106011
799 9 tid 106011
132 tid 106011
Insert  tid 106011
FindTargetPageId rootid 6 tid 106011
target_page_id id: 9 tid 106011
0 1 tid 106011
365 5 tid 106011
545 7 tid 106011
672 8 tid 106011
799 9 tid 106011
132 tid 106011
Insert  tid 106011
FindTargetPageId rootid 6 tid 106011
target_page_id id: 9 tid 106011
0 1 tid 106011
365 5 tid 106011
545 7 tid 106011
672 8 tid 106011
799 9 tid 106011
132 tid 106011
Insert  tid 106011
FindTargetPageId rootid 6 tid 106011
target_page_id id: 9 tid 106011
0 1 tid 106011
365 5 tid 106011
545 7 tid 106011
672 8 tid 106011
799 9 tid 106011
132 tid 106011
Insert  tid 106011
FindTargetPageId rootid 6 tid 106011
target_page_id id: 9 tid 106011
0 1 tid 106011
365 5 tid 106011
545 7 tid 106011
672 8 tid 106011
799 9 tid 106011
132 tid 106011
Insert  tid 106011
FindTargetPageId rootid 6 tid 106011
target_page_id id: 9 tid 106011
0 1 tid 106011
365 5 tid 106011
545 7 tid 106011
672 8 tid 106011
799 9 tid 106011
132 tid 106011
Insert  tid 106011
FindTargetPageId rootid 6 tid 106011
target_page_id id: 9 tid 106011
0 1 tid 106011
365 5 tid 106011
545 7 tid 106011
672 8 tid 106011
799 9 tid 106011
132 tid 106011
Insert  tid 106011
FindTargetPageId rootid 6 tid 106011
target_page_id id: 9 tid 106011
0 1 tid 106011
365 5 tid 106011
545 7 tid 106011
672 8 tid 106011
799 9 tid 106011
132 tid 106011
Insert  tid 106011
FindTargetPageId rootid 6 tid 106011
target_page_id id: 9 tid 106011
0 1 tid 106011
365 5 tid 106011
545 7 tid 106011
672 8 tid 106011
799 9 tid 106011
132 tid 106011
Insert  tid 106011
FindTargetPageId rootid 6 tid 106013
target_page_id id: 9 tid 106013
0 1 tid 106013
365 5 tid 106013
545 7 tid 106013
672 8 tid 106013
799 9 tid 106013
132 tid 106013
FindTargetPageId rootid 6 tid 106011
target_page_id id: 9 tid 106011
0 1 tid 106011
365 5 tid 106011
545 7 tid 106011
672 8 tid 106011
799 9 tid 106011
133 tid 106011
Insert  tid 106013
Insert  tid 106011
FindTargetPageId rootid 6 tid 106013
target_page_id id: 9 tid 106013
0 1 tid 106013
365 5 tid 106013
545 7 tid 106013
672 8 tid 106013
799 9 tid 106013
133 tid 106013
Insert  tid 106013
FindTargetPageId rootid 6 tid 106011
target_page_id id: 9 tid 106011
0 1 tid 106011
365 5 tid 106011
545 7 tid 106011
672 8 tid 106011
799 9 tid 106011
134 tid 106011
Insert  tid 106011
FindTargetPageId rootid 6 tid 106013
target_page_id id: 9 tid 106013
0 1 tid 106013
365 5 tid 106013
545 7 tid 106013
672 8 tid 106013
799 9 tid 106013
134 tid 106013
FindTargetPageId rootid 6 tid 106011
target_page_id id: 9 tid 106011
0 1 tid 106011
365 5 tid 106011
545 7 tid 106011
672 8 tid 106011
799 9 tid 106011
135 tid 106011
Insert  tid 106011
FindTargetPageId rootid 6 tid 106011
target_page_id id: 9 tid 106011
0 1 tid 106011
365 5 tid 106011
545 7 tid 106011
672 8 tid 106011
799 9 tid 106011
135 tid 106011
Insert  tid 106011
FindTargetPageId rootid 6 tid 106011
target_page_id id: 9 tid 106011
0 1 tid 106011
365 5 tid 106011
545 7 tid 106011
672 8 tid 106011
799 9 tid 106011
135 tid 106011
Insert  tid 106011
FindTargetPageId rootid 6 tid 106011
target_page_id id: 9 tid 106011
0 1 tid 106011
365 5 tid 106011
545 7 tid 106011
672 8 tid 106011
799 9 tid 106011
135 tid 106011
Insert  tid 106013
Insert  tid 106011
FindTargetPageId rootid 6 tid 106013
target_page_id id: 9 tid 106013
0 1 tid 106013
365 5 tid 106013
545 7 tid 106013
672 8 tid 106013
799 9 tid 106013
135 tid 106013
FindTargetPageId rootid 6 tid 106011
target_page_id id: 9 tid 106011
0 1 tid 106011
365 5 tid 106011
545 7 tid 106011
672 8 tid 106011
799 9 tid 106011
Insert  tid 106013
136 tid 106011
Insert  tid 106011
FindTargetPageId rootid 6 tid 106013
target_page_id id: 9 tid 106013
0 1 tid 106013
365 5 tid 106013
545 7 tid 106013
672 8 tid 106013
799 9 tid 106013
136 tid 106013
Insert  tid 106013
FindTargetPageId rootid 6 tid 106011
target_page_id id: 9 tid 106011
0 1 tid 106011
365 5 tid 106011
545 7 tid 106011
672 8 tid 106011
799 9 tid 106011
137 tid 106011
Insert  tid 106011
FindTargetPageId rootid 6 tid 106013
target_page_id id: 9 tid 106013
0 1 tid 106013
365 5 tid 106013
545 7 tid 106013
672 8 tid 106013
799 9 tid 106013
137 tid 106013
Insert  tid 106013
FindTargetPageId rootid 6 tid 106011
target_page_id id: 9 tid 106011
0 1 tid 106011
365 5 tid 106011
545 7 tid 106011
672 8 tid 106011
799 9 tid 106011
138 tid 106011
Insert  tid 106011
FindTargetPageId rootid 6 tid 106013
target_page_id id: 9 tid 106013
0 1 tid 106013
365 5 tid 106013
545 7 tid 106013
672 8 tid 106013
799 9 tid 106013
138 tid 106013
Insert  tid 106013
FindTargetPageId rootid 6 tid 106011
target_page_id id: 9 tid 106011
0 1 tid 106011
365 5 tid 106011
545 7 tid 106011
672 8 tid 106011
799 9 tid 106011
139 tid 106011
Insert  tid 106011
FindTargetPageId rootid 6 tid 106011
target_page_id id: 9 tid 106011
0 1 tid 106011
365 5 tid 106011
545 7 tid 106011
672 8 tid 106011
799 9 tid 106011
139 tid 106011
Insert  tid 106011
FindTargetPageId rootid 6 tid 106013
target_page_id id: 9 tid 106013
0 1 tid 106013
365 5 tid 106013
545 7 tid 106013
672 8 tid 106013
799 9 tid 106013
139 tid 106013
Insert  tid 106013
FindTargetPageId rootid 6 tid 106011
target_page_id id: 9 tid 106011
0 1 tid 106011
365 5 tid 106011
545 7 tid 106011
672 8 tid 106011
799 9 tid 106011
140 tid 106011
Insert  tid 106011
FindTargetPageId rootid 6 tid 106013
target_page_id id: 9 tid 106013
0 1 tid 106013
365 5 tid 106013
545 7 tid 106013
672 8 tid 106013
799 9 tid 106013
140 tid 106013
Insert  tid 106013
FindTargetPageId rootid 6 tid 106011
target_page_id id: 9 tid 106011
0 1 tid 106011
365 5 tid 106011
545 7 tid 106011
672 8 tid 106011
799 9 tid 106011
141 tid 106011
Insert  tid 106011
FindTargetPageId rootid 6 tid 106013
target_page_id id: 9 tid 106013
0 1 tid 106013
365 5 tid 106013
545 7 tid 106013
672 8 tid 106013
799 9 tid 106013
141 tid 106013
Insert  tid 106013
FindTargetPageId rootid 6 tid 106011
target_page_id id: 9 tid 106011
0 1 tid 106011
365 5 tid 106011
545 7 tid 106011
672 8 tid 106011
799 9 tid 106011
142 tid 106011
Insert  tid 106011
FindTargetPageId rootid 6 tid 106011
target_page_id id: 9 tid 106011
0 1 tid 106011
365 5 tid 106011
545 7 tid 106011
672 8 tid 106011
799 9 tid 106011
142 tid 106011
Insert  tid 106011
FindTargetPageId rootid 6 tid 106013
target_page_id id: 9 tid 106013
0 1 tid 106013
365 5 tid 106013
545 7 tid 106013
672 8 tid 106013
799 9 tid 106013
142 tid 106013
Insert  tid 106013
FindTargetPageId rootid 6 tid 106011
target_page_id id: 9 tid 106011
0 1 tid 106011
365 5 tid 106011
545 7 tid 106011
672 8 tid 106011
799 9 tid 106011
143 tid 106011
Insert  tid 106011
FindTargetPageId rootid 6 tid 106013
target_page_id id: 9 tid 106013
0 1 tid 106013
365 5 tid 106013
545 7 tid 106013
672 8 tid 106013
799 9 tid 106013
143 tid 106013
Insert  tid 106013
FindTargetPageId rootid 6 tid 106011
target_page_id id: 9 tid 106011
0 1 tid 106011
365 5 tid 106011
545 7 tid 106011
672 8 tid 106011
799 9 tid 106011
144 tid 106011
Insert  tid 106011
FindTargetPageId rootid 6 tid 106013
target_page_id id: 9 tid 106013
0 1 tid 106013
365 5 tid 106013
545 7 tid 106013
672 8 tid 106013
799 9 tid 106013
144 tid 106013
Insert  tid 106013
FindTargetPageId rootid 6 tid 106011
target_page_id id: 9 tid 106011
0 1 tid 106011
365 5 tid 106011
545 7 tid 106011
672 8 tid 106011
799 9 tid 106011
145 tid 106011
Insert  tid 106011
FindTargetPageId rootid 6 tid 106013
target_page_id id: 9 tid 106013
0 1 tid 106013
365 5 tid 106013
545 7 tid 106013
672 8 tid 106013
799 9 tid 106013
145 tid 106013
Insert  tid 106013
FindTargetPageId rootid 6 tid 106011
target_page_id id: 9 tid 106011
0 1 tid 106011
365 5 tid 106011
545 7 tid 106011
672 8 tid 106011
799 9 tid 106011
146 tid 106011
Insert  tid 106011
FindTargetPageId rootid 6 tid 106013
target_page_id id: 9 tid 106013
0 1 tid 106013
365 5 tid 106013
545 7 tid 106013
672 8 tid 106013
799 9 tid 106013
146 tid 106013
Insert  tid 106013
FindTargetPageId rootid 6 tid 106011
target_page_id id: 9 tid 106011
0 1 tid 106011
365 5 tid 106011
545 7 tid 106011
672 8 tid 106011
799 9 tid 106011
147 tid 106011
Insert  tid 106011
FindTargetPageId rootid 6 tid 106013
target_page_id id: 9 tid 106013
0 1 tid 106013
365 5 tid 106013
545 7 tid 106013
672 8 tid 106013
799 9 tid 106013
147 tid 106013
Insert  tid 106013
FindTargetPageId rootid 6 tid 106011
target_page_id id: 9 tid 106011
0 1 tid 106011
365 5 tid 106011
545 7 tid 106011
672 8 tid 106011
799 9 tid 106011
148 tid 106011
Insert  tid 106011
FindTargetPageId rootid 6 tid 106011
target_page_id id: 9 tid 106011
0 1 tid 106011
365 5 tid 106011
545 7 tid 106011
672 8 tid 106011
799 9 tid 106011
148 tid 106011
Insert  tid 106011
FindTargetPageId rootid 6 tid 106013
target_page_id id: 9 tid 106013
0 1 tid 106013
365 5 tid 106013
545 7 tid 106013
672 8 tid 106013
799 9 tid 106013
148 tid 106013
Insert  tid 106013
FindTargetPageId rootid 6 tid 106011
target_page_id id: 9 tid 106011
0 1 tid 106011
365 5 tid 106011
545 7 tid 106011
672 8 tid 106011
799 9 tid 106011
149 tid 106011
Insert  tid 106011
FindTargetPageId rootid 6 tid 106013
target_page_id id: 9 tid 106013
0 1 tid 106013
365 5 tid 106013
545 7 tid 106013
672 8 tid 106013
799 9 tid 106013
149 tid 106013
Insert  tid 106013
FindTargetPageId rootid 6 tid 106011
target_page_id id: 9 tid 106011
0 1 tid 106011
365 5 tid 106011
545 7 tid 106011
672 8 tid 106011
799 9 tid 106011
150 tid 106011
Insert  tid 106011
FindTargetPageId rootid 6 tid 106011
target_page_id id: 9 tid 106011
0 1 tid 106011
365 5 tid 106011
545 7 tid 106011
672 8 tid 106011
799 9 tid 106011
150 tid 106011
Insert  tid 106011
FindTargetPageId rootid 6 tid 106013
target_page_id id: 9 tid 106013
0 1 tid 106013
365 5 tid 106013
545 7 tid 106013
672 8 tid 106013
799 9 tid 106013
150 tid 106013
Insert  tid 106013
FindTargetPageId rootid 6 tid 106011
target_page_id id: 9 tid 106011
0 1 tid 106011
365 5 tid 106011
545 7 tid 106011
672 8 tid 106011
799 9 tid 106011
151 tid 106011
Insert  tid 106011
FindTargetPageId rootid 6 tid 106013
target_page_id id: 9 tid 106013
0 1 tid 106013
365 5 tid 106013
545 7 tid 106013
672 8 tid 106013
799 9 tid 106013
151 tid 106013
Insert  tid 106013
FindTargetPageId rootid 6 tid 106011
target_page_id id: 9 tid 106011
0 1 tid 106011
365 5 tid 106011
545 7 tid 106011
672 8 tid 106011
799 9 tid 106011
152 tid 106011
Insert  tid 106011
FindTargetPageId rootid 6 tid 106013
target_page_id id: 9 tid 106013
0 1 tid 106013
365 5 tid 106013
545 7 tid 106013
672 8 tid 106013
799 9 tid 106013
152 tid 106013
Insert  tid 106013
FindTargetPageId rootid 6 tid 106013
target_page_id id: 9 tid 106013
0 1 tid 106013
365 5 tid 106013
545 7 tid 106013
672 8 tid 106013
799 9 tid 106013
153 tid 106013
Insert  tid 106013
FindTargetPageId rootid 6 tid 106011
target_page_id id: 9 tid 106011
0 1 tid 106011
365 5 tid 106011
545 7 tid 106011
672 8 tid 106011
799 9 tid 106011
154 tid 106011
Insert  tid 106011
FindTargetPageId rootid 6 tid 106013
target_page_id id: 9 tid 106013
0 1 tid 106013
365 5 tid 106013
545 7 tid 106013
672 8 tid 106013
799 9 tid 106013
154 tid 106013
Insert  tid 106013
FindTargetPageId rootid 6 tid 106011
target_page_id id: 9 tid 106011
0 1 tid 106011
365 5 tid 106011
545 7 tid 106011
672 8 tid 106011
799 9 tid 106011
155 tid 106011
Insert  tid 106011
FindTargetPageId rootid 6 tid 106013
target_page_id id: 9 tid 106013
0 1 tid 106013
365 5 tid 106013
545 7 tid 106013
672 8 tid 106013
799 9 tid 106013
155 tid 106013
Insert  tid 106013
FindTargetPageId rootid 6 tid 106011
target_page_id id: 9 tid 106011
0 1 tid 106011
365 5 tid 106011
545 7 tid 106011
672 8 tid 106011
799 9 tid 106011
156 tid 106011
Insert  tid 106011
FindTargetPageId rootid 6 tid 106013
target_page_id id: 9 tid 106013
0 1 tid 106013
365 5 tid 106013
545 7 tid 106013
672 8 tid 106013
799 9 tid 106013
156 tid 106013
Insert  tid 106013
FindTargetPageId rootid 6 tid 106011
target_page_id id: 9 tid 106011
0 1 tid 106011
365 5 tid 106011
545 7 tid 106011
672 8 tid 106011
799 9 tid 106011
157 tid 106011
Insert  tid 106011
FindTargetPageId rootid 6 tid 106011
target_page_id id: 9 tid 106011
0 1 tid 106011
365 5 tid 106011
545 7 tid 106011
672 8 tid 106011
799 9 tid 106011
157 tid 106011
Insert  tid 106011
FindTargetPageId rootid 6 tid 106013
target_page_id id: 9 tid 106013
0 1 tid 106013
365 5 tid 106013
545 7 tid 106013
672 8 tid 106013
799 9 tid 106013
157 tid 106013
Insert  tid 106013
FindTargetPageId rootid 6 tid 106011
target_page_id id: 9 tid 106011
0 1 tid 106011
365 5 tid 106011
545 7 tid 106011
672 8 tid 106011
799 9 tid 106011
158 tid 106011
Insert  tid 106011
FindTargetPageId rootid 6 tid 106011
target_page_id id: 9 tid 106011
0 1 tid 106011
365 5 tid 106011
545 7 tid 106011
672 8 tid 106011
799 9 tid 106011
158 tid 106011
Insert  tid 106011
FindTargetPageId rootid 6 tid 106011
target_page_id id: 9 tid 106011
0 1 tid 106011
365 5 tid 106011
545 7 tid 106011
672 8 tid 106011
799 9 tid 106011
158 tid 106011
Insert  tid 106011
FindTargetPageId rootid 6 tid 106011
target_page_id id: 9 tid 106011
0 1 tid 106011
365 5 tid 106011
545 7 tid 106011
672 8 tid 106011
799 9 tid 106011
158 tid 106011
Insert  tid 106011
FindTargetPageId rootid 6 tid 106011
target_page_id id: 9 tid 106011
0 1 tid 106011
365 5 tid 106011
545 7 tid 106011
672 8 tid 106011
799 9 tid 106011
158 tid 106011
Insert  tid 106011
FindTargetPageId rootid 6 tid 106013
target_page_id id: 9 tid 106013
0 1 tid 106013
365 5 tid 106013
545 7 tid 106013
672 8 tid 106013
799 9 tid 106013
158 tid 106013
Insert  tid 106013
FindTargetPageId rootid 6 tid 106011
target_page_id id: 9 tid 106011
0 1 tid 106011
365 5 tid 106011
545 7 tid 106011
672 8 tid 106011
799 9 tid 106011
159 tid 106011
Insert  tid 106011
FindTargetPageId rootid 6 tid 106011
target_page_id id: 9 tid 106011
0 1 tid 106011
365 5 tid 106011
545 7 tid 106011
672 8 tid 106011
799 9 tid 106011
159 tid 106011
Insert  tid 106011
FindTargetPageId rootid 6 tid 106011
target_page_id id: 9 tid 106011
0 1 tid 106011
365 5 tid 106011
545 7 tid 106011
672 8 tid 106011
799 9 tid 106011
159 tid 106011
Insert  tid 106011
FindTargetPageId rootid 6 tid 106011
target_page_id id: 9 tid 106011
0 1 tid 106011
365 5 tid 106011
545 7 tid 106011
672 8 tid 106011
799 9 tid 106011
159 tid 106011
Insert  tid 106011
FindTargetPageId rootid 6 tid 106013
target_page_id id: 9 tid 106013
0 1 tid 106013
365 5 tid 106013
545 7 tid 106013
672 8 tid 106013
799 9 tid 106013
159 tid 106013
Insert  tid 106013
FindTargetPageId rootid 6 tid 106011
target_page_id id: 9 tid 106011
0 1 tid 106011
365 5 tid 106011
545 7 tid 106011
672 8 tid 106011
799 9 tid 106011
160 tid 106011
Insert  tid 106011
FindTargetPageId rootid 6 tid 106011
target_page_id id: 9 tid 106011
0 1 tid 106011
365 5 tid 106011
545 7 tid 106011
672 8 tid 106011
799 9 tid 106011
160 tid 106011
Insert  tid 106011
FindTargetPageId rootid 6 tid 106013
target_page_id id: 9 tid 106013
0 1 tid 106013
365 5 tid 106013
545 7 tid 106013
672 8 tid 106013
799 9 tid 106013
160 tid 106013
Insert  tid 106013
FindTargetPageId rootid 6 tid 106011
target_page_id id: 9 tid 106011
0 1 tid 106011
365 5 tid 106011
545 7 tid 106011
672 8 tid 106011
799 9 tid 106011
161 tid 106011
Insert  tid 106011
FindTargetPageId rootid 6 tid 106013
target_page_id id: 9 tid 106013
0 1 tid 106013
365 5 tid 106013
545 7 tid 106013
672 8 tid 106013
799 9 tid 106013
161 tid 106013
FindTargetPageId rootid 6 tid 106011
Insert target_page_id id: 9 tid 106011
0 1 tid 106011
365 5 tid 106011
545 7 tid 106011
672 8 tid 106011
799 9 tid 106011
 tid 106013162 tid 
106011
FindTargetPageId rootid 6 tid Insert 106013 tid 
target_page_id id: 9 tid 106013
0 1 tid 106013
365 5 tid 106013
545 7 tid 106013
672 8 tid 106013
799 9 tid 106013
162 tid 106013
106011
Insert  tid 106013
FindTargetPageId rootid 6 tid 106011
target_page_id id: 9 tid 106011
0 1 tid 106011
365 5 tid 106011
545 7 tid 106011
672 8 tid 106011
799 9 tid 106011
163 tid 106011
Insert  tid 106011
FindTargetPageId rootid 6 tid 106011
target_page_id id: 9 tid 106011
0 1 tid 106011
365 5 tid 106011
545 7 tid 106011
672 8 tid 106011
799 9 tid 106011
163 tid 106011
Insert  tid 106011
FindTargetPageId rootid 6 tid 106011
target_page_id id: 9 tid 106011
0 1 tid 106011
365 5 tid 106011
545 7 tid 106011
672 8 tid 106011
799 9 tid 106011
163 tid 106011
Insert  tid 106011
FindTargetPageId rootid 6 tid 106011
target_page_id id: 9 tid 106011
0 1 tid 106011
365 5 tid 106011
545 7 tid 106011
672 8 tid 106011
799 9 tid 106011
163 tid 106011
Insert  tid 106011
FindTargetPageId rootid 6 tid 106011
target_page_id id: 9 tid 106011
0 1 tid 106011
365 5 tid 106011
545 7 tid 106011
672 8 tid 106011
799 9 tid 106011
163 tid 106011
Insert  tid 106011
FindTargetPageId rootid 6 tid 106011
target_page_id id: 9 tid 106011
0 1 tid 106011
365 5 tid 106011
545 7 tid 106011
672 8 tid 106011
799 9 tid 106011
163 tid 106011
Insert  tid 106011
FindTargetPageId rootid 6 tid 106013
target_page_id id: 9 tid 106013
0 1 tid 106013
365 5 tid 106013
545 7 tid 106013
672 8 tid 106013
799 9 tid 106013
163 tid 106013
Insert  tid 106013
FindTargetPageId rootid 6 tid 106011
target_page_id id: 9 tid 106011
0 1 tid 106011
365 5 tid 106011
545 7 tid 106011
672 8 tid 106011
799 9 tid 106011
164 tid 106011
Insert  tid 106011
FindTargetPageId rootid 6 tid 106013
target_page_id id: 9 tid 106013
0 1 tid 106013
365 5 tid 106013
545 7 tid 106013
672 8 tid 106013
799 9 tid 106013
164 tid 106013
Insert  tid 106013
FindTargetPageId rootid 6 tid 106011
target_page_id id: 9 tid 106011
0 1 tid 106011
365 5 tid 106011
545 7 tid 106011
672 8 tid 106011
799 9 tid 106011
165 tid 106011
Insert  tid 106011
FindTargetPageId rootid 6 tid 106013
target_page_id id: 9 tid 106013
0 1 tid 106013
365 5 tid 106013
545 7 tid 106013
672 8 tid 106013
799 9 tid 106013
165 tid 106013
FindTargetPageId rootid 6 tid 106011
Insert  tid 106013
target_page_id id: 9 tid 106011
0 1 tid 106011
365 5 tid 106011
545 7 tid 106011
672 8 tid 106011
799 9 tid 106011
166 tid 106011
Insert  tid 106011
FindTargetPageId rootid 6 tid 106011
target_page_id id: 9 tid 106011
0 1 tid 106011
365 5 tid 106011
545 7 tid 106011
672 8 tid 106011
799 9 tid 106011
166 tid 106011
Insert  tid 106011
FindTargetPageId rootid 6 tid 106011
target_page_id id: 9 tid 106011
0 1 tid 106011
365 5 tid 106011
545 7 tid 106011
672 8 tid 106011
799 9 tid 106011
166 tid 106011
Insert  tid 106011
FindTargetPageId rootid 6 tid 106011
target_page_id id: 9 tid 106011
0 1 tid 106011
365 5 tid 106011
545 7 tid 106011
672 8 tid 106011
799 9 tid 106011
166 tid 106011
Insert  tid 106011
FindTargetPageId rootid 6 tid 106011
target_page_id id: 9 tid 106011
0 1 tid 106011
365 5 tid 106011
545 7 tid 106011
672 8 tid 106011
799 9 tid 106011
166 tid 106011
Insert  tid 106011
FindTargetPageId rootid 6 tid 106011
target_page_id id: 9 tid 106011
0 1 tid 106011
365 5 tid 106011
545 7 tid 106011
672 8 tid 106011
799 9 tid 106011
166 tid 106011
Insert  tid 106011
FindTargetPageId rootid 6 tid 106011
target_page_id id: 9 tid 106011
0 1 tid 106011
365 5 tid 106011
545 7 tid 106011
672 8 tid 106011
799 9 tid 106011
166 tid 106011
Insert  tid 106011
FindTargetPageId rootid 6 tid 106011
target_page_id id: 9 tid 106011
0 1 tid 106011
365 5 tid 106011
545 7 tid 106011
672 8 tid 106011
799 9 tid 106011
166 tid 106011
Insert  tid 106011
FindTargetPageId rootid 6 tid 106011
target_page_id id: 9 tid 106011
0 1 tid 106011
365 5 tid 106011
545 7 tid 106011
672 8 tid 106011
799 9 tid 106011
166 tid 106011
Insert  tid 106011
FindTargetPageId rootid 6 tid 106011
target_page_id id: 9 tid 106011
0 1 tid 106011
365 5 tid 106011
545 7 tid 106011
672 8 tid 106011
799 9 tid 106011
166 tid 106011
Insert  tid 106011
FindTargetPageId rootid 6 tid 106011
target_page_id id: 9 tid 106011
0 1 tid 106011
365 5 tid 106011
545 7 tid 106011
672 8 tid 106011
799 9 tid 106011
166 tid 106011
Insert  tid 106011
FindTargetPageId rootid 6 tid 106011
target_page_id id: 9 tid 106011
0 1 tid 106011
365 5 tid 106011
545 7 tid 106011
672 8 tid 106011
799 9 tid 106011
166 tid 106011
Insert  tid 106011
FindTargetPageId rootid 6 tid 106011
target_page_id id: 9 tid 106011
0 1 tid 106011
365 5 tid 106011
545 7 tid 106011
672 8 tid 106011
799 9 tid 106011
166 tid 106011
Insert  tid 106011
FindTargetPageId rootid 6 tid 106011
target_page_id id: 9 tid 106011
0 1 tid 106011
365 5 tid 106011
545 7 tid 106011
672 8 tid 106011
799 9 tid 106011
166 tid 106011
Insert  tid 106011
FindTargetPageId rootid 6 tid 106011
target_page_id id: 9 tid 106011
0 1 tid 106011
365 5 tid 106011
545 7 tid 106011
672 8 tid 106011
799 9 tid 106011
166 tid 106011
Insert  tid 106011
FindTargetPageId rootid 6 tid 106011
target_page_id id: 9 tid 106011
0 1 tid 106011
365 5 tid 106011
545 7 tid 106011
672 8 tid 106011
799 9 tid 106011
166 tid 106011
Insert  tid 106011
FindTargetPageId rootid 6 tid 106013
target_page_id id: 9 tid 106013
0 1 tid 106013
365 5 tid 106013
545 7 tid 106013
672 8 tid 106013
799 9 tid 106013
166 tid 106013
Insert  tid 106013
FindTargetPageId rootid 6 tid 106013
target_page_id id: 9 tid 106013
0 1 tid 106013
365 5 tid 106013
545 7 tid 106013
672 8 tid 106013
799 9 tid 106013
167 tid 106013
Insert  tid 106013
FindTargetPageId rootid 6 tid 106013
target_page_id id: 9 tid 106013
0 1 tid 106013
365 5 tid 106013
545 7 tid 106013
672 8 tid 106013
799 9 tid 106013
168 tid 106013
Insert  tid 106013
FindTargetPageId rootid 6 tid 106013
target_page_id id: 9 tid 106013
0 1 tid 106013
365 5 tid 106013
545 7 tid 106013
672 8 tid 106013
799 9 tid 106013
169 tid 106013
Insert  tid 106013
FindTargetPageId rootid 6 tid 106013
target_page_id id: 9 tid 106013
0 1 tid 106013
365 5 tid 106013
545 7 tid 106013
672 8 tid 106013
799 9 tid 106013
170 tid 106013
Insert  tid 106013
FindTargetPageId rootid 6 tid 106013
target_page_id id: 9 tid 106013
0 1 tid 106013
365 5 tid 106013
545 7 tid 106013
672 8 tid 106013
799 9 tid 106013
171 tid 106013
Insert  tid 106013
FindTargetPageId rootid 6 tid 106013
target_page_id id: 9 tid 106013
0 1 tid 106013
365 5 tid 106013
545 7 tid 106013
672 8 tid 106013
799 9 tid 106013
172 tid 106013
Insert  tid 106013
FindTargetPageId rootid 6 tid 106013
target_page_id id: 9 tid 106013
0 1 tid 106013
365 5 tid 106013
545 7 tid 106013
672 8 tid 106013
799 9 tid 106013
173 tid 106013
Insert  tid 106013
FindTargetPageId rootid 6 tid 106013
target_page_id id: 9 tid 106013
0 1 tid 106013
365 5 tid 106013
545 7 tid 106013
672 8 tid 106013
799 9 tid 106013
174 tid 106013
Insert  tid 106013
FindTargetPageId rootid 6 tid 106013
target_page_id id: 9 tid 106013
0 1 tid 106013
365 5 tid 106013
545 7 tid 106013
672 8 tid 106013
799 9 tid 106013
175 tid 106013
Insert  tid 106013
FindTargetPageId rootid 6 tid 106013
target_page_id id: 9 tid 106013
0 1 tid 106013
365 5 tid 106013
545 7 tid 106013
672 8 tid 106013
799 9 tid 106013
176 tid 106013
Insert  tid 106013
FindTargetPageId rootid 6 tid 106013
target_page_id id: 9 tid 106013
0 1 tid 106013
365 5 tid 106013
545 7 tid 106013
672 8 tid 106013
799 9 tid 106013
177 tid 106013
Insert  tid 106013
FindTargetPageId rootid 6 tid 106011
target_page_id id: 9 tid 106011
0 1 tid 106011
365 5 tid 106011
545 7 tid 106011
672 8 tid 106011
799 9 tid 106011
178 tid 106011
Insert  tid 106011
FindTargetPageId rootid 6 tid 106011
target_page_id id: 9 tid 106011
0 1 tid 106011
365 5 tid 106011
545 7 tid 106011
672 8 tid 106011
799 9 tid 106011
178 tid 106011
Insert  tid 106011
FindTargetPageId rootid 6 tid 106013
target_page_id id: 9 tid 106013
0 1 tid 106013
365 5 tid 106013
545 7 tid 106013
672 8 tid 106013
799 9 tid 106013
178 tid 106013
Insert  tid 106013
FindTargetPageId rootid 6 tid 106011
target_page_id id: 9 tid 106011
0 1 tid 106011
365 5 tid 106011
545 7 tid 106011
672 8 tid 106011
799 9 tid 106011
179 tid 106011
Insert  tid 106011
FindTargetPageId rootid 6 tid 106011
target_page_id id: 9 tid 106011
0 1 tid 106011
365 5 tid 106011
545 7 tid 106011
672 8 tid 106011
799 9 tid 106011
179 tid 106011
Insert  tid 106011
FindTargetPageId rootid 6 tid 106011
target_page_id id: 9 tid 106011
0 1 tid 106011
365 5 tid 106011
545 7 tid 106011
672 8 tid 106011
799 9 tid 106011
179 tid 106011
Insert  tid 106011
FindTargetPageId rootid 6 tid 106011
target_page_id id: 9 tid 106011
0 1 tid 106011
365 5 tid 106011
545 7 tid 106011
672 8 tid 106011
799 9 tid 106011
179 tid 106011
Insert  tid 106011
FindTargetPageId rootid 6 tid 106011
target_page_id id: 9 tid 106011
0 1 tid 106011
365 5 tid 106011
545 7 tid 106011
672 8 tid 106011
799 9 tid 106011
179 tid 106011
Insert  tid 106011
FindTargetPageId rootid 6 tid 106013
target_page_id id: 9 tid 106013
0 1 tid 106013
365 5 tid 106013
545 7 tid 106013
672 8 tid 106013
799 9 tid 106013
179 tid 106013
Insert  tid 106013
FindTargetPageId rootid 6 tid 106011
target_page_id id: 9 tid 106011
0 1 tid 106011
365 5 tid 106011
545 7 tid 106011
672 8 tid 106011
799 9 tid 106011
180 tid 106011
Insert  tid 106011
FindTargetPageId rootid 6 tid 106013
target_page_id id: 9 tid 106013
0 1 tid 106013
365 5 tid 106013
545 7 tid 106013
672 8 tid 106013
799 9 tid 106013
180 tid 106013
Insert  tid 106013
FindTargetPageId rootid 6 tid 106013
target_page_id id: 9 tid 106013
0 1 tid 106013
365 5 tid 106013
545 7 tid 106013
672 8 tid 106013
799 9 tid 106013
181 tid 106013
Insert  tid 106013
FindTargetPageId rootid 6 tid 106013
target_page_id id: 9 tid 106013
0 1 tid 106013
365 5 tid 106013
545 7 tid 106013
672 8 tid 106013
799 9 tid 106013
182 tid 106013
Insert  tid 106013
FindTargetPageId rootid 6 tid 106013
target_page_id id: 9 tid 106013
0 1 tid 106013
365 5 tid 106013
545 7 tid 106013
672 8 tid 106013
799 9 tid 106013
183 tid 106013
Insert  tid 106013
FindTargetPageId rootid 6 tid 106013
target_page_id id: 9 tid 106013
0 1 tid 106013
365 5 tid 106013
545 7 tid 106013
672 8 tid 106013
799 9 tid 106013
184 tid 106013
Insert  tid 106013
FindTargetPageId rootid 6 tid 106013
target_page_id id: 9 tid 106013
0 1 tid 106013
365 5 tid 106013
545 7 tid 106013
672 8 tid 106013
799 9 tid 106013
185 tid 106013
Insert  tid 106013
FindTargetPageId rootid 6 tid 106013
target_page_id id: 9 tid 106013
0 1 tid 106013
365 5 tid 106013
545 7 tid 106013
672 8 tid 106013
799 9 tid 106013
186 tid 106013
Insert  tid 106013
FindTargetPageId rootid 6 tid 106013
target_page_id id: 9 tid 106013
0 1 tid 106013
365 5 tid 106013
545 7 tid 106013
672 8 tid 106013
799 9 tid 106013
187 tid 106013
Insert  tid 106013
FindTargetPageId rootid 6 tid 106013
target_page_id id: 9 tid 106013
0 1 tid 106013
365 5 tid 106013
545 7 tid 106013
672 8 tid 106013
799 9 tid 106013
188 tid 106013
Insert  tid 106013
FindTargetPageId rootid 6 tid 106013
target_page_id id: 9 tid 106013
0 1 tid 106013
365 5 tid 106013
545 7 tid 106013
672 8 tid 106013
799 9 tid 106013
189 tid 106013
Insert  tid 106013
FindTargetPageId rootid 6 tid 106013
target_page_id id: 9 tid 106013
0 1 tid 106013
365 5 tid 106013
545 7 tid 106013
672 8 tid 106013
799 9 tid 106013
190 tid 106013
Insert  tid 106013
FindTargetPageId rootid 6 tid 106013
target_page_id id: 9 tid 106013
0 1 tid 106013
365 5 tid 106013
545 7 tid 106013
672 8 tid 106013
799 9 tid 106013
191 tid 106013
Insert  tid 106013
FindTargetPageId rootid 6 tid 106011
target_page_id id: 9 tid 106011
0 1 tid 106011
365 5 tid 106011
545 7 tid 106011
672 8 tid 106011
799 9 tid 106011
192 tid 106011
Insert  tid 106011
FindTargetPageId rootid 6 tid 106013
target_page_id id: 9 tid 106013
0 1 tid 106013
365 5 tid 106013
545 7 tid 106013
672 8 tid 106013
799 9 tid 106013
192 tid 106013
Insert  tid 106013
FindTargetPageId rootid 6 tid 106013
target_page_id id: 9 tid 106013
0 1 tid 106013
365 5 tid 106013
545 7 tid 106013
672 8 tid 106013
799 9 tid 106013
193 tid 106013
Insert  tid 106013
FindTargetPageId rootid 6 tid 106013
target_page_id id: 9 tid 106013
0 1 tid 106013
365 5 tid 106013
545 7 tid 106013
672 8 tid 106013
799 9 tid 106013
194 tid 106013
Insert  tid 106013
FindTargetPageId rootid 6 tid 106013
target_page_id id: 9 tid 106013
0 1 tid 106013
365 5 tid 106013
545 7 tid 106013
672 8 tid 106013
799 9 tid 106013
195 tid 106013
Insert  tid 106013
FindTargetPageId rootid 6 tid 106011
target_page_id id: 9 tid 106011
0 1 tid 106011
365 5 tid 106011
545 7 tid 106011
672 8 tid 106011
799 9 tid 106011
196 tid 106011
Insert  tid 106011
FindTargetPageId rootid 6 tid 106011
target_page_id id: 9 tid 106011
0 1 tid 106011
365 5 tid 106011
545 7 tid 106011
672 8 tid 106011
799 9 tid 106011
196 tid 106011
Insert  tid 106011
FindTargetPageId rootid 6 tid 106011
target_page_id id: 9 tid 106011
0 1 tid 106011
365 5 tid 106011
545 7 tid 106011
672 8 tid 106011
799 9 tid 106011
196 tid 106011
Insert  tid 106011
FindTargetPageId rootid 6 tid 106011
target_page_id id: 9 tid 106011
0 1 tid 106011
365 5 tid 106011
545 7 tid 106011
672 8 tid 106011
799 9 tid 106011
196 tid 106011
Insert  tid 106011
FindTargetPageId rootid 6 tid 106011
target_page_id id: 9 tid 106011
0 1 tid 106011
365 5 tid 106011
545 7 tid 106011
672 8 tid 106011
799 9 tid 106011
196 tid 106011
Insert  tid 106011
FindTargetPageId rootid 6 tid 106011
target_page_id id: 9 tid 106011
0 1 tid 106011
365 5 tid 106011
545 7 tid 106011
672 8 tid 106011
799 9 tid 106011
196 tid 106011
Insert  tid 106011
FindTargetPageId rootid 6 tid 106011
target_page_id id: 9 tid 106011
0 1 tid 106011
365 5 tid 106011
545 7 tid 106011
672 8 tid 106011
799 9 tid 106011
196 tid 106011
Insert  tid 106011
FindTargetPageId rootid 6 tid 106011
target_page_id id: 9 tid 106011
0 1 tid 106011
365 5 tid 106011
545 7 tid 106011
672 8 tid 106011
799 9 tid 106011
196 tid 106011
Insert  tid 106011
FindTargetPageId rootid 6 tid 106011
target_page_id id: 9 tid 106011
0 1 tid 106011
365 5 tid 106011
545 7 tid 106011
672 8 tid 106011
799 9 tid 106011
196 tid 106011
Insert  tid 106011
FindTargetPageId rootid 6 tid 106011
target_page_id id: 9 tid 106011
0 1 tid 106011
365 5 tid 106011
545 7 tid 106011
672 8 tid 106011
799 9 tid 106011
196 tid 106011
Insert  tid 106011
FindTargetPageId rootid 6 tid 106011
target_page_id id: 9 tid 106011
0 1 tid 106011
365 5 tid 106011
545 7 tid 106011
672 8 tid 106011
799 9 tid 106011
196 tid 106011
Insert  tid 106011
FindTargetPageId rootid 6 tid 106013
target_page_id id: 9 tid 106013
0 1 tid 106013
365 5 tid 106013
545 7 tid 106013
672 8 tid 106013
799 9 tid 106013
196 tid 106013
Insert  tid 106013
FindTargetPageId rootid 6 tid 106011
target_page_id id: 9 tid 106011
0 1 tid 106011
365 5 tid 106011
545 7 tid 106011
672 8 tid 106011
799 9 tid 106011
197 tid 106011
Insert  tid 106011
FindTargetPageId rootid 6 tid 106013
target_page_id id: 9 tid 106013
0 1 tid 106013
365 5 tid 106013
545 7 tid 106013
672 8 tid 106013
799 9 tid 106013
197 tid 106013
Insert  tid 106013
FindTargetPageId rootid 6 tid 106011
target_page_id id: 9 tid 106011
0 1 tid 106011
365 5 tid 106011
545 7 tid 106011
672 8 tid 106011
799 9 tid 106011
198 tid 106011
Insert  tid 106011
FindTargetPageId rootid 6 tid 106011
target_page_id id: 9 tid 106011
0 1 tid 106011
365 5 tid 106011
545 7 tid 106011
672 8 tid 106011
799 9 tid 106011
198 tid 106011
Insert  tid 106011
FindTargetPageId rootid 6 tid 106013
target_page_id id: 9 tid 106013
0 1 tid 106013
365 5 tid 106013
545 7 tid 106013
672 8 tid 106013
799 9 tid 106013
198 tid 106013
Insert  tid 106013
FindTargetPageId rootid 6 tid 106011
target_page_id id: 9 tid 106011
0 1 tid 106011
365 5 tid 106011
545 7 tid 106011
672 8 tid 106011
799 9 tid 106011
199 tid 106011
Insert  tid 106011
FindTargetPageId rootid 6 tid 106013
target_page_id id: 9 tid 106013
0 1 tid 106013
365 5 tid 106013
545 7 tid 106013
672 8 tid 106013
799 9 tid 106013
199 tid 106013
Insert  tid 106013
FindTargetPageId rootid 6 tid 106011
target_page_id id: 9 tid 106011
0 1 tid 106011
365 5 tid 106011
545 7 tid 106011
672 8 tid 106011
799 9 tid 106011
200 tid 106011
Insert  tid 106011
FindTargetPageId rootid 6 tid 106013
target_page_id id: 9 tid 106013
0 1 tid 106013
365 5 tid 106013
545 7 tid 106013
672 8 tid 106013
799 9 tid 106013
200 tid 106013
Insert  tid 106013
FindTargetPageId rootid 6 tid 106011
target_page_id id: 9 tid 106011
0 1 tid 106011
365 5 tid 106011
545 7 tid 106011
672 8 tid 106011
799 9 tid 106011
201 tid 106011
Insert  tid 106011
FindTargetPageId rootid 6 tid 106013
target_page_id id: 9 tid 106013
0 1 tid 106013
365 5 tid 106013
545 7 tid 106013
672 8 tid 106013
799 9 tid 106013
201 tid 106013
FindTargetPageId rootid 6 tid 106011
target_page_id id: 9 tid 106011
0 1 tid 106011
365 5 tid 106011
545 7 tid 106011
672 8 tid 106011
799 9 tid 106011
202 tid 106011
Insert  tid 106011
FindTargetPageId rootid 6 tid 106011
target_page_id id: 9 tid 106011
0 1 tid 106011
365 5 tid 106011
545 7 tid 106011
672 8 tid 106011
799 9 tid 106011
202 tid 106011
Insert  tid 106011
FindTargetPageId rootid 6 tid 106011
target_page_id id: 9 tid 106011
0 1 tid 106011
365 5 tid 106011
545 7 tid 106011
672 8 tid 106011
799 9 tid 106011
202 tid 106011
Insert  tid 106011
FindTargetPageId rootid 6 tid 106011
target_page_id id: 9 tid 106011
0 1 tid 106011
365 5 tid 106011
545 7 tid 106011
672 8 tid 106011
799 9 tid 106011
202 tid 106011
Insert  tid 106011
FindTargetPageId rootid 6 tid 106011
target_page_id id: 9 tid 106011
0 1 tid 106011
365 5 tid 106011
545 7 tid 106011
672 8 tid 106011
799 9 tid 106011
202 tid 106011
Insert  tid 106011
FindTargetPageId rootid 6 tid 106011
target_page_id id: 9 tid 106011
0 1 tid 106011
365 5 tid 106011
545 7 tid 106011
672 8 tid 106011
799 9 tid 106011
202 tid 106011
Insert  tid 106011
FindTargetPageId rootid 6 tid 106011
target_page_id id: 9 tid 106011
0 1 tid 106011
365 5 tid 106011
545 7 tid 106011
672 8 tid 106011
799 9 tid 106011
202 tid 106011
Insert  tid 106011
FindTargetPageId rootid 6 tid 106011
target_page_id id: 9 tid 106011
0 1 tid 106011
365 5 tid 106011
545 7 tid 106011
672 8 tid 106011
799 9 tid 106011
202 tid 106011
Insert  tid 106011
FindTargetPageId rootid 6 tid 106011
target_page_id id: 9 tid 106011
0 1 tid 106011
365 5 tid 106011
545 7 tid 106011
672 8 tid 106011
799 9 tid 106011
202 tid 106011
Insert  tid 106011
FindTargetPageId rootid 6 tid 106011
target_page_id id: 9 tid 106011
0 1 tid 106011
365 5 tid 106011
545 7 tid 106011
672 8 tid 106011
799 9 tid 106011
202 tid 106011
Insert  tid 106011
FindTargetPageId rootid 6 tid 106011
target_page_id id: 9 tid 106011
0 1 tid 106011
365 5 tid 106011
545 7 tid 106011
672 8 tid 106011
799 9 tid 106011
202 tid 106011
Insert  tid 106011
FindTargetPageId rootid 6 tid 106011
target_page_id id: 9 tid 106011
0 1 tid 106011
365 5 tid 106011
545 7 tid 106011
672 8 tid 106011
799 9 tid 106011
202 tid 106011
Insert  tid 106011
FindTargetPageId rootid 6 tid 106011
target_page_id id: 9 tid 106011
0 1 tid 106011
365 5 tid 106011
545 7 tid 106011
672 8 tid 106011
799 9 tid 106011
202 tid 106011
Insert  tid 106011
FindTargetPageId rootid 6 tid 106011
target_page_id id: 9 tid 106011
0 1 tid 106011
365 5 tid 106011
545 7 tid 106011
672 8 tid 106011
799 9 tid 106011
202 tid 106011
Insert  tid 106011
FindTargetPageId rootid 6 tid 106011
target_page_id id: 9 tid 106011
0 1 tid 106011
365 5 tid 106011
545 7 tid 106011
672 8 tid 106011
799 9 tid 106011
202 tid 106011
Insert  tid 106011
FindTargetPageId rootid 6 tid 106011
target_page_id id: 9 tid 106011
0 1 tid 106011
365 5 tid 106011
545 7 tid 106011
672 8 tid 106011
799 9 tid 106011
202 tid 106011
Insert  tid 106011
FindTargetPageId rootid 6 tid 106011
target_page_id id: 9 tid 106011
0 1 tid 106011
365 5 tid 106011
545 7 tid 106011
672 8 tid 106011
799 9 tid 106011
202 tid 106011
Insert  tid 106011
FindTargetPageId rootid 6 tid 106011
target_page_id id: 9 tid 106011
0 1 tid 106011
365 5 tid 106011
545 7 tid 106011
672 8 tid 106011
799 9 tid 106011
202 tid 106011
Insert  tid 106011
FindTargetPageId rootid 6 tid 106011
target_page_id id: 9 tid 106011
0 1 tid 106011
365 5 tid 106011
545 7 tid 106011
672 8 tid 106011
799 9 tid 106011
202 tid 106011
Insert  tid 106011
FindTargetPageId rootid 6 tid 106011
target_page_id id: 9 tid 106011
0 1 tid 106011
365 5 tid 106011
545 7 tid 106011
672 8 tid 106011
799 9 tid 106011
202 tid 106011
Insert  tid 106011
FindTargetPageId rootid 6 tid 106011
target_page_id id: 9 tid 106011
0 1 tid 106011
365 5 tid 106011
545 7 tid 106011
672 8 tid 106011
799 9 tid 106011
202 tid 106011
Insert  tid 106011
FindTargetPageId rootid 6 tid 106011
target_page_id id: 9 tid 106011
0 1 tid 106011
365 5 tid 106011
545 7 tid 106011
672 8 tid 106011
799 9 tid 106011
202 tid 106011
Insert  tid 106011
FindTargetPageId rootid 6 tid 106011
target_page_id id: 9 tid 106011
0 1 tid 106011
365 5 tid 106011
545 7 tid 106011
672 8 tid 106011
799 9 tid 106011
202 tid 106011
leaf_max_size 254
Insert  tid 105929
Insert  tid 105929
new root page id: 1 tid 105929
Insert  tid 105929
FindTargetPageId rootid 1 tid 105929
1 tid 105929
Insert  tid 105929
FindTargetPageId rootid 1 tid 105929
2 tid 105929
Insert  tid 105929
FindTargetPageId rootid 1 tid 105929
3 tid 105929
Insert  tid 105929
FindTargetPageId rootid 1 tid 105929
4 tid 105929
Insert  tid 105929
FindTargetPageId rootid 1 tid 105929
5 tid 105929
Insert  tid 105929
FindTargetPageId rootid 1 tid 105929
6 tid 105929
Insert  tid 105929
FindTargetPageId rootid 1 tid 105929
7 tid 105929
Insert  tid 105929
FindTargetPageId rootid 1 tid 105929
8 tid 105929
Insert  tid 105929
FindTargetPageId rootid 1 tid 105929
9 tid 105929
Insert  tid 105929
FindTargetPageId rootid 1 tid 105929
10 tid 105929
Insert  tid 105929
FindTargetPageId rootid 1 tid 105929
11 tid 105929
Insert  tid 105929
FindTargetPageId rootid 1 tid 105929
12 tid 105929
Insert  tid 105929
FindTargetPageId rootid 1 tid 105929
13 tid 105929
Insert  tid 105929
FindTargetPageId rootid 1 tid 105929
14 tid 105929
Insert  tid 105929
FindTargetPageId rootid 1 tid 105929
15 tid 105929
Insert  tid 105929
FindTargetPageId rootid 1 tid 105929
16 tid 105929
Insert  tid 105929
FindTargetPageId rootid 1 tid 105929
17 tid 105929
Insert  tid 105929
FindTargetPageId rootid 1 tid 105929
18 tid 105929
Insert  tid 105929
FindTargetPageId rootid 1 tid 105929
19 tid 105929
Insert  tid 105929
FindTargetPageId rootid 1 tid 105929
20 tid 105929
Insert  tid 105929
FindTargetPageId rootid 1 tid 105929
21 tid 105929
Insert  tid 105929
FindTargetPageId rootid 1 tid 105929
22 tid 105929
Insert  tid 105929
FindTargetPageId rootid 1 tid 105929
23 tid 105929
Insert  tid 105929
FindTargetPageId rootid 1 tid 105929
24 tid 105929
Insert  tid 105929
FindTargetPageId rootid 1 tid 105929
25 tid 105929
Insert  tid 105929
FindTargetPageId rootid 1 tid 105929
26 tid 105929
Insert  tid 105929
FindTargetPageId rootid 1 tid 105929
27 tid 105929
Insert  tid 105929
FindTargetPageId rootid 1 tid 105929
28 tid 105929
Insert  tid 105929
FindTargetPageId rootid 1 tid 105929
29 tid 105929
Insert  tid 105929
FindTargetPageId rootid 1 tid 105929
30 tid 105929
Insert  tid 105929
FindTargetPageId rootid 1 tid 105929
31 tid 105929
Insert  tid 105929
FindTargetPageId rootid 1 tid 105929
32 tid 105929
Insert  tid 105929
FindTargetPageId rootid 1 tid 105929
33 tid 105929
Insert  tid 105929
FindTargetPageId rootid 1 tid 105929
34 tid 105929
Insert  tid 105929
FindTargetPageId rootid 1 tid 105929
35 tid 105929
Insert  tid 105929
FindTargetPageId rootid 1 tid 105929
36 tid 105929
Insert  tid 105929
FindTargetPageId rootid 1 tid 105929
37 tid 105929
Insert  tid 105929
FindTargetPageId rootid 1 tid 105929
38 tid 105929
Insert  tid 105929
FindTargetPageId rootid 1 tid 105929
39 tid 105929
Insert  tid 105929
FindTargetPageId rootid 1 tid 105929
40 tid 105929
Insert  tid 105929
FindTargetPageId rootid 1 tid 105929
41 tid 105929
Insert  tid 105929
FindTargetPageId rootid 1 tid 105929
42 tid 105929
Insert  tid 105929
FindTargetPageId rootid 1 tid 105929
43 tid 105929
Insert  tid 105929
FindTargetPageId rootid 1 tid 105929
44 tid 105929
Insert  tid 105929
FindTargetPageId rootid 1 tid 105929
45 tid 105929
Insert  tid 105929
FindTargetPageId rootid 1 tid 105929
46 tid 105929
Insert  tid 105929
FindTargetPageId rootid 1 tid 105929
47 tid 105929
Insert  tid 105929
FindTargetPageId rootid 1 tid 105929
48 tid 105929
Insert  tid 105929
FindTargetPageId rootid 1 tid 105929
49 tid 105929
Insert  tid 105929
FindTargetPageId rootid 1 tid 105929
50 tid 105929
Insert  tid 105929
FindTargetPageId rootid 1 tid 105929
51 tid 105929
Insert  tid 105929
FindTargetPageId rootid 1 tid 105929
52 tid 105929
Insert  tid 105929
FindTargetPageId rootid 1 tid 105929
53 tid 105929
Insert  tid 105929
FindTargetPageId rootid 1 tid 105929
54 tid 105929
Insert  tid 105929
FindTargetPageId rootid 1 tid 105929
55 tid 105929
Insert  tid 105929
FindTargetPageId rootid 1 tid 105929
56 tid 105929
Insert  tid 105929
FindTargetPageId rootid 1 tid 105929
57 tid 105929
Insert  tid 105929
FindTargetPageId rootid 1 tid 105929
58 tid 105929
Insert  tid 105929
FindTargetPageId rootid 1 tid 105929
59 tid 105929
Insert  tid 105929
FindTargetPageId rootid 1 tid 105929
60 tid 105929
Insert  tid 105929
FindTargetPageId rootid 1 tid 105929
61 tid 105929
Insert  tid 105929
FindTargetPageId rootid 1 tid 105929
62 tid 105929
Insert  tid 105929
FindTargetPageId rootid 1 tid 105929
63 tid 105929
Insert  tid 105929
FindTargetPageId rootid 1 tid 105929
64 tid 105929
Insert  tid 105929
FindTargetPageId rootid 1 tid 105929
65 tid 105929
Insert  tid 105929
FindTargetPageId rootid 1 tid 105929
66 tid 105929
Insert  tid 105929
FindTargetPageId rootid 1 tid 105929
67 tid 105929
Insert  tid 105929
FindTargetPageId rootid 1 tid 105929
68 tid 105929
Insert  tid 105929
FindTargetPageId rootid 1 tid 105929
69 tid 105929
Insert  tid 105929
FindTargetPageId rootid 1 tid 105929
70 tid 105929
Insert  tid 105929
FindTargetPageId rootid 1 tid 105929
71 tid 105929
Insert  tid 105929
FindTargetPageId rootid 1 tid 105929
72 tid 105929
Insert  tid 105929
FindTargetPageId rootid 1 tid 105929
73 tid 105929
Insert  tid 105929
FindTargetPageId rootid 1 tid 105929
74 tid 105929
Insert  tid 105929
FindTargetPageId rootid 1 tid 105929
75 tid 105929
Insert  tid 105929
FindTargetPageId rootid 1 tid 105929
76 tid 105929
Insert  tid 105929
FindTargetPageId rootid 1 tid 105929
77 tid 105929
Insert  tid 105929
FindTargetPageId rootid 1 tid 105929
78 tid 105929
Insert  tid 105929
FindTargetPageId rootid 1 tid 105929
79 tid 105929
Insert  tid 105929
FindTargetPageId rootid 1 tid 105929
80 tid 105929
Insert  tid 105929
FindTargetPageId rootid 1 tid 105929
81 tid 105929
Insert  tid 105929
FindTargetPageId rootid 1 tid 105929
82 tid 105929
Insert  tid 105929
FindTargetPageId rootid 1 tid 105929
83 tid 105929
Insert  tid 105929
FindTargetPageId rootid 1 tid 105929
84 tid 105929
Insert  tid 105929
FindTargetPageId rootid 1 tid 105929
85 tid 105929
Insert  tid 105929
FindTargetPageId rootid 1 tid 105929
86 tid 105929
Insert  tid 105929
FindTargetPageId rootid 1 tid 105929
87 tid 105929
Insert  tid 105929
FindTargetPageId rootid 1 tid 105929
88 tid 105929
Insert  tid 105929
FindTargetPageId rootid 1 tid 105929
89 tid 105929
Insert  tid 105929
FindTargetPageId rootid 1 tid 105929
90 tid 105929
Insert  tid 105929
FindTargetPageId rootid 1 tid 105929
91 tid 105929
Insert  tid 105929
FindTargetPageId rootid 1 tid 105929
92 tid 105929
Insert  tid 105929
FindTargetPageId rootid 1 tid 105929
93 tid 105929
Insert  tid 105929
FindTargetPageId rootid 1 tid 105929
94 tid 105929
Insert  tid 105929
FindTargetPageId rootid 1 tid 105929
95 tid 105929
Insert  tid 105929
FindTargetPageId rootid 1 tid 105929
96 tid 105929
Insert  tid 105929
FindTargetPageId rootid 1 tid 105929
97 tid 105929
Insert  tid 105929
FindTargetPageId rootid 1 tid 105929
98 tid 105929
Insert  tid 105929
FindTargetPageId rootid 1 tid 105929
99 tid 105929
Insert  tid 105929
FindTargetPageId rootid 1 tid 105929
100 tid 105929
Insert  tid 105929
FindTargetPageId rootid 1 tid 105929
101 tid 105929
Insert  tid 105929
FindTargetPageId rootid 1 tid 105929
102 tid 105929
Insert  tid 105929
FindTargetPageId rootid 1 tid 105929
103 tid 105929
Insert  tid 105929
FindTargetPageId rootid 1 tid 105929
104 tid 105929
Insert  tid 105929
FindTargetPageId rootid 1 tid 105929
105 tid 105929
Insert  tid 105929
FindTargetPageId rootid 1 tid 105929
106 tid 105929
Insert  tid 105929
FindTargetPageId rootid 1 tid 105929
107 tid 105929
Insert  tid 105929
FindTargetPageId rootid 1 tid 105929
108 tid 105929
Insert  tid 105929
FindTargetPageId rootid 1 tid 105929
109 tid 105929
Insert  tid 105929
FindTargetPageId rootid 1 tid 105929
110 tid 105929
Insert  tid 105929
FindTargetPageId rootid 1 tid 105929
111 tid 105929
Insert  tid 105929
FindTargetPageId rootid 1 tid 105929
112 tid 105929
Insert  tid 105929
FindTargetPageId rootid 1 tid 105929
113 tid 105929
Insert  tid 105929
FindTargetPageId rootid 1 tid 105929
114 tid 105929
Insert  tid 105929
FindTargetPageId rootid 1 tid 105929
115 tid 105929
Insert  tid 105929
FindTargetPageId rootid 1 tid 105929
116 tid 105929
Insert  tid 105929
FindTargetPageId rootid 1 tid 105929
117 tid 105929
Insert  tid 105929
FindTargetPageId rootid 1 tid 105929
118 tid 105929
Insert  tid 105929
FindTargetPageId rootid 1 tid 105929
119 tid 105929
Insert  tid 105929
FindTargetPageId rootid 1 tid 105929
120 tid 105929
Insert  tid 105929
FindTargetPageId rootid 1 tid 105929
121 tid 105929
Insert  tid 105929
FindTargetPageId rootid 1 tid 105929
122 tid 105929
Insert  tid 105929
FindTargetPageId rootid 1 tid 105929
123 tid 105929
Insert  tid 105929
FindTargetPageId rootid 1 tid 105929
124 tid 105929
Insert  tid 105929
FindTargetPageId rootid 1 tid 105929
125 tid 105929
Insert  tid 105929
FindTargetPageId rootid 1 tid 105929
126 tid 105929
Insert  tid 105929
FindTargetPageId rootid 1 tid 105929
127 tid 105929
Insert  tid 105929
FindTargetPageId rootid 1 tid 105929
128 tid 105929
Insert  tid 105929
FindTargetPageId rootid 1 tid 105929
129 tid 105929
Insert  tid 105929
FindTargetPageId rootid 1 tid 105929
130 tid 105929
Insert  tid 105929
FindTargetPageId rootid 1 tid 105929
131 tid 105929
Insert  tid 105929
FindTargetPageId rootid 1 tid 105929
132 tid 105929
Insert  tid 105929
FindTargetPageId rootid 1 tid 105929
133 tid 105929
Insert  tid 105929
FindTargetPageId rootid 1 tid 105929
134 tid 105929
Insert  tid 105929
FindTargetPageId rootid 1 tid 105929
135 tid 105929
Insert  tid 105929
FindTargetPageId rootid 1 tid 105929
136 tid 105929
Insert  tid 105929
FindTargetPageId rootid 1 tid 105929
137 tid 105929
Insert  tid 105929
FindTargetPageId rootid 1 tid 105929
138 tid 105929
Insert  tid 105929
FindTargetPageId rootid 1 tid 105929
139 tid 105929
Insert  tid 105929
FindTargetPageId rootid 1 tid 105929
140 tid 105929
Insert  tid 105929
FindTargetPageId rootid 1 tid 105929
141 tid 105929
Insert  tid 105929
FindTargetPageId rootid 1 tid 105929
142 tid 105929
Insert  tid 105929
FindTargetPageId rootid 1 tid 105929
143 tid 105929
Insert  tid 105929
FindTargetPageId rootid 1 tid 105929
144 tid 105929
Insert  tid 105929
FindTargetPageId rootid 1 tid 105929
145 tid 105929
Insert  tid 105929
FindTargetPageId rootid 1 tid 105929
146 tid 105929
Insert  tid 105929
FindTargetPageId rootid 1 tid 105929
147 tid 105929
Insert  tid 105929
FindTargetPageId rootid 1 tid 105929
148 tid 105929
Insert  tid 105929
FindTargetPageId rootid 1 tid 105929
149 tid 105929
Insert  tid 105929
FindTargetPageId rootid 1 tid 105929
150 tid 105929
Insert  tid 105929
FindTargetPageId rootid 1 tid 105929
151 tid 105929
Insert  tid 105929
FindTargetPageId rootid 1 tid 105929
152 tid 105929
Insert  tid 105929
FindTargetPageId rootid 1 tid 105929
153 tid 105929
Insert  tid 105929
FindTargetPageId rootid 1 tid 105929
154 tid 105929
Insert  tid 105929
FindTargetPageId rootid 1 tid 105929
155 tid 105929
Insert  tid 105929
FindTargetPageId rootid 1 tid 105929
156 tid 105929
Insert  tid 105929
FindTargetPageId rootid 1 tid 105929
157 tid 105929
Insert  tid 105929
FindTargetPageId rootid 1 tid 105929
158 tid 105929
Insert  tid 105929
FindTargetPageId rootid 1 tid 105929
159 tid 105929
Insert  tid 105929
FindTargetPageId rootid 1 tid 105929
160 tid 105929
Insert  tid 105929
FindTargetPageId rootid 1 tid 105929
161 tid 105929
Insert  tid 105929
FindTargetPageId rootid 1 tid 105929
162 tid 105929
Insert  tid 105929
FindTargetPageId rootid 1 tid 105929
163 tid 105929
Insert  tid 105929
FindTargetPageId rootid 1 tid 105929
164 tid 105929
Insert  tid 105929
FindTargetPageId rootid 1 tid 105929
165 tid 105929
Insert  tid 105929
FindTargetPageId rootid 1 tid 105929
166 tid 105929
Insert  tid 105929
FindTargetPageId rootid 1 tid 105929
167 tid 105929
Insert  tid 105929
FindTargetPageId rootid 1 tid 105929
168 tid 105929
Insert  tid 105929
FindTargetPageId rootid 1 tid 105929
169 tid 105929
Insert  tid 105929
FindTargetPageId rootid 1 tid 105929
170 tid 105929
Insert  tid 105929
FindTargetPageId rootid 1 tid 105929
171 tid 105929
Insert  tid 105929
FindTargetPageId rootid 1 tid 105929
172 tid 105929
Insert  tid 105929
FindTargetPageId rootid 1 tid 105929
173 tid 105929
Insert  tid 105929
FindTargetPageId rootid 1 tid 105929
174 tid 105929
Insert  tid 105929
FindTargetPageId rootid 1 tid 105929
175 tid 105929
Insert  tid 105929
FindTargetPageId rootid 1 tid 105929
176 tid 105929
Insert  tid 105929
FindTargetPageId rootid 1 tid 105929
177 tid 105929
Insert  tid 105929
FindTargetPageId rootid 1 tid 105929
178 tid 105929
Insert  tid 105929
FindTargetPageId rootid 1 tid 105929
179 tid 105929
Insert  tid 105929
FindTargetPageId rootid 1 tid 105929
180 tid 105929
Insert  tid 105929
FindTargetPageId rootid 1 tid 105929
181 tid 105929
Insert  tid 105929
FindTargetPageId rootid 1 tid 105929
182 tid 105929
Insert  tid 105929
FindTargetPageId rootid 1 tid 105929
183 tid 105929
Insert  tid 105929
FindTargetPageId rootid 1 tid 105929
184 tid 105929
Insert  tid 105929
FindTargetPageId rootid 1 tid 105929
185 tid 105929
Insert  tid 105929
FindTargetPageId rootid 1 tid 105929
186 tid 105929
Insert  tid 105929
FindTargetPageId rootid 1 tid 105929
187 tid 105929
Insert  tid 105929
FindTargetPageId rootid 1 tid 105929
188 tid 105929
Insert  tid 105929
FindTargetPageId rootid 1 tid 105929
189 tid 105929
Insert  tid 105929
FindTargetPageId rootid 1 tid 105929
190 tid 105929
Insert  tid 105929
FindTargetPageId rootid 1 tid 105929
191 tid 105929
Insert  tid 105929
FindTargetPageId rootid 1 tid 105929
192 tid 105929
Insert  tid 105929
FindTargetPageId rootid 1 tid 105929
193 tid 105929
Insert  tid 105929
FindTargetPageId rootid 1 tid 105929
194 tid 105929
Insert  tid 105929
FindTargetPageId rootid 1 tid 105929
195 tid 105929
Insert  tid 105929
FindTargetPageId rootid 1 tid 105929
196 tid 105929
Insert  tid 105929
FindTargetPageId rootid 1 tid 105929
197 tid 105929
Insert  tid 105929
FindTargetPageId rootid 1 tid 105929
198 tid 105929
Insert  tid 105929
FindTargetPageId rootid 1 tid 105929
199 tid 105929
Insert  tid 106015
Insert  tid 106015
FindTargetPageId rootid 1 tid 106015
200 tid 106015
Insert  tid 106015
FindTargetPageId rootid 1 tid 106015
201 tid 106015
Insert  tid 106015
FindTargetPageId rootid 1 tid 106015
202 tid 106015
Insert  tid 106015
FindTargetPageId rootid 1 tid 106015
203 tid 106015
Insert  tid 106015
FindTargetPageId rootid 1 tid 106015
204 tid 106015
Insert  tid 106015
FindTargetPageId rootid 1 tid 106015
205 tid 106015
Insert  tid 106015
FindTargetPageId rootid 1 tid 106015
206 tid 106015
Insert  tid 106015
FindTargetPageId rootid 1 tid 106015
Remove  tid 106016207
 tid Insert  tid 106017
106015
Insert  tid 106015
FindTargetPageId rootid 1 tid 106015
208 tid 106015
Remove  tid 106016
FindTargetPageId rootid 1 tid 106016
209 tid 106016
Remove  tid 106016
FindTargetPageId rootid 1 tid 106016
Insert 208 tid  tid 106016
106015
FindTargetPageId rootid 1 tid 106015
207 tid 106015
Remove Insert  tid 106015
FindTargetPageId rootid 1 tid 106015
208 tid 106015
Insert  tid 106015
FindTargetPageId rootid 1 tid 106015
209 tid 106015
Insert  tid 106017
 tid 106016
Insert  tid 106015
FindTargetPageId rootid 1 tid 106015
210 tid 106015
Insert  tid 106015
FindTargetPageId rootid 1 tid 106016
211 tid 106016
Remove  tid 106016
FindTargetPageId rootid 1 tid 106017
210 tid 106017
Insert  tid 106017
FindTargetPageId rootid 1 tid 106017
211 tid 106017
Insert  tid 106017
FindTargetPageId rootid 1 tid 106015
212 tid 106015
Insert  tid 106015
FindTargetPageId rootid 1 tid 106015
213 tid 106015
Insert  tid 106015
FindTargetPageId rootid 1 tid 106017
214 tid 106017
Insert  tid 106017
FindTargetPageId rootid 1 tid 106016
215 tid 106016
Remove  tid 106016
FindTargetPageId rootid 1 tid 106015
214 tid 106015
Insert  tid 106015
FindTargetPageId rootid 1 tid 106017
215 tid 106017
Insert  tid 106017
FindTargetPageId rootid 1 tid 106016
216 tid 106016
Remove  tid 106016
FindTargetPageId rootid 1 tid 106015
215 tid 106015
Insert  tid 106015
FindTargetPageId rootid 1 tid 106017
216 tid 106017
Insert  tid 106017
FindTargetPageId rootid 1 tid 106016
217 tid 106016
Remove  tid 106016
FindTargetPageId rootid 1 tid 106016
216 tid 106016
Remove  tid 106016
FindTargetPageId rootid 1 tid 106015
215 tid 106015
Insert  tid 106015
FindTargetPageId rootid 1 tid 106016
216 tid 106016
Remove  tid 106016
FindTargetPageId rootid 1 tid 106017
215 tid 106017
Insert  tid 106017
FindTargetPageId rootid 1 tid 106015
216 tid 106015
Insert  tid 106015
FindTargetPageId rootid 1 tid 106016
217 tid 106016
Remove  tid 106016
FindTargetPageId rootid 1 tid 106017
216 tid 106017
Insert  tid 106017
FindTargetPageId rootid 1 tid 106015
217 tid 106015
Insert  tid 106015
FindTargetPageId rootid 1 tid 106016
218 tid 106016
Remove  tid 106016
FindTargetPageId rootid 1 tid 106017
217 tid 106017
Insert  tid 106017
FindTargetPageId rootid 1 tid 106017
218 tid 106017
Insert  tid 106017
FindTargetPageId rootid 1 tid 106017
219 tid 106017
Insert  tid 106017
FindTargetPageId rootid 1 tid 106017
220 tid 106017
Insert  tid 106017
FindTargetPageId rootid 1 tid 106017
220 tid 106017
Insert  tid 106017
FindTargetPageId rootid 1 tid 106017
220 tid 106017
Insert  tid 106017
FindTargetPageId rootid 1 tid 106017
220 tid 106017
Insert  tid 106017
FindTargetPageId rootid 1 tid 106017
220 tid 106017
Insert  tid 106017
FindTargetPageId rootid 1 tid 106017
220 tid 106017
Insert  tid 106017
FindTargetPageId rootid 1 tid 106017
220 tid 106017
Insert  tid 106017
FindTargetPageId rootid 1 tid 106017
220 tid 106017
Insert  tid 106017
FindTargetPageId rootid 1 tid 106017
220 tid 106017
Insert  tid 106017
FindTargetPageId rootid 1 tid 106017
220 tid 106017
Insert  tid 106017
FindTargetPageId rootid 1 tid 106017
220 tid 106017
Insert  tid 106017
FindTargetPageId rootid 1 tid 106016
221 tid 106016
Remove  tid 106016
FindTargetPageId rootid 1 tid 106015
220 tid 106015
Insert  tid 106015
FindTargetPageId rootid 1 tid 106017
220 tid 106017
Insert  tid 106017
FindTargetPageId rootid 1 tid 106016
221 tid 106016
Remove  tid 106016
FindTargetPageId rootid 1 tid 106016
220 tid 106016
Remove  tid 106016
FindTargetPageId rootid 1 tid 106015
219 tid 106015
Insert  tid 106015
FindTargetPageId rootid 1 tid 106017
219 tid 106017
Insert  tid 106017
FindTargetPageId rootid 1 tid 106017
220 tid 106017
Insert  tid 106017
FindTargetPageId rootid 1 tid 106017
221 tid 106017
Insert  tid 106017
FindTargetPageId rootid 1 tid 106016
222 tid 106016
Remove  tid 106016
FindTargetPageId rootid 1 tid 106016
221 tid 106016
Remove  tid 106016
FindTargetPageId rootid 1 tid 106016
220 tid 106016
Remove  tid 106016
FindTargetPageId rootid 1 tid 106016
219 tid 106016
Remove  tid 106016
FindTargetPageId rootid 1 tid 106016
218 tid 106016
Remove  tid 106016
FindTargetPageId rootid 1 tid 106015
217 tid 106015
Insert  tid 106015
FindTargetPageId rootid 1 tid 106015
217 tid 106015
Insert  tid 106015
FindTargetPageId rootid 1 tid 106017
217 tid 106017
Insert  tid 106017
FindTargetPageId rootid 1 tid 106017
218 tid 106017
Insert  tid 106017
FindTargetPageId rootid 1 tid 106017
219 tid 106017
Insert  tid 106017
FindTargetPageId rootid 1 tid 106016
220 tid 106016
Remove  tid 106016
FindTargetPageId rootid 1 tid 106015
219 tid 106015
Insert  tid 106015
FindTargetPageId rootid 1 tid 106017
219 tid 106017
Insert  tid 106017
FindTargetPageId rootid 1 tid 106016
220 tid 106016
Remove  tid 106016
FindTargetPageId rootid 1 tid 106015
219 tid 106015
Insert  tid 106015
FindTargetPageId rootid 1 tid 106017
219 tid 106017
Insert  tid 106017
FindTargetPageId rootid 1 tid 106017
220 tid 106017
Insert  tid 106017
FindTargetPageId rootid 1 tid 106017
221 tid 106017
Insert  tid 106017
FindTargetPageId rootid 1 tid 106016
222 tid 106016
Remove  tid 106016
FindTargetPageId rootid 1 tid 106015
221 tid 106015
Insert  tid 106015
FindTargetPageId rootid 1 tid 106017
221 tid 106017
Insert  tid 106017
FindTargetPageId rootid 1 tid 106017
222 tid 106017
Insert  tid 106017
FindTargetPageId rootid 1 tid 106017
223 tid 106017
Insert  tid 106017
FindTargetPageId rootid 1 tid 106017
224 tid 106017
Insert  tid 106017
FindTargetPageId rootid 1 tid 106017
225 tid 106017
Insert  tid 106017
FindTargetPageId rootid 1 tid 106017
226 tid 106017
Insert  tid 106017
FindTargetPageId rootid 1 tid 106017
227 tid 106017
Insert  tid 106017
FindTargetPageId rootid 1 tid 106017
228 tid 106017
Insert  tid 106017
FindTargetPageId rootid 1 tid 106017
229 tid 106017
Insert  tid 106017
FindTargetPageId rootid 1 tid 106017
230 tid 106017
Insert  tid 106017
FindTargetPageId rootid 1 tid 106017
231 tid 106017
Insert  tid 106017
FindTargetPageId rootid 1 tid 106017
232 tid 106017
Insert  tid 106017
FindTargetPageId rootid 1 tid 106017
233 tid 106017
Insert  tid 106017
FindTargetPageId rootid 1 tid 106017
234 tid 106017
Insert  tid 106017
FindTargetPageId rootid 1 tid 106017
235 tid 106017
Insert  tid 106017
FindTargetPageId rootid 1 tid 106017
236 tid 106017
Insert  tid 106017
FindTargetPageId rootid 1 tid 106017
237 tid 106017
Insert  tid 106017
FindTargetPageId rootid 1 tid 106017
238 tid 106017
Insert  tid 106017
FindTargetPageId rootid 1 tid 106017
239 tid 106017
Insert  tid 106017
FindTargetPageId rootid 1 tid 106017
240 tid 106017
Insert  tid 106017
FindTargetPageId rootid 1 tid 106017
241 tid 106017
Insert  tid 106017
FindTargetPageId rootid 1 tid 106017
242 tid 106017
Insert  tid 106017
FindTargetPageId rootid 1 tid 106017
243 tid 106017
Insert  tid 106017
FindTargetPageId rootid 1 tid 106017
244 tid 106017
Insert  tid 106017
FindTargetPageId rootid 1 tid 106017
245 tid 106017
Insert  tid 106017
FindTargetPageId rootid 1 tid 106017
246 tid 106017
Insert  tid 106017
FindTargetPageId rootid 1 tid 106017
247 tid 106017
Insert  tid 106017
FindTargetPageId rootid 1 tid 106017
248 tid 106017
Insert  tid 106017
FindTargetPageId rootid 1 tid 106017
249 tid 106017
Insert  tid 106017
FindTargetPageId rootid 1 tid 106017
250 tid 106017
Insert  tid 106017
FindTargetPageId rootid 1 tid 106017
251 tid 106017
Insert  tid 106017
FindTargetPageId rootid 1 tid 106017
252 tid 106017
Insert  tid 106017
FindTargetPageId rootid 1 tid 106017
253 tid 106017
Insert  tid 106017
FindTargetPageId rootid 1 tid 106017
254 tid 106017
Insert  tid 106017
FindTargetPageId rootid 3 tid 106015
target_page_id id: 1 tid 106015
0 1 tid 106015
365 2 tid 106015
127 tid 106015
Insert  tid 106015
FindTargetPageId rootid 3 tid 106015
target_page_id id: 1 tid 106015
0 1 tid 106015
365 2 tid 106015
127 tid 106015
Insert  tid 106015
FindTargetPageId rootid 3 tid 106015
target_page_id id: 1 tid 106015
0 1 tid 106015
365 2 tid 106015
127 tid 106015
Insert  tid 106015
FindTargetPageId rootid 3 tid 106016
target_page_id id: 1 tid 106016
0 1 tid 106016
365 2 tid 106016
127 tid 106016
Remove  tid 106016
FindTargetPageId rootid 1 tid 106016
254 tid 106016
Remove  tid 106016
FindTargetPageId rootid 1 tid 106016
253 tid 106016
Remove  tid 106016
FindTargetPageId rootid 1 tid 106016
252 tid 106016
Remove  tid 106016
FindTargetPageId rootid 1 tid 106016
251 tid 106016
Remove  tid 106016
FindTargetPageId rootid 1 tid 106016
250 tid 106016
Remove  tid 106016
FindTargetPageId rootid 1 tid 106016
249 tid 106016
Remove  tid 106016
FindTargetPageId rootid 1 tid 106016
248 tid 106016
Remove  tid 106016
FindTargetPageId rootid 1 tid 106016
247 tid 106016
Remove  tid 106016
FindTargetPageId rootid 1 tid 106016
246 tid 106016
Remove  tid 106016
FindTargetPageId rootid 1 tid 106016
245 tid 106016
Remove  tid 106016
FindTargetPageId rootid 1 tid 106016
244 tid 106016
Remove  tid 106016
FindTargetPageId rootid 1 tid 106016
243 tid 106016
Remove  tid 106016
FindTargetPageId rootid 1 tid 106016
242 tid 106016
Remove  tid 106016
FindTargetPageId rootid 1 tid 106016
241 tid 106016
Remove  tid 106016
FindTargetPageId rootid 1 tid 106016
240 tid 106016
Remove  tid 106016
FindTargetPageId rootid 1 tid 106016
239 tid 106016
Remove  tid 106016
FindTargetPageId rootid 1 tid 106016
238 tid 106016
Remove  tid 106016
FindTargetPageId rootid 1 tid 106016
237 tid 106016
Remove  tid 106016
FindTargetPageId rootid 1 tid 106016
236 tid 106016
Remove  tid 106016
FindTargetPageId rootid 1 tid 106016
235 tid 106016
Remove  tid 106016
FindTargetPageId rootid 1 tid 106016
234 tid 106016
Remove  tid 106016
FindTargetPageId rootid 1 tid 106016
233 tid 106016
Remove  tid 106016
FindTargetPageId rootid 1 tid 106016
232 tid 106016
Remove  tid 106016
FindTargetPageId rootid 1 tid 106016
231 tid 106016
Remove  tid 106016
FindTargetPageId rootid 1 tid 106016
230 tid 106016
Remove  tid 106016
FindTargetPageId rootid 1 tid 106016
229 tid 106016
Remove  tid 106016
FindTargetPageId rootid 1 tid 106016
228 tid 106016
Remove  tid 106016
FindTargetPageId rootid 1 tid 106016
227 tid 106016
Remove  tid 106016
FindTargetPageId rootid 1 tid 106016
226 tid 106016
Remove  tid 106016
FindTargetPageId rootid 1 tid 106016
225 tid 106016
Remove  tid 106016
FindTargetPageId rootid 1 tid 106016
224 tid 106016
Remove  tid 106016
FindTargetPageId rootid 1 tid 106016
223 tid 106016
Remove  tid 106016
FindTargetPageId rootid 1 tid 106016
222 tid 106016
Remove  tid 106016
FindTargetPageId rootid 1 tid 106016
221 tid 106016
Remove  tid 106016
FindTargetPageId rootid 1 tid 106016
220 tid 106016
Remove  tid 106016
FindTargetPageId rootid 1 tid 106016
219 tid 106016
Remove  tid 106016
FindTargetPageId rootid 1 tid 106016
218 tid 106016
Remove  tid 106016
FindTargetPageId rootid 1 tid 106016
217 tid 106016
Remove  tid 106016
FindTargetPageId rootid 1 tid 106016
216 tid 106016
Remove  tid 106016
FindTargetPageId rootid 1 tid 106016
215 tid 106016
Remove  tid 106016
FindTargetPageId rootid 1 tid 106016
214 tid 106016
Remove  tid 106016
FindTargetPageId rootid 1 tid 106016
213 tid 106016
Remove  tid 106016
FindTargetPageId rootid 1 tid 106016
212 tid 106016
Remove  tid 106016
FindTargetPageId rootid 1 tid 106016
211 tid 106016
Remove  tid 106016
FindTargetPageId rootid 1 tid 106016
210 tid 106016
Remove  tid 106016
FindTargetPageId rootid 1 tid 106016
210 tid 106016
Remove  tid 106016
FindTargetPageId rootid 1 tid 106016
210 tid 106016
Remove  tid 106016
FindTargetPageId rootid 1 tid 106016
210 tid 106016
Remove  tid 106016
FindTargetPageId rootid 1 tid 106016
210 tid 106016
Remove  tid 106016
FindTargetPageId rootid 1 tid 106016
210 tid 106016
Remove  tid 106016
FindTargetPageId rootid 1 tid 106016
210 tid 106016
Remove  tid 106016
FindTargetPageId rootid 1 tid 106016
210 tid 106016
Remove  tid 106016
FindTargetPageId rootid 1 tid 106016
210 tid 106016
Remove  tid 106016
FindTargetPageId rootid 1 tid 106016
210 tid 106016
Remove  tid 106016
FindTargetPageId rootid 1 tid 106016
210 tid 106016
Remove  tid 106016
FindTargetPageId rootid 1 tid 106016
210 tid 106016
Remove  tid 106016
FindTargetPageId rootid 1 tid 106016
210 tid 106016
Remove  tid 106016
FindTargetPageId rootid 1 tid 106016
210 tid 106016
Remove  tid 106016
FindTargetPageId rootid 1 tid 106016
210 tid 106016
Remove  tid 106016
FindTargetPageId rootid 1 tid 106016
210 tid 106016
Remove  tid 106016
FindTargetPageId rootid 1 tid 106016
210 tid 106016
Remove  tid 106016
FindTargetPageId rootid 1 tid 106016
210 tid 106016
Remove  tid 106016
FindTargetPageId rootid 1 tid 106016
210 tid 106016
Remove  tid 106016
FindTargetPageId rootid 1 tid 106016
210 tid 106016
Remove  tid 106016
FindTargetPageId rootid 1 tid 106016
210 tid 106016
Remove  tid 106016
FindTargetPageId rootid 1 tid 106016
210 tid 106016
Remove  tid 106016
FindTargetPageId rootid 1 tid 106016
210 tid 106016
Remove  tid 106016
FindTargetPageId rootid 1 tid 106016
210 tid 106016
Remove  tid 106016
FindTargetPageId rootid 1 tid 106016
210 tid 106016
Remove  tid 106016
FindTargetPageId rootid 1 tid 106016
210 tid 106016
Remove  tid 106016
FindTargetPageId rootid 1 tid 106016
210 tid 106016
Remove  tid 106016
FindTargetPageId rootid 1 tid 106016
210 tid 106016
Remove  tid 106016
FindTargetPageId rootid 1 tid 106016
210 tid 106016
Remove  tid 106016
FindTargetPageId rootid 1 tid 106016
210 tid 106016
Remove  tid 106016
FindTargetPageId rootid 1 tid 106016
210 tid 106016
Remove  tid 106016
FindTargetPageId rootid 1 tid 106016
210 tid 106016
Remove  tid 106016
FindTargetPageId rootid 1 tid 106016
210 tid 106016
Remove  tid 106016
FindTargetPageId rootid 1 tid 106016
210 tid 106016
Remove  tid 106016
FindTargetPageId rootid 1 tid 106016
210 tid 106016
Remove  tid 106016
FindTargetPageId rootid 1 tid 106016
210 tid 106016
Remove  tid 106016
FindTargetPageId rootid 1 tid 106016
210 tid 106016
Remove  tid 106016
FindTargetPageId rootid 1 tid 106016
210 tid 106016
Remove  tid 106016
FindTargetPageId rootid 1 tid 106016
210 tid 106016
Remove  tid 106016
FindTargetPageId rootid 1 tid 106016
210 tid 106016
Remove  tid 106016
FindTargetPageId rootid 1 tid 106016
210 tid 106016
Remove  tid 106016
FindTargetPageId rootid 1 tid 106016
210 tid 106016
Remove  tid 106016
FindTargetPageId rootid 1 tid 106016
210 tid 106016
Remove  tid 106016
FindTargetPageId rootid 1 tid 106016
210 tid 106016
Remove  tid 106016
FindTargetPageId rootid 1 tid 106016
210 tid 106016
Remove  tid 106016
FindTargetPageId rootid 1 tid 106016
210 tid 106016
Remove  tid 106016
FindTargetPageId rootid 1 tid 106016
210 tid 106016
Remove  tid 106016
FindTargetPageId rootid 1 tid 106016
210 tid 106016
Remove  tid 106016
FindTargetPageId rootid 1 tid 106016
210 tid 106016
Remove  tid 106016
FindTargetPageId rootid 1 tid 106016
210 tid 106016
Remove  tid 106016
FindTargetPageId rootid 1 tid 106016
210 tid 106016
Remove  tid 106016
FindTargetPageId rootid 1 tid 106016
210 tid 106016
Remove  tid 106016
FindTargetPageId rootid 1 tid 106016
210 tid 106016
Remove  tid 106016
FindTargetPageId rootid 1 tid 106016
210 tid 106016
Remove  tid 106016
FindTargetPageId rootid 1 tid 106016
210 tid 106016
Remove  tid 106016
FindTargetPageId rootid 1 tid 106016
210 tid 106016
Remove  tid 106016
FindTargetPageId rootid 1 tid 106016
210 tid 106016
Remove  tid 106016
FindTargetPageId rootid 1 tid 106016
210 tid 106016
Remove  tid 106016
FindTargetPageId rootid 1 tid 106016
210 tid 106016
Remove  tid 106016
FindTargetPageId rootid 1 tid 106016
210 tid 106016
Remove  tid 106016
FindTargetPageId rootid 1 tid 106016
210 tid 106016
Remove  tid 106016
FindTargetPageId rootid 1 tid 106016
210 tid 106016
Remove  tid 106016
FindTargetPageId rootid 1 tid 106016
210 tid 106016
Remove  tid 106016
FindTargetPageId rootid 1 tid 106016
210 tid 106016
Remove  tid 106016
FindTargetPageId rootid 1 tid 106016
210 tid 106016
Remove  tid 106016
FindTargetPageId rootid 1 tid 106016
210 tid 106016
Remove  tid 106016
FindTargetPageId rootid 1 tid 106016
210 tid 106016
Remove  tid 106016
FindTargetPageId rootid 1 tid 106016
210 tid 106016
Remove  tid 106016
FindTargetPageId rootid 1 tid 106016
210 tid 106016
Remove  tid 106016
FindTargetPageId rootid 1 tid 106016
210 tid 106016
Remove  tid 106016
FindTargetPageId rootid 1 tid 106016
210 tid 106016
Remove  tid 106016
FindTargetPageId rootid 1 tid 106016
210 tid 106016
Remove  tid 106016
FindTargetPageId rootid 1 tid 106016
210 tid 106016
Remove  tid 106016
FindTargetPageId rootid 1 tid 106016
210 tid 106016
Remove  tid 106016
FindTargetPageId rootid 1 tid 106016
210 tid 106016
Remove  tid 106016
FindTargetPageId rootid 1 tid 106016
210 tid 106016
Remove  tid 106016
FindTargetPageId rootid 1 tid 106016
210 tid 106016
Remove  tid 106016
FindTargetPageId rootid 1 tid 106016
210 tid 106016
Remove  tid 106016
FindTargetPageId rootid 1 tid 106016
210 tid 106016
Remove  tid 106016
FindTargetPageId rootid 1 tid 106016
210 tid 106016
Remove  tid 106016
FindTargetPageId rootid 1 tid 106016
210 tid 106016
Remove  tid 106016
FindTargetPageId rootid 1 tid 106016
210 tid 106016
Remove  tid 106016
FindTargetPageId rootid 1 tid 106016
210 tid 106016
Remove  tid 106016
FindTargetPageId rootid 1 tid 106016
210 tid 106016
Remove  tid 106016
FindTargetPageId rootid 1 tid 106016
210 tid 106016
Remove  tid 106016
FindTargetPageId rootid 1 tid 106016
210 tid 106016
Remove  tid 106016
FindTargetPageId rootid 1 tid 106016
210 tid 106016
Remove  tid 106016
FindTargetPageId rootid 1 tid 106016
210 tid 106016
Remove  tid 106016
FindTargetPageId rootid 1 tid 106016
210 tid 106016
Remove  tid 106016
FindTargetPageId rootid 1 tid 106016
210 tid 106016
Remove  tid 106016
FindTargetPageId rootid 1 tid 106016
210 tid 106016
Remove  tid 106016
FindTargetPageId rootid 1 tid 106016
210 tid 106016
Remove  tid 106016
FindTargetPageId rootid 1 tid 106016
210 tid 106016
Remove  tid 106016
FindTargetPageId rootid 1 tid 106016
210 tid 106016
Remove  tid 106016
FindTargetPageId rootid 1 tid 106016
210 tid 106016
Remove  tid 106016
FindTargetPageId rootid 1 tid 106016
210 tid 106016
Remove  tid 106016
FindTargetPageId rootid 1 tid 106016
210 tid 106016
Remove  tid 106016
FindTargetPageId rootid 1 tid 106016
210 tid 106016
Remove  tid 106016
FindTargetPageId rootid 1 tid 106016
210 tid 106016
Remove  tid 106016
FindTargetPageId rootid 1 tid 106016
210 tid 106016
Remove  tid 106016
FindTargetPageId rootid 1 tid 106016
210 tid 106016
Remove  tid 106016
FindTargetPageId rootid 1 tid 106016
210 tid 106016
Remove  tid 106016
FindTargetPageId rootid 1 tid 106016
210 tid 106016
Remove  tid 106016
FindTargetPageId rootid 1 tid 106016
210 tid 106016
Remove  tid 106016
FindTargetPageId rootid 1 tid 106016
210 tid 106016
Remove  tid 106016
FindTargetPageId rootid 1 tid 106016
210 tid 106016
Remove  tid 106016
FindTargetPageId rootid 1 tid 106016
210 tid 106016
Remove  tid 106016
FindTargetPageId rootid 1 tid 106016
210 tid 106016
Remove  tid 106016
FindTargetPageId rootid 1 tid 106016
210 tid 106016
Remove  tid 106016
FindTargetPageId rootid 1 tid 106016
210 tid 106016
Remove  tid 106016
FindTargetPageId rootid 1 tid 106016
210 tid 106016
Remove  tid 106016
FindTargetPageId rootid 1 tid 106016
210 tid 106016
Remove  tid 106016
FindTargetPageId rootid 1 tid 106016
210 tid 106016
Remove  tid 106016
FindTargetPageId rootid 1 tid 106016
210 tid 106016
Remove  tid 106016
FindTargetPageId rootid 1 tid 106016
210 tid 106016
Remove  tid 106016
FindTargetPageId rootid 1 tid 106016
210 tid 106016
Remove  tid 106016
FindTargetPageId rootid 1 tid 106016
210 tid 106016
Remove  tid 106016
FindTargetPageId rootid 1 tid 106016
210 tid 106016
Remove  tid 106016
FindTargetPageId rootid 1 tid 106016
210 tid 106016
Remove  tid 106016
FindTargetPageId rootid 1 tid 106016
210 tid 106016
Remove  tid 106016
FindTargetPageId rootid 1 tid 106016
210 tid 106016
Remove  tid 106016
FindTargetPageId rootid 1 tid 106016
210 tid 106016
Remove  tid 106016
FindTargetPageId rootid 1 tid 106016
210 tid 106016
Remove  tid 106016
FindTargetPageId rootid 1 tid 106016
210 tid 106016
Remove  tid 106016
FindTargetPageId rootid 1 tid 106016
210 tid 106016
Remove  tid 106016
FindTargetPageId rootid 1 tid 106016
210 tid 106016
Remove  tid 106016
FindTargetPageId rootid 1 tid 106016
210 tid 106016
Remove  tid 106016
FindTargetPageId rootid 1 tid 106016
210 tid 106016
Remove  tid 106016
FindTargetPageId rootid 1 tid 106016
210 tid 106016
Remove  tid 106016
FindTargetPageId rootid 1 tid 106016
210 tid 106016
Remove  tid 106016
FindTargetPageId rootid 1 tid 106016
210 tid 106016
Remove  tid 106016
FindTargetPageId rootid 1 tid 106016
210 tid 106016
Remove  tid 106016
FindTargetPageId rootid 1 tid 106016
210 tid 106016
Remove  tid 106016
FindTargetPageId rootid 1 tid 106016
210 tid 106016
Remove  tid 106016
FindTargetPageId rootid 1 tid 106016
210 tid 106016
Remove  tid 106016
FindTargetPageId rootid 1 tid 106016
210 tid 106016
Remove  tid 106016
FindTargetPageId rootid 1 tid 106016
210 tid 106016
Remove  tid 106016
FindTargetPageId rootid 1 tid 106016
210 tid 106016
Remove  tid 106016
FindTargetPageId rootid 1 tid 106016
210 tid 106016
Remove  tid 106016
FindTargetPageId rootid 1 tid 106016
210 tid 106016
Remove  tid 106016
FindTargetPageId rootid 1 tid 106016
210 tid 106016
Remove  tid 106016
FindTargetPageId rootid 1 tid 106016
210 tid 106016
Remove  tid 106016
FindTargetPageId rootid 1 tid 106016
210 tid 106016
Remove  tid 106016
FindTargetPageId rootid 1 tid 106016
210 tid 106016
Remove  tid 106016
FindTargetPageId rootid 1 tid 106016
210 tid 106016
Remove  tid 106016
FindTargetPageId rootid 1 tid 106016
210 tid 106016
Remove  tid 106016
FindTargetPageId rootid 1 tid 106016
210 tid 106016
Remove  tid 106016
FindTargetPageId rootid 1 tid 106016
210 tid 106016
Remove  tid 106016
FindTargetPageId rootid 1 tid 106016
210 tid 106016
Remove  tid 106016
FindTargetPageId rootid 1 tid 106016
210 tid 106016
Remove  tid 106016
FindTargetPageId rootid 1 tid 106016
210 tid 106016
Remove  tid 106016
FindTargetPageId rootid 1 tid 106016
210 tid 106016
Remove  tid 106016
FindTargetPageId rootid 1 tid 106016
210 tid 106016
Remove  tid 106016
FindTargetPageId rootid 1 tid 106016
210 tid 106016
Remove  tid 106016
FindTargetPageId rootid 1 tid 106016
210 tid 106016
Remove  tid 106016
FindTargetPageId rootid 1 tid 106016
210 tid 106016
Remove  tid 106016
FindTargetPageId rootid 1 tid 106016
210 tid 106016
Remove  tid 106016
FindTargetPageId rootid 1 tid 106016
210 tid 106016
Remove  tid 106016
FindTargetPageId rootid 1 tid 106016
210 tid 106016
Remove  tid 106016
FindTargetPageId rootid 1 tid 106016
210 tid 106016
Remove  tid 106016
FindTargetPageId rootid 1 tid 106016
210 tid 106016
Remove  tid 106016
FindTargetPageId rootid 1 tid 106016
210 tid 106016
Remove  tid 106016
FindTargetPageId rootid 1 tid 106016
210 tid 106016
Remove  tid 106016
FindTargetPageId rootid 1 tid 106016
210 tid 106016
Remove  tid 106016
FindTargetPageId rootid 1 tid 106016
210 tid 106016
Remove  tid 106016
FindTargetPageId rootid 1 tid 106016
210 tid 106016
Remove  tid 106016
FindTargetPageId rootid 1 tid 106016
210 tid 106016
Remove  tid 106016
FindTargetPageId rootid 1 tid 106016
210 tid 106016
Remove  tid 106016
FindTargetPageId rootid 1 tid 106016
210 tid 106016
Remove  tid 106016
FindTargetPageId rootid 1 tid 106016
210 tid 106016
Remove  tid 106016
FindTargetPageId rootid 1 tid 106016
210 tid 106016
Remove  tid 106016
FindTargetPageId rootid 1 tid 106016
210 tid 106016
Remove  tid 106016
FindTargetPageId rootid 1 tid 106016
210 tid 106016
Remove  tid 106016
FindTargetPageId rootid 1 tid 106016
210 tid 106016
Remove  tid 106016
FindTargetPageId rootid 1 tid 106016
210 tid 106016
Remove  tid 106016
FindTargetPageId rootid 1 tid 106016
210 tid 106016
Remove  tid 106016
FindTargetPageId rootid 1 tid 106016
210 tid 106016
Remove  tid 106016
FindTargetPageId rootid 1 tid 106016
210 tid 106016
Remove  tid 106016
FindTargetPageId rootid 1 tid 106016
210 tid 106016
Remove  tid 106016
FindTargetPageId rootid 1 tid 106016
210 tid 106016
Remove  tid 106016
FindTargetPageId rootid 1 tid 106016
210 tid 106016
Remove  tid 106016
FindTargetPageId rootid 1 tid 106016
210 tid 106016
Remove  tid 106016
FindTargetPageId rootid 1 tid 106016
210 tid 106016
Remove  tid 106016
FindTargetPageId rootid 1 tid 106016
210 tid 106016
Remove  tid 106016
FindTargetPageId rootid 1 tid 106016
210 tid 106016
Remove  tid 106016
FindTargetPageId rootid 1 tid 106016
210 tid 106016
Remove  tid 106016
FindTargetPageId rootid 1 tid 106016
210 tid 106016
Remove  tid 106016
FindTargetPageId rootid 1 tid 106016
210 tid 106016
Remove  tid 106016
FindTargetPageId rootid 1 tid 106016
210 tid 106016
Remove  tid 106016
FindTargetPageId rootid 1 tid 106016
210 tid 106016
Remove  tid 106016
FindTargetPageId rootid 1 tid 106016
210 tid 106016
Remove  tid 106016
FindTargetPageId rootid 1 tid 106016
210 tid 106016
Remove  tid 106016
FindTargetPageId rootid 1 tid 106017
210 tid 106017
Insert  tid 106017
FindTargetPageId rootid 1 tid 106015
211 tid 106015
Insert  tid 106015
FindTargetPageId rootid 1 tid 106016
212 tid 106016
Remove  tid 106016
FindTargetPageId rootid 1 tid 106017
212 tid 106017
Insert  tid 106017
FindTargetPageId rootid 1 tid 106015
213 tid 106015
Insert  tid 106015
FindTargetPageId rootid 1 tid 106016
214 tid 106016
Remove  tid 106016
FindTargetPageId rootid 1 tid 106017
214 tid 106017
Insert  tid 106017
FindTargetPageId rootid 1 tid 106015
215 tid 106015
Insert  tid 106015
FindTargetPageId rootid 1 tid 106015
216 tid 106015
Insert  tid 106015
FindTargetPageId rootid 1 tid 106016
217 tid 106016
Remove  tid 106016
FindTargetPageId rootid 1 tid 106017
217 tid 106017
Insert  tid 106017
FindTargetPageId rootid 1 tid 106015
218 tid 106015
Insert  tid 106015
FindTargetPageId rootid 1 tid 106015
219 tid 106015
Insert  tid 106015
FindTargetPageId rootid 1 tid 106015
220 tid 106015
Insert  tid 106015
FindTargetPageId rootid 1 tid 106015
221 tid 106015
Insert  tid 106015
FindTargetPageId rootid 1 tid 106015
222 tid 106015
Insert  tid 106015
FindTargetPageId rootid 1 tid 106015
223 tid 106015
Insert  tid 106015
FindTargetPageId rootid 1 tid 106015
224 tid 106015
Insert  tid 106015
FindTargetPageId rootid 1 tid 106015
225 tid 106015
Insert  tid 106015
FindTargetPageId rootid 1 tid 106015
226 tid 106015
Insert  tid 106015
FindTargetPageId rootid 1 tid 106015
227 tid 106015
Insert  tid 106015
FindTargetPageId rootid 1 tid 106017
228 tid 106017
Insert  tid 106017
FindTargetPageId rootid 1 tid 106017
229 tid 106017
Insert  tid 106017
FindTargetPageId rootid 1 tid 106016
230 tid 106016
Remove  tid 106016
FindTargetPageId rootid 1 tid 106016
230 tid 106016
Remove  tid 106016
FindTargetPageId rootid 1 tid 106016
230 tid 106016
Remove  tid 106016
FindTargetPageId rootid 1 tid 106017
230 tid 106017
Insert  tid 106017
FindTargetPageId rootid 1 tid 106017
231 tid 106017
Insert  tid 106017
FindTargetPageId rootid 1 tid 106017
232 tid 106017
Insert  tid 106017
FindTargetPageId rootid 1 tid 106017
233 tid 106017
Insert  tid 106017
FindTargetPageId rootid 1 tid 106017
234 tid 106017
Insert  tid 106017
FindTargetPageId rootid 1 tid 106017
235 tid 106017
Insert  tid 106017
FindTargetPageId rootid 1 tid 106017
236 tid 106017
FindTargetPageId rootid 1 tid 106016
237 tid 106016
Insert  tid 106017
FindTargetPageId rootid 1 tid 106017
237 tid 106017
Remove  tid 106016
FindTargetPageId rootid 1 tid 106016
238 tid 106016
Insert  tid 106017
FindTargetPageId rootid 1 tid 106017
238 tid 106017
Remove  tid 106016
Insert  tid 106017
FindTargetPageId rootid 1 tid 106016
239 tid 106016
Remove  tid 106016
FindTargetPageId rootid 1 tid 106015
239 tid 106015
FindTargetPageId rootid 1 tid 106017
240 tid 106017
Insert  tid 106015
Insert  tid 106017
FindTargetPageId rootid 1 tid 106016
241 tid 106016
Remove  tid 106016
FindTargetPageId rootid 1 tid 106016
241 tid 106016
Remove  tid 106016
FindTargetPageId rootid 1 tid 106017
241 tid 106017
FindTargetPageId rootid 1 tid 106016
242 tid 106016
Insert  tid Remove  tid 106017
106016
FindTargetPageId rootid 1 tid 106015
242 tid 106015
Insert  tid 106015
FindTargetPageId rootid 1 tid 106017
243 tid 106017
Insert  tid 106017
FindTargetPageId rootid 1 tid 106016
244 tid 106016
Remove  tid 106016
FindTargetPageId rootid 1 tid 106015
244 tid 106015
Insert  tid 106015
FindTargetPageId rootid 1 tid 106017
245 tid 106017
Insert  tid 106017
FindTargetPageId rootid 1 tid 106016
246 tid 106016
Remove  tid 106016
FindTargetPageId rootid 1 tid 106015
246 tid 106015
Insert  tid 106015
FindTargetPageId rootid 1 tid 106017
247 tid 106017
Insert  tid 106017
FindTargetPageId rootid 1 tid 106016
248 tid 106016
Remove  tid 106016
FindTargetPageId rootid 1 tid 106015
248 tid 106015
Insert  tid 106015
FindTargetPageId rootid 1 tid 106017
249 tid 106017
Insert  tid 106017
FindTargetPageId rootid 1 tid 106016
250 tid 106016
Remove  tid 106016
FindTargetPageId rootid 1 tid 106015
250 tid 106015
Insert  tid 106015
FindTargetPageId rootid 1 tid 106017
251 tid 106017
Insert  tid 106017
FindTargetPageId rootid 1 tid 106016
252 tid 106016
Remove  tid 106016
FindTargetPageId rootid 1 tid 106015
252 tid 106015
FindTargetPageId rootid 1 tid 106017
253 tid 106017
Insert  tid 106015
Insert  tid 106017
FindTargetPageId rootid 1 tid 106016
254 tid 106016
Remove  tid 106016
FindTargetPageId rootid 1 tid 106017
254 tid 106017
Insert  tid 106017
FindTargetPageId rootid 5 tid 106017
target_page_id id: 1 tid 106017
0 1 tid 106017
365 4 tid 106017
127 tid 106017
Insert  tid 106017
FindTargetPageId rootid 5 tid 106017
target_page_id id: 1 tid 106017
0 1 tid 106017
365 4 tid 106017
128 tid 106017
Insert  tid 106017
FindTargetPageId rootid 5 tid 106015
target_page_id id: 1 tid 106015
0 1 tid 106015
365 4 tid 106015
129 tid 106015
Insert  tid 106015
FindTargetPageId rootid 5 tid 106015
target_page_id id: 1 tid 106015
0 1 tid 106015
365 4 tid 106015
130 tid 106015
Insert  tid 106015
FindTargetPageId rootid 5 tid 106015
target_page_id id: 1 tid 106015
0 1 tid 106015
365 4 tid 106015
131 tid 106015
Insert  tid 106015
FindTargetPageId rootid 5 tid 106016
target_page_id id: 1 tid 106016
0 1 tid 106016
365 4 tid 106016
132 tid 106016
Remove  tid 106016
FindTargetPageId rootid 5 tid 106017
target_page_id id: 1 tid 106017
0 1 tid 106017
365 4 tid 106017
132 tid 106017
Insert  tid 106017
FindTargetPageId rootid 5 tid 106017
target_page_id id: 1 tid 106017
0 1 tid 106017
365 4 tid 106017
133 tid 106017
Insert  tid 106017
FindTargetPageId rootid 5 tid 106017
target_page_id id: 1 tid 106017
0 1 tid 106017
365 4 tid 106017
134 tid 106017
Insert  tid 106017
FindTargetPageId rootid 5 tid 106016
target_page_id id: 1 tid 106016
0 1 tid 106016
365 4 tid 106016
135 tid 106016
Remove  tid 106016
FindTargetPageId rootid 5 tid 106016
target_page_id id: 1 tid 106016
0 1 tid 106016
365 4 tid 106016
135 tid 106016
Remove  tid 106016
FindTargetPageId rootid 5 tid 106017
target_page_id id: 1 tid 106017
0 1 tid 106017
365 4 tid 106017
135 tid 106017
Insert  tid 106017
FindTargetPageId rootid 5 tid 106017
target_page_id id: 1 tid 106017
0 1 tid 106017
365 4 tid 106017
136 tid 106017
Insert  tid 106017
FindTargetPageId rootid 5 tid 106017
target_page_id id: 1 tid 106017
0 1 tid 106017
365 4 tid 106017
137 tid 106017
Insert  tid 106017
FindTargetPageId rootid 5 tid 106017
target_page_id id: 1 tid 106017
0 1 tid 106017
365 4 tid 106017
138 tid 106017
Insert  tid 106017
FindTargetPageId rootid 5 tid 106017
target_page_id id: 1 tid 106017
0 1 tid 106017
365 4 tid 106017
139 tid 106017
Insert  tid 106017
FindTargetPageId rootid 5 tid 106016
target_page_id id: 1 tid 106016
0 1 tid 106016
365 4 tid 106016
140 tid 106016
Remove  tid 106016
FindTargetPageId rootid 5 tid 106016
target_page_id id: 1 tid 106016
0 1 tid 106016
365 4 tid 106016
140 tid 106016
Remove  tid 106016
FindTargetPageId rootid 5 tid 106016
target_page_id id: 1 tid 106016
0 1 tid 106016
365 4 tid 106016
140 tid 106016
Remove  tid 106016
FindTargetPageId rootid 5 tid 106016
target_page_id id: 1 tid 106016
0 1 tid 106016
365 4 tid 106016
140 tid 106016
Remove  tid 106016
FindTargetPageId rootid 5 tid 106016
target_page_id id: 1 tid 106016
0 1 tid 106016
365 4 tid 106016
140 tid 106016
Remove  tid 106016
FindTargetPageId rootid 5 tid 106016
target_page_id id: 1 tid 106016
0 1 tid 106016
365 4 tid 106016
140 tid 106016
Remove  tid 106016
FindTargetPageId rootid 5 tid 106016
target_page_id id: 1 tid 106016
0 1 tid 106016
365 4 tid 106016
140 tid 106016
Remove  tid 106016
FindTargetPageId rootid 5 tid 106016
target_page_id id: 1 tid 106016
0 1 tid 106016
365 4 tid 106016
140 tid 106016
Remove  tid 106016
FindTargetPageId rootid 5 tid 106016
target_page_id id: 1 tid 106016
0 1 tid 106016
365 4 tid 106016
140 tid 106016
Remove  tid 106016
FindTargetPageId rootid 5 tid 106016
target_page_id id: 1 tid 106016
0 1 tid 106016
365 4 tid 106016
140 tid 106016
Remove  tid 106016
FindTargetPageId rootid 5 tid 106016
target_page_id id: 1 tid 106016
0 1 tid 106016
365 4 tid 106016
140 tid 106016
Remove  tid 106016
FindTargetPageId rootid 5 tid 106016
target_page_id id: 1 tid 106016
0 1 tid 106016
365 4 tid 106016
140 tid 106016
Remove  tid 106016
FindTargetPageId rootid 5 tid 106016
target_page_id id: 1 tid 106016
0 1 tid 106016
365 4 tid 106016
140 tid 106016
Remove  tid 106016
FindTargetPageId rootid 5 tid 106016
target_page_id id: 4 tid 106016
0 1 tid 106016
365 4 tid 106016
128 tid 106016
Remove  tid 106016
FindTargetPageId rootid 5 tid 106016
target_page_id id: 4 tid 106016
0 1 tid 106016
365 4 tid 106016
128 tid 106016
Remove  tid 106016
FindTargetPageId rootid 5 tid 106016
target_page_id id: 4 tid 106016
0 1 tid 106016
365 4 tid 106016
128 tid 106016
Remove  tid 106016
FindTargetPageId rootid 5 tid 106016
target_page_id id: 4 tid 106016
0 1 tid 106016
365 4 tid 106016
128 tid 106016
Remove  tid 106016
FindTargetPageId rootid 5 tid 106016
target_page_id id: 4 tid 106016
0 1 tid 106016
365 4 tid 106016
128 tid 106016
Remove  tid 106016
FindTargetPageId rootid 5 tid 106016
target_page_id id: 4 tid 106016
0 1 tid 106016
365 4 tid 106016
128 tid 106016
Remove  tid 106016
FindTargetPageId rootid 5 tid 106016
target_page_id id: 4 tid 106016
0 1 tid 106016
365 4 tid 106016
128 tid 106016
Remove  tid 106016
FindTargetPageId rootid 5 tid 106016
target_page_id id: 4 tid 106016
0 1 tid 106016
365 4 tid 106016
128 tid 106016
Remove  tid 106016
FindTargetPageId rootid 5 tid 106016
target_page_id id: 4 tid 106016
0 1 tid 106016
365 4 tid 106016
128 tid 106016
Remove  tid 106016
FindTargetPageId rootid 5 tid 106016
target_page_id id: 4 tid 106016
0 1 tid 106016
365 4 tid 106016
128 tid 106016
Remove  tid 106016
FindTargetPageId rootid 5 tid 106016
target_page_id id: 4 tid 106016
0 1 tid 106016
365 4 tid 106016
128 tid 106016
Remove  tid 106016
FindTargetPageId rootid 5 tid 106016
target_page_id id: 4 tid 106016
0 1 tid 106016
365 4 tid 106016
128 tid 106016
Remove  tid 106016
FindTargetPageId rootid 5 tid 106016
target_page_id id: 4 tid 106016
0 1 tid 106016
365 4 tid 106016
128 tid 106016
Remove  tid 106016
FindTargetPageId rootid 5 tid 106016
target_page_id id: 4 tid 106016
0 1 tid 106016
365 4 tid 106016
128 tid 106016
Remove  tid 106016
FindTargetPageId rootid 5 tid 106017
target_page_id id: 1 tid 106017
0 1 tid 106017
365 4 tid 106017
140 tid 106017
Insert  tid 106017
FindTargetPageId rootid 5 tid 106015
target_page_id id: 1 tid 106015
0 1 tid 106015
365 4 tid 106015
141 tid 106015
Insert  tid 106015
FindTargetPageId rootid 5 tid 106016
target_page_id id: 4 tid 106016
0 1 tid 106016
365 4 tid 106016
128 tid 106016
Remove  tid 106016
FindTargetPageId rootid 5 tid 106017
target_page_id id: 1 tid 106017
0 1 tid 106017
365 4 tid 106017
142 tid 106017
FindTargetPageId rootid 5 tid 106015
target_page_id id: 1 tid 106015Insert  tid 106017

0 1 tid 106015
365 4 tid 106015
143 tid 106015
Insert  tid 106015
FindTargetPageId rootid 5 tid 106016
target_page_id id: 4 tid 106016
0 1 tid 106016
365 4 tid 106016
128 tid 106016
Remove  tid 106016
FindTargetPageId rootid 5 tid 106017
target_page_id id: 1 tid 106017
0 1 tid 106017
365 4 tid 106017
144 tid 106017
Insert  tid 106017
FindTargetPageId rootid 5 tid 106015
target_page_id id: 1 tid 106015
0 1 tid 106015
365 4 tid 106015
145 tid 106015
Insert  tid 106015
FindTargetPageId rootid 5 tid 106016
target_page_id id: 4 tid 106016
0 1 tid 106016
365 4 tid 106016
128 tid 106016
Remove  tid 106016
FindTargetPageId rootid 5 tid 106017
target_page_id id: 1 tid 106017
0 1 tid 106017
365 4 tid 106017
146 tid 106017
Insert  tid 106017
FindTargetPageId rootid 5 tid 106015
target_page_id id: 1 tid 106015
0 1 tid 106015
365 4 tid 106015
147 tid 106015
Insert  tid 106015
FindTargetPageId rootid 5 tid 106016
target_page_id id: 4 tid 106016
0 1 tid 106016
365 4 tid 106016
128 tid 106016
Remove  tid 106016
FindTargetPageId rootid 5 tid 106017
target_page_id id: 1 tid 106017
0 1 tid 106017
365 4 tid 106017
148 tid 106017
Insert  tid 106017
FindTargetPageId rootid 5 tid 106015
target_page_id id: 1 tid 106015
0 1 tid 106015
365 4 tid 106015
149 tid 106015
Insert  tid 106015
FindTargetPageId rootid 5 tid 106016
target_page_id id: 4 tid 106016
0 1 tid 106016
365 4 tid 106016
128 tid 106016
Remove  tid 106016
FindTargetPageId rootid 5 tid 106016
target_page_id id: 4 tid 106016
0 1 tid 106016
365 4 tid 106016
128 tid 106016
Remove  tid 106016
FindTargetPageId rootid 5 tid 106016
target_page_id id: 4 tid 106016
0 1 tid 106016
365 4 tid 106016
128 tid 106016
Remove  tid 106016
FindTargetPageId rootid 5 tid 106017
target_page_id id: 1 tid 106017
0 1 tid 106017
365 4 tid 106017
150 tid 106017
Insert  tid 106017
FindTargetPageId rootid 5 tid 106015
target_page_id id: 1 tid 106015
0 1 tid 106015
365 4 tid 106015
151 tid 106015
Insert  tid 106015
FindTargetPageId rootid 5 tid 106016
target_page_id id: 4 tid 106016
0 1 tid 106016
365 4 tid 106016
128 tid 106016
Remove  tid 106016
FindTargetPageId rootid 5 tid 106017
target_page_id id: 1 tid 106017
0 1 tid 106017
365 4 tid 106017
152 tid 106017
Insert  tid 106017
FindTargetPageId rootid 5 tid 106015
target_page_id id: 1 tid 106015
0 1 tid 106015
365 4 tid 106015
153 tid 106015
Insert  tid 106015
FindTargetPageId rootid 5 tid 106016
target_page_id id: 4 tid 106016
0 1 tid 106016
365 4 tid 106016
128 tid 106016
Remove  tid 106016
FindTargetPageId rootid 5 tid 106017
target_page_id id: 1 tid 106017
0 1 tid 106017
365 4 tid 106017
154 tid 106017
Insert  tid 106017
FindTargetPageId rootid 5 tid 106015
target_page_id id: 1 tid 106015
0 1 tid 106015
365 4 tid 106015
155 tid 106015
Insert  tid 106015
FindTargetPageId rootid 5 tid 106016
target_page_id id: 4 tid 106016
0 1 tid 106016
365 4 tid 106016
128 tid 106016
Remove  tid 106016
FindTargetPageId rootid 5 tid 106017
target_page_id id: 1 tid 106017
0 1 tid 106017
365 4 tid 106017
156 tid 106017
Insert  tid 106017
FindTargetPageId rootid 5 tid 106015
target_page_id id: 1 tid 106015
0 1 tid 106015
365 4 tid 106015
157 tid 106015
Insert  tid 106015
FindTargetPageId rootid 5 tid 106016
target_page_id id: 4 tid 106016
0 1 tid 106016
365 4 tid 106016
128 tid 106016
Remove  tid 106016
FindTargetPageId rootid 5 tid 106017
target_page_id id: 1 tid 106017
0 1 tid 106017
365 4 tid 106017
158 tid 106017
Insert  tid 106017
FindTargetPageId rootid 5 tid 106015
target_page_id id: 1 tid 106015
0 1 tid 106015
365 4 tid 106015
159 tid 106015
Insert  tid 106015
FindTargetPageId rootid 5 tid 106015
target_page_id id: 1 tid 106015
0 1 tid 106015
365 4 tid 106015
160 tid 106015
Insert  tid 106015
FindTargetPageId rootid 5 tid 106017
target_page_id id: 1 tid 106017
0 1 tid 106017
365 4 tid 106017
161 tid 106017
Insert  tid 106017
FindTargetPageId rootid 5 tid 106016
target_page_id id: 4 tid 106016
0 1 tid 106016
365 4 tid 106016
128 tid 106016
Remove  tid 106016
FindTargetPageId rootid 5 tid 106015
target_page_id id: 1 tid 106015
0 1 tid 106015
365 4 tid 106015
162 tid 106015
Insert  tid 106015
FindTargetPageId rootid 5 tid 106017
target_page_id id: 1 tid 106017
0 1 tid 106017
365 4 tid 106017
163 tid 106017
Insert  tid 106017
FindTargetPageId rootid 5 tid 106016
target_page_id id: 4 tid 106016
0 1 tid 106016
365 4 tid 106016
128 tid 106016
Remove  tid 106016
FindTargetPageId rootid 5 tid 106015
target_page_id id: 1 tid 106015
0 1 tid 106015
365 4 tid 106015
164 tid 106015
Insert  tid 106015
FindTargetPageId rootid 5 tid 106017
target_page_id id: 1 tid 106017
0 1 tid 106017
365 4 tid 106017
164 tid 106017
Insert  tid 106017
FindTargetPageId rootid 5 tid 106016
target_page_id id: 4 tid 106016
0 1 tid 106016
365 4 tid 106016
128 tid 106016
Remove  tid 106016
FindTargetPageId rootid 5 tid 106015
target_page_id id: 1 tid 106015
0 1 tid 106015
365 4 tid 106015
165 tid 106015
Insert  tid 106015
FindTargetPageId rootid 5 tid 106015
target_page_id id: 1 tid 106015
0 1 tid 106015
365 4 tid 106015
165 tid 106015
Insert  tid 106015
FindTargetPageId rootid 5 tid 106016
target_page_id id: 4 tid 106016
0 1 tid 106016
365 4 tid 106016
128 tid 106016
Remove  tid 106016
FindTargetPageId rootid 5 tid 106017
target_page_id id: 1 tid 106017
0 1 tid 106017
365 4 tid 106017
165 tid 106017
Insert  tid 106017
FindTargetPageId rootid 5 tid 106017
target_page_id id: 1 tid 106017
0 1 tid 106017
365 4 tid 106017
166 tid 106017
Insert  tid 106017
FindTargetPageId rootid 5 tid 106016
target_page_id id: 4 tid 106016
0 1 tid 106016
365 4 tid 106016
128 tid 106016
Remove  tid 106016
FindTargetPageId rootid 5 tid 106015
target_page_id id: 1 tid 106015
0 1 tid 106015
365 4 tid 106015
167 tid 106015
Insert  tid 106015
FindTargetPageId rootid 5 tid 106017
target_page_id id: 1 tid 106017
0 1 tid 106017
365 4 tid 106017
167 tid 106017
Insert  tid 106017
FindTargetPageId rootid 5 tid 106016
target_page_id id: 4 tid 106016
0 1 tid 106016
365 4 tid 106016
128 tid 106016
Remove  tid 106016
FindTargetPageId rootid 5 tid 106015
target_page_id id: 1 tid 106015
0 1 tid 106015
365 4 tid 106015
168 tid 106015
Insert  tid 106015
FindTargetPageId rootid 5 tid 106017
target_page_id id: 1 tid 106017
0 1 tid 106017
365 4 tid 106017
168 tid 106017
Insert  tid 106017
FindTargetPageId rootid 5 tid 106016
target_page_id id: 4 tid 106016
0 1 tid 106016
365 4 tid 106016
128 tid 106016
Remove  tid 106016
FindTargetPageId rootid 5 tid 106016
target_page_id id: 4 tid 106016
0 1 tid 106016
365 4 tid 106016
128 tid 106016
Remove  tid 106016
FindTargetPageId rootid 5 tid 106017
target_page_id id: 1 tid 106017
0 1 tid 106017
365 4 tid 106017
169 tid 106017
Insert  tid 106017
FindTargetPageId rootid 5 tid 106015
target_page_id id: 1 tid 106015
0 1 tid 106015
365 4 tid 106015
170 tid 106015
Insert  tid 106015
FindTargetPageId rootid 5 tid 106016
target_page_id id: 4 tid 106016
0 1 tid 106016
365 4 tid 106016
128 tid 106016
Remove  tid 106016
FindTargetPageId rootid 5 tid 106017
target_page_id id: 1 tid 106017
0 1 tid 106017
365 4 tid 106017
170 tid 106017
Insert  tid 106017
FindTargetPageId rootid 5 tid 106015
target_page_id id: 1 tid 106015
0 1 tid 106015
365 4 tid 106015
171 tid 106015
Insert  tid 106015
FindTargetPageId rootid 5 tid 106016
target_page_id id: 4 tid 106016
0 1 tid 106016
365 4 tid 106016
128 tid 106016
Remove  tid 106016
FindTargetPageId rootid 5 tid 106017
target_page_id id: 1 tid 106017
0 1 tid 106017
365 4 tid 106017
171 tid 106017
Insert  tid 106017
FindTargetPageId rootid 5 tid 106015
target_page_id id: 1 tid 106015
0 1 tid 106015
365 4 tid 106015
172 tid 106015
Insert  tid 106015
FindTargetPageId rootid 5 tid 106016
target_page_id id: 4 tid 106016
0 1 tid 106016
365 4 tid 106016
128 tid 106016
Remove  tid 106016
FindTargetPageId rootid 5 tid 106017
target_page_id id: 1 tid 106017
0 1 tid 106017
365 4 tid 106017
172 tid 106017
Insert  tid 106017
FindTargetPageId rootid 5 tid 106015
target_page_id id: 1 tid 106015
0 1 tid 106015
365 4 tid 106015
173 tid 106015
Insert  tid 106015
FindTargetPageId rootid 5 tid 106016
target_page_id id: 4 tid 106016
0 1 tid 106016
365 4 tid 106016
128 tid 106016
Remove  tid 106016
FindTargetPageId rootid 5 tid 106017
target_page_id id: 1 tid 106017
0 1 tid 106017
365 4 tid 106017
173 tid 106017
Insert  tid 106017
FindTargetPageId rootid 5 tid 106015
target_page_id id: 1 tid 106015
0 1 tid 106015
365 4 tid 106015
174 tid 106015
Insert  tid 106015
FindTargetPageId rootid 5 tid 106016
target_page_id id: 4 tid 106016
0 1 tid 106016
365 4 tid 106016
128 tid 106016
Remove  tid 106016
FindTargetPageId rootid 5 tid 106017
target_page_id id: 1 tid 106017
0 1 tid 106017
365 4 tid 106017
174 tid 106017
Insert  tid 106017
FindTargetPageId rootid 5 tid 106015
target_page_id id: 1 tid 106015
0 1 tid 106015
365 4 tid 106015
175 tid 106015
Insert  tid FindTargetPageId rootid 5106015 tid 
106016
target_page_id id: 4 tid 106016
0 1 tid 106016
365 4 tid 106016
128 tid 106016
Remove  tid 106016
FindTargetPageId rootid 5 tid 106017
target_page_id id: 1 tid 106017
0 1 tid 106017
365 4 tid 106017
175 tid 106017
Insert  tid 106017
FindTargetPageId rootid 5 tid 106015
target_page_id id: 1 tid 106015
0 1 tid 106015
365 4 tid 106015
176 tid 106015
Insert  tid 106015
FindTargetPageId rootid 5 tid 106016
target_page_id id: 4 tid 106016
0 1 tid 106016
365 4 tid 106016
128 tid 106016
Remove  tid 106016
FindTargetPageId rootid 5 tid 106017
target_page_id id: 1 tid 106017
0 1 tid 106017
365 4 tid 106017
176 tid 106017
Insert  tid 106017
FindTargetPageId rootid 5 tid 106015
target_page_id id: 1 tid 106015
0 1 tid 106015
365 4 tid 106015
177 tid 106015
Insert  tid 106015
FindTargetPageId rootid 5 tid 106016
target_page_id id: 4 tid 106016
0 1 tid 106016
365 4 tid 106016
128 tid 106016
Remove  tid 106016
FindTargetPageId rootid 5 tid 106017
target_page_id id: 1 tid 106017
0 1 tid 106017
365 4 tid 106017
177 tid 106017
Insert  tid 106017
FindTargetPageId rootid 5 tid 106015
target_page_id id: 1 tid 106015
0 1 tid 106015
365 4 tid 106015
178 tid 106015
Insert  tid 106015
FindTargetPageId rootid 5 tid 106016
target_page_id id: 4 tid 106016
0 1 tid 106016
365 4 tid 106016
128 tid 106016
Remove  tid 106016
FindTargetPageId rootid 5 tid 106017
target_page_id id: 1 tid 106017
0 1 tid 106017
365 4 tid 106017
178 tid 106017
Insert  tid 106017
FindTargetPageId rootid 5 tid 106015
target_page_id id: 1 tid 106015
0 1 tid 106015
365 4 tid 106015
179 tid 106015
Insert  tid 106015
FindTargetPageId rootid 5 tid 106016
target_page_id id: 4 tid 106016
0 1 tid 106016
365 4 tid 106016
128 tid 106016
Remove  tid 106016
FindTargetPageId rootid 5 tid 106017
target_page_id id: 1 tid 106017
0 1 tid 106017
365 4 tid 106017
179 tid 106017
Insert  tid 106017
FindTargetPageId rootid 5 tid 106015
target_page_id id: 1 tid 106015
0 1 tid 106015
365 4 tid 106015
180 tid 106015
Insert  tid 106015
FindTargetPageId rootid 5 tid 106016
target_page_id id: 4 tid 106016
0 1 tid 106016
365 4 tid 106016
128 tid 106016
Remove  tid 106016
FindTargetPageId rootid 5 tid 106016
target_page_id id: 4 tid 106016
0 1 tid 106016
365 4 tid 106016
128 tid 106016
Remove  tid 106016
FindTargetPageId rootid 5 tid 106016
target_page_id id: 4 tid 106016
0 1 tid 106016
365 4 tid 106016
128 tid 106016
Remove  tid 106016
FindTargetPageId rootid 5 tid 106017
target_page_id id: 1 tid 106017
0 1 tid 106017
365 4 tid 106017
180 tid 106017
Insert  tid 106017
FindTargetPageId rootid 5 tid 106015
target_page_id id: 1 tid 106015
0 1 tid 106015
365 4 tid 106015
181 tid 106015
Insert  tid 106015
FindTargetPageId rootid 5 tid 106016
target_page_id id: 4 tid 106016
0 1 tid 106016
365 4 tid 106016
128 tid 106016
Remove  tid 106016
FindTargetPageId rootid 5 tid 106017
target_page_id id: 1 tid 106017
0 1 tid 106017
365 4 tid 106017
181 tid 106017
Insert  tid 106017
FindTargetPageId rootid 5 tid 106015
target_page_id id: 1 tid 106015
0 1 tid 106015
365 4 tid 106015
182 tid 106015
Insert  tid 106015
FindTargetPageId rootid 5 tid 106016
target_page_id id: 4 tid 106016
0 1 tid 106016
365 4 tid 106016
128 tid 106016
Remove  tid 106016
FindTargetPageId rootid 5 tid 106017
target_page_id id: 1 tid 106017
0 1 tid 106017
365 4 tid 106017
182 tid 106017
Insert  tid 106017
FindTargetPageId rootid 5 tid 106017
target_page_id id: 1 tid 106017
0 1 tid 106017
365 4 tid 106017
183 tid 106017
Insert  tid 106017
FindTargetPageId rootid 5 tid 106017
target_page_id id: 1 tid 106017
0 1 tid 106017
365 4 tid 106017
184 tid 106017
Insert  tid 106017
FindTargetPageId rootid 5 tid 106017
target_page_id id: 1 tid 106017
0 1 tid 106017
365 4 tid 106017
185 tid 106017
Insert  tid 106017
FindTargetPageId rootid 5 tid 106017
target_page_id id: 1 tid 106017
0 1 tid 106017
365 4 tid 106017
186 tid 106017
Insert  tid 106017
FindTargetPageId rootid 5 tid 106017
target_page_id id: 1 tid 106017
0 1 tid 106017
365 4 tid 106017
187 tid 106017
Insert  tid 106017
FindTargetPageId rootid 5 tid 106015
target_page_id id: 1 tid 106015
0 1 tid 106015
365 4 tid 106015
188 tid 106015
Insert  tid 106015
FindTargetPageId rootid 5 tid 106016
target_page_id id: 4 tid 106016
0 1 tid 106016
365 4 tid 106016
128 tid 106016
Remove  tid 106016
FindTargetPageId rootid 5 tid 106017
target_page_id id: 1 tid 106017
0 1 tid 106017
365 4 tid 106017
188 tid 106017
Insert  tid 106017
FindTargetPageId rootid 5 tid 106015
target_page_id id: 1 tid 106015
0 1 tid 106015
365 4 tid 106015
189 tid 106015
Insert  tid 106015
FindTargetPageId rootid 5 tid 106016
target_page_id id: 4 tid 106016
0 1 tid 106016
365 4 tid 106016
128 tid 106016
Remove  tid 106016
FindTargetPageId rootid 5 tid 106017
target_page_id id: 1 tid 106017
0 1 tid 106017
365 4 tid 106017
189 tid 106017
Insert  tid 106017
FindTargetPageId rootid 5 tid 106015
target_page_id id: 1 tid 106015
0 1 tid 106015
365 4 tid 106015
190 tid 106015
Insert  tid 106015
FindTargetPageId rootid 5 tid 106016
target_page_id id: 4 tid 106016
0 1 tid 106016
365 4 tid 106016
128 tid 106016
Remove  tid 106016
FindTargetPageId rootid 5 tid 106017
target_page_id id: 1 tid 106017
0 1 tid 106017
365 4 tid 106017
190 tid 106017
Insert  tid 106017
FindTargetPageId rootid 5 tid 106015
target_page_id id: 1 tid 106015
0 1 tid 106015
365 4 tid 106015
191 tid 106015
Insert  tid 106015
FindTargetPageId rootid 5 tid 106016
target_page_id id: 4 tid 106016
0 1 tid 106016
365 4 tid 106016
128 tid 106016
Remove  tid 106016
FindTargetPageId rootid 5 tid 106017
target_page_id id: 1 tid 106017
0 1 tid 106017
365 4 tid 106017
191 tid 106017
Insert  tid 106017
FindTargetPageId rootid 5 tid 106015
target_page_id id: 1 tid 106015
0 1 tid 106015
365 4 tid 106015
192 tid 106015
Insert  tid 106015
FindTargetPageId rootid 5 tid 106016
target_page_id id: 4 tid 106016
0 1 tid 106016
365 4 tid 106016
128 tid 106016
Remove  tid 106016
FindTargetPageId rootid 5 tid 106017
target_page_id id: 1 tid 106017
0 1 tid 106017
365 4 tid 106017
192 tid 106017
Insert  tid 106017
FindTargetPageId rootid 5 tid 106015
target_page_id id: 1 tid 106015
0 1 tid 106015
365 4 tid 106015
193 tid 106015
Insert  tid 106015
FindTargetPageId rootid 5 tid 106016
target_page_id id: 4 tid 106016
0 1 tid 106016
365 4 tid 106016
128 tid 106016
Remove  tid 106016
FindTargetPageId rootid 5 tid 106017
target_page_id id: 1 tid 106017
0 1 tid 106017
365 4 tid 106017
193 tid 106017
Insert  tid 106017
FindTargetPageId rootid 5 tid 106015
target_page_id id: 1 tid 106015
0 1 tid 106015
365 4 tid 106015
194 tid 106015
Insert  tid 106015
FindTargetPageId rootid 5 tid 106016
target_page_id id: 4 tid 106016
0 1 tid 106016
365 4 tid 106016
128 tid 106016
Remove  tid 106016
FindTargetPageId rootid 5 tid 106017
target_page_id id: 1 tid 106017
0 1 tid 106017
365 4 tid 106017
194 tid 106017
Insert  tid 106017
FindTargetPageId rootid 5 tid 106015
target_page_id id: 1 tid 106015
0 1 tid 106015
365 4 tid 106015
195 tid 106015
Insert  tid 106015
FindTargetPageId rootid 5 tid 106016
target_page_id id: 4 tid 106016
0 1 tid 106016
365 4 tid 106016
128 tid 106016
Remove  tid 106016
FindTargetPageId rootid 5 tid 106017
target_page_id id: 1 tid 106017
0 1 tid 106017
365 4 tid 106017
195 tid 106017
Insert  tid 106017
FindTargetPageId rootid 5 tid 106015
target_page_id id: 1 tid 106015
0 1 tid 106015
365 4 tid 106015
196 tid 106015
Insert  tid 106015
FindTargetPageId rootid 5 tid 106016
target_page_id id: 4 tid 106016
0 1 tid 106016
365 4 tid 106016
128 tid 106016
Remove  tid 106016
FindTargetPageId rootid 5 tid 106017
target_page_id id: 1 tid 106017
0 1 tid 106017
365 4 tid 106017
196 tid 106017
Insert  tid 106017
FindTargetPageId rootid 5 tid 106015
target_page_id id: 1 tid 106015
0 1 tid 106015
365 4 tid 106015
197 tid 106015
Insert  tid 106015
FindTargetPageId rootid 5 tid 106016
target_page_id id: 4 tid 106016
0 1 tid 106016
365 4 tid 106016
128 tid 106016
Remove  tid 106016
FindTargetPageId rootid 5 tid 106017
target_page_id id: 1 tid 106017
0 1 tid 106017
365 4 tid 106017
197 tid 106017
Insert  tid 106017
FindTargetPageId rootid 5 tid 106015
target_page_id id: 1 tid 106015
0 1 tid 106015
365 4 tid 106015
198 tid 106015
Insert  tid 106015
FindTargetPageId rootid 5 tid 106016
target_page_id id: 4 tid 106016
0 1 tid 106016
365 4 tid 106016
128 tid 106016
Remove  tid 106016
FindTargetPageId rootid 5 tid 106017
target_page_id id: 1 tid 106017
0 1 tid 106017
365 4 tid 106017
198 tid 106017
Insert  tid 106017
FindTargetPageId rootid 5 tid 106015
target_page_id id: 1 tid 106015
0 1 tid 106015
365 4 tid 106015
199 tid 106015
Insert  tid 106015
FindTargetPageId rootid 5 tid 106016
target_page_id id: 4 tid 106016
0 1 tid 106016
365 4 tid 106016
128 tid 106016
Remove  tid 106016
FindTargetPageId rootid 5 tid 106017
target_page_id id: 1 tid 106017
0 1 tid 106017
365 4 tid 106017
199 tid 106017
Insert  tid 106017
FindTargetPageId rootid 5 tid 106015
target_page_id id: 1 tid 106015
0 1 tid 106015
365 4 tid 106015
200 tid 106015
Insert  tid 106015
FindTargetPageId rootid 5 tid 106016
target_page_id id: 4 tid 106016
0 1 tid 106016
365 4 tid 106016
128 tid 106016
Remove  tid 106016
FindTargetPageId rootid 5 tid 106017
target_page_id id: 1 tid 106017
0 1 tid 106017
365 4 tid 106017
200 tid 106017
Insert  tid 106017
FindTargetPageId rootid 5 tid 106015
target_page_id id: 1 tid 106015
0 1 tid 106015
365 4 tid 106015
201 tid 106015
Insert  tid 106015
FindTargetPageId rootid 5 tid 106016
target_page_id id: 4 tid 106016
0 1 tid 106016
365 4 tid 106016
128 tid 106016
Remove  tid 106016
FindTargetPageId rootid 5 tid 106017
target_page_id id: 1 tid 106017
0 1 tid 106017
365 4 tid 106017
201 tid 106017
Insert  tid 106017
FindTargetPageId rootid 5 tid 106015
target_page_id id: 1 tid 106015
0 1 tid 106015
365 4 tid 106015
202 tid 106015
Insert  tid 106015
FindTargetPageId rootid 5 tid 106016
target_page_id id: 4 tid 106016
0 1 tid 106016
365 4 tid 106016
128 tid 106016
Remove  tid 106016
FindTargetPageId rootid 5 tid 106016
target_page_id id: 4 tid 106016
0 1 tid 106016
365 4 tid 106016
128 tid 106016
Remove  tid 106016
FindTargetPageId rootid 5 tid 106015
target_page_id id: 1 tid 106015
0 1 tid 106015
365 4 tid 106015
202 tid 106015
Insert  tid 106015
FindTargetPageId rootid 5 tid 106017
target_page_id id: 1 tid 106017
0 1 tid 106017
365 4 tid 106017
202 tid 106017
Insert  tid 106017
FindTargetPageId rootid 5 tid 106016
target_page_id id: 4 tid 106016
0 1 tid 106016
365 4 tid 106016
128 tid 106016
FindTargetPageId rootid 5 tid 106015
target_page_id id: 1 tid 106015
0 1 tid 106015
365 4 tid 106015
Remove  tid 106016
203 tid 106015
Insert  tid 106015
FindTargetPageId rootid 5 tid 106015
target_page_id id: 1 tid 106015
0 1 tid 106015
365 4 tid 106015
203 tid 106015
FindTargetPageId rootid 5 tid 106016
target_page_id id: 4 tid 106016
0 1 tid 106016
365 4 tid 106016
Insert  tid 106015
128 tid 106016
Remove  tid 106016
FindTargetPageId rootid 5 tid 106016
target_page_id id: 4 tid 106016
0 1 tid 106016
365 4 tid 106016
128 tid 106016
Remove  tid 106016
FindTargetPageId rootid 5 tid 106015
target_page_id id: 1 tid 106015
0 1 tid 106015
365 4 tid 106015
203 tid 106015
Insert  tid 106015
FindTargetPageId rootid 5 tid 106015
target_page_id id: 1 tid 106015
0 1 tid 106015
365 4 tid 106015
203 tid 106015
Insert  tid 106015
FindTargetPageId rootid 5 tid 106015
target_page_id id: 1 tid 106015
0 1 tid 106015
365 4 tid 106015
203 tid 106015
Insert  tid 106015
FindTargetPageId rootid 5 tid 106017
target_page_id id: 1 tid 106017
0 1 tid 106017
365 4 tid 106017
203 tid 106017
Insert  tid 106017
FindTargetPageId rootid 5 tid 106016
target_page_id id: 4 tid 106016
0 1 tid 106016
365 4 tid 106016
128 tid 106016
Remove  tid 106016
FindTargetPageId rootid 5 tid 106015
target_page_id id: 1 tid 106015
0 1 tid 106015
365 4 tid 106015
204 tid 106015
Insert  tid 106015
FindTargetPageId rootid 5 tid 106017
target_page_id id: 1 tid 106017
0 1 tid 106017
365 4 tid 106017
204 tid 106017
FindTargetPageId rootid 5 tid 106016
target_page_id id: 4 tid 106016
0 1 tid 106016
365 4 tid 106016
Insert  tid 128 tid 106017106016

FindTargetPageId rootid 5 tid 106017
target_page_id id: 1 tid 106017
0 1 tid 106017
365 4 tid 106017
Remove  tid 106016
205 tid 106017
Insert  tid 106017
FindTargetPageId rootid 5 tid 106015
target_page_id id: 1 tid 106015
0 1 tid 106015
365 4 tid 106015
206 tid 106015
Insert  tid 106015
FindTargetPageId rootid 5 tid 106016
target_page_id id: 4 tid 106016
0 1 tid 106016
365 4 tid 106016
128 tid 106016
Remove  tid 106016
FindTargetPageId rootid 5 tid 106017
target_page_id id: 1 tid 106017
0 1 tid 106017
365 4 tid 106017
206 tid 106017
Insert  tid 106017
FindTargetPageId rootid 5 tid 106015
target_page_id id: 1 tid 106015
0 1 tid 106015
365 4 tid 106015
207 tid 106015
Insert  tid 106015
FindTargetPageId rootid 5 tid 106016
target_page_id id: 4 tid 106016
0 1 tid 106016
365 4 tid 106016
128 tid 106016
Remove  tid 106016
FindTargetPageId rootid 5 tid 106017
target_page_id id: 1 tid 106017
0 1 tid 106017
365 4 tid 106017
207 tid 106017
Insert  tid 106017
FindTargetPageId rootid 5 tid 106015
target_page_id id: 1 tid 106015
0 1 tid 106015
365 4 tid 106015
208 tid 106015
Insert  tid 106015
FindTargetPageId rootid 5 tid 106016
target_page_id id: 4 tid 106016
0 1 tid 106016
365 4 tid 106016
128 tid 106016
Remove  tid 106016
FindTargetPageId rootid 5 tid 106017
target_page_id id: 1 tid 106017
0 1 tid 106017
365 4 tid 106017
208 tid 106017
Insert  tid 106017
FindTargetPageId rootid 5 tid 106017
target_page_id id: 1 tid 106017
0 1 tid 106017
365 4 tid 106017
209 tid 106017
Insert  tid 106017
FindTargetPageId rootid 5 tid 106016
target_page_id id: 4 tid 106016
0 1 tid 106016
365 4 tid 106016
128 tid 106016
Remove  tid 106016
FindTargetPageId rootid 5 tid 106015
target_page_id id: 1 tid 106015
0 1 tid 106015
365 4 tid 106015
210 tid 106015
Insert  tid 106015
FindTargetPageId rootid 5 tid 106017
target_page_id id: 1 tid 106017
0 1 tid 106017
365 4 tid 106017
210 tid 106017
Insert  tid 106017
FindTargetPageId rootid 5 tid 106016
target_page_id id: 4 tid 106016
0 1 tid 106016
365 4 tid 106016
128 tid 106016
Remove  tid 106016
FindTargetPageId rootid 5 tid 106015
target_page_id id: 1 tid 106015
0 1 tid 106015
365 4 tid 106015
211 tid 106015
Insert  tid 106015
FindTargetPageId rootid 5 tid 106017
target_page_id id: 1 tid 106017
0 1 tid 106017
365 4 tid 106017
211 tid 106017
Insert  tid 106017
FindTargetPageId rootid 5 tid 106016
target_page_id id: 4 tid 106016
0 1 tid 106016
365 4 tid 106016
128 tid 106016
Remove FindTargetPageId rootid  tid 5 tid 106016
106015
target_page_id id: 1 tid 106015
0 1 tid 106015
365 4 tid 106015
212 tid 106015
Insert  tid 106015
FindTargetPageId rootid 5 tid 106017
target_page_id id: 1 tid 106017
0 1 tid 106017
365 4 tid 106017
212 tid 106017
Insert  tid 106017
FindTargetPageId rootid 5 tid 106016
target_page_id id: 4 tid 106016
0 1 tid 106016
365 4 tid 106016
128 tid 106016
Remove  tid 106016
FindTargetPageId rootid 5 tid 106015
target_page_id id: 1 tid 106015
0 1 tid 106015
365 4 tid 106015
213 tid 106015
Insert  tid 106015
FindTargetPageId rootid 5 tid 106017
target_page_id id: 1 tid 106017
0 1 tid 106017
365 4 tid 106017
213 tid 106017
Insert  tid 106017
FindTargetPageId rootid 5 tid 106016
target_page_id id: 4 tid 106016
0 1 tid 106016
365 4 tid 106016
128 tid 106016
Remove  tid 106016
FindTargetPageId rootid 5 tid 106016
target_page_id id: 4 tid 106016
0 1 tid 106016
365 4 tid 106016
128 tid 106016
Remove  tid 106016
FindTargetPageId rootid 5 tid 106017
target_page_id id: 1 tid 106017
0 1 tid 106017
365 4 tid 106017
214 tid 106017
Insert  tid 106017
FindTargetPageId rootid 5 tid 106015
target_page_id id: 1 tid 106015
0 1 tid 106015
365 4 tid 106015
215 tid 106015
Insert  tid 106015
FindTargetPageId rootid 5 tid 106016
target_page_id id: 4 tid 106016
0 1 tid 106016
365 4 tid 106016
128 tid 106016
Remove  tid 106016
FindTargetPageId rootid 5 tid 106017
target_page_id id: 1 tid 106017
0 1 tid 106017
365 4 tid 106017
215 tid 106017
Insert  tid 106017
FindTargetPageId rootid 5 tid 106015
target_page_id id: 1 tid 106015
0 1 tid 106015
365 4 tid 106015
216 tid 106015
Insert  tid 106015
FindTargetPageId rootid 5 tid 106016
target_page_id id: 4 tid 106016
0 1 tid 106016
365 4 tid 106016
128 tid 106016
Remove  tid 106016
FindTargetPageId rootid 5 tid 106017
target_page_id id: 1 tid 106017
0 1 tid 106017
365 4 tid 106017
216 tid 106017
Insert  tid 106017
FindTargetPageId rootid 5 tid 106015
target_page_id id: 1 tid 106015
0 1 tid 106015
365 4 tid 106015
217 tid 106015
Insert  tid 106015
FindTargetPageId rootid 5 tid 106016
target_page_id id: 4 tid 106016
0 1 tid 106016
365 4 tid 106016
128 tid 106016
Remove  tid 106016
FindTargetPageId rootid 5 tid 106017
target_page_id id: 1 tid 106017
0 1 tid 106017
365 4 tid 106017
217 tid 106017
Insert  tid 106017
FindTargetPageId rootid 5 tid 106015
target_page_id id: 1 tid 106015
0 1 tid 106015
365 4 tid 106015
218 tid 106015
Insert  tid 106015
FindTargetPageId rootid 5 tid 106016
target_page_id id: 4 tid 106016
0 1 tid 106016
365 4 tid 106016
128 tid 106016
Remove  tid 106016
FindTargetPageId rootid 5 tid 106017
target_page_id id: 1 tid 106017
0 1 tid 106017
365 4 tid 106017
218 tid 106017
Insert  tid 106017
FindTargetPageId rootid 5 tid 106015
target_page_id id: 1 tid 106015
0 1 tid 106015
365 4 tid 106015
219 tid 106015
Insert  tid 106015
FindTargetPageId rootid 5 tid 106016
target_page_id id: 4 tid 106016
0 1 tid 106016
365 4 tid 106016
128 tid 106016
Remove  tid 106016
FindTargetPageId rootid 5 tid 106017
target_page_id id: 1 tid 106017
0 1 tid 106017
365 4 tid 106017
219 tid 106017
Insert  tid 106017
FindTargetPageId rootid 5 tid 106015
target_page_id id: 1 tid 106015
0 1 tid 106015
365 4 tid 106015
220 tid 106015
Insert  tid 106015
FindTargetPageId rootid 5 tid 106016
target_page_id id: 4 tid 106016
0 1 tid 106016
365 4 tid 106016
128 tid 106016
Remove  tid 106016
FindTargetPageId rootid 5 tid 106017
target_page_id id: 1 tid 106017
0 1 tid 106017
365 4 tid 106017
220 tid 106017
Insert  tid 106017
FindTargetPageId rootid 5 tid 106017
target_page_id id: 1 tid 106017
0 1 tid 106017
365 4 tid 106017
221 tid 106017
Insert  tid 106017
FindTargetPageId rootid 5 tid 106017
target_page_id id: 1 tid 106017
0 1 tid 106017
365 4 tid 106017
222 tid 106017
Insert  tid 106017
FindTargetPageId rootid 5 tid 106016
target_page_id id: 4 tid 106016
0 1 tid 106016
365 4 tid 106016
128 tid 106016
Remove  tid 106016
FindTargetPageId rootid 5 tid 106015
target_page_id id: 1 tid 106015
0 1 tid 106015
365 4 tid 106015
223 tid 106015
Insert  tid 106015
FindTargetPageId rootid 5 tid 106015
target_page_id id: 1 tid 106015
0 1 tid 106015
365 4 tid 106015
223 tid 106015
Insert  tid 106015
FindTargetPageId rootid 5 tid 106015
target_page_id id: 1 tid 106015
0 1 tid 106015
365 4 tid 106015
223 tid 106015
Insert  tid 106015
FindTargetPageId rootid 5 tid 106015
target_page_id id: 1 tid 106015
0 1 tid 106015
365 4 tid 106015
223 tid 106015
Insert  tid 106015
FindTargetPageId rootid 5 tid 106016
target_page_id id: 4 tid 106016
0 1 tid 106016
365 4 tid 106016
128 tid 106016
Remove  tid 106016
FindTargetPageId rootid 5 tid 106017
target_page_id id: 1 tid 106017
0 1 tid 106017
365 4 tid 106017
223 tid 106017
Insert  tid 106017
FindTargetPageId rootid 5 tid 106015
target_page_id id: 1 tid 106015
0 1 tid 106015
365 4 tid 106015
224 tid 106015
Insert  tid 106015
FindTargetPageId rootid 5 tid 106015
target_page_id id: 1 tid 106015
0 1 tid 106015
365 4 tid 106015
224 tid 106015
Insert  tid 106015
FindTargetPageId rootid 5 tid 106015
target_page_id id: 1 tid 106015
0 1 tid 106015
365 4 tid 106015
224 tid 106015
Insert  tid 106015
FindTargetPageId rootid 5 tid 106015
target_page_id id: 1 tid 106015
0 1 tid 106015
365 4 tid 106015
224 tid 106015
Insert  tid 106015
FindTargetPageId rootid 5 tid 106015
target_page_id id: 1 tid 106015
0 1 tid 106015
365 4 tid 106015
224 tid 106015
Insert  tid 106015
FindTargetPageId rootid 5 tid 106015
target_page_id id: 1 tid 106015
0 1 tid 106015
365 4 tid 106015
224 tid 106015
Insert  tid 106015
FindTargetPageId rootid 5 tid 106015
target_page_id id: 1 tid 106015
0 1 tid 106015
365 4 tid 106015
224 tid 106015
Insert  tid 106015
FindTargetPageId rootid 5 tid 106015
target_page_id id: 1 tid 106015
0 1 tid 106015
365 4 tid 106015
224 tid 106015
Insert  tid 106015
FindTargetPageId rootid 5 tid 106016
target_page_id id: 4 tid 106016
0 1 tid 106016
365 4 tid 106016
128 tid 106016
Remove  tid 106016
FindTargetPageId rootid 5 tid 106016
target_page_id id: 4 tid 106016
0 1 tid 106016
365 4 tid 106016
128 tid 106016
Remove  tid 106016
FindTargetPageId rootid 5 tid 106016
target_page_id id: 4 tid 106016
0 1 tid 106016
365 4 tid 106016
128 tid 106016
Remove  tid 106016
FindTargetPageId rootid 5 tid 106016
target_page_id id: 4 tid 106016
0 1 tid 106016
365 4 tid 106016
128 tid 106016
Remove  tid 106016
FindTargetPageId rootid 5 tid 106016
target_page_id id: 4 tid 106016
0 1 tid 106016
365 4 tid 106016
128 tid 106016
Remove  tid 106016
FindTargetPageId rootid 5 tid 106016
target_page_id id: 4 tid 106016
0 1 tid 106016
365 4 tid 106016
128 tid 106016
Remove  tid 106016
FindTargetPageId rootid 5 tid 106016
target_page_id id: 4 tid 106016
0 1 tid 106016
365 4 tid 106016
128 tid 106016
Remove  tid 106016
FindTargetPageId rootid 5 tid 106017
target_page_id id: 1 tid 106017
0 1 tid 106017
365 4 tid 106017
224 tid 106017
Insert  tid 106017
FindTargetPageId rootid 5 tid 106017
target_page_id id: 1 tid 106017
0 1 tid 106017
365 4 tid 106017
225 tid 106017
Insert  tid 106017
FindTargetPageId rootid 5 tid 106017
target_page_id id: 1 tid 106017
0 1 tid 106017
365 4 tid 106017
226 tid 106017
Insert  tid 106017
FindTargetPageId rootid 5 tid 106015
target_page_id id: 1 tid 106015
0 1 tid 106015
365 4 tid 106015
227 tid 106015
Insert  tid 106015
FindTargetPageId rootid 5 tid 106015
target_page_id id: 1 tid 106015
0 1 tid 106015
365 4 tid 106015
227 tid 106015
Insert  tid 106015
FindTargetPageId rootid 5 tid 106015
target_page_id id: 1 tid 106015
0 1 tid 106015
365 4 tid 106015
227 tid 106015
Insert  tid 106015
FindTargetPageId rootid 5 tid 106016
target_page_id id: 4 tid 106016
0 1 tid 106016
365 4 tid 106016
128 tid 106016
Remove  tid 106016
FindTargetPageId rootid 5 tid 106016
target_page_id id: 4 tid 106016
0 1 tid 106016
365 4 tid 106016
128 tid 106016
Remove  tid 106016
FindTargetPageId rootid 5 tid 106016
target_page_id id: 4 tid 106016
0 1 tid 106016
365 4 tid 106016
128 tid 106016
Remove  tid 106016
FindTargetPageId rootid 5 tid 106017
target_page_id id: 1 tid 106017
0 1 tid 106017
365 4 tid 106017
227 tid 106017
Insert  tid 106017
FindTargetPageId rootid 5 tid 106015
target_page_id id: 1 tid 106015
0 1 tid 106015
365 4 tid 106015
228 tid 106015
Insert  tid 106015
FindTargetPageId rootid 5 tid 106016
target_page_id id: 4 tid 106016
0 1 tid 106016
365 4 tid 106016
128 tid 106016
Remove  tid 106016
FindTargetPageId rootid 5 tid 106017
target_page_id id: 1 tid 106017
0 1 tid 106017
365 4 tid 106017
228 tid 106017
Insert  tid 106017
FindTargetPageId rootid 5 tid 106015
target_page_id id: 1 tid 106015
0 1 tid 106015
365 4 tid 106015
229 tid 106015
Insert  tid 106015
FindTargetPageId rootid 5 tid 106016
target_page_id id: 4 tid 106016
0 1 tid 106016
365 4 tid 106016
128 tid 106016
Remove  tid 106016
FindTargetPageId rootid 5 tid 106017
target_page_id id: 1 tid 106017
0 1 tid 106017
365 4 tid 106017
229 tid 106017
Insert  tid 106017
FindTargetPageId rootid 5 tid 106015
target_page_id id: 1 tid 106015
0 1 tid 106015
365 4 tid 106015
230 tid 106015
Insert  tid 106015
FindTargetPageId rootid 5 tid 106016
target_page_id id: 4 tid 106016
0 1 tid 106016
365 4 tid 106016
128 tid 106016
Remove  tid 106016
FindTargetPageId rootid 5 tid 106017
target_page_id id: 1 tid 106017
0 1 tid 106017
365 4 tid 106017
230 tid 106017
Insert  tid FindTargetPageId rootid 5106017 tid 
106015
target_page_id id: 1 tid 106015
0 1 tid 106015
365 4 tid 106015
231 tid 106015
Insert  tid 106015
FindTargetPageId rootid 5 tid 106016
target_page_id id: 4 tid 106016
0 1 tid 106016
365 4 tid 106016
128 tid 106016
Remove  tid 106016
FindTargetPageId rootid 5 tid 106017
target_page_id id: 1 tid 106017
0 1 tid 106017
365 4 tid 106017
231 tid 106017
Insert  tid 106017
FindTargetPageId rootid 5 tid 106015
target_page_id id: 1 tid 106015
0 1 tid 106015
365 4 tid 106015
232 tid 106015
Insert  tid 106015
FindTargetPageId rootid 5 tid 106016
target_page_id id: 4 tid 106016
0 1 tid 106016
365 4 tid 106016
128 tid 106016
Remove  tid 106016
FindTargetPageId rootid 5 tid 106017
target_page_id id: 1 tid 106017
0 1 tid 106017
365 4 tid 106017
232 tid 106017
Insert  tid 106017
FindTargetPageId rootid 5 tid 106015
target_page_id id: 1 tid 106015
0 1 tid 106015
365 4 tid 106015
233 tid 106015
Insert  tid 106015
FindTargetPageId rootid 5 tid 106016
target_page_id id: 4 tid 106016
0 1 tid 106016
365 4 tid 106016
128 tid 106016
Remove  tid 106016
FindTargetPageId rootid 5 tid 106017
target_page_id id: 1 tid 106017
0 1 tid 106017
365 4 tid 106017
233 tid 106017
Insert  tid 106017
FindTargetPageId rootid 5 tid 106015
target_page_id id: 1 tid 106015
0 1 tid 106015
365 4 tid 106015
234 tid 106015
Insert  tid 106015
FindTargetPageId rootid 5 tid 106016
target_page_id id: 4 tid 106016
0 1 tid 106016
365 4 tid 106016
128 tid 106016
Remove  tid 106016
FindTargetPageId rootid 5 tid 106017
target_page_id id: 1 tid 106017
0 1 tid 106017
365 4 tid 106017
234 tid 106017
Insert  tid 106017
FindTargetPageId rootid 5 tid 106015
target_page_id id: 1 tid 106015
0 1 tid 106015
365 4 tid 106015
235 tid 106015
Insert  tid 106015
FindTargetPageId rootid 5 tid 106016
target_page_id id: 4 tid 106016
0 1 tid 106016
365 4 tid 106016
128 tid 106016
Remove  tid 106016
FindTargetPageId rootid 5 tid 106017
target_page_id id: 1 tid 106017
0 1 tid 106017
365 4 tid 106017
235 tid 106017
Insert  tid 106017
FindTargetPageId rootid 5 tid 106015
target_page_id id: 1 tid 106015
0 1 tid 106015
365 4 tid 106015
236 tid 106015
Insert  tid 106015
FindTargetPageId rootid 5 tid 106016
target_page_id id: 4 tid 106016
0 1 tid 106016
365 4 tid 106016
128 tid 106016
Remove  tid 106016
FindTargetPageId rootid 5 tid 106017
target_page_id id: 1 tid 106017
0 1 tid 106017
365 4 tid 106017
236 tid 106017
Insert  tid 106017
FindTargetPageId rootid 5 tid 106015
target_page_id id: 1 tid 106015
0 1 tid 106015
365 4 tid 106015
237 tid 106015
Insert  tid 106015
FindTargetPageId rootid 5 tid 106016
target_page_id id: 4 tid 106016
0 1 tid 106016
365 4 tid 106016
128 tid 106016
Remove  tid 106016
FindTargetPageId rootid 5 tid 106017
target_page_id id: 1 tid 106017
0 1 tid 106017
365 4 tid 106017
237 tid 106017
Insert  tid 106017
FindTargetPageId rootid 5 tid 106015
target_page_id id: 1 tid 106015
0 1 tid 106015
365 4 tid 106015
238 tid 106015
Insert  tid 106015
FindTargetPageId rootid 5 tid 106016
target_page_id id: 4 tid 106016
0 1 tid 106016
365 4 tid 106016
128 tid 106016
Remove  tid 106016
FindTargetPageId rootid 5 tid 106016
target_page_id id: 4 tid 106016
0 1 tid 106016
365 4 tid 106016
128 tid 106016
Remove  tid 106016
FindTargetPageId rootid 5 tid 106016
target_page_id id: 4 tid 106016
0 1 tid 106016
365 4 tid 106016
128 tid 106016
Remove  tid 106016
FindTargetPageId rootid 5 tid 106017
target_page_id id: 1 tid 106017
0 1 tid 106017
365 4 tid 106017
238 tid 106017
Insert  tid 106017
FindTargetPageId rootid 5 tid 106015
target_page_id id: 1 tid 106015
0 1 tid 106015
365 4 tid 106015
239 tid 106015
Insert  tid 106015
FindTargetPageId rootid 5 tid 106015
target_page_id id: 1 tid 106015
0 1 tid 106015
365 4 tid 106015
239 tid 106015
Insert  tid 106015
FindTargetPageId rootid 5 tid 106016
target_page_id id: 4 tid 106016
0 1 tid 106016
365 4 tid 106016
128 tid 106016
Remove  tid 106016
FindTargetPageId rootid 5 tid 106017
target_page_id id: 1 tid 106017
0 1 tid 106017
365 4 tid 106017
239 tid 106017
Insert  tid 106017
FindTargetPageId rootid 5 tid 106017
target_page_id id: 1 tid 106017
0 1 tid 106017
365 4 tid 106017
240 tid 106017
Insert  tid 106017
FindTargetPageId rootid 5 tid 106017
target_page_id id: 1 tid 106017
0 1 tid 106017
365 4 tid 106017
241 tid 106017
Insert  tid 106017
FindTargetPageId rootid 5 tid 106015
target_page_id id: 1 tid 106015
0 1 tid 106015
365 4 tid 106015
242 tid 106015
Insert  tid 106015
FindTargetPageId rootid 5 tid 106016
target_page_id id: 4 tid 106016
0 1 tid 106016
365 4 tid 106016
128 tid 106016
Remove  tid 106016
FindTargetPageId rootid 5 tid 106017
target_page_id id: 1 tid 106017
0 1 tid 106017
365 4 tid 106017
242 tid 106017
Insert  tid 106017
FindTargetPageId rootid 5 tid 106015
target_page_id id: 1 tid 106015
0 1 tid 106015
365 4 tid 106015
243 tid 106015
Insert  tid 106015
FindTargetPageId rootid 5 tid 106015
target_page_id id: 1 tid 106015
0 1 tid 106015
365 4 tid 106015
243 tid 106015
Insert  tid 106015
FindTargetPageId rootid 5 tid 106015
target_page_id id: 1 tid 106015
0 1 tid 106015
365 4 tid 106015
243 tid 106015
Insert  tid 106015
FindTargetPageId rootid 5 tid 106015
target_page_id id: 1 tid 106015
0 1 tid 106015
365 4 tid 106015
243 tid 106015
Insert  tid 106015
FindTargetPageId rootid 5 tid 106015
target_page_id id: 1 tid 106015
0 1 tid 106015
365 4 tid 106015
243 tid 106015
Insert  tid 106015
FindTargetPageId rootid 5 tid 106015
target_page_id id: 1 tid 106015
0 1 tid 106015
365 4 tid 106015
243 tid 106015
Insert  tid 106015
FindTargetPageId rootid 5 tid 106016
target_page_id id: 4 tid 106016
0 1 tid 106016
365 4 tid 106016
128 tid 106016
Remove  tid 106016
FindTargetPageId rootid 5 tid 106017
target_page_id id: 1 tid 106017
0 1 tid 106017
365 4 tid 106017
243 tid 106017
Insert  tid 106017
FindTargetPageId rootid 5 tid 106017
target_page_id id: 1 tid 106017
0 1 tid 106017
365 4 tid 106017
244 tid 106017
Insert  tid 106017
FindTargetPageId rootid 5 tid 106016
target_page_id id: 4 tid 106016
0 1 tid 106016
365 4 tid 106016
128 tid 106016
Remove  tid 106016
FindTargetPageId rootid 5 tid 106015
target_page_id id: 1 tid 106015
0 1 tid 106015
365 4 tid 106015
245 tid 106015
Insert  tid 106015
FindTargetPageId rootid 5 tid 106017
target_page_id id: 1 tid 106017
0 1 tid 106017
365 4 tid 106017
245 tid 106017
Insert  tid 106017
FindTargetPageId rootid 5 tid 106016
target_page_id id: 4 tid 106016
0 1 tid 106016
365 4 tid 106016
128 tid 106016
Remove  tid 106016
FindTargetPageId rootid 5 tid 106015
target_page_id id: 1 tid 106015
0 1 tid 106015
365 4 tid 106015
246 tid 106015
Insert  tid 106015
FindTargetPageId rootid 5 tid 106017
target_page_id id: 1 tid 106017
0 1 tid 106017
365 4 tid 106017
246 tid 106017
Insert  tid 106017
FindTargetPageId rootid 5 tid 106016
target_page_id id: 4 tid 106016
0 1 tid 106016
365 4 tid 106016
128 tid 106016
Remove  tid 106016
FindTargetPageId rootid 5 tid 106015
target_page_id id: 1 tid 106015
0 1 tid 106015
365 4 tid 106015
247 tid 106015
Insert  tid 106015
FindTargetPageId rootid 5 tid 106017
target_page_id id: 1 tid 106017
0 1 tid 106017
365 4 tid 106017
247 tid 106017
Insert  tid 106017
FindTargetPageId rootid 5 tid 106016
target_page_id id: 4 tid 106016
0 1 tid 106016
365 4 tid 106016
128 tid 106016
FindTargetPageId rootid 5 tid 106015
target_page_id id: 1 tid 106015
0 1 tid 106015
365 4 tid 106015
Remove  tid 106016
248 tid 106015
Insert  tid 106015
FindTargetPageId rootid 5 tid 106017
target_page_id id: 1 tid 106017
0 1 tid 106017
365 4 tid 106017
248 tid 106017
Insert  tid 106017
FindTargetPageId rootid 5 tid 106016
target_page_id id: 4 tid 106016
0 1 tid 106016
365 4 tid 106016
128 tid 106016
Remove  tid 106016
FindTargetPageId rootid 5 tid 106015
target_page_id id: 1 tid 106015
0 1 tid 106015
365 4 tid 106015
249 tid 106015
Insert  tid 106015
FindTargetPageId rootid 5 tid 106017
target_page_id id: 1 tid 106017
0 1 tid 106017
365 4 tid 106017
249 tid 106017
Insert  tid 106017
FindTargetPageId rootid 5 tid 106016
target_page_id id: 4 tid 106016
0 1 tid 106016
365 4 tid 106016
128 tid 106016
Remove  tid 106016
FindTargetPageId rootid 5 tid 106015
target_page_id id: 1 tid 106015
0 1 tid 106015
365 4 tid 106015
250 tid 106015
Insert  tid 106015
FindTargetPageId rootid 5 tid 106015
target_page_id id: 1 tid 106015
0 1 tid 106015
365 4 tid 106015
250 tid 106015
Insert  tid 106015
FindTargetPageId rootid 5 tid 106016
target_page_id id: 4 tid 106016
0 1 tid 106016
365 4 tid 106016
128 tid 106016
Remove  tid 106016
FindTargetPageId rootid 5 tid 106017
target_page_id id: 1 tid 106017
0 1 tid 106017
365 4 tid 106017
250 tid 106017
Insert  tid 106017
FindTargetPageId rootid 5 tid 106015
target_page_id id: 1 tid 106015
0 1 tid 106015
365 4 tid 106015
251 tid 106015
Insert  tid 106015
FindTargetPageId rootid 5 tid 106015
target_page_id id: 1 tid 106015
0 1 tid 106015
365 4 tid 106015
251 tid 106015
Insert  tid 106015
FindTargetPageId rootid 5 tid 106016
target_page_id id: 4 tid 106016
0 1 tid 106016
365 4 tid 106016
128 tid 106016
Remove  tid 106016
FindTargetPageId rootid 5 tid 106016
target_page_id id: 4 tid 106016
0 1 tid 106016
365 4 tid 106016
128 tid 106016
Remove  tid 106016
FindTargetPageId rootid 5 tid 106016
target_page_id id: 4 tid 106016
0 1 tid 106016
365 4 tid 106016
128 tid 106016
Remove  tid 106016
FindTargetPageId rootid 5 tid 106017
target_page_id id: 1 tid 106017
0 1 tid 106017
365 4 tid 106017
251 tid 106017
Insert  tid 106017
FindTargetPageId rootid 5 tid 106015
target_page_id id: 1 tid 106015
0 1 tid 106015
365 4 tid 106015
252 tid 106015
Insert  tid 106015
FindTargetPageId rootid 5 tid 106015
target_page_id id: 1 tid 106015
0 1 tid 106015
365 4 tid 106015
252 tid 106015
Insert  tid 106015
FindTargetPageId rootid 5 tid 106015
target_page_id id: 1 tid 106015
0 1 tid 106015
365 4 tid 106015
252 tid 106015
Insert  tid 106015
FindTargetPageId rootid 5 tid 106015
target_page_id id: 1 tid 106015
0 1 tid 106015
365 4 tid 106015
252 tid 106015
Insert  tid 106015
FindTargetPageId rootid 5 tid 106017
target_page_id id: 1 tid 106017
0 1 tid 106017
365 4 tid 106017
252 tid 106017
Insert  tid 106017
FindTargetPageId rootid 5 tid 106016
target_page_id id: 4 tid 106016
0 1 tid 106016
365 4 tid 106016
128 tid 106016
Remove  tid 106016
FindTargetPageId rootid 5 tid 106016
target_page_id id: 4 tid 106016
0 1 tid 106016
365 4 tid 106016
128 tid 106016
Remove  tid 106016
FindTargetPageId rootid 5 tid 106016
target_page_id id: 4 tid 106016
0 1 tid 106016
365 4 tid 106016
128 tid 106016
Remove  tid 106016
FindTargetPageId rootid 5 tid 106015
target_page_id id: 1 tid 106015
0 1 tid 106015
365 4 tid 106015
253 tid 106015
Insert  tid 106015
FindTargetPageId rootid 5 tid 106015
target_page_id id: 1 tid 106015
0 1 tid 106015
365 4 tid 106015
253 tid 106015
Insert  tid 106015
FindTargetPageId rootid 5 tid 106015
target_page_id id: 1 tid 106015
0 1 tid 106015
365 4 tid 106015
253 tid 106015
Insert  tid 106015
FindTargetPageId rootid 5 tid 106017
target_page_id id: 1 tid 106017
0 1 tid 106017
365 4 tid 106017
253 tid 106017
Insert  tid 106017
FindTargetPageId rootid 5 tid 106017
target_page_id id: 1 tid 106017
0 1 tid 106017
365 4 tid 106017
254 tid 106017
Insert  tid 106017
FindTargetPageId rootid 5 tid 106015
target_page_id id: 6 tid 106015
0 1 tid 106015
148 6 tid 106015
365 4 tid 106015
128 tid 106015
Insert  tid 106015
FindTargetPageId rootid 5 tid 106016
target_page_id id: 4 tid 106016
0 1 tid 106016
148 6 tid 106016
365 4 tid 106016
128 tid 106016
Remove  tid 106016
FindTargetPageId rootid 5 tid 106017
target_page_id id: 6 tid 106017
0 1 tid 106017
148 6 tid 106017
365 4 tid 106017
128 tid 106017
FindTargetPageId rootid 5 tid 106015
target_page_id id: 6 tid 106015
0 1 tid 106015
148 6 tid 106015
365 4 tid 106015
Insert  tid 106017
129 tid 106015
Insert  tid 106015
FindTargetPageId rootid 5 tid 106015
target_page_id id: 6 tid 106015
0 1 tid 106015
148 6 tid 106015
365 4 tid 106015
129 tid 106015
Insert  tid 106015
FindTargetPageId rootid 5 tid 106015
target_page_id id: 6 tid 106015
0 1 tid 106015
148 6 tid 106015
365 4 tid 106015
129 tid 106015
Insert  tid 106015
FindTargetPageId rootid 5 tid 106015
target_page_id id: 6 tid 106015
0 1 tid 106015
148 6 tid 106015
365 4 tid 106015
129 tid 106015
Insert  tid 106015
FindTargetPageId rootid 5 tid 106015
target_page_id id: 6 tid 106015
0 1 tid 106015
148 6 tid 106015
365 4 tid 106015
129 tid 106015
Insert  tid 106015
FindTargetPageId rootid 5 tid 106015
target_page_id id: 6 tid 106015
0 1 tid 106015
148 6 tid 106015
365 4 tid 106015
129 tid 106015
Insert  tid 106015
FindTargetPageId rootid 5 tid 106015
target_page_id id: 6 tid 106015
0 1 tid 106015
148 6 tid 106015
365 4 tid 106015
129 tid 106015
Insert  tid 106015
FindTargetPageId rootid 5 tid 106015
target_page_id id: 6 tid 106015
0 1 tid 106015
148 6 tid 106015
365 4 tid 106015
129 tid 106015
Insert  tid 106015
FindTargetPageId rootid 5 tid 106015
target_page_id id: 6 tid 106015
0 1 tid 106015
148 6 tid 106015
365 4 tid 106015
129 tid 106015
Insert  tid 106015
FindTargetPageId rootid 5 tid 106015
target_page_id id: 6 tid 106015
0 1 tid 106015
148 6 tid 106015
365 4 tid 106015
129 tid 106015
Insert  tid 106015
FindTargetPageId rootid 5 tid 106017
target_page_id id: 6 tid 106017
0 1 tid 106017
148 6 tid 106017
365 4 tid 106017
129 tid 106017
Insert  tid 106017
FindTargetPageId rootid 5 tid 106017
target_page_id id: 6 tid 106017
0 1 tid 106017
148 6 tid 106017
365 4 tid 106017
130 tid 106017
Insert  tid 106017
FindTargetPageId rootid 5 tid 106015
target_page_id id: 6 tid 106015
0 1 tid 106015
148 6 tid 106015
365 4 tid 106015
131 tid 106015
Insert  tid 106015
FindTargetPageId rootid 5 tid 106016
target_page_id id: 4 tid 106016
0 1 tid 106016
148 6 tid 106016
365 4 tid 106016
128 tid 106016
Remove  tid 106016
FindTargetPageId rootid 5 tid 106017
target_page_id id: 6 tid 106017
0 1 tid 106017
148 6 tid 106017
365 4 tid 106017
131 tid 106017
Insert  tid 106017
FindTargetPageId rootid 5 tid 106015
target_page_id id: 6 tid 106015
0 1 tid 106015
148 6 tid 106015
365 4 tid 106015
132 tid 106015
Insert  tid 106015
FindTargetPageId rootid 5 tid 106016
target_page_id id: 4 tid 106016
0 1 tid 106016
148 6 tid 106016
365 4 tid 106016
128 tid 106016
Remove  tid 106016
FindTargetPageId rootid 5 tid 106017
target_page_id id: 6 tid 106017
0 1 tid 106017
148 6 tid 106017
365 4 tid 106017
132 tid 106017
Insert  tid 106017
FindTargetPageId rootid 5 tid 106015
target_page_id id: 6 tid 106015
0 1 tid 106015
148 6 tid 106015
365 4 tid 106015
133 tid 106015
Insert  tid 106015
FindTargetPageId rootid 5 tid 106016
target_page_id id: 4 tid 106016
0 1 tid 106016
148 6 tid 106016
365 4 tid 106016
128 tid 106016
Remove  tid 106016
FindTargetPageId rootid 5 tid 106017
target_page_id id: 6 tid 106017
0 1 tid 106017
148 6 tid 106017
365 4 tid 106017
133 tid 106017
Insert  tid 106017
FindTargetPageId rootid 5 tid 106015
target_page_id id: 6 tid 106015
0 1 tid 106015
148 6 tid 106015
365 4 tid 106015
134 tid 106015
Insert  tid 106015
FindTargetPageId rootid 5 tid 106016
target_page_id id: 4 tid 106016
0 1 tid 106016
148 6 tid 106016
365 4 tid 106016
128 tid 106016
Remove  tid 106016
FindTargetPageId rootid 5 tid 106017
target_page_id id: 6 tid 106017
0 1 tid 106017
148 6 tid 106017
365 4 tid 106017
134 tid 106017
Insert  tid 106017
FindTargetPageId rootid 5 tid 106015
target_page_id id: 6 tid 106015
0 1 tid 106015
148 6 tid 106015
365 4 tid 106015
135 tid 106015
Insert  tid 106015
FindTargetPageId rootid 5 tid 106016
target_page_id id: 4 tid 106016
0 1 tid 106016
148 6 tid 106016
365 4 tid 106016
128 tid 106016
Remove  tid 106016
FindTargetPageId rootid 5 tid 106016
target_page_id id: 4 tid 106016
0 1 tid 106016
148 6 tid 106016
365 4 tid 106016
128 tid 106016
Remove  tid 106016
FindTargetPageId rootid 5 tid 106016
target_page_id id: 4 tid 106016
0 1 tid 106016
148 6 tid 106016
365 4 tid 106016
128 tid 106016
Remove  tid 106016
FindTargetPageId rootid 5 tid 106015
target_page_id id: 6 tid 106015
0 1 tid 106015
148 6 tid 106015
365 4 tid 106015
135 tid 106015
Insert  tid 106015
FindTargetPageId rootid 5 tid 106015
target_page_id id: 6 tid 106015
0 1 tid 106015
148 6 tid 106015
365 4 tid 106015
135 tid 106015
Insert  tid 106015
FindTargetPageId rootid 5 tid 106016
target_page_id id: 4 tid 106016
0 1 tid 106016
148 6 tid 106016
365 4 tid 106016
128 tid 106016
Remove  tid 106016
FindTargetPageId rootid 5 tid 106017
target_page_id id: 6 tid 106017
0 1 tid 106017
148 6 tid 106017
365 4 tid 106017
135 tid 106017
Insert  tid 106017
FindTargetPageId rootid 5 tid 106015
target_page_id id: 6 tid 106015
0 1 tid 106015
148 6 tid 106015
365 4 tid 106015
136 tid 106015
Insert  tid 106015
FindTargetPageId rootid 5 tid 106015
target_page_id id: 6 tid 106015
0 1 tid 106015
148 6 tid 106015
365 4 tid 106015
136 tid 106015
Insert  tid 106015
FindTargetPageId rootid 5 tid 106015
target_page_id id: 6 tid 106015
0 1 tid 106015
148 6 tid 106015
365 4 tid 106015
136 tid 106015
Insert  tid 106015
FindTargetPageId rootid 5 tid 106015
target_page_id id: 6 tid 106015
0 1 tid 106015
148 6 tid 106015
365 4 tid 106015
136 tid 106015
Insert  tid 106015
FindTargetPageId rootid 5 tid 106015
target_page_id id: 6 tid 106015
0 1 tid 106015
148 6 tid 106015
365 4 tid 106015
136 tid 106015
Insert  tid 106015
FindTargetPageId rootid 5 tid 106015
target_page_id id: 6 tid 106015
0 1 tid 106015
148 6 tid 106015
365 4 tid 106015
136 tid 106015
Insert  tid 106015
FindTargetPageId rootid 5 tid 106015
target_page_id id: 6 tid 106015
0 1 tid 106015
148 6 tid 106015
365 4 tid 106015
136 tid 106015
Insert  tid 106015
FindTargetPageId rootid 5 tid 106015
target_page_id id: 6 tid 106015
0 1 tid 106015
148 6 tid 106015
365 4 tid 106015
136 tid 106015
Insert  tid 106015
FindTargetPageId rootid 5 tid 106015
target_page_id id: 6 tid 106015
0 1 tid 106015
148 6 tid 106015
365 4 tid 106015
136 tid 106015
Insert  tid 106015
FindTargetPageId rootid 5 tid 106015
target_page_id id: 6 tid 106015
0 1 tid 106015
148 6 tid 106015
365 4 tid 106015
136 tid 106015
Insert  tid 106015
FindTargetPageId rootid 5 tid 106015
target_page_id id: 6 tid 106015
0 1 tid 106015
148 6 tid 106015
365 4 tid 106015
136 tid 106015
Insert  tid 106015
FindTargetPageId rootid 5 tid 106015
target_page_id id: 6 tid 106015
0 1 tid 106015
148 6 tid 106015
365 4 tid 106015
136 tid 106015
Insert  tid 106015
FindTargetPageId rootid 5 tid 106015
target_page_id id: 6 tid 106015
0 1 tid 106015
148 6 tid 106015
365 4 tid 106015
136 tid 106015
Insert  tid 106015
FindTargetPageId rootid 5 tid 106015
target_page_id id: 6 tid 106015
0 1 tid 106015
148 6 tid 106015
365 4 tid 106015
136 tid 106015
Insert  tid 106015
FindTargetPageId rootid 5 tid 106015
target_page_id id: 6 tid 106015
0 1 tid 106015
148 6 tid 106015
365 4 tid 106015
136 tid 106015
Insert  tid 106015
FindTargetPageId rootid 5 tid 106015
target_page_id id: 6 tid 106015
0 1 tid 106015
148 6 tid 106015
365 4 tid 106015
136 tid 106015
Insert  tid 106015
FindTargetPageId rootid 5 tid 106015
target_page_id id: 6 tid 106015
0 1 tid 106015
148 6 tid 106015
365 4 tid 106015
136 tid 106015
Insert  tid 106015
FindTargetPageId rootid 5 tid 106015
target_page_id id: 6 tid 106015
0 1 tid 106015
148 6 tid 106015
365 4 tid 106015
136 tid 106015
Insert  tid 106015
FindTargetPageId rootid 5 tid 106015
target_page_id id: 6 tid 106015
0 1 tid 106015
148 6 tid 106015
365 4 tid 106015
136 tid 106015
Insert  tid 106015
FindTargetPageId rootid 5 tid 106015
target_page_id id: 6 tid 106015
0 1 tid 106015
148 6 tid 106015
365 4 tid 106015
136 tid 106015
Insert  tid 106015
FindTargetPageId rootid 5 tid 106015
target_page_id id: 6 tid 106015
0 1 tid 106015
148 6 tid 106015
365 4 tid 106015
136 tid 106015
Insert  tid 106015
FindTargetPageId rootid 5 tid 106015
target_page_id id: 6 tid 106015
0 1 tid 106015
148 6 tid 106015
365 4 tid 106015
136 tid 106015
Insert  tid 106015
FindTargetPageId rootid 5 tid 106015
target_page_id id: 6 tid 106015
0 1 tid 106015
148 6 tid 106015
365 4 tid 106015
136 tid 106015
Insert  tid 106015
FindTargetPageId rootid 5 tid 106015
target_page_id id: 6 tid 106015
0 1 tid 106015
148 6 tid 106015
365 4 tid 106015
136 tid 106015
Insert  tid 106015
FindTargetPageId rootid 5 tid 106015
target_page_id id: 6 tid 106015
0 1 tid 106015
148 6 tid 106015
365 4 tid 106015
137 tid 106015
Insert  tid 106015
FindTargetPageId rootid 5 tid 106015
target_page_id id: 6 tid 106015
0 1 tid 106015
148 6 tid 106015
365 4 tid 106015
138 tid 106015
Insert  tid 106015
FindTargetPageId rootid 5 tid 106015
target_page_id id: 6 tid 106015
0 1 tid 106015
148 6 tid 106015
365 4 tid 106015
139 tid 106015
Insert  tid 106015
FindTargetPageId rootid 5 tid 106015
target_page_id id: 6 tid 106015
0 1 tid 106015
148 6 tid 106015
365 4 tid 106015
140 tid 106015
Insert  tid 106015
FindTargetPageId rootid 5 tid 106015
target_page_id id: 6 tid 106015
0 1 tid 106015
148 6 tid 106015
365 4 tid 106015
141 tid 106015
Insert  tid 106015
FindTargetPageId rootid 5 tid 106016
target_page_id id: 4 tid 106016
0 1 tid 106016
148 6 tid 106016
365 4 tid 106016
128 tid 106016
Remove  tid 106016
FindTargetPageId rootid 5 tid 106016
target_page_id id: 4 tid 106016
0 1 tid 106016
148 6 tid 106016
365 4 tid 106016
128 tid 106016
Remove  tid 106016
FindTargetPageId rootid 5 tid 106016
target_page_id id: 4 tid 106016
0 1 tid 106016
148 6 tid 106016
365 4 tid 106016
128 tid 106016
Remove  tid 106016
FindTargetPageId rootid 5 tid 106016
target_page_id id: 4 tid 106016
0 1 tid 106016
148 6 tid 106016
365 4 tid 106016
128 tid 106016
Remove  tid 106016
FindTargetPageId rootid 5 tid 106017
target_page_id id: 6 tid 106017
0 1 tid 106017
148 6 tid 106017
365 4 tid 106017
142 tid 106017
Insert  tid 106017
FindTargetPageId rootid 5 tid 106017
target_page_id id: 6 tid 106017
0 1 tid 106017
148 6 tid 106017
365 4 tid 106017
142 tid 106017
Insert  tid 106017
FindTargetPageId rootid 5 tid 106017
target_page_id id: 6 tid 106017
0 1 tid 106017
148 6 tid 106017
365 4 tid 106017
142 tid 106017
Insert  tid 106017
FindTargetPageId rootid 5 tid 106017
target_page_id id: 6 tid 106017
0 1 tid 106017
148 6 tid 106017
365 4 tid 106017
142 tid 106017
Insert  tid 106017
FindTargetPageId rootid 5 tid 106017
target_page_id id: 6 tid 106017
0 1 tid 106017
148 6 tid 106017
365 4 tid 106017
142 tid 106017
Insert  tid 106017
FindTargetPageId rootid 5 tid 106017
target_page_id id: 6 tid 106017
0 1 tid 106017
148 6 tid 106017
365 4 tid 106017
142 tid 106017
Insert  tid 106017
FindTargetPageId rootid 5 tid 106017
target_page_id id: 6 tid 106017
0 1 tid 106017
148 6 tid 106017
365 4 tid 106017
142 tid 106017
Insert  tid 106017
FindTargetPageId rootid 5 tid 106017
target_page_id id: 6 tid 106017
0 1 tid 106017
148 6 tid 106017
365 4 tid 106017
143 tid 106017
Insert  tid 106017
FindTargetPageId rootid 5 tid 106017
target_page_id id: 6 tid 106017
0 1 tid 106017
148 6 tid 106017
365 4 tid 106017
144 tid 106017
Insert  tid 106017
FindTargetPageId rootid 5 tid 106017
target_page_id id: 6 tid 106017
0 1 tid 106017
148 6 tid 106017
365 4 tid 106017
145 tid 106017
Insert  tid 106017
FindTargetPageId rootid 5 tid 106017
target_page_id id: 6 tid 106017
0 1 tid 106017
148 6 tid 106017
365 4 tid 106017
146 tid 106017
Insert  tid 106017
FindTargetPageId rootid 5 tid 106017
target_page_id id: 6 tid 106017
0 1 tid 106017
148 6 tid 106017
365 4 tid 106017
147 tid 106017
Insert  tid 106017
FindTargetPageId rootid 5 tid 106017
target_page_id id: 6 tid 106017
0 1 tid 106017
148 6 tid 106017
365 4 tid 106017
148 tid 106017
Insert  tid 106017
FindTargetPageId rootid 5 tid 106017
target_page_id id: 6 tid 106017
0 1 tid 106017
148 6 tid 106017
365 4 tid 106017
149 tid 106017
Insert  tid 106017
FindTargetPageId rootid 5 tid 106017
target_page_id id: 6 tid 106017
0 1 tid 106017
148 6 tid 106017
365 4 tid 106017
150 tid 106017
Insert  tid 106017
FindTargetPageId rootid 5 tid 106017
target_page_id id: 6 tid 106017
0 1 tid 106017
148 6 tid 106017
365 4 tid 106017
151 tid 106017
Insert  tid 106017
FindTargetPageId rootid 5 tid 106017
target_page_id id: 6 tid 106017
0 1 tid 106017
148 6 tid 106017
365 4 tid 106017
152 tid 106017
Insert  tid 106017
FindTargetPageId rootid 5 tid 106017
target_page_id id: 6 tid 106017
0 1 tid 106017
148 6 tid 106017
365 4 tid 106017
153 tid 106017
Insert  tid 106017
FindTargetPageId rootid 5 tid 106017
target_page_id id: 6 tid 106017
0 1 tid 106017
148 6 tid 106017
365 4 tid 106017
154 tid 106017
Insert  tid 106017
FindTargetPageId rootid 5 tid 106017
target_page_id id: 6 tid 106017
0 1 tid 106017
148 6 tid 106017
365 4 tid 106017
155 tid 106017
Insert  tid 106017
FindTargetPageId rootid 5 tid 106017
target_page_id id: 6 tid 106017
0 1 tid 106017
148 6 tid 106017
365 4 tid 106017
156 tid 106017
Insert  tid 106017
FindTargetPageId rootid 5 tid 106017
target_page_id id: 6 tid 106017
0 1 tid 106017
148 6 tid 106017
365 4 tid 106017
157 tid 106017
Insert  tid 106017
FindTargetPageId rootid 5 tid 106017
target_page_id id: 6 tid 106017
0 1 tid 106017
148 6 tid 106017
365 4 tid 106017
158 tid 106017
Insert  tid 106017
FindTargetPageId rootid 5 tid 106017
target_page_id id: 6 tid 106017
0 1 tid 106017
148 6 tid 106017
365 4 tid 106017
159 tid 106017
Insert  tid 106017
FindTargetPageId rootid 5 tid 106017
target_page_id id: 6 tid 106017
0 1 tid 106017
148 6 tid 106017
365 4 tid 106017
160 tid 106017
Insert  tid 106017
FindTargetPageId rootid 5 tid 106017
target_page_id id: 6 tid 106017
0 1 tid 106017
148 6 tid 106017
365 4 tid 106017
161 tid 106017
Insert  tid 106017
FindTargetPageId rootid 5 tid 106017
target_page_id id: 6 tid 106017
0 1 tid 106017
148 6 tid 106017
365 4 tid 106017
162 tid 106017
Insert  tid 106017
FindTargetPageId rootid 5 tid 106017
target_page_id id: 6 tid 106017
0 1 tid 106017
148 6 tid 106017
365 4 tid 106017
163 tid 106017
Insert  tid 106017
FindTargetPageId rootid 5 tid 106017
target_page_id id: 6 tid 106017
0 1 tid 106017
148 6 tid 106017
365 4 tid 106017
164 tid 106017
Insert  tid 106017
FindTargetPageId rootid 5 tid 106017
target_page_id id: 6 tid 106017
0 1 tid 106017
148 6 tid 106017
365 4 tid 106017
165 tid 106017
Insert  tid 106017
FindTargetPageId rootid 5 tid 106017
target_page_id id: 6 tid 106017
0 1 tid 106017
148 6 tid 106017
365 4 tid 106017
166 tid 106017
Insert  tid 106017
FindTargetPageId rootid 5 tid 106017
target_page_id id: 6 tid 106017
0 1 tid 106017
148 6 tid 106017
365 4 tid 106017
167 tid 106017
Insert  tid 106017
FindTargetPageId rootid 5 tid 106017
target_page_id id: 6 tid 106017
0 1 tid 106017
148 6 tid 106017
365 4 tid 106017
168 tid 106017
Insert  tid 106017
FindTargetPageId rootid 5 tid 106017
target_page_id id: 6 tid 106017
0 1 tid 106017
148 6 tid 106017
365 4 tid 106017
169 tid 106017
Insert  tid 106017
FindTargetPageId rootid 5 tid 106017
target_page_id id: 6 tid 106017
0 1 tid 106017
148 6 tid 106017
365 4 tid 106017
170 tid 106017
Insert  tid 106017
FindTargetPageId rootid 5 tid 106017
target_page_id id: 6 tid 106017
0 1 tid 106017
148 6 tid 106017
365 4 tid 106017
171 tid 106017
Insert  tid 106017
FindTargetPageId rootid 5 tid 106017
target_page_id id: 6 tid 106017
0 1 tid 106017
148 6 tid 106017
365 4 tid 106017
172 tid 106017
Insert  tid 106017
FindTargetPageId rootid 5 tid 106017
target_page_id id: 6 tid 106017
0 1 tid 106017
148 6 tid 106017
365 4 tid 106017
173 tid 106017
Insert  tid 106017
FindTargetPageId rootid 5 tid 106017
target_page_id id: 6 tid 106017
0 1 tid 106017
148 6 tid 106017
365 4 tid 106017
174 tid 106017
Insert  tid 106017
FindTargetPageId rootid 5 tid 106017
target_page_id id: 6 tid 106017
0 1 tid 106017
148 6 tid 106017
365 4 tid 106017
175 tid 106017
Insert  tid 106017
FindTargetPageId rootid 5 tid 106017
target_page_id id: 6 tid 106017
0 1 tid 106017
148 6 tid 106017
365 4 tid 106017
176 tid 106017
Insert  tid 106017
FindTargetPageId rootid 5 tid 106017
target_page_id id: 6 tid 106017
0 1 tid 106017
148 6 tid 106017
365 4 tid 106017
177 tid 106017
Insert  tid 106017
FindTargetPageId rootid 5 tid 106017
target_page_id id: 6 tid 106017
0 1 tid 106017
148 6 tid 106017
365 4 tid 106017
178 tid 106017
Insert  tid 106017
FindTargetPageId rootid 5 tid 106017
target_page_id id: 6 tid 106017
0 1 tid 106017
148 6 tid 106017
365 4 tid 106017
179 tid 106017
Insert  tid 106017
FindTargetPageId rootid 5 tid 106017
target_page_id id: 6 tid 106017
0 1 tid 106017
148 6 tid 106017
365 4 tid 106017
180 tid 106017
Insert  tid 106017
FindTargetPageId rootid 5 tid 106017
target_page_id id: 6 tid 106017
0 1 tid 106017
148 6 tid 106017
365 4 tid 106017
181 tid 106017
Insert  tid 106017
FindTargetPageId rootid 5 tid 106017
target_page_id id: 6 tid 106017
0 1 tid 106017
148 6 tid 106017
365 4 tid 106017
182 tid 106017
Insert  tid 106017
FindTargetPageId rootid 5 tid 106017
target_page_id id: 6 tid 106017
0 1 tid 106017
148 6 tid 106017
365 4 tid 106017
183 tid 106017
Insert  tid 106017
FindTargetPageId rootid 5 tid 106017
target_page_id id: 6 tid 106017
0 1 tid 106017
148 6 tid 106017
365 4 tid 106017
184 tid 106017
Insert  tid 106017
FindTargetPageId rootid 5 tid 106017
target_page_id id: 6 tid 106017
0 1 tid 106017
148 6 tid 106017
365 4 tid 106017
185 tid 106017
Insert  tid 106017
FindTargetPageId rootid 5 tid 106017
target_page_id id: 6 tid 106017
0 1 tid 106017
148 6 tid 106017
365 4 tid 106017
186 tid 106017
Insert  tid 106017
FindTargetPageId rootid 5 tid 106017
target_page_id id: 6 tid 106017
0 1 tid 106017
148 6 tid 106017
365 4 tid 106017
187 tid 106017
Insert  tid 106017
FindTargetPageId rootid 5 tid 106017
target_page_id id: 6 tid 106017
0 1 tid 106017
148 6 tid 106017
365 4 tid 106017
188 tid 106017
Insert  tid 106017
FindTargetPageId rootid 5 tid 106017
target_page_id id: 6 tid 106017
0 1 tid 106017
148 6 tid 106017
365 4 tid 106017
189 tid 106017
Insert  tid 106017
FindTargetPageId rootid 5 tid 106017
target_page_id id: 6 tid 106017
0 1 tid 106017
148 6 tid 106017
365 4 tid 106017
190 tid 106017
Insert  tid 106017
FindTargetPageId rootid 5 tid 106017
target_page_id id: 6 tid 106017
0 1 tid 106017
148 6 tid 106017
365 4 tid 106017
191 tid 106017
Insert  tid 106017
FindTargetPageId rootid 5 tid 106017
target_page_id id: 6 tid 106017
0 1 tid 106017
148 6 tid 106017
365 4 tid 106017
192 tid 106017
Insert  tid 106017
FindTargetPageId rootid 5 tid 106017
target_page_id id: 6 tid 106017
0 1 tid 106017
148 6 tid 106017
365 4 tid 106017
193 tid 106017
Insert  tid 106017
FindTargetPageId rootid 5 tid 106017
target_page_id id: 6 tid 106017
0 1 tid 106017
148 6 tid 106017
365 4 tid 106017
194 tid 106017
Insert  tid 106017
FindTargetPageId rootid 5 tid 106017
target_page_id id: 6 tid 106017
0 1 tid 106017
148 6 tid 106017
365 4 tid 106017
195 tid 106017
Insert  tid 106017
FindTargetPageId rootid 5 tid 106017
target_page_id id: 6 tid 106017
0 1 tid 106017
148 6 tid 106017
365 4 tid 106017
196 tid 106017
Insert  tid 106017
FindTargetPageId rootid 5 tid 106017
target_page_id id: 6 tid 106017
0 1 tid 106017
148 6 tid 106017
365 4 tid 106017
197 tid 106017
Insert  tid 106017
FindTargetPageId rootid 5 tid 106017
target_page_id id: 6 tid 106017
0 1 tid 106017
148 6 tid 106017
365 4 tid 106017
198 tid 106017
Insert  tid 106017
FindTargetPageId rootid 5 tid 106017
target_page_id id: 6 tid 106017
0 1 tid 106017
148 6 tid 106017
365 4 tid 106017
199 tid 106017
Insert  tid 106017
FindTargetPageId rootid 5 tid 106017
target_page_id id: 6 tid 106017
0 1 tid 106017
148 6 tid 106017
365 4 tid 106017
200 tid 106017
Insert  tid 106017
FindTargetPageId rootid 5 tid 106017
target_page_id id: 6 tid 106017
0 1 tid 106017
148 6 tid 106017
365 4 tid 106017
201 tid 106017
Insert  tid 106017
FindTargetPageId rootid 5 tid 106017
target_page_id id: 6 tid 106017
0 1 tid 106017
148 6 tid 106017
365 4 tid 106017
202 tid 106017
Insert  tid 106017
FindTargetPageId rootid 5 tid 106017
target_page_id id: 6 tid 106017
0 1 tid 106017
148 6 tid 106017
365 4 tid 106017
203 tid 106017
Insert  tid 106017
FindTargetPageId rootid 5 tid 106017
target_page_id id: 6 tid 106017
0 1 tid 106017
148 6 tid 106017
365 4 tid 106017
204 tid 106017
Insert  tid 106017
FindTargetPageId rootid 5 tid 106017
target_page_id id: 6 tid 106017
0 1 tid 106017
148 6 tid 106017
365 4 tid 106017
205 tid 106017
Insert  tid 106017
FindTargetPageId rootid 5 tid 106017
target_page_id id: 6 tid 106017
0 1 tid 106017
148 6 tid 106017
365 4 tid 106017
206 tid 106017
Insert  tid 106017
FindTargetPageId rootid 5 tid 106017
target_page_id id: 6 tid 106017
0 1 tid 106017
148 6 tid 106017
365 4 tid 106017
207 tid 106017
Insert  tid 106017
FindTargetPageId rootid 5 tid 106017
target_page_id id: 6 tid 106017
0 1 tid 106017
148 6 tid 106017
365 4 tid 106017
208 tid 106017
Insert  tid 106017
FindTargetPageId rootid 5 tid 106017
target_page_id id: 6 tid 106017
0 1 tid 106017
148 6 tid 106017
365 4 tid 106017
209 tid 106017
Insert  tid 106017
FindTargetPageId rootid 5 tid 106017
target_page_id id: 6 tid 106017
0 1 tid 106017
148 6 tid 106017
365 4 tid 106017
210 tid 106017
Insert  tid 106017
FindTargetPageId rootid 5 tid 106017
target_page_id id: 6 tid 106017
0 1 tid 106017
148 6 tid 106017
365 4 tid 106017
211 tid 106017
Insert  tid 106017
FindTargetPageId rootid 5 tid 106017
target_page_id id: 6 tid 106017
0 1 tid 106017
148 6 tid 106017
365 4 tid 106017
212 tid 106017
Insert  tid 106017
FindTargetPageId rootid 5 tid 106017
target_page_id id: 6 tid 106017
0 1 tid 106017
148 6 tid 106017
365 4 tid 106017
213 tid 106017
Insert  tid 106017
FindTargetPageId rootid 5 tid 106017
target_page_id id: 6 tid 106017
0 1 tid 106017
148 6 tid 106017
365 4 tid 106017
214 tid 106017
Insert  tid 106017
FindTargetPageId rootid 5 tid 106017
target_page_id id: 6 tid 106017
0 1 tid 106017
148 6 tid 106017
365 4 tid 106017
215 tid 106017
Insert  tid 106017
FindTargetPageId rootid 5 tid 106017
target_page_id id: 6 tid 106017
0 1 tid 106017
148 6 tid 106017
365 4 tid 106017
216 tid 106017
Insert  tid 106017
FindTargetPageId rootid 5 tid 106017
target_page_id id: 4 tid 106017
0 1 tid 106017
148 6 tid 106017
365 4 tid 106017
128 tid 106017
Insert  tid 106017
FindTargetPageId rootid 5 tid 106017
target_page_id id: 4 tid 106017
0 1 tid 106017
148 6 tid 106017
365 4 tid 106017
129 tid 106017
Insert  tid 106017
FindTargetPageId rootid 5 tid 106017
target_page_id id: 4 tid 106017
0 1 tid 106017
148 6 tid 106017
365 4 tid 106017
130 tid 106017
Insert  tid 106017
FindTargetPageId rootid 5 tid 106017
target_page_id id: 4 tid 106017
0 1 tid 106017
148 6 tid 106017
365 4 tid 106017
131 tid 106017
Insert  tid 106017
FindTargetPageId rootid 5 tid 106017
target_page_id id: 4 tid 106017
0 1 tid 106017
148 6 tid 106017
365 4 tid 106017
132 tid 106017
Insert  tid 106017
FindTargetPageId rootid 5 tid 106017
target_page_id id: 4 tid 106017
0 1 tid 106017
148 6 tid 106017
365 4 tid 106017
133 tid 106017
Insert  tid 106017
FindTargetPageId rootid 5 tid 106017
target_page_id id: 4 tid 106017
0 1 tid 106017
148 6 tid 106017
365 4 tid 106017
134 tid 106017
Insert  tid 106017
FindTargetPageId rootid 5 tid 106017
target_page_id id: 4 tid 106017
0 1 tid 106017
148 6 tid 106017
365 4 tid 106017
135 tid 106017
Insert  tid 106017
FindTargetPageId rootid 5 tid 106017
target_page_id id: 4 tid 106017
0 1 tid 106017
148 6 tid 106017
365 4 tid 106017
136 tid 106017
Insert  tid 106017
FindTargetPageId rootid 5 tid 106017
target_page_id id: 4 tid 106017
0 1 tid 106017
148 6 tid 106017
365 4 tid 106017
137 tid 106017
Insert  tid 106017
FindTargetPageId rootid 5 tid 106017
target_page_id id: 4 tid 106017
0 1 tid 106017
148 6 tid 106017
365 4 tid 106017
138 tid 106017
Insert  tid 106017
FindTargetPageId rootid 5 tid 106017
target_page_id id: 4 tid 106017
0 1 tid 106017
148 6 tid 106017
365 4 tid 106017
139 tid 106017
Insert  tid 106017
FindTargetPageId rootid 5 tid 106017
target_page_id id: 4 tid 106017
0 1 tid 106017
148 6 tid 106017
365 4 tid 106017
140 tid 106017
Insert  tid 106017
FindTargetPageId rootid 5 tid 106017
target_page_id id: 4 tid 106017
0 1 tid 106017
148 6 tid 106017
365 4 tid 106017
141 tid 106017
Insert  tid 106017
FindTargetPageId rootid 5 tid 106017
target_page_id id: 4 tid 106017
0 1 tid 106017
148 6 tid 106017
365 4 tid 106017
142 tid 106017
Insert  tid 106017
FindTargetPageId rootid 5 tid 106017
target_page_id id: 4 tid 106017
0 1 tid 106017
148 6 tid 106017
365 4 tid 106017
143 tid 106017
Insert  tid 106017
FindTargetPageId rootid 5 tid 106017
target_page_id id: 4 tid 106017
0 1 tid 106017
148 6 tid 106017
365 4 tid 106017
144 tid 106017
Insert  tid 106017
FindTargetPageId rootid 5 tid 106017
target_page_id id: 4 tid 106017
0 1 tid 106017
148 6 tid 106017
365 4 tid 106017
145 tid 106017
Insert  tid 106017
FindTargetPageId rootid 5 tid 106017
target_page_id id: 4 tid 106017
0 1 tid 106017
148 6 tid 106017
365 4 tid 106017
146 tid 106017
Insert  tid 106017
FindTargetPageId rootid 5 tid 106017
target_page_id id: 4 tid 106017
0 1 tid 106017
148 6 tid 106017
365 4 tid 106017
147 tid 106017
Insert  tid 106017
FindTargetPageId rootid 5 tid 106017
target_page_id id: 4 tid 106017
0 1 tid 106017
148 6 tid 106017
365 4 tid 106017
148 tid 106017
Insert  tid 106017
FindTargetPageId rootid 5 tid 106017
target_page_id id: 4 tid 106017
0 1 tid 106017
148 6 tid 106017
365 4 tid 106017
149 tid 106017
Insert  tid 106017
FindTargetPageId rootid 5 tid 106017
target_page_id id: 4 tid 106017
0 1 tid 106017
148 6 tid 106017
365 4 tid 106017
150 tid 106017
Insert  tid 106017
FindTargetPageId rootid 5 tid 106017
target_page_id id: 4 tid 106017
0 1 tid 106017
148 6 tid 106017
365 4 tid 106017
151 tid 106017
Insert  tid 106017
FindTargetPageId rootid 5 tid 106017
target_page_id id: 4 tid 106017
0 1 tid 106017
148 6 tid 106017
365 4 tid 106017
152 tid 106017
Insert  tid 106017
FindTargetPageId rootid 5 tid 106017
target_page_id id: 4 tid 106017
0 1 tid 106017
148 6 tid 106017
365 4 tid 106017
153 tid 106017
Insert  tid 106017
FindTargetPageId rootid 5 tid 106017
target_page_id id: 4 tid 106017
0 1 tid 106017
148 6 tid 106017
365 4 tid 106017
154 tid 106017
Insert  tid 106017
FindTargetPageId rootid 5 tid 106017
target_page_id id: 4 tid 106017
0 1 tid 106017
148 6 tid 106017
365 4 tid 106017
155 tid 106017
Insert  tid 106017
FindTargetPageId rootid 5 tid 106017
target_page_id id: 4 tid 106017
0 1 tid 106017
148 6 tid 106017
365 4 tid 106017
156 tid 106017
Insert  tid 106017
FindTargetPageId rootid 5 tid 106017
target_page_id id: 4 tid 106017
0 1 tid 106017
148 6 tid 106017
365 4 tid 106017
157 tid 106017
Insert  tid 106017
FindTargetPageId rootid 5 tid 106017
target_page_id id: 4 tid 106017
0 1 tid 106017
148 6 tid 106017
365 4 tid 106017
158 tid 106017
Insert  tid 106017
FindTargetPageId rootid 5 tid 106017
target_page_id id: 4 tid 106017
0 1 tid 106017
148 6 tid 106017
365 4 tid 106017
159 tid 106017
Insert  tid 106017
FindTargetPageId rootid 5 tid 106017
target_page_id id: 4 tid 106017
0 1 tid 106017
148 6 tid 106017
365 4 tid 106017
160 tid 106017
Insert  tid 106017
FindTargetPageId rootid 5 tid 106017
target_page_id id: 4 tid 106017
0 1 tid 106017
148 6 tid 106017
365 4 tid 106017
161 tid 106017
Insert  tid 106017
FindTargetPageId rootid 5 tid 106017
target_page_id id: 4 tid 106017
0 1 tid 106017
148 6 tid 106017
365 4 tid 106017
162 tid 106017
Insert  tid 106017
FindTargetPageId rootid 5 tid 106017
target_page_id id: 4 tid 106017
0 1 tid 106017
148 6 tid 106017
365 4 tid 106017
163 tid 106017
Insert  tid 106017
FindTargetPageId rootid 5 tid 106017
target_page_id id: 4 tid 106017
0 1 tid 106017
148 6 tid 106017
365 4 tid 106017
164 tid 106017
Insert  tid 106017
FindTargetPageId rootid 5 tid 106017
target_page_id id: 4 tid 106017
0 1 tid 106017
148 6 tid 106017
365 4 tid 106017
165 tid 106017
Insert  tid 106017
FindTargetPageId rootid 5 tid 106017
target_page_id id: 4 tid 106017
0 1 tid 106017
148 6 tid 106017
365 4 tid 106017
166 tid 106017
Insert  tid 106017
FindTargetPageId rootid 5 tid 106017
target_page_id id: 4 tid 106017
0 1 tid 106017
148 6 tid 106017
365 4 tid 106017
167 tid 106017
Insert  tid 106017
FindTargetPageId rootid 5 tid 106017
target_page_id id: 4 tid 106017
0 1 tid 106017
148 6 tid 106017
365 4 tid 106017
168 tid 106017
Insert  tid 106017
FindTargetPageId rootid 5 tid 106017
target_page_id id: 4 tid 106017
0 1 tid 106017
148 6 tid 106017
365 4 tid 106017
169 tid 106017
Insert  tid 106017
FindTargetPageId rootid 5 tid 106017
target_page_id id: 4 tid 106017
0 1 tid 106017
148 6 tid 106017
365 4 tid 106017
170 tid 106017
Insert  tid 106017
FindTargetPageId rootid 5 tid 106017
target_page_id id: 4 tid 106017
0 1 tid 106017
148 6 tid 106017
365 4 tid 106017
171 tid 106017
Insert  tid 106017
FindTargetPageId rootid 5 tid 106016
target_page_id id: 4 tid 106016
0 1 tid 106016
148 6 tid 106016
365 4 tid 106016
172 tid 106016
Remove  tid 106016
FindTargetPageId rootid 5 tid 106015
target_page_id id: 6 tid 106015
0 1 tid 106015
148 6 tid 106015
365 4 tid 106015
217 tid 106015
FindTargetPageId rootid 5 tid 106017
target_page_id id: 4 tid 106017
0 1 tid 106017
148 6 tid 106017
365 4 tid 106017
172 tid 106017
Insert  tid 106017
FindTargetPageId rootid 5 tid 106017
target_page_id id: 4 tid 106017
0 1 tid 106017
148 6 tid 106017
365 4 tid 106017
173 tid 106017
Insert  tid Insert  tid 106017
FindTargetPageId rootid 5 tid 106016
target_page_id id: 4 tid 106016
0 1 tid 106016
148 6 tid 106016
365 4 tid 106016
174 tid 106016
Remove  tid 106016
FindTargetPageId rootid 5 tid 106017
target_page_id id: 4 tid 106017
0 1 tid 106017
148 6 tid 106017
365 4 tid 106017
106015174 tid 
106017
Insert  tid 106017
FindTargetPageId rootid 5 tid 106016
target_page_id id: 4 tid 106016
0 1 tid 106016
148 6 tid 106016
365 4 tid 106016
175 tid 106016
Remove  tid 106016
FindTargetPageId rootid 5 tid 106015
target_page_id id: 6 tid 106015
0 1 tid 106015
148 6 tid 106015
365 4 tid 106015
217 tid 106015
Insert  tid 106015
FindTargetPageId rootid 5 tid 106017
target_page_id id: 4 tid 106017
0 1 tid 106017
148 6 tid 106017
365 4 tid 106017
175 tid 106017
Insert  tid 106017
FindTargetPageId rootid 5 tid 106016
target_page_id id: 4 tid 106016
0 1 tid 106016
148 6 tid 106016
365 4 tid 106016
176 tid 106016
Remove  tid 106016
FindTargetPageId rootid 5 tid 106016
target_page_id id: 4 tid 106016
0 1 tid 106016
148 6 tid 106016
365 4 tid 106016
176 tid 106016
Remove  tid 106016
FindTargetPageId rootid 5 tid 106017
target_page_id id: 4 tid 106017
0 1 tid 106017
148 6 tid 106017
365 4 tid 106017
176 tid 106017
Insert  tid 106017
FindTargetPageId rootid 5 tid 106015
target_page_id id: 6 tid 106015
0 1 tid 106015
148 6 tid 106015
365 4 tid 106015
217 tid 106015
Insert  tid 106015
FindTargetPageId rootid 5 tid 106016
target_page_id id: 4 tid 106016
0 1 tid 106016
148 6 tid 106016
365 4 tid 106016
177 tid 106016
Remove  tid 106016
FindTargetPageId rootid 5 tid 106017
target_page_id id: 4 tid 106017
0 1 tid 106017
148 6 tid 106017
365 4 tid 106017
177 tid 106017
Insert  tid 106017
FindTargetPageId rootid 5 tid 106015
target_page_id id: 6 tid 106015
0 1 tid 106015
148 6 tid 106015
365 4 tid 106015
217 tid 106015
Insert  tid 106015
FindTargetPageId rootid 5 tid 106016
target_page_id id: 4 tid 106016
0 1 tid 106016
148 6 tid 106016
365 4 tid 106016
178 tid 106016
Remove  tid 106016
FindTargetPageId rootid 5 tid 106017
target_page_id id: 4 tid 106017
0 1 tid 106017
148 6 tid 106017
365 4 tid 106017
178 tid 106017
Insert  tid 106017
FindTargetPageId rootid 5 tid 106017
target_page_id id: 4 tid 106017
0 1 tid 106017
148 6 tid 106017
365 4 tid 106017
179 tid 106017
Insert  tid 106017
FindTargetPageId rootid 5 tid 106017
target_page_id id: 4 tid 106017
0 1 tid 106017
148 6 tid 106017
365 4 tid 106017
180 tid 106017
Insert  tid 106017
FindTargetPageId rootid 5 tid 106015
target_page_id id: 6 tid 106015
0 1 tid 106015
148 6 tid 106015
365 4 tid 106015
217 tid 106015
Insert  tid 106015
FindTargetPageId rootid 5 tid 106016
target_page_id id: 4 tid 106016
0 1 tid 106016
148 6 tid 106016
365 4 tid 106016
181 tid 106016
Remove  tid 106016
FindTargetPageId rootid 5 tid 106016
target_page_id id: 4 tid 106016
0 1 tid 106016
148 6 tid 106016
365 4 tid 106016
181 tid 106016
Remove  tid 106016
FindTargetPageId rootid 5 tid 106015
target_page_id id: 6 tid 106015
0 1 tid 106015
148 6 tid 106015
365 4 tid 106015
217 tid 106015
Insert  tid 106015
FindTargetPageId rootid 5 tid 106015
target_page_id id: 6 tid 106015
0 1 tid 106015
148 6 tid 106015
365 4 tid 106015
217 tid 106015
Insert  tid 106015
FindTargetPageId rootid 5 tid 106016
target_page_id id: 4 tid 106016
0 1 tid 106016
148 6 tid 106016
365 4 tid 106016
181 tid 106016
Remove  tid 106016
FindTargetPageId rootid 5 tid 106017
target_page_id id: 4 tid 106017
0 1 tid 106017
148 6 tid 106017
365 4 tid 106017
181 tid 106017
Insert  tid 106017
FindTargetPageId rootid 5 tid 106015
target_page_id id: 6 tid 106015
0 1 tid 106015
148 6 tid 106015
365 4 tid 106015
217 tid 106015
Insert  tid 106015
FindTargetPageId rootid 5 tid 106016
target_page_id id: 4 tid 106016
0 1 tid 106016
148 6 tid 106016
365 4 tid 106016
182 tid 106016
Remove  tid 106016
FindTargetPageId rootid 5 tid 106016
target_page_id id: 4 tid 106016
0 1 tid 106016
148 6 tid 106016
365 4 tid 106016
182 tid 106016
Remove  tid 106016
FindTargetPageId rootid 5 tid 106015
target_page_id id: 6 tid 106015
0 1 tid 106015
148 6 tid 106015
365 4 tid 106015
217 tid 106015
Insert  tid 106015
FindTargetPageId rootid 5 tid 106017
target_page_id id: 4 tid 106017
0 1 tid 106017
148 6 tid 106017
365 4 tid 106017
182 tid 106017
Insert  tid 106017
FindTargetPageId rootid 5 tid 106017
target_page_id id: 4 tid 106017
0 1 tid 106017
148 6 tid 106017
365 4 tid 106017
183 tid 106017
Insert  tid 106017
FindTargetPageId rootid 5 tid 106017
target_page_id id: 4 tid 106017
0 1 tid 106017
148 6 tid 106017
365 4 tid 106017
184 tid 106017
Insert  tid 106017
FindTargetPageId rootid 5 tid 106017
target_page_id id: 4 tid 106017
0 1 tid 106017
148 6 tid 106017
365 4 tid 106017
185 tid 106017
Insert  tid 106017
FindTargetPageId rootid 5 tid 106016
target_page_id id: 4 tid 106016
0 1 tid 106016
148 6 tid 106016
365 4 tid 106016
186 tid 106016
Remove  tid 106016
FindTargetPageId rootid 5 tid 106016
target_page_id id: 4 tid 106016
0 1 tid 106016
148 6 tid 106016
365 4 tid 106016
186 tid 106016
Remove  tid 106016
FindTargetPageId rootid 5 tid 106016
target_page_id id: 4 tid 106016
0 1 tid 106016
148 6 tid 106016
365 4 tid 106016
186 tid 106016
Remove  tid 106016
FindTargetPageId rootid 5 tid 106016
target_page_id id: 4 tid 106016
0 1 tid 106016
148 6 tid 106016
365 4 tid 106016
186 tid 106016
Remove  tid 106016
FindTargetPageId rootid 5 tid 106016
target_page_id id: 4 tid 106016
0 1 tid 106016
148 6 tid 106016
365 4 tid 106016
186 tid 106016
Remove  tid 106016
FindTargetPageId rootid 5 tid 106016
target_page_id id: 4 tid 106016
0 1 tid 106016
148 6 tid 106016
365 4 tid 106016
186 tid 106016
Remove  tid 106016
FindTargetPageId rootid 5 tid 106017
target_page_id id: 4 tid 106017
0 1 tid 106017
148 6 tid 106017
365 4 tid 106017
186 tid 106017
Insert  tid 106017
FindTargetPageId rootid 5 tid 106015
target_page_id id: 6 tid 106015
0 1 tid 106015
148 6 tid 106015
365 4 tid 106015
217 tid 106015
Insert  tid 106015
FindTargetPageId rootid 5 tid 106015
target_page_id id: 6 tid 106015
0 1 tid 106015
148 6 tid 106015
365 4 tid 106015
217 tid 106015
Insert  tid FindTargetPageId rootid 106015
5 tid 106016
target_page_id id: 4 tid 106016
0 1 tid 106016
148 6 tid 106016
365 4 tid 106016
187 tid 106016
Remove  tid 106016
FindTargetPageId rootid 5 tid 106016
target_page_id id: 4 tid 106016
0 1 tid 106016
148 6 tid 106016
365 4 tid 106016
187 tid 106016
Remove  tid 106016
FindTargetPageId rootid 5 tid 106016
target_page_id id: 4 tid 106016
0 1 tid 106016
148 6 tid 106016
365 4 tid 106016
187 tid 106016
Remove  tid 106016
FindTargetPageId rootid 5 tid 106017
target_page_id id: 4 tid 106017
0 1 tid 106017
148 6 tid 106017
365 4 tid 106017
187 tid 106017
Insert  tid 106017
FindTargetPageId rootid 5 tid 106017
target_page_id id: 4 tid 106017
0 1 tid 106017
148 6 tid 106017
365 4 tid 106017
188 tid 106017
Insert  tid 106017
FindTargetPageId rootid 5 tid 106017
target_page_id id: 4 tid 106017
0 1 tid 106017
148 6 tid 106017
365 4 tid 106017
189 tid 106017
Insert  tid 106017
FindTargetPageId rootid 5 tid 106016
target_page_id id: 4 tid 106016
0 1 tid 106016
148 6 tid 106016
365 4 tid 106016
190 tid 106016
Remove  tid 106016
FindTargetPageId rootid 5 tid 106016
target_page_id id: 4 tid 106016
0 1 tid 106016
148 6 tid 106016
365 4 tid 106016
190 tid 106016
Remove  tid 106016
FindTargetPageId rootid 5 tid 106016
target_page_id id: 4 tid 106016
0 1 tid 106016
148 6 tid 106016
365 4 tid 106016
190 tid 106016
Remove  tid 106016
FindTargetPageId rootid 5 tid 106016
target_page_id id: 4 tid 106016
0 1 tid 106016
148 6 tid 106016
365 4 tid 106016
190 tid 106016
Remove  tid 106016
FindTargetPageId rootid 5 tid 106016
target_page_id id: 4 tid 106016
0 1 tid 106016
148 6 tid 106016
365 4 tid 106016
190 tid 106016
Remove  tid 106016
FindTargetPageId rootid 5 tid 106016
target_page_id id: 4 tid 106016
0 1 tid 106016
148 6 tid 106016
365 4 tid 106016
190 tid 106016
Remove  tid 106016
FindTargetPageId rootid 5 tid 106016
target_page_id id: 4 tid 106016
0 1 tid 106016
148 6 tid 106016
365 4 tid 106016
190 tid 106016
Remove  tid 106016
FindTargetPageId rootid 5 tid 106016
target_page_id id: 4 tid 106016
0 1 tid 106016
148 6 tid 106016
365 4 tid 106016
190 tid 106016
Remove  tid 106016
FindTargetPageId rootid 5 tid 106016
target_page_id id: 4 tid 106016
0 1 tid 106016
148 6 tid 106016
365 4 tid 106016
190 tid 106016
Remove  tid 106016
FindTargetPageId rootid 5 tid 106016
target_page_id id: 4 tid 106016
0 1 tid 106016
148 6 tid 106016
365 4 tid 106016
190 tid 106016
Remove  tid 106016
FindTargetPageId rootid 5 tid 106016
target_page_id id: 4 tid 106016
0 1 tid 106016
148 6 tid 106016
365 4 tid 106016
190 tid 106016
Remove  tid 106016
FindTargetPageId rootid 5 tid 106016
target_page_id id: 4 tid 106016
0 1 tid 106016
148 6 tid 106016
365 4 tid 106016
190 tid 106016
Remove  tid 106016
FindTargetPageId rootid 5 tid 106016
target_page_id id: 4 tid 106016
0 1 tid 106016
148 6 tid 106016
365 4 tid 106016
190 tid 106016
Remove  tid 106016
FindTargetPageId rootid 5 tid 106016
target_page_id id: 4 tid 106016
0 1 tid 106016
148 6 tid 106016
365 4 tid 106016
190 tid 106016
Remove  tid 106016
FindTargetPageId rootid 5 tid 106017
target_page_id id: 4 tid 106017
0 1 tid 106017
148 6 tid 106017
365 4 tid 106017
190 tid 106017
FindTargetPageId rootid 5 tid 106015
target_page_id id: 6 tid 106015
0 1 tid 106015
148 6 tid 106015
365 4 tid 106015
217 tid 106015
Insert  tid 106015
FindTargetPageId rootid 5 tid 106015
target_page_id id: 6 tid 106015
0 1 tid 106015
148 6 tid 106015
365 4 tid 106015
217 tid 106015
Insert  tid 106015
FindTargetPageId rootid 5 tid 106015
target_page_id id: 6 tid 106015
0 1 tid 106015
148 6 tid 106015
365 4 tid 106015
217 tid 106015
Insert  tid 106015
FindTargetPageId rootid 5 tid 106015
target_page_id id: 6 tid 106015
0 1 tid 106015
148 6 tid 106015
365 4 tid 106015
217 tid 106015
Insert  tid 106015
FindTargetPageId rootid 5 tid 106015
target_page_id id: 6 tid 106015
0 1 tid 106015
148 6 tid 106015
365 4 tid 106015
217 tid 106015
Insert  tid 106015
FindTargetPageId rootid 5 tid 106015
target_page_id id: 6 tid 106015
0 1 tid 106015
148 6 tid 106015
365 4 tid 106015
217 tid 106015
Insert  tid 106015
FindTargetPageId rootid 5 tid 106015
target_page_id id: 6 tid 106015
0 1 tid 106015
148 6 tid 106015
365 4 tid 106015
217 tid 106015
Insert  tid 106015
FindTargetPageId rootid 5 tid 106015
target_page_id id: 6 tid 106015
0 1 tid 106015
148 6 tid 106015
365 4 tid 106015
217 tid 106015
Insert  tid 106015
FindTargetPageId rootid 5 tid 106015
target_page_id id: 6 tid 106015
0 1 tid 106015
148 6 tid 106015
365 4 tid 106015
217 tid 106015
Insert  tid 106015
FindTargetPageId rootid 5 tid 106015
target_page_id id: 6 tid 106015
0 1 tid 106015
148 6 tid 106015
365 4 tid 106015
217 tid 106015
Insert  tid 106015
FindTargetPageId rootid 5 tid 106015
target_page_id id: 6 tid 106015
0 1 tid 106015
148 6 tid 106015
365 4 tid 106015
217 tid 106015
Insert  tid 106015
FindTargetPageId rootid 5 tid 106015
target_page_id id: 6 tid 106015
0 1 tid 106015
148 6 tid 106015
365 4 tid 106015
217 tid 106015
Insert  tid 106015
FindTargetPageId rootid 5 tid 106015
target_page_id id: 6 tid 106015
0 1 tid 106015
148 6 tid 106015
365 4 tid 106015
217 tid 106015
Insert  tid Insert  tid 106015
106017FindTargetPageId rootid 5 tid 
106015
target_page_id id: 6 tid 106015
0 1 tid 106015
148 6 tid 106015
365 4 tid 106015
217 tid 106015
Insert  tid 106015
FindTargetPageId rootid 5 tid 106017
target_page_id id: 4 tid 106017
0 1 tid 106017
148 6 tid 106017
365 4 tid 106017
191 tid 106017
Insert  tid 106017
FindTargetPageId rootid 5 tid 106015
target_page_id id: 6 tid 106015
0 1 tid 106015
148 6 tid 106015
365 4 tid 106015
217 tid 106015
Insert  tid 106015
FindTargetPageId rootid 5 tid 106015
target_page_id id: 6 tid 106015
0 1 tid 106015
148 6 tid 106015
365 4 tid 106015
217 tid 106015
Insert  tid 106015
FindTargetPageId rootid 5 tid 106017
target_page_id id: 4 tid 106017
0 1 tid 106017
148 6 tid 106017
365 4 tid 106017
192 tid 106017
FindTargetPageId rootid 5 tid 106015
target_page_id id: 6 tid 106015
0 1 tid 106015
148 6 tid 106015
365 4 tid 106015
Insert  tid 217 tid 106017106015

Insert  tid 106015
FindTargetPageId rootid 5 tid 106017
target_page_id id: 4 tid 106017
0 1 tid 106017
148 6 tid 106017
365 4 tid 106017
193 tid 106017
Insert  tid 106017
FindTargetPageId rootid 5 tid 106017
target_page_id id: 4 tid 106017
0 1 tid 106017
148 6 tid 106017
365 4 tid 106017
194 tid 106017
Insert  tid 106017
FindTargetPageId rootid 5 tid 106017
target_page_id id: 4 tid 106017
0 1 tid 106017
148 6 tid 106017
365 4 tid 106017
195 tid 106017
Insert  tid 106017
FindTargetPageId rootid 5 tid 106017
target_page_id id: 4 tid 106017
0 1 tid 106017
148 6 tid 106017
365 4 tid 106017
196 tid 106017
Insert  tid 106017
FindTargetPageId rootid 5 tid 106015
target_page_id id: 6 tid 106015
0 1 tid 106015
148 6 tid 106015
365 4 tid 106015
217 tid 106015
Insert  tid 106015
FindTargetPageId rootid 5 tid 106017
target_page_id id: 4 tid 106017
0 1 tid 106017
148 6 tid 106017
365 4 tid 106017
197 tid 106017
Insert  tid 106017
FindTargetPageId rootid 5 tid 106015
target_page_id id: 6 tid 106015
0 1 tid 106015
148 6 tid 106015
365 4 tid 106015
217 tid 106015
Insert  tid 106015
FindTargetPageId rootid 5 tid 106017
target_page_id id: 4 tid 106017
0 1 tid 106017
148 6 tid 106017
365 4 tid 106017
198 tid 106017
Insert  tid 106017
FindTargetPageId rootid 5 tid 106015
target_page_id id: 6 tid 106015
0 1 tid 106015
148 6 tid 106015
365 4 tid 106015
217 tid 106015
Insert  tid 106015
FindTargetPageId rootid 5 tid 106017
target_page_id id: 4 tid 106017
0 1 tid 106017
148 6 tid 106017
365 4 tid 106017
199 tid 106017
Insert  tid 106017
FindTargetPageId rootid 5 tid 106015
target_page_id id: 6 tid 106015
0 1 tid 106015
148 6 tid 106015
365 4 tid 106015
217 tid 106015
Insert  tid 106015
FindTargetPageId rootid 5 tid 106017
target_page_id id: 4 tid 106017
0 1 tid 106017
148 6 tid 106017
365 4 tid 106017
200 tid 106017
Insert  tid 106017
FindTargetPageId rootid 5 tid 106015
target_page_id id: 6 tid 106015
0 1 tid 106015
148 6 tid 106015
365 4 tid 106015
217 tid 106015
Insert  tid 106015
FindTargetPageId rootid 5 tid 106017
target_page_id id: 4 tid 106017
0 1 tid 106017
148 6 tid 106017
365 4 tid 106017
201 tid 106017
Insert  tid 106017
FindTargetPageId rootid 5 tid 106015
target_page_id id: 6 tid 106015
0 1 tid 106015
148 6 tid 106015
365 4 tid 106015
217 tid 106015
Insert  tid 106015
FindTargetPageId rootid 5 tid 106017
target_page_id id: 4 tid 106017
0 1 tid 106017
148 6 tid 106017
365 4 tid 106017
202 tid 106017
Insert  tid 106017
FindTargetPageId rootid 5 tid 106015
target_page_id id: 6 tid 106015
0 1 tid 106015
148 6 tid 106015
365 4 tid 106015
217 tid 106015
Insert  tid 106015
FindTargetPageId rootid 5 tid 106015
target_page_id id: 6 tid 106015
0 1 tid 106015
148 6 tid 106015
365 4 tid 106015
217 tid 106015
Insert  tid 106015
FindTargetPageId rootid 5 tid 106015
target_page_id id: 6 tid 106015
0 1 tid 106015
148 6 tid 106015
365 4 tid 106015
217 tid 106015
Insert  tid 106015
FindTargetPageId rootid 5 tid 106015
target_page_id id: 6 tid 106015
0 1 tid 106015
148 6 tid 106015
365 4 tid 106015
217 tid 106015
FindTargetPageId rootid 5 tid 106017
target_page_id id: 4 tid 106017
0 1 tid 106017
148 6 tid 106017
365 4 tid 106017
203 tid 106017
Insert  tid 106015
Insert  tid 106017
FindTargetPageId rootid 5 tid 106015
target_page_id id: 6 tid 106015
0 1 tid 106015
148 6 tid 106015
365 4 tid 106015
217 tid 106015
Insert  tid 106015
FindTargetPageId rootid 5 tid 106017
target_page_id id: 4 tid 106017
0 1 tid 106017
148 6 tid 106017
365 4 tid 106017
204 tid 106017
Insert  tid 106017
FindTargetPageId rootid 5 tid 106017
target_page_id id: 4 tid 106017
0 1 tid 106017
148 6 tid 106017
365 4 tid 106017
205 tid 106017
Insert  tid 106017
FindTargetPageId rootid 5 tid 106017
target_page_id id: 4 tid 106017
0 1 tid 106017
148 6 tid 106017
365 4 tid 106017
206 tid 106017
Insert  tid 106017
FindTargetPageId rootid 5 tid 106015
target_page_id id: 6 tid 106015
0 1 tid 106015
148 6 tid 106015
365 4 tid 106015
217 tid 106015
FindTargetPageId rootid Insert 5 tid  tid 106017
target_page_id id: 4 tid 106017
0 1 tid 106017
148 6 tid 106017
365 4 tid 106017
207 tid 106017
Insert  tid 106017
FindTargetPageId rootid 5 tid 106017
target_page_id id: 4 tid 106017
0 1 tid 106017
148 6 tid 106017
365 4 tid 106017
208 tid 106017
Insert  tid 106017
106015
FindTargetPageId rootid 5 tid 106016
target_page_id id: 4 tid 106016
0 1 tid 106016
148 6 tid 106016
365 4 tid 106016
209 tid 106016
Remove  tid 106016
FindTargetPageId rootid 5 tid 106017
target_page_id id: 4 tid 106017
0 1 tid 106017
148 6 tid 106017
365 4 tid 106017
209 tid 106017
Insert  tid 106017
FindTargetPageId rootid 5 tid 106015
target_page_id id: 6 tid 106015
0 1 tid 106015
148 6 tid 106015
365 4 tid 106015
217 tid 106015
Insert  tid 106015
FindTargetPageId rootid 5 tid 106016
target_page_id id: 4 tid 106016
0 1 tid 106016
148 6 tid 106016
365 4 tid 106016
210 tid 106016
Remove  tid 106016
FindTargetPageId rootid 5 tid 106017
target_page_id id: 4 tid 106017
0 1 tid 106017
148 6 tid 106017
365 4 tid 106017
210 tid 106017
Insert  tid 106017
FindTargetPageId rootid 5 tid 106015
target_page_id id: 6 tid 106015
0 1 tid 106015
148 6 tid 106015
365 4 tid 106015
217 tid 106015
Insert  tid 106015
FindTargetPageId rootid 5 tid 106016
target_page_id id: 4 tid 106016
0 1 tid 106016
148 6 tid 106016
365 4 tid 106016
211 tid 106016
Remove  tid 106016
FindTargetPageId rootid 5 tid 106017
target_page_id id: 4 tid 106017
0 1 tid 106017
148 6 tid 106017
365 4 tid 106017
211 tid 106017
Insert  tid 106017
FindTargetPageId rootid 5 tid 106015
target_page_id id: 6 tid 106015
0 1 tid 106015
148 6 tid 106015
365 4 tid 106015
217 tid 106015
Insert  tid 106015
FindTargetPageId rootid 5 tid 106016
target_page_id id: 4 tid 106016
0 1 tid 106016
148 6 tid 106016
365 4 tid 106016
212 tid 106016
Remove  tid 106016
FindTargetPageId rootid 5 tid 106017
target_page_id id: 4 tid 106017
0 1 tid 106017
148 6 tid 106017
365 4 tid 106017
212 tid 106017
Insert  tid 106017
FindTargetPageId rootid 5 tid 106017
target_page_id id: 4 tid 106017
0 1 tid 106017
148 6 tid 106017
365 4 tid 106017
213 tid 106017
Insert  tid 106017
FindTargetPageId rootid 5 tid 106016
target_page_id id: 4 tid 106016
0 1 tid 106016
148 6 tid 106016
365 4 tid 106016
214 tid 106016
Remove  tid 106016
FindTargetPageId rootid 5 tid 106015
target_page_id id: 6 tid 106015
0 1 tid 106015
148 6 tid 106015
365 4 tid 106015
217 tid 106015
Insert  tid 106015
FindTargetPageId rootid 5 tid 106017
target_page_id id: 4 tid 106017
0 1 tid 106017
148 6 tid 106017
365 4 tid 106017
214 tid 106017
Insert  tid FindTargetPageId rootid 106017
5 tid 106016
target_page_id id: 4 tid 106016
0 1 tid 106016
148 6 tid 106016
365 4 tid 106016
215 tid 106016
Remove  tid 106016
FindTargetPageId rootid 5 tid 106016
target_page_id id: 4 tid 106016
0 1 tid 106016
148 6 tid 106016
365 4 tid 106016
215 tid 106016
Remove  tid 106016
FindTargetPageId rootid 5 tid 106017
target_page_id id: 4 tid 106017
0 1 tid 106017
148 6 tid 106017
365 4 tid 106017
215 tid 106017
Insert  tid 106017
FindTargetPageId rootid 5 tid 106015
target_page_id id: 6 tid 106015
0 1 tid 106015
148 6 tid 106015
365 4 tid 106015
217 tid 106015
Insert  tid 106015
FindTargetPageId rootid 5 tid 106016
target_page_id id: 4 tid 106016
0 1 tid 106016
148 6 tid 106016
365 4 tid 106016
216 tid 106016
Remove  tid 106016
FindTargetPageId rootid 5 tid 106017
target_page_id id: 4 tid 106017
0 1 tid 106017
148 6 tid 106017
365 4 tid 106017
216 tid 106017
Insert  tid 106017
FindTargetPageId rootid 5 tid 106015
target_page_id id: 6 tid 106015
0 1 tid 106015
148 6 tid 106015
365 4 tid 106015
217 tid 106015
Insert  tid 106015
FindTargetPageId rootid 5 tid 106016
target_page_id id: 4 tid 106016
0 1 tid 106016
148 6 tid 106016
365 4 tid 106016
217 tid 106016
Remove  tid 106016
FindTargetPageId rootid 5 tid 106017
target_page_id id: 4 tid 106017
0 1 tid 106017
148 6 tid 106017
365 4 tid 106017
217 tid 106017
Insert  tid FindTargetPageId rootid 106017
5 tid 106015
target_page_id id: 6 tid 106015
0 1 tid 106015
148 6 tid 106015
365 4 tid 106015
217 tid 106015
Insert  tid 106015
FindTargetPageId rootid 5 tid 106016
target_page_id id: 4 tid 106016
0 1 tid 106016
148 6 tid 106016
365 4 tid 106016
218 tid 106016
Remove  tid 106016
FindTargetPageId rootid 5 tid 106017
target_page_id id: 4 tid 106017
0 1 tid 106017
148 6 tid 106017
365 4 tid 106017
218 tid 106017
Insert  tid 106017
FindTargetPageId rootid 5 tid 106017
target_page_id id: 4 tid 106017
0 1 tid 106017
148 6 tid 106017
365 4 tid 106017
219 tid 106017
Insert  tid 106017
FindTargetPageId rootid 5 tid 106017
target_page_id id: 4 tid 106017
0 1 tid 106017
148 6 tid 106017
365 4 tid 106017
220 tid 106017
Insert  tid 106017
FindTargetPageId rootid 5 tid 106017
target_page_id id: 4 tid 106017
0 1 tid 106017
148 6 tid 106017
365 4 tid 106017
221 tid 106017
Insert  tid 106017
FindTargetPageId rootid 5 tid 106017
target_page_id id: 4 tid 106017
0 1 tid 106017
148 6 tid 106017
365 4 tid 106017
222 tid 106017
Insert  tid 106017
FindTargetPageId rootid 5 tid 106015
target_page_id id: 6 tid 106015
0 1 tid 106015
148 6 tid 106015
365 4 tid 106015
217 tid 106015
Insert  tid 106015
FindTargetPageId rootid 5 tid 106016
target_page_id id: 4 tid 106016
0 1 tid 106016
148 6 tid 106016
365 4 tid 106016
223 tid 106016
Remove  tid 106016
FindTargetPageId rootid 5 tid 106017
target_page_id id: 4 tid 106017
0 1 tid 106017
148 6 tid 106017
365 4 tid 106017
223 tid 106017
FindTargetPageId rootid 5 tid 106015
target_page_id id: 6 tid 106015
0 1 tid 106015
148 6 tid 106015
365 4 tid 106015
217 tid 106015
Insert  tid 106017
FindTargetPageId rootid 5 tid 106016
target_page_id id: 4 tid 106016
0 1 tid 106016
148 6 tid 106016
365 4 tid 106016
Insert 224 tid  tid 106016
106015
Remove  tid 106016
FindTargetPageId rootid 5 tid 106015
target_page_id id: 6 tid 106015
0 1 tid 106015
148 6 tid 106015
365 4 tid 106015
217 tid 106015
Insert  tid 106015
FindTargetPageId rootid 5 tid 106017
target_page_id id: 4 tid 106017
0 1 tid 106017
148 6 tid 106017
365 4 tid 106017
224 tid 106017
Insert  tid 106017
FindTargetPageId rootid 5 tid 106016
target_page_id id: 4 tid 106016
0 1 tid 106016
148 6 tid 106016
365 4 tid 106016
225 tid 106016
Remove  tid 106016
FindTargetPageId rootid 5 tid 106015
target_page_id id: 6 tid 106015
0 1 tid 106015
148 6 tid 106015
365 4 tid 106015
217 tid 106015
Insert  tid 106015
FindTargetPageId rootid 5 tid 106017
target_page_id id: 4 tid 106017
0 1 tid 106017
148 6 tid 106017
365 4 tid 106017
225 tid 106017
Insert  tid 106017
FindTargetPageId rootid 5 tid 106016
target_page_id id: 4 tid 106016
0 1 tid 106016
148 6 tid 106016
365 4 tid 106016
226 tid 106016
Remove  tid 106016
FindTargetPageId rootid 5 tid 106015
target_page_id id: 6 tid 106015
0 1 tid 106015
148 6 tid 106015
365 4 tid 106015
217 tid 106015
Insert  tid 106015
FindTargetPageId rootid 5 tid 106017
target_page_id id: 4 tid 106017
0 1 tid 106017
148 6 tid 106017
365 4 tid 106017
226 tid 106017
Insert  tid 106017
FindTargetPageId rootid 5 tid 106017
target_page_id id: 4 tid 106017
0 1 tid 106017
148 6 tid 106017
365 4 tid 106017
227 tid 106017
Insert  tid 106017
FindTargetPageId rootid 5 tid 106015
target_page_id id: 6 tid 106015
0 1 tid 106015
148 6 tid 106015
365 4 tid 106015
217 tid 106015
Insert  tid 106015
FindTargetPageId rootid 5 tid 106016
target_page_id id: 4 tid 106016
0 1 tid 106016
148 6 tid 106016
365 4 tid 106016
228 tid 106016
Remove  tid 106016
FindTargetPageId rootid 5 tid 106017
target_page_id id: 4 tid 106017
0 1 tid 106017
148 6 tid 106017
365 4 tid 106017
228 tid 106017
Insert  tid 106017
FindTargetPageId rootid 5 tid 106015
target_page_id id: 6 tid 106015
0 1 tid 106015
148 6 tid 106015
365 4 tid 106015
217 tid 106015
Insert  tid 106015
FindTargetPageId rootid 5 tid 106016
target_page_id id: 4 tid 106016
0 1 tid 106016
148 6 tid 106016
365 4 tid 106016
229 tid 106016
Remove  tid 106016
FindTargetPageId rootid 5 tid 106017
target_page_id id: 4 tid 106017
0 1 tid 106017
148 6 tid 106017
365 4 tid 106017
229 tid 106017
Insert  tid 106017
FindTargetPageId rootid 5 tid 106017
target_page_id id: 4 tid 106017
0 1 tid 106017
148 6 tid 106017
365 4 tid 106017
230 tid 106017
Insert  tid 106017
FindTargetPageId rootid 5 tid 106017
target_page_id id: 4 tid 106017
0 1 tid 106017
148 6 tid 106017
365 4 tid 106017
231 tid 106017
Insert  tid 106017
FindTargetPageId rootid 5 tid 106017
target_page_id id: 4 tid 106017
0 1 tid 106017
148 6 tid 106017
365 4 tid 106017
232 tid 106017
Insert  tid 106017
FindTargetPageId rootid 5 tid 106017
target_page_id id: 4 tid 106017
0 1 tid 106017
148 6 tid 106017
365 4 tid 106017
233 tid 106017
Insert  tid 106017
FindTargetPageId rootid 5 tid 106017
target_page_id id: 4 tid 106017
0 1 tid 106017
148 6 tid 106017
365 4 tid 106017
234 tid 106017
Insert  tid 106017
FindTargetPageId rootid 5 tid 106017
target_page_id id: 4 tid 106017
0 1 tid 106017
148 6 tid 106017
365 4 tid 106017
235 tid 106017
Insert  tid 106017
FindTargetPageId rootid 5 tid 106017
target_page_id id: 4 tid 106017
0 1 tid 106017
148 6 tid 106017
365 4 tid 106017
236 tid 106017
Insert  tid 106017
FindTargetPageId rootid 5 tid 106017
target_page_id id: 4 tid 106017
0 1 tid 106017
148 6 tid 106017
365 4 tid 106017
237 tid 106017
Insert  tid 106017
FindTargetPageId rootid 5 tid 106017
target_page_id id: 4 tid 106017
0 1 tid 106017
148 6 tid 106017
365 4 tid 106017
238 tid 106017
Insert  tid 106017
FindTargetPageId rootid 5 tid 106017
target_page_id id: 4 tid 106017
0 1 tid 106017
148 6 tid 106017
365 4 tid 106017
239 tid 106017
Insert  tid 106017
FindTargetPageId rootid 5 tid 106017
target_page_id id: 4 tid 106017
0 1 tid 106017
148 6 tid 106017
365 4 tid 106017
240 tid 106017
Insert  tid 106017
FindTargetPageId rootid 5 tid 106017
target_page_id id: 4 tid 106017
0 1 tid 106017
148 6 tid 106017
365 4 tid 106017
241 tid 106017
Insert  tid 106017
FindTargetPageId rootid 5 tid 106017
target_page_id id: 4 tid 106017
0 1 tid 106017
148 6 tid 106017
365 4 tid 106017
242 tid 106017
Insert  tid 106017
FindTargetPageId rootid 5 tid 106016
target_page_id id: 4 tid 106016
0 1 tid 106016
148 6 tid 106016
365 4 tid 106016
243 tid 106016
Remove  tid 106016
FindTargetPageId rootid 5 tid 106016
target_page_id id: 4 tid 106016
0 1 tid 106016
148 6 tid 106016
365 4 tid 106016
243 tid 106016
Remove  tid 106016
FindTargetPageId rootid 5 tid 106016
target_page_id id: 4 tid 106016
0 1 tid 106016
148 6 tid 106016
365 4 tid 106016
243 tid 106016
Remove  tid 106016
FindTargetPageId rootid 5 tid 106017
target_page_id id: 4 tid 106017
0 1 tid 106017
148 6 tid 106017
365 4 tid 106017
243 tid 106017
Insert  tid 106017
FindTargetPageId rootid 5 tid 106015
target_page_id id: 6 tid 106015
0 1 tid 106015
148 6 tid 106015
365 4 tid 106015
217 tid 106015
Insert  tid 106015
FindTargetPageId rootid 5 tid 106015
target_page_id id: 6 tid 106015
0 1 tid 106015
148 6 tid 106015
365 4 tid 106015
217 tid 106015
Insert  tid 106015
FindTargetPageId rootid 5 tid 106015
target_page_id id: 6 tid 106015
0 1 tid 106015
148 6 tid 106015
365 4 tid 106015
217 tid 106015
Insert  tid 106015
FindTargetPageId rootid 5 tid 106015
target_page_id id: 6 tid 106015
0 1 tid 106015
148 6 tid 106015
365 4 tid 106015
217 tid 106015
Insert  tid 106015
FindTargetPageId rootid 5 tid 106015
target_page_id id: 6 tid 106015
0 1 tid 106015
148 6 tid 106015
365 4 tid 106015
217 tid 106015
Insert  tid 106015
FindTargetPageId rootid 5 tid 106015
target_page_id id: 6 tid 106015
0 1 tid 106015
148 6 tid 106015
365 4 tid 106015
217 tid 106015
Insert  tid FindTargetPageId rootid 106015
5 tid 106016
target_page_id id: 4 tid 106016
0 1 tid 106016
148 6 tid 106016
365 4 tid 106016
244 tid 106016
Remove  tid 106016
FindTargetPageId rootid 5 tid 106016
target_page_id id: 4 tid 106016
0 1 tid 106016
148 6 tid 106016
365 4 tid 106016
244 tid 106016
Remove  tid 106016
FindTargetPageId rootid 5 tid 106016
target_page_id id: 4 tid 106016
0 1 tid 106016
148 6 tid 106016
365 4 tid 106016
244 tid 106016
Remove  tid 106016
FindTargetPageId rootid 5 tid 106015
target_page_id id: 6 tid 106015
0 1 tid 106015
148 6 tid 106015
365 4 tid 106015
217 tid 106015
Insert  tid 106015
FindTargetPageId rootid 5 tid 106015
target_page_id id: 6 tid 106015
0 1 tid 106015
148 6 tid 106015
365 4 tid 106015
217 tid 106015
Insert  tid 106015
FindTargetPageId rootid 5 tid 106017
target_page_id id: 4 tid 106017
0 1 tid 106017
148 6 tid 106017
365 4 tid 106017
244 tid 106017
Insert  tid 106017
FindTargetPageId rootid 5 tid 106017
target_page_id id: 4 tid 106017
0 1 tid 106017
148 6 tid 106017
365 4 tid 106017
245 tid 106017
Insert  tid 106017
FindTargetPageId rootid 5 tid 106015
target_page_id id: 6 tid 106015
0 1 tid 106015
148 6 tid 106015
365 4 tid 106015
217 tid 106015
Insert  tid 106015
FindTargetPageId rootid 5 tid 106016
target_page_id id: 4 tid 106016
0 1 tid 106016
148 6 tid 106016
365 4 tid 106016
246 tid 106016
Remove  tid 106016
FindTargetPageId rootid 5 tid 106017
target_page_id id: 4 tid 106017
0 1 tid 106017
148 6 tid 106017
365 4 tid 106017
246 tid 106017
Insert  tid 106017
FindTargetPageId rootid 5 tid 106015
target_page_id id: 6 tid 106015
0 1 tid 106015
148 6 tid 106015
365 4 tid 106015
217 tid 106015
Insert  tid 106015
FindTargetPageId rootid 5 tid 106016
target_page_id id: 4 tid 106016
0 1 tid 106016
148 6 tid 106016
365 4 tid 106016
247 tid 106016
Remove  tid 106016
FindTargetPageId rootid 5 tid 106017
target_page_id id: 4 tid 106017
0 1 tid 106017
148 6 tid 106017
365 4 tid 106017
247 tid 106017
Insert  tid 106017
FindTargetPageId rootid 5 tid 106015
target_page_id id: 6 tid 106015
0 1 tid 106015
148 6 tid 106015
365 4 tid 106015
217 tid 106015
Insert  tid 106015
FindTargetPageId rootid 5 tid 106016
target_page_id id: 4 tid 106016
0 1 tid 106016
148 6 tid 106016
365 4 tid 106016
248 tid 106016
Remove  tid 106016
FindTargetPageId rootid 5 tid 106017
target_page_id id: 4 tid 106017
0 1 tid 106017
148 6 tid 106017
365 4 tid 106017
248 tid 106017
Insert  tid 106017
FindTargetPageId rootid 5 tid 106015
target_page_id id: 6 tid 106015
0 1 tid 106015
148 6 tid 106015
365 4 tid 106015
217 tid 106015
Insert  tid 106015
FindTargetPageId rootid 5 tid 106015
target_page_id id: 6 tid 106015
0 1 tid 106015
148 6 tid 106015
365 4 tid 106015
217 tid 106015
Insert  tid 106015
FindTargetPageId rootid 5 tid 106017
target_page_id id: 4 tid 106017
0 1 tid 106017
148 6 tid 106017
365 4 tid 106017
249 tid 106017
Insert  tid 106017
FindTargetPageId rootid 5 tid 106016
target_page_id id: 4 tid 106016
0 1 tid 106016
148 6 tid 106016
365 4 tid 106016
250 tid 106016
Remove  tid 106016
FindTargetPageId rootid 5 tid 106015
target_page_id id: 6 tid 106015
0 1 tid 106015
148 6 tid 106015
365 4 tid 106015
217 tid 106015
Insert  tid 106015
FindTargetPageId rootid 5 tid 106017
target_page_id id: 4 tid 106017
0 1 tid 106017
148 6 tid 106017
365 4 tid 106017
250 tid 106017
Insert  tid 106017
FindTargetPageId rootid 5 tid 106016
target_page_id id: 4 tid 106016
0 1 tid 106016
148 6 tid 106016
365 4 tid 106016
251 tid 106016
Remove  tid 106016
FindTargetPageId rootid 5 tid 106015
target_page_id id: 6 tid 106015
0 1 tid 106015
148 6 tid 106015
365 4 tid 106015
217 tid 106015
Insert  tid 106015
FindTargetPageId rootid 5 tid 106015
target_page_id id: 6 tid 106015
0 1 tid 106015
148 6 tid 106015
365 4 tid 106015
217 tid 106015
Insert  tid 106015
FindTargetPageId rootid 5 tid 106015
target_page_id id: 6 tid 106015
0 1 tid 106015
148 6 tid 106015
365 4 tid 106015
217 tid 106015
Insert  tid 106015
FindTargetPageId rootid 5 tid 106017
target_page_id id: 4 tid 106017
0 1 tid 106017
148 6 tid 106017
365 4 tid 106017
251 tid 106017
Insert  tid 106017
FindTargetPageId rootid 5 tid 106017
target_page_id id: 4 tid 106017
0 1 tid 106017
148 6 tid 106017
365 4 tid 106017
252 tid 106017
Insert  tid 106017
FindTargetPageId rootid 5 tid 106015
target_page_id id: 6 tid 106015
0 1 tid 106015
148 6 tid 106015
365 4 tid 106015
217 tid 106015
Insert  tid 106015
FindTargetPageId rootid 5 tid 106016
target_page_id id: 4 tid 106016
0 1 tid 106016
148 6 tid 106016
365 4 tid 106016
253 tid 106016
Remove  tid 106016
FindTargetPageId rootid 5 tid 106017
target_page_id id: 4 tid 106017
0 1 tid 106017
148 6 tid 106017
365 4 tid 106017
253 tid 106017
Insert  tid 106017
FindTargetPageId rootid 5 tid 106015
target_page_id id: 6 tid 106015
0 1 tid 106015
148 6 tid 106015
365 4 tid 106015
217 tid 106015
Insert  tid 106015
FindTargetPageId rootid 5 tid 106016
target_page_id id: 4 tid 106016
0 1 tid 106016
148 6 tid 106016
365 4 tid 106016
254 tid 106016
Remove  tid 106016
FindTargetPageId rootid 5 tid 106017
target_page_id id: 4 tid 106017
0 1 tid 106017
148 6 tid 106017
365 4 tid 106017
254 tid 106017
Insert  tid 106017
FindTargetPageId rootid 5 tid 106015
target_page_id id: 6 tid 106015
0 1 tid 106015
148 6 tid 106015
365 4 tid 106015
492 7 tid 106015
217 tid 106015
Insert  tid 106015
FindTargetPageId rootid 5 tid 106016
target_page_id id: 7 tid 106016
0 1 tid 106016
148 6 tid 106016
365 4 tid 106016
492 7 tid 106016
128 tid 106016
Remove  tid 106016
FindTargetPageId rootid 5 tid 106017
target_page_id id: 7 tid 106017
0 1 tid 106017
148 6 tid 106017
365 4 tid 106017
492 7 tid 106017
128 tid 106017
Insert  tid 106017
FindTargetPageId rootid 5 tid 106015
target_page_id id: 6 tid 106015
0 1 tid 106015
148 6 tid 106015
365 4 tid 106015
492 7 tid 106015
217 tid 106015
Insert  tid 106015
FindTargetPageId rootid 5 tid 106016
target_page_id id: 7 tid 106016
0 1 tid 106016
148 6 tid 106016
365 4 tid 106016
492 7 tid 106016
129 tid 106016
Remove  tid 106016
FindTargetPageId rootid 5 tid 106016
target_page_id id: 7 tid 106016
0 1 tid 106016
148 6 tid 106016
365 4 tid 106016
492 7 tid 106016
129 tid 106016
Remove  tid 106016
FindTargetPageId rootid 5 tid 106016
target_page_id id: 7 tid 106016
0 1 tid 106016
148 6 tid 106016
365 4 tid 106016
492 7 tid 106016
129 tid 106016
Remove  tid 106016
FindTargetPageId rootid 5 tid 106016
target_page_id id: 7 tid 106016
0 1 tid 106016
148 6 tid 106016
365 4 tid 106016
492 7 tid 106016
129 tid 106016
Remove  tid 106016
FindTargetPageId rootid 5 tid 106016
target_page_id id: 7 tid 106016
0 1 tid 106016
148 6 tid 106016
365 4 tid 106016
492 7 tid 106016
129 tid 106016
Remove  tid 106016
FindTargetPageId rootid 5 tid 106016
target_page_id id: 7 tid 106016
0 1 tid 106016
148 6 tid 106016
365 4 tid 106016
492 7 tid 106016
129 tid 106016
Remove  tid 106016
FindTargetPageId rootid 5 tid 106016
target_page_id id: 7 tid 106016
0 1 tid 106016
148 6 tid 106016
365 4 tid 106016
492 7 tid 106016
129 tid 106016
Remove  tid 106016
FindTargetPageId rootid 5 tid 106016
target_page_id id: 7 tid 106016
0 1 tid 106016
148 6 tid 106016
365 4 tid 106016
492 7 tid 106016
129 tid 106016
Remove  tid 106016
FindTargetPageId rootid 5 tid 106015
target_page_id id: 4 tid 106015
0 1 tid 106015
148 6 tid 106015
365 4 tid 106015
492 7 tid 106015
127 tid 106015
Insert  tid 106015
FindTargetPageId rootid 5 tid 106017
target_page_id id: 7 tid 106017
0 1 tid 106017
148 6 tid 106017
365 4 tid 106017
492 7 tid 106017
129 tid 106017
Insert  tid 106017
FindTargetPageId rootid 5 tid 106016
target_page_id id: 7 tid 106016
0 1 tid 106016
148 6 tid 106016
365 4 tid 106016
492 7 tid 106016
130 tid 106016
Remove  tid 106016
FindTargetPageId rootid 5 tid 106015
target_page_id id: 4 tid 106015
0 1 tid 106015
148 6 tid 106015
365 4 tid 106015
492 7 tid 106015
127 tid 106015
Insert  tid 106015
FindTargetPageId rootid 5 tid 106017
target_page_id id: 7 tid 106017
0 1 tid 106017
148 6 tid 106017
365 4 tid 106017
492 7 tid 106017
130 tid 106017
Insert  tid 106017
FindTargetPageId rootid 5 tid 106017
target_page_id id: 7 tid 106017
0 1 tid 106017
148 6 tid 106017
365 4 tid 106017
492 7 tid 106017
131 tid 106017
Insert  tid 106017
FindTargetPageId rootid 5 tid 106015
target_page_id id: 4 tid 106015
0 1 tid 106015
148 6 tid 106015
365 4 tid 106015
492 7 tid 106015
127 tid 106015
Insert  tid 106015
FindTargetPageId rootid 5 tid 106016
target_page_id id: 7 tid 106016
0 1 tid 106016
148 6 tid 106016
365 4 tid 106016
492 7 tid 106016
132 tid 106016
Remove  tid 106016
FindTargetPageId rootid 5 tid 106017
target_page_id id: 7 tid 106017
0 1 tid 106017
148 6 tid 106017
365 4 tid 106017
492 7 tid 106017
132 tid 106017
Insert  tid 106017
FindTargetPageId rootid 5 tid 106015
target_page_id id: 4 tid 106015
0 1 tid 106015
148 6 tid 106015
365 4 tid 106015
492 7 tid 106015
127 tid 106015
Insert  tid 106015
FindTargetPageId rootid 5 tid 106016
target_page_id id: 7 tid 106016
0 1 tid 106016
148 6 tid 106016
365 4 tid 106016
492 7 tid 106016
133 tid 106016
Remove  tid 106016
FindTargetPageId rootid 5 tid 106017
target_page_id id: 7 tid 106017
0 1 tid 106017
148 6 tid 106017
365 4 tid 106017
492 7 tid 106017
133 tid 106017
Insert  tid 106017
FindTargetPageId rootid 5 tid 106015
target_page_id id: 4 tid 106015
0 1 tid 106015
148 6 tid 106015
365 4 tid 106015
492 7 tid 106015
127 tid 106015
Insert  tid 106015
FindTargetPageId rootid 5 tid 106016
target_page_id id: 7 tid 106016
0 1 tid 106016
148 6 tid 106016
365 4 tid 106016
492 7 tid 106016
134 tid 106016
Remove  tid 106016
FindTargetPageId rootid 5 tid 106017
target_page_id id: 7 tid 106017
0 1 tid 106017
148 6 tid 106017
365 4 tid 106017
492 7 tid 106017
134 tid 106017
Insert  tid 106017
FindTargetPageId rootid 5 tid 106015
target_page_id id: 4 tid 106015
0 1 tid 106015
148 6 tid 106015
365 4 tid 106015
492 7 tid 106015
127 tid 106015
Insert  tid 106015
FindTargetPageId rootid 5 tid 106016
target_page_id id: 7 tid 106016
0 1 tid 106016
148 6 tid 106016
365 4 tid 106016
492 7 tid 106016
135 tid 106016
Remove  tid 106016
FindTargetPageId rootid 5 tid 106017
target_page_id id: 7 tid 106017
0 1 tid 106017
148 6 tid 106017
365 4 tid 106017
492 7 tid 106017
135 tid 106017
Insert  tid 106017
FindTargetPageId rootid 5 tid 106017
target_page_id id: 7 tid 106017
0 1 tid 106017
148 6 tid 106017
365 4 tid 106017
492 7 tid 106017
136 tid 106017
Insert  tid 106017
FindTargetPageId rootid 5 tid 106016
target_page_id id: 7 tid 106016
0 1 tid 106016
148 6 tid 106016
365 4 tid 106016
492 7 tid 106016
137 tid 106016
Remove  tid 106016
FindTargetPageId rootid 5 tid 106015
target_page_id id: 4 tid 106015
0 1 tid 106015
148 6 tid 106015
365 4 tid 106015
492 7 tid 106015
127 tid 106015
Insert  tid 106015
FindTargetPageId rootid 5 tid 106017
target_page_id id: 7 tid 106017
0 1 tid 106017
148 6 tid 106017
365 4 tid 106017
492 7 tid 106017
137 tid 106017
Insert  tid 106017
FindTargetPageId rootid 5 tid 106016
target_page_id id: 7 tid 106016
0 1 tid 106016
148 6 tid 106016
365 4 tid 106016
492 7 tid 106016
138 tid 106016
FindTargetPageId rootid 5 tid 106015
target_page_id id: 4 tid 106015
0 1 tid 106015
148 6 tid 106015
365 4 tid 106015
Remove 492 7 tid 106015
127 tid 106015
 tid 106016
Insert  tid 106015
FindTargetPageId rootid 5 tid 106017
target_page_id id: 7 tid 106017
0 1 tid 106017
148 6 tid 106017
365 4 tid 106017
492 7 tid 106017
138 tid 106017
Insert  tid 106017
FindTargetPageId rootid 5 tid 106016
target_page_id id: 7 tid 106016
0 1 tid 106016
148 6 tid 106016
365 4 tid 106016
492 7 tid 106016
139 tid 106016
Remove  tid 106016
FindTargetPageId rootid 5 tid 106015
target_page_id id: 4 tid 106015
0 1 tid 106015
148 6 tid 106015
365 4 tid 106015
492 7 tid 106015
127 tid 106015
Insert  tid 106015
FindTargetPageId rootid 5 tid 106017
target_page_id id: 7 tid 106017
0 1 tid 106017
148 6 tid 106017
365 4 tid 106017
492 7 tid 106017
139 tid 106017
Insert  tid 106017
FindTargetPageId rootid 5 tid 106016
target_page_id id: 7 tid 106016
0 1 tid 106016
148 6 tid 106016
365 4 tid 106016
492 7 tid 106016
140 tid 106016
Remove  tid 106016
FindTargetPageId rootid 5 tid 106015
target_page_id id: 4 tid 106015
0 1 tid 106015
148 6 tid 106015
365 4 tid 106015
492 7 tid 106015
127 tid 106015
Insert  tid 106015
FindTargetPageId rootid 5 tid 106015
target_page_id id: 4 tid 106015
0 1 tid 106015
148 6 tid 106015
365 4 tid 106015
492 7 tid 106015
127 tid 106015
Insert  tid 106015
FindTargetPageId rootid 5 tid 106016
target_page_id id: 7 tid 106016
0 1 tid 106016
148 6 tid 106016
365 4 tid 106016
492 7 tid 106016
140 tid 106016
Remove  tid 106016
FindTargetPageId rootid 5 tid 106017
target_page_id id: 7 tid 106017
0 1 tid 106017
148 6 tid 106017
365 4 tid 106017
492 7 tid 106017
140 tid 106017
Insert  tid 106017
FindTargetPageId rootid 5 tid 106015
target_page_id id: 4 tid 106015
0 1 tid 106015
148 6 tid 106015
365 4 tid 106015
492 7 tid 106015
127 tid 106015
Insert  tid 106015
FindTargetPageId rootid 5 tid 106016
target_page_id id: 7 tid 106016
0 1 tid 106016
148 6 tid 106016
365 4 tid 106016
492 7 tid 106016
141 tid 106016
Remove  tid 106016
FindTargetPageId rootid 5 tid 106017
target_page_id id: 7 tid 106017
0 1 tid 106017
148 6 tid 106017
365 4 tid 106017
492 7 tid 106017
141 tid 106017
Insert  tid 106017
FindTargetPageId rootid 5 tid 106015
target_page_id id: 4 tid 106015
0 1 tid 106015
148 6 tid 106015
365 4 tid 106015
492 7 tid 106015
127 tid 106015
Insert  tid 106015
FindTargetPageId rootid 5 tid 106016
target_page_id id: 7 tid 106016
0 1 tid 106016
148 6 tid 106016
365 4 tid 106016
492 7 tid 106016
142 tid 106016
Remove  tid 106016
FindTargetPageId rootid 5 tid 106017
target_page_id id: 7 tid 106017
0 1 tid 106017
148 6 tid 106017
365 4 tid 106017
492 7 tid 106017
142 tid 106017
FindTargetPageId rootid 5 tid Insert  tid 106015
target_page_id id: 4 tid 106015
0 1 tid 106015
148 6 tid 106015
365 4 tid 106015
492 7 tid 106015
106017
127 tid 106015
FindTargetPageId rootid 5 tid 106016
target_page_id id: 7 tid 106016
0 1 tid 106016
148 6 tid 106016
365 4 tid 106016
492 7 tid 106016
Insert  tid 106015
143 tid 106016
Remove  tid 106016
FindTargetPageId rootid 5 tid 106017
target_page_id id: 7 tid 106017
0 1 tid 106017
148 6 tid 106017
365 4 tid 106017
492 7 tid 106017
143 tid 106017
Insert  tid 106017
FindTargetPageId rootid 5 tid 106017
target_page_id id: 7 tid 106017
0 1 tid 106017
148 6 tid 106017
365 4 tid 106017
492 7 tid 106017
144 tid 106017
Insert  tid 106017
FindTargetPageId rootid 5 tid 106017
target_page_id id: 7 tid 106017
0 1 tid 106017
148 6 tid 106017
365 4 tid 106017
492 7 tid 106017
145 tid 106017
Insert  tid 106017
FindTargetPageId rootid 5 tid 106017
target_page_id id: 7 tid 106017
0 1 tid 106017
148 6 tid 106017
365 4 tid 106017
492 7 tid 106017
146 tid 106017
Insert  tid 106017
FindTargetPageId rootid 5 tid 106016
target_page_id id: 7 tid 106016
0 1 tid 106016
148 6 tid 106016
365 4 tid 106016
492 7 tid 106016
147 tid 106016
Remove  tid 106016
FindTargetPageId rootid 5 tid 106015
target_page_id id: 4 tid 106015
0 1 tid 106015
148 6 tid 106015
365 4 tid 106015
492 7 tid 106015
127 tid 106015
Insert  tid 106015
FindTargetPageId rootid 5 tid 106015
target_page_id id: 4 tid 106015
0 1 tid 106015
148 6 tid 106015
365 4 tid 106015
492 7 tid 106015
127 tid 106015
Insert  tid 106015
FindTargetPageId rootid 5 tid 106016
target_page_id id: 7 tid 106016
0 1 tid 106016
148 6 tid 106016
365 4 tid 106016
492 7 tid 106016
147 tid 106016
Remove  tid 106016
FindTargetPageId rootid 5 tid 106017
target_page_id id: 7 tid 106017
0 1 tid 106017
148 6 tid 106017
365 4 tid 106017
492 7 tid 106017
147 tid 106017
Insert  tid 106017
FindTargetPageId rootid 5 tid 106015
target_page_id id: 4 tid 106015
0 1 tid 106015
148 6 tid 106015
365 4 tid 106015
492 7 tid 106015
127 tid 106015
Insert  tid 106015
FindTargetPageId rootid 5 tid 106016
target_page_id id: 7 tid 106016
0 1 tid 106016
148 6 tid 106016
365 4 tid 106016
492 7 tid 106016
148 tid 106016
Remove  tid 106016
FindTargetPageId rootid 5 tid 106017
target_page_id id: 7 tid 106017
0 1 tid 106017
148 6 tid 106017
365 4 tid 106017
492 7 tid 106017
148 tid 106017
Insert  tid 106017
FindTargetPageId rootid 5 tid 106015
target_page_id id: 4 tid 106015
0 1 tid 106015
148 6 tid 106015
365 4 tid 106015
492 7 tid 106015
127 tid 106015
Insert  tid 106015
FindTargetPageId rootid 5 tid 106016
target_page_id id: 7 tid 106016
0 1 tid 106016
148 6 tid 106016
365 4 tid 106016
492 7 tid 106016
149 tid 106016
Remove  tid 106016
FindTargetPageId rootid 5 tid 106016
target_page_id id: 7 tid 106016
0 1 tid 106016
148 6 tid 106016
365 4 tid 106016
492 7 tid 106016
149 tid 106016
Remove  tid 106016
FindTargetPageId rootid 5 tid 106015
target_page_id id: 4 tid 106015
0 1 tid 106015
148 6 tid 106015
365 4 tid 106015
492 7 tid 106015
127 tid 106015
Insert  tid 106015
FindTargetPageId rootid 5 tid 106015
target_page_id id: 4 tid 106015
0 1 tid 106015
148 6 tid 106015
365 4 tid 106015
492 7 tid 106015
127 tid 106015
Insert  tid 106015
FindTargetPageId rootid 5 tid 106016
target_page_id id: 7 tid 106016
0 1 tid 106016
148 6 tid 106016
365 4 tid 106016
492 7 tid 106016
149 tid 106016
Remove  tid 106016
FindTargetPageId rootid 5 tid 106017
target_page_id id: 7 tid 106017
0 1 tid 106017
148 6 tid 106017
365 4 tid 106017
492 7 tid 106017
149 tid 106017
Insert  tid 106017
FindTargetPageId rootid 5 tid 106017
target_page_id id: 7 tid 106017
0 1 tid 106017
148 6 tid 106017
365 4 tid 106017
492 7 tid 106017
150 tid 106017
Insert  tid 106017
FindTargetPageId rootid 5 tid 106017
target_page_id id: 7 tid 106017
0 1 tid 106017
148 6 tid 106017
365 4 tid 106017
492 7 tid 106017
151 tid 106017
Insert  tid 106017
FindTargetPageId rootid 5 tid 106017
target_page_id id: 7 tid 106017
0 1 tid 106017
148 6 tid 106017
365 4 tid 106017
492 7 tid 106017
152 tid 106017
Insert  tid 106017
FindTargetPageId rootid 5 tid 106017
target_page_id id: 7 tid 106017
0 1 tid 106017
148 6 tid 106017
365 4 tid 106017
492 7 tid 106017
153 tid 106017
FindTargetPageId rootid 5 tid 106015
Insert  tid 106017
target_page_id id: 4 tid 106015
0 1 tid 106015
148 6 tid 106015
365 4 tid 106015
492 7 tid 106015
127 tid 106015
Insert  tid 106015
FindTargetPageId rootid 5 tid 106016
target_page_id id: 7 tid 106016
0 1 tid 106016
148 6 tid 106016
365 4 tid 106016
492 7 tid 106016
154 tid 106016
Remove  tid 106016
FindTargetPageId rootid 5 tid 106016
target_page_id id: 7 tid 106016
0 1 tid 106016
148 6 tid 106016
365 4 tid 106016
492 7 tid 106016
154 tid 106016
Remove  tid 106016
FindTargetPageId rootid 5 tid 106015
target_page_id id: 4 tid 106015
0 1 tid 106015
148 6 tid 106015
365 4 tid 106015
492 7 tid 106015
127 tid 106015
Insert  tid 106015
FindTargetPageId rootid 5 tid 106015
target_page_id id: 4 tid 106015
0 1 tid 106015
148 6 tid 106015
365 4 tid 106015
492 7 tid 106015
127 tid 106015
Insert  tid 106015
FindTargetPageId rootid 5 tid 106016
target_page_id id: 7 tid 106016
0 1 tid 106016
148 6 tid 106016
365 4 tid 106016
492 7 tid 106016
154 tid 106016
Remove  tid 106016
FindTargetPageId rootid 5 tid 106017
target_page_id id: 7 tid 106017
0 1 tid 106017
148 6 tid 106017
365 4 tid 106017
492 7 tid 106017
154 tid 106017
Insert  tid 106017
FindTargetPageId rootid 5 tid 106015
target_page_id id: 4 tid 106015
0 1 tid 106015
148 6 tid 106015
365 4 tid 106015
492 7 tid 106015
127 tid 106015
Insert  tid 106015
FindTargetPageId rootid 5 tid 106015
target_page_id id: 4 tid 106015
0 1 tid 106015
148 6 tid 106015
365 4 tid 106015
492 7 tid 106015
127 tid 106015
Insert  tid 106015
FindTargetPageId rootid 5 tid 106017
target_page_id id: 7 tid 106017
0 1 tid 106017
148 6 tid 106017
365 4 tid 106017
492 7 tid 106017
155 tid 106017
Insert  tid 106017
FindTargetPageId rootid 5 tid 106017
target_page_id id: 7 tid 106017
0 1 tid 106017
148 6 tid 106017
365 4 tid 106017
492 7 tid 106017
156 tid 106017
Insert  tid 106017
FindTargetPageId rootid 5 tid 106017
target_page_id id: 7 tid 106017
0 1 tid 106017
148 6 tid 106017
365 4 tid 106017
492 7 tid 106017
157 tid 106017
Insert  tid 106017
FindTargetPageId rootid 5 tid 106017
target_page_id id: 7 tid 106017
0 1 tid 106017
148 6 tid 106017
365 4 tid 106017
492 7 tid 106017
158 tid 106017
Insert  tid 106017
FindTargetPageId rootid 5 tid 106017
target_page_id id: 7 tid 106017
0 1 tid 106017
148 6 tid 106017
365 4 tid 106017
492 7 tid 106017
159 tid 106017
Insert  tid 106017
FindTargetPageId rootid 5 tid 106017
target_page_id id: 7 tid 106017
0 1 tid 106017
148 6 tid 106017
365 4 tid 106017
492 7 tid 106017
160 tid 106017
Insert  tid 106017
FindTargetPageId rootid 5 tid 106015
target_page_id id: 4 tid 106015
0 1 tid 106015
148 6 tid 106015
365 4 tid 106015
492 7 tid 106015
127 tid 106015
Insert  tid 106015
FindTargetPageId rootid 5 tid 106016
target_page_id id: 7 tid 106016
0 1 tid 106016
148 6 tid 106016
365 4 tid 106016
492 7 tid 106016
161 tid 106016
Remove  tid FindTargetPageId rootid 1060165 tid 
106017
target_page_id id: 7 tid 106017
0 1 tid 106017
148 6 tid 106017
365 4 tid 106017
492 7 tid 106017
161 tid 106017
Insert  tid 106017
FindTargetPageId rootid 5 tid 106015
target_page_id id: 4 tid 106015
0 1 tid 106015
148 6 tid 106015
365 4 tid 106015
492 7 tid 106015
127 tid 106015
Insert  tid 106015
FindTargetPageId rootid 5 tid 106015
target_page_id id: 4 tid 106015
0 1 tid 106015
148 6 tid 106015
365 4 tid 106015
492 7 tid 106015
127 tid 106015
Insert  tid 106015
FindTargetPageId rootid 5 tid 106017
target_page_id id: 7 tid 106017
0 1 tid 106017
148 6 tid 106017
365 4 tid 106017
492 7 tid 106017
162 tid 106017
Insert  tid 106017
FindTargetPageId rootid 5 tid 106017
target_page_id id: 7 tid 106017
0 1 tid 106017
148 6 tid 106017
365 4 tid 106017
492 7 tid 106017
163 tid 106017
Insert  tid 106017
FindTargetPageId rootid 5 tid 106017
target_page_id id: 7 tid 106017
0 1 tid 106017
148 6 tid 106017
365 4 tid 106017
492 7 tid 106017
164 tid 106017
Insert  tid 106017
FindTargetPageId rootid 5 tid 106016
target_page_id id: 7 tid 106016
0 1 tid 106016
148 6 tid 106016
365 4 tid 106016
492 7 tid 106016
165 tid 106016
Remove  tid 106016
FindTargetPageId rootid 5 tid 106016
target_page_id id: 7 tid 106016
0 1 tid 106016
148 6 tid 106016
365 4 tid 106016
492 7 tid 106016
165 tid 106016
Remove  tid 106016
FindTargetPageId rootid 5 tid 106016
target_page_id id: 7 tid 106016
0 1 tid 106016
148 6 tid 106016
365 4 tid 106016
492 7 tid 106016
165 tid 106016
Remove  tid 106016
FindTargetPageId rootid 5 tid 106015
target_page_id id: 4 tid 106015
0 1 tid 106015
148 6 tid 106015
365 4 tid 106015
492 7 tid 106015
127 tid 106015
Insert  tid 106015
FindTargetPageId rootid 5 tid 106017
target_page_id id: 7 tid 106017
0 1 tid 106017
148 6 tid 106017
365 4 tid 106017
492 7 tid 106017
165 tid 106017
Insert  tid 106017
FindTargetPageId rootid 5 tid 106016
target_page_id id: 7 tid 106016
0 1 tid 106016
148 6 tid 106016
365 4 tid 106016
492 7 tid 106016
166 tid 106016
Remove  tid 106016
FindTargetPageId rootid 5 tid 106015
target_page_id id: 4 tid 106015
0 1 tid 106015
148 6 tid 106015
365 4 tid 106015
492 7 tid 106015
127 tid 106015
Insert  tid 106015
FindTargetPageId rootid 5 tid 106017
target_page_id id: 7 tid 106017
0 1 tid 106017
148 6 tid 106017
365 4 tid 106017
492 7 tid 106017
166 tid 106017
Insert  tid 106017
FindTargetPageId rootid 5 tid 106017
target_page_id id: 7 tid 106017
0 1 tid 106017
148 6 tid 106017
365 4 tid 106017
492 7 tid 106017
167 tid 106017
Insert  tid 106017
FindTargetPageId rootid 5 tid 106015
target_page_id id: 4 tid 106015
0 1 tid 106015
148 6 tid 106015
365 4 tid 106015
492 7 tid 106015
127 tid 106015
Insert  tid 106015
FindTargetPageId rootid 5 tid 106016
target_page_id id: 7 tid 106016
0 1 tid 106016
148 6 tid 106016
365 4 tid 106016
492 7 tid 106016
168 tid 106016
Remove  tid 106016
FindTargetPageId rootid 5 tid 106017
target_page_id id: 7 tid 106017
0 1 tid 106017
148 6 tid 106017
365 4 tid 106017
492 7 tid 106017
168 tid 106017
Insert  tid 106017
FindTargetPageId rootid 5 tid 106017
target_page_id id: 7 tid 106017
0 1 tid 106017
148 6 tid 106017
365 4 tid 106017
492 7 tid 106017
169 tid 106017
Insert  tid 106017
FindTargetPageId rootid 5 tid 106015
target_page_id id: 4 tid 106015
0 1 tid 106015
148 6 tid 106015
365 4 tid 106015
492 7 tid 106015
127 tid 106015
Insert  tid 106015
FindTargetPageId rootid 5 tid 106016
target_page_id id: 7 tid 106016
0 1 tid 106016
148 6 tid 106016
365 4 tid 106016
492 7 tid 106016
170 tid 106016
FindTargetPageId rootid 5 tid 106017
target_page_id id: 7 tid 106017
0 1 tid 106017
148 6 tid 106017
365 4 tid 106017
492 7 tid 106017
Remove 170 tid 106017
 tid 106016
FindTargetPageId rootid 5 tid 106015
target_page_id id: 4 tid 106015
0 1 tid 106015
148 6 tid 106015
365 4 tid 106015
492 7 tid 106015
127 tid 106015
Insert  tid 106017
Insert  tid 106015
FindTargetPageId rootid 5 tid 106017
target_page_id id: 7 tid 106017
0 1 tid 106017
148 6 tid 106017
365 4 tid 106017
492 7 tid 106017
171 tid 106017
Insert  tid 106017
FindTargetPageId rootid 5 tid 106016
target_page_id id: 7 tid 106016
0 1 tid 106016
148 6 tid 106016
365 4 tid 106016
492 7 tid 106016
172 tid 106016
Remove  tid 106016
FindTargetPageId rootid 5 tid 106015
target_page_id id: 4 tid 106015
0 1 tid 106015
148 6 tid 106015
365 4 tid 106015
492 7 tid 106015
127 tid 106015
Insert  tid 106015
FindTargetPageId rootid 5 tid 106017
target_page_id id: 7 tid 106017
0 1 tid 106017
148 6 tid 106017
365 4 tid 106017
492 7 tid 106017
172 tid 106017
Insert  tid 106017
FindTargetPageId rootid 5 tid 106017
target_page_id id: 7 tid 106017
0 1 tid 106017
148 6 tid 106017
365 4 tid 106017
492 7 tid 106017
173 tid 106017
Insert  tid 106017
FindTargetPageId rootid 5 tid 106015
target_page_id id: 4 tid 106015
0 1 tid 106015
148 6 tid 106015
365 4 tid 106015
492 7 tid 106015
127 tid 106015
Insert  tid 106015
FindTargetPageId rootid 5 tid 106016
target_page_id id: 7 tid 106016
0 1 tid 106016
148 6 tid 106016
365 4 tid 106016
492 7 tid 106016
174 tid 106016
Remove  tid 106016
FindTargetPageId rootid 5 tid 106016
target_page_id id: 7 tid 106016
0 1 tid 106016
148 6 tid 106016
365 4 tid 106016
492 7 tid 106016
174 tid 106016
Remove  tid 106016
FindTargetPageId rootid 5 tid 106015
target_page_id id: 4 tid 106015
0 1 tid 106015
148 6 tid 106015
365 4 tid 106015
492 7 tid 106015
127 tid 106015
Insert  tid 106015
FindTargetPageId rootid 5 tid 106017
target_page_id id: 7 tid 106017
0 1 tid 106017
148 6 tid 106017
365 4 tid 106017
492 7 tid 106017
174 tid 106017
Insert  tid 106017
FindTargetPageId rootid 5 tid 106016
target_page_id id: 7 tid 106016
0 1 tid 106016
148 6 tid 106016
365 4 tid 106016
492 7 tid 106016
175 tid 106016
Remove  tid 106016
FindTargetPageId rootid 5 tid 106015
target_page_id id: 4 tid 106015
0 1 tid 106015
148 6 tid 106015
365 4 tid 106015
492 7 tid 106015
127 tid 106015
Insert  tid 106015
FindTargetPageId rootid 5 tid 106017
target_page_id id: 7 tid 106017
0 1 tid 106017
148 6 tid 106017
365 4 tid 106017
492 7 tid 106017
175 tid 106017
Insert  tid 106017
FindTargetPageId rootid 5 tid 106016
target_page_id id: 7 tid 106016
0 1 tid 106016
148 6 tid 106016
365 4 tid 106016
492 7 tid 106016
176 tid 106016
Remove  tid 106016
FindTargetPageId rootid 5 tid 106015
target_page_id id: 4 tid 106015
0 1 tid 106015
148 6 tid 106015
365 4 tid 106015
492 7 tid 106015
127 tid 106015
Insert  tid 106015
FindTargetPageId rootid 5 tid 106017
target_page_id id: 7 tid 106017
0 1 tid 106017
148 6 tid 106017
365 4 tid 106017
492 7 tid 106017
176 tid 106017
Insert  tid 106017
FindTargetPageId rootid 5 tid 106016
target_page_id id: 7 tid 106016
0 1 tid 106016
148 6 tid 106016
365 4 tid 106016
492 7 tid 106016
177 tid 106016
Remove  tid 106016
FindTargetPageId rootid 5 tid 106015
target_page_id id: 4 tid 106015
0 1 tid 106015
148 6 tid 106015
365 4 tid 106015
492 7 tid 106015
127 tid 106015
Insert  tid 106015
FindTargetPageId rootid 5 tid 106017
target_page_id id: 7 tid 106017
0 1 tid 106017
148 6 tid 106017
365 4 tid 106017
492 7 tid 106017
177 tid 106017
Insert  tid 106017
FindTargetPageId rootid 5 tid 106016
target_page_id id: 7 tid 106016
0 1 tid 106016
148 6 tid 106016
365 4 tid 106016
492 7 tid 106016
178 tid 106016
Remove  tid 106016
FindTargetPageId rootid 5 tid 106015
target_page_id id: 4 tid 106015
0 1 tid 106015
148 6 tid 106015
365 4 tid 106015
492 7 tid 106015
127 tid 106015
Insert  tid 106015
FindTargetPageId rootid 5 tid 106017
target_page_id id: 7 tid 106017
0 1 tid 106017
148 6 tid 106017
365 4 tid 106017
492 7 tid 106017
178 tid 106017
Insert  tid 106017
FindTargetPageId rootid 5 tid 106016
target_page_id id: 7 tid 106016
0 1 tid 106016
148 6 tid 106016
365 4 tid 106016
492 7 tid 106016
179 tid 106016
Remove  tid 106016
FindTargetPageId rootid 5 tid 106015
target_page_id id: 4 tid 106015
0 1 tid 106015
148 6 tid 106015
365 4 tid 106015
492 7 tid 106015
127 tid 106015
Insert  tid 106015
FindTargetPageId rootid 5 tid 106017
target_page_id id: 7 tid 106017
0 1 tid 106017
148 6 tid 106017
365 4 tid 106017
492 7 tid 106017
179 tid 106017
Insert  tid 106017
FindTargetPageId rootid 5 tid 106016
target_page_id id: 7 tid 106016
0 1 tid 106016
148 6 tid 106016
365 4 tid 106016
492 7 tid 106016
180 tid 106016
Remove  tid 106016
FindTargetPageId rootid 5 tid 106015
target_page_id id: 4 tid 106015
0 1 tid 106015
148 6 tid 106015
365 4 tid 106015
492 7 tid 106015
127 tid 106015
Insert  tid 106015
FindTargetPageId rootid 5 tid 106017
target_page_id id: 7 tid 106017
0 1 tid 106017
148 6 tid 106017
365 4 tid 106017
492 7 tid 106017
180 tid 106017
Insert  tid 106017
FindTargetPageId rootid 5 tid 106016
target_page_id id: 7 tid 106016
0 1 tid 106016
148 6 tid 106016
365 4 tid 106016
492 7 tid 106016
181 tid 106016
Remove  tid 106016
FindTargetPageId rootid 5 tid 106015
target_page_id id: 4 tid 106015
0 1 tid 106015
148 6 tid 106015
365 4 tid 106015
492 7 tid 106015
127 tid 106015
Insert  tid 106015
FindTargetPageId rootid 5 tid 106017
target_page_id id: 7 tid 106017
0 1 tid 106017
148 6 tid 106017
365 4 tid 106017
492 7 tid 106017
181 tid 106017
Insert  tid 106017
FindTargetPageId rootid 5 tid 106016
target_page_id id: 7 tid 106016
0 1 tid 106016
148 6 tid 106016
365 4 tid 106016
492 7 tid 106016
182 tid 106016
Remove  tid 106016
FindTargetPageId rootid 5 tid 106016
target_page_id id: 7 tid 106016
0 1 tid 106016
148 6 tid 106016
365 4 tid 106016
492 7 tid 106016
182 tid 106016
Remove  tid 106016
FindTargetPageId rootid 5 tid 106016
target_page_id id: 7 tid 106016
0 1 tid 106016
148 6 tid 106016
365 4 tid 106016
492 7 tid 106016
182 tid 106016
Remove  tid 106016
FindTargetPageId rootid 5 tid 106015
target_page_id id: 4 tid 106015
0 1 tid 106015
148 6 tid 106015
365 4 tid 106015
492 7 tid 106015
127 tid 106015
Insert  tid 106015
FindTargetPageId rootid 5 tid 106017
target_page_id id: 7 tid 106017
0 1 tid 106017
148 6 tid 106017
365 4 tid 106017
492 7 tid 106017
182 tid 106017
Insert  tid 106017
FindTargetPageId rootid 5 tid 106016
target_page_id id: 7 tid 106016
0 1 tid 106016
148 6 tid 106016
365 4 tid 106016
492 7 tid 106016
183 tid 106016
Remove  tid 106016
FindTargetPageId rootid 5 tid 106015
target_page_id id: 4 tid 106015
0 1 tid 106015
148 6 tid 106015
365 4 tid 106015
492 7 tid 106015
127 tid 106015
Insert  tid 106015
FindTargetPageId rootid 5 tid 106017
target_page_id id: 7 tid 106017
0 1 tid 106017
148 6 tid 106017
365 4 tid 106017
492 7 tid 106017
183 tid 106017
Insert  tid 106017
FindTargetPageId rootid 5 tid 106016
target_page_id id: 7 tid 106016
0 1 tid 106016
148 6 tid 106016
365 4 tid 106016
492 7 tid 106016
184 tid 106016
Remove  tid 106016
FindTargetPageId rootid 5 tid 106015
target_page_id id: 4 tid 106015
0 1 tid 106015
148 6 tid 106015
365 4 tid 106015
492 7 tid 106015
127 tid 106015
Insert  tid 106015
FindTargetPageId rootid 5 tid 106017
target_page_id id: 7 tid 106017
0 1 tid 106017
148 6 tid 106017
365 4 tid 106017
492 7 tid 106017
184 tid 106017
Insert  tid 106017
FindTargetPageId rootid 5 tid 106016
target_page_id id: 7 tid 106016
0 1 tid 106016
148 6 tid 106016
365 4 tid 106016
492 7 tid 106016
185 tid 106016
FindTargetPageId rootid 5 tid 106015
target_page_id id: 4 tid 106015
0 1 tid 106015
148 6 tid 106015
365 4 tid 106015
492 7 tid 106015
Remove  tid 127 tid 106015
106016
Insert  tid 106015
FindTargetPageId rootid 5 tid 106016
target_page_id id: 7 tid 106016
0 1 tid 106016
148 6 tid 106016
365 4 tid 106016
492 7 tid 106016
185 tid 106016
Remove  tid 106016
FindTargetPageId rootid 5 tid 106017
target_page_id id: 7 tid 106017
0 1 tid 106017
148 6 tid 106017
365 4 tid 106017
492 7 tid 106017
185 tid 106017
Insert  tid 106017
FindTargetPageId rootid 5 tid 106015
target_page_id id: 4 tid 106015
0 1 tid 106015
148 6 tid 106015
365 4 tid 106015
492 7 tid 106015
127 tid 106015
Insert  tid 106015
FindTargetPageId rootid 5 tid 106016
target_page_id id: 7 tid 106016
0 1 tid 106016
148 6 tid 106016
365 4 tid 106016
492 7 tid 106016
186 tid 106016
Remove  tid 106016
FindTargetPageId rootid 5 tid 106017
target_page_id id: 7 tid 106017
0 1 tid 106017
148 6 tid 106017
365 4 tid 106017
492 7 tid 106017
186 tid 106017
Insert  tid 106017
FindTargetPageId rootid 5 tid 106015
target_page_id id: 4 tid 106015
0 1 tid 106015
148 6 tid 106015
365 4 tid 106015
492 7 tid 106015
127 tid 106015
Insert  tid 106015
FindTargetPageId rootid 5 tid 106016
target_page_id id: 7 tid 106016
0 1 tid 106016
148 6 tid 106016
365 4 tid 106016
492 7 tid 106016
187 tid 106016
Remove  tid 106016
FindTargetPageId rootid 5 tid 106017
target_page_id id: 7 tid 106017
0 1 tid 106017
148 6 tid 106017
365 4 tid 106017
492 7 tid 106017
187 tid 106017
Insert  tid 106017
FindTargetPageId rootid 5 tid 106015
target_page_id id: 4 tid 106015
0 1 tid 106015
148 6 tid 106015
365 4 tid 106015
492 7 tid 106015
127 tid 106015
Insert  tid 106015
FindTargetPageId rootid 5 tid 106016
target_page_id id: 7 tid 106016
0 1 tid 106016
148 6 tid 106016
365 4 tid 106016
492 7 tid 106016
188 tid 106016
Remove  tid 106016
FindTargetPageId rootid 5 tid 106017
target_page_id id: 7 tid 106017
0 1 tid 106017
148 6 tid 106017
365 4 tid 106017
492 7 tid 106017
188 tid 106017
Insert  tid 106017
FindTargetPageId rootid 5 tid 106015
target_page_id id: 4 tid 106015
0 1 tid 106015
148 6 tid 106015
365 4 tid 106015
492 7 tid 106015
127 tid 106015
Insert  tid 106015
FindTargetPageId rootid 5 tid 106016
target_page_id id: 7 tid 106016
0 1 tid 106016
148 6 tid 106016
365 4 tid 106016
492 7 tid 106016
189 tid 106016
Remove  tid 106016
FindTargetPageId rootid 5 tid 106016
target_page_id id: 7 tid 106016
0 1 tid 106016
148 6 tid 106016
365 4 tid 106016
492 7 tid 106016
189 tid 106016
Remove  tid 106016
FindTargetPageId rootid 5 tid 106015
target_page_id id: 4 tid 106015
0 1 tid 106015
148 6 tid 106015
365 4 tid 106015
492 7 tid 106015
127 tid 106015
Insert  tid 106015
FindTargetPageId rootid 5 tid 106017
target_page_id id: 7 tid 106017
0 1 tid 106017
148 6 tid 106017
365 4 tid 106017
492 7 tid 106017
189 tid 106017
Insert  tid 106017
FindTargetPageId rootid 5 tid 106016
target_page_id id: 7 tid 106016
0 1 tid 106016
148 6 tid 106016
365 4 tid 106016
492 7 tid 106016
190 tid 106016
Remove  tid 106016
FindTargetPageId rootid 5 tid 106015
target_page_id id: 4 tid 106015
0 1 tid 106015
148 6 tid 106015
365 4 tid 106015
492 7 tid 106015
127 tid 106015
Insert  tid 106015
FindTargetPageId rootid 5 tid 106017
target_page_id id: 7 tid 106017
0 1 tid 106017
148 6 tid 106017
365 4 tid 106017
492 7 tid 106017
190 tid 106017
Insert  tid 106017
FindTargetPageId rootid 5 tid 106016
target_page_id id: 7 tid 106016
0 1 tid 106016
148 6 tid 106016
365 4 tid 106016
492 7 tid 106016
191 tid 106016
Remove  tid 106016
FindTargetPageId rootid 5 tid 106016
target_page_id id: 7 tid 106016
0 1 tid 106016
148 6 tid 106016
365 4 tid 106016
492 7 tid 106016
191 tid 106016
Remove  tid 106016
FindTargetPageId rootid 5 tid 106017
target_page_id id: 7 tid 106017
0 1 tid 106017
148 6 tid 106017
365 4 tid 106017
492 7 tid 106017
191 tid 106017
Insert  tid 106017
FindTargetPageId rootid 5 tid 106017
target_page_id id: 7 tid 106017
0 1 tid 106017
148 6 tid 106017
365 4 tid 106017
492 7 tid 106017
192 tid 106017
Insert  tid 106017
FindTargetPageId rootid 5 tid 106016
target_page_id id: 7 tid 106016
0 1 tid 106016
148 6 tid 106016
365 4 tid 106016
492 7 tid 106016
193 tid 106016
Remove  tid 106016
FindTargetPageId rootid 5 tid 106015
target_page_id id: 4 tid 106015
0 1 tid 106015
148 6 tid 106015
365 4 tid 106015
492 7 tid 106015
127 tid 106015
Insert  tid 106015
FindTargetPageId rootid 5 tid 106015
target_page_id id: 4 tid 106015
0 1 tid 106015
148 6 tid 106015
365 4 tid 106015
492 7 tid 106015
127 tid 106015
Insert  tid 106015
FindTargetPageId rootid 5 tid 106016
target_page_id id: 7 tid 106016
0 1 tid 106016
148 6 tid 106016
365 4 tid 106016
492 7 tid 106016
193 tid 106016
Remove  tid 106016
FindTargetPageId rootid 5 tid 106017
target_page_id id: 7 tid 106017
0 1 tid 106017
148 6 tid 106017
365 4 tid 106017
492 7 tid 106017
193 tid 106017
Insert  tid 106017
FindTargetPageId rootid 5 tid 106015
target_page_id id: 4 tid 106015
0 1 tid 106015
148 6 tid 106015
365 4 tid 106015
492 7 tid 106015
127 tid 106015
Insert  tid 106015
FindTargetPageId rootid 5 tid 106015
target_page_id id: 4 tid 106015
0 1 tid 106015
148 6 tid 106015
365 4 tid 106015
492 7 tid 106015
127 tid 106015
Insert  tid 106015
FindTargetPageId rootid 5 tid 106017
target_page_id id: 7 tid 106017
0 1 tid 106017
148 6 tid 106017
365 4 tid 106017
492 7 tid 106017
194 tid 106017
Insert  tid 106017
FindTargetPageId rootid 5 tid 106016
target_page_id id: 7 tid 106016
0 1 tid 106016
148 6 tid 106016
365 4 tid 106016
492 7 tid 106016
195 tid 106016
Remove  tid 106016
FindTargetPageId rootid 5 tid 106015
target_page_id id: 4 tid 106015
0 1 tid 106015
148 6 tid 106015
365 4 tid 106015
492 7 tid 106015
127 tid 106015
Insert  tid 106015
FindTargetPageId rootid 5 tid 106017
target_page_id id: 7 tid 106017
0 1 tid 106017
148 6 tid 106017
365 4 tid 106017
492 7 tid 106017
195 tid 106017
Insert  tid 106017
FindTargetPageId rootid 5 tid 106017
target_page_id id: 7 tid 106017
0 1 tid 106017
148 6 tid 106017
365 4 tid 106017
492 7 tid 106017
196 tid 106017
Insert  tid 106017
FindTargetPageId rootid 5 tid 106015
target_page_id id: 4 tid 106015
0 1 tid 106015
148 6 tid 106015
365 4 tid 106015
492 7 tid 106015
127 tid 106015
Insert  tid 106015
FindTargetPageId rootid 5 tid 106016
target_page_id id: 7 tid 106016
0 1 tid 106016
148 6 tid 106016
365 4 tid 106016
492 7 tid 106016
197 tid 106016
FindTargetPageId rootid 5 tid 106017
target_page_id id: 7 tid 106017
0 1 tid 106017
148 6 tid 106017
365 4 tid 106017
492 7 tid 106017
Remove  tid 106016
197 tid 106017
Insert  tid 106017
FindTargetPageId rootid 5 tid 106017
target_page_id id: 7 tid 106017
0 1 tid 106017
148 6 tid 106017
365 4 tid 106017
492 7 tid 106017
198 tid 106017
Insert  tid 106017
FindTargetPageId rootid 5 tid 106017
target_page_id id: 7 tid 106017
0 1 tid 106017
148 6 tid 106017
365 4 tid 106017
492 7 tid 106017
199 tid 106017
Insert  tid 106017
FindTargetPageId rootid 5 tid 106015
target_page_id id: 4 tid 106015
0 1 tid 106015
148 6 tid 106015
365 4 tid 106015
492 7 tid 106015
127 tid 106015
Insert  tid 106015
FindTargetPageId rootid 5 tid 106016
target_page_id id: 7 tid 106016
0 1 tid 106016
148 6 tid 106016
365 4 tid 106016
492 7 tid 106016
200 tid 106016
Remove  tid 106016
FindTargetPageId rootid 5 tid 106016
target_page_id id: 7 tid 106016
0 1 tid 106016
148 6 tid 106016
365 4 tid 106016
492 7 tid 106016
200 tid 106016
Remove  tid 106016
FindTargetPageId rootid 5 tid 106016
target_page_id id: 7 tid 106016
0 1 tid 106016
148 6 tid 106016
365 4 tid 106016
492 7 tid 106016
200 tid 106016
Remove  tid 106016
FindTargetPageId rootid 5 tid 106016
target_page_id id: 7 tid 106016
0 1 tid 106016
148 6 tid 106016
365 4 tid 106016
492 7 tid 106016
200 tid 106016
Remove  tid 106016
FindTargetPageId rootid 5 tid 106016
target_page_id id: 7 tid 106016
0 1 tid 106016
148 6 tid 106016
365 4 tid 106016
492 7 tid 106016
200 tid 106016
Remove  tid 106016
FindTargetPageId rootid 5 tid 106016
target_page_id id: 7 tid 106016
0 1 tid 106016
148 6 tid 106016
365 4 tid 106016
492 7 tid 106016
200 tid 106016
Remove  tid 106016
FindTargetPageId rootid 5 tid 106015
target_page_id id: 4 tid 106015
0 1 tid 106015
148 6 tid 106015
365 4 tid 106015
492 7 tid 106015
127 tid 106015
Insert  tid 106015
FindTargetPageId rootid 5 tid 106017
target_page_id id: 7 tid 106017
0 1 tid 106017
148 6 tid 106017
365 4 tid 106017
492 7 tid 106017
200 tid 106017
Insert  tid 106017
FindTargetPageId rootid 5 tid 106016
target_page_id id: 7 tid 106016
0 1 tid 106016
148 6 tid 106016
365 4 tid 106016
492 7 tid 106016
201 tid 106016
Remove  tid 106016
FindTargetPageId rootid 5 tid 106015
target_page_id id: 4 tid 106015
0 1 tid 106015
148 6 tid 106015
365 4 tid 106015
492 7 tid 106015
127 tid 106015
Insert  tid 106015
FindTargetPageId rootid 5 tid 106017
target_page_id id: 7 tid 106017
0 1 tid 106017
148 6 tid 106017
365 4 tid 106017
492 7 tid 106017
201 tid 106017
Insert  tid 106017
FindTargetPageId rootid 5 tid 106016
target_page_id id: 7 tid 106016
0 1 tid 106016
148 6 tid 106016
365 4 tid 106016
492 7 tid 106016
202 tid 106016
Remove  tid 106016
FindTargetPageId rootid 5 tid 106015
target_page_id id: 4 tid 106015
0 1 tid 106015
148 6 tid 106015
365 4 tid 106015
492 7 tid 106015
127 tid 106015
Insert  tid 106015
FindTargetPageId rootid 5 tid 106017
target_page_id id: 7 tid 106017
0 1 tid 106017
148 6 tid 106017
365 4 tid 106017
492 7 tid 106017
202 tid 106017
Insert  tid 106017
FindTargetPageId rootid 5 tid 106016
target_page_id id: 7 tid 106016
0 1 tid 106016
148 6 tid 106016
365 4 tid 106016
492 7 tid 106016
203 tid 106016
Remove  tid 106016
FindTargetPageId rootid 5 tid 106015
target_page_id id: 4 tid 106015
0 1 tid 106015
148 6 tid 106015
365 4 tid 106015
492 7 tid 106015
127 tid 106015
Insert  tid 106015
FindTargetPageId rootid 5 tid 106017
target_page_id id: 7 tid 106017
0 1 tid 106017
148 6 tid 106017
365 4 tid 106017
492 7 tid 106017
203 tid 106017
Insert  tid 106017
FindTargetPageId rootid 5 tid 106016
target_page_id id: 7 tid 106016
0 1 tid 106016
148 6 tid 106016
365 4 tid 106016
492 7 tid 106016
204 tid 106016
Remove  tid 106016
FindTargetPageId rootid 5 tid 106015
target_page_id id: 4 tid 106015
0 1 tid 106015
148 6 tid 106015
365 4 tid 106015
492 7 tid 106015
127 tid 106015
FindTargetPageId rootid 5 tid 106017
target_page_id id: 7 tid 106017
0 1 tid 106017
148 6 tid 106017
365 4 tid 106017
492 7 tid 106017
204 tid 106017
Insert  tid 106015
Insert  tid 106017
FindTargetPageId rootid 5 tid 106016
target_page_id id: 7 tid 106016
0 1 tid 106016
148 6 tid 106016
365 4 tid 106016
492 7 tid 106016
205 tid 106016
Remove  tid 106016
FindTargetPageId rootid 5 tid 106015
target_page_id id: 4 tid 106015
0 1 tid 106015
148 6 tid 106015
365 4 tid 106015
492 7 tid 106015
127 tid 106015
Insert  tid 106015
FindTargetPageId rootid 5 tid 106017
target_page_id id: 7 tid 106017
0 1 tid 106017
148 6 tid 106017
365 4 tid 106017
492 7 tid 106017
205 tid 106017
Insert  tid 106017
FindTargetPageId rootid 5 tid 106016
target_page_id id: 7 tid 106016
0 1 tid 106016
148 6 tid 106016
365 4 tid 106016
492 7 tid 106016
206 tid 106016
Remove  tid 106016
FindTargetPageId rootid 5 tid 106015
target_page_id id: 4 tid 106015
0 1 tid 106015
148 6 tid 106015
365 4 tid 106015
492 7 tid 106015
127 tid 106015
Insert  tid 106015
FindTargetPageId rootid 5 tid 106017
target_page_id id: 7 tid 106017
0 1 tid 106017
148 6 tid 106017
365 4 tid 106017
492 7 tid 106017
206 tid 106017
Insert  tid 106017
FindTargetPageId rootid 5 tid 106016
target_page_id id: 7 tid 106016
0 1 tid 106016
148 6 tid 106016
365 4 tid 106016
492 7 tid 106016
207 tid 106016
FindTargetPageId rootid 5 tid 106015
target_page_id id: 4 tid 106015
0 1 tid 106015
148 6 tid 106015
365 4 tid 106015
492 7 tid 106015
Remove  tid 106016
127 tid 106015
Insert  tid 106015
FindTargetPageId rootid 5 tid 106015
target_page_id id: 4 tid 106015
0 1 tid 106015
148 6 tid 106015
365 4 tid 106015
492 7 tid 106015
127 tid 106015
Insert  tid 106015
FindTargetPageId rootid 5 tid 106015
target_page_id id: 4 tid 106015
0 1 tid 106015
148 6 tid 106015
365 4 tid 106015
492 7 tid 106015
127 tid 106015
Insert  tid 106015
FindTargetPageId rootid 5 tid 106016
target_page_id id: 7 tid 106016
0 1 tid 106016
148 6 tid 106016
365 4 tid 106016
492 7 tid 106016
207 tid 106016
Remove  tid 106016
FindTargetPageId rootid 5 tid 106017
target_page_id id: 7 tid 106017
0 1 tid 106017
148 6 tid 106017
365 4 tid 106017
492 7 tid 106017
207 tid 106017
Insert  tid 106017
FindTargetPageId rootid 5 tid 106015
target_page_id id: 4 tid 106015
0 1 tid 106015
148 6 tid 106015
365 4 tid 106015
492 7 tid 106015
127 tid 106015
Insert  tid 106015
FindTargetPageId rootid 5 tid 106016
target_page_id id: 7 tid 106016
0 1 tid 106016
148 6 tid 106016
365 4 tid 106016
492 7 tid 106016
208 tid 106016
FindTargetPageId rootid 5 tid 106017
target_page_id id: 7 tid 106017
0 1 tid 106017
148 6 tid 106017
365 4 tid 106017
492 7 tid 106017
208 tid 106017
Remove  tid 106016
FindTargetPageId rootid 5 tid Insert  tid 106016
target_page_id id: 7 tid 106016
0 1 tid 106016
148 6 tid 106016
365 4 tid 106016
492 7 tid 106016
209 tid 106017
106016
Remove  tid 106016
FindTargetPageId rootid 5 tid 106015
target_page_id id: 4 tid 106015
0 1 tid 106015
148 6 tid 106015
365 4 tid 106015
492 7 tid 106015
127 tid 106015
Insert  tid 106015
FindTargetPageId rootid 5 tid 106017
target_page_id id: 7 tid 106017
0 1 tid 106017
148 6 tid 106017
365 4 tid 106017
492 7 tid 106017
209 tid 106017
Insert  tid 106017
FindTargetPageId rootid 5 tid 106016
target_page_id id: 7 tid 106016
0 1 tid 106016
148 6 tid 106016
365 4 tid 106016
492 7 tid 106016
210 tid 106016
Remove  tid 106016
FindTargetPageId rootid 5 tid 106015
target_page_id id: 4 tid 106015
0 1 tid 106015
148 6 tid 106015
365 4 tid 106015
492 7 tid 106015
127 tid 106015
Insert  tid 106015
FindTargetPageId rootid 5 tid 106017
target_page_id id: 7 tid 106017
0 1 tid 106017
148 6 tid 106017
365 4 tid 106017
492 7 tid 106017
210 tid 106017
Insert  tid 106017
FindTargetPageId rootid 5 tid 106016
target_page_id id: 7 tid 106016
0 1 tid 106016
148 6 tid 106016
365 4 tid 106016
492 7 tid 106016
211 tid 106016
Remove  tid 106016
FindTargetPageId rootid 5 tid 106015
target_page_id id: 4 tid 106015
0 1 tid 106015
148 6 tid 106015
365 4 tid 106015
492 7 tid 106015
127 tid 106015
Insert  tid 106015
FindTargetPageId rootid 5 tid 106017
target_page_id id: 7 tid 106017
0 1 tid 106017
148 6 tid 106017
365 4 tid 106017
492 7 tid 106017
211 tid 106017
Insert  tid 106017
FindTargetPageId rootid 5 tid 106016
target_page_id id: 7 tid 106016
0 1 tid 106016
148 6 tid 106016
365 4 tid 106016
492 7 tid 106016
212 tid 106016
Remove  tid 106016
FindTargetPageId rootid 5 tid 106015
target_page_id id: 4 tid 106015
0 1 tid 106015
148 6 tid 106015
365 4 tid 106015
492 7 tid 106015
127 tid 106015
Insert  tid 106015
FindTargetPageId rootid 5 tid 106017
target_page_id id: 7 tid 106017
0 1 tid 106017
148 6 tid 106017
365 4 tid 106017
492 7 tid 106017
212 tid 106017
Insert  tid 106017
FindTargetPageId rootid 5 tid 106016
target_page_id id: 7 tid 106016
0 1 tid 106016
148 6 tid 106016
365 4 tid 106016
492 7 tid 106016
213 tid 106016
Remove  tid 106016
FindTargetPageId rootid 5 tid 106016
target_page_id id: 7 tid 106016
0 1 tid 106016
148 6 tid 106016
365 4 tid 106016
492 7 tid 106016
213 tid 106016
Remove  tid 106016
FindTargetPageId rootid 5 tid 106016
target_page_id id: 7 tid 106016
0 1 tid 106016
148 6 tid 106016
365 4 tid 106016
492 7 tid 106016
213 tid 106016
Remove  tid 106016
FindTargetPageId rootid 5 tid 106016
target_page_id id: 7 tid 106016
0 1 tid 106016
148 6 tid 106016
365 4 tid 106016
492 7 tid 106016
213 tid 106016
Remove  tid 106016
FindTargetPageId rootid 5 tid 106016
target_page_id id: 7 tid 106016
0 1 tid 106016
148 6 tid 106016
365 4 tid 106016
492 7 tid 106016
213 tid 106016
Remove  tid 106016
FindTargetPageId rootid 5 tid 106016
target_page_id id: 7 tid 106016
0 1 tid 106016
148 6 tid 106016
365 4 tid 106016
492 7 tid 106016
213 tid 106016
Remove  tid 106016
FindTargetPageId rootid 5 tid 106016
target_page_id id: 7 tid 106016
0 1 tid 106016
148 6 tid 106016
365 4 tid 106016
492 7 tid 106016
213 tid 106016
Remove  tid 106016
FindTargetPageId rootid 5 tid 106016
target_page_id id: 7 tid 106016
0 1 tid 106016
148 6 tid 106016
365 4 tid 106016
492 7 tid 106016
213 tid 106016
Remove  tid 106016
FindTargetPageId rootid 5 tid 106015
target_page_id id: 4 tid 106015
0 1 tid 106015
148 6 tid 106015
365 4 tid 106015
492 7 tid 106015
127 tid 106015
Insert  tid 106015
FindTargetPageId rootid 5 tid 106017
target_page_id id: 7 tid 106017
0 1 tid 106017
148 6 tid 106017
365 4 tid 106017
492 7 tid 106017
213 tid 106017
Insert  tid 106017
FindTargetPageId rootid 5 tid 106016
target_page_id id: 7 tid 106016
0 1 tid 106016
148 6 tid 106016
365 4 tid 106016
492 7 tid 106016
214 tid 106016
Remove  tid 106016
FindTargetPageId rootid 5 tid 106015
target_page_id id: 4 tid 106015
0 1 tid 106015
148 6 tid 106015
365 4 tid 106015
492 7 tid 106015
127 tid 106015
Insert  tid 106015
FindTargetPageId rootid 5 tid 106017
target_page_id id: 7 tid 106017
0 1 tid 106017
148 6 tid 106017
365 4 tid 106017
492 7 tid 106017
214 tid 106017
Insert  tid 106017
FindTargetPageId rootid 5 tid 106016
target_page_id id: 7 tid 106016
0 1 tid 106016
148 6 tid 106016
365 4 tid 106016
492 7 tid 106016
215 tid 106016
Remove  tid 106016
FindTargetPageId rootid 5 tid 106015
target_page_id id: 4 tid 106015
0 1 tid 106015
148 6 tid 106015
365 4 tid 106015
492 7 tid 106015
127 tid 106015
Insert  tid 106015
FindTargetPageId rootid 5 tid 106017
target_page_id id: 7 tid 106017
0 1 tid 106017
148 6 tid 106017
365 4 tid 106017
492 7 tid 106017
215 tid 106017
Insert  tid 106017
FindTargetPageId rootid 5 tid 106016
target_page_id id: 7 tid 106016
0 1 tid 106016
148 6 tid 106016
365 4 tid 106016
492 7 tid 106016
216 tid 106016
Remove  tid 106016
FindTargetPageId rootid 5 tid 106015
target_page_id id: 4 tid 106015
0 1 tid 106015
148 6 tid 106015
365 4 tid 106015
492 7 tid 106015
127 tid 106015
Insert  tid 106015
FindTargetPageId rootid 5 tid 106017
target_page_id id: 7 tid 106017
0 1 tid 106017
148 6 tid 106017
365 4 tid 106017
492 7 tid 106017
216 tid 106017
Insert  tid 106017
FindTargetPageId rootid 5 tid 106016
target_page_id id: 7 tid 106016
0 1 tid 106016
148 6 tid 106016
365 4 tid 106016
492 7 tid 106016
217 tid 106016
Remove  tid 106016
FindTargetPageId rootid 5 tid 106015
target_page_id id: 4 tid 106015
0 1 tid 106015
148 6 tid 106015
365 4 tid 106015
492 7 tid 106015
127 tid 106015
Insert  tid 106015
FindTargetPageId rootid 5 tid 106017
target_page_id id: 7 tid 106017
0 1 tid 106017
148 6 tid 106017
365 4 tid 106017
492 7 tid 106017
217 tid 106017
Insert  tid 106017
FindTargetPageId rootid 5 tid 106016
target_page_id id: 7 tid 106016
0 1 tid 106016
148 6 tid 106016
365 4 tid 106016
492 7 tid 106016
218 tid 106016
Remove  tid 106016
FindTargetPageId rootid 5 tid 106015
target_page_id id: 4 tid 106015
0 1 tid 106015
148 6 tid 106015
365 4 tid 106015
492 7 tid 106015
127 tid 106015
Insert  tid 106015
FindTargetPageId rootid 5 tid 106017
target_page_id id: 7 tid 106017
0 1 tid 106017
148 6 tid 106017
365 4 tid 106017
492 7 tid 106017
218 tid 106017
Insert  tid 106017
FindTargetPageId rootid 5 tid 106016
target_page_id id: 7 tid 106016
0 1 tid 106016
148 6 tid 106016
365 4 tid 106016
492 7 tid 106016
219 tid 106016
Remove  tid 106016
FindTargetPageId rootid 5 tid 106016
target_page_id id: 7 tid 106016
0 1 tid 106016
148 6 tid 106016
365 4 tid 106016
492 7 tid 106016
219 tid 106016
Remove  tid 106016
FindTargetPageId rootid 5 tid 106016
target_page_id id: 7 tid 106016
0 1 tid 106016
148 6 tid 106016
365 4 tid 106016
492 7 tid 106016
219 tid 106016
Remove  tid 106016
FindTargetPageId rootid 5 tid 106016
target_page_id id: 7 tid 106016
0 1 tid 106016
148 6 tid 106016
365 4 tid 106016
492 7 tid 106016
219 tid 106016
Remove  tid 106016
FindTargetPageId rootid 5 tid 106016
target_page_id id: 7 tid 106016
0 1 tid 106016
148 6 tid 106016
365 4 tid 106016
492 7 tid 106016
219 tid 106016
Remove  tid 106016
FindTargetPageId rootid 5 tid 106016
target_page_id id: 7 tid 106016
0 1 tid 106016
148 6 tid 106016
365 4 tid 106016
492 7 tid 106016
219 tid 106016
Remove  tid 106016
FindTargetPageId rootid 5 tid 106016
target_page_id id: 7 tid 106016
0 1 tid 106016
148 6 tid 106016
365 4 tid 106016
492 7 tid 106016
219 tid 106016
Remove  tid 106016
FindTargetPageId rootid 5 tid 106016
target_page_id id: 7 tid 106016
0 1 tid 106016
148 6 tid 106016
365 4 tid 106016
492 7 tid 106016
219 tid 106016
Remove  tid 106016
FindTargetPageId rootid 5 tid 106016
target_page_id id: 7 tid 106016
0 1 tid 106016
148 6 tid 106016
365 4 tid 106016
492 7 tid 106016
219 tid 106016
Remove  tid 106016
FindTargetPageId rootid 5 tid 106016
target_page_id id: 7 tid 106016
0 1 tid 106016
148 6 tid 106016
365 4 tid 106016
492 7 tid 106016
219 tid 106016
Remove  tid 106016
FindTargetPageId rootid 5 tid 106016
target_page_id id: 7 tid 106016
0 1 tid 106016
148 6 tid 106016
365 4 tid 106016
492 7 tid 106016
219 tid 106016
Remove  tid 106016
FindTargetPageId rootid 5 tid 106016
target_page_id id: 7 tid 106016
0 1 tid 106016
148 6 tid 106016
365 4 tid 106016
492 7 tid 106016
219 tid 106016
Remove  tid 106016
FindTargetPageId rootid 5 tid 106016
target_page_id id: 7 tid 106016
0 1 tid 106016
148 6 tid 106016
365 4 tid 106016
492 7 tid 106016
219 tid 106016
Remove  tid 106016
FindTargetPageId rootid 5 tid 106017
target_page_id id: 7 tid 106017
0 1 tid 106017
148 6 tid 106017
365 4 tid 106017
492 7 tid 106017
219 tid 106017
Insert  tid 106017
FindTargetPageId rootid 5 tid 106015
target_page_id id: 4 tid 106015
0 1 tid 106015
148 6 tid 106015
365 4 tid 106015
492 7 tid 106015
127 tid 106015
Insert  tid 106015
FindTargetPageId rootid 5 tid 106016
target_page_id id: 7 tid 106016
0 1 tid 106016
148 6 tid 106016
365 4 tid 106016
492 7 tid 106016
220 tid 106016
Remove  tid 106016
FindTargetPageId rootid 5 tid 106017
target_page_id id: 7 tid 106017
0 1 tid 106017
148 6 tid 106017
365 4 tid 106017
492 7 tid 106017
220 tid 106017
Insert  tid 106017
FindTargetPageId rootid 5 tid 106015
target_page_id id: 4 tid 106015
0 1 tid 106015
148 6 tid 106015
365 4 tid 106015
492 7 tid 106015
127 tid 106015
Insert  tid 106015
FindTargetPageId rootid 5 tid 106016
target_page_id id: 7 tid 106016
0 1 tid 106016
148 6 tid 106016
365 4 tid 106016
492 7 tid 106016
221 tid 106016
Remove  tid 106016
FindTargetPageId rootid 5 tid 106017
target_page_id id: 7 tid 106017
0 1 tid 106017
148 6 tid 106017
365 4 tid 106017
492 7 tid 106017
221 tid 106017
Insert  tid 106017
FindTargetPageId rootid 5 tid 106015
target_page_id id: 4 tid 106015
0 1 tid 106015
148 6 tid 106015
365 4 tid 106015
492 7 tid 106015
127 tid 106015
Insert  tid 106015
FindTargetPageId rootid 5 tid 106016
target_page_id id: 7 tid 106016
0 1 tid 106016
148 6 tid 106016
365 4 tid 106016
492 7 tid 106016
222 tid 106016
Remove  tid 106016
FindTargetPageId rootid 5 tid 106017
target_page_id id: 7 tid 106017
0 1 tid 106017
148 6 tid 106017
365 4 tid 106017
492 7 tid 106017
222 tid 106017
Insert  tid 106017
FindTargetPageId rootid 5 tid 106015
target_page_id id: 4 tid 106015
0 1 tid 106015
148 6 tid 106015
365 4 tid 106015
492 7 tid 106015
127 tid 106015
Insert  tid 106015
FindTargetPageId rootid 5 tid 106016
target_page_id id: 7 tid 106016
0 1 tid 106016
148 6 tid 106016
365 4 tid 106016
492 7 tid 106016
223 tid 106016
Remove  tid 106016
FindTargetPageId rootid 5 tid 106017
target_page_id id: 7 tid 106017
0 1 tid 106017
148 6 tid 106017
365 4 tid 106017
492 7 tid 106017
223 tid 106017
Insert  tid 106017
FindTargetPageId rootid 5 tid 106015
target_page_id id: 4 tid 106015
0 1 tid 106015
148 6 tid 106015
365 4 tid 106015
492 7 tid 106015
127 tid 106015
Insert  tid 106015
FindTargetPageId rootid 5 tid 106015
target_page_id id: 4 tid 106015
0 1 tid 106015
148 6 tid 106015
365 4 tid 106015
492 7 tid 106015
127 tid 106015
Insert  tid 106015
FindTargetPageId rootid 5 tid 106015
target_page_id id: 4 tid 106015
0 1 tid 106015
148 6 tid 106015
365 4 tid 106015
492 7 tid 106015
127 tid 106015
Insert  tid 106015
FindTargetPageId rootid 5 tid 106016
target_page_id id: 7 tid 106016
0 1 tid 106016
148 6 tid 106016
365 4 tid 106016
492 7 tid 106016
224 tid 106016
Remove  tid 106016
FindTargetPageId rootid 5 tid 106017
target_page_id id: 7 tid 106017
0 1 tid 106017
148 6 tid 106017
365 4 tid 106017
492 7 tid 106017
224 tid 106017
Insert  tid 106017
FindTargetPageId rootid 5 tid 106015
target_page_id id: 4 tid 106015
0 1 tid 106015
148 6 tid 106015
365 4 tid 106015
492 7 tid 106015
127 tid 106015
Insert  tid 106015
FindTargetPageId rootid 5 tid 106016
target_page_id id: 7 tid 106016
0 1 tid 106016
148 6 tid 106016
365 4 tid 106016
492 7 tid 106016
225 tid 106016
FindTargetPageId rootid 5 tid 106017
target_page_id id: 7 tid 106017
0 1 tid 106017
148 6 tid 106017
365 4 tid 106017
492 7 tid 106017
225 tid 106017
Remove  tid 106016
Insert  tid 106017
FindTargetPageId rootid 5 tid 106015
target_page_id id: 4 tid 106015
0 1 tid 106015
148 6 tid 106015
365 4 tid 106015
492 7 tid 106015
127 tid 106015
Insert  tid 106015
FindTargetPageId rootid 5 tid 106015
target_page_id id: 4 tid 106015
0 1 tid 106015
148 6 tid 106015
365 4 tid 106015
492 7 tid 106015
127 tid 106015
Insert  tid 106015
FindTargetPageId rootid 5 tid 106017
target_page_id id: 7 tid 106017
0 1 tid 106017
148 6 tid 106017
365 4 tid 106017
492 7 tid 106017
226 tid 106017
Insert  tid 106017
FindTargetPageId rootid 5 tid 106016
target_page_id id: 7 tid 106016
0 1 tid 106016
148 6 tid 106016
365 4 tid 106016
492 7 tid 106016
227 tid 106016
Remove  tid 106016
FindTargetPageId rootid 5 tid 106015
target_page_id id: 4 tid 106015
0 1 tid 106015
148 6 tid 106015
365 4 tid 106015
492 7 tid 106015
127 tid 106015
Insert  tid 106015
FindTargetPageId rootid 5 tid 106017
target_page_id id: 7 tid 106017
0 1 tid 106017
148 6 tid 106017
365 4 tid 106017
492 7 tid 106017
227 tid 106017
Insert  tid 106017
FindTargetPageId rootid 5 tid 106016
target_page_id id: 7 tid 106016
0 1 tid 106016
148 6 tid 106016
365 4 tid 106016
492 7 tid 106016
228 tid 106016
Remove  tid 106016
FindTargetPageId rootid 5 tid 106015
target_page_id id: 4 tid 106015
0 1 tid 106015
148 6 tid 106015
365 4 tid 106015
492 7 tid 106015
127 tid 106015
Insert  tid 106015
FindTargetPageId rootid 5 tid 106017
target_page_id id: 7 tid 106017
0 1 tid 106017
148 6 tid 106017
365 4 tid 106017
492 7 tid 106017
228 tid 106017
Insert  tid 106017
FindTargetPageId rootid 5 tid 106016
target_page_id id: 7 tid 106016
0 1 tid 106016
148 6 tid 106016
365 4 tid 106016
492 7 tid 106016
229 tid 106016
Remove  tid 106016
FindTargetPageId rootid 5 tid 106016
target_page_id id: 7 tid 106016
0 1 tid 106016
148 6 tid 106016
365 4 tid 106016
492 7 tid 106016
229 tid 106016
Remove  tid 106016
FindTargetPageId rootid 5 tid 106016
target_page_id id: 7 tid 106016
0 1 tid 106016
148 6 tid 106016
365 4 tid 106016
492 7 tid 106016
229 tid 106016
Remove  tid 106016
FindTargetPageId rootid 5 tid 106015
target_page_id id: 4 tid 106015
0 1 tid 106015
148 6 tid 106015
365 4 tid 106015
492 7 tid 106015
127 tid 106015
Insert  tid 106015
FindTargetPageId rootid 5 tid 106017
target_page_id id: 7 tid 106017
0 1 tid 106017
148 6 tid 106017
365 4 tid 106017
492 7 tid 106017
229 tid 106017
Insert  tid 106017
FindTargetPageId rootid 5 tid 106016
target_page_id id: 7 tid 106016
0 1 tid 106016
148 6 tid 106016
365 4 tid 106016
492 7 tid 106016
230 tid 106016
Remove  tid 106016
FindTargetPageId rootid 5 tid 106015
target_page_id id: 4 tid 106015
0 1 tid 106015
148 6 tid 106015
365 4 tid 106015
492 7 tid 106015
127 tid 106015
Insert  tid 106015
FindTargetPageId rootid 5 tid 106017
target_page_id id: 7 tid 106017
0 1 tid 106017
148 6 tid 106017
365 4 tid 106017
492 7 tid 106017
230 tid 106017
Insert  tid 106017
FindTargetPageId rootid 5 tid 106016
target_page_id id: 7 tid 106016
0 1 tid 106016
148 6 tid 106016
365 4 tid 106016
492 7 tid 106016
231 tid 106016
Remove  tid 106016
FindTargetPageId rootid 5 tid 106015
target_page_id id: 4 tid 106015
0 1 tid 106015
148 6 tid 106015
365 4 tid 106015
492 7 tid 106015
127 tid 106015
Insert  tid 106015
FindTargetPageId rootid 5 tid 106017
target_page_id id: 7 tid 106017
0 1 tid 106017
148 6 tid 106017
365 4 tid 106017
492 7 tid 106017
231 tid 106017
Insert  tid 106017
FindTargetPageId rootid 5 tid 106016
target_page_id id: 7 tid 106016
0 1 tid 106016
148 6 tid 106016
365 4 tid 106016
492 7 tid 106016
232 tid 106016
Remove  tid 106016
FindTargetPageId rootid 5 tid 106015
target_page_id id: 4 tid 106015
0 1 tid 106015
148 6 tid 106015
365 4 tid 106015
492 7 tid 106015
127 tid 106015
Insert  tid 106015
FindTargetPageId rootid 5 tid 106017
target_page_id id: 7 tid 106017
0 1 tid 106017
148 6 tid 106017
365 4 tid 106017
492 7 tid 106017
232 tid 106017
Insert  tid 106017
FindTargetPageId rootid 5 tid 106016
target_page_id id: 7 tid 106016
0 1 tid 106016
148 6 tid 106016
365 4 tid 106016
492 7 tid 106016
233 tid 106016
Remove  tid 106016
FindTargetPageId rootid 5 tid 106015
target_page_id id: 4 tid 106015
0 1 tid 106015
148 6 tid 106015
365 4 tid 106015
492 7 tid 106015
127 tid 106015
Insert  tid 106015
FindTargetPageId rootid 5 tid 106015
target_page_id id: 4 tid 106015
0 1 tid 106015
148 6 tid 106015
365 4 tid 106015
492 7 tid 106015
127 tid 106015
Insert  tid 106015
FindTargetPageId rootid 5 tid 106015
target_page_id id: 4 tid 106015
0 1 tid 106015
148 6 tid 106015
365 4 tid 106015
492 7 tid 106015
127 tid 106015
Insert  tid 106015
FindTargetPageId rootid 5 tid 106017
target_page_id id: 7 tid 106017
0 1 tid 106017
148 6 tid 106017
365 4 tid 106017
492 7 tid 106017
233 tid 106017
Insert  tid 106017
FindTargetPageId rootid 5 tid 106017
target_page_id id: 7 tid 106017
0 1 tid 106017
148 6 tid 106017
365 4 tid 106017
492 7 tid 106017
234 tid 106017
Insert  tid 106017
FindTargetPageId rootid 5 tid 106017
target_page_id id: 7 tid 106017
0 1 tid 106017
148 6 tid 106017
365 4 tid 106017
492 7 tid 106017
235 tid 106017
Insert  tid 106017
FindTargetPageId rootid 5 tid 106017
target_page_id id: 7 tid 106017
0 1 tid 106017
148 6 tid 106017
365 4 tid 106017
492 7 tid 106017
236 tid 106017
Insert  tid 106017
FindTargetPageId rootid 5 tid 106017
target_page_id id: 7 tid 106017
0 1 tid 106017
148 6 tid 106017
365 4 tid 106017
492 7 tid 106017
237 tid 106017
Insert  tid 106017
FindTargetPageId rootid 5 tid 106017
target_page_id id: 7 tid 106017
0 1 tid 106017
148 6 tid 106017
365 4 tid 106017
492 7 tid 106017
238 tid 106017
Insert  tid 106017
FindTargetPageId rootid 5 tid 106017
target_page_id id: 7 tid 106017
0 1 tid 106017
148 6 tid 106017
365 4 tid 106017
492 7 tid 106017
239 tid 106017
Insert  tid 106017
FindTargetPageId rootid 5 tid 106017
target_page_id id: 7 tid 106017
0 1 tid 106017
148 6 tid 106017
365 4 tid 106017
492 7 tid 106017
240 tid 106017
Insert  tid 106017
FindTargetPageId rootid 5 tid 106015
target_page_id id: 4 tid 106015
0 1 tid 106015
148 6 tid 106015
365 4 tid 106015
492 7 tid 106015
127 tid 106015
Insert  tid 106015
FindTargetPageId rootid 5 tid 106015
target_page_id id: 7 tid 106015
0 1 tid 106015
148 6 tid 106015
365 4 tid 106015
492 7 tid 106015
241 tid 106015
Insert  tid 106015
FindTargetPageId rootid 5 tid 106015
target_page_id id: 7 tid 106015
0 1 tid 106015
148 6 tid 106015
365 4 tid 106015
492 7 tid 106015
241 tid 106015
Insert  tid 106015
FindTargetPageId rootid 5 tid 106015
target_page_id id: 7 tid 106015
0 1 tid 106015
148 6 tid 106015
365 4 tid 106015
492 7 tid 106015
241 tid 106015
Insert  tid 106015
FindTargetPageId rootid 5 tid 106015
target_page_id id: 7 tid 106015
0 1 tid 106015
148 6 tid 106015
365 4 tid 106015
492 7 tid 106015
241 tid 106015
Insert  tid 106015
FindTargetPageId rootid 5 tid 106015
target_page_id id: 7 tid 106015
0 1 tid 106015
148 6 tid 106015
365 4 tid 106015
492 7 tid 106015
241 tid 106015
Insert  tid 106015
FindTargetPageId rootid 5 tid 106015
target_page_id id: 7 tid 106015
0 1 tid 106015
148 6 tid 106015
365 4 tid 106015
492 7 tid 106015
241 tid 106015
Insert  tid 106015
FindTargetPageId rootid 5 tid 106016
target_page_id id: 7 tid 106016
0 1 tid 106016
148 6 tid 106016
365 4 tid 106016
492 7 tid 106016
241 tid 106016
Remove  tid 106016
FindTargetPageId rootid 5 tid 106016
target_page_id id: 7 tid 106016
0 1 tid 106016
148 6 tid 106016
365 4 tid 106016
492 7 tid 106016
241 tid 106016
Remove  tid 106016
FindTargetPageId rootid 5 tid 106017
target_page_id id: 7 tid 106017
0 1 tid 106017
148 6 tid 106017
365 4 tid 106017
492 7 tid 106017
241 tid 106017
Insert  tid 106017
FindTargetPageId rootid 5 tid 106015
target_page_id id: 7 tid 106015
0 1 tid 106015
148 6 tid 106015
365 4 tid 106015
492 7 tid 106015
242 tid 106015
Insert  tid 106015
FindTargetPageId rootid 5 tid 106015
target_page_id id: 7 tid 106015
0 1 tid 106015
148 6 tid 106015
365 4 tid 106015
492 7 tid 106015
242 tid 106015
Insert  tid 106015
FindTargetPageId rootid 5 tid 106015
target_page_id id: 7 tid 106015
0 1 tid 106015
148 6 tid 106015
365 4 tid 106015
492 7 tid 106015
242 tid 106015
Insert  tid 106015
FindTargetPageId rootid 5 tid 106016
target_page_id id: 7 tid 106016
0 1 tid 106016
148 6 tid 106016
365 4 tid 106016
492 7 tid 106016
242 tid 106016
Remove  tid 106016
FindTargetPageId rootid 5 tid 106016
target_page_id id: 7 tid 106016
0 1 tid 106016
148 6 tid 106016
365 4 tid 106016
492 7 tid 106016
242 tid 106016
Remove  tid 106016
FindTargetPageId rootid 5 tid 106016
target_page_id id: 7 tid 106016
0 1 tid 106016
148 6 tid 106016
365 4 tid 106016
492 7 tid 106016
242 tid 106016
Remove  tid 106016
FindTargetPageId rootid 5 tid 106016
target_page_id id: 7 tid 106016
0 1 tid 106016
148 6 tid 106016
365 4 tid 106016
492 7 tid 106016
242 tid 106016
Remove  tid 106016
FindTargetPageId rootid 5 tid 106016
target_page_id id: 7 tid 106016
0 1 tid 106016
148 6 tid 106016
365 4 tid 106016
492 7 tid 106016
242 tid 106016
Remove  tid 106016
FindTargetPageId rootid 5 tid 106016
target_page_id id: 7 tid 106016
0 1 tid 106016
148 6 tid 106016
365 4 tid 106016
492 7 tid 106016
242 tid 106016
Remove  tid 106016
FindTargetPageId rootid 5 tid 106016
target_page_id id: 7 tid 106016
0 1 tid 106016
148 6 tid 106016
365 4 tid 106016
492 7 tid 106016
242 tid 106016
Remove  tid 106016
FindTargetPageId rootid 5 tid 106016
target_page_id id: 7 tid 106016
0 1 tid 106016
148 6 tid 106016
365 4 tid 106016
492 7 tid 106016
242 tid 106016
Remove  tid 106016
FindTargetPageId rootid 5 tid 106015
target_page_id id: 7 tid 106015
0 1 tid 106015
148 6 tid 106015
365 4 tid 106015
492 7 tid 106015
242 tid 106015
Insert  tid 106015
FindTargetPageId rootid 5 tid 106017
target_page_id id: 7 tid 106017
0 1 tid 106017
148 6 tid 106017
365 4 tid 106017
492 7 tid 106017
242 tid 106017
Insert  tid 106017
FindTargetPageId rootid 5 tid 106017
target_page_id id: 7 tid 106017
0 1 tid 106017
148 6 tid 106017
365 4 tid 106017
492 7 tid 106017
243 tid 106017
Insert  tid 106017
FindTargetPageId rootid 5 tid 106017
target_page_id id: 7 tid 106017
0 1 tid 106017
148 6 tid 106017
365 4 tid 106017
492 7 tid 106017
244 tid 106017
Insert  tid 106017
FindTargetPageId rootid 5 tid 106017
target_page_id id: 7 tid 106017
0 1 tid 106017
148 6 tid 106017
365 4 tid 106017
492 7 tid 106017
245 tid 106017
Insert  tid 106017
FindTargetPageId rootid 5 tid 106017
target_page_id id: 7 tid 106017
0 1 tid 106017
148 6 tid 106017
365 4 tid 106017
492 7 tid 106017
246 tid 106017
Insert  tid 106017
FindTargetPageId rootid 5 tid 106017
target_page_id id: 7 tid 106017
0 1 tid 106017
148 6 tid 106017
365 4 tid 106017
492 7 tid 106017
247 tid 106017
Insert  tid 106017
FindTargetPageId rootid 5 tid 106017
target_page_id id: 7 tid 106017
0 1 tid 106017
148 6 tid 106017
365 4 tid 106017
492 7 tid 106017
248 tid 106017
Insert  tid 106017
FindTargetPageId rootid 5 tid 106017
target_page_id id: 7 tid 106017
0 1 tid 106017
148 6 tid 106017
365 4 tid 106017
492 7 tid 106017
249 tid 106017
Insert  tid 106017
FindTargetPageId rootid 5 tid 106016
target_page_id id: 7 tid 106016
0 1 tid 106016
148 6 tid 106016
365 4 tid 106016
492 7 tid 106016
250 tid 106016
Remove  tid 106016
FindTargetPageId rootid 5 tid 106015
target_page_id id: 7 tid 106015
0 1 tid 106015
148 6 tid 106015
365 4 tid 106015
492 7 tid 106015
250 tid 106015
Insert  tid 106015
FindTargetPageId rootid 5 tid 106017
target_page_id id: 7 tid 106017
0 1 tid 106017
148 6 tid 106017
365 4 tid 106017
492 7 tid 106017
250 tid 106017
Insert  tid 106017
FindTargetPageId rootid 5 tid 106016
target_page_id id: 7 tid 106016
0 1 tid 106016
148 6 tid 106016
365 4 tid 106016
492 7 tid 106016
251 tid 106016
Remove  tid 106016
FindTargetPageId rootid 5 tid 106015
target_page_id id: 7 tid 106015
0 1 tid 106015
148 6 tid 106015
365 4 tid 106015
492 7 tid 106015
251 tid 106015
Insert  tid 106015
FindTargetPageId rootid 5 tid 106017
target_page_id id: 7 tid 106017
0 1 tid 106017
148 6 tid 106017
365 4 tid 106017
492 7 tid 106017
251 tid 106017
Insert  tid 106017
FindTargetPageId rootid 5 tid 106016
target_page_id id: 7 tid 106016
0 1 tid 106016
148 6 tid 106016
365 4 tid 106016
492 7 tid 106016
252 tid 106016
Remove  tid 106016
FindTargetPageId rootid 5 tid 106015
target_page_id id: 7 tid 106015
0 1 tid 106015
148 6 tid 106015
365 4 tid 106015
492 7 tid 106015
252 tid 106015
Insert  tid 106015
FindTargetPageId rootid 5 tid 106017
target_page_id id: 7 tid 106017
0 1 tid 106017
148 6 tid 106017
365 4 tid 106017
492 7 tid 106017
252 tid 106017
FindTargetPageId rootid 5 tid 106016
target_page_id id: 7 tid 106016
0 1 tid 106016
148 6 tid 106016
365 4 tid 106016
492 7 tid 106016
253 tid 106016
Remove  tid 106016
FindTargetPageId rootid 5 tid 106015
target_page_id id: 7 tid 106015
0 1 tid 106015
148 6 tid 106015
365 4 tid 106015
492 7 tid 106015
253 tid 106015
Insert  tid 106015
Insert  tid 106017
FindTargetPageId rootid 5 tid 106015
target_page_id id: 7 tid 106015
0 1 tid 106015
148 6 tid 106015
365 4 tid 106015
492 7 tid 106015
253 tid 106015
FindTargetPageId rootid 5 tid 106016
target_page_id id: 7 tid 106016
0 1 tid 106016
148 6 tid 106016
365 4 tid 106016
492 7 tid 106016
Insert  tid 106015
253 tid 106016
Remove  tid 106016
FindTargetPageId rootid 5 tid 106017
target_page_id id: 7 tid 106017
0 1 tid 106017
148 6 tid 106017
365 4 tid 106017
492 7 tid 106017
253 tid 106017
Insert  tid 106017
FindTargetPageId rootid 5 tid 106015
target_page_id id: 7 tid 106015
0 1 tid 106015
148 6 tid 106015
365 4 tid 106015
492 7 tid 106015
254 tid 106015
Insert  tid 106015
FindTargetPageId rootid 5 tid 106016
target_page_id id: 7 tid 106016
0 1 tid 106016
148 6 tid 106016
365 4 tid 106016
492 7 tid 106016
254 tid 106016
Remove  tid 106016
FindTargetPageId rootid 5 tid 106017
target_page_id id: 7 tid 106017
0 1 tid 106017
148 6 tid 106017
365 4 tid 106017
492 7 tid 106017
254 tid 106017
Insert  tid 106017
FindTargetPageId rootid 5 tid 106015
target_page_id id: 7 tid 106015
0 1 tid 106015
148 6 tid 106015
365 4 tid 106015
492 7 tid 106015
619 8 tid 106015
127 tid 106015
Insert  tid 106015
FindTargetPageId rootid 5 tid 106016
target_page_id id: 8 tid 106016
0 1 tid 106016
148 6 tid 106016
365 4 tid 106016
492 7 tid 106016
619 8 tid 106016
128 tid 106016
Remove  tid 106016
FindTargetPageId rootid 5 tid 106016
target_page_id id: 8 tid 106016
0 1 tid 106016
148 6 tid 106016
365 4 tid 106016
492 7 tid 106016
619 8 tid 106016
128 tid 106016
Remove  tid 106016
FindTargetPageId rootid 5 tid 106016
target_page_id id: 8 tid 106016
0 1 tid 106016
148 6 tid 106016
365 4 tid 106016
492 7 tid 106016
619 8 tid 106016
128 tid 106016
Remove  tid 106016
FindTargetPageId rootid 5 tid 106017
target_page_id id: 8 tid 106017
0 1 tid 106017
148 6 tid 106017
365 4 tid 106017
492 7 tid 106017
619 8 tid 106017
128 tid 106017
Insert  tid 106017
FindTargetPageId rootid 5 tid 106015
target_page_id id: 7 tid 106015
0 1 tid 106015
148 6 tid 106015
365 4 tid 106015
492 7 tid 106015
619 8 tid 106015
127 tid 106015
Insert  tid 106015
FindTargetPageId rootid 5 tid 106016
target_page_id id: 8 tid 106016
0 1 tid 106016
148 6 tid 106016
365 4 tid 106016
492 7 tid 106016
619 8 tid 106016
129 tid 106016
Remove  tid 106016
FindTargetPageId rootid 5 tid 106017
target_page_id id: 8 tid 106017
0 1 tid 106017
148 6 tid 106017
365 4 tid 106017
492 7 tid 106017
619 8 tid 106017
129 tid 106017
Insert  tid 106017
FindTargetPageId rootid 5 tid 106015
target_page_id id: 7 tid 106015
0 1 tid 106015
148 6 tid 106015
365 4 tid 106015
492 7 tid 106015
619 8 tid 106015
127 tid 106015
Insert  tid 106015
FindTargetPageId rootid 5 tid 106016
target_page_id id: 8 tid 106016
0 1 tid 106016
148 6 tid 106016
365 4 tid 106016
492 7 tid 106016
619 8 tid 106016
130 tid 106016
Remove  tid 106016
FindTargetPageId rootid 5 tid 106016
target_page_id id: 8 tid 106016
0 1 tid 106016
148 6 tid 106016
365 4 tid 106016
492 7 tid 106016
619 8 tid 106016
130 tid 106016
Remove  tid 106016
FindTargetPageId rootid 5 tid 106015
target_page_id id: 7 tid 106015
0 1 tid 106015
148 6 tid 106015
365 4 tid 106015
492 7 tid 106015
619 8 tid 106015
127 tid 106015
Insert  tid 106015
FindTargetPageId rootid 5 tid 106017
target_page_id id: 8 tid 106017
0 1 tid 106017
148 6 tid 106017
365 4 tid 106017
492 7 tid 106017
619 8 tid 106017
130 tid 106017
Insert  tid 106017
FindTargetPageId rootid 5 tid 106016
target_page_id id: 8 tid 106016
0 1 tid 106016
148 6 tid 106016
365 4 tid 106016
492 7 tid 106016
619 8 tid 106016
131 tid 106016
Remove  tid 106016
FindTargetPageId rootid 5 tid 106015
target_page_id id: 7 tid 106015
0 1 tid 106015
148 6 tid 106015
365 4 tid 106015
492 7 tid 106015
619 8 tid 106015
127 tid 106015
Insert  tid 106015
FindTargetPageId rootid 5 tid 106017
target_page_id id: 8 tid 106017
0 1 tid 106017
148 6 tid 106017
365 4 tid 106017
492 7 tid 106017
619 8 tid 106017
131 tid 106017
Insert  tid 106017
FindTargetPageId rootid 5 tid 106016
target_page_id id: 8 tid 106016
0 1 tid 106016
148 6 tid 106016
365 4 tid 106016
492 7 tid 106016
619 8 tid 106016
132 tid 106016
Remove  tid 106016
FindTargetPageId rootid 5 tid 106015
target_page_id id: 7 tid 106015
0 1 tid 106015
148 6 tid 106015
365 4 tid 106015
492 7 tid 106015
619 8 tid 106015
127 tid 106015
Insert  tid 106015
FindTargetPageId rootid 5 tid 106017
target_page_id id: 8 tid 106017
0 1 tid 106017
148 6 tid 106017
365 4 tid 106017
492 7 tid 106017
619 8 tid 106017
132 tid 106017
Insert  tid 106017
FindTargetPageId rootid 5 tid 106016
target_page_id id: 8 tid 106016
0 1 tid 106016
148 6 tid 106016
365 4 tid 106016
492 7 tid 106016
619 8 tid 106016
133 tid 106016
Remove  tid 106016
FindTargetPageId rootid 5 tid 106015
target_page_id id: 7 tid 106015
0 1 tid 106015
148 6 tid 106015
365 4 tid 106015
492 7 tid 106015
619 8 tid 106015
127 tid 106015
Insert  tid 106015
FindTargetPageId rootid 5 tid 106017
target_page_id id: 8 tid 106017
0 1 tid 106017
148 6 tid 106017
365 4 tid 106017
492 7 tid 106017
619 8 tid 106017
133 tid 106017
Insert  tid 106017
FindTargetPageId rootid 5 tid 106016
target_page_id id: 8 tid 106016
0 1 tid 106016
148 6 tid 106016
365 4 tid 106016
492 7 tid 106016
619 8 tid 106016
134 tid 106016
Remove  tid 106016
FindTargetPageId rootid 5 tid 106015
target_page_id id: 7 tid 106015
0 1 tid 106015
148 6 tid 106015
365 4 tid 106015
492 7 tid 106015
619 8 tid 106015
127 tid 106015
Insert  tid 106015
FindTargetPageId rootid 5 tid 106017
target_page_id id: 8 tid 106017
0 1 tid 106017
148 6 tid 106017
365 4 tid 106017
492 7 tid 106017
619 8 tid 106017
134 tid 106017
Insert  tid 106017
FindTargetPageId rootid 5 tid 106016
target_page_id id: 8 tid 106016
0 1 tid 106016
148 6 tid 106016
365 4 tid 106016
492 7 tid 106016
619 8 tid 106016
135 tid 106016
Remove  tid 106016
FindTargetPageId rootid 5 tid 106015
target_page_id id: 7 tid 106015
0 1 tid 106015
148 6 tid 106015
365 4 tid 106015
492 7 tid 106015
619 8 tid 106015
127 tid 106015
Insert  tid 106015
FindTargetPageId rootid 5 tid 106017
target_page_id id: 8 tid 106017
0 1 tid 106017
148 6 tid 106017
365 4 tid 106017
492 7 tid 106017
619 8 tid 106017
135 tid 106017
Insert  tid 106017
FindTargetPageId rootid 5 tid 106016
target_page_id id: 8 tid 106016
0 1 tid 106016
148 6 tid 106016
365 4 tid 106016
492 7 tid 106016
619 8 tid 106016
136 tid 106016
Remove  tid 106016
FindTargetPageId rootid 5 tid 106015
target_page_id id: 7 tid 106015
0 1 tid 106015
148 6 tid 106015
365 4 tid 106015
492 7 tid 106015
619 8 tid 106015
127 tid 106015
FindTargetPageId rootid 5 tid 106017
target_page_id id: 8 tid 106017
0 1 tid 106017
148 6 tid 106017
365 4 tid 106017
492 7 tid 106017
619 8 tid 106017
136 tid 106017
Insert  tid 106017
Insert FindTargetPageId rootid 5 tid  tid 106016
target_page_id id: 8 tid 106016
0 1 tid 106016
148 6 tid 106016
365 4 tid 106016
106015
492 7 tid 106016
619 8 tid 106016
137 tid 106016
Remove  tid 106016
FindTargetPageId rootid 5 tid 106017
target_page_id id: 8 tid 106017
0 1 tid 106017
148 6 tid 106017
365 4 tid 106017
492 7 tid 106017
619 8 tid 106017
137 tid 106017
Insert  tid 106017
FindTargetPageId rootid 5 tid 106015
target_page_id id: 7 tid 106015
0 1 tid 106015
148 6 tid 106015
365 4 tid 106015
492 7 tid 106015
619 8 tid 106015
127 tid 106015
Insert  tid 106015
FindTargetPageId rootid 5 tid 106016
target_page_id id: 8 tid 106016
0 1 tid 106016
148 6 tid 106016
365 4 tid 106016
492 7 tid 106016
619 8 tid 106016
138 tid 106016
Remove  tid 106016
FindTargetPageId rootid 5 tid 106017
target_page_id id: 8 tid 106017
0 1 tid 106017
148 6 tid 106017
365 4 tid 106017
492 7 tid 106017
619 8 tid 106017
138 tid 106017
Insert  tid 106017
FindTargetPageId rootid 5 tid 106015
target_page_id id: 7 tid 106015
0 1 tid 106015
148 6 tid 106015
365 4 tid 106015
492 7 tid 106015
619 8 tid 106015
127 tid 106015
Insert  tid 106015
FindTargetPageId rootid 5 tid 106016
target_page_id id: 8 tid 106016
0 1 tid 106016
148 6 tid 106016
365 4 tid 106016
492 7 tid 106016
619 8 tid 106016
139 tid 106016
Remove  tid 106016
FindTargetPageId rootid 5 tid 106017
target_page_id id: 8 tid 106017
0 1 tid 106017
148 6 tid 106017
365 4 tid 106017
492 7 tid 106017
619 8 tid 106017
139 tid 106017
Insert  tid 106017
FindTargetPageId rootid 5 tid 106015
target_page_id id: 7 tid 106015
0 1 tid 106015
148 6 tid 106015
365 4 tid 106015
492 7 tid 106015
619 8 tid 106015
127 tid 106015
Insert  tid 106015
FindTargetPageId rootid 5 tid 106016
target_page_id id: 8 tid 106016
0 1 tid 106016
148 6 tid 106016
365 4 tid 106016
492 7 tid 106016
619 8 tid 106016
140 tid 106016
Remove  tid 106016
FindTargetPageId rootid 5 tid 106016
target_page_id id: 8 tid 106016
0 1 tid 106016
148 6 tid 106016
365 4 tid 106016
492 7 tid 106016
619 8 tid 106016
140 tid 106016
Remove  tid 106016
FindTargetPageId rootid 5 tid 106015
target_page_id id: 7 tid 106015
0 1 tid 106015
148 6 tid 106015
365 4 tid 106015
492 7 tid 106015
619 8 tid 106015
127 tid 106015
Insert  tid 106015
FindTargetPageId rootid 5 tid 106017
target_page_id id: 8 tid 106017
0 1 tid 106017
148 6 tid 106017
365 4 tid 106017
492 7 tid 106017
619 8 tid 106017
140 tid 106017
Insert  tid 106017
FindTargetPageId rootid 5 tid 106016
target_page_id id: 8 tid 106016
0 1 tid 106016
148 6 tid 106016
365 4 tid 106016
492 7 tid 106016
619 8 tid 106016
141 tid 106016
Remove  tid 106016
FindTargetPageId rootid 5 tid 106015
target_page_id id: 7 tid 106015
0 1 tid 106015
148 6 tid 106015
365 4 tid 106015
492 7 tid 106015
619 8 tid 106015
127 tid 106015
Insert  tid 106015
FindTargetPageId rootid 5 tid 106017
target_page_id id: 8 tid 106017
0 1 tid 106017
148 6 tid 106017
365 4 tid 106017
492 7 tid 106017
619 8 tid 106017
141 tid 106017
FindTargetPageId rootid 5 tid 106016
Insert  tid 106017
target_page_id id: 8 tid 106016
0 1 tid 106016
148 6 tid 106016
365 4 tid 106016
492 7 tid 106016
619 8 tid 106016
142 tid 106016
Remove  tid 106016
FindTargetPageId rootid 5 tid 106016
target_page_id id: 8 tid 106016
0 1 tid 106016
148 6 tid 106016
365 4 tid 106016
492 7 tid 106016
619 8 tid 106016
142 tid 106016
Remove  tid 106016
FindTargetPageId rootid 5 tid 106017
target_page_id id: 8 tid 106017
0 1 tid 106017
148 6 tid 106017
365 4 tid 106017
492 7 tid 106017
619 8 tid 106017
142 tid 106017
Insert  tid 106017
FindTargetPageId rootid 5 tid 106015
target_page_id id: 7 tid 106015
0 1 tid 106015
148 6 tid 106015
365 4 tid 106015
492 7 tid 106015
619 8 tid 106015
127 tid 106015
Insert  tid 106015
FindTargetPageId rootid 5 tid 106016
target_page_id id: 8 tid 106016
0 1 tid 106016
148 6 tid 106016
365 4 tid 106016
492 7 tid 106016
619 8 tid 106016
143 tid 106016
Remove  tid 106016
FindTargetPageId rootid 5 tid 106017
target_page_id id: 8 tid 106017
0 1 tid 106017
148 6 tid 106017
365 4 tid 106017
492 7 tid 106017
619 8 tid 106017
143 tid 106017
Insert  tid 106017
FindTargetPageId rootid 5 tid 106015
target_page_id id: 7 tid 106015
0 1 tid 106015
148 6 tid 106015
365 4 tid 106015
492 7 tid 106015
619 8 tid 106015
127 tid 106015
Insert  tid 106015
FindTargetPageId rootid 5 tid 106016
target_page_id id: 8 tid 106016
0 1 tid 106016
148 6 tid 106016
365 4 tid 106016
492 7 tid 106016
619 8 tid 106016
144 tid 106016
Remove  tid 106016
FindTargetPageId rootid 5 tid 106017
target_page_id id: 8 tid 106017
0 1 tid 106017
148 6 tid 106017
365 4 tid 106017
492 7 tid 106017
619 8 tid 106017
144 tid 106017
Insert  tid 106017
FindTargetPageId rootid 5 tid 106015
target_page_id id: 7 tid 106015
0 1 tid 106015
148 6 tid 106015
365 4 tid 106015
492 7 tid 106015
619 8 tid 106015
127 tid 106015
Insert  tid 106015
FindTargetPageId rootid 5 tid 106016
target_page_id id: 8 tid 106016
0 1 tid 106016
148 6 tid 106016
365 4 tid 106016
492 7 tid 106016
619 8 tid 106016
145 tid 106016
Remove  tid 106016
FindTargetPageId rootid 5 tid 106017
target_page_id id: 8 tid 106017
0 1 tid 106017
148 6 tid 106017
365 4 tid 106017
492 7 tid 106017
619 8 tid 106017
145 tid 106017
Insert  tid 106017
FindTargetPageId rootid 5 tid 106015
target_page_id id: 7 tid 106015
0 1 tid 106015
148 6 tid 106015
365 4 tid 106015
492 7 tid 106015
619 8 tid 106015
127 tid 106015
Insert  tid 106015
FindTargetPageId rootid 5 tid 106016
target_page_id id: 8 tid 106016
0 1 tid 106016
148 6 tid 106016
365 4 tid 106016
492 7 tid 106016
619 8 tid 106016
146 tid 106016
Remove  tid 106016
FindTargetPageId rootid 5 tid 106017
target_page_id id: 8 tid 106017
0 1 tid 106017
148 6 tid 106017
365 4 tid 106017
492 7 tid 106017
619 8 tid 106017
146 tid 106017
Insert  tid 106017
FindTargetPageId rootid 5 tid 106015
target_page_id id: 7 tid 106015
0 1 tid 106015
148 6 tid 106015
365 4 tid 106015
492 7 tid 106015
619 8 tid 106015
127 tid 106015
Insert  tid 106015
FindTargetPageId rootid 5 tid 106016
target_page_id id: 8 tid 106016
0 1 tid 106016
148 6 tid 106016
365 4 tid 106016
492 7 tid 106016
619 8 tid 106016
147 tid 106016
Remove  tid 106016
FindTargetPageId rootid 5 tid 106017
target_page_id id: 8 tid 106017
0 1 tid 106017
148 6 tid 106017
365 4 tid 106017
492 7 tid 106017
619 8 tid 106017
147 tid 106017
Insert  tid 106017
FindTargetPageId rootid 5 tid 106015
target_page_id id: 7 tid 106015
0 1 tid 106015
148 6 tid 106015
365 4 tid 106015
492 7 tid 106015
619 8 tid 106015
127 tid 106015
Insert  tid 106015
FindTargetPageId rootid 5 tid 106015
target_page_id id: 7 tid 106015
0 1 tid 106015
148 6 tid 106015
365 4 tid 106015
492 7 tid 106015
619 8 tid 106015
127 tid 106015
Insert  tid 106015
FindTargetPageId rootid 5 tid 106015
target_page_id id: 7 tid 106015
0 1 tid 106015
148 6 tid 106015
365 4 tid 106015
492 7 tid 106015
619 8 tid 106015
127 tid 106015
Insert  tid 106015
FindTargetPageId rootid 5 tid 106015
target_page_id id: 7 tid 106015
0 1 tid 106015
148 6 tid 106015
365 4 tid 106015
492 7 tid 106015
619 8 tid 106015
127 tid 106015
Insert  tid 106015
FindTargetPageId rootid 5 tid 106015
target_page_id id: 7 tid 106015
0 1 tid 106015
148 6 tid 106015
365 4 tid 106015
492 7 tid 106015
619 8 tid 106015
127 tid 106015
Insert  tid 106015
FindTargetPageId rootid 5 tid 106016
target_page_id id: 8 tid 106016
0 1 tid 106016
148 6 tid 106016
365 4 tid 106016
492 7 tid 106016
619 8 tid 106016
148 tid 106016
Remove  tid 106016
FindTargetPageId rootid 5 tid 106017
target_page_id id: 8 tid 106017
0 1 tid 106017
148 6 tid 106017
365 4 tid 106017
492 7 tid 106017
619 8 tid 106017
148 tid 106017
Insert  tid 106017
FindTargetPageId rootid 5 tid 106017
target_page_id id: 8 tid 106017
0 1 tid 106017
148 6 tid 106017
365 4 tid 106017
492 7 tid 106017
619 8 tid 106017
149 tid 106017
Insert  tid 106017
FindTargetPageId rootid 5 tid 106017
target_page_id id: 8 tid 106017
0 1 tid 106017
148 6 tid 106017
365 4 tid 106017
492 7 tid 106017
619 8 tid 106017
150 tid 106017
Insert  tid 106017
FindTargetPageId rootid 5 tid 106017
target_page_id id: 8 tid 106017
0 1 tid 106017
148 6 tid 106017
365 4 tid 106017
492 7 tid 106017
619 8 tid 106017
151 tid 106017
Insert  tid 106017
FindTargetPageId rootid 5 tid 106016
target_page_id id: 8 tid 106016
0 1 tid 106016
148 6 tid 106016
365 4 tid 106016
492 7 tid 106016
619 8 tid 106016
152 tid 106016
Remove  tid 106016
FindTargetPageId rootid 5 tid 106015
target_page_id id: 7 tid 106015
0 1 tid 106015
148 6 tid 106015
365 4 tid 106015
492 7 tid 106015
619 8 tid 106015
127 tid 106015
Insert  tid 106015
FindTargetPageId rootid 5 tid 106017
target_page_id id: 8 tid 106017
0 1 tid 106017
148 6 tid 106017
365 4 tid 106017
492 7 tid 106017
619 8 tid 106017
152 tid 106017
Insert  tid 106017
FindTargetPageId rootid 5 tid 106016
target_page_id id: 8 tid 106016
0 1 tid 106016
148 6 tid 106016
365 4 tid 106016
492 7 tid 106016
619 8 tid 106016
153 tid 106016
Remove  tid 106016
FindTargetPageId rootid 5 tid 106015
target_page_id id: 7 tid 106015
0 1 tid 106015
148 6 tid 106015
365 4 tid 106015
492 7 tid 106015
619 8 tid 106015
127 tid 106015
Insert  tid 106015
FindTargetPageId rootid 5 tid 106017
target_page_id id: 8 tid 106017
0 1 tid 106017
148 6 tid 106017
365 4 tid 106017
492 7 tid 106017
619 8 tid 106017
153 tid 106017
Insert  tid 106017
FindTargetPageId rootid 5 tid 106016
target_page_id id: 8 tid 106016
0 1 tid 106016
148 6 tid 106016
365 4 tid 106016
492 7 tid 106016
619 8 tid 106016
154 tid 106016
Remove  tid 106016
FindTargetPageId rootid 5 tid 106015
target_page_id id: 7 tid 106015
0 1 tid 106015
148 6 tid 106015
365 4 tid 106015
492 7 tid 106015
619 8 tid 106015
127 tid 106015
Insert  tid 106015
FindTargetPageId rootid 5 tid 106017
target_page_id id: 8 tid 106017
0 1 tid 106017
148 6 tid 106017
365 4 tid 106017
492 7 tid 106017
619 8 tid 106017
154 tid 106017
Insert  tid 106017
FindTargetPageId rootid 5 tid 106016
target_page_id id: 8 tid 106016
0 1 tid 106016
148 6 tid 106016
365 4 tid 106016
492 7 tid 106016
619 8 tid 106016
155 tid 106016
Remove  tid 106016
FindTargetPageId rootid 5 tid 106015
target_page_id id: 7 tid 106015
0 1 tid 106015
148 6 tid 106015
365 4 tid 106015
492 7 tid 106015
619 8 tid 106015
127 tid 106015
Insert  tid 106015
FindTargetPageId rootid 5 tid 106017
target_page_id id: 8 tid 106017
0 1 tid 106017
148 6 tid 106017
365 4 tid 106017
492 7 tid 106017
619 8 tid 106017
155 tid 106017
Insert  tid 106017
FindTargetPageId rootid 5 tid 106016
target_page_id id: 8 tid 106016
0 1 tid 106016
148 6 tid 106016
365 4 tid 106016
492 7 tid 106016
619 8 tid 106016
156 tid 106016
Remove  tid 106016
FindTargetPageId rootid 5 tid 106015
target_page_id id: 7 tid 106015
0 1 tid 106015
148 6 tid 106015
365 4 tid 106015
492 7 tid 106015
619 8 tid 106015
127 tid 106015
Insert  tid 106015
FindTargetPageId rootid 5 tid 106017
target_page_id id: 8 tid 106017
0 1 tid 106017
148 6 tid 106017
365 4 tid 106017
492 7 tid 106017
619 8 tid 106017
156 tid 106017
Insert  tid 106017
FindTargetPageId rootid 5 tid 106016
target_page_id id: 8 tid 106016
0 1 tid 106016
148 6 tid 106016
365 4 tid 106016
492 7 tid 106016
619 8 tid 106016
157 tid 106016
Remove  tid 106016
FindTargetPageId rootid 5 tid 106015
target_page_id id: 7 tid 106015
0 1 tid 106015
148 6 tid 106015
365 4 tid 106015
492 7 tid 106015
619 8 tid 106015
127 tid 106015
Insert  tid 106015
FindTargetPageId rootid 5 tid 106017
target_page_id id: 8 tid 106017
0 1 tid 106017
148 6 tid 106017
365 4 tid 106017
492 7 tid 106017
619 8 tid 106017
157 tid 106017
Insert  tid 106017
FindTargetPageId rootid 5 tid 106016
target_page_id id: 8 tid 106016
0 1 tid 106016
148 6 tid 106016
365 4 tid 106016
492 7 tid 106016
619 8 tid 106016
158 tid 106016
Remove  tid 106016
FindTargetPageId rootid 5 tid 106015
target_page_id id: 7 tid 106015
0 1 tid 106015
148 6 tid 106015
365 4 tid 106015
492 7 tid 106015
619 8 tid 106015
127 tid 106015
Insert  tid 106015
FindTargetPageId rootid 5 tid 106017
target_page_id id: 8 tid 106017
0 1 tid 106017
148 6 tid 106017
365 4 tid 106017
492 7 tid 106017
619 8 tid 106017
158 tid 106017
Insert  tid 106017
FindTargetPageId rootid 5 tid 106016
target_page_id id: 8 tid 106016
0 1 tid 106016
148 6 tid 106016
365 4 tid 106016
492 7 tid 106016
619 8 tid 106016
159 tid 106016
Remove  tid 106016
FindTargetPageId rootid 5 tid 106015
target_page_id id: 7 tid 106015
0 1 tid 106015
148 6 tid 106015
365 4 tid 106015
492 7 tid 106015
619 8 tid 106015
127 tid 106015
Insert  tid 106015
FindTargetPageId rootid 5 tid 106017
target_page_id id: 8 tid 106017
0 1 tid 106017
148 6 tid 106017
365 4 tid 106017
492 7 tid 106017
619 8 tid 106017
159 tid 106017
Insert  tid 106017
FindTargetPageId rootid 5 tid 106016
target_page_id id: 8 tid 106016
0 1 tid 106016
148 6 tid 106016
365 4 tid 106016
492 7 tid 106016
619 8 tid 106016
160 tid 106016
Remove  tid 106016
FindTargetPageId rootid 5 tid 106015
target_page_id id: 7 tid 106015
0 1 tid 106015
148 6 tid 106015
365 4 tid 106015
492 7 tid 106015
619 8 tid 106015
127 tid 106015
Insert  tid 106015
FindTargetPageId rootid 5 tid 106017
target_page_id id: 8 tid 106017
0 1 tid 106017
148 6 tid 106017
365 4 tid 106017
492 7 tid 106017
619 8 tid 106017
160 tid 106017
Insert  tid 106017
FindTargetPageId rootid 5 tid 106016
target_page_id id: 8 tid 106016
0 1 tid 106016
148 6 tid 106016
365 4 tid 106016
492 7 tid 106016
619 8 tid 106016
161 tid 106016
Remove  tid 106016
FindTargetPageId rootid 5 tid 106015
target_page_id id: 7 tid 106015
0 1 tid 106015
148 6 tid 106015
365 4 tid 106015
492 7 tid 106015
619 8 tid 106015
127 tid 106015
Insert  tid 106015
FindTargetPageId rootid 5 tid 106017
target_page_id id: 8 tid 106017
0 1 tid 106017
148 6 tid 106017
365 4 tid 106017
492 7 tid 106017
619 8 tid 106017
161 tid 106017
Insert  tid 106017
FindTargetPageId rootid 5 tid 106016
target_page_id id: 8 tid 106016
0 1 tid 106016
148 6 tid 106016
365 4 tid 106016
492 7 tid 106016
619 8 tid 106016
162 tid 106016
Remove  tid 106016
FindTargetPageId rootid 5 tid 106015
target_page_id id: 7 tid 106015
0 1 tid 106015
148 6 tid 106015
365 4 tid 106015
492 7 tid 106015
619 8 tid 106015
127 tid 106015
Insert  tid 106015
FindTargetPageId rootid 5 tid 106017
target_page_id id: 8 tid 106017
0 1 tid 106017
148 6 tid 106017
365 4 tid 106017
492 7 tid 106017
619 8 tid 106017
162 tid 106017
Insert  tid 106017
FindTargetPageId rootid 5 tid 106016
target_page_id id: 8 tid 106016
0 1 tid 106016
148 6 tid 106016
365 4 tid 106016
492 7 tid 106016
619 8 tid 106016
163 tid 106016
Remove  tid 106016
FindTargetPageId rootid 5 tid 106015
target_page_id id: 7 tid 106015
0 1 tid 106015
148 6 tid 106015
365 4 tid 106015
492 7 tid 106015
619 8 tid 106015
127 tid 106015
Insert  tid 106015
FindTargetPageId rootid 5 tid 106017
target_page_id id: 8 tid 106017
0 1 tid 106017
148 6 tid 106017
365 4 tid 106017
492 7 tid 106017
619 8 tid 106017
163 tid 106017
Insert  tid 106017
FindTargetPageId rootid 5 tid 106016
target_page_id id: 8 tid 106016
0 1 tid 106016
148 6 tid 106016
365 4 tid 106016
492 7 tid 106016
619 8 tid 106016
164 tid 106016
Remove  tid 106016
FindTargetPageId rootid 5 tid 106015
target_page_id id: 7 tid 106015
0 1 tid 106015
148 6 tid 106015
365 4 tid 106015
492 7 tid 106015
619 8 tid 106015
127 tid 106015
Insert  tid 106015
FindTargetPageId rootid 5 tid 106017
target_page_id id: 8 tid 106017
0 1 tid 106017
148 6 tid 106017
365 4 tid 106017
492 7 tid 106017
619 8 tid 106017
164 tid 106017
Insert  tid 106017
FindTargetPageId rootid 5 tid 106016
target_page_id id: 8 tid 106016
0 1 tid 106016
148 6 tid 106016
365 4 tid 106016
492 7 tid 106016
619 8 tid 106016
165 tid 106016
Remove  tid 106016
FindTargetPageId rootid 5 tid 106015
target_page_id id: 7 tid 106015
0 1 tid 106015
148 6 tid 106015
365 4 tid 106015
492 7 tid 106015
619 8 tid 106015
127 tid 106015
Insert  tid 106015
FindTargetPageId rootid 5 tid 106015
target_page_id id: 7 tid 106015
0 1 tid 106015
148 6 tid 106015
365 4 tid 106015
492 7 tid 106015
619 8 tid 106015
127 tid 106015
Insert  tid 106015
FindTargetPageId rootid 5 tid 106016
target_page_id id: 8 tid 106016
0 1 tid 106016
148 6 tid 106016
365 4 tid 106016
492 7 tid 106016
619 8 tid 106016
165 tid 106016
Remove  tid 106016
FindTargetPageId rootid 5 tid 106016
target_page_id id: 8 tid 106016
0 1 tid 106016
148 6 tid 106016
365 4 tid 106016
492 7 tid 106016
619 8 tid 106016
165 tid 106016
Remove  tid 106016
FindTargetPageId rootid 5 tid 106017
target_page_id id: 8 tid 106017
0 1 tid 106017
148 6 tid 106017
365 4 tid 106017
492 7 tid 106017
619 8 tid 106017
165 tid 106017
Insert  tid 106017
FindTargetPageId rootid 5 tid 106015
target_page_id id: 7 tid 106015
0 1 tid 106015
148 6 tid 106015
365 4 tid 106015
492 7 tid 106015
619 8 tid 106015
127 tid 106015
Insert  tid 106015
FindTargetPageId rootid 5 tid 106016
target_page_id id: 8 tid 106016
0 1 tid 106016
148 6 tid 106016
365 4 tid 106016
492 7 tid 106016
619 8 tid 106016
166 tid 106016
Remove  tid 106016
FindTargetPageId rootid 5 tid 106017
target_page_id id: 8 tid 106017
0 1 tid 106017
148 6 tid 106017
365 4 tid 106017
492 7 tid 106017
619 8 tid 106017
166 tid 106017
Insert  tid 106017
FindTargetPageId rootid 5 tid 106015
target_page_id id: 7 tid 106015
0 1 tid 106015
148 6 tid 106015
365 4 tid 106015
492 7 tid 106015
619 8 tid 106015
127 tid 106015
Insert  tid 106015
FindTargetPageId rootid 5 tid 106015
target_page_id id: 7 tid 106015
0 1 tid 106015
148 6 tid 106015
365 4 tid 106015
492 7 tid 106015
619 8 tid 106015
127 tid 106015
Insert  tid 106015
FindTargetPageId rootid 5 tid 106015
target_page_id id: 7 tid 106015
0 1 tid 106015
148 6 tid 106015
365 4 tid 106015
492 7 tid 106015
619 8 tid 106015
127 tid 106015
Insert  tid 106015
FindTargetPageId rootid 5 tid 106016
target_page_id id: 8 tid 106016
0 1 tid 106016
148 6 tid 106016
365 4 tid 106016
492 7 tid 106016
619 8 tid 106016
167 tid 106016
Remove  tid 106016
FindTargetPageId rootid 5 tid 106016
target_page_id id: 8 tid 106016
0 1 tid 106016
148 6 tid 106016
365 4 tid 106016
492 7 tid 106016
619 8 tid 106016
167 tid 106016
Remove  tid 106016
FindTargetPageId rootid 5 tid 106016
target_page_id id: 8 tid 106016
0 1 tid 106016
148 6 tid 106016
365 4 tid 106016
492 7 tid 106016
619 8 tid 106016
167 tid 106016
Remove  tid 106016
FindTargetPageId rootid 5 tid 106016
target_page_id id: 8 tid 106016
0 1 tid 106016
148 6 tid 106016
365 4 tid 106016
492 7 tid 106016
619 8 tid 106016
167 tid 106016
Remove  tid 106016
FindTargetPageId rootid 5 tid 106016
target_page_id id: 8 tid 106016
0 1 tid 106016
148 6 tid 106016
365 4 tid 106016
492 7 tid 106016
619 8 tid 106016
167 tid 106016
Remove  tid 106016
FindTargetPageId rootid 5 tid 106016
target_page_id id: 8 tid 106016
0 1 tid 106016
148 6 tid 106016
365 4 tid 106016
492 7 tid 106016
619 8 tid 106016
167 tid 106016
Remove  tid 106016
FindTargetPageId rootid 5 tid 106015
target_page_id id: 7 tid 106015
0 1 tid 106015
148 6 tid 106015
365 4 tid 106015
492 7 tid 106015
619 8 tid 106015
127 tid 106015
Insert  tid 106015
FindTargetPageId rootid 5 tid 106015
target_page_id id: 7 tid 106015
0 1 tid 106015
148 6 tid 106015
365 4 tid 106015
492 7 tid 106015
619 8 tid 106015
127 tid 106015
Insert  tid 106015
FindTargetPageId rootid 5 tid 106017
target_page_id id: 8 tid 106017
0 1 tid 106017
148 6 tid 106017
365 4 tid 106017
492 7 tid 106017
619 8 tid 106017
167 tid 106017
Insert  tid 106017
FindTargetPageId rootid 5 tid 106017
target_page_id id: 8 tid 106017
0 1 tid 106017
148 6 tid 106017
365 4 tid 106017
492 7 tid 106017
619 8 tid 106017
168 tid 106017
Insert  tid 106017
FindTargetPageId rootid 5 tid 106017
target_page_id id: 8 tid 106017
0 1 tid 106017
148 6 tid 106017
365 4 tid 106017
492 7 tid 106017
619 8 tid 106017
169 tid 106017
Insert  tid 106017
FindTargetPageId rootid 5 tid 106017
target_page_id id: 8 tid 106017
0 1 tid 106017
148 6 tid 106017
365 4 tid 106017
492 7 tid 106017
619 8 tid 106017
170 tid 106017
Insert  tid 106017
FindTargetPageId rootid 5 tid 106017
target_page_id id: 8 tid 106017
0 1 tid 106017
148 6 tid 106017
365 4 tid 106017
492 7 tid 106017
619 8 tid 106017
171 tid 106017
Insert  tid 106017
FindTargetPageId rootid 5 tid 106017
target_page_id id: 8 tid 106017
0 1 tid 106017
148 6 tid 106017
365 4 tid 106017
492 7 tid 106017
619 8 tid 106017
172 tid 106017
Insert  tid 106017
FindTargetPageId rootid 5 tid 106017
target_page_id id: 8 tid 106017
0 1 tid 106017
148 6 tid 106017
365 4 tid 106017
492 7 tid 106017
619 8 tid 106017
173 tid 106017
Insert  tid 106017
FindTargetPageId rootid 5 tid 106017
target_page_id id: 8 tid 106017
0 1 tid 106017
148 6 tid 106017
365 4 tid 106017
492 7 tid 106017
619 8 tid 106017
174 tid 106017
Insert  tid 106017
FindTargetPageId rootid 5 tid 106017
target_page_id id: 8 tid 106017
0 1 tid 106017
148 6 tid 106017
365 4 tid 106017
492 7 tid 106017
619 8 tid 106017
175 tid 106017
Insert  tid 106017
FindTargetPageId rootid 5 tid 106017
target_page_id id: 8 tid 106017
0 1 tid 106017
148 6 tid 106017
365 4 tid 106017
492 7 tid 106017
619 8 tid 106017
176 tid 106017
Insert  tid 106017
FindTargetPageId rootid 5 tid 106017
target_page_id id: 8 tid 106017
0 1 tid 106017
148 6 tid 106017
365 4 tid 106017
492 7 tid 106017
619 8 tid 106017
177 tid 106017
Insert  tid 106017
FindTargetPageId rootid 5 tid 106017
target_page_id id: 8 tid 106017
0 1 tid 106017
148 6 tid 106017
365 4 tid 106017
492 7 tid 106017
619 8 tid 106017
178 tid 106017
Insert  tid 106017
FindTargetPageId rootid 5 tid 106017
target_page_id id: 8 tid 106017
0 1 tid 106017
148 6 tid 106017
365 4 tid 106017
492 7 tid 106017
619 8 tid 106017
179 tid 106017
Insert  tid 106017
FindTargetPageId rootid 5 tid 106017
target_page_id id: 8 tid 106017
0 1 tid 106017
148 6 tid 106017
365 4 tid 106017
492 7 tid 106017
619 8 tid 106017
180 tid 106017
Insert  tid 106017
FindTargetPageId rootid 5 tid 106015
target_page_id id: 7 tid 106015
0 1 tid 106015
148 6 tid 106015
365 4 tid 106015
492 7 tid 106015
619 8 tid 106015
127 tid 106015
Insert  tid 106015
FindTargetPageId rootid 5 tid 106016
target_page_id id: 8 tid 106016
0 1 tid 106016
148 6 tid 106016
365 4 tid 106016
492 7 tid 106016
619 8 tid 106016
181 tid 106016
Remove  tid 106016
FindTargetPageId rootid 5 tid 106016
target_page_id id: 8 tid 106016
0 1 tid 106016
148 6 tid 106016
365 4 tid 106016
492 7 tid 106016
619 8 tid 106016
181 tid 106016
Remove  tid 106016
FindTargetPageId rootid 5 tid 106016
target_page_id id: 8 tid 106016
0 1 tid 106016
148 6 tid 106016
365 4 tid 106016
492 7 tid 106016
619 8 tid 106016
181 tid 106016
Remove  tid 106016
FindTargetPageId rootid 5 tid 106015
target_page_id id: 7 tid 106015
0 1 tid 106015
148 6 tid 106015
365 4 tid 106015
492 7 tid 106015
619 8 tid 106015
127 tid 106015
Insert  tid 106015
FindTargetPageId rootid 5 tid 106017
target_page_id id: 8 tid 106017
0 1 tid 106017
148 6 tid 106017
365 4 tid 106017
492 7 tid 106017
619 8 tid 106017
181 tid 106017
Insert  tid 106017
FindTargetPageId rootid 5 tid 106017
target_page_id id: 8 tid 106017
0 1 tid 106017
148 6 tid 106017
365 4 tid 106017
492 7 tid 106017
619 8 tid 106017
182 tid 106017
Insert  tid 106017
FindTargetPageId rootid 5 tid 106015
target_page_id id: 7 tid 106015
0 1 tid 106015
148 6 tid 106015
365 4 tid 106015
492 7 tid 106015
619 8 tid 106015
127 tid 106015
Insert  tid 106015
FindTargetPageId rootid 5 tid 106015
target_page_id id: 7 tid 106015
0 1 tid 106015
148 6 tid 106015
365 4 tid 106015
492 7 tid 106015
619 8 tid 106015
127 tid 106015
Insert  tid 106015
FindTargetPageId rootid 5 tid 106017
target_page_id id: 8 tid 106017
0 1 tid 106017
148 6 tid 106017
365 4 tid 106017
492 7 tid 106017
619 8 tid 106017
183 tid 106017
Insert  tid 106017
FindTargetPageId rootid 5 tid 106016
target_page_id id: 8 tid 106016
0 1 tid 106016
148 6 tid 106016
365 4 tid 106016
492 7 tid 106016
619 8 tid 106016
184 tid 106016
Remove  tid 106016
FindTargetPageId rootid 5 tid 106015
target_page_id id: 7 tid 106015
0 1 tid 106015
148 6 tid 106015
365 4 tid 106015
492 7 tid 106015
619 8 tid 106015
127 tid 106015
Insert  tid 106015
FindTargetPageId rootid 5 tid 106015
target_page_id id: 7 tid 106015
0 1 tid 106015
148 6 tid 106015
365 4 tid 106015
492 7 tid 106015
619 8 tid 106015
127 tid 106015
Insert  tid 106015
FindTargetPageId rootid 5 tid 106015
target_page_id id: 7 tid 106015
0 1 tid 106015
148 6 tid 106015
365 4 tid 106015
492 7 tid 106015
619 8 tid 106015
127 tid 106015
Insert  tid 106015
FindTargetPageId rootid 5 tid 106015
target_page_id id: 7 tid 106015
0 1 tid 106015
148 6 tid 106015
365 4 tid 106015
492 7 tid 106015
619 8 tid 106015
127 tid 106015
Insert  tid 106015
FindTargetPageId rootid 5 tid 106015
target_page_id id: 7 tid 106015
0 1 tid 106015
148 6 tid 106015
365 4 tid 106015
492 7 tid 106015
619 8 tid 106015
127 tid 106015
Insert  tid 106015
FindTargetPageId rootid 5 tid 106015
target_page_id id: 7 tid 106015
0 1 tid 106015
148 6 tid 106015
365 4 tid 106015
492 7 tid 106015
619 8 tid 106015
127 tid 106015
Insert  tid 106015
FindTargetPageId rootid 5 tid 106016
target_page_id id: 8 tid 106016
0 1 tid 106016
148 6 tid 106016
365 4 tid 106016
492 7 tid 106016
619 8 tid 106016
184 tid 106016
Remove  tid 106016
FindTargetPageId rootid 5 tid 106017
target_page_id id: 8 tid 106017
0 1 tid 106017
148 6 tid 106017
365 4 tid 106017
492 7 tid 106017
619 8 tid 106017
184 tid 106017
Insert  tid 106017
FindTargetPageId rootid 5 tid 106015
target_page_id id: 7 tid 106015
0 1 tid 106015
148 6 tid 106015
365 4 tid 106015
492 7 tid 106015
619 8 tid 106015
127 tid 106015
Insert  tid 106015
FindTargetPageId rootid 5 tid 106016
target_page_id id: 8 tid 106016
0 1 tid 106016
148 6 tid 106016
365 4 tid 106016
492 7 tid 106016
619 8 tid 106016
185 tid 106016
Remove  tid 106016
FindTargetPageId rootid 5 tid 106016
target_page_id id: 8 tid 106016
0 1 tid 106016
148 6 tid 106016
365 4 tid 106016
492 7 tid 106016
619 8 tid 106016
185 tid 106016
Remove  tid 106016
FindTargetPageId rootid 5 tid 106016
target_page_id id: 8 tid 106016
0 1 tid 106016
148 6 tid 106016
365 4 tid 106016
492 7 tid 106016
619 8 tid 106016
185 tid 106016
Remove  tid 106016
FindTargetPageId rootid 5 tid 106016
target_page_id id: 8 tid 106016
0 1 tid 106016
148 6 tid 106016
365 4 tid 106016
492 7 tid 106016
619 8 tid 106016
185 tid 106016
Remove  tid 106016
FindTargetPageId rootid 5 tid 106017
target_page_id id: 8 tid 106017
0 1 tid 106017
148 6 tid 106017
365 4 tid 106017
492 7 tid 106017
619 8 tid 106017
185 tid 106017
Insert  tid 106017
FindTargetPageId rootid 5 tid 106017
target_page_id id: 8 tid 106017
0 1 tid 106017
148 6 tid 106017
365 4 tid 106017
492 7 tid 106017
619 8 tid 106017
186 tid 106017
Insert  tid 106017
FindTargetPageId rootid 5 tid 106017
target_page_id id: 8 tid 106017
0 1 tid 106017
148 6 tid 106017
365 4 tid 106017
492 7 tid 106017
619 8 tid 106017
187 tid 106017
Insert  tid 106017
FindTargetPageId rootid 5 tid 106016
target_page_id id: 8 tid 106016
0 1 tid 106016
148 6 tid 106016
365 4 tid 106016
492 7 tid 106016
619 8 tid 106016
188 tid 106016
Remove  tid 106016
FindTargetPageId rootid 5 tid 106015
target_page_id id: 7 tid 106015
0 1 tid 106015
148 6 tid 106015
365 4 tid 106015
492 7 tid 106015
619 8 tid 106015
127 tid 106015
Insert  tid 106015
FindTargetPageId rootid 5 tid 106017
target_page_id id: 8 tid 106017
0 1 tid 106017
148 6 tid 106017
365 4 tid 106017
492 7 tid 106017
619 8 tid 106017
188 tid 106017
Insert  tid 106017
FindTargetPageId rootid 5 tid 106016
target_page_id id: 8 tid 106016
0 1 tid 106016
148 6 tid 106016
365 4 tid 106016
492 7 tid 106016
619 8 tid 106016
189 tid 106016
Remove  tid 106016
FindTargetPageId rootid 5 tid 106016
target_page_id id: 8 tid 106016
0 1 tid 106016
148 6 tid 106016
365 4 tid 106016
492 7 tid 106016
619 8 tid 106016
189 tid 106016
Remove  tid 106016
FindTargetPageId rootid 5 tid 106016
target_page_id id: 8 tid 106016
0 1 tid 106016
148 6 tid 106016
365 4 tid 106016
492 7 tid 106016
619 8 tid 106016
189 tid 106016
Remove  tid 106016
FindTargetPageId rootid 5 tid 106016
target_page_id id: 8 tid 106016
0 1 tid 106016
148 6 tid 106016
365 4 tid 106016
492 7 tid 106016
619 8 tid 106016
189 tid 106016
Remove  tid 106016
FindTargetPageId rootid 5 tid 106017
target_page_id id: 8 tid 106017
0 1 tid 106017
148 6 tid 106017
365 4 tid 106017
492 7 tid 106017
619 8 tid 106017
189 tid 106017
Insert  tid 106017
FindTargetPageId rootid 5 tid 106017
target_page_id id: 8 tid 106017
0 1 tid 106017
148 6 tid 106017
365 4 tid 106017
492 7 tid 106017
619 8 tid 106017
190 tid 106017
Insert  tid 106017
FindTargetPageId rootid 5 tid 106015
target_page_id id: 7 tid 106015
0 1 tid 106015
148 6 tid 106015
365 4 tid 106015
492 7 tid 106015
619 8 tid 106015
127 tid 106015
Insert  tid 106015
FindTargetPageId rootid 5 tid 106015
target_page_id id: 7 tid 106015
0 1 tid 106015
148 6 tid 106015
365 4 tid 106015
492 7 tid 106015
619 8 tid 106015
127 tid 106015
Insert  tid 106015
FindTargetPageId rootid 5 tid 106015
target_page_id id: 7 tid 106015
0 1 tid 106015
148 6 tid 106015
365 4 tid 106015
492 7 tid 106015
619 8 tid 106015
127 tid 106015
Insert  tid 106015
FindTargetPageId rootid 5 tid 106015
target_page_id id: 7 tid 106015
0 1 tid 106015
148 6 tid 106015
365 4 tid 106015
492 7 tid 106015
619 8 tid 106015
127 tid 106015
Insert  tid 106015
FindTargetPageId rootid 5 tid 106015
target_page_id id: 7 tid 106015
0 1 tid 106015
148 6 tid 106015
365 4 tid 106015
492 7 tid 106015
619 8 tid 106015
127 tid 106015
Insert  tid 106015
FindTargetPageId rootid 5 tid 106015
target_page_id id: 7 tid 106015
0 1 tid 106015
148 6 tid 106015
365 4 tid 106015
492 7 tid 106015
619 8 tid 106015
127 tid 106015
Insert  tid 106015
FindTargetPageId rootid 5 tid 106015
target_page_id id: 7 tid 106015
0 1 tid 106015
148 6 tid 106015
365 4 tid 106015
492 7 tid 106015
619 8 tid 106015
127 tid 106015
Insert  tid 106015
FindTargetPageId rootid 5 tid 106015
target_page_id id: 7 tid 106015
0 1 tid 106015
148 6 tid 106015
365 4 tid 106015
492 7 tid 106015
619 8 tid 106015
127 tid 106015
Insert  tid 106015
FindTargetPageId rootid 5 tid 106015
target_page_id id: 7 tid 106015
0 1 tid 106015
148 6 tid 106015
365 4 tid 106015
492 7 tid 106015
619 8 tid 106015
127 tid 106015
Insert  tid 106015
FindTargetPageId rootid 5 tid 106015
target_page_id id: 7 tid 106015
0 1 tid 106015
148 6 tid 106015
365 4 tid 106015
492 7 tid 106015
619 8 tid 106015
127 tid 106015
Insert  tid 106015
FindTargetPageId rootid 5 tid 106015
target_page_id id: 7 tid 106015
0 1 tid 106015
148 6 tid 106015
365 4 tid 106015
492 7 tid 106015
619 8 tid 106015
127 tid 106015
Insert  tid 106015
FindTargetPageId rootid 5 tid 106017
target_page_id id: 8 tid 106017
0 1 tid 106017
148 6 tid 106017
365 4 tid 106017
492 7 tid 106017
619 8 tid 106017
191 tid 106017
Insert  tid 106017
FindTargetPageId rootid 5 tid 106017
target_page_id id: 8 tid 106017
0 1 tid 106017
148 6 tid 106017
365 4 tid 106017
492 7 tid 106017
619 8 tid 106017
192 tid 106017
Insert  tid 106017
FindTargetPageId rootid 5 tid 106015
target_page_id id: 7 tid 106015
0 1 tid 106015
148 6 tid 106015
365 4 tid 106015
492 7 tid 106015
619 8 tid 106015
127 tid 106015
Insert  tid 106015
FindTargetPageId rootid 5 tid 106015
target_page_id id: 7 tid 106015
0 1 tid 106015
148 6 tid 106015
365 4 tid 106015
492 7 tid 106015
619 8 tid 106015
127 tid 106015
Insert  tid 106015
FindTargetPageId rootid 5 tid 106015
target_page_id id: 7 tid 106015
0 1 tid 106015
148 6 tid 106015
365 4 tid 106015
492 7 tid 106015
619 8 tid 106015
127 tid 106015
Insert  tid 106015
FindTargetPageId rootid 5 tid 106015
target_page_id id: 7 tid 106015
0 1 tid 106015
148 6 tid 106015
365 4 tid 106015
492 7 tid 106015
619 8 tid 106015
127 tid 106015
Insert  tid 106015
FindTargetPageId rootid 5 tid 106015
target_page_id id: 7 tid 106015
0 1 tid 106015
148 6 tid 106015
365 4 tid 106015
492 7 tid 106015
619 8 tid 106015
127 tid 106015
Insert  tid 106015
FindTargetPageId rootid 5 tid 106015
target_page_id id: 7 tid 106015
0 1 tid 106015
148 6 tid 106015
365 4 tid 106015
492 7 tid 106015
619 8 tid 106015
127 tid 106015
Insert  tid 106015
FindTargetPageId rootid 5 tid 106015
target_page_id id: 7 tid 106015
0 1 tid 106015
148 6 tid 106015
365 4 tid 106015
492 7 tid 106015
619 8 tid 106015
127 tid 106015
Insert  tid 106015
FindTargetPageId rootid 5 tid 106015
target_page_id id: 7 tid 106015
0 1 tid 106015
148 6 tid 106015
365 4 tid 106015
492 7 tid 106015
619 8 tid 106015
127 tid 106015
Insert  tid 106015
FindTargetPageId rootid 5 tid 106016
target_page_id id: 8 tid 106016
0 1 tid 106016
148 6 tid 106016
365 4 tid 106016
492 7 tid 106016
619 8 tid 106016
193 tid 106016
Remove  tid 106016
FindTargetPageId rootid 5 tid 106017
target_page_id id: 8 tid 106017
0 1 tid 106017
148 6 tid 106017
365 4 tid 106017
492 7 tid 106017
619 8 tid 106017
193 tid 106017
Insert  tid 106017
FindTargetPageId rootid 5 tid 106017
target_page_id id: 8 tid 106017
0 1 tid 106017
148 6 tid 106017
365 4 tid 106017
492 7 tid 106017
619 8 tid 106017
194 tid 106017
Insert  tid 106017
FindTargetPageId rootid 5 tid 106017
target_page_id id: 8 tid 106017
0 1 tid 106017
148 6 tid 106017
365 4 tid 106017
492 7 tid 106017
619 8 tid 106017
195 tid 106017
Insert  tid 106017
FindTargetPageId rootid 5 tid 106017
target_page_id id: 8 tid 106017
0 1 tid 106017
148 6 tid 106017
365 4 tid 106017
492 7 tid 106017
619 8 tid 106017
196 tid 106017
Insert  tid 106017
FindTargetPageId rootid 5 tid 106017
target_page_id id: 8 tid 106017
0 1 tid 106017
148 6 tid 106017
365 4 tid 106017
492 7 tid 106017
619 8 tid 106017
197 tid 106017
Insert  tid 106017
FindTargetPageId rootid 5 tid 106017
target_page_id id: 8 tid 106017
0 1 tid 106017
148 6 tid 106017
365 4 tid 106017
492 7 tid 106017
619 8 tid 106017
198 tid 106017
Insert  tid 106017
FindTargetPageId rootid 5 tid 106017
target_page_id id: 8 tid 106017
0 1 tid 106017
148 6 tid 106017
365 4 tid 106017
492 7 tid 106017
619 8 tid 106017
199 tid 106017
Insert  tid 106017
FindTargetPageId rootid 5 tid 106015
target_page_id id: 7 tid 106015
0 1 tid 106015
148 6 tid 106015
365 4 tid 106015
492 7 tid 106015
619 8 tid 106015
127 tid 106015
Insert  tid 106015
FindTargetPageId rootid 5 tid 106015
target_page_id id: 7 tid 106015
0 1 tid 106015
148 6 tid 106015
365 4 tid 106015
492 7 tid 106015
619 8 tid 106015
127 tid 106015
Insert  tid 106015
FindTargetPageId rootid 5 tid 106017
target_page_id id: 8 tid 106017
0 1 tid 106017
148 6 tid 106017
365 4 tid 106017
492 7 tid 106017
619 8 tid 106017
200 tid 106017
Insert  tid 106017
FindTargetPageId rootid 5 tid 106016
target_page_id id: 8 tid 106016
0 1 tid 106016
148 6 tid 106016
365 4 tid 106016
492 7 tid 106016
619 8 tid 106016
201 tid 106016
Remove  tid 106016
FindTargetPageId rootid 5 tid 106016
target_page_id id: 8 tid 106016
0 1 tid 106016
148 6 tid 106016
365 4 tid 106016
492 7 tid 106016
619 8 tid 106016
201 tid 106016
Remove  tid 106016
FindTargetPageId rootid 5 tid 106016
target_page_id id: 8 tid 106016
0 1 tid 106016
148 6 tid 106016
365 4 tid 106016
492 7 tid 106016
619 8 tid 106016
201 tid 106016
Remove  tid 106016
FindTargetPageId rootid 5 tid 106016
target_page_id id: 8 tid 106016
0 1 tid 106016
148 6 tid 106016
365 4 tid 106016
492 7 tid 106016
619 8 tid 106016
201 tid 106016
Remove  tid 106016
FindTargetPageId rootid 5 tid 106016
target_page_id id: 8 tid 106016
0 1 tid 106016
148 6 tid 106016
365 4 tid 106016
492 7 tid 106016
619 8 tid 106016
201 tid 106016
Remove  tid 106016
FindTargetPageId rootid 5 tid 106016
target_page_id id: 8 tid 106016
0 1 tid 106016
148 6 tid 106016
365 4 tid 106016
492 7 tid 106016
619 8 tid 106016
201 tid 106016
Remove  tid 106016
FindTargetPageId rootid 5 tid 106016
target_page_id id: 8 tid 106016
0 1 tid 106016
148 6 tid 106016
365 4 tid 106016
492 7 tid 106016
619 8 tid 106016
201 tid 106016
Remove  tid 106016
FindTargetPageId rootid 5 tid 106016
target_page_id id: 8 tid 106016
0 1 tid 106016
148 6 tid 106016
365 4 tid 106016
492 7 tid 106016
619 8 tid 106016
201 tid 106016
Remove  tid 106016
FindTargetPageId rootid 5 tid 106016
target_page_id id: 8 tid 106016
0 1 tid 106016
148 6 tid 106016
365 4 tid 106016
492 7 tid 106016
619 8 tid 106016
201 tid 106016
Remove  tid 106016
FindTargetPageId rootid 5 tid 106016
target_page_id id: 8 tid 106016
0 1 tid 106016
148 6 tid 106016
365 4 tid 106016
492 7 tid 106016
619 8 tid 106016
201 tid 106016
Remove  tid 106016
FindTargetPageId rootid 5 tid 106016
target_page_id id: 8 tid 106016
0 1 tid 106016
148 6 tid 106016
365 4 tid 106016
492 7 tid 106016
619 8 tid 106016
201 tid 106016
Remove  tid 106016
FindTargetPageId rootid 5 tid 106016
target_page_id id: 8 tid 106016
0 1 tid 106016
148 6 tid 106016
365 4 tid 106016
492 7 tid 106016
619 8 tid 106016
201 tid 106016
Remove  tid 106016
FindTargetPageId rootid 5 tid 106016
target_page_id id: 8 tid 106016
0 1 tid 106016
148 6 tid 106016
365 4 tid 106016
492 7 tid 106016
619 8 tid 106016
201 tid 106016
Remove  tid 106016
FindTargetPageId rootid 5 tid 106016
target_page_id id: 8 tid 106016
0 1 tid 106016
148 6 tid 106016
365 4 tid 106016
492 7 tid 106016
619 8 tid 106016
201 tid 106016
Remove  tid 106016
FindTargetPageId rootid 5 tid 106016
target_page_id id: 8 tid 106016
0 1 tid 106016
148 6 tid 106016
365 4 tid 106016
492 7 tid 106016
619 8 tid 106016
201 tid 106016
Remove  tid 106016
FindTargetPageId rootid 5 tid 106016
target_page_id id: 8 tid 106016
0 1 tid 106016
148 6 tid 106016
365 4 tid 106016
492 7 tid 106016
619 8 tid 106016
201 tid 106016
FindTargetPageId rootid 5 tid 106017
target_page_id id: 8 tid 106017
0 1 tid 106017
148 6 tid 106017
365 4 tid 106017
492 7 tid 106017
619 8 tid 106017
201 tid 106017
Remove  tid 106016
FindTargetPageId rootid 5Insert  tid 106017
 tid 106016
target_page_id id: 8 tid 106016
0 1 tid 106016
148 6 tid 106016
365 4 tid 106016
492 7 tid 106016
619 8 tid 106016
202 tid 106016
Remove  tid 106016
FindTargetPageId rootid 5 tid 106017
target_page_id id: 8 tid 106017
0 1 tid 106017
148 6 tid 106017
365 4 tid 106017
492 7 tid 106017
619 8 tid 106017
202 tid 106017
Insert  tid 106017
FindTargetPageId rootid 5 tid 106017
target_page_id id: 8 tid 106017
0 1 tid 106017
148 6 tid 106017
365 4 tid 106017
492 7 tid 106017
619 8 tid 106017
203 tid 106017
Insert  tid 106017
FindTargetPageId rootid 5 tid 106017
target_page_id id: 8 tid 106017
0 1 tid 106017
148 6 tid 106017
365 4 tid 106017
492 7 tid 106017
619 8 tid 106017
204 tid 106017
Insert  tid 106017
FindTargetPageId rootid 5 tid 106017
target_page_id id: 8 tid 106017
0 1 tid 106017
148 6 tid 106017
365 4 tid 106017
492 7 tid 106017
619 8 tid 106017
205 tid 106017
Insert  tid 106017
FindTargetPageId rootid 5 tid 106017
target_page_id id: 8 tid 106017
0 1 tid 106017
148 6 tid 106017
365 4 tid 106017
492 7 tid 106017
619 8 tid 106017
206 tid 106017
Insert  tid 106017
FindTargetPageId rootid 5 tid 106017
target_page_id id: 8 tid 106017
0 1 tid 106017
148 6 tid 106017
365 4 tid 106017
492 7 tid 106017
619 8 tid 106017
207 tid 106017
Insert  tid 106017
FindTargetPageId rootid 5 tid 106017
target_page_id id: 8 tid 106017
0 1 tid 106017
148 6 tid 106017
365 4 tid 106017
492 7 tid 106017
619 8 tid 106017
208 tid 106017
Insert  tid 106017
FindTargetPageId rootid 5 tid 106017
target_page_id id: 8 tid 106017
0 1 tid 106017
148 6 tid 106017
365 4 tid 106017
492 7 tid 106017
619 8 tid 106017
209 tid 106017
Insert  tid 106017
FindTargetPageId rootid 5 tid 106015
target_page_id id: 7 tid 106015
0 1 tid 106015
148 6 tid 106015
365 4 tid 106015
492 7 tid 106015
619 8 tid 106015
127 tid 106015
Insert  tid 106015
FindTargetPageId rootid 5 tid 106016
target_page_id id: 8 tid 106016
0 1 tid 106016
148 6 tid 106016
365 4 tid 106016
492 7 tid 106016
619 8 tid 106016
210 tid 106016
Remove  tid 106016
FindTargetPageId rootid 5 tid 106016
target_page_id id: 8 tid 106016
0 1 tid 106016
148 6 tid 106016
365 4 tid 106016
492 7 tid 106016
619 8 tid 106016
210 tid 106016
Remove  tid 106016
FindTargetPageId rootid 5 tid 106016
target_page_id id: 8 tid 106016
0 1 tid 106016
148 6 tid 106016
365 4 tid 106016
492 7 tid 106016
619 8 tid 106016
210 tid 106016
Remove  tid 106016
FindTargetPageId rootid 5 tid 106016
target_page_id id: 8 tid 106016
0 1 tid 106016
148 6 tid 106016
365 4 tid 106016
492 7 tid 106016
619 8 tid 106016
210 tid 106016
Remove  tid 106016
FindTargetPageId rootid 5 tid 106015
target_page_id id: 7 tid 106015
0 1 tid 106015
148 6 tid 106015
365 4 tid 106015
492 7 tid 106015
619 8 tid 106015
127 tid 106015
Insert  tid 106015
FindTargetPageId rootid 5 tid 106015
target_page_id id: 7 tid 106015
0 1 tid 106015
148 6 tid 106015
365 4 tid 106015
492 7 tid 106015
619 8 tid 106015
127 tid 106015
Insert  tid 106015
FindTargetPageId rootid 5 tid 106016
target_page_id id: 8 tid 106016
0 1 tid 106016
148 6 tid 106016
365 4 tid 106016
492 7 tid 106016
619 8 tid 106016
210 tid 106016
Remove  tid 106016
FindTargetPageId rootid 5 tid 106016
target_page_id id: 8 tid 106016
0 1 tid 106016
148 6 tid 106016
365 4 tid 106016
492 7 tid 106016
619 8 tid 106016
210 tid 106016
Remove  tid 106016
FindTargetPageId rootid 5 tid 106016
target_page_id id: 8 tid 106016
0 1 tid 106016
148 6 tid 106016
365 4 tid 106016
492 7 tid 106016
619 8 tid 106016
210 tid 106016
Remove  tid 106016
FindTargetPageId rootid 5 tid 106016
target_page_id id: 8 tid 106016
0 1 tid 106016
148 6 tid 106016
365 4 tid 106016
492 7 tid 106016
619 8 tid 106016
210 tid 106016
Remove  tid 106016
FindTargetPageId rootid 5 tid 106016
target_page_id id: 8 tid 106016
0 1 tid 106016
148 6 tid 106016
365 4 tid 106016
492 7 tid 106016
619 8 tid 106016
210 tid 106016
Remove  tid 106016
FindTargetPageId rootid 5 tid 106016
target_page_id id: 8 tid 106016
0 1 tid 106016
148 6 tid 106016
365 4 tid 106016
492 7 tid 106016
619 8 tid 106016
210 tid 106016
Remove  tid 106016
FindTargetPageId rootid 5 tid 106016
target_page_id id: 8 tid 106016
0 1 tid 106016
148 6 tid 106016
365 4 tid 106016
492 7 tid 106016
619 8 tid 106016
210 tid 106016
Remove  tid 106016
FindTargetPageId rootid 5 tid 106016
target_page_id id: 8 tid 106016
0 1 tid 106016
148 6 tid 106016
365 4 tid 106016
492 7 tid 106016
619 8 tid 106016
210 tid 106016
Remove  tid 106016
FindTargetPageId rootid 5 tid 106016
target_page_id id: 8 tid 106016
0 1 tid 106016
148 6 tid 106016
365 4 tid 106016
492 7 tid 106016
619 8 tid 106016
210 tid 106016
Remove  tid 106016
FindTargetPageId rootid 5 tid 106016
target_page_id id: 8 tid 106016
0 1 tid 106016
148 6 tid 106016
365 4 tid 106016
492 7 tid 106016
619 8 tid 106016
210 tid 106016
FindTargetPageId rootid 5 tid 106017
target_page_id id: 8 tid 106017
0 1 tid 106017
148 6 tid 106017
365 4 tid 106017
492 7 tid 106017
619 8 tid 106017
Remove  tid 106016
210 tid 106017
Insert  tid 106017
FindTargetPageId rootid 5 tid 106017
target_page_id id: 8 tid 106017
0 1 tid 106017
148 6 tid 106017
365 4 tid 106017
492 7 tid 106017
619 8 tid 106017
211 tid 106017
Insert  tid 106017
FindTargetPageId rootid 5 tid 106017
target_page_id id: 8 tid 106017
0 1 tid 106017
148 6 tid 106017
365 4 tid 106017
492 7 tid 106017
619 8 tid 106017
212 tid 106017
Insert  tid 106017
FindTargetPageId rootid 5 tid 106017
target_page_id id: 8 tid 106017
0 1 tid 106017
148 6 tid 106017
365 4 tid 106017
492 7 tid 106017
619 8 tid 106017
213 tid 106017
Insert  tid 106017
FindTargetPageId rootid 5 tid 106015
target_page_id id: 7 tid 106015
0 1 tid 106015
148 6 tid 106015
365 4 tid 106015
492 7 tid 106015
619 8 tid 106015
127 tid 106015
Insert  tid 106015
FindTargetPageId rootid 5 tid 106015
target_page_id id: 7 tid 106015
0 1 tid 106015
148 6 tid 106015
365 4 tid 106015
492 7 tid 106015
619 8 tid 106015
127 tid 106015
Insert  tid 106015
FindTargetPageId rootid 5 tid 106015
target_page_id id: 7 tid 106015
0 1 tid 106015
148 6 tid 106015
365 4 tid 106015
492 7 tid 106015
619 8 tid 106015
127 tid 106015
Insert  tid 106015
FindTargetPageId rootid 5 tid 106015
target_page_id id: 7 tid 106015
0 1 tid 106015
148 6 tid 106015
365 4 tid 106015
492 7 tid 106015
619 8 tid 106015
127 tid 106015
Insert  tid 106015
FindTargetPageId rootid 5 tid 106015
target_page_id id: 8 tid 106015
0 1 tid 106015
148 6 tid 106015
365 4 tid 106015
492 7 tid 106015
619 8 tid 106015
214 tid 106015
Insert  tid 106015
FindTargetPageId rootid 5 tid 106015
target_page_id id: 8 tid 106015
0 1 tid 106015
148 6 tid 106015
365 4 tid 106015
492 7 tid 106015
619 8 tid 106015
214 tid 106015
Insert  tid 106015
FindTargetPageId rootid 5 tid 106015
target_page_id id: 8 tid 106015
0 1 tid 106015
148 6 tid 106015
365 4 tid 106015
492 7 tid 106015
619 8 tid 106015
214 tid 106015
Insert  tid 106015
FindTargetPageId rootid 5 tid 106017
target_page_id id: 8 tid 106017
0 1 tid 106017
148 6 tid 106017
365 4 tid 106017
492 7 tid 106017
619 8 tid 106017
214 tid 106017
Insert  tid 106017
FindTargetPageId rootid 5 tid 106017
target_page_id id: 8 tid 106017
0 1 tid 106017
148 6 tid 106017
365 4 tid 106017
492 7 tid 106017
619 8 tid 106017
215 tid 106017
Insert  tid 106017
FindTargetPageId rootid 5 tid 106015
target_page_id id: 8 tid 106015
0 1 tid 106015
148 6 tid 106015
365 4 tid 106015
492 7 tid 106015
619 8 tid 106015
216 tid 106015
Insert  tid 106015
FindTargetPageId rootid 5 tid 106016
target_page_id id: 8 tid 106016
0 1 tid 106016
148 6 tid 106016
365 4 tid 106016
492 7 tid 106016
619 8 tid 106016
216 tid 106016
FindTargetPageId rootid 5 tid 106017
target_page_id id: 8 tid 106017
0 1 tid 106017
148 6 tid 106017
365 4 tid 106017
492 7 tid 106017
619 8 tid 106017Remove  tid 
216 tid 106017
106016
Insert  tid 106017
FindTargetPageId rootid 5 tid 106016
target_page_id id: 8 tid 106016
0 1 tid 106016
148 6 tid 106016
365 4 tid 106016
492 7 tid 106016
619 8 tid 106016
217 tid 106016
Remove  tid 106016
FindTargetPageId rootid 5 tid 106017
target_page_id id: 8 tid 106017
0 1 tid 106017
148 6 tid 106017
365 4 tid 106017
492 7 tid 106017
619 8 tid 106017
217 tid 106017
Insert  tid 106017
FindTargetPageId rootid 5 tid 106015
target_page_id id: 8 tid 106015
0 1 tid 106015
148 6 tid 106015
365 4 tid 106015
492 7 tid 106015
619 8 tid 106015
218 tid 106015
Insert  tid 106015
FindTargetPageId rootid 5 tid 106016
target_page_id id: 8 tid 106016
0 1 tid 106016
148 6 tid 106016
365 4 tid 106016
492 7 tid 106016
619 8 tid 106016
218 tid 106016
Remove  tid 106016
FindTargetPageId rootid 5 tid 106016
target_page_id id: 8 tid 106016
0 1 tid 106016
148 6 tid 106016
365 4 tid 106016
492 7 tid 106016
619 8 tid 106016
218 tid 106016
Remove  tid 106016
FindTargetPageId rootid 5 tid 106015
target_page_id id: 8 tid 106015
0 1 tid 106015
148 6 tid 106015
365 4 tid 106015
492 7 tid 106015
619 8 tid 106015
218 tid 106015
Insert  tid 106015
FindTargetPageId rootid 5 tid 106017
target_page_id id: 8 tid 106017
0 1 tid 106017
148 6 tid 106017
365 4 tid 106017
492 7 tid 106017
619 8 tid 106017
218 tid 106017
Insert  tid 106017
FindTargetPageId rootid 5 tid 106016
target_page_id id: 8 tid 106016
0 1 tid 106016
148 6 tid 106016
365 4 tid 106016
492 7 tid 106016
619 8 tid 106016
219 tid 106016
Remove  tid 106016
FindTargetPageId rootid 5 tid 106016
target_page_id id: 8 tid 106016
0 1 tid 106016
148 6 tid 106016
365 4 tid 106016
492 7 tid 106016
619 8 tid 106016
219 tid 106016
Remove  tid 106016
FindTargetPageId rootid 5 tid 106016
target_page_id id: 8 tid 106016
0 1 tid 106016
148 6 tid 106016
365 4 tid 106016
492 7 tid 106016
619 8 tid 106016
219 tid 106016
Remove  tid 106016
FindTargetPageId rootid 5 tid 106015
target_page_id id: 8 tid 106015
0 1 tid 106015
148 6 tid 106015
365 4 tid 106015
492 7 tid 106015
619 8 tid 106015
219 tid 106015
Insert  tid 106015
FindTargetPageId rootid 5 tid 106017
target_page_id id: 8 tid 106017
0 1 tid 106017
148 6 tid 106017
365 4 tid 106017
492 7 tid 106017
619 8 tid 106017
219 tid 106017
Insert  tid 106017
FindTargetPageId rootid 5 tid 106016
target_page_id id: 8 tid 106016
0 1 tid 106016
148 6 tid 106016
365 4 tid 106016
492 7 tid 106016
619 8 tid 106016
220 tid 106016
Remove  tid 106016
FindTargetPageId rootid 5 tid 106016
target_page_id id: 8 tid 106016
0 1 tid 106016
148 6 tid 106016
365 4 tid 106016
492 7 tid 106016
619 8 tid 106016
220 tid 106016
Remove  tid 106016
FindTargetPageId rootid 5 tid 106016
target_page_id id: 8 tid 106016
0 1 tid 106016
148 6 tid 106016
365 4 tid 106016
492 7 tid 106016
619 8 tid 106016
220 tid 106016
Remove  tid 106016
FindTargetPageId rootid 5 tid 106015
target_page_id id: 8 tid 106015
0 1 tid 106015
148 6 tid 106015
365 4 tid 106015
492 7 tid 106015
619 8 tid 106015
220 tid 106015
Insert  tid 106015
FindTargetPageId rootid 5 tid 106016
target_page_id id: 8 tid 106016
0 1 tid 106016
148 6 tid 106016
365 4 tid 106016
492 7 tid 106016
619 8 tid 106016
220 tid 106016
Remove  tid 106016
FindTargetPageId rootid 5 tid 106016
target_page_id id: 8 tid 106016
0 1 tid 106016
148 6 tid 106016
365 4 tid 106016
492 7 tid 106016
619 8 tid 106016
220 tid 106016
Remove  tid 106016
FindTargetPageId rootid 5 tid 106016
target_page_id id: 8 tid 106016
0 1 tid 106016
148 6 tid 106016
365 4 tid 106016
492 7 tid 106016
619 8 tid 106016
220 tid 106016
Remove  tid 106016
FindTargetPageId rootid 5 tid 106016
target_page_id id: 8 tid 106016
0 1 tid 106016
148 6 tid 106016
365 4 tid 106016
492 7 tid 106016
619 8 tid 106016
220 tid 106016
Remove  tid 106016
FindTargetPageId rootid 5 tid 106016
target_page_id id: 8 tid 106016
0 1 tid 106016
148 6 tid 106016
365 4 tid 106016
492 7 tid 106016
619 8 tid 106016
220 tid 106016
Remove  tid 106016
FindTargetPageId rootid 5 tid 106015
target_page_id id: 8 tid 106015
0 1 tid 106015
148 6 tid 106015
365 4 tid 106015
492 7 tid 106015
619 8 tid 106015
220 tid 106015
Insert  tid 106015
FindTargetPageId rootid 5 tid 106017
target_page_id id: 8 tid 106017
0 1 tid 106017
148 6 tid 106017
365 4 tid 106017
492 7 tid 106017
619 8 tid 106017
220 tid 106017
Insert  tid 106017
FindTargetPageId rootid 5 tid 106016
target_page_id id: 8 tid 106016
0 1 tid 106016
148 6 tid 106016
365 4 tid 106016
492 7 tid 106016
619 8 tid 106016
221 tid 106016
Remove  tid 106016
FindTargetPageId rootid 5 tid 106016
target_page_id id: 8 tid 106016
0 1 tid 106016
148 6 tid 106016
365 4 tid 106016
492 7 tid 106016
619 8 tid 106016
221 tid 106016
Remove  tid 106016
FindTargetPageId rootid 5 tid 106017
target_page_id id: 8 tid 106017
0 1 tid 106017
148 6 tid 106017
365 4 tid 106017
492 7 tid 106017
619 8 tid 106017
221 tid 106017
Insert  tid 106017
FindTargetPageId rootid 5 tid 106015
target_page_id id: 8 tid 106015
0 1 tid 106015
148 6 tid 106015
365 4 tid 106015
492 7 tid 106015
619 8 tid 106015
222 tid 106015
Insert  tid 106015
FindTargetPageId rootid 5 tid 106016
target_page_id id: 8 tid 106016
0 1 tid 106016
148 6 tid 106016
365 4 tid 106016
492 7 tid 106016
619 8 tid 106016
222 tid 106016
Remove  tid 106016
FindTargetPageId rootid 5 tid 106017
target_page_id id: 8 tid 106017
0 1 tid 106017
148 6 tid 106017
365 4 tid 106017
492 7 tid 106017
619 8 tid 106017
222 tid 106017
Insert  tid 106017
FindTargetPageId rootid 5 tid 106017
target_page_id id: 8 tid 106017
0 1 tid 106017
148 6 tid 106017
365 4 tid 106017
492 7 tid 106017
619 8 tid 106017
223 tid 106017
Insert  tid 106017
FindTargetPageId rootid 5 tid 106017
target_page_id id: 8 tid 106017
0 1 tid 106017
148 6 tid 106017
365 4 tid 106017
492 7 tid 106017
619 8 tid 106017
224 tid 106017
Insert  tid 106017
FindTargetPageId rootid 5 tid 106015
target_page_id id: 8 tid 106015
0 1 tid 106015
148 6 tid 106015
365 4 tid 106015
492 7 tid 106015
619 8 tid 106015
225 tid 106015
Insert  tid 106015
FindTargetPageId rootid 5 tid 106015
target_page_id id: 8 tid 106015
0 1 tid 106015
148 6 tid 106015
365 4 tid 106015
492 7 tid 106015
619 8 tid 106015
225 tid 106015
Insert  tid 106015
FindTargetPageId rootid 5 tid 106015
target_page_id id: 8 tid 106015
0 1 tid 106015
148 6 tid 106015
365 4 tid 106015
492 7 tid 106015
619 8 tid 106015
225 tid 106015
Insert  tid 106015
FindTargetPageId rootid 5 tid 106015
target_page_id id: 8 tid 106015
0 1 tid 106015
148 6 tid 106015
365 4 tid 106015
492 7 tid 106015
619 8 tid 106015
225 tid 106015
Insert  tid 106015
FindTargetPageId rootid 5 tid 106016
target_page_id id: 8 tid 106016
0 1 tid 106016
148 6 tid 106016
365 4 tid 106016
492 7 tid 106016
619 8 tid 106016
225 tid 106016
Remove  tid 106016
FindTargetPageId rootid 5 tid 106016
target_page_id id: 8 tid 106016
0 1 tid 106016
148 6 tid 106016
365 4 tid 106016
492 7 tid 106016
619 8 tid 106016
225 tid 106016
Remove  tid 106016
FindTargetPageId rootid 5 tid 106017
target_page_id id: 8 tid 106017
0 1 tid 106017
148 6 tid 106017
365 4 tid 106017
492 7 tid 106017
619 8 tid 106017
225 tid 106017
Insert  tid 106017
FindTargetPageId rootid 5 tid 106017
target_page_id id: 8 tid 106017
0 1 tid 106017
148 6 tid 106017
365 4 tid 106017
492 7 tid 106017
619 8 tid 106017
226 tid 106017
Insert  tid 106017
FindTargetPageId rootid 5 tid 106016
target_page_id id: 8 tid 106016
0 1 tid 106016
148 6 tid 106016
365 4 tid 106016
492 7 tid 106016
619 8 tid 106016
227 tid 106016
Remove  tid 106016
FindTargetPageId rootid 5 tid 106015
target_page_id id: 8 tid 106015
0 1 tid 106015
148 6 tid 106015
365 4 tid 106015
492 7 tid 106015
619 8 tid 106015
227 tid 106015
Insert  tid 106015
FindTargetPageId rootid 5 tid 106017
target_page_id id: 8 tid 106017
0 1 tid 106017
148 6 tid 106017
365 4 tid 106017
492 7 tid 106017
619 8 tid 106017
227 tid 106017
Insert  tid 106017
FindTargetPageId rootid 5 tid 106016
target_page_id id: 8 tid 106016
0 1 tid 106016
148 6 tid 106016
365 4 tid 106016
492 7 tid 106016
619 8 tid 106016
228 tid 106016
Remove  tid 106016
FindTargetPageId rootid 5 tid 106015
target_page_id id: 8 tid 106015
0 1 tid 106015
148 6 tid 106015
365 4 tid 106015
492 7 tid 106015
619 8 tid 106015
228 tid 106015
Insert  tid 106015
FindTargetPageId rootid 5 tid 106017
target_page_id id: 8 tid 106017
0 1 tid 106017
148 6 tid 106017
365 4 tid 106017
492 7 tid 106017
619 8 tid 106017
228 tid 106017
Insert  tid 106017
FindTargetPageId rootid 5 tid 106016
target_page_id id: 8 tid 106016
0 1 tid 106016
148 6 tid 106016
365 4 tid 106016
492 7 tid 106016
619 8 tid 106016
229 tid 106016
Remove  tid 106016
FindTargetPageId rootid 5 tid 106015
target_page_id id: 8 tid 106015
0 1 tid 106015
148 6 tid 106015
365 4 tid 106015
492 7 tid 106015
619 8 tid 106015
229 tid 106015
Insert  tid 106015
FindTargetPageId rootid 5 tid 106017
target_page_id id: 8 tid 106017
0 1 tid 106017
148 6 tid 106017
365 4 tid 106017
492 7 tid 106017
619 8 tid 106017
229 tid 106017
Insert  tid 106017
FindTargetPageId rootid 5 tid 106017
target_page_id id: 8 tid 106017
0 1 tid 106017
148 6 tid 106017
365 4 tid 106017
492 7 tid 106017
619 8 tid 106017
230 tid 106017
Insert  tid 106017
FindTargetPageId rootid 5 tid 106015
target_page_id id: 8 tid 106015
0 1 tid 106015
148 6 tid 106015
365 4 tid 106015
492 7 tid 106015
619 8 tid 106015
231 tid 106015
Insert  tid 106015
FindTargetPageId rootid 5 tid 106016
target_page_id id: 8 tid 106016
0 1 tid 106016
148 6 tid 106016
365 4 tid 106016
492 7 tid 106016
619 8 tid 106016
231 tid 106016
Remove  tid 106016
FindTargetPageId rootid 5 tid 106017
target_page_id id: 8 tid 106017
0 1 tid 106017
148 6 tid 106017
365 4 tid 106017
492 7 tid 106017
619 8 tid 106017
231 tid 106017
Insert  tid 106017
FindTargetPageId rootid 5 tid 106015
target_page_id id: 8 tid 106015
0 1 tid 106015
148 6 tid 106015
365 4 tid 106015
492 7 tid 106015
619 8 tid 106015
232 tid 106015
Insert  tid 106015
FindTargetPageId rootid 5 tid 106016
target_page_id id: 8 tid 106016
0 1 tid 106016
148 6 tid 106016
365 4 tid 106016
492 7 tid 106016
619 8 tid 106016
232 tid 106016
Remove  tid 106016
FindTargetPageId rootid 5 tid 106017
target_page_id id: 8 tid 106017
0 1 tid 106017
148 6 tid 106017
365 4 tid 106017
492 7 tid 106017
619 8 tid 106017
232 tid 106017
Insert  tid 106017
FindTargetPageId rootid 5 tid 106015
target_page_id id: 8 tid 106015
0 1 tid 106015
148 6 tid 106015
365 4 tid 106015
492 7 tid 106015
619 8 tid 106015
233 tid 106015
Insert  tid 106015
FindTargetPageId rootid 5 tid 106016
target_page_id id: 8 tid 106016
0 1 tid 106016
148 6 tid 106016
365 4 tid 106016
492 7 tid 106016
619 8 tid 106016
233 tid 106016
Remove  tid 106016
FindTargetPageId rootid 5 tid 106017
target_page_id id: 8 tid 106017
0 1 tid 106017
148 6 tid 106017
365 4 tid 106017
492 7 tid 106017
619 8 tid 106017
233 tid 106017
Insert  tid 106017
FindTargetPageId rootid 5 tid 106015
target_page_id id: 8 tid 106015
0 1 tid 106015
148 6 tid 106015
365 4 tid 106015
492 7 tid 106015
619 8 tid 106015
234 tid 106015
Insert  tid 106015
FindTargetPageId rootid 5 tid 106016
target_page_id id: 8 tid 106016
0 1 tid 106016
148 6 tid 106016
365 4 tid 106016
492 7 tid 106016
619 8 tid 106016
234 tid 106016
Remove  tid 106016
FindTargetPageId rootid 5 tid 106017
target_page_id id: 8 tid 106017
0 1 tid 106017
148 6 tid 106017
365 4 tid 106017
492 7 tid 106017
619 8 tid 106017
234 tid 106017
Insert  tid 106017
FindTargetPageId rootid 5 tid 106015
target_page_id id: 8 tid 106015
0 1 tid 106015
148 6 tid 106015
365 4 tid 106015
492 7 tid 106015
619 8 tid 106015
235 tid 106015
Insert  tid 106015
FindTargetPageId rootid 5 tid 106015
target_page_id id: 8 tid 106015
0 1 tid 106015
148 6 tid 106015
365 4 tid 106015
492 7 tid 106015
619 8 tid 106015
235 tid 106015
Insert  tid 106015
FindTargetPageId rootid 5 tid 106015
target_page_id id: 8 tid 106015
0 1 tid 106015
148 6 tid 106015
365 4 tid 106015
492 7 tid 106015
619 8 tid 106015
235 tid 106015
Insert  tid 106015
FindTargetPageId rootid 5 tid 106015
target_page_id id: 8 tid 106015
0 1 tid 106015
148 6 tid 106015
365 4 tid 106015
492 7 tid 106015
619 8 tid 106015
235 tid 106015
Insert  tid 106015
FindTargetPageId rootid 5 tid 106015
target_page_id id: 8 tid 106015
0 1 tid 106015
148 6 tid 106015
365 4 tid 106015
492 7 tid 106015
619 8 tid 106015
235 tid 106015
Insert  tid 106015
FindTargetPageId rootid 5 tid 106015
target_page_id id: 8 tid 106015
0 1 tid 106015
148 6 tid 106015
365 4 tid 106015
492 7 tid 106015
619 8 tid 106015
235 tid 106015
Insert  tid 106015
FindTargetPageId rootid 5 tid 106015
target_page_id id: 8 tid 106015
0 1 tid 106015
148 6 tid 106015
365 4 tid 106015
492 7 tid 106015
619 8 tid 106015
235 tid 106015
Insert  tid 106015
FindTargetPageId rootid 5 tid 106015
target_page_id id: 8 tid 106015
0 1 tid 106015
148 6 tid 106015
365 4 tid 106015
492 7 tid 106015
619 8 tid 106015
235 tid 106015
Insert  tid 106015
FindTargetPageId rootid 5 tid 106015
target_page_id id: 8 tid 106015
0 1 tid 106015
148 6 tid 106015
365 4 tid 106015
492 7 tid 106015
619 8 tid 106015
235 tid 106015
Insert  tid 106015
FindTargetPageId rootid 5 tid 106015
target_page_id id: 8 tid 106015
0 1 tid 106015
148 6 tid 106015
365 4 tid 106015
492 7 tid 106015
619 8 tid 106015
235 tid 106015
Insert  tid 106015
FindTargetPageId rootid 5 tid 106017
target_page_id id: 8 tid 106017
0 1 tid 106017
148 6 tid 106017
365 4 tid 106017
492 7 tid 106017
619 8 tid 106017
235 tid 106017
Insert  tid 106017
FindTargetPageId rootid 5 tid 106016
target_page_id id: 8 tid 106016
0 1 tid 106016
148 6 tid 106016
365 4 tid 106016
492 7 tid 106016
619 8 tid 106016
236 tid 106016
Remove  tid 106016
FindTargetPageId rootid 5 tid 106016
target_page_id id: 8 tid 106016
0 1 tid 106016
148 6 tid 106016
365 4 tid 106016
492 7 tid 106016
619 8 tid 106016
236 tid 106016
Remove  tid 106016
FindTargetPageId rootid 5 tid 106016
target_page_id id: 8 tid 106016
0 1 tid 106016
148 6 tid 106016
365 4 tid 106016
492 7 tid 106016
619 8 tid 106016
236 tid 106016
Remove  tid 106016
FindTargetPageId rootid 5 tid 106017
target_page_id id: 8 tid 106017
0 1 tid 106017
148 6 tid 106017
365 4 tid 106017
492 7 tid 106017
619 8 tid 106017
236 tid 106017
Insert  tid 106017
FindTargetPageId rootid 5 tid 106015
target_page_id id: 8 tid 106015
0 1 tid 106015
148 6 tid 106015
365 4 tid 106015
492 7 tid 106015
619 8 tid 106015
237 tid 106015
Insert  tid 106015
FindTargetPageId rootid 5 tid 106016
target_page_id id: 8 tid 106016
0 1 tid 106016
148 6 tid 106016
365 4 tid 106016
492 7 tid 106016
619 8 tid 106016
237 tid 106016
Remove  tid 106016
FindTargetPageId rootid 5 tid 106016
target_page_id id: 8 tid 106016
0 1 tid 106016
148 6 tid 106016
365 4 tid 106016
492 7 tid 106016
619 8 tid 106016
237 tid 106016
Remove  tid 106016
FindTargetPageId rootid 5 tid 106016
target_page_id id: 8 tid 106016
0 1 tid 106016
148 6 tid 106016
365 4 tid 106016
492 7 tid 106016
619 8 tid 106016
237 tid 106016
Remove  tid 106016
FindTargetPageId rootid 5 tid 106016
target_page_id id: 8 tid 106016
0 1 tid 106016
148 6 tid 106016
365 4 tid 106016
492 7 tid 106016
619 8 tid 106016
237 tid 106016
Remove  tid 106016
FindTargetPageId rootid 5 tid 106017
target_page_id id: 8 tid 106017
0 1 tid 106017
148 6 tid 106017
365 4 tid 106017
492 7 tid 106017
619 8 tid 106017
237 tid 106017
Insert  tid 106017
FindTargetPageId rootid 5 tid 106017
target_page_id id: 8 tid 106017
0 1 tid 106017
148 6 tid 106017
365 4 tid 106017
492 7 tid 106017
619 8 tid 106017
238 tid 106017
Insert  tid 106017
FindTargetPageId rootid 5 tid 106017
target_page_id id: 8 tid 106017
0 1 tid 106017
148 6 tid 106017
365 4 tid 106017
492 7 tid 106017
619 8 tid 106017
239 tid 106017
Insert  tid 106017
FindTargetPageId rootid 5 tid 106017
target_page_id id: 8 tid 106017
0 1 tid 106017
148 6 tid 106017
365 4 tid 106017
492 7 tid 106017
619 8 tid 106017
240 tid 106017
Insert  tid 106017
FindTargetPageId rootid 5 tid 106017
target_page_id id: 8 tid 106017
0 1 tid 106017
148 6 tid 106017
365 4 tid 106017
492 7 tid 106017
619 8 tid 106017
241 tid 106017
Insert  tid 106017
FindTargetPageId rootid 5 tid 106017
target_page_id id: 8 tid 106017
0 1 tid 106017
148 6 tid 106017
365 4 tid 106017
492 7 tid 106017
619 8 tid 106017
242 tid 106017
Insert  tid 106017
FindTargetPageId rootid 5 tid 106017
target_page_id id: 8 tid 106017
0 1 tid 106017
148 6 tid 106017
365 4 tid 106017
492 7 tid 106017
619 8 tid 106017
243 tid 106017
Insert  tid 106017
FindTargetPageId rootid 5 tid 106017
target_page_id id: 8 tid 106017
0 1 tid 106017
148 6 tid 106017
365 4 tid 106017
492 7 tid 106017
619 8 tid 106017
244 tid 106017
Insert  tid 106017
FindTargetPageId rootid 5 tid 106017
target_page_id id: 8 tid 106017
0 1 tid 106017
148 6 tid 106017
365 4 tid 106017
492 7 tid 106017
619 8 tid 106017
245 tid 106017
Insert  tid 106017
FindTargetPageId rootid 5 tid 106017
target_page_id id: 8 tid 106017
0 1 tid 106017
148 6 tid 106017
365 4 tid 106017
492 7 tid 106017
619 8 tid 106017
246 tid 106017
Insert  tid 106017
FindTargetPageId rootid 5 tid 106017
target_page_id id: 8 tid 106017
0 1 tid 106017
148 6 tid 106017
365 4 tid 106017
492 7 tid 106017
619 8 tid 106017
247 tid 106017
Insert  tid 106017
FindTargetPageId rootid 5 tid 106017
target_page_id id: 8 tid 106017
0 1 tid 106017
148 6 tid 106017
365 4 tid 106017
492 7 tid 106017
619 8 tid 106017
248 tid 106017
Insert  tid 106017
FindTargetPageId rootid 5 tid 106017
target_page_id id: 8 tid 106017
0 1 tid 106017
148 6 tid 106017
365 4 tid 106017
492 7 tid 106017
619 8 tid 106017
249 tid 106017
Insert  tid 106017
FindTargetPageId rootid 5 tid 106017
target_page_id id: 8 tid 106017
0 1 tid 106017
148 6 tid 106017
365 4 tid 106017
492 7 tid 106017
619 8 tid 106017
250 tid 106017
Insert  tid 106017
FindTargetPageId rootid 5 tid 106016
target_page_id id: 8 tid 106016
0 1 tid 106016
148 6 tid 106016
365 4 tid 106016
492 7 tid 106016
619 8 tid 106016
251 tid 106016
Remove  tid 106016
FindTargetPageId rootid 5 tid 106016
target_page_id id: 8 tid 106016
0 1 tid 106016
148 6 tid 106016
365 4 tid 106016
492 7 tid 106016
619 8 tid 106016
251 tid 106016
Remove  tid 106016
FindTargetPageId rootid 5 tid 106016
target_page_id id: 8 tid 106016
0 1 tid 106016
148 6 tid 106016
365 4 tid 106016
492 7 tid 106016
619 8 tid 106016
251 tid 106016
Remove  tid 106016
FindTargetPageId rootid 5 tid 106016
target_page_id id: 8 tid 106016
0 1 tid 106016
148 6 tid 106016
365 4 tid 106016
492 7 tid 106016
619 8 tid 106016
251 tid 106016
Remove  tid 106016
FindTargetPageId rootid 5 tid 106016
target_page_id id: 8 tid 106016
0 1 tid 106016
148 6 tid 106016
365 4 tid 106016
492 7 tid 106016
619 8 tid 106016
251 tid 106016
FindTargetPageId rootid 5 tid Remove  tid 106015
106016target_page_id id: 8 tid 106015
0 1 tid 106015
148 6 tid 106015
365 4 tid 106015
492 7 tid 106015
619 8 tid 106015
251 tid 106015

Insert  tid 106015
FindTargetPageId rootid 5 tid 106016
target_page_id id: 8 tid 106016
0 1 tid 106016
148 6 tid 106016
365 4 tid 106016
492 7 tid 106016
619 8 tid 106016
251 tid 106016
Remove  tid FindTargetPageId rootid 106016
5 tid 106017
target_page_id id: 8 tid 106017
0 1 tid 106017
148 6 tid 106017
365 4 tid 106017
492 7 tid 106017
619 8 tid 106017
251 tid 106017
Insert  tid 106017
FindTargetPageId rootid 5 tid 106017
target_page_id id: 8 tid 106017
0 1 tid 106017
148 6 tid 106017
365 4 tid 106017
492 7 tid 106017
619 8 tid 106017
252 tid 106017
Insert  tid 106017
FindTargetPageId rootid 5 tid 106017
target_page_id id: 8 tid 106017
0 1 tid 106017
148 6 tid 106017
365 4 tid 106017
492 7 tid 106017
619 8 tid 106017
253 tid 106017
Insert  tid 106017
FindTargetPageId rootid 5 tid 106017
target_page_id id: 8 tid 106017
0 1 tid 106017
148 6 tid 106017
365 4 tid 106017
492 7 tid 106017
619 8 tid 106017
254 tid 106017
Insert  tid 106017
FindTargetPageId rootid 5 tid 106015
target_page_id id: 8 tid 106015
0 1 tid 106015
148 6 tid 106015
365 4 tid 106015
492 7 tid 106015
619 8 tid 106015
746 9 tid 106015
127 tid 106015
Insert  tid 106015
FindTargetPageId rootid 5 tid 106016
target_page_id id: 9 tid 106016
0 1 tid 106016
148 6 tid 106016
365 4 tid 106016
492 7 tid 106016
619 8 tid 106016
746 9 tid 106016
128 tid 106016
Remove  tid 106016
FindTargetPageId rootid 5 tid 106016
target_page_id id: 9 tid 106016
0 1 tid 106016
148 6 tid 106016
365 4 tid 106016
492 7 tid 106016
619 8 tid 106016
746 9 tid 106016
128 tid 106016
Remove  tid 106016
FindTargetPageId rootid 5 tid 106016
target_page_id id: 9 tid 106016
0 1 tid 106016
148 6 tid 106016
365 4 tid 106016
492 7 tid 106016
619 8 tid 106016
746 9 tid 106016
128 tid 106016
Remove  tid 106016
FindTargetPageId rootid 5 tid 106016
target_page_id id: 9 tid 106016
0 1 tid 106016
148 6 tid 106016
365 4 tid 106016
492 7 tid 106016
619 8 tid 106016
746 9 tid 106016
128 tid 106016
Remove  tid 106016
FindTargetPageId rootid 5 tid 106017
target_page_id id: 9 tid 106017
0 1 tid 106017
148 6 tid 106017
365 4 tid 106017
492 7 tid 106017
619 8 tid 106017
746 9 tid 106017
128 tid 106017
Insert  tid 106017
FindTargetPageId rootid 5 tid 106017
target_page_id id: 9 tid 106017
0 1 tid 106017
148 6 tid 106017
365 4 tid 106017
492 7 tid 106017
619 8 tid 106017
746 9 tid 106017
129 tid 106017
Insert  tid 106017
FindTargetPageId rootid 5 tid 106017
target_page_id id: 9 tid 106017
0 1 tid 106017
148 6 tid 106017
365 4 tid 106017
492 7 tid 106017
619 8 tid 106017
746 9 tid 106017
130 tid 106017
Insert  tid 106017
FindTargetPageId rootid 5 tid 106017
target_page_id id: 9 tid 106017
0 1 tid 106017
148 6 tid 106017
365 4 tid 106017
492 7 tid 106017
619 8 tid 106017
746 9 tid 106017
131 tid 106017
Insert  tid 106017
FindTargetPageId rootid 5 tid 106017
target_page_id id: 9 tid 106017
0 1 tid 106017
148 6 tid 106017
365 4 tid 106017
492 7 tid 106017
619 8 tid 106017
746 9 tid 106017
132 tid 106017
Insert  tid 106017
FindTargetPageId rootid 5 tid 106017
target_page_id id: 9 tid 106017
0 1 tid 106017
148 6 tid 106017
365 4 tid 106017
492 7 tid 106017
619 8 tid 106017
746 9 tid 106017
133 tid 106017
Insert  tid 106017
FindTargetPageId rootid 5 tid 106017
target_page_id id: 9 tid 106017
0 1 tid 106017
148 6 tid 106017
365 4 tid 106017
492 7 tid 106017
619 8 tid 106017
746 9 tid 106017
134 tid 106017
Insert  tid 106017
FindTargetPageId rootid 5 tid 106017
target_page_id id: 9 tid 106017
0 1 tid 106017
148 6 tid 106017
365 4 tid 106017
492 7 tid 106017
619 8 tid 106017
746 9 tid 106017
135 tid 106017
Insert  tid 106017
FindTargetPageId rootid 5 tid 106017
target_page_id id: 9 tid 106017
0 1 tid 106017
148 6 tid 106017
365 4 tid 106017
492 7 tid 106017
619 8 tid 106017
746 9 tid 106017
136 tid 106017
Insert  tid 106017
FindTargetPageId rootid 5 tid 106017
target_page_id id: 9 tid 106017
0 1 tid 106017
148 6 tid 106017
365 4 tid 106017
492 7 tid 106017
619 8 tid 106017
746 9 tid 106017
137 tid 106017
Insert  tid 106017
FindTargetPageId rootid 5 tid 106017
target_page_id id: 9 tid 106017
0 1 tid 106017
148 6 tid 106017
365 4 tid 106017
492 7 tid 106017
619 8 tid 106017
746 9 tid 106017
138 tid 106017
Insert  tid 106017
FindTargetPageId rootid 5 tid 106017
target_page_id id: 9 tid 106017
0 1 tid 106017
148 6 tid 106017
365 4 tid 106017
492 7 tid 106017
619 8 tid 106017
746 9 tid 106017
139 tid 106017
Insert  tid 106017
FindTargetPageId rootid 5 tid 106017
target_page_id id: 9 tid 106017
0 1 tid 106017
148 6 tid 106017
365 4 tid 106017
492 7 tid 106017
619 8 tid 106017
746 9 tid 106017
140 tid 106017
Insert  tid 106017
FindTargetPageId rootid 5 tid 106017
target_page_id id: 9 tid 106017
0 1 tid 106017
148 6 tid 106017
365 4 tid 106017
492 7 tid 106017
619 8 tid 106017
746 9 tid 106017
141 tid 106017
Insert  tid 106017
FindTargetPageId rootid 5 tid 106017
target_page_id id: 9 tid 106017
0 1 tid 106017
148 6 tid 106017
365 4 tid 106017
492 7 tid 106017
619 8 tid 106017
746 9 tid 106017
142 tid 106017
Insert  tid 106017
FindTargetPageId rootid 5 tid 106017
target_page_id id: 9 tid 106017
0 1 tid 106017
148 6 tid 106017
365 4 tid 106017
492 7 tid 106017
619 8 tid 106017
746 9 tid 106017
143 tid 106017
Insert  tid 106017
FindTargetPageId rootid 5 tid 106017
target_page_id id: 9 tid 106017
0 1 tid 106017
148 6 tid 106017
365 4 tid 106017
492 7 tid 106017
619 8 tid 106017
746 9 tid 106017
144 tid 106017
Insert  tid 106017
FindTargetPageId rootid 5 tid 106017
target_page_id id: 9 tid 106017
0 1 tid 106017
148 6 tid 106017
365 4 tid 106017
492 7 tid 106017
619 8 tid 106017
746 9 tid 106017
145 tid 106017
Insert  tid 106017
FindTargetPageId rootid 5 tid 106017
target_page_id id: 9 tid 106017
0 1 tid 106017
148 6 tid 106017
365 4 tid 106017
492 7 tid 106017
619 8 tid 106017
746 9 tid 106017
146 tid 106017
Insert  tid 106017
FindTargetPageId rootid 5 tid 106017
target_page_id id: 9 tid 106017
0 1 tid 106017
148 6 tid 106017
365 4 tid 106017
492 7 tid 106017
619 8 tid 106017
746 9 tid 106017
147 tid 106017
Insert  tid 106017
FindTargetPageId rootid 5 tid 106017
target_page_id id: 9 tid 106017
0 1 tid 106017
148 6 tid 106017
365 4 tid 106017
492 7 tid 106017
619 8 tid 106017
746 9 tid 106017
148 tid 106017
Insert  tid 106017
FindTargetPageId rootid 5 tid 106017
target_page_id id: 9 tid 106017
0 1 tid 106017
148 6 tid 106017
365 4 tid 106017
492 7 tid 106017
619 8 tid 106017
746 9 tid 106017
149 tid 106017
Insert  tid 106017
FindTargetPageId rootid 5 tid 106017
target_page_id id: 9 tid 106017
0 1 tid 106017
148 6 tid 106017
365 4 tid 106017
492 7 tid 106017
619 8 tid 106017
746 9 tid 106017
150 tid 106017
Insert  tid 106017
FindTargetPageId rootid 5 tid 106017
target_page_id id: 9 tid 106017
0 1 tid 106017
148 6 tid 106017
365 4 tid 106017
492 7 tid 106017
619 8 tid 106017
746 9 tid 106017
151 tid 106017
Insert  tid 106017
FindTargetPageId rootid 5 tid 106017
target_page_id id: 9 tid 106017
0 1 tid 106017
148 6 tid 106017
365 4 tid 106017
492 7 tid 106017
619 8 tid 106017
746 9 tid 106017
152 tid 106017
Insert  tid 106017
FindTargetPageId rootid 5 tid 106017
target_page_id id: 9 tid 106017
0 1 tid 106017
148 6 tid 106017
365 4 tid 106017
492 7 tid 106017
619 8 tid 106017
746 9 tid 106017
153 tid 106017
Insert  tid 106017
FindTargetPageId rootid 5 tid 106017
target_page_id id: 9 tid 106017
0 1 tid 106017
148 6 tid 106017
365 4 tid 106017
492 7 tid 106017
619 8 tid 106017
746 9 tid 106017
154 tid 106017
Insert  tid 106017
FindTargetPageId rootid 5 tid 106017
target_page_id id: 9 tid 106017
0 1 tid 106017
148 6 tid 106017
365 4 tid 106017
492 7 tid 106017
619 8 tid 106017
746 9 tid 106017
155 tid 106017
Insert  tid 106017
FindTargetPageId rootid 5 tid 106017
target_page_id id: 9 tid 106017
0 1 tid 106017
148 6 tid 106017
365 4 tid 106017
492 7 tid 106017
619 8 tid 106017
746 9 tid 106017
156 tid 106017
Insert  tid 106017
FindTargetPageId rootid 5 tid 106017
target_page_id id: 9 tid 106017
0 1 tid 106017
148 6 tid 106017
365 4 tid 106017
492 7 tid 106017
619 8 tid 106017
746 9 tid 106017
157 tid 106017
Insert  tid 106017
FindTargetPageId rootid 5 tid 106017
target_page_id id: 9 tid 106017
0 1 tid 106017
148 6 tid 106017
365 4 tid 106017
492 7 tid 106017
619 8 tid 106017
746 9 tid 106017
158 tid 106017
Insert  tid 106017
FindTargetPageId rootid 5 tid 106017
target_page_id id: 9 tid 106017
0 1 tid 106017
148 6 tid 106017
365 4 tid 106017
492 7 tid 106017
619 8 tid 106017
746 9 tid 106017
159 tid 106017
Insert  tid 106017
FindTargetPageId rootid 5 tid 106017
target_page_id id: 9 tid 106017
0 1 tid 106017
148 6 tid 106017
365 4 tid 106017
492 7 tid 106017
619 8 tid 106017
746 9 tid 106017
160 tid 106017
Insert  tid 106017
FindTargetPageId rootid 5 tid 106017
target_page_id id: 9 tid 106017
0 1 tid 106017
148 6 tid 106017
365 4 tid 106017
492 7 tid 106017
619 8 tid 106017
746 9 tid 106017
161 tid 106017
Insert  tid 106017
FindTargetPageId rootid 5 tid 106017
target_page_id id: 9 tid 106017
0 1 tid 106017
148 6 tid 106017
365 4 tid 106017
492 7 tid 106017
619 8 tid 106017
746 9 tid 106017
162 tid 106017
Insert  tid 106017
FindTargetPageId rootid 5 tid 106017
target_page_id id: 9 tid 106017
0 1 tid 106017
148 6 tid 106017
365 4 tid 106017
492 7 tid 106017
619 8 tid 106017
746 9 tid 106017
163 tid 106017
Insert  tid 106017
FindTargetPageId rootid 5 tid 106017
target_page_id id: 9 tid 106017
0 1 tid 106017
148 6 tid 106017
365 4 tid 106017
492 7 tid 106017
619 8 tid 106017
746 9 tid 106017
164 tid 106017
Insert  tid 106017
FindTargetPageId rootid 5 tid 106017
target_page_id id: 9 tid 106017
0 1 tid 106017
148 6 tid 106017
365 4 tid 106017
492 7 tid 106017
619 8 tid 106017
746 9 tid 106017
165 tid 106017
Insert  tid 106017
FindTargetPageId rootid 5 tid 106017
target_page_id id: 9 tid 106017
0 1 tid 106017
148 6 tid 106017
365 4 tid 106017
492 7 tid 106017
619 8 tid 106017
746 9 tid 106017
166 tid 106017
Insert  tid 106017
FindTargetPageId rootid 5 tid 106017
target_page_id id: 9 tid 106017
0 1 tid 106017
148 6 tid 106017
365 4 tid 106017
492 7 tid 106017
619 8 tid 106017
746 9 tid 106017
167 tid 106017
Insert  tid 106017
FindTargetPageId rootid 5 tid 106017
target_page_id id: 9 tid 106017
0 1 tid 106017
148 6 tid 106017
365 4 tid 106017
492 7 tid 106017
619 8 tid 106017
746 9 tid 106017
168 tid 106017
Insert  tid 106017
FindTargetPageId rootid 5 tid 106017
target_page_id id: 9 tid 106017
0 1 tid 106017
148 6 tid 106017
365 4 tid 106017
492 7 tid 106017
619 8 tid 106017
746 9 tid 106017
169 tid 106017
Insert  tid 106017
FindTargetPageId rootid 5 tid 106017
target_page_id id: 9 tid 106017
0 1 tid 106017
148 6 tid 106017
365 4 tid 106017
492 7 tid 106017
619 8 tid 106017
746 9 tid 106017
170 tid 106017
Insert  tid 106017
FindTargetPageId rootid 5 tid 106017
target_page_id id: 9 tid 106017
0 1 tid 106017
148 6 tid 106017
365 4 tid 106017
492 7 tid 106017
619 8 tid 106017
746 9 tid 106017
171 tid 106017
Insert  tid 106017
FindTargetPageId rootid 5 tid 106017
target_page_id id: 9 tid 106017
0 1 tid 106017
148 6 tid 106017
365 4 tid 106017
492 7 tid 106017
619 8 tid 106017
746 9 tid 106017
172 tid 106017
Insert  tid 106017
FindTargetPageId rootid 5 tid 106015
target_page_id id: 8 tid 106015
0 1 tid 106015
148 6 tid 106015
365 4 tid 106015
492 7 tid 106015
619 8 tid 106015
746 9 tid 106015
127 tid 106015
Insert  tid 106015
FindTargetPageId rootid 5 tid 106016
target_page_id id: 9 tid 106016
0 1 tid 106016
148 6 tid 106016
365 4 tid 106016
492 7 tid 106016
619 8 tid 106016
746 9 tid 106016
173 tid 106016
FindTargetPageId rootid 5 tid 106017
target_page_id id: 9 tid 106017
0 1 tid 106017
Remove 148 tid  6 tid 106017
365 4 tid 106017
492 7 tid 106017
619 8 tid 106017
746 9 tid 106017
173 tid 106017
Insert  tid 106017
FindTargetPageId rootid 5 tid 106015
target_page_id id: 8 tid 106015
0 1 tid 106015
148 6 tid 106015
365 4 tid 106015
492 7 tid 106015
619 8 tid 106015
746 9 tid 106015
127 tid 106015
106016
Insert  tid 106015
FindTargetPageId rootid 5 tid 106016
target_page_id id: 9 tid 106016
0 1 tid 106016
148 6 tid 106016
365 4 tid 106016
492 7 tid 106016
619 8 tid 106016
746 9 tid 106016
174 tid 106016
Remove  tid 106016
FindTargetPageId rootid 5 tid 106015
target_page_id id: 8 tid 106015
0 1 tid 106015
148 6 tid 106015
365 4 tid 106015
492 7 tid 106015
619 8 tid 106015
746 9 tid 106015
127 tid 106015
Insert  tid 106015
FindTargetPageId rootid 5 tid 106017
target_page_id id: 9 tid 106017
0 1 tid 106017
148 6 tid 106017
365 4 tid 106017
492 7 tid 106017
619 8 tid 106017
746 9 tid 106017
174 tid 106017
Insert  tid 106017
FindTargetPageId rootid 5 tid 106017
target_page_id id: 9 tid 106017
0 1 tid 106017
148 6 tid 106017
365 4 tid 106017
492 7 tid 106017
619 8 tid 106017
746 9 tid 106017
175 tid 106017
Insert  tid 106017
FindTargetPageId rootid 5 tid 106017
target_page_id id: 9 tid 106017
0 1 tid 106017
148 6 tid 106017
365 4 tid 106017
492 7 tid 106017
619 8 tid 106017
746 9 tid 106017
176 tid 106017
Insert  tid 106017
FindTargetPageId rootid 5 tid 106017
target_page_id id: 9 tid 106017
0 1 tid 106017
148 6 tid 106017
365 4 tid 106017
492 7 tid 106017
619 8 tid 106017
746 9 tid 106017
177 tid 106017
Insert  tid 106017
FindTargetPageId rootid 5 tid 106017
target_page_id id: 9 tid 106017
0 1 tid 106017
148 6 tid 106017
365 4 tid 106017
492 7 tid 106017
619 8 tid 106017
746 9 tid 106017
178 tid 106017
Insert  tid 106017
FindTargetPageId rootid 5 tid 106017
target_page_id id: 9 tid 106017
0 1 tid 106017
148 6 tid 106017
365 4 tid 106017
492 7 tid 106017
619 8 tid 106017
746 9 tid 106017
179 tid 106017
Insert  tid 106017
FindTargetPageId rootid 5 tid 106017
target_page_id id: 9 tid 106017
0 1 tid 106017
148 6 tid 106017
365 4 tid 106017
492 7 tid 106017
619 8 tid 106017
746 9 tid 106017
180 tid 106017
Insert  tid 106017
FindTargetPageId rootid 5 tid 106017
target_page_id id: 9 tid 106017
0 1 tid 106017
148 6 tid 106017
365 4 tid 106017
492 7 tid 106017
619 8 tid 106017
746 9 tid 106017
181 tid 106017
Insert  tid 106017
FindTargetPageId rootid 5 tid 106017
target_page_id id: 9 tid 106017
0 1 tid 106017
148 6 tid 106017
365 4 tid 106017
492 7 tid 106017
619 8 tid 106017
746 9 tid 106017
182 tid 106017
Insert  tid 106017
FindTargetPageId rootid 5 tid 106017
target_page_id id: 9 tid 106017
0 1 tid 106017
148 6 tid 106017
365 4 tid 106017
492 7 tid 106017
619 8 tid 106017
746 9 tid 106017
183 tid 106017
Insert  tid 106017
FindTargetPageId rootid 5 tid 106017
target_page_id id: 9 tid 106017
0 1 tid 106017
148 6 tid 106017
365 4 tid 106017
492 7 tid 106017
619 8 tid 106017
746 9 tid 106017
184 tid 106017
Insert  tid 106017
FindTargetPageId rootid 5 tid 106017
target_page_id id: 9 tid 106017
0 1 tid 106017
148 6 tid 106017
365 4 tid 106017
492 7 tid 106017
619 8 tid 106017
746 9 tid 106017
185 tid 106017
Insert  tid 106017
FindTargetPageId rootid 5 tid 106016
target_page_id id: 9 tid 106016
0 1 tid 106016
148 6 tid 106016
365 4 tid 106016
492 7 tid 106016
619 8 tid 106016
746 9 tid 106016
186 tid 106016
Remove  tid 106016
FindTargetPageId rootid 5 tid 106016
target_page_id id: 9 tid 106016
0 1 tid 106016
148 6 tid 106016
365 4 tid 106016
492 7 tid 106016
619 8 tid 106016
746 9 tid 106016
186 tid 106016
Remove  tid 106016
FindTargetPageId rootid 5 tid 106016
target_page_id id: 9 tid 106016
0 1 tid 106016
148 6 tid 106016
365 4 tid 106016
492 7 tid 106016
619 8 tid 106016
746 9 tid 106016
186 tid 106016
Remove  tid 106016
FindTargetPageId rootid 5 tid 106016
target_page_id id: 9 tid 106016
0 1 tid 106016
148 6 tid 106016
365 4 tid 106016
492 7 tid 106016
619 8 tid 106016
746 9 tid 106016
186 tid 106016
Remove  tid 106016
FindTargetPageId rootid 5 tid 106016
target_page_id id: 9 tid 106016
0 1 tid 106016
148 6 tid 106016
365 4 tid 106016
492 7 tid 106016
619 8 tid 106016
746 9 tid 106016
186 tid 106016
Remove  tid 106016
FindTargetPageId rootid 5 tid 106016
target_page_id id: 9 tid 106016
0 1 tid 106016
148 6 tid 106016
365 4 tid 106016
492 7 tid 106016
619 8 tid 106016
746 9 tid 106016
186 tid 106016
Remove  tid 106016
FindTargetPageId rootid 5 tid 106017
target_page_id id: 9 tid 106017
0 1 tid 106017
148 6 tid 106017
365 4 tid 106017
492 7 tid 106017
619 8 tid 106017
746 9 tid 106017
186 tid 106017
Insert  tid 106017
FindTargetPageId rootid 5 tid 106015
target_page_id id: 8 tid 106015
0 1 tid 106015
148 6 tid 106015
365 4 tid 106015
492 7 tid 106015
619 8 tid 106015
746 9 tid 106015
127 tid 106015
Insert  tid 106015
FindTargetPageId rootid 5 tid 106016
target_page_id id: 9 tid 106016
0 1 tid 106016
148 6 tid 106016
365 4 tid 106016
492 7 tid 106016
619 8 tid 106016
746 9 tid 106016
187 tid 106016
Remove  tid 106016
FindTargetPageId rootid 5 tid 106017
target_page_id id: 9 tid 106017
0 1 tid 106017
148 6 tid 106017
365 4 tid 106017
492 7 tid 106017
619 8 tid 106017
746 9 tid 106017
187 tid 106017
Insert  tid 106017
FindTargetPageId rootid 5 tid 106015
target_page_id id: 8 tid 106015
0 1 tid 106015
148 6 tid 106015
365 4 tid 106015
492 7 tid 106015
619 8 tid 106015
746 9 tid 106015
127 tid 106015
Insert  tid 106015
FindTargetPageId rootid 5 tid 106016
target_page_id id: 9 tid 106016
0 1 tid 106016
148 6 tid 106016
365 4 tid 106016
492 7 tid 106016
619 8 tid 106016
746 9 tid 106016
188 tid 106016
Remove  tid 106016
FindTargetPageId rootid 5 tid 106017
target_page_id id: 9 tid 106017
0 1 tid 106017
148 6 tid 106017
365 4 tid 106017
492 7 tid 106017
619 8 tid 106017
746 9 tid 106017
188 tid 106017
Insert  tid 106017
FindTargetPageId rootid 5 tid 106017
target_page_id id: 9 tid 106017
0 1 tid 106017
148 6 tid 106017
365 4 tid 106017
492 7 tid 106017
619 8 tid 106017
746 9 tid 106017
189 tid 106017
Insert  tid 106017
FindTargetPageId rootid 5 tid 106017
target_page_id id: 9 tid 106017
0 1 tid 106017
148 6 tid 106017
365 4 tid 106017
492 7 tid 106017
619 8 tid 106017
746 9 tid 106017
190 tid 106017
Insert  tid 106017
FindTargetPageId rootid 5 tid 106017
target_page_id id: 9 tid 106017
0 1 tid 106017
148 6 tid 106017
365 4 tid 106017
492 7 tid 106017
619 8 tid 106017
746 9 tid 106017
191 tid 106017
Insert  tid 106017
FindTargetPageId rootid 5 tid 106017
target_page_id id: 9 tid 106017
0 1 tid 106017
148 6 tid 106017
365 4 tid 106017
492 7 tid 106017
619 8 tid 106017
746 9 tid 106017
192 tid 106017
Insert  tid 106017
FindTargetPageId rootid 5 tid 106017
target_page_id id: 9 tid 106017
0 1 tid 106017
148 6 tid 106017
365 4 tid 106017
492 7 tid 106017
619 8 tid 106017
746 9 tid 106017
193 tid 106017
Insert  tid 106017
FindTargetPageId rootid 5 tid 106017
target_page_id id: 9 tid 106017
0 1 tid 106017
148 6 tid 106017
365 4 tid 106017
492 7 tid 106017
619 8 tid 106017
746 9 tid 106017
194 tid 106017
Insert  tid 106017
FindTargetPageId rootid 5 tid 106017
target_page_id id: 9 tid 106017
0 1 tid 106017
148 6 tid 106017
365 4 tid 106017
492 7 tid 106017
619 8 tid 106017
746 9 tid 106017
195 tid 106017
Insert  tid 106017
FindTargetPageId rootid 5 tid 106017
target_page_id id: 9 tid 106017
0 1 tid 106017
148 6 tid 106017
365 4 tid 106017
492 7 tid 106017
619 8 tid 106017
746 9 tid 106017
196 tid 106017
Insert  tid 106017
FindTargetPageId rootid 5 tid 106017
target_page_id id: 9 tid 106017
0 1 tid 106017
148 6 tid 106017
365 4 tid 106017
492 7 tid 106017
619 8 tid 106017
746 9 tid 106017
197 tid 106017
Insert  tid 106017
FindTargetPageId rootid 5 tid 106017
target_page_id id: 9 tid 106017
0 1 tid 106017
148 6 tid 106017
365 4 tid 106017
492 7 tid 106017
619 8 tid 106017
746 9 tid 106017
198 tid 106017
Insert  tid 106017
FindTargetPageId rootid 5 tid 106017
target_page_id id: 9 tid 106017
0 1 tid 106017
148 6 tid 106017
365 4 tid 106017
492 7 tid 106017
619 8 tid 106017
746 9 tid 106017
199 tid 106017
Insert  tid 106017
FindTargetPageId rootid 5 tid 106016
target_page_id id: 9 tid 106016
0 1 tid 106016
148 6 tid 106016
365 4 tid 106016
492 7 tid 106016
619 8 tid 106016
746 9 tid 106016
200 tid 106016
Remove  tid 106016
FindTargetPageId rootid 5 tid 106015
target_page_id id: 8 tid 106015
0 1 tid 106015
148 6 tid 106015
365 4 tid 106015
492 7 tid 106015
619 8 tid 106015
746 9 tid 106015
127 tid 106015
Insert  tid 106015
FindTargetPageId rootid 5 tid 106017
target_page_id id: 9 tid 106017
0 1 tid 106017
148 6 tid 106017
365 4 tid 106017
492 7 tid 106017
619 8 tid 106017
746 9 tid 106017
200 tid 106017
Insert  tid 106017
FindTargetPageId rootid 5 tid 106016
target_page_id id: 9 tid 106016
0 1 tid 106016
148 6 tid 106016
365 4 tid 106016
492 7 tid 106016
619 8 tid 106016
746 9 tid 106016
201 tid 106016
Remove  tid 106016
FindTargetPageId rootid 5 tid 106016
target_page_id id: 9 tid 106016
0 1 tid 106016
148 6 tid 106016
365 4 tid 106016
492 7 tid 106016
619 8 tid 106016
746 9 tid 106016
201 tid 106016
Remove  tid 106016
FindTargetPageId rootid 5 tid 106017
target_page_id id: 9 tid 106017
0 1 tid 106017
148 6 tid 106017
365 4 tid 106017
492 7 tid 106017
619 8 tid 106017
746 9 tid 106017
201 tid 106017
Insert  tid 106017
FindTargetPageId rootid 5 tid 106015
target_page_id id: 8 tid 106015
0 1 tid 106015
148 6 tid 106015
365 4 tid 106015
492 7 tid 106015
619 8 tid 106015
746 9 tid 106015
127 tid 106015
Insert  tid 106015
FindTargetPageId rootid 5 tid 106016
target_page_id id: 9 tid 106016
0 1 tid 106016
148 6 tid 106016
365 4 tid 106016
492 7 tid 106016
619 8 tid 106016
746 9 tid 106016
202 tid 106016
Remove  tid 106016
FindTargetPageId rootid 5 tid 106016
target_page_id id: 9 tid 106016
0 1 tid 106016
148 6 tid 106016
365 4 tid 106016
492 7 tid 106016
619 8 tid 106016
746 9 tid 106016
202 tid 106016
Remove  tid 106016
FindTargetPageId rootid 5 tid 106015
target_page_id id: 8 tid 106015
0 1 tid 106015
148 6 tid 106015
365 4 tid 106015
492 7 tid 106015
619 8 tid 106015
746 9 tid 106015
127 tid 106015
Insert  tid 106015
FindTargetPageId rootid 5 tid 106015
target_page_id id: 8 tid 106015
0 1 tid 106015
148 6 tid 106015
365 4 tid 106015
492 7 tid 106015
619 8 tid 106015
746 9 tid 106015
127 tid 106015
Insert  tid 106015
FindTargetPageId rootid 5 tid 106016
target_page_id id: 9 tid 106016
0 1 tid 106016
148 6 tid 106016
365 4 tid 106016
492 7 tid 106016
619 8 tid 106016
746 9 tid 106016
202 tid 106016
Remove  tid 106016
FindTargetPageId rootid 5 tid 106016
target_page_id id: 9 tid 106016
0 1 tid 106016
148 6 tid 106016
365 4 tid 106016
492 7 tid 106016
619 8 tid 106016
746 9 tid 106016
202 tid 106016
Remove  tid 106016
FindTargetPageId rootid 5 tid 106016
target_page_id id: 9 tid 106016
0 1 tid 106016
148 6 tid 106016
365 4 tid 106016
492 7 tid 106016
619 8 tid 106016
746 9 tid 106016
202 tid 106016
Remove  tid 106016
FindTargetPageId rootid 5 tid 106015
target_page_id id: 8 tid 106015
0 1 tid 106015
148 6 tid 106015
365 4 tid 106015
492 7 tid 106015
619 8 tid 106015
746 9 tid 106015
127 tid 106015
Insert  tid 106015
FindTargetPageId rootid 5 tid 106015
target_page_id id: 8 tid 106015
0 1 tid 106015
148 6 tid 106015
365 4 tid 106015
492 7 tid 106015
619 8 tid 106015
746 9 tid 106015
127 tid 106015
Insert  tid 106015
FindTargetPageId rootid 5 tid 106015
target_page_id id: 8 tid 106015
0 1 tid 106015
148 6 tid 106015
365 4 tid 106015
492 7 tid 106015
619 8 tid 106015
746 9 tid 106015
127 tid 106015
Insert  tid 106015
FindTargetPageId rootid 5 tid 106015
target_page_id id: 8 tid 106015
0 1 tid 106015
148 6 tid 106015
365 4 tid 106015
492 7 tid 106015
619 8 tid 106015
746 9 tid 106015
127 tid 106015
Insert  tid 106015
FindTargetPageId rootid 5 tid 106015
target_page_id id: 8 tid 106015
0 1 tid 106015
148 6 tid 106015
365 4 tid 106015
492 7 tid 106015
619 8 tid 106015
746 9 tid 106015
127 tid 106015
Insert  tid 106015
FindTargetPageId rootid 5 tid 106015
target_page_id id: 8 tid 106015
0 1 tid 106015
148 6 tid 106015
365 4 tid 106015
492 7 tid 106015
619 8 tid 106015
746 9 tid 106015
127 tid 106015
Insert  tid 106015
FindTargetPageId rootid 5 tid 106015
target_page_id id: 8 tid 106015
0 1 tid 106015
148 6 tid 106015
365 4 tid 106015
492 7 tid 106015
619 8 tid 106015
746 9 tid 106015
127 tid 106015
Insert  tid 106015
FindTargetPageId rootid 5 tid 106016
target_page_id id: 9 tid 106016
0 1 tid 106016
148 6 tid 106016
365 4 tid 106016
492 7 tid 106016
619 8 tid 106016
746 9 tid 106016
202 tid 106016
Remove  tid 106016
FindTargetPageId rootid 5 tid 106017
target_page_id id: 9 tid 106017
0 1 tid 106017
148 6 tid 106017
365 4 tid 106017
492 7 tid 106017
619 8 tid 106017
746 9 tid 106017
202 tid 106017
Insert  tid 106017
FindTargetPageId rootid 5 tid 106017
target_page_id id: 9 tid 106017
0 1 tid 106017
148 6 tid 106017
365 4 tid 106017
492 7 tid 106017
619 8 tid 106017
746 9 tid 106017
203 tid 106017
Insert  tid 106017
FindTargetPageId rootid 5 tid 106017
target_page_id id: 9 tid 106017
0 1 tid 106017
148 6 tid 106017
365 4 tid 106017
492 7 tid 106017
619 8 tid 106017
746 9 tid 106017
204 tid 106017
Insert  tid 106017
FindTargetPageId rootid 5 tid 106017
target_page_id id: 9 tid 106017
0 1 tid 106017
148 6 tid 106017
365 4 tid 106017
492 7 tid 106017
619 8 tid 106017
746 9 tid 106017
205 tid 106017
Insert  tid 106017
FindTargetPageId rootid 5 tid 106017
target_page_id id: 9 tid 106017
0 1 tid 106017
148 6 tid 106017
365 4 tid 106017
492 7 tid 106017
619 8 tid 106017
746 9 tid 106017
206 tid 106017
FindTargetPageId rootid 5 tid 106015
target_page_id id: 8 tid 106015
0 1 tid 106015
148 6 tid 106015
365 4 tid 106015
492 7 tid 106015
Insert 619 tid  8 tid 106015
746 9 tid 106015
127 tid 106015
Insert  tid 106015
FindTargetPageId rootid 5 tid 106015
target_page_id id: 8 tid 106015
0 1 tid 106015
148 6 tid 106015
365 4 tid 106015
492 7 tid 106015
619 8 tid 106015
746 9 tid 106015
127 tid 106015
106017Insert  tid 
106015
FindTargetPageId rootid 5 tid 106016
target_page_id id: 9 tid 106016
0 1 tid 106016
148 6 tid 106016
365 4 tid 106016
492 7 tid 106016
619 8 tid 106016
746 9 tid 106016
207 tid 106016
Remove  tid 106016
FindTargetPageId rootid 5 tid 106016
target_page_id id: 9 tid 106016
0 1 tid 106016
148 6 tid 106016
365 4 tid 106016
492 7 tid 106016
619 8 tid 106016
746 9 tid 106016
207 tid 106016
Remove  tid 106016
FindTargetPageId rootid 5 tid 106016
target_page_id id: 9 tid 106016
0 1 tid 106016
148 6 tid 106016
365 4 tid 106016
492 7 tid 106016
619 8 tid 106016
746 9 tid 106016
207 tid 106016
Remove  tid 106016
FindTargetPageId rootid 5 tid 106016
target_page_id id: 9 tid 106016
0 1 tid 106016
148 6 tid 106016
365 4 tid 106016
492 7 tid 106016
619 8 tid 106016
746 9 tid 106016
207 tid 106016
Remove  tid 106016
FindTargetPageId rootid 5 tid 106016
target_page_id id: 9 tid 106016
0 1 tid 106016
148 6 tid 106016
365 4 tid 106016
492 7 tid 106016
619 8 tid 106016
746 9 tid 106016
207 tid 106016
FindTargetPageId rootid 5 tid 106015
target_page_id id: 8 tid 106015
0 1 tid 106015
148 6 tid 106015
365 4 tid 106015
492 7 tid 106015
619 8 tid 106015
746 9 tid 106015
127 tid 106015
Insert  tid 106015
FindTargetPageId rootid 5 tid 106017
target_page_id id: 9 tid 106017
0 1 tid 106017
148 6 tid 106017
365 4 tid 106017
492 7 tid 106017
619 8 tid 106017
746 9 tid 106017
207 tid 106017
Insert  tid 106017
FindTargetPageId rootid 5 tid 106015
target_page_id id: 8 tid 106015
0 1 tid 106015
148 6 tid 106015
365 4 tid 106015
492 7 tid 106015
619 8 tid 106015
746 9 tid 106015
127 tid 106015
Insert  tid 106015
FindTargetPageId rootid 5 tid 106017
target_page_id id: 9 tid 106017
0 1 tid 106017
148 6 tid 106017
365 4 tid 106017
492 7 tid 106017
619 8 tid 106017
746 9 tid 106017
208 tid 106017
Insert  tid 106017
FindTargetPageId rootid 5 tid 106015
target_page_id id: 8 tid 106015
0 1 tid 106015
148 6 tid 106015
365 4 tid 106015
492 7 tid 106015
619 8 tid 106015
746 9 tid 106015
127 tid 106015
Insert  tid 106015
FindTargetPageId rootid 5 tid 106015
target_page_id id: 8 tid 106015
0 1 tid 106015
148 6 tid 106015
365 4 tid 106015
492 7 tid 106015
619 8 tid 106015
746 9 tid 106015
127 tid 106015
Insert  tid 106015
FindTargetPageId rootid 5 tid 106017
target_page_id id: 9 tid 106017
0 1 tid 106017
148 6 tid 106017
365 4 tid 106017
492 7 tid 106017
619 8 tid 106017
746 9 tid 106017
209 tid 106017
Insert  tid 106017
FindTargetPageId rootid 5 tid 106015
target_page_id id: 8 tid 106015
0 1 tid 106015
148 6 tid 106015
365 4 tid 106015
492 7 tid 106015
619 8 tid 106015
746 9 tid 106015
127 tid 106015
Insert  tid 106015
FindTargetPageId rootid 5 tid 106015
target_page_id id: 8 tid 106015
0 1 tid 106015
148 6 tid 106015
365 4 tid 106015
492 7 tid 106015
619 8 tid 106015
746 9 tid 106015
127 tid 106015
Insert  tid 106015
FindTargetPageId rootid 5 tid 106015
target_page_id id: 8 tid 106015
0 1 tid 106015
148 6 tid 106015
365 4 tid 106015
492 7 tid 106015
619 8 tid 106015
746 9 tid 106015
127 tid 106015
Insert  tid 106015
FindTargetPageId rootid 5 tid 106017
target_page_id id: 9 tid 106017
0 1 tid 106017
148 6 tid 106017
365 4 tid 106017
492 7 tid 106017
619 8 tid 106017
746 9 tid 106017
210 tid 106017
Insert  tid 106017
FindTargetPageId rootid 5 tid 106015
target_page_id id: 8 tid 106015
0 1 tid 106015
148 6 tid 106015
365 4 tid 106015
492 7 tid 106015
619 8 tid 106015
746 9 tid 106015
127 tid 106015
Insert  tid 106015
FindTargetPageId rootid 5 tid 106015
target_page_id id: 8 tid 106015
0 1 tid 106015
148 6 tid 106015
365 4 tid 106015
492 7 tid 106015
619 8 tid 106015
746 9 tid 106015
127 tid 106015
Insert  tid 106015
FindTargetPageId rootid 5 tid 106015
target_page_id id: 8 tid 106015
0 1 tid 106015
148 6 tid 106015
365 4 tid 106015
492 7 tid 106015
619 8 tid 106015
746 9 tid 106015
127 tid 106015
Insert  tid 106015
FindTargetPageId rootid 5 tid 106017
target_page_id id: 9 tid 106017
0 1 tid 106017
148 6 tid 106017
365 4 tid 106017
492 7 tid 106017
619 8 tid 106017
746 9 tid 106017
211 tid 106017
Insert  tid 106017
FindTargetPageId rootid 5 tid 106015
target_page_id id: 8 tid 106015
0 1 tid 106015
148 6 tid 106015
365 4 tid 106015
492 7 tid 106015
619 8 tid 106015
746 9 tid 106015
127 tid 106015
Insert  tid 106015
FindTargetPageId rootid 5 tid 106017
target_page_id id: 9 tid 106017
0 1 tid 106017
148 6 tid 106017
365 4 tid 106017
492 7 tid 106017
619 8 tid 106017
746 9 tid 106017
212 tid 106017
Insert  tid 106017
FindTargetPageId rootid 5 tid 106017
target_page_id id: 9 tid 106017
0 1 tid 106017
148 6 tid 106017
365 4 tid 106017
492 7 tid 106017
619 8 tid 106017
746 9 tid 106017
213 tid 106017
Insert  tid 106017
FindTargetPageId rootid 5 tid 106017
target_page_id id: 9 tid 106017
0 1 tid 106017
148 6 tid 106017
365 4 tid 106017
492 7 tid 106017
619 8 tid 106017
746 9 tid 106017
214 tid 106017
Insert  tid 106017
FindTargetPageId rootid 5 tid 106017
target_page_id id: 9 tid 106017
0 1 tid 106017
148 6 tid 106017
365 4 tid 106017
492 7 tid 106017
619 8 tid 106017
746 9 tid 106017
215 tid 106017
Insert  tid 106017
FindTargetPageId rootid 5 tid 106015
target_page_id id: 8 tid 106015
0 1 tid 106015
148 6 tid 106015
365 4 tid 106015
492 7 tid 106015
619 8 tid 106015
746 9 tid 106015
127 tid 106015
Insert  tid 106015
FindTargetPageId rootid 5 tid 106015
target_page_id id: 8 tid 106015
0 1 tid 106015
148 6 tid 106015
365 4 tid 106015
492 7 tid 106015
619 8 tid 106015
746 9 tid 106015
127 tid 106015
Insert  tid 106015
FindTargetPageId rootid 5 tid 106015
target_page_id id: 8 tid 106015
0 1 tid 106015
148 6 tid 106015
365 4 tid 106015
492 7 tid 106015
619 8 tid 106015
746 9 tid 106015
127 tid 106015
Insert  tid 106015
FindTargetPageId rootid 5 tid 106015
target_page_id id: 8 tid 106015
0 1 tid 106015
148 6 tid 106015
365 4 tid 106015
492 7 tid 106015
619 8 tid 106015
746 9 tid 106015
127 tid 106015
Insert  tid 106015
FindTargetPageId rootid 5 tid 106015
target_page_id id: 8 tid 106015
0 1 tid 106015
148 6 tid 106015
365 4 tid 106015
492 7 tid 106015
619 8 tid 106015
746 9 tid 106015
127 tid 106015
Insert  tid 106015
FindTargetPageId rootid 5 tid 106017
target_page_id id: 9 tid 106017
0 1 tid 106017
148 6 tid 106017
365 4 tid 106017
492 7 tid 106017
619 8 tid 106017
746 9 tid 106017
216 tid 106017
Insert  tid 106017
FindTargetPageId rootid 5 tid 106017
target_page_id id: 9 tid 106017
0 1 tid 106017
148 6 tid 106017
365 4 tid 106017
492 7 tid 106017
619 8 tid 106017
746 9 tid 106017
217 tid 106017
Insert  tid 106017
FindTargetPageId rootid 5 tid 106017
target_page_id id: 9 tid 106017
0 1 tid 106017
148 6 tid 106017
365 4 tid 106017
492 7 tid 106017
619 8 tid 106017
746 9 tid 106017
218 tid 106017
FindTargetPageId rootid 5 tid 106015
target_page_id id: 8 tid 106015
0 1 tid 106015
148 6 tid 106015
365 4 tid 106015
492 7 tid 106015
619 8 tid 106015
746 9 tid 106015
127 tid 106015
Insert  tid 106015
FindTargetPageId rootid 5 tid 106015
target_page_id id: 8 tid 106015
0 1 tid 106015
148 6 tid 106015
365 4 tid 106015
492 7 tid 106015
619 8 tid 106015
746 9 tid 106015
127 tid 106015
Insert  tid 106015
FindTargetPageId rootid 5 tid 106015
target_page_id id: 8 tid 106015
0 1 tid 106015
148 6 tid 106015
365 4 tid 106015
492 7 tid 106015
619 8 tid 106015
746 9 tid 106015
127 tid 106015
Insert  tid 106015
FindTargetPageId rootid 5 tid 106015
target_page_id id: 8 tid 106015
0 1 tid 106015
148 6 tid 106015
365 4 tid 106015
492 7 tid 106015
619 8 tid 106015
746 9 tid 106015
127 tid 106015
Insert  tid 106015
FindTargetPageId rootid 5 tid 106015
target_page_id id: 8 tid 106015
0 1 tid 106015
148 6 tid 106015
365 4 tid 106015
492 7 tid 106015
619 8 tid 106015
746 9 tid 106015
127 tid 106015
Insert  tid 106015
FindTargetPageId rootid 5 tid 106015
target_page_id id: 8 tid 106015
0 1 tid 106015
148 6 tid 106015
365 4 tid 106015
492 7 tid 106015
619 8 tid 106015
746 9 tid 106015
127 tid 106015
Insert  tid Insert  tid 106015106017

FindTargetPageId rootid 5 tid 106017
target_page_id id: 9 tid 106017
0 1 tid 106017
148 6 tid 106017
365 4 tid 106017
492 7 tid 106017
619 8 tid 106017
746 9 tid 106017
219 tid 106017
Insert  tid 106017
FindTargetPageId rootid 5 tid 106017
target_page_id id: 9 tid 106017
0 1 tid 106017
148 6 tid 106017
365 4 tid 106017
492 7 tid 106017
619 8 tid 106017
746 9 tid 106017
220 tid 106017
Insert  tid 106017
FindTargetPageId rootid 5 tid 106017
target_page_id id: 9 tid 106017
0 1 tid 106017
148 6 tid 106017
365 4 tid 106017
492 7 tid 106017
619 8 tid 106017
746 9 tid 106017
221 tid 106017
Insert  tid 106017
FindTargetPageId rootid 5 tid 106015
target_page_id id: 8 tid 106015
0 1 tid 106015
148 6 tid 106015
365 4 tid 106015
492 7 tid 106015
619 8 tid 106015
746 9 tid 106015
127 tid 106015
Insert  tid 106015
FindTargetPageId rootid 5 tid 106015
target_page_id id: 8 tid 106015
0 1 tid 106015
148 6 tid 106015
365 4 tid 106015
492 7 tid 106015
619 8 tid 106015
746 9 tid 106015
127 tid 106015
Insert  tid 106015
FindTargetPageId rootid 5 tid 106015
target_page_id id: 8 tid 106015
0 1 tid 106015
148 6 tid 106015
365 4 tid 106015
492 7 tid 106015
619 8 tid 106015
746 9 tid 106015
127 tid 106015
Insert  tid 106015
FindTargetPageId rootid 5 tid 106015
target_page_id id: 8 tid 106015
0 1 tid 106015
148 6 tid 106015
365 4 tid 106015
492 7 tid 106015
619 8 tid 106015
746 9 tid 106015
127 tid 106015
Insert  tid 106015
FindTargetPageId rootid 5 tid 106017
target_page_id id: 9 tid 106017
0 1 tid 106017
148 6 tid 106017
365 4 tid 106017
492 7 tid 106017
619 8 tid 106017
746 9 tid 106017
222 tid 106017
Insert  tid 106017
FindTargetPageId rootid 5 tid 106017
target_page_id id: 9 tid 106017
0 1 tid 106017
148 6 tid 106017
365 4 tid 106017
492 7 tid 106017
619 8 tid 106017
746 9 tid 106017
223 tid 106017
Insert  tid 106017
FindTargetPageId rootid 5 tid 106017
target_page_id id: 9 tid 106017
0 1 tid 106017
148 6 tid 106017
365 4 tid 106017
492 7 tid 106017
619 8 tid 106017
746 9 tid 106017
224 tid 106017
Insert  tid 106017
FindTargetPageId rootid 5 tid 106015
target_page_id id: 8 tid 106015
0 1 tid 106015
148 6 tid 106015
365 4 tid 106015
492 7 tid 106015
619 8 tid 106015
746 9 tid 106015
127 tid 106015
Insert  tid 106015
FindTargetPageId rootid 5 tid 106015
target_page_id id: 8 tid 106015
0 1 tid 106015
148 6 tid 106015
365 4 tid 106015
492 7 tid 106015
619 8 tid 106015
746 9 tid 106015
127 tid 106015
Insert  tid 106015
FindTargetPageId rootid 5 tid 106015
target_page_id id: 8 tid 106015
0 1 tid 106015
148 6 tid 106015
365 4 tid 106015
492 7 tid 106015
619 8 tid 106015
746 9 tid 106015
127 tid 106015
Insert  tid 106015
FindTargetPageId rootid 5 tid 106015
target_page_id id: 8 tid 106015
0 1 tid 106015
148 6 tid 106015
365 4 tid 106015
492 7 tid 106015
619 8 tid 106015
746 9 tid 106015
127 tid 106015
Insert  tid 106015
FindTargetPageId rootid 5 tid 106015
target_page_id id: 8 tid 106015
0 1 tid 106015
148 6 tid 106015
365 4 tid 106015
492 7 tid 106015
619 8 tid 106015
746 9 tid 106015
127 tid 106015
Insert  tid 106015
FindTargetPageId rootid 5 tid 106015
target_page_id id: 8 tid 106015
0 1 tid 106015
148 6 tid 106015
365 4 tid 106015
492 7 tid 106015
619 8 tid 106015
746 9 tid 106015
127 tid 106015
Insert  tid 106015
FindTargetPageId rootid 5 tid 106017
target_page_id id: 9 tid 106017
0 1 tid 106017
148 6 tid 106017
365 4 tid 106017
492 7 tid 106017
619 8 tid 106017
746 9 tid 106017
225 tid 106017
Insert  tid 106017
FindTargetPageId rootid 5 tid 106017
target_page_id id: 9 tid 106017
0 1 tid 106017
148 6 tid 106017
365 4 tid 106017
492 7 tid 106017
619 8 tid 106017
746 9 tid 106017
226 tid 106017
Insert  tid 106017
FindTargetPageId rootid 5 tid 106017
target_page_id id: 9 tid 106017
0 1 tid 106017
148 6 tid 106017
365 4 tid 106017
492 7 tid 106017
619 8 tid 106017
746 9 tid 106017
227 tid 106017
Insert  tid 106017
FindTargetPageId rootid 5 tid 106017
target_page_id id: 9 tid 106017
0 1 tid 106017
148 6 tid 106017
365 4 tid 106017
492 7 tid 106017
619 8 tid 106017
746 9 tid 106017
228 tid 106017
Insert  tid 106017
FindTargetPageId rootid 5 tid 106017
target_page_id id: 9 tid 106017
0 1 tid 106017
148 6 tid 106017
365 4 tid 106017
492 7 tid 106017
619 8 tid 106017
746 9 tid 106017
229 tid 106017
Insert  tid 106017
FindTargetPageId rootid 5 tid 106015
target_page_id id: 8 tid 106015
0 1 tid 106015
148 6 tid 106015
365 4 tid 106015
492 7 tid 106015
619 8 tid 106015
746 9 tid 106015
127 tid 106015
Insert  tid 106015
FindTargetPageId rootid 5 tid 106015
target_page_id id: 8 tid 106015
0 1 tid 106015
148 6 tid 106015
365 4 tid 106015
492 7 tid 106015
619 8 tid 106015
746 9 tid 106015
127 tid 106015
Insert  tid 106015
FindTargetPageId rootid 5 tid 106015
target_page_id id: 8 tid 106015
0 1 tid 106015
148 6 tid 106015
365 4 tid 106015
492 7 tid 106015
619 8 tid 106015
746 9 tid 106015
127 tid 106015
Insert  tid 106015
FindTargetPageId rootid 5 tid 106015
target_page_id id: 8 tid 106015
0 1 tid 106015
148 6 tid 106015
365 4 tid 106015
492 7 tid 106015
619 8 tid 106015
746 9 tid 106015
127 tid 106015
Insert  tid 106015
FindTargetPageId rootid 5 tid 106017
target_page_id id: 9 tid 106017
0 1 tid 106017
148 6 tid 106017
365 4 tid 106017
492 7 tid 106017
619 8 tid 106017
746 9 tid 106017
230 tid 106017
Insert  tid 106017
FindTargetPageId rootid 5 tid 106017
target_page_id id: 9 tid 106017
0 1 tid 106017
148 6 tid 106017
365 4 tid 106017
492 7 tid 106017
619 8 tid 106017
746 9 tid 106017
231 tid 106017
Insert  tid 106017
FindTargetPageId rootid 5 tid 106015
target_page_id id: 8 tid 106015
0 1 tid 106015
148 6 tid 106015
365 4 tid 106015
492 7 tid 106015
619 8 tid 106015
746 9 tid 106015
127 tid 106015
Insert  tid 106015
FindTargetPageId rootid 5 tid 106015
target_page_id id: 8 tid 106015
0 1 tid 106015
148 6 tid 106015
365 4 tid 106015
492 7 tid 106015
619 8 tid 106015
746 9 tid 106015
127 tid 106015
Insert  tid 106015
FindTargetPageId rootid 5 tid 106015
target_page_id id: 8 tid 106015
0 1 tid 106015
148 6 tid 106015
365 4 tid 106015
492 7 tid 106015
619 8 tid 106015
746 9 tid 106015
127 tid 106015
Insert  tid 106015
FindTargetPageId rootid 5 tid 106015
target_page_id id: 8 tid 106015
0 1 tid 106015
148 6 tid 106015
365 4 tid 106015
492 7 tid 106015
619 8 tid 106015
746 9 tid 106015
127 tid 106015
Insert  tid 106015
FindTargetPageId rootid 5 tid 106015
target_page_id id: 8 tid 106015
0 1 tid 106015
148 6 tid 106015
365 4 tid 106015
492 7 tid 106015
619 8 tid 106015
746 9 tid 106015
127 tid 106015
Insert  tid 106015
FindTargetPageId rootid 5 tid 106015
target_page_id id: 8 tid 106015
0 1 tid 106015
148 6 tid 106015
365 4 tid 106015
492 7 tid 106015
619 8 tid 106015
746 9 tid 106015
127 tid 106015
Insert  tid 106015
FindTargetPageId rootid 5 tid 106015
target_page_id id: 8 tid 106015
0 1 tid 106015
148 6 tid 106015
365 4 tid 106015
492 7 tid 106015
619 8 tid 106015
746 9 tid 106015
127 tid 106015
Insert  tid 106015
FindTargetPageId rootid 5 tid 106017
target_page_id id: 9 tid 106017
0 1 tid 106017
148 6 tid 106017
365 4 tid 106017
492 7 tid 106017
619 8 tid 106017
746 9 tid 106017
232 tid 106017
Insert  tid 106017
FindTargetPageId rootid 5 tid 106017
target_page_id id: 9 tid 106017
0 1 tid 106017
148 6 tid 106017
365 4 tid 106017
492 7 tid 106017
619 8 tid 106017
746 9 tid 106017
233 tid 106017
Insert  tid 106017
FindTargetPageId rootid 5 tid 106017
target_page_id id: 9 tid 106017
0 1 tid 106017
148 6 tid 106017
365 4 tid 106017
492 7 tid 106017
619 8 tid 106017
746 9 tid 106017
234 tid 106017
Insert  tid 106017
FindTargetPageId rootid 5 tid 106017
target_page_id id: 9 tid 106017
0 1 tid 106017
148 6 tid 106017
365 4 tid 106017
492 7 tid 106017
619 8 tid 106017
746 9 tid 106017
235 tid 106017
Insert  tid 106017
FindTargetPageId rootid 5 tid 106017
target_page_id id: 9 tid 106017
0 1 tid 106017
148 6 tid 106017
365 4 tid 106017
492 7 tid 106017
619 8 tid 106017
746 9 tid 106017
236 tid 106017
Insert  tid 106017
FindTargetPageId rootid 5 tid 106017
target_page_id id: 9 tid 106017
0 1 tid 106017
148 6 tid 106017
365 4 tid 106017
492 7 tid 106017
619 8 tid 106017
746 9 tid 106017
237 tid 106017
Insert  tid 106017
FindTargetPageId rootid 5 tid 106017
target_page_id id: 9 tid 106017
0 1 tid 106017
148 6 tid 106017
365 4 tid 106017
492 7 tid 106017
619 8 tid 106017
746 9 tid 106017
238 tid 106017
Insert  tid 106017
FindTargetPageId rootid 5 tid 106017
target_page_id id: 9 tid 106017
0 1 tid 106017
148 6 tid 106017
365 4 tid 106017
492 7 tid 106017
619 8 tid 106017
746 9 tid 106017
239 tid 106017
Insert  tid 106017
FindTargetPageId rootid 5 tid 106015
target_page_id id: 8 tid 106015
0 1 tid 106015
148 6 tid 106015
365 4 tid 106015
492 7 tid 106015
619 8 tid 106015
746 9 tid 106015
127 tid 106015
Insert  tid 106015
FindTargetPageId rootid 5 tid 106015
target_page_id id: 8 tid 106015
0 1 tid 106015
148 6 tid 106015
365 4 tid 106015
492 7 tid 106015
619 8 tid 106015
746 9 tid 106015
127 tid 106015
Insert  tid 106015
FindTargetPageId rootid 5 tid 106015
target_page_id id: 8 tid 106015
0 1 tid 106015
148 6 tid 106015
365 4 tid 106015
492 7 tid 106015
619 8 tid 106015
746 9 tid 106015
127 tid 106015
Insert  tid 106015
FindTargetPageId rootid 5 tid 106017
target_page_id id: 9 tid 106017
0 1 tid 106017
148 6 tid 106017
365 4 tid 106017
492 7 tid 106017
619 8 tid 106017
746 9 tid 106017
240 tid 106017
Insert  tid 106017
FindTargetPageId rootid 5 tid 106015
target_page_id id: 8 tid 106015
0 1 tid 106015
148 6 tid 106015
365 4 tid 106015
492 7 tid 106015
619 8 tid 106015
746 9 tid 106015
127 tid 106015
Insert  tid 106015
FindTargetPageId rootid 5 tid 106015
target_page_id id: 8 tid 106015
0 1 tid 106015
148 6 tid 106015
365 4 tid 106015
492 7 tid 106015
619 8 tid 106015
746 9 tid 106015
127 tid 106015
Insert  tid 106015
FindTargetPageId rootid 5 tid 106017
target_page_id id: 9 tid 106017
0 1 tid 106017
148 6 tid 106017
365 4 tid 106017
492 7 tid 106017
619 8 tid 106017
746 9 tid 106017
241 tid 106017
Insert  tid 106017
FindTargetPageId rootid 5 tid 106017
target_page_id id: 9 tid 106017
0 1 tid 106017
148 6 tid 106017
365 4 tid 106017
492 7 tid 106017
619 8 tid 106017
746 9 tid 106017
242 tid 106017
Insert  tid 106017
FindTargetPageId rootid 5 tid 106017
target_page_id id: 9 tid 106017
0 1 tid 106017
148 6 tid 106017
365 4 tid 106017
492 7 tid 106017
619 8 tid 106017
746 9 tid 106017
243 tid 106017
Insert  tid 106017
FindTargetPageId rootid 5 tid 106017
target_page_id id: 9 tid 106017
0 1 tid 106017
148 6 tid 106017
365 4 tid 106017
492 7 tid 106017
619 8 tid 106017
746 9 tid 106017
244 tid 106017
Insert  tid 106017
FindTargetPageId rootid 5 tid 106017
target_page_id id: 9 tid 106017
0 1 tid 106017
148 6 tid 106017
365 4 tid 106017
492 7 tid 106017
619 8 tid 106017
746 9 tid 106017
245 tid 106017
Insert  tid 106017
FindTargetPageId rootid 5 tid 106017
target_page_id id: 9 tid 106017
0 1 tid 106017
148 6 tid 106017
365 4 tid 106017
492 7 tid 106017
619 8 tid 106017
746 9 tid 106017
246 tid 106017
Insert  tid 106017
FindTargetPageId rootid 5 tid 106017
target_page_id id: 9 tid 106017
0 1 tid 106017
148 6 tid 106017
365 4 tid 106017
492 7 tid 106017
619 8 tid 106017
746 9 tid 106017
247 tid 106017
Insert  tid 106017
FindTargetPageId rootid 5 tid 106017
target_page_id id: 9 tid 106017
0 1 tid 106017
148 6 tid 106017
365 4 tid 106017
492 7 tid 106017
619 8 tid 106017
746 9 tid 106017
248 tid 106017
Insert  tid 106017
FindTargetPageId rootid 5 tid 106017
target_page_id id: 9 tid 106017
0 1 tid 106017
148 6 tid 106017
365 4 tid 106017
492 7 tid 106017
619 8 tid 106017
746 9 tid 106017
249 tid 106017
Insert  tid 106017
FindTargetPageId rootid 5 tid 106015
target_page_id id: 8 tid 106015
0 1 tid 106015
148 6 tid 106015
365 4 tid 106015
492 7 tid 106015
619 8 tid 106015
746 9 tid 106015
127 tid 106015
Insert  tid 106015
FindTargetPageId rootid 5 tid 106017
target_page_id id: 9 tid 106017
0 1 tid 106017
148 6 tid 106017
365 4 tid 106017
492 7 tid 106017
619 8 tid 106017
746 9 tid 106017
250 tid 106017
Insert  tid 106017
FindTargetPageId rootid 5 tid 106017
target_page_id id: 9 tid 106017
0 1 tid 106017
148 6 tid 106017
365 4 tid 106017
492 7 tid 106017
619 8 tid 106017
746 9 tid 106017
251 tid 106017
Insert  tid 106017
FindTargetPageId rootid 5 tid 106017
target_page_id id: 9 tid 106017
0 1 tid 106017
148 6 tid 106017
365 4 tid 106017
492 7 tid 106017
619 8 tid 106017
746 9 tid 106017
252 tid 106017
Insert  tid 106017
FindTargetPageId rootid 5 tid 106017
target_page_id id: 9 tid 106017
0 1 tid 106017
148 6 tid 106017
365 4 tid 106017
492 7 tid 106017
619 8 tid 106017
746 9 tid 106017
253 tid 106017
Insert  tid 106017
FindTargetPageId rootid 5 tid 106015
target_page_id id: 9 tid 106015
0 1 tid 106015
148 6 tid 106015
365 4 tid 106015
492 7 tid 106015
619 8 tid 106015
746 9 tid 106015
254 tid 106015
Insert  tid 106015
FindTargetPageId rootid 5 tid 106017
target_page_id id: 9 tid 106017
0 1 tid 106017
148 6 tid 106017
365 4 tid 106017
492 7 tid 106017
619 8 tid 106017
746 9 tid 106017
254 tid 106017
FindTargetPageId rootid 5 tid 106015
target_page_id id: 9 tid 106015
0 1 tid 106015
148 6 tid 106015
365 4 tid 106015
492 7 tid 106015
619 8 tid 106015
746 9 tid 106015
873 10 tid 106015
127 tid 106015
Insert  tid 106015
FindTargetPageId rootid 5 tid 106015
target_page_id id: 9 tid 106015
0 1 tid 106015
148 6 tid 106015
365 4 tid 106015
492 7 tid 106015
619 8 tid 106015
746 9 tid 106015
873 10 tid 106015
127 tid 106015
Insert  tid 106015
FindTargetPageId rootid 5 tid 106015
target_page_id id: 9 tid 106015
0 1 tid 106015
148 6 tid 106015
365 4 tid 106015
492 7 tid 106015
619 8 tid 106015
746 9 tid 106015
873 10 tid 106015
127 tid 106015
Insert  tid 106015
FindTargetPageId rootid 5 tid 106015
target_page_id id: 9 tid 106015
0 1 tid 106015
148 6 tid 106015
365 4 tid 106015
492 7 tid 106015
619 8 tid 106015
746 9 tid 106015
873 10 tid 106015
127 tid 106015
Insert  tid 106015
FindTargetPageId rootid 5 tid 106015
target_page_id id: 9 tid 106015
0 1 tid 106015
148 6 tid 106015
365 4 tid 106015
492 7 tid 106015
619 8 tid 106015
746 9 tid 106015
873 10 tid 106015
127 tid 106015
Insert  tid 106015
FindTargetPageId rootid 5 tid 106015
target_page_id id: 9 tid 106015
0 1 tid 106015
148 6 tid 106015
365 4 tid 106015
492 7 tid 106015
619 8 tid 106015
746 9 tid 106015
873 10 tid 106015
127 tid 106015
Insert  tid 106015
FindTargetPageId rootid 5 tid 106015
target_page_id id: 9 tid 106015
0 1 tid 106015
148 6 tid 106015
365 4 tid 106015
492 7 tid 106015
619 8 tid 106015
746 9 tid 106015
873 10 tid 106015
127 tid 106015
Insert  tid 106015
FindTargetPageId rootid 5 tid 106015
target_page_id id: 9 tid 106015
0 1 tid 106015
148 6 tid 106015
365 4 tid 106015
492 7 tid 106015
619 8 tid 106015
746 9 tid 106015
873 10 tid 106015
127 tid 106015
Insert  tid 106015
FindTargetPageId rootid 5 tid 106015
target_page_id id: 9 tid 106015
0 1 tid 106015
148 6 tid 106015
365 4 tid 106015
492 7 tid 106015
619 8 tid 106015
746 9 tid 106015
873 10 tid 106015
127 tid 106015
Insert  tid 106015
FindTargetPageId rootid 5 tid 106015
target_page_id id: 9 tid 106015
0 1 tid 106015
148 6 tid 106015
365 4 tid 106015
492 7 tid 106015
619 8 tid 106015
746 9 tid 106015
873 10 tid 106015
127 tid 106015
Insert  tid 106015
FindTargetPageId rootid 5 tid 106015
target_page_id id: 9 tid 106015
0 1 tid 106015
148 6 tid 106015
365 4 tid 106015
492 7 tid 106015
619 8 tid 106015
746 9 tid 106015
873 10 tid 106015
127 tid 106015
Insert  tid 106015
FindTargetPageId rootid 5 tid 106015
target_page_id id: 9 tid 106015
0 1 tid 106015
148 6 tid 106015
365 4 tid 106015
492 7 tid 106015
619 8 tid 106015
746 9 tid 106015
873 10 tid 106015
127 tid 106015
Insert  tid 106015
FindTargetPageId rootid 5 tid 106015
target_page_id id: 9 tid 106015
0 1 tid 106015
148 6 tid 106015
365 4 tid 106015
492 7 tid 106015
619 8 tid 106015
746 9 tid 106015
873 10 tid 106015
127 tid 106015
Insert  tid 106015
FindTargetPageId rootid 5 tid 106015
target_page_id id: 9 tid 106015
0 1 tid 106015
148 6 tid 106015
365 4 tid 106015
492 7 tid 106015
619 8 tid 106015
746 9 tid 106015
873 10 tid 106015
127 tid 106015
Insert  tid 106015
FindTargetPageId rootid 5 tid 106015
target_page_id id: 9 tid 106015
0 1 tid 106015
148 6 tid 106015
365 4 tid 106015
492 7 tid 106015
619 8 tid 106015
746 9 tid 106015
873 10 tid 106015
127 tid 106015
Insert  tid 106015
FindTargetPageId rootid 5 tid 106015
target_page_id id: 9 tid 106015
0 1 tid 106015
148 6 tid 106015
365 4 tid 106015
492 7 tid 106015
619 8 tid 106015
746 9 tid 106015
873 10 tid 106015
127 tid 106015
Insert  tid 106015
FindTargetPageId rootid 5 tid 106015
target_page_id id: 9 tid 106015
0 1 tid 106015
148 6 tid 106015
365 4 tid 106015
492 7 tid 106015
619 8 tid 106015
746 9 tid 106015
873 10 tid 106015
127 tid 106015
Insert  tid 106015
FindTargetPageId rootid 5 tid 106015
target_page_id id: 9 tid 106015
0 1 tid 106015
148 6 tid 106015
365 4 tid 106015
492 7 tid 106015
619 8 tid 106015
746 9 tid 106015
873 10 tid 106015
127 tid 106015
Insert  tid 106015
FindTargetPageId rootid 5 tid 106015
target_page_id id: 9 tid 106015
0 1 tid 106015
148 6 tid 106015
365 4 tid 106015
492 7 tid 106015
619 8 tid 106015
746 9 tid 106015
873 10 tid 106015
127 tid 106015
Insert  tid 106015
FindTargetPageId rootid 5 tid 106015
target_page_id id: 9 tid 106015
0 1 tid 106015
148 6 tid 106015
365 4 tid 106015
492 7 tid 106015
619 8 tid 106015
746 9 tid 106015
873 10 tid 106015
127 tid 106015
Insert  tid 106015
FindTargetPageId rootid 5 tid 106015
target_page_id id: 9 tid 106015
0 1 tid 106015
148 6 tid 106015
365 4 tid 106015
492 7 tid 106015
619 8 tid 106015
746 9 tid 106015
873 10 tid 106015
127 tid 106015
Insert  tid 106015
FindTargetPageId rootid 5 tid 106015
target_page_id id: 9 tid 106015
0 1 tid 106015
148 6 tid 106015
365 4 tid 106015
492 7 tid 106015
619 8 tid 106015
746 9 tid 106015
873 10 tid 106015
127 tid 106015
Insert  tid 106015
FindTargetPageId rootid 5 tid 106015
target_page_id id: 9 tid 106015
0 1 tid 106015
148 6 tid 106015
365 4 tid 106015
492 7 tid 106015
619 8 tid 106015
746 9 tid 106015
873 10 tid 106015
127 tid 106015
Insert  tid 106015
FindTargetPageId rootid 5 tid 106015
target_page_id id: 9 tid 106015
0 1 tid 106015
148 6 tid 106015
365 4 tid 106015
492 7 tid 106015
619 8 tid 106015
746 9 tid 106015
873 10 tid 106015
127 tid 106015
Insert  tid 106015
FindTargetPageId rootid 5 tid 106015
target_page_id id: 9 tid 106015
0 1 tid 106015
148 6 tid 106015
365 4 tid 106015
492 7 tid 106015
619 8 tid 106015
746 9 tid 106015
873 10 tid 106015
127 tid 106015
Insert  tid 106015
FindTargetPageId rootid 5 tid 106015
target_page_id id: 9 tid 106015
0 1 tid 106015
148 6 tid 106015
365 4 tid 106015
492 7 tid 106015
619 8 tid 106015
746 9 tid 106015
873 10 tid 106015
127 tid 106015
Insert  tid 106015
FindTargetPageId rootid 5 tid 106015
target_page_id id: 9 tid 106015
0 1 tid 106015
148 6 tid 106015
365 4 tid 106015
492 7 tid 106015
619 8 tid 106015
746 9 tid 106015
873 10 tid 106015
127 tid 106015
Insert  tid 106015
FindTargetPageId rootid 5 tid 106015
target_page_id id: 9 tid 106015
0 1 tid 106015
148 6 tid 106015
365 4 tid 106015
492 7 tid 106015
619 8 tid 106015
746 9 tid 106015
873 10 tid 106015
127 tid 106015
Insert  tid 106015
FindTargetPageId rootid 5 tid 106015
target_page_id id: 9 tid 106015
0 1 tid 106015
148 6 tid 106015
365 4 tid 106015
492 7 tid 106015
619 8 tid 106015
746 9 tid 106015
873 10 tid 106015
127 tid 106015
Insert  tid 106015
FindTargetPageId rootid 5 tid 106015
target_page_id id: 9 tid 106015
0 1 tid 106015
148 6 tid 106015
365 4 tid 106015
492 7 tid 106015
619 8 tid 106015
746 9 tid 106015
873 10 tid 106015
127 tid 106015
Insert  tid 106015
FindTargetPageId rootid 5 tid 106015
target_page_id id: 9 tid 106015
0 1 tid 106015
148 6 tid 106015
365 4 tid 106015
492 7 tid 106015
619 8 tid 106015
746 9 tid 106015
873 10 tid 106015
127 tid 106015
Insert  tid 106015
FindTargetPageId rootid 5 tid 106015
target_page_id id: 9 tid 106015
0 1 tid 106015
148 6 tid 106015
365 4 tid 106015
492 7 tid 106015
619 8 tid 106015
746 9 tid 106015
873 10 tid 106015
127 tid 106015
Insert  tid 106015
FindTargetPageId rootid 5 tid 106015
target_page_id id: 9 tid 106015
0 1 tid 106015
148 6 tid 106015
365 4 tid 106015
492 7 tid 106015
619 8 tid 106015
746 9 tid 106015
873 10 tid 106015
127 tid 106015
Insert  tid 106015
FindTargetPageId rootid 5 tid 106015
target_page_id id: 9 tid 106015
0 1 tid 106015
148 6 tid 106015
365 4 tid 106015
492 7 tid 106015
619 8 tid 106015
746 9 tid 106015
873 10 tid 106015
127 tid 106015
Insert  tid 106015
FindTargetPageId rootid 5 tid 106015
target_page_id id: 9 tid 106015
0 1 tid 106015
148 6 tid 106015
365 4 tid 106015
492 7 tid 106015
619 8 tid 106015
746 9 tid 106015
873 10 tid 106015
127 tid 106015
Insert  tid 106015
FindTargetPageId rootid 5 tid 106015
target_page_id id: 9 tid 106015
0 1 tid 106015
148 6 tid 106015
365 4 tid 106015
492 7 tid 106015
619 8 tid 106015
746 9 tid 106015
873 10 tid 106015
127 tid 106015
Insert  tid 106015
FindTargetPageId rootid 5 tid 106015
target_page_id id: 9 tid 106015
0 1 tid 106015
148 6 tid 106015
365 4 tid 106015
492 7 tid 106015
619 8 tid 106015
746 9 tid 106015
873 10 tid 106015
127 tid 106015
Insert  tid 106015
FindTargetPageId rootid 5 tid 106015
target_page_id id: 9 tid 106015
0 1 tid 106015
148 6 tid 106015
365 4 tid 106015
492 7 tid 106015
619 8 tid 106015
746 9 tid 106015
873 10 tid 106015
127 tid 106015
Insert  tid 106015
FindTargetPageId rootid 5 tid 106015
target_page_id id: 9 tid 106015
0 1 tid 106015
148 6 tid 106015
365 4 tid 106015
492 7 tid 106015
619 8 tid 106015
746 9 tid 106015
873 10 tid 106015
127 tid 106015
Insert  tid 106015
FindTargetPageId rootid 5 tid 106015
target_page_id id: 9 tid 106015
0 1 tid 106015
148 6 tid 106015
365 4 tid 106015
492 7 tid 106015
619 8 tid 106015
746 9 tid 106015
873 10 tid 106015
127 tid 106015
Insert  tid 106015
FindTargetPageId rootid 5 tid 106015
target_page_id id: 9 tid 106015
0 1 tid 106015
148 6 tid 106015
365 4 tid 106015
492 7 tid 106015
619 8 tid 106015
746 9 tid 106015
873 10 tid 106015
127 tid 106015
Insert  tid 106015
FindTargetPageId rootid 5 tid 106015
target_page_id id: 9 tid 106015
0 1 tid 106015
148 6 tid 106015
365 4 tid 106015
492 7 tid 106015
619 8 tid 106015
746 9 tid 106015
873 10 tid 106015
127 tid 106015
Insert  tid 106015
FindTargetPageId rootid 5 tid 106015
target_page_id id: 9 tid 106015
0 1 tid 106015
148 6 tid 106015
365 4 tid 106015
492 7 tid 106015
619 8 tid 106015
746 9 tid 106015
873 10 tid 106015
127 tid 106015
Insert  tid 106015
FindTargetPageId rootid 5 tid 106015
target_page_id id: 9 tid 106015
0 1 tid 106015
148 6 tid 106015
365 4 tid 106015
492 7 tid 106015
619 8 tid 106015
746 9 tid 106015
873 10 tid 106015
127 tid 106015
Insert  tid 106015
FindTargetPageId rootid 5 tid 106015
target_page_id id: 9 tid 106015
0 1 tid 106015
148 6 tid 106015
365 4 tid 106015
492 7 tid 106015
619 8 tid 106015
746 9 tid 106015
873 10 tid 106015
127 tid 106015
Insert  tid 106015
FindTargetPageId rootid 5 tid 106015
target_page_id id: 9 tid 106015
0 1 tid 106015
148 6 tid 106015
365 4 tid 106015
492 7 tid 106015
619 8 tid 106015
746 9 tid 106015
873 10 tid 106015
127 tid 106015
Insert  tid 106015
FindTargetPageId rootid 5 tid 106015
target_page_id id: 9 tid 106015
0 1 tid 106015
148 6 tid 106015
365 4 tid 106015
492 7 tid 106015
619 8 tid 106015
746 9 tid 106015
873 10 tid 106015
127 tid 106015
Insert  tid 106015
FindTargetPageId rootid 5 tid 106015
target_page_id id: 9 tid 106015
0 1 tid 106015
148 6 tid 106015
365 4 tid 106015
492 7 tid 106015
619 8 tid 106015
746 9 tid 106015
873 10 tid 106015
127 tid 106015
Insert  tid 106015
FindTargetPageId rootid 5 tid 106015
target_page_id id: 9 tid 106015
0 1 tid 106015
148 6 tid 106015
365 4 tid 106015
492 7 tid 106015
619 8 tid 106015
746 9 tid 106015
873 10 tid 106015
127 tid 106015
Insert  tid 106015
FindTargetPageId rootid 5 tid 106015
target_page_id id: 9 tid 106015
0 1 tid 106015
148 6 tid 106015
365 4 tid 106015
492 7 tid 106015
619 8 tid 106015
746 9 tid 106015
873 10 tid 106015
127 tid 106015
Insert  tid 106015
FindTargetPageId rootid 5 tid 106015
target_page_id id: 9 tid 106015
0 1 tid 106015
148 6 tid 106015
365 4 tid 106015
492 7 tid 106015
619 8 tid 106015
746 9 tid 106015
873 10 tid 106015
127 tid 106015
Insert  tid 106015
FindTargetPageId rootid 5 tid 106015
target_page_id id: 9 tid 106015
0 1 tid 106015
148 6 tid 106015
365 4 tid 106015
492 7 tid 106015
619 8 tid 106015
746 9 tid 106015
873 10 tid 106015
127 tid 106015
Insert  tid 106015
FindTargetPageId rootid 5 tid 106015
target_page_id id: 9 tid 106015
0 1 tid 106015
148 6 tid 106015
365 4 tid 106015
492 7 tid 106015
619 8 tid 106015
746 9 tid 106015
873 10 tid 106015
127 tid 106015
Insert  tid 106015
FindTargetPageId rootid 5 tid 106015
target_page_id id: 9 tid 106015
0 1 tid 106015
148 6 tid 106015
365 4 tid 106015
492 7 tid 106015
619 8 tid 106015
746 9 tid 106015
873 10 tid 106015
127 tid 106015
Insert  tid 106015
FindTargetPageId rootid 5 tid 106015
target_page_id id: 9 tid 106015
0 1 tid 106015
148 6 tid 106015
365 4 tid 106015
492 7 tid 106015
619 8 tid 106015
746 9 tid 106015
873 10 tid 106015
127 tid 106015
Insert  tid 106015
FindTargetPageId rootid 5 tid 106015
target_page_id id: 9 tid 106015
0 1 tid 106015
148 6 tid 106015
365 4 tid 106015
492 7 tid 106015
619 8 tid 106015
746 9 tid 106015
873 10 tid 106015
127 tid 106015
Insert  tid 106015
FindTargetPageId rootid 5 tid 106015
target_page_id id: 9 tid 106015
0 1 tid 106015
148 6 tid 106015
365 4 tid 106015
492 7 tid 106015
619 8 tid 106015
746 9 tid 106015
873 10 tid 106015
127 tid 106015
Insert  tid 106015
FindTargetPageId rootid 5 tid 106015
target_page_id id: 9 tid 106015
0 1 tid 106015
148 6 tid 106015
365 4 tid 106015
492 7 tid 106015
619 8 tid 106015
746 9 tid 106015
873 10 tid 106015
127 tid 106015
Insert  tid 106015
FindTargetPageId rootid 5 tid 106015
target_page_id id: 9 tid 106015
0 1 tid 106015
148 6 tid 106015
365 4 tid 106015
492 7 tid 106015
619 8 tid 106015
746 9 tid 106015
873 10 tid 106015
127 tid 106015
Insert  tid 106015
FindTargetPageId rootid 5 tid 106015
target_page_id id: 9 tid 106015
0 1 tid 106015
148 6 tid 106015
365 4 tid 106015
492 7 tid 106015
619 8 tid 106015
746 9 tid 106015
873 10 tid 106015
127 tid 106015
Insert  tid 106015
FindTargetPageId rootid 5 tid 106015
target_page_id id: 9 tid 106015
0 1 tid 106015
148 6 tid 106015
365 4 tid 106015
492 7 tid 106015
619 8 tid 106015
746 9 tid 106015
873 10 tid 106015
127 tid 106015
Insert  tid 106015
FindTargetPageId rootid 5 tid 106015
target_page_id id: 9 tid 106015
0 1 tid 106015
148 6 tid 106015
365 4 tid 106015
492 7 tid 106015
619 8 tid 106015
746 9 tid 106015
873 10 tid 106015
127 tid 106015
Insert  tid 106015
FindTargetPageId rootid 5 tid 106015
target_page_id id: 9 tid 106015
0 1 tid 106015
148 6 tid 106015
365 4 tid 106015
492 7 tid 106015
619 8 tid 106015
746 9 tid 106015
873 10 tid 106015
127 tid 106015
Insert  tid 106015
FindTargetPageId rootid 5 tid 106015
target_page_id id: 9 tid 106015
0 1 tid 106015
148 6 tid 106015
365 4 tid 106015
492 7 tid 106015
619 8 tid 106015
746 9 tid 106015
873 10 tid 106015
127 tid 106015
Insert  tid 106015
FindTargetPageId rootid 5 tid 106015
target_page_id id: 9 tid 106015
0 1 tid 106015
148 6 tid 106015
365 4 tid 106015
492 7 tid 106015
619 8 tid 106015
746 9 tid 106015
873 10 tid 106015
127 tid 106015
Insert  tid 106015
FindTargetPageId rootid 5 tid 106015
target_page_id id: 9 tid 106015
0 1 tid 106015
148 6 tid 106015
365 4 tid 106015
492 7 tid 106015
619 8 tid 106015
746 9 tid 106015
873 10 tid 106015
127 tid 106015
Insert  tid 106015
FindTargetPageId rootid 5 tid 106015
target_page_id id: 9 tid 106015
0 1 tid 106015
148 6 tid 106015
365 4 tid 106015
492 7 tid 106015
619 8 tid 106015
746 9 tid 106015
873 10 tid 106015
127 tid 106015
Insert  tid 106015
FindTargetPageId rootid 5 tid 106015
target_page_id id: 9 tid 106015
0 1 tid 106015
148 6 tid 106015
365 4 tid 106015
492 7 tid 106015
619 8 tid 106015
746 9 tid 106015
873 10 tid 106015
127 tid 106015
Insert  tid 106015
FindTargetPageId rootid 5 tid 106015
target_page_id id: 9 tid 106015
0 1 tid 106015
148 6 tid 106015
365 4 tid 106015
492 7 tid 106015
619 8 tid 106015
746 9 tid 106015
873 10 tid 106015
127 tid 106015
Insert  tid 106015
FindTargetPageId rootid 5 tid 106015
target_page_id id: 9 tid 106015
0 1 tid 106015
148 6 tid 106015
365 4 tid 106015
492 7 tid 106015
619 8 tid 106015
746 9 tid 106015
873 10 tid 106015
127 tid 106015
Insert  tid 106015
FindTargetPageId rootid 5 tid 106015
target_page_id id: 9 tid 106015
0 1 tid 106015
148 6 tid 106015
365 4 tid 106015
492 7 tid 106015
619 8 tid 106015
746 9 tid 106015
873 10 tid 106015
127 tid 106015
Insert  tid 106015
FindTargetPageId rootid 5 tid 106015
target_page_id id: 9 tid 106015
0 1 tid 106015
148 6 tid 106015
365 4 tid 106015
492 7 tid 106015
619 8 tid 106015
746 9 tid 106015
873 10 tid 106015
127 tid 106015
Insert  tid 106015
FindTargetPageId rootid 5 tid 106015
target_page_id id: 9 tid 106015
0 1 tid 106015
148 6 tid 106015
365 4 tid 106015
492 7 tid 106015
619 8 tid 106015
746 9 tid 106015
873 10 tid 106015
127 tid 106015
Insert  tid 106015
FindTargetPageId rootid 5 tid 106015
target_page_id id: 9 tid 106015
0 1 tid 106015
148 6 tid 106015
365 4 tid 106015
492 7 tid 106015
619 8 tid 106015
746 9 tid 106015
873 10 tid 106015
127 tid 106015
Insert  tid 106015
FindTargetPageId rootid 5 tid 106015
target_page_id id: 9 tid 106015
0 1 tid 106015
148 6 tid 106015
365 4 tid 106015
492 7 tid 106015
619 8 tid 106015
746 9 tid 106015
873 10 tid 106015
127 tid 106015
Insert  tid 106015
FindTargetPageId rootid 5 tid 106015
target_page_id id: 9 tid 106015
0 1 tid 106015
148 6 tid 106015
365 4 tid 106015
492 7 tid 106015
619 8 tid 106015
746 9 tid 106015
873 10 tid 106015
127 tid 106015
Insert  tid 106015
FindTargetPageId rootid 5 tid 106015
target_page_id id: 9 tid 106015
0 1 tid 106015
148 6 tid 106015
365 4 tid 106015
492 7 tid 106015
619 8 tid 106015
746 9 tid 106015
873 10 tid 106015
127 tid 106015
Insert  tid 106015
FindTargetPageId rootid 5 tid 106015
target_page_id id: 9 tid 106015
0 1 tid 106015
148 6 tid 106015
365 4 tid 106015
492 7 tid 106015
619 8 tid 106015
746 9 tid 106015
873 10 tid 106015
127 tid 106015
Insert  tid 106015
FindTargetPageId rootid 5 tid 106015
target_page_id id: 9 tid 106015
0 1 tid 106015
148 6 tid 106015
365 4 tid 106015
492 7 tid 106015
619 8 tid 106015
746 9 tid 106015
873 10 tid 106015
127 tid 106015
Insert  tid 106015
FindTargetPageId rootid 5 tid 106015
target_page_id id: 9 tid 106015
0 1 tid 106015
148 6 tid 106015
365 4 tid 106015
492 7 tid 106015
619 8 tid 106015
746 9 tid 106015
873 10 tid 106015
127 tid 106015
Insert  tid 106015
FindTargetPageId rootid 5 tid 106015
target_page_id id: 9 tid 106015
0 1 tid 106015
148 6 tid 106015
365 4 tid 106015
492 7 tid 106015
619 8 tid 106015
746 9 tid 106015
873 10 tid 106015
127 tid 106015
Insert  tid 106015
FindTargetPageId rootid 5 tid 106015
target_page_id id: 9 tid 106015
0 1 tid 106015
148 6 tid 106015
365 4 tid 106015
492 7 tid 106015
619 8 tid 106015
746 9 tid 106015
873 10 tid 106015
127 tid 106015
Insert  tid 106015
FindTargetPageId rootid 5 tid 106015
target_page_id id: 9 tid 106015
0 1 tid 106015
148 6 tid 106015
365 4 tid 106015
492 7 tid 106015
619 8 tid 106015
746 9 tid 106015
873 10 tid 106015
127 tid 106015
Insert  tid 106015
FindTargetPageId rootid 5 tid 106015
target_page_id id: 9 tid 106015
0 1 tid 106015
148 6 tid 106015
365 4 tid 106015
492 7 tid 106015
619 8 tid 106015
746 9 tid 106015
873 10 tid 106015
127 tid 106015
Insert  tid 106015
FindTargetPageId rootid 5 tid 106015
target_page_id id: 9 tid 106015
0 1 tid 106015
148 6 tid 106015
365 4 tid 106015
492 7 tid 106015
619 8 tid 106015
746 9 tid 106015
873 10 tid 106015
127 tid 106015
Insert  tid 106015
FindTargetPageId rootid 5 tid 106015
target_page_id id: 9 tid 106015
0 1 tid 106015
148 6 tid 106015
365 4 tid 106015
492 7 tid 106015
619 8 tid 106015
746 9 tid 106015
873 10 tid 106015
127 tid 106015
Insert  tid 106015
FindTargetPageId rootid 5 tid 106015
target_page_id id: 9 tid 106015
0 1 tid 106015
148 6 tid 106015
365 4 tid 106015
492 7 tid 106015
619 8 tid 106015
746 9 tid 106015
873 10 tid 106015
127 tid 106015
Insert  tid 106015
FindTargetPageId rootid 5 tid 106015
target_page_id id: 9 tid 106015
0 1 tid 106015
148 6 tid 106015
365 4 tid 106015
492 7 tid 106015
619 8 tid 106015
746 9 tid 106015
873 10 tid 106015
127 tid 106015
Insert  tid 106015
FindTargetPageId rootid 5 tid 106015
target_page_id id: 9 tid 106015
0 1 tid 106015
148 6 tid 106015
365 4 tid 106015
492 7 tid 106015
619 8 tid 106015
746 9 tid 106015
873 10 tid 106015
127 tid 106015
Insert  tid 106015
FindTargetPageId rootid 5 tid 106015
target_page_id id: 9 tid 106015
0 1 tid 106015
148 6 tid 106015
365 4 tid 106015
492 7 tid 106015
619 8 tid 106015
746 9 tid 106015
873 10 tid 106015
127 tid 106015
Insert  tid 106015
FindTargetPageId rootid 5 tid 106015
target_page_id id: 9 tid 106015
0 1 tid 106015
148 6 tid 106015
365 4 tid 106015
492 7 tid 106015
619 8 tid 106015
746 9 tid 106015
873 10 tid 106015
127 tid 106015
Insert  tid 106015
FindTargetPageId rootid 5 tid 106015
target_page_id id: 9 tid 106015
0 1 tid 106015
148 6 tid 106015
365 4 tid 106015
492 7 tid 106015
619 8 tid 106015
746 9 tid 106015
873 10 tid 106015
127 tid 106015
Insert  tid 106015
FindTargetPageId rootid 5 tid 106015
target_page_id id: 9 tid 106015
0 1 tid 106015
148 6 tid 106015
365 4 tid 106015
492 7 tid 106015
619 8 tid 106015
746 9 tid 106015
873 10 tid 106015
127 tid 106015
Insert  tid 106015
FindTargetPageId rootid 5 tid 106015
target_page_id id: 9 tid 106015
0 1 tid 106015
148 6 tid 106015
365 4 tid 106015
492 7 tid 106015
619 8 tid 106015
746 9 tid 106015
873 10 tid 106015
127 tid 106015
Insert  tid 106015
FindTargetPageId rootid 5 tid 106015
target_page_id id: 9 tid 106015
0 1 tid 106015
148 6 tid 106015
365 4 tid 106015
492 7 tid 106015
619 8 tid 106015
746 9 tid 106015
873 10 tid 106015
127 tid 106015
Insert  tid 106015
FindTargetPageId rootid 5 tid 106015
target_page_id id: 9 tid 106015
0 1 tid 106015
148 6 tid 106015
365 4 tid 106015
492 7 tid 106015
619 8 tid 106015
746 9 tid 106015
873 10 tid 106015
127 tid 106015
Insert  tid 106015
FindTargetPageId rootid 5 tid 106015
target_page_id id: 9 tid 106015
0 1 tid 106015
148 6 tid 106015
365 4 tid 106015
492 7 tid 106015
619 8 tid 106015
746 9 tid 106015
873 10 tid 106015
127 tid 106015
Insert  tid 106015
FindTargetPageId rootid 5 tid 106015
target_page_id id: 9 tid 106015
0 1 tid 106015
148 6 tid 106015
365 4 tid 106015
492 7 tid 106015
619 8 tid 106015
746 9 tid 106015
873 10 tid 106015
127 tid 106015
Insert  tid 106015
FindTargetPageId rootid 5 tid 106015
target_page_id id: 9 tid 106015
0 1 tid 106015
148 6 tid 106015
365 4 tid 106015
492 7 tid 106015
619 8 tid 106015
746 9 tid 106015
873 10 tid 106015
127 tid 106015
Insert  tid 106015
FindTargetPageId rootid 5 tid 106015
target_page_id id: 9 tid 106015
0 1 tid 106015
148 6 tid 106015
365 4 tid 106015
492 7 tid 106015
619 8 tid 106015
746 9 tid 106015
873 10 tid 106015
127 tid 106015
Insert  tid 106015
FindTargetPageId rootid 5 tid 106015
target_page_id id: 9 tid 106015
0 1 tid 106015
148 6 tid 106015
365 4 tid 106015
492 7 tid 106015
619 8 tid 106015
746 9 tid 106015
873 10 tid 106015
127 tid 106015
Insert  tid 106015
FindTargetPageId rootid 5 tid 106015
target_page_id id: 10 tid 106015
0 1 tid 106015
148 6 tid 106015
365 4 tid 106015
492 7 tid 106015
619 8 tid 106015
746 9 tid 106015
873 10 tid 106015
128 tid 106015
Insert  tid 106015
FindTargetPageId rootid 5 tid 106015
target_page_id id: 10 tid 106015
0 1 tid 106015
148 6 tid 106015
365 4 tid 106015
492 7 tid 106015
619 8 tid 106015
746 9 tid 106015
873 10 tid 106015
128 tid 106015
Insert  tid 106015
FindTargetPageId rootid 5 tid 106015
target_page_id id: 10 tid 106015
0 1 tid 106015
148 6 tid 106015
365 4 tid 106015
492 7 tid 106015
619 8 tid 106015
746 9 tid 106015
873 10 tid 106015
128 tid 106015
Insert  tid 106015
FindTargetPageId rootid 5 tid 106015
target_page_id id: 10 tid 106015
0 1 tid 106015
148 6 tid 106015
365 4 tid 106015
492 7 tid 106015
619 8 tid 106015
746 9 tid 106015
873 10 tid 106015
128 tid 106015
Insert  tid 106015
FindTargetPageId rootid 5 tid 106015
target_page_id id: 10 tid 106015
0 1 tid 106015
148 6 tid 106015
365 4 tid 106015
492 7 tid 106015
619 8 tid 106015
746 9 tid 106015
873 10 tid 106015
128 tid 106015
Insert  tid 106015
FindTargetPageId rootid 5 tid 106015
target_page_id id: 10 tid 106015
0 1 tid 106015
148 6 tid 106015
365 4 tid 106015
492 7 tid 106015
619 8 tid 106015
746 9 tid 106015
873 10 tid 106015
128 tid 106015
Insert  tid 106015
FindTargetPageId rootid 5 tid 106015
target_page_id id: 10 tid 106015
0 1 tid 106015
148 6 tid 106015
365 4 tid 106015
492 7 tid 106015
619 8 tid 106015
746 9 tid 106015
873 10 tid 106015
128 tid 106015
Insert  tid 106015
FindTargetPageId rootid 5 tid 106015
target_page_id id: 10 tid 106015
0 1 tid 106015
148 6 tid 106015
365 4 tid 106015
492 7 tid 106015
619 8 tid 106015
746 9 tid 106015
873 10 tid 106015
128 tid 106015
Insert  tid 106015
FindTargetPageId rootid 5 tid 106015
target_page_id id: 10 tid 106015
0 1 tid 106015
148 6 tid 106015
365 4 tid 106015
492 7 tid 106015
619 8 tid 106015
746 9 tid 106015
873 10 tid 106015
128 tid 106015
Insert  tid 106015
FindTargetPageId rootid 5 tid 106015
target_page_id id: 10 tid 106015
0 1 tid 106015
148 6 tid 106015
365 4 tid 106015
492 7 tid 106015
619 8 tid 106015
746 9 tid 106015
873 10 tid 106015
128 tid 106015
Insert  tid 106015
FindTargetPageId rootid 5 tid 106015
target_page_id id: 10 tid 106015
0 1 tid 106015
148 6 tid 106015
365 4 tid 106015
492 7 tid 106015
619 8 tid 106015
746 9 tid 106015
873 10 tid 106015
128 tid 106015
Insert  tid 106015
FindTargetPageId rootid 5 tid 106015
target_page_id id: 10 tid 106015
0 1 tid 106015
148 6 tid 106015
365 4 tid 106015
492 7 tid 106015
619 8 tid 106015
746 9 tid 106015
873 10 tid 106015
128 tid 106015
Insert  tid 106015
FindTargetPageId rootid 5 tid 106015
target_page_id id: 10 tid 106015
0 1 tid 106015
148 6 tid 106015
365 4 tid 106015
492 7 tid 106015
619 8 tid 106015
746 9 tid 106015
873 10 tid 106015
128 tid 106015
Insert  tid 106015
FindTargetPageId rootid 5 tid 106015
target_page_id id: 10 tid 106015
0 1 tid 106015
148 6 tid 106015
365 4 tid 106015
492 7 tid 106015
619 8 tid 106015
746 9 tid 106015
873 10 tid 106015
128 tid 106015
Insert  tid 106015
FindTargetPageId rootid 5 tid 106015
target_page_id id: 10 tid 106015
0 1 tid 106015
148 6 tid 106015
365 4 tid 106015
492 7 tid 106015
619 8 tid 106015
746 9 tid 106015
873 10 tid 106015
128 tid 106015
Insert  tid 106015
FindTargetPageId rootid 5 tid 106015
target_page_id id: 10 tid 106015
0 1 tid 106015
148 6 tid 106015
365 4 tid 106015
492 7 tid 106015
619 8 tid 106015
746 9 tid 106015
873 10 tid 106015
128 tid 106015
Insert  tid 106015
FindTargetPageId rootid 5 tid 106015
target_page_id id: 10 tid 106015
0 1 tid 106015
148 6 tid 106015
365 4 tid 106015
492 7 tid 106015
619 8 tid 106015
746 9 tid 106015
873 10 tid 106015
128 tid 106015
Insert  tid 106015
FindTargetPageId rootid 5 tid 106015
target_page_id id: 10 tid 106015
0 1 tid 106015
148 6 tid 106015
365 4 tid 106015
492 7 tid 106015
619 8 tid 106015
746 9 tid 106015
873 10 tid 106015
128 tid 106015
Insert  tid 106015
FindTargetPageId rootid 5 tid 106015
target_page_id id: 10 tid 106015
0 1 tid 106015
148 6 tid 106015
365 4 tid 106015
492 7 tid 106015
619 8 tid 106015
746 9 tid 106015
873 10 tid 106015
128 tid 106015
Insert  tid 106015
FindTargetPageId rootid 5 tid 106015
target_page_id id: 10 tid 106015
0 1 tid 106015
148 6 tid 106015
365 4 tid 106015
492 7 tid 106015
619 8 tid 106015
746 9 tid 106015
873 10 tid 106015
128 tid 106015
Insert  tid 106015
FindTargetPageId rootid 5 tid 106015
target_page_id id: 10 tid 106015
0 1 tid 106015
148 6 tid 106015
365 4 tid 106015
492 7 tid 106015
619 8 tid 106015
746 9 tid 106015
873 10 tid 106015
128 tid 106015
Insert  tid 106015
FindTargetPageId rootid 5 tid 106015
target_page_id id: 10 tid 106015
0 1 tid 106015
148 6 tid 106015
365 4 tid 106015
492 7 tid 106015
619 8 tid 106015
746 9 tid 106015
873 10 tid 106015
128 tid 106015
Insert  tid 106015
FindTargetPageId rootid 5 tid 106015
target_page_id id: 10 tid 106015
0 1 tid 106015
148 6 tid 106015
365 4 tid 106015
492 7 tid 106015
619 8 tid 106015
746 9 tid 106015
873 10 tid 106015
128 tid 106015
Insert  tid 106015
FindTargetPageId rootid 5 tid 106015
target_page_id id: 10 tid 106015
0 1 tid 106015
148 6 tid 106015
365 4 tid 106015
492 7 tid 106015
619 8 tid 106015
746 9 tid 106015
873 10 tid 106015
128 tid 106015
Insert  tid 106015
FindTargetPageId rootid 5 tid 106015
target_page_id id: 10 tid 106015
0 1 tid 106015
148 6 tid 106015
365 4 tid 106015
492 7 tid 106015
619 8 tid 106015
746 9 tid 106015
873 10 tid 106015
128 tid 106015
Insert  tid 106015
FindTargetPageId rootid 5 tid 106015
target_page_id id: 10 tid 106015
0 1 tid 106015
148 6 tid 106015
365 4 tid 106015
492 7 tid 106015
619 8 tid 106015
746 9 tid 106015
873 10 tid 106015
128 tid 106015
Insert  tid 106015
FindTargetPageId rootid 5 tid 106015
target_page_id id: 10 tid 106015
0 1 tid 106015
148 6 tid 106015
365 4 tid 106015
492 7 tid 106015
619 8 tid 106015
746 9 tid 106015
873 10 tid 106015
128 tid 106015
Insert  tid 106015
FindTargetPageId rootid 5 tid 106015
target_page_id id: 10 tid 106015
0 1 tid 106015
148 6 tid 106015
365 4 tid 106015
492 7 tid 106015
619 8 tid 106015
746 9 tid 106015
873 10 tid 106015
128 tid 106015
Insert  tid 106015
FindTargetPageId rootid 5 tid 106015
target_page_id id: 10 tid 106015
0 1 tid 106015
148 6 tid 106015
365 4 tid 106015
492 7 tid 106015
619 8 tid 106015
746 9 tid 106015
873 10 tid 106015
128 tid 106015
Insert  tid 106015
FindTargetPageId rootid 5 tid 106015
target_page_id id: 10 tid 106015
0 1 tid 106015
148 6 tid 106015
365 4 tid 106015
492 7 tid 106015
619 8 tid 106015
746 9 tid 106015
873 10 tid 106015
128 tid 106015
Insert  tid 106015
FindTargetPageId rootid 5 tid 106015
target_page_id id: 10 tid 106015
0 1 tid 106015
148 6 tid 106015
365 4 tid 106015
492 7 tid 106015
619 8 tid 106015
746 9 tid 106015
873 10 tid 106015
128 tid 106015
Insert  tid 106015
FindTargetPageId rootid 5 tid 106015
target_page_id id: 10 tid 106015
0 1 tid 106015
148 6 tid 106015
365 4 tid 106015
492 7 tid 106015
619 8 tid 106015
746 9 tid 106015
873 10 tid 106015
128 tid 106015
Insert  tid 106015
FindTargetPageId rootid 5 tid 106015
target_page_id id: 10 tid 106015
0 1 tid 106015
148 6 tid 106015
365 4 tid 106015
492 7 tid 106015
619 8 tid 106015
746 9 tid 106015
873 10 tid 106015
128 tid 106015
Insert  tid 106015
FindTargetPageId rootid 5 tid 106015
target_page_id id: 10 tid 106015
0 1 tid 106015
148 6 tid 106015
365 4 tid 106015
492 7 tid 106015
619 8 tid 106015
746 9 tid 106015
873 10 tid 106015
128 tid 106015
Insert  tid 106015
FindTargetPageId rootid 5 tid 106015
target_page_id id: 10 tid 106015
0 1 tid 106015
148 6 tid 106015
365 4 tid 106015
492 7 tid 106015
619 8 tid 106015
746 9 tid 106015
873 10 tid 106015
128 tid 106015
Insert  tid 106015
FindTargetPageId rootid 5 tid 106015
target_page_id id: 10 tid 106015
0 1 tid 106015
148 6 tid 106015
365 4 tid 106015
492 7 tid 106015
619 8 tid 106015
746 9 tid 106015
873 10 tid 106015
128 tid 106015
Insert  tid 106015
FindTargetPageId rootid 5 tid 106015
target_page_id id: 10 tid 106015
0 1 tid 106015
148 6 tid 106015
365 4 tid 106015
492 7 tid 106015
619 8 tid 106015
746 9 tid 106015
873 10 tid 106015
128 tid 106015
Insert  tid 106015
FindTargetPageId rootid 5 tid 106015
target_page_id id: 10 tid 106015
0 1 tid 106015
148 6 tid 106015
365 4 tid 106015
492 7 tid 106015
619 8 tid 106015
746 9 tid 106015
873 10 tid 106015
128 tid 106015
Insert  tid 106015
FindTargetPageId rootid 5 tid 106015
target_page_id id: 10 tid 106015
0 1 tid 106015
148 6 tid 106015
365 4 tid 106015
492 7 tid 106015
619 8 tid 106015
746 9 tid 106015
873 10 tid 106015
128 tid 106015
Insert  tid 106015
FindTargetPageId rootid 5 tid 106015
target_page_id id: 10 tid 106015
0 1 tid 106015
148 6 tid 106015
365 4 tid 106015
492 7 tid 106015
619 8 tid 106015
746 9 tid 106015
873 10 tid 106015
128 tid 106015
Insert  tid 106015
FindTargetPageId rootid 5 tid 106015
target_page_id id: 10 tid 106015
0 1 tid 106015
148 6 tid 106015
365 4 tid 106015
492 7 tid 106015
619 8 tid 106015
746 9 tid 106015
873 10 tid 106015
128 tid 106015
Insert  tid 106015
FindTargetPageId rootid 5 tid 106015
target_page_id id: 10 tid 106015
0 1 tid 106015
148 6 tid 106015
365 4 tid 106015
492 7 tid 106015
619 8 tid 106015
746 9 tid 106015
873 10 tid 106015
128 tid 106015
Insert  tid 106015
FindTargetPageId rootid 5 tid 106015
target_page_id id: 10 tid 106015
0 1 tid 106015
148 6 tid 106015
365 4 tid 106015
492 7 tid 106015
619 8 tid 106015
746 9 tid 106015
873 10 tid 106015
128 tid 106015
Insert  tid 106015
FindTargetPageId rootid 5 tid 106015
target_page_id id: 10 tid 106015
0 1 tid 106015
148 6 tid 106015
365 4 tid 106015
492 7 tid 106015
619 8 tid 106015
746 9 tid 106015
873 10 tid 106015
128 tid 106015
Insert  tid 106015
FindTargetPageId rootid 5 tid 106015
target_page_id id: 10 tid 106015
0 1 tid 106015
148 6 tid 106015
365 4 tid 106015
492 7 tid 106015
619 8 tid 106015
746 9 tid 106015
873 10 tid 106015
128 tid 106015
Insert  tid 106015
FindTargetPageId rootid 5 tid 106015
target_page_id id: 10 tid 106015
0 1 tid 106015
148 6 tid 106015
365 4 tid 106015
492 7 tid 106015
619 8 tid 106015
746 9 tid 106015
873 10 tid 106015
128 tid 106015
Insert  tid 106015
FindTargetPageId rootid 5 tid 106015
target_page_id id: 10 tid 106015
0 1 tid 106015
148 6 tid 106015
365 4 tid 106015
492 7 tid 106015
619 8 tid 106015
746 9 tid 106015
873 10 tid 106015
128 tid 106015
Insert  tid 106015
FindTargetPageId rootid 5 tid 106015
target_page_id id: 10 tid 106015
0 1 tid 106015
148 6 tid 106015
365 4 tid 106015
492 7 tid 106015
619 8 tid 106015
746 9 tid 106015
873 10 tid 106015
128 tid 106015
Insert  tid 106015
FindTargetPageId rootid 5 tid 106015
target_page_id id: 10 tid 106015
0 1 tid 106015
148 6 tid 106015
365 4 tid 106015
492 7 tid 106015
619 8 tid 106015
746 9 tid 106015
873 10 tid 106015
128 tid 106015
Insert  tid 106015
FindTargetPageId rootid 5 tid 106015
target_page_id id: 10 tid 106015
0 1 tid 106015
148 6 tid 106015
365 4 tid 106015
492 7 tid 106015
619 8 tid 106015
746 9 tid 106015
873 10 tid 106015
128 tid 106015
Insert  tid 106015
FindTargetPageId rootid 5 tid 106015
target_page_id id: 10 tid 106015
0 1 tid 106015
148 6 tid 106015
365 4 tid 106015
492 7 tid 106015
619 8 tid 106015
746 9 tid 106015
873 10 tid 106015
128 tid 106015
Insert  tid 106015
FindTargetPageId rootid 5 tid 106015
target_page_id id: 10 tid 106015
0 1 tid 106015
148 6 tid 106015
365 4 tid 106015
492 7 tid 106015
619 8 tid 106015
746 9 tid 106015
873 10 tid 106015
128 tid 106015
Insert  tid 106015
FindTargetPageId rootid 5 tid 106015
target_page_id id: 10 tid 106015
0 1 tid 106015
148 6 tid 106015
365 4 tid 106015
492 7 tid 106015
619 8 tid 106015
746 9 tid 106015
873 10 tid 106015
128 tid 106015
Insert  tid 106015
FindTargetPageId rootid 5 tid 106015
target_page_id id: 10 tid 106015
0 1 tid 106015
148 6 tid 106015
365 4 tid 106015
492 7 tid 106015
619 8 tid 106015
746 9 tid 106015
873 10 tid 106015
128 tid 106015
Insert  tid 106015
FindTargetPageId rootid 5 tid 106015
target_page_id id: 10 tid 106015
0 1 tid 106015
148 6 tid 106015
365 4 tid 106015
492 7 tid 106015
619 8 tid 106015
746 9 tid 106015
873 10 tid 106015
128 tid 106015
Insert  tid 106015
FindTargetPageId rootid 5 tid 106015
target_page_id id: 10 tid 106015
0 1 tid 106015
148 6 tid 106015
365 4 tid 106015
492 7 tid 106015
619 8 tid 106015
746 9 tid 106015
873 10 tid 106015
128 tid 106015
Insert  tid 106015
FindTargetPageId rootid 5 tid 106015
target_page_id id: 10 tid 106015
0 1 tid 106015
148 6 tid 106015
365 4 tid 106015
492 7 tid 106015
619 8 tid 106015
746 9 tid 106015
873 10 tid 106015
128 tid 106015
Insert  tid 106015
FindTargetPageId rootid 5 tid 106015
target_page_id id: 10 tid 106015
0 1 tid 106015
148 6 tid 106015
365 4 tid 106015
492 7 tid 106015
619 8 tid 106015
746 9 tid 106015
873 10 tid 106015
128 tid 106015
Insert  tid 106015
FindTargetPageId rootid 5 tid 106015
target_page_id id: 10 tid 106015
0 1 tid 106015
148 6 tid 106015
365 4 tid 106015
492 7 tid 106015
619 8 tid 106015
746 9 tid 106015
873 10 tid 106015
128 tid 106015
Insert  tid 106015
FindTargetPageId rootid 5 tid 106015
target_page_id id: 10 tid 106015
0 1 tid 106015
148 6 tid 106015
365 4 tid 106015
492 7 tid 106015
619 8 tid 106015
746 9 tid 106015
873 10 tid 106015
128 tid 106015
Insert  tid 106015
FindTargetPageId rootid 5 tid 106015
target_page_id id: 10 tid 106015
0 1 tid 106015
148 6 tid 106015
365 4 tid 106015
492 7 tid 106015
619 8 tid 106015
746 9 tid 106015
873 10 tid 106015
128 tid 106015
Insert  tid 106015
FindTargetPageId rootid 5 tid 106015
target_page_id id: 10 tid 106015
0 1 tid 106015
148 6 tid 106015
365 4 tid 106015
492 7 tid 106015
619 8 tid 106015
746 9 tid 106015
873 10 tid 106015
128 tid 106015
Insert  tid 106015
FindTargetPageId rootid 5 tid 106015
target_page_id id: 10 tid 106015
0 1 tid 106015
148 6 tid 106015
365 4 tid 106015
492 7 tid 106015
619 8 tid 106015
746 9 tid 106015
873 10 tid 106015
128 tid 106015
Insert  tid 106015
FindTargetPageId rootid 5 tid 106015
target_page_id id: 10 tid 106015
0 1 tid 106015
148 6 tid 106015
365 4 tid 106015
492 7 tid 106015
619 8 tid 106015
746 9 tid 106015
873 10 tid 106015
128 tid 106015
Insert  tid 106015
FindTargetPageId rootid 5 tid 106015
target_page_id id: 10 tid 106015
0 1 tid 106015
148 6 tid 106015
365 4 tid 106015
492 7 tid 106015
619 8 tid 106015
746 9 tid 106015
873 10 tid 106015
128 tid 106015
Insert  tid 106015
FindTargetPageId rootid 5 tid 106015
target_page_id id: 10 tid 106015
0 1 tid 106015
148 6 tid 106015
365 4 tid 106015
492 7 tid 106015
619 8 tid 106015
746 9 tid 106015
873 10 tid 106015
128 tid 106015
Insert  tid 106015
FindTargetPageId rootid 5 tid 106015
target_page_id id: 10 tid 106015
0 1 tid 106015
148 6 tid 106015
365 4 tid 106015
492 7 tid 106015
619 8 tid 106015
746 9 tid 106015
873 10 tid 106015
128 tid 106015
Insert  tid 106015
FindTargetPageId rootid 5 tid 106015
target_page_id id: 10 tid 106015
0 1 tid 106015
148 6 tid 106015
365 4 tid 106015
492 7 tid 106015
619 8 tid 106015
746 9 tid 106015
873 10 tid 106015
128 tid 106015
Insert  tid 106015
FindTargetPageId rootid 5 tid 106015
target_page_id id: 10 tid 106015
0 1 tid 106015
148 6 tid 106015
365 4 tid 106015
492 7 tid 106015
619 8 tid 106015
746 9 tid 106015
873 10 tid 106015
128 tid 106015
Insert  tid 106015
FindTargetPageId rootid 5 tid 106015
target_page_id id: 10 tid 106015
0 1 tid 106015
148 6 tid 106015
365 4 tid 106015
492 7 tid 106015
619 8 tid 106015
746 9 tid 106015
873 10 tid 106015
128 tid 106015
Insert  tid 106015
FindTargetPageId rootid 5 tid 106015
target_page_id id: 10 tid 106015
0 1 tid 106015
148 6 tid 106015
365 4 tid 106015
492 7 tid 106015
619 8 tid 106015
746 9 tid 106015
873 10 tid 106015
128 tid 106015
Insert  tid 106015
FindTargetPageId rootid 5 tid 106015
target_page_id id: 10 tid 106015
0 1 tid 106015
148 6 tid 106015
365 4 tid 106015
492 7 tid 106015
619 8 tid 106015
746 9 tid 106015
873 10 tid 106015
128 tid 106015
Insert  tid 106015
FindTargetPageId rootid 5 tid 106015
target_page_id id: 10 tid 106015
0 1 tid 106015
148 6 tid 106015
365 4 tid 106015
492 7 tid 106015
619 8 tid 106015
746 9 tid 106015
873 10 tid 106015
128 tid 106015
Insert  tid 106015
FindTargetPageId rootid 5 tid 106015
target_page_id id: 10 tid 106015
0 1 tid 106015
148 6 tid 106015
365 4 tid 106015
492 7 tid 106015
619 8 tid 106015
746 9 tid 106015
873 10 tid 106015
128 tid 106015
Insert  tid 106015
FindTargetPageId rootid 5 tid 106015
target_page_id id: 10 tid 106015
0 1 tid 106015
148 6 tid 106015
365 4 tid 106015
492 7 tid 106015
619 8 tid 106015
746 9 tid 106015
873 10 tid 106015
128 tid 106015
Insert  tid 106015
FindTargetPageId rootid 5 tid 106015
target_page_id id: 10 tid 106015
0 1 tid 106015
148 6 tid 106015
365 4 tid 106015
492 7 tid 106015
619 8 tid 106015
746 9 tid 106015
873 10 tid 106015
128 tid 106015
Insert  tid 106015
FindTargetPageId rootid 5 tid 106015
target_page_id id: 10 tid 106015
0 1 tid 106015
148 6 tid 106015
365 4 tid 106015
492 7 tid 106015
619 8 tid 106015
746 9 tid 106015
873 10 tid 106015
128 tid 106015
Insert  tid 106015
FindTargetPageId rootid 5 tid 106015
target_page_id id: 10 tid 106015
0 1 tid 106015
148 6 tid 106015
365 4 tid 106015
492 7 tid 106015
619 8 tid 106015
746 9 tid 106015
873 10 tid 106015
128 tid 106015
Insert  tid 106015
FindTargetPageId rootid 5 tid 106015
target_page_id id: 10 tid 106015
0 1 tid 106015
148 6 tid 106015
365 4 tid 106015
492 7 tid 106015
619 8 tid 106015
746 9 tid 106015
873 10 tid 106015
128 tid 106015
Insert  tid 106015
FindTargetPageId rootid 5 tid 106015
target_page_id id: 10 tid 106015
0 1 tid 106015
148 6 tid 106015
365 4 tid 106015
492 7 tid 106015
619 8 tid 106015
746 9 tid 106015
873 10 tid 106015
128 tid 106015
Insert  tid 106015
FindTargetPageId rootid 5 tid 106015
target_page_id id: 10 tid 106015
0 1 tid 106015
148 6 tid 106015
365 4 tid 106015
492 7 tid 106015
619 8 tid 106015
746 9 tid 106015
873 10 tid 106015
128 tid 106015
Insert  tid 106015
FindTargetPageId rootid 5 tid 106015
target_page_id id: 10 tid 106015
0 1 tid 106015
148 6 tid 106015
365 4 tid 106015
492 7 tid 106015
619 8 tid 106015
746 9 tid 106015
873 10 tid 106015
128 tid 106015
Insert  tid 106015
FindTargetPageId rootid 5 tid 106015
target_page_id id: 10 tid 106015
0 1 tid 106015
148 6 tid 106015
365 4 tid 106015
492 7 tid 106015
619 8 tid 106015
746 9 tid 106015
873 10 tid 106015
128 tid 106015
Insert  tid 106015
FindTargetPageId rootid 5 tid 106015
target_page_id id: 10 tid 106015
0 1 tid 106015
148 6 tid 106015
365 4 tid 106015
492 7 tid 106015
619 8 tid 106015
746 9 tid 106015
873 10 tid 106015
128 tid 106015
Insert  tid 106015
FindTargetPageId rootid 5 tid 106015
target_page_id id: 10 tid 106015
0 1 tid 106015
148 6 tid 106015
365 4 tid 106015
492 7 tid 106015
619 8 tid 106015
746 9 tid 106015
873 10 tid 106015
128 tid 106015
Insert  tid 106015
FindTargetPageId rootid 5 tid 106015
target_page_id id: 10 tid 106015
0 1 tid 106015
148 6 tid 106015
365 4 tid 106015
492 7 tid 106015
619 8 tid 106015
746 9 tid 106015
873 10 tid 106015
128 tid 106015
Insert  tid 106015
FindTargetPageId rootid 5 tid 106015
target_page_id id: 10 tid 106015
0 1 tid 106015
148 6 tid 106015
365 4 tid 106015
492 7 tid 106015
619 8 tid 106015
746 9 tid 106015
873 10 tid 106015
128 tid 106015
Insert  tid 106015
FindTargetPageId rootid 5 tid 106015
target_page_id id: 10 tid 106015
0 1 tid 106015
148 6 tid 106015
365 4 tid 106015
492 7 tid 106015
619 8 tid 106015
746 9 tid 106015
873 10 tid 106015
128 tid 106015
Insert  tid 106015
FindTargetPageId rootid 5 tid 106015
target_page_id id: 10 tid 106015
0 1 tid 106015
148 6 tid 106015
365 4 tid 106015
492 7 tid 106015
619 8 tid 106015
746 9 tid 106015
873 10 tid 106015
128 tid 106015
Insert  tid 106015
FindTargetPageId rootid 5 tid 106015
target_page_id id: 10 tid 106015
0 1 tid 106015
148 6 tid 106015
365 4 tid 106015
492 7 tid 106015
619 8 tid 106015
746 9 tid 106015
873 10 tid 106015
128 tid 106015
Insert  tid 106015
FindTargetPageId rootid 5 tid 106015
target_page_id id: 10 tid 106015
0 1 tid 106015
148 6 tid 106015
365 4 tid 106015
492 7 tid 106015
619 8 tid 106015
746 9 tid 106015
873 10 tid 106015
128 tid 106015
Insert  tid 106015
FindTargetPageId rootid 5 tid 106015
target_page_id id: 10 tid 106015
0 1 tid 106015
148 6 tid 106015
365 4 tid 106015
492 7 tid 106015
619 8 tid 106015
746 9 tid 106015
873 10 tid 106015
128 tid 106015
Insert  tid 106015
FindTargetPageId rootid 5 tid 106015
target_page_id id: 10 tid 106015
0 1 tid 106015
148 6 tid 106015
365 4 tid 106015
492 7 tid 106015
619 8 tid 106015
746 9 tid 106015
873 10 tid 106015
128 tid 106015
Insert  tid 106015
FindTargetPageId rootid 5 tid 106015
target_page_id id: 10 tid 106015
0 1 tid 106015
148 6 tid 106015
365 4 tid 106015
492 7 tid 106015
619 8 tid 106015
746 9 tid 106015
873 10 tid 106015
128 tid 106015
Insert  tid 106015
FindTargetPageId rootid 5 tid 106015
target_page_id id: 10 tid 106015
0 1 tid 106015
148 6 tid 106015
365 4 tid 106015
492 7 tid 106015
619 8 tid 106015
746 9 tid 106015
873 10 tid 106015
128 tid 106015
Insert  tid 106015
FindTargetPageId rootid 5 tid 106015
target_page_id id: 10 tid 106015
0 1 tid 106015
148 6 tid 106015
365 4 tid 106015
492 7 tid 106015
619 8 tid 106015
746 9 tid 106015
873 10 tid 106015
128 tid 106015
Insert  tid 106015
FindTargetPageId rootid 5 tid 106015
target_page_id id: 10 tid 106015
0 1 tid 106015
148 6 tid 106015
365 4 tid 106015
492 7 tid 106015
619 8 tid 106015
746 9 tid 106015
873 10 tid 106015
128 tid 106015
Insert  tid 106015
FindTargetPageId rootid 5 tid 106015
target_page_id id: 10 tid 106015
0 1 tid 106015
148 6 tid 106015
365 4 tid 106015
492 7 tid 106015
619 8 tid 106015
746 9 tid 106015
873 10 tid 106015
128 tid 106015
Insert  tid 106015
FindTargetPageId rootid 5 tid 106015
target_page_id id: 10 tid 106015
0 1 tid 106015
148 6 tid 106015
365 4 tid 106015
492 7 tid 106015
619 8 tid 106015
746 9 tid 106015
873 10 tid 106015
128 tid 106015
Insert  tid 106015
FindTargetPageId rootid 5 tid 106015
target_page_id id: 10 tid 106015
0 1 tid 106015
148 6 tid 106015
365 4 tid 106015
492 7 tid 106015
619 8 tid 106015
746 9 tid 106015
873 10 tid 106015
128 tid 106015
Insert  tid 106015
FindTargetPageId rootid 5 tid 106015
target_page_id id: 10 tid 106015
0 1 tid 106015
148 6 tid 106015
365 4 tid 106015
492 7 tid 106015
619 8 tid 106015
746 9 tid 106015
873 10 tid 106015
128 tid 106015
Insert  tid 106015
FindTargetPageId rootid 5 tid 106015
target_page_id id: 10 tid 106015
0 1 tid 106015
148 6 tid 106015
365 4 tid 106015
492 7 tid 106015
619 8 tid 106015
746 9 tid 106015
873 10 tid 106015
128 tid 106015
leaf_max_size 254
Insert  tid 105929
Insert  tid 105929
new root page id: 1 tid 105929
Insert  tid 105929
FindTargetPageId rootid 1 tid 105929
1 tid 105929
Insert  tid 105929
FindTargetPageId rootid 1 tid 105929
2 tid 105929
Insert  tid 105929
FindTargetPageId rootid 1 tid 105929
3 tid 105929
Insert  tid 105929
FindTargetPageId rootid 1 tid 105929
4 tid 105929
Insert  tid 105929
FindTargetPageId rootid 1 tid 105929
5 tid 105929
Insert  tid 105929
FindTargetPageId rootid 1 tid 105929
6 tid 105929
Insert  tid 105929
FindTargetPageId rootid 1 tid 105929
7 tid 105929
Insert  tid 105929
FindTargetPageId rootid 1 tid 105929
8 tid 105929
Insert  tid 105929
FindTargetPageId rootid 1 tid 105929
9 tid 105929
Insert  tid 105929
FindTargetPageId rootid 1 tid 105929
10 tid 105929
Insert  tid 105929
FindTargetPageId rootid 1 tid 105929
11 tid 105929
Insert  tid 105929
FindTargetPageId rootid 1 tid 105929
12 tid 105929
Insert  tid 105929
FindTargetPageId rootid 1 tid 105929
13 tid 105929
Insert  tid 105929
FindTargetPageId rootid 1 tid 105929
14 tid 105929
Insert  tid 105929
FindTargetPageId rootid 1 tid 105929
15 tid 105929
Insert  tid 105929
FindTargetPageId rootid 1 tid 105929
16 tid 105929
Insert  tid 105929
FindTargetPageId rootid 1 tid 105929
17 tid 105929
Insert  tid 105929
FindTargetPageId rootid 1 tid 105929
18 tid 105929
Insert  tid 105929
FindTargetPageId rootid 1 tid 105929
19 tid 105929
Insert  tid 105929
FindTargetPageId rootid 1 tid 105929
20 tid 105929
Insert  tid 105929
FindTargetPageId rootid 1 tid 105929
21 tid 105929
Insert  tid 105929
FindTargetPageId rootid 1 tid 105929
22 tid 105929
Insert  tid 105929
FindTargetPageId rootid 1 tid 105929
23 tid 105929
Insert  tid 105929
FindTargetPageId rootid 1 tid 105929
24 tid 105929
Insert  tid 105929
FindTargetPageId rootid 1 tid 105929
25 tid 105929
Insert  tid 105929
FindTargetPageId rootid 1 tid 105929
26 tid 105929
Insert  tid 105929
FindTargetPageId rootid 1 tid 105929
27 tid 105929
Insert  tid 105929
FindTargetPageId rootid 1 tid 105929
28 tid 105929
Insert  tid 105929
FindTargetPageId rootid 1 tid 105929
29 tid 105929
Insert  tid 105929
FindTargetPageId rootid 1 tid 105929
30 tid 105929
Insert  tid 105929
FindTargetPageId rootid 1 tid 105929
31 tid 105929
Insert  tid 105929
FindTargetPageId rootid 1 tid 105929
32 tid 105929
Insert  tid 105929
FindTargetPageId rootid 1 tid 105929
33 tid 105929
Insert  tid 105929
FindTargetPageId rootid 1 tid 105929
34 tid 105929
Insert  tid 105929
FindTargetPageId rootid 1 tid 105929
35 tid 105929
Insert  tid 105929
FindTargetPageId rootid 1 tid 105929
36 tid 105929
Insert  tid 105929
FindTargetPageId rootid 1 tid 105929
37 tid 105929
Insert  tid 105929
FindTargetPageId rootid 1 tid 105929
38 tid 105929
Insert  tid 105929
FindTargetPageId rootid 1 tid 105929
39 tid 105929
Insert  tid 105929
FindTargetPageId rootid 1 tid 105929
40 tid 105929
Insert  tid 105929
FindTargetPageId rootid 1 tid 105929
41 tid 105929
Insert  tid 105929
FindTargetPageId rootid 1 tid 105929
42 tid 105929
Insert  tid 105929
FindTargetPageId rootid 1 tid 105929
43 tid 105929
Insert  tid 105929
FindTargetPageId rootid 1 tid 105929
44 tid 105929
Insert  tid 105929
FindTargetPageId rootid 1 tid 105929
45 tid 105929
Insert  tid 105929
FindTargetPageId rootid 1 tid 105929
46 tid 105929
Insert  tid 105929
FindTargetPageId rootid 1 tid 105929
47 tid 105929
Insert  tid 105929
FindTargetPageId rootid 1 tid 105929
48 tid 105929
Insert  tid 105929
FindTargetPageId rootid 1 tid 105929
49 tid 105929
Insert  tid 105929
FindTargetPageId rootid 1 tid 105929
50 tid 105929
Insert  tid 105929
FindTargetPageId rootid 1 tid 105929
51 tid 105929
Insert  tid 105929
FindTargetPageId rootid 1 tid 105929
52 tid 105929
Insert  tid 105929
FindTargetPageId rootid 1 tid 105929
53 tid 105929
Insert  tid 105929
FindTargetPageId rootid 1 tid 105929
54 tid 105929
Insert  tid 105929
FindTargetPageId rootid 1 tid 105929
55 tid 105929
Insert  tid 105929
FindTargetPageId rootid 1 tid 105929
56 tid 105929
Insert  tid 105929
FindTargetPageId rootid 1 tid 105929
57 tid 105929
Insert  tid 105929
FindTargetPageId rootid 1 tid 105929
58 tid 105929
Insert  tid 105929
FindTargetPageId rootid 1 tid 105929
59 tid 105929
Insert  tid 105929
FindTargetPageId rootid 1 tid 105929
60 tid 105929
Insert  tid 105929
FindTargetPageId rootid 1 tid 105929
61 tid 105929
Insert  tid 105929
FindTargetPageId rootid 1 tid 105929
62 tid 105929
Insert  tid 105929
FindTargetPageId rootid 1 tid 105929
63 tid 105929
Insert  tid 105929
FindTargetPageId rootid 1 tid 105929
64 tid 105929
Insert  tid 105929
FindTargetPageId rootid 1 tid 105929
65 tid 105929
Insert  tid 105929
FindTargetPageId rootid 1 tid 105929
66 tid 105929
Insert  tid 105929
FindTargetPageId rootid 1 tid 105929
67 tid 105929
Insert  tid 105929
FindTargetPageId rootid 1 tid 105929
68 tid 105929
Insert  tid 105929
FindTargetPageId rootid 1 tid 105929
69 tid 105929
Insert  tid 105929
FindTargetPageId rootid 1 tid 105929
70 tid 105929
Insert  tid 105929
FindTargetPageId rootid 1 tid 105929
71 tid 105929
Insert  tid 105929
FindTargetPageId rootid 1 tid 105929
72 tid 105929
Insert  tid 105929
FindTargetPageId rootid 1 tid 105929
73 tid 105929
Insert  tid 105929
FindTargetPageId rootid 1 tid 105929
74 tid 105929
Insert  tid 105929
FindTargetPageId rootid 1 tid 105929
75 tid 105929
Insert  tid 105929
FindTargetPageId rootid 1 tid 105929
76 tid 105929
Insert  tid 105929
FindTargetPageId rootid 1 tid 105929
77 tid 105929
Insert  tid 105929
FindTargetPageId rootid 1 tid 105929
78 tid 105929
Insert  tid 105929
FindTargetPageId rootid 1 tid 105929
79 tid 105929
Insert  tid 105929
FindTargetPageId rootid 1 tid 105929
80 tid 105929
Insert  tid 105929
FindTargetPageId rootid 1 tid 105929
81 tid 105929
Insert  tid 105929
FindTargetPageId rootid 1 tid 105929
82 tid 105929
Insert  tid 105929
FindTargetPageId rootid 1 tid 105929
83 tid 105929
Insert  tid 105929
FindTargetPageId rootid 1 tid 105929
84 tid 105929
Insert  tid 105929
FindTargetPageId rootid 1 tid 105929
85 tid 105929
Insert  tid 105929
FindTargetPageId rootid 1 tid 105929
86 tid 105929
Insert  tid 105929
FindTargetPageId rootid 1 tid 105929
87 tid 105929
Insert  tid 105929
FindTargetPageId rootid 1 tid 105929
88 tid 105929
Insert  tid 105929
FindTargetPageId rootid 1 tid 105929
89 tid 105929
Insert  tid 105929
FindTargetPageId rootid 1 tid 105929
90 tid 105929
Insert  tid 105929
FindTargetPageId rootid 1 tid 105929
91 tid 105929
Insert  tid 105929
FindTargetPageId rootid 1 tid 105929
92 tid 105929
Insert  tid 105929
FindTargetPageId rootid 1 tid 105929
93 tid 105929
Insert  tid 105929
FindTargetPageId rootid 1 tid 105929
94 tid 105929
Insert  tid 105929
FindTargetPageId rootid 1 tid 105929
95 tid 105929
Insert  tid 105929
FindTargetPageId rootid 1 tid 105929
96 tid 105929
Insert  tid 105929
FindTargetPageId rootid 1 tid 105929
97 tid 105929
Insert  tid 105929
FindTargetPageId rootid 1 tid 105929
98 tid 105929
Insert  tid 105929
FindTargetPageId rootid 1 tid 105929
99 tid 105929
Insert  tid 105929
FindTargetPageId rootid 1 tid 105929
100 tid 105929
Insert  tid 105929
FindTargetPageId rootid 1 tid 105929
101 tid 105929
Insert  tid 105929
FindTargetPageId rootid 1 tid 105929
102 tid 105929
Insert  tid 105929
FindTargetPageId rootid 1 tid 105929
103 tid 105929
Insert  tid 105929
FindTargetPageId rootid 1 tid 105929
104 tid 105929
Insert  tid 105929
FindTargetPageId rootid 1 tid 105929
105 tid 105929
Insert  tid 105929
FindTargetPageId rootid 1 tid 105929
106 tid 105929
Insert  tid 105929
FindTargetPageId rootid 1 tid 105929
107 tid 105929
Insert  tid 105929
FindTargetPageId rootid 1 tid 105929
108 tid 105929
Insert  tid 105929
FindTargetPageId rootid 1 tid 105929
109 tid 105929
Insert  tid 105929
FindTargetPageId rootid 1 tid 105929
110 tid 105929
Insert  tid 105929
FindTargetPageId rootid 1 tid 105929
111 tid 105929
Insert  tid 105929
FindTargetPageId rootid 1 tid 105929
112 tid 105929
Insert  tid 105929
FindTargetPageId rootid 1 tid 105929
113 tid 105929
Insert  tid 105929
FindTargetPageId rootid 1 tid 105929
114 tid 105929
Insert  tid 105929
FindTargetPageId rootid 1 tid 105929
115 tid 105929
Insert  tid 105929
FindTargetPageId rootid 1 tid 105929
116 tid 105929
Insert  tid 105929
FindTargetPageId rootid 1 tid 105929
117 tid 105929
Insert  tid 105929
FindTargetPageId rootid 1 tid 105929
118 tid 105929
Insert  tid 105929
FindTargetPageId rootid 1 tid 105929
119 tid 105929
Insert  tid 105929
FindTargetPageId rootid 1 tid 105929
120 tid 105929
Insert  tid 105929
FindTargetPageId rootid 1 tid 105929
121 tid 105929
Insert  tid 105929
FindTargetPageId rootid 1 tid 105929
122 tid 105929
Insert  tid 105929
FindTargetPageId rootid 1 tid 105929
123 tid 105929
Insert  tid 105929
FindTargetPageId rootid 1 tid 105929
124 tid 105929
Insert  tid 105929
FindTargetPageId rootid 1 tid 105929
125 tid 105929
Insert  tid 105929
FindTargetPageId rootid 1 tid 105929
126 tid 105929
Insert  tid 105929
FindTargetPageId rootid 1 tid 105929
127 tid 105929
Insert  tid 105929
FindTargetPageId rootid 1 tid 105929
128 tid 105929
Insert  tid 105929
FindTargetPageId rootid 1 tid 105929
129 tid 105929
Insert  tid 105929
FindTargetPageId rootid 1 tid 105929
130 tid 105929
Insert  tid 105929
FindTargetPageId rootid 1 tid 105929
131 tid 105929
Insert  tid 105929
FindTargetPageId rootid 1 tid 105929
132 tid 105929
Insert  tid 105929
FindTargetPageId rootid 1 tid 105929
133 tid 105929
Insert  tid 105929
FindTargetPageId rootid 1 tid 105929
134 tid 105929
Insert  tid 105929
FindTargetPageId rootid 1 tid 105929
135 tid 105929
Insert  tid 105929
FindTargetPageId rootid 1 tid 105929
136 tid 105929
Insert  tid 105929
FindTargetPageId rootid 1 tid 105929
137 tid 105929
Insert  tid 105929
FindTargetPageId rootid 1 tid 105929
138 tid 105929
Insert  tid 105929
FindTargetPageId rootid 1 tid 105929
139 tid 105929
Insert  tid 105929
FindTargetPageId rootid 1 tid 105929
140 tid 105929
Insert  tid 105929
FindTargetPageId rootid 1 tid 105929
141 tid 105929
Insert  tid 105929
FindTargetPageId rootid 1 tid 105929
142 tid 105929
Insert  tid 105929
FindTargetPageId rootid 1 tid 105929
143 tid 105929
Insert  tid 105929
FindTargetPageId rootid 1 tid 105929
144 tid 105929
Insert  tid 105929
FindTargetPageId rootid 1 tid 105929
145 tid 105929
Insert  tid 105929
FindTargetPageId rootid 1 tid 105929
146 tid 105929
Insert  tid 105929
FindTargetPageId rootid 1 tid 105929
147 tid 105929
Insert  tid 105929
FindTargetPageId rootid 1 tid 105929
148 tid 105929
Insert  tid 105929
FindTargetPageId rootid 1 tid 105929
149 tid 105929
Insert  tid 105929
FindTargetPageId rootid 1 tid 105929
150 tid 105929
Insert  tid 105929
FindTargetPageId rootid 1 tid 105929
151 tid 105929
Insert  tid 105929
FindTargetPageId rootid 1 tid 105929
152 tid 105929
Insert  tid 105929
FindTargetPageId rootid 1 tid 105929
153 tid 105929
Insert  tid 105929
FindTargetPageId rootid 1 tid 105929
154 tid 105929
Insert  tid 105929
FindTargetPageId rootid 1 tid 105929
155 tid 105929
Insert  tid 105929
FindTargetPageId rootid 1 tid 105929
156 tid 105929
Insert  tid 105929
FindTargetPageId rootid 1 tid 105929
157 tid 105929
Insert  tid 105929
FindTargetPageId rootid 1 tid 105929
158 tid 105929
Insert  tid 105929
FindTargetPageId rootid 1 tid 105929
159 tid 105929
Insert  tid 105929
FindTargetPageId rootid 1 tid 105929
160 tid 105929
Insert  tid 105929
FindTargetPageId rootid 1 tid 105929
161 tid 105929
Insert  tid 105929
FindTargetPageId rootid 1 tid 105929
162 tid 105929
Insert  tid 105929
FindTargetPageId rootid 1 tid 105929
163 tid 105929
Insert  tid 105929
FindTargetPageId rootid 1 tid 105929
164 tid 105929
Insert  tid 105929
FindTargetPageId rootid 1 tid 105929
165 tid 105929
Insert  tid 105929
FindTargetPageId rootid 1 tid 105929
166 tid 105929
Insert  tid 105929
FindTargetPageId rootid 1 tid 105929
167 tid 105929
Insert  tid 105929
FindTargetPageId rootid 1 tid 105929
168 tid 105929
Insert  tid 105929
FindTargetPageId rootid 1 tid 105929
169 tid 105929
Insert  tid 105929
FindTargetPageId rootid 1 tid 105929
170 tid 105929
Insert  tid 105929
FindTargetPageId rootid 1 tid 105929
171 tid 105929
Insert  tid 105929
FindTargetPageId rootid 1 tid 105929
172 tid 105929
Insert  tid 105929
FindTargetPageId rootid 1 tid 105929
173 tid 105929
Insert  tid 105929
FindTargetPageId rootid 1 tid 105929
174 tid 105929
Insert  tid 105929
FindTargetPageId rootid 1 tid 105929
175 tid 105929
Insert  tid 105929
FindTargetPageId rootid 1 tid 105929
176 tid 105929
Insert  tid 105929
FindTargetPageId rootid 1 tid 105929
177 tid 105929
Insert  tid 105929
FindTargetPageId rootid 1 tid 105929
178 tid 105929
Insert  tid 105929
FindTargetPageId rootid 1 tid 105929
179 tid 105929
Insert  tid 105929
FindTargetPageId rootid 1 tid 105929
180 tid 105929
Insert  tid 105929
FindTargetPageId rootid 1 tid 105929
181 tid 105929
Insert  tid 105929
FindTargetPageId rootid 1 tid 105929
182 tid 105929
Insert  tid 105929
FindTargetPageId rootid 1 tid 105929
183 tid 105929
Insert  tid 105929
FindTargetPageId rootid 1 tid 105929
184 tid 105929
Insert  tid 105929
FindTargetPageId rootid 1 tid 105929
185 tid 105929
Insert  tid 105929
FindTargetPageId rootid 1 tid 105929
186 tid 105929
Insert  tid 105929
FindTargetPageId rootid 1 tid 105929
187 tid 105929
Insert  tid 105929
FindTargetPageId rootid 1 tid 105929
188 tid 105929
Insert  tid 105929
FindTargetPageId rootid 1 tid 105929
189 tid 105929
Insert  tid 105929
FindTargetPageId rootid 1 tid 105929
190 tid 105929
Insert  tid 105929
FindTargetPageId rootid 1 tid 105929
191 tid 105929
Insert  tid 105929
FindTargetPageId rootid 1 tid 105929
192 tid 105929
Insert  tid 105929
FindTargetPageId rootid 1 tid 105929
193 tid 105929
Insert  tid 105929
FindTargetPageId rootid 1 tid 105929
194 tid 105929
Insert  tid 105929
FindTargetPageId rootid 1 tid 105929
195 tid 105929
Insert  tid 105929
FindTargetPageId rootid 1 tid 105929
196 tid 105929
Insert  tid 105929
FindTargetPageId rootid 1 tid 105929
197 tid 105929
Insert  tid 105929
FindTargetPageId rootid 1 tid 105929
198 tid 105929
Insert  tid 105929
FindTargetPageId rootid 1 tid 105929
199 tid 105929
Insert  tid 106019
Insert  tid 106019
FindTargetPageId rootid 1 tid 106019
200 tid 106019
Remove  tid 106020
Insert  tid 106019
FindTargetPageId rootid 1 tid 106019
Remove 201 tid 106019
 tid 106020
Insert  tid 106019
FindTargetPageId rootid 1 tid 106020
202 tid 106020
Insert  tid 106021
Remove  tid 106020
FindTargetPageId rootid 1 tid 106019
201 tid 106019
Insert  tid 106021
FindTargetPageId rootid 1 tid 106021
202 tid 106021
Insert  tid 106019
Insert  tid 106021
FindTargetPageId rootid 1 tid 106020
203 tid 106020
Remove  tid 106020
FindTargetPageId rootid 1 tid 106019
202 tid 106019
Insert  tid 106019
FindTargetPageId rootid 1 tid 106021
203 tid 106021
Insert  tid 106021
FindTargetPageId rootid 1 tid 106020
204 tid 106020
Remove  tid 106020
FindTargetPageId rootid 1 tid 106019
203 tid 106019
Insert  tid 106019
FindTargetPageId rootid 1 tid 106021
204 tid 106021
Insert  tid 106021
FindTargetPageId rootid 1 tid 106021
205 tid 106021
Insert  tid 106021
FindTargetPageId rootid 1 tid 106021
205 tid 106021
Insert  tid 106021
FindTargetPageId rootid 1 tid 106021
205 tid 106021
Insert  tid 106021
FindTargetPageId rootid 1 tid 106019
206 tid 106019
Insert  tid 106019
FindTargetPageId rootid 1 tid 106020
206 tid 106020
Remove  tid 106020
FindTargetPageId rootid 1 tid 106021
205 tid 106021
Insert  tid 106021
FindTargetPageId rootid 1 tid 106019
206 tid 106019
Insert  tid 106019
FindTargetPageId rootid 1 tid 106020
206 tid 106020
Remove  tid 106020
FindTargetPageId rootid 1 tid 106021
205 tid 106021
Insert  tid 106021
FindTargetPageId rootid 1 tid 106021
206 tid 106021
Insert  tid 106021
FindTargetPageId rootid 1 tid 106020
207 tid 106020
Remove  tid 106020
FindTargetPageId rootid 1 tid 106019
206 tid 106019
Insert  tid 106019
FindTargetPageId rootid 1 tid 106021
206 tid 106021
Insert  tid 106021
FindTargetPageId rootid 1 tid 106020
207 tid 106020
Remove  tid 106020
FindTargetPageId rootid 1 tid 106019
206 tid 106019
Insert  tid 106019
FindTargetPageId rootid 1 tid 106021
206 tid 106021
Insert  tid 106021
FindTargetPageId rootid 1 tid 106020
207 tid 106020
Remove  tid 106020
FindTargetPageId rootid 1 tid 106019
206 tid 106019
Insert  tid 106019
FindTargetPageId rootid 1 tid 106021
206 tid 106021
Insert  tid 106021
FindTargetPageId rootid 1 tid 106020
207 tid 106020
Remove  tid 106020
FindTargetPageId rootid 1 tid 106019
206 tid 106019
Insert  tid 106019
FindTargetPageId rootid 1 tid 106021
206 tid 106021
Insert  tid 106021
FindTargetPageId rootid 1 tid 106020
207 tid 106020
Remove  tid 106020
FindTargetPageId rootid 1 tid 106019
206 tid 106019
Insert  tid 106019
FindTargetPageId rootid 1 tid 106021
206 tid 106021
Insert  tid 106021
FindTargetPageId rootid 1 tid 106020
207 tid 106020
Remove  tid 106020
FindTargetPageId rootid 1 tid 106019
206 tid 106019
Insert  tid 106019
FindTargetPageId rootid 1 tid 106021
206 tid 106021
Insert  tid 106021
FindTargetPageId rootid 1 tid 106020
207 tid 106020
Remove  tid 106020
FindTargetPageId rootid 1 tid 106020
206 tid 106020
Remove  tid 106020
FindTargetPageId rootid 1 tid 106020
205 tid 106020
Remove  tid 106020
FindTargetPageId rootid 1 tid 106019
204 tid 106019
Insert  tid 106019
FindTargetPageId rootid 1 tid 106021
205 tid 106021
Insert  tid 106021
FindTargetPageId rootid 1 tid 106020
206 tid 106020
Remove  tid 106020
FindTargetPageId rootid 1 tid 106019
205 tid 106019
Insert  tid 106019
FindTargetPageId rootid 1 tid 106021
206 tid 106021
Insert  tid 106021
FindTargetPageId rootid 1 tid 106020
207 tid 106020
Remove  tid 106020
FindTargetPageId rootid 1 tid 106019
206 tid 106019
Insert  tid 106019
FindTargetPageId rootid 1 tid 106019
207 tid 106019
Insert  tid 106019
FindTargetPageId rootid 1 tid 106020
207 tid 106020
Remove  tid 106020
FindTargetPageId rootid 1 tid 106021
206 tid 106021
Insert  tid 106021
FindTargetPageId rootid 1 tid 106019
207 tid 106019
Insert  tid 106019
FindTargetPageId rootid 1 tid 106020
207 tid 106020
Remove  tid 106020
FindTargetPageId rootid 1 tid 106020
206 tid 106020
Remove  tid 106020
FindTargetPageId rootid 1 tid 106019
206 tid 106019
Insert  tid 106019
FindTargetPageId rootid 1 tid 106021
207 tid 106021
Insert  tid 106021
FindTargetPageId rootid 1 tid 106020
207 tid 106020
Remove  tid 106020
FindTargetPageId rootid 1 tid 106019
207 tid 106019
Insert  tid 106019
FindTargetPageId rootid 1 tid 106021
208 tid 106021
Insert  tid 106021
FindTargetPageId rootid 1 tid 106020
208 tid 106020
Remove  tid 106020
FindTargetPageId rootid 1 tid 106019
208 tid 106019
Insert  tid 106019
FindTargetPageId rootid 1 tid 106021
209 tid 106021
Insert  tid 106021
FindTargetPageId rootid 1 tid 106020
209 tid 106020
Remove  tid 106020
FindTargetPageId rootid 1 tid 106019
209 tid 106019
Insert  tid 106019
FindTargetPageId rootid 1 tid 106021
210 tid 106021
Insert  tid 106021
FindTargetPageId rootid 1 tid 106020
210 tid 106020
Remove  tid 106020
FindTargetPageId rootid 1 tid 106019
210 tid 106019
Insert  tid 106019
FindTargetPageId rootid 1 tid 106021
211 tid 106021
Insert  tid 106021
FindTargetPageId rootid 1 tid 106020
211 tid 106020
Remove  tid 106020
FindTargetPageId rootid 1 tid 106019
211 tid 106019
Insert  tid 106019
FindTargetPageId rootid 1 tid 106021
212 tid 106021
Insert  tid 106021
FindTargetPageId rootid 1 tid 106020
212 tid 106020
Remove  tid 106020
FindTargetPageId rootid 1 tid 106019
212 tid 106019
Insert  tid 106019
FindTargetPageId rootid 1 tid 106021
213 tid 106021
Insert  tid 106021
FindTargetPageId rootid 1 tid 106020
213 tid 106020
Remove  tid 106020
FindTargetPageId rootid 1 tid 106019
213 tid 106019
Insert  tid 106019
FindTargetPageId rootid 1 tid 106021
214 tid 106021
Insert  tid 106021
FindTargetPageId rootid 1 tid 106020
214 tid 106020
Remove  tid 106020
FindTargetPageId rootid 1 tid 106019
214 tid 106019
Insert  tid 106019
FindTargetPageId rootid 1 tid 106021
215 tid 106021
Insert  tid 106021
FindTargetPageId rootid 1 tid 106020
215 tid 106020
Remove  tid 106020
FindTargetPageId rootid 1 tid 106019
215 tid 106019
Insert  tid 106019
FindTargetPageId rootid 1 tid 106021
216 tid 106021
Insert  tid 106021
FindTargetPageId rootid 1 tid 106021
216 tid 106021
Insert  tid 106021
FindTargetPageId rootid 1 tid 106021
217 tid 106021
Insert  tid 106021
FindTargetPageId rootid 1 tid 106021
218 tid 106021
Insert  tid 106021
FindTargetPageId rootid 1 tid 106021
219 tid 106021
Insert  tid 106021
FindTargetPageId rootid 1 tid 106021
220 tid 106021
Insert  tid 106021
FindTargetPageId rootid 1 tid 106020
221 tid 106020
Remove  tid 106020
FindTargetPageId rootid 1 tid 106020
220 tid 106020
Remove  tid 106020
FindTargetPageId rootid 1 tid 106020
219 tid 106020
Remove  tid 106020
FindTargetPageId rootid 1 tid 106020
218 tid 106020
Remove  tid 106020
FindTargetPageId rootid 1 tid 106019
217 tid 106019
Insert  tid 106019
FindTargetPageId rootid 1 tid 106019
218 tid 106019
Insert  tid 106019
FindTargetPageId rootid 1 tid 106019
219 tid 106019
Insert  tid 106019
FindTargetPageId rootid 1 tid 106020
220 tid 106020
Remove  tid 106020
FindTargetPageId rootid 1 tid 106021
219 tid 106021
Insert  tid 106021
FindTargetPageId rootid 1 tid 106021
220 tid 106021
Insert  tid 106021
FindTargetPageId rootid 1 tid 106019
221 tid 106019
Insert  tid 106019
FindTargetPageId rootid 1 tid 106020
222 tid 106020
Remove  tid 106020
FindTargetPageId rootid 1 tid 106021
221 tid 106021
Insert  tid 106021
FindTargetPageId rootid 1 tid 106019
222 tid 106019
Insert  tid 106019
FindTargetPageId rootid 1 tid 106020
223 tid 106020
Remove  tid 106020
FindTargetPageId rootid 1 tid 106021
222 tid 106021
Insert  tid 106021
FindTargetPageId rootid 1 tid 106019
223 tid 106019
Insert  tid 106019
FindTargetPageId rootid 1 tid 106020
224 tid 106020
Remove  tid 106020
FindTargetPageId rootid 1 tid 106021
223 tid 106021
Insert  tid 106021
FindTargetPageId rootid 1 tid 106019
224 tid 106019
Insert  tid 106019
FindTargetPageId rootid 1 tid 106020
225 tid 106020
Remove  tid 106020
FindTargetPageId rootid 1 tid 106021
224 tid 106021
Insert  tid 106021
FindTargetPageId rootid 1 tid 106019
225 tid 106019
Insert  tid 106019
FindTargetPageId rootid 1 tid 106020
226 tid 106020
Remove  tid 106020
FindTargetPageId rootid 1 tid 106021
225 tid 106021
Insert  tid 106021
FindTargetPageId rootid 1 tid 106019
226 tid 106019
Insert  tid 106019
FindTargetPageId rootid 1 tid 106020
227 tid 106020
Remove  tid 106020
FindTargetPageId rootid 1 tid 106021
226 tid 106021
Insert  tid 106021
FindTargetPageId rootid 1 tid 106019
227 tid 106019
Insert  tid 106019
FindTargetPageId rootid 1 tid 106020
228 tid 106020
Remove  tid 106020
FindTargetPageId rootid 1 tid 106021
227 tid 106021
Insert  tid 106021
FindTargetPageId rootid 1 tid 106019
228 tid 106019
Insert  tid 106019
FindTargetPageId rootid 1 tid 106020
229 tid 106020
Remove  tid 106020
FindTargetPageId rootid 1 tid 106021
228 tid 106021
Insert  tid 106021
FindTargetPageId rootid 1 tid 106019
229 tid 106019
Insert  tid 106019
FindTargetPageId rootid 1 tid 106020
230 tid 106020
Remove  tid 106020
FindTargetPageId rootid 1 tid 106021
229 tid 106021
Insert  tid 106021
FindTargetPageId rootid 1 tid 106019
230 tid 106019
Insert  tid 106019
FindTargetPageId rootid 1 tid 106020
231 tid 106020
Remove  tid 106020
FindTargetPageId rootid 1 tid 106021
230 tid 106021
Insert  tid 106021
FindTargetPageId rootid 1 tid 106019
231 tid 106019
Insert  tid 106019
FindTargetPageId rootid 1 tid 106020
232 tid 106020
Remove  tid 106020
FindTargetPageId rootid 1 tid 106021
231 tid 106021
Insert  tid 106021
FindTargetPageId rootid 1 tid 106019
232 tid 106019
Insert  tid 106019
FindTargetPageId rootid 1 tid 106020
233 tid 106020
Remove  tid 106020
FindTargetPageId rootid 1 tid 106021
232 tid 106021
Insert  tid 106021
FindTargetPageId rootid 1 tid 106019
233 tid 106019
Insert  tid 106019
FindTargetPageId rootid 1 tid 106020
234 tid 106020
Remove  tid 106020
FindTargetPageId rootid 1 tid 106021
233 tid 106021
Insert  tid 106021
FindTargetPageId rootid 1 tid 106019
234 tid 106019
Insert  tid 106019
FindTargetPageId rootid 1 tid 106020
235 tid 106020
Remove  tid 106020
FindTargetPageId rootid 1 tid 106021
234 tid 106021
Insert  tid 106021
FindTargetPageId rootid 1 tid 106019
235 tid 106019
Insert  tid 106019
FindTargetPageId rootid 1 tid 106020
236 tid 106020
Remove  tid 106020
FindTargetPageId rootid 1 tid 106021
235 tid 106021
Insert  tid 106021
FindTargetPageId rootid 1 tid 106019
236 tid 106019
Insert  tid 106019
FindTargetPageId rootid 1 tid 106020
237 tid 106020
Remove  tid 106020
FindTargetPageId rootid 1 tid 106021
236 tid 106021
FindTargetPageId rootid 1 tid 106019
237 tid 106019
Insert  tid 106021
Insert  tid 106019
FindTargetPageId rootid 1 tid 106020
238 tid 106020
Remove  tid 106020
FindTargetPageId rootid 1 tid 106021
237 tid 106021
Insert  tid 106021
FindTargetPageId rootid 1 tid 106019
238 tid 106019
Insert  tid 106019
FindTargetPageId rootid 1 tid 106020
239 tid 106020
FindTargetPageId rootid 1 tid 106021
238 tid 106021
Remove  tid 106020
FindTargetPageId rootid 1 tid 106020
239 tid 106020
Insert  tid 106021
FindTargetPageId rootid 1 tid 106021
238 tid 106021
Remove  tid 106020
Insert  tid 106021
FindTargetPageId rootid 1 tid 106019
239 tid 106019
Insert  tid 106019
FindTargetPageId rootid 1 tid 106020
240 tid 106020
Remove  tid 106020
FindTargetPageId rootid 1 tid 106021
239 tid 106021
Insert  tid 106021
FindTargetPageId rootid 1 tid 106019
240 tid 106019
Insert  tid 106019
FindTargetPageId rootid 1 tid 106020
241 tid 106020
Remove  tid 106020
FindTargetPageId rootid 1 tid 106021
240 tid 106021
Insert  tid 106021
FindTargetPageId rootid 1 tid 106021
241 tid 106021
FindTargetPageId rootid 1 tid 106019
242 tid 106019
Insert Insert  tid  tid 106021
106019
FindTargetPageId rootid 1 tid 106020
243 tid 106020
Remove  tid 106020
FindTargetPageId rootid 1 tid 106021
242 tid 106021
Insert  tid 106021
FindTargetPageId rootid 1 tid 106019
243 tid 106019
Insert  tid 106019
FindTargetPageId rootid 1 tid 106020
244 tid 106020
Remove  tid 106020
FindTargetPageId rootid 1 tid 106020
243 tid 106020
Remove  tid 106020
FindTargetPageId rootid 1 tid 106020
242 tid 106020
Remove  tid 106020
FindTargetPageId rootid 1 tid 106020
241 tid 106020
Remove  tid 106020
FindTargetPageId rootid 1 tid 106020
241 tid 106020
Remove  tid 106020
FindTargetPageId rootid 1 tid 106020
241 tid 106020
Remove  tid 106020
FindTargetPageId rootid 1 tid 106019
241 tid 106019
Insert  tid 106019
FindTargetPageId rootid 1 tid 106021
242 tid 106021
Insert  tid 106021
FindTargetPageId rootid 1 tid 106020
243 tid 106020
Remove  tid 106020
FindTargetPageId rootid 1 tid 106019
243 tid 106019
Insert  tid 106019
FindTargetPageId rootid 1 tid 106019
244 tid 106019
Insert  tid 106019
FindTargetPageId rootid 1 tid 106020
245 tid 106020
Remove  tid 106020
FindTargetPageId rootid 1 tid 106021
245 tid 106021
Insert  tid 106021
FindTargetPageId rootid 1 tid 106019
246 tid 106019
Insert  tid 106019
FindTargetPageId rootid 1 tid 106020
247 tid 106020
Remove  tid 106020
FindTargetPageId rootid 1 tid 106021
247 tid 106021
Insert  tid 106021
FindTargetPageId rootid 1 tid 106019
248 tid 106019
Insert  tid 106019
FindTargetPageId rootid 1 tid 106020
249 tid 106020
Remove  tid 106020
FindTargetPageId rootid 1 tid 106021
249 tid 106021
Insert  tid 106021
FindTargetPageId rootid 1 tid 106019
250 tid 106019
Insert  tid 106019
FindTargetPageId rootid 1 tid 106020
250 tid 106020
Remove  tid 106020
FindTargetPageId rootid 1 tid 106021
250 tid 106021
Insert  tid 106021
FindTargetPageId rootid 1 tid 106019
251 tid 106019
Insert  tid 106019
FindTargetPageId rootid 1 tid 106020
251 tid 106020
Remove  tid 106020
FindTargetPageId rootid 1 tid 106021
251 tid 106021
FindTargetPageId rootid 1 tid 106019
252 tid 106019
Insert  tid 106021
Insert  tid 106019
FindTargetPageId rootid 1 tid 106020
252 tid 106020
Remove  tid 106020
FindTargetPageId rootid 1 tid 106021
252 tid 106021
Insert  tid 106021
FindTargetPageId rootid 1 tid 106019
253 tid 106019
Insert  tid 106019
FindTargetPageId rootid 1 tid 106020
253 tid 106020
Remove  tid 106020
FindTargetPageId rootid 1 tid 106021
253 tid 106021
Insert  tid 106021
FindTargetPageId rootid 1 tid 106019
254 tid 106019
Insert  tid 106019
FindTargetPageId rootid 1 tid 106020
254 tid 106020
Remove  tid FindTargetPageId rootid 1060201 tid 
106021
254 tid 106021
Insert  tid 106021
FindTargetPageId rootid 3 tid 106019
target_page_id id: 1 tid 106019
0 1 tid 106019
365 2 tid 106019
127 tid 106019
Insert  tid 106019
FindTargetPageId rootid 3 tid 106020
target_page_id id: 1 tid 106020
0 1 tid 106020
365 2 tid 106020
127 tid 106020
Remove  tid 106020
FindTargetPageId rootid 3 tid 106021
target_page_id id: 1 tid 106021
0 1 tid 106021
365 2 tid 106021
127 tid 106021
Insert  tid 106021
FindTargetPageId rootid 3 tid 106019
target_page_id id: 1 tid 106019
0 1 tid 106019
365 2 tid 106019
128 tid 106019
Insert  tid 106019
FindTargetPageId rootid 3 tid 106020
target_page_id id: 1 tid 106020
0 1 tid 106020
365 2 tid 106020
128 tid 106020
Remove  tid 106020
FindTargetPageId rootid 3 tid 106021
target_page_id id: 1 tid 106021
0 1 tid 106021
365 2 tid 106021
128 tid 106021
Insert  tid 106021
FindTargetPageId rootid 3 tid 106021
target_page_id id: 1 tid 106021
0 1 tid 106021
365 2 tid 106021
129 tid 106021
Insert  tid 106021
FindTargetPageId rootid 3 tid 106021
target_page_id id: 1 tid 106021
0 1 tid 106021
365 2 tid 106021
130 tid 106021
Insert  tid 106021
FindTargetPageId rootid 3 tid 106019
target_page_id id: 1 tid 106019
0 1 tid 106019
365 2 tid 106019
131 tid 106019
Insert  tid 106019
FindTargetPageId rootid 3 tid 106020
target_page_id id: 1 tid 106020
0 1 tid 106020
365 2 tid 106020
131 tid 106020
Remove  tid 106020
FindTargetPageId rootid 3 tid 106021
target_page_id id: 1 tid 106021
0 1 tid 106021
365 2 tid 106021
131 tid 106021
Insert  tid 106021
FindTargetPageId rootid 3 tid 106019
target_page_id id: 1 tid 106019
0 1 tid 106019
365 2 tid 106019
132 tid 106019
Insert  tid 106019
FindTargetPageId rootid 3 tid 106020
target_page_id id: 1 tid 106020
0 1 tid 106020
365 2 tid 106020
132 tid 106020
Remove  tid 106020
FindTargetPageId rootid 3 tid 106021
target_page_id id: 1 tid 106021
0 1 tid 106021
365 2 tid 106021
132 tid 106021
Insert  tid 106021
FindTargetPageId rootid 3 tid 106019
target_page_id id: 1 tid 106019
0 1 tid 106019
365 2 tid 106019
133 tid 106019
Insert  tid 106019
FindTargetPageId rootid 3 tid 106020
target_page_id id: 1 tid 106020
0 1 tid 106020
365 2 tid 106020
133 tid 106020
Remove  tid 106020
FindTargetPageId rootid 3 tid 106021
target_page_id id: 1 tid 106021
0 1 tid 106021
365 2 tid 106021
133 tid 106021
Insert  tid 106021
FindTargetPageId rootid 3 tid 106019
target_page_id id: 1 tid 106019
0 1 tid 106019
365 2 tid 106019
134 tid 106019
Insert  tid 106019
FindTargetPageId rootid 3 tid 106020
target_page_id id: 1 tid 106020
0 1 tid 106020
365 2 tid 106020
134 tid 106020
Remove  tid 106020
FindTargetPageId rootid 3 tid 106021
target_page_id id: 1 tid 106021
0 1 tid 106021
365 2 tid 106021
134 tid 106021
Insert  tid 106021
FindTargetPageId rootid 3 tid 106019
target_page_id id: 1 tid 106019
0 1 tid 106019
365 2 tid 106019
135 tid 106019
Insert  tid 106019
FindTargetPageId rootid 3 tid 106020
target_page_id id: 1 tid 106020
0 1 tid 106020
365 2 tid 106020
135 tid 106020
Remove  tid 106020
FindTargetPageId rootid 3 tid 106021
target_page_id id: 1 tid 106021
0 1 tid 106021
365 2 tid 106021
135 tid 106021
Insert  tid 106021
FindTargetPageId rootid 3 tid 106019
target_page_id id: 1 tid 106019
0 1 tid 106019
365 2 tid 106019
136 tid 106019
Insert  tid 106019
FindTargetPageId rootid 3 tid 106020
target_page_id id: 1 tid 106020
0 1 tid 106020
365 2 tid 106020
136 tid 106020
Remove  tid 106020
FindTargetPageId rootid 3 tid 106020
target_page_id id: 1 tid 106020
0 1 tid 106020
365 2 tid 106020
136 tid 106020
Remove  tid 106020
FindTargetPageId rootid 3 tid 106020
target_page_id id: 1 tid 106020
0 1 tid 106020
365 2 tid 106020
136 tid 106020
Remove  tid 106020
FindTargetPageId rootid 3 tid 106021
target_page_id id: 1 tid 106021
0 1 tid 106021
365 2 tid 106021
136 tid 106021
Insert  tid 106021
FindTargetPageId rootid 3 tid 106019
target_page_id id: 1 tid 106019
0 1 tid 106019
365 2 tid 106019
137 tid 106019
Insert  tid 106019
FindTargetPageId rootid 3 tid 106020
target_page_id id: 1 tid 106020
0 1 tid 106020
365 2 tid 106020
137 tid 106020
Remove  tid 106020
FindTargetPageId rootid 3 tid 106021
target_page_id id: 1 tid 106021
0 1 tid 106021
365 2 tid 106021
137 tid 106021
Insert  tid 106021
FindTargetPageId rootid 3 tid 106021
target_page_id id: 1 tid 106021
0 1 tid 106021
365 2 tid 106021
138 tid 106021
Insert  tid 106021
FindTargetPageId rootid 3 tid 106021
target_page_id id: 1 tid 106021
0 1 tid 106021
365 2 tid 106021
139 tid 106021
FindTargetPageId rootid 3 tid 106019
target_page_id id: 1 tid 106019
0 1 tid 106019
365 2 tid 106019
Insert  tid 106021
140 tid 106019
Insert  tid 106019
FindTargetPageId rootid 3 tid 106020
target_page_id id: 1 tid 106020
0 1 tid 106020
365 2 tid 106020
140 tid 106020
Remove  tid 106020
FindTargetPageId rootid 3 tid 106021
target_page_id id: 1 tid 106021
0 1 tid 106021
365 2 tid 106021
140 tid 106021
Insert  tid 106021
FindTargetPageId rootid 3 tid 106019
target_page_id id: 1 tid 106019
0 1 tid 106019
365 2 tid 106019
141 tid 106019
Insert  tid 106019
FindTargetPageId rootid 3 tid 106020
target_page_id id: 1 tid 106020
0 1 tid 106020
365 2 tid 106020
141 tid 106020
Remove  tid 106020
FindTargetPageId rootid 3 tid 106021
target_page_id id: 1 tid 106021
0 1 tid 106021
365 2 tid 106021
141 tid 106021
Insert  tid 106021
FindTargetPageId rootid 3 tid 106019
target_page_id id: 1 tid 106019
0 1 tid 106019
365 2 tid 106019
142 tid 106019
Insert  tid 106019
FindTargetPageId rootid 3 tid 106020
target_page_id id: 1 tid 106020
0 1 tid 106020
365 2 tid 106020
142 tid 106020
Remove  tid 106020
FindTargetPageId rootid 3 tid 106021
target_page_id id: 1 tid 106021
0 1 tid 106021
365 2 tid 106021
142 tid 106021
Insert  tid 106021
FindTargetPageId rootid 3 tid 106019
target_page_id id: 1 tid 106019
0 1 tid 106019
365 2 tid 106019
143 tid 106019
Insert  tid 106019
FindTargetPageId rootid 3 tid 106020
target_page_id id: 1 tid 106020
0 1 tid 106020
365 2 tid 106020
143 tid 106020
Remove  tid 106020
FindTargetPageId rootid 3 tid 106021
target_page_id id: 1 tid 106021
0 1 tid 106021
365 2 tid 106021
143 tid 106021
Insert  tid 106021
FindTargetPageId rootid 3 tid 106019
target_page_id id: 1 tid 106019
0 1 tid 106019
365 2 tid 106019
144 tid 106019
Insert  tid 106019
FindTargetPageId rootid 3 tid 106019
target_page_id id: 1 tid 106019
0 1 tid 106019
365 2 tid 106019
144 tid 106019
Insert  tid 106019
FindTargetPageId rootid 3 tid 106021
target_page_id id: 1 tid 106021
0 1 tid 106021
365 2 tid 106021
144 tid 106021
Insert  tid 106021
FindTargetPageId rootid 3 tid 106021
target_page_id id: 1 tid 106021
0 1 tid 106021
365 2 tid 106021
145 tid 106021
Insert  tid 106021
FindTargetPageId rootid 3 tid 106021
target_page_id id: 1 tid 106021
0 1 tid 106021
365 2 tid 106021
146 tid 106021
Insert  tid 106021
FindTargetPageId rootid 3 tid 106020
target_page_id id: 1 tid 106020
0 1 tid 106020
365 2 tid 106020
147 tid 106020
Remove  tid 106020
FindTargetPageId rootid 3 tid 106019
target_page_id id: 1 tid 106019
0 1 tid 106019
365 2 tid 106019
146 tid 106019
Insert  tid 106019
FindTargetPageId rootid 3 tid 106021
target_page_id id: 1 tid 106021
0 1 tid 106021
365 2 tid 106021
146 tid 106021
Insert  tid 106021
FindTargetPageId rootid 3 tid 106020
target_page_id id: 1 tid 106020
0 1 tid 106020
365 2 tid 106020
147 tid 106020
Remove  tid 106020
FindTargetPageId rootid 3 tid 106019
target_page_id id: 1 tid 106019
0 1 tid 106019
365 2 tid 106019
146 tid 106019
Insert  tid 106019
FindTargetPageId rootid 3 tid 106021
target_page_id id: 1 tid 106021
0 1 tid 106021
365 2 tid 106021
146 tid 106021
Insert  tid 106021
FindTargetPageId rootid 3 tid 106020
target_page_id id: 1 tid 106020
0 1 tid 106020
365 2 tid 106020
147 tid 106020
Remove  tid 106020
FindTargetPageId rootid 3 tid 106019
target_page_id id: 1 tid 106019
0 1 tid 106019
365 2 tid 106019
146 tid 106019
Insert  tid 106019
FindTargetPageId rootid 3 tid 106019
target_page_id id: 1 tid 106019
0 1 tid 106019
365 2 tid 106019
146 tid 106019
Insert  tid 106019
FindTargetPageId rootid 3 tid 106019
target_page_id id: 1 tid 106019
0 1 tid 106019
365 2 tid 106019
146 tid 106019
Insert  tid 106019
FindTargetPageId rootid 3 tid 106021
target_page_id id: 1 tid 106021
0 1 tid 106021
365 2 tid 106021
146 tid 106021
Insert  tid 106021
FindTargetPageId rootid 3 tid 106020
target_page_id id: 1 tid 106020
0 1 tid 106020
365 2 tid 106020
147 tid 106020
Remove  tid 106020
FindTargetPageId rootid 3 tid 106019
target_page_id id: 1 tid 106019
0 1 tid 106019
365 2 tid 106019
146 tid 106019
Insert  tid 106019
FindTargetPageId rootid 3 tid 106019
target_page_id id: 1 tid 106019
0 1 tid 106019
365 2 tid 106019
146 tid 106019
FindTargetPageId rootid Insert 3 tid  tid 106020
106019target_page_id id: 1 tid 106020
0 1 tid 106020
365 2 tid 106020

146 tid 106020
Remove  tid 106020
FindTargetPageId rootid 3 tid 106021
target_page_id id: 1 tid 106021
0 1 tid 106021
365 2 tid 106021
145 tid 106021
Insert  tid 106021
FindTargetPageId rootid 3 tid 106021
target_page_id id: 1 tid 106021
0 1 tid 106021
365 2 tid 106021
146 tid 106021
Insert  tid 106021
FindTargetPageId rootid 3 tid 106020
target_page_id id: 1 tid 106020
0 1 tid 106020
365 2 tid 106020
147 tid 106020
Remove  tid 106020
FindTargetPageId rootid 3 tid 106019
target_page_id id: 1 tid 106019
0 1 tid 106019
365 2 tid 106019
146 tid 106019
Insert  tid 106019
FindTargetPageId rootid 3 tid 106021
target_page_id id: 1 tid 106021
0 1 tid 106021
365 2 tid 106021
147 tid 106021
Insert  tid 106021
FindTargetPageId rootid 3 tid 106020
target_page_id id: 1 tid 106020
0 1 tid 106020
365 2 tid 106020
148 tid 106020
Remove  tid 106020
FindTargetPageId rootid 3 tid 106019
target_page_id id: 1 tid 106019
0 1 tid 106019
365 2 tid 106019
147 tid 106019
Insert  tid 106019
FindTargetPageId rootid 3 tid 106021
target_page_id id: 1 tid 106021
0 1 tid 106021
365 2 tid 106021
148 tid 106021
Insert  tid 106021
FindTargetPageId rootid 3 tid 106020
target_page_id id: 1 tid 106020
0 1 tid 106020
365 2 tid 106020
149 tid 106020
Remove  tid 106020
FindTargetPageId rootid 3 tid 106019
target_page_id id: 1 tid 106019
0 1 tid 106019
365 2 tid 106019
148 tid 106019
Insert  tid 106019
FindTargetPageId rootid 3 tid 106021
target_page_id id: 1 tid 106021
0 1 tid 106021
365 2 tid 106021
149 tid 106021
Insert  tid 106021
FindTargetPageId rootid 3 tid 106021
target_page_id id: 1 tid 106021
0 1 tid 106021
365 2 tid 106021
150 tid 106021
Insert  tid 106021
FindTargetPageId rootid 3 tid 106021
target_page_id id: 1 tid 106021
0 1 tid 106021
365 2 tid 106021
151 tid 106021
Insert  tid 106021
FindTargetPageId rootid 3 tid 106019
target_page_id id: 1 tid 106019
0 1 tid 106019
365 2 tid 106019
152 tid 106019
Insert  tid 106019
FindTargetPageId rootid 3 tid 106020
target_page_id id: 1 tid 106020
0 1 tid 106020
365 2 tid 106020
153 tid 106020
Remove  tid 106020
FindTargetPageId rootid 3 tid 106021
target_page_id id: 1 tid 106021
0 1 tid 106021
365 2 tid 106021
152 tid 106021
Insert  tid 106021
FindTargetPageId rootid 3 tid 106019
target_page_id id: 1 tid 106019
0 1 tid 106019
365 2 tid 106019
153 tid 106019
Insert  tid 106019
FindTargetPageId rootid 3 tid 106020
target_page_id id: 1 tid 106020
0 1 tid 106020
365 2 tid 106020
154 tid 106020
Remove  tid 106020
FindTargetPageId rootid 3 tid 106021
target_page_id id: 1 tid 106021
0 1 tid 106021
365 2 tid 106021
153 tid 106021
Insert  tid 106021
FindTargetPageId rootid 3 tid 106021
target_page_id id: 1 tid 106021
0 1 tid 106021
365 2 tid 106021
154 tid 106021
Insert  tid 106021
FindTargetPageId rootid 3 tid 106021
target_page_id id: 1 tid 106021
0 1 tid 106021
365 2 tid 106021
155 tid 106021
Insert  tid 106021
FindTargetPageId rootid 3 tid 106021
target_page_id id: 1 tid 106021
0 1 tid 106021
365 2 tid 106021
156 tid 106021
Insert  tid 106021
FindTargetPageId rootid 3 tid 106019
target_page_id id: 1 tid 106019
0 1 tid 106019
365 2 tid 106019
157 tid 106019
Insert  tid 106019
FindTargetPageId rootid 3 tid 106020
target_page_id id: 1 tid 106020
0 1 tid 106020
365 2 tid 106020
158 tid 106020
Remove  tid 106020
FindTargetPageId rootid 3 tid 106021
target_page_id id: 1 tid 106021
0 1 tid 106021
365 2 tid 106021
157 tid 106021
Insert  tid 106021
FindTargetPageId rootid 3 tid 106019
target_page_id id: 1 tid 106019
0 1 tid 106019
365 2 tid 106019
158 tid 106019
Insert  tid 106019
FindTargetPageId rootid 3 tid 106020
target_page_id id: 1 tid 106020
0 1 tid 106020
365 2 tid 106020
159 tid 106020
Remove  tid 106020
FindTargetPageId rootid 3 tid 106021
target_page_id id: 1 tid 106021
0 1 tid 106021
365 2 tid 106021
158 tid 106021
Insert  tid 106021
FindTargetPageId rootid 3 tid 106019
target_page_id id: 1 tid 106019
0 1 tid 106019
365 2 tid 106019
159 tid 106019
Insert  tid 106019
FindTargetPageId rootid 3 tid 106020
target_page_id id: 1 tid 106020
0 1 tid 106020
365 2 tid 106020
160 tid 106020
Remove  tid 106020
FindTargetPageId rootid 3 tid 106021
target_page_id id: 1 tid 106021
0 1 tid 106021
365 2 tid 106021
159 tid 106021
Insert  tid 106021
FindTargetPageId rootid 3 tid 106019
target_page_id id: 1 tid 106019
0 1 tid 106019
365 2 tid 106019
160 tid 106019
Insert  tid 106019
FindTargetPageId rootid 3 tid 106020
target_page_id id: 1 tid 106020
0 1 tid 106020
365 2 tid 106020
161 tid 106020
Remove  tid 106020
FindTargetPageId rootid 3 tid 106021
target_page_id id: 1 tid 106021
0 1 tid 106021
365 2 tid 106021
160 tid 106021
Insert  tid 106021
FindTargetPageId rootid 3 tid 106019
target_page_id id: 1 tid 106019
0 1 tid 106019
365 2 tid 106019
161 tid 106019
Insert  tid 106019
FindTargetPageId rootid 3 tid 106019
target_page_id id: 1 tid 106019
0 1 tid 106019
365 2 tid 106019
162 tid 106019
Insert  tid 106019
FindTargetPageId rootid 3 tid 106021
target_page_id id: 1 tid 106021
0 1 tid 106021
365 2 tid 106021
163 tid 106021
Insert  tid 106021
FindTargetPageId rootid 3 tid 106020
target_page_id id: 1 tid 106020
0 1 tid 106020
365 2 tid 106020
164 tid 106020
Remove  tid 106020
FindTargetPageId rootid 3 tid 106020
target_page_id id: 1 tid 106020
0 1 tid 106020
365 2 tid 106020
163 tid 106020
Remove  tid 106020
FindTargetPageId rootid 3 tid 106020
target_page_id id: 1 tid 106020
0 1 tid 106020
365 2 tid 106020
162 tid 106020
Remove  tid 106020
FindTargetPageId rootid 3 tid 106019
target_page_id id: 1 tid 106019
0 1 tid 106019
365 2 tid 106019
161 tid 106019
Insert  tid 106019
FindTargetPageId rootid 3 tid 106021
target_page_id id: 1 tid 106021
0 1 tid 106021
365 2 tid 106021
162 tid 106021
Insert  tid 106021
FindTargetPageId rootid 3 tid 106020
target_page_id id: 1 tid 106020
0 1 tid 106020
365 2 tid 106020
163 tid 106020
Remove  tid 106020
FindTargetPageId rootid 3 tid 106019
target_page_id id: 1 tid 106019
0 1 tid 106019
365 2 tid 106019
162 tid 106019
Insert  tid 106019
FindTargetPageId rootid 3 tid 106021
target_page_id id: 1 tid 106021
0 1 tid 106021
365 2 tid 106021
163 tid 106021
Insert  tid 106021
FindTargetPageId rootid 3 tid 106020
target_page_id id: 1 tid 106020
0 1 tid 106020
365 2 tid 106020
164 tid 106020
Remove  tid 106020
FindTargetPageId rootid 3 tid 106019
target_page_id id: 1 tid 106019
0 1 tid 106019
365 2 tid 106019
163 tid 106019
Insert  tid 106019
FindTargetPageId rootid 3 tid 106021
target_page_id id: 1 tid 106021
0 1 tid 106021
365 2 tid 106021
164 tid 106021
Insert  tid 106021
FindTargetPageId rootid 3 tid 106020
target_page_id id: 1 tid 106020
0 1 tid 106020
365 2 tid 106020
165 tid 106020
Remove  tid 106020
FindTargetPageId rootid 3 tid 106019
target_page_id id: 1 tid 106019
0 1 tid 106019
365 2 tid 106019
164 tid 106019
Insert  tid 106019
FindTargetPageId rootid 3 tid 106019
target_page_id id: 1 tid 106019
0 1 tid 106019
365 2 tid 106019
165 tid 106019
Insert  tid 106019
FindTargetPageId rootid 3 tid 106020
target_page_id id: 1 tid 106020
0 1 tid 106020
365 2 tid 106020
166 tid 106020
Remove  tid 106020
FindTargetPageId rootid 3 tid 106021
target_page_id id: 1 tid 106021
0 1 tid 106021
365 2 tid 106021
165 tid 106021
Insert  tid 106021
FindTargetPageId rootid 3 tid 106019
target_page_id id: 1 tid 106019
0 1 tid 106019
365 2 tid 106019
166 tid 106019
FindTargetPageId rootid 3 tid 106020
target_page_id id: 1 tid 106020
0 1 tid 106020
365 2 tid 106020
167 tid 106020
Insert  tid 106019
Remove  tid 106020
FindTargetPageId rootid 3 tid 106019
target_page_id id: 1 tid 106019
0 1 tid 106019
365 2 tid 106019
166 tid 106019
Insert  tid 106019
FindTargetPageId rootid 3 tid 106021
target_page_id id: 1 tid 106021
0 1 tid 106021
365 2 tid 106021
167 tid 106021
Insert  tid 106021
FindTargetPageId rootid 3 tid 106020
target_page_id id: 1 tid 106020
0 1 tid 106020
365 2 tid 106020
168 tid 106020
Remove  tid 106020
FindTargetPageId rootid 3 tid 106019
target_page_id id: 1 tid 106019
0 1 tid 106019
365 2 tid 106019
167 tid 106019
Insert  tid 106019
FindTargetPageId rootid 3 tid 106021
target_page_id id: 1 tid 106021
0 1 tid 106021
365 2 tid 106021
168 tid 106021
Insert  tid 106021
FindTargetPageId rootid 3 tid 106020
target_page_id id: 1 tid 106020
0 1 tid 106020
365 2 tid 106020
169 tid 106020
Remove  tid 106020
FindTargetPageId rootid 3 tid 106020
target_page_id id: 1 tid 106020
0 1 tid 106020
365 2 tid 106020
168 tid 106020
Remove  tid 106020
FindTargetPageId rootid 3 tid 106021
target_page_id id: 1 tid 106021
0 1 tid 106021
365 2 tid 106021
167 tid 106021
Insert  tid 106021
FindTargetPageId rootid 3 tid 106019
target_page_id id: 1 tid 106019
0 1 tid 106019
365 2 tid 106019
168 tid 106019
Insert  tid 106019
FindTargetPageId rootid 3 tid 106020
target_page_id id: 1 tid 106020
0 1 tid 106020
365 2 tid 106020
169 tid 106020
Remove  tid 106020
FindTargetPageId rootid 3 tid 106021
target_page_id id: 1 tid 106021
0 1 tid 106021
365 2 tid 106021
168 tid 106021
Insert  tid 106021
FindTargetPageId rootid 3 tid 106019
target_page_id id: 1 tid 106019
0 1 tid 106019
365 2 tid 106019
169 tid 106019
Insert  tid 106019
FindTargetPageId rootid 3 tid 106020
target_page_id id: 1 tid 106020
0 1 tid 106020
365 2 tid 106020
170 tid 106020
Remove  tid 106020
FindTargetPageId rootid 3 tid 106021
target_page_id id: 1 tid 106021
0 1 tid 106021
365 2 tid 106021
169 tid 106021
Insert  tid 106021
FindTargetPageId rootid 3 tid 106019
target_page_id id: 1 tid 106019
0 1 tid 106019
365 2 tid 106019
170 tid 106019
Insert  tid 106019
FindTargetPageId rootid 3 tid 106020
target_page_id id: 1 tid 106020
0 1 tid 106020
365 2 tid 106020
171 tid 106020
Remove  tid 106020
FindTargetPageId rootid 3 tid 106021
target_page_id id: 1 tid 106021
0 1 tid 106021
365 2 tid 106021
170 tid 106021
Insert  tid 106021
FindTargetPageId rootid 3 tid 106019
target_page_id id: 1 tid 106019
0 1 tid 106019
365 2 tid 106019
171 tid 106019
Insert  tid 106019
FindTargetPageId rootid 3 tid 106020
target_page_id id: 1 tid 106020
0 1 tid 106020
365 2 tid 106020
172 tid 106020
Remove  tid 106020
FindTargetPageId rootid 3 tid 106021
target_page_id id: 1 tid 106021
0 1 tid 106021
365 2 tid 106021
171 tid 106021
Insert  tid 106021
FindTargetPageId rootid 3 tid 106019
target_page_id id: 1 tid 106019
0 1 tid 106019
365 2 tid 106019
172 tid 106019
Insert  tid 106019
FindTargetPageId rootid 3 tid 106020
target_page_id id: 1 tid 106020
0 1 tid 106020
365 2 tid 106020
173 tid 106020
Remove  tid 106020
FindTargetPageId rootid 3 tid 106021
target_page_id id: 1 tid 106021
0 1 tid 106021
365 2 tid 106021
172 tid 106021
Insert  tid 106021
FindTargetPageId rootid 3 tid 106019
target_page_id id: 1 tid 106019
0 1 tid 106019
365 2 tid 106019
173 tid 106019
Insert  tid 106019
FindTargetPageId rootid 3 tid 106020
target_page_id id: 1 tid 106020
0 1 tid 106020
365 2 tid 106020
174 tid 106020
Remove  tid 106020
FindTargetPageId rootid 3 tid 106021
target_page_id id: 1 tid 106021
0 1 tid 106021
365 2 tid 106021
173 tid 106021
Insert  tid 106021
FindTargetPageId rootid 3 tid 106021
target_page_id id: 1 tid 106021
0 1 tid 106021
365 2 tid 106021
174 tid 106021
Insert  tid 106021
FindTargetPageId rootid 3 tid 106020
target_page_id id: 1 tid 106020
0 1 tid 106020
365 2 tid 106020
175 tid 106020
Remove  tid 106020
FindTargetPageId rootid 3 tid 106019
target_page_id id: 1 tid 106019
0 1 tid 106019
365 2 tid 106019
174 tid 106019
Insert  tid 106019
FindTargetPageId rootid 3 tid 106021
target_page_id id: 1 tid 106021
0 1 tid 106021
365 2 tid 106021
175 tid 106021
Insert  tid 106021
FindTargetPageId rootid 3 tid 106020
target_page_id id: 1 tid 106020
0 1 tid 106020
365 2 tid 106020
176 tid 106020
Remove  tid 106020
FindTargetPageId rootid 3 tid 106019
target_page_id id: 1 tid 106019
0 1 tid 106019
365 2 tid 106019
175 tid 106019
Insert  tid 106019
FindTargetPageId rootid 3 tid 106021
target_page_id id: 1 tid 106021
0 1 tid 106021
365 2 tid 106021
176 tid 106021
Insert  tid 106021
FindTargetPageId rootid 3 tid 106021
target_page_id id: 1 tid 106021
0 1 tid 106021
365 2 tid 106021
177 tid 106021
Insert  tid 106021
FindTargetPageId rootid 3 tid 106021
target_page_id id: 1 tid 106021
0 1 tid 106021
365 2 tid 106021
178 tid 106021
Insert  tid 106021
FindTargetPageId rootid 3 tid 106021
target_page_id id: 1 tid 106021
0 1 tid 106021
365 2 tid 106021
179 tid 106021
Insert  tid 106021
FindTargetPageId rootid 3 tid 106021
target_page_id id: 1 tid 106021
0 1 tid 106021
365 2 tid 106021
180 tid 106021
Insert  tid 106021
FindTargetPageId rootid 3 tid 106021
target_page_id id: 1 tid 106021
0 1 tid 106021
365 2 tid 106021
181 tid 106021
Insert  tid 106021
FindTargetPageId rootid 3 tid 106019
target_page_id id: 1 tid 106019
0 1 tid 106019
365 2 tid 106019
182 tid 106019
Insert  tid 106019
FindTargetPageId rootid 3 tid 106019
target_page_id id: 1 tid 106019
0 1 tid 106019
365 2 tid 106019
183 tid 106019
Insert  tid 106019
FindTargetPageId rootid 3 tid 106019
target_page_id id: 1 tid 106019
0 1 tid 106019
365 2 tid 106019
184 tid 106019
Insert  tid 106019
FindTargetPageId rootid 3 tid 106021
target_page_id id: 1 tid 106021
0 1 tid 106021
365 2 tid 106021
185 tid 106021
Insert  tid 106021
FindTargetPageId rootid 3 tid 106020
target_page_id id: 1 tid 106020
0 1 tid 106020
365 2 tid 106020
186 tid 106020
Remove  tid 106020
FindTargetPageId rootid 3 tid 106020
target_page_id id: 1 tid 106020
0 1 tid 106020
365 2 tid 106020
185 tid 106020
Remove  tid 106020
FindTargetPageId rootid 3 tid 106020
target_page_id id: 1 tid 106020
0 1 tid 106020
365 2 tid 106020
184 tid 106020
Remove  tid 106020
FindTargetPageId rootid 3 tid 106019
target_page_id id: 1 tid 106019
0 1 tid 106019
365 2 tid 106019
183 tid 106019
Insert  tid 106019
FindTargetPageId rootid 3 tid 106021
target_page_id id: 1 tid 106021
0 1 tid 106021
365 2 tid 106021
184 tid 106021
Insert  tid 106021
FindTargetPageId rootid 3 tid 106020
target_page_id id: 1 tid 106020
0 1 tid 106020
365 2 tid 106020
185 tid 106020
Remove  tid 106020
FindTargetPageId rootid 3 tid 106019
target_page_id id: 1 tid 106019
0 1 tid 106019
365 2 tid 106019
184 tid 106019
Insert  tid 106019
FindTargetPageId rootid 3 tid 106021
target_page_id id: 1 tid 106021
0 1 tid 106021
365 2 tid 106021
185 tid 106021
Insert  tid 106021
FindTargetPageId rootid 3 tid 106020
target_page_id id: 1 tid 106020
0 1 tid 106020
365 2 tid 106020
186 tid 106020
Remove  tid 106020
FindTargetPageId rootid 3 tid 106019
target_page_id id: 1 tid 106019
0 1 tid 106019
365 2 tid 106019
185 tid 106019
Insert  tid 106019
FindTargetPageId rootid 3 tid 106021
target_page_id id: 1 tid 106021
0 1 tid 106021
365 2 tid 106021
186 tid 106021
Insert  tid 106021
FindTargetPageId rootid 3 tid 106020
target_page_id id: 1 tid 106020
0 1 tid 106020
365 2 tid 106020
187 tid 106020
Remove  tid 106020
FindTargetPageId rootid 3 tid 106019
target_page_id id: 1 tid 106019
0 1 tid 106019
365 2 tid 106019
186 tid 106019
Insert  tid 106019
FindTargetPageId rootid 3 tid 106019
target_page_id id: 1 tid 106019
0 1 tid 106019
365 2 tid 106019
187 tid 106019
Insert  tid 106019
FindTargetPageId rootid 3 tid 106019
target_page_id id: 1 tid 106019
0 1 tid 106019
365 2 tid 106019
188 tid 106019
Insert  tid 106019
FindTargetPageId rootid 3 tid 106020
target_page_id id: 1 tid 106020
0 1 tid 106020
365 2 tid 106020
189 tid 106020
Remove  tid 106020
FindTargetPageId rootid 3 tid 106021
target_page_id id: 1 tid 106021
0 1 tid 106021
365 2 tid 106021
188 tid 106021
Insert  tid 106021
FindTargetPageId rootid 3 tid 106021
target_page_id id: 1 tid 106021
0 1 tid 106021
365 2 tid 106021
189 tid 106021
Insert  tid 106021
FindTargetPageId rootid 3 tid 106021
target_page_id id: 1 tid 106021
0 1 tid 106021
365 2 tid 106021
190 tid 106021
Insert  tid 106021
FindTargetPageId rootid 3 tid 106021
target_page_id id: 1 tid 106021
0 1 tid 106021
365 2 tid 106021
191 tid 106021
Insert  tid 106021
FindTargetPageId rootid 3 tid 106019
target_page_id id: 1 tid 106019
0 1 tid 106019
365 2 tid 106019
192 tid 106019
Insert  tid 106019
FindTargetPageId rootid 3 tid 106020
target_page_id id: 1 tid 106020
0 1 tid 106020
365 2 tid 106020
193 tid 106020
Remove  tid 106020
FindTargetPageId rootid 3 tid 106021
target_page_id id: 1 tid 106021
0 1 tid 106021
365 2 tid 106021
192 tid 106021
Insert  tid 106021
FindTargetPageId rootid 3 tid 106019
target_page_id id: 1 tid 106019
0 1 tid 106019
365 2 tid 106019
193 tid 106019
Insert  tid 106019
FindTargetPageId rootid 3 tid 106020
target_page_id id: 1 tid 106020
0 1 tid 106020
365 2 tid 106020
194 tid 106020
Remove  tid 106020
FindTargetPageId rootid 3 tid 106021
target_page_id id: 1 tid 106021
0 1 tid 106021
365 2 tid 106021
193 tid 106021
Insert  tid 106021
FindTargetPageId rootid 3 tid 106021
target_page_id id: 1 tid 106021
0 1 tid 106021
365 2 tid 106021
194 tid 106021
Insert  tid 106021
FindTargetPageId rootid 3 tid 106020
target_page_id id: 1 tid 106020
0 1 tid 106020
365 2 tid 106020
195 tid 106020
Remove  tid 106020
FindTargetPageId rootid 3 tid 106019
target_page_id id: 1 tid 106019
0 1 tid 106019
365 2 tid 106019
194 tid 106019
Insert  tid 106019
FindTargetPageId rootid 3 tid 106021
target_page_id id: 1 tid 106021
0 1 tid 106021
365 2 tid 106021
195 tid 106021
Insert  tid 106021
FindTargetPageId rootid 3 tid 106020
target_page_id id: 1 tid 106020
0 1 tid 106020
365 2 tid 106020
196 tid 106020
Remove  tid 106020
FindTargetPageId rootid 3 tid 106019
target_page_id id: 1 tid 106019
0 1 tid 106019
365 2 tid 106019
195 tid 106019
Insert  tid 106019
FindTargetPageId rootid 3 tid 106021
target_page_id id: 1 tid 106021
0 1 tid 106021
365 2 tid 106021
196 tid 106021
Insert  tid 106021
FindTargetPageId rootid 3 tid 106020
target_page_id id: 1 tid 106020
0 1 tid 106020
365 2 tid 106020
197 tid 106020
Remove  tid 106020
FindTargetPageId rootid 3 tid 106019
target_page_id id: 1 tid 106019
0 1 tid 106019
365 2 tid 106019
196 tid 106019
Insert  tid 106019
FindTargetPageId rootid 3 tid 106021
target_page_id id: 1 tid 106021
0 1 tid 106021
365 2 tid 106021
197 tid 106021
Insert  tid 106021
FindTargetPageId rootid 3 tid 106020
target_page_id id: 1 tid 106020
0 1 tid 106020
365 2 tid 106020
198 tid 106020
Remove  tid 106020
FindTargetPageId rootid 3 tid 106019
target_page_id id: 1 tid 106019
0 1 tid 106019
365 2 tid 106019
197 tid 106019
Insert  tid 106019
FindTargetPageId rootid 3 tid 106021
target_page_id id: 1 tid 106021
0 1 tid 106021
365 2 tid 106021
198 tid 106021
Insert  tid 106021
FindTargetPageId rootid 3 tid 106020
target_page_id id: 1 tid 106020
0 1 tid 106020
365 2 tid 106020
199 tid 106020
Remove  tid 106020
FindTargetPageId rootid 3 tid 106019
target_page_id id: 1 tid 106019
0 1 tid 106019
365 2 tid 106019
198 tid 106019
Insert  tid 106019
FindTargetPageId rootid 3 tid 106021
target_page_id id: 1 tid 106021
0 1 tid 106021
365 2 tid 106021
199 tid 106021
Insert  tid 106021
FindTargetPageId rootid 3 tid 106020
target_page_id id: 1 tid 106020
0 1 tid 106020
365 2 tid 106020
200 tid 106020
Remove  tid 106020
FindTargetPageId rootid 3 tid 106019
target_page_id id: 1 tid 106019
0 1 tid 106019
365 2 tid 106019
199 tid 106019
Insert  tid 106019
FindTargetPageId rootid 3 tid 106021
target_page_id id: 1 tid 106021
0 1 tid 106021
365 2 tid 106021
200 tid 106021
Insert  tid 106021
FindTargetPageId rootid 3 tid 106020
target_page_id id: 1 tid 106020
0 1 tid 106020
365 2 tid 106020
201 tid 106020
Remove  tid 106020
FindTargetPageId rootid 3 tid 106019
target_page_id id: 1 tid 106019
0 1 tid 106019
365 2 tid 106019
200 tid 106019
Insert  tid 106019
FindTargetPageId rootid 3 tid 106021
target_page_id id: 1 tid 106021
0 1 tid 106021
365 2 tid 106021
201 tid 106021
Insert  tid 106021
FindTargetPageId rootid 3 tid 106020
target_page_id id: 1 tid 106020
0 1 tid 106020
365 2 tid 106020
202 tid 106020
Remove  tid 106020
FindTargetPageId rootid 3 tid 106019
target_page_id id: 1 tid 106019
0 1 tid 106019
365 2 tid 106019
201 tid 106019
Insert  tid 106019
FindTargetPageId rootid 3 tid 106021
target_page_id id: 1 tid 106021
0 1 tid 106021
365 2 tid 106021
202 tid 106021
Insert  tid 106021
FindTargetPageId rootid 3 tid 106020
target_page_id id: 1 tid 106020
0 1 tid 106020
365 2 tid 106020
203 tid 106020
Remove  tid 106020
FindTargetPageId rootid 3 tid 106019
target_page_id id: 1 tid 106019
0 1 tid 106019
365 2 tid 106019
202 tid 106019
Insert  tid 106019
FindTargetPageId rootid 3 tid 106021
target_page_id id: 1 tid 106021
0 1 tid 106021
365 2 tid 106021
203 tid 106021
Insert  tid 106021
FindTargetPageId rootid 3 tid 106020
target_page_id id: 1 tid 106020
0 1 tid 106020
365 2 tid 106020
204 tid 106020
Remove  tid 106020
FindTargetPageId rootid 3 tid 106019
target_page_id id: 1 tid 106019
0 1 tid 106019
365 2 tid 106019
203 tid 106019
Insert  tid 106019
FindTargetPageId rootid 3 tid 106021
target_page_id id: 1 tid 106021
0 1 tid 106021
365 2 tid 106021
204 tid 106021
Insert  tid 106021
FindTargetPageId rootid 3 tid 106020
target_page_id id: 1 tid 106020
0 1 tid 106020
365 2 tid 106020
205 tid 106020
Remove  tid 106020
FindTargetPageId rootid 3 tid 106019
target_page_id id: 1 tid 106019
0 1 tid 106019
365 2 tid 106019
204 tid 106019
Insert  tid 106019
FindTargetPageId rootid 3 tid 106021
target_page_id id: 1 tid 106021
0 1 tid 106021
365 2 tid 106021
205 tid 106021
Insert  tid 106021
FindTargetPageId rootid 3 tid 106020
target_page_id id: 1 tid 106020
0 1 tid 106020
365 2 tid 106020
206 tid 106020
Remove  tid 106020
FindTargetPageId rootid 3 tid 106019
target_page_id id: 1 tid 106019
0 1 tid 106019
365 2 tid 106019
205 tid 106019
Insert  tid 106019
FindTargetPageId rootid 3 tid 106021
target_page_id id: 1 tid 106021
0 1 tid 106021
365 2 tid 106021
206 tid 106021
Insert  tid 106021
FindTargetPageId rootid 3 tid 106020
target_page_id id: 1 tid 106020
0 1 tid 106020
365 2 tid 106020
207 tid 106020
Remove  tid 106020
FindTargetPageId rootid 3 tid 106019
target_page_id id: 1 tid 106019
0 1 tid 106019
365 2 tid 106019
206 tid 106019
Insert  tid 106019
FindTargetPageId rootid 3 tid 106021
target_page_id id: 1 tid 106021
0 1 tid 106021
365 2 tid 106021
207 tid 106021
Insert  tid 106021
FindTargetPageId rootid 3 tid 106020
target_page_id id: 1 tid 106020
0 1 tid 106020
365 2 tid 106020
208 tid 106020
Remove  tid 106020
FindTargetPageId rootid 3 tid 106019
target_page_id id: 1 tid 106019
0 1 tid 106019
365 2 tid 106019
207 tid 106019
Insert  tid 106019
FindTargetPageId rootid 3 tid 106021
target_page_id id: 1 tid 106021
0 1 tid 106021
365 2 tid 106021
208 tid 106021
FindTargetPageId rootid 3 tid 106020
target_page_id id: Insert 1 tid 106020 tid 
0 1 tid 106020
365 2 tid 106020
106021
209 tid 106020
Remove  tid 106020
FindTargetPageId rootid 3 tid 106019
target_page_id id: 1 tid 106019
0 1 tid 106019
365 2 tid 106019
208 tid 106019
Insert  tid 106019
FindTargetPageId rootid 3 tid 106021
target_page_id id: 1 tid 106021
0 1 tid 106021
365 2 tid 106021
209 tid 106021
Insert  tid 106021
FindTargetPageId rootid 3 tid 106020
target_page_id id: 1 tid 106020
0 1 tid 106020
365 2 tid 106020
210 tid 106020
Remove  tid 106020
FindTargetPageId rootid 3 tid 106019
target_page_id id: 1 tid 106019
0 1 tid 106019
365 2 tid 106019
209 tid 106019
Insert  tid 106019
FindTargetPageId rootid 3 tid 106021
target_page_id id: 1 tid 106021
0 1 tid 106021
365 2 tid 106021
210 tid 106021
Insert  tid 106021
FindTargetPageId rootid 3 tid 106020
target_page_id id: 1 tid 106020
0 1 tid 106020
365 2 tid 106020
211 tid 106020
Remove  tid 106020
FindTargetPageId rootid 3 tid 106019
target_page_id id: 1 tid 106019
0 1 tid 106019
365 2 tid 106019
210 tid 106019
Insert  tid 106019
FindTargetPageId rootid 3 tid 106021
target_page_id id: 1 tid 106021
0 1 tid 106021
365 2 tid 106021
211 tid 106021
Insert  tid 106021
FindTargetPageId rootid 3 tid 106021
target_page_id id: 1 tid 106021
0 1 tid 106021
365 2 tid 106021
212 tid 106021
Insert  tid 106021
FindTargetPageId rootid 3 tid 106019
target_page_id id: 1 tid 106019
0 1 tid 106019
365 2 tid 106019
213 tid 106019
Insert  tid 106019
FindTargetPageId rootid 3 tid 106020
target_page_id id: 1 tid 106020
0 1 tid 106020
365 2 tid 106020
214 tid 106020
Remove  tid 106020
FindTargetPageId rootid 3 tid 106021
target_page_id id: 1 tid 106021
0 1 tid 106021
365 2 tid 106021
213 tid 106021
Insert  tid 106021
FindTargetPageId rootid 3 tid 106019
target_page_id id: 1 tid 106019
0 1 tid 106019
365 2 tid 106019
214 tid 106019
Insert  tid 106019
FindTargetPageId rootid 3 tid 106020
target_page_id id: 1 tid 106020
0 1 tid 106020
365 2 tid 106020
215 tid 106020
Remove  tid 106020
FindTargetPageId rootid 3 tid 106021
target_page_id id: 1 tid 106021
0 1 tid 106021
365 2 tid 106021
214 tid 106021
Insert  tid 106021
FindTargetPageId rootid 3 tid 106019
target_page_id id: 1 tid 106019
0 1 tid 106019
365 2 tid 106019
215 tid 106019
Insert  tid 106019
FindTargetPageId rootid 3 tid 106020
target_page_id id: 1 tid 106020
0 1 tid 106020
365 2 tid 106020
216 tid 106020
Remove  tid 106020
FindTargetPageId rootid 3 tid 106020
target_page_id id: 1 tid 106020
0 1 tid 106020
365 2 tid 106020
215 tid 106020
Remove  tid 106020
FindTargetPageId rootid 3 tid 106020
target_page_id id: 1 tid 106020
0 1 tid 106020
365 2 tid 106020
214 tid 106020
Remove  tid 106020
FindTargetPageId rootid 3 tid 106021
target_page_id id: 1 tid 106021
0 1 tid 106021
365 2 tid 106021
213 tid 106021
Insert  tid 106021
FindTargetPageId rootid 3 tid 106021
target_page_id id: 1 tid 106021
0 1 tid 106021
365 2 tid 106021
214 tid 106021
Insert  tid 106021
FindTargetPageId rootid 3 tid 106021
target_page_id id: 1 tid 106021
0 1 tid 106021
365 2 tid 106021
215 tid 106021
Insert  tid 106021
FindTargetPageId rootid 3 tid 106021
target_page_id id: 1 tid 106021
0 1 tid 106021
365 2 tid 106021
216 tid 106021
Insert  tid 106021
FindTargetPageId rootid 3 tid 106021
target_page_id id: 1 tid 106021
0 1 tid 106021
365 2 tid 106021
217 tid 106021
Insert  tid 106021
FindTargetPageId rootid 3 tid 106020
target_page_id id: 1 tid 106020
0 1 tid 106020
365 2 tid 106020
218 tid 106020
Remove  tid 106020
FindTargetPageId rootid 3 tid 106019
target_page_id id: 1 tid 106019
0 1 tid 106019
365 2 tid 106019
217 tid 106019
Insert  tid 106019
FindTargetPageId rootid 3 tid 106021
target_page_id id: 1 tid 106021
0 1 tid 106021
365 2 tid 106021
218 tid 106021
Insert  tid 106021
FindTargetPageId rootid 3 tid 106020
target_page_id id: 1 tid 106020
0 1 tid 106020
365 2 tid 106020
219 tid 106020
Remove  tid 106020
FindTargetPageId rootid 3 tid 106019
target_page_id id: 1 tid 106019
0 1 tid 106019
365 2 tid 106019
218 tid 106019
Insert  tid 106019
FindTargetPageId rootid 3 tid 106021
target_page_id id: 1 tid 106021
0 1 tid 106021
365 2 tid 106021
219 tid 106021
Insert  tid 106021
FindTargetPageId rootid 3 tid 106020
target_page_id id: 1 tid 106020
0 1 tid 106020
365 2 tid 106020
220 tid 106020
Remove  tid 106020
FindTargetPageId rootid 3 tid 106019
target_page_id id: 1 tid 106019
0 1 tid 106019
365 2 tid 106019
219 tid 106019
Insert  tid 106019
FindTargetPageId rootid 3 tid 106021
target_page_id id: 1 tid 106021
0 1 tid 106021
365 2 tid 106021
220 tid 106021
Insert  tid 106021
FindTargetPageId rootid 3 tid 106020
target_page_id id: 1 tid 106020
0 1 tid 106020
365 2 tid 106020
221 tid 106020
FindTargetPageId rootid 3 tid 106019
Remove target_page_id id: 1 tid  tid 106019
0 1 tid 106019
365 2 tid 106019
220 tid 106019
Insert  tid 106019
FindTargetPageId rootid 3 tid 106019
target_page_id id: 1 tid 106019
0 1 tid 106019
365 2 tid 106019
221 tid 106019
Insert  tid 106019
FindTargetPageId rootid 3 tid 106019
target_page_id id: 1 tid 106019
0 1 tid 106019
365 2 tid 106019
222 tid 106019
Insert  tid 106019
FindTargetPageId rootid 3 tid 106019
target_page_id id: 1 tid 106019
0 1 tid 106019
365 2 tid 106019
223 tid 106019
Insert  tid 106019
FindTargetPageId rootid 3 tid 106019
target_page_id id: 1 tid 106019
0 1 tid 106019
365 2 tid 106019
224 tid 106019
Insert  tid 106019
FindTargetPageId rootid 3 tid 106021
target_page_id id: 1 tid 106021
0 1 tid 106021
365 2 tid 106021
225 tid 106021
Insert  tid 106021
FindTargetPageId rootid 3 tid 106021
target_page_id id: 1 tid 106021
0 1 tid 106021
365 2 tid 106021
226 tid 106021
106020
Insert  tid 106021
FindTargetPageId rootid 3 tid 106020
target_page_id id: 1 tid 106020
0 1 tid 106020
365 2 tid 106020
227 tid 106020
Remove  tid 106020
FindTargetPageId rootid 3 tid 106020
target_page_id id: 1 tid 106020
0 1 tid 106020
365 2 tid 106020
226 tid 106020
Remove  tid 106020
FindTargetPageId rootid 3 tid 106020
target_page_id id: 1 tid 106020
0 1 tid 106020
365 2 tid 106020
225 tid 106020
Remove  tid 106020
FindTargetPageId rootid 3 tid 106020
target_page_id id: 1 tid 106020
0 1 tid 106020
365 2 tid 106020
224 tid 106020
Remove  tid 106020
FindTargetPageId rootid 3 tid 106020
target_page_id id: 1 tid 106020
0 1 tid 106020
365 2 tid 106020
223 tid 106020
Remove  tid 106020
FindTargetPageId rootid 3 tid 106019
target_page_id id: 1 tid 106019
0 1 tid 106019
365 2 tid 106019
222 tid 106019
Insert  tid 106019
FindTargetPageId rootid 3 tid 106020
target_page_id id: 1 tid 106020
0 1 tid 106020
365 2 tid 106020
223 tid 106020
Remove  tid 106020
FindTargetPageId rootid 3 tid 106020
target_page_id id: 1 tid 106020
0 1 tid 106020
365 2 tid 106020
222 tid 106020
Remove  tid 106020
FindTargetPageId rootid 3 tid 106020
target_page_id id: 1 tid 106020
0 1 tid 106020
365 2 tid 106020
221 tid 106020
Remove  tid 106020
FindTargetPageId rootid 3 tid 106020
target_page_id id: 1 tid 106020
0 1 tid 106020
365 2 tid 106020
220 tid 106020
Remove  tid 106020
FindTargetPageId rootid 3 tid 106020
target_page_id id: 1 tid 106020
0 1 tid 106020
365 2 tid 106020
219 tid 106020
Remove  tid 106020
FindTargetPageId rootid 3 tid 106020
target_page_id id: 1 tid 106020
0 1 tid 106020
365 2 tid 106020
218 tid 106020
Remove  tid 106020
FindTargetPageId rootid 3 tid 106020
target_page_id id: 1 tid 106020
0 1 tid 106020
365 2 tid 106020
217 tid 106020
Remove  tid 106020
FindTargetPageId rootid 3 tid 106021
target_page_id id: 1 tid 106021
0 1 tid 106021
365 2 tid 106021
216 tid 106021
Insert  tid 106021
FindTargetPageId rootid 3 tid 106021
target_page_id id: 1 tid 106021
0 1 tid 106021
365 2 tid 106021
217 tid 106021
Insert  tid 106021
FindTargetPageId rootid 3 tid 106021
target_page_id id: 1 tid 106021
0 1 tid 106021
365 2 tid 106021
218 tid 106021
Insert  tid 106021
FindTargetPageId rootid 3 tid 106020
target_page_id id: 1 tid 106020
0 1 tid 106020
365 2 tid 106020
219 tid 106020
Remove  tid 106020
FindTargetPageId rootid 3 tid 106020
target_page_id id: 1 tid 106020
0 1 tid 106020
365 2 tid 106020
218 tid 106020
Remove  tid 106020
FindTargetPageId rootid 3 tid 106020
target_page_id id: 1 tid 106020
0 1 tid 106020
365 2 tid 106020
217 tid 106020
Remove  tid 106020
FindTargetPageId rootid 3 tid 106020
target_page_id id: 1 tid 106020
0 1 tid 106020
365 2 tid 106020
216 tid 106020
Remove  tid 106020
FindTargetPageId rootid 3 tid 106020
target_page_id id: 1 tid 106020
0 1 tid 106020
365 2 tid 106020
215 tid 106020
Remove  tid 106020
FindTargetPageId rootid 3 tid 106020
target_page_id id: 1 tid 106020
0 1 tid 106020
365 2 tid 106020
214 tid 106020
Remove  tid 106020
FindTargetPageId rootid 3 tid 106019
target_page_id id: 1 tid 106019
0 1 tid 106019
365 2 tid 106019
213 tid 106019
Insert  tid 106019
FindTargetPageId rootid 3 tid 106021
target_page_id id: 1 tid 106021
0 1 tid 106021
365 2 tid 106021
214 tid 106021
Insert  tid 106021
FindTargetPageId rootid 3 tid 106020
target_page_id id: 1 tid 106020
0 1 tid 106020
365 2 tid 106020
215 tid 106020
Remove  tid 106020
FindTargetPageId rootid 3 tid 106019
target_page_id id: 1 tid 106019
0 1 tid 106019
365 2 tid 106019
214 tid 106019
Insert  tid 106019
FindTargetPageId rootid 3 tid 106021
target_page_id id: 1 tid 106021
0 1 tid 106021
365 2 tid 106021
215 tid 106021
Insert  tid 106021
FindTargetPageId rootid 3 tid 106020
target_page_id id: 1 tid 106020
0 1 tid 106020
365 2 tid 106020
216 tid 106020
Remove  tid 106020
FindTargetPageId rootid 3 tid 106019
target_page_id id: 1 tid 106019
0 1 tid 106019
365 2 tid 106019
215 tid 106019
Insert  tid 106019
FindTargetPageId rootid 3 tid 106021
target_page_id id: 1 tid 106021
0 1 tid 106021
365 2 tid 106021
216 tid 106021
Insert  tid 106021
FindTargetPageId rootid 3 tid 106020
target_page_id id: 1 tid 106020
0 1 tid 106020
365 2 tid 106020
217 tid 106020
Remove  tid 106020
FindTargetPageId rootid 3 tid 106019
target_page_id id: 1 tid 106019
0 1 tid 106019
365 2 tid 106019
216 tid 106019
Insert  tid 106019
FindTargetPageId rootid 3 tid 106021
target_page_id id: 1 tid 106021
0 1 tid 106021
365 2 tid 106021
217 tid 106021
Insert  tid 106021
FindTargetPageId rootid 3 tid 106020
target_page_id id: 1 tid 106020
0 1 tid 106020
365 2 tid 106020
218 tid 106020
Remove  tid 106020
FindTargetPageId rootid 3 tid 106019
target_page_id id: 1 tid 106019
0 1 tid 106019
365 2 tid 106019
217 tid 106019
Insert  tid 106019
FindTargetPageId rootid 3 tid 106021
target_page_id id: 1 tid 106021
0 1 tid 106021
365 2 tid 106021
218 tid 106021
Insert  tid 106021
FindTargetPageId rootid 3 tid 106020
target_page_id id: 1 tid 106020
0 1 tid 106020
365 2 tid 106020
219 tid 106020
Remove  tid 106020
FindTargetPageId rootid 3 tid 106019
target_page_id id: 1 tid 106019
0 1 tid 106019
365 2 tid 106019
218 tid 106019
Insert  tid 106019
FindTargetPageId rootid 3 tid 106021
target_page_id id: 1 tid 106021
0 1 tid 106021
365 2 tid 106021
219 tid 106021
Insert  tid 106021
FindTargetPageId rootid 3 tid 106020
target_page_id id: 1 tid 106020
0 1 tid 106020
365 2 tid 106020
220 tid 106020
Remove  tid 106020
FindTargetPageId rootid 3 tid 106019
target_page_id id: 1 tid 106019
0 1 tid 106019
365 2 tid 106019
219 tid 106019
Insert  tid 106019
FindTargetPageId rootid 3 tid 106021
target_page_id id: 1 tid 106021
0 1 tid 106021
365 2 tid 106021
220 tid 106021
Insert  tid 106021
FindTargetPageId rootid 3 tid 106020
target_page_id id: 1 tid 106020
0 1 tid 106020
365 2 tid 106020
221 tid 106020
Remove  tid 106020
FindTargetPageId rootid 3 tid 106019
target_page_id id: 1 tid 106019
0 1 tid 106019
365 2 tid 106019
220 tid 106019
Insert  tid 106019
FindTargetPageId rootid 3 tid 106021
target_page_id id: 1 tid 106021
0 1 tid 106021
365 2 tid 106021
221 tid 106021
Insert  tid 106021
FindTargetPageId rootid 3 tid 106020
target_page_id id: 1 tid 106020
0 1 tid 106020
365 2 tid 106020
222 tid 106020
Remove  tid 106020
FindTargetPageId rootid 3 tid 106019
target_page_id id: 1 tid 106019
0 1 tid 106019
365 2 tid 106019
221 tid 106019
Insert  tid 106019
FindTargetPageId rootid 3 tid 106021
target_page_id id: 1 tid 106021
0 1 tid 106021
365 2 tid 106021
222 tid 106021
Insert  tid 106021
FindTargetPageId rootid 3 tid 106021
target_page_id id: 1 tid 106021
0 1 tid 106021
365 2 tid 106021
223 tid 106021
Insert  tid 106021
FindTargetPageId rootid 3 tid 106019
target_page_id id: 1 tid 106019
0 1 tid 106019
365 2 tid 106019
224 tid 106019
Insert  tid 106019
FindTargetPageId rootid 3 tid 106020
target_page_id id: 1 tid 106020
0 1 tid 106020
365 2 tid 106020
225 tid 106020
Remove  tid 106020
FindTargetPageId rootid 3 tid 106020
target_page_id id: 1 tid 106020
0 1 tid 106020
365 2 tid 106020
224 tid 106020
Remove  tid 106020
FindTargetPageId rootid 3 tid 106019
target_page_id id: 1 tid 106019
0 1 tid 106019
365 2 tid 106019
223 tid 106019
Insert  tid 106019
FindTargetPageId rootid 3 tid 106021
target_page_id id: 1 tid 106021
0 1 tid 106021
365 2 tid 106021
224 tid 106021
Insert  tid 106021
FindTargetPageId rootid 3 tid 106020
target_page_id id: 1 tid 106020
0 1 tid 106020
365 2 tid 106020
225 tid 106020
Remove  tid 106020
FindTargetPageId rootid 3 tid 106019
target_page_id id: 1 tid 106019
0 1 tid 106019
365 2 tid 106019
224 tid 106019
Insert  tid 106019
FindTargetPageId rootid 3 tid 106021
target_page_id id: 1 tid 106021
0 1 tid 106021
365 2 tid 106021
225 tid 106021
Insert  tid 106021
FindTargetPageId rootid 3 tid 106020
target_page_id id: 1 tid 106020
0 1 tid 106020
365 2 tid 106020
226 tid 106020
Remove  tid 106020
FindTargetPageId rootid 3 tid 106019
target_page_id id: 1 tid 106019
0 1 tid 106019
365 2 tid 106019
225 tid 106019
Insert  tid 106019
FindTargetPageId rootid 3 tid 106021
target_page_id id: 1 tid 106021
0 1 tid 106021
365 2 tid 106021
226 tid 106021
Insert  tid 106021
FindTargetPageId rootid 3 tid 106020
target_page_id id: 1 tid 106020
0 1 tid 106020
365 2 tid 106020
227 tid 106020
Remove  tid 106020
FindTargetPageId rootid 3 tid 106019
target_page_id id: 1 tid 106019
0 1 tid 106019
365 2 tid 106019
226 tid 106019
Insert  tid 106019
FindTargetPageId rootid 3 tid 106021
target_page_id id: 1 tid 106021
0 1 tid 106021
365 2 tid 106021
227 tid 106021
Insert  tid 106021
FindTargetPageId rootid 3 tid 106020
target_page_id id: 1 tid 106020
0 1 tid 106020
365 2 tid 106020
228 tid 106020
Remove  tid 106020
FindTargetPageId rootid 3 tid 106019
target_page_id id: 1 tid 106019
0 1 tid 106019
365 2 tid 106019
227 tid 106019
Insert  tid 106019
FindTargetPageId rootid 3 tid 106021
target_page_id id: 1 tid 106021
0 1 tid 106021
365 2 tid 106021
228 tid 106021
Insert  tid 106021
FindTargetPageId rootid 3 tid 106020
target_page_id id: 1 tid 106020
0 1 tid 106020
365 2 tid 106020
229 tid 106020
Remove  tid 106020
FindTargetPageId rootid 3 tid 106019
target_page_id id: 1 tid 106019
0 1 tid 106019
365 2 tid 106019
228 tid 106019
Insert  tid 106019
FindTargetPageId rootid 3 tid 106021
target_page_id id: 1 tid 106021
0 1 tid 106021
365 2 tid 106021
229 tid 106021
Insert  tid 106021
FindTargetPageId rootid 3 tid 106020
target_page_id id: 1 tid 106020
0 1 tid 106020
365 2 tid 106020
230 tid 106020
Remove  tid 106020
FindTargetPageId rootid 3 tid 106019
target_page_id id: 1 tid 106019
0 1 tid 106019
365 2 tid 106019
229 tid 106019
Insert  tid 106019
FindTargetPageId rootid 3 tid 106021
target_page_id id: 1 tid 106021
0 1 tid 106021
365 2 tid 106021
230 tid 106021
Insert  tid 106021
FindTargetPageId rootid 3 tid 106020
target_page_id id: 1 tid 106020
0 1 tid 106020
365 2 tid 106020
231 tid 106020
Remove  tid 106020
FindTargetPageId rootid 3 tid 106019
target_page_id id: 1 tid 106019
0 1 tid 106019
365 2 tid 106019
230 tid 106019
Insert  tid 106019
FindTargetPageId rootid 3 tid 106021
target_page_id id: 1 tid 106021
0 1 tid 106021
365 2 tid 106021
231 tid 106021
Insert  tid 106021
FindTargetPageId rootid 3 tid 106020
target_page_id id: 1 tid 106020
0 1 tid 106020
365 2 tid 106020
232 tid 106020
Remove  tid 106020
FindTargetPageId rootid 3 tid 106019
target_page_id id: 1 tid 106019
0 1 tid 106019
365 2 tid 106019
231 tid 106019
Insert  tid 106019
FindTargetPageId rootid 3 tid 106021
target_page_id id: 1 tid 106021
0 1 tid 106021
365 2 tid 106021
232 tid 106021
Insert  tid FindTargetPageId rootid 106021
3 tid 106020
target_page_id id: 1 tid 106020
0 1 tid 106020
365 2 tid 106020
233 tid 106020
Remove  tid 106020
FindTargetPageId rootid 3 tid 106019
target_page_id id: 1 tid 106019
0 1 tid 106019
365 2 tid 106019
232 tid 106019
Insert  tid 106019
FindTargetPageId rootid 3 tid 106021
target_page_id id: 1 tid 106021
0 1 tid 106021
365 2 tid 106021
233 tid 106021
Insert  tid 106021
FindTargetPageId rootid 3 tid 106020
target_page_id id: 1 tid 106020
0 1 tid 106020
365 2 tid 106020
234 tid 106020
Remove  tid 106020
FindTargetPageId rootid 3 tid 106019
target_page_id id: 1 tid 106019
0 1 tid 106019
365 2 tid 106019
233 tid 106019
Insert  tid 106019
FindTargetPageId rootid 3 tid 106021
target_page_id id: 1 tid 106021
0 1 tid 106021
365 2 tid 106021
234 tid 106021
Insert  tid 106021
FindTargetPageId rootid 3 tid 106020
target_page_id id: 1 tid 106020
0 1 tid 106020
365 2 tid 106020
235 tid 106020
Remove  tid 106020
FindTargetPageId rootid 3 tid 106020
target_page_id id: 1 tid 106020
0 1 tid 106020
365 2 tid 106020
234 tid 106020
Remove  tid 106020
FindTargetPageId rootid 3 tid 106019
target_page_id id: 1 tid 106019
0 1 tid 106019
365 2 tid 106019
233 tid 106019
Insert  tid 106019
FindTargetPageId rootid 3 tid 106021
target_page_id id: 1 tid 106021
0 1 tid 106021
365 2 tid 106021
234 tid 106021
Insert  tid 106021
FindTargetPageId rootid 3 tid 106020
target_page_id id: 1 tid 106020
0 1 tid 106020
365 2 tid 106020
235 tid 106020
Remove  tid 106020
FindTargetPageId rootid 3 tid 106019
target_page_id id: 1 tid 106019
0 1 tid 106019
365 2 tid 106019
234 tid 106019
Insert  tid 106019
FindTargetPageId rootid 3 tid 106021
target_page_id id: 1 tid 106021
0 1 tid 106021
365 2 tid 106021
235 tid 106021
Insert  tid 106021
FindTargetPageId rootid 3 tid 106020
target_page_id id: 1 tid 106020
0 1 tid 106020
365 2 tid 106020
236 tid 106020
Remove  tid 106020
FindTargetPageId rootid 3 tid 106019
target_page_id id: 1 tid 106019
0 1 tid 106019
365 2 tid 106019
235 tid 106019
Insert  tid 106019
FindTargetPageId rootid 3 tid 106021
target_page_id id: 1 tid 106021
0 1 tid 106021
365 2 tid 106021
236 tid 106021
Insert  tid 106021
FindTargetPageId rootid 3 tid 106021
target_page_id id: 1 tid 106021
0 1 tid 106021
365 2 tid 106021
237 tid 106021
Insert  tid 106021
FindTargetPageId rootid 3 tid 106019
target_page_id id: 1 tid 106019
0 1 tid 106019
365 2 tid 106019
238 tid 106019
Insert  tid 106019
FindTargetPageId rootid 3 tid 106020
target_page_id id: 1 tid 106020
0 1 tid 106020
365 2 tid 106020
239 tid 106020
Remove  tid 106020
FindTargetPageId rootid 3 tid 106020
target_page_id id: 1 tid 106020
0 1 tid 106020
365 2 tid 106020
238 tid 106020
Remove  tid 106020
FindTargetPageId rootid 3 tid 106019
target_page_id id: 1 tid 106019
0 1 tid 106019
365 2 tid 106019
237 tid 106019
Insert  tid 106019
FindTargetPageId rootid 3 tid 106021
target_page_id id: 1 tid 106021
0 1 tid 106021
365 2 tid 106021
238 tid 106021
Insert  tid 106021
FindTargetPageId rootid 3 tid 106020
target_page_id id: 1 tid 106020
0 1 tid 106020
365 2 tid 106020
239 tid 106020
Remove  tid 106020
FindTargetPageId rootid 3 tid 106019
target_page_id id: 1 tid 106019
0 1 tid 106019
365 2 tid 106019
238 tid 106019
Insert  tid 106019
FindTargetPageId rootid 3 tid 106021
target_page_id id: 1 tid 106021
0 1 tid 106021
365 2 tid 106021
239 tid 106021
Insert  tid 106021
FindTargetPageId rootid 3 tid 106021
target_page_id id: 1 tid 106021
0 1 tid 106021
365 2 tid 106021
240 tid 106021
Insert  tid 106021
FindTargetPageId rootid 3 tid 106019
target_page_id id: 1 tid 106019
0 1 tid 106019
365 2 tid 106019
241 tid 106019
Insert  tid 106019
FindTargetPageId rootid 3 tid 106020
target_page_id id: 1 tid 106020
0 1 tid 106020
365 2 tid 106020
242 tid 106020
Remove  tid 106020
FindTargetPageId rootid 3 tid 106021
target_page_id id: 1 tid 106021
0 1 tid 106021
365 2 tid 106021
241 tid 106021
Insert  tid 106021
FindTargetPageId rootid 3 tid 106019
target_page_id id: 1 tid 106019
0 1 tid 106019
365 2 tid 106019
242 tid 106019
Insert  tid 106019
FindTargetPageId rootid 3 tid 106020
target_page_id id: 1 tid 106020
0 1 tid 106020
365 2 tid 106020
243 tid 106020
Remove  tid 106020
FindTargetPageId rootid 3 tid 106021
target_page_id id: 1 tid 106021
0 1 tid 106021
365 2 tid 106021
242 tid 106021
Insert  tid 106021
FindTargetPageId rootid 3 tid 106019
target_page_id id: 1 tid 106019
0 1 tid 106019
365 2 tid 106019
243 tid 106019
Insert  tid 106019
FindTargetPageId rootid 3 tid 106020
target_page_id id: 1 tid 106020
0 1 tid 106020
365 2 tid 106020
244 tid 106020
Remove  tid 106020
FindTargetPageId rootid 3 tid 106021
target_page_id id: 1 tid 106021
0 1 tid 106021
365 2 tid 106021
243 tid 106021
Insert  tid 106021
FindTargetPageId rootid 3 tid 106019
target_page_id id: 1 tid 106019
0 1 tid 106019
365 2 tid 106019
244 tid 106019
Insert  tid 106019
FindTargetPageId rootid 3 tid 106020
target_page_id id: 1 tid 106020
0 1 tid 106020
365 2 tid 106020
245 tid 106020
Remove  tid 106020
FindTargetPageId rootid 3 tid 106021
target_page_id id: 1 tid 106021
0 1 tid 106021
365 2 tid 106021
244 tid 106021
FindTargetPageId rootid 3 tid 106019
target_page_id id: 1 tid 106019
0 1 tid 106019
365 2 tid 106019
Insert 245 tid  tid 106019
106021
Insert  tid 106019
FindTargetPageId rootid 3 tid 106021
target_page_id id: 1 tid 106021
0 1 tid 106021
365 2 tid 106021
246 tid 106021
Insert  tid 106021
FindTargetPageId rootid 3 tid 106020
target_page_id id: 1 tid 106020
0 1 tid 106020
365 2 tid 106020
247 tid 106020
Remove  tid 106020
FindTargetPageId rootid 3 tid 106019
target_page_id id: 1 tid 106019
0 1 tid 106019
365 2 tid 106019
246 tid 106019
Insert  tid 106019
FindTargetPageId rootid 3 tid 106019
target_page_id id: 1 tid 106019
0 1 tid 106019
365 2 tid 106019
247 tid 106019
Insert  tid 106019
FindTargetPageId rootid 3 tid 106019
target_page_id id: 1 tid 106019
0 1 tid 106019
365 2 tid 106019
248 tid 106019
Insert  tid 106019
FindTargetPageId rootid 3 tid 106019
target_page_id id: 1 tid 106019
0 1 tid 106019
365 2 tid 106019
249 tid 106019
Insert  tid 106019
FindTargetPageId rootid 3 tid 106019
target_page_id id: 1 tid 106019
0 1 tid 106019
365 2 tid 106019
250 tid 106019
Insert  tid 106019
FindTargetPageId rootid 3 tid 106019
target_page_id id: 1 tid 106019
0 1 tid 106019
365 2 tid 106019
251 tid 106019
Insert  tid 106019
FindTargetPageId rootid 3 tid 106019
target_page_id id: 1 tid 106019
0 1 tid 106019
365 2 tid 106019
252 tid 106019
Insert  tid 106019
FindTargetPageId rootid 3 tid 106019
target_page_id id: 1 tid 106019
0 1 tid 106019
365 2 tid 106019
253 tid 106019
Insert  tid 106019
FindTargetPageId rootid 3 tid 106020
target_page_id id: 1 tid 106020
0 1 tid 106020
365 2 tid 106020
254 tid 106020
FindTargetPageId rootid 3 tid 106021
target_page_id id: 1 tid 106021
0 1 tid 106021
365 2 tid 106021
253 tid 106021
Insert  tid 106021
Remove  tid 106020
FindTargetPageId rootid 3 tid 106021
target_page_id id: 1 tid 106021
0 1 tid 106021
365 2 tid 106021
254 tid 106021
Insert  tid 106021
FindTargetPageId rootid 3 tid 106019
target_page_id id: 4 tid 106019
0 1 tid 106019
140 4 tid 106019
365 2 tid 106019
128 tid 106019
Insert  tid 106019
FindTargetPageId rootid 3 tid 106020
target_page_id id: 4 tid 106020
0 1 tid 106020
140 4 tid 106020
365 2 tid 106020
129 tid 106020
Remove  tid 106020
FindTargetPageId rootid 3 tid 106020
target_page_id id: 4 tid 106020
0 1 tid 106020
140 4 tid 106020
365 2 tid 106020
128 tid 106020
Remove  tid 106020
FindTargetPageId rootid 3 tid 106019
target_page_id id: 4 tid 106019
0 1 tid 106019
140 4 tid 106019
365 2 tid 106019
127 tid 106019
Insert  tid 106019
FindTargetPageId rootid 3 tid 106021
target_page_id id: 4 tid 106021
0 1 tid 106021
140 4 tid 106021
365 2 tid 106021
128 tid 106021
Insert  tid 106021
FindTargetPageId rootid 3 tid 106020
target_page_id id: 4 tid 106020
0 1 tid 106020
140 4 tid 106020
365 2 tid 106020
129 tid 106020
Remove  tid 106020
FindTargetPageId rootid 3 tid 106019
target_page_id id: 4 tid 106019
0 1 tid 106019
140 4 tid 106019
365 2 tid 106019
128 tid 106019
Insert  tid 106019
FindTargetPageId rootid 3 tid 106019
target_page_id id: 4 tid 106019
0 1 tid 106019
140 4 tid 106019
365 2 tid 106019
129 tid 106019
Insert  tid 106019
FindTargetPageId rootid 3 tid 106019
target_page_id id: 4 tid 106019
0 1 tid 106019
140 4 tid 106019
365 2 tid 106019
130 tid 106019
Insert  tid 106019
FindTargetPageId rootid 3 tid 106019
target_page_id id: 4 tid 106019
0 1 tid 106019
140 4 tid 106019
365 2 tid 106019
131 tid 106019
Insert  tid 106019
FindTargetPageId rootid 3 tid 106020
target_page_id id: 4 tid 106020
0 1 tid 106020
140 4 tid 106020
365 2 tid 106020
132 tid 106020
Remove  tid 106020
FindTargetPageId rootid 3 tid 106021
target_page_id id: 4 tid 106021
0 1 tid 106021
140 4 tid 106021
365 2 tid 106021
131 tid 106021
Insert  tid 106021
FindTargetPageId rootid 3 tid 106021
target_page_id id: 4 tid 106021
0 1 tid 106021
140 4 tid 106021
365 2 tid 106021
132 tid 106021
Insert  tid 106021
FindTargetPageId rootid 3 tid 106021
target_page_id id: 4 tid 106021
0 1 tid 106021
140 4 tid 106021
365 2 tid 106021
133 tid 106021
Insert  tid 106021
FindTargetPageId rootid 3 tid 106021
target_page_id id: 4 tid 106021
0 1 tid 106021
140 4 tid 106021
365 2 tid 106021
134 tid 106021
Insert  tid 106021
FindTargetPageId rootid 3 tid 106021
target_page_id id: 4 tid 106021
0 1 tid 106021
140 4 tid 106021
365 2 tid 106021
135 tid 106021
Insert  tid 106021
FindTargetPageId rootid 3 tid 106019
target_page_id id: 4 tid 106019
0 1 tid 106019
140 4 tid 106019
365 2 tid 106019
136 tid 106019
Insert  tid 106019
FindTargetPageId rootid 3 tid 106020
target_page_id id: 4 tid 106020
0 1 tid 106020
140 4 tid 106020
365 2 tid 106020
137 tid 106020
Remove  tid 106020
FindTargetPageId rootid 3 tid 106021
target_page_id id: 4 tid 106021
0 1 tid 106021
140 4 tid 106021
365 2 tid 106021
136 tid 106021
Insert  tid 106021
FindTargetPageId rootid 3 tid 106021
target_page_id id: 4 tid 106021
0 1 tid 106021
140 4 tid 106021
365 2 tid 106021
137 tid 106021
Insert  tid 106021
FindTargetPageId rootid 3 tid 106021
target_page_id id: 4 tid 106021
0 1 tid 106021
140 4 tid 106021
365 2 tid 106021
138 tid 106021
Insert  tid 106021
FindTargetPageId rootid 3 tid 106021
target_page_id id: 4 tid 106021
0 1 tid 106021
140 4 tid 106021
365 2 tid 106021
139 tid 106021
Insert  tid 106021
FindTargetPageId rootid 3 tid 106021
target_page_id id: 4 tid 106021
0 1 tid 106021
140 4 tid 106021
365 2 tid 106021
140 tid 106021
Insert  tid 106021
FindTargetPageId rootid 3 tid 106021
target_page_id id: 4 tid 106021
0 1 tid 106021
140 4 tid 106021
365 2 tid 106021
141 tid 106021
Insert  tid 106021
FindTargetPageId rootid 3 tid 106020
target_page_id id: 4 tid 106020
0 1 tid 106020
140 4 tid 106020
365 2 tid 106020
142 tid 106020
Remove  tid 106020
FindTargetPageId rootid 3 tid 106019
target_page_id id: 4 tid 106019
0 1 tid 106019
140 4 tid 106019
365 2 tid 106019
141 tid 106019
Insert  tid 106019
FindTargetPageId rootid 3 tid 106019
target_page_id id: 4 tid 106019
0 1 tid 106019
140 4 tid 106019
365 2 tid 106019
142 tid 106019
Insert  tid 106019
FindTargetPageId rootid 3 tid 106021
target_page_id id: 4 tid 106021
0 1 tid 106021
140 4 tid 106021
365 2 tid 106021
143 tid 106021
Insert  tid 106021
FindTargetPageId rootid 3 tid 106021
target_page_id id: 4 tid 106021
0 1 tid 106021
140 4 tid 106021
365 2 tid 106021
144 tid 106021
Insert  tid 106021
FindTargetPageId rootid 3 tid 106021
target_page_id id: 4 tid 106021
0 1 tid 106021
140 4 tid 106021
365 2 tid 106021
145 tid 106021
Insert  tid 106021
FindTargetPageId rootid 3 tid 106021
target_page_id id: 4 tid 106021
0 1 tid 106021
140 4 tid 106021
365 2 tid 106021
146 tid 106021
Insert  tid 106021
FindTargetPageId rootid 3 tid 106021
target_page_id id: 4 tid 106021
0 1 tid 106021
140 4 tid 106021
365 2 tid 106021
147 tid 106021
Insert  tid 106021
FindTargetPageId rootid 3 tid 106021
target_page_id id: 4 tid 106021
0 1 tid 106021
140 4 tid 106021
365 2 tid 106021
148 tid 106021
Insert  tid 106021
FindTargetPageId rootid 3 tid 106021
target_page_id id: 4 tid 106021
0 1 tid 106021
140 4 tid 106021
365 2 tid 106021
149 tid 106021
Insert  tid 106021
FindTargetPageId rootid 3 tid 106021
target_page_id id: 4 tid 106021
0 1 tid 106021
140 4 tid 106021
365 2 tid 106021
150 tid 106021
Insert  tid 106021
FindTargetPageId rootid 3 tid 106021
target_page_id id: 4 tid 106021
0 1 tid 106021
140 4 tid 106021
365 2 tid 106021
151 tid 106021
Insert  tid 106021
FindTargetPageId rootid 3 tid 106021
target_page_id id: 4 tid 106021
0 1 tid 106021
140 4 tid 106021
365 2 tid 106021
152 tid 106021
Insert  tid 106021
FindTargetPageId rootid 3 tid 106019
target_page_id id: 4 tid 106019
0 1 tid 106019
140 4 tid 106019
365 2 tid 106019
153 tid 106019
Insert  tid 106019
FindTargetPageId rootid 3 tid 106019
target_page_id id: 4 tid 106019
0 1 tid 106019
140 4 tid 106019
365 2 tid 106019
154 tid 106019
Insert  tid 106019
FindTargetPageId rootid 3 tid 106019
target_page_id id: 4 tid 106019
0 1 tid 106019
140 4 tid 106019
365 2 tid 106019
155 tid 106019
Insert  tid 106019
FindTargetPageId rootid 3 tid 106019
target_page_id id: 4 tid 106019
0 1 tid 106019
140 4 tid 106019
365 2 tid 106019
156 tid 106019
Insert  tid 106019
FindTargetPageId rootid 3 tid 106019
target_page_id id: 4 tid 106019
0 1 tid 106019
140 4 tid 106019
365 2 tid 106019
157 tid 106019
Insert  tid 106019
FindTargetPageId rootid 3 tid 106021
target_page_id id: 4 tid 106021
0 1 tid 106021
140 4 tid 106021
365 2 tid 106021
158 tid 106021
Insert  tid 106021
FindTargetPageId rootid 3 tid 106021
target_page_id id: 4 tid 106021
0 1 tid 106021
140 4 tid 106021
365 2 tid 106021
159 tid 106021
Insert  tid 106021
FindTargetPageId rootid 3 tid 106021
target_page_id id: 4 tid 106021
0 1 tid 106021
140 4 tid 106021
365 2 tid 106021
160 tid 106021
Insert  tid 106021
FindTargetPageId rootid 3 tid 106021
target_page_id id: 4 tid 106021
0 1 tid 106021
140 4 tid 106021
365 2 tid 106021
161 tid 106021
Insert  tid 106021
FindTargetPageId rootid 3 tid 106021
target_page_id id: 4 tid 106021
0 1 tid 106021
140 4 tid 106021
365 2 tid 106021
162 tid 106021
Insert  tid 106021
FindTargetPageId rootid 3 tid 106021
target_page_id id: 4 tid 106021
0 1 tid 106021
140 4 tid 106021
365 2 tid 106021
163 tid 106021
Insert  tid 106021
FindTargetPageId rootid 3 tid 106019
target_page_id id: 4 tid 106019
0 1 tid 106019
140 4 tid 106019
365 2 tid 106019
164 tid 106019
Insert  tid 106019
FindTargetPageId rootid 3 tid 106019
target_page_id id: 4 tid 106019
0 1 tid 106019
140 4 tid 106019
365 2 tid 106019
165 tid 106019
Insert  tid 106019
FindTargetPageId rootid 3 tid 106019
target_page_id id: 4 tid 106019
0 1 tid 106019
140 4 tid 106019
365 2 tid 106019
166 tid 106019
Insert  tid 106019
FindTargetPageId rootid 3 tid 106020
target_page_id id: 4 tid 106020
0 1 tid 106020
140 4 tid 106020
365 2 tid 106020
167 tid 106020
Remove  tid 106020
FindTargetPageId rootid 3 tid 106021
target_page_id id: 4 tid 106021
0 1 tid 106021
140 4 tid 106021
365 2 tid 106021
166 tid 106021
Insert  tid 106021
FindTargetPageId rootid 3 tid 106019
target_page_id id: 4 tid 106019
0 1 tid 106019
140 4 tid 106019
365 2 tid 106019
167 tid 106019
Insert  tid 106019
FindTargetPageId rootid 3 tid 106019
target_page_id id: 4 tid 106019
0 1 tid 106019
140 4 tid 106019
365 2 tid 106019
168 tid 106019
Insert  tid 106019
FindTargetPageId rootid 3 tid 106021
target_page_id id: 4 tid 106021
0 1 tid 106021
140 4 tid 106021
365 2 tid 106021
169 tid 106021
Insert  tid 106021
FindTargetPageId rootid 3 tid 106020
target_page_id id: 4 tid 106020
0 1 tid 106020
140 4 tid 106020
365 2 tid 106020
170 tid 106020
Remove  tid 106020
FindTargetPageId rootid 3 tid 106019
target_page_id id: 4 tid 106019
0 1 tid 106019
140 4 tid 106019
365 2 tid 106019
169 tid 106019
Insert  tid 106019
FindTargetPageId rootid 3 tid 106019
target_page_id id: 4 tid 106019
0 1 tid 106019
140 4 tid 106019
365 2 tid 106019
170 tid 106019
Insert  tid 106019
FindTargetPageId rootid 3 tid 106019
target_page_id id: 4 tid 106019
0 1 tid 106019
140 4 tid 106019
365 2 tid 106019
170 tid 106019
Insert  tid 106019
FindTargetPageId rootid 3 tid 106019
target_page_id id: 4 tid 106019
0 1 tid 106019
140 4 tid 106019
365 2 tid 106019
170 tid 106019
Insert  tid 106019
FindTargetPageId rootid 3 tid 106019
target_page_id id: 4 tid 106019
0 1 tid 106019
140 4 tid 106019
365 2 tid 106019
170 tid 106019
Insert  tid 106019
FindTargetPageId rootid 3 tid 106021
target_page_id id: 4 tid 106021
0 1 tid 106021
140 4 tid 106021
365 2 tid 106021
170 tid 106021
Insert  tid 106021
FindTargetPageId rootid 3 tid 106020
target_page_id id: 4 tid 106020
0 1 tid 106020
140 4 tid 106020
365 2 tid 106020
171 tid 106020
Remove  tid 106020
FindTargetPageId rootid 3 tid 106019
target_page_id id: 4 tid 106019
0 1 tid 106019
140 4 tid 106019
365 2 tid 106019
170 tid 106019
Insert  tid 106019
FindTargetPageId rootid 3 tid 106019
target_page_id id: 4 tid 106019
0 1 tid 106019
140 4 tid 106019
365 2 tid 106019
170 tid 106019
Insert  tid 106019
FindTargetPageId rootid 3 tid 106019
target_page_id id: 4 tid 106019
0 1 tid 106019
140 4 tid 106019
365 2 tid 106019
170 tid 106019
Insert  tid 106019
FindTargetPageId rootid 3 tid 106019
target_page_id id: 4 tid 106019
0 1 tid 106019
140 4 tid 106019
365 2 tid 106019
170 tid 106019
Insert  tid 106019
FindTargetPageId rootid 3 tid 106019
target_page_id id: 4 tid 106019
0 1 tid 106019
140 4 tid 106019
365 2 tid 106019
170 tid 106019
Insert  tid 106019
FindTargetPageId rootid 3 tid 106019
target_page_id id: 4 tid 106019
0 1 tid 106019
140 4 tid 106019
365 2 tid 106019
170 tid 106019
Insert  tid 106019
FindTargetPageId rootid 3 tid 106019
target_page_id id: 4 tid 106019
0 1 tid 106019
140 4 tid 106019
365 2 tid 106019
170 tid 106019
Insert  tid 106019
FindTargetPageId rootid 3 tid 106019
target_page_id id: 4 tid 106019
0 1 tid 106019
140 4 tid 106019
365 2 tid 106019
170 tid 106019
Insert  tid 106019
FindTargetPageId rootid 3 tid 106019
target_page_id id: 4 tid 106019
0 1 tid 106019
140 4 tid 106019
365 2 tid 106019
170 tid 106019
Insert  tid 106019
FindTargetPageId rootid 3 tid 106019
target_page_id id: 4 tid 106019
0 1 tid 106019
140 4 tid 106019
365 2 tid 106019
170 tid 106019
Insert  tid 106019
FindTargetPageId rootid 3 tid 106019
target_page_id id: 4 tid 106019
0 1 tid 106019
140 4 tid 106019
365 2 tid 106019
170 tid 106019
Insert  tid 106019
FindTargetPageId rootid 3 tid 106019
target_page_id id: 4 tid 106019
0 1 tid 106019
140 4 tid 106019
365 2 tid 106019
170 tid 106019
Insert  tid 106019
FindTargetPageId rootid 3 tid 106019
target_page_id id: 4 tid 106019
0 1 tid 106019
140 4 tid 106019
365 2 tid 106019
170 tid 106019
Insert  tid 106019
FindTargetPageId rootid 3 tid 106019
target_page_id id: 4 tid 106019
0 1 tid 106019
140 4 tid 106019
365 2 tid 106019
170 tid 106019
Insert  tid 106019
FindTargetPageId rootid 3 tid 106019
target_page_id id: 4 tid 106019
0 1 tid 106019
140 4 tid 106019
365 2 tid 106019
170 tid 106019
Insert  tid 106019
FindTargetPageId rootid 3 tid 106019
target_page_id id: 4 tid 106019
0 1 tid 106019
140 4 tid 106019
365 2 tid 106019
170 tid 106019
Insert  tid 106019
FindTargetPageId rootid 3 tid 106019
target_page_id id: 4 tid 106019
0 1 tid 106019
140 4 tid 106019
365 2 tid 106019
170 tid 106019
Insert  tid 106019
FindTargetPageId rootid 3 tid 106019
target_page_id id: 4 tid 106019
0 1 tid 106019
140 4 tid 106019
365 2 tid 106019
170 tid 106019
Insert  tid 106019
FindTargetPageId rootid 3 tid 106019
target_page_id id: 4 tid 106019
0 1 tid 106019
140 4 tid 106019
365 2 tid 106019
170 tid 106019
Insert  tid 106019
FindTargetPageId rootid 3 tid 106019
target_page_id id: 4 tid 106019
0 1 tid 106019
140 4 tid 106019
365 2 tid 106019
170 tid 106019
Insert  tid 106019
FindTargetPageId rootid 3 tid 106019
target_page_id id: 4 tid 106019
0 1 tid 106019
140 4 tid 106019
365 2 tid 106019
170 tid 106019
Insert  tid 106019
FindTargetPageId rootid 3 tid 106019
target_page_id id: 4 tid 106019
0 1 tid 106019
140 4 tid 106019
365 2 tid 106019
170 tid 106019
Insert  tid 106019
FindTargetPageId rootid 3 tid 106020
target_page_id id: 4 tid 106020
0 1 tid 106020
140 4 tid 106020
365 2 tid 106020
170 tid 106020
Remove  tid 106020
FindTargetPageId rootid 3 tid 106021
target_page_id id: 4 tid 106021
0 1 tid 106021
140 4 tid 106021
365 2 tid 106021
169 tid 106021
Insert  tid 106021
FindTargetPageId rootid 3 tid 106019
target_page_id id: 4 tid 106019
0 1 tid 106019
140 4 tid 106019
365 2 tid 106019
170 tid 106019
Insert  tid 106019
FindTargetPageId rootid 3 tid 106020
target_page_id id: 4 tid 106020
0 1 tid 106020
140 4 tid 106020
365 2 tid 106020
170 tid 106020
Remove  tid 106020
FindTargetPageId rootid 3 tid 106020
target_page_id id: 4 tid 106020
0 1 tid 106020
140 4 tid 106020
365 2 tid 106020
169 tid 106020
Remove  tid 106020
FindTargetPageId rootid 3 tid 106020
target_page_id id: 4 tid 106020
0 1 tid 106020
140 4 tid 106020
365 2 tid 106020
168 tid 106020
Remove  tid 106020
FindTargetPageId rootid 3 tid 106020
target_page_id id: 4 tid 106020
0 1 tid 106020
140 4 tid 106020
365 2 tid 106020
167 tid 106020
Remove  tid 106020
FindTargetPageId rootid 3 tid 106019
target_page_id id: 4 tid 106019
0 1 tid 106019
140 4 tid 106019
365 2 tid 106019
166 tid 106019
Insert  tid 106019
FindTargetPageId rootid 3 tid 106021
target_page_id id: 4 tid 106021
0 1 tid 106021
140 4 tid 106021
365 2 tid 106021
167 tid 106021
Insert  tid 106021
FindTargetPageId rootid 3 tid 106021
target_page_id id: 4 tid 106021
0 1 tid 106021
140 4 tid 106021
365 2 tid 106021
167 tid 106021
Insert  tid 106021
FindTargetPageId rootid 3 tid 106021
target_page_id id: 4 tid 106021
0 1 tid 106021
140 4 tid 106021
365 2 tid 106021
168 tid 106021
Insert  tid 106021
FindTargetPageId rootid 3 tid 106019
target_page_id id: 4 tid 106019
0 1 tid 106019
140 4 tid 106019
365 2 tid 106019
169 tid 106019
Insert  tid 106019
FindTargetPageId rootid 3 tid 106020
target_page_id id: 4 tid 106020
0 1 tid 106020
140 4 tid 106020
365 2 tid 106020
169 tid 106020
Remove  tid 106020
FindTargetPageId rootid 3 tid 106020
target_page_id id: 4 tid 106020
0 1 tid 106020
140 4 tid 106020
365 2 tid 106020
168 tid 106020
Remove  tid 106020
FindTargetPageId rootid 3 tid 106020
target_page_id id: 4 tid 106020
0 1 tid 106020
140 4 tid 106020
365 2 tid 106020
167 tid 106020
Remove  tid 106020FindTargetPageId rootid 
3 tid 106021
target_page_id id: 4 tid 106021
0 1 tid 106021
140 4 tid 106021
365 2 tid 106021
166 tid 106021
Insert  tid 106021
FindTargetPageId rootid 3 tid 106021
target_page_id id: 4 tid 106021
0 1 tid 106021
140 4 tid 106021
365 2 tid 106021
167 tid 106021
Insert  tid 106021
FindTargetPageId rootid 3 tid 106020
target_page_id id: 4 tid 106020
0 1 tid 106020
140 4 tid 106020
365 2 tid 106020
168 tid 106020
Remove  tid 106020
FindTargetPageId rootid 3 tid 106019
target_page_id id: 4 tid 106019
0 1 tid 106019
140 4 tid 106019
365 2 tid 106019
167 tid 106019
Insert  tid 106019
FindTargetPageId rootid 3 tid 106021
target_page_id id: 4 tid 106021
0 1 tid 106021
140 4 tid 106021
365 2 tid 106021
167 tid 106021
Insert  tid 106021
FindTargetPageId rootid 3 tid 106020
target_page_id id: 4 tid 106020
0 1 tid 106020
140 4 tid 106020
365 2 tid 106020
168 tid 106020
Remove  tid 106020
FindTargetPageId rootid 3 tid 106019
target_page_id id: 4 tid 106019
0 1 tid 106019
140 4 tid 106019
365 2 tid 106019
167 tid 106019
Insert  tid 106019
FindTargetPageId rootid 3 tid 106021
target_page_id id: 4 tid 106021
0 1 tid 106021
140 4 tid 106021
365 2 tid 106021
167 tid 106021
Insert  tid 106021
FindTargetPageId rootid 3 tid 106020
target_page_id id: 4 tid 106020
0 1 tid 106020
140 4 tid 106020
365 2 tid 106020
168 tid 106020
Remove  tid 106020
FindTargetPageId rootid 3 tid 106019
target_page_id id: 4 tid 106019
0 1 tid 106019
140 4 tid 106019
365 2 tid 106019
167 tid 106019
Insert  tid 106019
FindTargetPageId rootid 3 tid 106021
target_page_id id: 4 tid 106021
0 1 tid 106021
140 4 tid 106021
365 2 tid 106021
167 tid 106021
Insert  tid 106021
FindTargetPageId rootid 3 tid 106020
target_page_id id: 4 tid 106020
0 1 tid 106020
140 4 tid 106020
365 2 tid 106020
168 tid 106020
Remove  tid 106020
FindTargetPageId rootid 3 tid 106019
target_page_id id: 4 tid 106019
0 1 tid 106019
140 4 tid 106019
365 2 tid 106019
167 tid 106019
Insert  tid 106019
FindTargetPageId rootid 3 tid 106021
target_page_id id: 4 tid 106021
0 1 tid 106021
140 4 tid 106021
365 2 tid 106021
167 tid 106021
FindTargetPageId rootid 3 tid 106020
target_page_id id: 4 tid 106020
0 1 tid 106020
140 4 tid 106020
365 2 tid 106020
168 tid 106020
Remove  tid 106020
FindTargetPageId rootid 3 tid 106020
target_page_id id: 4 tid 106020
0 1 tid 106020
140 4 tid 106020
365 2 tid 106020
167 tid 106020
Remove  tid 106020
FindTargetPageId rootid 3 tid 106020
target_page_id id: 4 tid 106020
0 1 tid 106020
140 4 tid 106020
365 2 tid 106020
166 tid 106020
Remove  tid 106020
FindTargetPageId rootid 3 tid 106020
target_page_id id: 4 tid 106020
0 1 tid 106020
140 4 tid 106020
365 2 tid 106020
165 tid 106020
Remove  tid 106020
FindTargetPageId rootid 3 tid 106020
Insert  tid 106021
target_page_id id: 4 tid 106020
0 1 tid 106020
140 4 tid 106020
365 2 tid 106020
164 tid 106020
Remove  tid 106020
FindTargetPageId rootid 3 tid 106020
target_page_id id: 4 tid 106020
0 1 tid 106020
140 4 tid 106020
365 2 tid 106020
163 tid 106020
Remove  tid 106020
FindTargetPageId rootid 3 tid 106021
target_page_id id: 4 tid 106021
0 1 tid 106021
140 4 tid 106021
365 2 tid 106021
162 tid 106021
Insert  tid 106021
FindTargetPageId rootid 3 tid 106021
target_page_id id: 4 tid 106021
0 1 tid 106021
140 4 tid 106021
365 2 tid 106021
163 tid 106021
Insert  tid 106021
FindTargetPageId rootid 3 tid 106020
target_page_id id: 4 tid 106020
0 1 tid 106020
140 4 tid 106020
365 2 tid 106020
164 tid 106020
Remove  tid 106020
FindTargetPageId rootid 3 tid 106020
target_page_id id: 4 tid 106020
0 1 tid 106020
140 4 tid 106020
365 2 tid 106020
163 tid 106020
Remove  tid 106020
FindTargetPageId rootid 3 tid 106021
target_page_id id: 4 tid 106021
0 1 tid 106021
140 4 tid 106021
365 2 tid 106021
162 tid 106021
Insert  tid 106021
FindTargetPageId rootid 3 tid 106019
target_page_id id: 4 tid 106019
0 1 tid 106019
140 4 tid 106019
365 2 tid 106019
163 tid 106019
Insert  tid 106019
FindTargetPageId rootid 3 tid 106020
target_page_id id: 4 tid 106020
0 1 tid 106020
140 4 tid 106020
365 2 tid 106020
163 tid 106020
Remove  tid 106020
FindTargetPageId rootid 3 tid 106021
target_page_id id: 4 tid 106021
0 1 tid 106021
140 4 tid 106021
365 2 tid 106021
162 tid 106021
Insert  tid 106021
FindTargetPageId rootid 3 tid 106019
target_page_id id: 4 tid 106019
0 1 tid 106019
140 4 tid 106019
365 2 tid 106019
163 tid 106019
Insert  tid 106019
FindTargetPageId rootid 3 tid 106020
target_page_id id: 4 tid 106020
0 1 tid 106020
140 4 tid 106020
365 2 tid 106020
163 tid 106020
Remove  tid 106020
FindTargetPageId rootid 3 tid 106020
target_page_id id: 4 tid 106020
0 1 tid 106020
140 4 tid 106020
365 2 tid 106020
162 tid 106020
FindTargetPageId rootid 3 tid 106019
target_page_id id: 4 tid 106019
0 1 tid 106019
140 4 tid 106019
365 2 tid 106019
161 tid 106019
Insert  tid 106019
FindTargetPageId rootid 3 tid 106019
target_page_id id: 4 tid 106019
0 1 tid 106019
140 4 tid 106019
365 2 tid 106019
161 tid 106019
Insert  tid 106019
FindTargetPageId rootid 3 tid 106021
target_page_id id: 4 tid 106021
0 1 tid 106021
140 4 tid 106021
365 2 tid 106021
161 tid 106021
Remove  tid 106020
Insert  tid 106021
FindTargetPageId rootid 3 tid 106020
target_page_id id: 4 tid 106020
0 1 tid 106020
140 4 tid 106020
365 2 tid 106020
162 tid 106020
Remove  tid 106020
FindTargetPageId rootid 3 tid 106019
target_page_id id: 4 tid 106019
0 1 tid 106019
140 4 tid 106019
365 2 tid 106019
161 tid 106019
Insert  tid 106019
FindTargetPageId rootid 3 tid 106021
target_page_id id: 4 tid 106021
0 1 tid 106021
140 4 tid 106021
365 2 tid 106021
161 tid 106021
Insert  tid 106021
FindTargetPageId rootid 3 tid 106021
target_page_id id: 4 tid 106021
0 1 tid 106021
140 4 tid 106021
365 2 tid 106021
162 tid 106021
Insert  tid 106021
FindTargetPageId rootid 3 tid 106019
target_page_id id: 4 tid 106019
0 1 tid 106019
140 4 tid 106019
365 2 tid 106019
163 tid 106019
Insert  tid 106019
FindTargetPageId rootid 3 tid 106020
target_page_id id: 4 tid 106020
0 1 tid 106020
140 4 tid 106020
365 2 tid 106020
163 tid 106020
Remove  tid 106020
FindTargetPageId rootid 3 tid 106021
target_page_id id: 4 tid 106021
0 1 tid 106021
140 4 tid 106021
365 2 tid 106021
162 tid 106021
Insert  tid 106021
FindTargetPageId rootid 3 tid 106019
target_page_id id: 4 tid 106019
0 1 tid 106019
140 4 tid 106019
365 2 tid 106019
163 tid 106019
Insert  tid 106019
FindTargetPageId rootid 3 tid 106020
target_page_id id: 4 tid 106020
0 1 tid 106020
140 4 tid 106020
365 2 tid 106020
163 tid 106020
Remove  tid 106020
FindTargetPageId rootid 3 tid 106021
target_page_id id: 4 tid 106021
0 1 tid 106021
140 4 tid 106021
365 2 tid 106021
162 tid 106021
Insert  tid 106021
FindTargetPageId rootid 3 tid 106019
target_page_id id: 4 tid 106019
0 1 tid 106019
140 4 tid 106019
365 2 tid 106019
163 tid 106019
Insert  tid 106019
FindTargetPageId rootid 3 tid 106019
target_page_id id: 4 tid 106019
0 1 tid 106019
140 4 tid 106019
365 2 tid 106019
163 tid 106019
Insert  tid 106019
FindTargetPageId rootid 3 tid 106019
target_page_id id: 4 tid 106019
0 1 tid 106019
140 4 tid 106019
365 2 tid 106019
163 tid 106019
FindTargetPageId rootid 3 tid 106020
target_page_id id: 4 tid 106020
0 1 tid 106020
Insert 140 tid  4 tid 106019106020

365 2 tid 106020
163 tid 106020
Remove  tid 106020
FindTargetPageId rootid 3 tid 106020
target_page_id id: 4 tid 106020
0 1 tid 106020
140 4 tid 106020
365 2 tid 106020
162 tid 106020
Remove  tid 106020
FindTargetPageId rootid 3 tid 106020
target_page_id id: 4 tid 106020
0 1 tid 106020
140 4 tid 106020
365 2 tid 106020
161 tid 106020
Remove  tid 106020
FindTargetPageId rootid 3 tid 106020
target_page_id id: 4 tid 106020
0 1 tid 106020
140 4 tid 106020
365 2 tid 106020
160 tid 106020
Remove  tid 106020
FindTargetPageId rootid 3 tid 106020
target_page_id id: 4 tid 106020
0 1 tid 106020
140 4 tid 106020
365 2 tid 106020
159 tid 106020
Remove  tid 106020
FindTargetPageId rootid 3 tid 106020
target_page_id id: 4 tid 106020
0 1 tid 106020
140 4 tid 106020
365 2 tid 106020
158 tid 106020
Remove  tid 106020
FindTargetPageId rootid 3 tid 106020
target_page_id id: 4 tid 106020
0 1 tid 106020
140 4 tid 106020
365 2 tid 106020
157 tid 106020
Remove  tid 106020
FindTargetPageId rootid 3 tid 106020
target_page_id id: 4 tid 106020
0 1 tid 106020
140 4 tid 106020
365 2 tid 106020
156 tid 106020
Remove  tid 106020
FindTargetPageId rootid 3 tid 106021
target_page_id id: 4 tid 106021
0 1 tid 106021
140 4 tid 106021
365 2 tid 106021
155 tid 106021
Insert  tid 106021
FindTargetPageId rootid 3 tid 106021
target_page_id id: 4 tid 106021
0 1 tid 106021
140 4 tid 106021
365 2 tid 106021
156 tid 106021
Insert  tid 106021
FindTargetPageId rootid 3 tid 106020
target_page_id id: 4 tid 106020
0 1 tid 106020
140 4 tid 106020
365 2 tid 106020
157 tid 106020
Remove  tid 106020
FindTargetPageId rootid 3 tid 106020
target_page_id id: 4 tid 106020
0 1 tid 106020
140 4 tid 106020
365 2 tid 106020
156 tid 106020
Remove  tid 106020
FindTargetPageId rootid 3 tid 106019
target_page_id id: 4 tid 106019
0 1 tid 106019
140 4 tid 106019
365 2 tid 106019
155 tid 106019
Insert  tid 106019
FindTargetPageId rootid 3 tid 106019
target_page_id id: 4 tid 106019
0 1 tid 106019
140 4 tid 106019
365 2 tid 106019
155 tid 106019
Insert  tid 106019
FindTargetPageId rootid 3 tid 106019
target_page_id id: 4 tid 106019
0 1 tid 106019
140 4 tid 106019
365 2 tid 106019
155 tid 106019
Insert  tid 106019
FindTargetPageId rootid 3 tid 106019
target_page_id id: 4 tid 106019
0 1 tid 106019
140 4 tid 106019
365 2 tid 106019
155 tid 106019
Insert  tid 106019FindTargetPageId rootid 3 tid 106021
target_page_id id: 4 tid 106021
0 1 tid 106021
140 4 tid 106021
365 2 tid 106021
155 tid 106021
Insert  tid 106021
FindTargetPageId rootid 3 tid 106021
target_page_id id: 4 tid 106021
0 1 tid 106021
140 4 tid 106021
365 2 tid 106021
156 tid 106021

FindTargetPageId rootid 3 tid 106020
Insert  tid target_page_id id: 106021
4 tid 106020
0 1 tid 106020
140 4 tid 106020
365 2 tid 106020
157 tid 106020
Remove  tid 106020
FindTargetPageId rootid 3 tid 106019
target_page_id id: 4 tid 106019
0 1 tid 106019
140 4 tid 106019
365 2 tid 106019
156 tid 106019
FindTargetPageId rootid 3 tid 106021
target_page_id id: 4 tid 106021
0 1 tid 106021
140 4 tid 106021
365 2 tid 106021
156 tid 106021
Insert  tid 106021
FindTargetPageId rootid 3 tid 106021
target_page_id id: 4 tid 106021
0 1 tid 106021
140 4 tid 106021
365 2 tid 106021
157 tid 106021
Insert  tid 106021
FindTargetPageId rootid 3 tid 106021
target_page_id id: 4 tid 106021
0 1 tid 106021
140 4 tid 106021
365 2 tid 106021
Insert  tid 106019
158 tid 106021
Insert  tid 106021
FindTargetPageId rootid 3 tid 106021
target_page_id id: 4 tid 106021
0 1 tid 106021
140 4 tid 106021
365 2 tid 106021
159 tid 106021
Insert  tid 106021
FindTargetPageId rootid 3 tid 106021
target_page_id id: 4 tid 106021
0 1 tid 106021
140 4 tid 106021
365 2 tid 106021
160 tid 106021
Insert  tid 106021
FindTargetPageId rootid 3 tid 106021
target_page_id id: 4 tid 106021
0 1 tid 106021
140 4 tid 106021
365 2 tid 106021
161 tid 106021
Insert  tid 106021
FindTargetPageId rootid 3 tid 106021
target_page_id id: 4 tid 106021
0 1 tid 106021
140 4 tid 106021
365 2 tid 106021
162 tid 106021
Insert  tid 106021
FindTargetPageId rootid 3 tid 106020
target_page_id id: 4 tid 106020
0 1 tid 106020
140 4 tid 106020
365 2 tid 106020
163 tid 106020
Remove  tid 106020
FindTargetPageId rootid 3 tid 106020
target_page_id id: 4 tid 106020
0 1 tid 106020
140 4 tid 106020
365 2 tid 106020
162 tid 106020
Remove  tid 106020
FindTargetPageId rootid 3 tid 106020
target_page_id id: 4 tid 106020
0 1 tid 106020
140 4 tid 106020
365 2 tid 106020
161 tid 106020
Remove  tid 106020
FindTargetPageId rootid 3 tid 106020
target_page_id id: 4 tid 106020
0 1 tid 106020
140 4 tid 106020
365 2 tid 106020
160 tid 106020
Remove  tid 106020
FindTargetPageId rootid 3 tid 106020
target_page_id id: 4 tid 106020
0 1 tid 106020
140 4 tid 106020
365 2 tid 106020
159 tid 106020
Remove  tid 106020
FindTargetPageId rootid 3 tid 106020
target_page_id id: 4 tid 106020
0 1 tid 106020
140 4 tid 106020
365 2 tid 106020
158 tid 106020
Remove  tid 106020
FindTargetPageId rootid 3 tid 106020
target_page_id id: 4 tid 106020
0 1 tid 106020
140 4 tid 106020
365 2 tid 106020
157 tid 106020
Remove  tid 106020
FindTargetPageId rootid 3 tid 106020
target_page_id id: 4 tid 106020
0 1 tid 106020
140 4 tid 106020
365 2 tid 106020
156 tid 106020
Remove  tid 106020
FindTargetPageId rootid 3 tid 106020
target_page_id id: 4 tid 106020
0 1 tid 106020
140 4 tid 106020
365 2 tid 106020
155 tid 106020
Remove  tid 106020
FindTargetPageId rootid 3 tid 106020
target_page_id id: 4 tid 106020
0 1 tid 106020
140 4 tid 106020
365 2 tid 106020
154 tid 106020
Remove  tid 106020
FindTargetPageId rootid 3 tid 106020
target_page_id id: 4 tid 106020
0 1 tid 106020
140 4 tid 106020
365 2 tid 106020
153 tid 106020
Remove  tid 106020
FindTargetPageId rootid 3 tid 106020
target_page_id id: 4 tid 106020
0 1 tid 106020
140 4 tid 106020
365 2 tid 106020
152 tid 106020
Remove  tid 106020
FindTargetPageId rootid 3 tid 106020
target_page_id id: 4 tid 106020
0 1 tid 106020
140 4 tid 106020
365 2 tid 106020
151 tid 106020
Remove  tid 106020
FindTargetPageId rootid 3 tid 106020
target_page_id id: 4 tid 106020
0 1 tid 106020
140 4 tid 106020
365 2 tid 106020
150 tid 106020
Remove  tid 106020
FindTargetPageId rootid 3 tid 106020
target_page_id id: 4 tid 106020
0 1 tid 106020
140 4 tid 106020
365 2 tid 106020
149 tid 106020
Remove  tid 106020
FindTargetPageId rootid 3 tid 106020
target_page_id id: 4 tid 106020
0 1 tid 106020
140 4 tid 106020
365 2 tid 106020
148 tid 106020
Remove  tid 106020
FindTargetPageId rootid 3 tid 106020
target_page_id id: 4 tid 106020
0 1 tid 106020
140 4 tid 106020
365 2 tid 106020
147 tid 106020
Remove  tid 106020
FindTargetPageId rootid 3 tid 106020
target_page_id id: 4 tid 106020
0 1 tid 106020
140 4 tid 106020
365 2 tid 106020
146 tid 106020
Remove  tid 106020
FindTargetPageId rootid 3 tid 106020
target_page_id id: 4 tid 106020
0 1 tid 106020
140 4 tid 106020
365 2 tid 106020
145 tid 106020
Remove  tid 106020
FindTargetPageId rootid 3 tid 106020
target_page_id id: 4 tid 106020
0 1 tid 106020
140 4 tid 106020
365 2 tid 106020
145 tid 106020
Remove  tid 106020
FindTargetPageId rootid 3 tid 106020
target_page_id id: 4 tid 106020
0 1 tid 106020
140 4 tid 106020
365 2 tid 106020
145 tid 106020
Remove  tid 106020
FindTargetPageId rootid 3 tid 106020
target_page_id id: 4 tid 106020
0 1 tid 106020
140 4 tid 106020
365 2 tid 106020
145 tid 106020
Remove  tid 106020
FindTargetPageId rootid 3 tid 106020
target_page_id id: 4 tid 106020
0 1 tid 106020
140 4 tid 106020
365 2 tid 106020
145 tid 106020
Remove  tid 106020
FindTargetPageId rootid 3 tid 106020
target_page_id id: 4 tid 106020
0 1 tid 106020
140 4 tid 106020
365 2 tid 106020
145 tid 106020
Remove  tid 106020
FindTargetPageId rootid 3 tid 106020
target_page_id id: 4 tid 106020
0 1 tid 106020
140 4 tid 106020
365 2 tid 106020
145 tid 106020
Remove  tid 106020
FindTargetPageId rootid 3 tid 106020
target_page_id id: 4 tid 106020
0 1 tid 106020
140 4 tid 106020
365 2 tid 106020
145 tid 106020
Remove  tid 106020
FindTargetPageId rootid 3 tid 106020
target_page_id id: 4 tid 106020
0 1 tid 106020
140 4 tid 106020
365 2 tid 106020
145 tid 106020
Remove  tid 106020
FindTargetPageId rootid 3 tid 106020
target_page_id id: 4 tid 106020
0 1 tid 106020
140 4 tid 106020
365 2 tid 106020
145 tid 106020
Remove  tid 106020
FindTargetPageId rootid 3 tid 106020
target_page_id id: 4 tid 106020
0 1 tid 106020
140 4 tid 106020
365 2 tid 106020
145 tid 106020
Remove  tid 106020
FindTargetPageId rootid 3 tid 106020
target_page_id id: 4 tid 106020
0 1 tid 106020
140 4 tid 106020
365 2 tid 106020
145 tid 106020
Remove  tid 106020
FindTargetPageId rootid 3 tid 106020
target_page_id id: 4 tid 106020
0 1 tid 106020
140 4 tid 106020
365 2 tid 106020
145 tid 106020
Remove  tid 106020
FindTargetPageId rootid 3 tid 106020
target_page_id id: 4 tid 106020
0 1 tid 106020
140 4 tid 106020
365 2 tid 106020
145 tid 106020
Remove  tid 106020
FindTargetPageId rootid 3 tid 106020
target_page_id id: 4 tid 106020
0 1 tid 106020
140 4 tid 106020
365 2 tid 106020
145 tid 106020
Remove  tid 106020
FindTargetPageId rootid 3 tid 106020
target_page_id id: 4 tid 106020
0 1 tid 106020
140 4 tid 106020
365 2 tid 106020
145 tid 106020
Remove  tid 106020
FindTargetPageId rootid 3 tid 106020
target_page_id id: 4 tid 106020
0 1 tid 106020
140 4 tid 106020
365 2 tid 106020
145 tid 106020
Remove  tid 106020
FindTargetPageId rootid 3 tid 106020
target_page_id id: 4 tid 106020
0 1 tid 106020
140 4 tid 106020
365 2 tid 106020
145 tid 106020
Remove  tid 106020
FindTargetPageId rootid 3 tid 106020
target_page_id id: 4 tid 106020
0 1 tid 106020
140 4 tid 106020
365 2 tid 106020
145 tid 106020
Remove  tid 106020
FindTargetPageId rootid 3 tid 106020
target_page_id id: 4 tid 106020
0 1 tid 106020
140 4 tid 106020
365 2 tid 106020
145 tid 106020
Remove  tid 106020
FindTargetPageId rootid 3 tid 106020
target_page_id id: 4 tid 106020
0 1 tid 106020
140 4 tid 106020
365 2 tid 106020
145 tid 106020
Remove  tid 106020
FindTargetPageId rootid 3 tid 106020
target_page_id id: 4 tid 106020
0 1 tid 106020
140 4 tid 106020
365 2 tid 106020
145 tid 106020
Remove  tid 106020
FindTargetPageId rootid 3 tid 106020
target_page_id id: 4 tid 106020
0 1 tid 106020
140 4 tid 106020
365 2 tid 106020
145 tid 106020
Remove  tid 106020
FindTargetPageId rootid 3 tid 106020
target_page_id id: 4 tid 106020
0 1 tid 106020
140 4 tid 106020
365 2 tid 106020
145 tid 106020
Remove  tid 106020
FindTargetPageId rootid 3 tid 106020
target_page_id id: 2 tid 106020
0 1 tid 106020
140 4 tid 106020
365 2 tid 106020
128 tid 106020
Remove  tid 106020
FindTargetPageId rootid 3 tid 106020
target_page_id id: 2 tid 106020
0 1 tid 106020
140 4 tid 106020
365 2 tid 106020
128 tid 106020
Remove  tid 106020
FindTargetPageId rootid 3 tid 106020
target_page_id id: 2 tid 106020
0 1 tid 106020
140 4 tid 106020
365 2 tid 106020
128 tid 106020
Remove  tid 106020
FindTargetPageId rootid 3 tid 106020
target_page_id id: 2 tid 106020
0 1 tid 106020
140 4 tid 106020
365 2 tid 106020
128 tid 106020
Remove  tid 106020
FindTargetPageId rootid 3 tid 106021
target_page_id id: 4 tid 106021
0 1 tid 106021
140 4 tid 106021
365 2 tid 106021
145 tid 106021
Insert  tid 106021
FindTargetPageId rootid 3 tid 106021
target_page_id id: 4 tid 106021
0 1 tid 106021
140 4 tid 106021
365 2 tid 106021
146 tid 106021
Insert  tid 106021
FindTargetPageId rootid 3 tid 106021
target_page_id id: 4 tid 106021
0 1 tid 106021
140 4 tid 106021
365 2 tid 106021
147 tid 106021
Insert  tid 106021
FindTargetPageId rootid 3 tid 106021
target_page_id id: 4 tid 106021
0 1 tid 106021
140 4 tid 106021
365 2 tid 106021
148 tid 106021
Insert  tid 106021
FindTargetPageId rootid 3 tid 106021
target_page_id id: 4 tid 106021
0 1 tid 106021
140 4 tid 106021
365 2 tid 106021
149 tid 106021
Insert  tid 106021
FindTargetPageId rootid 3 tid 106021
target_page_id id: 4 tid 106021
0 1 tid 106021
140 4 tid 106021
365 2 tid 106021
150 tid 106021
Insert  tid 106021
FindTargetPageId rootid 3 tid 106021
target_page_id id: 4 tid 106021
0 1 tid 106021
140 4 tid 106021
365 2 tid 106021
151 tid 106021
Insert  tid 106021
FindTargetPageId rootid 3 tid 106021
target_page_id id: 4 tid 106021
0 1 tid 106021
140 4 tid 106021
365 2 tid 106021
152 tid 106021
Insert  tid 106021
FindTargetPageId rootid 3 tid 106021
target_page_id id: 4 tid 106021
0 1 tid 106021
140 4 tid 106021
365 2 tid 106021
153 tid 106021
Insert  tid 106021
FindTargetPageId rootid 3 tid 106021
target_page_id id: 4 tid 106021
0 1 tid 106021
140 4 tid 106021
365 2 tid 106021
154 tid 106021
Insert  tid 106021
FindTargetPageId rootid 3 tid 106021
target_page_id id: 4 tid 106021
0 1 tid 106021
140 4 tid 106021
365 2 tid 106021
155 tid 106021
Insert  tid 106021
FindTargetPageId rootid 3 tid 106021
target_page_id id: 4 tid 106021
0 1 tid 106021
140 4 tid 106021
365 2 tid 106021
156 tid 106021
Insert  tid 106021
FindTargetPageId rootid 3 tid 106021
target_page_id id: 4 tid 106021
0 1 tid 106021
140 4 tid 106021
365 2 tid 106021
157 tid 106021
Insert  tid 106021
FindTargetPageId rootid 3 tid 106021
target_page_id id: 4 tid 106021
0 1 tid 106021
140 4 tid 106021
365 2 tid 106021
158 tid 106021
Insert  tid 106021
FindTargetPageId rootid 3 tid 106021
target_page_id id: 4 tid 106021
0 1 tid 106021
140 4 tid 106021
365 2 tid 106021
159 tid 106021
Insert  tid 106021
FindTargetPageId rootid 3 tid 106021
target_page_id id: 4 tid 106021
0 1 tid 106021
140 4 tid 106021
365 2 tid 106021
160 tid 106021
Insert  tid 106021
FindTargetPageId rootid 3 tid 106021
target_page_id id: 4 tid 106021
0 1 tid 106021
140 4 tid 106021
365 2 tid 106021
161 tid 106021
Insert  tid 106021
FindTargetPageId rootid 3 tid 106021
target_page_id id: 4 tid 106021
0 1 tid 106021
140 4 tid 106021
365 2 tid 106021
162 tid 106021
Insert  tid 106021
FindTargetPageId rootid 3 tid 106021
target_page_id id: 4 tid 106021
0 1 tid 106021
140 4 tid 106021
365 2 tid 106021
163 tid 106021
Insert  tid 106021
FindTargetPageId rootid 3 tid 106021
target_page_id id: 4 tid 106021
0 1 tid 106021
140 4 tid 106021
365 2 tid 106021
164 tid 106021
Insert  tid 106021
FindTargetPageId rootid 3 tid 106021
target_page_id id: 4 tid 106021
0 1 tid 106021
140 4 tid 106021
365 2 tid 106021
165 tid 106021
Insert  tid 106021
FindTargetPageId rootid 3 tid 106021
target_page_id id: 4 tid 106021
0 1 tid 106021
140 4 tid 106021
365 2 tid 106021
166 tid 106021
Insert  tid 106021
FindTargetPageId rootid 3 tid 106021
target_page_id id: 4 tid 106021
0 1 tid 106021
140 4 tid 106021
365 2 tid 106021
167 tid 106021
Insert  tid 106021
FindTargetPageId rootid 3 tid 106021
target_page_id id: 4 tid 106021
0 1 tid 106021
140 4 tid 106021
365 2 tid 106021
168 tid 106021
Insert  tid 106021
FindTargetPageId rootid 3 tid 106021
target_page_id id: 2 tid 106021
0 1 tid 106021
140 4 tid 106021
365 2 tid 106021
128 tid 106021
Insert  tid 106021
FindTargetPageId rootid 3 tid 106021
target_page_id id: 2 tid 106021
0 1 tid 106021
140 4 tid 106021
365 2 tid 106021
129 tid 106021
Insert  tid 106021
FindTargetPageId rootid 3 tid 106021
target_page_id id: 2 tid 106021
0 1 tid 106021
140 4 tid 106021
365 2 tid 106021
130 tid 106021
Insert  tid 106021
FindTargetPageId rootid 3 tid 106021
target_page_id id: 2 tid 106021
0 1 tid 106021
140 4 tid 106021
365 2 tid 106021
131 tid 106021
Insert  tid 106021
FindTargetPageId rootid 3 tid 106021
target_page_id id: 2 tid 106021
0 1 tid 106021
140 4 tid 106021
365 2 tid 106021
132 tid 106021
Insert  tid 106021
FindTargetPageId rootid 3 tid 106021
target_page_id id: 2 tid 106021
0 1 tid 106021
140 4 tid 106021
365 2 tid 106021
133 tid 106021
Insert  tid 106021
FindTargetPageId rootid 3 tid 106021
target_page_id id: 2 tid 106021
0 1 tid 106021
140 4 tid 106021
365 2 tid 106021
134 tid 106021
Insert  tid 106021
FindTargetPageId rootid 3 tid 106021
target_page_id id: 2 tid 106021
0 1 tid 106021
140 4 tid 106021
365 2 tid 106021
135 tid 106021
Insert  tid 106021
FindTargetPageId rootid 3 tid 106021
target_page_id id: 2 tid 106021
0 1 tid 106021
140 4 tid 106021
365 2 tid 106021
136 tid 106021
Insert  tid 106021
FindTargetPageId rootid 3 tid 106021
target_page_id id: 2 tid 106021
0 1 tid 106021
140 4 tid 106021
365 2 tid 106021
137 tid 106021
Insert  tid 106021
FindTargetPageId rootid 3 tid 106021
target_page_id id: 2 tid 106021
0 1 tid 106021
140 4 tid 106021
365 2 tid 106021
138 tid 106021
Insert  tid 106021
FindTargetPageId rootid 3 tid 106021
target_page_id id: 2 tid 106021
0 1 tid 106021
140 4 tid 106021
365 2 tid 106021
139 tid 106021
Insert  tid 106021
FindTargetPageId rootid 3 tid 106019
target_page_id id: 4 tid 106019
0 1 tid 106019
140 4 tid 106019
365 2 tid 106019
169 tid 106019
Insert  tid 106019
FindTargetPageId rootid 3 tid 106019
target_page_id id: 4 tid 106019
0 1 tid 106019
140 4 tid 106019
365 2 tid 106019
170 tid 106019
Insert  tid 106019
FindTargetPageId rootid 3 tid 106019
target_page_id id: 4 tid 106019
0 1 tid 106019
140 4 tid 106019
365 2 tid 106019
171 tid 106019
Insert  tid 106019
FindTargetPageId rootid 3 tid 106020
target_page_id id: 2 tid 106020
0 1 tid 106020
140 4 tid 106020
365 2 tid 106020
140 tid 106020
Remove  tid 106020
FindTargetPageId rootid 3 tid 106020
target_page_id id: 2 tid 106020
0 1 tid 106020
140 4 tid 106020
365 2 tid 106020
139 tid 106020
Remove  tid 106020
FindTargetPageId rootid 3 tid 106020
target_page_id id: 2 tid 106020
0 1 tid 106020
140 4 tid 106020
365 2 tid 106020
138 tid 106020
Remove  tid 106020
FindTargetPageId rootid 3 tid 106021
target_page_id id: 2 tid 106021
0 1 tid 106021
140 4 tid 106021
365 2 tid 106021
137 tid 106021
Insert  tid 106021
FindTargetPageId rootid 3 tid 106021
target_page_id id: 2 tid 106021
0 1 tid 106021
140 4 tid 106021
365 2 tid 106021
138 tid 106021
Insert  tid 106021
FindTargetPageId rootid 3 tid 106019
target_page_id id: 4 tid 106019
0 1 tid 106019
140 4 tid 106019
365 2 tid 106019
172 tid 106019
Insert  tid 106019
FindTargetPageId rootid 3 tid 106020
target_page_id id: 2 tid 106020
0 1 tid 106020
140 4 tid 106020
365 2 tid 106020
139 tid 106020
Remove  tid 106020
FindTargetPageId rootid 3 tid 106020
target_page_id id: 2 tid 106020
0 1 tid 106020
140 4 tid 106020
365 2 tid 106020
138 tid 106020
Remove  tid 106020
FindTargetPageId rootid 3 tid 106019
target_page_id id: 4 tid 106019
0 1 tid 106019
140 4 tid 106019
365 2 tid 106019
173 tid 106019
Insert  tid 106019
FindTargetPageId rootid 3 tid 106019
target_page_id id: 4 tid 106019
0 1 tid 106019
140 4 tid 106019
365 2 tid 106019
174 tid 106019
Insert  tid 106019
FindTargetPageId rootid 3 tid 106021
target_page_id id: 2 tid 106021
0 1 tid 106021
140 4 tid 106021
365 2 tid 106021
137 tid 106021
Insert  tid 106021
FindTargetPageId rootid 3 tid 106020
target_page_id id: 2 tid 106020
0 1 tid 106020
140 4 tid 106020
365 2 tid 106020
138 tid 106020
Remove  tid 106020
FindTargetPageId rootid 3 tid 106020
target_page_id id: 2 tid 106020
0 1 tid 106020
140 4 tid 106020
365 2 tid 106020
137 tid 106020
Remove  tid 106020
FindTargetPageId rootid 3 tid 106021
target_page_id id: 2 tid 106021
0 1 tid 106021
140 4 tid 106021
365 2 tid 106021
136 tid 106021
Insert  tid 106021
FindTargetPageId rootid 3 tid 106021
target_page_id id: 2 tid 106021
0 1 tid 106021
140 4 tid 106021
365 2 tid 106021
137 tid 106021
Insert  tid 106021
FindTargetPageId rootid 3 tid 106021
target_page_id id: 2 tid 106021
0 1 tid 106021
140 4 tid 106021
365 2 tid 106021
138 tid 106021
Insert  tid 106021
FindTargetPageId rootid 3 tid 106021
target_page_id id: 2 tid 106021
0 1 tid 106021
140 4 tid 106021
365 2 tid 106021
139 tid 106021
Insert  tid 106021
FindTargetPageId rootid 3 tid 106021
target_page_id id: 2 tid 106021
0 1 tid 106021
140 4 tid 106021
365 2 tid 106021
140 tid 106021
Insert  tid 106021
FindTargetPageId rootid 3 tid 106019
target_page_id id: 4 tid 106019
0 1 tid 106019
140 4 tid 106019
365 2 tid 106019
175 tid 106019
Insert  tid 106019
FindTargetPageId rootid 3 tid 106020
target_page_id id: 2 tid 106020
0 1 tid 106020
140 4 tid 106020
365 2 tid 106020
141 tid 106020
Remove  tid 106020
FindTargetPageId rootid 3 tid 106021
target_page_id id: 2 tid 106021
0 1 tid 106021
140 4 tid 106021
365 2 tid 106021
140 tid 106021
Insert  tid 106021
FindTargetPageId rootid 3 tid 106019
target_page_id id: 4 tid 106019
0 1 tid 106019
140 4 tid 106019
365 2 tid 106019
176 tid 106019
Insert  tid 106019
FindTargetPageId rootid 3 tid 106020
target_page_id id: 2 tid 106020
0 1 tid 106020
140 4 tid 106020
365 2 tid 106020
141 tid 106020
Remove  tid 106020
FindTargetPageId rootid 3 tid 106020
target_page_id id: 2 tid 106020
0 1 tid 106020
140 4 tid 106020
365 2 tid 106020
140 tid 106020
FindTargetPageId rootid 3 tid 106021
Remove  tid 106020
target_page_id id: 2 tid 106021
0 1 tid 106021
140 4 tid 106021
365 2 tid 106021
139 tid 106021
Insert  tid 106021
FindTargetPageId rootid 3 tid 106021
target_page_id id: 2 tid 106021
0 1 tid 106021
140 4 tid 106021
365 2 tid 106021
140 tid 106021
Insert  tid 106021
FindTargetPageId rootid 3 tid 106021
target_page_id id: 2 tid 106021
0 1 tid 106021
140 4 tid 106021
365 2 tid 106021
141 tid 106021
Insert  tid 106021
FindTargetPageId rootid 3 tid 106021
target_page_id id: 2 tid 106021
0 1 tid 106021
140 4 tid 106021
365 2 tid 106021
142 tid 106021
Insert  tid 106021
FindTargetPageId rootid 3 tid 106020
target_page_id id: 2 tid 106020
0 1 tid 106020
140 4 tid 106020
365 2 tid 106020
143 tid 106020
Remove  tid 106020
FindTargetPageId rootid 3 tid 106019
target_page_id id: 4 tid 106019
0 1 tid 106019
140 4 tid 106019
365 2 tid 106019
177 tid 106019
Insert  tid 106019
FindTargetPageId rootid 3 tid 106021
target_page_id id: 2 tid 106021
0 1 tid 106021
140 4 tid 106021
365 2 tid 106021
142 tid 106021
FindTargetPageId rootid 3 tid 106020
target_page_id id: 2 tid 106020
0 1 tid 106020
140 4 tid 106020
365 2 tid 106020
143 tid 106020
Insert  tid 106021
FindTargetPageId rootid 3 tid 106021
target_page_id id: 2 tid 106021
0 1 tid 106021
140 4 tid 106021
Remove  tid 365106020
 2 tid 106021
142 tid 106021
Insert  tid 106021
FindTargetPageId rootid 3 tid 106019
target_page_id id: 4 tid 106019
0 1 tid 106019
140 4 tid 106019
365 2 tid 106019
177 tid 106019
Insert  tid 106019
FindTargetPageId rootid 3 tid 106020
target_page_id id: 2 tid 106020
0 1 tid 106020
140 4 tid 106020
365 2 tid 106020
143 tid 106020
Remove  tid 106020
FindTargetPageId rootid 3 tid 106020
target_page_id id: 2 tid 106020
0 1 tid 106020
140 4 tid 106020
365 2 tid 106020
142 tid 106020
Remove  tid 106020
FindTargetPageId rootid 3 tid 106019
target_page_id id: 4 tid 106019
0 1 tid 106019
140 4 tid 106019
365 2 tid 106019
177 tid 106019
Insert  tid 106019
FindTargetPageId rootid 3 tid 106021
target_page_id id: 2 tid 106021
0 1 tid 106021
140 4 tid 106021
365 2 tid 106021
141 tid 106021
Insert  tid 106021
FindTargetPageId rootid 3 tid 106021
target_page_id id: 2 tid 106021
0 1 tid 106021
140 4 tid 106021
365 2 tid 106021
142 tid 106021
Insert  tid 106021
FindTargetPageId rootid 3 tid 106021
target_page_id id: 2 tid 106021
0 1 tid 106021
140 4 tid 106021
365 2 tid 106021
143 tid 106021
Insert  tid 106021
FindTargetPageId rootid 3 tid 106021
target_page_id id: 2 tid 106021
0 1 tid 106021
140 4 tid 106021
365 2 tid 106021
144 tid 106021
Insert  tid 106021
FindTargetPageId rootid 3 tid 106021
target_page_id id: 2 tid 106021
0 1 tid 106021
140 4 tid 106021
365 2 tid 106021
145 tid 106021
Insert  tid 106021
FindTargetPageId rootid 3 tid 106021
target_page_id id: 2 tid 106021
0 1 tid 106021
140 4 tid 106021
365 2 tid 106021
146 tid 106021
Insert  tid 106021
FindTargetPageId rootid 3 tid 106021
target_page_id id: 2 tid 106021
0 1 tid 106021
140 4 tid 106021
365 2 tid 106021
147 tid 106021
Insert  tid 106021
FindTargetPageId rootid 3 tid 106021
target_page_id id: 2 tid 106021
0 1 tid 106021
140 4 tid 106021
365 2 tid 106021
148 tid 106021
Insert  tid 106021
FindTargetPageId rootid 3 tid 106019
target_page_id id: 4 tid 106019
0 1 tid 106019
140 4 tid 106019
365 2 tid 106019
177 tid 106019
Insert  tid 106019
FindTargetPageId rootid 3 tid 106019
target_page_id id: 4 tid 106019
0 1 tid 106019
140 4 tid 106019
365 2 tid 106019
177 tid 106019
Insert  tid 106019
FindTargetPageId rootid 3 tid 106019
target_page_id id: 4 tid 106019
0 1 tid 106019
140 4 tid 106019
365 2 tid 106019
177 tid 106019
Insert  tid 106019
FindTargetPageId rootid 3 tid 106019
target_page_id id: 4 tid 106019
0 1 tid 106019
140 4 tid 106019
365 2 tid 106019
177 tid 106019
Insert  tid 106019
FindTargetPageId rootid 3 tid 106019
target_page_id id: 4 tid 106019
0 1 tid 106019
140 4 tid 106019
365 2 tid 106019
177 tid 106019
Insert  tid 106019
FindTargetPageId rootid 3 tid 106019
target_page_id id: 4 tid 106019
0 1 tid 106019
140 4 tid 106019
365 2 tid 106019
177 tid 106019
Insert  tid 106019
FindTargetPageId rootid 3 tid 106019
target_page_id id: 4 tid 106019
0 1 tid 106019
140 4 tid 106019
365 2 tid 106019
177 tid 106019
Insert  tid 106019
FindTargetPageId rootid 3 tid 106019
target_page_id id: 4 tid 106019
0 1 tid 106019
140 4 tid 106019
365 2 tid 106019
177 tid 106019
Insert  tid 106019
FindTargetPageId rootid 3 tid 106019
target_page_id id: 4 tid 106019
0 1 tid 106019
140 4 tid 106019
365 2 tid 106019
177 tid 106019
Insert  tid 106019
FindTargetPageId rootid 3 tid 106019
target_page_id id: 4 tid 106019
0 1 tid 106019
140 4 tid 106019
365 2 tid 106019
177 tid 106019
Insert  tid 106019
FindTargetPageId rootid 3 tid 106019
target_page_id id: 4 tid 106019
0 1 tid 106019
140 4 tid 106019
365 2 tid 106019
177 tid 106019
Insert  tid 106019
FindTargetPageId rootid 3 tid 106019
target_page_id id: 4 tid 106019
0 1 tid 106019
140 4 tid 106019
365 2 tid 106019
177 tid 106019
Insert  tid 106019
FindTargetPageId rootid 3 tid 106019
target_page_id id: 4 tid 106019
0 1 tid 106019
140 4 tid 106019
365 2 tid 106019
177 tid 106019
Insert  tid 106019FindTargetPageId rootid 
3 tid 106021
target_page_id id: 2 tid 106021
0 1 tid 106021
140 4 tid 106021
365 2 tid 106021
149 tid 106021
Insert  tid 106021
FindTargetPageId rootid 3 tid 106021
target_page_id id: 2 tid 106021
0 1 tid 106021
140 4 tid 106021
365 2 tid 106021
150 tid 106021
Insert  tid 106021
FindTargetPageId rootid 3 tid 106021
target_page_id id: 2 tid 106021
0 1 tid 106021
140 4 tid 106021
365 2 tid 106021
151 tid 106021
Insert  tid 106021
FindTargetPageId rootid 3 tid 106021
target_page_id id: 2 tid 106021
0 1 tid 106021
140 4 tid 106021
365 2 tid 106021
152 tid 106021
Insert  tid 106021
FindTargetPageId rootid 3 tid 106019
target_page_id id: 4 tid 106019
0 1 tid 106019
140 4 tid 106019
365 2 tid 106019
177 tid 106019
Insert  tid 106019
FindTargetPageId rootid 3 tid 106020
target_page_id id: 2 tid 106020
0 1 tid 106020
140 4 tid 106020
365 2 tid 106020
153 tid 106020
Remove  tid 106020
FindTargetPageId rootid 3 tid 106020
target_page_id id: 2 tid 106020
0 1 tid 106020
140 4 tid 106020
365 2 tid 106020
152 tid 106020
Remove  tid 106020
FindTargetPageId rootid 3 tid 106020
target_page_id id: 2 tid 106020
0 1 tid 106020
140 4 tid 106020
365 2 tid 106020
151 tid 106020
Remove  tid 106020
FindTargetPageId rootid 3 tid 106021
target_page_id id: 2 tid 106021
0 1 tid 106021
140 4 tid 106021
365 2 tid 106021
150 tid 106021
Insert  tid FindTargetPageId rootid 3 tid 106019
target_page_id id: 4 tid 106019
0 1 tid 106019
140 4 tid 106019
365 2 tid 106019
177 tid 106019
Insert  tid 106019
FindTargetPageId rootid 3 tid 106019
target_page_id id: 4 tid 106019
0 1 tid 106019
140 4 tid 106019
365 2 tid 106019
177 tid 106019
Insert  tid 106019
106021
FindTargetPageId rootid 3 tid 106019
target_page_id id: 4 tid 106019
0 1 tid 106019
140 4 tid 106019
365 2 tid 106019
177 tid 106019
Insert  tid 106019
FindTargetPageId rootid 3 tid 106019
target_page_id id: 4 tid 106019
0 1 tid 106019
140 4 tid 106019
365 2 tid 106019
177 tid 106019
Insert  tid 106019
FindTargetPageId rootid 3 tid 106019
target_page_id id: 4 tid 106019
0 1 tid 106019
140 4 tid 106019
365 2 tid 106019
177 tid 106019
Insert  tid 106019
FindTargetPageId rootid 3 tid 106019
target_page_id id: 4 tid 106019
0 1 tid 106019
140 4 tid 106019
365 2 tid 106019
177 tid 106019
Insert  tid 106019
FindTargetPageId rootid 3 tid 106020
target_page_id id: 2 tid 106020
0 1 tid 106020
140 4 tid 106020
365 2 tid 106020
151 tid 106020
Remove  tid 106020
FindTargetPageId rootid 3 tid 106021
target_page_id id: 2 tid 106021
0 1 tid 106021
140 4 tid 106021
365 2 tid 106021
150 tid 106021
Insert  tid 106021
FindTargetPageId rootid 3 tid 106019
target_page_id id: 4 tid 106019
0 1 tid 106019
140 4 tid 106019
365 2 tid 106019
177 tid 106019
Insert  tid 106019
FindTargetPageId rootid 3 tid 106019
target_page_id id: 2 tid 106019
0 1 tid 106019
140 4 tid 106019
365 2 tid 106019
151 tid 106019
Insert  tid 106019
FindTargetPageId rootid 3 tid 106020
target_page_id id: 2 tid 106020
0 1 tid 106020
140 4 tid 106020
365 2 tid 106020
151 tid 106020
Remove  tid 106020
FindTargetPageId rootid 3 tid 106021
target_page_id id: 2 tid 106021
0 1 tid 106021
140 4 tid 106021
365 2 tid 106021
150 tid 106021
Insert  tid 106021
FindTargetPageId rootid 3 tid 106021
target_page_id id: 2 tid 106021
0 1 tid 106021
140 4 tid 106021
365 2 tid 106021
151 tid 106021
Insert  tid 106021
FindTargetPageId rootid 3 tid 106021
target_page_id id: 2 tid 106021
0 1 tid 106021
140 4 tid 106021
365 2 tid 106021
152 tid 106021
Insert  tid 106021
FindTargetPageId rootid 3 tid 106021
target_page_id id: 2 tid 106021
0 1 tid 106021
140 4 tid 106021
365 2 tid 106021
153 tid 106021
Insert  tid 106021
FindTargetPageId rootid 3 tid 106021
target_page_id id: 2 tid 106021
0 1 tid 106021
140 4 tid 106021
365 2 tid 106021
154 tid 106021
Insert  tid 106021
FindTargetPageId rootid 3 tid 106021
target_page_id id: 2 tid 106021
0 1 tid 106021
140 4 tid 106021
365 2 tid 106021
155 tid 106021
Insert  tid 106021
FindTargetPageId rootid 3 tid 106021
target_page_id id: 2 tid 106021
0 1 tid 106021
140 4 tid 106021
365 2 tid 106021
156 tid 106021
Insert  tid 106021
FindTargetPageId rootid 3 tid 106021
target_page_id id: 2 tid 106021
0 1 tid 106021
140 4 tid 106021
365 2 tid 106021
157 tid 106021
Insert  tid 106021
FindTargetPageId rootid 3 tid 106021
target_page_id id: 2 tid 106021
0 1 tid 106021
140 4 tid 106021
365 2 tid 106021
158 tid 106021
Insert  tid 106021
FindTargetPageId rootid 3 tid 106019
target_page_id id: 2 tid 106019
0 1 tid 106019
140 4 tid 106019
365 2 tid 106019
159 tid 106019
Insert  tid 106019
FindTargetPageId rootid 3 tid 106019
target_page_id id: 2 tid 106019
0 1 tid 106019
140 4 tid 106019
365 2 tid 106019
159 tid 106019
Insert  tid 106019
FindTargetPageId rootid 3 tid 106019
target_page_id id: 2 tid 106019
0 1 tid 106019
140 4 tid 106019
365 2 tid 106019
159 tid 106019
Insert  tid 106019
FindTargetPageId rootid 3 tid 106019
target_page_id id: 2 tid 106019
0 1 tid 106019
140 4 tid 106019
365 2 tid 106019
159 tid 106019
Insert  tid 106019
FindTargetPageId rootid 3 tid 106021
target_page_id id: 2 tid 106021
0 1 tid 106021
140 4 tid 106021
365 2 tid 106021
160 tid 106021
Insert  tid 106021
FindTargetPageId rootid 3 tid 106020
target_page_id id: 2 tid 106020
0 1 tid 106020
140 4 tid 106020
365 2 tid 106020
161 tid 106020
Remove  tid 106020
FindTargetPageId rootid 3 tid 106019
target_page_id id: 2 tid 106019
0 1 tid 106019
140 4 tid 106019
365 2 tid 106019
160 tid 106019
Insert  tid 106019
FindTargetPageId rootid 3 tid 106021
target_page_id id: 2 tid 106021
0 1 tid 106021
140 4 tid 106021
365 2 tid 106021
161 tid 106021
Insert  tid 106021
FindTargetPageId rootid 3 tid 106021
target_page_id id: 2 tid 106021
0 1 tid 106021
140 4 tid 106021
365 2 tid 106021
162 tid 106021
Insert  tid 106021
FindTargetPageId rootid 3 tid 106021
target_page_id id: 2 tid 106021
0 1 tid 106021
140 4 tid 106021
365 2 tid 106021
163 tid 106021
Insert  tid 106021
FindTargetPageId rootid 3 tid 106021
target_page_id id: 2 tid 106021
0 1 tid 106021
140 4 tid 106021
365 2 tid 106021
164 tid 106021
Insert  tid 106021
FindTargetPageId rootid 3 tid 106021
target_page_id id: 2 tid 106021
0 1 tid 106021
140 4 tid 106021
365 2 tid 106021
165 tid 106021
Insert  tid 106021
FindTargetPageId rootid 3 tid 106021
target_page_id id: 2 tid 106021
0 1 tid 106021
140 4 tid 106021
365 2 tid 106021
166 tid 106021
Insert  tid 106021
FindTargetPageId rootid 3 tid 106020
target_page_id id: 2 tid 106020
0 1 tid 106020
140 4 tid 106020
365 2 tid 106020
167 tid 106020
Remove  tid 106020
FindTargetPageId rootid 3 tid 106020
target_page_id id: 2 tid 106020
0 1 tid 106020
140 4 tid 106020
365 2 tid 106020
166 tid 106020
Remove  tid 106020
FindTargetPageId rootid 3 tid 106021
target_page_id id: 2 tid 106021
0 1 tid 106021
140 4 tid 106021
365 2 tid 106021
165 tid 106021
Insert  tid 106021
FindTargetPageId rootid 3 tid 106021
target_page_id id: 2 tid 106021
0 1 tid 106021
140 4 tid 106021
365 2 tid 106021
166 tid 106021
Insert  tid 106021
FindTargetPageId rootid 3 tid 106021
target_page_id id: 2 tid 106021
0 1 tid 106021
140 4 tid 106021
365 2 tid 106021
167 tid 106021
Insert  tid 106021
FindTargetPageId rootid 3 tid 106019
target_page_id id: 2 tid 106019
0 1 tid 106019
140 4 tid 106019
365 2 tid 106019
168 tid 106019
Insert  tid 106019
FindTargetPageId rootid 3 tid 106019
target_page_id id: 2 tid 106019
0 1 tid 106019
140 4 tid 106019
365 2 tid 106019
169 tid 106019
Insert  tid 106019
FindTargetPageId rootid 3 tid 106019
target_page_id id: 2 tid 106019
0 1 tid 106019
140 4 tid 106019
365 2 tid 106019
170 tid 106019
Insert  tid 106019
FindTargetPageId rootid 3 tid 106020
target_page_id id: 2 tid 106020
0 1 tid 106020
140 4 tid 106020
365 2 tid 106020
171 tid 106020
Remove  tid 106020
FindTargetPageId rootid 3 tid 106021
target_page_id id: 2 tid 106021
0 1 tid 106021
140 4 tid 106021
365 2 tid 106021
170 tid 106021
Insert  tid 106021
FindTargetPageId rootid 3 tid 106021
target_page_id id: 2 tid 106021
0 1 tid 106021
140 4 tid 106021
365 2 tid 106021
171 tid 106021
Insert  tid 106021
FindTargetPageId rootid 3 tid 106021
target_page_id id: 2 tid 106021
0 1 tid 106021
140 4 tid 106021
365 2 tid 106021
172 tid 106021
Insert  tid 106021
FindTargetPageId rootid 3 tid 106021
target_page_id id: 2 tid 106021
0 1 tid 106021
140 4 tid 106021
365 2 tid 106021
173 tid 106021
Insert  tid 106021
FindTargetPageId rootid 3 tid 106021
target_page_id id: 2 tid 106021
0 1 tid 106021
140 4 tid 106021
365 2 tid 106021
174 tid 106021
FindTargetPageId rootid 3 tid 106020
Insert  tid 106021
target_page_id id: 2 tid 106020
0 1 tid 106020
140 4 tid 106020
365 2 tid 106020
175 tid 106020
Remove  tid 106020
FindTargetPageId rootid 3 tid 106020
target_page_id id: 2 tid 106020
0 1 tid 106020
140 4 tid 106020
365 2 tid 106020
174 tid 106020
Remove  tid 106020
FindTargetPageId rootid 3 tid 106020
target_page_id id: 2 tid 106020
0 1 tid 106020
140 4 tid 106020
365 2 tid 106020
173 tid 106020
Remove  tid 106020
FindTargetPageId rootid 3 tid 106020
target_page_id id: 2 tid 106020
0 1 tid 106020
140 4 tid 106020
365 2 tid 106020
172 tid 106020
Remove  tid 106020
FindTargetPageId rootid 3 tid 106020
target_page_id id: 2 tid 106020
0 1 tid 106020
140 4 tid 106020
365 2 tid 106020
171 tid 106020
Remove  tid 106020
FindTargetPageId rootid 3 tid 106020
target_page_id id: 2 tid 106020
0 1 tid 106020
140 4 tid 106020
365 2 tid 106020
170 tid 106020
Remove  tid 106020
FindTargetPageId rootid 3 tid 106021
target_page_id id: 2 tid 106021
0 1 tid 106021
140 4 tid 106021
365 2 tid 106021
169 tid 106021
Insert  tid 106021
FindTargetPageId rootid 3 tid 106021
target_page_id id: 2 tid 106021
0 1 tid 106021
140 4 tid 106021
365 2 tid 106021
170 tid 106021
Insert  tid 106021
FindTargetPageId rootid 3 tid 106019
target_page_id id: 2 tid 106019
0 1 tid 106019
140 4 tid 106019
365 2 tid 106019
171 tid 106019
Insert  tid 106019
FindTargetPageId rootid 3 tid 106019
target_page_id id: 2 tid 106019
0 1 tid 106019
140 4 tid 106019
365 2 tid 106019
172 tid 106019
Insert  tid 106019
FindTargetPageId rootid 3 tid 106019
target_page_id id: 2 tid 106019
0 1 tid 106019
140 4 tid 106019
365 2 tid 106019
173 tid 106019
Insert  tid 106019
FindTargetPageId rootid 3 tid 106019
target_page_id id: 2 tid 106019
0 1 tid 106019
140 4 tid 106019
365 2 tid 106019
174 tid 106019
Insert  tid 106019
FindTargetPageId rootid 3 tid 106019
target_page_id id: 2 tid 106019
0 1 tid 106019
140 4 tid 106019
365 2 tid 106019
175 tid 106019
FindTargetPageId rootid 3 tid 106021
target_page_id id: 2 tid 106021
0 1 tid 106021
140 4 tid 106021
365 2 tid 106021
Insert  tid 106019
176 tid 106021
Insert  tid 106021
FindTargetPageId rootid 3 tid 106021
target_page_id id: 2 tid 106021
0 1 tid 106021
140 4 tid 106021
365 2 tid 106021
177 tid 106021
FindTargetPageId rootid 3 tid 106019
target_page_id id: 2 tid 106019
0 1 tid 106019
140 4 tid 106019
365 2 tid 106019
178 tid 106019
Insert  tid 106019
Insert  tid 106021
FindTargetPageId rootid 3 tid 106020
target_page_id id: 2 tid 106020
0 1 tid 106020
140 4 tid 106020
365 2 tid 106020
179 tid 106020
Remove  tid 106020
FindTargetPageId rootid 3 tid 106020
target_page_id id: 2 tid 106020
0 1 tid 106020
140 4 tid 106020
365 2 tid 106020
178 tid 106020
Remove  tid 106020
FindTargetPageId rootid 3 tid 106019
target_page_id id: 2 tid 106019
0 1 tid 106019
140 4 tid 106019
365 2 tid 106019
177 tid 106019
Insert  tid 106019
FindTargetPageId rootid 3 tid 106021
target_page_id id: 2 tid 106021
0 1 tid 106021
140 4 tid 106021
365 2 tid 106021
178 tid 106021
Insert  tid 106021
FindTargetPageId rootid 3 tid 106020
target_page_id id: 2 tid 106020
0 1 tid 106020
140 4 tid 106020
365 2 tid 106020
179 tid 106020
Remove  tid 106020
FindTargetPageId rootid 3 tid 106019
target_page_id id: 2 tid 106019
0 1 tid 106019
140 4 tid 106019
365 2 tid 106019
178 tid 106019
Insert  tid 106019
FindTargetPageId rootid 3 tid 106021
target_page_id id: 2 tid 106021
0 1 tid 106021
140 4 tid 106021
365 2 tid 106021
179 tid 106021
Insert  tid 106021
FindTargetPageId rootid 3 tid 106020
target_page_id id: 2 tid 106020
0 1 tid 106020
140 4 tid 106020
365 2 tid 106020
180 tid 106020
Remove  tid 106020
FindTargetPageId rootid 3 tid 106019
target_page_id id: 2 tid 106019
0 1 tid 106019
140 4 tid 106019
365 2 tid 106019
179 tid 106019
Insert  tid 106019
FindTargetPageId rootid 3 tid 106019
target_page_id id: 2 tid 106019
0 1 tid 106019
140 4 tid 106019
365 2 tid 106019
180 tid 106019
Insert  tid 106019
FindTargetPageId rootid 3 tid 106021
target_page_id id: 2 tid 106021
0 1 tid 106021
140 4 tid 106021
365 2 tid 106021
181 tid 106021
Insert  tid 106021
FindTargetPageId rootid 3 tid 106021
target_page_id id: 2 tid 106021
0 1 tid 106021
140 4 tid 106021
365 2 tid 106021
182 tid 106021
Insert  tid 106021
FindTargetPageId rootid 3 tid 106021
target_page_id id: 2 tid 106021
0 1 tid 106021
140 4 tid 106021
365 2 tid 106021
183 tid 106021
Insert  tid 106021
FindTargetPageId rootid 3 tid 106020
target_page_id id: 2 tid 106020
0 1 tid 106020
140 4 tid 106020
365 2 tid 106020
184 tid 106020
Remove  tid 106020
FindTargetPageId rootid 3 tid 106020
target_page_id id: 2 tid 106020
0 1 tid 106020
140 4 tid 106020
365 2 tid 106020
183 tid 106020
Remove  tid 106020
FindTargetPageId rootid 3 tid 106020
target_page_id id: 2 tid 106020
0 1 tid 106020
140 4 tid 106020
365 2 tid 106020
182 tid 106020
Remove  tid 106020
FindTargetPageId rootid 3 tid 106019
target_page_id id: 2 tid 106019
0 1 tid 106019
140 4 tid 106019
365 2 tid 106019
181 tid 106019
Insert  tid 106019
FindTargetPageId rootid 3 tid 106019
target_page_id id: 2 tid 106019
0 1 tid 106019
140 4 tid 106019
365 2 tid 106019
182 tid 106019
Insert  tid 106019
FindTargetPageId rootid 3 tid 106019
target_page_id id: 2 tid 106019
0 1 tid 106019
140 4 tid 106019
365 2 tid 106019
183 tid 106019
Insert  tid 106019
FindTargetPageId rootid 3 tid 106019
target_page_id id: 2 tid 106019
0 1 tid 106019
140 4 tid 106019
365 2 tid 106019
184 tid 106019
Insert  tid 106019
FindTargetPageId rootid 3 tid 106019
target_page_id id: 2 tid 106019
0 1 tid 106019
140 4 tid 106019
365 2 tid 106019
185 tid 106019
Insert  tid 106019
FindTargetPageId rootid 3 tid 106019
target_page_id id: 2 tid 106019
0 1 tid 106019
140 4 tid 106019
365 2 tid 106019
186 tid 106019
Insert  tid 106019
FindTargetPageId rootid 3 tid 106019
target_page_id id: 2 tid 106019
0 1 tid 106019
140 4 tid 106019
365 2 tid 106019
187 tid 106019
Insert  tid 106019
FindTargetPageId rootid 3 tid 106019
target_page_id id: 2 tid 106019
0 1 tid 106019
140 4 tid 106019
365 2 tid 106019
188 tid 106019
Insert  tid 106019
FindTargetPageId rootid 3 tid 106019
target_page_id id: 2 tid 106019
0 1 tid 106019
140 4 tid 106019
365 2 tid 106019
189 tid 106019
Insert  tid 106019
FindTargetPageId rootid 3 tid 106019
target_page_id id: 2 tid 106019
0 1 tid 106019
140 4 tid 106019
365 2 tid 106019
190 tid 106019
Insert  tid 106019
FindTargetPageId rootid 3 tid 106019
target_page_id id: 2 tid 106019
0 1 tid 106019
140 4 tid 106019
365 2 tid 106019
191 tid 106019
Insert  tid 106019
FindTargetPageId rootid 3 tid 106019
target_page_id id: 2 tid 106019
0 1 tid 106019
140 4 tid 106019
365 2 tid 106019
192 tid 106019
Insert  tid 106019
FindTargetPageId rootid 3 tid 106019
target_page_id id: 2 tid 106019
0 1 tid 106019
140 4 tid 106019
365 2 tid 106019
193 tid 106019
Insert  tid 106019
FindTargetPageId rootid 3 tid 106019
target_page_id id: 2 tid 106019
0 1 tid 106019
140 4 tid 106019
365 2 tid 106019
194 tid 106019
Insert  tid 106019
FindTargetPageId rootid 3 tid 106019
target_page_id id: 2 tid 106019
0 1 tid 106019
140 4 tid 106019
365 2 tid 106019
195 tid 106019
Insert  tid 106019
FindTargetPageId rootid 3 tid 106019
target_page_id id: 2 tid 106019
0 1 tid 106019
140 4 tid 106019
365 2 tid 106019
196 tid 106019
Insert  tid 106019
FindTargetPageId rootid 3 tid 106019
target_page_id id: 2 tid 106019
0 1 tid 106019
140 4 tid 106019
365 2 tid 106019
197 tid 106019
Insert  tid 106019
FindTargetPageId rootid 3 tid 106019
target_page_id id: 2 tid 106019
0 1 tid 106019
140 4 tid 106019
365 2 tid 106019
198 tid 106019
Insert  tid 106019
FindTargetPageId rootid 3 tid 106021
target_page_id id: 2 tid 106021
0 1 tid 106021
140 4 tid 106021
365 2 tid 106021
199 tid 106021
Insert  tid 106021
FindTargetPageId rootid 3 tid 106020
target_page_id id: 2 tid 106020
0 1 tid 106020
140 4 tid 106020
365 2 tid 106020
200 tid 106020
Remove  tid 106020
FindTargetPageId rootid 3 tid 106020
target_page_id id: 2 tid 106020
0 1 tid 106020
140 4 tid 106020
365 2 tid 106020
199 tid 106020
Remove  tid 106020
FindTargetPageId rootid 3 tid 106021
target_page_id id: 2 tid 106021
0 1 tid 106021
140 4 tid 106021
365 2 tid 106021
198 tid 106021
Insert  tid 106021
FindTargetPageId rootid 3 tid 106019
target_page_id id: 2 tid 106019
0 1 tid 106019
140 4 tid 106019
365 2 tid 106019
199 tid 106019
Insert  tid 106019
FindTargetPageId rootid 3 tid 106020
target_page_id id: 2 tid 106020
0 1 tid 106020
140 4 tid 106020
365 2 tid 106020
200 tid 106020
FindTargetPageId rootid 3 tid 106021
target_page_id id: 2 tid 106021
0 1 tid 106021
140 4 tid 106021
365 2 tid 106021
Remove  tid 199 tid 106021106020

Insert  tid 106021
FindTargetPageId rootid 3 tid 106019
target_page_id id: 2 tid 106019
0 1 tid 106019
140 4 tid 106019
365 2 tid 106019
200 tid 106019
Insert  tid 106019
FindTargetPageId rootid 3 tid 106020
target_page_id id: 2 tid 106020
0 1 tid 106020
140 4 tid 106020
365 2 tid 106020
201 tid 106020
Remove  tid 106020
FindTargetPageId rootid 3 tid 106021
target_page_id id: 2 tid 106021
0 1 tid 106021
140 4 tid 106021
365 2 tid 106021
200 tid 106021
Insert  tid 106021
FindTargetPageId rootid 3 tid 106019
target_page_id id: 2 tid 106019
0 1 tid 106019
140 4 tid 106019
365 2 tid 106019
201 tid 106019
Insert  tid 106019
FindTargetPageId rootid 3 tid 106019
target_page_id id: 2 tid 106019
0 1 tid 106019
140 4 tid 106019
365 2 tid 106019
202 tid 106019
Insert  tid 106019
FindTargetPageId rootid 3 tid 106019
target_page_id id: 2 tid 106019
0 1 tid 106019
140 4 tid 106019
365 2 tid 106019
203 tid 106019
Insert  tid 106019
FindTargetPageId rootid 3 tid 106019
target_page_id id: 2 tid 106019
0 1 tid 106019
140 4 tid 106019
365 2 tid 106019
204 tid 106019
Insert  tid 106019
FindTargetPageId rootid 3 tid 106020
target_page_id id: 2 tid 106020
0 1 tid 106020
140 4 tid 106020
365 2 tid 106020
205 tid 106020
Remove  tid 106020
FindTargetPageId rootid 3 tid 106020
target_page_id id: 2 tid 106020
0 1 tid 106020
140 4 tid 106020
365 2 tid 106020
204 tid 106020
Remove  tid 106020
FindTargetPageId rootid 3 tid 106020
target_page_id id: 2 tid 106020
0 1 tid 106020
140 4 tid 106020
365 2 tid 106020
203 tid 106020
Remove  tid 106020
FindTargetPageId rootid 3 tid 106020
target_page_id id: 2 tid 106020
0 1 tid 106020
140 4 tid 106020
365 2 tid 106020
202 tid 106020
Remove  tid 106020
FindTargetPageId rootid 3 tid 106020
target_page_id id: 2 tid 106020
0 1 tid 106020
140 4 tid 106020
365 2 tid 106020
201 tid 106020
Remove  tid 106020
FindTargetPageId rootid 3 tid 106020
target_page_id id: 2 tid 106020
0 1 tid 106020
140 4 tid 106020
365 2 tid 106020
200 tid 106020
Remove  tid 106020
FindTargetPageId rootid 3 tid 106020
target_page_id id: 2 tid 106020
0 1 tid 106020
140 4 tid 106020
365 2 tid 106020
199 tid 106020
Remove  tid 106020
FindTargetPageId rootid 3 tid 106020
target_page_id id: 2 tid 106020
0 1 tid 106020
140 4 tid 106020
365 2 tid 106020
198 tid 106020
Remove  tid 106020
FindTargetPageId rootid 3 tid 106020
target_page_id id: 2 tid 106020
0 1 tid 106020
140 4 tid 106020
365 2 tid 106020
197 tid 106020
Remove  tid 106020
FindTargetPageId rootid 3 tid 106020
target_page_id id: 2 tid 106020
0 1 tid 106020
140 4 tid 106020
365 2 tid 106020
196 tid 106020
Remove  tid 106020
FindTargetPageId rootid 3 tid 106020
target_page_id id: 2 tid 106020
0 1 tid 106020
140 4 tid 106020
365 2 tid 106020
195 tid 106020
Remove  tid 106020
FindTargetPageId rootid 3 tid 106020
target_page_id id: 2 tid 106020
0 1 tid 106020
140 4 tid 106020
365 2 tid 106020
194 tid 106020
Remove  tid 106020
FindTargetPageId rootid 3 tid 106020
target_page_id id: 2 tid 106020
0 1 tid 106020
140 4 tid 106020
365 2 tid 106020
193 tid 106020
Remove  tid 106020
FindTargetPageId rootid 3 tid 106020
target_page_id id: 2 tid 106020
0 1 tid 106020
140 4 tid 106020
365 2 tid 106020
192 tid 106020
Remove  tid 106020
FindTargetPageId rootid 3 tid 106020
target_page_id id: 2 tid 106020
0 1 tid 106020
140 4 tid 106020
365 2 tid 106020
191 tid 106020
Remove  tid 106020
FindTargetPageId rootid 3 tid 106020
target_page_id id: 2 tid 106020
0 1 tid 106020
140 4 tid 106020
365 2 tid 106020
190 tid 106020
Remove  tid 106020
FindTargetPageId rootid 3 tid 106020
target_page_id id: 2 tid 106020
0 1 tid 106020
140 4 tid 106020
365 2 tid 106020
189 tid 106020
Remove  tid 106020
FindTargetPageId rootid 3 tid 106020
target_page_id id: 2 tid 106020
0 1 tid 106020
140 4 tid 106020
365 2 tid 106020
188 tid 106020
Remove  tid 106020
FindTargetPageId rootid 3 tid 106020
target_page_id id: 2 tid 106020
0 1 tid 106020
140 4 tid 106020
365 2 tid 106020
187 tid 106020
Remove  tid 106020
FindTargetPageId rootid 3 tid 106021
target_page_id id: 2 tid 106021
0 1 tid 106021
140 4 tid 106021
365 2 tid 106021
186 tid 106021
Insert  tid 106021
FindTargetPageId rootid 3 tid 106021
target_page_id id: 2 tid 106021
0 1 tid 106021
140 4 tid 106021
365 2 tid 106021
187 tid 106021
Insert  tid 106021
FindTargetPageId rootid 3 tid 106021
target_page_id id: 2 tid 106021
0 1 tid 106021
140 4 tid 106021
365 2 tid 106021
188 tid 106021
Insert  tid 106021
FindTargetPageId rootid 3 tid 106019
target_page_id id: 2 tid 106019
0 1 tid 106019
140 4 tid 106019
365 2 tid 106019
189 tid 106019
Insert  tid 106019
FindTargetPageId rootid 3 tid 106019
target_page_id id: 2 tid 106019
0 1 tid 106019
140 4 tid 106019
365 2 tid 106019
190 tid 106019
Insert  tid 106019
FindTargetPageId rootid 3 tid 106019
target_page_id id: 2 tid 106019
0 1 tid 106019
140 4 tid 106019
365 2 tid 106019
191 tid 106019
Insert  tid 106019
FindTargetPageId rootid 3 tid 106019
target_page_id id: 2 tid 106019
0 1 tid 106019
140 4 tid 106019
365 2 tid 106019
192 tid 106019
Insert  tid 106019
FindTargetPageId rootid 3 tid 106019
target_page_id id: 2 tid 106019
0 1 tid 106019
140 4 tid 106019
365 2 tid 106019
193 tid 106019
Insert  tid 106019
FindTargetPageId rootid 3 tid 106019
target_page_id id: 2 tid 106019
0 1 tid 106019
140 4 tid 106019
365 2 tid 106019
194 tid 106019
Insert  tid 106019
FindTargetPageId rootid 3 tid 106021
target_page_id id: 2 tid 106021
0 1 tid 106021
140 4 tid 106021
365 2 tid 106021
195 tid 106021
Insert  tid 106021
FindTargetPageId rootid 3 tid 106020
target_page_id id: 2 tid 106020
0 1 tid 106020
140 4 tid 106020
365 2 tid 106020
196 tid 106020
Remove  tid 106020
FindTargetPageId rootid 3 tid 106020
target_page_id id: 2 tid 106020
0 1 tid 106020
140 4 tid 106020
365 2 tid 106020
195 tid 106020
Remove  tid 106020
FindTargetPageId rootid 3 tid 106021
target_page_id id: 2 tid 106021
0 1 tid 106021
140 4 tid 106021
365 2 tid 106021
194 tid 106021
Insert  tid 106021
FindTargetPageId rootid 3 tid 106021
target_page_id id: 2 tid 106021
0 1 tid 106021
140 4 tid 106021
365 2 tid 106021
195 tid 106021
Insert  tid 106021
FindTargetPageId rootid 3 tid 106021
target_page_id id: 2 tid 106021
0 1 tid 106021
140 4 tid 106021
365 2 tid 106021
196 tid 106021
Insert  tid 106021
FindTargetPageId rootid 3 tid 106019
target_page_id id: 2 tid 106019
0 1 tid 106019
140 4 tid 106019
365 2 tid 106019
197 tid 106019
Insert  tid 106019
FindTargetPageId rootid 3 tid 106020
target_page_id id: 2 tid 106020
0 1 tid 106020
140 4 tid 106020
365 2 tid 106020
198 tid 106020
Remove  tid 106020
FindTargetPageId rootid 3 tid 106021
target_page_id id: 2 tid 106021
0 1 tid 106021
140 4 tid 106021
365 2 tid 106021
197 tid 106021
Insert  tid 106021
FindTargetPageId rootid 3 tid 106021
target_page_id id: 2 tid 106021
0 1 tid 106021
140 4 tid 106021
365 2 tid 106021
198 tid 106021
Insert  tid 106021
FindTargetPageId rootid 3 tid 106021
target_page_id id: 2 tid 106021
0 1 tid 106021
140 4 tid 106021
365 2 tid 106021
199 tid 106021
Insert  tid 106021
FindTargetPageId rootid 3 tid 106020
target_page_id id: 2 tid 106020
0 1 tid 106020
140 4 tid 106020
365 2 tid 106020
200 tid 106020
Remove  tid 106020
FindTargetPageId rootid 3 tid 106019
target_page_id id: 2 tid 106019
0 1 tid 106019
140 4 tid 106019
365 2 tid 106019
199 tid 106019
Insert  tid 106019
FindTargetPageId rootid 3 tid 106021
target_page_id id: 2 tid 106021
0 1 tid 106021
140 4 tid 106021
365 2 tid 106021
200 tid 106021
Insert  tid 106021
FindTargetPageId rootid 3 tid 106020
target_page_id id: 2 tid 106020
0 1 tid 106020
140 4 tid 106020
365 2 tid 106020
201 tid 106020
Remove  tid 106020
FindTargetPageId rootid 3 tid 106020
target_page_id id: 2 tid 106020
0 1 tid 106020
140 4 tid 106020
365 2 tid 106020
200 tid 106020
Remove  tid 106020
FindTargetPageId rootid 3 tid 106020
target_page_id id: 2 tid 106020
0 1 tid 106020
140 4 tid 106020
365 2 tid 106020
199 tid 106020
Remove  tid 106020
FindTargetPageId rootid 3 tid 106020
target_page_id id: 2 tid 106020
0 1 tid 106020
140 4 tid 106020
365 2 tid 106020
198 tid 106020
Remove  tid 106020
FindTargetPageId rootid 3 tid 106020
target_page_id id: 2 tid 106020
0 1 tid 106020
140 4 tid 106020
365 2 tid 106020
197 tid 106020
Remove  tid 106020
FindTargetPageId rootid 3 tid 106021
target_page_id id: 2 tid 106021
0 1 tid 106021
140 4 tid 106021
365 2 tid 106021
196 tid 106021
Insert  tid 106021
FindTargetPageId rootid 3 tid 106019
target_page_id id: 2 tid 106019
0 1 tid 106019
140 4 tid 106019
365 2 tid 106019
197 tid 106019
Insert  tid 106019
FindTargetPageId rootid 3 tid 106019
target_page_id id: 2 tid 106019
0 1 tid 106019
140 4 tid 106019
365 2 tid 106019
198 tid 106019
Insert  tid 106019
FindTargetPageId rootid 3 tid 106019
target_page_id id: 2 tid 106019
0 1 tid 106019
140 4 tid 106019
365 2 tid 106019
199 tid 106019
Insert  tid 106019
FindTargetPageId rootid 3 tid 106019
target_page_id id: 2 tid 106019
0 1 tid 106019
140 4 tid 106019
365 2 tid 106019
200 tid 106019
Insert  tid 106019
FindTargetPageId rootid 3 tid 106019
target_page_id id: 2 tid 106019
0 1 tid 106019
140 4 tid 106019
365 2 tid 106019
201 tid 106019
Insert  tid 106019
FindTargetPageId rootid 3 tid 106019
target_page_id id: 2 tid 106019
0 1 tid 106019
140 4 tid 106019
365 2 tid 106019
202 tid 106019
Insert  tid 106019
FindTargetPageId rootid 3 tid 106019
target_page_id id: 2 tid 106019
0 1 tid 106019
140 4 tid 106019
365 2 tid 106019
203 tid 106019
Insert  tid 106019
FindTargetPageId rootid 3 tid 106019
target_page_id id: 2 tid 106019
0 1 tid 106019
140 4 tid 106019
365 2 tid 106019
204 tid 106019
Insert  tid 106019
FindTargetPageId rootid 3 tid 106019
target_page_id id: 2 tid 106019
0 1 tid 106019
140 4 tid 106019
365 2 tid 106019
205 tid 106019
Insert  tid 106019
FindTargetPageId rootid 3 tid 106019
target_page_id id: 2 tid 106019
0 1 tid 106019
140 4 tid 106019
365 2 tid 106019
206 tid 106019
Insert  tid 106019
FindTargetPageId rootid 3 tid 106019
target_page_id id: 2 tid 106019
0 1 tid 106019
140 4 tid 106019
365 2 tid 106019
207 tid 106019
Insert  tid 106019
FindTargetPageId rootid 3 tid 106019
target_page_id id: 2 tid 106019
0 1 tid 106019
140 4 tid 106019
365 2 tid 106019
208 tid 106019
Insert  tid 106019
FindTargetPageId rootid 3 tid 106019
target_page_id id: 2 tid 106019
0 1 tid 106019
140 4 tid 106019
365 2 tid 106019
209 tid 106019
Insert  tid 106019
FindTargetPageId rootid 3 tid 106019
target_page_id id: 2 tid 106019
0 1 tid 106019
140 4 tid 106019
365 2 tid 106019
210 tid 106019
Insert  tid 106019
FindTargetPageId rootid 3 tid 106020
target_page_id id: 2 tid 106020
0 1 tid 106020
140 4 tid 106020
365 2 tid 106020
211 tid 106020
FindTargetPageId rootid 3 tid Remove 106019 tid 
target_page_id id: 2 tid 106019
0 1 tid 106019
140 4 tid 106019
365 2 tid 106019
106020
210 tid 106019
Insert  tid 106019
FindTargetPageId rootid 3 tid 106021
target_page_id id: 2 tid 106021
0 1 tid 106021
140 4 tid 106021
365 2 tid 106021
211 tid 106021
Insert  tid 106021
FindTargetPageId rootid 3 tid 106021
target_page_id id: 2 tid 106021
0 1 tid 106021
140 4 tid 106021
365 2 tid 106021
212 tid 106021
Insert  tid 106021
FindTargetPageId rootid 3 tid 106021
target_page_id id: 2 tid 106021
0 1 tid 106021
140 4 tid 106021
365 2 tid 106021
213 tid 106021
Insert  tid 106021
FindTargetPageId rootid 3 tid 106019
target_page_id id: 2 tid 106019
0 1 tid 106019
140 4 tid 106019
365 2 tid 106019
214 tid 106019
Insert  tid 106019
FindTargetPageId rootid 3 tid 106019
target_page_id id: 2 tid 106019
0 1 tid 106019
140 4 tid 106019
365 2 tid 106019
215 tid 106019
Insert  tid 106019
FindTargetPageId rootid 3 tid 106020
target_page_id id: 2 tid 106020
0 1 tid 106020
140 4 tid 106020
365 2 tid 106020
216 tid 106020
Remove  tid 106020
FindTargetPageId rootid 3 tid 106021
target_page_id id: 2 tid 106021
0 1 tid 106021
140 4 tid 106021
365 2 tid 106021
215 tid 106021
Insert  tid 106021
FindTargetPageId rootid 3 tid 106021
target_page_id id: 2 tid 106021
0 1 tid 106021
140 4 tid 106021
365 2 tid 106021
216 tid 106021
Insert  tid 106021
FindTargetPageId rootid 3 tid 106021
target_page_id id: 2 tid 106021
0 1 tid 106021
140 4 tid 106021
365 2 tid 106021
217 tid 106021
Insert  tid 106021
FindTargetPageId rootid 3 tid 106021
target_page_id id: 2 tid 106021
0 1 tid 106021
140 4 tid 106021
365 2 tid 106021
218 tid 106021
Insert  tid 106021
FindTargetPageId rootid 3 tid 106021
target_page_id id: 2 tid 106021
0 1 tid 106021
140 4 tid 106021
365 2 tid 106021
219 tid 106021
Insert  tid 106021
FindTargetPageId rootid 3 tid 106021
target_page_id id: 2 tid 106021
0 1 tid 106021
140 4 tid 106021
365 2 tid 106021
220 tid 106021
Insert  tid 106021
FindTargetPageId rootid 3 tid 106021
target_page_id id: 2 tid 106021
0 1 tid 106021
140 4 tid 106021
365 2 tid 106021
221 tid 106021
Insert  tid 106021
FindTargetPageId rootid 3 tid 106021
target_page_id id: 2 tid 106021
0 1 tid 106021
140 4 tid 106021
365 2 tid 106021
222 tid 106021
Insert  tid 106021
FindTargetPageId rootid 3 tid 106021
target_page_id id: 2 tid 106021
0 1 tid 106021
140 4 tid 106021
365 2 tid 106021
223 tid 106021
Insert  tid 106021
FindTargetPageId rootid 3 tid 106021
target_page_id id: 2 tid 106021
0 1 tid 106021
140 4 tid 106021
365 2 tid 106021
224 tid 106021
Insert  tid 106021
FindTargetPageId rootid 3 tid 106021
target_page_id id: 2 tid 106021
0 1 tid 106021
140 4 tid 106021
365 2 tid 106021
225 tid 106021
Insert  tid 106021
FindTargetPageId rootid 3 tid 106021
target_page_id id: 2 tid 106021
0 1 tid 106021
140 4 tid 106021
365 2 tid 106021
226 tid 106021
Insert  tid 106021
FindTargetPageId rootid 3 tid 106021
target_page_id id: 2 tid 106021
0 1 tid 106021
140 4 tid 106021
365 2 tid 106021
227 tid 106021
FindTargetPageId rootid 3 tid Insert 106019
 tid target_page_id id: 2 tid 106019
0 1 tid 106019
140 4 tid 106019
365 2 tid 106019
228 tid 106019
Insert  tid 106019
FindTargetPageId rootid 3 tid 106019
target_page_id id: 2 tid 106019
0 1 tid 106019
140 4 tid 106019
365 2 tid 106019
229 tid 106019
Insert  tid 106019
FindTargetPageId rootid 3 tid 106019
target_page_id id: 2 tid 106019
0 1 tid 106019
140 4 tid 106019
365 2 tid 106019
230 tid 106019
Insert  tid 106019
FindTargetPageId rootid 3 tid 106020
target_page_id id: 2 tid 106020
0 1 tid 106020
140 4 tid 106020
365 2 tid 106020
231 tid 106020
106021
FindTargetPageId rootid 3 tid 106021
target_page_id id: 2 tid 106021
0 1 tid 106021
140 4 tid 106021
365Remove  2 tid  tid 106021
230 tid 106021
Insert  tid 106021
FindTargetPageId rootid 3 tid 106021
target_page_id id: 2 tid 106021
0 1 tid 106021
140 4 tid 106021
365 2 tid 106021
231 tid 106021
106020Insert  tid 106021
FindTargetPageId rootid 3 tid 106019

target_page_id id: 2 tid 106019
0 1 tid 106019
140 4 tid 106019
365 2 tid 106019
232 tid 106019
Insert  tid 106019
FindTargetPageId rootid 3 tid 106021
target_page_id id: 2 tid 106021
0 1 tid 106021
140 4 tid 106021
365 2 tid 106021
233 tid 106021
Insert  tid 106021
FindTargetPageId rootid 3 tid 106021
target_page_id id: 2 tid 106021
0 1 tid 106021
140 4 tid 106021
365 2 tid 106021
234 tid 106021
Insert  tid 106021
FindTargetPageId rootid 3 tid 106021
target_page_id id: 2 tid 106021
0 1 tid 106021
140 4 tid 106021
365 2 tid 106021
235 tid 106021
Insert  tid 106021
FindTargetPageId rootid 3 tid 106019
target_page_id id: 2 tid 106019
0 1 tid 106019
140 4 tid 106019
365 2 tid 106019
236 tid 106019
Insert  tid 106019
FindTargetPageId rootid 3 tid 106019
target_page_id id: 2 tid 106019
0 1 tid 106019
140 4 tid 106019
365 2 tid 106019
237 tid 106019
Insert  tid 106019
FindTargetPageId rootid 3 tid 106019
target_page_id id: 2 tid 106019
0 1 tid 106019
140 4 tid 106019
365 2 tid 106019
238 tid 106019
Insert  tid 106019
FindTargetPageId rootid 3 tid 106019
target_page_id id: 2 tid 106019
0 1 tid 106019
140 4 tid 106019
365 2 tid 106019
239 tid 106019
Insert  tid 106019
FindTargetPageId rootid 3 tid 106019
target_page_id id: 2 tid 106019
0 1 tid 106019
140 4 tid 106019
365 2 tid 106019
239 tid 106019
Insert  tid 106019
FindTargetPageId rootid 3 tid 106019
target_page_id id: 2 tid 106019
0 1 tid 106019
140 4 tid 106019
365 2 tid 106019
239 tid 106019
FindTargetPageId rootid 3 tid 106020
target_page_id id: 2 tid 106020
0 1 tid 106020
140 4 tid 106020
365 2 tid 106020
239 tid 106020
Remove  tid 106020
FindTargetPageId rootid 3 tid 106020
Insert target_page_id id: 2 tid 106020
0 1 tid 106020
140 4 tid 106020
365 2 tid 106020
238 tid 106020
Remove  tid 106020
FindTargetPageId rootid 3 tid 106021
target_page_id id: 2 tid 106021
0 1 tid 106021
140 4 tid 106021
365 2 tid 106021
237 tid 106021
Insert  tid 106021
FindTargetPageId rootid 3 tid 106021
target_page_id id: 2 tid 106021
0 1 tid 106021
140 4 tid 106021
365 2 tid 106021
238 tid 106021
Insert  tid 106021
FindTargetPageId rootid 3 tid 106021
target_page_id id: 2 tid 106021
0 1 tid 106021
140 4 tid 106021
365 2 tid 106021
239 tid 106021
 tid Insert  tid 106021
106019
FindTargetPageId rootid 3 tid 106020
target_page_id id: 2 tid 106020
0 1 tid 106020
140 4 tid 106020
365 2 tid 106020
240 tid 106020
Remove  tid 106020
FindTargetPageId rootid 3 tid 106021
target_page_id id: 2 tid 106021
0 1 tid 106021
140 4 tid 106021
365 2 tid 106021
239 tid 106021
Insert  tid 106021
FindTargetPageId rootid 3 tid 106019
target_page_id id: 2 tid 106019
0 1 tid 106019
140 4 tid 106019
365 2 tid 106019
240 tid 106019
Insert  tid 106019
FindTargetPageId rootid 3 tid 106019
target_page_id id: 2 tid 106019
0 1 tid 106019
140 4 tid 106019
365 2 tid 106019
240 tid 106019
Insert  tid 106019
FindTargetPageId rootid 3 tid 106019
target_page_id id: 2 tid 106019
0 1 tid 106019
140 4 tid 106019
365 2 tid 106019
240 tid 106019
Insert  tid 106019
FindTargetPageId rootid 3 tid 106019
target_page_id id: 2 tid 106019
0 1 tid 106019
140 4 tid 106019
365 2 tid 106019
240 tid 106019
Insert  tid 106019
FindTargetPageId rootid 3 tid 106019
target_page_id id: 2 tid 106019
0 1 tid 106019
140 4 tid 106019
365 2 tid 106019
240 tid 106019
Insert  tid 106019
FindTargetPageId rootid 3 tid 106019
target_page_id id: 2 tid 106019
0 1 tid 106019
140 4 tid 106019
365 2 tid 106019
240 tid 106019
Insert  tid 106019
FindTargetPageId rootid 3 tid 106021
target_page_id id: 2 tid 106021
0 1 tid 106021
140 4 tid 106021
365 2 tid 106021
240 tid 106021
FindTargetPageId rootid 3 tid Insert  tid 106020
106021target_page_id id: 2 tid 106020
0 1 tid 106020
140 4 tid 106020
365 2 tid 106020
241 tid 106020
Remove  tid 106020
FindTargetPageId rootid 3 tid 106019
target_page_id id: 2 tid 106019
0 1 tid 106019
140 4 tid 106019
365 2 tid 106019
240 tid 106019

Insert  tid 106019
FindTargetPageId rootid 3 tid 106021
target_page_id id: 2 tid 106021
0 1 tid 106021
140 4 tid 106021
365 2 tid 106021
240 tid 106021
Insert  tid 106021
FindTargetPageId rootid 3 tid 106021
target_page_id id: 2 tid 106021
0 1 tid 106021
140 4 tid 106021
365 2 tid 106021
241 tid 106021
Insert  tid 106021
FindTargetPageId rootid 3 tid 106021
target_page_id id: 2 tid 106021
0 1 tid 106021
140 4 tid 106021
365 2 tid 106021
242 tid 106021
Insert  tid 106021
FindTargetPageId rootid 3 tid 106021
target_page_id id: 2 tid 106021
0 1 tid 106021
140 4 tid 106021
365 2 tid 106021
243 tid 106021
Insert  tid 106021
FindTargetPageId rootid 3 tid 106021
target_page_id id: 2 tid 106021
0 1 tid 106021
140 4 tid 106021
365 2 tid 106021
244 tid 106021
Insert  tid 106021
FindTargetPageId rootid 3 tid 106020
target_page_id id: 2 tid 106020
0 1 tid 106020
140 4 tid 106020
365 2 tid 106020
245 tid 106020
Remove  tid 106020
FindTargetPageId rootid 3 tid 106019
target_page_id id: 2 tid 106019
0 1 tid 106019
140 4 tid 106019
365 2 tid 106019
244 tid 106019
Insert  tid 106019
FindTargetPageId rootid 3 tid 106019
target_page_id id: 2 tid 106019
0 1 tid 106019
140 4 tid 106019
365 2 tid 106019
244 tid 106019
Insert  tid 106019
FindTargetPageId rootid 3 tid 106019
target_page_id id: 2 tid 106019
0 1 tid 106019
140 4 tid 106019
365 2 tid 106019
244 tid 106019
Insert  tid 106019
FindTargetPageId rootid 3 tid 106019
target_page_id id: 2 tid 106019
0 1 tid 106019
140 4 tid 106019
365 2 tid 106019
244 tid 106019
Insert  tid 106019
FindTargetPageId rootid 3 tid 106021
target_page_id id: 2 tid 106021
0 1 tid 106021
140 4 tid 106021
365 2 tid 106021
244 tid 106021
Insert  tid 106021
FindTargetPageId rootid 3 tid 106021
target_page_id id: 2 tid 106021
0 1 tid 106021
140 4 tid 106021
365 2 tid 106021
245 tid 106021
Insert  tid 106021
FindTargetPageId rootid 3 tid 106021
target_page_id id: 2 tid 106021
0 1 tid 106021
140 4 tid 106021
365 2 tid 106021
246 tid 106021
Insert  tid 106021
FindTargetPageId rootid 3 tid 106021
target_page_id id: 2 tid 106021
0 1 tid 106021
140 4 tid 106021
365 2 tid 106021
247 tid 106021
Insert  tid 106021
FindTargetPageId rootid 3 tid 106021
target_page_id id: 2 tid 106021
0 1 tid 106021
140 4 tid 106021
365 2 tid 106021
248 tid 106021
Insert  tid 106021
FindTargetPageId rootid 3 tid 106021
target_page_id id: 2 tid 106021
0 1 tid 106021
140 4 tid 106021
365 2 tid 106021
249 tid 106021
Insert  tid 106021
FindTargetPageId rootid 3 tid 106021
target_page_id id: 2 tid 106021
0 1 tid 106021
140 4 tid 106021
365 2 tid 106021
250 tid 106021
Insert  tid 106021
FindTargetPageId rootid 3 tid 106020
target_page_id id: 2 tid 106020
0 1 tid 106020
140 4 tid 106020
365 2 tid 106020
251 tid 106020
Remove  tid 106020
FindTargetPageId rootid 3 tid 106019
target_page_id id: 2 tid 106019
0 1 tid 106019
140 4 tid 106019
365 2 tid 106019
250 tid 106019
Insert  tid 106019
FindTargetPageId rootid 3 tid 106021
target_page_id id: 2 tid 106021
0 1 tid 106021
140 4 tid 106021
365 2 tid 106021
250 tid 106021
Insert  tid 106021
FindTargetPageId rootid 3 tid 106020
target_page_id id: 2 tid 106020
0 1 tid 106020
140 4 tid 106020
365 2 tid 106020
251 tid 106020
Remove  tid 106020
FindTargetPageId rootid 3 tid 106019
target_page_id id: 2 tid 106019
0 1 tid 106019
140 4 tid 106019
365 2 tid 106019
250 tid 106019
Insert  tid 106019
FindTargetPageId rootid 3 tid 106021
target_page_id id: 2 tid 106021
0 1 tid 106021
140 4 tid 106021
365 2 tid 106021
250 tid 106021
Insert  tid 106021
FindTargetPageId rootid 3 tid 106020
target_page_id id: 2 tid 106020
0 1 tid 106020
140 4 tid 106020
365 2 tid 106020
251 tid 106020
Remove  tid 106020
FindTargetPageId rootid 3 tid 106020
target_page_id id: 2 tid 106020
0 1 tid 106020
140 4 tid 106020
365 2 tid 106020
250 tid 106020
Remove  tid 106020
FindTargetPageId rootid 3 tid 106020
target_page_id id: 2 tid 106020
0 1 tid 106020
140 4 tid 106020
365 2 tid 106020
249 tid 106020
Remove  tid 106020
FindTargetPageId rootid 3 tid 106020
target_page_id id: 2 tid 106020
0 1 tid 106020
140 4 tid 106020
365 2 tid 106020
248 tid 106020
Remove  tid 106020
FindTargetPageId rootid 3 tid 106021
target_page_id id: 2 tid 106021
0 1 tid 106021
140 4 tid 106021
365 2 tid 106021
247 tid 106021
Insert  tid 106021
FindTargetPageId rootid 3 tid 106019
target_page_id id: 2 tid 106019
0 1 tid 106019
140 4 tid 106019
365 2 tid 106019
248 tid 106019
Insert  tid 106019
FindTargetPageId rootid 3 tid 106019
target_page_id id: 2 tid 106019
0 1 tid 106019
140 4 tid 106019
365 2 tid 106019
248 tid 106019
Insert  tid 106019
FindTargetPageId rootid 3 tid 106020
target_page_id id: 2 tid 106020
0 1 tid 106020
140 4 tid 106020
365 2 tid 106020
248 tid 106020
Remove  tid 106020
FindTargetPageId rootid 3 tid 106020
target_page_id id: 2 tid 106020
0 1 tid 106020
140 4 tid 106020
365 2 tid 106020
247 tid 106020
Remove  tid 106020
FindTargetPageId rootid 3 tid 106020
target_page_id id: 2 tid 106020
0 1 tid 106020
140 4 tid 106020
365 2 tid 106020
246 tid 106020
Remove  tid 106020
FindTargetPageId rootid 3 tid 106020
target_page_id id: 2 tid 106020
0 1 tid 106020
140 4 tid 106020
365 2 tid 106020
245 tid 106020
Remove  tid 106020
FindTargetPageId rootid 3 tid 106020
target_page_id id: 2 tid 106020
0 1 tid 106020
140 4 tid 106020
365 2 tid 106020
244 tid 106020
Remove  tid 106020
FindTargetPageId rootid 3 tid 106020
target_page_id id: 2 tid 106020
0 1 tid 106020
140 4 tid 106020
365 2 tid 106020
243 tid 106020
Remove  tid 106020
FindTargetPageId rootid 3 tid 106020
target_page_id id: 2 tid 106020
0 1 tid 106020
140 4 tid 106020
365 2 tid 106020
242 tid 106020
Remove  tid 106020
FindTargetPageId rootid 3 tid 106020
target_page_id id: 2 tid 106020
0 1 tid 106020
140 4 tid 106020
365 2 tid 106020
241 tid 106020
Remove  tid 106020
FindTargetPageId rootid 3 tid 106020
target_page_id id: 2 tid 106020
0 1 tid 106020
140 4 tid 106020
365 2 tid 106020
240 tid 106020
Remove  tid 106020
FindTargetPageId rootid 3 tid 106020
target_page_id id: 2 tid 106020
0 1 tid 106020
140 4 tid 106020
365 2 tid 106020
239 tid 106020
Remove  tid 106020
FindTargetPageId rootid 3 tid 106020
target_page_id id: 2 tid 106020
0 1 tid 106020
140 4 tid 106020
365 2 tid 106020
238 tid 106020
Remove  tid 106020
FindTargetPageId rootid 3 tid 106020
target_page_id id: 2 tid 106020
0 1 tid 106020
140 4 tid 106020
365 2 tid 106020
237 tid 106020
Remove  tid 106020
FindTargetPageId rootid 3 tid 106020
target_page_id id: 2 tid 106020
0 1 tid 106020
140 4 tid 106020
365 2 tid 106020
236 tid 106020
Remove  tid 106020
FindTargetPageId rootid 3 tid 106020
target_page_id id: 2 tid 106020
0 1 tid 106020
140 4 tid 106020
365 2 tid 106020
235 tid 106020
Remove  tid 106020
FindTargetPageId rootid 3 tid 106020
target_page_id id: 2 tid 106020
0 1 tid 106020
140 4 tid 106020
365 2 tid 106020
234 tid 106020
Remove  tid 106020
FindTargetPageId rootid 3 tid 106020
target_page_id id: 2 tid 106020
0 1 tid 106020
140 4 tid 106020
365 2 tid 106020
233 tid 106020
Remove  tid 106020
FindTargetPageId rootid 3 tid 106020
target_page_id id: 2 tid 106020
0 1 tid 106020
140 4 tid 106020
365 2 tid 106020
232 tid 106020
Remove  tid 106020
FindTargetPageId rootid 3 tid 106020
target_page_id id: 2 tid 106020
0 1 tid 106020
140 4 tid 106020
365 2 tid 106020
231 tid 106020
Remove  tid 106020
FindTargetPageId rootid 3 tid 106020
target_page_id id: 2 tid 106020
0 1 tid 106020
140 4 tid 106020
365 2 tid 106020
230 tid 106020
Remove  tid 106020
FindTargetPageId rootid 3 tid 106020
target_page_id id: 2 tid 106020
0 1 tid 106020
140 4 tid 106020
365 2 tid 106020
229 tid 106020
Remove  tid 106020
FindTargetPageId rootid 3 tid 106019
target_page_id id: 2 tid 106019
0 1 tid 106019
140 4 tid 106019
365 2 tid 106019
228 tid 106019
Insert  tid 106019
FindTargetPageId rootid 3 tid 106021
target_page_id id: 2 tid 106021
0 1 tid 106021
140 4 tid 106021
365 2 tid 106021
229 tid 106021
Insert  tid 106021
FindTargetPageId rootid 3 tid 106021
target_page_id id: 2 tid 106021
0 1 tid 106021
140 4 tid 106021
365 2 tid 106021
230 tid 106021
Insert  tid 106021
FindTargetPageId rootid 3 tid 106021
target_page_id id: 2 tid 106021
0 1 tid 106021
140 4 tid 106021
365 2 tid 106021
231 tid 106021
Insert  tid 106021
FindTargetPageId rootid 3 tid 106021
target_page_id id: 2 tid 106021
0 1 tid 106021
140 4 tid 106021
365 2 tid 106021
232 tid 106021
Insert  tid 106021
FindTargetPageId rootid 3 tid 106020
target_page_id id: 2 tid 106020
0 1 tid 106020
140 4 tid 106020
365 2 tid 106020
233 tid 106020
Remove  tid 106020
FindTargetPageId rootid 3 tid 106019
target_page_id id: 2 tid 106019
0 1 tid 106019
140 4 tid 106019
365 2 tid 106019
232 tid 106019
Insert  tid 106019
FindTargetPageId rootid 3 tid 106021
target_page_id id: 2 tid 106021
0 1 tid 106021
140 4 tid 106021
365 2 tid 106021
233 tid 106021
Insert  tid 106021
FindTargetPageId rootid 3 tid 106021
target_page_id id: 2 tid 106021
0 1 tid 106021
140 4 tid 106021
365 2 tid 106021
234 tid 106021
Insert  tid 106021
FindTargetPageId rootid 3 tid 106021
target_page_id id: 2 tid 106021
0 1 tid 106021
140 4 tid 106021
365 2 tid 106021
235 tid 106021
Insert  tid 106021
FindTargetPageId rootid 3 tid 106021
target_page_id id: 2 tid 106021
0 1 tid 106021
140 4 tid 106021
365 2 tid 106021
236 tid 106021
Insert  tid 106021
FindTargetPageId rootid 3 tid 106019
target_page_id id: 2 tid 106019
0 1 tid 106019
140 4 tid 106019
365 2 tid 106019
237 tid 106019
Insert  tid 106019
FindTargetPageId rootid 3 tid 106020
target_page_id id: 2 tid 106020
0 1 tid 106020
140 4 tid 106020
365 2 tid 106020
238 tid 106020
FindTargetPageId rootid 3 tid 106021
target_page_id id: 2 tid 106021
0 1 tid 106021
140 4 tid 106021
365 2 tid 106021
237 tid 106021
Insert  tid 106021
Remove  tid 106020
FindTargetPageId rootid 3 tid 106021
target_page_id id: 2 tid 106021
0 1 tid 106021
140 4 tid 106021
365 2 tid 106021
238 tid 106021
Insert  tid 106021
FindTargetPageId rootid 3 tid 106021
target_page_id id: 2 tid 106021
0 1 tid 106021
140 4 tid 106021
365 2 tid 106021
239 tid 106021
Insert  tid 106021
FindTargetPageId rootid 3 tid 106019
target_page_id id: 2 tid 106019
0 1 tid 106019
140 4 tid 106019
365 2 tid 106019
240 tid 106019
Insert  tid 106019
FindTargetPageId rootid 3 tid 106020
target_page_id id: 2 tid 106020
0 1 tid 106020
140 4 tid 106020
365 2 tid 106020
241 tid 106020
Remove  tid 106020
FindTargetPageId rootid 3 tid 106021
target_page_id id: 2 tid 106021
0 1 tid 106021
140 4 tid 106021
365 2 tid 106021
240 tid 106021
Insert  tid 106021
FindTargetPageId rootid 3 tid 106021
target_page_id id: 2 tid 106021
0 1 tid 106021
140 4 tid 106021
365 2 tid 106021
241 tid 106021
Insert  tid 106021
FindTargetPageId rootid 3 tid 106021
target_page_id id: 2 tid 106021
0 1 tid 106021
140 4 tid 106021
365 2 tid 106021
242 tid 106021
Insert  tid 106021
FindTargetPageId rootid 3 tid 106021
target_page_id id: 2 tid 106021
0 1 tid 106021
140 4 tid 106021
365 2 tid 106021
243 tid 106021
Insert  tid 106021
FindTargetPageId rootid 3 tid 106021
target_page_id id: 2 tid 106021
0 1 tid 106021
140 4 tid 106021
365 2 tid 106021
244 tid 106021
Insert  tid 106021
FindTargetPageId rootid 3 tid 106021
target_page_id id: 2 tid 106021
0 1 tid 106021
140 4 tid 106021
365 2 tid 106021
245 tid 106021
Insert  tid 106021
FindTargetPageId rootid 3 tid 106020
target_page_id id: 2 tid 106020
0 1 tid 106020
140 4 tid 106020
365 2 tid 106020
246 tid 106020
Remove  tid 106020
FindTargetPageId rootid 3 tid 106020
target_page_id id: 2 tid 106020
0 1 tid 106020
140 4 tid 106020
365 2 tid 106020
245 tid 106020
Remove  tid 106020
FindTargetPageId rootid 3 tid 106020
target_page_id id: 2 tid 106020
0 1 tid 106020
140 4 tid 106020
365 2 tid 106020
244 tid 106020
Remove  tid 106020
FindTargetPageId rootid 3 tid 106020
target_page_id id: 2 tid 106020
0 1 tid 106020
140 4 tid 106020
365 2 tid 106020
243 tid 106020
Remove  tid 106020
FindTargetPageId rootid 3 tid 106020
target_page_id id: 2 tid 106020
0 1 tid 106020
140 4 tid 106020
365 2 tid 106020
242 tid 106020
Remove  tid 106020
FindTargetPageId rootid 3 tid 106020
target_page_id id: 2 tid 106020
0 1 tid 106020
140 4 tid 106020
365 2 tid 106020
241 tid 106020
Remove  tid 106020
FindTargetPageId rootid 3 tid 106020
target_page_id id: 2 tid 106020
0 1 tid 106020
140 4 tid 106020
365 2 tid 106020
240 tid 106020
Remove  tid 106020
FindTargetPageId rootid 3 tid 106020
target_page_id id: 2 tid 106020
0 1 tid 106020
140 4 tid 106020
365 2 tid 106020
239 tid 106020
Remove  tid 106020
FindTargetPageId rootid 3 tid 106020
target_page_id id: 2 tid 106020
0 1 tid 106020
140 4 tid 106020
365 2 tid 106020
238 tid 106020
Remove  tid 106020
FindTargetPageId rootid 3 tid 106020
target_page_id id: 2 tid 106020
0 1 tid 106020
140 4 tid 106020
365 2 tid 106020
237 tid 106020
Remove  tid 106020
FindTargetPageId rootid 3 tid 106020
target_page_id id: 2 tid 106020
0 1 tid 106020
140 4 tid 106020
365 2 tid 106020
236 tid 106020
Remove  tid 106020
FindTargetPageId rootid 3 tid 106020
target_page_id id: 2 tid 106020
0 1 tid 106020
140 4 tid 106020
365 2 tid 106020
235 tid 106020
Remove  tid 106020
FindTargetPageId rootid 3 tid 106020
target_page_id id: 2 tid 106020
0 1 tid 106020
140 4 tid 106020
365 2 tid 106020
234 tid 106020
Remove  tid 106020
FindTargetPageId rootid 3 tid 106020
target_page_id id: 2 tid 106020
0 1 tid 106020
140 4 tid 106020
365 2 tid 106020
233 tid 106020
Remove  tid 106020
FindTargetPageId rootid 3 tid 106019
target_page_id id: 2 tid 106019
0 1 tid 106019
140 4 tid 106019
365 2 tid 106019
232 tid 106019
Insert  tid 106019
FindTargetPageId rootid 3 tid 106019
target_page_id id: 2 tid 106019
0 1 tid 106019
140 4 tid 106019
365 2 tid 106019
233 tid 106019
Insert  tid 106019
FindTargetPageId rootid 3 tid 106019
target_page_id id: 2 tid 106019
0 1 tid 106019
140 4 tid 106019
365 2 tid 106019
234 tid 106019
Insert  tid 106019
FindTargetPageId rootid 3 tid 106021
target_page_id id: 2 tid 106021
0 1 tid 106021
140 4 tid 106021
365 2 tid 106021
235 tid 106021
Insert  tid 106021
FindTargetPageId rootid 3 tid 106021
target_page_id id: 2 tid 106021
0 1 tid 106021
140 4 tid 106021
365 2 tid 106021
236 tid 106021
Insert  tid 106021
FindTargetPageId rootid 3 tid 106021
target_page_id id: 2 tid 106021
0 1 tid 106021
140 4 tid 106021
365 2 tid 106021
237 tid 106021
Insert  tid 106021
FindTargetPageId rootid 3 tid 106021
target_page_id id: 2 tid 106021
0 1 tid 106021
140 4 tid 106021
365 2 tid 106021
238 tid 106021
Insert  tid 106021
FindTargetPageId rootid 3 tid 106021
target_page_id id: 2 tid 106021
0 1 tid 106021
140 4 tid 106021
365 2 tid 106021
239 tid 106021
Insert  tid 106021
FindTargetPageId rootid 3 tid 106021
target_page_id id: 2 tid 106021
0 1 tid 106021
140 4 tid 106021
365 2 tid 106021
240 tid 106021
Insert  tid 106021
FindTargetPageId rootid 3 tid 106019
target_page_id id: 2 tid 106019
0 1 tid 106019
140 4 tid 106019
365 2 tid 106019
241 tid 106019
Insert  tid 106019
FindTargetPageId rootid 3 tid 106020
target_page_id id: 2 tid 106020
0 1 tid 106020
140 4 tid 106020
365 2 tid 106020
242 tid 106020
Remove  tid 106020
FindTargetPageId rootid 3 tid 106021
target_page_id id: 2 tid 106021
0 1 tid 106021
140 4 tid 106021
365 2 tid 106021
241 tid 106021
Insert  tid 106021
FindTargetPageId rootid 3 tid 106019
target_page_id id: 2 tid 106019
0 1 tid 106019
140 4 tid 106019
365 2 tid 106019
242 tid 106019
Insert  tid 106019
FindTargetPageId rootid 3 tid 106019
target_page_id id: 2 tid 106019
0 1 tid 106019
140 4 tid 106019
365 2 tid 106019
243 tid 106019
FindTargetPageId rootid Insert 3 tid  tid 106019
106020
target_page_id id: 2 tid 106020
0 1 tid 106020
140 4 tid 106020
365 2 tid 106020
244 tid 106020
Remove  tid 106020
FindTargetPageId rootid 3 tid 106021
target_page_id id: 2 tid 106021
0 1 tid 106021
140 4 tid 106021
365 2 tid 106021
243 tid 106021
Insert  tid 106021
FindTargetPageId rootid 3 tid 106021
target_page_id id: 2 tid 106021
0 1 tid 106021
140 4 tid 106021
365 2 tid 106021
244 tid 106021
Insert  tid 106021
FindTargetPageId rootid 3 tid 106021
target_page_id id: 2 tid 106021
0 1 tid 106021
140 4 tid 106021
365 2 tid 106021
245 tid 106021
Insert  tid 106021
FindTargetPageId rootid 3 tid 106019
target_page_id id: 2 tid 106019
0 1 tid 106019
140 4 tid 106019
365 2 tid 106019
246 tid 106019
Insert  tid 106019
FindTargetPageId rootid 3 tid 106020
target_page_id id: 2 tid 106020
0 1 tid 106020
140 4 tid 106020
365 2 tid 106020
247 tid 106020
Remove  tid 106020
FindTargetPageId rootid 3 tid 106021
target_page_id id: 2 tid 106021
0 1 tid 106021
140 4 tid 106021
365 2 tid 106021
246 tid 106021
Insert  tid 106021
FindTargetPageId rootid 3 tid 106021
target_page_id id: 2 tid 106021
0 1 tid 106021
140 4 tid 106021
365 2 tid 106021
247 tid 106021
Insert  tid 106021
FindTargetPageId rootid 3 tid 106021
target_page_id id: 2 tid 106021
0 1 tid 106021
140 4 tid 106021
365 2 tid 106021
248 tid 106021
Insert  tid 106021
FindTargetPageId rootid 3 tid 106019
target_page_id id: 2 tid 106019
0 1 tid 106019
140 4 tid 106019
365 2 tid 106019
249 tid 106019
Insert  tid 106019
FindTargetPageId rootid 3 tid 106019
target_page_id id: 2 tid 106019
0 1 tid 106019
140 4 tid 106019
365 2 tid 106019
250 tid 106019
Insert  tid 106019
FindTargetPageId rootid 3 tid 106019
target_page_id id: 2 tid 106019
0 1 tid 106019
140 4 tid 106019
365 2 tid 106019
251 tid 106019
Insert  tid 106019
FindTargetPageId rootid 3 tid 106019
target_page_id id: 2 tid 106019
0 1 tid 106019
140 4 tid 106019
365 2 tid 106019
252 tid 106019
Insert  tid 106019
FindTargetPageId rootid 3 tid 106019
target_page_id id: 2 tid 106019
0 1 tid 106019
140 4 tid 106019
365 2 tid 106019
253 tid 106019
Insert  tid 106019
FindTargetPageId rootid 3 tid 106019
target_page_id id: 2 tid 106019
0 1 tid 106019
140 4 tid 106019
365 2 tid 106019
254 tid 106019
Insert  tid 106019
FindTargetPageId rootid 3 tid 106021
target_page_id id: 5 tid 106021
0 1 tid 106021
140 4 tid 106021
365 2 tid 106021
526 5 tid 106021
128 tid 106021
Insert  tid 106021
FindTargetPageId rootid 3 tid 106021
target_page_id id: 5 tid 106021
0 1 tid 106021
140 4 tid 106021
365 2 tid 106021
526 5 tid 106021
129 tid 106021
Insert  tid 106021
FindTargetPageId rootid 3 tid 106021
target_page_id id: 5 tid 106021
0 1 tid 106021
140 4 tid 106021
365 2 tid 106021
526 5 tid 106021
130 tid 106021
Insert  tid 106021
FindTargetPageId rootid 3 tid 106021
target_page_id id: 5 tid 106021
0 1 tid 106021
140 4 tid 106021
365 2 tid 106021
526 5 tid 106021
131 tid 106021
Insert  tid 106021
FindTargetPageId rootid 3 tid 106021
target_page_id id: 5 tid 106021
0 1 tid 106021
140 4 tid 106021
365 2 tid 106021
526 5 tid 106021
132 tid 106021
Insert  tid 106021
FindTargetPageId rootid 3 tid 106021
target_page_id id: 5 tid 106021
0 1 tid 106021
140 4 tid 106021
365 2 tid 106021
526 5 tid 106021
133 tid 106021
Insert  tid 106021
FindTargetPageId rootid 3 tid 106021
target_page_id id: 5 tid 106021
0 1 tid 106021
140 4 tid 106021
365 2 tid 106021
526 5 tid 106021
134 tid 106021
Insert  tid 106021
FindTargetPageId rootid 3 tid 106021
target_page_id id: 5 tid 106021
0 1 tid 106021
140 4 tid 106021
365 2 tid 106021
526 5 tid 106021
135 tid 106021
Insert  tid 106021
FindTargetPageId rootid 3 tid 106021
target_page_id id: 5 tid 106021
0 1 tid 106021
140 4 tid 106021
365 2 tid 106021
526 5 tid 106021
136 tid 106021
Insert  tid 106021
FindTargetPageId rootid 3 tid 106021
target_page_id id: 5 tid 106021
0 1 tid 106021
140 4 tid 106021
365 2 tid 106021
526 5 tid 106021
137 tid 106021
Insert  tid 106021
FindTargetPageId rootid 3 tid 106019
target_page_id id: 2 tid 106019
0 1 tid 106019
140 4 tid 106019
365 2 tid 106019
526 5 tid 106019
127 tid 106019
Insert  tid 106019
FindTargetPageId rootid 3 tid 106020
target_page_id id: 2 tid 106020
0 1 tid 106020
140 4 tid 106020
365 2 tid 106020
526 5 tid 106020
128 tid 106020
Remove  tid 106020
FindTargetPageId rootid 3 tid 106020
target_page_id id: 2 tid 106020
0 1 tid 106020
140 4 tid 106020
365 2 tid 106020
526 5 tid 106020
127 tid 106020
Remove  tid 106020
FindTargetPageId rootid 3 tid 106020
target_page_id id: 5 tid 106020
0 1 tid 106020
140 4 tid 106020
364 2 tid 106020
526 5 tid 106020
138 tid 106020
Remove  tid 106020
FindTargetPageId rootid 3 tid 106020
target_page_id id: 5 tid 106020
0 1 tid 106020
140 4 tid 106020
364 2 tid 106020
526 5 tid 106020
137 tid 106020
Remove  tid 106020
FindTargetPageId rootid 3 tid 106020
target_page_id id: 5 tid 106020
0 1 tid 106020
140 4 tid 106020
364 2 tid 106020
526 5 tid 106020
136 tid 106020
Remove  tid 106020
FindTargetPageId rootid 3 tid 106020
target_page_id id: 5 tid 106020
0 1 tid 106020
140 4 tid 106020
364 2 tid 106020
526 5 tid 106020
135 tid 106020
Remove  tid 106020
FindTargetPageId rootid 3 tid 106020
target_page_id id: 5 tid 106020
0 1 tid 106020
140 4 tid 106020
364 2 tid 106020
526 5 tid 106020
134 tid 106020
Remove  tid 106020
FindTargetPageId rootid 3 tid 106020
target_page_id id: 5 tid 106020
0 1 tid 106020
140 4 tid 106020
364 2 tid 106020
526 5 tid 106020
133 tid 106020
Remove  tid 106020
FindTargetPageId rootid 3 tid 106020
target_page_id id: 5 tid 106020
0 1 tid 106020
140 4 tid 106020
364 2 tid 106020
526 5 tid 106020
132 tid 106020
Remove  tid 106020
FindTargetPageId rootid 3 tid 106020
target_page_id id: 5 tid 106020
0 1 tid 106020
140 4 tid 106020
364 2 tid 106020
526 5 tid 106020
131 tid 106020
Remove  tid 106020
FindTargetPageId rootid 3 tid 106020
target_page_id id: 5 tid 106020
0 1 tid 106020
140 4 tid 106020
364 2 tid 106020
526 5 tid 106020
130 tid 106020
Remove  tid 106020
FindTargetPageId rootid 3 tid 106020
target_page_id id: 5 tid 106020
0 1 tid 106020
140 4 tid 106020
364 2 tid 106020
526 5 tid 106020
129 tid 106020
Remove  tid 106020
FindTargetPageId rootid 3 tid 106019
target_page_id id: 2 tid 106019
0 1 tid 106019
140 4 tid 106019
364 2 tid 106019
526 5 tid 106019
127 tid 106019
Insert  tid 106019
FindTargetPageId rootid 3 tid 106019
target_page_id id: 2 tid 106019
0 1 tid 106019
140 4 tid 106019
364 2 tid 106019
526 5 tid 106019
128 tid 106019
Insert  tid 106019
FindTargetPageId rootid 3 tid 106019
target_page_id id: 2 tid 106019
0 1 tid 106019
140 4 tid 106019
364 2 tid 106019
526 5 tid 106019
129 tid 106019
Insert  tid 106019
FindTargetPageId rootid 3 tid 106021
target_page_id id: 5 tid 106021
0 1 tid 106021
140 4 tid 106021
364 2 tid 106021
526 5 tid 106021
128 tid 106021
Insert  tid 106021
FindTargetPageId rootid 3 tid 106021
target_page_id id: 5 tid 106021
0 1 tid 106021
140 4 tid 106021
364 2 tid 106021
526 5 tid 106021
129 tid 106021
Insert  tid 106021
FindTargetPageId rootid 3 tid 106021
target_page_id id: 5 tid 106021
0 1 tid 106021
140 4 tid 106021
364 2 tid 106021
526 5 tid 106021
130 tid 106021
Insert  tid 106021
FindTargetPageId rootid 3 tid 106021
target_page_id id: 5 tid 106021
0 1 tid 106021
140 4 tid 106021
364 2 tid 106021
526 5 tid 106021
131 tid 106021
Insert  tid 106021
FindTargetPageId rootid 3 tid 106021
target_page_id id: 5 tid 106021
0 1 tid 106021
140 4 tid 106021
364 2 tid 106021
526 5 tid 106021
132 tid 106021
Insert  tid 106021
FindTargetPageId rootid 3 tid 106021
target_page_id id: 5 tid 106021
0 1 tid 106021
140 4 tid 106021
364 2 tid 106021
526 5 tid 106021
133 tid 106021
Insert  tid 106021
FindTargetPageId rootid 3 tid 106021
target_page_id id: 5 tid 106021
0 1 tid 106021
140 4 tid 106021
364 2 tid 106021
526 5 tid 106021
134 tid 106021
Insert  tid 106021
FindTargetPageId rootid 3 tid 106021
target_page_id id: 5 tid 106021
0 1 tid 106021
140 4 tid 106021
364 2 tid 106021
526 5 tid 106021
135 tid 106021
Insert  tid 106021
FindTargetPageId rootid 3 tid 106021
target_page_id id: 5 tid 106021
0 1 tid 106021
140 4 tid 106021
364 2 tid 106021
526 5 tid 106021
136 tid 106021
Insert  tid 106021
FindTargetPageId rootid 3 tid 106021
target_page_id id: 5 tid 106021
0 1 tid 106021
140 4 tid 106021
364 2 tid 106021
526 5 tid 106021
137 tid 106021
Insert  tid 106021
FindTargetPageId rootid 3 tid 106021
target_page_id id: 5 tid 106021
0 1 tid 106021
140 4 tid 106021
364 2 tid 106021
526 5 tid 106021
138 tid 106021
Insert  tid 106021
FindTargetPageId rootid 3 tid 106021
target_page_id id: 5 tid 106021
0 1 tid 106021
140 4 tid 106021
364 2 tid 106021
526 5 tid 106021
139 tid 106021
Insert  tid 106021
FindTargetPageId rootid 3 tid 106021
target_page_id id: 5 tid 106021
0 1 tid 106021
140 4 tid 106021
364 2 tid 106021
526 5 tid 106021
140 tid 106021
Insert  tid 106021
FindTargetPageId rootid 3 tid 106021
target_page_id id: 5 tid 106021
0 1 tid 106021
140 4 tid 106021
364 2 tid 106021
526 5 tid 106021
141 tid 106021
Insert  tid 106021
FindTargetPageId rootid 3 tid 106021
target_page_id id: 5 tid 106021
0 1 tid 106021
140 4 tid 106021
364 2 tid 106021
526 5 tid 106021
142 tid 106021
Insert  tid 106021
FindTargetPageId rootid 3 tid 106021
target_page_id id: 5 tid 106021
0 1 tid 106021
140 4 tid 106021
364 2 tid 106021
526 5 tid 106021
143 tid 106021
Insert  tid 106021
FindTargetPageId rootid 3 tid 106021
target_page_id id: 5 tid 106021
0 1 tid 106021
140 4 tid 106021
364 2 tid 106021
526 5 tid 106021
144 tid 106021
Insert  tid 106021
FindTargetPageId rootid 3 tid 106021
target_page_id id: 5 tid 106021
0 1 tid 106021
140 4 tid 106021
364 2 tid 106021
526 5 tid 106021
145 tid 106021
Insert  tid 106021
FindTargetPageId rootid 3 tid 106021
target_page_id id: 5 tid 106021
0 1 tid 106021
140 4 tid 106021
364 2 tid 106021
526 5 tid 106021
146 tid 106021
Insert  tid 106021
FindTargetPageId rootid 3 tid 106021
target_page_id id: 5 tid 106021
0 1 tid 106021
140 4 tid 106021
364 2 tid 106021
526 5 tid 106021
147 tid 106021
Insert  tid 106021
FindTargetPageId rootid 3 tid 106021
target_page_id id: 5 tid 106021
0 1 tid 106021
140 4 tid 106021
364 2 tid 106021
526 5 tid 106021
148 tid 106021
Insert  tid 106021
FindTargetPageId rootid 3 tid 106021
target_page_id id: 5 tid 106021
0 1 tid 106021
140 4 tid 106021
364 2 tid 106021
526 5 tid 106021
149 tid 106021
Insert  tid 106021
FindTargetPageId rootid 3 tid 106021
target_page_id id: 5 tid 106021
0 1 tid 106021
140 4 tid 106021
364 2 tid 106021
526 5 tid 106021
150 tid 106021
Insert  tid 106021
FindTargetPageId rootid 3 tid 106021
target_page_id id: 5 tid 106021
0 1 tid 106021
140 4 tid 106021
364 2 tid 106021
526 5 tid 106021
151 tid 106021
Insert  tid 106021
FindTargetPageId rootid 3 tid 106021
target_page_id id: 5 tid 106021
0 1 tid 106021
140 4 tid 106021
364 2 tid 106021
526 5 tid 106021
152 tid 106021
Insert  tid 106021
FindTargetPageId rootid 3 tid 106021
target_page_id id: 5 tid 106021
0 1 tid 106021
140 4 tid 106021
364 2 tid 106021
526 5 tid 106021
153 tid 106021
Insert  tid 106021
FindTargetPageId rootid 3 tid 106021
target_page_id id: 5 tid 106021
0 1 tid 106021
140 4 tid 106021
364 2 tid 106021
526 5 tid 106021
154 tid 106021
Insert  tid 106021
FindTargetPageId rootid 3 tid 106021
target_page_id id: 5 tid 106021
0 1 tid 106021
140 4 tid 106021
364 2 tid 106021
526 5 tid 106021
155 tid 106021
Insert  tid 106021
FindTargetPageId rootid 3 tid 106021
target_page_id id: 5 tid 106021
0 1 tid 106021
140 4 tid 106021
364 2 tid 106021
526 5 tid 106021
156 tid 106021
Insert  tid 106021
FindTargetPageId rootid 3 tid 106021
target_page_id id: 5 tid 106021
0 1 tid 106021
140 4 tid 106021
364 2 tid 106021
526 5 tid 106021
157 tid 106021
Insert  tid 106021
FindTargetPageId rootid 3 tid 106021
target_page_id id: 5 tid 106021
0 1 tid 106021
140 4 tid 106021
364 2 tid 106021
526 5 tid 106021
158 tid 106021
Insert  tid 106021
FindTargetPageId rootid 3 tid 106021
target_page_id id: 5 tid 106021
0 1 tid 106021
140 4 tid 106021
364 2 tid 106021
526 5 tid 106021
159 tid 106021
Insert  tid 106021
FindTargetPageId rootid 3 tid 106021
target_page_id id: 5 tid 106021
0 1 tid 106021
140 4 tid 106021
364 2 tid 106021
526 5 tid 106021
160 tid 106021
Insert  tid 106021
FindTargetPageId rootid 3 tid 106021
target_page_id id: 5 tid 106021
0 1 tid 106021
140 4 tid 106021
364 2 tid 106021
526 5 tid 106021
161 tid 106021
Insert  tid 106021
FindTargetPageId rootid 3 tid 106021
target_page_id id: 5 tid 106021
0 1 tid 106021
140 4 tid 106021
364 2 tid 106021
526 5 tid 106021
162 tid 106021
Insert  tid 106021
FindTargetPageId rootid 3 tid 106021
target_page_id id: 5 tid 106021
0 1 tid 106021
140 4 tid 106021
364 2 tid 106021
526 5 tid 106021
163 tid 106021
Insert  tid 106021
FindTargetPageId rootid 3 tid 106021
target_page_id id: 5 tid 106021
0 1 tid 106021
140 4 tid 106021
364 2 tid 106021
526 5 tid 106021
164 tid 106021
Insert  tid 106021
FindTargetPageId rootid 3 tid 106021
target_page_id id: 5 tid 106021
0 1 tid 106021
140 4 tid 106021
364 2 tid 106021
526 5 tid 106021
165 tid 106021
Insert  tid 106021
FindTargetPageId rootid 3 tid 106021
target_page_id id: 5 tid 106021
0 1 tid 106021
140 4 tid 106021
364 2 tid 106021
526 5 tid 106021
166 tid 106021
Insert  tid 106021
FindTargetPageId rootid 3 tid 106021
target_page_id id: 5 tid 106021
0 1 tid 106021
140 4 tid 106021
364 2 tid 106021
526 5 tid 106021
167 tid 106021
Insert  tid 106021
FindTargetPageId rootid 3 tid 106021
target_page_id id: 5 tid 106021
0 1 tid 106021
140 4 tid 106021
364 2 tid 106021
526 5 tid 106021
168 tid 106021
Insert  tid 106021
FindTargetPageId rootid 3 tid 106021
target_page_id id: 5 tid 106021
0 1 tid 106021
140 4 tid 106021
364 2 tid 106021
526 5 tid 106021
169 tid 106021
Insert  tid 106021
FindTargetPageId rootid 3 tid 106021
target_page_id id: 5 tid 106021
0 1 tid 106021
140 4 tid 106021
364 2 tid 106021
526 5 tid 106021
170 tid 106021
Insert  tid 106021
FindTargetPageId rootid 3 tid 106021
target_page_id id: 5 tid 106021
0 1 tid 106021
140 4 tid 106021
364 2 tid 106021
526 5 tid 106021
171 tid 106021
Insert  tid 106021
FindTargetPageId rootid 3 tid 106021
target_page_id id: 5 tid 106021
0 1 tid 106021
140 4 tid 106021
364 2 tid 106021
526 5 tid 106021
172 tid 106021
Insert  tid 106021
FindTargetPageId rootid 3 tid 106021
target_page_id id: 5 tid 106021
0 1 tid 106021
140 4 tid 106021
364 2 tid 106021
526 5 tid 106021
173 tid 106021
Insert  tid 106021
FindTargetPageId rootid 3 tid 106021
target_page_id id: 5 tid 106021
0 1 tid 106021
140 4 tid 106021
364 2 tid 106021
526 5 tid 106021
174 tid 106021
Insert  tid 106021
FindTargetPageId rootid 3 tid 106021
target_page_id id: 5 tid 106021
0 1 tid 106021
140 4 tid 106021
364 2 tid 106021
526 5 tid 106021
175 tid 106021
Insert  tid 106021
FindTargetPageId rootid 3 tid 106021
target_page_id id: 5 tid 106021
0 1 tid 106021
140 4 tid 106021
364 2 tid 106021
526 5 tid 106021
176 tid 106021
Insert  tid 106021
FindTargetPageId rootid 3 tid 106021
target_page_id id: 5 tid 106021
0 1 tid 106021
140 4 tid 106021
364 2 tid 106021
526 5 tid 106021
177 tid 106021
Insert  tid 106021
FindTargetPageId rootid 3 tid 106021
target_page_id id: 5 tid 106021
0 1 tid 106021
140 4 tid 106021
364 2 tid 106021
526 5 tid 106021
178 tid 106021
Insert  tid 106021
FindTargetPageId rootid 3 tid 106019
target_page_id id: 2 tid 106019
0 1 tid 106019
140 4 tid 106019
364 2 tid 106019
526 5 tid 106019
130 tid 106019
Insert  tid 106019
FindTargetPageId rootid 3 tid 106019
target_page_id id: 2 tid 106019
0 1 tid 106019
140 4 tid 106019
364 2 tid 106019
526 5 tid 106019
131 tid 106019
FindTargetPageId rootid 3 tid 106020Insert  tid 106019

target_page_id id: 5 tid 106020
0 1 tid 106020
140 4 tid 106020
364 2 tid 106020
526 5 tid 106020
179 tid 106020
Remove  tid 106020
FindTargetPageId rootid 3 tid 106020
target_page_id id: 5 tid 106020
0 1 tid 106020
140 4 tid 106020
364 2 tid 106020
526 5 tid 106020
178 tid 106020
Remove  tid 106020
FindTargetPageId rootid 3 tid 106020
target_page_id id: 5 tid 106020
0 1 tid 106020
140 4 tid 106020
364 2 tid 106020
526 5 tid 106020
177 tid 106020
Remove  tid 106020
FindTargetPageId rootid 3 tid 106021
target_page_id id: 5 tid 106021
0 1 tid 106021
140 4 tid 106021
364 2 tid 106021
526 5 tid 106021
176 tid 106021
Insert  tid 106021
FindTargetPageId rootid 3 tid 106021
target_page_id id: 5 tid 106021
0 1 tid 106021
140 4 tid 106021
364 2 tid 106021
526 5 tid 106021
177 tid 106021
Insert  tid 106021
FindTargetPageId rootid 3 tid 106019
target_page_id id: 2 tid 106019
0 1 tid 106019
140 4 tid 106019
364 2 tid 106019
526 5 tid 106019
132 tid 106019
Insert  tid 106019
FindTargetPageId rootid 3 tid 106019
target_page_id id: 2 tid 106019
0 1 tid 106019
140 4 tid 106019
364 2 tid 106019
526 5 tid 106019
133 tid 106019
Insert  tid 106019
FindTargetPageId rootid 3 tid 106021
target_page_id id: 5 tid 106021
0 1 tid 106021
140 4 tid 106021
364 2 tid 106021
526 5 tid 106021
178 tid 106021
Insert  tid 106021
FindTargetPageId rootid 3 tid 106021
target_page_id id: 5 tid 106021
0 1 tid 106021
140 4 tid 106021
364 2 tid 106021
526 5 tid 106021
179 tid 106021
Insert  tid 106021
FindTargetPageId rootid 3 tid 106021
target_page_id id: 5 tid 106021
0 1 tid 106021
140 4 tid 106021
364 2 tid 106021
526 5 tid 106021
180 tid 106021
Insert  tid 106021
FindTargetPageId rootid 3 tid 106021
target_page_id id: 5 tid 106021
0 1 tid 106021
140 4 tid 106021
364 2 tid 106021
526 5 tid 106021
181 tid 106021
Insert  tid 106021
FindTargetPageId rootid 3 tid 106019
target_page_id id: 2 tid 106019
0 1 tid 106019
140 4 tid 106019
364 2 tid 106019
526 5 tid 106019
134 tid 106019
Insert  tid 106019
FindTargetPageId rootid 3 tid 106019
target_page_id id: 2 tid 106019
0 1 tid 106019
140 4 tid 106019
364 2 tid 106019
526 5 tid 106019
135 tid 106019
Insert  tid 106019
FindTargetPageId rootid 3 tid 106019
target_page_id id: 2 tid 106019
0 1 tid 106019
140 4 tid 106019
364 2 tid 106019
526 5 tid 106019
136 tid 106019
Insert  tid 106019
FindTargetPageId rootid 3 tid 106019
target_page_id id: 2 tid 106019
0 1 tid 106019
140 4 tid 106019
364 2 tid 106019
526 5 tid 106019
137 tid 106019
Insert  tid 106019
FindTargetPageId rootid 3 tid 106019
target_page_id id: 2 tid 106019
0 1 tid 106019
140 4 tid 106019
364 2 tid 106019
526 5 tid 106019
138 tid 106019
Insert  tid 106019
FindTargetPageId rootid 3 tid 106019
target_page_id id: 2 tid 106019
0 1 tid 106019
140 4 tid 106019
364 2 tid 106019
526 5 tid 106019
139 tid 106019
Insert  tid 106019
FindTargetPageId rootid 3 tid 106019
target_page_id id: 2 tid 106019
0 1 tid 106019
140 4 tid 106019
364 2 tid 106019
526 5 tid 106019
140 tid 106019
Insert  tid 106019
FindTargetPageId rootid 3 tid 106019
target_page_id id: 2 tid 106019
0 1 tid 106019
140 4 tid 106019
364 2 tid 106019
526 5 tid 106019
141 tid 106019
Insert  tid 106019
FindTargetPageId rootid 3 tid 106019
target_page_id id: 2 tid 106019
0 1 tid 106019
140 4 tid 106019
364 2 tid 106019
526 5 tid 106019
142 tid 106019
Insert  tid 106019
FindTargetPageId rootid 3 tid 106019
target_page_id id: 2 tid 106019
0 1 tid 106019
140 4 tid 106019
364 2 tid 106019
526 5 tid 106019
143 tid 106019
Insert  tid 106019
FindTargetPageId rootid 3 tid 106019
target_page_id id: 5 tid 106019
0 1 tid 106019
140 4 tid 106019
364 2 tid 106019
526 5 tid 106019
182 tid 106019
Insert  tid 106019
FindTargetPageId rootid 3 tid 106019
target_page_id id: 5 tid 106019
0 1 tid 106019
140 4 tid 106019
364 2 tid 106019
526 5 tid 106019
183 tid 106019
Insert  tid 106019
FindTargetPageId rootid 3 tid 106019
target_page_id id: 5 tid 106019
0 1 tid 106019
140 4 tid 106019
364 2 tid 106019
526 5 tid 106019
184 tid 106019
Insert  tid 106019
FindTargetPageId rootid 3 tid 106019
target_page_id id: 5 tid 106019
0 1 tid 106019
140 4 tid 106019
364 2 tid 106019
526 5 tid 106019
185 tid 106019
Insert  tid 106019
FindTargetPageId rootid 3 tid 106019
target_page_id id: 5 tid 106019
0 1 tid 106019
140 4 tid 106019
364 2 tid 106019
526 5 tid 106019
186 tid 106019
Insert  tid 106019
FindTargetPageId rootid 3 tid 106019
target_page_id id: 5 tid 106019
0 1 tid 106019
140 4 tid 106019
364 2 tid 106019
526 5 tid 106019
187 tid 106019
Insert  tid 106019
FindTargetPageId rootid 3 tid 106019
target_page_id id: 5 tid 106019
0 1 tid 106019
140 4 tid 106019
364 2 tid 106019
526 5 tid 106019
188 tid 106019
Insert  tid 106019
FindTargetPageId rootid 3 tid 106019
target_page_id id: 5 tid 106019
0 1 tid 106019
140 4 tid 106019
364 2 tid 106019
526 5 tid 106019
189 tid 106019
Insert  tid 106019
FindTargetPageId rootid 3 tid 106019
target_page_id id: 5 tid 106019
0 1 tid 106019
140 4 tid 106019
364 2 tid 106019
526 5 tid 106019
190 tid 106019
Insert  tid 106019
FindTargetPageId rootid 3 tid 106019
target_page_id id: 5 tid 106019
0 1 tid 106019
140 4 tid 106019
364 2 tid 106019
526 5 tid 106019
191 tid 106019
Insert  tid 106019
FindTargetPageId rootid 3 tid 106021
target_page_id id: 5 tid 106021
0 1 tid 106021
140 4 tid 106021
364 2 tid 106021
526 5 tid 106021
192 tid 106021
Insert  tid 106021
FindTargetPageId rootid 3 tid 106021
target_page_id id: 5 tid 106021
0 1 tid 106021
140 4 tid 106021
364 2 tid 106021
526 5 tid 106021
193 tid 106021
Insert  tid 106021
FindTargetPageId rootid 3 tid 106020
target_page_id id: 5 tid 106020
0 1 tid 106020
140 4 tid 106020
364 2 tid 106020
526 5 tid 106020
194 tid 106020
Remove  tid 106020
FindTargetPageId rootid 3 tid 106020
target_page_id id: 5 tid 106020
0 1 tid 106020
140 4 tid 106020
364 2 tid 106020
526 5 tid 106020
193 tid 106020
Remove  tid 106020
FindTargetPageId rootid 3 tid 106020
target_page_id id: 5 tid 106020
0 1 tid 106020
140 4 tid 106020
364 2 tid 106020
526 5 tid 106020
192 tid 106020
Remove  tid 106020
FindTargetPageId rootid 3 tid 106020
target_page_id id: 5 tid 106020
0 1 tid 106020
140 4 tid 106020
364 2 tid 106020
526 5 tid 106020
191 tid 106020
Remove  tid 106020
FindTargetPageId rootid 3 tid 106021
target_page_id id: 5 tid 106021
0 1 tid 106021
140 4 tid 106021
364 2 tid 106021
526 5 tid 106021
190 tid 106021
Insert  tid 106021
FindTargetPageId rootid 3 tid 106021
target_page_id id: 5 tid 106021
0 1 tid 106021
140 4 tid 106021
364 2 tid 106021
526 5 tid 106021
191 tid 106021
Insert  tid 106021
FindTargetPageId rootid 3 tid 106021
target_page_id id: 5 tid 106021
0 1 tid 106021
140 4 tid 106021
364 2 tid 106021
526 5 tid 106021
192 tid 106021
Insert  tid 106021
FindTargetPageId rootid 3 tid 106021
target_page_id id: 5 tid 106021
0 1 tid 106021
140 4 tid 106021
364 2 tid 106021
526 5 tid 106021
193 tid 106021
FindTargetPageId rootid 3 tid 106019
target_page_id id: 5 tid 106019
0 1 tid 106019
140 4 tid 106019
364 2 tid 106019
526 5 tid 106019
194 tid 106019
Insert  tid 106019
Insert  tid 106021
FindTargetPageId rootid 3 tid 106019
target_page_id id: 5 tid 106019
0 1 tid 106019
140 4 tid 106019
364 2 tid 106019
526 5 tid 106019
195 tid 106019
Insert  tid 106019
FindTargetPageId rootid 3 tid 106020
target_page_id id: 5 tid 106020
0 1 tid 106020
140 4 tid 106020
364 2 tid 106020
526 5 tid 106020
196 tid 106020
Remove  tid 106020
FindTargetPageId rootid 3 tid 106021
target_page_id id: 5 tid 106021
0 1 tid 106021
140 4 tid 106021
364 2 tid 106021
526 5 tid 106021
195 tid 106021
Insert  tid 106021
FindTargetPageId rootid 3 tid 106019
target_page_id id: 5 tid 106019
0 1 tid 106019
140 4 tid 106019
364 2 tid 106019
526 5 tid 106019
196 tid 106019
Insert  tid 106019
FindTargetPageId rootid 3 tid 106019
target_page_id id: 5 tid 106019
0 1 tid 106019
140 4 tid 106019
364 2 tid 106019
526 5 tid 106019
197 tid 106019
Insert  tid 106019
FindTargetPageId rootid 3 tid 106019
target_page_id id: 5 tid 106019
0 1 tid 106019
140 4 tid 106019
364 2 tid 106019
526 5 tid 106019
198 tid 106019
Insert  tid 106019
FindTargetPageId rootid 3 tid 106020
target_page_id id: 5 tid 106020
0 1 tid 106020
140 4 tid 106020
364 2 tid 106020
526 5 tid 106020
199 tid 106020
Remove  tid 106020
FindTargetPageId rootid 3 tid 106021
target_page_id id: 5 tid 106021
0 1 tid 106021
140 4 tid 106021
364 2 tid 106021
526 5 tid 106021
198 tid 106021
Insert  tid 106021
FindTargetPageId rootid 3 tid 106019
target_page_id id: 5 tid 106019
0 1 tid 106019
140 4 tid 106019
364 2 tid 106019
526 5 tid 106019
199 tid 106019
Insert  tid 106019
FindTargetPageId rootid 3 tid 106020
target_page_id id: 5 tid 106020
0 1 tid 106020
140 4 tid 106020
364 2 tid 106020
526 5 tid 106020
200 tid 106020
Remove  tid 106020
FindTargetPageId rootid 3 tid 106021
target_page_id id: 5 tid 106021
0 1 tid 106021
140 4 tid 106021
364 2 tid 106021
526 5 tid 106021
199 tid 106021
Insert  tid 106021
FindTargetPageId rootid 3 tid 106021
target_page_id id: 5 tid 106021
0 1 tid 106021
140 4 tid 106021
364 2 tid 106021
526 5 tid 106021
200 tid 106021
Insert  tid 106021
FindTargetPageId rootid 3 tid 106021
target_page_id id: 5 tid 106021
0 1 tid 106021
140 4 tid 106021
364 2 tid 106021
526 5 tid 106021
201 tid 106021
Insert  tid 106021
FindTargetPageId rootid 3 tid 106021
target_page_id id: 5 tid 106021
0 1 tid 106021
140 4 tid 106021
364 2 tid 106021
526 5 tid 106021
202 tid 106021
Insert  tid 106021
FindTargetPageId rootid 3 tid 106019
target_page_id id: 5 tid 106019
0 1 tid 106019
140 4 tid 106019
364 2 tid 106019
526 5 tid 106019
203 tid 106019
Insert  tid 106019
FindTargetPageId rootid 3 tid 106019
target_page_id id: 5 tid 106019
0 1 tid 106019
140 4 tid 106019
364 2 tid 106019
526 5 tid 106019
204 tid 106019
Insert  tid 106019
FindTargetPageId rootid 3 tid 106021
target_page_id id: 5 tid 106021
0 1 tid 106021
140 4 tid 106021
364 2 tid 106021
526 5 tid 106021
205 tid 106021
Insert  tid 106021
FindTargetPageId rootid 3 tid 106021
target_page_id id: 5 tid 106021
0 1 tid 106021
140 4 tid 106021
364 2 tid 106021
526 5 tid 106021
206 tid 106021
Insert  tid 106021
FindTargetPageId rootid 3 tid 106020
target_page_id id: 5 tid 106020
0 1 tid 106020
140 4 tid 106020
364 2 tid 106020
526 5 tid 106020
207 tid 106020
FindTargetPageId rootid 3 tid 106019
target_page_id id: 5 tid 106019
0 1 tid 106019
140 4 tid 106019
364 2 tid 106019
526 5 tid 106019
206 tid 106019
Insert  tid 106019
FindTargetPageId rootid 3 tid 106019
target_page_id id: 5 tid 106019
0 1 tid 106019
140 4 tid 106019
364 2 tid 106019
526 5 tid 106019
207 tid 106019
Insert  tid 106019
FindTargetPageId rootid 3 tid 106019
target_page_id id: 5 tid 106019
0 1 tid 106019
140 4 tid 106019
364 2 tid 106019
526 5 tid 106019
208 tid 106019
Insert  tid 106019
FindTargetPageId rootid 3 tid 106019
target_page_id id: 5 tid 106019
0 1 tid 106019
140 4 tid 106019
364 2 tid 106019
526 5 tid 106019
209 tid 106019
Insert  tid 106019
FindTargetPageId rootid 3 tid 106019
target_page_id id: 5 tid 106019
0 1 tid 106019
140 4 tid 106019
364 2 tid 106019
526 5 tid 106019
209 tid 106019
Insert  tid 106019
FindTargetPageId rootid 3 tid 106019
target_page_id id: 5 tid 106019
0 1 tid 106019
140 4 tid 106019
364 2 tid 106019
526 5 tid 106019
209 tid 106019
Insert  tid 106019
FindTargetPageId rootid 3 tid 106019
target_page_id id: 5 tid 106019
0 1 tid 106019
140 4 tid 106019
364 2 tid 106019
526 5 tid 106019
209 tid 106019
Insert  tid 106019
FindTargetPageId rootid 3 tid 106019
target_page_id id: 5 tid 106019
0 1 tid 106019
140 4 tid 106019
364 2 tid 106019
526 5 tid 106019
209 tid 106019
Insert  tid 106019
Remove  tid FindTargetPageId rootid 3 tid 106019
target_page_id id: 5 tid 106019
0 1 tid 106019
140 4 tid 106019
364 2 tid 106019
526 5 tid 106019
209 tid 106019
Insert  tid 106019
FindTargetPageId rootid 3 tid 106019
target_page_id id: 5 tid 106019
0 1 tid 106019
140 4 tid 106019
364 2 tid 106019
526 5 tid 106019
209 tid 106019
Insert  tid 106019
FindTargetPageId rootid 3 tid 106019
target_page_id id: 5 tid 106019
0 1 tid 106019
140 4 tid 106019
364 2 tid 106019
526 5 tid 106019
209 tid 106019
Insert  tid 106019
FindTargetPageId rootid 3 tid 106021
target_page_id id: 5 tid 106021
0 1 tid 106021
140 4 tid 106021
364 2 tid 106021
526 5 tid 106021
209 tid 106021
Insert  tid 106021
FindTargetPageId rootid 3 tid 106019
target_page_id id: 5 tid 106019
0 1 tid 106019
140 4 tid 106019
364 2 tid 106019
526 5 tid 106019
210 tid 106019
106020Insert  tid 106019
FindTargetPageId rootid 3 tid 106019
target_page_id id: 5 tid 106019
0 1 tid 106019
140 4 tid 106019
364 2 tid 106019
526 5 tid 106019
210 tid 106019
Insert  tid 106019
FindTargetPageId rootid 3 tid 106021

target_page_id id: 5 tid 106021
0 1 tid 106021
140 4 tid 106021
364 2 tid 106021
526 5 tid 106021
210 tid 106021
Insert  tid 106021
FindTargetPageId rootid 3 tid 106019
target_page_id id: 5 tid 106019
0 1 tid 106019
140 4 tid 106019
364 2 tid 106019
526 5 tid 106019
211 tid 106019
Insert  tid 106019
FindTargetPageId rootid 3 tid 106019
target_page_id id: 5 tid 106019
0 1 tid 106019
140 4 tid 106019
364 2 tid 106019
526 5 tid 106019
211 tid 106019
Insert  tid 106019
FindTargetPageId rootid 3 tid 106019
target_page_id id: 5 tid 106019
0 1 tid 106019
140 4 tid 106019
364 2 tid 106019
526 5 tid 106019
211 tid 106019
Insert  tid 106019
FindTargetPageId rootid 3 tid 106019
target_page_id id: 5 tid 106019
0 1 tid 106019
140 4 tid 106019
364 2 tid 106019
526 5 tid 106019
211 tid 106019
Insert  tid 106019
FindTargetPageId rootid 3 tid 106021
target_page_id id: 5 tid 106021
0 1 tid 106021
140 4 tid 106021
364 2 tid 106021
526 5 tid 106021
211 tid 106021
Insert  tid 106021
FindTargetPageId rootid 3 tid 106020
target_page_id id: 5 tid 106020
0 1 tid 106020
140 4 tid 106020
364 2 tid 106020
526 5 tid 106020
212 tid 106020
Remove  tid 106020
FindTargetPageId rootid 3 tid 106019
target_page_id id: 5 tid 106019
0 1 tid 106019
140 4 tid 106019
364 2 tid 106019
526 5 tid 106019
211 tid 106019
Insert  tid 106019
FindTargetPageId rootid 3 tid 106019
target_page_id id: 5 tid 106019
0 1 tid 106019
140 4 tid 106019
364 2 tid 106019
526 5 tid 106019
211 tid 106019
Insert  tid 106019
FindTargetPageId rootid 3 tid 106019
target_page_id id: 5 tid 106019
0 1 tid 106019
140 4 tid 106019
364 2 tid 106019
526 5 tid 106019
211 tid 106019
Insert  tid 106019
FindTargetPageId rootid 3 tid 106019
target_page_id id: 5 tid 106019
0 1 tid 106019
140 4 tid 106019
364 2 tid 106019
526 5 tid 106019
211 tid 106019
Insert  tid 106019
FindTargetPageId rootid 3 tid 106021
target_page_id id: 5 tid 106021
0 1 tid 106021
140 4 tid 106021
364 2 tid 106021
526 5 tid 106021
211 tid 106021
Insert  tid 106021
FindTargetPageId rootid 3 tid 106020
target_page_id id: 5 tid 106020
0 1 tid 106020
140 4 tid 106020
364 2 tid 106020
526 5 tid 106020
212 tid 106020
Remove  tid 106020
FindTargetPageId rootid 3 tid 106019
target_page_id id: 5 tid 106019
0 1 tid 106019
140 4 tid 106019
364 2 tid 106019
526 5 tid 106019
211 tid 106019
Insert  tid 106019
FindTargetPageId rootid 3 tid 106019
target_page_id id: 5 tid 106019
0 1 tid 106019
140 4 tid 106019
364 2 tid 106019
526 5 tid 106019
211 tid 106019
Insert  tid 106019
FindTargetPageId rootid 3 tid 106019
target_page_id id: 5 tid 106019
0 1 tid 106019
140 4 tid 106019
364 2 tid 106019
526 5 tid 106019
211 tid 106019
Insert  tid 106019
FindTargetPageId rootid 3 tid 106021
target_page_id id: 5 tid 106021
0 1 tid 106021
140 4 tid 106021
364 2 tid 106021
526 5 tid 106021
211 tid 106021
Insert  tid 106021
FindTargetPageId rootid 3 tid 106020
target_page_id id: 5 tid 106020
0 1 tid 106020
140 4 tid 106020
364 2 tid 106020
526 5 tid 106020
212 tid 106020
Remove  tid 106020
FindTargetPageId rootid 3 tid 106020
target_page_id id: 5 tid 106020
0 1 tid 106020
140 4 tid 106020
364 2 tid 106020
526 5 tid 106020
211 tid 106020
Remove  tid 106020
FindTargetPageId rootid 3 tid 106021
target_page_id id: 5 tid 106021
0 1 tid 106021
140 4 tid 106021
364 2 tid 106021
526 5 tid 106021
210 tid 106021
Insert  tid 106021
FindTargetPageId rootid 3 tid 106019
target_page_id id: 5 tid 106019
0 1 tid 106019
140 4 tid 106019
364 2 tid 106019
526 5 tid 106019
211 tid 106019
Insert  tid 106019
FindTargetPageId rootid 3 tid 106020
target_page_id id: 5 tid 106020
0 1 tid 106020
140 4 tid 106020
364 2 tid 106020
526 5 tid 106020
211 tid 106020
Remove  tid 106020
FindTargetPageId rootid 3 tid 106021
target_page_id id: 5 tid 106021
0 1 tid 106021
140 4 tid 106021
364 2 tid 106021
526 5 tid 106021
210 tid 106021
Insert  tid 106021
FindTargetPageId rootid 3 tid 106021
target_page_id id: 5 tid 106021
0 1 tid 106021
140 4 tid 106021
364 2 tid 106021
526 5 tid 106021
211 tid 106021
Insert  tid 106021
FindTargetPageId rootid 3 tid 106020
target_page_id id: 5 tid 106020
0 1 tid 106020
140 4 tid 106020
364 2 tid 106020
526 5 tid 106020
212 tid 106020
Remove  tid 106020
FindTargetPageId rootid 3 tid 106019
target_page_id id: 5 tid 106019
0 1 tid 106019
140 4 tid 106019
364 2 tid 106019
526 5 tid 106019
211 tid 106019
Insert  tid 106019
FindTargetPageId rootid 3 tid 106019
target_page_id id: 5 tid 106019
0 1 tid 106019
140 4 tid 106019
364 2 tid 106019
526 5 tid 106019
211 tid 106019
Insert  tid 106019
FindTargetPageId rootid 3 tid 106020
target_page_id id: 5 tid 106020
0 1 tid 106020
140 4 tid 106020
364 2 tid 106020
526 5 tid 106020
211 tid 106020
Remove  tid 106020
FindTargetPageId rootid 3 tid 106020
target_page_id id: 5 tid 106020
0 1 tid 106020
140 4 tid 106020
364 2 tid 106020
526 5 tid 106020
210 tid 106020
Remove  tid 106020
FindTargetPageId rootid 3 tid 106021
target_page_id id: 5 tid 106021
0 1 tid 106021
140 4 tid 106021
364 2 tid 106021
526 5 tid 106021
209 tid 106021
Insert  tid 106021
FindTargetPageId rootid 3 tid 106021
target_page_id id: 5 tid 106021
0 1 tid 106021
140 4 tid 106021
364 2 tid 106021
526 5 tid 106021
210 tid 106021
Insert  tid 106021
FindTargetPageId rootid 3 tid 106021
target_page_id id: 5 tid 106021
0 1 tid 106021
140 4 tid 106021
364 2 tid 106021
526 5 tid 106021
211 tid 106021
Insert  tid 106021
FindTargetPageId rootid 3 tid 106019
target_page_id id: 5 tid 106019
0 1 tid 106019
140 4 tid 106019
364 2 tid 106019
526 5 tid 106019
212 tid 106019
Insert  tid 106019
FindTargetPageId rootid 3 tid 106020
target_page_id id: 5 tid 106020
0 1 tid 106020
140 4 tid 106020
364 2 tid 106020
526 5 tid 106020
212 tid 106020
Remove  tid 106020
FindTargetPageId rootid 3 tid 106021
target_page_id id: 5 tid 106021
0 1 tid 106021
140 4 tid 106021
364 2 tid 106021
526 5 tid 106021
211 tid 106021
Insert  tid 106021
FindTargetPageId rootid 3 tid 106021
target_page_id id: 5 tid 106021
0 1 tid 106021
140 4 tid 106021
364 2 tid 106021
526 5 tid 106021
212 tid 106021
Insert  tid 106021
FindTargetPageId rootid 3 tid 106021
target_page_id id: 5 tid 106021
0 1 tid 106021
140 4 tid 106021
364 2 tid 106021
526 5 tid 106021
213 tid 106021
Insert  tid 106021
FindTargetPageId rootid 3 tid 106021
target_page_id id: 5 tid 106021
0 1 tid 106021
140 4 tid 106021
364 2 tid 106021
526 5 tid 106021
214 tid 106021
Insert  tid 106021
FindTargetPageId rootid 3 tid 106021
target_page_id id: 5 tid 106021
0 1 tid 106021
140 4 tid 106021
364 2 tid 106021
526 5 tid 106021
215 tid 106021
Insert  tid 106021
FindTargetPageId rootid 3 tid 106021
target_page_id id: 5 tid 106021
0 1 tid 106021
140 4 tid 106021
364 2 tid 106021
526 5 tid 106021
216 tid 106021
Insert  tid 106021
FindTargetPageId rootid 3 tid 106021
target_page_id id: 5 tid 106021
0 1 tid 106021
140 4 tid 106021
364 2 tid 106021
526 5 tid 106021
217 tid 106021
Insert  tid 106021
FindTargetPageId rootid 3 tid 106021
target_page_id id: 5 tid 106021
0 1 tid 106021
140 4 tid 106021
364 2 tid 106021
526 5 tid 106021
218 tid 106021
Insert  tid 106021
FindTargetPageId rootid 3 tid 106021
target_page_id id: 5 tid 106021
0 1 tid 106021
140 4 tid 106021
364 2 tid 106021
526 5 tid 106021
219 tid 106021
Insert  tid 106021
FindTargetPageId rootid 3 tid 106021
target_page_id id: 5 tid 106021
0 1 tid 106021
140 4 tid 106021
364 2 tid 106021
526 5 tid 106021
220 tid 106021
Insert  tid 106021
FindTargetPageId rootid 3 tid 106021
target_page_id id: 5 tid 106021
0 1 tid 106021
140 4 tid 106021
364 2 tid 106021
526 5 tid 106021
221 tid 106021
Insert  tid 106021
FindTargetPageId rootid 3 tid 106021
target_page_id id: 5 tid 106021
0 1 tid 106021
140 4 tid 106021
364 2 tid 106021
526 5 tid 106021
222 tid 106021
Insert  tid 106021
FindTargetPageId rootid 3 tid 106021
target_page_id id: 5 tid 106021
0 1 tid 106021
140 4 tid 106021
364 2 tid 106021
526 5 tid 106021
223 tid 106021
Insert  tid 106021
FindTargetPageId rootid 3 tid 106021
target_page_id id: 5 tid 106021
0 1 tid 106021
140 4 tid 106021
364 2 tid 106021
526 5 tid 106021
224 tid 106021
Insert  tid 106021
FindTargetPageId rootid 3 tid 106021
target_page_id id: 5 tid 106021
0 1 tid 106021
140 4 tid 106021
364 2 tid 106021
526 5 tid 106021
225 tid 106021
Insert  tid 106021
FindTargetPageId rootid 3 tid 106021
target_page_id id: 5 tid 106021
0 1 tid 106021
140 4 tid 106021
364 2 tid 106021
526 5 tid 106021
226 tid 106021
Insert  tid 106021
FindTargetPageId rootid 3 tid 106021
target_page_id id: 5 tid 106021
0 1 tid 106021
140 4 tid 106021
364 2 tid 106021
526 5 tid 106021
227 tid 106021
Insert  tid 106021
FindTargetPageId rootid 3 tid 106020
target_page_id id: 5 tid 106020
0 1 tid 106020
140 4 tid 106020
364 2 tid 106020
526 5 tid 106020
228 tid 106020
Remove  tid 106020
FindTargetPageId rootid 3 tid 106020
target_page_id id: 5 tid 106020
0 1 tid 106020
140 4 tid 106020
364 2 tid 106020
526 5 tid 106020
227 tid 106020
FindTargetPageId rootid 3 tid 106019
target_page_id id: 5 tid 106019
0 1 tid 106019
140 4 tid 106019
364 2 tid 106019
526 5 tid 106019
226 tid 106019
Insert  tid 106019
FindTargetPageId rootid 3 tid 106019
target_page_id id: 5 tid 106019
0 1 tid 106019
140 4 tid 106019
364 2 tid 106019
526 5 tid 106019
226 tid 106019
Insert  tid 106019
FindTargetPageId rootid 3 tid 106019
target_page_id id: 5 tid 106019
0 1 tid 106019
140 4 tid 106019
364 2 tid 106019
526 5 tid 106019
226 tid 106019
Insert  tid 106019
FindTargetPageId rootid 3 tid 106019
target_page_id id: 5 tid 106019
0 1 tid 106019
140 4 tid 106019
364 2 tid 106019
526 5 tid 106019
226 tid 106019
Insert  tid 106019
FindTargetPageId rootid 3 tid 106019
target_page_id id: 5 tid 106019
0 1 tid 106019
140 4 tid 106019
364 2 tid 106019
526 5 tid 106019
226 tid 106019
Insert  tid 106019
FindTargetPageId rootid 3 tid 106019
target_page_id id: 5 tid 106019
0 1 tid 106019
140 4 tid 106019
364 2 tid 106019
526 5 tid 106019
226 tid 106019
Insert  tid 106019
FindTargetPageId rootid 3 tid 106019
target_page_id id: 5 tid 106019
0 1 tid 106019
140 4 tid 106019
364 2 tid 106019
526 5 tid 106019
226 tid 106019
Insert  tid 106019
FindTargetPageId rootid 3 tid 106019
target_page_id id: 5 tid 106019
0 1 tid 106019
140 4 tid 106019
364 2 tid 106019
526 5 tid 106019
226 tid 106019
Insert  tid 106019
FindTargetPageId rootid 3 tid 106019
target_page_id id: 5 tid 106019
0 1 tid 106019
140 4 tid 106019
364 2 tid 106019
526 5 tid 106019
226 tid 106019
Insert  tid 106019
FindTargetPageId rootid 3 tid 106019
target_page_id id: 5 tid 106019
0 1 tid 106019
140 4 tid 106019
364 2 tid 106019
526 5 tid 106019
226 tid 106019
Remove  tid 106020
Insert  tid 106019
FindTargetPageId rootid 3 tid 106019
target_page_id id: 5 tid 106019
0 1 tid 106019
140 4 tid 106019
364 2 tid 106019
526 5 tid 106019
226 tid 106019
Insert  tid 106019
FindTargetPageId rootid 3 tid 106019
target_page_id id: 5 tid 106019
0 1 tid 106019
140 4 tid 106019
364 2 tid 106019
526 5 tid 106019
226 tid 106019
Insert  tid 106019
FindTargetPageId rootid 3 tid 106019
target_page_id id: 5 tid 106019
0 1 tid 106019
140 4 tid 106019
364 2 tid 106019
526 5 tid 106019
226 tid 106019
Insert  tid 106019
FindTargetPageId rootid 3 tid 106019
target_page_id id: 5 tid 106019
0 1 tid 106019
140 4 tid 106019
364 2 tid 106019
526 5 tid 106019
226 tid 106019
Insert  tid 106019
FindTargetPageId rootid 3 tid 106019
target_page_id id: 5 tid 106019
0 1 tid 106019
140 4 tid 106019
364 2 tid 106019
526 5 tid 106019
226 tid 106019
Insert  tid 106019
FindTargetPageId rootid 3 tid 106019
target_page_id id: 5 tid 106019
0 1 tid 106019
140 4 tid 106019
364 2 tid 106019
526 5 tid 106019
226 tid 106019
Insert  tid 106019
FindTargetPageId rootid 3 tid 106019
target_page_id id: 5 tid 106019
0 1 tid 106019
140 4 tid 106019
364 2 tid 106019
526 5 tid 106019
226 tid 106019
Insert  tid 106019
FindTargetPageId rootid 3 tid 106019
target_page_id id: 5 tid 106019
0 1 tid 106019
140 4 tid 106019
364 2 tid 106019
526 5 tid 106019
226 tid 106019
Insert  tid 106019
FindTargetPageId rootid 3 tid 106019
target_page_id id: 5 tid 106019
0 1 tid 106019
140 4 tid 106019
364 2 tid 106019
526 5 tid 106019
226 tid 106019
Insert  tid 106019
FindTargetPageId rootid 3 tid 106019
target_page_id id: 5 tid 106019
0 1 tid 106019
140 4 tid 106019
364 2 tid 106019
526 5 tid 106019
226 tid 106019
Insert  tid 106019
FindTargetPageId rootid 3 tid 106019
target_page_id id: 5 tid 106019
0 1 tid 106019
140 4 tid 106019
364 2 tid 106019
526 5 tid 106019
226 tid 106019
Insert  tid 106019
FindTargetPageId rootid 3 tid 106020
target_page_id id: 5 tid 106020
0 1 tid 106020
140 4 tid 106020
364 2 tid 106020
526 5 tid 106020
226 tid 106020
Remove  tid 106020
FindTargetPageId rootid 3 tid 106020
target_page_id id: 5 tid 106020
0 1 tid 106020
140 4 tid 106020
364 2 tid 106020
526 5 tid 106020
225 tid 106020
Remove  tid 106020
FindTargetPageId rootid 3 tid 106020
target_page_id id: 5 tid 106020
0 1 tid 106020
140 4 tid 106020
364 2 tid 106020
526 5 tid 106020
224 tid 106020
Remove  tid 106020
FindTargetPageId rootid 3 tid 106020
target_page_id id: 5 tid 106020
0 1 tid 106020
140 4 tid 106020
364 2 tid 106020
526 5 tid 106020
223 tid 106020
Remove  tid 106020
FindTargetPageId rootid 3 tid 106020
target_page_id id: 5 tid 106020
0 1 tid 106020
140 4 tid 106020
364 2 tid 106020
526 5 tid 106020
222 tid 106020
Remove  tid 106020
FindTargetPageId rootid 3 tid 106020
target_page_id id: 5 tid 106020
0 1 tid 106020
140 4 tid 106020
364 2 tid 106020
526 5 tid 106020
221 tid 106020
Remove  tid 106020
FindTargetPageId rootid 3 tid 106020
target_page_id id: 5 tid 106020
0 1 tid 106020
140 4 tid 106020
364 2 tid 106020
526 5 tid 106020
220 tid 106020
Remove  tid 106020
FindTargetPageId rootid 3 tid 106021
target_page_id id: 5 tid 106021
0 1 tid 106021
140 4 tid 106021
364 2 tid 106021
526 5 tid 106021
219 tid 106021
Insert  tid 106021
FindTargetPageId rootid 3 tid 106021
target_page_id id: 5 tid 106021
0 1 tid 106021
140 4 tid 106021
364 2 tid 106021
526 5 tid 106021
220 tid 106021
Insert  tid 106021
FindTargetPageId rootid 3 tid 106021
target_page_id id: 5 tid 106021
0 1 tid 106021
140 4 tid 106021
364 2 tid 106021
526 5 tid 106021
221 tid 106021
Insert  tid 106021
FindTargetPageId rootid 3 tid 106021
target_page_id id: 5 tid 106021
0 1 tid 106021
140 4 tid 106021
364 2 tid 106021
526 5 tid 106021
222 tid 106021
Insert  tid 106021
FindTargetPageId rootid 3 tid 106021
target_page_id id: 5 tid 106021
0 1 tid 106021
140 4 tid 106021
364 2 tid 106021
526 5 tid 106021
223 tid 106021
Insert  tid 106021
FindTargetPageId rootid 3 tid 106021
target_page_id id: 5 tid 106021
0 1 tid 106021
140 4 tid 106021
364 2 tid 106021
526 5 tid 106021
224 tid 106021
Insert  tid 106021
FindTargetPageId rootid 3 tid 106021
target_page_id id: 5 tid 106021
0 1 tid 106021
140 4 tid 106021
364 2 tid 106021
526 5 tid 106021
225 tid 106021
Insert  tid 106021
FindTargetPageId rootid 3 tid 106021
target_page_id id: 5 tid 106021
0 1 tid 106021
140 4 tid 106021
364 2 tid 106021
526 5 tid 106021
226 tid 106021
Insert  tid 106021
FindTargetPageId rootid 3 tid 106021
target_page_id id: 5 tid 106021
0 1 tid 106021
140 4 tid 106021
364 2 tid 106021
526 5 tid 106021
227 tid 106021
Insert  tid 106021
FindTargetPageId rootid 3 tid 106021
target_page_id id: 5 tid 106021
0 1 tid 106021
140 4 tid 106021
364 2 tid 106021
526 5 tid 106021
228 tid 106021
Insert  tid 106021
FindTargetPageId rootid 3 tid 106021
target_page_id id: 5 tid 106021
0 1 tid 106021
140 4 tid 106021
364 2 tid 106021
526 5 tid 106021
229 tid 106021
Insert  tid 106021
FindTargetPageId rootid 3 tid 106021
target_page_id id: 5 tid 106021
0 1 tid 106021
140 4 tid 106021
364 2 tid 106021
526 5 tid 106021
230 tid 106021
Insert  tid 106021
FindTargetPageId rootid 3 tid 106021
target_page_id id: 5 tid 106021
0 1 tid 106021
140 4 tid 106021
364 2 tid 106021
526 5 tid 106021
231 tid 106021
Insert  tid 106021
FindTargetPageId rootid 3 tid 106021
target_page_id id: 5 tid 106021
0 1 tid 106021
140 4 tid 106021
364 2 tid 106021
526 5 tid 106021
232 tid 106021
Insert  tid 106021
FindTargetPageId rootid 3 tid 106021
target_page_id id: 5 tid 106021
0 1 tid 106021
140 4 tid 106021
364 2 tid 106021
526 5 tid 106021
233 tid 106021
Insert  tid 106021
FindTargetPageId rootid 3 tid 106021
target_page_id id: 5 tid 106021
0 1 tid 106021
140 4 tid 106021
364 2 tid 106021
526 5 tid 106021
234 tid 106021
Insert  tid 106021
FindTargetPageId rootid 3 tid 106021
target_page_id id: 5 tid 106021
0 1 tid 106021
140 4 tid 106021
364 2 tid 106021
526 5 tid 106021
235 tid 106021
Insert  tid 106021
FindTargetPageId rootid 3 tid 106021
target_page_id id: 5 tid 106021
0 1 tid 106021
140 4 tid 106021
364 2 tid 106021
526 5 tid 106021
236 tid 106021
Insert  tid 106021
FindTargetPageId rootid 3 tid 106021
target_page_id id: 5 tid 106021
0 1 tid 106021
140 4 tid 106021
364 2 tid 106021
526 5 tid 106021
237 tid 106021
Insert  tid 106021
FindTargetPageId rootid 3 tid 106021
target_page_id id: 5 tid 106021
0 1 tid 106021
140 4 tid 106021
364 2 tid 106021
526 5 tid 106021
238 tid 106021
Insert  tid 106021
FindTargetPageId rootid 3 tid 106021
target_page_id id: 5 tid 106021
0 1 tid 106021
140 4 tid 106021
364 2 tid 106021
526 5 tid 106021
239 tid 106021
Insert  tid 106021
FindTargetPageId rootid 3 tid 106021
target_page_id id: 5 tid 106021
0 1 tid 106021
140 4 tid 106021
364 2 tid 106021
526 5 tid 106021
240 tid 106021
Insert  tid 106021
FindTargetPageId rootid 3 tid 106021
target_page_id id: 5 tid 106021
0 1 tid 106021
140 4 tid 106021
364 2 tid 106021
526 5 tid 106021
241 tid 106021
Insert  tid 106021
FindTargetPageId rootid 3 tid 106021
target_page_id id: 5 tid 106021
0 1 tid 106021
140 4 tid 106021
364 2 tid 106021
526 5 tid 106021
242 tid 106021
Insert  tid 106021
FindTargetPageId rootid 3 tid 106021
target_page_id id: 5 tid 106021
0 1 tid 106021
140 4 tid 106021
364 2 tid 106021
526 5 tid 106021
243 tid 106021
Insert  tid 106021
FindTargetPageId rootid 3 tid 106021
target_page_id id: 5 tid 106021
0 1 tid 106021
140 4 tid 106021
364 2 tid 106021
526 5 tid 106021
244 tid 106021
Insert  tid 106021
FindTargetPageId rootid 3 tid 106021
target_page_id id: 5 tid 106021
0 1 tid 106021
140 4 tid 106021
364 2 tid 106021
526 5 tid 106021
245 tid 106021
Insert  tid 106021
FindTargetPageId rootid 3 tid 106021
target_page_id id: 5 tid 106021
0 1 tid 106021
140 4 tid 106021
364 2 tid 106021
526 5 tid 106021
246 tid 106021
Insert  tid 106021
FindTargetPageId rootid 3 tid 106021
target_page_id id: 5 tid 106021
0 1 tid 106021
140 4 tid 106021
364 2 tid 106021
526 5 tid 106021
247 tid 106021
Insert  tid 106021
FindTargetPageId rootid 3 tid 106021
target_page_id id: 5 tid 106021
0 1 tid 106021
140 4 tid 106021
364 2 tid 106021
526 5 tid 106021
248 tid 106021
Insert  tid 106021
FindTargetPageId rootid 3 tid 106021
target_page_id id: 5 tid 106021
0 1 tid 106021
140 4 tid 106021
364 2 tid 106021
526 5 tid 106021
249 tid 106021
Insert  tid 106021
FindTargetPageId rootid 3 tid 106021
target_page_id id: 5 tid 106021
0 1 tid 106021
140 4 tid 106021
364 2 tid 106021
526 5 tid 106021
250 tid 106021
Insert  tid 106021
FindTargetPageId rootid 3 tid 106021
target_page_id id: 5 tid 106021
0 1 tid 106021
140 4 tid 106021
364 2 tid 106021
526 5 tid 106021
251 tid 106021
Insert  tid 106021
FindTargetPageId rootid 3 tid 106021
target_page_id id: 5 tid 106021
0 1 tid 106021
140 4 tid 106021
364 2 tid 106021
526 5 tid 106021
252 tid 106021
Insert  tid 106021
FindTargetPageId rootid 3 tid 106021
target_page_id id: 5 tid 106021
0 1 tid 106021
140 4 tid 106021
364 2 tid 106021
526 5 tid 106021
253 tid 106021
Insert  tid 106021
FindTargetPageId rootid 3 tid 106021
target_page_id id: 5 tid 106021
0 1 tid 106021
140 4 tid 106021
364 2 tid 106021
526 5 tid 106021
254 tid 106021
Insert  tid 106021
FindTargetPageId rootid 3 tid 106020
target_page_id id: 5 tid 106020
0 1 tid 106020
140 4 tid 106020
364 2 tid 106020
526 5 tid 106020
671 6 tid 106020
127 tid 106020
Remove  tid 106020
FindTargetPageId rootid 3 tid 106020
target_page_id id: 5 tid 106020
0 1 tid 106020
140 4 tid 106020
364 2 tid 106020
525 5 tid 106020
671 6 tid 106020
127 tid 106020
Remove  tid 106020
FindTargetPageId rootid 3 tid 106021
target_page_id id: 6 tid 106021
0 1 tid 106021
140 4 tid 106021
364 2 tid 106021
524 5 tid 106021
671 6 tid 106021
128 tid 106021
Insert  tid 106021
FindTargetPageId rootid 3 tid 106021
target_page_id id: 6 tid 106021
0 1 tid 106021
140 4 tid 106021
364 2 tid 106021
524 5 tid 106021
671 6 tid 106021
129 tid 106021
Insert  tid 106021
FindTargetPageId rootid 3 tid 106021
target_page_id id: 6 tid 106021
0 1 tid 106021
140 4 tid 106021
364 2 tid 106021
524 5 tid 106021
671 6 tid 106021
130 tid 106021
Insert  tid 106021
FindTargetPageId rootid 3 tid 106021
target_page_id id: 6 tid 106021
0 1 tid 106021
140 4 tid 106021
364 2 tid 106021
524 5 tid 106021
671 6 tid 106021
131 tid 106021
Insert  tid 106021
FindTargetPageId rootid 3 tid 106019
target_page_id id: 5 tid 106019
0 1 tid 106019
140 4 tid 106019
364 2 tid 106019
524 5 tid 106019
671 6 tid 106019
127 tid 106019
Insert  tid 106019
FindTargetPageId rootid 3 tid 106019
target_page_id id: 5 tid 106019
0 1 tid 106019
140 4 tid 106019
364 2 tid 106019
524 5 tid 106019
671 6 tid 106019
127 tid 106019
Insert  tid 106019
FindTargetPageId rootid 3 tid 106019
target_page_id id: 5 tid 106019
0 1 tid 106019
140 4 tid 106019
364 2 tid 106019
524 5 tid 106019
671 6 tid 106019
127 tid 106019
Insert  tid 106019
FindTargetPageId rootid 3 tid 106019
target_page_id id: 5 tid 106019
0 1 tid 106019
140 4 tid 106019
364 2 tid 106019
524 5 tid 106019
671 6 tid 106019
127 tid 106019
Insert  tid 106019
FindTargetPageId rootid 3 tid 106019
target_page_id id: 5 tid 106019
0 1 tid 106019
140 4 tid 106019
364 2 tid 106019
524 5 tid 106019
671 6 tid 106019
127 tid 106019
Insert  tid 106019
FindTargetPageId rootid 3 tid 106019
target_page_id id: 5 tid 106019
0 1 tid 106019
140 4 tid 106019
364 2 tid 106019
524 5 tid 106019
671 6 tid 106019
127 tid 106019
Insert  tid 106019
FindTargetPageId rootid 3 tid 106019
target_page_id id: 5 tid 106019
0 1 tid 106019
140 4 tid 106019
364 2 tid 106019
524 5 tid 106019
671 6 tid 106019
127 tid 106019
Insert  tid 106019
FindTargetPageId rootid 3 tid 106019
target_page_id id: 5 tid 106019
0 1 tid 106019
140 4 tid 106019
364 2 tid 106019
524 5 tid 106019
671 6 tid 106019
127 tid 106019
Insert  tid 106019
FindTargetPageId rootid 3 tid 106019
target_page_id id: 5 tid 106019
0 1 tid 106019
140 4 tid 106019
364 2 tid 106019
524 5 tid 106019
671 6 tid 106019
127 tid 106019
Insert  tid 106019
FindTargetPageId rootid 3 tid 106021
target_page_id id: 6 tid 106021
0 1 tid 106021
140 4 tid 106021
364 2 tid 106021
524 5 tid 106021
671 6 tid 106021
132 tid 106021
Insert  tid 106021
FindTargetPageId rootid 3 tid 106021
target_page_id id: 6 tid 106021
0 1 tid 106021
140 4 tid 106021
364 2 tid 106021
524 5 tid 106021
671 6 tid 106021
133 tid 106021
Insert  tid 106021
FindTargetPageId rootid 3 tid 106021
target_page_id id: 6 tid 106021
0 1 tid 106021
140 4 tid 106021
364 2 tid 106021
524 5 tid 106021
671 6 tid 106021
134 tid 106021
Insert  tid 106021
FindTargetPageId rootid 3 tid 106021
target_page_id id: 6 tid 106021
0 1 tid 106021
140 4 tid 106021
364 2 tid 106021
524 5 tid 106021
671 6 tid 106021
135 tid 106021
Insert  tid 106021
FindTargetPageId rootid 3 tid 106021
target_page_id id: 6 tid 106021
0 1 tid 106021
140 4 tid 106021
364 2 tid 106021
524 5 tid 106021
671 6 tid 106021
136 tid 106021
Insert  tid 106021
FindTargetPageId rootid 3 tid 106021
target_page_id id: 6 tid 106021
0 1 tid 106021
140 4 tid 106021
364 2 tid 106021
524 5 tid 106021
671 6 tid 106021
137 tid 106021
Insert  tid 106021
FindTargetPageId rootid 3 tid 106021
target_page_id id: 6 tid 106021
0 1 tid 106021
140 4 tid 106021
364 2 tid 106021
524 5 tid 106021
671 6 tid 106021
138 tid 106021
Insert  tid 106021
FindTargetPageId rootid 3 tid 106021
target_page_id id: 6 tid 106021
0 1 tid 106021
140 4 tid 106021
364 2 tid 106021
524 5 tid 106021
671 6 tid 106021
139 tid 106021
Insert  tid 106021
FindTargetPageId rootid 3 tid 106021
target_page_id id: 6 tid 106021
0 1 tid 106021
140 4 tid 106021
364 2 tid 106021
524 5 tid 106021
671 6 tid 106021
140 tid 106021
Insert  tid 106021
FindTargetPageId rootid 3 tid 106021
target_page_id id: 6 tid 106021
0 1 tid 106021
140 4 tid 106021
364 2 tid 106021
524 5 tid 106021
671 6 tid 106021
141 tid 106021
FindTargetPageId rootid 3 tid 106019
target_page_id id: 5 tid 106019
0 1 tid 106019
140 4 tid 106019
364 2 tid 106019
524 5 tid 106019
671 6 tid 106019
Insert  tid 106021
127 tid 106019
Insert  tid 106019
FindTargetPageId rootid 3 tid 106019
target_page_id id: 5 tid 106019
0 1 tid 106019
140 4 tid 106019
364 2 tid 106019
524 5 tid 106019
671 6 tid 106019
127 tid 106019
Insert  tid 106019
FindTargetPageId rootid 3 tid 106019
target_page_id id: 5 tid 106019
0 1 tid 106019
140 4 tid 106019
364 2 tid 106019
524 5 tid 106019
671 6 tid 106019
127 tid 106019
Insert  tid 106019
FindTargetPageId rootid 3 tid 106019
target_page_id id: 5 tid 106019
0 1 tid 106019
140 4 tid 106019
364 2 tid 106019
524 5 tid 106019
671 6 tid 106019
127 tid 106019
Insert  tid 106019
FindTargetPageId rootid 3 tid 106019
target_page_id id: 5 tid 106019
0 1 tid 106019
140 4 tid 106019
364 2 tid 106019
524 5 tid 106019
671 6 tid 106019
127 tid 106019
Insert  tid 106019
FindTargetPageId rootid 3 tid 106019
target_page_id id: 5 tid 106019
0 1 tid 106019
140 4 tid 106019
364 2 tid 106019
524 5 tid 106019
671 6 tid 106019
127 tid 106019
Insert  tid 106019
FindTargetPageId rootid 3 tid 106019
target_page_id id: 5 tid 106019
0 1 tid 106019
140 4 tid 106019
364 2 tid 106019
524 5 tid 106019
671 6 tid 106019
127 tid 106019
Insert  tid 106019
FindTargetPageId rootid 3 tid 106019
target_page_id id: 5 tid 106019
0 1 tid 106019
140 4 tid 106019
364 2 tid 106019
524 5 tid 106019
671 6 tid 106019
127 tid 106019
Insert  tid 106019
FindTargetPageId rootid 3 tid 106019
target_page_id id: 5 tid 106019
0 1 tid 106019
140 4 tid 106019
364 2 tid 106019
524 5 tid 106019
671 6 tid 106019
127 tid 106019
Insert  tid 106019
FindTargetPageId rootid 3 tid 106019
target_page_id id: 5 tid 106019
0 1 tid 106019
140 4 tid 106019
364 2 tid 106019
524 5 tid 106019
671 6 tid 106019
127 tid 106019
Insert  tid 106019
FindTargetPageId rootid 3 tid 106019
target_page_id id: 5 tid 106019
0 1 tid 106019
140 4 tid 106019
364 2 tid 106019
524 5 tid 106019
671 6 tid 106019
127 tid 106019
Insert  tid 106019
FindTargetPageId rootid 3 tid 106019
target_page_id id: 5 tid 106019
0 1 tid 106019
140 4 tid 106019
364 2 tid 106019
524 5 tid 106019
671 6 tid 106019
127 tid 106019
Insert  tid 106019
FindTargetPageId rootid 3 tid 106019
target_page_id id: 5 tid 106019
0 1 tid 106019
140 4 tid 106019
364 2 tid 106019
524 5 tid 106019
671 6 tid 106019
127 tid 106019
Insert  tid 106019
FindTargetPageId rootid 3 tid 106019
target_page_id id: 5 tid 106019
0 1 tid 106019
140 4 tid 106019
364 2 tid 106019
524 5 tid 106019
671 6 tid 106019
127 tid 106019
Insert  tid 106019
FindTargetPageId rootid 3 tid 106019
target_page_id id: 5 tid 106019
0 1 tid 106019
140 4 tid 106019
364 2 tid 106019
524 5 tid 106019
671 6 tid 106019
127 tid 106019
Insert  tid 106019
FindTargetPageId rootid 3 tid 106019
target_page_id id: 5 tid 106019
0 1 tid 106019
140 4 tid 106019
364 2 tid 106019
524 5 tid 106019
671 6 tid 106019
127 tid 106019
Insert  tid 106019
FindTargetPageId rootid 3 tid 106020
target_page_id id: 5 tid 106020
0 1 tid 106020
140 4 tid 106020
364 2 tid 106020
524 5 tid 106020
671 6 tid 106020
127 tid 106020
Remove  tid 106020
FindTargetPageId rootid 3 tid 106020
target_page_id id: 5 tid 106020
0 1 tid 106020
140 4 tid 106020
364 2 tid 106020
523 5 tid 106020
671 6 tid 106020
127 tid 106020
Remove  tid 106020
FindTargetPageId rootid 3 tid 106020
target_page_id id: 5 tid 106020
0 1 tid 106020
140 4 tid 106020
364 2 tid 106020
522 5 tid 106020
671 6 tid 106020
127 tid 106020
Remove  tid 106020
FindTargetPageId rootid 3 tid 106021
target_page_id id: 6 tid 106021
0 1 tid 106021
140 4 tid 106021
364 2 tid 106021
521 5 tid 106021
671 6 tid 106021
142 tid 106021
Insert  tid 106021
FindTargetPageId rootid 3 tid 106019
target_page_id id: 5 tid 106019
0 1 tid 106019
140 4 tid 106019
364 2 tid 106019
521 5 tid 106019
671 6 tid 106019
127 tid 106019
Insert  tid 106019
FindTargetPageId rootid 3 tid 106019
target_page_id id: 5 tid 106019
0 1 tid 106019
140 4 tid 106019
364 2 tid 106019
521 5 tid 106019
671 6 tid 106019
127 tid 106019
Insert  tid 106019
FindTargetPageId rootid 3 tid 106020
target_page_id id: 5 tid 106020
0 1 tid 106020
140 4 tid 106020
364 2 tid 106020
521 5 tid 106020
671 6 tid 106020
127 tid 106020
Remove  tid 106020
FindTargetPageId rootid 3 tid 106021
target_page_id id: 6 tid 106021
0 1 tid 106021
140 4 tid 106021
364 2 tid 106021
520 5 tid 106021
671 6 tid 106021
143 tid 106021
Insert  tid 106021
FindTargetPageId rootid 3 tid 106021
target_page_id id: 6 tid 106021
0 1 tid 106021
140 4 tid 106021
364 2 tid 106021
520 5 tid 106021
671 6 tid 106021
144 tid 106021
Insert  tid 106021
FindTargetPageId rootid 3 tid 106021
target_page_id id: 6 tid 106021
0 1 tid 106021
140 4 tid 106021
364 2 tid 106021
520 5 tid 106021
671 6 tid 106021
145 tid 106021
Insert  tid 106021
FindTargetPageId rootid 3 tid 106021
target_page_id id: 6 tid 106021
0 1 tid 106021
140 4 tid 106021
364 2 tid 106021
520 5 tid 106021
671 6 tid 106021
146 tid 106021
Insert  tid 106021
FindTargetPageId rootid 3 tid 106021
target_page_id id: 6 tid 106021
0 1 tid 106021
140 4 tid 106021
364 2 tid 106021
520 5 tid 106021
671 6 tid 106021
147 tid 106021
Insert  tid 106021
FindTargetPageId rootid 3 tid 106021
target_page_id id: 6 tid 106021
0 1 tid 106021
140 4 tid 106021
364 2 tid 106021
520 5 tid 106021
671 6 tid 106021
148 tid 106021
Insert  tid 106021
FindTargetPageId rootid 3 tid 106020
target_page_id id: 5 tid 106020
0 1 tid 106020
140 4 tid 106020
364 2 tid 106020
520 5 tid 106020
671 6 tid 106020
127 tid 106020
Remove  tid 106020
FindTargetPageId rootid 3 tid 106019
target_page_id id: 5 tid 106019
0 1 tid 106019
140 4 tid 106019
364 2 tid 106019
519 5 tid 106019
671 6 tid 106019
127 tid 106019
Insert  tid 106019
FindTargetPageId rootid 3 tid 106021
target_page_id id: 6 tid 106021
0 1 tid 106021
140 4 tid 106021
364 2 tid 106021
519 5 tid 106021
671 6 tid 106021
149 tid 106021
Insert  tid 106021
FindTargetPageId rootid 3 tid 106020
target_page_id id: 5 tid 106020
0 1 tid 106020
140 4 tid 106020
364 2 tid 106020
519 5 tid 106020
671 6 tid 106020
127 tid 106020
Remove  tid 106020
FindTargetPageId rootid 3 tid 106019
target_page_id id: 5 tid 106019
0 1 tid 106019
140 4 tid 106019
364 2 tid 106019
518 5 tid 106019
671 6 tid 106019
127 tid 106019
Insert  tid 106019
FindTargetPageId rootid 3 tid 106021
target_page_id id: 6 tid 106021
0 1 tid 106021
140 4 tid 106021
364 2 tid 106021
518 5 tid 106021
671 6 tid 106021
150 tid 106021
Insert  tid 106021
FindTargetPageId rootid 3 tid 106021
target_page_id id: 6 tid 106021
0 1 tid 106021
140 4 tid 106021
364 2 tid 106021
518 5 tid 106021
671 6 tid 106021
151 tid 106021
Insert  tid 106021
FindTargetPageId rootid 3 tid 106021
target_page_id id: 6 tid 106021
0 1 tid 106021
140 4 tid 106021
364 2 tid 106021
518 5 tid 106021
671 6 tid 106021
152 tid 106021
Insert  tid 106021
FindTargetPageId rootid 3 tid 106021
target_page_id id: 6 tid 106021
0 1 tid 106021
140 4 tid 106021
364 2 tid 106021
518 5 tid 106021
671 6 tid 106021
153 tid 106021
Insert  tid 106021
FindTargetPageId rootid 3 tid 106021
target_page_id id: 6 tid 106021
0 1 tid 106021
140 4 tid 106021
364 2 tid 106021
518 5 tid 106021
671 6 tid 106021
154 tid 106021
Insert  tid 106021
FindTargetPageId rootid 3 tid 106021
target_page_id id: 6 tid 106021
0 1 tid 106021
140 4 tid 106021
364 2 tid 106021
518 5 tid 106021
671 6 tid 106021
155 tid 106021
Insert  tid 106021
FindTargetPageId rootid 3 tid 106021
target_page_id id: 6 tid 106021
0 1 tid 106021
140 4 tid 106021
364 2 tid 106021
518 5 tid 106021
671 6 tid 106021
156 tid 106021
Insert  tid 106021
FindTargetPageId rootid 3 tid 106021
target_page_id id: 6 tid 106021
0 1 tid 106021
140 4 tid 106021
364 2 tid 106021
518 5 tid 106021
671 6 tid 106021
157 tid 106021
Insert  tid 106021
FindTargetPageId rootid 3 tid 106021
target_page_id id: 6 tid 106021
0 1 tid 106021
140 4 tid 106021
364 2 tid 106021
518 5 tid 106021
671 6 tid 106021
158 tid 106021
Insert  tid 106021
FindTargetPageId rootid 3 tid 106021
target_page_id id: 6 tid 106021
0 1 tid 106021
140 4 tid 106021
364 2 tid 106021
518 5 tid 106021
671 6 tid 106021
159 tid 106021
Insert  tid 106021
FindTargetPageId rootid 3 tid 106021
target_page_id id: 6 tid 106021
0 1 tid 106021
140 4 tid 106021
364 2 tid 106021
518 5 tid 106021
671 6 tid 106021
160 tid 106021
Insert  tid 106021
FindTargetPageId rootid 3 tid 106021
target_page_id id: 6 tid 106021
0 1 tid 106021
140 4 tid 106021
364 2 tid 106021
518 5 tid 106021
671 6 tid 106021
161 tid 106021
Insert  tid 106021
FindTargetPageId rootid 3 tid 106021
target_page_id id: 6 tid 106021
0 1 tid 106021
140 4 tid 106021
364 2 tid 106021
518 5 tid 106021
671 6 tid 106021
162 tid 106021
Insert  tid 106021
FindTargetPageId rootid 3 tid 106019
target_page_id id: 5 tid 106019
0 1 tid 106019
140 4 tid 106019
364 2 tid 106019
518 5 tid 106019
671 6 tid 106019
127 tid 106019
Insert  tid 106019
FindTargetPageId rootid 3 tid 106019
target_page_id id: 5 tid 106019
0 1 tid 106019
140 4 tid 106019
364 2 tid 106019
518 5 tid 106019
671 6 tid 106019
127 tid 106019
Insert  tid 106019
FindTargetPageId rootid 3 tid 106019
target_page_id id: 5 tid 106019
0 1 tid 106019
140 4 tid 106019
364 2 tid 106019
518 5 tid 106019
671 6 tid 106019
127 tid 106019
Insert  tid 106019
FindTargetPageId rootid 3 tid 106019
target_page_id id: 5 tid 106019
0 1 tid 106019
140 4 tid 106019
364 2 tid 106019
518 5 tid 106019
671 6 tid 106019
127 tid 106019
Insert  tid 106019
FindTargetPageId rootid 3 tid 106019
target_page_id id: 5 tid 106019
0 1 tid 106019
140 4 tid 106019
364 2 tid 106019
518 5 tid 106019
671 6 tid 106019
127 tid 106019
Insert  tid 106019
FindTargetPageId rootid 3 tid 106019
target_page_id id: 5 tid 106019
0 1 tid 106019
140 4 tid 106019
364 2 tid 106019
518 5 tid 106019
671 6 tid 106019
127 tid 106019
Insert  tid 106019
FindTargetPageId rootid 3 tid 106019
target_page_id id: 5 tid 106019
0 1 tid 106019
140 4 tid 106019
364 2 tid 106019
518 5 tid 106019
671 6 tid 106019
127 tid 106019
FindTargetPageId rootid 3 tid Insert  tid 106021
106019
target_page_id id: 6 tid 106021
0 1 tid 106021
140 4 tid 106021
364 2 tid 106021
518 5 tid 106021
671 6 tid 106021
163 tid 106021
Insert  tid 106021
FindTargetPageId rootid 3 tid 106020
target_page_id id: 5 tid 106020
0 1 tid 106020
140 4 tid 106020
364 2 tid 106020
518 5 tid 106020
671 6 tid 106020
127 tid 106020
Remove  tid 106020
FindTargetPageId rootid 3 tid 106020
target_page_id id: 5 tid 106020
0 1 tid 106020
140 4 tid 106020
364 2 tid 106020
517 5 tid 106020
671 6 tid 106020
127 tid 106020
Remove  tid 106020
FindTargetPageId rootid 3 tid 106020
target_page_id id: 5 tid 106020
0 1 tid 106020
140 4 tid 106020
364 2 tid 106020
516 5 tid 106020
671 6 tid 106020
127 tid 106020
Remove  tid 106020
FindTargetPageId rootid 3 tid 106020
target_page_id id: 5 tid 106020
0 1 tid 106020
140 4 tid 106020
364 2 tid 106020
515 5 tid 106020
671 6 tid 106020
127 tid 106020
Remove  tid 106020
FindTargetPageId rootid 3 tid 106019
target_page_id id: 5 tid 106019
0 1 tid 106019
140 4 tid 106019
364 2 tid 106019
514 5 tid 106019
671 6 tid 106019
127 tid 106019
Insert  tid 106019
FindTargetPageId rootid 3 tid 106021
target_page_id id: 6 tid 106021
0 1 tid 106021
140 4 tid 106021
364 2 tid 106021
514 5 tid 106021
671 6 tid 106021
164 tid 106021
Insert  tid 106021
FindTargetPageId rootid 3 tid 106021
target_page_id id: 6 tid 106021
0 1 tid 106021
140 4 tid 106021
364 2 tid 106021
514 5 tid 106021
671 6 tid 106021
165 tid 106021
Insert  tid 106021
FindTargetPageId rootid 3 tid 106021
target_page_id id: 6 tid 106021
0 1 tid 106021
140 4 tid 106021
364 2 tid 106021
514 5 tid 106021
671 6 tid 106021
166 tid 106021
Insert  tid 106021
FindTargetPageId rootid 3 tid 106021
target_page_id id: 6 tid 106021
0 1 tid 106021
140 4 tid 106021
364 2 tid 106021
514 5 tid 106021
671 6 tid 106021
167 tid 106021
Insert  tid 106021
FindTargetPageId rootid 3 tid 106019
target_page_id id: 5 tid 106019
0 1 tid 106019
140 4 tid 106019
364 2 tid 106019
514 5 tid 106019
671 6 tid 106019
127 tid 106019
Insert  tid 106019
FindTargetPageId rootid 3 tid 106020
target_page_id id: 5 tid 106020
0 1 tid 106020
140 4 tid 106020
364 2 tid 106020
514 5 tid 106020
671 6 tid 106020
127 tid 106020
Remove  tid 106020
FindTargetPageId rootid 3 tid 106021
target_page_id id: 6 tid 106021
0 1 tid 106021
140 4 tid 106021
364 2 tid 106021
513 5 tid 106021
671 6 tid 106021
168 tid 106021
Insert  tid 106021
FindTargetPageId rootid 3 tid 106019
target_page_id id: 5 tid 106019
0 1 tid 106019
140 4 tid 106019
364 2 tid 106019
513 5 tid 106019
671 6 tid 106019
127 tid 106019
FindTargetPageId rootid 3 tid 106020
target_page_id id: 5 tid 106020
0 1 tid 106020
140 4 tid 106020
364 2 tid 106020
513 5 tid 106020
671 6 tid 106020
127 tid 106020
Remove  tid 106020
FindTargetPageId rootid 3 tid 106020
Insert target_page_id id: 5 tid  tid 106020
106019
0 1 tid 106020
140 4 tid 106020
364 2 tid 106020
512 5 tid 106020
671 6 tid 106020
127 tid 106020
Remove  tid 106020
FindTargetPageId rootid 3 tid 106021
target_page_id id: 6 tid 106021
0 1 tid 106021
140 4 tid 106021
364 2 tid 106021
511 5 tid 106021
671 6 tid 106021
169 tid 106021
Insert  tid 106021
FindTargetPageId rootid 3 tid 106019
target_page_id id: 5 tid 106019
0 1 tid 106019
140 4 tid 106019
364 2 tid 106019
511 5 tid 106019
671 6 tid 106019
127 tid 106019
Insert  tid 106019
FindTargetPageId rootid 3 tid 106020
target_page_id id: 5 tid 106020
0 1 tid 106020
140 4 tid 106020
364 2 tid 106020
511 5 tid 106020
671 6 tid 106020
127 tid 106020
Remove  tid 106020
FindTargetPageId rootid 3 tid 106021
target_page_id id: 6 tid 106021
0 1 tid 106021
140 4 tid 106021
364 2 tid 106021
510 5 tid 106021
671 6 tid 106021
170 tid 106021
Insert  tid 106021
FindTargetPageId rootid 3 tid 106019
target_page_id id: 5 tid 106019
0 1 tid 106019
140 4 tid 106019
364 2 tid 106019
510 5 tid 106019
671 6 tid 106019
127 tid 106019
Insert  tid 106019
FindTargetPageId rootid 3 tid 106020
target_page_id id: 5 tid 106020
0 1 tid 106020
140 4 tid 106020
364 2 tid 106020
510 5 tid 106020
671 6 tid 106020
127 tid 106020
Remove  tid 106020
FindTargetPageId rootid 3 tid 106021
target_page_id id: 6 tid 106021
0 1 tid 106021
140 4 tid 106021
364 2 tid 106021
671 6 tid 106021
171 tid 106021
Insert  tid 106021
FindTargetPageId rootid 3 tid 106019
target_page_id id: 2 tid 106019
0 1 tid 106019
140 4 tid 106019
364 2 tid 106019
671 6 tid 106019
254 tid 106019
Insert  tid 106019
FindTargetPageId rootid 3 tid 106019
target_page_id id: 2 tid 106019
0 1 tid 106019
140 4 tid 106019
364 2 tid 106019
671 6 tid 106019
254 tid 106019
Insert  tid 106019
FindTargetPageId rootid 3 tid 106019
target_page_id id: 2 tid 106019
0 1 tid 106019
140 4 tid 106019
364 2 tid 106019
671 6 tid 106019
254 tid 106019
Insert  tid 106019
FindTargetPageId rootid 3 tid 106019
target_page_id id: 2 tid 106019
0 1 tid 106019
140 4 tid 106019
364 2 tid 106019
671 6 tid 106019
254 tid 106019
Insert  tid 106019
FindTargetPageId rootid 3 tid 106019
target_page_id id: 2 tid 106019
0 1 tid 106019
140 4 tid 106019
364 2 tid 106019
671 6 tid 106019
254 tid 106019
Insert  tid 106019
FindTargetPageId rootid 3 tid 106019
target_page_id id: 2 tid 106019
0 1 tid 106019
140 4 tid 106019
364 2 tid 106019
671 6 tid 106019
254 tid 106019
Insert  tid 106019
FindTargetPageId rootid 3 tid 106019
target_page_id id: 2 tid 106019
0 1 tid 106019
140 4 tid 106019
364 2 tid 106019
671 6 tid 106019
254 tid 106019
Insert  tid 106019
FindTargetPageId rootid 3 tid 106020
target_page_id id: 2 tid 106020
0 1 tid 106020
140 4 tid 106020
364 2 tid 106020
671 6 tid 106020
254 tid 106020
Remove  tid 106020
FindTargetPageId rootid 3 tid 106021
target_page_id id: 6 tid 106021
0 1 tid 106021
140 4 tid 106021
364 2 tid 106021
671 6 tid 106021
172 tid 106021
Insert  tid 106021
FindTargetPageId rootid 3 tid 106019
target_page_id id: 2 tid 106019
0 1 tid 106019
140 4 tid 106019
364 2 tid 106019
671 6 tid 106019
253 tid 106019
FindTargetPageId rootid 3 tid 106020
target_page_id id: 2 tid 106020
0 1 tid 106020
140 4 tid 106020
364 2 tid 106020Insert 
671 6 tid 106020
253 tid 106020
 tid 106019
Remove  tid 106020
FindTargetPageId rootid 3 tid 106019
target_page_id id: 6 tid 106019
0 1 tid 106019
140 4 tid 106019
364 2 tid 106019
671 6 tid 106019
173 tid 106019
Insert  tid 106019
FindTargetPageId rootid 3 tid 106019
target_page_id id: 6 tid 106019
0 1 tid 106019
140 4 tid 106019
364 2 tid 106019
671 6 tid 106019
173 tid 106019
Insert  tid 106019
FindTargetPageId rootid 3 tid 106020
target_page_id id: 2 tid 106020
0 1 tid 106020
140 4 tid 106020
364 2 tid 106020
671 6 tid 106020
252 tid 106020
Remove  tid 106020
FindTargetPageId rootid 3 tid 106021
target_page_id id: 6 tid 106021
0 1 tid 106021
140 4 tid 106021
364 2 tid 106021
671 6 tid 106021
173 tid 106021
FindTargetPageId rootid 3 tid 106019
Insert  tid 106021target_page_id id: 
6 tid 106019
0 1 tid 106019
140 4 tid 106019
364 2 tid 106019
671 6 tid 106019
174 tid 106019
Insert  tid 106019
FindTargetPageId rootid 3 tid 106020
target_page_id id: 2 tid 106020
0 1 tid 106020
140 4 tid 106020
364 2 tid 106020
671 6 tid 106020
251 tid 106020
Remove  tid 106020
FindTargetPageId rootid 3 tid 106020
target_page_id id: 2 tid 106020
0 1 tid 106020
140 4 tid 106020
364 2 tid 106020
671 6 tid 106020
250 tid 106020
Remove  tid 106020
FindTargetPageId rootid 3 tid 106020
target_page_id id: 2 tid 106020
0 1 tid 106020
140 4 tid 106020
364 2 tid 106020
671 6 tid 106020
249 tid 106020
Remove  tid 106020
FindTargetPageId rootid 3 tid 106020
target_page_id id: 2 tid 106020
0 1 tid 106020
140 4 tid 106020
364 2 tid 106020
671 6 tid 106020
248 tid 106020
Remove  tid 106020
FindTargetPageId rootid 3 tid 106020
target_page_id id: 2 tid 106020
0 1 tid 106020
140 4 tid 106020
364 2 tid 106020
671 6 tid 106020
247 tid 106020
Remove  tid 106020
FindTargetPageId rootid 3 tid 106020
target_page_id id: 2 tid 106020
0 1 tid 106020
140 4 tid 106020
364 2 tid 106020
671 6 tid 106020
246 tid 106020
Remove  tid 106020
FindTargetPageId rootid 3 tid 106020
target_page_id id: 2 tid 106020
0 1 tid 106020
140 4 tid 106020
364 2 tid 106020
671 6 tid 106020
245 tid 106020
Remove  tid 106020
FindTargetPageId rootid 3 tid 106020
target_page_id id: 2 tid 106020
0 1 tid 106020
140 4 tid 106020
364 2 tid 106020
671 6 tid 106020
244 tid 106020
Remove  tid 106020
FindTargetPageId rootid 3 tid 106020
target_page_id id: 2 tid 106020
0 1 tid 106020
140 4 tid 106020
364 2 tid 106020
671 6 tid 106020
243 tid 106020
Remove  tid 106020
FindTargetPageId rootid 3 tid 106020
target_page_id id: 2 tid 106020
0 1 tid 106020
140 4 tid 106020
364 2 tid 106020
671 6 tid 106020
242 tid 106020
Remove  tid 106020
FindTargetPageId rootid 3 tid 106020
target_page_id id: 2 tid 106020
0 1 tid 106020
140 4 tid 106020
364 2 tid 106020
671 6 tid 106020
241 tid 106020
Remove  tid 106020
FindTargetPageId rootid 3 tid 106020
target_page_id id: 2 tid 106020
0 1 tid 106020
140 4 tid 106020
364 2 tid 106020
671 6 tid 106020
240 tid 106020
Remove  tid 106020
FindTargetPageId rootid 3 tid 106020
target_page_id id: 2 tid 106020
0 1 tid 106020
140 4 tid 106020
364 2 tid 106020
671 6 tid 106020
239 tid 106020
Remove  tid 106020
FindTargetPageId rootid 3 tid 106020
target_page_id id: 2 tid 106020
0 1 tid 106020
140 4 tid 106020
364 2 tid 106020
671 6 tid 106020
238 tid 106020
Remove  tid 106020
FindTargetPageId rootid 3 tid 106020
target_page_id id: 2 tid 106020
0 1 tid 106020
140 4 tid 106020
364 2 tid 106020
671 6 tid 106020
237 tid 106020
Remove  tid 106020
FindTargetPageId rootid 3 tid 106020
target_page_id id: 2 tid 106020
0 1 tid 106020
140 4 tid 106020
364 2 tid 106020
671 6 tid 106020
236 tid 106020
Remove  tid 106020
FindTargetPageId rootid 3 tid 106020
target_page_id id: 2 tid 106020
0 1 tid 106020
140 4 tid 106020
364 2 tid 106020
671 6 tid 106020
235 tid 106020
Remove  tid 106020
FindTargetPageId rootid 3 tid 106020
target_page_id id: 2 tid 106020
0 1 tid 106020
140 4 tid 106020
364 2 tid 106020
671 6 tid 106020
234 tid 106020
Remove  tid 106020
FindTargetPageId rootid 3 tid 106020
target_page_id id: 2 tid 106020
0 1 tid 106020
140 4 tid 106020
364 2 tid 106020
671 6 tid 106020
233 tid 106020
Remove  tid 106020
FindTargetPageId rootid 3 tid 106020
target_page_id id: 2 tid 106020
0 1 tid 106020
140 4 tid 106020
364 2 tid 106020
671 6 tid 106020
232 tid 106020
Remove  tid 106020
FindTargetPageId rootid 3 tid 106020
target_page_id id: 2 tid 106020
0 1 tid 106020
140 4 tid 106020
364 2 tid 106020
671 6 tid 106020
231 tid 106020
Remove  tid 106020
FindTargetPageId rootid 3 tid 106020
target_page_id id: 2 tid 106020
0 1 tid 106020
140 4 tid 106020
364 2 tid 106020
671 6 tid 106020
230 tid 106020
Remove  tid 106020
FindTargetPageId rootid 3 tid 106020
target_page_id id: 2 tid 106020
0 1 tid 106020
140 4 tid 106020
364 2 tid 106020
671 6 tid 106020
229 tid 106020
Remove  tid 106020
FindTargetPageId rootid 3 tid 106020
target_page_id id: 2 tid 106020
0 1 tid 106020
140 4 tid 106020
364 2 tid 106020
671 6 tid 106020
228 tid 106020
Remove  tid 106020
FindTargetPageId rootid 3 tid 106020
target_page_id id: 2 tid 106020
0 1 tid 106020
140 4 tid 106020
364 2 tid 106020
671 6 tid 106020
227 tid 106020
Remove  tid 106020
FindTargetPageId rootid 3 tid 106020
target_page_id id: 2 tid 106020
0 1 tid 106020
140 4 tid 106020
364 2 tid 106020
671 6 tid 106020
226 tid 106020
Remove  tid 106020
FindTargetPageId rootid 3 tid 106020
target_page_id id: 2 tid 106020
0 1 tid 106020
140 4 tid 106020
364 2 tid 106020
671 6 tid 106020
225 tid 106020
Remove  tid 106020
FindTargetPageId rootid 3 tid 106020
target_page_id id: 2 tid 106020
0 1 tid 106020
140 4 tid 106020
364 2 tid 106020
671 6 tid 106020
224 tid 106020
Remove  tid 106020
FindTargetPageId rootid 3 tid 106020
target_page_id id: 2 tid 106020
0 1 tid 106020
140 4 tid 106020
364 2 tid 106020
671 6 tid 106020
223 tid 106020
Remove  tid 106020
FindTargetPageId rootid 3 tid 106020
target_page_id id: 2 tid 106020
0 1 tid 106020
140 4 tid 106020
364 2 tid 106020
671 6 tid 106020
222 tid 106020
Remove  tid 106020
FindTargetPageId rootid 3 tid 106020
target_page_id id: 2 tid 106020
0 1 tid 106020
140 4 tid 106020
364 2 tid 106020
671 6 tid 106020
221 tid 106020
Remove  tid 106020
FindTargetPageId rootid 3 tid 106019
target_page_id id: 6 tid 106019
0 1 tid 106019
140 4 tid 106019
364 2 tid 106019
671 6 tid 106019
174 tid 106019
Insert  tid 106019
FindTargetPageId rootid 3 tid 106019
target_page_id id: 6 tid 106019
0 1 tid 106019
140 4 tid 106019
364 2 tid 106019
671 6 tid 106019
174 tid 106019
Insert  tid 106019
FindTargetPageId rootid 3 tid 106019
target_page_id id: 6 tid 106019
0 1 tid 106019
140 4 tid 106019
364 2 tid 106019
671 6 tid 106019
174 tid 106019
Insert  tid 106019
FindTargetPageId rootid 3 tid 106019
target_page_id id: 6 tid 106019
0 1 tid 106019
140 4 tid 106019
364 2 tid 106019
671 6 tid 106019
174 tid 106019
Insert  tid 106019
FindTargetPageId rootid 3 tid 106019
target_page_id id: 6 tid 106019
0 1 tid 106019
140 4 tid 106019
364 2 tid 106019
671 6 tid 106019
174 tid 106019
Insert  tid 106019
FindTargetPageId rootid 3 tid 106021
target_page_id id: 6 tid 106021
0 1 tid 106021
140 4 tid 106021
364 2 tid 106021
671 6 tid 106021
174 tid 106021
Insert  tid 106021
FindTargetPageId rootid 3 tid 106021
target_page_id id: 6 tid 106021
0 1 tid 106021
140 4 tid 106021
364 2 tid 106021
671 6 tid 106021
175 tid 106021
Insert  tid 106021
FindTargetPageId rootid 3 tid 106019
target_page_id id: 6 tid 106019
0 1 tid 106019
140 4 tid 106019
364 2 tid 106019
671 6 tid 106019
176 tid 106019
FindTargetPageId rootid 3 tid 106021
Insert  tid 106019
target_page_id id: 6 tid 106021
0 1 tid 106021
140 4 tid 106021
364 2 tid 106021
671 6 tid 106021
176 tid 106021
Insert  tid 106021
FindTargetPageId rootid 3 tid 106021
target_page_id id: 6 tid 106021
0 1 tid 106021
140 4 tid 106021
364 2 tid 106021
671 6 tid 106021
177 tid 106021
Insert  tid 106021
FindTargetPageId rootid 3 tid 106019
target_page_id id: 6 tid 106019
0 1 tid 106019
140 4 tid 106019
364 2 tid 106019
671 6 tid 106019
178 tid 106019
Insert  tid 106019
FindTargetPageId rootid 3 tid 106019
target_page_id id: 6 tid 106019
0 1 tid 106019
140 4 tid 106019
364 2 tid 106019
671 6 tid 106019
178 tid 106019
Insert  tid 106019
FindTargetPageId rootid 3 tid 106019
target_page_id id: 6 tid 106019
0 1 tid 106019
140 4 tid 106019
364 2 tid 106019
671 6 tid 106019
178 tid 106019
Insert  tid 106019
FindTargetPageId rootid 3 tid 106019
target_page_id id: 6 tid 106019
0 1 tid 106019
140 4 tid 106019
364 2 tid 106019
671 6 tid 106019
178 tid 106019
Insert  tid 106019
FindTargetPageId rootid 3 tid 106019
target_page_id id: 6 tid 106019
0 1 tid 106019
140 4 tid 106019
364 2 tid 106019
671 6 tid 106019
178 tid 106019
Insert  tid 106019
FindTargetPageId rootid 3 tid 106019
target_page_id id: 6 tid 106019
0 1 tid 106019
140 4 tid 106019
364 2 tid 106019
671 6 tid 106019
178 tid 106019
Insert  tid 106019
FindTargetPageId rootid 3 tid 106019
target_page_id id: 6 tid 106019
0 1 tid 106019
140 4 tid 106019
364 2 tid 106019
671 6 tid 106019
178 tid 106019
Insert  tid 106019
FindTargetPageId rootid 3 tid 106019
target_page_id id: 6 tid 106019
0 1 tid 106019
140 4 tid 106019
364 2 tid 106019
671 6 tid 106019
178 tid 106019
Insert  tid 106019
FindTargetPageId rootid 3 tid 106019
target_page_id id: 6 tid 106019
0 1 tid 106019
140 4 tid 106019
364 2 tid 106019
671 6 tid 106019
178 tid 106019
Insert  tid 106019
FindTargetPageId rootid 3 tid 106021
target_page_id id: 6 tid 106021
0 1 tid 106021
140 4 tid 106021
364 2 tid 106021
671 6 tid 106021
178 tid 106021
Insert  tid 106021
FindTargetPageId rootid 3 tid 106021
target_page_id id: 6 tid 106021
0 1 tid 106021
140 4 tid 106021
364 2 tid 106021
671 6 tid 106021
179 tid 106021
Insert  tid 106021
FindTargetPageId rootid 3 tid 106021
target_page_id id: 6 tid 106021
0 1 tid 106021
140 4 tid 106021
364 2 tid 106021
671 6 tid 106021
180 tid 106021
Insert  tid 106021
FindTargetPageId rootid 3 tid 106021
target_page_id id: 6 tid 106021
0 1 tid 106021
140 4 tid 106021
364 2 tid 106021
671 6 tid 106021
181 tid 106021
Insert  tid 106021
FindTargetPageId rootid 3 tid 106021
target_page_id id: 6 tid 106021
0 1 tid 106021
140 4 tid 106021
364 2 tid 106021
671 6 tid 106021
182 tid 106021
Insert  tid 106021
FindTargetPageId rootid 3 tid 106021
target_page_id id: 6 tid 106021
0 1 tid 106021
140 4 tid 106021
364 2 tid 106021
671 6 tid 106021
183 tid 106021
Insert  tid 106021
FindTargetPageId rootid 3 tid 106021
target_page_id id: 6 tid 106021
0 1 tid 106021
140 4 tid 106021
364 2 tid 106021
671 6 tid 106021
184 tid 106021
Insert  tid 106021
FindTargetPageId rootid 3 tid 106021
target_page_id id: 6 tid 106021
0 1 tid 106021
140 4 tid 106021
364 2 tid 106021
671 6 tid 106021
185 tid 106021
Insert  tid 106021
FindTargetPageId rootid 3 tid 106021
target_page_id id: 6 tid 106021
0 1 tid 106021
140 4 tid 106021
364 2 tid 106021
671 6 tid 106021
186 tid 106021
Insert  tid 106021
FindTargetPageId rootid 3 tid 106021
target_page_id id: 6 tid 106021
0 1 tid 106021
140 4 tid 106021
364 2 tid 106021
671 6 tid 106021
187 tid 106021
Insert  tid 106021
FindTargetPageId rootid 3 tid 106020
target_page_id id: 2 tid 106020
0 1 tid 106020
140 4 tid 106020
364 2 tid 106020
671 6 tid 106020
220 tid 106020
Remove  tid 106020
FindTargetPageId rootid 3 tid 106020
target_page_id id: 2 tid 106020
0 1 tid 106020
140 4 tid 106020
364 2 tid 106020
671 6 tid 106020
219 tid 106020
Remove  tid 106020
FindTargetPageId rootid 3 tid 106021
target_page_id id: 6 tid 106021
0 1 tid 106021
140 4 tid 106021
364 2 tid 106021
671 6 tid 106021
188 tid 106021
Insert  tid 106021
FindTargetPageId rootid 3 tid 106019
target_page_id id: 6 tid 106019
0 1 tid 106019
140 4 tid 106019
364 2 tid 106019
671 6 tid 106019
189 tid 106019
Insert  tid 106019
FindTargetPageId rootid 3 tid 106019
target_page_id id: 6 tid 106019
0 1 tid 106019
140 4 tid 106019
364 2 tid 106019
671 6 tid 106019
189 tid 106019
Insert  tid 106019
FindTargetPageId rootid 3 tid 106019
target_page_id id: 6 tid 106019
0 1 tid 106019
140 4 tid 106019
364 2 tid 106019
671 6 tid 106019
189 tid 106019
Insert  tid 106019
FindTargetPageId rootid 3 tid 106019
target_page_id id: 6 tid 106019
0 1 tid 106019
140 4 tid 106019
364 2 tid 106019
671 6 tid 106019
189 tid 106019
Insert  tid 106019
FindTargetPageId rootid 3 tid 106019
target_page_id id: 6 tid 106019
0 1 tid 106019
140 4 tid 106019
364 2 tid 106019
671 6 tid 106019
189 tid 106019
Insert  tid 106019
FindTargetPageId rootid 3 tid 106019
target_page_id id: 6 tid 106019
0 1 tid 106019
140 4 tid 106019
364 2 tid 106019
671 6 tid 106019
189 tid 106019
Insert  tid 106019
FindTargetPageId rootid 3 tid 106019
target_page_id id: 6 tid 106019
0 1 tid 106019
140 4 tid 106019
364 2 tid 106019
671 6 tid 106019
189 tid 106019
Insert  tid 106019
FindTargetPageId rootid 3 tid 106020
target_page_id id: 2 tid 106020
0 1 tid 106020
140 4 tid 106020
364 2 tid 106020
671 6 tid 106020
218 tid 106020
Remove  tid 106020
FindTargetPageId rootid 3 tid 106020
target_page_id id: 2 tid 106020
0 1 tid 106020
140 4 tid 106020
364 2 tid 106020
671 6 tid 106020
217 tid 106020
Remove  tid 106020
FindTargetPageId rootid 3 tid 106020
target_page_id id: 2 tid 106020
0 1 tid 106020
140 4 tid 106020
364 2 tid 106020
671 6 tid 106020
216 tid 106020
Remove  tid 106020
FindTargetPageId rootid 3 tid 106020
target_page_id id: 2 tid 106020
0 1 tid 106020
140 4 tid 106020
364 2 tid 106020
671 6 tid 106020
215 tid 106020
Remove  tid 106020
FindTargetPageId rootid 3 tid 106020
target_page_id id: 2 tid 106020
0 1 tid 106020
140 4 tid 106020
364 2 tid 106020
671 6 tid 106020
214 tid 106020
Remove  tid 106020
FindTargetPageId rootid 3 tid 106020
target_page_id id: 2 tid 106020
0 1 tid 106020
140 4 tid 106020
364 2 tid 106020
671 6 tid 106020
213 tid 106020
Remove  tid 106020
FindTargetPageId rootid 3 tid 106021
target_page_id id: 6 tid 106021
0 1 tid 106021
140 4 tid 106021
364 2 tid 106021
671 6 tid 106021
189 tid 106021
Insert  tid 106021
FindTargetPageId rootid 3 tid 106021
target_page_id id: 6 tid 106021
0 1 tid 106021
140 4 tid 106021
364 2 tid 106021
671 6 tid 106021
190 tid 106021
Insert  tid 106021
FindTargetPageId rootid 3 tid 106021
target_page_id id: 6 tid 106021
0 1 tid 106021
140 4 tid 106021
364 2 tid 106021
671 6 tid 106021
191 tid 106021
Insert  tid 106021
FindTargetPageId rootid 3 tid 106021
target_page_id id: 6 tid 106021
0 1 tid 106021
140 4 tid 106021
364 2 tid 106021
671 6 tid 106021
192 tid 106021
FindTargetPageId rootid 3 tid 106019Insert  tid 
106021
target_page_id id: 6 tid 106019
0 1 tid 106019
140 4 tid 106019
364 2 tid 106019
671 6 tid 106019
193 tid 106019
Insert  tid 106019
FindTargetPageId rootid 3 tid 106020
target_page_id id: 2 tid 106020
0 1 tid 106020
140 4 tid 106020
364 2 tid 106020
671 6 tid 106020
212 tid 106020
Remove  tid 106020
FindTargetPageId rootid 3 tid 106021
target_page_id id: 6 tid 106021
0 1 tid 106021
140 4 tid 106021
364 2 tid 106021
671 6 tid 106021
193 tid 106021
Insert  tid 106021
FindTargetPageId rootid 3 tid 106019
target_page_id id: 6 tid 106019
0 1 tid 106019
140 4 tid 106019
364 2 tid 106019
671 6 tid 106019
194 tid 106019
Insert  tid 106019
FindTargetPageId rootid 3 tid 106019
target_page_id id: 6 tid 106019
0 1 tid 106019
140 4 tid 106019
364 2 tid 106019
671 6 tid 106019
194 tid 106019
Insert  tid 106019
FindTargetPageId rootid 3 tid 106019
target_page_id id: 6 tid 106019
0 1 tid 106019
140 4 tid 106019
364 2 tid 106019
671 6 tid 106019
194 tid 106019
Insert  tid 106019
FindTargetPageId rootid 3 tid 106019
target_page_id id: 6 tid 106019
0 1 tid 106019
140 4 tid 106019
364 2 tid 106019
671 6 tid 106019
194 tid 106019
Insert  tid 106019
FindTargetPageId rootid 3 tid 106019
target_page_id id: 6 tid 106019
0 1 tid 106019
140 4 tid 106019
364 2 tid 106019
671 6 tid 106019
194 tid 106019
Insert  tid 106019
FindTargetPageId rootid 3 tid 106019
target_page_id id: 6 tid 106019
0 1 tid 106019
140 4 tid 106019
364 2 tid 106019
671 6 tid 106019
194 tid 106019
Insert  tid 106019
FindTargetPageId rootid 3 tid 106019
target_page_id id: 6 tid 106019
0 1 tid 106019
140 4 tid 106019
364 2 tid 106019
671 6 tid 106019
194 tid 106019
Insert  tid 106019
FindTargetPageId rootid 3 tid 106019
target_page_id id: 6 tid 106019
0 1 tid 106019
140 4 tid 106019
364 2 tid 106019
671 6 tid 106019
194 tid 106019
Insert  tid 106019
FindTargetPageId rootid 3 tid 106019
target_page_id id: 6 tid 106019
0 1 tid 106019
140 4 tid 106019
364 2 tid 106019
671 6 tid 106019
194 tid 106019
Insert  tid 106019
FindTargetPageId rootid 3 tid 106019
target_page_id id: 6 tid 106019
0 1 tid 106019
140 4 tid 106019
364 2 tid 106019
671 6 tid 106019
194 tid 106019
Insert  tid 106019
FindTargetPageId rootid 3 tid 106019
target_page_id id: 6 tid 106019
0 1 tid 106019
140 4 tid 106019
364 2 tid 106019
671 6 tid 106019
194 tid 106019
Insert  tid 106019
FindTargetPageId rootid 3 tid 106019
target_page_id id: 6 tid 106019
0 1 tid 106019
140 4 tid 106019
364 2 tid 106019
671 6 tid 106019
194 tid 106019
Insert  tid 106019
FindTargetPageId rootid 3 tid 106019
target_page_id id: 6 tid 106019
0 1 tid 106019
140 4 tid 106019
364 2 tid 106019
671 6 tid 106019
194 tid 106019
Insert  tid 106019
FindTargetPageId rootid 3 tid 106019
target_page_id id: 6 tid 106019
0 1 tid 106019
140 4 tid 106019
364 2 tid 106019
671 6 tid 106019
194 tid 106019
Insert  tid 106019
FindTargetPageId rootid 3 tid 106019
target_page_id id: 6 tid 106019
0 1 tid 106019
140 4 tid 106019
364 2 tid 106019
671 6 tid 106019
194 tid 106019
Insert  tid 106019
FindTargetPageId rootid 3 tid 106019
target_page_id id: 6 tid 106019
0 1 tid 106019
140 4 tid 106019
364 2 tid 106019
671 6 tid 106019
194 tid 106019
Insert  tid 106019
FindTargetPageId rootid 3 tid 106019
target_page_id id: 6 tid 106019
0 1 tid 106019
140 4 tid 106019
364 2 tid 106019
671 6 tid 106019
194 tid 106019
Insert  tid 106019
FindTargetPageId rootid 3 tid 106019
target_page_id id: 6 tid 106019
0 1 tid 106019
140 4 tid 106019
364 2 tid 106019
671 6 tid 106019
194 tid 106019
Insert  tid 106019
FindTargetPageId rootid 3 tid 106019
target_page_id id: 6 tid 106019
0 1 tid 106019
140 4 tid 106019
364 2 tid 106019
671 6 tid 106019
194 tid 106019
Insert  tid 106019
FindTargetPageId rootid 3 tid 106019
target_page_id id: 6 tid 106019
0 1 tid 106019
140 4 tid 106019
364 2 tid 106019
671 6 tid 106019
194 tid 106019
Insert  tid 106019
FindTargetPageId rootid 3 tid 106019
target_page_id id: 6 tid 106019
0 1 tid 106019
140 4 tid 106019
364 2 tid 106019
671 6 tid 106019
194 tid 106019
Insert  tid 106019
FindTargetPageId rootid 3 tid 106019
target_page_id id: 6 tid 106019
0 1 tid 106019
140 4 tid 106019
364 2 tid 106019
671 6 tid 106019
194 tid 106019
Insert  tid 106019
FindTargetPageId rootid 3 tid 106019
target_page_id id: 6 tid 106019
0 1 tid 106019
140 4 tid 106019
364 2 tid 106019
671 6 tid 106019
194 tid 106019
Insert  tid 106019
FindTargetPageId rootid 3 tid 106019
target_page_id id: 6 tid 106019
0 1 tid 106019
140 4 tid 106019
364 2 tid 106019
671 6 tid 106019
194 tid 106019
Insert  tid 106019
FindTargetPageId rootid 3 tid 106019
target_page_id id: 6 tid 106019
0 1 tid 106019
140 4 tid 106019
364 2 tid 106019
671 6 tid 106019
194 tid 106019
Insert  tid 106019
FindTargetPageId rootid 3 tid 106019
target_page_id id: 6 tid 106019
0 1 tid 106019
140 4 tid 106019
364 2 tid 106019
671 6 tid 106019
194 tid 106019
Insert  tid 106019
FindTargetPageId rootid 3 tid 106019
target_page_id id: 6 tid 106019
0 1 tid 106019
140 4 tid 106019
364 2 tid 106019
671 6 tid 106019
194 tid 106019
Insert  tid 106019
FindTargetPageId rootid 3 tid 106019
target_page_id id: 6 tid 106019
0 1 tid 106019
140 4 tid 106019
364 2 tid 106019
671 6 tid 106019
194 tid 106019
Insert  tid 106019
FindTargetPageId rootid 3 tid 106019
target_page_id id: 6 tid 106019
0 1 tid 106019
140 4 tid 106019
364 2 tid 106019
671 6 tid 106019
194 tid 106019
Insert  tid 106019
FindTargetPageId rootid 3 tid 106019
target_page_id id: 6 tid 106019
0 1 tid 106019
140 4 tid 106019
364 2 tid 106019
671 6 tid 106019
194 tid 106019
Insert  tid 106019
FindTargetPageId rootid 3 tid 106019
target_page_id id: 6 tid 106019
0 1 tid 106019
140 4 tid 106019
364 2 tid 106019
671 6 tid 106019
194 tid 106019
Insert  tid 106019
FindTargetPageId rootid 3 tid 106019
target_page_id id: 6 tid 106019
0 1 tid 106019
140 4 tid 106019
364 2 tid 106019
671 6 tid 106019
194 tid 106019
Insert  tid 106019
FindTargetPageId rootid 3 tid 106019
target_page_id id: 6 tid 106019
0 1 tid 106019
140 4 tid 106019
364 2 tid 106019
671 6 tid 106019
194 tid 106019
Insert  tid 106019
FindTargetPageId rootid 3 tid 106019
target_page_id id: 6 tid 106019
0 1 tid 106019
140 4 tid 106019
364 2 tid 106019
671 6 tid 106019
194 tid 106019
Insert  tid 106019
FindTargetPageId rootid 3 tid 106019
target_page_id id: 6 tid 106019
0 1 tid 106019
140 4 tid 106019
364 2 tid 106019
671 6 tid 106019
194 tid 106019
Insert  tid 106019
FindTargetPageId rootid 3 tid 106019
target_page_id id: 6 tid 106019
0 1 tid 106019
140 4 tid 106019
364 2 tid 106019
671 6 tid 106019
194 tid 106019
Insert  tid 106019
FindTargetPageId rootid 3 tid 106019
target_page_id id: 6 tid 106019
0 1 tid 106019
140 4 tid 106019
364 2 tid 106019
671 6 tid 106019
194 tid 106019
Insert  tid 106019
FindTargetPageId rootid 3 tid 106019
target_page_id id: 6 tid 106019
0 1 tid 106019
140 4 tid 106019
364 2 tid 106019
671 6 tid 106019
194 tid 106019
Insert  tid 106019
FindTargetPageId rootid 3 tid 106019
target_page_id id: 6 tid 106019
0 1 tid 106019
140 4 tid 106019
364 2 tid 106019
671 6 tid 106019
194 tid 106019
Insert  tid 106019
FindTargetPageId rootid 3 tid 106019
target_page_id id: 6 tid 106019
0 1 tid 106019
140 4 tid 106019
364 2 tid 106019
671 6 tid 106019
194 tid 106019
Insert  tid 106019
FindTargetPageId rootid 3 tid 106019
target_page_id id: 6 tid 106019
0 1 tid 106019
140 4 tid 106019
364 2 tid 106019
671 6 tid 106019
194 tid 106019
Insert  tid 106019
FindTargetPageId rootid 3 tid 106019
target_page_id id: 6 tid 106019
0 1 tid 106019
140 4 tid 106019
364 2 tid 106019
671 6 tid 106019
194 tid 106019
Insert  tid 106019
FindTargetPageId rootid 3 tid 106019
target_page_id id: 6 tid 106019
0 1 tid 106019
140 4 tid 106019
364 2 tid 106019
671 6 tid 106019
194 tid 106019
Insert  tid 106019
FindTargetPageId rootid 3 tid 106019
target_page_id id: 6 tid 106019
0 1 tid 106019
140 4 tid 106019
364 2 tid 106019
671 6 tid 106019
194 tid 106019
Insert  tid 106019
FindTargetPageId rootid 3 tid 106019
target_page_id id: 6 tid 106019
0 1 tid 106019
140 4 tid 106019
364 2 tid 106019
671 6 tid 106019
194 tid 106019
Insert  tid 106019
FindTargetPageId rootid 3 tid 106019
target_page_id id: 6 tid 106019
0 1 tid 106019
140 4 tid 106019
364 2 tid 106019
671 6 tid 106019
194 tid 106019
Insert  tid 106019
FindTargetPageId rootid 3 tid 106019
target_page_id id: 6 tid 106019
0 1 tid 106019
140 4 tid 106019
364 2 tid 106019
671 6 tid 106019
194 tid 106019
Insert  tid 106019
FindTargetPageId rootid 3 tid 106019
target_page_id id: 6 tid 106019
0 1 tid 106019
140 4 tid 106019
364 2 tid 106019
671 6 tid 106019
194 tid 106019
Insert  tid 106019
FindTargetPageId rootid 3 tid 106019
target_page_id id: 6 tid 106019
0 1 tid 106019
140 4 tid 106019
364 2 tid 106019
671 6 tid 106019
194 tid 106019
Insert  tid 106019
FindTargetPageId rootid 3 tid 106019
target_page_id id: 6 tid 106019
0 1 tid 106019
140 4 tid 106019
364 2 tid 106019
671 6 tid 106019
194 tid 106019
Insert  tid 106019
FindTargetPageId rootid 3 tid 106019
target_page_id id: 6 tid 106019
0 1 tid 106019
140 4 tid 106019
364 2 tid 106019
671 6 tid 106019
194 tid 106019
Insert  tid 106019
FindTargetPageId rootid 3 tid 106019
target_page_id id: 6 tid 106019
0 1 tid 106019
140 4 tid 106019
364 2 tid 106019
671 6 tid 106019
194 tid 106019
Insert  tid 106019
FindTargetPageId rootid 3 tid 106019
target_page_id id: 6 tid 106019
0 1 tid 106019
140 4 tid 106019
364 2 tid 106019
671 6 tid 106019
194 tid 106019
Insert  tid 106019
FindTargetPageId rootid 3 tid 106019
target_page_id id: 6 tid 106019
0 1 tid 106019
140 4 tid 106019
364 2 tid 106019
671 6 tid 106019
194 tid 106019
Insert  tid 106019
FindTargetPageId rootid 3 tid 106019
target_page_id id: 6 tid 106019
0 1 tid 106019
140 4 tid 106019
364 2 tid 106019
671 6 tid 106019
194 tid 106019
Insert  tid 106019
FindTargetPageId rootid 3 tid 106019
target_page_id id: 6 tid 106019
0 1 tid 106019
140 4 tid 106019
364 2 tid 106019
671 6 tid 106019
194 tid 106019
Insert  tid 106019
FindTargetPageId rootid 3 tid 106019
target_page_id id: 6 tid 106019
0 1 tid 106019
140 4 tid 106019
364 2 tid 106019
671 6 tid 106019
194 tid 106019
Insert  tid 106019
FindTargetPageId rootid 3 tid 106019
target_page_id id: 6 tid 106019
0 1 tid 106019
140 4 tid 106019
364 2 tid 106019
671 6 tid 106019
194 tid 106019
Insert  tid 106019
FindTargetPageId rootid 3 tid 106019
target_page_id id: 6 tid 106019
0 1 tid 106019
140 4 tid 106019
364 2 tid 106019
671 6 tid 106019
194 tid 106019
Insert  tid 106019
FindTargetPageId rootid 3 tid 106019
target_page_id id: 6 tid 106019
0 1 tid 106019
140 4 tid 106019
364 2 tid 106019
671 6 tid 106019
194 tid 106019
Insert  tid 106019
FindTargetPageId rootid 3 tid 106019
target_page_id id: 6 tid 106019
0 1 tid 106019
140 4 tid 106019
364 2 tid 106019
671 6 tid 106019
194 tid 106019
Insert  tid 106019
FindTargetPageId rootid 3 tid 106019
target_page_id id: 6 tid 106019
0 1 tid 106019
140 4 tid 106019
364 2 tid 106019
671 6 tid 106019
194 tid 106019
Insert  tid 106019
FindTargetPageId rootid 3 tid 106019
target_page_id id: 6 tid 106019
0 1 tid 106019
140 4 tid 106019
364 2 tid 106019
671 6 tid 106019
194 tid 106019
Insert  tid 106019
FindTargetPageId rootid 3 tid 106019
target_page_id id: 6 tid 106019
0 1 tid 106019
140 4 tid 106019
364 2 tid 106019
671 6 tid 106019
194 tid 106019
Insert  tid 106019
FindTargetPageId rootid 3 tid 106019
target_page_id id: 6 tid 106019
0 1 tid 106019
140 4 tid 106019
364 2 tid 106019
671 6 tid 106019
194 tid 106019
Insert  tid 106019
FindTargetPageId rootid 3 tid 106019
target_page_id id: 6 tid 106019
0 1 tid 106019
140 4 tid 106019
364 2 tid 106019
671 6 tid 106019
194 tid 106019
Insert  tid 106019
FindTargetPageId rootid 3 tid 106019
target_page_id id: 6 tid 106019
0 1 tid 106019
140 4 tid 106019
364 2 tid 106019
671 6 tid 106019
194 tid 106019
Insert  tid 106019
FindTargetPageId rootid 3 tid 106019
target_page_id id: 6 tid 106019
0 1 tid 106019
140 4 tid 106019
364 2 tid 106019
671 6 tid 106019
194 tid 106019
Insert  tid 106019
FindTargetPageId rootid 3 tid 106019
target_page_id id: 6 tid 106019
0 1 tid 106019
140 4 tid 106019
364 2 tid 106019
671 6 tid 106019
194 tid 106019
Insert  tid 106019
FindTargetPageId rootid 3 tid 106019
target_page_id id: 6 tid 106019
0 1 tid 106019
140 4 tid 106019
364 2 tid 106019
671 6 tid 106019
194 tid 106019
Insert  tid 106019
FindTargetPageId rootid 3 tid 106019
target_page_id id: 6 tid 106019
0 1 tid 106019
140 4 tid 106019
364 2 tid 106019
671 6 tid 106019
194 tid 106019
Insert  tid 106019
FindTargetPageId rootid 3 tid 106019
target_page_id id: 6 tid 106019
0 1 tid 106019
140 4 tid 106019
364 2 tid 106019
671 6 tid 106019
194 tid 106019
Insert  tid 106019
FindTargetPageId rootid 3 tid 106019
target_page_id id: 6 tid 106019
0 1 tid 106019
140 4 tid 106019
364 2 tid 106019
671 6 tid 106019
194 tid 106019
Insert  tid 106019
FindTargetPageId rootid 3 tid 106019
target_page_id id: 6 tid 106019
0 1 tid 106019
140 4 tid 106019
364 2 tid 106019
671 6 tid 106019
194 tid 106019
Insert  tid 106019
FindTargetPageId rootid 3 tid 106019
target_page_id id: 6 tid 106019
0 1 tid 106019
140 4 tid 106019
364 2 tid 106019
671 6 tid 106019
194 tid 106019
Insert  tid 106019
FindTargetPageId rootid 3 tid 106019
target_page_id id: 6 tid 106019
0 1 tid 106019
140 4 tid 106019
364 2 tid 106019
671 6 tid 106019
194 tid 106019
Insert  tid 106019
FindTargetPageId rootid 3 tid 106019
target_page_id id: 6 tid 106019
0 1 tid 106019
140 4 tid 106019
364 2 tid 106019
671 6 tid 106019
194 tid 106019
Insert  tid 106019
FindTargetPageId rootid 3 tid 106019
target_page_id id: 6 tid 106019
0 1 tid 106019
140 4 tid 106019
364 2 tid 106019
671 6 tid 106019
194 tid 106019
Insert  tid 106019
FindTargetPageId rootid 3 tid 106019
target_page_id id: 6 tid 106019
0 1 tid 106019
140 4 tid 106019
364 2 tid 106019
671 6 tid 106019
194 tid 106019
Insert  tid 106019
FindTargetPageId rootid 3 tid 106019
target_page_id id: 6 tid 106019
0 1 tid 106019
140 4 tid 106019
364 2 tid 106019
671 6 tid 106019
194 tid 106019
Insert  tid 106019
FindTargetPageId rootid 3 tid 106019
target_page_id id: 6 tid 106019
0 1 tid 106019
140 4 tid 106019
364 2 tid 106019
671 6 tid 106019
194 tid 106019
Insert  tid 106019
FindTargetPageId rootid 3 tid 106019
target_page_id id: 6 tid 106019
0 1 tid 106019
140 4 tid 106019
364 2 tid 106019
671 6 tid 106019
194 tid 106019
Insert  tid 106019
FindTargetPageId rootid 3 tid 106019
target_page_id id: 6 tid 106019
0 1 tid 106019
140 4 tid 106019
364 2 tid 106019
671 6 tid 106019
194 tid 106019
Insert  tid 106019
FindTargetPageId rootid 3 tid 106019
target_page_id id: 6 tid 106019
0 1 tid 106019
140 4 tid 106019
364 2 tid 106019
671 6 tid 106019
194 tid 106019
Insert  tid 106019
FindTargetPageId rootid 3 tid 106019
target_page_id id: 6 tid 106019
0 1 tid 106019
140 4 tid 106019
364 2 tid 106019
671 6 tid 106019
194 tid 106019
Insert  tid 106019
FindTargetPageId rootid 3 tid 106019
target_page_id id: 6 tid 106019
0 1 tid 106019
140 4 tid 106019
364 2 tid 106019
671 6 tid 106019
194 tid 106019
Insert  tid 106019
FindTargetPageId rootid 3 tid 106019
target_page_id id: 6 tid 106019
0 1 tid 106019
140 4 tid 106019
364 2 tid 106019
671 6 tid 106019
194 tid 106019
Insert  tid 106019
FindTargetPageId rootid 3 tid 106019
target_page_id id: 6 tid 106019
0 1 tid 106019
140 4 tid 106019
364 2 tid 106019
671 6 tid 106019
194 tid 106019
Insert  tid 106019
FindTargetPageId rootid 3 tid 106019
target_page_id id: 6 tid 106019
0 1 tid 106019
140 4 tid 106019
364 2 tid 106019
671 6 tid 106019
194 tid 106019
Insert  tid 106019
FindTargetPageId rootid 3 tid 106019
target_page_id id: 6 tid 106019
0 1 tid 106019
140 4 tid 106019
364 2 tid 106019
671 6 tid 106019
194 tid 106019
Insert  tid 106019
FindTargetPageId rootid 3 tid 106019
target_page_id id: 6 tid 106019
0 1 tid 106019
140 4 tid 106019
364 2 tid 106019
671 6 tid 106019
194 tid 106019
Insert  tid 106019
FindTargetPageId rootid 3 tid 106019
target_page_id id: 6 tid 106019
0 1 tid 106019
140 4 tid 106019
364 2 tid 106019
671 6 tid 106019
194 tid 106019
Insert  tid 106019
FindTargetPageId rootid 3 tid 106019
target_page_id id: 6 tid 106019
0 1 tid 106019
140 4 tid 106019
364 2 tid 106019
671 6 tid 106019
194 tid 106019
Insert  tid 106019
FindTargetPageId rootid 3 tid 106019
target_page_id id: 6 tid 106019
0 1 tid 106019
140 4 tid 106019
364 2 tid 106019
671 6 tid 106019
194 tid 106019
Insert  tid 106019
FindTargetPageId rootid 3 tid 106019
target_page_id id: 6 tid 106019
0 1 tid 106019
140 4 tid 106019
364 2 tid 106019
671 6 tid 106019
194 tid 106019
Insert  tid 106019
FindTargetPageId rootid 3 tid 106019
target_page_id id: 6 tid 106019
0 1 tid 106019
140 4 tid 106019
364 2 tid 106019
671 6 tid 106019
194 tid 106019
Insert  tid 106019
FindTargetPageId rootid 3 tid 106019
target_page_id id: 6 tid 106019
0 1 tid 106019
140 4 tid 106019
364 2 tid 106019
671 6 tid 106019
194 tid 106019
Insert  tid 106019
FindTargetPageId rootid 3 tid 106019
target_page_id id: 6 tid 106019
0 1 tid 106019
140 4 tid 106019
364 2 tid 106019
671 6 tid 106019
194 tid 106019
Insert  tid 106019
FindTargetPageId rootid 3 tid 106019
target_page_id id: 6 tid 106019
0 1 tid 106019
140 4 tid 106019
364 2 tid 106019
671 6 tid 106019
194 tid 106019
Insert  tid 106019
FindTargetPageId rootid 3 tid 106019
target_page_id id: 6 tid 106019
0 1 tid 106019
140 4 tid 106019
364 2 tid 106019
671 6 tid 106019
194 tid 106019
Insert  tid 106019
FindTargetPageId rootid 3 tid 106019
target_page_id id: 6 tid 106019
0 1 tid 106019
140 4 tid 106019
364 2 tid 106019
671 6 tid 106019
194 tid 106019
Insert  tid 106019
FindTargetPageId rootid 3 tid 106019
target_page_id id: 6 tid 106019
0 1 tid 106019
140 4 tid 106019
364 2 tid 106019
671 6 tid 106019
194 tid 106019
Insert  tid 106019
FindTargetPageId rootid 3 tid 106019
target_page_id id: 6 tid 106019
0 1 tid 106019
140 4 tid 106019
364 2 tid 106019
671 6 tid 106019
194 tid 106019
Insert  tid 106019
FindTargetPageId rootid 3 tid 106019
target_page_id id: 6 tid 106019
0 1 tid 106019
140 4 tid 106019
364 2 tid 106019
671 6 tid 106019
195 tid 106019
Insert  tid 106019
FindTargetPageId rootid 3 tid 106019
target_page_id id: 6 tid 106019
0 1 tid 106019
140 4 tid 106019
364 2 tid 106019
671 6 tid 106019
196 tid 106019
Insert  tid 106019
FindTargetPageId rootid 3 tid 106020
target_page_id id: 2 tid 106020
0 1 tid 106020
140 4 tid 106020
364 2 tid 106020
671 6 tid 106020
211 tid 106020
Remove  tid 106020
FindTargetPageId rootid 3 tid 106021
target_page_id id: 6 tid 106021
0 1 tid 106021
140 4 tid 106021
364 2 tid 106021
671 6 tid 106021
197 tid 106021
Insert  tid 106021
FindTargetPageId rootid 3 tid 106019
target_page_id id: 6 tid 106019
0 1 tid 106019
140 4 tid 106019
364 2 tid 106019
671 6 tid 106019
197 tid 106019
Insert  tid 106019
FindTargetPageId rootid 3 tid 106020
target_page_id id: 2 tid 106020
0 1 tid 106020
140 4 tid 106020
364 2 tid 106020
671 6 tid 106020
210 tid 106020
Remove  tid 106020
FindTargetPageId rootid 3 tid 106020
target_page_id id: 2 tid 106020
0 1 tid 106020
140 4 tid 106020
364 2 tid 106020
671 6 tid 106020
209 tid 106020
Remove  tid 106020
FindTargetPageId rootid 3 tid 106020
target_page_id id: 2 tid 106020
0 1 tid 106020
140 4 tid 106020
364 2 tid 106020
671 6 tid 106020
208 tid 106020
Remove  tid 106020
FindTargetPageId rootid 3 tid 106019
target_page_id id: 6 tid 106019
0 1 tid 106019
140 4 tid 106019
364 2 tid 106019
671 6 tid 106019
198 tid 106019
Insert  tid 106019
FindTargetPageId rootid 3 tid 106019
target_page_id id: 6 tid 106019
0 1 tid 106019
140 4 tid 106019
364 2 tid 106019
671 6 tid 106019
199 tid 106019
Insert  tid 106019
FindTargetPageId rootid 3 tid 106019
target_page_id id: 6 tid 106019
0 1 tid 106019
140 4 tid 106019
364 2 tid 106019
671 6 tid 106019
200 tid 106019
Insert  tid 106019
FindTargetPageId rootid 3 tid 106019
target_page_id id: 6 tid 106019
0 1 tid 106019
140 4 tid 106019
364 2 tid 106019
671 6 tid 106019
201 tid 106019
Insert  tid 106019
FindTargetPageId rootid 3 tid 106021
target_page_id id: 6 tid 106021
0 1 tid 106021
140 4 tid 106021
364 2 tid 106021
671 6 tid 106021
202 tid 106021
Insert  tid 106021
FindTargetPageId rootid 3 tid 106021
target_page_id id: 6 tid 106021
0 1 tid 106021
140 4 tid 106021
364 2 tid 106021
671 6 tid 106021
202 tid 106021
Insert  tid 106021
FindTargetPageId rootid 3 tid 106021
target_page_id id: 6 tid 106021
0 1 tid 106021
140 4 tid 106021
364 2 tid 106021
671 6 tid 106021
202 tid 106021
Insert  tid 106021
FindTargetPageId rootid 3 tid 106021
target_page_id id: 6 tid 106021
0 1 tid 106021
140 4 tid 106021
364 2 tid 106021
671 6 tid 106021
202 tid 106021
Insert  tid 106021
FindTargetPageId rootid 3 tid 106020
target_page_id id: 2 tid 106020
0 1 tid 106020
140 4 tid 106020
364 2 tid 106020
671 6 tid 106020
207 tid 106020
Remove  tid 106020
FindTargetPageId rootid 3 tid 106020
target_page_id id: 2 tid 106020
0 1 tid 106020
140 4 tid 106020
364 2 tid 106020
671 6 tid 106020
206 tid 106020
Remove  tid 106020
FindTargetPageId rootid 3 tid 106020
target_page_id id: 2 tid 106020
0 1 tid 106020
140 4 tid 106020
364 2 tid 106020
671 6 tid 106020
205 tid 106020
Remove  tid 106020
FindTargetPageId rootid 3 tid 106020
target_page_id id: 2 tid 106020
0 1 tid 106020
140 4 tid 106020
364 2 tid 106020
671 6 tid 106020
204 tid 106020
Remove  tid 106020
FindTargetPageId rootid 3 tid 106020
target_page_id id: 2 tid 106020
0 1 tid 106020
140 4 tid 106020
364 2 tid 106020
671 6 tid 106020
203 tid 106020
Remove  tid 106020
FindTargetPageId rootid 3 tid 106020
target_page_id id: 2 tid 106020
0 1 tid 106020
140 4 tid 106020
364 2 tid 106020
671 6 tid 106020
202 tid 106020
Remove  tid 106020
FindTargetPageId rootid 3 tid 106019
target_page_id id: 6 tid 106019
0 1 tid 106019
140 4 tid 106019
364 2 tid 106019
671 6 tid 106019
202 tid 106019
Insert  tid 106019
FindTargetPageId rootid 3 tid 106021
target_page_id id: 6 tid 106021
0 1 tid 106021
140 4 tid 106021
364 2 tid 106021
671 6 tid 106021
203 tid 106021
Insert  tid 106021
FindTargetPageId rootid 3 tid 106021
target_page_id id: 6 tid 106021
0 1 tid 106021
140 4 tid 106021
364 2 tid 106021
671 6 tid 106021
203 tid 106021
Insert  tid 106021
FindTargetPageId rootid 3 tid 106021
target_page_id id: 6 tid 106021
0 1 tid 106021
140 4 tid 106021
364 2 tid 106021
671 6 tid 106021
203 tid 106021
Insert  tid 106021
FindTargetPageId rootid 3 tid 106020
target_page_id id: 2 tid 106020
0 1 tid 106020
140 4 tid 106020
364 2 tid 106020
671 6 tid 106020
201 tid 106020
Remove  tid 106020
FindTargetPageId rootid 3 tid 106020
target_page_id id: 2 tid 106020
0 1 tid 106020
140 4 tid 106020
364 2 tid 106020
671 6 tid 106020
200 tid 106020
Remove  tid 106020
FindTargetPageId rootid 3 tid 106020
target_page_id id: 2 tid 106020
0 1 tid 106020
140 4 tid 106020
364 2 tid 106020
671 6 tid 106020
199 tid 106020
Remove  tid 106020
FindTargetPageId rootid 3 tid 106019
target_page_id id: 6 tid 106019
0 1 tid 106019
140 4 tid 106019
364 2 tid 106019
671 6 tid 106019
203 tid 106019
Insert  tid 106019
FindTargetPageId rootid 3 tid 106019
target_page_id id: 6 tid 106019
0 1 tid 106019
140 4 tid 106019
364 2 tid 106019
671 6 tid 106019
204 tid 106019
Insert  tid 106019
FindTargetPageId rootid 3 tid 106019
target_page_id id: 6 tid 106019
0 1 tid 106019
140 4 tid 106019
364 2 tid 106019
671 6 tid 106019
205 tid 106019
Insert  tid 106019
FindTargetPageId rootid 3 tid 106019
target_page_id id: 6 tid 106019
0 1 tid 106019
140 4 tid 106019
364 2 tid 106019
671 6 tid 106019
206 tid 106019
Insert  tid 106019
FindTargetPageId rootid 3 tid 106019
target_page_id id: 6 tid 106019
0 1 tid 106019
140 4 tid 106019
364 2 tid 106019
671 6 tid 106019
207 tid 106019
Insert  tid 106019
FindTargetPageId rootid 3 tid 106019
target_page_id id: 6 tid 106019
0 1 tid 106019
140 4 tid 106019
364 2 tid 106019
671 6 tid 106019
208 tid 106019
Insert  tid 106019
FindTargetPageId rootid 3 tid 106019
target_page_id id: 6 tid 106019
0 1 tid 106019
140 4 tid 106019
364 2 tid 106019
671 6 tid 106019
209 tid 106019
Insert  tid 106019
FindTargetPageId rootid 3 tid 106019
target_page_id id: 6 tid 106019
0 1 tid 106019
140 4 tid 106019
364 2 tid 106019
671 6 tid 106019
210 tid 106019
Insert  tid 106019
FindTargetPageId rootid 3 tid 106019
target_page_id id: 6 tid 106019
0 1 tid 106019
140 4 tid 106019
364 2 tid 106019
671 6 tid 106019
211 tid 106019
Insert  tid 106019
FindTargetPageId rootid 3 tid 106019
target_page_id id: 6 tid 106019
0 1 tid 106019
140 4 tid 106019
364 2 tid 106019
671 6 tid 106019
212 tid 106019
Insert  tid 106019
FindTargetPageId rootid 3 tid 106019
target_page_id id: 6 tid 106019
0 1 tid 106019
140 4 tid 106019
364 2 tid 106019
671 6 tid 106019
213 tid 106019
Insert  tid 106019
FindTargetPageId rootid 3 tid 106019
target_page_id id: 6 tid 106019
0 1 tid 106019
140 4 tid 106019
364 2 tid 106019
671 6 tid 106019
214 tid 106019
Insert  tid 106019
FindTargetPageId rootid 3 tid 106019
target_page_id id: 6 tid 106019
0 1 tid 106019
140 4 tid 106019
364 2 tid 106019
671 6 tid 106019
215 tid 106019
Insert  tid 106019
FindTargetPageId rootid 3 tid 106019
target_page_id id: 6 tid 106019
0 1 tid 106019
140 4 tid 106019
364 2 tid 106019
671 6 tid 106019
216 tid 106019
Insert  tid 106019
FindTargetPageId rootid 3 tid 106021
target_page_id id: 6 tid 106021
0 1 tid 106021
140 4 tid 106021
364 2 tid 106021
671 6 tid 106021
217 tid 106021
Insert  tid 106021
FindTargetPageId rootid 3 tid 106020
target_page_id id: 2 tid 106020
0 1 tid 106020
140 4 tid 106020
364 2 tid 106020
671 6 tid 106020
198 tid 106020
Remove  tid 106020
FindTargetPageId rootid 3 tid 106020
target_page_id id: 2 tid 106020
0 1 tid 106020
140 4 tid 106020
364 2 tid 106020
671 6 tid 106020
197 tid 106020
Remove  tid 106020
FindTargetPageId rootid 3 tid 106020
target_page_id id: 2 tid 106020
0 1 tid 106020
140 4 tid 106020
364 2 tid 106020
671 6 tid 106020
196 tid 106020
Remove  tid 106020
FindTargetPageId rootid 3 tid 106020
target_page_id id: 2 tid 106020
0 1 tid 106020
140 4 tid 106020
364 2 tid 106020
671 6 tid 106020
195 tid 106020
Remove  tid 106020
FindTargetPageId rootid 3 tid 106020
target_page_id id: 6 tid 106020
0 1 tid 106020
140 4 tid 106020
364 2 tid 106020
671 6 tid 106020
217 tid 106020
Remove  tid 106020
FindTargetPageId rootid 3 tid 106020
target_page_id id: 6 tid 106020
0 1 tid 106020
140 4 tid 106020
364 2 tid 106020
671 6 tid 106020
216 tid 106020
Remove  tid 106020
FindTargetPageId rootid 3 tid 106020
target_page_id id: 6 tid 106020
0 1 tid 106020
140 4 tid 106020
364 2 tid 106020
671 6 tid 106020
215 tid 106020
Remove  tid 106020
FindTargetPageId rootid 3 tid 106020
target_page_id id: 6 tid 106020
0 1 tid 106020
140 4 tid 106020
364 2 tid 106020
671 6 tid 106020
214 tid 106020
Remove  tid 106020
FindTargetPageId rootid 3 tid 106020
target_page_id id: 6 tid 106020
0 1 tid 106020
140 4 tid 106020
364 2 tid 106020
671 6 tid 106020
213 tid 106020
Remove  tid 106020
FindTargetPageId rootid 3 tid 106020
target_page_id id: 6 tid 106020
0 1 tid 106020
140 4 tid 106020
364 2 tid 106020
671 6 tid 106020
212 tid 106020
Remove  tid 106020
FindTargetPageId rootid 3 tid 106020
target_page_id id: 6 tid 106020
0 1 tid 106020
140 4 tid 106020
364 2 tid 106020
671 6 tid 106020
211 tid 106020
Remove  tid 106020
FindTargetPageId rootid 3 tid 106020
target_page_id id: 6 tid 106020
0 1 tid 106020
140 4 tid 106020
364 2 tid 106020
671 6 tid 106020
210 tid 106020
Remove  tid 106020
FindTargetPageId rootid 3 tid 106020
target_page_id id: 6 tid 106020
0 1 tid 106020
140 4 tid 106020
364 2 tid 106020
671 6 tid 106020
209 tid 106020
Remove  tid 106020
FindTargetPageId rootid 3 tid 106020
target_page_id id: 6 tid 106020
0 1 tid 106020
140 4 tid 106020
364 2 tid 106020
671 6 tid 106020
208 tid 106020
Remove  tid 106020
FindTargetPageId rootid 3 tid 106020
target_page_id id: 6 tid 106020
0 1 tid 106020
140 4 tid 106020
364 2 tid 106020
671 6 tid 106020
207 tid 106020
Remove  tid 106020
FindTargetPageId rootid 3 tid 106020
target_page_id id: 6 tid 106020
0 1 tid 106020
140 4 tid 106020
364 2 tid 106020
671 6 tid 106020
206 tid 106020
Remove  tid 106020
FindTargetPageId rootid 3 tid 106021
target_page_id id: 6 tid 106021
0 1 tid 106021
140 4 tid 106021
364 2 tid 106021
671 6 tid 106021
205 tid 106021
Insert  tid 106021
FindTargetPageId rootid 3 tid 106021
target_page_id id: 6 tid 106021
0 1 tid 106021
140 4 tid 106021
364 2 tid 106021
671 6 tid 106021
205 tid 106021
Insert  tid 106021
FindTargetPageId rootid 3 tid 106021
target_page_id id: 6 tid 106021
0 1 tid 106021
140 4 tid 106021
364 2 tid 106021
671 6 tid 106021
205 tid 106021
Insert  tid 106021
FindTargetPageId rootid 3 tid 106019
target_page_id id: 6 tid 106019
0 1 tid 106019
140 4 tid 106019
364 2 tid 106019
671 6 tid 106019
205 tid 106019
Insert  tid 106019
FindTargetPageId rootid 3 tid 106019
target_page_id id: 6 tid 106019
0 1 tid 106019
140 4 tid 106019
364 2 tid 106019
671 6 tid 106019
206 tid 106019
Insert  tid 106019
FindTargetPageId rootid 3 tid 106019
target_page_id id: 6 tid 106019
0 1 tid 106019
140 4 tid 106019
364 2 tid 106019
671 6 tid 106019
207 tid 106019
Insert  tid 106019
FindTargetPageId rootid 3 tid 106020
target_page_id id: 6 tid 106020
0 1 tid 106020
140 4 tid 106020
364 2 tid 106020
671 6 tid 106020
208 tid 106020
Remove  tid 106020
FindTargetPageId rootid 3 tid 106020
target_page_id id: 6 tid 106020
0 1 tid 106020
140 4 tid 106020
364 2 tid 106020
671 6 tid 106020
207 tid 106020
Remove  tid 106020
FindTargetPageId rootid 3 tid 106020
target_page_id id: 6 tid 106020
0 1 tid 106020
140 4 tid 106020
364 2 tid 106020
671 6 tid 106020
206 tid 106020
Remove  tid 106020
FindTargetPageId rootid 3 tid 106019
target_page_id id: 6 tid 106019
0 1 tid 106019
140 4 tid 106019
364 2 tid 106019
671 6 tid 106019
205 tid 106019
Insert  tid 106019
FindTargetPageId rootid 3 tid 106019
target_page_id id: 6 tid 106019
0 1 tid 106019
140 4 tid 106019
364 2 tid 106019
671 6 tid 106019
206 tid 106019
Insert  tid 106019
FindTargetPageId rootid 3 tid 106019
target_page_id id: 6 tid 106019
0 1 tid 106019
140 4 tid 106019
364 2 tid 106019
671 6 tid 106019
207 tid 106019
Insert  tid 106019
FindTargetPageId rootid 3 tid 106019
target_page_id id: 6 tid 106019
0 1 tid 106019
140 4 tid 106019
364 2 tid 106019
671 6 tid 106019
208 tid 106019
Insert  tid 106019
FindTargetPageId rootid 3 tid 106019
target_page_id id: 6 tid 106019
0 1 tid 106019
140 4 tid 106019
364 2 tid 106019
671 6 tid 106019
209 tid 106019
Insert  tid 106019
FindTargetPageId rootid 3 tid 106019
target_page_id id: 6 tid 106019
0 1 tid 106019
140 4 tid 106019
364 2 tid 106019
671 6 tid 106019
210 tid 106019
Insert  tid 106019
FindTargetPageId rootid 3 tid 106019
target_page_id id: 6 tid 106019
0 1 tid 106019
140 4 tid 106019
364 2 tid 106019
671 6 tid 106019
211 tid 106019
Insert  tid 106019
FindTargetPageId rootid 3 tid 106019
target_page_id id: 6 tid 106019
0 1 tid 106019
140 4 tid 106019
364 2 tid 106019
671 6 tid 106019
212 tid 106019
Insert  tid 106019
FindTargetPageId rootid 3 tid 106019
target_page_id id: 6 tid 106019
0 1 tid 106019
140 4 tid 106019
364 2 tid 106019
671 6 tid 106019
213 tid 106019
Insert  tid 106019
FindTargetPageId rootid 3 tid 106019
target_page_id id: 6 tid 106019
0 1 tid 106019
140 4 tid 106019
364 2 tid 106019
671 6 tid 106019
214 tid 106019
Insert  tid 106019
FindTargetPageId rootid 3 tid 106019
target_page_id id: 6 tid 106019
0 1 tid 106019
140 4 tid 106019
364 2 tid 106019
671 6 tid 106019
215 tid 106019
Insert  tid 106019
FindTargetPageId rootid 3 tid 106019
target_page_id id: 6 tid 106019
0 1 tid 106019
140 4 tid 106019
364 2 tid 106019
671 6 tid 106019
216 tid 106019
Insert  tid 106019
FindTargetPageId rootid 3 tid 106019
target_page_id id: 6 tid 106019
0 1 tid 106019
140 4 tid 106019
364 2 tid 106019
671 6 tid 106019
217 tid 106019
Insert  tid 106019
FindTargetPageId rootid 3 tid 106021
target_page_id id: 6 tid 106021
0 1 tid 106021
140 4 tid 106021
364 2 tid 106021
671 6 tid 106021
218 tid 106021
Insert  tid 106021
FindTargetPageId rootid 3 tid 106021
target_page_id id: 6 tid 106021
0 1 tid 106021
140 4 tid 106021
364 2 tid 106021
671 6 tid 106021
218 tid 106021
Insert  tid 106021
FindTargetPageId rootid 3 tid 106021
target_page_id id: 6 tid 106021
0 1 tid 106021
140 4 tid 106021
364 2 tid 106021
671 6 tid 106021
218 tid 106021
Insert  tid 106021
FindTargetPageId rootid 3 tid 106020
target_page_id id: 6 tid 106020
0 1 tid 106020
140 4 tid 106020
364 2 tid 106020
671 6 tid 106020
218 tid 106020
Remove  tid 106020
FindTargetPageId rootid 3 tid 106020
target_page_id id: 6 tid 106020
0 1 tid 106020
140 4 tid 106020
364 2 tid 106020
671 6 tid 106020
217 tid 106020
Remove  tid 106020
FindTargetPageId rootid 3 tid 106020
target_page_id id: 6 tid 106020
0 1 tid 106020
140 4 tid 106020
364 2 tid 106020
671 6 tid 106020
216 tid 106020
Remove  tid 106020
FindTargetPageId rootid 3 tid 106020
target_page_id id: 6 tid 106020
0 1 tid 106020
140 4 tid 106020
364 2 tid 106020
671 6 tid 106020
215 tid 106020
Remove  tid 106020
FindTargetPageId rootid 3 tid 106020
target_page_id id: 6 tid 106020
0 1 tid 106020
140 4 tid 106020
364 2 tid 106020
671 6 tid 106020
214 tid 106020
Remove  tid 106020
FindTargetPageId rootid 3 tid 106020
target_page_id id: 6 tid 106020
0 1 tid 106020
140 4 tid 106020
364 2 tid 106020
671 6 tid 106020
213 tid 106020
Remove  tid 106020
FindTargetPageId rootid 3 tid 106020
target_page_id id: 6 tid 106020
0 1 tid 106020
140 4 tid 106020
364 2 tid 106020
671 6 tid 106020
212 tid 106020
Remove  tid 106020
FindTargetPageId rootid 3 tid 106020
target_page_id id: 6 tid 106020
0 1 tid 106020
140 4 tid 106020
364 2 tid 106020
671 6 tid 106020
211 tid 106020
Remove  tid 106020
FindTargetPageId rootid 3 tid 106020
target_page_id id: 6 tid 106020
0 1 tid 106020
140 4 tid 106020
364 2 tid 106020
671 6 tid 106020
210 tid 106020
Remove  tid 106020
FindTargetPageId rootid 3 tid 106020
target_page_id id: 6 tid 106020
0 1 tid 106020
140 4 tid 106020
364 2 tid 106020
671 6 tid 106020
209 tid 106020
Remove  tid 106020
FindTargetPageId rootid 3 tid 106020
target_page_id id: 6 tid 106020
0 1 tid 106020
140 4 tid 106020
364 2 tid 106020
671 6 tid 106020
208 tid 106020
Remove  tid 106020
FindTargetPageId rootid 3 tid 106020
target_page_id id: 6 tid 106020
0 1 tid 106020
140 4 tid 106020
364 2 tid 106020
671 6 tid 106020
207 tid 106020
Remove  tid 106020
FindTargetPageId rootid 3 tid 106020
target_page_id id: 6 tid 106020
0 1 tid 106020
140 4 tid 106020
364 2 tid 106020
671 6 tid 106020
206 tid 106020
Remove  tid 106020
FindTargetPageId rootid 3 tid 106020
target_page_id id: 6 tid 106020
0 1 tid 106020
140 4 tid 106020
364 2 tid 106020
671 6 tid 106020
205 tid 106020
Remove  tid 106020
FindTargetPageId rootid 3 tid 106020
target_page_id id: 6 tid 106020
0 1 tid 106020
140 4 tid 106020
364 2 tid 106020
671 6 tid 106020
204 tid 106020
Remove  tid 106020
FindTargetPageId rootid 3 tid 106020
target_page_id id: 6 tid 106020
0 1 tid 106020
140 4 tid 106020
364 2 tid 106020
671 6 tid 106020
203 tid 106020
Remove  tid 106020
FindTargetPageId rootid 3 tid 106020
target_page_id id: 6 tid 106020
0 1 tid 106020
140 4 tid 106020
364 2 tid 106020
671 6 tid 106020
202 tid 106020
Remove  tid 106020
FindTargetPageId rootid 3 tid 106020
target_page_id id: 6 tid 106020
0 1 tid 106020
140 4 tid 106020
364 2 tid 106020
671 6 tid 106020
201 tid 106020
Remove  tid 106020
FindTargetPageId rootid 3 tid 106020
target_page_id id: 6 tid 106020
0 1 tid 106020
140 4 tid 106020
364 2 tid 106020
671 6 tid 106020
200 tid 106020
Remove  tid 106020
FindTargetPageId rootid 3 tid 106020
target_page_id id: 6 tid 106020
0 1 tid 106020
140 4 tid 106020
364 2 tid 106020
671 6 tid 106020
199 tid 106020
Remove  tid 106020
FindTargetPageId rootid 3 tid 106020
target_page_id id: 6 tid 106020
0 1 tid 106020
140 4 tid 106020
364 2 tid 106020
671 6 tid 106020
198 tid 106020
Remove  tid 106020
FindTargetPageId rootid 3 tid 106020
target_page_id id: 6 tid 106020
0 1 tid 106020
140 4 tid 106020
364 2 tid 106020
671 6 tid 106020
197 tid 106020
Remove  tid 106020
FindTargetPageId rootid 3 tid 106021
target_page_id id: 6 tid 106021
0 1 tid 106021
140 4 tid 106021
364 2 tid 106021
671 6 tid 106021
196 tid 106021
Insert  tid 106021
FindTargetPageId rootid 3 tid 106021
target_page_id id: 6 tid 106021
0 1 tid 106021
140 4 tid 106021
364 2 tid 106021
671 6 tid 106021
196 tid 106021
Insert  tid 106021
FindTargetPageId rootid 3 tid 106020
target_page_id id: 6 tid 106020
0 1 tid 106020
140 4 tid 106020
364 2 tid 106020
671 6 tid 106020
196 tid 106020
Remove  tid 106020
FindTargetPageId rootid 3 tid 106019
target_page_id id: 6 tid 106019
0 1 tid 106019
140 4 tid 106019
364 2 tid 106019
671 6 tid 106019
195 tid 106019
Insert  tid FindTargetPageId rootid 1060193 tid 
106021
target_page_id id: 6 tid 106021
0 1 tid 106021
140 4 tid 106021
364 2 tid 106021
671 6 tid 106021
196 tid 106021
Insert  tid 106021
FindTargetPageId rootid 3 tid 106021
target_page_id id: 6 tid 106021
0 1 tid 106021
140 4 tid 106021
364 2 tid 106021
671 6 tid 106021
196 tid 106021
Insert  tid 106021
FindTargetPageId rootid 3 tid 106021
target_page_id id: 6 tid 106021
0 1 tid 106021
140 4 tid 106021
364 2 tid 106021
671 6 tid 106021
196 tid 106021
Insert  tid 106021
FindTargetPageId rootid 3 tid 106021
target_page_id id: 6 tid 106021
0 1 tid 106021
140 4 tid 106021
364 2 tid 106021
671 6 tid 106021
196 tid 106021
Insert  tid 106021
FindTargetPageId rootid 3 tid 106021
target_page_id id: 6 tid 106021
0 1 tid 106021
140 4 tid 106021
364 2 tid 106021
671 6 tid 106021
196 tid 106021
Insert  tid 106021
FindTargetPageId rootid 3 tid 106021
target_page_id id: 6 tid 106021
0 1 tid 106021
140 4 tid 106021
364 2 tid 106021
671 6 tid 106021
196 tid 106021
Insert  tid 106021
FindTargetPageId rootid 3 tid 106019
target_page_id id: 6 tid 106019
0 1 tid 106019
140 4 tid 106019
364 2 tid 106019
671 6 tid 106019
196 tid 106019
Insert  tid 106019
FindTargetPageId rootid 3 tid 106019
target_page_id id: 6 tid 106019
0 1 tid 106019
140 4 tid 106019
364 2 tid 106019
671 6 tid 106019
197 tid 106019
Insert  tid 106019
FindTargetPageId rootid 3 tid 106019
target_page_id id: 6 tid 106019
0 1 tid 106019
140 4 tid 106019
364 2 tid 106019
671 6 tid 106019
198 tid 106019
Insert  tid 106019
FindTargetPageId rootid 3 tid 106019
target_page_id id: 6 tid 106019
0 1 tid 106019
140 4 tid 106019
364 2 tid 106019
671 6 tid 106019
199 tid 106019
Insert  tid 106019
FindTargetPageId rootid 3 tid 106019
target_page_id id: 6 tid 106019
0 1 tid 106019
140 4 tid 106019
364 2 tid 106019
671 6 tid 106019
200 tid 106019
Insert  tid 106019
FindTargetPageId rootid 3 tid 106019
target_page_id id: 6 tid 106019
0 1 tid 106019
140 4 tid 106019
364 2 tid 106019
671 6 tid 106019
201 tid 106019
Insert  tid 106019
FindTargetPageId rootid 3 tid 106019
target_page_id id: 6 tid 106019
0 1 tid 106019
140 4 tid 106019
364 2 tid 106019
671 6 tid 106019
202 tid 106019
Insert  tid 106019
FindTargetPageId rootid 3 tid 106019
target_page_id id: 6 tid 106019
0 1 tid 106019
140 4 tid 106019
364 2 tid 106019
671 6 tid 106019
203 tid 106019
Insert  tid 106019
FindTargetPageId rootid 3 tid 106019
target_page_id id: 6 tid 106019
0 1 tid 106019
140 4 tid 106019
364 2 tid 106019
671 6 tid 106019
204 tid 106019
Insert  tid 106019
FindTargetPageId rootid 3 tid 106019
target_page_id id: 6 tid 106019
0 1 tid 106019
140 4 tid 106019
364 2 tid 106019
671 6 tid 106019
205 tid 106019
Insert  tid 106019
FindTargetPageId rootid 3 tid 106019
target_page_id id: 6 tid 106019
0 1 tid 106019
140 4 tid 106019
364 2 tid 106019
671 6 tid 106019
206 tid 106019
Insert  tid 106019
FindTargetPageId rootid 3 tid 106019
target_page_id id: 6 tid 106019
0 1 tid 106019
140 4 tid 106019
364 2 tid 106019
671 6 tid 106019
207 tid 106019
Insert  tid 106019
FindTargetPageId rootid 3 tid 106019
target_page_id id: 6 tid 106019
0 1 tid 106019
140 4 tid 106019
364 2 tid 106019
671 6 tid 106019
208 tid 106019
Insert  tid 106019
FindTargetPageId rootid 3 tid 106019
target_page_id id: 6 tid 106019
0 1 tid 106019
140 4 tid 106019
364 2 tid 106019
671 6 tid 106019
209 tid 106019
Insert  tid 106019
FindTargetPageId rootid 3 tid 106019
target_page_id id: 6 tid 106019
0 1 tid 106019
140 4 tid 106019
364 2 tid 106019
671 6 tid 106019
210 tid 106019
Insert  tid 106019
FindTargetPageId rootid 3 tid 106019
target_page_id id: 6 tid 106019
0 1 tid 106019
140 4 tid 106019
364 2 tid 106019
671 6 tid 106019
211 tid 106019
Insert  tid 106019
FindTargetPageId rootid 3 tid 106019
target_page_id id: 6 tid 106019
0 1 tid 106019
140 4 tid 106019
364 2 tid 106019
671 6 tid 106019
212 tid 106019
Insert  tid 106019
FindTargetPageId rootid 3 tid 106019
target_page_id id: 6 tid 106019
0 1 tid 106019
140 4 tid 106019
364 2 tid 106019
671 6 tid 106019
213 tid 106019
Insert  tid 106019
FindTargetPageId rootid 3 tid 106019
target_page_id id: 6 tid 106019
0 1 tid 106019
140 4 tid 106019
364 2 tid 106019
671 6 tid 106019
214 tid 106019
Insert  tid 106019
FindTargetPageId rootid 3 tid 106019
target_page_id id: 6 tid 106019
0 1 tid 106019
140 4 tid 106019
364 2 tid 106019
671 6 tid 106019
215 tid 106019
Insert  tid 106019
FindTargetPageId rootid 3 tid 106019
target_page_id id: 6 tid 106019
0 1 tid 106019
140 4 tid 106019
364 2 tid 106019
671 6 tid 106019
216 tid 106019
Insert  tid 106019
FindTargetPageId rootid 3 tid 106019
target_page_id id: 6 tid 106019
0 1 tid 106019
140 4 tid 106019
364 2 tid 106019
671 6 tid 106019
217 tid 106019
Insert  tid 106019
FindTargetPageId rootid 3 tid 106019
target_page_id id: 6 tid 106019
0 1 tid 106019
140 4 tid 106019
364 2 tid 106019
671 6 tid 106019
218 tid 106019
Insert  tid 106019
FindTargetPageId rootid 3 tid 106019
target_page_id id: 6 tid 106019
0 1 tid 106019
140 4 tid 106019
364 2 tid 106019
671 6 tid 106019
219 tid 106019
Insert  tid 106019
FindTargetPageId rootid 3 tid 106019
target_page_id id: 6 tid 106019
0 1 tid 106019
140 4 tid 106019
364 2 tid 106019
671 6 tid 106019
220 tid 106019
Insert  tid 106019
FindTargetPageId rootid 3 tid 106019
target_page_id id: 6 tid 106019
0 1 tid 106019
140 4 tid 106019
364 2 tid 106019
671 6 tid 106019
221 tid 106019
Insert  tid 106019
FindTargetPageId rootid 3 tid 106019
target_page_id id: 6 tid 106019
0 1 tid 106019
140 4 tid 106019
364 2 tid 106019
671 6 tid 106019
222 tid 106019
Insert  tid 106019
FindTargetPageId rootid 3 tid 106019
target_page_id id: 6 tid 106019
0 1 tid 106019
140 4 tid 106019
364 2 tid 106019
671 6 tid 106019
223 tid 106019
Insert  tid 106019
FindTargetPageId rootid 3 tid 106019
target_page_id id: 6 tid 106019
0 1 tid 106019
140 4 tid 106019
364 2 tid 106019
671 6 tid 106019
224 tid 106019
Insert  tid 106019
FindTargetPageId rootid 3 tid 106019
target_page_id id: 6 tid 106019
0 1 tid 106019
140 4 tid 106019
364 2 tid 106019
671 6 tid 106019
225 tid 106019
Insert  tid 106019
FindTargetPageId rootid 3 tid 106019
target_page_id id: 6 tid 106019
0 1 tid 106019
140 4 tid 106019
364 2 tid 106019
671 6 tid 106019
226 tid 106019
Insert  tid 106019
FindTargetPageId rootid 3 tid 106019
target_page_id id: 6 tid 106019
0 1 tid 106019
140 4 tid 106019
364 2 tid 106019
671 6 tid 106019
227 tid 106019
Insert  tid 106019
FindTargetPageId rootid 3 tid 106019
target_page_id id: 6 tid 106019
0 1 tid 106019
140 4 tid 106019
364 2 tid 106019
671 6 tid 106019
228 tid 106019
Insert  tid 106019
FindTargetPageId rootid 3 tid 106019
target_page_id id: 6 tid 106019
0 1 tid 106019
140 4 tid 106019
364 2 tid 106019
671 6 tid 106019
229 tid 106019
Insert  tid 106019
FindTargetPageId rootid 3 tid 106019
target_page_id id: 6 tid 106019
0 1 tid 106019
140 4 tid 106019
364 2 tid 106019
671 6 tid 106019
230 tid 106019
Insert  tid 106019
FindTargetPageId rootid 3 tid 106019
target_page_id id: 6 tid 106019
0 1 tid 106019
140 4 tid 106019
364 2 tid 106019
671 6 tid 106019
231 tid 106019
Insert  tid 106019
FindTargetPageId rootid 3 tid 106019
target_page_id id: 6 tid 106019
0 1 tid 106019
140 4 tid 106019
364 2 tid 106019
671 6 tid 106019
232 tid 106019
Insert  tid 106019
FindTargetPageId rootid 3 tid 106019
target_page_id id: 6 tid 106019
0 1 tid 106019
140 4 tid 106019
364 2 tid 106019
671 6 tid 106019
233 tid 106019
Insert  tid 106019
FindTargetPageId rootid 3 tid 106019
target_page_id id: 6 tid 106019
0 1 tid 106019
140 4 tid 106019
364 2 tid 106019
671 6 tid 106019
234 tid 106019
Insert  tid 106019
FindTargetPageId rootid 3 tid 106019
target_page_id id: 6 tid 106019
0 1 tid 106019
140 4 tid 106019
364 2 tid 106019
671 6 tid 106019
235 tid 106019
Insert  tid 106019
FindTargetPageId rootid 3 tid 106021
target_page_id id: 6 tid 106021
0 1 tid 106021
140 4 tid 106021
364 2 tid 106021
671 6 tid 106021
236 tid 106021
Insert  tid 106021
FindTargetPageId rootid 3 tid 106020
target_page_id id: 6 tid 106020
0 1 tid 106020
140 4 tid 106020
364 2 tid 106020
671 6 tid 106020
236 tid 106020
Remove  tid 106020
FindTargetPageId rootid 3 tid 106019
target_page_id id: 6 tid 106019
0 1 tid 106019
140 4 tid 106019
364 2 tid 106019
671 6 tid 106019
235 tid 106019
Insert  tid 106019
FindTargetPageId rootid 3 tid 106021
target_page_id id: 6 tid 106021
0 1 tid 106021
140 4 tid 106021
364 2 tid 106021
671 6 tid 106021
236 tid 106021
Insert  tid 106021
FindTargetPageId rootid 3 tid 106020
target_page_id id: 6 tid 106020
0 1 tid 106020
140 4 tid 106020
364 2 tid 106020
671 6 tid 106020
236 tid 106020
Remove  tid 106020
FindTargetPageId rootid 3 tid 106019
target_page_id id: 6 tid 106019
0 1 tid 106019
140 4 tid 106019
364 2 tid 106019
671 6 tid 106019
235 tid 106019
FindTargetPageId rootid 3 tid 106021
target_page_id id: 6 tid 106021
0 1 tid 106021
140 4 tid 106021
364 2 tid 106021
671 6 tid 106021
236 tid 106021
Insert  tid 106021
FindTargetPageId rootid 3 tid 106021
target_page_id id: 6 tid 106021
0 1 tid 106021
140 4 tid 106021
364 2 tid 106021
671 6 tid 106021
236 tid 106021
Insert  tid 106021
FindTargetPageId rootid 3 tid 106021
target_page_id id: 6 tid 106021
0 1 tid 106021
140 4 tid 106021
364 2 tid 106021
671 6 tid 106021
236 tid 106021
Insert  tid 106021
FindTargetPageId rootid 3 tid 106021
target_page_id id: 6 tid 106021
0 1 tid 106021
140 4 tid 106021
364 2 tid 106021
671 6 tid 106021
236 tid 106021
Insert  tid 106021
FindTargetPageId rootid 3 tid 106021
target_page_id id: 6 tid 106021
0 1 tid 106021
140 4 tid 106021
364 2 tid 106021
671 6 tid 106021
236 tid 106021
Insert  tid 106021
Insert  tid 106019
FindTargetPageId rootid 3 tid 106021
target_page_id id: 6 tid 106021
0 1 tid 106021
140 4 tid 106021
364 2 tid 106021
671 6 tid 106021
236 tid 106021
Insert  tid 106021
FindTargetPageId rootid 3 tid 106021
target_page_id id: 6 tid 106021
0 1 tid 106021
140 4 tid 106021
364 2 tid 106021
671 6 tid 106021
236 tid 106021
Insert  tid 106021
FindTargetPageId rootid 3 tid 106021
target_page_id id: 6 tid 106021
0 1 tid 106021
140 4 tid 106021
364 2 tid 106021
671 6 tid 106021
236 tid 106021
Insert  tid 106021
FindTargetPageId rootid 3 tid 106021
target_page_id id: 6 tid 106021
0 1 tid 106021
140 4 tid 106021
364 2 tid 106021
671 6 tid 106021
236 tid 106021
Insert  tid 106021
FindTargetPageId rootid 3 tid 106021
target_page_id id: 6 tid 106021
0 1 tid 106021
140 4 tid 106021
364 2 tid 106021
671 6 tid 106021
236 tid 106021
Insert  tid 106021
FindTargetPageId rootid 3 tid 106021
target_page_id id: 6 tid 106021
0 1 tid 106021
140 4 tid 106021
364 2 tid 106021
671 6 tid 106021
236 tid 106021
Insert  tid 106021
FindTargetPageId rootid 3 tid 106021
target_page_id id: 6 tid 106021
0 1 tid 106021
140 4 tid 106021
364 2 tid 106021
671 6 tid 106021
236 tid 106021
FindTargetPageId rootid 3 tid 106020
target_page_id id: 6 tid 106020
0 1 tid 106020
140 4 tid 106020
364 2 tid 106020
671 6 tid 106020
236 tid 106020
Remove  tid 106020
FindTargetPageId rootid 3 tid 106020
target_page_id id: 6 tid 106020
0 1 tid 106020
140 4 tid 106020
364 2 tid 106020
671 6 tid 106020
235 tid 106020
Remove  tid 106020
FindTargetPageId rootid 3 tid 106020
target_page_id id: 6 tid 106020
0 1 tid 106020
140 4 tid 106020
364 2 tid 106020
671 6 tid 106020
234 tid 106020
Remove  tid 106020
FindTargetPageId rootid 3 tid 106020
target_page_id id: 6 tid 106020
0 1 tid 106020
140 4 tid 106020
364 2 tid 106020
671 6 tid 106020
233 tid 106020
Insert  tid Remove  tid 106020
106021FindTargetPageId rootid 3 tid 106020
target_page_id id: 6 tid 106020
0 1 tid 106020
140 4 tid 106020
364 2 tid 106020
671 6 tid 106020
232 tid 106020

Remove  tid 106020
FindTargetPageId rootid 3 tid 106021
target_page_id id: 6 tid 106021
0 1 tid 106021
140 4 tid 106021
364 2 tid 106021
671 6 tid 106021
231 tid 106021
Insert  tid 106021
FindTargetPageId rootid 3 tid 106020
target_page_id id: 6 tid 106020
0 1 tid 106020
140 4 tid 106020
364 2 tid 106020
671 6 tid 106020
231 tid 106020
Remove  tid 106020
FindTargetPageId rootid 3 tid 106020
target_page_id id: 6 tid 106020
0 1 tid 106020
140 4 tid 106020
364 2 tid 106020
671 6 tid 106020
230 tid 106020
Remove  tid 106020
FindTargetPageId rootid 3 tid 106020
target_page_id id: 6 tid 106020
0 1 tid 106020
140 4 tid 106020
364 2 tid 106020
671 6 tid 106020
229 tid 106020
Remove  tid 106020
FindTargetPageId rootid 3 tid 106020
target_page_id id: 6 tid 106020
0 1 tid 106020
140 4 tid 106020
364 2 tid 106020
671 6 tid 106020
228 tid 106020
Remove  tid 106020
FindTargetPageId rootid 3 tid 106020
target_page_id id: 6 tid 106020
0 1 tid 106020
140 4 tid 106020
364 2 tid 106020
671 6 tid 106020
227 tid 106020
Remove  tid 106020
FindTargetPageId rootid 3 tid 106020
target_page_id id: 6 tid 106020
0 1 tid 106020
140 4 tid 106020
364 2 tid 106020
671 6 tid 106020
226 tid 106020
Remove  tid 106020
FindTargetPageId rootid 3 tid 106020
target_page_id id: 6 tid 106020
0 1 tid 106020
140 4 tid 106020
364 2 tid 106020
671 6 tid 106020
225 tid 106020
Remove  tid 106020
FindTargetPageId rootid 3 tid 106020
target_page_id id: 6 tid 106020
0 1 tid 106020
140 4 tid 106020
364 2 tid 106020
671 6 tid 106020
224 tid 106020
Remove  tid 106020
FindTargetPageId rootid 3 tid 106020
target_page_id id: 6 tid 106020
0 1 tid 106020
140 4 tid 106020
364 2 tid 106020
671 6 tid 106020
223 tid 106020
Remove  tid 106020
FindTargetPageId rootid 3 tid 106019
target_page_id id: 6 tid 106019
0 1 tid 106019
140 4 tid 106019
364 2 tid 106019
671 6 tid 106019
222 tid 106019
Insert  tid 106019
FindTargetPageId rootid 3 tid 106021
target_page_id id: 6 tid 106021
0 1 tid 106021
140 4 tid 106021
364 2 tid 106021
671 6 tid 106021
223 tid 106021
Insert  tid 106021
FindTargetPageId rootid 3 tid 106021
target_page_id id: 6 tid 106021
0 1 tid 106021
140 4 tid 106021
364 2 tid 106021
671 6 tid 106021
223 tid 106021
Insert  tid 106021
FindTargetPageId rootid 3 tid 106020
target_page_id id: 6 tid 106020
0 1 tid 106020
140 4 tid 106020
364 2 tid 106020
671 6 tid 106020
223 tid 106020
Remove  tid 106020
FindTargetPageId rootid 3 tid 106020
target_page_id id: 6 tid 106020
0 1 tid 106020
140 4 tid 106020
364 2 tid 106020
671 6 tid 106020
222 tid 106020
Remove  tid 106020
FindTargetPageId rootid 3 tid 106020
target_page_id id: 6 tid 106020
0 1 tid 106020
140 4 tid 106020
364 2 tid 106020
671 6 tid 106020
221 tid 106020
Remove  tid 106020
FindTargetPageId rootid 3 tid 106020
target_page_id id: 6 tid 106020
0 1 tid 106020
140 4 tid 106020
364 2 tid 106020
671 6 tid 106020
220 tid 106020
Remove  tid 106020
FindTargetPageId rootid 3 tid 106020
target_page_id id: 6 tid 106020
0 1 tid 106020
140 4 tid 106020
364 2 tid 106020
671 6 tid 106020
219 tid 106020
Remove  tid 106020
FindTargetPageId rootid 3 tid 106020
target_page_id id: 6 tid 106020
0 1 tid 106020
140 4 tid 106020
364 2 tid 106020
671 6 tid 106020
218 tid 106020
Remove  tid 106020
FindTargetPageId rootid 3 tid 106019
target_page_id id: 6 tid 106019
0 1 tid 106019
140 4 tid 106019
364 2 tid 106019
671 6 tid 106019
217 tid 106019
Insert  tid 106019
FindTargetPageId rootid 3 tid 106021
target_page_id id: 6 tid 106021
0 1 tid 106021
140 4 tid 106021
364 2 tid 106021
671 6 tid 106021
218 tid 106021
Insert  tid 106021
FindTargetPageId rootid 3 tid 106021
target_page_id id: 6 tid 106021
0 1 tid 106021
140 4 tid 106021
364 2 tid 106021
671 6 tid 106021
218 tid 106021
Insert  tid 106021
FindTargetPageId rootid 3 tid 106021
target_page_id id: 6 tid 106021
0 1 tid 106021
140 4 tid 106021
364 2 tid 106021
671 6 tid 106021
218 tid 106021
Insert  tid 106021
FindTargetPageId rootid 3 tid 106021
target_page_id id: 6 tid 106021
0 1 tid 106021
140 4 tid 106021
364 2 tid 106021
671 6 tid 106021
218 tid 106021
Insert  tid 106021
FindTargetPageId rootid 3 tid 106021
target_page_id id: 6 tid 106021
0 1 tid 106021
140 4 tid 106021
364 2 tid 106021
671 6 tid 106021
218 tid 106021
Insert  tid 106021
FindTargetPageId rootid 3 tid 106021
target_page_id id: 6 tid 106021
0 1 tid 106021
140 4 tid 106021
364 2 tid 106021
671 6 tid 106021
218 tid 106021
Insert  tid 106021
FindTargetPageId rootid 3 tid 106021
target_page_id id: 6 tid 106021
0 1 tid 106021
140 4 tid 106021
364 2 tid 106021
671 6 tid 106021
218 tid 106021
Insert  tid 106021
FindTargetPageId rootid 3 tid 106019
target_page_id id: 6 tid 106019
0 1 tid 106019
140 4 tid 106019
364 2 tid 106019
671 6 tid 106019
218 tid 106019
Insert  tid 106019
FindTargetPageId rootid 3 tid 106019
target_page_id id: 6 tid 106019
0 1 tid 106019
140 4 tid 106019
364 2 tid 106019
671 6 tid 106019
219 tid 106019
Insert  tid 106019
FindTargetPageId rootid 3 tid 106021
target_page_id id: 6 tid 106021
0 1 tid 106021
140 4 tid 106021
364 2 tid 106021
671 6 tid 106021
220 tid 106021
Insert  tid 106021
FindTargetPageId rootid 3 tid 106021
target_page_id id: 6 tid 106021
0 1 tid 106021
140 4 tid 106021
364 2 tid 106021
671 6 tid 106021
220 tid 106021
Insert  tid 106021
FindTargetPageId rootid 3 tid 106021
target_page_id id: 6 tid 106021
0 1 tid 106021
140 4 tid 106021
364 2 tid 106021
671 6 tid 106021
220 tid 106021
Insert  tid 106021
FindTargetPageId rootid 3 tid 106020
target_page_id id: 6 tid 106020
0 1 tid 106020
140 4 tid 106020
364 2 tid 106020
671 6 tid 106020
220 tid 106020
Remove  tid 106020
FindTargetPageId rootid 3 tid 106020
target_page_id id: 6 tid 106020
0 1 tid 106020
140 4 tid 106020
364 2 tid 106020
671 6 tid 106020
219 tid 106020
Remove  tid 106020
FindTargetPageId rootid 3 tid 106020
target_page_id id: 6 tid 106020
0 1 tid 106020
140 4 tid 106020
364 2 tid 106020
671 6 tid 106020
218 tid 106020
Remove  tid 106020
FindTargetPageId rootid 3 tid 106020
target_page_id id: 6 tid 106020
0 1 tid 106020
140 4 tid 106020
364 2 tid 106020
671 6 tid 106020
217 tid 106020
Remove  tid 106020
FindTargetPageId rootid 3 tid 106020
target_page_id id: 6 tid 106020
0 1 tid 106020
140 4 tid 106020
364 2 tid 106020
671 6 tid 106020
216 tid 106020
Remove  tid 106020
FindTargetPageId rootid 3 tid 106020
target_page_id id: 6 tid 106020
0 1 tid 106020
140 4 tid 106020
364 2 tid 106020
671 6 tid 106020
215 tid 106020
Remove  tid 106020
FindTargetPageId rootid 3 tid 106020
target_page_id id: 6 tid 106020
0 1 tid 106020
140 4 tid 106020
364 2 tid 106020
671 6 tid 106020
214 tid 106020
Remove  tid 106020
FindTargetPageId rootid 3 tid 106020
target_page_id id: 6 tid 106020
0 1 tid 106020
140 4 tid 106020
364 2 tid 106020
671 6 tid 106020
213 tid 106020
Remove  tid 106020
FindTargetPageId rootid 3 tid 106020
target_page_id id: 6 tid 106020
0 1 tid 106020
140 4 tid 106020
364 2 tid 106020
671 6 tid 106020
212 tid 106020
Remove  tid 106020
FindTargetPageId rootid 3 tid 106020
target_page_id id: 6 tid 106020
0 1 tid 106020
140 4 tid 106020
364 2 tid 106020
671 6 tid 106020
211 tid 106020
Remove  tid 106020
FindTargetPageId rootid 3 tid 106019
target_page_id id: 6 tid 106019
0 1 tid 106019
140 4 tid 106019
364 2 tid 106019
671 6 tid 106019
210 tid 106019
Insert  tid 106019
FindTargetPageId rootid 3 tid 106019
target_page_id id: 6 tid 106019
0 1 tid 106019
140 4 tid 106019
364 2 tid 106019
671 6 tid 106019
211 tid 106019
Insert  tid 106019
FindTargetPageId rootid 3 tid 106019
target_page_id id: 6 tid 106019
0 1 tid 106019
140 4 tid 106019
364 2 tid 106019
671 6 tid 106019
212 tid 106019
Insert  tid 106019
FindTargetPageId rootid 3 tid 106019
target_page_id id: 6 tid 106019
0 1 tid 106019
140 4 tid 106019
364 2 tid 106019
671 6 tid 106019
213 tid 106019
Insert  tid 106019
FindTargetPageId rootid 3 tid 106019
target_page_id id: 6 tid 106019
0 1 tid 106019
140 4 tid 106019
364 2 tid 106019
671 6 tid 106019
214 tid 106019
Insert  tid 106019
FindTargetPageId rootid 3 tid 106019
target_page_id id: 6 tid 106019
0 1 tid 106019
140 4 tid 106019
364 2 tid 106019
671 6 tid 106019
215 tid 106019
Insert  tid 106019
FindTargetPageId rootid 3 tid 106019
target_page_id id: 6 tid 106019
0 1 tid 106019
140 4 tid 106019
364 2 tid 106019
671 6 tid 106019
216 tid 106019
Insert  tid 106019
FindTargetPageId rootid 3 tid 106019
target_page_id id: 6 tid 106019
0 1 tid 106019
140 4 tid 106019
364 2 tid 106019
671 6 tid 106019
217 tid 106019
Insert  tid 106019
FindTargetPageId rootid 3 tid 106019
target_page_id id: 6 tid 106019
0 1 tid 106019
140 4 tid 106019
364 2 tid 106019
671 6 tid 106019
218 tid 106019
Insert  tid 106019
FindTargetPageId rootid 3 tid 106019
target_page_id id: 6 tid 106019
0 1 tid 106019
140 4 tid 106019
364 2 tid 106019
671 6 tid 106019
219 tid 106019
Insert  tid 106019
FindTargetPageId rootid 3 tid 106019
target_page_id id: 6 tid 106019
0 1 tid 106019
140 4 tid 106019
364 2 tid 106019
671 6 tid 106019
220 tid 106019
Insert  tid 106019
FindTargetPageId rootid 3 tid 106019
target_page_id id: 6 tid 106019
0 1 tid 106019
140 4 tid 106019
364 2 tid 106019
671 6 tid 106019
221 tid 106019
Insert  tid 106019
FindTargetPageId rootid 3 tid 106019
target_page_id id: 6 tid 106019
0 1 tid 106019
140 4 tid 106019
364 2 tid 106019
671 6 tid 106019
222 tid 106019
Insert  tid 106019
FindTargetPageId rootid 3 tid 106019
target_page_id id: 6 tid 106019
0 1 tid 106019
140 4 tid 106019
364 2 tid 106019
671 6 tid 106019
223 tid 106019
Insert  tid 106019
FindTargetPageId rootid 3 tid 106019
target_page_id id: 6 tid 106019
0 1 tid 106019
140 4 tid 106019
364 2 tid 106019
671 6 tid 106019
224 tid 106019
Insert  tid 106019
FindTargetPageId rootid 3 tid 106019
target_page_id id: 6 tid 106019
0 1 tid 106019
140 4 tid 106019
364 2 tid 106019
671 6 tid 106019
225 tid 106019
Insert  tid 106019
FindTargetPageId rootid 3 tid 106019
target_page_id id: 6 tid 106019
0 1 tid 106019
140 4 tid 106019
364 2 tid 106019
671 6 tid 106019
226 tid 106019
Insert  tid 106019
FindTargetPageId rootid 3 tid 106019
target_page_id id: 6 tid 106019
0 1 tid 106019
140 4 tid 106019
364 2 tid 106019
671 6 tid 106019
227 tid 106019
Insert  tid 106019
FindTargetPageId rootid 3 tid 106019
target_page_id id: 6 tid 106019
0 1 tid 106019
140 4 tid 106019
364 2 tid 106019
671 6 tid 106019
228 tid 106019
Insert  tid 106019
FindTargetPageId rootid 3 tid 106019
target_page_id id: 6 tid 106019
0 1 tid 106019
140 4 tid 106019
364 2 tid 106019
671 6 tid 106019
229 tid 106019
Insert  tid 106019
FindTargetPageId rootid 3 tid 106019
target_page_id id: 6 tid 106019
0 1 tid 106019
140 4 tid 106019
364 2 tid 106019
671 6 tid 106019
230 tid 106019
Insert  tid 106019
FindTargetPageId rootid 3 tid 106019
target_page_id id: 6 tid 106019
0 1 tid 106019
140 4 tid 106019
364 2 tid 106019
671 6 tid 106019
231 tid 106019
Insert  tid 106019
FindTargetPageId rootid 3 tid 106019
target_page_id id: 6 tid 106019
0 1 tid 106019
140 4 tid 106019
364 2 tid 106019
671 6 tid 106019
232 tid 106019
Insert  tid 106019
FindTargetPageId rootid 3 tid 106019
target_page_id id: 6 tid 106019
0 1 tid 106019
140 4 tid 106019
364 2 tid 106019
671 6 tid 106019
233 tid 106019
Insert  tid 106019
FindTargetPageId rootid 3 tid 106019
target_page_id id: 6 tid 106019
0 1 tid 106019
140 4 tid 106019
364 2 tid 106019
671 6 tid 106019
234 tid 106019
Insert  tid 106019
FindTargetPageId rootid 3 tid 106019
target_page_id id: 6 tid 106019
0 1 tid 106019
140 4 tid 106019
364 2 tid 106019
671 6 tid 106019
235 tid 106019
Insert  tid 106019
FindTargetPageId rootid 3 tid 106019
target_page_id id: 6 tid 106019
0 1 tid 106019
140 4 tid 106019
364 2 tid 106019
671 6 tid 106019
236 tid 106019
Insert  tid 106019
FindTargetPageId rootid 3 tid 106019
target_page_id id: 6 tid 106019
0 1 tid 106019
140 4 tid 106019
364 2 tid 106019
671 6 tid 106019
237 tid 106019
Insert  tid 106019
FindTargetPageId rootid 3 tid 106019
target_page_id id: 6 tid 106019
0 1 tid 106019
140 4 tid 106019
364 2 tid 106019
671 6 tid 106019
238 tid 106019
Insert  tid 106019
FindTargetPageId rootid 3 tid 106019
target_page_id id: 6 tid 106019
0 1 tid 106019
140 4 tid 106019
364 2 tid 106019
671 6 tid 106019
239 tid 106019
Insert  tid 106019
FindTargetPageId rootid 3 tid 106019
target_page_id id: 6 tid 106019
0 1 tid 106019
140 4 tid 106019
364 2 tid 106019
671 6 tid 106019
240 tid 106019
Insert  tid 106019
FindTargetPageId rootid 3 tid 106019
target_page_id id: 6 tid 106019
0 1 tid 106019
140 4 tid 106019
364 2 tid 106019
671 6 tid 106019
241 tid 106019
Insert  tid 106019
FindTargetPageId rootid 3 tid 106019
target_page_id id: 6 tid 106019
0 1 tid 106019
140 4 tid 106019
364 2 tid 106019
671 6 tid 106019
242 tid 106019
Insert  tid 106019
FindTargetPageId rootid 3 tid 106019
target_page_id id: 6 tid 106019
0 1 tid 106019
140 4 tid 106019
364 2 tid 106019
671 6 tid 106019
243 tid 106019
Insert  tid 106019
FindTargetPageId rootid 3 tid 106019
target_page_id id: 6 tid 106019
0 1 tid 106019
140 4 tid 106019
364 2 tid 106019
671 6 tid 106019
244 tid 106019
Insert  tid 106019
FindTargetPageId rootid 3 tid 106019
target_page_id id: 6 tid 106019
0 1 tid 106019
140 4 tid 106019
364 2 tid 106019
671 6 tid 106019
245 tid 106019
Insert  tid 106019
FindTargetPageId rootid 3 tid 106019
target_page_id id: 6 tid 106019
0 1 tid 106019
140 4 tid 106019
364 2 tid 106019
671 6 tid 106019
246 tid 106019
Insert  tid 106019
FindTargetPageId rootid 3 tid 106019
target_page_id id: 6 tid 106019
0 1 tid 106019
140 4 tid 106019
364 2 tid 106019
671 6 tid 106019
247 tid 106019
Insert  tid 106019
FindTargetPageId rootid 3 tid 106019
target_page_id id: 6 tid 106019
0 1 tid 106019
140 4 tid 106019
364 2 tid 106019
671 6 tid 106019
248 tid 106019
Insert  tid 106019
FindTargetPageId rootid 3 tid 106019
target_page_id id: 6 tid 106019
0 1 tid 106019
140 4 tid 106019
364 2 tid 106019
671 6 tid 106019
249 tid 106019
Insert  tid 106019
FindTargetPageId rootid 3 tid 106019
target_page_id id: 6 tid 106019
0 1 tid 106019
140 4 tid 106019
364 2 tid 106019
671 6 tid 106019
250 tid 106019
Insert  tid 106019
FindTargetPageId rootid 3 tid 106019
target_page_id id: 6 tid 106019
0 1 tid 106019
140 4 tid 106019
364 2 tid 106019
671 6 tid 106019
251 tid 106019
Insert  tid 106019
FindTargetPageId rootid 3 tid 106019
target_page_id id: 6 tid 106019
0 1 tid 106019
140 4 tid 106019
364 2 tid 106019
671 6 tid 106019
252 tid 106019
Insert  tid 106019
FindTargetPageId rootid 3 tid 106019
target_page_id id: 6 tid 106019
0 1 tid 106019
140 4 tid 106019
364 2 tid 106019
671 6 tid 106019
253 tid 106019
Insert  tid 106019
FindTargetPageId rootid 3 tid 106019
target_page_id id: 6 tid 106019
0 1 tid 106019
140 4 tid 106019
364 2 tid 106019
671 6 tid 106019
254 tid 106019
Insert  tid 106019
FindTargetPageId rootid 3 tid 106019
target_page_id id: 7 tid 106019
0 1 tid 106019
140 4 tid 106019
364 2 tid 106019
671 6 tid 106019
868 7 tid 106019
128 tid 106019
Insert  tid 106019
FindTargetPageId rootid 3 tid 106019
target_page_id id: 7 tid 106019
0 1 tid 106019
140 4 tid 106019
364 2 tid 106019
671 6 tid 106019
868 7 tid 106019
129 tid 106019
Insert  tid 106019
FindTargetPageId rootid 3 tid 106021
target_page_id id: 7 tid 106021
0 1 tid 106021
140 4 tid 106021
364 2 tid 106021
671 6 tid 106021
868 7 tid 106021
130 tid 106021
Insert  tid 106021
FindTargetPageId rootid 3 tid 106021
target_page_id id: 7 tid 106021
0 1 tid 106021
140 4 tid 106021
364 2 tid 106021
671 6 tid 106021
868 7 tid 106021
130 tid 106021
Insert  tid 106021
FindTargetPageId rootid 3 tid 106021
target_page_id id: 7 tid 106021
0 1 tid 106021
140 4 tid 106021
364 2 tid 106021
671 6 tid 106021
868 7 tid 106021
130 tid 106021
Insert  tid 106021
FindTargetPageId rootid 3 tid 106020
target_page_id id: 6 tid 106020
0 1 tid 106020
140 4 tid 106020
364 2 tid 106020
671 6 tid 106020
868 7 tid 106020
127 tid 106020
Remove  tid 106020
FindTargetPageId rootid 3 tid 106020
target_page_id id: 6 tid 106020
0 1 tid 106020
140 4 tid 106020
364 2 tid 106020
670 6 tid 106020
868 7 tid 106020
127 tid 106020
Remove  tid 106020
FindTargetPageId rootid 3 tid 106020
target_page_id id: 6 tid 106020
0 1 tid 106020
140 4 tid 106020
364 2 tid 106020
665 6 tid 106020
868 7 tid 106020
127 tid 106020
Remove  tid 106020
FindTargetPageId rootid 3 tid 106020
target_page_id id: 6 tid 106020
0 1 tid 106020
140 4 tid 106020
364 2 tid 106020
660 6 tid 106020
868 7 tid 106020
127 tid 106020
Remove  tid 106020
FindTargetPageId rootid 3 tid 106020
target_page_id id: 6 tid 106020
0 1 tid 106020
140 4 tid 106020
364 2 tid 106020
655 6 tid 106020
868 7 tid 106020
127 tid 106020
Remove  tid 106020
FindTargetPageId rootid 3 tid 106020
target_page_id id: 6 tid 106020
0 1 tid 106020
140 4 tid 106020
364 2 tid 106020
650 6 tid 106020
868 7 tid 106020
127 tid 106020
Remove  tid 106020
FindTargetPageId rootid 3 tid 106020
target_page_id id: 6 tid 106020
0 1 tid 106020
140 4 tid 106020
364 2 tid 106020
645 6 tid 106020
868 7 tid 106020
127 tid 106020
Remove  tid 106020
FindTargetPageId rootid 3 tid 106020
target_page_id id: 6 tid 106020
0 1 tid 106020
140 4 tid 106020
364 2 tid 106020
640 6 tid 106020
868 7 tid 106020
127 tid 106020
Remove  tid 106020
FindTargetPageId rootid 3 tid 106020
target_page_id id: 6 tid 106020
0 1 tid 106020
140 4 tid 106020
364 2 tid 106020
635 6 tid 106020
868 7 tid 106020
127 tid 106020
Remove  tid 106020
FindTargetPageId rootid 3 tid 106020
target_page_id id: 6 tid 106020
0 1 tid 106020
140 4 tid 106020
364 2 tid 106020
630 6 tid 106020
868 7 tid 106020
127 tid 106020
Remove  tid 106020
FindTargetPageId rootid 3 tid 106020
target_page_id id: 6 tid 106020
0 1 tid 106020
140 4 tid 106020
364 2 tid 106020
625 6 tid 106020
868 7 tid 106020
127 tid 106020
Remove  tid 106020
FindTargetPageId rootid 3 tid 106020
target_page_id id: 6 tid 106020
0 1 tid 106020
140 4 tid 106020
364 2 tid 106020
620 6 tid 106020
868 7 tid 106020
127 tid 106020
Remove  tid 106020
FindTargetPageId rootid 3 tid 106020
target_page_id id: 6 tid 106020
0 1 tid 106020
140 4 tid 106020
364 2 tid 106020
615 6 tid 106020
868 7 tid 106020
127 tid 106020
Remove  tid 106020
FindTargetPageId rootid 3 tid 106020
target_page_id id: 6 tid 106020
0 1 tid 106020
140 4 tid 106020
364 2 tid 106020
610 6 tid 106020
868 7 tid 106020
127 tid 106020
Remove  tid 106020
FindTargetPageId rootid 3 tid 106020
target_page_id id: 6 tid 106020
0 1 tid 106020
140 4 tid 106020
364 2 tid 106020
605 6 tid 106020
868 7 tid 106020
127 tid 106020
Remove  tid 106020
FindTargetPageId rootid 3 tid 106020
target_page_id id: 6 tid 106020
0 1 tid 106020
140 4 tid 106020
364 2 tid 106020
600 6 tid 106020
868 7 tid 106020
127 tid 106020
Remove  tid 106020
FindTargetPageId rootid 3 tid 106020
target_page_id id: 6 tid 106020
0 1 tid 106020
140 4 tid 106020
364 2 tid 106020
595 6 tid 106020
868 7 tid 106020
127 tid 106020
Remove  tid 106020
FindTargetPageId rootid 3 tid 106020
target_page_id id: 6 tid 106020
0 1 tid 106020
140 4 tid 106020
364 2 tid 106020
590 6 tid 106020
868 7 tid 106020
127 tid 106020
Remove  tid 106020
FindTargetPageId rootid 3 tid 106020
target_page_id id: 6 tid 106020
0 1 tid 106020
140 4 tid 106020
364 2 tid 106020
585 6 tid 106020
868 7 tid 106020
127 tid 106020
Remove  tid 106020
FindTargetPageId rootid 3 tid 106021
target_page_id id: 7 tid 106021
0 1 tid 106021
140 4 tid 106021
364 2 tid 106021
580 6 tid 106021
868 7 tid 106021
130 tid 106021
Insert  tid 106021
FindTargetPageId rootid 3 tid 106021
target_page_id id: 7 tid 106021
0 1 tid 106021
140 4 tid 106021
364 2 tid 106021
580 6 tid 106021
868 7 tid 106021
130 tid 106021
Insert  tid 106021
FindTargetPageId rootid 3 tid 106021
target_page_id id: 7 tid 106021
0 1 tid 106021
140 4 tid 106021
364 2 tid 106021
580 6 tid 106021
868 7 tid 106021
130 tid 106021
Insert  tid 106021
FindTargetPageId rootid 3 tid 106021
target_page_id id: 7 tid 106021
0 1 tid 106021
140 4 tid 106021
364 2 tid 106021
580 6 tid 106021
868 7 tid 106021
130 tid 106021
Insert  tid 106021
FindTargetPageId rootid 3 tid 106021
target_page_id id: 7 tid 106021
0 1 tid 106021
140 4 tid 106021
364 2 tid 106021
580 6 tid 106021
868 7 tid 106021
130 tid 106021
Insert  tid 106021
FindTargetPageId rootid 3 tid 106021
target_page_id id: 7 tid 106021
0 1 tid 106021
140 4 tid 106021
364 2 tid 106021
580 6 tid 106021
868 7 tid 106021
130 tid 106021
Insert  tid 106021
FindTargetPageId rootid 3 tid 106021
target_page_id id: 7 tid 106021
0 1 tid 106021
140 4 tid 106021
364 2 tid 106021
580 6 tid 106021
868 7 tid 106021
130 tid 106021
Insert  tid 106021
FindTargetPageId rootid 3 tid 106021
target_page_id id: 7 tid 106021
0 1 tid 106021
140 4 tid 106021
364 2 tid 106021
580 6 tid 106021
868 7 tid 106021
130 tid 106021
Insert  tid 106021
FindTargetPageId rootid 3 tid 106021
target_page_id id: 7 tid 106021
0 1 tid 106021
140 4 tid 106021
364 2 tid 106021
580 6 tid 106021
868 7 tid 106021
130 tid 106021
Insert  tid 106021
FindTargetPageId rootid 3 tid 106021
target_page_id id: 7 tid 106021
0 1 tid 106021
140 4 tid 106021
364 2 tid 106021
580 6 tid 106021
868 7 tid 106021
130 tid 106021
Insert  tid 106021
FindTargetPageId rootid 3 tid 106021
target_page_id id: 7 tid 106021
0 1 tid 106021
140 4 tid 106021
364 2 tid 106021
580 6 tid 106021
868 7 tid 106021
130 tid 106021
Insert  tid 106021
FindTargetPageId rootid 3 tid 106021
target_page_id id: 7 tid 106021
0 1 tid 106021
140 4 tid 106021
364 2 tid 106021
580 6 tid 106021
868 7 tid 106021
130 tid 106021
Insert  tid 106021
FindTargetPageId rootid 3 tid 106021
target_page_id id: 7 tid 106021
0 1 tid 106021
140 4 tid 106021
364 2 tid 106021
580 6 tid 106021
868 7 tid 106021
130 tid 106021
Insert  tid 106021
FindTargetPageId rootid 3 tid 106021
target_page_id id: 7 tid 106021
0 1 tid 106021
140 4 tid 106021
364 2 tid 106021
580 6 tid 106021
868 7 tid 106021
130 tid 106021
Insert  tid 106021
FindTargetPageId rootid 3 tid 106021
target_page_id id: 7 tid 106021
0 1 tid 106021
140 4 tid 106021
364 2 tid 106021
580 6 tid 106021
868 7 tid 106021
130 tid 106021
Insert  tid 106021
FindTargetPageId rootid 3 tid 106021
target_page_id id: 7 tid 106021
0 1 tid 106021
140 4 tid 106021
364 2 tid 106021
580 6 tid 106021
868 7 tid 106021
130 tid 106021
Insert  tid 106021
FindTargetPageId rootid 3 tid 106019
target_page_id id: 7 tid 106019
0 1 tid 106019
140 4 tid 106019
364 2 tid 106019
580 6 tid 106019
868 7 tid 106019
130 tid 106019
Insert  tid 106019
FindTargetPageId rootid 3 tid 106020
target_page_id id: 6 tid 106020
0 1 tid 106020
140 4 tid 106020
364 2 tid 106020
580 6 tid 106020
868 7 tid 106020
127 tid 106020
Remove  tid 106020
FindTargetPageId rootid 3 tid 106020
target_page_id id: 6 tid 106020
0 1 tid 106020
140 4 tid 106020
364 2 tid 106020
575 6 tid 106020
868 7 tid 106020
127 tid 106020
Remove  tid 106020
FindTargetPageId rootid 3 tid 106020
target_page_id id: 6 tid 106020
0 1 tid 106020
140 4 tid 106020
364 2 tid 106020
570 6 tid 106020
868 7 tid 106020
127 tid 106020
Remove  tid 106020
FindTargetPageId rootid 3 tid 106020
target_page_id id: 6 tid 106020
0 1 tid 106020
140 4 tid 106020
364 2 tid 106020
565 6 tid 106020
868 7 tid 106020
127 tid 106020
Remove  tid 106020
FindTargetPageId rootid 3 tid 106020
target_page_id id: 6 tid 106020
0 1 tid 106020
140 4 tid 106020
364 2 tid 106020
560 6 tid 106020
868 7 tid 106020
127 tid 106020
Remove  tid 106020
FindTargetPageId rootid 3 tid 106020
target_page_id id: 6 tid 106020
0 1 tid 106020
140 4 tid 106020
364 2 tid 106020
555 6 tid 106020
868 7 tid 106020
127 tid 106020
Remove  tid 106020
FindTargetPageId rootid 3 tid 106020
target_page_id id: 6 tid 106020
0 1 tid 106020
140 4 tid 106020
364 2 tid 106020
551 6 tid 106020
868 7 tid 106020
127 tid 106020
Remove  tid 106020
FindTargetPageId rootid 3 tid 106020
target_page_id id: 6 tid 106020
0 1 tid 106020
140 4 tid 106020
364 2 tid 106020
550 6 tid 106020
868 7 tid 106020
127 tid 106020
Remove  tid 106020
FindTargetPageId rootid 3 tid 106020
target_page_id id: 6 tid 106020
0 1 tid 106020
140 4 tid 106020
364 2 tid 106020
549 6 tid 106020
868 7 tid 106020
127 tid 106020
Remove  tid 106020
FindTargetPageId rootid 3 tid 106020
target_page_id id: 6 tid 106020
0 1 tid 106020
140 4 tid 106020
364 2 tid 106020
548 6 tid 106020
868 7 tid 106020
127 tid 106020
Remove  tid 106020
FindTargetPageId rootid 3 tid 106020
target_page_id id: 6 tid 106020
0 1 tid 106020
140 4 tid 106020
364 2 tid 106020
547 6 tid 106020
868 7 tid 106020
127 tid 106020
Remove  tid 106020
FindTargetPageId rootid 3 tid 106020
target_page_id id: 6 tid 106020
0 1 tid 106020
140 4 tid 106020
364 2 tid 106020
546 6 tid 106020
868 7 tid 106020
127 tid 106020
Remove  tid 106020
FindTargetPageId rootid 3 tid 106020
target_page_id id: 6 tid 106020
0 1 tid 106020
140 4 tid 106020
364 2 tid 106020
545 6 tid 106020
868 7 tid 106020
127 tid 106020
Remove  tid 106020
FindTargetPageId rootid 3 tid 106020
target_page_id id: 6 tid 106020
0 1 tid 106020
140 4 tid 106020
364 2 tid 106020
544 6 tid 106020
868 7 tid 106020
127 tid 106020
Remove  tid 106020
FindTargetPageId rootid 3 tid 106020
target_page_id id: 6 tid 106020
0 1 tid 106020
140 4 tid 106020
364 2 tid 106020
543 6 tid 106020
868 7 tid 106020
127 tid 106020
Remove  tid 106020
FindTargetPageId rootid 3 tid 106020
target_page_id id: 6 tid 106020
0 1 tid 106020
140 4 tid 106020
364 2 tid 106020
542 6 tid 106020
868 7 tid 106020
127 tid 106020
Remove  tid 106020
FindTargetPageId rootid 3 tid 106020
target_page_id id: 6 tid 106020
0 1 tid 106020
140 4 tid 106020
364 2 tid 106020
541 6 tid 106020
868 7 tid 106020
127 tid 106020
Remove  tid 106020
FindTargetPageId rootid 3 tid 106020
target_page_id id: 6 tid 106020
0 1 tid 106020
140 4 tid 106020
364 2 tid 106020
540 6 tid 106020
868 7 tid 106020
127 tid 106020
Remove  tid 106020
FindTargetPageId rootid 3 tid 106020
target_page_id id: 6 tid 106020
0 1 tid 106020
140 4 tid 106020
364 2 tid 106020
539 6 tid 106020
868 7 tid 106020
127 tid 106020
Remove  tid 106020
FindTargetPageId rootid 3 tid 106020
target_page_id id: 6 tid 106020
0 1 tid 106020
140 4 tid 106020
364 2 tid 106020
538 6 tid 106020
868 7 tid 106020
127 tid 106020
Remove  tid 106020
FindTargetPageId rootid 3 tid 106020
target_page_id id: 6 tid 106020
0 1 tid 106020
140 4 tid 106020
364 2 tid 106020
537 6 tid 106020
868 7 tid 106020
127 tid 106020
Remove  tid 106020
FindTargetPageId rootid 3 tid 106020
target_page_id id: 6 tid 106020
0 1 tid 106020
140 4 tid 106020
364 2 tid 106020
536 6 tid 106020
868 7 tid 106020
127 tid 106020
Remove  tid 106020
FindTargetPageId rootid 3 tid 106021
target_page_id id: 7 tid 106021
0 1 tid 106021
140 4 tid 106021
364 2 tid 106021
535 6 tid 106021
868 7 tid 106021
131 tid 106021
Insert  tid 106021
FindTargetPageId rootid 3 tid 106020
target_page_id id: 6 tid 106020
0 1 tid 106020
140 4 tid 106020
364 2 tid 106020
535 6 tid 106020
868 7 tid 106020
127 tid 106020
Remove  tid 106020
FindTargetPageId rootid 3 tid 106020
target_page_id id: 6 tid 106020
0 1 tid 106020
140 4 tid 106020
364 2 tid 106020
534 6 tid 106020
868 7 tid 106020
127 tid 106020
Remove  tid 106020
FindTargetPageId rootid 3 tid 106020
target_page_id id: 6 tid 106020
0 1 tid 106020
140 4 tid 106020
364 2 tid 106020
533 6 tid 106020
868 7 tid 106020
127 tid 106020
Remove  tid 106020
FindTargetPageId rootid 3 tid 106020
target_page_id id: 6 tid 106020
0 1 tid 106020
140 4 tid 106020
364 2 tid 106020
532 6 tid 106020
868 7 tid 106020
127 tid 106020
Remove  tid 106020
FindTargetPageId rootid 3 tid 106021
target_page_id id: 7 tid 106021
0 1 tid 106021
140 4 tid 106021
364 2 tid 106021
531 6 tid 106021
868 7 tid 106021
131 tid 106021
Insert  tid 106021
FindTargetPageId rootid 3 tid 106019
target_page_id id: 7 tid 106019
0 1 tid 106019
140 4 tid 106019
364 2 tid 106019
531 6 tid 106019
868 7 tid 106019
131 tid 106019
Insert  tid 106019
FindTargetPageId rootid 3 tid 106019
target_page_id id: 7 tid 106019
0 1 tid 106019
140 4 tid 106019
364 2 tid 106019
531 6 tid 106019
868 7 tid 106019
132 tid 106019
FindTargetPageId rootid 3 tid 106020
target_page_id id: 6 tid 106020
0 1 tid 106020
140 4 tid 106020
364 2 tid 106020
531 6 tid 106020
868 7 tid 106020
127 tid 106020
Remove  tid 106020
FindTargetPageId rootid 3 tid 106020
target_page_id id: 6 tid 106020
0 1 tid 106020
140 4 tid 106020
364 2 tid 106020
530 6 tid 106020
868 7 tid 106020
127 tid 106020
Remove  tid 106020
FindTargetPageId rootid 3 tid 106020
target_page_id id: 6 tid 106020
0 1 tid 106020
140 4 tid 106020
364 2 tid 106020
529 6 tid 106020
868 7 tid 106020
127 tid 106020
Remove  tid 106020
FindTargetPageId rootid 3 tid 106020
target_page_id id: 6 tid 106020
0 1 tid 106020
140 4 tid 106020
364 2 tid 106020
528 6 tid 106020
868 7 tid 106020
127 tid 106020
Remove  tid 106020
FindTargetPageId rootid 3 tid 106020
target_page_id id: 6 tid 106020
0 1 tid 106020
140 4 tid 106020
364 2 tid 106020
527 6 tid 106020
868 7 tid 106020
127 tid 106020
Remove  tid 106020
FindTargetPageId rootid 3 tid 106020
target_page_id id: 6 tid 106020
0 1 tid 106020
140 4 tid 106020
364 2 tid 106020
526 6 tid 106020
868 7 tid 106020
127 tid 106020
Remove  tid 106020
FindTargetPageId rootid 3 tid 106020
target_page_id id: 6 tid 106020
0 1 tid 106020
140 4 tid 106020
364 2 tid 106020
525 6 tid 106020
868 7 tid 106020
127 tid 106020
Remove  tid 106020
FindTargetPageId rootid 3 tid 106020
target_page_id id: 6 tid 106020
0 1 tid 106020
140 4 tid 106020
364 2 tid 106020
524 6 tid 106020
868 7 tid 106020
127 tid 106020
Remove  tid 106020
FindTargetPageId rootid 3 tid 106020
target_page_id id: 6 tid 106020
0 1 tid 106020
140 4 tid 106020
364 2 tid 106020
523 6 tid 106020
868 7 tid 106020
127 tid 106020
Remove  tid 106020
FindTargetPageId rootid 3 tid 106020
target_page_id id: 6 tid 106020
0 1 tid 106020
140 4 tid 106020
364 2 tid 106020
522 6 tid 106020
868 7 tid 106020
127 tid 106020
Remove  tid 106020
FindTargetPageId rootid 3 tid 106020
target_page_id id: 6 tid 106020
0 1 tid 106020
140 4 tid 106020
364 2 tid 106020
521 6 tid 106020
868 7 tid 106020
127 tid 106020
Remove  tid 106020
FindTargetPageId rootid 3 tid 106020
target_page_id id: 6 tid 106020
0 1 tid 106020
140 4 tid 106020
364 2 tid 106020
520 6 tid 106020
868 7 tid 106020
127 tid 106020
Remove  tid 106020
FindTargetPageId rootid 3 tid 106021
target_page_id id: 7 tid 106021
0 1 tid 106021
140 4 tid 106021
364 2 tid 106021
519 6 tid 106021
868 7 tid 106021
133 tid 106021
Insert  tid 106021
FindTargetPageId rootid 3 tid 106021
target_page_id id: 7 tid 106021
0 1 tid 106021
140 4 tid 106021
364 2 tid 106021
519 6 tid 106021
868 7 tid 106021
133 tid 106021
Insert  tid 106021
FindTargetPageId rootid 3 tid 106021
target_page_id id: 7 tid 106021
0 1 tid 106021
140 4 tid 106021
364 2 tid 106021
519 6 tid 106021
868 7 tid 106021
133 tid 106021
Insert  tid 106021
FindTargetPageId rootid 3 tid 106021
target_page_id id: 7 tid 106021
0 1 tid 106021
140 4 tid 106021
364 2 tid 106021
519 6 tid 106021
868 7 tid 106021
133 tid 106021
Insert  tid 106021
FindTargetPageId rootid 3 tid 106021
target_page_id id: 7 tid 106021
0 1 tid 106021
140 4 tid 106021
364 2 tid 106021
519 6 tid 106021
868 7 tid 106021
133 tid 106021
Insert  tid 106021
FindTargetPageId rootid 3 tid 106021
target_page_id id: 7 tid 106021
0 1 tid 106021
140 4 tid 106021
364 2 tid 106021
519 6 tid 106021
868 7 tid 106021
133 tid 106021
Insert  tid 106021
FindTargetPageId rootid 3 tid 106021
target_page_id id: 7 tid 106021
0 1 tid 106021
140 4 tid 106021
364 2 tid 106021
519 6 tid 106021
868 7 tid 106021
133 tid 106021
FindTargetPageId rootid 3 tid 106020
target_page_id id: 6 tid 106020
0 1 tid 106020
140 4 tid 106020
364 2 tid 106020
519 6 tid 106020
868 7 tid 106020
127 tid 106020
Insert  tid 106021
Remove  tid 106020
FindTargetPageId rootid 3 tid 106021
target_page_id id: 7 tid 106021
0 1 tid 106021
140 4 tid 106021
364 2 tid 106021
518 6 tid 106021
868 7 tid 106021
133 tid 106021
Insert  tid 106021
FindTargetPageId rootid 3 tid 106020
target_page_id id: 6 tid 106020
0 1 tid 106020
140 4 tid 106020
364 2 tid 106020
518 6 tid 106020
868 7 tid 106020
127 tid 106020
Remove  tid 106020
FindTargetPageId rootid 3 tid 106020
target_page_id id: 6 tid 106020
0 1 tid 106020
140 4 tid 106020
364 2 tid 106020
517 6 tid 106020
868 7 tid 106020
127 tid 106020
Remove  tid 106020
FindTargetPageId rootid 3 tid 106020
target_page_id id: 6 tid 106020
0 1 tid 106020
140 4 tid 106020
364 2 tid 106020
516 6 tid 106020
868 7 tid 106020
127 tid 106020
Remove  tid 106020
FindTargetPageId rootid 3 tid 106020
target_page_id id: 6 tid 106020
0 1 tid 106020
140 4 tid 106020
364 2 tid 106020
515 6 tid 106020
868 7 tid 106020
127 tid 106020
Remove  tid 106020
FindTargetPageId rootid 3 tid 106020
target_page_id id: 6 tid 106020
0 1 tid 106020
140 4 tid 106020
364 2 tid 106020
514 6 tid 106020
868 7 tid 106020
127 tid 106020
Remove  tid 106020
FindTargetPageId rootid 3 tid 106021
target_page_id id: 7 tid 106021
0 1 tid 106021
140 4 tid 106021
364 2 tid 106021
513 6 tid 106021
868 7 tid 106021
133 tid 106021
Insert  tid 106021
FindTargetPageId rootid 3 tid 106020
target_page_id id: 6 tid 106020
0 1 tid 106020
140 4 tid 106020
364 2 tid 106020
513 6 tid 106020
868 7 tid 106020
127 tid 106020
Remove  tid 106020
FindTargetPageId rootid 3 tid 106020
target_page_id id: 6 tid 106020
0 1 tid 106020
140 4 tid 106020
364 2 tid 106020
512 6 tid 106020
868 7 tid 106020
127 tid 106020
Remove  tid 106020
FindTargetPageId rootid 3 tid 106020
target_page_id id: 6 tid 106020
0 1 tid 106020
140 4 tid 106020
364 2 tid 106020
511 6 tid 106020
868 7 tid 106020
127 tid 106020
Remove  tid 106020
FindTargetPageId rootid 3 tid 106020
target_page_id id: 6 tid 106020
0 1 tid 106020
140 4 tid 106020
364 2 tid 106020
510 6 tid 106020
868 7 tid 106020
127 tid 106020
Remove  tid 106020
FindTargetPageId rootid 3 tid 106020
target_page_id id: 2 tid 106020
0 1 tid 106020
140 4 tid 106020
364 2 tid 106020
868 7 tid 106020
254 tid 106020
Remove  tid 106020
FindTargetPageId rootid 3 tid 106020
target_page_id id: 2 tid 106020
0 1 tid 106020
140 4 tid 106020
364 2 tid 106020
868 7 tid 106020
253 tid 106020
Remove  tid 106020
FindTargetPageId rootid 3 tid 106021
target_page_id id: 7 tid 106021
0 1 tid 106021
140 4 tid 106021
364 2 tid 106021
868 7 tid 106021
133 tid 106021
Insert  tid 106021
FindTargetPageId rootid 3 tid 106021
target_page_id id: 7 tid 106021
0 1 tid 106021
140 4 tid 106021
364 2 tid 106021
868 7 tid 106021
133 tid 106021
Insert  tid 106021
FindTargetPageId rootid 3 tid 106021
target_page_id id: 7 tid 106021
0 1 tid 106021
140 4 tid 106021
364 2 tid 106021
868 7 tid 106021
133 tid 106021
Insert  tid 106021
FindTargetPageId rootid 3 tid 106021
target_page_id id: 7 tid 106021
0 1 tid 106021
140 4 tid 106021
364 2 tid 106021
868 7 tid 106021
133 tid 106021
Insert  tid 106021
FindTargetPageId rootid 3 tid 106021
target_page_id id: 7 tid 106021
0 1 tid 106021
140 4 tid 106021
364 2 tid 106021
868 7 tid 106021
133 tid 106021
Insert  tid 106021
FindTargetPageId rootid 3 tid 106021
target_page_id id: 7 tid 106021
0 1 tid 106021
140 4 tid 106021
364 2 tid 106021
868 7 tid 106021
133 tid 106021
Insert  tid 106021
FindTargetPageId rootid 3 tid 106021
target_page_id id: 7 tid 106021
0 1 tid 106021
140 4 tid 106021
364 2 tid 106021
868 7 tid 106021
133 tid 106021
Insert  tid 106021
FindTargetPageId rootid 3 tid 106021
target_page_id id: 7 tid 106021
0 1 tid 106021
140 4 tid 106021
364 2 tid 106021
868 7 tid 106021
133 tid 106021
Insert  tid 106021
FindTargetPageId rootid 3 tid 106021
target_page_id id: 7 tid 106021
0 1 tid 106021
140 4 tid 106021
364 2 tid 106021
868 7 tid 106021
133 tid 106021
Insert  tid 106021
FindTargetPageId rootid 3 tid 106021
target_page_id id: 7 tid 106021
0 1 tid 106021
140 4 tid 106021
364 2 tid 106021
868 7 tid 106021
133 tid 106021
Insert  tid 106021
FindTargetPageId rootid 3 tid 106021
target_page_id id: 7 tid 106021
0 1 tid 106021
140 4 tid 106021
364 2 tid 106021
868 7 tid 106021
133 tid 106021
Insert  tid 106021
FindTargetPageId rootid 3 tid 106021
target_page_id id: 7 tid 106021
0 1 tid 106021
140 4 tid 106021
364 2 tid 106021
868 7 tid 106021
133 tid 106021
Insert  tid 106021
FindTargetPageId rootid 3 tid 106021
target_page_id id: 7 tid 106021
0 1 tid 106021
140 4 tid 106021
364 2 tid 106021
868 7 tid 106021
133 tid 106021
Insert  tid 106021
FindTargetPageId rootid 3 tid 106021
target_page_id id: 7 tid 106021
0 1 tid 106021
140 4 tid 106021
364 2 tid 106021
868 7 tid 106021
133 tid 106021
Insert  tid 106021
FindTargetPageId rootid 3 tid 106021
target_page_id id: 7 tid 106021
0 1 tid 106021
140 4 tid 106021
364 2 tid 106021
868 7 tid 106021
133 tid 106021
Insert  tid 106021
FindTargetPageId rootid 3 tid 106021
target_page_id id: 7 tid 106021
0 1 tid 106021
140 4 tid 106021
364 2 tid 106021
868 7 tid 106021
133 tid 106021
Insert  tid 106021
FindTargetPageId rootid 3 tid 106021
target_page_id id: 7 tid 106021
0 1 tid 106021
140 4 tid 106021
364 2 tid 106021
868 7 tid 106021
133 tid 106021
Insert  tid 106021
FindTargetPageId rootid 3 tid 106021
target_page_id id: 7 tid 106021
0 1 tid 106021
140 4 tid 106021
364 2 tid 106021
868 7 tid 106021
133 tid 106021
Insert  tid 106021
FindTargetPageId rootid 3 tid 106021
target_page_id id: 7 tid 106021
0 1 tid 106021
140 4 tid 106021
364 2 tid 106021
868 7 tid 106021
133 tid 106021
Insert  tid 106021
FindTargetPageId rootid 3 tid 106021
target_page_id id: 7 tid 106021
0 1 tid 106021
140 4 tid 106021
364 2 tid 106021
868 7 tid 106021
133 tid 106021
Insert  tid 106021
FindTargetPageId rootid 3 tid 106021
target_page_id id: 7 tid 106021
0 1 tid 106021
140 4 tid 106021
364 2 tid 106021
868 7 tid 106021
133 tid 106021
Insert  tid 106021
FindTargetPageId rootid 3 tid 106021
target_page_id id: 7 tid 106021
0 1 tid 106021
140 4 tid 106021
364 2 tid 106021
868 7 tid 106021
133 tid 106021
Insert  tid 106021
FindTargetPageId rootid 3 tid 106021
target_page_id id: 7 tid 106021
0 1 tid 106021
140 4 tid 106021
364 2 tid 106021
868 7 tid 106021
133 tid 106021
Insert  tid 106021
FindTargetPageId rootid 3 tid 106021
target_page_id id: 7 tid 106021
0 1 tid 106021
140 4 tid 106021
364 2 tid 106021
868 7 tid 106021
133 tid 106021
Insert  tid 106021
FindTargetPageId rootid 3 tid 106021
target_page_id id: 7 tid 106021
0 1 tid 106021
140 4 tid 106021
364 2 tid 106021
868 7 tid 106021
133 tid 106021
Insert  tid 106021
FindTargetPageId rootid 3 tid 106021
target_page_id id: 7 tid 106021
0 1 tid 106021
140 4 tid 106021
364 2 tid 106021
868 7 tid 106021
133 tid 106021
Insert  tid 106021
FindTargetPageId rootid 3 tid 106021
target_page_id id: 7 tid 106021
0 1 tid 106021
140 4 tid 106021
364 2 tid 106021
868 7 tid 106021
133 tid 106021
Insert  tid 106021
FindTargetPageId rootid 3 tid 106021
target_page_id id: 7 tid 106021
0 1 tid 106021
140 4 tid 106021
364 2 tid 106021
868 7 tid 106021
133 tid 106021
Insert  tid 106021
FindTargetPageId rootid 3 tid 106021
target_page_id id: 7 tid 106021
0 1 tid 106021
140 4 tid 106021
364 2 tid 106021
868 7 tid 106021
133 tid 106021
Insert  tid 106021
FindTargetPageId rootid 3 tid 106021
target_page_id id: 7 tid 106021
0 1 tid 106021
140 4 tid 106021
364 2 tid 106021
868 7 tid 106021
133 tid 106021
Insert  tid 106021
FindTargetPageId rootid 3 tid 106021
target_page_id id: 7 tid 106021
0 1 tid 106021
140 4 tid 106021
364 2 tid 106021
868 7 tid 106021
133 tid 106021
Insert  tid 106021
FindTargetPageId rootid 3 tid 106021
target_page_id id: 7 tid 106021
0 1 tid 106021
140 4 tid 106021
364 2 tid 106021
868 7 tid 106021
133 tid 106021
Insert  tid 106021
FindTargetPageId rootid 3 tid 106021
target_page_id id: 7 tid 106021
0 1 tid 106021
140 4 tid 106021
364 2 tid 106021
868 7 tid 106021
133 tid 106021
Insert  tid 106021
FindTargetPageId rootid 3 tid 106021
target_page_id id: 7 tid 106021
0 1 tid 106021
140 4 tid 106021
364 2 tid 106021
868 7 tid 106021
133 tid 106021
Insert  tid 106021
FindTargetPageId rootid 3 tid 106021
target_page_id id: 7 tid 106021
0 1 tid 106021
140 4 tid 106021
364 2 tid 106021
868 7 tid 106021
133 tid 106021
Insert  tid 106021
FindTargetPageId rootid 3 tid 106021
target_page_id id: 7 tid 106021
0 1 tid 106021
140 4 tid 106021
364 2 tid 106021
868 7 tid 106021
133 tid 106021
Insert  tid 106021
FindTargetPageId rootid 3 tid 106021
target_page_id id: 7 tid 106021
0 1 tid 106021
140 4 tid 106021
364 2 tid 106021
868 7 tid 106021
133 tid 106021
Insert  tid 106021
FindTargetPageId rootid 3 tid 106021
target_page_id id: 7 tid 106021
0 1 tid 106021
140 4 tid 106021
364 2 tid 106021
868 7 tid 106021
133 tid 106021
Insert  tid 106021
FindTargetPageId rootid 3 tid 106021
target_page_id id: 7 tid 106021
0 1 tid 106021
140 4 tid 106021
364 2 tid 106021
868 7 tid 106021
133 tid 106021
Insert  tid 106021
FindTargetPageId rootid 3 tid 106021
target_page_id id: 7 tid 106021
0 1 tid 106021
140 4 tid 106021
364 2 tid 106021
868 7 tid 106021
133 tid 106021
Insert  tid 106021
FindTargetPageId rootid 3 tid 106021
target_page_id id: 7 tid 106021
0 1 tid 106021
140 4 tid 106021
364 2 tid 106021
868 7 tid 106021
133 tid 106021
Insert  tid 106021
FindTargetPageId rootid 3 tid 106021
target_page_id id: 7 tid 106021
0 1 tid 106021
140 4 tid 106021
364 2 tid 106021
868 7 tid 106021
133 tid 106021
Insert  tid 106021
FindTargetPageId rootid 3 tid 106021
target_page_id id: 7 tid 106021
0 1 tid 106021
140 4 tid 106021
364 2 tid 106021
868 7 tid 106021
133 tid 106021
Insert  tid 106021
FindTargetPageId rootid 3 tid 106021
target_page_id id: 7 tid 106021
0 1 tid 106021
140 4 tid 106021
364 2 tid 106021
868 7 tid 106021
133 tid 106021
Insert  tid 106021
FindTargetPageId rootid 3 tid 106021
target_page_id id: 7 tid 106021
0 1 tid 106021
140 4 tid 106021
364 2 tid 106021
868 7 tid 106021
133 tid 106021
Insert  tid 106021
FindTargetPageId rootid 3 tid 106021
target_page_id id: 7 tid 106021
0 1 tid 106021
140 4 tid 106021
364 2 tid 106021
868 7 tid 106021
133 tid 106021
Insert  tid 106021
FindTargetPageId rootid 3 tid 106020
target_page_id id: 2 tid 106020
0 1 tid 106020
140 4 tid 106020
364 2 tid 106020
868 7 tid 106020
252 tid 106020
Remove  tid 106020
FindTargetPageId rootid 3 tid 106020
target_page_id id: 2 tid 106020
0 1 tid 106020
140 4 tid 106020
364 2 tid 106020
868 7 tid 106020
251 tid 106020
Remove  tid 106020
FindTargetPageId rootid 3 tid 106020
target_page_id id: 2 tid 106020
0 1 tid 106020
140 4 tid 106020
364 2 tid 106020
868 7 tid 106020
250 tid 106020
Remove  tid 106020
FindTargetPageId rootid 3 tid 106020
target_page_id id: 2 tid 106020
0 1 tid 106020
140 4 tid 106020
364 2 tid 106020
868 7 tid 106020
249 tid 106020
Remove  tid 106020
FindTargetPageId rootid 3 tid 106020
target_page_id id: 2 tid 106020
0 1 tid 106020
140 4 tid 106020
364 2 tid 106020
868 7 tid 106020
248 tid 106020
Remove  tid 106020
FindTargetPageId rootid 3 tid 106020
target_page_id id: 2 tid 106020
0 1 tid 106020
140 4 tid 106020
364 2 tid 106020
868 7 tid 106020
247 tid 106020
Remove  tid 106020
FindTargetPageId rootid 3 tid 106020
target_page_id id: 2 tid 106020
0 1 tid 106020
140 4 tid 106020
364 2 tid 106020
868 7 tid 106020
246 tid 106020
Remove  tid 106020
FindTargetPageId rootid 3 tid 106020
target_page_id id: 2 tid 106020
0 1 tid 106020
140 4 tid 106020
364 2 tid 106020
868 7 tid 106020
245 tid 106020
Remove  tid 106020
FindTargetPageId rootid 3 tid 106020
target_page_id id: 2 tid 106020
0 1 tid 106020
140 4 tid 106020
364 2 tid 106020
868 7 tid 106020
244 tid 106020
Remove  tid 106020
FindTargetPageId rootid 3 tid 106020
target_page_id id: 2 tid 106020
0 1 tid 106020
140 4 tid 106020
364 2 tid 106020
868 7 tid 106020
243 tid 106020
Remove  tid 106020
FindTargetPageId rootid 3 tid 106020
target_page_id id: 2 tid 106020
0 1 tid 106020
140 4 tid 106020
364 2 tid 106020
868 7 tid 106020
242 tid 106020
Remove  tid 106020
FindTargetPageId rootid 3 tid 106020
target_page_id id: 2 tid 106020
0 1 tid 106020
140 4 tid 106020
364 2 tid 106020
868 7 tid 106020
241 tid 106020
Remove  tid 106020
FindTargetPageId rootid 3 tid 106020
target_page_id id: 2 tid 106020
0 1 tid 106020
140 4 tid 106020
364 2 tid 106020
868 7 tid 106020
240 tid 106020
Remove  tid 106020
FindTargetPageId rootid 3 tid 106020
target_page_id id: 2 tid 106020
0 1 tid 106020
140 4 tid 106020
364 2 tid 106020
868 7 tid 106020
239 tid 106020
Remove  tid 106020
FindTargetPageId rootid 3 tid 106020
target_page_id id: 2 tid 106020
0 1 tid 106020
140 4 tid 106020
364 2 tid 106020
868 7 tid 106020
238 tid 106020
Remove  tid 106020
FindTargetPageId rootid 3 tid 106020
target_page_id id: 2 tid 106020
0 1 tid 106020
140 4 tid 106020
364 2 tid 106020
868 7 tid 106020
237 tid 106020
Remove  tid 106020
FindTargetPageId rootid 3 tid 106020
target_page_id id: 2 tid 106020
0 1 tid 106020
140 4 tid 106020
364 2 tid 106020
868 7 tid 106020
236 tid 106020
Remove  tid 106020
FindTargetPageId rootid 3 tid 106020
target_page_id id: 2 tid 106020
0 1 tid 106020
140 4 tid 106020
364 2 tid 106020
868 7 tid 106020
235 tid 106020
Remove  tid 106020
FindTargetPageId rootid 3 tid 106020
target_page_id id: 2 tid 106020
0 1 tid 106020
140 4 tid 106020
364 2 tid 106020
868 7 tid 106020
234 tid 106020
Remove  tid 106020
FindTargetPageId rootid 3 tid 106020
target_page_id id: 7 tid 106020
0 1 tid 106020
140 4 tid 106020
364 2 tid 106020
868 7 tid 106020
133 tid 106020
Remove  tid 106020
FindTargetPageId rootid 3 tid 106020
target_page_id id: 7 tid 106020
0 1 tid 106020
140 4 tid 106020
364 2 tid 106020
868 7 tid 106020
132 tid 106020
Remove  tid 106020
FindTargetPageId rootid 3 tid 106020
target_page_id id: 7 tid 106020
0 1 tid 106020
140 4 tid 106020
364 2 tid 106020
868 7 tid 106020
131 tid 106020
Remove  tid 106020
FindTargetPageId rootid 3 tid 106021
target_page_id id: 7 tid 106021
0 1 tid 106021
140 4 tid 106021
364 2 tid 106021
868 7 tid 106021
130 tid 106021
Insert  tid 106021
FindTargetPageId rootid 3 tid 106021
target_page_id id: 7 tid 106021
0 1 tid 106021
140 4 tid 106021
364 2 tid 106021
868 7 tid 106021
130 tid 106021
Insert  tid 106021
FindTargetPageId rootid 3 tid 106021
target_page_id id: 7 tid 106021
0 1 tid 106021
140 4 tid 106021
364 2 tid 106021
868 7 tid 106021
130 tid 106021
Insert  tid 106021
FindTargetPageId rootid 3 tid 106021
target_page_id id: 7 tid 106021
0 1 tid 106021
140 4 tid 106021
364 2 tid 106021
868 7 tid 106021
130 tid 106021
Insert  tid 106021
FindTargetPageId rootid 3 tid 106021
target_page_id id: 7 tid 106021
0 1 tid 106021
140 4 tid 106021
364 2 tid 106021
868 7 tid 106021
130 tid 106021
Insert  tid 106021
FindTargetPageId rootid 3 tid 106021
target_page_id id: 7 tid 106021
0 1 tid 106021
140 4 tid 106021
364 2 tid 106021
868 7 tid 106021
130 tid 106021
Insert  tid 106021
FindTargetPageId rootid 3 tid 106021
target_page_id id: 7 tid 106021
0 1 tid 106021
140 4 tid 106021
364 2 tid 106021
868 7 tid 106021
130 tid 106021
Insert  tid 106021
FindTargetPageId rootid 3 tid 106021
target_page_id id: 7 tid 106021
0 1 tid 106021
140 4 tid 106021
364 2 tid 106021
868 7 tid 106021
130 tid 106021
Insert  tid 106021
FindTargetPageId rootid 3 tid 106021
target_page_id id: 7 tid 106021
0 1 tid 106021
140 4 tid 106021
364 2 tid 106021
868 7 tid 106021
130 tid 106021
Insert  tid 106021
FindTargetPageId rootid 3 tid 106021
target_page_id id: 7 tid 106021
0 1 tid 106021
140 4 tid 106021
364 2 tid 106021
868 7 tid 106021
130 tid 106021
FindTargetPageId rootid 3 tid 106020
target_page_id id: 7 tid 106020
0 1 tid 106020
140 4 tid 106020
364 2 tid 106020
868 7 tid 106020
130 tid 106020
Remove  tid 106020
FindTargetPageId rootid 3 tid 106020
target_page_id id: 7 tid 106020
0 1 tid 106020
140 4 tid 106020
364 2 tid 106020
868 7 tid 106020
129 tid 106020
Remove  tid 106020
FindTargetPageId rootid 3 tid 106020
target_page_id id: 7 tid 106020
0 1 tid 106020
140 4 tid 106020
364 2 tid 106020
868 7 tid 106020
128 tid 106020
Remove  tid 106020
FindTargetPageId rootid 3 tid 106020
target_page_id id: 7 tid 106020
0 1 tid 106020
140 4 tid 106020
364 2 tid 106020
868 7 tid 106020
127 tid 106020
Remove  tid 106020
FindTargetPageId rootid 3 tid 106020
target_page_id id: 7 tid 106020
0 1 tid 106020
140 4 tid 106020
364 2 tid 106020
865 7 tid 106020
127 tid 106020
Remove  tid 106020
FindTargetPageId rootid 3 tid 106020
target_page_id id: 7 tid 106020
0 1 tid 106020
140 4 tid 106020
364 2 tid 106020
860 7 tid 106020
127 tid 106020
Remove  tid 106020
FindTargetPageId rootid 3 tid 106020
target_page_id id: 7 tid 106020
0 1 tid 106020
140 4 tid 106020
364 2 tid 106020
855 7 tid 106020
127 tid 106020
Remove  tid 106020
FindTargetPageId rootid 3 tid 106020
target_page_id id: 7 tid 106020
0 1 tid 106020
140 4 tid 106020
364 2 tid 106020
850 7 tid 106020
127 tid 106020
Remove  tid 106020
FindTargetPageId rootid 3 tid 106020
target_page_id id: 7 tid 106020
0 1 tid 106020
140 4 tid 106020
364 2 tid 106020
845 7 tid 106020
127 tid 106020
Remove  tid 106020
FindTargetPageId rootid 3 tid 106020
target_page_id id: 7 tid 106020
0 1 tid 106020
140 4 tid 106020
364 2 tid 106020
840 7 tid 106020
127 tid 106020
Remove  tid 106020
FindTargetPageId rootid 3 tid 106020
target_page_id id: 7 tid 106020
0 1 tid 106020
140 4 tid 106020
364 2 tid 106020
835 7 tid 106020
127 tid 106020
Remove  tid 106020
FindTargetPageId rootid 3 tid 106020
target_page_id id: 7 tid 106020
0 1 tid 106020
140 4 tid 106020
364 2 tid 106020
830 7 tid 106020
127 tid 106020
Remove  tid 106020
FindTargetPageId rootid 3 tid 106020
target_page_id id: 7 tid 106020
0 1 tid 106020
140 4 tid 106020
364 2 tid 106020
825 7 tid 106020
127 tid 106020
Remove  tid 106020
FindTargetPageId rootid 3 tid 106020
target_page_id id: 7 tid 106020
0 1 tid 106020
140 4 tid 106020
364 2 tid 106020
820 7 tid 106020
127 tid 106020
Remove  tid 106020
FindTargetPageId rootid 3 tid 106020
target_page_id id: 7 tid 106020
0 1 tid 106020
140 4 tid 106020
364 2 tid 106020
815 7 tid 106020
127 tid 106020
Remove  tid 106020
FindTargetPageId rootid 3 tid 106020
target_page_id id: 7 tid 106020
0 1 tid 106020
140 4 tid 106020
364 2 tid 106020
810 7 tid 106020
127 tid 106020
Remove  tid 106020
FindTargetPageId rootid 3 tid 106020
target_page_id id: 7 tid 106020
0 1 tid 106020
140 4 tid 106020
364 2 tid 106020
805 7 tid 106020
127 tid 106020
Remove  tid 106020
FindTargetPageId rootid 3 tid 106020
target_page_id id: 7 tid 106020
0 1 tid 106020
140 4 tid 106020
364 2 tid 106020
800 7 tid 106020
127 tid 106020
Remove  tid 106020
FindTargetPageId rootid 3 tid 106020
target_page_id id: 7 tid 106020
0 1 tid 106020
140 4 tid 106020
364 2 tid 106020
795 7 tid 106020
127 tid 106020
Remove  tid 106020
FindTargetPageId rootid 3 tid 106020
target_page_id id: 7 tid 106020
0 1 tid 106020
140 4 tid 106020
364 2 tid 106020
790 7 tid 106020
127 tid 106020
Remove  tid 106020
FindTargetPageId rootid 3 tid 106020
target_page_id id: 7 tid 106020
0 1 tid 106020
140 4 tid 106020
364 2 tid 106020
785 7 tid 106020
127 tid 106020
Remove  tid 106020
FindTargetPageId rootid 3 tid 106020
target_page_id id: 7 tid 106020
0 1 tid 106020
140 4 tid 106020
364 2 tid 106020
780 7 tid 106020
127 tid 106020
Remove  tid 106020
FindTargetPageId rootid 3 tid 106020
target_page_id id: 7 tid 106020
0 1 tid 106020
140 4 tid 106020
364 2 tid 106020
775 7 tid 106020
127 tid 106020
Remove  tid 106020
FindTargetPageId rootid 3 tid 106020
target_page_id id: 7 tid 106020
0 1 tid 106020
140 4 tid 106020
364 2 tid 106020
770 7 tid 106020
127 tid 106020
Remove  tid 106020
FindTargetPageId rootid 3 tid 106020
target_page_id id: 7 tid 106020
0 1 tid 106020
140 4 tid 106020
364 2 tid 106020
765 7 tid 106020
127 tid 106020
Remove  tid 106020
FindTargetPageId rootid 3 tid 106020
target_page_id id: 7 tid 106020
0 1 tid 106020
140 4 tid 106020
364 2 tid 106020
760 7 tid 106020
127 tid 106020
Remove  tid 106020
FindTargetPageId rootid 3 tid 106020
target_page_id id: 7 tid 106020
0 1 tid 106020
140 4 tid 106020
364 2 tid 106020
755 7 tid 106020
127 tid 106020
Remove  tid 106020
FindTargetPageId rootid 3 tid 106020
target_page_id id: 7 tid 106020
0 1 tid 106020
140 4 tid 106020
364 2 tid 106020
750 7 tid 106020
127 tid 106020
Remove  tid 106020
FindTargetPageId rootid 3 tid 106020
target_page_id id: 7 tid 106020
0 1 tid 106020
140 4 tid 106020
364 2 tid 106020
745 7 tid 106020
127 tid 106020
Remove  tid 106020
FindTargetPageId rootid 3 tid 106020
target_page_id id: 7 tid 106020
0 1 tid 106020
140 4 tid 106020
364 2 tid 106020
740 7 tid 106020
127 tid 106020
Remove  tid 106020
FindTargetPageId rootid 3 tid 106020
target_page_id id: 7 tid 106020
0 1 tid 106020
140 4 tid 106020
364 2 tid 106020
735 7 tid 106020
127 tid 106020
Remove  tid 106020
FindTargetPageId rootid 3 tid 106020
target_page_id id: 7 tid 106020
0 1 tid 106020
140 4 tid 106020
364 2 tid 106020
730 7 tid 106020
127 tid 106020
Remove  tid 106020
FindTargetPageId rootid 3 tid 106020
target_page_id id: 7 tid 106020
0 1 tid 106020
140 4 tid 106020
364 2 tid 106020
725 7 tid 106020
127 tid 106020
Remove  tid 106020
FindTargetPageId rootid 3 tid 106020
target_page_id id: 7 tid 106020
0 1 tid 106020
140 4 tid 106020
364 2 tid 106020
720 7 tid 106020
127 tid 106020
Remove  tid 106020
FindTargetPageId rootid 3 tid 106020
target_page_id id: 7 tid 106020
0 1 tid 106020
140 4 tid 106020
364 2 tid 106020
715 7 tid 106020
127 tid 106020
Remove  tid 106020
FindTargetPageId rootid 3 tid 106020
target_page_id id: 7 tid 106020
0 1 tid 106020
140 4 tid 106020
364 2 tid 106020
710 7 tid 106020
127 tid 106020
Remove  tid 106020
FindTargetPageId rootid 3 tid 106020
target_page_id id: 7 tid 106020
0 1 tid 106020
140 4 tid 106020
364 2 tid 106020
705 7 tid 106020
127 tid 106020
Remove  tid 106020
FindTargetPageId rootid 3 tid 106020
target_page_id id: 7 tid 106020
0 1 tid 106020
140 4 tid 106020
364 2 tid 106020
700 7 tid 106020
127 tid 106020
Remove  tid 106020
FindTargetPageId rootid 3 tid 106020
target_page_id id: 7 tid 106020
0 1 tid 106020
140 4 tid 106020
364 2 tid 106020
695 7 tid 106020
127 tid 106020
Remove  tid 106020
FindTargetPageId rootid 3 tid 106020
target_page_id id: 7 tid 106020
0 1 tid 106020
140 4 tid 106020
364 2 tid 106020
690 7 tid 106020
127 tid 106020
Remove  tid 106020
FindTargetPageId rootid 3 tid 106020
target_page_id id: 7 tid 106020
0 1 tid 106020
140 4 tid 106020
364 2 tid 106020
685 7 tid 106020
127 tid 106020
Remove  tid 106020
FindTargetPageId rootid 3 tid 106020
target_page_id id: 7 tid 106020
0 1 tid 106020
140 4 tid 106020
364 2 tid 106020
680 7 tid 106020
127 tid 106020
Remove  tid 106020
FindTargetPageId rootid 3 tid 106020
target_page_id id: 7 tid 106020
0 1 tid 106020
140 4 tid 106020
364 2 tid 106020
675 7 tid 106020
127 tid 106020
Remove  tid 106020
FindTargetPageId rootid 3 tid 106020
target_page_id id: 7 tid 106020
0 1 tid 106020
140 4 tid 106020
364 2 tid 106020
670 7 tid 106020
127 tid 106020
Remove  tid 106020
FindTargetPageId rootid 3 tid 106020
target_page_id id: 7 tid 106020
0 1 tid 106020
140 4 tid 106020
364 2 tid 106020
665 7 tid 106020
127 tid 106020
Remove  tid 106020
FindTargetPageId rootid 3 tid 106020
target_page_id id: 7 tid 106020
0 1 tid 106020
140 4 tid 106020
364 2 tid 106020
660 7 tid 106020
127 tid 106020
Remove  tid 106020
FindTargetPageId rootid 3 tid 106020
target_page_id id: 7 tid 106020
0 1 tid 106020
140 4 tid 106020
364 2 tid 106020
655 7 tid 106020
127 tid 106020
Remove  tid 106020
FindTargetPageId rootid 3 tid 106020
target_page_id id: 7 tid 106020
0 1 tid 106020
140 4 tid 106020
364 2 tid 106020
650 7 tid 106020
127 tid 106020
Remove  tid 106020
FindTargetPageId rootid 3 tid 106020
target_page_id id: 7 tid 106020
0 1 tid 106020
140 4 tid 106020
364 2 tid 106020
645 7 tid 106020
127 tid 106020
Remove  tid 106020
FindTargetPageId rootid 3 tid 106020
target_page_id id: 7 tid 106020
0 1 tid 106020
140 4 tid 106020
364 2 tid 106020
640 7 tid 106020
127 tid 106020
Remove  tid 106020
FindTargetPageId rootid 3 tid 106020
target_page_id id: 7 tid 106020
0 1 tid 106020
140 4 tid 106020
364 2 tid 106020
635 7 tid 106020
127 tid 106020
Remove  tid 106020
FindTargetPageId rootid 3 tid 106020
target_page_id id: 7 tid 106020
0 1 tid 106020
140 4 tid 106020
364 2 tid 106020
630 7 tid 106020
127 tid 106020
Remove  tid 106020
FindTargetPageId rootid 3 tid 106020
target_page_id id: 7 tid 106020
0 1 tid 106020
140 4 tid 106020
364 2 tid 106020
625 7 tid 106020
127 tid 106020
Remove  tid 106020
FindTargetPageId rootid 3 tid 106020
target_page_id id: 7 tid 106020
0 1 tid 106020
140 4 tid 106020
364 2 tid 106020
620 7 tid 106020
127 tid 106020
Remove  tid 106020
FindTargetPageId rootid 3 tid 106020
target_page_id id: 7 tid 106020
0 1 tid 106020
140 4 tid 106020
364 2 tid 106020
615 7 tid 106020
127 tid 106020
Remove  tid 106020
FindTargetPageId rootid 3 tid 106020
target_page_id id: 7 tid 106020
0 1 tid 106020
140 4 tid 106020
364 2 tid 106020
610 7 tid 106020
127 tid 106020
Remove  tid 106020
FindTargetPageId rootid 3 tid 106020
target_page_id id: 7 tid 106020
0 1 tid 106020
140 4 tid 106020
364 2 tid 106020
605 7 tid 106020
127 tid 106020
Remove  tid 106020
FindTargetPageId rootid 3 tid 106020
target_page_id id: 7 tid 106020
0 1 tid 106020
140 4 tid 106020
364 2 tid 106020
600 7 tid 106020
127 tid 106020
Remove  tid 106020
FindTargetPageId rootid 3 tid 106020
target_page_id id: 7 tid 106020
0 1 tid 106020
140 4 tid 106020
364 2 tid 106020
595 7 tid 106020
127 tid 106020
Remove  tid 106020
FindTargetPageId rootid 3 tid 106020
target_page_id id: 7 tid 106020
0 1 tid 106020
140 4 tid 106020
364 2 tid 106020
590 7 tid 106020
127 tid 106020
Remove  tid 106020
FindTargetPageId rootid 3 tid 106020
target_page_id id: 7 tid 106020
0 1 tid 106020
140 4 tid 106020
364 2 tid 106020
585 7 tid 106020
127 tid 106020
Remove  tid 106020
FindTargetPageId rootid 3 tid 106020
target_page_id id: 7 tid 106020
0 1 tid 106020
140 4 tid 106020
364 2 tid 106020
580 7 tid 106020
127 tid 106020
Remove  tid 106020
FindTargetPageId rootid 3 tid 106020
target_page_id id: 7 tid 106020
0 1 tid 106020
140 4 tid 106020
364 2 tid 106020
575 7 tid 106020
127 tid 106020
Remove  tid 106020
FindTargetPageId rootid 3 tid 106020
target_page_id id: 7 tid 106020
0 1 tid 106020
140 4 tid 106020
364 2 tid 106020
570 7 tid 106020
127 tid 106020
Remove  tid 106020
FindTargetPageId rootid 3 tid 106020
target_page_id id: 7 tid 106020
0 1 tid 106020
140 4 tid 106020
364 2 tid 106020
565 7 tid 106020
127 tid 106020
Remove  tid 106020
FindTargetPageId rootid 3 tid 106020
target_page_id id: 7 tid 106020
0 1 tid 106020
140 4 tid 106020
364 2 tid 106020
560 7 tid 106020
127 tid 106020
Remove  tid 106020
FindTargetPageId rootid 3 tid 106020
target_page_id id: 7 tid 106020
0 1 tid 106020
140 4 tid 106020
364 2 tid 106020
555 7 tid 106020
127 tid 106020
Remove  tid 106020
FindTargetPageId rootid 3 tid 106020
target_page_id id: 7 tid 106020
0 1 tid 106020
140 4 tid 106020
364 2 tid 106020
551 7 tid 106020
127 tid 106020
Remove  tid 106020
FindTargetPageId rootid 3 tid 106020
target_page_id id: 7 tid 106020
0 1 tid 106020
140 4 tid 106020
364 2 tid 106020
550 7 tid 106020
127 tid 106020
Remove  tid 106020
FindTargetPageId rootid 3 tid 106020
target_page_id id: 7 tid 106020
0 1 tid 106020
140 4 tid 106020
364 2 tid 106020
549 7 tid 106020
127 tid 106020
Remove  tid 106020
FindTargetPageId rootid 3 tid 106020
target_page_id id: 7 tid 106020
0 1 tid 106020
140 4 tid 106020
364 2 tid 106020
548 7 tid 106020
127 tid 106020
Remove  tid 106020
FindTargetPageId rootid 3 tid 106020
target_page_id id: 7 tid 106020
0 1 tid 106020
140 4 tid 106020
364 2 tid 106020
547 7 tid 106020
127 tid 106020
Remove  tid 106020
FindTargetPageId rootid 3 tid 106020
target_page_id id: 7 tid 106020
0 1 tid 106020
140 4 tid 106020
364 2 tid 106020
546 7 tid 106020
127 tid 106020
Remove  tid 106020
FindTargetPageId rootid 3 tid 106020
target_page_id id: 7 tid 106020
0 1 tid 106020
140 4 tid 106020
364 2 tid 106020
545 7 tid 106020
127 tid 106020
Remove  tid 106020
FindTargetPageId rootid 3 tid 106020
target_page_id id: 7 tid 106020
0 1 tid 106020
140 4 tid 106020
364 2 tid 106020
544 7 tid 106020
127 tid 106020
Remove  tid 106020
FindTargetPageId rootid 3 tid 106020
target_page_id id: 7 tid 106020
0 1 tid 106020
140 4 tid 106020
364 2 tid 106020
543 7 tid 106020
127 tid 106020
Remove  tid 106020
FindTargetPageId rootid 3 tid 106020
target_page_id id: 7 tid 106020
0 1 tid 106020
140 4 tid 106020
364 2 tid 106020
542 7 tid 106020
127 tid 106020
Remove  tid 106020
FindTargetPageId rootid 3 tid 106020
target_page_id id: 7 tid 106020
0 1 tid 106020
140 4 tid 106020
364 2 tid 106020
541 7 tid 106020
127 tid 106020
Remove  tid 106020
FindTargetPageId rootid 3 tid 106020
target_page_id id: 7 tid 106020
0 1 tid 106020
140 4 tid 106020
364 2 tid 106020
540 7 tid 106020
127 tid 106020
Remove  tid 106020
FindTargetPageId rootid 3 tid 106020
target_page_id id: 7 tid 106020
0 1 tid 106020
140 4 tid 106020
364 2 tid 106020
539 7 tid 106020
127 tid 106020
Remove  tid 106020
FindTargetPageId rootid 3 tid 106020
target_page_id id: 7 tid 106020
0 1 tid 106020
140 4 tid 106020
364 2 tid 106020
538 7 tid 106020
127 tid 106020
Remove  tid 106020
FindTargetPageId rootid 3 tid 106020
target_page_id id: 7 tid 106020
0 1 tid 106020
140 4 tid 106020
364 2 tid 106020
537 7 tid 106020
127 tid 106020
Remove  tid 106020
FindTargetPageId rootid 3 tid 106020
target_page_id id: 7 tid 106020
0 1 tid 106020
140 4 tid 106020
364 2 tid 106020
536 7 tid 106020
127 tid 106020
Remove  tid 106020
FindTargetPageId rootid 3 tid 106020
target_page_id id: 7 tid 106020
0 1 tid 106020
140 4 tid 106020
364 2 tid 106020
535 7 tid 106020
127 tid 106020
Remove  tid 106020
FindTargetPageId rootid 3 tid 106020
target_page_id id: 7 tid 106020
0 1 tid 106020
140 4 tid 106020
364 2 tid 106020
534 7 tid 106020
127 tid 106020
Remove  tid 106020
FindTargetPageId rootid 3 tid 106020
target_page_id id: 7 tid 106020
0 1 tid 106020
140 4 tid 106020
364 2 tid 106020
533 7 tid 106020
127 tid 106020
Remove  tid 106020
FindTargetPageId rootid 3 tid 106020
target_page_id id: 7 tid 106020
0 1 tid 106020
140 4 tid 106020
364 2 tid 106020
532 7 tid 106020
127 tid 106020
Remove  tid 106020
FindTargetPageId rootid 3 tid 106020
target_page_id id: 7 tid 106020
0 1 tid 106020
140 4 tid 106020
364 2 tid 106020
531 7 tid 106020
127 tid 106020
Remove  tid 106020
FindTargetPageId rootid 3 tid 106020
target_page_id id: 7 tid 106020
0 1 tid 106020
140 4 tid 106020
364 2 tid 106020
530 7 tid 106020
127 tid 106020
Remove  tid 106020
FindTargetPageId rootid 3 tid 106020
target_page_id id: 7 tid 106020
0 1 tid 106020
140 4 tid 106020
364 2 tid 106020
529 7 tid 106020
127 tid 106020
Remove  tid 106020
FindTargetPageId rootid 3 tid 106020
target_page_id id: 7 tid 106020
0 1 tid 106020
140 4 tid 106020
364 2 tid 106020
528 7 tid 106020
127 tid 106020
Remove  tid 106020
FindTargetPageId rootid 3 tid 106020
target_page_id id: 7 tid 106020
0 1 tid 106020
140 4 tid 106020
364 2 tid 106020
527 7 tid 106020
127 tid 106020
Remove  tid 106020
FindTargetPageId rootid 3 tid 106020
target_page_id id: 7 tid 106020
0 1 tid 106020
140 4 tid 106020
364 2 tid 106020
526 7 tid 106020
127 tid 106020
Remove  tid 106020
FindTargetPageId rootid 3 tid 106020
target_page_id id: 7 tid 106020
0 1 tid 106020
140 4 tid 106020
364 2 tid 106020
525 7 tid 106020
127 tid 106020
Remove  tid 106020
FindTargetPageId rootid 3 tid 106020
target_page_id id: 7 tid 106020
0 1 tid 106020
140 4 tid 106020
364 2 tid 106020
524 7 tid 106020
127 tid 106020
Remove  tid 106020
FindTargetPageId rootid 3 tid 106020
target_page_id id: 7 tid 106020
0 1 tid 106020
140 4 tid 106020
364 2 tid 106020
523 7 tid 106020
127 tid 106020
Remove  tid 106020
FindTargetPageId rootid 3 tid 106020
target_page_id id: 7 tid 106020
0 1 tid 106020
140 4 tid 106020
364 2 tid 106020
522 7 tid 106020
127 tid 106020
Remove  tid 106020
FindTargetPageId rootid 3 tid 106020
target_page_id id: 7 tid 106020
0 1 tid 106020
140 4 tid 106020
364 2 tid 106020
521 7 tid 106020
127 tid 106020
Remove  tid 106020
FindTargetPageId rootid 3 tid 106020
target_page_id id: 7 tid 106020
0 1 tid 106020
140 4 tid 106020
364 2 tid 106020
520 7 tid 106020
127 tid 106020
Remove  tid 106020
FindTargetPageId rootid 3 tid 106020
target_page_id id: 7 tid 106020
0 1 tid 106020
140 4 tid 106020
364 2 tid 106020
519 7 tid 106020
127 tid 106020
Remove  tid 106020
FindTargetPageId rootid 3 tid 106020
target_page_id id: 7 tid 106020
0 1 tid 106020
140 4 tid 106020
364 2 tid 106020
518 7 tid 106020
127 tid 106020
Remove  tid 106020
FindTargetPageId rootid 3 tid 106020
target_page_id id: 7 tid 106020
0 1 tid 106020
140 4 tid 106020
364 2 tid 106020
517 7 tid 106020
127 tid 106020
Remove  tid 106020
FindTargetPageId rootid 3 tid 106020
target_page_id id: 7 tid 106020
0 1 tid 106020
140 4 tid 106020
364 2 tid 106020
516 7 tid 106020
127 tid 106020
leaf_max_size 254
Insert  tid 105929
Insert  tid 105929
new root page id: 1 tid 105929
Insert  tid 105929
FindTargetPageId rootid 1 tid 105929
1 tid 105929
Insert  tid 105929
FindTargetPageId rootid 1 tid 105929
2 tid 105929
Insert  tid 105929
FindTargetPageId rootid 1 tid 105929
3 tid 105929
Insert  tid 105929
FindTargetPageId rootid 1 tid 105929
4 tid 105929
Insert  tid 105929
FindTargetPageId rootid 1 tid 105929
5 tid 105929
Insert  tid 105929
FindTargetPageId rootid 1 tid 105929
6 tid 105929
Insert  tid 105929
FindTargetPageId rootid 1 tid 105929
7 tid 105929
Insert  tid 105929
FindTargetPageId rootid 1 tid 105929
8 tid 105929
Insert  tid 105929
FindTargetPageId rootid 1 tid 105929
9 tid 105929
Insert  tid 105929
FindTargetPageId rootid 1 tid 105929
10 tid 105929
Insert  tid 105929
FindTargetPageId rootid 1 tid 105929
11 tid 105929
Insert  tid 105929
FindTargetPageId rootid 1 tid 105929
12 tid 105929
Insert  tid 105929
FindTargetPageId rootid 1 tid 105929
13 tid 105929
Insert  tid 105929
FindTargetPageId rootid 1 tid 105929
14 tid 105929
Insert  tid 105929
FindTargetPageId rootid 1 tid 105929
15 tid 105929
Insert  tid 105929
FindTargetPageId rootid 1 tid 105929
16 tid 105929
Insert  tid 105929
FindTargetPageId rootid 1 tid 105929
17 tid 105929
Insert  tid 105929
FindTargetPageId rootid 1 tid 105929
18 tid 105929
Insert  tid 105929
FindTargetPageId rootid 1 tid 105929
19 tid 105929
Insert  tid 105929
FindTargetPageId rootid 1 tid 105929
20 tid 105929
Insert  tid 105929
FindTargetPageId rootid 1 tid 105929
21 tid 105929
Insert  tid 105929
FindTargetPageId rootid 1 tid 105929
22 tid 105929
Insert  tid 105929
FindTargetPageId rootid 1 tid 105929
23 tid 105929
Insert  tid 105929
FindTargetPageId rootid 1 tid 105929
24 tid 105929
Insert  tid 105929
FindTargetPageId rootid 1 tid 105929
25 tid 105929
Insert  tid 105929
FindTargetPageId rootid 1 tid 105929
26 tid 105929
Insert  tid 105929
FindTargetPageId rootid 1 tid 105929
27 tid 105929
Insert  tid 105929
FindTargetPageId rootid 1 tid 105929
28 tid 105929
Insert  tid 105929
FindTargetPageId rootid 1 tid 105929
29 tid 105929
Insert  tid 105929
FindTargetPageId rootid 1 tid 105929
30 tid 105929
Insert  tid 105929
FindTargetPageId rootid 1 tid 105929
31 tid 105929
Insert  tid 105929
FindTargetPageId rootid 1 tid 105929
32 tid 105929
Insert  tid 105929
FindTargetPageId rootid 1 tid 105929
33 tid 105929
Insert  tid 105929
FindTargetPageId rootid 1 tid 105929
34 tid 105929
Insert  tid 105929
FindTargetPageId rootid 1 tid 105929
35 tid 105929
Insert  tid 105929
FindTargetPageId rootid 1 tid 105929
36 tid 105929
Insert  tid 105929
FindTargetPageId rootid 1 tid 105929
37 tid 105929
Insert  tid 105929
FindTargetPageId rootid 1 tid 105929
38 tid 105929
Insert  tid 105929
FindTargetPageId rootid 1 tid 105929
39 tid 105929
Insert  tid 105929
FindTargetPageId rootid 1 tid 105929
40 tid 105929
Insert  tid 105929
FindTargetPageId rootid 1 tid 105929
41 tid 105929
Insert  tid 105929
FindTargetPageId rootid 1 tid 105929
42 tid 105929
Insert  tid 105929
FindTargetPageId rootid 1 tid 105929
43 tid 105929
Insert  tid 105929
FindTargetPageId rootid 1 tid 105929
44 tid 105929
Insert  tid 105929
FindTargetPageId rootid 1 tid 105929
45 tid 105929
Insert  tid 105929
FindTargetPageId rootid 1 tid 105929
46 tid 105929
Insert  tid 105929
FindTargetPageId rootid 1 tid 105929
47 tid 105929
Insert  tid 105929
FindTargetPageId rootid 1 tid 105929
48 tid 105929
Insert  tid 105929
FindTargetPageId rootid 1 tid 105929
49 tid 105929
Insert  tid 105929
FindTargetPageId rootid 1 tid 105929
50 tid 105929
Insert  tid 105929
FindTargetPageId rootid 1 tid 105929
51 tid 105929
Insert  tid 105929
FindTargetPageId rootid 1 tid 105929
52 tid 105929
Insert  tid 105929
FindTargetPageId rootid 1 tid 105929
53 tid 105929
Insert  tid 105929
FindTargetPageId rootid 1 tid 105929
54 tid 105929
Insert  tid 105929
FindTargetPageId rootid 1 tid 105929
55 tid 105929
Insert  tid 105929
FindTargetPageId rootid 1 tid 105929
56 tid 105929
Insert  tid 105929
FindTargetPageId rootid 1 tid 105929
57 tid 105929
Insert  tid 105929
FindTargetPageId rootid 1 tid 105929
58 tid 105929
Insert  tid 105929
FindTargetPageId rootid 1 tid 105929
59 tid 105929
Insert  tid 105929
FindTargetPageId rootid 1 tid 105929
60 tid 105929
Insert  tid 105929
FindTargetPageId rootid 1 tid 105929
61 tid 105929
Insert  tid 105929
FindTargetPageId rootid 1 tid 105929
62 tid 105929
Insert  tid 105929
FindTargetPageId rootid 1 tid 105929
63 tid 105929
Insert  tid 105929
FindTargetPageId rootid 1 tid 105929
64 tid 105929
Insert  tid 105929
FindTargetPageId rootid 1 tid 105929
65 tid 105929
Insert  tid 105929
FindTargetPageId rootid 1 tid 105929
66 tid 105929
Insert  tid 105929
FindTargetPageId rootid 1 tid 105929
67 tid 105929
Insert  tid 105929
FindTargetPageId rootid 1 tid 105929
68 tid 105929
Insert  tid 105929
FindTargetPageId rootid 1 tid 105929
69 tid 105929
Insert  tid 105929
FindTargetPageId rootid 1 tid 105929
70 tid 105929
Insert  tid 105929
FindTargetPageId rootid 1 tid 105929
71 tid 105929
Insert  tid 105929
FindTargetPageId rootid 1 tid 105929
72 tid 105929
Insert  tid 105929
FindTargetPageId rootid 1 tid 105929
73 tid 105929
Insert  tid 105929
FindTargetPageId rootid 1 tid 105929
74 tid 105929
Insert  tid 105929
FindTargetPageId rootid 1 tid 105929
75 tid 105929
Insert  tid 105929
FindTargetPageId rootid 1 tid 105929
76 tid 105929
Insert  tid 105929
FindTargetPageId rootid 1 tid 105929
77 tid 105929
Insert  tid 105929
FindTargetPageId rootid 1 tid 105929
78 tid 105929
Insert  tid 105929
FindTargetPageId rootid 1 tid 105929
79 tid 105929
Insert  tid 105929
FindTargetPageId rootid 1 tid 105929
80 tid 105929
Insert  tid 105929
FindTargetPageId rootid 1 tid 105929
81 tid 105929
Insert  tid 105929
FindTargetPageId rootid 1 tid 105929
82 tid 105929
Insert  tid 105929
FindTargetPageId rootid 1 tid 105929
83 tid 105929
Insert  tid 105929
FindTargetPageId rootid 1 tid 105929
84 tid 105929
Insert  tid 105929
FindTargetPageId rootid 1 tid 105929
85 tid 105929
Insert  tid 105929
FindTargetPageId rootid 1 tid 105929
86 tid 105929
Insert  tid 105929
FindTargetPageId rootid 1 tid 105929
87 tid 105929
Insert  tid 105929
FindTargetPageId rootid 1 tid 105929
88 tid 105929
Insert  tid 105929
FindTargetPageId rootid 1 tid 105929
89 tid 105929
Insert  tid 105929
FindTargetPageId rootid 1 tid 105929
90 tid 105929
Insert  tid 105929
FindTargetPageId rootid 1 tid 105929
91 tid 105929
Insert  tid 105929
FindTargetPageId rootid 1 tid 105929
92 tid 105929
Insert  tid 105929
FindTargetPageId rootid 1 tid 105929
93 tid 105929
Insert  tid 105929
FindTargetPageId rootid 1 tid 105929
94 tid 105929
Insert  tid 105929
FindTargetPageId rootid 1 tid 105929
95 tid 105929
Insert  tid 105929
FindTargetPageId rootid 1 tid 105929
96 tid 105929
Insert  tid 105929
FindTargetPageId rootid 1 tid 105929
97 tid 105929
Insert  tid 105929
FindTargetPageId rootid 1 tid 105929
98 tid 105929
Insert  tid 105929
FindTargetPageId rootid 1 tid 105929
99 tid 105929
Insert  tid 105929
FindTargetPageId rootid 1 tid 105929
100 tid 105929
Insert  tid 105929
FindTargetPageId rootid 1 tid 105929
101 tid 105929
Insert  tid 105929
FindTargetPageId rootid 1 tid 105929
102 tid 105929
Insert  tid 105929
FindTargetPageId rootid 1 tid 105929
103 tid 105929
Insert  tid 105929
FindTargetPageId rootid 1 tid 105929
104 tid 105929
Insert  tid 105929
FindTargetPageId rootid 1 tid 105929
105 tid 105929
Insert  tid 105929
FindTargetPageId rootid 1 tid 105929
106 tid 105929
Insert  tid 105929
FindTargetPageId rootid 1 tid 105929
107 tid 105929
Insert  tid 105929
FindTargetPageId rootid 1 tid 105929
108 tid 105929
Insert  tid 105929
FindTargetPageId rootid 1 tid 105929
109 tid 105929
Insert  tid 105929
FindTargetPageId rootid 1 tid 105929
110 tid 105929
Insert  tid 105929
FindTargetPageId rootid 1 tid 105929
111 tid 105929
Insert  tid 105929
FindTargetPageId rootid 1 tid 105929
112 tid 105929
Insert  tid 105929
FindTargetPageId rootid 1 tid 105929
113 tid 105929
Insert  tid 105929
FindTargetPageId rootid 1 tid 105929
114 tid 105929
Insert  tid 105929
FindTargetPageId rootid 1 tid 105929
115 tid 105929
Insert  tid 105929
FindTargetPageId rootid 1 tid 105929
116 tid 105929
Insert  tid 105929
FindTargetPageId rootid 1 tid 105929
117 tid 105929
Insert  tid 105929
FindTargetPageId rootid 1 tid 105929
118 tid 105929
Insert  tid 105929
FindTargetPageId rootid 1 tid 105929
119 tid 105929
Insert  tid 105929
FindTargetPageId rootid 1 tid 105929
120 tid 105929
Insert  tid 105929
FindTargetPageId rootid 1 tid 105929
121 tid 105929
Insert  tid 105929
FindTargetPageId rootid 1 tid 105929
122 tid 105929
Insert  tid 105929
FindTargetPageId rootid 1 tid 105929
123 tid 105929
Insert  tid 105929
FindTargetPageId rootid 1 tid 105929
124 tid 105929
Insert  tid 105929
FindTargetPageId rootid 1 tid 105929
125 tid 105929
Insert  tid 105929
FindTargetPageId rootid 1 tid 105929
126 tid 105929
Insert  tid 105929
FindTargetPageId rootid 1 tid 105929
127 tid 105929
Insert  tid 105929
FindTargetPageId rootid 1 tid 105929
128 tid 105929
Insert  tid 105929
FindTargetPageId rootid 1 tid 105929
129 tid 105929
Insert  tid 105929
FindTargetPageId rootid 1 tid 105929
130 tid 105929
Insert  tid 105929
FindTargetPageId rootid 1 tid 105929
131 tid 105929
Insert  tid 105929
FindTargetPageId rootid 1 tid 105929
132 tid 105929
Insert  tid 105929
FindTargetPageId rootid 1 tid 105929
133 tid 105929
Insert  tid 105929
FindTargetPageId rootid 1 tid 105929
134 tid 105929
Insert  tid 105929
FindTargetPageId rootid 1 tid 105929
135 tid 105929
Insert  tid 105929
FindTargetPageId rootid 1 tid 105929
136 tid 105929
Insert  tid 105929
FindTargetPageId rootid 1 tid 105929
137 tid 105929
Insert  tid 105929
FindTargetPageId rootid 1 tid 105929
138 tid 105929
Insert  tid 105929
FindTargetPageId rootid 1 tid 105929
139 tid 105929
Insert  tid 105929
FindTargetPageId rootid 1 tid 105929
140 tid 105929
Insert  tid 105929
FindTargetPageId rootid 1 tid 105929
141 tid 105929
Insert  tid 105929
FindTargetPageId rootid 1 tid 105929
142 tid 105929
Insert  tid 105929
FindTargetPageId rootid 1 tid 105929
143 tid 105929
Insert  tid 105929
FindTargetPageId rootid 1 tid 105929
144 tid 105929
Insert  tid 105929
FindTargetPageId rootid 1 tid 105929
145 tid 105929
Insert  tid 105929
FindTargetPageId rootid 1 tid 105929
146 tid 105929
Insert  tid 105929
FindTargetPageId rootid 1 tid 105929
147 tid 105929
Insert  tid 105929
FindTargetPageId rootid 1 tid 105929
148 tid 105929
Insert  tid 105929
FindTargetPageId rootid 1 tid 105929
149 tid 105929
Insert  tid 105929
FindTargetPageId rootid 1 tid 105929
150 tid 105929
Insert  tid 105929
FindTargetPageId rootid 1 tid 105929
151 tid 105929
Insert  tid 105929
FindTargetPageId rootid 1 tid 105929
152 tid 105929
Insert  tid 105929
FindTargetPageId rootid 1 tid 105929
153 tid 105929
Insert  tid 105929
FindTargetPageId rootid 1 tid 105929
154 tid 105929
Insert  tid 105929
FindTargetPageId rootid 1 tid 105929
155 tid 105929
Insert  tid 105929
FindTargetPageId rootid 1 tid 105929
156 tid 105929
Insert  tid 105929
FindTargetPageId rootid 1 tid 105929
157 tid 105929
Insert  tid 105929
FindTargetPageId rootid 1 tid 105929
158 tid 105929
Insert  tid 105929
FindTargetPageId rootid 1 tid 105929
159 tid 105929
Insert  tid 105929
FindTargetPageId rootid 1 tid 105929
160 tid 105929
Insert  tid 105929
FindTargetPageId rootid 1 tid 105929
161 tid 105929
Insert  tid 105929
FindTargetPageId rootid 1 tid 105929
162 tid 105929
Insert  tid 105929
FindTargetPageId rootid 1 tid 105929
163 tid 105929
Insert  tid 105929
FindTargetPageId rootid 1 tid 105929
164 tid 105929
Insert  tid 105929
FindTargetPageId rootid 1 tid 105929
165 tid 105929
Insert  tid 105929
FindTargetPageId rootid 1 tid 105929
166 tid 105929
Insert  tid 105929
FindTargetPageId rootid 1 tid 105929
167 tid 105929
Insert  tid 105929
FindTargetPageId rootid 1 tid 105929
168 tid 105929
Insert  tid 105929
FindTargetPageId rootid 1 tid 105929
169 tid 105929
Insert  tid 105929
FindTargetPageId rootid 1 tid 105929
170 tid 105929
Insert  tid 105929
FindTargetPageId rootid 1 tid 105929
171 tid 105929
Insert  tid 105929
FindTargetPageId rootid 1 tid 105929
172 tid 105929
Insert  tid 105929
FindTargetPageId rootid 1 tid 105929
173 tid 105929
Insert  tid 105929
FindTargetPageId rootid 1 tid 105929
174 tid 105929
Insert  tid 105929
FindTargetPageId rootid 1 tid 105929
175 tid 105929
Insert  tid 105929
FindTargetPageId rootid 1 tid 105929
176 tid 105929
Insert  tid 105929
FindTargetPageId rootid 1 tid 105929
177 tid 105929
Insert  tid 105929
FindTargetPageId rootid 1 tid 105929
178 tid 105929
Insert  tid 105929
FindTargetPageId rootid 1 tid 105929
179 tid 105929
Insert  tid 105929
FindTargetPageId rootid 1 tid 105929
180 tid 105929
Insert  tid 105929
FindTargetPageId rootid 1 tid 105929
181 tid 105929
Insert  tid 105929
FindTargetPageId rootid 1 tid 105929
182 tid 105929
Insert  tid 105929
FindTargetPageId rootid 1 tid 105929
183 tid 105929
Insert  tid 105929
FindTargetPageId rootid 1 tid 105929
184 tid 105929
Insert  tid 105929
FindTargetPageId rootid 1 tid 105929
185 tid 105929
Insert  tid 105929
FindTargetPageId rootid 1 tid 105929
186 tid 105929
Insert  tid 105929
FindTargetPageId rootid 1 tid 105929
187 tid 105929
Insert  tid 105929
FindTargetPageId rootid 1 tid 105929
188 tid 105929
Insert  tid 105929
FindTargetPageId rootid 1 tid 105929
189 tid 105929
Insert  tid 105929
FindTargetPageId rootid 1 tid 105929
190 tid 105929
Insert  tid 105929
FindTargetPageId rootid 1 tid 105929
191 tid 105929
Insert  tid 105929
FindTargetPageId rootid 1 tid 105929
192 tid 105929
Insert  tid 105929
FindTargetPageId rootid 1 tid 105929
193 tid 105929
Insert  tid 105929
FindTargetPageId rootid 1 tid 105929
194 tid 105929
Insert  tid 105929
FindTargetPageId rootid 1 tid 105929
195 tid 105929
Insert  tid 105929
FindTargetPageId rootid 1 tid 105929
196 tid 105929
Insert  tid 105929
FindTargetPageId rootid 1 tid 105929
197 tid 105929
Insert  tid 105929
FindTargetPageId rootid 1 tid 105929
198 tid 105929
Insert  tid 105929
FindTargetPageId rootid 1 tid 105929
199 tid 105929
Insert  tid 106023
Insert  tid 106023
FindTargetPageId rootid 1 tid 106023
200 tid 106023
Insert  tid 106023
FindTargetPageId rootid 1 tid 106023
201 tid 106023
Insert  tid 106023
FindTargetPageId rootid 1 tid 106023
202 tid 106023
Insert  tid 106023
Remove  tid 106024
FindTargetPageId rootid 1 tid 106023
203 tid 106023
Insert  tid 106023
FindTargetPageId rootid 1 tid 106023
204 tid 106023
Insert  tid 106023
FindTargetPageId rootid 1 tid 106023
205 tid 106023
Insert  tid 106023
FindTargetPageId rootid 1 tid 106023
206 tid 106023
Insert  tid 106023
FindTargetPageId rootid 1 tid 106023
207 tid 106023
Insert  tid 106023
FindTargetPageId rootid 1 tid 106023
208 tid 106023
Insert  tid 106023
FindTargetPageId rootid 1 tid 106023
209 tid 106023
Insert  tid 106023
FindTargetPageId rootid 1 tid 106023
210 tid 106023
Insert  tid 106025
Remove  tid 106024
Insert  tid 106023
FindTargetPageId rootid 1 tid 106024
211 tid 106024
Remove  tid 106024
FindTargetPageId rootid 1 tid 106023
210 tid 106023
Insert  tid 106023
Insert  tid 106025
FindTargetPageId rootid 1 tid 106024
211 tid 106024
Remove  tid 106024
FindTargetPageId rootid 1 tid 106024
210 tid 106024
Remove  tid 106024
FindTargetPageId rootid 1 tid 106023
209 tid 106023
Insert  tid 106023
FindTargetPageId rootid 1 tid 106023
210 tid 106023
Insert  tid 106023
FindTargetPageId rootid 1 tid 106023
211 tid 106023
Insert  tid 106023
FindTargetPageId rootid 1 tid 106023
212 tid 106023
Insert  tid 106023
FindTargetPageId rootid 1 tid 106023
213 tid 106023
Insert  tid 106023
FindTargetPageId rootid 1 tid 106023
214 tid 106023
Insert  tid 106023
FindTargetPageId rootid 1 tid 106023
215 tid 106023
Insert  tid 106023
FindTargetPageId rootid 1 tid 106023
216 tid 106023
Insert  tid 106023
FindTargetPageId rootid 1 tid 106023
217 tid 106023
Insert  tid 106023
FindTargetPageId rootid 1 tid 106023
218 tid 106023
Insert  tid 106023
FindTargetPageId rootid 1 tid 106023
219 tid 106023
Insert  tid 106023
FindTargetPageId rootid 1 tid 106023
220 tid 106023
Insert  tid 106023
FindTargetPageId rootid 1 tid 106023
221 tid 106023
Insert  tid 106023
FindTargetPageId rootid 1 tid 106023
222 tid 106023
Insert  tid 106023
FindTargetPageId rootid 1 tid 106023
223 tid 106023
Insert  tid 106023
FindTargetPageId rootid 1 tid 106023
224 tid 106023
Insert  tid 106023
FindTargetPageId rootid 1 tid 106023
225 tid 106023
Insert  tid 106023
FindTargetPageId rootid 1 tid 106025
226 tid 106025
Insert  tid 106025
FindTargetPageId rootid 1 tid 106024
227 tid 106024
Remove  tid 106024
FindTargetPageId rootid 1 tid 106023
226 tid 106023
Insert  tid 106023
FindTargetPageId rootid 1 tid 106025
227 tid 106025
Insert  tid 106025
FindTargetPageId rootid 1 tid 106024
228 tid 106024
Remove  tid 106024
FindTargetPageId rootid 1 tid 106023
227 tid 106023
Insert  tid 106023
FindTargetPageId rootid 1 tid 106025
228 tid 106025
Insert  tid 106025
FindTargetPageId rootid 1 tid 106024
229 tid 106024
Remove  tid 106024
FindTargetPageId rootid 1 tid 106023
228 tid 106023
Insert  tid 106023
FindTargetPageId rootid 1 tid 106025
229 tid 106025
Insert  tid 106025
FindTargetPageId rootid 1 tid 106025
230 tid 106025
Insert  tid 106025
FindTargetPageId rootid 1 tid 106025
231 tid 106025
Insert  tid 106025
FindTargetPageId rootid 1 tid 106023
232 tid 106023
Insert  tid 106023
FindTargetPageId rootid 1 tid 106024
233 tid 106024
Remove  tid 106024
FindTargetPageId rootid 1 tid 106025
232 tid 106025
Insert  tid 106025
FindTargetPageId rootid 1 tid 106023
233 tid 106023
Insert  tid 106023
FindTargetPageId rootid 1 tid 106023
234 tid 106023
Insert  tid 106023
FindTargetPageId rootid 1 tid 106024
235 tid 106024
Remove  tid 106024
FindTargetPageId rootid 1 tid 106025
234 tid 106025
Insert  tid 106025
FindTargetPageId rootid 1 tid 106023
235 tid 106023
Insert  tid 106023
FindTargetPageId rootid 1 tid 106023
236 tid 106023
Insert  tid 106023
FindTargetPageId rootid 1 tid 106023
237 tid 106023
Insert  tid 106023
FindTargetPageId rootid 1 tid 106023
238 tid 106023
Insert  tid FindTargetPageId rootid 1060231 tid 
106025
239 tid 106025
Insert  tid 106025
FindTargetPageId rootid 1 tid 106024
239 tid 106024
Remove  tid 106024
FindTargetPageId rootid 1 tid 106023
238 tid 106023
Insert  tid 106023
FindTargetPageId rootid 1 tid 106023
239 tid 106023
Insert  tid 106023
FindTargetPageId rootid 1 tid 106025
240 tid 106025
Insert  tid 106025
FindTargetPageId rootid 1 tid 106024
240 tid 106024
Remove  tid 106024
FindTargetPageId rootid 1 tid 106023
239 tid 106023
Insert  tid 106023
FindTargetPageId rootid 1 tid 106023
240 tid 106023
Insert  tid 106023
FindTargetPageId rootid 1 tid 106023
241 tid 106023
Insert  tid 106023
FindTargetPageId rootid 1 tid 106023
242 tid 106023
Insert  tid 106023
FindTargetPageId rootid 1 tid 106023
243 tid 106023
Insert  tid 106023
FindTargetPageId rootid 1 tid 106023
244 tid 106023
Insert  tid 106023
FindTargetPageId rootid 1 tid 106023
245 tid 106023
Insert  tid 106023
FindTargetPageId rootid 1 tid 106023
246 tid 106023
Insert  tid 106023
FindTargetPageId rootid 1 tid 106023
247 tid 106023
Insert  tid 106023
FindTargetPageId rootid 1 tid 106023
248 tid 106023
Insert  tid 106023
FindTargetPageId rootid 1 tid 106025
249 tid 106025
Insert  tid 106025
FindTargetPageId rootid 1 tid 106025
249 tid 106025
Insert  tid 106025
FindTargetPageId rootid 1 tid 106025
249 tid 106025
Insert  tid 106025
FindTargetPageId rootid 1 tid 106025
249 tid 106025
Insert  tid 106025
FindTargetPageId rootid 1 tid 106025
249 tid 106025
Insert  tid 106025
FindTargetPageId rootid 1 tid 106025
249 tid 106025
Insert  tid 106025
FindTargetPageId rootid 1 tid 106023
249 tid 106023
Insert  tid 106023
FindTargetPageId rootid 1 tid 106023
250 tid 106023
Insert  tid 106023
FindTargetPageId rootid 1 tid 106023
251 tid 106023
Insert  tid 106023
FindTargetPageId rootid 1 tid 106023
252 tid 106023
Insert  tid 106023
FindTargetPageId rootid 1 tid 106023
253 tid 106023
Insert  tid 106023
FindTargetPageId rootid 1 tid 106025
254 tid 106025
Insert  tid 106025
FindTargetPageId rootid 1 tid 106025
254 tid 106025
Insert  tid 106025
FindTargetPageId rootid 1 tid 106025
254 tid 106025
Insert  tid 106025
FindTargetPageId rootid 1 tid 106025
254 tid 106025
Insert  tid 106025
FindTargetPageId rootid 1 tid 106023
254 tid 106023
Insert  tid 106023
FindTargetPageId rootid 3 tid 106024
target_page_id id: 1 tid 106024
0 1 tid 106024
365 2 tid 106024
127 tid 106024
Remove  tid 106024
FindTargetPageId rootid 1 tid 106025
254 tid 106025
Insert  tid 106025
FindTargetPageId rootid 1 tid 106025
254 tid 106025
Insert  tid 106025
FindTargetPageId rootid 1 tid 106023
254 tid 106023
Insert  tid 106023
FindTargetPageId rootid 5 tid 106024
target_page_id id: 1 tid 106024
0 1 tid 106024
365 4 tid 106024
127 tid 106024
Remove  tid 106024
FindTargetPageId rootid 1 tid 106025
254 tid 106025
Insert  tid 106025
FindTargetPageId rootid 1 tid 106023
254 tid 106023
Insert  tid 106023
FindTargetPageId rootid 7 tid 106024
target_page_id id: 1 tid 106024
0 1 tid 106024
365 6 tid 106024
127 tid 106024
Remove  tid 106024
FindTargetPageId rootid 1 tid 106024
254 tid 106024
Remove  tid 106024
FindTargetPageId rootid 1 tid 106023
253 tid 106023
Insert  tid 106023
FindTargetPageId rootid 1 tid 106023
254 tid 106023
Insert  tid 106023
FindTargetPageId rootid 9 tid 106023
target_page_id id: 1 tid 106023
0 1 tid 106023
365 8 tid 106023
127 tid 106023
Insert  tid 106023
FindTargetPageId rootid 9 tid 106023
target_page_id id: 1 tid 106023
0 1 tid 106023
365 8 tid 106023
128 tid 106023
Insert  tid 106023
FindTargetPageId rootid 9 tid 106023
target_page_id id: 1 tid 106023
0 1 tid 106023
365 8 tid 106023
129 tid 106023
Insert  tid 106023
FindTargetPageId rootid 9 tid 106025
target_page_id id: 1 tid 106025
0 1 tid 106025
365 8 tid 106025
130 tid 106025
Insert  tid 106025
FindTargetPageId rootid 9 tid 106025
target_page_id id: 1 tid 106025
0 1 tid 106025
365 8 tid 106025
130 tid 106025
Insert  tid 106025
FindTargetPageId rootid 9 tid 106023
target_page_id id: 1 tid 106023
0 1 tid 106023
365 8 tid 106023
130 tid 106023
Insert  tid 106023
FindTargetPageId rootid 9 tid 106023
target_page_id id: 1 tid 106023
0 1 tid 106023
365 8 tid 106023
131 tid 106023
Insert  tid 106023
FindTargetPageId rootid 9 tid 106023
target_page_id id: 1 tid 106023
0 1 tid 106023
365 8 tid 106023
132 tid 106023
Insert  tid 106023
FindTargetPageId rootid 9 tid 106023
target_page_id id: 1 tid 106023
0 1 tid 106023
365 8 tid 106023
133 tid 106023
Insert  tid 106023
FindTargetPageId rootid 9 tid 106023
target_page_id id: 1 tid 106023
0 1 tid 106023
365 8 tid 106023
134 tid 106023
Insert  tid 106023
FindTargetPageId rootid 9 tid 106025
target_page_id id: 1 tid 106025
0 1 tid 106025
365 8 tid 106025
135 tid 106025
Insert  tid 106025
FindTargetPageId rootid 9 tid 106025
target_page_id id: 1 tid 106025
0 1 tid 106025
365 8 tid 106025
135 tid 106025
Insert  tid 106025
FindTargetPageId rootid 9 tid 106025
target_page_id id: 1 tid 106025
0 1 tid 106025
365 8 tid 106025
135 tid 106025
Insert  tid 106025
FindTargetPageId rootid 9 tid 106025
target_page_id id: 1 tid 106025
0 1 tid 106025
365 8 tid 106025
135 tid 106025
Insert  tid 106025
FindTargetPageId rootid 9 tid 106025
target_page_id id: 1 tid 106025
0 1 tid 106025
365 8 tid 106025
135 tid 106025
Insert  tid 106025
FindTargetPageId rootid 9 tid 106024
target_page_id id: 1 tid 106024
0 1 tid 106024
365 8 tid 106024
135 tid 106024
Remove  tid 106024
FindTargetPageId rootid 9 tid 106024
target_page_id id: 1 tid 106024
0 1 tid 106024
365 8 tid 106024
134 tid 106024
Remove  tid 106024
FindTargetPageId rootid 9 tid 106024
target_page_id id: 1 tid 106024
0 1 tid 106024
365 8 tid 106024
133 tid 106024
Remove  tid 106024
FindTargetPageId rootid 9 tid 106024
target_page_id id: 1 tid 106024
0 1 tid 106024
365 8 tid 106024
132 tid 106024
Remove  tid 106024
FindTargetPageId rootid 9 tid 106024
target_page_id id: 1 tid 106024
0 1 tid 106024
365 8 tid 106024
131 tid 106024
Remove  tid 106024
FindTargetPageId rootid 9 tid 106023
target_page_id id: 1 tid 106023
0 1 tid 106023
365 8 tid 106023
130 tid 106023
Insert  tid 106023
FindTargetPageId rootid 9 tid 106025
target_page_id id: 1 tid 106025
0 1 tid 106025
365 8 tid 106025
131 tid 106025
Insert  tid 106025
FindTargetPageId rootid 9 tid 106025
target_page_id id: 1 tid 106025
0 1 tid 106025
365 8 tid 106025
131 tid 106025
Insert  tid 106025
FindTargetPageId rootid 9 tid 106025
target_page_id id: 1 tid 106025
0 1 tid 106025
365 8 tid 106025
131 tid 106025
Insert  tid 106025
FindTargetPageId rootid 9 tid 106025
target_page_id id: 1 tid 106025
0 1 tid 106025
365 8 tid 106025
131 tid 106025
Insert  tid 106025
FindTargetPageId rootid 9 tid 106025
target_page_id id: 1 tid 106025
0 1 tid 106025
365 8 tid 106025
131 tid 106025
Insert  tid 106025
FindTargetPageId rootid 9 tid 106025
target_page_id id: 1 tid 106025
0 1 tid 106025
365 8 tid 106025
131 tid 106025
Insert  tid 106025
FindTargetPageId rootid 9 tid 106025
target_page_id id: 1 tid 106025
0 1 tid 106025
365 8 tid 106025
131 tid 106025
Insert  tid 106025
FindTargetPageId rootid 9 tid 106024
target_page_id id: 1 tid 106024
0 1 tid 106024
365 8 tid 106024
131 tid 106024
Remove  tid 106024
FindTargetPageId rootid 9 tid 106023
target_page_id id: 1 tid 106023
0 1 tid 106023
365 8 tid 106023
130 tid 106023
Insert  tid 106023
FindTargetPageId rootid 9 tid 106023
target_page_id id: 1 tid 106023
0 1 tid 106023
365 8 tid 106023
131 tid 106023
Insert  tid 106023
FindTargetPageId rootid 9 tid 106023
target_page_id id: 1 tid 106023
0 1 tid 106023
365 8 tid 106023
132 tid 106023
Insert  tid 106023
FindTargetPageId rootid 9 tid 106023
target_page_id id: 1 tid 106023
0 1 tid 106023
365 8 tid 106023
133 tid 106023
Insert  tid 106023
FindTargetPageId rootid 9 tid 106023
target_page_id id: 1 tid 106023
0 1 tid 106023
365 8 tid 106023
134 tid 106023
Insert  tid 106023
FindTargetPageId rootid 9 tid 106023
target_page_id id: 1 tid 106023
0 1 tid 106023
365 8 tid 106023
135 tid 106023
FindTargetPageId rootid 9 tid 106024
Insert  tid target_page_id id: 1060231 tid 
106024
0 1 tid 106024
365 8 tid 106024
136 tid 106024
FindTargetPageId rootid 9 tid 106025
target_page_id id: 1 tid 106025
0 1 tid 106025
365 8 tid 106025
135 tid 106025
Remove  tid 106024
Insert  tid 106025
FindTargetPageId rootid 9 tid 106024
target_page_id id: 1 tid 106024
0 1 tid 106024
365 8 tid 106024
135 tid 106024
FindTargetPageId rootid 9 tid 106025
target_page_id id: 1 tid 106025
0 1 tid 106025
365 8 tid 106025
134 tid 106025
Insert  tid 106025
Remove  tid 106024
FindTargetPageId rootid 9 tid 106024
target_page_id id: 1 tid 106024
0 1 tid 106024
365 8 tid 106024
134 tid 106024
Remove  tid 106024
FindTargetPageId rootid 9 tid 106024
target_page_id id: 1 tid 106024
0 1 tid 106024
365 8 tid 106024
133 tid 106024
Remove  tid 106024
FindTargetPageId rootid 9 tid 106024
target_page_id id: 1 tid 106024
0 1 tid 106024
365 8 tid 106024
132 tid 106024
Remove  tid 106024
FindTargetPageId rootid 9 tid 106024
target_page_id id: 1 tid 106024
0 1 tid 106024
365 8 tid 106024
131 tid 106024
Remove  tid 106024
FindTargetPageId rootid 9 tid 106024
target_page_id id: 1 tid 106024
0 1 tid 106024
365 8 tid 106024
130 tid 106024
Remove  tid 106024
FindTargetPageId rootid 9 tid 106024
target_page_id id: 1 tid 106024
0 1 tid 106024
365 8 tid 106024
129 tid 106024
Remove  tid 106024
FindTargetPageId rootid 9 tid 106024
target_page_id id: 1 tid 106024
0 1 tid 106024
365 8 tid 106024
128 tid 106024
Remove  tid 106024
FindTargetPageId rootid 9 tid 106024
target_page_id id: 1 tid 106024
0 1 tid 106024
365 8 tid 106024
127 tid 106024
Remove  tid 106024
FindTargetPageId rootid 1 tid 106025
254 tid 106025
Insert  tid 106025
FindTargetPageId rootid 1 tid 106025
254 tid 106025
Insert  tid 106025
FindTargetPageId rootid 1 tid 106023
254 tid 106023
Insert  tid 106023
FindTargetPageId rootid 11 tid 106024
target_page_id id: 1 tid 106024
0 1 tid 106024
365 10 tid 106024
127 tid 106024
Remove  tid 106024
FindTargetPageId rootid 1 tid 106025
254 tid 106025
Insert  tid 106025
FindTargetPageId rootid 1 tid 106023
254 tid 106023
Insert  tid 106023
FindTargetPageId rootid 13 tid 106023
target_page_id id: 1 tid 106023
0 1 tid 106023
365 12 tid 106023
127 tid 106023
Insert  tid 106023
FindTargetPageId rootid 13 tid 106023
target_page_id id: 1 tid 106023
0 1 tid 106023
365 12 tid 106023
128 tid 106023
Insert  tid 106023
FindTargetPageId rootid 13 tid 106023
target_page_id id: 1 tid 106023
0 1 tid 106023
365 12 tid 106023
129 tid 106023
Insert  tid 106023
FindTargetPageId rootid 13 tid 106023
target_page_id id: 1 tid 106023
0 1 tid 106023
365 12 tid 106023
130 tid 106023
Insert  tid 106023
FindTargetPageId rootid 13 tid 106023
target_page_id id: 1 tid 106023
0 1 tid 106023
365 12 tid 106023
131 tid 106023
Insert  tid 106023
FindTargetPageId rootid 13 tid 106023
target_page_id id: 1 tid 106023
0 1 tid 106023
365 12 tid 106023
132 tid 106023
Insert  tid 106023
FindTargetPageId rootid 13 tid 106023
target_page_id id: 1 tid 106023
0 1 tid 106023
365 12 tid 106023
133 tid 106023
Insert  tid 106023
FindTargetPageId rootid 13 tid 106023
target_page_id id: 1 tid 106023
0 1 tid 106023
365 12 tid 106023
134 tid 106023
Insert  tid 106023
FindTargetPageId rootid 13 tid 106023
target_page_id id: 1 tid 106023
0 1 tid 106023
365 12 tid 106023
135 tid 106023
Insert  tid 106023
FindTargetPageId rootid 13 tid 106023
target_page_id id: 1 tid 106023
0 1 tid 106023
365 12 tid 106023
136 tid 106023
Insert  tid 106023
FindTargetPageId rootid 13 tid 106023
target_page_id id: 1 tid 106023
0 1 tid 106023
365 12 tid 106023
137 tid 106023
Insert  tid 106023
FindTargetPageId rootid 13 tid 106023
target_page_id id: 1 tid 106023
0 1 tid 106023
365 12 tid 106023
138 tid 106023
Insert  tid 106023
FindTargetPageId rootid 13 tid 106023
target_page_id id: 1 tid 106023
0 1 tid 106023
365 12 tid 106023
139 tid 106023
Insert  tid 106023
FindTargetPageId rootid 13 tid 106023
target_page_id id: 1 tid 106023
0 1 tid 106023
365 12 tid 106023
140 tid 106023
Insert  tid 106023
FindTargetPageId rootid 13 tid 106023
target_page_id id: 1 tid 106023
0 1 tid 106023
365 12 tid 106023
141 tid 106023
Insert  tid 106023
FindTargetPageId rootid 13 tid 106023
target_page_id id: 1 tid 106023
0 1 tid 106023
365 12 tid 106023
142 tid 106023
Insert  tid 106023
FindTargetPageId rootid 13 tid 106023
target_page_id id: 1 tid 106023
0 1 tid 106023
365 12 tid 106023
143 tid 106023
Insert  tid 106023
FindTargetPageId rootid 13 tid 106025
target_page_id id: 1 tid 106025
0 1 tid 106025
365 12 tid 106025
144 tid 106025
Insert  tid 106025
FindTargetPageId rootid 13 tid 106025
target_page_id id: 1 tid 106025
0 1 tid 106025
365 12 tid 106025
144 tid 106025
Insert  tid 106025
FindTargetPageId rootid 13 tid 106025
target_page_id id: 1 tid 106025
0 1 tid 106025
365 12 tid 106025
144 tid 106025
Insert  tid 106025
FindTargetPageId rootid 13 tid 106023
target_page_id id: 1 tid 106023
0 1 tid 106023
365 12 tid 106023
144 tid 106023
Insert  tid 106023
FindTargetPageId rootid 13 tid 106023
target_page_id id: 1 tid 106023
0 1 tid 106023
365 12 tid 106023
145 tid 106023
Insert  tid 106023
FindTargetPageId rootid 13 tid 106023
target_page_id id: 1 tid 106023
0 1 tid 106023
365 12 tid 106023
146 tid 106023
Insert  tid FindTargetPageId rootid 13 tid 106024
target_page_id id: 1 tid 106024
0 1 tid 106024
365 12 tid 106024
106023
147 tid 106024
Remove  tid 106024
FindTargetPageId rootid 13 tid 106025
target_page_id id: 1 tid 106025
0 1 tid 106025
365 12 tid 106025
146 tid 106025
Insert  tid 106025
FindTargetPageId rootid 13 tid 106025
target_page_id id: 1 tid 106025
0 1 tid 106025
365 12 tid 106025
146 tid 106025
Insert  tid 106025
FindTargetPageId rootid 13 tid 106025
target_page_id id: 1 tid 106025
0 1 tid 106025
365 12 tid 106025
146 tid 106025
Insert  tid 106025
FindTargetPageId rootid 13 tid 106025
target_page_id id: 1 tid 106025
0 1 tid 106025
365 12 tid 106025
146 tid 106025
Insert  tid 106025
FindTargetPageId rootid 13 tid 106025
target_page_id id: 1 tid 106025
0 1 tid 106025
365 12 tid 106025
146 tid 106025
Insert  tid 106025
FindTargetPageId rootid 13 tid 106023
target_page_id id: 1 tid 106023
0 1 tid 106023
365 12 tid 106023
146 tid 106023
Insert  tid 106023
FindTargetPageId rootid 13 tid 106024
target_page_id id: 1 tid 106024
0 1 tid 106024
365 12 tid 106024
147 tid 106024
Remove  tid 106024
FindTargetPageId rootid 13 tid 106025
target_page_id id: 1 tid 106025
0 1 tid 106025
365 12 tid 106025
146 tid 106025
Insert  tid 106025
FindTargetPageId rootid 13 tid 106023
target_page_id id: 1 tid 106023
0 1 tid 106023
365 12 tid 106023
146 tid 106023
Insert  tid 106023
FindTargetPageId rootid 13 tid 106023
target_page_id id: 1 tid 106023
0 1 tid 106023
365 12 tid 106023
147 tid 106023
Insert  tid 106023
FindTargetPageId rootid 13 tid 106023
target_page_id id: 1 tid 106023
0 1 tid 106023
365 12 tid 106023
148 tid 106023
Insert  tid 106023
FindTargetPageId rootid 13 tid 106023
target_page_id id: 1 tid 106023
0 1 tid 106023
365 12 tid 106023
149 tid 106023
Insert  tid 106023
FindTargetPageId rootid 13 tid 106023
target_page_id id: 1 tid 106023
0 1 tid 106023
365 12 tid 106023
150 tid 106023
Insert  tid 106023
FindTargetPageId rootid 13 tid 106023
target_page_id id: 1 tid 106023
0 1 tid 106023
365 12 tid 106023
151 tid 106023
Insert  tid 106023
FindTargetPageId rootid 13 tid 106023
target_page_id id: 1 tid 106023
0 1 tid 106023
365 12 tid 106023
152 tid 106023
Insert  tid 106023
FindTargetPageId rootid 13 tid 106023
target_page_id id: 1 tid 106023
0 1 tid 106023
365 12 tid 106023
153 tid 106023
Insert  tid 106023
FindTargetPageId rootid 13 tid 106023
target_page_id id: 1 tid 106023
0 1 tid 106023
365 12 tid 106023
154 tid 106023
Insert  tid 106023
FindTargetPageId rootid 13 tid 106023
target_page_id id: 1 tid 106023
0 1 tid 106023
365 12 tid 106023
155 tid 106023
Insert  tid 106023
FindTargetPageId rootid 13 tid 106023
target_page_id id: 1 tid 106023
0 1 tid 106023
365 12 tid 106023
156 tid 106023
Insert  tid 106023
FindTargetPageId rootid 13 tid 106025
target_page_id id: 1 tid 106025
0 1 tid 106025
365 12 tid 106025
157 tid 106025
Insert  tid 106025
FindTargetPageId rootid 13 tid 106024
target_page_id id: 1 tid 106024
0 1 tid 106024
365 12 tid 106024
157 tid 106024
Remove  tid 106024
FindTargetPageId rootid 13 tid 106023
target_page_id id: 1 tid 106023
0 1 tid 106023
365 12 tid 106023
156 tid 106023
Insert  tid 106023
FindTargetPageId rootid 13 tid 106025
target_page_id id: 1 tid 106025
0 1 tid 106025
365 12 tid 106025
157 tid 106025
FindTargetPageId rootid 13 tid 106024
target_page_id id: 1 tid 106024
0 1 tid 106024
365 12 tid 106024
157 tid 106024
Insert  tid 106025
Remove  tid 106024
FindTargetPageId rootid 13 tid 106025
target_page_id id: 1 tid 106025
0 1 tid 106025
365 12 tid 106025
156 tid 106025
Insert  tid 106025
FindTargetPageId rootid 13 tid 106025
target_page_id id: 1 tid 106025
0 1 tid 106025
365 12 tid 106025
156 tid 106025
Insert  tid 106025
FindTargetPageId rootid 13 tid 106023
target_page_id id: 1 tid 106023
0 1 tid 106023
365 12 tid 106023
156 tid 106023
Insert  tid 106023
FindTargetPageId rootid 13 tid 106024
target_page_id id: 1 tid 106024
0 1 tid 106024
365 12 tid 106024
157 tid 106024
Remove  tid 106024
FindTargetPageId rootid 13 tid 106024
target_page_id id: 1 tid 106024
0 1 tid 106024
365 12 tid 106024
156 tid 106024
Remove  tid 106024
FindTargetPageId rootid 13 tid 106024
target_page_id id: 1 tid 106024
0 1 tid 106024
365 12 tid 106024
155 tid 106024
Remove  tid 106024
FindTargetPageId rootid 13 tid 106024
target_page_id id: 1 tid 106024
0 1 tid 106024
365 12 tid 106024
154 tid 106024
Remove  tid 106024
FindTargetPageId rootid 13 tid 106024
target_page_id id: 1 tid 106024
0 1 tid 106024
365 12 tid 106024
153 tid 106024
Remove  tid 106024
FindTargetPageId rootid 13 tid 106024
target_page_id id: 1 tid 106024
0 1 tid 106024
365 12 tid 106024
152 tid 106024
Remove  tid 106024
FindTargetPageId rootid 13 tid 106024
target_page_id id: 1 tid 106024
0 1 tid 106024
365 12 tid 106024
151 tid 106024
Remove  tid 106024
FindTargetPageId rootid 13 tid 106024
target_page_id id: 1 tid 106024
0 1 tid 106024
365 12 tid 106024
150 tid 106024
Remove  tid 106024
FindTargetPageId rootid 13 tid 106024
target_page_id id: 1 tid 106024
0 1 tid 106024
365 12 tid 106024
149 tid 106024
Remove  tid 106024
FindTargetPageId rootid 13 tid 106023
target_page_id id: 1 tid 106023
0 1 tid 106023
365 12 tid 106023
148 tid 106023
Insert  tid 106023
FindTargetPageId rootid 13 tid 106023
target_page_id id: 1 tid 106023
0 1 tid 106023
365 12 tid 106023
149 tid 106023
Insert  tid 106023
FindTargetPageId rootid 13 tid 106023
target_page_id id: 1 tid 106023
0 1 tid 106023
365 12 tid 106023
150 tid 106023
Insert  tid 106023
FindTargetPageId rootid 13 tid 106023
target_page_id id: 1 tid 106023
0 1 tid 106023
365 12 tid 106023
151 tid 106023
Insert  tid 106023
FindTargetPageId rootid 13 tid 106023
target_page_id id: 1 tid 106023
0 1 tid 106023
365 12 tid 106023
152 tid 106023
Insert  tid 106023
FindTargetPageId rootid 13 tid 106023
target_page_id id: 1 tid 106023
0 1 tid 106023
365 12 tid 106023
153 tid 106023
Insert  tid 106023
FindTargetPageId rootid 13 tid 106023
target_page_id id: 1 tid 106023
0 1 tid 106023
365 12 tid 106023
154 tid 106023
Insert  tid 106023
FindTargetPageId rootid 13 tid 106023
target_page_id id: 1 tid 106023
0 1 tid 106023
365 12 tid 106023
155 tid 106023
Insert  tid 106023
FindTargetPageId rootid 13 tid 106023
target_page_id id: 1 tid 106023
0 1 tid 106023
365 12 tid 106023
156 tid 106023
Insert  tid 106023
FindTargetPageId rootid 13 tid 106025
target_page_id id: 1 tid 106025
0 1 tid 106025
365 12 tid 106025
157 tid 106025
Insert  tid 106025
FindTargetPageId rootid 13 tid 106025
target_page_id id: 1 tid 106025
0 1 tid 106025
365 12 tid 106025
157 tid 106025
Insert  tid 106025
FindTargetPageId rootid 13 tid 106025
target_page_id id: 1 tid 106025
0 1 tid 106025
365 12 tid 106025
157 tid 106025
Insert  tid 106025
FindTargetPageId rootid 13 tid 106025
target_page_id id: 1 tid 106025
0 1 tid 106025
365 12 tid 106025
157 tid 106025
Insert  tid 106025
FindTargetPageId rootid 13 tid 106025
target_page_id id: 1 tid 106025
0 1 tid 106025
365 12 tid 106025
157 tid 106025
Insert  tid 106025
FindTargetPageId rootid 13 tid 106023
target_page_id id: 1 tid 106023
0 1 tid 106023
365 12 tid 106023
157 tid 106023
Insert  tid 106023
FindTargetPageId rootid 13 tid 106023
target_page_id id: 1 tid 106023
0 1 tid 106023
365 12 tid 106023
158 tid 106023
Insert  tid 106023
FindTargetPageId rootid 13 tid 106024
target_page_id id: 1 tid 106024
0 1 tid 106024
365 12 tid 106024
159 tid 106024
Remove  tid 106024
FindTargetPageId rootid 13 tid 106024
target_page_id id: 1 tid 106024
0 1 tid 106024
365 12 tid 106024
158 tid 106024
Remove  tid 106024
FindTargetPageId rootid 13 tid 106025
target_page_id id: 1 tid 106025
0 1 tid 106025
365 12 tid 106025
157 tid 106025
Insert  tid 106025
FindTargetPageId rootid 13 tid 106023
target_page_id id: 1 tid 106023
0 1 tid 106023
365 12 tid 106023
157 tid 106023
Insert  tid 106023
FindTargetPageId rootid 13 tid 106023
target_page_id id: 1 tid 106023
0 1 tid 106023
365 12 tid 106023
158 tid 106023
Insert  tid 106023
FindTargetPageId rootid 13 tid 106024
target_page_id id: 1 tid 106024
0 1 tid 106024
365 12 tid 106024
159 tid 106024
Remove  tid 106024
FindTargetPageId rootid 13 tid 106024
target_page_id id: 1 tid 106024
0 1 tid 106024
365 12 tid 106024
158 tid 106024
Remove  tid 106024
FindTargetPageId rootid 13 tid 106024
target_page_id id: 1 tid 106024
0 1 tid 106024
365 12 tid 106024
157 tid 106024
Remove  tid 106024
FindTargetPageId rootid 13 tid 106024
target_page_id id: 1 tid 106024
0 1 tid 106024
365 12 tid 106024
156 tid 106024
Remove  tid 106024
FindTargetPageId rootid 13 tid 106024
target_page_id id: 1 tid 106024
0 1 tid 106024
365 12 tid 106024
155 tid 106024
Remove  tid 106024
FindTargetPageId rootid 13 tid 106024
target_page_id id: 1 tid 106024
0 1 tid 106024
365 12 tid 106024
154 tid 106024
Remove  tid 106024
FindTargetPageId rootid 13 tid 106024
target_page_id id: 1 tid 106024
0 1 tid 106024
365 12 tid 106024
153 tid 106024
Remove  tid 106024
FindTargetPageId rootid 13 tid 106025
target_page_id id: 1 tid 106025
0 1 tid 106025
365 12 tid 106025
152 tid 106025
Insert  tid 106025
FindTargetPageId rootid 13 tid 106025
target_page_id id: 1 tid 106025
0 1 tid 106025
365 12 tid 106025
152 tid 106025
Insert  tid 106025
FindTargetPageId rootid 13 tid 106023
target_page_id id: 1 tid 106023
0 1 tid 106023
365 12 tid 106023
152 tid 106023
Insert  tid 106023
FindTargetPageId rootid 13 tid 106024
target_page_id id: 1 tid 106024
0 1 tid 106024
365 12 tid 106024
153 tid 106024
Remove  tid 106024
FindTargetPageId rootid 13 tid 106025
target_page_id id: 1 tid 106025
0 1 tid 106025
365 12 tid 106025
152 tid 106025
Insert  tid 106025
FindTargetPageId rootid 13 tid 106023
target_page_id id: 1 tid 106023
0 1 tid 106023
365 12 tid 106023
152 tid 106023
Insert  tid 106023
FindTargetPageId rootid 13 tid 106023
target_page_id id: 1 tid 106023
0 1 tid 106023
365 12 tid 106023
153 tid 106023
Insert  tid 106023
FindTargetPageId rootid 13 tid 106023
target_page_id id: 1 tid 106023
0 1 tid 106023
365 12 tid 106023
154 tid 106023
Insert  tid 106023
FindTargetPageId rootid 13 tid 106023
target_page_id id: 1 tid 106023
0 1 tid 106023
365 12 tid 106023
155 tid 106023
Insert  tid 106023
FindTargetPageId rootid 13 tid 106023
target_page_id id: 1 tid 106023
0 1 tid 106023
365 12 tid 106023
156 tid 106023
Insert  tid 106023
FindTargetPageId rootid 13 tid 106024
target_page_id id: 1 tid 106024
0 1 tid 106024
365 12 tid 106024
157 tid 106024
Remove  tid 106024
FindTargetPageId rootid 13 tid 106024
target_page_id id: 1 tid 106024
0 1 tid 106024
365 12 tid 106024
156 tid 106024
Remove  tid 106024
FindTargetPageId rootid 13 tid 106024
target_page_id id: 1 tid 106024
0 1 tid 106024
365 12 tid 106024
155 tid 106024
Remove  tid 106024
FindTargetPageId rootid 13 tid 106025
target_page_id id: 1 tid 106025
0 1 tid 106025
365 12 tid 106025
154 tid 106025
Insert  tid 106025
FindTargetPageId rootid 13 tid 106025
target_page_id id: 1 tid 106025
0 1 tid 106025
365 12 tid 106025
154 tid 106025
Insert  tid 106025
FindTargetPageId rootid 13 tid 106025
target_page_id id: 1 tid 106025
0 1 tid 106025
365 12 tid 106025
154 tid 106025
Insert  tid 106025
FindTargetPageId rootid 13 tid 106025
target_page_id id: 1 tid 106025
0 1 tid 106025
365 12 tid 106025
154 tid 106025
Insert  tid 106025
FindTargetPageId rootid 13 tid 106025
target_page_id id: 1 tid 106025
0 1 tid 106025
365 12 tid 106025
154 tid 106025
Insert  tid 106025
FindTargetPageId rootid 13 tid 106025
target_page_id id: 1 tid 106025
0 1 tid 106025
365 12 tid 106025
154 tid 106025
Insert  tid 106025
FindTargetPageId rootid 13 tid 106023
target_page_id id: 1 tid 106023
0 1 tid 106023
365 12 tid 106023
154 tid 106023
Insert  tid 106023
FindTargetPageId rootid 13 tid 106024
target_page_id id: 1 tid 106024
0 1 tid 106024
365 12 tid 106024
155 tid 106024
Remove  tid 106024
FindTargetPageId rootid 13 tid 106024
target_page_id id: 1 tid 106024
0 1 tid 106024
365 12 tid 106024
154 tid 106024
Remove  tid 106024
FindTargetPageId rootid 13 tid 106023
target_page_id id: 1 tid 106023
0 1 tid 106023
365 12 tid 106023
153 tid 106023
Insert  tid 106023
FindTargetPageId rootid 13 tid 106025
target_page_id id: 1 tid 106025
0 1 tid 106025
365 12 tid 106025
154 tid 106025
Insert  tid 106025
FindTargetPageId rootid 13 tid 106024
target_page_id id: 1 tid 106024
0 1 tid 106024
365 12 tid 106024
154 tid 106024
Remove  tid 106024
FindTargetPageId rootid 13 tid 106023
target_page_id id: 1 tid 106023
0 1 tid 106023
365 12 tid 106023
153 tid 106023
Insert  tid 106023
FindTargetPageId rootid 13 tid 106023
target_page_id id: 1 tid 106023
0 1 tid 106023
365 12 tid 106023
154 tid 106023
Insert  tid 106023
FindTargetPageId rootid 13 tid 106024
target_page_id id: 1 tid 106024
0 1 tid 106024
365 12 tid 106024
155 tid 106024
Remove  tid 106024
FindTargetPageId rootid 13 tid 106024
target_page_id id: 1 tid 106024
0 1 tid 106024
365 12 tid 106024
154 tid 106024
Remove  tid 106024
FindTargetPageId rootid 13 tid 106024
target_page_id id: 1 tid 106024
0 1 tid 106024
365 12 tid 106024
153 tid 106024
Remove  tid 106024
FindTargetPageId rootid 13 tid 106024
target_page_id id: 1 tid 106024
0 1 tid 106024
365 12 tid 106024
152 tid 106024
Remove  tid 106024
FindTargetPageId rootid 13 tid 106024
target_page_id id: 1 tid 106024
0 1 tid 106024
365 12 tid 106024
151 tid 106024
Remove  tid 106024
FindTargetPageId rootid 13 tid 106024
target_page_id id: 1 tid 106024
0 1 tid 106024
365 12 tid 106024
150 tid 106024
Remove  tid 106024
FindTargetPageId rootid 13 tid 106024
target_page_id id: 1 tid 106024
0 1 tid 106024
365 12 tid 106024
149 tid 106024
Remove  tid 106024
FindTargetPageId rootid 13 tid 106024
target_page_id id: 1 tid 106024
0 1 tid 106024
365 12 tid 106024
148 tid 106024
Remove  tid 106024
FindTargetPageId rootid 13 tid 106024
target_page_id id: 1 tid 106024
0 1 tid 106024
365 12 tid 106024
147 tid 106024
Remove  tid 106024
FindTargetPageId rootid 13 tid 106024
target_page_id id: 1 tid 106024
0 1 tid 106024
365 12 tid 106024
146 tid 106024
Remove  tid 106024
FindTargetPageId rootid 13 tid 106024
target_page_id id: 1 tid 106024
0 1 tid 106024
365 12 tid 106024
145 tid 106024
Remove  tid 106024
FindTargetPageId rootid 13 tid 106024
target_page_id id: 1 tid 106024
0 1 tid 106024
365 12 tid 106024
144 tid 106024
Remove  tid 106024
FindTargetPageId rootid 13 tid 106024
target_page_id id: 1 tid 106024
0 1 tid 106024
365 12 tid 106024
143 tid 106024
Remove  tid 106024
FindTargetPageId rootid 13 tid 106024
target_page_id id: 1 tid 106024
0 1 tid 106024
365 12 tid 106024
142 tid 106024
Remove  tid 106024
FindTargetPageId rootid 13 tid 106024
target_page_id id: 1 tid 106024
0 1 tid 106024
365 12 tid 106024
141 tid 106024
Remove  tid 106024
FindTargetPageId rootid 13 tid 106024
target_page_id id: 1 tid 106024
0 1 tid 106024
365 12 tid 106024
140 tid 106024
Remove  tid 106024
FindTargetPageId rootid 13 tid 106024
target_page_id id: 1 tid 106024
0 1 tid 106024
365 12 tid 106024
139 tid 106024
Remove  tid 106024
FindTargetPageId rootid 13 tid 106024
target_page_id id: 1 tid 106024
0 1 tid 106024
365 12 tid 106024
138 tid 106024
Remove  tid 106024
FindTargetPageId rootid 13 tid 106024
target_page_id id: 1 tid 106024
0 1 tid 106024
365 12 tid 106024
137 tid 106024
Remove  tid 106024
FindTargetPageId rootid 13 tid 106024
target_page_id id: 1 tid 106024
0 1 tid 106024
365 12 tid 106024
136 tid 106024
Remove  tid 106024
FindTargetPageId rootid 13 tid 106024
target_page_id id: 1 tid 106024
0 1 tid 106024
365 12 tid 106024
135 tid 106024
Remove  tid 106024
FindTargetPageId rootid 13 tid 106024
target_page_id id: 1 tid 106024
0 1 tid 106024
365 12 tid 106024
134 tid 106024
Remove  tid 106024
FindTargetPageId rootid 13 tid 106024
target_page_id id: 1 tid 106024
0 1 tid 106024
365 12 tid 106024
133 tid 106024
Remove  tid 106024
FindTargetPageId rootid 13 tid 106024
target_page_id id: 1 tid 106024
0 1 tid 106024
365 12 tid 106024
132 tid 106024
Remove  tid 106024
FindTargetPageId rootid 13 tid 106024
target_page_id id: 1 tid 106024
0 1 tid 106024
365 12 tid 106024
131 tid 106024
Remove  tid 106024
FindTargetPageId rootid 13 tid 106024
target_page_id id: 1 tid 106024
0 1 tid 106024
365 12 tid 106024
130 tid 106024
Remove  tid 106024
FindTargetPageId rootid 13 tid 106024
target_page_id id: 1 tid 106024
0 1 tid 106024
365 12 tid 106024
129 tid 106024
Remove  tid 106024
FindTargetPageId rootid 13 tid 106024
target_page_id id: 1 tid 106024
0 1 tid 106024
365 12 tid 106024
128 tid 106024
Remove  tid 106024
FindTargetPageId rootid 13 tid 106024
target_page_id id: 1 tid 106024
0 1 tid 106024
365 12 tid 106024
127 tid 106024
Remove  tid 106024
FindTargetPageId rootid 1 tid 106024
254 tid 106024
Remove  tid 106024
FindTargetPageId rootid 1 tid 106024
253 tid 106024
Remove  tid 106024
FindTargetPageId rootid 1 tid 106024
252 tid 106024
Remove  tid 106024
FindTargetPageId rootid 1 tid 106024
251 tid 106024
Remove  tid 106024
FindTargetPageId rootid 1 tid 106024
250 tid 106024
Remove  tid 106024
FindTargetPageId rootid 1 tid 106024
249 tid 106024
Remove  tid 106024
FindTargetPageId rootid 1 tid 106024
248 tid 106024
Remove  tid 106024
FindTargetPageId rootid 1 tid 106024
247 tid 106024
Remove  tid 106024
FindTargetPageId rootid 1 tid 106024
246 tid 106024
Remove  tid 106024
FindTargetPageId rootid 1 tid 106024
245 tid 106024
Remove  tid 106024
FindTargetPageId rootid 1 tid 106024
244 tid 106024
Remove  tid 106024
FindTargetPageId rootid 1 tid 106024
243 tid 106024
Remove  tid 106024
FindTargetPageId rootid 1 tid 106024
242 tid 106024
Remove  tid 106024
FindTargetPageId rootid 1 tid 106024
241 tid 106024
Remove  tid 106024
FindTargetPageId rootid 1 tid 106024
240 tid 106024
Remove  tid 106024
FindTargetPageId rootid 1 tid 106024
239 tid 106024
Remove  tid 106024
FindTargetPageId rootid 1 tid 106024
238 tid 106024
Remove  tid 106024
FindTargetPageId rootid 1 tid 106024
237 tid 106024
Remove  tid 106024
FindTargetPageId rootid 1 tid 106024
236 tid 106024
Remove  tid 106024
FindTargetPageId rootid 1 tid 106024
235 tid 106024
Remove  tid 106024
FindTargetPageId rootid 1 tid 106024
234 tid 106024
Remove  tid 106024
FindTargetPageId rootid 1 tid 106024
233 tid 106024
Remove  tid 106024
FindTargetPageId rootid 1 tid 106024
232 tid 106024
Remove  tid 106024
FindTargetPageId rootid 1 tid 106024
231 tid 106024
Remove  tid 106024
FindTargetPageId rootid 1 tid 106024
230 tid 106024
Remove  tid 106024
FindTargetPageId rootid 1 tid 106024
229 tid 106024
Remove  tid 106024
FindTargetPageId rootid 1 tid 106024
228 tid 106024
Remove  tid 106024
FindTargetPageId rootid 1 tid 106024
227 tid 106024
Remove  tid 106024
FindTargetPageId rootid 1 tid 106024
226 tid 106024
Remove  tid 106024
FindTargetPageId rootid 1 tid 106024
225 tid 106024
Remove  tid 106024
FindTargetPageId rootid 1 tid 106024
224 tid 106024
Remove  tid 106024
FindTargetPageId rootid 1 tid 106024
223 tid 106024
Remove  tid 106024
FindTargetPageId rootid 1 tid 106024
222 tid 106024
Remove  tid 106024
FindTargetPageId rootid 1 tid 106024
221 tid 106024
Remove  tid 106024
FindTargetPageId rootid 1 tid 106024
220 tid 106024
Remove  tid 106024
FindTargetPageId rootid 1 tid 106024
219 tid 106024
Remove  tid 106024
FindTargetPageId rootid 1 tid 106024
218 tid 106024
Remove  tid 106024
FindTargetPageId rootid 1 tid 106024
217 tid 106024
Remove  tid 106024
FindTargetPageId rootid 1 tid 106024
216 tid 106024
Remove  tid 106024
FindTargetPageId rootid 1 tid 106024
215 tid 106024
Remove  tid 106024
FindTargetPageId rootid 1 tid 106024
214 tid 106024
Remove  tid 106024
FindTargetPageId rootid 1 tid 106024
213 tid 106024
Remove  tid 106024
FindTargetPageId rootid 1 tid 106024
212 tid 106024
Remove  tid 106024
FindTargetPageId rootid 1 tid 106024
211 tid 106024
Remove  tid 106024
FindTargetPageId rootid 1 tid 106024
210 tid 106024
Remove  tid 106024
FindTargetPageId rootid 1 tid 106024
209 tid 106024
Remove  tid 106024
FindTargetPageId rootid 1 tid 106024
208 tid 106024
Remove  tid 106024
FindTargetPageId rootid 1 tid 106024
208 tid 106024
Remove  tid 106024
FindTargetPageId rootid 1 tid 106024
208 tid 106024
Remove  tid 106024
FindTargetPageId rootid 1 tid 106024
208 tid 106024
Remove  tid 106024
FindTargetPageId rootid 1 tid 106024
208 tid 106024
Remove  tid 106024
FindTargetPageId rootid 1 tid 106024
208 tid 106024
Remove  tid 106024
FindTargetPageId rootid 1 tid 106024
208 tid 106024
Remove  tid 106024
FindTargetPageId rootid 1 tid 106024
208 tid 106024
Remove  tid 106024
FindTargetPageId rootid 1 tid 106024
208 tid 106024
Remove  tid 106024
FindTargetPageId rootid 1 tid 106024
208 tid 106024
Remove  tid 106024
FindTargetPageId rootid 1 tid 106024
208 tid 106024
Remove  tid 106024
FindTargetPageId rootid 1 tid 106024
208 tid 106024
Remove  tid 106024
FindTargetPageId rootid 1 tid 106024
208 tid 106024
Remove  tid 106024
FindTargetPageId rootid 1 tid 106024
208 tid 106024
Remove  tid 106024
FindTargetPageId rootid 1 tid 106024
208 tid 106024
Remove  tid 106024
FindTargetPageId rootid 1 tid 106024
208 tid 106024
Remove  tid 106024
FindTargetPageId rootid 1 tid 106024
208 tid 106024
Remove  tid 106024
FindTargetPageId rootid 1 tid 106024
208 tid 106024
Remove  tid 106024
FindTargetPageId rootid 1 tid 106024
208 tid 106024
Remove  tid 106024
FindTargetPageId rootid 1 tid 106024
208 tid 106024
Remove  tid 106024
FindTargetPageId rootid 1 tid 106024
208 tid 106024
Remove  tid 106024
FindTargetPageId rootid 1 tid 106024
208 tid 106024
Remove  tid 106024
FindTargetPageId rootid 1 tid 106024
208 tid 106024
Remove  tid 106024
FindTargetPageId rootid 1 tid 106024
208 tid 106024
Remove  tid 106024
FindTargetPageId rootid 1 tid 106024
208 tid 106024
Remove  tid 106024
FindTargetPageId rootid 1 tid 106024
208 tid 106024
Remove  tid 106024
FindTargetPageId rootid 1 tid 106024
208 tid 106024
Remove  tid 106024
FindTargetPageId rootid 1 tid 106024
208 tid 106024
FindTargetPageId rootid 1 tid 106023
Remove  tid 208 tid 106024
106023
Insert  tid 106023
FindTargetPageId rootid 1 tid 106025
209 tid 106025
Insert  tid 106025
FindTargetPageId rootid 1 tid 106025
210 tid 106025
Insert  tid 106025
FindTargetPageId rootid 1 tid 106025
211 tid 106025
Insert  tid 106025
FindTargetPageId rootid 1 tid 106025
212 tid 106025
Insert  tid 106025
FindTargetPageId rootid 1 tid 106025
213 tid 106025
Insert  tid 106025
FindTargetPageId rootid 1 tid 106025
214 tid 106025
Insert  tid 106025
FindTargetPageId rootid 1 tid 106025
215 tid 106025
Insert  tid 106025
FindTargetPageId rootid 1 tid 106025
216 tid 106025
Insert  tid 106025
FindTargetPageId rootid 1 tid 106025
217 tid 106025
Insert  tid 106025
FindTargetPageId rootid 1 tid 106025
218 tid 106025
Insert  tid 106025
FindTargetPageId rootid 1 tid 106025
219 tid 106025
Insert  tid 106025
FindTargetPageId rootid 1 tid 106025
220 tid 106025
Insert  tid 106025
FindTargetPageId rootid 1 tid 106025
221 tid 106025
Insert  tid 106025
FindTargetPageId rootid 1 tid 106025
222 tid 106025
Insert  tid 106025
FindTargetPageId rootid 1 tid 106025
223 tid 106025
Insert  tid 106025
FindTargetPageId rootid 1 tid 106025
224 tid 106025
Insert  tid 106025
FindTargetPageId rootid 1 tid 106025
225 tid 106025
Insert  tid 106025
FindTargetPageId rootid 1 tid 106025
226 tid 106025
Insert  tid 106025
FindTargetPageId rootid 1 tid 106025
227 tid 106025
Insert  tid 106025
FindTargetPageId rootid 1 tid 106025
228 tid 106025
Insert  tid 106025
FindTargetPageId rootid 1 tid 106025
229 tid 106025
Insert  tid 106025
FindTargetPageId rootid 1 tid 106025
230 tid 106025
Insert  tid 106025
FindTargetPageId rootid 1 tid 106025
231 tid 106025
Insert  tid 106025
FindTargetPageId rootid 1 tid 106025
232 tid 106025
Insert  tid 106025
FindTargetPageId rootid 1 tid 106025
233 tid 106025
Insert  tid 106025
FindTargetPageId rootid 1 tid 106025
234 tid 106025
Insert  tid 106025
FindTargetPageId rootid 1 tid 106025
235 tid 106025
Insert  tid 106025
FindTargetPageId rootid 1 tid 106025
236 tid 106025
Insert  tid 106025
FindTargetPageId rootid 1 tid 106025
237 tid 106025
Insert  tid 106025
FindTargetPageId rootid 1 tid 106025
238 tid 106025
Insert  tid 106025
FindTargetPageId rootid 1 tid 106025
239 tid 106025
Insert  tid 106025
FindTargetPageId rootid 1 tid 106025
240 tid 106025
Insert  tid 106025
FindTargetPageId rootid 1 tid 106024
241 tid 106024
Remove  tid 106024
FindTargetPageId rootid 1 tid 106024
241 tid 106024
Remove  tid 106024
FindTargetPageId rootid 1 tid 106024
241 tid 106024
Remove  tid FindTargetPageId rootid 106024
1 tid 106023
241 tid 106023
Insert  tid 106023
FindTargetPageId rootid 1 tid 106023
242 tid 106023
Insert  tid 106023
FindTargetPageId rootid 1 tid 106023
243 tid 106023
Insert  tid 106023
FindTargetPageId rootid 1 tid 106023
244 tid 106023
Insert  tid 106023
FindTargetPageId rootid 1 tid 106025
245 tid 106025
Insert  tid 106025
FindTargetPageId rootid 1 tid 106025
246 tid 106025
Insert  tid 106025
FindTargetPageId rootid 1 tid 106024
247 tid 106024
Remove  tid 106024
FindTargetPageId rootid 1 tid 106024
247 tid 106024
Remove  tid 106024
FindTargetPageId rootid 1 tid 106024
247 tid 106024
Remove  tid 106024
FindTargetPageId rootid 1 tid 106024
247 tid 106024
Remove  tid 106024
FindTargetPageId rootid 1 tid 106024
247 tid 106024
Remove  tid 106024
FindTargetPageId rootid 1 tid 106023
247 tid 106023
Insert  tid 106023
FindTargetPageId rootid 1 tid 106025
248 tid 106025
Insert  tid 106025
FindTargetPageId rootid 1 tid 106025
249 tid 106025
Insert  tid 106025
FindTargetPageId rootid 1 tid 106025
250 tid 106025
Insert  tid 106025
FindTargetPageId rootid 1 tid 106025
251 tid 106025
Insert  tid 106025
FindTargetPageId rootid 1 tid 106025
252 tid 106025
Insert  tid 106025
FindTargetPageId rootid 1 tid 106023
253 tid 106023
Insert  tid 106023
FindTargetPageId rootid 1 tid 106023
254 tid 106023
Insert  tid 106023
FindTargetPageId rootid 15 tid 106025
target_page_id id: 1 tid 106025
0 1 tid 106025
365 14 tid 106025
127 tid 106025
Insert  tid 106025
FindTargetPageId rootid 15 tid 106025
target_page_id id: 1 tid 106025
0 1 tid 106025
365 14 tid 106025
128 tid 106025
Insert  tid 106025
FindTargetPageId rootid 15 tid 106025
target_page_id id: 1 tid 106025
0 1 tid 106025
365 14 tid 106025
129 tid 106025
Insert  tid 106025
FindTargetPageId rootid 15 tid 106025
target_page_id id: 1 tid 106025
0 1 tid 106025
365 14 tid 106025
130 tid 106025
Insert  tid 106025
FindTargetPageId rootid 15 tid 106025
target_page_id id: 1 tid 106025
0 1 tid 106025
365 14 tid 106025
131 tid 106025
Insert  tid 106025
FindTargetPageId rootid 15 tid 106023
target_page_id id: 1 tid 106023
0 1 tid 106023
365 14 tid 106023
132 tid 106023
Insert  tid 106023
FindTargetPageId rootid 15 tid 106023
target_page_id id: 1 tid 106023
0 1 tid 106023
365 14 tid 106023
133 tid 106023
Insert  tid 106023
FindTargetPageId rootid 15 tid 106023
target_page_id id: 1 tid 106023
0 1 tid 106023
365 14 tid 106023
134 tid 106023
FindTargetPageId rootid 15 tid 106024
target_page_id id: 1 tid 106024
0 1 tid 106024
365 14 tid 106024
135 tid 106024
Remove  tid 106024
FindTargetPageId rootid 15 tid 106024
target_page_id id: 1 tid 106024
0 1 tid 106024
365 14 tid 106024
135 tid 106024
Remove  tid 106024
FindTargetPageId rootid 15 tid 106024
target_page_id id: 1 tid 106024
0 1 tid 106024
365 14 tid 106024
135 tid 106024
Remove  tid 106024
FindTargetPageId rootid 15 tid 106024
target_page_id id: 1 tid 106024
0 1 tid 106024
365 14 tid 106024
135 tid 106024
Insert  tid Remove  tid 106024
FindTargetPageId rootid 15 tid 106024
target_page_id id: 1 tid 106024
0 1 tid 106024
365 14 tid 106024
135 tid 106024
Remove  tid 106024
FindTargetPageId rootid 15 tid 106024
target_page_id id: 1 tid 106024
0 1 tid 106024
365 14 tid 106024
135 tid 106024
Remove  tid 106024
FindTargetPageId rootid 15 tid 106024
target_page_id id: 1 tid 106024
0 1 tid 106024
365 14 tid 106024
135 tid 106024
Remove  tid 106024
FindTargetPageId rootid 15 tid 106024
target_page_id id: 1 tid 106024
0 1 tid 106024
365 14 tid 106024
135 tid 106024
Remove  tid 106024
FindTargetPageId rootid 15 tid 106024
target_page_id id: 1 tid 106024
0 1 tid 106024
365 14 tid 106024
106023
135 tid 106024
Remove  tid 106024
FindTargetPageId rootid 15 tid 106024
target_page_id id: 1 tid 106024
0 1 tid 106024
365 14 tid 106024
135 tid 106024
Remove  tid 106024
FindTargetPageId rootid 15 tid 106024
target_page_id id: 1 tid 106024
0 1 tid 106024
365 14 tid 106024
135 tid 106024
Remove  tid 106024
FindTargetPageId rootid 15 tid 106024
target_page_id id: 1 tid 106024
0 1 tid 106024
365 14 tid 106024
135 tid 106024
Remove  tid 106024
FindTargetPageId rootid 15 tid 106024
target_page_id id: 1 tid 106024
0 1 tid 106024
365 14 tid 106024
135 tid 106024
Remove  tid 106024
FindTargetPageId rootid 15 tid 106024
target_page_id id: 1 tid 106024
0 1 tid 106024
365 14 tid 106024
135 tid 106024
Remove  tid 106024
FindTargetPageId rootid 15 tid 106024
target_page_id id: 1 tid 106024
0 1 tid 106024
365 14 tid 106024
135 tid 106024
Remove  tid 106024
FindTargetPageId rootid 15 tid 106024
target_page_id id: 1 tid 106024
0 1 tid 106024
365 14 tid 106024
135 tid 106024
Remove  tid 106024
FindTargetPageId rootid 15 tid 106024
target_page_id id: 1 tid 106024
0 1 tid 106024
365 14 tid 106024
135 tid 106024
Remove  tid 106024
FindTargetPageId rootid 15 tid 106024
target_page_id id: 1 tid 106024
0 1 tid 106024
365 14 tid 106024
135 tid 106024
Remove  tid 106024
FindTargetPageId rootid 15 tid 106024
target_page_id id: 1 tid 106024
0 1 tid 106024
365 14 tid 106024
135 tid 106024
Remove  tid 106024
FindTargetPageId rootid 15 tid 106024
target_page_id id: 1 tid 106024
0 1 tid 106024
365 14 tid 106024
135 tid 106024
Remove  tid 106024
FindTargetPageId rootid 15 tid 106024
target_page_id id: 1 tid 106024
0 1 tid 106024
365 14 tid 106024
135 tid 106024
Remove  tid 106024
FindTargetPageId rootid 15 tid 106023
target_page_id id: 1 tid 106023
0 1 tid 106023
365 14 tid 106023
135 tid 106023
Insert  tid 106023
FindTargetPageId rootid 15 tid 106023
target_page_id id: 1 tid 106023
0 1 tid 106023
365 14 tid 106023
136 tid 106023
Insert  tid 106023
FindTargetPageId rootid 15 tid 106023
target_page_id id: 1 tid 106023
0 1 tid 106023
365 14 tid 106023
137 tid 106023
Insert  tid 106023
FindTargetPageId rootid 15 tid 106023
target_page_id id: 1 tid 106023
0 1 tid 106023
365 14 tid 106023
138 tid 106023
Insert  tid 106023
FindTargetPageId rootid 15 tid 106023
target_page_id id: 1 tid 106023
0 1 tid 106023
365 14 tid 106023
139 tid 106023
Insert  tid 106023
FindTargetPageId rootid 15 tid 106023
target_page_id id: 1 tid 106023
0 1 tid 106023
365 14 tid 106023
140 tid 106023
Insert  tid 106023
FindTargetPageId rootid 15 tid 106023
target_page_id id: 1 tid 106023
0 1 tid 106023
365 14 tid 106023
141 tid 106023
Insert  tid 106023
FindTargetPageId rootid 15 tid 106023
target_page_id id: 1 tid 106023
0 1 tid 106023
365 14 tid 106023
142 tid 106023
Insert  tid 106023
FindTargetPageId rootid 15 tid 106023
target_page_id id: 1 tid 106023
0 1 tid 106023
365 14 tid 106023
143 tid 106023
Insert  tid 106023
FindTargetPageId rootid 15 tid 106023
target_page_id id: 1 tid 106023
0 1 tid 106023
365 14 tid 106023
144 tid 106023
Insert  tid 106023
FindTargetPageId rootid 15 tid 106025
target_page_id id: 1 tid 106025
0 1 tid 106025
365 14 tid 106025
145 tid 106025
Insert  tid 106025
FindTargetPageId rootid 15 tid 106025
target_page_id id: 1 tid 106025
0 1 tid 106025
365 14 tid 106025
146 tid 106025
Insert  tid 106025
FindTargetPageId rootid 15 tid 106025
target_page_id id: 1 tid 106025
0 1 tid 106025
365 14 tid 106025
147 tid 106025
Insert  tid 106025
FindTargetPageId rootid 15 tid 106024
target_page_id id: 1 tid 106024
0 1 tid 106024
365 14 tid 106024
148 tid 106024
Remove  tid 106024
FindTargetPageId rootid 15 tid 106024
target_page_id id: 1 tid 106024
0 1 tid 106024
365 14 tid 106024
148 tid 106024
Remove  tid 106024
FindTargetPageId rootid 15 tid 106024
target_page_id id: 1 tid 106024
0 1 tid 106024
365 14 tid 106024
148 tid 106024
Remove  tid 106024
FindTargetPageId rootid 15 tid 106025
target_page_id id: 1 tid 106025
0 1 tid 106025
365 14 tid 106025
148 tid 106025
Insert  tid 106025
FindTargetPageId rootid 15 tid 106025
target_page_id id: 1 tid 106025
0 1 tid 106025
365 14 tid 106025
149 tid 106025
Insert  tid 106025
FindTargetPageId rootid 15 tid 106025
target_page_id id: 1 tid 106025
0 1 tid 106025
365 14 tid 106025
150 tid 106025
Insert  tid 106025
FindTargetPageId rootid 15 tid 106025
target_page_id id: 1 tid 106025
0 1 tid 106025
365 14 tid 106025
151 tid 106025
Insert  tid 106025
FindTargetPageId rootid 15 tid 106025
target_page_id id: 1 tid 106025
0 1 tid 106025
365 14 tid 106025
152 tid 106025
Insert  tid 106025
FindTargetPageId rootid 15 tid 106025
target_page_id id: 1 tid 106025
0 1 tid 106025
365 14 tid 106025
153 tid 106025
Insert  tid 106025
FindTargetPageId rootid 15 tid 106025
target_page_id id: 1 tid 106025
0 1 tid 106025
365 14 tid 106025
154 tid 106025
Insert  tid 106025
FindTargetPageId rootid 15 tid 106025
target_page_id id: 1 tid 106025
0 1 tid 106025
365 14 tid 106025
155 tid 106025
Insert  tid 106025
FindTargetPageId rootid 15 tid 106025
target_page_id id: 1 tid 106025
0 1 tid 106025
365 14 tid 106025
156 tid 106025
Insert  tid 106025
FindTargetPageId rootid 15 tid 106025
target_page_id id: 1 tid 106025
0 1 tid 106025
365 14 tid 106025
157 tid 106025
Insert  tid 106025
FindTargetPageId rootid 15 tid 106025
target_page_id id: 1 tid 106025
0 1 tid 106025
365 14 tid 106025
158 tid 106025
Insert  tid 106025
FindTargetPageId rootid 15 tid 106025
target_page_id id: 1 tid 106025
0 1 tid 106025
365 14 tid 106025
159 tid 106025
Insert  tid 106025
FindTargetPageId rootid 15 tid 106025
target_page_id id: 1 tid 106025
0 1 tid 106025
365 14 tid 106025
160 tid 106025
Insert  tid 106025
FindTargetPageId rootid 15 tid 106025
target_page_id id: 1 tid 106025
0 1 tid 106025
365 14 tid 106025
161 tid 106025
Insert  tid 106025
FindTargetPageId rootid 15 tid 106025
target_page_id id: 1 tid 106025
0 1 tid 106025
365 14 tid 106025
162 tid 106025
Insert  tid 106025
FindTargetPageId rootid 15 tid 106023
target_page_id id: 1 tid 106023
0 1 tid 106023
365 14 tid 106023
163 tid 106023
FindTargetPageId rootid 15 tid 106024
target_page_id id: 1 tid 106024
0 1 tid 106024
365 14 tid 106024
Insert  tid 164 tid 106024
106023
Remove  tid 106024
FindTargetPageId rootid 15 tid 106023
target_page_id id: 1 tid 106023
0 1 tid 106023
365 14 tid 106023
164 tid 106023
Insert  tid 106023
FindTargetPageId rootid 15 tid 106023
target_page_id id: 1 tid 106023
0 1 tid 106023
365 14 tid 106023
165 tid 106023
Insert  tid 106023
FindTargetPageId rootid 15 tid 106023
target_page_id id: 1 tid 106023
0 1 tid 106023
365 14 tid 106023
166 tid 106023
Insert  tid 106023
FindTargetPageId rootid 15 tid 106023
target_page_id id: 1 tid 106023
0 1 tid 106023
365 14 tid 106023
167 tid 106023
Insert  tid 106023
FindTargetPageId rootid 15 tid 106023
target_page_id id: 1 tid 106023
0 1 tid 106023
365 14 tid 106023
168 tid 106023
Insert  tid 106023
FindTargetPageId rootid 15 tid 106023
target_page_id id: 1 tid 106023
0 1 tid 106023
365 14 tid 106023
169 tid 106023
Insert  tid 106023
FindTargetPageId rootid 15 tid 106025
target_page_id id: 1 tid 106025
0 1 tid 106025
365 14 tid 106025
170 tid 106025
Insert  tid 106025
FindTargetPageId rootid 15 tid 106025
target_page_id id: 1 tid 106025
0 1 tid 106025
365 14 tid 106025
171 tid 106025
Insert  tid 106025
FindTargetPageId rootid 15 tid 106025
target_page_id id: 1 tid 106025
0 1 tid 106025
365 14 tid 106025
172 tid 106025
Insert  tid 106025
FindTargetPageId rootid 15 tid 106025
target_page_id id: 1 tid 106025
0 1 tid 106025
365 14 tid 106025
172 tid 106025
Insert  tid 106025
FindTargetPageId rootid 15 tid 106025
target_page_id id: 1 tid 106025
0 1 tid 106025
365 14 tid 106025
172 tid 106025
Insert  tid 106025
FindTargetPageId rootid 15 tid 106025
target_page_id id: 1 tid 106025
0 1 tid 106025
365 14 tid 106025
172 tid 106025
Insert  tid 106025
FindTargetPageId rootid 15 tid 106025
target_page_id id: 1 tid 106025
0 1 tid 106025
365 14 tid 106025
172 tid 106025
Insert  tid 106025
FindTargetPageId rootid 15 tid 106025
target_page_id id: 1 tid 106025
0 1 tid 106025
365 14 tid 106025
172 tid 106025
Insert  tid 106025
FindTargetPageId rootid 15 tid 106025
target_page_id id: 1 tid 106025
0 1 tid 106025
365 14 tid 106025
172 tid 106025
Insert  tid 106025
FindTargetPageId rootid 15 tid 106025
target_page_id id: 1 tid 106025
0 1 tid 106025
365 14 tid 106025
172 tid 106025
Insert  tid 106025
FindTargetPageId rootid 15 tid 106025
target_page_id id: 1 tid 106025
0 1 tid 106025
365 14 tid 106025
172 tid 106025
Insert  tid 106025
FindTargetPageId rootid 15 tid 106025
target_page_id id: 1 tid 106025
0 1 tid 106025
365 14 tid 106025
172 tid 106025
Insert  tid 106025
FindTargetPageId rootid 15 tid 106025
target_page_id id: 1 tid 106025
0 1 tid 106025
365 14 tid 106025
172 tid 106025
Insert  tid 106025
FindTargetPageId rootid 15 tid 106025
target_page_id id: 1 tid 106025
0 1 tid 106025
365 14 tid 106025
172 tid 106025
Insert  tid 106025
FindTargetPageId rootid 15 tid 106025
target_page_id id: 1 tid 106025
0 1 tid 106025
365 14 tid 106025
172 tid 106025
Insert  tid 106025
FindTargetPageId rootid 15 tid 106025
target_page_id id: 1 tid 106025
0 1 tid 106025
365 14 tid 106025
172 tid 106025
Insert  tid 106025
FindTargetPageId rootid 15 tid 106025
target_page_id id: 1 tid 106025
0 1 tid 106025
365 14 tid 106025
172 tid 106025
Insert  tid 106025
FindTargetPageId rootid 15 tid 106025
target_page_id id: 1 tid 106025
0 1 tid 106025
365 14 tid 106025
172 tid 106025
Insert  tid 106025
FindTargetPageId rootid 15 tid 106025
target_page_id id: 1 tid 106025
0 1 tid 106025
365 14 tid 106025
172 tid 106025
Insert  tid 106025
FindTargetPageId rootid 15 tid 106025
target_page_id id: 1 tid 106025
0 1 tid 106025
365 14 tid 106025
172 tid 106025
Insert  tid 106025
FindTargetPageId rootid 15 tid 106025
target_page_id id: 1 tid 106025
0 1 tid 106025
365 14 tid 106025
172 tid 106025
Insert  tid 106025
FindTargetPageId rootid 15 tid 106023
target_page_id id: 1 tid 106023
0 1 tid 106023
365 14 tid 106023
172 tid 106023
FindTargetPageId rootid 15 tid 106024
target_page_id id: 1 tid 106024
0 1 tid 106024
365 14Insert  tid  tid 106023
106024
173 tid 106024
Remove  tid 106024
FindTargetPageId rootid 15 tid 106024
target_page_id id: 1 tid 106024
0 1 tid 106024
365 14 tid 106024
173 tid 106024
Remove  tid 106024
FindTargetPageId rootid 15 tid 106024
target_page_id id: 1 tid 106024
0 1 tid 106024
365 14 tid 106024
173 tid 106024
Remove  tid 106024
FindTargetPageId rootid 15 tid 106024
target_page_id id: 1 tid 106024
0 1 tid 106024
365 14 tid 106024
173 tid 106024
Remove  tid 106024
FindTargetPageId rootid 15 tid 106024
target_page_id id: 1 tid 106024
0 1 tid 106024
365 14 tid 106024
173 tid 106024
Remove  tid 106024
FindTargetPageId rootid 15 tid 106024
target_page_id id: 1 tid 106024
0 1 tid 106024
365 14 tid 106024
173 tid 106024
Remove  tid 106024
FindTargetPageId rootid 15 tid 106024
target_page_id id: 1 tid 106024
0 1 tid 106024
365 14 tid 106024
173 tid 106024
Remove  tid 106024
FindTargetPageId rootid 15 tid 106024
target_page_id id: 1 tid 106024
0 1 tid 106024
365 14 tid 106024
173 tid 106024
Remove  tid 106024
FindTargetPageId rootid 15 tid 106025
target_page_id id: 1 tid 106025
0 1 tid 106025
365 14 tid 106025
173 tid 106025
Insert  tid 106025
FindTargetPageId rootid 15 tid 106025
target_page_id id: 1 tid 106025
0 1 tid 106025
365 14 tid 106025
173 tid 106025
Insert  tid 106025
FindTargetPageId rootid 15 tid 106024
target_page_id id: 1 tid 106024
0 1 tid 106024
365 14 tid 106024
173 tid 106024
Remove  tid 106024
FindTargetPageId rootid 15 tid 106024
target_page_id id: 1 tid 106024
0 1 tid 106024
365 14 tid 106024
173 tid 106024
Remove  tid 106024
FindTargetPageId rootid 15 tid 106024
target_page_id id: 1 tid 106024
0 1 tid 106024
365 14 tid 106024
173 tid 106024
Remove  tid 106024
FindTargetPageId rootid 15 tid 106024
target_page_id id: 1 tid 106024
0 1 tid 106024
365 14 tid 106024
173 tid 106024
Remove  tid 106024
FindTargetPageId rootid 15 tid 106024
target_page_id id: 1 tid 106024
0 1 tid 106024
365 14 tid 106024
173 tid 106024
Remove  tid 106024
FindTargetPageId rootid 15 tid 106024
target_page_id id: 1 tid 106024
0 1 tid 106024
365 14 tid 106024
173 tid 106024
Remove  tid 106024
FindTargetPageId rootid 15 tid 106024
target_page_id id: 1 tid 106024
0 1 tid 106024
365 14 tid 106024
173 tid 106024
Remove  tid 106024
FindTargetPageId rootid 15 tid 106025
target_page_id id: 1 tid 106025
0 1 tid 106025
365 14 tid 106025
173 tid 106025
Insert  tid 106025
FindTargetPageId rootid 15 tid 106025
target_page_id id: 1 tid 106025
0 1 tid 106025
365 14 tid 106025
173 tid 106025
Insert  tid 106025
FindTargetPageId rootid 15 tid 106025
target_page_id id: 1 tid 106025
0 1 tid 106025
365 14 tid 106025
173 tid 106025
Insert  tid 106025
FindTargetPageId rootid 15 tid 106025
target_page_id id: 1 tid 106025
0 1 tid 106025
365 14 tid 106025
173 tid 106025
Insert  tid 106025
FindTargetPageId rootid 15 tid 106025
target_page_id id: 1 tid 106025
0 1 tid 106025
365 14 tid 106025
173 tid 106025
Insert  tid 106025
FindTargetPageId rootid 15 tid 106025
target_page_id id: 1 tid 106025
0 1 tid 106025
365 14 tid 106025
173 tid 106025
Insert  tid 106025
FindTargetPageId rootid 15 tid 106024
target_page_id id: 1 tid 106024
0 1 tid 106024
365 14 tid 106024
173 tid 106024
Remove  tid 106024
FindTargetPageId rootid 15 tid 106024
target_page_id id: 1 tid 106024
0 1 tid 106024
365 14 tid 106024
173 tid 106024
Remove  tid 106024
FindTargetPageId rootid 15 tid 106024
target_page_id id: 1 tid 106024
0 1 tid 106024
365 14 tid 106024
173 tid 106024
Remove  tid 106024
FindTargetPageId rootid 15 tid 106024
target_page_id id: 1 tid 106024
0 1 tid 106024
365 14 tid 106024
173 tid 106024
Remove  tid 106024
FindTargetPageId rootid 15 tid 106024
target_page_id id: 1 tid 106024
0 1 tid 106024
365 14 tid 106024
173 tid 106024
Remove  tid 106024
FindTargetPageId rootid 15 tid 106024
target_page_id id: 1 tid 106024
0 1 tid 106024
365 14 tid 106024
173 tid 106024
Remove  tid 106024
FindTargetPageId rootid 15 tid 106024
target_page_id id: 1 tid 106024
0 1 tid 106024
365 14 tid 106024
173 tid 106024
Remove  tid 106024
FindTargetPageId rootid 15 tid 106024
target_page_id id: 1 tid 106024
0 1 tid 106024
365 14 tid 106024
173 tid 106024
Remove  tid 106024
FindTargetPageId rootid 15 tid 106024
target_page_id id: 1 tid 106024
0 1 tid 106024
365 14 tid 106024
173 tid 106024
Remove  tid 106024
FindTargetPageId rootid 15 tid 106024
target_page_id id: 1 tid 106024
0 1 tid 106024
365 14 tid 106024
173 tid 106024
Remove  tid 106024
FindTargetPageId rootid 15 tid 106024
target_page_id id: 1 tid 106024
0 1 tid 106024
365 14 tid 106024
173 tid 106024
Remove  tid 106024
FindTargetPageId rootid 15 tid 106024
target_page_id id: 1 tid 106024
0 1 tid 106024
365 14 tid 106024
173 tid 106024
Remove  tid 106024
FindTargetPageId rootid 15 tid 106024
target_page_id id: 1 tid 106024
0 1 tid 106024
365 14 tid 106024
173 tid 106024
Remove  tid 106024
FindTargetPageId rootid 15 tid 106024
target_page_id id: 1 tid 106024
0 1 tid 106024
365 14 tid 106024
173 tid 106024
Remove  tid 106024
FindTargetPageId rootid 15 tid 106024
target_page_id id: 1 tid 106024
0 1 tid 106024
365 14 tid 106024
173 tid 106024
Remove  tid 106024
FindTargetPageId rootid 15 tid 106024
target_page_id id: 1 tid 106024
0 1 tid 106024
365 14 tid 106024
173 tid 106024
Remove  tid 106024
FindTargetPageId rootid 15 tid 106024
target_page_id id: 1 tid 106024
0 1 tid 106024
365 14 tid 106024
173 tid 106024
Remove  tid 106024
FindTargetPageId rootid 15 tid 106024
target_page_id id: 1 tid 106024
0 1 tid 106024
365 14 tid 106024
173 tid 106024
Remove  tid 106024
FindTargetPageId rootid 15 tid 106023
target_page_id id: 1 tid 106023
0 1 tid 106023
365 14 tid 106023
173 tid 106023
Insert  tid 106023
FindTargetPageId rootid 15 tid 106023
target_page_id id: 1 tid 106023
0 1 tid 106023
365 14 tid 106023
174 tid 106023
Insert  tid 106023
FindTargetPageId rootid 15 tid 106024
target_page_id id: 1 tid 106024
0 1 tid 106024
365 14 tid 106024
175 tid 106024
Remove  tid 106024
FindTargetPageId rootid 15 tid 106025
target_page_id id: 1 tid 106025
0 1 tid 106025
365 14 tid 106025
175 tid 106025
Insert  tid 106025
FindTargetPageId rootid 15 tid 106023
target_page_id id: 1 tid 106023
0 1 tid 106023
365 14 tid 106023
175 tid 106023
Insert  tid 106023
FindTargetPageId rootid 15 tid 106023
target_page_id id: 1 tid 106023
0 1 tid 106023
365 14 tid 106023
176 tid 106023
Insert  tid 106023
FindTargetPageId rootid 15 tid 106023
target_page_id id: 1 tid 106023
0 1 tid 106023
365 14 tid 106023
177 tid 106023
Insert  tid 106023
FindTargetPageId rootid 15 tid 106023
target_page_id id: 1 tid 106023
0 1 tid 106023
365 14 tid 106023
178 tid 106023
Insert  tid 106023
FindTargetPageId rootid 15 tid 106023
target_page_id id: 1 tid 106023
0 1 tid 106023
365 14 tid 106023
179 tid 106023
Insert  tid 106023
FindTargetPageId rootid 15 tid 106023
target_page_id id: 1 tid 106023
0 1 tid 106023
365 14 tid 106023
180 tid 106023
Insert  tid 106023
FindTargetPageId rootid 15 tid 106024
target_page_id id: 1 tid 106024
0 1 tid 106024
365 14 tid 106024
181 tid 106024
Remove  tid 106024
FindTargetPageId rootid 15 tid 106025
target_page_id id: 1 tid 106025
0 1 tid 106025
365 14 tid 106025
181 tid 106025
Insert  tid 106025
FindTargetPageId rootid 15 tid 106023
target_page_id id: 1 tid 106023
0 1 tid 106023
365 14 tid 106023
181 tid 106023
Insert  tid 106023
FindTargetPageId rootid 15 tid 106023
target_page_id id: 1 tid 106023
0 1 tid 106023
365 14 tid 106023
182 tid 106023
Insert  tid 106023
FindTargetPageId rootid 15 tid 106025
target_page_id id: 1 tid 106025
0 1 tid 106025
365 14 tid 106025
183 tid 106025
Insert  tid 106025
FindTargetPageId rootid 15 tid 106024
target_page_id id: 1 tid 106024
0 1 tid 106024
365 14 tid 106024
183 tid 106024
FindTargetPageId rootid 15 tid 106023
target_page_id id: 1 tid 106023
0 1 tid 106023
365 14 tid 106023
183 tid 106023
Insert  tid Remove 106023
FindTargetPageId rootid 15 tid 106025
target_page_id id: 1 tid 106025
0 1 tid 106025
365 14 tid 106025
184 tid 106025
Insert  tid 106025
FindTargetPageId rootid 15 tid 106025
target_page_id id: 1 tid 106025
0 1 tid 106025
365 14 tid 106025
184 tid 106025
Insert  tid 106025
FindTargetPageId rootid 15 tid 106025
target_page_id id: 1 tid 106025
0 1 tid 106025
365 14 tid 106025
184 tid 106025
Insert  tid 106025
 tid FindTargetPageId rootid 15 tid 106025
106024target_page_id id: 1 tid 
106025
0 1 tid 106025
365 14 tid 106025
184 tid 106025
Insert  tid 106025
FindTargetPageId rootid 15 tid 106023
target_page_id id: 1 tid 106023
0 1 tid 106023
365 14 tid 106023
184 tid 106023
Insert  tid 106023
FindTargetPageId rootid 15 tid 106023
target_page_id id: 1 tid 106023
0 1 tid 106023
365 14 tid 106023
185 tid 106023
Insert  tid 106023
FindTargetPageId rootid 15 tid 106023
target_page_id id: 1 tid 106023
0 1 tid 106023
365 14 tid 106023
186 tid 106023
Insert  tid 106023
FindTargetPageId rootid 15 tid 106023
target_page_id id: 1 tid 106023
0 1 tid 106023
365 14 tid 106023
187 tid 106023
Insert  tid 106023
FindTargetPageId rootid 15 tid 106023
target_page_id id: 1 tid 106023
0 1 tid 106023
365 14 tid 106023
188 tid 106023
Insert  tid 106023
FindTargetPageId rootid 15 tid 106023
target_page_id id: 1 tid 106023
0 1 tid 106023
365 14 tid 106023
189 tid 106023
Insert  tid 106023
FindTargetPageId rootid 15 tid 106023
target_page_id id: 1 tid 106023
0 1 tid 106023
365 14 tid 106023
190 tid 106023
Insert  tid 106023
FindTargetPageId rootid 15 tid 106023
target_page_id id: 1 tid 106023
0 1 tid 106023
365 14 tid 106023
191 tid 106023
Insert  tid 106023
FindTargetPageId rootid 15 tid 106025
target_page_id id: 1 tid 106025
0 1 tid 106025
365 14 tid 106025
192 tid 106025
Insert  tid 106025
FindTargetPageId rootid 15 tid 106024
target_page_id id: 1 tid 106024
0 1 tid 106024
365 14 tid 106024
192 tid 106024
Remove  tid 106024
FindTargetPageId rootid 15 tid 106024
target_page_id id: 1 tid 106024
0 1 tid 106024
365 14 tid 106024
192 tid 106024
Remove  tid 106024
FindTargetPageId rootid 15 tid 106025
target_page_id id: 1 tid 106025
0 1 tid 106025
365 14 tid 106025
192 tid 106025
Insert  tid 106025
FindTargetPageId rootid 15 tid 106025
target_page_id id: 1 tid 106025
0 1 tid 106025
365 14 tid 106025
192 tid 106025
Insert  tid 106025
FindTargetPageId rootid 15 tid 106025
target_page_id id: 1 tid 106025
0 1 tid 106025
365 14 tid 106025
192 tid 106025
Insert  tid 106025
FindTargetPageId rootid 15 tid 106025
target_page_id id: 1 tid 106025
0 1 tid 106025
365 14 tid 106025
192 tid 106025
Insert  tid 106025
FindTargetPageId rootid 15 tid 106025
target_page_id id: 1 tid 106025
0 1 tid 106025
365 14 tid 106025
192 tid 106025
Insert  tid 106025
FindTargetPageId rootid 15 tid 106025
target_page_id id: 1 tid 106025
0 1 tid 106025
365 14 tid 106025
192 tid 106025
Insert  tid 106025
FindTargetPageId rootid 15 tid 106025
target_page_id id: 1 tid 106025
0 1 tid 106025
365 14 tid 106025
192 tid 106025
Insert  tid 106025
FindTargetPageId rootid 15 tid 106025
target_page_id id: 1 tid 106025
0 1 tid 106025
365 14 tid 106025
192 tid 106025
Insert  tid 106025
FindTargetPageId rootid 15 tid 106025
target_page_id id: 1 tid 106025
0 1 tid 106025
365 14 tid 106025
192 tid 106025
Insert  tid 106025
FindTargetPageId rootid 15 tid 106025
target_page_id id: 1 tid 106025
0 1 tid 106025
365 14 tid 106025
192 tid 106025
Insert  tid 106025
FindTargetPageId rootid 15 tid 106025
target_page_id id: 1 tid 106025
0 1 tid 106025
365 14 tid 106025
192 tid 106025
Insert  tid 106025
FindTargetPageId rootid 15 tid 106025
target_page_id id: 1 tid 106025
0 1 tid 106025
365 14 tid 106025
192 tid 106025
Insert  tid 106025
FindTargetPageId rootid 15 tid 106025
target_page_id id: 1 tid 106025
0 1 tid 106025
365 14 tid 106025
192 tid 106025
Insert  tid 106025
FindTargetPageId rootid 15 tid 106025
target_page_id id: 1 tid 106025
0 1 tid 106025
365 14 tid 106025
192 tid 106025
Insert  tid 106025
FindTargetPageId rootid 15 tid 106023
target_page_id id: 1 tid 106023
0 1 tid 106023
365 14 tid 106023
193 tid 106023
Insert  tid 106023
FindTargetPageId rootid 15 tid 106023
target_page_id id: 1 tid 106023
0 1 tid 106023
365 14 tid 106023
193 tid 106023
Insert  tid 106023
FindTargetPageId rootid 15 tid 106023
target_page_id id: 1 tid 106023
0 1 tid 106023
365 14 tid 106023
194 tid 106023
Insert  tid 106023
FindTargetPageId rootid 15 tid 106023
target_page_id id: 1 tid 106023
0 1 tid 106023
365 14 tid 106023
195 tid 106023
Insert  tid 106023
FindTargetPageId rootid 15 tid 106023
target_page_id id: 1 tid 106023
0 1 tid 106023
365 14 tid 106023
196 tid 106023
Insert  tid 106023
FindTargetPageId rootid 15 tid 106023
target_page_id id: 1 tid 106023
0 1 tid 106023
365 14 tid 106023
197 tid 106023
Insert  tid 106023
FindTargetPageId rootid 15 tid 106023
target_page_id id: 1 tid 106023
0 1 tid 106023
365 14 tid 106023
198 tid 106023
Insert  tid 106023
FindTargetPageId rootid 15 tid 106023
target_page_id id: 1 tid 106023
0 1 tid 106023
365 14 tid 106023
199 tid 106023
Insert  tid 106023
FindTargetPageId rootid 15 tid 106023
target_page_id id: 1 tid 106023
0 1 tid 106023
365 14 tid 106023
200 tid 106023
Insert  tid 106023
FindTargetPageId rootid 15 tid 106023
target_page_id id: 1 tid 106023
0 1 tid 106023
365 14 tid 106023
201 tid 106023
Insert  tid 106023
FindTargetPageId rootid 15 tid 106025
target_page_id id: 1 tid 106025
0 1 tid 106025
365 14 tid 106025
202 tid 106025
Insert  tid 106025
FindTargetPageId rootid 15 tid 106024
target_page_id id: 1 tid 106024
0 1 tid 106024
365 14 tid 106024
202 tid 106024
Remove  tid 106024
FindTargetPageId rootid 15 tid 106024
target_page_id id: 1 tid 106024
0 1 tid 106024
365 14 tid 106024
202 tid 106024
Remove  tid 106024
FindTargetPageId rootid 15 tid 106024
target_page_id id: 1 tid 106024
0 1 tid 106024
365 14 tid 106024
202 tid 106024
Remove  tid 106024
FindTargetPageId rootid 15 tid 106024
target_page_id id: 1 tid 106024
0 1 tid 106024
365 14 tid 106024
202 tid 106024
Remove  tid 106024
FindTargetPageId rootid 15 tid 106024
target_page_id id: 1 tid 106024
0 1 tid 106024
365 14 tid 106024
202 tid 106024
Remove  tid 106024
FindTargetPageId rootid 15 tid 106024
target_page_id id: 1 tid 106024
0 1 tid 106024
365 14 tid 106024
202 tid 106024
Remove  tid 106024
FindTargetPageId rootid 15 tid 106024
target_page_id id: 1 tid 106024
0 1 tid 106024
365 14 tid 106024
202 tid 106024
Remove  tid 106024
FindTargetPageId rootid 15 tid 106024
target_page_id id: 1 tid 106024
0 1 tid 106024
365 14 tid 106024
202 tid 106024
Remove  tid 106024
FindTargetPageId rootid 15 tid 106024
target_page_id id: 1 tid 106024
0 1 tid 106024
365 14 tid 106024
202 tid 106024
Remove  tid 106024
FindTargetPageId rootid 15 tid 106024
target_page_id id: 1 tid 106024
0 1 tid 106024
365 14 tid 106024
202 tid 106024
Remove  tid 106024
FindTargetPageId rootid 15 tid 106024
target_page_id id: 1 tid 106024
0 1 tid 106024
365 14 tid 106024
202 tid 106024
Remove  tid 106024
FindTargetPageId rootid 15 tid 106024
target_page_id id: 1 tid 106024
0 1 tid 106024
365 14 tid 106024
202 tid 106024
Remove  tid 106024
FindTargetPageId rootid 15 tid 106024
target_page_id id: 1 tid 106024
0 1 tid 106024
365 14 tid 106024
202 tid 106024
Remove  tid 106024
FindTargetPageId rootid 15 tid 106024
target_page_id id: 1 tid 106024
0 1 tid 106024
365 14 tid 106024
202 tid 106024
Remove  tid 106024
FindTargetPageId rootid 15 tid 106024
target_page_id id: 1 tid 106024
0 1 tid 106024
365 14 tid 106024
202 tid 106024
Remove  tid 106024
FindTargetPageId rootid 15 tid 106024
target_page_id id: 1 tid 106024
0 1 tid 106024
365 14 tid 106024
202 tid 106024
Remove  tid 106024
FindTargetPageId rootid 15 tid 106024
target_page_id id: 1 tid 106024
0 1 tid 106024
365 14 tid 106024
202 tid 106024
Remove  tid 106024
FindTargetPageId rootid 15 tid 106024
target_page_id id: 1 tid 106024
0 1 tid 106024
365 14 tid 106024
202 tid 106024
Remove  tid 106024
FindTargetPageId rootid 15 tid 106024
target_page_id id: 1 tid 106024
0 1 tid 106024
365 14 tid 106024
202 tid 106024
Remove  tid 106024
FindTargetPageId rootid 15 tid 106024
target_page_id id: 1 tid 106024
0 1 tid 106024
365 14 tid 106024
202 tid 106024
Remove  tid 106024
FindTargetPageId rootid 15 tid 106025
target_page_id id: 1 tid 106025
0 1 tid 106025
365 14 tid 106025
202 tid 106025
Insert  tid 106025
FindTargetPageId rootid 15 tid 106025
target_page_id id: 1 tid 106025
0 1 tid 106025
365 14 tid 106025
202 tid 106025
Insert  tid 106025
FindTargetPageId rootid 15 tid 106025
target_page_id id: 1 tid 106025
0 1 tid 106025
365 14 tid 106025
202 tid 106025
Insert  tid 106025
FindTargetPageId rootid 15 tid 106025
target_page_id id: 1 tid 106025
0 1 tid 106025
365 14 tid 106025
202 tid 106025
Insert  tid 106025
FindTargetPageId rootid 15 tid 106025
target_page_id id: 1 tid 106025
0 1 tid 106025
365 14 tid 106025
202 tid 106025
Insert  tid FindTargetPageId rootid 106025
15 tid 106023
target_page_id id: 1 tid 106023
0 1 tid 106023
365 14 tid 106023
202 tid 106023
Insert  tid 106023
FindTargetPageId rootid 15 tid 106025
target_page_id id: 1 tid 106025
0 1 tid 106025
365 14 tid 106025
203 tid 106025
Insert  tid 106025
FindTargetPageId rootid 15 tid 106025
target_page_id id: 1 tid 106025
0 1 tid 106025
365 14 tid 106025
203 tid 106025
Insert  tid 106025
FindTargetPageId rootid 15 tid 106025
target_page_id id: 1 tid 106025
0 1 tid 106025
365 14 tid 106025
203 tid 106025
Insert  tid 106025
FindTargetPageId rootid 15 tid 106024
target_page_id id: 1 tid 106024
0 1 tid 106024
365 14 tid 106024
203 tid 106024
Remove  tid 106024
FindTargetPageId rootid 15 tid 106023
target_page_id id: 1 tid 106023
0 1 tid 106023
365 14 tid 106023
203 tid 106023
Insert  tid 106023
FindTargetPageId rootid 15 tid 106023
target_page_id id: 1 tid 106023
0 1 tid 106023
365 14 tid 106023
204 tid 106023
Insert  tid 106023
FindTargetPageId rootid 15 tid 106023
target_page_id id: 1 tid 106023
0 1 tid 106023
365 14 tid 106023
205 tid 106023
Insert  tid 106023
FindTargetPageId rootid 15 tid 106023
target_page_id id: 1 tid 106023
0 1 tid 106023
365 14 tid 106023
206 tid 106023
Insert  tid 106023
FindTargetPageId rootid 15 tid 106023
target_page_id id: 1 tid 106023
0 1 tid 106023
365 14 tid 106023
207 tid 106023
Insert  tid 106023
FindTargetPageId rootid 15 tid 106023
target_page_id id: 1 tid 106023
0 1 tid 106023
365 14 tid 106023
208 tid 106023
Insert  tid 106023
FindTargetPageId rootid 15 tid 106023
target_page_id id: 1 tid 106023
0 1 tid 106023
365 14 tid 106023
209 tid 106023
Insert  tid 106023
FindTargetPageId rootid 15 tid 106023
target_page_id id: 1 tid 106023
0 1 tid 106023
365 14 tid 106023
210 tid 106023
Insert  tid 106023
FindTargetPageId rootid 15 tid 106023
target_page_id id: 1 tid 106023
0 1 tid 106023
365 14 tid 106023
211 tid 106023
Insert  tid 106023
FindTargetPageId rootid 15 tid 106023
target_page_id id: 1 tid 106023
0 1 tid 106023
365 14 tid 106023
212 tid 106023
Insert  tid 106023
FindTargetPageId rootid 15 tid 106023
target_page_id id: 1 tid 106023
0 1 tid 106023
365 14 tid 106023
213 tid 106023
Insert  tid 106023
FindTargetPageId rootid 15 tid 106023
target_page_id id: 1 tid 106023
0 1 tid 106023
365 14 tid 106023
214 tid 106023
Insert  tid 106023
FindTargetPageId rootid 15 tid 106023
target_page_id id: 1 tid 106023
0 1 tid 106023
365 14 tid 106023
215 tid 106023
Insert  tid 106023
FindTargetPageId rootid 15 tid 106023
target_page_id id: 1 tid 106023
0 1 tid 106023
365 14 tid 106023
216 tid 106023
Insert  tid 106023
FindTargetPageId rootid 15 tid 106023
target_page_id id: 1 tid 106023
0 1 tid 106023
365 14 tid 106023
217 tid 106023
Insert  tid 106023
FindTargetPageId rootid 15 tid 106023
target_page_id id: 1 tid 106023
0 1 tid 106023
365 14 tid 106023
218 tid 106023
Insert  tid 106023
FindTargetPageId rootid 15 tid 106023
target_page_id id: 1 tid 106023
0 1 tid 106023
365 14 tid 106023
219 tid 106023
Insert  tid 106023
FindTargetPageId rootid 15 tid 106023
target_page_id id: 1 tid 106023
0 1 tid 106023
365 14 tid 106023
220 tid 106023
Insert  tid 106023
FindTargetPageId rootid 15 tid 106023
target_page_id id: 1 tid 106023
0 1 tid 106023
365 14 tid 106023
221 tid 106023
Insert  tid 106023
FindTargetPageId rootid 15 tid 106023
target_page_id id: 1 tid 106023
0 1 tid 106023
365 14 tid 106023
222 tid 106023
Insert  tid 106023
FindTargetPageId rootid 15 tid 106023
target_page_id id: 1 tid 106023
0 1 tid 106023
365 14 tid 106023
223 tid 106023
Insert  tid 106023
FindTargetPageId rootid 15 tid 106023
target_page_id id: 1 tid 106023
0 1 tid 106023
365 14 tid 106023
224 tid 106023
Insert  tid 106023
FindTargetPageId rootid 15 tid 106023
target_page_id id: 1 tid 106023
0 1 tid 106023
365 14 tid 106023
225 tid 106023
Insert  tid 106023
FindTargetPageId rootid 15 tid 106023
target_page_id id: 1 tid 106023
0 1 tid 106023
365 14 tid 106023
226 tid 106023
Insert  tid 106023
FindTargetPageId rootid 15 tid 106023
target_page_id id: 1 tid 106023
0 1 tid 106023
365 14 tid 106023
227 tid 106023
Insert  tid 106023
FindTargetPageId rootid 15 tid 106023
target_page_id id: 1 tid 106023
0 1 tid 106023
365 14 tid 106023
228 tid 106023
Insert  tid 106023
FindTargetPageId rootid 15 tid 106024
target_page_id id: 1 tid 106024
0 1 tid 106024
365 14 tid 106024
229 tid 106024
Remove  tid 106024
FindTargetPageId rootid 15 tid 106025
target_page_id id: 1 tid 106025
0 1 tid 106025
365 14 tid 106025
229 tid 106025
Insert  tid 106025
FindTargetPageId rootid 15 tid 106025
target_page_id id: 1 tid 106025
0 1 tid 106025
365 14 tid 106025
229 tid 106025
Insert  tid 106025
FindTargetPageId rootid 15 tid 106025
target_page_id id: 1 tid 106025
0 1 tid 106025
365 14 tid 106025
229 tid 106025
Insert  tid 106025
FindTargetPageId rootid 15 tid 106025
target_page_id id: 1 tid 106025
0 1 tid 106025
365 14 tid 106025
229 tid 106025
Insert  tid 106025
FindTargetPageId rootid 15 tid 106025
target_page_id id: 1 tid 106025
0 1 tid 106025
365 14 tid 106025
229 tid 106025
Insert  tid 106025
FindTargetPageId rootid 15 tid 106025
target_page_id id: 1 tid 106025
0 1 tid 106025
365 14 tid 106025
229 tid 106025
Insert  tid 106025
FindTargetPageId rootid 15 tid 106025
target_page_id id: 1 tid 106025
0 1 tid 106025
365 14 tid 106025
229 tid 106025
Insert  tid 106025
FindTargetPageId rootid 15 tid 106025
target_page_id id: 1 tid 106025
0 1 tid 106025
365 14 tid 106025
229 tid 106025
Insert  tid 106025
FindTargetPageId rootid 15 tid 106025
target_page_id id: 1 tid 106025
0 1 tid 106025
365 14 tid 106025
229 tid 106025
Insert  tid 106025
FindTargetPageId rootid 15 tid 106024
target_page_id id: 1 tid 106024
0 1 tid 106024
365 14 tid 106024
229 tid 106024
Remove  tid 106024
FindTargetPageId rootid 15 tid 106024
target_page_id id: 1 tid 106024
0 1 tid 106024
365 14 tid 106024
229 tid 106024
Remove  tid 106024
FindTargetPageId rootid 15 tid 106023
target_page_id id: 1 tid 106023
0 1 tid 106023
365 14 tid 106023
229 tid 106023
Insert  tid 106023
FindTargetPageId rootid 15 tid 106023
target_page_id id: 1 tid 106023
0 1 tid 106023
365 14 tid 106023
230 tid 106023
Insert  tid 106023
FindTargetPageId rootid 15 tid 106023
target_page_id id: 1 tid 106023
0 1 tid 106023
365 14 tid 106023
231 tid 106023
Insert  tid 106023
FindTargetPageId rootid 15 tid 106023
target_page_id id: 1 tid 106023
0 1 tid 106023
365 14 tid 106023
232 tid 106023
Insert  tid 106023
FindTargetPageId rootid 15 tid 106024
target_page_id id: 1 tid 106024
0 1 tid 106024
365 14 tid 106024
233 tid 106024
Remove  tid 106024
FindTargetPageId rootid 15 tid 106025
target_page_id id: 1 tid 106025
0 1 tid 106025
365 14 tid 106025
233 tid 106025
Insert  tid 106025
FindTargetPageId rootid 15 tid 106025
target_page_id id: 1 tid 106025
0 1 tid 106025
365 14 tid 106025
233 tid 106025
Insert  tid 106025
FindTargetPageId rootid 15 tid 106025
target_page_id id: 1 tid 106025
0 1 tid 106025
365 14 tid 106025
233 tid 106025
Insert  tid 106025
FindTargetPageId rootid 15 tid 106025
target_page_id id: 1 tid 106025
0 1 tid 106025
365 14 tid 106025
233 tid 106025
Insert  tid 106025
FindTargetPageId rootid 15 tid 106025
target_page_id id: 1 tid 106025
0 1 tid 106025
365 14 tid 106025
233 tid 106025
Insert  tid 106025
FindTargetPageId rootid 15 tid 106025
target_page_id id: 1 tid 106025
0 1 tid 106025
365 14 tid 106025
233 tid 106025
Insert  tid 106025
FindTargetPageId rootid 15 tid 106025
target_page_id id: 1 tid 106025
0 1 tid 106025
365 14 tid 106025
233 tid 106025
Insert  tid 106025
FindTargetPageId rootid 15 tid 106025
target_page_id id: 1 tid 106025
0 1 tid 106025
365 14 tid 106025
233 tid 106025
Insert  tid 106025
FindTargetPageId rootid 15 tid 106025
target_page_id id: 1 tid 106025
0 1 tid 106025
365 14 tid 106025
233 tid 106025
Insert  tid 106025
FindTargetPageId rootid 15 tid 106025
target_page_id id: 1 tid 106025
0 1 tid 106025
365 14 tid 106025
233 tid 106025
Insert  tid 106025
FindTargetPageId rootid 15 tid 106025
target_page_id id: 1 tid 106025
0 1 tid 106025
365 14 tid 106025
233 tid 106025
Insert  tid 106025
FindTargetPageId rootid 15 tid 106025
target_page_id id: 1 tid 106025
0 1 tid 106025
365 14 tid 106025
233 tid 106025
Insert  tid 106025
FindTargetPageId rootid 15 tid 106025
target_page_id id: 1 tid 106025
0 1 tid 106025
365 14 tid 106025
233 tid 106025
Insert  tid 106025
FindTargetPageId rootid 15 tid 106025
target_page_id id: 1 tid 106025
0 1 tid 106025
365 14 tid 106025
233 tid 106025
Insert  tid 106025
FindTargetPageId rootid 15 tid 106025
target_page_id id: 1 tid 106025
0 1 tid 106025
365 14 tid 106025
233 tid 106025
Insert  tid 106025
FindTargetPageId rootid 15 tid 106025
target_page_id id: 1 tid 106025
0 1 tid 106025
365 14 tid 106025
233 tid 106025
Insert  tid 106025
FindTargetPageId rootid 15 tid 106025
target_page_id id: 1 tid 106025
0 1 tid 106025
365 14 tid 106025
233 tid 106025
Insert  tid 106025
FindTargetPageId rootid 15 tid 106025
target_page_id id: 1 tid 106025
0 1 tid 106025
365 14 tid 106025
233 tid 106025
Insert  tid 106025
FindTargetPageId rootid 15 tid 106025
target_page_id id: 1 tid 106025
0 1 tid 106025
365 14 tid 106025
233 tid 106025
Insert  tid 106025
FindTargetPageId rootid 15 tid 106025
target_page_id id: 1 tid 106025
0 1 tid 106025
365 14 tid 106025
233 tid 106025
Insert  tid 106025
FindTargetPageId rootid 15 tid 106025
target_page_id id: 1 tid 106025
0 1 tid 106025
365 14 tid 106025
233 tid 106025
Insert  tid 106025
FindTargetPageId rootid 15 tid 106025
target_page_id id: 1 tid 106025
0 1 tid 106025
365 14 tid 106025
233 tid 106025
Insert  tid 106025
FindTargetPageId rootid 15 tid 106023
target_page_id id: 1 tid 106023
0 1 tid 106023
365 14 tid 106023
233 tid 106023
Insert  tid 106023
FindTargetPageId rootid 15 tid 106024
target_page_id id: 1 tid 106024
0 1 tid 106024
365 14 tid 106024
234 tid 106024
Remove  tid 106024
FindTargetPageId rootid 15 tid 106024
target_page_id id: 1 tid 106024
0 1 tid 106024
365 14 tid 106024
234 tid 106024
Remove  tid 106024
FindTargetPageId rootid 15 tid 106024
target_page_id id: 1 tid 106024
0 1 tid 106024
365 14 tid 106024
234 tid 106024
Remove  tid 106024
FindTargetPageId rootid 15 tid 106024
target_page_id id: 1 tid 106024
0 1 tid 106024
365 14 tid 106024
234 tid 106024
Remove  tid 106024
FindTargetPageId rootid 15 tid 106024
target_page_id id: 1 tid 106024
0 1 tid 106024
365 14 tid 106024
234 tid 106024
Remove  tid 106024
FindTargetPageId rootid 15 tid 106024
target_page_id id: 1 tid 106024
0 1 tid 106024
365 14 tid 106024
234 tid 106024
Remove  tid 106024
FindTargetPageId rootid 15 tid 106024
target_page_id id: 1 tid 106024
0 1 tid 106024
365 14 tid 106024
234 tid 106024
Remove  tid 106024
FindTargetPageId rootid 15 tid 106024
target_page_id id: 1 tid 106024
0 1 tid 106024
365 14 tid 106024
234 tid 106024
Remove  tid 106024
FindTargetPageId rootid 15 tid 106024
target_page_id id: 1 tid 106024
0 1 tid 106024
365 14 tid 106024
234 tid 106024
Remove  tid 106024
FindTargetPageId rootid 15 tid 106025
target_page_id id: 1 tid 106025
0 1 tid 106025
365 14 tid 106025
234 tid 106025
Insert  tid 106025
FindTargetPageId rootid 15 tid 106025
target_page_id id: 1 tid 106025
0 1 tid 106025
365 14 tid 106025
234 tid 106025
Insert  tid 106025
FindTargetPageId rootid 15 tid 106025
target_page_id id: 1 tid 106025
0 1 tid 106025
365 14 tid 106025
235 tid 106025
Insert  tid 106025
FindTargetPageId rootid 15 tid 106025
target_page_id id: 1 tid 106025
0 1 tid 106025
365 14 tid 106025
236 tid 106025
Insert  tid 106025
FindTargetPageId rootid 15 tid 106025
target_page_id id: 1 tid 106025
0 1 tid 106025
365 14 tid 106025
237 tid 106025
Insert  tid 106025
FindTargetPageId rootid 15 tid 106023
target_page_id id: 1 tid 106023
0 1 tid 106023
365 14 tid 106023
238 tid 106023
Insert  tid 106023
FindTargetPageId rootid 15 tid 106023
target_page_id id: 1 tid 106023
0 1 tid 106023
365 14 tid 106023
238 tid 106023
Insert  tid 106023
FindTargetPageId rootid 15 tid 106025
target_page_id id: 1 tid 106025
0 1 tid 106025
365 14 tid 106025
238 tid 106025
Insert  tid 106025
FindTargetPageId rootid 15 tid 106025
target_page_id id: 1 tid 106025
0 1 tid 106025
365 14 tid 106025
239 tid 106025
Insert  tid 106025
FindTargetPageId rootid 15 tid 106025
target_page_id id: 1 tid 106025
0 1 tid 106025
365 14 tid 106025
240 tid 106025
Insert  tid 106025
FindTargetPageId rootid 15 tid 106025
target_page_id id: 1 tid 106025
0 1 tid 106025
365 14 tid 106025
241 tid 106025
Insert  tid 106025
FindTargetPageId rootid 15 tid 106025
target_page_id id: 1 tid 106025
0 1 tid 106025
365 14 tid 106025
242 tid 106025
Insert  tid 106025
FindTargetPageId rootid 15 tid 106025
target_page_id id: 1 tid 106025
0 1 tid 106025
365 14 tid 106025
243 tid 106025
Insert  tid 106025
FindTargetPageId rootid 15 tid 106025
target_page_id id: 1 tid 106025
0 1 tid 106025
365 14 tid 106025
244 tid 106025
Insert  tid 106025
FindTargetPageId rootid 15 tid 106025
target_page_id id: 1 tid 106025
0 1 tid 106025
365 14 tid 106025
245 tid 106025
Insert  tid 106025
FindTargetPageId rootid 15 tid 106025
target_page_id id: 1 tid 106025
0 1 tid 106025
365 14 tid 106025
246 tid 106025
Insert  tid 106025
FindTargetPageId rootid 15 tid 106025
target_page_id id: 1 tid 106025
0 1 tid 106025
365 14 tid 106025
247 tid 106025
Insert  tid 106025
FindTargetPageId rootid 15 tid 106023
target_page_id id: 1 tid 106023
0 1 tid 106023
365 14 tid 106023
248 tid 106023
Insert  tid 106023
FindTargetPageId rootid 15 tid 106024
target_page_id id: 1 tid 106024
0 1 tid 106024
365 14 tid 106024
248 tid 106024
Remove  tid 106024
FindTargetPageId rootid 15 tid 106024
target_page_id id: 1 tid 106024
0 1 tid 106024
365 14 tid 106024
248 tid 106024
Remove  tid 106024
FindTargetPageId rootid 15 tid 106024
target_page_id id: 1 tid 106024
0 1 tid 106024
365 14 tid 106024
248 tid 106024
Remove  tid 106024
FindTargetPageId rootid 15 tid 106024
target_page_id id: 1 tid 106024
0 1 tid 106024
365 14 tid 106024
248 tid 106024
Remove  tid 106024
FindTargetPageId rootid 15 tid 106024
target_page_id id: 1 tid 106024
0 1 tid 106024
365 14 tid 106024
248 tid 106024
Remove  tid 106024
FindTargetPageId rootid 15 tid 106023
target_page_id id: 1 tid 106023
0 1 tid 106023
365 14 tid 106023
248 tid 106023
Insert  tid 106023
FindTargetPageId rootid 15 tid 106023
target_page_id id: 1 tid 106023
0 1 tid 106023
365 14 tid 106023
248 tid 106023
Insert  tid 106023
FindTargetPageId rootid 15 tid 106023
target_page_id id: 1 tid 106023
0 1 tid 106023
365 14 tid 106023
248 tid 106023
Insert  tid 106023
FindTargetPageId rootid 15 tid 106023
target_page_id id: 1 tid 106023
0 1 tid 106023
365 14 tid 106023
248 tid 106023
Insert  tid 106023
FindTargetPageId rootid 15 tid 106024
target_page_id id: 1 tid 106024
0 1 tid 106024
365 14 tid 106024
248 tid 106024
FindTargetPageId rootid 15 tid 106025
target_page_id id: 1 tid 106025
0 1 tid 106025
365 14 tid 106025
248 tid 106025
Remove  tid 106024
Insert  tid 106025
FindTargetPageId rootid 15 tid 106024
target_page_id id: 1 tid 106024
0 1 tid 106024
365 14 tid 106024
249 tid 106024
Remove  tid 106024
FindTargetPageId rootid 15 tid 106023
target_page_id id: 1 tid 106023
0 1 tid 106023
365 14 tid 106023
249 tid 106023
Insert  tid 106023
FindTargetPageId rootid 15 tid 106025
target_page_id id: 1 tid 106025
0 1 tid 106025
365 14 tid 106025
249 tid 106025
Insert  tid 106025
FindTargetPageId rootid 15 tid 106023
target_page_id id: 1 tid 106023
0 1 tid 106023
365 14 tid 106023
250 tid 106023
Insert  tid 106023
FindTargetPageId rootid 15 tid 106024
target_page_id id: 1 tid 106024
0 1 tid 106024
365 14 tid 106024
250 tid 106024
Remove  tid 106024
FindTargetPageId rootid 15 tid 106025
target_page_id id: 1 tid 106025
0 1 tid 106025
365 14 tid 106025
250 tid 106025
Insert  tid 106025
FindTargetPageId rootid 15 tid 106023
target_page_id id: 1 tid 106023
0 1 tid 106023
365 14 tid 106023
251 tid 106023
Insert  tid 106023
FindTargetPageId rootid 15 tid 106024
target_page_id id: 1 tid 106024
0 1 tid 106024
365 14 tid 106024
251 tid 106024
Remove  tid 106024
FindTargetPageId rootid 15 tid 106025
target_page_id id: 1 tid 106025
0 1 tid 106025
365 14 tid 106025
251 tid 106025
Insert  tid 106025
FindTargetPageId rootid 15 tid 106023
target_page_id id: 1 tid 106023
0 1 tid 106023
365 14 tid 106023
252 tid 106023
Insert  tid 106023
FindTargetPageId rootid 15 tid 106024
target_page_id id: 1 tid 106024
0 1 tid 106024
365 14 tid 106024
252 tid 106024
Remove  tid 106024
FindTargetPageId rootid 15 tid 106025
target_page_id id: 1 tid 106025
0 1 tid 106025
365 14 tid 106025
252 tid 106025
Insert  tid 106025
FindTargetPageId rootid 15 tid 106023
target_page_id id: 1 tid 106023
0 1 tid 106023
365 14 tid 106023
253 tid 106023
Insert  tid 106023
FindTargetPageId rootid 15 tid 106024
target_page_id id: 1 tid 106024
0 1 tid 106024
365 14 tid 106024
253 tid 106024
Remove  tid 106024
FindTargetPageId rootid 15 tid 106025
target_page_id id: 1 tid 106025
0 1 tid 106025
365 14 tid 106025
253 tid 106025
Insert  tid 106025
FindTargetPageId rootid 15 tid 106025
target_page_id id: 1 tid 106025
0 1 tid 106025
365 14 tid 106025
254 tid 106025
Insert  tid 106025
FindTargetPageId rootid 15 tid 106024
target_page_id id: 16 tid 106024
0 1 tid 106024
191 16 tid 106024
365 14 tid 106024
128 tid 106024
Remove  tid 106024
FindTargetPageId rootid 15 tid 106024
target_page_id id: 16 tid 106024
0 1 tid 106024
191 16 tid 106024
365 14 tid 106024
128 tid 106024
Remove  tid 106024
FindTargetPageId rootid 15 tid 106024
target_page_id id: 16 tid 106024
0 1 tid 106024
191 16 tid 106024
365 14 tid 106024
128 tid 106024
Remove  tid 106024
FindTargetPageId rootid 15 tid 106024
target_page_id id: 16 tid 106024
0 1 tid 106024
191 16 tid 106024
365 14 tid 106024
128 tid 106024
Remove  tid 106024
FindTargetPageId rootid 15 tid 106024
target_page_id id: 16 tid 106024
0 1 tid 106024
191 16 tid 106024
365 14 tid 106024
128 tid 106024
Remove  tid 106024
FindTargetPageId rootid 15 tid 106024
target_page_id id: 16 tid 106024
0 1 tid 106024
191 16 tid 106024
365 14 tid 106024
128 tid 106024
Remove  tid 106024
FindTargetPageId rootid 15 tid 106024
target_page_id id: 16 tid 106024
0 1 tid 106024
191 16 tid 106024
365 14 tid 106024
128 tid 106024
Remove  tid 106024
FindTargetPageId rootid 15 tid 106024
target_page_id id: 16 tid 106024
0 1 tid 106024
191 16 tid 106024
365 14 tid 106024
128 tid 106024
Remove  tid 106024
FindTargetPageId rootid 15 tid 106024
target_page_id id: 16 tid 106024
0 1 tid 106024
191 16 tid 106024
365 14 tid 106024
128 tid 106024
Remove  tid 106024
FindTargetPageId rootid 15 tid 106023
target_page_id id: 16 tid 106023
0 1 tid 106023
191 16 tid 106023
365 14 tid 106023
128 tid 106023
Insert  tid 106023
FindTargetPageId rootid 15 tid 106023
target_page_id id: 16 tid 106023
0 1 tid 106023
191 16 tid 106023
365 14 tid 106023
128 tid 106023
Insert  tid 106023
FindTargetPageId rootid 15 tid 106023
target_page_id id: 16 tid 106023
0 1 tid 106023
191 16 tid 106023
365 14 tid 106023
128 tid 106023
Insert  tid 106023
FindTargetPageId rootid 15 tid 106024
target_page_id id: 16 tid 106024
0 1 tid 106024
191 16 tid 106024
365 14 tid 106024
128 tid 106024
Remove  tid 106024
FindTargetPageId rootid 15 tid 106024
target_page_id id: 16 tid 106024
0 1 tid 106024
191 16 tid 106024
365 14 tid 106024
128 tid 106024
Remove  tid 106024
FindTargetPageId rootid 15 tid 106024
target_page_id id: 16 tid 106024
0 1 tid 106024
191 16 tid 106024
365 14 tid 106024
128 tid 106024
Remove  tid 106024
FindTargetPageId rootid 15 tid 106025
target_page_id id: 16 tid 106025
0 1 tid 106025
191 16 tid 106025
365 14 tid 106025
128 tid 106025
Insert  tid 106025
FindTargetPageId rootid 15 tid 106025
target_page_id id: 16 tid 106025
0 1 tid 106025
191 16 tid 106025
365 14 tid 106025
129 tid 106025
Insert  tid 106025
FindTargetPageId rootid 15 tid 106024
target_page_id id: 16 tid 106024
0 1 tid 106024
191 16 tid 106024
365 14 tid 106024
130 tid 106024
Remove  tid 106024
FindTargetPageId rootid 15 tid 106024
target_page_id id: 14 tid 106024
0 1 tid 106024
191 16 tid 106024
365 14 tid 106024
128 tid 106024
Remove  tid 106024
FindTargetPageId rootid 15 tid 106024
target_page_id id: 14 tid 106024
0 1 tid 106024
191 16 tid 106024
365 14 tid 106024
128 tid 106024
Remove  tid 106024
FindTargetPageId rootid 15 tid 106024
target_page_id id: 14 tid 106024
0 1 tid 106024
191 16 tid 106024
365 14 tid 106024
128 tid 106024
Remove  tid 106024
FindTargetPageId rootid 15 tid 106024
target_page_id id: 14 tid 106024
0 1 tid 106024
191 16 tid 106024
365 14 tid 106024
128 tid 106024
Remove  tid 106024
FindTargetPageId rootid 15 tid 106024
target_page_id id: 14 tid 106024
0 1 tid 106024
191 16 tid 106024
365 14 tid 106024
128 tid 106024
Remove  tid 106024
FindTargetPageId rootid 15 tid 106024
target_page_id id: 14 tid 106024
0 1 tid 106024
191 16 tid 106024
365 14 tid 106024
128 tid 106024
Remove  tid 106024
FindTargetPageId rootid 15 tid 106024
target_page_id id: 14 tid 106024
0 1 tid 106024
191 16 tid 106024
365 14 tid 106024
128 tid 106024
Remove  tid 106024
FindTargetPageId rootid 15 tid 106024
target_page_id id: 14 tid 106024
0 1 tid 106024
191 16 tid 106024
365 14 tid 106024
128 tid 106024
Remove  tid 106024
FindTargetPageId rootid 15 tid 106024
target_page_id id: 14 tid 106024
0 1 tid 106024
191 16 tid 106024
365 14 tid 106024
128 tid 106024
Remove  tid 106024
FindTargetPageId rootid 15 tid 106024
target_page_id id: 14 tid 106024
0 1 tid 106024
191 16 tid 106024
365 14 tid 106024
128 tid 106024
Remove  tid 106024
FindTargetPageId rootid 15 tid 106024
target_page_id id: 14 tid 106024
0 1 tid 106024
191 16 tid 106024
365 14 tid 106024
128 tid 106024
Remove  tid 106024
FindTargetPageId rootid 15 tid 106024
target_page_id id: 14 tid 106024
0 1 tid 106024
191 16 tid 106024
365 14 tid 106024
128 tid 106024
Remove  tid 106024
FindTargetPageId rootid 15 tid 106024
target_page_id id: 14 tid 106024
0 1 tid 106024
191 16 tid 106024
365 14 tid 106024
128 tid 106024
Remove  tid 106024
FindTargetPageId rootid 15 tid 106024
target_page_id id: 14 tid 106024
0 1 tid 106024
191 16 tid 106024
365 14 tid 106024
128 tid 106024
Remove  tid 106024
FindTargetPageId rootid 15 tid 106024
target_page_id id: 14 tid 106024
0 1 tid 106024
191 16 tid 106024
365 14 tid 106024
128 tid 106024
Remove  tid 106024
FindTargetPageId rootid 15 tid 106024
target_page_id id: 14 tid 106024
0 1 tid 106024
191 16 tid 106024
365 14 tid 106024
128 tid 106024
Remove  tid 106024
FindTargetPageId rootid 15 tid 106024
target_page_id id: 14 tid 106024
0 1 tid 106024
191 16 tid 106024
365 14 tid 106024
128 tid 106024
Remove  tid 106024
FindTargetPageId rootid 15 tid 106024
target_page_id id: 14 tid 106024
0 1 tid 106024
191 16 tid 106024
365 14 tid 106024
128 tid 106024
Remove  tid 106024
FindTargetPageId rootid 15 tid 106024
target_page_id id: 14 tid 106024
0 1 tid 106024
191 16 tid 106024
365 14 tid 106024
128 tid 106024
Remove  tid 106024
FindTargetPageId rootid 15 tid 106023
target_page_id id: 16 tid 106023
0 1 tid 106023
191 16 tid 106023
365 14 tid 106023
130 tid 106023
Insert  tid 106023
FindTargetPageId rootid 15 tid 106023
target_page_id id: 16 tid 106023
0 1 tid 106023
191 16 tid 106023
365 14 tid 106023
130 tid 106023
Insert  tid 106023
FindTargetPageId rootid 15 tid 106023
target_page_id id: 16 tid 106023
0 1 tid 106023
191 16 tid 106023
365 14 tid 106023
130 tid 106023
Insert  tid 106023
FindTargetPageId rootid 15 tid 106023
target_page_id id: 16 tid 106023
0 1 tid 106023
191 16 tid 106023
365 14 tid 106023
130 tid 106023
Insert  tid 106023
FindTargetPageId rootid 15 tid 106024
target_page_id id: 14 tid 106024
0 1 tid 106024
191 16 tid 106024
365 14 tid 106024
128 tid 106024
Remove  tid 106024
FindTargetPageId rootid 15 tid 106024
target_page_id id: 14 tid 106024
0 1 tid 106024
191 16 tid 106024
365 14 tid 106024
128 tid 106024
Remove  tid 106024
FindTargetPageId rootid 15 tid 106024
target_page_id id: 14 tid 106024
0 1 tid 106024
191 16 tid 106024
365 14 tid 106024
128 tid 106024
Remove  tid 106024
FindTargetPageId rootid 15 tid 106024
target_page_id id: 14 tid 106024
0 1 tid 106024
191 16 tid 106024
365 14 tid 106024
128 tid 106024
Remove  tid 106024
FindTargetPageId rootid 15 tid 106024
target_page_id id: 14 tid 106024
0 1 tid 106024
191 16 tid 106024
365 14 tid 106024
128 tid 106024
Remove  tid 106024
FindTargetPageId rootid 15 tid 106024
target_page_id id: 14 tid 106024
0 1 tid 106024
191 16 tid 106024
365 14 tid 106024
128 tid 106024
Remove  tid 106024
FindTargetPageId rootid 15 tid 106024
target_page_id id: 14 tid 106024
0 1 tid 106024
191 16 tid 106024
365 14 tid 106024
128 tid 106024
Remove  tid 106024
FindTargetPageId rootid 15 tid 106024
target_page_id id: 14 tid 106024
0 1 tid 106024
191 16 tid 106024
365 14 tid 106024
128 tid 106024
Remove  tid 106024
FindTargetPageId rootid 15 tid 106024
target_page_id id: 14 tid 106024
0 1 tid 106024
191 16 tid 106024
365 14 tid 106024
128 tid 106024
Remove  tid 106024
FindTargetPageId rootid 15 tid 106024
target_page_id id: 14 tid 106024
0 1 tid 106024
191 16 tid 106024
365 14 tid 106024
128 tid 106024
Remove  tid 106024
FindTargetPageId rootid 15 tid 106024
target_page_id id: 14 tid 106024
0 1 tid 106024
191 16 tid 106024
365 14 tid 106024
128 tid 106024
Remove  tid 106024
FindTargetPageId rootid 15 tid 106024
target_page_id id: 14 tid 106024
0 1 tid 106024
191 16 tid 106024
365 14 tid 106024
128 tid 106024
Remove  tid 106024
FindTargetPageId rootid 15 tid 106025
target_page_id id: 16 tid 106025
0 1 tid 106025
191 16 tid 106025
365 14 tid 106025
130 tid 106025
Insert  tid 106025
FindTargetPageId rootid 15 tid 106025
target_page_id id: 16 tid 106025
0 1 tid 106025
191 16 tid 106025
365 14 tid 106025
131 tid 106025
Insert  tid 106025
FindTargetPageId rootid 15 tid 106024
target_page_id id: 14 tid 106024
0 1 tid 106024
191 16 tid 106024
365 14 tid 106024
128 tid 106024
Remove  tid 106024
FindTargetPageId rootid 15 tid 106024
target_page_id id: 14 tid 106024
0 1 tid 106024
191 16 tid 106024
365 14 tid 106024
128 tid 106024
Remove  tid 106024
FindTargetPageId rootid 15 tid 106024
target_page_id id: 14 tid 106024
0 1 tid 106024
191 16 tid 106024
365 14 tid 106024
128 tid 106024
Remove  tid 106024
FindTargetPageId rootid 15 tid 106024
target_page_id id: 14 tid 106024
0 1 tid 106024
191 16 tid 106024
365 14 tid 106024
128 tid 106024
Remove  tid 106024
FindTargetPageId rootid 15 tid 106023
target_page_id id: 16 tid 106023
0 1 tid 106023
191 16 tid 106023
365 14 tid 106023
132 tid 106023
Insert  tid 106023
FindTargetPageId rootid 15 tid 106023
target_page_id id: 16 tid 106023
0 1 tid 106023
191 16 tid 106023
365 14 tid 106023
132 tid 106023
Insert  tid 106023
FindTargetPageId rootid 15 tid 106024
target_page_id id: 14 tid 106024
0 1 tid 106024
191 16 tid 106024
365 14 tid 106024
128 tid 106024
Remove  tid 106024
FindTargetPageId rootid 15 tid 106025
target_page_id id: 16 tid 106025
0 1 tid 106025
191 16 tid 106025
365 14 tid 106025
132 tid 106025
Insert  tid 106025
FindTargetPageId rootid 15 tid 106025
target_page_id id: 16 tid 106025
0 1 tid 106025
191 16 tid 106025
365 14 tid 106025
133 tid 106025
Insert  tid 106025
FindTargetPageId rootid 15 tid 106025
target_page_id id: 16 tid 106025
0 1 tid 106025
191 16 tid 106025
365 14 tid 106025
134 tid 106025
Insert  tid 106025
FindTargetPageId rootid 15 tid 106025
target_page_id id: 16 tid 106025
0 1 tid 106025
191 16 tid 106025
365 14 tid 106025
135 tid 106025
Insert  tid 106025
FindTargetPageId rootid 15 tid 106025
target_page_id id: 16 tid 106025
0 1 tid 106025
191 16 tid 106025
365 14 tid 106025
136 tid 106025
FindTargetPageId rootid 15 tid 106024
target_page_id id: 14 tid 106024
0 1 tid 106024
191 16 tid 106024
365 14 tid 106024
Insert  tid 128106025 tid 
106024
Remove  tid 106024
FindTargetPageId rootid 15 tid 106024
target_page_id id: 14 tid 106024
0 1 tid 106024
191 16 tid 106024
365 14 tid 106024
128 tid 106024
Remove  tid 106024
FindTargetPageId rootid 15 tid 106024
target_page_id id: 14 tid 106024
0 1 tid 106024
191 16 tid 106024
365 14 tid 106024
128 tid 106024
Remove  tid 106024
FindTargetPageId rootid 15 tid 106024
target_page_id id: 14 tid 106024
0 1 tid 106024
191 16 tid 106024
365 14 tid 106024
128 tid 106024
Remove  tid 106024
FindTargetPageId rootid 15 tid 106024
target_page_id id: 14 tid 106024
0 1 tid 106024
191 16 tid 106024
365 14 tid 106024
128 tid 106024
Remove  tid 106024
FindTargetPageId rootid 15 tid 106024
target_page_id id: 14 tid 106024
0 1 tid 106024
191 16 tid 106024
365 14 tid 106024
128 tid 106024
Remove  tid 106024
FindTargetPageId rootid 15 tid 106023
target_page_id id: 16 tid 106023
0 1 tid 106023
191 16 tid 106023
365 14 tid 106023
137 tid 106023
Insert  tid 106023
FindTargetPageId rootid 15 tid 106023
target_page_id id: 16 tid 106023
0 1 tid 106023
191 16 tid 106023
365 14 tid 106023
137 tid 106023
Insert  tid 106023
FindTargetPageId rootid 15 tid 106023
target_page_id id: 16 tid 106023
0 1 tid 106023
191 16 tid 106023
365 14 tid 106023
137 tid 106023
Insert  tid 106023
FindTargetPageId rootid 15 tid 106023
target_page_id id: 16 tid 106023
0 1 tid 106023
191 16 tid 106023
365 14 tid 106023
137 tid 106023
Insert  tid 106023
FindTargetPageId rootid 15 tid 106023
target_page_id id: 16 tid 106023
0 1 tid 106023
191 16 tid 106023
365 14 tid 106023
137 tid 106023
Insert  tid 106023
FindTargetPageId rootid 15 tid 106023
target_page_id id: 16 tid 106023
0 1 tid 106023
191 16 tid 106023
365 14 tid 106023
137 tid 106023
Insert  tid 106023
FindTargetPageId rootid 15 tid 106023
target_page_id id: 16 tid 106023
0 1 tid 106023
191 16 tid 106023
365 14 tid 106023
137 tid 106023
Insert  tid 106023
FindTargetPageId rootid 15 tid 106023
target_page_id id: 16 tid 106023
0 1 tid 106023
191 16 tid 106023
365 14 tid 106023
137 tid 106023
Insert  tid 106023
FindTargetPageId rootid 15 tid 106023
target_page_id id: 16 tid 106023
0 1 tid 106023
191 16 tid 106023
365 14 tid 106023
137 tid 106023
Insert  tid 106023
FindTargetPageId rootid 15 tid 106023
target_page_id id: 16 tid 106023
0 1 tid 106023
191 16 tid 106023
365 14 tid 106023
137 tid 106023
Insert  tid 106023
FindTargetPageId rootid 15 tid 106023
target_page_id id: 16 tid 106023
0 1 tid 106023
191 16 tid 106023
365 14 tid 106023
138 tid 106023
Insert  tid 106023
FindTargetPageId rootid 15 tid 106023
target_page_id id: 16 tid 106023
0 1 tid 106023
191 16 tid 106023
365 14 tid 106023
139 tid 106023
Insert  tid 106023
FindTargetPageId rootid 15 tid 106023
target_page_id id: 16 tid 106023
0 1 tid 106023
191 16 tid 106023
365 14 tid 106023
140 tid 106023
Insert  tid 106023
FindTargetPageId rootid 15 tid 106023
target_page_id id: 16 tid 106023
0 1 tid 106023
191 16 tid 106023
365 14 tid 106023
141 tid 106023
Insert  tid 106023
FindTargetPageId rootid 15 tid 106023
target_page_id id: 16 tid 106023
0 1 tid 106023
191 16 tid 106023
365 14 tid 106023
142 tid 106023
Insert  tid 106023
FindTargetPageId rootid 15 tid 106023
target_page_id id: 16 tid 106023
0 1 tid 106023
191 16 tid 106023
365 14 tid 106023
143 tid 106023
Insert  tid 106023
FindTargetPageId rootid 15 tid 106023
target_page_id id: 16 tid 106023
0 1 tid 106023
191 16 tid 106023
365 14 tid 106023
144 tid 106023
Insert  tid 106023
FindTargetPageId rootid 15 tid 106023
target_page_id id: 16 tid 106023
0 1 tid 106023
191 16 tid 106023
365 14 tid 106023
145 tid 106023
Insert  tid 106023
FindTargetPageId rootid 15 tid 106025
target_page_id id: 16 tid 106025
0 1 tid 106025
191 16 tid 106025
365 14 tid 106025
146 tid 106025
Insert  tid 106025
FindTargetPageId rootid 15 tid 106025
target_page_id id: 16 tid 106025
0 1 tid 106025
191 16 tid 106025
365 14 tid 106025
146 tid 106025
Insert  tid 106025
FindTargetPageId rootid 15 tid 106025
target_page_id id: 16 tid 106025
0 1 tid 106025
191 16 tid 106025
365 14 tid 106025
146 tid 106025
FindTargetPageId rootid 15 tid Insert 106024
target_page_id id:  tid 106025
14 tid 106024
0 1 tid 106024
191 16 tid 106024
365 14 tid 106024
128 tid 106024
Remove  tid 106024
FindTargetPageId rootid 15 tid 106024
target_page_id id: 14 tid 106024
0 1 tid 106024
191 16 tid 106024
365 14 tid 106024
128 tid 106024
Remove  tid 106024
FindTargetPageId rootid 15 tid 106024
target_page_id id: 14 tid 106024
0 1 tid 106024
191 16 tid 106024
365 14 tid 106024
128 tid 106024
Remove  tid 106024
FindTargetPageId rootid 15 tid 106024
target_page_id id: 14 tid 106024
0 1 tid 106024
191 16 tid 106024
365 14 tid 106024
128 tid 106024
Remove  tid 106024
FindTargetPageId rootid 15 tid 106024
target_page_id id: 14 tid 106024
0 1 tid 106024
191 16 tid 106024
365 14 tid 106024
128 tid 106024
Remove  tid 106024
FindTargetPageId rootid 15 tid 106024
target_page_id id: 14 tid 106024
0 1 tid 106024
191 16 tid 106024
365 14 tid 106024
128 tid 106024
Remove  tid 106024
FindTargetPageId rootid 15 tid 106024
target_page_id id: 14 tid 106024
0 1 tid 106024
191 16 tid 106024
365 14 tid 106024
128 tid 106024
Remove  tid 106024
FindTargetPageId rootid 15 tid 106024
target_page_id id: 14 tid 106024
0 1 tid 106024
191 16 tid 106024
365 14 tid 106024
128 tid 106024
Remove  tid 106024
FindTargetPageId rootid 15 tid 106025
target_page_id id: 16 tid 106025
0 1 tid 106025
191 16 tid 106025
365 14 tid 106025
146 tid 106025
Insert  tid 106025
FindTargetPageId rootid 15 tid 106025
target_page_id id: 16 tid 106025
0 1 tid 106025
191 16 tid 106025
365 14 tid 106025
146 tid 106025
Insert  tid 106025
FindTargetPageId rootid 15 tid 106025
target_page_id id: 16 tid 106025
0 1 tid 106025
191 16 tid 106025
365 14 tid 106025
146 tid 106025
Insert  tid 106025
FindTargetPageId rootid 15 tid 106023
target_page_id id: 16 tid 106023
0 1 tid 106023
191 16 tid 106023
365 14 tid 106023
146 tid 106023
Insert  tid 106023
FindTargetPageId rootid 15 tid 106024
target_page_id id: 14 tid 106024
0 1 tid 106024
191 16 tid 106024
365 14 tid 106024
128 tid 106024
Remove  tid 106024
FindTargetPageId rootid 15 tid 106024
target_page_id id: 14 tid 106024
0 1 tid 106024
191 16 tid 106024
365 14 tid 106024
128 tid 106024
Remove  tid 106024
FindTargetPageId rootid 15 tid 106023
target_page_id id: 16 tid 106023
0 1 tid 106023
191 16 tid 106023
365 14 tid 106023
147 tid 106023
Insert  tid 106023
FindTargetPageId rootid 15 tid 106023
target_page_id id: 16 tid 106023
0 1 tid 106023
191 16 tid 106023
365 14 tid 106023
148 tid 106023
Insert  tid 106023
FindTargetPageId rootid 15 tid 106025
target_page_id id: 16 tid 106025
0 1 tid 106025
191 16 tid 106025
365 14 tid 106025
149 tid 106025
Insert  tid 106025
FindTargetPageId rootid 15 tid 106025
target_page_id id: 16 tid 106025
0 1 tid 106025
191 16 tid 106025
365 14 tid 106025
149 tid 106025
Insert  tid 106025
FindTargetPageId rootid 15 tid 106025
target_page_id id: 16 tid 106025
0 1 tid 106025
191 16 tid 106025
365 14 tid 106025
149 tid 106025
Insert  tid 106025
FindTargetPageId rootid 15 tid 106025
target_page_id id: 16 tid 106025
0 1 tid 106025
191 16 tid 106025
365 14 tid 106025
149 tid 106025
Insert  tid 106025
FindTargetPageId rootid 15 tid 106025
target_page_id id: 16 tid 106025
0 1 tid 106025
191 16 tid 106025
365 14 tid 106025
149 tid 106025
Insert  tid 106025
FindTargetPageId rootid 15 tid 106025
target_page_id id: 16 tid 106025
0 1 tid 106025
191 16 tid 106025
365 14 tid 106025
149 tid 106025
Insert  tid 106025
FindTargetPageId rootid 15 tid 106025
target_page_id id: 16 tid 106025
0 1 tid 106025
191 16 tid 106025
365 14 tid 106025
149 tid 106025
Insert  tid 106025
FindTargetPageId rootid 15 tid 106025
target_page_id id: 16 tid 106025
0 1 tid 106025
191 16 tid 106025
365 14 tid 106025
150 tid 106025
Insert  tid 106025
FindTargetPageId rootid 15 tid 106025
target_page_id id: 16 tid 106025
0 1 tid 106025
191 16 tid 106025
365 14 tid 106025
151 tid 106025
Insert  tid 106025
FindTargetPageId rootid 15 tid 106025
target_page_id id: 16 tid 106025
0 1 tid 106025
191 16 tid 106025
365 14 tid 106025
152 tid 106025
Insert  tid 106025
FindTargetPageId rootid 15 tid 106025
target_page_id id: 16 tid 106025
0 1 tid 106025
191 16 tid 106025
365 14 tid 106025
153 tid 106025
Insert  tid 106025
FindTargetPageId rootid 15 tid 106025
target_page_id id: 16 tid 106025
0 1 tid 106025
191 16 tid 106025
365 14 tid 106025
154 tid 106025
Insert  tid 106025
FindTargetPageId rootid 15 tid 106025
target_page_id id: 16 tid 106025
0 1 tid 106025
191 16 tid 106025
365 14 tid 106025
155 tid 106025
Insert  tid 106025
FindTargetPageId rootid 15 tid 106025
target_page_id id: 16 tid 106025
0 1 tid 106025
191 16 tid 106025
365 14 tid 106025
156 tid 106025
Insert  tid 106025
FindTargetPageId rootid 15 tid 106025
target_page_id id: 16 tid 106025
0 1 tid 106025
191 16 tid 106025
365 14 tid 106025
157 tid 106025
Insert  tid 106025
FindTargetPageId rootid 15 tid 106025
target_page_id id: 16 tid 106025
0 1 tid 106025
191 16 tid 106025
365 14 tid 106025
158 tid 106025
Insert  tid 106025
FindTargetPageId rootid 15 tid 106025
target_page_id id: 16 tid 106025
0 1 tid 106025
191 16 tid 106025
365 14 tid 106025
159 tid 106025
Insert  tid 106025
FindTargetPageId rootid 15 tid 106025
target_page_id id: 16 tid 106025
0 1 tid 106025
191 16 tid 106025
365 14 tid 106025
160 tid 106025
Insert  tid 106025
FindTargetPageId rootid 15 tid 106025
target_page_id id: 16 tid 106025
0 1 tid 106025
191 16 tid 106025
365 14 tid 106025
161 tid 106025
Insert  tid 106025
FindTargetPageId rootid 15 tid 106025
target_page_id id: 16 tid 106025
0 1 tid 106025
191 16 tid 106025
365 14 tid 106025
162 tid 106025
Insert  tid 106025
FindTargetPageId rootid 15 tid 106025
target_page_id id: 16 tid 106025
0 1 tid 106025
191 16 tid 106025
365 14 tid 106025
163 tid 106025
Insert  tid 106025
FindTargetPageId rootid 15 tid 106025
target_page_id id: 16 tid 106025
0 1 tid 106025
191 16 tid 106025
365 14 tid 106025
164 tid 106025
Insert  tid 106025
FindTargetPageId rootid 15 tid 106025
target_page_id id: 16 tid 106025
0 1 tid 106025
191 16 tid 106025
365 14 tid 106025
165 tid 106025
Insert  tid 106025
FindTargetPageId rootid 15 tid 106025
target_page_id id: 16 tid 106025
0 1 tid 106025
191 16 tid 106025
365 14 tid 106025
166 tid 106025
Insert  tid 106025
FindTargetPageId rootid 15 tid 106025
target_page_id id: 16 tid 106025
0 1 tid 106025
191 16 tid 106025
365 14 tid 106025
167 tid 106025
Insert  tid 106025
FindTargetPageId rootid 15 tid 106025
target_page_id id: 16 tid 106025
0 1 tid 106025
191 16 tid 106025
365 14 tid 106025
168 tid 106025
Insert  tid 106025
FindTargetPageId rootid 15 tid 106025
target_page_id id: 16 tid 106025
0 1 tid 106025
191 16 tid 106025
365 14 tid 106025
169 tid 106025
Insert  tid 106025
FindTargetPageId rootid 15 tid 106025
target_page_id id: 16 tid 106025
0 1 tid 106025
191 16 tid 106025
365 14 tid 106025
170 tid 106025
Insert  tid 106025
FindTargetPageId rootid 15 tid 106025
target_page_id id: 16 tid 106025
0 1 tid 106025
191 16 tid 106025
365 14 tid 106025
171 tid 106025
Insert  tid 106025
FindTargetPageId rootid 15 tid 106025
target_page_id id: 16 tid 106025
0 1 tid 106025
191 16 tid 106025
365 14 tid 106025
172 tid 106025
Insert  tid 106025
FindTargetPageId rootid 15 tid 106025
target_page_id id: 16 tid 106025
0 1 tid 106025
191 16 tid 106025
365 14 tid 106025
173 tid 106025
Insert  tid 106025
FindTargetPageId rootid 15 tid 106025
target_page_id id: 14 tid 106025
0 1 tid 106025
191 16 tid 106025
365 14 tid 106025
128 tid 106025
Insert  tid 106025
FindTargetPageId rootid 15 tid 106025
target_page_id id: 14 tid 106025
0 1 tid 106025
191 16 tid 106025
365 14 tid 106025
129 tid 106025
Insert  tid 106025
FindTargetPageId rootid 15 tid 106025
target_page_id id: 14 tid 106025
0 1 tid 106025
191 16 tid 106025
365 14 tid 106025
130 tid 106025
Insert  tid 106025
FindTargetPageId rootid 15 tid 106025
target_page_id id: 14 tid 106025
0 1 tid 106025
191 16 tid 106025
365 14 tid 106025
131 tid 106025
Insert  tid 106025
FindTargetPageId rootid 15 tid 106024
target_page_id id: 14 tid 106024
0 1 tid 106024
191 16 tid 106024
365 14 tid 106024
132 tid 106024
Remove  tid 106024
FindTargetPageId rootid 15 tid 106024
target_page_id id: 14 tid 106024
0 1 tid 106024
191 16 tid 106024
365 14 tid 106024
132 tid 106024
Remove  tid 106024
FindTargetPageId rootid 15 tid 106024
target_page_id id: 14 tid 106024
0 1 tid 106024
191 16 tid 106024
365 14 tid 106024
132 tid 106024
Remove  tid 106024
FindTargetPageId rootid 15 tid 106024
target_page_id id: 14 tid 106024
0 1 tid 106024
191 16 tid 106024
365 14 tid 106024
132 tid 106024
Remove  tid 106024
FindTargetPageId rootid 15 tid 106024
target_page_id id: 14 tid 106024
0 1 tid 106024
191 16 tid 106024
365 14 tid 106024
132 tid 106024
Remove  tid 106024
FindTargetPageId rootid 15 tid 106024
target_page_id id: 14 tid 106024
0 1 tid 106024
191 16 tid 106024
365 14 tid 106024
132 tid 106024
Remove  tid 106024
FindTargetPageId rootid 15 tid 106024
target_page_id id: 14 tid 106024
0 1 tid 106024
191 16 tid 106024
365 14 tid 106024
132 tid 106024
Remove  tid 106024
FindTargetPageId rootid 15 tid 106024
target_page_id id: 14 tid 106024
0 1 tid 106024
191 16 tid 106024
365 14 tid 106024
132 tid 106024
Remove  tid 106024
FindTargetPageId rootid 15 tid 106024
target_page_id id: 14 tid 106024
0 1 tid 106024
191 16 tid 106024
365 14 tid 106024
132 tid 106024
Remove  tid 106024
FindTargetPageId rootid 15 tid 106024
target_page_id id: 14 tid 106024
0 1 tid 106024
191 16 tid 106024
365 14 tid 106024
132 tid 106024
Remove  tid 106024
FindTargetPageId rootid 15 tid 106024
target_page_id id: 14 tid 106024
0 1 tid 106024
191 16 tid 106024
365 14 tid 106024
132 tid 106024
Remove  tid 106024
FindTargetPageId rootid 15 tid 106024
target_page_id id: 14 tid 106024
0 1 tid 106024
191 16 tid 106024
365 14 tid 106024
132 tid 106024
Remove  tid 106024
FindTargetPageId rootid 15 tid 106024
target_page_id id: 14 tid 106024
0 1 tid 106024
191 16 tid 106024
365 14 tid 106024
132 tid 106024
Remove  tid 106024
FindTargetPageId rootid 15 tid 106024
target_page_id id: 14 tid 106024
0 1 tid 106024
191 16 tid 106024
365 14 tid 106024
132 tid 106024
Remove  tid 106024
FindTargetPageId rootid 15 tid 106024
target_page_id id: 14 tid 106024
0 1 tid 106024
191 16 tid 106024
365 14 tid 106024
132 tid 106024
Remove  tid 106024
FindTargetPageId rootid 15 tid 106024
target_page_id id: 14 tid 106024
0 1 tid 106024
191 16 tid 106024
365 14 tid 106024
132 tid 106024
Remove  tid 106024
FindTargetPageId rootid 15 tid 106023
target_page_id id: 16 tid 106023
0 1 tid 106023
191 16 tid 106023
365 14 tid 106023
174 tid 106023
Insert  tid 106023
FindTargetPageId rootid 15 tid 106023
target_page_id id: 16 tid 106023
0 1 tid 106023
191 16 tid 106023
365 14 tid 106023
174 tid 106023
Insert  tid 106023
FindTargetPageId rootid 15 tid 106023
target_page_id id: 16 tid 106023
0 1 tid 106023
191 16 tid 106023
365 14 tid 106023
174 tid 106023
Insert  tid 106023
FindTargetPageId rootid 15 tid 106023
target_page_id id: 16 tid 106023
0 1 tid 106023
191 16 tid 106023
365 14 tid 106023
174 tid 106023
Insert  tid 106023
FindTargetPageId rootid 15 tid 106025
target_page_id id: 14 tid 106025
0 1 tid 106025
191 16 tid 106025
365 14 tid 106025
132 tid 106025
Insert  tid 106025
FindTargetPageId rootid 15 tid 106025
target_page_id id: 14 tid 106025
0 1 tid 106025
191 16 tid 106025
365 14 tid 106025
133 tid 106025
Insert  tid 106025
FindTargetPageId rootid 15 tid 106025
target_page_id id: 14 tid 106025
0 1 tid 106025
191 16 tid 106025
365 14 tid 106025
134 tid 106025
Insert  tid 106025
FindTargetPageId rootid 15 tid 106025
target_page_id id: 14 tid 106025
0 1 tid 106025
191 16 tid 106025
365 14 tid 106025
135 tid 106025
Insert  tid 106025
FindTargetPageId rootid 15 tid 106025
target_page_id id: 14 tid 106025
0 1 tid 106025
191 16 tid 106025
365 14 tid 106025
136 tid 106025
Insert  tid 106025
FindTargetPageId rootid 15 tid 106025
target_page_id id: 14 tid 106025
0 1 tid 106025
191 16 tid 106025
365 14 tid 106025
137 tid 106025
Insert  tid 106025
FindTargetPageId rootid 15 tid 106023
target_page_id id: 16 tid 106023
0 1 tid 106023
191 16 tid 106023
365 14 tid 106023
174 tid 106023
Insert  tid 106023
FindTargetPageId rootid 15 tid 106023
target_page_id id: 16 tid 106023
0 1 tid 106023
191 16 tid 106023
365 14 tid 106023
174 tid 106023
Insert  tid 106023
FindTargetPageId rootid 15 tid 106023
target_page_id id: 16 tid 106023
0 1 tid 106023
191 16 tid 106023
365 14 tid 106023
174 tid 106023
Insert  tid 106023
FindTargetPageId rootid 15 tid 106023
target_page_id id: 16 tid 106023
0 1 tid 106023
191 16 tid 106023
365 14 tid 106023
174 tid 106023
Insert  tid 106023
FindTargetPageId rootid 15 tid 106023
target_page_id id: 16 tid 106023
0 1 tid 106023
191 16 tid 106023
365 14 tid 106023
174 tid 106023
Insert  tid 106023
FindTargetPageId rootid 15 tid 106023
target_page_id id: 16 tid 106023
0 1 tid 106023
191 16 tid 106023
365 14 tid 106023
174 tid 106023
Insert  tid 106023
FindTargetPageId rootid 15 tid 106023
target_page_id id: 16 tid 106023
0 1 tid 106023
191 16 tid 106023
365 14 tid 106023
174 tid 106023
Insert  tid 106023
FindTargetPageId rootid 15 tid 106023
target_page_id id: 16 tid 106023
0 1 tid 106023
191 16 tid 106023
365 14 tid 106023
174 tid 106023
Insert  tid 106023
FindTargetPageId rootid 15 tid 106023
target_page_id id: 16 tid 106023
0 1 tid 106023
191 16 tid 106023
365 14 tid 106023
174 tid 106023
Insert  tid 106023
FindTargetPageId rootid 15 tid 106023
target_page_id id: 16 tid 106023
0 1 tid 106023
191 16 tid 106023
365 14 tid 106023
174 tid 106023
Insert  tid 106023
FindTargetPageId rootid 15 tid 106023
target_page_id id: 16 tid 106023
0 1 tid 106023
191 16 tid 106023
365 14 tid 106023
174 tid 106023
Insert  tid 106023
FindTargetPageId rootid 15 tid 106023
target_page_id id: 16 tid 106023
0 1 tid 106023
191 16 tid 106023
365 14 tid 106023
174 tid 106023
Insert  tid 106023
FindTargetPageId rootid 15 tid 106023
target_page_id id: 16 tid 106023
0 1 tid 106023
191 16 tid 106023
365 14 tid 106023
174 tid 106023
Insert  tid 106023
FindTargetPageId rootid 15 tid 106023
target_page_id id: 16 tid 106023
0 1 tid 106023
191 16 tid 106023
365 14 tid 106023
174 tid 106023
Insert  tid 106023
FindTargetPageId rootid 15 tid 106023
target_page_id id: 16 tid 106023
0 1 tid 106023
191 16 tid 106023
365 14 tid 106023
174 tid 106023
Insert  tid 106023
FindTargetPageId rootid 15 tid 106023
target_page_id id: 16 tid 106023
0 1 tid 106023
191 16 tid 106023
365 14 tid 106023
174 tid 106023
Insert  tid 106023
FindTargetPageId rootid 15 tid 106023
target_page_id id: 16 tid 106023
0 1 tid 106023
191 16 tid 106023
365 14 tid 106023
174 tid 106023
Insert  tid 106023
FindTargetPageId rootid 15 tid 106023
target_page_id id: 16 tid 106023
0 1 tid 106023
191 16 tid 106023
365 14 tid 106023
174 tid 106023
Insert  tid 106023
FindTargetPageId rootid 15 tid 106023
target_page_id id: 16 tid 106023
0 1 tid 106023
191 16 tid 106023
365 14 tid 106023
174 tid 106023
Insert  tid 106023
FindTargetPageId rootid 15 tid 106023
target_page_id id: 16 tid 106023
0 1 tid 106023
191 16 tid 106023
365 14 tid 106023
174 tid 106023
Insert  tid 106023
FindTargetPageId rootid 15 tid 106023
target_page_id id: 16 tid 106023
0 1 tid 106023
191 16 tid 106023
365 14 tid 106023
174 tid 106023
Insert  tid 106023
FindTargetPageId rootid 15 tid 106023
target_page_id id: 14 tid 106023
0 1 tid 106023
191 16 tid 106023
365 14 tid 106023
138 tid 106023
Insert  tid 106023
FindTargetPageId rootid 15 tid 106023
target_page_id id: 14 tid 106023
0 1 tid 106023
191 16 tid 106023
365 14 tid 106023
138 tid 106023
Insert  tid 106023
FindTargetPageId rootid 15 tid 106023
target_page_id id: 14 tid 106023
0 1 tid 106023
191 16 tid 106023
365 14 tid 106023
138 tid 106023
Insert  tid 106023
FindTargetPageId rootid 15 tid 106023
target_page_id id: 14 tid 106023
0 1 tid 106023
191 16 tid 106023
365 14 tid 106023
138 tid 106023
Insert  tid 106023
FindTargetPageId rootid 15 tid 106023
target_page_id id: 14 tid 106023
0 1 tid 106023
191 16 tid 106023
365 14 tid 106023
138 tid 106023
Insert  tid 106023
FindTargetPageId rootid 15 tid 106023
target_page_id id: 14 tid 106023
0 1 tid 106023
191 16 tid 106023
365 14 tid 106023
138 tid 106023
Insert  tid 106023
FindTargetPageId rootid 15 tid 106023
target_page_id id: 14 tid 106023
0 1 tid 106023
191 16 tid 106023
365 14 tid 106023
138 tid 106023
Insert  tid 106023
FindTargetPageId rootid 15 tid 106024
target_page_id id: 14 tid 106024
0 1 tid 106024
191 16 tid 106024
365 14 tid 106024
138 tid 106024
Remove  tid 106024
FindTargetPageId rootid 15 tid 106025
target_page_id id: 14 tid 106025
0 1 tid 106025
191 16 tid 106025
365 14 tid 106025
138 tid 106025
Insert  tid 106025
FindTargetPageId rootid 15 tid 106025
target_page_id id: 14 tid 106025
0 1 tid 106025
191 16 tid 106025
365 14 tid 106025
139 tid 106025
Insert  tid 106025
FindTargetPageId rootid 15 tid 106025
target_page_id id: 14 tid 106025
0 1 tid 106025
191 16 tid 106025
365 14 tid 106025
140 tid 106025
Insert  tid 106025
FindTargetPageId rootid 15 tid 106025
target_page_id id: 14 tid 106025
0 1 tid 106025
191 16 tid 106025
365 14 tid 106025
141 tid 106025
Insert  tid 106025
FindTargetPageId rootid 15 tid 106025
target_page_id id: 14 tid 106025
0 1 tid 106025
191 16 tid 106025
365 14 tid 106025
142 tid 106025
Insert  tid 106025
FindTargetPageId rootid 15 tid 106025
target_page_id id: 14 tid 106025
0 1 tid 106025
191 16 tid 106025
365 14 tid 106025
143 tid 106025
Insert  tid 106025
FindTargetPageId rootid 15 tid 106025
target_page_id id: 14 tid 106025
0 1 tid 106025
191 16 tid 106025
365 14 tid 106025
144 tid 106025
Insert  tid 106025
FindTargetPageId rootid 15 tid 106025
target_page_id id: 14 tid 106025
0 1 tid 106025
191 16 tid 106025
365 14 tid 106025
145 tid 106025
Insert  tid 106025
FindTargetPageId rootid 15 tid 106025
target_page_id id: 14 tid 106025
0 1 tid 106025
191 16 tid 106025
365 14 tid 106025
146 tid 106025
Insert  tid 106025
FindTargetPageId rootid 15 tid 106025
target_page_id id: 14 tid 106025
0 1 tid 106025
191 16 tid 106025
365 14 tid 106025
147 tid 106025
Insert  tid 106025
FindTargetPageId rootid 15 tid 106025
target_page_id id: 14 tid 106025
0 1 tid 106025
191 16 tid 106025
365 14 tid 106025
148 tid 106025
Insert  tid 106025
FindTargetPageId rootid 15 tid 106023
target_page_id id: 14 tid 106023
0 1 tid 106023
191 16 tid 106023
365 14 tid 106023
149 tid 106023
Insert  tid 106023
FindTargetPageId rootid 15 tid 106023
target_page_id id: 14 tid 106023
0 1 tid 106023
191 16 tid 106023
365 14 tid 106023
149 tid 106023
Insert  tid 106023
FindTargetPageId rootid 15 tid 106023
target_page_id id: 14 tid 106023
0 1 tid 106023
191 16 tid 106023
365 14 tid 106023
149 tid 106023
Insert  tid 106023
FindTargetPageId rootid 15 tid 106023
target_page_id id: 14 tid 106023
0 1 tid 106023
191 16 tid 106023
365 14 tid 106023
149 tid 106023
Insert  tid 106023
FindTargetPageId rootid 15 tid 106023
target_page_id id: 14 tid 106023
0 1 tid 106023
191 16 tid 106023
365 14 tid 106023
149 tid 106023
Insert  tid 106023
FindTargetPageId rootid 15 tid 106023
target_page_id id: 14 tid 106023
0 1 tid 106023
191 16 tid 106023
365 14 tid 106023
149 tid 106023
Insert  tid 106023
FindTargetPageId rootid 15 tid 106023
target_page_id id: 14 tid 106023
0 1 tid 106023
191 16 tid 106023
365 14 tid 106023
149 tid 106023
Insert  tid 106023
FindTargetPageId rootid 15 tid 106023
target_page_id id: 14 tid 106023
0 1 tid 106023
191 16 tid 106023
365 14 tid 106023
149 tid 106023
Insert  tid 106023
FindTargetPageId rootid 15 tid 106023
target_page_id id: 14 tid 106023
0 1 tid 106023
191 16 tid 106023
365 14 tid 106023
149 tid 106023
Insert  tid 106023
FindTargetPageId rootid 15 tid 106023
target_page_id id: 14 tid 106023
0 1 tid 106023
191 16 tid 106023
365 14 tid 106023
149 tid 106023
Insert  tid 106023
FindTargetPageId rootid 15 tid 106023
target_page_id id: 14 tid 106023
0 1 tid 106023
191 16 tid 106023
365 14 tid 106023
149 tid 106023
Insert  tid 106023
FindTargetPageId rootid 15 tid 106023
target_page_id id: 14 tid 106023
0 1 tid 106023
191 16 tid 106023
365 14 tid 106023
149 tid 106023
Insert  tid 106023
FindTargetPageId rootid 15 tid 106024
target_page_id id: 14 tid 106024
0 1 tid 106024
191 16 tid 106024
365 14 tid 106024
149 tid 106024
Remove  tid 106024
FindTargetPageId rootid 15 tid 106024
target_page_id id: 14 tid 106024
0 1 tid 106024
191 16 tid 106024
365 14 tid 106024
149 tid 106024
Remove  tid 106024
FindTargetPageId rootid 15 tid 106025
target_page_id id: 14 tid 106025
0 1 tid 106025
191 16 tid 106025
365 14 tid 106025
149 tid 106025
Insert  tid 106025
FindTargetPageId rootid 15 tid 106025
target_page_id id: 14 tid 106025
0 1 tid 106025
191 16 tid 106025
365 14 tid 106025
150 tid 106025
Insert  tid 106025
FindTargetPageId rootid 15 tid 106025
target_page_id id: 14 tid 106025
0 1 tid 106025
191 16 tid 106025
365 14 tid 106025
151 tid 106025
Insert  tid 106025
FindTargetPageId rootid 15 tid 106025
target_page_id id: 14 tid 106025
0 1 tid 106025
191 16 tid 106025
365 14 tid 106025
152 tid 106025
Insert  tid 106025
FindTargetPageId rootid 15 tid 106025
target_page_id id: 14 tid 106025
0 1 tid 106025
191 16 tid 106025
365 14 tid 106025
153 tid 106025
Insert  tid 106025
FindTargetPageId rootid 15 tid 106025
target_page_id id: 14 tid 106025
0 1 tid 106025
191 16 tid 106025
365 14 tid 106025
154 tid 106025
Insert  tid 106025
FindTargetPageId rootid 15 tid 106025
target_page_id id: 14 tid 106025
0 1 tid 106025
191 16 tid 106025
365 14 tid 106025
155 tid 106025
Insert  tid 106025
FindTargetPageId rootid 15 tid 106025
target_page_id id: 14 tid 106025
0 1 tid 106025
191 16 tid 106025
365 14 tid 106025
156 tid 106025
Insert  tid 106025
FindTargetPageId rootid 15 tid 106025
target_page_id id: 14 tid 106025
0 1 tid 106025
191 16 tid 106025
365 14 tid 106025
157 tid 106025
Insert  tid 106025
FindTargetPageId rootid 15 tid 106024
target_page_id id: 14 tid 106024
0 1 tid 106024
191 16 tid 106024
365 14 tid 106024
158 tid 106024
Remove  tid 106024
FindTargetPageId rootid 15 tid 106024
target_page_id id: 14 tid 106024
0 1 tid 106024
191 16 tid 106024
365 14 tid 106024
158 tid 106024
Remove  tid 106024
FindTargetPageId rootid 15 tid 106024
target_page_id id: 14 tid 106024
0 1 tid 106024
191 16 tid 106024
365 14 tid 106024
158 tid 106024
Remove  tid 106024
FindTargetPageId rootid 15 tid 106024
target_page_id id: 14 tid 106024
0 1 tid 106024
191 16 tid 106024
365 14 tid 106024
158 tid 106024
Remove  tid 106024
FindTargetPageId rootid 15 tid 106024
target_page_id id: 14 tid 106024
0 1 tid 106024
191 16 tid 106024
365 14 tid 106024
158 tid 106024
Remove  tid 106024
FindTargetPageId rootid 15 tid 106024
target_page_id id: 14 tid 106024
0 1 tid 106024
191 16 tid 106024
365 14 tid 106024
158 tid 106024
Remove  tid 106024
FindTargetPageId rootid 15 tid 106025
target_page_id id: 14 tid 106025
0 1 tid 106025
191 16 tid 106025
365 14 tid 106025
158 tid 106025
Insert  tid 106025
FindTargetPageId rootid 15 tid 106025
target_page_id id: 14 tid 106025
0 1 tid 106025
191 16 tid 106025
365 14 tid 106025
159 tid 106025
Insert  tid 106025
FindTargetPageId rootid 15 tid 106025
target_page_id id: 14 tid 106025
0 1 tid 106025
191 16 tid 106025
365 14 tid 106025
160 tid 106025
Insert  tid 106025
FindTargetPageId rootid 15 tid 106024
target_page_id id: 14 tid 106024
0 1 tid 106024
191 16 tid 106024
365 14 tid 106024
161 tid 106024
Remove  tid 106024
FindTargetPageId rootid 15 tid 106024
target_page_id id: 14 tid 106024
0 1 tid 106024
191 16 tid 106024
365 14 tid 106024
161 tid 106024
Remove  tid 106024
FindTargetPageId rootid 15 tid 106024
target_page_id id: 14 tid 106024
0 1 tid 106024
191 16 tid 106024
365 14 tid 106024
161 tid 106024
Remove  tid 106024
FindTargetPageId rootid 15 tid 106024
target_page_id id: 14 tid 106024
0 1 tid 106024
191 16 tid 106024
365 14 tid 106024
161 tid 106024
Remove  tid 106024
FindTargetPageId rootid 15 tid 106024
target_page_id id: 14 tid 106024
0 1 tid 106024
191 16 tid 106024
365 14 tid 106024
161 tid 106024
Remove  tid 106024
FindTargetPageId rootid 15 tid 106024
target_page_id id: 14 tid 106024
0 1 tid 106024
191 16 tid 106024
365 14 tid 106024
161 tid 106024
Remove  tid 106024
FindTargetPageId rootid 15 tid 106024
target_page_id id: 14 tid 106024
0 1 tid 106024
191 16 tid 106024
365 14 tid 106024
161 tid 106024
Remove  tid 106024
FindTargetPageId rootid 15 tid 106023
target_page_id id: 14 tid 106023
0 1 tid 106023
191 16 tid 106023
365 14 tid 106023
161 tid 106023
Insert  tid 106023
FindTargetPageId rootid 15 tid 106023
target_page_id id: 14 tid 106023
0 1 tid 106023
191 16 tid 106023
365 14 tid 106023
161 tid 106023
FindTargetPageId rootid 15 tid 106025
target_page_id id: 14 tid 106025
0 1 tid 106025
191 16 tid 106025
365 14 tid 106025
161 tid Insert 106025
 tid 106023
FindTargetPageId rootid 15 tid 106024
target_page_id id: 14 tid 106024
0 1 tid 106024
191 16 tid 106024
365 14 tid 106024
Insert  tid 106025
162 tid 106024
Remove  tid 106024
FindTargetPageId rootid 15 tid 106023
target_page_id id: 14 tid 106023
0 1 tid 106023
191 16 tid 106023
365 14 tid 106023
162 tid 106023
Insert  tid 106023
FindTargetPageId rootid 15 tid 106025
target_page_id id: 14 tid 106025
0 1 tid 106025
191 16 tid 106025
365 14 tid 106025
162 tid 106025
Insert  tid 106025
FindTargetPageId rootid 15 tid 106024
target_page_id id: 14 tid 106024
0 1 tid 106024
191 16 tid 106024
365 14 tid 106024
163 tid 106024
Remove  tid 106024
FindTargetPageId rootid 15 tid 106023
target_page_id id: 14 tid 106023
0 1 tid 106023
191 16 tid 106023
365 14 tid 106023
163 tid 106023
Insert  tid 106023
FindTargetPageId rootid 15 tid 106025
target_page_id id: 14 tid 106025
0 1 tid 106025
191 16 tid 106025
365 14 tid 106025
163 tid 106025
Insert  tid 106025
FindTargetPageId rootid 15 tid 106024
target_page_id id: 14 tid 106024
0 1 tid 106024
191 16 tid 106024
365 14 tid 106024
164 tid 106024
Remove  tid 106024
FindTargetPageId rootid 15 tid 106023
target_page_id id: 14 tid 106023
0 1 tid 106023
191 16 tid 106023
365 14 tid 106023
164 tid 106023
Insert  tid 106023
FindTargetPageId rootid 15 tid 106025
target_page_id id: 14 tid 106025
0 1 tid 106025
191 16 tid 106025
365 14 tid 106025
164 tid 106025
Insert  tid 106025
FindTargetPageId rootid 15 tid 106024
target_page_id id: 14 tid 106024
0 1 tid 106024
191 16 tid 106024
365 14 tid 106024
165 tid 106024
Remove  tid 106024
FindTargetPageId rootid 15 tid 106024
target_page_id id: 14 tid 106024
0 1 tid 106024
191 16 tid 106024
365 14 tid 106024
165 tid 106024
Remove  tid 106024
FindTargetPageId rootid 15 tid 106024
target_page_id id: 14 tid 106024
0 1 tid 106024
191 16 tid 106024
365 14 tid 106024
165 tid 106024
Remove  tid 106024
FindTargetPageId rootid 15 tid 106024
target_page_id id: 14 tid 106024
0 1 tid 106024
191 16 tid 106024
365 14 tid 106024
165 tid 106024
Remove  tid 106024
FindTargetPageId rootid 15 tid 106024
target_page_id id: 14 tid 106024
0 1 tid 106024
191 16 tid 106024
365 14 tid 106024
165 tid 106024
Remove  tid 106024
FindTargetPageId rootid 15 tid 106023
target_page_id id: 14 tid 106023
0 1 tid 106023
191 16 tid 106023
365 14 tid 106023
165 tid 106023
Insert  tid 106023
FindTargetPageId rootid 15 tid 106025
target_page_id id: 14 tid 106025
0 1 tid 106025
191 16 tid 106025
365 14 tid 106025
165 tid 106025
Insert  tid 106025
FindTargetPageId rootid 15 tid 106025
target_page_id id: 14 tid 106025
0 1 tid 106025
191 16 tid 106025
365 14 tid 106025
166 tid 106025
Insert  tid 106025
FindTargetPageId rootid 15 tid 106025
target_page_id id: 14 tid 106025
0 1 tid 106025
191 16 tid 106025
365 14 tid 106025
167 tid 106025
Insert  tid 106025
FindTargetPageId rootid 15 tid 106025
target_page_id id: 14 tid 106025
0 1 tid 106025
191 16 tid 106025
365 14 tid 106025
168 tid 106025
Insert  tid 106025
FindTargetPageId rootid 15 tid 106025
target_page_id id: 14 tid 106025
0 1 tid 106025
191 16 tid 106025
365 14 tid 106025
169 tid 106025
Insert  tid 106025
FindTargetPageId rootid 15 tid 106025
target_page_id id: 14 tid 106025
0 1 tid 106025
191 16 tid 106025
365 14 tid 106025
170 tid 106025
Insert  tid 106025
FindTargetPageId rootid 15 tid 106025
target_page_id id: 14 tid 106025
0 1 tid 106025
191 16 tid 106025
365 14 tid 106025
171 tid 106025
Insert  tid 106025
FindTargetPageId rootid 15 tid 106025
target_page_id id: 14 tid 106025
0 1 tid 106025
191 16 tid 106025
365 14 tid 106025
172 tid 106025
Insert  tid 106025
FindTargetPageId rootid 15 tid 106025
target_page_id id: 14 tid 106025
0 1 tid 106025
191 16 tid 106025
365 14 tid 106025
173 tid 106025
Insert  tid 106025
FindTargetPageId rootid 15 tid 106025
target_page_id id: 14 tid 106025
0 1 tid 106025
191 16 tid 106025
365 14 tid 106025
174 tid 106025
Insert  tid 106025
FindTargetPageId rootid 15 tid 106025
target_page_id id: 14 tid 106025
0 1 tid 106025
191 16 tid 106025
365 14 tid 106025
175 tid 106025
Insert  tid 106025
FindTargetPageId rootid 15 tid 106025
target_page_id id: 14 tid 106025
0 1 tid 106025
191 16 tid 106025
365 14 tid 106025
176 tid 106025
Insert  tid 106025
FindTargetPageId rootid 15 tid 106025
target_page_id id: 14 tid 106025
0 1 tid 106025
191 16 tid 106025
365 14 tid 106025
177 tid 106025
Insert  tid 106025
FindTargetPageId rootid 15 tid 106025
target_page_id id: 14 tid 106025
0 1 tid 106025
191 16 tid 106025
365 14 tid 106025
178 tid 106025
Insert  tid 106025
FindTargetPageId rootid 15 tid 106025
target_page_id id: 14 tid 106025
0 1 tid 106025
191 16 tid 106025
365 14 tid 106025
179 tid 106025
Insert  tid 106025
FindTargetPageId rootid 15 tid 106025
target_page_id id: 14 tid 106025
0 1 tid 106025
191 16 tid 106025
365 14 tid 106025
180 tid 106025
Insert  tid 106025
FindTargetPageId rootid 15 tid 106024
target_page_id id: 14 tid 106024
0 1 tid 106024
191 16 tid 106024
365 14 tid 106024
181 tid 106024
Remove  tid 106024
FindTargetPageId rootid 15 tid 106024
target_page_id id: 14 tid 106024
0 1 tid 106024
191 16 tid 106024
365 14 tid 106024
181 tid 106024
Remove  tid 106024
FindTargetPageId rootid 15 tid 106025
target_page_id id: 14 tid 106025
0 1 tid 106025
191 16 tid 106025
365 14 tid 106025
181 tid 106025
Insert  tid 106025
FindTargetPageId rootid 15 tid 106025
target_page_id id: 14 tid 106025
0 1 tid 106025
191 16 tid 106025
365 14 tid 106025
182 tid 106025
Insert  tid 106025
FindTargetPageId rootid 15 tid 106025
target_page_id id: 14 tid 106025
0 1 tid 106025
191 16 tid 106025
365 14 tid 106025
183 tid 106025
Insert  tid 106025
FindTargetPageId rootid 15 tid 106025
target_page_id id: 14 tid 106025
0 1 tid 106025
191 16 tid 106025
365 14 tid 106025
184 tid 106025
Insert  tid 106025
FindTargetPageId rootid 15 tid 106025
target_page_id id: 14 tid 106025
0 1 tid 106025
191 16 tid 106025
365 14 tid 106025
185 tid 106025
Insert  tid 106025
FindTargetPageId rootid 15 tid 106025
target_page_id id: 14 tid 106025
0 1 tid 106025
191 16 tid 106025
365 14 tid 106025
186 tid 106025
Insert  tid 106025
FindTargetPageId rootid 15 tid 106025
target_page_id id: 14 tid 106025
0 1 tid 106025
191 16 tid 106025
365 14 tid 106025
187 tid 106025
Insert  tid 106025
FindTargetPageId rootid 15 tid 106025
target_page_id id: 14 tid 106025
0 1 tid 106025
191 16 tid 106025
365 14 tid 106025
188 tid 106025
Insert  tid 106025
FindTargetPageId rootid 15 tid 106025
target_page_id id: 14 tid 106025
0 1 tid 106025
191 16 tid 106025
365 14 tid 106025
189 tid 106025
Insert  tid 106025
FindTargetPageId rootid 15 tid 106025
target_page_id id: 14 tid 106025
0 1 tid 106025
191 16 tid 106025
365 14 tid 106025
190 tid 106025
Insert  tid 106025
FindTargetPageId rootid 15 tid 106025
target_page_id id: 14 tid 106025
0 1 tid 106025
191 16 tid 106025
365 14 tid 106025
191 tid 106025
Insert  tid 106025
FindTargetPageId rootid 15 tid 106025
target_page_id id: 14 tid 106025
0 1 tid 106025
191 16 tid 106025
365 14 tid 106025
192 tid 106025
FindTargetPageId rootid 15 tid 106023
target_page_id id: 14 tid 106023
0 1 tid 106023
191 16 tid 106023
365 14 tid 106023
Insert  tid 106025
193 tid 106023
Insert  tid 106023
FindTargetPageId rootid 15 tid 106024
target_page_id id: 14 tid 106024
0 1 tid 106024
191 16 tid 106024
365 14 tid 106024
193 tid 106024
Remove  tid 106024
FindTargetPageId rootid 15 tid 106024
target_page_id id: 14 tid 106024
0 1 tid 106024
191 16 tid 106024
365 14 tid 106024
193 tid 106024
Remove  tid 106024
FindTargetPageId rootid 15 tid 106025
target_page_id id: 14 tid 106025
0 1 tid 106025
191 16 tid 106025
365 14 tid 106025
193 tid 106025
Insert  tid 106025
FindTargetPageId rootid 15 tid 106025
target_page_id id: 14 tid 106025
0 1 tid 106025
191 16 tid 106025
365 14 tid 106025
194 tid 106025
Insert  tid 106025
FindTargetPageId rootid 15 tid 106025
target_page_id id: 14 tid 106025
0 1 tid 106025
191 16 tid 106025
365 14 tid 106025
195 tid 106025
Insert  tid 106025
FindTargetPageId rootid 15 tid 106025
target_page_id id: 14 tid 106025
0 1 tid 106025
191 16 tid 106025
365 14 tid 106025
196 tid 106025
Insert  tid 106025
FindTargetPageId rootid 15 tid 106023
target_page_id id: 14 tid 106023
0 1 tid 106023
191 16 tid 106023
365 14 tid 106023
197 tid 106023
Insert  tid 106023
FindTargetPageId rootid 15 tid 106023
target_page_id id: 14 tid 106023
0 1 tid 106023
191 16 tid 106023
365 14 tid 106023
197 tid 106023
Insert  tid 106023
FindTargetPageId rootid 15 tid 106023
target_page_id id: 14 tid 106023
0 1 tid 106023
191 16 tid 106023
365 14 tid 106023
197 tid 106023
Insert  tid 106023
FindTargetPageId rootid 15 tid 106023
target_page_id id: 14 tid 106023
0 1 tid 106023
191 16 tid 106023
365 14 tid 106023
197 tid 106023
Insert  tid 106023
FindTargetPageId rootid 15 tid 106023
target_page_id id: 14 tid 106023
0 1 tid 106023
191 16 tid 106023
365 14 tid 106023
197 tid 106023
Insert  tid 106023
FindTargetPageId rootid 15 tid 106025
target_page_id id: 14 tid 106025
0 1 tid 106025
191 16 tid 106025
365 14 tid 106025
197 tid 106025
FindTargetPageId rootid 15 tid 106024
target_page_id id: 14 tid 106024
0 1 tid 106024
191 16 tid 106024
365 14 tid 106024
198 tid 106024
Insert  tid 106025
FindTargetPageId rootid 15 tid 106025
target_page_id id: 14 tid 106025
0 1 tid 106025
191 16 tid 106025
365 14 tid 106025
198 tid 106025
Remove  tid 106024
FindTargetPageId rootid 15 tid 106023
Insert  tid 106025
target_page_id id: 14 tid 106023
0 1 tid 106023
191 16 tid 106023
365 14 tid 106023
199 tid 106023
Insert  tid 106023
FindTargetPageId rootid 15 tid 106024
target_page_id id: 14 tid 106024
0 1 tid 106024
191 16 tid 106024
365 14 tid 106024
199 tid 106024
Remove  tid 106024
FindTargetPageId rootid 15 tid 106024
target_page_id id: 14 tid 106024
0 1 tid 106024
191 16 tid 106024
365 14 tid 106024
199 tid 106024
Remove  tid 106024
FindTargetPageId rootid 15 tid 106024
target_page_id id: 14 tid 106024
0 1 tid 106024
191 16 tid 106024
365 14 tid 106024
199 tid 106024
Remove  tid 106024
FindTargetPageId rootid 15 tid 106024
target_page_id id: 14 tid 106024
0 1 tid 106024
191 16 tid 106024
365 14 tid 106024
199 tid 106024
Remove  tid 106024
FindTargetPageId rootid 15 tid 106024
target_page_id id: 14 tid 106024
0 1 tid 106024
191 16 tid 106024
365 14 tid 106024
199 tid 106024
Remove  tid 106024
FindTargetPageId rootid 15 tid 106024
target_page_id id: 14 tid 106024
0 1 tid 106024
191 16 tid 106024
365 14 tid 106024
199 tid 106024
Remove  tid 106024
FindTargetPageId rootid 15 tid 106025
target_page_id id: 14 tid 106025
0 1 tid 106025
191 16 tid 106025
365 14 tid 106025
199 tid 106025
Insert  tid 106025
FindTargetPageId rootid 15 tid 106025
target_page_id id: 14 tid 106025
0 1 tid 106025
191 16 tid 106025
365 14 tid 106025
200 tid 106025
Insert  tid 106025
FindTargetPageId rootid 15 tid 106025
target_page_id id: 14 tid 106025
0 1 tid 106025
191 16 tid 106025
365 14 tid 106025
201 tid 106025
Insert  tid 106025
FindTargetPageId rootid 15 tid 106025
target_page_id id: 14 tid 106025
0 1 tid 106025
191 16 tid 106025
365 14 tid 106025
202 tid 106025
Insert  tid 106025
FindTargetPageId rootid 15 tid 106025
target_page_id id: 14 tid 106025
0 1 tid 106025
191 16 tid 106025
365 14 tid 106025
203 tid 106025
Insert  tid 106025
FindTargetPageId rootid 15 tid 106025
target_page_id id: 14 tid 106025
0 1 tid 106025
191 16 tid 106025
365 14 tid 106025
204 tid 106025
Insert  tid 106025
FindTargetPageId rootid 15 tid 106025
target_page_id id: 14 tid 106025
0 1 tid 106025
191 16 tid 106025
365 14 tid 106025
205 tid 106025
Insert  tid 106025
FindTargetPageId rootid 15 tid 106025
target_page_id id: 14 tid 106025
0 1 tid 106025
191 16 tid 106025
365 14 tid 106025
206 tid 106025
Insert  tid 106025
FindTargetPageId rootid 15 tid 106024
target_page_id id: 14 tid 106024
0 1 tid 106024
191 16 tid 106024
365 14 tid 106024
207 tid 106024
Remove  tid 106024
FindTargetPageId rootid 15 tid 106023
target_page_id id: 14 tid 106023
0 1 tid 106023
191 16 tid 106023
365 14 tid 106023
207 tid 106023
Insert  tid 106023
FindTargetPageId rootid 15 tid 106025
target_page_id id: 14 tid 106025
0 1 tid 106025
191 16 tid 106025
365 14 tid 106025
207 tid 106025
Insert  tid 106025
FindTargetPageId rootid 15 tid 106024
target_page_id id: 14 tid 106024
0 1 tid 106024
191 16 tid 106024
365 14 tid 106024
208 tid 106024
Remove  tid 106024
FindTargetPageId rootid 15 tid 106023
target_page_id id: 14 tid 106023
0 1 tid 106023
191 16 tid 106023
365 14 tid 106023
208 tid 106023
Insert  tid 106023
FindTargetPageId rootid 15 tid 106025
target_page_id id: 14 tid 106025
0 1 tid 106025
191 16 tid 106025
365 14 tid 106025
208 tid 106025
Insert  tid 106025
FindTargetPageId rootid 15 tid 106024
target_page_id id: 14 tid 106024
0 1 tid 106024
191 16 tid 106024
365 14 tid 106024
209 tid 106024
Remove  tid 106024
FindTargetPageId rootid 15 tid 106023
target_page_id id: 14 tid 106023
0 1 tid 106023
191 16 tid 106023
365 14 tid 106023
209 tid 106023
FindTargetPageId rootid 15 tid 106025
target_page_id id: 14 tid 106025
0 1 tid 106025
191 16 tid 106025
365 14 tid 106025
Insert 209 tid  tid 106025
106023
Insert  tid 106025
FindTargetPageId rootid 15 tid 106024
target_page_id id: 14 tid 106024
0 1 tid 106024
191 16 tid 106024
365 14 tid 106024
210 tid 106024
Remove  tid 106024
FindTargetPageId rootid 15 tid 106023
target_page_id id: 14 tid 106023
0 1 tid 106023
191 16 tid 106023
365 14 tid 106023
210 tid 106023
Insert  tid 106023
FindTargetPageId rootid 15 tid 106023
target_page_id id: 14 tid 106023
0 1 tid 106023
191 16 tid 106023
365 14 tid 106023
210 tid 106023
Insert  tid 106023
FindTargetPageId rootid 15 tid 106023
target_page_id id: 14 tid 106023
0 1 tid 106023
191 16 tid 106023
365 14 tid 106023
210 tid 106023
Insert  tid 106023
FindTargetPageId rootid 15 tid 106023
target_page_id id: 14 tid 106023
0 1 tid 106023
191 16 tid 106023
365 14 tid 106023
210 tid 106023
Insert  tid 106023
FindTargetPageId rootid 15 tid 106024
target_page_id id: 14 tid 106024
0 1 tid 106024
191 16 tid 106024
365 14 tid 106024
210 tid 106024
Remove  tid 106024
FindTargetPageId rootid 15 tid 106025
target_page_id id: 14 tid 106025
0 1 tid 106025
191 16 tid 106025
365 14 tid 106025
210 tid 106025
Insert  tid 106025
FindTargetPageId rootid 15 tid 106025
target_page_id id: 14 tid 106025
0 1 tid 106025
191 16 tid 106025
365 14 tid 106025
211 tid 106025
Insert  tid 106025
FindTargetPageId rootid 15 tid 106023
target_page_id id: 14 tid 106023
0 1 tid 106023
191 16 tid 106023
365 14 tid 106023
212 tid 106023
Insert  tid 106023
FindTargetPageId rootid 15 tid 106024
target_page_id id: 14 tid 106024
0 1 tid 106024
191 16 tid 106024
365 14 tid 106024
212 tid 106024
Remove  tid 106024
FindTargetPageId rootid 15 tid 106025
target_page_id id: 14 tid 106025
0 1 tid 106025
191 16 tid 106025
365 14 tid 106025
212 tid 106025
Insert  tid 106025
FindTargetPageId rootid 15 tid 106023
target_page_id id: 14 tid 106023
0 1 tid 106023
191 16 tid 106023
365 14 tid 106023
213 tid 106023
Insert  tid 106023
FindTargetPageId rootid 15 tid 106023
target_page_id id: 14 tid 106023
0 1 tid 106023
191 16 tid 106023
365 14 tid 106023
213 tid 106023
Insert  tid 106023
FindTargetPageId rootid 15 tid 106025
target_page_id id: 14 tid 106025
0 1 tid 106025
191 16 tid 106025
365 14 tid 106025
213 tid 106025
Insert  tid 106025
FindTargetPageId rootid 15 tid 106025
target_page_id id: 14 tid 106025
0 1 tid 106025
191 16 tid 106025
365 14 tid 106025
214 tid 106025
Insert  tid 106025
FindTargetPageId rootid 15 tid 106025
target_page_id id: 14 tid 106025
0 1 tid 106025
191 16 tid 106025
365 14 tid 106025
215 tid 106025
Insert  tid 106025
FindTargetPageId rootid 15 tid 106025
target_page_id id: 14 tid 106025
0 1 tid 106025
191 16 tid 106025
365 14 tid 106025
216 tid 106025
Insert  tid 106025
FindTargetPageId rootid 15 tid 106025
target_page_id id: 14 tid 106025
0 1 tid 106025
191 16 tid 106025
365 14 tid 106025
217 tid 106025
Insert  tid 106025
FindTargetPageId rootid 15 tid 106025
target_page_id id: 14 tid 106025
0 1 tid 106025
191 16 tid 106025
365 14 tid 106025
218 tid 106025
Insert  tid 106025
FindTargetPageId rootid 15 tid 106025
target_page_id id: 14 tid 106025
0 1 tid 106025
191 16 tid 106025
365 14 tid 106025
219 tid 106025
Insert  tid 106025
FindTargetPageId rootid 15 tid 106025
target_page_id id: 14 tid 106025
0 1 tid 106025
191 16 tid 106025
365 14 tid 106025
220 tid 106025
Insert  tid 106025
FindTargetPageId rootid 15 tid 106025
target_page_id id: 14 tid 106025
0 1 tid 106025
191 16 tid 106025
365 14 tid 106025
221 tid 106025
Insert  tid 106025
FindTargetPageId rootid 15 tid 106025
target_page_id id: 14 tid 106025
0 1 tid 106025
191 16 tid 106025
365 14 tid 106025
222 tid 106025
Insert  tid 106025
FindTargetPageId rootid 15 tid 106023
target_page_id id: 14 tid 106023
0 1 tid 106023
191 16 tid 106023
365 14 tid 106023
223 tid 106023
Insert  tid 106023
FindTargetPageId rootid 15 tid 106024
target_page_id id: 14 tid 106024
0 1 tid 106024
191 16 tid 106024
365 14 tid 106024
223 tid 106024
Remove  tid 106024
FindTargetPageId rootid 15 tid 106024
target_page_id id: 14 tid 106024
0 1 tid 106024
191 16 tid 106024
365 14 tid 106024
223 tid 106024
Remove  tid 106024
FindTargetPageId rootid 15 tid 106024
target_page_id id: 14 tid 106024
0 1 tid 106024
191 16 tid 106024
365 14 tid 106024
223 tid 106024
Remove  tid 106024
FindTargetPageId rootid 15 tid 106025
target_page_id id: 14 tid 106025
0 1 tid 106025
191 16 tid 106025
365 14 tid 106025
223 tid 106025
Insert  tid 106025
FindTargetPageId rootid 15 tid 106025
target_page_id id: 14 tid 106025
0 1 tid 106025
191 16 tid 106025
365 14 tid 106025
224 tid 106025
Insert  tid 106025
FindTargetPageId rootid 15 tid 106025
target_page_id id: 14 tid 106025
0 1 tid 106025
191 16 tid 106025
365 14 tid 106025
225 tid 106025
Insert  tid 106025
FindTargetPageId rootid 15 tid 106025
target_page_id id: 14 tid 106025
0 1 tid 106025
191 16 tid 106025
365 14 tid 106025
226 tid 106025
Insert  tid 106025
FindTargetPageId rootid 15 tid 106025
target_page_id id: 14 tid 106025
0 1 tid 106025
191 16 tid 106025
365 14 tid 106025
227 tid 106025
Insert  tid 106025
FindTargetPageId rootid 15 tid 106025
target_page_id id: 14 tid 106025
0 1 tid 106025
191 16 tid 106025
365 14 tid 106025
228 tid 106025
Insert  tid 106025
FindTargetPageId rootid 15 tid 106025
target_page_id id: 14 tid 106025
0 1 tid 106025
191 16 tid 106025
365 14 tid 106025
229 tid 106025
Insert  tid 106025
FindTargetPageId rootid 15 tid 106025
target_page_id id: 14 tid 106025
0 1 tid 106025
191 16 tid 106025
365 14 tid 106025
230 tid 106025
Insert  tid 106025
FindTargetPageId rootid 15 tid 106025
target_page_id id: 14 tid 106025
0 1 tid 106025
191 16 tid 106025
365 14 tid 106025
231 tid 106025
Insert  tid 106025
FindTargetPageId rootid 15 tid 106025
target_page_id id: 14 tid 106025
0 1 tid 106025
191 16 tid 106025
365 14 tid 106025
232 tid 106025
Insert  tid 106025
FindTargetPageId rootid 15 tid 106025
target_page_id id: 14 tid 106025
0 1 tid 106025
191 16 tid 106025
365 14 tid 106025
233 tid 106025
Insert  tid 106025
FindTargetPageId rootid 15 tid 106025
target_page_id id: 14 tid 106025
0 1 tid 106025
191 16 tid 106025
365 14 tid 106025
234 tid 106025
Insert  tid 106025
FindTargetPageId rootid 15 tid 106025
target_page_id id: 14 tid 106025
0 1 tid 106025
191 16 tid 106025
365 14 tid 106025
235 tid 106025
Insert  tid 106025
FindTargetPageId rootid 15 tid 106025
target_page_id id: 14 tid 106025
0 1 tid 106025
191 16 tid 106025
365 14 tid 106025
236 tid 106025
Insert  tid 106025
FindTargetPageId rootid 15 tid 106025
target_page_id id: 14 tid 106025
0 1 tid 106025
191 16 tid 106025
365 14 tid 106025
237 tid 106025
Insert  tid 106025
FindTargetPageId rootid 15 tid 106025
target_page_id id: 14 tid 106025
0 1 tid 106025
191 16 tid 106025
365 14 tid 106025
238 tid 106025
Insert  tid 106025
FindTargetPageId rootid 15 tid 106025
target_page_id id: 14 tid 106025
0 1 tid 106025
191 16 tid 106025
365 14 tid 106025
239 tid 106025
Insert  tid 106025
FindTargetPageId rootid 15 tid 106025
target_page_id id: 14 tid 106025
0 1 tid 106025
191 16 tid 106025
365 14 tid 106025
240 tid 106025
Insert  tid 106025
FindTargetPageId rootid 15 tid 106025
target_page_id id: 14 tid 106025
0 1 tid 106025
191 16 tid 106025
365 14 tid 106025
241 tid 106025
Insert  tid 106025
FindTargetPageId rootid 15 tid 106024
target_page_id id: 14 tid 106024
0 1 tid 106024
191 16 tid 106024
365 14 tid 106024
242 tid 106024
FindTargetPageId rootid 15 tid 106023
target_page_id id: 14 tid 106023
0 1 tid 106023
191 16 tid 106023
365 14 tid 106023
Remove  tid 106024
241 tid 106023
Insert  tid 106023
FindTargetPageId rootid 15 tid 106025
target_page_id id: 14 tid 106025
0 1 tid 106025
191 16 tid 106025
365 14 tid 106025
241 tid 106025
Insert  tid 106025
FindTargetPageId rootid 15 tid 106025
target_page_id id: 14 tid 106025
0 1 tid 106025
191 16 tid 106025
365 14 tid 106025
242 tid 106025
Insert  tid 106025
FindTargetPageId rootid 15 tid 106025
target_page_id id: 14 tid 106025
0 1 tid 106025
191 16 tid 106025
365 14 tid 106025
243 tid 106025
Insert  tid 106025
FindTargetPageId rootid 15 tid 106025
target_page_id id: 14 tid 106025
0 1 tid 106025
191 16 tid 106025
365 14 tid 106025
244 tid 106025
Insert  tid 106025
FindTargetPageId rootid 15 tid 106025
target_page_id id: 14 tid 106025
0 1 tid 106025
191 16 tid 106025
365 14 tid 106025
245 tid 106025
Insert  tid 106025
FindTargetPageId rootid 15 tid 106024
target_page_id id: 14 tid 106024
0 1 tid 106024
191 16 tid 106024
365 14 tid 106024
246 tid 106024
Remove  tid 106024
FindTargetPageId rootid 15 tid 106023
target_page_id id: 14 tid 106023
0 1 tid 106023
191 16 tid 106023
365 14 tid 106023
245 tid 106023
Insert  tid 106023
FindTargetPageId rootid 15 tid 106023
target_page_id id: 14 tid 106023
0 1 tid 106023
191 16 tid 106023
365 14 tid 106023
245 tid 106023
Insert  tid 106023
FindTargetPageId rootid 15 tid 106023
target_page_id id: 14 tid 106023
0 1 tid 106023
191 16 tid 106023
365 14 tid 106023
245 tid 106023
Insert  tid 106023
FindTargetPageId rootid 15 tid 106023
target_page_id id: 14 tid 106023
0 1 tid 106023
191 16 tid 106023
365 14 tid 106023
245 tid 106023
Insert  tid 106023
FindTargetPageId rootid 15 tid 106023
target_page_id id: 14 tid 106023
0 1 tid 106023
191 16 tid 106023
365 14 tid 106023
245 tid 106023
Insert  tid 106023
FindTargetPageId rootid 15 tid 106023
target_page_id id: 14 tid 106023
0 1 tid 106023
191 16 tid 106023
365 14 tid 106023
245 tid 106023
Insert  tid 106023
FindTargetPageId rootid 15 tid 106023
target_page_id id: 14 tid 106023
0 1 tid 106023
191 16 tid 106023
365 14 tid 106023
245 tid 106023
Insert  tid 106023
FindTargetPageId rootid 15 tid 106023
target_page_id id: 14 tid 106023
0 1 tid 106023
191 16 tid 106023
365 14 tid 106023
245 tid 106023
Insert  tid 106023
FindTargetPageId rootid 15 tid 106023
target_page_id id: 14 tid 106023
0 1 tid 106023
191 16 tid 106023
365 14 tid 106023
245 tid 106023
Insert  tid 106023
FindTargetPageId rootid 15 tid 106023
target_page_id id: 14 tid 106023
0 1 tid 106023
191 16 tid 106023
365 14 tid 106023
245 tid 106023
Insert  tid 106023
FindTargetPageId rootid 15 tid 106023
target_page_id id: 14 tid 106023
0 1 tid 106023
191 16 tid 106023
365 14 tid 106023
245 tid 106023
Insert  tid 106023
FindTargetPageId rootid 15 tid 106023
target_page_id id: 14 tid 106023
0 1 tid 106023
191 16 tid 106023
365 14 tid 106023
245 tid 106023
Insert  tid 106023
FindTargetPageId rootid 15 tid 106024
target_page_id id: 14 tid 106024
0 1 tid 106024
191 16 tid 106024
365 14 tid 106024
245 tid 106024
Remove  tid 106024
FindTargetPageId rootid 15 tid 106024
target_page_id id: 14 tid 106024
0 1 tid 106024
191 16 tid 106024
365 14 tid 106024
244 tid 106024
Remove  tid 106024
FindTargetPageId rootid 15 tid 106024
target_page_id id: 14 tid 106024
0 1 tid 106024
191 16 tid 106024
365 14 tid 106024
243 tid 106024
Remove  tid 106024
FindTargetPageId rootid 15 tid 106024
target_page_id id: 14 tid 106024
0 1 tid 106024
191 16 tid 106024
365 14 tid 106024
242 tid 106024
Remove  tid 106024
FindTargetPageId rootid 15 tid 106024
target_page_id id: 14 tid 106024
0 1 tid 106024
191 16 tid 106024
365 14 tid 106024
241 tid 106024
Remove  tid 106024
FindTargetPageId rootid 15 tid 106024
target_page_id id: 14 tid 106024
0 1 tid 106024
191 16 tid 106024
365 14 tid 106024
240 tid 106024
Remove  tid 106024
FindTargetPageId rootid 15 tid 106025
target_page_id id: 14 tid 106025
0 1 tid 106025
191 16 tid 106025
365 14 tid 106025
240 tid 106025
Insert  tid 106025
FindTargetPageId rootid 15 tid 106025
target_page_id id: 14 tid 106025
0 1 tid 106025
191 16 tid 106025
365 14 tid 106025
241 tid 106025
Insert  tid 106025
FindTargetPageId rootid 15 tid 106025
target_page_id id: 14 tid 106025
0 1 tid 106025
191 16 tid 106025
365 14 tid 106025
242 tid 106025
Insert  tid 106025
FindTargetPageId rootid 15 tid 106023
target_page_id id: 14 tid 106023
0 1 tid 106023
191 16 tid 106023
365 14 tid 106023
243 tid 106023
Insert  tid 106023
FindTargetPageId rootid 15 tid 106024
target_page_id id: 14 tid 106024
0 1 tid 106024
191 16 tid 106024
365 14 tid 106024
243 tid 106024
Remove  tid 106024
FindTargetPageId rootid 15 tid 106024
target_page_id id: 14 tid 106024
0 1 tid 106024
191 16 tid 106024
365 14 tid 106024
242 tid 106024
Remove  tid 106024
FindTargetPageId rootid 15 tid 106024
target_page_id id: 14 tid 106024
0 1 tid 106024
191 16 tid 106024
365 14 tid 106024
241 tid 106024
Remove  tid 106024
FindTargetPageId rootid 15 tid 106024
target_page_id id: 14 tid 106024
0 1 tid 106024
191 16 tid 106024
365 14 tid 106024
241 tid 106024
Remove  tid 106024
FindTargetPageId rootid 15 tid 106023
target_page_id id: 14 tid 106023
0 1 tid 106023
191 16 tid 106023
365 14 tid 106023
241 tid 106023
Insert  tid 106023
FindTargetPageId rootid 15 tid 106023
target_page_id id: 14 tid 106023
0 1 tid 106023
191 16 tid 106023
365 14 tid 106023
241 tid 106023
Insert  tid 106023
FindTargetPageId rootid 15 tid 106023
target_page_id id: 14 tid 106023
0 1 tid 106023
191 16 tid 106023
365 14 tid 106023
241 tid 106023
Insert  tid 106023
FindTargetPageId rootid 15 tid 106023
target_page_id id: 14 tid 106023
0 1 tid 106023
191 16 tid 106023
365 14 tid 106023
241 tid 106023
Insert  tid 106023
FindTargetPageId rootid 15 tid 106023
target_page_id id: 14 tid 106023
0 1 tid 106023
191 16 tid 106023
365 14 tid 106023
241 tid 106023
Insert  tid 106023
FindTargetPageId rootid 15 tid 106023
target_page_id id: 14 tid 106023
0 1 tid 106023
191 16 tid 106023
365 14 tid 106023
241 tid 106023
Insert  tid 106023
FindTargetPageId rootid 15 tid 106025
target_page_id id: 14 tid 106025
0 1 tid 106025
191 16 tid 106025
365 14 tid 106025
241 tid 106025
Insert  tid 106025
FindTargetPageId rootid 15 tid 106025
target_page_id id: 14 tid 106025
0 1 tid 106025
191 16 tid 106025
365 14 tid 106025
242 tid 106025
Insert  tid 106025
FindTargetPageId rootid 15 tid 106023
target_page_id id: 14 tid 106023
0 1 tid 106023
191 16 tid 106023
365 14 tid 106023
243 tid 106023
Insert  tid 106023
FindTargetPageId rootid 15 tid 106024
target_page_id id: 14 tid 106024
0 1 tid 106024
191 16 tid 106024
365 14 tid 106024
243 tid 106024
Remove  tid 106024
FindTargetPageId rootid 15 tid 106025
target_page_id id: 14 tid 106025
0 1 tid 106025
191 16 tid 106025
365 14 tid 106025
243 tid 106025
Insert  tid 106025
FindTargetPageId rootid 15 tid 106023
target_page_id id: 14 tid 106023
0 1 tid 106023
191 16 tid 106023
365 14 tid 106023
244 tid 106023
Insert  tid 106023
FindTargetPageId rootid 15 tid 106024
target_page_id id: 14 tid 106024
0 1 tid 106024
191 16 tid 106024
365 14 tid 106024
244 tid 106024
Remove  tid 106024
FindTargetPageId rootid 15 tid 106025
target_page_id id: 14 tid 106025
0 1 tid 106025
191 16 tid 106025
365 14 tid 106025
244 tid 106025
Insert  tid 106025
FindTargetPageId rootid 15 tid 106023
target_page_id id: 14 tid 106023
0 1 tid 106023
191 16 tid 106023
365 14 tid 106023
245 tid 106023
Insert  tid 106023
FindTargetPageId rootid 15 tid 106023
target_page_id id: 14 tid 106023
0 1 tid 106023
191 16 tid 106023
365 14 tid 106023
245 tid 106023
Insert  tid 106023
FindTargetPageId rootid 15 tid 106023
target_page_id id: 14 tid 106023
0 1 tid 106023
191 16 tid 106023
365 14 tid 106023
245 tid 106023
Insert  tid 106023
FindTargetPageId rootid 15 tid 106023
target_page_id id: 14 tid 106023
0 1 tid 106023
191 16 tid 106023
365 14 tid 106023
245 tid 106023
Insert  tid 106023
FindTargetPageId rootid 15 tid 106023
target_page_id id: 14 tid 106023
0 1 tid 106023
191 16 tid 106023
365 14 tid 106023
245 tid 106023
Insert  tid 106023
FindTargetPageId rootid 15 tid 106024
target_page_id id: 14 tid 106024
0 1 tid 106024
191 16 tid 106024
365 14 tid 106024
245 tid 106024
Remove  tid 106024
FindTargetPageId rootid 15 tid 106024
target_page_id id: 14 tid 106024
0 1 tid 106024
191 16 tid 106024
365 14 tid 106024
245 tid 106024
Remove  tid 106024
FindTargetPageId rootid 15 tid 106024
target_page_id id: 14 tid 106024
0 1 tid 106024
191 16 tid 106024
365 14 tid 106024
245 tid 106024
Remove  tid 106024
FindTargetPageId rootid 15 tid 106025
target_page_id id: 14 tid 106025
0 1 tid 106025
191 16 tid 106025
365 14 tid 106025
245 tid 106025
Insert  tid 106025
FindTargetPageId rootid 15 tid 106025
target_page_id id: 14 tid 106025
0 1 tid 106025
191 16 tid 106025
365 14 tid 106025
246 tid 106025
Insert  tid 106025
FindTargetPageId rootid 15 tid 106025
target_page_id id: 14 tid 106025
0 1 tid 106025
191 16 tid 106025
365 14 tid 106025
247 tid 106025
Insert  tid 106025
FindTargetPageId rootid 15 tid 106024
target_page_id id: 14 tid 106024
0 1 tid 106024
191 16 tid 106024
365 14 tid 106024
248 tid 106024
Remove  tid 106024
FindTargetPageId rootid 15 tid 106023
target_page_id id: 14 tid 106023
0 1 tid 106023
191 16 tid 106023
365 14 tid 106023
248 tid 106023
Insert  tid 106023
FindTargetPageId rootid 15 tid 106025
target_page_id id: 14 tid 106025
0 1 tid 106025
191 16 tid 106025
365 14 tid 106025
248 tid 106025
Insert  tid 106025
FindTargetPageId rootid 15 tid 106024
target_page_id id: 14 tid 106024
0 1 tid 106024
191 16 tid 106024
365 14 tid 106024
249 tid 106024
Remove  tid 106024
FindTargetPageId rootid 15 tid 106023
target_page_id id: 14 tid 106023
0 1 tid 106023
191 16 tid 106023
365 14 tid 106023
249 tid 106023
Insert  tid 106023
FindTargetPageId rootid 15 tid 106025
target_page_id id: 14 tid 106025
0 1 tid 106025
191 16 tid 106025
365 14 tid 106025
249 tid 106025
Insert  tid 106025
FindTargetPageId rootid 15 tid 106025
target_page_id id: 14 tid 106025
0 1 tid 106025
191 16 tid 106025
365 14 tid 106025
250 tid 106025
Insert  tid 106025
FindTargetPageId rootid 15 tid 106023
target_page_id id: 14 tid 106023
0 1 tid 106023
191 16 tid 106023
365 14 tid 106023
251 tid 106023
Insert  tid 106023
FindTargetPageId rootid 15 tid 106024
target_page_id id: 14 tid 106024
0 1 tid 106024
191 16 tid 106024
365 14 tid 106024
251 tid 106024
FindTargetPageId rootid 15 tid 106025
target_page_id id: 14 tid 106025
0 1 tid 106025
191 16 tid 106025
365 14 tid 106025
250 tid 106025
Insert  tid 106025
FindTargetPageId rootid 15 tid 106025
target_page_id id: 14 tid 106025
0 1 tid 106025
191 16 tid 106025
365 14 tid 106025
Remove 251 tid 106025
 tid Insert  tid 106025
FindTargetPageId rootid 15 tid 106025
target_page_id id: 14 tid 106025
0 1 tid 106025
191 16 tid 106025
365 14 tid 106025
252 tid 106025
Insert  tid 106025
106024
FindTargetPageId rootid 15 tid 106025
target_page_id id: 14 tid 106025
0 1 tid 106025
191 16 tid 106025
365 14 tid 106025
253 tid 106025
Insert  tid 106025
FindTargetPageId rootid 15 tid 106023
target_page_id id: 14 tid 106023
0 1 tid 106023
191 16 tid 106023
365 14 tid 106023
254 tid 106023
Insert  tid 106023
FindTargetPageId rootid 15 tid 106024
target_page_id id: 14 tid 106024
0 1 tid 106024
191 16 tid 106024
365 14 tid 106024
254 tid 106024
Remove  tid 106024
FindTargetPageId rootid 15 tid 106025
target_page_id id: 14 tid 106025
0 1 tid 106025
191 16 tid 106025
365 14 tid 106025
253 tid 106025
Insert  tid 106025
FindTargetPageId rootid 15 tid 106023
target_page_id id: 14 tid 106023
0 1 tid 106023
191 16 tid 106023
365 14 tid 106023
254 tid 106023
Insert  tid 106023
FindTargetPageId rootid 15 tid 106023
target_page_id id: 14 tid 106023
0 1 tid 106023
191 16 tid 106023
365 14 tid 106023
254 tid 106023
Insert  tid 106023
FindTargetPageId rootid 15 tid 106023
target_page_id id: 14 tid 106023
0 1 tid 106023
191 16 tid 106023
365 14 tid 106023
254 tid 106023
Insert  tid 106023
FindTargetPageId rootid 15 tid 106023
target_page_id id: 14 tid 106023
0 1 tid 106023
191 16 tid 106023
365 14 tid 106023
254 tid 106023
Insert  tid 106023
FindTargetPageId rootid 15 tid 106025
target_page_id id: 14 tid 106025
0 1 tid 106025
191 16 tid 106025
365 14 tid 106025
254 tid 106025
Insert  tid 106025
FindTargetPageId rootid 15 tid 106025
target_page_id id: 17 tid 106025
0 1 tid 106025
191 16 tid 106025
365 14 tid 106025
492 17 tid 106025
128 tid 106025
Insert  tid 106025
FindTargetPageId rootid 15 tid 106025
target_page_id id: 17 tid 106025
0 1 tid 106025
191 16 tid 106025
365 14 tid 106025
492 17 tid 106025
129 tid 106025
Insert  tid 106025
FindTargetPageId rootid 15 tid 106025
target_page_id id: 17 tid 106025
0 1 tid 106025
191 16 tid 106025
365 14 tid 106025
492 17 tid 106025
130 tid 106025
Insert  tid 106025
FindTargetPageId rootid 15 tid 106024
target_page_id id: 17 tid 106024
0 1 tid 106024
191 16 tid 106024
365 14 tid 106024
492 17 tid 106024
131 tid 106024
Remove  tid 106024
FindTargetPageId rootid 15 tid 106023
target_page_id id: 14 tid 106023
0 1 tid 106023
191 16 tid 106023
365 14 tid 106023
492 17 tid 106023
127 tid 106023
Insert  tid 106023
FindTargetPageId rootid 15 tid 106025
target_page_id id: 17 tid 106025
0 1 tid 106025
191 16 tid 106025
365 14 tid 106025
492 17 tid 106025
130 tid 106025
Insert  tid 106025
FindTargetPageId rootid 15 tid 106025
target_page_id id: 17 tid 106025
0 1 tid 106025
191 16 tid 106025
365 14 tid 106025
492 17 tid 106025
131 tid 106025
Insert  tid 106025
FindTargetPageId rootid 15 tid 106025
target_page_id id: 17 tid 106025
0 1 tid 106025
191 16 tid 106025
365 14 tid 106025
492 17 tid 106025
132 tid 106025
Insert  tid 106025
FindTargetPageId rootid 15 tid 106025
target_page_id id: 17 tid 106025
0 1 tid 106025
191 16 tid 106025
365 14 tid 106025
492 17 tid 106025
133 tid 106025
Insert  tid 106025
FindTargetPageId rootid 15 tid 106025
target_page_id id: 17 tid 106025
0 1 tid 106025
191 16 tid 106025
365 14 tid 106025
492 17 tid 106025
134 tid 106025
Insert  tid 106025
FindTargetPageId rootid 15 tid 106025
target_page_id id: 17 tid 106025
0 1 tid 106025
191 16 tid 106025
365 14 tid 106025
492 17 tid 106025
135 tid 106025
Insert  tid 106025
FindTargetPageId rootid 15 tid 106025
target_page_id id: 17 tid 106025
0 1 tid 106025
191 16 tid 106025
365 14 tid 106025
492 17 tid 106025
136 tid 106025
Insert  tid 106025
FindTargetPageId rootid 15 tid 106025
target_page_id id: 17 tid 106025
0 1 tid 106025
191 16 tid 106025
365 14 tid 106025
492 17 tid 106025
137 tid 106025
Insert  tid 106025
FindTargetPageId rootid 15 tid 106025
target_page_id id: 17 tid 106025
0 1 tid 106025
191 16 tid 106025
365 14 tid 106025
492 17 tid 106025
138 tid 106025
Insert  tid 106025
FindTargetPageId rootid 15 tid 106025
target_page_id id: 17 tid 106025
0 1 tid 106025
191 16 tid 106025
365 14 tid 106025
492 17 tid 106025
139 tid 106025
Insert  tid 106025
FindTargetPageId rootid 15 tid 106025
target_page_id id: 17 tid 106025
0 1 tid 106025
191 16 tid 106025
365 14 tid 106025
492 17 tid 106025
140 tid 106025
Insert  tid 106025
FindTargetPageId rootid 15 tid 106025
target_page_id id: 17 tid 106025
0 1 tid 106025
191 16 tid 106025
365 14 tid 106025
492 17 tid 106025
141 tid 106025
Insert  tid 106025
FindTargetPageId rootid 15 tid 106025
target_page_id id: 17 tid 106025
0 1 tid 106025
191 16 tid 106025
365 14 tid 106025
492 17 tid 106025
142 tid 106025
Insert  tid 106025
FindTargetPageId rootid 15 tid 106025
target_page_id id: 17 tid 106025
0 1 tid 106025
191 16 tid 106025
365 14 tid 106025
492 17 tid 106025
143 tid 106025
Insert  tid 106025
FindTargetPageId rootid 15 tid 106025
target_page_id id: 17 tid 106025
0 1 tid 106025
191 16 tid 106025
365 14 tid 106025
492 17 tid 106025
144 tid 106025
Insert  tid 106025
FindTargetPageId rootid 15 tid 106025
target_page_id id: 17 tid 106025
0 1 tid 106025
191 16 tid 106025
365 14 tid 106025
492 17 tid 106025
145 tid 106025
Insert  tid 106025
FindTargetPageId rootid 15 tid 106025
target_page_id id: 17 tid 106025
0 1 tid 106025
191 16 tid 106025
365 14 tid 106025
492 17 tid 106025
146 tid 106025
Insert  tid 106025
FindTargetPageId rootid 15 tid 106025
target_page_id id: 17 tid 106025
0 1 tid 106025
191 16 tid 106025
365 14 tid 106025
492 17 tid 106025
147 tid 106025
Insert  tid 106025
FindTargetPageId rootid 15 tid 106025
target_page_id id: 17 tid 106025
0 1 tid 106025
191 16 tid 106025
365 14 tid 106025
492 17 tid 106025
148 tid 106025
Insert  tid 106025
FindTargetPageId rootid 15 tid 106025
target_page_id id: 17 tid 106025
0 1 tid 106025
191 16 tid 106025
365 14 tid 106025
492 17 tid 106025
149 tid 106025
Insert  tid 106025
FindTargetPageId rootid 15 tid 106025
target_page_id id: 17 tid 106025
0 1 tid 106025
191 16 tid 106025
365 14 tid 106025
492 17 tid 106025
150 tid 106025
Insert  tid 106025
FindTargetPageId rootid 15 tid 106025
target_page_id id: 17 tid 106025
0 1 tid 106025
191 16 tid 106025
365 14 tid 106025
492 17 tid 106025
151 tid 106025
Insert  tid 106025
FindTargetPageId rootid 15 tid 106025
target_page_id id: 17 tid 106025
0 1 tid 106025
191 16 tid 106025
365 14 tid 106025
492 17 tid 106025
152 tid 106025
Insert  tid 106025
FindTargetPageId rootid 15 tid 106025
target_page_id id: 17 tid 106025
0 1 tid 106025
191 16 tid 106025
365 14 tid 106025
492 17 tid 106025
153 tid 106025
Insert  tid 106025
FindTargetPageId rootid 15 tid 106025
target_page_id id: 17 tid 106025
0 1 tid 106025
191 16 tid 106025
365 14 tid 106025
492 17 tid 106025
154 tid 106025
Insert  tid 106025
FindTargetPageId rootid 15 tid 106023
target_page_id id: 14 tid 106023
0 1 tid 106023
191 16 tid 106023
365 14 tid 106023
492 17 tid 106023
127 tid 106023
Insert  tid 106023
FindTargetPageId rootid 15 tid 106023
target_page_id id: 14 tid 106023
0 1 tid 106023
191 16 tid 106023
365 14 tid 106023
492 17 tid 106023
127 tid 106023
Insert  tid 106023
FindTargetPageId rootid 15 tid 106023
target_page_id id: 14 tid 106023
0 1 tid 106023
191 16 tid 106023
365 14 tid 106023
492 17 tid 106023
127 tid 106023
Insert  tid 106023
FindTargetPageId rootid 15 tid 106023
target_page_id id: 14 tid 106023
0 1 tid 106023
191 16 tid 106023
365 14 tid 106023
492 17 tid 106023
127 tid 106023
Insert  tid 106023
FindTargetPageId rootid 15 tid 106023
target_page_id id: 14 tid 106023
0 1 tid 106023
191 16 tid 106023
365 14 tid 106023
492 17 tid 106023
127 tid 106023
Insert  tid 106023
FindTargetPageId rootid 15 tid 106024
target_page_id id: 17 tid 106024
0 1 tid 106024
191 16 tid 106024
365 14 tid 106024
492 17 tid 106024
155 tid 106024
Remove  tid 106024
FindTargetPageId rootid 15 tid 106024
target_page_id id: 17 tid 106024
0 1 tid 106024
191 16 tid 106024
365 14 tid 106024
492 17 tid 106024
154 tid 106024
Remove  tid 106024
FindTargetPageId rootid 15 tid 106024
target_page_id id: 17 tid 106024
0 1 tid 106024
191 16 tid 106024
365 14 tid 106024
492 17 tid 106024
153 tid 106024
Remove  tid 106024
FindTargetPageId rootid 15 tid 106024
target_page_id id: 17 tid 106024
0 1 tid 106024
191 16 tid 106024
365 14 tid 106024
492 17 tid 106024
152 tid 106024
Remove  tid 106024
FindTargetPageId rootid 15 tid 106024
target_page_id id: 17 tid 106024
0 1 tid 106024
191 16 tid 106024
365 14 tid 106024
492 17 tid 106024
151 tid 106024
Remove  tid 106024
FindTargetPageId rootid 15 tid 106024
target_page_id id: 17 tid 106024
0 1 tid 106024
191 16 tid 106024
365 14 tid 106024
492 17 tid 106024
150 tid 106024
Remove  tid 106024
FindTargetPageId rootid 15 tid 106024
target_page_id id: 17 tid 106024
0 1 tid 106024
191 16 tid 106024
365 14 tid 106024
492 17 tid 106024
149 tid 106024
Remove  tid 106024
FindTargetPageId rootid 15 tid 106025
target_page_id id: 17 tid 106025
0 1 tid 106025
191 16 tid 106025
365 14 tid 106025
492 17 tid 106025
148 tid 106025
Insert  tid 106025
FindTargetPageId rootid 15 tid 106025
target_page_id id: 17 tid 106025
0 1 tid 106025
191 16 tid 106025
365 14 tid 106025
492 17 tid 106025
149 tid 106025
Insert  tid 106025
FindTargetPageId rootid 15 tid 106024
target_page_id id: 17 tid 106024
0 1 tid 106024
191 16 tid 106024
365 14 tid 106024
492 17 tid 106024
150 tid 106024
Remove  tid 106024
FindTargetPageId rootid 15 tid 106023
target_page_id id: 14 tid 106023
0 1 tid 106023
191 16 tid 106023
365 14 tid 106023
492 17 tid 106023
127 tid 106023
Insert FindTargetPageId rootid  tid 15 tid 106023
106025
target_page_id id: 17 tid 106025
0 1 tid 106025
191 16 tid 106025
365 14 tid 106025
492 17 tid 106025
149 tid 106025
Insert  tid 106025
FindTargetPageId rootid 15 tid 106024
target_page_id id: 17 tid 106024
0 1 tid 106024
191 16 tid 106024
365 14 tid 106024
492 17 tid 106024
150 tid 106024
Remove  tid 106024
FindTargetPageId rootid 15 tid 106023
target_page_id id: 14 tid 106023
0 1 tid 106023
191 16 tid 106023
365 14 tid 106023
492 17 tid 106023
127 tid 106023
FindTargetPageId rootid 15 tid 106025
target_page_id id: 17 tid 106025
0 1 tid 106025
191 16 tid 106025
365 14 tid 106025
492 17 tid 106025
149 tid 106025
Insert  tid 106025
Insert FindTargetPageId rootid 15 tid 106025 tid 
target_page_id id: 17 tid 106025
0 1 tid 106025
191 16 tid 106025
365 14 tid 106025
492 17 tid 106025
150 tid 106025
106023
Insert  tid FindTargetPageId rootid 15106025 tid 
106023
target_page_id id: 14 tid 106023
0 1 tid 106023
191 16 tid 106023
365 14 tid 106023
492 17 tid 106023
127 tid 106023
Insert  tid 106023
FindTargetPageId rootid 15 tid 106023
target_page_id id: 14 tid 106023
0 1 tid 106023
191 16 tid 106023
365 14 tid 106023
492 17 tid 106023
127 tid 106023
Insert  tid 106023
FindTargetPageId rootid 15 tid 106023
target_page_id id: 14 tid 106023
0 1 tid 106023
191 16 tid 106023
365 14 tid 106023
492 17 tid 106023
127 tid 106023
Insert  tid 106023
FindTargetPageId rootid 15 tid 106023
target_page_id id: 14 tid 106023
0 1 tid 106023
191 16 tid 106023
365 14 tid 106023
492 17 tid 106023
127 tid 106023
Insert  tid 106023
FindTargetPageId rootid 15 tid 106023
target_page_id id: 14 tid 106023
0 1 tid 106023
191 16 tid 106023
365 14 tid 106023
492 17 tid 106023
127 tid 106023
Insert  tid 106023
FindTargetPageId rootid 15 tid 106023
target_page_id id: 14 tid 106023
0 1 tid 106023
191 16 tid 106023
365 14 tid 106023
492 17 tid 106023
127 tid 106023
Insert  tid 106023
FindTargetPageId rootid 15 tid 106023
target_page_id id: 14 tid 106023
0 1 tid 106023
191 16 tid 106023
365 14 tid 106023
492 17 tid 106023
127 tid 106023
Insert  tid 106023
FindTargetPageId rootid 15 tid 106023
target_page_id id: 14 tid 106023
0 1 tid 106023
191 16 tid 106023
365 14 tid 106023
492 17 tid 106023
127 tid 106023
Insert  tid 106023
FindTargetPageId rootid 15 tid 106023
target_page_id id: 14 tid 106023
0 1 tid 106023
191 16 tid 106023
365 14 tid 106023
492 17 tid 106023
127 tid 106023
Insert  tid 106023
FindTargetPageId rootid 15 tid 106023
target_page_id id: 14 tid 106023
0 1 tid 106023
191 16 tid 106023
365 14 tid 106023
492 17 tid 106023
127 tid 106023
Insert  tid 106023
FindTargetPageId rootid 15 tid 106025
target_page_id id: 17 tid 106025
0 1 tid 106025
191 16 tid 106025
365 14 tid 106025
492 17 tid 106025
151 tid 106025
Insert  tid 106025
FindTargetPageId rootid 15 tid 106025
target_page_id id: 17 tid 106025
0 1 tid 106025
191 16 tid 106025
365 14 tid 106025
492 17 tid 106025
152 tid 106025
Insert  tid 106025
FindTargetPageId rootid 15 tid 106025
target_page_id id: 17 tid 106025
0 1 tid 106025
191 16 tid 106025
365 14 tid 106025
492 17 tid 106025
153 tid 106025
Insert  tid 106025
FindTargetPageId rootid 15 tid 106025
target_page_id id: 17 tid 106025
0 1 tid 106025
191 16 tid 106025
365 14 tid 106025
492 17 tid 106025
154 tid 106025
Insert  tid 106025
FindTargetPageId rootid 15 tid 106025
target_page_id id: 17 tid 106025
0 1 tid 106025
191 16 tid 106025
365 14 tid 106025
492 17 tid 106025
155 tid 106025
Insert  tid 106025
FindTargetPageId rootid 15 tid 106024
target_page_id id: 17 tid 106024
0 1 tid 106024
191 16 tid 106024
365 14 tid 106024
492 17 tid 106024
156 tid 106024
Remove  tid 106024
FindTargetPageId rootid 15 tid 106024
target_page_id id: 17 tid 106024
0 1 tid 106024
191 16 tid 106024
365 14 tid 106024
492 17 tid 106024
155 tid 106024
Remove  tid 106024
FindTargetPageId rootid 15 tid 106024
target_page_id id: 17 tid 106024
0 1 tid 106024
191 16 tid 106024
365 14 tid 106024
492 17 tid 106024
154 tid 106024
Remove  tid 106024
FindTargetPageId rootid 15 tid 106025
target_page_id id: 17 tid 106025
0 1 tid 106025
191 16 tid 106025
365 14 tid 106025
492 17 tid 106025
153 tid 106025
Insert FindTargetPageId rootid  tid 15 tid 106025106023

target_page_id id: 14 tid 106023
0 1 tid 106023
191 16 tid 106023
365 14 tid 106023
492 17 tid 106023
127 tid 106023
FindTargetPageId rootid 15 tid Insert 106025
 tid target_page_id id: 17 tid 106025
0 1 tid 106025
191 16 tid 106025
365 14 tid 106025
492 17 tid 106025
154 tid 106025
Insert  tid 106025
FindTargetPageId rootid 15 tid 106025
target_page_id id: 17 tid 106025
0 1 tid 106025
191 16 tid 106025
365 14 tid 106025
492 17 tid 106025
155 tid 106025
Insert  tid 106025
106023
FindTargetPageId rootid 15 tid 106024
target_page_id id: 17 tid 106024
0 1 tid 106024
191 16 tid 106024
365 14 tid 106024
492 17 tid 106024
156 tid 106024
Remove  tid 106024
FindTargetPageId rootid 15 tid 106025
target_page_id id: 17 tid 106025
0 1 tid 106025
191 16 tid 106025
365 14 tid 106025
492 17 tid 106025
155 tid 106025
Insert  tid 106025
FindTargetPageId rootid 15 tid 106025
target_page_id id: 17 tid 106025
0 1 tid 106025
191 16 tid 106025
365 14 tid 106025
492 17 tid 106025
156 tid 106025
Insert  tid 106025
FindTargetPageId rootid 15 tid 106023
target_page_id id: 14 tid 106023
0 1 tid 106023
191 16 tid 106023
365 14 tid 106023
492 17 tid 106023
127 tid 106023
Insert  tid 106023
FindTargetPageId rootid 15 tid 106024
target_page_id id: 17 tid 106024
0 1 tid 106024
191 16 tid 106024
365 14 tid 106024
492 17 tid 106024
157 tid 106024
Remove  tid 106024
FindTargetPageId rootid 15 tid 106024
target_page_id id: 17 tid 106024
0 1 tid 106024
191 16 tid 106024
365 14 tid 106024
492 17 tid 106024
156 tid 106024
Remove  tid 106024
FindTargetPageId rootid 15 tid 106024
target_page_id id: 17 tid 106024
0 1 tid 106024
191 16 tid 106024
365 14 tid 106024
492 17 tid 106024
155 tid 106024
Remove  tid 106024
FindTargetPageId rootid 15 tid 106024
target_page_id id: 17 tid 106024
0 1 tid 106024
191 16 tid 106024
365 14 tid 106024
492 17 tid 106024
154 tid 106024
Remove  tid 106024
FindTargetPageId rootid 15 tid 106024
target_page_id id: 17 tid 106024
0 1 tid 106024
191 16 tid 106024
365 14 tid 106024
492 17 tid 106024
153 tid 106024
Remove  tid 106024
FindTargetPageId rootid 15 tid 106024
target_page_id id: 17 tid 106024
0 1 tid 106024
191 16 tid 106024
365 14 tid 106024
492 17 tid 106024
152 tid 106024
Remove  tid 106024
FindTargetPageId rootid 15 tid 106024
target_page_id id: 17 tid 106024
0 1 tid 106024
191 16 tid 106024
365 14 tid 106024
492 17 tid 106024
151 tid 106024
Remove  tid 106024
FindTargetPageId rootid 15 tid 106024
target_page_id id: 17 tid 106024
0 1 tid 106024
191 16 tid 106024
365 14 tid 106024
492 17 tid 106024
150 tid 106024
Remove  tid 106024
FindTargetPageId rootid 15 tid 106025
target_page_id id: 17 tid 106025
0 1 tid 106025
191 16 tid 106025
365 14 tid 106025
492 17 tid 106025
149 tid 106025
Insert  tid 106025
FindTargetPageId rootid 15 tid 106025
target_page_id id: 17 tid 106025
0 1 tid 106025
191 16 tid 106025
365 14 tid 106025
492 17 tid 106025
150 tid 106025
Insert  tid 106025
FindTargetPageId rootid 15 tid 106025
target_page_id id: 17 tid 106025
0 1 tid 106025
191 16 tid 106025
365 14 tid 106025
492 17 tid 106025
151 tid 106025
Insert  tid 106025
FindTargetPageId rootid 15 tid 106025
target_page_id id: 17 tid 106025
0 1 tid 106025
191 16 tid 106025
365 14 tid 106025
492 17 tid 106025
152 tid 106025
Insert  tid 106025
FindTargetPageId rootid 15 tid 106024
target_page_id id: 17 tid 106024
0 1 tid 106024
191 16 tid 106024
365 14 tid 106024
492 17 tid 106024
153 tid 106024
Remove  tid 106024
FindTargetPageId rootid 15 tid 106024
target_page_id id: 17 tid 106024
0 1 tid 106024
191 16 tid 106024
365 14 tid 106024
492 17 tid 106024
152 tid 106024
Remove  tid 106024
FindTargetPageId rootid 15 tid 106024
target_page_id id: 17 tid 106024
0 1 tid 106024
191 16 tid 106024
365 14 tid 106024
492 17 tid 106024
151 tid 106024
Remove  tid 106024
FindTargetPageId rootid 15 tid 106024
target_page_id id: 17 tid 106024
0 1 tid 106024
191 16 tid 106024
365 14 tid 106024
492 17 tid 106024
150 tid 106024
Remove  tid 106024
FindTargetPageId rootid 15 tid 106024
target_page_id id: 17 tid 106024
0 1 tid 106024
191 16 tid 106024
365 14 tid 106024
492 17 tid 106024
149 tid 106024
Remove  tid 106024
FindTargetPageId rootid 15 tid 106024
target_page_id id: 17 tid 106024
0 1 tid 106024
191 16 tid 106024
365 14 tid 106024
492 17 tid 106024
148 tid 106024
Remove  tid 106024
FindTargetPageId rootid 15 tid 106024
target_page_id id: 17 tid 106024
0 1 tid 106024
191 16 tid 106024
365 14 tid 106024
492 17 tid 106024
147 tid 106024
Remove  tid 106024
FindTargetPageId rootid 15 tid 106024
target_page_id id: 17 tid 106024
0 1 tid 106024
191 16 tid 106024
365 14 tid 106024
492 17 tid 106024
146 tid 106024
Remove  tid 106024
FindTargetPageId rootid 15 tid 106024
target_page_id id: 17 tid 106024
0 1 tid 106024
191 16 tid 106024
365 14 tid 106024
492 17 tid 106024
145 tid 106024
Remove  tid 106024
FindTargetPageId rootid 15 tid 106024
target_page_id id: 17 tid 106024
0 1 tid 106024
191 16 tid 106024
365 14 tid 106024
492 17 tid 106024
144 tid 106024
Remove  tid 106024
FindTargetPageId rootid 15 tid 106024
target_page_id id: 17 tid 106024
0 1 tid 106024
191 16 tid 106024
365 14 tid 106024
492 17 tid 106024
143 tid 106024
Remove  tid 106024
FindTargetPageId rootid 15 tid 106023
target_page_id id: 14 tid 106023
0 1 tid 106023
191 16 tid 106023
365 14 tid 106023
492 17 tid 106023
127 tid 106023
Insert  tid 106023
FindTargetPageId rootid 15 tid 106023
target_page_id id: 14 tid 106023
0 1 tid 106023
191 16 tid 106023
365 14 tid 106023
492 17 tid 106023
127 tid 106023
Insert  tid 106023
FindTargetPageId rootid 15 tid 106023
target_page_id id: 14 tid 106023
0 1 tid 106023
191 16 tid 106023
365 14 tid 106023
492 17 tid 106023
127 tid 106023
Insert  tid 106023
FindTargetPageId rootid 15 tid 106023
target_page_id id: 17 tid 106023
0 1 tid 106023
191 16 tid 106023
365 14 tid 106023
492 17 tid 106023
142 tid 106023
Insert  tid 106023
FindTargetPageId rootid 15 tid 106023
target_page_id id: 17 tid 106023
0 1 tid 106023
191 16 tid 106023
365 14 tid 106023
492 17 tid 106023
142 tid 106023
Insert  tid 106023
FindTargetPageId rootid 15 tid 106023
target_page_id id: 17 tid 106023
0 1 tid 106023
191 16 tid 106023
365 14 tid 106023
492 17 tid 106023
142 tid 106023
Insert  tid 106023
FindTargetPageId rootid 15 tid 106023
target_page_id id: 17 tid 106023
0 1 tid 106023
191 16 tid 106023
365 14 tid 106023
492 17 tid 106023
142 tid 106023
Insert  tid 106023
FindTargetPageId rootid 15 tid 106023
target_page_id id: 17 tid 106023
0 1 tid 106023
191 16 tid 106023
365 14 tid 106023
492 17 tid 106023
142 tid 106023
Insert  tid 106023
FindTargetPageId rootid 15 tid 106023
target_page_id id: 17 tid 106023
0 1 tid 106023
191 16 tid 106023
365 14 tid 106023
492 17 tid 106023
142 tid 106023
Insert  tid 106023
FindTargetPageId rootid 15 tid 106023
target_page_id id: 17 tid 106023
0 1 tid 106023
191 16 tid 106023
365 14 tid 106023
492 17 tid 106023
142 tid 106023
Insert  tid 106023
FindTargetPageId rootid 15 tid 106023
target_page_id id: 17 tid 106023
0 1 tid 106023
191 16 tid 106023
365 14 tid 106023
492 17 tid 106023
142 tid 106023
Insert FindTargetPageId rootid  tid 15 tid 106023
106024
target_page_id id: 17 tid 106024
0 1 tid 106024
191 16 tid 106024
365 14 tid 106024
492 17 tid 106024
142 tid 106024
Remove  tid 106024
FindTargetPageId rootid 15 tid 106025
target_page_id id: 17 tid 106025
0 1 tid 106025
191 16 tid 106025
365 14 tid 106025
492 17 tid 106025
141 tid 106025
Insert  tid 106025
FindTargetPageId rootid 15 tid 106025
target_page_id id: 17 tid 106025
0 1 tid 106025
191 16 tid 106025
365 14 tid 106025
492 17 tid 106025
142 tid 106025
Insert  tid 106025
FindTargetPageId rootid 15 tid 106025
target_page_id id: 17 tid 106025
0 1 tid 106025
191 16 tid 106025
365 14 tid 106025
492 17 tid 106025
143 tid 106025
Insert  tid 106025
FindTargetPageId rootid 15 tid 106025
target_page_id id: 17 tid 106025
0 1 tid 106025
191 16 tid 106025
365 14 tid 106025
492 17 tid 106025
144 tid 106025
Insert  tid 106025
FindTargetPageId rootid 15 tid 106025
target_page_id id: 17 tid 106025
0 1 tid 106025
191 16 tid 106025
365 14 tid 106025
492 17 tid 106025
145 tid 106025
Insert  tid 106025
FindTargetPageId rootid 15 tid 106025
target_page_id id: 17 tid 106025
0 1 tid 106025
191 16 tid 106025
365 14 tid 106025
492 17 tid 106025
146 tid 106025
Insert  tid 106025
FindTargetPageId rootid 15 tid 106023
target_page_id id: 17 tid 106023
0 1 tid 106023
191 16 tid 106023
365 14 tid 106023
492 17 tid 106023
147 tid 106023
Insert  tid 106023
FindTargetPageId rootid 15 tid 106023
target_page_id id: 17 tid 106023
0 1 tid 106023
191 16 tid 106023
365 14 tid 106023
492 17 tid 106023
147 tid 106023
Insert  tid 106023
FindTargetPageId rootid 15 tid 106023
target_page_id id: 17 tid 106023
0 1 tid 106023
191 16 tid 106023
365 14 tid 106023
492 17 tid 106023
147 tid 106023
Insert  tid 106023
FindTargetPageId rootid 15 tid 106023
target_page_id id: 17 tid 106023
0 1 tid 106023
191 16 tid 106023
365 14 tid 106023
492 17 tid 106023
147 tid 106023
Insert  tid 106023
FindTargetPageId rootid 15 tid 106023
target_page_id id: 17 tid 106023
0 1 tid 106023
191 16 tid 106023
365 14 tid 106023
492 17 tid 106023
148 tid 106023
Insert  tid 106023
FindTargetPageId rootid 15 tid 106023
target_page_id id: 17 tid 106023
0 1 tid 106023
191 16 tid 106023
365 14 tid 106023
492 17 tid 106023
149 tid 106023
Insert  tid 106023
FindTargetPageId rootid 15 tid 106023
target_page_id id: 17 tid 106023
0 1 tid 106023
191 16 tid 106023
365 14 tid 106023
492 17 tid 106023
150 tid 106023
Insert  tid 106023
FindTargetPageId rootid 15 tid 106023
target_page_id id: 17 tid 106023
0 1 tid 106023
191 16 tid 106023
365 14 tid 106023
492 17 tid 106023
151 tid 106023
Insert  tid 106023
FindTargetPageId rootid 15 tid 106023
target_page_id id: 17 tid 106023
0 1 tid 106023
191 16 tid 106023
365 14 tid 106023
492 17 tid 106023
152 tid 106023
Insert  tid 106023
FindTargetPageId rootid 15 tid 106023
target_page_id id: 17 tid 106023
0 1 tid 106023
191 16 tid 106023
365 14 tid 106023
492 17 tid 106023
153 tid 106023
Insert  tid 106023
FindTargetPageId rootid 15 tid 106023
target_page_id id: 17 tid 106023
0 1 tid 106023
191 16 tid 106023
365 14 tid 106023
492 17 tid 106023
154 tid 106023
Insert  tid 106023
FindTargetPageId rootid 15 tid 106023
target_page_id id: 17 tid 106023
0 1 tid 106023
191 16 tid 106023
365 14 tid 106023
492 17 tid 106023
154 tid 106023
Insert  tid 106023
FindTargetPageId rootid 15 tid 106023
target_page_id id: 17 tid 106023
0 1 tid 106023
191 16 tid 106023
365 14 tid 106023
492 17 tid 106023
155 tid 106023
Insert  tid 106023
FindTargetPageId rootid 15 tid 106025
target_page_id id: 17 tid 106025
0 1 tid 106025
191 16 tid 106025
365 14 tid 106025
492 17 tid 106025
156 tid 106025
Insert  tid 106025
FindTargetPageId rootid 15 tid 106025
target_page_id id: 17 tid 106025
0 1 tid 106025
191 16 tid 106025
365 14 tid 106025
492 17 tid 106025
157 tid 106025
Insert  tid 106025
FindTargetPageId rootid 15 tid 106025
target_page_id id: 17 tid 106025
0 1 tid 106025
191 16 tid 106025
365 14 tid 106025
492 17 tid 106025
158 tid 106025
Insert  tid 106025
FindTargetPageId rootid 15 tid 106025
target_page_id id: 17 tid 106025
0 1 tid 106025
191 16 tid 106025
365 14 tid 106025
492 17 tid 106025
159 tid 106025
Insert  tid 106025
FindTargetPageId rootid 15 tid 106025
target_page_id id: 17 tid 106025
0 1 tid 106025
191 16 tid 106025
365 14 tid 106025
492 17 tid 106025
160 tid 106025
Insert  tid 106025
FindTargetPageId rootid 15 tid 106025
target_page_id id: 17 tid 106025
0 1 tid 106025
191 16 tid 106025
365 14 tid 106025
492 17 tid 106025
161 tid 106025
Insert  tid 106025
FindTargetPageId rootid 15 tid 106025
target_page_id id: 17 tid 106025
0 1 tid 106025
191 16 tid 106025
365 14 tid 106025
492 17 tid 106025
162 tid 106025
Insert  tid 106025
FindTargetPageId rootid 15 tid 106025
target_page_id id: 17 tid 106025
0 1 tid 106025
191 16 tid 106025
365 14 tid 106025
492 17 tid 106025
163 tid 106025
Insert  tid 106025
FindTargetPageId rootid 15 tid 106025
target_page_id id: 17 tid 106025
0 1 tid 106025
191 16 tid 106025
365 14 tid 106025
492 17 tid 106025
164 tid 106025
Insert  tid 106025
FindTargetPageId rootid 15 tid 106025
target_page_id id: 17 tid 106025
0 1 tid 106025
191 16 tid 106025
365 14 tid 106025
492 17 tid 106025
165 tid 106025
Insert  tid 106025
FindTargetPageId rootid 15 tid 106025
target_page_id id: 17 tid 106025
0 1 tid 106025
191 16 tid 106025
365 14 tid 106025
492 17 tid 106025
166 tid 106025
Insert  tid 106025
FindTargetPageId rootid 15 tid 106025
target_page_id id: 17 tid 106025
0 1 tid 106025
191 16 tid 106025
365 14 tid 106025
492 17 tid 106025
167 tid 106025
Insert  tid 106025
FindTargetPageId rootid 15 tid 106025
target_page_id id: 17 tid 106025
0 1 tid 106025
191 16 tid 106025
365 14 tid 106025
492 17 tid 106025
168 tid 106025
Insert  tid 106025
FindTargetPageId rootid 15 tid 106025
target_page_id id: 17 tid 106025
0 1 tid 106025
191 16 tid 106025
365 14 tid 106025
492 17 tid 106025
169 tid 106025
Insert  tid 106025
FindTargetPageId rootid 15 tid 106025
target_page_id id: 17 tid 106025
0 1 tid 106025
191 16 tid 106025
365 14 tid 106025
492 17 tid 106025
170 tid 106025
Insert  tid 106025
FindTargetPageId rootid 15 tid 106025
target_page_id id: 17 tid 106025
0 1 tid 106025
191 16 tid 106025
365 14 tid 106025
492 17 tid 106025
171 tid 106025
Insert  tid 106025
FindTargetPageId rootid 15 tid 106025
target_page_id id: 17 tid 106025
0 1 tid 106025
191 16 tid 106025
365 14 tid 106025
492 17 tid 106025
172 tid 106025
Insert  tid 106025
FindTargetPageId rootid 15 tid 106025
target_page_id id: 17 tid 106025
0 1 tid 106025
191 16 tid 106025
365 14 tid 106025
492 17 tid 106025
173 tid 106025
Insert  tid 106025
FindTargetPageId rootid 15 tid 106025
target_page_id id: 17 tid 106025
0 1 tid 106025
191 16 tid 106025
365 14 tid 106025
492 17 tid 106025
174 tid 106025
Insert  tid 106025
FindTargetPageId rootid 15 tid 106025
target_page_id id: 17 tid 106025
0 1 tid 106025
191 16 tid 106025
365 14 tid 106025
492 17 tid 106025
175 tid 106025
Insert  tid 106025
FindTargetPageId rootid 15 tid 106025
target_page_id id: 17 tid 106025
0 1 tid 106025
191 16 tid 106025
365 14 tid 106025
492 17 tid 106025
176 tid 106025
Insert  tid 106025
FindTargetPageId rootid 15 tid 106025
target_page_id id: 17 tid 106025
0 1 tid 106025
191 16 tid 106025
365 14 tid 106025
492 17 tid 106025
177 tid 106025
Insert  tid 106025
FindTargetPageId rootid 15 tid 106025
target_page_id id: 17 tid 106025
0 1 tid 106025
191 16 tid 106025
365 14 tid 106025
492 17 tid 106025
178 tid 106025
Insert  tid 106025
FindTargetPageId rootid 15 tid 106025
target_page_id id: 17 tid 106025
0 1 tid 106025
191 16 tid 106025
365 14 tid 106025
492 17 tid 106025
179 tid 106025
Insert  tid 106025
FindTargetPageId rootid 15 tid 106025
target_page_id id: 17 tid 106025
0 1 tid 106025
191 16 tid 106025
365 14 tid 106025
492 17 tid 106025
180 tid 106025
Insert  tid 106025
FindTargetPageId rootid 15 tid 106025
target_page_id id: 17 tid 106025
0 1 tid 106025
191 16 tid 106025
365 14 tid 106025
492 17 tid 106025
181 tid 106025
Insert  tid 106025
FindTargetPageId rootid 15 tid 106025
target_page_id id: 17 tid 106025
0 1 tid 106025
191 16 tid 106025
365 14 tid 106025
492 17 tid 106025
182 tid 106025
Insert  tid 106025
FindTargetPageId rootid 15 tid 106025
target_page_id id: 17 tid 106025
0 1 tid 106025
191 16 tid 106025
365 14 tid 106025
492 17 tid 106025
183 tid 106025
Insert  tid 106025
FindTargetPageId rootid 15 tid 106025
target_page_id id: 17 tid 106025
0 1 tid 106025
191 16 tid 106025
365 14 tid 106025
492 17 tid 106025
184 tid 106025
Insert  tid 106025
FindTargetPageId rootid 15 tid 106025
target_page_id id: 17 tid 106025
0 1 tid 106025
191 16 tid 106025
365 14 tid 106025
492 17 tid 106025
185 tid 106025
Insert  tid 106025
FindTargetPageId rootid 15 tid 106025
target_page_id id: 17 tid 106025
0 1 tid 106025
191 16 tid 106025
365 14 tid 106025
492 17 tid 106025
186 tid 106025
Insert  tid 106025
FindTargetPageId rootid 15 tid 106025
target_page_id id: 17 tid 106025
0 1 tid 106025
191 16 tid 106025
365 14 tid 106025
492 17 tid 106025
187 tid 106025
Insert  tid 106025
FindTargetPageId rootid 15 tid 106025
target_page_id id: 17 tid 106025
0 1 tid 106025
191 16 tid 106025
365 14 tid 106025
492 17 tid 106025
188 tid 106025
Insert  tid 106025
FindTargetPageId rootid 15 tid 106025
target_page_id id: 17 tid 106025
0 1 tid 106025
191 16 tid 106025
365 14 tid 106025
492 17 tid 106025
189 tid 106025
Insert  tid 106025
FindTargetPageId rootid 15 tid 106025
target_page_id id: 17 tid 106025
0 1 tid 106025
191 16 tid 106025
365 14 tid 106025
492 17 tid 106025
190 tid 106025
Insert  tid 106025
FindTargetPageId rootid 15 tid 106025
target_page_id id: 17 tid 106025
0 1 tid 106025
191 16 tid 106025
365 14 tid 106025
492 17 tid 106025
191 tid 106025
Insert  tid 106025
FindTargetPageId rootid 15 tid 106023
target_page_id id: 17 tid 106023
0 1 tid 106023
191 16 tid 106023
365 14 tid 106023
492 17 tid 106023
192 tid 106023
Insert  tid 106023
FindTargetPageId rootid 15 tid 106023
target_page_id id: 17 tid 106023
0 1 tid 106023
191 16 tid 106023
365 14 tid 106023
492 17 tid 106023
192 tid 106023
Insert  tid 106023
FindTargetPageId rootid 15 tid 106023
target_page_id id: 17 tid 106023
0 1 tid 106023
191 16 tid 106023
365 14 tid 106023
492 17 tid 106023
192 tid 106023
Insert  tid 106023
FindTargetPageId rootid 15 tid 106023
target_page_id id: 17 tid 106023
0 1 tid 106023
191 16 tid 106023
365 14 tid 106023
492 17 tid 106023
192 tid 106023
Insert  tid 106023
FindTargetPageId rootid 15 tid 106023
target_page_id id: 17 tid 106023
0 1 tid 106023
191 16 tid 106023
365 14 tid 106023
492 17 tid 106023
192 tid 106023
Insert  tid 106023
FindTargetPageId rootid 15 tid 106023
target_page_id id: 17 tid 106023
0 1 tid 106023
191 16 tid 106023
365 14 tid 106023
492 17 tid 106023
192 tid 106023
Insert  tid 106023
FindTargetPageId rootid 15 tid 106023
target_page_id id: 17 tid 106023
0 1 tid 106023
191 16 tid 106023
365 14 tid 106023
492 17 tid 106023
192 tid 106023
Insert  tid 106023
FindTargetPageId rootid 15 tid 106023
target_page_id id: 17 tid 106023
0 1 tid 106023
191 16 tid 106023
365 14 tid 106023
492 17 tid 106023
192 tid 106023
Insert  tid 106023
FindTargetPageId rootid 15 tid 106023
target_page_id id: 17 tid 106023
0 1 tid 106023
191 16 tid 106023
365 14 tid 106023
492 17 tid 106023
192 tid 106023
Insert  tid 106023
FindTargetPageId rootid 15 tid 106023
target_page_id id: 17 tid 106023
0 1 tid 106023
191 16 tid 106023
365 14 tid 106023
492 17 tid 106023
192 tid 106023
Insert  tid 106023
FindTargetPageId rootid 15 tid 106023
target_page_id id: 17 tid 106023
0 1 tid 106023
191 16 tid 106023
365 14 tid 106023
492 17 tid 106023
193 tid 106023
Insert  tid 106023
FindTargetPageId rootid 15 tid 106023
target_page_id id: 17 tid 106023
0 1 tid 106023
191 16 tid 106023
365 14 tid 106023
492 17 tid 106023
194 tid 106023
Insert  tid 106023
FindTargetPageId rootid 15 tid 106023
target_page_id id: 17 tid 106023
0 1 tid 106023
191 16 tid 106023
365 14 tid 106023
492 17 tid 106023
195 tid 106023
Insert  tid 106023
FindTargetPageId rootid 15 tid 106023
target_page_id id: 17 tid 106023
0 1 tid 106023
191 16 tid 106023
365 14 tid 106023
492 17 tid 106023
196 tid 106023
Insert  tid 106023
FindTargetPageId rootid 15 tid 106023
target_page_id id: 17 tid 106023
0 1 tid 106023
191 16 tid 106023
365 14 tid 106023
492 17 tid 106023
197 tid 106023
Insert  tid 106023
FindTargetPageId rootid 15 tid 106023
target_page_id id: 17 tid 106023
0 1 tid 106023
191 16 tid 106023
365 14 tid 106023
492 17 tid 106023
198 tid 106023
Insert  tid 106023
FindTargetPageId rootid 15 tid 106023
target_page_id id: 17 tid 106023
0 1 tid 106023
191 16 tid 106023
365 14 tid 106023
492 17 tid 106023
199 tid 106023
Insert  tid 106023
FindTargetPageId rootid 15 tid 106023
target_page_id id: 17 tid 106023
0 1 tid 106023
191 16 tid 106023
365 14 tid 106023
492 17 tid 106023
200 tid 106023
Insert  tid 106023
FindTargetPageId rootid 15 tid 106023
target_page_id id: 17 tid 106023
0 1 tid 106023
191 16 tid 106023
365 14 tid 106023
492 17 tid 106023
201 tid 106023
Insert  tid 106023
FindTargetPageId rootid 15 tid 106024
target_page_id id: 17 tid 106024
0 1 tid 106024
191 16 tid 106024
365 14 tid 106024
492 17 tid 106024
202 tid 106024
Remove  tid 106024
FindTargetPageId rootid 15 tid 106024
target_page_id id: 17 tid 106024
0 1 tid 106024
191 16 tid 106024
365 14 tid 106024
492 17 tid 106024
201 tid 106024
Remove  tid 106024
FindTargetPageId rootid 15 tid 106023
target_page_id id: 17 tid 106023
0 1 tid 106023
191 16 tid 106023
365 14 tid 106023
492 17 tid 106023
200 tid 106023
Insert  tid 106023
FindTargetPageId rootid 15 tid 106025
target_page_id id: 17 tid 106025
0 1 tid 106025
191 16 tid 106025
365 14 tid 106025
492 17 tid 106025
201 tid 106025
Insert  tid 106025
FindTargetPageId rootid 15 tid 106025
target_page_id id: 17 tid 106025
0 1 tid 106025
191 16 tid 106025
365 14 tid 106025
492 17 tid 106025
202 tid 106025
Insert  tid 106025
FindTargetPageId rootid 15 tid 106023
target_page_id id: 17 tid 106023
0 1 tid 106023
191 16 tid 106023
365 14 tid 106023
492 17 tid 106023
203 tid 106023
Insert  tid 106023
FindTargetPageId rootid 15 tid 106023
target_page_id id: 17 tid 106023
0 1 tid 106023
191 16 tid 106023
365 14 tid 106023
492 17 tid 106023
204 tid 106023
Insert  tid 106023
FindTargetPageId rootid 15 tid 106025
target_page_id id: 17 tid 106025
0 1 tid 106025
191 16 tid 106025
365 14 tid 106025
492 17 tid 106025
205 tid 106025
Insert  tid 106025
FindTargetPageId rootid 15 tid 106024
target_page_id id: 17 tid 106024
0 1 tid 106024
191 16 tid 106024
365 14 tid 106024
492 17 tid 106024
206 tid 106024
Remove  tid 106024
FindTargetPageId rootid 15 tid 106023
target_page_id id: 17 tid 106023
0 1 tid 106023
191 16 tid 106023
365 14 tid 106023
492 17 tid 106023
205 tid 106023
Insert  tid 106023
FindTargetPageId rootid 15 tid 106025
target_page_id id: 17 tid 106025
0 1 tid 106025
191 16 tid 106025
365 14 tid 106025
492 17 tid 106025
206 tid 106025
Insert  tid 106025
FindTargetPageId rootid 15 tid 106024
target_page_id id: 17 tid 106024
0 1 tid 106024
191 16 tid 106024
365 14 tid 106024
492 17 tid 106024
207 tid 106024
Remove  tid 106024
FindTargetPageId rootid 15 tid 106023
target_page_id id: 17 tid 106023
0 1 tid 106023
191 16 tid 106023
365 14 tid 106023
492 17 tid 106023
206 tid 106023
Insert  tid 106023
FindTargetPageId rootid 15 tid 106023
target_page_id id: 17 tid 106023
0 1 tid 106023
191 16 tid 106023
365 14 tid 106023
492 17 tid 106023
207 tid 106023
Insert  tid 106023
FindTargetPageId rootid 15 tid 106023
target_page_id id: 17 tid 106023
0 1 tid 106023
191 16 tid 106023
365 14 tid 106023
492 17 tid 106023
208 tid 106023
Insert  tid 106023
FindTargetPageId rootid 15 tid 106023
target_page_id id: 17 tid 106023
0 1 tid 106023
191 16 tid 106023
365 14 tid 106023
492 17 tid 106023
209 tid 106023
Insert  tid 106023
FindTargetPageId rootid 15 tid 106023
target_page_id id: 17 tid 106023
0 1 tid 106023
191 16 tid 106023
365 14 tid 106023
492 17 tid 106023
210 tid 106023
Insert  tid 106023
FindTargetPageId rootid 15 tid 106023
target_page_id id: 17 tid 106023
0 1 tid 106023
191 16 tid 106023
365 14 tid 106023
492 17 tid 106023
211 tid 106023
Insert  tid 106023
FindTargetPageId rootid 15 tid 106023
target_page_id id: 17 tid 106023
0 1 tid 106023
191 16 tid 106023
365 14 tid 106023
492 17 tid 106023
212 tid 106023
Insert  tid 106023
FindTargetPageId rootid 15 tid 106023
target_page_id id: 17 tid 106023
0 1 tid 106023
191 16 tid 106023
365 14 tid 106023
492 17 tid 106023
213 tid 106023
Insert  tid 106023
FindTargetPageId rootid 15 tid 106025
target_page_id id: 17 tid 106025
0 1 tid 106025
191 16 tid 106025
365 14 tid 106025
492 17 tid 106025
214 tid 106025
Insert  tid 106025
FindTargetPageId rootid 15 tid 106024
target_page_id id: 17 tid 106024
0 1 tid 106024
191 16 tid 106024
365 14 tid 106024
492 17 tid 106024
215 tid 106024
Remove  tid 106024
FindTargetPageId rootid 15 tid 106024
target_page_id id: 17 tid 106024
0 1 tid 106024
191 16 tid 106024
365 14 tid 106024
492 17 tid 106024
214 tid 106024
Remove  tid 106024
FindTargetPageId rootid 15 tid 106024
target_page_id id: 17 tid 106024
0 1 tid 106024
191 16 tid 106024
365 14 tid 106024
492 17 tid 106024
213 tid 106024
Remove  tid 106024
FindTargetPageId rootid 15 tid 106024
target_page_id id: 17 tid 106024
0 1 tid 106024
191 16 tid 106024
365 14 tid 106024
492 17 tid 106024
212 tid 106024
Remove  tid 106024
FindTargetPageId rootid 15 tid 106024
target_page_id id: 17 tid 106024
0 1 tid 106024
191 16 tid 106024
365 14 tid 106024
492 17 tid 106024
211 tid 106024
Remove  tid 106024
FindTargetPageId rootid 15 tid 106024
target_page_id id: 17 tid 106024
0 1 tid 106024
191 16 tid 106024
365 14 tid 106024
492 17 tid 106024
210 tid 106024
Remove  tid 106024
FindTargetPageId rootid 15 tid 106025
target_page_id id: 17 tid 106025
0 1 tid 106025
191 16 tid 106025
365 14 tid 106025
492 17 tid 106025
209 tid 106025
Insert  tid 106025
FindTargetPageId rootid 15 tid 106025
target_page_id id: 17 tid 106025
0 1 tid 106025
191 16 tid 106025
365 14 tid 106025
492 17 tid 106025
210 tid 106025
Insert  tid 106025
FindTargetPageId rootid 15 tid 106025
target_page_id id: 17 tid 106025
0 1 tid 106025
191 16 tid 106025
365 14 tid 106025
492 17 tid 106025
211 tid 106025
Insert  tid 106025
FindTargetPageId rootid 15 tid 106025
target_page_id id: 17 tid 106025
0 1 tid 106025
191 16 tid 106025
365 14 tid 106025
492 17 tid 106025
212 tid 106025
Insert  tid 106025
FindTargetPageId rootid 15 tid 106025
target_page_id id: 17 tid 106025
0 1 tid 106025
191 16 tid 106025
365 14 tid 106025
492 17 tid 106025
213 tid 106025
Insert  tid 106025
FindTargetPageId rootid 15 tid 106025
target_page_id id: 17 tid 106025
0 1 tid 106025
191 16 tid 106025
365 14 tid 106025
492 17 tid 106025
214 tid 106025
Insert  tid 106025
FindTargetPageId rootid 15 tid 106025
target_page_id id: 17 tid 106025
0 1 tid 106025
191 16 tid 106025
365 14 tid 106025
492 17 tid 106025
215 tid 106025
Insert  tid 106025
FindTargetPageId rootid 15 tid 106025
target_page_id id: 17 tid 106025
0 1 tid 106025
191 16 tid 106025
365 14 tid 106025
492 17 tid 106025
216 tid 106025
Insert  tid 106025
FindTargetPageId rootid 15 tid 106025
target_page_id id: 17 tid 106025
0 1 tid 106025
191 16 tid 106025
365 14 tid 106025
492 17 tid 106025
217 tid 106025
Insert  tid 106025
FindTargetPageId rootid 15 tid 106025
target_page_id id: 17 tid 106025
0 1 tid 106025
191 16 tid 106025
365 14 tid 106025
492 17 tid 106025
218 tid 106025
Insert  tid 106025
FindTargetPageId rootid 15 tid 106025
target_page_id id: 17 tid 106025
0 1 tid 106025
191 16 tid 106025
365 14 tid 106025
492 17 tid 106025
219 tid 106025
Insert  tid 106025
FindTargetPageId rootid 15 tid 106025
target_page_id id: 17 tid 106025
0 1 tid 106025
191 16 tid 106025
365 14 tid 106025
492 17 tid 106025
220 tid 106025
Insert  tid 106025
FindTargetPageId rootid 15 tid 106025
target_page_id id: 17 tid 106025
0 1 tid 106025
191 16 tid 106025
365 14 tid 106025
492 17 tid 106025
221 tid 106025
Insert  tid 106025
FindTargetPageId rootid 15 tid 106025
target_page_id id: 17 tid 106025
0 1 tid 106025
191 16 tid 106025
365 14 tid 106025
492 17 tid 106025
222 tid 106025
Insert  tid 106025
FindTargetPageId rootid 15 tid 106025
target_page_id id: 17 tid 106025
0 1 tid 106025
191 16 tid 106025
365 14 tid 106025
492 17 tid 106025
223 tid 106025
Insert  tid 106025
FindTargetPageId rootid 15 tid 106025
target_page_id id: 17 tid 106025
0 1 tid 106025
191 16 tid 106025
365 14 tid 106025
492 17 tid 106025
224 tid 106025
Insert  tid 106025
FindTargetPageId rootid 15 tid 106025
target_page_id id: 17 tid 106025
0 1 tid 106025
191 16 tid 106025
365 14 tid 106025
492 17 tid 106025
225 tid 106025
Insert  tid 106025
FindTargetPageId rootid 15 tid 106025
target_page_id id: 17 tid 106025
0 1 tid 106025
191 16 tid 106025
365 14 tid 106025
492 17 tid 106025
226 tid 106025
Insert  tid 106025
FindTargetPageId rootid 15 tid 106025
target_page_id id: 17 tid 106025
0 1 tid 106025
191 16 tid 106025
365 14 tid 106025
492 17 tid 106025
227 tid 106025
Insert  tid 106025
FindTargetPageId rootid 15 tid 106025
target_page_id id: 17 tid 106025
0 1 tid 106025
191 16 tid 106025
365 14 tid 106025
492 17 tid 106025
228 tid 106025
Insert  tid 106025
FindTargetPageId rootid 15 tid 106025
target_page_id id: 17 tid 106025
0 1 tid 106025
191 16 tid 106025
365 14 tid 106025
492 17 tid 106025
229 tid 106025
Insert  tid 106025
FindTargetPageId rootid 15 tid 106025
target_page_id id: 17 tid 106025
0 1 tid 106025
191 16 tid 106025
365 14 tid 106025
492 17 tid 106025
230 tid 106025
Insert  tid 106025
FindTargetPageId rootid 15 tid 106025
target_page_id id: 17 tid 106025
0 1 tid 106025
191 16 tid 106025
365 14 tid 106025
492 17 tid 106025
231 tid 106025
Insert  tid 106025
FindTargetPageId rootid 15 tid 106025
target_page_id id: 17 tid 106025
0 1 tid 106025
191 16 tid 106025
365 14 tid 106025
492 17 tid 106025
232 tid 106025
Insert  tid 106025
FindTargetPageId rootid 15 tid 106025
target_page_id id: 17 tid 106025
0 1 tid 106025
191 16 tid 106025
365 14 tid 106025
492 17 tid 106025
233 tid 106025
Insert  tid 106025
FindTargetPageId rootid 15 tid 106025
target_page_id id: 17 tid 106025
0 1 tid 106025
191 16 tid 106025
365 14 tid 106025
492 17 tid 106025
234 tid 106025
Insert  tid 106025
FindTargetPageId rootid 15 tid 106025
target_page_id id: 17 tid 106025
0 1 tid 106025
191 16 tid 106025
365 14 tid 106025
492 17 tid 106025
235 tid 106025
Insert  tid 106025
FindTargetPageId rootid 15 tid 106025
target_page_id id: 17 tid 106025
0 1 tid 106025
191 16 tid 106025
365 14 tid 106025
492 17 tid 106025
236 tid 106025
Insert  tid 106025
FindTargetPageId rootid 15 tid 106025
target_page_id id: 17 tid 106025
0 1 tid 106025
191 16 tid 106025
365 14 tid 106025
492 17 tid 106025
237 tid 106025
Insert  tid 106025
FindTargetPageId rootid 15 tid 106025
target_page_id id: 17 tid 106025
0 1 tid 106025
191 16 tid 106025
365 14 tid 106025
492 17 tid 106025
238 tid 106025
Insert  tid 106025
FindTargetPageId rootid 15 tid 106025
target_page_id id: 17 tid 106025
0 1 tid 106025
191 16 tid 106025
365 14 tid 106025
492 17 tid 106025
239 tid 106025
Insert  tid 106025
FindTargetPageId rootid 15 tid 106025
target_page_id id: 17 tid 106025
0 1 tid 106025
191 16 tid 106025
365 14 tid 106025
492 17 tid 106025
240 tid 106025
Insert  tid 106025
FindTargetPageId rootid 15 tid 106025
target_page_id id: 17 tid 106025
0 1 tid 106025
191 16 tid 106025
365 14 tid 106025
492 17 tid 106025
241 tid 106025
Insert  tid 106025
FindTargetPageId rootid 15 tid 106025
target_page_id id: 17 tid 106025
0 1 tid 106025
191 16 tid 106025
365 14 tid 106025
492 17 tid 106025
242 tid 106025
Insert  tid 106025
FindTargetPageId rootid 15 tid 106025
target_page_id id: 17 tid 106025
0 1 tid 106025
191 16 tid 106025
365 14 tid 106025
492 17 tid 106025
243 tid 106025
Insert  tid 106025
FindTargetPageId rootid 15 tid 106025
target_page_id id: 17 tid 106025
0 1 tid 106025
191 16 tid 106025
365 14 tid 106025
492 17 tid 106025
244 tid 106025
FindTargetPageId rootid 15 tid 106024
Insert  tid 106025
target_page_id id: 17 tid 106024
0 1 tid 106024
191 16 tid 106024
365 14 tid 106024
492 17 tid 106024
245 tid 106024
Remove  tid 106024
FindTargetPageId rootid 15 tid 106024
target_page_id id: 17 tid 106024
0 1 tid 106024
191 16 tid 106024
365 14 tid 106024
492 17 tid 106024
244 tid 106024
Remove  tid 106024
FindTargetPageId rootid 15 tid 106024
target_page_id id: 17 tid 106024
0 1 tid 106024
191 16 tid 106024
365 14 tid 106024
492 17 tid 106024
243 tid 106024
Remove  tid 106024
FindTargetPageId rootid 15 tid 106024
target_page_id id: 17 tid 106024
0 1 tid 106024
191 16 tid 106024
365 14 tid 106024
492 17 tid 106024
242 tid 106024
Remove  tid 106024
FindTargetPageId rootid 15 tid 106023
target_page_id id: 17 tid 106023
0 1 tid 106023
191 16 tid 106023
365 14 tid 106023
492 17 tid 106023
241 tid 106023
Insert  tid 106023
FindTargetPageId rootid 15 tid 106023
target_page_id id: 17 tid 106023
0 1 tid 106023
191 16 tid 106023
365 14 tid 106023
492 17 tid 106023
242 tid 106023
Insert  tid 106023
FindTargetPageId rootid 15 tid 106023
target_page_id id: 17 tid 106023
0 1 tid 106023
191 16 tid 106023
365 14 tid 106023
492 17 tid 106023
243 tid 106023
Insert  tid 106023
FindTargetPageId rootid 15 tid 106023
target_page_id id: 17 tid 106023
0 1 tid 106023
191 16 tid 106023
365 14 tid 106023
492 17 tid 106023
244 tid 106023
Insert  tid 106023
FindTargetPageId rootid 15 tid 106023
target_page_id id: 17 tid 106023
0 1 tid 106023
191 16 tid 106023
365 14 tid 106023
492 17 tid 106023
245 tid 106023
Insert  tid 106023
FindTargetPageId rootid 15 tid 106023
target_page_id id: 17 tid 106023
0 1 tid 106023
191 16 tid 106023
365 14 tid 106023
492 17 tid 106023
246 tid 106023
Insert  tid 106023
FindTargetPageId rootid 15 tid 106023
target_page_id id: 17 tid 106023
0 1 tid 106023
191 16 tid 106023
365 14 tid 106023
492 17 tid 106023
247 tid 106023
Insert  tid 106023
FindTargetPageId rootid 15 tid 106023
target_page_id id: 17 tid 106023
0 1 tid 106023
191 16 tid 106023
365 14 tid 106023
492 17 tid 106023
248 tid 106023
Insert  tid 106023
FindTargetPageId rootid 15 tid 106025
target_page_id id: 17 tid 106025
0 1 tid 106025
191 16 tid 106025
365 14 tid 106025
492 17 tid 106025
249 tid 106025
Insert  tid 106025
FindTargetPageId rootid 15 tid 106024
target_page_id id: 17 tid 106024
0 1 tid 106024
191 16 tid 106024
365 14 tid 106024
492 17 tid 106024
250 tid 106024
Remove  tid 106024
FindTargetPageId rootid 15 tid 106023
target_page_id id: 17 tid 106023
0 1 tid 106023
191 16 tid 106023
365 14 tid 106023
492 17 tid 106023
249 tid 106023
Insert  tid 106023
FindTargetPageId rootid 15 tid 106023
target_page_id id: 17 tid 106023
0 1 tid 106023
191 16 tid 106023
365 14 tid 106023
492 17 tid 106023
250 tid 106023
Insert  tid 106023
FindTargetPageId rootid 15 tid 106023
target_page_id id: 17 tid 106023
0 1 tid 106023
191 16 tid 106023
365 14 tid 106023
492 17 tid 106023
251 tid 106023
Insert  tid 106023
FindTargetPageId rootid 15 tid 106023
target_page_id id: 17 tid 106023
0 1 tid 106023
191 16 tid 106023
365 14 tid 106023
492 17 tid 106023
252 tid 106023
Insert  tid 106023
FindTargetPageId rootid 15 tid 106023
target_page_id id: 17 tid 106023
0 1 tid 106023
191 16 tid 106023
365 14 tid 106023
492 17 tid 106023
253 tid 106023
Insert  tid 106023
FindTargetPageId rootid 15 tid 106023
target_page_id id: 17 tid 106023
0 1 tid 106023
191 16 tid 106023
365 14 tid 106023
492 17 tid 106023
254 tid 106023
Insert  tid 106023
FindTargetPageId rootid 15 tid 106023
target_page_id id: 17 tid 106023
0 1 tid 106023
191 16 tid 106023
365 14 tid 106023
492 17 tid 106023
634 18 tid 106023
127 tid 106023
Insert  tid 106023
FindTargetPageId rootid 15 tid 106023
target_page_id id: 17 tid 106023
0 1 tid 106023
191 16 tid 106023
365 14 tid 106023
492 17 tid 106023
634 18 tid 106023
128 tid 106023
Insert  tid 106023
FindTargetPageId rootid 15 tid 106023
target_page_id id: 17 tid 106023
0 1 tid 106023
191 16 tid 106023
365 14 tid 106023
492 17 tid 106023
634 18 tid 106023
129 tid 106023
Insert  tid 106023
FindTargetPageId rootid 15 tid 106023
target_page_id id: 17 tid 106023
0 1 tid 106023
191 16 tid 106023
365 14 tid 106023
492 17 tid 106023
634 18 tid 106023
130 tid 106023
Insert  tid 106023
FindTargetPageId rootid 15 tid 106023
target_page_id id: 17 tid 106023
0 1 tid 106023
191 16 tid 106023
365 14 tid 106023
492 17 tid 106023
634 18 tid 106023
131 tid 106023
Insert  tid 106023
FindTargetPageId rootid 15 tid 106023
target_page_id id: 17 tid 106023
0 1 tid 106023
191 16 tid 106023
365 14 tid 106023
492 17 tid 106023
634 18 tid 106023
132 tid 106023
Insert  tid 106023
FindTargetPageId rootid 15 tid 106023
target_page_id id: 17 tid 106023
0 1 tid 106023
191 16 tid 106023
365 14 tid 106023
492 17 tid 106023
634 18 tid 106023
133 tid 106023
Insert  tid 106023
FindTargetPageId rootid 15 tid 106023
target_page_id id: 17 tid 106023
0 1 tid 106023
191 16 tid 106023
365 14 tid 106023
492 17 tid 106023
634 18 tid 106023
134 tid 106023
Insert  tid 106023
FindTargetPageId rootid 15 tid 106023
target_page_id id: 17 tid 106023
0 1 tid 106023
191 16 tid 106023
365 14 tid 106023
492 17 tid 106023
634 18 tid 106023
135 tid 106023
Insert  tid 106023
FindTargetPageId rootid 15 tid 106023
target_page_id id: 17 tid 106023
0 1 tid 106023
191 16 tid 106023
365 14 tid 106023
492 17 tid 106023
634 18 tid 106023
136 tid 106023
Insert  tid 106023
FindTargetPageId rootid 15 tid 106023
target_page_id id: 17 tid 106023
0 1 tid 106023
191 16 tid 106023
365 14 tid 106023
492 17 tid 106023
634 18 tid 106023
137 tid 106023
Insert  tid 106023
FindTargetPageId rootid 15 tid 106023
target_page_id id: 17 tid 106023
0 1 tid 106023
191 16 tid 106023
365 14 tid 106023
492 17 tid 106023
634 18 tid 106023
138 tid 106023
Insert  tid 106023
FindTargetPageId rootid 15 tid 106023
target_page_id id: 17 tid 106023
0 1 tid 106023
191 16 tid 106023
365 14 tid 106023
492 17 tid 106023
634 18 tid 106023
139 tid 106023
Insert  tid 106023
FindTargetPageId rootid 15 tid 106024
target_page_id id: 17 tid 106024
0 1 tid 106024
191 16 tid 106024
365 14 tid 106024
492 17 tid 106024
634 18 tid 106024
140 tid 106024
Remove  tid 106024
FindTargetPageId rootid 15 tid 106025
target_page_id id: 18 tid 106025
0 1 tid 106025
191 16 tid 106025
365 14 tid 106025
492 17 tid 106025
634 18 tid 106025
128 tid 106025
Insert  tid 106025
FindTargetPageId rootid 15 tid 106023
target_page_id id: 17 tid 106023
0 1 tid 106023
191 16 tid 106023
365 14 tid 106023
492 17 tid 106023
634 18 tid 106023
139 tid 106023
Insert  tid 106023
FindTargetPageId rootid 15 tid 106024
target_page_id id: 17 tid 106024
0 1 tid 106024
191 16 tid 106024
365 14 tid 106024
492 17 tid 106024
634 18 tid 106024
140 tid 106024
Remove  tid 106024
FindTargetPageId rootid 15 tid 106025
target_page_id id: 18 tid 106025
0 1 tid 106025
191 16 tid 106025
365 14 tid 106025
492 17 tid 106025
634 18 tid 106025
129 tid 106025
Insert  tid 106025
FindTargetPageId rootid 15 tid 106025
target_page_id id: 18 tid 106025
0 1 tid 106025
191 16 tid 106025
365 14 tid 106025
492 17 tid 106025
634 18 tid 106025
130 tid 106025
Insert  tid 106025
FindTargetPageId rootid 15 tid 106025
target_page_id id: 18 tid 106025
0 1 tid 106025
191 16 tid 106025
365 14 tid 106025
492 17 tid 106025
634 18 tid 106025
131 tid 106025
Insert  tid 106025
FindTargetPageId rootid 15 tid 106025
target_page_id id: 18 tid 106025
0 1 tid 106025
191 16 tid 106025
365 14 tid 106025
492 17 tid 106025
634 18 tid 106025
132 tid 106025
Insert  tid 106025
FindTargetPageId rootid 15 tid 106025
target_page_id id: 18 tid 106025
0 1 tid 106025
191 16 tid 106025
365 14 tid 106025
492 17 tid 106025
634 18 tid 106025
133 tid 106025
Insert  tid 106025
FindTargetPageId rootid 15 tid 106025
target_page_id id: 18 tid 106025
0 1 tid 106025
191 16 tid 106025
365 14 tid 106025
492 17 tid 106025
634 18 tid 106025
134 tid 106025
Insert  tid 106025
FindTargetPageId rootid 15 tid 106025
target_page_id id: 18 tid 106025
0 1 tid 106025
191 16 tid 106025
365 14 tid 106025
492 17 tid 106025
634 18 tid 106025
135 tid 106025
Insert  tid 106025
FindTargetPageId rootid 15 tid 106025
target_page_id id: 18 tid 106025
0 1 tid 106025
191 16 tid 106025
365 14 tid 106025
492 17 tid 106025
634 18 tid 106025
136 tid 106025
Insert  tid 106025
FindTargetPageId rootid 15 tid 106025
target_page_id id: 18 tid 106025
0 1 tid 106025
191 16 tid 106025
365 14 tid 106025
492 17 tid 106025
634 18 tid 106025
137 tid 106025
Insert  tid 106025
FindTargetPageId rootid 15 tid 106025
target_page_id id: 18 tid 106025
0 1 tid 106025
191 16 tid 106025
365 14 tid 106025
492 17 tid 106025
634 18 tid 106025
138 tid 106025
Insert  tid 106025
FindTargetPageId rootid 15 tid 106025
target_page_id id: 18 tid 106025
0 1 tid 106025
191 16 tid 106025
365 14 tid 106025
492 17 tid 106025
634 18 tid 106025
139 tid 106025
Insert  tid 106025
FindTargetPageId rootid 15 tid 106025
target_page_id id: 18 tid 106025
0 1 tid 106025
191 16 tid 106025
365 14 tid 106025
492 17 tid 106025
634 18 tid 106025
140 tid 106025
Insert  tid 106025
FindTargetPageId rootid 15 tid 106025
target_page_id id: 18 tid 106025
0 1 tid 106025
191 16 tid 106025
365 14 tid 106025
492 17 tid 106025
634 18 tid 106025
141 tid 106025
Insert  tid 106025
FindTargetPageId rootid 15 tid 106023
target_page_id id: 17 tid 106023
0 1 tid 106023
191 16 tid 106023
365 14 tid 106023
492 17 tid 106023
634 18 tid 106023
139 tid 106023
Insert  tid 106023
FindTargetPageId rootid 15 tid 106023
target_page_id id: 17 tid 106023
0 1 tid 106023
191 16 tid 106023
365 14 tid 106023
492 17 tid 106023
634 18 tid 106023
140 tid 106023
Insert  tid 106023
FindTargetPageId rootid 15 tid 106024
target_page_id id: 17 tid 106024
0 1 tid 106024
191 16 tid 106024
365 14 tid 106024
492 17 tid 106024
634 18 tid 106024
141 tid 106024
Remove  tid 106024
FindTargetPageId rootid 15 tid 106024
target_page_id id: 17 tid 106024
0 1 tid 106024
191 16 tid 106024
365 14 tid 106024
492 17 tid 106024
634 18 tid 106024
140 tid 106024
Remove  tid 106024
FindTargetPageId rootid 15 tid 106024
target_page_id id: 17 tid 106024
0 1 tid 106024
191 16 tid 106024
365 14 tid 106024
492 17 tid 106024
634 18 tid 106024
139 tid 106024
Remove  tid 106024
FindTargetPageId rootid 15 tid 106025
target_page_id id: 18 tid 106025
0 1 tid 106025
191 16 tid 106025
365 14 tid 106025
492 17 tid 106025
634 18 tid 106025
142 tid 106025
FindTargetPageId rootid 15 tid 106023
Insert  tid 106025
target_page_id id: 17 tid 106023
0 1 tid 106023
191 16 tid 106023
365 14 tid 106023
492 17 tid 106023
634 18 tid 106023
138 tid 106023
Insert  tid 106023
FindTargetPageId rootid 15 tid 106023
target_page_id id: 17 tid 106023
0 1 tid 106023
191 16 tid 106023
365 14 tid 106023
492 17 tid 106023
634 18 tid 106023
139 tid 106023
Insert  tid 106023
FindTargetPageId rootid 15 tid 106023
target_page_id id: 17 tid 106023
0 1 tid 106023
191 16 tid 106023
365 14 tid 106023
492 17 tid 106023
634 18 tid 106023
140 tid 106023
Insert  tid 106023
FindTargetPageId rootid 15 tid 106023
target_page_id id: 17 tid 106023
0 1 tid 106023
191 16 tid 106023
365 14 tid 106023
492 17 tid 106023
634 18 tid 106023
141 tid 106023
Insert  tid 106023
FindTargetPageId rootid 15 tid 106023
target_page_id id: 17 tid 106023
0 1 tid 106023
191 16 tid 106023
365 14 tid 106023
492 17 tid 106023
634 18 tid 106023
142 tid 106023
Insert  tid 106023
FindTargetPageId rootid 15 tid 106024
target_page_id id: 17 tid 106024
0 1 tid 106024
191 16 tid 106024
365 14 tid 106024
492 17 tid 106024
634 18 tid 106024
142 tid 106024
Remove  tid 106024
FindTargetPageId rootid 15 tid 106024
target_page_id id: 17 tid 106024
0 1 tid 106024
191 16 tid 106024
365 14 tid 106024
492 17 tid 106024
634 18 tid 106024
141 tid 106024
Remove  tid 106024
FindTargetPageId rootid 15 tid 106023
target_page_id id: 17 tid 106023
0 1 tid 106023
191 16 tid 106023
365 14 tid 106023
492 17 tid 106023
634 18 tid 106023
140 tid 106023
FindTargetPageId rootid 15 tid 106025
target_page_id id: 18 tid 106025
0 1 tid 106025
191 16 tid 106025
365 14 tid 106025
492 17 tid 106025
634 18 tid 106025
143 tid 106025
Insert  tid 106023
Insert  tid 106025
FindTargetPageId rootid 15 tid 106023
target_page_id id: 17 tid 106023
0 1 tid 106023
191 16 tid 106023
365 14 tid 106023
492 17 tid 106023
634 18 tid 106023
141 tid 106023
Insert  tid 106023
FindTargetPageId rootid 15 tid 106023
target_page_id id: 17 tid 106023
0 1 tid 106023
191 16 tid 106023
365 14 tid 106023
492 17 tid 106023
634 18 tid 106023
141 tid 106023
Insert  tid 106023
FindTargetPageId rootid 15 tid 106024
target_page_id id: 17 tid 106024
0 1 tid 106024
191 16 tid 106024
365 14 tid 106024
492 17 tid 106024
634 18 tid 106024
141 tid 106024
Remove  tid 106024
FindTargetPageId rootid 15 tid 106024
target_page_id id: 17 tid 106024
0 1 tid 106024
191 16 tid 106024
365 14 tid 106024
492 17 tid 106024
634 18 tid 106024
140 tid 106024
Remove  tid 106024
FindTargetPageId rootid 15 tid 106024
target_page_id id: 17 tid 106024
0 1 tid 106024
191 16 tid 106024
365 14 tid 106024
492 17 tid 106024
634 18 tid 106024
139 tid 106024
Remove  tid 106024
FindTargetPageId rootid 15 tid 106024
target_page_id id: 17 tid 106024
0 1 tid 106024
191 16 tid 106024
365 14 tid 106024
492 17 tid 106024
634 18 tid 106024
138 tid 106024
Remove  tid 106024
FindTargetPageId rootid 15 tid 106024
target_page_id id: 17 tid 106024
0 1 tid 106024
191 16 tid 106024
365 14 tid 106024
492 17 tid 106024
634 18 tid 106024
137 tid 106024
Remove  tid 106024
FindTargetPageId rootid 15 tid 106024
target_page_id id: 17 tid 106024
0 1 tid 106024
191 16 tid 106024
365 14 tid 106024
492 17 tid 106024
634 18 tid 106024
136 tid 106024
Remove  tid 106024
FindTargetPageId rootid 15 tid 106024
target_page_id id: 17 tid 106024
0 1 tid 106024
191 16 tid 106024
365 14 tid 106024
492 17 tid 106024
634 18 tid 106024
135 tid 106024
Remove  tid 106024
FindTargetPageId rootid 15 tid 106025
target_page_id id: 18 tid 106025
0 1 tid 106025
191 16 tid 106025
365 14 tid 106025
492 17 tid 106025
634 18 tid 106025
144 tid 106025
Insert  tid 106025
FindTargetPageId rootid 15 tid 106025
target_page_id id: 18 tid 106025
0 1 tid 106025
191 16 tid 106025
365 14 tid 106025
492 17 tid 106025
634 18 tid 106025
145 tid 106025
Insert  tid 106025
FindTargetPageId rootid 15 tid 106025
target_page_id id: 18 tid 106025
0 1 tid 106025
191 16 tid 106025
365 14 tid 106025
492 17 tid 106025
634 18 tid 106025
146 tid 106025
Insert  tid 106025
FindTargetPageId rootid 15 tid 106025
target_page_id id: 18 tid 106025
0 1 tid 106025
191 16 tid 106025
365 14 tid 106025
492 17 tid 106025
634 18 tid 106025
147 tid 106025
Insert  tid 106025
FindTargetPageId rootid 15 tid 106025
target_page_id id: 18 tid 106025
0 1 tid 106025
191 16 tid 106025
365 14 tid 106025
492 17 tid 106025
634 18 tid 106025
148 tid 106025
Insert  tid 106025
FindTargetPageId rootid 15 tid 106024
target_page_id id: 17 tid 106024
0 1 tid 106024
191 16 tid 106024
365 14 tid 106024
492 17 tid 106024
634 18 tid 106024
134 tid 106024
Remove  tid 106024
FindTargetPageId rootid 15 tid 106023
target_page_id id: 17 tid 106023
0 1 tid 106023
191 16 tid 106023
365 14 tid 106023
492 17 tid 106023
634 18 tid 106023
133 tid 106023
Insert  tid 106023
FindTargetPageId rootid 15 tid 106023
target_page_id id: 17 tid 106023
0 1 tid 106023
191 16 tid 106023
365 14 tid 106023
492 17 tid 106023
634 18 tid 106023
134 tid 106023
Insert  tid 106023
FindTargetPageId rootid 15 tid 106023
target_page_id id: 17 tid 106023
0 1 tid 106023
191 16 tid 106023
365 14 tid 106023
492 17 tid 106023
634 18 tid 106023
135 tid 106023
Insert  tid 106023
FindTargetPageId rootid 15 tid 106023
target_page_id id: 17 tid 106023
0 1 tid 106023
191 16 tid 106023
365 14 tid 106023
492 17 tid 106023
634 18 tid 106023
136 tid 106023
Insert  tid 106023
FindTargetPageId rootid 15 tid 106023
target_page_id id: 17 tid 106023
0 1 tid 106023
191 16 tid 106023
365 14 tid 106023
492 17 tid 106023
634 18 tid 106023
137 tid 106023
Insert  tid 106023
FindTargetPageId rootid 15 tid 106023
target_page_id id: 17 tid 106023
0 1 tid 106023
191 16 tid 106023
365 14 tid 106023
492 17 tid 106023
634 18 tid 106023
138 tid 106023
Insert  tid 106023
FindTargetPageId rootid 15 tid 106023
target_page_id id: 17 tid 106023
0 1 tid 106023
191 16 tid 106023
365 14 tid 106023
492 17 tid 106023
634 18 tid 106023
139 tid 106023
Insert  tid 106023
FindTargetPageId rootid 15 tid 106023
target_page_id id: 17 tid 106023
0 1 tid 106023
191 16 tid 106023
365 14 tid 106023
492 17 tid 106023
634 18 tid 106023
139 tid 106023
Insert  tid 106023
FindTargetPageId rootid 15 tid 106023
target_page_id id: 17 tid 106023
0 1 tid 106023
191 16 tid 106023
365 14 tid 106023
492 17 tid 106023
634 18 tid 106023
139 tid 106023
Insert  tid 106023
FindTargetPageId rootid 15 tid 106023
target_page_id id: 17 tid 106023
0 1 tid 106023
191 16 tid 106023
365 14 tid 106023
492 17 tid 106023
634 18 tid 106023
139 tid 106023
Insert  tid 106023
FindTargetPageId rootid 15 tid 106023
target_page_id id: 17 tid 106023
0 1 tid 106023
191 16 tid 106023
365 14 tid 106023
492 17 tid 106023
634 18 tid 106023
139 tid 106023
Insert  tid 106023
FindTargetPageId rootid 15 tid 106023
target_page_id id: 17 tid 106023
0 1 tid 106023
191 16 tid 106023
365 14 tid 106023
492 17 tid 106023
634 18 tid 106023
139 tid 106023
Insert  tid 106023
FindTargetPageId rootid 15 tid 106023
target_page_id id: 17 tid 106023
0 1 tid 106023
191 16 tid 106023
365 14 tid 106023
492 17 tid 106023
634 18 tid 106023
139 tid 106023
Insert  tid 106023
FindTargetPageId rootid 15 tid 106023
target_page_id id: 17 tid 106023
0 1 tid 106023
191 16 tid 106023
365 14 tid 106023
492 17 tid 106023
634 18 tid 106023
139 tid 106023
Insert  tid 106023
FindTargetPageId rootid 15 tid 106023
target_page_id id: 17 tid 106023
0 1 tid 106023
191 16 tid 106023
365 14 tid 106023
492 17 tid 106023
634 18 tid 106023
139 tid 106023
Insert  tid 106023
FindTargetPageId rootid 15 tid 106025
target_page_id id: 18 tid 106025
0 1 tid 106025
191 16 tid 106025
365 14 tid 106025
492 17 tid 106025
634 18 tid 106025
149 tid 106025
Insert  tid 106025
FindTargetPageId rootid 15 tid 106024
target_page_id id: 17 tid 106024
0 1 tid 106024
191 16 tid 106024
365 14 tid 106024
492 17 tid 106024
634 18 tid 106024
139 tid 106024
Remove  tid 106024
FindTargetPageId rootid 15 tid 106024
target_page_id id: 17 tid 106024
0 1 tid 106024
191 16 tid 106024
365 14 tid 106024
492 17 tid 106024
634 18 tid 106024
138 tid 106024
Remove  tid 106024
FindTargetPageId rootid 15 tid 106025
target_page_id id: 18 tid 106025
0 1 tid 106025
191 16 tid 106025
365 14 tid 106025
492 17 tid 106025
634 18 tid 106025
150 tid 106025
Insert  tid 106025
FindTargetPageId rootid 15 tid 106025
target_page_id id: 18 tid 106025
0 1 tid 106025
191 16 tid 106025
365 14 tid 106025
492 17 tid 106025
634 18 tid 106025
151 tid 106025
Insert  tid 106025
FindTargetPageId rootid 15 tid 106024
target_page_id id: 17 tid 106024
0 1 tid 106024
191 16 tid 106024
365 14 tid 106024
492 17 tid 106024
634 18 tid 106024
137 tid 106024
Remove  tid 106024
FindTargetPageId rootid 15 tid 106023
target_page_id id: 17 tid 106023
0 1 tid 106023
191 16 tid 106023
365 14 tid 106023
492 17 tid 106023
634 18 tid 106023
136 tid 106023
Insert  tid 106023
FindTargetPageId rootid 15 tid 106025
target_page_id id: 18 tid 106025
0 1 tid 106025
191 16 tid 106025
365 14 tid 106025
492 17 tid 106025
634 18 tid 106025
152 tid 106025
Insert  tid 106025
FindTargetPageId rootid 15 tid 106024
target_page_id id: 17 tid 106024
0 1 tid 106024
191 16 tid 106024
365 14 tid 106024
492 17 tid 106024
634 18 tid 106024
136 tid 106024
Remove  tid 106024
FindTargetPageId rootid 15 tid 106024
target_page_id id: 17 tid 106024
0 1 tid 106024
191 16 tid 106024
365 14 tid 106024
492 17 tid 106024
634 18 tid 106024
135 tid 106024
Remove  tid 106024
FindTargetPageId rootid 15 tid 106024
target_page_id id: 17 tid 106024
0 1 tid 106024
191 16 tid 106024
365 14 tid 106024
492 17 tid 106024
634 18 tid 106024
134 tid 106024
Remove  tid 106024
FindTargetPageId rootid 15 tid 106024
target_page_id id: 17 tid 106024
0 1 tid 106024
191 16 tid 106024
365 14 tid 106024
492 17 tid 106024
634 18 tid 106024
133 tid 106024
Remove  tid 106024
FindTargetPageId rootid 15 tid 106024
target_page_id id: 17 tid 106024
0 1 tid 106024
191 16 tid 106024
365 14 tid 106024
492 17 tid 106024
634 18 tid 106024
132 tid 106024
Remove  tid 106024
FindTargetPageId rootid 15 tid 106024
target_page_id id: 17 tid 106024
0 1 tid 106024
191 16 tid 106024
365 14 tid 106024
492 17 tid 106024
634 18 tid 106024
131 tid 106024
Remove  tid 106024
FindTargetPageId rootid 15 tid 106024
target_page_id id: 17 tid 106024
0 1 tid 106024
191 16 tid 106024
365 14 tid 106024
492 17 tid 106024
634 18 tid 106024
130 tid 106024
Remove  tid 106024
FindTargetPageId rootid 15 tid 106024
target_page_id id: 17 tid 106024
0 1 tid 106024
191 16 tid 106024
365 14 tid 106024
492 17 tid 106024
634 18 tid 106024
129 tid 106024
Remove  tid 106024
FindTargetPageId rootid 15 tid 106024
target_page_id id: 17 tid 106024
0 1 tid 106024
191 16 tid 106024
365 14 tid 106024
492 17 tid 106024
634 18 tid 106024
128 tid 106024
Remove  tid 106024
FindTargetPageId rootid 15 tid 106024
target_page_id id: 17 tid 106024
0 1 tid 106024
191 16 tid 106024
365 14 tid 106024
492 17 tid 106024
634 18 tid 106024
127 tid 106024
Remove  tid 106024
FindTargetPageId rootid 15 tid 106024
target_page_id id: 14 tid 106024
0 1 tid 106024
191 16 tid 106024
365 14 tid 106024
634 18 tid 106024
253 tid 106024
Remove  tid 106024
FindTargetPageId rootid 15 tid 106024
target_page_id id: 14 tid 106024
0 1 tid 106024
191 16 tid 106024
365 14 tid 106024
634 18 tid 106024
252 tid 106024
Remove  tid 106024
FindTargetPageId rootid 15 tid 106024
target_page_id id: 14 tid 106024
0 1 tid 106024
191 16 tid 106024
365 14 tid 106024
634 18 tid 106024
251 tid 106024
Remove  tid 106024
FindTargetPageId rootid 15 tid 106024
target_page_id id: 14 tid 106024
0 1 tid 106024
191 16 tid 106024
365 14 tid 106024
634 18 tid 106024
250 tid 106024
Remove  tid 106024
FindTargetPageId rootid 15 tid 106024
target_page_id id: 14 tid 106024
0 1 tid 106024
191 16 tid 106024
365 14 tid 106024
634 18 tid 106024
249 tid 106024
Remove  tid 106024
FindTargetPageId rootid 15 tid 106024
target_page_id id: 18 tid 106024
0 1 tid 106024
191 16 tid 106024
365 14 tid 106024
634 18 tid 106024
153 tid 106024
Remove  tid 106024
FindTargetPageId rootid 15 tid 106025
target_page_id id: 18 tid 106025
0 1 tid 106025
191 16 tid 106025
365 14 tid 106025
634 18 tid 106025
152 tid 106025
Insert  tid 106025
FindTargetPageId rootid 15 tid 106025
target_page_id id: 18 tid 106025
0 1 tid 106025
191 16 tid 106025
365 14 tid 106025
634 18 tid 106025
153 tid 106025
Insert  tid 106025
FindTargetPageId rootid 15 tid 106025
target_page_id id: 18 tid 106025
0 1 tid 106025
191 16 tid 106025
365 14 tid 106025
634 18 tid 106025
154 tid 106025
Insert  tid 106025
FindTargetPageId rootid 15 tid 106024
target_page_id id: 18 tid 106024
0 1 tid 106024
191 16 tid 106024
365 14 tid 106024
634 18 tid 106024
155 tid 106024
Remove  tid 106024
FindTargetPageId rootid 15 tid 106023
target_page_id id: 14 tid 106023
0 1 tid 106023
191 16 tid 106023
365 14 tid 106023
634 18 tid 106023
248 tid 106023
Insert  tid 106023
FindTargetPageId rootid 15 tid 106025
target_page_id id: 18 tid 106025
0 1 tid 106025
191 16 tid 106025
365 14 tid 106025
634 18 tid 106025
154 tid 106025
Insert  tid 106025
FindTargetPageId rootid 15 tid 106025
target_page_id id: 18 tid 106025
0 1 tid 106025
191 16 tid 106025
365 14 tid 106025
634 18 tid 106025
155 tid 106025
Insert  tid 106025
FindTargetPageId rootid 15 tid 106025
target_page_id id: 18 tid 106025
0 1 tid 106025
191 16 tid 106025
365 14 tid 106025
634 18 tid 106025
156 tid 106025
Insert  tid 106025
FindTargetPageId rootid 15 tid 106024
target_page_id id: 18 tid 106024
0 1 tid 106024
191 16 tid 106024
365 14 tid 106024
634 18 tid 106024
157 tid 106024
Remove  tid 106024
FindTargetPageId rootid 15 tid 106023
target_page_id id: 14 tid 106023
0 1 tid 106023
191 16 tid 106023
365 14 tid 106023
634 18 tid 106023
249 tid 106023
Insert  tid 106023
FindTargetPageId rootid 15 tid 106023
target_page_id id: 14 tid 106023
0 1 tid 106023
191 16 tid 106023
365 14 tid 106023
634 18 tid 106023
250 tid 106023
Insert  tid 106023
FindTargetPageId rootid 15 tid 106023
target_page_id id: 14 tid 106023
0 1 tid 106023
191 16 tid 106023
365 14 tid 106023
634 18 tid 106023
251 tid 106023
Insert  tid 106023
FindTargetPageId rootid 15 tid 106025
target_page_id id: 18 tid 106025
0 1 tid 106025
191 16 tid 106025
365 14 tid 106025
634 18 tid 106025
156 tid 106025
Insert  tid 106025
FindTargetPageId rootid 15 tid 106024
target_page_id id: 18 tid 106024
0 1 tid 106024
191 16 tid 106024
365 14 tid 106024
634 18 tid 106024
157 tid 106024
Remove  tid 106024
FindTargetPageId rootid 15 tid 106023
target_page_id id: 14 tid 106023
0 1 tid 106023
191 16 tid 106023
365 14 tid 106023
634 18 tid 106023
252 tid 106023
Insert  tid 106023
FindTargetPageId rootid 15 tid 106023
target_page_id id: 14 tid 106023
0 1 tid 106023
191 16 tid 106023
365 14 tid 106023
634 18 tid 106023
253 tid 106023
Insert  tid 106023
FindTargetPageId rootid 15 tid 106023
target_page_id id: 14 tid 106023
0 1 tid 106023
191 16 tid 106023
365 14 tid 106023
634 18 tid 106023
254 tid 106023
Insert  tid 106023
FindTargetPageId rootid 15 tid 106023
target_page_id id: 19 tid 106023
0 1 tid 106023
191 16 tid 106023
365 14 tid 106023
492 19 tid 106023
634 18 tid 106023
128 tid 106023
Insert  tid 106023
FindTargetPageId rootid 15 tid 106023
target_page_id id: 18 tid 106023
0 1 tid 106023
191 16 tid 106023
365 14 tid 106023
492 19 tid 106023
634 18 tid 106023
156 tid 106023
Insert  tid 106023
FindTargetPageId rootid 15 tid 106023
target_page_id id: 18 tid 106023
0 1 tid 106023
191 16 tid 106023
365 14 tid 106023
492 19 tid 106023
634 18 tid 106023
157 tid 106023
Insert  tid 106023
FindTargetPageId rootid 15 tid 106025
target_page_id id: 18 tid 106025
0 1 tid 106025
191 16 tid 106025
365 14 tid 106025
492 19 tid 106025
634 18 tid 106025
158 tid 106025
Insert  tid 106025
FindTargetPageId rootid 15 tid 106024
target_page_id id: 18 tid 106024
0 1 tid 106024
191 16 tid 106024
365 14 tid 106024
492 19 tid 106024
634 18 tid 106024
159 tid 106024
Remove  tid 106024
FindTargetPageId rootid 15 tid 106023
target_page_id id: 18 tid 106023
0 1 tid 106023
191 16 tid 106023
365 14 tid 106023
492 19 tid 106023
634 18 tid 106023
158 tid 106023
Insert  tid 106023
FindTargetPageId rootid 15 tid 106023
target_page_id id: 18 tid 106023
0 1 tid 106023
191 16 tid 106023
365 14 tid 106023
492 19 tid 106023
634 18 tid 106023
159 tid 106023
Insert  tid 106023
FindTargetPageId rootid 15 tid 106023
target_page_id id: 18 tid 106023
0 1 tid 106023
191 16 tid 106023
365 14 tid 106023
492 19 tid 106023
634 18 tid 106023
160 tid 106023
Insert  tid 106023
FindTargetPageId rootid 15 tid 106023
target_page_id id: 18 tid 106023
0 1 tid 106023
191 16 tid 106023
365 14 tid 106023
492 19 tid 106023
634 18 tid 106023
161 tid 106023
Insert  tid 106023
FindTargetPageId rootid 15 tid 106023
target_page_id id: 18 tid 106023
0 1 tid 106023
191 16 tid 106023
365 14 tid 106023
492 19 tid 106023
634 18 tid 106023
161 tid 106023
Insert  tid 106023
FindTargetPageId rootid 15 tid 106023
target_page_id id: 18 tid 106023
0 1 tid 106023
191 16 tid 106023
365 14 tid 106023
492 19 tid 106023
634 18 tid 106023
161 tid 106023
Insert  tid 106023
FindTargetPageId rootid 15 tid 106023
target_page_id id: 18 tid 106023
0 1 tid 106023
191 16 tid 106023
365 14 tid 106023
492 19 tid 106023
634 18 tid 106023
161 tid 106023
Insert  tid 106023
FindTargetPageId rootid 15 tid 106023
target_page_id id: 18 tid 106023
0 1 tid 106023
191 16 tid 106023
365 14 tid 106023
492 19 tid 106023
634 18 tid 106023
161 tid 106023
Insert  tid 106023
FindTargetPageId rootid 15 tid 106024
target_page_id id: 18 tid 106024
0 1 tid 106024
191 16 tid 106024
365 14 tid 106024
492 19 tid 106024
634 18 tid 106024
161 tid 106024
Remove  tid 106024
FindTargetPageId rootid 15 tid 106025
target_page_id id: 18 tid 106025
0 1 tid 106025
191 16 tid 106025
365 14 tid 106025
492 19 tid 106025
634 18 tid 106025
160 tid 106025
Insert  tid 106025
FindTargetPageId rootid 15 tid 106023
target_page_id id: 18 tid 106023
0 1 tid 106023
191 16 tid 106023
365 14 tid 106023
492 19 tid 106023
634 18 tid 106023
161 tid 106023
Insert  tid 106023
FindTargetPageId rootid 15 tid 106023
target_page_id id: 18 tid 106023
0 1 tid 106023
191 16 tid 106023
365 14 tid 106023
492 19 tid 106023
634 18 tid 106023
161 tid 106023
Insert  tid 106023
FindTargetPageId rootid 15 tid 106023
target_page_id id: 18 tid 106023
0 1 tid 106023
191 16 tid 106023
365 14 tid 106023
492 19 tid 106023
634 18 tid 106023
161 tid 106023
Insert  tid 106023
FindTargetPageId rootid 15 tid 106023
target_page_id id: 18 tid 106023
0 1 tid 106023
191 16 tid 106023
365 14 tid 106023
492 19 tid 106023
634 18 tid 106023
161 tid 106023
Insert  tid 106023
FindTargetPageId rootid 15 tid 106023
target_page_id id: 18 tid 106023
0 1 tid 106023
191 16 tid 106023
365 14 tid 106023
492 19 tid 106023
634 18 tid 106023
161 tid 106023
Insert  tid 106023
FindTargetPageId rootid 15 tid 106023
target_page_id id: 18 tid 106023
0 1 tid 106023
191 16 tid 106023
365 14 tid 106023
492 19 tid 106023
634 18 tid 106023
161 tid 106023
Insert  tid 106023
FindTargetPageId rootid 15 tid 106023
target_page_id id: 18 tid 106023
0 1 tid 106023
191 16 tid 106023
365 14 tid 106023
492 19 tid 106023
634 18 tid 106023
161 tid 106023
Insert  tid 106023
FindTargetPageId rootid 15 tid 106023
target_page_id id: 18 tid 106023
0 1 tid 106023
191 16 tid 106023
365 14 tid 106023
492 19 tid 106023
634 18 tid 106023
161 tid 106023
Insert  tid 106023
FindTargetPageId rootid 15 tid 106023
target_page_id id: 18 tid 106023
0 1 tid 106023
191 16 tid 106023
365 14 tid 106023
492 19 tid 106023
634 18 tid 106023
161 tid 106023
Insert  tid 106023
FindTargetPageId rootid 15 tid 106023
target_page_id id: 18 tid 106023
0 1 tid 106023
191 16 tid 106023
365 14 tid 106023
492 19 tid 106023
634 18 tid 106023
161 tid 106023
Insert  tid 106023
FindTargetPageId rootid 15 tid 106023
target_page_id id: 18 tid 106023
0 1 tid 106023
191 16 tid 106023
365 14 tid 106023
492 19 tid 106023
634 18 tid 106023
161 tid 106023
Insert  tid 106023
FindTargetPageId rootid 15 tid 106023
target_page_id id: 18 tid 106023
0 1 tid 106023
191 16 tid 106023
365 14 tid 106023
492 19 tid 106023
634 18 tid 106023
161 tid 106023
Insert  tid 106023
FindTargetPageId rootid 15 tid 106023
target_page_id id: 18 tid 106023
0 1 tid 106023
191 16 tid 106023
365 14 tid 106023
492 19 tid 106023
634 18 tid 106023
161 tid 106023
Insert  tid 106023
FindTargetPageId rootid 15 tid 106023
target_page_id id: 18 tid 106023
0 1 tid 106023
191 16 tid 106023
365 14 tid 106023
492 19 tid 106023
634 18 tid 106023
161 tid 106023
Insert  tid 106023
FindTargetPageId rootid 15 tid 106023
target_page_id id: 18 tid 106023
0 1 tid 106023
191 16 tid 106023
365 14 tid 106023
492 19 tid 106023
634 18 tid 106023
161 tid 106023
Insert  tid 106023
FindTargetPageId rootid 15 tid 106023
target_page_id id: 18 tid 106023
0 1 tid 106023
191 16 tid 106023
365 14 tid 106023
492 19 tid 106023
634 18 tid 106023
161 tid 106023
Insert  tid 106023
FindTargetPageId rootid 15 tid 106023
target_page_id id: 18 tid 106023
0 1 tid 106023
191 16 tid 106023
365 14 tid 106023
492 19 tid 106023
634 18 tid 106023
161 tid 106023
Insert  tid 106023
FindTargetPageId rootid 15 tid 106023
target_page_id id: 18 tid 106023
0 1 tid 106023
191 16 tid 106023
365 14 tid 106023
492 19 tid 106023
634 18 tid 106023
161 tid 106023
Insert  tid 106023
FindTargetPageId rootid 15 tid 106023
target_page_id id: 18 tid 106023
0 1 tid 106023
191 16 tid 106023
365 14 tid 106023
492 19 tid 106023
634 18 tid 106023
161 tid 106023
Insert  tid 106023
FindTargetPageId rootid 15 tid 106023
target_page_id id: 18 tid 106023
0 1 tid 106023
191 16 tid 106023
365 14 tid 106023
492 19 tid 106023
634 18 tid 106023
161 tid 106023
Insert  tid 106023
FindTargetPageId rootid 15 tid 106023
target_page_id id: 18 tid 106023
0 1 tid 106023
191 16 tid 106023
365 14 tid 106023
492 19 tid 106023
634 18 tid 106023
161 tid 106023
Insert  tid 106023
FindTargetPageId rootid 15 tid 106023
target_page_id id: 18 tid 106023
0 1 tid 106023
191 16 tid 106023
365 14 tid 106023
492 19 tid 106023
634 18 tid 106023
161 tid 106023
Insert  tid 106023
FindTargetPageId rootid 15 tid 106023
target_page_id id: 18 tid 106023
0 1 tid 106023
191 16 tid 106023
365 14 tid 106023
492 19 tid 106023
634 18 tid 106023
161 tid 106023
Insert  tid 106023
FindTargetPageId rootid 15 tid 106023
target_page_id id: 18 tid 106023
0 1 tid 106023
191 16 tid 106023
365 14 tid 106023
492 19 tid 106023
634 18 tid 106023
161 tid 106023
Insert  tid 106023
FindTargetPageId rootid 15 tid 106023
target_page_id id: 18 tid 106023
0 1 tid 106023
191 16 tid 106023
365 14 tid 106023
492 19 tid 106023
634 18 tid 106023
161 tid 106023
Insert  tid 106023
FindTargetPageId rootid 15 tid 106023
target_page_id id: 18 tid 106023
0 1 tid 106023
191 16 tid 106023
365 14 tid 106023
492 19 tid 106023
634 18 tid 106023
161 tid 106023
Insert  tid 106023
FindTargetPageId rootid 15 tid 106023
target_page_id id: 18 tid 106023
0 1 tid 106023
191 16 tid 106023
365 14 tid 106023
492 19 tid 106023
634 18 tid 106023
161 tid 106023
Insert  tid 106023
FindTargetPageId rootid 15 tid 106023
target_page_id id: 18 tid 106023
0 1 tid 106023
191 16 tid 106023
365 14 tid 106023
492 19 tid 106023
634 18 tid 106023
161 tid 106023
Insert  tid 106023
FindTargetPageId rootid 15 tid 106023
target_page_id id: 18 tid 106023
0 1 tid 106023
191 16 tid 106023
365 14 tid 106023
492 19 tid 106023
634 18 tid 106023
161 tid 106023
Insert  tid 106023
FindTargetPageId rootid 15 tid 106023
target_page_id id: 18 tid 106023
0 1 tid 106023
191 16 tid 106023
365 14 tid 106023
492 19 tid 106023
634 18 tid 106023
161 tid 106023
Insert  tid 106023
FindTargetPageId rootid 15 tid 106024
target_page_id id: 18 tid 106024
0 1 tid 106024
191 16 tid 106024
365 14 tid 106024
492 19 tid 106024
634 18 tid 106024
161 tid 106024
Remove  tid 106024
FindTargetPageId rootid 15 tid 106024
target_page_id id: 18 tid 106024
0 1 tid 106024
191 16 tid 106024
365 14 tid 106024
492 19 tid 106024
634 18 tid 106024
160 tid 106024
Remove  tid 106024
FindTargetPageId rootid 15 tid 106023
target_page_id id: 18 tid 106023
0 1 tid 106023
191 16 tid 106023
365 14 tid 106023
492 19 tid 106023
634 18 tid 106023
159 tid 106023
Insert  tid 106023
FindTargetPageId rootid 15 tid 106025
target_page_id id: 18 tid 106025
0 1 tid 106025
191 16 tid 106025
365 14 tid 106025
492 19 tid 106025
634 18 tid 106025
159 tid 106025
Insert  tid 106025
FindTargetPageId rootid 15 tid 106024
target_page_id id: 18 tid 106024
0 1 tid 106024
191 16 tid 106024
365 14 tid 106024
492 19 tid 106024
634 18 tid 106024
160 tid 106024
FindTargetPageId rootid 15 tid 106023
target_page_id id: 18 tid 106023
0 1 tid 106023
191 16 tid 106023
365 14 tid 106023
492 19 tid 106023
634 18 tid 106023
159 tid 106023
Remove  tid 106024
FindTargetPageId rootid 15 tid 106024
target_page_id id: 18 tid 106024
0 1 tid 106024
191 16 tid 106024
365 14 tid Insert  tid 106023
106024
492 19 tid 106024
634 18 tid 106024
159 tid 106024
Remove  tid 106024
FindTargetPageId rootid 15 tid 106025
target_page_id id: 18 tid 106025
0 1 tid 106025
191 16 tid 106025
365 14 tid 106025
492 19 tid 106025
634 18 tid 106025
158 tid 106025
Insert  tid 106025
FindTargetPageId rootid 15 tid 106023
target_page_id id: 18 tid 106023
0 1 tid 106023
191 16 tid 106023
365 14 tid 106023
492 19 tid 106023
634 18 tid 106023
159 tid 106023
Insert  tid 106023
FindTargetPageId rootid 15 tid 106023
target_page_id id: 18 tid 106023
0 1 tid 106023
191 16 tid 106023
365 14 tid 106023
492 19 tid 106023
634 18 tid 106023
159 tid 106023
Insert  tid 106023
FindTargetPageId rootid 15 tid 106025
target_page_id id: 18 tid 106025
0 1 tid 106025
191 16 tid 106025
365 14 tid 106025
492 19 tid 106025
634 18 tid 106025
159 tid 106025
Insert  tid 106025
FindTargetPageId rootid 15 tid 106024
target_page_id id: 18 tid 106024
0 1 tid 106024
191 16 tid 106024
365 14 tid 106024
492 19 tid 106024
634 18 tid 106024
160 tid 106024
Remove  tid 106024
FindTargetPageId rootid 15 tid 106024
target_page_id id: 18 tid 106024
0 1 tid 106024
191 16 tid 106024
365 14 tid 106024
492 19 tid 106024
634 18 tid 106024
159 tid 106024
Remove  tid 106024
FindTargetPageId rootid 15 tid 106025
target_page_id id: 18 tid 106025
0 1 tid 106025
191 16 tid 106025
365 14 tid 106025
492 19 tid 106025
634 18 tid 106025
158 tid 106025
Insert  tid 106025
FindTargetPageId rootid 15 tid 106023
target_page_id id: 18 tid 106023
0 1 tid 106023
191 16 tid 106023
365 14 tid 106023
492 19 tid 106023
634 18 tid 106023
159 tid 106023
Insert  tid 106023
FindTargetPageId rootid 15 tid 106023
target_page_id id: 18 tid 106023
0 1 tid 106023
191 16 tid 106023
365 14 tid 106023
492 19 tid 106023
634 18 tid 106023
159 tid 106023
Insert  tid 106023
FindTargetPageId rootid 15 tid 106023
target_page_id id: 18 tid 106023
0 1 tid 106023
191 16 tid 106023
365 14 tid 106023
492 19 tid 106023
634 18 tid 106023
159 tid 106023
Insert  tid 106023
FindTargetPageId rootid 15 tid 106024
target_page_id id: 18 tid 106024
0 1 tid 106024
191 16 tid 106024
365 14 tid 106024
492 19 tid 106024
634 18 tid 106024
159 tid 106024
Remove  tid 106024
FindTargetPageId rootid 15 tid 106024
target_page_id id: 18 tid 106024
0 1 tid 106024
191 16 tid 106024
365 14 tid 106024
492 19 tid 106024
634 18 tid 106024
158 tid 106024
Remove  tid 106024
FindTargetPageId rootid 15 tid 106024
target_page_id id: 18 tid 106024
0 1 tid 106024
191 16 tid 106024
365 14 tid 106024
492 19 tid 106024
634 18 tid 106024
157 tid 106024
Remove  tid 106024
FindTargetPageId rootid 15 tid 106024
target_page_id id: 18 tid 106024
0 1 tid 106024
191 16 tid 106024
365 14 tid 106024
492 19 tid 106024
634 18 tid 106024
156 tid 106024
Remove  tid 106024
FindTargetPageId rootid 15 tid 106023
target_page_id id: 18 tid 106023
0 1 tid 106023
191 16 tid 106023
365 14 tid 106023
492 19 tid 106023
634 18 tid 106023
155 tid 106023
Insert  tid 106023
FindTargetPageId rootid 15 tid 106023
target_page_id id: 18 tid 106023
0 1 tid 106023
191 16 tid 106023
365 14 tid 106023
492 19 tid 106023
634 18 tid 106023
155 tid 106023
Insert  tid 106023
FindTargetPageId rootid 15 tid 106024
target_page_id id: 18 tid 106024
0 1 tid 106024
191 16 tid 106024
365 14 tid 106024
492 19 tid 106024
634 18 tid 106024
155 tid 106024
Remove  tid 106024
FindTargetPageId rootid 15 tid 106025
target_page_id id: 18 tid 106025
0 1 tid 106025
191 16 tid 106025
365 14 tid 106025
492 19 tid 106025
634 18 tid 106025
154 tid 106025
Insert  tid 106025
FindTargetPageId rootid 15 tid 106025
target_page_id id: 18 tid 106025
0 1 tid 106025
191 16 tid 106025
365 14 tid 106025
492 19 tid 106025
634 18 tid 106025
155 tid 106025
Insert  tid 106025
FindTargetPageId rootid 15 tid 106025
target_page_id id: 18 tid 106025
0 1 tid 106025
191 16 tid 106025
365 14 tid 106025
492 19 tid 106025
634 18 tid 106025
156 tid 106025
Insert  tid 106025
FindTargetPageId rootid 15 tid 106023
target_page_id id: 18 tid 106023
0 1 tid 106023
191 16 tid 106023
365 14 tid 106023
492 19 tid 106023
634 18 tid 106023
157 tid 106023
Insert  tid 106023
FindTargetPageId rootid 15 tid 106024
target_page_id id: 18 tid 106024
0 1 tid 106024
191 16 tid 106024
365 14 tid 106024
492 19 tid 106024
634 18 tid 106024
157 tid 106024
Remove  tid 106024
FindTargetPageId rootid 15 tid 106024
target_page_id id: 18 tid 106024
0 1 tid 106024
191 16 tid 106024
365 14 tid 106024
492 19 tid 106024
634 18 tid 106024
156 tid 106024
Remove  tid 106024
FindTargetPageId rootid 15 tid 106025
target_page_id id: 18 tid 106025
0 1 tid 106025
191 16 tid 106025
365 14 tid 106025
492 19 tid 106025
634 18 tid 106025
155 tid 106025
Insert  tid 106025
FindTargetPageId rootid 15 tid 106025
target_page_id id: 18 tid 106025
0 1 tid 106025
191 16 tid 106025
365 14 tid 106025
492 19 tid 106025
634 18 tid 106025
156 tid 106025
Insert  tid 106025
FindTargetPageId rootid 15 tid 106025
target_page_id id: 18 tid 106025
0 1 tid 106025
191 16 tid 106025
365 14 tid 106025
492 19 tid 106025
634 18 tid 106025
157 tid 106025
Insert  tid 106025
FindTargetPageId rootid 15 tid 106025
target_page_id id: 18 tid 106025
0 1 tid 106025
191 16 tid 106025
365 14 tid 106025
492 19 tid 106025
634 18 tid 106025
158 tid 106025
Insert  tid 106025
FindTargetPageId rootid 15 tid 106023
target_page_id id: 18 tid 106023
0 1 tid 106023
191 16 tid 106023
365 14 tid 106023
492 19 tid 106023
634 18 tid 106023
159 tid 106023
Insert  tid 106023
FindTargetPageId rootid 15 tid 106023
target_page_id id: 18 tid 106023
0 1 tid 106023
191 16 tid 106023
365 14 tid 106023
492 19 tid 106023
634 18 tid 106023
159 tid 106023
Insert  tid 106023
FindTargetPageId rootid 15 tid 106023
target_page_id id: 18 tid 106023
0 1 tid 106023
191 16 tid 106023
365 14 tid 106023
492 19 tid 106023
634 18 tid 106023
159 tid 106023
Insert  tid 106023
FindTargetPageId rootid 15 tid 106023
target_page_id id: 18 tid 106023
0 1 tid 106023
191 16 tid 106023
365 14 tid 106023
492 19 tid 106023
634 18 tid 106023
159 tid 106023
Insert  tid 106023
FindTargetPageId rootid 15 tid 106023
target_page_id id: 18 tid 106023
0 1 tid 106023
191 16 tid 106023
365 14 tid 106023
492 19 tid 106023
634 18 tid 106023
159 tid 106023
Insert  tid 106023
FindTargetPageId rootid 15 tid 106023
target_page_id id: 18 tid 106023
0 1 tid 106023
191 16 tid 106023
365 14 tid 106023
492 19 tid 106023
634 18 tid 106023
159 tid 106023
Insert  tid 106023
FindTargetPageId rootid 15 tid 106024
target_page_id id: 18 tid 106024
0 1 tid 106024
191 16 tid 106024
365 14 tid 106024
492 19 tid 106024
634 18 tid 106024
159 tid 106024
Remove  tid 106024
FindTargetPageId rootid 15 tid 106024
target_page_id id: 18 tid 106024
0 1 tid 106024
191 16 tid 106024
365 14 tid 106024
492 19 tid 106024
634 18 tid 106024
158 tid 106024
Remove  tid 106024
FindTargetPageId rootid 15 tid 106024
target_page_id id: 18 tid 106024
0 1 tid 106024
191 16 tid 106024
365 14 tid 106024
492 19 tid 106024
634 18 tid 106024
157 tid 106024
Remove  tid 106024
FindTargetPageId rootid 15 tid 106024
target_page_id id: 18 tid 106024
0 1 tid 106024
191 16 tid 106024
365 14 tid 106024
492 19 tid 106024
634 18 tid 106024
156 tid 106024
Remove  tid 106024
FindTargetPageId rootid 15 tid 106024
target_page_id id: 18 tid 106024
0 1 tid 106024
191 16 tid 106024
365 14 tid 106024
492 19 tid 106024
634 18 tid 106024
155 tid 106024
Remove  tid 106024
FindTargetPageId rootid 15 tid 106025
target_page_id id: 18 tid 106025
0 1 tid 106025
191 16 tid 106025
365 14 tid 106025
492 19 tid 106025
634 18 tid 106025
154 tid 106025
Insert  tid 106025
FindTargetPageId rootid 15 tid 106023
target_page_id id: 18 tid 106023
0 1 tid 106023
191 16 tid 106023
365 14 tid 106023
492 19 tid 106023
634 18 tid 106023
155 tid 106023
Insert  tid 106023
FindTargetPageId rootid 15 tid 106023
target_page_id id: 18 tid 106023
0 1 tid 106023
191 16 tid 106023
365 14 tid 106023
492 19 tid 106023
634 18 tid 106023
155 tid 106023
Insert  tid 106023
FindTargetPageId rootid 15 tid 106023
target_page_id id: 18 tid 106023
0 1 tid 106023
191 16 tid 106023
365 14 tid 106023
492 19 tid 106023
634 18 tid 106023
155 tid 106023
Insert  tid 106023
FindTargetPageId rootid 15 tid 106023
target_page_id id: 18 tid 106023
0 1 tid 106023
191 16 tid 106023
365 14 tid 106023
492 19 tid 106023
634 18 tid 106023
155 tid 106023
Insert  tid 106023
FindTargetPageId rootid 15 tid 106024
target_page_id id: 18 tid 106024
0 1 tid 106024
191 16 tid 106024
365 14 tid 106024
492 19 tid 106024
634 18 tid 106024
155 tid 106024
Remove  tid 106024
FindTargetPageId rootid 15 tid 106024
target_page_id id: 18 tid 106024
0 1 tid 106024
191 16 tid 106024
365 14 tid 106024
492 19 tid 106024
634 18 tid 106024
154 tid 106024
Remove  tid 106024
FindTargetPageId rootid 15 tid 106023
target_page_id id: 18 tid 106023
0 1 tid 106023
191 16 tid 106023
365 14 tid 106023
492 19 tid 106023
634 18 tid 106023
153 tid 106023
Insert  tid 106023
FindTargetPageId rootid 15 tid 106023
target_page_id id: 18 tid 106023
0 1 tid 106023
191 16 tid 106023
365 14 tid 106023
492 19 tid 106023
634 18 tid 106023
153 tid 106023
Insert  tid 106023
FindTargetPageId rootid 15 tid 106025
target_page_id id: 18 tid 106025
0 1 tid 106025
191 16 tid 106025
365 14 tid 106025
492 19 tid 106025
634 18 tid 106025
153 tid 106025
Insert  tid 106025
FindTargetPageId rootid 15 tid 106025
target_page_id id: 18 tid 106025
0 1 tid 106025
191 16 tid 106025
365 14 tid 106025
492 19 tid 106025
634 18 tid 106025
154 tid 106025
Insert  tid 106025
FindTargetPageId rootid 15 tid 106025
target_page_id id: 18 tid 106025
0 1 tid 106025
191 16 tid 106025
365 14 tid 106025
492 19 tid 106025
634 18 tid 106025
155 tid 106025
Insert  tid 106025
FindTargetPageId rootid 15 tid 106025
target_page_id id: 18 tid 106025
0 1 tid 106025
191 16 tid 106025
365 14 tid 106025
492 19 tid 106025
634 18 tid 106025
156 tid 106025
Insert  tid 106025
FindTargetPageId rootid 15 tid 106025
target_page_id id: 18 tid 106025
0 1 tid 106025
191 16 tid 106025
365 14 tid 106025
492 19 tid 106025
634 18 tid 106025
157 tid 106025
Insert  tid 106025
FindTargetPageId rootid 15 tid 106025
target_page_id id: 18 tid 106025
0 1 tid 106025
191 16 tid 106025
365 14 tid 106025
492 19 tid 106025
634 18 tid 106025
158 tid 106025
Insert  tid 106025
FindTargetPageId rootid 15 tid 106025
target_page_id id: 18 tid 106025
0 1 tid 106025
191 16 tid 106025
365 14 tid 106025
492 19 tid 106025
634 18 tid 106025
159 tid 106025
Insert  tid 106025
FindTargetPageId rootid 15 tid 106024
target_page_id id: 18 tid 106024
0 1 tid 106024
191 16 tid 106024
365 14 tid 106024
492 19 tid 106024
634 18 tid 106024
160 tid 106024
Remove  tid 106024
FindTargetPageId rootid 15 tid 106024
target_page_id id: 18 tid 106024
0 1 tid 106024
191 16 tid 106024
365 14 tid 106024
492 19 tid 106024
634 18 tid 106024
159 tid 106024
Remove  tid 106024
FindTargetPageId rootid 15 tid 106025
target_page_id id: 18 tid 106025
0 1 tid 106025
191 16 tid 106025
365 14 tid 106025
492 19 tid 106025
634 18 tid 106025
158 tid 106025
FindTargetPageId rootid 15 tid 106023
target_page_id id: 18 tid 106023
0 1 tid 106023
191 16 tid 106023
365 14 tid 106023
492 19 tid 106023
634 18 tid 106023
159 tid 106023
Insert  tid 106023
FindTargetPageId rootid 15 tid 106024
target_page_id id: 18 tid 106024
0 1 tid 106024
191 16 tid 106024
365 14 tid 106024
492 19 tid 106024
Insert  tid 106025
634 18 tid 106024
159 tid 106024
Remove  tid 106024
FindTargetPageId rootid 15 tid 106023
target_page_id id: 18 tid 106023
0 1 tid 106023
191 16 tid 106023
365 14 tid 106023
492 19 tid 106023
634 18 tid 106023
158 tid 106023
Insert  tid 106023
FindTargetPageId rootid 15 tid 106025
target_page_id id: 18 tid 106025
0 1 tid 106025
191 16 tid 106025
365 14 tid 106025
492 19 tid 106025
634 18 tid 106025
158 tid 106025
Insert  tid 106025
FindTargetPageId rootid 15 tid 106024
target_page_id id: 18 tid 106024
0 1 tid 106024
191 16 tid 106024
365 14 tid 106024
492 19 tid 106024
634 18 tid 106024
159 tid 106024
Remove  tid 106024
FindTargetPageId rootid 15 tid 106023
target_page_id id: 18 tid 106023
0 1 tid 106023
191 16 tid 106023
365 14 tid 106023
492 19 tid 106023
634 18 tid 106023
158 tid 106023
Insert  tid 106023
FindTargetPageId rootid 15 tid 106025
target_page_id id: 18 tid 106025
0 1 tid 106025
191 16 tid 106025
365 14 tid 106025
492 19 tid 106025
634 18 tid 106025
158 tid 106025
Insert  tid 106025
FindTargetPageId rootid 15 tid 106024
target_page_id id: 18 tid 106024
0 1 tid 106024
191 16 tid 106024
365 14 tid 106024
492 19 tid 106024
634 18 tid 106024
159 tid 106024
Remove  tid 106024
FindTargetPageId rootid 15 tid 106024
target_page_id id: 18 tid 106024
0 1 tid 106024
191 16 tid 106024
365 14 tid 106024
492 19 tid 106024
634 18 tid 106024
158 tid 106024
Remove  tid 106024
FindTargetPageId rootid 15 tid 106025
target_page_id id: 18 tid 106025
0 1 tid 106025
191 16 tid 106025
365 14 tid 106025
492 19 tid 106025
634 18 tid 106025
157 tid 106025
Insert  tid 106025
FindTargetPageId rootid 15 tid 106023
target_page_id id: 18 tid 106023
0 1 tid 106023
191 16 tid 106023
365 14 tid 106023
492 19 tid 106023
634 18 tid 106023
158 tid 106023
Insert  tid 106023
FindTargetPageId rootid 15 tid 106024
target_page_id id: 18 tid 106024
0 1 tid 106024
191 16 tid 106024
365 14 tid 106024
492 19 tid 106024
634 18 tid 106024
158 tid 106024
Remove  tid 106024
FindTargetPageId rootid 15 tid 106025
target_page_id id: 18 tid 106025
0 1 tid 106025
191 16 tid 106025
365 14 tid 106025
492 19 tid 106025
634 18 tid 106025
157 tid 106025
Insert  tid 106025
FindTargetPageId rootid 15 tid 106023
target_page_id id: 18 tid 106023
0 1 tid 106023
191 16 tid 106023
365 14 tid 106023
492 19 tid 106023
634 18 tid 106023
158 tid 106023
Insert  tid 106023
FindTargetPageId rootid 15 tid 106023
target_page_id id: 18 tid 106023
0 1 tid 106023
191 16 tid 106023
365 14 tid 106023
492 19 tid 106023
634 18 tid 106023
158 tid 106023
Insert  tid 106023
FindTargetPageId rootid 15 tid 106023
target_page_id id: 18 tid 106023
0 1 tid 106023
191 16 tid 106023
365 14 tid 106023
492 19 tid 106023
634 18 tid 106023
158 tid 106023
Insert  tid 106023
FindTargetPageId rootid 15 tid 106024
target_page_id id: 18 tid 106024
0 1 tid 106024
191 16 tid 106024
365 14 tid 106024
492 19 tid 106024
634 18 tid 106024
158 tid 106024
Remove  tid 106024
FindTargetPageId rootid 15 tid 106025
target_page_id id: 18 tid 106025
0 1 tid 106025
191 16 tid 106025
365 14 tid 106025
492 19 tid 106025
634 18 tid 106025
157 tid 106025
Insert  tid 106025
FindTargetPageId rootid 15 tid 106023
target_page_id id: 18 tid 106023
0 1 tid 106023
191 16 tid 106023
365 14 tid 106023
492 19 tid 106023
634 18 tid 106023
158 tid 106023
Insert  tid 106023
FindTargetPageId rootid 15 tid 106023
target_page_id id: 18 tid 106023
0 1 tid 106023
191 16 tid 106023
365 14 tid 106023
492 19 tid 106023
634 18 tid 106023
158 tid 106023
Insert  tid 106023
FindTargetPageId rootid 15 tid 106023
target_page_id id: 18 tid 106023
0 1 tid 106023
191 16 tid 106023
365 14 tid 106023
492 19 tid 106023
634 18 tid 106023
158 tid 106023
Insert  tid 106023
FindTargetPageId rootid 15 tid 106023
target_page_id id: 18 tid 106023
0 1 tid 106023
191 16 tid 106023
365 14 tid 106023
492 19 tid 106023
634 18 tid 106023
158 tid 106023
Insert  tid 106023
FindTargetPageId rootid 15 tid 106023
target_page_id id: 18 tid 106023
0 1 tid 106023
191 16 tid 106023
365 14 tid 106023
492 19 tid 106023
634 18 tid 106023
158 tid 106023
Insert  tid 106023
FindTargetPageId rootid 15 tid 106023
target_page_id id: 18 tid 106023
0 1 tid 106023
191 16 tid 106023
365 14 tid 106023
492 19 tid 106023
634 18 tid 106023
158 tid 106023
Insert  tid 106023
FindTargetPageId rootid 15 tid 106023
target_page_id id: 18 tid 106023
0 1 tid 106023
191 16 tid 106023
365 14 tid 106023
492 19 tid 106023
634 18 tid 106023
158 tid 106023
Insert  tid 106023
FindTargetPageId rootid 15 tid 106023
target_page_id id: 18 tid 106023
0 1 tid 106023
191 16 tid 106023
365 14 tid 106023
492 19 tid 106023
634 18 tid 106023
158 tid 106023
Insert  tid 106023
FindTargetPageId rootid 15 tid 106023
target_page_id id: 18 tid 106023
0 1 tid 106023
191 16 tid 106023
365 14 tid 106023
492 19 tid 106023
634 18 tid 106023
158 tid 106023
Insert  tid 106023
FindTargetPageId rootid 15 tid 106023
target_page_id id: 18 tid 106023
0 1 tid 106023
191 16 tid 106023
365 14 tid 106023
492 19 tid 106023
634 18 tid 106023
158 tid 106023
Insert  tid 106023
FindTargetPageId rootid 15 tid 106024
target_page_id id: 18 tid 106024
0 1 tid 106024
191 16 tid 106024
365 14 tid 106024
492 19 tid 106024
634 18 tid 106024
158 tid 106024
Remove  tid 106024
FindTargetPageId rootid 15 tid 106025
target_page_id id: 18 tid 106025
0 1 tid 106025
191 16 tid 106025
365 14 tid 106025
492 19 tid 106025
634 18 tid 106025
157 tid 106025
Insert  tid 106025
FindTargetPageId rootid 15 tid 106025
target_page_id id: 18 tid 106025
0 1 tid 106025
191 16 tid 106025
365 14 tid 106025
492 19 tid 106025
634 18 tid 106025
158 tid 106025
Insert  tid 106025
FindTargetPageId rootid 15 tid 106025
target_page_id id: 18 tid 106025
0 1 tid 106025
191 16 tid 106025
365 14 tid 106025
492 19 tid 106025
634 18 tid 106025
159 tid 106025
Insert  tid 106025
FindTargetPageId rootid 15 tid 106025
target_page_id id: 18 tid 106025
0 1 tid 106025
191 16 tid 106025
365 14 tid 106025
492 19 tid 106025
634 18 tid 106025
160 tid 106025
Insert  tid 106025
FindTargetPageId rootid 15 tid 106025
target_page_id id: 18 tid 106025
0 1 tid 106025
191 16 tid 106025
365 14 tid 106025
492 19 tid 106025
634 18 tid 106025
161 tid 106025
Insert  tid 106025
FindTargetPageId rootid 15 tid 106025
target_page_id id: 18 tid 106025
0 1 tid 106025
191 16 tid 106025
365 14 tid 106025
492 19 tid 106025
634 18 tid 106025
162 tid 106025
Insert  tid 106025
FindTargetPageId rootid 15 tid 106023
target_page_id id: 18 tid 106023
0 1 tid 106023
191 16 tid 106023
365 14 tid 106023
492 19 tid 106023
634 18 tid 106023
163 tid 106023
Insert  tid 106023
FindTargetPageId rootid 15 tid 106024
target_page_id id: 18 tid 106024
0 1 tid 106024
191 16 tid 106024
365 14 tid 106024
492 19 tid 106024
634 18 tid 106024
163 tid 106024
Remove  tid 106024
FindTargetPageId rootid 15 tid 106024
target_page_id id: 18 tid 106024
0 1 tid 106024
191 16 tid 106024
365 14 tid 106024
492 19 tid 106024
634 18 tid 106024
162 tid 106024
Remove  tid 106024
FindTargetPageId rootid 15 tid 106024
target_page_id id: 18 tid 106024
0 1 tid 106024
191 16 tid 106024
365 14 tid 106024
492 19 tid 106024
634 18 tid 106024
161 tid 106024
Remove  tid 106024
FindTargetPageId rootid 15 tid 106024
target_page_id id: 18 tid 106024
0 1 tid 106024
191 16 tid 106024
365 14 tid 106024
492 19 tid 106024
634 18 tid 106024
160 tid 106024
Remove  tid 106024
FindTargetPageId rootid 15 tid 106024
target_page_id id: 18 tid 106024
0 1 tid 106024
191 16 tid 106024
365 14 tid 106024
492 19 tid 106024
634 18 tid 106024
159 tid 106024
Remove  tid 106024
FindTargetPageId rootid 15 tid 106024
target_page_id id: 18 tid 106024
0 1 tid 106024
191 16 tid 106024
365 14 tid 106024
492 19 tid 106024
634 18 tid 106024
158 tid 106024
Remove  tid 106024
FindTargetPageId rootid 15 tid 106024
target_page_id id: 18 tid 106024
0 1 tid 106024
191 16 tid 106024
365 14 tid 106024
492 19 tid 106024
634 18 tid 106024
157 tid 106024
Remove  tid 106024
FindTargetPageId rootid 15 tid 106024
target_page_id id: 18 tid 106024
0 1 tid 106024
191 16 tid 106024
365 14 tid 106024
492 19 tid 106024
634 18 tid 106024
156 tid 106024
Remove  tid 106024
FindTargetPageId rootid 15 tid 106024
target_page_id id: 18 tid 106024
0 1 tid 106024
191 16 tid 106024
365 14 tid 106024
492 19 tid 106024
634 18 tid 106024
155 tid 106024
Remove  tid 106024
FindTargetPageId rootid 15 tid 106024
target_page_id id: 18 tid 106024
0 1 tid 106024
191 16 tid 106024
365 14 tid 106024
492 19 tid 106024
634 18 tid 106024
154 tid 106024
Remove  tid 106024
FindTargetPageId rootid 15 tid 106024
target_page_id id: 18 tid 106024
0 1 tid 106024
191 16 tid 106024
365 14 tid 106024
492 19 tid 106024
634 18 tid 106024
153 tid 106024
Remove  tid 106024
FindTargetPageId rootid 15 tid 106024
target_page_id id: 18 tid 106024
0 1 tid 106024
191 16 tid 106024
365 14 tid 106024
492 19 tid 106024
634 18 tid 106024
152 tid 106024
Remove  tid 106024
FindTargetPageId rootid 15 tid 106024
target_page_id id: 18 tid 106024
0 1 tid 106024
191 16 tid 106024
365 14 tid 106024
492 19 tid 106024
634 18 tid 106024
151 tid 106024
Remove  tid 106024
FindTargetPageId rootid 15 tid 106024
target_page_id id: 18 tid 106024
0 1 tid 106024
191 16 tid 106024
365 14 tid 106024
492 19 tid 106024
634 18 tid 106024
150 tid 106024
Remove  tid 106024
FindTargetPageId rootid 15 tid 106024
target_page_id id: 18 tid 106024
0 1 tid 106024
191 16 tid 106024
365 14 tid 106024
492 19 tid 106024
634 18 tid 106024
149 tid 106024
Remove  tid 106024
FindTargetPageId rootid 15 tid 106024
target_page_id id: 18 tid 106024
0 1 tid 106024
191 16 tid 106024
365 14 tid 106024
492 19 tid 106024
634 18 tid 106024
148 tid 106024
Remove  tid 106024
FindTargetPageId rootid 15 tid 106024
target_page_id id: 18 tid 106024
0 1 tid 106024
191 16 tid 106024
365 14 tid 106024
492 19 tid 106024
634 18 tid 106024
147 tid 106024
Remove  tid 106024
FindTargetPageId rootid 15 tid 106024
target_page_id id: 18 tid 106024
0 1 tid 106024
191 16 tid 106024
365 14 tid 106024
492 19 tid 106024
634 18 tid 106024
146 tid 106024
Remove  tid 106024
FindTargetPageId rootid 15 tid 106024
target_page_id id: 18 tid 106024
0 1 tid 106024
191 16 tid 106024
365 14 tid 106024
492 19 tid 106024
634 18 tid 106024
145 tid 106024
Remove  tid 106024
FindTargetPageId rootid 15 tid 106024
target_page_id id: 18 tid 106024
0 1 tid 106024
191 16 tid 106024
365 14 tid 106024
492 19 tid 106024
634 18 tid 106024
144 tid 106024
Remove  tid 106024
FindTargetPageId rootid 15 tid 106024
target_page_id id: 18 tid 106024
0 1 tid 106024
191 16 tid 106024
365 14 tid 106024
492 19 tid 106024
634 18 tid 106024
143 tid 106024
Remove  tid 106024
FindTargetPageId rootid 15 tid 106024
target_page_id id: 18 tid 106024
0 1 tid 106024
191 16 tid 106024
365 14 tid 106024
492 19 tid 106024
634 18 tid 106024
142 tid 106024
Remove  tid 106024
FindTargetPageId rootid 15 tid 106024
target_page_id id: 18 tid 106024
0 1 tid 106024
191 16 tid 106024
365 14 tid 106024
492 19 tid 106024
634 18 tid 106024
141 tid 106024
Remove  tid 106024
FindTargetPageId rootid 15 tid 106024
target_page_id id: 18 tid 106024
0 1 tid 106024
191 16 tid 106024
365 14 tid 106024
492 19 tid 106024
634 18 tid 106024
140 tid 106024
Remove  tid 106024
FindTargetPageId rootid 15 tid 106024
target_page_id id: 18 tid 106024
0 1 tid 106024
191 16 tid 106024
365 14 tid 106024
492 19 tid 106024
634 18 tid 106024
139 tid 106024
Remove  tid 106024
FindTargetPageId rootid 15 tid 106024
target_page_id id: 18 tid 106024
0 1 tid 106024
191 16 tid 106024
365 14 tid 106024
492 19 tid 106024
634 18 tid 106024
138 tid 106024
Remove  tid 106024
FindTargetPageId rootid 15 tid 106024
target_page_id id: 18 tid 106024
0 1 tid 106024
191 16 tid 106024
365 14 tid 106024
492 19 tid 106024
634 18 tid 106024
137 tid 106024
Remove  tid 106024
FindTargetPageId rootid 15 tid 106024
target_page_id id: 18 tid 106024
0 1 tid 106024
191 16 tid 106024
365 14 tid 106024
492 19 tid 106024
634 18 tid 106024
136 tid 106024
Remove  tid 106024
FindTargetPageId rootid 15 tid 106024
target_page_id id: 18 tid 106024
0 1 tid 106024
191 16 tid 106024
365 14 tid 106024
492 19 tid 106024
634 18 tid 106024
135 tid 106024
Remove  tid 106024
FindTargetPageId rootid 15 tid 106024
target_page_id id: 18 tid 106024
0 1 tid 106024
191 16 tid 106024
365 14 tid 106024
492 19 tid 106024
634 18 tid 106024
134 tid 106024
Remove  tid 106024
FindTargetPageId rootid 15 tid 106024
target_page_id id: 18 tid 106024
0 1 tid 106024
191 16 tid 106024
365 14 tid 106024
492 19 tid 106024
634 18 tid 106024
133 tid 106024
Remove  tid 106024
FindTargetPageId rootid 15 tid 106024
target_page_id id: 18 tid 106024
0 1 tid 106024
191 16 tid 106024
365 14 tid 106024
492 19 tid 106024
634 18 tid 106024
132 tid 106024
Remove  tid 106024
FindTargetPageId rootid 15 tid 106024
target_page_id id: 18 tid 106024
0 1 tid 106024
191 16 tid 106024
365 14 tid 106024
492 19 tid 106024
634 18 tid 106024
131 tid 106024
Remove  tid 106024
FindTargetPageId rootid 15 tid 106024
target_page_id id: 18 tid 106024
0 1 tid 106024
191 16 tid 106024
365 14 tid 106024
492 19 tid 106024
634 18 tid 106024
130 tid 106024
Remove  tid 106024
FindTargetPageId rootid 15 tid 106024
target_page_id id: 18 tid 106024
0 1 tid 106024
191 16 tid 106024
365 14 tid 106024
492 19 tid 106024
634 18 tid 106024
129 tid 106024
Remove  tid 106024
FindTargetPageId rootid 15 tid 106025
target_page_id id: 18 tid 106025
0 1 tid 106025
191 16 tid 106025
365 14 tid 106025
492 19 tid 106025
634 18 tid 106025
128 tid 106025
Insert  tid 106025
FindTargetPageId rootid 15 tid 106025
target_page_id id: 18 tid 106025
0 1 tid 106025
191 16 tid 106025
365 14 tid 106025
492 19 tid 106025
634 18 tid 106025
129 tid 106025
Insert  tid 106025
FindTargetPageId rootid 15 tid 106025
target_page_id id: 18 tid 106025
0 1 tid 106025
191 16 tid 106025
365 14 tid 106025
492 19 tid 106025
634 18 tid 106025
130 tid 106025
Insert  tid 106025
FindTargetPageId rootid 15 tid 106025
target_page_id id: 18 tid 106025
0 1 tid 106025
191 16 tid 106025
365 14 tid 106025
492 19 tid 106025
634 18 tid 106025
131 tid 106025
Insert  tid 106025
FindTargetPageId rootid 15 tid 106025
target_page_id id: 18 tid 106025
0 1 tid 106025
191 16 tid 106025
365 14 tid 106025
492 19 tid 106025
634 18 tid 106025
132 tid 106025
Insert  tid 106025
FindTargetPageId rootid 15 tid 106025
target_page_id id: 18 tid 106025
0 1 tid 106025
191 16 tid 106025
365 14 tid 106025
492 19 tid 106025
634 18 tid 106025
133 tid 106025
Insert  tid 106025
FindTargetPageId rootid 15 tid 106025
target_page_id id: 18 tid 106025
0 1 tid 106025
191 16 tid 106025
365 14 tid 106025
492 19 tid 106025
634 18 tid 106025
134 tid 106025
Insert  tid 106025
FindTargetPageId rootid 15 tid 106025
target_page_id id: 18 tid 106025
0 1 tid 106025
191 16 tid 106025
365 14 tid 106025
492 19 tid 106025
634 18 tid 106025
135 tid 106025
Insert  tid 106025
FindTargetPageId rootid 15 tid 106025
target_page_id id: 18 tid 106025
0 1 tid 106025
191 16 tid 106025
365 14 tid 106025
492 19 tid 106025
634 18 tid 106025
136 tid 106025
Insert  tid 106025
FindTargetPageId rootid 15 tid 106025
target_page_id id: 18 tid 106025
0 1 tid 106025
191 16 tid 106025
365 14 tid 106025
492 19 tid 106025
634 18 tid 106025
137 tid 106025
Insert  tid 106025
FindTargetPageId rootid 15 tid 106025
target_page_id id: 18 tid 106025
0 1 tid 106025
191 16 tid 106025
365 14 tid 106025
492 19 tid 106025
634 18 tid 106025
138 tid 106025
Insert  tid 106025
FindTargetPageId rootid 15 tid 106025
target_page_id id: 18 tid 106025
0 1 tid 106025
191 16 tid 106025
365 14 tid 106025
492 19 tid 106025
634 18 tid 106025
139 tid 106025
Insert  tid 106025
FindTargetPageId rootid 15 tid 106024
target_page_id id: 18 tid 106024
0 1 tid 106024
191 16 tid 106024
365 14 tid 106024
492 19 tid 106024
634 18 tid 106024
140 tid 106024
Remove  tid 106024
FindTargetPageId rootid 15 tid 106023
target_page_id id: 18 tid 106023
0 1 tid 106023
191 16 tid 106023
365 14 tid 106023
492 19 tid 106023
634 18 tid 106023
139 tid 106023
Insert  tid 106023
FindTargetPageId rootid 15 tid 106023
target_page_id id: 18 tid 106023
0 1 tid 106023
191 16 tid 106023
365 14 tid 106023
492 19 tid 106023
634 18 tid 106023
139 tid 106023
Insert  tid 106023
FindTargetPageId rootid 15 tid 106023
target_page_id id: 18 tid 106023
0 1 tid 106023
191 16 tid 106023
365 14 tid 106023
492 19 tid 106023
634 18 tid 106023
139 tid 106023
Insert  tid 106023
FindTargetPageId rootid 15 tid 106023
target_page_id id: 18 tid 106023
0 1 tid 106023
191 16 tid 106023
365 14 tid 106023
492 19 tid 106023
634 18 tid 106023
139 tid 106023
Insert  tid 106023
FindTargetPageId rootid 15 tid 106023
target_page_id id: 18 tid 106023
0 1 tid 106023
191 16 tid 106023
365 14 tid 106023
492 19 tid 106023
634 18 tid 106023
139 tid 106023
Insert  tid 106023
FindTargetPageId rootid 15 tid 106023
target_page_id id: 18 tid 106023
0 1 tid 106023
191 16 tid 106023
365 14 tid 106023
492 19 tid 106023
634 18 tid 106023
139 tid 106023
Insert  tid 106023
FindTargetPageId rootid 15 tid 106023
target_page_id id: 18 tid 106023
0 1 tid 106023
191 16 tid 106023
365 14 tid 106023
492 19 tid 106023
634 18 tid 106023
139 tid 106023
Insert  tid 106023
FindTargetPageId rootid 15 tid 106023
target_page_id id: 18 tid 106023
0 1 tid 106023
191 16 tid 106023
365 14 tid 106023
492 19 tid 106023
634 18 tid 106023
139 tid 106023
Insert  tid 106023
FindTargetPageId rootid 15 tid 106023
target_page_id id: 18 tid 106023
0 1 tid 106023
191 16 tid 106023
365 14 tid 106023
492 19 tid 106023
634 18 tid 106023
139 tid 106023
Insert  tid 106023
FindTargetPageId rootid 15 tid 106023
target_page_id id: 18 tid 106023
0 1 tid 106023
191 16 tid 106023
365 14 tid 106023
492 19 tid 106023
634 18 tid 106023
139 tid 106023
Insert  tid 106023
FindTargetPageId rootid 15 tid 106023
target_page_id id: 18 tid 106023
0 1 tid 106023
191 16 tid 106023
365 14 tid 106023
492 19 tid 106023
634 18 tid 106023
139 tid 106023
Insert  tid 106023
FindTargetPageId rootid 15 tid 106023
target_page_id id: 18 tid 106023
0 1 tid 106023
191 16 tid 106023
365 14 tid 106023
492 19 tid 106023
634 18 tid 106023
139 tid 106023
Insert  tid 106023
FindTargetPageId rootid 15 tid 106023
target_page_id id: 18 tid 106023
0 1 tid 106023
191 16 tid 106023
365 14 tid 106023
492 19 tid 106023
634 18 tid 106023
139 tid 106023
Insert  tid 106023
FindTargetPageId rootid 15 tid 106023
target_page_id id: 18 tid 106023
0 1 tid 106023
191 16 tid 106023
365 14 tid 106023
492 19 tid 106023
634 18 tid 106023
139 tid 106023
Insert  tid 106023
FindTargetPageId rootid 15 tid 106023
target_page_id id: 18 tid 106023
0 1 tid 106023
191 16 tid 106023
365 14 tid 106023
492 19 tid 106023
634 18 tid 106023
139 tid 106023
Insert  tid 106023
FindTargetPageId rootid 15 tid 106023
target_page_id id: 18 tid 106023
0 1 tid 106023
191 16 tid 106023
365 14 tid 106023
492 19 tid 106023
634 18 tid 106023
139 tid 106023
Insert  tid 106023
FindTargetPageId rootid 15 tid 106023
target_page_id id: 18 tid 106023
0 1 tid 106023
191 16 tid 106023
365 14 tid 106023
492 19 tid 106023
634 18 tid 106023
139 tid 106023
Insert  tid 106023
FindTargetPageId rootid 15 tid 106023
target_page_id id: 18 tid 106023
0 1 tid 106023
191 16 tid 106023
365 14 tid 106023
492 19 tid 106023
634 18 tid 106023
139 tid 106023
Insert  tid 106023
FindTargetPageId rootid 15 tid 106024
target_page_id id: 18 tid 106024
0 1 tid 106024
191 16 tid 106024
365 14 tid 106024
492 19 tid 106024
634 18 tid 106024
139 tid 106024
Remove  tid 106024
FindTargetPageId rootid 15 tid 106025
target_page_id id: 18 tid 106025
0 1 tid 106025
191 16 tid 106025
365 14 tid 106025
492 19 tid 106025
634 18 tid 106025
138 tid 106025
Insert  tid 106025
FindTargetPageId rootid 15 tid 106023
target_page_id id: 18 tid 106023
0 1 tid 106023
191 16 tid 106023
365 14 tid 106023
492 19 tid 106023
634 18 tid 106023
139 tid 106023
Insert  tid 106023
FindTargetPageId rootid 15 tid 106024
target_page_id id: 18 tid 106024
0 1 tid 106024
191 16 tid 106024
365 14 tid 106024
492 19 tid 106024
634 18 tid 106024
139 tid 106024
Remove  tid 106024
FindTargetPageId rootid 15 tid 106025
target_page_id id: 18 tid 106025
0 1 tid 106025
191 16 tid 106025
365 14 tid 106025
492 19 tid 106025
634 18 tid 106025
138 tid 106025
Insert  tid 106025
FindTargetPageId rootid 15 tid 106023
target_page_id id: 18 tid 106023
0 1 tid 106023
191 16 tid 106023
365 14 tid 106023
492 19 tid 106023
634 18 tid 106023
139 tid 106023
Insert  tid 106023
FindTargetPageId rootid 15 tid 106023
target_page_id id: 18 tid 106023
0 1 tid 106023
191 16 tid 106023
365 14 tid 106023
492 19 tid 106023
634 18 tid 106023
139 tid 106023
Insert  tid 106023
FindTargetPageId rootid 15 tid 106023
target_page_id id: 18 tid 106023
0 1 tid 106023
191 16 tid 106023
365 14 tid 106023
492 19 tid 106023
634 18 tid 106023
139 tid 106023
Insert  tid 106023
FindTargetPageId rootid 15 tid 106023
target_page_id id: 18 tid 106023
0 1 tid 106023
191 16 tid 106023
365 14 tid 106023
492 19 tid 106023
634 18 tid 106023
139 tid 106023
Insert  tid 106023
FindTargetPageId rootid 15 tid 106023
target_page_id id: 18 tid 106023
0 1 tid 106023
191 16 tid 106023
365 14 tid 106023
492 19 tid 106023
634 18 tid 106023
139 tid 106023
Insert  tid 106023
FindTargetPageId rootid 15 tid 106024
target_page_id id: 18 tid 106024
0 1 tid 106024
191 16 tid 106024
365 14 tid 106024
492 19 tid 106024
634 18 tid 106024
139 tid 106024
Remove  tid 106024
FindTargetPageId rootid 15 tid 106025
target_page_id id: 18 tid 106025
0 1 tid 106025
191 16 tid 106025
365 14 tid 106025
492 19 tid 106025
634 18 tid 106025
138 tid 106025
Insert  tid 106025
FindTargetPageId rootid 15 tid 106025
target_page_id id: 18 tid 106025
0 1 tid 106025
191 16 tid 106025
365 14 tid 106025
492 19 tid 106025
634 18 tid 106025
139 tid 106025
Insert  tid 106025
FindTargetPageId rootid 15 tid 106025
target_page_id id: 18 tid 106025
0 1 tid 106025
191 16 tid 106025
365 14 tid 106025
492 19 tid 106025
634 18 tid 106025
140 tid 106025
Insert  tid 106025
FindTargetPageId rootid 15 tid 106024
target_page_id id: 18 tid 106024
0 1 tid 106024
191 16 tid 106024
365 14 tid 106024
492 19 tid 106024
634 18 tid 106024
141 tid 106024
Remove  tid 106024
FindTargetPageId rootid 15 tid 106024
target_page_id id: 18 tid 106024
0 1 tid 106024
191 16 tid 106024
365 14 tid 106024
492 19 tid 106024
634 18 tid 106024
140 tid 106024
Remove  tid 106024
FindTargetPageId rootid 15 tid 106024
target_page_id id: 18 tid 106024
0 1 tid 106024
191 16 tid 106024
365 14 tid 106024
492 19 tid 106024
634 18 tid 106024
139 tid 106024
Remove  tid 106024
FindTargetPageId rootid 15 tid 106024
target_page_id id: 18 tid 106024
0 1 tid 106024
191 16 tid 106024
365 14 tid 106024
492 19 tid 106024
634 18 tid 106024
138 tid 106024
Remove  tid 106024
FindTargetPageId rootid 15 tid 106023
target_page_id id: 18 tid 106023
0 1 tid 106023
191 16 tid 106023
365 14 tid 106023
492 19 tid 106023
634 18 tid 106023
137 tid 106023
Insert  tid 106023
FindTargetPageId rootid 15 tid 106023
target_page_id id: 18 tid 106023
0 1 tid 106023
191 16 tid 106023
365 14 tid 106023
492 19 tid 106023
634 18 tid 106023
137 tid 106023
Insert  tid 106023
FindTargetPageId rootid 15 tid 106023
target_page_id id: 18 tid 106023
0 1 tid 106023
191 16 tid 106023
365 14 tid 106023
492 19 tid 106023
634 18 tid 106023
137 tid 106023
Insert  tid 106023
FindTargetPageId rootid 15 tid 106024
target_page_id id: 18 tid 106024
0 1 tid 106024
191 16 tid 106024
365 14 tid 106024
492 19 tid 106024
634 18 tid 106024
137 tid 106024
Remove  tid 106024
FindTargetPageId rootid 15 tid 106025
target_page_id id: 18 tid 106025
0 1 tid 106025
191 16 tid 106025
365 14 tid 106025
492 19 tid 106025
634 18 tid 106025
136 tid 106025
Insert  tid 106025
FindTargetPageId rootid 15 tid 106025
target_page_id id: 18 tid 106025
0 1 tid 106025
191 16 tid 106025
365 14 tid 106025
492 19 tid 106025
634 18 tid 106025
137 tid 106025
Insert  tid 106025
FindTargetPageId rootid 15 tid 106025
target_page_id id: 18 tid 106025
0 1 tid 106025
191 16 tid 106025
365 14 tid 106025
492 19 tid 106025
634 18 tid 106025
138 tid 106025
Insert  tid 106025
FindTargetPageId rootid 15 tid 106025
target_page_id id: 18 tid 106025
0 1 tid 106025
191 16 tid 106025
365 14 tid 106025
492 19 tid 106025
634 18 tid 106025
139 tid 106025
Insert  tid 106025
FindTargetPageId rootid 15 tid 106025
target_page_id id: 18 tid 106025
0 1 tid 106025
191 16 tid 106025
365 14 tid 106025
492 19 tid 106025
634 18 tid 106025
140 tid 106025
Insert  tid 106025
FindTargetPageId rootid 15 tid 106025
target_page_id id: 18 tid 106025
0 1 tid 106025
191 16 tid 106025
365 14 tid 106025
492 19 tid 106025
634 18 tid 106025
141 tid 106025
Insert  tid 106025
FindTargetPageId rootid 15 tid 106025
target_page_id id: 18 tid 106025
0 1 tid 106025
191 16 tid 106025
365 14 tid 106025
492 19 tid 106025
634 18 tid 106025
142 tid 106025
Insert  tid 106025
FindTargetPageId rootid 15 tid 106025
target_page_id id: 18 tid 106025
0 1 tid 106025
191 16 tid 106025
365 14 tid 106025
492 19 tid 106025
634 18 tid 106025
143 tid 106025
Insert  tid 106025
FindTargetPageId rootid 15 tid 106025
target_page_id id: 18 tid 106025
0 1 tid 106025
191 16 tid 106025
365 14 tid 106025
492 19 tid 106025
634 18 tid 106025
144 tid 106025
Insert  tid 106025
FindTargetPageId rootid 15 tid 106025
target_page_id id: 18 tid 106025
0 1 tid 106025
191 16 tid 106025
365 14 tid 106025
492 19 tid 106025
634 18 tid 106025
145 tid 106025
Insert  tid 106025
FindTargetPageId rootid 15 tid 106024
target_page_id id: 18 tid 106024
0 1 tid 106024
191 16 tid 106024
365 14 tid 106024
492 19 tid 106024
634 18 tid 106024
146 tid 106024
Remove  tid 106024
FindTargetPageId rootid 15 tid 106023
target_page_id id: 18 tid 106023
0 1 tid 106023
191 16 tid 106023
365 14 tid 106023
492 19 tid 106023
634 18 tid 106023
145 tid 106023
Insert  tid 106023
FindTargetPageId rootid 15 tid 106023
target_page_id id: 18 tid 106023
0 1 tid 106023
191 16 tid 106023
365 14 tid 106023
492 19 tid 106023
634 18 tid 106023
145 tid 106023
Insert  tid 106023
FindTargetPageId rootid 15 tid 106023
target_page_id id: 18 tid 106023
0 1 tid 106023
191 16 tid 106023
365 14 tid 106023
492 19 tid 106023
634 18 tid 106023
145 tid 106023
Insert  tid 106023
FindTargetPageId rootid 15 tid 106023
target_page_id id: 18 tid 106023
0 1 tid 106023
191 16 tid 106023
365 14 tid 106023
492 19 tid 106023
634 18 tid 106023
145 tid 106023
Insert  tid 106023
FindTargetPageId rootid 15 tid 106024
target_page_id id: 18 tid 106024
0 1 tid 106024
191 16 tid 106024
365 14 tid 106024
492 19 tid 106024
634 18 tid 106024
145 tid 106024
Remove  tid 106024
FindTargetPageId rootid 15 tid 106024
target_page_id id: 18 tid 106024
0 1 tid 106024
191 16 tid 106024
365 14 tid 106024
492 19 tid 106024
634 18 tid 106024
144 tid 106024
Remove  tid 106024
FindTargetPageId rootid 15 tid 106023
target_page_id id: 18 tid 106023
0 1 tid 106023
191 16 tid 106023
365 14 tid 106023
492 19 tid 106023
634 18 tid 106023
143 tid 106023
Insert  tid 106023
FindTargetPageId rootid 15 tid 106025
target_page_id id: 18 tid 106025
0 1 tid 106025
191 16 tid 106025
365 14 tid 106025
492 19 tid 106025
634 18 tid 106025
143 tid 106025
Insert  tid 106025
FindTargetPageId rootid 15 tid 106025
target_page_id id: 18 tid 106025
0 1 tid 106025
191 16 tid 106025
365 14 tid 106025
492 19 tid 106025
634 18 tid 106025
144 tid 106025
Insert  tid 106025
FindTargetPageId rootid 15 tid 106025
target_page_id id: 18 tid 106025
0 1 tid 106025
191 16 tid 106025
365 14 tid 106025
492 19 tid 106025
634 18 tid 106025
145 tid 106025
Insert  tid 106025
FindTargetPageId rootid 15 tid 106025
target_page_id id: 18 tid 106025
0 1 tid 106025
191 16 tid 106025
365 14 tid 106025
492 19 tid 106025
634 18 tid 106025
146 tid 106025
Insert  tid 106025
FindTargetPageId rootid 15 tid 106025
target_page_id id: 18 tid 106025
0 1 tid 106025
191 16 tid 106025
365 14 tid 106025
492 19 tid 106025
634 18 tid 106025
147 tid 106025
Insert  tid 106025
FindTargetPageId rootid 15 tid 106025
target_page_id id: 18 tid 106025
0 1 tid 106025
191 16 tid 106025
365 14 tid 106025
492 19 tid 106025
634 18 tid 106025
148 tid 106025
Insert  tid 106025
FindTargetPageId rootid 15 tid 106025
target_page_id id: 18 tid 106025
0 1 tid 106025
191 16 tid 106025
365 14 tid 106025
492 19 tid 106025
634 18 tid 106025
149 tid 106025
Insert  tid 106025
FindTargetPageId rootid 15 tid 106025
target_page_id id: 18 tid 106025
0 1 tid 106025
191 16 tid 106025
365 14 tid 106025
492 19 tid 106025
634 18 tid 106025
150 tid 106025
Insert  tid 106025
FindTargetPageId rootid 15 tid 106025
target_page_id id: 18 tid 106025
0 1 tid 106025
191 16 tid 106025
365 14 tid 106025
492 19 tid 106025
634 18 tid 106025
151 tid 106025
Insert  tid 106025
FindTargetPageId rootid 15 tid 106023
target_page_id id: 18 tid 106023
0 1 tid 106023
191 16 tid 106023
365 14 tid 106023
492 19 tid 106023
634 18 tid 106023
152 tid 106023
Insert  tid 106023
FindTargetPageId rootid 15 tid 106023
target_page_id id: 18 tid 106023
0 1 tid 106023
191 16 tid 106023
365 14 tid 106023
492 19 tid 106023
634 18 tid 106023
152 tid 106023
Insert  tid 106023
FindTargetPageId rootid 15 tid 106025
target_page_id id: 18 tid 106025
0 1 tid 106025
191 16 tid 106025
365 14 tid 106025
492 19 tid 106025
634 18 tid 106025
152 tid 106025
Insert  tid 106025
FindTargetPageId rootid 15 tid 106025
target_page_id id: 18 tid 106025
0 1 tid 106025
191 16 tid 106025
365 14 tid 106025
492 19 tid 106025
634 18 tid 106025
153 tid 106025
Insert  tid 106025
FindTargetPageId rootid 15 tid 106025
target_page_id id: 18 tid 106025
0 1 tid 106025
191 16 tid 106025
365 14 tid 106025
492 19 tid 106025
634 18 tid 106025
154 tid 106025
Insert  tid 106025
FindTargetPageId rootid 15 tid 106025
target_page_id id: 18 tid 106025
0 1 tid 106025
191 16 tid 106025
365 14 tid 106025
492 19 tid 106025
634 18 tid 106025
155 tid 106025
Insert  tid 106025
FindTargetPageId rootid 15 tid 106025
target_page_id id: 18 tid 106025
0 1 tid 106025
191 16 tid 106025
365 14 tid 106025
492 19 tid 106025
634 18 tid 106025
156 tid 106025
Insert  tid 106025
FindTargetPageId rootid 15 tid 106025
target_page_id id: 18 tid 106025
0 1 tid 106025
191 16 tid 106025
365 14 tid 106025
492 19 tid 106025
634 18 tid 106025
157 tid 106025
Insert  tid 106025
FindTargetPageId rootid 15 tid 106025
target_page_id id: 18 tid 106025
0 1 tid 106025
191 16 tid 106025
365 14 tid 106025
492 19 tid 106025
634 18 tid 106025
158 tid 106025
Insert  tid 106025
FindTargetPageId rootid 15 tid 106025
target_page_id id: 18 tid 106025
0 1 tid 106025
191 16 tid 106025
365 14 tid 106025
492 19 tid 106025
634 18 tid 106025
159 tid 106025
Insert  tid 106025
FindTargetPageId rootid 15 tid 106025
target_page_id id: 18 tid 106025
0 1 tid 106025
191 16 tid 106025
365 14 tid 106025
492 19 tid 106025
634 18 tid 106025
160 tid 106025
Insert  tid 106025
FindTargetPageId rootid 15 tid 106025
target_page_id id: 18 tid 106025
0 1 tid 106025
191 16 tid 106025
365 14 tid 106025
492 19 tid 106025
634 18 tid 106025
161 tid 106025
Insert  tid 106025
FindTargetPageId rootid 15 tid 106025
target_page_id id: 18 tid 106025
0 1 tid 106025
191 16 tid 106025
365 14 tid 106025
492 19 tid 106025
634 18 tid 106025
162 tid 106025
Insert  tid 106025
FindTargetPageId rootid 15 tid 106024
target_page_id id: 18 tid 106024
0 1 tid 106024
191 16 tid 106024
365 14 tid 106024
492 19 tid 106024
634 18 tid 106024
163 tid 106024
Remove  tid 106024
FindTargetPageId rootid 15 tid 106023
target_page_id id: 18 tid 106023
0 1 tid 106023
191 16 tid 106023
365 14 tid 106023
492 19 tid 106023
634 18 tid 106023
162 tid 106023
Insert  tid 106023
FindTargetPageId rootid 15 tid 106023
target_page_id id: 18 tid 106023
0 1 tid 106023
191 16 tid 106023
365 14 tid 106023
492 19 tid 106023
634 18 tid 106023
162 tid 106023
Insert  tid 106023
FindTargetPageId rootid 15 tid 106023
target_page_id id: 18 tid 106023
0 1 tid 106023
191 16 tid 106023
365 14 tid 106023
492 19 tid 106023
634 18 tid 106023
162 tid 106023
Insert  tid 106023
FindTargetPageId rootid 15 tid 106023
target_page_id id: 18 tid 106023
0 1 tid 106023
191 16 tid 106023
365 14 tid 106023
492 19 tid 106023
634 18 tid 106023
162 tid 106023
Insert  tid 106023
FindTargetPageId rootid 15 tid 106023
target_page_id id: 18 tid 106023
0 1 tid 106023
191 16 tid 106023
365 14 tid 106023
492 19 tid 106023
634 18 tid 106023
162 tid 106023
Insert  tid 106023
FindTargetPageId rootid 15 tid 106024
target_page_id id: 18 tid 106024
0 1 tid 106024
191 16 tid 106024
365 14 tid 106024
492 19 tid 106024
634 18 tid 106024
162 tid 106024
Remove  tid 106024
FindTargetPageId rootid 15 tid 106025
target_page_id id: 18 tid 106025
0 1 tid 106025
191 16 tid 106025
365 14 tid 106025
492 19 tid 106025
634 18 tid 106025
161 tid 106025
Insert  tid 106025
FindTargetPageId rootid 15 tid 106025
target_page_id id: 18 tid 106025
0 1 tid 106025
191 16 tid 106025
365 14 tid 106025
492 19 tid 106025
634 18 tid 106025
162 tid 106025
Insert  tid 106025
FindTargetPageId rootid 15 tid 106025
target_page_id id: 18 tid 106025
0 1 tid 106025
191 16 tid 106025
365 14 tid 106025
492 19 tid 106025
634 18 tid 106025
163 tid 106025
Insert  tid 106025
FindTargetPageId rootid 15 tid 106025
target_page_id id: 18 tid 106025
0 1 tid 106025
191 16 tid 106025
365 14 tid 106025
492 19 tid 106025
634 18 tid 106025
164 tid 106025
Insert  tid 106025
FindTargetPageId rootid 15 tid 106025
target_page_id id: 18 tid 106025
0 1 tid 106025
191 16 tid 106025
365 14 tid 106025
492 19 tid 106025
634 18 tid 106025
165 tid 106025
Insert  tid 106025
FindTargetPageId rootid 15 tid 106025
target_page_id id: 18 tid 106025
0 1 tid 106025
191 16 tid 106025
365 14 tid 106025
492 19 tid 106025
634 18 tid 106025
166 tid 106025
Insert  tid 106025
FindTargetPageId rootid 15 tid 106025
target_page_id id: 18 tid 106025
0 1 tid 106025
191 16 tid 106025
365 14 tid 106025
492 19 tid 106025
634 18 tid 106025
167 tid 106025
Insert  tid 106025
FindTargetPageId rootid 15 tid 106025
target_page_id id: 18 tid 106025
0 1 tid 106025
191 16 tid 106025
365 14 tid 106025
492 19 tid 106025
634 18 tid 106025
168 tid 106025
Insert  tid 106025
FindTargetPageId rootid 15 tid 106025
target_page_id id: 18 tid 106025
0 1 tid 106025
191 16 tid 106025
365 14 tid 106025
492 19 tid 106025
634 18 tid 106025
169 tid 106025
Insert  tid 106025
FindTargetPageId rootid 15 tid 106025
target_page_id id: 18 tid 106025
0 1 tid 106025
191 16 tid 106025
365 14 tid 106025
492 19 tid 106025
634 18 tid 106025
170 tid 106025
Insert  tid 106025
FindTargetPageId rootid 15 tid 106025
target_page_id id: 18 tid 106025
0 1 tid 106025
191 16 tid 106025
365 14 tid 106025
492 19 tid 106025
634 18 tid 106025
171 tid 106025
Insert  tid 106025
FindTargetPageId rootid 15 tid 106025
target_page_id id: 18 tid 106025
0 1 tid 106025
191 16 tid 106025
365 14 tid 106025
492 19 tid 106025
634 18 tid 106025
172 tid 106025
Insert  tid 106025
FindTargetPageId rootid 15 tid 106025
target_page_id id: 18 tid 106025
0 1 tid 106025
191 16 tid 106025
365 14 tid 106025
492 19 tid 106025
634 18 tid 106025
173 tid 106025
Insert  tid 106025
FindTargetPageId rootid 15 tid 106025
target_page_id id: 18 tid 106025
0 1 tid 106025
191 16 tid 106025
365 14 tid 106025
492 19 tid 106025
634 18 tid 106025
174 tid 106025
Insert  tid 106025
FindTargetPageId rootid 15 tid 106025
target_page_id id: 18 tid 106025
0 1 tid 106025
191 16 tid 106025
365 14 tid 106025
492 19 tid 106025
634 18 tid 106025
175 tid 106025
Insert  tid 106025
FindTargetPageId rootid 15 tid 106023
target_page_id id: 18 tid 106023
0 1 tid 106023
191 16 tid 106023
365 14 tid 106023
492 19 tid 106023
634 18 tid 106023
176 tid 106023
Insert  tid 106023
FindTargetPageId rootid 15 tid 106024
target_page_id id: 18 tid 106024
0 1 tid 106024
191 16 tid 106024
365 14 tid 106024
492 19 tid 106024
634 18 tid 106024
176 tid 106024
Remove  tid 106024
FindTargetPageId rootid 15 tid 106025
target_page_id id: 18 tid 106025
0 1 tid 106025
191 16 tid 106025
365 14 tid 106025
492 19 tid 106025
634 18 tid 106025
175 tid 106025
Insert  tid 106025
FindTargetPageId rootid 15 tid 106023
target_page_id id: 18 tid 106023
0 1 tid 106023
191 16 tid 106023
365 14 tid 106023
492 19 tid 106023
634 18 tid 106023
176 tid 106023
Insert  tid 106023
FindTargetPageId rootid 15 tid 106024
target_page_id id: 18 tid 106024
0 1 tid 106024
191 16 tid 106024
365 14 tid 106024
492 19 tid 106024
634 18 tid 106024
176 tid 106024
Remove  tid 106024
FindTargetPageId rootid 15 tid 106025
target_page_id id: 18 tid 106025
0 1 tid 106025
191 16 tid 106025
365 14 tid 106025
492 19 tid 106025
634 18 tid 106025
175 tid 106025
Insert  tid 106025
FindTargetPageId rootid 15 tid 106023
target_page_id id: 18 tid 106023
0 1 tid 106023
191 16 tid 106023
365 14 tid 106023
492 19 tid 106023
634 18 tid 106023
176 tid 106023
Insert  tid 106023
FindTargetPageId rootid 15 tid 106024
target_page_id id: 18 tid 106024
0 1 tid 106024
191 16 tid 106024
365 14 tid 106024
492 19 tid 106024
634 18 tid 106024
176 tid 106024
Remove  tid 106024
FindTargetPageId rootid 15 tid 106025
target_page_id id: 18 tid 106025
0 1 tid 106025
191 16 tid 106025
365 14 tid 106025
492 19 tid 106025
634 18 tid 106025
175 tid 106025
Insert  tid 106025
FindTargetPageId rootid 15 tid 106023
target_page_id id: 18 tid 106023
0 1 tid 106023
191 16 tid 106023
365 14 tid 106023
492 19 tid 106023
634 18 tid 106023
176 tid 106023
Insert  tid 106023
FindTargetPageId rootid 15 tid 106024
target_page_id id: 18 tid 106024
0 1 tid 106024
191 16 tid 106024
365 14 tid 106024
492 19 tid 106024
634 18 tid 106024
176 tid 106024
Remove  tid 106024
FindTargetPageId rootid 15 tid 106024
target_page_id id: 18 tid 106024
0 1 tid 106024
191 16 tid 106024
365 14 tid 106024
492 19 tid 106024
634 18 tid 106024
175 tid 106024
Remove  tid 106024
FindTargetPageId rootid 15 tid 106024
target_page_id id: 18 tid 106024
0 1 tid 106024
191 16 tid 106024
365 14 tid 106024
492 19 tid 106024
634 18 tid 106024
174 tid 106024
Remove  tid 106024
FindTargetPageId rootid 15 tid 106025
target_page_id id: 18 tid 106025
0 1 tid 106025
191 16 tid 106025
365 14 tid 106025
492 19 tid 106025
634 18 tid 106025
173 tid 106025
Insert  tid 106025
FindTargetPageId rootid 15 tid 106023
target_page_id id: 18 tid 106023
0 1 tid 106023
191 16 tid 106023
365 14 tid 106023
492 19 tid 106023
634 18 tid 106023
174 tid 106023
FindTargetPageId rootid 15 tid 106024
target_page_id id: 18 tid 106024
0 1 tid 106024
191 16 tid 106024
365 14 tid 106024
492 19 tid 106024
634 18 tid 106024
174 tid 106024
Remove  tid 106024
FindTargetPageId rootid 15 tid 106024
target_page_id id: 18 tid 106024
0 1 tid 106024
191 16 tid 106024
365 14 tid 106024
492 19 tid 106024
634 18 tid 106024
173 tid 106024
Insert  tid 106023
FindTargetPageId rootid 15 tid 106023
target_page_id id: 18 tid 106023
0 1 tid 106023
191 16 tid 106023
Remove 365 14 tid  tid 106023
492 19 tid 106023
634 18 tid 106023
106024
172 tid 106023
FindTargetPageId rootid 15 tid 106025
target_page_id id: 18 tid 106025
0 1 tid 106025
191 16 tid 106025
365 14 tid 106025
492 19 tid 106025
634 18 tid 106025
Insert 172 tid 106025
 tid 106023
Insert  tid 106025
FindTargetPageId rootid 15 tid 106023
target_page_id id: 18 tid 106023
0 1 tid 106023
191 16 tid 106023
365 14 tid 106023
492 19 tid 106023
634 18 tid 106023
173 tid 106023
Insert  tid 106023
FindTargetPageId rootid 15 tid 106023
target_page_id id: 18 tid 106023
0 1 tid 106023
191 16 tid 106023
365 14 tid 106023
492 19 tid 106023
634 18 tid 106023
173 tid 106023
Insert  tid 106023
FindTargetPageId rootid 15 tid 106024
target_page_id id: 18 tid 106024
0 1 tid 106024
191 16 tid 106024
365 14 tid 106024
492 19 tid 106024
634 18 tid 106024
173 tid 106024
Remove  tid 106024
FindTargetPageId rootid 15 tid 106025
target_page_id id: 18 tid 106025
0 1 tid 106025
191 16 tid 106025
365 14 tid 106025
492 19 tid 106025
634 18 tid 106025
172 tid 106025
Insert  tid 106025
FindTargetPageId rootid 15 tid 106025
target_page_id id: 18 tid 106025
0 1 tid 106025
191 16 tid 106025
365 14 tid 106025
492 19 tid 106025
634 18 tid 106025
173 tid 106025
Insert  tid 106025
FindTargetPageId rootid 15 tid 106024
target_page_id id: 18 tid 106024
0 1 tid 106024
191 16 tid 106024
365 14 tid 106024
492 19 tid 106024
634 18 tid 106024
174 tid 106024
Remove  tid 106024
FindTargetPageId rootid 15 tid 106024
target_page_id id: 18 tid 106024
0 1 tid 106024
191 16 tid 106024
365 14 tid 106024
492 19 tid 106024
634 18 tid 106024
173 tid 106024
Remove  tid 106024
FindTargetPageId rootid 15 tid 106024
target_page_id id: 18 tid 106024
0 1 tid 106024
191 16 tid 106024
365 14 tid 106024
492 19 tid 106024
634 18 tid 106024
172 tid 106024
Remove  tid 106024
FindTargetPageId rootid 15 tid 106024
target_page_id id: 18 tid 106024
0 1 tid 106024
191 16 tid 106024
365 14 tid 106024
492 19 tid 106024
634 18 tid 106024
171 tid 106024
Remove  tid 106024
FindTargetPageId rootid 15 tid 106024
target_page_id id: 18 tid 106024
0 1 tid 106024
191 16 tid 106024
365 14 tid 106024
492 19 tid 106024
634 18 tid 106024
170 tid 106024
Remove  tid 106024
FindTargetPageId rootid 15 tid 106023
target_page_id id: 18 tid 106023
0 1 tid 106023
191 16 tid 106023
365 14 tid 106023
492 19 tid 106023
634 18 tid 106023
169 tid 106023
FindTargetPageId rootid 15 tid 106025
target_page_id id: 18 tid 106025
0 1 tid 106025
191 16 tid 106025
365 14 tid 106025
492 19 tid 106025
634 18 tid 106025
169 tid 106025
Insert  tid 106023
Insert  tid FindTargetPageId rootid 15 tid 106025
106023
target_page_id id: 18 tid 106023
0 1 tid 106023
191 16 tid 106023
365 14 tid 106023
492 19 tid 106023
634 18 tid 106023
170 tid 106023
Insert  tid 106023
FindTargetPageId rootid 15 tid 106024
target_page_id id: 18 tid 106024
0 1 tid 106024
191 16 tid 106024
365 14 tid 106024
492 19 tid 106024
634 18 tid 106024
170 tid 106024
Remove  tid 106024
FindTargetPageId rootid 15 tid 106025
target_page_id id: 18 tid 106025
0 1 tid 106025
191 16 tid 106025
365 14 tid 106025
492 19 tid 106025
634 18 tid 106025
169 tid 106025
Insert  tid 106025
FindTargetPageId rootid 15 tid 106023
target_page_id id: 18 tid 106023
0 1 tid 106023
191 16 tid 106023
365 14 tid 106023
492 19 tid 106023
634 18 tid 106023
170 tid 106023
Insert  tid 106023
FindTargetPageId rootid 15 tid 106023
target_page_id id: 18 tid 106023
0 1 tid 106023
191 16 tid 106023
365 14 tid 106023
492 19 tid 106023
634 18 tid 106023
170 tid 106023
Insert  tid 106023
FindTargetPageId rootid 15 tid 106023
target_page_id id: 18 tid 106023
0 1 tid 106023
191 16 tid 106023
365 14 tid 106023
492 19 tid 106023
634 18 tid 106023
170 tid 106023
Insert  tid 106023
FindTargetPageId rootid 15 tid 106023
target_page_id id: 18 tid 106023
0 1 tid 106023
191 16 tid 106023
365 14 tid 106023
492 19 tid 106023
634 18 tid 106023
170 tid 106023
Insert  tid 106023
FindTargetPageId rootid 15 tid 106025
target_page_id id: 18 tid 106025
0 1 tid 106025
191 16 tid 106025
365 14 tid 106025
492 19 tid 106025
634 18 tid 106025
170 tid 106025
Insert  tid 106025
FindTargetPageId rootid 15 tid 106025
target_page_id id: 18 tid 106025
0 1 tid 106025
191 16 tid 106025
365 14 tid 106025
492 19 tid 106025
634 18 tid 106025
171 tid 106025
Insert  tid 106025
FindTargetPageId rootid 15 tid 106025
target_page_id id: 18 tid 106025
0 1 tid 106025
191 16 tid 106025
365 14 tid 106025
492 19 tid 106025
634 18 tid 106025
172 tid 106025
Insert  tid 106025
FindTargetPageId rootid 15 tid 106025
target_page_id id: 18 tid 106025
0 1 tid 106025
191 16 tid 106025
365 14 tid 106025
492 19 tid 106025
634 18 tid 106025
173 tid 106025
Insert  tid 106025
FindTargetPageId rootid 15 tid 106025
target_page_id id: 18 tid 106025
0 1 tid 106025
191 16 tid 106025
365 14 tid 106025
492 19 tid 106025
634 18 tid 106025
174 tid 106025
Insert  tid 106025
FindTargetPageId rootid 15 tid 106025
target_page_id id: 18 tid 106025
0 1 tid 106025
191 16 tid 106025
365 14 tid 106025
492 19 tid 106025
634 18 tid 106025
175 tid 106025
Insert  tid 106025
FindTargetPageId rootid 15 tid 106023
target_page_id id: 18 tid 106023
0 1 tid 106023
191 16 tid 106023
365 14 tid 106023
492 19 tid 106023
634 18 tid 106023
176 tid 106023
Insert  tid 106023
FindTargetPageId rootid 15 tid 106024
target_page_id id: 18 tid 106024
0 1 tid 106024
191 16 tid 106024
365 14 tid 106024
492 19 tid 106024
634 18 tid 106024
176 tid 106024
Remove  tid 106024
FindTargetPageId rootid 15 tid 106025
target_page_id id: 18 tid 106025
0 1 tid 106025
191 16 tid 106025
365 14 tid 106025
492 19 tid 106025
634 18 tid 106025
175 tid 106025
Insert  tid 106025
FindTargetPageId rootid 15 tid 106023
target_page_id id: 18 tid 106023
0 1 tid 106023
191 16 tid 106023
365 14 tid 106023
492 19 tid 106023
634 18 tid 106023
176 tid 106023
Insert  tid 106023
FindTargetPageId rootid 15 tid 106024
target_page_id id: 18 tid 106024
0 1 tid 106024
191 16 tid 106024
365 14 tid 106024
492 19 tid 106024
634 18 tid 106024
176 tid 106024
Remove  tid 106024
FindTargetPageId rootid 15 tid 106025
target_page_id id: 18 tid 106025
0 1 tid 106025
191 16 tid 106025
365 14 tid 106025
492 19 tid 106025
634 18 tid 106025
175 tid 106025
Insert  tid 106025
FindTargetPageId rootid 15 tid 106025
target_page_id id: 18 tid 106025
0 1 tid 106025
191 16 tid 106025
365 14 tid 106025
492 19 tid 106025
634 18 tid 106025
176 tid 106025
Insert  tid 106025
FindTargetPageId rootid 15 tid 106024
target_page_id id: 18 tid 106024
0 1 tid 106024
191 16 tid 106024
365 14 tid 106024
492 19 tid 106024
634 18 tid 106024
177 tid 106024
Remove  tid 106024
FindTargetPageId rootid 15 tid 106024
target_page_id id: 18 tid 106024
0 1 tid 106024
191 16 tid 106024
365 14 tid 106024
492 19 tid 106024
634 18 tid 106024
176 tid 106024
FindTargetPageId rootid 15 tid 106025
target_page_id id: 18 tid 106025
0 1 tid 106025
191 16 tid 106025
365 14 tid 106025
492 19 tid 106025
634 18 tid 106025
175 tid 106025
Remove  tid 106024
Insert  tid 106025
FindTargetPageId rootid 15 tid 106024
target_page_id id: 18 tid 106024
0 1 tid 106024
191 16 tid 106024
365 14 tid 106024
492 19 tid 106024
634 18 tid 106024
176 tid 106024
Remove  tid 106024
FindTargetPageId rootid 15 tid 106024
target_page_id id: 18 tid 106024
0 1 tid 106024
191 16 tid 106024
365 14 tid 106024
492 19 tid 106024
634 18 tid 106024
175 tid 106024
Remove  tid 106024
FindTargetPageId rootid 15 tid 106023
target_page_id id: 18 tid 106023
0 1 tid 106023
191 16 tid 106023
365 14 tid 106023
492 19 tid 106023
634 18 tid 106023
174 tid 106023
Insert  tid 106023
FindTargetPageId rootid 15 tid 106025
target_page_id id: 18 tid 106025
0 1 tid 106025
191 16 tid 106025
365 14 tid 106025
492 19 tid 106025
634 18 tid 106025
174 tid 106025
Insert  tid 106025
FindTargetPageId rootid 15 tid 106024
target_page_id id: 18 tid 106024
0 1 tid 106024
191 16 tid 106024
365 14 tid 106024
492 19 tid 106024
634 18 tid 106024
175 tid 106024
Remove  tid 106024
FindTargetPageId rootid 15 tid 106023
target_page_id id: 18 tid 106023
0 1 tid 106023
191 16 tid 106023
365 14 tid 106023
492 19 tid 106023
634 18 tid 106023
174 tid 106023
Insert  tid 106023
FindTargetPageId rootid 15 tid 106025
target_page_id id: 18 tid 106025
0 1 tid 106025
191 16 tid 106025
365 14 tid 106025
492 19 tid 106025
634 18 tid 106025
174 tid 106025
Insert  tid 106025
FindTargetPageId rootid 15 tid 106024
target_page_id id: 18 tid 106024
0 1 tid 106024
191 16 tid 106024
365 14 tid 106024
492 19 tid 106024
634 18 tid 106024
175 tid 106024
Remove  tid 106024
FindTargetPageId rootid 15 tid 106023
target_page_id id: 18 tid 106023
0 1 tid 106023
191 16 tid 106023
365 14 tid 106023
492 19 tid 106023
634 18 tid 106023
174 tid 106023
Insert  tid 106023
FindTargetPageId rootid 15 tid 106025
target_page_id id: 18 tid 106025
0 1 tid 106025
191 16 tid 106025
365 14 tid 106025
492 19 tid 106025
634 18 tid 106025
174 tid 106025
Insert  tid 106025
FindTargetPageId rootid 15 tid 106024
target_page_id id: 18 tid 106024
0 1 tid 106024
191 16 tid 106024
365 14 tid 106024
492 19 tid 106024
634 18 tid 106024
175 tid 106024
Remove  tid 106024
FindTargetPageId rootid 15 tid 106023
target_page_id id: 18 tid 106023
0 1 tid 106023
191 16 tid 106023
365 14 tid 106023
492 19 tid 106023
634 18 tid 106023
174 tid 106023
FindTargetPageId rootid 15 tid Insert  tid 106025
target_page_id id: 18 tid 106025
0 1 tid 106025
191 16 tid 106025
365 14 tid 106025
492 19 tid 106025
634 18 tid 106025
106023174 tid 106025

Insert  tid 106025
FindTargetPageId rootid 15 tid 106024
target_page_id id: 18 tid 106024
0 1 tid 106024
191 16 tid 106024
365 14 tid 106024
492 19 tid 106024
634 18 tid 106024
175 tid 106024
Remove  tid 106024
FindTargetPageId rootid 15 tid 106023
target_page_id id: 18 tid 106023
0 1 tid 106023
191 16 tid 106023
365 14 tid 106023
492 19 tid 106023
634 18 tid 106023
174 tid 106023
Insert  tid 106023
FindTargetPageId rootid 15 tid 106025
target_page_id id: 18 tid 106025
0 1 tid 106025
191 16 tid 106025
365 14 tid 106025
492 19 tid 106025
634 18 tid 106025
174 tid 106025
Insert  tid 106025
FindTargetPageId rootid 15 tid 106024
target_page_id id: 18 tid 106024
0 1 tid 106024
191 16 tid 106024
365 14 tid 106024
492 19 tid 106024
634 18 tid 106024
175 tid 106024
Remove  tid 106024
FindTargetPageId rootid 15 tid 106023
target_page_id id: 18 tid 106023
0 1 tid 106023
191 16 tid 106023
365 14 tid 106023
492 19 tid 106023
634 18 tid 106023
174 tid 106023
Insert  tid 106023
FindTargetPageId rootid 15 tid 106025
target_page_id id: 18 tid 106025
0 1 tid 106025
191 16 tid 106025
365 14 tid 106025
492 19 tid 106025
634 18 tid 106025
174 tid 106025
Insert  tid FindTargetPageId rootid 10602515
 tid 106024
target_page_id id: 18 tid 106024
0 1 tid 106024
191 16 tid 106024
365 14 tid 106024
492 19 tid 106024
634 18 tid 106024
175 tid 106024
Remove  tid 106024
FindTargetPageId rootid 15 tid 106023
target_page_id id: 18 tid 106023
0 1 tid 106023
191 16 tid 106023
365 14 tid 106023
492 19 tid 106023
634 18 tid 106023
174 tid 106023
Insert  tid 106023
FindTargetPageId rootid 15 tid 106025
target_page_id id: 18 tid 106025
0 1 tid 106025
191 16 tid 106025
365 14 tid 106025
492 19 tid 106025
634 18 tid 106025
174 tid 106025
Insert  tid 106025
FindTargetPageId rootid 15 tid 106024
target_page_id id: 18 tid 106024
0 1 tid 106024
191 16 tid 106024
365 14 tid 106024
492 19 tid 106024
634 18 tid 106024
175 tid 106024
Remove  tid 106024
FindTargetPageId rootid 15 tid 106023
target_page_id id: 18 tid 106023
0 1 tid 106023
191 16 tid 106023
365 14 tid 106023
492 19 tid 106023
634 18 tid 106023
174 tid 106023
Insert  tid 106023
FindTargetPageId rootid 15 tid 106025
target_page_id id: 18 tid 106025
0 1 tid 106025
191 16 tid 106025
365 14 tid 106025
492 19 tid 106025
634 18 tid 106025
174 tid 106025
Insert  tid 106025
FindTargetPageId rootid 15 tid 106024
target_page_id id: 18 tid 106024
0 1 tid 106024
191 16 tid 106024
365 14 tid 106024
492 19 tid 106024
634 18 tid 106024
175 tid 106024
Remove  tid 106024
FindTargetPageId rootid 15 tid 106023
target_page_id id: 18 tid 106023
0 1 tid 106023
191 16 tid 106023
365 14 tid 106023
492 19 tid 106023
634 18 tid 106023
174 tid 106023
Insert  tid 106023
FindTargetPageId rootid 15 tid 106025
target_page_id id: 18 tid 106025
0 1 tid 106025
191 16 tid 106025
365 14 tid 106025
492 19 tid 106025
634 18 tid 106025
174 tid 106025
Insert  tid 106025
FindTargetPageId rootid 15 tid 106024
target_page_id id: 18 tid 106024
0 1 tid 106024
191 16 tid 106024
365 14 tid 106024
492 19 tid 106024
634 18 tid 106024
175 tid 106024
Remove  tid 106024
FindTargetPageId rootid 15 tid 106023
target_page_id id: 18 tid 106023
0 1 tid 106023
191 16 tid 106023
365 14 tid 106023
492 19 tid 106023
634 18 tid 106023
174 tid 106023
Insert  tid 106023
FindTargetPageId rootid 15 tid 106023
target_page_id id: 18 tid 106023
0 1 tid 106023
191 16 tid 106023
365 14 tid 106023
492 19 tid 106023
634 18 tid 106023
174 tid 106023
Insert  tid 106023
FindTargetPageId rootid 15 tid 106024
target_page_id id: 18 tid 106024
0 1 tid 106024
191 16 tid 106024
365 14 tid 106024
492 19 tid 106024
634 18 tid 106024
174 tid 106024
Remove  tid 106024
FindTargetPageId rootid 15 tid 106025
target_page_id id: 18 tid 106025
0 1 tid 106025
191 16 tid 106025
365 14 tid 106025
492 19 tid 106025
634 18 tid 106025
173 tid 106025
Insert  tid 106025
FindTargetPageId rootid 15 tid 106023
target_page_id id: 18 tid 106023
0 1 tid 106023
191 16 tid 106023
365 14 tid 106023
492 19 tid 106023
634 18 tid 106023
174 tid 106023
Insert  tid 106023
FindTargetPageId rootid 15 tid 106024
target_page_id id: 18 tid 106024
0 1 tid 106024
191 16 tid 106024
365 14 tid 106024
492 19 tid 106024
634 18 tid 106024
174 tid 106024
Remove  tid 106024
FindTargetPageId rootid 15 tid 106025
target_page_id id: 18 tid 106025
0 1 tid 106025
191 16 tid 106025
365 14 tid 106025
492 19 tid 106025
634 18 tid 106025
173 tid 106025
Insert  tid 106025
FindTargetPageId rootid 15 tid 106023
target_page_id id: 18 tid 106023
0 1 tid 106023
191 16 tid 106023
365 14 tid 106023
492 19 tid 106023
634 18 tid 106023
174 tid 106023
Insert  tid 106023
FindTargetPageId rootid 15 tid 106024
target_page_id id: 18 tid 106024
0 1 tid 106024
191 16 tid 106024
365 14 tid 106024
492 19 tid 106024
634 18 tid 106024
174 tid 106024
Remove  tid 106024
FindTargetPageId rootid 15 tid 106025
target_page_id id: 18 tid 106025
0 1 tid 106025
191 16 tid 106025
365 14 tid 106025
492 19 tid 106025
634 18 tid 106025
173 tid 106025
Insert  tid 106025
FindTargetPageId rootid 15 tid 106023
target_page_id id: 18 tid 106023
0 1 tid 106023
191 16 tid 106023
365 14 tid 106023
492 19 tid 106023
634 18 tid 106023
174 tid 106023
Insert  tid 106023
FindTargetPageId rootid 15 tid 106024
target_page_id id: 18 tid 106024
0 1 tid 106024
191 16 tid 106024
365 14 tid 106024
492 19 tid 106024
634 18 tid 106024
174 tid 106024
Remove  tid 106024
FindTargetPageId rootid 15 tid 106025
target_page_id id: 18 tid 106025
0 1 tid 106025
191 16 tid 106025
365 14 tid 106025
492 19 tid 106025
634 18 tid 106025
173 tid 106025
Insert  tid 106025
FindTargetPageId rootid 15 tid 106023
target_page_id id: 18 tid 106023
0 1 tid 106023
191 16 tid 106023
365 14 tid 106023
492 19 tid 106023
634 18 tid 106023
174 tid 106023
Insert  tid 106023
FindTargetPageId rootid 15 tid 106024
target_page_id id: 18 tid 106024
0 1 tid 106024
191 16 tid 106024
365 14 tid 106024
492 19 tid 106024
634 18 tid 106024
174 tid 106024
Remove  tid 106024
FindTargetPageId rootid 15 tid 106025
target_page_id id: 18 tid 106025
0 1 tid 106025
191 16 tid 106025
365 14 tid 106025
492 19 tid 106025
634 18 tid 106025
173 tid 106025
Insert  tid 106025
FindTargetPageId rootid 15 tid 106023
target_page_id id: 18 tid 106023
0 1 tid 106023
191 16 tid 106023
365 14 tid 106023
492 19 tid 106023
634 18 tid 106023
174 tid 106023
Insert  tid 106023
FindTargetPageId rootid 15 tid 106024
target_page_id id: 18 tid 106024
0 1 tid 106024
191 16 tid 106024
365 14 tid 106024
492 19 tid 106024
634 18 tid 106024
174 tid 106024
Remove  tid 106024
FindTargetPageId rootid 15 tid 106025
target_page_id id: 18 tid 106025
0 1 tid 106025
191 16 tid 106025
365 14 tid 106025
492 19 tid 106025
634 18 tid 106025
173 tid 106025
Insert  tid 106025
FindTargetPageId rootid 15 tid 106023
target_page_id id: 18 tid 106023
0 1 tid 106023
191 16 tid 106023
365 14 tid 106023
492 19 tid 106023
634 18 tid 106023
174 tid 106023
Insert  tid 106023
FindTargetPageId rootid 15 tid 106024
target_page_id id: 18 tid 106024
0 1 tid 106024
191 16 tid 106024
365 14 tid 106024
492 19 tid 106024
634 18 tid 106024
174 tid 106024
FindTargetPageId rootid 15 tid 106025
target_page_id id: 18 tid 106025
0 1 tid 106025
191 16 tid 106025
365 14 tid 106025
492 19 tid 106025
634 18 tid 106025
173 tid 106025
Remove  tid 106024
Insert  tid 106025
FindTargetPageId rootid 15 tid 106023
target_page_id id: 18 tid 106023
0 1 tid 106023
191 16 tid 106023
365 14 tid 106023
492 19 tid 106023
634 18 tid 106023
174 tid 106023
Insert  tid 106023
FindTargetPageId rootid 15 tid 106024
target_page_id id: 18 tid 106024
0 1 tid 106024
191 16 tid 106024
365 14 tid 106024
492 19 tid 106024
634 18 tid 106024
174 tid 106024
Remove  tid 106024
FindTargetPageId rootid 15 tid 106025
target_page_id id: 18 tid 106025
0 1 tid 106025
191 16 tid 106025
365 14 tid 106025
492 19 tid 106025
634 18 tid 106025
173 tid 106025
Insert  tid 106025
FindTargetPageId rootid 15 tid 106023
target_page_id id: 18 tid 106023
0 1 tid 106023
191 16 tid 106023
365 14 tid 106023
492 19 tid 106023
634 18 tid 106023
174 tid 106023
Insert  tid 106023
FindTargetPageId rootid 15 tid 106024
target_page_id id: 18 tid 106024
0 1 tid 106024
191 16 tid 106024
365 14 tid 106024
492 19 tid 106024
634 18 tid 106024
174 tid 106024
Remove  tid 106024
FindTargetPageId rootid 15 tid 106024
target_page_id id: 18 tid 106024
0 1 tid 106024
191 16 tid 106024
365 14 tid 106024
492 19 tid 106024
634 18 tid 106024
173 tid 106024
Remove  tid 106024
FindTargetPageId rootid 15 tid 106024
target_page_id id: 18 tid 106024
0 1 tid 106024
191 16 tid 106024
365 14 tid 106024
492 19 tid 106024
634 18 tid 106024
172 tid 106024
Remove  tid 106024
FindTargetPageId rootid 15 tid 106024
target_page_id id: 18 tid 106024
0 1 tid 106024
191 16 tid 106024
365 14 tid 106024
492 19 tid 106024
634 18 tid 106024
171 tid 106024
Remove  tid 106024
FindTargetPageId rootid 15 tid 106024
target_page_id id: 18 tid 106024
0 1 tid 106024
191 16 tid 106024
365 14 tid 106024
492 19 tid 106024
634 18 tid 106024
170 tid 106024
Remove  tid 106024
FindTargetPageId rootid 15 tid 106024
target_page_id id: 18 tid 106024
0 1 tid 106024
191 16 tid 106024
365 14 tid 106024
492 19 tid 106024
634 18 tid 106024
169 tid 106024
Remove  tid 106024
FindTargetPageId rootid 15 tid 106024
target_page_id id: 18 tid 106024
0 1 tid 106024
191 16 tid 106024
365 14 tid 106024
492 19 tid 106024
634 18 tid 106024
168 tid 106024
Remove  tid 106024
FindTargetPageId rootid 15 tid 106024
target_page_id id: 18 tid 106024
0 1 tid 106024
191 16 tid 106024
365 14 tid 106024
492 19 tid 106024
634 18 tid 106024
167 tid 106024
Remove  tid 106024
FindTargetPageId rootid 15 tid 106024
target_page_id id: 18 tid 106024
0 1 tid 106024
191 16 tid 106024
365 14 tid 106024
492 19 tid 106024
634 18 tid 106024
166 tid 106024
Remove  tid 106024
FindTargetPageId rootid 15 tid 106024
target_page_id id: 18 tid 106024
0 1 tid 106024
191 16 tid 106024
365 14 tid 106024
492 19 tid 106024
634 18 tid 106024
165 tid 106024
Remove  tid 106024
FindTargetPageId rootid 15 tid 106023
target_page_id id: 18 tid 106023
0 1 tid 106023
191 16 tid 106023
365 14 tid 106023
492 19 tid 106023
634 18 tid 106023
164 tid 106023
Insert  tid 106023
FindTargetPageId rootid 15 tid 106023
target_page_id id: 18 tid 106023
0 1 tid 106023
191 16 tid 106023
365 14 tid 106023
492 19 tid 106023
634 18 tid 106023
164 tid 106023
Insert  tid 106023
FindTargetPageId rootid 15 tid 106023
target_page_id id: 18 tid 106023
0 1 tid 106023
191 16 tid 106023
365 14 tid 106023
492 19 tid 106023
634 18 tid 106023
164 tid 106023
Insert  tid 106023
FindTargetPageId rootid 15 tid 106023
target_page_id id: 18 tid 106023
0 1 tid 106023
191 16 tid 106023
365 14 tid 106023
492 19 tid 106023
634 18 tid 106023
164 tid 106023
Insert  tid 106023
FindTargetPageId rootid 15 tid 106023
target_page_id id: 18 tid 106023
0 1 tid 106023
191 16 tid 106023
365 14 tid 106023
492 19 tid 106023
634 18 tid 106023
164 tid 106023
Insert  tid 106023
FindTargetPageId rootid 15 tid 106023
target_page_id id: 18 tid 106023
0 1 tid 106023
191 16 tid 106023
365 14 tid 106023
492 19 tid 106023
634 18 tid 106023
164 tid 106023
Insert  tid 106023
FindTargetPageId rootid 15 tid 106023
target_page_id id: 18 tid 106023
0 1 tid 106023
191 16 tid 106023
365 14 tid 106023
492 19 tid 106023
634 18 tid 106023
164 tid 106023
Insert  tid 106023
FindTargetPageId rootid 15 tid 106023
target_page_id id: 18 tid 106023
0 1 tid 106023
191 16 tid 106023
365 14 tid 106023
492 19 tid 106023
634 18 tid 106023
164 tid 106023
Insert  tid 106023
FindTargetPageId rootid 15 tid 106023
target_page_id id: 18 tid 106023
0 1 tid 106023
191 16 tid 106023
365 14 tid 106023
492 19 tid 106023
634 18 tid 106023
164 tid 106023
Insert  tid 106023
FindTargetPageId rootid 15 tid 106023
target_page_id id: 18 tid 106023
0 1 tid 106023
191 16 tid 106023
365 14 tid 106023
492 19 tid 106023
634 18 tid 106023
164 tid 106023
Insert  tid 106023
FindTargetPageId rootid 15 tid 106024
target_page_id id: 18 tid 106024
0 1 tid 106024
191 16 tid 106024
365 14 tid 106024
492 19 tid 106024
634 18 tid 106024
164 tid 106024
Remove  tid 106024
FindTargetPageId rootid 15 tid 106025
target_page_id id: 18 tid 106025
0 1 tid 106025
191 16 tid 106025
365 14 tid 106025
492 19 tid 106025
634 18 tid 106025
163 tid 106025
Insert  tid 106025
FindTargetPageId rootid 15 tid 106025
target_page_id id: 18 tid 106025
0 1 tid 106025
191 16 tid 106025
365 14 tid 106025
492 19 tid 106025
634 18 tid 106025
164 tid 106025
Insert  tid 106025
FindTargetPageId rootid 15 tid 106025
target_page_id id: 18 tid 106025
0 1 tid 106025
191 16 tid 106025
365 14 tid 106025
492 19 tid 106025
634 18 tid 106025
165 tid 106025
Insert  tid 106025
FindTargetPageId rootid 15 tid 106025
target_page_id id: 18 tid 106025
0 1 tid 106025
191 16 tid 106025
365 14 tid 106025
492 19 tid 106025
634 18 tid 106025
166 tid 106025
Insert  tid 106025
FindTargetPageId rootid 15 tid 106025
target_page_id id: 18 tid 106025
0 1 tid 106025
191 16 tid 106025
365 14 tid 106025
492 19 tid 106025
634 18 tid 106025
167 tid 106025
Insert  tid 106025
FindTargetPageId rootid 15 tid 106025
target_page_id id: 18 tid 106025
0 1 tid 106025
191 16 tid 106025
365 14 tid 106025
492 19 tid 106025
634 18 tid 106025
168 tid 106025
Insert  tid 106025
FindTargetPageId rootid 15 tid 106025
target_page_id id: 18 tid 106025
0 1 tid 106025
191 16 tid 106025
365 14 tid 106025
492 19 tid 106025
634 18 tid 106025
169 tid 106025
Insert  tid 106025
FindTargetPageId rootid 15 tid 106025
target_page_id id: 18 tid 106025
0 1 tid 106025
191 16 tid 106025
365 14 tid 106025
492 19 tid 106025
634 18 tid 106025
170 tid 106025
Insert  tid 106025
FindTargetPageId rootid 15 tid 106024
target_page_id id: 18 tid 106024
0 1 tid 106024
191 16 tid 106024
365 14 tid 106024
492 19 tid 106024
634 18 tid 106024
171 tid 106024
Remove  tid 106024
FindTargetPageId rootid 15 tid 106023
target_page_id id: 18 tid 106023
0 1 tid 106023
191 16 tid 106023
365 14 tid 106023
492 19 tid 106023
634 18 tid 106023
170 tid 106023
Insert  tid 106023
FindTargetPageId rootid 15 tid 106025
target_page_id id: 18 tid 106025
0 1 tid 106025
191 16 tid 106025
365 14 tid 106025
492 19 tid 106025
634 18 tid 106025
170 tid 106025
Insert  tid 106025
FindTargetPageId rootid 15 tid 106024
target_page_id id: 18 tid 106024
0 1 tid 106024
191 16 tid 106024
365 14 tid 106024
492 19 tid 106024
634 18 tid 106024
171 tid 106024
Remove  tid 106024
FindTargetPageId rootid 15 tid 106023
target_page_id id: 18 tid 106023
0 1 tid 106023
191 16 tid 106023
365 14 tid 106023
492 19 tid 106023
634 18 tid 106023
170 tid 106023
Insert  tid 106023
FindTargetPageId rootid 15 tid 106025
target_page_id id: 18 tid 106025
0 1 tid 106025
191 16 tid 106025
365 14 tid 106025
492 19 tid 106025
634 18 tid 106025
170 tid 106025
Insert  tid 106025
FindTargetPageId rootid 15 tid 106024
target_page_id id: 18 tid 106024
0 1 tid 106024
191 16 tid 106024
365 14 tid 106024
492 19 tid 106024
634 18 tid 106024
171 tid 106024
Remove  tid 106024
FindTargetPageId rootid 15 tid 106023
target_page_id id: 18 tid 106023
0 1 tid 106023
191 16 tid 106023
365 14 tid 106023
492 19 tid 106023
634 18 tid 106023
170 tid 106023
Insert  tid 106023
FindTargetPageId rootid 15 tid 106025
target_page_id id: 18 tid 106025
0 1 tid 106025
191 16 tid 106025
365 14 tid 106025
492 19 tid 106025
634 18 tid 106025
170 tid 106025
Insert  tid 106025
FindTargetPageId rootid 15 tid 106024
target_page_id id: 18 tid 106024
0 1 tid 106024
191 16 tid 106024
365 14 tid 106024
492 19 tid 106024
634 18 tid 106024
171 tid 106024
Remove  tid 106024
FindTargetPageId rootid 15 tid 106023
target_page_id id: 18 tid 106023
0 1 tid 106023
191 16 tid 106023
365 14 tid 106023
492 19 tid 106023
634 18 tid 106023
170 tid 106023
Insert  tid 106023
FindTargetPageId rootid 15 tid 106025
target_page_id id: 18 tid 106025
0 1 tid 106025
191 16 tid 106025
365 14 tid 106025
492 19 tid 106025
634 18 tid 106025
170 tid 106025
Insert  tid 106025
FindTargetPageId rootid 15 tid 106024
target_page_id id: 18 tid 106024
0 1 tid 106024
191 16 tid 106024
365 14 tid 106024
492 19 tid 106024
634 18 tid 106024
171 tid 106024
Remove  tid 106024
FindTargetPageId rootid 15 tid 106023
target_page_id id: 18 tid 106023
0 1 tid 106023
191 16 tid 106023
365 14 tid 106023
492 19 tid 106023
634 18 tid 106023
170 tid 106023
Insert  tid 106023
FindTargetPageId rootid 15 tid 106025
target_page_id id: 18 tid 106025
0 1 tid 106025
191 16 tid 106025
365 14 tid 106025
492 19 tid 106025
634 18 tid 106025
170 tid 106025
Insert  tid 106025
FindTargetPageId rootid 15 tid 106024
target_page_id id: 18 tid 106024
0 1 tid 106024
191 16 tid 106024
365 14 tid 106024
492 19 tid 106024
634 18 tid 106024
171 tid 106024
Remove  tid 106024
FindTargetPageId rootid 15 tid 106023
target_page_id id: 18 tid 106023
0 1 tid 106023
191 16 tid 106023
365 14 tid 106023
492 19 tid 106023
634 18 tid 106023
170 tid 106023
Insert  tid 106023
FindTargetPageId rootid 15 tid 106025
target_page_id id: 18 tid 106025
0 1 tid 106025
191 16 tid 106025
365 14 tid 106025
492 19 tid 106025
634 18 tid 106025
170 tid 106025
Insert  tid 106025
FindTargetPageId rootid 15 tid 106024
target_page_id id: 18 tid 106024
0 1 tid 106024
191 16 tid 106024
365 14 tid 106024
492 19 tid 106024
634 18 tid 106024
171 tid 106024
Remove  tid 106024
FindTargetPageId rootid 15 tid 106023
target_page_id id: 18 tid 106023
0 1 tid 106023
191 16 tid 106023
365 14 tid 106023
492 19 tid 106023
634 18 tid 106023
170 tid 106023
Insert  tid 106023
FindTargetPageId rootid 15 tid 106023
target_page_id id: 18 tid 106023
0 1 tid 106023
191 16 tid 106023
365 14 tid 106023
492 19 tid 106023
634 18 tid 106023
170 tid 106023
Insert  tid 106023
FindTargetPageId rootid 15 tid 106023
target_page_id id: 18 tid 106023
0 1 tid 106023
191 16 tid 106023
365 14 tid 106023
492 19 tid 106023
634 18 tid 106023
170 tid 106023
Insert  tid 106023
FindTargetPageId rootid 15 tid 106023
target_page_id id: 18 tid 106023
0 1 tid 106023
191 16 tid 106023
365 14 tid 106023
492 19 tid 106023
634 18 tid 106023
170 tid 106023
Insert  tid 106023
FindTargetPageId rootid 15 tid 106025
target_page_id id: 18 tid 106025
0 1 tid 106025
191 16 tid 106025
365 14 tid 106025
492 19 tid 106025
634 18 tid 106025
170 tid 106025
Insert  tid 106025
FindTargetPageId rootid 15 tid 106024
target_page_id id: 18 tid 106024
0 1 tid 106024
191 16 tid 106024
365 14 tid 106024
492 19 tid 106024
634 18 tid 106024
171 tid 106024
Remove  tid 106024
FindTargetPageId rootid 15 tid 106023
target_page_id id: 18 tid 106023
0 1 tid 106023
191 16 tid 106023
365 14 tid 106023
492 19 tid 106023
634 18 tid 106023
170 tid 106023
Insert  tid 106023
FindTargetPageId rootid 15 tid 106025
target_page_id id: 18 tid 106025
0 1 tid 106025
191 16 tid 106025
365 14 tid 106025
492 19 tid 106025
634 18 tid 106025
170 tid 106025
Insert  tid 106025
FindTargetPageId rootid 15 tid 106024
target_page_id id: 18 tid 106024
0 1 tid 106024
191 16 tid 106024
365 14 tid 106024
492 19 tid 106024
634 18 tid 106024
171 tid 106024
Remove  tid 106024
FindTargetPageId rootid 15 tid 106023
target_page_id id: 18 tid 106023
0 1 tid 106023
191 16 tid 106023
365 14 tid 106023
492 19 tid 106023
634 18 tid 106023
170 tid 106023
Insert  tid 106023
FindTargetPageId rootid 15 tid 106025
target_page_id id: 18 tid 106025
0 1 tid 106025
191 16 tid 106025
365 14 tid 106025
492 19 tid 106025
634 18 tid 106025
170 tid 106025
Insert  tid 106025
FindTargetPageId rootid 15 tid 106024
target_page_id id: 18 tid 106024
0 1 tid 106024
191 16 tid 106024
365 14 tid 106024
492 19 tid 106024
634 18 tid 106024
171 tid 106024
FindTargetPageId rootid 15 tid 106023
target_page_id id: 18 tid 106023
0 1 tid 106023
191 16 tid 106023
365 14 tid 106023
492 19 tid 106023
634 18 tid 106023
170 tid 106023
Remove  tid 106024
FindTargetPageId rootid 15 tid 106025
target_page_id id: 18 tid 106025
0 1 tid 106025
191 16 tid 106025
365 14 tid 106025
492 19 tid 106025
634 18 tid 106025
Insert  tid 106023
170 tid 106025
Insert  tid 106025
FindTargetPageId rootid 15 tid 106024
target_page_id id: 18 tid 106024
0 1 tid 106024
191 16 tid 106024
365 14 tid 106024
492 19 tid 106024
634 18 tid 106024
171 tid 106024
Remove  tid 106024
FindTargetPageId rootid 15 tid 106024
target_page_id id: 18 tid 106024
0 1 tid 106024
191 16 tid 106024
365 14 tid 106024
492 19 tid 106024
634 18 tid 106024
170 tid 106024
Remove  tid 106024
FindTargetPageId rootid 15 tid 106024
target_page_id id: 18 tid 106024
0 1 tid 106024
191 16 tid 106024
365 14 tid 106024
492 19 tid 106024
634 18 tid 106024
169 tid 106024
Remove  tid 106024
FindTargetPageId rootid 15 tid 106024
target_page_id id: 18 tid 106024
0 1 tid 106024
191 16 tid 106024
365 14 tid 106024
492 19 tid 106024
634 18 tid 106024
168 tid 106024
Remove  tid 106024
FindTargetPageId rootid 15 tid 106024
target_page_id id: 18 tid 106024
0 1 tid 106024
191 16 tid 106024
365 14 tid 106024
492 19 tid 106024
634 18 tid 106024
167 tid 106024
Remove  tid 106024
FindTargetPageId rootid 15 tid 106025
target_page_id id: 18 tid 106025
0 1 tid 106025
191 16 tid 106025
365 14 tid 106025
492 19 tid 106025
634 18 tid 106025
166 tid 106025
Insert  tid 106025
FindTargetPageId rootid 15 tid 106023
target_page_id id: 18 tid 106023
0 1 tid 106023
191 16 tid 106023
365 14 tid 106023
492 19 tid 106023
634 18 tid 106023
167 tid 106023
Insert  tid 106023
FindTargetPageId rootid 15 tid 106023
target_page_id id: 18 tid 106023
0 1 tid 106023
191 16 tid 106023
365 14 tid 106023
492 19 tid 106023
634 18 tid 106023
167 tid 106023
Insert  tid 106023
FindTargetPageId rootid 15 tid 106025
target_page_id id: 18 tid 106025
0 1 tid 106025
191 16 tid 106025
365 14 tid 106025
492 19 tid 106025
634 18 tid 106025
167 tid 106025
Insert  tid 106025
FindTargetPageId rootid 15 tid 106024
target_page_id id: 18 tid 106024
0 1 tid 106024
191 16 tid 106024
365 14 tid 106024
492 19 tid 106024
634 18 tid 106024
168 tid 106024
Remove  tid 106024
FindTargetPageId rootid 15 tid 106023
target_page_id id: 18 tid 106023
0 1 tid 106023
191 16 tid 106023
365 14 tid 106023
492 19 tid 106023
634 18 tid 106023
167 tid 106023
Insert  tid 106023
FindTargetPageId rootid 15 tid 106023
target_page_id id: 18 tid 106023
0 1 tid 106023
191 16 tid 106023
365 14 tid 106023
492 19 tid 106023
634 18 tid 106023
167 tid 106023
Insert  tid 106023
FindTargetPageId rootid 15 tid 106024
target_page_id id: 18 tid 106024
0 1 tid 106024
191 16 tid 106024
365 14 tid 106024
492 19 tid 106024
634 18 tid 106024
167 tid 106024
Remove  tid 106024
FindTargetPageId rootid 15 tid 106025
target_page_id id: 18 tid 106025
0 1 tid 106025
191 16 tid 106025
365 14 tid 106025
492 19 tid 106025
634 18 tid 106025
166 tid 106025
Insert  tid 106025
FindTargetPageId rootid 15 tid 106023
target_page_id id: 18 tid 106023
0 1 tid 106023
191 16 tid 106023
365 14 tid 106023
492 19 tid 106023
634 18 tid 106023
167 tid 106023
Insert  tid 106023
FindTargetPageId rootid 15 tid 106024
target_page_id id: 18 tid 106024
0 1 tid 106024
191 16 tid 106024
365 14 tid 106024
492 19 tid 106024
634 18 tid 106024
167 tid 106024
Remove  tid 106024
FindTargetPageId rootid 15 tid 106025
target_page_id id: 18 tid 106025
0 1 tid 106025
191 16 tid 106025
365 14 tid 106025
492 19 tid 106025
634 18 tid 106025
166 tid 106025
FindTargetPageId rootid 15 tid 106023
target_page_id id: 18 tid 106023
0 1 tid 106023
191 16 tid 106023
365 14 tid 106023
492 19 tid 106023
634 18 tid 106023
Insert  tid 167 tid 106023
106025
FindTargetPageId rootid 15 tid 106024
target_page_id id: 18 tid 106024
0 1 tid 106024
191 16 tid 106024
365 14 tid 106024
492 19 tid 106024
634 18 tid 106024
167 tid 106024
Insert  tid 106023
FindTargetPageId rootid 15 tid 106025
target_page_id id: 18 tid 106025
0 1 tid 106025
191 16 tid 106025
365 14 tid 106025
492 19 tid 106025
634 18 tid 106025
Remove  tid 106024
166 tid 106025
Insert  tid 106025
FindTargetPageId rootid 15 tid 106023
target_page_id id: 18 tid 106023
0 1 tid 106023
191 16 tid 106023
365 14 tid 106023
492 19 tid 106023
634 18 tid 106023
167 tid 106023
Insert  tid 106023
FindTargetPageId rootid 15 tid 106024
target_page_id id: 18 tid 106024
0 1 tid 106024
191 16 tid 106024
365 14 tid 106024
492 19 tid 106024
634 18 tid 106024
167 tid 106024
Remove  tid 106024
FindTargetPageId rootid 15 tid 106024
target_page_id id: 18 tid 106024
0 1 tid 106024
191 16 tid 106024
365 14 tid 106024
492 19 tid 106024
634 18 tid 106024
166 tid 106024
Remove  tid 106024
FindTargetPageId rootid 15 tid 106023
target_page_id id: 18 tid 106023
0 1 tid 106023
191 16 tid 106023
365 14 tid 106023
492 19 tid 106023
634 18 tid 106023
165 tid 106023
Insert  tid 106023
FindTargetPageId rootid 15 tid 106025
target_page_id id: 18 tid 106025
0 1 tid 106025
191 16 tid 106025
365 14 tid 106025
492 19 tid 106025
634 18 tid 106025
165 tid 106025
Insert  tid 106025
FindTargetPageId rootid 15 tid 106024
target_page_id id: 18 tid 106024
0 1 tid 106024
191 16 tid 106024
365 14 tid 106024
492 19 tid 106024
634 18 tid 106024
166 tid 106024
Remove  tid 106024
FindTargetPageId rootid 15 tid 106023
target_page_id id: 18 tid 106023
0 1 tid 106023
191 16 tid 106023
365 14 tid 106023
492 19 tid 106023
634 18 tid 106023
165 tid 106023
Insert  tid 106023
FindTargetPageId rootid 15 tid 106023
target_page_id id: 18 tid 106023
0 1 tid 106023
191 16 tid 106023
365 14 tid 106023
492 19 tid 106023
634 18 tid 106023
165 tid 106023
Insert  tid 106023
FindTargetPageId rootid 15 tid 106024
target_page_id id: 18 tid 106024
0 1 tid 106024
191 16 tid 106024
365 14 tid 106024
492 19 tid 106024
634 18 tid 106024
165 tid 106024
Remove  tid 106024
FindTargetPageId rootid 15 tid 106025
target_page_id id: 18 tid 106025
0 1 tid 106025
191 16 tid 106025
365 14 tid 106025
492 19 tid 106025
634 18 tid 106025
164 tid 106025
Insert  tid 106025
FindTargetPageId rootid 15 tid 106023
target_page_id id: 18 tid 106023
0 1 tid 106023
191 16 tid 106023
365 14 tid 106023
492 19 tid 106023
634 18 tid 106023
165 tid 106023
Insert  tid 106023
FindTargetPageId rootid 15 tid 106024
target_page_id id: 18 tid 106024
0 1 tid 106024
191 16 tid 106024
365 14 tid 106024
492 19 tid 106024
634 18 tid 106024
165 tid 106024
Remove  tid 106024
FindTargetPageId rootid 15 tid 106025
target_page_id id: 18 tid 106025
0 1 tid 106025
191 16 tid 106025
365 14 tid 106025
492 19 tid 106025
634 18 tid 106025
164 tid 106025
Insert  tid 106025
FindTargetPageId rootid 15 tid 106023
target_page_id id: 18 tid 106023
0 1 tid 106023
191 16 tid 106023
365 14 tid 106023
492 19 tid 106023
634 18 tid 106023
165 tid 106023
Insert  tid 106023
FindTargetPageId rootid 15 tid 106024
target_page_id id: 18 tid 106024
0 1 tid 106024
191 16 tid 106024
365 14 tid 106024
492 19 tid 106024
634 18 tid 106024
165 tid 106024
Remove  tid 106024
FindTargetPageId rootid 15 tid 106025
target_page_id id: 18 tid 106025
0 1 tid 106025
191 16 tid 106025
365 14 tid 106025
492 19 tid 106025
634 18 tid 106025
164 tid 106025
Insert  tid 106025
FindTargetPageId rootid 15 tid 106023
target_page_id id: 18 tid 106023
0 1 tid 106023
191 16 tid 106023
365 14 tid 106023
492 19 tid 106023
634 18 tid 106023
165 tid 106023
Insert  tid 106023
FindTargetPageId rootid 15 tid 106024
target_page_id id: 18 tid 106024
0 1 tid 106024
191 16 tid 106024
365 14 tid 106024
492 19 tid 106024
634 18 tid 106024
165 tid 106024
Remove  tid 106024
FindTargetPageId rootid 15 tid 106025
target_page_id id: 18 tid 106025
0 1 tid 106025
191 16 tid 106025
365 14 tid 106025
492 19 tid 106025
634 18 tid 106025
164 tid 106025
Insert  tid 106025
FindTargetPageId rootid 15 tid 106023
target_page_id id: 18 tid 106023
0 1 tid 106023
191 16 tid 106023
365 14 tid 106023
492 19 tid 106023
634 18 tid 106023
165 tid 106023
Insert  tid 106023
FindTargetPageId rootid 15 tid 106024
target_page_id id: 18 tid 106024
0 1 tid 106024
191 16 tid 106024
365 14 tid 106024
492 19 tid 106024
634 18 tid 106024
165 tid 106024
Remove  tid 106024
FindTargetPageId rootid 15 tid 106025
target_page_id id: 18 tid 106025
0 1 tid 106025
191 16 tid 106025
365 14 tid 106025
492 19 tid 106025
634 18 tid 106025
164 tid 106025
Insert  tid 106025
FindTargetPageId rootid 15 tid 106023
target_page_id id: 18 tid 106023
0 1 tid 106023
191 16 tid 106023
365 14 tid 106023
492 19 tid 106023
634 18 tid 106023
165 tid 106023
Insert  tid 106023
FindTargetPageId rootid 15 tid 106024
target_page_id id: 18 tid 106024
0 1 tid 106024
191 16 tid 106024
365 14 tid 106024
492 19 tid 106024
634 18 tid 106024
165 tid 106024
Remove  tid 106024
FindTargetPageId rootid 15 tid 106025
target_page_id id: 18 tid 106025
0 1 tid 106025
191 16 tid 106025
365 14 tid 106025
492 19 tid 106025
634 18 tid 106025
164 tid 106025
Insert  tid 106025
FindTargetPageId rootid 15 tid 106023
target_page_id id: 18 tid 106023
0 1 tid 106023
191 16 tid 106023
365 14 tid 106023
492 19 tid 106023
634 18 tid 106023
165 tid 106023
Insert  tid 106023
FindTargetPageId rootid 15 tid 106024
target_page_id id: 18 tid 106024
0 1 tid 106024
191 16 tid 106024
365 14 tid 106024
492 19 tid 106024
634 18 tid 106024
165 tid 106024
Remove  tid 106024
FindTargetPageId rootid 15 tid 106025
target_page_id id: 18 tid 106025
0 1 tid 106025
191 16 tid 106025
365 14 tid 106025
492 19 tid 106025
634 18 tid 106025
164 tid 106025
Insert  tid 106025
FindTargetPageId rootid 15 tid 106023
target_page_id id: 18 tid 106023
0 1 tid 106023
191 16 tid 106023
365 14 tid 106023
492 19 tid 106023
634 18 tid 106023
165 tid 106023
Insert  tid 106023
FindTargetPageId rootid 15 tid 106024
target_page_id id: 18 tid 106024
0 1 tid 106024
191 16 tid 106024
365 14 tid 106024
492 19 tid 106024
634 18 tid 106024
165 tid 106024
Remove  tid 106024
FindTargetPageId rootid 15 tid 106025
target_page_id id: 18 tid 106025
0 1 tid 106025
191 16 tid 106025
365 14 tid 106025
492 19 tid 106025
634 18 tid 106025
164 tid 106025
Insert  tid 106025
FindTargetPageId rootid 15 tid 106025
target_page_id id: 18 tid 106025
0 1 tid 106025
191 16 tid 106025
365 14 tid 106025
492 19 tid 106025
634 18 tid 106025
165 tid 106025
Insert  tid 106025
FindTargetPageId rootid 15 tid 106025
target_page_id id: 18 tid 106025
0 1 tid 106025
191 16 tid 106025
365 14 tid 106025
492 19 tid 106025
634 18 tid 106025
166 tid 106025
Insert  tid 106025
FindTargetPageId rootid 15 tid 106023
target_page_id id: 18 tid 106023
0 1 tid 106023
191 16 tid 106023
365 14 tid 106023
492 19 tid 106023
634 18 tid 106023
167 tid 106023
Insert  tid 106023
FindTargetPageId rootid 15 tid 106023
target_page_id id: 18 tid 106023
0 1 tid 106023
191 16 tid 106023
365 14 tid 106023
492 19 tid 106023
634 18 tid 106023
167 tid 106023
Insert  tid 106023
FindTargetPageId rootid 15 tid 106023
target_page_id id: 18 tid 106023
0 1 tid 106023
191 16 tid 106023
365 14 tid 106023
492 19 tid 106023
634 18 tid 106023
167 tid 106023
Insert  tid 106023
FindTargetPageId rootid 15 tid 106024
target_page_id id: 18 tid 106024
0 1 tid 106024
191 16 tid 106024
365 14 tid 106024
492 19 tid 106024
634 18 tid 106024
167 tid 106024
Remove  tid 106024
FindTargetPageId rootid 15 tid 106025
target_page_id id: 18 tid 106025
0 1 tid 106025
191 16 tid 106025
365 14 tid 106025
492 19 tid 106025
634 18 tid 106025
166 tid 106025
Insert  tid 106025
FindTargetPageId rootid 15 tid 106025
target_page_id id: 18 tid 106025
0 1 tid 106025
191 16 tid 106025
365 14 tid 106025
492 19 tid 106025
634 18 tid 106025
167 tid 106025
Insert  tid 106025
FindTargetPageId rootid 15 tid 106025
target_page_id id: 18 tid 106025
0 1 tid 106025
191 16 tid 106025
365 14 tid 106025
492 19 tid 106025
634 18 tid 106025
168 tid 106025
Insert  tid 106025
FindTargetPageId rootid 15 tid 106023
target_page_id id: 18 tid 106023
0 1 tid 106023
191 16 tid 106023
365 14 tid 106023
492 19 tid 106023
634 18 tid 106023
169 tid 106023
Insert  tid 106023
FindTargetPageId rootid 15 tid 106024
target_page_id id: 18 tid 106024
0 1 tid 106024
191 16 tid 106024
365 14 tid 106024
492 19 tid 106024
634 18 tid 106024
169 tid 106024
Remove  tid 106024
FindTargetPageId rootid 15 tid 106025
target_page_id id: 18 tid 106025
0 1 tid 106025
191 16 tid 106025
365 14 tid 106025
492 19 tid 106025
634 18 tid 106025
168 tid 106025
Insert  tid 106025
FindTargetPageId rootid 15 tid 106023
target_page_id id: 18 tid 106023
0 1 tid 106023
191 16 tid 106023
365 14 tid 106023
492 19 tid 106023
634 18 tid 106023
169 tid 106023
Insert  tid 106023
FindTargetPageId rootid 15 tid 106023
target_page_id id: 18 tid 106023
0 1 tid 106023
191 16 tid 106023
365 14 tid 106023
492 19 tid 106023
634 18 tid 106023
169 tid 106023
Insert  tid 106023
FindTargetPageId rootid 15 tid 106024
target_page_id id: 18 tid 106024
0 1 tid 106024
191 16 tid 106024
365 14 tid 106024
492 19 tid 106024
634 18 tid 106024
169 tid 106024
Remove  tid 106024
FindTargetPageId rootid 15 tid 106024
target_page_id id: 18 tid 106024
0 1 tid 106024
191 16 tid 106024
365 14 tid 106024
492 19 tid 106024
634 18 tid 106024
168 tid 106024
Remove  tid 106024
FindTargetPageId rootid 15 tid 106024
target_page_id id: 18 tid 106024
0 1 tid 106024
191 16 tid 106024
365 14 tid 106024
492 19 tid 106024
634 18 tid 106024
167 tid 106024
Remove  tid 106024
FindTargetPageId rootid 15 tid 106025
target_page_id id: 18 tid 106025
0 1 tid 106025
191 16 tid 106025
365 14 tid 106025
492 19 tid 106025
634 18 tid 106025
166 tid 106025
Insert  tid 106025
FindTargetPageId rootid 15 tid 106025
target_page_id id: 18 tid 106025
0 1 tid 106025
191 16 tid 106025
365 14 tid 106025
492 19 tid 106025
634 18 tid 106025
167 tid 106025
Insert  tid 106025
FindTargetPageId rootid 15 tid 106023
target_page_id id: 18 tid 106023
0 1 tid 106023
191 16 tid 106023
365 14 tid 106023
492 19 tid 106023
634 18 tid 106023
168 tid 106023
Insert  tid 106023
FindTargetPageId rootid 15 tid 106023
target_page_id id: 18 tid 106023
0 1 tid 106023
191 16 tid 106023
365 14 tid 106023
492 19 tid 106023
634 18 tid 106023
168 tid 106023
Insert  tid 106023
FindTargetPageId rootid 15 tid 106023
target_page_id id: 18 tid 106023
0 1 tid 106023
191 16 tid 106023
365 14 tid 106023
492 19 tid 106023
634 18 tid 106023
168 tid 106023
Insert  tid 106023
FindTargetPageId rootid 15 tid 106023
target_page_id id: 18 tid 106023
0 1 tid 106023
191 16 tid 106023
365 14 tid 106023
492 19 tid 106023
634 18 tid 106023
168 tid 106023
Insert  tid 106023
FindTargetPageId rootid 15 tid 106023
target_page_id id: 18 tid 106023
0 1 tid 106023
191 16 tid 106023
365 14 tid 106023
492 19 tid 106023
634 18 tid 106023
168 tid 106023
Insert  tid 106023
FindTargetPageId rootid 15 tid 106023
target_page_id id: 18 tid 106023
0 1 tid 106023
191 16 tid 106023
365 14 tid 106023
492 19 tid 106023
634 18 tid 106023
168 tid 106023
Insert  tid 106023
FindTargetPageId rootid 15 tid 106023
target_page_id id: 18 tid 106023
0 1 tid 106023
191 16 tid 106023
365 14 tid 106023
492 19 tid 106023
634 18 tid 106023
168 tid 106023
Insert  tid 106023
FindTargetPageId rootid 15 tid 106024
target_page_id id: 18 tid 106024
0 1 tid 106024
191 16 tid 106024
365 14 tid 106024
492 19 tid 106024
634 18 tid 106024
168 tid 106024
Remove  tid 106024
FindTargetPageId rootid 15 tid 106024
target_page_id id: 18 tid 106024
0 1 tid 106024
191 16 tid 106024
365 14 tid 106024
492 19 tid 106024
634 18 tid 106024
167 tid 106024
Remove  tid 106024
FindTargetPageId rootid 15 tid 106024
target_page_id id: 18 tid 106024
0 1 tid 106024
191 16 tid 106024
365 14 tid 106024
492 19 tid 106024
634 18 tid 106024
166 tid 106024
Remove  tid 106024
FindTargetPageId rootid 15 tid 106024
target_page_id id: 18 tid 106024
0 1 tid 106024
191 16 tid 106024
365 14 tid 106024
492 19 tid 106024
634 18 tid 106024
165 tid 106024
Remove  tid 106024
FindTargetPageId rootid 15 tid 106024
target_page_id id: 18 tid 106024
0 1 tid 106024
191 16 tid 106024
365 14 tid 106024
492 19 tid 106024
634 18 tid 106024
164 tid 106024
Remove  tid 106024
FindTargetPageId rootid 15 tid 106024
target_page_id id: 18 tid 106024
0 1 tid 106024
191 16 tid 106024
365 14 tid 106024
492 19 tid 106024
634 18 tid 106024
163 tid 106024
Remove  tid 106024
FindTargetPageId rootid 15 tid 106024
target_page_id id: 18 tid 106024
0 1 tid 106024
191 16 tid 106024
365 14 tid 106024
492 19 tid 106024
634 18 tid 106024
162 tid 106024
Remove  tid 106024
FindTargetPageId rootid 15 tid 106023
target_page_id id: 18 tid 106023
0 1 tid 106023
191 16 tid 106023
365 14 tid 106023
492 19 tid 106023
634 18 tid 106023
161 tid 106023
Insert  tid 106023
FindTargetPageId rootid 15 tid 106025
target_page_id id: 18 tid 106025
0 1 tid 106025
191 16 tid 106025
365 14 tid 106025
492 19 tid 106025
634 18 tid 106025
161 tid 106025
Insert  tid 106025
FindTargetPageId rootid 15 tid 106024
target_page_id id: 18 tid 106024
0 1 tid 106024
191 16 tid 106024
365 14 tid 106024
492 19 tid 106024
634 18 tid 106024
162 tid 106024
Remove  tid 106024
FindTargetPageId rootid 15 tid 106024
target_page_id id: 18 tid 106024
0 1 tid 106024
191 16 tid 106024
365 14 tid 106024
492 19 tid 106024
634 18 tid 106024
161 tid 106024
Remove  tid 106024
FindTargetPageId rootid 15 tid 106024
target_page_id id: 18 tid 106024
0 1 tid 106024
191 16 tid 106024
365 14 tid 106024
492 19 tid 106024
634 18 tid 106024
160 tid 106024
Remove  tid 106024
FindTargetPageId rootid 15 tid 106024
target_page_id id: 18 tid 106024
0 1 tid 106024
191 16 tid 106024
365 14 tid 106024
492 19 tid 106024
634 18 tid 106024
159 tid 106024
Remove  tid 106024
FindTargetPageId rootid 15 tid 106024
target_page_id id: 18 tid 106024
0 1 tid 106024
191 16 tid 106024
365 14 tid 106024
492 19 tid 106024
634 18 tid 106024
158 tid 106024
Remove  tid 106024
FindTargetPageId rootid 15 tid 106024
target_page_id id: 18 tid 106024
0 1 tid 106024
191 16 tid 106024
365 14 tid 106024
492 19 tid 106024
634 18 tid 106024
157 tid 106024
Remove  tid 106024
FindTargetPageId rootid 15 tid 106024
target_page_id id: 18 tid 106024
0 1 tid 106024
191 16 tid 106024
365 14 tid 106024
492 19 tid 106024
634 18 tid 106024
156 tid 106024
Remove  tid 106024
FindTargetPageId rootid 15 tid 106024
target_page_id id: 18 tid 106024
0 1 tid 106024
191 16 tid 106024
365 14 tid 106024
492 19 tid 106024
634 18 tid 106024
155 tid 106024
Remove  tid 106024
FindTargetPageId rootid 15 tid 106024
target_page_id id: 18 tid 106024
0 1 tid 106024
191 16 tid 106024
365 14 tid 106024
492 19 tid 106024
634 18 tid 106024
154 tid 106024
Remove  tid 106024
FindTargetPageId rootid 15 tid 106024
target_page_id id: 18 tid 106024
0 1 tid 106024
191 16 tid 106024
365 14 tid 106024
492 19 tid 106024
634 18 tid 106024
153 tid 106024
Remove  tid 106024
FindTargetPageId rootid 15 tid 106023
target_page_id id: 18 tid 106023
0 1 tid 106023
191 16 tid 106023
365 14 tid 106023
492 19 tid 106023
634 18 tid 106023
152 tid 106023
FindTargetPageId rootid 15 tid 106025
target_page_id id: 18 tid 106025
0 1 tid 106025
191 16 tid 106025
365 14 tid 106025
492 19 tid 106025
634 18 tid 106025
Insert  tid 106023
152 tid 106025
Insert  tid 106025
FindTargetPageId rootid 15 tid 106025
target_page_id id: 18 tid 106025
0 1 tid 106025
191 16 tid 106025
365 14 tid 106025
492 19 tid 106025
634 18 tid 106025
153 tid 106025
FindTargetPageId rootid 15 tid 106023
target_page_id id: 18 tid 106023
0 1 tid 106023
191 16 tid 106023
365 14 tid 106023
492 19 tid 106023
634 18 tid 106023
154 tid 106023
Insert  tid 106025
Insert  tid 106023
FindTargetPageId rootid 15 tid 106025
target_page_id id: 18 tid 106025
0 1 tid 106025
191 16 tid 106025
365 14 tid 106025
492 19 tid 106025
634 18 tid 106025
154 tid 106025
Insert  tid 106025
FindTargetPageId rootid 15 tid 106024
target_page_id id: 18 tid 106024
0 1 tid 106024
191 16 tid 106024
365 14 tid 106024
492 19 tid 106024
634 18 tid 106024
155 tid 106024
Remove  tid 106024
FindTargetPageId rootid 15 tid 106024
target_page_id id: 18 tid 106024
0 1 tid 106024
191 16 tid 106024
365 14 tid 106024
492 19 tid 106024
634 18 tid 106024
154 tid 106024
Remove  tid 106024
FindTargetPageId rootid 15 tid 106024
target_page_id id: 18 tid 106024
0 1 tid 106024
191 16 tid 106024
365 14 tid 106024
492 19 tid 106024
634 18 tid 106024
153 tid 106024
Remove  tid 106024
FindTargetPageId rootid 15 tid 106023
target_page_id id: 18 tid 106023
0 1 tid 106023
191 16 tid 106023
365 14 tid 106023
492 19 tid 106023
634 18 tid 106023
152 tid 106023
Insert  tid 106023
FindTargetPageId rootid 15 tid 106025
target_page_id id: 18 tid 106025
0 1 tid 106025
191 16 tid 106025
365 14 tid 106025
492 19 tid 106025
634 18 tid 106025
152 tid 106025
Insert  tid 106025
FindTargetPageId rootid 15 tid 106024
target_page_id id: 18 tid 106024
0 1 tid 106024
191 16 tid 106024
365 14 tid 106024
492 19 tid 106024
634 18 tid 106024
153 tid 106024
Remove  tid 106024
FindTargetPageId rootid 15 tid 106023
target_page_id id: 18 tid 106023
0 1 tid 106023
191 16 tid 106023
365 14 tid 106023
492 19 tid 106023
634 18 tid 106023
152 tid 106023
Insert  tid 106023
FindTargetPageId rootid 15 tid 106025
target_page_id id: 18 tid 106025
0 1 tid 106025
191 16 tid 106025
365 14 tid 106025
492 19 tid 106025
634 18 tid 106025
152 tid 106025
Insert  tid 106025
FindTargetPageId rootid 15 tid 106024
target_page_id id: 18 tid 106024
0 1 tid 106024
191 16 tid 106024
365 14 tid 106024
492 19 tid 106024
634 18 tid 106024
153 tid 106024
Remove  tid 106024
FindTargetPageId rootid 15 tid 106023
target_page_id id: 18 tid 106023
0 1 tid 106023
191 16 tid 106023
365 14 tid 106023
492 19 tid 106023
634 18 tid 106023
152 tid 106023
Insert  tid 106023
FindTargetPageId rootid 15 tid 106025
target_page_id id: 18 tid 106025
0 1 tid 106025
191 16 tid 106025
365 14 tid 106025
492 19 tid 106025
634 18 tid 106025
152 tid 106025
FindTargetPageId rootid 15 tid 106024
target_page_id id: 18 tid 106024
0 1 tid 106024
191 16 tid 106024
365 14 tid 106024
492 19 tid 106024
Insert  tid 106025
634 18 tid 106024
153 tid 106024
Remove  tid 106024
FindTargetPageId rootid 15 tid 106023
target_page_id id: 18 tid 106023
0 1 tid 106023
191 16 tid 106023
365 14 tid 106023
492 19 tid 106023
634 18 tid 106023
152 tid 106023
Insert  tid 106023
FindTargetPageId rootid 15 tid 106023
target_page_id id: 18 tid 106023
0 1 tid 106023
191 16 tid 106023
365 14 tid 106023
492 19 tid 106023
634 18 tid 106023
152 tid 106023
Insert  tid 106023
FindTargetPageId rootid 15 tid 106023
target_page_id id: 18 tid 106023
0 1 tid 106023
191 16 tid 106023
365 14 tid 106023
492 19 tid 106023
634 18 tid 106023
152 tid 106023
Insert  tid 106023
FindTargetPageId rootid 15 tid 106023
target_page_id id: 18 tid 106023
0 1 tid 106023
191 16 tid 106023
365 14 tid 106023
492 19 tid 106023
634 18 tid 106023
152 tid 106023
Insert  tid 106023
FindTargetPageId rootid 15 tid 106023
target_page_id id: 18 tid 106023
0 1 tid 106023
191 16 tid 106023
365 14 tid 106023
492 19 tid 106023
634 18 tid 106023
152 tid 106023
Insert  tid 106023
FindTargetPageId rootid 15 tid 106023
target_page_id id: 18 tid 106023
0 1 tid 106023
191 16 tid 106023
365 14 tid 106023
492 19 tid 106023
634 18 tid 106023
152 tid 106023
Insert  tid 106023
FindTargetPageId rootid 15 tid 106023
target_page_id id: 18 tid 106023
0 1 tid 106023
191 16 tid 106023
365 14 tid 106023
492 19 tid 106023
634 18 tid 106023
152 tid 106023
Insert  tid 106023
FindTargetPageId rootid 15 tid 106023
target_page_id id: 18 tid 106023
0 1 tid 106023
191 16 tid 106023
365 14 tid 106023
492 19 tid 106023
634 18 tid 106023
152 tid 106023
Insert  tid 106023
FindTargetPageId rootid 15 tid 106023
target_page_id id: 18 tid 106023
0 1 tid 106023
191 16 tid 106023
365 14 tid 106023
492 19 tid 106023
634 18 tid 106023
152 tid 106023
Insert  tid 106023
FindTargetPageId rootid 15 tid 106024
target_page_id id: 18 tid 106024
0 1 tid 106024
191 16 tid 106024
365 14 tid 106024
492 19 tid 106024
634 18 tid 106024
152 tid 106024
Remove  tid 106024
FindTargetPageId rootid 15 tid 106025
target_page_id id: 18 tid 106025
0 1 tid 106025
191 16 tid 106025
365 14 tid 106025
492 19 tid 106025
634 18 tid 106025
151 tid 106025
Insert  tid 106025
FindTargetPageId rootid 15 tid 106025
target_page_id id: 18 tid 106025
0 1 tid 106025
191 16 tid 106025
365 14 tid 106025
492 19 tid 106025
634 18 tid 106025
152 tid 106025
Insert  tid 106025
FindTargetPageId rootid 15 tid 106024
target_page_id id: 18 tid 106024
0 1 tid 106024
191 16 tid 106024
365 14 tid 106024
492 19 tid 106024
634 18 tid 106024
153 tid 106024
Remove  tid 106024
FindTargetPageId rootid 15 tid 106023
target_page_id id: 18 tid 106023
0 1 tid 106023
191 16 tid 106023
365 14 tid 106023
492 19 tid 106023
634 18 tid 106023
152 tid 106023
Insert  tid 106023
FindTargetPageId rootid 15 tid 106025
target_page_id id: 18 tid 106025
0 1 tid 106025
191 16 tid 106025
365 14 tid 106025
492 19 tid 106025
634 18 tid 106025
152 tid 106025
Insert  tid 106025
FindTargetPageId rootid 15 tid 106024
target_page_id id: 18 tid 106024
0 1 tid 106024
191 16 tid 106024
365 14 tid 106024
492 19 tid 106024
634 18 tid 106024
153 tid 106024
Remove  tid 106024
FindTargetPageId rootid 15 tid 106023
target_page_id id: 18 tid 106023
0 1 tid 106023
191 16 tid 106023
365 14 tid 106023
492 19 tid 106023
634 18 tid 106023
152 tid 106023
Insert  tid 106023
FindTargetPageId rootid 15 tid 106025
target_page_id id: 18 tid 106025
0 1 tid 106025
191 16 tid 106025
365 14 tid 106025
492 19 tid 106025
634 18 tid 106025
152 tid 106025
Insert  tid 106025
FindTargetPageId rootid 15 tid 106024
target_page_id id: 18 tid 106024
0 1 tid 106024
191 16 tid 106024
365 14 tid 106024
492 19 tid 106024
634 18 tid 106024
153 tid 106024
Remove  tid 106024
FindTargetPageId rootid 15 tid 106023
target_page_id id: 18 tid 106023
0 1 tid 106023
191 16 tid 106023
365 14 tid 106023
492 19 tid 106023
634 18 tid 106023
152 tid 106023
Insert  tid 106023
FindTargetPageId rootid 15 tid 106025
target_page_id id: 18 tid 106025
0 1 tid 106025
191 16 tid 106025
365 14 tid 106025
492 19 tid 106025
634 18 tid 106025
152 tid 106025
Insert  tid 106025
FindTargetPageId rootid 15 tid 106024
target_page_id id: 18 tid 106024
0 1 tid 106024
191 16 tid 106024
365 14 tid 106024
492 19 tid 106024
634 18 tid 106024
153 tid 106024
Remove  tid 106024
FindTargetPageId rootid 15 tid 106023
target_page_id id: 18 tid 106023
0 1 tid 106023
191 16 tid 106023
365 14 tid 106023
492 19 tid 106023
634 18 tid 106023
152 tid 106023
Insert  tid 106023
FindTargetPageId rootid 15 tid 106023
target_page_id id: 18 tid 106023
0 1 tid 106023
191 16 tid 106023
365 14 tid 106023
492 19 tid 106023
634 18 tid 106023
152 tid 106023
Insert  tid 106023
FindTargetPageId rootid 15 tid 106023
target_page_id id: 18 tid 106023
0 1 tid 106023
191 16 tid 106023
365 14 tid 106023
492 19 tid 106023
634 18 tid 106023
152 tid 106023
Insert  tid 106023
FindTargetPageId rootid 15 tid 106023
target_page_id id: 18 tid 106023
0 1 tid 106023
191 16 tid 106023
365 14 tid 106023
492 19 tid 106023
634 18 tid 106023
152 tid 106023
Insert  tid 106023
FindTargetPageId rootid 15 tid 106023
target_page_id id: 18 tid 106023
0 1 tid 106023
191 16 tid 106023
365 14 tid 106023
492 19 tid 106023
634 18 tid 106023
152 tid 106023
Insert  tid 106023
FindTargetPageId rootid 15 tid 106023
target_page_id id: 18 tid 106023
0 1 tid 106023
191 16 tid 106023
365 14 tid 106023
492 19 tid 106023
634 18 tid 106023
152 tid 106023
Insert  tid 106023
FindTargetPageId rootid 15 tid 106023
target_page_id id: 18 tid 106023
0 1 tid 106023
191 16 tid 106023
365 14 tid 106023
492 19 tid 106023
634 18 tid 106023
152 tid 106023
Insert  tid 106023
FindTargetPageId rootid 15 tid 106023
target_page_id id: 18 tid 106023
0 1 tid 106023
191 16 tid 106023
365 14 tid 106023
492 19 tid 106023
634 18 tid 106023
152 tid 106023
Insert  tid 106023
FindTargetPageId rootid 15 tid 106023
target_page_id id: 18 tid 106023
0 1 tid 106023
191 16 tid 106023
365 14 tid 106023
492 19 tid 106023
634 18 tid 106023
152 tid 106023
Insert  tid 106023
FindTargetPageId rootid 15 tid 106023
target_page_id id: 18 tid 106023
0 1 tid 106023
191 16 tid 106023
365 14 tid 106023
492 19 tid 106023
634 18 tid 106023
152 tid 106023
Insert  tid 106023
FindTargetPageId rootid 15 tid 106023
target_page_id id: 18 tid 106023
0 1 tid 106023
191 16 tid 106023
365 14 tid 106023
492 19 tid 106023
634 18 tid 106023
152 tid 106023
Insert  tid 106023
FindTargetPageId rootid 15 tid 106023
target_page_id id: 18 tid 106023
0 1 tid 106023
191 16 tid 106023
365 14 tid 106023
492 19 tid 106023
634 18 tid 106023
152 tid 106023
Insert  tid 106023
FindTargetPageId rootid 15 tid 106023
target_page_id id: 18 tid 106023
0 1 tid 106023
191 16 tid 106023
365 14 tid 106023
492 19 tid 106023
634 18 tid 106023
152 tid 106023
Insert  tid 106023
FindTargetPageId rootid 15 tid 106023
target_page_id id: 18 tid 106023
0 1 tid 106023
191 16 tid 106023
365 14 tid 106023
492 19 tid 106023
634 18 tid 106023
152 tid 106023
Insert  tid 106023
FindTargetPageId rootid 15 tid 106023
target_page_id id: 18 tid 106023
0 1 tid 106023
191 16 tid 106023
365 14 tid 106023
492 19 tid 106023
634 18 tid 106023
152 tid 106023
Insert  tid 106023
FindTargetPageId rootid 15 tid 106023
target_page_id id: 18 tid 106023
0 1 tid 106023
191 16 tid 106023
365 14 tid 106023
492 19 tid 106023
634 18 tid 106023
152 tid 106023
Insert  tid 106023
FindTargetPageId rootid 15 tid 106023
target_page_id id: 18 tid 106023
0 1 tid 106023
191 16 tid 106023
365 14 tid 106023
492 19 tid 106023
634 18 tid 106023
152 tid 106023
Insert  tid 106023
FindTargetPageId rootid 15 tid 106023
target_page_id id: 18 tid 106023
0 1 tid 106023
191 16 tid 106023
365 14 tid 106023
492 19 tid 106023
634 18 tid 106023
152 tid 106023
Insert  tid 106023
FindTargetPageId rootid 15 tid 106023
target_page_id id: 18 tid 106023
0 1 tid 106023
191 16 tid 106023
365 14 tid 106023
492 19 tid 106023
634 18 tid 106023
152 tid 106023
Insert  tid 106023
FindTargetPageId rootid 15 tid 106025
target_page_id id: 18 tid 106025
0 1 tid 106025
191 16 tid 106025
365 14 tid 106025
492 19 tid 106025
634 18 tid 106025
152 tid 106025
Insert  tid 106025
FindTargetPageId rootid 15 tid 106024
target_page_id id: 18 tid 106024
0 1 tid 106024
191 16 tid 106024
365 14 tid 106024
492 19 tid 106024
634 18 tid 106024
153 tid 106024
Remove  tid 106024
FindTargetPageId rootid 15 tid 106023
target_page_id id: 18 tid 106023
0 1 tid 106023
191 16 tid 106023
365 14 tid 106023
492 19 tid 106023
634 18 tid 106023
152 tid 106023
Insert  tid 106023
FindTargetPageId rootid 15 tid 106025
target_page_id id: 18 tid 106025
0 1 tid 106025
191 16 tid 106025
365 14 tid 106025
492 19 tid 106025
634 18 tid 106025
152 tid 106025
Insert  tid 106025
FindTargetPageId rootid 15 tid 106024
target_page_id id: 18 tid 106024
0 1 tid 106024
191 16 tid 106024
365 14 tid 106024
492 19 tid 106024
634 18 tid 106024
153 tid 106024
Remove  tid 106024
FindTargetPageId rootid 15 tid 106023
target_page_id id: 18 tid 106023
0 1 tid 106023
191 16 tid 106023
365 14 tid 106023
492 19 tid 106023
634 18 tid 106023
152 tid 106023
Insert  tid 106023
FindTargetPageId rootid 15 tid 106025
target_page_id id: 18 tid 106025
0 1 tid 106025
191 16 tid 106025
365 14 tid 106025
492 19 tid 106025
634 18 tid 106025
152 tid 106025
Insert  tid 106025
FindTargetPageId rootid 15 tid 106024
target_page_id id: 18 tid 106024
0 1 tid 106024
191 16 tid 106024
365 14 tid 106024
492 19 tid 106024
634 18 tid 106024
153 tid 106024
Remove  tid 106024
FindTargetPageId rootid 15 tid 106023
target_page_id id: 18 tid 106023
0 1 tid 106023
191 16 tid 106023
365 14 tid 106023
492 19 tid 106023
634 18 tid 106023
152 tid 106023
Insert  tid 106023
FindTargetPageId rootid 15 tid 106025
target_page_id id: 18 tid 106025
0 1 tid 106025
191 16 tid 106025
365 14 tid 106025
492 19 tid 106025
634 18 tid 106025
152 tid 106025
Insert  tid 106025
FindTargetPageId rootid 15 tid 106024
target_page_id id: 18 tid 106024
0 1 tid 106024
191 16 tid 106024
365 14 tid 106024
492 19 tid 106024
634 18 tid 106024
153 tid 106024
Remove  tid 106024
FindTargetPageId rootid 15 tid 106024
target_page_id id: 18 tid 106024
0 1 tid 106024
191 16 tid 106024
365 14 tid 106024
492 19 tid 106024
634 18 tid 106024
152 tid 106024
Remove  tid 106024
FindTargetPageId rootid 15 tid 106025
target_page_id id: 18 tid 106025
0 1 tid 106025
191 16 tid 106025
365 14 tid 106025
492 19 tid 106025
634 18 tid 106025
151 tid 106025
Insert  tid 106025
FindTargetPageId rootid 15 tid 106023
target_page_id id: 18 tid 106023
0 1 tid 106023
191 16 tid 106023
365 14 tid 106023
492 19 tid 106023
634 18 tid 106023
152 tid 106023
Insert  tid 106023
FindTargetPageId rootid 15 tid 106024
target_page_id id: 18 tid 106024
0 1 tid 106024
191 16 tid 106024
365 14 tid 106024
492 19 tid 106024
634 18 tid 106024
152 tid 106024
Remove  tid 106024
FindTargetPageId rootid 15 tid 106025
target_page_id id: 18 tid 106025
0 1 tid 106025
191 16 tid 106025
365 14 tid 106025
492 19 tid 106025
634 18 tid 106025
151 tid 106025
Insert  tid 106025
FindTargetPageId rootid 15 tid 106023
target_page_id id: 18 tid 106023
0 1 tid 106023
191 16 tid 106023
365 14 tid 106023
492 19 tid 106023
634 18 tid 106023
152 tid 106023
Insert  tid 106023
FindTargetPageId rootid 15 tid 106024
target_page_id id: 18 tid 106024
0 1 tid 106024
191 16 tid 106024
365 14 tid 106024
492 19 tid 106024
634 18 tid 106024
152 tid 106024
Remove  tid 106024
FindTargetPageId rootid 15 tid 106025
target_page_id id: 18 tid 106025
0 1 tid 106025
191 16 tid 106025
365 14 tid 106025
492 19 tid 106025
634 18 tid 106025
151 tid 106025
Insert  tid 106025
FindTargetPageId rootid 15 tid 106023
target_page_id id: 18 tid 106023
0 1 tid 106023
191 16 tid 106023
365 14 tid 106023
492 19 tid 106023
634 18 tid 106023
152 tid 106023
Insert  tid 106023
FindTargetPageId rootid 15 tid 106023
target_page_id id: 18 tid 106023
0 1 tid 106023
191 16 tid 106023
365 14 tid 106023
492 19 tid 106023
634 18 tid 106023
152 tid 106023
Insert  tid 106023
FindTargetPageId rootid 15 tid 106025
target_page_id id: 18 tid 106025
0 1 tid 106025
191 16 tid 106025
365 14 tid 106025
492 19 tid 106025
634 18 tid 106025
152 tid 106025
Insert  tid 106025
FindTargetPageId rootid 15 tid 106024
target_page_id id: 18 tid 106024
0 1 tid 106024
191 16 tid 106024
365 14 tid 106024
492 19 tid 106024
634 18 tid 106024
153 tid 106024
Remove  tid 106024
FindTargetPageId rootid 15 tid 106023
target_page_id id: 18 tid 106023
0 1 tid 106023
191 16 tid 106023
365 14 tid 106023
492 19 tid 106023
634 18 tid 106023
152 tid 106023
Insert  tid 106023
FindTargetPageId rootid 15 tid 106025
target_page_id id: 18 tid 106025
0 1 tid 106025
191 16 tid 106025
365 14 tid 106025
492 19 tid 106025
634 18 tid 106025
152 tid 106025
Insert  tid 106025
FindTargetPageId rootid 15 tid 106024
target_page_id id: 18 tid 106024
0 1 tid 106024
191 16 tid 106024
365 14 tid 106024
492 19 tid 106024
634 18 tid 106024
153 tid 106024
Remove  tid 106024
FindTargetPageId rootid 15 tid 106023
target_page_id id: 18 tid 106023
0 1 tid 106023
191 16 tid 106023
365 14 tid 106023
492 19 tid 106023
634 18 tid 106023
152 tid 106023
Insert  tid 106023
FindTargetPageId rootid 15 tid 106025
target_page_id id: 18 tid 106025
0 1 tid 106025
191 16 tid 106025
365 14 tid 106025
492 19 tid 106025
634 18 tid 106025
152 tid 106025
Insert  tid 106025
FindTargetPageId rootid 15 tid 106025
target_page_id id: 18 tid 106025
0 1 tid 106025
191 16 tid 106025
365 14 tid 106025
492 19 tid 106025
634 18 tid 106025
153 tid 106025
Insert  tid 106025
FindTargetPageId rootid 15 tid 106023
target_page_id id: 18 tid 106023
0 1 tid 106023
191 16 tid 106023
365 14 tid 106023
492 19 tid 106023
634 18 tid 106023
154 tid 106023
Insert  tid 106023
FindTargetPageId rootid 15 tid 106024
target_page_id id: 18 tid 106024
0 1 tid 106024
191 16 tid 106024
365 14 tid 106024
492 19 tid 106024
634 18 tid 106024
154 tid 106024
Remove  tid 106024
FindTargetPageId rootid 15 tid 106025
target_page_id id: 18 tid 106025
0 1 tid 106025
191 16 tid 106025
365 14 tid 106025
492 19 tid 106025
634 18 tid 106025
153 tid 106025
Insert  tid 106025
FindTargetPageId rootid 15 tid 106023
target_page_id id: 18 tid 106023
0 1 tid 106023
191 16 tid 106023
365 14 tid 106023
492 19 tid 106023
634 18 tid 106023
154 tid 106023
Insert  tid 106023
FindTargetPageId rootid 15 tid 106023
target_page_id id: 18 tid 106023
0 1 tid 106023
191 16 tid 106023
365 14 tid 106023
492 19 tid 106023
634 18 tid 106023
154 tid 106023
Insert  tid 106023
FindTargetPageId rootid 15 tid 106023
target_page_id id: 18 tid 106023
0 1 tid 106023
191 16 tid 106023
365 14 tid 106023
492 19 tid 106023
634 18 tid 106023
154 tid 106023
FindTargetPageId rootid 15 tid 106025
target_page_id id: 18 tid 106025
0 1 tid 106025
191 16 tid 106025
365 14 tid 106025
492 19 tid 106025
634 18 tid 106025
154 tid 106025
Insert  tid 106023
FindTargetPageId rootid 15 tid 106024
target_page_id id: 18 tid 106024
0 1 tid 106024
191 16 tid 106024
365 14 tid 106024
492 19 tid 106024
634 18 tid 106024
Insert 155 tid 106024
 tid 106025
FindTargetPageId rootid 15 tid 106023
target_page_id id: 18 tid 106023
0 1 tid 106023
191 16 tid 106023
365 14 tid 106023
492 19 tid 106023
634 Remove  tid 18 tid 106023
106024
154 tid 106023
Insert  tid 106023
FindTargetPageId rootid 15 tid 106025
target_page_id id: 18 tid 106025
0 1 tid 106025
191 16 tid 106025
365 14 tid 106025
492 19 tid 106025
634 18 tid 106025
154 tid 106025
FindTargetPageId rootid 15 tid 106024
target_page_id id: 18 tid 106024
Insert 0 1 tid 106024
 tid 191 16 tid 106024
365 14 tid 106024
492 19 tid 106024
634 18 tid 106024
106025
155 tid 106024
Remove  tid 106024
FindTargetPageId rootid 15 tid 106023
target_page_id id: 18 tid 106023
0 1 tid 106023
191 16 tid 106023
365 14 tid 106023
492 19 tid 106023
634 18 tid 106023
154 tid 106023
Insert  tid 106023
FindTargetPageId rootid 15 tid 106025
target_page_id id: 18 tid 106025
0 1 tid 106025
191 16 tid 106025
365 14 tid 106025
492 19 tid 106025
634 18 tid 106025
154 tid 106025
Insert  tid 106025
FindTargetPageId rootid 15 tid 106025
target_page_id id: 18 tid 106025
0 1 tid 106025
191 16 tid 106025
365 14 tid 106025
492 19 tid 106025
634 18 tid 106025
155 tid 106025
Insert  tid 106025
FindTargetPageId rootid 15 tid 106025
target_page_id id: 18 tid 106025
0 1 tid 106025
191 16 tid 106025
365 14 tid 106025
492 19 tid 106025
634 18 tid 106025
156 tid 106025
Insert  tid 106025
FindTargetPageId rootid 15 tid 106025
target_page_id id: 18 tid 106025
0 1 tid 106025
191 16 tid 106025
365 14 tid 106025
492 19 tid 106025
634 18 tid 106025
157 tid 106025
Insert  tid 106025
FindTargetPageId rootid 15 tid 106025
target_page_id id: 18 tid 106025
0 1 tid 106025
191 16 tid 106025
365 14 tid 106025
492 19 tid 106025
634 18 tid 106025
158 tid 106025
Insert  tid 106025
FindTargetPageId rootid 15 tid 106025
target_page_id id: 18 tid 106025
0 1 tid 106025
191 16 tid 106025
365 14 tid 106025
492 19 tid 106025
634 18 tid 106025
159 tid 106025
Insert  tid 106025
FindTargetPageId rootid 15 tid 106025
target_page_id id: 18 tid 106025
0 1 tid 106025
191 16 tid 106025
365 14 tid 106025
492 19 tid 106025
634 18 tid 106025
160 tid 106025
Insert  tid 106025
FindTargetPageId rootid 15 tid 106025
target_page_id id: 18 tid 106025
0 1 tid 106025
191 16 tid 106025
365 14 tid 106025
492 19 tid 106025
634 18 tid 106025
161 tid 106025
Insert  tid 106025
FindTargetPageId rootid 15 tid 106025
target_page_id id: 18 tid 106025
0 1 tid 106025
191 16 tid 106025
365 14 tid 106025
492 19 tid 106025
634 18 tid 106025
162 tid 106025
Insert  tid 106025
FindTargetPageId rootid 15 tid 106025
target_page_id id: 18 tid 106025
0 1 tid 106025
191 16 tid 106025
365 14 tid 106025
492 19 tid 106025
634 18 tid 106025
163 tid 106025
FindTargetPageId rootid 15 tid 106023
target_page_id id: 18 tid 106023
0 1 tid 106023
191 16 tid 106023
365 14 tid 106023
492 19 tid 106023
634 18 tid 106023
164 tid 106023
Insert  tid 106023
FindTargetPageId rootid 15 tid 106023
target_page_id id: 18 tid 106023
0 1 tid 106023
191 16 tid 106023
365 14 tid 106023
492 19 tid 106023
634 18 tid 106023
164 tid 106023
Insert  tid 106023
FindTargetPageId rootid 15 tid 106024
target_page_id id: 18 tid 106024
0 1 tid 106024
191 16 tid 106024
365 14 tid 106024
492 19 tid 106024
634 18 tid 106024
164 tid 106024
Remove  tid 106024
FindTargetPageId rootid 15 tid 106023
target_page_id id: 18 tid 106023
0 1 tid 106023
191 16 tid 106023
365 14 tid 106023
492 19 tid 106023
634 18 tid 106023
163 tid 106023
Insert  tid 106023
FindTargetPageId rootid 15 tid 106023
target_page_id id: 18 tid 106023
0 1 tid 106023
191 16 tid 106023
365 14 tid 106023
492 19 tid 106023
634 18 tid 106023
163 tid 106023
Insert  tid 106023
FindTargetPageId rootid 15 tid 106024
target_page_id id: 18 tid 106024
0 1 tid 106024
191 16 tid 106024
365 14 tid 106024
492 19 tid 106024
634 18 tid 106024
163 tid 106024
Remove  tid 106024
FindTargetPageId rootid 15 tid 106023
target_page_id id: 18 tid 106023
0 1 tid 106023
191 16 tid 106023
365 14 tid 106023
492 19 tid 106023
634 18 tid 106023
162 tid 106023
Insert  tid 106023
FindTargetPageId rootid 15 tid 106024
target_page_id id: 18 tid 106024
0 1 tid 106024
191 16 tid 106024
365 14 tid 106024
492 19 tid 106024
634 18 tid 106024
162 tid 106024
Remove  tid 106024
FindTargetPageId rootid 15 tid 106023
target_page_id id: 18 tid 106023
0 1 tid 106023
191 16 tid 106023
365 14 tid 106023
492 19 tid 106023
634 18 tid 106023
161 tid 106023
Insert  tid 106023
FindTargetPageId rootid 15 tid 106023
target_page_id id: 18 tid 106023
0 1 tid 106023
191 16 tid 106023
365 14 tid 106023
492 19 tid 106023
634 18 tid 106023
161 tid 106023
Insert  tid 106023
FindTargetPageId rootid 15 tid 106023
target_page_id id: 18 tid 106023
0 1 tid 106023
191 16 tid 106023
365 14 tid 106023
492 19 tid 106023
634 18 tid 106023
161 tid 106023
Insert  tid 106023
FindTargetPageId rootid 15 tid 106023
target_page_id id: 18 tid 106023
0 1 tid 106023
191 16 tid 106023
365 14 tid 106023
492 19 tid 106023
634 18 tid 106023
161 tid 106023
Insert  tid 106023
FindTargetPageId rootid 15 tid 106023
target_page_id id: 18 tid 106023
0 1 tid 106023
191 16 tid 106023
365 14 tid 106023
492 19 tid 106023
634 18 tid 106023
161 tid 106023
Insert  tid 106023
FindTargetPageId rootid 15 tid 106023
target_page_id id: 18 tid 106023
0 1 tid 106023
191 16 tid 106023
365 14 tid 106023
492 19 tid 106023
634 18 tid 106023
161 tid 106023
Insert  tid 106023
FindTargetPageId rootid 15 tid 106023
target_page_id id: 18 tid 106023
0 1 tid 106023
191 16 tid 106023
365 14 tid 106023
492 19 tid 106023
634 18 tid 106023
161 tid 106023
Insert  tid 106023
FindTargetPageId rootid 15 tid 106024
target_page_id id: 18 tid 106024
0 1 tid 106024
191 16 tid 106024
365 14 tid 106024
492 19 tid 106024
634 18 tid 106024
161 tid 106024
Remove  tid 106024
FindTargetPageId rootid 15 tid 106023
target_page_id id: 18 tid 106023
0 1 tid 106023
191 16 tid 106023
365 14 tid 106023
492 19 tid 106023
634 18 tid 106023
160 tid 106023
Insert  tid 106023
FindTargetPageId rootid 15 tid 106024
target_page_id id: 18 tid 106024
0 1 tid 106024
191 16 tid 106024
365 14 tid 106024
492 19 tid 106024
634 18 tid 106024
160 tid 106024
Remove  tid 106024
FindTargetPageId rootid 15 tid 106023
target_page_id id: 18 tid 106023
0 1 tid 106023
191 16 tid 106023
365 14 tid 106023
492 19 tid 106023
634 18 tid 106023
159 tid 106023
Insert  tid 106023
FindTargetPageId rootid 15 tid 106024
target_page_id id: 18 tid 106024
0 1 tid 106024
191 16 tid 106024
365 14 tid 106024
492 19 tid 106024
634 18 tid 106024
159 tid 106024
Remove  tid 106024
FindTargetPageId rootid 15 tid 106023
target_page_id id: 18 tid 106023
0 1 tid 106023
191 16 tid 106023
365 14 tid 106023
492 19 tid 106023
634 18 tid 106023
158 tid 106023
Insert  tid 106023
FindTargetPageId rootid 15 tid 106024
target_page_id id: 18 tid 106024
0 1 tid 106024
191 16 tid 106024
365 14 tid 106024
492 19 tid 106024
634 18 tid 106024
158 tid 106024
Remove  tid 106024
FindTargetPageId rootid 15 tid 106024
target_page_id id: 18 tid 106024
0 1 tid 106024
191 16 tid 106024
365 14 tid 106024
492 19 tid 106024
634 18 tid 106024
157 tid 106024
Remove  tid 106024
FindTargetPageId rootid 15 tid 106023
target_page_id id: 18 tid 106023
0 1 tid 106023
191 16 tid 106023
365 14 tid 106023
492 19 tid 106023
634 18 tid 106023
156 tid 106023
Insert  tid 106023
FindTargetPageId rootid 15 tid 106024
target_page_id id: 18 tid 106024
0 1 tid 106024
191 16 tid 106024
365 14 tid 106024
492 19 tid 106024
634 18 tid 106024
156 tid 106024
Remove  tid 106024
FindTargetPageId rootid 15 tid 106023
target_page_id id: 18 tid 106023
0 1 tid 106023
191 16 tid 106023
365 14 tid 106023
492 19 tid 106023
634 18 tid 106023
155 tid 106023
Insert  tid 106023
FindTargetPageId rootid 15 tid 106023
target_page_id id: 18 tid 106023
0 1 tid 106023
191 16 tid 106023
365 14 tid 106023
492 19 tid 106023
634 18 tid 106023
155 tid 106023
Insert  tid 106023
FindTargetPageId rootid 15 tid 106024
target_page_id id: 18 tid 106024
0 1 tid 106024
191 16 tid 106024
365 14 tid 106024
492 19 tid 106024
634 18 tid 106024
155 tid 106024
Remove  tid 106024
FindTargetPageId rootid 15 tid 106023
target_page_id id: 18 tid 106023
0 1 tid 106023
191 16 tid 106023
365 14 tid 106023
492 19 tid 106023
634 18 tid 106023
154 tid 106023
Insert  tid 106023
FindTargetPageId rootid 15 tid 106024
target_page_id id: 18 tid 106024
0 1 tid 106024
191 16 tid 106024
365 14 tid 106024
492 19 tid 106024
634 18 tid 106024
154 tid 106024
Remove  tid 106024
FindTargetPageId rootid 15 tid 106023
target_page_id id: 18 tid 106023
0 1 tid 106023
191 16 tid 106023
365 14 tid 106023
492 19 tid 106023
634 18 tid 106023
153 tid 106023
Insert  tid 106023
FindTargetPageId rootid 15 tid 106024
target_page_id id: 18 tid 106024
0 1 tid 106024
191 16 tid 106024
365 14 tid 106024
492 19 tid 106024
634 18 tid 106024
153 tid 106024
Remove  tid 106024
FindTargetPageId rootid 15 tid 106023
target_page_id id: 18 tid 106023
0 1 tid 106023
191 16 tid 106023
365 14 tid 106023
492 19 tid 106023
634 18 tid 106023
152 tid 106023
Insert  tid 106023
FindTargetPageId rootid 15 tid 106024
target_page_id id: 18 tid 106024
0 1 tid 106024
191 16 tid 106024
365 14 tid 106024
492 19 tid 106024
634 18 tid 106024
152 tid 106024
Remove  tid 106024
FindTargetPageId rootid 15 tid 106023
target_page_id id: 18 tid 106023
0 1 tid 106023
191 16 tid 106023
365 14 tid 106023
492 19 tid 106023
634 18 tid 106023
151 tid 106023
Insert  tid 106023
FindTargetPageId rootid 15 tid 106024
target_page_id id: 18 tid 106024
0 1 tid 106024
191 16 tid 106024
365 14 tid 106024
492 19 tid 106024
634 18 tid 106024
151 tid 106024
Remove  tid 106024
FindTargetPageId rootid 15 tid 106023
target_page_id id: 18 tid 106023
0 1 tid 106023
191 16 tid 106023
365 14 tid 106023
492 19 tid 106023
634 18 tid 106023
150 tid 106023
Insert  tid 106023
FindTargetPageId rootid 15 tid 106024
target_page_id id: 18 tid 106024
0 1 tid 106024
191 16 tid 106024
365 14 tid 106024
492 19 tid 106024
634 18 tid 106024
150 tid 106024
Remove  tid 106024
FindTargetPageId rootid 15 tid 106023
target_page_id id: 18 tid 106023
0 1 tid 106023
191 16 tid 106023
365 14 tid 106023
492 19 tid 106023
634 18 tid 106023
149 tid 106023
Insert  tid 106023
FindTargetPageId rootid 15 tid 106024
target_page_id id: 18 tid 106024
0 1 tid 106024
191 16 tid 106024
365 14 tid 106024
492 19 tid 106024
634 18 tid 106024
149 tid 106024
Remove  tid 106024
FindTargetPageId rootid 15 tid 106023
target_page_id id: 18 tid 106023
0 1 tid 106023
191 16 tid 106023
365 14 tid 106023
492 19 tid 106023
634 18 tid 106023
148 tid 106023
Insert  tid 106023
FindTargetPageId rootid 15 tid 106024
target_page_id id: 18 tid 106024
0 1 tid 106024
191 16 tid 106024
365 14 tid 106024
492 19 tid 106024
634 18 tid 106024
148 tid 106024
Remove  tid 106024
FindTargetPageId rootid 15 tid 106023
target_page_id id: 18 tid 106023
0 1 tid 106023
191 16 tid 106023
365 14 tid 106023
492 19 tid 106023
634 18 tid 106023
147 tid 106023
Insert  tid 106023
FindTargetPageId rootid 15 tid 106024
target_page_id id: 18 tid 106024
0 1 tid 106024
191 16 tid 106024
365 14 tid 106024
492 19 tid 106024
634 18 tid 106024
147 tid 106024
Remove  tid 106024
FindTargetPageId rootid 15 tid 106023
target_page_id id: 18 tid 106023
0 1 tid 106023
191 16 tid 106023
365 14 tid 106023
492 19 tid 106023
634 18 tid 106023
146 tid 106023
Insert  tid 106023
FindTargetPageId rootid 15 tid 106024
target_page_id id: 18 tid 106024
0 1 tid 106024
191 16 tid 106024
365 14 tid 106024
492 19 tid 106024
634 18 tid 106024
146 tid 106024
Remove  tid 106024
FindTargetPageId rootid 15 tid 106023
target_page_id id: 18 tid 106023
0 1 tid 106023
191 16 tid 106023
365 14 tid 106023
492 19 tid 106023
634 18 tid 106023
145 tid 106023
Insert  tid 106023
FindTargetPageId rootid 15 tid 106024
target_page_id id: 18 tid 106024
0 1 tid 106024
191 16 tid 106024
365 14 tid 106024
492 19 tid 106024
634 18 tid 106024
145 tid 106024
Remove  tid 106024
FindTargetPageId rootid 15 tid 106023
target_page_id id: 18 tid 106023
0 1 tid 106023
191 16 tid 106023
365 14 tid 106023
492 19 tid 106023
634 18 tid 106023
144 tid 106023
Insert  tid 106023
FindTargetPageId rootid 15 tid 106024
target_page_id id: 18 tid 106024
0 1 tid 106024
191 16 tid 106024
365 14 tid 106024
492 19 tid 106024
634 18 tid 106024
144 tid 106024
Remove  tid 106024
FindTargetPageId rootid 15 tid 106023
target_page_id id: 18 tid 106023
0 1 tid 106023
191 16 tid 106023
365 14 tid 106023
492 19 tid 106023
634 18 tid 106023
143 tid 106023
Insert  tid 106023
FindTargetPageId rootid 15 tid 106024
target_page_id id: 18 tid 106024
0 1 tid 106024
191 16 tid 106024
365 14 tid 106024
492 19 tid 106024
634 18 tid 106024
143 tid 106024
Remove  tid 106024
FindTargetPageId rootid 15 tid 106023
target_page_id id: 18 tid 106023
0 1 tid 106023
191 16 tid 106023
365 14 tid 106023
492 19 tid 106023
634 18 tid 106023
142 tid 106023
Insert  tid 106023
FindTargetPageId rootid 15 tid 106024
target_page_id id: 18 tid 106024
0 1 tid 106024
191 16 tid 106024
365 14 tid 106024
492 19 tid 106024
634 18 tid 106024
142 tid 106024
Remove  tid 106024
FindTargetPageId rootid 15 tid 106023
target_page_id id: 18 tid 106023
0 1 tid 106023
191 16 tid 106023
365 14 tid 106023
492 19 tid 106023
634 18 tid 106023
141 tid 106023
Insert  tid 106023
FindTargetPageId rootid 15 tid 106023
target_page_id id: 18 tid 106023
0 1 tid 106023
191 16 tid 106023
365 14 tid 106023
492 19 tid 106023
634 18 tid 106023
141 tid 106023
Insert  tid 106023
FindTargetPageId rootid 15 tid 106024
target_page_id id: 18 tid 106024
0 1 tid 106024
191 16 tid 106024
365 14 tid 106024
492 19 tid 106024
634 18 tid 106024
141 tid 106024
FindTargetPageId rootid 15 tid 106023
target_page_id id: 18 tid 106023
0 1 tid 106023
191 16 tid 106023
365 14 tid 106023
492 19 tid 106023
634 18 tid 106023
140 tid 106023
Remove  tid 106024
FindTargetPageId rootid 15 tid 106024
target_page_id id: 18 tid 106024
0 1 tid 106024
191 16 tid 106024
365 14 tid 106024
492 19 tid 106024
634 18 tid 106024
140 tid 106024
Remove  tid 106024
FindTargetPageId rootid 15 tid 106024
target_page_id id: 18 tid 106024
0 1 tid 106024
191 16 tid 106024
365 14 tid 106024
492 19 tid 106024
634 18 tid 106024
139 tid 106024
Remove  tid 106024
FindTargetPageId rootid 15 tid 106024
target_page_id id: 18 tid 106024
0 1 tid 106024
191 16 tid 106024
365 14 tid 106024
492 19 tid 106024
634 18 tid 106024
138 tid 106024
Remove  tid 106024
FindTargetPageId rootid 15 tid 106024
target_page_id id: 18 tid 106024
0 1 tid 106024
191 16 tid 106024
365 14 tid 106024
492 19 tid 106024
634 18 tid 106024
137 tid 106024
Remove  tid 106024
FindTargetPageId rootid 15 tid 106024
target_page_id id: 18 tid 106024
0 1 tid 106024
191 16 tid 106024
365 14 tid 106024
492 19 tid 106024
634 18 tid 106024
136 tid 106024
Remove  tid 106024
FindTargetPageId rootid 15 tid 106024
target_page_id id: 18 tid 106024
0 1 tid 106024
191 16 tid 106024
365 14 tid 106024
492 19 tid 106024
634 18 tid 106024
135 tid 106024
Remove  tid 106024
FindTargetPageId rootid 15 tid 106024
target_page_id id: 18 tid 106024
0 1 tid 106024
191 16 tid 106024
365 14 tid 106024
492 19 tid 106024
634 18 tid 106024
134 tid 106024
Remove  tid 106024
FindTargetPageId rootid 15 tid 106024
target_page_id id: 18 tid 106024
0 1 tid 106024
191 16 tid 106024
365 14 tid 106024
492 19 tid 106024
634 18 tid 106024
133 tid 106024
Remove  tid 106024
FindTargetPageId rootid 15 tid 106024
target_page_id id: 18 tid 106024
0 1 tid 106024
191 16 tid 106024
365 14 tid 106024
492 19 tid 106024
634 18 tid 106024
132 tid 106024
Remove  tid 106024
FindTargetPageId rootid 15 tid 106024
target_page_id id: 18 tid 106024
0 1 tid 106024
191 16 tid 106024
365 14 tid 106024
492 19 tid 106024
634 18 tid 106024
131 tid 106024
Remove  tid 106024
FindTargetPageId rootid 15 tid 106024
target_page_id id: 18 tid 106024
0 1 tid 106024
191 16 tid 106024
365 14 tid 106024
492 19 tid 106024
634 18 tid 106024
130 tid 106024
Remove  tid 106024
FindTargetPageId rootid 15 tid 106024
target_page_id id: 18 tid 106024
0 1 tid 106024
191 16 tid 106024
365 14 tid 106024
492 19 tid 106024
634 18 tid 106024
129 tid 106024
Remove  tid 106024
FindTargetPageId rootid 15 tid 106024
target_page_id id: 18 tid 106024
0 1 tid 106024
191 16 tid 106024
365 14 tid 106024
492 19 tid 106024
634 18 tid 106024
128 tid 106024
Remove  tid 106024
FindTargetPageId rootid 15 tid 106024
target_page_id id: 18 tid 106024
0 1 tid 106024
191 16 tid 106024
365 14 tid 106024
492 19 tid 106024
634 18 tid 106024
127 tid 106024
Remove  tid 106024
FindTargetPageId rootid 15 tid 106024
target_page_id id: 18 tid 106024
0 1 tid 106024
191 16 tid 106024
365 14 tid 106024
492 19 tid 106024
633 18 tid 106024
127 tid 106024
Remove  tid 106024
FindTargetPageId rootid 15 tid 106024
target_page_id id: 19 tid 106024
0 1 tid 106024
191 16 tid 106024
365 14 tid 106024
492 19 tid 106024
254 tid 106024
Remove  tid 106024
FindTargetPageId rootid 15 tid 106024
target_page_id id: 19 tid 106024
0 1 tid 106024
191 16 tid 106024
365 14 tid 106024
492 19 tid 106024
253 tid 106024
Remove  tid 106024
FindTargetPageId rootid 15 tid 106024
target_page_id id: 19 tid 106024
0 1 tid 106024
191 16 tid 106024
365 14 tid 106024
492 19 tid 106024
252 tid 106024
Remove  tid 106024
FindTargetPageId rootid 15 tid 106024
target_page_id id: 19 tid 106024
0 1 tid 106024
191 16 tid 106024
365 14 tid 106024
492 19 tid 106024
251 tid 106024
Remove  tid 106024
FindTargetPageId rootid 15 tid 106024
target_page_id id: 19 tid 106024
0 1 tid 106024
191 16 tid 106024
365 14 tid 106024
492 19 tid 106024
250 tid 106024
Remove  tid 106024
FindTargetPageId rootid 15 tid 106024
target_page_id id: 19 tid 106024
0 1 tid 106024
191 16 tid 106024
365 14 tid 106024
492 19 tid 106024
249 tid 106024
Remove  tid 106024
FindTargetPageId rootid 15 tid 106024
target_page_id id: 19 tid 106024
0 1 tid 106024
191 16 tid 106024
365 14 tid 106024
492 19 tid 106024
248 tid 106024
Remove  tid 106024
FindTargetPageId rootid 15 tid 106024
target_page_id id: 19 tid 106024
0 1 tid 106024
191 16 tid 106024
365 14 tid 106024
492 19 tid 106024
247 tid 106024
Remove  tid 106024
FindTargetPageId rootid 15 tid 106024
target_page_id id: 19 tid 106024
0 1 tid 106024
191 16 tid 106024
365 14 tid 106024
492 19 tid 106024
246 tid 106024
Remove  tid 106024
FindTargetPageId rootid 15 tid 106024
target_page_id id: 19 tid 106024
0 1 tid 106024
191 16 tid 106024
365 14 tid 106024
492 19 tid 106024
245 tid 106024
Remove  tid 106024
FindTargetPageId rootid 15 tid 106024
target_page_id id: 19 tid 106024
0 1 tid 106024
191 16 tid 106024
365 14 tid 106024
492 19 tid 106024
244 tid 106024
Remove  tid 106024
FindTargetPageId rootid 15 tid 106024
target_page_id id: 19 tid 106024
0 1 tid 106024
191 16 tid 106024
365 14 tid 106024
492 19 tid 106024
243 tid 106024
Remove  tid 106024
FindTargetPageId rootid 15 tid 106024
target_page_id id: 19 tid 106024
0 1 tid 106024
191 16 tid 106024
365 14 tid 106024
492 19 tid 106024
242 tid 106024
Remove  tid 106024
FindTargetPageId rootid 15 tid 106024
target_page_id id: 19 tid 106024
0 1 tid 106024
191 16 tid 106024
365 14 tid 106024
492 19 tid 106024
241 tid 106024
Remove  tid 106024
FindTargetPageId rootid 15 tid 106024
target_page_id id: 19 tid 106024
0 1 tid 106024
191 16 tid 106024
365 14 tid 106024
492 19 tid 106024
240 tid 106024
Remove  tid 106024
FindTargetPageId rootid 15 tid 106024
target_page_id id: 19 tid 106024
0 1 tid 106024
191 16 tid 106024
365 14 tid 106024
492 19 tid 106024
239 tid 106024
Remove  tid 106024
FindTargetPageId rootid 15 tid 106024
target_page_id id: 19 tid 106024
0 1 tid 106024
191 16 tid 106024
365 14 tid 106024
492 19 tid 106024
238 tid 106024
Remove  tid 106024
FindTargetPageId rootid 15 tid 106024
target_page_id id: 19 tid 106024
0 1 tid 106024
191 16 tid 106024
365 14 tid 106024
492 19 tid 106024
237 tid 106024
Remove  tid 106024
FindTargetPageId rootid 15 tid 106024
target_page_id id: 19 tid 106024
0 1 tid 106024
191 16 tid 106024
365 14 tid 106024
492 19 tid 106024
236 tid 106024
Remove  tid 106024
FindTargetPageId rootid 15 tid 106024
target_page_id id: 19 tid 106024
0 1 tid 106024
191 16 tid 106024
365 14 tid 106024
492 19 tid 106024
235 tid 106024
Remove  tid 106024
FindTargetPageId rootid 15 tid 106024
target_page_id id: 19 tid 106024
0 1 tid 106024
191 16 tid 106024
365 14 tid 106024
492 19 tid 106024
234 tid 106024
Remove  tid 106024
FindTargetPageId rootid 15 tid 106024
target_page_id id: 19 tid 106024
0 1 tid 106024
191 16 tid 106024
365 14 tid 106024
492 19 tid 106024
233 tid 106024
Remove  tid 106024
FindTargetPageId rootid 15 tid 106024
target_page_id id: 19 tid 106024
0 1 tid 106024
191 16 tid 106024
365 14 tid 106024
492 19 tid 106024
232 tid 106024
Remove  tid 106024
FindTargetPageId rootid 15 tid 106024
target_page_id id: 19 tid 106024
0 1 tid 106024
191 16 tid 106024
365 14 tid 106024
492 19 tid 106024
231 tid 106024
Remove  tid 106024
FindTargetPageId rootid 15 tid 106024
target_page_id id: 19 tid 106024
0 1 tid 106024
191 16 tid 106024
365 14 tid 106024
492 19 tid 106024
230 tid 106024
Remove  tid 106024
FindTargetPageId rootid 15 tid 106024
target_page_id id: 19 tid 106024
0 1 tid 106024
191 16 tid 106024
365 14 tid 106024
492 19 tid 106024
229 tid 106024
Remove  tid 106024
FindTargetPageId rootid 15 tid 106024
target_page_id id: 19 tid 106024
0 1 tid 106024
191 16 tid 106024
365 14 tid 106024
492 19 tid 106024
228 tid 106024
Remove  tid 106024
FindTargetPageId rootid 15 tid 106024
target_page_id id: 19 tid 106024
0 1 tid 106024
191 16 tid 106024
365 14 tid 106024
492 19 tid 106024
227 tid 106024
Remove  tid 106024
FindTargetPageId rootid 15 tid 106024
target_page_id id: 19 tid 106024
0 1 tid 106024
191 16 tid 106024
365 14 tid 106024
492 19 tid 106024
226 tid 106024
Remove  tid 106024
FindTargetPageId rootid 15 tid 106024
target_page_id id: 19 tid 106024
0 1 tid 106024
191 16 tid 106024
365 14 tid 106024
492 19 tid 106024
225 tid 106024
Remove  tid 106024
FindTargetPageId rootid 15 tid 106024
target_page_id id: 19 tid 106024
0 1 tid 106024
191 16 tid 106024
365 14 tid 106024
492 19 tid 106024
224 tid 106024
Remove  tid 106024
FindTargetPageId rootid 15 tid 106024
target_page_id id: 19 tid 106024
0 1 tid 106024
191 16 tid 106024
365 14 tid 106024
492 19 tid 106024
223 tid 106024
Remove  tid 106024
FindTargetPageId rootid 15 tid 106024
target_page_id id: 19 tid 106024
0 1 tid 106024
191 16 tid 106024
365 14 tid 106024
492 19 tid 106024
222 tid 106024
Remove  tid 106024
FindTargetPageId rootid 15 tid 106024
target_page_id id: 19 tid 106024
0 1 tid 106024
191 16 tid 106024
365 14 tid 106024
492 19 tid 106024
221 tid 106024
Remove  tid 106024
FindTargetPageId rootid 15 tid 106024
target_page_id id: 19 tid 106024
0 1 tid 106024
191 16 tid 106024
365 14 tid 106024
492 19 tid 106024
220 tid 106024
Remove  tid 106024
FindTargetPageId rootid 15 tid 106024
target_page_id id: 19 tid 106024
0 1 tid 106024
191 16 tid 106024
365 14 tid 106024
492 19 tid 106024
219 tid 106024
Remove  tid 106024
FindTargetPageId rootid 15 tid 106024
target_page_id id: 19 tid 106024
0 1 tid 106024
191 16 tid 106024
365 14 tid 106024
492 19 tid 106024
218 tid 106024
Remove  tid 106024
FindTargetPageId rootid 15 tid 106024
target_page_id id: 19 tid 106024
0 1 tid 106024
191 16 tid 106024
365 14 tid 106024
492 19 tid 106024
217 tid 106024
Remove  tid 106024
FindTargetPageId rootid 15 tid 106024
target_page_id id: 19 tid 106024
0 1 tid 106024
191 16 tid 106024
365 14 tid 106024
492 19 tid 106024
216 tid 106024
Remove  tid 106024
FindTargetPageId rootid 15 tid 106024
target_page_id id: 19 tid 106024
0 1 tid 106024
191 16 tid 106024
365 14 tid 106024
492 19 tid 106024
215 tid 106024
Remove  tid 106024
FindTargetPageId rootid 15 tid 106024
target_page_id id: 19 tid 106024
0 1 tid 106024
191 16 tid 106024
365 14 tid 106024
492 19 tid 106024
214 tid 106024
Remove  tid 106024
FindTargetPageId rootid 15 tid 106024
target_page_id id: 19 tid 106024
0 1 tid 106024
191 16 tid 106024
365 14 tid 106024
492 19 tid 106024
213 tid 106024
Remove  tid 106024
FindTargetPageId rootid 15 tid 106024
target_page_id id: 19 tid 106024
0 1 tid 106024
191 16 tid 106024
365 14 tid 106024
492 19 tid 106024
212 tid 106024
Remove  tid 106024
FindTargetPageId rootid 15 tid 106024
target_page_id id: 19 tid 106024
0 1 tid 106024
191 16 tid 106024
365 14 tid 106024
492 19 tid 106024
211 tid 106024
Remove  tid 106024
FindTargetPageId rootid 15 tid 106024
target_page_id id: 19 tid 106024
0 1 tid 106024
191 16 tid 106024
365 14 tid 106024
492 19 tid 106024
210 tid 106024
Remove  tid 106024
FindTargetPageId rootid 15 tid 106024
target_page_id id: 19 tid 106024
0 1 tid 106024
191 16 tid 106024
365 14 tid 106024
492 19 tid 106024
209 tid 106024
leaf_max_size 254
Insert  tid 105929
Insert  tid 105929
new root page id: 1 tid 105929
Insert  tid 105929
FindTargetPageId rootid 1 tid 105929
1 tid 105929
Insert  tid 105929
FindTargetPageId rootid 1 tid 105929
2 tid 105929
Insert  tid 105929
FindTargetPageId rootid 1 tid 105929
3 tid 105929
Insert  tid 105929
FindTargetPageId rootid 1 tid 105929
4 tid 105929
Insert  tid 105929
FindTargetPageId rootid 1 tid 105929
5 tid 105929
Insert  tid 105929
FindTargetPageId rootid 1 tid 105929
6 tid 105929
Insert  tid 105929
FindTargetPageId rootid 1 tid 105929
7 tid 105929
Insert  tid 105929
FindTargetPageId rootid 1 tid 105929
8 tid 105929
Insert  tid 105929
FindTargetPageId rootid 1 tid 105929
9 tid 105929
Insert  tid 105929
FindTargetPageId rootid 1 tid 105929
10 tid 105929
Insert  tid 105929
FindTargetPageId rootid 1 tid 105929
11 tid 105929
Insert  tid 105929
FindTargetPageId rootid 1 tid 105929
12 tid 105929
Insert  tid 105929
FindTargetPageId rootid 1 tid 105929
13 tid 105929
Insert  tid 105929
FindTargetPageId rootid 1 tid 105929
14 tid 105929
Insert  tid 105929
FindTargetPageId rootid 1 tid 105929
15 tid 105929
Insert  tid 105929
FindTargetPageId rootid 1 tid 105929
16 tid 105929
Insert  tid 105929
FindTargetPageId rootid 1 tid 105929
17 tid 105929
Insert  tid 105929
FindTargetPageId rootid 1 tid 105929
18 tid 105929
Insert  tid 105929
FindTargetPageId rootid 1 tid 105929
19 tid 105929
Insert  tid 105929
FindTargetPageId rootid 1 tid 105929
20 tid 105929
Insert  tid 105929
FindTargetPageId rootid 1 tid 105929
21 tid 105929
Insert  tid 105929
FindTargetPageId rootid 1 tid 105929
22 tid 105929
Insert  tid 105929
FindTargetPageId rootid 1 tid 105929
23 tid 105929
Insert  tid 105929
FindTargetPageId rootid 1 tid 105929
24 tid 105929
Insert  tid 105929
FindTargetPageId rootid 1 tid 105929
25 tid 105929
Insert  tid 105929
FindTargetPageId rootid 1 tid 105929
26 tid 105929
Insert  tid 105929
FindTargetPageId rootid 1 tid 105929
27 tid 105929
Insert  tid 105929
FindTargetPageId rootid 1 tid 105929
28 tid 105929
Insert  tid 105929
FindTargetPageId rootid 1 tid 105929
29 tid 105929
Insert  tid 105929
FindTargetPageId rootid 1 tid 105929
30 tid 105929
Insert  tid 105929
FindTargetPageId rootid 1 tid 105929
31 tid 105929
Insert  tid 105929
FindTargetPageId rootid 1 tid 105929
32 tid 105929
Insert  tid 105929
FindTargetPageId rootid 1 tid 105929
33 tid 105929
Insert  tid 105929
FindTargetPageId rootid 1 tid 105929
34 tid 105929
Insert  tid 105929
FindTargetPageId rootid 1 tid 105929
35 tid 105929
Insert  tid 105929
FindTargetPageId rootid 1 tid 105929
36 tid 105929
Insert  tid 105929
FindTargetPageId rootid 1 tid 105929
37 tid 105929
Insert  tid 105929
FindTargetPageId rootid 1 tid 105929
38 tid 105929
Insert  tid 105929
FindTargetPageId rootid 1 tid 105929
39 tid 105929
Insert  tid 105929
FindTargetPageId rootid 1 tid 105929
40 tid 105929
Insert  tid 105929
FindTargetPageId rootid 1 tid 105929
41 tid 105929
Insert  tid 105929
FindTargetPageId rootid 1 tid 105929
42 tid 105929
Insert  tid 105929
FindTargetPageId rootid 1 tid 105929
43 tid 105929
Insert  tid 105929
FindTargetPageId rootid 1 tid 105929
44 tid 105929
Insert  tid 105929
FindTargetPageId rootid 1 tid 105929
45 tid 105929
Insert  tid 105929
FindTargetPageId rootid 1 tid 105929
46 tid 105929
Insert  tid 105929
FindTargetPageId rootid 1 tid 105929
47 tid 105929
Insert  tid 105929
FindTargetPageId rootid 1 tid 105929
48 tid 105929
Insert  tid 105929
FindTargetPageId rootid 1 tid 105929
49 tid 105929
Insert  tid 105929
FindTargetPageId rootid 1 tid 105929
50 tid 105929
Insert  tid 105929
FindTargetPageId rootid 1 tid 105929
51 tid 105929
Insert  tid 105929
FindTargetPageId rootid 1 tid 105929
52 tid 105929
Insert  tid 105929
FindTargetPageId rootid 1 tid 105929
53 tid 105929
Insert  tid 105929
FindTargetPageId rootid 1 tid 105929
54 tid 105929
Insert  tid 105929
FindTargetPageId rootid 1 tid 105929
55 tid 105929
Insert  tid 105929
FindTargetPageId rootid 1 tid 105929
56 tid 105929
Insert  tid 105929
FindTargetPageId rootid 1 tid 105929
57 tid 105929
Insert  tid 105929
FindTargetPageId rootid 1 tid 105929
58 tid 105929
Insert  tid 105929
FindTargetPageId rootid 1 tid 105929
59 tid 105929
Insert  tid 105929
FindTargetPageId rootid 1 tid 105929
60 tid 105929
Insert  tid 105929
FindTargetPageId rootid 1 tid 105929
61 tid 105929
Insert  tid 105929
FindTargetPageId rootid 1 tid 105929
62 tid 105929
Insert  tid 105929
FindTargetPageId rootid 1 tid 105929
63 tid 105929
Insert  tid 105929
FindTargetPageId rootid 1 tid 105929
64 tid 105929
Insert  tid 105929
FindTargetPageId rootid 1 tid 105929
65 tid 105929
Insert  tid 105929
FindTargetPageId rootid 1 tid 105929
66 tid 105929
Insert  tid 105929
FindTargetPageId rootid 1 tid 105929
67 tid 105929
Insert  tid 105929
FindTargetPageId rootid 1 tid 105929
68 tid 105929
Insert  tid 105929
FindTargetPageId rootid 1 tid 105929
69 tid 105929
Insert  tid 105929
FindTargetPageId rootid 1 tid 105929
70 tid 105929
Insert  tid 105929
FindTargetPageId rootid 1 tid 105929
71 tid 105929
Insert  tid 105929
FindTargetPageId rootid 1 tid 105929
72 tid 105929
Insert  tid 105929
FindTargetPageId rootid 1 tid 105929
73 tid 105929
Insert  tid 105929
FindTargetPageId rootid 1 tid 105929
74 tid 105929
Insert  tid 105929
FindTargetPageId rootid 1 tid 105929
75 tid 105929
Insert  tid 105929
FindTargetPageId rootid 1 tid 105929
76 tid 105929
Insert  tid 105929
FindTargetPageId rootid 1 tid 105929
77 tid 105929
Insert  tid 105929
FindTargetPageId rootid 1 tid 105929
78 tid 105929
Insert  tid 105929
FindTargetPageId rootid 1 tid 105929
79 tid 105929
Insert  tid 105929
FindTargetPageId rootid 1 tid 105929
80 tid 105929
Insert  tid 105929
FindTargetPageId rootid 1 tid 105929
81 tid 105929
Insert  tid 105929
FindTargetPageId rootid 1 tid 105929
82 tid 105929
Insert  tid 105929
FindTargetPageId rootid 1 tid 105929
83 tid 105929
Insert  tid 105929
FindTargetPageId rootid 1 tid 105929
84 tid 105929
Insert  tid 105929
FindTargetPageId rootid 1 tid 105929
85 tid 105929
Insert  tid 105929
FindTargetPageId rootid 1 tid 105929
86 tid 105929
Insert  tid 105929
FindTargetPageId rootid 1 tid 105929
87 tid 105929
Insert  tid 105929
FindTargetPageId rootid 1 tid 105929
88 tid 105929
Insert  tid 105929
FindTargetPageId rootid 1 tid 105929
89 tid 105929
Insert  tid 105929
FindTargetPageId rootid 1 tid 105929
90 tid 105929
Insert  tid 105929
FindTargetPageId rootid 1 tid 105929
91 tid 105929
Insert  tid 105929
FindTargetPageId rootid 1 tid 105929
92 tid 105929
Insert  tid 105929
FindTargetPageId rootid 1 tid 105929
93 tid 105929
Insert  tid 105929
FindTargetPageId rootid 1 tid 105929
94 tid 105929
Insert  tid 105929
FindTargetPageId rootid 1 tid 105929
95 tid 105929
Insert  tid 105929
FindTargetPageId rootid 1 tid 105929
96 tid 105929
Insert  tid 105929
FindTargetPageId rootid 1 tid 105929
97 tid 105929
Insert  tid 105929
FindTargetPageId rootid 1 tid 105929
98 tid 105929
Insert  tid 105929
FindTargetPageId rootid 1 tid 105929
99 tid 105929
Insert  tid 105929
FindTargetPageId rootid 1 tid 105929
100 tid 105929
Insert  tid 105929
FindTargetPageId rootid 1 tid 105929
101 tid 105929
Insert  tid 105929
FindTargetPageId rootid 1 tid 105929
102 tid 105929
Insert  tid 105929
FindTargetPageId rootid 1 tid 105929
103 tid 105929
Insert  tid 105929
FindTargetPageId rootid 1 tid 105929
104 tid 105929
Insert  tid 105929
FindTargetPageId rootid 1 tid 105929
105 tid 105929
Insert  tid 105929
FindTargetPageId rootid 1 tid 105929
106 tid 105929
Insert  tid 105929
FindTargetPageId rootid 1 tid 105929
107 tid 105929
Insert  tid 105929
FindTargetPageId rootid 1 tid 105929
108 tid 105929
Insert  tid 105929
FindTargetPageId rootid 1 tid 105929
109 tid 105929
Insert  tid 105929
FindTargetPageId rootid 1 tid 105929
110 tid 105929
Insert  tid 105929
FindTargetPageId rootid 1 tid 105929
111 tid 105929
Insert  tid 105929
FindTargetPageId rootid 1 tid 105929
112 tid 105929
Insert  tid 105929
FindTargetPageId rootid 1 tid 105929
113 tid 105929
Insert  tid 105929
FindTargetPageId rootid 1 tid 105929
114 tid 105929
Insert  tid 105929
FindTargetPageId rootid 1 tid 105929
115 tid 105929
Insert  tid 105929
FindTargetPageId rootid 1 tid 105929
116 tid 105929
Insert  tid 105929
FindTargetPageId rootid 1 tid 105929
117 tid 105929
Insert  tid 105929
FindTargetPageId rootid 1 tid 105929
118 tid 105929
Insert  tid 105929
FindTargetPageId rootid 1 tid 105929
119 tid 105929
Insert  tid 105929
FindTargetPageId rootid 1 tid 105929
120 tid 105929
Insert  tid 105929
FindTargetPageId rootid 1 tid 105929
121 tid 105929
Insert  tid 105929
FindTargetPageId rootid 1 tid 105929
122 tid 105929
Insert  tid 105929
FindTargetPageId rootid 1 tid 105929
123 tid 105929
Insert  tid 105929
FindTargetPageId rootid 1 tid 105929
124 tid 105929
Insert  tid 105929
FindTargetPageId rootid 1 tid 105929
125 tid 105929
Insert  tid 105929
FindTargetPageId rootid 1 tid 105929
126 tid 105929
Insert  tid 105929
FindTargetPageId rootid 1 tid 105929
127 tid 105929
Insert  tid 105929
FindTargetPageId rootid 1 tid 105929
128 tid 105929
Insert  tid 105929
FindTargetPageId rootid 1 tid 105929
129 tid 105929
Insert  tid 105929
FindTargetPageId rootid 1 tid 105929
130 tid 105929
Insert  tid 105929
FindTargetPageId rootid 1 tid 105929
131 tid 105929
Insert  tid 105929
FindTargetPageId rootid 1 tid 105929
132 tid 105929
Insert  tid 105929
FindTargetPageId rootid 1 tid 105929
133 tid 105929
Insert  tid 105929
FindTargetPageId rootid 1 tid 105929
134 tid 105929
Insert  tid 105929
FindTargetPageId rootid 1 tid 105929
135 tid 105929
Insert  tid 105929
FindTargetPageId rootid 1 tid 105929
136 tid 105929
Insert  tid 105929
FindTargetPageId rootid 1 tid 105929
137 tid 105929
Insert  tid 105929
FindTargetPageId rootid 1 tid 105929
138 tid 105929
Insert  tid 105929
FindTargetPageId rootid 1 tid 105929
139 tid 105929
Insert  tid 105929
FindTargetPageId rootid 1 tid 105929
140 tid 105929
Insert  tid 105929
FindTargetPageId rootid 1 tid 105929
141 tid 105929
Insert  tid 105929
FindTargetPageId rootid 1 tid 105929
142 tid 105929
Insert  tid 105929
FindTargetPageId rootid 1 tid 105929
143 tid 105929
Insert  tid 105929
FindTargetPageId rootid 1 tid 105929
144 tid 105929
Insert  tid 105929
FindTargetPageId rootid 1 tid 105929
145 tid 105929
Insert  tid 105929
FindTargetPageId rootid 1 tid 105929
146 tid 105929
Insert  tid 105929
FindTargetPageId rootid 1 tid 105929
147 tid 105929
Insert  tid 105929
FindTargetPageId rootid 1 tid 105929
148 tid 105929
Insert  tid 105929
FindTargetPageId rootid 1 tid 105929
149 tid 105929
Insert  tid 105929
FindTargetPageId rootid 1 tid 105929
150 tid 105929
Insert  tid 105929
FindTargetPageId rootid 1 tid 105929
151 tid 105929
Insert  tid 105929
FindTargetPageId rootid 1 tid 105929
152 tid 105929
Insert  tid 105929
FindTargetPageId rootid 1 tid 105929
153 tid 105929
Insert  tid 105929
FindTargetPageId rootid 1 tid 105929
154 tid 105929
Insert  tid 105929
FindTargetPageId rootid 1 tid 105929
155 tid 105929
Insert  tid 105929
FindTargetPageId rootid 1 tid 105929
156 tid 105929
Insert  tid 105929
FindTargetPageId rootid 1 tid 105929
157 tid 105929
Insert  tid 105929
FindTargetPageId rootid 1 tid 105929
158 tid 105929
Insert  tid 105929
FindTargetPageId rootid 1 tid 105929
159 tid 105929
Insert  tid 105929
FindTargetPageId rootid 1 tid 105929
160 tid 105929
Insert  tid 105929
FindTargetPageId rootid 1 tid 105929
161 tid 105929
Insert  tid 105929
FindTargetPageId rootid 1 tid 105929
162 tid 105929
Insert  tid 105929
FindTargetPageId rootid 1 tid 105929
163 tid 105929
Insert  tid 105929
FindTargetPageId rootid 1 tid 105929
164 tid 105929
Insert  tid 105929
FindTargetPageId rootid 1 tid 105929
165 tid 105929
Insert  tid 105929
FindTargetPageId rootid 1 tid 105929
166 tid 105929
Insert  tid 105929
FindTargetPageId rootid 1 tid 105929
167 tid 105929
Insert  tid 105929
FindTargetPageId rootid 1 tid 105929
168 tid 105929
Insert  tid 105929
FindTargetPageId rootid 1 tid 105929
169 tid 105929
Insert  tid 105929
FindTargetPageId rootid 1 tid 105929
170 tid 105929
Insert  tid 105929
FindTargetPageId rootid 1 tid 105929
171 tid 105929
Insert  tid 105929
FindTargetPageId rootid 1 tid 105929
172 tid 105929
Insert  tid 105929
FindTargetPageId rootid 1 tid 105929
173 tid 105929
Insert  tid 105929
FindTargetPageId rootid 1 tid 105929
174 tid 105929
Insert  tid 105929
FindTargetPageId rootid 1 tid 105929
175 tid 105929
Insert  tid 105929
FindTargetPageId rootid 1 tid 105929
176 tid 105929
Insert  tid 105929
FindTargetPageId rootid 1 tid 105929
177 tid 105929
Insert  tid 105929
FindTargetPageId rootid 1 tid 105929
178 tid 105929
Insert  tid 105929
FindTargetPageId rootid 1 tid 105929
179 tid 105929
Insert  tid 105929
FindTargetPageId rootid 1 tid 105929
180 tid 105929
Insert  tid 105929
FindTargetPageId rootid 1 tid 105929
181 tid 105929
Insert  tid 105929
FindTargetPageId rootid 1 tid 105929
182 tid 105929
Insert  tid 105929
FindTargetPageId rootid 1 tid 105929
183 tid 105929
Insert  tid 105929
FindTargetPageId rootid 1 tid 105929
184 tid 105929
Insert  tid 105929
FindTargetPageId rootid 1 tid 105929
185 tid 105929
Insert  tid 105929
FindTargetPageId rootid 1 tid 105929
186 tid 105929
Insert  tid 105929
FindTargetPageId rootid 1 tid 105929
187 tid 105929
Insert  tid 105929
FindTargetPageId rootid 1 tid 105929
188 tid 105929
Insert  tid 105929
FindTargetPageId rootid 1 tid 105929
189 tid 105929
Insert  tid 105929
FindTargetPageId rootid 1 tid 105929
190 tid 105929
Insert  tid 105929
FindTargetPageId rootid 1 tid 105929
191 tid 105929
Insert  tid 105929
FindTargetPageId rootid 1 tid 105929
192 tid 105929
Insert  tid 105929
FindTargetPageId rootid 1 tid 105929
193 tid 105929
Insert  tid 105929
FindTargetPageId rootid 1 tid 105929
194 tid 105929
Insert  tid 105929
FindTargetPageId rootid 1 tid 105929
195 tid 105929
Insert  tid 105929
FindTargetPageId rootid 1 tid 105929
196 tid 105929
Insert  tid 105929
FindTargetPageId rootid 1 tid 105929
197 tid 105929
Insert  tid 105929
FindTargetPageId rootid 1 tid 105929
198 tid 105929
Insert  tid 105929
FindTargetPageId rootid 1 tid 105929
199 tid 105929
Insert  tid 106027
Insert  tid 106027
FindTargetPageId rootid 1 tid 106027
200 tid 106027
Insert  tid 106027
FindTargetPageId rootid 1 tid 106027
201 tid 106027
Remove  tid Insert  tid 106028
106027
FindTargetPageId rootid 1 tid 106027
202 tid 106027
Insert  tid 106027
FindTargetPageId rootid Insert 1 tid  tid 106027
203 tid 106027
106029
Insert  tid 106029
FindTargetPageId rootid 1 tid 106029
204 tid 106029
Insert  tid 106029
Insert  tid FindTargetPageId rootid 1106027 tid 
106029
204 tid 106029
Remove  tid 106028
Insert  tid 106029
FindTargetPageId rootid 1 tid 106028
204 tid 106028
Remove  tid 106028
FindTargetPageId rootid 1 tid 106028
203 tid 106028
Remove  tid 106028
FindTargetPageId rootid 1 tid 106028
202 tid 106028
Remove  tid 106028
FindTargetPageId rootid 1 tid 106029
201 tid 106029
Insert  tid 106029
FindTargetPageId rootid 1 tid 106027
202 tid 106027
Insert  tid 106027
FindTargetPageId rootid 1 tid 106027
203 tid 106027
Insert  tid 106027
FindTargetPageId rootid 1 tid 106027
204 tid 106027
Insert  tid 106027
FindTargetPageId rootid 1 tid 106027
205 tid 106027
Insert  tid 106027
FindTargetPageId rootid 1 tid 106027
206 tid 106027
Insert  tid 106027
FindTargetPageId rootid 1 tid 106027
207 tid 106027
Insert  tid 106027
FindTargetPageId rootid 1 tid 106027
208 tid 106027
Insert  tid 106027
FindTargetPageId rootid 1 tid 106027
209 tid 106027
Insert  tid 106027
FindTargetPageId rootid 1 tid 106027
210 tid 106027
Insert  tid 106027
FindTargetPageId rootid 1 tid 106027
211 tid 106027
Insert  tid 106027
FindTargetPageId rootid 1 tid 106028
212 tid 106028
Remove  tid 106028
FindTargetPageId rootid 1 tid 106029
211 tid 106029
Insert  tid 106029
FindTargetPageId rootid 1 tid 106029
212 tid 106029
Insert  tid 106029
FindTargetPageId rootid 1 tid 106029
212 tid 106029
Insert  tid 106029
FindTargetPageId rootid 1 tid 106027
212 tid 106027
Insert  tid 106027
FindTargetPageId rootid 1 tid 106028
213 tid 106028
Remove  tid 106028
FindTargetPageId rootid 1 tid 106029
212 tid 106029
Insert  tid 106029
FindTargetPageId rootid 1 tid 106027
212 tid 106027
Insert  tid 106027
FindTargetPageId rootid 1 tid 106028
213 tid 106028
Remove  tid 106028
FindTargetPageId rootid 1 tid 106029
212 tid 106029
Insert  tid 106029
FindTargetPageId rootid 1 tid 106027
212 tid 106027
Insert  tid 106027
FindTargetPageId rootid 1 tid 106028
213 tid 106028
Remove  tid 106028
FindTargetPageId rootid 1 tid 106028
212 tid 106028
Remove  tid 106028
FindTargetPageId rootid 1 tid 106027
211 tid 106027
Insert  tid 106027
FindTargetPageId rootid 1 tid 106029
212 tid 106029
Insert  tid 106029
FindTargetPageId rootid 1 tid 106028
212 tid 106028
Remove  tid 106028
FindTargetPageId rootid 1 tid 106027
211 tid 106027
FindTargetPageId rootid 1 tid 106029
212 tid 106029
Insert  tid 106027
Insert  tid 106029
FindTargetPageId rootid 1 tid 106027
212 tid 106027
Insert  tid 106027
FindTargetPageId rootid 1 tid 106028
213 tid 106028
Remove  tid 106028
FindTargetPageId rootid 1 tid 106029
212 tid 106029
Insert  tid 106029
FindTargetPageId rootid 1 tid 106029
212 tid 106029
Insert  tid 106029
FindTargetPageId rootid 1 tid 106029
212 tid 106029
Insert  tid 106029
FindTargetPageId rootid 1 tid 106027
212 tid 106027
Insert  tid 106027
FindTargetPageId rootid 1 tid 106028
213 tid 106028
Remove  tid 106028
FindTargetPageId rootid 1 tid 106029
212 tid 106029
Insert  tid 106029
FindTargetPageId rootid 1 tid 106027
212 tid 106027
Insert  tid 106027
FindTargetPageId rootid 1 tid 106028
213 tid 106028
Remove  tid 106028
FindTargetPageId rootid 1 tid 106029
212 tid 106029
Insert  tid 106029
FindTargetPageId rootid 1 tid 106027
212 tid 106027
Insert  tid 106027
FindTargetPageId rootid 1 tid 106027
213 tid 106027
Insert  tid 106027
FindTargetPageId rootid 1 tid 106029
214 tid 106029
Insert  tid 106029
FindTargetPageId rootid 1 tid 106029
214 tid 106029
Insert  tid 106029
FindTargetPageId rootid 1 tid 106029
214 tid 106029
Insert  tid 106029
FindTargetPageId rootid 1 tid 106027
214 tid 106027
Insert  tid 106027
FindTargetPageId rootid 1 tid 106028
215 tid 106028
Remove  tid 106028
FindTargetPageId rootid 1 tid 106029
214 tid 106029
Insert  tid 106029
FindTargetPageId rootid 1 tid 106027
214 tid 106027
Insert  tid 106027
FindTargetPageId rootid 1 tid 106028
215 tid 106028
Remove  tid 106028
FindTargetPageId rootid 1 tid 106029
214 tid 106029
Insert  tid 106029
FindTargetPageId rootid 1 tid 106027
214 tid 106027
Insert  tid 106027
FindTargetPageId rootid 1 tid 106027
215 tid 106027
Insert  tid 106027
FindTargetPageId rootid 1 tid 106029
216 tid 106029
Insert  tid 106029
FindTargetPageId rootid 1 tid 106028
216 tid 106028
Remove  tid 106028
FindTargetPageId rootid 1 tid 106027
215 tid 106027
Insert  tid 106027
FindTargetPageId rootid 1 tid 106027
216 tid 106027
Insert  tid 106027
FindTargetPageId rootid 1 tid 106028
217 tid 106028
Remove  tid 106028
FindTargetPageId rootid 1 tid 106029
216 tid 106029
Insert  tid 106029
FindTargetPageId rootid 1 tid 106027
216 tid 106027
Insert  tid 106027
FindTargetPageId rootid 1 tid 106028
217 tid 106028
Remove  tid 106028
FindTargetPageId rootid 1 tid 106029
216 tid 106029
Insert  tid 106029
FindTargetPageId rootid 1 tid 106027
216 tid 106027
Insert  tid 106027
FindTargetPageId rootid 1 tid 106028
217 tid 106028
Remove  tid 106028
FindTargetPageId rootid 1 tid 106029
216 tid 106029
Insert  tid 106029
FindTargetPageId rootid 1 tid 106027
216 tid 106027
Insert  tid 106027
FindTargetPageId rootid 1 tid 106028
217 tid 106028
Remove  tid 106028
FindTargetPageId rootid 1 tid 106029
216 tid 106029
Insert  tid 106029
FindTargetPageId rootid 1 tid 106027
216 tid 106027
Insert  tid 106027
FindTargetPageId rootid 1 tid 106028
217 tid 106028
Remove  tid 106028
FindTargetPageId rootid 1 tid 106029
216 tid 106029
Insert  tid 106029
FindTargetPageId rootid 1 tid 106027
216 tid 106027
Insert  tid 106027
FindTargetPageId rootid 1 tid 106027
217 tid 106027
Insert  tid 106027
FindTargetPageId rootid 1 tid 106029
218 tid 106029
Insert  tid 106029
FindTargetPageId rootid 1 tid 106028
218 tid 106028
Remove  tid 106028
FindTargetPageId rootid 1 tid 106027
217 tid 106027
Insert  tid 106027
FindTargetPageId rootid 1 tid 106029
218 tid 106029
Insert  tid 106029
FindTargetPageId rootid 1 tid 106029
218 tid 106029
Insert  tid 106029
FindTargetPageId rootid 1 tid 106027
218 tid 106027
Insert  tid 106027
FindTargetPageId rootid 1 tid 106028
219 tid 106028
Remove  tid 106028
FindTargetPageId rootid 1 tid 106029
218 tid 106029
Insert  tid 106029
FindTargetPageId rootid 1 tid 106029
218 tid 106029
Insert  tid 106029
FindTargetPageId rootid 1 tid 106028
218 tid 106028
Remove  tid 106028
FindTargetPageId rootid 1 tid 106027
217 tid 106027
Insert  tid 106027
FindTargetPageId rootid 1 tid 106029
218 tid 106029
Insert  tid 106029
FindTargetPageId rootid 1 tid 106028
218 tid 106028
Remove  tid 106028
FindTargetPageId rootid 1 tid 106027
217 tid 106027
Insert  tid 106027
FindTargetPageId rootid 1 tid 106029
218 tid 106029
Insert  tid 106029
FindTargetPageId rootid 1 tid 106028
218 tid 106028
Remove  tid 106028
FindTargetPageId rootid 1 tid 106027
217 tid 106027
Insert  tid 106027
FindTargetPageId rootid 1 tid 106029
218 tid 106029
Insert  tid 106029
FindTargetPageId rootid 1 tid 106028
218 tid 106028
Remove  tid 106028
FindTargetPageId rootid 1 tid 106027
217 tid 106027
Insert  tid 106027
FindTargetPageId rootid 1 tid 106029
218 tid 106029
Insert  tid 106029
FindTargetPageId rootid 1 tid 106028
218 tid 106028
Remove  tid 106028
FindTargetPageId rootid 1 tid 106028
217 tid 106028
Remove  tid 106028
FindTargetPageId rootid 1 tid 106028
216 tid 106028
Remove  tid 106028
FindTargetPageId rootid 1 tid 106028
215 tid 106028
Remove  tid 106028
FindTargetPageId rootid 1 tid 106028
214 tid 106028
Remove  tid 106028
FindTargetPageId rootid 1 tid 106028
213 tid 106028
Remove  tid 106028
FindTargetPageId rootid 1 tid 106028
212 tid 106028
Remove  tid 106028
FindTargetPageId rootid 1 tid 106027
211 tid 106027
Insert  tid 106027
FindTargetPageId rootid 1 tid 106027
212 tid 106027
Insert  tid 106027
FindTargetPageId rootid 1 tid 106027
213 tid 106027
Insert  tid 106027
FindTargetPageId rootid 1 tid 106028
214 tid 106028
Remove  tid 106028
FindTargetPageId rootid 1 tid 106028
213 tid 106028
Remove  tid 106028
FindTargetPageId rootid 1 tid 106029
212 tid 106029
Insert  tid 106029
FindTargetPageId rootid 1 tid 106029
212 tid 106029
Insert  tid 106029
FindTargetPageId rootid 1 tid 106029
212 tid 106029
Insert  tid 106029
FindTargetPageId rootid 1 tid 106029
212 tid 106029
Insert  tid 106029
FindTargetPageId rootid 1 tid 106029
212 tid 106029
Insert  tid 106029
FindTargetPageId rootid 1 tid 106029
212 tid 106029
Insert  tid 106029
FindTargetPageId rootid 1 tid 106029
212 tid 106029
Insert  tid 106029
FindTargetPageId rootid 1 tid 106027
212 tid 106027
Insert  tid 106027
FindTargetPageId rootid 1 tid 106028
213 tid 106028
Remove  tid 106028
FindTargetPageId rootid 1 tid 106029
212 tid 106029
Insert  tid 106029
FindTargetPageId rootid 1 tid 106027
212 tid 106027
Insert  tid 106027
FindTargetPageId rootid 1 tid 106027
213 tid 106027
Insert  tid 106027
FindTargetPageId rootid 1 tid 106029
214 tid 106029
Insert  tid 106029
FindTargetPageId rootid 1 tid 106028
214 tid 106028
Remove  tid 106028
FindTargetPageId rootid 1 tid 106027
213 tid 106027
Insert  tid 106027
FindTargetPageId rootid 1 tid 106029
214 tid 106029
Insert  tid 106029
FindTargetPageId rootid 1 tid 106028
214 tid 106028
Remove  tid 106028
FindTargetPageId rootid 1 tid 106027
213 tid 106027
Insert  tid 106027
FindTargetPageId rootid 1 tid 106029
214 tid 106029
Insert  tid 106029
FindTargetPageId rootid 1 tid 106028
214 tid 106028
Remove  tid 106028
FindTargetPageId rootid 1 tid 106028
213 tid 106028
Remove  tid 106028
FindTargetPageId rootid 1 tid 106028
212 tid 106028
Remove  tid 106028
FindTargetPageId rootid 1 tid 106027
211 tid 106027
Insert  tid 106027
FindTargetPageId rootid 1 tid 106027
212 tid 106027
Insert  tid 106027
FindTargetPageId rootid 1 tid 106027
213 tid 106027
Insert  tid 106027
FindTargetPageId rootid 1 tid 106027
214 tid 106027
Insert  tid 106027
FindTargetPageId rootid 1 tid 106027
215 tid 106027
Insert  tid 106027
FindTargetPageId rootid 1 tid 106027
216 tid 106027
Insert  tid 106027
FindTargetPageId rootid 1 tid 106027
217 tid 106027
Insert  tid 106027
FindTargetPageId rootid 1 tid 106027
218 tid 106027
Insert  tid 106027
FindTargetPageId rootid 1 tid 106027
219 tid 106027
Insert  tid 106027
FindTargetPageId rootid 1 tid 106028
220 tid 106028
Remove  tid 106028
FindTargetPageId rootid 1 tid 106029
219 tid 106029
Insert  tid 106029
FindTargetPageId rootid 1 tid 106027
219 tid 106027
Insert  tid 106027
FindTargetPageId rootid 1 tid 106028
220 tid 106028
Remove  tid 106028
FindTargetPageId rootid 1 tid 106029
219 tid 106029
Insert  tid 106029
FindTargetPageId rootid 1 tid 106027
219 tid 106027
Insert  tid 106027
FindTargetPageId rootid 1 tid 106028
220 tid 106028
Remove  tid 106028
FindTargetPageId rootid 1 tid 106029
219 tid 106029
Insert  tid 106029
FindTargetPageId rootid 1 tid 106027
219 tid 106027
FindTargetPageId rootid 1 tid 106028
220 tid 106028
Insert  tid 106027
Remove  tid 106028
FindTargetPageId rootid 1 tid 106029
219 tid 106029
Insert  tid 106029
FindTargetPageId rootid 1 tid 106029
219 tid 106029
Insert  tid 106029
FindTargetPageId rootid 1 tid 106028
219 tid 106028
Remove  tid 106028
FindTargetPageId rootid 1 tid 106028
218 tid 106028
Remove  tid 106028
FindTargetPageId rootid 1 tid 106029
217 tid 106029
Insert  tid 106029
FindTargetPageId rootid 1 tid 106027
217 tid 106027
Insert  tid 106027
FindTargetPageId rootid 1 tid 106027
218 tid 106027
Insert  tid 106027
FindTargetPageId rootid 1 tid 106028
219 tid 106028
Remove  tid 106028
FindTargetPageId rootid 1 tid 106029
218 tid 106029
Insert  tid 106029
FindTargetPageId rootid 1 tid 106027
218 tid 106027
Insert  tid 106027
FindTargetPageId rootid 1 tid 106028
219 tid 106028
Remove  tid 106028
FindTargetPageId rootid 1 tid 106029
218 tid 106029
Insert  tid 106029
FindTargetPageId rootid 1 tid 106027
218 tid 106027
Insert  tid 106027
FindTargetPageId rootid 1 tid 106028
219 tid 106028
Remove  tid 106028
FindTargetPageId rootid 1 tid 106029
218 tid 106029
Insert  tid 106029
FindTargetPageId rootid 1 tid 106027
218 tid 106027
Insert  tid 106027
FindTargetPageId rootid 1 tid 106028
219 tid 106028
FindTargetPageId rootid 1 tid 106029
218 tid 106029
Remove  tid 106028
FindTargetPageId rootid 1 tid 106028
218 tid 106028
Insert  tid 106029
Remove  tid 106028
FindTargetPageId rootid 1 tid 106029
217 tid 106029
Insert  tid 106029
FindTargetPageId rootid 1 tid 106027
217 tid 106027
Insert  tid 106027
FindTargetPageId rootid 1 tid 106028
218 tid 106028
Remove  tid 106028
FindTargetPageId rootid 1 tid 106029
217 tid 106029
Insert  tid 106029
FindTargetPageId rootid 1 tid 106027
217 tid 106027
Insert  tid 106027
FindTargetPageId rootid 1 tid 106028
218 tid 106028
Remove  tid 106028
FindTargetPageId rootid 1 tid 106029
217 tid 106029
Insert  tid 106029
FindTargetPageId rootid 1 tid 106027
217 tid 106027
Insert  tid 106027
FindTargetPageId rootid 1 tid 106028
218 tid 106028
Remove  tid 106028
FindTargetPageId rootid 1 tid 106028
217 tid 106028
Remove  tid 106028
FindTargetPageId rootid 1 tid 106028
216 tid 106028
Remove  tid 106028
FindTargetPageId rootid 1 tid 106028
215 tid 106028
Remove  tid 106028
FindTargetPageId rootid 1 tid 106028
214 tid 106028
Remove  tid 106028
FindTargetPageId rootid 1 tid 106027
213 tid 106027
Insert  tid 106027
FindTargetPageId rootid 1 tid 106029
214 tid 106029
Insert  tid 106029
FindTargetPageId rootid 1 tid 106029
214 tid 106029
Insert  tid 106029
FindTargetPageId rootid 1 tid 106028
214 tid 106028
Remove  tid 106028
FindTargetPageId rootid 1 tid 106028
213 tid 106028
Remove  tid 106028
FindTargetPageId rootid 1 tid 106029
212 tid 106029
Insert  tid 106029
FindTargetPageId rootid 1 tid 106029
212 tid 106029
Insert  tid 106029
FindTargetPageId rootid 1 tid 106028
212 tid 106028
Remove  tid 106028
FindTargetPageId rootid 1 tid 106027
211 tid 106027
Insert  tid 106027
FindTargetPageId rootid 1 tid 106029
212 tid 106029
Insert  tid 106029
FindTargetPageId rootid 1 tid 106028
212 tid 106028
Remove  tid 106028
FindTargetPageId rootid 1 tid 106027
211 tid 106027
Insert  tid 106027
FindTargetPageId rootid 1 tid 106029
212 tid 106029
Insert  tid 106029
FindTargetPageId rootid 1 tid 106028
212 tid 106028
Remove  tid 106028
FindTargetPageId rootid 1 tid 106027
211 tid 106027
Insert  tid 106027
FindTargetPageId rootid 1 tid 106027
212 tid 106027
Insert  tid 106027
FindTargetPageId rootid 1 tid 106029
213 tid 106029
Insert  tid 106029
FindTargetPageId rootid 1 tid 106028
213 tid 106028
Remove  tid 106028
FindTargetPageId rootid 1 tid 106027
212 tid 106027
Insert  tid 106027
FindTargetPageId rootid 1 tid 106029
213 tid 106029
Insert  tid 106029
FindTargetPageId rootid 1 tid 106028
213 tid 106028
Remove  tid 106028
FindTargetPageId rootid 1 tid 106027
212 tid 106027
Insert  tid 106027
FindTargetPageId rootid 1 tid 106029
213 tid 106029
Insert  tid 106029
FindTargetPageId rootid 1 tid 106029
213 tid 106029
Insert  tid 106029
FindTargetPageId rootid 1 tid 106027
213 tid 106027
Insert  tid 106027
FindTargetPageId rootid 1 tid 106028
214 tid 106028
Remove  tid 106028
FindTargetPageId rootid 1 tid 106029
213 tid 106029
Insert  tid 106029
FindTargetPageId rootid 1 tid 106027
213 tid 106027
Insert  tid 106027
FindTargetPageId rootid 1 tid 106028
214 tid 106028
Remove  tid 106028
FindTargetPageId rootid 1 tid 106029
213 tid 106029
Insert  tid 106029
FindTargetPageId rootid 1 tid 106027
213 tid 106027
Insert  tid 106027
FindTargetPageId rootid 1 tid 106028
214 tid 106028
FindTargetPageId rootid 1 tid 106027
213 tid 106027
Insert  tid 106027
FindTargetPageId rootid 1 tid 106029
214 tid 106029
Remove  tid 106028
FindTargetPageId rootid 1 tid 106028
214 tid 106028
Insert  tid 106029
Remove  tid 106028
FindTargetPageId rootid 1 tid 106027
213 tid 106027
Insert  tid 106027
FindTargetPageId rootid 1 tid 106027
214 tid 106027
Insert  tid 106027
FindTargetPageId rootid 1 tid 106028
215 tid 106028
Remove  tid 106028
FindTargetPageId rootid 1 tid 106028
214 tid 106028
Remove  tid 106028
FindTargetPageId rootid 1 tid 106028
213 tid 106028
Remove  tid 106028
FindTargetPageId rootid 1 tid 106028
212 tid 106028
Remove  tid 106028
FindTargetPageId rootid 1 tid 106028
211 tid 106028
Remove  tid 106028
FindTargetPageId rootid 1 tid 106028
210 tid 106028
Remove  tid 106028
FindTargetPageId rootid 1 tid 106027
209 tid 106027
Insert  tid 106027
FindTargetPageId rootid 1 tid 106029
210 tid 106029
Insert  tid 106029
FindTargetPageId rootid 1 tid 106028
211 tid 106028
Remove  tid 106028
FindTargetPageId rootid 1 tid 106027
210 tid 106027
Insert  tid 106027
FindTargetPageId rootid 1 tid 106029
211 tid 106029
Insert  tid 106029
FindTargetPageId rootid 1 tid 106028
212 tid 106028
Remove  tid 106028
FindTargetPageId rootid 1 tid 106028
211 tid 106028
Remove  tid 106028
FindTargetPageId rootid 1 tid 106027
210 tid 106027
Insert  tid 106027
FindTargetPageId rootid 1 tid 106029
211 tid 106029
Insert  tid 106029
FindTargetPageId rootid 1 tid 106028
212 tid 106028
Remove  tid 106028
FindTargetPageId rootid 1 tid 106028
211 tid 106028
Remove  tid 106028
FindTargetPageId rootid 1 tid 106029
210 tid 106029
Insert  tid 106029
FindTargetPageId rootid 1 tid 106029
211 tid 106029
Insert  tid 106029
FindTargetPageId rootid 1 tid 106029
212 tid 106029
Insert  tid 106029
FindTargetPageId rootid 1 tid 106029
213 tid 106029
Insert  tid 106029
FindTargetPageId rootid 1 tid 106027
214 tid 106027
Insert  tid 106027
FindTargetPageId rootid 1 tid 106027
215 tid 106027
Insert  tid 106027
FindTargetPageId rootid 1 tid 106027
216 tid 106027
Insert  tid 106027
FindTargetPageId rootid 1 tid 106029
217 tid 106029
Insert  tid 106029
FindTargetPageId rootid 1 tid 106029
218 tid 106029
Insert  tid 106029
FindTargetPageId rootid 1 tid 106029
219 tid 106029
Insert  tid 106029
FindTargetPageId rootid 1 tid 106029
219 tid 106029
Insert  tid 106029
FindTargetPageId rootid 1 tid 106028
219 tid 106028
Remove  tid 106028
FindTargetPageId rootid 1 tid 106027
218 tid 106027
Insert  tid 106027
FindTargetPageId rootid 1 tid 106029
219 tid 106029
Insert  tid 106029
FindTargetPageId rootid 1 tid 106028
219 tid 106028
Remove  tid 106028
FindTargetPageId rootid 1 tid 106027
218 tid 106027
Insert  tid 106027
FindTargetPageId rootid 1 tid 106029
219 tid 106029
Insert  tid 106029
FindTargetPageId rootid 1 tid 106028
219 tid 106028
Remove  tid 106028
FindTargetPageId rootid 1 tid 106027
218 tid 106027
Insert  tid 106027
FindTargetPageId rootid 1 tid 106029
219 tid 106029
Insert  tid 106029
FindTargetPageId rootid 1 tid 106028
219 tid 106028
Remove  tid 106028
FindTargetPageId rootid 1 tid 106027
218 tid 106027
Insert  tid 106027
FindTargetPageId rootid 1 tid 106029
219 tid 106029
Insert  tid 106029
FindTargetPageId rootid 1 tid 106029
219 tid 106029
Insert  tid 106029
FindTargetPageId rootid 1 tid 106029
219 tid 106029
Insert  tid 106029
FindTargetPageId rootid 1 tid 106029
219 tid 106029
Insert  tid 106029
FindTargetPageId rootid 1 tid 106029
219 tid 106029
Insert  tid 106029
FindTargetPageId rootid 1 tid 106029
219 tid 106029
Insert  tid 106029
FindTargetPageId rootid 1 tid 106028
219 tid 106028
Remove  tid 106028
FindTargetPageId rootid 1 tid 106027
218 tid 106027
Insert  tid 106027
FindTargetPageId rootid 1 tid 106027
219 tid 106027
Insert  tid 106027
FindTargetPageId rootid 1 tid 106027
220 tid 106027
Insert  tid 106027
FindTargetPageId rootid 1 tid 106027
221 tid 106027
Insert  tid 106027
FindTargetPageId rootid 1 tid 106027
222 tid 106027
Insert  tid 106027
FindTargetPageId rootid 1 tid 106027
223 tid 106027
Insert  tid 106027
FindTargetPageId rootid 1 tid 106027
224 tid 106027
FindTargetPageId rootid 1 tid Insert 106028 tid 
225 tid 106028
106027
FindTargetPageId rootid 1 tid 106027
224 tid 106027
Insert  tid 106027
Remove  tid FindTargetPageId rootid 1060281
 tid 106027
225 tid 106027
Insert  tid 106027
FindTargetPageId rootid 1 tid 106029
226 tid 106029
Insert  tid 106029
FindTargetPageId rootid 1 tid 106028
226 tid 106028
Remove  tid 106028
FindTargetPageId rootid 1 tid 106028
225 tid 106028
Remove  tid 106028
FindTargetPageId rootid 1 tid 106028
224 tid 106028
Remove  tid 106028
FindTargetPageId rootid 1 tid 106028
223 tid 106028
Remove  tid 106028
FindTargetPageId rootid 1 tid 106028
222 tid 106028
Remove  tid 106028
FindTargetPageId rootid 1 tid 106028
221 tid 106028
Remove  tid 106028
FindTargetPageId rootid 1 tid 106028
220 tid 106028
Remove  tid 106028
FindTargetPageId rootid 1 tid 106028
219 tid 106028
Remove  tid 106028
FindTargetPageId rootid 1 tid 106028
218 tid 106028
Remove  tid 106028
FindTargetPageId rootid 1 tid 106028
217 tid 106028
Remove  tid 106028
FindTargetPageId rootid 1 tid 106028
216 tid 106028
Remove  tid 106028
FindTargetPageId rootid 1 tid 106028
215 tid 106028
Remove  tid 106028
FindTargetPageId rootid 1 tid 106028
214 tid 106028
Remove  tid 106028
FindTargetPageId rootid 1 tid 106028
213 tid 106028
Remove  tid 106028
FindTargetPageId rootid 1 tid 106028
212 tid 106028
Remove  tid 106028
FindTargetPageId rootid 1 tid 106028
211 tid 106028
Remove  tid 106028
FindTargetPageId rootid 1 tid 106028
211 tid 106028
Remove  tid 106028
FindTargetPageId rootid 1 tid 106028
211 tid 106028
Remove  tid 106028
FindTargetPageId rootid 1 tid 106028
211 tid 106028
Remove  tid 106028
FindTargetPageId rootid 1 tid 106028
211 tid 106028
Remove  tid 106028
FindTargetPageId rootid 1 tid 106028
211 tid 106028
Remove  tid 106028
FindTargetPageId rootid 1 tid 106028
211 tid 106028
Remove  tid 106028
FindTargetPageId rootid 1 tid 106028
211 tid 106028
Remove  tid 106028
FindTargetPageId rootid 1 tid 106028
211 tid 106028
Remove  tid 106028
FindTargetPageId rootid 1 tid 106028
211 tid 106028
Remove  tid 106028
FindTargetPageId rootid 1 tid 106029
211 tid 106029
Insert  tid 106029
FindTargetPageId rootid 1 tid 106029
212 tid 106029
Insert  tid 106029
FindTargetPageId rootid 1 tid 106029
213 tid 106029
Insert  tid 106029
FindTargetPageId rootid 1 tid 106029
214 tid 106029
Insert  tid 106029
FindTargetPageId rootid 1 tid 106027
215 tid 106027
Insert  tid 106027
FindTargetPageId rootid 1 tid 106027
216 tid 106027
Insert  tid 106027
FindTargetPageId rootid 1 tid 106028
217 tid 106028
FindTargetPageId rootid 1 tid 106029
217 tid 106029
Remove  tid 106028
Insert  tid 106029
FindTargetPageId rootid 1 tid 106028
218 tid 106028
Remove  tid 106028
FindTargetPageId rootid 1 tid 106027
218 tid 106027
Insert  tid 106027
FindTargetPageId rootid 1 tid 106029
219 tid 106029
Insert  tid 106029
FindTargetPageId rootid 1 tid 106028
220 tid 106028
FindTargetPageId rootid 1 tid Remove 106027
 tid 220 tid 106027
106028
Insert  tid 106027
FindTargetPageId rootid 1 tid 106028
221 tid 106028
Remove  tid 106028
FindTargetPageId rootid 1 tid 106028
221 tid 106028
Remove  tid 106028
FindTargetPageId rootid 1 tid 106027
221 tid 106027
Insert  tid 106027
FindTargetPageId rootid 1 tid 106029
222 tid 106029
Insert  tid 106029
FindTargetPageId rootid 1 tid 106028
223 tid 106028
Remove  tid 106028
FindTargetPageId rootid 1 tid 106027
223 tid 106027
Insert  tid 106027
FindTargetPageId rootid 1 tid 106029
224 tid 106029
Insert  tid 106029
FindTargetPageId rootid 1 tid 106028
225 tid 106028
Remove  tid 106028
FindTargetPageId rootid 1 tid 106027
225 tid 106027
Insert  tid 106027
FindTargetPageId rootid 1 tid 106029
226 tid 106029
FindTargetPageId rootid 1 tid 106028
227 tid 106028
Insert  tid 106029
Remove  tid 106028
FindTargetPageId rootid 1 tid 106027
227 tid 106027
Insert  tid 106027
FindTargetPageId rootid 1 tid 106029
228 tid 106029
Insert  tid 106029
FindTargetPageId rootid 1 tid 106028
228 tid 106028
Remove  tid 106028
FindTargetPageId rootid 1 tid 106028
228 tid 106028
Remove  tid 106028
FindTargetPageId rootid 1 tid 106028
228 tid 106028
Remove  tid 106028
FindTargetPageId rootid 1 tid 106028
228 tid 106028
Remove  tid 106028
FindTargetPageId rootid 1 tid 106028
228 tid 106028
Remove  tid 106028
FindTargetPageId rootid 1 tid 106028
228 tid 106028
Remove  tid 106028
FindTargetPageId rootid 1 tid 106028
228 tid 106028
Remove  tid 106028
FindTargetPageId rootid 1 tid 106028
228 tid 106028
Remove  tid 106028
FindTargetPageId rootid 1 tid 106027
228 tid 106027
Insert  tid 106027
FindTargetPageId rootid 1 tid 106029
229 tid 106029
Insert  tid 106029
FindTargetPageId rootid 1 tid 106029
229 tid 106029
Insert  tid 106029
FindTargetPageId rootid 1 tid 106029
229 tid 106029
Insert  tid 106029
FindTargetPageId rootid 1 tid 106029
229 tid 106029
Insert  tid 106029
FindTargetPageId rootid 1 tid 106029
229 tid 106029
Insert  tid 106029
FindTargetPageId rootid 1 tid 106028
229 tid 106028
Remove  tid 106028
FindTargetPageId rootid 1 tid 106027
229 tid 106027
Insert  tid 106027
FindTargetPageId rootid 1 tid 106027
230 tid 106027
Insert  tid 106027
FindTargetPageId rootid 1 tid 106027
231 tid 106027
Insert  tid 106027
FindTargetPageId rootid 1 tid 106027
232 tid 106027
Insert  tid 106027
FindTargetPageId rootid 1 tid 106027
233 tid 106027
Insert  tid 106027
FindTargetPageId rootid 1 tid 106027
234 tid 106027
Insert  tid 106027
FindTargetPageId rootid 1 tid 106027
235 tid 106027
Insert  tid 106027
FindTargetPageId rootid 1 tid 106027
236 tid 106027
Insert  tid 106027
FindTargetPageId rootid 1 tid 106027
237 tid 106027
Insert  tid 106027
FindTargetPageId rootid 1 tid 106027
238 tid 106027
Insert  tid 106027
FindTargetPageId rootid 1 tid 106027
239 tid 106027
Insert  tid 106027
FindTargetPageId rootid 1 tid 106027
240 tid 106027
Insert  tid 106027
FindTargetPageId rootid 1 tid 106027
241 tid 106027
Insert  tid 106027
FindTargetPageId rootid 1 tid 106029
242 tid 106029
Insert  tid 106029
FindTargetPageId rootid 1 tid 106027
242 tid 106027
Insert  tid 106027
FindTargetPageId rootid 1 tid 106028
243 tid 106028
Remove  tid 106028
FindTargetPageId rootid 1 tid 106029
243 tid 106029
Insert  tid 106029
FindTargetPageId rootid 1 tid 106029
243 tid 106029
Insert  tid 106029
FindTargetPageId rootid 1 tid 106029
243 tid 106029
Insert  tid 106029
FindTargetPageId rootid 1 tid 106029
243 tid 106029
Insert  tid 106029
FindTargetPageId rootid 1 tid 106029
243 tid 106029
Insert  tid 106029
FindTargetPageId rootid 1 tid 106029
243 tid 106029
Insert  tid 106029
FindTargetPageId rootid 1 tid 106029
243 tid 106029
Insert  tid 106029
FindTargetPageId rootid 1 tid 106029
243 tid 106029
Insert  tid 106029
FindTargetPageId rootid 1 tid 106029
243 tid 106029
Insert  tid 106029
FindTargetPageId rootid 1 tid 106029
243 tid 106029
Insert  tid 106029
FindTargetPageId rootid 1 tid 106028
243 tid 106028
Remove  tid 106028
FindTargetPageId rootid 1 tid 106027
243 tid 106027
Insert  tid 106027
FindTargetPageId rootid 1 tid 106027
244 tid 106027
Insert  tid 106027
FindTargetPageId rootid 1 tid 106027
245 tid 106027
Insert  tid 106027
FindTargetPageId rootid 1 tid 106029
246 tid 106029
Insert  tid 106029
FindTargetPageId rootid 1 tid 106029
246 tid 106029
Insert  tid 106029
FindTargetPageId rootid 1 tid 106027
246 tid 106027
Insert  tid 106027
FindTargetPageId rootid 1 tid 106028
247 tid 106028
Remove  tid 106028
FindTargetPageId rootid 1 tid 106029
247 tid 106029
Insert  tid 106029
FindTargetPageId rootid 1 tid 106029
247 tid 106029
Insert  tid 106029
FindTargetPageId rootid 1 tid 106028
247 tid 106028
Remove  tid 106028
FindTargetPageId rootid 1 tid 106028
247 tid 106028
Remove  tid 106028
FindTargetPageId rootid 1 tid 106028
247 tid 106028
Remove  tid 106028
FindTargetPageId rootid 1 tid 106028
247 tid 106028
Remove  tid 106028
FindTargetPageId rootid 1 tid 106027
247 tid 106027
Insert  tid 106027
FindTargetPageId rootid 1 tid 106029
248 tid 106029
Insert  tid 106029
FindTargetPageId rootid 1 tid 106028
248 tid 106028
Remove  tid 106028
FindTargetPageId rootid 1 tid 106027
248 tid 106027
Insert  tid 106027
FindTargetPageId rootid 1 tid 106029
249 tid 106029
Insert  tid 106029
FindTargetPageId rootid 1 tid 106029
249 tid 106029
Insert  tid 106029
FindTargetPageId rootid 1 tid 106029
249 tid 106029
Insert  tid 106029
FindTargetPageId rootid 1 tid 106028
249 tid 106028
Remove  tid 106028
FindTargetPageId rootid 1 tid 106028
249 tid 106028
Remove  tid 106028
FindTargetPageId rootid 1 tid 106028
249 tid 106028
Remove  tid 106028
FindTargetPageId rootid 1 tid 106028
249 tid 106028
Remove  tid 106028
FindTargetPageId rootid 1 tid 106028
249 tid 106028
Remove  tid 106028
FindTargetPageId rootid 1 tid 106027
249 tid 106027
Insert  tid 106027
FindTargetPageId rootid 1 tid 106027
250 tid 106027
Insert  tid 106027
FindTargetPageId rootid 1 tid 106028
251 tid 106028
Remove  tid 106028
FindTargetPageId rootid 1 tid 106029
251 tid 106029
Insert  tid 106029
FindTargetPageId rootid 1 tid 106027
251 tid 106027
Insert  tid 106027
FindTargetPageId rootid 1 tid 106027
252 tid 106027
Insert  tid 106027
FindTargetPageId rootid 1 tid 106027
253 tid 106027
Insert  tid 106027
FindTargetPageId rootid 1 tid 106027
254 tid 106027
Insert  tid 106027
FindTargetPageId rootid 3 tid 106029
target_page_id id: 1 tid 106029
0 1 tid 106029
365 2 tid 106029
127 tid 106029
Insert  tid 106029
FindTargetPageId rootid 3 tid 106028
target_page_id id: 1 tid 106028
0 1 tid 106028
365 2 tid 106028
127 tid 106028
Remove  tid 106028
FindTargetPageId rootid 3 tid 106028
target_page_id id: 1 tid 106028
0 1 tid 106028
365 2 tid 106028
127 tid 106028
Remove  tid 106028
FindTargetPageId rootid 3 tid 106028
target_page_id id: 1 tid 106028
0 1 tid 106028
365 2 tid 106028
127 tid 106028
Remove  tid 106028
FindTargetPageId rootid 3 tid 106027
target_page_id id: 1 tid 106027
0 1 tid 106027
365 2 tid 106027
127 tid 106027
Insert  tid 106027
FindTargetPageId rootid 3 tid 106027
target_page_id id: 1 tid 106027
0 1 tid 106027
365 2 tid 106027
128 tid 106027
Insert  tid 106027
FindTargetPageId rootid 3 tid 106027
target_page_id id: 1 tid 106027
0 1 tid 106027
365 2 tid 106027
129 tid 106027
Insert  tid 106027
FindTargetPageId rootid 3 tid 106029
target_page_id id: 1 tid 106029
0 1 tid 106029
365 2 tid 106029
130 tid 106029
Insert  tid 106029
FindTargetPageId rootid 3 tid 106028
target_page_id id: 1 tid 106028
0 1 tid 106028
365 2 tid 106028
130 tid 106028
Remove  tid 106028
FindTargetPageId rootid 3 tid 106028
target_page_id id: 1 tid 106028
0 1 tid 106028
365 2 tid 106028
130 tid 106028
Remove  tid 106028
FindTargetPageId rootid 3 tid 106028
target_page_id id: 1 tid 106028
0 1 tid 106028
365 2 tid 106028
130 tid 106028
Remove  tid 106028
FindTargetPageId rootid 3 tid 106029
target_page_id id: 1 tid 106029
0 1 tid 106029
365 2 tid 106029
130 tid 106029
Insert  tid 106029
FindTargetPageId rootid 3 tid 106027
target_page_id id: 1 tid 106027
0 1 tid 106027
365 2 tid 106027
130 tid 106027
Insert  tid 106027
FindTargetPageId rootid 3 tid 106028
target_page_id id: 1 tid 106028
0 1 tid 106028
365 2 tid 106028
131 tid 106028
Remove  tid 106028
FindTargetPageId rootid 3 tid 106028
target_page_id id: 1 tid 106028
0 1 tid 106028
365 2 tid 106028
131 tid 106028
Remove  tid 106028
FindTargetPageId rootid 3 tid 106028
target_page_id id: 1 tid 106028
0 1 tid 106028
365 2 tid 106028
131 tid 106028
Remove  tid 106028
FindTargetPageId rootid 3 tid 106028
target_page_id id: 1 tid 106028
0 1 tid 106028
365 2 tid 106028
131 tid 106028
Remove  tid 106028
FindTargetPageId rootid 3 tid 106028
target_page_id id: 1 tid 106028
0 1 tid 106028
365 2 tid 106028
131 tid 106028
Remove  tid 106028
FindTargetPageId rootid 3 tid 106028
target_page_id id: 1 tid 106028
0 1 tid 106028
365 2 tid 106028
131 tid 106028
Remove  tid 106028
FindTargetPageId rootid 3 tid 106028
target_page_id id: 1 tid 106028
0 1 tid 106028
365 2 tid 106028
131 tid 106028
Remove  tid 106028
FindTargetPageId rootid 3 tid 106029
target_page_id id: 1 tid 106029
0 1 tid 106029
365 2 tid 106029
131 tid 106029
Insert  tid 106029
FindTargetPageId rootid 3 tid 106027
target_page_id id: 1 tid 106027
0 1 tid 106027
365 2 tid 106027
131 tid 106027
Insert  tid 106027
FindTargetPageId rootid 3 tid 106029
target_page_id id: 1 tid 106029
0 1 tid 106029
365 2 tid 106029
132 tid 106029
Insert  tid 106029
FindTargetPageId rootid 3 tid 106028
target_page_id id: 1 tid 106028
0 1 tid 106028
365 2 tid 106028
132 tid 106028
Remove  tid 106028
FindTargetPageId rootid 3 tid 106027
target_page_id id: 1 tid 106027
0 1 tid 106027
365 2 tid 106027
132 tid 106027
Insert  tid 106027
FindTargetPageId rootid 3 tid 106029
target_page_id id: 1 tid 106029
0 1 tid 106029
365 2 tid 106029
133 tid 106029
Insert  tid 106029
FindTargetPageId rootid 3 tid 106028
target_page_id id: 1 tid 106028
0 1 tid 106028
365 2 tid 106028
133 tid 106028
Remove  tid 106028
FindTargetPageId rootid 3 tid 106027
target_page_id id: 1 tid 106027
0 1 tid 106027
365 2 tid 106027
133 tid 106027
Insert  tid 106027
FindTargetPageId rootid 3 tid 106027
target_page_id id: 1 tid 106027
0 1 tid 106027
365 2 tid 106027
134 tid 106027
Insert  tid 106027
FindTargetPageId rootid 3 tid 106027
target_page_id id: 1 tid 106027
0 1 tid 106027
365 2 tid 106027
135 tid 106027
Insert  tid 106027
FindTargetPageId rootid 3 tid 106027
target_page_id id: 1 tid 106027
0 1 tid 106027
365 2 tid 106027
136 tid 106027
Insert  tid 106027
FindTargetPageId rootid 3 tid 106027
target_page_id id: 1 tid 106027
0 1 tid 106027
365 2 tid 106027
137 tid 106027
Insert  tid 106027
FindTargetPageId rootid 3 tid 106027
target_page_id id: 1 tid 106027
0 1 tid 106027
365 2 tid 106027
138 tid 106027
Insert  tid 106027
FindTargetPageId rootid 3 tid 106027
target_page_id id: 1 tid 106027
0 1 tid 106027
365 2 tid 106027
139 tid 106027
Insert  tid 106027
FindTargetPageId rootid 3 tid 106029
target_page_id id: 1 tid 106029
0 1 tid 106029
365 2 tid 106029
140 tid 106029
Insert  tid 106029
FindTargetPageId rootid 3 tid 106029
target_page_id id: 1 tid 106029
0 1 tid 106029
365 2 tid 106029
140 tid 106029
Insert  tid 106029
FindTargetPageId rootid 3 tid 106029
target_page_id id: 1 tid 106029
0 1 tid 106029
365 2 tid 106029
140 tid 106029
Insert  tid 106029
FindTargetPageId rootid 3 tid 106029
target_page_id id: 1 tid 106029
0 1 tid 106029
365 2 tid 106029
140 tid 106029
Insert  tid 106029
FindTargetPageId rootid 3 tid 106028
target_page_id id: 1 tid 106028
0 1 tid 106028
365 2 tid 106028
140 tid 106028
Remove  tid 106028
FindTargetPageId rootid 3 tid 106027
target_page_id id: 1 tid 106027
0 1 tid 106027
365 2 tid 106027
140 tid 106027
Insert  tid 106027
FindTargetPageId rootid 3 tid 106027
target_page_id id: 1 tid 106027
0 1 tid 106027
365 2 tid 106027
141 tid 106027
Insert  tid 106027
FindTargetPageId rootid 3 tid 106027
target_page_id id: 1 tid 106027
0 1 tid 106027
365 2 tid 106027
142 tid 106027
FindTargetPageId rootid 3 tid 106028
target_page_id id: 1 tid 106028
0 1 tid 106028
365 2 tid 106028
Insert  tid 143 tid 106028
106027Remove  tid 106028
FindTargetPageId rootid 3 tid 
106028
target_page_id id: 1 tid 106028
0 1 tid 106028
365 2 tid 106028
143 tid 106028
Remove  tid 106028
FindTargetPageId rootid 3 tid 106029
target_page_id id: 1 tid 106029
0 1 tid 106029
365 2 tid 106029
143 tid 106029
Insert  tid 106029
FindTargetPageId rootid 3 tid 106027
target_page_id id: 1 tid 106027
0 1 tid 106027
365 2 tid 106027
143 tid 106027
Insert  tid 106027
FindTargetPageId rootid 3 tid 106027
target_page_id id: 1 tid 106027
0 1 tid 106027
365 2 tid 106027
144 tid 106027
Insert  tid 106027
FindTargetPageId rootid 3 tid 106027
target_page_id id: 1 tid 106027
0 1 tid 106027
365 2 tid 106027
145 tid 106027
Insert  tid 106027
FindTargetPageId rootid 3 tid 106027
target_page_id id: 1 tid 106027
0 1 tid 106027
365 2 tid 106027
146 tid 106027
Insert  tid 106027
FindTargetPageId rootid 3 tid 106028
target_page_id id: 1 tid 106028
0 1 tid 106028
365 2 tid 106028
147 tid 106028
Remove  tid 106028
FindTargetPageId rootid 3 tid 106028
target_page_id id: 1 tid 106028
0 1 tid 106028
365 2 tid 106028
147 tid 106028
Remove  tid 106028
FindTargetPageId rootid 3 tid 106028
target_page_id id: 1 tid 106028
0 1 tid 106028
365 2 tid 106028
147 tid 106028
Remove  tid 106028
FindTargetPageId rootid 3 tid 106028
target_page_id id: 1 tid 106028
0 1 tid 106028
365 2 tid 106028
147 tid 106028
Remove  tid 106028
FindTargetPageId rootid 3 tid 106028
target_page_id id: 1 tid 106028
0 1 tid 106028
365 2 tid 106028
147 tid 106028
Remove  tid 106028
FindTargetPageId rootid 3 tid 106027
target_page_id id: 1 tid 106027
0 1 tid 106027
365 2 tid 106027
147 tid 106027
Insert  tid 106027
FindTargetPageId rootid 3 tid 106029
target_page_id id: 1 tid 106029
0 1 tid 106029
365 2 tid 106029
148 tid 106029
Insert  tid 106029
FindTargetPageId rootid 3 tid 106028
target_page_id id: 1 tid 106028
0 1 tid 106028
365 2 tid 106028
148 tid 106028
Remove  tid 106028
FindTargetPageId rootid 3 tid 106027
target_page_id id: 1 tid 106027
0 1 tid 106027
365 2 tid 106027
148 tid 106027
Insert  tid 106027
FindTargetPageId rootid 3 tid 106029
target_page_id id: 1 tid 106029
0 1 tid 106029
365 2 tid 106029
149 tid 106029
Insert  tid 106029
FindTargetPageId rootid 3 tid 106028
target_page_id id: 1 tid 106028
0 1 tid 106028
365 2 tid 106028
149 tid 106028
Remove  tid 106028
FindTargetPageId rootid 3 tid 106027
target_page_id id: 1 tid 106027
0 1 tid 106027
365 2 tid 106027
149 tid 106027
Insert  tid 106027
FindTargetPageId rootid 3 tid 106027
target_page_id id: 1 tid 106027
0 1 tid 106027
365 2 tid 106027
150 tid 106027
Insert  tid 106027
FindTargetPageId rootid 3 tid 106027
target_page_id id: 1 tid 106027
0 1 tid 106027
365 2 tid 106027
151 tid 106027
Insert  tid 106027
FindTargetPageId rootid 3 tid 106029
target_page_id id: 1 tid 106029
0 1 tid 106029
365 2 tid 106029
152 tid 106029
Insert  tid 106029
FindTargetPageId rootid 3 tid 106029
target_page_id id: 1 tid 106029
0 1 tid 106029
365 2 tid 106029
152 tid 106029
Insert  tid 106029
FindTargetPageId rootid 3 tid 106029
target_page_id id: 1 tid 106029
0 1 tid 106029
365 2 tid 106029
152 tid 106029
Insert  tid 106029
FindTargetPageId rootid 3 tid 106029
target_page_id id: 1 tid 106029
0 1 tid 106029
365 2 tid 106029
152 tid 106029
Insert  tid 106029
FindTargetPageId rootid 3 tid 106029
target_page_id id: 1 tid 106029
0 1 tid 106029
365 2 tid 106029
152 tid 106029
Insert  tid 106029
FindTargetPageId rootid 3 tid 106029
target_page_id id: 1 tid 106029
0 1 tid 106029
365 2 tid 106029
152 tid 106029
Insert  tid 106029
FindTargetPageId rootid 3 tid 106029
target_page_id id: 1 tid 106029
0 1 tid 106029
365 2 tid 106029
152 tid 106029
Insert  tid 106029
FindTargetPageId rootid 3 tid 106029
target_page_id id: 1 tid 106029
0 1 tid 106029
365 2 tid 106029
152 tid 106029
Insert  tid 106029
FindTargetPageId rootid 3 tid 106028
target_page_id id: 1 tid 106028
0 1 tid 106028
365 2 tid 106028
152 tid 106028
Remove  tid 106028
FindTargetPageId rootid 3 tid 106028
target_page_id id: 1 tid 106028
0 1 tid 106028
365 2 tid 106028
152 tid 106028
Remove  tid 106028
FindTargetPageId rootid 3 tid 106028
target_page_id id: 1 tid 106028
0 1 tid 106028
365 2 tid 106028
152 tid 106028
Remove  tid 106028
FindTargetPageId rootid 3 tid 106028
target_page_id id: 1 tid 106028
0 1 tid 106028
365 2 tid 106028
152 tid 106028
Remove  tid 106028
FindTargetPageId rootid 3 tid 106027
target_page_id id: 1 tid 106027
0 1 tid 106027
365 2 tid 106027
152 tid 106027
Insert  tid 106027
FindTargetPageId rootid 3 tid 106027
target_page_id id: 1 tid 106027
0 1 tid 106027
365 2 tid 106027
153 tid 106027
Insert  tid 106027
FindTargetPageId rootid 3 tid 106027
target_page_id id: 1 tid 106027
0 1 tid 106027
365 2 tid 106027
154 tid 106027
Insert  tid 106027
FindTargetPageId rootid 3 tid 106027
target_page_id id: 1 tid 106027
0 1 tid 106027
365 2 tid 106027
155 tid 106027
Insert  tid 106027
FindTargetPageId rootid 3 tid 106027
target_page_id id: 1 tid 106027
0 1 tid 106027
365 2 tid 106027
156 tid 106027
Insert  tid 106027
FindTargetPageId rootid 3 tid 106027
target_page_id id: 1 tid 106027
0 1 tid 106027
365 2 tid 106027
157 tid 106027
Insert  tid 106027
FindTargetPageId rootid 3 tid 106027
target_page_id id: 1 tid 106027
0 1 tid 106027
365 2 tid 106027
158 tid 106027
FindTargetPageId rootid 3 tid 106028
target_page_id id: 1 tid 106028
0 1 tid 106028
365 2 tid 106028
159 tid 106028
Remove  tid 106028
FindTargetPageId rootid 3 tid 106028
Insert  tid 106027
target_page_id id: 1 tid 106028
0 1 tid 106028
365 2 tid 106028
159 tid 106028
Remove  tid 106028
FindTargetPageId rootid 3 tid 106029
target_page_id id: 1 tid 106029
0 1 tid 106029
365 2 tid 106029
159 tid 106029
Insert  tid 106029
FindTargetPageId rootid 3 tid 106029
target_page_id id: 1 tid 106029
0 1 tid 106029
365 2 tid 106029
159 tid 106029
Insert  tid 106029
FindTargetPageId rootid 3 tid 106029
target_page_id id: 1 tid 106029
0 1 tid 106029
365 2 tid 106029
159 tid 106029
Insert  tid 106029
FindTargetPageId rootid 3 tid 106028
target_page_id id: 1 tid 106028
0 1 tid 106028
365 2 tid 106028
159 tid 106028
Remove  tid 106028
FindTargetPageId rootid 3 tid 106028
target_page_id id: 1 tid 106028
0 1 tid 106028
365 2 tid 106028
159 tid 106028
Remove  tid 106028
FindTargetPageId rootid 3 tid 106029
target_page_id id: 1 tid 106029
0 1 tid 106029
365 2 tid 106029
159 tid 106029
Insert  tid 106029
FindTargetPageId rootid 3 tid 106027
target_page_id id: 1 tid 106027
0 1 tid 106027
365 2 tid 106027
159 tid 106027
Insert  tid 106027
FindTargetPageId rootid 3 tid 106027
target_page_id id: 1 tid 106027
0 1 tid 106027
365 2 tid 106027
160 tid 106027
Insert  tid 106027
FindTargetPageId rootid 3 tid 106029
target_page_id id: 1 tid 106029
0 1 tid 106029
365 2 tid 106029
161 tid 106029
Insert  tid 106029
FindTargetPageId rootid 3 tid 106029
target_page_id id: 1 tid 106029
0 1 tid 106029
365 2 tid 106029
161 tid 106029
Insert  tid 106029
FindTargetPageId rootid 3 tid 106029
target_page_id id: 1 tid 106029
0 1 tid 106029
365 2 tid 106029
161 tid 106029
Insert  tid 106029
FindTargetPageId rootid 3 tid 106029
target_page_id id: 1 tid 106029
0 1 tid 106029
365 2 tid 106029
161 tid 106029
Insert  tid 106029
FindTargetPageId rootid 3 tid 106029
target_page_id id: 1 tid 106029
0 1 tid 106029
365 2 tid 106029
161 tid 106029
Insert  tid 106029
FindTargetPageId rootid 3 tid 106029
target_page_id id: 1 tid 106029
0 1 tid 106029
365 2 tid 106029
161 tid 106029
Insert  tid 106029
FindTargetPageId rootid 3 tid 106029
target_page_id id: 1 tid 106029
0 1 tid 106029
365 2 tid 106029
161 tid 106029
Insert  tid 106029
FindTargetPageId rootid 3 tid 106029
target_page_id id: 1 tid 106029
0 1 tid 106029
365 2 tid 106029
161 tid 106029
Insert  tid 106029
FindTargetPageId rootid 3 tid 106029
target_page_id id: 1 tid 106029
0 1 tid 106029
365 2 tid 106029
161 tid 106029
Insert  tid 106029
FindTargetPageId rootid 3 tid 106029
target_page_id id: 1 tid 106029
0 1 tid 106029
365 2 tid 106029
161 tid 106029
Insert  tid 106029
FindTargetPageId rootid 3 tid 106027
target_page_id id: 1 tid 106027
0 1 tid 106027
365 2 tid 106027
161 tid 106027
Insert  tid 106027
FindTargetPageId rootid 3 tid 106027
target_page_id id: 1 tid 106027
0 1 tid 106027
365 2 tid 106027
162 tid 106027
Insert  tid 106027
FindTargetPageId rootid 3 tid 106027
target_page_id id: 1 tid 106027
0 1 tid 106027
365 2 tid 106027
163 tid 106027
Insert  tid 106027
FindTargetPageId rootid 3 tid 106027
target_page_id id: 1 tid 106027
0 1 tid 106027
365 2 tid 106027
164 tid 106027
Insert  tid 106027
FindTargetPageId rootid 3 tid 106027
target_page_id id: 1 tid 106027
0 1 tid 106027
365 2 tid 106027
165 tid 106027
Insert  tid 106027
FindTargetPageId rootid 3 tid 106027
target_page_id id: 1 tid 106027
0 1 tid 106027
365 2 tid 106027
166 tid 106027
Insert  tid 106027
FindTargetPageId rootid 3 tid 106027
target_page_id id: 1 tid 106027
0 1 tid 106027
365 2 tid 106027
167 tid 106027
Insert  tid 106027
FindTargetPageId rootid 3 tid 106029
target_page_id id: 1 tid 106029
0 1 tid 106029
365 2 tid 106029
168 tid 106029
Insert  tid 106029
FindTargetPageId rootid 3 tid 106028
target_page_id id: 1 tid 106028
0 1 tid 106028
365 2 tid 106028
168 tid 106028
Remove  tid 106028
FindTargetPageId rootid 3 tid 106027
target_page_id id: 1 tid 106027
0 1 tid 106027
365 2 tid 106027
167 tid 106027
Insert  tid 106027
FindTargetPageId rootid 3 tid 106027
target_page_id id: 1 tid 106027
0 1 tid 106027
365 2 tid 106027
168 tid 106027
Insert  tid 106027
FindTargetPageId rootid 3 tid 106027
target_page_id id: 1 tid 106027
0 1 tid 106027
365 2 tid 106027
169 tid 106027
Insert  tid 106027
FindTargetPageId rootid 3 tid 106027
target_page_id id: 1 tid 106027
0 1 tid 106027
365 2 tid 106027
170 tid 106027
Insert  tid 106027
FindTargetPageId rootid 3 tid 106027
target_page_id id: 1 tid 106027
0 1 tid 106027
365 2 tid 106027
171 tid 106027
Insert  tid 106027
FindTargetPageId rootid 3 tid 106028
target_page_id id: 1 tid 106028
0 1 tid 106028
365 2 tid 106028
172 tid 106028
Remove  tid 106028
FindTargetPageId rootid 3 tid 106029
target_page_id id: 1 tid 106029
0 1 tid 106029
365 2 tid 106029
171 tid 106029
Insert  tid 106029
FindTargetPageId rootid 3 tid 106029
target_page_id id: 1 tid 106029
0 1 tid 106029
365 2 tid 106029
171 tid 106029
Insert  tid 106029
FindTargetPageId rootid 3 tid 106027
target_page_id id: 1 tid 106027
0 1 tid 106027
365 2 tid 106027
171 tid 106027
Insert  tid 106027
FindTargetPageId rootid 3 tid 106028
target_page_id id: 1 tid 106028
0 1 tid 106028
365 2 tid 106028
172 tid 106028
Remove  tid 106028
FindTargetPageId rootid 3 tid 106029
target_page_id id: 1 tid 106029
0 1 tid 106029
365 2 tid 106029
171 tid 106029
Insert  tid 106029
FindTargetPageId rootid 3 tid 106027
target_page_id id: 1 tid 106027
0 1 tid 106027
365 2 tid 106027
171 tid 106027
Insert  tid 106027
FindTargetPageId rootid 3 tid 106027
target_page_id id: 1 tid 106027
0 1 tid 106027
365 2 tid 106027
172 tid 106027
Insert  tid 106027
FindTargetPageId rootid 3 tid 106029
target_page_id id: 1 tid 106029
0 1 tid 106029
365 2 tid 106029
173 tid 106029
Insert  tid 106029
FindTargetPageId rootid 3 tid 106029
target_page_id id: 1 tid 106029
0 1 tid 106029
365 2 tid 106029
173 tid 106029
Insert  tid 106029
FindTargetPageId rootid 3 tid 106029
target_page_id id: 1 tid 106029
0 1 tid 106029
365 2 tid 106029
173 tid 106029
Insert  tid 106029
FindTargetPageId rootid 3 tid 106029
target_page_id id: 1 tid 106029
0 1 tid 106029
365 2 tid 106029
173 tid 106029
Insert  tid 106029
FindTargetPageId rootid 3 tid 106029
target_page_id id: 1 tid 106029
0 1 tid 106029
365 2 tid 106029
173 tid 106029
Insert  tid 106029
FindTargetPageId rootid 3 tid 106029
target_page_id id: 1 tid 106029
0 1 tid 106029
365 2 tid 106029
173 tid 106029
Insert  tid 106029
FindTargetPageId rootid 3 tid 106029
target_page_id id: 1 tid 106029
0 1 tid 106029
365 2 tid 106029
173 tid 106029
Insert  tid 106029
FindTargetPageId rootid 3 tid 106029
target_page_id id: 1 tid 106029
0 1 tid 106029
365 2 tid 106029
173 tid 106029
Insert  tid 106029
FindTargetPageId rootid 3 tid 106027
target_page_id id: 1 tid 106027
0 1 tid 106027
365 2 tid 106027
173 tid 106027
Insert  tid 106027
FindTargetPageId rootid 3 tid 106028
target_page_id id: 1 tid 106028
0 1 tid 106028
365 2 tid 106028
174 tid 106028
Remove  tid 106028
FindTargetPageId rootid 3 tid 106028
target_page_id id: 1 tid 106028
0 1 tid 106028
365 2 tid 106028
173 tid 106028
Remove  tid 106028
FindTargetPageId rootid 3 tid 106029
target_page_id id: 1 tid 106029
0 1 tid 106029
365 2 tid 106029
172 tid 106029
Insert  tid 106029
FindTargetPageId rootid 3 tid 106029
target_page_id id: 1 tid 106029
0 1 tid 106029
365 2 tid 106029
172 tid 106029
Insert  tid 106029
FindTargetPageId rootid 3 tid 106028
target_page_id id: 1 tid 106028
0 1 tid 106028
365 2 tid 106028
173 tid 106028
Remove  tid 106028
FindTargetPageId rootid 3 tid 106027
target_page_id id: 1 tid 106027
0 1 tid 106027
365 2 tid 106027
172 tid 106027
Insert  tid 106027
FindTargetPageId rootid 3 tid 106027
target_page_id id: 1 tid 106027
0 1 tid 106027
365 2 tid 106027
173 tid 106027
Insert  tid 106027
FindTargetPageId rootid 3 tid 106027
target_page_id id: 1 tid 106027
0 1 tid 106027
365 2 tid 106027
174 tid 106027
Insert  tid 106027
FindTargetPageId rootid 3 tid 106029
target_page_id id: 1 tid 106029
0 1 tid 106029
365 2 tid 106029
175 tid 106029
Insert  tid 106029
FindTargetPageId rootid 3 tid 106028
target_page_id id: 1 tid 106028
0 1 tid 106028
365 2 tid 106028
176 tid 106028
Remove  tid 106028
FindTargetPageId rootid 3 tid 106027
target_page_id id: 1 tid 106027
0 1 tid 106027
365 2 tid 106027
175 tid 106027
Insert  tid 106027
FindTargetPageId rootid 3 tid 106027
target_page_id id: 1 tid 106027
0 1 tid 106027
365 2 tid 106027
176 tid 106027
Insert  tid 106027
FindTargetPageId rootid 3 tid 106028
target_page_id id: 1 tid 106028
0 1 tid 106028
365 2 tid 106028
177 tid 106028
Remove  tid 106028
FindTargetPageId rootid 3 tid 106029
target_page_id id: 1 tid 106029
0 1 tid 106029
365 2 tid 106029
176 tid 106029
Insert  tid 106029
FindTargetPageId rootid 3 tid 106027
target_page_id id: 1 tid 106027
0 1 tid 106027
365 2 tid 106027
177 tid 106027
Insert  tid 106027
FindTargetPageId rootid 3 tid 106027
target_page_id id: 1 tid 106027
0 1 tid 106027
365 2 tid 106027
178 tid 106027
Insert  tid 106027
FindTargetPageId rootid 3 tid 106029
target_page_id id: 1 tid 106029
0 1 tid 106029
365 2 tid 106029
179 tid 106029
Insert  tid 106029
FindTargetPageId rootid 3 tid 106028
target_page_id id: 1 tid 106028
0 1 tid 106028
365 2 tid 106028
180 tid 106028
Remove  tid 106028
FindTargetPageId rootid 3 tid 106027
target_page_id id: 1 tid 106027
0 1 tid 106027
365 2 tid 106027
179 tid 106027
Insert  tid 106027
FindTargetPageId rootid 3 tid 106027
target_page_id id: 1 tid 106027
0 1 tid 106027
365 2 tid 106027
180 tid 106027
Insert  tid 106027
FindTargetPageId rootid 3 tid 106028
target_page_id id: 1 tid 106028
0 1 tid 106028
365 2 tid 106028
181 tid 106028
Remove  tid 106028
FindTargetPageId rootid 3 tid 106029
target_page_id id: 1 tid 106029
0 1 tid 106029
365 2 tid 106029
180 tid 106029
Insert  tid 106029
FindTargetPageId rootid 3 tid 106027
target_page_id id: 1 tid 106027
0 1 tid 106027
365 2 tid 106027
181 tid 106027
Insert  tid 106027
FindTargetPageId rootid 3 tid 106028
target_page_id id: 1 tid 106028
0 1 tid 106028
365 2 tid 106028
182 tid 106028
Remove  tid 106028
FindTargetPageId rootid 3 tid 106029
target_page_id id: 1 tid 106029
0 1 tid 106029
365 2 tid 106029
181 tid 106029
Insert  tid 106029
FindTargetPageId rootid 3 tid 106027
target_page_id id: 1 tid 106027
0 1 tid 106027
365 2 tid 106027
182 tid 106027
Insert  tid 106027
FindTargetPageId rootid 3 tid 106028
target_page_id id: 1 tid 106028
0 1 tid 106028
365 2 tid 106028
183 tid 106028
Remove  tid 106028
FindTargetPageId rootid 3 tid 106029
target_page_id id: 1 tid 106029
0 1 tid 106029
365 2 tid 106029
182 tid 106029
Insert  tid 106029
FindTargetPageId rootid 3 tid 106027
target_page_id id: 1 tid 106027
0 1 tid 106027
365 2 tid 106027
183 tid 106027
Insert  tid 106027
FindTargetPageId rootid 3 tid 106028
target_page_id id: 1 tid 106028
0 1 tid 106028
365 2 tid 106028
184 tid 106028
Remove  tid 106028
FindTargetPageId rootid 3 tid 106029
target_page_id id: 1 tid 106029
0 1 tid 106029
365 2 tid 106029
183 tid 106029
Insert  tid 106029
FindTargetPageId rootid 3 tid 106027
target_page_id id: 1 tid 106027
0 1 tid 106027
365 2 tid 106027
184 tid 106027
Insert  tid 106027
FindTargetPageId rootid 3 tid 106028
target_page_id id: 1 tid 106028
0 1 tid 106028
365 2 tid 106028
185 tid 106028
Remove  tid 106028
FindTargetPageId rootid 3 tid 106028
target_page_id id: 1 tid 106028
0 1 tid 106028
365 2 tid 106028
184 tid 106028
Remove  tid 106028
FindTargetPageId rootid 3 tid 106029
target_page_id id: 1 tid 106029
0 1 tid 106029
365 2 tid 106029
183 tid 106029
Insert  tid 106029
FindTargetPageId rootid 3 tid 106029
target_page_id id: 1 tid 106029
0 1 tid 106029
365 2 tid 106029
184 tid 106029
Insert  tid 106029
FindTargetPageId rootid 3 tid 106029
target_page_id id: 1 tid 106029
0 1 tid 106029
365 2 tid 106029
185 tid 106029
Insert  tid 106029
FindTargetPageId rootid 3 tid 106027
target_page_id id: 1 tid 106027
0 1 tid 106027
365 2 tid 106027
186 tid 106027
Insert  tid 106027
FindTargetPageId rootid 3 tid 106028
target_page_id id: 1 tid 106028
0 1 tid 106028
365 2 tid 106028
187 tid 106028
Remove  tid 106028
FindTargetPageId rootid 3 tid 106028
target_page_id id: 1 tid 106028
0 1 tid 106028
365 2 tid 106028
186 tid 106028
Remove  tid 106028
FindTargetPageId rootid 3 tid 106029
target_page_id id: 1 tid 106029
0 1 tid 106029
365 2 tid 106029
185 tid 106029
Insert  tid 106029
FindTargetPageId rootid 3 tid 106029
target_page_id id: 1 tid 106029
0 1 tid 106029
365 2 tid 106029
186 tid 106029
Insert  tid 106029
FindTargetPageId rootid 3 tid 106029
target_page_id id: 1 tid 106029
0 1 tid 106029
365 2 tid 106029
187 tid 106029
Insert  tid 106029
FindTargetPageId rootid 3 tid 106029
target_page_id id: 1 tid 106029
0 1 tid 106029
365 2 tid 106029
188 tid 106029
Insert  tid 106029
FindTargetPageId rootid 3 tid 106029
target_page_id id: 1 tid 106029
0 1 tid 106029
365 2 tid 106029
189 tid 106029
Insert  tid 106029
FindTargetPageId rootid 3 tid 106028
target_page_id id: 1 tid 106028
0 1 tid 106028
365 2 tid 106028
190 tid 106028
Remove  tid 106028
FindTargetPageId rootid 3 tid 106028
target_page_id id: 1 tid 106028
0 1 tid 106028
365 2 tid 106028
189 tid 106028
Remove  tid 106028
FindTargetPageId rootid 3 tid 106028
target_page_id id: 1 tid 106028
0 1 tid 106028
365 2 tid 106028
188 tid 106028
Remove  tid 106028
FindTargetPageId rootid 3 tid 106028
target_page_id id: 1 tid 106028
0 1 tid 106028
365 2 tid 106028
187 tid 106028
Remove  tid 106028
FindTargetPageId rootid 3 tid 106027
target_page_id id: 1 tid 106027
0 1 tid 106027
365 2 tid 106027
186 tid 106027
Insert  tid 106027
FindTargetPageId rootid 3 tid 106027
target_page_id id: 1 tid 106027
0 1 tid 106027
365 2 tid 106027
187 tid 106027
Insert  tid 106027
FindTargetPageId rootid 3 tid 106027
target_page_id id: 1 tid 106027
0 1 tid 106027
365 2 tid 106027
188 tid 106027
Insert  tid 106027
FindTargetPageId rootid 3 tid 106029
target_page_id id: 1 tid 106029
0 1 tid 106029
365 2 tid 106029
189 tid 106029
Insert  tid 106029
FindTargetPageId rootid 3 tid 106028
target_page_id id: 1 tid 106028
0 1 tid 106028
365 2 tid 106028
190 tid 106028
Remove  tid 106028
FindTargetPageId rootid 3 tid 106027
target_page_id id: 1 tid 106027
0 1 tid 106027
365 2 tid 106027
189 tid 106027
Insert  tid 106027
FindTargetPageId rootid 3 tid 106029
target_page_id id: 1 tid 106029
0 1 tid 106029
365 2 tid 106029
190 tid 106029
FindTargetPageId rootid 3 tid 106028
Insert target_page_id id:  tid 1 tid 106028
0 1 tid 106028
106029365 2 tid 
106028
191 tid 106028
Remove  tid 106028
FindTargetPageId rootid 3 tid 106028
target_page_id id: 1 tid 106028
0 1 tid 106028
365 2 tid 106028
190 tid 106028
Remove  tid 106028
FindTargetPageId rootid 3 tid 106028
target_page_id id: 1 tid 106028
0 1 tid 106028
365 2 tid 106028
189 tid 106028
Remove  tid 106028
FindTargetPageId rootid 3 tid 106028
target_page_id id: 1 tid 106028
0 1 tid 106028
365 2 tid 106028
188 tid 106028
Remove  tid 106028
FindTargetPageId rootid 3 tid 106028
target_page_id id: 1 tid 106028
0 1 tid 106028
365 2 tid 106028
187 tid 106028
Remove  tid 106028
FindTargetPageId rootid 3 tid 106027
target_page_id id: 1 tid 106027
0 1 tid 106027
365 2 tid 106027
186 tid 106027
Insert  tid 106027
FindTargetPageId rootid 3 tid 106029
target_page_id id: 1 tid 106029
0 1 tid 106029
365 2 tid 106029
187 tid 106029
Insert  tid 106029
FindTargetPageId rootid 3 tid 106028
target_page_id id: 1 tid 106028
0 1 tid 106028
365 2 tid 106028
188 tid 106028
FindTargetPageId rootid 3 tid 106027
target_page_id id: 1 tid 106027
0 1 tid 106027
365 2 tid 106027
Remove  tid 106028
187 tid 106027
Insert  tid 106027
FindTargetPageId rootid 3 tid 106029
target_page_id id: 1 tid 106029
0 1 tid 106029
365 2 tid 106029
188 tid 106029
Insert  tid 106029
FindTargetPageId rootid 3 tid 106028
target_page_id id: 1 tid 106028
0 1 tid 106028
365 2 tid 106028
189 tid 106028
Remove  tid 106028
FindTargetPageId rootid 3 tid 106027
target_page_id id: 1 tid 106027
0 1 tid 106027
365 2 tid 106027
188 tid 106027
Insert  tid 106027
FindTargetPageId rootid 3 tid 106029
target_page_id id: 1 tid 106029
0 1 tid 106029
365 2 tid 106029
189 tid 106029
FindTargetPageId rootid 3 tid 106028
target_page_id id: 1 tid 106028
0 1 tid 106028
365 2 tid 106028
Insert 190 tid  tid 106028
106029
Remove  tid 106028
FindTargetPageId rootid 3 tid 106027
target_page_id id: 1 tid 106027
0 1 tid 106027
365 2 tid 106027
189 tid 106027
Insert  tid 106027
FindTargetPageId rootid 3 tid 106029
target_page_id id: 1 tid 106029
0 1 tid 106029
365 2 tid 106029
190 tid 106029
Insert  tid 106029
FindTargetPageId rootid 3 tid 106028
target_page_id id: 1 tid 106028
0 1 tid 106028
365 2 tid 106028
191 tid 106028
Remove  tid 106028
FindTargetPageId rootid 3 tid 106028
target_page_id id: 1 tid 106028
0 1 tid 106028
365 2 tid 106028
190 tid 106028
Remove  tid 106028
FindTargetPageId rootid 3 tid 106028
target_page_id id: 1 tid 106028
0 1 tid 106028
365 2 tid 106028
189 tid 106028
Remove  tid 106028
FindTargetPageId rootid 3 tid 106028
target_page_id id: 1 tid 106028
0 1 tid 106028
365 2 tid 106028
188 tid 106028
Remove  tid 106028
FindTargetPageId rootid 3 tid 106029
target_page_id id: 1 tid 106029
0 1 tid 106029
365 2 tid 106029
188 tid 106029
Insert  tid 106029
FindTargetPageId rootid 3 tid 106027
target_page_id id: 1 tid 106027
0 1 tid 106027
365 2 tid 106027
189 tid 106027
Insert  tid 106027
FindTargetPageId rootid 3 tid 106027
target_page_id id: 1 tid 106027
0 1 tid 106027
365 2 tid 106027
190 tid 106027
Insert  tid 106027
FindTargetPageId rootid 3 tid 106027
target_page_id id: 1 tid 106027
0 1 tid 106027
365 2 tid 106027
191 tid 106027
Insert  tid 106027
FindTargetPageId rootid 3 tid 106027
target_page_id id: 1 tid 106027
0 1 tid 106027
365 2 tid 106027
192 tid 106027
Insert  tid 106027
FindTargetPageId rootid 3 tid 106027
target_page_id id: 1 tid 106027
0 1 tid 106027
365 2 tid 106027
193 tid 106027
Insert  tid 106027
FindTargetPageId rootid 3 tid 106027
target_page_id id: 1 tid 106027
0 1 tid 106027
365 2 tid 106027
194 tid 106027
Insert  tid 106027
FindTargetPageId rootid 3 tid 106027
target_page_id id: 1 tid 106027
0 1 tid 106027
365 2 tid 106027
195 tid 106027
Insert  tid 106027
FindTargetPageId rootid 3 tid 106028
target_page_id id: 1 tid 106028
0 1 tid 106028
365 2 tid 106028
196 tid 106028
Remove  tid 106028
FindTargetPageId rootid 3 tid 106028
target_page_id id: 1 tid 106028
0 1 tid 106028
365 2 tid 106028
195 tid 106028
Remove  tid 106028
FindTargetPageId rootid 3 tid 106028
target_page_id id: 1 tid 106028
0 1 tid 106028
365 2 tid 106028
194 tid 106028
Remove  tid 106028
FindTargetPageId rootid 3 tid 106028
target_page_id id: 1 tid 106028
0 1 tid 106028
365 2 tid 106028
193 tid 106028
Remove  tid 106028
FindTargetPageId rootid 3 tid 106028
target_page_id id: 1 tid 106028
0 1 tid 106028
365 2 tid 106028
192 tid 106028
Remove  tid 106028
FindTargetPageId rootid 3 tid 106028
target_page_id id: 1 tid 106028
0 1 tid 106028
365 2 tid 106028
191 tid 106028
Remove  tid 106028
FindTargetPageId rootid 3 tid 106028
target_page_id id: 1 tid 106028
0 1 tid 106028
365 2 tid 106028
190 tid 106028
Remove  tid 106028
FindTargetPageId rootid 3 tid 106028
target_page_id id: 1 tid 106028
0 1 tid 106028
365 2 tid 106028
190 tid 106028
Remove  tid 106028
FindTargetPageId rootid 3 tid 106028
target_page_id id: 1 tid 106028
0 1 tid 106028
365 2 tid 106028
190 tid 106028
Remove  tid 106028
FindTargetPageId rootid 3 tid 106028
target_page_id id: 1 tid 106028
0 1 tid 106028
365 2 tid 106028
190 tid 106028
Remove  tid 106028
FindTargetPageId rootid 3 tid 106028
target_page_id id: 1 tid 106028
0 1 tid 106028
365 2 tid 106028
190 tid 106028
Remove  tid 106028
FindTargetPageId rootid 3 tid 106028
target_page_id id: 1 tid 106028
0 1 tid 106028
365 2 tid 106028
190 tid 106028
Remove  tid 106028
FindTargetPageId rootid 3 tid 106028
target_page_id id: 1 tid 106028
0 1 tid 106028
365 2 tid 106028
190 tid 106028
Remove  tid 106028
FindTargetPageId rootid 3 tid 106028
target_page_id id: 1 tid 106028
0 1 tid 106028
365 2 tid 106028
190 tid 106028
Remove  tid 106028
FindTargetPageId rootid 3 tid 106028
target_page_id id: 1 tid 106028
0 1 tid 106028
365 2 tid 106028
190 tid 106028
Remove  tid 106028
FindTargetPageId rootid 3 tid 106028
target_page_id id: 1 tid 106028
0 1 tid 106028
365 2 tid 106028
190 tid 106028
Remove  tid 106028
FindTargetPageId rootid 3 tid 106027
target_page_id id: 1 tid 106027
0 1 tid 106027
365 2 tid 106027
190 tid 106027
Insert  tid 106027
FindTargetPageId rootid 3 tid 106027
target_page_id id: 1 tid 106027
0 1 tid 106027
365 2 tid 106027
191 tid 106027
Insert  tid 106027
FindTargetPageId rootid 3 tid 106027
target_page_id id: 1 tid 106027
0 1 tid 106027
365 2 tid 106027
192 tid 106027
Insert  tid 106027
FindTargetPageId rootid 3 tid 106027
target_page_id id: 1 tid 106027
0 1 tid 106027
365 2 tid 106027
193 tid 106027
Insert  tid 106027
FindTargetPageId rootid 3 tid 106027
target_page_id id: 1 tid 106027
0 1 tid 106027
365 2 tid 106027
194 tid 106027
Insert  tid 106027
FindTargetPageId rootid 3 tid 106027
target_page_id id: 1 tid 106027
0 1 tid 106027
365 2 tid 106027
195 tid 106027
Insert  tid 106027
FindTargetPageId rootid 3 tid 106027
target_page_id id: 1 tid 106027
0 1 tid 106027
365 2 tid 106027
196 tid 106027
Insert  tid 106027
FindTargetPageId rootid 3 tid 106027
target_page_id id: 1 tid 106027
0 1 tid 106027
365 2 tid 106027
197 tid 106027
Insert  tid 106027
FindTargetPageId rootid 3 tid 106027
target_page_id id: 1 tid 106027
0 1 tid 106027
365 2 tid 106027
198 tid 106027
Insert  tid 106027
FindTargetPageId rootid 3 tid 106028
target_page_id id: 1 tid 106028
0 1 tid 106028
365 2 tid 106028
199 tid 106028
Remove  tid 106028
FindTargetPageId rootid 3 tid 106029
target_page_id id: 1 tid 106029
0 1 tid 106029
365 2 tid 106029
199 tid 106029
Insert  tid 106029
FindTargetPageId rootid 3 tid 106029
target_page_id id: 1 tid 106029
0 1 tid 106029
365 2 tid 106029
200 tid 106029
Insert  tid 106029
FindTargetPageId rootid 3 tid 106027
target_page_id id: 1 tid 106027
0 1 tid 106027
365 2 tid 106027
201 tid 106027
Insert  tid 106027
FindTargetPageId rootid 3 tid 106027
target_page_id id: 1 tid 106027
0 1 tid 106027
365 2 tid 106027
202 tid 106027
Insert  tid 106027
FindTargetPageId rootid 3 tid 106027
target_page_id id: 1 tid 106027
0 1 tid 106027
365 2 tid 106027
203 tid 106027
Insert  tid 106027
FindTargetPageId rootid 3 tid 106027
target_page_id id: 1 tid 106027
0 1 tid 106027
365 2 tid 106027
204 tid 106027
Insert  tid 106027
FindTargetPageId rootid 3 tid 106027
target_page_id id: 1 tid 106027
0 1 tid 106027
365 2 tid 106027
205 tid 106027
Insert  tid 106027
FindTargetPageId rootid 3 tid 106027
target_page_id id: 1 tid 106027
0 1 tid 106027
365 2 tid 106027
206 tid 106027
Insert  tid 106027
FindTargetPageId rootid 3 tid 106027
target_page_id id: 1 tid 106027
0 1 tid 106027
365 2 tid 106027
207 tid 106027
Insert  tid 106027
FindTargetPageId rootid 3 tid 106027
target_page_id id: 1 tid 106027
0 1 tid 106027
365 2 tid 106027
208 tid 106027
Insert  tid 106027
FindTargetPageId rootid 3 tid 106028
target_page_id id: 1 tid 106028
0 1 tid 106028
365 2 tid 106028
209 tid 106028
Remove  tid 106028
FindTargetPageId rootid 3 tid 106028
target_page_id id: 1 tid 106028
0 1 tid 106028
365 2 tid 106028
208 tid 106028
Remove  tid 106028
FindTargetPageId rootid 3 tid 106028
target_page_id id: 1 tid 106028
0 1 tid 106028
365 2 tid 106028
207 tid 106028
Remove  tid 106028
FindTargetPageId rootid 3 tid 106028
target_page_id id: 1 tid 106028
0 1 tid 106028
365 2 tid 106028
206 tid 106028
Remove  tid 106028
FindTargetPageId rootid 3 tid 106029
target_page_id id: 1 tid 106029
0 1 tid 106029
365 2 tid 106029
205 tid 106029
Insert  tid 106029
FindTargetPageId rootid 3 tid 106029
target_page_id id: 1 tid 106029
0 1 tid 106029
365 2 tid 106029
206 tid 106029
Insert  tid 106029
FindTargetPageId rootid 3 tid 106029
target_page_id id: 1 tid 106029
0 1 tid 106029
365 2 tid 106029
207 tid 106029
Insert  tid 106029
FindTargetPageId rootid 3 tid 106028
target_page_id id: 1 tid 106028
0 1 tid 106028
365 2 tid 106028
208 tid 106028
Remove  tid 106028
FindTargetPageId rootid 3 tid 106027
target_page_id id: 1 tid 106027
0 1 tid 106027
365 2 tid 106027
207 tid 106027
Insert  tid 106027
FindTargetPageId rootid 3 tid 106029
target_page_id id: 1 tid 106029
0 1 tid 106029
365 2 tid 106029
208 tid 106029
Insert  tid 106029
FindTargetPageId rootid 3 tid 106028
target_page_id id: 1 tid 106028
0 1 tid 106028
365 2 tid 106028
209 tid 106028
Remove  tid 106028
FindTargetPageId rootid 3 tid 106027
target_page_id id: 1 tid 106027
0 1 tid 106027
365 2 tid 106027
208 tid 106027
Insert  tid 106027
FindTargetPageId rootid 3 tid 106029
target_page_id id: 1 tid 106029
0 1 tid 106029
365 2 tid 106029
209 tid 106029
Insert  tid 106029
FindTargetPageId rootid 3 tid 106028
target_page_id id: 1 tid 106028
0 1 tid 106028
365 2 tid 106028
210 tid 106028
Remove  tid 106028
FindTargetPageId rootid 3 tid 106028
target_page_id id: 1 tid 106028
0 1 tid 106028
365 2 tid 106028
209 tid 106028
Remove  tid 106028
FindTargetPageId rootid 3 tid 106028
target_page_id id: 1 tid 106028
0 1 tid 106028
365 2 tid 106028
208 tid 106028
Remove  tid 106028
FindTargetPageId rootid 3 tid 106027
target_page_id id: 1 tid 106027
0 1 tid 106027
365 2 tid 106027
208 tid 106027
Insert  tid 106027
FindTargetPageId rootid 3 tid 106029
target_page_id id: 1 tid 106029
0 1 tid 106029
365 2 tid 106029
209 tid 106029
Insert  tid 106029
FindTargetPageId rootid 3 tid 106028
target_page_id id: 1 tid 106028
0 1 tid 106028
365 2 tid 106028
210 tid 106028
Remove  tid 106028
FindTargetPageId rootid 3 tid 106027
target_page_id id: 1 tid 106027
0 1 tid 106027
365 2 tid 106027
210 tid 106027
Insert  tid 106027
FindTargetPageId rootid 3 tid 106027
target_page_id id: 1 tid 106027
0 1 tid 106027
365 2 tid 106027
211 tid 106027
Insert  tid 106027
FindTargetPageId rootid 3 tid 106027
target_page_id id: 1 tid 106027
0 1 tid 106027
365 2 tid 106027
212 tid 106027
Insert  tid 106027
FindTargetPageId rootid 3 tid 106027
target_page_id id: 1 tid 106027
0 1 tid 106027
365 2 tid 106027
213 tid 106027
Insert  tid 106027
FindTargetPageId rootid 3 tid 106027
target_page_id id: 1 tid 106027
0 1 tid 106027
365 2 tid 106027
214 tid 106027
Insert  tid 106027
FindTargetPageId rootid 3 tid 106027
target_page_id id: 1 tid 106027
0 1 tid 106027
365 2 tid 106027
215 tid 106027
Insert  tid 106027
FindTargetPageId rootid 3 tid 106027
target_page_id id: 1 tid 106027
0 1 tid 106027
365 2 tid 106027
216 tid 106027
Insert  tid 106027
FindTargetPageId rootid 3 tid 106027
target_page_id id: 1 tid 106027
0 1 tid 106027
365 2 tid 106027
217 tid 106027
Insert  tid 106027
FindTargetPageId rootid 3 tid 106027
target_page_id id: 1 tid 106027
0 1 tid 106027
365 2 tid 106027
218 tid 106027
Insert  tid 106027
FindTargetPageId rootid 3 tid 106027
target_page_id id: 1 tid 106027
0 1 tid 106027
365 2 tid 106027
219 tid 106027
Insert  tid 106027
FindTargetPageId rootid 3 tid 106027
target_page_id id: 1 tid 106027
0 1 tid 106027
365 2 tid 106027
220 tid 106027
Insert  tid 106027
FindTargetPageId rootid 3 tid 106027
target_page_id id: 1 tid 106027
0 1 tid 106027
365 2 tid 106027
221 tid 106027
Insert  tid 106027
FindTargetPageId rootid 3 tid 106027
target_page_id id: 1 tid 106027
0 1 tid 106027
365 2 tid 106027
222 tid 106027
Insert  tid 106027
FindTargetPageId rootid 3 tid 106027
target_page_id id: 1 tid 106027
0 1 tid 106027
365 2 tid 106027
223 tid 106027
Insert  tid 106027
FindTargetPageId rootid 3 tid 106027
target_page_id id: 1 tid 106027
0 1 tid 106027
365 2 tid 106027
224 tid 106027
Insert  tid 106027
FindTargetPageId rootid 3 tid 106027
target_page_id id: 1 tid 106027
0 1 tid 106027
365 2 tid 106027
225 tid 106027
Insert  tid 106027
FindTargetPageId rootid 3 tid 106027
target_page_id id: 1 tid 106027
0 1 tid 106027
365 2 tid 106027
226 tid 106027
Insert  tid 106027
FindTargetPageId rootid 3 tid 106027
target_page_id id: 1 tid 106027
0 1 tid 106027
365 2 tid 106027
227 tid 106027
Insert  tid 106027
FindTargetPageId rootid 3 tid 106029
target_page_id id: 1 tid 106029
0 1 tid 106029
365 2 tid 106029
228 tid 106029
Insert  tid 106029
FindTargetPageId rootid 3 tid 106028
target_page_id id: 1 tid 106028
0 1 tid 106028
365 2 tid 106028
229 tid 106028
Remove  tid 106028
FindTargetPageId rootid 3 tid 106028
target_page_id id: 1 tid 106028
0 1 tid 106028
365 2 tid 106028
228 tid 106028
Remove  tid 106028
FindTargetPageId rootid 3 tid 106028
target_page_id id: 1 tid 106028
0 1 tid 106028
365 2 tid 106028
227 tid 106028
Remove  tid 106028
FindTargetPageId rootid 3 tid 106028
target_page_id id: 1 tid 106028
0 1 tid 106028
365 2 tid 106028
226 tid 106028
Remove  tid 106028
FindTargetPageId rootid 3 tid 106028
target_page_id id: 1 tid 106028
0 1 tid 106028
365 2 tid 106028
225 tid 106028
Remove  tid 106028
FindTargetPageId rootid 3 tid 106028
target_page_id id: 1 tid 106028
0 1 tid 106028
365 2 tid 106028
224 tid 106028
Remove  tid 106028
FindTargetPageId rootid 3 tid 106028
target_page_id id: 1 tid 106028
0 1 tid 106028
365 2 tid 106028
223 tid 106028
Remove  tid 106028
FindTargetPageId rootid 3 tid 106028
target_page_id id: 1 tid 106028
0 1 tid 106028
365 2 tid 106028
222 tid 106028
Remove  tid 106028
FindTargetPageId rootid 3 tid 106028
target_page_id id: 1 tid 106028
0 1 tid 106028
365 2 tid 106028
221 tid 106028
Remove  tid 106028
FindTargetPageId rootid 3 tid 106028
target_page_id id: 1 tid 106028
0 1 tid 106028
365 2 tid 106028
220 tid 106028
Remove  tid 106028
FindTargetPageId rootid 3 tid 106029
target_page_id id: 1 tid 106029
0 1 tid 106029
365 2 tid 106029
219 tid 106029
Insert  tid 106029
FindTargetPageId rootid 3 tid 106029
target_page_id id: 1 tid 106029
0 1 tid 106029
365 2 tid 106029
220 tid 106029
Insert  tid 106029
FindTargetPageId rootid 3 tid 106029
target_page_id id: 1 tid 106029
0 1 tid 106029
365 2 tid 106029
220 tid 106029
Insert  tid 106029
FindTargetPageId rootid 3 tid 106028
target_page_id id: 1 tid 106028
0 1 tid 106028
365 2 tid 106028
221 tid 106028
Remove  tid 106028
FindTargetPageId rootid 3 tid 106027
target_page_id id: 1 tid 106027
0 1 tid 106027
365 2 tid 106027
220 tid 106027
FindTargetPageId rootid 3 tid 106029
target_page_id id: 1 tid 106029
0 1 tid 106029
365 2 tid 106029
221 tid 106029
Insert  tid 106027
Insert  tid 106029
FindTargetPageId rootid 3 tid 106027
target_page_id id: 1 tid 106027
0 1 tid 106027
365 2 tid 106027
222 tid 106027
Insert  tid 106027
FindTargetPageId rootid 3 tid 106029
target_page_id id: 1 tid 106029
0 1 tid 106029
365 2 tid 106029
223 tid 106029
FindTargetPageId rootid 3 tid 106028
target_page_id id: 1 tid 106028
0 1 tid 106028
365 2 tid 106028
224 tid 106028
Insert  tid 106029
Remove  tid 106028
FindTargetPageId rootid 3 tid 106029
target_page_id id: 1 tid 106029
0 1 tid 106029
365 2 tid 106029
223 tid 106029
Insert  tid 106029
FindTargetPageId rootid 3 tid 106027
target_page_id id: 1 tid 106027
0 1 tid 106027
365 2 tid 106027
224 tid 106027
Insert  tid 106027
FindTargetPageId rootid 3 tid 106028
target_page_id id: 1 tid 106028
0 1 tid 106028
365 2 tid 106028
225 tid 106028
Remove  tid 106028
FindTargetPageId rootid 3 tid 106029
target_page_id id: 1 tid 106029
0 1 tid 106029
365 2 tid 106029
224 tid 106029
Insert  tid 106029
FindTargetPageId rootid 3 tid 106027
target_page_id id: 1 tid 106027
0 1 tid 106027
365 2 tid 106027
225 tid 106027
Insert  tid 106027
FindTargetPageId rootid 3 tid 106028
target_page_id id: 1 tid 106028
0 1 tid 106028
365 2 tid 106028
226 tid 106028
Remove  tid 106028
FindTargetPageId rootid 3 tid 106029
target_page_id id: 1 tid 106029
0 1 tid 106029
365 2 tid 106029
225 tid 106029
Insert  tid 106029
FindTargetPageId rootid 3 tid 106027
target_page_id id: 1 tid 106027
0 1 tid 106027
365 2 tid 106027
226 tid 106027
Insert  tid 106027
FindTargetPageId rootid 3 tid 106028
target_page_id id: 1 tid 106028
0 1 tid 106028
365 2 tid 106028
227 tid 106028
Remove  tid 106028
FindTargetPageId rootid 3 tid 106029
target_page_id id: 1 tid 106029
0 1 tid 106029
365 2 tid 106029
226 tid 106029
Insert  tid 106029
FindTargetPageId rootid 3 tid 106027
target_page_id id: 1 tid 106027
0 1 tid 106027
365 2 tid 106027
226 tid 106027
Insert  tid 106027
FindTargetPageId rootid 3 tid 106027
target_page_id id: 1 tid 106027
0 1 tid 106027
365 2 tid 106027
227 tid 106027
Insert  tid 106027
FindTargetPageId rootid 3 tid 106029
target_page_id id: 1 tid 106029
0 1 tid 106029
365 2 tid 106029
228 tid 106029
Insert  tid 106029
FindTargetPageId rootid 3 tid 106029
target_page_id id: 1 tid 106029
0 1 tid 106029
365 2 tid 106029
228 tid 106029
Insert  tid 106029
FindTargetPageId rootid 3 tid 106029
target_page_id id: 1 tid 106029
0 1 tid 106029
365 2 tid 106029
228 tid 106029
Insert  tid 106029
FindTargetPageId rootid 3 tid 106029
target_page_id id: 1 tid 106029
0 1 tid 106029
365 2 tid 106029
228 tid 106029
Insert  tid 106029
FindTargetPageId rootid 3 tid 106029
target_page_id id: 1 tid 106029
0 1 tid 106029
365 2 tid 106029
228 tid 106029
Insert  tid 106029
FindTargetPageId rootid 3 tid 106029
target_page_id id: 1 tid 106029
0 1 tid 106029
365 2 tid 106029
228 tid 106029
Insert  tid 106029
FindTargetPageId rootid 3 tid 106027
target_page_id id: 1 tid 106027
0 1 tid 106027
365 2 tid 106027
228 tid 106027
Insert  tid 106027
FindTargetPageId rootid 3 tid 106028
target_page_id id: 1 tid 106028
0 1 tid 106028
365 2 tid 106028
229 tid 106028
Remove  tid 106028
FindTargetPageId rootid 3 tid 106028
target_page_id id: 1 tid 106028
0 1 tid 106028
365 2 tid 106028
228 tid 106028
Remove  tid 106028
FindTargetPageId rootid 3 tid 106027
target_page_id id: 1 tid 106027
0 1 tid 106027
365 2 tid 106027
227 tid 106027
Insert  tid 106027
FindTargetPageId rootid 3 tid 106029
target_page_id id: 1 tid 106029
0 1 tid 106029
365 2 tid 106029
228 tid 106029
Insert  tid 106029
FindTargetPageId rootid 3 tid 106029
target_page_id id: 1 tid 106029
0 1 tid 106029
365 2 tid 106029
228 tid 106029
Insert  tid 106029
FindTargetPageId rootid 3 tid 106027
target_page_id id: 1 tid 106027
0 1 tid 106027
365 2 tid 106027
228 tid 106027
Insert  tid 106027
FindTargetPageId rootid 3 tid 106027
target_page_id id: 1 tid 106027
0 1 tid 106027
365 2 tid 106027
229 tid 106027
Insert  tid 106027
FindTargetPageId rootid 3 tid 106029
target_page_id id: 1 tid 106029
0 1 tid 106029
365 2 tid 106029
230 tid 106029
Insert  tid 106029
FindTargetPageId rootid 3 tid 106028
target_page_id id: 1 tid 106028
0 1 tid 106028
365 2 tid 106028
230 tid 106028
FindTargetPageId rootid 3 tid 106027
target_page_id id: 1 tid 106027
0 1 tid 106027
365 2 tid 106027
Remove  tid 106028
229 tid 106027
Insert  tid 106027
FindTargetPageId rootid 3 tid 106029
target_page_id id: 1 tid 106029
0 1 tid 106029
365 2 tid 106029
230 tid 106029
Insert  tid 106029
FindTargetPageId rootid 3 tid 106028
target_page_id id: 1 tid 106028
0 1 tid 106028
365 2 tid 106028
230 tid 106028
Remove  tid 106028
FindTargetPageId rootid 3 tid 106027
target_page_id id: 1 tid 106027
0 1 tid 106027
365 2 tid 106027
229 tid 106027
Insert  tid 106027
FindTargetPageId rootid 3 tid 106027
target_page_id id: 1 tid 106027
0 1 tid 106027
365 2 tid 106027
230 tid 106027
Insert  tid 106027
FindTargetPageId rootid 3 tid 106027
target_page_id id: 1 tid 106027
0 1 tid 106027
365 2 tid 106027
231 tid 106027
Insert  tid 106027
FindTargetPageId rootid 3 tid 106027
target_page_id id: 1 tid 106027
0 1 tid 106027
365 2 tid 106027
232 tid 106027
Insert  tid 106027
FindTargetPageId rootid 3 tid 106027
target_page_id id: 1 tid 106027
0 1 tid 106027
365 2 tid 106027
233 tid 106027
Insert  tid 106027
FindTargetPageId rootid 3 tid 106028
target_page_id id: 1 tid 106028
0 1 tid 106028
365 2 tid 106028
234 tid 106028
Remove  tid 106028
FindTargetPageId rootid 3 tid 106028
target_page_id id: 1 tid 106028
0 1 tid 106028
365 2 tid 106028
233 tid 106028
Remove  tid 106028
FindTargetPageId rootid 3 tid 106027
target_page_id id: 1 tid 106027
0 1 tid 106027
365 2 tid 106027
232 tid 106027
Insert  tid 106027
FindTargetPageId rootid 3 tid 106029
target_page_id id: 1 tid 106029
0 1 tid 106029
365 2 tid 106029
233 tid 106029
Insert  tid 106029
FindTargetPageId rootid 3 tid 106029
target_page_id id: 1 tid 106029
0 1 tid 106029
365 2 tid 106029
234 tid 106029
Insert  tid 106029
FindTargetPageId rootid 3 tid 106029
target_page_id id: 1 tid 106029
0 1 tid 106029
365 2 tid 106029
235 tid 106029
Insert  tid 106029
FindTargetPageId rootid 3 tid 106027
target_page_id id: 1 tid 106027
0 1 tid 106027
365 2 tid 106027
236 tid 106027
Insert  tid 106027
FindTargetPageId rootid 3 tid 106028
target_page_id id: 1 tid 106028
0 1 tid 106028
365 2 tid 106028
237 tid 106028
Remove  tid 106028
FindTargetPageId rootid 3 tid 106029
target_page_id id: 1 tid 106029
0 1 tid 106029
365 2 tid 106029
236 tid 106029
Insert  tid 106029
FindTargetPageId rootid 3 tid 106027
target_page_id id: 1 tid 106027
0 1 tid 106027
365 2 tid 106027
237 tid 106027
Insert  tid 106027
FindTargetPageId rootid 3 tid 106028
target_page_id id: 1 tid 106028
0 1 tid 106028
365 2 tid 106028
238 tid 106028
Remove  tid 106028
FindTargetPageId rootid 3 tid 106029
target_page_id id: 1 tid 106029
0 1 tid 106029
365 2 tid 106029
237 tid 106029
Insert  tid 106029
FindTargetPageId rootid 3 tid 106027
target_page_id id: 1 tid 106027
0 1 tid 106027
365 2 tid 106027
238 tid 106027
Insert  tid 106027
FindTargetPageId rootid 3 tid 106028
target_page_id id: 1 tid 106028
0 1 tid 106028
365 2 tid 106028
239 tid 106028
Remove  tid 106028
FindTargetPageId rootid 3 tid 106029
target_page_id id: 1 tid 106029
0 1 tid 106029
365 2 tid 106029
238 tid 106029
Insert  tid 106029
FindTargetPageId rootid 3 tid 106027
target_page_id id: 1 tid 106027
0 1 tid 106027
365 2 tid 106027
239 tid 106027
Insert  tid 106027
FindTargetPageId rootid 3 tid 106028
target_page_id id: 1 tid 106028
0 1 tid 106028
365 2 tid 106028
240 tid 106028
Remove  tid 106028
FindTargetPageId rootid 3 tid 106029
target_page_id id: 1 tid 106029
0 1 tid 106029
365 2 tid 106029
239 tid 106029
Insert  tid 106029
FindTargetPageId rootid 3 tid 106027
target_page_id id: 1 tid 106027
0 1 tid 106027
365 2 tid 106027
240 tid 106027
Insert  tid 106027
FindTargetPageId rootid 3 tid 106028
target_page_id id: 1 tid 106028
0 1 tid 106028
365 2 tid 106028
241 tid 106028
Remove  tid 106028
FindTargetPageId rootid 3 tid 106029
target_page_id id: 1 tid 106029
0 1 tid 106029
365 2 tid 106029
240 tid 106029
Insert  tid 106029
FindTargetPageId rootid 3 tid 106027
target_page_id id: 1 tid 106027
0 1 tid 106027
365 2 tid 106027
241 tid 106027
Insert  tid 106027
FindTargetPageId rootid 3 tid 106028
target_page_id id: 1 tid 106028
0 1 tid 106028
365 2 tid 106028
242 tid 106028
Remove  tid 106028
FindTargetPageId rootid 3 tid 106029
target_page_id id: 1 tid 106029
0 1 tid 106029
365 2 tid 106029
241 tid 106029
Insert  tid 106029
FindTargetPageId rootid 3 tid 106027
target_page_id id: 1 tid 106027
0 1 tid 106027
365 2 tid 106027
241 tid 106027
Insert  tid 106027
FindTargetPageId rootid 3 tid 106028
target_page_id id: 1 tid 106028
0 1 tid 106028
365 2 tid 106028
242 tid 106028
Remove  tid 106028
FindTargetPageId rootid 3 tid 106029
target_page_id id: 1 tid 106029
0 1 tid 106029
365 2 tid 106029
241 tid 106029
Insert  tid 106029
FindTargetPageId rootid 3 tid 106027
target_page_id id: 1 tid 106027
0 1 tid 106027
365 2 tid 106027
241 tid 106027
Insert  tid 106027
FindTargetPageId rootid 3 tid 106028
target_page_id id: 1 tid 106028
0 1 tid 106028
365 2 tid 106028
242 tid 106028
Remove  tid 106028
FindTargetPageId rootid 3 tid 106029
target_page_id id: 1 tid 106029
0 1 tid 106029
365 2 tid 106029
241 tid 106029
Insert  tid 106029
FindTargetPageId rootid 3 tid 106027
target_page_id id: 1 tid 106027
0 1 tid 106027
365 2 tid 106027
242 tid 106027
Insert  tid 106027
FindTargetPageId rootid 3 tid 106028
target_page_id id: 1 tid 106028
0 1 tid 106028
365 2 tid 106028
243 tid 106028
Remove  tid 106028
FindTargetPageId rootid 3 tid 106029
target_page_id id: 1 tid 106029
0 1 tid 106029
365 2 tid 106029
242 tid 106029
FindTargetPageId rootid Insert 3 tid  tid 106027
106029target_page_id id: 1 tid 106027
0 1 tid 106027
365 2 tid 106027

243 tid 106027
Insert  tid 106027
FindTargetPageId rootid 3 tid 106028
target_page_id id: 1 tid 106028
0 1 tid 106028
365 2 tid 106028
244 tid 106028
Remove  tid 106028
FindTargetPageId rootid 3 tid 106029
target_page_id id: 1 tid 106029
0 1 tid 106029
365 2 tid 106029
243 tid 106029
Insert  tid 106029
FindTargetPageId rootid 3 tid 106027
target_page_id id: 1 tid 106027
0 1 tid 106027
365 2 tid 106027
244 tid 106027
Insert  tid 106027
FindTargetPageId rootid 3 tid 106028
target_page_id id: 1 tid 106028
0 1 tid 106028
365 2 tid 106028
245 tid 106028
Remove  tid 106028
FindTargetPageId rootid 3 tid 106029
target_page_id id: 1 tid 106029
0 1 tid 106029
365 2 tid 106029
244 tid 106029
Insert  tid 106029
FindTargetPageId rootid 3 tid 106027
target_page_id id: 1 tid 106027
0 1 tid 106027
365 2 tid 106027
245 tid 106027
Insert  tid 106027
FindTargetPageId rootid 3 tid 106028
target_page_id id: 1 tid 106028
0 1 tid 106028
365 2 tid 106028
246 tid 106028
Remove  tid 106028
FindTargetPageId rootid 3 tid 106029
target_page_id id: 1 tid 106029
0 1 tid 106029
365 2 tid 106029
245 tid 106029
Insert  tid 106029
FindTargetPageId rootid 3 tid 106027
target_page_id id: 1 tid 106027
0 1 tid 106027
365 2 tid 106027
246 tid 106027
Insert  tid 106027
FindTargetPageId rootid 3 tid 106028
target_page_id id: 1 tid 106028
0 1 tid 106028
365 2 tid 106028
247 tid 106028
Remove  tid 106028
FindTargetPageId rootid 3 tid 106028
target_page_id id: 1 tid 106028
0 1 tid 106028
365 2 tid 106028
246 tid 106028
Remove  tid 106028
FindTargetPageId rootid 3 tid 106028
target_page_id id: 1 tid 106028
0 1 tid 106028
365 2 tid 106028
245 tid 106028
Remove  tid 106028
FindTargetPageId rootid 3 tid 106028
target_page_id id: 1 tid 106028
0 1 tid 106028
365 2 tid 106028
244 tid 106028
Remove  tid 106028
FindTargetPageId rootid 3 tid 106028
target_page_id id: 1 tid 106028
0 1 tid 106028
365 2 tid 106028
243 tid 106028
Remove  tid 106028
FindTargetPageId rootid 3 tid 106028
target_page_id id: 1 tid 106028
0 1 tid 106028
365 2 tid 106028
242 tid 106028
Remove  tid 106028
FindTargetPageId rootid 3 tid 106028
target_page_id id: 1 tid 106028
0 1 tid 106028
365 2 tid 106028
241 tid 106028
Remove  tid 106028
FindTargetPageId rootid 3 tid 106028
target_page_id id: 1 tid 106028
0 1 tid 106028
365 2 tid 106028
240 tid 106028
Remove  tid 106028
FindTargetPageId rootid 3 tid 106028
target_page_id id: 1 tid 106028
0 1 tid 106028
365 2 tid 106028
239 tid 106028
Remove  tid 106028
FindTargetPageId rootid 3 tid 106028
target_page_id id: 1 tid 106028
0 1 tid 106028
365 2 tid 106028
238 tid 106028
Remove  tid 106028
FindTargetPageId rootid 3 tid 106027
target_page_id id: 1 tid 106027
0 1 tid 106027
365 2 tid 106027
237 tid 106027
Insert  tid 106027
FindTargetPageId rootid 3 tid 106027
target_page_id id: 1 tid 106027
0 1 tid 106027
365 2 tid 106027
238 tid 106027
FindTargetPageId rootid 3 tid 106028
target_page_id id: 1 tid 106028
0 1 tid 106028
365 2 tid 106028
239 tid 106028
Remove  tid 106028
FindTargetPageId rootid 3 tid 106028
target_page_id id: 1 tid 106028
0 1 tid 106028
365 2 tid 106028
238 tid 106028
Remove  tid 106028
Insert  tid FindTargetPageId rootid 3 tid 106028
target_page_id id: 1 tid 106028
0 1 tid 106028
365 2 tid 106028
237 tid 106028
Remove  tid 106028
FindTargetPageId rootid 3 tid 106028
target_page_id id: 1 tid 106028
0 1 tid 106028
365 2 tid 106028
236 tid 106028
106027
FindTargetPageId rootid 3 tid 106029
target_page_id id: 1 tid 106029
0 1 tid 106029
365 2 tid 106029
235 tid 106029
Insert  tid 106029
FindTargetPageId rootid 3 tid 106029
target_page_id id: 1 tid 106029
0 1 tid 106029
365 2 tid 106029
236 tid 106029
Insert  tid 106029
FindTargetPageId rootid 3 tid 106029
target_page_id id: 1 tid 106029
0 1 tid 106029
365 2 tid 106029
Remove  tid 106028
237 tid 106029
Insert  tid 106029
FindTargetPageId rootid 3 tid 106027
target_page_id id: 1 tid 106027
0 1 tid 106027
365 2 tid 106027
238 tid 106027
Insert  tid 106027
FindTargetPageId rootid 3 tid 106028
target_page_id id: 1 tid 106028
0 1 tid 106028
365 2 tid 106028
239 tid 106028
Remove  tid 106028
FindTargetPageId rootid 3 tid 106029
target_page_id id: 1 tid 106029
0 1 tid 106029
365 2 tid 106029
238 tid 106029
Insert  tid 106029
FindTargetPageId rootid 3 tid 106027
target_page_id id: 1 tid 106027
0 1 tid 106027
365 2 tid 106027
239 tid 106027
Insert  tid 106027
FindTargetPageId rootid 3 tid 106028
target_page_id id: 1 tid 106028
0 1 tid 106028
365 2 tid 106028
240 tid 106028
Remove  tid 106028
FindTargetPageId rootid 3 tid 106029
target_page_id id: 1 tid 106029
0 1 tid 106029
365 2 tid 106029
239 tid 106029
Insert  tid 106029
FindTargetPageId rootid 3 tid 106027
target_page_id id: 1 tid 106027
0 1 tid 106027
365 2 tid 106027
240 tid 106027
Insert  tid 106027
FindTargetPageId rootid 3 tid 106028
target_page_id id: 1 tid 106028
0 1 tid 106028
365 2 tid 106028
241 tid 106028
Remove  tid 106028
FindTargetPageId rootid 3 tid 106029
target_page_id id: 1 tid 106029
0 1 tid 106029
365 2 tid 106029
240 tid 106029
Insert  tid 106029
FindTargetPageId rootid 3 tid 106027
target_page_id id: 1 tid 106027
0 1 tid 106027
365 2 tid 106027
241 tid 106027
Insert  tid 106027
FindTargetPageId rootid 3 tid 106028
target_page_id id: 1 tid 106028
0 1 tid 106028
365 2 tid 106028
242 tid 106028
Remove  tid 106028
FindTargetPageId rootid 3 tid 106029
target_page_id id: 1 tid 106029
0 1 tid 106029
365 2 tid 106029
241 tid 106029
Insert  tid 106029
FindTargetPageId rootid 3 tid 106027
target_page_id id: 1 tid 106027
0 1 tid 106027
365 2 tid 106027
242 tid 106027
Insert  tid 106027
FindTargetPageId rootid 3 tid 106028
target_page_id id: 1 tid 106028
0 1 tid 106028
365 2 tid 106028
243 tid 106028
Remove  tid 106028
FindTargetPageId rootid 3 tid 106029
target_page_id id: 1 tid 106029
0 1 tid 106029
365 2 tid 106029
242 tid 106029
Insert  tid 106029
FindTargetPageId rootid 3 tid 106027
target_page_id id: 2 tid 106027
0 1 tid 106027
365 2 tid 106027
128 tid 106027
Insert  tid 106027
FindTargetPageId rootid 3 tid 106028
target_page_id id: 1 tid 106028
0 1 tid 106028
365 2 tid 106028
243 tid 106028
Remove  tid 106028
FindTargetPageId rootid 3 tid 106029
target_page_id id: 1 tid 106029
0 1 tid 106029
365 2 tid 106029
242 tid 106029
Insert  tid 106029
FindTargetPageId rootid 3 tid 106027
target_page_id id: 2 tid 106027
0 1 tid 106027
365 2 tid 106027
129 tid 106027
Insert  tid 106027
FindTargetPageId rootid 3 tid 106027
target_page_id id: 2 tid 106027
0 1 tid 106027
365 2 tid 106027
130 tid 106027
Insert  tid 106027
FindTargetPageId rootid 3 tid 106029
target_page_id id: 1 tid 106029
0 1 tid 106029
365 2 tid 106029
243 tid 106029
Insert  tid 106029
FindTargetPageId rootid 3 tid 106028
target_page_id id: 1 tid 106028
0 1 tid 106028
365 2 tid 106028
244 tid 106028
Remove  tid 106028
FindTargetPageId rootid 3 tid 106027
target_page_id id: 2 tid 106027
0 1 tid 106027
365 2 tid 106027
131 tid 106027
Insert  tid 106027
FindTargetPageId rootid 3 tid 106029
target_page_id id: 1 tid 106029
0 1 tid 106029
365 2 tid 106029
243 tid 106029
Insert  tid 106029
FindTargetPageId rootid 3 tid 106028
target_page_id id: 1 tid 106028
0 1 tid 106028
365 2 tid 106028
244 tid 106028
Remove  tid 106028
FindTargetPageId rootid 3 tid 106027
target_page_id id: 2 tid 106027
0 1 tid 106027
365 2 tid 106027
132 tid 106027
Insert  tid 106027
FindTargetPageId rootid 3 tid 106029
target_page_id id: 1 tid 106029
0 1 tid 106029
365 2 tid 106029
243 tid 106029
Insert  tid 106029
FindTargetPageId rootid 3 tid 106028
target_page_id id: 2 tid 106028
0 1 tid 106028
365 2 tid 106028
133 tid 106028
Remove  tid 106028
FindTargetPageId rootid 3 tid 106027
target_page_id id: 2 tid 106027
0 1 tid 106027
365 2 tid 106027
132 tid 106027
Insert  tid 106027
FindTargetPageId rootid 3 tid 106029
target_page_id id: 1 tid 106029
0 1 tid 106029
365 2 tid 106029
244 tid 106029
FindTargetPageId rootid 3 tid 106028
target_page_id id: 2 tid 106028
0 1 tid 106028
365 2 tid 106028
Insert 133 tid 106028
 tid 106029
FindTargetPageId rootid 3 tid 106027
target_page_id id: 2 tid 106027
0 1 tid 106027
365 2 tid 106027
Remove  tid 106028132
 tid 106027
Insert  tid 106027
FindTargetPageId rootid 3 tid 106029
target_page_id id: 1 tid 106029
0 1 tid 106029
365 2 tid 106029
245 tid 106029
FindTargetPageId rootid 3 tid 106028
Insert  tid 106029
target_page_id id: 2 tid 106028
0 1 tid 106028
365 2 tid 106028
133 tid 106028
Remove  tid 106028
FindTargetPageId rootid 3 tid 106027
target_page_id id: 2 tid 106027
0 1 tid 106027
365 2 tid 106027
132 tid 106027
Insert  tid 106027
FindTargetPageId rootid 3 tid 106029
target_page_id id: 1 tid 106029
0 1 tid 106029
365 2 tid 106029
246 tid 106029
Insert  tid 106029
FindTargetPageId rootid 3 tid 106028
target_page_id id: 2 tid 106028
0 1 tid 106028
365 2 tid 106028
133 tid 106028
Remove  tid 106028
FindTargetPageId rootid 3 tid 106027
target_page_id id: 2 tid 106027
0 1 tid 106027
365 2 tid 106027
132 tid 106027
Insert  tid 106027
FindTargetPageId rootid 3 tid 106029
target_page_id id: 1 tid 106029
0 1 tid 106029
365 2 tid 106029
247 tid 106029
Insert  tid 106029
FindTargetPageId rootid 3 tid 106028
target_page_id id: 2 tid 106028
0 1 tid 106028
365 2 tid 106028
133 tid 106028
Remove  tid 106028
FindTargetPageId rootid 3 tid 106027
target_page_id id: 2 tid 106027
0 1 tid 106027
365 2 tid 106027
132 tid 106027
Insert  tid 106027
FindTargetPageId rootid 3 tid 106029
target_page_id id: 1 tid 106029
0 1 tid 106029
365 2 tid 106029
248 tid 106029
Insert  tid 106029
FindTargetPageId rootid 3 tid 106028
target_page_id id: 2 tid 106028
0 1 tid 106028
365 2 tid 106028
133 tid 106028
Remove  tid 106028
FindTargetPageId rootid 3 tid 106027
target_page_id id: 2 tid 106027
0 1 tid 106027
365 2 tid 106027
132 tid 106027
Insert  tid 106027
FindTargetPageId rootid 3 tid 106029
target_page_id id: 1 tid 106029
0 1 tid 106029
365 2 tid 106029
249 tid 106029
Insert  tid 106029
FindTargetPageId rootid 3 tid 106028
target_page_id id: 2 tid 106028
0 1 tid 106028
365 2 tid 106028
133 tid 106028
Remove  tid 106028
FindTargetPageId rootid 3 tid 106027
target_page_id id: 2 tid 106027
0 1 tid 106027
365 2 tid 106027
132 tid 106027
Insert  tid 106027
FindTargetPageId rootid 3 tid 106029
target_page_id id: 1 tid 106029
0 1 tid 106029
365 2 tid 106029
250 tid 106029
Insert  tid 106029
FindTargetPageId rootid 3 tid 106028
target_page_id id: 2 tid 106028
0 1 tid 106028
365 2 tid 106028
133 tid 106028
Remove  tid 106028
FindTargetPageId rootid 3 tid 106027
target_page_id id: 2 tid 106027
0 1 tid 106027
365 2 tid 106027
132 tid 106027
Insert  tid 106027
FindTargetPageId rootid 3 tid 106029
target_page_id id: 1 tid 106029
0 1 tid 106029
365 2 tid 106029
251 tid 106029
Insert  tid 106029
FindTargetPageId rootid 3 tid 106028
target_page_id id: 2 tid 106028
0 1 tid 106028
365 2 tid 106028
133 tid 106028
Remove  tid 106028
FindTargetPageId rootid 3 tid 106027
target_page_id id: 2 tid 106027
0 1 tid 106027
365 2 tid 106027
132 tid 106027
FindTargetPageId rootid 3 tid 106029
Insert  tid 106027
target_page_id id: 1 tid 106029
0 1 tid 106029
365 2 tid 106029
252 tid 106029
Insert  tid 106029
FindTargetPageId rootid 3 tid 106028
target_page_id id: 2 tid 106028
0 1 tid 106028
365 2 tid 106028
133 tid 106028
Remove  tid 106028
FindTargetPageId rootid 3 tid 106027
target_page_id id: 2 tid 106027
0 1 tid 106027
365 2 tid 106027
132 tid 106027
Insert  tid 106027
FindTargetPageId rootid 3 tid 106029
target_page_id id: 1 tid 106029
0 1 tid 106029
365 2 tid 106029
253 tid 106029
Insert  tid 106029
FindTargetPageId rootid 3 tid 106028
target_page_id id: 2 tid 106028
0 1 tid 106028
365 2 tid 106028
133 tid 106028
Remove  tid 106028
FindTargetPageId rootid 3 tid 106027
target_page_id id: 2 tid 106027
0 1 tid 106027
365 2 tid 106027
132 tid 106027
Insert  tid 106027
FindTargetPageId rootid 3 tid 106029
target_page_id id: 1 tid 106029
0 1 tid 106029
365 2 tid 106029
254 tid 106029
Insert  tid 106029
FindTargetPageId rootid 3 tid 106028
target_page_id id: 2 tid 106028
0 1 tid 106028
210 4 tid 106028
365 2 tid 106028
133 tid 106028
Remove  tid 106028
FindTargetPageId rootid 3 tid 106027
target_page_id id: 2 tid 106027
0 1 tid 106027
210 4 tid 106027
365 2 tid 106027
132 tid 106027
Insert  tid 106027
FindTargetPageId rootid 3 tid 106029
target_page_id id: 4 tid 106029
0 1 tid 106029
210 4 tid 106029
365 2 tid 106029
128 tid 106029
Insert  tid 106029
FindTargetPageId rootid 3 tid 106028
target_page_id id: 2 tid 106028
0 1 tid 106028
210 4 tid 106028
365 2 tid 106028
133 tid 106028
Remove  tid 106028
FindTargetPageId rootid 3 tid 106027
target_page_id id: 2 tid 106027
0 1 tid 106027
210 4 tid 106027
365 2 tid 106027
132 tid 106027
Insert  tid 106027
FindTargetPageId rootid 3 tid 106029
target_page_id id: 4 tid 106029
0 1 tid 106029
210 4 tid 106029
365 2 tid 106029
129 tid 106029
Insert  tid 106029
FindTargetPageId rootid 3 tid 106028
target_page_id id: 2 tid 106028
0 1 tid 106028
210 4 tid 106028
365 2 tid 106028
133 tid 106028
FindTargetPageId rootid 3 tid 106027
target_page_id id: 2 tid 106027
0Remove  tid  106028
1 tid 106027
210 4 tid 106027
365 2 tid 106027
132 tid 106027
Insert  tid 106027
FindTargetPageId rootid 3 tid 106029
target_page_id id: 4 tid 106029
0 1 tid 106029
210 4 tid 106029
365 2 tid 106029
130 tid 106029
Insert  tid 106029
FindTargetPageId rootid 3 tid 106028
target_page_id id: 2 tid 106028
0 1 tid 106028
210 4 tid 106028
365 2 tid 106028
133 tid 106028
Remove  tid 106028
FindTargetPageId rootid 3 tid 106027
target_page_id id: 2 tid 106027
0 1 tid 106027
210 4 tid 106027
365 2 tid 106027
132 tid 106027
Insert  tid 106027
FindTargetPageId rootid 3 tid 106029
target_page_id id: 4 tid 106029
0 1 tid 106029
210 4 tid 106029
365 2 tid 106029
131 tid 106029
Insert  tid 106029
FindTargetPageId rootid 3 tid 106028
target_page_id id: 2 tid 106028
0 1 tid 106028
210 4 tid 106028
365 2 tid 106028
133 tid 106028
Remove  tid 106028
FindTargetPageId rootid 3 tid 106027
target_page_id id: 2 tid 106027
0 1 tid 106027
210 4 tid 106027
365 2 tid 106027
132 tid 106027
Insert  tid 106027
FindTargetPageId rootid 3 tid 106027
target_page_id id: 2 tid 106027
0 1 tid 106027
210 4 tid 106027
365 2 tid 106027
133 tid 106027
Insert  tid 106027
FindTargetPageId rootid 3 tid 106027
target_page_id id: 2 tid 106027
0 1 tid 106027
210 4 tid 106027
365 2 tid 106027
134 tid 106027
Insert  tid 106027
FindTargetPageId rootid 3 tid 106027
target_page_id id: 2 tid 106027
0 1 tid 106027
210 4 tid 106027
365 2 tid 106027
135 tid 106027
Insert  tid 106027
FindTargetPageId rootid 3 tid 106027
target_page_id id: 2 tid 106027
0 1 tid 106027
210 4 tid 106027
365 2 tid 106027
136 tid 106027
Insert  tid 106027
FindTargetPageId rootid 3 tid 106027
target_page_id id: 2 tid 106027
0 1 tid 106027
210 4 tid 106027
365 2 tid 106027
137 tid 106027
Insert  tid 106027
FindTargetPageId rootid 3 tid 106027
target_page_id id: 2 tid 106027
0 1 tid 106027
210 4 tid 106027
365 2 tid 106027
138 tid 106027
Insert  tid 106027
FindTargetPageId rootid 3 tid 106027
target_page_id id: 2 tid 106027
0 1 tid 106027
210 4 tid 106027
365 2 tid 106027
139 tid 106027
Insert  tid 106027
FindTargetPageId rootid 3 tid 106027
target_page_id id: 2 tid 106027
0 1 tid 106027
210 4 tid 106027
365 2 tid 106027
140 tid 106027
Insert  tid 106027
FindTargetPageId rootid 3 tid 106027
target_page_id id: 2 tid 106027
0 1 tid 106027
210 4 tid 106027
365 2 tid 106027
141 tid 106027
Insert  tid 106027
FindTargetPageId rootid 3 tid 106027
target_page_id id: 2 tid 106027
0 1 tid 106027
210 4 tid 106027
365 2 tid 106027
142 tid 106027
Insert  tid 106027
FindTargetPageId rootid 3 tid 106027
target_page_id id: 2 tid 106027
0 1 tid 106027
210 4 tid 106027
365 2 tid 106027
143 tid 106027
Insert  tid 106027
FindTargetPageId rootid 3 tid 106027
target_page_id id: 2 tid 106027
0 1 tid 106027
210 4 tid 106027
365 2 tid 106027
144 tid 106027
Insert  tid 106027
FindTargetPageId rootid 3 tid 106027
target_page_id id: 2 tid 106027
0 1 tid 106027
210 4 tid 106027
365 2 tid 106027
145 tid 106027
Insert  tid 106027
FindTargetPageId rootid 3 tid 106027
target_page_id id: 2 tid 106027
0 1 tid 106027
210 4 tid 106027
365 2 tid 106027
146 tid 106027
Insert  tid 106027
FindTargetPageId rootid 3 tid 106027
target_page_id id: 2 tid 106027
0 1 tid 106027
210 4 tid 106027
365 2 tid 106027
147 tid 106027
Insert  tid 106027
FindTargetPageId rootid 3 tid 106027
target_page_id id: 2 tid 106027
0 1 tid 106027
210 4 tid 106027
365 2 tid 106027
148 tid 106027
Insert  tid 106027
FindTargetPageId rootid 3 tid 106027
target_page_id id: 2 tid 106027
0 1 tid 106027
210 4 tid 106027
365 2 tid 106027
149 tid 106027
Insert  tid 106027
FindTargetPageId rootid 3 tid 106027
target_page_id id: 2 tid 106027
0 1 tid 106027
210 4 tid 106027
365 2 tid 106027
150 tid 106027
Insert  tid 106027
FindTargetPageId rootid 3 tid 106027
target_page_id id: 2 tid 106027
0 1 tid 106027
210 4 tid 106027
365 2 tid 106027
151 tid 106027
Insert  tid 106027
FindTargetPageId rootid 3 tid 106027
target_page_id id: 2 tid 106027
0 1 tid 106027
210 4 tid 106027
365 2 tid 106027
152 tid 106027
Insert  tid 106027
FindTargetPageId rootid 3 tid 106027
target_page_id id: 2 tid 106027
0 1 tid 106027
210 4 tid 106027
365 2 tid 106027
153 tid 106027
Insert  tid 106027
FindTargetPageId rootid 3 tid 106027
target_page_id id: 2 tid 106027
0 1 tid 106027
210 4 tid 106027
365 2 tid 106027
154 tid 106027
Insert  tid 106027
FindTargetPageId rootid 3 tid 106027
target_page_id id: 2 tid 106027
0 1 tid 106027
210 4 tid 106027
365 2 tid 106027
155 tid 106027
Insert  tid 106027
FindTargetPageId rootid 3 tid 106027
target_page_id id: 2 tid 106027
0 1 tid 106027
210 4 tid 106027
365 2 tid 106027
156 tid 106027
Insert  tid 106027
FindTargetPageId rootid 3 tid 106027
target_page_id id: 2 tid 106027
0 1 tid 106027
210 4 tid 106027
365 2 tid 106027
157 tid 106027
Insert  tid 106027
FindTargetPageId rootid 3 tid 106029
target_page_id id: 4 tid 106029
0 1 tid 106029
210 4 tid 106029
365 2 tid 106029
132 tid 106029
Insert  tid 106029
FindTargetPageId rootid 3 tid 106029
target_page_id id: 4 tid 106029
0 1 tid 106029
210 4 tid 106029
365 2 tid 106029
133 tid 106029
Insert  tid 106029
FindTargetPageId rootid 3 tid 106029
target_page_id id: 4 tid 106029
0 1 tid 106029
210 4 tid 106029
365 2 tid 106029
134 tid 106029
Insert  tid 106029
FindTargetPageId rootid 3 tid 106029
target_page_id id: 4 tid 106029
0 1 tid 106029
210 4 tid 106029
365 2 tid 106029
135 tid 106029
Insert  tid 106029
FindTargetPageId rootid 3 tid 106029
target_page_id id: 4 tid 106029
0 1 tid 106029
210 4 tid 106029
365 2 tid 106029
136 tid 106029
Insert  tid 106029
FindTargetPageId rootid 3 tid 106029
target_page_id id: 4 tid 106029
0 1 tid 106029
210 4 tid 106029
365 2 tid 106029
137 tid 106029
Insert  tid 106029
FindTargetPageId rootid 3 tid 106029
target_page_id id: 4 tid 106029
0 1 tid 106029
210 4 tid 106029
365 2 tid 106029
138 tid 106029
Insert  tid 106029
FindTargetPageId rootid 3 tid 106029
target_page_id id: 4 tid 106029
0 1 tid 106029
210 4 tid 106029
365 2 tid 106029
139 tid 106029
Insert  tid 106029
FindTargetPageId rootid 3 tid 106029
target_page_id id: 4 tid 106029
0 1 tid 106029
210 4 tid 106029
365 2 tid 106029
140 tid 106029
Insert  tid 106029
FindTargetPageId rootid 3 tid 106029
target_page_id id: 4 tid 106029
0 1 tid 106029
210 4 tid 106029
365 2 tid 106029
141 tid 106029
Insert  tid 106029
FindTargetPageId rootid 3 tid 106029
target_page_id id: 4 tid 106029
0 1 tid 106029
210 4 tid 106029
365 2 tid 106029
142 tid 106029
Insert  tid 106029
FindTargetPageId rootid 3 tid 106029
target_page_id id: 4 tid 106029
0 1 tid 106029
210 4 tid 106029
365 2 tid 106029
143 tid 106029
Insert  tid 106029
FindTargetPageId rootid 3 tid 106029
target_page_id id: 4 tid 106029
0 1 tid 106029
210 4 tid 106029
365 2 tid 106029
144 tid 106029
Insert  tid 106029
FindTargetPageId rootid 3 tid 106029
target_page_id id: 4 tid 106029
0 1 tid 106029
210 4 tid 106029
365 2 tid 106029
145 tid 106029
Insert  tid 106029
FindTargetPageId rootid 3 tid 106029
target_page_id id: 4 tid 106029
0 1 tid 106029
210 4 tid 106029
365 2 tid 106029
146 tid 106029
Insert  tid 106029
FindTargetPageId rootid 3 tid 106029
target_page_id id: 4 tid 106029
0 1 tid 106029
210 4 tid 106029
365 2 tid 106029
147 tid 106029
Insert  tid 106029
FindTargetPageId rootid 3 tid 106029
target_page_id id: 4 tid 106029
0 1 tid 106029
210 4 tid 106029
365 2 tid 106029
148 tid 106029
Insert  tid 106029
FindTargetPageId rootid 3 tid 106029
target_page_id id: 4 tid 106029
0 1 tid 106029
210 4 tid 106029
365 2 tid 106029
149 tid 106029
Insert  tid 106029
FindTargetPageId rootid 3 tid 106029
target_page_id id: 4 tid 106029
0 1 tid 106029
210 4 tid 106029
365 2 tid 106029
150 tid 106029
Insert  tid 106029
FindTargetPageId rootid 3 tid 106029
target_page_id id: 4 tid 106029
0 1 tid 106029
210 4 tid 106029
365 2 tid 106029
151 tid 106029
Insert  tid 106029
FindTargetPageId rootid 3 tid 106029
target_page_id id: 4 tid 106029
0 1 tid 106029
210 4 tid 106029
365 2 tid 106029
152 tid 106029
Insert  tid 106029
FindTargetPageId rootid 3 tid 106029
target_page_id id: 4 tid 106029
0 1 tid 106029
210 4 tid 106029
365 2 tid 106029
153 tid 106029
Insert  tid 106029
FindTargetPageId rootid 3 tid 106029
target_page_id id: 4 tid 106029
0 1 tid 106029
210 4 tid 106029
365 2 tid 106029
154 tid 106029
Insert  tid 106029
FindTargetPageId rootid 3 tid 106029
target_page_id id: 2 tid 106029
0 1 tid 106029
210 4 tid 106029
365 2 tid 106029
158 tid 106029
Insert  tid 106029
FindTargetPageId rootid 3 tid 106029
target_page_id id: 2 tid 106029
0 1 tid 106029
210 4 tid 106029
365 2 tid 106029
159 tid 106029
Insert  tid 106029
FindTargetPageId rootid 3 tid 106029
target_page_id id: 2 tid 106029
0 1 tid 106029
210 4 tid 106029
365 2 tid 106029
160 tid 106029
Insert  tid 106029
FindTargetPageId rootid 3 tid 106029
target_page_id id: 2 tid 106029
0 1 tid 106029
210 4 tid 106029
365 2 tid 106029
161 tid 106029
Insert  tid 106029
FindTargetPageId rootid 3 tid 106029
target_page_id id: 2 tid 106029
0 1 tid 106029
210 4 tid 106029
365 2 tid 106029
162 tid 106029
Insert  tid 106029
FindTargetPageId rootid 3 tid 106029
target_page_id id: 2 tid 106029
0 1 tid 106029
210 4 tid 106029
365 2 tid 106029
163 tid 106029
Insert  tid 106029
FindTargetPageId rootid 3 tid 106029
target_page_id id: 2 tid 106029
0 1 tid 106029
210 4 tid 106029
365 2 tid 106029
164 tid 106029
Insert  tid 106029
FindTargetPageId rootid 3 tid 106029
target_page_id id: 2 tid 106029
0 1 tid 106029
210 4 tid 106029
365 2 tid 106029
165 tid 106029
Insert  tid 106029
FindTargetPageId rootid 3 tid 106029
target_page_id id: 2 tid 106029
0 1 tid 106029
210 4 tid 106029
365 2 tid 106029
166 tid 106029
Insert  tid 106029
FindTargetPageId rootid 3 tid 106029
target_page_id id: 2 tid 106029
0 1 tid 106029
210 4 tid 106029
365 2 tid 106029
167 tid 106029
Insert  tid 106029
FindTargetPageId rootid 3 tid 106029
target_page_id id: 2 tid 106029
0 1 tid 106029
210 4 tid 106029
365 2 tid 106029
168 tid 106029
Insert  tid 106029
FindTargetPageId rootid 3 tid 106029
target_page_id id: 2 tid 106029
0 1 tid 106029
210 4 tid 106029
365 2 tid 106029
169 tid 106029
Insert  tid 106029
FindTargetPageId rootid 3 tid 106029
target_page_id id: 2 tid 106029
0 1 tid 106029
210 4 tid 106029
365 2 tid 106029
170 tid 106029
Insert  tid 106029
FindTargetPageId rootid 3 tid 106029
target_page_id id: 2 tid 106029
0 1 tid 106029
210 4 tid 106029
365 2 tid 106029
171 tid 106029
Insert  tid 106029
FindTargetPageId rootid 3 tid 106029
target_page_id id: 2 tid 106029
0 1 tid 106029
210 4 tid 106029
365 2 tid 106029
172 tid 106029
Insert  tid 106029
FindTargetPageId rootid 3 tid 106029
target_page_id id: 2 tid 106029
0 1 tid 106029
210 4 tid 106029
365 2 tid 106029
173 tid 106029
Insert  tid 106029
FindTargetPageId rootid 3 tid 106029
target_page_id id: 2 tid 106029
0 1 tid 106029
210 4 tid 106029
365 2 tid 106029
174 tid 106029
Insert  tid 106029
FindTargetPageId rootid 3 tid 106029
target_page_id id: 2 tid 106029
0 1 tid 106029
210 4 tid 106029
365 2 tid 106029
174 tid 106029
Insert  tid 106029
FindTargetPageId rootid 3 tid 106029
target_page_id id: 2 tid 106029
0 1 tid 106029
210 4 tid 106029
365 2 tid 106029
174 tid 106029
Insert  tid 106029
FindTargetPageId rootid 3 tid 106029
target_page_id id: 2 tid 106029
0 1 tid 106029
210 4 tid 106029
365 2 tid 106029
174 tid 106029
Insert  tid 106029
FindTargetPageId rootid 3 tid 106029
target_page_id id: 2 tid 106029
0 1 tid 106029
210 4 tid 106029
365 2 tid 106029
174 tid 106029
Insert  tid 106029
FindTargetPageId rootid 3 tid 106029
target_page_id id: 2 tid 106029
0 1 tid 106029
210 4 tid 106029
365 2 tid 106029
174 tid 106029
Insert  tid 106029
FindTargetPageId rootid 3 tid 106029
target_page_id id: 2 tid 106029
0 1 tid 106029
210 4 tid 106029
365 2 tid 106029
174 tid 106029
Insert  tid 106029
FindTargetPageId rootid 3 tid 106029
target_page_id id: 2 tid 106029
0 1 tid 106029
210 4 tid 106029
365 2 tid 106029
174 tid 106029
Insert  tid 106029
FindTargetPageId rootid 3 tid 106029
target_page_id id: 2 tid 106029
0 1 tid 106029
210 4 tid 106029
365 2 tid 106029
174 tid 106029
Insert  tid 106029
FindTargetPageId rootid 3 tid 106029
target_page_id id: 2 tid 106029
0 1 tid 106029
210 4 tid 106029
365 2 tid 106029
174 tid 106029
Insert  tid 106029
FindTargetPageId rootid 3 tid 106029
target_page_id id: 2 tid 106029
0 1 tid 106029
210 4 tid 106029
365 2 tid 106029
174 tid 106029
Insert  tid 106029
FindTargetPageId rootid 3 tid 106029
target_page_id id: 2 tid 106029
0 1 tid 106029
210 4 tid 106029
365 2 tid 106029
174 tid 106029
Insert  tid 106029
FindTargetPageId rootid 3 tid 106029
target_page_id id: 2 tid 106029
0 1 tid 106029
210 4 tid 106029
365 2 tid 106029
174 tid 106029
Insert  tid 106029
FindTargetPageId rootid 3 tid 106029
target_page_id id: 2 tid 106029
0 1 tid 106029
210 4 tid 106029
365 2 tid 106029
174 tid 106029
Insert  tid 106029
FindTargetPageId rootid 3 tid 106029
target_page_id id: 2 tid 106029
0 1 tid 106029
210 4 tid 106029
365 2 tid 106029
174 tid 106029
Insert  tid 106029
FindTargetPageId rootid 3 tid 106029
target_page_id id: 2 tid 106029
0 1 tid 106029
210 4 tid 106029
365 2 tid 106029
174 tid 106029
Insert  tid 106029
FindTargetPageId rootid 3 tid 106029
target_page_id id: 2 tid 106029
0 1 tid 106029
210 4 tid 106029
365 2 tid 106029
174 tid 106029
Insert  tid 106029
FindTargetPageId rootid 3 tid 106029
target_page_id id: 2 tid 106029
0 1 tid 106029
210 4 tid 106029
365 2 tid 106029
174 tid 106029
Insert  tid 106029
FindTargetPageId rootid 3 tid 106029
target_page_id id: 2 tid 106029
0 1 tid 106029
210 4 tid 106029
365 2 tid 106029
174 tid 106029
Insert  tid 106029
FindTargetPageId rootid 3 tid 106029
target_page_id id: 2 tid 106029
0 1 tid 106029
210 4 tid 106029
365 2 tid 106029
174 tid 106029
Insert  tid 106029
FindTargetPageId rootid 3 tid 106029
target_page_id id: 2 tid 106029
0 1 tid 106029
210 4 tid 106029
365 2 tid 106029
174 tid 106029
Insert  tid 106029
FindTargetPageId rootid 3 tid 106029
target_page_id id: 2 tid 106029
0 1 tid 106029
210 4 tid 106029
365 2 tid 106029
174 tid 106029
Insert  tid 106029
FindTargetPageId rootid 3 tid 106029
target_page_id id: 2 tid 106029
0 1 tid 106029
210 4 tid 106029
365 2 tid 106029
174 tid 106029
Insert  tid 106029
FindTargetPageId rootid 3 tid 106029
target_page_id id: 2 tid 106029
0 1 tid 106029
210 4 tid 106029
365 2 tid 106029
174 tid 106029
Insert  tid 106029
FindTargetPageId rootid 3 tid 106029
target_page_id id: 2 tid 106029
0 1 tid 106029
210 4 tid 106029
365 2 tid 106029
174 tid 106029
Insert  tid 106029
FindTargetPageId rootid 3 tid 106029
target_page_id id: 2 tid 106029
0 1 tid 106029
210 4 tid 106029
365 2 tid 106029
174 tid 106029
Insert  tid 106029
FindTargetPageId rootid 3 tid 106029
target_page_id id: 2 tid 106029
0 1 tid 106029
210 4 tid 106029
365 2 tid 106029
174 tid 106029
Insert  tid 106029
FindTargetPageId rootid 3 tid 106029
target_page_id id: 2 tid 106029
0 1 tid 106029
210 4 tid 106029
365 2 tid 106029
174 tid 106029
Insert  tid 106029
FindTargetPageId rootid 3 tid 106029
target_page_id id: 2 tid 106029
0 1 tid 106029
210 4 tid 106029
365 2 tid 106029
174 tid 106029
Insert  tid 106029
FindTargetPageId rootid 3 tid 106029
target_page_id id: 2 tid 106029
0 1 tid 106029
210 4 tid 106029
365 2 tid 106029
174 tid 106029
Insert  tid 106029
FindTargetPageId rootid 3 tid 106029
target_page_id id: 2 tid 106029
0 1 tid 106029
210 4 tid 106029
365 2 tid 106029
174 tid 106029
Insert  tid 106029
FindTargetPageId rootid 3 tid 106029
target_page_id id: 2 tid 106029
0 1 tid 106029
210 4 tid 106029
365 2 tid 106029
175 tid 106029
Insert  tid 106029
FindTargetPageId rootid 3 tid 106028
target_page_id id: 2 tid 106028
0 1 tid 106028
210 4 tid 106028
365 2 tid 106028
176 tid 106028
Remove  tid 106028
FindTargetPageId rootid 3 tid 106028
target_page_id id: 2 tid 106028
0 1 tid 106028
210 4 tid 106028
365 2 tid 106028
175 tid 106028
Remove  tid 106028
FindTargetPageId rootid 3 tid 106029
target_page_id id: 2 tid 106029
0 1 tid 106029
210 4 tid 106029
365 2 tid 106029
174 tid 106029
Insert  tid 106029
FindTargetPageId rootid 3 tid 106029
target_page_id id: 2 tid 106029
0 1 tid 106029
210 4 tid 106029
365 2 tid 106029
175 tid 106029
Insert  tid 106029
FindTargetPageId rootid 3 tid 106029
target_page_id id: 2 tid 106029
0 1 tid 106029
210 4 tid 106029
365 2 tid 106029
176 tid 106029
Insert  tid 106029
FindTargetPageId rootid 3 tid 106028
target_page_id id: 2 tid 106028
0 1 tid 106028
210 4 tid 106028
365 2 tid 106028
177 tid 106028
Remove  tid 106028
FindTargetPageId rootid 3 tid 106027
target_page_id id: 2 tid 106027
0 1 tid 106027
210 4 tid 106027
365 2 tid 106027
176 tid 106027
Insert  tid 106027
FindTargetPageId rootid 3 tid 106029
target_page_id id: 2 tid 106029
0 1 tid 106029
210 4 tid 106029
365 2 tid 106029
176 tid 106029
Insert  tid 106029
FindTargetPageId rootid 3 tid 106028
target_page_id id: 2 tid 106028
0 1 tid 106028
210 4 tid 106028
365 2 tid 106028
177 tid 106028
Remove  tid 106028
FindTargetPageId rootid 3 tid 106027
target_page_id id: 2 tid 106027
0 1 tid 106027
210 4 tid 106027
365 2 tid 106027
176 tid 106027
Insert  tid 106027
FindTargetPageId rootid 3 tid 106029
target_page_id id: 2 tid 106029
0 1 tid 106029
210 4 tid 106029
365 2 tid 106029
176 tid 106029
Insert  tid 106029
FindTargetPageId rootid 3 tid 106028
target_page_id id: 2 tid 106028
0 1 tid 106028
210 4 tid 106028
365 2 tid 106028
177 tid 106028
Remove  tid 106028
FindTargetPageId rootid 3 tid 106027
target_page_id id: 2 tid 106027
0 1 tid 106027
210 4 tid 106027
365 2 tid 106027
176 tid 106027
Insert  tid 106027
FindTargetPageId rootid 3 tid 106029
target_page_id id: 2 tid 106029
0 1 tid 106029
210 4 tid 106029
365 2 tid 106029
176 tid 106029
Insert  tid 106029
FindTargetPageId rootid 3 tid 106028
target_page_id id: 2 tid 106028
0 1 tid 106028
210 4 tid 106028
365 2 tid 106028
177 tid 106028
Remove  tid 106028
FindTargetPageId rootid 3 tid 106027
target_page_id id: 2 tid 106027
0 1 tid 106027
210 4 tid 106027
365 2 tid 106027
176 tid 106027
Insert  tid 106027
FindTargetPageId rootid 3 tid 106029
target_page_id id: 2 tid 106029
0 1 tid 106029
210 4 tid 106029
365 2 tid 106029
176 tid 106029
Insert  tid 106029
FindTargetPageId rootid 3 tid 106028
target_page_id id: 2 tid 106028
0 1 tid 106028
210 4 tid 106028
365 2 tid 106028
177 tid 106028
Remove  tid 106028
FindTargetPageId rootid 3 tid 106027
target_page_id id: 2 tid 106027
0 1 tid 106027
210 4 tid 106027
365 2 tid 106027
176 tid 106027
Insert  tid 106027
FindTargetPageId rootid 3 tid 106029
target_page_id id: 2 tid 106029
0 1 tid 106029
210 4 tid 106029
365 2 tid 106029
176 tid 106029
Insert  tid 106029
FindTargetPageId rootid 3 tid 106028
target_page_id id: 2 tid 106028
0 1 tid 106028
210 4 tid 106028
365 2 tid 106028
177 tid 106028
Remove  tid 106028
FindTargetPageId rootid 3 tid 106027
target_page_id id: 2 tid 106027
0 1 tid 106027
210 4 tid 106027
365 2 tid 106027
176 tid 106027
Insert  tid 106027
FindTargetPageId rootid 3 tid 106029
target_page_id id: 2 tid 106029
0 1 tid 106029
210 4 tid 106029
365 2 tid 106029
176 tid 106029
Insert  tid 106029
FindTargetPageId rootid 3 tid 106028
target_page_id id: 2 tid 106028
0 1 tid 106028
210 4 tid 106028
365 2 tid 106028
177 tid 106028
Remove  tid 106028
FindTargetPageId rootid 3 tid 106027
target_page_id id: 2 tid 106027
0 1 tid 106027
210 4 tid 106027
365 2 tid 106027
176 tid 106027
Insert  tid 106027
FindTargetPageId rootid 3 tid 106029
target_page_id id: 2 tid 106029
0 1 tid 106029
210 4 tid 106029
365 2 tid 106029
176 tid 106029
FindTargetPageId rootid Insert 3 tid  tid 106029
106028
target_page_id id: 2 tid 106028
0 1 tid 106028
210 4 tid 106028
365 2 tid 106028
177 tid 106028
Remove  tid 106028
FindTargetPageId rootid 3 tid 106027
target_page_id id: 2 tid 106027
0 1 tid 106027
210 4 tid 106027
365 2 tid 106027
176 tid 106027
Insert  tid 106027
FindTargetPageId rootid 3 tid 106029
target_page_id id: 2 tid 106029
0 1 tid 106029
210 4 tid 106029
365 2 tid 106029
176 tid 106029
Insert  tid 106029
FindTargetPageId rootid 3 tid 106028
target_page_id id: 2 tid 106028
0 1 tid 106028
210 4 tid 106028
365 2 tid 106028
177 tid 106028
Remove  tid 106028
FindTargetPageId rootid 3 tid 106027
target_page_id id: 2 tid 106027
0 1 tid 106027
210 4 tid 106027
365 2 tid 106027
176 tid 106027
Insert  tid 106027
FindTargetPageId rootid 3 tid 106029
target_page_id id: 2 tid 106029
0 1 tid 106029
210 4 tid 106029
365 2 tid 106029
176 tid 106029
Insert  tid 106029
FindTargetPageId rootid 3 tid 106028
target_page_id id: 2 tid 106028
0 1 tid 106028
210 4 tid 106028
365 2 tid 106028
177 tid 106028
Remove  tid 106028
FindTargetPageId rootid 3 tid 106027
target_page_id id: 2 tid 106027
0 1 tid 106027
210 4 tid 106027
365 2 tid 106027
176 tid 106027
Insert  tid 106027
FindTargetPageId rootid 3 tid 106029
target_page_id id: 2 tid 106029
0 1 tid 106029
210 4 tid 106029
365 2 tid 106029
176 tid 106029
Insert  tid 106029
FindTargetPageId rootid 3 tid 106028
target_page_id id: 2 tid 106028
0 1 tid 106028
210 4 tid 106028
365 2 tid 106028
177 tid 106028
Remove  tid 106028
FindTargetPageId rootid 3 tid 106027
target_page_id id: 2 tid 106027
0 1 tid 106027
210 4 tid 106027
365 2 tid 106027
176 tid 106027
Insert  tid 106027
FindTargetPageId rootid 3 tid 106029
target_page_id id: 2 tid 106029
0 1 tid 106029
210 4 tid 106029
365 2 tid 106029
176 tid 106029
Insert  tid 106029
FindTargetPageId rootid 3 tid 106028
target_page_id id: 2 tid 106028
0 1 tid 106028
210 4 tid 106028
365 2 tid 106028
177 tid 106028
Remove  tid 106028
FindTargetPageId rootid 3 tid 106027
target_page_id id: 2 tid 106027
0 1 tid 106027
210 4 tid 106027
365 2 tid 106027
176 tid 106027
Insert  tid 106027
FindTargetPageId rootid 3 tid 106029
target_page_id id: 2 tid 106029
0 1 tid 106029
210 4 tid 106029
365 2 tid 106029
176 tid 106029
Insert  tid 106029
FindTargetPageId rootid 3 tid 106028
target_page_id id: 2 tid 106028
0 1 tid 106028
210 4 tid 106028
365 2 tid 106028
177 tid 106028
Remove  tid 106028
FindTargetPageId rootid 3 tid 106027
target_page_id id: 2 tid 106027
0 1 tid 106027
210 4 tid 106027
365 2 tid 106027
176 tid 106027
Insert  tid 106027
FindTargetPageId rootid 3 tid 106029
target_page_id id: 2 tid 106029
0 1 tid 106029
210 4 tid 106029
365 2 tid 106029
176 tid 106029
Insert  tid 106029
FindTargetPageId rootid 3 tid 106028
target_page_id id: 2 tid 106028
0 1 tid 106028
210 4 tid 106028
365 2 tid 106028
177 tid 106028
Remove  tid 106028
FindTargetPageId rootid 3 tid 106027
target_page_id id: 2 tid 106027
0 1 tid 106027
210 4 tid 106027
365 2 tid 106027
176 tid 106027
Insert  tid 106027
FindTargetPageId rootid 3 tid 106029
target_page_id id: 2 tid 106029
0 1 tid 106029
210 4 tid 106029
365 2 tid 106029
176 tid 106029
FindTargetPageId rootid 3 tid 106028
target_page_id id: 2 tid 106028
0 1 tid 106028
210 4 tid 106028
365 2 tid 106028
Insert  tid 106029
177 tid 106028
Remove  tid 106028
FindTargetPageId rootid 3 tid 106027
target_page_id id: 2 tid 106027
0 1 tid 106027
210 4 tid 106027
365 2 tid 106027
176 tid 106027
Insert  tid 106027
FindTargetPageId rootid 3 tid 106029
target_page_id id: 2 tid 106029
0 1 tid 106029
210 4 tid 106029
365 2 tid 106029
176 tid 106029
Insert  tid 106029
FindTargetPageId rootid 3 tid 106028
target_page_id id: 2 tid 106028
0 1 tid 106028
210 4 tid 106028
365 2 tid 106028
177 tid 106028
Remove  tid 106028
FindTargetPageId rootid 3 tid 106027
target_page_id id: 2 tid 106027
0 1 tid 106027
210 4 tid 106027
365 2 tid 106027
176 tid 106027
Insert  tid 106027
FindTargetPageId rootid 3 tid 106029
target_page_id id: 2 tid 106029
0 1 tid 106029
210 4 tid 106029
365 2 tid 106029
176 tid 106029
Insert  tid 106029
FindTargetPageId rootid 3 tid 106028
target_page_id id: 2 tid 106028
0 1 tid 106028
210 4 tid 106028
365 2 tid 106028
177 tid 106028
Remove  tid 106028
FindTargetPageId rootid 3 tid 106027
target_page_id id: 2 tid 106027
0 1 tid 106027
210 4 tid 106027
365 2 tid 106027
176 tid 106027
Insert  tid 106027
FindTargetPageId rootid 3 tid 106029
target_page_id id: 2 tid 106029
0 1 tid 106029
210 4 tid 106029
365 2 tid 106029
176 tid 106029
Insert  tid FindTargetPageId rootid 3 tid 106029106028

target_page_id id: 2 tid 106028
0 1 tid 106028
210 4 tid 106028
365 2 tid 106028
177 tid 106028
Remove  tid FindTargetPageId rootid 106028
3 tid 106029
target_page_id id: 2 tid 106029
0 1 tid 106029
210 4 tid 106029
365 2 tid 106029
176 tid 106029
Insert  tid 106029
FindTargetPageId rootid 3 tid 106027
target_page_id id: 2 tid 106027
0 1 tid 106027
210 4 tid 106027
365 2 tid 106027
177 tid 106027
Insert  tid 106027
FindTargetPageId rootid 3 tid 106027
target_page_id id: 2 tid 106027
0 1 tid 106027
210 4 tid 106027
365 2 tid 106027
177 tid 106027
Insert  tid 106027
FindTargetPageId rootid 3 tid 106029
target_page_id id: 2 tid 106029
0 1 tid 106029
210 4 tid 106029
365 2 tid 106029
177 tid 106029
Insert  tid 106029
FindTargetPageId rootid 3 tid 106028
target_page_id id: 2 tid 106028
0 1 tid 106028
210 4 tid 106028
365 2 tid 106028
178 tid 106028
Remove  tid 106028
FindTargetPageId rootid 3 tid 106027
target_page_id id: 2 tid 106027
0 1 tid 106027
210 4 tid 106027
365 2 tid 106027
177 tid 106027
Insert  tid 106027
FindTargetPageId rootid 3 tid 106029
target_page_id id: 2 tid 106029
0 1 tid 106029
210 4 tid 106029
365 2 tid 106029
177 tid 106029
Insert  tid 106029
FindTargetPageId rootid 3 tid 106028
target_page_id id: 2 tid 106028
0 1 tid 106028
210 4 tid 106028
365 2 tid 106028
178 tid 106028
Remove  tid 106028
FindTargetPageId rootid 3 tid 106027
target_page_id id: 2 tid 106027
0 1 tid 106027
210 4 tid 106027
365 2 tid 106027
177 tid 106027
Insert  tid 106027
FindTargetPageId rootid 3 tid 106029
target_page_id id: 2 tid 106029
0 1 tid 106029
210 4 tid 106029
365 2 tid 106029
177 tid 106029
Insert  tid 106029
FindTargetPageId rootid 3 tid 106028
target_page_id id: 2 tid 106028
0 1 tid 106028
210 4 tid 106028
365 2 tid 106028
178 tid 106028
Remove  tid 106028
FindTargetPageId rootid 3 tid 106027
target_page_id id: 2 tid 106027
0 1 tid 106027
210 4 tid 106027
365 2 tid 106027
177 tid 106027
Insert  tid 106027
FindTargetPageId rootid 3 tid 106029
target_page_id id: 2 tid 106029
0 1 tid 106029
210 4 tid 106029
365 2 tid 106029
177 tid 106029
Insert  tid 106029
FindTargetPageId rootid 3 tid 106028
target_page_id id: 2 tid 106028
0 1 tid 106028
210 4 tid 106028
365 2 tid 106028
178 tid 106028
Remove  tid 106028
FindTargetPageId rootid 3 tid 106027
target_page_id id: 2 tid 106027
0 1 tid 106027
210 4 tid 106027
365 2 tid 106027
177 tid 106027
Insert  tid 106027
FindTargetPageId rootid 3 tid 106029
target_page_id id: 2 tid 106029
0 1 tid 106029
210 4 tid 106029
365 2 tid 106029
177 tid 106029
FindTargetPageId rootid 3 tid 106028Insert 
 tid target_page_id id: 2 tid 106028
0 1 tid 106028
210 4 tid 106028
106029
365 2 tid 106028
178 tid 106028
Remove  tid 106028
FindTargetPageId rootid 3 tid 106027
target_page_id id: 2 tid 106027
0 1 tid 106027
210 4 tid 106027
365 2 tid 106027
177 tid 106027
Insert  tid 106027
FindTargetPageId rootid 3 tid 106029
target_page_id id: 2 tid 106029
0 1 tid 106029
210 4 tid 106029
365 2 tid 106029
177 tid 106029
Insert  tid 106029
FindTargetPageId rootid 3 tid 106028
target_page_id id: 2 tid 106028
0 1 tid 106028
210 4 tid 106028
365 2 tid 106028
178 tid 106028
Remove  tid 106028
FindTargetPageId rootid 3 tid 106027
target_page_id id: 2 tid 106027
0 1 tid 106027
210 4 tid 106027
365 2 tid 106027
177 tid 106027
Insert  tid 106027
FindTargetPageId rootid 3 tid 106029
target_page_id id: 2 tid 106029
0 1 tid 106029
210 4 tid 106029
365 2 tid 106029
177 tid 106029
Insert  tid 106029
FindTargetPageId rootid 3 tid 106028
target_page_id id: 2 tid 106028
0 1 tid 106028
210 4 tid 106028
365 2 tid 106028
178 tid 106028
Remove  tid 106028
FindTargetPageId rootid 3 tid 106027
target_page_id id: 2 tid 106027
0 1 tid 106027
210 4 tid 106027
365 2 tid 106027
177 tid 106027
Insert  tid 106027
FindTargetPageId rootid 3 tid 106029
target_page_id id: 2 tid 106029
0 1 tid 106029
210 4 tid 106029
365 2 tid 106029
177 tid 106029
Insert  tid 106029
FindTargetPageId rootid 3 tid 106029
target_page_id id: 2 tid 106029
0 1 tid 106029
210 4 tid 106029
365 2 tid 106029
178 tid 106029
Insert  tid 106029
FindTargetPageId rootid 3 tid 106029
target_page_id id: 2 tid 106029
0 1 tid 106029
210 4 tid 106029
365 2 tid 106029
179 tid 106029
Insert  tid 106029
FindTargetPageId rootid 3 tid 106029
target_page_id id: 2 tid 106029
0 1 tid 106029
210 4 tid 106029
365 2 tid 106029
180 tid 106029
Insert  tid 106029
FindTargetPageId rootid 3 tid 106029
target_page_id id: 2 tid 106029
0 1 tid 106029
210 4 tid 106029
365 2 tid 106029
181 tid 106029
Insert  tid 106029
FindTargetPageId rootid 3 tid 106029
target_page_id id: 2 tid 106029
0 1 tid 106029
210 4 tid 106029
365 2 tid 106029
182 tid 106029
Insert  tid 106029
FindTargetPageId rootid 3 tid 106029
target_page_id id: 2 tid 106029
0 1 tid 106029
210 4 tid 106029
365 2 tid 106029
183 tid 106029
Insert  tid 106029
FindTargetPageId rootid 3 tid 106029
target_page_id id: 2 tid 106029
0 1 tid 106029
210 4 tid 106029
365 2 tid 106029
184 tid 106029
Insert  tid 106029
FindTargetPageId rootid 3 tid 106028
target_page_id id: 2 tid 106028
0 1 tid 106028
210 4 tid 106028
365 2 tid 106028
185 tid 106028
Remove  tid 106028
FindTargetPageId rootid 3 tid 106027
target_page_id id: 2 tid 106027
0 1 tid 106027
210 4 tid 106027
365 2 tid 106027
184 tid 106027
Insert  tid 106027
FindTargetPageId rootid 3 tid 106029
target_page_id id: 2 tid 106029
0 1 tid 106029
210 4 tid 106029
365 2 tid 106029
184 tid 106029
Insert  tid 106029
FindTargetPageId rootid 3 tid 106028
target_page_id id: 2 tid 106028
0 1 tid 106028
210 4 tid 106028
365 2 tid 106028
185 tid 106028
Remove  tid 106028
FindTargetPageId rootid 3 tid 106027
target_page_id id: 2 tid 106027
0 1 tid 106027
210 4 tid 106027
365 2 tid 106027
184 tid 106027
Insert  tid 106027
FindTargetPageId rootid 3 tid 106029
target_page_id id: 2 tid 106029
0 1 tid 106029
210 4 tid 106029
365 2 tid 106029
184 tid 106029
Insert  tid 106029
FindTargetPageId rootid 3 tid 106028
target_page_id id: 2 tid 106028
0 1 tid 106028
210 4 tid 106028
365 2 tid 106028
185 tid 106028
Remove  tid 106028
FindTargetPageId rootid 3 tid 106028
target_page_id id: 2 tid 106028
0 1 tid 106028
210 4 tid 106028
365 2 tid 106028
184 tid 106028
Remove  tid 106028
FindTargetPageId rootid 3 tid 106029
target_page_id id: 2 tid 106029
0 1 tid 106029
210 4 tid 106029
365 2 tid 106029
183 tid 106029
Insert  tid 106029
FindTargetPageId rootid 3 tid 106027
target_page_id id: 2 tid 106027
0 1 tid 106027
210 4 tid 106027
365 2 tid 106027
184 tid 106027
Insert  tid 106027
FindTargetPageId rootid 3 tid 106028
target_page_id id: 2 tid 106028
0 1 tid 106028
210 4 tid 106028
365 2 tid 106028
184 tid 106028
Remove  tid 106028
FindTargetPageId rootid 3 tid 106029
target_page_id id: 2 tid 106029
0 1 tid 106029
210 4 tid 106029
365 2 tid 106029
183 tid 106029
Insert  tid 106029
FindTargetPageId rootid 3 tid 106027
target_page_id id: 2 tid 106027
0 1 tid 106027
210 4 tid 106027
365 2 tid 106027
184 tid 106027
Insert  tid 106027
FindTargetPageId rootid 3 tid 106028
target_page_id id: 2 tid 106028
0 1 tid 106028
210 4 tid 106028
365 2 tid 106028
184 tid 106028
Remove  tid 106028
FindTargetPageId rootid 3 tid 106029
target_page_id id: 2 tid 106029
0 1 tid 106029
210 4 tid 106029
365 2 tid 106029
183 tid 106029
Insert  tid 106029
FindTargetPageId rootid 3 tid 106029
target_page_id id: 2 tid 106029
0 1 tid 106029
210 4 tid 106029
365 2 tid 106029
184 tid 106029
Insert  tid 106029
FindTargetPageId rootid 3 tid 106028
target_page_id id: 2 tid 106028
0 1 tid 106028
210 4 tid 106028
365 2 tid 106028
185 tid 106028
Remove  tid 106028
FindTargetPageId rootid 3 tid 106028
target_page_id id: 2 tid 106028
0 1 tid 106028
210 4 tid 106028
365 2 tid 106028
184 tid 106028
Remove  tid 106028
FindTargetPageId rootid 3 tid 106028
target_page_id id: 2 tid 106028
0 1 tid 106028
210 4 tid 106028
365 2 tid 106028
183 tid 106028
Remove  tid 106028
FindTargetPageId rootid 3 tid 106027
target_page_id id: 2 tid 106027
0 1 tid 106027
210 4 tid 106027
365 2 tid 106027
182 tid 106027
Insert  tid 106027
FindTargetPageId rootid 3 tid 106029
target_page_id id: 2 tid 106029
0 1 tid 106029
210 4 tid 106029
365 2 tid 106029
182 tid 106029
Insert  tid 106029
FindTargetPageId rootid 3 tid 106028
target_page_id id: 2 tid 106028
0 1 tid 106028
210 4 tid 106028
365 2 tid 106028
183 tid 106028
Remove  tid 106028
FindTargetPageId rootid 3 tid 106027
target_page_id id: 2 tid 106027
0 1 tid 106027
210 4 tid 106027
365 2 tid 106027
182 tid 106027
Insert  tid 106027
FindTargetPageId rootid 3 tid 106029
target_page_id id: 2 tid 106029
0 1 tid 106029
210 4 tid 106029
365 2 tid 106029
182 tid 106029
Insert  tid 106029
FindTargetPageId rootid 3 tid 106029
target_page_id id: 2 tid 106029
0 1 tid 106029
210 4 tid 106029
365 2 tid 106029
183 tid 106029
Insert  tid 106029
FindTargetPageId rootid 3 tid 106029
target_page_id id: 2 tid 106029
0 1 tid 106029
210 4 tid 106029
365 2 tid 106029
184 tid 106029
Insert  tid 106029
FindTargetPageId rootid 3 tid 106029
target_page_id id: 2 tid 106029
0 1 tid 106029
210 4 tid 106029
365 2 tid 106029
185 tid 106029
Insert  tid 106029
FindTargetPageId rootid 3 tid 106029
target_page_id id: 2 tid 106029
0 1 tid 106029
210 4 tid 106029
365 2 tid 106029
186 tid 106029
Insert  tid 106029
FindTargetPageId rootid 3 tid 106029
target_page_id id: 2 tid 106029
0 1 tid 106029
210 4 tid 106029
365 2 tid 106029
187 tid 106029
Insert  tid 106029
FindTargetPageId rootid 3 tid 106028
target_page_id id: 2 tid 106028
0 1 tid 106028
210 4 tid 106028
365 2 tid 106028
188 tid 106028
Remove  tid 106028
FindTargetPageId rootid 3 tid 106027
target_page_id id: 2 tid 106027
0 1 tid 106027
210 4 tid 106027
365 2 tid 106027
187 tid 106027
Insert  tid 106027
FindTargetPageId rootid 3 tid 106029
target_page_id id: 2 tid 106029
0 1 tid 106029
210 4 tid 106029
365 2 tid 106029
187 tid 106029
Insert  tid 106029
FindTargetPageId rootid 3 tid 106028
target_page_id id: 2 tid 106028
0 1 tid 106028
210 4 tid 106028
365 2 tid 106028
188 tid 106028
Remove  tid 106028
FindTargetPageId rootid 3 tid 106027
target_page_id id: 2 tid 106027
0 1 tid 106027
210 4 tid 106027
365 2 tid 106027
187 tid 106027
Insert  tid 106027
FindTargetPageId rootid 3 tid 106027
target_page_id id: 2 tid 106027
0 1 tid 106027
210 4 tid 106027
365 2 tid 106027
187 tid 106027
Insert  tid 106027
FindTargetPageId rootid 3 tid 106027
target_page_id id: 2 tid 106027
0 1 tid 106027
210 4 tid 106027
365 2 tid 106027
187 tid 106027
Insert  tid 106027
FindTargetPageId rootid 3 tid 106029
target_page_id id: 2 tid 106029
0 1 tid 106029
210 4 tid 106029
365 2 tid 106029
187 tid 106029
Insert  tid 106029
FindTargetPageId rootid 3 tid 106029
target_page_id id: 2 tid 106029
0 1 tid 106029
210 4 tid 106029
365 2 tid 106029
188 tid 106029
Insert  tid 106029
FindTargetPageId rootid 3 tid 106029
target_page_id id: 2 tid 106029
0 1 tid 106029
210 4 tid 106029
365 2 tid 106029
189 tid 106029
Insert  tid 106029
FindTargetPageId rootid 3 tid 106029
target_page_id id: 2 tid 106029
0 1 tid 106029
210 4 tid 106029
365 2 tid 106029
190 tid 106029
Insert  tid 106029
FindTargetPageId rootid 3 tid 106029
target_page_id id: 2 tid 106029
0 1 tid 106029
210 4 tid 106029
365 2 tid 106029
191 tid 106029
Insert  tid 106029
FindTargetPageId rootid 3 tid 106029
target_page_id id: 2 tid 106029
0 1 tid 106029
210 4 tid 106029
365 2 tid 106029
192 tid 106029
Insert  tid 106029
FindTargetPageId rootid 3 tid 106029
target_page_id id: 2 tid 106029
0 1 tid 106029
210 4 tid 106029
365 2 tid 106029
193 tid 106029
Insert  tid 106029
FindTargetPageId rootid 3 tid 106029
target_page_id id: 2 tid 106029
0 1 tid 106029
210 4 tid 106029
365 2 tid 106029
194 tid 106029
Insert  tid 106029
FindTargetPageId rootid 3 tid 106029
target_page_id id: 2 tid 106029
0 1 tid 106029
210 4 tid 106029
365 2 tid 106029
195 tid 106029
Insert  tid 106029
FindTargetPageId rootid 3 tid 106029
target_page_id id: 2 tid 106029
0 1 tid 106029
210 4 tid 106029
365 2 tid 106029
196 tid 106029
Insert  tid 106029
FindTargetPageId rootid 3 tid 106029
target_page_id id: 2 tid 106029
0 1 tid 106029
210 4 tid 106029
365 2 tid 106029
197 tid 106029
Insert  tid 106029
FindTargetPageId rootid 3 tid 106029
target_page_id id: 2 tid 106029
0 1 tid 106029
210 4 tid 106029
365 2 tid 106029
198 tid 106029
Insert  tid 106029
FindTargetPageId rootid 3 tid 106029
target_page_id id: 2 tid 106029
0 1 tid 106029
210 4 tid 106029
365 2 tid 106029
199 tid 106029
Insert  tid 106029
FindTargetPageId rootid 3 tid 106029
target_page_id id: 2 tid 106029
0 1 tid 106029
210 4 tid 106029
365 2 tid 106029
200 tid 106029
Insert  tid 106029
FindTargetPageId rootid 3 tid 106028
target_page_id id: 2 tid 106028
0 1 tid 106028
210 4 tid 106028
365 2 tid 106028
201 tid 106028
Remove  tid 106028
FindTargetPageId rootid 3 tid 106028
target_page_id id: 2 tid 106028
0 1 tid 106028
210 4 tid 106028
365 2 tid 106028
200 tid 106028
Remove  tid 106028
FindTargetPageId rootid 3 tid 106028
target_page_id id: 2 tid 106028
0 1 tid 106028
210 4 tid 106028
365 2 tid 106028
199 tid 106028
Remove  tid 106028
FindTargetPageId rootid 3 tid 106028
target_page_id id: 2 tid 106028
0 1 tid 106028
210 4 tid 106028
365 2 tid 106028
198 tid 106028
Remove  tid 106028
FindTargetPageId rootid 3 tid 106029
target_page_id id: 2 tid 106029
0 1 tid 106029
210 4 tid 106029
365 2 tid 106029
197 tid 106029
Insert  tid 106029
FindTargetPageId rootid 3 tid 106029
target_page_id id: 2 tid 106029
0 1 tid 106029
210 4 tid 106029
365 2 tid 106029
198 tid 106029
Insert  tid 106029
FindTargetPageId rootid 3 tid 106029
target_page_id id: 2 tid 106029
0 1 tid 106029
210 4 tid 106029
365 2 tid 106029
199 tid 106029
Insert  tid 106029
FindTargetPageId rootid 3 tid 106029
target_page_id id: 2 tid 106029
0 1 tid 106029
210 4 tid 106029
365 2 tid 106029
200 tid 106029
FindTargetPageId rootid 3 tid 106028
target_page_id id: 2 tid 106028
0 1 tid 106028
210 4 tid 106028
365 2 tid 106028
201 tid 106028
Remove  tid 106028
FindTargetPageId rootid 3 tid 106028
target_page_id id: 2 tid 106028
0 1 tid 106028
210 4 tid 106028
365 2 tid 106028
200 tid Insert  tid 106028106029
Remove  tid 106028
FindTargetPageId rootid 3 tid 106028
target_page_id id: 2 tid 106028

0 1 tid 106028
210 4 tid 106028
365 2 tid 106028
199 tid 106028
Remove  tid 106028
FindTargetPageId rootid 3 tid 106028
target_page_id id: 2 tid 106028
0 1 tid 106028
210 4 tid 106028
365 2 tid 106028
198 tid 106028
Remove  tid 106028
FindTargetPageId rootid 3 tid 106028
target_page_id id: 2 tid 106028
0 1 tid 106028
210 4 tid 106028
365 2 tid 106028
197 tid 106028
Remove  tid 106028
FindTargetPageId rootid 3 tid 106028
target_page_id id: 2 tid 106028
0 1 tid 106028
210 4 tid 106028
365 2 tid 106028
196 tid 106028
Remove  tid 106028
FindTargetPageId rootid 3 tid 106028
target_page_id id: 2 tid 106028
0 1 tid 106028
210 4 tid 106028
365 2 tid 106028
195 tid 106028
Remove  tid 106028
FindTargetPageId rootid 3 tid 106028
target_page_id id: 2 tid 106028
0 1 tid 106028
210 4 tid 106028
365 2 tid 106028
194 tid 106028
Remove  tid 106028
FindTargetPageId rootid 3 tid 106027
target_page_id id: 2 tid 106027
0 1 tid 106027
210 4 tid 106027
365 2 tid 106027
193 tid 106027
Insert  tid 106027
FindTargetPageId rootid 3 tid 106027
target_page_id id: 2 tid 106027
0 1 tid 106027
210 4 tid 106027
365 2 tid 106027
193 tid 106027
Insert  tid 106027
FindTargetPageId rootid 3 tid 106027
target_page_id id: 2 tid 106027
0 1 tid 106027
210 4 tid 106027
365 2 tid 106027
193 tid 106027
Insert  tid 106027
FindTargetPageId rootid 3 tid 106027
target_page_id id: 2 tid 106027
0 1 tid 106027
210 4 tid 106027
365 2 tid 106027
193 tid 106027
Insert  tid 106027
FindTargetPageId rootid 3 tid 106027
target_page_id id: 2 tid 106027
0 1 tid 106027
210 4 tid 106027
365 2 tid 106027
193 tid 106027
Insert  tid 106027
FindTargetPageId rootid 3 tid 106027
target_page_id id: 2 tid 106027
0 1 tid 106027
210 4 tid 106027
365 2 tid 106027
193 tid 106027
Insert  tid 106027
FindTargetPageId rootid 3 tid 106028
target_page_id id: 2 tid 106028
0 1 tid 106028
210 4 tid 106028
365 2 tid 106028
193 tid 106028
Remove  tid 106028
FindTargetPageId rootid 3 tid 106028
target_page_id id: 2 tid 106028
0 1 tid 106028
210 4 tid 106028
365 2 tid 106028
192 tid 106028
Remove  tid 106028
FindTargetPageId rootid 3 tid 106028
target_page_id id: 2 tid 106028
0 1 tid 106028
210 4 tid 106028
365 2 tid 106028
191 tid 106028
Remove  tid 106028
FindTargetPageId rootid 3 tid 106029
target_page_id id: 2 tid 106029
0 1 tid 106029
210 4 tid 106029
365 2 tid 106029
190 tid 106029
Insert  tid 106029
FindTargetPageId rootid 3 tid 106029
target_page_id id: 2 tid 106029
0 1 tid 106029
210 4 tid 106029
365 2 tid 106029
191 tid 106029
Insert  tid 106029
FindTargetPageId rootid 3 tid 106029
target_page_id id: 2 tid 106029
0 1 tid 106029
210 4 tid 106029
365 2 tid 106029
192 tid 106029
Insert  tid 106029
FindTargetPageId rootid 3 tid 106029
target_page_id id: 2 tid 106029
0 1 tid 106029
210 4 tid 106029
365 2 tid 106029
193 tid 106029
Insert  tid 106029
FindTargetPageId rootid 3 tid 106029
target_page_id id: 2 tid 106029
0 1 tid 106029
210 4 tid 106029
365 2 tid 106029
194 tid 106029
Insert  tid 106029
FindTargetPageId rootid 3 tid 106029
target_page_id id: 2 tid 106029
0 1 tid 106029
210 4 tid 106029
365 2 tid 106029
195 tid 106029
Insert  tid 106029
FindTargetPageId rootid 3 tid 106029
target_page_id id: 2 tid 106029
0 1 tid 106029
210 4 tid 106029
365 2 tid 106029
196 tid 106029
Insert  tid 106029
FindTargetPageId rootid 3 tid 106029
target_page_id id: 2 tid 106029
0 1 tid 106029
210 4 tid 106029
365 2 tid 106029
197 tid 106029
Insert  tid 106029
FindTargetPageId rootid 3 tid 106029
target_page_id id: 2 tid 106029
0 1 tid 106029
210 4 tid 106029
365 2 tid 106029
198 tid 106029
Insert  tid 106029
FindTargetPageId rootid 3 tid 106029
target_page_id id: 2 tid 106029
0 1 tid 106029
210 4 tid 106029
365 2 tid 106029
199 tid 106029
Insert  tid 106029
FindTargetPageId rootid 3 tid 106029
target_page_id id: 2 tid 106029
0 1 tid 106029
210 4 tid 106029
365 2 tid 106029
200 tid 106029
Insert  tid 106029
FindTargetPageId rootid 3 tid 106027
target_page_id id: 2 tid 106027
0 1 tid 106027
210 4 tid 106027
365 2 tid 106027
201 tid 106027
Insert  tid 106027
FindTargetPageId rootid 3 tid 106028
target_page_id id: 2 tid 106028
0 1 tid 106028
210 4 tid 106028
365 2 tid 106028
201 tid 106028
Remove FindTargetPageId rootid  tid 3 tid 106029
106028target_page_id id: 2 tid 106029
0 1 tid 106029
210 4 tid 106029
365 2 tid 106029
200 tid 106029

FindTargetPageId rootid 3 tid 106027
target_page_id id: 2 tid 106027
0 1 tid 106027
210 4 tid 106027
365 2 tid 106027
Insert  tid 106029
201 tid 106027
Insert  tid 106027
FindTargetPageId rootid 3 tid 106028
target_page_id id: 2 tid 106028
0 1 tid 106028
210 4 tid 106028
365 2 tid 106028
201 tid 106028
Remove  tid 106028
FindTargetPageId rootid 3 tid 106029
target_page_id id: 2 tid 106029
0 1 tid 106029
210 4 tid 106029
365 2 tid 106029
200 tid 106029
Insert  tid 106029
FindTargetPageId rootid 3 tid 106027
target_page_id id: 2 tid 106027
0 1 tid 106027
210 4 tid 106027
365 2 tid 106027
201 tid 106027
FindTargetPageId rootid 3 tid 106028
target_page_id id: 2 tid 106028
0 1 tid 106028
210 4 tid 106028
365 2 tid 106028
Insert  tid 106027
201 tid 106028
Remove  tid 106028
FindTargetPageId rootid 3 tid 106029
target_page_id id: 2 tid 106029
0 1 tid 106029
210 4 tid 106029
365 2 tid 106029
200 tid 106029
Insert  tid 106029
FindTargetPageId rootid 3 tid 106029
target_page_id id: 2 tid 106029
0 1 tid 106029
210 4 tid 106029
365 2 tid 106029
201 tid 106029
Insert  tid 106029
FindTargetPageId rootid 3 tid 106029
target_page_id id: 2 tid 106029
0 1 tid 106029
210 4 tid 106029
365 2 tid 106029
202 tid 106029
Insert  tid 106029
FindTargetPageId rootid 3 tid 106027
target_page_id id: 2 tid 106027
0 1 tid 106027
210 4 tid 106027
365 2 tid 106027
203 tid 106027
Insert  tid 106027
FindTargetPageId rootid 3 tid 106028
target_page_id id: 2 tid 106028
0 1 tid 106028
210 4 tid 106028
365 2 tid 106028
203 tid 106028
Remove  tid 106028
FindTargetPageId rootid 3 tid 106028
target_page_id id: 2 tid 106028
0 1 tid 106028
210 4 tid 106028
365 2 tid 106028
202 tid 106028
Remove  tid 106028
FindTargetPageId rootid 3 tid 106027
target_page_id id: 2 tid 106027
0 1 tid 106027
210 4 tid 106027
365 2 tid 106027
201 tid 106027
Insert  tid 106027
FindTargetPageId rootid 3 tid 106029
target_page_id id: 2 tid 106029
0 1 tid 106029
210 4 tid 106029
365 2 tid 106029
201 tid 106029
Insert  tid 106029
FindTargetPageId rootid 3 tid 106029
target_page_id id: 2 tid 106029
0 1 tid 106029
210 4 tid 106029
365 2 tid 106029
202 tid 106029
Insert  tid 106029
FindTargetPageId rootid 3 tid 106027
target_page_id id: 2 tid 106027
0 1 tid 106027
210 4 tid 106027
365 2 tid 106027
203 tid 106027
Insert  tid 106027
FindTargetPageId rootid 3 tid 106028
target_page_id id: 2 tid 106028
0 1 tid 106028
210 4 tid 106028
365 2 tid 106028
203 tid 106028
Remove  tid 106028
FindTargetPageId rootid 3 tid 106028
target_page_id id: 2 tid 106028
0 1 tid 106028
210 4 tid 106028
365 2 tid 106028
202 tid 106028
Remove  tid 106028
FindTargetPageId rootid 3 tid 106028
target_page_id id: 2 tid 106028
0 1 tid 106028
210 4 tid 106028
365 2 tid 106028
201 tid 106028
Remove  tid 106028
FindTargetPageId rootid 3 tid 106028
target_page_id id: 2 tid 106028
0 1 tid 106028
210 4 tid 106028
365 2 tid 106028
200 tid 106028
Remove  tid 106028
FindTargetPageId rootid 3 tid 106028
target_page_id id: 2 tid 106028
0 1 tid 106028
210 4 tid 106028
365 2 tid 106028
199 tid 106028
Remove  tid 106028
FindTargetPageId rootid 3 tid 106027
target_page_id id: 2 tid 106027
0 1 tid 106027
210 4 tid 106027
365 2 tid 106027
198 tid 106027
Insert  tid 106027
FindTargetPageId rootid 3 tid 106029
target_page_id id: 2 tid 106029
0 1 tid 106029
210 4 tid 106029
365 2 tid 106029
198 tid 106029
Insert  tid 106029
FindTargetPageId rootid 3 tid 106028
target_page_id id: 2 tid 106028
0 1 tid 106028
210 4 tid 106028
365 2 tid 106028
199 tid 106028
Remove  tid 106028
FindTargetPageId rootid 3 tid 106027
target_page_id id: 2 tid 106027
0 1 tid 106027
210 4 tid 106027
365 2 tid 106027
198 tid 106027
Insert  tid 106027
FindTargetPageId rootid 3 tid 106029
target_page_id id: 2 tid 106029
0 1 tid 106029
210 4 tid 106029
365 2 tid 106029
198 tid 106029
Insert  tid 106029
FindTargetPageId rootid 3 tid 106028
target_page_id id: 2 tid 106028
0 1 tid 106028
210 4 tid 106028
365 2 tid 106028
199 tid 106028
Remove  tid 106028
FindTargetPageId rootid 3 tid 106027
target_page_id id: 2 tid 106027
0 1 tid 106027
210 4 tid 106027
365 2 tid 106027
198 tid 106027
Insert  tid 106027
FindTargetPageId rootid 3 tid 106029
target_page_id id: 2 tid 106029
0 1 tid 106029
210 4 tid 106029
365 2 tid 106029
198 tid 106029
Insert  tid 106029
FindTargetPageId rootid 3 tid 106028
target_page_id id: 2 tid 106028
0 1 tid 106028
210 4 tid 106028
365 2 tid 106028
199 tid 106028
Remove  tid 106028
FindTargetPageId rootid 3 tid 106027
target_page_id id: 2 tid 106027
0 1 tid 106027
210 4 tid 106027
365 2 tid 106027
198 tid 106027
Insert  tid 106027
FindTargetPageId rootid 3 tid 106029
target_page_id id: 2 tid 106029
0 1 tid 106029
210 4 tid 106029
365 2 tid 106029
198 tid 106029
Insert  tid 106029
FindTargetPageId rootid 3 tid 106028
target_page_id id: 2 tid 106028
0 1 tid 106028
210 4 tid 106028
365 2 tid 106028
199 tid 106028
Remove  tid 106028
FindTargetPageId rootid 3 tid 106027
target_page_id id: 2 tid 106027
0 1 tid 106027
210 4 tid 106027
365 2 tid 106027
198 tid 106027
Insert  tid 106027
FindTargetPageId rootid 3 tid 106029
target_page_id id: 2 tid 106029
0 1 tid 106029
210 4 tid 106029
365 2 tid 106029
198 tid 106029
Insert  tid 106029
FindTargetPageId rootid 3 tid 106028
target_page_id id: 2 tid 106028
0 1 tid 106028
210 4 tid 106028
365 2 tid 106028
199 tid 106028
Remove  tid 106028
FindTargetPageId rootid 3 tid 106028
target_page_id id: 2 tid 106028
0 1 tid 106028
210 4 tid 106028
365 2 tid 106028
198 tid 106028
Remove  tid 106028
FindTargetPageId rootid 3 tid 106028
target_page_id id: 2 tid 106028
0 1 tid 106028
210 4 tid 106028
365 2 tid 106028
197 tid 106028
Remove  tid 106028
FindTargetPageId rootid 3 tid 106028
target_page_id id: 2 tid 106028
0 1 tid 106028
210 4 tid 106028
365 2 tid 106028
196 tid 106028
Remove  tid 106028
FindTargetPageId rootid 3 tid 106028
target_page_id id: 2 tid 106028
0 1 tid 106028
210 4 tid 106028
365 2 tid 106028
195 tid 106028
Remove  tid 106028
FindTargetPageId rootid 3 tid 106028
target_page_id id: 2 tid 106028
0 1 tid 106028
210 4 tid 106028
365 2 tid 106028
194 tid 106028
Remove  tid 106028
FindTargetPageId rootid 3 tid 106027
target_page_id id: 2 tid 106027
0 1 tid 106027
210 4 tid 106027
365 2 tid 106027
193 tid 106027
Insert  tid 106027
FindTargetPageId rootid 3 tid 106027
target_page_id id: 2 tid 106027
0 1 tid 106027
210 4 tid 106027
365 2 tid 106027
193 tid 106027
Insert  tid 106027
FindTargetPageId rootid 3 tid 106027
target_page_id id: 2 tid 106027
0 1 tid 106027
210 4 tid 106027
365 2 tid 106027
193 tid 106027
Insert  tid 106027
FindTargetPageId rootid 3 tid 106028
target_page_id id: 2 tid 106028
0 1 tid 106028
210 4 tid 106028
365 2 tid 106028
193 tid 106028
Remove  tid 106028
FindTargetPageId rootid 3 tid 106029
target_page_id id: 2 tid 106029
0 1 tid 106029
210 4 tid 106029
365 2 tid 106029
192 tid 106029
Insert  tid 106029
FindTargetPageId rootid 3 tid 106029
target_page_id id: 2 tid 106029
0 1 tid 106029
210 4 tid 106029
365 2 tid 106029
193 tid 106029
Insert  tid 106029
FindTargetPageId rootid 3 tid 106027
target_page_id id: 2 tid 106027
0 1 tid 106027
210 4 tid 106027
365 2 tid 106027
194 tid 106027
Insert  tid 106027
FindTargetPageId rootid 3 tid 106027
target_page_id id: 2 tid 106027
0 1 tid 106027
210 4 tid 106027
365 2 tid 106027
194 tid 106027
Insert  tid 106027
FindTargetPageId rootid 3 tid 106027
target_page_id id: 2 tid 106027
0 1 tid 106027
210 4 tid 106027
365 2 tid 106027
194 tid 106027
Insert  tid 106027
FindTargetPageId rootid 3 tid 106027
target_page_id id: 2 tid 106027
0 1 tid 106027
210 4 tid 106027
365 2 tid 106027
194 tid 106027
Insert  tid 106027
FindTargetPageId rootid 3 tid 106027
target_page_id id: 2 tid 106027
0 1 tid 106027
210 4 tid 106027
365 2 tid 106027
194 tid 106027
Insert  tid 106027
FindTargetPageId rootid 3 tid 106029
target_page_id id: 2 tid 106029
0 1 tid 106029
210 4 tid 106029
365 2 tid 106029
194 tid 106029
Insert  tid 106029
FindTargetPageId rootid 3 tid 106028
target_page_id id: 2 tid 106028
0 1 tid 106028
210 4 tid 106028
365 2 tid 106028
195 tid 106028
FindTargetPageId rootid 3 tid 106027
target_page_id id: 2 tid 106027
0 1 tid 106027
210 4 tid 106027
365 2 tid 106027
194 tid 106027
Insert Remove  tid 106028 tid 
106027
FindTargetPageId rootid 3 tid 106029
target_page_id id: 2 tid 106029
0 1 tid 106029
210 4 tid 106029
365 2 tid 106029
194 tid 106029
Insert  tid 106029
FindTargetPageId rootid 3 tid 106028
target_page_id id: 2 tid 106028
0 1 tid 106028
210 4 tid 106028
365 2 tid 106028
195 tid 106028
Remove  tid 106028
FindTargetPageId rootid 3 tid 106028
target_page_id id: 2 tid 106028
0 1 tid 106028
210 4 tid 106028
365 2 tid 106028
194 tid 106028
Remove  tid 106028
FindTargetPageId rootid 3 tid 106029
target_page_id id: 2 tid 106029
0 1 tid 106029
210 4 tid 106029
365 2 tid 106029
193 tid 106029
Insert  tid 106029
FindTargetPageId rootid 3 tid 106027
target_page_id id: 2 tid 106027
0 1 tid 106027
210 4 tid 106027
365 2 tid 106027
194 tid 106027
Insert  tid 106027
FindTargetPageId rootid 3 tid 106028
target_page_id id: 2 tid 106028
0 1 tid 106028
210 4 tid 106028
365 2 tid 106028
194 tid 106028
Remove  tid 106028
FindTargetPageId rootid 3 tid 106029
target_page_id id: 2 tid 106029
0 1 tid 106029
210 4 tid 106029
365 2 tid 106029
193 tid 106029
Insert  tid 106029
FindTargetPageId rootid 3 tid 106027
target_page_id id: 2 tid 106027
0 1 tid 106027
210 4 tid 106027
365 2 tid 106027
194 tid 106027
Insert  tid 106027
FindTargetPageId rootid 3 tid 106027
target_page_id id: 2 tid 106027
0 1 tid 106027
210 4 tid 106027
365 2 tid 106027
194 tid 106027
Insert  tid 106027
FindTargetPageId rootid 3 tid 106027
target_page_id id: 2 tid 106027
0 1 tid 106027
210 4 tid 106027
365 2 tid 106027
194 tid 106027
Insert  tid 106027
FindTargetPageId rootid 3 tid 106027
target_page_id id: 2 tid 106027
0 1 tid 106027
210 4 tid 106027
365 2 tid 106027
194 tid 106027
Insert  tid 106027
FindTargetPageId rootid 3 tid 106027
target_page_id id: 2 tid 106027
0 1 tid 106027
210 4 tid 106027
365 2 tid 106027
194 tid 106027
Insert  tid 106027
FindTargetPageId rootid 3 tid 106027
target_page_id id: 2 tid 106027
0 1 tid 106027
210 4 tid 106027
365 2 tid 106027
194 tid 106027
Insert  tid 106027
FindTargetPageId rootid 3 tid 106027
target_page_id id: 2 tid 106027
0 1 tid 106027
210 4 tid 106027
365 2 tid 106027
194 tid 106027
Insert  tid 106027
FindTargetPageId rootid 3 tid 106027
target_page_id id: 2 tid 106027
0 1 tid 106027
210 4 tid 106027
365 2 tid 106027
194 tid 106027
Insert  tid 106027
FindTargetPageId rootid 3 tid 106029
target_page_id id: 2 tid 106029
0 1 tid 106029
210 4 tid 106029
365 2 tid 106029
194 tid 106029
Insert  tid 106029
FindTargetPageId rootid 3 tid 106028
target_page_id id: 2 tid 106028
0 1 tid 106028
210 4 tid 106028
365 2 tid 106028
195 tid 106028
Remove  tid 106028
FindTargetPageId rootid 3 tid 106027
target_page_id id: 2 tid 106027
0 1 tid 106027
210 4 tid 106027
365 2 tid 106027
194 tid 106027
Insert  tid 106027
FindTargetPageId rootid 3 tid 106029
target_page_id id: 2 tid 106029
0 1 tid 106029
210 4 tid 106029
365 2 tid 106029
194 tid 106029
Insert  tid 106029
FindTargetPageId rootid 3 tid 106028
target_page_id id: 2 tid 106028
0 1 tid 106028
210 4 tid 106028
365 2 tid 106028
195 tid 106028
Remove  tid 106028
FindTargetPageId rootid 3 tid 106027
target_page_id id: 2 tid 106027
0 1 tid 106027
210 4 tid 106027
365 2 tid 106027
194 tid 106027
Insert  tid 106027
FindTargetPageId rootid 3 tid 106029
target_page_id id: 2 tid 106029
0 1 tid 106029
210 4 tid 106029
365 2 tid 106029
194 tid 106029
Insert  tid 106029
FindTargetPageId rootid 3 tid 106028
target_page_id id: 2 tid 106028
0 1 tid 106028
210 4 tid 106028
365 2 tid 106028
195 tid 106028
Remove  tid 106028
FindTargetPageId rootid 3 tid 106027
target_page_id id: 2 tid 106027
0 1 tid 106027
210 4 tid 106027
365 2 tid 106027
194 tid 106027
Insert  tid 106027
FindTargetPageId rootid 3 tid 106029
target_page_id id: 2 tid 106029
0 1 tid 106029
210 4 tid 106029
365 2 tid 106029
194 tid 106029
Insert  tid 106029
FindTargetPageId rootid 3 tid 106028
target_page_id id: 2 tid 106028
0 1 tid 106028
210 4 tid 106028
365 2 tid 106028
195 tid 106028
Remove  tid 106028
FindTargetPageId rootid 3 tid 106027
target_page_id id: 2 tid 106027
0 1 tid 106027
210 4 tid 106027
365 2 tid 106027
194 tid 106027
Insert  tid 106027
FindTargetPageId rootid 3 tid 106029
target_page_id id: 2 tid 106029
0 1 tid 106029
210 4 tid 106029
365 2 tid 106029
194 tid 106029
Insert  tid 106029
FindTargetPageId rootid 3 tid 106029
target_page_id id: 2 tid 106029
0 1 tid 106029
210 4 tid 106029
365 2 tid 106029
195 tid 106029
Insert  tid 106029
FindTargetPageId rootid 3 tid 106029
target_page_id id: 2 tid 106029
0 1 tid 106029
210 4 tid 106029
365 2 tid 106029
196 tid 106029
Insert  tid 106029
FindTargetPageId rootid 3 tid 106029
target_page_id id: 2 tid 106029
0 1 tid 106029
210 4 tid 106029
365 2 tid 106029
197 tid 106029
Insert  tid 106029
FindTargetPageId rootid 3 tid 106029
target_page_id id: 2 tid 106029
0 1 tid 106029
210 4 tid 106029
365 2 tid 106029
198 tid 106029
Insert  tid 106029
FindTargetPageId rootid 3 tid 106028
target_page_id id: 2 tid 106028
0 1 tid 106028
210 4 tid 106028
365 2 tid 106028
199 tid 106028
Remove  tid 106028
FindTargetPageId rootid 3 tid 106027
target_page_id id: 2 tid 106027
0 1 tid 106027
210 4 tid 106027
365 2 tid 106027
198 tid 106027
Insert  tid 106027
FindTargetPageId rootid 3 tid 106029
target_page_id id: 2 tid 106029
0 1 tid 106029
210 4 tid 106029
365 2 tid 106029
198 tid 106029
Insert  tid 106029
FindTargetPageId rootid 3 tid 106029
target_page_id id: 2 tid 106029
0 1 tid 106029
210 4 tid 106029
365 2 tid 106029
199 tid 106029
Insert  tid 106029
FindTargetPageId rootid 3 tid 106029
target_page_id id: 2 tid 106029
0 1 tid 106029
210 4 tid 106029
365 2 tid 106029
200 tid 106029
Insert  tid 106029
FindTargetPageId rootid 3 tid 106029
target_page_id id: 2 tid 106029
0 1 tid 106029
210 4 tid 106029
365 2 tid 106029
201 tid 106029
Insert  tid 106029
FindTargetPageId rootid 3 tid 106027
target_page_id id: 2 tid 106027
0 1 tid 106027
210 4 tid 106027
365 2 tid 106027
202 tid 106027
Insert  tid 106027
FindTargetPageId rootid 3 tid 106028
target_page_id id: 2 tid 106028
0 1 tid 106028
210 4 tid 106028
365 2 tid 106028
202 tid 106028
Remove  tid 106028
FindTargetPageId rootid 3 tid 106028
target_page_id id: 2 tid 106028
0 1 tid 106028
210 4 tid 106028
365 2 tid 106028
201 tid 106028
Remove  tid 106028
FindTargetPageId rootid 3 tid 106027
target_page_id id: 2 tid 106027
0 1 tid 106027
210 4 tid 106027
365 2 tid 106027
200 tid 106027
Insert  tid 106027
FindTargetPageId rootid 3 tid 106027
target_page_id id: 2 tid 106027
0 1 tid 106027
210 4 tid 106027
365 2 tid 106027
200 tid 106027
Insert  tid 106027
FindTargetPageId rootid 3 tid 106028
target_page_id id: 2 tid 106028
0 1 tid 106028
210 4 tid 106028
365 2 tid 106028
200 tid 106028
Remove  tid 106028
FindTargetPageId rootid 3 tid 106029
target_page_id id: 2 tid 106029
0 1 tid 106029
210 4 tid 106029
365 2 tid 106029
199 tid 106029
Insert  tid 106029
FindTargetPageId rootid 3 tid 106029
target_page_id id: 2 tid 106029
0 1 tid 106029
210 4 tid 106029
365 2 tid 106029
200 tid 106029
Insert  tid 106029
FindTargetPageId rootid 3 tid 106028
target_page_id id: 2 tid 106028
0 1 tid 106028
210 4 tid 106028
365 2 tid 106028
201 tid 106028
Remove  tid 106028
FindTargetPageId rootid 3 tid 106027
target_page_id id: 2 tid 106027
0 1 tid 106027
210 4 tid 106027
365 2 tid 106027
200 tid 106027
Insert  tid 106027
FindTargetPageId rootid 3 tid 106029
target_page_id id: 2 tid 106029
0 1 tid 106029
210 4 tid 106029
365 2 tid 106029
200 tid 106029
Insert  tid 106029
FindTargetPageId rootid 3 tid 106029
target_page_id id: 2 tid 106029
0 1 tid 106029
210 4 tid 106029
365 2 tid 106029
201 tid 106029
Insert  tid 106029
FindTargetPageId rootid 3 tid 106029
target_page_id id: 2 tid 106029
0 1 tid 106029
210 4 tid 106029
365 2 tid 106029
202 tid 106029
Insert  tid 106029
FindTargetPageId rootid 3 tid 106028
target_page_id id: 2 tid 106028
0 1 tid 106028
210 4 tid 106028
365 2 tid 106028
203 tid 106028
Remove  tid 106028
FindTargetPageId rootid 3 tid 106027
target_page_id id: 2 tid 106027
0 1 tid 106027
210 4 tid 106027
365 2 tid 106027
202 tid 106027
Insert  tid 106027FindTargetPageId rootid 
3 tid 106029
target_page_id id: 2 tid 106029
0 1 tid 106029
210 4 tid 106029
365 2 tid 106029
202 tid 106029
Insert  tid 106029
FindTargetPageId rootid 3 tid 106028
target_page_id id: 2 tid 106028
0 1 tid 106028
210 4 tid 106028
365 2 tid 106028
203 tid 106028
Remove  tid 106028
FindTargetPageId rootid 3 tid 106027
target_page_id id: 2 tid 106027
0 1 tid 106027
210 4 tid 106027
365 2 tid 106027
202 tid 106027
Insert  tid 106027
FindTargetPageId rootid 3 tid 106029
target_page_id id: 2 tid 106029
0 1 tid 106029
210 4 tid 106029
365 2 tid 106029
202 tid 106029
Insert  tid 106029
FindTargetPageId rootid 3 tid 106028
target_page_id id: 2 tid 106028
0 1 tid 106028
210 4 tid 106028
365 2 tid 106028
203 tid 106028
Remove  tid 106028
FindTargetPageId rootid 3 tid 106027
target_page_id id: 2 tid 106027
0 1 tid 106027
210 4 tid 106027
365 2 tid 106027
202 tid 106027
Insert  tid 106027
FindTargetPageId rootid 3 tid 106029
target_page_id id: 2 tid 106029
0 1 tid 106029
210 4 tid 106029
365 2 tid 106029
202 tid 106029
Insert  tid 106029
FindTargetPageId rootid 3 tid 106028
target_page_id id: 2 tid 106028
0 1 tid 106028
210 4 tid 106028
365 2 tid 106028
203 tid 106028
Remove  tid 106028
FindTargetPageId rootid 3 tid 106027
target_page_id id: 2 tid 106027
0 1 tid 106027
210 4 tid 106027
365 2 tid 106027
202 tid 106027
Insert  tid 106027
FindTargetPageId rootid 3 tid 106029
target_page_id id: 2 tid 106029
0 1 tid 106029
210 4 tid 106029
365 2 tid 106029
202 tid 106029
FindTargetPageId rootid 3 tid 106028
target_page_id id: 2 tid 106028
0 1 tid 106028
210 4 tid 106028
365 2 tid 106028
Insert 203 tid  tid 106028
106029
FindTargetPageId rootid 3 tid 106027
target_page_id id: 2 tid 106027
0 1 tid 106027
210 4 tid 106027
365 2 tid 106027
202 tid 106027
Remove  tid 106028
Insert  tid 106027
FindTargetPageId rootid 3 tid 106029
target_page_id id: 2 tid 106029
0 1 tid 106029
210 4 tid 106029
365 2 tid 106029
202 tid 106029
Insert  tid 106029
FindTargetPageId rootid 3 tid 106028
target_page_id id: 2 tid 106028
0 1 tid 106028
210 4 tid 106028
365 2 tid 106028
203 tid 106028
Remove  tid 106028
FindTargetPageId rootid 3 tid 106027
target_page_id id: 2 tid 106027
0 1 tid 106027
210 4 tid 106027
365 2 tid 106027
202 tid 106027
FindTargetPageId rootid 3 tid 106028
target_page_id id: 2 tid 106028
0 1 tid 106028
210 4 tid 106028
365 2 tid 106028
Insert  tid 106027
202 tid 106028
Remove  tid 106028
FindTargetPageId rootid 3 tid 106028
target_page_id id: 2 tid 106028
0 1 tid 106028
210 4 tid 106028
365 2 tid 106028
201 tid 106028
Remove  tid 106028
FindTargetPageId rootid 3 tid 106027
target_page_id id: 2 tid 106027
0 1 tid 106027
210 4 tid 106027
365 2 tid 106027
200 tid 106027
Insert  tid 106027
FindTargetPageId rootid 3 tid 106027
target_page_id id: 2 tid 106027
0 1 tid 106027
210 4 tid 106027
365 2 tid 106027
200 tid 106027
Insert  tid 106027
FindTargetPageId rootid 3 tid 106028
target_page_id id: 2 tid 106028
0 1 tid 106028
210 4 tid 106028
365 2 tid 106028
200 tid 106028
Remove  tid 106028
FindTargetPageId rootid 3 tid 106029
target_page_id id: 2 tid 106029
0 1 tid 106029
210 4 tid 106029
365 2 tid 106029
199 tid 106029
Insert  tid 106029
FindTargetPageId rootid 3 tid 106027
target_page_id id: 2 tid 106027
0 1 tid 106027
210 4 tid 106027
365 2 tid 106027
200 tid 106027
Insert  tid 106027
FindTargetPageId rootid 3 tid 106028
target_page_id id: 2 tid 106028
0 1 tid 106028
210 4 tid 106028
365 2 tid 106028
200 tid 106028
Remove  tid 106028
FindTargetPageId rootid 3 tid 106028
target_page_id id: 2 tid 106028
0 1 tid 106028
210 4 tid 106028
365 2 tid 106028
199 tid 106028
Remove  tid 106028
FindTargetPageId rootid 3 tid 106028
target_page_id id: 2 tid 106028
0 1 tid 106028
210 4 tid 106028
365 2 tid 106028
198 tid 106028
Remove  tid 106028
FindTargetPageId rootid 3 tid 106028
target_page_id id: 2 tid 106028
0 1 tid 106028
210 4 tid 106028
365 2 tid 106028
197 tid 106028
Remove  tid 106028
FindTargetPageId rootid 3 tid 106028
target_page_id id: 2 tid 106028
0 1 tid 106028
210 4 tid 106028
365 2 tid 106028
196 tid 106028
Remove  tid 106028
FindTargetPageId rootid 3 tid 106028
target_page_id id: 2 tid 106028
0 1 tid 106028
210 4 tid 106028
365 2 tid 106028
195 tid 106028
Remove  tid 106028
FindTargetPageId rootid 3 tid 106027
target_page_id id: 2 tid 106027
0 1 tid 106027
210 4 tid 106027
365 2 tid 106027
194 tid 106027
Insert  tid 106027
FindTargetPageId rootid 3 tid 106027
target_page_id id: 2 tid 106027
0 1 tid 106027
210 4 tid 106027
365 2 tid 106027
194 tid 106027
Insert  tid 106027
FindTargetPageId rootid 3 tid 106028
target_page_id id: 2 tid 106028
0 1 tid 106028
210 4 tid 106028
365 2 tid 106028
194 tid 106028
Remove  tid 106028
FindTargetPageId rootid 3 tid 106029
target_page_id id: 2 tid 106029
0 1 tid 106029
210 4 tid 106029
365 2 tid 106029
193 tid 106029
Insert  tid 106029
FindTargetPageId rootid 3 tid 106027
target_page_id id: 2 tid 106027
0 1 tid 106027
210 4 tid 106027
365 2 tid 106027
194 tid 106027
Insert  tid 106027
FindTargetPageId rootid 3 tid 106028
target_page_id id: 2 tid 106028
0 1 tid 106028
210 4 tid 106028
365 2 tid 106028
194 tid 106028
Remove  tid 106028
FindTargetPageId rootid 3 tid 106028
target_page_id id: 2 tid 106028
0 1 tid 106028
210 4 tid 106028
365 2 tid 106028
193 tid 106028
Remove  tid 106028
FindTargetPageId rootid 3 tid 106028
target_page_id id: 2 tid 106028
0 1 tid 106028
210 4 tid 106028
365 2 tid 106028
192 tid 106028
Remove  tid 106028
FindTargetPageId rootid 3 tid 106028
target_page_id id: 2 tid 106028
0 1 tid 106028
210 4 tid 106028
365 2 tid 106028
191 tid 106028
Remove  tid 106028
FindTargetPageId rootid 3 tid 106029
target_page_id id: 2 tid 106029
0 1 tid 106029
210 4 tid 106029
365 2 tid 106029
190 tid 106029
Insert  tid 106029
FindTargetPageId rootid 3 tid 106029
target_page_id id: 2 tid 106029
0 1 tid 106029
210 4 tid 106029
365 2 tid 106029
191 tid 106029
Insert  tid 106029
FindTargetPageId rootid 3 tid 106029
target_page_id id: 2 tid 106029
0 1 tid 106029
210 4 tid 106029
365 2 tid 106029
192 tid 106029
Insert  tid 106029
FindTargetPageId rootid 3 tid 106029
target_page_id id: 2 tid 106029
0 1 tid 106029
210 4 tid 106029
365 2 tid 106029
193 tid 106029
Insert  tid 106029
FindTargetPageId rootid 3 tid 106029
target_page_id id: 2 tid 106029
0 1 tid 106029
210 4 tid 106029
365 2 tid 106029
194 tid 106029
Insert  tid 106029
FindTargetPageId rootid 3 tid 106027
target_page_id id: 2 tid 106027
0 1 tid 106027
210 4 tid 106027
365 2 tid 106027
195 tid 106027
Insert  tid 106027
FindTargetPageId rootid 3 tid 106028
target_page_id id: 2 tid 106028
0 1 tid 106028
210 4 tid 106028
365 2 tid 106028
195 tid 106028
Remove  tid 106028
FindTargetPageId rootid 3 tid 106029
target_page_id id: 2 tid 106029
0 1 tid 106029
210 4 tid 106029
365 2 tid 106029
194 tid 106029
Insert  tid 106029
FindTargetPageId rootid 3 tid 106027
target_page_id id: 2 tid 106027
0 1 tid 106027
210 4 tid 106027
365 2 tid 106027
195 tid 106027
Insert  tid 106027
FindTargetPageId rootid 3 tid 106028
target_page_id id: 2 tid 106028
0 1 tid 106028
210 4 tid 106028
365 2 tid 106028
195 tid 106028
Remove  tid 106028
FindTargetPageId rootid 3 tid 106029
target_page_id id: 2 tid 106029
0 1 tid 106029
210 4 tid 106029
365 2 tid 106029
194 tid 106029
Insert  tid 106029
FindTargetPageId rootid 3 tid 106027
target_page_id id: 2 tid 106027
0 1 tid 106027
210 4 tid 106027
365 2 tid 106027
195 tid 106027
Insert  tid 106027
FindTargetPageId rootid 3 tid 106028
target_page_id id: 2 tid 106028
0 1 tid 106028
210 4 tid 106028
365 2 tid 106028
195 tid 106028
Remove  tid 106028
FindTargetPageId rootid 3 tid 106029
target_page_id id: 2 tid 106029
0 1 tid 106029
210 4 tid 106029
365 2 tid 106029
194 tid 106029
Insert  tid 106029
FindTargetPageId rootid 3 tid 106027
target_page_id id: 2 tid 106027
0 1 tid 106027
210 4 tid 106027
365 2 tid 106027
195 tid 106027
Insert  tid 106027
FindTargetPageId rootid 3 tid 106027
target_page_id id: 2 tid 106027
0 1 tid 106027
210 4 tid 106027
365 2 tid 106027
195 tid 106027
Insert  tid 106027
FindTargetPageId rootid 3 tid 106029
target_page_id id: 2 tid 106029
0 1 tid 106029
210 4 tid 106029
365 2 tid 106029
195 tid 106029
Insert  tid 106029
FindTargetPageId rootid 3 tid 106028
target_page_id id: 2 tid 106028
0 1 tid 106028
210 4 tid 106028
365 2 tid 106028
196 tid 106028
Remove  tid 106028
FindTargetPageId rootid 3 tid 106027
target_page_id id: 2 tid 106027
0 1 tid 106027
210 4 tid 106027
365 2 tid 106027
195 tid 106027
Insert  tid 106027
FindTargetPageId rootid 3 tid 106029
target_page_id id: 2 tid 106029
0 1 tid 106029
210 4 tid 106029
365 2 tid 106029
195 tid 106029
Insert  tid 106029
FindTargetPageId rootid 3 tid 106028
target_page_id id: 2 tid 106028
0 1 tid 106028
210 4 tid 106028
365 2 tid 106028
196 tid 106028
Remove  tid 106028
FindTargetPageId rootid 3 tid 106027
target_page_id id: 2 tid 106027
0 1 tid 106027
210 4 tid 106027
365 2 tid 106027
195 tid 106027
Insert  tid 106027
FindTargetPageId rootid 3 tid 106029
target_page_id id: 2 tid 106029
0 1 tid 106029
210 4 tid 106029
365 2 tid 106029
195 tid 106029
Insert  tid 106029
FindTargetPageId rootid 3 tid 106028
target_page_id id: 2 tid 106028
0 1 tid 106028
210 4 tid 106028
365 2 tid 106028
196 tid 106028
Remove  tid 106028
FindTargetPageId rootid 3 tid 106027
target_page_id id: 2 tid 106027
0 1 tid 106027
210 4 tid 106027
365 2 tid 106027
195 tid 106027
Insert  tid 106027
FindTargetPageId rootid 3 tid 106027
target_page_id id: 2 tid 106027
0 1 tid 106027
210 4 tid 106027
365 2 tid 106027
195 tid 106027
Insert  tid 106027
FindTargetPageId rootid 3 tid 106027
target_page_id id: 2 tid 106027
0 1 tid 106027
210 4 tid 106027
365 2 tid 106027
195 tid 106027
Insert  tid 106027
FindTargetPageId rootid 3 tid 106029
target_page_id id: 2 tid 106029
0 1 tid 106029
210 4 tid 106029
365 2 tid 106029
195 tid 106029
Insert  tid 106029
FindTargetPageId rootid 3 tid 106029
target_page_id id: 2 tid 106029
0 1 tid 106029
210 4 tid 106029
365 2 tid 106029
196 tid 106029
Insert  tid 106029
FindTargetPageId rootid 3 tid 106029
target_page_id id: 2 tid 106029
0 1 tid 106029
210 4 tid 106029
365 2 tid 106029
197 tid 106029
Insert  tid 106029
FindTargetPageId rootid 3 tid 106028
target_page_id id: 2 tid 106028
0 1 tid 106028
210 4 tid 106028
365 2 tid 106028
198 tid 106028
Remove  tid 106028
FindTargetPageId rootid 3 tid 106027
target_page_id id: 2 tid 106027
0 1 tid 106027
210 4 tid 106027
365 2 tid 106027
197 tid 106027
Insert  tid 106027
FindTargetPageId rootid 3 tid 106029
target_page_id id: 2 tid 106029
0 1 tid 106029
210 4 tid 106029
365 2 tid 106029
197 tid 106029
Insert  tid 106029
FindTargetPageId rootid 3 tid 106028
target_page_id id: 2 tid 106028
0 1 tid 106028
210 4 tid 106028
365 2 tid 106028
198 tid 106028
Remove  tid 106028
FindTargetPageId rootid 3 tid 106027
target_page_id id: 2 tid 106027
0 1 tid 106027
210 4 tid 106027
365 2 tid 106027
197 tid 106027
Insert  tid 106027
FindTargetPageId rootid 3 tid 106029
target_page_id id: 2 tid 106029
0 1 tid 106029
210 4 tid 106029
365 2 tid 106029
197 tid 106029
Insert  tid 106029
FindTargetPageId rootid 3 tid 106028
target_page_id id: 2 tid 106028
0 1 tid 106028
210 4 tid 106028
365 2 tid 106028
198 tid 106028
Remove  tid 106028
FindTargetPageId rootid 3 tid 106027
target_page_id id: 2 tid 106027
0 1 tid 106027
210 4 tid 106027
365 2 tid 106027
197 tid 106027
Insert  tid 106027
FindTargetPageId rootid 3 tid 106029
target_page_id id: 2 tid 106029
0 1 tid 106029
210 4 tid 106029
365 2 tid 106029
197 tid 106029
Insert  tid 106029
FindTargetPageId rootid 3 tid 106029
target_page_id id: 2 tid 106029
0 1 tid 106029
210 4 tid 106029
365 2 tid 106029
198 tid 106029
Insert  tid 106029
FindTargetPageId rootid 3 tid 106027
target_page_id id: 2 tid 106027
0 1 tid 106027
210 4 tid 106027
365 2 tid 106027
199 tid 106027
Insert  tid 106027
FindTargetPageId rootid 3 tid 106028
target_page_id id: 2 tid 106028
0 1 tid 106028
210 4 tid 106028
365 2 tid 106028
199 tid 106028
Remove  tid 106028
FindTargetPageId rootid 3 tid 106029
target_page_id id: 2 tid 106029
0 1 tid 106029
210 4 tid 106029
365 2 tid 106029
198 tid 106029
Insert  tid 106029
FindTargetPageId rootid 3 tid 106027
target_page_id id: 2 tid 106027
0 1 tid 106027
210 4 tid 106027
365 2 tid 106027
199 tid 106027
Insert  tid 106027
FindTargetPageId rootid 3 tid 106028
target_page_id id: 2 tid 106028
0 1 tid 106028
210 4 tid 106028
365 2 tid 106028
199 tid 106028
Remove  tid 106028
FindTargetPageId rootid 3 tid 106029
target_page_id id: 2 tid 106029
0 1 tid 106029
210 4 tid 106029
365 2 tid 106029
198 tid 106029
Insert  tid 106029
FindTargetPageId rootid 3 tid 106027
target_page_id id: 2 tid 106027
0 1 tid 106027
210 4 tid 106027
365 2 tid 106027
199 tid 106027
Insert  tid 106027
FindTargetPageId rootid 3 tid 106028
target_page_id id: 2 tid 106028
0 1 tid 106028
210 4 tid 106028
365 2 tid 106028
199 tid 106028
Remove  tid 106028
FindTargetPageId rootid 3 tid 106029
target_page_id id: 2 tid 106029
0 1 tid 106029
210 4 tid 106029
365 2 tid 106029
198 tid 106029
Insert  tid 106029
FindTargetPageId rootid 3 tid 106027
target_page_id id: 2 tid 106027
0 1 tid 106027
210 4 tid 106027
365 2 tid 106027
199 tid 106027
Insert  tid 106027
FindTargetPageId rootid 3 tid 106028
target_page_id id: 2 tid 106028
0 1 tid 106028
210 4 tid 106028
365 2 tid 106028
199 tid 106028
Remove  tid 106028
FindTargetPageId rootid 3 tid 106029
target_page_id id: 2 tid 106029
0 1 tid 106029
210 4 tid 106029
365 2 tid 106029
198 tid 106029
Insert  tid 106029
FindTargetPageId rootid 3 tid 106029
target_page_id id: 2 tid 106029
0 1 tid 106029
210 4 tid 106029
365 2 tid 106029
199 tid 106029
Insert  tid 106029
FindTargetPageId rootid 3 tid 106028
target_page_id id: 2 tid 106028
0 1 tid 106028
210 4 tid 106028
365 2 tid 106028
200 tid 106028
Remove  tid 106028
FindTargetPageId rootid 3 tid 106027
target_page_id id: 2 tid 106027
0 1 tid 106027
210 4 tid 106027
365 2 tid 106027
199 tid 106027
Insert  tid 106027
FindTargetPageId rootid 3 tid 106027
target_page_id id: 2 tid 106027
0 1 tid 106027
210 4 tid 106027
365 2 tid 106027
199 tid 106027
Insert  tid 106027
FindTargetPageId rootid 3 tid 106028
target_page_id id: 2 tid 106028
0 1 tid 106028
210 4 tid 106028
365 2 tid 106028
199 tid 106028
Remove  tid 106028
FindTargetPageId rootid 3 tid 106029
target_page_id id: 2 tid 106029
0 1 tid 106029
210 4 tid 106029
365 2 tid 106029
198 tid 106029
Insert  tid 106029
FindTargetPageId rootid 3 tid 106027
target_page_id id: 2 tid 106027
0 1 tid 106027
210 4 tid 106027
365 2 tid 106027
199 tid 106027
Insert  tid 106027
FindTargetPageId rootid 3 tid 106028
target_page_id id: 2 tid 106028
0 1 tid 106028
210 4 tid 106028
365 2 tid 106028
199 tid 106028
Remove  tid 106028
FindTargetPageId rootid 3 tid 106027
target_page_id id: 2 tid 106027
0 1 tid 106027
210 4 tid 106027
365 2 tid 106027
198 tid 106027
Insert  tid 106027
FindTargetPageId rootid 3 tid 106028
target_page_id id: 2 tid 106028
0 1 tid 106028
210 4 tid 106028
365 2 tid 106028
198 tid 106028
Remove  tid 106028
FindTargetPageId rootid 3 tid 106028
target_page_id id: 2 tid 106028
0 1 tid 106028
210 4 tid 106028
365 2 tid 106028
197 tid 106028
Remove  tid 106028
FindTargetPageId rootid 3 tid 106028
target_page_id id: 2 tid 106028
0 1 tid 106028
210 4 tid 106028
365 2 tid 106028
196 tid 106028
Remove  tid 106028
FindTargetPageId rootid 3 tid 106028
target_page_id id: 2 tid 106028
0 1 tid 106028
210 4 tid 106028
365 2 tid 106028
195 tid 106028
Remove  tid 106028
FindTargetPageId rootid 3 tid 106027
target_page_id id: 2 tid 106027
0 1 tid 106027
210 4 tid 106027
365 2 tid 106027
194 tid 106027
Insert  tid 106027
FindTargetPageId rootid 3 tid 106027
target_page_id id: 2 tid 106027
0 1 tid 106027
210 4 tid 106027
365 2 tid 106027
194 tid 106027
Insert  tid 106027
FindTargetPageId rootid 3 tid 106028
target_page_id id: 2 tid 106028
0 1 tid 106028
210 4 tid 106028
365 2 tid 106028
194 tid 106028
Remove  tid 106028
FindTargetPageId rootid 3 tid 106028
target_page_id id: 2 tid 106028
0 1 tid 106028
210 4 tid 106028
365 2 tid 106028
193 tid 106028
Remove  tid 106028
FindTargetPageId rootid 3 tid 106028
target_page_id id: 2 tid 106028
0 1 tid 106028
210 4 tid 106028
365 2 tid 106028
192 tid 106028
Remove  tid 106028
FindTargetPageId rootid 3 tid 106028
target_page_id id: 2 tid 106028
0 1 tid 106028
210 4 tid 106028
365 2 tid 106028
191 tid 106028
Remove  tid 106028
FindTargetPageId rootid 3 tid 106028
target_page_id id: 2 tid 106028
0 1 tid 106028
210 4 tid 106028
365 2 tid 106028
190 tid 106028
Remove  tid 106028
FindTargetPageId rootid 3 tid 106028
target_page_id id: 2 tid 106028
0 1 tid 106028
210 4 tid 106028
365 2 tid 106028
189 tid 106028
Remove  tid 106028
FindTargetPageId rootid 3 tid 106028
target_page_id id: 2 tid 106028
0 1 tid 106028
210 4 tid 106028
365 2 tid 106028
188 tid 106028
Remove  tid 106028
FindTargetPageId rootid 3 tid 106027
target_page_id id: 2 tid 106027
0 1 tid 106027
210 4 tid 106027
365 2 tid 106027
187 tid 106027
Insert  tid 106027
FindTargetPageId rootid 3 tid 106027
target_page_id id: 2 tid 106027
0 1 tid 106027
210 4 tid 106027
365 2 tid 106027
187 tid 106027
Insert  tid 106027
FindTargetPageId rootid 3 tid 106027
target_page_id id: 2 tid 106027
0 1 tid 106027
210 4 tid 106027
365 2 tid 106027
187 tid 106027
Insert  tid 106027
FindTargetPageId rootid 3 tid 106028
target_page_id id: 2 tid 106028
0 1 tid 106028
210 4 tid 106028
365 2 tid 106028
187 tid 106028
Remove  tid 106028
FindTargetPageId rootid 3 tid 106028
target_page_id id: 2 tid 106028
0 1 tid 106028
210 4 tid 106028
365 2 tid 106028
186 tid 106028
Remove  tid 106028
FindTargetPageId rootid 3 tid 106028
target_page_id id: 2 tid 106028
0 1 tid 106028
210 4 tid 106028
365 2 tid 106028
185 tid 106028
Remove  tid 106028
FindTargetPageId rootid 3 tid 106028
target_page_id id: 2 tid 106028
0 1 tid 106028
210 4 tid 106028
365 2 tid 106028
184 tid 106028
Remove  tid 106028
FindTargetPageId rootid 3 tid 106028
target_page_id id: 2 tid 106028
0 1 tid 106028
210 4 tid 106028
365 2 tid 106028
183 tid 106028
Remove  tid 106028
FindTargetPageId rootid 3 tid 106028
target_page_id id: 2 tid 106028
0 1 tid 106028
210 4 tid 106028
365 2 tid 106028
182 tid 106028
Remove  tid 106028
FindTargetPageId rootid 3 tid 106029
target_page_id id: 2 tid 106029
0 1 tid 106029
210 4 tid 106029
365 2 tid 106029
181 tid 106029
Insert  tid 106029
FindTargetPageId rootid 3 tid 106027
target_page_id id: 2 tid 106027
0 1 tid 106027
210 4 tid 106027
365 2 tid 106027
182 tid 106027
Insert  tid 106027
FindTargetPageId rootid 3 tid 106027
target_page_id id: 2 tid 106027
0 1 tid 106027
210 4 tid 106027
365 2 tid 106027
182 tid 106027
Insert  tid 106027
FindTargetPageId rootid 3 tid 106027
target_page_id id: 2 tid 106027
0 1 tid 106027
210 4 tid 106027
365 2 tid 106027
182 tid 106027
Insert  tid 106027
FindTargetPageId rootid 3 tid 106027
target_page_id id: 2 tid 106027
0 1 tid 106027
210 4 tid 106027
365 2 tid 106027
182 tid 106027
Insert  tid 106027
FindTargetPageId rootid 3 tid 106027
target_page_id id: 2 tid 106027
0 1 tid 106027
210 4 tid 106027
365 2 tid 106027
182 tid 106027
Insert  tid 106027
FindTargetPageId rootid 3 tid 106029
target_page_id id: 2 tid 106029
0 1 tid 106029
210 4 tid 106029
365 2 tid 106029
182 tid 106029
FindTargetPageId rootid 3 tid Insert  tid 106029
106028
target_page_id id: 2 tid 106028
0 1 tid 106028
210 4 tid 106028
365 2 tid 106028
183 tid 106028
Remove  tid 106028
FindTargetPageId rootid 3 tid 106027
target_page_id id: 2 tid 106027
0 1 tid 106027
210 4 tid 106027
365 2 tid 106027
182 tid 106027
Insert  tid 106027
FindTargetPageId rootid 3 tid 106027
target_page_id id: 2 tid 106027
0 1 tid 106027
210 4 tid 106027
365 2 tid 106027
182 tid 106027
Insert  tid 106027
FindTargetPageId rootid 3 tid 106027
target_page_id id: 2 tid 106027
0 1 tid 106027
210 4 tid 106027
365 2 tid 106027
182 tid 106027
Insert  tid 106027
FindTargetPageId rootid 3 tid 106027
target_page_id id: 2 tid 106027
0 1 tid 106027
210 4 tid 106027
365 2 tid 106027
182 tid 106027
Insert  tid 106027
FindTargetPageId rootid 3 tid 106029
target_page_id id: 2 tid 106029
0 1 tid 106029
210 4 tid 106029
365 2 tid 106029
182 tid 106029
Insert  tid 106029
FindTargetPageId rootid 3 tid 106028
target_page_id id: 2 tid 106028
0 1 tid 106028
210 4 tid 106028
365 2 tid 106028
183 tid 106028
Remove  tid 106028
FindTargetPageId rootid 3 tid 106027
target_page_id id: 2 tid 106027
0 1 tid 106027
210 4 tid 106027
365 2 tid 106027
182 tid 106027
Insert  tid 106027
FindTargetPageId rootid 3 tid 106027
target_page_id id: 2 tid 106027
0 1 tid 106027
210 4 tid 106027
365 2 tid 106027
182 tid 106027
Insert  tid 106027
FindTargetPageId rootid 3 tid 106027
target_page_id id: 2 tid 106027
0 1 tid 106027
210 4 tid 106027
365 2 tid 106027
182 tid 106027
Insert  tid 106027
FindTargetPageId rootid 3 tid 106028
target_page_id id: 2 tid 106028
0 1 tid 106028
210 4 tid 106028
365 2 tid 106028
182 tid 106028
Remove  tid FindTargetPageId rootid 3 tid 106028
106029
target_page_id id: 2 tid 106029
0 1 tid 106029
210 4 tid 106029
365 2 tid 106029
181 tid 106029
Insert  tid 106029
FindTargetPageId rootid 3 tid 106027
target_page_id id: 2 tid 106027
0 1 tid 106027
210 4 tid 106027
365 2 tid 106027
182 tid 106027
Insert  tid 106027
FindTargetPageId rootid 3 tid 106028
target_page_id id: 2 tid 106028
0 1 tid 106028
210 4 tid 106028
365 2 tid 106028
182 tid 106028
Remove  tid 106028
FindTargetPageId rootid 3 tid 106029
target_page_id id: 2 tid 106029
0 1 tid 106029
210 4 tid 106029
365 2 tid 106029
181 tid 106029
Insert  tid 106029
FindTargetPageId rootid 3 tid 106027
target_page_id id: 2 tid 106027
0 1 tid 106027
210 4 tid 106027
365 2 tid 106027
182 tid 106027
Insert  tid 106027
FindTargetPageId rootid 3 tid 106028
target_page_id id: 2 tid 106028
0 1 tid 106028
210 4 tid 106028
365 2 tid 106028
182 tid 106028
Remove  tid 106028
FindTargetPageId rootid 3 tid 106029
target_page_id id: 2 tid 106029
0 1 tid 106029
210 4 tid 106029
365 2 tid 106029
181 tid 106029
Insert  tid 106029
FindTargetPageId rootid 3 tid 106027
target_page_id id: 2 tid 106027
0 1 tid 106027
210 4 tid 106027
365 2 tid 106027
182 tid 106027
Insert  tid 106027
FindTargetPageId rootid 3 tid 106028
target_page_id id: 2 tid 106028
0 1 tid 106028
210 4 tid 106028
365 2 tid 106028
182 tid 106028
Remove  tid 106028
FindTargetPageId rootid 3 tid 106028
target_page_id id: 2 tid 106028
0 1 tid 106028
210 4 tid 106028
365 2 tid 106028
181 tid 106028
Remove  tid 106028
FindTargetPageId rootid 3 tid 106027
target_page_id id: 2 tid 106027
0 1 tid 106027
210 4 tid 106027
365 2 tid 106027
180 tid 106027
Insert  tid 106027
FindTargetPageId rootid 3 tid 106029
target_page_id id: 2 tid 106029
0 1 tid 106029
210 4 tid 106029
365 2 tid 106029
180 tid 106029
Insert  tid 106029
FindTargetPageId rootid 3 tid 106028
target_page_id id: 2 tid 106028
0 1 tid 106028
210 4 tid 106028
365 2 tid 106028
181 tid 106028
Remove  tid 106028
FindTargetPageId rootid 3 tid 106027
target_page_id id: 2 tid 106027
0 1 tid 106027
210 4 tid 106027
365 2 tid 106027
180 tid 106027
Insert  tid 106027
FindTargetPageId rootid 3 tid 106029
target_page_id id: 2 tid 106029
0 1 tid 106029
210 4 tid 106029
365 2 tid 106029
180 tid 106029
Insert  tid 106029
FindTargetPageId rootid 3 tid 106028
target_page_id id: 2 tid 106028
0 1 tid 106028
210 4 tid 106028
365 2 tid 106028
181 tid 106028
Remove  tid 106028
FindTargetPageId rootid 3 tid 106028
target_page_id id: 2 tid 106028
0 1 tid 106028
210 4 tid 106028
365 2 tid 106028
180 tid 106028
Remove  tid 106028
FindTargetPageId rootid 3 tid 106029
target_page_id id: 2 tid 106029
0 1 tid 106029
210 4 tid 106029
365 2 tid 106029
179 tid 106029
Insert  tid 106029
FindTargetPageId rootid 3 tid 106027
target_page_id id: 2 tid 106027
0 1 tid 106027
210 4 tid 106027
365 2 tid 106027
180 tid 106027
Insert  tid 106027
FindTargetPageId rootid 3 tid 106028
target_page_id id: 2 tid 106028
0 1 tid 106028
210 4 tid 106028
365 2 tid 106028
180 tid 106028
Remove  tid 106028
FindTargetPageId rootid 3 tid 106029
target_page_id id: 2 tid 106029
0 1 tid 106029
210 4 tid 106029
365 2 tid 106029
179 tid 106029
Insert  tid 106029
FindTargetPageId rootid 3 tid 106029
target_page_id id: 2 tid 106029
0 1 tid 106029
210 4 tid 106029
365 2 tid 106029
180 tid 106029
Insert  tid 106029
FindTargetPageId rootid 3 tid 106028
target_page_id id: 2 tid 106028
0 1 tid 106028
210 4 tid 106028
365 2 tid 106028
181 tid 106028
Remove  tid 106028
FindTargetPageId rootid 3 tid 106028
target_page_id id: 2 tid 106028
0 1 tid 106028
210 4 tid 106028
365 2 tid 106028
180 tid 106028
Remove  tid 106028
FindTargetPageId rootid 3 tid 106029
target_page_id id: 2 tid 106029
0 1 tid 106029
210 4 tid 106029
365 2 tid 106029
179 tid 106029
Insert  tid 106029
FindTargetPageId rootid 3 tid 106027
target_page_id id: 2 tid 106027
0 1 tid 106027
210 4 tid 106027
365 2 tid 106027
180 tid 106027
Insert  tid 106027
FindTargetPageId rootid 3 tid 106028
target_page_id id: 2 tid 106028
0 1 tid 106028
210 4 tid 106028
365 2 tid 106028
180 tid 106028
Remove  tid 106028
FindTargetPageId rootid 3 tid 106029
target_page_id id: 2 tid 106029
0 1 tid 106029
210 4 tid 106029
365 2 tid 106029
179 tid 106029
Insert  tid 106029
FindTargetPageId rootid 3 tid 106029
target_page_id id: 2 tid 106029
0 1 tid 106029
210 4 tid 106029
365 2 tid 106029
180 tid 106029
Insert  tid 106029
FindTargetPageId rootid 3 tid 106028
target_page_id id: 2 tid 106028
0 1 tid 106028
210 4 tid 106028
365 2 tid 106028
181 tid 106028
Remove  tid 106028
FindTargetPageId rootid 3 tid 106027
target_page_id id: 2 tid 106027
0 1 tid 106027
210 4 tid 106027
365 2 tid 106027
180 tid 106027
Insert  tid 106027
FindTargetPageId rootid 3 tid 106029
target_page_id id: 2 tid 106029
0 1 tid 106029
210 4 tid 106029
365 2 tid 106029
180 tid 106029
Insert  tid 106029
FindTargetPageId rootid 3 tid 106028
target_page_id id: 2 tid 106028
0 1 tid 106028
210 4 tid 106028
365 2 tid 106028
181 tid 106028
Remove  tid 106028
FindTargetPageId rootid 3 tid 106027
target_page_id id: 2 tid 106027
0 1 tid 106027
210 4 tid 106027
365 2 tid 106027
180 tid 106027
Insert  tid 106027
FindTargetPageId rootid 3 tid 106029
target_page_id id: 2 tid 106029
0 1 tid 106029
210 4 tid 106029
365 2 tid 106029
180 tid 106029
Insert  tid 106029
FindTargetPageId rootid 3 tid 106029
target_page_id id: 2 tid 106029
0 1 tid 106029
210 4 tid 106029
365 2 tid 106029
181 tid 106029
Insert  tid 106029
FindTargetPageId rootid 3 tid 106027
target_page_id id: 2 tid 106027
0 1 tid 106027
210 4 tid 106027
365 2 tid 106027
182 tid 106027
Insert  tid 106027
FindTargetPageId rootid 3 tid 106028
target_page_id id: 2 tid 106028
0 1 tid 106028
210 4 tid 106028
365 2 tid 106028
182 tid 106028
Remove  tid 106028
FindTargetPageId rootid 3 tid 106029
target_page_id id: 2 tid 106029
0 1 tid 106029
210 4 tid 106029
365 2 tid 106029
181 tid 106029
Insert  tid 106029
FindTargetPageId rootid 3 tid 106027
target_page_id id: 2 tid 106027
0 1 tid 106027
210 4 tid 106027
365 2 tid 106027
182 tid 106027
Insert  tid 106027
FindTargetPageId rootid 3 tid 106028
target_page_id id: 2 tid 106028
0 1 tid 106028
210 4 tid 106028
365 2 tid 106028
182 tid 106028
Remove  tid 106028
FindTargetPageId rootid 3 tid 106029
target_page_id id: 2 tid 106029
0 1 tid 106029
210 4 tid 106029
365 2 tid 106029
181 tid 106029
Insert  tid 106029
FindTargetPageId rootid 3 tid 106027
target_page_id id: 2 tid 106027
0 1 tid 106027
210 4 tid 106027
365 2 tid 106027
182 tid 106027
Insert  tid 106027
FindTargetPageId rootid 3 tid 106028
target_page_id id: 2 tid 106028
0 1 tid 106028
210 4 tid 106028
365 2 tid 106028
182 tid 106028
Remove  tid 106028
FindTargetPageId rootid 3 tid 106029
target_page_id id: 2 tid 106029
0 1 tid 106029
210 4 tid 106029
365 2 tid 106029
181 tid 106029
Insert  tid 106029
FindTargetPageId rootid 3 tid 106027
target_page_id id: 2 tid 106027
0 1 tid 106027
210 4 tid 106027
365 2 tid 106027
182 tid 106027
Insert  tid 106027
FindTargetPageId rootid 3 tid 106028
target_page_id id: 2 tid 106028
0 1 tid 106028
210 4 tid 106028
365 2 tid 106028
182 tid 106028
Remove  tid 106028
FindTargetPageId rootid 3 tid 106028
target_page_id id: 2 tid 106028
0 1 tid 106028
210 4 tid 106028
365 2 tid 106028
181 tid 106028
Remove  tid 106028
FindTargetPageId rootid 3 tid 106028
target_page_id id: 2 tid 106028
0 1 tid 106028
210 4 tid 106028
365 2 tid 106028
180 tid 106028
Remove  tid 106028
FindTargetPageId rootid 3 tid 106028
target_page_id id: 2 tid 106028
0 1 tid 106028
210 4 tid 106028
365 2 tid 106028
179 tid 106028
Remove  tid 106028
FindTargetPageId rootid 3 tid 106027
target_page_id id: 2 tid 106027
0 1 tid 106027
210 4 tid 106027
365 2 tid 106027
178 tid 106027
Insert  tid 106027
FindTargetPageId rootid 3 tid 106029
target_page_id id: 2 tid 106029
0 1 tid 106029
210 4 tid 106029
365 2 tid 106029
178 tid 106029
Insert  tid 106029
FindTargetPageId rootid 3 tid 106028
target_page_id id: 2 tid 106028
0 1 tid 106028
210 4 tid 106028
365 2 tid 106028
179 tid 106028
Remove  tid 106028
FindTargetPageId rootid 3 tid 106028
target_page_id id: 2 tid 106028
0 1 tid 106028
210 4 tid 106028
365 2 tid 106028
178 tid 106028
Remove  tid 106028
FindTargetPageId rootid 3 tid 106029
target_page_id id: 2 tid 106029
0 1 tid 106029
210 4 tid 106029
365 2 tid 106029
177 tid 106029
Insert  tid 106029
FindTargetPageId rootid 3 tid 106027
target_page_id id: 2 tid 106027
0 1 tid 106027
210 4 tid 106027
365 2 tid 106027
178 tid 106027
Insert  tid 106027
FindTargetPageId rootid 3 tid 106028
target_page_id id: 2 tid 106028
0 1 tid 106028
210 4 tid 106028
365 2 tid 106028
178 tid 106028
Remove  tid FindTargetPageId rootid 106028
3 tid 106029
target_page_id id: 2 tid 106029
0 1 tid 106029
210 4 tid 106029
365 2 tid 106029
177 tid 106029
Insert  tid 106029
FindTargetPageId rootid 3 tid 106027
target_page_id id: 2 tid 106027
0 1 tid 106027
210 4 tid 106027
365 2 tid 106027
178 tid 106027
Insert  tid 106027
FindTargetPageId rootid 3 tid 106028
target_page_id id: 2 tid 106028
0 1 tid 106028
210 4 tid 106028
365 2 tid 106028
178 tid 106028
Remove  tid 106028
FindTargetPageId rootid 3 tid 106029
target_page_id id: 2 tid 106029
0 1 tid 106029
210 4 tid 106029
365 2 tid 106029
177 tid 106029
FindTargetPageId rootid 3 tid 106027
target_page_id id: 2 tid 106027
0 1 tid 106027
210 4 tid 106027
365 2 tid 106027
Insert 178 tid 106027
 tid 106029
Insert  tid 106027
FindTargetPageId rootid 3 tid 106029
target_page_id id: 2 tid 106029
0 1 tid 106029
210 4 tid 106029
365 2 tid 106029
178 tid 106029
FindTargetPageId rootid 3 tid 106028
target_page_id id: 2 tid 106028
0 1 tid 106028
210 4 tid 106028
365 2 tid 106028
Insert  tid 106029
179 tid 106028
Remove  tid 106028
FindTargetPageId rootid 3 tid 106028
target_page_id id: 2 tid 106028
0 1 tid 106028
210 4 tid 106028
365 2 tid 106028
178 tid 106028
Remove  tid 106028
FindTargetPageId rootid 3 tid 106028
target_page_id id: 2 tid 106028
0 1 tid 106028
210 4 tid 106028
365 2 tid 106028
177 tid 106028
Remove  tid 106028
FindTargetPageId rootid 3 tid 106027
target_page_id id: 2 tid 106027
0 1 tid 106027
210 4 tid 106027
365 2 tid 106027
176 tid 106027
Insert  tid 106027
FindTargetPageId rootid 3 tid 106029
target_page_id id: 2 tid 106029
0 1 tid 106029
210 4 tid 106029
365 2 tid 106029
176 tid 106029
Insert  tid 106029
FindTargetPageId rootid 3 tid 106028
target_page_id id: 2 tid 106028
0 1 tid 106028
210 4 tid 106028
365 2 tid 106028
177 tid 106028
Remove  tid 106028
FindTargetPageId rootid 3 tid 106027
target_page_id id: 2 tid 106027
0 1 tid 106027
210 4 tid 106027
365 2 tid 106027
176 tid 106027
Insert  tid 106027
FindTargetPageId rootid 3 tid 106029
target_page_id id: 2 tid 106029
0 1 tid 106029
210 4 tid 106029
365 2 tid 106029
176 tid 106029
Insert  tid 106029
FindTargetPageId rootid 3 tid 106028
target_page_id id: 2 tid 106028
0 1 tid 106028
210 4 tid 106028
365 2 tid 106028
177 tid 106028
Remove  tid 106028
FindTargetPageId rootid 3 tid 106027
target_page_id id: 2 tid 106027
0 1 tid 106027
210 4 tid 106027
365 2 tid 106027
176 tid 106027
Insert  tid 106027
FindTargetPageId rootid 3 tid 106029
target_page_id id: 2 tid 106029
0 1 tid 106029
210 4 tid 106029
365 2 tid 106029
176 tid 106029
Insert  tid 106029
FindTargetPageId rootid 3 tid 106028
target_page_id id: 2 tid 106028
0 1 tid 106028
210 4 tid 106028
365 2 tid 106028
177 tid 106028
Remove  tid 106028
FindTargetPageId rootid 3 tid 106027
target_page_id id: 2 tid 106027
0 1 tid 106027
210 4 tid 106027
365 2 tid 106027
176 tid 106027
Insert  tid 106027
FindTargetPageId rootid 3 tid 106029
target_page_id id: 2 tid 106029
0 1 tid 106029
210 4 tid 106029
365 2 tid 106029
176 tid 106029
Insert  tid 106029
FindTargetPageId rootid 3 tid 106028
target_page_id id: 2 tid 106028
0 1 tid 106028
210 4 tid 106028
365 2 tid 106028
177 tid 106028
Remove  tid 106028
FindTargetPageId rootid 3 tid 106027
target_page_id id: 2 tid 106027
0 1 tid 106027
210 4 tid 106027
365 2 tid 106027
176 tid 106027
Insert  tid 106027
FindTargetPageId rootid 3 tid 106029
target_page_id id: 2 tid 106029
0 1 tid 106029
210 4 tid 106029
365 2 tid 106029
176 tid 106029
Insert  tid 106029
FindTargetPageId rootid 3 tid 106028
target_page_id id: 2 tid 106028
0 1 tid 106028
210 4 tid 106028
365 2 tid 106028
177 tid 106028
Remove  tid 106028
FindTargetPageId rootid 3 tid 106027
target_page_id id: 2 tid 106027
0 1 tid 106027
210 4 tid 106027
365 2 tid 106027
176 tid 106027
Insert  tid 106027
FindTargetPageId rootid 3 tid 106029
target_page_id id: 2 tid 106029
0 1 tid 106029
210 4 tid 106029
365 2 tid 106029
176 tid 106029
Insert  tid 106029
FindTargetPageId rootid 3 tid 106028
target_page_id id: 2 tid 106028
0 1 tid 106028
210 4 tid 106028
365 2 tid 106028
177 tid 106028
Remove  tid 106028
FindTargetPageId rootid 3 tid 106028
target_page_id id: 2 tid 106028
0 1 tid 106028
210 4 tid 106028
365 2 tid 106028
176 tid 106028
Remove  tid 106028
FindTargetPageId rootid 3 tid 106028
target_page_id id: 2 tid 106028
0 1 tid 106028
210 4 tid 106028
365 2 tid 106028
175 tid 106028
Remove  tid 106028
FindTargetPageId rootid 3 tid 106027
target_page_id id: 2 tid 106027
0 1 tid 106027
210 4 tid 106027
365 2 tid 106027
174 tid 106027
Insert  tid 106027
FindTargetPageId rootid 3 tid 106027
target_page_id id: 2 tid 106027
0 1 tid 106027
210 4 tid 106027
365 2 tid 106027
174 tid 106027
Insert  tid 106027
FindTargetPageId rootid 3 tid 106027
target_page_id id: 2 tid 106027
0 1 tid 106027
210 4 tid 106027
365 2 tid 106027
174 tid 106027
Insert  tid 106027
FindTargetPageId rootid 3 tid 106027
target_page_id id: 2 tid 106027
0 1 tid 106027
210 4 tid 106027
365 2 tid 106027
174 tid 106027
Insert  tid 106027
FindTargetPageId rootid 3 tid 106027
target_page_id id: 2 tid 106027
0 1 tid 106027
210 4 tid 106027
365 2 tid 106027
174 tid 106027
Insert  tid 106027
FindTargetPageId rootid 3 tid 106028
target_page_id id: 2 tid 106028
0 1 tid 106028
210 4 tid 106028
365 2 tid 106028
174 tid 106028
Remove  tid 106028
FindTargetPageId rootid 3 tid 106029
target_page_id id: 2 tid 106029
0 1 tid 106029
210 4 tid 106029
365 2 tid 106029
173 tid 106029
Insert  tid 106029
FindTargetPageId rootid 3 tid 106029
target_page_id id: 2 tid 106029
0 1 tid 106029
210 4 tid 106029
365 2 tid 106029
174 tid 106029
Insert  tid 106029
FindTargetPageId rootid 3 tid 106029
target_page_id id: 2 tid 106029
0 1 tid 106029
210 4 tid 106029
365 2 tid 106029
175 tid 106029
Insert  tid 106029
FindTargetPageId rootid 3 tid 106027
target_page_id id: 2 tid 106027
0 1 tid 106027
210 4 tid 106027
365 2 tid 106027
176 tid 106027
Insert  tid 106027
FindTargetPageId rootid 3 tid 106027
target_page_id id: 2 tid 106027
0 1 tid 106027
210 4 tid 106027
365 2 tid 106027
176 tid 106027
Insert  tid 106027
FindTargetPageId rootid 3 tid 106027
target_page_id id: 2 tid 106027
0 1 tid 106027
210 4 tid 106027
365 2 tid 106027
176 tid 106027
Insert  tid 106027
FindTargetPageId rootid 3 tid 106027
target_page_id id: 2 tid 106027
0 1 tid 106027
210 4 tid 106027
365 2 tid 106027
176 tid 106027
Insert  tid 106027
FindTargetPageId rootid 3 tid 106027
target_page_id id: 2 tid 106027
0 1 tid 106027
210 4 tid 106027
365 2 tid 106027
176 tid 106027
Insert  tid 106027
FindTargetPageId rootid 3 tid 106028
target_page_id id: 2 tid 106028
0 1 tid 106028
210 4 tid 106028
365 2 tid 106028
176 tid 106028
Remove  tid 106028
FindTargetPageId rootid 3 tid 106028
target_page_id id: 2 tid 106028
0 1 tid 106028
210 4 tid 106028
365 2 tid 106028
175 tid 106028
Remove  tid 106028
FindTargetPageId rootid 3 tid 106027
target_page_id id: 2 tid 106027
0 1 tid 106027
210 4 tid 106027
365 2 tid 106027
174 tid 106027
Insert  tid 106027
FindTargetPageId rootid 3 tid 106027
target_page_id id: 2 tid 106027
0 1 tid 106027
210 4 tid 106027
365 2 tid 106027
174 tid 106027
Insert  tid 106027
FindTargetPageId rootid 3 tid 106027
target_page_id id: 2 tid 106027
0 1 tid 106027
210 4 tid 106027
365 2 tid 106027
174 tid 106027
Insert  tid 106027
FindTargetPageId rootid 3 tid 106027
target_page_id id: 2 tid 106027
0 1 tid 106027
210 4 tid 106027
365 2 tid 106027
174 tid 106027
Insert  tid 106027
FindTargetPageId rootid 3 tid 106027
target_page_id id: 2 tid 106027
0 1 tid 106027
210 4 tid 106027
365 2 tid 106027
174 tid 106027
Insert  tid 106027
FindTargetPageId rootid 3 tid 106027
target_page_id id: 2 tid 106027
0 1 tid 106027
210 4 tid 106027
365 2 tid 106027
174 tid 106027
Insert  tid 106027
FindTargetPageId rootid 3 tid 106027
target_page_id id: 2 tid 106027
0 1 tid 106027
210 4 tid 106027
365 2 tid 106027
174 tid 106027
Insert  tid 106027
FindTargetPageId rootid 3 tid 106027
target_page_id id: 2 tid 106027
0 1 tid 106027
210 4 tid 106027
365 2 tid 106027
174 tid 106027
Insert  tid 106027
FindTargetPageId rootid 3 tid 106027
target_page_id id: 2 tid 106027
0 1 tid 106027
210 4 tid 106027
365 2 tid 106027
174 tid 106027
FindTargetPageId rootid 3 tid 106029
target_page_id id: 2 tid 106029
0 1 tid 106029
210 4 tid 106029
365 2 tid 106029
Insert 174 tid 106029
 tid 106027
Insert  tid 106029
FindTargetPageId rootid 3 tid 106028
target_page_id id: 2 tid 106028
0 1 tid 106028
210 4 tid 106028
365 2 tid 106028
175 tid 106028
Remove  tid 106028
FindTargetPageId rootid 3 tid 106028
target_page_id id: 2 tid 106028
0 1 tid 106028
210 4 tid 106028
365 2 tid 106028
174 tid 106028
Remove  tid 106028
FindTargetPageId rootid 3 tid 106028
target_page_id id: 2 tid 106028
0 1 tid 106028
210 4 tid 106028
365 2 tid 106028
173 tid 106028
Remove  tid 106028
FindTargetPageId rootid 3 tid 106027
target_page_id id: 2 tid 106027
0 1 tid 106027
210 4 tid 106027
365 2 tid 106027
172 tid 106027
Insert  tid 106027
FindTargetPageId rootid 3 tid 106029
target_page_id id: 2 tid 106029
0 1 tid 106029
210 4 tid 106029
365 2 tid 106029
172 tid 106029
Insert  tid 106029
FindTargetPageId rootid 3 tid 106028
target_page_id id: 2 tid 106028
0 1 tid 106028
210 4 tid 106028
365 2 tid 106028
173 tid 106028
Remove  tid 106028
FindTargetPageId rootid 3 tid 106028
target_page_id id: 2 tid 106028
0 1 tid 106028
210 4 tid 106028
365 2 tid 106028
172 tid 106028
Remove  tid 106028
FindTargetPageId rootid 3 tid 106028
target_page_id id: 2 tid 106028
0 1 tid 106028
210 4 tid 106028
365 2 tid 106028
171 tid 106028
Remove  tid 106028
FindTargetPageId rootid 3 tid 106028
target_page_id id: 2 tid 106028
0 1 tid 106028
210 4 tid 106028
365 2 tid 106028
170 tid 106028
Remove  tid 106028
FindTargetPageId rootid 3 tid 106029
target_page_id id: 2 tid 106029
0 1 tid 106029
210 4 tid 106029
365 2 tid 106029
169 tid 106029
Insert  tid 106029
FindTargetPageId rootid 3 tid 106027
target_page_id id: 2 tid 106027
0 1 tid 106027
210 4 tid 106027
365 2 tid 106027
170 tid 106027
Insert  tid 106027
FindTargetPageId rootid 3 tid 106027
target_page_id id: 2 tid 106027
0 1 tid 106027
210 4 tid 106027
365 2 tid 106027
170 tid 106027
Insert  tid 106027
FindTargetPageId rootid 3 tid 106027
target_page_id id: 2 tid 106027
0 1 tid 106027
210 4 tid 106027
365 2 tid 106027
170 tid 106027
Insert  tid 106027
FindTargetPageId rootid 3 tid 106027
target_page_id id: 2 tid 106027
0 1 tid 106027
210 4 tid 106027
365 2 tid 106027
170 tid 106027
Insert  tid 106027
FindTargetPageId rootid 3 tid 106027
target_page_id id: 2 tid 106027
0 1 tid 106027
210 4 tid 106027
365 2 tid 106027
170 tid 106027
Insert  tid 106027
FindTargetPageId rootid 3 tid 106027
target_page_id id: 2 tid 106027
0 1 tid 106027
210 4 tid 106027
365 2 tid 106027
170 tid 106027
Insert  tid 106027
FindTargetPageId rootid 3 tid 106027
target_page_id id: 2 tid 106027
0 1 tid 106027
210 4 tid 106027
365 2 tid 106027
170 tid 106027
Insert  tid 106027
FindTargetPageId rootid 3 tid 106027
target_page_id id: 2 tid 106027
0 1 tid 106027
210 4 tid 106027
365 2 tid 106027
170 tid 106027
Insert  tid 106027
FindTargetPageId rootid 3 tid 106027
target_page_id id: 2 tid 106027
0 1 tid 106027
210 4 tid 106027
365 2 tid 106027
170 tid 106027
Insert  tid 106027
FindTargetPageId rootid 3 tid 106027
target_page_id id: 2 tid 106027
0 1 tid 106027
210 4 tid 106027
365 2 tid 106027
170 tid 106027
Insert  tid 106027
FindTargetPageId rootid 3 tid 106027
target_page_id id: 2 tid 106027
0 1 tid 106027
210 4 tid 106027
365 2 tid 106027
170 tid 106027
Insert  tid 106027
FindTargetPageId rootid 3 tid 106027
target_page_id id: 2 tid 106027
0 1 tid 106027
210 4 tid 106027
365 2 tid 106027
170 tid 106027
Insert  tid 106027
FindTargetPageId rootid 3 tid 106028
target_page_id id: 2 tid 106028
0 1 tid 106028
210 4 tid 106028
365 2 tid 106028
170 tid 106028
Remove  tid 106028
FindTargetPageId rootid 3 tid 106028
target_page_id id: 2 tid 106028
0 1 tid 106028
210 4 tid 106028
365 2 tid 106028
169 tid 106028
Remove  tid 106028
FindTargetPageId rootid 3 tid 106028
target_page_id id: 2 tid 106028
0 1 tid 106028
210 4 tid 106028
365 2 tid 106028
168 tid 106028
Remove  tid 106028
FindTargetPageId rootid 3 tid 106028
target_page_id id: 2 tid 106028
0 1 tid 106028
210 4 tid 106028
365 2 tid 106028
167 tid 106028
Remove  tid 106028
FindTargetPageId rootid 3 tid 106028
target_page_id id: 2 tid 106028
0 1 tid 106028
210 4 tid 106028
365 2 tid 106028
166 tid 106028
Remove  tid 106028
FindTargetPageId rootid 3 tid 106028
target_page_id id: 2 tid 106028
0 1 tid 106028
210 4 tid 106028
365 2 tid 106028
165 tid 106028
Remove  tid 106028
FindTargetPageId rootid 3 tid 106027
target_page_id id: 2 tid 106027
0 1 tid 106027
210 4 tid 106027
365 2 tid 106027
164 tid 106027
Insert  tid 106027
FindTargetPageId rootid 3 tid 106027
target_page_id id: 2 tid 106027
0 1 tid 106027
210 4 tid 106027
365 2 tid 106027
165 tid 106027
Insert  tid 106027
FindTargetPageId rootid 3 tid 106027
target_page_id id: 2 tid 106027
0 1 tid 106027
210 4 tid 106027
365 2 tid 106027
166 tid 106027
Insert  tid 106027
FindTargetPageId rootid 3 tid 106028
target_page_id id: 2 tid 106028
0 1 tid 106028
210 4 tid 106028
365 2 tid 106028
167 tid 106028
Remove  tid 106028
FindTargetPageId rootid 3 tid 106029
target_page_id id: 2 tid 106029
0 1 tid 106029
210 4 tid 106029
365 2 tid 106029
166 tid 106029
Insert  tid 106029
FindTargetPageId rootid 3 tid 106029
target_page_id id: 2 tid 106029
0 1 tid 106029
210 4 tid 106029
365 2 tid 106029
166 tid 106029
Insert  tid 106029
FindTargetPageId rootid 3 tid 106029
target_page_id id: 2 tid 106029
0 1 tid 106029
210 4 tid 106029
365 2 tid 106029
166 tid 106029
Insert  tid 106029
FindTargetPageId rootid 3 tid 106028
target_page_id id: 2 tid 106028
0 1 tid 106028
210 4 tid 106028
365 2 tid 106028
166 tid 106028
Remove  tid 106028
FindTargetPageId rootid 3 tid 106027
target_page_id id: 2 tid 106027
0 1 tid 106027
210 4 tid 106027
365 2 tid 106027
165 tid 106027
Insert  tid 106027
FindTargetPageId rootid 3 tid 106027
target_page_id id: 2 tid 106027
0 1 tid 106027
210 4 tid 106027
365 2 tid 106027
166 tid 106027
Insert  tid 106027
FindTargetPageId rootid 3 tid 106028
target_page_id id: 2 tid 106028
0 1 tid 106028
210 4 tid 106028
365 2 tid 106028
167 tid 106028
Remove  tid 106028
FindTargetPageId rootid 3 tid 106029
target_page_id id: 2 tid 106029
0 1 tid 106029
210 4 tid 106029
365 2 tid 106029
166 tid 106029
Insert  tid 106029
FindTargetPageId rootid 3 tid 106027
target_page_id id: 2 tid 106027
0 1 tid 106027
210 4 tid 106027
365 2 tid 106027
166 tid 106027
Insert  tid 106027
FindTargetPageId rootid 3 tid 106027
target_page_id id: 2 tid 106027
0 1 tid 106027
210 4 tid 106027
365 2 tid 106027
167 tid 106027
Insert  tid 106027
FindTargetPageId rootid 3 tid 106027
target_page_id id: 2 tid 106027
0 1 tid 106027
210 4 tid 106027
365 2 tid 106027
168 tid 106027
Insert  tid 106027
FindTargetPageId rootid 3 tid 106027
target_page_id id: 2 tid 106027
0 1 tid 106027
210 4 tid 106027
365 2 tid 106027
169 tid 106027
Insert  tid 106027
FindTargetPageId rootid 3 tid 106027
target_page_id id: 2 tid 106027
0 1 tid 106027
210 4 tid 106027
365 2 tid 106027
170 tid 106027
Insert  tid 106027
FindTargetPageId rootid 3 tid 106027
target_page_id id: 2 tid 106027
0 1 tid 106027
210 4 tid 106027
365 2 tid 106027
171 tid 106027
Insert  tid 106027
FindTargetPageId rootid 3 tid 106027
target_page_id id: 2 tid 106027
0 1 tid 106027
210 4 tid 106027
365 2 tid 106027
172 tid 106027
Insert  tid 106027
FindTargetPageId rootid 3 tid 106028
target_page_id id: 2 tid 106028
0 1 tid 106028
210 4 tid 106028
365 2 tid 106028
173 tid 106028
Remove  tid 106028
FindTargetPageId rootid 3 tid 106028
target_page_id id: 2 tid 106028
0 1 tid 106028
210 4 tid 106028
365 2 tid 106028
172 tid 106028
Remove  tid 106028
FindTargetPageId rootid 3 tid 106028
target_page_id id: 2 tid 106028
0 1 tid 106028
210 4 tid 106028
365 2 tid 106028
171 tid 106028
Remove  tid 106028
FindTargetPageId rootid 3 tid 106028
target_page_id id: 2 tid 106028
0 1 tid 106028
210 4 tid 106028
365 2 tid 106028
170 tid 106028
Remove  tid 106028
FindTargetPageId rootid 3 tid 106029
target_page_id id: 2 tid 106029
0 1 tid 106029
210 4 tid 106029
365 2 tid 106029
169 tid 106029
Insert  tid 106029
FindTargetPageId rootid 3 tid 106027
target_page_id id: 2 tid 106027
0 1 tid 106027
210 4 tid 106027
365 2 tid 106027
169 tid 106027
Insert  tid 106027
FindTargetPageId rootid 3 tid 106028
target_page_id id: 2 tid 106028
0 1 tid 106028
210 4 tid 106028
365 2 tid 106028
170 tid 106028
Remove  tid 106028
FindTargetPageId rootid 3 tid 106029
target_page_id id: 2 tid 106029
0 1 tid 106029
210 4 tid 106029
365 2 tid 106029
169 tid 106029
Insert  tid 106029
FindTargetPageId rootid 3 tid 106029
target_page_id id: 2 tid 106029
0 1 tid 106029
210 4 tid 106029
365 2 tid 106029
169 tid 106029
Insert  tid 106029
FindTargetPageId rootid 3 tid 106029
target_page_id id: 2 tid 106029
0 1 tid 106029
210 4 tid 106029
365 2 tid 106029
169 tid 106029
Insert  tid 106029
FindTargetPageId rootid 3 tid 106029
target_page_id id: 2 tid 106029
0 1 tid 106029
210 4 tid 106029
365 2 tid 106029
169 tid 106029
Insert  tid 106029
FindTargetPageId rootid 3 tid 106029
target_page_id id: 2 tid 106029
0 1 tid 106029
210 4 tid 106029
365 2 tid 106029
169 tid 106029
Insert  tid 106029
FindTargetPageId rootid 3 tid 106029
target_page_id id: 2 tid 106029
0 1 tid 106029
210 4 tid 106029
365 2 tid 106029
169 tid 106029
Insert  tid 106029
FindTargetPageId rootid 3 tid 106029
target_page_id id: 2 tid 106029
0 1 tid 106029
210 4 tid 106029
365 2 tid 106029
169 tid 106029
Insert  tid 106029
FindTargetPageId rootid 3 tid 106027
target_page_id id: 2 tid 106027
0 1 tid 106027
210 4 tid 106027
365 2 tid 106027
169 tid 106027
Insert  tid 106027
FindTargetPageId rootid 3 tid 106027
target_page_id id: 2 tid 106027
0 1 tid 106027
210 4 tid 106027
365 2 tid 106027
170 tid 106027
Insert  tid 106027
FindTargetPageId rootid 3 tid 106027
target_page_id id: 2 tid 106027
0 1 tid 106027
210 4 tid 106027
365 2 tid 106027
171 tid 106027
Insert  tid 106027
FindTargetPageId rootid 3 tid 106027
target_page_id id: 2 tid 106027
0 1 tid 106027
210 4 tid 106027
365 2 tid 106027
172 tid 106027
Insert  tid 106027
FindTargetPageId rootid 3 tid 106027
target_page_id id: 2 tid 106027
0 1 tid 106027
210 4 tid 106027
365 2 tid 106027
173 tid 106027
Insert  tid 106027
FindTargetPageId rootid 3 tid 106027
target_page_id id: 2 tid 106027
0 1 tid 106027
210 4 tid 106027
365 2 tid 106027
174 tid 106027
Insert  tid 106027
FindTargetPageId rootid 3 tid 106027
target_page_id id: 2 tid 106027
0 1 tid 106027
210 4 tid 106027
365 2 tid 106027
175 tid 106027
Insert  tid 106027
FindTargetPageId rootid 3 tid 106028
target_page_id id: 2 tid 106028
0 1 tid 106028
210 4 tid 106028
365 2 tid 106028
176 tid 106028
Remove  tid 106028
FindTargetPageId rootid 3 tid 106029
target_page_id id: 2 tid 106029
0 1 tid 106029
210 4 tid 106029
365 2 tid 106029
175 tid 106029
Insert  tid 106029
FindTargetPageId rootid 3 tid 106027
target_page_id id: 2 tid 106027
0 1 tid 106027
210 4 tid 106027
365 2 tid 106027
175 tid 106027
Insert  tid 106027
FindTargetPageId rootid 3 tid 106028
target_page_id id: 2 tid 106028
0 1 tid 106028
210 4 tid 106028
365 2 tid 106028
176 tid 106028
Remove  tid 106028
FindTargetPageId rootid 3 tid 106029
target_page_id id: 2 tid 106029
0 1 tid 106029
210 4 tid 106029
365 2 tid 106029
175 tid 106029
Insert  tid 106029
FindTargetPageId rootid 3 tid 106029
target_page_id id: 2 tid 106029
0 1 tid 106029
210 4 tid 106029
365 2 tid 106029
175 tid 106029
Insert  tid 106029
FindTargetPageId rootid 3 tid 106029
target_page_id id: 2 tid 106029
0 1 tid 106029
210 4 tid 106029
365 2 tid 106029
175 tid 106029
Insert  tid 106029
FindTargetPageId rootid 3 tid 106029
target_page_id id: 2 tid 106029
0 1 tid 106029
210 4 tid 106029
365 2 tid 106029
175 tid 106029
Insert  tid 106029
FindTargetPageId rootid 3 tid 106029
target_page_id id: 2 tid 106029
0 1 tid 106029
210 4 tid 106029
365 2 tid 106029
175 tid 106029
Insert  tid 106029
FindTargetPageId rootid 3 tid 106029
target_page_id id: 2 tid 106029
0 1 tid 106029
210 4 tid 106029
365 2 tid 106029
175 tid 106029
Insert  tid 106029
FindTargetPageId rootid 3 tid 106028
target_page_id id: 2 tid 106028
0 1 tid 106028
210 4 tid 106028
365 2 tid 106028
175 tid 106028
Remove  tid 106028
FindTargetPageId rootid 3 tid 106027
target_page_id id: 2 tid 106027
0 1 tid 106027
210 4 tid 106027
365 2 tid 106027
174 tid 106027
Insert  tid 106027
FindTargetPageId rootid 3 tid 106029
target_page_id id: 2 tid 106029
0 1 tid 106029
210 4 tid 106029
365 2 tid 106029
175 tid 106029
Insert  tid 106029
FindTargetPageId rootid 3 tid 106028
target_page_id id: 2 tid 106028
0 1 tid 106028
210 4 tid 106028
365 2 tid 106028
175 tid 106028
Remove  tid 106028
FindTargetPageId rootid 3 tid 106028
target_page_id id: 2 tid 106028
0 1 tid 106028
210 4 tid 106028
365 2 tid 106028
174 tid 106028
Remove  tid 106028
FindTargetPageId rootid 3 tid 106028
target_page_id id: 2 tid 106028
0 1 tid 106028
210 4 tid 106028
365 2 tid 106028
173 tid 106028
Remove  tid 106028
FindTargetPageId rootid 3 tid 106028
target_page_id id: 2 tid 106028
0 1 tid 106028
210 4 tid 106028
365 2 tid 106028
172 tid 106028
Remove  tid 106028
FindTargetPageId rootid 3 tid 106028
target_page_id id: 2 tid 106028
0 1 tid 106028
210 4 tid 106028
365 2 tid 106028
171 tid 106028
Remove  tid 106028
FindTargetPageId rootid 3 tid 106028
target_page_id id: 2 tid 106028
0 1 tid 106028
210 4 tid 106028
365 2 tid 106028
170 tid 106028
Remove  tid 106028
FindTargetPageId rootid 3 tid 106028
target_page_id id: 2 tid 106028
0 1 tid 106028
210 4 tid 106028
365 2 tid 106028
169 tid 106028
Remove  tid 106028
FindTargetPageId rootid 3 tid 106028
target_page_id id: 2 tid 106028
0 1 tid 106028
210 4 tid 106028
365 2 tid 106028
168 tid 106028
Remove  tid 106028
FindTargetPageId rootid 3 tid 106028
target_page_id id: 2 tid 106028
0 1 tid 106028
210 4 tid 106028
365 2 tid 106028
167 tid 106028
Remove  tid 106028
FindTargetPageId rootid 3 tid 106028
target_page_id id: 2 tid 106028
0 1 tid 106028
210 4 tid 106028
365 2 tid 106028
166 tid 106028
Remove  tid 106028
FindTargetPageId rootid 3 tid 106028
target_page_id id: 2 tid 106028
0 1 tid 106028
210 4 tid 106028
365 2 tid 106028
165 tid 106028
Remove  tid 106028
FindTargetPageId rootid 3 tid 106028
target_page_id id: 2 tid 106028
0 1 tid 106028
210 4 tid 106028
365 2 tid 106028
164 tid 106028
Remove  tid 106028
FindTargetPageId rootid 3 tid 106028
target_page_id id: 2 tid 106028
0 1 tid 106028
210 4 tid 106028
365 2 tid 106028
163 tid 106028
Remove  tid 106028
FindTargetPageId rootid 3 tid 106028
target_page_id id: 2 tid 106028
0 1 tid 106028
210 4 tid 106028
365 2 tid 106028
162 tid 106028
Remove  tid 106028
FindTargetPageId rootid 3 tid 106028
target_page_id id: 2 tid 106028
0 1 tid 106028
210 4 tid 106028
365 2 tid 106028
161 tid 106028
Remove  tid 106028
FindTargetPageId rootid 3 tid 106028
target_page_id id: 2 tid 106028
0 1 tid 106028
210 4 tid 106028
365 2 tid 106028
160 tid 106028
Remove  tid 106028
FindTargetPageId rootid 3 tid 106028
target_page_id id: 2 tid 106028
0 1 tid 106028
210 4 tid 106028
365 2 tid 106028
159 tid 106028
Remove  tid 106028
FindTargetPageId rootid 3 tid 106028
target_page_id id: 2 tid 106028
0 1 tid 106028
210 4 tid 106028
365 2 tid 106028
158 tid 106028
Remove  tid 106028
FindTargetPageId rootid 3 tid 106028
target_page_id id: 2 tid 106028
0 1 tid 106028
210 4 tid 106028
365 2 tid 106028
157 tid 106028
Remove  tid 106028
FindTargetPageId rootid 3 tid 106028
target_page_id id: 2 tid 106028
0 1 tid 106028
210 4 tid 106028
365 2 tid 106028
156 tid 106028
Remove  tid 106028
FindTargetPageId rootid 3 tid 106028
target_page_id id: 2 tid 106028
0 1 tid 106028
210 4 tid 106028
365 2 tid 106028
155 tid 106028
Remove  tid 106028
FindTargetPageId rootid 3 tid 106028
target_page_id id: 2 tid 106028
0 1 tid 106028
210 4 tid 106028
365 2 tid 106028
154 tid 106028
Remove  tid 106028
FindTargetPageId rootid 3 tid 106028
target_page_id id: 2 tid 106028
0 1 tid 106028
210 4 tid 106028
365 2 tid 106028
153 tid 106028
Remove  tid 106028
FindTargetPageId rootid 3 tid 106028
target_page_id id: 2 tid 106028
0 1 tid 106028
210 4 tid 106028
365 2 tid 106028
152 tid 106028
Remove  tid 106028
FindTargetPageId rootid 3 tid 106028
target_page_id id: 2 tid 106028
0 1 tid 106028
210 4 tid 106028
365 2 tid 106028
151 tid 106028
Remove  tid 106028
FindTargetPageId rootid 3 tid 106028
target_page_id id: 2 tid 106028
0 1 tid 106028
210 4 tid 106028
365 2 tid 106028
150 tid 106028
Remove  tid 106028
FindTargetPageId rootid 3 tid 106028
target_page_id id: 2 tid 106028
0 1 tid 106028
210 4 tid 106028
365 2 tid 106028
149 tid 106028
Remove  tid 106028
FindTargetPageId rootid 3 tid 106028
target_page_id id: 2 tid 106028
0 1 tid 106028
210 4 tid 106028
365 2 tid 106028
148 tid 106028
Remove  tid 106028
FindTargetPageId rootid 3 tid 106028
target_page_id id: 2 tid 106028
0 1 tid 106028
210 4 tid 106028
365 2 tid 106028
147 tid 106028
Remove  tid 106028
FindTargetPageId rootid 3 tid 106028
target_page_id id: 2 tid 106028
0 1 tid 106028
210 4 tid 106028
365 2 tid 106028
146 tid 106028
Remove  tid 106028
FindTargetPageId rootid 3 tid 106028
target_page_id id: 2 tid 106028
0 1 tid 106028
210 4 tid 106028
365 2 tid 106028
145 tid 106028
Remove  tid 106028
FindTargetPageId rootid 3 tid 106028
target_page_id id: 2 tid 106028
0 1 tid 106028
210 4 tid 106028
365 2 tid 106028
144 tid 106028
Remove  tid 106028
FindTargetPageId rootid 3 tid 106028
target_page_id id: 2 tid 106028
0 1 tid 106028
210 4 tid 106028
365 2 tid 106028
144 tid 106028
Remove  tid 106028
FindTargetPageId rootid 3 tid 106028
target_page_id id: 2 tid 106028
0 1 tid 106028
210 4 tid 106028
365 2 tid 106028
144 tid 106028
Remove  tid 106028
FindTargetPageId rootid 3 tid 106028
target_page_id id: 2 tid 106028
0 1 tid 106028
210 4 tid 106028
365 2 tid 106028
144 tid 106028
Remove  tid 106028
FindTargetPageId rootid 3 tid 106028
target_page_id id: 2 tid 106028
0 1 tid 106028
210 4 tid 106028
365 2 tid 106028
144 tid 106028
Remove  tid 106028
FindTargetPageId rootid 3 tid 106028
target_page_id id: 2 tid 106028
0 1 tid 106028
210 4 tid 106028
365 2 tid 106028
144 tid 106028
Remove  tid 106028
FindTargetPageId rootid 3 tid 106027
target_page_id id: 2 tid 106027
0 1 tid 106027
210 4 tid 106027
365 2 tid 106027
144 tid 106027
Insert  tid 106027
FindTargetPageId rootid 3 tid 106029
target_page_id id: 2 tid 106029
0 1 tid 106029
210 4 tid 106029
365 2 tid 106029
145 tid 106029
FindTargetPageId rootid 3 tid 106028
target_page_id id: 2 tid 106028
0 1 tid 106028
210 4 tid 106028
365 2 tid 106028
Insert  tid 106029
146 tid 106028
FindTargetPageId rootid 3 tid Remove 106027 tid 
target_page_id id: 2 tid 106027
0 1 tid 106027
210 4 tid 106027
365 2 tid 106027
146 tid 106027
Insert  tid 106027
FindTargetPageId rootid 3 tid 106029
target_page_id id: 2 tid 106029
0 1 tid 106029
210 4 tid 106029
365 2 tid 106029
147 tid 106029
106028
FindTargetPageId rootid 3 tid 106028
target_page_id id: 2 tid 106028
0 1 tid 106028
210 4 tid 106028
365 2 tid 106028
Insert  tid 106029
148 tid 106028
Remove  tid 106028
FindTargetPageId rootid 3 tid 106028
target_page_id id: 2 tid 106028
0 1 tid 106028
210 4 tid 106028
365 2 tid 106028
148 tid 106028
Remove  tid 106028
FindTargetPageId rootid 3 tid 106028
target_page_id id: 2 tid 106028
0 1 tid 106028
210 4 tid 106028
365 2 tid 106028
148 tid 106028
Remove  tid 106028
FindTargetPageId rootid 3 tid 106028
target_page_id id: 2 tid 106028
0 1 tid 106028
210 4 tid 106028
365 2 tid 106028
148 tid 106028
Remove  tid 106028
FindTargetPageId rootid 3 tid 106028
target_page_id id: 2 tid 106028
0 1 tid 106028
210 4 tid 106028
365 2 tid 106028
148 tid 106028
Remove  tid 106028
FindTargetPageId rootid 3 tid 106028
target_page_id id: 2 tid 106028
0 1 tid 106028
210 4 tid 106028
365 2 tid 106028
148 tid 106028
Remove  tid 106028
FindTargetPageId rootid 3 tid 106028
target_page_id id: 2 tid 106028
0 1 tid 106028
210 4 tid 106028
365 2 tid 106028
148 tid 106028
Remove  tid 106028
FindTargetPageId rootid 3 tid 106028
target_page_id id: 2 tid 106028
0 1 tid 106028
210 4 tid 106028
365 2 tid 106028
148 tid 106028
Remove  tid 106028
FindTargetPageId rootid 3 tid 106028
target_page_id id: 2 tid 106028
0 1 tid 106028
210 4 tid 106028
365 2 tid 106028
148 tid 106028
Remove  tid 106028
FindTargetPageId rootid 3 tid 106029
target_page_id id: 2 tid 106029
0 1 tid 106029
210 4 tid 106029
365 2 tid 106029
148 tid 106029
Insert  tid 106029
FindTargetPageId rootid 3 tid 106027
target_page_id id: 2 tid 106027
0 1 tid 106027
210 4 tid 106027
365 2 tid 106027
148 tid 106027
Insert  tid 106027
FindTargetPageId rootid 3 tid 106028
target_page_id id: 2 tid 106028
0 1 tid 106028
210 4 tid 106028
365 2 tid 106028
149 tid 106028
Remove  tid 106028
FindTargetPageId rootid 3 tid 106029
target_page_id id: 2 tid 106029
0 1 tid 106029
210 4 tid 106029
365 2 tid 106029
149 tid 106029
Insert  tid 106029
FindTargetPageId rootid 3 tid 106027
target_page_id id: 2 tid 106027
0 1 tid 106027
210 4 tid 106027
365 2 tid 106027
149 tid 106027
Insert  tid 106027
FindTargetPageId rootid 3 tid 106027
target_page_id id: 2 tid 106027
0 1 tid 106027
210 4 tid 106027
365 2 tid 106027
150 tid 106027
Insert  tid 106027
FindTargetPageId rootid 3 tid 106029
target_page_id id: 2 tid 106029
0 1 tid 106029
210 4 tid 106029
365 2 tid 106029
151 tid 106029
Insert  tid 106029
FindTargetPageId rootid 3 tid 106028
target_page_id id: 2 tid 106028
0 1 tid 106028
210 4 tid 106028
365 2 tid 106028
151 tid 106028
Remove  tid 106028
FindTargetPageId rootid 3 tid 106027
target_page_id id: 2 tid 106027
0 1 tid 106027
210 4 tid 106027
365 2 tid 106027
151 tid 106027
Insert  tid 106027
FindTargetPageId rootid 3 tid 106027
target_page_id id: 2 tid 106027
0 1 tid 106027
210 4 tid 106027
365 2 tid 106027
152 tid 106027
Insert  tid 106027
FindTargetPageId rootid 3 tid 106028
target_page_id id: 2 tid 106028
0 1 tid 106028
210 4 tid 106028
365 2 tid 106028
153 tid 106028
Remove  tid 106028
FindTargetPageId rootid 3 tid 106028
target_page_id id: 2 tid 106028
0 1 tid 106028
210 4 tid 106028
365 2 tid 106028
153 tid 106028
Remove  tid 106028
FindTargetPageId rootid 3 tid 106027
target_page_id id: 2 tid 106027
0 1 tid 106027
210 4 tid 106027
365 2 tid 106027
153 tid 106027
Insert  tid 106027
FindTargetPageId rootid 3 tid 106029
target_page_id id: 2 tid 106029
0 1 tid 106029
210 4 tid 106029
365 2 tid 106029
154 tid 106029
Insert  tid 106029
FindTargetPageId rootid 3 tid 106029
target_page_id id: 2 tid 106029
0 1 tid 106029
210 4 tid 106029
365 2 tid 106029
154 tid 106029
Insert  tid 106029
FindTargetPageId rootid 3 tid 106029
target_page_id id: 2 tid 106029
0 1 tid 106029
210 4 tid 106029
365 2 tid 106029
154 tid 106029
Insert  tid 106029
FindTargetPageId rootid 3 tid 106027
target_page_id id: 2 tid 106027
0 1 tid 106027
210 4 tid 106027
365 2 tid 106027
154 tid 106027
Insert  tid 106027
FindTargetPageId rootid 3 tid 106028
target_page_id id: 2 tid 106028
0 1 tid 106028
210 4 tid 106028
365 2 tid 106028
155 tid 106028
Remove  tid 106028
FindTargetPageId rootid 3 tid 106028
target_page_id id: 2 tid 106028
0 1 tid 106028
210 4 tid 106028
365 2 tid 106028
155 tid 106028
Remove  tid 106028
FindTargetPageId rootid 3 tid 106028
target_page_id id: 2 tid 106028
0 1 tid 106028
210 4 tid 106028
365 2 tid 106028
155 tid 106028
Remove  tid 106028
FindTargetPageId rootid 3 tid 106028
target_page_id id: 2 tid 106028
0 1 tid 106028
210 4 tid 106028
365 2 tid 106028
155 tid 106028
Remove  tid 106028
FindTargetPageId rootid 3 tid 106028
target_page_id id: 2 tid 106028
0 1 tid 106028
210 4 tid 106028
365 2 tid 106028
155 tid 106028
Remove  tid 106028
FindTargetPageId rootid 3 tid 106028
target_page_id id: 2 tid 106028
0 1 tid 106028
210 4 tid 106028
365 2 tid 106028
155 tid 106028
Remove  tid 106028
FindTargetPageId rootid 3 tid 106028
target_page_id id: 2 tid 106028
0 1 tid 106028
210 4 tid 106028
365 2 tid 106028
155 tid 106028
Remove  tid 106028
FindTargetPageId rootid 3 tid 106028
target_page_id id: 2 tid 106028
0 1 tid 106028
210 4 tid 106028
365 2 tid 106028
155 tid 106028
Remove  tid 106028
FindTargetPageId rootid 3 tid 106028
target_page_id id: 2 tid 106028
0 1 tid 106028
210 4 tid 106028
365 2 tid 106028
155 tid 106028
Remove  tid 106028
FindTargetPageId rootid 3 tid 106028
target_page_id id: 2 tid 106028
0 1 tid 106028
210 4 tid 106028
365 2 tid 106028
155 tid 106028
Remove  tid 106028
FindTargetPageId rootid 3 tid 106028
target_page_id id: 2 tid 106028
0 1 tid 106028
210 4 tid 106028
365 2 tid 106028
155 tid 106028
Remove  tid 106028
FindTargetPageId rootid 3 tid 106028
target_page_id id: 2 tid 106028
0 1 tid 106028
210 4 tid 106028
365 2 tid 106028
155 tid 106028
Remove  tid 106028
FindTargetPageId rootid 3 tid 106028
target_page_id id: 2 tid 106028
0 1 tid 106028
210 4 tid 106028
365 2 tid 106028
155 tid 106028
Remove  tid 106028
FindTargetPageId rootid 3 tid 106028
target_page_id id: 2 tid 106028
0 1 tid 106028
210 4 tid 106028
365 2 tid 106028
155 tid 106028
Remove  tid 106028
FindTargetPageId rootid 3 tid 106028
target_page_id id: 2 tid 106028
0 1 tid 106028
210 4 tid 106028
365 2 tid 106028
155 tid 106028
Remove  tid 106028
FindTargetPageId rootid 3 tid 106028
target_page_id id: 2 tid 106028
0 1 tid 106028
210 4 tid 106028
365 2 tid 106028
155 tid 106028
Remove  tid 106028
FindTargetPageId rootid 3 tid 106028
target_page_id id: 2 tid 106028
0 1 tid 106028
210 4 tid 106028
365 2 tid 106028
155 tid 106028
Remove  tid 106028
FindTargetPageId rootid 3 tid 106028
target_page_id id: 2 tid 106028
0 1 tid 106028
210 4 tid 106028
365 2 tid 106028
155 tid 106028
Remove  tid 106028
FindTargetPageId rootid 3 tid 106028
target_page_id id: 2 tid 106028
0 1 tid 106028
210 4 tid 106028
365 2 tid 106028
155 tid 106028
Remove  tid 106028
FindTargetPageId rootid 3 tid 106028
target_page_id id: 2 tid 106028
0 1 tid 106028
210 4 tid 106028
365 2 tid 106028
155 tid 106028
Remove  tid 106028
FindTargetPageId rootid 3 tid 106028
target_page_id id: 2 tid 106028
0 1 tid 106028
210 4 tid 106028
365 2 tid 106028
155 tid 106028
Remove  tid 106028
FindTargetPageId rootid 3 tid 106028
target_page_id id: 2 tid 106028
0 1 tid 106028
210 4 tid 106028
365 2 tid 106028
155 tid 106028
Remove  tid 106028
FindTargetPageId rootid 3 tid 106028
target_page_id id: 2 tid 106028
0 1 tid 106028
210 4 tid 106028
365 2 tid 106028
155 tid 106028
Remove  tid 106028
FindTargetPageId rootid 3 tid 106028
target_page_id id: 2 tid 106028
0 1 tid 106028
210 4 tid 106028
365 2 tid 106028
155 tid 106028
Remove  tid 106028
FindTargetPageId rootid 3 tid 106028
target_page_id id: 2 tid 106028
0 1 tid 106028
210 4 tid 106028
365 2 tid 106028
155 tid 106028
Remove  tid 106028
FindTargetPageId rootid 3 tid 106028
target_page_id id: 2 tid 106028
0 1 tid 106028
210 4 tid 106028
365 2 tid 106028
155 tid 106028
Remove  tid 106028
FindTargetPageId rootid 3 tid 106028
target_page_id id: 2 tid 106028
0 1 tid 106028
210 4 tid 106028
365 2 tid 106028
155 tid 106028
Remove  tid 106028
FindTargetPageId rootid 3 tid 106028
target_page_id id: 2 tid 106028
0 1 tid 106028
210 4 tid 106028
365 2 tid 106028
155 tid 106028
Remove  tid 106028
FindTargetPageId rootid 3 tid 106028
target_page_id id: 2 tid 106028
0 1 tid 106028
210 4 tid 106028
365 2 tid 106028
155 tid 106028
Remove  tid 106028
FindTargetPageId rootid 3 tid 106028
target_page_id id: 2 tid 106028
0 1 tid 106028
210 4 tid 106028
365 2 tid 106028
155 tid 106028
Remove  tid 106028
FindTargetPageId rootid 3 tid 106028
target_page_id id: 2 tid 106028
0 1 tid 106028
210 4 tid 106028
365 2 tid 106028
155 tid 106028
Remove  tid 106028
FindTargetPageId rootid 3 tid 106028
target_page_id id: 2 tid 106028
0 1 tid 106028
210 4 tid 106028
365 2 tid 106028
155 tid 106028
Remove  tid 106028
FindTargetPageId rootid 3 tid 106028
target_page_id id: 2 tid 106028
0 1 tid 106028
210 4 tid 106028
365 2 tid 106028
155 tid 106028
Remove  tid 106028
FindTargetPageId rootid 3 tid 106028
target_page_id id: 2 tid 106028
0 1 tid 106028
210 4 tid 106028
365 2 tid 106028
155 tid 106028
Remove  tid 106028
FindTargetPageId rootid 3 tid 106028
target_page_id id: 2 tid 106028
0 1 tid 106028
210 4 tid 106028
365 2 tid 106028
155 tid 106028
Remove  tid 106028
FindTargetPageId rootid 3 tid 106028
target_page_id id: 2 tid 106028
0 1 tid 106028
210 4 tid 106028
365 2 tid 106028
155 tid 106028
Remove  tid 106028
FindTargetPageId rootid 3 tid 106028
target_page_id id: 2 tid 106028
0 1 tid 106028
210 4 tid 106028
365 2 tid 106028
155 tid 106028
Remove  tid 106028
FindTargetPageId rootid 3 tid 106028
target_page_id id: 2 tid 106028
0 1 tid 106028
210 4 tid 106028
365 2 tid 106028
155 tid 106028
Remove  tid 106028
FindTargetPageId rootid 3 tid 106028
target_page_id id: 2 tid 106028
0 1 tid 106028
210 4 tid 106028
365 2 tid 106028
155 tid 106028
Remove  tid 106028
FindTargetPageId rootid 3 tid 106028
target_page_id id: 2 tid 106028
0 1 tid 106028
210 4 tid 106028
365 2 tid 106028
155 tid 106028
Remove  tid 106028
FindTargetPageId rootid 3 tid 106028
target_page_id id: 2 tid 106028
0 1 tid 106028
210 4 tid 106028
365 2 tid 106028
155 tid 106028
Remove  tid 106028
FindTargetPageId rootid 3 tid 106028
target_page_id id: 2 tid 106028
0 1 tid 106028
210 4 tid 106028
365 2 tid 106028
155 tid 106028
Remove  tid 106028
FindTargetPageId rootid 3 tid 106028
target_page_id id: 2 tid 106028
0 1 tid 106028
210 4 tid 106028
365 2 tid 106028
155 tid 106028
Remove  tid 106028
FindTargetPageId rootid 3 tid 106028
target_page_id id: 2 tid 106028
0 1 tid 106028
210 4 tid 106028
365 2 tid 106028
155 tid 106028
Remove  tid 106028
FindTargetPageId rootid 3 tid 106028
target_page_id id: 2 tid 106028
0 1 tid 106028
210 4 tid 106028
365 2 tid 106028
155 tid 106028
Remove  tid 106028
FindTargetPageId rootid 3 tid 106028
target_page_id id: 2 tid 106028
0 1 tid 106028
210 4 tid 106028
365 2 tid 106028
155 tid 106028
Remove  tid 106028
FindTargetPageId rootid 3 tid 106028
target_page_id id: 2 tid 106028
0 1 tid 106028
210 4 tid 106028
365 2 tid 106028
155 tid 106028
Remove  tid 106028
FindTargetPageId rootid 3 tid 106028
target_page_id id: 2 tid 106028
0 1 tid 106028
210 4 tid 106028
365 2 tid 106028
155 tid 106028
Remove  tid 106028
FindTargetPageId rootid 3 tid 106028
target_page_id id: 2 tid 106028
0 1 tid 106028
210 4 tid 106028
365 2 tid 106028
155 tid 106028
Remove  tid 106028
FindTargetPageId rootid 3 tid 106028
target_page_id id: 2 tid 106028
0 1 tid 106028
210 4 tid 106028
365 2 tid 106028
155 tid 106028
Remove  tid 106028
FindTargetPageId rootid 3 tid 106028
target_page_id id: 2 tid 106028
0 1 tid 106028
210 4 tid 106028
365 2 tid 106028
155 tid 106028
Remove  tid 106028
FindTargetPageId rootid 3 tid 106028
target_page_id id: 2 tid 106028
0 1 tid 106028
210 4 tid 106028
365 2 tid 106028
155 tid 106028
Remove  tid 106028
FindTargetPageId rootid 3 tid 106028
target_page_id id: 2 tid 106028
0 1 tid 106028
210 4 tid 106028
365 2 tid 106028
155 tid 106028
Remove  tid 106028
FindTargetPageId rootid 3 tid 106028
target_page_id id: 2 tid 106028
0 1 tid 106028
210 4 tid 106028
365 2 tid 106028
155 tid 106028
Remove  tid 106028
FindTargetPageId rootid 3 tid 106028
target_page_id id: 2 tid 106028
0 1 tid 106028
210 4 tid 106028
365 2 tid 106028
155 tid 106028
Remove  tid 106028
FindTargetPageId rootid 3 tid 106028
target_page_id id: 2 tid 106028
0 1 tid 106028
210 4 tid 106028
365 2 tid 106028
155 tid 106028
Remove  tid 106028
FindTargetPageId rootid 3 tid 106028
target_page_id id: 2 tid 106028
0 1 tid 106028
210 4 tid 106028
365 2 tid 106028
155 tid 106028
Remove  tid 106028
FindTargetPageId rootid 3 tid 106028
target_page_id id: 2 tid 106028
0 1 tid 106028
210 4 tid 106028
365 2 tid 106028
155 tid 106028
Remove  tid 106028
FindTargetPageId rootid 3 tid 106028
target_page_id id: 2 tid 106028
0 1 tid 106028
210 4 tid 106028
365 2 tid 106028
155 tid 106028
Remove  tid 106028
FindTargetPageId rootid 3 tid 106028
target_page_id id: 2 tid 106028
0 1 tid 106028
210 4 tid 106028
365 2 tid 106028
155 tid 106028
Remove  tid 106028
FindTargetPageId rootid 3 tid 106028
target_page_id id: 2 tid 106028
0 1 tid 106028
210 4 tid 106028
365 2 tid 106028
155 tid 106028
Remove  tid 106028
FindTargetPageId rootid 3 tid 106028
target_page_id id: 2 tid 106028
0 1 tid 106028
210 4 tid 106028
365 2 tid 106028
155 tid 106028
Remove  tid 106028
FindTargetPageId rootid 3 tid 106028
target_page_id id: 2 tid 106028
0 1 tid 106028
210 4 tid 106028
365 2 tid 106028
155 tid 106028
Remove  tid 106028
FindTargetPageId rootid 3 tid 106028
target_page_id id: 2 tid 106028
0 1 tid 106028
210 4 tid 106028
365 2 tid 106028
155 tid 106028
Remove  tid 106028
FindTargetPageId rootid 3 tid 106028
target_page_id id: 2 tid 106028
0 1 tid 106028
210 4 tid 106028
365 2 tid 106028
155 tid 106028
Remove  tid 106028
FindTargetPageId rootid 3 tid 106028
target_page_id id: 2 tid 106028
0 1 tid 106028
210 4 tid 106028
365 2 tid 106028
155 tid 106028
Remove  tid 106028
FindTargetPageId rootid 3 tid 106028
target_page_id id: 2 tid 106028
0 1 tid 106028
210 4 tid 106028
365 2 tid 106028
155 tid 106028
Remove  tid 106028
FindTargetPageId rootid 3 tid 106028
target_page_id id: 2 tid 106028
0 1 tid 106028
210 4 tid 106028
365 2 tid 106028
155 tid 106028
Remove  tid 106028
FindTargetPageId rootid 3 tid 106028
target_page_id id: 2 tid 106028
0 1 tid 106028
210 4 tid 106028
365 2 tid 106028
155 tid 106028
Remove  tid 106028
FindTargetPageId rootid 3 tid 106028
target_page_id id: 2 tid 106028
0 1 tid 106028
210 4 tid 106028
365 2 tid 106028
155 tid 106028
Remove  tid 106028
FindTargetPageId rootid 3 tid 106028
target_page_id id: 2 tid 106028
0 1 tid 106028
210 4 tid 106028
365 2 tid 106028
155 tid 106028
Remove  tid 106028
FindTargetPageId rootid 3 tid 106028
target_page_id id: 2 tid 106028
0 1 tid 106028
210 4 tid 106028
365 2 tid 106028
155 tid 106028
FindTargetPageId rootid 3 tid 106027
target_page_id id: 2 tid 106027
0 1 tid 106027
210 4 tid 106027
365 2 tid 106027
155 tid 106027
Insert  tid 106027
FindTargetPageId rootid 3 tid 106027
target_page_id id: 2 tid 106027
0 1 tid 106027
210 4 tid 106027
365 2 tid 106027
156 tid 106027
Insert  tid 106027
FindTargetPageId rootid 3 tid 106027
target_page_id id: 2 tid 106027
0 1 tid 106027
210 4 tid 106027
365 2 tid 106027
157 tid 106027
Insert  tid 106027
FindTargetPageId rootid 3 tid 106027
target_page_id id: 2 tid 106027
0 1 tid 106027
210 4 tid 106027
365 2 tid 106027
Remove  tid 106028
158 tid 106027
Insert  tid 106027
FindTargetPageId rootid 3 tid 106029
target_page_id id: 2 tid 106029
0 1 tid 106029
210 4 tid 106029
365 2 tid 106029
159 tid 106029
Insert  tid 106029
FindTargetPageId rootid 3 tid 106029
target_page_id id: 2 tid 106029
0 1 tid 106029
210 4 tid 106029
365 2 tid 106029
159 tid 106029
Insert  tid 106029
FindTargetPageId rootid 3 tid 106029
target_page_id id: 2 tid 106029
0 1 tid 106029
210 4 tid 106029
365 2 tid 106029
159 tid 106029
Insert  tid 106029
FindTargetPageId rootid 3 tid 106029
target_page_id id: 2 tid 106029
0 1 tid 106029
210 4 tid 106029
365 2 tid 106029
159 tid 106029
Insert  tid 106029
FindTargetPageId rootid 3 tid 106029
target_page_id id: 2 tid 106029
0 1 tid 106029
210 4 tid 106029
365 2 tid 106029
159 tid 106029
Insert  tid 106029
FindTargetPageId rootid 3 tid 106027
target_page_id id: 2 tid 106027
0 1 tid 106027
210 4 tid 106027
365 2 tid 106027
159 tid 106027
Insert  tid 106027
FindTargetPageId rootid 3 tid 106027
target_page_id id: 2 tid 106027
0 1 tid 106027
210 4 tid 106027
365 2 tid 106027
160 tid 106027
Insert  tid 106027
FindTargetPageId rootid 3 tid 106027
target_page_id id: 2 tid 106027
0 1 tid 106027
210 4 tid 106027
365 2 tid 106027
161 tid 106027
Insert  tid 106027
FindTargetPageId rootid 3 tid 106028
target_page_id id: 2 tid 106028
0 1 tid 106028
210 4 tid 106028
365 2 tid 106028
162 tid 106028
Remove  tid 106028
FindTargetPageId rootid 3 tid 106028
target_page_id id: 2 tid 106028
0 1 tid 106028
210 4 tid 106028
365 2 tid 106028
162 tid 106028
Remove  tid 106028
FindTargetPageId rootid 3 tid 106028
target_page_id id: 2 tid 106028
0 1 tid 106028
210 4 tid 106028
365 2 tid 106028
162 tid 106028
Remove  tid 106028
FindTargetPageId rootid 3 tid 106029
target_page_id id: 2 tid 106029
0 1 tid 106029
210 4 tid 106029
365 2 tid 106029
162 tid 106029
Insert  tid 106029
FindTargetPageId rootid 3 tid 106029
target_page_id id: 2 tid 106029
0 1 tid 106029
210 4 tid 106029
365 2 tid 106029
162 tid 106029
Insert  tid 106029
FindTargetPageId rootid 3 tid 106029
target_page_id id: 2 tid 106029
0 1 tid 106029
210 4 tid 106029
365 2 tid 106029
162 tid 106029
Insert  tid 106029
FindTargetPageId rootid 3 tid 106029
target_page_id id: 2 tid 106029
0 1 tid 106029
210 4 tid 106029
365 2 tid 106029
162 tid 106029
Insert  tid 106029
FindTargetPageId rootid 3 tid 106029
target_page_id id: 2 tid 106029
0 1 tid 106029
210 4 tid 106029
365 2 tid 106029
162 tid 106029
Insert  tid 106029
FindTargetPageId rootid 3 tid 106029
target_page_id id: 2 tid 106029
0 1 tid 106029
210 4 tid 106029
365 2 tid 106029
162 tid 106029
Insert  tid 106029
FindTargetPageId rootid 3 tid 106027
target_page_id id: 2 tid 106027
0 1 tid 106027
210 4 tid 106027
365 2 tid 106027
163 tid 106027
Insert  tid 106027
FindTargetPageId rootid 3 tid 106027
target_page_id id: 2 tid 106027
0 1 tid 106027
210 4 tid 106027
365 2 tid 106027
163 tid 106027
Insert  tid 106027
FindTargetPageId rootid 3 tid 106027
target_page_id id: 2 tid 106027
0 1 tid 106027
210 4 tid 106027
365 2 tid 106027
164 tid 106027
Insert  tid 106027
FindTargetPageId rootid 3 tid 106027
target_page_id id: 2 tid 106027
0 1 tid 106027
210 4 tid 106027
365 2 tid 106027
165 tid 106027
Insert  tid 106027
FindTargetPageId rootid 3 tid 106027
target_page_id id: 2 tid 106027
0 1 tid 106027
210 4 tid 106027
365 2 tid 106027
166 tid 106027
Insert  tid 106027
FindTargetPageId rootid 3 tid 106027
target_page_id id: 2 tid 106027
0 1 tid 106027
210 4 tid 106027
365 2 tid 106027
167 tid 106027
Insert  tid 106027
FindTargetPageId rootid 3 tid 106027
target_page_id id: 2 tid 106027
0 1 tid 106027
210 4 tid 106027
365 2 tid 106027
168 tid 106027
Insert  tid 106027
FindTargetPageId rootid 3 tid 106027
target_page_id id: 2 tid 106027
0 1 tid 106027
210 4 tid 106027
365 2 tid 106027
169 tid 106027
Insert  tid 106027
FindTargetPageId rootid 3 tid 106027
target_page_id id: 2 tid 106027
0 1 tid 106027
210 4 tid 106027
365 2 tid 106027
170 tid 106027
Insert  tid 106027
FindTargetPageId rootid 3 tid 106027
target_page_id id: 2 tid 106027
0 1 tid 106027
210 4 tid 106027
365 2 tid 106027
171 tid 106027
Insert  tid 106027
FindTargetPageId rootid 3 tid 106027
target_page_id id: 2 tid 106027
0 1 tid 106027
210 4 tid 106027
365 2 tid 106027
172 tid 106027
Insert  tid 106027
FindTargetPageId rootid 3 tid 106027
target_page_id id: 2 tid 106027
0 1 tid 106027
210 4 tid 106027
365 2 tid 106027
173 tid 106027
Insert  tid 106027
FindTargetPageId rootid 3 tid 106027
target_page_id id: 2 tid 106027
0 1 tid 106027
210 4 tid 106027
365 2 tid 106027
174 tid 106027
Insert  tid 106027
FindTargetPageId rootid 3 tid 106027
target_page_id id: 2 tid 106027
0 1 tid 106027
210 4 tid 106027
365 2 tid 106027
175 tid 106027
Insert  tid 106027
FindTargetPageId rootid 3 tid 106028
target_page_id id: 2 tid 106028
0 1 tid 106028
210 4 tid 106028
365 2 tid 106028
176 tid 106028
Remove  tid 106028
FindTargetPageId rootid 3 tid 106029
target_page_id id: 2 tid 106029
0 1 tid 106029
210 4 tid 106029
365 2 tid 106029
176 tid 106029
Insert  tid 106029
FindTargetPageId rootid 3 tid 106029
target_page_id id: 2 tid 106029
0 1 tid 106029
210 4 tid 106029
365 2 tid 106029
176 tid 106029
Insert  tid 106029
FindTargetPageId rootid 3 tid 106028
target_page_id id: 2 tid 106028
0 1 tid 106028
210 4 tid 106028
365 2 tid 106028
176 tid 106028
Remove  tid 106028
FindTargetPageId rootid 3 tid 106027
target_page_id id: 2 tid 106027
0 1 tid 106027
210 4 tid 106027
365 2 tid 106027
176 tid 106027
Insert  tid 106027
FindTargetPageId rootid 3 tid 106029
target_page_id id: 2 tid 106029
0 1 tid 106029
210 4 tid 106029
365 2 tid 106029
177 tid 106029
Insert  tid 106029
FindTargetPageId rootid 3 tid 106028
target_page_id id: 2 tid 106028
0 1 tid 106028
210 4 tid 106028
365 2 tid 106028
177 tid 106028
Remove  tid 106028
FindTargetPageId rootid 3 tid 106028
target_page_id id: 2 tid 106028
0 1 tid 106028
210 4 tid 106028
365 2 tid 106028
177 tid 106028
Remove  tid 106028
FindTargetPageId rootid 3 tid 106027
target_page_id id: 2 tid 106027
0 1 tid 106027
210 4 tid 106027
365 2 tid 106027
177 tid 106027
Insert  tid 106027
FindTargetPageId rootid 3 tid 106029
target_page_id id: 2 tid 106029
0 1 tid 106029
210 4 tid 106029
365 2 tid 106029
178 tid 106029
Insert  tid 106029
FindTargetPageId rootid 3 tid 106029
target_page_id id: 2 tid 106029
0 1 tid 106029
210 4 tid 106029
365 2 tid 106029
178 tid 106029
Insert  tid 106029
FindTargetPageId rootid 3 tid 106027
target_page_id id: 2 tid 106027
0 1 tid 106027
210 4 tid 106027
365 2 tid 106027
178 tid 106027
Insert  tid 106027
FindTargetPageId rootid 3 tid 106027
target_page_id id: 2 tid 106027
0 1 tid 106027
210 4 tid 106027
365 2 tid 106027
179 tid 106027
Insert  tid 106027
FindTargetPageId rootid 3 tid 106029
target_page_id id: 2 tid 106029
0 1 tid 106029
210 4 tid 106029
365 2 tid 106029
180 tid 106029
Insert  tid 106029
FindTargetPageId rootid 3 tid 106029
target_page_id id: 2 tid 106029
0 1 tid 106029
210 4 tid 106029
365 2 tid 106029
180 tid 106029
Insert  tid 106029
FindTargetPageId rootid 3 tid 106029
target_page_id id: 2 tid 106029
0 1 tid 106029
210 4 tid 106029
365 2 tid 106029
180 tid 106029
Insert  tid 106029
FindTargetPageId rootid 3 tid 106028
target_page_id id: 2 tid 106028
0 1 tid 106028
210 4 tid 106028
365 2 tid 106028
180 tid 106028
Remove  tid 106028
FindTargetPageId rootid 3 tid 106027
target_page_id id: 2 tid 106027
0 1 tid 106027
210 4 tid 106027
365 2 tid 106027
180 tid 106027
Insert  tid 106027
FindTargetPageId rootid 3 tid 106028
target_page_id id: 2 tid 106028
0 1 tid 106028
210 4 tid 106028
365 2 tid 106028
181 tid 106028
Remove  tid 106028
FindTargetPageId rootid 3 tid 106029
target_page_id id: 2 tid 106029
0 1 tid 106029
210 4 tid 106029
365 2 tid 106029
181 tid 106029
Insert  tid 106029
FindTargetPageId rootid 3 tid 106029
target_page_id id: 2 tid 106029
0 1 tid 106029
210 4 tid 106029
365 2 tid 106029
181 tid 106029
Insert  tid 106029
FindTargetPageId rootid 3 tid 106029
target_page_id id: 2 tid 106029
0 1 tid 106029
210 4 tid 106029
365 2 tid 106029
181 tid 106029
Insert  tid 106029
FindTargetPageId rootid 3 tid 106029
target_page_id id: 2 tid 106029
0 1 tid 106029
210 4 tid 106029
365 2 tid 106029
181 tid 106029
Insert  tid 106029
FindTargetPageId rootid 3 tid 106027
target_page_id id: 2 tid 106027
0 1 tid 106027
210 4 tid 106027
365 2 tid 106027
181 tid 106027
Insert  tid 106027
FindTargetPageId rootid 3 tid 106027
target_page_id id: 2 tid 106027
0 1 tid 106027
210 4 tid 106027
365 2 tid 106027
182 tid 106027
Insert  tid 106027
FindTargetPageId rootid 3 tid 106029
target_page_id id: 2 tid 106029
0 1 tid 106029
210 4 tid 106029
365 2 tid 106029
183 tid 106029
FindTargetPageId rootid 3 tid 106028
target_page_id id: 2 tid 106028
0 1 tid 106028
210 4 tid 106028
365 2 tid 106028
183 tid 106028
Remove  tid 106028
FindTargetPageId rootid 3 tid 106028
target_page_id id: 2 tid 106028
0 1 tid Insert 106028
210 4 tid 106028
365 2 tid 106028
183 tid 106028
Remove  tid 106028
FindTargetPageId rootid 3 tid 106027
target_page_id id: 2 tid 106027
0 1 tid 106027
210 4 tid 106027
365 2 tid 106027
 tid 183 tid 106027
106029
Insert  tid 106027
FindTargetPageId rootid 3 tid 106029
target_page_id id: 2 tid 106029
0 1 tid 106029
210 4 tid 106029
365 2 tid 106029
184 tid 106029
FindTargetPageId rootid 3 tid 106027
target_page_id id: 2 tid 106027
0 1 tid 106027
210 4 tid 106027
365 2 tid Insert  tid 106027
184 tid 106027
106029
Insert  tid 106027
FindTargetPageId rootid 3 tid 106029
target_page_id id: 2 tid 106029
0 1 tid 106029
210 4 tid 106029
365 2 tid 106029
185 tid 106029
FindTargetPageId rootid 3 tid Insert  tid 106027
106029target_page_id id: 2 tid 106027
0 1 tid 106027
210 4 tid 106027
365 2 tid 106027

185 tid 106027
Insert  tid 106027
FindTargetPageId rootid 3 tid 106028
target_page_id id: 2 tid 106028
0 1 tid 106028
210 4 tid 106028
365 2 tid 106028
186 tid 106028
Remove  tid 106028
FindTargetPageId rootid 3 tid 106029
target_page_id id: 2 tid 106029
0 1 tid 106029
210 4 tid 106029
365 2 tid 106029
186 tid 106029
Insert  tid 106029
FindTargetPageId rootid 3 tid 106029
target_page_id id: 2 tid 106029
0 1 tid 106029
210 4 tid 106029
365 2 tid 106029
186 tid 106029
Insert  tid 106029
FindTargetPageId rootid 3 tid 106029
target_page_id id: 2 tid 106029
0 1 tid 106029
210 4 tid 106029
365 2 tid 106029
186 tid 106029
Insert  tid 106029
FindTargetPageId rootid 3 tid 106027
target_page_id id: 2 tid 106027
0 1 tid 106027
210 4 tid 106027
365 2 tid 106027
186 tid 106027
Insert  tid 106027
FindTargetPageId rootid 3 tid 106027
target_page_id id: 2 tid 106027
0 1 tid 106027
210 4 tid 106027
365 2 tid 106027
187 tid 106027
Insert  tid 106027
FindTargetPageId rootid 3 tid 106027
target_page_id id: 2 tid 106027
0 1 tid 106027
210 4 tid 106027
365 2 tid 106027
188 tid 106027
Insert  tid 106027
FindTargetPageId rootid 3 tid 106027
target_page_id id: 2 tid 106027
0 1 tid 106027
210 4 tid 106027
365 2 tid 106027
189 tid 106027
Insert  tid 106027
FindTargetPageId rootid 3 tid 106027
target_page_id id: 2 tid 106027
0 1 tid 106027
210 4 tid 106027
365 2 tid 106027
190 tid 106027
Insert  tid 106027
FindTargetPageId rootid 3 tid 106029
target_page_id id: 2 tid 106029
0 1 tid 106029
210 4 tid 106029
365 2 tid 106029
191 tid 106029
Insert  tid 106029
FindTargetPageId rootid 3 tid 106029
target_page_id id: 2 tid 106029
0 1 tid 106029
210 4 tid 106029
365 2 tid 106029
191 tid 106029
Insert  tid 106029
FindTargetPageId rootid 3 tid 106029
target_page_id id: 2 tid 106029
0 1 tid 106029
210 4 tid 106029
365 2 tid 106029
191 tid 106029
Insert  tid 106029
FindTargetPageId rootid 3 tid 106029
target_page_id id: 2 tid 106029
0 1 tid 106029
210 4 tid 106029
365 2 tid 106029
191 tid 106029
Insert  tid 106029
FindTargetPageId rootid 3 tid 106029
target_page_id id: 2 tid 106029
0 1 tid 106029
210 4 tid 106029
365 2 tid 106029
191 tid 106029
Insert  tid 106029
FindTargetPageId rootid 3 tid 106027
target_page_id id: 2 tid 106027
0 1 tid 106027
210 4 tid 106027
365 2 tid 106027
191 tid 106027
Insert  tid 106027
FindTargetPageId rootid 3 tid 106027
target_page_id id: 2 tid 106027
0 1 tid 106027
210 4 tid 106027
365 2 tid 106027
192 tid 106027
Insert  tid 106027
FindTargetPageId rootid 3 tid 106027
target_page_id id: 2 tid 106027
0 1 tid 106027
210 4 tid 106027
365 2 tid 106027
193 tid 106027
Insert  tid 106027
FindTargetPageId rootid 3 tid 106027
target_page_id id: 2 tid 106027
0 1 tid 106027
210 4 tid 106027
365 2 tid 106027
194 tid 106027
Insert  tid 106027
FindTargetPageId rootid 3 tid 106027
target_page_id id: 2 tid 106027
0 1 tid 106027
210 4 tid 106027
365 2 tid 106027
195 tid 106027
Insert  tid 106027
FindTargetPageId rootid 3 tid 106027
target_page_id id: 2 tid 106027
0 1 tid 106027
210 4 tid 106027
365 2 tid 106027
196 tid 106027
Insert  tid 106027
FindTargetPageId rootid 3 tid 106027
target_page_id id: 2 tid 106027
0 1 tid 106027
210 4 tid 106027
365 2 tid 106027
197 tid 106027
Insert  tid 106027
FindTargetPageId rootid 3 tid 106027
target_page_id id: 2 tid 106027
0 1 tid 106027
210 4 tid 106027
365 2 tid 106027
198 tid 106027
Insert  tid 106027
FindTargetPageId rootid 3 tid 106027
target_page_id id: 2 tid 106027
0 1 tid 106027
210 4 tid 106027
365 2 tid 106027
199 tid 106027
Insert  tid 106027
FindTargetPageId rootid 3 tid 106027
target_page_id id: 2 tid 106027
0 1 tid 106027
210 4 tid 106027
365 2 tid 106027
200 tid 106027
Insert  tid 106027
FindTargetPageId rootid 3 tid 106027
target_page_id id: 2 tid 106027
0 1 tid 106027
210 4 tid 106027
365 2 tid 106027
201 tid 106027
Insert  tid 106027
FindTargetPageId rootid 3 tid 106027
target_page_id id: 2 tid 106027
0 1 tid 106027
210 4 tid 106027
365 2 tid 106027
202 tid 106027
Insert  tid 106027
FindTargetPageId rootid 3 tid 106028
target_page_id id: 2 tid 106028
0 1 tid 106028
210 4 tid 106028
365 2 tid 106028
203 tid 106028
Remove  tid 106028
FindTargetPageId rootid 3 tid 106029
target_page_id id: 2 tid 106029
0 1 tid 106029
210 4 tid 106029
365 2 tid 106029
203 tid 106029
Insert  tid 106029
FindTargetPageId rootid 3 tid 106029
target_page_id id: 2 tid 106029
0 1 tid 106029
210 4 tid 106029
365 2 tid 106029
203 tid 106029
Insert  tid 106029
FindTargetPageId rootid 3 tid 106029
target_page_id id: 2 tid 106029
0 1 tid 106029
210 4 tid 106029
365 2 tid 106029
203 tid 106029
FindTargetPageId rootid 3 tid 106028
target_page_id id: 2 tid 106028
0 1 tid 106028
210 4 tid 106028
365 2 tid 106028
Insert  tid 203 tid 106028
Remove  tid 106028
FindTargetPageId rootid 3 tid 106028
target_page_id id: 1060292 tid 106028
0 1 tid 106028
210 4 tid 106028
365 2 tid 106028
203 tid 106028

Remove  tid 106028
FindTargetPageId rootid 3 tid 106029
target_page_id id: 2 tid 106029
0 1 tid 106029
210 4 tid 106029
365 2 tid 106029
203 tid 106029
Insert  tid 106029
FindTargetPageId rootid 3 tid 106029
target_page_id id: 2 tid 106029
0 1 tid 106029
210 4 tid 106029
365 2 tid 106029
203 tid 106029
Insert  tid 106029
FindTargetPageId rootid 3 tid 106029
target_page_id id: 2 tid 106029
0 1 tid 106029
210 4 tid 106029
365 2 tid 106029
203 tid 106029
Insert  tid 106029
FindTargetPageId rootid 3 tid 106029
target_page_id id: 2 tid 106029
0 1 tid 106029
210 4 tid 106029
365 2 tid 106029
203 tid 106029
Insert  tid 106029
FindTargetPageId rootid 3 tid 106029
target_page_id id: 2 tid 106029
0 1 tid 106029
210 4 tid 106029
365 2 tid 106029
203 tid 106029
Insert  tid 106029
FindTargetPageId rootid 3 tid 106027
target_page_id id: 2 tid 106027
0 1 tid 106027
210 4 tid 106027
365 2 tid 106027
203 tid 106027
Insert  tid 106027
FindTargetPageId rootid 3 tid 106027
target_page_id id: 2 tid 106027
0 1 tid 106027
210 4 tid 106027
365 2 tid 106027
204 tid 106027
Insert  tid 106027
FindTargetPageId rootid 3 tid 106027
target_page_id id: 2 tid 106027
0 1 tid 106027
210 4 tid 106027
365 2 tid 106027
205 tid 106027
Insert  tid 106027
FindTargetPageId rootid 3 tid 106028
target_page_id id: 2 tid 106028
0 1 tid 106028
210 4 tid 106028
365 2 tid 106028
206 tid 106028
Remove  tid 106028
FindTargetPageId rootid 3 tid 106029
target_page_id id: 2 tid 106029
0 1 tid 106029
210 4 tid 106029
365 2 tid 106029
206 tid 106029
Insert  tid 106029
FindTargetPageId rootid 3 tid 106027
target_page_id id: 2 tid 106027
0 1 tid 106027
210 4 tid 106027
365 2 tid 106027
206 tid 106027
Insert  tid 106027
FindTargetPageId rootid 3 tid 106028
target_page_id id: 2 tid 106028
0 1 tid 106028
210 4 tid 106028
365 2 tid 106028
207 tid 106028
Remove  tid 106028
FindTargetPageId rootid 3 tid 106029
target_page_id id: 2 tid 106029
0 1 tid 106029
210 4 tid 106029
365 2 tid 106029
207 tid 106029
Insert  tid 106029
FindTargetPageId rootid 3 tid 106027
target_page_id id: 2 tid 106027
0 1 tid 106027
210 4 tid 106027
365 2 tid 106027
207 tid 106027
Insert  tid 106027
FindTargetPageId rootid 3 tid 106027
target_page_id id: 2 tid 106027
0 1 tid 106027
210 4 tid 106027
365 2 tid 106027
208 tid 106027
Insert  tid 106027
FindTargetPageId rootid 3 tid 106027
target_page_id id: 2 tid 106027
0 1 tid 106027
210 4 tid 106027
365 2 tid 106027
209 tid 106027
Insert  tid 106027
FindTargetPageId rootid 3 tid 106027
target_page_id id: 2 tid 106027
0 1 tid 106027
210 4 tid 106027
365 2 tid 106027
210 tid 106027
Insert  tid 106027
FindTargetPageId rootid 3 tid 106028
target_page_id id: 2 tid 106028
0 1 tid 106028
210 4 tid 106028
365 2 tid 106028
211 tid 106028
Remove  tid 106028
FindTargetPageId rootid 3 tid 106028
target_page_id id: 2 tid 106028
0 1 tid 106028
210 4 tid 106028
365 2 tid 106028
211 tid 106028
Remove  tid 106028
FindTargetPageId rootid 3 tid 106028
target_page_id id: 2 tid 106028
0 1 tid 106028
210 4 tid 106028
365 2 tid 106028
211 tid 106028
Remove  tid 106028
FindTargetPageId rootid 3 tid 106028
target_page_id id: 2 tid 106028
0 1 tid 106028
210 4 tid 106028
365 2 tid 106028
211 tid 106028
Remove  tid 106028
FindTargetPageId rootid 3 tid 106028
target_page_id id: 2 tid 106028
0 1 tid 106028
210 4 tid 106028
365 2 tid 106028
211 tid 106028
Remove  tid 106028
FindTargetPageId rootid 3 tid 106028
target_page_id id: 2 tid 106028
0 1 tid 106028
210 4 tid 106028
365 2 tid 106028
211 tid 106028
Remove  tid 106028
FindTargetPageId rootid 3 tid 106028
target_page_id id: 2 tid 106028
0 1 tid 106028
210 4 tid 106028
365 2 tid 106028
211 tid 106028
Remove  tid 106028
FindTargetPageId rootid 3 tid 106028
target_page_id id: 2 tid 106028
0 1 tid 106028
210 4 tid 106028
365 2 tid 106028
211 tid 106028
Remove  tid 106028
FindTargetPageId rootid 3 tid 106028
target_page_id id: 2 tid 106028
0 1 tid 106028
210 4 tid 106028
365 2 tid 106028
211 tid 106028
Remove  tid 106028
FindTargetPageId rootid 3 tid 106027
target_page_id id: 2 tid 106027
0 1 tid 106027
210 4 tid 106027
365 2 tid 106027
211 tid 106027
Insert  tid 106027
FindTargetPageId rootid 3 tid 106027
target_page_id id: 2 tid 106027
0 1 tid 106027
210 4 tid 106027
365 2 tid 106027
212 tid 106027
Insert  tid 106027
FindTargetPageId rootid 3 tid 106027
target_page_id id: 2 tid 106027
0 1 tid 106027
210 4 tid 106027
365 2 tid 106027
213 tid 106027
Insert  tid 106027
FindTargetPageId rootid 3 tid 106027
target_page_id id: 2 tid 106027
0 1 tid 106027
210 4 tid 106027
365 2 tid 106027
214 tid 106027
Insert  tid 106027
FindTargetPageId rootid 3 tid 106027
target_page_id id: 2 tid 106027
0 1 tid 106027
210 4 tid 106027
365 2 tid 106027
215 tid 106027
Insert  tid 106027
FindTargetPageId rootid 3 tid 106027
target_page_id id: 2 tid 106027
0 1 tid 106027
210 4 tid 106027
365 2 tid 106027
216 tid 106027
Insert  tid 106027
FindTargetPageId rootid 3 tid 106027
target_page_id id: 2 tid 106027
0 1 tid 106027
210 4 tid 106027
365 2 tid 106027
217 tid 106027
Insert  tid 106027
FindTargetPageId rootid 3 tid 106029
target_page_id id: 2 tid 106029
0 1 tid 106029
210 4 tid 106029
365 2 tid 106029
218 tid 106029
Insert  tid FindTargetPageId rootid 3106029 tid 
106028
target_page_id id: 2 tid 106028
0 1 tid 106028
210 4 tid 106028
365 2 tid 106028
218 tid 106028
Remove  tid 106028
FindTargetPageId rootid 3 tid 106027
target_page_id id: 2 tid 106027
0 1 tid 106027
210 4 tid 106027
365 2 tid 106027
218 tid 106027
Insert  tid 106027
FindTargetPageId rootid 3 tid 106029
target_page_id id: 2 tid 106029
0 1 tid 106029
210 4 tid 106029
365 2 tid 106029
219 tid 106029
Insert  tid 106029
FindTargetPageId rootid 3 tid 106028
target_page_id id: 2 tid 106028
0 1 tid 106028
210 4 tid 106028
365 2 tid 106028
219 tid 106028
Remove  tid 106028
FindTargetPageId rootid 3 tid 106027
target_page_id id: 2 tid 106027
0 1 tid 106027
210 4 tid 106027
365 2 tid 106027
219 tid 106027
Insert  tid 106027
FindTargetPageId rootid 3 tid 106029
target_page_id id: 2 tid 106029
0 1 tid 106029
210 4 tid 106029
365 2 tid 106029
220 tid 106029
Insert  tid 106029
FindTargetPageId rootid 3 tid 106028
target_page_id id: 2 tid 106028
0 1 tid 106028
210 4 tid 106028
365 2 tid 106028
220 tid 106028
Remove  tid 106028
FindTargetPageId rootid 3 tid 106027
target_page_id id: 2 tid 106027
0 1 tid 106027
210 4 tid 106027
365 2 tid 106027
220 tid 106027
Insert  tid 106027
FindTargetPageId rootid 3 tid 106029
target_page_id id: 2 tid 106029
0 1 tid 106029
210 4 tid 106029
365 2 tid 106029
221 tid 106029
Insert  tid 106029
FindTargetPageId rootid 3 tid 106029
target_page_id id: 2 tid 106029
0 1 tid 106029
210 4 tid 106029
365 2 tid 106029
221 tid 106029
Insert  tid 106029
FindTargetPageId rootid 3 tid 106029
target_page_id id: 2 tid 106029
0 1 tid 106029
210 4 tid 106029
365 2 tid 106029
221 tid 106029
Insert  tid 106029
FindTargetPageId rootid 3 tid 106029
target_page_id id: 2 tid 106029
0 1 tid 106029
210 4 tid 106029
365 2 tid 106029
221 tid 106029
Insert  tid 106029
FindTargetPageId rootid 3 tid 106028
target_page_id id: 2 tid 106028
0 1 tid 106028
210 4 tid 106028
365 2 tid 106028
221 tid 106028
Remove  tid 106028
FindTargetPageId rootid 3 tid 106028
target_page_id id: 2 tid 106028
0 1 tid 106028
210 4 tid 106028
365 2 tid 106028
221 tid 106028
Remove  tid 106028
FindTargetPageId rootid 3 tid 106028
target_page_id id: 2 tid 106028
0 1 tid 106028
210 4 tid 106028
365 2 tid 106028
221 tid 106028
Remove  tid 106028
FindTargetPageId rootid 3 tid 106029
target_page_id id: 2 tid 106029
0 1 tid 106029
210 4 tid 106029
365 2 tid 106029
221 tid 106029
Insert  tid 106029
FindTargetPageId rootid 3 tid 106029
target_page_id id: 2 tid 106029
0 1 tid 106029
210 4 tid 106029
365 2 tid 106029
221 tid 106029
Insert  tid 106029
FindTargetPageId rootid 3 tid 106029
target_page_id id: 2 tid 106029
0 1 tid 106029
210 4 tid 106029
365 2 tid 106029
221 tid 106029
Insert  tid 106029
FindTargetPageId rootid 3 tid 106029
target_page_id id: 2 tid 106029
0 1 tid 106029
210 4 tid 106029
365 2 tid 106029
221 tid 106029
Insert  tid 106029
FindTargetPageId rootid 3 tid 106029
target_page_id id: 2 tid 106029
0 1 tid 106029
210 4 tid 106029
365 2 tid 106029
221 tid 106029
Insert  tid 106029
FindTargetPageId rootid 3 tid 106029
target_page_id id: 2 tid 106029
0 1 tid 106029
210 4 tid 106029
365 2 tid 106029
221 tid 106029
Insert  tid 106029
FindTargetPageId rootid 3 tid 106029
target_page_id id: 2 tid 106029
0 1 tid 106029
210 4 tid 106029
365 2 tid 106029
221 tid 106029
Insert  tid 106029
FindTargetPageId rootid 3 tid 106029
target_page_id id: 2 tid 106029
0 1 tid 106029
210 4 tid 106029
365 2 tid 106029
221 tid 106029
Insert  tid 106029
FindTargetPageId rootid 3 tid 106029
target_page_id id: 2 tid 106029
0 1 tid 106029
210 4 tid 106029
365 2 tid 106029
221 tid 106029
Insert  tid 106029
FindTargetPageId rootid 3 tid 106029
target_page_id id: 2 tid 106029
0 1 tid 106029
210 4 tid 106029
365 2 tid 106029
221 tid 106029
Insert  tid 106029
FindTargetPageId rootid 3 tid 106029
target_page_id id: 2 tid 106029
0 1 tid 106029
210 4 tid 106029
365 2 tid 106029
221 tid 106029
Insert  tid 106029
FindTargetPageId rootid 3 tid 106029
target_page_id id: 2 tid 106029
0 1 tid 106029
210 4 tid 106029
365 2 tid 106029
221 tid 106029
Insert  tid 106029
FindTargetPageId rootid 3 tid 106029
target_page_id id: 2 tid 106029
0 1 tid 106029
210 4 tid 106029
365 2 tid 106029
221 tid 106029
Insert  tid 106029
FindTargetPageId rootid 3 tid 106029
target_page_id id: 2 tid 106029
0 1 tid 106029
210 4 tid 106029
365 2 tid 106029
221 tid 106029
Insert  tid 106029
FindTargetPageId rootid 3 tid 106029
target_page_id id: 2 tid 106029
0 1 tid 106029
210 4 tid 106029
365 2 tid 106029
221 tid 106029
Insert  tid 106029
FindTargetPageId rootid 3 tid 106029
target_page_id id: 2 tid 106029
0 1 tid 106029
210 4 tid 106029
365 2 tid 106029
221 tid 106029
Insert  tid 106029
FindTargetPageId rootid 3 tid 106029
target_page_id id: 2 tid 106029
0 1 tid 106029
210 4 tid 106029
365 2 tid 106029
221 tid 106029
Insert  tid 106029
FindTargetPageId rootid 3 tid 106029
target_page_id id: 2 tid 106029
0 1 tid 106029
210 4 tid 106029
365 2 tid 106029
221 tid 106029
Insert  tid 106029
FindTargetPageId rootid 3 tid 106029
target_page_id id: 2 tid 106029
0 1 tid 106029
210 4 tid 106029
365 2 tid 106029
221 tid 106029
Insert  tid 106029
FindTargetPageId rootid 3 tid 106029
target_page_id id: 2 tid 106029
0 1 tid 106029
210 4 tid 106029
365 2 tid 106029
222 tid 106029
Insert  tid 106029
FindTargetPageId rootid 3 tid 106029
target_page_id id: 2 tid 106029
0 1 tid 106029
210 4 tid 106029
365 2 tid 106029
223 tid 106029
Insert  tid 106029
FindTargetPageId rootid 3 tid 106029
target_page_id id: 2 tid 106029
0 1 tid 106029
210 4 tid 106029
365 2 tid 106029
224 tid 106029
Insert  tid 106029
FindTargetPageId rootid 3 tid 106029
target_page_id id: 2 tid 106029
0 1 tid 106029
210 4 tid 106029
365 2 tid 106029
225 tid 106029
Insert  tid 106029
FindTargetPageId rootid 3 tid 106029
target_page_id id: 2 tid 106029
0 1 tid 106029
210 4 tid 106029
365 2 tid 106029
226 tid 106029
Insert  tid 106029
FindTargetPageId rootid 3 tid 106029
target_page_id id: 2 tid 106029
0 1 tid 106029
210 4 tid 106029
365 2 tid 106029
227 tid 106029
Insert  tid 106029
FindTargetPageId rootid 3 tid 106029
target_page_id id: 2 tid 106029
0 1 tid 106029
210 4 tid 106029
365 2 tid 106029
228 tid 106029
Insert  tid 106029
FindTargetPageId rootid 3 tid 106029
target_page_id id: 2 tid 106029
0 1 tid 106029
210 4 tid 106029
365 2 tid 106029
229 tid 106029
Insert  tid 106029
FindTargetPageId rootid 3 tid 106029
target_page_id id: 2 tid 106029
0 1 tid 106029
210 4 tid 106029
365 2 tid 106029
230 tid 106029
Insert  tid 106029
FindTargetPageId rootid 3 tid 106029
target_page_id id: 2 tid 106029
0 1 tid 106029
210 4 tid 106029
365 2 tid 106029
231 tid 106029
Insert  tid 106029
FindTargetPageId rootid 3 tid 106029
target_page_id id: 2 tid 106029
0 1 tid 106029
210 4 tid 106029
365 2 tid 106029
232 tid 106029
Insert  tid 106029
FindTargetPageId rootid 3 tid 106029
target_page_id id: 2 tid 106029
0 1 tid 106029
210 4 tid 106029
365 2 tid 106029
233 tid 106029
Insert  tid 106029
FindTargetPageId rootid 3 tid 106029
target_page_id id: 2 tid 106029
0 1 tid 106029
210 4 tid 106029
365 2 tid 106029
234 tid 106029
Insert  tid 106029
FindTargetPageId rootid 3 tid 106029
target_page_id id: 2 tid 106029
0 1 tid 106029
210 4 tid 106029
365 2 tid 106029
235 tid 106029
Insert  tid 106029
FindTargetPageId rootid 3 tid 106029
target_page_id id: 2 tid 106029
0 1 tid 106029
210 4 tid 106029
365 2 tid 106029
236 tid 106029
Insert  tid 106029
FindTargetPageId rootid 3 tid 106029
target_page_id id: 2 tid 106029
0 1 tid 106029
210 4 tid 106029
365 2 tid 106029
237 tid 106029
Insert  tid 106029
FindTargetPageId rootid 3 tid 106029
target_page_id id: 2 tid 106029
0 1 tid 106029
210 4 tid 106029
365 2 tid 106029
238 tid 106029
Insert  tid 106029
FindTargetPageId rootid 3 tid 106029
target_page_id id: 2 tid 106029
0 1 tid 106029
210 4 tid 106029
365 2 tid 106029
239 tid 106029
Insert  tid 106029
FindTargetPageId rootid 3 tid 106029
target_page_id id: 2 tid 106029
0 1 tid 106029
210 4 tid 106029
365 2 tid 106029
240 tid 106029
Insert  tid 106029
FindTargetPageId rootid 3 tid 106029
target_page_id id: 2 tid 106029
0 1 tid 106029
210 4 tid 106029
365 2 tid 106029
241 tid 106029
Insert  tid 106029
FindTargetPageId rootid 3 tid 106029
target_page_id id: 2 tid 106029
0 1 tid 106029
210 4 tid 106029
365 2 tid 106029
242 tid 106029
Insert  tid 106029
FindTargetPageId rootid 3 tid 106029
target_page_id id: 2 tid 106029
0 1 tid 106029
210 4 tid 106029
365 2 tid 106029
243 tid 106029
Insert  tid 106029
FindTargetPageId rootid 3 tid 106029
target_page_id id: 2 tid 106029
0 1 tid 106029
210 4 tid 106029
365 2 tid 106029
244 tid 106029
Insert  tid 106029
FindTargetPageId rootid 3 tid 106029
target_page_id id: 2 tid 106029
0 1 tid 106029
210 4 tid 106029
365 2 tid 106029
245 tid 106029
Insert  tid 106029
FindTargetPageId rootid 3 tid 106029
target_page_id id: 2 tid 106029
0 1 tid 106029
210 4 tid 106029
365 2 tid 106029
246 tid 106029
Insert  tid 106029
FindTargetPageId rootid 3 tid 106029
target_page_id id: 2 tid 106029
0 1 tid 106029
210 4 tid 106029
365 2 tid 106029
247 tid 106029
Insert  tid 106029
FindTargetPageId rootid 3 tid 106029
target_page_id id: 2 tid 106029
0 1 tid 106029
210 4 tid 106029
365 2 tid 106029
248 tid 106029
Insert  tid 106029
FindTargetPageId rootid 3 tid 106029
target_page_id id: 2 tid 106029
0 1 tid 106029
210 4 tid 106029
365 2 tid 106029
249 tid 106029
Insert  tid 106029
FindTargetPageId rootid 3 tid 106029
target_page_id id: 2 tid 106029
0 1 tid 106029
210 4 tid 106029
365 2 tid 106029
250 tid 106029
Insert  tid 106029
FindTargetPageId rootid 3 tid 106029
target_page_id id: 2 tid 106029
0 1 tid 106029
210 4 tid 106029
365 2 tid 106029
251 tid 106029
Insert  tid 106029
FindTargetPageId rootid 3 tid 106029
target_page_id id: 2 tid 106029
0 1 tid 106029
210 4 tid 106029
365 2 tid 106029
252 tid 106029
Insert  tid 106029
FindTargetPageId rootid 3 tid 106029
target_page_id id: 2 tid 106029
0 1 tid 106029
210 4 tid 106029
365 2 tid 106029
253 tid 106029
Insert  tid 106029
FindTargetPageId rootid 3 tid 106029
target_page_id id: 2 tid 106029
0 1 tid 106029
210 4 tid 106029
365 2 tid 106029
254 tid 106029
Insert  tid 106029
FindTargetPageId rootid 3 tid 106027
target_page_id id: 5 tid 106027
0 1 tid 106027
210 4 tid 106027
365 2 tid 106027
727 5 tid 106027
128 tid 106027
Insert  tid 106027
FindTargetPageId rootid 3 tid 106027
target_page_id id: 5 tid 106027
0 1 tid 106027
210 4 tid 106027
365 2 tid 106027
727 5 tid 106027
128 tid 106027
Insert  tid 106027
FindTargetPageId rootid 3 tid 106028
target_page_id id: 5 tid 106028
0 1 tid 106028
210 4 tid 106028
365 2 tid 106028
727 5 tid 106028
128 tid 106028
Remove  tid 106028
FindTargetPageId rootid 3 tid 106028
target_page_id id: 5 tid 106028
0 1 tid 106028
210 4 tid 106028
365 2 tid 106028
727 5 tid 106028
128 tid 106028
Remove  tid 106028
FindTargetPageId rootid 3 tid 106028
target_page_id id: 5 tid 106028
0 1 tid 106028
210 4 tid 106028
365 2 tid 106028
727 5 tid 106028
128 tid 106028
Remove  tid 106028
FindTargetPageId rootid 3 tid 106028
target_page_id id: 5 tid 106028
0 1 tid 106028
210 4 tid 106028
365 2 tid 106028
727 5 tid 106028
128 tid 106028
Remove  tid 106028
FindTargetPageId rootid 3 tid 106028
target_page_id id: 5 tid 106028
0 1 tid 106028
210 4 tid 106028
365 2 tid 106028
727 5 tid 106028
128 tid 106028
Remove  tid 106028
FindTargetPageId rootid 3 tid 106028
target_page_id id: 5 tid 106028
0 1 tid 106028
210 4 tid 106028
365 2 tid 106028
727 5 tid 106028
128 tid 106028
Remove  tid 106028
FindTargetPageId rootid 3 tid 106028
target_page_id id: 5 tid 106028
0 1 tid 106028
210 4 tid 106028
365 2 tid 106028
727 5 tid 106028
128 tid 106028
Remove  tid 106028
FindTargetPageId rootid 3 tid 106028
target_page_id id: 5 tid 106028
0 1 tid 106028
210 4 tid 106028
365 2 tid 106028
727 5 tid 106028
128 tid 106028
Remove  tid 106028
FindTargetPageId rootid 3 tid 106028
target_page_id id: 5 tid 106028
0 1 tid 106028
210 4 tid 106028
365 2 tid 106028
727 5 tid 106028
128 tid 106028
Remove  tid 106028
FindTargetPageId rootid 3 tid 106027
target_page_id id: 5 tid 106027
0 1 tid 106027
210 4 tid 106027
365 2 tid 106027
727 5 tid 106027
128 tid 106027
Insert  tid 106027
FindTargetPageId rootid 3 tid 106027
target_page_id id: 5 tid 106027
0 1 tid 106027
210 4 tid 106027
365 2 tid 106027
727 5 tid 106027
128 tid 106027
Insert  tid 106027
FindTargetPageId rootid 3 tid 106029
target_page_id id: 5 tid 106029
0 1 tid 106029
210 4 tid 106029
365 2 tid 106029
727 5 tid 106029
128 tid 106029
Insert  tid 106029
FindTargetPageId rootid 3 tid 106029
target_page_id id: 5 tid 106029
0 1 tid 106029
210 4 tid 106029
365 2 tid 106029
727 5 tid 106029
129 tid 106029
Insert  tid 106029
FindTargetPageId rootid 3 tid 106029
target_page_id id: 5 tid 106029
0 1 tid 106029
210 4 tid 106029
365 2 tid 106029
727 5 tid 106029
130 tid 106029
Insert  tid 106029
FindTargetPageId rootid 3 tid 106028
target_page_id id: 5 tid 106028
0 1 tid 106028
210 4 tid 106028
365 2 tid 106028
727 5 tid 106028
131 tid 106028
FindTargetPageId rootid 3 tid 106027
target_page_id id: 5 tid 106027
0 1 tid 106027
210 4 tid 106027
365 2 tid 106027
727 5 tid 106027
131 tid 106027
Insert  tid 106027
FindTargetPageId rootid 3 tid 106027
target_page_id id: 5 tid 106027
0 1 tid 106027
210 4 tid 106027
365 2 tid 106027
727 5 tid 106027
131 tid 106027
Remove  tid 106028Insert  tid 106027
FindTargetPageId rootid 3 tid 106029

target_page_id id: 5 tid 106029
0 1 tid 106029
210 4 tid 106029
365 2 tid 106029
727 5 tid 106029
131 tid 106029
Insert  tid 106029
FindTargetPageId rootid 3 tid 106027
target_page_id id: 5 tid 106027
0 1 tid 106027
210 4 tid 106027
365 2 tid 106027
727 5 tid 106027
132 tid 106027
Insert  tid 106027
FindTargetPageId rootid 3 tid 106027
target_page_id id: 5 tid 106027
0 1 tid 106027
210 4 tid 106027
365 2 tid 106027
727 5 tid 106027
132 tid 106027
Insert  tid 106027
FindTargetPageId rootid 3 tid 106028
target_page_id id: 5 tid 106028
0 1 tid 106028
210 4 tid 106028
365 2 tid 106028
727 5 tid 106028
132 tid 106028
Remove  tid 106028
FindTargetPageId rootid 3 tid 106028
target_page_id id: 5 tid 106028
0 1 tid 106028
210 4 tid 106028
365 2 tid 106028
727 5 tid 106028
132 tid 106028
Remove  tid 106028
FindTargetPageId rootid 3 tid 106028
target_page_id id: 5 tid 106028
0 1 tid 106028
210 4 tid 106028
365 2 tid 106028
727 5 tid 106028
132 tid 106028
Remove  tid 106028
FindTargetPageId rootid 3 tid 106028
target_page_id id: 5 tid 106028
0 1 tid 106028
210 4 tid 106028
365 2 tid 106028
727 5 tid 106028
132 tid 106028
Remove  tid 106028
FindTargetPageId rootid 3 tid 106028
target_page_id id: 5 tid 106028
0 1 tid 106028
210 4 tid 106028
365 2 tid 106028
727 5 tid 106028
132 tid 106028
Remove  tid 106028
FindTargetPageId rootid 3 tid 106028
target_page_id id: 5 tid 106028
0 1 tid 106028
210 4 tid 106028
365 2 tid 106028
727 5 tid 106028
132 tid 106028
Remove  tid 106028
FindTargetPageId rootid 3 tid 106028
target_page_id id: 5 tid 106028
0 1 tid 106028
210 4 tid 106028
365 2 tid 106028
727 5 tid 106028
132 tid 106028
Remove  tid 106028
FindTargetPageId rootid 3 tid 106028
target_page_id id: 5 tid 106028
0 1 tid 106028
210 4 tid 106028
365 2 tid 106028
727 5 tid 106028
132 tid 106028
Remove  tid 106028
FindTargetPageId rootid 3 tid 106028
target_page_id id: 5 tid 106028
0 1 tid 106028
210 4 tid 106028
365 2 tid 106028
727 5 tid 106028
132 tid 106028
Remove  tid 106028
FindTargetPageId rootid 3 tid 106028
target_page_id id: 5 tid 106028
0 1 tid 106028
210 4 tid 106028
365 2 tid 106028
727 5 tid 106028
132 tid 106028
Remove  tid 106028
FindTargetPageId rootid 3 tid 106028
target_page_id id: 5 tid 106028
0 1 tid 106028
210 4 tid 106028
365 2 tid 106028
727 5 tid 106028
132 tid 106028
Remove  tid 106028
FindTargetPageId rootid 3 tid 106028
target_page_id id: 5 tid 106028
0 1 tid 106028
210 4 tid 106028
365 2 tid 106028
727 5 tid 106028
132 tid 106028
Remove  tid 106028
FindTargetPageId rootid 3 tid 106028
target_page_id id: 5 tid 106028
0 1 tid 106028
210 4 tid 106028
365 2 tid 106028
727 5 tid 106028
132 tid 106028
Remove  tid 106028
FindTargetPageId rootid 3 tid 106028
target_page_id id: 5 tid 106028
0 1 tid 106028
210 4 tid 106028
365 2 tid 106028
727 5 tid 106028
132 tid 106028
Remove  tid 106028
FindTargetPageId rootid 3 tid 106028
target_page_id id: 5 tid 106028
0 1 tid 106028
210 4 tid 106028
365 2 tid 106028
727 5 tid 106028
132 tid 106028
Remove  tid 106028
FindTargetPageId rootid 3 tid 106028
target_page_id id: 5 tid 106028
0 1 tid 106028
210 4 tid 106028
365 2 tid 106028
727 5 tid 106028
132 tid 106028
Remove  tid 106028
FindTargetPageId rootid 3 tid 106028
target_page_id id: 5 tid 106028
0 1 tid 106028
210 4 tid 106028
365 2 tid 106028
727 5 tid 106028
132 tid 106028
Remove  tid 106028
FindTargetPageId rootid 3 tid 106028
target_page_id id: 5 tid 106028
0 1 tid 106028
210 4 tid 106028
365 2 tid 106028
727 5 tid 106028
132 tid 106028
Remove  tid 106028
FindTargetPageId rootid 3 tid 106028
target_page_id id: 5 tid 106028
0 1 tid 106028
210 4 tid 106028
365 2 tid 106028
727 5 tid 106028
132 tid 106028
Remove  tid 106028
FindTargetPageId rootid 3 tid 106028
target_page_id id: 5 tid 106028
0 1 tid 106028
210 4 tid 106028
365 2 tid 106028
727 5 tid 106028
132 tid 106028
Remove  tid 106028
FindTargetPageId rootid 3 tid 106028
target_page_id id: 5 tid 106028
0 1 tid 106028
210 4 tid 106028
365 2 tid 106028
727 5 tid 106028
132 tid 106028
Remove  tid 106028
FindTargetPageId rootid 3 tid 106028
target_page_id id: 5 tid 106028
0 1 tid 106028
210 4 tid 106028
365 2 tid 106028
727 5 tid 106028
132 tid 106028
Remove  tid 106028
FindTargetPageId rootid 3 tid 106028
target_page_id id: 5 tid 106028
0 1 tid 106028
210 4 tid 106028
365 2 tid 106028
727 5 tid 106028
132 tid 106028
Remove  tid 106028
FindTargetPageId rootid 3 tid 106028
target_page_id id: 5 tid 106028
0 1 tid 106028
210 4 tid 106028
365 2 tid 106028
727 5 tid 106028
132 tid 106028
Remove  tid 106028
FindTargetPageId rootid 3 tid 106028
target_page_id id: 5 tid 106028
0 1 tid 106028
210 4 tid 106028
365 2 tid 106028
727 5 tid 106028
132 tid 106028
Remove  tid 106028
FindTargetPageId rootid 3 tid 106028
target_page_id id: 5 tid 106028
0 1 tid 106028
210 4 tid 106028
365 2 tid 106028
727 5 tid 106028
132 tid 106028
Remove  tid 106028
FindTargetPageId rootid 3 tid 106027
target_page_id id: 5 tid 106027
0 1 tid 106027
210 4 tid 106027
365 2 tid 106027
727 5 tid 106027
132 tid 106027
Insert  tid 106027
FindTargetPageId rootid 3 tid 106027
target_page_id id: 5 tid 106027
0 1 tid 106027
210 4 tid 106027
365 2 tid 106027
727 5 tid 106027
132 tid 106027
Insert  tid 106027
FindTargetPageId rootid 3 tid 106027
target_page_id id: 5 tid 106027
0 1 tid 106027
210 4 tid 106027
365 2 tid 106027
727 5 tid 106027
132 tid 106027
Insert  tid 106027
FindTargetPageId rootid 3 tid 106027
target_page_id id: 5 tid 106027
0 1 tid 106027
210 4 tid 106027
365 2 tid 106027
727 5 tid 106027
132 tid 106027
Insert  tid 106027
FindTargetPageId rootid 3 tid 106027
target_page_id id: 5 tid 106027
0 1 tid 106027
210 4 tid 106027
365 2 tid 106027
727 5 tid 106027
132 tid 106027
Insert  tid 106027
FindTargetPageId rootid 3 tid 106027
target_page_id id: 5 tid 106027
0 1 tid 106027
210 4 tid 106027
365 2 tid 106027
727 5 tid 106027
132 tid 106027
Insert  tid 106027
FindTargetPageId rootid 3 tid 106027
target_page_id id: 5 tid 106027
0 1 tid 106027
210 4 tid 106027
365 2 tid 106027
727 5 tid 106027
132 tid 106027
Insert  tid 106027
FindTargetPageId rootid 3 tid 106027
target_page_id id: 5 tid 106027
0 1 tid 106027
210 4 tid 106027
365 2 tid 106027
727 5 tid 106027
132 tid 106027
Insert  tid 106027
FindTargetPageId rootid 3 tid 106027
target_page_id id: 5 tid 106027
0 1 tid 106027
210 4 tid 106027
365 2 tid 106027
727 5 tid 106027
132 tid 106027
Insert  tid 106027
FindTargetPageId rootid 3 tid 106028
target_page_id id: 5 tid 106028
0 1 tid 106028
210 4 tid 106028
365 2 tid 106028
727 5 tid 106028
132 tid 106028
Remove  tid 106028
FindTargetPageId rootid 3 tid 106028
target_page_id id: 5 tid 106028
0 1 tid 106028
210 4 tid 106028
365 2 tid 106028
727 5 tid 106028
132 tid 106028
Remove  tid 106028
FindTargetPageId rootid 3 tid 106028
target_page_id id: 5 tid 106028
0 1 tid 106028
210 4 tid 106028
365 2 tid 106028
727 5 tid 106028
132 tid 106028
Remove  tid 106028
FindTargetPageId rootid 3 tid 106028
target_page_id id: 5 tid 106028
0 1 tid 106028
210 4 tid 106028
365 2 tid 106028
727 5 tid 106028
132 tid 106028
Remove  tid 106028
FindTargetPageId rootid 3 tid 106028
target_page_id id: 5 tid 106028
0 1 tid 106028
210 4 tid 106028
365 2 tid 106028
727 5 tid 106028
132 tid 106028
Remove  tid 106028
FindTargetPageId rootid 3 tid 106028
target_page_id id: 5 tid 106028
0 1 tid 106028
210 4 tid 106028
365 2 tid 106028
727 5 tid 106028
132 tid 106028
Remove  tid 106028
FindTargetPageId rootid 3 tid 106028
target_page_id id: 5 tid 106028
0 1 tid 106028
210 4 tid 106028
365 2 tid 106028
727 5 tid 106028
132 tid 106028
Remove  tid 106028
FindTargetPageId rootid 3 tid 106028
target_page_id id: 5 tid 106028
0 1 tid 106028
210 4 tid 106028
365 2 tid 106028
727 5 tid 106028
132 tid 106028
Remove  tid 106028
FindTargetPageId rootid 3 tid 106028
target_page_id id: 5 tid 106028
0 1 tid 106028
210 4 tid 106028
365 2 tid 106028
727 5 tid 106028
132 tid 106028
Remove  tid 106028
FindTargetPageId rootid 3 tid 106028
target_page_id id: 5 tid 106028
0 1 tid 106028
210 4 tid 106028
365 2 tid 106028
727 5 tid 106028
132 tid 106028
Remove  tid 106028
FindTargetPageId rootid 3 tid 106028
target_page_id id: 5 tid 106028
0 1 tid 106028
210 4 tid 106028
365 2 tid 106028
727 5 tid 106028
132 tid 106028
Remove  tid 106028
FindTargetPageId rootid 3 tid 106029
target_page_id id: 5 tid 106029
0 1 tid 106029
210 4 tid 106029
365 2 tid 106029
727 5 tid 106029
132 tid 106029
Insert  tid 106029
FindTargetPageId rootid 3 tid 106029
target_page_id id: 5 tid 106029
0 1 tid 106029
210 4 tid 106029
365 2 tid 106029
727 5 tid 106029
133 tid 106029
Insert  tid 106029
FindTargetPageId rootid 3 tid 106027
target_page_id id: 5 tid 106027
0 1 tid 106027
210 4 tid 106027
365 2 tid 106027
727 5 tid 106027
134 tid 106027
Insert  tid 106027
FindTargetPageId rootid 3 tid 106027
target_page_id id: 5 tid 106027
0 1 tid 106027
210 4 tid 106027
365 2 tid 106027
727 5 tid 106027
134 tid 106027
Insert  tid 106027
FindTargetPageId rootid 3 tid 106027
target_page_id id: 5 tid 106027
0 1 tid 106027
210 4 tid 106027
365 2 tid 106027
727 5 tid 106027
134 tid 106027
Insert  tid 106027
FindTargetPageId rootid 3 tid 106027
target_page_id id: 5 tid 106027
0 1 tid 106027
210 4 tid 106027
365 2 tid 106027
727 5 tid 106027
134 tid 106027
Insert  tid 106027
FindTargetPageId rootid 3 tid 106027
target_page_id id: 5 tid 106027
0 1 tid 106027
210 4 tid 106027
365 2 tid 106027
727 5 tid 106027
134 tid 106027
Insert  tid 106027
FindTargetPageId rootid 3 tid 106027
target_page_id id: 5 tid 106027
0 1 tid 106027
210 4 tid 106027
365 2 tid 106027
727 5 tid 106027
134 tid 106027
Insert  tid 106027
FindTargetPageId rootid 3 tid 106027
target_page_id id: 5 tid 106027
0 1 tid 106027
210 4 tid 106027
365 2 tid 106027
727 5 tid 106027
134 tid 106027
Insert  tid 106027
FindTargetPageId rootid 3 tid 106027
target_page_id id: 5 tid 106027
0 1 tid 106027
210 4 tid 106027
365 2 tid 106027
727 5 tid 106027
134 tid 106027
Insert  tid 106027
FindTargetPageId rootid 3 tid 106027
target_page_id id: 5 tid 106027
0 1 tid 106027
210 4 tid 106027
365 2 tid 106027
727 5 tid 106027
134 tid 106027
Insert  tid 106027
FindTargetPageId rootid 3 tid 106027
target_page_id id: 5 tid 106027
0 1 tid 106027
210 4 tid 106027
365 2 tid 106027
727 5 tid 106027
134 tid 106027
Insert  tid 106027
FindTargetPageId rootid 3 tid 106027
target_page_id id: 5 tid 106027
0 1 tid 106027
210 4 tid 106027
365 2 tid 106027
727 5 tid 106027
134 tid 106027
Insert  tid 106027
FindTargetPageId rootid 3 tid 106027
target_page_id id: 5 tid 106027
0 1 tid 106027
210 4 tid 106027
365 2 tid 106027
727 5 tid 106027
134 tid 106027
Insert  tid 106027
FindTargetPageId rootid 3 tid 106027
target_page_id id: 5 tid 106027
0 1 tid 106027
210 4 tid 106027
365 2 tid 106027
727 5 tid 106027
134 tid 106027
Insert  tid 106027
FindTargetPageId rootid 3 tid 106028
target_page_id id: 5 tid 106028
0 1 tid 106028
210 4 tid 106028
365 2 tid 106028
727 5 tid 106028
134 tid 106028
Remove  tid 106028
FindTargetPageId rootid 3 tid 106028
target_page_id id: 5 tid 106028
0 1 tid 106028
210 4 tid 106028
365 2 tid 106028
727 5 tid 106028
134 tid 106028
Remove  tid 106028
FindTargetPageId rootid 3 tid 106028
target_page_id id: 5 tid 106028
0 1 tid 106028
210 4 tid 106028
365 2 tid 106028
727 5 tid 106028
134 tid 106028
Remove  tid 106028
FindTargetPageId rootid 3 tid 106028
target_page_id id: 5 tid 106028
0 1 tid 106028
210 4 tid 106028
365 2 tid 106028
727 5 tid 106028
134 tid 106028
Remove  tid 106028
FindTargetPageId rootid 3 tid 106028
target_page_id id: 5 tid 106028
0 1 tid 106028
210 4 tid 106028
365 2 tid 106028
727 5 tid 106028
134 tid 106028
Remove  tid 106028
FindTargetPageId rootid 3 tid 106028
target_page_id id: 5 tid 106028
0 1 tid 106028
210 4 tid 106028
365 2 tid 106028
727 5 tid 106028
134 tid 106028
Remove  tid 106028
FindTargetPageId rootid 3 tid 106028
target_page_id id: 5 tid 106028
0 1 tid 106028
210 4 tid 106028
365 2 tid 106028
727 5 tid 106028
134 tid 106028
Remove  tid 106028
FindTargetPageId rootid 3 tid 106028
target_page_id id: 5 tid 106028
0 1 tid 106028
210 4 tid 106028
365 2 tid 106028
727 5 tid 106028
134 tid 106028
Remove  tid 106028
FindTargetPageId rootid 3 tid 106028
target_page_id id: 5 tid 106028
0 1 tid 106028
210 4 tid 106028
365 2 tid 106028
727 5 tid 106028
134 tid 106028
Remove  tid 106028
FindTargetPageId rootid 3 tid 106028
target_page_id id: 5 tid 106028
0 1 tid 106028
210 4 tid 106028
365 2 tid 106028
727 5 tid 106028
134 tid 106028
Remove  tid 106028
FindTargetPageId rootid 3 tid 106028
target_page_id id: 5 tid 106028
0 1 tid 106028
210 4 tid 106028
365 2 tid 106028
727 5 tid 106028
134 tid 106028
Remove  tid 106028
FindTargetPageId rootid 3 tid 106028
target_page_id id: 5 tid 106028
0 1 tid 106028
210 4 tid 106028
365 2 tid 106028
727 5 tid 106028
134 tid 106028
Remove  tid 106028
FindTargetPageId rootid 3 tid 106028
target_page_id id: 5 tid 106028
0 1 tid 106028
210 4 tid 106028
365 2 tid 106028
727 5 tid 106028
134 tid 106028
Remove  tid 106028
FindTargetPageId rootid 3 tid 106028
target_page_id id: 5 tid 106028
0 1 tid 106028
210 4 tid 106028
365 2 tid 106028
727 5 tid 106028
134 tid 106028
Remove  tid 106028
FindTargetPageId rootid 3 tid 106027
target_page_id id: 5 tid 106027
0 1 tid 106027
210 4 tid 106027
365 2 tid 106027
727 5 tid 106027
134 tid 106027
Insert  tid 106027
FindTargetPageId rootid 3 tid 106029
target_page_id id: 5 tid 106029
0 1 tid 106029
210 4 tid 106029
365 2 tid 106029
727 5 tid 106029
134 tid 106029
Insert  tid 106029
FindTargetPageId rootid 3 tid 106029
target_page_id id: 5 tid 106029
0 1 tid 106029
210 4 tid 106029
365 2 tid 106029
727 5 tid 106029
135 tid 106029
Insert  tid 106029
FindTargetPageId rootid 3 tid 106029
target_page_id id: 5 tid 106029
0 1 tid 106029
210 4 tid 106029
365 2 tid 106029
727 5 tid 106029
136 tid 106029
Insert  tid 106029
FindTargetPageId rootid 3 tid 106027
target_page_id id: 5 tid 106027
0 1 tid 106027
210 4 tid 106027
365 2 tid 106027
727 5 tid 106027
137 tid 106027
Insert  tid 106027
FindTargetPageId rootid 3 tid 106028
target_page_id id: 5 tid 106028
0 1 tid 106028
210 4 tid 106028
365 2 tid 106028
727 5 tid 106028
137 tid 106028
Remove  tid 106028
FindTargetPageId rootid 3 tid 106028
target_page_id id: 5 tid 106028
0 1 tid 106028
210 4 tid 106028
365 2 tid 106028
727 5 tid 106028
137 tid 106028
Remove  tid 106028
FindTargetPageId rootid 3 tid 106028
target_page_id id: 5 tid 106028
0 1 tid 106028
210 4 tid 106028
365 2 tid 106028
727 5 tid 106028
137 tid 106028
Remove  tid 106028
FindTargetPageId rootid 3 tid 106028
target_page_id id: 5 tid 106028
0 1 tid 106028
210 4 tid 106028
365 2 tid 106028
727 5 tid 106028
137 tid 106028
Remove  tid 106028
FindTargetPageId rootid 3 tid 106028
target_page_id id: 5 tid 106028
0 1 tid 106028
210 4 tid 106028
365 2 tid 106028
727 5 tid 106028
137 tid 106028
Remove  tid 106028
FindTargetPageId rootid 3 tid 106028
target_page_id id: 5 tid 106028
0 1 tid 106028
210 4 tid 106028
365 2 tid 106028
727 5 tid 106028
137 tid 106028
Remove  tid 106028
FindTargetPageId rootid 3 tid 106028
target_page_id id: 5 tid 106028
0 1 tid 106028
210 4 tid 106028
365 2 tid 106028
727 5 tid 106028
137 tid 106028
Remove  tid 106028
FindTargetPageId rootid 3 tid 106028
target_page_id id: 5 tid 106028
0 1 tid 106028
210 4 tid 106028
365 2 tid 106028
727 5 tid 106028
137 tid 106028
Remove  tid 106028
FindTargetPageId rootid 3 tid 106028
target_page_id id: 5 tid 106028
0 1 tid 106028
210 4 tid 106028
365 2 tid 106028
727 5 tid 106028
137 tid 106028
Remove  tid 106028
FindTargetPageId rootid 3 tid 106028
target_page_id id: 5 tid 106028
0 1 tid 106028
210 4 tid 106028
365 2 tid 106028
727 5 tid 106028
137 tid 106028
Remove  tid 106028
FindTargetPageId rootid 3 tid 106028
target_page_id id: 5 tid 106028
0 1 tid 106028
210 4 tid 106028
365 2 tid 106028
727 5 tid 106028
137 tid 106028
Remove  tid 106028
FindTargetPageId rootid 3 tid 106028
target_page_id id: 5 tid 106028
0 1 tid 106028
210 4 tid 106028
365 2 tid 106028
727 5 tid 106028
137 tid 106028
Remove  tid 106028
FindTargetPageId rootid 3 tid 106028
target_page_id id: 5 tid 106028
0 1 tid 106028
210 4 tid 106028
365 2 tid 106028
727 5 tid 106028
137 tid 106028
Remove  tid 106028
FindTargetPageId rootid 3 tid 106028
target_page_id id: 5 tid 106028
0 1 tid 106028
210 4 tid 106028
365 2 tid 106028
727 5 tid 106028
137 tid 106028
Remove  tid 106028
FindTargetPageId rootid 3 tid 106028
target_page_id id: 5 tid 106028
0 1 tid 106028
210 4 tid 106028
365 2 tid 106028
727 5 tid 106028
137 tid 106028
Remove  tid 106028
FindTargetPageId rootid 3 tid 106028
target_page_id id: 5 tid 106028
0 1 tid 106028
210 4 tid 106028
365 2 tid 106028
727 5 tid 106028
137 tid 106028
Remove  tid 106028
FindTargetPageId rootid 3 tid 106029
target_page_id id: 5 tid 106029
0 1 tid 106029
210 4 tid 106029
365 2 tid 106029
727 5 tid 106029
137 tid 106029
Insert  tid 106029
FindTargetPageId rootid 3 tid 106029
target_page_id id: 5 tid 106029
0 1 tid 106029
210 4 tid 106029
365 2 tid 106029
727 5 tid 106029
138 tid 106029
Insert  tid 106029
FindTargetPageId rootid 3 tid 106029
target_page_id id: 5 tid 106029
0 1 tid 106029
210 4 tid 106029
365 2 tid 106029
727 5 tid 106029
139 tid 106029
Insert  tid 106029
FindTargetPageId rootid 3 tid 106029
target_page_id id: 5 tid 106029
0 1 tid 106029
210 4 tid 106029
365 2 tid 106029
727 5 tid 106029
140 tid 106029
Insert  tid 106029
FindTargetPageId rootid 3 tid 106029
target_page_id id: 5 tid 106029
0 1 tid 106029
210 4 tid 106029
365 2 tid 106029
727 5 tid 106029
141 tid 106029
Insert  tid 106029
FindTargetPageId rootid 3 tid 106029
target_page_id id: 5 tid 106029
0 1 tid 106029
210 4 tid 106029
365 2 tid 106029
727 5 tid 106029
142 tid 106029
Insert  tid 106029
FindTargetPageId rootid 3 tid 106029
target_page_id id: 5 tid 106029
0 1 tid 106029
210 4 tid 106029
365 2 tid 106029
727 5 tid 106029
143 tid 106029
Insert  tid 106029
FindTargetPageId rootid 3 tid 106028
target_page_id id: 5 tid 106028
0 1 tid 106028
210 4 tid 106028
365 2 tid 106028
727 5 tid 106028
144 tid 106028
Remove  tid 106028
FindTargetPageId rootid 3 tid 106028
target_page_id id: 5 tid 106028
0 1 tid 106028
210 4 tid 106028
365 2 tid 106028
727 5 tid 106028
144 tid 106028
Remove  tid 106028
FindTargetPageId rootid 3 tid 106028
target_page_id id: 5 tid 106028
0 1 tid 106028
210 4 tid 106028
365 2 tid 106028
727 5 tid 106028
144 tid 106028
Remove  tid 106028
FindTargetPageId rootid 3 tid 106028
target_page_id id: 5 tid 106028
0 1 tid 106028
210 4 tid 106028
365 2 tid 106028
727 5 tid 106028
144 tid 106028
Remove  tid 106028
FindTargetPageId rootid 3 tid 106028
target_page_id id: 5 tid 106028
0 1 tid 106028
210 4 tid 106028
365 2 tid 106028
727 5 tid 106028
144 tid 106028
Remove  tid 106028
FindTargetPageId rootid 3 tid 106028
target_page_id id: 5 tid 106028
0 1 tid 106028
210 4 tid 106028
365 2 tid 106028
727 5 tid 106028
144 tid 106028
Remove  tid 106028
FindTargetPageId rootid 3 tid 106028
target_page_id id: 5 tid 106028
0 1 tid 106028
210 4 tid 106028
365 2 tid 106028
727 5 tid 106028
144 tid 106028
Remove  tid 106028
FindTargetPageId rootid 3 tid 106028
target_page_id id: 5 tid 106028
0 1 tid 106028
210 4 tid 106028
365 2 tid 106028
727 5 tid 106028
144 tid 106028
Remove  tid 106028
FindTargetPageId rootid 3 tid 106028
target_page_id id: 5 tid 106028
0 1 tid 106028
210 4 tid 106028
365 2 tid 106028
727 5 tid 106028
144 tid 106028
Remove  tid 106028
FindTargetPageId rootid 3 tid 106027
target_page_id id: 5 tid 106027
0 1 tid 106027
210 4 tid 106027
365 2 tid 106027
727 5 tid 106027
144 tid 106027
Insert  tid 106027
FindTargetPageId rootid 3 tid 106027
target_page_id id: 5 tid 106027
0 1 tid 106027
210 4 tid 106027
365 2 tid 106027
727 5 tid 106027
144 tid 106027
Insert  tid 106027
FindTargetPageId rootid 3 tid 106027
target_page_id id: 5 tid 106027
0 1 tid 106027
210 4 tid 106027
365 2 tid 106027
727 5 tid 106027
144 tid 106027
Insert  tid 106027
FindTargetPageId rootid 3 tid 106027
target_page_id id: 5 tid 106027
0 1 tid 106027
210 4 tid 106027
365 2 tid 106027
727 5 tid 106027
144 tid 106027
Insert  tid 106027
FindTargetPageId rootid 3 tid 106027
target_page_id id: 5 tid 106027
0 1 tid 106027
210 4 tid 106027
365 2 tid 106027
727 5 tid 106027
144 tid 106027
Insert  tid 106027
FindTargetPageId rootid 3 tid 106028
target_page_id id: 5 tid 106028
0 1 tid 106028
210 4 tid 106028
365 2 tid 106028
727 5 tid 106028
144 tid 106028
Remove  tid 106028
FindTargetPageId rootid 3 tid 106028
target_page_id id: 5 tid 106028
0 1 tid 106028
210 4 tid 106028
365 2 tid 106028
727 5 tid 106028
144 tid 106028
Remove  tid 106028
FindTargetPageId rootid 3 tid 106028
target_page_id id: 5 tid 106028
0 1 tid 106028
210 4 tid 106028
365 2 tid 106028
727 5 tid 106028
144 tid 106028
Remove  tid 106028
FindTargetPageId rootid 3 tid 106028
target_page_id id: 5 tid 106028
0 1 tid 106028
210 4 tid 106028
365 2 tid 106028
727 5 tid 106028
144 tid 106028
Remove  tid 106028
FindTargetPageId rootid 3 tid 106028
target_page_id id: 5 tid 106028
0 1 tid 106028
210 4 tid 106028
365 2 tid 106028
727 5 tid 106028
144 tid 106028
Remove  tid 106028
FindTargetPageId rootid 3 tid 106028
target_page_id id: 5 tid 106028
0 1 tid 106028
210 4 tid 106028
365 2 tid 106028
727 5 tid 106028
144 tid 106028
Remove  tid 106028
FindTargetPageId rootid 3 tid 106028
target_page_id id: 5 tid 106028
0 1 tid 106028
210 4 tid 106028
365 2 tid 106028
727 5 tid 106028
144 tid 106028
Remove  tid 106028
FindTargetPageId rootid 3 tid 106028
target_page_id id: 5 tid 106028
0 1 tid 106028
210 4 tid 106028
365 2 tid 106028
727 5 tid 106028
144 tid 106028
Remove  tid 106028
FindTargetPageId rootid 3 tid 106028
target_page_id id: 5 tid 106028
0 1 tid 106028
210 4 tid 106028
365 2 tid 106028
727 5 tid 106028
144 tid 106028
FindTargetPageId rootid 3 tid 106027
Remove  tid target_page_id id: 5 tid 106027
0 1 tid 106027
210 4 tid 106027
365 2 tid 106027
727 5 tid 106027
144 tid 106027
Insert  tid 106027
FindTargetPageId rootid 3 tid 106027
106028target_page_id id: 5 tid 106027
0 1 tid 106027
210 4 tid 106027
365 2 tid 106027
727 5 tid 106027

144 tid 106027
FindTargetPageId rootid 3 tid 106029
target_page_id id: 5 tid 106029
0 1 tid 106029
210 4 tid 106029
365 2 tid 106029
727 5 tid 106029
Insert  tid 106027
144 tid 106029
Insert  tid 106029
FindTargetPageId rootid 3 tid 106029
target_page_id id: 5 tid 106029
0 1 tid 106029
210 4 tid 106029
365 2 tid 106029
727 5 tid 106029
145 tid 106029
Insert  tid 106029
FindTargetPageId rootid 3 tid 106029
target_page_id id: 5 tid 106029
0 1 tid 106029
210 4 tid 106029
365 2 tid 106029
727 5 tid 106029
146 tid 106029
Insert  tid 106029
FindTargetPageId rootid 3 tid 106029
target_page_id id: 5 tid 106029
0 1 tid 106029
210 4 tid 106029
365 2 tid 106029
727 5 tid 106029
147 tid 106029
Insert  tid 106029
FindTargetPageId rootid 3 tid 106029
target_page_id id: 5 tid 106029
0 1 tid 106029
210 4 tid 106029
365 2 tid 106029
727 5 tid 106029
148 tid 106029
Insert  tid 106029
FindTargetPageId rootid 3 tid 106029
target_page_id id: 5 tid 106029
0 1 tid 106029
210 4 tid 106029
365 2 tid 106029
727 5 tid 106029
149 tid 106029
Insert  tid 106029
FindTargetPageId rootid 3 tid 106029
target_page_id id: 5 tid 106029
0 1 tid 106029
210 4 tid 106029
365 2 tid 106029
727 5 tid 106029
150 tid 106029
Insert  tid 106029
FindTargetPageId rootid 3 tid 106027
target_page_id id: 5 tid 106027
0 1 tid 106027
210 4 tid 106027
365 2 tid 106027
727 5 tid 106027
151 tid 106027
Insert  tid 106027
FindTargetPageId rootid 3 tid 106028
target_page_id id: 5 tid 106028
0 1 tid 106028
210 4 tid 106028
365 2 tid 106028
727 5 tid 106028
151 tid 106028
FindTargetPageId rootid 3 tid 106029
Remove  tid 106028
target_page_id id: 5 tid 106029
0 1 tid 106029
210 4 tid 106029
365 2 tid 106029
727 5 tid 106029
151 tid 106029
Insert  tid 106029
FindTargetPageId rootid 3 tid 106027
target_page_id id: 5 tid 106027
0 1 tid 106027
210 4 tid 106027
365 2 tid 106027
727 5 tid 106027
152 tid 106027
Insert  tid 106027
FindTargetPageId rootid 3 tid 106028
target_page_id id: 5 tid 106028
0 1 tid 106028
210 4 tid 106028
365 2 tid 106028
727 5 tid 106028
152 tid 106028
Remove  tid 106028
FindTargetPageId rootid 3 tid 106028
target_page_id id: 5 tid 106028
0 1 tid 106028
210 4 tid 106028
365 2 tid 106028
727 5 tid 106028
152 tid 106028
Remove  tid 106028
FindTargetPageId rootid 3 tid 106028
target_page_id id: 5 tid 106028
0 1 tid 106028
210 4 tid 106028
365 2 tid 106028
727 5 tid 106028
152 tid 106028
Remove  tid 106028
FindTargetPageId rootid 3 tid 106028
target_page_id id: 5 tid 106028
0 1 tid 106028
210 4 tid 106028
365 2 tid 106028
727 5 tid 106028
152 tid 106028
Remove  tid 106028
FindTargetPageId rootid 3 tid 106028
target_page_id id: 5 tid 106028
0 1 tid 106028
210 4 tid 106028
365 2 tid 106028
727 5 tid 106028
152 tid 106028
Remove  tid 106028
FindTargetPageId rootid 3 tid 106028
target_page_id id: 5 tid 106028
0 1 tid 106028
210 4 tid 106028
365 2 tid 106028
727 5 tid 106028
152 tid 106028
Remove  tid 106028
FindTargetPageId rootid 3 tid 106028
target_page_id id: 5 tid 106028
0 1 tid 106028
210 4 tid 106028
365 2 tid 106028
727 5 tid 106028
152 tid 106028
Remove  tid 106028
FindTargetPageId rootid 3 tid 106028
target_page_id id: 5 tid 106028
0 1 tid 106028
210 4 tid 106028
365 2 tid 106028
727 5 tid 106028
152 tid 106028
Remove  tid 106028
FindTargetPageId rootid 3 tid 106028
target_page_id id: 5 tid 106028
0 1 tid 106028
210 4 tid 106028
365 2 tid 106028
727 5 tid 106028
152 tid 106028
Remove  tid 106028
FindTargetPageId rootid 3 tid 106028
target_page_id id: 5 tid 106028
0 1 tid 106028
210 4 tid 106028
365 2 tid 106028
727 5 tid 106028
152 tid 106028
FindTargetPageId rootid 3 tid 106029
target_page_id id: 5 tid 106029
0 1 tid 106029
210 4 tid 106029
365 2 tid 106029
727 5 tid 106029
152 tid 106029
Remove  tid 106028
Insert  tid 106029
FindTargetPageId rootid 3 tid 106028
target_page_id id: 5 tid 106028
0 1 tid 106028
210 4 tid 106028
365 2 tid 106028
727 5 tid 106028
153 tid 106028
Remove  tid 106028
FindTargetPageId rootid 3 tid 106028
target_page_id id: 5 tid 106028
0 1 tid 106028
210 4 tid 106028
365 2 tid 106028
727 5 tid 106028
153 tid 106028
Remove  tid 106028
FindTargetPageId rootid 3 tid 106028
target_page_id id: 5 tid 106028
0 1 tid 106028
210 4 tid 106028
365 2 tid 106028
727 5 tid 106028
153 tid 106028
Remove  tid 106028
FindTargetPageId rootid 3 tid 106028
target_page_id id: 5 tid 106028
0 1 tid 106028
210 4 tid 106028
365 2 tid 106028
727 5 tid 106028
153 tid 106028
Remove  tid 106028
FindTargetPageId rootid 3 tid 106027
target_page_id id: 5 tid 106027
0 1 tid 106027
210 4 tid 106027
365 2 tid 106027
727 5 tid 106027
153 tid 106027
Insert  tid 106027
FindTargetPageId rootid 3 tid 106027
target_page_id id: 5 tid 106027
0 1 tid 106027
210 4 tid 106027
365 2 tid 106027
727 5 tid 106027
153 tid 106027
Insert  tid 106027
FindTargetPageId rootid 3 tid 106029
target_page_id id: 5 tid 106029
0 1 tid 106029
210 4 tid 106029
365 2 tid 106029
727 5 tid 106029
153 tid 106029
Insert  tid 106029
FindTargetPageId rootid 3 tid 106029
target_page_id id: 5 tid 106029
0 1 tid 106029
210 4 tid 106029
365 2 tid 106029
727 5 tid 106029
154 tid 106029
Insert  tid 106029
FindTargetPageId rootid 3 tid 106029
target_page_id id: 5 tid 106029
0 1 tid 106029
210 4 tid 106029
365 2 tid 106029
727 5 tid 106029
155 tid 106029
Insert  tid 106029
FindTargetPageId rootid 3 tid 106029
target_page_id id: 5 tid 106029
0 1 tid 106029
210 4 tid 106029
365 2 tid 106029
727 5 tid 106029
156 tid 106029
Insert  tid 106029
FindTargetPageId rootid 3 tid 106029
target_page_id id: 5 tid 106029
0 1 tid 106029
210 4 tid 106029
365 2 tid 106029
727 5 tid 106029
157 tid 106029
Insert  tid 106029
FindTargetPageId rootid 3 tid 106029
target_page_id id: 5 tid 106029
0 1 tid 106029
210 4 tid 106029
365 2 tid 106029
727 5 tid 106029
158 tid 106029
Insert  tid 106029
FindTargetPageId rootid 3 tid 106029
target_page_id id: 5 tid 106029
0 1 tid 106029
210 4 tid 106029
365 2 tid 106029
727 5 tid 106029
159 tid 106029
Insert  tid 106029
FindTargetPageId rootid 3 tid 106027
target_page_id id: 5 tid 106027
0 1 tid 106027
210 4 tid 106027
365 2 tid 106027
727 5 tid 106027
160 tid 106027
Insert  tid 106027
FindTargetPageId rootid 3 tid 106027
target_page_id id: 5 tid 106027
0 1 tid 106027
210 4 tid 106027
365 2 tid 106027
727 5 tid 106027
160 tid 106027
Insert  tid 106027
FindTargetPageId rootid 3 tid 106027
target_page_id id: 5 tid 106027
0 1 tid 106027
210 4 tid 106027
365 2 tid 106027
727 5 tid 106027
160 tid 106027
Insert  tid 106027
FindTargetPageId rootid 3 tid 106027
target_page_id id: 5 tid 106027
0 1 tid 106027
210 4 tid 106027
365 2 tid 106027
727 5 tid 106027
160 tid 106027
Insert  tid 106027
FindTargetPageId rootid 3 tid 106029
target_page_id id: 5 tid 106029
0 1 tid 106029
210 4 tid 106029
365 2 tid 106029
727 5 tid 106029
160 tid 106029
Insert  tid 106029
FindTargetPageId rootid 3 tid 106028
target_page_id id: 5 tid 106028
0 1 tid 106028
210 4 tid 106028
365 2 tid 106028
727 5 tid 106028
161 tid 106028
Remove  tid 106028
FindTargetPageId rootid 3 tid 106027
target_page_id id: 5 tid 106027
0 1 tid 106027
210 4 tid 106027
365 2 tid 106027
727 5 tid 106027
161 tid 106027
Insert  tid 106027
FindTargetPageId rootid 3 tid 106029
target_page_id id: 5 tid 106029
0 1 tid 106029
210 4 tid 106029
365 2 tid 106029
727 5 tid 106029
161 tid 106029
Insert  tid 106029
FindTargetPageId rootid 3 tid 106029
target_page_id id: 5 tid 106029
0 1 tid 106029
210 4 tid 106029
365 2 tid 106029
727 5 tid 106029
162 tid 106029
Insert  tid 106029
FindTargetPageId rootid 3 tid 106029
target_page_id id: 5 tid 106029
0 1 tid 106029
210 4 tid 106029
365 2 tid 106029
727 5 tid 106029
163 tid 106029
Insert  tid 106029
FindTargetPageId rootid 3 tid 106029
target_page_id id: 5 tid 106029
0 1 tid 106029
210 4 tid 106029
365 2 tid 106029
727 5 tid 106029
164 tid 106029
Insert  tid 106029
FindTargetPageId rootid 3 tid 106029
target_page_id id: 5 tid 106029
0 1 tid 106029
210 4 tid 106029
365 2 tid 106029
727 5 tid 106029
165 tid 106029
Insert  tid 106029
FindTargetPageId rootid 3 tid 106029
target_page_id id: 5 tid 106029
0 1 tid 106029
210 4 tid 106029
365 2 tid 106029
727 5 tid 106029
166 tid 106029
Insert  tid 106029
FindTargetPageId rootid 3 tid 106029
target_page_id id: 5 tid 106029
0 1 tid 106029
210 4 tid 106029
365 2 tid 106029
727 5 tid 106029
167 tid 106029
Insert  tid 106029
FindTargetPageId rootid 3 tid 106029
target_page_id id: 5 tid 106029
0 1 tid 106029
210 4 tid 106029
365 2 tid 106029
727 5 tid 106029
168 tid 106029
Insert  tid 106029
FindTargetPageId rootid 3 tid 106029
target_page_id id: 5 tid 106029
0 1 tid 106029
210 4 tid 106029
365 2 tid 106029
727 5 tid 106029
169 tid 106029
Insert  tid 106029
FindTargetPageId rootid 3 tid 106029
target_page_id id: 5 tid 106029
0 1 tid 106029
210 4 tid 106029
365 2 tid 106029
727 5 tid 106029
170 tid 106029
Insert  tid 106029
FindTargetPageId rootid 3 tid 106029
target_page_id id: 5 tid 106029
0 1 tid 106029
210 4 tid 106029
365 2 tid 106029
727 5 tid 106029
171 tid 106029
Insert  tid 106029
FindTargetPageId rootid 3 tid 106029
target_page_id id: 5 tid 106029
0 1 tid 106029
210 4 tid 106029
365 2 tid 106029
727 5 tid 106029
172 tid 106029
Insert  tid 106029
FindTargetPageId rootid 3 tid 106029
target_page_id id: 5 tid 106029
0 1 tid 106029
210 4 tid 106029
365 2 tid 106029
727 5 tid 106029
173 tid 106029
Insert  tid 106029
FindTargetPageId rootid 3 tid 106029
target_page_id id: 5 tid 106029
0 1 tid 106029
210 4 tid 106029
365 2 tid 106029
727 5 tid 106029
174 tid 106029
Insert  tid 106029
FindTargetPageId rootid 3 tid 106029
target_page_id id: 5 tid 106029
0 1 tid 106029
210 4 tid 106029
365 2 tid 106029
727 5 tid 106029
175 tid 106029
Insert  tid 106029
FindTargetPageId rootid 3 tid 106029
target_page_id id: 5 tid 106029
0 1 tid 106029
210 4 tid 106029
365 2 tid 106029
727 5 tid 106029
176 tid 106029
FindTargetPageId rootid 3 tid 106027
target_page_id id: 5 tid 106027
0 1 tid 106027
210 4 tid 106027
365 2 tid 106027
727 5 tid 106027
177 tid 106027
Insert  tid 106029
FindTargetPageId rootid 3 tid 106028
Insert target_page_id id: 5 tid 106028
0 1 tid 106028
210 4 tid 106028
 tid 365 2 tid 106028
727 5 tid 106028
177 tid 106028
106027
Remove  tid FindTargetPageId rootid 106028
3 tid 106027
target_page_id id: 5 tid 106027
0 1 tid 106027
210 4 tid 106027
365 2 tid 106027
727 5 tid 106027
177 tid 106027
Insert  tid 106027
FindTargetPageId rootid 3 tid 106028
target_page_id id: 5 tid 106028
0 1 tid 106028
210 4 tid 106028
365 2 tid 106028
727 5 tid 106028
177 tid 106028
Remove  tid 106028
FindTargetPageId rootid 3 tid 106028
target_page_id id: 5 tid 106028
0 1 tid 106028
210 4 tid 106028
365 2 tid 106028
727 5 tid 106028
177 tid 106028
Remove  tid 106028
FindTargetPageId rootid 3 tid 106028
target_page_id id: 5 tid 106028
0 1 tid 106028
210 4 tid 106028
365 2 tid 106028
727 5 tid 106028
177 tid 106028
Remove  tid 106028
FindTargetPageId rootid 3 tid 106028
target_page_id id: 5 tid 106028
0 1 tid 106028
210 4 tid 106028
365 2 tid 106028
727 5 tid 106028
177 tid 106028
Remove  tid 106028
FindTargetPageId rootid 3 tid 106028
target_page_id id: 5 tid 106028
0 1 tid 106028
210 4 tid 106028
365 2 tid 106028
727 5 tid 106028
177 tid 106028
Remove  tid 106028
FindTargetPageId rootid 3 tid 106028
target_page_id id: 5 tid 106028
0 1 tid 106028
210 4 tid 106028
365 2 tid 106028
727 5 tid 106028
177 tid 106028
Remove  tid 106028
FindTargetPageId rootid 3 tid 106028
target_page_id id: 5 tid 106028
0 1 tid 106028
210 4 tid 106028
365 2 tid 106028
727 5 tid 106028
177 tid 106028
Remove  tid 106028
FindTargetPageId rootid 3 tid 106028
target_page_id id: 5 tid 106028
0 1 tid 106028
210 4 tid 106028
365 2 tid 106028
727 5 tid 106028
177 tid 106028
Remove  tid 106028
FindTargetPageId rootid 3 tid 106028
target_page_id id: 5 tid 106028
0 1 tid 106028
210 4 tid 106028
365 2 tid 106028
727 5 tid 106028
177 tid 106028
Remove  tid 106028
FindTargetPageId rootid 3 tid 106028
target_page_id id: 5 tid 106028
0 1 tid 106028
210 4 tid 106028
365 2 tid 106028
727 5 tid 106028
177 tid 106028
Remove  tid 106028
FindTargetPageId rootid 3 tid 106027
target_page_id id: 5 tid 106027
0 1 tid 106027
210 4 tid 106027
365 2 tid 106027
727 5 tid 106027
177 tid 106027
Insert  tid 106027
FindTargetPageId rootid 3 tid 106027
target_page_id id: 5 tid 106027
0 1 tid 106027
210 4 tid 106027
365 2 tid 106027
727 5 tid 106027
177 tid 106027
Insert  tid 106027
FindTargetPageId rootid 3 tid 106027
target_page_id id: 5 tid 106027
0 1 tid 106027
210 4 tid 106027
365 2 tid 106027
727 5 tid 106027
177 tid 106027
Insert  tid 106027
FindTargetPageId rootid 3 tid 106027
target_page_id id: 5 tid 106027
0 1 tid 106027
210 4 tid 106027
365 2 tid 106027
727 5 tid 106027
177 tid 106027
Insert  tid 106027
FindTargetPageId rootid 3 tid 106027
target_page_id id: 5 tid 106027
0 1 tid 106027
210 4 tid 106027
365 2 tid 106027
727 5 tid 106027
177 tid 106027
Insert  tid 106027
FindTargetPageId rootid 3 tid 106029
target_page_id id: 5 tid 106029
0 1 tid 106029
210 4 tid 106029
365 2 tid 106029
727 5 tid 106029
177 tid 106029
Insert  tid 106029
FindTargetPageId rootid 3 tid 106029
target_page_id id: 5 tid 106029
0 1 tid 106029
210 4 tid 106029
365 2 tid 106029
727 5 tid 106029
178 tid 106029
Insert  tid 106029
FindTargetPageId rootid 3 tid 106029
target_page_id id: 5 tid 106029
0 1 tid 106029
210 4 tid 106029
365 2 tid 106029
727 5 tid 106029
179 tid 106029
Insert  tid 106029
FindTargetPageId rootid 3 tid 106029
target_page_id id: 5 tid 106029
0 1 tid 106029
210 4 tid 106029
365 2 tid 106029
727 5 tid 106029
180 tid 106029
Insert  tid 106029
FindTargetPageId rootid 3 tid 106029
target_page_id id: 5 tid 106029
0 1 tid 106029
210 4 tid 106029
365 2 tid 106029
727 5 tid 106029
181 tid 106029
Insert  tid 106029
FindTargetPageId rootid 3 tid 106029
target_page_id id: 5 tid 106029
0 1 tid 106029
210 4 tid 106029
365 2 tid 106029
727 5 tid 106029
182 tid 106029
Insert  tid 106029
FindTargetPageId rootid 3 tid 106029
target_page_id id: 5 tid 106029
0 1 tid 106029
210 4 tid 106029
365 2 tid 106029
727 5 tid 106029
183 tid 106029
Insert  tid 106029
FindTargetPageId rootid 3 tid 106029
target_page_id id: 5 tid 106029
0 1 tid 106029
210 4 tid 106029
365 2 tid 106029
727 5 tid 106029
184 tid 106029
Insert  tid 106029
FindTargetPageId rootid 3 tid 106029
target_page_id id: 5 tid 106029
0 1 tid 106029
210 4 tid 106029
365 2 tid 106029
727 5 tid 106029
185 tid 106029
Insert  tid 106029
FindTargetPageId rootid 3 tid 106027
target_page_id id: 5 tid 106027
0 1 tid 106027
210 4 tid 106027
365 2 tid 106027
727 5 tid 106027
186 tid 106027
Insert  tid 106027
FindTargetPageId rootid 3 tid 106027
target_page_id id: 5 tid 106027
0 1 tid 106027
210 4 tid 106027
365 2 tid 106027
727 5 tid 106027
186 tid 106027
Insert  tid 106027
FindTargetPageId rootid 3 tid 106028
target_page_id id: 5 tid 106028
0 1 tid 106028
210 4 tid 106028
365 2 tid 106028
727 5 tid 106028
186 tid 106028
Remove  tid 106028
FindTargetPageId rootid 3 tid 106028
target_page_id id: 5 tid 106028
0 1 tid 106028
210 4 tid 106028
365 2 tid 106028
727 5 tid 106028
186 tid 106028
Remove  tid 106028
FindTargetPageId rootid 3 tid 106028
target_page_id id: 5 tid 106028
0 1 tid 106028
210 4 tid 106028
365 2 tid 106028
727 5 tid 106028
186 tid 106028
Remove  tid 106028
FindTargetPageId rootid 3 tid 106028
target_page_id id: 5 tid 106028
0 1 tid 106028
210 4 tid 106028
365 2 tid 106028
727 5 tid 106028
186 tid 106028
Remove  tid 106028
FindTargetPageId rootid 3 tid 106028
target_page_id id: 5 tid 106028
0 1 tid 106028
210 4 tid 106028
365 2 tid 106028
727 5 tid 106028
186 tid 106028
Remove  tid 106028
FindTargetPageId rootid 3 tid 106027
target_page_id id: 5 tid 106027
0 1 tid 106027
210 4 tid 106027
365 2 tid 106027
727 5 tid 106027
186 tid 106027
Insert  tid 106027
FindTargetPageId rootid 3 tid 106027
target_page_id id: 5 tid 106027
0 1 tid 106027
210 4 tid 106027
365 2 tid 106027
727 5 tid 106027
186 tid 106027
Insert  tid 106027
FindTargetPageId rootid 3 tid 106028
target_page_id id: 5 tid 106028
0 1 tid 106028
210 4 tid 106028
365 2 tid 106028
727 5 tid 106028
186 tid 106028
Remove  tid 106028
FindTargetPageId rootid 3 tid 106029
target_page_id id: 5 tid 106029
0 1 tid 106029
210 4 tid 106029
365 2 tid 106029
727 5 tid 106029
186 tid 106029
Insert  tid 106029
FindTargetPageId rootid 3 tid 106029
target_page_id id: 5 tid 106029
0 1 tid 106029
210 4 tid 106029
365 2 tid 106029
727 5 tid 106029
187 tid 106029
Insert  tid 106029
FindTargetPageId rootid 3 tid 106029
target_page_id id: 5 tid 106029
0 1 tid 106029
210 4 tid 106029
365 2 tid 106029
727 5 tid 106029
188 tid 106029
Insert  tid 106029
FindTargetPageId rootid 3 tid 106029
target_page_id id: 5 tid 106029
0 1 tid 106029
210 4 tid 106029
365 2 tid 106029
727 5 tid 106029
189 tid 106029
Insert  tid 106029
FindTargetPageId rootid 3 tid 106029
target_page_id id: 5 tid 106029
0 1 tid 106029
210 4 tid 106029
365 2 tid 106029
727 5 tid 106029
190 tid 106029
Insert  tid 106029
FindTargetPageId rootid 3 tid 106029
target_page_id id: 5 tid 106029
0 1 tid 106029
210 4 tid 106029
365 2 tid 106029
727 5 tid 106029
191 tid 106029
Insert  tid 106029
FindTargetPageId rootid 3 tid 106029
target_page_id id: 5 tid 106029
0 1 tid 106029
210 4 tid 106029
365 2 tid 106029
727 5 tid 106029
192 tid 106029
Insert  tid 106029
FindTargetPageId rootid 3 tid 106029
target_page_id id: 5 tid 106029
0 1 tid 106029
210 4 tid 106029
365 2 tid 106029
727 5 tid 106029
193 tid 106029
Insert  tid 106029
FindTargetPageId rootid 3 tid 106029
target_page_id id: 5 tid 106029
0 1 tid 106029
210 4 tid 106029
365 2 tid 106029
727 5 tid 106029
194 tid 106029
Insert  tid 106029
FindTargetPageId rootid 3 tid 106029
target_page_id id: 5 tid 106029
0 1 tid 106029
210 4 tid 106029
365 2 tid 106029
727 5 tid 106029
195 tid 106029
Insert  tid 106029
FindTargetPageId rootid 3 tid 106029
target_page_id id: 5 tid 106029
0 1 tid 106029
210 4 tid 106029
365 2 tid 106029
727 5 tid 106029
196 tid 106029
Insert  tid 106029
FindTargetPageId rootid 3 tid 106029
target_page_id id: 5 tid 106029
0 1 tid 106029
210 4 tid 106029
365 2 tid 106029
727 5 tid 106029
197 tid 106029
Insert  tid 106029
FindTargetPageId rootid 3 tid 106029
target_page_id id: 5 tid 106029
0 1 tid 106029
210 4 tid 106029
365 2 tid 106029
727 5 tid 106029
198 tid 106029
Insert  tid 106029
FindTargetPageId rootid 3 tid 106027
target_page_id id: 5 tid 106027
0 1 tid 106027
210 4 tid 106027
365 2 tid 106027
727 5 tid 106027
199 tid 106027
Insert  tid 106027
FindTargetPageId rootid 3 tid 106028
target_page_id id: 5 tid 106028
0 1 tid 106028
210 4 tid 106028
365 2 tid 106028
727 5 tid 106028
199 tid 106028
Remove  tid 106028
FindTargetPageId rootid 3 tid 106029
target_page_id id: 5 tid 106029
0 1 tid 106029
210 4 tid 106029
365 2 tid 106029
727 5 tid 106029
199 tid 106029
Insert  tid 106029
FindTargetPageId rootid 3 tid 106027
target_page_id id: 5 tid 106027
0 1 tid 106027
210 4 tid 106027
365 2 tid 106027
727 5 tid 106027
200 tid 106027
Insert  tid 106027
FindTargetPageId rootid 3 tid 106028
target_page_id id: 5 tid 106028
0 1 tid 106028
210 4 tid 106028
365 2 tid 106028
727 5 tid 106028
200 tid 106028
Remove  tid 106028
FindTargetPageId rootid 3 tid 106028
target_page_id id: 5 tid 106028
0 1 tid 106028
210 4 tid 106028
365 2 tid 106028
727 5 tid 106028
200 tid 106028
FindTargetPageId rootid 3 tid 106029
target_page_id id: 5 tid 106029
0 1 tid 106029
210 4 tid 106029
365 2 tid 106029
727 5 tid 106029
200 tid 106029
Insert  tid 106029
FindTargetPageId rootid 3 tid 106027
target_page_id id: 5 tid 106027
0 1 tid 106027
210 4 tid 106027
365 2 tid 106027
727 5 tid 106027
201 tid 106027
Insert  tid 106027
FindTargetPageId rootid 3 tid 106029
target_page_id id: 5 tid 106029
0 1 tid 106029
210 4 tid 106029
365 2 tid 106029
727 5 tid 106029
201 tid 106029
Insert  tid 106029
FindTargetPageId rootid 3 tid 106027
target_page_id id: 5 tid 106027
0 1 tid 106027
210 4 tid 106027
365 2 tid 106027
727 5 tid 106027
202 tid 106027
Insert  tid 106027
FindTargetPageId rootid 3 tid 106029
target_page_id id: 5 tid 106029
0 1 tid 106029
210 4 tid 106029
365 2 tid 106029
727 5 tid 106029
202 tid 106029
Insert  tid 106029
FindTargetPageId rootid 3 tid 106027
target_page_id id: 5 tid 106027
0 1 tid 106027
210 4 tid 106027
365 2 tid 106027
727 5 tid 106027
203 tid 106027
Insert  tid 106027
FindTargetPageId rootid 3 tid 106029
target_page_id id: 5 tid 106029
0 1 tid 106029
210 4 tid 106029
365 2 tid 106029
727 5 tid 106029
203 tid 106029
Insert  tid 106029
FindTargetPageId rootid 3 tid 106027
target_page_id id: 5 tid 106027
0 1 tid 106027
210 4 tid 106027
365 2 tid 106027
727 5 tid 106027
204 tid 106027
Insert  tid 106027
FindTargetPageId rootid 3 tid 106027
target_page_id id: 5 tid 106027
0 1 tid 106027
210 4 tid 106027
365 2 tid 106027
727 5 tid 106027
204 tid 106027
Insert  tid 106027
FindTargetPageId rootid 3 tid 106029
target_page_id id: 5 tid 106029
0 1 tid 106029
210 4 tid 106029
365 2 tid 106029
727 5 tid 106029
204 tid 106029
Insert  tid 106029
FindTargetPageId rootid 3 tid 106029
target_page_id id: 5 tid 106029
0 1 tid 106029
210 4 tid 106029
365 2 tid 106029
727 5 tid 106029
205 tid 106029
Insert  tid 106029
FindTargetPageId rootid 3 tid 106029
target_page_id id: 5 tid 106029
0 1 tid 106029
210 4 tid 106029
365 2 tid 106029
727 5 tid 106029
206 tid 106029
FindTargetPageId rootid 3 tid 106027
target_page_id id: 5 tid 106027
0 1 tid 106027
210 4 tid 106027
365 2 tid 106027
727 5 tid 106027
Insert 207 tid  tid 106027106029

Insert  tid 106027
FindTargetPageId rootid 3 tid 106027
target_page_id id: 5 tid 106027
0 1 tid 106027
210 4 tid 106027
365 2 tid 106027
727 5 tid 106027
207 tid 106027
Insert  tid 106027
FindTargetPageId rootid 3 tid 106029
target_page_id id: 5 tid 106029
0 1 tid 106029
210 4 tid 106029
365 2 tid 106029
727 5 tid 106029
207 tid 106029
Insert  tid 106029
FindTargetPageId rootid 3 tid 106027
target_page_id id: 5 tid 106027
0 1 tid 106027
210 4 tid 106027
365 2 tid 106027
727 5 tid 106027
208 tid 106027
Insert  tid 106027
FindTargetPageId rootid 3 tid 106029
target_page_id id: 5 tid 106029
0 1 tid 106029
210 4 tid 106029
365 2 tid 106029
727 5 tid 106029
208 tid 106029
Insert  tid 106029
FindTargetPageId rootid 3 tid 106027
target_page_id id: 5 tid 106027
0 1 tid 106027
210 4 tid 106027
365 2 tid 106027
727 5 tid 106027
209 tid 106027
Insert  tid 106027
FindTargetPageId rootid 3 tid 106029
target_page_id id: 5 tid 106029
0 1 tid 106029
210 4 tid 106029
365 2 tid 106029
727 5 tid 106029
209 tid 106029
Insert  tid 106029
FindTargetPageId rootid 3 tid 106029
target_page_id id: 5 tid 106029
0 1 tid 106029
210 4 tid 106029
365 2 tid 106029
727 5 tid 106029
210 tid 106029
Insert  tid 106029
FindTargetPageId rootid 3 tid 106029
target_page_id id: 5 tid 106029
0 1 tid 106029
210 4 tid 106029
365 2 tid 106029
727 5 tid 106029
211 tid 106029
Insert  tid 106029
FindTargetPageId rootid 3 tid 106029
target_page_id id: 5 tid 106029
0 1 tid 106029
210 4 tid 106029
365 2 tid 106029
727 5 tid 106029
212 tid 106029
Insert  tid 106029
FindTargetPageId rootid 3 tid 106029
target_page_id id: 5 tid 106029
0 1 tid 106029
210 4 tid 106029
365 2 tid 106029
727 5 tid 106029
213 tid 106029
Insert  tid 106029
FindTargetPageId rootid 3 tid 106029
target_page_id id: 5 tid 106029
0 1 tid 106029
210 4 tid 106029
365 2 tid 106029
727 5 tid 106029
214 tid 106029
Insert  tid 106029
FindTargetPageId rootid 3 tid 106029
target_page_id id: 5 tid 106029
0 1 tid 106029
210 4 tid 106029
365 2 tid 106029
727 5 tid 106029
215 tid 106029
Insert  tid 106029
FindTargetPageId rootid 3 tid 106029
target_page_id id: 5 tid 106029
0 1 tid 106029
210 4 tid 106029
365 2 tid 106029
727 5 tid 106029
216 tid 106029
Insert  tid 106029
FindTargetPageId rootid 3 tid 106029
target_page_id id: 5 tid 106029
0 1 tid 106029
210 4 tid 106029
365 2 tid 106029
727 5 tid 106029
217 tid 106029
Insert  tid 106029
FindTargetPageId rootid 3 tid 106029
target_page_id id: 5 tid 106029
0 1 tid 106029
210 4 tid 106029
365 2 tid 106029
727 5 tid 106029
218 tid 106029
Insert  tid 106029
FindTargetPageId rootid 3 tid 106029
target_page_id id: 5 tid 106029
0 1 tid 106029
210 4 tid 106029
365 2 tid 106029
727 5 tid 106029
219 tid 106029
Insert  tid 106029
FindTargetPageId rootid 3 tid 106029
target_page_id id: 5 tid 106029
0 1 tid 106029
210 4 tid 106029
365 2 tid 106029
727 5 tid 106029
220 tid 106029
Insert  tid 106029
FindTargetPageId rootid 3 tid 106029
target_page_id id: 5 tid 106029
0 1 tid 106029
210 4 tid 106029
365 2 tid 106029
727 5 tid 106029
221 tid 106029
Insert  tid 106029
FindTargetPageId rootid 3 tid 106029
target_page_id id: 5 tid 106029
0 1 tid 106029
210 4 tid 106029
365 2 tid 106029
727 5 tid 106029
222 tid 106029
Insert  tid 106029
FindTargetPageId rootid 3 tid 106029
target_page_id id: 5 tid 106029
0 1 tid 106029
210 4 tid 106029
365 2 tid 106029
727 5 tid 106029
223 tid 106029
Insert  tid 106029
FindTargetPageId rootid 3 tid 106029
target_page_id id: 5 tid 106029
0 1 tid 106029
210 4 tid 106029
365 2 tid 106029
727 5 tid 106029
224 tid 106029
Insert  tid 106029
FindTargetPageId rootid 3 tid 106029
target_page_id id: 5 tid 106029
0 1 tid 106029
210 4 tid 106029
365 2 tid 106029
727 5 tid 106029
225 tid 106029
Insert  tid 106029
FindTargetPageId rootid 3 tid 106029
target_page_id id: 5 tid 106029
0 1 tid 106029
210 4 tid 106029
365 2 tid 106029
727 5 tid 106029
226 tid 106029
Insert  tid 106029
FindTargetPageId rootid 3 tid 106029
target_page_id id: 5 tid 106029
0 1 tid 106029
210 4 tid 106029
365 2 tid 106029
727 5 tid 106029
227 tid 106029
Insert  tid 106029
FindTargetPageId rootid 3 tid 106029
target_page_id id: 5 tid 106029
0 1 tid 106029
210 4 tid 106029
365 2 tid 106029
727 5 tid 106029
228 tid 106029
Insert  tid 106029
FindTargetPageId rootid 3 tid 106029
target_page_id id: 5 tid 106029
0 1 tid 106029
210 4 tid 106029
365 2 tid 106029
727 5 tid 106029
229 tid 106029
Insert  tid 106029
FindTargetPageId rootid 3 tid 106029
target_page_id id: 5 tid 106029
0 1 tid 106029
210 4 tid 106029
365 2 tid 106029
727 5 tid 106029
230 tid 106029
Insert  tid 106029
FindTargetPageId rootid 3 tid 106029
target_page_id id: 5 tid 106029
0 1 tid 106029
210 4 tid 106029
365 2 tid 106029
727 5 tid 106029
231 tid 106029
Insert  tid 106029
FindTargetPageId rootid 3 tid 106029
target_page_id id: 5 tid 106029
0 1 tid 106029
210 4 tid 106029
365 2 tid 106029
727 5 tid 106029
232 tid 106029
Insert  tid 106029
FindTargetPageId rootid 3 tid 106029
target_page_id id: 5 tid 106029
0 1 tid 106029
210 4 tid 106029
365 2 tid 106029
727 5 tid 106029
233 tid 106029
Insert  tid 106029
FindTargetPageId rootid 3 tid 106027
target_page_id id: 5 tid 106027
0 1 tid 106027
210 4 tid 106027
365 2 tid 106027
727 5 tid 106027
234 tid 106027
Insert  tid 106027
FindTargetPageId rootid 3 tid 106027
target_page_id id: 5 tid 106027
0 1 tid 106027
210 4 tid 106027
365 2 tid 106027
727 5 tid 106027
234 tid 106027
Insert  tid 106027
FindTargetPageId rootid 3 tid 106027
target_page_id id: 5 tid 106027
0 1 tid 106027
210 4 tid 106027
365 2 tid 106027
727 5 tid 106027
234 tid 106027
Insert  tid 106027
FindTargetPageId rootid 3 tid 106027
target_page_id id: 5 tid 106027
0 1 tid 106027
210 4 tid 106027
365 2 tid 106027
727 5 tid 106027
234 tid 106027
Insert  tid 106027
FindTargetPageId rootid 3 tid 106027
target_page_id id: 5 tid 106027
0 1 tid 106027
210 4 tid 106027
365 2 tid 106027
727 5 tid 106027
234 tid 106027
FindTargetPageId rootid 3 tid 106029
target_page_id id: 5 tid 106029
0 1 tid 106029
210 4 tid 106029
365 2 tid 106029
727 5 tid 106029
234 tid 106029
Insert  tid 106027
Insert  tid 106029
FindTargetPageId rootid 3 tid 106027
target_page_id id: 5 tid 106027
0 1 tid 106027
210 4 tid 106027
365 2 tid 106027
727 5 tid 106027
235 tid 106027
Insert  tid 106027
FindTargetPageId rootid 3 tid 106027
target_page_id id: 5 tid 106027
0 1 tid 106027
210 4 tid 106027
365 2 tid 106027
727 5 tid 106027
235 tid 106027
Insert  tid 106027
FindTargetPageId rootid 3 tid 106027
target_page_id id: 5 tid 106027
0 1 tid 106027
210 4 tid 106027
365 2 tid 106027
727 5 tid 106027
235 tid 106027
Insert  tid 106027
FindTargetPageId rootid 3 tid 106029
target_page_id id: 5 tid 106029
0 1 tid 106029
210 4 tid 106029
365 2 tid 106029
727 5 tid 106029
235 tid 106029
Insert  tid 106029
FindTargetPageId rootid 3 tid 106027
target_page_id id: 5 tid 106027
0 1 tid 106027
210 4 tid 106027
365 2 tid 106027
727 5 tid 106027
236 tid 106027
Insert  tid 106027
FindTargetPageId rootid 3 tid 106029
target_page_id id: 5 tid 106029
0 1 tid 106029
210 4 tid 106029
365 2 tid 106029
727 5 tid 106029
236 tid 106029
Insert  tid 106029
FindTargetPageId rootid 3 tid 106029
target_page_id id: 5 tid 106029
0 1 tid 106029
210 4 tid 106029
365 2 tid 106029
727 5 tid 106029
237 tid 106029
Insert  tid 106029
FindTargetPageId rootid 3 tid 106029
target_page_id id: 5 tid 106029
0 1 tid 106029
210 4 tid 106029
365 2 tid 106029
727 5 tid 106029
238 tid 106029
Insert  tid 106029
FindTargetPageId rootid 3 tid 106029
target_page_id id: 5 tid 106029
0 1 tid 106029
210 4 tid 106029
365 2 tid 106029
727 5 tid 106029
239 tid 106029
Insert  tid 106029
FindTargetPageId rootid 3 tid 106029
target_page_id id: 5 tid 106029
0 1 tid 106029
210 4 tid 106029
365 2 tid 106029
727 5 tid 106029
240 tid 106029
Insert  tid 106029
FindTargetPageId rootid 3 tid 106029
target_page_id id: 5 tid 106029
0 1 tid 106029
210 4 tid 106029
365 2 tid 106029
727 5 tid 106029
241 tid 106029
Insert  tid 106029
FindTargetPageId rootid 3 tid 106029
target_page_id id: 5 tid 106029
0 1 tid 106029
210 4 tid 106029
365 2 tid 106029
727 5 tid 106029
242 tid 106029
Insert  tid 106029
FindTargetPageId rootid 3 tid 106029
target_page_id id: 5 tid 106029
0 1 tid 106029
210 4 tid 106029
365 2 tid 106029
727 5 tid 106029
243 tid 106029
Insert  tid 106029
FindTargetPageId rootid 3 tid 106029
target_page_id id: 5 tid 106029
0 1 tid 106029
210 4 tid 106029
365 2 tid 106029
727 5 tid 106029
244 tid 106029
Insert  tid 106029
FindTargetPageId rootid 3 tid 106027
target_page_id id: 5 tid 106027
0 1 tid 106027
210 4 tid 106027
365 2 tid 106027
727 5 tid 106027
245 tid 106027
Insert  tid 106027
FindTargetPageId rootid 3 tid 106029
target_page_id id: 5 tid 106029
0 1 tid 106029
210 4 tid 106029
365 2 tid 106029
727 5 tid 106029
245 tid 106029
Insert  tid FindTargetPageId rootid 106029
3 tid 106027
target_page_id id: 5 tid 106027
0 1 tid 106027
210 4 tid 106027
365 2 tid 106027
727 5 tid 106027
246 tid 106027
Insert  tid 106027
FindTargetPageId rootid 3 tid 106029
target_page_id id: 5 tid 106029
0 1 tid 106029
210 4 tid 106029
365 2 tid 106029
727 5 tid 106029
246 tid 106029
Insert  tid 106029
FindTargetPageId rootid 3 tid 106029
target_page_id id: 5 tid 106029
0 1 tid 106029
210 4 tid 106029
365 2 tid 106029
727 5 tid 106029
247 tid 106029
Insert  tid 106029
FindTargetPageId rootid 3 tid 106029
target_page_id id: 5 tid 106029
0 1 tid 106029
210 4 tid 106029
365 2 tid 106029
727 5 tid 106029
248 tid 106029
Insert  tid 106029
FindTargetPageId rootid 3 tid 106027
target_page_id id: 5 tid 106027
0 1 tid 106027
210 4 tid 106027
365 2 tid 106027
727 5 tid 106027
249 tid 106027
FindTargetPageId rootid 3 tid 106029
Insert  tid 106027
target_page_id id: 5 tid 106029
0 1 tid 106029
210 4 tid 106029
365 2 tid 106029
727 5 tid 106029
249 tid 106029
Insert  tid 106029
FindTargetPageId rootid 3 tid 106027
target_page_id id: 5 tid 106027
0 1 tid 106027
210 4 tid 106027
365 2 tid 106027
727 5 tid 106027
250 tid 106027
Insert  tid 106027
FindTargetPageId rootid 3 tid 106029
target_page_id id: 5 tid 106029
0 1 tid 106029
210 4 tid 106029
365 2 tid 106029
727 5 tid 106029
250 tid 106029
Insert  tid 106029
FindTargetPageId rootid 3 tid 106029
target_page_id id: 5 tid 106029
0 1 tid 106029
210 4 tid 106029
365 2 tid 106029
727 5 tid 106029
251 tid 106029
FindTargetPageId rootid 3 tid 106027
target_page_id id: 5 tid 106027
0 1 tid 106027
210 4 tid 106027
365 2 tid 106027
727 5 tid 106027
252 tid 106027
Insert Insert  tid 106027
FindTargetPageId rootid 3 tid 106027
target_page_id id: 5 tid 106027
0 1 tid 106027
 tid 210106029 4 tid 
106027
365 2 tid 106027
727 5 tid 106027
252 tid 106027
Insert  tid 106027
FindTargetPageId rootid 3 tid 106027
target_page_id id: 5 tid 106027
0 1 tid 106027
210 4 tid 106027
365 2 tid 106027
727 5 tid 106027
252 tid 106027
Insert  tid 106027
FindTargetPageId rootid 3 tid 106027
target_page_id id: 5 tid 106027
0 1 tid 106027
210 4 tid 106027
365 2 tid 106027
727 5 tid 106027
252 tid 106027
Insert  tid 106027
FindTargetPageId rootid 3 tid 106027
target_page_id id: 5 tid 106027
0 1 tid 106027
210 4 tid 106027
365 2 tid 106027
727 5 tid 106027
252 tid 106027
Insert  tid 106027
FindTargetPageId rootid 3 tid 106027
target_page_id id: 5 tid 106027
0 1 tid 106027
210 4 tid 106027
365 2 tid 106027
727 5 tid 106027
252 tid 106027
Insert  tid 106027
FindTargetPageId rootid 3 tid 106029
target_page_id id: 5 tid 106029
0 1 tid 106029
210 4 tid 106029
365 2 tid 106029
727 5 tid 106029
252 tid 106029
Insert  tid 106029
FindTargetPageId rootid 3 tid 106029
target_page_id id: 5 tid 106029
0 1 tid 106029
210 4 tid 106029
365 2 tid 106029
727 5 tid 106029
253 tid 106029
Insert  tid 106029
FindTargetPageId rootid 3 tid 106029
target_page_id id: 5 tid 106029
0 1 tid 106029
210 4 tid 106029
365 2 tid 106029
727 5 tid 106029
254 tid 106029
Insert  tid 106029
FindTargetPageId rootid 3 tid 106027
target_page_id id: 6 tid 106027
0 1 tid 106027
210 4 tid 106027
365 2 tid 106027
727 5 tid 106027
854 6 tid 106027
128 tid 106027
Insert  tid 106027
FindTargetPageId rootid 3 tid 106027
target_page_id id: 6 tid 106027
0 1 tid 106027
210 4 tid 106027
365 2 tid 106027
727 5 tid 106027
854 6 tid 106027
128 tid 106027
Insert  tid 106027
FindTargetPageId rootid 3 tid 106029
target_page_id id: 6 tid 106029
0 1 tid 106029
210 4 tid 106029
365 2 tid 106029
727 5 tid 106029
854 6 tid 106029
128 tid 106029
Insert  tid 106029
FindTargetPageId rootid 3 tid 106029
target_page_id id: 6 tid 106029
0 1 tid 106029
210 4 tid 106029
365 2 tid 106029
727 5 tid 106029
854 6 tid 106029
129 tid 106029
Insert  tid 106029
FindTargetPageId rootid 3 tid 106029
target_page_id id: 6 tid 106029
0 1 tid 106029
210 4 tid 106029
365 2 tid 106029
727 5 tid 106029
854 6 tid 106029
130 tid 106029
Insert  tid 106029
FindTargetPageId rootid 3 tid 106027
target_page_id id: 6 tid 106027
0 1 tid 106027
210 4 tid 106027
365 2 tid 106027
727 5 tid 106027
854 6 tid 106027
131 tid 106027
Insert  tid 106027
FindTargetPageId rootid 3 tid 106027
target_page_id id: 6 tid 106027
0 1 tid 106027
210 4 tid 106027
365 2 tid 106027
727 5 tid 106027
854 6 tid 106027
131 tid 106027
Insert  tid 106027
FindTargetPageId rootid 3 tid 106027
target_page_id id: 6 tid 106027
0 1 tid 106027
210 4 tid 106027
365 2 tid 106027
727 5 tid 106027
854 6 tid 106027
131 tid 106027
Insert  tid 106027
FindTargetPageId rootid 3 tid 106027
target_page_id id: 6 tid 106027
0 1 tid 106027
210 4 tid 106027
365 2 tid 106027
727 5 tid 106027
854 6 tid 106027
131 tid 106027
Insert  tid 106027
FindTargetPageId rootid 3 tid 106027
target_page_id id: 6 tid 106027
0 1 tid 106027
210 4 tid 106027
365 2 tid 106027
727 5 tid 106027
854 6 tid 106027
131 tid 106027
Insert  tid 106027
FindTargetPageId rootid 3 tid 106027
target_page_id id: 6 tid 106027
0 1 tid 106027
210 4 tid 106027
365 2 tid 106027
727 5 tid 106027
854 6 tid 106027
131 tid 106027
Insert  tid 106027
FindTargetPageId rootid 3 tid 106027
target_page_id id: 6 tid 106027
0 1 tid 106027
210 4 tid 106027
365 2 tid 106027
727 5 tid 106027
854 6 tid 106027
131 tid 106027
Insert  tid 106027
FindTargetPageId rootid 3 tid 106027
target_page_id id: 6 tid 106027
0 1 tid 106027
210 4 tid 106027
365 2 tid 106027
727 5 tid 106027
854 6 tid 106027
131 tid 106027
Insert  tid 106027
FindTargetPageId rootid 3 tid 106027
target_page_id id: 6 tid 106027
0 1 tid 106027
210 4 tid 106027
365 2 tid 106027
727 5 tid 106027
854 6 tid 106027
131 tid 106027
Insert  tid 106027
FindTargetPageId rootid 3 tid 106027
target_page_id id: 6 tid 106027
0 1 tid 106027
210 4 tid 106027
365 2 tid 106027
727 5 tid 106027
854 6 tid 106027
131 tid 106027
Insert  tid 106027
FindTargetPageId rootid 3 tid 106029
target_page_id id: 6 tid 106029
0 1 tid 106029
210 4 tid 106029
365 2 tid 106029
727 5 tid 106029
854 6 tid 106029
131 tid 106029
Insert  tid 106029
FindTargetPageId rootid 3 tid 106029
target_page_id id: 6 tid 106029
0 1 tid 106029
210 4 tid 106029
365 2 tid 106029
727 5 tid 106029
854 6 tid 106029
132 tid 106029
Insert  tid 106029
FindTargetPageId rootid 3 tid 106029
target_page_id id: 6 tid 106029
0 1 tid 106029
210 4 tid 106029
365 2 tid 106029
727 5 tid 106029
854 6 tid 106029
133 tid 106029
Insert  tid 106029
FindTargetPageId rootid 3 tid 106029
target_page_id id: 6 tid 106029
0 1 tid 106029
210 4 tid 106029
365 2 tid 106029
727 5 tid 106029
854 6 tid 106029
134 tid 106029
Insert  tid 106029
FindTargetPageId rootid 3 tid 106029
target_page_id id: 6 tid 106029
0 1 tid 106029
210 4 tid 106029
365 2 tid 106029
727 5 tid 106029
854 6 tid 106029
135 tid 106029
Insert  tid 106029
FindTargetPageId rootid 3 tid 106029
target_page_id id: 6 tid 106029
0 1 tid 106029
210 4 tid 106029
365 2 tid 106029
727 5 tid 106029
854 6 tid 106029
136 tid 106029
Insert  tid 106029
FindTargetPageId rootid 3 tid 106029
target_page_id id: 6 tid 106029
0 1 tid 106029
210 4 tid 106029
365 2 tid 106029
727 5 tid 106029
854 6 tid 106029
137 tid 106029
Insert  tid 106029
FindTargetPageId rootid 3 tid 106029
target_page_id id: 6 tid 106029
0 1 tid 106029
210 4 tid 106029
365 2 tid 106029
727 5 tid 106029
854 6 tid 106029
138 tid 106029
Insert  tid 106029
FindTargetPageId rootid 3 tid 106029
target_page_id id: 6 tid 106029
0 1 tid 106029
210 4 tid 106029
365 2 tid 106029
727 5 tid 106029
854 6 tid 106029
139 tid 106029
Insert  tid 106029
FindTargetPageId rootid 3 tid 106029
target_page_id id: 6 tid 106029
0 1 tid 106029
210 4 tid 106029
365 2 tid 106029
727 5 tid 106029
854 6 tid 106029
140 tid 106029
Insert  tid 106029
FindTargetPageId rootid 3 tid 106029
target_page_id id: 6 tid 106029
0 1 tid 106029
210 4 tid 106029
365 2 tid 106029
727 5 tid 106029
854 6 tid 106029
141 tid 106029
Insert  tid 106029
FindTargetPageId rootid 3 tid 106029
target_page_id id: 6 tid 106029
0 1 tid 106029
210 4 tid 106029
365 2 tid 106029
727 5 tid 106029
854 6 tid 106029
142 tid 106029
Insert  tid 106029
FindTargetPageId rootid 3 tid 106029
target_page_id id: 6 tid 106029
0 1 tid 106029
210 4 tid 106029
365 2 tid 106029
727 5 tid 106029
854 6 tid 106029
143 tid 106029
Insert  tid 106029
FindTargetPageId rootid 3 tid 106029
target_page_id id: 6 tid 106029
0 1 tid 106029
210 4 tid 106029
365 2 tid 106029
727 5 tid 106029
854 6 tid 106029
144 tid 106029
Insert  tid 106029
FindTargetPageId rootid 3 tid 106029
target_page_id id: 6 tid 106029
0 1 tid 106029
210 4 tid 106029
365 2 tid 106029
727 5 tid 106029
854 6 tid 106029
145 tid 106029
Insert  tid 106029
FindTargetPageId rootid 3 tid 106029
target_page_id id: 6 tid 106029
0 1 tid 106029
210 4 tid 106029
365 2 tid 106029
727 5 tid 106029
854 6 tid 106029
146 tid 106029
FindTargetPageId rootid 3 tid 106027
target_page_id id: 6 tid 106027
0 1 tid 106027
210 4 tid 106027
365 2 tid 106027
727 5 tid 106027
854 6 tid 106027
147 tid 106027
Insert  tid 106027
FindTargetPageId rootid 3 tid 106027
target_page_id id: 6 tid 106027
0 1 tid 106027
210 4 tid 106027
365 2 tid 106027
727 5 tid 106027
854 6 tid 106027
147 tid 106027
Insert  tid 106027
FindTargetPageId rootid 3 tid 106027
target_page_id id: 6 tid 106027
0 1 tid 106027
210 4 tid 106027
365 2 tid 106027
727 5 tid 106027
854 6 tid 106027
147 tid 106027
Insert  tid 106027
FindTargetPageId rootid 3 tid 106027
target_page_id id: 6 tid 106027
0 1 tid 106027
210 4 tid 106027
365 2 tid 106027
727 5 tid 106027
854 6 tid 106027
147 tid 106027
Insert  tid 106027
FindTargetPageId rootid 3 tid 106027
target_page_id id: 6 tid 106027
0 1 tid 106027
210 4 tid 106027
365 2 tid 106027
727 5 tid 106027
854 6 tid 106027
147 tid 106027
Insert  tid 106027
FindTargetPageId rootid 3 tid 106027
target_page_id id: 6 tid 106027
0 1 tid 106027
210 4 tid 106027
365 2 tid 106027
727 5 tid 106027
854 6 tid 106027
147 tid 106027
Insert  tid 106027
FindTargetPageId rootid 3 tid 106027
target_page_id id: 6 tid 106027
0 1 tid 106027
210 4 tid 106027
365 2 tid 106027
727 5 tid 106027
854 6 tid 106027
147 tid 106027
Insert  tid 106027
FindTargetPageId rootid 3 tid 106027
target_page_id id: 6 tid 106027
0 1 tid 106027
210 4 tid 106027
365 2 tid 106027
727 5 tid 106027
854 6 tid 106027
147 tid 106027
Insert  tid 106027
FindTargetPageId rootid 3 tid 106027
target_page_id id: 6 tid 106027
0 1 tid 106027
210 4 tid 106027
365 2 tid 106027
727 5 tid 106027
854 6 tid 106027
147 tid 106027
Insert  tid 106027
FindTargetPageId rootid 3 tid 106027
target_page_id id: 6 tid 106027
0 1 tid 106027
210 4 tid 106027
365 2 tid 106027
727 5 tid 106027
854 6 tid 106027
147 tid 106027
Insert  tid 106027
FindTargetPageId rootid 3 tid 106027
target_page_id id: 6 tid 106027
0 1 tid 106027
210 4 tid 106027
365 2 tid 106027
727 5 tid 106027
854 6 tid 106027
147 tid 106027
Insert  tid 106027
FindTargetPageId rootid 3 tid 106027
target_page_id id: 6 tid 106027
0 1 tid 106027
210 4 tid 106027
365 2 tid 106027
727 5 tid 106027
854 6 tid 106027
147 tid 106027
Insert  tid 106027
FindTargetPageId rootid 3 tid 106027
target_page_id id: 6 tid 106027
0 1 tid 106027
210 4 tid 106027
365 2 tid 106027
727 5 tid 106027
854 6 tid 106027
147 tid 106027
Insert  tid 106027
FindTargetPageId rootid 3 tid 106027
target_page_id id: 6 tid 106027
0 1 tid 106027
210 4 tid 106027
365 2 tid 106027
727 5 tid 106027
854 6 tid 106027
147 tid 106027
Insert  tid 106027
FindTargetPageId rootid 3 tid 106027
target_page_id id: 6 tid 106027
0 1 tid 106027
210 4 tid 106027
365 2 tid 106027
727 5 tid 106027
854 6 tid 106027
147 tid 106027
Insert  tid 106027
FindTargetPageId rootid 3 tid 106027
target_page_id id: 6 tid 106027
0 1 tid 106027
210 4 tid 106027
365 2 tid 106027
727 5 tid 106027
854 6 tid 106027
147 tid 106027
Insert  tid 106027
FindTargetPageId rootid 3 tid 106027
target_page_id id: 6 tid 106027
0 1 tid 106027
210 4 tid 106027
365 2 tid 106027
727 5 tid 106027
854 6 tid 106027
147 tid 106027
Insert  tid 106027
FindTargetPageId rootid 3 tid 106027
target_page_id id: 6 tid 106027
0 1 tid 106027
210 4 tid 106027
365 2 tid 106027
727 5 tid 106027
854 6 tid 106027
147 tid 106027
Insert  tid 106027
FindTargetPageId rootid 3 tid 106027
target_page_id id: 6 tid 106027
0 1 tid 106027
210 4 tid 106027
365 2 tid 106027
727 5 tid 106027
854 6 tid 106027
147 tid 106027
Insert  tid 106027
FindTargetPageId rootid 3 tid 106027
target_page_id id: 6 tid 106027
0 1 tid 106027
210 4 tid 106027
365 2 tid 106027
727 5 tid 106027
854 6 tid 106027
147 tid 106027
Insert  tid 106027
FindTargetPageId rootid 3 tid 106027
target_page_id id: 6 tid 106027
0 1 tid 106027
210 4 tid 106027
365 2 tid 106027
727 5 tid 106027
854 6 tid 106027
147 tid 106027
Insert  tid 106027
FindTargetPageId rootid 3 tid 106027
target_page_id id: 6 tid 106027
0 1 tid 106027
210 4 tid 106027
365 2 tid 106027
727 5 tid 106027
854 6 tid 106027
147 tid 106027
Insert  tid 106027
FindTargetPageId rootid 3 tid 106027
target_page_id id: 6 tid 106027
0 1 tid 106027
210 4 tid 106027
365 2 tid 106027
727 5 tid 106027
854 6 tid 106027
147 tid 106027
Insert  tid 106027
FindTargetPageId rootid 3 tid 106027
target_page_id id: 6 tid 106027
0 1 tid 106027
210 4 tid 106027
365 2 tid 106027
727 5 tid 106027
854 6 tid 106027
147 tid 106027
Insert  tid 106027
FindTargetPageId rootid 3 tid 106027
target_page_id id: 6 tid 106027
0 1 tid 106027
210 4 tid 106027
365 2 tid 106027
727 5 tid 106027
854 6 tid 106027
147 tid 106027
Insert  tid 106027
FindTargetPageId rootid 3 tid 106027
target_page_id id: 6 tid 106027
0 1 tid 106027
210 4 tid 106027
365 2 tid 106027
727 5 tid 106027
854 6 tid 106027
147 tid 106027
Insert  tid 106027
FindTargetPageId rootid 3 tid 106027
target_page_id id: 6 tid 106027
0 1 tid 106027
210 4 tid 106027
365 2 tid 106027
727 5 tid 106027
854 6 tid 106027
147 tid 106027
Insert  tid 106027
FindTargetPageId rootid 3 tid 106027
target_page_id id: 6 tid 106027
0 1 tid 106027
210 4 tid 106027
365 2 tid 106027
727 5 tid 106027
854 6 tid 106027
147 tid 106027
Insert  tid 106027
FindTargetPageId rootid 3 tid 106027
target_page_id id: 6 tid 106027
0 1 tid 106027
210 4 tid 106027
365 2 tid 106027
727 5 tid 106027
854 6 tid 106027
147 tid 106027
Insert  tid 106027
FindTargetPageId rootid 3 tid 106027
target_page_id id: 6 tid 106027
0 1 tid 106027
210 4 tid 106027
365 2 tid 106027
727 5 tid 106027
854 6 tid 106027
147 tid 106027
Insert  tid 106027
FindTargetPageId rootid 3 tid 106027
target_page_id id: 6 tid 106027
0 1 tid 106027
210 4 tid 106027
365 2 tid 106027
727 5 tid 106027
854 6 tid 106027
147 tid 106027
Insert  tid 106027
FindTargetPageId rootid 3 tid 106027
target_page_id id: 6 tid 106027
0 1 tid 106027
210 4 tid 106027
365 2 tid 106027
727 5 tid 106027
854 6 tid 106027
147 tid 106027
Insert  tid 106027
FindTargetPageId rootid 3 tid 106027
target_page_id id: 6 tid 106027
0 1 tid 106027
210 4 tid 106027
365 2 tid 106027
727 5 tid 106027
854 6 tid 106027
147 tid 106027
Insert  tid 106027
FindTargetPageId rootid 3 tid 106027
target_page_id id: 6 tid 106027
0 1 tid 106027
210 4 tid 106027
365 2 tid 106027
727 5 tid 106027
854 6 tid 106027
147 tid 106027
Insert  tid 106027
FindTargetPageId rootid 3 tid 106027
target_page_id id: 6 tid 106027
0 1 tid 106027
210 4 tid 106027
365 2 tid 106027
727 5 tid 106027
854 6 tid 106027
147 tid 106027
Insert  tid 106027
FindTargetPageId rootid 3 tid 106027
target_page_id id: 6 tid 106027
0 1 tid 106027
210 4 tid 106027
365 2 tid 106027
727 5 tid 106027
854 6 tid 106027
147 tid 106027
Insert  tid 106027
FindTargetPageId rootid 3 tid 106027
target_page_id id: 6 tid 106027
0 1 tid 106027
210 4 tid 106027
365 2 tid 106027
727 5 tid 106027
854 6 tid 106027
147 tid 106027
Insert  tid 106027
FindTargetPageId rootid 3 tid 106027
target_page_id id: 6 tid 106027
0 1 tid 106027
210 4 tid 106027
365 2 tid 106027
727 5 tid 106027
854 6 tid 106027
147 tid 106027
Insert  tid 106027
FindTargetPageId rootid 3 tid 106027
target_page_id id: 6 tid 106027
0 1 tid 106027
210 4 tid 106027
365 2 tid 106027
727 5 tid 106027
854 6 tid 106027
147 tid 106027
Insert  tid 106027
FindTargetPageId rootid 3 tid 106027
target_page_id id: 6 tid 106027
0 1 tid 106027
210 4 tid 106027
365 2 tid 106027
727 5 tid 106027
854 6 tid 106027
147 tid 106027
Insert  tid 106027
FindTargetPageId rootid 3 tid 106027
target_page_id id: 6 tid 106027
0 1 tid 106027
210 4 tid 106027
365 2 tid 106027
727 5 tid 106027
854 6 tid 106027
147 tid 106027
Insert  tid 106027
FindTargetPageId rootid 3 tid 106027
target_page_id id: 6 tid 106027
0 1 tid 106027
210 4 tid 106027
365 2 tid 106027
727 5 tid 106027
854 6 tid 106027
147 tid 106027
Insert  tid 106027
FindTargetPageId rootid 3 tid 106027
target_page_id id: 6 tid 106027
0 1 tid 106027
210 4 tid 106027
365 2 tid 106027
727 5 tid 106027
854 6 tid 106027
147 tid 106027
Insert  tid 106027
FindTargetPageId rootid 3 tid 106027
target_page_id id: 6 tid 106027
0 1 tid 106027
210 4 tid 106027
365 2 tid 106027
727 5 tid 106027
854 6 tid 106027
147 tid 106027
Insert  tid 106027
FindTargetPageId rootid 3 tid 106027
target_page_id id: 6 tid 106027
0 1 tid 106027
210 4 tid 106027
365 2 tid 106027
727 5 tid 106027
854 6 tid 106027
147 tid 106027
Insert  tid 106027
FindTargetPageId rootid 3 tid 106027
target_page_id id: 6 tid 106027
0 1 tid 106027
210 4 tid 106027
365 2 tid 106027
727 5 tid 106027
854 6 tid 106027
147 tid 106027
Insert  tid 106027
FindTargetPageId rootid 3 tid 106027
target_page_id id: 6 tid 106027
0 1 tid 106027
210 4 tid 106027
365 2 tid 106027
727 5 tid 106027
854 6 tid 106027
147 tid 106027
Insert  tid 106027
FindTargetPageId rootid 3 tid 106027
target_page_id id: 6 tid 106027
0 1 tid 106027
210 4 tid 106027
365 2 tid 106027
727 5 tid 106027
854 6 tid 106027
147 tid 106027
Insert  tid 106027
FindTargetPageId rootid 3 tid 106027
target_page_id id: 6 tid 106027
0 1 tid 106027
210 4 tid 106027
365 2 tid 106027
727 5 tid 106027
854 6 tid 106027
147 tid 106027
Insert  tid 106027
FindTargetPageId rootid 3 tid 106027
target_page_id id: 6 tid 106027
0 1 tid 106027
210 4 tid 106027
365 2 tid 106027
727 5 tid 106027
854 6 tid 106027
147 tid 106027
Insert  tid 106027
FindTargetPageId rootid 3 tid 106027
target_page_id id: 6 tid 106027
0 1 tid 106027
210 4 tid 106027
365 2 tid 106027
727 5 tid 106027
854 6 tid 106027
147 tid 106027
Insert  tid 106027
FindTargetPageId rootid 3 tid 106027
target_page_id id: 6 tid 106027
0 1 tid 106027
210 4 tid 106027
365 2 tid 106027
727 5 tid 106027
854 6 tid 106027
147 tid 106027
Insert  tid 106027
FindTargetPageId rootid 3 tid 106027
target_page_id id: 6 tid 106027
0 1 tid 106027
210 4 tid 106027
365 2 tid 106027
727 5 tid 106027
854 6 tid 106027
147 tid 106027
Insert  tid 106027
FindTargetPageId rootid 3 tid 106027
target_page_id id: 6 tid 106027
0 1 tid 106027
210 4 tid 106027
365 2 tid 106027
727 5 tid 106027
854 6 tid 106027
147 tid 106027
Insert  tid 106027
FindTargetPageId rootid 3 tid 106027
target_page_id id: 6 tid 106027
0 1 tid 106027
210 4 tid 106027
365 2 tid 106027
727 5 tid 106027
854 6 tid 106027
147 tid 106027
Insert  tid 106027
FindTargetPageId rootid 3 tid 106027
target_page_id id: 6 tid 106027
0 1 tid 106027
210 4 tid 106027
365 2 tid 106027
727 5 tid 106027
854 6 tid 106027
147 tid 106027
Insert  tid 106027
FindTargetPageId rootid 3 tid 106027
target_page_id id: 6 tid 106027
0 1 tid 106027
210 4 tid 106027
365 2 tid 106027
727 5 tid 106027
854 6 tid 106027
147 tid 106027
Insert  tid 106027
FindTargetPageId rootid 3 tid 106027
target_page_id id: 6 tid 106027
0 1 tid 106027
210 4 tid 106027
365 2 tid 106027
727 5 tid 106027
854 6 tid 106027
147 tid 106027
Insert  tid 106027
FindTargetPageId rootid 3 tid 106027
target_page_id id: 6 tid 106027
0 1 tid 106027
210 4 tid 106027
365 2 tid 106027
727 5 tid 106027
854 6 tid 106027
147 tid 106027
Insert  tid 106027
FindTargetPageId rootid 3 tid 106027
target_page_id id: 6 tid 106027
0 1 tid 106027
210 4 tid 106027
365 2 tid 106027
727 5 tid 106027
854 6 tid 106027
147 tid 106027
Insert  tid 106027
FindTargetPageId rootid 3 tid 106027
target_page_id id: 6 tid 106027
0 1 tid 106027
210 4 tid 106027
365 2 tid 106027
727 5 tid 106027
854 6 tid 106027
147 tid 106027
Insert  tid 106027
FindTargetPageId rootid 3 tid 106027
target_page_id id: 6 tid 106027
0 1 tid 106027
210 4 tid 106027
365 2 tid 106027
727 5 tid 106027
854 6 tid 106027
147 tid 106027
Insert  tid 106027
FindTargetPageId rootid 3 tid 106027
target_page_id id: 6 tid 106027
0 1 tid 106027
210 4 tid 106027
365 2 tid 106027
727 5 tid 106027
854 6 tid 106027
147 tid 106027
Insert  tid 106027
FindTargetPageId rootid 3 tid 106027
target_page_id id: 6 tid 106027
0 1 tid 106027
210 4 tid 106027
365 2 tid 106027
727 5 tid 106027
854 6 tid 106027
147 tid 106027
Insert  tid 106027
FindTargetPageId rootid 3 tid 106027
target_page_id id: 6 tid 106027
0 1 tid 106027
210 4 tid 106027
365 2 tid 106027
727 5 tid 106027
854 6 tid 106027
147 tid 106027
Insert  tid 106027
FindTargetPageId rootid 3 tid 106027
target_page_id id: 6 tid 106027
0 1 tid 106027
210 4 tid 106027
365 2 tid 106027
727 5 tid 106027
854 6 tid 106027
147 tid 106027
Insert  tid 106027
FindTargetPageId rootid 3 tid 106027
target_page_id id: 6 tid 106027
0 1 tid 106027
210 4 tid 106027
365 2 tid 106027
727 5 tid 106027
854 6 tid 106027
147 tid 106027
Insert  tid 106027
FindTargetPageId rootid 3 tid 106027
target_page_id id: 6 tid 106027
0 1 tid 106027
210 4 tid 106027
365 2 tid 106027
727 5 tid 106027
854 6 tid 106027
147 tid 106027
Insert  tid 106027
FindTargetPageId rootid 3 tid 106027
target_page_id id: 6 tid 106027
0 1 tid 106027
210 4 tid 106027
365 2 tid 106027
727 5 tid 106027
854 6 tid 106027
147 tid 106027
Insert  tid 106027
FindTargetPageId rootid 3 tid 106027
target_page_id id: 6 tid 106027
0 1 tid 106027
210 4 tid 106027
365 2 tid 106027
727 5 tid 106027
854 6 tid 106027
147 tid 106027
Insert  tid 106027
FindTargetPageId rootid 3 tid 106027
target_page_id id: 6 tid 106027
0 1 tid 106027
210 4 tid 106027
365 2 tid 106027
727 5 tid 106027
854 6 tid 106027
147 tid 106027
Insert  tid 106027
FindTargetPageId rootid 3 tid 106027
target_page_id id: 6 tid 106027
0 1 tid 106027
210 4 tid 106027
365 2 tid 106027
727 5 tid 106027
854 6 tid 106027
147 tid 106027
Insert  tid 106027
FindTargetPageId rootid 3 tid 106027
target_page_id id: 6 tid 106027
0 1 tid 106027
210 4 tid 106027
365 2 tid 106027
727 5 tid 106027
854 6 tid 106027
147 tid 106027
Insert  tid 106027
FindTargetPageId rootid 3 tid 106027
target_page_id id: 6 tid 106027
0 1 tid 106027
210 4 tid 106027
365 2 tid 106027
727 5 tid 106027
854 6 tid 106027
147 tid 106027
Insert  tid 106027
FindTargetPageId rootid 3 tid 106027
target_page_id id: 6 tid 106027
0 1 tid 106027
210 4 tid 106027
365 2 tid 106027
727 5 tid 106027
854 6 tid 106027
147 tid 106027
Insert  tid 106027
FindTargetPageId rootid 3 tid 106027
target_page_id id: 6 tid 106027
0 1 tid 106027
210 4 tid 106027
365 2 tid 106027
727 5 tid 106027
854 6 tid 106027
147 tid 106027
Insert  tid 106027
FindTargetPageId rootid 3 tid 106027
target_page_id id: 6 tid 106027
0 1 tid 106027
210 4 tid 106027
365 2 tid 106027
727 5 tid 106027
854 6 tid 106027
147 tid 106027
Insert  tid 106027
FindTargetPageId rootid 3 tid 106027
target_page_id id: 6 tid 106027
0 1 tid 106027
210 4 tid 106027
365 2 tid 106027
727 5 tid 106027
854 6 tid 106027
147 tid 106027
Insert  tid 106027
FindTargetPageId rootid 3 tid 106027
target_page_id id: 6 tid 106027
0 1 tid 106027
210 4 tid 106027
365 2 tid 106027
727 5 tid 106027
854 6 tid 106027
147 tid 106027
leaf_max_size 254
Insert  tid 105929
Insert  tid 105929
new root page id: 1 tid 105929
Insert  tid 105929
FindTargetPageId rootid 1 tid 105929
1 tid 105929
Insert  tid 105929
FindTargetPageId rootid 1 tid 105929
2 tid 105929
Insert  tid 105929
FindTargetPageId rootid 1 tid 105929
3 tid 105929
Insert  tid 105929
FindTargetPageId rootid 1 tid 105929
4 tid 105929
Insert  tid 105929
FindTargetPageId rootid 1 tid 105929
5 tid 105929
Insert  tid 105929
FindTargetPageId rootid 1 tid 105929
6 tid 105929
Insert  tid 105929
FindTargetPageId rootid 1 tid 105929
7 tid 105929
Insert  tid 105929
FindTargetPageId rootid 1 tid 105929
8 tid 105929
Insert  tid 105929
FindTargetPageId rootid 1 tid 105929
9 tid 105929
Insert  tid 105929
FindTargetPageId rootid 1 tid 105929
10 tid 105929
Insert  tid 105929
FindTargetPageId rootid 1 tid 105929
11 tid 105929
Insert  tid 105929
FindTargetPageId rootid 1 tid 105929
12 tid 105929
Insert  tid 105929
FindTargetPageId rootid 1 tid 105929
13 tid 105929
Insert  tid 105929
FindTargetPageId rootid 1 tid 105929
14 tid 105929
Insert  tid 105929
FindTargetPageId rootid 1 tid 105929
15 tid 105929
Insert  tid 105929
FindTargetPageId rootid 1 tid 105929
16 tid 105929
Insert  tid 105929
FindTargetPageId rootid 1 tid 105929
17 tid 105929
Insert  tid 105929
FindTargetPageId rootid 1 tid 105929
18 tid 105929
Insert  tid 105929
FindTargetPageId rootid 1 tid 105929
19 tid 105929
Insert  tid 105929
FindTargetPageId rootid 1 tid 105929
20 tid 105929
Insert  tid 105929
FindTargetPageId rootid 1 tid 105929
21 tid 105929
Insert  tid 105929
FindTargetPageId rootid 1 tid 105929
22 tid 105929
Insert  tid 105929
FindTargetPageId rootid 1 tid 105929
23 tid 105929
Insert  tid 105929
FindTargetPageId rootid 1 tid 105929
24 tid 105929
Insert  tid 105929
FindTargetPageId rootid 1 tid 105929
25 tid 105929
Insert  tid 105929
FindTargetPageId rootid 1 tid 105929
26 tid 105929
Insert  tid 105929
FindTargetPageId rootid 1 tid 105929
27 tid 105929
Insert  tid 105929
FindTargetPageId rootid 1 tid 105929
28 tid 105929
Insert  tid 105929
FindTargetPageId rootid 1 tid 105929
29 tid 105929
Insert  tid 105929
FindTargetPageId rootid 1 tid 105929
30 tid 105929
Insert  tid 105929
FindTargetPageId rootid 1 tid 105929
31 tid 105929
Insert  tid 105929
FindTargetPageId rootid 1 tid 105929
32 tid 105929
Insert  tid 105929
FindTargetPageId rootid 1 tid 105929
33 tid 105929
Insert  tid 105929
FindTargetPageId rootid 1 tid 105929
34 tid 105929
Insert  tid 105929
FindTargetPageId rootid 1 tid 105929
35 tid 105929
Insert  tid 105929
FindTargetPageId rootid 1 tid 105929
36 tid 105929
Insert  tid 105929
FindTargetPageId rootid 1 tid 105929
37 tid 105929
Insert  tid 105929
FindTargetPageId rootid 1 tid 105929
38 tid 105929
Insert  tid 105929
FindTargetPageId rootid 1 tid 105929
39 tid 105929
Insert  tid 105929
FindTargetPageId rootid 1 tid 105929
40 tid 105929
Insert  tid 105929
FindTargetPageId rootid 1 tid 105929
41 tid 105929
Insert  tid 105929
FindTargetPageId rootid 1 tid 105929
42 tid 105929
Insert  tid 105929
FindTargetPageId rootid 1 tid 105929
43 tid 105929
Insert  tid 105929
FindTargetPageId rootid 1 tid 105929
44 tid 105929
Insert  tid 105929
FindTargetPageId rootid 1 tid 105929
45 tid 105929
Insert  tid 105929
FindTargetPageId rootid 1 tid 105929
46 tid 105929
Insert  tid 105929
FindTargetPageId rootid 1 tid 105929
47 tid 105929
Insert  tid 105929
FindTargetPageId rootid 1 tid 105929
48 tid 105929
Insert  tid 105929
FindTargetPageId rootid 1 tid 105929
49 tid 105929
Insert  tid 105929
FindTargetPageId rootid 1 tid 105929
50 tid 105929
Insert  tid 105929
FindTargetPageId rootid 1 tid 105929
51 tid 105929
Insert  tid 105929
FindTargetPageId rootid 1 tid 105929
52 tid 105929
Insert  tid 105929
FindTargetPageId rootid 1 tid 105929
53 tid 105929
Insert  tid 105929
FindTargetPageId rootid 1 tid 105929
54 tid 105929
Insert  tid 105929
FindTargetPageId rootid 1 tid 105929
55 tid 105929
Insert  tid 105929
FindTargetPageId rootid 1 tid 105929
56 tid 105929
Insert  tid 105929
FindTargetPageId rootid 1 tid 105929
57 tid 105929
Insert  tid 105929
FindTargetPageId rootid 1 tid 105929
58 tid 105929
Insert  tid 105929
FindTargetPageId rootid 1 tid 105929
59 tid 105929
Insert  tid 105929
FindTargetPageId rootid 1 tid 105929
60 tid 105929
Insert  tid 105929
FindTargetPageId rootid 1 tid 105929
61 tid 105929
Insert  tid 105929
FindTargetPageId rootid 1 tid 105929
62 tid 105929
Insert  tid 105929
FindTargetPageId rootid 1 tid 105929
63 tid 105929
Insert  tid 105929
FindTargetPageId rootid 1 tid 105929
64 tid 105929
Insert  tid 105929
FindTargetPageId rootid 1 tid 105929
65 tid 105929
Insert  tid 105929
FindTargetPageId rootid 1 tid 105929
66 tid 105929
Insert  tid 105929
FindTargetPageId rootid 1 tid 105929
67 tid 105929
Insert  tid 105929
FindTargetPageId rootid 1 tid 105929
68 tid 105929
Insert  tid 105929
FindTargetPageId rootid 1 tid 105929
69 tid 105929
Insert  tid 105929
FindTargetPageId rootid 1 tid 105929
70 tid 105929
Insert  tid 105929
FindTargetPageId rootid 1 tid 105929
71 tid 105929
Insert  tid 105929
FindTargetPageId rootid 1 tid 105929
72 tid 105929
Insert  tid 105929
FindTargetPageId rootid 1 tid 105929
73 tid 105929
Insert  tid 105929
FindTargetPageId rootid 1 tid 105929
74 tid 105929
Insert  tid 105929
FindTargetPageId rootid 1 tid 105929
75 tid 105929
Insert  tid 105929
FindTargetPageId rootid 1 tid 105929
76 tid 105929
Insert  tid 105929
FindTargetPageId rootid 1 tid 105929
77 tid 105929
Insert  tid 105929
FindTargetPageId rootid 1 tid 105929
78 tid 105929
Insert  tid 105929
FindTargetPageId rootid 1 tid 105929
79 tid 105929
Insert  tid 105929
FindTargetPageId rootid 1 tid 105929
80 tid 105929
Insert  tid 105929
FindTargetPageId rootid 1 tid 105929
81 tid 105929
Insert  tid 105929
FindTargetPageId rootid 1 tid 105929
82 tid 105929
Insert  tid 105929
FindTargetPageId rootid 1 tid 105929
83 tid 105929
Insert  tid 105929
FindTargetPageId rootid 1 tid 105929
84 tid 105929
Insert  tid 105929
FindTargetPageId rootid 1 tid 105929
85 tid 105929
Insert  tid 105929
FindTargetPageId rootid 1 tid 105929
86 tid 105929
Insert  tid 105929
FindTargetPageId rootid 1 tid 105929
87 tid 105929
Insert  tid 105929
FindTargetPageId rootid 1 tid 105929
88 tid 105929
Insert  tid 105929
FindTargetPageId rootid 1 tid 105929
89 tid 105929
Insert  tid 105929
FindTargetPageId rootid 1 tid 105929
90 tid 105929
Insert  tid 105929
FindTargetPageId rootid 1 tid 105929
91 tid 105929
Insert  tid 105929
FindTargetPageId rootid 1 tid 105929
92 tid 105929
Insert  tid 105929
FindTargetPageId rootid 1 tid 105929
93 tid 105929
Insert  tid 105929
FindTargetPageId rootid 1 tid 105929
94 tid 105929
Insert  tid 105929
FindTargetPageId rootid 1 tid 105929
95 tid 105929
Insert  tid 105929
FindTargetPageId rootid 1 tid 105929
96 tid 105929
Insert  tid 105929
FindTargetPageId rootid 1 tid 105929
97 tid 105929
Insert  tid 105929
FindTargetPageId rootid 1 tid 105929
98 tid 105929
Insert  tid 105929
FindTargetPageId rootid 1 tid 105929
99 tid 105929
Insert  tid 105929
FindTargetPageId rootid 1 tid 105929
100 tid 105929
Insert  tid 105929
FindTargetPageId rootid 1 tid 105929
101 tid 105929
Insert  tid 105929
FindTargetPageId rootid 1 tid 105929
102 tid 105929
Insert  tid 105929
FindTargetPageId rootid 1 tid 105929
103 tid 105929
Insert  tid 105929
FindTargetPageId rootid 1 tid 105929
104 tid 105929
Insert  tid 105929
FindTargetPageId rootid 1 tid 105929
105 tid 105929
Insert  tid 105929
FindTargetPageId rootid 1 tid 105929
106 tid 105929
Insert  tid 105929
FindTargetPageId rootid 1 tid 105929
107 tid 105929
Insert  tid 105929
FindTargetPageId rootid 1 tid 105929
108 tid 105929
Insert  tid 105929
FindTargetPageId rootid 1 tid 105929
109 tid 105929
Insert  tid 105929
FindTargetPageId rootid 1 tid 105929
110 tid 105929
Insert  tid 105929
FindTargetPageId rootid 1 tid 105929
111 tid 105929
Insert  tid 105929
FindTargetPageId rootid 1 tid 105929
112 tid 105929
Insert  tid 105929
FindTargetPageId rootid 1 tid 105929
113 tid 105929
Insert  tid 105929
FindTargetPageId rootid 1 tid 105929
114 tid 105929
Insert  tid 105929
FindTargetPageId rootid 1 tid 105929
115 tid 105929
Insert  tid 105929
FindTargetPageId rootid 1 tid 105929
116 tid 105929
Insert  tid 105929
FindTargetPageId rootid 1 tid 105929
117 tid 105929
Insert  tid 105929
FindTargetPageId rootid 1 tid 105929
118 tid 105929
Insert  tid 105929
FindTargetPageId rootid 1 tid 105929
119 tid 105929
Insert  tid 105929
FindTargetPageId rootid 1 tid 105929
120 tid 105929
Insert  tid 105929
FindTargetPageId rootid 1 tid 105929
121 tid 105929
Insert  tid 105929
FindTargetPageId rootid 1 tid 105929
122 tid 105929
Insert  tid 105929
FindTargetPageId rootid 1 tid 105929
123 tid 105929
Insert  tid 105929
FindTargetPageId rootid 1 tid 105929
124 tid 105929
Insert  tid 105929
FindTargetPageId rootid 1 tid 105929
125 tid 105929
Insert  tid 105929
FindTargetPageId rootid 1 tid 105929
126 tid 105929
Insert  tid 105929
FindTargetPageId rootid 1 tid 105929
127 tid 105929
Insert  tid 105929
FindTargetPageId rootid 1 tid 105929
128 tid 105929
Insert  tid 105929
FindTargetPageId rootid 1 tid 105929
129 tid 105929
Insert  tid 105929
FindTargetPageId rootid 1 tid 105929
130 tid 105929
Insert  tid 105929
FindTargetPageId rootid 1 tid 105929
131 tid 105929
Insert  tid 105929
FindTargetPageId rootid 1 tid 105929
132 tid 105929
Insert  tid 105929
FindTargetPageId rootid 1 tid 105929
133 tid 105929
Insert  tid 105929
FindTargetPageId rootid 1 tid 105929
134 tid 105929
Insert  tid 105929
FindTargetPageId rootid 1 tid 105929
135 tid 105929
Insert  tid 105929
FindTargetPageId rootid 1 tid 105929
136 tid 105929
Insert  tid 105929
FindTargetPageId rootid 1 tid 105929
137 tid 105929
Insert  tid 105929
FindTargetPageId rootid 1 tid 105929
138 tid 105929
Insert  tid 105929
FindTargetPageId rootid 1 tid 105929
139 tid 105929
Insert  tid 105929
FindTargetPageId rootid 1 tid 105929
140 tid 105929
Insert  tid 105929
FindTargetPageId rootid 1 tid 105929
141 tid 105929
Insert  tid 105929
FindTargetPageId rootid 1 tid 105929
142 tid 105929
Insert  tid 105929
FindTargetPageId rootid 1 tid 105929
143 tid 105929
Insert  tid 105929
FindTargetPageId rootid 1 tid 105929
144 tid 105929
Insert  tid 105929
FindTargetPageId rootid 1 tid 105929
145 tid 105929
Insert  tid 105929
FindTargetPageId rootid 1 tid 105929
146 tid 105929
Insert  tid 105929
FindTargetPageId rootid 1 tid 105929
147 tid 105929
Insert  tid 105929
FindTargetPageId rootid 1 tid 105929
148 tid 105929
Insert  tid 105929
FindTargetPageId rootid 1 tid 105929
149 tid 105929
Insert  tid 105929
FindTargetPageId rootid 1 tid 105929
150 tid 105929
Insert  tid 105929
FindTargetPageId rootid 1 tid 105929
151 tid 105929
Insert  tid 105929
FindTargetPageId rootid 1 tid 105929
152 tid 105929
Insert  tid 105929
FindTargetPageId rootid 1 tid 105929
153 tid 105929
Insert  tid 105929
FindTargetPageId rootid 1 tid 105929
154 tid 105929
Insert  tid 105929
FindTargetPageId rootid 1 tid 105929
155 tid 105929
Insert  tid 105929
FindTargetPageId rootid 1 tid 105929
156 tid 105929
Insert  tid 105929
FindTargetPageId rootid 1 tid 105929
157 tid 105929
Insert  tid 105929
FindTargetPageId rootid 1 tid 105929
158 tid 105929
Insert  tid 105929
FindTargetPageId rootid 1 tid 105929
159 tid 105929
Insert  tid 105929
FindTargetPageId rootid 1 tid 105929
160 tid 105929
Insert  tid 105929
FindTargetPageId rootid 1 tid 105929
161 tid 105929
Insert  tid 105929
FindTargetPageId rootid 1 tid 105929
162 tid 105929
Insert  tid 105929
FindTargetPageId rootid 1 tid 105929
163 tid 105929
Insert  tid 105929
FindTargetPageId rootid 1 tid 105929
164 tid 105929
Insert  tid 105929
FindTargetPageId rootid 1 tid 105929
165 tid 105929
Insert  tid 105929
FindTargetPageId rootid 1 tid 105929
166 tid 105929
Insert  tid 105929
FindTargetPageId rootid 1 tid 105929
167 tid 105929
Insert  tid 105929
FindTargetPageId rootid 1 tid 105929
168 tid 105929
Insert  tid 105929
FindTargetPageId rootid 1 tid 105929
169 tid 105929
Insert  tid 105929
FindTargetPageId rootid 1 tid 105929
170 tid 105929
Insert  tid 105929
FindTargetPageId rootid 1 tid 105929
171 tid 105929
Insert  tid 105929
FindTargetPageId rootid 1 tid 105929
172 tid 105929
Insert  tid 105929
FindTargetPageId rootid 1 tid 105929
173 tid 105929
Insert  tid 105929
FindTargetPageId rootid 1 tid 105929
174 tid 105929
Insert  tid 105929
FindTargetPageId rootid 1 tid 105929
175 tid 105929
Insert  tid 105929
FindTargetPageId rootid 1 tid 105929
176 tid 105929
Insert  tid 105929
FindTargetPageId rootid 1 tid 105929
177 tid 105929
Insert  tid 105929
FindTargetPageId rootid 1 tid 105929
178 tid 105929
Insert  tid 105929
FindTargetPageId rootid 1 tid 105929
179 tid 105929
Insert  tid 105929
FindTargetPageId rootid 1 tid 105929
180 tid 105929
Insert  tid 105929
FindTargetPageId rootid 1 tid 105929
181 tid 105929
Insert  tid 105929
FindTargetPageId rootid 1 tid 105929
182 tid 105929
Insert  tid 105929
FindTargetPageId rootid 1 tid 105929
183 tid 105929
Insert  tid 105929
FindTargetPageId rootid 1 tid 105929
184 tid 105929
Insert  tid 105929
FindTargetPageId rootid 1 tid 105929
185 tid 105929
Insert  tid 105929
FindTargetPageId rootid 1 tid 105929
186 tid 105929
Insert  tid 105929
FindTargetPageId rootid 1 tid 105929
187 tid 105929
Insert  tid 105929
FindTargetPageId rootid 1 tid 105929
188 tid 105929
Insert  tid 105929
FindTargetPageId rootid 1 tid 105929
189 tid 105929
Insert  tid 105929
FindTargetPageId rootid 1 tid 105929
190 tid 105929
Insert  tid 105929
FindTargetPageId rootid 1 tid 105929
191 tid 105929
Insert  tid 105929
FindTargetPageId rootid 1 tid 105929
192 tid 105929
Insert  tid 105929
FindTargetPageId rootid 1 tid 105929
193 tid 105929
Insert  tid 105929
FindTargetPageId rootid 1 tid 105929
194 tid 105929
Insert  tid 105929
FindTargetPageId rootid 1 tid 105929
195 tid 105929
Insert  tid 105929
FindTargetPageId rootid 1 tid 105929
196 tid 105929
Insert  tid 105929
FindTargetPageId rootid 1 tid 105929
197 tid 105929
Insert  tid 105929
FindTargetPageId rootid 1 tid 105929
198 tid 105929
Insert  tid 105929
FindTargetPageId rootid 1 tid 105929
199 tid 105929
Insert  tid 106031
Insert  tid 106031
FindTargetPageId rootid 1 tid 106031
200 tid 106031
Insert  tid 106031
FindTargetPageId rootid 1 tid 106031
201 tid 106031
Insert  tid 106031
FindTargetPageId rootid 1 tid 106031
202 tid 106031
Insert  tid 106031
FindTargetPageId rootid 1 tid 106031
203 tid 106031
Insert  tid Remove 106031 tid 
106032
Remove  tid 106032
FindTargetPageId rootid 1 tid 106031
204 tid 106031
Insert  tid 106031
FindTargetPageId rootid 1 tid 106031
205 tid 106031
Insert  tid 106033
Insert  tid 106031
FindTargetPageId rootid 1 tid 106032
206 tid 106032
Insert  tid 106033
Remove  tid 106032
FindTargetPageId rootid 1 tid 106032
205 tid 106032
Remove  tid 106032
FindTargetPageId rootid 1 tid 106032
204 tid 106032
Remove  tid 106032
FindTargetPageId rootid 1 tid 106032
203 tid 106032
Remove  tid 106032
FindTargetPageId rootid 1 tid 106032
202 tid 106032
Remove  tid 106032
FindTargetPageId rootid 1 tid 106032
201 tid 106032
Remove  tid 106032
FindTargetPageId rootid 1 tid 106032
200 tid 106032
Remove  tid 106032
FindTargetPageId rootid 1 tid 106032
200 tid 106032
Remove  tid 106032
FindTargetPageId rootid 1 tid 106032
200 tid 106032
Remove  tid 106032
FindTargetPageId rootid 1 tid 106032
200 tid 106032
FindTargetPageId rootid 1 tid 106031
200 tid 106031
Remove  tid 106032
Insert  tid 106031FindTargetPageId rootid 
1 tid 106032
201 tid 106032
Remove  tid 106032
FindTargetPageId rootid 1 tid 106032
201 tid 106032
Remove  tid 106032
FindTargetPageId rootid 1 tid 106032
201 tid 106032
Remove  tid 106032
FindTargetPageId rootid 1 tid 106032
201 tid 106032
Remove  tid 106032
FindTargetPageId rootid 1 tid 106032
201 tid 106032
Remove  tid 106032
FindTargetPageId rootid 1 tid 106031
201 tid 106031
Insert  tid 106031
FindTargetPageId rootid 1 tid 106033
202 tid 106033
Insert  tid 106033
FindTargetPageId rootid 1 tid 106032
203 tid 106032
Remove  tid 106032
FindTargetPageId rootid 1 tid 106032
203 tid 106032
Remove  tid 106032
FindTargetPageId rootid 1 tid 106032
203 tid 106032
Remove  tid 106032
FindTargetPageId rootid 1 tid 106032
203 tid 106032
Remove  tid 106032
FindTargetPageId rootid 1 tid 106033
203 tid 106033
Insert  tid 106033
FindTargetPageId rootid 1 tid 106031
204 tid 106031
Insert  tid 106031
FindTargetPageId rootid 1 tid 106032
205 tid 106032
Remove  tid 106032
FindTargetPageId rootid 1 tid 106032
205 tid 106032
Remove  tid 106032
FindTargetPageId rootid 1 tid 106032
205 tid 106032
Remove  tid 106032
FindTargetPageId rootid 1 tid 106032
205 tid 106032
Remove  tid 106032
FindTargetPageId rootid 1 tid 106032
205 tid 106032
Remove  tid 106032
FindTargetPageId rootid 1 tid 106032
205 tid 106032
Remove  tid 106032
FindTargetPageId rootid 1 tid 106032
205 tid 106032
Remove  tid 106032
FindTargetPageId rootid 1 tid 106032
205 tid 106032
Remove  tid 106032
FindTargetPageId rootid 1 tid 106032
205 tid 106032
Remove  tid 106032
FindTargetPageId rootid 1 tid 106032
205 tid 106032
FindTargetPageId rootid 1 tid 106031
205 tid 106031
Remove  tid 106032
FindTargetPageId rootid 1 tid 106033
206 tid 106033
Insert  tid 106031
Insert  tid FindTargetPageId rootid 1060331 tid 
106031
207 tid 106031
Insert  tid 106031
FindTargetPageId rootid 1 tid 106032
208 tid 106032
Remove  tid 106032
FindTargetPageId rootid 1 tid 106033
208 tid 106033
Insert  tid 106033
FindTargetPageId rootid 1 tid 106031
209 tid 106031
Insert  tid 106031
FindTargetPageId rootid 1 tid 106031
210 tid 106031
Insert  tid 106031
FindTargetPageId rootid 1 tid 106031
211 tid 106031
Insert  tid 106031
FindTargetPageId rootid 1 tid 106031
212 tid 106031
Insert  tid 106031
FindTargetPageId rootid 1 tid 106031
213 tid 106031
Insert  tid 106031
FindTargetPageId rootid 1 tid 106031
214 tid 106031
Insert  tid 106031
FindTargetPageId rootid 1 tid 106031
215 tid 106031
Insert  tid 106031
FindTargetPageId rootid 1 tid 106031
216 tid 106031
Insert  tid 106031
FindTargetPageId rootid 1 tid 106031
217 tid 106031
Insert  tid 106031
FindTargetPageId rootid 1 tid 106031
218 tid 106031
Insert  tid 106031
FindTargetPageId rootid 1 tid 106031
219 tid 106031
Insert  tid 106031
FindTargetPageId rootid 1 tid 106031
220 tid 106031
Insert  tid 106031
FindTargetPageId rootid 1 tid 106031
221 tid 106031
Insert  tid 106031
FindTargetPageId rootid 1 tid 106031
222 tid 106031
Insert  tid 106031
FindTargetPageId rootid 1 tid 106031
223 tid 106031
Insert  tid 106031
FindTargetPageId rootid 1 tid 106031
224 tid 106031
Insert  tid 106031
FindTargetPageId rootid 1 tid 106031
225 tid 106031
Insert  tid 106031
FindTargetPageId rootid 1 tid 106031
226 tid 106031
Insert  tid 106031
FindTargetPageId rootid 1 tid 106031
227 tid 106031
Insert  tid 106031
FindTargetPageId rootid 1 tid 106031
228 tid 106031
Insert  tid 106031
FindTargetPageId rootid 1 tid 106031
229 tid 106031
Insert  tid 106031
FindTargetPageId rootid 1 tid 106031
230 tid 106031
Insert  tid 106031
FindTargetPageId rootid 1 tid 106032
231 tid 106032
Remove  tid 106032
FindTargetPageId rootid 1 tid 106033
230 tid 106033
Insert  tid 106033
FindTargetPageId rootid 1 tid 106031
231 tid 106031
Insert  tid 106031
FindTargetPageId rootid 1 tid 106032
232 tid 106032
Remove  tid 106032
FindTargetPageId rootid 1 tid 106033
231 tid 106033
FindTargetPageId rootid 1 tid 106031
232 tid 106031
Insert  tid 106033
Insert  tid 106031
FindTargetPageId rootid 1 tid 106033
233 tid 106033
Insert  tid 106033
FindTargetPageId rootid 1 tid 106031
233 tid 106031
Insert  tid 106031
FindTargetPageId rootid 1 tid 106031
234 tid 106031
Insert  tid 106031
FindTargetPageId rootid 1 tid 106033
235 tid 106033
Insert  tid 106033
FindTargetPageId rootid 1 tid 106032
235 tid 106032
Remove  tid 106032
FindTargetPageId rootid 1 tid 106032
234 tid 106032
Remove  tid 106032
FindTargetPageId rootid 1 tid 106032
233 tid 106032
Remove  tid 106032
FindTargetPageId rootid 1 tid 106031
232 tid 106031
Insert  tid 106031
FindTargetPageId rootid 1 tid 106031
233 tid 106031
Insert  tid 106031
FindTargetPageId rootid 1 tid 106031
234 tid 106031
Insert  tid 106031
FindTargetPageId rootid 1 tid 106032
235 tid 106032
Remove  tid 106032
FindTargetPageId rootid 1 tid 106033
234 tid 106033
Insert  tid 106033
FindTargetPageId rootid 1 tid 106031
234 tid 106031
Insert  tid 106031
FindTargetPageId rootid 1 tid 106032
235 tid 106032
Remove  tid 106032
FindTargetPageId rootid 1 tid 106032
234 tid 106032
Remove  tid 106032
FindTargetPageId rootid 1 tid 106031
233 tid 106031
Insert  tid 106031
FindTargetPageId rootid 1 tid 106033
234 tid 106033
Insert  tid 106033
FindTargetPageId rootid 1 tid 106032
234 tid 106032
Remove  tid 106032
FindTargetPageId rootid 1 tid 106031
233 tid 106031
Insert  tid 106031
FindTargetPageId rootid 1 tid 106031
234 tid 106031
Insert  tid 106031
FindTargetPageId rootid 1 tid 106031
235 tid 106031
Insert  tid 106031
FindTargetPageId rootid 1 tid 106032
236 tid 106032
Remove  tid 106032
FindTargetPageId rootid 1 tid 106032
235 tid 106032
Remove  tid 106032
FindTargetPageId rootid 1 tid 106032
234 tid 106032
Remove  tid 106032
FindTargetPageId rootid 1 tid 106033
233 tid 106033
Insert  tid 106033
FindTargetPageId rootid 1 tid 106031
233 tid 106031
Insert  tid 106031
FindTargetPageId rootid 1 tid 106032
234 tid 106032
Remove  tid 106032
FindTargetPageId rootid 1 tid 106032
233 tid 106032
Remove  tid 106032
FindTargetPageId rootid 1 tid 106032
232 tid 106032
Remove  tid 106032
FindTargetPageId rootid 1 tid 106032
231 tid 106032
Remove  tid 106032
FindTargetPageId rootid 1 tid 106032
230 tid 106032
Remove  tid 106032
FindTargetPageId rootid 1 tid 106032
230 tid 106032
Remove  tid 106032
FindTargetPageId rootid 1 tid 106032
230 tid 106032
Remove  tid 106032
FindTargetPageId rootid 1 tid 106032
230 tid 106032
Remove  tid 106032
FindTargetPageId rootid 1 tid 106033
230 tid 106033
Insert  tid 106033
FindTargetPageId rootid 1 tid 106033
230 tid 106033
Insert  tid 106033
FindTargetPageId rootid 1 tid 106033
230 tid 106033
Insert  tid 106033
FindTargetPageId rootid 1 tid 106033
230 tid 106033
Insert  tid 106033
FindTargetPageId rootid 1 tid 106033
230 tid 106033
Insert  tid 106033
FindTargetPageId rootid 1 tid 106033
230 tid 106033
Insert  tid 106033
FindTargetPageId rootid 1 tid 106033
230 tid 106033
Insert  tid 106033
FindTargetPageId rootid 1 tid 106033
230 tid 106033
Insert  tid 106033
FindTargetPageId rootid 1 tid 106033
230 tid 106033
Insert  tid 106033
FindTargetPageId rootid 1 tid 106033
230 tid 106033
Insert  tid 106033
FindTargetPageId rootid 1 tid 106033
230 tid 106033
Insert  tid 106033
FindTargetPageId rootid 1 tid 106033
230 tid 106033
Insert  tid 106033
FindTargetPageId rootid 1 tid 106033
230 tid 106033
Insert  tid 106033
FindTargetPageId rootid 1 tid 106033
230 tid 106033
Insert  tid 106033
FindTargetPageId rootid 1 tid 106033
230 tid 106033
Insert  tid 106033
FindTargetPageId rootid 1 tid 106033
230 tid 106033
Insert  tid 106033
FindTargetPageId rootid 1 tid 106033
230 tid 106033
Insert  tid 106033
FindTargetPageId rootid 1 tid 106033
230 tid 106033
Insert  tid 106033
FindTargetPageId rootid 1 tid 106033
230 tid 106033
Insert  tid 106033
FindTargetPageId rootid 1 tid 106033
230 tid 106033
Insert  tid 106033
FindTargetPageId rootid 1 tid 106033
231 tid 106033
Insert  tid 106033
FindTargetPageId rootid 1 tid 106033
232 tid 106033
Insert  tid 106033
FindTargetPageId rootid 1 tid 106033
233 tid 106033
Insert  tid 106033
FindTargetPageId rootid 1 tid 106033
234 tid 106033
Insert  tid 106033
FindTargetPageId rootid 1 tid 106033
235 tid 106033
Insert  tid 106033
FindTargetPageId rootid 1 tid 106033
236 tid 106033
Insert  tid 106033
FindTargetPageId rootid 1 tid 106033
237 tid 106033
Insert  tid 106033
FindTargetPageId rootid 1 tid 106033
238 tid 106033
Insert  tid 106033
FindTargetPageId rootid 1 tid 106033
239 tid 106033
Insert  tid 106033
FindTargetPageId rootid 1 tid 106033
240 tid 106033
Insert  tid 106033
FindTargetPageId rootid 1 tid 106033
241 tid 106033
Insert  tid 106033
FindTargetPageId rootid 1 tid 106033
242 tid 106033
Insert  tid 106033
FindTargetPageId rootid 1 tid 106033
243 tid 106033
Insert  tid 106033
FindTargetPageId rootid 1 tid 106033
244 tid 106033
Insert  tid 106033
FindTargetPageId rootid 1 tid 106033
245 tid 106033
Insert  tid 106033
FindTargetPageId rootid 1 tid 106033
246 tid 106033
Insert  tid 106033
FindTargetPageId rootid 1 tid 106033
247 tid 106033
Insert  tid 106033
FindTargetPageId rootid 1 tid 106033
248 tid 106033
Insert  tid 106033
FindTargetPageId rootid 1 tid 106033
249 tid 106033
Insert  tid 106033
FindTargetPageId rootid 1 tid 106033
250 tid 106033
Insert  tid 106033
FindTargetPageId rootid 1 tid 106033
251 tid 106033
Insert  tid 106033
FindTargetPageId rootid 1 tid 106033
252 tid 106033
Insert  tid 106033
FindTargetPageId rootid 1 tid 106033
253 tid 106033
Insert  tid 106033
FindTargetPageId rootid 1 tid 106033
254 tid 106033
Insert  tid 106033
FindTargetPageId rootid 3 tid 106032
target_page_id id: 1 tid 106032
0 1 tid 106032
365 2 tid 106032
127 tid 106032
Remove  tid 106032
FindTargetPageId rootid 1 tid 106032
254 tid 106032
Remove  tid 106032
FindTargetPageId rootid 1 tid 106032
253 tid 106032
Remove  tid 106032
FindTargetPageId rootid 1 tid 106032
252 tid 106032
Remove  tid 106032
FindTargetPageId rootid 1 tid 106032
251 tid 106032
Remove  tid 106032
FindTargetPageId rootid 1 tid 106032
250 tid 106032
Remove  tid 106032
FindTargetPageId rootid 1 tid 106032
250 tid 106032
Remove  tid 106032
FindTargetPageId rootid 1 tid 106032
250 tid 106032
Remove  tid 106032
FindTargetPageId rootid 1 tid 106032
250 tid 106032
Remove  tid 106032
FindTargetPageId rootid 1 tid 106032
250 tid 106032
Remove  tid 106032
FindTargetPageId rootid 1 tid 106032
250 tid 106032
Remove  tid 106032
FindTargetPageId rootid 1 tid 106032
250 tid 106032
Remove  tid 106032
FindTargetPageId rootid 1 tid 106032
250 tid 106032
Remove  tid 106032
FindTargetPageId rootid 1 tid 106032
250 tid 106032
Remove  tid 106032
FindTargetPageId rootid 1 tid 106032
250 tid 106032
Remove  tid 106032
FindTargetPageId rootid 1 tid 106032
250 tid 106032
Remove  tid 106032
FindTargetPageId rootid 1 tid 106032
250 tid 106032
Remove  tid 106032
FindTargetPageId rootid 1 tid 106032
250 tid 106032
Remove  tid 106032
FindTargetPageId rootid 1 tid 106032
250 tid 106032
Remove  tid 106032
FindTargetPageId rootid 1 tid 106032
250 tid 106032
Remove  tid 106032
FindTargetPageId rootid 1 tid 106032
250 tid 106032
Remove  tid 106032
FindTargetPageId rootid 1 tid 106032
250 tid 106032
Remove  tid 106032
FindTargetPageId rootid 1 tid 106032
250 tid 106032
Remove  tid 106032
FindTargetPageId rootid 1 tid 106032
250 tid 106032
Remove  tid 106032
FindTargetPageId rootid 1 tid 106032
250 tid 106032
Remove  tid 106032
FindTargetPageId rootid 1 tid 106032
250 tid 106032
Remove  tid 106032
FindTargetPageId rootid 1 tid 106032
250 tid 106032
Remove  tid 106032
FindTargetPageId rootid 1 tid 106032
250 tid 106032
Remove  tid 106032
FindTargetPageId rootid 1 tid 106032
250 tid 106032
Remove  tid 106032
FindTargetPageId rootid 1 tid 106032
250 tid 106032
Remove  tid 106032
FindTargetPageId rootid 1 tid 106032
250 tid 106032
Remove  tid 106032
FindTargetPageId rootid 1 tid 106032
250 tid 106032
Remove  tid 106032
FindTargetPageId rootid 1 tid 106032
250 tid 106032
Remove  tid 106032
FindTargetPageId rootid 1 tid 106032
250 tid 106032
Remove  tid 106032
FindTargetPageId rootid 1 tid 106032
250 tid 106032
Remove  tid 106032
FindTargetPageId rootid 1 tid 106032
250 tid 106032
Remove  tid 106032
FindTargetPageId rootid 1 tid 106032
250 tid 106032
Remove  tid 106032
FindTargetPageId rootid 1 tid 106032
250 tid 106032
Remove  tid 106032
FindTargetPageId rootid 1 tid 106032
250 tid 106032
Remove  tid 106032
FindTargetPageId rootid 1 tid 106032
250 tid 106032
Remove  tid 106032
FindTargetPageId rootid 1 tid 106032
250 tid 106032
Remove  tid 106032
FindTargetPageId rootid 1 tid 106032
250 tid 106032
Remove  tid 106032
FindTargetPageId rootid 1 tid 106032
250 tid 106032
Remove  tid 106032
FindTargetPageId rootid 1 tid 106032
250 tid 106032
Remove  tid 106032
FindTargetPageId rootid 1 tid 106032
250 tid 106032
Remove  tid 106032
FindTargetPageId rootid 1 tid 106032
250 tid 106032
Remove  tid 106032
FindTargetPageId rootid 1 tid 106032
250 tid 106032
Remove  tid 106032
FindTargetPageId rootid 1 tid 106032
250 tid 106032
Remove  tid 106032
FindTargetPageId rootid 1 tid 106032
250 tid 106032
Remove  tid 106032
FindTargetPageId rootid 1 tid 106032
250 tid 106032
Remove  tid 106032
FindTargetPageId rootid 1 tid 106032
250 tid 106032
Remove  tid 106032
FindTargetPageId rootid 1 tid 106032
250 tid 106032
Remove  tid 106032
FindTargetPageId rootid 1 tid 106032
250 tid 106032
Remove  tid 106032
FindTargetPageId rootid 1 tid 106032
250 tid 106032
Remove  tid 106032
FindTargetPageId rootid 1 tid 106032
250 tid 106032
Remove  tid 106032
FindTargetPageId rootid 1 tid 106032
250 tid 106032
Remove  tid 106032
FindTargetPageId rootid 1 tid 106032
250 tid 106032
Remove  tid 106032
FindTargetPageId rootid 1 tid 106032
250 tid 106032
Remove  tid 106032
FindTargetPageId rootid 1 tid 106032
250 tid 106032
Remove  tid 106032
FindTargetPageId rootid 1 tid 106032
250 tid 106032
Remove  tid 106032
FindTargetPageId rootid 1 tid 106032
250 tid 106032
Remove  tid 106032
FindTargetPageId rootid 1 tid 106032
250 tid 106032
Remove  tid 106032
FindTargetPageId rootid 1 tid 106032
250 tid 106032
Remove  tid 106032
FindTargetPageId rootid 1 tid 106032
250 tid 106032
Remove  tid 106032
FindTargetPageId rootid 1 tid 106032
250 tid 106032
Remove  tid 106032
FindTargetPageId rootid 1 tid 106032
250 tid 106032
Remove  tid 106032
FindTargetPageId rootid 1 tid 106032
250 tid 106032
Remove  tid 106032
FindTargetPageId rootid 1 tid 106032
250 tid 106032
Remove  tid 106032
FindTargetPageId rootid 1 tid 106032
250 tid 106032
Remove  tid 106032
FindTargetPageId rootid 1 tid 106032
250 tid 106032
Remove  tid 106032
FindTargetPageId rootid 1 tid 106032
250 tid 106032
Remove  tid 106032
FindTargetPageId rootid 1 tid 106032
250 tid 106032
Remove  tid 106032
FindTargetPageId rootid 1 tid 106032
250 tid 106032
Remove  tid 106032
FindTargetPageId rootid 1 tid 106032
250 tid 106032
Remove  tid 106032
FindTargetPageId rootid 1 tid 106032
250 tid 106032
Remove  tid 106032
FindTargetPageId rootid 1 tid 106032
250 tid 106032
Remove  tid 106032
FindTargetPageId rootid 1 tid 106032
250 tid 106032
Remove  tid 106032
FindTargetPageId rootid 1 tid 106032
250 tid 106032
Remove  tid 106032
FindTargetPageId rootid 1 tid 106032
250 tid 106032
Remove  tid 106032
FindTargetPageId rootid 1 tid 106032
250 tid 106032
Remove  tid 106032
FindTargetPageId rootid 1 tid 106032
250 tid 106032
Remove  tid 106032
FindTargetPageId rootid 1 tid 106032
250 tid 106032
Remove  tid 106032
FindTargetPageId rootid 1 tid 106032
250 tid 106032
Remove  tid 106032
FindTargetPageId rootid 1 tid 106032
250 tid 106032
Remove  tid 106032
FindTargetPageId rootid 1 tid 106032
250 tid 106032
Remove  tid 106032
FindTargetPageId rootid 1 tid 106032
250 tid 106032
Remove  tid 106032
FindTargetPageId rootid 1 tid 106032
250 tid 106032
Remove  tid 106032
FindTargetPageId rootid 1 tid 106032
250 tid 106032
Remove  tid 106032
FindTargetPageId rootid 1 tid 106032
250 tid 106032
Remove  tid 106032
FindTargetPageId rootid 1 tid 106032
250 tid 106032
Remove  tid 106032
FindTargetPageId rootid 1 tid 106032
250 tid 106032
Remove  tid 106032
FindTargetPageId rootid 1 tid 106032
250 tid 106032
Remove  tid 106032
FindTargetPageId rootid 1 tid 106032
250 tid 106032
Remove  tid 106032
FindTargetPageId rootid 1 tid 106032
250 tid 106032
Remove  tid 106032
FindTargetPageId rootid 1 tid 106032
250 tid 106032
Remove  tid 106032
FindTargetPageId rootid 1 tid 106032
250 tid 106032
Remove  tid 106032
FindTargetPageId rootid 1 tid 106032
250 tid 106032
Remove  tid 106032
FindTargetPageId rootid 1 tid 106032
250 tid 106032
Remove  tid 106032
FindTargetPageId rootid 1 tid 106032
250 tid 106032
Remove  tid 106032
FindTargetPageId rootid 1 tid 106032
250 tid 106032
Remove  tid 106032
FindTargetPageId rootid 1 tid 106032
250 tid 106032
Remove  tid 106032
FindTargetPageId rootid 1 tid 106032
250 tid 106032
Remove  tid 106032
FindTargetPageId rootid 1 tid 106032
250 tid 106032
Remove  tid 106032
FindTargetPageId rootid 1 tid 106032
250 tid 106032
Remove  tid 106032
FindTargetPageId rootid 1 tid 106032
250 tid 106032
Remove  tid 106032
FindTargetPageId rootid 1 tid 106032
250 tid 106032
Remove  tid 106032
FindTargetPageId rootid 1 tid 106032
250 tid 106032
Remove  tid 106032
FindTargetPageId rootid 1 tid 106032
250 tid 106032
Remove  tid 106032
FindTargetPageId rootid 1 tid 106032
250 tid 106032
Remove  tid 106032
FindTargetPageId rootid 1 tid 106032
250 tid 106032
Remove  tid 106032
FindTargetPageId rootid 1 tid 106032
250 tid 106032
Remove  tid 106032
FindTargetPageId rootid 1 tid 106032
250 tid 106032
Remove  tid 106032
FindTargetPageId rootid 1 tid 106032
250 tid 106032
Remove  tid 106032
FindTargetPageId rootid 1 tid 106032
250 tid 106032
Remove  tid 106032
FindTargetPageId rootid 1 tid 106032
250 tid 106032
Remove  tid 106032
FindTargetPageId rootid 1 tid 106032
250 tid 106032
Remove  tid 106032
FindTargetPageId rootid 1 tid 106033
250 tid 106033
Insert  tid 106033
FindTargetPageId rootid 1 tid 106033
251 tid 106033
Insert  tid 106033
FindTargetPageId rootid 1 tid 106031
252 tid 106031
Insert  tid 106031
FindTargetPageId rootid 1 tid 106031
252 tid 106031
Insert  tid 106031
FindTargetPageId rootid 1 tid 106031
252 tid 106031
Insert  tid 106031
FindTargetPageId rootid 1 tid 106031
252 tid 106031
Insert  tid 106031
FindTargetPageId rootid 1 tid 106031
252 tid 106031
Insert  tid 106031
FindTargetPageId rootid 1 tid 106031
253 tid 106031
Insert  tid 106031
FindTargetPageId rootid 1 tid 106031
254 tid 106031
Insert  tid 106031
FindTargetPageId rootid 5 tid 106033
target_page_id id: 1 tid 106033
0 1 tid 106033
365 4 tid 106033
127 tid 106033
Insert  tid 106033
FindTargetPageId rootid 5 tid 106032
target_page_id id: 1 tid 106032
0 1 tid 106032
365 4 tid 106032
128 tid 106032
Remove  tid 106032
FindTargetPageId rootid 5 tid 106032
target_page_id id: 1 tid 106032
0 1 tid 106032
365 4 tid 106032
128 tid 106032
Remove  tid 106032
FindTargetPageId rootid 5 tid 106032
target_page_id id: 1 tid 106032
0 1 tid 106032
365 4 tid 106032
128 tid 106032
Remove  tid 106032
FindTargetPageId rootid 5 tid 106032
target_page_id id: 1 tid 106032
0 1 tid 106032
365 4 tid 106032
128 tid 106032
Remove  tid 106032
FindTargetPageId rootid 5 tid 106032
target_page_id id: 1 tid 106032
0 1 tid 106032
365 4 tid 106032
128 tid 106032
Remove  tid 106032
FindTargetPageId rootid 5 tid 106032
target_page_id id: 1 tid 106032
0 1 tid 106032
365 4 tid 106032
128 tid 106032
Remove  tid 106032
FindTargetPageId rootid 5 tid 106031
target_page_id id: 1 tid 106031
0 1 tid 106031
365 4 tid 106031
128 tid 106031
Insert  tid 106031
FindTargetPageId rootid 5 tid 106033
target_page_id id: 1 tid 106033
0 1 tid 106033
365 4 tid 106033
129 tid 106033
Insert  tid 106033
FindTargetPageId rootid 5 tid 106033
target_page_id id: 1 tid 106033
0 1 tid 106033
365 4 tid 106033
130 tid 106033
Insert  tid 106033
FindTargetPageId rootid 5 tid 106033
target_page_id id: 1 tid 106033
0 1 tid 106033
365 4 tid 106033
131 tid 106033
Insert  tid 106033
FindTargetPageId rootid 5 tid 106033
target_page_id id: 1 tid 106033
0 1 tid 106033
365 4 tid 106033
132 tid 106033
Insert  tid 106033
FindTargetPageId rootid 5 tid 106033
target_page_id id: 1 tid 106033
0 1 tid 106033
365 4 tid 106033
133 tid 106033
Insert  tid 106033
FindTargetPageId rootid 5 tid 106033
target_page_id id: 1 tid 106033
0 1 tid 106033
365 4 tid 106033
134 tid 106033
Insert  tid 106033
FindTargetPageId rootid 5 tid 106033
target_page_id id: 1 tid 106033
0 1 tid 106033
365 4 tid 106033
135 tid 106033
Insert  tid 106033
FindTargetPageId rootid 5 tid 106033
target_page_id id: 1 tid 106033
0 1 tid 106033
365 4 tid 106033
136 tid 106033
Insert  tid 106033
FindTargetPageId rootid 5 tid 106033
target_page_id id: 1 tid 106033
0 1 tid 106033
365 4 tid 106033
137 tid 106033
Insert  tid 106033
FindTargetPageId rootid 5 tid 106033
target_page_id id: 1 tid 106033
0 1 tid 106033
365 4 tid 106033
138 tid 106033
Insert  tid 106033
FindTargetPageId rootid 5 tid 106033
target_page_id id: 1 tid 106033
0 1 tid 106033
365 4 tid 106033
139 tid 106033
Insert  tid 106033
FindTargetPageId rootid 5 tid 106033
target_page_id id: 1 tid 106033
0 1 tid 106033
365 4 tid 106033
140 tid 106033
Insert  tid 106033
FindTargetPageId rootid 5 tid 106033
target_page_id id: 1 tid 106033
0 1 tid 106033
365 4 tid 106033
141 tid 106033
Insert  tid 106033
FindTargetPageId rootid 5 tid 106033
target_page_id id: 1 tid 106033
0 1 tid 106033
365 4 tid 106033
142 tid 106033
Insert  tid 106033
FindTargetPageId rootid 5 tid 106033
target_page_id id: 1 tid 106033
0 1 tid 106033
365 4 tid 106033
143 tid 106033
Insert  tid 106033
FindTargetPageId rootid 5 tid 106033
target_page_id id: 1 tid 106033
0 1 tid 106033
365 4 tid 106033
144 tid 106033
Insert  tid 106033
FindTargetPageId rootid 5 tid 106033
target_page_id id: 1 tid 106033
0 1 tid 106033
365 4 tid 106033
145 tid 106033
Insert  tid 106033
FindTargetPageId rootid 5 tid 106033
target_page_id id: 1 tid 106033
0 1 tid 106033
365 4 tid 106033
146 tid 106033
Insert  tid 106033
FindTargetPageId rootid 5 tid 106033
target_page_id id: 1 tid 106033
0 1 tid 106033
365 4 tid 106033
147 tid 106033
Insert  tid 106033
FindTargetPageId rootid 5 tid 106033
target_page_id id: 1 tid 106033
0 1 tid 106033
365 4 tid 106033
148 tid 106033
Insert  tid 106033
FindTargetPageId rootid 5 tid 106033
target_page_id id: 1 tid 106033
0 1 tid 106033
365 4 tid 106033
149 tid 106033
Insert  tid 106033
FindTargetPageId rootid 5 tid 106033
target_page_id id: 1 tid 106033
0 1 tid 106033
365 4 tid 106033
150 tid 106033
Insert  tid 106033
FindTargetPageId rootid 5 tid 106033
target_page_id id: 1 tid 106033
0 1 tid 106033
365 4 tid 106033
151 tid 106033
Insert  tid 106033
FindTargetPageId rootid 5 tid 106033
target_page_id id: 1 tid 106033
0 1 tid 106033
365 4 tid 106033
152 tid 106033
FindTargetPageId rootid 5 tid 106031
target_page_id id: 1 tid 106031
0 1 tid 106031
365 4 tid 106031
153 tid 106031
Insert  tid 106031
Insert  tid 106033
FindTargetPageId rootid 5 tid 106032
target_page_id id: 1 tid 106032
0 1 tid 106032
365 4 tid 106032
154 tid 106032
Remove  tid 106032
FindTargetPageId rootid 5 tid 106031
target_page_id id: 1 tid 106031
0 1 tid 106031
365 4 tid 106031
154 tid 106031
Insert  tid 106031
FindTargetPageId rootid 5 tid 106033
target_page_id id: 1 tid 106033
0 1 tid 106033
365 4 tid 106033
154 tid 106033
Insert  tid 106033
FindTargetPageId rootid 5 tid 106032
target_page_id id: 1 tid 106032
0 1 tid 106032
365 4 tid 106032
155 tid 106032
Remove  tid 106032
FindTargetPageId rootid 5 tid 106031
target_page_id id: 1 tid 106031
0 1 tid 106031
365 4 tid 106031
155 tid 106031
Insert  tid 106031
FindTargetPageId rootid 5 tid 106031
target_page_id id: 1 tid 106031
0 1 tid 106031
365 4 tid 106031
155 tid 106031
Insert  tid 106031
FindTargetPageId rootid 5 tid 106031
target_page_id id: 1 tid 106031
0 1 tid 106031
365 4 tid 106031
155 tid 106031
Insert  tid 106031
FindTargetPageId rootid 5 tid 106031
target_page_id id: 1 tid 106031
0 1 tid 106031
365 4 tid 106031
155 tid 106031
Insert  tid 106031
FindTargetPageId rootid 5 tid 106031
target_page_id id: 1 tid 106031
0 1 tid 106031
365 4 tid 106031
155 tid 106031
Insert  tid 106031
FindTargetPageId rootid 5 tid 106031
target_page_id id: 1 tid 106031
0 1 tid 106031
365 4 tid 106031
155 tid 106031
Insert  tid 106031
FindTargetPageId rootid 5 tid 106031
target_page_id id: 1 tid 106031
0 1 tid 106031
365 4 tid 106031
155 tid 106031
Insert  tid 106031
FindTargetPageId rootid 5 tid 106031
target_page_id id: 1 tid 106031
0 1 tid 106031
365 4 tid 106031
155 tid 106031
Insert  tid 106031
FindTargetPageId rootid 5 tid 106031
target_page_id id: 1 tid 106031
0 1 tid 106031
365 4 tid 106031
155 tid 106031
Insert  tid 106031
FindTargetPageId rootid 5 tid 106031
target_page_id id: 1 tid 106031
0 1 tid 106031
365 4 tid 106031
155 tid 106031
Insert  tid 106031
FindTargetPageId rootid 5 tid 106031
target_page_id id: 1 tid 106031
0 1 tid 106031
365 4 tid 106031
155 tid 106031
Insert  tid 106031
FindTargetPageId rootid 5 tid 106032
target_page_id id: 1 tid 106032
0 1 tid 106032
365 4 tid 106032
155 tid 106032
Remove  tid 106032
FindTargetPageId rootid 5 tid 106032
target_page_id id: 1 tid 106032
0 1 tid 106032
365 4 tid 106032
155 tid 106032
Remove  tid 106032
FindTargetPageId rootid 5 tid 106032
target_page_id id: 1 tid 106032
0 1 tid 106032
365 4 tid 106032
155 tid 106032
Remove  tid 106032
FindTargetPageId rootid 5 tid 106031
target_page_id id: 1 tid 106031
0 1 tid 106031
365 4 tid 106031
155 tid 106031
Insert  tid 106031
FindTargetPageId rootid 5 tid 106031
target_page_id id: 1 tid 106031
0 1 tid 106031
365 4 tid 106031
155 tid 106031
Insert  tid 106031
FindTargetPageId rootid 5 tid 106031
target_page_id id: 1 tid 106031
0 1 tid 106031
365 4 tid 106031
155 tid 106031
Insert  tid 106031
FindTargetPageId rootid 5 tid 106031
target_page_id id: 1 tid 106031
0 1 tid 106031
365 4 tid 106031
155 tid 106031
Insert  tid 106031
FindTargetPageId rootid 5 tid 106033
target_page_id id: 1 tid 106033
0 1 tid 106033
365 4 tid 106033
155 tid 106033
Insert  tid 106033
FindTargetPageId rootid 5 tid 106031
target_page_id id: 1 tid 106031
0 1 tid 106031
365 4 tid 106031
156 tid 106031
Insert  tid 106031
FindTargetPageId rootid 5 tid 106031
target_page_id id: 1 tid 106031
0 1 tid 106031
365 4 tid 106031
156 tid 106031
Insert  tid 106031
FindTargetPageId rootid 5 tid 106031
target_page_id id: 1 tid 106031
0 1 tid 106031
365 4 tid 106031
156 tid 106031
Insert  tid 106031
FindTargetPageId rootid 5 tid 106031
target_page_id id: 1 tid 106031
0 1 tid 106031
365 4 tid 106031
156 tid 106031
Insert  tid 106031
FindTargetPageId rootid 5 tid 106031
target_page_id id: 1 tid 106031
0 1 tid 106031
365 4 tid 106031
156 tid 106031
Insert  tid 106031
FindTargetPageId rootid 5 tid 106031
target_page_id id: 1 tid 106031
0 1 tid 106031
365 4 tid 106031
156 tid 106031
Insert  tid 106031
FindTargetPageId rootid 5 tid 106031
target_page_id id: 1 tid 106031
0 1 tid 106031
365 4 tid 106031
156 tid 106031
Insert  tid 106031
FindTargetPageId rootid 5 tid 106031
target_page_id id: 1 tid 106031
0 1 tid 106031
365 4 tid 106031
156 tid 106031
Insert  tid 106031
FindTargetPageId rootid 5 tid 106031
target_page_id id: 1 tid 106031
0 1 tid 106031
365 4 tid 106031
156 tid 106031
Insert  tid 106031
FindTargetPageId rootid 5 tid 106031
target_page_id id: 1 tid 106031
0 1 tid 106031
365 4 tid 106031
156 tid 106031
Insert  tid 106031
FindTargetPageId rootid 5 tid 106031
target_page_id id: 1 tid 106031
0 1 tid 106031
365 4 tid 106031
156 tid 106031
Insert  tid 106031
FindTargetPageId rootid 5 tid 106031
target_page_id id: 1 tid 106031
0 1 tid 106031
365 4 tid 106031
156 tid 106031
Insert  tid 106031
FindTargetPageId rootid 5 tid 106031
target_page_id id: 1 tid 106031
0 1 tid 106031
365 4 tid 106031
156 tid 106031
Insert  tid 106031
FindTargetPageId rootid 5 tid 106033
target_page_id id: 1 tid 106033
0 1 tid 106033
365 4 tid 106033
156 tid 106033
Insert  tid 106033
FindTargetPageId rootid 5 tid 106033
target_page_id id: 1 tid 106033
0 1 tid 106033
365 4 tid 106033
157 tid 106033
Insert  tid 106033
FindTargetPageId rootid 5 tid 106033
target_page_id id: 1 tid 106033
0 1 tid 106033
365 4 tid 106033
158 tid 106033
Insert  tid 106033
FindTargetPageId rootid 5 tid 106033
target_page_id id: 1 tid 106033
0 1 tid 106033
365 4 tid 106033
159 tid 106033
Insert  tid 106033
FindTargetPageId rootid 5 tid 106033
target_page_id id: 1 tid 106033
0 1 tid 106033
365 4 tid 106033
160 tid 106033
Insert  tid 106033
FindTargetPageId rootid 5 tid 106031
target_page_id id: 1 tid 106031
0 1 tid 106031
365 4 tid 106031
161 tid 106031
Insert  tid 106031
FindTargetPageId rootid 5 tid 106031
target_page_id id: 1 tid 106031
0 1 tid 106031
365 4 tid 106031
161 tid 106031
Insert  tid 106031
FindTargetPageId rootid 5 tid 106031
target_page_id id: 1 tid 106031
0 1 tid 106031
365 4 tid 106031
161 tid 106031
Insert  tid 106031
FindTargetPageId rootid 5 tid 106031
target_page_id id: 1 tid 106031
0 1 tid 106031
365 4 tid 106031
161 tid 106031
Insert  tid 106031
FindTargetPageId rootid 5 tid 106031
target_page_id id: 1 tid 106031
0 1 tid 106031
365 4 tid 106031
161 tid 106031
Insert  tid 106031
FindTargetPageId rootid 5 tid 106031
target_page_id id: 1 tid 106031
0 1 tid 106031
365 4 tid 106031
161 tid 106031
Insert  tid 106031
FindTargetPageId rootid 5 tid 106031
target_page_id id: 1 tid 106031
0 1 tid 106031
365 4 tid 106031
162 tid 106031
Insert  tid 106031
FindTargetPageId rootid 5 tid 106031
target_page_id id: 1 tid 106031
0 1 tid 106031
365 4 tid 106031
163 tid 106031
Insert  tid 106031
FindTargetPageId rootid 5 tid 106033
target_page_id id: 1 tid 106033
0 1 tid 106033
365 4 tid 106033
164 tid 106033
Insert  tid 106033
FindTargetPageId rootid 5 tid 106033
target_page_id id: 1 tid 106033
0 1 tid 106033
365 4 tid 106033
164 tid 106033
Insert  tid 106033
FindTargetPageId rootid 5 tid 106033
target_page_id id: 1 tid 106033
0 1 tid 106033
365 4 tid 106033
164 tid 106033
Insert  tid 106033
FindTargetPageId rootid 5 tid 106033
target_page_id id: 1 tid 106033
0 1 tid 106033
365 4 tid 106033
164 tid 106033
Insert  tid 106033
FindTargetPageId rootid 5 tid 106033
target_page_id id: 1 tid 106033
0 1 tid 106033
365 4 tid 106033
165 tid 106033
Insert  tid 106033
FindTargetPageId rootid 5 tid 106033
target_page_id id: 1 tid 106033
0 1 tid 106033
365 4 tid 106033
166 tid 106033
Insert  tid 106033
FindTargetPageId rootid 5 tid 106033
target_page_id id: 1 tid 106033
0 1 tid 106033
365 4 tid 106033
167 tid 106033
Insert  tid 106033
FindTargetPageId rootid 5 tid 106033
target_page_id id: 1 tid 106033
0 1 tid 106033
365 4 tid 106033
168 tid 106033
Insert  tid 106033
FindTargetPageId rootid 5 tid 106033
target_page_id id: 1 tid 106033
0 1 tid 106033
365 4 tid 106033
169 tid 106033
Insert  tid 106033
FindTargetPageId rootid 5 tid 106033
target_page_id id: 1 tid 106033
0 1 tid 106033
365 4 tid 106033
170 tid 106033
Insert  tid 106033
FindTargetPageId rootid 5 tid 106033
target_page_id id: 1 tid 106033
0 1 tid 106033
365 4 tid 106033
171 tid 106033
Insert  tid 106033
FindTargetPageId rootid 5 tid 106033
target_page_id id: 1 tid 106033
0 1 tid 106033
365 4 tid 106033
172 tid 106033
Insert  tid 106033
FindTargetPageId rootid 5 tid 106033
target_page_id id: 1 tid 106033
0 1 tid 106033
365 4 tid 106033
173 tid 106033
Insert  tid 106033
FindTargetPageId rootid 5 tid 106032
target_page_id id: 1 tid 106032
0 1 tid 106032
365 4 tid 106032
174 tid 106032
Remove  tid 106032
FindTargetPageId rootid 5 tid 106032
target_page_id id: 1 tid 106032
0 1 tid 106032
365 4 tid 106032
174 tid 106032
Remove  tid 106032
FindTargetPageId rootid 5 tid 106032
target_page_id id: 1 tid 106032
0 1 tid 106032
365 4 tid 106032
174 tid 106032
Remove  tid 106032
FindTargetPageId rootid 5 tid 106032
target_page_id id: 1 tid 106032
0 1 tid 106032
365 4 tid 106032
174 tid 106032
Remove  tid 106032
FindTargetPageId rootid 5 tid 106032
target_page_id id: 1 tid 106032
0 1 tid 106032
365 4 tid 106032
174 tid 106032
Remove  tid 106032
FindTargetPageId rootid 5 tid 106032
target_page_id id: 1 tid 106032
0 1 tid 106032
365 4 tid 106032
174 tid 106032
Remove  tid 106032
FindTargetPageId rootid 5 tid 106032
target_page_id id: 1 tid 106032
0 1 tid 106032
365 4 tid 106032
174 tid 106032
Remove  tid 106032
FindTargetPageId rootid 5 tid 106032
target_page_id id: 1 tid 106032
0 1 tid 106032
365 4 tid 106032
174 tid 106032
Remove  tid 106032
FindTargetPageId rootid 5 tid 106032
target_page_id id: 1 tid 106032
0 1 tid 106032
365 4 tid 106032
174 tid 106032
Remove  tid 106032
FindTargetPageId rootid 5 tid 106032
target_page_id id: 1 tid 106032
0 1 tid 106032
365 4 tid 106032
174 tid 106032
Remove  tid 106032
FindTargetPageId rootid 5 tid 106032
target_page_id id: 1 tid 106032
0 1 tid 106032
365 4 tid 106032
174 tid 106032
Remove  tid 106032
FindTargetPageId rootid 5 tid 106032
target_page_id id: 1 tid 106032
0 1 tid 106032
365 4 tid 106032
174 tid 106032
Remove  tid 106032
FindTargetPageId rootid 5 tid 106032
target_page_id id: 1 tid 106032
0 1 tid 106032
365 4 tid 106032
174 tid 106032
Remove  tid 106032
FindTargetPageId rootid 5 tid 106032
target_page_id id: 1 tid 106032
0 1 tid 106032
365 4 tid 106032
174 tid 106032
Remove  tid 106032
FindTargetPageId rootid 5 tid 106032
target_page_id id: 1 tid 106032
0 1 tid 106032
365 4 tid 106032
174 tid 106032
Remove  tid 106032
FindTargetPageId rootid 5 tid 106033
target_page_id id: 1 tid 106033
0 1 tid 106033
365 4 tid 106033
174 tid 106033
Insert  tid 106033
FindTargetPageId rootid 5 tid 106031
target_page_id id: 1 tid 106031
0 1 tid 106031
365 4 tid 106031
175 tid 106031
Insert  tid 106031
FindTargetPageId rootid 5 tid 106031
target_page_id id: 1 tid 106031
0 1 tid 106031
365 4 tid 106031
175 tid 106031
Insert  tid 106031
FindTargetPageId rootid 5 tid 106031
target_page_id id: 1 tid 106031
0 1 tid 106031
365 4 tid 106031
175 tid 106031
Insert  tid 106031
FindTargetPageId rootid 5 tid 106031
target_page_id id: 1 tid 106031
0 1 tid 106031
365 4 tid 106031
175 tid 106031
Insert  tid 106031
FindTargetPageId rootid 5 tid 106031
target_page_id id: 1 tid 106031
0 1 tid 106031
365 4 tid 106031
175 tid 106031
Insert  tid 106031
FindTargetPageId rootid 5 tid 106033
target_page_id id: 1 tid 106033
0 1 tid 106033
365 4 tid 106033
175 tid 106033
Insert  tid 106033
FindTargetPageId rootid 5 tid 106033
target_page_id id: 1 tid 106033
0 1 tid 106033
365 4 tid 106033
176 tid 106033
Insert  tid 106033
FindTargetPageId rootid 5 tid 106033
target_page_id id: 1 tid 106033
0 1 tid 106033
365 4 tid 106033
177 tid 106033
Insert  tid 106033
FindTargetPageId rootid 5 tid 106033
target_page_id id: 1 tid 106033
0 1 tid 106033
365 4 tid 106033
178 tid 106033
Insert  tid 106033
FindTargetPageId rootid 5 tid 106033
target_page_id id: 1 tid 106033
0 1 tid 106033
365 4 tid 106033
179 tid 106033
Insert  tid 106033
FindTargetPageId rootid 5 tid 106032
target_page_id id: 1 tid 106032
0 1 tid 106032
365 4 tid 106032
180 tid 106032
Remove  tid 106032
FindTargetPageId rootid 5 tid 106032
target_page_id id: 1 tid 106032
0 1 tid 106032
365 4 tid 106032
180 tid 106032
Remove  tid 106032
FindTargetPageId rootid 5 tid 106032
target_page_id id: 1 tid 106032
0 1 tid 106032
365 4 tid 106032
180 tid 106032
Remove  tid 106032
FindTargetPageId rootid 5 tid 106032
target_page_id id: 1 tid 106032
0 1 tid 106032
365 4 tid 106032
180 tid 106032
Remove  tid 106032
FindTargetPageId rootid 5 tid 106032
target_page_id id: 1 tid 106032
0 1 tid 106032
365 4 tid 106032
180 tid 106032
Remove  tid 106032
FindTargetPageId rootid 5 tid 106032
target_page_id id: 1 tid 106032
0 1 tid 106032
365 4 tid 106032
180 tid 106032
Remove  tid 106032
FindTargetPageId rootid 5 tid 106032
target_page_id id: 1 tid 106032
0 1 tid 106032
365 4 tid 106032
180 tid 106032
Remove  tid 106032
FindTargetPageId rootid 5 tid 106032
target_page_id id: 1 tid 106032
0 1 tid 106032
365 4 tid 106032
180 tid 106032
Remove  tid 106032
FindTargetPageId rootid 5 tid 106032
target_page_id id: 1 tid 106032
0 1 tid 106032
365 4 tid 106032
180 tid 106032
Remove  tid 106032
FindTargetPageId rootid 5 tid 106032
target_page_id id: 1 tid 106032
0 1 tid 106032
365 4 tid 106032
180 tid 106032
Remove  tid 106032
FindTargetPageId rootid 5 tid 106032
target_page_id id: 1 tid 106032
0 1 tid 106032
365 4 tid 106032
180 tid 106032
Remove  tid 106032
FindTargetPageId rootid 5 tid 106032
target_page_id id: 1 tid 106032
0 1 tid 106032
365 4 tid 106032
180 tid 106032
Remove  tid 106032
FindTargetPageId rootid 5 tid 106033
target_page_id id: 1 tid 106033
0 1 tid 106033
365 4 tid 106033
180 tid 106033
Insert  tid 106033
FindTargetPageId rootid 5 tid 106033
target_page_id id: 1 tid 106033
0 1 tid 106033
365 4 tid 106033
181 tid 106033
Insert  tid 106033
FindTargetPageId rootid 5 tid 106033
target_page_id id: 1 tid 106033
0 1 tid 106033
365 4 tid 106033
182 tid 106033
Insert  tid 106033
FindTargetPageId rootid 5 tid 106033
target_page_id id: 1 tid 106033
0 1 tid 106033
365 4 tid 106033
183 tid 106033
Insert  tid 106033
FindTargetPageId rootid 5 tid 106033
target_page_id id: 1 tid 106033
0 1 tid 106033
365 4 tid 106033
184 tid 106033
Insert  tid 106033
FindTargetPageId rootid 5 tid 106033
target_page_id id: 1 tid 106033
0 1 tid 106033
365 4 tid 106033
185 tid 106033
Insert  tid 106033
FindTargetPageId rootid 5 tid 106033
target_page_id id: 1 tid 106033
0 1 tid 106033
365 4 tid 106033
186 tid 106033
Insert  tid 106033
FindTargetPageId rootid 5 tid 106033
target_page_id id: 1 tid 106033
0 1 tid 106033
365 4 tid 106033
187 tid 106033
Insert  tid 106033
FindTargetPageId rootid 5 tid 106033
target_page_id id: 1 tid 106033
0 1 tid 106033
365 4 tid 106033
188 tid 106033
Insert  tid 106033
FindTargetPageId rootid 5 tid 106033
target_page_id id: 1 tid 106033
0 1 tid 106033
365 4 tid 106033
189 tid 106033
Insert  tid 106033
FindTargetPageId rootid 5 tid 106033
target_page_id id: 1 tid 106033
0 1 tid 106033
365 4 tid 106033
190 tid 106033
Insert  tid 106033
FindTargetPageId rootid 5 tid 106033
target_page_id id: 1 tid 106033
0 1 tid 106033
365 4 tid 106033
191 tid 106033
Insert  tid 106033
FindTargetPageId rootid 5 tid 106032
target_page_id id: 1 tid 106032
0 1 tid 106032
365 4 tid 106032
192 tid 106032
Remove  tid 106032
FindTargetPageId rootid 5 tid 106032
target_page_id id: 1 tid 106032
0 1 tid 106032
365 4 tid 106032
192 tid 106032
Remove  tid 106032
FindTargetPageId rootid 5 tid 106032
target_page_id id: 1 tid 106032
0 1 tid 106032
365 4 tid 106032
192 tid 106032
Remove  tid 106032
FindTargetPageId rootid 5 tid 106032
target_page_id id: 1 tid 106032
0 1 tid 106032
365 4 tid 106032
192 tid 106032
Remove  tid 106032
FindTargetPageId rootid 5 tid 106032
target_page_id id: 1 tid 106032
0 1 tid 106032
365 4 tid 106032
192 tid 106032
Remove  tid 106032
FindTargetPageId rootid 5 tid 106032
target_page_id id: 1 tid 106032
0 1 tid 106032
365 4 tid 106032
192 tid 106032
Remove  tid 106032
FindTargetPageId rootid 5 tid 106032
target_page_id id: 1 tid 106032
0 1 tid 106032
365 4 tid 106032
192 tid 106032
Remove  tid 106032
FindTargetPageId rootid 5 tid 106032
target_page_id id: 1 tid 106032
0 1 tid 106032
365 4 tid 106032
192 tid 106032
Remove  tid 106032
FindTargetPageId rootid 5 tid 106032
target_page_id id: 1 tid 106032
0 1 tid 106032
365 4 tid 106032
192 tid 106032
Remove  tid 106032
FindTargetPageId rootid 5 tid 106032
target_page_id id: 1 tid 106032
0 1 tid 106032
365 4 tid 106032
192 tid 106032
Remove  tid 106032
FindTargetPageId rootid 5 tid 106032
target_page_id id: 1 tid 106032
0 1 tid 106032
365 4 tid 106032
192 tid 106032
Remove  tid 106032
FindTargetPageId rootid 5 tid 106032
target_page_id id: 1 tid 106032
0 1 tid 106032
365 4 tid 106032
192 tid 106032
Remove  tid 106032
FindTargetPageId rootid 5 tid 106032
target_page_id id: 1 tid 106032
0 1 tid 106032
365 4 tid 106032
192 tid 106032
Remove  tid 106032
FindTargetPageId rootid 5 tid 106032
target_page_id id: 1 tid 106032
0 1 tid 106032
365 4 tid 106032
192 tid 106032
Remove  tid 106032
FindTargetPageId rootid 5 tid 106032
target_page_id id: 1 tid 106032
0 1 tid 106032
365 4 tid 106032
192 tid 106032
Remove  tid 106032
FindTargetPageId rootid 5 tid 106032
target_page_id id: 1 tid 106032
0 1 tid 106032
365 4 tid 106032
192 tid 106032
Remove  tid 106032
FindTargetPageId rootid 5 tid 106032
target_page_id id: 1 tid 106032
0 1 tid 106032
365 4 tid 106032
192 tid 106032
Remove  tid 106032
FindTargetPageId rootid 5 tid 106032
target_page_id id: 1 tid 106032
0 1 tid 106032
365 4 tid 106032
192 tid 106032
Remove  tid 106032
FindTargetPageId rootid 5 tid 106032
target_page_id id: 1 tid 106032
0 1 tid 106032
365 4 tid 106032
192 tid 106032
Remove  tid 106032
FindTargetPageId rootid 5 tid 106032
target_page_id id: 1 tid 106032
0 1 tid 106032
365 4 tid 106032
192 tid 106032
Remove  tid 106032
FindTargetPageId rootid 5 tid 106032
target_page_id id: 1 tid 106032
0 1 tid 106032
365 4 tid 106032
192 tid 106032
Remove  tid 106032
FindTargetPageId rootid 5 tid 106032
target_page_id id: 1 tid 106032
0 1 tid 106032
365 4 tid 106032
192 tid 106032
Remove  tid 106032
FindTargetPageId rootid 5 tid 106032
target_page_id id: 1 tid 106032
0 1 tid 106032
365 4 tid 106032
192 tid 106032
Remove  tid 106032
FindTargetPageId rootid 5 tid 106032
target_page_id id: 1 tid 106032
0 1 tid 106032
365 4 tid 106032
192 tid 106032
Remove  tid 106032
FindTargetPageId rootid 5 tid 106032
target_page_id id: 1 tid 106032
0 1 tid 106032
365 4 tid 106032
192 tid 106032
Remove  tid 106032
FindTargetPageId rootid 5 tid 106032
target_page_id id: 1 tid 106032
0 1 tid 106032
365 4 tid 106032
192 tid 106032
Remove  tid 106032
FindTargetPageId rootid 5 tid 106032
target_page_id id: 1 tid 106032
0 1 tid 106032
365 4 tid 106032
192 tid 106032
Remove  tid 106032
FindTargetPageId rootid 5 tid 106032
target_page_id id: 1 tid 106032
0 1 tid 106032
365 4 tid 106032
192 tid 106032
Remove  tid 106032
FindTargetPageId rootid 5 tid 106032
target_page_id id: 1 tid 106032
0 1 tid 106032
365 4 tid 106032
192 tid 106032
Remove  tid 106032
FindTargetPageId rootid 5 tid 106032
target_page_id id: 1 tid 106032
0 1 tid 106032
365 4 tid 106032
192 tid 106032
Remove  tid 106032
FindTargetPageId rootid 5 tid 106032
target_page_id id: 1 tid 106032
0 1 tid 106032
365 4 tid 106032
192 tid 106032
Remove  tid 106032
FindTargetPageId rootid 5 tid 106032
target_page_id id: 1 tid 106032
0 1 tid 106032
365 4 tid 106032
192 tid 106032
Remove  tid 106032
FindTargetPageId rootid 5 tid 106032
target_page_id id: 1 tid 106032
0 1 tid 106032
365 4 tid 106032
192 tid 106032
Remove  tid 106032
FindTargetPageId rootid 5 tid 106032
target_page_id id: 1 tid 106032
0 1 tid 106032
365 4 tid 106032
192 tid 106032
Remove  tid 106032
FindTargetPageId rootid 5 tid 106032
target_page_id id: 1 tid 106032
0 1 tid 106032
365 4 tid 106032
192 tid 106032
Remove  tid 106032
FindTargetPageId rootid 5 tid 106032
target_page_id id: 1 tid 106032
0 1 tid 106032
365 4 tid 106032
192 tid 106032
Remove  tid 106032
FindTargetPageId rootid 5 tid 106032
target_page_id id: 1 tid 106032
0 1 tid 106032
365 4 tid 106032
192 tid 106032
Remove  tid 106032
FindTargetPageId rootid 5 tid 106032
target_page_id id: 1 tid 106032
0 1 tid 106032
365 4 tid 106032
192 tid 106032
Remove  tid 106032
FindTargetPageId rootid 5 tid 106032
target_page_id id: 1 tid 106032
0 1 tid 106032
365 4 tid 106032
192 tid 106032
Remove  tid 106032
FindTargetPageId rootid 5 tid 106032
target_page_id id: 1 tid 106032
0 1 tid 106032
365 4 tid 106032
192 tid 106032
Remove  tid 106032
FindTargetPageId rootid 5 tid 106032
target_page_id id: 1 tid 106032
0 1 tid 106032
365 4 tid 106032
192 tid 106032
Remove  tid 106032
FindTargetPageId rootid 5 tid 106032
target_page_id id: 1 tid 106032
0 1 tid 106032
365 4 tid 106032
192 tid 106032
Remove  tid 106032
FindTargetPageId rootid 5 tid 106032
target_page_id id: 1 tid 106032
0 1 tid 106032
365 4 tid 106032
192 tid 106032
Remove  tid 106032
FindTargetPageId rootid 5 tid 106032
target_page_id id: 1 tid 106032
0 1 tid 106032
365 4 tid 106032
192 tid 106032
Remove  tid 106032
FindTargetPageId rootid 5 tid 106032
target_page_id id: 1 tid 106032
0 1 tid 106032
365 4 tid 106032
192 tid 106032
Remove  tid 106032
FindTargetPageId rootid 5 tid 106032
target_page_id id: 1 tid 106032
0 1 tid 106032
365 4 tid 106032
192 tid 106032
Remove  tid 106032
FindTargetPageId rootid 5 tid 106032
target_page_id id: 1 tid 106032
0 1 tid 106032
365 4 tid 106032
192 tid 106032
Remove  tid 106032
FindTargetPageId rootid 5 tid 106032
target_page_id id: 1 tid 106032
0 1 tid 106032
365 4 tid 106032
192 tid 106032
Remove  tid 106032
FindTargetPageId rootid 5 tid 106032
target_page_id id: 1 tid 106032
0 1 tid 106032
365 4 tid 106032
192 tid 106032
Remove  tid 106032
FindTargetPageId rootid 5 tid 106032
target_page_id id: 1 tid 106032
0 1 tid 106032
365 4 tid 106032
192 tid 106032
Remove  tid 106032
FindTargetPageId rootid 5 tid 106032
target_page_id id: 1 tid 106032
0 1 tid 106032
365 4 tid 106032
192 tid 106032
Remove  tid 106032
FindTargetPageId rootid 5 tid 106032
target_page_id id: 1 tid 106032
0 1 tid 106032
365 4 tid 106032
192 tid 106032
Remove  tid 106032
FindTargetPageId rootid 5 tid 106032
target_page_id id: 1 tid 106032
0 1 tid 106032
365 4 tid 106032
192 tid 106032
Remove  tid 106032
FindTargetPageId rootid 5 tid 106032
target_page_id id: 1 tid 106032
0 1 tid 106032
365 4 tid 106032
192 tid 106032
Remove  tid 106032
FindTargetPageId rootid 5 tid 106032
target_page_id id: 1 tid 106032
0 1 tid 106032
365 4 tid 106032
192 tid 106032
Remove  tid 106032
FindTargetPageId rootid 5 tid 106032
target_page_id id: 1 tid 106032
0 1 tid 106032
365 4 tid 106032
192 tid 106032
Remove  tid 106032
FindTargetPageId rootid 5 tid 106032
target_page_id id: 1 tid 106032
0 1 tid 106032
365 4 tid 106032
192 tid 106032
Remove  tid 106032
FindTargetPageId rootid 5 tid 106032
target_page_id id: 1 tid 106032
0 1 tid 106032
365 4 tid 106032
192 tid 106032
Remove  tid 106032
FindTargetPageId rootid 5 tid 106032
target_page_id id: 1 tid 106032
0 1 tid 106032
365 4 tid 106032
192 tid 106032
Remove  tid 106032
FindTargetPageId rootid 5 tid 106032
target_page_id id: 1 tid 106032
0 1 tid 106032
365 4 tid 106032
192 tid 106032
Remove  tid 106032
FindTargetPageId rootid 5 tid 106032
target_page_id id: 1 tid 106032
0 1 tid 106032
365 4 tid 106032
192 tid 106032
Remove  tid 106032
FindTargetPageId rootid 5 tid 106032
target_page_id id: 1 tid 106032
0 1 tid 106032
365 4 tid 106032
192 tid 106032
Remove  tid 106032
FindTargetPageId rootid 5 tid 106032
target_page_id id: 1 tid 106032
0 1 tid 106032
365 4 tid 106032
192 tid 106032
Remove  tid 106032
FindTargetPageId rootid 5 tid 106032
target_page_id id: 1 tid 106032
0 1 tid 106032
365 4 tid 106032
192 tid 106032
Remove  tid 106032
FindTargetPageId rootid 5 tid 106032
target_page_id id: 1 tid 106032
0 1 tid 106032
365 4 tid 106032
192 tid 106032
Remove  tid 106032
FindTargetPageId rootid 5 tid 106032
target_page_id id: 1 tid 106032
0 1 tid 106032
365 4 tid 106032
192 tid 106032
Remove  tid 106032
FindTargetPageId rootid 5 tid 106032
target_page_id id: 1 tid 106032
0 1 tid 106032
365 4 tid 106032
192 tid 106032
Remove  tid 106032
FindTargetPageId rootid 5 tid 106032
target_page_id id: 1 tid 106032
0 1 tid 106032
365 4 tid 106032
192 tid 106032
Remove  tid 106032
FindTargetPageId rootid 5 tid 106032
target_page_id id: 1 tid 106032
0 1 tid 106032
365 4 tid 106032
192 tid 106032
Remove  tid 106032
FindTargetPageId rootid 5 tid 106032
target_page_id id: 1 tid 106032
0 1 tid 106032
365 4 tid 106032
192 tid 106032
Remove  tid 106032
FindTargetPageId rootid 5 tid 106032
target_page_id id: 1 tid 106032
0 1 tid 106032
365 4 tid 106032
192 tid 106032
Remove  tid 106032
FindTargetPageId rootid 5 tid 106032
target_page_id id: 1 tid 106032
0 1 tid 106032
365 4 tid 106032
192 tid 106032
Remove  tid 106032
FindTargetPageId rootid 5 tid 106032
target_page_id id: 1 tid 106032
0 1 tid 106032
365 4 tid 106032
192 tid 106032
Remove  tid 106032
FindTargetPageId rootid 5 tid 106032
target_page_id id: 1 tid 106032
0 1 tid 106032
365 4 tid 106032
192 tid 106032
Remove  tid 106032
FindTargetPageId rootid 5 tid 106032
target_page_id id: 1 tid 106032
0 1 tid 106032
365 4 tid 106032
192 tid 106032
Remove  tid 106032
FindTargetPageId rootid 5 tid 106032
target_page_id id: 1 tid 106032
0 1 tid 106032
365 4 tid 106032
192 tid 106032
Remove  tid 106032
FindTargetPageId rootid 5 tid 106032
target_page_id id: 1 tid 106032
0 1 tid 106032
365 4 tid 106032
192 tid 106032
Remove  tid 106032
FindTargetPageId rootid 5 tid 106032
target_page_id id: 1 tid 106032
0 1 tid 106032
365 4 tid 106032
192 tid 106032
Remove  tid 106032
FindTargetPageId rootid 5 tid 106032
target_page_id id: 1 tid 106032
0 1 tid 106032
365 4 tid 106032
192 tid 106032
Remove  tid 106032
FindTargetPageId rootid 5 tid 106032
target_page_id id: 1 tid 106032
0 1 tid 106032
365 4 tid 106032
192 tid 106032
Remove  tid 106032
FindTargetPageId rootid 5 tid 106032
target_page_id id: 1 tid 106032
0 1 tid 106032
365 4 tid 106032
192 tid 106032
Remove  tid 106032
FindTargetPageId rootid 5 tid 106032
target_page_id id: 1 tid 106032
0 1 tid 106032
365 4 tid 106032
192 tid 106032
Remove  tid 106032
FindTargetPageId rootid 5 tid 106032
target_page_id id: 1 tid 106032
0 1 tid 106032
365 4 tid 106032
192 tid 106032
Remove  tid 106032
FindTargetPageId rootid 5 tid 106032
target_page_id id: 1 tid 106032
0 1 tid 106032
365 4 tid 106032
192 tid 106032
Remove  tid 106032
FindTargetPageId rootid 5 tid 106032
target_page_id id: 1 tid 106032
0 1 tid 106032
365 4 tid 106032
192 tid 106032
Remove  tid 106032
FindTargetPageId rootid 5 tid 106032
target_page_id id: 1 tid 106032
0 1 tid 106032
365 4 tid 106032
192 tid 106032
Remove  tid 106032
FindTargetPageId rootid 5 tid 106032
target_page_id id: 1 tid 106032
0 1 tid 106032
365 4 tid 106032
192 tid 106032
Remove  tid 106032
FindTargetPageId rootid 5 tid 106032
target_page_id id: 1 tid 106032
0 1 tid 106032
365 4 tid 106032
192 tid 106032
Remove  tid 106032
FindTargetPageId rootid 5 tid 106032
target_page_id id: 4 tid 106032
0 1 tid 106032
365 4 tid 106032
128 tid 106032
Remove  tid 106032
FindTargetPageId rootid 5 tid 106032
target_page_id id: 4 tid 106032
0 1 tid 106032
365 4 tid 106032
128 tid 106032
Remove  tid 106032
FindTargetPageId rootid 5 tid 106032
target_page_id id: 4 tid 106032
0 1 tid 106032
365 4 tid 106032
128 tid 106032
Remove  tid 106032
FindTargetPageId rootid 5 tid 106032
target_page_id id: 4 tid 106032
0 1 tid 106032
365 4 tid 106032
128 tid 106032
Remove  tid 106032
FindTargetPageId rootid 5 tid 106032
target_page_id id: 4 tid 106032
0 1 tid 106032
365 4 tid 106032
128 tid 106032
Remove  tid 106032
FindTargetPageId rootid 5 tid 106032
target_page_id id: 4 tid 106032
0 1 tid 106032
365 4 tid 106032
128 tid 106032
Remove  tid 106032
FindTargetPageId rootid 5 tid 106032
target_page_id id: 4 tid 106032
0 1 tid 106032
365 4 tid 106032
128 tid 106032
Remove  tid 106032
FindTargetPageId rootid 5 tid 106032
target_page_id id: 4 tid 106032
0 1 tid 106032
365 4 tid 106032
128 tid 106032
Remove  tid 106032
FindTargetPageId rootid 5 tid 106032
target_page_id id: 4 tid 106032
0 1 tid 106032
365 4 tid 106032
128 tid 106032
Remove  tid 106032
FindTargetPageId rootid 5 tid 106032
target_page_id id: 4 tid 106032
0 1 tid 106032
365 4 tid 106032
128 tid 106032
Remove  tid 106032
FindTargetPageId rootid 5 tid 106032
target_page_id id: 4 tid 106032
0 1 tid 106032
365 4 tid 106032
128 tid 106032
Remove  tid 106032
FindTargetPageId rootid 5 tid 106032
target_page_id id: 4 tid 106032
0 1 tid 106032
365 4 tid 106032
128 tid 106032
Remove  tid 106032
FindTargetPageId rootid 5 tid 106032
target_page_id id: 4 tid 106032
0 1 tid 106032
365 4 tid 106032
128 tid 106032
Remove  tid 106032
FindTargetPageId rootid 5 tid 106032
target_page_id id: 4 tid 106032
0 1 tid 106032
365 4 tid 106032
128 tid 106032
Remove  tid 106032
FindTargetPageId rootid 5 tid 106032
target_page_id id: 4 tid 106032
0 1 tid 106032
365 4 tid 106032
128 tid 106032
Remove  tid 106032
FindTargetPageId rootid 5 tid 106032
target_page_id id: 4 tid 106032
0 1 tid 106032
365 4 tid 106032
128 tid 106032
Remove  tid 106032
FindTargetPageId rootid 5 tid 106032
target_page_id id: 4 tid 106032
0 1 tid 106032
365 4 tid 106032
128 tid 106032
Remove  tid 106032
FindTargetPageId rootid 5 tid 106032
target_page_id id: 4 tid 106032
0 1 tid 106032
365 4 tid 106032
128 tid 106032
Remove  tid 106032
FindTargetPageId rootid 5 tid 106032
target_page_id id: 4 tid 106032
0 1 tid 106032
365 4 tid 106032
128 tid 106032
Remove  tid 106032
FindTargetPageId rootid 5 tid 106032
target_page_id id: 4 tid 106032
0 1 tid 106032
365 4 tid 106032
128 tid 106032
Remove  tid 106032
FindTargetPageId rootid 5 tid 106032
target_page_id id: 4 tid 106032
0 1 tid 106032
365 4 tid 106032
128 tid 106032
Remove  tid 106032
FindTargetPageId rootid 5 tid 106032
target_page_id id: 4 tid 106032
0 1 tid 106032
365 4 tid 106032
128 tid 106032
Remove  tid 106032
FindTargetPageId rootid 5 tid 106032
target_page_id id: 4 tid 106032
0 1 tid 106032
365 4 tid 106032
128 tid 106032
Remove  tid 106032
FindTargetPageId rootid 5 tid 106032
target_page_id id: 4 tid 106032
0 1 tid 106032
365 4 tid 106032
128 tid 106032
Remove  tid 106032
FindTargetPageId rootid 5 tid 106032
target_page_id id: 4 tid 106032
0 1 tid 106032
365 4 tid 106032
128 tid 106032
Remove  tid 106032
FindTargetPageId rootid 5 tid 106032
target_page_id id: 4 tid 106032
0 1 tid 106032
365 4 tid 106032
128 tid 106032
Remove  tid 106032
FindTargetPageId rootid 5 tid 106032
target_page_id id: 4 tid 106032
0 1 tid 106032
365 4 tid 106032
128 tid 106032
FindTargetPageId rootid 5 tid 106031
target_page_id id: 1 tid 106031
0 1 tid 106031
365 4 tid 106031
192 tid 106031
Insert  tid 106031
FindTargetPageId rootid 5 tid 106031
target_page_id id: 1 tid 106031
0 1 tid 106031
365 4 tid 106031
192 tid 106031
Insert  tid 106031
FindTargetPageId rootid 5 tid 106031
target_page_id id: 1 tid 106031
0 1 tid 106031
365 4 tid 106031
192 tid 106031
Insert  tid 106031
FindTargetPageId rootid 5 tid 106031
target_page_id id: 1 tid 106031
0 1 tid 106031
365 4 tid 106031
192 tid 106031
Remove  tid 106032
Insert  tid 106031
FindTargetPageId rootid 5 tid 106033
target_page_id id: 1 tid 106033
0 1 tid 106033
365 4 tid 106033
192 tid 106033
Insert  tid 106033
FindTargetPageId rootid 5 tid 106032
target_page_id id: 4 tid 106032
0 1 tid 106032
365 4 tid 106032
128 tid 106032
FindTargetPageId rootid 5 tid 106031
target_page_id id: 1 tid 106031
0 1 tid 106031
365 4 tid 106031
193 tid 106031
FindTargetPageId rootid 5 tid 106033
Remove target_page_id id:  tid 1 tid 106033
0 1 tid 106033
365 4 tid 106033
106032
193 tid 106033
Insert  tid 106033
Insert FindTargetPageId rootid  tid 5106031 tid 
106032
target_page_id id: 4 tid 106032
0 1 tid 106032
365 4 tid 106032
128 tid 106032
FindTargetPageId rootid 5 tid 106033
target_page_id id: 1 tid 106033
0 1 tid 106033
365 4 tid 106033
194 tid 106033
Remove  tid 106032
FindTargetPageId rootid 5 tid 106032
target_page_id id: 4 tid 106032
0 1 tid 106032
365 4 tid 106032
128 tid 106032
Remove  tid 106032
FindTargetPageId rootid 5 tid 106031
target_page_id id: 1 tid 106031
0 1 tid 106031
365 4 tid 106031
195 tid 106031
Insert  tid 106033
Insert  tid 106031
FindTargetPageId rootid 5 tid 106033
target_page_id id: 1 tid 106033
0 1 tid 106033
365 4 tid 106033
195 tid 106033
Insert  tid FindTargetPageId rootid 106033
5 tid 106032
target_page_id id: 4 tid 106032
0 1 tid 106032
365 4 tid 106032
128 tid 106032
Remove  tid 106032
FindTargetPageId rootid 5 tid 106032
target_page_id id: 4 tid 106032
0 1 tid 106032
365 4 tid 106032
128 tid 106032
Remove  tid 106032
FindTargetPageId rootid 5 tid 106032
target_page_id id: 4 tid 106032
0 1 tid 106032
365 4 tid 106032
128 tid 106032
Remove  tid 106032
FindTargetPageId rootid 5 tid 106032
target_page_id id: 4 tid 106032
0 1 tid 106032
365 4 tid 106032
128 tid 106032
Remove  tid 106032
FindTargetPageId rootid 5 tid 106032
target_page_id id: 4 tid 106032
0 1 tid 106032
365 4 tid 106032
128 tid 106032
Remove  tid 106032
FindTargetPageId rootid 5 tid 106032
target_page_id id: 4 tid 106032
0 1 tid 106032
365 4 tid 106032
128 tid 106032
Remove  tid 106032
FindTargetPageId rootid 5 tid 106032
target_page_id id: 4 tid 106032
0 1 tid 106032
365 4 tid 106032
128 tid 106032
Remove  tid 106032
FindTargetPageId rootid 5 tid 106032
target_page_id id: 4 tid 106032
0 1 tid 106032
365 4 tid 106032
128 tid 106032
Remove  tid 106032
FindTargetPageId rootid 5 tid 106032
target_page_id id: 4 tid 106032
0 1 tid 106032
365 4 tid 106032
128 tid 106032
Remove  tid 106032
FindTargetPageId rootid 5 tid 106032
target_page_id id: 4 tid 106032
0 1 tid 106032
365 4 tid 106032
128 tid 106032
Remove  tid 106032
FindTargetPageId rootid 5 tid 106032
target_page_id id: 4 tid 106032
0 1 tid 106032
365 4 tid 106032
128 tid 106032
Remove  tid 106032
FindTargetPageId rootid 5 tid 106032
target_page_id id: 4 tid 106032
0 1 tid 106032
365 4 tid 106032
128 tid 106032
Remove  tid 106032
FindTargetPageId rootid 5 tid 106032
target_page_id id: 4 tid 106032
0 1 tid 106032
365 4 tid 106032
128 tid 106032
Remove  tid 106032
FindTargetPageId rootid 5 tid 106033
target_page_id id: 1 tid 106033
0 1 tid 106033
365 4 tid 106033
196 tid 106033
Insert  tid 106033
FindTargetPageId rootid 5 tid 106033
target_page_id id: 1 tid 106033
0 1 tid 106033
365 4 tid 106033
197 tid 106033
Insert  tid 106033
FindTargetPageId rootid 5 tid 106033
target_page_id id: 1 tid 106033
0 1 tid 106033
365 4 tid 106033
198 tid 106033
Insert  tid 106033
FindTargetPageId rootid 5 tid 106031
target_page_id id: 1 tid 106031
0 1 tid 106031
365 4 tid 106031
199 tid 106031
Insert  tid 106031
FindTargetPageId rootid 5 tid 106031
target_page_id id: 1 tid 106031
0 1 tid 106031
365 4 tid 106031
199 tid 106031
Insert  tid 106031
FindTargetPageId rootid 5 tid 106031
target_page_id id: 1 tid 106031
0 1 tid 106031
365 4 tid 106031
199 tid 106031
Insert  tid 106031
FindTargetPageId rootid 5 tid 106031
target_page_id id: 1 tid 106031
0 1 tid 106031
365 4 tid 106031
199 tid 106031
Insert  tid 106031
FindTargetPageId rootid 5 tid 106031
target_page_id id: 1 tid 106031
0 1 tid 106031
365 4 tid 106031
199 tid 106031
Insert  tid 106031
FindTargetPageId rootid 5 tid 106031
target_page_id id: 1 tid 106031
0 1 tid 106031
365 4 tid 106031
199 tid 106031
Insert  tid 106031
FindTargetPageId rootid 5 tid 106031
target_page_id id: 1 tid 106031
0 1 tid 106031
365 4 tid 106031
199 tid 106031
Insert  tid 106031
FindTargetPageId rootid 5 tid 106031
target_page_id id: 1 tid 106031
0 1 tid 106031
365 4 tid 106031
199 tid 106031
Insert  tid 106031
FindTargetPageId rootid 5 tid 106031
target_page_id id: 1 tid 106031
0 1 tid 106031
365 4 tid 106031
199 tid 106031
Insert  tid 106031
FindTargetPageId rootid 5 tid 106031
target_page_id id: 1 tid 106031
0 1 tid 106031
365 4 tid 106031
199 tid 106031
Insert  tid 106031
FindTargetPageId rootid 5 tid 106031
target_page_id id: 1 tid 106031
0 1 tid 106031
365 4 tid 106031
199 tid 106031
Insert  tid 106031
FindTargetPageId rootid 5 tid 106033
target_page_id id: 1 tid 106033
0 1 tid 106033
365 4 tid 106033
199 tid 106033
Insert  tid 106033
FindTargetPageId rootid 5 tid 106032
target_page_id id: 4 tid 106032
0 1 tid 106032
365 4 tid 106032
128 tid 106032
Remove  tid 106032
FindTargetPageId rootid 5 tid 106032
target_page_id id: 4 tid 106032
0 1 tid 106032
365 4 tid 106032
128 tid 106032
Remove  tid 106032
FindTargetPageId rootid 5 tid 106033
target_page_id id: 1 tid 106033
0 1 tid 106033
365 4 tid 106033
200 tid 106033
Insert  tid 106033
FindTargetPageId rootid 5 tid 106033
target_page_id id: 1 tid 106033
0 1 tid 106033
365 4 tid 106033
201 tid 106033
Insert  tid 106033
FindTargetPageId rootid 5 tid 106033
target_page_id id: 1 tid 106033
0 1 tid 106033
365 4 tid 106033
202 tid 106033
Insert  tid 106033
FindTargetPageId rootid 5 tid 106033
target_page_id id: 1 tid 106033
0 1 tid 106033
365 4 tid 106033
203 tid 106033
Insert  tid 106033
FindTargetPageId rootid 5 tid 106033
target_page_id id: 1 tid 106033
0 1 tid 106033
365 4 tid 106033
204 tid 106033
Insert  tid 106033
FindTargetPageId rootid 5 tid 106033
target_page_id id: 1 tid 106033
0 1 tid 106033
365 4 tid 106033
205 tid 106033
Insert  tid 106033
FindTargetPageId rootid 5 tid 106033
target_page_id id: 1 tid 106033
0 1 tid 106033
365 4 tid 106033
206 tid 106033
Insert  tid 106033
FindTargetPageId rootid 5 tid 106033
target_page_id id: 1 tid 106033
0 1 tid 106033
365 4 tid 106033
207 tid 106033
Insert  tid 106033
FindTargetPageId rootid 5 tid 106032
target_page_id id: 4 tid 106032
0 1 tid 106032
365 4 tid 106032
128 tid 106032
Remove  tid 106032
FindTargetPageId rootid 5 tid 106031
target_page_id id: 1 tid 106031
0 1 tid 106031
365 4 tid 106031
208 tid 106031
Insert  tid 106031
FindTargetPageId rootid 5 tid 106031
target_page_id id: 1 tid 106031
0 1 tid 106031
365 4 tid 106031
208 tid 106031
Insert  tid 106031
FindTargetPageId rootid 5 tid 106031
target_page_id id: 1 tid 106031
0 1 tid 106031
365 4 tid 106031
208 tid 106031
Insert  tid 106031
FindTargetPageId rootid 5 tid 106031
target_page_id id: 1 tid 106031
0 1 tid 106031
365 4 tid 106031
208 tid 106031
Insert  tid 106031
FindTargetPageId rootid 5 tid 106031
target_page_id id: 1 tid 106031
0 1 tid 106031
365 4 tid 106031
208 tid 106031
Insert  tid 106031
FindTargetPageId rootid 5 tid 106031
target_page_id id: 1 tid 106031
0 1 tid 106031
365 4 tid 106031
208 tid 106031
Insert  tid 106031
FindTargetPageId rootid 5 tid 106031
target_page_id id: 1 tid 106031
0 1 tid 106031
365 4 tid 106031
208 tid 106031
Insert  tid 106031
FindTargetPageId rootid 5 tid 106031
target_page_id id: 1 tid 106031
0 1 tid 106031
365 4 tid 106031
208 tid 106031
Insert  tid 106031
FindTargetPageId rootid 5 tid 106031
target_page_id id: 1 tid 106031
0 1 tid 106031
365 4 tid 106031
208 tid 106031
Insert  tid 106031
FindTargetPageId rootid 5 tid 106031
target_page_id id: 1 tid 106031
0 1 tid 106031
365 4 tid 106031
208 tid 106031
Insert  tid 106031
FindTargetPageId rootid 5 tid 106031
target_page_id id: 1 tid 106031
0 1 tid 106031
365 4 tid 106031
208 tid 106031
Insert  tid 106031
FindTargetPageId rootid 5 tid 106031
target_page_id id: 1 tid 106031
0 1 tid 106031
365 4 tid 106031
208 tid 106031
Insert  tid 106031
FindTargetPageId rootid 5 tid 106031
target_page_id id: 1 tid 106031
0 1 tid 106031
365 4 tid 106031
208 tid 106031
Insert  tid 106031
FindTargetPageId rootid 5 tid 106031
target_page_id id: 1 tid 106031
0 1 tid 106031
365 4 tid 106031
208 tid 106031
Insert  tid 106031
FindTargetPageId rootid 5 tid 106031
target_page_id id: 1 tid 106031
0 1 tid 106031
365 4 tid 106031
208 tid 106031
Insert  tid 106031
FindTargetPageId rootid 5 tid 106031
target_page_id id: 1 tid 106031
0 1 tid 106031
365 4 tid 106031
208 tid 106031
Insert  tid 106031
FindTargetPageId rootid 5 tid 106031
target_page_id id: 1 tid 106031
0 1 tid 106031
365 4 tid 106031
208 tid 106031
Insert  tid 106031
FindTargetPageId rootid 5 tid 106031
target_page_id id: 1 tid 106031
0 1 tid 106031
365 4 tid 106031
208 tid 106031
Insert  tid 106031
FindTargetPageId rootid 5 tid 106031
target_page_id id: 1 tid 106031
0 1 tid 106031
365 4 tid 106031
208 tid 106031
Insert  tid 106031
FindTargetPageId rootid 5 tid 106031
target_page_id id: 1 tid 106031
0 1 tid 106031
365 4 tid 106031
208 tid 106031
Insert  tid 106031
FindTargetPageId rootid 5 tid 106031
target_page_id id: 1 tid 106031
0 1 tid 106031
365 4 tid 106031
208 tid 106031
Insert  tid 106031
FindTargetPageId rootid 5 tid 106031
target_page_id id: 1 tid 106031
0 1 tid 106031
365 4 tid 106031
208 tid 106031
Insert  tid 106031
FindTargetPageId rootid 5 tid 106031
target_page_id id: 1 tid 106031
0 1 tid 106031
365 4 tid 106031
208 tid 106031
Insert  tid 106031
FindTargetPageId rootid 5 tid 106033
target_page_id id: 1 tid 106033
0 1 tid 106033
365 4 tid 106033
209 tid 106033
FindTargetPageId rootid 5 tid 106032
target_page_id id: 4 tid 106032
0 1 tid 106032
365 4 tid 106032
128 tid 106032
Remove  tid 106032
FindTargetPageId rootid 5 tid 106032
Insert target_page_id id: 4 tid 106032
0 1 tid 106032
 tid 106033
365 4 tid 106032
128 tid 106032
Remove  tid 106032
FindTargetPageId rootid 5 tid 106031
target_page_id id: 1 tid 106031
0 1 tid 106031
365 4 tid 106031
209 tid 106031
Insert  tid 106031
FindTargetPageId rootid 5 tid 106031
target_page_id id: 1 tid 106031
0 1 tid 106031
365 4 tid 106031
210 tid 106031
Insert  tid 106031
FindTargetPageId rootid 5 tid 106031
target_page_id id: 1 tid 106031
0 1 tid 106031
365 4 tid 106031
211 tid 106031
Insert  tid 106031
FindTargetPageId rootid 5 tid 106031
target_page_id id: 1 tid 106031
0 1 tid 106031
365 4 tid 106031
212 tid 106031
Insert  tid 106031
FindTargetPageId rootid 5 tid 106031
target_page_id id: 1 tid 106031
0 1 tid 106031
365 4 tid 106031
213 tid 106031
Insert  tid 106031
FindTargetPageId rootid 5 tid 106032
target_page_id id: 4 tid 106032
0 1 tid 106032
365 4 tid 106032
128 tid 106032
Remove  tid 106032
FindTargetPageId rootid 5 tid 106033
target_page_id id: 1 tid 106033
0 1 tid 106033
365 4 tid 106033
214 tid 106033
Insert  tid 106033
FindTargetPageId rootid 5 tid 106033
target_page_id id: 1 tid 106033
0 1 tid 106033
365 4 tid 106033
214 tid 106033
Insert  tid 106033
FindTargetPageId rootid 5 tid 106033
target_page_id id: 1 tid 106033
0 1 tid 106033
365 4 tid 106033
214 tid 106033
Insert  tid 106033
FindTargetPageId rootid 5 tid 106033
target_page_id id: 1 tid 106033
0 1 tid 106033
365 4 tid 106033
214 tid 106033
Insert  tid 106033
FindTargetPageId rootid 5 tid 106033
target_page_id id: 1 tid 106033
0 1 tid 106033
365 4 tid 106033
214 tid 106033
Insert  tid 106033
FindTargetPageId rootid 5 tid 106033
target_page_id id: 1 tid 106033
0 1 tid 106033
365 4 tid 106033
214 tid 106033
Insert  tid 106033
FindTargetPageId rootid 5 tid 106033
target_page_id id: 1 tid 106033
0 1 tid 106033
365 4 tid 106033
215 tid 106033
Insert  tid 106033
FindTargetPageId rootid 5 tid 106033
target_page_id id: 1 tid 106033
0 1 tid 106033
365 4 tid 106033
216 tid 106033
Insert  tid 106033
FindTargetPageId rootid 5 tid 106033
target_page_id id: 1 tid 106033
0 1 tid 106033
365 4 tid 106033
217 tid 106033
Insert  tid 106033
FindTargetPageId rootid 5 tid 106033
target_page_id id: 1 tid 106033
0 1 tid 106033
365 4 tid 106033
218 tid 106033
Insert  tid 106033
FindTargetPageId rootid 5 tid 106033
target_page_id id: 1 tid 106033
0 1 tid 106033
365 4 tid 106033
219 tid 106033
Insert  tid 106033
FindTargetPageId rootid 5 tid 106033
target_page_id id: 1 tid 106033
0 1 tid 106033
365 4 tid 106033
220 tid 106033
Insert  tid 106033
FindTargetPageId rootid 5 tid 106033
target_page_id id: 1 tid 106033
0 1 tid 106033
365 4 tid 106033
221 tid 106033
Insert  tid 106033
FindTargetPageId rootid 5 tid 106031
target_page_id id: 1 tid 106031
0 1 tid 106031
365 4 tid 106031
222 tid 106031
Insert  tid 106031
FindTargetPageId rootid 5 tid 106031
target_page_id id: 1 tid 106031
0 1 tid 106031
365 4 tid 106031
222 tid 106031
Insert  tid 106031
FindTargetPageId rootid 5 tid 106032
target_page_id id: 4 tid 106032
0 1 tid 106032
365 4 tid 106032
128 tid 106032
Remove  tid 106032
FindTargetPageId rootid 5 tid 106032
target_page_id id: 4 tid 106032
0 1 tid 106032
365 4 tid 106032
128 tid 106032
Remove  tid 106032
FindTargetPageId rootid 5 tid 106031
target_page_id id: 1 tid 106031
0 1 tid 106031
365 4 tid 106031
222 tid 106031
Insert  tid 106031
FindTargetPageId rootid 5 tid 106033
target_page_id id: 1 tid 106033
0 1 tid 106033
365 4 tid 106033
222 tid 106033
Insert  tid 106033
FindTargetPageId rootid 5 tid 106032
target_page_id id: 4 tid 106032
0 1 tid 106032
365 4 tid 106032
128 tid 106032
Remove  tid 106032
FindTargetPageId rootid 5 tid 106032
target_page_id id: 4 tid 106032
0 1 tid 106032
365 4 tid 106032
128 tid 106032
Remove  tid 106032
FindTargetPageId rootid 5 tid 106032
target_page_id id: 4 tid 106032
0 1 tid 106032
365 4 tid 106032
128 tid 106032
Remove  tid 106032
FindTargetPageId rootid 5 tid 106032
target_page_id id: 4 tid 106032
0 1 tid 106032
365 4 tid 106032
128 tid 106032
Remove  tid 106032
FindTargetPageId rootid 5 tid 106032
target_page_id id: 4 tid 106032
0 1 tid 106032
365 4 tid 106032
128 tid 106032
Remove  tid 106032
FindTargetPageId rootid 5 tid 106031
target_page_id id: 1 tid 106031
0 1 tid 106031
365 4 tid 106031
223 tid 106031
Insert  tid 106031
FindTargetPageId rootid 5 tid 106031
target_page_id id: 1 tid 106031
0 1 tid 106031
365 4 tid 106031
223 tid 106031
Insert  tid 106031
FindTargetPageId rootid 5 tid 106031
target_page_id id: 1 tid 106031
0 1 tid 106031
365 4 tid 106031
223 tid 106031
Insert  tid 106031
FindTargetPageId rootid 5 tid 106032
target_page_id id: 4 tid 106032
0 1 tid 106032
365 4 tid 106032
128 tid 106032
Remove  tid 106032
FindTargetPageId rootid 5 tid 106032
target_page_id id: 4 tid 106032
0 1 tid 106032
365 4 tid 106032
128 tid 106032
Remove  tid 106032
FindTargetPageId rootid 5 tid 106032
target_page_id id: 4 tid 106032
0 1 tid 106032
365 4 tid 106032
128 tid 106032
Remove  tid 106032
FindTargetPageId rootid 5 tid 106033
target_page_id id: 1 tid 106033
0 1 tid 106033
365 4 tid 106033
223 tid 106033
Insert  tid 106033
FindTargetPageId rootid 5 tid 106033
target_page_id id: 1 tid 106033
0 1 tid 106033
365 4 tid 106033
224 tid 106033
Insert  tid 106033
FindTargetPageId rootid 5 tid 106033
target_page_id id: 1 tid 106033
0 1 tid 106033
365 4 tid 106033
225 tid 106033
Insert  tid 106033
FindTargetPageId rootid 5 tid 106031
target_page_id id: 1 tid 106031
0 1 tid 106031
365 4 tid 106031
226 tid 106031
Insert  tid 106031
FindTargetPageId rootid 5 tid 106032
target_page_id id: 4 tid 106032
0 1 tid 106032
365 4 tid 106032
128 tid 106032
Remove  tid 106032
FindTargetPageId rootid 5 tid 106033
target_page_id id: 1 tid 106033
0 1 tid 106033
365 4 tid 106033
226 tid 106033
Insert  tid 106033
FindTargetPageId rootid 5 tid 106033
target_page_id id: 1 tid 106033
0 1 tid 106033
365 4 tid 106033
227 tid 106033
Insert  tid 106033
FindTargetPageId rootid 5 tid 106033
target_page_id id: 1 tid 106033
0 1 tid 106033
365 4 tid 106033
228 tid 106033
Insert  tid 106033
FindTargetPageId rootid 5 tid 106033
target_page_id id: 1 tid 106033
0 1 tid 106033
365 4 tid 106033
229 tid 106033
Insert  tid 106033
FindTargetPageId rootid 5 tid 106033
target_page_id id: 1 tid 106033
0 1 tid 106033
365 4 tid 106033
230 tid 106033
Insert  tid 106033
FindTargetPageId rootid 5 tid 106031
target_page_id id: 1 tid 106031
0 1 tid 106031
365 4 tid 106031
231 tid 106031
Insert  tid 106031
FindTargetPageId rootid 5 tid 106031
target_page_id id: 1 tid 106031
0 1 tid 106031
365 4 tid 106031
231 tid 106031
Insert  tid 106031
FindTargetPageId rootid 5 tid 106031
target_page_id id: 1 tid 106031
0 1 tid 106031
365 4 tid 106031
231 tid 106031
Insert  tid 106031
FindTargetPageId rootid 5 tid 106031
target_page_id id: 1 tid 106031
0 1 tid 106031
365 4 tid 106031
231 tid 106031
Insert  tid 106031
FindTargetPageId rootid 5 tid 106033
target_page_id id: 1 tid 106033
0 1 tid 106033
365 4 tid 106033
231 tid 106033
Insert  tid 106033
FindTargetPageId rootid 5 tid 106033
target_page_id id: 1 tid 106033
0 1 tid 106033
365 4 tid 106033
232 tid 106033
Insert  tid 106033
FindTargetPageId rootid 5 tid 106033
target_page_id id: 1 tid 106033
0 1 tid 106033
365 4 tid 106033
233 tid 106033
Insert  tid 106033
FindTargetPageId rootid 5 tid 106033
target_page_id id: 1 tid 106033
0 1 tid 106033
365 4 tid 106033
234 tid 106033
Insert  tid 106033
FindTargetPageId rootid 5 tid 106033
target_page_id id: 1 tid 106033
0 1 tid 106033
365 4 tid 106033
235 tid 106033
Insert  tid 106033
FindTargetPageId rootid 5 tid 106033
target_page_id id: 1 tid 106033
0 1 tid 106033
365 4 tid 106033
236 tid 106033
Insert  tid 106033
FindTargetPageId rootid 5 tid 106033
target_page_id id: 1 tid 106033
0 1 tid 106033
365 4 tid 106033
237 tid 106033
Insert  tid 106033
FindTargetPageId rootid 5 tid 106031
target_page_id id: 1 tid 106031
0 1 tid 106031
365 4 tid 106031
238 tid 106031
Insert  tid 106031
FindTargetPageId rootid 5 tid 106032
target_page_id id: 4 tid 106032
0 1 tid 106032
365 4 tid 106032
128 tid 106032
Remove  tid 106032
FindTargetPageId rootid 5 tid 106032
target_page_id id: 4 tid 106032
0 1 tid 106032
365 4 tid 106032
128 tid 106032
Remove  tid 106032
FindTargetPageId rootid 5 tid 106031
target_page_id id: 1 tid 106031
0 1 tid 106031
365 4 tid 106031
238 tid 106031
Insert  tid 106031
FindTargetPageId rootid 5 tid 106033
target_page_id id: 1 tid 106033
0 1 tid 106033
365 4 tid 106033
238 tid 106033
Insert  tid 106033
FindTargetPageId rootid 5 tid 106032
target_page_id id: 4 tid 106032
0 1 tid 106032
365 4 tid 106032
128 tid 106032
Remove  tid 106032
FindTargetPageId rootid 5 tid 106032
target_page_id id: 4 tid 106032
0 1 tid 106032
365 4 tid 106032
128 tid 106032
Remove  tid 106032
FindTargetPageId rootid 5 tid 106032
target_page_id id: 4 tid 106032
0 1 tid 106032
365 4 tid 106032
128 tid 106032
Remove  tid 106032
FindTargetPageId rootid 5 tid 106031
target_page_id id: 1 tid 106031
0 1 tid 106031
365 4 tid 106031
239 tid 106031
Insert  tid 106031
FindTargetPageId rootid 5 tid 106031
target_page_id id: 1 tid 106031
0 1 tid 106031
365 4 tid 106031
239 tid 106031
Insert  tid 106031
FindTargetPageId rootid 5 tid 106032
target_page_id id: 4 tid 106032
0 1 tid 106032
365 4 tid 106032
128 tid 106032
Remove  tid 106032
FindTargetPageId rootid 5 tid 106033
target_page_id id: 1 tid 106033
0 1 tid 106033
365 4 tid 106033
239 tid 106033
Insert  tid 106033
FindTargetPageId rootid 5 tid 106033
target_page_id id: 1 tid 106033
0 1 tid 106033
365 4 tid 106033
240 tid 106033
Insert  tid 106033
FindTargetPageId rootid 5 tid 106033
target_page_id id: 1 tid 106033
0 1 tid 106033
365 4 tid 106033
241 tid 106033
Insert  tid 106033
FindTargetPageId rootid 5 tid 106033
target_page_id id: 1 tid 106033
0 1 tid 106033
365 4 tid 106033
242 tid 106033
Insert  tid 106033
FindTargetPageId rootid 5 tid 106033
target_page_id id: 1 tid 106033
0 1 tid 106033
365 4 tid 106033
243 tid 106033
Insert  tid 106033
FindTargetPageId rootid 5 tid 106031
target_page_id id: 1 tid 106031
0 1 tid 106031
365 4 tid 106031
244 tid 106031
Insert  tid 106031
FindTargetPageId rootid 5 tid 106031
target_page_id id: 1 tid 106031
0 1 tid 106031
365 4 tid 106031
244 tid 106031
Insert  tid 106031
FindTargetPageId rootid 5 tid 106031
target_page_id id: 1 tid 106031
0 1 tid 106031
365 4 tid 106031
244 tid 106031
Insert  tid 106031
FindTargetPageId rootid 5 tid 106031
target_page_id id: 1 tid 106031
0 1 tid 106031
365 4 tid 106031
244 tid 106031
Insert  tid 106031
FindTargetPageId rootid 5 tid 106031
target_page_id id: 1 tid 106031
0 1 tid 106031
365 4 tid 106031
244 tid 106031
Insert  tid 106031
FindTargetPageId rootid 5 tid 106031
target_page_id id: 1 tid 106031
0 1 tid 106031
365 4 tid 106031
244 tid 106031
Insert  tid 106031
FindTargetPageId rootid 5 tid 106031
target_page_id id: 1 tid 106031
0 1 tid 106031
365 4 tid 106031
244 tid 106031
Insert  tid 106031
FindTargetPageId rootid 5 tid 106031
target_page_id id: 1 tid 106031
0 1 tid 106031
365 4 tid 106031
244 tid 106031
Insert  tid 106031
FindTargetPageId rootid 5 tid 106031
target_page_id id: 1 tid 106031
0 1 tid 106031
365 4 tid 106031
244 tid 106031
Insert  tid 106031
FindTargetPageId rootid 5 tid 106031
target_page_id id: 1 tid 106031
0 1 tid 106031
365 4 tid 106031
244 tid 106031
Insert  tid 106031
FindTargetPageId rootid 5 tid 106031
target_page_id id: 1 tid 106031
0 1 tid 106031
365 4 tid 106031
244 tid 106031
Insert  tid 106031
FindTargetPageId rootid 5 tid 106031
target_page_id id: 1 tid 106031
0 1 tid 106031
365 4 tid 106031
244 tid 106031
Insert  tid 106031
FindTargetPageId rootid 5 tid 106033
target_page_id id: 1 tid 106033
0 1 tid 106033
365 4 tid 106033
244 tid 106033
Insert  tid 106033
FindTargetPageId rootid 5 tid 106032
target_page_id id: 4 tid 106032
0 1 tid 106032
365 4 tid 106032
128 tid 106032
Remove  tid 106032
FindTargetPageId rootid 5 tid 106031
target_page_id id: 1 tid 106031
0 1 tid 106031
365 4 tid 106031
245 tid 106031
Insert  tid 106031
FindTargetPageId rootid 5 tid 106033
target_page_id id: 1 tid 106033
0 1 tid 106033
365 4 tid 106033
245 tid 106033
Insert  tid 106033
FindTargetPageId rootid 5 tid 106032
target_page_id id: 4 tid 106032
0 1 tid 106032
365 4 tid 106032
128 tid 106032
Remove  tid 106032
FindTargetPageId rootid 5 tid 106032
target_page_id id: 4 tid 106032
0 1 tid 106032
365 4 tid 106032
128 tid 106032
Remove  tid 106032
FindTargetPageId rootid 5 tid 106032
target_page_id id: 4 tid 106032
0 1 tid 106032
365 4 tid 106032
128 tid 106032
Remove  tid 106032
FindTargetPageId rootid 5 tid 106033
target_page_id id: 1 tid 106033
0 1 tid 106033
365 4 tid 106033
246 tid 106033
Insert  tid 106033
FindTargetPageId rootid 5 tid 106031
target_page_id id: 1 tid 106031
0 1 tid 106031
365 4 tid 106031
247 tid 106031
Insert  tid 106031
FindTargetPageId rootid 5 tid 106031
target_page_id id: 1 tid 106031
0 1 tid 106031
365 4 tid 106031
247 tid 106031
Insert  tid 106031
FindTargetPageId rootid 5 tid 106031
target_page_id id: 1 tid 106031
0 1 tid 106031
365 4 tid 106031
247 tid 106031
Insert  tid 106031
FindTargetPageId rootid 5 tid 106031
target_page_id id: 1 tid 106031
0 1 tid 106031
365 4 tid 106031
247 tid 106031
Insert  tid 106031
FindTargetPageId rootid 5 tid 106031
target_page_id id: 1 tid 106031
0 1 tid 106031
365 4 tid 106031
247 tid 106031
Insert  tid 106031
FindTargetPageId rootid 5 tid 106031
target_page_id id: 1 tid 106031
0 1 tid 106031
365 4 tid 106031
247 tid 106031
Insert  tid 106031
FindTargetPageId rootid 5 tid 106031
target_page_id id: 1 tid 106031
0 1 tid 106031
365 4 tid 106031
248 tid 106031
Insert  tid 106031
FindTargetPageId rootid 5 tid 106031
target_page_id id: 1 tid 106031
0 1 tid 106031
365 4 tid 106031
249 tid 106031
Insert  tid 106031
FindTargetPageId rootid 5 tid 106031
target_page_id id: 1 tid 106031
0 1 tid 106031
365 4 tid 106031
250 tid 106031
Insert  tid 106031
FindTargetPageId rootid 5 tid 106031
target_page_id id: 1 tid 106031
0 1 tid 106031
365 4 tid 106031
251 tid 106031
Insert  tid 106031
FindTargetPageId rootid 5 tid 106031
target_page_id id: 1 tid 106031
0 1 tid 106031
365 4 tid 106031
252 tid 106031
Insert  tid 106031
FindTargetPageId rootid 5 tid 106031
target_page_id id: 1 tid 106031
0 1 tid 106031
365 4 tid 106031
253 tid 106031
Insert  tid 106031
FindTargetPageId rootid 5 tid 106031
target_page_id id: 1 tid 106031
0 1 tid 106031
365 4 tid 106031
254 tid 106031
Insert  tid 106031
FindTargetPageId rootid 5 tid 106033
target_page_id id: 6 tid 106033
0 1 tid 106033
128 6 tid 106033
365 4 tid 106033
128 tid 106033
Insert  tid 106033
FindTargetPageId rootid 5 tid 106031
target_page_id id: 6 tid 106031
0 1 tid 106031
128 6 tid 106031
365 4 tid 106031
128 tid 106031
FindTargetPageId rootid 5 tid Insert  tid 106032
target_page_id id: 4 tid 106032
0 1 tid 106032
128 6 tid 106032
365 4 tid 106032
106031128 tid 
106032
Remove  tid 106032
FindTargetPageId rootid 5 tid 106032
target_page_id id: 4 tid 106032
0 1 tid 106032
128 6 tid 106032
365 4 tid 106032
128 tid 106032
Remove  tid 106032
FindTargetPageId rootid 5 tid 106032
target_page_id id: 4 tid 106032
0 1 tid 106032
128 6 tid 106032
365 4 tid 106032
128 tid 106032
Remove  tid 106032
FindTargetPageId rootid 5 tid 106032
target_page_id id: 4 tid 106032
0 1 tid 106032
128 6 tid 106032
365 4 tid 106032
128 tid 106032
Remove  tid 106032
FindTargetPageId rootid 5 tid 106031
target_page_id id: 6 tid 106031
0 1 tid 106031
128 6 tid 106031
365 4 tid 106031
129 tid 106031
Insert  tid 106031
FindTargetPageId rootid 5 tid 106033
target_page_id id: 6 tid 106033
0 1 tid 106033
128 6 tid 106033
365 4 tid 106033
130 tid 106033
Insert  tid 106033
FindTargetPageId rootid 5 tid 106033
target_page_id id: 6 tid 106033
0 1 tid 106033
128 6 tid 106033
365 4 tid 106033
130 tid 106033
Insert  tid 106033
FindTargetPageId rootid 5 tid 106033
target_page_id id: 6 tid 106033
0 1 tid 106033
128 6 tid 106033
365 4 tid 106033
130 tid 106033
Insert  tid 106033
FindTargetPageId rootid 5 tid 106033
target_page_id id: 6 tid 106033
0 1 tid 106033
128 6 tid 106033
365 4 tid 106033
130 tid 106033
Insert  tid 106033
FindTargetPageId rootid 5 tid 106033
target_page_id id: 6 tid 106033
0 1 tid 106033
128 6 tid 106033
365 4 tid 106033
130 tid 106033
Insert  tid 106033
FindTargetPageId rootid 5 tid 106031
target_page_id id: 6 tid 106031
0 1 tid 106031
128 6 tid 106031
365 4 tid 106031
130 tid 106031
Insert  tid 106031
FindTargetPageId rootid 5 tid 106032
target_page_id id: 4 tid 106032
0 1 tid 106032
128 6 tid 106032
365 4 tid 106032
128 tid 106032
Remove  tid 106032
FindTargetPageId rootid 5 tid 106032
target_page_id id: 4 tid 106032
0 1 tid 106032
128 6 tid 106032
365 4 tid 106032
128 tid 106032
Remove  tid 106032
FindTargetPageId rootid 5 tid 106032
target_page_id id: 4 tid 106032
0 1 tid 106032
128 6 tid 106032
365 4 tid 106032
128 tid 106032
Remove  tid 106032
FindTargetPageId rootid 5 tid 106032
target_page_id id: 4 tid 106032
0 1 tid 106032
128 6 tid 106032
365 4 tid 106032
128 tid 106032
Remove  tid 106032
FindTargetPageId rootid 5 tid 106032
target_page_id id: 4 tid 106032
0 1 tid 106032
128 6 tid 106032
365 4 tid 106032
128 tid 106032
Remove  tid 106032
FindTargetPageId rootid 5 tid 106032
target_page_id id: 4 tid 106032
0 1 tid 106032
128 6 tid 106032
365 4 tid 106032
128 tid 106032
Remove  tid 106032
FindTargetPageId rootid 5 tid 106032
target_page_id id: 4 tid 106032
0 1 tid 106032
128 6 tid 106032
365 4 tid 106032
128 tid 106032
Remove  tid 106032
FindTargetPageId rootid 5 tid 106031
target_page_id id: 6 tid 106031
0 1 tid 106031
128 6 tid 106031
365 4 tid 106031
131 tid 106031
Insert  tid 106031
FindTargetPageId rootid 5 tid 106033
target_page_id id: 6 tid 106033
0 1 tid 106033
128 6 tid 106033
365 4 tid 106033
132 tid 106033
Insert  tid 106033
FindTargetPageId rootid 5 tid 106033
target_page_id id: 6 tid 106033
0 1 tid 106033
128 6 tid 106033
365 4 tid 106033
132 tid 106033
Insert  tid 106033
FindTargetPageId rootid 5 tid 106033
target_page_id id: 6 tid 106033
0 1 tid 106033
128 6 tid 106033
365 4 tid 106033
132 tid 106033
Insert  tid 106033
FindTargetPageId rootid 5 tid 106033
target_page_id id: 6 tid 106033
0 1 tid 106033
128 6 tid 106033
365 4 tid 106033
132 tid 106033
Insert  tid 106033
FindTargetPageId rootid 5 tid 106032
target_page_id id: 4 tid 106032
0 1 tid 106032
128 6 tid 106032
365 4 tid 106032
128 tid 106032
Remove  tid 106032
FindTargetPageId rootid 5 tid 106032
target_page_id id: 4 tid 106032
0 1 tid 106032
128 6 tid 106032
365 4 tid 106032
128 tid 106032
Remove  tid 106032
FindTargetPageId rootid 5 tid 106032
target_page_id id: 4 tid 106032
0 1 tid 106032
128 6 tid 106032
365 4 tid 106032
128 tid 106032
Remove  tid 106032
FindTargetPageId rootid 5 tid 106032
target_page_id id: 4 tid 106032
0 1 tid 106032
128 6 tid 106032
365 4 tid 106032
128 tid 106032
Remove  tid 106032
FindTargetPageId rootid 5 tid 106032
target_page_id id: 4 tid 106032
0 1 tid 106032
128 6 tid 106032
365 4 tid 106032
128 tid 106032
Remove  tid 106032
FindTargetPageId rootid 5 tid 106032
target_page_id id: 4 tid 106032
0 1 tid 106032
128 6 tid 106032
365 4 tid 106032
128 tid 106032
Remove  tid 106032
FindTargetPageId rootid 5 tid 106031
target_page_id id: 6 tid 106031
0 1 tid 106031
128 6 tid 106031
365 4 tid 106031
132 tid 106031
Insert  tid 106031
FindTargetPageId rootid 5 tid 106031
target_page_id id: 6 tid 106031
0 1 tid 106031
128 6 tid 106031
365 4 tid 106031
133 tid 106031
Insert  tid 106031
FindTargetPageId rootid 5 tid 106031
target_page_id id: 6 tid 106031
0 1 tid 106031
128 6 tid 106031
365 4 tid 106031
134 tid 106031
Insert  tid 106031
FindTargetPageId rootid 5 tid 106031
target_page_id id: 6 tid 106031
0 1 tid 106031
128 6 tid 106031
365 4 tid 106031
135 tid 106031
Insert  tid 106031
FindTargetPageId rootid 5 tid 106031
target_page_id id: 6 tid 106031
0 1 tid 106031
128 6 tid 106031
365 4 tid 106031
136 tid 106031
Insert  tid 106031
FindTargetPageId rootid 5 tid 106031
target_page_id id: 6 tid 106031
0 1 tid 106031
128 6 tid 106031
365 4 tid 106031
137 tid 106031
Insert  tid 106031
FindTargetPageId rootid 5 tid 106031
target_page_id id: 6 tid 106031
0 1 tid 106031
128 6 tid 106031
365 4 tid 106031
138 tid 106031
Insert  tid 106031
FindTargetPageId rootid 5 tid 106031
target_page_id id: 6 tid 106031
0 1 tid 106031
128 6 tid 106031
365 4 tid 106031
139 tid 106031
Insert  tid 106031
FindTargetPageId rootid 5 tid 106031
target_page_id id: 6 tid 106031
0 1 tid 106031
128 6 tid 106031
365 4 tid 106031
140 tid 106031
Insert  tid 106031
FindTargetPageId rootid 5 tid 106031
target_page_id id: 6 tid 106031
0 1 tid 106031
128 6 tid 106031
365 4 tid 106031
141 tid 106031
Insert  tid 106031
FindTargetPageId rootid 5 tid 106031
target_page_id id: 6 tid 106031
0 1 tid 106031
128 6 tid 106031
365 4 tid 106031
142 tid 106031
Insert  tid 106031
FindTargetPageId rootid 5 tid 106031
target_page_id id: 6 tid 106031
0 1 tid 106031
128 6 tid 106031
365 4 tid 106031
143 tid 106031
Insert  tid 106031
FindTargetPageId rootid 5 tid 106031
target_page_id id: 6 tid 106031
0 1 tid 106031
128 6 tid 106031
365 4 tid 106031
144 tid 106031
Insert  tid 106031
FindTargetPageId rootid 5 tid 106031
target_page_id id: 6 tid 106031
0 1 tid 106031
128 6 tid 106031
365 4 tid 106031
145 tid 106031
Insert  tid 106031
FindTargetPageId rootid 5 tid 106031
target_page_id id: 6 tid 106031
0 1 tid 106031
128 6 tid 106031
365 4 tid 106031
146 tid 106031
Insert  tid 106031
FindTargetPageId rootid 5 tid 106031
target_page_id id: 6 tid 106031
0 1 tid 106031
128 6 tid 106031
365 4 tid 106031
147 tid 106031
Insert  tid 106031
FindTargetPageId rootid 5 tid 106031
target_page_id id: 6 tid 106031
0 1 tid 106031
128 6 tid 106031
365 4 tid 106031
148 tid 106031
Insert  tid 106031
FindTargetPageId rootid 5 tid 106032
target_page_id id: 4 tid 106032
0 1 tid 106032
128 6 tid 106032
365 4 tid 106032
128 tid 106032
Remove  tid 106032
FindTargetPageId rootid 5 tid 106032
target_page_id id: 4 tid 106032
0 1 tid 106032
128 6 tid 106032
365 4 tid 106032
128 tid 106032
Remove  tid 106032
FindTargetPageId rootid 5 tid 106032
target_page_id id: 4 tid 106032
0 1 tid 106032
128 6 tid 106032
365 4 tid 106032
128 tid 106032
Remove  tid 106032
FindTargetPageId rootid 5 tid 106033
target_page_id id: 6 tid 106033
0 1 tid 106033
128 6 tid 106033
365 4 tid 106033
149 tid 106033
Insert  tid 106033
FindTargetPageId rootid 5 tid 106033
target_page_id id: 6 tid 106033
0 1 tid 106033
128 6 tid 106033
365 4 tid 106033
149 tid 106033
Insert  tid 106033
FindTargetPageId rootid 5 tid 106033
target_page_id id: 6 tid 106033
0 1 tid 106033
128 6 tid 106033
365 4 tid 106033
149 tid 106033
Insert  tid 106033
FindTargetPageId rootid 5 tid 106033
target_page_id id: 6 tid 106033
0 1 tid 106033
128 6 tid 106033
365 4 tid 106033
149 tid 106033
Insert  tid 106033
FindTargetPageId rootid 5 tid 106033
target_page_id id: 6 tid 106033
0 1 tid 106033
128 6 tid 106033
365 4 tid 106033
149 tid 106033
Insert  tid 106033
FindTargetPageId rootid 5 tid 106033
target_page_id id: 6 tid 106033
0 1 tid 106033
128 6 tid 106033
365 4 tid 106033
149 tid 106033
Insert  tid 106033
FindTargetPageId rootid 5 tid 106033
target_page_id id: 6 tid 106033
0 1 tid 106033
128 6 tid 106033
365 4 tid 106033
149 tid 106033
Insert  tid 106033
FindTargetPageId rootid 5 tid 106033
target_page_id id: 6 tid 106033
0 1 tid 106033
128 6 tid 106033
365 4 tid 106033
149 tid 106033
Insert  tid 106033
FindTargetPageId rootid 5 tid 106033
target_page_id id: 6 tid 106033
0 1 tid 106033
128 6 tid 106033
365 4 tid 106033
149 tid 106033
Insert  tid 106033
FindTargetPageId rootid 5 tid 106033
target_page_id id: 6 tid 106033
0 1 tid 106033
128 6 tid 106033
365 4 tid 106033
149 tid 106033
Insert  tid 106033
FindTargetPageId rootid 5 tid 106032
target_page_id id: 4 tid 106032
0 1 tid 106032
128 6 tid 106032
365 4 tid 106032
128 tid 106032
Remove  tid 106032
FindTargetPageId rootid 5 tid 106031
target_page_id id: 6 tid 106031
0 1 tid 106031
128 6 tid 106031
365 4 tid 106031
149 tid 106031
Insert  tid 106031
FindTargetPageId rootid 5 tid 106031
target_page_id id: 6 tid 106031
0 1 tid 106031
128 6 tid 106031
365 4 tid 106031
150 tid 106031
Insert  tid 106031
FindTargetPageId rootid 5 tid 106032
target_page_id id: 4 tid 106032
0 1 tid 106032
128 6 tid 106032
365 4 tid 106032
128 tid 106032
Remove  tid 106032
FindTargetPageId rootid 5 tid 106033
target_page_id id: 6 tid 106033
0 1 tid 106033
128 6 tid 106033
365 4 tid 106033
151 tid 106033
FindTargetPageId rootid 5 tid 106031
target_page_id id: 6 tid 106031
0 1 tid 106031
128 6 tid 106031
365 4 tid 106031
151 tid 106031
Insert  tid 106033
Insert  tid 106031
FindTargetPageId rootid 5 tid 106032
target_page_id id: 4 tid 106032
0 1 tid 106032
128 6 tid 106032
365 4 tid 106032
128 tid 106032
Remove  tid 106032
FindTargetPageId rootid 5 tid 106032
target_page_id id: 4 tid 106032
0 1 tid 106032
128 6 tid 106032
365 4 tid 106032
128 tid 106032
Remove  tid 106032
FindTargetPageId rootid 5 tid 106032
target_page_id id: 4 tid 106032
0 1 tid 106032
128 6 tid 106032
365 4 tid 106032
128 tid 106032
Remove  tid 106032
FindTargetPageId rootid 5 tid 106032
target_page_id id: 4 tid 106032
0 1 tid 106032
128 6 tid 106032
365 4 tid 106032
128 tid 106032
Remove  tid 106032
FindTargetPageId rootid 5 tid 106032
target_page_id id: 4 tid 106032
0 1 tid 106032
128 6 tid 106032
365 4 tid 106032
128 tid 106032
Remove  tid 106032
FindTargetPageId rootid 5 tid 106032
target_page_id id: 4 tid 106032
0 1 tid 106032
128 6 tid 106032
365 4 tid 106032
128 tid 106032
Remove  tid 106032
FindTargetPageId rootid 5 tid 106032
target_page_id id: 4 tid 106032
0 1 tid 106032
128 6 tid 106032
365 4 tid 106032
128 tid 106032
FindTargetPageId rootid 5 tid 106031
target_page_id id: 6 tid 106031
0 1 tid 106031
Remove  tid 106032
128 6 tid 106031
365 4 tid 106031
152 tid 106031
Insert  tid 106031
FindTargetPageId rootid 5 tid 106033
target_page_id id: 6 tid 106033
0 1 tid 106033
128 6 tid 106033
365 4 tid 106033
153 tid 106033
Insert  tid 106033
FindTargetPageId rootid 5 tid 106033
target_page_id id: 6 tid 106033
0 1 tid 106033
128 6 tid 106033
365 4 tid 106033
153 tid 106033
Insert  tid 106033
FindTargetPageId rootid 5 tid 106033
target_page_id id: 6 tid 106033
0 1 tid 106033
128 6 tid 106033
365 4 tid 106033
153 tid 106033
Insert  tid 106033
FindTargetPageId rootid 5 tid 106033
target_page_id id: 6 tid 106033
0 1 tid 106033
128 6 tid 106033
365 4 tid 106033
153 tid 106033
Insert  tid 106033
FindTargetPageId rootid 5 tid 106031
target_page_id id: 6 tid 106031
0 1 tid 106031
128 6 tid 106031
365 4 tid 106031
153 tid 106031
Insert  tid 106031
FindTargetPageId rootid 5 tid 106032
target_page_id id: 4 tid 106032
0 1 tid 106032
128 6 tid 106032
365 4 tid 106032
128 tid 106032
Remove  tid 106032
FindTargetPageId rootid 5 tid 106033
target_page_id id: 6 tid 106033
0 1 tid 106033
128 6 tid 106033
365 4 tid 106033
154 tid 106033
Insert  tid 106033
FindTargetPageId rootid 5 tid 106031
target_page_id id: 6 tid 106031
0 1 tid 106031
128 6 tid 106031
365 4 tid 106031
154 tid 106031
Insert  tid 106031
FindTargetPageId rootid 5 tid 106032
target_page_id id: 4 tid 106032
0 1 tid 106032
128 6 tid 106032
365 4 tid 106032
128 tid 106032
Remove  tid 106032
FindTargetPageId rootid 5 tid 106032
target_page_id id: 4 tid 106032
0 1 tid 106032
128 6 tid 106032
365 4 tid 106032
128 tid 106032
Remove  tid 106032
FindTargetPageId rootid 5 tid 106031
target_page_id id: 6 tid 106031
0 1 tid 106031
128 6 tid 106031
365 4 tid 106031
155 tid 106031
Insert  tid 106031
FindTargetPageId rootid 5 tid 106031
target_page_id id: 6 tid 106031
0 1 tid 106031
128 6 tid 106031
365 4 tid 106031
156 tid 106031
Insert  tid 106031
FindTargetPageId rootid 5 tid 106031
target_page_id id: 6 tid 106031
0 1 tid 106031
128 6 tid 106031
365 4 tid 106031
157 tid 106031
Insert  tid 106031
FindTargetPageId rootid 5 tid 106032
target_page_id id: 4 tid 106032
0 1 tid 106032
128 6 tid 106032
365 4 tid 106032
128 tid 106032
Remove  tid 106032
FindTargetPageId rootid 5 tid 106033
target_page_id id: 6 tid 106033
0 1 tid 106033
128 6 tid 106033
365 4 tid 106033
158 tid 106033
Insert  tid 106033
FindTargetPageId rootid 5 tid 106033
target_page_id id: 6 tid 106033
0 1 tid 106033
128 6 tid 106033
365 4 tid 106033
158 tid 106033
Insert  tid 106033
FindTargetPageId rootid 5 tid 106033
target_page_id id: 6 tid 106033
0 1 tid 106033
128 6 tid 106033
365 4 tid 106033
158 tid 106033
Insert  tid 106033
FindTargetPageId rootid 5 tid 106031
target_page_id id: 6 tid 106031
0 1 tid 106031
128 6 tid 106031
365 4 tid 106031
158 tid 106031
Insert  tid 106031
FindTargetPageId rootid 5 tid 106031
target_page_id id: 6 tid 106031
0 1 tid 106031
128 6 tid 106031
365 4 tid 106031
159 tid 106031
Insert  tid 106031
FindTargetPageId rootid 5 tid 106031
target_page_id id: 6 tid 106031
0 1 tid 106031
128 6 tid 106031
365 4 tid 106031
160 tid 106031
Insert  tid 106031
FindTargetPageId rootid 5 tid 106031
target_page_id id: 6 tid 106031
0 1 tid 106031
128 6 tid 106031
365 4 tid 106031
161 tid 106031
Insert  tid 106031
FindTargetPageId rootid 5 tid 106031
target_page_id id: 6 tid 106031
0 1 tid 106031
128 6 tid 106031
365 4 tid 106031
162 tid 106031
Insert  tid 106031
FindTargetPageId rootid 5 tid 106031
target_page_id id: 6 tid 106031
0 1 tid 106031
128 6 tid 106031
365 4 tid 106031
163 tid 106031
Insert  tid 106031
FindTargetPageId rootid 5 tid 106031
target_page_id id: 6 tid 106031
0 1 tid 106031
128 6 tid 106031
365 4 tid 106031
164 tid 106031
Insert  tid 106031
FindTargetPageId rootid 5 tid 106031
target_page_id id: 6 tid 106031
0 1 tid 106031
128 6 tid 106031
365 4 tid 106031
165 tid 106031
Insert  tid 106031
FindTargetPageId rootid 5 tid 106031
target_page_id id: 6 tid 106031
0 1 tid 106031
128 6 tid 106031
365 4 tid 106031
166 tid 106031
Insert  tid 106031
FindTargetPageId rootid 5 tid 106031
target_page_id id: 6 tid 106031
0 1 tid 106031
128 6 tid 106031
365 4 tid 106031
167 tid 106031
Insert  tid 106031
FindTargetPageId rootid 5 tid 106031
target_page_id id: 6 tid 106031
0 1 tid 106031
128 6 tid 106031
365 4 tid 106031
168 tid 106031
Insert  tid 106031
FindTargetPageId rootid 5 tid 106031
target_page_id id: 6 tid 106031
0 1 tid 106031
128 6 tid 106031
365 4 tid 106031
169 tid 106031
Insert  tid 106031
FindTargetPageId rootid 5 tid 106031
target_page_id id: 6 tid 106031
0 1 tid 106031
128 6 tid 106031
365 4 tid 106031
170 tid 106031
Insert  tid 106031
FindTargetPageId rootid 5 tid 106031
target_page_id id: 6 tid 106031
0 1 tid 106031
128 6 tid 106031
365 4 tid 106031
171 tid 106031
Insert  tid 106031
FindTargetPageId rootid 5 tid 106031
target_page_id id: 6 tid 106031
0 1 tid 106031
128 6 tid 106031
365 4 tid 106031
172 tid 106031
Insert  tid 106031
FindTargetPageId rootid 5 tid 106031
target_page_id id: 6 tid 106031
0 1 tid 106031
128 6 tid 106031
365 4 tid 106031
173 tid 106031
Insert  tid 106031
FindTargetPageId rootid 5 tid 106031
target_page_id id: 6 tid 106031
0 1 tid 106031
128 6 tid 106031
365 4 tid 106031
174 tid 106031
Insert  tid 106031
FindTargetPageId rootid 5 tid 106031
target_page_id id: 6 tid 106031
0 1 tid 106031
128 6 tid 106031
365 4 tid 106031
175 tid 106031
Insert  tid 106031
FindTargetPageId rootid 5 tid 106031
target_page_id id: 6 tid 106031
0 1 tid 106031
128 6 tid 106031
365 4 tid 106031
176 tid 106031
Insert  tid 106031
FindTargetPageId rootid 5 tid 106031
target_page_id id: 6 tid 106031
0 1 tid 106031
128 6 tid 106031
365 4 tid 106031
177 tid 106031
Insert  tid 106031
FindTargetPageId rootid 5 tid 106031
target_page_id id: 6 tid 106031
0 1 tid 106031
128 6 tid 106031
365 4 tid 106031
178 tid 106031
Insert  tid 106031
FindTargetPageId rootid 5 tid 106031
target_page_id id: 6 tid 106031
0 1 tid 106031
128 6 tid 106031
365 4 tid 106031
179 tid 106031
Insert  tid 106031
FindTargetPageId rootid 5 tid 106031
target_page_id id: 6 tid 106031
0 1 tid 106031
128 6 tid 106031
365 4 tid 106031
180 tid 106031
Insert  tid 106031
FindTargetPageId rootid 5 tid 106031
target_page_id id: 6 tid 106031
0 1 tid 106031
128 6 tid 106031
365 4 tid 106031
181 tid 106031
Insert  tid 106031
FindTargetPageId rootid 5 tid 106031
target_page_id id: 6 tid 106031
0 1 tid 106031
128 6 tid 106031
365 4 tid 106031
182 tid 106031
Insert  tid 106031
FindTargetPageId rootid 5 tid 106031
target_page_id id: 6 tid 106031
0 1 tid 106031
128 6 tid 106031
365 4 tid 106031
183 tid 106031
Insert  tid 106031
FindTargetPageId rootid 5 tid 106031
target_page_id id: 6 tid 106031
0 1 tid 106031
128 6 tid 106031
365 4 tid 106031
184 tid 106031
Insert  tid 106031
FindTargetPageId rootid 5 tid 106031
target_page_id id: 6 tid 106031
0 1 tid 106031
128 6 tid 106031
365 4 tid 106031
185 tid 106031
Insert  tid 106031
FindTargetPageId rootid 5 tid 106031
target_page_id id: 6 tid 106031
0 1 tid 106031
128 6 tid 106031
365 4 tid 106031
186 tid 106031
Insert  tid 106031
FindTargetPageId rootid 5 tid 106032
target_page_id id: 4 tid 106032
0 1 tid 106032
128 6 tid 106032
365 4 tid 106032
128 tid 106032
Remove  tid 106032
FindTargetPageId rootid 5 tid 106033
target_page_id id: 6 tid 106033
0 1 tid 106033
128 6 tid 106033
365 4 tid 106033
187 tid 106033
Insert  tid 106033
FindTargetPageId rootid 5 tid 106033
target_page_id id: 6 tid 106033
0 1 tid 106033
128 6 tid 106033
365 4 tid 106033
187 tid 106033
Insert  tid 106033
FindTargetPageId rootid 5 tid 106033
target_page_id id: 6 tid 106033
0 1 tid 106033
128 6 tid 106033
365 4 tid 106033
187 tid 106033
Insert  tid 106033
FindTargetPageId rootid 5 tid 106031
target_page_id id: 6 tid 106031
0 1 tid 106031
128 6 tid 106031
365 4 tid 106031
187 tid 106031
Insert  tid 106031
FindTargetPageId rootid 5 tid 106032
target_page_id id: 4 tid 106032
0 1 tid 106032
128 6 tid 106032
365 4 tid 106032
128 tid 106032
Remove  tid 106032
FindTargetPageId rootid 5 tid 106032
target_page_id id: 4 tid 106032
0 1 tid 106032
128 6 tid 106032
365 4 tid 106032
128 tid 106032
Remove  tid 106032
FindTargetPageId rootid 5 tid 106032
target_page_id id: 4 tid 106032
0 1 tid 106032
128 6 tid 106032
365 4 tid 106032
128 tid 106032
Remove  tid 106032
FindTargetPageId rootid 5 tid 106032
target_page_id id: 4 tid 106032
0 1 tid 106032
128 6 tid 106032
365 4 tid 106032
128 tid 106032
Remove  tid 106032
FindTargetPageId rootid 5 tid 106032
target_page_id id: 4 tid 106032
0 1 tid 106032
128 6 tid 106032
365 4 tid 106032
128 tid 106032
Remove  tid 106032
FindTargetPageId rootid 5 tid 106032
target_page_id id: 4 tid 106032
0 1 tid 106032
128 6 tid 106032
365 4 tid 106032
128 tid 106032
Remove  tid 106032
FindTargetPageId rootid 5 tid 106032
target_page_id id: 4 tid 106032
0 1 tid 106032
128 6 tid 106032
365 4 tid 106032
128 tid 106032
Remove  tid 106032
FindTargetPageId rootid 5 tid 106032
target_page_id id: 4 tid 106032
0 1 tid 106032
128 6 tid 106032
365 4 tid 106032
128 tid 106032
Remove  tid 106032
FindTargetPageId rootid 5 tid 106032
target_page_id id: 4 tid 106032
0 1 tid 106032
128 6 tid 106032
365 4 tid 106032
128 tid 106032
Remove  tid 106032
FindTargetPageId rootid 5 tid 106032
target_page_id id: 4 tid 106032
0 1 tid 106032
128 6 tid 106032
365 4 tid 106032
128 tid 106032
Remove  tid 106032
FindTargetPageId rootid 5 tid 106032
target_page_id id: 4 tid 106032
0 1 tid 106032
128 6 tid 106032
365 4 tid 106032
128 tid 106032
Remove  tid 106032
FindTargetPageId rootid 5 tid 106032
target_page_id id: 4 tid 106032
0 1 tid 106032
128 6 tid 106032
365 4 tid 106032
128 tid 106032
Remove  tid 106032
FindTargetPageId rootid 5 tid 106032
target_page_id id: 4 tid 106032
0 1 tid 106032
128 6 tid 106032
365 4 tid 106032
128 tid 106032
Remove  tid 106032
FindTargetPageId rootid 5 tid 106032
target_page_id id: 4 tid 106032
0 1 tid 106032
128 6 tid 106032
365 4 tid 106032
128 tid 106032
Remove  tid 106032
FindTargetPageId rootid 5 tid 106032
target_page_id id: 4 tid 106032
0 1 tid 106032
128 6 tid 106032
365 4 tid 106032
128 tid 106032
Remove  tid 106032
FindTargetPageId rootid 5 tid 106032
target_page_id id: 4 tid 106032
0 1 tid 106032
128 6 tid 106032
365 4 tid 106032
128 tid 106032
Remove  tid 106032
FindTargetPageId rootid 5 tid 106032
target_page_id id: 4 tid 106032
0 1 tid 106032
128 6 tid 106032
365 4 tid 106032
128 tid 106032
Remove  tid 106032
FindTargetPageId rootid 5 tid 106032
target_page_id id: 4 tid 106032
0 1 tid 106032
128 6 tid 106032
365 4 tid 106032
128 tid 106032
Remove  tid 106032
FindTargetPageId rootid 5 tid 106032
target_page_id id: 4 tid 106032
0 1 tid 106032
128 6 tid 106032
365 4 tid 106032
128 tid 106032
Remove  tid 106032
FindTargetPageId rootid 5 tid 106032
target_page_id id: 4 tid 106032
0 1 tid 106032
128 6 tid 106032
365 4 tid 106032
128 tid 106032
Remove  tid 106032
FindTargetPageId rootid 5 tid 106032
target_page_id id: 4 tid 106032
0 1 tid 106032
128 6 tid 106032
365 4 tid 106032
128 tid 106032
Remove  tid 106032
FindTargetPageId rootid 5 tid 106032
target_page_id id: 4 tid 106032
0 1 tid 106032
128 6 tid 106032
365 4 tid 106032
128 tid 106032
Remove  tid 106032
FindTargetPageId rootid 5 tid 106032
target_page_id id: 4 tid 106032
0 1 tid 106032
128 6 tid 106032
365 4 tid 106032
128 tid 106032
Remove  tid 106032
FindTargetPageId rootid 5 tid 106032
target_page_id id: 4 tid 106032
0 1 tid 106032
128 6 tid 106032
365 4 tid 106032
128 tid 106032
Remove  tid 106032
FindTargetPageId rootid 5 tid 106032
target_page_id id: 4 tid 106032
0 1 tid 106032
128 6 tid 106032
365 4 tid 106032
128 tid 106032
Remove  tid 106032
FindTargetPageId rootid 5 tid 106032
target_page_id id: 4 tid 106032
0 1 tid 106032
128 6 tid 106032
365 4 tid 106032
128 tid 106032
Remove  tid 106032
FindTargetPageId rootid 5 tid 106031
target_page_id id: 6 tid 106031
0 1 tid 106031
128 6 tid 106031
365 4 tid 106031
188 tid 106031
Insert  tid 106031
FindTargetPageId rootid 5 tid 106031
target_page_id id: 6 tid 106031
0 1 tid 106031
128 6 tid 106031
365 4 tid 106031
189 tid 106031
Insert  tid 106031
FindTargetPageId rootid 5 tid 106031
target_page_id id: 6 tid 106031
0 1 tid 106031
128 6 tid 106031
365 4 tid 106031
190 tid 106031
FindTargetPageId rootid 5 tid 106032
target_page_id id: 4 tid 106032
0 1 tid 106032
128 6 tid 106032
365 4 tid 106032
128 tid 106032
Remove  tid 106032
Insert  tid 106031
FindTargetPageId rootid 5 tid 106033
target_page_id id: 6 tid 106033
0 1 tid 106033
128 6 tid 106033
365 4 tid 106033
191 tid 106033
Insert  tid 106033
FindTargetPageId rootid 5 tid 106033
target_page_id id: 6 tid 106033
0 1 tid 106033
128 6 tid 106033
365 4 tid 106033
191 tid 106033
Insert  tid 106033
FindTargetPageId rootid 5 tid 106032
target_page_id id: 4 tid 106032
0 1 tid 106032
128 6 tid 106032
365 4 tid 106032
128 tid 106032
Remove  tid 106032
FindTargetPageId rootid 5 tid 106031
target_page_id id: 6 tid 106031
0 1 tid 106031
128 6 tid 106031
365 4 tid 106031
191 tid 106031
Insert  tid 106031
FindTargetPageId rootid 5 tid 106031
target_page_id id: 6 tid 106031
0 1 tid 106031
128 6 tid 106031
365 4 tid 106031
192 tid 106031
Insert  tid 106031
FindTargetPageId rootid 5 tid 106031
target_page_id id: 6 tid 106031
0 1 tid 106031
128 6 tid 106031
365 4 tid 106031
193 tid 106031
Insert  tid 106031
FindTargetPageId rootid 5 tid 106031
target_page_id id: 6 tid 106031
0 1 tid 106031
128 6 tid 106031
365 4 tid 106031
194 tid 106031
Insert  tid 106031
FindTargetPageId rootid 5 tid 106031
target_page_id id: 6 tid 106031
0 1 tid 106031
128 6 tid 106031
365 4 tid 106031
195 tid 106031
Insert  tid 106031
FindTargetPageId rootid 5 tid 106031
target_page_id id: 6 tid 106031
0 1 tid 106031
128 6 tid 106031
365 4 tid 106031
196 tid 106031
Insert  tid 106031
FindTargetPageId rootid 5 tid 106031
target_page_id id: 6 tid 106031
0 1 tid 106031
128 6 tid 106031
365 4 tid 106031
197 tid 106031
Insert  tid 106031
FindTargetPageId rootid 5 tid 106031
target_page_id id: 6 tid 106031
0 1 tid 106031
128 6 tid 106031
365 4 tid 106031
198 tid 106031
Insert  tid 106031
FindTargetPageId rootid 5 tid 106031
target_page_id id: 6 tid 106031
0 1 tid 106031
128 6 tid 106031
365 4 tid 106031
199 tid 106031
FindTargetPageId rootid 5 tid 106032
target_page_id id: 4 tid 106032
0 1 tid 106032
128 6 tid 106032
365 4 tid 106032
128 tid 106032
Remove  tid 106032
FindTargetPageId rootid 5 tid 106032
target_page_id id: 4 tid 106032
0 1 tid 106032
128 6 tid 106032
365 4 tid 106032
128 tid 106032
Remove  tid 106032
FindTargetPageId rootid 5 tid 106032
target_page_id id: 4 tid 106032
0 1 tid 106032
128 6 tid 106032
365 4 tid 106032
Insert  tid 106031
128 tid 106032
Remove  tid 106032
FindTargetPageId rootid 5 tid 106032
target_page_id id: 4 tid 106032
0 1 tid 106032
128 6 tid 106032
365 4 tid 106032
128 tid 106032
Remove  tid 106032
FindTargetPageId rootid 5 tid 106032
target_page_id id: 4 tid 106032
0 1 tid 106032
128 6 tid 106032
365 4 tid 106032
128 tid 106032
Remove  tid 106032
FindTargetPageId rootid 5 tid 106032
target_page_id id: 4 tid 106032
0 1 tid 106032
128 6 tid 106032
365 4 tid 106032
128 tid 106032
Remove  tid 106032
FindTargetPageId rootid 5 tid 106031
target_page_id id: 6 tid 106031
0 1 tid 106031
128 6 tid 106031
365 4 tid 106031
200 tid 106031
Insert  tid 106031
FindTargetPageId rootid 5 tid 106033
target_page_id id: 6 tid 106033
0 1 tid 106033
128 6 tid 106033
365 4 tid 106033
201 tid 106033
Insert  tid 106033
FindTargetPageId rootid 5 tid 106033
target_page_id id: 6 tid 106033
0 1 tid 106033
128 6 tid 106033
365 4 tid 106033
201 tid 106033
Insert  tid 106033
FindTargetPageId rootid 5 tid 106033
target_page_id id: 6 tid 106033
0 1 tid 106033
128 6 tid 106033
365 4 tid 106033
201 tid 106033
Insert  tid 106033
FindTargetPageId rootid 5 tid 106033
target_page_id id: 6 tid 106033
0 1 tid 106033
128 6 tid 106033
365 4 tid 106033
201 tid 106033
Insert  tid 106033
FindTargetPageId rootid 5 tid 106033
target_page_id id: 6 tid 106033
0 1 tid 106033
128 6 tid 106033
365 4 tid 106033
201 tid 106033
Insert  tid 106033
FindTargetPageId rootid 5 tid 106033
target_page_id id: 6 tid 106033
0 1 tid 106033
128 6 tid 106033
365 4 tid 106033
201 tid 106033
Insert  tid 106033
FindTargetPageId rootid 5 tid 106033
target_page_id id: 6 tid 106033
0 1 tid 106033
128 6 tid 106033
365 4 tid 106033
201 tid 106033
Insert  tid 106033
FindTargetPageId rootid 5 tid 106033
target_page_id id: 6 tid 106033
0 1 tid 106033
128 6 tid 106033
365 4 tid 106033
201 tid 106033
Insert  tid 106033
FindTargetPageId rootid 5 tid 106033
target_page_id id: 6 tid 106033
0 1 tid 106033
128 6 tid 106033
365 4 tid 106033
201 tid 106033
Insert  tid 106033
FindTargetPageId rootid 5 tid 106033
target_page_id id: 6 tid 106033
0 1 tid 106033
128 6 tid 106033
365 4 tid 106033
201 tid 106033
Insert  tid 106033
FindTargetPageId rootid 5 tid 106033
target_page_id id: 6 tid 106033
0 1 tid 106033
128 6 tid 106033
365 4 tid 106033
201 tid 106033
Insert  tid 106033
FindTargetPageId rootid 5 tid 106033
target_page_id id: 6 tid 106033
0 1 tid 106033
128 6 tid 106033
365 4 tid 106033
201 tid 106033
Insert  tid 106033
FindTargetPageId rootid 5 tid 106033
target_page_id id: 6 tid 106033
0 1 tid 106033
128 6 tid 106033
365 4 tid 106033
201 tid 106033
Insert  tid 106033
FindTargetPageId rootid 5 tid 106033
target_page_id id: 6 tid 106033
0 1 tid 106033
128 6 tid 106033
365 4 tid 106033
201 tid 106033
Insert  tid 106033
FindTargetPageId rootid 5 tid 106031
target_page_id id: 6 tid 106031
0 1 tid 106031
128 6 tid 106031
365 4 tid 106031
201 tid 106031
Insert  tid 106031
FindTargetPageId rootid 5 tid 106032
target_page_id id: 4 tid 106032
0 1 tid 106032
128 6 tid 106032
365 4 tid 106032
128 tid 106032
Remove  tid 106032
FindTargetPageId rootid 5 tid 106032
target_page_id id: 4 tid 106032
0 1 tid 106032
128 6 tid 106032
365 4 tid 106032
128 tid 106032
Remove  tid 106032
FindTargetPageId rootid 5 tid 106032
target_page_id id: 4 tid 106032
0 1 tid 106032
128 6 tid 106032
365 4 tid 106032
128 tid 106032
Remove  tid 106032
FindTargetPageId rootid 5 tid 106033
target_page_id id: 6 tid 106033
0 1 tid 106033
128 6 tid 106033
365 4 tid 106033
202 tid 106033
Insert  tid 106033
FindTargetPageId rootid 5 tid 106033
target_page_id id: 6 tid 106033
0 1 tid 106033
128 6 tid 106033
365 4 tid 106033
202 tid 106033
Insert  tid 106033
FindTargetPageId rootid 5 tid 106033
target_page_id id: 6 tid 106033
0 1 tid 106033
128 6 tid 106033
365 4 tid 106033
202 tid 106033
Insert  tid 106033
FindTargetPageId rootid 5 tid 106033
target_page_id id: 6 tid 106033
0 1 tid 106033
128 6 tid 106033
365 4 tid 106033
202 tid 106033
FindTargetPageId rootid 5 tid 106031
target_page_id id: 6 tid 106031
0 1 tid 106031
128 6 tid 106031
365 4 tid 106031
202 tid 106031
Insert  tid 106031
FindTargetPageId rootid 5 tid 106031
target_page_id id: 6 tid 106031
0 1 tid 106031
Insert  tid 106033
128 6 tid 106031
365 4 tid 106031
203 tid 106031
Insert  tid 106031
FindTargetPageId rootid 5 tid 106031
target_page_id id: 6 tid 106031
0 1 tid 106031
128 6 tid 106031
365 4 tid 106031
204 tid 106031
Insert  tid 106031
FindTargetPageId rootid 5 tid 106031
target_page_id id: 6 tid 106031
0 1 tid 106031
128 6 tid 106031
365 4 tid 106031
205 tid 106031
Insert  tid 106031
FindTargetPageId rootid 5 tid 106033
target_page_id id: 6 tid 106033
0 1 tid 106033
128 6 tid 106033
365 4 tid 106033
206 tid 106033
Insert  tid 106033
FindTargetPageId rootid 5 tid 106032
target_page_id id: 4 tid 106032
0 1 tid 106032
128 6 tid 106032
365 4 tid 106032
128 tid 106032
Remove  tid 106032
FindTargetPageId rootid 5 tid 106032
target_page_id id: 4 tid 106032
0 1 tid 106032
128 6 tid 106032
365 4 tid 106032
128 tid 106032
Remove  tid 106032
FindTargetPageId rootid 5 tid 106031
target_page_id id: 6 tid 106031
0 1 tid 106031
128 6 tid 106031
365 4 tid 106031
206 tid 106031
Insert  tid 106031
FindTargetPageId rootid 5 tid 106031
target_page_id id: 6 tid 106031
0 1 tid 106031
128 6 tid 106031
365 4 tid 106031
207 tid 106031
Insert  tid 106031
FindTargetPageId rootid 5 tid 106031
target_page_id id: 6 tid 106031
0 1 tid 106031
128 6 tid 106031
365 4 tid 106031
208 tid 106031
Insert  tid 106031
FindTargetPageId rootid 5 tid 106031
target_page_id id: 6 tid 106031
0 1 tid 106031
128 6 tid 106031
365 4 tid 106031
209 tid 106031
Insert  tid 106031
FindTargetPageId rootid 5 tid 106031
target_page_id id: 6 tid 106031
0 1 tid 106031
128 6 tid 106031
365 4 tid 106031
210 tid 106031
Insert  tid 106031
FindTargetPageId rootid 5 tid 106031
target_page_id id: 6 tid 106031
0 1 tid 106031
128 6 tid 106031
365 4 tid 106031
211 tid 106031
Insert  tid 106031
FindTargetPageId rootid 5 tid 106031
target_page_id id: 6 tid 106031
0 1 tid 106031
128 6 tid 106031
365 4 tid 106031
212 tid 106031
Insert  tid 106031
FindTargetPageId rootid 5 tid 106031
target_page_id id: 6 tid 106031
0 1 tid 106031
128 6 tid 106031
365 4 tid 106031
213 tid 106031
Insert  tid 106031
FindTargetPageId rootid 5 tid 106031
target_page_id id: 6 tid 106031
0 1 tid 106031
128 6 tid 106031
365 4 tid 106031
214 tid 106031
Insert  tid 106031
FindTargetPageId rootid 5 tid 106031
target_page_id id: 6 tid 106031
0 1 tid 106031
128 6 tid 106031
365 4 tid 106031
215 tid 106031
Insert  tid 106031
FindTargetPageId rootid 5 tid 106031
target_page_id id: 6 tid 106031
0 1 tid 106031
128 6 tid 106031
365 4 tid 106031
216 tid 106031
Insert  tid 106031
FindTargetPageId rootid 5 tid 106031
target_page_id id: 6 tid 106031
0 1 tid 106031
128 6 tid 106031
365 4 tid 106031
217 tid 106031
Insert  tid 106031
FindTargetPageId rootid 5 tid 106031
target_page_id id: 6 tid 106031
0 1 tid 106031
128 6 tid 106031
365 4 tid 106031
218 tid 106031
Insert  tid 106031
FindTargetPageId rootid 5 tid 106033
target_page_id id: 6 tid 106033
0 1 tid 106033
128 6 tid 106033
365 4 tid 106033
219 tid 106033
Insert  tid 106033
FindTargetPageId rootid 5 tid 106032
target_page_id id: 4 tid 106032
0 1 tid 106032
128 6 tid 106032
365 4 tid 106032
128 tid 106032
Remove  tid 106032
FindTargetPageId rootid 5 tid 106031
target_page_id id: 6 tid 106031
0 1 tid 106031
128 6 tid 106031
365 4 tid 106031
219 tid 106031
Insert  tid 106031
FindTargetPageId rootid 5 tid 106032
target_page_id id: 4 tid 106032
0 1 tid 106032
128 6 tid 106032
365 4 tid 106032
128 tid 106032
Remove  tid 106032
FindTargetPageId rootid 5 tid 106033
target_page_id id: 6 tid 106033
0 1 tid 106033
128 6 tid 106033
365 4 tid 106033
220 tid 106033
Insert  tid 106033
FindTargetPageId rootid 5 tid 106031
target_page_id id: 6 tid 106031
0 1 tid 106031
128 6 tid 106031
365 4 tid 106031
220 tid 106031
Insert  tid 106031
FindTargetPageId rootid 5 tid 106032
target_page_id id: 4 tid 106032
0 1 tid 106032
128 6 tid 106032
365 4 tid 106032
128 tid 106032
Remove  tid 106032
FindTargetPageId rootid 5 tid 106032
target_page_id id: 4 tid 106032
0 1 tid 106032
128 6 tid 106032
365 4 tid 106032
128 tid 106032
FindTargetPageId rootid 5 tid 106031
target_page_id id: 6 tid 106031
0 1 tid 106031
128 6 tid 106031
365 4 tid 106031
Remove  tid 106032
221 tid 106031
Insert  tid 106031
FindTargetPageId rootid 5 tid 106033
target_page_id id: 6 tid 106033
0 1 tid 106033
128 6 tid 106033
365 4 tid 106033
222 tid 106033
Insert  tid 106033
FindTargetPageId rootid 5 tid 106033
target_page_id id: 6 tid 106033
0 1 tid 106033
128 6 tid 106033
365 4 tid 106033
222 tid 106033
Insert  tid 106033
FindTargetPageId rootid 5 tid 106033
target_page_id id: 6 tid 106033
0 1 tid 106033
128 6 tid 106033
365 4 tid 106033
222 tid 106033
Insert  tid 106033
FindTargetPageId rootid 5 tid 106033
target_page_id id: 6 tid 106033
0 1 tid 106033
128 6 tid 106033
365 4 tid 106033
222 tid 106033
Insert  tid 106033
FindTargetPageId rootid 5 tid 106033
target_page_id id: 6 tid 106033
0 1 tid 106033
128 6 tid 106033
365 4 tid 106033
222 tid 106033
Insert  tid 106033
FindTargetPageId rootid 5 tid 106033
target_page_id id: 6 tid 106033
0 1 tid 106033
128 6 tid 106033
365 4 tid 106033
222 tid 106033
Insert  tid 106033
FindTargetPageId rootid 5 tid 106032
target_page_id id: 4 tid 106032
0 1 tid 106032
128 6 tid 106032
365 4 tid 106032
128 tid 106032
Remove  tid 106032
FindTargetPageId rootid 5 tid 106032
target_page_id id: 4 tid 106032
0 1 tid 106032
128 6 tid 106032
365 4 tid 106032
128 tid 106032
Remove  tid 106032
FindTargetPageId rootid 5 tid 106032
target_page_id id: 4 tid 106032
0 1 tid 106032
128 6 tid 106032
365 4 tid 106032
128 tid 106032
Remove  tid 106032
FindTargetPageId rootid 5 tid 106032
target_page_id id: 4 tid 106032
0 1 tid 106032
128 6 tid 106032
365 4 tid 106032
128 tid 106032
Remove  tid 106032
FindTargetPageId rootid 5 tid 106032
target_page_id id: 4 tid 106032
0 1 tid 106032
128 6 tid 106032
365 4 tid 106032
128 tid 106032
Remove  tid 106032
FindTargetPageId rootid 5 tid 106032
target_page_id id: 4 tid 106032
0 1 tid 106032
128 6 tid 106032
365 4 tid 106032
128 tid 106032
Remove  tid 106032
FindTargetPageId rootid 5 tid 106032
target_page_id id: 4 tid 106032
0 1 tid 106032
128 6 tid 106032
365 4 tid 106032
128 tid 106032
Remove  tid 106032
FindTargetPageId rootid 5 tid 106031
target_page_id id: 6 tid 106031
0 1 tid 106031
128 6 tid 106031
365 4 tid 106031
222 tid 106031
Insert  tid 106031
FindTargetPageId rootid 5 tid 106031
target_page_id id: 6 tid 106031
0 1 tid 106031
128 6 tid 106031
365 4 tid 106031
223 tid 106031
Insert  tid 106031
FindTargetPageId rootid 5 tid 106032
target_page_id id: 4 tid 106032
0 1 tid 106032
128 6 tid 106032
365 4 tid 106032
128 tid 106032
Remove  tid 106032
FindTargetPageId rootid 5 tid 106033
target_page_id id: 6 tid 106033
0 1 tid 106033
128 6 tid 106033
365 4 tid 106033
224 tid 106033
Insert  tid 106033
FindTargetPageId rootid 5 tid 106031
target_page_id id: 6 tid 106031
0 1 tid 106031
128 6 tid 106031
365 4 tid 106031
224 tid 106031
Insert  tid 106031
FindTargetPageId rootid 5 tid 106032
target_page_id id: 4 tid 106032
0 1 tid 106032
128 6 tid 106032
365 4 tid 106032
128 tid 106032
Remove  tid 106032
FindTargetPageId rootid 5 tid 106033
target_page_id id: 6 tid 106033
0 1 tid 106033
128 6 tid 106033
365 4 tid 106033
225 tid 106033
Insert  tid 106033
FindTargetPageId rootid 5 tid 106031
target_page_id id: 6 tid 106031
0 1 tid 106031
128 6 tid 106031
365 4 tid 106031
225 tid 106031
Insert  tid 106031
FindTargetPageId rootid 5 tid 106031
target_page_id id: 6 tid 106031
0 1 tid 106031
128 6 tid 106031
365 4 tid 106031
226 tid 106031
Insert  tid 106031
FindTargetPageId rootid 5 tid 106033
target_page_id id: 6 tid 106033
0 1 tid 106033
128 6 tid 106033
365 4 tid 106033
227 tid 106033
FindTargetPageId rootid 5 tid 106032
target_page_id id: 4 tid 106032
0 1 tid 106032
128 6 tid 106032
365 4 tid 106032
128 tid 106032
Insert  tid 106033
FindTargetPageId rootid 5 tid 106031
target_page_id id: 6 tid 106031
0 1 tid 106031
128 6 tid 106031
365 4 tid 106031
227 tid 106031
Remove  tid 106032
FindTargetPageId rootid 5 tid 106033
target_page_id id: 6 tid 106033
0 1 tid 106033
128 6 tid 106033
365 4 tid 106033
228 tid 106033
Insert  tid 106031
Insert  tid FindTargetPageId rootid 5 tid 106031
target_page_id id: 6 tid 106031
0 1 tid 106031
128 6 tid 106031
365 4 tid 106031
228 tid 106031
106033
Insert  tid 106031
FindTargetPageId rootid 5 tid 106032
target_page_id id: 4 tid 106032
0 1 tid 106032
128 6 tid 106032
365 4 tid 106032
128 tid 106032
Remove  tid 106032
FindTargetPageId rootid 5 tid 106033
target_page_id id: 6 tid 106033
0 1 tid 106033
128 6 tid 106033
365 4 tid 106033
229 tid 106033
Insert  tid 106033
FindTargetPageId rootid 5 tid 106031
target_page_id id: 6 tid 106031
0 1 tid 106031
128 6 tid 106031
365 4 tid 106031
229 tid 106031
Insert  tid 106031
FindTargetPageId rootid 5 tid 106032
target_page_id id: 4 tid 106032
0 1 tid 106032
128 6 tid 106032
365 4 tid 106032
128 tid 106032
Remove  tid 106032
FindTargetPageId rootid 5 tid 106032
target_page_id id: 4 tid 106032
0 1 tid 106032
128 6 tid 106032
365 4 tid 106032
128 tid 106032
Remove  tid 106032
FindTargetPageId rootid 5 tid 106032
target_page_id id: 4 tid 106032
0 1 tid 106032
128 6 tid 106032
365 4 tid 106032
128 tid 106032
Remove  tid 106032
FindTargetPageId rootid 5 tid 106032
target_page_id id: 4 tid 106032
0 1 tid 106032
128 6 tid 106032
365 4 tid 106032
128 tid 106032
Remove  tid 106032
FindTargetPageId rootid 5 tid 106032
target_page_id id: 4 tid 106032
0 1 tid 106032
128 6 tid 106032
365 4 tid 106032
128 tid 106032
Remove  tid 106032
FindTargetPageId rootid 5 tid 106032
target_page_id id: 4 tid 106032
0 1 tid 106032
128 6 tid 106032
365 4 tid 106032
128 tid 106032
Remove  tid 106032
FindTargetPageId rootid 5 tid 106033
target_page_id id: 6 tid 106033
0 1 tid 106033
128 6 tid 106033
365 4 tid 106033
230 tid 106033
Insert  tid 106033
FindTargetPageId rootid 5 tid 106033
target_page_id id: 6 tid 106033
0 1 tid 106033
128 6 tid 106033
365 4 tid 106033
230 tid 106033
Insert  tid 106033
FindTargetPageId rootid 5 tid 106033
target_page_id id: 6 tid 106033
0 1 tid 106033
128 6 tid 106033
365 4 tid 106033
230 tid 106033
Insert  tid 106033
FindTargetPageId rootid 5 tid 106033
target_page_id id: 6 tid 106033
0 1 tid 106033
128 6 tid 106033
365 4 tid 106033
230 tid 106033
Insert  tid 106033
FindTargetPageId rootid 5 tid 106033
target_page_id id: 6 tid 106033
0 1 tid 106033
128 6 tid 106033
365 4 tid 106033
230 tid 106033
Insert  tid 106033
FindTargetPageId rootid 5 tid 106033
target_page_id id: 6 tid 106033
0 1 tid 106033
128 6 tid 106033
365 4 tid 106033
230 tid 106033
Insert  tid 106033
FindTargetPageId rootid 5 tid 106033
target_page_id id: 6 tid 106033
0 1 tid 106033
128 6 tid 106033
365 4 tid 106033
230 tid 106033
Insert  tid 106033
FindTargetPageId rootid 5 tid 106031
target_page_id id: 6 tid 106031
0 1 tid 106031
128 6 tid 106031
365 4 tid 106031
230 tid 106031
Insert  tid 106031
FindTargetPageId rootid 5 tid 106031
target_page_id id: 6 tid 106031
0 1 tid 106031
128 6 tid 106031
365 4 tid 106031
231 tid 106031
Insert  tid 106031
FindTargetPageId rootid 5 tid 106031
target_page_id id: 6 tid 106031
0 1 tid 106031
128 6 tid 106031
365 4 tid 106031
232 tid 106031
Insert  tid 106031
FindTargetPageId rootid 5 tid 106031
target_page_id id: 6 tid 106031
0 1 tid 106031
128 6 tid 106031
365 4 tid 106031
233 tid 106031
Insert  tid 106031
FindTargetPageId rootid 5 tid 106031
target_page_id id: 6 tid 106031
0 1 tid 106031
128 6 tid 106031
365 4 tid 106031
234 tid 106031
Insert  tid 106031
FindTargetPageId rootid 5 tid 106032
target_page_id id: 4 tid 106032
0 1 tid 106032
128 6 tid 106032
365 4 tid 106032
128 tid 106032
Remove  tid 106032
FindTargetPageId rootid 5 tid 106033
target_page_id id: 6 tid 106033
0 1 tid 106033
128 6 tid 106033
365 4 tid 106033
235 tid 106033
Insert  tid 106033
FindTargetPageId rootid 5 tid 106033
target_page_id id: 6 tid 106033
0 1 tid 106033
128 6 tid 106033
365 4 tid 106033
235 tid 106033
Insert  tid 106033
FindTargetPageId rootid 5 tid 106033
target_page_id id: 6 tid 106033
0 1 tid 106033
128 6 tid 106033
365 4 tid 106033
235 tid 106033
Insert  tid 106033
FindTargetPageId rootid 5 tid 106033
target_page_id id: 6 tid 106033
0 1 tid 106033
128 6 tid 106033
365 4 tid 106033
235 tid 106033
Insert  tid 106033
FindTargetPageId rootid 5 tid 106033
target_page_id id: 6 tid 106033
0 1 tid 106033
128 6 tid 106033
365 4 tid 106033
235 tid 106033
Insert  tid 106033
FindTargetPageId rootid 5 tid 106033
target_page_id id: 6 tid 106033
0 1 tid 106033
128 6 tid 106033
365 4 tid 106033
235 tid 106033
Insert  tid 106033
FindTargetPageId rootid 5 tid 106033
target_page_id id: 6 tid 106033
0 1 tid 106033
128 6 tid 106033
365 4 tid 106033
235 tid 106033
Insert  tid 106033
FindTargetPageId rootid 5 tid 106033
target_page_id id: 6 tid 106033
0 1 tid 106033
128 6 tid 106033
365 4 tid 106033
235 tid 106033
Insert  tid 106033
FindTargetPageId rootid 5 tid 106033
target_page_id id: 6 tid 106033
0 1 tid 106033
128 6 tid 106033
365 4 tid 106033
235 tid 106033
Insert  tid 106033
FindTargetPageId rootid 5 tid 106033
target_page_id id: 6 tid 106033
0 1 tid 106033
128 6 tid 106033
365 4 tid 106033
235 tid 106033
Insert  tid 106033
FindTargetPageId rootid 5 tid 106033
target_page_id id: 6 tid 106033
0 1 tid 106033
128 6 tid 106033
365 4 tid 106033
235 tid 106033
Insert  tid 106033
FindTargetPageId rootid 5 tid 106033
target_page_id id: 6 tid 106033
0 1 tid 106033
128 6 tid 106033
365 4 tid 106033
235 tid 106033
Insert  tid 106033
FindTargetPageId rootid 5 tid 106033
target_page_id id: 6 tid 106033
0 1 tid 106033
128 6 tid 106033
365 4 tid 106033
235 tid 106033
Insert  tid 106033
FindTargetPageId rootid 5 tid 106033
target_page_id id: 6 tid 106033
0 1 tid 106033
128 6 tid 106033
365 4 tid 106033
235 tid 106033
Insert  tid 106033
FindTargetPageId rootid 5 tid 106033
target_page_id id: 6 tid 106033
0 1 tid 106033
128 6 tid 106033
365 4 tid 106033
235 tid 106033
Insert  tid 106033
FindTargetPageId rootid 5 tid 106033
target_page_id id: 6 tid 106033
0 1 tid 106033
128 6 tid 106033
365 4 tid 106033
235 tid 106033
Insert  tid 106033
FindTargetPageId rootid 5 tid 106032
target_page_id id: 4 tid 106032
0 1 tid 106032
128 6 tid 106032
365 4 tid 106032
128 tid 106032
Remove  tid 106032
FindTargetPageId rootid 5 tid 106031
target_page_id id: 6 tid 106031
0 1 tid 106031
128 6 tid 106031
365 4 tid 106031
235 tid 106031
Insert  tid 106031
FindTargetPageId rootid 5 tid 106031
target_page_id id: 6 tid 106031
0 1 tid 106031
128 6 tid 106031
365 4 tid 106031
236 tid 106031
Insert  tid 106031
FindTargetPageId rootid 5 tid 106031
target_page_id id: 4 tid 106031
0 1 tid 106031
128 6 tid 106031
365 4 tid 106031
128 tid 106031
Insert  tid 106031
FindTargetPageId rootid 5 tid 106031
target_page_id id: 4 tid 106031
0 1 tid 106031
128 6 tid 106031
365 4 tid 106031
129 tid 106031
Insert  tid 106031
FindTargetPageId rootid 5 tid 106031
target_page_id id: 4 tid 106031
0 1 tid 106031
128 6 tid 106031
365 4 tid 106031
130 tid 106031
Insert  tid 106031
FindTargetPageId rootid 5 tid 106031
target_page_id id: 4 tid 106031
0 1 tid 106031
128 6 tid 106031
365 4 tid 106031
131 tid 106031
Insert  tid 106031
FindTargetPageId rootid 5 tid 106031
target_page_id id: 4 tid 106031
0 1 tid 106031
128 6 tid 106031
365 4 tid 106031
132 tid 106031
Insert  tid 106031
FindTargetPageId rootid 5 tid 106031
target_page_id id: 4 tid 106031
0 1 tid 106031
128 6 tid 106031
365 4 tid 106031
133 tid 106031
Insert  tid 106031
FindTargetPageId rootid 5 tid 106031
target_page_id id: 4 tid 106031
0 1 tid 106031
128 6 tid 106031
365 4 tid 106031
134 tid 106031
Insert  tid 106031
FindTargetPageId rootid 5 tid 106031
target_page_id id: 4 tid 106031
0 1 tid 106031
128 6 tid 106031
365 4 tid 106031
135 tid 106031
Insert  tid 106031
FindTargetPageId rootid 5 tid 106031
target_page_id id: 4 tid 106031
0 1 tid 106031
128 6 tid 106031
365 4 tid 106031
136 tid 106031
Insert  tid 106031
FindTargetPageId rootid 5 tid 106031
target_page_id id: 4 tid 106031
0 1 tid 106031
128 6 tid 106031
365 4 tid 106031
137 tid 106031
Insert  tid 106031
FindTargetPageId rootid 5 tid 106031
target_page_id id: 4 tid 106031
0 1 tid 106031
128 6 tid 106031
365 4 tid 106031
138 tid 106031
Insert  tid 106031
FindTargetPageId rootid 5 tid 106031
target_page_id id: 4 tid 106031
0 1 tid 106031
128 6 tid 106031
365 4 tid 106031
139 tid 106031
Insert  tid 106031
FindTargetPageId rootid 5 tid 106031
target_page_id id: 4 tid 106031
0 1 tid 106031
128 6 tid 106031
365 4 tid 106031
140 tid 106031
Insert  tid 106031
FindTargetPageId rootid 5 tid 106032
target_page_id id: 4 tid 106032
0 1 tid 106032
128 6 tid 106032
365 4 tid 106032
141 tid 106032
FindTargetPageId rootid 5 tid 106033
target_page_id id: 6 tid 106033
0 1 tid 106033
128 6 tid 106033
365 4 tid 106033
Remove  tid 106032
237 tid 106033
Insert  tid 106033
FindTargetPageId rootid 5 tid 106033
target_page_id id: 6 tid 106033
0 1 tid 106033
128 6 tid 106033
365 4 tid 106033
237 tid 106033
Insert  tid 106033
FindTargetPageId rootid 5 tid 106032
target_page_id id: 4 tid 106032
0 1 tid 106032
128 6 tid 106032
365 4 tid 106032
141 tid 106032
Remove  tid 106032
FindTargetPageId rootid 5 tid 106031
target_page_id id: 4 tid 106031
0 1 tid 106031
128 6 tid 106031
365 4 tid 106031
141 tid 106031
Insert  tid 106031
FindTargetPageId rootid 5 tid 106033
target_page_id id: 6 tid 106033
0 1 tid 106033
128 6 tid 106033
365 4 tid 106033
237 tid 106033
Insert  tid 106033
FindTargetPageId rootid 5 tid 106033
target_page_id id: 6 tid 106033
0 1 tid 106033
128 6 tid 106033
365 4 tid 106033
237 tid 106033
Insert  tid 106033
FindTargetPageId rootid 5 tid 106033
target_page_id id: 6 tid 106033
0 1 tid 106033
128 6 tid 106033
365 4 tid 106033
237 tid 106033
Insert  tid 106033
FindTargetPageId rootid 5 tid 106033
target_page_id id: 6 tid 106033
0 1 tid 106033
128 6 tid 106033
365 4 tid 106033
237 tid 106033
Insert  tid 106033
FindTargetPageId rootid 5 tid 106031
target_page_id id: 4 tid 106031
0 1 tid 106031
128 6 tid 106031
365 4 tid 106031
142 tid 106031
Insert  tid 106031
FindTargetPageId rootid 5 tid 106031
target_page_id id: 4 tid 106031
0 1 tid 106031
128 6 tid 106031
365 4 tid 106031
143 tid 106031
Insert  tid 106031
FindTargetPageId rootid 5 tid 106031
target_page_id id: 4 tid 106031
0 1 tid 106031
128 6 tid 106031
365 4 tid 106031
144 tid 106031
Insert  tid 106031
FindTargetPageId rootid 5 tid 106031
target_page_id id: 4 tid 106031
0 1 tid 106031
128 6 tid 106031
365 4 tid 106031
145 tid 106031
Insert  tid 106031
FindTargetPageId rootid 5 tid 106031
target_page_id id: 4 tid 106031
0 1 tid 106031
128 6 tid 106031
365 4 tid 106031
146 tid 106031
Insert  tid 106031
FindTargetPageId rootid 5 tid 106031
target_page_id id: 4 tid 106031
0 1 tid 106031
128 6 tid 106031
365 4 tid 106031
147 tid 106031
Insert  tid 106031
FindTargetPageId rootid 5 tid 106031
target_page_id id: 4 tid 106031
0 1 tid 106031
128 6 tid 106031
365 4 tid 106031
148 tid 106031
Insert  tid 106031
FindTargetPageId rootid 5 tid 106031
target_page_id id: 4 tid 106031
0 1 tid 106031
128 6 tid 106031
365 4 tid 106031
149 tid 106031
Insert  tid 106031
FindTargetPageId rootid 5 tid 106031
target_page_id id: 4 tid 106031
0 1 tid 106031
128 6 tid 106031
365 4 tid 106031
150 tid 106031
Insert  tid 106031
FindTargetPageId rootid 5 tid 106031
target_page_id id: 4 tid 106031
0 1 tid 106031
128 6 tid 106031
365 4 tid 106031
151 tid 106031
Insert  tid 106031
FindTargetPageId rootid 5 tid 106031
target_page_id id: 4 tid 106031
0 1 tid 106031
128 6 tid 106031
365 4 tid 106031
152 tid 106031
Insert  tid 106031
FindTargetPageId rootid 5 tid 106031
target_page_id id: 4 tid 106031
0 1 tid 106031
128 6 tid 106031
365 4 tid 106031
153 tid 106031
Insert  tid 106031
FindTargetPageId rootid 5 tid 106032
target_page_id id: 4 tid 106032
0 1 tid 106032
128 6 tid 106032
365 4 tid 106032
154 tid 106032
Remove  tid 106032
FindTargetPageId rootid 5 tid 106032
target_page_id id: 4 tid 106032
0 1 tid 106032
128 6 tid 106032
365 4 tid 106032
154 tid 106032
Remove  tid 106032
FindTargetPageId rootid 5 tid 106032
target_page_id id: 4 tid 106032
0 1 tid 106032
128 6 tid 106032
365 4 tid 106032
154 tid 106032
Remove  tid 106032
FindTargetPageId rootid 5 tid 106032
target_page_id id: 4 tid 106032
0 1 tid 106032
128 6 tid 106032
365 4 tid 106032
154 tid 106032
Remove  tid 106032
FindTargetPageId rootid 5 tid 106032
target_page_id id: 4 tid 106032
0 1 tid 106032
128 6 tid 106032
365 4 tid 106032
154 tid 106032
Remove  tid 106032
FindTargetPageId rootid 5 tid 106032
target_page_id id: 4 tid 106032
0 1 tid 106032
128 6 tid 106032
365 4 tid 106032
154 tid 106032
Remove  tid 106032
FindTargetPageId rootid 5 tid 106032
target_page_id id: 4 tid 106032
0 1 tid 106032
128 6 tid 106032
365 4 tid 106032
154 tid 106032
Remove  tid 106032
FindTargetPageId rootid 5 tid 106032
target_page_id id: 4 tid 106032
0 1 tid 106032
128 6 tid 106032
365 4 tid 106032
154 tid 106032
Remove  tid 106032
FindTargetPageId rootid 5 tid 106032
target_page_id id: 4 tid 106032
0 1 tid 106032
128 6 tid 106032
365 4 tid 106032
154 tid 106032
Remove  tid 106032
FindTargetPageId rootid 5 tid 106032
target_page_id id: 4 tid 106032
0 1 tid 106032
128 6 tid 106032
365 4 tid 106032
154 tid 106032
Remove  tid 106032
FindTargetPageId rootid 5 tid 106032
target_page_id id: 4 tid 106032
0 1 tid 106032
128 6 tid 106032
365 4 tid 106032
154 tid 106032
Remove  tid 106032
FindTargetPageId rootid 5 tid 106032
target_page_id id: 4 tid 106032
0 1 tid 106032
128 6 tid 106032
365 4 tid 106032
154 tid 106032
Remove  tid 106032
FindTargetPageId rootid 5 tid 106031
target_page_id id: 4 tid 106031
0 1 tid 106031
128 6 tid 106031
365 4 tid 106031
154 tid 106031
Insert  tid 106031
FindTargetPageId rootid 5 tid 106031
target_page_id id: 4 tid 106031
0 1 tid 106031
128 6 tid 106031
365 4 tid 106031
155 tid 106031
Insert  tid 106031
FindTargetPageId rootid 5 tid 106031
target_page_id id: 4 tid 106031
0 1 tid 106031
128 6 tid 106031
365 4 tid 106031
156 tid 106031
Insert  tid 106031
FindTargetPageId rootid 5 tid 106032
target_page_id id: 4 tid 106032
0 1 tid 106032
128 6 tid 106032
365 4 tid 106032
157 tid 106032
Remove  tid 106032
FindTargetPageId rootid 5 tid 106032
target_page_id id: 4 tid 106032
0 1 tid 106032
128 6 tid 106032
365 4 tid 106032
157 tid 106032
Remove  tid 106032
FindTargetPageId rootid 5 tid 106032
target_page_id id: 4 tid 106032
0 1 tid 106032
128 6 tid 106032
365 4 tid 106032
157 tid 106032
Remove  tid 106032
FindTargetPageId rootid 5 tid 106031
target_page_id id: 4 tid 106031
0 1 tid 106031
128 6 tid 106031
365 4 tid 106031
157 tid 106031
Insert  tid 106031
FindTargetPageId rootid 5 tid 106031
target_page_id id: 4 tid 106031
0 1 tid 106031
128 6 tid 106031
365 4 tid 106031
158 tid 106031
Insert  tid 106031
FindTargetPageId rootid 5 tid 106031
target_page_id id: 4 tid 106031
0 1 tid 106031
128 6 tid 106031
365 4 tid 106031
159 tid 106031
Insert  tid 106031
FindTargetPageId rootid 5 tid 106031
target_page_id id: 4 tid 106031
0 1 tid 106031
128 6 tid 106031
365 4 tid 106031
160 tid 106031
FindTargetPageId rootid 5 tid 106033Insert 
target_page_id id: 6 tid 106033
0 1 tid 106033
128 6 tid 106033
365 4 tid 106033
237 tid 106033
Insert  tid 106033
FindTargetPageId rootid 5 tid 106033
target_page_id id: 6 tid 106033
0 1 tid 106033
128 6 tid 106033
365 4 tid 106033
237 tid 106033
Insert  tid 106033
FindTargetPageId rootid 5 tid 106033
target_page_id id: 6 tid 106033
0 1 tid 106033
128 6 tid 106033
365 4 tid 106033
237 tid 106033
 tid Insert  tid 106033
FindTargetPageId rootid 5 tid 106033
target_page_id id: 6 tid 106033
0 1 tid 106033
128 6 tid 106033
365 4 tid 106033
237 tid 106033
106031
FindTargetPageId rootid 5 tid 106031
Insert  tid 106033
target_page_id id: 4 tid 106031
0 1 tid 106031
128 6 tid 106031
365 4 tid 106031
161 tid 106031
Insert  tid 106031
FindTargetPageId rootid 5 tid 106031
target_page_id id: 4 tid 106031
0 1 tid 106031
128 6 tid 106031
365 4 tid 106031
162 tid 106031
Insert  tid 106031
FindTargetPageId rootid 5 tid 106031
target_page_id id: 4 tid 106031
0 1 tid 106031
128 6 tid 106031
365 4 tid 106031
163 tid 106031
Insert  tid 106031
FindTargetPageId rootid 5 tid 106031
target_page_id id: 4 tid 106031
0 1 tid 106031
128 6 tid 106031
365 4 tid 106031
164 tid 106031
Insert  tid 106031
FindTargetPageId rootid 5 tid 106031
target_page_id id: 4 tid 106031
0 1 tid 106031
128 6 tid 106031
365 4 tid 106031
165 tid 106031
Insert  tid 106031
FindTargetPageId rootid 5 tid 106031
target_page_id id: 4 tid 106031
0 1 tid 106031
128 6 tid 106031
365 4 tid 106031
166 tid 106031
Insert  tid 106031
FindTargetPageId rootid 5 tid 106031
target_page_id id: 4 tid 106031
0 1 tid 106031
128 6 tid 106031
365 4 tid 106031
167 tid 106031
Insert  tid 106031
FindTargetPageId rootid 5 tid 106031
target_page_id id: 4 tid 106031
0 1 tid 106031
128 6 tid 106031
365 4 tid 106031
168 tid 106031
Insert  tid 106031
FindTargetPageId rootid 5 tid 106031
target_page_id id: 4 tid 106031
0 1 tid 106031
128 6 tid 106031
365 4 tid 106031
169 tid 106031
Insert  tid 106031
FindTargetPageId rootid 5 tid 106031
target_page_id id: 4 tid 106031
0 1 tid 106031
128 6 tid 106031
365 4 tid 106031
170 tid 106031
Insert  tid 106031
FindTargetPageId rootid 5 tid 106031
target_page_id id: 4 tid 106031
0 1 tid 106031
128 6 tid 106031
365 4 tid 106031
171 tid 106031
Insert  tid 106031
FindTargetPageId rootid 5 tid 106031
target_page_id id: 4 tid 106031
0 1 tid 106031
128 6 tid 106031
365 4 tid 106031
172 tid 106031
Insert  tid 106031
FindTargetPageId rootid 5 tid 106031
target_page_id id: 4 tid 106031
0 1 tid 106031
128 6 tid 106031
365 4 tid 106031
173 tid 106031
Insert  tid 106031
FindTargetPageId rootid 5 tid 106031
target_page_id id: 4 tid 106031
0 1 tid 106031
128 6 tid 106031
365 4 tid 106031
174 tid 106031
Insert  tid 106031
FindTargetPageId rootid 5 tid 106031
target_page_id id: 4 tid 106031
0 1 tid 106031
128 6 tid 106031
365 4 tid 106031
175 tid 106031
Insert  tid 106031
FindTargetPageId rootid 5 tid 106031
target_page_id id: 4 tid 106031
0 1 tid 106031
128 6 tid 106031
365 4 tid 106031
176 tid 106031
Insert  tid 106031
FindTargetPageId rootid 5 tid 106031
target_page_id id: 4 tid 106031
0 1 tid 106031
128 6 tid 106031
365 4 tid 106031
177 tid 106031
Insert  tid 106031
FindTargetPageId rootid 5 tid 106031
target_page_id id: 4 tid 106031
0 1 tid 106031
128 6 tid 106031
365 4 tid 106031
178 tid 106031
Insert  tid 106031
FindTargetPageId rootid 5 tid 106031
target_page_id id: 4 tid 106031
0 1 tid 106031
128 6 tid 106031
365 4 tid 106031
179 tid 106031
Insert  tid 106031
FindTargetPageId rootid 5 tid 106031
target_page_id id: 4 tid 106031
0 1 tid 106031
128 6 tid 106031
365 4 tid 106031
180 tid 106031
Insert  tid 106031
FindTargetPageId rootid 5 tid 106031
target_page_id id: 4 tid 106031
0 1 tid 106031
128 6 tid 106031
365 4 tid 106031
181 tid 106031
Insert  tid 106031
FindTargetPageId rootid 5 tid 106031
target_page_id id: 4 tid 106031
0 1 tid 106031
128 6 tid 106031
365 4 tid 106031
182 tid 106031
Insert  tid 106031
FindTargetPageId rootid 5 tid 106031
target_page_id id: 4 tid 106031
0 1 tid 106031
128 6 tid 106031
365 4 tid 106031
183 tid 106031
Insert  tid 106031
FindTargetPageId rootid 5 tid 106031
target_page_id id: 4 tid 106031
0 1 tid 106031
128 6 tid 106031
365 4 tid 106031
184 tid 106031
Insert  tid 106031
FindTargetPageId rootid 5 tid 106031
target_page_id id: 4 tid 106031
0 1 tid 106031
128 6 tid 106031
365 4 tid 106031
185 tid 106031
Insert  tid 106031
FindTargetPageId rootid 5 tid 106031
target_page_id id: 4 tid 106031
0 1 tid 106031
128 6 tid 106031
365 4 tid 106031
186 tid 106031
Insert  tid 106031
FindTargetPageId rootid 5 tid 106031
target_page_id id: 4 tid 106031
0 1 tid 106031
128 6 tid 106031
365 4 tid 106031
187 tid 106031
Insert  tid 106031
FindTargetPageId rootid 5 tid 106031
target_page_id id: 4 tid 106031
0 1 tid 106031
128 6 tid 106031
365 4 tid 106031
188 tid 106031
Insert  tid 106031
FindTargetPageId rootid 5 tid 106031
target_page_id id: 4 tid 106031
0 1 tid 106031
128 6 tid 106031
365 4 tid 106031
189 tid 106031
Insert  tid 106031
FindTargetPageId rootid 5 tid 106031
target_page_id id: 4 tid 106031
0 1 tid 106031
128 6 tid 106031
365 4 tid 106031
190 tid 106031
Insert  tid 106031
FindTargetPageId rootid 5 tid 106031
target_page_id id: 4 tid 106031
0 1 tid 106031
128 6 tid 106031
365 4 tid 106031
191 tid 106031
Insert  tid 106031
FindTargetPageId rootid 5 tid 106031
target_page_id id: 4 tid 106031
0 1 tid 106031
128 6 tid 106031
365 4 tid 106031
192 tid 106031
Insert  tid 106031
FindTargetPageId rootid 5 tid 106031
target_page_id id: 4 tid 106031
0 1 tid 106031
128 6 tid 106031
365 4 tid 106031
193 tid 106031
Insert  tid 106031
FindTargetPageId rootid 5 tid 106031
target_page_id id: 4 tid 106031
0 1 tid 106031
128 6 tid 106031
365 4 tid 106031
194 tid 106031
Insert  tid 106031
FindTargetPageId rootid 5 tid 106031
target_page_id id: 4 tid 106031
0 1 tid 106031
128 6 tid 106031
365 4 tid 106031
195 tid 106031
Insert  tid 106031
FindTargetPageId rootid 5 tid 106031
target_page_id id: 4 tid 106031
0 1 tid 106031
128 6 tid 106031
365 4 tid 106031
196 tid 106031
Insert  tid 106031
FindTargetPageId rootid 5 tid 106031
target_page_id id: 4 tid 106031
0 1 tid 106031
128 6 tid 106031
365 4 tid 106031
197 tid 106031
Insert  tid 106031
FindTargetPageId rootid 5 tid 106031
target_page_id id: 4 tid 106031
0 1 tid 106031
128 6 tid 106031
365 4 tid 106031
198 tid 106031
Insert  tid 106031
FindTargetPageId rootid 5 tid 106031
target_page_id id: 4 tid 106031
0 1 tid 106031
128 6 tid 106031
365 4 tid 106031
199 tid 106031
Insert  tid 106031
FindTargetPageId rootid 5 tid 106031
target_page_id id: 4 tid 106031
0 1 tid 106031
128 6 tid 106031
365 4 tid 106031
200 tid 106031
Insert  tid 106031
FindTargetPageId rootid 5 tid 106031
target_page_id id: 4 tid 106031
0 1 tid 106031
128 6 tid 106031
365 4 tid 106031
201 tid 106031
Insert  tid 106031
FindTargetPageId rootid 5 tid 106031
target_page_id id: 4 tid 106031
0 1 tid 106031
128 6 tid 106031
365 4 tid 106031
202 tid 106031
Insert  tid 106031
FindTargetPageId rootid 5 tid 106031
target_page_id id: 4 tid 106031
0 1 tid 106031
128 6 tid 106031
365 4 tid 106031
203 tid 106031
Insert  tid 106031
FindTargetPageId rootid 5 tid 106033
target_page_id id: 6 tid 106033
0 1 tid 106033
128 6 tid 106033
365 4 tid 106033
237 tid 106033
Insert  tid 106033
FindTargetPageId rootid 5 tid 106033
target_page_id id: 6 tid 106033
0 1 tid 106033
128 6 tid 106033
365 4 tid 106033
237 tid 106033
Insert  tid 106033
FindTargetPageId rootid 5 tid 106032
target_page_id id: 4 tid 106032
0 1 tid 106032
128 6 tid 106032
365 4 tid 106032
204 tid 106032
Remove  tid 106032
FindTargetPageId rootid 5 tid 106032
target_page_id id: 4 tid 106032
0 1 tid 106032
128 6 tid 106032
365 4 tid 106032
204 tid 106032
Remove  tid 106032
FindTargetPageId rootid 5 tid 106031
target_page_id id: 4 tid 106031
0 1 tid 106031
128 6 tid 106031
365 4 tid 106031
204 tid 106031
Insert  tid 106031
FindTargetPageId rootid 5 tid 106031
target_page_id id: 4 tid 106031
0 1 tid 106031
128 6 tid 106031
365 4 tid 106031
205 tid 106031
Insert  tid 106031
FindTargetPageId rootid 5 tid 106031
target_page_id id: 4 tid 106031
0 1 tid 106031
128 6 tid 106031
365 4 tid 106031
206 tid 106031
Insert  tid 106031
FindTargetPageId rootid 5 tid 106031
target_page_id id: 4 tid 106031
0 1 tid 106031
128 6 tid 106031
365 4 tid 106031
207 tid 106031
Insert  tid 106031
FindTargetPageId rootid 5 tid 106033
target_page_id id: 6 tid 106033
0 1 tid 106033
128 6 tid 106033
365 4 tid 106033
237 tid 106033
Insert  tid 106033
FindTargetPageId rootid 5 tid 106033
target_page_id id: 6 tid 106033
0 1 tid 106033
128 6 tid 106033
365 4 tid 106033
237 tid 106033
Insert  tid 106033
FindTargetPageId rootid 5 tid 106033
target_page_id id: 6 tid 106033
0 1 tid 106033
128 6 tid 106033
365 4 tid 106033
237 tid 106033
Insert  tid 106033
FindTargetPageId rootid 5 tid 106033
target_page_id id: 6 tid 106033
0 1 tid 106033
128 6 tid 106033
365 4 tid 106033
237 tid 106033
Insert  tid 106033
FindTargetPageId rootid 5 tid 106033
target_page_id id: 6 tid 106033
0 1 tid 106033
128 6 tid 106033
365 4 tid 106033
237 tid 106033
Insert  tid 106033
FindTargetPageId rootid 5 tid 106032
target_page_id id: 4 tid 106032
0 1 tid 106032
128 6 tid 106032
365 4 tid 106032
208 tid 106032
Remove  tid 106032
FindTargetPageId rootid 5 tid 106031
target_page_id id: 4 tid 106031
0 1 tid 106031
128 6 tid 106031
365 4 tid 106031
208 tid 106031
Insert  tid 106031
FindTargetPageId rootid 5 tid 106033
target_page_id id: 6 tid 106033
0 1 tid 106033
128 6 tid 106033
365 4 tid 106033
237 tid 106033
Insert  tid 106033
FindTargetPageId rootid 5 tid 106033
target_page_id id: 6 tid 106033
0 1 tid 106033
128 6 tid 106033
365 4 tid 106033
237 tid 106033
Insert  tid 106033
FindTargetPageId rootid 5 tid 106033
target_page_id id: 6 tid 106033
0 1 tid 106033
128 6 tid 106033
365 4 tid 106033
237 tid 106033
Insert  tid 106033
FindTargetPageId rootid 5 tid 106032
target_page_id id: 4 tid 106032
0 1 tid 106032
128 6 tid 106032
365 4 tid 106032
209 tid 106032
Remove  tid 106032
FindTargetPageId rootid 5 tid 106032
target_page_id id: 4 tid 106032
0 1 tid 106032
128 6 tid 106032
365 4 tid 106032
209 tid 106032
Remove  tid 106032
FindTargetPageId rootid 5 tid 106032
target_page_id id: 4 tid 106032
0 1 tid 106032
128 6 tid 106032
365 4 tid 106032
209 tid 106032
Remove  tid 106032
FindTargetPageId rootid 5 tid 106032
target_page_id id: 4 tid 106032
0 1 tid 106032
128 6 tid 106032
365 4 tid 106032
209 tid 106032
Remove  tid 106032
FindTargetPageId rootid 5 tid 106032
target_page_id id: 4 tid 106032
0 1 tid 106032
128 6 tid 106032
365 4 tid 106032
209 tid 106032
Remove  tid 106032
FindTargetPageId rootid 5 tid 106031
target_page_id id: 4 tid 106031
0 1 tid 106031
128 6 tid 106031
365 4 tid 106031
209 tid 106031
Insert  tid 106031
FindTargetPageId rootid 5 tid 106033
target_page_id id: 6 tid 106033
0 1 tid 106033
128 6 tid 106033
365 4 tid 106033
237 tid 106033
Insert  tid 106033
FindTargetPageId rootid 5 tid 106033
target_page_id id: 6 tid 106033
0 1 tid 106033
128 6 tid 106033
365 4 tid 106033
237 tid 106033
Insert  tid 106033
FindTargetPageId rootid 5 tid 106033
target_page_id id: 6 tid 106033
0 1 tid 106033
128 6 tid 106033
365 4 tid 106033
237 tid 106033
Insert  tid 106033
FindTargetPageId rootid 5 tid 106031
target_page_id id: 4 tid 106031
0 1 tid 106031
128 6 tid 106031
365 4 tid 106031
210 tid 106031
Insert  tid 106031
FindTargetPageId rootid 5 tid 106032
target_page_id id: 4 tid 106032
0 1 tid 106032
128 6 tid 106032
365 4 tid 106032
211 tid 106032
Remove  tid 106032
FindTargetPageId rootid 5 tid 106033
target_page_id id: 6 tid 106033
0 1 tid 106033
128 6 tid 106033
365 4 tid 106033
237 tid 106033
Insert  tid 106033
FindTargetPageId rootid 5 tid 106031
target_page_id id: 4 tid 106031
0 1 tid 106031
128 6 tid 106031
365 4 tid 106031
211 tid 106031
Insert  tid 106031
FindTargetPageId rootid 5 tid 106031
target_page_id id: 4 tid 106031
0 1 tid 106031
128 6 tid 106031
365 4 tid 106031
212 tid 106031
Insert  tid 106031
FindTargetPageId rootid 5 tid 106031
target_page_id id: 4 tid 106031
0 1 tid 106031
128 6 tid 106031
365 4 tid 106031
213 tid 106031
Insert  tid 106031
FindTargetPageId rootid 5 tid 106031
target_page_id id: 4 tid 106031
0 1 tid 106031
128 6 tid 106031
365 4 tid 106031
214 tid 106031
Insert  tid 106031
FindTargetPageId rootid 5 tid 106031
target_page_id id: 4 tid 106031
0 1 tid 106031
128 6 tid 106031
365 4 tid 106031
215 tid 106031
Insert  tid 106031
FindTargetPageId rootid 5 tid 106031
target_page_id id: 4 tid 106031
0 1 tid 106031
128 6 tid 106031
365 4 tid 106031
216 tid 106031
Insert  tid 106031
FindTargetPageId rootid 5 tid 106031
target_page_id id: 4 tid 106031
0 1 tid 106031
128 6 tid 106031
365 4 tid 106031
217 tid 106031
Insert  tid 106031
FindTargetPageId rootid 5 tid 106031
target_page_id id: 4 tid 106031
0 1 tid 106031
128 6 tid 106031
365 4 tid 106031
218 tid 106031
Insert  tid 106031
FindTargetPageId rootid 5 tid 106031
target_page_id id: 4 tid 106031
0 1 tid 106031
128 6 tid 106031
365 4 tid 106031
219 tid 106031
Insert  tid 106031
FindTargetPageId rootid 5 tid 106031
target_page_id id: 4 tid 106031
0 1 tid 106031
128 6 tid 106031
365 4 tid 106031
220 tid 106031
Insert  tid 106031
FindTargetPageId rootid 5 tid 106031
target_page_id id: 4 tid 106031
0 1 tid 106031
128 6 tid 106031
365 4 tid 106031
221 tid 106031
Insert  tid 106031
FindTargetPageId rootid 5 tid 106031
target_page_id id: 4 tid 106031
0 1 tid 106031
128 6 tid 106031
365 4 tid 106031
222 tid 106031
Insert  tid 106031
FindTargetPageId rootid 5 tid 106031
target_page_id id: 4 tid 106031
0 1 tid 106031
128 6 tid 106031
365 4 tid 106031
223 tid 106031
Insert  tid 106031
FindTargetPageId rootid 5 tid 106031
target_page_id id: 4 tid 106031
0 1 tid 106031
128 6 tid 106031
365 4 tid 106031
224 tid 106031
Insert  tid 106031
FindTargetPageId rootid 5 tid 106031
target_page_id id: 4 tid 106031
0 1 tid 106031
128 6 tid 106031
365 4 tid 106031
225 tid 106031
Insert  tid 106031
FindTargetPageId rootid 5 tid 106031
target_page_id id: 4 tid 106031
0 1 tid 106031
128 6 tid 106031
365 4 tid 106031
226 tid 106031
Insert  tid 106031
FindTargetPageId rootid 5 tid 106031
target_page_id id: 4 tid 106031
0 1 tid 106031
128 6 tid 106031
365 4 tid 106031
227 tid 106031
Insert  tid 106031
FindTargetPageId rootid 5 tid 106031
target_page_id id: 4 tid 106031
0 1 tid 106031
128 6 tid 106031
365 4 tid 106031
228 tid 106031
Insert  tid 106031
FindTargetPageId rootid 5 tid 106031
target_page_id id: 4 tid 106031
0 1 tid 106031
128 6 tid 106031
365 4 tid 106031
229 tid 106031
Insert  tid 106031
FindTargetPageId rootid 5 tid 106031
target_page_id id: 4 tid 106031
0 1 tid 106031
128 6 tid 106031
365 4 tid 106031
230 tid 106031
Insert  tid 106031
FindTargetPageId rootid 5 tid 106031
target_page_id id: 4 tid 106031
0 1 tid 106031
128 6 tid 106031
365 4 tid 106031
231 tid 106031
Insert  tid 106031
FindTargetPageId rootid 5 tid 106031
target_page_id id: 4 tid 106031
0 1 tid 106031
128 6 tid 106031
365 4 tid 106031
232 tid 106031
Insert  tid 106031
FindTargetPageId rootid 5 tid 106031
target_page_id id: 4 tid 106031
0 1 tid 106031
128 6 tid 106031
365 4 tid 106031
233 tid 106031
Insert  tid 106031
FindTargetPageId rootid 5 tid 106031
target_page_id id: 4 tid 106031
0 1 tid 106031
128 6 tid 106031
365 4 tid 106031
234 tid 106031
Insert  tid 106031
FindTargetPageId rootid 5 tid 106031
target_page_id id: 4 tid 106031
0 1 tid 106031
128 6 tid 106031
365 4 tid 106031
235 tid 106031
Insert  tid 106031
FindTargetPageId rootid 5 tid 106031
target_page_id id: 4 tid 106031
0 1 tid 106031
128 6 tid 106031
365 4 tid 106031
236 tid 106031
Insert  tid 106031
FindTargetPageId rootid 5 tid 106031
target_page_id id: 4 tid 106031
0 1 tid 106031
128 6 tid 106031
365 4 tid 106031
237 tid 106031
Insert  tid 106031
FindTargetPageId rootid 5 tid 106031
target_page_id id: 4 tid 106031
0 1 tid 106031
128 6 tid 106031
365 4 tid 106031
238 tid 106031
Insert  tid 106031
FindTargetPageId rootid 5 tid 106031
target_page_id id: 4 tid 106031
0 1 tid 106031
128 6 tid 106031
365 4 tid 106031
239 tid 106031
Insert  tid 106031
FindTargetPageId rootid 5 tid 106031
target_page_id id: 4 tid 106031
0 1 tid 106031
128 6 tid 106031
365 4 tid 106031
240 tid 106031
Insert  tid 106031
FindTargetPageId rootid 5 tid 106031
target_page_id id: 4 tid 106031
0 1 tid 106031
128 6 tid 106031
365 4 tid 106031
241 tid 106031
Insert  tid 106031
FindTargetPageId rootid 5 tid 106031
target_page_id id: 4 tid 106031
0 1 tid 106031
128 6 tid 106031
365 4 tid 106031
242 tid 106031
Insert  tid 106031
FindTargetPageId rootid 5 tid 106031
target_page_id id: 4 tid 106031
0 1 tid 106031
128 6 tid 106031
365 4 tid 106031
243 tid 106031
Insert  tid 106031
FindTargetPageId rootid 5 tid 106032
target_page_id id: 4 tid 106032
0 1 tid 106032
128 6 tid 106032
365 4 tid 106032
244 tid 106032
Remove  tid 106032
FindTargetPageId rootid 5 tid 106033
target_page_id id: 6 tid 106033
0 1 tid 106033
128 6 tid 106033
365 4 tid 106033
237 tid 106033
Insert  tid 106033
FindTargetPageId rootid 5 tid 106031
target_page_id id: 4 tid 106031
0 1 tid 106031
128 6 tid 106031
365 4 tid 106031
244 tid 106031
Insert  tid 106031
FindTargetPageId rootid 5 tid 106032
target_page_id id: 4 tid 106032
0 1 tid 106032
128 6 tid 106032
365 4 tid 106032
245 tid 106032
Remove  tid 106032
FindTargetPageId rootid 5 tid 106033
target_page_id id: 6 tid 106033
0 1 tid 106033
128 6 tid 106033
365 4 tid 106033
237 tid 106033
Insert  tid 106033
FindTargetPageId rootid 5 tid 106031
target_page_id id: 4 tid 106031
0 1 tid 106031
128 6 tid 106031
365 4 tid 106031
245 tid 106031
Insert  tid 106031
FindTargetPageId rootid 5 tid 106032
target_page_id id: 4 tid 106032
0 1 tid 106032
128 6 tid 106032
365 4 tid 106032
246 tid 106032
Remove  tid 106032
FindTargetPageId rootid 5 tid 106033
target_page_id id: 6 tid 106033
0 1 tid 106033
128 6 tid 106033
365 4 tid 106033
237 tid 106033
Insert  tid 106033
FindTargetPageId rootid 5 tid 106033
target_page_id id: 6 tid 106033
0 1 tid 106033
128 6 tid 106033
365 4 tid 106033
237 tid 106033
Insert  tid 106033
FindTargetPageId rootid 5 tid 106033
target_page_id id: 4 tid 106033
0 1 tid 106033
128 6 tid 106033
365 4 tid 106033
246 tid 106033
Insert  tid 106033
FindTargetPageId rootid 5 tid 106033
target_page_id id: 4 tid 106033
0 1 tid 106033
128 6 tid 106033
365 4 tid 106033
246 tid 106033
Insert  tid 106033
FindTargetPageId rootid 5 tid 106033
target_page_id id: 4 tid 106033
0 1 tid 106033
128 6 tid 106033
365 4 tid 106033
246 tid 106033
Insert  tid 106033
FindTargetPageId rootid 5 tid 106033
target_page_id id: 4 tid 106033
0 1 tid 106033
128 6 tid 106033
365 4 tid 106033
246 tid 106033
Insert  tid 106033
FindTargetPageId rootid 5 tid 106033
target_page_id id: 4 tid 106033
0 1 tid 106033
128 6 tid 106033
365 4 tid 106033
246 tid 106033
Insert  tid 106033
FindTargetPageId rootid 5 tid 106033
target_page_id id: 4 tid 106033
0 1 tid 106033
128 6 tid 106033
365 4 tid 106033
246 tid 106033
Insert  tid 106033
FindTargetPageId rootid 5 tid 106033
target_page_id id: 4 tid 106033
0 1 tid 106033
128 6 tid 106033
365 4 tid 106033
246 tid 106033
Insert  tid 106033
FindTargetPageId rootid 5 tid 106033
target_page_id id: 4 tid 106033
0 1 tid 106033
128 6 tid 106033
365 4 tid 106033
246 tid 106033
Insert  tid 106033
FindTargetPageId rootid 5 tid 106031
target_page_id id: 4 tid 106031
0 1 tid 106031
128 6 tid 106031
365 4 tid 106031
246 tid 106031
Insert  tid FindTargetPageId rootid 1060315 tid 
106032
target_page_id id: 4 tid 106032
0 1 tid 106032
128 6 tid 106032
365 4 tid 106032
247 tid 106032
Remove  tid 106032
FindTargetPageId rootid 5 tid 106033
target_page_id id: 4 tid 106033
0 1 tid 106033
128 6 tid 106033
365 4 tid 106033
247 tid 106033
Insert  tid 106033
FindTargetPageId rootid 5 tid 106033
target_page_id id: 4 tid 106033
0 1 tid 106033
128 6 tid 106033
365 4 tid 106033
247 tid 106033
Insert  tid 106033
FindTargetPageId rootid 5 tid 106033
target_page_id id: 4 tid 106033
0 1 tid 106033
128 6 tid 106033
365 4 tid 106033
247 tid 106033
Insert  tid 106033
FindTargetPageId rootid 5 tid 106033
target_page_id id: 4 tid 106033
0 1 tid 106033
128 6 tid 106033
365 4 tid 106033
247 tid 106033
Insert  tid 106033
FindTargetPageId rootid 5 tid 106033
target_page_id id: 4 tid 106033
0 1 tid 106033
128 6 tid 106033
365 4 tid 106033
247 tid 106033
Insert  tid 106033
FindTargetPageId rootid 5 tid 106033
target_page_id id: 4 tid 106033
0 1 tid 106033
128 6 tid 106033
365 4 tid 106033
247 tid 106033
Insert  tid 106033
FindTargetPageId rootid 5 tid 106033
target_page_id id: 4 tid 106033
0 1 tid 106033
128 6 tid 106033
365 4 tid 106033
247 tid 106033
Insert  tid 106033
FindTargetPageId rootid 5 tid 106033
target_page_id id: 4 tid 106033
0 1 tid 106033
128 6 tid 106033
365 4 tid 106033
247 tid 106033
Insert  tid 106033
FindTargetPageId rootid 5 tid 106033
target_page_id id: 4 tid 106033
0 1 tid 106033
128 6 tid 106033
365 4 tid 106033
247 tid 106033
Insert  tid 106033
FindTargetPageId rootid 5 tid 106033
target_page_id id: 4 tid 106033
0 1 tid 106033
128 6 tid 106033
365 4 tid 106033
247 tid 106033
Insert  tid 106033
FindTargetPageId rootid 5 tid 106033
target_page_id id: 4 tid 106033
0 1 tid 106033
128 6 tid 106033
365 4 tid 106033
247 tid 106033
Insert  tid 106033
FindTargetPageId rootid 5 tid 106033
target_page_id id: 4 tid 106033
0 1 tid 106033
128 6 tid 106033
365 4 tid 106033
247 tid 106033
Insert  tid 106033
FindTargetPageId rootid 5 tid 106032
target_page_id id: 4 tid 106032
0 1 tid 106032
128 6 tid 106032
365 4 tid 106032
247 tid 106032
Remove  tid 106032
FindTargetPageId rootid 5 tid 106032
target_page_id id: 4 tid 106032
0 1 tid 106032
128 6 tid 106032
365 4 tid 106032
247 tid 106032
Remove  tid 106032
FindTargetPageId rootid 5 tid 106033
target_page_id id: 4 tid 106033
0 1 tid 106033
128 6 tid 106033
365 4 tid 106033
247 tid 106033
Insert  tid 106033
FindTargetPageId rootid 5 tid 106033
target_page_id id: 4 tid 106033
0 1 tid 106033
128 6 tid 106033
365 4 tid 106033
247 tid 106033
Insert  tid 106033
FindTargetPageId rootid 5 tid 106032
target_page_id id: 4 tid 106032
0 1 tid 106032
128 6 tid 106032
365 4 tid 106032
247 tid 106032
FindTargetPageId rootid 5 tid 106031
target_page_id id: Remove 4 tid 106031
0 1 tid 106031
128 6 tid 106031
365 4 tid 106031
 tid 106032
247 tid 106031
Insert  tid 106031
FindTargetPageId rootid 5 tid 106032
target_page_id id: 4 tid 106032
0 1 tid 106032
128 6 tid 106032
365 4 tid 106032
248 tid 106032
FindTargetPageId rootid 5 tid 106031
target_page_id id: 4 tid 106031
0 1 tid 106031
128 6 tid 106031
365 4 tid 106031
Remove  tid 106032
248 tid 106031
Insert  tid 106031
FindTargetPageId rootid 5 tid 106031
target_page_id id: 4 tid 106031
0 1 tid 106031
128 6 tid 106031
365 4 tid 106031
249 tid 106031
Insert  tid 106031
FindTargetPageId rootid 5 tid 106031
target_page_id id: 4 tid 106031
0 1 tid 106031
128 6 tid 106031
365 4 tid 106031
250 tid 106031
Insert  tid 106031
FindTargetPageId rootid 5 tid 106031
target_page_id id: 4 tid 106031
0 1 tid 106031
128 6 tid 106031
365 4 tid 106031
251 tid 106031
Insert  tid 106031
FindTargetPageId rootid 5 tid 106031
target_page_id id: 4 tid 106031
0 1 tid 106031
128 6 tid 106031
365 4 tid 106031
252 tid 106031
Insert  tid 106031
FindTargetPageId rootid 5 tid 106031
target_page_id id: 4 tid 106031
0 1 tid 106031
128 6 tid 106031
365 4 tid 106031
253 tid 106031
Insert  tid 106031
FindTargetPageId rootid 5 tid 106031
target_page_id id: 4 tid 106031
0 1 tid 106031
128 6 tid 106031
365 4 tid 106031
254 tid 106031
Insert  tid 106031
FindTargetPageId rootid 5 tid 106033
target_page_id id: 4 tid 106033
0 1 tid 106033
128 6 tid 106033
365 4 tid 106033
492 7 tid 106033
127 tid 106033
Insert  tid 106033
FindTargetPageId rootid 5 tid 106032
target_page_id id: 7 tid 106032
0 1 tid 106032
128 6 tid 106032
365 4 tid 106032
492 7 tid 106032
128 tid 106032
Remove  tid 106032
FindTargetPageId rootid 5 tid 106031
target_page_id id: 7 tid 106031
0 1 tid 106031
128 6 tid 106031
365 4 tid 106031
492 7 tid 106031
128 tid 106031
Insert  tid 106031
FindTargetPageId rootid 5 tid 106033
target_page_id id: 4 tid 106033
0 1 tid 106033
128 6 tid 106033
365 4 tid 106033
492 7 tid 106033
127 tid 106033
Insert  tid 106033
FindTargetPageId rootid 5 tid 106032
target_page_id id: 7 tid 106032
0 1 tid 106032
128 6 tid 106032
365 4 tid 106032
492 7 tid 106032
129 tid 106032
Remove  tid 106032
FindTargetPageId rootid 5 tid 106031
target_page_id id: 7 tid 106031
0 1 tid 106031
128 6 tid 106031
365 4 tid 106031
492 7 tid 106031
129 tid 106031
Insert  tid 106031
FindTargetPageId rootid 5 tid 106033
target_page_id id: 4 tid 106033
0 1 tid 106033
128 6 tid 106033
365 4 tid 106033
492 7 tid 106033
127 tid 106033
Insert  tid 106033
FindTargetPageId rootid 5 tid 106033
target_page_id id: 4 tid 106033
0 1 tid 106033
128 6 tid 106033
365 4 tid 106033
492 7 tid 106033
127 tid 106033
Insert  tid 106033
FindTargetPageId rootid 5 tid 106033
target_page_id id: 4 tid 106033
0 1 tid 106033
128 6 tid 106033
365 4 tid 106033
492 7 tid 106033
127 tid 106033
Insert  tid 106033
FindTargetPageId rootid 5 tid 106033
target_page_id id: 4 tid 106033
0 1 tid 106033
128 6 tid 106033
365 4 tid 106033
492 7 tid 106033
127 tid 106033
Insert  tid 106033
FindTargetPageId rootid 5 tid 106033
target_page_id id: 4 tid 106033
0 1 tid 106033
128 6 tid 106033
365 4 tid 106033
492 7 tid 106033
127 tid 106033
Insert  tid 106033
FindTargetPageId rootid 5 tid 106033
target_page_id id: 4 tid 106033
0 1 tid 106033
128 6 tid 106033
365 4 tid 106033
492 7 tid 106033
127 tid 106033
Insert  tid 106033
FindTargetPageId rootid 5 tid 106033
target_page_id id: 4 tid 106033
0 1 tid 106033
128 6 tid 106033
365 4 tid 106033
492 7 tid 106033
127 tid 106033
Insert  tid 106033
FindTargetPageId rootid 5 tid 106033
target_page_id id: 4 tid 106033
0 1 tid 106033
128 6 tid 106033
365 4 tid 106033
492 7 tid 106033
127 tid 106033
Insert  tid 106033
FindTargetPageId rootid 5 tid 106033
target_page_id id: 4 tid 106033
0 1 tid 106033
128 6 tid 106033
365 4 tid 106033
492 7 tid 106033
127 tid 106033
Insert  tid 106033
FindTargetPageId rootid 5 tid 106033
target_page_id id: 4 tid 106033
0 1 tid 106033
128 6 tid 106033
365 4 tid 106033
492 7 tid 106033
127 tid 106033
Insert  tid 106033
FindTargetPageId rootid 5 tid 106033
target_page_id id: 4 tid 106033
0 1 tid 106033
128 6 tid 106033
365 4 tid 106033
492 7 tid 106033
127 tid 106033
Insert  tid 106033
FindTargetPageId rootid 5 tid 106033
target_page_id id: 4 tid 106033
0 1 tid 106033
128 6 tid 106033
365 4 tid 106033
492 7 tid 106033
127 tid 106033
Insert  tid 106033
FindTargetPageId rootid 5 tid 106033
target_page_id id: 4 tid 106033
0 1 tid 106033
128 6 tid 106033
365 4 tid 106033
492 7 tid 106033
127 tid 106033
Insert  tid 106033
FindTargetPageId rootid 5 tid 106033
target_page_id id: 4 tid 106033
0 1 tid 106033
128 6 tid 106033
365 4 tid 106033
492 7 tid 106033
127 tid 106033
Insert  tid 106033
FindTargetPageId rootid 5 tid 106033
target_page_id id: 4 tid 106033
0 1 tid 106033
128 6 tid 106033
365 4 tid 106033
492 7 tid 106033
127 tid 106033
Insert  tid 106033
FindTargetPageId rootid 5 tid 106033
target_page_id id: 4 tid 106033
0 1 tid 106033
128 6 tid 106033
365 4 tid 106033
492 7 tid 106033
127 tid 106033
Insert  tid 106033
FindTargetPageId rootid 5 tid 106033
target_page_id id: 4 tid 106033
0 1 tid 106033
128 6 tid 106033
365 4 tid 106033
492 7 tid 106033
127 tid 106033
Insert  tid 106033
FindTargetPageId rootid 5 tid 106033
target_page_id id: 4 tid 106033
0 1 tid 106033
128 6 tid 106033
365 4 tid 106033
492 7 tid 106033
127 tid 106033
Insert  tid 106033
FindTargetPageId rootid 5 tid 106033
target_page_id id: 4 tid 106033
0 1 tid 106033
128 6 tid 106033
365 4 tid 106033
492 7 tid 106033
127 tid 106033
Insert  tid 106033
FindTargetPageId rootid 5 tid 106033
target_page_id id: 4 tid 106033
0 1 tid 106033
128 6 tid 106033
365 4 tid 106033
492 7 tid 106033
127 tid 106033
Insert  tid 106033
FindTargetPageId rootid 5 tid 106033
target_page_id id: 4 tid 106033
0 1 tid 106033
128 6 tid 106033
365 4 tid 106033
492 7 tid 106033
127 tid 106033
Insert  tid 106033
FindTargetPageId rootid 5 tid 106033
target_page_id id: 4 tid 106033
0 1 tid 106033
128 6 tid 106033
365 4 tid 106033
492 7 tid 106033
127 tid 106033
Insert  tid 106033
FindTargetPageId rootid 5 tid 106033
target_page_id id: 4 tid 106033
0 1 tid 106033
128 6 tid 106033
365 4 tid 106033
492 7 tid 106033
127 tid 106033
Insert  tid 106033
FindTargetPageId rootid 5 tid 106033
target_page_id id: 4 tid 106033
0 1 tid 106033
128 6 tid 106033
365 4 tid 106033
492 7 tid 106033
127 tid 106033
Insert  tid 106033
FindTargetPageId rootid 5 tid 106033
target_page_id id: 4 tid 106033
0 1 tid 106033
128 6 tid 106033
365 4 tid 106033
492 7 tid 106033
127 tid 106033
Insert  tid 106033
FindTargetPageId rootid 5 tid 106033
target_page_id id: 4 tid 106033
0 1 tid 106033
128 6 tid 106033
365 4 tid 106033
492 7 tid 106033
127 tid 106033
Insert  tid 106033
FindTargetPageId rootid 5 tid 106033
target_page_id id: 4 tid 106033
0 1 tid 106033
128 6 tid 106033
365 4 tid 106033
492 7 tid 106033
127 tid 106033
Insert  tid 106033
FindTargetPageId rootid 5 tid 106033
target_page_id id: 4 tid 106033
0 1 tid 106033
128 6 tid 106033
365 4 tid 106033
492 7 tid 106033
127 tid 106033
Insert  tid 106033
FindTargetPageId rootid 5 tid 106033
target_page_id id: 4 tid 106033
0 1 tid 106033
128 6 tid 106033
365 4 tid 106033
492 7 tid 106033
127 tid 106033
Insert  tid 106033
FindTargetPageId rootid 5 tid 106033
target_page_id id: 4 tid 106033
0 1 tid 106033
128 6 tid 106033
365 4 tid 106033
492 7 tid 106033
127 tid 106033
Insert  tid 106033
FindTargetPageId rootid 5 tid 106033
target_page_id id: 4 tid 106033
0 1 tid 106033
128 6 tid 106033
365 4 tid 106033
492 7 tid 106033
127 tid 106033
Insert  tid 106033
FindTargetPageId rootid 5 tid 106033
target_page_id id: 4 tid 106033
0 1 tid 106033
128 6 tid 106033
365 4 tid 106033
492 7 tid 106033
127 tid 106033
Insert  tid 106033
FindTargetPageId rootid 5 tid 106033
target_page_id id: 4 tid 106033
0 1 tid 106033
128 6 tid 106033
365 4 tid 106033
492 7 tid 106033
127 tid 106033
Insert  tid 106033
FindTargetPageId rootid 5 tid 106033
target_page_id id: 4 tid 106033
0 1 tid 106033
128 6 tid 106033
365 4 tid 106033
492 7 tid 106033
127 tid 106033
Insert  tid 106033
FindTargetPageId rootid 5 tid 106033
target_page_id id: 4 tid 106033
0 1 tid 106033
128 6 tid 106033
365 4 tid 106033
492 7 tid 106033
127 tid 106033
Insert  tid 106033
FindTargetPageId rootid 5 tid 106033
target_page_id id: 4 tid 106033
0 1 tid 106033
128 6 tid 106033
365 4 tid 106033
492 7 tid 106033
127 tid 106033
Insert  tid 106033
FindTargetPageId rootid 5 tid 106033
target_page_id id: 4 tid 106033
0 1 tid 106033
128 6 tid 106033
365 4 tid 106033
492 7 tid 106033
127 tid 106033
Insert  tid 106033
FindTargetPageId rootid 5 tid 106033
target_page_id id: 4 tid 106033
0 1 tid 106033
128 6 tid 106033
365 4 tid 106033
492 7 tid 106033
127 tid 106033
Insert  tid 106033
FindTargetPageId rootid 5 tid 106033
target_page_id id: 4 tid 106033
0 1 tid 106033
128 6 tid 106033
365 4 tid 106033
492 7 tid 106033
127 tid 106033
Insert  tid 106033
FindTargetPageId rootid 5 tid 106033
target_page_id id: 4 tid 106033
0 1 tid 106033
128 6 tid 106033
365 4 tid 106033
492 7 tid 106033
127 tid 106033
Insert  tid 106033
FindTargetPageId rootid 5 tid 106033
target_page_id id: 4 tid 106033
0 1 tid 106033
128 6 tid 106033
365 4 tid 106033
492 7 tid 106033
127 tid 106033
Insert  tid 106033
FindTargetPageId rootid 5 tid 106031
target_page_id id: 7 tid 106031
0 1 tid 106031
128 6 tid 106031
365 4 tid 106031
492 7 tid 106031
130 tid 106031
Insert  tid 106031
FindTargetPageId rootid 5 tid 106031
target_page_id id: 7 tid 106031
0 1 tid 106031
128 6 tid 106031
365 4 tid 106031
492 7 tid 106031
131 tid 106031
Insert  tid 106031
FindTargetPageId rootid 5 tid 106031
target_page_id id: 7 tid 106031
0 1 tid 106031
128 6 tid 106031
365 4 tid 106031
492 7 tid 106031
132 tid 106031
Insert  tid 106031
FindTargetPageId rootid 5 tid 106031
target_page_id id: 7 tid 106031
0 1 tid 106031
128 6 tid 106031
365 4 tid 106031
492 7 tid 106031
133 tid 106031
Insert  tid 106031
FindTargetPageId rootid 5 tid 106031
target_page_id id: 7 tid 106031
0 1 tid 106031
128 6 tid 106031
365 4 tid 106031
492 7 tid 106031
134 tid 106031
Insert  tid 106031
FindTargetPageId rootid 5 tid 106031
target_page_id id: 7 tid 106031
0 1 tid 106031
128 6 tid 106031
365 4 tid 106031
492 7 tid 106031
135 tid 106031
Insert  tid 106031
FindTargetPageId rootid 5 tid 106031
target_page_id id: 7 tid 106031
0 1 tid 106031
128 6 tid 106031
365 4 tid 106031
492 7 tid 106031
136 tid 106031
Insert  tid 106031
FindTargetPageId rootid 5 tid 106031
target_page_id id: 7 tid 106031
0 1 tid 106031
128 6 tid 106031
365 4 tid 106031
492 7 tid 106031
137 tid 106031
Insert  tid 106031
FindTargetPageId rootid 5 tid 106033
target_page_id id: 4 tid 106033
0 1 tid 106033
128 6 tid 106033
365 4 tid 106033
492 7 tid 106033
127 tid 106033
Insert  tid 106033
FindTargetPageId rootid 5 tid 106031
target_page_id id: 7 tid 106031
0 1 tid 106031
128 6 tid 106031
365 4 tid 106031
492 7 tid 106031
138 tid 106031
Insert  tid 106031
FindTargetPageId rootid 5 tid 106031
target_page_id id: 7 tid 106031
0 1 tid 106031
128 6 tid 106031
365 4 tid 106031
492 7 tid 106031
139 tid 106031
Insert  tid 106031
FindTargetPageId rootid 5 tid 106031
target_page_id id: 7 tid 106031
0 1 tid 106031
128 6 tid 106031
365 4 tid 106031
492 7 tid 106031
140 tid 106031
Insert  tid 106031
FindTargetPageId rootid 5 tid 106031
target_page_id id: 7 tid 106031
0 1 tid 106031
128 6 tid 106031
365 4 tid 106031
492 7 tid 106031
141 tid 106031
Insert  tid 106031
FindTargetPageId rootid 5 tid 106031
target_page_id id: 7 tid 106031
0 1 tid 106031
128 6 tid 106031
365 4 tid 106031
492 7 tid 106031
142 tid 106031
Insert  tid 106031
FindTargetPageId rootid 5 tid 106031
target_page_id id: 7 tid 106031
0 1 tid 106031
128 6 tid 106031
365 4 tid 106031
492 7 tid 106031
143 tid 106031
Insert  tid 106031
FindTargetPageId rootid 5 tid 106031
target_page_id id: 7 tid 106031
0 1 tid 106031
128 6 tid 106031
365 4 tid 106031
492 7 tid 106031
144 tid 106031
Insert  tid 106031
FindTargetPageId rootid 5 tid 106031
target_page_id id: 7 tid 106031
0 1 tid 106031
128 6 tid 106031
365 4 tid 106031
492 7 tid 106031
145 tid 106031
Insert  tid 106031
FindTargetPageId rootid 5 tid 106031
target_page_id id: 7 tid 106031
0 1 tid 106031
128 6 tid 106031
365 4 tid 106031
492 7 tid 106031
146 tid 106031
Insert  tid 106031
FindTargetPageId rootid 5 tid 106031
target_page_id id: 7 tid 106031
0 1 tid 106031
128 6 tid 106031
365 4 tid 106031
492 7 tid 106031
147 tid 106031
Insert  tid 106031
FindTargetPageId rootid 5 tid 106031
target_page_id id: 7 tid 106031
0 1 tid 106031
128 6 tid 106031
365 4 tid 106031
492 7 tid 106031
148 tid 106031
Insert  tid 106031
FindTargetPageId rootid 5 tid 106031
target_page_id id: 7 tid 106031
0 1 tid 106031
128 6 tid 106031
365 4 tid 106031
492 7 tid 106031
149 tid 106031
Insert  tid 106031
FindTargetPageId rootid 5 tid 106031
target_page_id id: 7 tid 106031
0 1 tid 106031
128 6 tid 106031
365 4 tid 106031
492 7 tid 106031
150 tid 106031
Insert  tid 106031
FindTargetPageId rootid 5 tid 106031
target_page_id id: 7 tid 106031
0 1 tid 106031
128 6 tid 106031
365 4 tid 106031
492 7 tid 106031
151 tid 106031
Insert  tid 106031
FindTargetPageId rootid 5 tid 106031
target_page_id id: 7 tid 106031
0 1 tid 106031
128 6 tid 106031
365 4 tid 106031
492 7 tid 106031
152 tid 106031
Insert  tid 106031
FindTargetPageId rootid 5 tid 106031
target_page_id id: 7 tid 106031
0 1 tid 106031
128 6 tid 106031
365 4 tid 106031
492 7 tid 106031
153 tid 106031
Insert  tid 106031
FindTargetPageId rootid 5 tid 106031
target_page_id id: 7 tid 106031
0 1 tid 106031
128 6 tid 106031
365 4 tid 106031
492 7 tid 106031
154 tid 106031
Insert  tid 106031
FindTargetPageId rootid 5 tid 106031
target_page_id id: 7 tid 106031
0 1 tid 106031
128 6 tid 106031
365 4 tid 106031
492 7 tid 106031
155 tid 106031
Insert  tid 106031
FindTargetPageId rootid 5 tid 106031
target_page_id id: 7 tid 106031
0 1 tid 106031
128 6 tid 106031
365 4 tid 106031
492 7 tid 106031
156 tid 106031
Insert  tid 106031
FindTargetPageId rootid 5 tid 106031
target_page_id id: 7 tid 106031
0 1 tid 106031
128 6 tid 106031
365 4 tid 106031
492 7 tid 106031
157 tid 106031
Insert  tid 106031
FindTargetPageId rootid 5 tid 106031
target_page_id id: 7 tid 106031
0 1 tid 106031
128 6 tid 106031
365 4 tid 106031
492 7 tid 106031
158 tid 106031
Insert  tid 106031
FindTargetPageId rootid 5 tid 106031
target_page_id id: 7 tid 106031
0 1 tid 106031
128 6 tid 106031
365 4 tid 106031
492 7 tid 106031
159 tid 106031
Insert  tid 106031
FindTargetPageId rootid 5 tid 106031
target_page_id id: 7 tid 106031
0 1 tid 106031
128 6 tid 106031
365 4 tid 106031
492 7 tid 106031
160 tid 106031
Insert  tid 106031
FindTargetPageId rootid 5 tid 106031
target_page_id id: 7 tid 106031
0 1 tid 106031
128 6 tid 106031
365 4 tid 106031
492 7 tid 106031
161 tid 106031
Insert  tid 106031
FindTargetPageId rootid 5 tid 106031
target_page_id id: 7 tid 106031
0 1 tid 106031
128 6 tid 106031
365 4 tid 106031
492 7 tid 106031
162 tid 106031
Insert  tid 106031
FindTargetPageId rootid 5 tid 106031
target_page_id id: 7 tid 106031
0 1 tid 106031
128 6 tid 106031
365 4 tid 106031
492 7 tid 106031
163 tid 106031
Insert  tid 106031
FindTargetPageId rootid 5 tid 106031
target_page_id id: 7 tid 106031
0 1 tid 106031
128 6 tid 106031
365 4 tid 106031
492 7 tid 106031
164 tid 106031
Insert  tid 106031
FindTargetPageId rootid 5 tid 106031
target_page_id id: 7 tid 106031
0 1 tid 106031
128 6 tid 106031
365 4 tid 106031
492 7 tid 106031
165 tid 106031
Insert  tid 106031
FindTargetPageId rootid 5 tid 106032
target_page_id id: 7 tid 106032
0 1 tid 106032
128 6 tid 106032
365 4 tid 106032
492 7 tid 106032
166 tid 106032
Remove  tid 106032
FindTargetPageId rootid 5 tid 106032
target_page_id id: 7 tid 106032
0 1 tid 106032
128 6 tid 106032
365 4 tid 106032
492 7 tid 106032
166 tid 106032
Remove  tid 106032
FindTargetPageId rootid 5 tid 106032
target_page_id id: 7 tid 106032
0 1 tid 106032
128 6 tid 106032
365 4 tid 106032
492 7 tid 106032
166 tid 106032
Remove  tid 106032
FindTargetPageId rootid 5 tid 106032
target_page_id id: 7 tid 106032
0 1 tid 106032
128 6 tid 106032
365 4 tid 106032
492 7 tid 106032
166 tid 106032
Remove  tid 106032
FindTargetPageId rootid 5 tid 106031
target_page_id id: 7 tid 106031
0 1 tid 106031
128 6 tid 106031
365 4 tid 106031
492 7 tid 106031
166 tid 106031
Insert  tid 106031
FindTargetPageId rootid 5 tid 106031
target_page_id id: 7 tid 106031
0 1 tid 106031
128 6 tid 106031
365 4 tid 106031
492 7 tid 106031
167 tid 106031
Insert  tid 106031
FindTargetPageId rootid 5 tid 106031
target_page_id id: 7 tid 106031
0 1 tid 106031
128 6 tid 106031
365 4 tid 106031
492 7 tid 106031
168 tid 106031
Insert  tid 106031
FindTargetPageId rootid 5 tid 106031
target_page_id id: 7 tid 106031
0 1 tid 106031
128 6 tid 106031
365 4 tid 106031
492 7 tid 106031
169 tid 106031
Insert  tid 106031
FindTargetPageId rootid 5 tid 106031
target_page_id id: 7 tid 106031
0 1 tid 106031
128 6 tid 106031
365 4 tid 106031
492 7 tid 106031
170 tid 106031
Insert  tid 106031
FindTargetPageId rootid 5 tid 106031
target_page_id id: 7 tid 106031
0 1 tid 106031
128 6 tid 106031
365 4 tid 106031
492 7 tid 106031
171 tid 106031
Insert  tid 106031
FindTargetPageId rootid 5 tid 106031
target_page_id id: 7 tid 106031
0 1 tid 106031
128 6 tid 106031
365 4 tid 106031
492 7 tid 106031
172 tid 106031
Insert  tid 106031
FindTargetPageId rootid 5 tid 106031
target_page_id id: 7 tid 106031
0 1 tid 106031
128 6 tid 106031
365 4 tid 106031
492 7 tid 106031
173 tid 106031
Insert  tid 106031
FindTargetPageId rootid 5 tid 106031
target_page_id id: 7 tid 106031
0 1 tid 106031
128 6 tid 106031
365 4 tid 106031
492 7 tid 106031
174 tid 106031
Insert  tid 106031
FindTargetPageId rootid 5 tid 106031
target_page_id id: 7 tid 106031
0 1 tid 106031
128 6 tid 106031
365 4 tid 106031
492 7 tid 106031
175 tid 106031
Insert  tid 106031
FindTargetPageId rootid 5 tid 106031
target_page_id id: 7 tid 106031
0 1 tid 106031
128 6 tid 106031
365 4 tid 106031
492 7 tid 106031
176 tid 106031
Insert  tid 106031
FindTargetPageId rootid 5 tid 106031
target_page_id id: 7 tid 106031
0 1 tid 106031
128 6 tid 106031
365 4 tid 106031
492 7 tid 106031
177 tid 106031
Insert  tid 106031
FindTargetPageId rootid 5 tid 106031
target_page_id id: 7 tid 106031
0 1 tid 106031
128 6 tid 106031
365 4 tid 106031
492 7 tid 106031
178 tid 106031
Insert  tid 106031
FindTargetPageId rootid 5 tid 106031
target_page_id id: 7 tid 106031
0 1 tid 106031
128 6 tid 106031
365 4 tid 106031
492 7 tid 106031
179 tid 106031
Insert  tid 106031
FindTargetPageId rootid 5 tid 106031
target_page_id id: 7 tid 106031
0 1 tid 106031
128 6 tid 106031
365 4 tid 106031
492 7 tid 106031
180 tid 106031
Insert  tid 106031
FindTargetPageId rootid 5 tid 106031
target_page_id id: 7 tid 106031
0 1 tid 106031
128 6 tid 106031
365 4 tid 106031
492 7 tid 106031
181 tid 106031
Insert  tid 106031
FindTargetPageId rootid 5 tid 106031
target_page_id id: 7 tid 106031
0 1 tid 106031
128 6 tid 106031
365 4 tid 106031
492 7 tid 106031
182 tid 106031
Insert  tid 106031
FindTargetPageId rootid 5 tid 106031
target_page_id id: 7 tid 106031
0 1 tid 106031
128 6 tid 106031
365 4 tid 106031
492 7 tid 106031
183 tid 106031
Insert  tid 106031
FindTargetPageId rootid 5 tid 106031
target_page_id id: 7 tid 106031
0 1 tid 106031
128 6 tid 106031
365 4 tid 106031
492 7 tid 106031
184 tid 106031
Insert  tid 106031
FindTargetPageId rootid 5 tid 106031
target_page_id id: 7 tid 106031
0 1 tid 106031
128 6 tid 106031
365 4 tid 106031
492 7 tid 106031
185 tid 106031
Insert  tid 106031
FindTargetPageId rootid 5 tid 106031
target_page_id id: 7 tid 106031
0 1 tid 106031
128 6 tid 106031
365 4 tid 106031
492 7 tid 106031
186 tid 106031
Insert  tid 106031
FindTargetPageId rootid 5 tid 106031
target_page_id id: 7 tid 106031
0 1 tid 106031
128 6 tid 106031
365 4 tid 106031
492 7 tid 106031
187 tid 106031
Insert  tid 106031
FindTargetPageId rootid 5 tid 106031
target_page_id id: 7 tid 106031
0 1 tid 106031
128 6 tid 106031
365 4 tid 106031
492 7 tid 106031
188 tid 106031
Insert  tid 106031
FindTargetPageId rootid 5 tid 106031
target_page_id id: 7 tid 106031
0 1 tid 106031
128 6 tid 106031
365 4 tid 106031
492 7 tid 106031
189 tid 106031
Insert  tid 106031
FindTargetPageId rootid 5 tid 106031
target_page_id id: 7 tid 106031
0 1 tid 106031
128 6 tid 106031
365 4 tid 106031
492 7 tid 106031
190 tid 106031
Insert  tid 106031
FindTargetPageId rootid 5 tid 106031
target_page_id id: 7 tid 106031
0 1 tid 106031
128 6 tid 106031
365 4 tid 106031
492 7 tid 106031
191 tid 106031
Insert  tid 106031
FindTargetPageId rootid 5 tid 106031
target_page_id id: 7 tid 106031
0 1 tid 106031
128 6 tid 106031
365 4 tid 106031
492 7 tid 106031
192 tid 106031
Insert  tid 106031
FindTargetPageId rootid 5 tid 106031
target_page_id id: 7 tid 106031
0 1 tid 106031
128 6 tid 106031
365 4 tid 106031
492 7 tid 106031
193 tid 106031
Insert  tid 106031
FindTargetPageId rootid 5 tid 106031
target_page_id id: 7 tid 106031
0 1 tid 106031
128 6 tid 106031
365 4 tid 106031
492 7 tid 106031
194 tid 106031
Insert  tid 106031
FindTargetPageId rootid 5 tid 106031
target_page_id id: 7 tid 106031
0 1 tid 106031
128 6 tid 106031
365 4 tid 106031
492 7 tid 106031
195 tid 106031
Insert  tid 106031
FindTargetPageId rootid 5 tid 106031
target_page_id id: 7 tid 106031
0 1 tid 106031
128 6 tid 106031
365 4 tid 106031
492 7 tid 106031
196 tid 106031
Insert  tid 106031
FindTargetPageId rootid 5 tid 106031
target_page_id id: 7 tid 106031
0 1 tid 106031
128 6 tid 106031
365 4 tid 106031
492 7 tid 106031
197 tid 106031
Insert  tid 106031
FindTargetPageId rootid 5 tid 106031
target_page_id id: 7 tid 106031
0 1 tid 106031
128 6 tid 106031
365 4 tid 106031
492 7 tid 106031
198 tid 106031
Insert  tid 106031
FindTargetPageId rootid 5 tid 106031
target_page_id id: 7 tid 106031
0 1 tid 106031
128 6 tid 106031
365 4 tid 106031
492 7 tid 106031
199 tid 106031
Insert  tid 106031
FindTargetPageId rootid 5 tid 106031
target_page_id id: 7 tid 106031
0 1 tid 106031
128 6 tid 106031
365 4 tid 106031
492 7 tid 106031
200 tid 106031
Insert  tid 106031
FindTargetPageId rootid 5 tid 106031
target_page_id id: 7 tid 106031
0 1 tid 106031
128 6 tid 106031
365 4 tid 106031
492 7 tid 106031
201 tid 106031
Insert  tid 106031
FindTargetPageId rootid 5 tid 106031
target_page_id id: 7 tid 106031
0 1 tid 106031
128 6 tid 106031
365 4 tid 106031
492 7 tid 106031
202 tid 106031
Insert  tid 106031
FindTargetPageId rootid 5 tid 106031
target_page_id id: 7 tid 106031
0 1 tid 106031
128 6 tid 106031
365 4 tid 106031
492 7 tid 106031
203 tid 106031
Insert  tid 106031
FindTargetPageId rootid 5 tid 106031
target_page_id id: 7 tid 106031
0 1 tid 106031
128 6 tid 106031
365 4 tid 106031
492 7 tid 106031
204 tid 106031
Insert  tid 106031
FindTargetPageId rootid 5 tid 106033
target_page_id id: 4 tid 106033
0 1 tid 106033
128 6 tid 106033
365 4 tid 106033
492 7 tid 106033
127 tid 106033
Insert  tid 106033
FindTargetPageId rootid 5 tid 106033
target_page_id id: 4 tid 106033
0 1 tid 106033
128 6 tid 106033
365 4 tid 106033
492 7 tid 106033
127 tid 106033
Insert  tid 106033
FindTargetPageId rootid 5 tid 106033
target_page_id id: 4 tid 106033
0 1 tid 106033
128 6 tid 106033
365 4 tid 106033
492 7 tid 106033
127 tid 106033
Insert  tid 106033
FindTargetPageId rootid 5 tid 106033
target_page_id id: 4 tid 106033
0 1 tid 106033
128 6 tid 106033
365 4 tid 106033
492 7 tid 106033
127 tid 106033
Insert  tid 106033
FindTargetPageId rootid 5 tid 106033
target_page_id id: 4 tid 106033
0 1 tid 106033
128 6 tid 106033
365 4 tid 106033
492 7 tid 106033
127 tid 106033
Insert  tid 106033
FindTargetPageId rootid 5 tid 106033
target_page_id id: 4 tid 106033
0 1 tid 106033
128 6 tid 106033
365 4 tid 106033
492 7 tid 106033
127 tid 106033
Insert  tid 106033
FindTargetPageId rootid 5 tid 106032
target_page_id id: 7 tid 106032
0 1 tid 106032
128 6 tid 106032
365 4 tid 106032
492 7 tid 106032
205 tid 106032
Remove  tid 106032
FindTargetPageId rootid 5 tid 106032
target_page_id id: 7 tid 106032
0 1 tid 106032
128 6 tid 106032
365 4 tid 106032
492 7 tid 106032
205 tid 106032
Remove  tid 106032
FindTargetPageId rootid 5 tid 106032
target_page_id id: 7 tid 106032
0 1 tid 106032
128 6 tid 106032
365 4 tid 106032
492 7 tid 106032
205 tid 106032
Remove  tid 106032
FindTargetPageId rootid 5 tid 106032
target_page_id id: 7 tid 106032
0 1 tid 106032
128 6 tid 106032
365 4 tid 106032
492 7 tid 106032
205 tid 106032
Remove  tid 106032
FindTargetPageId rootid 5 tid 106032
target_page_id id: 7 tid 106032
0 1 tid 106032
128 6 tid 106032
365 4 tid 106032
492 7 tid 106032
205 tid 106032
Remove  tid 106032
FindTargetPageId rootid 5 tid 106032
target_page_id id: 7 tid 106032
0 1 tid 106032
128 6 tid 106032
365 4 tid 106032
492 7 tid 106032
205 tid 106032
Remove  tid 106032
FindTargetPageId rootid 5 tid 106032
target_page_id id: 7 tid 106032
0 1 tid 106032
128 6 tid 106032
365 4 tid 106032
492 7 tid 106032
205 tid 106032
Remove  tid 106032
FindTargetPageId rootid 5 tid 106032
target_page_id id: 7 tid 106032
0 1 tid 106032
128 6 tid 106032
365 4 tid 106032
492 7 tid 106032
205 tid 106032
Remove  tid 106032
FindTargetPageId rootid 5 tid 106032
target_page_id id: 7 tid 106032
0 1 tid 106032
128 6 tid 106032
365 4 tid 106032
492 7 tid 106032
205 tid 106032
Remove  tid 106032
FindTargetPageId rootid 5 tid 106032
target_page_id id: 7 tid 106032
0 1 tid 106032
128 6 tid 106032
365 4 tid 106032
492 7 tid 106032
205 tid 106032
Remove  tid 106032
FindTargetPageId rootid 5 tid 106032
target_page_id id: 7 tid 106032
0 1 tid 106032
128 6 tid 106032
365 4 tid 106032
492 7 tid 106032
205 tid 106032
Remove  tid 106032
FindTargetPageId rootid 5 tid 106032
target_page_id id: 7 tid 106032
0 1 tid 106032
128 6 tid 106032
365 4 tid 106032
492 7 tid 106032
205 tid 106032
Remove  tid 106032
FindTargetPageId rootid 5 tid 106031
target_page_id id: 7 tid 106031
0 1 tid 106031
128 6 tid 106031
365 4 tid 106031
492 7 tid 106031
205 tid 106031
Insert  tid 106031
FindTargetPageId rootid 5 tid 106031
target_page_id id: 7 tid 106031
0 1 tid 106031
128 6 tid 106031
365 4 tid 106031
492 7 tid 106031
206 tid 106031
Insert  tid 106031
FindTargetPageId rootid 5 tid 106031
target_page_id id: 7 tid 106031
0 1 tid 106031
128 6 tid 106031
365 4 tid 106031
492 7 tid 106031
207 tid 106031
Insert  tid 106031
FindTargetPageId rootid 5 tid 106031
target_page_id id: 7 tid 106031
0 1 tid 106031
128 6 tid 106031
365 4 tid 106031
492 7 tid 106031
208 tid 106031
Insert  tid 106031
FindTargetPageId rootid 5 tid 106031
target_page_id id: 7 tid 106031
0 1 tid 106031
128 6 tid 106031
365 4 tid 106031
492 7 tid 106031
209 tid 106031
Insert  tid 106031
FindTargetPageId rootid 5 tid 106031
target_page_id id: 7 tid 106031
0 1 tid 106031
128 6 tid 106031
365 4 tid 106031
492 7 tid 106031
210 tid 106031
Insert  tid 106031
FindTargetPageId rootid 5 tid 106031
target_page_id id: 7 tid 106031
0 1 tid 106031
128 6 tid 106031
365 4 tid 106031
492 7 tid 106031
211 tid 106031
Insert  tid 106031
FindTargetPageId rootid 5 tid 106033
target_page_id id: 4 tid 106033
0 1 tid 106033
128 6 tid 106033
365 4 tid 106033
492 7 tid 106033
127 tid 106033
Insert  tid 106033
FindTargetPageId rootid 5 tid 106033
target_page_id id: 4 tid 106033
0 1 tid 106033
128 6 tid 106033
365 4 tid 106033
492 7 tid 106033
127 tid 106033
Insert  tid 106033
FindTargetPageId rootid 5 tid 106033
target_page_id id: 4 tid 106033
0 1 tid 106033
128 6 tid 106033
365 4 tid 106033
492 7 tid 106033
127 tid 106033
Insert  tid 106033
FindTargetPageId rootid 5 tid 106033
target_page_id id: 4 tid 106033
0 1 tid 106033
128 6 tid 106033
365 4 tid 106033
492 7 tid 106033
127 tid 106033
Insert  tid 106033
FindTargetPageId rootid 5 tid 106033
target_page_id id: 4 tid 106033
0 1 tid 106033
128 6 tid 106033
365 4 tid 106033
492 7 tid 106033
127 tid 106033
Insert  tid 106033
FindTargetPageId rootid 5 tid 106033
target_page_id id: 4 tid 106033
0 1 tid 106033
128 6 tid 106033
365 4 tid 106033
492 7 tid 106033
127 tid 106033
Insert  tid 106033
FindTargetPageId rootid 5 tid 106033
target_page_id id: 4 tid 106033
0 1 tid 106033
128 6 tid 106033
365 4 tid 106033
492 7 tid 106033
127 tid 106033
Insert  tid 106033
FindTargetPageId rootid 5 tid 106033
target_page_id id: 4 tid 106033
0 1 tid 106033
128 6 tid 106033
365 4 tid 106033
492 7 tid 106033
127 tid 106033
Insert  tid 106033
FindTargetPageId rootid 5 tid 106031
target_page_id id: 7 tid 106031
0 1 tid 106031
128 6 tid 106031
365 4 tid 106031
492 7 tid 106031
212 tid 106031
Insert  tid 106031
FindTargetPageId rootid 5 tid 106031
target_page_id id: 7 tid 106031
0 1 tid 106031
128 6 tid 106031
365 4 tid 106031
492 7 tid 106031
213 tid 106031
Insert  tid 106031
FindTargetPageId rootid 5 tid 106031
target_page_id id: 7 tid 106031
0 1 tid 106031
128 6 tid 106031
365 4 tid 106031
492 7 tid 106031
214 tid 106031
Insert  tid 106031
FindTargetPageId rootid 5 tid 106031
target_page_id id: 7 tid 106031
0 1 tid 106031
128 6 tid 106031
365 4 tid 106031
492 7 tid 106031
215 tid 106031
Insert  tid 106031
FindTargetPageId rootid 5 tid 106031
target_page_id id: 7 tid 106031
0 1 tid 106031
128 6 tid 106031
365 4 tid 106031
492 7 tid 106031
216 tid 106031
Insert  tid 106031
FindTargetPageId rootid 5 tid 106031
target_page_id id: 7 tid 106031
0 1 tid 106031
128 6 tid 106031
365 4 tid 106031
492 7 tid 106031
217 tid 106031
Insert  tid 106031
FindTargetPageId rootid 5 tid 106031
target_page_id id: 7 tid 106031
0 1 tid 106031
128 6 tid 106031
365 4 tid 106031
492 7 tid 106031
218 tid 106031
Insert  tid 106031
FindTargetPageId rootid 5 tid 106033
target_page_id id: 4 tid 106033
0 1 tid 106033
128 6 tid 106033
365 4 tid 106033
492 7 tid 106033
127 tid 106033
Insert  tid 106033
FindTargetPageId rootid 5 tid 106033
target_page_id id: 4 tid 106033
0 1 tid 106033
128 6 tid 106033
365 4 tid 106033
492 7 tid 106033
127 tid 106033
Insert  tid 106033
FindTargetPageId rootid 5 tid 106033
target_page_id id: 4 tid 106033
0 1 tid 106033
128 6 tid 106033
365 4 tid 106033
492 7 tid 106033
127 tid 106033
Insert  tid 106033
FindTargetPageId rootid 5 tid 106031
target_page_id id: 7 tid 106031
0 1 tid 106031
128 6 tid 106031
365 4 tid 106031
492 7 tid 106031
219 tid 106031
Insert  tid 106031
FindTargetPageId rootid 5 tid 106032
target_page_id id: 7 tid 106032
0 1 tid 106032
128 6 tid 106032
365 4 tid 106032
492 7 tid 106032
220 tid 106032
Remove  tid 106032
FindTargetPageId rootid 5 tid 106033
target_page_id id: 4 tid 106033
0 1 tid 106033
128 6 tid 106033
365 4 tid 106033
492 7 tid 106033
127 tid 106033
FindTargetPageId rootid 5 tid 106031Insert 
target_page_id id: 7 tid 106031
0 tid  1 tid 106031
128 6 tid 106031
365 4 tid 106031
492 7 tid 106031
106033
219 tid 106031
Insert  tid 106031
FindTargetPageId rootid 5 tid 106032
target_page_id id: 7 tid 106032
0 1 tid 106032
128 6 tid 106032
365 4 tid 106032
492 7 tid 106032
220 tid 106032
FindTargetPageId rootid 5 tid 106033
target_page_id id: Remove  tid 4 tid 106032
106033
0 1 tid 106033
128 6 tid 106033
365 4 tid 106033
492 7 tid 106033
127 tid 106033
Insert  tid 106033
FindTargetPageId rootid 5 tid 106031
target_page_id id: 7 tid 106031
0 1 tid 106031
128 6 tid 106031
365 4 tid 106031
492 7 tid 106031
219 tid 106031
Insert  tid 106031
FindTargetPageId rootid 5 tid 106032
target_page_id id: 7 tid 106032
0 1 tid 106032
128 6 tid 106032
365 4 tid 106032
492 7 tid 106032
220 tid 106032
Remove  tid 106032
FindTargetPageId rootid 5 tid 106033
target_page_id id: 4 tid 106033
0 1 tid 106033
128 6 tid 106033
365 4 tid 106033
492 7 tid 106033
127 tid 106033
Insert  tid 106033
FindTargetPageId rootid 5 tid 106033
target_page_id id: 4 tid 106033
0 1 tid 106033
128 6 tid 106033
365 4 tid 106033
492 7 tid 106033
127 tid 106033
FindTargetPageId rootid 5 tid 106031
Insert  tid 106033
target_page_id id: 7 tid 106031
0 1 tid 106031
128 6 tid 106031
365 4 tid 106031
492 7 tid 106031
219 tid 106031
Insert  tid 106031
FindTargetPageId rootid 5 tid 106031
target_page_id id: 7 tid 106031
0 1 tid 106031
128 6 tid 106031
365 4 tid 106031
492 7 tid 106031
220 tid 106031
Insert  tid 106031
FindTargetPageId rootid 5 tid 106031
target_page_id id: 7 tid 106031
0 1 tid 106031
128 6 tid 106031
365 4 tid 106031
492 7 tid 106031
221 tid 106031
Insert  tid 106031
FindTargetPageId rootid 5 tid 106032
target_page_id id: 7 tid 106032
0 1 tid 106032
128 6 tid 106032
365 4 tid 106032
492 7 tid 106032
222 tid 106032
Remove  tid 106032
FindTargetPageId rootid 5 tid 106032
target_page_id id: 7 tid 106032
0 1 tid 106032
128 6 tid 106032
365 4 tid 106032
492 7 tid 106032
221 tid 106032
Remove  tid 106032
FindTargetPageId rootid 5 tid 106032
target_page_id id: 7 tid 106032
0 1 tid 106032
128 6 tid 106032
365 4 tid 106032
492 7 tid 106032
220 tid 106032
Remove  tid 106032
FindTargetPageId rootid 5 tid 106032
target_page_id id: 7 tid 106032
0 1 tid 106032
128 6 tid 106032
365 4 tid 106032
492 7 tid 106032
219 tid 106032
Remove  tid 106032
FindTargetPageId rootid 5 tid 106032
target_page_id id: 7 tid 106032
0 1 tid 106032
128 6 tid 106032
365 4 tid 106032
492 7 tid 106032
219 tid 106032
Remove  tid 106032
FindTargetPageId rootid 5 tid 106032
target_page_id id: 7 tid 106032
0 1 tid 106032
128 6 tid 106032
365 4 tid 106032
492 7 tid 106032
219 tid 106032
Remove  tid 106032
FindTargetPageId rootid 5 tid 106033
target_page_id id: 4 tid 106033
0 1 tid 106033
128 6 tid 106033
365 4 tid 106033
492 7 tid 106033
127 tid 106033
Insert  tid 106033
FindTargetPageId rootid 5 tid 106033
target_page_id id: 4 tid 106033
0 1 tid 106033
128 6 tid 106033
365 4 tid 106033
492 7 tid 106033
127 tid 106033
FindTargetPageId rootid 5 tid 106031
Insert  tid 106033
target_page_id id: 7 tid 106031
0 1 tid 106031
128 6 tid 106031
365 4 tid 106031
492 7 tid 106031
219 tid 106031
Insert  tid 106031
FindTargetPageId rootid 5 tid 106031
target_page_id id: 7 tid 106031
0 1 tid 106031
128 6 tid 106031
365 4 tid 106031
492 7 tid 106031
220 tid 106031
Insert  tid 106031
FindTargetPageId rootid 5 tid 106031
target_page_id id: 7 tid 106031
0 1 tid 106031
128 6 tid 106031
365 4 tid 106031
492 7 tid 106031
221 tid 106031
Insert  tid 106031
FindTargetPageId rootid 5 tid 106031
target_page_id id: 7 tid 106031
0 1 tid 106031
128 6 tid 106031
365 4 tid 106031
492 7 tid 106031
222 tid 106031
Insert  tid 106031
FindTargetPageId rootid 5 tid 106031
target_page_id id: 7 tid 106031
0 1 tid 106031
128 6 tid 106031
365 4 tid 106031
492 7 tid 106031
223 tid 106031
Insert  tid 106031
FindTargetPageId rootid 5 tid 106031
target_page_id id: 7 tid 106031
0 1 tid 106031
128 6 tid 106031
365 4 tid 106031
492 7 tid 106031
224 tid 106031
Insert  tid 106031
FindTargetPageId rootid 5 tid 106031
target_page_id id: 7 tid 106031
0 1 tid 106031
128 6 tid 106031
365 4 tid 106031
492 7 tid 106031
225 tid 106031
Insert  tid 106031
FindTargetPageId rootid 5 tid 106031
target_page_id id: 7 tid 106031
0 1 tid 106031
128 6 tid 106031
365 4 tid 106031
492 7 tid 106031
226 tid 106031
Insert  tid 106031
FindTargetPageId rootid 5 tid 106031
target_page_id id: 7 tid 106031
0 1 tid 106031
128 6 tid 106031
365 4 tid 106031
492 7 tid 106031
227 tid 106031
Insert  tid 106031
FindTargetPageId rootid 5 tid 106031
target_page_id id: 7 tid 106031
0 1 tid 106031
128 6 tid 106031
365 4 tid 106031
492 7 tid 106031
228 tid 106031
Insert  tid 106031
FindTargetPageId rootid 5 tid 106031
target_page_id id: 7 tid 106031
0 1 tid 106031
128 6 tid 106031
365 4 tid 106031
492 7 tid 106031
229 tid 106031
Insert  tid 106031
FindTargetPageId rootid 5 tid 106031
target_page_id id: 7 tid 106031
0 1 tid 106031
128 6 tid 106031
365 4 tid 106031
492 7 tid 106031
230 tid 106031
Insert  tid 106031
FindTargetPageId rootid 5 tid 106031
target_page_id id: 7 tid 106031
0 1 tid 106031
128 6 tid 106031
365 4 tid 106031
492 7 tid 106031
231 tid 106031
Insert  tid 106031
FindTargetPageId rootid 5 tid 106031
target_page_id id: 7 tid 106031
0 1 tid 106031
128 6 tid 106031
365 4 tid 106031
492 7 tid 106031
232 tid 106031
Insert  tid 106031
FindTargetPageId rootid 5 tid 106032
target_page_id id: 7 tid 106032
0 1 tid 106032
128 6 tid 106032
365 4 tid 106032
492 7 tid 106032
233 tid 106032
Remove  tid 106032
FindTargetPageId rootid 5 tid 106033
target_page_id id: 4 tid 106033
0 1 tid 106033
128 6 tid 106033
365 4 tid 106033
492 7 tid 106033
127 tid 106033
Insert  tid 106033
FindTargetPageId rootid 5 tid 106031
target_page_id id: 7 tid 106031
0 1 tid 106031
128 6 tid 106031
365 4 tid 106031
492 7 tid 106031
232 tid 106031
Insert  tid 106031
FindTargetPageId rootid 5 tid 106031
target_page_id id: 7 tid 106031
0 1 tid 106031
128 6 tid 106031
365 4 tid 106031
492 7 tid 106031
233 tid 106031
Insert  tid 106031
FindTargetPageId rootid 5 tid 106031
target_page_id id: 7 tid 106031
0 1 tid 106031
128 6 tid 106031
365 4 tid 106031
492 7 tid 106031
234 tid 106031
Insert  tid 106031
FindTargetPageId rootid 5 tid 106031
target_page_id id: 7 tid 106031
0 1 tid 106031
128 6 tid 106031
365 4 tid 106031
492 7 tid 106031
235 tid 106031
Insert  tid 106031
FindTargetPageId rootid 5 tid 106031
target_page_id id: 7 tid 106031
0 1 tid 106031
128 6 tid 106031
365 4 tid 106031
492 7 tid 106031
236 tid 106031
Insert  tid 106031
FindTargetPageId rootid 5 tid 106031
target_page_id id: 7 tid 106031
0 1 tid 106031
128 6 tid 106031
365 4 tid 106031
492 7 tid 106031
237 tid 106031
Insert  tid 106031
FindTargetPageId rootid 5 tid 106031
target_page_id id: 7 tid 106031
0 1 tid 106031
128 6 tid 106031
365 4 tid 106031
492 7 tid 106031
238 tid 106031
Insert  tid 106031
FindTargetPageId rootid 5 tid 106033
target_page_id id: 4 tid 106033
0 1 tid 106033
128 6 tid 106033
365 4 tid 106033
492 7 tid 106033
127 tid 106033
Insert  tid 106033
FindTargetPageId rootid 5 tid 106033
target_page_id id: 4 tid 106033
0 1 tid 106033
128 6 tid 106033
365 4 tid 106033
492 7 tid 106033
127 tid 106033
Insert  tid 106033
FindTargetPageId rootid 5 tid 106031
target_page_id id: 7 tid 106031
0 1 tid 106031
128 6 tid 106031
365 4 tid 106031
492 7 tid 106031
239 tid 106031
Insert  tid 106031
FindTargetPageId rootid 5 tid 106032
target_page_id id: 7 tid 106032
0 1 tid 106032
128 6 tid 106032
365 4 tid 106032
492 7 tid 106032
240 tid 106032
Remove  tid 106032
FindTargetPageId rootid 5 tid 106032
target_page_id id: 7 tid 106032
0 1 tid 106032
128 6 tid 106032
365 4 tid 106032
492 7 tid 106032
239 tid 106032
Remove  tid 106032
FindTargetPageId rootid 5 tid 106031
target_page_id id: 7 tid 106031
0 1 tid 106031
128 6 tid 106031
365 4 tid 106031
492 7 tid 106031
238 tid 106031
Insert  tid 106031
FindTargetPageId rootid 5 tid 106033
target_page_id id: 4 tid 106033
0 1 tid 106033
128 6 tid 106033
365 4 tid 106033
492 7 tid 106033
127 tid 106033
Insert  tid 106033
FindTargetPageId rootid 5 tid 106033
target_page_id id: 4 tid 106033
0 1 tid 106033
128 6 tid 106033
365 4 tid 106033
492 7 tid 106033
127 tid 106033
Insert  tid 106033
FindTargetPageId rootid 5 tid 106031
target_page_id id: 7 tid 106031
0 1 tid 106031
128 6 tid 106031
365 4 tid 106031
492 7 tid 106031
239 tid 106031
Insert  tid 106031
FindTargetPageId rootid 5 tid 106032
target_page_id id: 7 tid 106032
0 1 tid 106032
128 6 tid 106032
365 4 tid 106032
492 7 tid 106032
240 tid 106032
Remove  tid 106032
FindTargetPageId rootid 5 tid 106033
target_page_id id: 4 tid 106033
0 1 tid 106033
128 6 tid 106033
365 4 tid 106033
492 7 tid 106033
127 tid 106033
Insert  tid 106033
FindTargetPageId rootid 5 tid 106033
target_page_id id: 4 tid 106033
0 1 tid 106033
128 6 tid 106033
365 4 tid 106033
492 7 tid 106033
127 tid 106033
Insert  tid 106033
FindTargetPageId rootid 5 tid 106031
target_page_id id: 7 tid 106031
0 1 tid 106031
128 6 tid 106031
365 4 tid 106031
492 7 tid 106031
239 tid 106031
Insert  tid 106031
FindTargetPageId rootid 5 tid 106031
target_page_id id: 7 tid 106031
0 1 tid 106031
128 6 tid 106031
365 4 tid 106031
492 7 tid 106031
240 tid 106031
Insert  tid 106031
FindTargetPageId rootid 5 tid 106031
target_page_id id: 7 tid 106031
0 1 tid 106031
128 6 tid 106031
365 4 tid 106031
492 7 tid 106031
241 tid 106031
Insert  tid 106031
FindTargetPageId rootid 5 tid 106031
target_page_id id: 7 tid 106031
0 1 tid 106031
128 6 tid 106031
365 4 tid 106031
492 7 tid 106031
242 tid 106031
Insert  tid 106031
FindTargetPageId rootid 5 tid 106031
target_page_id id: 7 tid 106031
0 1 tid 106031
128 6 tid 106031
365 4 tid 106031
492 7 tid 106031
243 tid 106031
Insert  tid 106031
FindTargetPageId rootid 5 tid 106032
target_page_id id: 7 tid 106032
0 1 tid 106032
128 6 tid 106032
365 4 tid 106032
492 7 tid 106032
244 tid 106032
Remove  tid 106032
FindTargetPageId rootid 5 tid 106032
target_page_id id: 7 tid 106032
0 1 tid 106032
128 6 tid 106032
365 4 tid 106032
492 7 tid 106032
243 tid 106032
Remove  tid 106032
FindTargetPageId rootid 5 tid 106032
target_page_id id: 7 tid 106032
0 1 tid 106032
128 6 tid 106032
365 4 tid 106032
492 7 tid 106032
242 tid 106032
Remove  tid 106032
FindTargetPageId rootid 5 tid 106032
target_page_id id: 7 tid 106032
0 1 tid 106032
128 6 tid 106032
365 4 tid 106032
492 7 tid 106032
241 tid 106032
Remove  tid 106032
FindTargetPageId rootid 5 tid 106032
target_page_id id: 7 tid 106032
0 1 tid 106032
128 6 tid 106032
365 4 tid 106032
492 7 tid 106032
240 tid 106032
Remove  tid 106032
FindTargetPageId rootid 5 tid 106032
target_page_id id: 7 tid 106032
0 1 tid 106032
128 6 tid 106032
365 4 tid 106032
492 7 tid 106032
239 tid 106032
Remove  tid 106032
FindTargetPageId rootid 5 tid 106032
target_page_id id: 7 tid 106032
0 1 tid 106032
128 6 tid 106032
365 4 tid 106032
492 7 tid 106032
238 tid 106032
Remove  tid 106032
FindTargetPageId rootid 5 tid 106032
target_page_id id: 7 tid 106032
0 1 tid 106032
128 6 tid 106032
365 4 tid 106032
492 7 tid 106032
237 tid 106032
Remove  tid 106032
FindTargetPageId rootid 5 tid 106032
target_page_id id: 7 tid 106032
0 1 tid 106032
128 6 tid 106032
365 4 tid 106032
492 7 tid 106032
236 tid 106032
Remove  tid 106032
FindTargetPageId rootid 5 tid 106032
target_page_id id: 7 tid 106032
0 1 tid 106032
128 6 tid 106032
365 4 tid 106032
492 7 tid 106032
235 tid 106032
Remove  tid 106032
FindTargetPageId rootid 5 tid 106032
target_page_id id: 7 tid 106032
0 1 tid 106032
128 6 tid 106032
365 4 tid 106032
492 7 tid 106032
234 tid 106032
Remove  tid 106032
FindTargetPageId rootid 5 tid 106032
target_page_id id: 7 tid 106032
0 1 tid 106032
128 6 tid 106032
365 4 tid 106032
492 7 tid 106032
233 tid 106032
Remove  tid 106032
FindTargetPageId rootid 5 tid 106032
target_page_id id: 7 tid 106032
0 1 tid 106032
128 6 tid 106032
365 4 tid 106032
492 7 tid 106032
232 tid 106032
Remove  tid 106032
FindTargetPageId rootid 5 tid 106032
target_page_id id: 7 tid 106032
0 1 tid 106032
128 6 tid 106032
365 4 tid 106032
492 7 tid 106032
231 tid 106032
Remove  tid 106032
FindTargetPageId rootid 5 tid 106032
target_page_id id: 7 tid 106032
0 1 tid 106032
128 6 tid 106032
365 4 tid 106032
492 7 tid 106032
230 tid 106032
Remove  tid 106032
FindTargetPageId rootid 5 tid 106032
target_page_id id: 7 tid 106032
0 1 tid 106032
128 6 tid 106032
365 4 tid 106032
492 7 tid 106032
229 tid 106032
Remove  tid 106032
FindTargetPageId rootid 5 tid 106032
target_page_id id: 7 tid 106032
0 1 tid 106032
128 6 tid 106032
365 4 tid 106032
492 7 tid 106032
228 tid 106032
Remove  tid 106032
FindTargetPageId rootid 5 tid 106032
target_page_id id: 7 tid 106032
0 1 tid 106032
128 6 tid 106032
365 4 tid 106032
492 7 tid 106032
227 tid 106032
Remove  tid 106032
FindTargetPageId rootid 5 tid 106032
target_page_id id: 7 tid 106032
0 1 tid 106032
128 6 tid 106032
365 4 tid 106032
492 7 tid 106032
226 tid 106032
Remove  tid 106032
FindTargetPageId rootid 5 tid 106032
target_page_id id: 7 tid 106032
0 1 tid 106032
128 6 tid 106032
365 4 tid 106032
492 7 tid 106032
225 tid 106032
Remove  tid 106032
FindTargetPageId rootid 5 tid 106032
target_page_id id: 7 tid 106032
0 1 tid 106032
128 6 tid 106032
365 4 tid 106032
492 7 tid 106032
224 tid 106032
Remove  tid 106032
FindTargetPageId rootid 5 tid 106032
target_page_id id: 7 tid 106032
0 1 tid 106032
128 6 tid 106032
365 4 tid 106032
492 7 tid 106032
223 tid 106032
Remove  tid 106032
FindTargetPageId rootid 5 tid 106032
target_page_id id: 7 tid 106032
0 1 tid 106032
128 6 tid 106032
365 4 tid 106032
492 7 tid 106032
222 tid 106032
Remove  tid 106032
FindTargetPageId rootid 5 tid 106032
target_page_id id: 7 tid 106032
0 1 tid 106032
128 6 tid 106032
365 4 tid 106032
492 7 tid 106032
222 tid 106032
Remove  tid 106032
FindTargetPageId rootid 5 tid 106032
target_page_id id: 7 tid 106032
0 1 tid 106032
128 6 tid 106032
365 4 tid 106032
492 7 tid 106032
222 tid 106032
Remove  tid 106032
FindTargetPageId rootid 5 tid 106032
target_page_id id: 7 tid 106032
0 1 tid 106032
128 6 tid 106032
365 4 tid 106032
492 7 tid 106032
222 tid 106032
Remove  tid 106032
FindTargetPageId rootid 5 tid 106032
target_page_id id: 7 tid 106032
0 1 tid 106032
128 6 tid 106032
365 4 tid 106032
492 7 tid 106032
222 tid 106032
FindTargetPageId rootid Remove 5 tid  tid 106031
106032
target_page_id id: 7 tid 106031
0 1 tid 106031
128 6 tid 106031
365 4 tid 106031
492 7 tid 106031
222 tid 106031
Insert  tid 106031
FindTargetPageId rootid 5 tid 106031
target_page_id id: 7 tid 106031
0 1 tid 106031
128 6 tid 106031
365 4 tid 106031
492 7 tid 106031
223 tid 106031
Insert  tid 106031
FindTargetPageId rootid 5 tid 106031
target_page_id id: 7 tid 106031
0 1 tid 106031
128 6 tid 106031
365 4 tid 106031
492 7 tid 106031
224 tid 106031
Insert  tid 106031
FindTargetPageId rootid 5 tid 106031
target_page_id id: 7 tid 106031
0 1 tid 106031
128 6 tid 106031
365 4 tid 106031
492 7 tid 106031
225 tid 106031
Insert  tid 106031
FindTargetPageId rootid 5 tid 106031
target_page_id id: 7 tid 106031
0 1 tid 106031
128 6 tid 106031
365 4 tid 106031
492 7 tid 106031
226 tid 106031
Insert  tid 106031
FindTargetPageId rootid 5 tid 106031
target_page_id id: 7 tid 106031
0 1 tid 106031
128 6 tid 106031
365 4 tid 106031
492 7 tid 106031
227 tid 106031
Insert  tid 106031
FindTargetPageId rootid 5 tid 106031
target_page_id id: 7 tid 106031
0 1 tid 106031
128 6 tid 106031
365 4 tid 106031
492 7 tid 106031
228 tid 106031
Insert  tid 106031
FindTargetPageId rootid 5 tid 106032
target_page_id id: 7 tid 106032
0 1 tid 106032
128 6 tid 106032
365 4 tid 106032
492 7 tid 106032
229 tid 106032
Remove  tid 106032
FindTargetPageId rootid 5 tid 106032
target_page_id id: 7 tid 106032
0 1 tid 106032
128 6 tid 106032
365 4 tid 106032
492 7 tid 106032
228 tid 106032
Remove  tid 106032
FindTargetPageId rootid 5 tid 106033
target_page_id id: 4 tid 106033
0 1 tid 106033
128 6 tid 106033
365 4 tid 106033
492 7 tid 106033
127 tid 106033
Insert  tid 106033
FindTargetPageId rootid 5 tid 106031
target_page_id id: 7 tid 106031
0 1 tid 106031
128 6 tid 106031
365 4 tid 106031
492 7 tid 106031
227 tid 106031
Insert  tid 106031
FindTargetPageId rootid 5 tid 106031
target_page_id id: 7 tid 106031
0 1 tid 106031
128 6 tid 106031
365 4 tid 106031
492 7 tid 106031
228 tid 106031
Insert  tid 106031
FindTargetPageId rootid 5 tid 106031
target_page_id id: 7 tid 106031
0 1 tid 106031
128 6 tid 106031
365 4 tid 106031
492 7 tid 106031
229 tid 106031
Insert  tid 106031
FindTargetPageId rootid 5 tid 106031
target_page_id id: 7 tid 106031
0 1 tid 106031
128 6 tid 106031
365 4 tid 106031
492 7 tid 106031
230 tid 106031
Insert  tid 106031
FindTargetPageId rootid 5 tid 106031
target_page_id id: 7 tid 106031
0 1 tid 106031
128 6 tid 106031
365 4 tid 106031
492 7 tid 106031
231 tid 106031
Insert  tid 106031
FindTargetPageId rootid 5 tid 106031
target_page_id id: 7 tid 106031
0 1 tid 106031
128 6 tid 106031
365 4 tid 106031
492 7 tid 106031
232 tid 106031
Insert  tid 106031
FindTargetPageId rootid 5 tid 106031
target_page_id id: 7 tid 106031
0 1 tid 106031
128 6 tid 106031
365 4 tid 106031
492 7 tid 106031
233 tid 106031
Insert  tid 106031
FindTargetPageId rootid 5 tid 106031
target_page_id id: 7 tid 106031
0 1 tid 106031
128 6 tid 106031
365 4 tid 106031
492 7 tid 106031
234 tid 106031
Insert  tid 106031
FindTargetPageId rootid 5 tid 106031
target_page_id id: 7 tid 106031
0 1 tid 106031
128 6 tid 106031
365 4 tid 106031
492 7 tid 106031
235 tid 106031
Insert  tid 106031
FindTargetPageId rootid 5 tid 106031
target_page_id id: 7 tid 106031
0 1 tid 106031
128 6 tid 106031
365 4 tid 106031
492 7 tid 106031
236 tid 106031
Insert  tid 106031
FindTargetPageId rootid 5 tid 106031
target_page_id id: 7 tid 106031
0 1 tid 106031
128 6 tid 106031
365 4 tid 106031
492 7 tid 106031
237 tid 106031
Insert  tid 106031
FindTargetPageId rootid 5 tid 106031
target_page_id id: 7 tid 106031
0 1 tid 106031
128 6 tid 106031
365 4 tid 106031
492 7 tid 106031
238 tid 106031
Insert  tid 106031
FindTargetPageId rootid 5 tid 106031
target_page_id id: 7 tid 106031
0 1 tid 106031
128 6 tid 106031
365 4 tid 106031
492 7 tid 106031
239 tid 106031
Insert  tid 106031
FindTargetPageId rootid 5 tid 106031
target_page_id id: 7 tid 106031
0 1 tid 106031
128 6 tid 106031
365 4 tid 106031
492 7 tid 106031
240 tid 106031
Insert  tid 106031
FindTargetPageId rootid 5 tid 106031
target_page_id id: 7 tid 106031
0 1 tid 106031
128 6 tid 106031
365 4 tid 106031
492 7 tid 106031
241 tid 106031
Insert  tid 106031
FindTargetPageId rootid 5 tid 106031
target_page_id id: 7 tid 106031
0 1 tid 106031
128 6 tid 106031
365 4 tid 106031
492 7 tid 106031
242 tid 106031
Insert  tid 106031
FindTargetPageId rootid 5 tid 106031
target_page_id id: 7 tid 106031
0 1 tid 106031
128 6 tid 106031
365 4 tid 106031
492 7 tid 106031
243 tid 106031
Insert  tid 106031
FindTargetPageId rootid 5 tid 106031
target_page_id id: 7 tid 106031
0 1 tid 106031
128 6 tid 106031
365 4 tid 106031
492 7 tid 106031
244 tid 106031
Insert  tid 106031
FindTargetPageId rootid 5 tid 106031
target_page_id id: 7 tid 106031
0 1 tid 106031
128 6 tid 106031
365 4 tid 106031
492 7 tid 106031
245 tid 106031
Insert  tid 106031
FindTargetPageId rootid 5 tid 106031
target_page_id id: 7 tid 106031
0 1 tid 106031
128 6 tid 106031
365 4 tid 106031
492 7 tid 106031
246 tid 106031
Insert  tid 106031
FindTargetPageId rootid 5 tid 106031
target_page_id id: 7 tid 106031
0 1 tid 106031
128 6 tid 106031
365 4 tid 106031
492 7 tid 106031
247 tid 106031
Insert  tid 106031
FindTargetPageId rootid 5 tid 106031
target_page_id id: 7 tid 106031
0 1 tid 106031
128 6 tid 106031
365 4 tid 106031
492 7 tid 106031
248 tid 106031
Insert  tid 106031
FindTargetPageId rootid 5 tid 106031
target_page_id id: 7 tid 106031
0 1 tid 106031
128 6 tid 106031
365 4 tid 106031
492 7 tid 106031
249 tid 106031
Insert  tid 106031
FindTargetPageId rootid 5 tid 106031
target_page_id id: 7 tid 106031
0 1 tid 106031
128 6 tid 106031
365 4 tid 106031
492 7 tid 106031
250 tid 106031
Insert  tid 106031
FindTargetPageId rootid 5 tid 106031
target_page_id id: 7 tid 106031
0 1 tid 106031
128 6 tid 106031
365 4 tid 106031
492 7 tid 106031
251 tid 106031
Insert  tid 106031
FindTargetPageId rootid 5 tid 106031
target_page_id id: 7 tid 106031
0 1 tid 106031
128 6 tid 106031
365 4 tid 106031
492 7 tid 106031
252 tid 106031
Insert  tid 106031
FindTargetPageId rootid 5 tid 106031
target_page_id id: 7 tid 106031
0 1 tid 106031
128 6 tid 106031
365 4 tid 106031
492 7 tid 106031
253 tid 106031
Insert  tid 106031
FindTargetPageId rootid 5 tid 106031
target_page_id id: 7 tid 106031
0 1 tid 106031
128 6 tid 106031
365 4 tid 106031
492 7 tid 106031
254 tid 106031
Insert  tid 106031
FindTargetPageId rootid 5 tid 106032
target_page_id id: 8 tid 106032
0 1 tid 106032
128 6 tid 106032
365 4 tid 106032
492 7 tid 106032
619 8 tid 106032
128 tid 106032
Remove  tid 106032
FindTargetPageId rootid 5 tid 106033
target_page_id id: 4 tid 106033
0 1 tid 106033
128 6 tid 106033
365 4 tid 106033
492 7 tid 106033
619 8 tid 106033
127 tid 106033
Insert  tid 106033
FindTargetPageId rootid 5 tid 106031
target_page_id id: 8 tid 106031
0 1 tid 106031
128 6 tid 106031
365 4 tid 106031
492 7 tid 106031
619 8 tid 106031
127 tid 106031
Insert  tid 106031
FindTargetPageId rootid 5 tid 106032
target_page_id id: 8 tid 106032
0 1 tid 106032
128 6 tid 106032
365 4 tid 106032
492 7 tid 106032
619 8 tid 106032
128 tid 106032
Remove  tid 106032
FindTargetPageId rootid 5 tid 106033
target_page_id id: 4 tid 106033
0 1 tid 106033
128 6 tid 106033
365 4 tid 106033
492 7 tid 106033
619 8 tid 106033
127 tid 106033
Insert  tid 106033
FindTargetPageId rootid 5 tid 106031
target_page_id id: 8 tid 106031
0 1 tid 106031
128 6 tid 106031
365 4 tid 106031
492 7 tid 106031
619 8 tid 106031
127 tid 106031
Insert  tid 106031
FindTargetPageId rootid 5 tid 106031
target_page_id id: 8 tid 106031
0 1 tid 106031
128 6 tid 106031
365 4 tid 106031
492 7 tid 106031
619 8 tid 106031
128 tid 106031
Insert  tid 106031
FindTargetPageId rootid 5 tid 106031
target_page_id id: 8 tid 106031
0 1 tid 106031
128 6 tid 106031
365 4 tid 106031
492 7 tid 106031
619 8 tid 106031
129 tid 106031
Insert  tid 106031
FindTargetPageId rootid 5 tid 106031
target_page_id id: 8 tid 106031
0 1 tid 106031
128 6 tid 106031
365 4 tid 106031
492 7 tid 106031
619 8 tid 106031
130 tid 106031
Insert  tid 106031
FindTargetPageId rootid 5 tid 106031
target_page_id id: 8 tid 106031
0 1 tid 106031
128 6 tid 106031
365 4 tid 106031
492 7 tid 106031
619 8 tid 106031
131 tid 106031
Insert  tid 106031
FindTargetPageId rootid 5 tid 106031
target_page_id id: 8 tid 106031
0 1 tid 106031
128 6 tid 106031
365 4 tid 106031
492 7 tid 106031
619 8 tid 106031
132 tid 106031
Insert  tid 106031
FindTargetPageId rootid 5 tid 106031
target_page_id id: 8 tid 106031
0 1 tid 106031
128 6 tid 106031
365 4 tid 106031
492 7 tid 106031
619 8 tid 106031
133 tid 106031
Insert  tid 106031
FindTargetPageId rootid 5 tid 106031
target_page_id id: 8 tid 106031
0 1 tid 106031
128 6 tid 106031
365 4 tid 106031
492 7 tid 106031
619 8 tid 106031
134 tid 106031
Insert  tid 106031
FindTargetPageId rootid 5 tid 106031
target_page_id id: 8 tid 106031
0 1 tid 106031
128 6 tid 106031
365 4 tid 106031
492 7 tid 106031
619 8 tid 106031
135 tid 106031
Insert  tid 106031
FindTargetPageId rootid 5 tid 106031
target_page_id id: 8 tid 106031
0 1 tid 106031
128 6 tid 106031
365 4 tid 106031
492 7 tid 106031
619 8 tid 106031
136 tid 106031
Insert  tid 106031
FindTargetPageId rootid 5 tid 106031
target_page_id id: 8 tid 106031
0 1 tid 106031
128 6 tid 106031
365 4 tid 106031
492 7 tid 106031
619 8 tid 106031
137 tid 106031
Insert  tid 106031
FindTargetPageId rootid 5 tid 106031
target_page_id id: 8 tid 106031
0 1 tid 106031
128 6 tid 106031
365 4 tid 106031
492 7 tid 106031
619 8 tid 106031
138 tid 106031
Insert  tid 106031
FindTargetPageId rootid 5 tid 106031
target_page_id id: 8 tid 106031
0 1 tid 106031
128 6 tid 106031
365 4 tid 106031
492 7 tid 106031
619 8 tid 106031
139 tid 106031
Insert  tid 106031
FindTargetPageId rootid 5 tid 106031
target_page_id id: 8 tid 106031
0 1 tid 106031
128 6 tid 106031
365 4 tid 106031
492 7 tid 106031
619 8 tid 106031
140 tid 106031
Insert  tid 106031
FindTargetPageId rootid 5 tid 106031
target_page_id id: 8 tid 106031
0 1 tid 106031
128 6 tid 106031
365 4 tid 106031
492 7 tid 106031
619 8 tid 106031
141 tid 106031
Insert  tid FindTargetPageId rootid 5 tid 106033
target_page_id id: 4 tid 106033
0 1 tid 106033
128 6 tid 106033
365 4 tid 106033
492 7 tid 106033
619 8 tid 106033
127 tid 106033
Insert  tid 106033
FindTargetPageId rootid 5 tid 106033
target_page_id id: 4 tid 106033
0 1 tid 106033
128 6 tid 106033
365 4 tid 106033
492 7 tid 106033
619 8 tid 106033
127 tid 106033
Insert  tid 106033
FindTargetPageId rootid 5 tid 106033
target_page_id id: 7 tid 106033
0 1 tid 106033
128 6 tid 106033
365 4 tid 106033
492 7 tid 106033
619 8 tid 106033
127 tid 106033
Insert  tid 106033
FindTargetPageId rootid 5 tid 106033
target_page_id id: 7 tid 106033
0 1 tid 106033
128 6 tid 106033
365 4 tid 106033
492 7 tid 106033
619 8 tid 106033
127 tid 106033
Insert  tid 106033
FindTargetPageId rootid 5 tid 106033
target_page_id id: 7 tid 106033
0 1 tid 106033
128 6 tid 106033
365 4 tid 106033
492 7 tid 106033
619 8 tid 106033
127 tid 106033
Insert  tid 106033
FindTargetPageId rootid 5 tid 106033
target_page_id id: 7 tid 106033
0 1 tid 106033
128 6 tid 106033
365 4 tid 106033
492 7 tid 106033
619 8 tid 106033
127 tid 106033
Insert  tid 106033
FindTargetPageId rootid 5 tid 106033
target_page_id id: 7 tid 106033
0 1 tid 106033
128 6 tid 106033
365 4 tid 106033
492 7 tid 106033
619 8 tid 106033
127 tid 106033
Insert  tid 106033
FindTargetPageId rootid 5 tid 106033
target_page_id id: 7 tid 106033
0 1 tid 106033
128 6 tid 106033
365 4 tid 106033
492 7 tid 106033
619 8 tid 106033
127 tid 106033
106031
Insert  tid 106033
FindTargetPageId rootid 5 tid 106031
target_page_id id: 8 tid 106031
0 1 tid 106031
128 6 tid 106031
365 4 tid 106031
492 7 tid 106031
619 8 tid 106031
142 tid 106031
Insert  tid 106031
FindTargetPageId rootid 5 tid 106031
target_page_id id: 8 tid 106031
0 1 tid 106031
128 6 tid 106031
365 4 tid 106031
492 7 tid 106031
619 8 tid 106031
143 tid 106031
Insert  tid 106031
FindTargetPageId rootid 5 tid 106031
target_page_id id: 8 tid 106031
0 1 tid 106031
128 6 tid 106031
365 4 tid 106031
492 7 tid 106031
619 8 tid 106031
144 tid 106031
Insert  tid 106031
FindTargetPageId rootid 5 tid 106031
target_page_id id: 8 tid 106031
0 1 tid 106031
128 6 tid 106031
365 4 tid 106031
492 7 tid 106031
619 8 tid 106031
145 tid 106031
Insert  tid 106031
FindTargetPageId rootid 5 tid 106031
target_page_id id: 8 tid 106031
0 1 tid 106031
128 6 tid 106031
365 4 tid 106031
492 7 tid 106031
619 8 tid 106031
146 tid 106031
Insert  tid 106031
FindTargetPageId rootid 5 tid 106031
target_page_id id: 8 tid 106031
0 1 tid 106031
128 6 tid 106031
365 4 tid 106031
492 7 tid 106031
619 8 tid 106031
147 tid 106031
Insert  tid 106031
FindTargetPageId rootid 5 tid 106031
target_page_id id: 8 tid 106031
0 1 tid 106031
128 6 tid 106031
365 4 tid 106031
492 7 tid 106031
619 8 tid 106031
148 tid 106031
Insert  tid 106031
FindTargetPageId rootid 5 tid 106031
target_page_id id: 8 tid 106031
0 1 tid 106031
128 6 tid 106031
365 4 tid 106031
492 7 tid 106031
619 8 tid 106031
149 tid 106031
Insert  tid 106031
FindTargetPageId rootid 5 tid 106031
target_page_id id: 8 tid 106031
0 1 tid 106031
128 6 tid 106031
365 4 tid 106031
492 7 tid 106031
619 8 tid 106031
150 tid 106031
Insert  tid 106031
FindTargetPageId rootid 5 tid 106033
target_page_id id: 7 tid 106033
0 1 tid 106033
128 6 tid 106033
365 4 tid 106033
492 7 tid 106033
619 8 tid 106033
127 tid 106033
Insert  tid 106033
FindTargetPageId rootid 5 tid 106033
target_page_id id: 7 tid 106033
0 1 tid 106033
128 6 tid 106033
365 4 tid 106033
492 7 tid 106033
619 8 tid 106033
127 tid 106033
Insert  tid 106033
FindTargetPageId rootid 5 tid 106033
target_page_id id: 7 tid 106033
0 1 tid 106033
128 6 tid 106033
365 4 tid 106033
492 7 tid 106033
619 8 tid 106033
127 tid 106033
Insert  tid 106033
FindTargetPageId rootid 5 tid 106033
target_page_id id: 7 tid 106033
0 1 tid 106033
128 6 tid 106033
365 4 tid 106033
492 7 tid 106033
619 8 tid 106033
127 tid 106033
Insert  tid 106033
FindTargetPageId rootid 5 tid 106033
target_page_id id: 7 tid 106033
0 1 tid 106033
128 6 tid 106033
365 4 tid 106033
492 7 tid 106033
619 8 tid 106033
127 tid 106033
Insert  tid 106033
FindTargetPageId rootid 5 tid 106033
target_page_id id: 7 tid 106033
0 1 tid 106033
128 6 tid 106033
365 4 tid 106033
492 7 tid 106033
619 8 tid 106033
127 tid 106033
Insert  tid 106033
FindTargetPageId rootid 5 tid 106033
target_page_id id: 7 tid 106033
0 1 tid 106033
128 6 tid 106033
365 4 tid 106033
492 7 tid 106033
619 8 tid 106033
127 tid 106033
Insert  tid 106033
FindTargetPageId rootid 5 tid 106033
target_page_id id: 7 tid 106033
0 1 tid 106033
128 6 tid 106033
365 4 tid 106033
492 7 tid 106033
619 8 tid 106033
127 tid 106033
Insert  tid 106033
FindTargetPageId rootid 5 tid 106033
target_page_id id: 7 tid 106033
0 1 tid 106033
128 6 tid 106033
365 4 tid 106033
492 7 tid 106033
619 8 tid 106033
127 tid 106033
Insert  tid 106033
FindTargetPageId rootid 5 tid 106033
target_page_id id: 7 tid 106033
0 1 tid 106033
128 6 tid 106033
365 4 tid 106033
492 7 tid 106033
619 8 tid 106033
127 tid 106033
Insert  tid 106033
FindTargetPageId rootid 5 tid 106033
target_page_id id: 7 tid 106033
0 1 tid 106033
128 6 tid 106033
365 4 tid 106033
492 7 tid 106033
619 8 tid 106033
127 tid 106033
Insert  tid 106033
FindTargetPageId rootid 5 tid 106033
target_page_id id: 7 tid 106033
0 1 tid 106033
128 6 tid 106033
365 4 tid 106033
492 7 tid 106033
619 8 tid 106033
127 tid 106033
Insert  tid 106033
FindTargetPageId rootid 5 tid 106033
target_page_id id: 7 tid 106033
0 1 tid 106033
128 6 tid 106033
365 4 tid 106033
492 7 tid 106033
619 8 tid 106033
127 tid 106033
Insert  tid 106033
FindTargetPageId rootid 5 tid 106033
target_page_id id: 7 tid 106033
0 1 tid 106033
128 6 tid 106033
365 4 tid 106033
492 7 tid 106033
619 8 tid 106033
127 tid 106033
Insert  tid 106033
FindTargetPageId rootid 5 tid 106033
target_page_id id: 7 tid 106033
0 1 tid 106033
128 6 tid 106033
365 4 tid 106033
492 7 tid 106033
619 8 tid 106033
127 tid 106033
Insert  tid 106033
FindTargetPageId rootid 5 tid 106033
target_page_id id: 7 tid 106033
0 1 tid 106033
128 6 tid 106033
365 4 tid 106033
492 7 tid 106033
619 8 tid 106033
127 tid 106033
Insert  tid 106033
FindTargetPageId rootid 5 tid 106033
target_page_id id: 7 tid 106033
0 1 tid 106033
128 6 tid 106033
365 4 tid 106033
492 7 tid 106033
619 8 tid 106033
127 tid 106033
Insert  tid 106033
FindTargetPageId rootid 5 tid 106033
target_page_id id: 7 tid 106033
0 1 tid 106033
128 6 tid 106033
365 4 tid 106033
492 7 tid 106033
619 8 tid 106033
127 tid 106033
Insert  tid 106033
FindTargetPageId rootid 5 tid 106033
target_page_id id: 7 tid 106033
0 1 tid 106033
128 6 tid 106033
365 4 tid 106033
492 7 tid 106033
619 8 tid 106033
127 tid 106033
Insert  tid 106033
FindTargetPageId rootid 5 tid 106032
target_page_id id: 8 tid 106032
0 1 tid 106032
128 6 tid 106032
365 4 tid 106032
492 7 tid 106032
619 8 tid 106032
151 tid 106032
Remove  tid 106032
FindTargetPageId rootid 5 tid 106032
target_page_id id: 8 tid 106032
0 1 tid 106032
128 6 tid 106032
365 4 tid 106032
492 7 tid 106032
619 8 tid 106032
150 tid 106032
Remove  tid 106032
FindTargetPageId rootid 5 tid 106032
target_page_id id: 8 tid 106032
0 1 tid 106032
128 6 tid 106032
365 4 tid 106032
492 7 tid 106032
619 8 tid 106032
149 tid 106032
Remove  tid 106032
FindTargetPageId rootid 5 tid 106032
target_page_id id: 8 tid 106032
0 1 tid 106032
128 6 tid 106032
365 4 tid 106032
492 7 tid 106032
619 8 tid 106032
148 tid 106032
Remove  tid 106032
FindTargetPageId rootid 5 tid 106032
target_page_id id: 8 tid 106032
0 1 tid 106032
128 6 tid 106032
365 4 tid 106032
492 7 tid 106032
619 8 tid 106032
147 tid 106032
Remove  tid 106032
FindTargetPageId rootid 5 tid 106033
target_page_id id: 7 tid 106033
0 1 tid 106033
128 6 tid 106033
365 4 tid 106033
492 7 tid 106033
619 8 tid 106033
127 tid 106033
Insert  tid 106033
FindTargetPageId rootid 5 tid 106033
target_page_id id: 7 tid 106033
0 1 tid 106033
128 6 tid 106033
365 4 tid 106033
492 7 tid 106033
619 8 tid 106033
127 tid 106033
Insert  tid 106033
FindTargetPageId rootid 5 tid 106031
target_page_id id: 8 tid 106031
0 1 tid 106031
128 6 tid 106031
365 4 tid 106031
492 7 tid 106031
619 8 tid 106031
146 tid 106031
Insert  tid 106031
FindTargetPageId rootid 5 tid 106031
target_page_id id: 8 tid 106031
0 1 tid 106031
128 6 tid 106031
365 4 tid 106031
492 7 tid 106031
619 8 tid 106031
147 tid 106031
Insert  tid 106031
FindTargetPageId rootid 5 tid 106032
target_page_id id: 8 tid 106032
0 1 tid 106032
128 6 tid 106032
365 4 tid 106032
492 7 tid 106032
619 8 tid 106032
148 tid 106032
Remove  tid 106032
FindTargetPageId rootid 5 tid 106032
target_page_id id: 8 tid 106032
0 1 tid 106032
128 6 tid 106032
365 4 tid 106032
492 7 tid 106032
619 8 tid 106032
147 tid 106032
Remove  tid 106032
FindTargetPageId rootid 5 tid 106032
target_page_id id: 8 tid 106032
0 1 tid 106032
128 6 tid 106032
365 4 tid 106032
492 7 tid 106032
619 8 tid 106032
146 tid 106032
Remove  tid 106032
FindTargetPageId rootid 5 tid 106032
target_page_id id: 8 tid 106032
0 1 tid 106032
128 6 tid 106032
365 4 tid 106032
492 7 tid 106032
619 8 tid 106032
145 tid 106032
Remove  tid 106032
FindTargetPageId rootid 5 tid 106032
target_page_id id: 8 tid 106032
0 1 tid 106032
128 6 tid 106032
365 4 tid 106032
492 7 tid 106032
619 8 tid 106032
144 tid 106032
Remove  tid 106032
FindTargetPageId rootid 5 tid 106032
target_page_id id: 8 tid 106032
0 1 tid 106032
128 6 tid 106032
365 4 tid 106032
492 7 tid 106032
619 8 tid 106032
143 tid 106032
Remove  tid 106032
FindTargetPageId rootid 5 tid 106031
target_page_id id: 8 tid 106031
0 1 tid 106031
128 6 tid 106031
365 4 tid 106031
492 7 tid 106031
619 8 tid 106031
142 tid 106031
Insert  tid 106031
FindTargetPageId rootid 5 tid 106032
target_page_id id: 8 tid 106032
0 1 tid 106032
128 6 tid 106032
365 4 tid 106032
492 7 tid 106032
619 8 tid 106032
143 tid 106032
Remove  tid 106032
FindTargetPageId rootid 5 tid 106032
target_page_id id: 8 tid 106032
0 1 tid 106032
128 6 tid 106032
365 4 tid 106032
492 7 tid 106032
619 8 tid 106032
142 tid 106032
Remove  tid 106032
FindTargetPageId rootid 5 tid 106032
target_page_id id: 8 tid 106032
0 1 tid 106032
128 6 tid 106032
365 4 tid 106032
492 7 tid 106032
619 8 tid 106032
141 tid 106032
Remove  tid 106032
FindTargetPageId rootid 5 tid 106032
target_page_id id: 8 tid 106032
0 1 tid 106032
128 6 tid 106032
365 4 tid 106032
492 7 tid 106032
619 8 tid 106032
140 tid 106032
Remove  tid 106032
FindTargetPageId rootid 5 tid 106032
target_page_id id: 8 tid 106032
0 1 tid 106032
128 6 tid 106032
365 4 tid 106032
492 7 tid 106032
619 8 tid 106032
139 tid 106032
Remove  tid 106032
FindTargetPageId rootid 5 tid 106032
target_page_id id: 8 tid 106032
0 1 tid 106032
128 6 tid 106032
365 4 tid 106032
492 7 tid 106032
619 8 tid 106032
138 tid 106032
Remove  tid 106032
FindTargetPageId rootid 5 tid 106032
target_page_id id: 8 tid 106032
0 1 tid 106032
128 6 tid 106032
365 4 tid 106032
492 7 tid 106032
619 8 tid 106032
137 tid 106032
Remove  tid 106032
FindTargetPageId rootid 5 tid 106032
target_page_id id: 8 tid 106032
0 1 tid 106032
128 6 tid 106032
365 4 tid 106032
492 7 tid 106032
619 8 tid 106032
136 tid 106032
Remove  tid 106032
FindTargetPageId rootid 5 tid 106032
target_page_id id: 8 tid 106032
0 1 tid 106032
128 6 tid 106032
365 4 tid 106032
492 7 tid 106032
619 8 tid 106032
135 tid 106032
Remove  tid 106032
FindTargetPageId rootid 5 tid 106032
target_page_id id: 8 tid 106032
0 1 tid 106032
128 6 tid 106032
365 4 tid 106032
492 7 tid 106032
619 8 tid 106032
134 tid 106032
Remove  tid 106032
FindTargetPageId rootid 5 tid 106032
target_page_id id: 8 tid 106032
0 1 tid 106032
128 6 tid 106032
365 4 tid 106032
492 7 tid 106032
619 8 tid 106032
133 tid 106032
Remove  tid 106032
FindTargetPageId rootid 5 tid 106032
target_page_id id: 8 tid 106032
0 1 tid 106032
128 6 tid 106032
365 4 tid 106032
492 7 tid 106032
619 8 tid 106032
132 tid 106032
Remove  tid 106032
FindTargetPageId rootid 5 tid 106032
target_page_id id: 8 tid 106032
0 1 tid 106032
128 6 tid 106032
365 4 tid 106032
492 7 tid 106032
619 8 tid 106032
131 tid 106032
Remove  tid 106032
FindTargetPageId rootid 5 tid 106032
target_page_id id: 8 tid 106032
0 1 tid 106032
128 6 tid 106032
365 4 tid 106032
492 7 tid 106032
619 8 tid 106032
130 tid 106032
Remove  tid 106032
FindTargetPageId rootid 5 tid 106032
target_page_id id: 8 tid 106032
0 1 tid 106032
128 6 tid 106032
365 4 tid 106032
492 7 tid 106032
619 8 tid 106032
129 tid 106032
Remove  tid 106032
FindTargetPageId rootid 5 tid 106032
target_page_id id: 8 tid 106032
0 1 tid 106032
128 6 tid 106032
365 4 tid 106032
492 7 tid 106032
619 8 tid 106032
128 tid 106032
Remove  tid 106032
FindTargetPageId rootid 5 tid 106032
target_page_id id: 8 tid 106032
0 1 tid 106032
128 6 tid 106032
365 4 tid 106032
492 7 tid 106032
619 8 tid 106032
127 tid 106032
Remove  tid 106032
FindTargetPageId rootid 5 tid 106032
target_page_id id: 7 tid 106032
0 1 tid 106032
128 6 tid 106032
365 4 tid 106032
492 7 tid 106032
253 tid 106032
Remove  tid 106032
FindTargetPageId rootid 5 tid 106032
target_page_id id: 7 tid 106032
0 1 tid 106032
128 6 tid 106032
365 4 tid 106032
492 7 tid 106032
252 tid 106032
Remove  tid 106032
FindTargetPageId rootid 5 tid 106032
target_page_id id: 7 tid 106032
0 1 tid 106032
128 6 tid 106032
365 4 tid 106032
492 7 tid 106032
251 tid 106032
Remove  tid 106032
FindTargetPageId rootid 5 tid 106032
target_page_id id: 7 tid 106032
0 1 tid 106032
128 6 tid 106032
365 4 tid 106032
492 7 tid 106032
250 tid 106032
Remove  tid 106032
FindTargetPageId rootid 5 tid 106032
target_page_id id: 7 tid 106032
0 1 tid 106032
128 6 tid 106032
365 4 tid 106032
492 7 tid 106032
249 tid 106032
Remove  tid 106032
FindTargetPageId rootid 5 tid 106032
target_page_id id: 7 tid 106032
0 1 tid 106032
128 6 tid 106032
365 4 tid 106032
492 7 tid 106032
248 tid 106032
Remove  tid 106032
FindTargetPageId rootid 5 tid 106032
target_page_id id: 7 tid 106032
0 1 tid 106032
128 6 tid 106032
365 4 tid 106032
492 7 tid 106032
247 tid 106032
Remove  tid 106032
FindTargetPageId rootid 5 tid 106033
target_page_id id: 7 tid 106033
0 1 tid 106033
128 6 tid 106033
365 4 tid 106033
492 7 tid 106033
246 tid 106033
Insert  tid 106033
FindTargetPageId rootid 5 tid 106033
target_page_id id: 7 tid 106033
0 1 tid 106033
128 6 tid 106033
365 4 tid 106033
492 7 tid 106033
246 tid 106033
Insert  tid 106033
FindTargetPageId rootid 5 tid 106033
target_page_id id: 7 tid 106033
0 1 tid 106033
128 6 tid 106033
365 4 tid 106033
492 7 tid 106033
246 tid 106033
Insert  tid 106033
FindTargetPageId rootid 5 tid 106033
target_page_id id: 7 tid 106033
0 1 tid 106033
128 6 tid 106033
365 4 tid 106033
492 7 tid 106033
246 tid 106033
Insert  tid 106033
FindTargetPageId rootid 5 tid 106033
target_page_id id: 7 tid 106033
0 1 tid 106033
128 6 tid 106033
365 4 tid 106033
492 7 tid 106033
246 tid 106033
Insert  tid 106033
FindTargetPageId rootid 5 tid 106033
target_page_id id: 7 tid 106033
0 1 tid 106033
128 6 tid 106033
365 4 tid 106033
492 7 tid 106033
246 tid 106033
Insert  tid 106033
FindTargetPageId rootid 5 tid 106033
target_page_id id: 7 tid 106033
0 1 tid 106033
128 6 tid 106033
365 4 tid 106033
492 7 tid 106033
246 tid 106033
Insert  tid 106033
FindTargetPageId rootid 5 tid 106033
target_page_id id: 7 tid 106033
0 1 tid 106033
128 6 tid 106033
365 4 tid 106033
492 7 tid 106033
246 tid 106033
Insert  tid 106033
FindTargetPageId rootid 5 tid 106033
target_page_id id: 7 tid 106033
0 1 tid 106033
128 6 tid 106033
365 4 tid 106033
492 7 tid 106033
246 tid 106033
Insert  tid 106033
FindTargetPageId rootid 5 tid 106033
target_page_id id: 7 tid 106033
0 1 tid 106033
128 6 tid 106033
365 4 tid 106033
492 7 tid 106033
246 tid 106033
Insert  tid 106033
FindTargetPageId rootid 5 tid 106033
target_page_id id: 7 tid 106033
0 1 tid 106033
128 6 tid 106033
365 4 tid 106033
492 7 tid 106033
246 tid 106033
Insert  tid 106033
FindTargetPageId rootid 5 tid 106033
target_page_id id: 7 tid 106033
0 1 tid 106033
128 6 tid 106033
365 4 tid 106033
492 7 tid 106033
246 tid 106033
Insert  tid 106033
FindTargetPageId rootid 5 tid 106033
target_page_id id: 7 tid 106033
0 1 tid 106033
128 6 tid 106033
365 4 tid 106033
492 7 tid 106033
246 tid 106033
Insert  tid 106033
FindTargetPageId rootid 5 tid 106033
target_page_id id: 7 tid 106033
0 1 tid 106033
128 6 tid 106033
365 4 tid 106033
492 7 tid 106033
246 tid 106033
Insert  tid 106033
FindTargetPageId rootid 5 tid 106031
target_page_id id: 7 tid 106031
0 1 tid 106031
128 6 tid 106031
365 4 tid 106031
492 7 tid 106031
246 tid 106031
Insert  tid 106031
FindTargetPageId rootid 5 tid 106033
target_page_id id: 7 tid 106033
0 1 tid 106033
128 6 tid 106033
365 4 tid 106033
492 7 tid 106033
247 tid 106033
Insert  tid 106033
FindTargetPageId rootid 5 tid 106033
target_page_id id: 7 tid 106033
0 1 tid 106033
128 6 tid 106033
365 4 tid 106033
492 7 tid 106033
247 tid 106033
Insert  tid 106033
FindTargetPageId rootid 5 tid 106033
target_page_id id: 7 tid 106033
0 1 tid 106033
128 6 tid 106033
365 4 tid 106033
492 7 tid 106033
247 tid 106033
Insert  tid 106033
FindTargetPageId rootid 5 tid 106033
target_page_id id: 7 tid 106033
0 1 tid 106033
128 6 tid 106033
365 4 tid 106033
492 7 tid 106033
247 tid 106033
Insert  tid 106033
FindTargetPageId rootid 5 tid 106033
target_page_id id: 7 tid 106033
0 1 tid 106033
128 6 tid 106033
365 4 tid 106033
492 7 tid 106033
247 tid 106033
Insert  tid 106033
FindTargetPageId rootid 5 tid 106033
target_page_id id: 7 tid 106033
0 1 tid 106033
128 6 tid 106033
365 4 tid 106033
492 7 tid 106033
247 tid 106033
Insert  tid 106033
FindTargetPageId rootid 5 tid 106032
target_page_id id: 7 tid 106032
0 1 tid 106032
128 6 tid 106032
365 4 tid 106032
492 7 tid 106032
247 tid 106032
Remove  tid 106032
FindTargetPageId rootid 5 tid 106031
target_page_id id: 7 tid 106031
0 1 tid 106031
128 6 tid 106031
365 4 tid 106031
492 7 tid 106031
246 tid 106031
Insert  tid 106031
FindTargetPageId rootid 5 tid 106031
target_page_id id: 7 tid 106031
0 1 tid 106031
128 6 tid 106031
365 4 tid 106031
492 7 tid 106031
247 tid 106031
Insert  tid 106031
FindTargetPageId rootid 5 tid 106031
target_page_id id: 7 tid 106031
0 1 tid 106031
128 6 tid 106031
365 4 tid 106031
492 7 tid 106031
248 tid 106031
Insert  tid 106031
FindTargetPageId rootid 5 tid 106031
target_page_id id: 7 tid 106031
0 1 tid 106031
128 6 tid 106031
365 4 tid 106031
492 7 tid 106031
249 tid 106031
Insert  tid 106031
FindTargetPageId rootid 5 tid 106033
target_page_id id: 7 tid 106033
0 1 tid 106033
128 6 tid 106033
365 4 tid 106033
492 7 tid 106033
250 tid 106033
Insert  tid 106033
FindTargetPageId rootid 5 tid 106033
target_page_id id: 7 tid 106033
0 1 tid 106033
128 6 tid 106033
365 4 tid 106033
492 7 tid 106033
250 tid 106033
Insert  tid 106033
FindTargetPageId rootid 5 tid 106032
target_page_id id: 7 tid 106032
0 1 tid 106032
128 6 tid 106032
365 4 tid 106032
492 7 tid 106032
250 tid 106032
Remove  tid 106032
FindTargetPageId rootid 5 tid 106032
target_page_id id: 7 tid 106032
0 1 tid 106032
128 6 tid 106032
365 4 tid 106032
492 7 tid 106032
249 tid 106032
Remove  tid 106032
FindTargetPageId rootid 5 tid 106032
target_page_id id: 7 tid 106032
0 1 tid 106032
128 6 tid 106032
365 4 tid 106032
492 7 tid 106032
248 tid 106032
Remove  tid 106032
FindTargetPageId rootid 5 tid 106033
target_page_id id: 7 tid 106033
0 1 tid 106033
128 6 tid 106033
365 4 tid 106033
492 7 tid 106033
247 tid 106033
FindTargetPageId rootid 5 tid 106031
target_page_id id: 7 tid 106031
0 1 tid 106031
128 6 tid 106031
365 4 tid 106031
492 7 tid 106031
247 tid 106031
Insert  tid 106031
FindTargetPageId rootid 5 tid 106031
target_page_id id: 7 tid 106031
0 1 tid 106031
128 6 tid 106031
365 4 tid 106031
492 7 tid 106031
248 tid 106031
Insert  tid 106033
FindTargetPageId rootid 5 tid 106032
target_page_id id: 7 tid 106032
0 1 tid 106032
128 6 tid 106032
365 4 tid 106032
492 7 tid 106032
249 tid 106032
Insert  tid 106031
FindTargetPageId rootid 5 tid 106033
target_page_id id: 7 tid 106033
0 1 tid 106033
128 6 tid 106033
365 4 tid 106033
492 7 tid 106033
248 tid 106033
Remove  tid 106032
FindTargetPageId rootid 5 tid 106031
target_page_id id: 7 tid 106031
0 1 tid 106031
128 6 tid 106031
365 4 tid 106031
492 7 tid 106031
248 tid 106031
Insert  tid 106031
FindTargetPageId rootid 5 tid 106031
target_page_id id: 7 tid 106031
0 1 tid 106031
128 6 tid 106031
365 4 tid 106031
492 7 tid 106031
249 tid 106031
Insert  tid 106031
Insert  tid FindTargetPageId rootid 5 tid 106031
target_page_id id: 7 tid 106031
0 1 tid 106031
106033
128 6 tid 106031
365 4 tid 106031
492 7 tid 106031
250 tid 106031
Insert  tid 106031
FindTargetPageId rootid 5 tid 106031
target_page_id id: 7 tid 106031
0 1 tid 106031
128 6 tid 106031
365 4 tid 106031
492 7 tid 106031
251 tid 106031
Insert  tid 106031
FindTargetPageId rootid 5 tid 106032
target_page_id id: 7 tid 106032
0 1 tid 106032
128 6 tid 106032
365 4 tid 106032
492 7 tid 106032
252 tid 106032
Remove  tid 106032
FindTargetPageId rootid 5 tid 106033
target_page_id id: 7 tid 106033
0 1 tid 106033
128 6 tid 106033
365 4 tid 106033
492 7 tid 106033
251 tid 106033
Insert  tid 106033
FindTargetPageId rootid 5 tid 106033
target_page_id id: 7 tid 106033
0 1 tid 106033
128 6 tid 106033
365 4 tid 106033
492 7 tid 106033
251 tid 106033
Insert  tid 106033
FindTargetPageId rootid 5 tid 106033
target_page_id id: 7 tid 106033
0 1 tid 106033
128 6 tid 106033
365 4 tid 106033
492 7 tid 106033
251 tid 106033
Insert  tid 106033
FindTargetPageId rootid 5 tid 106033
target_page_id id: 7 tid 106033
0 1 tid 106033
128 6 tid 106033
365 4 tid 106033
492 7 tid 106033
251 tid 106033
Insert  tid 106033
FindTargetPageId rootid 5 tid 106032
target_page_id id: 7 tid 106032
0 1 tid 106032
128 6 tid 106032
365 4 tid 106032
492 7 tid 106032
251 tid 106032
Remove  tid 106032
FindTargetPageId rootid 5 tid 106032
target_page_id id: 7 tid 106032
0 1 tid 106032
128 6 tid 106032
365 4 tid 106032
492 7 tid 106032
250 tid 106032
Remove  tid 106032
FindTargetPageId rootid 5 tid 106032
target_page_id id: 7 tid 106032
0 1 tid 106032
128 6 tid 106032
365 4 tid 106032
492 7 tid 106032
249 tid 106032
Remove  tid 106032
FindTargetPageId rootid 5 tid 106032
target_page_id id: 7 tid 106032
0 1 tid 106032
128 6 tid 106032
365 4 tid 106032
492 7 tid 106032
248 tid 106032
Remove  tid 106032
FindTargetPageId rootid 5 tid 106032
target_page_id id: 7 tid 106032
0 1 tid 106032
128 6 tid 106032
365 4 tid 106032
492 7 tid 106032
247 tid 106032
Remove  tid 106032
FindTargetPageId rootid 5 tid 106032
target_page_id id: 7 tid 106032
0 1 tid 106032
128 6 tid 106032
365 4 tid 106032
492 7 tid 106032
246 tid 106032
Remove  tid 106032
FindTargetPageId rootid 5 tid 106032
target_page_id id: 7 tid 106032
0 1 tid 106032
128 6 tid 106032
365 4 tid 106032
492 7 tid 106032
245 tid 106032
Remove  tid 106032
FindTargetPageId rootid 5 tid 106032
target_page_id id: 7 tid 106032
0 1 tid 106032
128 6 tid 106032
365 4 tid 106032
492 7 tid 106032
244 tid 106032
Remove  tid 106032
FindTargetPageId rootid 5 tid 106031
target_page_id id: 7 tid 106031
0 1 tid 106031
128 6 tid 106031
365 4 tid 106031
492 7 tid 106031
243 tid 106031
Insert  tid 106031
FindTargetPageId rootid 5 tid 106033
target_page_id id: 7 tid 106033
0 1 tid 106033
128 6 tid 106033
365 4 tid 106033
492 7 tid 106033
244 tid 106033
Insert  tid 106033
FindTargetPageId rootid 5 tid 106033
target_page_id id: 7 tid 106033
0 1 tid 106033
128 6 tid 106033
365 4 tid 106033
492 7 tid 106033
244 tid 106033
Insert  tid 106033
FindTargetPageId rootid 5 tid 106031
target_page_id id: 7 tid 106031
0 1 tid 106031
128 6 tid 106031
365 4 tid 106031
492 7 tid 106031
244 tid 106031
Insert  tid 106031
FindTargetPageId rootid 5 tid 106032
target_page_id id: 7 tid 106032
0 1 tid 106032
128 6 tid 106032
365 4 tid 106032
492 7 tid 106032
245 tid 106032
Remove  tid 106032
FindTargetPageId rootid 5 tid 106033
target_page_id id: 7 tid 106033
0 1 tid 106033
128 6 tid 106033
365 4 tid 106033
492 7 tid 106033
244 tid 106033
Insert  tid 106033
FindTargetPageId rootid 5 tid 106031
target_page_id id: 7 tid 106031
0 1 tid 106031
128 6 tid 106031
365 4 tid 106031
492 7 tid 106031
244 tid 106031
Insert  tid 106031
FindTargetPageId rootid 5 tid 106032
target_page_id id: 7 tid 106032
0 1 tid 106032
128 6 tid 106032
365 4 tid 106032
492 7 tid 106032
245 tid 106032
Remove  tid 106032
FindTargetPageId rootid 5 tid 106033
target_page_id id: 7 tid 106033
0 1 tid 106033
128 6 tid 106033
365 4 tid 106033
492 7 tid 106033
244 tid 106033
Insert  tid 106033
FindTargetPageId rootid 5 tid 106031
target_page_id id: 7 tid 106031
0 1 tid 106031
128 6 tid 106031
365 4 tid 106031
492 7 tid 106031
244 tid 106031
Insert  tid 106031
FindTargetPageId rootid 5 tid 106032
target_page_id id: 7 tid 106032
0 1 tid 106032
128 6 tid 106032
365 4 tid 106032
492 7 tid 106032
245 tid 106032
Remove  tid 106032
FindTargetPageId rootid 5 tid 106033
target_page_id id: 7 tid 106033
0 1 tid 106033
128 6 tid 106033
365 4 tid 106033
492 7 tid 106033
244 tid 106033
Insert  tid 106033
FindTargetPageId rootid 5 tid 106031
target_page_id id: 7 tid 106031
0 1 tid 106031
128 6 tid 106031
365 4 tid 106031
492 7 tid 106031
244 tid 106031
Insert  tid 106031
FindTargetPageId rootid 5 tid 106032
target_page_id id: 7 tid 106032
0 1 tid 106032
128 6 tid 106032
365 4 tid 106032
492 7 tid 106032
245 tid 106032
Remove  tid 106032
FindTargetPageId rootid 5 tid 106033
target_page_id id: 7 tid 106033
0 1 tid 106033
128 6 tid 106033
365 4 tid 106033
492 7 tid 106033
244 tid 106033
Insert  tid 106033
FindTargetPageId rootid 5 tid 106033
target_page_id id: 7 tid 106033
0 1 tid 106033
128 6 tid 106033
365 4 tid 106033
492 7 tid 106033
244 tid 106033
Insert  tid 106033
FindTargetPageId rootid 5 tid 106033
target_page_id id: 7 tid 106033
0 1 tid 106033
128 6 tid 106033
365 4 tid 106033
492 7 tid 106033
244 tid 106033
Insert  tid 106033
FindTargetPageId rootid 5 tid 106033
target_page_id id: 7 tid 106033
0 1 tid 106033
128 6 tid 106033
365 4 tid 106033
492 7 tid 106033
244 tid 106033
Insert  tid 106033
FindTargetPageId rootid 5 tid 106033
target_page_id id: 7 tid 106033
0 1 tid 106033
128 6 tid 106033
365 4 tid 106033
492 7 tid 106033
244 tid 106033
Insert  tid 106033
FindTargetPageId rootid 5 tid 106033
target_page_id id: 7 tid 106033
0 1 tid 106033
128 6 tid 106033
365 4 tid 106033
492 7 tid 106033
244 tid 106033
FindTargetPageId rootid 5 tid 106032
target_page_id id: Insert 7 tid 106032 tid 
0 1 tid 106032
128 6 tid 106032
365 4 tid 106032
492 7 tid 106032
244 tid 106032
Remove  tid 106032
106033
FindTargetPageId rootid 5 tid 106031
target_page_id id: 7 tid 106031
0 1 tid 106031
128 6 tid 106031
365 4 tid 106031
492 7 tid 106031
243 tid 106031
Insert  tid 106031
FindTargetPageId rootid 5 tid 106032
target_page_id id: 7 tid 106032
0 1 tid 106032
128 6 tid 106032
365 4 tid 106032
492 7 tid 106032
244 tid 106032
Remove  tid 106032
FindTargetPageId rootid 5 tid 106033
target_page_id id: 7 tid 106033
0 1 tid 106033
128 6 tid 106033
365 4 tid 106033
492 7 tid 106033
243 tid 106033
Insert  tid 106033
FindTargetPageId rootid 5 tid 106031
target_page_id id: 7 tid 106031
0 1 tid 106031
128 6 tid 106031
365 4 tid 106031
492 7 tid 106031
243 tid 106031
Insert  tid 106031
FindTargetPageId rootid 5 tid 106032
target_page_id id: 7 tid 106032
0 1 tid 106032
128 6 tid 106032
365 4 tid 106032
492 7 tid 106032
244 tid 106032
Remove  tid 106032
FindTargetPageId rootid 5 tid 106032
target_page_id id: 7 tid 106032
0 1 tid 106032
128 6 tid 106032
365 4 tid 106032
492 7 tid 106032
243 tid 106032
Remove  tid 106032
FindTargetPageId rootid 5 tid 106032
target_page_id id: 7 tid 106032
0 1 tid 106032
128 6 tid 106032
365 4 tid 106032
492 7 tid 106032
242 tid 106032
Remove  tid 106032
FindTargetPageId rootid 5 tid 106033
target_page_id id: 7 tid 106033
0 1 tid 106033
128 6 tid 106033
365 4 tid 106033
492 7 tid 106033
241 tid 106033
Insert  tid 106033
FindTargetPageId rootid 5 tid 106031
target_page_id id: 7 tid 106031
0 1 tid 106031
128 6 tid 106031
365 4 tid 106031
492 7 tid 106031
241 tid 106031
Insert  tid 106031
FindTargetPageId rootid 5 tid 106032
target_page_id id: 7 tid 106032
0 1 tid 106032
128 6 tid 106032
365 4 tid 106032
492 7 tid 106032
242 tid 106032
Remove  tid 106032
FindTargetPageId rootid 5 tid 106033
target_page_id id: 7 tid 106033
0 1 tid 106033
128 6 tid 106033
365 4 tid 106033
492 7 tid 106033
241 tid 106033
Insert  tid 106033
FindTargetPageId rootid 5 tid 106033
target_page_id id: 7 tid 106033
0 1 tid 106033
128 6 tid 106033
365 4 tid 106033
492 7 tid 106033
241 tid 106033
Insert  tid 106033
FindTargetPageId rootid 5 tid 106033
target_page_id id: 7 tid 106033
0 1 tid 106033
128 6 tid 106033
365 4 tid 106033
492 7 tid 106033
241 tid 106033
Insert  tid 106033
FindTargetPageId rootid 5 tid 106033
target_page_id id: 7 tid 106033
0 1 tid 106033
128 6 tid 106033
365 4 tid 106033
492 7 tid 106033
241 tid 106033
Insert  tid 106033
FindTargetPageId rootid 5 tid 106033
target_page_id id: 7 tid 106033
0 1 tid 106033
128 6 tid 106033
365 4 tid 106033
492 7 tid 106033
241 tid 106033
Insert  tid 106033
FindTargetPageId rootid 5 tid 106033
target_page_id id: 7 tid 106033
0 1 tid 106033
128 6 tid 106033
365 4 tid 106033
492 7 tid 106033
241 tid 106033
Insert  tid 106033
FindTargetPageId rootid 5 tid 106033
target_page_id id: 7 tid 106033
0 1 tid 106033
128 6 tid 106033
365 4 tid 106033
492 7 tid 106033
241 tid 106033
Insert  tid 106033
FindTargetPageId rootid 5 tid 106033
target_page_id id: 7 tid 106033
0 1 tid 106033
128 6 tid 106033
365 4 tid 106033
492 7 tid 106033
241 tid 106033
Insert  tid 106033
FindTargetPageId rootid 5 tid 106033
target_page_id id: 7 tid 106033
0 1 tid 106033
128 6 tid 106033
365 4 tid 106033
492 7 tid 106033
241 tid 106033
Insert  tid 106033
FindTargetPageId rootid 5 tid 106033
target_page_id id: 7 tid 106033
0 1 tid 106033
128 6 tid 106033
365 4 tid 106033
492 7 tid 106033
241 tid 106033
Insert  tid 106033
FindTargetPageId rootid 5 tid 106032
target_page_id id: 7 tid 106032
0 1 tid 106032
128 6 tid 106032
365 4 tid 106032
492 7 tid 106032
241 tid 106032
Remove  tid 106032
FindTargetPageId rootid 5 tid 106032
target_page_id id: 7 tid 106032
0 1 tid 106032
128 6 tid 106032
365 4 tid 106032
492 7 tid 106032
240 tid 106032
Remove  tid 106032
FindTargetPageId rootid 5 tid 106032
target_page_id id: 7 tid 106032
0 1 tid 106032
128 6 tid 106032
365 4 tid 106032
492 7 tid 106032
239 tid 106032
Remove  tid 106032
FindTargetPageId rootid 5 tid 106032
target_page_id id: 7 tid 106032
0 1 tid 106032
128 6 tid 106032
365 4 tid 106032
492 7 tid 106032
238 tid 106032
Remove  tid 106032
FindTargetPageId rootid 5 tid 106032
target_page_id id: 7 tid 106032
0 1 tid 106032
128 6 tid 106032
365 4 tid 106032
492 7 tid 106032
237 tid 106032
Remove  tid 106032
FindTargetPageId rootid 5 tid 106032
target_page_id id: 7 tid 106032
0 1 tid 106032
128 6 tid 106032
365 4 tid 106032
492 7 tid 106032
236 tid 106032
Remove  tid 106032
FindTargetPageId rootid 5 tid 106032
target_page_id id: 7 tid 106032
0 1 tid 106032
128 6 tid 106032
365 4 tid 106032
492 7 tid 106032
235 tid 106032
Remove  tid 106032
FindTargetPageId rootid 5 tid 106031
target_page_id id: 7 tid 106031
0 1 tid 106031
128 6 tid 106031
365 4 tid 106031
492 7 tid 106031
234 tid 106031
Insert  tid 106031
FindTargetPageId rootid 5 tid 106031
target_page_id id: 7 tid 106031
0 1 tid 106031
128 6 tid 106031
365 4 tid 106031
492 7 tid 106031
235 tid 106031
Insert  tid 106031
FindTargetPageId rootid 5 tid 106033
target_page_id id: 7 tid 106033
0 1 tid 106033
128 6 tid 106033
365 4 tid 106033
492 7 tid 106033
236 tid 106033
Insert  tid 106033
FindTargetPageId rootid 5 tid 106033
target_page_id id: 7 tid 106033
0 1 tid 106033
128 6 tid 106033
365 4 tid 106033
492 7 tid 106033
236 tid 106033
Insert  tid 106033
FindTargetPageId rootid 5 tid 106033
target_page_id id: 7 tid 106033
0 1 tid 106033
128 6 tid 106033
365 4 tid 106033
492 7 tid 106033
236 tid 106033
Insert  tid 106033
FindTargetPageId rootid 5 tid 106033
target_page_id id: 7 tid 106033
0 1 tid 106033
128 6 tid 106033
365 4 tid 106033
492 7 tid 106033
236 tid 106033
FindTargetPageId rootid 5 tid 106031
Insert  tid 106033
target_page_id id: 7 tid 106031
0 1 tid 106031
128 6 tid 106031
365 4 tid 106031
492 7 tid 106031
236 tid 106031
Insert  tid 106031
FindTargetPageId rootid 5 tid 106032
target_page_id id: 7 tid 106032
0 1 tid 106032
128 6 tid 106032
365 4 tid 106032
492 7 tid 106032
237 tid 106032
Remove  tid 106032
FindTargetPageId rootid 5 tid 106033
target_page_id id: 7 tid 106033
0 1 tid 106033
128 6 tid 106033
365 4 tid 106033
492 7 tid 106033
236 tid 106033
Insert  tid 106033
FindTargetPageId rootid 5 tid 106031
target_page_id id: 7 tid 106031
0 1 tid 106031
128 6 tid 106031
365 4 tid 106031
492 7 tid 106031
236 tid 106031
Insert  tid 106031
FindTargetPageId rootid 5 tid 106031
target_page_id id: 7 tid 106031
0 1 tid 106031
128 6 tid 106031
365 4 tid 106031
492 7 tid 106031
237 tid 106031
Insert  tid 106031
FindTargetPageId rootid 5 tid 106031
target_page_id id: 7 tid 106031
0 1 tid 106031
128 6 tid 106031
365 4 tid 106031
492 7 tid 106031
238 tid 106031
Insert  tid 106031
FindTargetPageId rootid 5 tid 106031
target_page_id id: 7 tid 106031
0 1 tid 106031
128 6 tid 106031
365 4 tid 106031
492 7 tid 106031
239 tid 106031
Insert  tid 106031
FindTargetPageId rootid 5 tid 106031
target_page_id id: 7 tid 106031
0 1 tid 106031
128 6 tid 106031
365 4 tid 106031
492 7 tid 106031
240 tid 106031
Insert  tid 106031
FindTargetPageId rootid 5 tid 106031
target_page_id id: 7 tid 106031
0 1 tid 106031
128 6 tid 106031
365 4 tid 106031
492 7 tid 106031
241 tid 106031
Insert  tid 106031
FindTargetPageId rootid 5 tid 106031
target_page_id id: 7 tid 106031
0 1 tid 106031
128 6 tid 106031
365 4 tid 106031
492 7 tid 106031
242 tid 106031
Insert  tid 106031
FindTargetPageId rootid 5 tid 106032
target_page_id id: 7 tid 106032
0 1 tid 106032
128 6 tid 106032
365 4 tid 106032
492 7 tid 106032
243 tid 106032
Remove  tid 106032
FindTargetPageId rootid 5 tid 106032
target_page_id id: 7 tid 106032
0 1 tid 106032
128 6 tid 106032
365 4 tid 106032
492 7 tid 106032
242 tid 106032
Remove  tid 106032
FindTargetPageId rootid 5 tid 106032
target_page_id id: 7 tid 106032
0 1 tid 106032
128 6 tid 106032
365 4 tid 106032
492 7 tid 106032
241 tid 106032
Remove  tid 106032
FindTargetPageId rootid 5 tid 106032
target_page_id id: 7 tid 106032
0 1 tid 106032
128 6 tid 106032
365 4 tid 106032
492 7 tid 106032
240 tid 106032
Remove  tid 106032
FindTargetPageId rootid 5 tid 106033
target_page_id id: 7 tid 106033
0 1 tid 106033
128 6 tid 106033
365 4 tid 106033
492 7 tid 106033
239 tid 106033
Insert  tid 106033
FindTargetPageId rootid 5 tid 106031
target_page_id id: 7 tid 106031
0 1 tid 106031
128 6 tid 106031
365 4 tid 106031
492 7 tid 106031
239 tid 106031
Insert  tid 106031
FindTargetPageId rootid 5 tid 106032
target_page_id id: 7 tid 106032
0 1 tid 106032
128 6 tid 106032
365 4 tid 106032
492 7 tid 106032
240 tid 106032
Remove  tid 106032
FindTargetPageId rootid 5 tid 106032
target_page_id id: 7 tid 106032
0 1 tid 106032
128 6 tid 106032
365 4 tid 106032
492 7 tid 106032
239 tid 106032
Remove  tid 106032
FindTargetPageId rootid 5 tid 106031
target_page_id id: 7 tid 106031
0 1 tid 106031
128 6 tid 106031
365 4 tid 106031
492 7 tid 106031
238 tid 106031
Insert  tid 106031
FindTargetPageId rootid 5 tid 106033
target_page_id id: 7 tid 106033
0 1 tid 106033
128 6 tid 106033
365 4 tid 106033
492 7 tid 106033
239 tid 106033
Insert  tid 106033
FindTargetPageId rootid 5 tid 106032
target_page_id id: 7 tid 106032
0 1 tid 106032
128 6 tid 106032
365 4 tid 106032
492 7 tid 106032
239 tid 106032
Remove  tid 106032
FindTargetPageId rootid 5 tid 106032
target_page_id id: 7 tid 106032
0 1 tid 106032
128 6 tid 106032
365 4 tid 106032
492 7 tid 106032
238 tid 106032
Remove  tid 106032
FindTargetPageId rootid 5 tid 106032
target_page_id id: 7 tid 106032
0 1 tid 106032
128 6 tid 106032
365 4 tid 106032
492 7 tid 106032
237 tid 106032
Remove  tid 106032
FindTargetPageId rootid 5 tid 106031
target_page_id id: 7 tid 106031
0 1 tid 106031
128 6 tid 106031
365 4 tid 106031
492 7 tid 106031
236 tid 106031
Insert  tid FindTargetPageId rootid 1060315 tid 
106033
target_page_id id: 7 tid 106033
0 1 tid 106033
128 6 tid 106033
365 4 tid 106033
492 7 tid 106033
237 tid 106033
Insert  tid 106033
FindTargetPageId rootid 5 tid 106033
target_page_id id: 7 tid 106033
0 1 tid 106033
128 6 tid 106033
365 4 tid 106033
492 7 tid 106033
237 tid 106033
Insert  tid 106033
FindTargetPageId rootid 5 tid 106033
target_page_id id: 7 tid 106033
0 1 tid 106033
128 6 tid 106033
365 4 tid 106033
492 7 tid 106033
237 tid 106033
Insert  tid 106033
FindTargetPageId rootid 5 tid 106031
target_page_id id: 7 tid 106031
0 1 tid 106031
128 6 tid 106031
365 4 tid 106031
492 7 tid 106031
237 tid 106031
Insert  tid 106031
FindTargetPageId rootid 5 tid 106032
target_page_id id: 7 tid 106032
0 1 tid 106032
128 6 tid 106032
365 4 tid 106032
492 7 tid 106032
238 tid 106032
FindTargetPageId rootid 5 tid 106033
target_page_id id: 7 tid 106033
0 1 tid 106033
128 6 tid 106033
365 4 tid 106033
492 7 tid 106033
237 tid 106033
Insert  tid 106033
FindTargetPageId rootid 5 tid 106033
target_page_id id: 7 tid 106033
0 1 tid 106033
128 6 tid 106033
365 4 tid 106033
492 7 tid 106033
237 tid 106033
Insert  tid 106033
FindTargetPageId rootid 5 tid 106033
target_page_id id: 7 tid 106033
0 1 tid 106033
128 6 tid 106033
365 4 tid 106033
492 7 tid 106033
237 tid 106033
Insert  tid 106033
FindTargetPageId rootid 5 tid 106033
target_page_id id: 7 tid 106033
0 1 tid 106033
128 6 tid 106033
365 4 tid 106033
492 7 tid 106033
Remove 237 tid 106033
 tid 106032
FindTargetPageId rootid 5 tid 106031
target_page_id id: 7 tid 106031
0 1 tid 106031
128 6 tid 106031
365 4 tid 106031
492 7 tid 106031
237 tid 106031
Insert  tid 106033
Insert  tid 106031
FindTargetPageId rootid 5 tid 106033
target_page_id id: 7 tid 106033
0 1 tid 106033
128 6 tid 106033
365 4 tid 106033
492 7 tid 106033
238 tid 106033
FindTargetPageId rootid 5 tid 106032
target_page_id id: 7 tid 106032
0 1 tid 106032
Insert  tid 128106033
 6 tid 106032
365 4 tid 106032
492 7 tid 106032
238 tid 106032
Remove  tid 106032
FindTargetPageId rootid 5 tid 106033
target_page_id id: 7 tid 106033
0 1 tid 106033
128 6 tid 106033
365 4 tid 106033
492 7 tid 106033
237 tid 106033
Insert  tid 106033
FindTargetPageId rootid 5 tid 106031
target_page_id id: 7 tid 106031
0 1 tid 106031
128 6 tid 106031
365 4 tid 106031
492 7 tid 106031
237 tid 106031
Insert  tid 106031
FindTargetPageId rootid 5 tid 106032
target_page_id id: 7 tid 106032
0 1 tid 106032
128 6 tid 106032
365 4 tid 106032
492 7 tid 106032
238 tid 106032
Remove  tid 106032
FindTargetPageId rootid 5 tid 106033
target_page_id id: 7 tid 106033
0 1 tid 106033
128 6 tid 106033
365 4 tid 106033
492 7 tid 106033
237 tid 106033
Insert  tid 106033
FindTargetPageId rootid 5 tid 106031
target_page_id id: 7 tid 106031
0 1 tid 106031
128 6 tid 106031
365 4 tid 106031
492 7 tid 106031
237 tid 106031
Insert  tid 106031
FindTargetPageId rootid 5 tid 106032
target_page_id id: 7 tid 106032
0 1 tid 106032
128 6 tid 106032
365 4 tid 106032
492 7 tid 106032
238 tid 106032
Remove  tid 106032
FindTargetPageId rootid 5 tid 106032
target_page_id id: 7 tid 106032
0 1 tid 106032
128 6 tid 106032
365 4 tid 106032
492 7 tid 106032
237 tid 106032
Remove  tid 106032
FindTargetPageId rootid 5 tid 106032
target_page_id id: 7 tid 106032
0 1 tid 106032
128 6 tid 106032
365 4 tid 106032
492 7 tid 106032
236 tid 106032
Remove  tid 106032
FindTargetPageId rootid 5 tid 106031
target_page_id id: 7 tid 106031
0 1 tid 106031
128 6 tid 106031
365 4 tid 106031
492 7 tid 106031
235 tid 106031
Insert  tid 106031
FindTargetPageId rootid 5 tid 106031
target_page_id id: 7 tid 106031
0 1 tid 106031
128 6 tid 106031
365 4 tid 106031
492 7 tid 106031
236 tid 106031
Insert  tid 106031
FindTargetPageId rootid 5 tid 106032
target_page_id id: 7 tid 106032
0 1 tid 106032
128 6 tid 106032
365 4 tid 106032
492 7 tid 106032
237 tid 106032
Remove  tid 106032
FindTargetPageId rootid 5 tid 106033
target_page_id id: 7 tid 106033
0 1 tid 106033
128 6 tid 106033
365 4 tid 106033
492 7 tid 106033
236 tid 106033
Insert  tid 106033
FindTargetPageId rootid 5 tid 106031
target_page_id id: 7 tid 106031
0 1 tid 106031
128 6 tid 106031
365 4 tid 106031
492 7 tid 106031
236 tid 106031
Insert  tid 106031
FindTargetPageId rootid 5 tid 106032
target_page_id id: 7 tid 106032
0 1 tid 106032
128 6 tid 106032
365 4 tid 106032
492 7 tid 106032
237 tid 106032
Remove  tid 106032
FindTargetPageId rootid 5 tid 106033
target_page_id id: 7 tid 106033
0 1 tid 106033
128 6 tid 106033
365 4 tid 106033
492 7 tid 106033
236 tid 106033
Insert  tid 106033
FindTargetPageId rootid 5 tid 106033
target_page_id id: 7 tid 106033
0 1 tid 106033
128 6 tid 106033
365 4 tid 106033
492 7 tid 106033
236 tid 106033
Insert  tid 106033
FindTargetPageId rootid 5 tid 106032
target_page_id id: 7 tid 106032
0 1 tid 106032
128 6 tid 106032
365 4 tid 106032
492 7 tid 106032
236 tid 106032
Remove  tid 106032
FindTargetPageId rootid 5 tid 106031
target_page_id id: 7 tid 106031
0 1 tid 106031
128 6 tid 106031
365 4 tid 106031
492 7 tid 106031
235 tid 106031
Insert  tid 106031
FindTargetPageId rootid 5 tid 106033
target_page_id id: 7 tid 106033
0 1 tid 106033
128 6 tid 106033
365 4 tid 106033
492 7 tid 106033
236 tid 106033
FindTargetPageId rootid 5 tid 106032
target_page_id id: 7 tid 106032
0 1 tid 106032
128 6 tid 106032
365 4 tid 106032
492 7 tid 106032
Insert  tid 106033
236 tid 106032
Remove  tid 106032
FindTargetPageId rootid 5 tid 106032
target_page_id id: 7 tid 106032
0 1 tid 106032
128 6 tid 106032
365 4 tid 106032
492 7 tid 106032
235 tid 106032
Remove  tid 106032
FindTargetPageId rootid 5 tid 106033
target_page_id id: 7 tid 106033
0 1 tid 106033
128 6 tid 106033
365 4 tid 106033
492 7 tid 106033
234 tid 106033
Insert  tid 106033
FindTargetPageId rootid 5 tid 106033
target_page_id id: 7 tid 106033
0 1 tid 106033
128 6 tid 106033
365 4 tid 106033
492 7 tid 106033
234 tid 106033
Insert  tid 106033
FindTargetPageId rootid 5 tid 106033
target_page_id id: 7 tid 106033
0 1 tid 106033
128 6 tid 106033
365 4 tid 106033
492 7 tid 106033
234 tid 106033
Insert  tid 106033
FindTargetPageId rootid 5 tid 106033
target_page_id id: 7 tid 106033
0 1 tid 106033
128 6 tid 106033
365 4 tid 106033
492 7 tid 106033
234 tid 106033
Insert  tid 106033
FindTargetPageId rootid 5 tid 106033
target_page_id id: 7 tid 106033
0 1 tid 106033
128 6 tid 106033
365 4 tid 106033
492 7 tid 106033
234 tid 106033
Insert  tid 106033
FindTargetPageId rootid 5 tid 106033
target_page_id id: 7 tid 106033
0 1 tid 106033
128 6 tid 106033
365 4 tid 106033
492 7 tid 106033
234 tid 106033
Insert  tid 106033
FindTargetPageId rootid 5 tid 106033
target_page_id id: 7 tid 106033
0 1 tid 106033
128 6 tid 106033
365 4 tid 106033
492 7 tid 106033
234 tid 106033
Insert  tid 106033
FindTargetPageId rootid 5 tid 106031
target_page_id id: 7 tid 106031
0 1 tid 106031
128 6 tid 106031
365 4 tid 106031
492 7 tid 106031
234 tid 106031
Insert  tid 106031
FindTargetPageId rootid 5 tid 106032
target_page_id id: 7 tid 106032
0 1 tid 106032
128 6 tid 106032
365 4 tid 106032
492 7 tid 106032
235 tid 106032
Remove  tid 106032
FindTargetPageId rootid 5 tid 106033
target_page_id id: 7 tid 106033
0 1 tid 106033
128 6 tid 106033
365 4 tid 106033
492 7 tid 106033
234 tid 106033
Insert  tid 106033
FindTargetPageId rootid 5 tid 106031
target_page_id id: 7 tid 106031
0 1 tid 106031
128 6 tid 106031
365 4 tid 106031
492 7 tid 106031
234 tid 106031
FindTargetPageId rootid 5 tid 106032
target_page_id id: 7 tid 106032
0 1 tid 106032
128 6 tid 106032
365 4 tid 106032
492 7 tid 106032
235 tid 106032
Insert  tid 106031
Remove  tid 106032
FindTargetPageId rootid 5 tid 106031
target_page_id id: 7 tid 106031
0 1 tid 106031
128 6 tid 106031
365 4 tid 106031
492 7 tid 106031
234 tid 106031
Insert  tid 106031
FindTargetPageId rootid 5 tid 106032
target_page_id id: 7 tid 106032
0 1 tid 106032
128 6 tid 106032
365 4 tid 106032
492 7 tid 106032
235 tid 106032
Remove  tid 106032
FindTargetPageId rootid 5 tid 106032
target_page_id id: 7 tid 106032
0 1 tid 106032
128 6 tid 106032
365 4 tid 106032
492 7 tid 106032
234 tid 106032
Remove  tid 106032
FindTargetPageId rootid 5 tid 106033
target_page_id id: 7 tid 106033
0 1 tid 106033
128 6 tid 106033
365 4 tid 106033
492 7 tid 106033
233 tid 106033
Insert  tid 106033
FindTargetPageId rootid 5 tid 106033
target_page_id id: 7 tid 106033
0 1 tid 106033
128 6 tid 106033
365 4 tid 106033
492 7 tid 106033
233 tid 106033
Insert  tid 106033
FindTargetPageId rootid 5 tid 106033
target_page_id id: 7 tid 106033
0 1 tid 106033
128 6 tid 106033
365 4 tid 106033
492 7 tid 106033
233 tid 106033
Insert  tid 106033
FindTargetPageId rootid 5 tid 106031
target_page_id id: 7 tid 106031
0 1 tid 106031
128 6 tid 106031
365 4 tid 106031
492 7 tid 106031
233 tid 106031
Insert  tid 106031
FindTargetPageId rootid 5 tid 106032
target_page_id id: 7 tid 106032
0 1 tid 106032
128 6 tid 106032
365 4 tid 106032
492 7 tid 106032
234 tid 106032
Remove  tid 106032
FindTargetPageId rootid 5 tid 106032
target_page_id id: 7 tid 106032
0 1 tid 106032
128 6 tid 106032
365 4 tid 106032
492 7 tid 106032
233 tid 106032
Remove  tid 106032
FindTargetPageId rootid 5 tid 106031
target_page_id id: 7 tid 106031
0 1 tid 106031
128 6 tid 106031
365 4 tid 106031
492 7 tid 106031
232 tid 106031
Insert  tid 106031
FindTargetPageId rootid 5 tid 106031
target_page_id id: 7 tid 106031
0 1 tid 106031
128 6 tid 106031
365 4 tid 106031
492 7 tid 106031
233 tid 106031
Insert  tid 106031
FindTargetPageId rootid 5 tid 106031
target_page_id id: 7 tid 106031
0 1 tid 106031
128 6 tid 106031
365 4 tid 106031
492 7 tid 106031
234 tid 106031
Insert  tid 106031
FindTargetPageId rootid 5 tid 106031
target_page_id id: 7 tid 106031
0 1 tid 106031
128 6 tid 106031
365 4 tid 106031
492 7 tid 106031
235 tid 106031
Insert  tid 106031
FindTargetPageId rootid 5 tid 106031
target_page_id id: 7 tid 106031
0 1 tid 106031
128 6 tid 106031
365 4 tid 106031
492 7 tid 106031
236 tid 106031
Insert  tid 106031
FindTargetPageId rootid 5 tid 106031
target_page_id id: 7 tid 106031
0 1 tid 106031
128 6 tid 106031
365 4 tid 106031
492 7 tid 106031
237 tid 106031
Insert  tid 106031
FindTargetPageId rootid 5 tid 106031
target_page_id id: 7 tid 106031
0 1 tid 106031
128 6 tid 106031
365 4 tid 106031
492 7 tid 106031
238 tid 106031
Insert  tid 106031
FindTargetPageId rootid 5 tid 106033
target_page_id id: 7 tid 106033
0 1 tid 106033
128 6 tid 106033
365 4 tid 106033
492 7 tid 106033
239 tid 106033
Insert  tid 106033
FindTargetPageId rootid 5 tid 106032
target_page_id id: 7 tid 106032
0 1 tid 106032
128 6 tid 106032
365 4 tid 106032
492 7 tid 106032
239 tid 106032
Remove  tid 106032
FindTargetPageId rootid 5 tid 106031
target_page_id id: 7 tid 106031
0 1 tid 106031
128 6 tid 106031
365 4 tid 106031
492 7 tid 106031
238 tid 106031
Insert  tid 106031
FindTargetPageId rootid 5 tid 106031
target_page_id id: 7 tid 106031
0 1 tid 106031
128 6 tid 106031
365 4 tid 106031
492 7 tid 106031
239 tid 106031
Insert  tid 106031
FindTargetPageId rootid 5 tid 106031
target_page_id id: 7 tid 106031
0 1 tid 106031
128 6 tid 106031
365 4 tid 106031
492 7 tid 106031
240 tid 106031
Insert  tid 106031
FindTargetPageId rootid 5 tid 106033
target_page_id id: 7 tid 106033
0 1 tid 106033
128 6 tid 106033
365 4 tid 106033
492 7 tid 106033
241 tid 106033
Insert  tid 106033
FindTargetPageId rootid 5 tid 106033
target_page_id id: 7 tid 106033
0 1 tid 106033
128 6 tid 106033
365 4 tid 106033
492 7 tid 106033
241 tid 106033
Insert  tid 106033
FindTargetPageId rootid 5 tid 106033
target_page_id id: 7 tid 106033
0 1 tid 106033
128 6 tid 106033
365 4 tid 106033
492 7 tid 106033
241 tid 106033
Insert  tid 106033
FindTargetPageId rootid 5 tid 106033
target_page_id id: 7 tid 106033
0 1 tid 106033
128 6 tid 106033
365 4 tid 106033
492 7 tid 106033
241 tid 106033
Insert  tid 106033
FindTargetPageId rootid 5 tid 106033
target_page_id id: 7 tid 106033
0 1 tid 106033
128 6 tid 106033
365 4 tid 106033
492 7 tid 106033
241 tid 106033
Insert  tid 106033
FindTargetPageId rootid 5 tid 106033
target_page_id id: 7 tid 106033
0 1 tid 106033
128 6 tid 106033
365 4 tid 106033
492 7 tid 106033
241 tid 106033
Insert  tid 106033
FindTargetPageId rootid 5 tid 106032
target_page_id id: 7 tid 106032
0 1 tid 106032
128 6 tid 106032
365 4 tid 106032
492 7 tid 106032
241 tid 106032
Remove  tid 106032
FindTargetPageId rootid 5 tid 106031
target_page_id id: 7 tid 106031
0 1 tid 106031
128 6 tid 106031
365 4 tid 106031
492 7 tid 106031
240 tid 106031
Insert  tid 106031
FindTargetPageId rootid 5 tid 106033
target_page_id id: 7 tid 106033
0 1 tid 106033
128 6 tid 106033
365 4 tid 106033
492 7 tid 106033
241 tid 106033
Insert  tid 106033
FindTargetPageId rootid 5 tid 106032
target_page_id id: 7 tid 106032
0 1 tid 106032
128 6 tid 106032
365 4 tid 106032
492 7 tid 106032
242 tid 106032
Remove  tid 106032
FindTargetPageId rootid 5 tid 106031
target_page_id id: 7 tid 106031
0 1 tid 106031
128 6 tid 106031
365 4 tid 106031
492 7 tid 106031
241 tid 106031
Insert  tid 106031
FindTargetPageId rootid 5 tid 106031
target_page_id id: 7 tid 106031
0 1 tid 106031
128 6 tid 106031
365 4 tid 106031
492 7 tid 106031
242 tid 106031
Insert  tid 106031
FindTargetPageId rootid 5 tid 106031
target_page_id id: 7 tid 106031
0 1 tid 106031
128 6 tid 106031
365 4 tid 106031
492 7 tid 106031
243 tid 106031
Insert  tid 106031
FindTargetPageId rootid 5 tid 106033
target_page_id id: 7 tid 106033
0 1 tid 106033
128 6 tid 106033
365 4 tid 106033
492 7 tid 106033
244 tid 106033
Insert  tid 106033
FindTargetPageId rootid 5 tid 106032
target_page_id id: 7 tid 106032
0 1 tid 106032
128 6 tid 106032
365 4 tid 106032
492 7 tid 106032
245 tid 106032
Remove  tid 106032
FindTargetPageId rootid 5 tid 106031
target_page_id id: 7 tid 106031
0 1 tid 106031
128 6 tid 106031
365 4 tid 106031
492 7 tid 106031
244 tid 106031
Insert  tid 106031
FindTargetPageId rootid 5 tid 106031
target_page_id id: 7 tid 106031
0 1 tid 106031
128 6 tid 106031
365 4 tid 106031
492 7 tid 106031
245 tid 106031
Insert  tid 106031
FindTargetPageId rootid 5 tid 106032
target_page_id id: 7 tid 106032
0 1 tid 106032
128 6 tid 106032
365 4 tid 106032
492 7 tid 106032
246 tid 106032
Remove  tid 106032
FindTargetPageId rootid 5 tid 106032
target_page_id id: 7 tid 106032
0 1 tid 106032
128 6 tid 106032
365 4 tid 106032
492 7 tid 106032
245 tid 106032
Remove  tid 106032
FindTargetPageId rootid 5 tid 106032
target_page_id id: 7 tid 106032
0 1 tid 106032
128 6 tid 106032
365 4 tid 106032
492 7 tid 106032
244 tid 106032
Remove  tid 106032
FindTargetPageId rootid 5 tid 106033
target_page_id id: 7 tid 106033
0 1 tid 106033
128 6 tid 106033
365 4 tid 106033
492 7 tid 106033
243 tid 106033
Insert  tid 106033
FindTargetPageId rootid 5 tid 106033
target_page_id id: 7 tid 106033
0 1 tid 106033
128 6 tid 106033
365 4 tid 106033
492 7 tid 106033
244 tid 106033
Insert  tid 106033
FindTargetPageId rootid 5 tid 106033
target_page_id id: 7 tid 106033
0 1 tid 106033
128 6 tid 106033
365 4 tid 106033
492 7 tid 106033
245 tid 106033
Insert  tid 106033
FindTargetPageId rootid 5 tid 106031
target_page_id id: 7 tid 106031
0 1 tid 106031
128 6 tid 106031
365 4 tid 106031
492 7 tid 106031
246 tid 106031
Insert  tid 106031
FindTargetPageId rootid 5 tid 106032
target_page_id id: 7 tid 106032
0 1 tid 106032
128 6 tid 106032
365 4 tid 106032
492 7 tid 106032
247 tid 106032
Remove  tid 106032
FindTargetPageId rootid 5 tid 106032
target_page_id id: 7 tid 106032
0 1 tid 106032
128 6 tid 106032
365 4 tid 106032
492 7 tid 106032
246 tid 106032
Remove  tid 106032
FindTargetPageId rootid 5 tid 106032
target_page_id id: 7 tid 106032
0 1 tid 106032
128 6 tid 106032
365 4 tid 106032
492 7 tid 106032
245 tid 106032
Remove  tid 106032
FindTargetPageId rootid 5 tid 106032
target_page_id id: 7 tid 106032
0 1 tid 106032
128 6 tid 106032
365 4 tid 106032
492 7 tid 106032
244 tid 106032
Remove  tid 106032
FindTargetPageId rootid 5 tid 106032
target_page_id id: 7 tid 106032
0 1 tid 106032
128 6 tid 106032
365 4 tid 106032
492 7 tid 106032
243 tid 106032
Remove  tid 106032
FindTargetPageId rootid 5 tid 106032
target_page_id id: 7 tid 106032
0 1 tid 106032
128 6 tid 106032
365 4 tid 106032
492 7 tid 106032
242 tid 106032
Remove  tid 106032
FindTargetPageId rootid 5 tid 106032
target_page_id id: 7 tid 106032
0 1 tid 106032
128 6 tid 106032
365 4 tid 106032
492 7 tid 106032
241 tid 106032
Remove  tid 106032
FindTargetPageId rootid 5 tid 106032
target_page_id id: 7 tid 106032
0 1 tid 106032
128 6 tid 106032
365 4 tid 106032
492 7 tid 106032
240 tid 106032
Remove  tid 106032
FindTargetPageId rootid 5 tid 106032
target_page_id id: 7 tid 106032
0 1 tid 106032
128 6 tid 106032
365 4 tid 106032
492 7 tid 106032
239 tid 106032
Remove  tid 106032
FindTargetPageId rootid 5 tid 106032
target_page_id id: 7 tid 106032
0 1 tid 106032
128 6 tid 106032
365 4 tid 106032
492 7 tid 106032
238 tid 106032
Remove  tid 106032
FindTargetPageId rootid 5 tid 106032
target_page_id id: 7 tid 106032
0 1 tid 106032
128 6 tid 106032
365 4 tid 106032
492 7 tid 106032
237 tid 106032
Remove  tid 106032
FindTargetPageId rootid 5 tid 106032
target_page_id id: 7 tid 106032
0 1 tid 106032
128 6 tid 106032
365 4 tid 106032
492 7 tid 106032
236 tid 106032
Remove  tid 106032
FindTargetPageId rootid 5 tid 106032
target_page_id id: 7 tid 106032
0 1 tid 106032
128 6 tid 106032
365 4 tid 106032
492 7 tid 106032
235 tid 106032
Remove  tid 106032
FindTargetPageId rootid 5 tid 106032
target_page_id id: 7 tid 106032
0 1 tid 106032
128 6 tid 106032
365 4 tid 106032
492 7 tid 106032
234 tid 106032
Remove  tid 106032
FindTargetPageId rootid 5 tid 106032
target_page_id id: 7 tid 106032
0 1 tid 106032
128 6 tid 106032
365 4 tid 106032
492 7 tid 106032
233 tid 106032
Remove  tid 106032
FindTargetPageId rootid 5 tid 106032
target_page_id id: 7 tid 106032
0 1 tid 106032
128 6 tid 106032
365 4 tid 106032
492 7 tid 106032
232 tid 106032
Remove  tid 106032
FindTargetPageId rootid 5 tid 106032
target_page_id id: 7 tid 106032
0 1 tid 106032
128 6 tid 106032
365 4 tid 106032
492 7 tid 106032
232 tid 106032
Remove  tid 106032
FindTargetPageId rootid 5 tid 106031
target_page_id id: 7 tid 106031
0 1 tid 106031
128 6 tid 106031
365 4 tid 106031
492 7 tid 106031
232 tid 106031
Insert  tid 106031
FindTargetPageId rootid 5 tid 106031
target_page_id id: 7 tid 106031
0 1 tid 106031
128 6 tid 106031
365 4 tid 106031
492 7 tid 106031
233 tid 106031
Insert  tid 106031
FindTargetPageId rootid 5 tid 106031
target_page_id id: 7 tid 106031
0 1 tid 106031
128 6 tid 106031
365 4 tid 106031
492 7 tid 106031
234 tid 106031
Insert  tid 106031
FindTargetPageId rootid 5 tid 106031
target_page_id id: 7 tid 106031
0 1 tid 106031
128 6 tid 106031
365 4 tid 106031
492 7 tid 106031
235 tid 106031
Insert  tid 106031
FindTargetPageId rootid 5 tid 106031
target_page_id id: 7 tid 106031
0 1 tid 106031
128 6 tid 106031
365 4 tid 106031
492 7 tid 106031
236 tid 106031
Insert  tid 106031
FindTargetPageId rootid 5 tid 106031
target_page_id id: 7 tid 106031
0 1 tid 106031
128 6 tid 106031
365 4 tid 106031
492 7 tid 106031
237 tid 106031
Insert  tid 106031
FindTargetPageId rootid 5 tid 106031
target_page_id id: 7 tid 106031
0 1 tid 106031
128 6 tid 106031
365 4 tid 106031
492 7 tid 106031
238 tid 106031
Insert  tid 106031
FindTargetPageId rootid 5 tid 106031
target_page_id id: 7 tid 106031
0 1 tid 106031
128 6 tid 106031
365 4 tid 106031
492 7 tid 106031
239 tid 106031
Insert  tid 106031
FindTargetPageId rootid 5 tid 106031
target_page_id id: 7 tid 106031
0 1 tid 106031
128 6 tid 106031
365 4 tid 106031
492 7 tid 106031
240 tid 106031
Insert  tid 106031
FindTargetPageId rootid 5 tid 106031
target_page_id id: 7 tid 106031
0 1 tid 106031
128 6 tid 106031
365 4 tid 106031
492 7 tid 106031
241 tid 106031
Insert  tid 106031
FindTargetPageId rootid 5 tid 106031
target_page_id id: 7 tid 106031
0 1 tid 106031
128 6 tid 106031
365 4 tid 106031
492 7 tid 106031
242 tid 106031
Insert  tid 106031
FindTargetPageId rootid 5 tid 106031
target_page_id id: 7 tid 106031
0 1 tid 106031
128 6 tid 106031
365 4 tid 106031
492 7 tid 106031
243 tid 106031
Insert  tid 106031
FindTargetPageId rootid 5 tid 106032
target_page_id id: 7 tid 106032
0 1 tid 106032
128 6 tid 106032
365 4 tid 106032
492 7 tid 106032
244 tid 106032
Remove  tid 106032
FindTargetPageId rootid 5 tid 106032
target_page_id id: 7 tid 106032
0 1 tid 106032
128 6 tid 106032
365 4 tid 106032
492 7 tid 106032
243 tid 106032
Remove  tid 106032
FindTargetPageId rootid 5 tid 106032
target_page_id id: 7 tid 106032
0 1 tid 106032
128 6 tid 106032
365 4 tid 106032
492 7 tid 106032
242 tid 106032
Remove  tid 106032
FindTargetPageId rootid 5 tid 106032
target_page_id id: 7 tid 106032
0 1 tid 106032
128 6 tid 106032
365 4 tid 106032
492 7 tid 106032
241 tid 106032
Remove  tid 106032
FindTargetPageId rootid 5 tid 106033
target_page_id id: 7 tid 106033
0 1 tid 106033
128 6 tid 106033
365 4 tid 106033
492 7 tid 106033
240 tid 106033
Insert  tid 106033
FindTargetPageId rootid 5 tid 106033
target_page_id id: 7 tid 106033
0 1 tid 106033
128 6 tid 106033
365 4 tid 106033
492 7 tid 106033
241 tid 106033
Insert  tid 106033
FindTargetPageId rootid 5 tid 106033
target_page_id id: 7 tid 106033
0 1 tid 106033
128 6 tid 106033
365 4 tid 106033
492 7 tid 106033
241 tid 106033
Insert  tid 106033
FindTargetPageId rootid 5 tid 106033
target_page_id id: 7 tid 106033
0 1 tid 106033
128 6 tid 106033
365 4 tid 106033
492 7 tid 106033
241 tid 106033
FindTargetPageId rootid 5 tid 106032
target_page_id id: 7 tid 106032
0 1 tid 106032
128 6 tid 106032
365 4 tid 106032
492 7 tid 106032
241 tid 106032
Remove  tid 106032
FindTargetPageId rootid 5 tid 106032
target_page_id id: 7 tid 106032
0 1 tid 106032
128 6 tid 106032
365 4 tid 106032
492 7 tid Insert  tid 106032106033

240 tid 106032
Remove  tid 106032
FindTargetPageId rootid 5 tid 106031
target_page_id id: 7 tid 106031
0 1 tid 106031
128 6 tid 106031
365 4 tid 106031
492 7 tid 106031
239 tid 106031
Insert  tid 106031
FindTargetPageId rootid 5 tid 106031
target_page_id id: 7 tid 106031
0 1 tid 106031
128 6 tid 106031
365 4 tid 106031
492 7 tid 106031
240 tid 106031
Insert  tid 106031
FindTargetPageId rootid 5 tid 106031
target_page_id id: 7 tid 106031
0 1 tid 106031
128 6 tid 106031
365 4 tid 106031
492 7 tid 106031
241 tid 106031
Insert  tid 106031
FindTargetPageId rootid 5 tid 106031
target_page_id id: 7 tid 106031
0 1 tid 106031
128 6 tid 106031
365 4 tid 106031
492 7 tid 106031
242 tid 106031
Insert  tid 106031
FindTargetPageId rootid 5 tid 106031
target_page_id id: 7 tid 106031
0 1 tid 106031
128 6 tid 106031
365 4 tid 106031
492 7 tid 106031
243 tid 106031
Insert  tid 106031
FindTargetPageId rootid 5 tid 106031
target_page_id id: 7 tid 106031
0 1 tid 106031
128 6 tid 106031
365 4 tid 106031
492 7 tid 106031
244 tid 106031
Insert  tid 106031
FindTargetPageId rootid 5 tid 106031
target_page_id id: 7 tid 106031
0 1 tid 106031
128 6 tid 106031
365 4 tid 106031
492 7 tid 106031
245 tid 106031
Insert  tid 106031
FindTargetPageId rootid 5 tid 106033
target_page_id id: 7 tid 106033
0 1 tid 106033
128 6 tid 106033
365 4 tid 106033
492 7 tid 106033
246 tid 106033
Insert  tid 106033
FindTargetPageId rootid 5 tid 106032
target_page_id id: 7 tid 106032
0 1 tid 106032
128 6 tid 106032
365 4 tid 106032
492 7 tid 106032
247 tid 106032
Remove  tid 106032
FindTargetPageId rootid 5 tid 106032
target_page_id id: 7 tid 106032
0 1 tid 106032
128 6 tid 106032
365 4 tid 106032
492 7 tid 106032
246 tid 106032
Remove  tid 106032
FindTargetPageId rootid 5 tid 106033
target_page_id id: 7 tid 106033
0 1 tid 106033
128 6 tid 106033
365 4 tid 106033
492 7 tid 106033
245 tid 106033
Insert  tid 106033
FindTargetPageId rootid 5 tid 106031
target_page_id id: 7 tid 106031
0 1 tid 106031
128 6 tid 106031
365 4 tid 106031
492 7 tid 106031
246 tid 106031
Insert  tid 106031
FindTargetPageId rootid 5 tid 106032
target_page_id id: 7 tid 106032
0 1 tid 106032
128 6 tid 106032
365 4 tid 106032
492 7 tid 106032
247 tid 106032
Remove  tid 106032
FindTargetPageId rootid 5 tid 106032
target_page_id id: 7 tid 106032
0 1 tid 106032
128 6 tid 106032
365 4 tid 106032
492 7 tid 106032
246 tid 106032
Remove  tid 106032
FindTargetPageId rootid 5 tid 106031
target_page_id id: 7 tid 106031
0 1 tid 106031
128 6 tid 106031
365 4 tid 106031
492 7 tid 106031
245 tid 106031
Insert  tid 106031
FindTargetPageId rootid 5 tid 106031
target_page_id id: 7 tid 106031
0 1 tid 106031
128 6 tid 106031
365 4 tid 106031
492 7 tid 106031
246 tid 106031
Insert  tid 106031
FindTargetPageId rootid 5 tid 106031
target_page_id id: 7 tid 106031
0 1 tid 106031
128 6 tid 106031
365 4 tid 106031
492 7 tid 106031
247 tid 106031
Insert  tid 106031
FindTargetPageId rootid 5 tid 106031
target_page_id id: 7 tid 106031
0 1 tid 106031
128 6 tid 106031
365 4 tid 106031
492 7 tid 106031
248 tid 106031
Insert  tid 106031
FindTargetPageId rootid 5 tid 106032
target_page_id id: 7 tid 106032
0 1 tid 106032
128 6 tid 106032
365 4 tid 106032
492 7 tid 106032
249 tid 106032
Remove  tid 106032
FindTargetPageId rootid 5 tid 106033
target_page_id id: 7 tid 106033
0 1 tid 106033
128 6 tid 106033
365 4 tid 106033
492 7 tid 106033
248 tid 106033
Insert  tid 106033
FindTargetPageId rootid 5 tid 106031
target_page_id id: 7 tid 106031
0 1 tid 106031
128 6 tid 106031
365 4 tid 106031
492 7 tid 106031
249 tid 106031
Insert  tid 106031
FindTargetPageId rootid 5 tid 106031
target_page_id id: 7 tid 106031
0 1 tid 106031
128 6 tid 106031
365 4 tid 106031
492 7 tid 106031
250 tid 106031
Insert  tid 106031
FindTargetPageId rootid 5 tid 106031
target_page_id id: 7 tid 106031
0 1 tid 106031
128 6 tid 106031
365 4 tid 106031
492 7 tid 106031
251 tid 106031
Insert  tid 106031
FindTargetPageId rootid 5 tid 106031
target_page_id id: 7 tid 106031
0 1 tid 106031
128 6 tid 106031
365 4 tid 106031
492 7 tid 106031
252 tid 106031
Insert  tid 106031
FindTargetPageId rootid 5 tid 106033
target_page_id id: 7 tid 106033
0 1 tid 106033
128 6 tid 106033
365 4 tid 106033
492 7 tid 106033
253 tid 106033
Insert  tid 106033
FindTargetPageId rootid 5 tid 106032
target_page_id id: 7 tid 106032
0 1 tid 106032
128 6 tid 106032
365 4 tid 106032
492 7 tid 106032
254 tid 106032
Remove  tid 106032
FindTargetPageId rootid 5 tid 106031
target_page_id id: 7 tid 106031
0 1 tid 106031
128 6 tid 106031
365 4 tid 106031
492 7 tid 106031
253 tid 106031
Insert  tid 106031
FindTargetPageId rootid 5 tid 106033
target_page_id id: 7 tid 106033
0 1 tid 106033
128 6 tid 106033
365 4 tid 106033
492 7 tid 106033
254 tid 106033
Insert  tid 106033
FindTargetPageId rootid 5 tid 106032
target_page_id id: 9 tid 106032
0 1 tid 106032
128 6 tid 106032
365 4 tid 106032
492 7 tid 106032
619 9 tid 106032
128 tid 106032
Remove  tid 106032
FindTargetPageId rootid 5 tid 106031
target_page_id id: 9 tid 106031
0 1 tid 106031
128 6 tid 106031
365 4 tid 106031
492 7 tid 106031
619 9 tid 106031
127 tid 106031
Insert  tid 106031
FindTargetPageId rootid 5 tid 106033
target_page_id id: 9 tid 106033
0 1 tid 106033
128 6 tid 106033
365 4 tid 106033
492 7 tid 106033
619 9 tid 106033
128 tid 106033
Insert  tid 106033
FindTargetPageId rootid 5 tid 106032
target_page_id id: 9 tid 106032
0 1 tid 106032
128 6 tid 106032
365 4 tid 106032
492 7 tid 106032
619 9 tid 106032
129 tid 106032
Remove  tid 106032
FindTargetPageId rootid 5 tid 106031
target_page_id id: 9 tid 106031
0 1 tid 106031
128 6 tid 106031
365 4 tid 106031
492 7 tid 106031
619 9 tid 106031
128 tid 106031
Insert  tid 106031
FindTargetPageId rootid 5 tid 106033
target_page_id id: 9 tid 106033
0 1 tid 106033
128 6 tid 106033
365 4 tid 106033
492 7 tid 106033
619 9 tid 106033
129 tid 106033
FindTargetPageId rootid 5 tid 106032
target_page_id id: 9 tid 106032
0 1 tid 106032
128 6 tid 106032
365 4 tid 106032
492 7 tid 106032
619 9 tid 106032
130 tid 106032
Remove  tid 106032
Insert  tid 106033
FindTargetPageId rootid 5 tid 106032
target_page_id id: 9 tid 106032
0 1 tid 106032
128 6 tid 106032
365 4 tid 106032
492 7 tid 106032
619 9 tid 106032
129 tid 106032
Remove  tid 106032
FindTargetPageId rootid 5 tid 106032
target_page_id id: 9 tid 106032
0 1 tid 106032
128 6 tid 106032
365 4 tid 106032
492 7 tid 106032
619 9 tid 106032
128 tid 106032
Remove  tid 106032
FindTargetPageId rootid 5 tid 106032
target_page_id id: 9 tid 106032
0 1 tid 106032
128 6 tid 106032
365 4 tid 106032
492 7 tid 106032
619 9 tid 106032
127 tid 106032
Remove  tid 106032
FindTargetPageId rootid 5 tid 106032
target_page_id id: 7 tid 106032
0 1 tid 106032
128 6 tid 106032
365 4 tid 106032
492 7 tid 106032
253 tid 106032
Remove  tid 106032
FindTargetPageId rootid 5 tid 106032
target_page_id id: 7 tid 106032
0 1 tid 106032
128 6 tid 106032
365 4 tid 106032
492 7 tid 106032
252 tid 106032
Remove  tid 106032
FindTargetPageId rootid 5 tid 106032
target_page_id id: 7 tid 106032
0 1 tid 106032
128 6 tid 106032
365 4 tid 106032
492 7 tid 106032
251 tid 106032
Remove  tid 106032
FindTargetPageId rootid 5 tid 106031
target_page_id id: 7 tid 106031
0 1 tid 106031
128 6 tid 106031
365 4 tid 106031
492 7 tid 106031
250 tid 106031
FindTargetPageId rootid 5 tid 106033
Insert target_page_id id:  tid 7 tid 106033
0 1 tid 106033
128 6 tid 106033
365 4 tid 106033
492 7 tid 106033
251 tid 106033
106031
Insert  tid 106033
FindTargetPageId rootid 5 tid 106031
target_page_id id: 7 tid 106031
0 1 tid 106031
128 6 tid 106031
365 4 tid 106031
492 7 tid 106031
252 tid 106031
Insert  tid 106031
FindTargetPageId rootid 5 tid 106033
target_page_id id: 7 tid 106033
0 1 tid 106033
128 6 tid 106033
365 4 tid 106033
492 7 tid 106033
253 tid 106033
Insert  tid 106033
FindTargetPageId rootid 5 tid 106033
target_page_id id: 7 tid 106033
0 1 tid 106033
128 6 tid 106033
365 4 tid 106033
492 7 tid 106033
254 tid 106033
Insert  tid 106033
FindTargetPageId rootid 5 tid 106031
target_page_id id: 10 tid 106031
0 1 tid 106031
128 6 tid 106031
365 4 tid 106031
492 7 tid 106031
619 10 tid 106031
128 tid 106031
Insert  tid 106031
FindTargetPageId rootid 5 tid 106031
target_page_id id: 10 tid 106031
0 1 tid 106031
128 6 tid 106031
365 4 tid 106031
492 7 tid 106031
619 10 tid 106031
129 tid 106031
Insert  tid 106031
FindTargetPageId rootid 5 tid 106031
target_page_id id: 10 tid 106031
0 1 tid 106031
128 6 tid 106031
365 4 tid 106031
492 7 tid 106031
619 10 tid 106031
130 tid 106031
Insert  tid 106031
FindTargetPageId rootid 5 tid 106031
target_page_id id: 10 tid 106031
0 1 tid 106031
128 6 tid 106031
365 4 tid 106031
492 7 tid 106031
619 10 tid 106031
131 tid 106031
Insert  tid 106031
FindTargetPageId rootid 5 tid 106031
target_page_id id: 10 tid 106031
0 1 tid 106031
128 6 tid 106031
365 4 tid 106031
492 7 tid 106031
619 10 tid 106031
132 tid 106031
Insert  tid 106031
FindTargetPageId rootid 5 tid 106031
target_page_id id: 10 tid 106031
0 1 tid 106031
128 6 tid 106031
365 4 tid 106031
492 7 tid 106031
619 10 tid 106031
133 tid 106031
Insert  tid 106031
FindTargetPageId rootid 5 tid 106031
target_page_id id: 10 tid 106031
0 1 tid 106031
128 6 tid 106031
365 4 tid 106031
492 7 tid 106031
619 10 tid 106031
134 tid 106031
Insert  tid 106031
FindTargetPageId rootid 5 tid 106033
target_page_id id: 10 tid 106033
0 1 tid 106033
128 6 tid 106033
365 4 tid 106033
492 7 tid 106033
619 10 tid 106033
135 tid 106033
Insert  tid 106033
FindTargetPageId rootid 5 tid 106032
target_page_id id: 10 tid 106032
0 1 tid 106032
128 6 tid 106032
365 4 tid 106032
492 7 tid 106032
619 10 tid 106032
136 tid 106032
Remove  tid 106032
FindTargetPageId rootid 5 tid 106032
target_page_id id: 10 tid 106032
0 1 tid 106032
128 6 tid 106032
365 4 tid 106032
492 7 tid 106032
619 10 tid 106032
135 tid 106032
Remove  tid 106032
FindTargetPageId rootid 5 tid 106032
target_page_id id: 10 tid 106032
0 1 tid 106032
128 6 tid 106032
365 4 tid 106032
492 7 tid 106032
619 10 tid 106032
134 tid 106032
Remove  tid 106032
FindTargetPageId rootid 5 tid 106032
target_page_id id: 10 tid 106032
0 1 tid 106032
128 6 tid 106032
365 4 tid 106032
492 7 tid 106032
619 10 tid 106032
133 tid 106032
Remove  tid 106032
FindTargetPageId rootid 5 tid 106032
target_page_id id: 10 tid 106032
0 1 tid 106032
128 6 tid 106032
365 4 tid 106032
492 7 tid 106032
619 10 tid 106032
132 tid 106032
FindTargetPageId rootid 5 tid 106033
target_page_id id: 10 tid 106033
0 1 tid 106033
128 6 tid 106033
365 4 tid 106033
492 7 tid 106033
619 10 tid 106033
131 tid 106033
Insert  tid 106033
FindTargetPageId rootid 5 tid 106033
Remove  tid target_page_id id: 10 tid 106033
0 1 tid 106033
128 6 tid 106033
365 4 tid 106032106033
492 7 tid 106033
619 10 tid 106033

132 tid 106033
Insert  tid 106033
FindTargetPageId rootid 5 tid 106033
target_page_id id: 10 tid 106033
0 1 tid 106033
128 6 tid 106033
365 4 tid 106033
492 7 tid 106033
619 10 tid 106033
133 tid 106033
Insert  tid 106033
FindTargetPageId rootid 5 tid 106033
target_page_id id: 10 tid 106033
0 1 tid 106033
128 6 tid 106033
365 4 tid 106033
492 7 tid 106033
619 10 tid 106033
134 tid 106033
Insert  tid 106033
FindTargetPageId rootid 5 tid 106033
target_page_id id: 10 tid 106033
0 1 tid 106033
128 6 tid 106033
365 4 tid 106033
492 7 tid 106033
619 10 tid 106033
135 tid 106033
Insert  tid 106033
FindTargetPageId rootid 5 tid 106033
target_page_id id: 10 tid 106033
0 1 tid 106033
128 6 tid 106033
365 4 tid 106033
492 7 tid 106033
619 10 tid 106033
136 tid 106033
Insert  tid 106033
FindTargetPageId rootid 5 tid 106033
target_page_id id: 10 tid 106033
0 1 tid 106033
128 6 tid 106033
365 4 tid 106033
492 7 tid 106033
619 10 tid 106033
137 tid 106033
Insert  tid 106033
FindTargetPageId rootid 5 tid 106032
target_page_id id: 10 tid 106032
0 1 tid 106032
128 6 tid 106032
365 4 tid 106032
492 7 tid 106032
619 10 tid 106032
138 tid 106032
FindTargetPageId rootid Remove 5 tid  tid 106031
106032target_page_id id: 10 tid 106031
0 1 tid 106031
128 6 tid 106031
365 4 tid 106031
492 7 tid 106031
619 10 tid 106031
137 tid 106031
Insert  tid 106031
FindTargetPageId rootid 
5 tid 106031
target_page_id id: 10 tid 106031
0 1 tid 106031
128 6 tid 106031
365 4 tid 106031
492 7 tid 106031
619 10 tid 106031
138 tid 106031
Insert  tid 106031
FindTargetPageId rootid 5 tid 106031
target_page_id id: 10 tid 106031
0 1 tid 106031
128 6 tid 106031
365 4 tid 106031
492 7 tid 106031
619 10 tid 106031
139 tid 106031
Insert  tid 106031
FindTargetPageId rootid 5 tid 106031
target_page_id id: 10 tid 106031
0 1 tid 106031
128 6 tid 106031
365 4 tid 106031
492 7 tid 106031
619 10 tid 106031
140 tid 106031
FindTargetPageId rootid 5 tid 106032
Insert  tid 106031
target_page_id id: 10 tid 106032
0 1 tid 106032
128 6 tid 106032
365 4 tid 106032
492 7 tid 106032
619 10 tid 106032
141 tid 106032
Remove  tid 106032
FindTargetPageId rootid 5 tid 106033
target_page_id id: 10 tid 106033
0 1 tid 106033
128 6 tid 106033
365 4 tid 106033
492 7 tid 106033
619 10 tid 106033
140 tid 106033
Insert  tid 106033
FindTargetPageId rootid 5 tid 106031
target_page_id id: 10 tid 106031
0 1 tid 106031
128 6 tid 106031
365 4 tid 106031
492 7 tid 106031
619 10 tid 106031
141 tid 106031
Insert  tid 106031
FindTargetPageId rootid 5 tid 106032
target_page_id id: 10 tid 106032
0 1 tid 106032
128 6 tid 106032
365 4 tid 106032
492 7 tid 106032
619 10 tid 106032
142 tid 106032
Remove  tid 106032
FindTargetPageId rootid 5 tid 106032
target_page_id id: 10 tid 106032
0 1 tid 106032
128 6 tid 106032
365 4 tid 106032
492 7 tid 106032
619 10 tid 106032
141 tid 106032
Remove  tid 106032
FindTargetPageId rootid 5 tid 106031
target_page_id id: 10 tid 106031
0 1 tid 106031
128 6 tid 106031
365 4 tid 106031
492 7 tid 106031
619 10 tid 106031
140 tid 106031
Insert  tid 106031
FindTargetPageId rootid 5 tid 106033
target_page_id id: 10 tid 106033
0 1 tid 106033
128 6 tid 106033
365 4 tid 106033
492 7 tid 106033
619 10 tid 106033
141 tid 106033
Insert  tid 106033
FindTargetPageId rootid 5 tid 106033
target_page_id id: 10 tid 106033
0 1 tid 106033
128 6 tid 106033
365 4 tid 106033
492 7 tid 106033
619 10 tid 106033
142 tid 106033
Insert  tid 106033
FindTargetPageId rootid 5 tid 106033
target_page_id id: 10 tid 106033
0 1 tid 106033
128 6 tid 106033
365 4 tid 106033
492 7 tid 106033
619 10 tid 106033
143 tid 106033
Insert  tid 106033
FindTargetPageId rootid 5 tid 106032
target_page_id id: 10 tid 106032
0 1 tid 106032
128 6 tid 106032
365 4 tid 106032
492 7 tid 106032
619 10 tid 106032
144 tid 106032
Remove  tid 106032
FindTargetPageId rootid 5 tid 106031
target_page_id id: 10 tid 106031
0 1 tid 106031
128 6 tid 106031
365 4 tid 106031
492 7 tid 106031
619 10 tid 106031
143 tid 106031
Insert  tid 106031
FindTargetPageId rootid 5 tid 106033
target_page_id id: 10 tid 106033
0 1 tid 106033
128 6 tid 106033
365 4 tid 106033
492 7 tid 106033
619 10 tid 106033
144 tid 106033
Insert  tid 106033
FindTargetPageId rootid 5 tid 106033
target_page_id id: 10 tid 106033
0 1 tid 106033
128 6 tid 106033
365 4 tid 106033
492 7 tid 106033
619 10 tid 106033
145 tid 106033
Insert  tid 106033
FindTargetPageId rootid 5 tid 106033
target_page_id id: 10 tid 106033
0 1 tid 106033
128 6 tid 106033
365 4 tid 106033
492 7 tid 106033
619 10 tid 106033
146 tid 106033
Insert  tid 106033
FindTargetPageId rootid 5 tid 106033
target_page_id id: 10 tid 106033
0 1 tid 106033
128 6 tid 106033
365 4 tid 106033
492 7 tid 106033
619 10 tid 106033
147 tid 106033
Insert  tid 106033
FindTargetPageId rootid 5 tid 106033
target_page_id id: 10 tid 106033
0 1 tid 106033
128 6 tid 106033
365 4 tid 106033
492 7 tid 106033
619 10 tid 106033
148 tid 106033
Insert  tid 106033
FindTargetPageId rootid 5 tid 106031
target_page_id id: 10 tid 106031
0 1 tid 106031
128 6 tid 106031
365 4 tid 106031
492 7 tid 106031
619 10 tid 106031
148 tid 106031
Insert  tid 106031
FindTargetPageId rootid 5 tid 106031
target_page_id id: 10 tid 106031
0 1 tid 106031
128 6 tid 106031
365 4 tid 106031
492 7 tid 106031
619 10 tid 106031
149 tid 106031
Insert  tid 106031
FindTargetPageId rootid 5 tid 106031
target_page_id id: 10 tid 106031
0 1 tid 106031
128 6 tid 106031
365 4 tid 106031
492 7 tid 106031
619 10 tid 106031
150 tid 106031
Insert  tid 106031
FindTargetPageId rootid 5 tid 106033
target_page_id id: 10 tid 106033
0 1 tid 106033
128 6 tid 106033
365 4 tid 106033
492 7 tid 106033
619 10 tid 106033
151 tid 106033
Insert  tid 106033
FindTargetPageId rootid 5 tid 106033
target_page_id id: 10 tid 106033
0 1 tid 106033
128 6 tid 106033
365 4 tid 106033
492 7 tid 106033
619 10 tid 106033
151 tid 106033
Insert  tid 106033
FindTargetPageId rootid 5 tid 106033
target_page_id id: 10 tid 106033
0 1 tid 106033
128 6 tid 106033
365 4 tid 106033
492 7 tid 106033
619 10 tid 106033
151 tid 106033
Insert  tid 106033
FindTargetPageId rootid 5 tid 106032
target_page_id id: 10 tid 106032
0 1 tid 106032
128 6 tid 106032
365 4 tid 106032
492 7 tid 106032
619 10 tid 106032
151 tid 106032
Remove  tid 106032
FindTargetPageId rootid 5 tid 106031
target_page_id id: 10 tid 106031
0 1 tid 106031
128 6 tid 106031
365 4 tid 106031
492 7 tid 106031
619 10 tid 106031
150 tid 106031
Insert  tid 106031
FindTargetPageId rootid 5 tid 106033
target_page_id id: 10 tid 106033
0 1 tid 106033
128 6 tid 106033
365 4 tid 106033
492 7 tid 106033
619 10 tid 106033
151 tid 106033
Insert  tid 106033
FindTargetPageId rootid 5 tid 106033
target_page_id id: 10 tid 106033
0 1 tid 106033
128 6 tid 106033
365 4 tid 106033
492 7 tid 106033
619 10 tid 106033
151 tid 106033
Insert  tid 106033
FindTargetPageId rootid 5 tid 106033
target_page_id id: 10 tid 106033
0 1 tid 106033
128 6 tid 106033
365 4 tid 106033
492 7 tid 106033
619 10 tid 106033
152 tid 106033
Insert  tid 106033
FindTargetPageId rootid 5 tid 106033
target_page_id id: 10 tid 106033
0 1 tid 106033
128 6 tid 106033
365 4 tid 106033
492 7 tid 106033
619 10 tid 106033
153 tid 106033
Insert  tid 106033
FindTargetPageId rootid 5 tid 106031
target_page_id id: 10 tid 106031
0 1 tid 106031
128 6 tid 106031
365 4 tid 106031
492 7 tid 106031
619 10 tid 106031
154 tid 106031
Insert  tid 106031
FindTargetPageId rootid 5 tid 106031
target_page_id id: 10 tid 106031
0 1 tid 106031
128 6 tid 106031
365 4 tid 106031
492 7 tid 106031
619 10 tid 106031
155 tid 106031
Insert  tid 106031
FindTargetPageId rootid 5 tid 106031
target_page_id id: 10 tid 106031
0 1 tid 106031
128 6 tid 106031
365 4 tid 106031
492 7 tid 106031
619 10 tid 106031
156 tid 106031
Insert  tid 106031
FindTargetPageId rootid 5 tid 106032
target_page_id id: 10 tid 106032
0 1 tid 106032
128 6 tid 106032
365 4 tid 106032
492 7 tid 106032
619 10 tid 106032
157 tid 106032
Remove  tid 106032
FindTargetPageId rootid 5 tid 106033
target_page_id id: 10 tid 106033
0 1 tid 106033
128 6 tid 106033
365 4 tid 106033
492 7 tid 106033
619 10 tid 106033
156 tid 106033
Insert  tid 106033
FindTargetPageId rootid 5 tid 106031
target_page_id id: 10 tid 106031
0 1 tid 106031
128 6 tid 106031
365 4 tid 106031
492 7 tid 106031
619 10 tid 106031
157 tid 106031
Insert  tid 106031
FindTargetPageId rootid 5 tid 106032
target_page_id id: 10 tid 106032
0 1 tid 106032
128 6 tid 106032
365 4 tid 106032
492 7 tid 106032
619 10 tid 106032
158 tid 106032
Remove  tid 106032
FindTargetPageId rootid 5 tid 106033
target_page_id id: 10 tid 106033
0 1 tid 106033
128 6 tid 106033
365 4 tid 106033
492 7 tid 106033
619 10 tid 106033
157 tid 106033
Insert  tid 106033
FindTargetPageId rootid 5 tid 106031
target_page_id id: 10 tid 106031
0 1 tid 106031
128 6 tid 106031
365 4 tid 106031
492 7 tid 106031
619 10 tid 106031
158 tid 106031
Insert  tid 106031
FindTargetPageId rootid 5 tid 106032
target_page_id id: 10 tid 106032
0 1 tid 106032
128 6 tid 106032
365 4 tid 106032
492 7 tid 106032
619 10 tid 106032
159 tid 106032
Remove  tid 106032
FindTargetPageId rootid 5 tid 106033
target_page_id id: 10 tid 106033
0 1 tid 106033
128 6 tid 106033
365 4 tid 106033
492 7 tid 106033
619 10 tid 106033
158 tid 106033
Insert  tid 106033
FindTargetPageId rootid 5 tid 106033
target_page_id id: 10 tid 106033
0 1 tid 106033
128 6 tid 106033
365 4 tid 106033
492 7 tid 106033
619 10 tid 106033
159 tid 106033
Insert  tid 106033
FindTargetPageId rootid 5 tid 106032
target_page_id id: 10 tid 106032
0 1 tid 106032
128 6 tid 106032
365 4 tid 106032
492 7 tid 106032
619 10 tid 106032
160 tid 106032
Remove  tid 106032
FindTargetPageId rootid 5 tid 106031
target_page_id id: 10 tid 106031
0 1 tid 106031
128 6 tid 106031
365 4 tid 106031
492 7 tid 106031
619 10 tid 106031
159 tid 106031
Insert  tid 106031
FindTargetPageId rootid 5 tid 106033
target_page_id id: 10 tid 106033
0 1 tid 106033
128 6 tid 106033
365 4 tid 106033
492 7 tid 106033
619 10 tid 106033
160 tid 106033
Insert  tid 106033
FindTargetPageId rootid 5 tid 106032
target_page_id id: 10 tid 106032
0 1 tid 106032
128 6 tid 106032
365 4 tid 106032
492 7 tid 106032
619 10 tid 106032
161 tid 106032
Remove  tid 106032
FindTargetPageId rootid 5 tid 106031
target_page_id id: 10 tid 106031
0 1 tid 106031
128 6 tid 106031
365 4 tid 106031
492 7 tid 106031
619 10 tid 106031
160 tid 106031
Insert  tid 106031
FindTargetPageId rootid 5 tid 106031
target_page_id id: 10 tid 106031
0 1 tid 106031
128 6 tid 106031
365 4 tid 106031
492 7 tid 106031
619 10 tid 106031
161 tid 106031
Insert  tid 106031
FindTargetPageId rootid 5 tid 106031
target_page_id id: 10 tid 106031
0 1 tid 106031
128 6 tid 106031
365 4 tid 106031
492 7 tid 106031
619 10 tid 106031
162 tid 106031
Insert  tid 106031
FindTargetPageId rootid 5 tid 106032
target_page_id id: 10 tid 106032
0 1 tid 106032
128 6 tid 106032
365 4 tid 106032
492 7 tid 106032
619 10 tid 106032
163 tid 106032
Remove  tid 106032
FindTargetPageId rootid 5 tid 106033
target_page_id id: 10 tid 106033
0 1 tid 106033
128 6 tid 106033
365 4 tid 106033
492 7 tid 106033
619 10 tid 106033
162 tid 106033
Insert  tid 106033
FindTargetPageId rootid 5 tid 106033
target_page_id id: 10 tid 106033
0 1 tid 106033
128 6 tid 106033
365 4 tid 106033
492 7 tid 106033
619 10 tid 106033
163 tid 106033
Insert  tid 106033
FindTargetPageId rootid 5 tid 106033
target_page_id id: 10 tid 106033
0 1 tid 106033
128 6 tid 106033
365 4 tid 106033
492 7 tid 106033
619 10 tid 106033
164 tid 106033
Insert  tid 106033
FindTargetPageId rootid 5 tid 106031
target_page_id id: 10 tid 106031
0 1 tid 106031
128 6 tid 106031
365 4 tid 106031
492 7 tid 106031
619 10 tid 106031
165 tid 106031
Insert  tid 106031
FindTargetPageId rootid 5 tid 106031
target_page_id id: 10 tid 106031
0 1 tid 106031
128 6 tid 106031
365 4 tid 106031
492 7 tid 106031
619 10 tid 106031
166 tid 106031
Insert  tid 106031
FindTargetPageId rootid 5 tid 106031
target_page_id id: 10 tid 106031
0 1 tid 106031
128 6 tid 106031
365 4 tid 106031
492 7 tid 106031
619 10 tid 106031
167 tid 106031
Insert  tid 106031
FindTargetPageId rootid 5 tid 106031
target_page_id id: 10 tid 106031
0 1 tid 106031
128 6 tid 106031
365 4 tid 106031
492 7 tid 106031
619 10 tid 106031
168 tid 106031
Insert  tid 106031
FindTargetPageId rootid 5 tid 106031
target_page_id id: 10 tid 106031
0 1 tid 106031
128 6 tid 106031
365 4 tid 106031
492 7 tid 106031
619 10 tid 106031
169 tid 106031
Insert  tid 106031
FindTargetPageId rootid 5 tid 106033
target_page_id id: 10 tid 106033
0 1 tid 106033
128 6 tid 106033
365 4 tid 106033
492 7 tid 106033
619 10 tid 106033
170 tid 106033
Insert  tid 106033
FindTargetPageId rootid 5 tid 106033
target_page_id id: 10 tid 106033
0 1 tid 106033
128 6 tid 106033
365 4 tid 106033
492 7 tid 106033
619 10 tid 106033
171 tid 106033
Insert  tid 106033
FindTargetPageId rootid 5 tid 106031
target_page_id id: 10 tid 106031
0 1 tid 106031
128 6 tid 106031
365 4 tid 106031
492 7 tid 106031
619 10 tid 106031
172 tid 106031
Insert  tid 106031
FindTargetPageId rootid 5 tid 106031
target_page_id id: 10 tid 106031
0 1 tid 106031
128 6 tid 106031
365 4 tid 106031
492 7 tid 106031
619 10 tid 106031
173 tid 106031
Insert  tid 106031
FindTargetPageId rootid 5 tid 106031
target_page_id id: 10 tid 106031
0 1 tid 106031
128 6 tid 106031
365 4 tid 106031
492 7 tid 106031
619 10 tid 106031
174 tid 106031
Insert  tid 106031
FindTargetPageId rootid 5 tid 106031
target_page_id id: 10 tid 106031
0 1 tid 106031
128 6 tid 106031
365 4 tid 106031
492 7 tid 106031
619 10 tid 106031
175 tid 106031
Insert  tid 106031
FindTargetPageId rootid 5 tid 106031
target_page_id id: 10 tid 106031
0 1 tid 106031
128 6 tid 106031
365 4 tid 106031
492 7 tid 106031
619 10 tid 106031
176 tid 106031
Insert  tid 106031
FindTargetPageId rootid 5 tid 106031
target_page_id id: 10 tid 106031
0 1 tid 106031
128 6 tid 106031
365 4 tid 106031
492 7 tid 106031
619 10 tid 106031
177 tid 106031
Insert  tid 106031
FindTargetPageId rootid 5 tid 106033
target_page_id id: 10 tid 106033
0 1 tid 106033
128 6 tid 106033
365 4 tid 106033
492 7 tid 106033
619 10 tid 106033
178 tid 106033
Insert  tid 106033
FindTargetPageId rootid 5 tid 106033
target_page_id id: 10 tid 106033
0 1 tid 106033
128 6 tid 106033
365 4 tid 106033
492 7 tid 106033
619 10 tid 106033
179 tid 106033
Insert  tid 106033
FindTargetPageId rootid 5 tid 106033
target_page_id id: 10 tid 106033
0 1 tid 106033
128 6 tid 106033
365 4 tid 106033
492 7 tid 106033
619 10 tid 106033
180 tid 106033
Insert  tid 106033
FindTargetPageId rootid 5 tid 106033
target_page_id id: 10 tid 106033
0 1 tid 106033
128 6 tid 106033
365 4 tid 106033
492 7 tid 106033
619 10 tid 106033
181 tid 106033
Insert  tid 106033
FindTargetPageId rootid 5 tid 106033
target_page_id id: 10 tid 106033
0 1 tid 106033
128 6 tid 106033
365 4 tid 106033
492 7 tid 106033
619 10 tid 106033
182 tid 106033
Insert  tid 106033
FindTargetPageId rootid 5 tid 106033
target_page_id id: 10 tid 106033
0 1 tid 106033
128 6 tid 106033
365 4 tid 106033
492 7 tid 106033
619 10 tid 106033
183 tid 106033
Insert  tid 106033
FindTargetPageId rootid 5 tid 106033
target_page_id id: 10 tid 106033
0 1 tid 106033
128 6 tid 106033
365 4 tid 106033
492 7 tid 106033
619 10 tid 106033
184 tid 106033
Insert  tid 106033
FindTargetPageId rootid 5 tid 106033
target_page_id id: 10 tid 106033
0 1 tid 106033
128 6 tid 106033
365 4 tid 106033
492 7 tid 106033
619 10 tid 106033
185 tid 106033
Insert  tid 106033
FindTargetPageId rootid 5 tid 106033
target_page_id id: 10 tid 106033
0 1 tid 106033
128 6 tid 106033
365 4 tid 106033
492 7 tid 106033
619 10 tid 106033
186 tid 106033
Insert  tid 106033
FindTargetPageId rootid 5 tid 106033
target_page_id id: 10 tid 106033
0 1 tid 106033
128 6 tid 106033
365 4 tid 106033
492 7 tid 106033
619 10 tid 106033
187 tid 106033
Insert  tid 106033
FindTargetPageId rootid 5 tid 106031
target_page_id id: 10 tid 106031
0 1 tid 106031
128 6 tid 106031
365 4 tid 106031
492 7 tid 106031
619 10 tid 106031
188 tid 106031
Insert  tid 106031
FindTargetPageId rootid 5 tid 106031
target_page_id id: 10 tid 106031
0 1 tid 106031
128 6 tid 106031
365 4 tid 106031
492 7 tid 106031
619 10 tid 106031
189 tid 106031
Insert  tid 106031
FindTargetPageId rootid 5 tid 106032
target_page_id id: 10 tid 106032
0 1 tid 106032
128 6 tid 106032
365 4 tid 106032
492 7 tid 106032
619 10 tid 106032
190 tid 106032
Remove  tid 106032
FindTargetPageId rootid 5 tid 106033
target_page_id id: 10 tid 106033
0 1 tid 106033
128 6 tid 106033
365 4 tid 106033
492 7 tid 106033
619 10 tid 106033
189 tid 106033
Insert  tid 106033
FindTargetPageId rootid 5 tid 106031
target_page_id id: 10 tid 106031
0 1 tid 106031
128 6 tid 106031
365 4 tid 106031
492 7 tid 106031
619 10 tid 106031
190 tid 106031
Insert  tid 106031
FindTargetPageId rootid 5 tid 106032
target_page_id id: 10 tid 106032
0 1 tid 106032
128 6 tid 106032
365 4 tid 106032
492 7 tid 106032
619 10 tid 106032
191 tid 106032
Remove  tid 106032
FindTargetPageId rootid 5 tid 106032
target_page_id id: 10 tid 106032
0 1 tid 106032
128 6 tid 106032
365 4 tid 106032
492 7 tid 106032
619 10 tid 106032
190 tid 106032
Remove  tid 106032
FindTargetPageId rootid 5 tid 106032
target_page_id id: 10 tid 106032
0 1 tid 106032
128 6 tid 106032
365 4 tid 106032
492 7 tid 106032
619 10 tid 106032
189 tid 106032
Remove  tid 106032
FindTargetPageId rootid 5 tid 106032
target_page_id id: 10 tid 106032
0 1 tid 106032
128 6 tid 106032
365 4 tid 106032
492 7 tid 106032
619 10 tid 106032
188 tid 106032
Remove  tid 106032
FindTargetPageId rootid 5 tid 106032
target_page_id id: 10 tid 106032
0 1 tid 106032
128 6 tid 106032
365 4 tid 106032
492 7 tid 106032
619 10 tid 106032
187 tid 106032
Remove  tid 106032
FindTargetPageId rootid 5 tid 106033
target_page_id id: 10 tid 106033
0 1 tid 106033
128 6 tid 106033
365 4 tid 106033
492 7 tid 106033
619 10 tid 106033
186 tid 106033
Insert  tid 106033
FindTargetPageId rootid 5 tid 106031
target_page_id id: 10 tid 106031
0 1 tid 106031
128 6 tid 106031
365 4 tid 106031
492 7 tid 106031
619 10 tid 106031
187 tid 106031
Insert  tid 106031
FindTargetPageId rootid 5 tid 106031
target_page_id id: 10 tid 106031
0 1 tid 106031
128 6 tid 106031
365 4 tid 106031
492 7 tid 106031
619 10 tid 106031
188 tid 106031
Insert  tid 106031
FindTargetPageId rootid 5 tid 106031
target_page_id id: 10 tid 106031
0 1 tid 106031
128 6 tid 106031
365 4 tid 106031
492 7 tid 106031
619 10 tid 106031
189 tid 106031
Insert  tid 106031
FindTargetPageId rootid 5 tid 106031
target_page_id id: 10 tid 106031
0 1 tid 106031
128 6 tid 106031
365 4 tid 106031
492 7 tid 106031
619 10 tid 106031
190 tid 106031
Insert  tid 106031
FindTargetPageId rootid 5 tid 106031
target_page_id id: 10 tid 106031
0 1 tid 106031
128 6 tid 106031
365 4 tid 106031
492 7 tid 106031
619 10 tid 106031
191 tid 106031
Insert  tid 106031
FindTargetPageId rootid 5 tid 106033
target_page_id id: 10 tid 106033
0 1 tid 106033
128 6 tid 106033
365 4 tid 106033
492 7 tid 106033
619 10 tid 106033
192 tid 106033
Insert  tid 106033
FindTargetPageId rootid 5 tid 106032
target_page_id id: 10 tid 106032
0 1 tid 106032
128 6 tid 106032
365 4 tid 106032
492 7 tid 106032
619 10 tid 106032
193 tid 106032
Remove  tid 106032
FindTargetPageId rootid 5 tid 106031
target_page_id id: 10 tid 106031
0 1 tid 106031
128 6 tid 106031
365 4 tid 106031
492 7 tid 106031
619 10 tid 106031
192 tid 106031
Insert  tid 106031
FindTargetPageId rootid 5 tid 106031
target_page_id id: 10 tid 106031
0 1 tid 106031
128 6 tid 106031
365 4 tid 106031
492 7 tid 106031
619 10 tid 106031
193 tid 106031
Insert  tid 106031
FindTargetPageId rootid 5 tid 106032
target_page_id id: 10 tid 106032
0 1 tid 106032
128 6 tid 106032
365 4 tid 106032
492 7 tid 106032
619 10 tid 106032
194 tid 106032
Remove  tid 106032
FindTargetPageId rootid 5 tid 106032
target_page_id id: 10 tid 106032
0 1 tid 106032
128 6 tid 106032
365 4 tid 106032
492 7 tid 106032
619 10 tid 106032
193 tid 106032
Remove  tid 106032
FindTargetPageId rootid 5 tid 106032
target_page_id id: 10 tid 106032
0 1 tid 106032
128 6 tid 106032
365 4 tid 106032
492 7 tid 106032
619 10 tid 106032
192 tid 106032
Remove  tid 106032
FindTargetPageId rootid 5 tid 106033
target_page_id id: 10 tid 106033
0 1 tid 106033
128 6 tid 106033
365 4 tid 106033
492 7 tid 106033
619 10 tid 106033
191 tid 106033
Insert  tid 106033
FindTargetPageId rootid 5 tid 106033
target_page_id id: 10 tid 106033
0 1 tid 106033
128 6 tid 106033
365 4 tid 106033
492 7 tid 106033
619 10 tid 106033
192 tid 106033
Insert  tid 106033
FindTargetPageId rootid 5 tid 106033
target_page_id id: 10 tid 106033
0 1 tid 106033
128 6 tid 106033
365 4 tid 106033
492 7 tid 106033
619 10 tid 106033
193 tid 106033
Insert  tid 106033
FindTargetPageId rootid 5 tid 106033
target_page_id id: 10 tid 106033
0 1 tid 106033
128 6 tid 106033
365 4 tid 106033
492 7 tid 106033
619 10 tid 106033
194 tid 106033
Insert  tid 106033
FindTargetPageId rootid 5 tid 106033
target_page_id id: 10 tid 106033
0 1 tid 106033
128 6 tid 106033
365 4 tid 106033
492 7 tid 106033
619 10 tid 106033
195 tid 106033
Insert  tid 106033
FindTargetPageId rootid 5 tid 106033
target_page_id id: 10 tid 106033
0 1 tid 106033
128 6 tid 106033
365 4 tid 106033
492 7 tid 106033
619 10 tid 106033
196 tid 106033
Insert  tid 106033
FindTargetPageId rootid 5 tid 106032
target_page_id id: 10 tid 106032
0 1 tid 106032
128 6 tid 106032
365 4 tid 106032
492 7 tid 106032
619 10 tid 106032
197 tid 106032
Remove  tid 106032
FindTargetPageId rootid 5 tid 106031
target_page_id id: 10 tid 106031
0 1 tid 106031
128 6 tid 106031
365 4 tid 106031
492 7 tid 106031
619 10 tid 106031
196 tid 106031
Insert  tid 106031
FindTargetPageId rootid 5 tid 106033
target_page_id id: 10 tid 106033
0 1 tid 106033
128 6 tid 106033
365 4 tid 106033
492 7 tid 106033
619 10 tid 106033
197 tid 106033
Insert  tid 106033
FindTargetPageId rootid 5 tid 106032
target_page_id id: 10 tid 106032
0 1 tid 106032
128 6 tid 106032
365 4 tid 106032
492 7 tid 106032
619 10 tid 106032
198 tid 106032
Remove  tid 106032
FindTargetPageId rootid 5 tid 106032
target_page_id id: 10 tid 106032
0 1 tid 106032
128 6 tid 106032
365 4 tid 106032
492 7 tid 106032
619 10 tid 106032
197 tid 106032
Remove  tid 106032
FindTargetPageId rootid 5 tid 106032
target_page_id id: 10 tid 106032
0 1 tid 106032
128 6 tid 106032
365 4 tid 106032
492 7 tid 106032
619 10 tid 106032
196 tid 106032
Remove  tid 106032
FindTargetPageId rootid 5 tid 106033
target_page_id id: 10 tid 106033
0 1 tid 106033
128 6 tid 106033
365 4 tid 106033
492 7 tid 106033
619 10 tid 106033
195 tid 106033
Insert  tid 106033
FindTargetPageId rootid 5 tid 106033
target_page_id id: 10 tid 106033
0 1 tid 106033
128 6 tid 106033
365 4 tid 106033
492 7 tid 106033
619 10 tid 106033
196 tid 106033
Insert  tid 106033
FindTargetPageId rootid 5 tid 106033
target_page_id id: 10 tid 106033
0 1 tid 106033
128 6 tid 106033
365 4 tid 106033
492 7 tid 106033
619 10 tid 106033
197 tid 106033
Insert  tid 106033
FindTargetPageId rootid 5 tid 106033
target_page_id id: 10 tid 106033
0 1 tid 106033
128 6 tid 106033
365 4 tid 106033
492 7 tid 106033
619 10 tid 106033
198 tid 106033
Insert  tid 106033
FindTargetPageId rootid 5 tid 106032
target_page_id id: 10 tid 106032
0 1 tid 106032
128 6 tid 106032
365 4 tid 106032
492 7 tid 106032
619 10 tid 106032
199 tid 106032
Remove  tid 106032
FindTargetPageId rootid 5 tid 106032
target_page_id id: 10 tid 106032
0 1 tid 106032
128 6 tid 106032
365 4 tid 106032
492 7 tid 106032
619 10 tid 106032
198 tid 106032
Remove  tid 106032
FindTargetPageId rootid 5 tid 106031
target_page_id id: 10 tid 106031
0 1 tid 106031
128 6 tid 106031
365 4 tid 106031
492 7 tid 106031
619 10 tid 106031
197 tid 106031
Insert  tid 106031
FindTargetPageId rootid 5 tid 106033
target_page_id id: 10 tid 106033
0 1 tid 106033
128 6 tid 106033
365 4 tid 106033
492 7 tid 106033
619 10 tid 106033
198 tid 106033
Insert  tid 106033
FindTargetPageId rootid 5 tid 106032
target_page_id id: 10 tid 106032
0 1 tid 106032
128 6 tid 106032
365 4 tid 106032
492 7 tid 106032
619 10 tid 106032
199 tid 106032
Remove  tid 106032
FindTargetPageId rootid 5 tid 106031
target_page_id id: 10 tid 106031
0 1 tid 106031
128 6 tid 106031
365 4 tid 106031
492 7 tid 106031
619 10 tid 106031
198 tid 106031
Insert  tid 106031
FindTargetPageId rootid 5 tid 106033
target_page_id id: 10 tid 106033
0 1 tid 106033
128 6 tid 106033
365 4 tid 106033
492 7 tid 106033
619 10 tid 106033
199 tid 106033
Insert  tid 106033
FindTargetPageId rootid 5 tid 106032
target_page_id id: 10 tid 106032
0 1 tid 106032
128 6 tid 106032
365 4 tid 106032
492 7 tid 106032
619 10 tid 106032
200 tid 106032
Remove  tid 106032
FindTargetPageId rootid 5 tid 106031
target_page_id id: 10 tid 106031
0 1 tid 106031
128 6 tid 106031
365 4 tid 106031
492 7 tid 106031
619 10 tid 106031
199 tid 106031
Insert  tid 106031
FindTargetPageId rootid 5 tid 106031
target_page_id id: 10 tid 106031
0 1 tid 106031
128 6 tid 106031
365 4 tid 106031
492 7 tid 106031
619 10 tid 106031
200 tid 106031
Insert  tid 106031
FindTargetPageId rootid 5 tid 106033
target_page_id id: 10 tid 106033
0 1 tid 106033
128 6 tid 106033
365 4 tid 106033
492 7 tid 106033
619 10 tid 106033
201 tid 106033
FindTargetPageId rootid 5 tid 106032
target_page_id id: 10 tid 106032
0 1 tid 106032
128 6 tid 106032
365 4 tid 106032
492 7 tid 106032
619 10 tid 106032
202 tid 106032
Insert  tid 106033
FindTargetPageId rootid 5 tid 106031
target_page_id id: 10 tid 106031
0 1 tid 106031
128 6 tid 106031
365 4 tid 106031
492 7 tid 106031
619 10 tid 106031
Remove  tid 106032201
 tid 106031
Insert  tid 106031
FindTargetPageId rootid 5 tid 106033
target_page_id id: 10 tid 106033
0 1 tid 106033
128 6 tid 106033
365 4 tid 106033
492 7 tid 106033
619 10 tid 106033
202 tid 106033
Insert  tid 106033
FindTargetPageId rootid 5 tid 106033
target_page_id id: 10 tid 106033
0 1 tid 106033
128 6 tid 106033
365 4 tid 106033
492 7 tid 106033
619 10 tid 106033
203 tid 106033
Insert  tid 106033
FindTargetPageId rootid 5 tid 106031
target_page_id id: 10 tid 106031
0 1 tid 106031
128 6 tid 106031
365 4 tid 106031
492 7 tid 106031
619 10 tid 106031
204 tid 106031
Insert  tid 106031
FindTargetPageId rootid 5 tid 106032
target_page_id id: 10 tid 106032
0 1 tid 106032
128 6 tid 106032
365 4 tid 106032
492 7 tid 106032
619 10 tid 106032
205 tid 106032
Remove  tid 106032
FindTargetPageId rootid 5 tid 106032
target_page_id id: 10 tid 106032
0 1 tid 106032
128 6 tid 106032
365 4 tid 106032
492 7 tid 106032
619 10 tid 106032
204 tid 106032
Remove  tid 106032
FindTargetPageId rootid 5 tid 106032
target_page_id id: 10 tid 106032
0 1 tid 106032
128 6 tid 106032
365 4 tid 106032
492 7 tid 106032
619 10 tid 106032
203 tid 106032
Remove  tid 106032
FindTargetPageId rootid 5 tid 106032
target_page_id id: 10 tid 106032
0 1 tid 106032
128 6 tid 106032
365 4 tid 106032
492 7 tid 106032
619 10 tid 106032
202 tid 106032
Remove  tid 106032
FindTargetPageId rootid 5 tid 106032
target_page_id id: 10 tid 106032
0 1 tid 106032
128 6 tid 106032
365 4 tid 106032
492 7 tid 106032
619 10 tid 106032
201 tid 106032
Remove  tid 106032
FindTargetPageId rootid 5 tid 106032
target_page_id id: 10 tid 106032
0 1 tid 106032
128 6 tid 106032
365 4 tid 106032
492 7 tid 106032
619 10 tid 106032
200 tid 106032
Remove  tid 106032
FindTargetPageId rootid 5 tid 106032
target_page_id id: 10 tid 106032
0 1 tid 106032
128 6 tid 106032
365 4 tid 106032
492 7 tid 106032
619 10 tid 106032
199 tid 106032
Remove  tid 106032
FindTargetPageId rootid 5 tid 106033
target_page_id id: 10 tid 106033
0 1 tid 106033
128 6 tid 106033
365 4 tid 106033
492 7 tid 106033
619 10 tid 106033
198 tid 106033
Insert  tid 106033
FindTargetPageId rootid 5 tid 106033
target_page_id id: 10 tid 106033
0 1 tid 106033
128 6 tid 106033
365 4 tid 106033
492 7 tid 106033
619 10 tid 106033
199 tid 106033
Insert  tid 106033
FindTargetPageId rootid 5 tid 106032
target_page_id id: 10 tid 106032
0 1 tid 106032
128 6 tid 106032
365 4 tid 106032
492 7 tid 106032
619 10 tid 106032
200 tid 106032
Remove  tid 106032
FindTargetPageId rootid 5 tid 106031
target_page_id id: 10 tid 106031
0 1 tid 106031
128 6 tid 106031
365 4 tid 106031
492 7 tid 106031
619 10 tid 106031
199 tid 106031
Insert  tid 106031
FindTargetPageId rootid 5 tid 106033
target_page_id id: 10 tid 106033
0 1 tid 106033
128 6 tid 106033
365 4 tid 106033
492 7 tid 106033
619 10 tid 106033
200 tid 106033
Insert  tid 106033
FindTargetPageId rootid 5 tid 106032
target_page_id id: 10 tid 106032
0 1 tid 106032
128 6 tid 106032
365 4 tid 106032
492 7 tid 106032
619 10 tid 106032
201 tid 106032
Remove  tid 106032
FindTargetPageId rootid 5 tid 106031
target_page_id id: 10 tid 106031
0 1 tid 106031
128 6 tid 106031
365 4 tid 106031
492 7 tid 106031
619 10 tid 106031
200 tid 106031
Insert  tid 106031
FindTargetPageId rootid 5 tid 106031
target_page_id id: 10 tid 106031
0 1 tid 106031
128 6 tid 106031
365 4 tid 106031
492 7 tid 106031
619 10 tid 106031
201 tid 106031
Insert  tid 106031
FindTargetPageId rootid 5 tid 106031
target_page_id id: 10 tid 106031
0 1 tid 106031
128 6 tid 106031
365 4 tid 106031
492 7 tid 106031
619 10 tid 106031
202 tid 106031
Insert  tid 106031
FindTargetPageId rootid 5 tid 106031
target_page_id id: 10 tid 106031
0 1 tid 106031
128 6 tid 106031
365 4 tid 106031
492 7 tid 106031
619 10 tid 106031
203 tid 106031
Insert  tid 106031
FindTargetPageId rootid 5 tid 106031
target_page_id id: 10 tid 106031
0 1 tid 106031
128 6 tid 106031
365 4 tid 106031
492 7 tid 106031
619 10 tid 106031
204 tid 106031
Insert  tid 106031
FindTargetPageId rootid 5 tid 106031
target_page_id id: 10 tid 106031
0 1 tid 106031
128 6 tid 106031
365 4 tid 106031
492 7 tid 106031
619 10 tid 106031
205 tid 106031
Insert  tid 106031
FindTargetPageId rootid 5 tid 106032
target_page_id id: 10 tid 106032
0 1 tid 106032
128 6 tid 106032
365 4 tid 106032
492 7 tid 106032
619 10 tid 106032
206 tid 106032
Remove  tid 106032
FindTargetPageId rootid 5 tid 106032
target_page_id id: 10 tid 106032
0 1 tid 106032
128 6 tid 106032
365 4 tid 106032
492 7 tid 106032
619 10 tid 106032
205 tid 106032
Remove  tid 106032
FindTargetPageId rootid 5 tid 106031
target_page_id id: 10 tid 106031
0 1 tid 106031
128 6 tid 106031
365 4 tid 106031
492 7 tid 106031
619 10 tid 106031
204 tid 106031
Insert  tid FindTargetPageId rootid 106031
5 tid 106033
target_page_id id: 10 tid 106033
0 1 tid 106033
128 6 tid 106033
365 4 tid 106033
492 7 tid 106033
619 10 tid 106033
205 tid 106033
Insert  tid 106033
FindTargetPageId rootid 5 tid 106033
target_page_id id: 10 tid 106033
0 1 tid 106033
128 6 tid 106033
365 4 tid 106033
492 7 tid 106033
619 10 tid 106033
206 tid 106033
Insert  tid 106033
FindTargetPageId rootid 5 tid 106033
target_page_id id: 10 tid 106033
0 1 tid 106033
128 6 tid 106033
365 4 tid 106033
492 7 tid 106033
619 10 tid 106033
207 tid 106033
Insert  tid 106033
FindTargetPageId rootid 5 tid 106033
target_page_id id: 10 tid 106033
0 1 tid 106033
128 6 tid 106033
365 4 tid 106033
492 7 tid 106033
619 10 tid 106033
208 tid 106033
Insert  tid 106033
FindTargetPageId rootid 5 tid 106031
target_page_id id: 10 tid 106031
0 1 tid 106031
128 6 tid 106031
365 4 tid 106031
492 7 tid 106031
619 10 tid 106031
209 tid 106031
Insert  tid 106031
FindTargetPageId rootid 5 tid 106031
target_page_id id: 10 tid 106031
0 1 tid 106031
128 6 tid 106031
365 4 tid 106031
492 7 tid 106031
619 10 tid 106031
210 tid 106031
Insert  tid 106031
FindTargetPageId rootid 5 tid 106031
target_page_id id: 10 tid 106031
0 1 tid 106031
128 6 tid 106031
365 4 tid 106031
492 7 tid 106031
619 10 tid 106031
211 tid 106031
Insert  tid 106031
FindTargetPageId rootid 5 tid 106032
target_page_id id: 10 tid 106032
0 1 tid 106032
128 6 tid 106032
365 4 tid 106032
492 7 tid 106032
619 10 tid 106032
212 tid 106032
Remove  tid 106032
FindTargetPageId rootid 5 tid 106033
target_page_id id: 10 tid 106033
0 1 tid 106033
128 6 tid 106033
365 4 tid 106033
492 7 tid 106033
619 10 tid 106033
211 tid 106033
Insert  tid 106033
FindTargetPageId rootid 5 tid 106033
target_page_id id: 10 tid 106033
0 1 tid 106033
128 6 tid 106033
365 4 tid 106033
492 7 tid 106033
619 10 tid 106033
212 tid 106033
Insert  tid 106033
FindTargetPageId rootid 5 tid 106032
target_page_id id: 10 tid 106032
0 1 tid 106032
128 6 tid 106032
365 4 tid 106032
492 7 tid 106032
619 10 tid 106032
213 tid 106032
Remove  tid 106032
FindTargetPageId rootid 5 tid 106031
target_page_id id: 10 tid 106031
0 1 tid 106031
128 6 tid 106031
365 4 tid 106031
492 7 tid 106031
619 10 tid 106031
212 tid 106031
Insert  tid 106031
FindTargetPageId rootid 5 tid 106031
target_page_id id: 10 tid 106031
0 1 tid 106031
128 6 tid 106031
365 4 tid 106031
492 7 tid 106031
619 10 tid 106031
213 tid 106031
Insert  tid 106031
FindTargetPageId rootid 5 tid 106031
target_page_id id: 10 tid 106031
0 1 tid 106031
128 6 tid 106031
365 4 tid 106031
492 7 tid 106031
619 10 tid 106031
214 tid 106031
FindTargetPageId rootid 5 tid Insert 106032
 tid target_page_id id: 10 tid 106032
0 1 tid 106032
128 6 tid 106032
365 4 tid 106032
492 7 tid 106032
619 10 tid 106032
215 tid 106032
106031
FindTargetPageId rootid 5 tid 106031
Remove  tid 106032
target_page_id id: 10 tid 106031
0 1 tid 106031
128 6 tid 106031
365 4 tid 106031
492 7 tid 106031
619 10 tid 106031
214 tid 106031
Insert  tid 106031
FindTargetPageId rootid 5 tid 106031
target_page_id id: 10 tid 106031
0 1 tid 106031
128 6 tid 106031
365 4 tid 106031
492 7 tid 106031
619 10 tid 106031
215 tid 106031
Insert  tid 106031
FindTargetPageId rootid 5 tid 106031
target_page_id id: 10 tid 106031
0 1 tid 106031
128 6 tid 106031
365 4 tid 106031
492 7 tid 106031
619 10 tid 106031
216 tid 106031
Insert  tid 106031
FindTargetPageId rootid 5 tid 106033
target_page_id id: 10 tid 106033
0 1 tid 106033
128 6 tid 106033
365 4 tid 106033
492 7 tid 106033
619 10 tid 106033
217 tid 106033
Insert  tid 106033
FindTargetPageId rootid 5 tid 106032
target_page_id id: 10 tid 106032
0 1 tid 106032
128 6 tid 106032
365 4 tid 106032
492 7 tid 106032
619 10 tid 106032
218 tid 106032
Remove  tid 106032
FindTargetPageId rootid 5 tid 106032
target_page_id id: 10 tid 106032
0 1 tid 106032
128 6 tid 106032
365 4 tid 106032
492 7 tid 106032
619 10 tid 106032
217 tid 106032
Remove  tid 106032
FindTargetPageId rootid 5 tid 106032
target_page_id id: 10 tid 106032
0 1 tid 106032
128 6 tid 106032
365 4 tid 106032
492 7 tid 106032
619 10 tid 106032
216 tid 106032
Remove  tid 106032
FindTargetPageId rootid 5 tid 106031
target_page_id id: 10 tid 106031
0 1 tid 106031
128 6 tid 106031
365 4 tid 106031
492 7 tid 106031
619 10 tid 106031
215 tid 106031
Insert  tid 106031
FindTargetPageId rootid 5 tid 106031
target_page_id id: 10 tid 106031
0 1 tid 106031
128 6 tid 106031
365 4 tid 106031
492 7 tid 106031
619 10 tid 106031
216 tid 106031
Insert  tid 106031
FindTargetPageId rootid 5 tid 106031
target_page_id id: 10 tid 106031
0 1 tid 106031
128 6 tid 106031
365 4 tid 106031
492 7 tid 106031
619 10 tid 106031
217 tid 106031
Insert  tid 106031
FindTargetPageId rootid 5 tid 106031
target_page_id id: 10 tid 106031
0 1 tid 106031
128 6 tid 106031
365 4 tid 106031
492 7 tid 106031
619 10 tid 106031
218 tid 106031
Insert  tid 106031
FindTargetPageId rootid 5 tid 106031
target_page_id id: 10 tid 106031
0 1 tid 106031
128 6 tid 106031
365 4 tid 106031
492 7 tid 106031
619 10 tid 106031
219 tid 106031
Insert  tid 106031
FindTargetPageId rootid 5 tid 106031
target_page_id id: 10 tid 106031
0 1 tid 106031
128 6 tid 106031
365 4 tid 106031
492 7 tid 106031
619 10 tid 106031
220 tid 106031
Insert  tid 106031
FindTargetPageId rootid 5 tid 106031
target_page_id id: 10 tid 106031
0 1 tid 106031
128 6 tid 106031
365 4 tid 106031
492 7 tid 106031
619 10 tid 106031
221 tid 106031
Insert  tid 106031
FindTargetPageId rootid 5 tid 106031
target_page_id id: 10 tid 106031
0 1 tid 106031
128 6 tid 106031
365 4 tid 106031
492 7 tid 106031
619 10 tid 106031
222 tid 106031
Insert  tid 106031
FindTargetPageId rootid 5 tid 106031
target_page_id id: 10 tid 106031
0 1 tid 106031
128 6 tid 106031
365 4 tid 106031
492 7 tid 106031
619 10 tid 106031
223 tid 106031
Insert  tid 106031
FindTargetPageId rootid 5 tid 106031
target_page_id id: 10 tid 106031
0 1 tid 106031
128 6 tid 106031
365 4 tid 106031
492 7 tid 106031
619 10 tid 106031
224 tid 106031
Insert  tid 106031
FindTargetPageId rootid 5 tid 106031
target_page_id id: 10 tid 106031
0 1 tid 106031
128 6 tid 106031
365 4 tid 106031
492 7 tid 106031
619 10 tid 106031
225 tid 106031
Insert  tid 106031
FindTargetPageId rootid 5 tid 106031
target_page_id id: 10 tid 106031
0 1 tid 106031
128 6 tid 106031
365 4 tid 106031
492 7 tid 106031
619 10 tid 106031
226 tid 106031
Insert  tid 106031
FindTargetPageId rootid 5 tid 106031
target_page_id id: 10 tid 106031
0 1 tid 106031
128 6 tid 106031
365 4 tid 106031
492 7 tid 106031
619 10 tid 106031
227 tid 106031
Insert  tid 106031
FindTargetPageId rootid 5 tid 106031
target_page_id id: 10 tid 106031
0 1 tid 106031
128 6 tid 106031
365 4 tid 106031
492 7 tid 106031
619 10 tid 106031
228 tid 106031
Insert  tid 106031
FindTargetPageId rootid 5 tid 106031
target_page_id id: 10 tid 106031
0 1 tid 106031
128 6 tid 106031
365 4 tid 106031
492 7 tid 106031
619 10 tid 106031
229 tid 106031
Insert  tid 106031
FindTargetPageId rootid 5 tid 106032
target_page_id id: 10 tid 106032
0 1 tid 106032
128 6 tid 106032
365 4 tid 106032
492 7 tid 106032
619 10 tid 106032
230 tid 106032
Remove  tid 106032
FindTargetPageId rootid 5 tid 106032
target_page_id id: 10 tid 106032
0 1 tid 106032
128 6 tid 106032
365 4 tid 106032
492 7 tid 106032
619 10 tid 106032
229 tid 106032
Remove  tid 106032
FindTargetPageId rootid 5 tid 106032
target_page_id id: 10 tid 106032
0 1 tid 106032
128 6 tid 106032
365 4 tid 106032
492 7 tid 106032
619 10 tid 106032
228 tid 106032
Remove  tid 106032
FindTargetPageId rootid 5 tid 106032
target_page_id id: 10 tid 106032
0 1 tid 106032
128 6 tid 106032
365 4 tid 106032
492 7 tid 106032
619 10 tid 106032
227 tid 106032
Remove  tid 106032
FindTargetPageId rootid 5 tid 106031
target_page_id id: 10 tid 106031
0 1 tid 106031
128 6 tid 106031
365 4 tid 106031
492 7 tid 106031
619 10 tid 106031
226 tid 106031
Insert  tid 106031
FindTargetPageId rootid 5 tid 106033
target_page_id id: 10 tid 106033
0 1 tid 106033
128 6 tid 106033
365 4 tid 106033
492 7 tid 106033
619 10 tid 106033
227 tid 106033
Insert  tid 106033
FindTargetPageId rootid 5 tid 106032
target_page_id id: 10 tid 106032
0 1 tid 106032
128 6 tid 106032
365 4 tid 106032
492 7 tid 106032
619 10 tid 106032
228 tid 106032
Remove  tid 106032
FindTargetPageId rootid 5 tid 106032
target_page_id id: 10 tid 106032
0 1 tid 106032
128 6 tid 106032
365 4 tid 106032
492 7 tid 106032
619 10 tid 106032
227 tid 106032
Remove  tid 106032
FindTargetPageId rootid 5 tid 106033
target_page_id id: 10 tid 106033
0 1 tid 106033
128 6 tid 106033
365 4 tid 106033
492 7 tid 106033
619 10 tid 106033
226 tid 106033
Insert  tid 106033
FindTargetPageId rootid 5 tid 106031
target_page_id id: 10 tid 106031
0 1 tid 106031
128 6 tid 106031
365 4 tid 106031
492 7 tid 106031
619 10 tid 106031
227 tid 106031
Insert  tid 106031
FindTargetPageId rootid 5 tid 106032
target_page_id id: 10 tid 106032
0 1 tid 106032
128 6 tid 106032
365 4 tid 106032
492 7 tid 106032
619 10 tid 106032
228 tid 106032
Remove  tid 106032
FindTargetPageId rootid 5 tid 106032
target_page_id id: 10 tid 106032
0 1 tid 106032
128 6 tid 106032
365 4 tid 106032
492 7 tid 106032
619 10 tid 106032
227 tid 106032
Remove  tid 106032
FindTargetPageId rootid 5 tid 106032
target_page_id id: 10 tid 106032
0 1 tid 106032
128 6 tid 106032
365 4 tid 106032
492 7 tid 106032
619 10 tid 106032
226 tid 106032
Remove  tid 106032
FindTargetPageId rootid 5 tid 106032
target_page_id id: 10 tid 106032
0 1 tid 106032
128 6 tid 106032
365 4 tid 106032
492 7 tid 106032
619 10 tid 106032
225 tid 106032
Remove  tid 106032
FindTargetPageId rootid 5 tid 106032
target_page_id id: 10 tid 106032
0 1 tid 106032
128 6 tid 106032
365 4 tid 106032
492 7 tid 106032
619 10 tid 106032
224 tid 106032
Remove  tid 106032
FindTargetPageId rootid 5 tid 106032
target_page_id id: 10 tid 106032
0 1 tid 106032
128 6 tid 106032
365 4 tid 106032
492 7 tid 106032
619 10 tid 106032
223 tid 106032
Remove  tid 106032
FindTargetPageId rootid 5 tid 106032
target_page_id id: 10 tid 106032
0 1 tid 106032
128 6 tid 106032
365 4 tid 106032
492 7 tid 106032
619 10 tid 106032
222 tid 106032
Remove  tid 106032
FindTargetPageId rootid 5 tid 106032
target_page_id id: 10 tid 106032
0 1 tid 106032
128 6 tid 106032
365 4 tid 106032
492 7 tid 106032
619 10 tid 106032
221 tid 106032
Remove  tid 106032
FindTargetPageId rootid 5 tid 106033
target_page_id id: 10 tid 106033
0 1 tid 106033
128 6 tid 106033
365 4 tid 106033
492 7 tid 106033
619 10 tid 106033
220 tid 106033
Insert  tid 106033
FindTargetPageId rootid 5 tid 106033
target_page_id id: 10 tid 106033
0 1 tid 106033
128 6 tid 106033
365 4 tid 106033
492 7 tid 106033
619 10 tid 106033
221 tid 106033
Insert  tid 106033
FindTargetPageId rootid 5 tid 106031
target_page_id id: 10 tid 106031
0 1 tid 106031
128 6 tid 106031
365 4 tid 106031
492 7 tid 106031
619 10 tid 106031
222 tid 106031
Insert  tid 106031
FindTargetPageId rootid 5 tid 106032
target_page_id id: 10 tid 106032
0 1 tid 106032
128 6 tid 106032
365 4 tid 106032
492 7 tid 106032
619 10 tid 106032
223 tid 106032
Remove  tid 106032
FindTargetPageId rootid 5 tid 106033
target_page_id id: 10 tid 106033
0 1 tid 106033
128 6 tid 106033
365 4 tid 106033
492 7 tid 106033
619 10 tid 106033
222 tid 106033
Insert  tid 106033
FindTargetPageId rootid 5 tid 106033
target_page_id id: 10 tid 106033
0 1 tid 106033
128 6 tid 106033
365 4 tid 106033
492 7 tid 106033
619 10 tid 106033
223 tid 106033
Insert  tid 106033
FindTargetPageId rootid 5 tid 106033
target_page_id id: 10 tid 106033
0 1 tid 106033
128 6 tid 106033
365 4 tid 106033
492 7 tid 106033
619 10 tid 106033
224 tid 106033
Insert  tid 106033
FindTargetPageId rootid 5 tid 106033
target_page_id id: 10 tid 106033
0 1 tid 106033
128 6 tid 106033
365 4 tid 106033
492 7 tid 106033
619 10 tid 106033
225 tid 106033
Insert  tid 106033
FindTargetPageId rootid 5 tid 106033
target_page_id id: 10 tid 106033
0 1 tid 106033
128 6 tid 106033
365 4 tid 106033
492 7 tid 106033
619 10 tid 106033
226 tid 106033
Insert  tid 106033
FindTargetPageId rootid 5 tid 106033
target_page_id id: 10 tid 106033
0 1 tid 106033
128 6 tid 106033
365 4 tid 106033
492 7 tid 106033
619 10 tid 106033
227 tid 106033
Insert  tid 106033
FindTargetPageId rootid 5 tid 106033
target_page_id id: 10 tid 106033
0 1 tid 106033
128 6 tid 106033
365 4 tid 106033
492 7 tid 106033
619 10 tid 106033
228 tid 106033
Insert  tid 106033
FindTargetPageId rootid 5 tid 106033
target_page_id id: 10 tid 106033
0 1 tid 106033
128 6 tid 106033
365 4 tid 106033
492 7 tid 106033
619 10 tid 106033
229 tid 106033
Insert  tid 106033
FindTargetPageId rootid 5 tid 106033
target_page_id id: 10 tid 106033
0 1 tid 106033
128 6 tid 106033
365 4 tid 106033
492 7 tid 106033
619 10 tid 106033
230 tid 106033
Insert  tid 106033
FindTargetPageId rootid 5 tid 106032
target_page_id id: 10 tid 106032
0 1 tid 106032
128 6 tid 106032
365 4 tid 106032
492 7 tid 106032
619 10 tid 106032
231 tid 106032
Remove  tid 106032
FindTargetPageId rootid 5 tid 106031
target_page_id id: 10 tid 106031
0 1 tid 106031
128 6 tid 106031
365 4 tid 106031
492 7 tid 106031
619 10 tid 106031
230 tid 106031
Insert  tid 106031
FindTargetPageId rootid 5 tid 106033
target_page_id id: 10 tid 106033
0 1 tid 106033
128 6 tid 106033
365 4 tid 106033
492 7 tid 106033
619 10 tid 106033
231 tid 106033
Insert  tid 106033
FindTargetPageId rootid 5 tid 106033
target_page_id id: 10 tid 106033
0 1 tid 106033
128 6 tid 106033
365 4 tid 106033
492 7 tid 106033
619 10 tid 106033
232 tid 106033
Insert  tid 106033
FindTargetPageId rootid 5 tid 106033
target_page_id id: 10 tid 106033
0 1 tid 106033
128 6 tid 106033
365 4 tid 106033
492 7 tid 106033
619 10 tid 106033
233 tid 106033
Insert  tid 106033
FindTargetPageId rootid 5 tid 106033
target_page_id id: 10 tid 106033
0 1 tid 106033
128 6 tid 106033
365 4 tid 106033
492 7 tid 106033
619 10 tid 106033
234 tid 106033
Insert  tid 106033
FindTargetPageId rootid 5 tid 106033
target_page_id id: 10 tid 106033
0 1 tid 106033
128 6 tid 106033
365 4 tid 106033
492 7 tid 106033
619 10 tid 106033
235 tid 106033
Insert  tid 106033
FindTargetPageId rootid 5 tid 106033
target_page_id id: 10 tid 106033
0 1 tid 106033
128 6 tid 106033
365 4 tid 106033
492 7 tid 106033
619 10 tid 106033
236 tid 106033
Insert  tid 106033
FindTargetPageId rootid 5 tid 106033
target_page_id id: 10 tid 106033
0 1 tid 106033
128 6 tid 106033
365 4 tid 106033
492 7 tid 106033
619 10 tid 106033
237 tid 106033
Insert  tid 106033
FindTargetPageId rootid 5 tid 106033
target_page_id id: 10 tid 106033
0 1 tid 106033
128 6 tid 106033
365 4 tid 106033
492 7 tid 106033
619 10 tid 106033
238 tid 106033
Insert  tid 106033
FindTargetPageId rootid 5 tid 106033
target_page_id id: 10 tid 106033
0 1 tid 106033
128 6 tid 106033
365 4 tid 106033
492 7 tid 106033
619 10 tid 106033
239 tid 106033
Insert  tid 106033
FindTargetPageId rootid 5 tid 106033
target_page_id id: 10 tid 106033
0 1 tid 106033
128 6 tid 106033
365 4 tid 106033
492 7 tid 106033
619 10 tid 106033
240 tid 106033
Insert  tid 106033
FindTargetPageId rootid 5 tid 106033
target_page_id id: 10 tid 106033
0 1 tid 106033
128 6 tid 106033
365 4 tid 106033
492 7 tid 106033
619 10 tid 106033
241 tid 106033
Insert  tid 106033
FindTargetPageId rootid 5 tid 106033
target_page_id id: 10 tid 106033
0 1 tid 106033
128 6 tid 106033
365 4 tid 106033
492 7 tid 106033
619 10 tid 106033
242 tid 106033
Insert  tid 106033
FindTargetPageId rootid 5 tid 106031
target_page_id id: 10 tid 106031
0 1 tid 106031
128 6 tid 106031
365 4 tid 106031
492 7 tid 106031
619 10 tid 106031
243 tid 106031
Insert  tid 106031
FindTargetPageId rootid 5 tid 106032
target_page_id id: 10 tid 106032
0 1 tid 106032
128 6 tid 106032
365 4 tid 106032
492 7 tid 106032
619 10 tid 106032
244 tid 106032
Remove  tid 106032
FindTargetPageId rootid 5 tid 106033
target_page_id id: 10 tid 106033
0 1 tid 106033
128 6 tid 106033
365 4 tid 106033
492 7 tid 106033
619 10 tid 106033
243 tid 106033
Insert  tid 106033
FindTargetPageId rootid 5 tid 106031
target_page_id id: 10 tid 106031
0 1 tid 106031
128 6 tid 106031
365 4 tid 106031
492 7 tid 106031
619 10 tid 106031
244 tid 106031
Insert  tid 106031
FindTargetPageId rootid 5 tid 106032
target_page_id id: 10 tid 106032
0 1 tid 106032
128 6 tid 106032
365 4 tid 106032
492 7 tid 106032
619 10 tid 106032
245 tid 106032
Remove  tid 106032
FindTargetPageId rootid 5 tid 106033
target_page_id id: 10 tid 106033
0 1 tid 106033
128 6 tid 106033
365 4 tid 106033
492 7 tid 106033
619 10 tid 106033
244 tid 106033
Insert  tid 106033
FindTargetPageId rootid 5 tid 106031
target_page_id id: 10 tid 106031
0 1 tid 106031
128 6 tid 106031
365 4 tid 106031
492 7 tid 106031
619 10 tid 106031
245 tid 106031
Insert  tid 106031
FindTargetPageId rootid 5 tid 106032
target_page_id id: 10 tid 106032
0 1 tid 106032
128 6 tid 106032
365 4 tid 106032
492 7 tid 106032
619 10 tid 106032
246 tid 106032
Remove  tid 106032
FindTargetPageId rootid 5 tid 106033
target_page_id id: 10 tid 106033
0 1 tid 106033
128 6 tid 106033
365 4 tid 106033
492 7 tid 106033
619 10 tid 106033
245 tid 106033
Insert  tid 106033
FindTargetPageId rootid 5 tid 106031
target_page_id id: 10 tid 106031
0 1 tid 106031
128 6 tid 106031
365 4 tid 106031
492 7 tid 106031
619 10 tid 106031
246 tid 106031
Insert  tid 106031
FindTargetPageId rootid 5 tid 106032
target_page_id id: 10 tid 106032
0 1 tid 106032
128 6 tid 106032
365 4 tid 106032
492 7 tid 106032
619 10 tid 106032
247 tid 106032
Remove  tid 106032
FindTargetPageId rootid 5 tid 106033
target_page_id id: 10 tid 106033
0 1 tid 106033
128 6 tid 106033
365 4 tid 106033
492 7 tid 106033
619 10 tid 106033
246 tid 106033
Insert  tid 106033
FindTargetPageId rootid 5 tid 106031
target_page_id id: 10 tid 106031
0 1 tid 106031
128 6 tid 106031
365 4 tid 106031
492 7 tid 106031
619 10 tid 106031
247 tid 106031
Insert  tid 106031
FindTargetPageId rootid 5 tid 106031
target_page_id id: 10 tid 106031
0 1 tid 106031
128 6 tid 106031
365 4 tid 106031
492 7 tid 106031
619 10 tid 106031
248 tid 106031
Insert  tid 106031
FindTargetPageId rootid 5 tid 106031
target_page_id id: 10 tid 106031
0 1 tid 106031
128 6 tid 106031
365 4 tid 106031
492 7 tid 106031
619 10 tid 106031
249 tid 106031
FindTargetPageId rootid 5 tid 106032
target_page_id id: 10 tid 106032
0 1 tid 106032
128 6 tid 106032
365 4 tid 106032
492 7 tid 106032
619 10 tid 106032
250 tid 106032
Remove  tid 106032
FindTargetPageId rootid 5 tid 106032
target_page_id id: 10 tid 106032
0 1 tid 106032
128 6 tid 106032
365 4 tid 106032
492 7 tid 106032
619 10 tid 106032
249 tid 106032
Remove  tid 106032
FindTargetPageId rootid 5 tid 106032
target_page_id id: 10 tid 106032
0 1 tid 106032
128 6 tid 106032
365 4 tid 106032
492 7 tid 106032
619 10 tid 106032
248 tid 106032
Remove  tid 106032
FindTargetPageId rootid 5 tid 106032
target_page_id id: 10 tid 106032
0 1 tid 106032
128 6 tid 106032
365 4 tid 106032
492 7 tid 106032
619 10 tid 106032
247 tid 106032
Remove  tid 106032
FindTargetPageId rootid 5 tid 106032
target_page_id id: 10 tid 106032
0 1 tid 106032
128 6 tid 106032
365 4 tid 106032
492 7 tid 106032
619 10 tid 106032
246 tid 106032
Remove  tid 106032
FindTargetPageId rootid 5 tid 106032
target_page_id id: 10 tid 106032
0 1 tid 106032
128 6 tid 106032
365 4 tid 106032
492 7 tid 106032
619 10 tid 106032
245 tid 106032
Remove  tid 106032
FindTargetPageId rootid 5 tid 106032
target_page_id id: 10 tid 106032
0 1 tid 106032
128 6 tid 106032
365 4 tid 106032
492 7 tid 106032
619 10 tid 106032
244 tid 106032
Remove  tid 106032
FindTargetPageId rootid 5 tid 106033
target_page_id id: 10 tid 106033
0 1 tid 106033
128 6 tid 106033
365 4 tid 106033
492 7 tid 106033
619 10 tid 106033
243 tid 106033
Insert  tid 106033
FindTargetPageId rootid 5 tid 106033
target_page_id id: 10 tid 106033
0 1 tid 106033
128 6 tid 106033
365 4 tid 106033
492 7 tid 106033
619 10 tid 106033
244 tid 106033
Insert  tid 106033
FindTargetPageId rootid 5 tid 106033
target_page_id id: 10 tid 106033
0 1 tid 106033
128 6 tid 106033
365 4 tid 106033
492 7 tid 106033
619 10 tid 106033
245 tid 106033
Insert  tid 106033
FindTargetPageId rootid 5 tid 106033
target_page_id id: 10 tid 106033
0 1 tid 106033
128 6 tid 106033
365 4 tid 106033
492 7 tid 106033
619 10 tid 106033
246 tid 106033
Insert  tid 106033
FindTargetPageId rootid 5 tid 106033
target_page_id id: 10 tid 106033
0 1 tid 106033
128 6 tid 106033
365 4 tid 106033
492 7 tid 106033
619 10 tid 106033
247 tid 106033
Insert  tid 106033
FindTargetPageId rootid 5 tid 106033
target_page_id id: 10 tid 106033
0 1 tid 106033
128 6 tid 106033
365 4 tid 106033
492 7 tid 106033
619 10 tid 106033
248 tid 106033
Insert  tid 106033
FindTargetPageId rootid 5 tid 106032
target_page_id id: 10 tid 106032
0 1 tid 106032
128 6 tid 106032
365 4 tid 106032
492 7 tid 106032
619 10 tid 106032
249 tid 106032
Remove  tid 106032
FindTargetPageId rootid 5 tid 106033
target_page_id id: 10 tid 106033
0 1 tid 106033
128 6 tid 106033
365 4 tid 106033
492 7 tid 106033
619 10 tid 106033
248 tid 106033
Insert  tid 106033
FindTargetPageId rootid 5 tid 106033
target_page_id id: 10 tid 106033
0 1 tid 106033
128 6 tid 106033
365 4 tid 106033
492 7 tid 106033
619 10 tid 106033
249 tid 106033
Insert  tid 106033
FindTargetPageId rootid 5 tid 106033
target_page_id id: 10 tid 106033
0 1 tid 106033
128 6 tid 106033
365 4 tid 106033
492 7 tid 106033
619 10 tid 106033
250 tid 106033
Insert  tid 106033
FindTargetPageId rootid 5 tid 106033
target_page_id id: 10 tid 106033
0 1 tid 106033
128 6 tid 106033
365 4 tid 106033
492 7 tid 106033
619 10 tid 106033
251 tid 106033
Insert  tid 106033
FindTargetPageId rootid 5 tid 106032
target_page_id id: 10 tid 106032
0 1 tid 106032
128 6 tid 106032
365 4 tid 106032
492 7 tid 106032
619 10 tid 106032
252 tid 106032
FindTargetPageId rootid 5 tid 106033
target_page_id id: 10 tid 106033
0 1 tid 106033
128 6 tid 106033
365 4 tid 106033
492 7 tid 106033
619 10 tid 106033
Remove  tid 106032
251 tid 106033
Insert  tid 106033
FindTargetPageId rootid 5 tid 106032
target_page_id id: 10 tid 106032
0 1 tid 106032
128 6 tid 106032
365 4 tid 106032
492 7 tid 106032
619 10 tid 106032
252 tid 106032
Remove  tid 106032
FindTargetPageId rootid 5 tid 106032
target_page_id id: 10 tid 106032
0 1 tid 106032
128 6 tid 106032
365 4 tid 106032
492 7 tid 106032
619 10 tid 106032
251 tid 106032
Remove  tid 106032
FindTargetPageId rootid 5 tid 106033
target_page_id id: 10 tid 106033
0 1 tid 106033
128 6 tid 106033
365 4 tid 106033
492 7 tid 106033
619 10 tid 106033
250 tid 106033
Insert  tid 106033
FindTargetPageId rootid 5 tid 106033
target_page_id id: 10 tid 106033
0 1 tid 106033
128 6 tid 106033
365 4 tid 106033
492 7 tid 106033
619 10 tid 106033
251 tid 106033
Insert  tid 106033
FindTargetPageId rootid 5 tid 106032
target_page_id id: 10 tid 106032
0 1 tid 106032
128 6 tid 106032
365 4 tid 106032
492 7 tid 106032
619 10 tid 106032
252 tid 106032
Remove  tid 106032
FindTargetPageId rootid 5 tid 106032
target_page_id id: 10 tid 106032
0 1 tid 106032
128 6 tid 106032
365 4 tid 106032
492 7 tid 106032
619 10 tid 106032
251 tid 106032
Remove  tid 106032
FindTargetPageId rootid 5 tid 106033
target_page_id id: 10 tid 106033
0 1 tid 106033
128 6 tid 106033
365 4 tid 106033
492 7 tid 106033
619 10 tid 106033
250 tid 106033
Insert  tid 106033
FindTargetPageId rootid 5 tid 106032
target_page_id id: 10 tid 106032
0 1 tid 106032
128 6 tid 106032
365 4 tid 106032
492 7 tid 106032
619 10 tid 106032
251 tid 106032
Remove  tid 106032
FindTargetPageId rootid 5 tid 106032
target_page_id id: 10 tid 106032
0 1 tid 106032
128 6 tid 106032
365 4 tid 106032
492 7 tid 106032
619 10 tid 106032
250 tid 106032
Remove  tid 106032
FindTargetPageId rootid 5 tid 106032
target_page_id id: 10 tid 106032
0 1 tid 106032
128 6 tid 106032
365 4 tid 106032
492 7 tid 106032
619 10 tid 106032
249 tid 106032
Remove  tid 106032
FindTargetPageId rootid 5 tid 106033
target_page_id id: 10 tid 106033
0 1 tid 106033
128 6 tid 106033
365 4 tid 106033
492 7 tid 106033
619 10 tid 106033
248 tid 106033
Insert  tid 106033
FindTargetPageId rootid 5 tid 106033
target_page_id id: 10 tid 106033
0 1 tid 106033
128 6 tid 106033
365 4 tid 106033
492 7 tid 106033
619 10 tid 106033
249 tid 106033
Insert  tid 106033
FindTargetPageId rootid 5 tid 106033
target_page_id id: 10 tid 106033
0 1 tid 106033
128 6 tid 106033
365 4 tid 106033
492 7 tid 106033
619 10 tid 106033
250 tid 106033
Insert  tid 106033
FindTargetPageId rootid 5 tid 106032
target_page_id id: 10 tid 106032
0 1 tid 106032
128 6 tid 106032
365 4 tid 106032
492 7 tid 106032
619 10 tid 106032
251 tid 106032
Remove  tid 106032
FindTargetPageId rootid 5 tid 106033
target_page_id id: 10 tid 106033
0 1 tid 106033
128 6 tid 106033
365 4 tid 106033
492 7 tid 106033
619 10 tid 106033
250 tid 106033
Insert  tid 106033
FindTargetPageId rootid 5 tid 106033
target_page_id id: 10 tid 106033
0 1 tid 106033
128 6 tid 106033
365 4 tid 106033
492 7 tid 106033
619 10 tid 106033
251 tid 106033
Insert  tid 106033
FindTargetPageId rootid 5 tid 106032
target_page_id id: 10 tid 106032
0 1 tid 106032
128 6 tid 106032
365 4 tid 106032
492 7 tid 106032
619 10 tid 106032
252 tid 106032
Remove  tid 106032
FindTargetPageId rootid 5 tid 106032
target_page_id id: 10 tid 106032
0 1 tid 106032
128 6 tid 106032
365 4 tid 106032
492 7 tid 106032
619 10 tid 106032
251 tid 106032
Remove  tid 106032
FindTargetPageId rootid 5 tid 106032
target_page_id id: 10 tid 106032
0 1 tid 106032
128 6 tid 106032
365 4 tid 106032
492 7 tid 106032
619 10 tid 106032
250 tid 106032
Remove  tid 106032
FindTargetPageId rootid 5 tid 106032
target_page_id id: 10 tid 106032
0 1 tid 106032
128 6 tid 106032
365 4 tid 106032
492 7 tid 106032
619 10 tid 106032
249 tid 106032
FindTargetPageId rootid 5 tid 106033
target_page_id id: 10 tid 106033
0 1 tid 106033
128 6 tid 106033
365 4 tid 106033
492 7 tid 106033
619 10 tid 106033
248 tid 106033
Insert  tid 106033
Remove  tid 106032
FindTargetPageId rootid 5 tid 106033
target_page_id id: 10 tid 106033
0 1 tid 106033
128 6 tid 106033
365 4 tid 106033
492 7 tid 106033
619 10 tid 106033
249 tid 106033
Insert  tid 106033
FindTargetPageId rootid 5 tid 106033
target_page_id id: 10 tid 106033
0 1 tid 106033
128 6 tid 106033
365 4 tid 106033
492 7 tid 106033
619 10 tid 106033
250 tid 106033
Insert  tid 106033
FindTargetPageId rootid 5 tid 106033
target_page_id id: 10 tid 106033
0 1 tid 106033
128 6 tid 106033
365 4 tid 106033
492 7 tid 106033
619 10 tid 106033
251 tid 106033
Insert  tid 106033
FindTargetPageId rootid 5 tid 106033
target_page_id id: 10 tid 106033
0 1 tid 106033
128 6 tid 106033
365 4 tid 106033
492 7 tid 106033
619 10 tid 106033
252 tid 106033
Insert  tid 106033
FindTargetPageId rootid 5 tid 106032
target_page_id id: 10 tid 106032
0 1 tid 106032
128 6 tid 106032
365 4 tid 106032
492 7 tid 106032
619 10 tid 106032
253 tid 106032
Remove  tid 106032
FindTargetPageId rootid 5 tid 106032
target_page_id id: 10 tid 106032
0 1 tid 106032
128 6 tid 106032
365 4 tid 106032
492 7 tid 106032
619 10 tid 106032
252 tid 106032
Remove  tid 106032
FindTargetPageId rootid 5 tid 106032
target_page_id id: 10 tid 106032
0 1 tid 106032
128 6 tid 106032
365 4 tid 106032
492 7 tid 106032
619 10 tid 106032
251 tid 106032
Remove  tid 106032
FindTargetPageId rootid 5 tid 106033
target_page_id id: 10 tid 106033
0 1 tid 106033
128 6 tid 106033
365 4 tid 106033
492 7 tid 106033
619 10 tid 106033
250 tid 106033
Insert  tid 106033
FindTargetPageId rootid 5 tid 106033
target_page_id id: 10 tid 106033
0 1 tid 106033
128 6 tid 106033
365 4 tid 106033
492 7 tid 106033
619 10 tid 106033
251 tid 106033
Insert  tid 106033
FindTargetPageId rootid 5 tid 106033
target_page_id id: 10 tid 106033
0 1 tid 106033
128 6 tid 106033
365 4 tid 106033
492 7 tid 106033
619 10 tid 106033
252 tid 106033
Insert  tid 106033
FindTargetPageId rootid 5 tid 106033
target_page_id id: 10 tid 106033
0 1 tid 106033
128 6 tid 106033
365 4 tid 106033
492 7 tid 106033
619 10 tid 106033
253 tid 106033
Insert  tid 106033
FindTargetPageId rootid 5 tid 106033
target_page_id id: 10 tid 106033
0 1 tid 106033
128 6 tid 106033
365 4 tid 106033
492 7 tid 106033
619 10 tid 106033
254 tid 106033
Insert  tid 106033
FindTargetPageId rootid 5 tid 106032
target_page_id id: 11 tid 106032
0 1 tid 106032
128 6 tid 106032
365 4 tid 106032
492 7 tid 106032
619 10 tid 106032
746 11 tid 106032
128 tid 106032
Remove  tid 106032
FindTargetPageId rootid 5 tid 106033
target_page_id id: 11 tid 106033
0 1 tid 106033
128 6 tid 106033
365 4 tid 106033
492 7 tid 106033
619 10 tid 106033
746 11 tid 106033
127 tid 106033
Insert  tid 106033
FindTargetPageId rootid 5 tid 106032
target_page_id id: 11 tid 106032
0 1 tid 106032
128 6 tid 106032
365 4 tid 106032
492 7 tid 106032
619 10 tid 106032
746 11 tid 106032
128 tid 106032
Remove  tid 106032
FindTargetPageId rootid 5 tid 106032
target_page_id id: 11 tid 106032
0 1 tid 106032
128 6 tid 106032
365 4 tid 106032
492 7 tid 106032
619 10 tid 106032
746 11 tid 106032
127 tid 106032
Remove  tid 106032
FindTargetPageId rootid 5 tid 106033
target_page_id id: 10 tid 106033
0 1 tid 106033
128 6 tid 106033
365 4 tid 106033
492 7 tid 106033
619 10 tid 106033
253 tid 106033
Insert  tid 106033
FindTargetPageId rootid 5 tid 106032
target_page_id id: 10 tid 106032
0 1 tid 106032
128 6 tid 106032
365 4 tid 106032
492 7 tid 106032
619 10 tid 106032
254 tid 106032
Remove  tid 106032
FindTargetPageId rootid 5 tid 106032
target_page_id id: 10 tid 106032
0 1 tid 106032
128 6 tid 106032
365 4 tid 106032
492 7 tid 106032
619 10 tid 106032
253 tid 106032
Remove  tid 106032
FindTargetPageId rootid 5 tid 106032
target_page_id id: 10 tid 106032
0 1 tid 106032
128 6 tid 106032
365 4 tid 106032
492 7 tid 106032
619 10 tid 106032
252 tid 106032
Remove  tid 106032
FindTargetPageId rootid 5 tid 106032
target_page_id id: 10 tid 106032
0 1 tid 106032
128 6 tid 106032
365 4 tid 106032
492 7 tid 106032
619 10 tid 106032
251 tid 106032
Remove  tid 106032
FindTargetPageId rootid 5 tid 106032
target_page_id id: 10 tid 106032
0 1 tid 106032
128 6 tid 106032
365 4 tid 106032
492 7 tid 106032
619 10 tid 106032
250 tid 106032
Remove  tid 106032
FindTargetPageId rootid 5 tid 106033
target_page_id id: 10 tid 106033
0 1 tid 106033
128 6 tid 106033
365 4 tid 106033
492 7 tid 106033
619 10 tid 106033
249 tid 106033
FindTargetPageId rootid 5 tid 106032
target_page_id id: 10 tid 106032
0 1 tid 106032
128 6 tid 106032
365 4 tid 106032
492 7 tid 106032
Insert 619 tid  10 tid 106033106032

250 tid 106032
Remove  tid 106032
FindTargetPageId rootid 5 tid 106032
target_page_id id: 10 tid 106032
0 1 tid 106032
128 6 tid 106032
365 4 tid 106032
492 7 tid 106032
619 10 tid 106032
249 tid 106032
Remove  tid 106032
FindTargetPageId rootid 5 tid 106032
target_page_id id: 10 tid 106032
0 1 tid 106032
128 6 tid 106032
365 4 tid 106032
492 7 tid 106032
619 10 tid 106032
248 tid 106032
FindTargetPageId rootid 5 tid 106033
target_page_id id: 10 tid 106033
0 1 tid 106033
128 6 tid 106033
365 4 tid 106033
492 7 tid 106033
619 10 tid 106033
247 tid 106033
Insert  tid 106033
FindTargetPageId rootid 5 tid 106033
target_page_id id: 10 tid 106033
0 1 tid 106033
128 6 tid 106033
365 4 tid 106033
492 7 tid 106033
619 10 tid 106033
248 tid 106033
Insert  tid 106033
FindTargetPageId rootid 5 tid 106033
target_page_id id: 10 tid 106033
0 1 tid 106033
128 6 tid 106033
365 4 tid 106033
492 7 tid 106033
619 10 tid 106033
249 tid 106033
Insert  tid 106033
FindTargetPageId rootid 5 tid 106033
target_page_id id: 10 tid 106033
0 1 tid 106033
128 6 tid 106033
365 4 tid 106033
492 7 tid 106033
619 10 tid 106033
250 tid 106033
Insert  tid 106033
FindTargetPageId rootid 5 tid 106033
target_page_id id: 10 tid 106033
0 1 tid 106033
128 6 tid 106033
365 4 tid 106033
492 7 tid 106033
619 10 tid 106033
251 tid 106033
Insert  tid 106033
FindTargetPageId rootid 5 tid 106033
target_page_id id: 10 tid 106033
0 1 tid 106033
128 6 tid 106033
365 4 tid 106033
492 7 tid 106033
619 10 tid 106033
252 tid 106033
Insert  tid 106033
FindTargetPageId rootid 5 tid 106033
target_page_id id: 10 tid 106033
0 1 tid 106033
128 6 tid 106033
365 4 tid 106033
492 7 tid 106033
619 10 tid 106033
253 tid 106033
Insert  tid 106033
FindTargetPageId rootid 5 tid 106033
target_page_id id: 10 tid 106033
0 1 tid 106033
128 6 tid 106033
365 4 tid 106033
492 7 tid 106033
619 10 tid 106033
253 tid 106033
Insert  tid 106033
FindTargetPageId rootid 5 tid 106033
target_page_id id: 10 tid 106033
0 1 tid 106033
128 6 tid 106033
365 4 tid 106033
492 7 tid 106033
619 10 tid 106033
253 tid 106033
Insert  tid 106033
FindTargetPageId rootid 5 tid 106033
target_page_id id: 10 tid 106033
0 1 tid 106033
128 6 tid 106033
365 4 tid 106033
492 7 tid 106033
619 10 tid 106033
254 tid 106033
Insert  tid 106033
FindTargetPageId rootid 5 tid 106033
target_page_id id: 12 tid 106033
0 1 tid 106033
128 6 tid 106033
365 4 tid 106033
492 7 tid 106033
619 10 tid 106033
746 12 tid 106033
128 tid 106033
Insert  tid 106033
FindTargetPageId rootid 5 tid 106033
target_page_id id: 12 tid 106033
0 1 tid 106033
128 6 tid 106033
365 4 tid 106033
492 7 tid 106033
619 10 tid 106033
746 12 tid 106033
129 tid 106033
Insert  tid 106033
FindTargetPageId rootid 5 tid 106033
target_page_id id: 12 tid 106033
0 1 tid 106033
128 6 tid 106033
365 4 tid 106033
492 7 tid 106033
619 10 tid 106033
746 12 tid 106033
130 tid 106033
Insert  tid 106033
FindTargetPageId rootid 5 tid 106033
target_page_id id: 12 tid 106033
0 1 tid 106033
128 6 tid 106033
365 4 tid 106033
492 7 tid 106033
619 10 tid 106033
746 12 tid 106033
131 tid 106033
Insert  tid 106033
FindTargetPageId rootid 5 tid 106033
target_page_id id: 12 tid 106033
0 1 tid 106033
128 6 tid 106033
365 4 tid 106033
492 7 tid 106033
619 10 tid 106033
746 12 tid 106033
132 tid 106033
Insert  tid 106033
FindTargetPageId rootid 5 tid 106033
target_page_id id: 12 tid 106033
0 1 tid 106033
128 6 tid 106033
365 4 tid 106033
492 7 tid 106033
619 10 tid 106033
746 12 tid 106033
133 tid 106033
Insert  tid 106033
FindTargetPageId rootid 5 tid 106033
target_page_id id: 12 tid 106033
0 1 tid 106033
128 6 tid 106033
365 4 tid 106033
492 7 tid 106033
619 10 tid 106033
746 12 tid 106033
134 tid 106033
Insert  tid 106033
FindTargetPageId rootid 5 tid 106033
target_page_id id: 12 tid 106033
0 1 tid 106033
128 6 tid 106033
365 4 tid 106033
492 7 tid 106033
619 10 tid 106033
746 12 tid 106033
135 tid 106033
Insert  tid 106033
FindTargetPageId rootid 5 tid 106033
target_page_id id: 12 tid 106033
0 1 tid 106033
128 6 tid 106033
365 4 tid 106033
492 7 tid 106033
619 10 tid 106033
746 12 tid 106033
136 tid 106033
Insert  tid 106033
FindTargetPageId rootid 5 tid 106033
target_page_id id: 12 tid 106033
0 1 tid 106033
128 6 tid 106033
365 4 tid 106033
492 7 tid 106033
619 10 tid 106033
746 12 tid 106033
137 tid 106033
Insert  tid 106033
FindTargetPageId rootid 5 tid 106033
target_page_id id: 12 tid 106033
0 1 tid 106033
128 6 tid 106033
365 4 tid 106033
492 7 tid 106033
619 10 tid 106033
746 12 tid 106033
138 tid 106033
Insert  tid 106033
FindTargetPageId rootid 5 tid 106033
target_page_id id: 12 tid 106033
0 1 tid 106033
128 6 tid 106033
365 4 tid 106033
492 7 tid 106033
619 10 tid 106033
746 12 tid 106033
139 tid 106033
Insert  tid 106033
FindTargetPageId rootid 5 tid 106033
target_page_id id: 12 tid 106033
0 1 tid 106033
128 6 tid 106033
365 4 tid 106033
492 7 tid 106033
619 10 tid 106033
746 12 tid 106033
140 tid 106033
Insert  tid 106033
FindTargetPageId rootid 5 tid 106033
target_page_id id: 12 tid 106033
0 1 tid 106033
128 6 tid 106033
365 4 tid 106033
492 7 tid 106033
619 10 tid 106033
746 12 tid 106033
141 tid 106033
Insert  tid 106033
FindTargetPageId rootid 5 tid 106033
target_page_id id: 12 tid 106033
0 1 tid 106033
128 6 tid 106033
365 4 tid 106033
492 7 tid 106033
619 10 tid 106033
746 12 tid 106033
142 tid 106033
Insert  tid 106033
FindTargetPageId rootid 5 tid 106033
target_page_id id: 12 tid 106033
0 1 tid 106033
128 6 tid 106033
365 4 tid 106033
492 7 tid 106033
619 10 tid 106033
746 12 tid 106033
143 tid 106033
Insert  tid 106033
FindTargetPageId rootid 5 tid 106033
target_page_id id: 12 tid 106033
0 1 tid 106033
128 6 tid 106033
365 4 tid 106033
492 7 tid 106033
619 10 tid 106033
746 12 tid 106033
144 tid 106033
Insert  tid 106033
FindTargetPageId rootid 5 tid 106033
target_page_id id: 12 tid 106033
0 1 tid 106033
128 6 tid 106033
365 4 tid 106033
492 7 tid 106033
619 10 tid 106033
746 12 tid 106033
145 tid 106033
Insert  tid 106033
FindTargetPageId rootid 5 tid 106033
target_page_id id: 12 tid 106033
0 1 tid 106033
128 6 tid 106033
365 4 tid 106033
492 7 tid 106033
619 10 tid 106033
746 12 tid 106033
146 tid 106033
Insert  tid 106033
FindTargetPageId rootid 5 tid 106033
target_page_id id: 12 tid 106033
0 1 tid 106033
128 6 tid 106033
365 4 tid 106033
492 7 tid 106033
619 10 tid 106033
746 12 tid 106033
147 tid 106033
Insert  tid 106033
FindTargetPageId rootid 5 tid 106033
target_page_id id: 12 tid 106033
0 1 tid 106033
128 6 tid 106033
365 4 tid 106033
492 7 tid 106033
619 10 tid 106033
746 12 tid 106033
148 tid 106033
Insert  tid 106033
FindTargetPageId rootid 5 tid 106033
target_page_id id: 12 tid 106033
0 1 tid 106033
128 6 tid 106033
365 4 tid 106033
492 7 tid 106033
619 10 tid 106033
746 12 tid 106033
149 tid 106033
Insert  tid 106033
FindTargetPageId rootid 5 tid 106033
target_page_id id: 12 tid 106033
0 1 tid 106033
128 6 tid 106033
365 4 tid 106033
492 7 tid 106033
619 10 tid 106033
746 12 tid 106033
150 tid 106033
Insert  tid 106033
FindTargetPageId rootid 5 tid 106033
target_page_id id: 12 tid 106033
0 1 tid 106033
128 6 tid 106033
365 4 tid 106033
492 7 tid 106033
619 10 tid 106033
746 12 tid 106033
151 tid 106033
Insert  tid 106033
FindTargetPageId rootid 5 tid 106033
target_page_id id: 12 tid 106033
0 1 tid 106033
128 6 tid 106033
365 4 tid 106033
492 7 tid 106033
619 10 tid 106033
746 12 tid 106033
152 tid 106033
Insert  tid 106033
FindTargetPageId rootid 5 tid 106033
target_page_id id: 12 tid 106033
0 1 tid 106033
128 6 tid 106033
365 4 tid 106033
492 7 tid 106033
619 10 tid 106033
746 12 tid 106033
153 tid 106033
Insert  tid 106033
FindTargetPageId rootid 5 tid 106033
target_page_id id: 12 tid 106033
0 1 tid 106033
128 6 tid 106033
365 4 tid 106033
492 7 tid 106033
619 10 tid 106033
746 12 tid 106033
154 tid 106033
Insert  tid 106033
FindTargetPageId rootid 5 tid 106033
target_page_id id: 12 tid 106033
0 1 tid 106033
128 6 tid 106033
365 4 tid 106033
492 7 tid 106033
619 10 tid 106033
746 12 tid 106033
155 tid 106033
Insert  tid 106033
FindTargetPageId rootid 5 tid 106033
target_page_id id: 12 tid 106033
0 1 tid 106033
128 6 tid 106033
365 4 tid 106033
492 7 tid 106033
619 10 tid 106033
746 12 tid 106033
156 tid 106033
Insert  tid 106033
FindTargetPageId rootid 5 tid 106033
target_page_id id: 12 tid 106033
0 1 tid 106033
128 6 tid 106033
365 4 tid 106033
492 7 tid 106033
619 10 tid 106033
746 12 tid 106033
157 tid 106033
Insert  tid 106033
FindTargetPageId rootid 5 tid 106033
target_page_id id: 12 tid 106033
0 1 tid 106033
128 6 tid 106033
365 4 tid 106033
492 7 tid 106033
619 10 tid 106033
746 12 tid 106033
158 tid 106033
Insert  tid 106033
FindTargetPageId rootid 5 tid 106033
target_page_id id: 12 tid 106033
0 1 tid 106033
128 6 tid 106033
365 4 tid 106033
492 7 tid 106033
619 10 tid 106033
746 12 tid 106033
159 tid 106033
Insert  tid 106033
FindTargetPageId rootid 5 tid 106033
target_page_id id: 12 tid 106033
0 1 tid 106033
128 6 tid 106033
365 4 tid 106033
492 7 tid 106033
619 10 tid 106033
746 12 tid 106033
160 tid 106033
Insert  tid 106033
FindTargetPageId rootid 5 tid 106033
target_page_id id: 12 tid 106033
0 1 tid 106033
128 6 tid 106033
365 4 tid 106033
492 7 tid 106033
619 10 tid 106033
746 12 tid 106033
161 tid 106033
Insert  tid 106033
FindTargetPageId rootid 5 tid 106033
target_page_id id: 12 tid 106033
0 1 tid 106033
128 6 tid 106033
365 4 tid 106033
492 7 tid 106033
619 10 tid 106033
746 12 tid 106033
162 tid 106033
Insert  tid 106033
FindTargetPageId rootid 5 tid 106033
target_page_id id: 12 tid 106033
0 1 tid 106033
128 6 tid 106033
365 4 tid 106033
492 7 tid 106033
619 10 tid 106033
746 12 tid 106033
163 tid 106033
Insert  tid 106033
FindTargetPageId rootid 5 tid 106033
target_page_id id: 12 tid 106033
0 1 tid 106033
128 6 tid 106033
365 4 tid 106033
492 7 tid 106033
619 10 tid 106033
746 12 tid 106033
164 tid 106033
Insert  tid 106033
FindTargetPageId rootid 5 tid 106033
target_page_id id: 12 tid 106033
0 1 tid 106033
128 6 tid 106033
365 4 tid 106033
492 7 tid 106033
619 10 tid 106033
746 12 tid 106033
165 tid 106033
Insert  tid 106033
FindTargetPageId rootid 5 tid 106033
target_page_id id: 12 tid 106033
0 1 tid 106033
128 6 tid 106033
365 4 tid 106033
492 7 tid 106033
619 10 tid 106033
746 12 tid 106033
166 tid 106033
Insert  tid 106033
FindTargetPageId rootid 5 tid 106033
target_page_id id: 12 tid 106033
0 1 tid 106033
128 6 tid 106033
365 4 tid 106033
492 7 tid 106033
619 10 tid 106033
746 12 tid 106033
167 tid 106033
Insert  tid 106033
FindTargetPageId rootid 5 tid 106033
target_page_id id: 12 tid 106033
0 1 tid 106033
128 6 tid 106033
365 4 tid 106033
492 7 tid 106033
619 10 tid 106033
746 12 tid 106033
168 tid 106033
Insert  tid 106033
FindTargetPageId rootid 5 tid 106033
target_page_id id: 12 tid 106033
0 1 tid 106033
128 6 tid 106033
365 4 tid 106033
492 7 tid 106033
619 10 tid 106033
746 12 tid 106033
169 tid 106033
Insert  tid 106033
FindTargetPageId rootid 5 tid 106033
target_page_id id: 12 tid 106033
0 1 tid 106033
128 6 tid 106033
365 4 tid 106033
492 7 tid 106033
619 10 tid 106033
746 12 tid 106033
170 tid 106033
Insert  tid 106033
FindTargetPageId rootid 5 tid 106033
target_page_id id: 12 tid 106033
0 1 tid 106033
128 6 tid 106033
365 4 tid 106033
492 7 tid 106033
619 10 tid 106033
746 12 tid 106033
171 tid 106033
Insert  tid 106033
FindTargetPageId rootid 5 tid 106033
target_page_id id: 12 tid 106033
0 1 tid 106033
128 6 tid 106033
365 4 tid 106033
492 7 tid 106033
619 10 tid 106033
746 12 tid 106033
172 tid 106033
Insert  tid 106033
FindTargetPageId rootid 5 tid 106033
target_page_id id: 12 tid 106033
0 1 tid 106033
128 6 tid 106033
365 4 tid 106033
492 7 tid 106033
619 10 tid 106033
746 12 tid 106033
173 tid 106033
Insert  tid 106033
FindTargetPageId rootid 5 tid 106033
target_page_id id: 12 tid 106033
0 1 tid 106033
128 6 tid 106033
365 4 tid 106033
492 7 tid 106033
619 10 tid 106033
746 12 tid 106033
174 tid 106033
Insert  tid 106033
FindTargetPageId rootid 5 tid 106033
target_page_id id: 12 tid 106033
0 1 tid 106033
128 6 tid 106033
365 4 tid 106033
492 7 tid 106033
619 10 tid 106033
746 12 tid 106033
175 tid 106033
Insert  tid 106033
FindTargetPageId rootid 5 tid 106033
target_page_id id: 12 tid 106033
0 1 tid 106033
128 6 tid 106033
365 4 tid 106033
492 7 tid 106033
619 10 tid 106033
746 12 tid 106033
176 tid 106033
Insert  tid 106033
FindTargetPageId rootid 5 tid 106033
target_page_id id: 12 tid 106033
0 1 tid 106033
128 6 tid 106033
365 4 tid 106033
492 7 tid 106033
619 10 tid 106033
746 12 tid 106033
177 tid 106033
Insert  tid 106033
FindTargetPageId rootid 5 tid 106033
target_page_id id: 12 tid 106033
0 1 tid 106033
128 6 tid 106033
365 4 tid 106033
492 7 tid 106033
619 10 tid 106033
746 12 tid 106033
178 tid 106033
Insert  tid 106033
FindTargetPageId rootid 5 tid 106033
target_page_id id: 12 tid 106033
0 1 tid 106033
128 6 tid 106033
365 4 tid 106033
492 7 tid 106033
619 10 tid 106033
746 12 tid 106033
179 tid 106033
Insert  tid 106033
FindTargetPageId rootid 5 tid 106033
target_page_id id: 12 tid 106033
0 1 tid 106033
128 6 tid 106033
365 4 tid 106033
492 7 tid 106033
619 10 tid 106033
746 12 tid 106033
180 tid 106033
Insert  tid 106033
FindTargetPageId rootid 5 tid 106033
target_page_id id: 12 tid 106033
0 1 tid 106033
128 6 tid 106033
365 4 tid 106033
492 7 tid 106033
619 10 tid 106033
746 12 tid 106033
181 tid 106033
Insert  tid 106033
FindTargetPageId rootid 5 tid 106033
target_page_id id: 12 tid 106033
0 1 tid 106033
128 6 tid 106033
365 4 tid 106033
492 7 tid 106033
619 10 tid 106033
746 12 tid 106033
182 tid 106033
Insert  tid 106033
FindTargetPageId rootid 5 tid 106033
target_page_id id: 12 tid 106033
0 1 tid 106033
128 6 tid 106033
365 4 tid 106033
492 7 tid 106033
619 10 tid 106033
746 12 tid 106033
183 tid 106033
Insert  tid 106033
FindTargetPageId rootid 5 tid 106033
target_page_id id: 12 tid 106033
0 1 tid 106033
128 6 tid 106033
365 4 tid 106033
492 7 tid 106033
619 10 tid 106033
746 12 tid 106033
184 tid 106033
Insert  tid 106033
FindTargetPageId rootid 5 tid 106033
target_page_id id: 12 tid 106033
0 1 tid 106033
128 6 tid 106033
365 4 tid 106033
492 7 tid 106033
619 10 tid 106033
746 12 tid 106033
185 tid 106033
Insert  tid 106033
FindTargetPageId rootid 5 tid 106033
target_page_id id: 12 tid 106033
0 1 tid 106033
128 6 tid 106033
365 4 tid 106033
492 7 tid 106033
619 10 tid 106033
746 12 tid 106033
186 tid 106033
Insert  tid 106033
FindTargetPageId rootid 5 tid 106033
target_page_id id: 12 tid 106033
0 1 tid 106033
128 6 tid 106033
365 4 tid 106033
492 7 tid 106033
619 10 tid 106033
746 12 tid 106033
187 tid 106033
Insert  tid 106033
FindTargetPageId rootid 5 tid 106033
target_page_id id: 12 tid 106033
0 1 tid 106033
128 6 tid 106033
365 4 tid 106033
492 7 tid 106033
619 10 tid 106033
746 12 tid 106033
188 tid 106033
Insert  tid 106033
FindTargetPageId rootid 5 tid 106033
target_page_id id: 12 tid 106033
0 1 tid 106033
128 6 tid 106033
365 4 tid 106033
492 7 tid 106033
619 10 tid 106033
746 12 tid 106033
189 tid 106033
Insert  tid 106033
FindTargetPageId rootid 5 tid 106033
target_page_id id: 12 tid 106033
0 1 tid 106033
128 6 tid 106033
365 4 tid 106033
492 7 tid 106033
619 10 tid 106033
746 12 tid 106033
190 tid 106033
Insert  tid 106033
FindTargetPageId rootid 5 tid 106033
target_page_id id: 12 tid 106033
0 1 tid 106033
128 6 tid 106033
365 4 tid 106033
492 7 tid 106033
619 10 tid 106033
746 12 tid 106033
191 tid 106033
Insert  tid 106033
FindTargetPageId rootid 5 tid 106033
target_page_id id: 12 tid 106033
0 1 tid 106033
128 6 tid 106033
365 4 tid 106033
492 7 tid 106033
619 10 tid 106033
746 12 tid 106033
192 tid 106033
Insert  tid 106033
FindTargetPageId rootid 5 tid 106033
target_page_id id: 12 tid 106033
0 1 tid 106033
128 6 tid 106033
365 4 tid 106033
492 7 tid 106033
619 10 tid 106033
746 12 tid 106033
193 tid 106033
Insert  tid 106033
FindTargetPageId rootid 5 tid 106033
target_page_id id: 12 tid 106033
0 1 tid 106033
128 6 tid 106033
365 4 tid 106033
492 7 tid 106033
619 10 tid 106033
746 12 tid 106033
194 tid 106033
Insert  tid 106033
FindTargetPageId rootid 5 tid 106033
target_page_id id: 12 tid 106033
0 1 tid 106033
128 6 tid 106033
365 4 tid 106033
492 7 tid 106033
619 10 tid 106033
746 12 tid 106033
195 tid 106033
Insert  tid 106033
FindTargetPageId rootid 5 tid 106033
target_page_id id: 12 tid 106033
0 1 tid 106033
128 6 tid 106033
365 4 tid 106033
492 7 tid 106033
619 10 tid 106033
746 12 tid 106033
196 tid 106033
Insert  tid 106033
FindTargetPageId rootid 5 tid 106033
target_page_id id: 12 tid 106033
0 1 tid 106033
128 6 tid 106033
365 4 tid 106033
492 7 tid 106033
619 10 tid 106033
746 12 tid 106033
197 tid 106033
Insert  tid 106033
FindTargetPageId rootid 5 tid 106033
target_page_id id: 12 tid 106033
0 1 tid 106033
128 6 tid 106033
365 4 tid 106033
492 7 tid 106033
619 10 tid 106033
746 12 tid 106033
198 tid 106033
Insert  tid 106033
FindTargetPageId rootid 5 tid 106033
target_page_id id: 12 tid 106033
0 1 tid 106033
128 6 tid 106033
365 4 tid 106033
492 7 tid 106033
619 10 tid 106033
746 12 tid 106033
199 tid 106033
Insert  tid 106033
FindTargetPageId rootid 5 tid 106033
target_page_id id: 12 tid 106033
0 1 tid 106033
128 6 tid 106033
365 4 tid 106033
492 7 tid 106033
619 10 tid 106033
746 12 tid 106033
200 tid 106033
Insert  tid 106033
FindTargetPageId rootid 5 tid 106033
target_page_id id: 12 tid 106033
0 1 tid 106033
128 6 tid 106033
365 4 tid 106033
492 7 tid 106033
619 10 tid 106033
746 12 tid 106033
201 tid 106033
Insert  tid 106033
FindTargetPageId rootid 5 tid 106033
target_page_id id: 12 tid 106033
0 1 tid 106033
128 6 tid 106033
365 4 tid 106033
492 7 tid 106033
619 10 tid 106033
746 12 tid 106033
202 tid 106033
Insert  tid 106033
FindTargetPageId rootid 5 tid 106033
target_page_id id: 12 tid 106033
0 1 tid 106033
128 6 tid 106033
365 4 tid 106033
492 7 tid 106033
619 10 tid 106033
746 12 tid 106033
203 tid 106033
Insert  tid 106033
FindTargetPageId rootid 5 tid 106033
target_page_id id: 12 tid 106033
0 1 tid 106033
128 6 tid 106033
365 4 tid 106033
492 7 tid 106033
619 10 tid 106033
746 12 tid 106033
204 tid 106033
Insert  tid 106033
FindTargetPageId rootid 5 tid 106033
target_page_id id: 12 tid 106033
0 1 tid 106033
128 6 tid 106033
365 4 tid 106033
492 7 tid 106033
619 10 tid 106033
746 12 tid 106033
205 tid 106033
Insert  tid 106033
FindTargetPageId rootid 5 tid 106033
target_page_id id: 12 tid 106033
0 1 tid 106033
128 6 tid 106033
365 4 tid 106033
492 7 tid 106033
619 10 tid 106033
746 12 tid 106033
206 tid 106033
Insert  tid 106033
FindTargetPageId rootid 5 tid 106033
target_page_id id: 12 tid 106033
0 1 tid 106033
128 6 tid 106033
365 4 tid 106033
492 7 tid 106033
619 10 tid 106033
746 12 tid 106033
207 tid 106033
Insert  tid 106033
FindTargetPageId rootid 5 tid 106033
target_page_id id: 12 tid 106033
0 1 tid 106033
128 6 tid 106033
365 4 tid 106033
492 7 tid 106033
619 10 tid 106033
746 12 tid 106033
208 tid 106033
Insert  tid 106033
FindTargetPageId rootid 5 tid 106033
target_page_id id: 12 tid 106033
0 1 tid 106033
128 6 tid 106033
365 4 tid 106033
492 7 tid 106033
619 10 tid 106033
746 12 tid 106033
209 tid 106033
Insert  tid 106033
FindTargetPageId rootid 5 tid 106033
target_page_id id: 12 tid 106033
0 1 tid 106033
128 6 tid 106033
365 4 tid 106033
492 7 tid 106033
619 10 tid 106033
746 12 tid 106033
210 tid 106033
Insert  tid 106033
FindTargetPageId rootid 5 tid 106033
target_page_id id: 12 tid 106033
0 1 tid 106033
128 6 tid 106033
365 4 tid 106033
492 7 tid 106033
619 10 tid 106033
746 12 tid 106033
211 tid 106033
Insert  tid 106033
FindTargetPageId rootid 5 tid 106033
target_page_id id: 12 tid 106033
0 1 tid 106033
128 6 tid 106033
365 4 tid 106033
492 7 tid 106033
619 10 tid 106033
746 12 tid 106033
212 tid 106033
Insert  tid 106033
FindTargetPageId rootid 5 tid 106033
target_page_id id: 12 tid 106033
0 1 tid 106033
128 6 tid 106033
365 4 tid 106033
492 7 tid 106033
619 10 tid 106033
746 12 tid 106033
213 tid 106033
Insert  tid 106033
FindTargetPageId rootid 5 tid 106033
target_page_id id: 12 tid 106033
0 1 tid 106033
128 6 tid 106033
365 4 tid 106033
492 7 tid 106033
619 10 tid 106033
746 12 tid 106033
214 tid 106033
Insert  tid 106033
FindTargetPageId rootid 5 tid 106033
target_page_id id: 12 tid 106033
0 1 tid 106033
128 6 tid 106033
365 4 tid 106033
492 7 tid 106033
619 10 tid 106033
746 12 tid 106033
215 tid 106033
Insert  tid 106033
FindTargetPageId rootid 5 tid 106033
target_page_id id: 12 tid 106033
0 1 tid 106033
128 6 tid 106033
365 4 tid 106033
492 7 tid 106033
619 10 tid 106033
746 12 tid 106033
216 tid 106033
Insert  tid 106033
FindTargetPageId rootid 5 tid 106033
target_page_id id: 12 tid 106033
0 1 tid 106033
128 6 tid 106033
365 4 tid 106033
492 7 tid 106033
619 10 tid 106033
746 12 tid 106033
217 tid 106033
Insert  tid 106033
FindTargetPageId rootid 5 tid 106033
target_page_id id: 12 tid 106033
0 1 tid 106033
128 6 tid 106033
365 4 tid 106033
492 7 tid 106033
619 10 tid 106033
746 12 tid 106033
218 tid 106033
Insert  tid 106033
FindTargetPageId rootid 5 tid 106033
target_page_id id: 12 tid 106033
0 1 tid 106033
128 6 tid 106033
365 4 tid 106033
492 7 tid 106033
619 10 tid 106033
746 12 tid 106033
219 tid 106033
Insert  tid 106033
FindTargetPageId rootid 5 tid 106033
target_page_id id: 12 tid 106033
0 1 tid 106033
128 6 tid 106033
365 4 tid 106033
492 7 tid 106033
619 10 tid 106033
746 12 tid 106033
220 tid 106033
Insert  tid 106033
FindTargetPageId rootid 5 tid 106033
target_page_id id: 12 tid 106033
0 1 tid 106033
128 6 tid 106033
365 4 tid 106033
492 7 tid 106033
619 10 tid 106033
746 12 tid 106033
221 tid 106033
Insert  tid 106033
FindTargetPageId rootid 5 tid 106033
target_page_id id: 12 tid 106033
0 1 tid 106033
128 6 tid 106033
365 4 tid 106033
492 7 tid 106033
619 10 tid 106033
746 12 tid 106033
222 tid 106033
Insert  tid 106033
FindTargetPageId rootid 5 tid 106033
target_page_id id: 12 tid 106033
0 1 tid 106033
128 6 tid 106033
365 4 tid 106033
492 7 tid 106033
619 10 tid 106033
746 12 tid 106033
223 tid 106033
Insert  tid 106033
FindTargetPageId rootid 5 tid 106033
target_page_id id: 12 tid 106033
0 1 tid 106033
128 6 tid 106033
365 4 tid 106033
492 7 tid 106033
619 10 tid 106033
746 12 tid 106033
224 tid 106033
Insert  tid 106033
FindTargetPageId rootid 5 tid 106033
target_page_id id: 12 tid 106033
0 1 tid 106033
128 6 tid 106033
365 4 tid 106033
492 7 tid 106033
619 10 tid 106033
746 12 tid 106033
225 tid 106033
Insert  tid 106033
FindTargetPageId rootid 5 tid 106033
target_page_id id: 12 tid 106033
0 1 tid 106033
128 6 tid 106033
365 4 tid 106033
492 7 tid 106033
619 10 tid 106033
746 12 tid 106033
226 tid 106033
Insert  tid 106033
FindTargetPageId rootid 5 tid 106033
target_page_id id: 12 tid 106033
0 1 tid 106033
128 6 tid 106033
365 4 tid 106033
492 7 tid 106033
619 10 tid 106033
746 12 tid 106033
227 tid 106033
Insert  tid 106033
FindTargetPageId rootid 5 tid 106033
target_page_id id: 12 tid 106033
0 1 tid 106033
128 6 tid 106033
365 4 tid 106033
492 7 tid 106033
619 10 tid 106033
746 12 tid 106033
228 tid 106033
Insert  tid 106033
FindTargetPageId rootid 5 tid 106033
target_page_id id: 12 tid 106033
0 1 tid 106033
128 6 tid 106033
365 4 tid 106033
492 7 tid 106033
619 10 tid 106033
746 12 tid 106033
229 tid 106033
Insert  tid 106033
FindTargetPageId rootid 5 tid 106033
target_page_id id: 12 tid 106033
0 1 tid 106033
128 6 tid 106033
365 4 tid 106033
492 7 tid 106033
619 10 tid 106033
746 12 tid 106033
230 tid 106033
Insert  tid 106033
FindTargetPageId rootid 5 tid 106033
target_page_id id: 12 tid 106033
0 1 tid 106033
128 6 tid 106033
365 4 tid 106033
492 7 tid 106033
619 10 tid 106033
746 12 tid 106033
231 tid 106033
Insert  tid 106033
FindTargetPageId rootid 5 tid 106033
target_page_id id: 12 tid 106033
0 1 tid 106033
128 6 tid 106033
365 4 tid 106033
492 7 tid 106033
619 10 tid 106033
746 12 tid 106033
232 tid 106033
Insert  tid 106033
FindTargetPageId rootid 5 tid 106033
target_page_id id: 12 tid 106033
0 1 tid 106033
128 6 tid 106033
365 4 tid 106033
492 7 tid 106033
619 10 tid 106033
746 12 tid 106033
233 tid 106033
Insert  tid 106033
FindTargetPageId rootid 5 tid 106033
target_page_id id: 12 tid 106033
0 1 tid 106033
128 6 tid 106033
365 4 tid 106033
492 7 tid 106033
619 10 tid 106033
746 12 tid 106033
234 tid 106033
Insert  tid 106033
FindTargetPageId rootid 5 tid 106033
target_page_id id: 12 tid 106033
0 1 tid 106033
128 6 tid 106033
365 4 tid 106033
492 7 tid 106033
619 10 tid 106033
746 12 tid 106033
235 tid 106033
Insert  tid 106033
FindTargetPageId rootid 5 tid 106033
target_page_id id: 12 tid 106033
0 1 tid 106033
128 6 tid 106033
365 4 tid 106033
492 7 tid 106033
619 10 tid 106033
746 12 tid 106033
236 tid 106033
Insert  tid 106033
FindTargetPageId rootid 5 tid 106033
target_page_id id: 12 tid 106033
0 1 tid 106033
128 6 tid 106033
365 4 tid 106033
492 7 tid 106033
619 10 tid 106033
746 12 tid 106033
237 tid 106033
Insert  tid 106033
FindTargetPageId rootid 5 tid 106033
target_page_id id: 12 tid 106033
0 1 tid 106033
128 6 tid 106033
365 4 tid 106033
492 7 tid 106033
619 10 tid 106033
746 12 tid 106033
238 tid 106033
Insert  tid 106033
FindTargetPageId rootid 5 tid 106033
target_page_id id: 12 tid 106033
0 1 tid 106033
128 6 tid 106033
365 4 tid 106033
492 7 tid 106033
619 10 tid 106033
746 12 tid 106033
239 tid 106033
Insert  tid 106033
FindTargetPageId rootid 5 tid 106033
target_page_id id: 12 tid 106033
0 1 tid 106033
128 6 tid 106033
365 4 tid 106033
492 7 tid 106033
619 10 tid 106033
746 12 tid 106033
240 tid 106033
Insert  tid 106033
FindTargetPageId rootid 5 tid 106033
target_page_id id: 12 tid 106033
0 1 tid 106033
128 6 tid 106033
365 4 tid 106033
492 7 tid 106033
619 10 tid 106033
746 12 tid 106033
241 tid 106033
Insert  tid 106033
FindTargetPageId rootid 5 tid 106033
target_page_id id: 12 tid 106033
0 1 tid 106033
128 6 tid 106033
365 4 tid 106033
492 7 tid 106033
619 10 tid 106033
746 12 tid 106033
242 tid 106033
Insert  tid 106033
FindTargetPageId rootid 5 tid 106033
target_page_id id: 12 tid 106033
0 1 tid 106033
128 6 tid 106033
365 4 tid 106033
492 7 tid 106033
619 10 tid 106033
746 12 tid 106033
243 tid 106033
Insert  tid 106033
FindTargetPageId rootid 5 tid 106033
target_page_id id: 12 tid 106033
0 1 tid 106033
128 6 tid 106033
365 4 tid 106033
492 7 tid 106033
619 10 tid 106033
746 12 tid 106033
244 tid 106033
Insert  tid 106033
FindTargetPageId rootid 5 tid 106033
target_page_id id: 12 tid 106033
0 1 tid 106033
128 6 tid 106033
365 4 tid 106033
492 7 tid 106033
619 10 tid 106033
746 12 tid 106033
245 tid 106033
Insert  tid 106033
FindTargetPageId rootid 5 tid 106033
target_page_id id: 12 tid 106033
0 1 tid 106033
128 6 tid 106033
365 4 tid 106033
492 7 tid 106033
619 10 tid 106033
746 12 tid 106033
246 tid 106033
Insert  tid 106033
FindTargetPageId rootid 5 tid 106033
target_page_id id: 12 tid 106033
0 1 tid 106033
128 6 tid 106033
365 4 tid 106033
492 7 tid 106033
619 10 tid 106033
746 12 tid 106033
247 tid 106033
Insert  tid 106033
FindTargetPageId rootid 5 tid 106033
target_page_id id: 12 tid 106033
0 1 tid 106033
128 6 tid 106033
365 4 tid 106033
492 7 tid 106033
619 10 tid 106033
746 12 tid 106033
248 tid 106033
Insert  tid 106033
FindTargetPageId rootid 5 tid 106033
target_page_id id: 12 tid 106033
0 1 tid 106033
128 6 tid 106033
365 4 tid 106033
492 7 tid 106033
619 10 tid 106033
746 12 tid 106033
249 tid 106033
Insert  tid 106033
FindTargetPageId rootid 5 tid 106033
target_page_id id: 12 tid 106033
0 1 tid 106033
128 6 tid 106033
365 4 tid 106033
492 7 tid 106033
619 10 tid 106033
746 12 tid 106033
250 tid 106033
Insert  tid 106033
FindTargetPageId rootid 5 tid 106033
target_page_id id: 12 tid 106033
0 1 tid 106033
128 6 tid 106033
365 4 tid 106033
492 7 tid 106033
619 10 tid 106033
746 12 tid 106033
251 tid 106033
Insert  tid 106033
FindTargetPageId rootid 5 tid 106033
target_page_id id: 12 tid 106033
0 1 tid 106033
128 6 tid 106033
365 4 tid 106033
492 7 tid 106033
619 10 tid 106033
746 12 tid 106033
252 tid 106033
Insert  tid 106033
FindTargetPageId rootid 5 tid 106033
target_page_id id: 12 tid 106033
0 1 tid 106033
128 6 tid 106033
365 4 tid 106033
492 7 tid 106033
619 10 tid 106033
746 12 tid 106033
253 tid 106033
Insert  tid 106033
FindTargetPageId rootid 5 tid 106033
target_page_id id: 12 tid 106033
0 1 tid 106033
128 6 tid 106033
365 4 tid 106033
492 7 tid 106033
619 10 tid 106033
746 12 tid 106033
254 tid 106033
[       OK ] BPlusTreeConcurrentTest.MixTest2 (4597 ms)
[----------] 1 test from BPlusTreeConcurrentTest (4597 ms total)

[----------] Global test environment tear-down
[==========] 1 test from 1 test suite ran. (4597 ms total)
[  PASSED  ] 1 test.

  YOU HAVE 5 DISABLED TESTS

